layer at (0,0) size 2066x2400
  RenderView at (0,0) size 785x585
layer at (0,0) size 785x2400
  RenderBlock {HTML} at (0,0) size 785x2401
    RenderBody {BODY} at (8,8) size 769x2385
      RenderBlock {H2} at (0,0) size 769x27
        RenderText {#text} at (0,0) size 138x26
          text run at (0,0) width 138: "word-spacing"
      RenderBlock (floating) {PRE} at (0,59) size 1004x169
        RenderBlock {H3} at (0,15) size 1004x18
          RenderText {#text} at (0,0) size 204x17
            text run at (0,0) width 204: "In a floated pre"
        RenderBlock (anonymous) at (0,47) size 1004x121
          RenderText {#text} at (0,0) size 260x30
            text run at (0,0) width 0: " "
            text run at (0,15) width 260: "Word   spacing test "
          RenderInline {EM} at (0,0) size 24x15
            RenderText {#text} at (260,15) size 24x15
              text run at (260,15) width 24: "for"
          RenderText {#text} at (304,15) size 8x15
            text run at (304,15) width 8: " "
          RenderInline {STRONG} at (0,0) size 64x15
            RenderText {#text} at (312,15) size 64x15
              text run at (312,15) width 64: "elements"
          RenderText {#text} at (396,15) size 8x15
            text run at (396,15) width 8: " "
          RenderInline {TT} at (0,0) size 48x15
            RenderText {#text} at (404,15) size 48x15
              text run at (404,15) width 48: "within"
          RenderText {#text} at (472,15) size 624x30
            text run at (472,15) width 132: " elements too."
            text run at (624,15) width 0: " "
            text run at (0,30) width 260: "Word   spacing test "
          RenderInline {EM} at (0,0) size 24x15
            RenderText {#text} at (260,30) size 24x15
              text run at (260,30) width 24: "for"
          RenderText {#text} at (304,30) size 8x15
            text run at (304,30) width 8: " "
          RenderInline {STRONG} at (0,0) size 64x15
            RenderText {#text} at (312,30) size 64x15
              text run at (312,30) width 64: "elements"
          RenderText {#text} at (396,30) size 8x15
            text run at (396,30) width 8: " "
          RenderInline {TT} at (0,0) size 48x15
            RenderText {#text} at (404,30) size 48x15
              text run at (404,30) width 48: "within"
          RenderText {#text} at (472,30) size 100x15
            text run at (472,30) width 100: " elements "
          RenderText {#text} at (572,30) size 1072x30
            text run at (572,30) width 480: " too. (with comment between elements and too)"
            text run at (1072,30) width 0: " "
            text run at (0,45) width 260: "Word   spacing test "
          RenderInline {EM} at (0,0) size 24x15
            RenderText {#text} at (260,45) size 24x15
              text run at (260,45) width 24: "for"
          RenderText {#text} at (304,45) size 8x15
            text run at (304,45) width 8: " "
          RenderInline {STRONG} at (0,0) size 64x15
            RenderText {#text} at (312,45) size 64x15
              text run at (312,45) width 64: "elements"
          RenderText {#text} at (396,45) size 8x15
            text run at (396,45) width 8: " "
          RenderInline {TT} at (0,0) size 48x15
            RenderText {#text} at (404,45) size 48x15
              text run at (404,45) width 48: "within"
          RenderText {#text} at (472,45) size 72x15
            text run at (472,45) width 72: " elements"
          RenderText {#text} at (564,45) size 1300x30
            text run at (564,45) width 716: " too. (with comment (no preceeding space) between elements and too)"
            text run at (1300,45) width 0: " "
            text run at (0,60) width 260: "Word   spacing test "
          RenderInline {EM} at (0,0) size 24x15
            RenderText {#text} at (260,60) size 24x15
              text run at (260,60) width 24: "for"
          RenderText {#text} at (304,60) size 8x15
            text run at (304,60) width 8: " "
          RenderInline {STRONG} at (0,0) size 64x15
            RenderText {#text} at (312,60) size 64x15
              text run at (312,60) width 64: "elements"
          RenderText {#text} at (396,60) size 8x15
            text run at (396,60) width 8: " "
          RenderInline {TT} at (0,0) size 48x15
            RenderText {#text} at (404,60) size 48x15
              text run at (404,60) width 48: "within"
          RenderText {#text} at (472,60) size 100x15
            text run at (472,60) width 100: " elements "
          RenderText {#text} at (572,60) size 712x15
            text run at (572,60) width 692: "too. (with comment (no trailing space) between elements and too)"
            text run at (1284,60) width 0: " "
          RenderInline {SPAN} at (0,0) size 376x15
            RenderText {#text} at (0,75) size 260x15
              text run at (0,75) width 260: "Word   spacing test "
            RenderInline {EM} at (0,0) size 24x15
              RenderText {#text} at (260,75) size 24x15
                text run at (260,75) width 24: "for"
            RenderText {#text} at (304,75) size 8x15
              text run at (304,75) width 8: " "
            RenderInline {STRONG} at (0,0) size 64x15
              RenderText {#text} at (312,75) size 64x15
                text run at (312,75) width 64: "elements"
          RenderText {#text} at (396,75) size 8x15
            text run at (396,75) width 8: " "
          RenderInline {TT} at (0,0) size 48x15
            RenderText {#text} at (404,75) size 48x15
              text run at (404,75) width 48: "within"
          RenderText {#text} at (472,75) size 1116x30
            text run at (472,75) width 624: " elements too. (with monospace font from Word to elements)"
            text run at (1116,75) width 0: " "
            text run at (0,90) width 260: "Word   spacing test "
          RenderInline {SPAN} at (0,0) size 192x15
            RenderInline {EM} at (0,0) size 24x15
              RenderText {#text} at (260,90) size 24x15
                text run at (260,90) width 24: "for"
            RenderText {#text} at (304,90) size 8x15
              text run at (304,90) width 8: " "
            RenderInline {STRONG} at (0,0) size 64x15
              RenderText {#text} at (312,90) size 64x15
                text run at (312,90) width 64: "elements"
            RenderText {#text} at (396,90) size 8x15
              text run at (396,90) width 8: " "
            RenderInline {TT} at (0,0) size 48x15
              RenderText {#text} at (404,90) size 48x15
                text run at (404,90) width 48: "within"
          RenderText {#text} at (472,90) size 1092x30
            text run at (472,90) width 600: " elements too. (with monospace font from for to within)"
            text run at (1092,90) width 0: " "
            text run at (0,105) width 260: "Word   spacing test "
          RenderInline {EM} at (0,0) size 24x15
            RenderText {#text} at (260,105) size 24x15
              text run at (260,105) width 24: "for"
          RenderText {#text} at (304,105) size 8x15
            text run at (304,105) width 8: " "
          RenderInline {STRONG} at (0,0) size 64x15
            RenderText {#text} at (312,105) size 64x15
              text run at (312,105) width 64: "elements"
          RenderText {#text} at (396,105) size 8x15
            text run at (396,105) width 8: " "
          RenderInline {SPAN} at (0,0) size 192x15
            RenderInline {TT} at (0,0) size 48x15
              RenderText {#text} at (404,105) size 48x15
                text run at (404,105) width 48: "within"
            RenderText {#text} at (472,105) size 124x15
              text run at (472,105) width 124: " elements too"
          RenderText {#text} at (596,105) size 512x15
            text run at (596,105) width 492: ". (with monospace font from elements to too)"
            text run at (1108,105) width 0: " "
      RenderBlock (anonymous) at (0,46) size 769x194
        RenderBR {BR} at (1004,0) size 0x17
      RenderBlock {PRE} at (0,255) size 769x153
        RenderBlock {H3} at (0,0) size 769x17
          RenderText {#text} at (0,0) size 240x17
            text run at (0,0) width 240: "In an un-floated pre"
        RenderBlock (anonymous) at (0,32) size 769x121
          RenderText {#text} at (0,0) size 260x30
            text run at (0,0) width 0: " "
            text run at (0,15) width 260: "Word   spacing test "
          RenderInline {EM} at (0,0) size 24x15
            RenderText {#text} at (260,15) size 24x15
              text run at (260,15) width 24: "for"
          RenderText {#text} at (304,15) size 8x15
            text run at (304,15) width 8: " "
          RenderInline {STRONG} at (0,0) size 64x15
            RenderText {#text} at (312,15) size 64x15
              text run at (312,15) width 64: "elements"
          RenderText {#text} at (396,15) size 8x15
            text run at (396,15) width 8: " "
          RenderInline {TT} at (0,0) size 48x15
            RenderText {#text} at (404,15) size 48x15
              text run at (404,15) width 48: "within"
          RenderText {#text} at (472,15) size 624x30
            text run at (472,15) width 132: " elements too."
            text run at (624,15) width 0: " "
            text run at (0,30) width 260: "Word   spacing test "
          RenderInline {EM} at (0,0) size 24x15
            RenderText {#text} at (260,30) size 24x15
              text run at (260,30) width 24: "for"
          RenderText {#text} at (304,30) size 8x15
            text run at (304,30) width 8: " "
          RenderInline {STRONG} at (0,0) size 64x15
            RenderText {#text} at (312,30) size 64x15
              text run at (312,30) width 64: "elements"
          RenderText {#text} at (396,30) size 8x15
            text run at (396,30) width 8: " "
          RenderInline {TT} at (0,0) size 48x15
            RenderText {#text} at (404,30) size 48x15
              text run at (404,30) width 48: "within"
          RenderText {#text} at (472,30) size 100x15
            text run at (472,30) width 100: " elements "
          RenderText {#text} at (572,30) size 1072x30
            text run at (572,30) width 480: " too. (with comment between elements and too)"
            text run at (1072,30) width 0: " "
            text run at (0,45) width 260: "Word   spacing test "
          RenderInline {EM} at (0,0) size 24x15
            RenderText {#text} at (260,45) size 24x15
              text run at (260,45) width 24: "for"
          RenderText {#text} at (304,45) size 8x15
            text run at (304,45) width 8: " "
          RenderInline {STRONG} at (0,0) size 64x15
            RenderText {#text} at (312,45) size 64x15
              text run at (312,45) width 64: "elements"
          RenderText {#text} at (396,45) size 8x15
            text run at (396,45) width 8: " "
          RenderInline {TT} at (0,0) size 48x15
            RenderText {#text} at (404,45) size 48x15
              text run at (404,45) width 48: "within"
          RenderText {#text} at (472,45) size 72x15
            text run at (472,45) width 72: " elements"
          RenderText {#text} at (564,45) size 1300x30
            text run at (564,45) width 716: " too. (with comment (no preceeding space) between elements and too)"
            text run at (1300,45) width 0: " "
            text run at (0,60) width 260: "Word   spacing test "
          RenderInline {EM} at (0,0) size 24x15
            RenderText {#text} at (260,60) size 24x15
              text run at (260,60) width 24: "for"
          RenderText {#text} at (304,60) size 8x15
            text run at (304,60) width 8: " "
          RenderInline {STRONG} at (0,0) size 64x15
            RenderText {#text} at (312,60) size 64x15
              text run at (312,60) width 64: "elements"
          RenderText {#text} at (396,60) size 8x15
            text run at (396,60) width 8: " "
          RenderInline {TT} at (0,0) size 48x15
            RenderText {#text} at (404,60) size 48x15
              text run at (404,60) width 48: "within"
          RenderText {#text} at (472,60) size 100x15
            text run at (472,60) width 100: " elements "
          RenderText {#text} at (572,60) size 712x15
            text run at (572,60) width 692: "too. (with comment (no trailing space) between elements and too)"
            text run at (1284,60) width 0: " "
          RenderInline {SPAN} at (0,0) size 376x15
            RenderText {#text} at (0,75) size 260x15
              text run at (0,75) width 260: "Word   spacing test "
            RenderInline {EM} at (0,0) size 24x15
              RenderText {#text} at (260,75) size 24x15
                text run at (260,75) width 24: "for"
            RenderText {#text} at (304,75) size 8x15
              text run at (304,75) width 8: " "
            RenderInline {STRONG} at (0,0) size 64x15
              RenderText {#text} at (312,75) size 64x15
                text run at (312,75) width 64: "elements"
          RenderText {#text} at (396,75) size 8x15
            text run at (396,75) width 8: " "
          RenderInline {TT} at (0,0) size 48x15
            RenderText {#text} at (404,75) size 48x15
              text run at (404,75) width 48: "within"
          RenderText {#text} at (472,75) size 1116x30
            text run at (472,75) width 624: " elements too. (with monospace font from Word to elements)"
            text run at (1116,75) width 0: " "
            text run at (0,90) width 260: "Word   spacing test "
          RenderInline {SPAN} at (0,0) size 192x15
            RenderInline {EM} at (0,0) size 24x15
              RenderText {#text} at (260,90) size 24x15
                text run at (260,90) width 24: "for"
            RenderText {#text} at (304,90) size 8x15
              text run at (304,90) width 8: " "
            RenderInline {STRONG} at (0,0) size 64x15
              RenderText {#text} at (312,90) size 64x15
                text run at (312,90) width 64: "elements"
            RenderText {#text} at (396,90) size 8x15
              text run at (396,90) width 8: " "
            RenderInline {TT} at (0,0) size 48x15
              RenderText {#text} at (404,90) size 48x15
                text run at (404,90) width 48: "within"
          RenderText {#text} at (472,90) size 1092x30
            text run at (472,90) width 600: " elements too. (with monospace font from for to within)"
            text run at (1092,90) width 0: " "
            text run at (0,105) width 260: "Word   spacing test "
          RenderInline {EM} at (0,0) size 24x15
            RenderText {#text} at (260,105) size 24x15
              text run at (260,105) width 24: "for"
          RenderText {#text} at (304,105) size 8x15
            text run at (304,105) width 8: " "
          RenderInline {STRONG} at (0,0) size 64x15
            RenderText {#text} at (312,105) size 64x15
              text run at (312,105) width 64: "elements"
          RenderText {#text} at (396,105) size 8x15
            text run at (396,105) width 8: " "
          RenderInline {SPAN} at (0,0) size 192x15
            RenderInline {TT} at (0,0) size 48x15
              RenderText {#text} at (404,105) size 48x15
                text run at (404,105) width 48: "within"
            RenderText {#text} at (472,105) size 124x15
              text run at (472,105) width 124: " elements too"
          RenderText {#text} at (596,105) size 512x15
            text run at (596,105) width 492: ". (with monospace font from elements to too)"
            text run at (1108,105) width 0: " "
      RenderBlock (anonymous) at (0,420) size 769x0
        RenderInline {SPAN} at (0,0) size 0x0
          RenderText {#text} at (0,0) size 0x0
      RenderBlock (anonymous) at (0,426) size 769x23
        RenderBlock {H3} at (0,0) size 769x22
          RenderText {#text} at (0,0) size 117x21
            text run at (0,0) width 117: "In a span"
      RenderBlock (anonymous) at (0,466) size 769x271
        RenderInline {SPAN} at (0,0) size 752x233
          RenderText {#text} at (0,0) size 176x17
            text run at (0,0) width 59: "Word "
            text run at (58,0) width 118: "spacing test "
          RenderInline {EM} at (0,0) size 19x17
            RenderText {#text} at (175,0) size 19x17
              text run at (175,0) width 19: "for"
          RenderText {#text} at (213,0) size 5x17
            text run at (213,0) width 5: " "
          RenderInline {STRONG} at (0,0) size 59x17
            RenderText {#text} at (217,0) size 59x17
              text run at (217,0) width 59: "elements"
          RenderText {#text} at (295,0) size 5x17
            text run at (295,0) width 5: " "
          RenderInline {TT} at (0,0) size 49x15
            RenderText {#text} at (299,3) size 49x15
              text run at (299,3) width 49: "within"
          RenderText {#text} at (367,0) size 108x17
            text run at (367,0) width 108: " elements too."
          RenderBR {BR} at (474,0) size 1x17
          RenderText {#text} at (0,18) size 176x17
            text run at (0,18) width 59: "Word "
            text run at (58,18) width 118: "spacing test "
          RenderInline {EM} at (0,0) size 19x17
            RenderText {#text} at (175,18) size 19x17
              text run at (175,18) width 19: "for"
          RenderText {#text} at (213,18) size 5x17
            text run at (213,18) width 5: " "
          RenderInline {STRONG} at (0,0) size 59x17
            RenderText {#text} at (217,18) size 59x17
              text run at (217,18) width 59: "elements"
          RenderText {#text} at (295,18) size 5x17
            text run at (295,18) width 5: " "
          RenderInline {TT} at (0,0) size 49x15
            RenderText {#text} at (299,21) size 49x15
              text run at (299,21) width 49: "within"
          RenderText {#text} at (367,18) size 84x17
            text run at (367,18) width 84: " elements "
          RenderText {#text} at (450,18) size 691x35
            text run at (450,18) width 241: "too. (with comment between"
            text run at (0,36) width 151: "elements and too)"
          RenderBR {BR} at (151,36) size 0x17
          RenderText {#text} at (0,54) size 176x17
            text run at (0,54) width 59: "Word "
            text run at (58,54) width 118: "spacing test "
          RenderInline {EM} at (0,0) size 19x17
            RenderText {#text} at (175,54) size 19x17
              text run at (175,54) width 19: "for"
          RenderText {#text} at (213,54) size 5x17
            text run at (213,54) width 5: " "
          RenderInline {STRONG} at (0,0) size 59x17
            RenderText {#text} at (217,54) size 59x17
              text run at (217,54) width 59: "elements"
          RenderText {#text} at (295,54) size 5x17
            text run at (295,54) width 5: " "
          RenderInline {TT} at (0,0) size 49x15
            RenderText {#text} at (299,57) size 49x15
              text run at (299,57) width 49: "within"
          RenderText {#text} at (367,54) size 60x17
            text run at (367,54) width 60: " elements"
          RenderText {#text} at (446,54) size 752x35
            text run at (446,54) width 306: " too. (with comment (no preceeding"
            text run at (0,72) width 292: "space) between elements and too)"
          RenderBR {BR} at (292,72) size 0x17
          RenderText {#text} at (0,90) size 176x17
            text run at (0,90) width 59: "Word "
            text run at (58,90) width 118: "spacing test "
          RenderInline {EM} at (0,0) size 19x17
            RenderText {#text} at (175,90) size 19x17
              text run at (175,90) width 19: "for"
          RenderText {#text} at (213,90) size 5x17
            text run at (213,90) width 5: " "
          RenderInline {STRONG} at (0,0) size 59x17
            RenderText {#text} at (217,90) size 59x17
              text run at (217,90) width 59: "elements"
          RenderText {#text} at (295,90) size 5x17
            text run at (295,90) width 5: " "
          RenderInline {TT} at (0,0) size 49x15
            RenderText {#text} at (299,93) size 49x15
              text run at (299,93) width 49: "within"
          RenderText {#text} at (367,90) size 84x17
            text run at (367,90) width 84: " elements "
          RenderText {#text} at (450,90) size 727x35
            text run at (450,90) width 277: "too. (with comment (no trailing"
            text run at (0,108) width 292: "space) between elements and too)"
          RenderBR {BR} at (292,108) size 0x17
          RenderInline {SPAN} at (0,0) size 320x15
            RenderText {#text} at (0,129) size 204x15
              text run at (0,129) width 60: "Word "
              text run at (60,129) width 144: "spacing test "
            RenderInline {EM} at (0,0) size 24x15
              RenderText {#text} at (204,129) size 24x15
                text run at (204,129) width 24: "for"
            RenderText {#text} at (248,129) size 8x15
              text run at (248,129) width 8: " "
            RenderInline {STRONG} at (0,0) size 64x15
              RenderText {#text} at (256,129) size 64x15
                text run at (256,129) width 64: "elements"
          RenderText {#text} at (340,126) size 4x17
            text run at (340,126) width 4: " "
          RenderInline {TT} at (0,0) size 48x15
            RenderText {#text} at (344,129) size 48x15
              text run at (344,129) width 48: "within"
          RenderText {#text} at (412,126) size 720x35
            text run at (412,126) width 308: " elements too. (with monospace font"
            text run at (0,144) width 209: "from Word to elements)"
          RenderBR {BR} at (208,144) size 1x17
          RenderText {#text} at (0,162) size 176x17
            text run at (0,162) width 59: "Word "
            text run at (58,162) width 118: "spacing test "
          RenderInline {SPAN} at (0,0) size 193x15
            RenderInline {EM} at (0,0) size 25x15
              RenderText {#text} at (175,165) size 25x15
                text run at (175,165) width 25: "for"
            RenderText {#text} at (219,165) size 9x15
              text run at (219,165) width 9: " "
            RenderInline {STRONG} at (0,0) size 65x15
              RenderText {#text} at (227,165) size 65x15
                text run at (227,165) width 65: "elements"
            RenderText {#text} at (311,165) size 9x15
              text run at (311,165) width 9: " "
            RenderInline {TT} at (0,0) size 49x15
              RenderText {#text} at (319,165) size 49x15
                text run at (319,165) width 49: "within"
          RenderText {#text} at (387,162) size 750x35
            text run at (387,162) width 363: " elements too. (with monospace font from"
            text run at (0,180) width 123: "for to within)"
          RenderBR {BR} at (123,180) size 0x17
          RenderText {#text} at (0,198) size 176x17
            text run at (0,198) width 59: "Word "
            text run at (58,198) width 118: "spacing test "
          RenderInline {EM} at (0,0) size 19x17
            RenderText {#text} at (175,198) size 19x17
              text run at (175,198) width 19: "for"
          RenderText {#text} at (213,198) size 5x17
            text run at (213,198) width 5: " "
          RenderInline {STRONG} at (0,0) size 59x17
            RenderText {#text} at (217,198) size 59x17
              text run at (217,198) width 59: "elements"
          RenderText {#text} at (295,198) size 5x17
            text run at (295,198) width 5: " "
          RenderInline {SPAN} at (0,0) size 193x15
            RenderInline {TT} at (0,0) size 49x15
              RenderText {#text} at (299,201) size 49x15
                text run at (299,201) width 49: "within"
            RenderText {#text} at (367,201) size 125x15
              text run at (367,201) width 125: " elements too"
          RenderText {#text} at (491,198) size 751x35
            text run at (491,198) width 260: ". (with monospace font from"
            text run at (0,216) width 164: "elements to too) "
        RenderText {#text} at (0,0) size 0x0
        RenderBR {BR} at (0,0) size 0x0
        RenderBR {BR} at (0,234) size 0x17
        RenderBR {BR} at (0,252) size 0x17
      RenderBlock {H2} at (0,756) size 769x28
        RenderText {#text} at (0,0) size 141x26
          text run at (0,0) width 141: "letter-spacing"
      RenderBlock (floating) {PRE} at (0,816) size 1209x168
        RenderBlock {H3} at (0,15) size 1209x18
          RenderText {#text} at (0,0) size 224x17
            text run at (0,0) width 224: "In a floated pre"
        RenderBlock (anonymous) at (0,47) size 1209x121
          RenderText {#text} at (0,0) size 286x30
            text run at (0,0) width 0: " "
            text run at (0,15) width 286: "Letter   spacing test "
          RenderInline {EM} at (0,0) size 39x15
            RenderText {#text} at (286,15) size 39x15
              text run at (286,15) width 39: "for"
          RenderText {#text} at (325,15) size 13x15
            text run at (325,15) width 13: " "
          RenderInline {STRONG} at (0,0) size 104x15
            RenderText {#text} at (338,15) size 104x15
              text run at (338,15) width 104: "elements"
          RenderText {#text} at (442,15) size 13x15
            text run at (442,15) width 13: " "
          RenderInline {TT} at (0,0) size 78x15
            RenderText {#text} at (455,15) size 78x15
              text run at (455,15) width 78: "within"
          RenderText {#text} at (533,15) size 715x30
            text run at (533,15) width 182: " elements too."
            text run at (715,15) width 0: " "
            text run at (0,30) width 286: "Letter   spacing test "
          RenderInline {EM} at (0,0) size 39x15
            RenderText {#text} at (286,30) size 39x15
              text run at (286,30) width 39: "for"
          RenderText {#text} at (325,30) size 13x15
            text run at (325,30) width 13: " "
          RenderInline {STRONG} at (0,0) size 104x15
            RenderText {#text} at (338,30) size 104x15
              text run at (338,30) width 104: "elements"
          RenderText {#text} at (442,30) size 13x15
            text run at (442,30) width 13: " "
          RenderInline {TT} at (0,0) size 78x15
            RenderText {#text} at (455,30) size 78x15
              text run at (455,30) width 78: "within"
          RenderText {#text} at (533,30) size 130x15
            text run at (533,30) width 130: " elements "
          RenderText {#text} at (663,30) size 1248x30
            text run at (663,30) width 585: " too. (with comment between elements and too)"
            text run at (1248,30) width 0: " "
            text run at (0,45) width 286: "Letter   spacing test "
          RenderInline {EM} at (0,0) size 39x15
            RenderText {#text} at (286,45) size 39x15
              text run at (286,45) width 39: "for"
          RenderText {#text} at (325,45) size 13x15
            text run at (325,45) width 13: " "
          RenderInline {STRONG} at (0,0) size 104x15
            RenderText {#text} at (338,45) size 104x15
              text run at (338,45) width 104: "elements"
          RenderText {#text} at (442,45) size 13x15
            text run at (442,45) width 13: " "
          RenderInline {TT} at (0,0) size 78x15
            RenderText {#text} at (455,45) size 78x15
              text run at (455,45) width 78: "within"
          RenderText {#text} at (533,45) size 117x15
            text run at (533,45) width 117: " elements"
          RenderText {#text} at (650,45) size 1521x30
            text run at (650,45) width 871: " too. (with comment (no preceeding space) between elements and too)"
            text run at (1521,45) width 0: " "
            text run at (0,60) width 286: "Letter   spacing test "
          RenderInline {EM} at (0,0) size 39x15
            RenderText {#text} at (286,60) size 39x15
              text run at (286,60) width 39: "for"
          RenderText {#text} at (325,60) size 13x15
            text run at (325,60) width 13: " "
          RenderInline {STRONG} at (0,0) size 104x15
            RenderText {#text} at (338,60) size 104x15
              text run at (338,60) width 104: "elements"
          RenderText {#text} at (442,60) size 13x15
            text run at (442,60) width 13: " "
          RenderInline {TT} at (0,0) size 78x15
            RenderText {#text} at (455,60) size 78x15
              text run at (455,60) width 78: "within"
          RenderText {#text} at (533,60) size 130x15
            text run at (533,60) width 130: " elements "
          RenderText {#text} at (663,60) size 832x15
            text run at (663,60) width 832: "too. (with comment (no trailing space) between elements and too)"
            text run at (1495,60) width 0: " "
          RenderInline {SPAN} at (0,0) size 442x15
            RenderText {#text} at (0,75) size 286x15
              text run at (0,75) width 286: "Letter   spacing test "
            RenderInline {EM} at (0,0) size 39x15
              RenderText {#text} at (286,75) size 39x15
                text run at (286,75) width 39: "for"
            RenderText {#text} at (325,75) size 13x15
              text run at (325,75) width 13: " "
            RenderInline {STRONG} at (0,0) size 104x15
              RenderText {#text} at (338,75) size 104x15
                text run at (338,75) width 104: "elements"
          RenderText {#text} at (442,75) size 13x15
            text run at (442,75) width 13: " "
          RenderInline {TT} at (0,0) size 78x15
            RenderText {#text} at (455,75) size 78x15
              text run at (455,75) width 78: "within"
          RenderText {#text} at (533,75) size 1313x30
            text run at (533,75) width 780: " elements too. (with monospace font from Letter to elements)"
            text run at (1313,75) width 0: " "
            text run at (0,90) width 286: "Letter   spacing test "
          RenderInline {SPAN} at (0,0) size 247x15
            RenderInline {EM} at (0,0) size 39x15
              RenderText {#text} at (286,90) size 39x15
                text run at (286,90) width 39: "for"
            RenderText {#text} at (325,90) size 13x15
              text run at (325,90) width 13: " "
            RenderInline {STRONG} at (0,0) size 104x15
              RenderText {#text} at (338,90) size 104x15
                text run at (338,90) width 104: "elements"
            RenderText {#text} at (442,90) size 13x15
              text run at (442,90) width 13: " "
            RenderInline {TT} at (0,0) size 78x15
              RenderText {#text} at (455,90) size 78x15
                text run at (455,90) width 78: "within"
          RenderText {#text} at (533,90) size 1248x30
            text run at (533,90) width 715: " elements too. (with monospace font from for to within)"
            text run at (1248,90) width 0: " "
            text run at (0,105) width 286: "Letter   spacing test "
          RenderInline {EM} at (0,0) size 39x15
            RenderText {#text} at (286,105) size 39x15
              text run at (286,105) width 39: "for"
          RenderText {#text} at (325,105) size 13x15
            text run at (325,105) width 13: " "
          RenderInline {STRONG} at (0,0) size 104x15
            RenderText {#text} at (338,105) size 104x15
              text run at (338,105) width 104: "elements"
          RenderText {#text} at (442,105) size 13x15
            text run at (442,105) width 13: " "
          RenderInline {SPAN} at (0,0) size 247x15
            RenderInline {TT} at (0,0) size 78x15
              RenderText {#text} at (455,105) size 78x15
                text run at (455,105) width 78: "within"
            RenderText {#text} at (533,105) size 169x15
              text run at (533,105) width 169: " elements too"
          RenderText {#text} at (702,105) size 572x15
            text run at (702,105) width 572: ". (with monospace font from elements to too)"
            text run at (1274,105) width 0: " "
      RenderBlock (anonymous) at (0,803) size 769x194
        RenderBR {BR} at (1209,0) size 0x17
      RenderBlock {PRE} at (0,1011) size 769x153
        RenderBlock {H3} at (0,0) size 769x17
          RenderText {#text} at (0,0) size 280x17
            text run at (0,0) width 280: "In an un-floated pre"
        RenderBlock (anonymous) at (0,32) size 769x121
          RenderText {#text} at (0,0) size 286x30
            text run at (0,0) width 0: " "
            text run at (0,15) width 286: "Letter   spacing test "
          RenderInline {EM} at (0,0) size 39x15
            RenderText {#text} at (286,15) size 39x15
              text run at (286,15) width 39: "for"
          RenderText {#text} at (325,15) size 13x15
            text run at (325,15) width 13: " "
          RenderInline {STRONG} at (0,0) size 104x15
            RenderText {#text} at (338,15) size 104x15
              text run at (338,15) width 104: "elements"
          RenderText {#text} at (442,15) size 13x15
            text run at (442,15) width 13: " "
          RenderInline {TT} at (0,0) size 78x15
            RenderText {#text} at (455,15) size 78x15
              text run at (455,15) width 78: "within"
          RenderText {#text} at (533,15) size 715x30
            text run at (533,15) width 182: " elements too."
            text run at (715,15) width 0: " "
            text run at (0,30) width 286: "Letter   spacing test "
          RenderInline {EM} at (0,0) size 39x15
            RenderText {#text} at (286,30) size 39x15
              text run at (286,30) width 39: "for"
          RenderText {#text} at (325,30) size 13x15
            text run at (325,30) width 13: " "
          RenderInline {STRONG} at (0,0) size 104x15
            RenderText {#text} at (338,30) size 104x15
              text run at (338,30) width 104: "elements"
          RenderText {#text} at (442,30) size 13x15
            text run at (442,30) width 13: " "
          RenderInline {TT} at (0,0) size 78x15
            RenderText {#text} at (455,30) size 78x15
              text run at (455,30) width 78: "within"
          RenderText {#text} at (533,30) size 130x15
            text run at (533,30) width 130: " elements "
          RenderText {#text} at (663,30) size 1248x30
            text run at (663,30) width 585: " too. (with comment between elements and too)"
            text run at (1248,30) width 0: " "
            text run at (0,45) width 286: "Letter   spacing test "
          RenderInline {EM} at (0,0) size 39x15
            RenderText {#text} at (286,45) size 39x15
              text run at (286,45) width 39: "for"
          RenderText {#text} at (325,45) size 13x15
            text run at (325,45) width 13: " "
          RenderInline {STRONG} at (0,0) size 104x15
            RenderText {#text} at (338,45) size 104x15
              text run at (338,45) width 104: "elements"
          RenderText {#text} at (442,45) size 13x15
            text run at (442,45) width 13: " "
          RenderInline {TT} at (0,0) size 78x15
            RenderText {#text} at (455,45) size 78x15
              text run at (455,45) width 78: "within"
          RenderText {#text} at (533,45) size 117x15
            text run at (533,45) width 117: " elements"
          RenderText {#text} at (650,45) size 1521x30
            text run at (650,45) width 871: " too. (with comment (no preceeding space) between elements and too)"
            text run at (1521,45) width 0: " "
            text run at (0,60) width 286: "Letter   spacing test "
          RenderInline {EM} at (0,0) size 39x15
            RenderText {#text} at (286,60) size 39x15
              text run at (286,60) width 39: "for"
          RenderText {#text} at (325,60) size 13x15
            text run at (325,60) width 13: " "
          RenderInline {STRONG} at (0,0) size 104x15
            RenderText {#text} at (338,60) size 104x15
              text run at (338,60) width 104: "elements"
          RenderText {#text} at (442,60) size 13x15
            text run at (442,60) width 13: " "
          RenderInline {TT} at (0,0) size 78x15
            RenderText {#text} at (455,60) size 78x15
              text run at (455,60) width 78: "within"
          RenderText {#text} at (533,60) size 130x15
            text run at (533,60) width 130: " elements "
          RenderText {#text} at (663,60) size 832x15
            text run at (663,60) width 832: "too. (with comment (no trailing space) between elements and too)"
            text run at (1495,60) width 0: " "
          RenderInline {SPAN} at (0,0) size 442x15
            RenderText {#text} at (0,75) size 286x15
              text run at (0,75) width 286: "Letter   spacing test "
            RenderInline {EM} at (0,0) size 39x15
              RenderText {#text} at (286,75) size 39x15
                text run at (286,75) width 39: "for"
            RenderText {#text} at (325,75) size 13x15
              text run at (325,75) width 13: " "
            RenderInline {STRONG} at (0,0) size 104x15
              RenderText {#text} at (338,75) size 104x15
                text run at (338,75) width 104: "elements"
          RenderText {#text} at (442,75) size 13x15
            text run at (442,75) width 13: " "
          RenderInline {TT} at (0,0) size 78x15
            RenderText {#text} at (455,75) size 78x15
              text run at (455,75) width 78: "within"
          RenderText {#text} at (533,75) size 1313x30
            text run at (533,75) width 780: " elements too. (with monospace font from Letter to elements)"
            text run at (1313,75) width 0: " "
            text run at (0,90) width 286: "Letter   spacing test "
          RenderInline {SPAN} at (0,0) size 247x15
            RenderInline {EM} at (0,0) size 39x15
              RenderText {#text} at (286,90) size 39x15
                text run at (286,90) width 39: "for"
            RenderText {#text} at (325,90) size 13x15
              text run at (325,90) width 13: " "
            RenderInline {STRONG} at (0,0) size 104x15
              RenderText {#text} at (338,90) size 104x15
                text run at (338,90) width 104: "elements"
            RenderText {#text} at (442,90) size 13x15
              text run at (442,90) width 13: " "
            RenderInline {TT} at (0,0) size 78x15
              RenderText {#text} at (455,90) size 78x15
                text run at (455,90) width 78: "within"
          RenderText {#text} at (533,90) size 1248x30
            text run at (533,90) width 715: " elements too. (with monospace font from for to within)"
            text run at (1248,90) width 0: " "
            text run at (0,105) width 286: "Letter   spacing test "
          RenderInline {EM} at (0,0) size 39x15
            RenderText {#text} at (286,105) size 39x15
              text run at (286,105) width 39: "for"
          RenderText {#text} at (325,105) size 13x15
            text run at (325,105) width 13: " "
          RenderInline {STRONG} at (0,0) size 104x15
            RenderText {#text} at (338,105) size 104x15
              text run at (338,105) width 104: "elements"
          RenderText {#text} at (442,105) size 13x15
            text run at (442,105) width 13: " "
          RenderInline {SPAN} at (0,0) size 247x15
            RenderInline {TT} at (0,0) size 78x15
              RenderText {#text} at (455,105) size 78x15
                text run at (455,105) width 78: "within"
            RenderText {#text} at (533,105) size 169x15
              text run at (533,105) width 169: " elements too"
          RenderText {#text} at (702,105) size 572x15
            text run at (702,105) width 572: ". (with monospace font from elements to too)"
            text run at (1274,105) width 0: " "
      RenderBlock (anonymous) at (0,1176) size 769x19
        RenderBR {BR} at (0,0) size 0x17
        RenderInline {SPAN} at (0,0) size 0x0
          RenderText {#text} at (0,0) size 0x0
      RenderBlock (anonymous) at (0,1213) size 769x23
        RenderBlock {H3} at (0,0) size 769x22
          RenderText {#text} at (0,0) size 122x21
            text run at (0,0) width 122: "In a span"
      RenderBlock (anonymous) at (0,1254) size 769x271
        RenderInline {SPAN} at (0,0) size 727x233
          RenderText {#text} at (0,0) size 218x17
            text run at (0,0) width 76: "Letter "
            text run at (76,0) width 142: "spacing test "
          RenderInline {EM} at (0,0) size 33x17
            RenderText {#text} at (218,0) size 33x17
              text run at (218,0) width 33: "for"
          RenderText {#text} at (251,0) size 9x17
            text run at (251,0) width 9: " "
          RenderInline {STRONG} at (0,0) size 98x17
            RenderText {#text} at (260,0) size 98x17
              text run at (260,0) width 98: "elements"
          RenderText {#text} at (358,0) size 9x17
            text run at (358,0) width 9: " "
          RenderInline {TT} at (0,0) size 78x15
            RenderText {#text} at (367,3) size 78x15
              text run at (367,3) width 78: "within"
          RenderText {#text} at (445,0) size 157x17
            text run at (445,0) width 157: " elements too."
          RenderBR {BR} at (602,0) size 0x17
          RenderText {#text} at (0,18) size 218x17
            text run at (0,18) width 76: "Letter "
            text run at (76,18) width 142: "spacing test "
          RenderInline {EM} at (0,0) size 33x17
            RenderText {#text} at (218,18) size 33x17
              text run at (218,18) width 33: "for"
          RenderText {#text} at (251,18) size 9x17
            text run at (251,18) width 9: " "
          RenderInline {STRONG} at (0,0) size 98x17
            RenderText {#text} at (260,18) size 98x17
              text run at (260,18) width 98: "elements"
          RenderText {#text} at (358,18) size 9x17
            text run at (358,18) width 9: " "
          RenderInline {TT} at (0,0) size 78x15
            RenderText {#text} at (367,21) size 78x15
              text run at (367,21) width 78: "within"
          RenderText {#text} at (445,18) size 113x17
            text run at (445,18) width 113: " elements "
          RenderText {#text} at (558,18) size 669x35
            text run at (558,18) width 111: "too. (with"
            text run at (0,36) width 395: "comment between elements and too)"
          RenderBR {BR} at (395,36) size 0x17
          RenderText {#text} at (0,54) size 218x17
            text run at (0,54) width 76: "Letter "
            text run at (76,54) width 142: "spacing test "
          RenderInline {EM} at (0,0) size 33x17
            RenderText {#text} at (218,54) size 33x17
              text run at (218,54) width 33: "for"
          RenderText {#text} at (251,54) size 9x17
            text run at (251,54) width 9: " "
          RenderInline {STRONG} at (0,0) size 98x17
            RenderText {#text} at (260,54) size 98x17
              text run at (260,54) width 98: "elements"
          RenderText {#text} at (358,54) size 9x17
            text run at (358,54) width 9: " "
          RenderInline {TT} at (0,0) size 78x15
            RenderText {#text} at (367,57) size 78x15
              text run at (367,57) width 78: "within"
          RenderText {#text} at (445,54) size 104x17
            text run at (445,54) width 104: " elements"
          RenderText {#text} at (549,54) size 669x35
            text run at (549,54) width 120: " too. (with"
            text run at (0,72) width 647: "comment (no preceeding space) between elements and too)"
          RenderBR {BR} at (647,72) size 0x17
          RenderText {#text} at (0,90) size 218x17
            text run at (0,90) width 76: "Letter "
            text run at (76,90) width 142: "spacing test "
          RenderInline {EM} at (0,0) size 33x17
            RenderText {#text} at (218,90) size 33x17
              text run at (218,90) width 33: "for"
          RenderText {#text} at (251,90) size 9x17
            text run at (251,90) width 9: " "
          RenderInline {STRONG} at (0,0) size 98x17
            RenderText {#text} at (260,90) size 98x17
              text run at (260,90) width 98: "elements"
          RenderText {#text} at (358,90) size 9x17
            text run at (358,90) width 9: " "
          RenderInline {TT} at (0,0) size 78x15
            RenderText {#text} at (367,93) size 78x15
              text run at (367,93) width 78: "within"
          RenderText {#text} at (445,90) size 113x17
            text run at (445,90) width 113: " elements "
          RenderText {#text} at (558,90) size 669x35
            text run at (558,90) width 111: "too. (with"
            text run at (0,108) width 612: "comment (no trailing space) between elements and too)"
          RenderBR {BR} at (612,108) size 0x17
          RenderInline {SPAN} at (0,0) size 416x15
            RenderText {#text} at (0,129) size 260x15
              text run at (0,129) width 91: "Letter "
              text run at (91,129) width 169: "spacing test "
            RenderInline {EM} at (0,0) size 39x15
              RenderText {#text} at (260,129) size 39x15
                text run at (260,129) width 39: "for"
            RenderText {#text} at (299,129) size 13x15
              text run at (299,129) width 13: " "
            RenderInline {STRONG} at (0,0) size 104x15
              RenderText {#text} at (312,129) size 104x15
                text run at (312,129) width 104: "elements"
          RenderText {#text} at (416,126) size 9x17
            text run at (416,126) width 9: " "
          RenderInline {TT} at (0,0) size 78x15
            RenderText {#text} at (425,129) size 78x15
              text run at (425,129) width 78: "within"
          RenderText {#text} at (503,126) size 727x35
            text run at (503,126) width 224: " elements too. (with"
            text run at (0,144) width 450: "monospace font from Letter to elements)"
          RenderBR {BR} at (450,144) size 0x17
          RenderText {#text} at (0,162) size 218x17
            text run at (0,162) width 76: "Letter "
            text run at (76,162) width 142: "spacing test "
          RenderInline {SPAN} at (0,0) size 247x15
            RenderInline {EM} at (0,0) size 39x15
              RenderText {#text} at (218,165) size 39x15
                text run at (218,165) width 39: "for"
            RenderText {#text} at (257,165) size 13x15
              text run at (257,165) width 13: " "
            RenderInline {STRONG} at (0,0) size 104x15
              RenderText {#text} at (270,165) size 104x15
                text run at (270,165) width 104: "elements"
            RenderText {#text} at (374,165) size 13x15
              text run at (374,165) width 13: " "
            RenderInline {TT} at (0,0) size 78x15
              RenderText {#text} at (387,165) size 78x15
                text run at (387,165) width 78: "within"
          RenderText {#text} at (465,162) size 689x35
            text run at (465,162) width 224: " elements too. (with"
            text run at (0,180) width 391: "monospace font from for to within)"
          RenderBR {BR} at (391,180) size 0x17
          RenderText {#text} at (0,198) size 218x17
            text run at (0,198) width 76: "Letter "
            text run at (76,198) width 142: "spacing test "
          RenderInline {EM} at (0,0) size 33x17
            RenderText {#text} at (218,198) size 33x17
              text run at (218,198) width 33: "for"
          RenderText {#text} at (251,198) size 9x17
            text run at (251,198) width 9: " "
          RenderInline {STRONG} at (0,0) size 98x17
            RenderText {#text} at (260,198) size 98x17
              text run at (260,198) width 98: "elements"
          RenderText {#text} at (358,198) size 9x17
            text run at (358,198) width 9: " "
          RenderInline {SPAN} at (0,0) size 247x15
            RenderInline {TT} at (0,0) size 78x15
              RenderText {#text} at (367,201) size 78x15
                text run at (367,201) width 78: "within"
            RenderText {#text} at (445,201) size 169x15
              text run at (445,201) width 169: " elements too"
          RenderText {#text} at (614,198) size 690x35
            text run at (614,198) width 76: ". (with"
            text run at (0,216) width 427: "monospace font from elements to too) "
        RenderText {#text} at (0,0) size 0x0
        RenderBR {BR} at (0,0) size 0x0
        RenderBR {BR} at (0,234) size 0x17
        RenderBR {BR} at (0,252) size 0x17
      RenderBlock {H2} at (0,1544) size 769x28
        RenderText {#text} at (0,0) size 131x26
          text run at (0,0) width 131: "both-spacing"
      RenderBlock (floating) {PRE} at (0,1604) size 1469x168
        RenderBlock {H3} at (0,15) size 1469x18
          RenderText {#text} at (0,0) size 284x17
            text run at (0,0) width 284: "In a floated pre"
        RenderBlock (anonymous) at (0,47) size 1469x121
          RenderText {#text} at (0,0) size 543x30
            text run at (0,0) width 0: " "
            text run at (0,15) width 543: "Word and letter   spacing test "
          RenderInline {EM} at (0,0) size 39x15
            RenderText {#text} at (543,15) size 39x15
              text run at (543,15) width 39: "for"
          RenderText {#text} at (602,15) size 13x15
            text run at (602,15) width 13: " "
          RenderInline {STRONG} at (0,0) size 104x15
            RenderText {#text} at (615,15) size 104x15
              text run at (615,15) width 104: "elements"
          RenderText {#text} at (739,15) size 13x15
            text run at (739,15) width 13: " "
          RenderInline {TT} at (0,0) size 78x15
            RenderText {#text} at (752,15) size 78x15
              text run at (752,15) width 78: "within"
          RenderText {#text} at (850,15) size 1072x30
            text run at (850,15) width 202: " elements too."
            text run at (1072,15) width 0: " "
            text run at (0,30) width 543: "Word and letter   spacing test "
          RenderInline {EM} at (0,0) size 39x15
            RenderText {#text} at (543,30) size 39x15
              text run at (543,30) width 39: "for"
          RenderText {#text} at (602,30) size 13x15
            text run at (602,30) width 13: " "
          RenderInline {STRONG} at (0,0) size 104x15
            RenderText {#text} at (615,30) size 104x15
              text run at (615,30) width 104: "elements"
          RenderText {#text} at (739,30) size 13x15
            text run at (739,30) width 13: " "
          RenderInline {TT} at (0,0) size 78x15
            RenderText {#text} at (752,30) size 78x15
              text run at (752,30) width 78: "within"
          RenderText {#text} at (850,30) size 150x15
            text run at (850,30) width 150: " elements "
          RenderText {#text} at (1000,30) size 1725x30
            text run at (1000,30) width 705: " too. (with comment between elements and too)"
            text run at (1725,30) width 0: " "
            text run at (0,45) width 543: "Word and letter   spacing test "
          RenderInline {EM} at (0,0) size 39x15
            RenderText {#text} at (543,45) size 39x15
              text run at (543,45) width 39: "for"
          RenderText {#text} at (602,45) size 13x15
            text run at (602,45) width 13: " "
          RenderInline {STRONG} at (0,0) size 104x15
            RenderText {#text} at (615,45) size 104x15
              text run at (615,45) width 104: "elements"
          RenderText {#text} at (739,45) size 13x15
            text run at (739,45) width 13: " "
          RenderInline {TT} at (0,0) size 78x15
            RenderText {#text} at (752,45) size 78x15
              text run at (752,45) width 78: "within"
          RenderText {#text} at (850,45) size 117x15
            text run at (850,45) width 117: " elements"
          RenderText {#text} at (987,45) size 2058x30
            text run at (987,45) width 1051: " too. (with comment (no preceeding space) between elements and too)"
            text run at (2058,45) width 0: " "
            text run at (0,60) width 543: "Word and letter   spacing test "
          RenderInline {EM} at (0,0) size 39x15
            RenderText {#text} at (543,60) size 39x15
              text run at (543,60) width 39: "for"
          RenderText {#text} at (602,60) size 13x15
            text run at (602,60) width 13: " "
          RenderInline {STRONG} at (0,0) size 104x15
            RenderText {#text} at (615,60) size 104x15
              text run at (615,60) width 104: "elements"
          RenderText {#text} at (739,60) size 13x15
            text run at (739,60) width 13: " "
          RenderInline {TT} at (0,0) size 78x15
            RenderText {#text} at (752,60) size 78x15
              text run at (752,60) width 78: "within"
          RenderText {#text} at (850,60) size 150x15
            text run at (850,60) width 150: " elements "
          RenderText {#text} at (1000,60) size 1032x15
            text run at (1000,60) width 1012: "too. (with comment (no trailing space) between elements and too)"
            text run at (2032,60) width 0: " "
          RenderInline {SPAN} at (0,0) size 719x15
            RenderText {#text} at (0,75) size 543x15
              text run at (0,75) width 543: "Word and letter   spacing test "
            RenderInline {EM} at (0,0) size 39x15
              RenderText {#text} at (543,75) size 39x15
                text run at (543,75) width 39: "for"
            RenderText {#text} at (602,75) size 13x15
              text run at (602,75) width 13: " "
            RenderInline {STRONG} at (0,0) size 104x15
              RenderText {#text} at (615,75) size 104x15
                text run at (615,75) width 104: "elements"
          RenderText {#text} at (739,75) size 13x15
            text run at (739,75) width 13: " "
          RenderInline {TT} at (0,0) size 78x15
            RenderText {#text} at (752,75) size 78x15
              text run at (752,75) width 78: "within"
          RenderText {#text} at (850,75) size 1784x30
            text run at (850,75) width 914: " elements too. (with monospace font from Word to elements)"
            text run at (1784,75) width 0: " "
            text run at (0,90) width 543: "Word and letter   spacing test "
          RenderInline {SPAN} at (0,0) size 287x15
            RenderInline {EM} at (0,0) size 39x15
              RenderText {#text} at (543,90) size 39x15
                text run at (543,90) width 39: "for"
            RenderText {#text} at (602,90) size 13x15
              text run at (602,90) width 13: " "
            RenderInline {STRONG} at (0,0) size 104x15
              RenderText {#text} at (615,90) size 104x15
                text run at (615,90) width 104: "elements"
            RenderText {#text} at (739,90) size 13x15
              text run at (739,90) width 13: " "
            RenderInline {TT} at (0,0) size 78x15
              RenderText {#text} at (752,90) size 78x15
                text run at (752,90) width 78: "within"
          RenderText {#text} at (850,90) size 1745x30
            text run at (850,90) width 875: " elements too. (with monospace font from for to within)"
            text run at (1745,90) width 0: " "
            text run at (0,105) width 543: "Word and letter   spacing test "
          RenderInline {EM} at (0,0) size 39x15
            RenderText {#text} at (543,105) size 39x15
              text run at (543,105) width 39: "for"
          RenderText {#text} at (602,105) size 13x15
            text run at (602,105) width 13: " "
          RenderInline {STRONG} at (0,0) size 104x15
            RenderText {#text} at (615,105) size 104x15
              text run at (615,105) width 104: "elements"
          RenderText {#text} at (739,105) size 13x15
            text run at (739,105) width 13: " "
          RenderInline {SPAN} at (0,0) size 287x15
            RenderInline {TT} at (0,0) size 78x15
              RenderText {#text} at (752,105) size 78x15
                text run at (752,105) width 78: "within"
            RenderText {#text} at (850,105) size 189x15
              text run at (850,105) width 189: " elements too"
          RenderText {#text} at (1039,105) size 732x15
            text run at (1039,105) width 712: ". (with monospace font from elements to too)"
            text run at (1771,105) width 0: " "
      RenderBlock (anonymous) at (0,1591) size 769x194
        RenderBR {BR} at (1469,0) size 0x17
      RenderBlock {PRE} at (0,1799) size 769x153
        RenderBlock {H3} at (0,0) size 769x17
          RenderText {#text} at (0,0) size 340x17
            text run at (0,0) width 340: "In an un-floated pre"
        RenderBlock (anonymous) at (0,32) size 769x121
          RenderText {#text} at (0,0) size 543x30
            text run at (0,0) width 0: " "
            text run at (0,15) width 543: "Word and letter   spacing test "
          RenderInline {EM} at (0,0) size 39x15
            RenderText {#text} at (543,15) size 39x15
              text run at (543,15) width 39: "for"
          RenderText {#text} at (602,15) size 13x15
            text run at (602,15) width 13: " "
          RenderInline {STRONG} at (0,0) size 104x15
            RenderText {#text} at (615,15) size 104x15
              text run at (615,15) width 104: "elements"
          RenderText {#text} at (739,15) size 13x15
            text run at (739,15) width 13: " "
          RenderInline {TT} at (0,0) size 78x15
            RenderText {#text} at (752,15) size 78x15
              text run at (752,15) width 78: "within"
          RenderText {#text} at (850,15) size 1072x30
            text run at (850,15) width 202: " elements too."
            text run at (1072,15) width 0: " "
            text run at (0,30) width 543: "Word and letter   spacing test "
          RenderInline {EM} at (0,0) size 39x15
            RenderText {#text} at (543,30) size 39x15
              text run at (543,30) width 39: "for"
          RenderText {#text} at (602,30) size 13x15
            text run at (602,30) width 13: " "
          RenderInline {STRONG} at (0,0) size 104x15
            RenderText {#text} at (615,30) size 104x15
              text run at (615,30) width 104: "elements"
          RenderText {#text} at (739,30) size 13x15
            text run at (739,30) width 13: " "
          RenderInline {TT} at (0,0) size 78x15
            RenderText {#text} at (752,30) size 78x15
              text run at (752,30) width 78: "within"
          RenderText {#text} at (850,30) size 150x15
            text run at (850,30) width 150: " elements "
          RenderText {#text} at (1000,30) size 1725x30
            text run at (1000,30) width 705: " too. (with comment between elements and too)"
            text run at (1725,30) width 0: " "
            text run at (0,45) width 543: "Word and letter   spacing test "
          RenderInline {EM} at (0,0) size 39x15
            RenderText {#text} at (543,45) size 39x15
              text run at (543,45) width 39: "for"
          RenderText {#text} at (602,45) size 13x15
            text run at (602,45) width 13: " "
          RenderInline {STRONG} at (0,0) size 104x15
            RenderText {#text} at (615,45) size 104x15
              text run at (615,45) width 104: "elements"
          RenderText {#text} at (739,45) size 13x15
            text run at (739,45) width 13: " "
          RenderInline {TT} at (0,0) size 78x15
            RenderText {#text} at (752,45) size 78x15
              text run at (752,45) width 78: "within"
          RenderText {#text} at (850,45) size 117x15
            text run at (850,45) width 117: " elements"
          RenderText {#text} at (987,45) size 2058x30
            text run at (987,45) width 1051: " too. (with comment (no preceeding space) between elements and too)"
            text run at (2058,45) width 0: " "
            text run at (0,60) width 543: "Word and letter   spacing test "
          RenderInline {EM} at (0,0) size 39x15
            RenderText {#text} at (543,60) size 39x15
              text run at (543,60) width 39: "for"
          RenderText {#text} at (602,60) size 13x15
            text run at (602,60) width 13: " "
          RenderInline {STRONG} at (0,0) size 104x15
            RenderText {#text} at (615,60) size 104x15
              text run at (615,60) width 104: "elements"
          RenderText {#text} at (739,60) size 13x15
            text run at (739,60) width 13: " "
          RenderInline {TT} at (0,0) size 78x15
            RenderText {#text} at (752,60) size 78x15
              text run at (752,60) width 78: "within"
          RenderText {#text} at (850,60) size 150x15
            text run at (850,60) width 150: " elements "
          RenderText {#text} at (1000,60) size 1032x15
            text run at (1000,60) width 1012: "too. (with comment (no trailing space) between elements and too)"
            text run at (2032,60) width 0: " "
          RenderInline {SPAN} at (0,0) size 719x15
            RenderText {#text} at (0,75) size 543x15
              text run at (0,75) width 543: "Word and letter   spacing test "
            RenderInline {EM} at (0,0) size 39x15
              RenderText {#text} at (543,75) size 39x15
                text run at (543,75) width 39: "for"
            RenderText {#text} at (602,75) size 13x15
              text run at (602,75) width 13: " "
            RenderInline {STRONG} at (0,0) size 104x15
              RenderText {#text} at (615,75) size 104x15
                text run at (615,75) width 104: "elements"
          RenderText {#text} at (739,75) size 13x15
            text run at (739,75) width 13: " "
          RenderInline {TT} at (0,0) size 78x15
            RenderText {#text} at (752,75) size 78x15
              text run at (752,75) width 78: "within"
          RenderText {#text} at (850,75) size 1784x30
            text run at (850,75) width 914: " elements too. (with monospace font from Word to elements)"
            text run at (1784,75) width 0: " "
            text run at (0,90) width 543: "Word and letter   spacing test "
          RenderInline {SPAN} at (0,0) size 287x15
            RenderInline {EM} at (0,0) size 39x15
              RenderText {#text} at (543,90) size 39x15
                text run at (543,90) width 39: "for"
            RenderText {#text} at (602,90) size 13x15
              text run at (602,90) width 13: " "
            RenderInline {STRONG} at (0,0) size 104x15
              RenderText {#text} at (615,90) size 104x15
                text run at (615,90) width 104: "elements"
            RenderText {#text} at (739,90) size 13x15
              text run at (739,90) width 13: " "
            RenderInline {TT} at (0,0) size 78x15
              RenderText {#text} at (752,90) size 78x15
                text run at (752,90) width 78: "within"
          RenderText {#text} at (850,90) size 1745x30
            text run at (850,90) width 875: " elements too. (with monospace font from for to within)"
            text run at (1745,90) width 0: " "
            text run at (0,105) width 543: "Word and letter   spacing test "
          RenderInline {EM} at (0,0) size 39x15
            RenderText {#text} at (543,105) size 39x15
              text run at (543,105) width 39: "for"
          RenderText {#text} at (602,105) size 13x15
            text run at (602,105) width 13: " "
          RenderInline {STRONG} at (0,0) size 104x15
            RenderText {#text} at (615,105) size 104x15
              text run at (615,105) width 104: "elements"
          RenderText {#text} at (739,105) size 13x15
            text run at (739,105) width 13: " "
          RenderInline {SPAN} at (0,0) size 287x15
            RenderInline {TT} at (0,0) size 78x15
              RenderText {#text} at (752,105) size 78x15
                text run at (752,105) width 78: "within"
            RenderText {#text} at (850,105) size 189x15
              text run at (850,105) width 189: " elements too"
          RenderText {#text} at (1039,105) size 732x15
            text run at (1039,105) width 712: ". (with monospace font from elements to too)"
            text run at (1771,105) width 0: " "
      RenderBlock (anonymous) at (0,1964) size 769x19
        RenderBR {BR} at (0,0) size 0x17
        RenderInline {SPAN} at (0,0) size 0x0
          RenderText {#text} at (0,0) size 0x0
      RenderBlock (anonymous) at (0,2001) size 769x23
        RenderBlock {H3} at (0,0) size 769x22
          RenderText {#text} at (0,0) size 162x21
            text run at (0,0) width 162: "In a span"
      RenderBlock (anonymous) at (0,2042) size 769x343
        RenderInline {SPAN} at (0,0) size 760x341
          RenderText {#text} at (0,0) size 423x17
            text run at (0,0) width 241: "Word and letter "
            text run at (240,0) width 183: "spacing test "
          RenderInline {EM} at (0,0) size 34x17
            RenderText {#text} at (422,0) size 34x17
              text run at (422,0) width 34: "for"
          RenderText {#text} at (475,0) size 10x17
            text run at (475,0) width 10: " "
          RenderInline {STRONG} at (0,0) size 99x17
            RenderText {#text} at (484,0) size 99x17
              text run at (484,0) width 99: "elements"
          RenderText {#text} at (602,0) size 10x17
            text run at (602,0) width 10: " "
          RenderInline {TT} at (0,0) size 79x15
            RenderText {#text} at (611,3) size 79x15
              text run at (611,3) width 79: "within"
          RenderText {#text} at (0,18) size 168x17
            text run at (0,18) width 168: "elements too."
          RenderBR {BR} at (168,18) size 0x17
          RenderText {#text} at (0,36) size 423x17
            text run at (0,36) width 241: "Word and letter "
            text run at (240,36) width 183: "spacing test "
          RenderInline {EM} at (0,0) size 34x17
            RenderText {#text} at (422,36) size 34x17
              text run at (422,36) width 34: "for"
          RenderText {#text} at (475,36) size 10x17
            text run at (475,36) width 10: " "
          RenderInline {STRONG} at (0,0) size 99x17
            RenderText {#text} at (484,36) size 99x17
              text run at (484,36) width 99: "elements"
          RenderText {#text} at (602,36) size 10x17
            text run at (602,36) width 10: " "
          RenderInline {TT} at (0,0) size 79x15
            RenderText {#text} at (611,39) size 79x15
              text run at (611,39) width 79: "within"
          RenderText {#text} at (0,54) size 124x17
            text run at (0,54) width 124: "elements "
          RenderText {#text} at (124,54) size 635x17
            text run at (124,54) width 635: "too. (with comment between elements and too)"
          RenderBR {BR} at (759,54) size 0x17
          RenderText {#text} at (0,72) size 423x17
            text run at (0,72) width 241: "Word and letter "
            text run at (240,72) width 183: "spacing test "
          RenderInline {EM} at (0,0) size 34x17
            RenderText {#text} at (422,72) size 34x17
              text run at (422,72) width 34: "for"
          RenderText {#text} at (475,72) size 10x17
            text run at (475,72) width 10: " "
          RenderInline {STRONG} at (0,0) size 99x17
            RenderText {#text} at (484,72) size 99x17
              text run at (484,72) width 99: "elements"
          RenderText {#text} at (602,72) size 10x17
            text run at (602,72) width 10: " "
          RenderInline {TT} at (0,0) size 79x15
            RenderText {#text} at (611,75) size 79x15
              text run at (611,75) width 79: "within"
          RenderText {#text} at (0,90) size 95x17
            text run at (0,90) width 95: "elements"
          RenderText {#text} at (115,90) size 689x35
            text run at (115,90) width 574: " too. (with comment (no preceeding space)"
            text run at (0,108) width 353: "between elements and too)"
          RenderBR {BR} at (353,108) size 0x17
          RenderText {#text} at (0,126) size 423x17
            text run at (0,126) width 241: "Word and letter "
            text run at (240,126) width 183: "spacing test "
          RenderInline {EM} at (0,0) size 34x17
            RenderText {#text} at (422,126) size 34x17
              text run at (422,126) width 34: "for"
          RenderText {#text} at (475,126) size 10x17
            text run at (475,126) width 10: " "
          RenderInline {STRONG} at (0,0) size 99x17
            RenderText {#text} at (484,126) size 99x17
              text run at (484,126) width 99: "elements"
          RenderText {#text} at (602,126) size 10x17
            text run at (602,126) width 10: " "
          RenderInline {TT} at (0,0) size 79x15
            RenderText {#text} at (611,129) size 79x15
              text run at (611,129) width 79: "within"
          RenderText {#text} at (0,144) size 124x17
            text run at (0,144) width 124: "elements "
          RenderText {#text} at (124,144) size 654x35
            text run at (124,144) width 530: "too. (with comment (no trailing space)"
            text run at (0,162) width 353: "between elements and too)"
          RenderBR {BR} at (353,162) size 0x17
          RenderInline {SPAN} at (0,0) size 653x15
            RenderText {#text} at (0,183) size 477x15
              text run at (0,183) width 268: "Word and letter "
              text run at (268,183) width 209: "spacing test "
            RenderInline {EM} at (0,0) size 39x15
              RenderText {#text} at (477,183) size 39x15
                text run at (477,183) width 39: "for"
            RenderText {#text} at (536,183) size 13x15
              text run at (536,183) width 13: " "
            RenderInline {STRONG} at (0,0) size 104x15
              RenderText {#text} at (549,183) size 104x15
                text run at (549,183) width 104: "elements"
          RenderText {#text} at (673,180) size 9x17
            text run at (673,180) width 9: " "
          RenderInline {TT} at (0,0) size 78x15
            RenderText {#text} at (682,183) size 78x15
              text run at (682,183) width 78: "within"
          RenderText {#text} at (0,198) size 688x35
            text run at (0,198) width 688: "elements too. (with monospace font from Word to"
            text run at (0,216) width 105: "elements)"
          RenderBR {BR} at (105,216) size 0x17
          RenderText {#text} at (0,234) size 423x17
            text run at (0,234) width 241: "Word and letter "
            text run at (240,234) width 183: "spacing test "
          RenderInline {SPAN} at (0,0) size 288x15
            RenderInline {EM} at (0,0) size 40x15
              RenderText {#text} at (422,237) size 40x15
                text run at (422,237) width 40: "for"
            RenderText {#text} at (481,237) size 14x15
              text run at (481,237) width 14: " "
            RenderInline {STRONG} at (0,0) size 105x15
              RenderText {#text} at (494,237) size 105x15
                text run at (494,237) width 105: "elements"
            RenderText {#text} at (618,237) size 14x15
              text run at (618,237) width 14: " "
            RenderInline {TT} at (0,0) size 79x15
              RenderText {#text} at (631,237) size 79x15
                text run at (631,237) width 79: "within"
          RenderText {#text} at (0,252) size 666x35
            text run at (0,252) width 666: "elements too. (with monospace font from for to"
            text run at (0,270) width 80: "within)"
          RenderBR {BR} at (80,270) size 0x17
          RenderText {#text} at (0,288) size 423x17
            text run at (0,288) width 241: "Word and letter "
            text run at (240,288) width 183: "spacing test "
          RenderInline {EM} at (0,0) size 34x17
            RenderText {#text} at (422,288) size 34x17
              text run at (422,288) width 34: "for"
          RenderText {#text} at (475,288) size 10x17
            text run at (475,288) width 10: " "
          RenderInline {STRONG} at (0,0) size 99x17
            RenderText {#text} at (484,288) size 99x17
              text run at (484,288) width 99: "elements"
          RenderText {#text} at (602,288) size 10x17
            text run at (602,288) width 10: " "
          RenderInline {SPAN} at (0,0) size 690x33
            RenderInline {TT} at (0,0) size 79x15
              RenderText {#text} at (611,291) size 79x15
                text run at (611,291) width 79: "within"
            RenderText {#text} at (0,309) size 176x15
              text run at (0,309) width 176: "elements too"
          RenderText {#text} at (176,306) size 745x35
            text run at (176,306) width 569: ". (with monospace font from elements to"
            text run at (0,324) width 45: "too)"
        RenderText {#text} at (0,0) size 0x0
