layer at (0,0) size 800x600
  RenderView at (0,0) size 800x600
layer at (0,0) size 800x600
  RenderBlock {HTML} at (0,0) size 800x600
    RenderBody {BODY} at (8,8) size 784x584
      RenderBlock {P} at (0,0) size 784x36
        RenderText {#text} at (0,0) size 52x17
          text run at (0,0) width 52: "Test for "
        RenderInline {I} at (0,0) size 774x35
          RenderInline {A} at (0,0) size 302x17 [color=#0000EE]
            RenderText {#text} at (51,0) size 302x17
              text run at (51,0) width 302: "http://bugs.webkit.org/show_bug.cgi?id=13759"
          RenderText {#text} at (352,0) size 774x35
            text run at (352,0) width 5: " "
            text run at (356,0) width 418: "REGRESSION (r20182-r20184): Incorrect rendering of multipart"
            text run at (0,18) width 45: "images"
        RenderText {#text} at (45,18) size 4x17
          text run at (45,18) width 4: "."
      RenderBlock {P} at (0,52) size 784x18
        RenderText {#text} at (0,0) size 243x17
          text run at (0,0) width 243: "There should be a green square below."
      RenderBlock (anonymous) at (0,86) size 784x124
        RenderIFrame {IFRAME} at (0,0) size 124x124 [border: (2px inset #000000)]
          layer at (0,0) size 120x120
            RenderView at (0,0) size 120x120
          layer at (0,0) size 120x120
            RenderBlock {HTML} at (0,0) size 120x120
              RenderBody {BODY} at (0,0) size 120x120
                RenderImage {IMG} at (0,0) size 100x100
        RenderText {#text} at (0,0) size 0x0
