layer at (0,0) size 800x600
  RenderView at (0,0) size 800x600
layer at (0,0) size 800x108
  RenderBlock {HTML} at (0,0) size 800x108
    RenderBody {BODY} at (8,16) size 784x76
      RenderBlock {UL} at (0,0) size 784x40
        RenderListItem {LI} at (40,0) size 744x20 [bgcolor=#00FF00]
          RenderListMarker at (-18,0) size 7x19: bullet
          RenderText {#text} at (0,0) size 311x19
            text run at (0,0) width 311: "The background of this list item should be green"
        RenderListItem {LI} at (40,20) size 744x20 [bgcolor=#00FF00]
          RenderListMarker at (-18,0) size 7x19: bullet
          RenderText {#text} at (0,0) size 389x19
            text run at (0,0) width 389: "The background of this second list item should be also green"
      RenderBlock {P} at (0,56) size 784x20 [bgcolor=#00FF00]
        RenderText {#text} at (0,0) size 327x19
          text run at (0,0) width 327: "The background of this paragraph should be green."
