layer at (0,0) size 800x600
  RenderView at (0,0) size 800x600
layer at (0,0) size 800x72
  RenderBlock {HTML} at (0,0) size 800x72
    RenderBody {BODY} at (8,16) size 784x40
      RenderBlock {P} at (0,0) size 784x40 [bgcolor=#00FF00]
        RenderText {#text} at (0,0) size 308x19
          text run at (0,0) width 308: "This paragraph should have a green background"
        RenderBR {BR} at (307,0) size 1x19
        RenderText {#text} at (0,20) size 273x19
          text run at (0,20) width 273: "because its title attribute begins with \"foo\""
