layer at (0,0) size 800x600
  RenderView at (0,0) size 800x600
layer at (0,0) size 800x307
  RenderBlock {HTML} at (0,0) size 800x308
    RenderBody {BODY} at (8,16) size 784x276
      RenderBlock {DIV} at (0,0) size 784x276
        RenderBlock {P} at (0,0) size 784x40
          RenderText {#text} at (0,0) size 762x19
            text run at (0,0) width 762: "The background color of this paragraph should turn to green when the mouse pointer hovers over any of the following:"
          RenderBR {BR} at (761,0) size 1x19
          RenderInline {STRONG} at (0,0) size 64x19
            RenderText {#text} at (0,20) size 64x19
              text run at (0,20) width 64: "This text."
        RenderBlock {P} at (0,56) size 784x20
          RenderText {#text} at (0,0) size 61x19
            text run at (0,0) width 61: "This text."
        RenderTable {TABLE} at (0,92) size 113x108
          RenderTableSection {TBODY} at (0,0) size 113x108
            RenderTableRow {TR} at (0,2) size 113x80
              RenderTableCell {TD} at (2,2) size 109x80 [r=0 c=0 rs=1 cs=1]
                RenderTable {TABLE} at (1,1) size 107x78
                  RenderTableSection {TBODY} at (0,0) size 107x78
                    RenderTableRow {TR} at (0,2) size 107x74
                      RenderTableCell {TD} at (2,2) size 103x74 [r=0 c=0 rs=1 cs=1]
                        RenderBlock {DL} at (1,17) size 101x40
                          RenderBlock {DT} at (0,0) size 101x20
                            RenderText {#text} at (0,0) size 61x19
                              text run at (0,0) width 61: "This text."
                          RenderBlock {DD} at (40,20) size 61x20
                            RenderText {#text} at (0,0) size 61x19
                              text run at (0,0) width 61: "This text."
            RenderTableRow {TR} at (0,84) size 113x22
              RenderTableCell {TD} at (2,84) size 109x22 [r=1 c=0 rs=1 cs=1]
                RenderText {#text} at (1,1) size 61x19
                  text run at (1,1) width 61: "This text."
        RenderBlock {P} at (0,216) size 784x24
          RenderInline {SUB} at (0,0) size 51x15
            RenderText {#text} at (0,7) size 51x15
              text run at (0,7) width 51: "This text."
        RenderBlock {P} at (0,255) size 784x21
          RenderText {#text} at (0,0) size 585x19
            text run at (0,0) width 585: "...and anything else between the top of the first paragraph and the bottom of this paragraph."
