layer at (0,0) size 800x600
  RenderView at (0,0) size 800x600
layer at (0,0) size 800x52
  RenderBlock {HTML} at (0,0) size 800x52
    RenderBody {BODY} at (8,16) size 784x20
      RenderBlock {P} at (0,0) size 784x20
        RenderText {#text} at (0,0) size 163x19
          text run at (0,0) width 163: "The background color of "
        RenderInline {A} at (0,0) size 51x19 [color=#0000EE]
          RenderText {#text} at (162,0) size 51x19
            text run at (162,0) width 51: "anchors"
        RenderText {#text} at (212,0) size 159x19
          text run at (212,0) width 5: " "
          text run at (216,0) width 155: "in this page should turn "
        RenderInline {A} at (0,0) size 53x19 [color=#0000EE]
          RenderText {#text} at (370,0) size 53x19
            text run at (370,0) width 53: "to green"
        RenderText {#text} at (422,0) size 133x19
          text run at (422,0) width 133: " when they have the "
        RenderInline {A} at (0,0) size 36x19 [color=#0000EE]
          RenderText {#text} at (554,0) size 36x19
            text run at (554,0) width 36: "focus"
        RenderText {#text} at (589,0) size 5x19
          text run at (589,0) width 5: "."
