layer at (0,0) size 800x600
  RenderView at (0,0) size 800x600
layer at (0,0) size 800x70
  RenderBlock {HTML} at (0,0) size 800x70
    RenderBody {BODY} at (8,16) size 784x38
      RenderBlock {P} at (0,0) size 784x38
        RenderInline (generated) at (0,0) size 20x36 [bgcolor=#00FF00]
          RenderText at (0,1) size 20x36
            text run at (0,1) width 20: "T"
        RenderText {#text} at (19,15) size 491x19
          text run at (19,15) width 340: "his very long paragraph should have a big first letter "
          text run at (358,15) width 152: "with green background."
