layer at (0,0) size 800x600
  RenderView at (0,0) size 800x600
layer at (0,0) size 800x176
  RenderBlock {HTML} at (0,0) size 800x176
    RenderBody {BODY} at (8,16) size 784x152
      RenderBlock {DIV} at (0,0) size 784x94
        RenderBlock {P} at (0,0) size 784x20 [bgcolor=#00FF00]
          RenderText {#text} at (0,0) size 308x19
            text run at (0,0) width 308: "This paragraph should have a green background"
        RenderTable {TABLE} at (0,36) size 314x58
          RenderTableSection {TBODY} at (0,0) size 314x58
            RenderTableRow {TR} at (0,2) size 314x54
              RenderTableCell {TD} at (2,2) size 310x54 [r=0 c=0 rs=1 cs=1]
                RenderBlock {P} at (1,17) size 308x20 [bgcolor=#00FF00]
                  RenderText {#text} at (0,0) size 308x19
                    text run at (0,0) width 308: "This paragraph should have a green background"
      RenderTable {TABLE} at (0,94) size 231x58
        RenderTableSection {TBODY} at (0,0) size 231x58
          RenderTableRow {TR} at (0,2) size 231x54
            RenderTableCell {TD} at (2,2) size 227x54 [r=0 c=0 rs=1 cs=1]
              RenderBlock {P} at (1,17) size 225x20
                RenderText {#text} at (0,0) size 225x19
                  text run at (0,0) width 225: "This paragraph should be unstyled."
