layer at (0,0) size 800x600
  RenderView at (0,0) size 800x600
layer at (0,0) size 800x196
  RenderBlock {HTML} at (0,0) size 800x196
    RenderBody {BODY} at (8,16) size 784x164
      RenderBlock {DIV} at (0,0) size 784x164
        RenderBlock {P} at (0,0) size 784x20 [bgcolor=#00FF00]
          RenderText {#text} at (0,0) size 312x19
            text run at (0,0) width 312: "This paragraph should have a green background."
        RenderBlock {P} at (0,36) size 784x20
          RenderText {#text} at (0,0) size 206x19
            text run at (0,0) width 206: "But this one should be unstyled."
        RenderBlock {P} at (0,72) size 784x20
          RenderText {#text} at (0,0) size 240x19
            text run at (0,0) width 240: "And this one should also be unstyled."
        RenderBlock {ADDRESS} at (0,108) size 784x20 [bgcolor=#00FF00]
          RenderText {#text} at (0,0) size 682x19
            text run at (0,0) width 682: "This address is only here to fill some space between two paragraphs and should have a green background."
        RenderBlock {P} at (0,144) size 784x20 [bgcolor=#00FF00]
          RenderText {#text} at (0,0) size 336x19
            text run at (0,0) width 336: "This paragraph should have a green background too."
