layer at (0,0) size 800x600
  RenderView at (0,0) size 800x600
layer at (0,0) size 800x184
  RenderBlock {HTML} at (0,0) size 800x184
    RenderBody {BODY} at (8,16) size 784x152
      RenderBlock {P} at (0,0) size 784x40
        RenderText {#text} at (0,0) size 761x19
          text run at (0,0) width 229: "This paragraph should be unstyled. "
          text run at (228,0) width 463: "The background of the following paragraph should become green when "
          text run at (690,0) width 71: "you follow"
        RenderInline {A} at (0,0) size 53x19 [color=#0000EE]
          RenderText {#text} at (0,20) size 53x19
            text run at (0,20) width 53: "this link"
        RenderText {#text} at (52,20) size 5x19
          text run at (52,20) width 5: "."
      RenderBlock {P} at (0,56) size 784x40
        RenderText {#text} at (0,0) size 753x19
          text run at (0,0) width 283: "This paragraph should initially be unstyled. "
          text run at (282,0) width 471: "It should become green when you select the link above. When you select "
        RenderInline {A} at (0,0) size 776x39 [color=#0000EE]
          RenderText {#text} at (752,0) size 776x39
            text run at (752,0) width 24: "this"
            text run at (0,20) width 25: "link"
        RenderText {#text} at (24,20) size 647x19
          text run at (24,20) width 276: ", it should return to being unstyled and the "
          text run at (299,20) width 372: "background of the paragraph below should become green."
      RenderBlock {P} at (0,112) size 784x40
        RenderText {#text} at (0,0) size 758x19
          text run at (0,0) width 283: "This paragraph should initially be unstyled. "
          text run at (282,0) width 476: "It should become green when you select the link above. When you follow "
        RenderInline {A} at (0,0) size 781x39 [color=#0000EE]
          RenderText {#text} at (757,0) size 781x39
            text run at (757,0) width 24: "this"
            text run at (0,20) width 25: "link"
        RenderText {#text} at (24,20) size 366x19
          text run at (24,20) width 143: ", the three paragraphs "
          text run at (166,20) width 224: "should all return to being unstyled."
