layer at (0,0) size 800x600
  RenderView at (0,0) size 800x600
layer at (0,0) size 800x142
  RenderBlock {HTML} at (0,0) size 800x142
    RenderBody {BODY} at (8,8) size 784x118
      RenderBlock {DIV} at (0,0) size 784x82
        RenderTable {TABLE} at (308,0) size 168x82 [border: (1px outset #808080)]
          RenderTableSection {TBODY} at (1,1) size 166x80
            RenderTableRow {TR} at (0,2) size 166x24
              RenderTableCell {TD} at (2,2) size 24x24 [border: (1px solid #000000)] [r=0 c=0 rs=1 cs=1]
                RenderText {#text} at (2,2) size 20x19
                  text run at (2,2) width 20: "1.1"
              RenderTableCell {TD} at (28,2) size 67x24 [bgcolor=#00FF00] [border: (1px solid #000000)] [r=0 c=1 rs=1 cs=1]
                RenderText {#text} at (2,2) size 63x19
                  text run at (2,2) width 63: "green cell"
              RenderTableCell {TD} at (96,2) size 68x24 [bgcolor=#00FF00] [border: (1px solid #000000)] [r=0 c=2 rs=1 cs=1]
                RenderText {#text} at (2,2) size 63x19
                  text run at (2,2) width 63: "green cell"
            RenderTableRow {TR} at (0,28) size 166x24
              RenderTableCell {TD} at (2,28) size 24x24 [border: (1px solid #000000)] [r=1 c=0 rs=1 cs=1]
                RenderText {#text} at (2,2) size 20x19
                  text run at (2,2) width 20: "2.1"
              RenderTableCell {TD} at (28,28) size 67x24 [bgcolor=#00FF00] [border: (1px solid #000000)] [r=1 c=1 rs=1 cs=1]
                RenderText {#text} at (2,2) size 63x19
                  text run at (2,2) width 63: "green cell"
              RenderTableCell {TD} at (96,28) size 68x24 [bgcolor=#00FF00] [border: (1px solid #000000)] [r=1 c=2 rs=1 cs=1]
                RenderText {#text} at (2,2) size 63x19
                  text run at (2,2) width 63: "green cell"
            RenderTableRow {TR} at (0,54) size 166x24
              RenderTableCell {TD} at (2,54) size 24x24 [border: (1px solid #000000)] [r=2 c=0 rs=1 cs=1]
                RenderText {#text} at (2,2) size 20x19
                  text run at (2,2) width 20: "3.1"
              RenderTableCell {TD} at (28,54) size 67x24 [bgcolor=#00FF00] [border: (1px solid #000000)] [r=2 c=1 rs=1 cs=1]
                RenderText {#text} at (2,2) size 63x19
                  text run at (2,2) width 63: "green cell"
              RenderTableCell {TD} at (96,54) size 68x24 [bgcolor=#00FF00] [border: (1px solid #000000)] [r=2 c=2 rs=1 cs=1]
                RenderText {#text} at (2,2) size 63x19
                  text run at (2,2) width 63: "green cell"
      RenderBlock {P} at (0,98) size 784x20
        RenderText {#text} at (0,0) size 101x19
          text run at (0,0) width 101: "This paragraph "
        RenderInline {SPAN} at (0,0) size 63x19
          RenderText {#text} at (100,0) size 63x19
            text run at (100,0) width 63: "should be"
        RenderText {#text} at (162,0) size 63x19
          text run at (162,0) width 63: " unstyled."
