layer at (0,0) size 800x3669
  RenderView at (0,0) size 800x600
layer at (0,0) size 800x3669
  RenderBlock {HTML} at (0,0) size 800x3669
    RenderBody {BODY} at (8,21) size 784x3632
      RenderBlock {H1} at (0,0) size 784x38
        RenderText {#text} at (0,1) size 246x36
          text run at (0,1) width 246: "HTML Test Index"
      RenderBlock {P} at (0,59) size 784x21
        RenderText {#text} at (0,0) size 316x19
          text run at (0,0) width 316: "The HTML tests are available in several variants."
      RenderBlock {H2} at (0,99) size 784x31
        RenderText {#text} at (0,1) size 280x28
          text run at (0,1) width 280: "Tests With Navigation Aids"
      RenderBlock {P} at (0,149) size 784x41
        RenderText {#text} at (0,0) size 733x39
          text run at (0,0) width 733: "Each category of test is available using several different harnesses. The name of the harness describes how the test"
          text run at (0,20) width 724: "markup is contained within it, for example the Xlink embed case uses an XLink with the show axis set to embed."
      RenderBlock {UL} at (0,205) size 784x201
        RenderListItem {LI} at (40,0) size 744x40
          RenderListMarker at (-18,0) size 7x19: bullet
          RenderInline {A} at (0,0) size 23x19 [color=#0000EE]
            RenderText {#text} at (0,0) size 23x19
              text run at (0,0) width 23: "full"
          RenderText {#text} at (22,0) size 9x19
            text run at (22,0) width 9: ": "
          RenderInline {A} at (0,0) size 97x19 [color=#0000EE]
            RenderText {#text} at (30,0) size 97x19
              text run at (30,0) width 97: "Self Contained"
          RenderText {#text} at (126,0) size 9x19
            text run at (126,0) width 9: ", "
          RenderInline {A} at (0,0) size 121x19 [color=#0000EE]
            RenderText {#text} at (134,0) size 121x19
              text run at (134,0) width 121: "XHTML <iframe>"
          RenderText {#text} at (254,0) size 9x19
            text run at (254,0) width 9: ", "
          RenderInline {A} at (0,0) size 118x19 [color=#0000EE]
            RenderText {#text} at (262,0) size 118x19
              text run at (262,0) width 118: "XHTML <object>"
          RenderText {#text} at (379,0) size 9x19
            text run at (379,0) width 9: ", "
          RenderInline {A} at (0,0) size 117x19 [color=#0000EE]
            RenderText {#text} at (387,0) size 117x19
              text run at (387,0) width 117: "XHTML <frame>"
          RenderText {#text} at (503,0) size 9x19
            text run at (503,0) width 9: ", "
          RenderInline {A} at (0,0) size 109x19 [color=#0000EE]
            RenderText {#text} at (511,0) size 109x19
              text run at (511,0) width 109: "HTML <iframe>"
          RenderText {#text} at (619,0) size 9x19
            text run at (619,0) width 9: ", "
          RenderInline {A} at (0,0) size 107x19 [color=#0000EE]
            RenderText {#text} at (627,0) size 107x19
              text run at (627,0) width 107: "HTML <object>"
          RenderText {#text} at (733,0) size 5x19
            text run at (733,0) width 5: ","
          RenderInline {A} at (0,0) size 105x19 [color=#0000EE]
            RenderText {#text} at (0,20) size 105x19
              text run at (0,20) width 105: "HTML <frame>"
          RenderText {#text} at (104,20) size 9x19
            text run at (104,20) width 9: ", "
          RenderInline {A} at (0,0) size 89x19 [color=#0000EE]
            RenderText {#text} at (112,20) size 89x19
              text run at (112,20) width 89: "XLink embed"
          RenderText {#text} at (200,20) size 9x19
            text run at (200,20) width 9: ", "
          RenderInline {A} at (0,0) size 84x19 [color=#0000EE]
            RenderText {#text} at (208,20) size 84x19
              text run at (208,20) width 84: "TNG Format"
        RenderListItem {LI} at (40,40) size 744x40
          RenderListMarker at (-18,0) size 7x19: bullet
          RenderInline {A} at (0,0) size 34x19 [color=#0000EE]
            RenderText {#text} at (0,0) size 34x19
              text run at (0,0) width 34: "static"
          RenderText {#text} at (33,0) size 10x19
            text run at (33,0) width 10: ": "
          RenderInline {A} at (0,0) size 96x19 [color=#0000EE]
            RenderText {#text} at (42,0) size 96x19
              text run at (42,0) width 96: "Self Contained"
          RenderText {#text} at (137,0) size 9x19
            text run at (137,0) width 9: ", "
          RenderInline {A} at (0,0) size 121x19 [color=#0000EE]
            RenderText {#text} at (145,0) size 121x19
              text run at (145,0) width 121: "XHTML <iframe>"
          RenderText {#text} at (265,0) size 9x19
            text run at (265,0) width 9: ", "
          RenderInline {A} at (0,0) size 119x19 [color=#0000EE]
            RenderText {#text} at (273,0) size 119x19
              text run at (273,0) width 119: "XHTML <object>"
          RenderText {#text} at (391,0) size 9x19
            text run at (391,0) width 9: ", "
          RenderInline {A} at (0,0) size 116x19 [color=#0000EE]
            RenderText {#text} at (399,0) size 116x19
              text run at (399,0) width 116: "XHTML <frame>"
          RenderText {#text} at (514,0) size 9x19
            text run at (514,0) width 9: ", "
          RenderInline {A} at (0,0) size 110x19 [color=#0000EE]
            RenderText {#text} at (522,0) size 110x19
              text run at (522,0) width 110: "HTML <iframe>"
          RenderText {#text} at (631,0) size 9x19
            text run at (631,0) width 9: ", "
          RenderInline {A} at (0,0) size 685x39 [color=#0000EE]
            RenderText {#text} at (639,0) size 685x39
              text run at (639,0) width 46: "HTML"
              text run at (0,20) width 58: "<object>"
          RenderText {#text} at (57,20) size 9x19
            text run at (57,20) width 9: ", "
          RenderInline {A} at (0,0) size 105x19 [color=#0000EE]
            RenderText {#text} at (65,20) size 105x19
              text run at (65,20) width 105: "HTML <frame>"
          RenderText {#text} at (169,20) size 9x19
            text run at (169,20) width 9: ", "
          RenderInline {A} at (0,0) size 89x19 [color=#0000EE]
            RenderText {#text} at (177,20) size 89x19
              text run at (177,20) width 89: "XLink embed"
          RenderText {#text} at (265,20) size 9x19
            text run at (265,20) width 9: ", "
          RenderInline {A} at (0,0) size 84x19 [color=#0000EE]
            RenderText {#text} at (273,20) size 84x19
              text run at (273,20) width 84: "TNG Format"
        RenderListItem {LI} at (40,80) size 744x40
          RenderListMarker at (-18,0) size 7x19: bullet
          RenderInline {A} at (0,0) size 94x19 [color=#0000EE]
            RenderText {#text} at (0,0) size 94x19
              text run at (0,0) width 94: "history-related"
          RenderText {#text} at (93,0) size 9x19
            text run at (93,0) width 9: ": "
          RenderInline {A} at (0,0) size 97x19 [color=#0000EE]
            RenderText {#text} at (101,0) size 97x19
              text run at (101,0) width 97: "Self Contained"
          RenderText {#text} at (197,0) size 9x19
            text run at (197,0) width 9: ", "
          RenderInline {A} at (0,0) size 121x19 [color=#0000EE]
            RenderText {#text} at (205,0) size 121x19
              text run at (205,0) width 121: "XHTML <iframe>"
          RenderText {#text} at (325,0) size 9x19
            text run at (325,0) width 9: ", "
          RenderInline {A} at (0,0) size 118x19 [color=#0000EE]
            RenderText {#text} at (333,0) size 118x19
              text run at (333,0) width 118: "XHTML <object>"
          RenderText {#text} at (450,0) size 9x19
            text run at (450,0) width 9: ", "
          RenderInline {A} at (0,0) size 117x19 [color=#0000EE]
            RenderText {#text} at (458,0) size 117x19
              text run at (458,0) width 117: "XHTML <frame>"
          RenderText {#text} at (574,0) size 9x19
            text run at (574,0) width 9: ", "
          RenderInline {A} at (0,0) size 109x19 [color=#0000EE]
            RenderText {#text} at (582,0) size 109x19
              text run at (582,0) width 109: "HTML <iframe>"
          RenderText {#text} at (690,0) size 9x19
            text run at (690,0) width 9: ", "
          RenderInline {A} at (0,0) size 745x39 [color=#0000EE]
            RenderText {#text} at (698,0) size 745x39
              text run at (698,0) width 47: "HTML"
              text run at (0,20) width 58: "<object>"
          RenderText {#text} at (57,20) size 9x19
            text run at (57,20) width 9: ", "
          RenderInline {A} at (0,0) size 105x19 [color=#0000EE]
            RenderText {#text} at (65,20) size 105x19
              text run at (65,20) width 105: "HTML <frame>"
          RenderText {#text} at (169,20) size 9x19
            text run at (169,20) width 9: ", "
          RenderInline {A} at (0,0) size 89x19 [color=#0000EE]
            RenderText {#text} at (177,20) size 89x19
              text run at (177,20) width 89: "XLink embed"
          RenderText {#text} at (265,20) size 9x19
            text run at (265,20) width 9: ", "
          RenderInline {A} at (0,0) size 84x19 [color=#0000EE]
            RenderText {#text} at (273,20) size 84x19
              text run at (273,20) width 84: "TNG Format"
        RenderListItem {LI} at (40,120) size 744x40
          RenderListMarker at (-18,0) size 7x19: bullet
          RenderInline {A} at (0,0) size 68x19 [color=#0000EE]
            RenderText {#text} at (0,0) size 68x19
              text run at (0,0) width 68: "interactive"
          RenderText {#text} at (67,0) size 9x19
            text run at (67,0) width 9: ": "
          RenderInline {A} at (0,0) size 97x19 [color=#0000EE]
            RenderText {#text} at (75,0) size 97x19
              text run at (75,0) width 97: "Self Contained"
          RenderText {#text} at (171,0) size 9x19
            text run at (171,0) width 9: ", "
          RenderInline {A} at (0,0) size 121x19 [color=#0000EE]
            RenderText {#text} at (179,0) size 121x19
              text run at (179,0) width 121: "XHTML <iframe>"
          RenderText {#text} at (299,0) size 9x19
            text run at (299,0) width 9: ", "
          RenderInline {A} at (0,0) size 119x19 [color=#0000EE]
            RenderText {#text} at (307,0) size 119x19
              text run at (307,0) width 119: "XHTML <object>"
          RenderText {#text} at (425,0) size 9x19
            text run at (425,0) width 9: ", "
          RenderInline {A} at (0,0) size 116x19 [color=#0000EE]
            RenderText {#text} at (433,0) size 116x19
              text run at (433,0) width 116: "XHTML <frame>"
          RenderText {#text} at (548,0) size 9x19
            text run at (548,0) width 9: ", "
          RenderInline {A} at (0,0) size 110x19 [color=#0000EE]
            RenderText {#text} at (556,0) size 110x19
              text run at (556,0) width 110: "HTML <iframe>"
          RenderText {#text} at (665,0) size 9x19
            text run at (665,0) width 9: ", "
          RenderInline {A} at (0,0) size 719x39 [color=#0000EE]
            RenderText {#text} at (673,0) size 719x39
              text run at (673,0) width 46: "HTML"
              text run at (0,20) width 58: "<object>"
          RenderText {#text} at (57,20) size 9x19
            text run at (57,20) width 9: ", "
          RenderInline {A} at (0,0) size 105x19 [color=#0000EE]
            RenderText {#text} at (65,20) size 105x19
              text run at (65,20) width 105: "HTML <frame>"
          RenderText {#text} at (169,20) size 9x19
            text run at (169,20) width 9: ", "
          RenderInline {A} at (0,0) size 89x19 [color=#0000EE]
            RenderText {#text} at (177,20) size 89x19
              text run at (177,20) width 89: "XLink embed"
          RenderText {#text} at (265,20) size 9x19
            text run at (265,20) width 9: ", "
          RenderInline {A} at (0,0) size 84x19 [color=#0000EE]
            RenderText {#text} at (273,20) size 84x19
              text run at (273,20) width 84: "TNG Format"
        RenderListItem {LI} at (40,160) size 744x40
          RenderListMarker at (-18,0) size 7x19: bullet
          RenderInline {A} at (0,0) size 56x19 [color=#0000EE]
            RenderText {#text} at (0,0) size 56x19
              text run at (0,0) width 56: "dynamic"
          RenderText {#text} at (55,0) size 9x19
            text run at (55,0) width 9: ": "
          RenderInline {A} at (0,0) size 97x19 [color=#0000EE]
            RenderText {#text} at (63,0) size 97x19
              text run at (63,0) width 97: "Self Contained"
          RenderText {#text} at (159,0) size 9x19
            text run at (159,0) width 9: ", "
          RenderInline {A} at (0,0) size 121x19 [color=#0000EE]
            RenderText {#text} at (167,0) size 121x19
              text run at (167,0) width 121: "XHTML <iframe>"
          RenderText {#text} at (287,0) size 9x19
            text run at (287,0) width 9: ", "
          RenderInline {A} at (0,0) size 118x19 [color=#0000EE]
            RenderText {#text} at (295,0) size 118x19
              text run at (295,0) width 118: "XHTML <object>"
          RenderText {#text} at (412,0) size 9x19
            text run at (412,0) width 9: ", "
          RenderInline {A} at (0,0) size 117x19 [color=#0000EE]
            RenderText {#text} at (420,0) size 117x19
              text run at (420,0) width 117: "XHTML <frame>"
          RenderText {#text} at (536,0) size 9x19
            text run at (536,0) width 9: ", "
          RenderInline {A} at (0,0) size 109x19 [color=#0000EE]
            RenderText {#text} at (544,0) size 109x19
              text run at (544,0) width 109: "HTML <iframe>"
          RenderText {#text} at (652,0) size 9x19
            text run at (652,0) width 9: ", "
          RenderInline {A} at (0,0) size 707x39 [color=#0000EE]
            RenderText {#text} at (660,0) size 707x39
              text run at (660,0) width 47: "HTML"
              text run at (0,20) width 58: "<object>"
          RenderText {#text} at (57,20) size 9x19
            text run at (57,20) width 9: ", "
          RenderInline {A} at (0,0) size 105x19 [color=#0000EE]
            RenderText {#text} at (65,20) size 105x19
              text run at (65,20) width 105: "HTML <frame>"
          RenderText {#text} at (169,20) size 9x19
            text run at (169,20) width 9: ", "
          RenderInline {A} at (0,0) size 89x19 [color=#0000EE]
            RenderText {#text} at (177,20) size 89x19
              text run at (177,20) width 89: "XLink embed"
          RenderText {#text} at (265,20) size 9x19
            text run at (265,20) width 9: ", "
          RenderInline {A} at (0,0) size 84x19 [color=#0000EE]
            RenderText {#text} at (273,20) size 84x19
              text run at (273,20) width 84: "TNG Format"
      RenderBlock {H2} at (0,425) size 784x31
        RenderText {#text} at (0,1) size 174x28
          text run at (0,1) width 174: "Unadorned Tests"
      RenderBlock {UL} at (0,475) size 784x3121
        RenderListItem {LI} at (40,0) size 744x20
          RenderListMarker at (-18,0) size 7x19: bullet
          RenderInline {A} at (0,0) size 125x19 [color=#0000EE]
            RenderText {#text} at (0,0) size 125x19
              text run at (0,0) width 125: "Groups of selectors"
          RenderText {#text} at (124,0) size 32x19
            text run at (124,0) width 32: " (#1)"
        RenderListItem {LI} at (40,20) size 744x20
          RenderListMarker at (-18,0) size 7x19: bullet
          RenderInline {A} at (0,0) size 147x19 [color=#0000EE]
            RenderText {#text} at (0,0) size 147x19
              text run at (0,0) width 147: "Type element selectors"
          RenderText {#text} at (146,0) size 32x19
            text run at (146,0) width 32: " (#2)"
        RenderListItem {LI} at (40,40) size 744x20
          RenderListMarker at (-18,0) size 7x19: bullet
          RenderInline {A} at (0,0) size 169x19 [color=#0000EE]
            RenderText {#text} at (0,0) size 169x19
              text run at (0,0) width 169: "Omitted universal selector"
          RenderText {#text} at (168,0) size 32x19
            text run at (168,0) width 32: " (#4)"
        RenderListItem {LI} at (40,60) size 744x20
          RenderListMarker at (-18,0) size 7x19: bullet
          RenderInline {A} at (0,0) size 176x19 [color=#0000EE]
            RenderText {#text} at (0,0) size 176x19
              text run at (0,0) width 176: "Attribute existence selector"
          RenderText {#text} at (175,0) size 31x19
            text run at (175,0) width 31: " (#5)"
        RenderListItem {LI} at (40,80) size 744x20
          RenderListMarker at (-18,0) size 7x19: bullet
          RenderInline {A} at (0,0) size 151x19 [color=#0000EE]
            RenderText {#text} at (0,0) size 151x19
              text run at (0,0) width 151: "Attribute value selector"
          RenderText {#text} at (150,0) size 31x19
            text run at (150,0) width 31: " (#6)"
        RenderListItem {LI} at (40,100) size 744x20
          RenderListMarker at (-18,0) size 7x19: bullet
          RenderInline {A} at (0,0) size 184x19 [color=#0000EE]
            RenderText {#text} at (0,0) size 184x19
              text run at (0,0) width 184: "Attribute multivalue selector"
          RenderText {#text} at (183,0) size 32x19
            text run at (183,0) width 32: " (#7)"
        RenderListItem {LI} at (40,120) size 744x20
          RenderListMarker at (-18,0) size 7x19: bullet
          RenderInline {A} at (0,0) size 184x19 [color=#0000EE]
            RenderText {#text} at (0,0) size 184x19
              text run at (0,0) width 184: "Attribute multivalue selector"
          RenderText {#text} at (183,0) size 40x19
            text run at (183,0) width 40: " (#7b)"
        RenderListItem {LI} at (40,140) size 744x20
          RenderListMarker at (-18,0) size 7x19: bullet
          RenderInline {A} at (0,0) size 348x19 [color=#0000EE]
            RenderText {#text} at (0,0) size 348x19
              text run at (0,0) width 348: "Attribute value selectors (hyphen-separated attributes)"
          RenderText {#text} at (347,0) size 32x19
            text run at (347,0) width 32: " (#8)"
        RenderListItem {LI} at (40,160) size 744x20
          RenderListMarker at (-18,0) size 7x19: bullet
          RenderInline {A} at (0,0) size 315x19 [color=#0000EE]
            RenderText {#text} at (0,0) size 315x19
              text run at (0,0) width 315: "Substring matching attribute selector (beginning)"
          RenderText {#text} at (314,0) size 32x19
            text run at (314,0) width 32: " (#9)"
        RenderListItem {LI} at (40,180) size 744x20
          RenderListMarker at (-18,0) size 7x19: bullet
          RenderInline {A} at (0,0) size 274x19 [color=#0000EE]
            RenderText {#text} at (0,0) size 274x19
              text run at (0,0) width 274: "Substring matching attribute selector (end)"
          RenderText {#text} at (273,0) size 40x19
            text run at (273,0) width 40: " (#10)"
        RenderListItem {LI} at (40,200) size 744x20
          RenderListMarker at (-18,0) size 7x19: bullet
          RenderInline {A} at (0,0) size 304x19 [color=#0000EE]
            RenderText {#text} at (0,0) size 304x19
              text run at (0,0) width 304: "Substring matching attribute selector (contains)"
          RenderText {#text} at (303,0) size 39x19
            text run at (303,0) width 39: " (#11)"
        RenderListItem {LI} at (40,220) size 744x20
          RenderListMarker at (-18,0) size 7x19: bullet
          RenderInline {A} at (0,0) size 144x19 [color=#0000EE]
            RenderText {#text} at (0,0) size 144x19
              text run at (0,0) width 144: "Default attribute value"
          RenderText {#text} at (143,0) size 40x19
            text run at (143,0) width 40: " (#12)"
        RenderListItem {LI} at (40,240) size 744x20
          RenderListMarker at (-18,0) size 7x19: bullet
          RenderInline {A} at (0,0) size 95x19 [color=#0000EE]
            RenderText {#text} at (0,0) size 95x19
              text run at (0,0) width 95: "Class selectors"
          RenderText {#text} at (94,0) size 40x19
            text run at (94,0) width 40: " (#13)"
        RenderListItem {LI} at (40,260) size 744x20
          RenderListMarker at (-18,0) size 7x19: bullet
          RenderInline {A} at (0,0) size 183x19 [color=#0000EE]
            RenderText {#text} at (0,0) size 183x19
              text run at (0,0) width 183: "More than one class selector"
          RenderText {#text} at (182,0) size 39x19
            text run at (182,0) width 39: " (#14)"
        RenderListItem {LI} at (40,280) size 744x20
          RenderListMarker at (-18,0) size 7x19: bullet
          RenderInline {A} at (0,0) size 77x19 [color=#0000EE]
            RenderText {#text} at (0,0) size 77x19
              text run at (0,0) width 77: "ID selectors"
          RenderText {#text} at (76,0) size 40x19
            text run at (76,0) width 40: " (#15)"
        RenderListItem {LI} at (40,300) size 744x20
          RenderListMarker at (-18,0) size 7x19: bullet
          RenderInline {A} at (0,0) size 116x19 [color=#0000EE]
            RenderText {#text} at (0,0) size 116x19
              text run at (0,0) width 116: ":link pseudo-class"
          RenderText {#text} at (115,0) size 39x19
            text run at (115,0) width 39: " (#16)"
        RenderListItem {LI} at (40,320) size 744x20
          RenderListMarker at (-18,0) size 7x19: bullet
          RenderInline {A} at (0,0) size 133x19 [color=#0000EE]
            RenderText {#text} at (0,0) size 133x19
              text run at (0,0) width 133: ":visited pseudo-class"
          RenderText {#text} at (132,0) size 40x19
            text run at (132,0) width 40: " (#17)"
        RenderListItem {LI} at (40,340) size 744x20
          RenderListMarker at (-18,0) size 7x19: bullet
          RenderInline {A} at (0,0) size 127x19 [color=#0000EE]
            RenderText {#text} at (0,0) size 127x19
              text run at (0,0) width 127: ":hover pseudo-class"
          RenderText {#text} at (126,0) size 40x19
            text run at (126,0) width 40: " (#18)"
        RenderListItem {LI} at (40,360) size 744x20
          RenderListMarker at (-18,0) size 7x19: bullet
          RenderInline {A} at (0,0) size 127x19 [color=#0000EE]
            RenderText {#text} at (0,0) size 127x19
              text run at (0,0) width 127: ":hover pseudo-class"
          RenderText {#text} at (126,0) size 48x19
            text run at (126,0) width 48: " (#18b)"
        RenderListItem {LI} at (40,380) size 744x20
          RenderListMarker at (-18,0) size 7x19: bullet
          RenderInline {A} at (0,0) size 129x19 [color=#0000EE]
            RenderText {#text} at (0,0) size 129x19
              text run at (0,0) width 129: ":active pseudo-class"
          RenderText {#text} at (128,0) size 40x19
            text run at (128,0) width 40: " (#19)"
        RenderListItem {LI} at (40,400) size 744x20
          RenderListMarker at (-18,0) size 7x19: bullet
          RenderInline {A} at (0,0) size 125x19 [color=#0000EE]
            RenderText {#text} at (0,0) size 125x19
              text run at (0,0) width 125: ":focus pseudo-class"
          RenderText {#text} at (124,0) size 40x19
            text run at (124,0) width 40: " (#20)"
        RenderListItem {LI} at (40,420) size 744x20
          RenderListMarker at (-18,0) size 7x19: bullet
          RenderInline {A} at (0,0) size 127x19 [color=#0000EE]
            RenderText {#text} at (0,0) size 127x19
              text run at (0,0) width 127: ":target pseudo-class"
          RenderText {#text} at (126,0) size 39x19
            text run at (126,0) width 39: " (#21)"
        RenderListItem {LI} at (40,440) size 744x20
          RenderListMarker at (-18,0) size 7x19: bullet
          RenderInline {A} at (0,0) size 127x19 [color=#0000EE]
            RenderText {#text} at (0,0) size 127x19
              text run at (0,0) width 127: ":target pseudo-class"
          RenderText {#text} at (126,0) size 47x19
            text run at (126,0) width 47: " (#21b)"
        RenderListItem {LI} at (40,460) size 744x20
          RenderListMarker at (-18,0) size 7x19: bullet
          RenderInline {A} at (0,0) size 127x19 [color=#0000EE]
            RenderText {#text} at (0,0) size 127x19
              text run at (0,0) width 127: ":target pseudo-class"
          RenderText {#text} at (126,0) size 47x19
            text run at (126,0) width 47: " (#21c)"
        RenderListItem {LI} at (40,480) size 744x20
          RenderListMarker at (-18,0) size 7x19: bullet
          RenderInline {A} at (0,0) size 129x19 [color=#0000EE]
            RenderText {#text} at (0,0) size 129x19
              text run at (0,0) width 129: ":lang() pseudo-class"
          RenderText {#text} at (128,0) size 40x19
            text run at (128,0) width 40: " (#22)"
        RenderListItem {LI} at (40,500) size 744x20
          RenderListMarker at (-18,0) size 7x19: bullet
          RenderInline {A} at (0,0) size 140x19 [color=#0000EE]
            RenderText {#text} at (0,0) size 140x19
              text run at (0,0) width 140: ":enabled pseudo-class"
          RenderText {#text} at (139,0) size 40x19
            text run at (139,0) width 40: " (#23)"
        RenderListItem {LI} at (40,520) size 744x20
          RenderListMarker at (-18,0) size 7x19: bullet
          RenderInline {A} at (0,0) size 144x19 [color=#0000EE]
            RenderText {#text} at (0,0) size 144x19
              text run at (0,0) width 144: ":disabled pseudo-class"
          RenderText {#text} at (143,0) size 40x19
            text run at (143,0) width 40: " (#24)"
        RenderListItem {LI} at (40,540) size 744x20
          RenderListMarker at (-18,0) size 7x19: bullet
          RenderInline {A} at (0,0) size 143x19 [color=#0000EE]
            RenderText {#text} at (0,0) size 143x19
              text run at (0,0) width 143: ":checked pseudo-class"
          RenderText {#text} at (142,0) size 40x19
            text run at (142,0) width 40: " (#25)"
        RenderListItem {LI} at (40,560) size 744x20
          RenderListMarker at (-18,0) size 7x19: bullet
          RenderInline {A} at (0,0) size 116x19 [color=#0000EE]
            RenderText {#text} at (0,0) size 116x19
              text run at (0,0) width 116: ":root pseudo-class"
          RenderText {#text} at (115,0) size 40x19
            text run at (115,0) width 40: " (#27)"
        RenderListItem {LI} at (40,580) size 744x20
          RenderListMarker at (-18,0) size 7x19: bullet
          RenderInline {A} at (0,0) size 159x19 [color=#0000EE]
            RenderText {#text} at (0,0) size 159x19
              text run at (0,0) width 159: ":nth-child() pseudo-class"
          RenderText {#text} at (158,0) size 40x19
            text run at (158,0) width 40: " (#28)"
        RenderListItem {LI} at (40,600) size 744x20
          RenderListMarker at (-18,0) size 7x19: bullet
          RenderInline {A} at (0,0) size 159x19 [color=#0000EE]
            RenderText {#text} at (0,0) size 159x19
              text run at (0,0) width 159: ":nth-child() pseudo-class"
          RenderText {#text} at (158,0) size 48x19
            text run at (158,0) width 48: " (#28b)"
        RenderListItem {LI} at (40,620) size 744x20
          RenderListMarker at (-18,0) size 7x19: bullet
          RenderInline {A} at (0,0) size 187x19 [color=#0000EE]
            RenderText {#text} at (0,0) size 187x19
              text run at (0,0) width 187: ":nth-last-child() pseudo-class"
          RenderText {#text} at (186,0) size 39x19
            text run at (186,0) width 39: " (#29)"
        RenderListItem {LI} at (40,640) size 744x20
          RenderListMarker at (-18,0) size 7x19: bullet
          RenderInline {A} at (0,0) size 187x19 [color=#0000EE]
            RenderText {#text} at (0,0) size 187x19
              text run at (0,0) width 187: ":nth-last-child() pseudo-class"
          RenderText {#text} at (186,0) size 47x19
            text run at (186,0) width 47: " (#29b)"
        RenderListItem {LI} at (40,660) size 744x20
          RenderListMarker at (-18,0) size 7x19: bullet
          RenderInline {A} at (0,0) size 173x19 [color=#0000EE]
            RenderText {#text} at (0,0) size 173x19
              text run at (0,0) width 173: ":nth-of-type() pseudo-class"
          RenderText {#text} at (172,0) size 40x19
            text run at (172,0) width 40: " (#30)"
        RenderListItem {LI} at (40,680) size 744x20
          RenderListMarker at (-18,0) size 7x19: bullet
          RenderInline {A} at (0,0) size 201x19 [color=#0000EE]
            RenderText {#text} at (0,0) size 201x19
              text run at (0,0) width 201: ":nth-last-of-type() pseudo-class"
          RenderText {#text} at (200,0) size 40x19
            text run at (200,0) width 40: " (#31)"
        RenderListItem {LI} at (40,700) size 744x20
          RenderListMarker at (-18,0) size 7x19: bullet
          RenderInline {A} at (0,0) size 154x19 [color=#0000EE]
            RenderText {#text} at (0,0) size 154x19
              text run at (0,0) width 154: ":first-child pseudo-class"
          RenderText {#text} at (153,0) size 39x19
            text run at (153,0) width 39: " (#32)"
        RenderListItem {LI} at (40,720) size 744x20
          RenderListMarker at (-18,0) size 7x19: bullet
          RenderInline {A} at (0,0) size 150x19 [color=#0000EE]
            RenderText {#text} at (0,0) size 150x19
              text run at (0,0) width 150: ":last-child pseudo-class"
          RenderText {#text} at (149,0) size 40x19
            text run at (149,0) width 40: " (#33)"
        RenderListItem {LI} at (40,740) size 744x20
          RenderListMarker at (-18,0) size 7x19: bullet
          RenderInline {A} at (0,0) size 168x19 [color=#0000EE]
            RenderText {#text} at (0,0) size 168x19
              text run at (0,0) width 168: ":first-of-type pseudo-class"
          RenderText {#text} at (167,0) size 40x19
            text run at (167,0) width 40: " (#34)"
        RenderListItem {LI} at (40,760) size 744x20
          RenderListMarker at (-18,0) size 7x19: bullet
          RenderInline {A} at (0,0) size 164x19 [color=#0000EE]
            RenderText {#text} at (0,0) size 164x19
              text run at (0,0) width 164: ":last-of-type pseudo-class"
          RenderText {#text} at (163,0) size 40x19
            text run at (163,0) width 40: " (#35)"
        RenderListItem {LI} at (40,780) size 744x20
          RenderListMarker at (-18,0) size 7x19: bullet
          RenderInline {A} at (0,0) size 156x19 [color=#0000EE]
            RenderText {#text} at (0,0) size 156x19
              text run at (0,0) width 156: ":only-child pseudo-class"
          RenderText {#text} at (155,0) size 40x19
            text run at (155,0) width 40: " (#36)"
        RenderListItem {LI} at (40,800) size 744x20
          RenderListMarker at (-18,0) size 7x19: bullet
          RenderInline {A} at (0,0) size 171x19 [color=#0000EE]
            RenderText {#text} at (0,0) size 171x19
              text run at (0,0) width 171: ":only-of-type pseudo-class"
          RenderText {#text} at (170,0) size 39x19
            text run at (170,0) width 39: " (#37)"
        RenderListItem {LI} at (40,820) size 744x20
          RenderListMarker at (-18,0) size 7x19: bullet
          RenderInline {A} at (0,0) size 170x19 [color=#0000EE]
            RenderText {#text} at (0,0) size 170x19
              text run at (0,0) width 170: "::first-line pseudo-element"
          RenderText {#text} at (169,0) size 39x19
            text run at (169,0) width 39: " (#38)"
        RenderListItem {LI} at (40,840) size 744x20
          RenderListMarker at (-18,0) size 7x19: bullet
          RenderInline {A} at (0,0) size 179x19 [color=#0000EE]
            RenderText {#text} at (0,0) size 179x19
              text run at (0,0) width 179: "::first-letter pseudo-element"
          RenderText {#text} at (178,0) size 39x19
            text run at (178,0) width 39: " (#39)"
        RenderListItem {LI} at (40,860) size 744x20
          RenderListMarker at (-18,0) size 7x19: bullet
          RenderInline {A} at (0,0) size 370x19 [color=#0000EE]
            RenderText {#text} at (0,0) size 370x19
              text run at (0,0) width 370: "::first-letter pseudo-element with ::before pseudo-element"
          RenderText {#text} at (369,0) size 47x19
            text run at (369,0) width 47: " (#39a)"
        RenderListItem {LI} at (40,880) size 744x20
          RenderListMarker at (-18,0) size 7x19: bullet
          RenderInline {A} at (0,0) size 370x19 [color=#0000EE]
            RenderText {#text} at (0,0) size 370x19
              text run at (0,0) width 370: "::first-letter pseudo-element with ::before pseudo-element"
          RenderText {#text} at (369,0) size 47x19
            text run at (369,0) width 47: " (#39a)"
        RenderListItem {LI} at (40,900) size 744x20
          RenderListMarker at (-18,0) size 7x19: bullet
          RenderInline {A} at (0,0) size 179x19 [color=#0000EE]
            RenderText {#text} at (0,0) size 179x19
              text run at (0,0) width 179: "::first-letter pseudo-element"
          RenderText {#text} at (178,0) size 47x19
            text run at (178,0) width 47: " (#39b)"
        RenderListItem {LI} at (40,920) size 744x20
          RenderListMarker at (-18,0) size 7x19: bullet
          RenderInline {A} at (0,0) size 172x19 [color=#0000EE]
            RenderText {#text} at (0,0) size 172x19
              text run at (0,0) width 172: "::selection pseudo-element"
          RenderText {#text} at (171,0) size 39x19
            text run at (171,0) width 39: " (#40)"
        RenderListItem {LI} at (40,940) size 744x20
          RenderListMarker at (-18,0) size 7x19: bullet
          RenderInline {A} at (0,0) size 156x19 [color=#0000EE]
            RenderText {#text} at (0,0) size 156x19
              text run at (0,0) width 156: "::before pseudo-element"
          RenderText {#text} at (155,0) size 39x19
            text run at (155,0) width 39: " (#41)"
        RenderListItem {LI} at (40,960) size 744x20
          RenderListMarker at (-18,0) size 7x19: bullet
          RenderInline {A} at (0,0) size 144x19 [color=#0000EE]
            RenderText {#text} at (0,0) size 144x19
              text run at (0,0) width 144: "::after pseudo-element"
          RenderText {#text} at (143,0) size 40x19
            text run at (143,0) width 40: " (#42)"
        RenderListItem {LI} at (40,980) size 744x20
          RenderListMarker at (-18,0) size 7x19: bullet
          RenderInline {A} at (0,0) size 152x19 [color=#0000EE]
            RenderText {#text} at (0,0) size 152x19
              text run at (0,0) width 152: "Descendant combinator"
          RenderText {#text} at (151,0) size 40x19
            text run at (151,0) width 40: " (#43)"
        RenderListItem {LI} at (40,1000) size 744x20
          RenderListMarker at (-18,0) size 7x19: bullet
          RenderInline {A} at (0,0) size 152x19 [color=#0000EE]
            RenderText {#text} at (0,0) size 152x19
              text run at (0,0) width 152: "Descendant combinator"
          RenderText {#text} at (151,0) size 48x19
            text run at (151,0) width 48: " (#43b)"
        RenderListItem {LI} at (40,1020) size 744x20
          RenderListMarker at (-18,0) size 7x19: bullet
          RenderInline {A} at (0,0) size 113x19 [color=#0000EE]
            RenderText {#text} at (0,0) size 113x19
              text run at (0,0) width 113: "Child combinator"
          RenderText {#text} at (112,0) size 40x19
            text run at (112,0) width 40: " (#44)"
        RenderListItem {LI} at (40,1040) size 744x20
          RenderListMarker at (-18,0) size 7x19: bullet
          RenderInline {A} at (0,0) size 113x19 [color=#0000EE]
            RenderText {#text} at (0,0) size 113x19
              text run at (0,0) width 113: "Child combinator"
          RenderText {#text} at (112,0) size 48x19
            text run at (112,0) width 48: " (#44b)"
        RenderListItem {LI} at (40,1060) size 744x20
          RenderListMarker at (-18,0) size 7x19: bullet
          RenderInline {A} at (0,0) size 188x19 [color=#0000EE]
            RenderText {#text} at (0,0) size 188x19
              text run at (0,0) width 188: "Child combinator and classes"
          RenderText {#text} at (187,0) size 47x19
            text run at (187,0) width 47: " (#44c)"
        RenderListItem {LI} at (40,1080) size 744x20
          RenderListMarker at (-18,0) size 7x19: bullet
          RenderInline {A} at (0,0) size 172x19 [color=#0000EE]
            RenderText {#text} at (0,0) size 172x19
              text run at (0,0) width 172: "Child combinatior and IDs"
          RenderText {#text} at (171,0) size 47x19
            text run at (171,0) width 47: " (#44d)"
        RenderListItem {LI} at (40,1100) size 744x20
          RenderListMarker at (-18,0) size 7x19: bullet
          RenderInline {A} at (0,0) size 175x19 [color=#0000EE]
            RenderText {#text} at (0,0) size 175x19
              text run at (0,0) width 175: "Direct adjacent combinator"
          RenderText {#text} at (174,0) size 39x19
            text run at (174,0) width 39: " (#45)"
        RenderListItem {LI} at (40,1120) size 744x20
          RenderListMarker at (-18,0) size 7x19: bullet
          RenderInline {A} at (0,0) size 175x19 [color=#0000EE]
            RenderText {#text} at (0,0) size 175x19
              text run at (0,0) width 175: "Direct adjacent combinator"
          RenderText {#text} at (174,0) size 47x19
            text run at (174,0) width 47: " (#45b)"
        RenderListItem {LI} at (40,1140) size 744x20
          RenderListMarker at (-18,0) size 7x19: bullet
          RenderInline {A} at (0,0) size 250x19 [color=#0000EE]
            RenderText {#text} at (0,0) size 250x19
              text run at (0,0) width 250: "Direct adjacent combinator and classes"
          RenderText {#text} at (249,0) size 47x19
            text run at (249,0) width 47: " (#45c)"
        RenderListItem {LI} at (40,1160) size 744x20
          RenderListMarker at (-18,0) size 7x19: bullet
          RenderInline {A} at (0,0) size 184x19 [color=#0000EE]
            RenderText {#text} at (0,0) size 184x19
              text run at (0,0) width 184: "Indirect adjacent combinator"
          RenderText {#text} at (183,0) size 40x19
            text run at (183,0) width 40: " (#46)"
        RenderListItem {LI} at (40,1180) size 744x20
          RenderListMarker at (-18,0) size 7x19: bullet
          RenderInline {A} at (0,0) size 184x19 [color=#0000EE]
            RenderText {#text} at (0,0) size 184x19
              text run at (0,0) width 184: "Indirect adjacent combinator"
          RenderText {#text} at (183,0) size 48x19
            text run at (183,0) width 48: " (#46b)"
        RenderListItem {LI} at (40,1200) size 744x20
          RenderListMarker at (-18,0) size 7x19: bullet
          RenderInline {A} at (0,0) size 400x19 [color=#0000EE]
            RenderText {#text} at (0,0) size 400x19
              text run at (0,0) width 400: "NEGATED substring matching attribute selector on beginning"
          RenderText {#text} at (399,0) size 39x19
            text run at (399,0) width 39: " (#54)"
        RenderListItem {LI} at (40,1220) size 744x20
          RenderListMarker at (-18,0) size 7x19: bullet
          RenderInline {A} at (0,0) size 359x19 [color=#0000EE]
            RenderText {#text} at (0,0) size 359x19
              text run at (0,0) width 359: "NEGATED substring matching attribute selector on end"
          RenderText {#text} at (358,0) size 39x19
            text run at (358,0) width 39: " (#55)"
        RenderListItem {LI} at (40,1240) size 744x20
          RenderListMarker at (-18,0) size 7x19: bullet
          RenderInline {A} at (0,0) size 380x19 [color=#0000EE]
            RenderText {#text} at (0,0) size 380x19
              text run at (0,0) width 380: "NEGATED substring matching attribute selector on middle"
          RenderText {#text} at (379,0) size 40x19
            text run at (379,0) width 40: " (#56)"
        RenderListItem {LI} at (40,1260) size 744x20
          RenderListMarker at (-18,0) size 7x19: bullet
          RenderInline {A} at (0,0) size 316x19 [color=#0000EE]
            RenderText {#text} at (0,0) size 316x19
              text run at (0,0) width 316: "Default attribute value and negation pseudo-class"
          RenderText {#text} at (315,0) size 40x19
            text run at (315,0) width 40: " (#58)"
        RenderListItem {LI} at (40,1280) size 744x20
          RenderListMarker at (-18,0) size 7x19: bullet
          RenderInline {A} at (0,0) size 163x19 [color=#0000EE]
            RenderText {#text} at (0,0) size 163x19
              text run at (0,0) width 163: "NEGATED class selector"
          RenderText {#text} at (162,0) size 40x19
            text run at (162,0) width 40: " (#59)"
        RenderListItem {LI} at (40,1300) size 744x20
          RenderListMarker at (-18,0) size 7x19: bullet
          RenderInline {A} at (0,0) size 149x19 [color=#0000EE]
            RenderText {#text} at (0,0) size 149x19
              text run at (0,0) width 149: "NEGATED ID selector"
          RenderText {#text} at (148,0) size 40x19
            text run at (148,0) width 40: " (#60)"
        RenderListItem {LI} at (40,1320) size 744x20
          RenderListMarker at (-18,0) size 7x19: bullet
          RenderInline {A} at (0,0) size 193x19 [color=#0000EE]
            RenderText {#text} at (0,0) size 193x19
              text run at (0,0) width 193: "NEGATED :link pseudo-class"
          RenderText {#text} at (192,0) size 40x19
            text run at (192,0) width 40: " (#61)"
        RenderListItem {LI} at (40,1340) size 744x20
          RenderListMarker at (-18,0) size 7x19: bullet
          RenderInline {A} at (0,0) size 211x19 [color=#0000EE]
            RenderText {#text} at (0,0) size 211x19
              text run at (0,0) width 211: "NEGATED :visited pseudo-class"
          RenderText {#text} at (210,0) size 40x19
            text run at (210,0) width 40: " (#62)"
        RenderListItem {LI} at (40,1360) size 744x20
          RenderListMarker at (-18,0) size 7x19: bullet
          RenderInline {A} at (0,0) size 205x19 [color=#0000EE]
            RenderText {#text} at (0,0) size 205x19
              text run at (0,0) width 205: "NEGATED :hover pseudo-class"
          RenderText {#text} at (204,0) size 40x19
            text run at (204,0) width 40: " (#63)"
        RenderListItem {LI} at (40,1380) size 744x20
          RenderListMarker at (-18,0) size 7x19: bullet
          RenderInline {A} at (0,0) size 207x19 [color=#0000EE]
            RenderText {#text} at (0,0) size 207x19
              text run at (0,0) width 207: "NEGATED :active pseudo-class"
          RenderText {#text} at (206,0) size 39x19
            text run at (206,0) width 39: " (#64)"
        RenderListItem {LI} at (40,1400) size 744x20
          RenderListMarker at (-18,0) size 7x19: bullet
          RenderInline {A} at (0,0) size 203x19 [color=#0000EE]
            RenderText {#text} at (0,0) size 203x19
              text run at (0,0) width 203: "NEGATED :focus pseudo-class"
          RenderText {#text} at (202,0) size 40x19
            text run at (202,0) width 40: " (#65)"
        RenderListItem {LI} at (40,1420) size 744x20
          RenderListMarker at (-18,0) size 7x19: bullet
          RenderInline {A} at (0,0) size 205x19 [color=#0000EE]
            RenderText {#text} at (0,0) size 205x19
              text run at (0,0) width 205: "NEGATED :target pseudo-class"
          RenderText {#text} at (204,0) size 39x19
            text run at (204,0) width 39: " (#66)"
        RenderListItem {LI} at (40,1440) size 744x20
          RenderListMarker at (-18,0) size 7x19: bullet
          RenderInline {A} at (0,0) size 205x19 [color=#0000EE]
            RenderText {#text} at (0,0) size 205x19
              text run at (0,0) width 205: "NEGATED :target pseudo-class"
          RenderText {#text} at (204,0) size 47x19
            text run at (204,0) width 47: " (#66b)"
        RenderListItem {LI} at (40,1460) size 744x20
          RenderListMarker at (-18,0) size 7x19: bullet
          RenderInline {A} at (0,0) size 207x19 [color=#0000EE]
            RenderText {#text} at (0,0) size 207x19
              text run at (0,0) width 207: "NEGATED :lang() pseudo-class"
          RenderText {#text} at (206,0) size 39x19
            text run at (206,0) width 39: " (#67)"
        RenderListItem {LI} at (40,1480) size 744x20
          RenderListMarker at (-18,0) size 7x19: bullet
          RenderInline {A} at (0,0) size 221x19 [color=#0000EE]
            RenderText {#text} at (0,0) size 221x19
              text run at (0,0) width 221: "NEGATED :checked pseudo-class"
          RenderText {#text} at (220,0) size 40x19
            text run at (220,0) width 40: " (#70)"
        RenderListItem {LI} at (40,1500) size 744x20
          RenderListMarker at (-18,0) size 7x19: bullet
          RenderInline {A} at (0,0) size 194x19 [color=#0000EE]
            RenderText {#text} at (0,0) size 194x19
              text run at (0,0) width 194: "NEGATED :root pseudo-class"
          RenderText {#text} at (193,0) size 40x19
            text run at (193,0) width 40: " (#72)"
        RenderListItem {LI} at (40,1520) size 744x20
          RenderListMarker at (-18,0) size 7x19: bullet
          RenderInline {A} at (0,0) size 194x19 [color=#0000EE]
            RenderText {#text} at (0,0) size 194x19
              text run at (0,0) width 194: "NEGATED :root pseudo-class"
          RenderText {#text} at (193,0) size 48x19
            text run at (193,0) width 48: " (#72b)"
        RenderListItem {LI} at (40,1540) size 744x20
          RenderListMarker at (-18,0) size 7x19: bullet
          RenderInline {A} at (0,0) size 237x19 [color=#0000EE]
            RenderText {#text} at (0,0) size 237x19
              text run at (0,0) width 237: "NEGATED :nth-child() pseudo-class"
          RenderText {#text} at (236,0) size 40x19
            text run at (236,0) width 40: " (#73)"
        RenderListItem {LI} at (40,1560) size 744x20
          RenderListMarker at (-18,0) size 7x19: bullet
          RenderInline {A} at (0,0) size 237x19 [color=#0000EE]
            RenderText {#text} at (0,0) size 237x19
              text run at (0,0) width 237: "NEGATED :nth-child() pseudo-class"
          RenderText {#text} at (236,0) size 48x19
            text run at (236,0) width 48: " (#73b)"
        RenderListItem {LI} at (40,1580) size 744x20
          RenderListMarker at (-18,0) size 7x19: bullet
          RenderInline {A} at (0,0) size 264x19 [color=#0000EE]
            RenderText {#text} at (0,0) size 264x19
              text run at (0,0) width 264: "NEGATED :nth-last-child() pseudo-class"
          RenderText {#text} at (263,0) size 40x19
            text run at (263,0) width 40: " (#74)"
        RenderListItem {LI} at (40,1600) size 744x20
          RenderListMarker at (-18,0) size 7x19: bullet
          RenderInline {A} at (0,0) size 264x19 [color=#0000EE]
            RenderText {#text} at (0,0) size 264x19
              text run at (0,0) width 264: "NEGATED :nth-last-child() pseudo-class"
          RenderText {#text} at (263,0) size 48x19
            text run at (263,0) width 48: " (#74b)"
        RenderListItem {LI} at (40,1620) size 744x20
          RenderListMarker at (-18,0) size 7x19: bullet
          RenderInline {A} at (0,0) size 251x19 [color=#0000EE]
            RenderText {#text} at (0,0) size 251x19
              text run at (0,0) width 251: "NEGATED :nth-of-type() pseudo-class"
          RenderText {#text} at (250,0) size 40x19
            text run at (250,0) width 40: " (#75)"
        RenderListItem {LI} at (40,1640) size 744x20
          RenderListMarker at (-18,0) size 7x19: bullet
          RenderInline {A} at (0,0) size 251x19 [color=#0000EE]
            RenderText {#text} at (0,0) size 251x19
              text run at (0,0) width 251: "NEGATED :nth-of-type() pseudo-class"
          RenderText {#text} at (250,0) size 48x19
            text run at (250,0) width 48: " (#75b)"
        RenderListItem {LI} at (40,1660) size 744x20
          RenderListMarker at (-18,0) size 7x19: bullet
          RenderInline {A} at (0,0) size 279x19 [color=#0000EE]
            RenderText {#text} at (0,0) size 279x19
              text run at (0,0) width 279: "NEGATED :nth-last-of-type() pseudo-class"
          RenderText {#text} at (278,0) size 39x19
            text run at (278,0) width 39: " (#76)"
        RenderListItem {LI} at (40,1680) size 744x20
          RenderListMarker at (-18,0) size 7x19: bullet
          RenderInline {A} at (0,0) size 279x19 [color=#0000EE]
            RenderText {#text} at (0,0) size 279x19
              text run at (0,0) width 279: "NEGATED :nth-last-of-type() pseudo-class"
          RenderText {#text} at (278,0) size 47x19
            text run at (278,0) width 47: " (#76b)"
        RenderListItem {LI} at (40,1700) size 744x20
          RenderListMarker at (-18,0) size 7x19: bullet
          RenderInline {A} at (0,0) size 232x19 [color=#0000EE]
            RenderText {#text} at (0,0) size 232x19
              text run at (0,0) width 232: "NEGATED :first-child pseudo-class"
          RenderText {#text} at (231,0) size 39x19
            text run at (231,0) width 39: " (#77)"
        RenderListItem {LI} at (40,1720) size 744x20
          RenderListMarker at (-18,0) size 7x19: bullet
          RenderInline {A} at (0,0) size 232x19 [color=#0000EE]
            RenderText {#text} at (0,0) size 232x19
              text run at (0,0) width 232: "NEGATED :first-child pseudo-class"
          RenderText {#text} at (231,0) size 47x19
            text run at (231,0) width 47: " (#77b)"
        RenderListItem {LI} at (40,1740) size 744x20
          RenderListMarker at (-18,0) size 7x19: bullet
          RenderInline {A} at (0,0) size 228x19 [color=#0000EE]
            RenderText {#text} at (0,0) size 228x19
              text run at (0,0) width 228: "NEGATED :last-child pseudo-class"
          RenderText {#text} at (227,0) size 40x19
            text run at (227,0) width 40: " (#78)"
        RenderListItem {LI} at (40,1760) size 744x20
          RenderListMarker at (-18,0) size 7x19: bullet
          RenderInline {A} at (0,0) size 228x19 [color=#0000EE]
            RenderText {#text} at (0,0) size 228x19
              text run at (0,0) width 228: "NEGATED :last-child pseudo-class"
          RenderText {#text} at (227,0) size 48x19
            text run at (227,0) width 48: " (#78b)"
        RenderListItem {LI} at (40,1780) size 744x20
          RenderListMarker at (-18,0) size 7x19: bullet
          RenderInline {A} at (0,0) size 246x19 [color=#0000EE]
            RenderText {#text} at (0,0) size 246x19
              text run at (0,0) width 246: "NEGATED :first-of-type pseudo-class"
          RenderText {#text} at (245,0) size 39x19
            text run at (245,0) width 39: " (#79)"
        RenderListItem {LI} at (40,1800) size 744x20
          RenderListMarker at (-18,0) size 7x19: bullet
          RenderInline {A} at (0,0) size 242x19 [color=#0000EE]
            RenderText {#text} at (0,0) size 242x19
              text run at (0,0) width 242: "NEGATED :last-of-type pseudo-class"
          RenderText {#text} at (241,0) size 40x19
            text run at (241,0) width 40: " (#80)"
        RenderListItem {LI} at (40,1820) size 744x20
          RenderListMarker at (-18,0) size 7x19: bullet
          RenderInline {A} at (0,0) size 234x19 [color=#0000EE]
            RenderText {#text} at (0,0) size 234x19
              text run at (0,0) width 234: "NEGATED :only-child pseudo-class"
          RenderText {#text} at (233,0) size 40x19
            text run at (233,0) width 40: " (#81)"
        RenderListItem {LI} at (40,1840) size 744x20
          RenderListMarker at (-18,0) size 7x19: bullet
          RenderInline {A} at (0,0) size 234x19 [color=#0000EE]
            RenderText {#text} at (0,0) size 234x19
              text run at (0,0) width 234: "NEGATED :only-child pseudo-class"
          RenderText {#text} at (233,0) size 48x19
            text run at (233,0) width 48: " (#81b)"
        RenderListItem {LI} at (40,1860) size 744x20
          RenderListMarker at (-18,0) size 7x19: bullet
          RenderInline {A} at (0,0) size 248x19 [color=#0000EE]
            RenderText {#text} at (0,0) size 248x19
              text run at (0,0) width 248: "NEGATED :only-of-type pseudo-class"
          RenderText {#text} at (247,0) size 40x19
            text run at (247,0) width 40: " (#82)"
        RenderListItem {LI} at (40,1880) size 744x20
          RenderListMarker at (-18,0) size 7x19: bullet
          RenderInline {A} at (0,0) size 248x19 [color=#0000EE]
            RenderText {#text} at (0,0) size 248x19
              text run at (0,0) width 248: "NEGATED :only-of-type pseudo-class"
          RenderText {#text} at (247,0) size 48x19
            text run at (247,0) width 48: " (#82b)"
        RenderListItem {LI} at (40,1900) size 744x20
          RenderListMarker at (-18,0) size 7x19: bullet
          RenderInline {A} at (0,0) size 347x19 [color=#0000EE]
            RenderText {#text} at (0,0) size 347x19
              text run at (0,0) width 347: "Negation pseudo-class cannot be an argument of itself"
          RenderText {#text} at (346,0) size 40x19
            text run at (346,0) width 40: " (#83)"
        RenderListItem {LI} at (40,1920) size 744x20
          RenderListMarker at (-18,0) size 7x19: bullet
          RenderInline {A} at (0,0) size 155x19 [color=#0000EE]
            RenderText {#text} at (0,0) size 155x19
              text run at (0,0) width 155: ":contains() pseudo-class"
          RenderText {#text} at (154,0) size 39x19
            text run at (154,0) width 39: " (#84)"
        RenderListItem {LI} at (40,1940) size 744x20
          RenderListMarker at (-18,0) size 7x19: bullet
          RenderInline {A} at (0,0) size 155x19 [color=#0000EE]
            RenderText {#text} at (0,0) size 155x19
              text run at (0,0) width 155: ":contains() pseudo-class"
          RenderText {#text} at (154,0) size 47x19
            text run at (154,0) width 47: " (#84b)"
        RenderListItem {LI} at (40,1960) size 744x20
          RenderListMarker at (-18,0) size 7x19: bullet
          RenderInline {A} at (0,0) size 232x19 [color=#0000EE]
            RenderText {#text} at (0,0) size 232x19
              text run at (0,0) width 232: "NEGATED :contains() pseudo-class"
          RenderText {#text} at (231,0) size 40x19
            text run at (231,0) width 40: " (#85)"
        RenderListItem {LI} at (40,1980) size 744x20
          RenderListMarker at (-18,0) size 7x19: bullet
          RenderInline {A} at (0,0) size 453x19 [color=#0000EE]
            RenderText {#text} at (0,0) size 453x19
              text run at (0,0) width 453: "Nondeterministic matching of direct and indirect adjacent combinators"
          RenderText {#text} at (452,0) size 40x19
            text run at (452,0) width 40: " (#87)"
        RenderListItem {LI} at (40,2000) size 744x20
          RenderListMarker at (-18,0) size 7x19: bullet
          RenderInline {A} at (0,0) size 453x19 [color=#0000EE]
            RenderText {#text} at (0,0) size 453x19
              text run at (0,0) width 453: "Nondeterministic matching of direct and indirect adjacent combinators"
          RenderText {#text} at (452,0) size 48x19
            text run at (452,0) width 48: " (#87b)"
        RenderListItem {LI} at (40,2020) size 744x20
          RenderListMarker at (-18,0) size 7x19: bullet
          RenderInline {A} at (0,0) size 475x19 [color=#0000EE]
            RenderText {#text} at (0,0) size 475x19
              text run at (0,0) width 475: "Nondeterministic matching of descendant and direct adjacent combinators"
          RenderText {#text} at (474,0) size 40x19
            text run at (474,0) width 40: " (#88)"
        RenderListItem {LI} at (40,2040) size 744x20
          RenderListMarker at (-18,0) size 7x19: bullet
          RenderInline {A} at (0,0) size 475x19 [color=#0000EE]
            RenderText {#text} at (0,0) size 475x19
              text run at (0,0) width 475: "Nondeterministic matching of descendant and direct adjacent combinators"
          RenderText {#text} at (474,0) size 48x19
            text run at (474,0) width 48: " (#88b)"
        RenderListItem {LI} at (40,2060) size 744x20
          RenderListMarker at (-18,0) size 7x19: bullet
          RenderInline {A} at (0,0) size 368x19 [color=#0000EE]
            RenderText {#text} at (0,0) size 368x19
              text run at (0,0) width 368: "Simple combination of descendant and child combinators"
          RenderText {#text} at (367,0) size 40x19
            text run at (367,0) width 40: " (#89)"
        RenderListItem {LI} at (40,2080) size 744x20
          RenderListMarker at (-18,0) size 7x19: bullet
          RenderInline {A} at (0,0) size 408x19 [color=#0000EE]
            RenderText {#text} at (0,0) size 408x19
              text run at (0,0) width 408: "Simple combination of direct and indirect adjacent combinators"
          RenderText {#text} at (407,0) size 40x19
            text run at (407,0) width 40: " (#90)"
        RenderListItem {LI} at (40,2100) size 744x20
          RenderListMarker at (-18,0) size 7x19: bullet
          RenderInline {A} at (0,0) size 408x19 [color=#0000EE]
            RenderText {#text} at (0,0) size 408x19
              text run at (0,0) width 408: "Simple combination of direct and indirect adjacent combinators"
          RenderText {#text} at (407,0) size 48x19
            text run at (407,0) width 48: " (#90b)"
        RenderListItem {LI} at (40,2120) size 744x20
          RenderListMarker at (-18,0) size 7x19: bullet
          RenderInline {A} at (0,0) size 289x19 [color=#0000EE]
            RenderText {#text} at (0,0) size 289x19
              text run at (0,0) width 289: "NEGATED :enabled:disabled pseudo-classes"
          RenderText {#text} at (288,0) size 48x19
            text run at (288,0) width 48: " (#144)"
        RenderListItem {LI} at (40,2140) size 744x20
          RenderListMarker at (-18,0) size 7x19: bullet
          RenderInline {A} at (0,0) size 186x19 [color=#0000EE]
            RenderText {#text} at (0,0) size 186x19
              text run at (0,0) width 186: ":empty pseudo-class and text"
          RenderText {#text} at (185,0) size 47x19
            text run at (185,0) width 47: " (#148)"
        RenderListItem {LI} at (40,2160) size 744x20
          RenderListMarker at (-18,0) size 7x19: bullet
          RenderInline {A} at (0,0) size 263x19 [color=#0000EE]
            RenderText {#text} at (0,0) size 263x19
              text run at (0,0) width 263: ":empty pseudo-class and empty elements"
          RenderText {#text} at (262,0) size 47x19
            text run at (262,0) width 47: " (#149)"
        RenderListItem {LI} at (40,2180) size 744x20
          RenderListMarker at (-18,0) size 7x19: bullet
          RenderInline {A} at (0,0) size 263x19 [color=#0000EE]
            RenderText {#text} at (0,0) size 263x19
              text run at (0,0) width 263: ":empty pseudo-class and empty elements"
          RenderText {#text} at (262,0) size 55x19
            text run at (262,0) width 55: " (#149b)"
        RenderListItem {LI} at (40,2200) size 744x20
          RenderListMarker at (-18,0) size 7x19: bullet
          RenderInline {A} at (0,0) size 233x19 [color=#0000EE]
            RenderText {#text} at (0,0) size 233x19
              text run at (0,0) width 233: ":empty pseudo-class and whitespace"
          RenderText {#text} at (232,0) size 48x19
            text run at (232,0) width 48: " (#151)"
        RenderListItem {LI} at (40,2220) size 744x20
          RenderListMarker at (-18,0) size 7x19: bullet
          RenderInline {A} at (0,0) size 219x19 [color=#0000EE]
            RenderText {#text} at (0,0) size 219x19
              text run at (0,0) width 219: ":empty pseudo-class and elements"
          RenderText {#text} at (218,0) size 47x19
            text run at (218,0) width 47: " (#152)"
        RenderListItem {LI} at (40,2240) size 744x20
          RenderListMarker at (-18,0) size 7x19: bullet
          RenderInline {A} at (0,0) size 123x19 [color=#0000EE]
            RenderText {#text} at (0,0) size 123x19
              text run at (0,0) width 123: "Syntax and parsing"
          RenderText {#text} at (122,0) size 48x19
            text run at (122,0) width 48: " (#154)"
        RenderListItem {LI} at (40,2260) size 744x20
          RenderListMarker at (-18,0) size 7x19: bullet
          RenderInline {A} at (0,0) size 123x19 [color=#0000EE]
            RenderText {#text} at (0,0) size 123x19
              text run at (0,0) width 123: "Syntax and parsing"
          RenderText {#text} at (122,0) size 48x19
            text run at (122,0) width 48: " (#155)"
        RenderListItem {LI} at (40,2280) size 744x20
          RenderListMarker at (-18,0) size 7x19: bullet
          RenderInline {A} at (0,0) size 123x19 [color=#0000EE]
            RenderText {#text} at (0,0) size 123x19
              text run at (0,0) width 123: "Syntax and parsing"
          RenderText {#text} at (122,0) size 55x19
            text run at (122,0) width 55: " (#155a)"
        RenderListItem {LI} at (40,2300) size 744x20
          RenderListMarker at (-18,0) size 7x19: bullet
          RenderInline {A} at (0,0) size 123x19 [color=#0000EE]
            RenderText {#text} at (0,0) size 123x19
              text run at (0,0) width 123: "Syntax and parsing"
          RenderText {#text} at (122,0) size 56x19
            text run at (122,0) width 56: " (#155b)"
        RenderListItem {LI} at (40,2320) size 744x20
          RenderListMarker at (-18,0) size 7x19: bullet
          RenderInline {A} at (0,0) size 123x19 [color=#0000EE]
            RenderText {#text} at (0,0) size 123x19
              text run at (0,0) width 123: "Syntax and parsing"
          RenderText {#text} at (122,0) size 55x19
            text run at (122,0) width 55: " (#155c)"
        RenderListItem {LI} at (40,2340) size 744x20
          RenderListMarker at (-18,0) size 7x19: bullet
          RenderInline {A} at (0,0) size 123x19 [color=#0000EE]
            RenderText {#text} at (0,0) size 123x19
              text run at (0,0) width 123: "Syntax and parsing"
          RenderText {#text} at (122,0) size 56x19
            text run at (122,0) width 56: " (#155d)"
        RenderListItem {LI} at (40,2360) size 744x20
          RenderListMarker at (-18,0) size 7x19: bullet
          RenderInline {A} at (0,0) size 123x19 [color=#0000EE]
            RenderText {#text} at (0,0) size 123x19
              text run at (0,0) width 123: "Syntax and parsing"
          RenderText {#text} at (122,0) size 48x19
            text run at (122,0) width 48: " (#156)"
        RenderListItem {LI} at (40,2380) size 744x20
          RenderListMarker at (-18,0) size 7x19: bullet
          RenderInline {A} at (0,0) size 123x19 [color=#0000EE]
            RenderText {#text} at (0,0) size 123x19
              text run at (0,0) width 123: "Syntax and parsing"
          RenderText {#text} at (122,0) size 56x19
            text run at (122,0) width 56: " (#156b)"
        RenderListItem {LI} at (40,2400) size 744x20
          RenderListMarker at (-18,0) size 7x19: bullet
          RenderInline {A} at (0,0) size 123x19 [color=#0000EE]
            RenderText {#text} at (0,0) size 123x19
              text run at (0,0) width 123: "Syntax and parsing"
          RenderText {#text} at (122,0) size 55x19
            text run at (122,0) width 55: " (#156c)"
        RenderListItem {LI} at (40,2420) size 744x20
          RenderListMarker at (-18,0) size 7x19: bullet
          RenderInline {A} at (0,0) size 123x19 [color=#0000EE]
            RenderText {#text} at (0,0) size 123x19
              text run at (0,0) width 123: "Syntax and parsing"
          RenderText {#text} at (122,0) size 48x19
            text run at (122,0) width 48: " (#157)"
        RenderListItem {LI} at (40,2440) size 744x20
          RenderListMarker at (-18,0) size 7x19: bullet
          RenderInline {A} at (0,0) size 123x19 [color=#0000EE]
            RenderText {#text} at (0,0) size 123x19
              text run at (0,0) width 123: "Syntax and parsing"
          RenderText {#text} at (122,0) size 48x19
            text run at (122,0) width 48: " (#158)"
        RenderListItem {LI} at (40,2460) size 744x20
          RenderListMarker at (-18,0) size 7x19: bullet
          RenderInline {A} at (0,0) size 283x19 [color=#0000EE]
            RenderText {#text} at (0,0) size 283x19
              text run at (0,0) width 283: "Syntax and parsing of new pseudo-elements"
          RenderText {#text} at (282,0) size 47x19
            text run at (282,0) width 47: " (#159)"
        RenderListItem {LI} at (40,2480) size 744x20
          RenderListMarker at (-18,0) size 7x19: bullet
          RenderInline {A} at (0,0) size 303x19 [color=#0000EE]
            RenderText {#text} at (0,0) size 303x19
              text run at (0,0) width 303: "Syntax and parsing of unknown pseudo-classes"
          RenderText {#text} at (302,0) size 48x19
            text run at (302,0) width 48: " (#160)"
        RenderListItem {LI} at (40,2500) size 744x20
          RenderListMarker at (-18,0) size 7x19: bullet
          RenderInline {A} at (0,0) size 442x19 [color=#0000EE]
            RenderText {#text} at (0,0) size 442x19
              text run at (0,0) width 442: "Syntax and parsing of unknown pseudo-classes and pseudo-elements"
          RenderText {#text} at (441,0) size 47x19
            text run at (441,0) width 47: " (#161)"
        RenderListItem {LI} at (40,2520) size 744x20
          RenderListMarker at (-18,0) size 7x19: bullet
          RenderInline {A} at (0,0) size 140x19 [color=#0000EE]
            RenderText {#text} at (0,0) size 140x19
              text run at (0,0) width 140: "Contextual ::selection"
          RenderText {#text} at (139,0) size 48x19
            text run at (139,0) width 48: " (#162)"
        RenderListItem {LI} at (40,2540) size 744x20
          RenderListMarker at (-18,0) size 7x19: bullet
          RenderInline {A} at (0,0) size 132x19 [color=#0000EE]
            RenderText {#text} at (0,0) size 132x19
              text run at (0,0) width 132: "Contextual :contains"
          RenderText {#text} at (131,0) size 48x19
            text run at (131,0) width 48: " (#163)"
        RenderListItem {LI} at (40,2560) size 744x20
          RenderListMarker at (-18,0) size 7x19: bullet
          RenderInline {A} at (0,0) size 142x19 [color=#0000EE]
            RenderText {#text} at (0,0) size 142x19
              text run at (0,0) width 142: ":focus with ::selection"
          RenderText {#text} at (141,0) size 47x19
            text run at (141,0) width 47: " (#164)"
        RenderListItem {LI} at (40,2580) size 744x20
          RenderListMarker at (-18,0) size 7x19: bullet
          RenderInline {A} at (0,0) size 144x19 [color=#0000EE]
            RenderText {#text} at (0,0) size 144x19
              text run at (0,0) width 144: ":hover with ::selection"
          RenderText {#text} at (143,0) size 47x19
            text run at (143,0) width 47: " (#165)"
        RenderListItem {LI} at (40,2600) size 744x20
          RenderListMarker at (-18,0) size 7x19: bullet
          RenderInline {A} at (0,0) size 178x19 [color=#0000EE]
            RenderText {#text} at (0,0) size 178x19
              text run at (0,0) width 178: ":first-letter with ::first-letter"
          RenderText {#text} at (177,0) size 48x19
            text run at (177,0) width 48: " (#166)"
        RenderListItem {LI} at (40,2620) size 744x20
          RenderListMarker at (-18,0) size 7x19: bullet
          RenderInline {A} at (0,0) size 178x19 [color=#0000EE]
            RenderText {#text} at (0,0) size 178x19
              text run at (0,0) width 178: ":first-letter with ::first-letter"
          RenderText {#text} at (177,0) size 55x19
            text run at (177,0) width 55: " (#166a)"
        RenderListItem {LI} at (40,2640) size 744x20
          RenderListMarker at (-18,0) size 7x19: bullet
          RenderInline {A} at (0,0) size 160x19 [color=#0000EE]
            RenderText {#text} at (0,0) size 160x19
              text run at (0,0) width 160: ":first-line with ::first-line"
          RenderText {#text} at (159,0) size 48x19
            text run at (159,0) width 48: " (#167)"
        RenderListItem {LI} at (40,2660) size 744x20
          RenderListMarker at (-18,0) size 7x19: bullet
          RenderInline {A} at (0,0) size 160x19 [color=#0000EE]
            RenderText {#text} at (0,0) size 160x19
              text run at (0,0) width 160: ":first-line with ::first-line"
          RenderText {#text} at (159,0) size 55x19
            text run at (159,0) width 55: " (#167a)"
        RenderListItem {LI} at (40,2680) size 744x20
          RenderListMarker at (-18,0) size 7x19: bullet
          RenderInline {A} at (0,0) size 132x19 [color=#0000EE]
            RenderText {#text} at (0,0) size 132x19
              text run at (0,0) width 132: ":before with ::before"
          RenderText {#text} at (131,0) size 48x19
            text run at (131,0) width 48: " (#168)"
        RenderListItem {LI} at (40,2700) size 744x20
          RenderListMarker at (-18,0) size 7x19: bullet
          RenderInline {A} at (0,0) size 132x19 [color=#0000EE]
            RenderText {#text} at (0,0) size 132x19
              text run at (0,0) width 132: ":before with ::before"
          RenderText {#text} at (131,0) size 55x19
            text run at (131,0) width 55: " (#168a)"
        RenderListItem {LI} at (40,2720) size 744x20
          RenderListMarker at (-18,0) size 7x19: bullet
          RenderInline {A} at (0,0) size 109x19 [color=#0000EE]
            RenderText {#text} at (0,0) size 109x19
              text run at (0,0) width 109: ":after with ::after"
          RenderText {#text} at (108,0) size 48x19
            text run at (108,0) width 48: " (#169)"
        RenderListItem {LI} at (40,2740) size 744x20
          RenderListMarker at (-18,0) size 7x19: bullet
          RenderInline {A} at (0,0) size 109x19 [color=#0000EE]
            RenderText {#text} at (0,0) size 109x19
              text run at (0,0) width 109: ":after with ::after"
          RenderText {#text} at (108,0) size 55x19
            text run at (108,0) width 55: " (#169a)"
        RenderListItem {LI} at (40,2760) size 744x20
          RenderListMarker at (-18,0) size 7x19: bullet
          RenderInline {A} at (0,0) size 156x19 [color=#0000EE]
            RenderText {#text} at (0,0) size 156x19
              text run at (0,0) width 156: "Long chains of selectors"
          RenderText {#text} at (155,0) size 48x19
            text run at (155,0) width 48: " (#170)"
        RenderListItem {LI} at (40,2780) size 744x20
          RenderListMarker at (-18,0) size 7x19: bullet
          RenderInline {A} at (0,0) size 156x19 [color=#0000EE]
            RenderText {#text} at (0,0) size 156x19
              text run at (0,0) width 156: "Long chains of selectors"
          RenderText {#text} at (155,0) size 55x19
            text run at (155,0) width 55: " (#170a)"
        RenderListItem {LI} at (40,2800) size 744x20
          RenderListMarker at (-18,0) size 7x19: bullet
          RenderInline {A} at (0,0) size 156x19 [color=#0000EE]
            RenderText {#text} at (0,0) size 156x19
              text run at (0,0) width 156: "Long chains of selectors"
          RenderText {#text} at (155,0) size 56x19
            text run at (155,0) width 56: " (#170b)"
        RenderListItem {LI} at (40,2820) size 744x20
          RenderListMarker at (-18,0) size 7x19: bullet
          RenderInline {A} at (0,0) size 156x19 [color=#0000EE]
            RenderText {#text} at (0,0) size 156x19
              text run at (0,0) width 156: "Long chains of selectors"
          RenderText {#text} at (155,0) size 55x19
            text run at (155,0) width 55: " (#170c)"
        RenderListItem {LI} at (40,2840) size 744x20
          RenderListMarker at (-18,0) size 7x19: bullet
          RenderInline {A} at (0,0) size 156x19 [color=#0000EE]
            RenderText {#text} at (0,0) size 156x19
              text run at (0,0) width 156: "Long chains of selectors"
          RenderText {#text} at (155,0) size 56x19
            text run at (155,0) width 56: " (#170d)"
        RenderListItem {LI} at (40,2860) size 744x20
          RenderListMarker at (-18,0) size 7x19: bullet
          RenderInline {A} at (0,0) size 180x19 [color=#0000EE]
            RenderText {#text} at (0,0) size 180x19
              text run at (0,0) width 180: "Parsing: Numbers in classes"
          RenderText {#text} at (179,0) size 55x19
            text run at (179,0) width 55: " (#175a)"
        RenderListItem {LI} at (40,2880) size 744x20
          RenderListMarker at (-18,0) size 7x19: bullet
          RenderInline {A} at (0,0) size 180x19 [color=#0000EE]
            RenderText {#text} at (0,0) size 180x19
              text run at (0,0) width 180: "Parsing: Numbers in classes"
          RenderText {#text} at (179,0) size 56x19
            text run at (179,0) width 56: " (#175b)"
        RenderListItem {LI} at (40,2900) size 744x20
          RenderListMarker at (-18,0) size 7x19: bullet
          RenderInline {A} at (0,0) size 180x19 [color=#0000EE]
            RenderText {#text} at (0,0) size 180x19
              text run at (0,0) width 180: "Parsing: Numbers in classes"
          RenderText {#text} at (179,0) size 55x19
            text run at (179,0) width 55: " (#175c)"
        RenderListItem {LI} at (40,2920) size 744x20
          RenderListMarker at (-18,0) size 7x19: bullet
          RenderInline {A} at (0,0) size 263x19 [color=#0000EE]
            RenderText {#text} at (0,0) size 263x19
              text run at (0,0) width 263: "NEGATED Dynamic handling of :empty"
          RenderText {#text} at (262,0) size 39x19
            text run at (262,0) width 39: " (#d1)"
        RenderListItem {LI} at (40,2940) size 744x20
          RenderListMarker at (-18,0) size 7x19: bullet
          RenderInline {A} at (0,0) size 263x19 [color=#0000EE]
            RenderText {#text} at (0,0) size 263x19
              text run at (0,0) width 263: "NEGATED Dynamic handling of :empty"
          RenderText {#text} at (262,0) size 47x19
            text run at (262,0) width 47: " (#d1b)"
        RenderListItem {LI} at (40,2960) size 744x20
          RenderListMarker at (-18,0) size 7x19: bullet
          RenderInline {A} at (0,0) size 220x19 [color=#0000EE]
            RenderText {#text} at (0,0) size 220x19
              text run at (0,0) width 220: "Dynamic handling of combinators"
          RenderText {#text} at (219,0) size 39x19
            text run at (219,0) width 39: " (#d2)"
        RenderListItem {LI} at (40,2980) size 744x20
          RenderListMarker at (-18,0) size 7x19: bullet
          RenderInline {A} at (0,0) size 303x19 [color=#0000EE]
            RenderText {#text} at (0,0) size 303x19
              text run at (0,0) width 303: "Dynamic updating of :first-child and :last-child"
          RenderText {#text} at (302,0) size 40x19
            text run at (302,0) width 40: " (#d4)"
        RenderListItem {LI} at (40,3000) size 744x20
          RenderListMarker at (-18,0) size 7x19: bullet
          RenderInline {A} at (0,0) size 93x19 [color=#0000EE]
            RenderText {#text} at (0,0) size 93x19
              text run at (0,0) width 93: ":indeterminate"
          RenderText {#text} at (92,0) size 40x19
            text run at (92,0) width 40: " (#d5)"
        RenderListItem {LI} at (40,3020) size 744x20
          RenderListMarker at (-18,0) size 7x19: bullet
          RenderInline {A} at (0,0) size 181x19 [color=#0000EE]
            RenderText {#text} at (0,0) size 181x19
              text run at (0,0) width 181: ":indeterminate and :checked"
          RenderText {#text} at (180,0) size 47x19
            text run at (180,0) width 47: " (#d5a)"
        RenderListItem {LI} at (40,3040) size 744x20
          RenderListMarker at (-18,0) size 7x19: bullet
          RenderInline {A} at (0,0) size 259x19 [color=#0000EE]
            RenderText {#text} at (0,0) size 259x19
              text run at (0,0) width 259: "NEGATED :indeterminate and :checked"
          RenderText {#text} at (258,0) size 47x19
            text run at (258,0) width 47: " (#d5b)"
        RenderListItem {LI} at (40,3060) size 744x20
          RenderListMarker at (-18,0) size 7x19: bullet
          RenderInline {A} at (0,0) size 181x19 [color=#0000EE]
            RenderText {#text} at (0,0) size 181x19
              text run at (0,0) width 181: ":indeterminate and :checked"
          RenderText {#text} at (180,0) size 47x19
            text run at (180,0) width 47: " (#d5c)"
        RenderListItem {LI} at (40,3080) size 744x20
          RenderListMarker at (-18,0) size 7x19: bullet
          RenderInline {A} at (0,0) size 186x19 [color=#0000EE]
            RenderText {#text} at (0,0) size 186x19
              text run at (0,0) width 186: ":indeterminate with :checked"
          RenderText {#text} at (185,0) size 48x19
            text run at (185,0) width 48: " (#d5d)"
        RenderListItem {LI} at (40,3100) size 744x20
          RenderListMarker at (-18,0) size 7x19: bullet
          RenderInline {A} at (0,0) size 264x19 [color=#0000EE]
            RenderText {#text} at (0,0) size 264x19
              text run at (0,0) width 264: "NEGATED :indeterminate with :checked"
          RenderText {#text} at (263,0) size 47x19
            text run at (263,0) width 47: " (#d5e)"
      RenderBlock {P} at (0,3611) size 784x21
        RenderText {#text} at (0,0) size 62x19
          text run at (0,0) width 62: "See also: "
        RenderInline {A} at (0,0) size 37x19 [color=#0000EE]
          RenderText {#text} at (61,0) size 37x19
            text run at (61,0) width 37: "Index"
        RenderText {#text} at (97,0) size 9x19
          text run at (97,0) width 9: ", "
        RenderInline {A} at (0,0) size 58x19 [color=#0000EE]
          RenderText {#text} at (105,0) size 58x19
            text run at (105,0) width 58: "XHTML"
        RenderText {#text} at (162,0) size 9x19
          text run at (162,0) width 9: ", "
        RenderInline {A} at (0,0) size 37x19 [color=#0000EE]
          RenderText {#text} at (170,0) size 37x19
            text run at (170,0) width 37: "XML"
