EDITING DELEGATE: shouldBeginEditingInDOMRange:range from 0 of DIV > BODY > HTML > #document to 4 of DIV > BODY > HTML > #document
EDITING DELEGATE: webViewDidBeginEditing:WebViewDidBeginEditingNotification
EDITING DELEGATE: webViewDidChangeSelection:WebViewDidChangeSelectionNotification
EDITING DELEGATE: webViewDidChangeSelection:WebViewDidChangeSelectionNotification
EDITING DELEGATE: webViewDidChangeSelection:WebViewDidChangeSelectionNotification
EDITING DELEGATE: shouldChangeSelectedDOMRange:(null) toDOMRange:range from 0 of LI > OL > DIV > BODY > HTML > #document to 0 of LI > OL > DIV > BODY > HTML > #document affinity:NSSelectionAffinityDownstream stillSelecting:FALSE
EDITING DELEGATE: webViewDidChangeSelection:WebViewDidChangeSelectionNotification
EDITING DELEGATE: webViewDidChange:WebViewDidChangeNotification
layer at (0,0) size 800x600
  RenderView at (0,0) size 800x600
layer at (0,0) size 800x600
  RenderBlock {HTML} at (0,0) size 800x600
    RenderBody {BODY} at (8,8) size 784x584
      RenderBlock {P} at (0,0) size 784x18
        RenderText {#text} at (0,0) size 539x18
          text run at (0,0) width 248: "This tests list creation in an empty line. "
          text run at (248,0) width 291: "The caret should end up in the empty list item."
      RenderBlock {DIV} at (0,34) size 784x86
        RenderBlock (anonymous) at (0,0) size 784x18
          RenderText {#text} at (0,0) size 99x18
            text run at (0,0) width 99: "Paragraph One."
          RenderBR {BR} at (99,14) size 0x0
        RenderBlock {OL} at (0,34) size 784x18
          RenderListItem {LI} at (40,0) size 744x18
            RenderListMarker at (-20,0) size 16x18
        RenderBlock (anonymous) at (0,68) size 784x18
          RenderText {#text} at (0,0) size 102x18
            text run at (0,0) width 102: "Paragraph Two."
caret: position 0 of child 0 {LI} of child 2 {OL} of child 2 {DIV} of body
