layer at (0,0) size 800x600
  RenderView at (0,0) size 800x600
layer at (0,0) size 800x105
  RenderBlock {html} at (0,0) size 800x105
    RenderInline {body} at (0,0) size 224x19
      RenderText {#text} at (0,0) size 0x0
      RenderInline {h1} at (0,0) size 54x19
        RenderText {#text} at (0,85) size 54x19
          text run at (0,85) width 54: "Test 123"
      RenderText {#text} at (54,85) size 4x19
        text run at (54,85) width 4: " "
      RenderSVGRoot {svg} at (58,0) size 100x100
        RenderSVGText {text} at (0,-15) size 186x19 contains 1 chunk(s)
          RenderSVGInlineText {#text} at (0,0) size 186x19
            chunk 1 text run 1 at (0.00,0.00) startOffset 0 endOffset 29 width 186.00: "You should see an error above"
        RenderSVGRect {rect} at (58,0) size 100x100 [fill={[type=SOLID] [color=#008000]}] [x=0.00] [y=0.00] [width=100.00] [height=100.00]
      RenderText {#text} at (158,85) size 4x19
        text run at (158,85) width 4: " "
      RenderInline {h1} at (0,0) size 62x19
        RenderText {#text} at (162,85) size 62x19
          text run at (162,85) width 62: "Test ABC"
      RenderText {#text} at (0,0) size 0x0
    RenderText {#text} at (0,0) size 0x0
