layer at (0,0) size 808x605
  RenderView at (0,0) size 785x585
layer at (0,0) size 785x585
  RenderBlock {html} at (0,0) size 785x585
    RenderBody {body} at (8,16) size 769x589
      RenderBlock {p} at (0,0) size 769x40
        RenderText {#text} at (0,0) size 763x39
          text run at (0,0) width 763: "The left edges of the black boxes below should line up with the left edges of their containing orange or green boxes. In addition,"
          text run at (0,20) width 217: "all the assertions below should pass."
      RenderBlock {div} at (0,56) size 800x200
        RenderSVGRoot {svg} at (8,72) size 593x200
          RenderSVGRect {rect} at (8,82) size 70x160 [fill={[type=SOLID] [color=#FFA500]}] [x=0.00] [y=10.00] [width=70.00] [height=160.00]
          RenderSVGRect {rect} at (78,82) size 100x150 [fill={[type=SOLID] [color=#008000]}] [x=70.00] [y=10.00] [width=100.00] [height=150.00]
          RenderSVGRect {rect} at (178,82) size 70x140 [fill={[type=SOLID] [color=#FFA500]}] [x=170.00] [y=10.00] [width=70.00] [height=140.00]
          RenderSVGRect {rect} at (248,82) size 70x130 [fill={[type=SOLID] [color=#008000]}] [x=240.00] [y=10.00] [width=70.00] [height=130.00]
          RenderSVGRect {rect} at (318,82) size 80x120 [fill={[type=SOLID] [color=#FFA500]}] [x=310.00] [y=10.00] [width=80.00] [height=120.00]
          RenderSVGRect {rect} at (398,82) size 60x110 [fill={[type=SOLID] [color=#008000]}] [x=390.00] [y=10.00] [width=60.00] [height=110.00]
          RenderSVGText {text} at (0,-90) size 593x600 contains 1 chunk(s)
            RenderSVGInlineText {#text} at (0,0) size 527x600
              chunk 1 text run 1 at (0.00,10.00) startOffset 0 endOffset 9 width 527.00: "GGDGGBBBD"
            RenderSVGTSpan {altGlyph} at (0,0) size 66x600
              RenderSVGInlineText {#text} at (527,0) size 66x600
                chunk 1 text run 1 at (527.00,10.00) startOffset 0 endOffset 1 width 66.00: "X"
        RenderText {#text} at (0,0) size 0x0
      RenderBlock {pre} at (0,269) size 769x320
        RenderInline {span} at (0,0) size 312x16
          RenderInline {span} at (0,0) size 312x16
            RenderInline {span} at (0,0) size 32x16
              RenderText {#text} at (0,0) size 32x16
                text run at (0,0) width 32: "PASS"
            RenderText {#text} at (32,0) size 280x16
              text run at (32,0) width 280: " t.getStartPositionOfChar(0).x is 0"
          RenderBR {br} at (312,0) size 0x16
        RenderInline {span} at (0,0) size 440x16
          RenderInline {span} at (0,0) size 440x16
            RenderInline {span} at (0,0) size 32x16
              RenderText {#text} at (0,16) size 32x16
                text run at (0,16) width 32: "FAIL"
            RenderText {#text} at (32,16) size 408x16
              text run at (32,16) width 408: " t.getStartPositionOfChar(1).x should be 0. Was 33."
          RenderBR {br} at (440,16) size 0x16
        RenderInline {span} at (0,0) size 448x16
          RenderInline {span} at (0,0) size 448x16
            RenderInline {span} at (0,0) size 32x16
              RenderText {#text} at (0,32) size 32x16
                text run at (0,32) width 32: "FAIL"
            RenderText {#text} at (32,32) size 416x16
              text run at (32,32) width 416: " t.getStartPositionOfChar(2).x should be 70. Was 66."
          RenderBR {br} at (448,32) size 0x16
        RenderInline {span} at (0,0) size 464x16
          RenderInline {span} at (0,0) size 464x16
            RenderInline {span} at (0,0) size 32x16
              RenderText {#text} at (0,48) size 32x16
                text run at (0,48) width 32: "FAIL"
            RenderText {#text} at (32,48) size 432x16
              text run at (32,48) width 432: " t.getStartPositionOfChar(3).x should be 170. Was 169."
          RenderBR {br} at (464,48) size 0x16
        RenderInline {span} at (0,0) size 464x16
          RenderInline {span} at (0,0) size 464x16
            RenderInline {span} at (0,0) size 32x16
              RenderText {#text} at (0,64) size 32x16
                text run at (0,64) width 32: "FAIL"
            RenderText {#text} at (32,64) size 432x16
              text run at (32,64) width 432: " t.getStartPositionOfChar(4).x should be 170. Was 202."
          RenderBR {br} at (464,64) size 0x16
        RenderInline {span} at (0,0) size 464x16
          RenderInline {span} at (0,0) size 464x16
            RenderInline {span} at (0,0) size 32x16
              RenderText {#text} at (0,80) size 32x16
                text run at (0,80) width 32: "FAIL"
            RenderText {#text} at (32,80) size 432x16
              text run at (32,80) width 432: " t.getStartPositionOfChar(5).x should be 240. Was 235."
          RenderBR {br} at (464,80) size 0x16
        RenderInline {span} at (0,0) size 464x16
          RenderInline {span} at (0,0) size 464x16
            RenderInline {span} at (0,0) size 32x16
              RenderText {#text} at (0,96) size 32x16
                text run at (0,96) width 32: "FAIL"
            RenderText {#text} at (32,96) size 432x16
              text run at (32,96) width 432: " t.getStartPositionOfChar(6).x should be 240. Was 298."
          RenderBR {br} at (464,96) size 0x16
        RenderInline {span} at (0,0) size 464x16
          RenderInline {span} at (0,0) size 464x16
            RenderInline {span} at (0,0) size 32x16
              RenderText {#text} at (0,112) size 32x16
                text run at (0,112) width 32: "FAIL"
            RenderText {#text} at (32,112) size 432x16
              text run at (32,112) width 432: " t.getStartPositionOfChar(7).x should be 310. Was 361."
          RenderBR {br} at (464,112) size 0x16
        RenderInline {span} at (0,0) size 464x16
          RenderInline {span} at (0,0) size 464x16
            RenderInline {span} at (0,0) size 32x16
              RenderText {#text} at (0,128) size 32x16
                text run at (0,128) width 32: "FAIL"
            RenderText {#text} at (32,128) size 432x16
              text run at (32,128) width 432: " t.getStartPositionOfChar(8).x should be 310. Was 424."
          RenderBR {br} at (464,128) size 0x16
        RenderInline {span} at (0,0) size 464x16
          RenderInline {span} at (0,0) size 464x16
            RenderInline {span} at (0,0) size 32x16
              RenderText {#text} at (0,144) size 32x16
                text run at (0,144) width 32: "FAIL"
            RenderText {#text} at (32,144) size 432x16
              text run at (32,144) width 432: " t.getStartPositionOfChar(9).x should be 390. Was 527."
          RenderBR {br} at (464,144) size 0x16
        RenderInline {span} at (0,0) size 432x16
          RenderInline {span} at (0,0) size 432x16
            RenderInline {span} at (0,0) size 32x16
              RenderText {#text} at (0,160) size 32x16
                text run at (0,160) width 32: "FAIL"
            RenderText {#text} at (32,160) size 400x16
              text run at (32,160) width 400: " t.getEndPositionOfChar(0).x should be 70. Was 33."
          RenderBR {br} at (432,160) size 0x16
        RenderInline {span} at (0,0) size 432x16
          RenderInline {span} at (0,0) size 432x16
            RenderInline {span} at (0,0) size 32x16
              RenderText {#text} at (0,176) size 32x16
                text run at (0,176) width 32: "FAIL"
            RenderText {#text} at (32,176) size 400x16
              text run at (32,176) width 400: " t.getEndPositionOfChar(1).x should be 70. Was 66."
          RenderBR {br} at (432,176) size 0x16
        RenderInline {span} at (0,0) size 448x16
          RenderInline {span} at (0,0) size 448x16
            RenderInline {span} at (0,0) size 32x16
              RenderText {#text} at (0,192) size 32x16
                text run at (0,192) width 32: "FAIL"
            RenderText {#text} at (32,192) size 416x16
              text run at (32,192) width 416: " t.getEndPositionOfChar(2).x should be 170. Was 169."
          RenderBR {br} at (448,192) size 0x16
        RenderInline {span} at (0,0) size 448x16
          RenderInline {span} at (0,0) size 448x16
            RenderInline {span} at (0,0) size 32x16
              RenderText {#text} at (0,208) size 32x16
                text run at (0,208) width 32: "FAIL"
            RenderText {#text} at (32,208) size 416x16
              text run at (32,208) width 416: " t.getEndPositionOfChar(3).x should be 240. Was 202."
          RenderBR {br} at (448,208) size 0x16
        RenderInline {span} at (0,0) size 448x16
          RenderInline {span} at (0,0) size 448x16
            RenderInline {span} at (0,0) size 32x16
              RenderText {#text} at (0,224) size 32x16
                text run at (0,224) width 32: "FAIL"
            RenderText {#text} at (32,224) size 416x16
              text run at (32,224) width 416: " t.getEndPositionOfChar(4).x should be 240. Was 235."
          RenderBR {br} at (448,224) size 0x16
        RenderInline {span} at (0,0) size 448x16
          RenderInline {span} at (0,0) size 448x16
            RenderInline {span} at (0,0) size 32x16
              RenderText {#text} at (0,240) size 32x16
                text run at (0,240) width 32: "FAIL"
            RenderText {#text} at (32,240) size 416x16
              text run at (32,240) width 416: " t.getEndPositionOfChar(5).x should be 310. Was 298."
          RenderBR {br} at (448,240) size 0x16
        RenderInline {span} at (0,0) size 448x16
          RenderInline {span} at (0,0) size 448x16
            RenderInline {span} at (0,0) size 32x16
              RenderText {#text} at (0,256) size 32x16
                text run at (0,256) width 32: "FAIL"
            RenderText {#text} at (32,256) size 416x16
              text run at (32,256) width 416: " t.getEndPositionOfChar(6).x should be 310. Was 361."
          RenderBR {br} at (448,256) size 0x16
        RenderInline {span} at (0,0) size 448x16
          RenderInline {span} at (0,0) size 448x16
            RenderInline {span} at (0,0) size 32x16
              RenderText {#text} at (0,272) size 32x16
                text run at (0,272) width 32: "FAIL"
            RenderText {#text} at (32,272) size 416x16
              text run at (32,272) width 416: " t.getEndPositionOfChar(7).x should be 390. Was 424."
          RenderBR {br} at (448,272) size 0x16
        RenderInline {span} at (0,0) size 448x16
          RenderInline {span} at (0,0) size 448x16
            RenderInline {span} at (0,0) size 32x16
              RenderText {#text} at (0,288) size 32x16
                text run at (0,288) width 32: "FAIL"
            RenderText {#text} at (32,288) size 416x16
              text run at (32,288) width 416: " t.getEndPositionOfChar(8).x should be 390. Was 527."
          RenderBR {br} at (448,288) size 0x16
        RenderInline {span} at (0,0) size 448x16
          RenderInline {span} at (0,0) size 448x16
            RenderInline {span} at (0,0) size 32x16
              RenderText {#text} at (0,304) size 32x16
                text run at (0,304) width 32: "FAIL"
            RenderText {#text} at (32,304) size 416x16
              text run at (32,304) width 416: " t.getEndPositionOfChar(9).x should be 590. Was 593."
          RenderBR {br} at (448,304) size 0x16
