layer at (0,0) size 800x600
  RenderView at (0,0) size 800x600
layer at (0,0) size 800x104
  RenderBlock {html} at (0,0) size 800x104
    RenderInline {head} at (0,0) size 80x18
      RenderText {#text} at (0,0) size 0x0
      RenderInline {title} at (0,0) size 76x18
        RenderText {#text} at (0,86) size 76x18
          text run at (0,86) width 76: "SVG Image"
      RenderText {#text} at (76,86) size 4x18
        text run at (76,86) width 4: " "
    RenderText {#text} at (0,0) size 0x0
    RenderInline {body} at (0,0) size 600x18
      RenderText {#text} at (0,0) size 0x0
      RenderSVGRoot {svg} at (90,10) size 100x60
        RenderSVGImage {image} at (90,10) size 100x60
      RenderText {#text} at (0,0) size 0x0
    RenderText {#text} at (0,0) size 0x0
