layer at (0,0) size 800x600
  RenderView at (0,0) size 800x600
layer at (0,0) size 800x600
  RenderBlock {HTML} at (0,0) size 800x600
    RenderBody {BODY} at (8,8) size 784x576
      RenderBlock (anonymous) at (0,0) size 784x18
        RenderBR {BR} at (0,0) size 0x18
      RenderBlock {DIV} at (0,34) size 784x18
        RenderBlock {P} at (0,0) size 784x18
          RenderText {#text} at (0,0) size 351x18
            text run at (0,0) width 351: "This test verifies correct paint of clipped, scaled images."
layer at (8,8) size 160x105 backgroundClip at (8,8) size 150x15 clip at (8,8) size 150x15
  RenderBlock (positioned) {DIV} at (8,8) size 160x105
    RenderText {#text} at (0,0) size 0x0
    RenderText {#text} at (0,0) size 0x0
layer at (13,13) size 160x105 backgroundClip at (8,8) size 150x15 clip at (8,8) size 150x15
  RenderImage {IMG} at (0,0) size 160x105
