layer at (0,0) size 800x600
  RenderView at (0,0) size 800x600
layer at (0,0) size 800x68
  RenderBlock {html} at (0,0) size 800x68
    RenderBody {body} at (8,16) size 784x36
      RenderBlock {p} at (0,0) size 784x36
        RenderText {#text} at (0,0) size 750x36
          text run at (0,0) width 750: "In the div below the text is distributed over the whole SVG area. But when you scroll around the invisible text does not"
          text run at (0,18) width 131: "appear (Bug 12163)."
layer at (10,68) size 502x502 clip at (11,69) size 485x485 scrollY 550 scrollWidth 5000 scrollHeight 5004
  RenderBlock (positioned) {div} at (10,68) size 502x502 [border: (1px solid #AAAAAA)]
    RenderSVGRoot {svg} at (11,68) size 501x502
      RenderSVGText {text} at (0,2) size 80x23 contains 1 chunk(s)
        RenderSVGInlineText {#text} at (0,0) size 80x23
          chunk 1 text run 1 at (0.00,20.00) startOffset 0 endOffset 11 width 80.00: "just a text"
      RenderSVGText {text} at (100,2) size 80x23 contains 1 chunk(s)
        RenderSVGInlineText {#text} at (0,0) size 80x23
          chunk 1 text run 1 at (100.00,20.00) startOffset 0 endOffset 11 width 80.00: "just a text"
      RenderSVGText {text} at (200,2) size 80x23 contains 1 chunk(s)
        RenderSVGInlineText {#text} at (0,0) size 80x23
          chunk 1 text run 1 at (200.00,20.00) startOffset 0 endOffset 11 width 80.00: "just a text"
      RenderSVGText {text} at (300,2) size 80x23 contains 1 chunk(s)
        RenderSVGInlineText {#text} at (0,0) size 80x23
          chunk 1 text run 1 at (300.00,20.00) startOffset 0 endOffset 11 width 80.00: "just a text"
      RenderSVGText {text} at (400,2) size 80x23 contains 1 chunk(s)
        RenderSVGInlineText {#text} at (0,0) size 80x23
          chunk 1 text run 1 at (400.00,20.00) startOffset 0 endOffset 11 width 80.00: "just a text"
      RenderSVGText {text} at (500,2) size 80x23 contains 1 chunk(s)
        RenderSVGInlineText {#text} at (0,0) size 80x23
          chunk 1 text run 1 at (500.00,20.00) startOffset 0 endOffset 11 width 80.00: "just a text"
      RenderSVGText {text} at (600,2) size 80x23 contains 1 chunk(s)
        RenderSVGInlineText {#text} at (0,0) size 80x23
          chunk 1 text run 1 at (600.00,20.00) startOffset 0 endOffset 11 width 80.00: "just a text"
      RenderSVGText {text} at (700,2) size 80x23 contains 1 chunk(s)
        RenderSVGInlineText {#text} at (0,0) size 80x23
          chunk 1 text run 1 at (700.00,20.00) startOffset 0 endOffset 11 width 80.00: "just a text"
      RenderSVGText {text} at (800,2) size 80x23 contains 1 chunk(s)
        RenderSVGInlineText {#text} at (0,0) size 80x23
          chunk 1 text run 1 at (800.00,20.00) startOffset 0 endOffset 11 width 80.00: "just a text"
      RenderSVGText {text} at (900,2) size 80x23 contains 1 chunk(s)
        RenderSVGInlineText {#text} at (0,0) size 80x23
          chunk 1 text run 1 at (900.00,20.00) startOffset 0 endOffset 11 width 80.00: "just a text"
      RenderSVGText {text} at (1000,2) size 80x23 contains 1 chunk(s)
        RenderSVGInlineText {#text} at (0,0) size 80x23
          chunk 1 text run 1 at (1000.00,20.00) startOffset 0 endOffset 11 width 80.00: "just a text"
      RenderSVGText {text} at (1100,2) size 80x23 contains 1 chunk(s)
        RenderSVGInlineText {#text} at (0,0) size 80x23
          chunk 1 text run 1 at (1100.00,20.00) startOffset 0 endOffset 11 width 80.00: "just a text"
      RenderSVGText {text} at (1200,2) size 80x23 contains 1 chunk(s)
        RenderSVGInlineText {#text} at (0,0) size 80x23
          chunk 1 text run 1 at (1200.00,20.00) startOffset 0 endOffset 11 width 80.00: "just a text"
      RenderSVGText {text} at (1300,2) size 80x23 contains 1 chunk(s)
        RenderSVGInlineText {#text} at (0,0) size 80x23
          chunk 1 text run 1 at (1300.00,20.00) startOffset 0 endOffset 11 width 80.00: "just a text"
      RenderSVGText {text} at (1400,2) size 80x23 contains 1 chunk(s)
        RenderSVGInlineText {#text} at (0,0) size 80x23
          chunk 1 text run 1 at (1400.00,20.00) startOffset 0 endOffset 11 width 80.00: "just a text"
      RenderSVGText {text} at (1500,2) size 80x23 contains 1 chunk(s)
        RenderSVGInlineText {#text} at (0,0) size 80x23
          chunk 1 text run 1 at (1500.00,20.00) startOffset 0 endOffset 11 width 80.00: "just a text"
      RenderSVGText {text} at (1600,2) size 80x23 contains 1 chunk(s)
        RenderSVGInlineText {#text} at (0,0) size 80x23
          chunk 1 text run 1 at (1600.00,20.00) startOffset 0 endOffset 11 width 80.00: "just a text"
      RenderSVGText {text} at (1700,2) size 80x23 contains 1 chunk(s)
        RenderSVGInlineText {#text} at (0,0) size 80x23
          chunk 1 text run 1 at (1700.00,20.00) startOffset 0 endOffset 11 width 80.00: "just a text"
      RenderSVGText {text} at (1800,2) size 80x23 contains 1 chunk(s)
        RenderSVGInlineText {#text} at (0,0) size 80x23
          chunk 1 text run 1 at (1800.00,20.00) startOffset 0 endOffset 11 width 80.00: "just a text"
      RenderSVGText {text} at (1900,2) size 80x23 contains 1 chunk(s)
        RenderSVGInlineText {#text} at (0,0) size 80x23
          chunk 1 text run 1 at (1900.00,20.00) startOffset 0 endOffset 11 width 80.00: "just a text"
      RenderSVGText {text} at (2000,2) size 80x23 contains 1 chunk(s)
        RenderSVGInlineText {#text} at (0,0) size 80x23
          chunk 1 text run 1 at (2000.00,20.00) startOffset 0 endOffset 11 width 80.00: "just a text"
      RenderSVGText {text} at (2100,2) size 80x23 contains 1 chunk(s)
        RenderSVGInlineText {#text} at (0,0) size 80x23
          chunk 1 text run 1 at (2100.00,20.00) startOffset 0 endOffset 11 width 80.00: "just a text"
      RenderSVGText {text} at (2200,2) size 80x23 contains 1 chunk(s)
        RenderSVGInlineText {#text} at (0,0) size 80x23
          chunk 1 text run 1 at (2200.00,20.00) startOffset 0 endOffset 11 width 80.00: "just a text"
      RenderSVGText {text} at (2300,2) size 80x23 contains 1 chunk(s)
        RenderSVGInlineText {#text} at (0,0) size 80x23
          chunk 1 text run 1 at (2300.00,20.00) startOffset 0 endOffset 11 width 80.00: "just a text"
      RenderSVGText {text} at (2400,2) size 80x23 contains 1 chunk(s)
        RenderSVGInlineText {#text} at (0,0) size 80x23
          chunk 1 text run 1 at (2400.00,20.00) startOffset 0 endOffset 11 width 80.00: "just a text"
      RenderSVGText {text} at (2500,2) size 80x23 contains 1 chunk(s)
        RenderSVGInlineText {#text} at (0,0) size 80x23
          chunk 1 text run 1 at (2500.00,20.00) startOffset 0 endOffset 11 width 80.00: "just a text"
      RenderSVGText {text} at (2600,2) size 80x23 contains 1 chunk(s)
        RenderSVGInlineText {#text} at (0,0) size 80x23
          chunk 1 text run 1 at (2600.00,20.00) startOffset 0 endOffset 11 width 80.00: "just a text"
      RenderSVGText {text} at (2700,2) size 80x23 contains 1 chunk(s)
        RenderSVGInlineText {#text} at (0,0) size 80x23
          chunk 1 text run 1 at (2700.00,20.00) startOffset 0 endOffset 11 width 80.00: "just a text"
      RenderSVGText {text} at (2800,2) size 80x23 contains 1 chunk(s)
        RenderSVGInlineText {#text} at (0,0) size 80x23
          chunk 1 text run 1 at (2800.00,20.00) startOffset 0 endOffset 11 width 80.00: "just a text"
      RenderSVGText {text} at (2900,2) size 80x23 contains 1 chunk(s)
        RenderSVGInlineText {#text} at (0,0) size 80x23
          chunk 1 text run 1 at (2900.00,20.00) startOffset 0 endOffset 11 width 80.00: "just a text"
      RenderSVGText {text} at (3000,2) size 80x23 contains 1 chunk(s)
        RenderSVGInlineText {#text} at (0,0) size 80x23
          chunk 1 text run 1 at (3000.00,20.00) startOffset 0 endOffset 11 width 80.00: "just a text"
      RenderSVGText {text} at (3100,2) size 80x23 contains 1 chunk(s)
        RenderSVGInlineText {#text} at (0,0) size 80x23
          chunk 1 text run 1 at (3100.00,20.00) startOffset 0 endOffset 11 width 80.00: "just a text"
      RenderSVGText {text} at (3200,2) size 80x23 contains 1 chunk(s)
        RenderSVGInlineText {#text} at (0,0) size 80x23
          chunk 1 text run 1 at (3200.00,20.00) startOffset 0 endOffset 11 width 80.00: "just a text"
      RenderSVGText {text} at (3300,2) size 80x23 contains 1 chunk(s)
        RenderSVGInlineText {#text} at (0,0) size 80x23
          chunk 1 text run 1 at (3300.00,20.00) startOffset 0 endOffset 11 width 80.00: "just a text"
      RenderSVGText {text} at (3400,2) size 80x23 contains 1 chunk(s)
        RenderSVGInlineText {#text} at (0,0) size 80x23
          chunk 1 text run 1 at (3400.00,20.00) startOffset 0 endOffset 11 width 80.00: "just a text"
      RenderSVGText {text} at (3500,2) size 80x23 contains 1 chunk(s)
        RenderSVGInlineText {#text} at (0,0) size 80x23
          chunk 1 text run 1 at (3500.00,20.00) startOffset 0 endOffset 11 width 80.00: "just a text"
      RenderSVGText {text} at (3600,2) size 80x23 contains 1 chunk(s)
        RenderSVGInlineText {#text} at (0,0) size 80x23
          chunk 1 text run 1 at (3600.00,20.00) startOffset 0 endOffset 11 width 80.00: "just a text"
      RenderSVGText {text} at (3700,2) size 80x23 contains 1 chunk(s)
        RenderSVGInlineText {#text} at (0,0) size 80x23
          chunk 1 text run 1 at (3700.00,20.00) startOffset 0 endOffset 11 width 80.00: "just a text"
      RenderSVGText {text} at (3800,2) size 80x23 contains 1 chunk(s)
        RenderSVGInlineText {#text} at (0,0) size 80x23
          chunk 1 text run 1 at (3800.00,20.00) startOffset 0 endOffset 11 width 80.00: "just a text"
      RenderSVGText {text} at (3900,2) size 80x23 contains 1 chunk(s)
        RenderSVGInlineText {#text} at (0,0) size 80x23
          chunk 1 text run 1 at (3900.00,20.00) startOffset 0 endOffset 11 width 80.00: "just a text"
      RenderSVGText {text} at (4000,2) size 80x23 contains 1 chunk(s)
        RenderSVGInlineText {#text} at (0,0) size 80x23
          chunk 1 text run 1 at (4000.00,20.00) startOffset 0 endOffset 11 width 80.00: "just a text"
      RenderSVGText {text} at (4100,2) size 80x23 contains 1 chunk(s)
        RenderSVGInlineText {#text} at (0,0) size 80x23
          chunk 1 text run 1 at (4100.00,20.00) startOffset 0 endOffset 11 width 80.00: "just a text"
      RenderSVGText {text} at (4200,2) size 80x23 contains 1 chunk(s)
        RenderSVGInlineText {#text} at (0,0) size 80x23
          chunk 1 text run 1 at (4200.00,20.00) startOffset 0 endOffset 11 width 80.00: "just a text"
      RenderSVGText {text} at (4300,2) size 80x23 contains 1 chunk(s)
        RenderSVGInlineText {#text} at (0,0) size 80x23
          chunk 1 text run 1 at (4300.00,20.00) startOffset 0 endOffset 11 width 80.00: "just a text"
      RenderSVGText {text} at (4400,2) size 80x23 contains 1 chunk(s)
        RenderSVGInlineText {#text} at (0,0) size 80x23
          chunk 1 text run 1 at (4400.00,20.00) startOffset 0 endOffset 11 width 80.00: "just a text"
      RenderSVGText {text} at (4500,2) size 80x23 contains 1 chunk(s)
        RenderSVGInlineText {#text} at (0,0) size 80x23
          chunk 1 text run 1 at (4500.00,20.00) startOffset 0 endOffset 11 width 80.00: "just a text"
      RenderSVGText {text} at (4600,2) size 80x23 contains 1 chunk(s)
        RenderSVGInlineText {#text} at (0,0) size 80x23
          chunk 1 text run 1 at (4600.00,20.00) startOffset 0 endOffset 11 width 80.00: "just a text"
      RenderSVGText {text} at (4700,2) size 80x23 contains 1 chunk(s)
        RenderSVGInlineText {#text} at (0,0) size 80x23
          chunk 1 text run 1 at (4700.00,20.00) startOffset 0 endOffset 11 width 80.00: "just a text"
      RenderSVGText {text} at (4800,2) size 80x23 contains 1 chunk(s)
        RenderSVGInlineText {#text} at (0,0) size 80x23
          chunk 1 text run 1 at (4800.00,20.00) startOffset 0 endOffset 11 width 80.00: "just a text"
      RenderSVGText {text} at (4900,2) size 80x23 contains 1 chunk(s)
        RenderSVGInlineText {#text} at (0,0) size 80x23
          chunk 1 text run 1 at (4900.00,20.00) startOffset 0 endOffset 11 width 80.00: "just a text"
      RenderSVGText {text} at (0,102) size 80x23 contains 1 chunk(s)
        RenderSVGInlineText {#text} at (0,0) size 80x23
          chunk 1 text run 1 at (0.00,120.00) startOffset 0 endOffset 11 width 80.00: "just a text"
      RenderSVGText {text} at (100,102) size 80x23 contains 1 chunk(s)
        RenderSVGInlineText {#text} at (0,0) size 80x23
          chunk 1 text run 1 at (100.00,120.00) startOffset 0 endOffset 11 width 80.00: "just a text"
      RenderSVGText {text} at (200,102) size 80x23 contains 1 chunk(s)
        RenderSVGInlineText {#text} at (0,0) size 80x23
          chunk 1 text run 1 at (200.00,120.00) startOffset 0 endOffset 11 width 80.00: "just a text"
      RenderSVGText {text} at (300,102) size 80x23 contains 1 chunk(s)
        RenderSVGInlineText {#text} at (0,0) size 80x23
          chunk 1 text run 1 at (300.00,120.00) startOffset 0 endOffset 11 width 80.00: "just a text"
      RenderSVGText {text} at (400,102) size 80x23 contains 1 chunk(s)
        RenderSVGInlineText {#text} at (0,0) size 80x23
          chunk 1 text run 1 at (400.00,120.00) startOffset 0 endOffset 11 width 80.00: "just a text"
      RenderSVGText {text} at (500,102) size 80x23 contains 1 chunk(s)
        RenderSVGInlineText {#text} at (0,0) size 80x23
          chunk 1 text run 1 at (500.00,120.00) startOffset 0 endOffset 11 width 80.00: "just a text"
      RenderSVGText {text} at (600,102) size 80x23 contains 1 chunk(s)
        RenderSVGInlineText {#text} at (0,0) size 80x23
          chunk 1 text run 1 at (600.00,120.00) startOffset 0 endOffset 11 width 80.00: "just a text"
      RenderSVGText {text} at (700,102) size 80x23 contains 1 chunk(s)
        RenderSVGInlineText {#text} at (0,0) size 80x23
          chunk 1 text run 1 at (700.00,120.00) startOffset 0 endOffset 11 width 80.00: "just a text"
      RenderSVGText {text} at (800,102) size 80x23 contains 1 chunk(s)
        RenderSVGInlineText {#text} at (0,0) size 80x23
          chunk 1 text run 1 at (800.00,120.00) startOffset 0 endOffset 11 width 80.00: "just a text"
      RenderSVGText {text} at (900,102) size 80x23 contains 1 chunk(s)
        RenderSVGInlineText {#text} at (0,0) size 80x23
          chunk 1 text run 1 at (900.00,120.00) startOffset 0 endOffset 11 width 80.00: "just a text"
      RenderSVGText {text} at (1000,102) size 80x23 contains 1 chunk(s)
        RenderSVGInlineText {#text} at (0,0) size 80x23
          chunk 1 text run 1 at (1000.00,120.00) startOffset 0 endOffset 11 width 80.00: "just a text"
      RenderSVGText {text} at (1100,102) size 80x23 contains 1 chunk(s)
        RenderSVGInlineText {#text} at (0,0) size 80x23
          chunk 1 text run 1 at (1100.00,120.00) startOffset 0 endOffset 11 width 80.00: "just a text"
      RenderSVGText {text} at (1200,102) size 80x23 contains 1 chunk(s)
        RenderSVGInlineText {#text} at (0,0) size 80x23
          chunk 1 text run 1 at (1200.00,120.00) startOffset 0 endOffset 11 width 80.00: "just a text"
      RenderSVGText {text} at (1300,102) size 80x23 contains 1 chunk(s)
        RenderSVGInlineText {#text} at (0,0) size 80x23
          chunk 1 text run 1 at (1300.00,120.00) startOffset 0 endOffset 11 width 80.00: "just a text"
      RenderSVGText {text} at (1400,102) size 80x23 contains 1 chunk(s)
        RenderSVGInlineText {#text} at (0,0) size 80x23
          chunk 1 text run 1 at (1400.00,120.00) startOffset 0 endOffset 11 width 80.00: "just a text"
      RenderSVGText {text} at (1500,102) size 80x23 contains 1 chunk(s)
        RenderSVGInlineText {#text} at (0,0) size 80x23
          chunk 1 text run 1 at (1500.00,120.00) startOffset 0 endOffset 11 width 80.00: "just a text"
      RenderSVGText {text} at (1600,102) size 80x23 contains 1 chunk(s)
        RenderSVGInlineText {#text} at (0,0) size 80x23
          chunk 1 text run 1 at (1600.00,120.00) startOffset 0 endOffset 11 width 80.00: "just a text"
      RenderSVGText {text} at (1700,102) size 80x23 contains 1 chunk(s)
        RenderSVGInlineText {#text} at (0,0) size 80x23
          chunk 1 text run 1 at (1700.00,120.00) startOffset 0 endOffset 11 width 80.00: "just a text"
      RenderSVGText {text} at (1800,102) size 80x23 contains 1 chunk(s)
        RenderSVGInlineText {#text} at (0,0) size 80x23
          chunk 1 text run 1 at (1800.00,120.00) startOffset 0 endOffset 11 width 80.00: "just a text"
      RenderSVGText {text} at (1900,102) size 80x23 contains 1 chunk(s)
        RenderSVGInlineText {#text} at (0,0) size 80x23
          chunk 1 text run 1 at (1900.00,120.00) startOffset 0 endOffset 11 width 80.00: "just a text"
      RenderSVGText {text} at (2000,102) size 80x23 contains 1 chunk(s)
        RenderSVGInlineText {#text} at (0,0) size 80x23
          chunk 1 text run 1 at (2000.00,120.00) startOffset 0 endOffset 11 width 80.00: "just a text"
      RenderSVGText {text} at (2100,102) size 80x23 contains 1 chunk(s)
        RenderSVGInlineText {#text} at (0,0) size 80x23
          chunk 1 text run 1 at (2100.00,120.00) startOffset 0 endOffset 11 width 80.00: "just a text"
      RenderSVGText {text} at (2200,102) size 80x23 contains 1 chunk(s)
        RenderSVGInlineText {#text} at (0,0) size 80x23
          chunk 1 text run 1 at (2200.00,120.00) startOffset 0 endOffset 11 width 80.00: "just a text"
      RenderSVGText {text} at (2300,102) size 80x23 contains 1 chunk(s)
        RenderSVGInlineText {#text} at (0,0) size 80x23
          chunk 1 text run 1 at (2300.00,120.00) startOffset 0 endOffset 11 width 80.00: "just a text"
      RenderSVGText {text} at (2400,102) size 80x23 contains 1 chunk(s)
        RenderSVGInlineText {#text} at (0,0) size 80x23
          chunk 1 text run 1 at (2400.00,120.00) startOffset 0 endOffset 11 width 80.00: "just a text"
      RenderSVGText {text} at (2500,102) size 80x23 contains 1 chunk(s)
        RenderSVGInlineText {#text} at (0,0) size 80x23
          chunk 1 text run 1 at (2500.00,120.00) startOffset 0 endOffset 11 width 80.00: "just a text"
      RenderSVGText {text} at (2600,102) size 80x23 contains 1 chunk(s)
        RenderSVGInlineText {#text} at (0,0) size 80x23
          chunk 1 text run 1 at (2600.00,120.00) startOffset 0 endOffset 11 width 80.00: "just a text"
      RenderSVGText {text} at (2700,102) size 80x23 contains 1 chunk(s)
        RenderSVGInlineText {#text} at (0,0) size 80x23
          chunk 1 text run 1 at (2700.00,120.00) startOffset 0 endOffset 11 width 80.00: "just a text"
      RenderSVGText {text} at (2800,102) size 80x23 contains 1 chunk(s)
        RenderSVGInlineText {#text} at (0,0) size 80x23
          chunk 1 text run 1 at (2800.00,120.00) startOffset 0 endOffset 11 width 80.00: "just a text"
      RenderSVGText {text} at (2900,102) size 80x23 contains 1 chunk(s)
        RenderSVGInlineText {#text} at (0,0) size 80x23
          chunk 1 text run 1 at (2900.00,120.00) startOffset 0 endOffset 11 width 80.00: "just a text"
      RenderSVGText {text} at (3000,102) size 80x23 contains 1 chunk(s)
        RenderSVGInlineText {#text} at (0,0) size 80x23
          chunk 1 text run 1 at (3000.00,120.00) startOffset 0 endOffset 11 width 80.00: "just a text"
      RenderSVGText {text} at (3100,102) size 80x23 contains 1 chunk(s)
        RenderSVGInlineText {#text} at (0,0) size 80x23
          chunk 1 text run 1 at (3100.00,120.00) startOffset 0 endOffset 11 width 80.00: "just a text"
      RenderSVGText {text} at (3200,102) size 80x23 contains 1 chunk(s)
        RenderSVGInlineText {#text} at (0,0) size 80x23
          chunk 1 text run 1 at (3200.00,120.00) startOffset 0 endOffset 11 width 80.00: "just a text"
      RenderSVGText {text} at (3300,102) size 80x23 contains 1 chunk(s)
        RenderSVGInlineText {#text} at (0,0) size 80x23
          chunk 1 text run 1 at (3300.00,120.00) startOffset 0 endOffset 11 width 80.00: "just a text"
      RenderSVGText {text} at (3400,102) size 80x23 contains 1 chunk(s)
        RenderSVGInlineText {#text} at (0,0) size 80x23
          chunk 1 text run 1 at (3400.00,120.00) startOffset 0 endOffset 11 width 80.00: "just a text"
      RenderSVGText {text} at (3500,102) size 80x23 contains 1 chunk(s)
        RenderSVGInlineText {#text} at (0,0) size 80x23
          chunk 1 text run 1 at (3500.00,120.00) startOffset 0 endOffset 11 width 80.00: "just a text"
      RenderSVGText {text} at (3600,102) size 80x23 contains 1 chunk(s)
        RenderSVGInlineText {#text} at (0,0) size 80x23
          chunk 1 text run 1 at (3600.00,120.00) startOffset 0 endOffset 11 width 80.00: "just a text"
      RenderSVGText {text} at (3700,102) size 80x23 contains 1 chunk(s)
        RenderSVGInlineText {#text} at (0,0) size 80x23
          chunk 1 text run 1 at (3700.00,120.00) startOffset 0 endOffset 11 width 80.00: "just a text"
      RenderSVGText {text} at (3800,102) size 80x23 contains 1 chunk(s)
        RenderSVGInlineText {#text} at (0,0) size 80x23
          chunk 1 text run 1 at (3800.00,120.00) startOffset 0 endOffset 11 width 80.00: "just a text"
      RenderSVGText {text} at (3900,102) size 80x23 contains 1 chunk(s)
        RenderSVGInlineText {#text} at (0,0) size 80x23
          chunk 1 text run 1 at (3900.00,120.00) startOffset 0 endOffset 11 width 80.00: "just a text"
      RenderSVGText {text} at (4000,102) size 80x23 contains 1 chunk(s)
        RenderSVGInlineText {#text} at (0,0) size 80x23
          chunk 1 text run 1 at (4000.00,120.00) startOffset 0 endOffset 11 width 80.00: "just a text"
      RenderSVGText {text} at (4100,102) size 80x23 contains 1 chunk(s)
        RenderSVGInlineText {#text} at (0,0) size 80x23
          chunk 1 text run 1 at (4100.00,120.00) startOffset 0 endOffset 11 width 80.00: "just a text"
      RenderSVGText {text} at (4200,102) size 80x23 contains 1 chunk(s)
        RenderSVGInlineText {#text} at (0,0) size 80x23
          chunk 1 text run 1 at (4200.00,120.00) startOffset 0 endOffset 11 width 80.00: "just a text"
      RenderSVGText {text} at (4300,102) size 80x23 contains 1 chunk(s)
        RenderSVGInlineText {#text} at (0,0) size 80x23
          chunk 1 text run 1 at (4300.00,120.00) startOffset 0 endOffset 11 width 80.00: "just a text"
      RenderSVGText {text} at (4400,102) size 80x23 contains 1 chunk(s)
        RenderSVGInlineText {#text} at (0,0) size 80x23
          chunk 1 text run 1 at (4400.00,120.00) startOffset 0 endOffset 11 width 80.00: "just a text"
      RenderSVGText {text} at (4500,102) size 80x23 contains 1 chunk(s)
        RenderSVGInlineText {#text} at (0,0) size 80x23
          chunk 1 text run 1 at (4500.00,120.00) startOffset 0 endOffset 11 width 80.00: "just a text"
      RenderSVGText {text} at (4600,102) size 80x23 contains 1 chunk(s)
        RenderSVGInlineText {#text} at (0,0) size 80x23
          chunk 1 text run 1 at (4600.00,120.00) startOffset 0 endOffset 11 width 80.00: "just a text"
      RenderSVGText {text} at (4700,102) size 80x23 contains 1 chunk(s)
        RenderSVGInlineText {#text} at (0,0) size 80x23
          chunk 1 text run 1 at (4700.00,120.00) startOffset 0 endOffset 11 width 80.00: "just a text"
      RenderSVGText {text} at (4800,102) size 80x23 contains 1 chunk(s)
        RenderSVGInlineText {#text} at (0,0) size 80x23
          chunk 1 text run 1 at (4800.00,120.00) startOffset 0 endOffset 11 width 80.00: "just a text"
      RenderSVGText {text} at (4900,102) size 80x23 contains 1 chunk(s)
        RenderSVGInlineText {#text} at (0,0) size 80x23
          chunk 1 text run 1 at (4900.00,120.00) startOffset 0 endOffset 11 width 80.00: "just a text"
      RenderSVGText {text} at (0,202) size 80x23 contains 1 chunk(s)
        RenderSVGInlineText {#text} at (0,0) size 80x23
          chunk 1 text run 1 at (0.00,220.00) startOffset 0 endOffset 11 width 80.00: "just a text"
      RenderSVGText {text} at (100,202) size 80x23 contains 1 chunk(s)
        RenderSVGInlineText {#text} at (0,0) size 80x23
          chunk 1 text run 1 at (100.00,220.00) startOffset 0 endOffset 11 width 80.00: "just a text"
      RenderSVGText {text} at (200,202) size 80x23 contains 1 chunk(s)
        RenderSVGInlineText {#text} at (0,0) size 80x23
          chunk 1 text run 1 at (200.00,220.00) startOffset 0 endOffset 11 width 80.00: "just a text"
      RenderSVGText {text} at (300,202) size 80x23 contains 1 chunk(s)
        RenderSVGInlineText {#text} at (0,0) size 80x23
          chunk 1 text run 1 at (300.00,220.00) startOffset 0 endOffset 11 width 80.00: "just a text"
      RenderSVGText {text} at (400,202) size 80x23 contains 1 chunk(s)
        RenderSVGInlineText {#text} at (0,0) size 80x23
          chunk 1 text run 1 at (400.00,220.00) startOffset 0 endOffset 11 width 80.00: "just a text"
      RenderSVGText {text} at (500,202) size 80x23 contains 1 chunk(s)
        RenderSVGInlineText {#text} at (0,0) size 80x23
          chunk 1 text run 1 at (500.00,220.00) startOffset 0 endOffset 11 width 80.00: "just a text"
      RenderSVGText {text} at (600,202) size 80x23 contains 1 chunk(s)
        RenderSVGInlineText {#text} at (0,0) size 80x23
          chunk 1 text run 1 at (600.00,220.00) startOffset 0 endOffset 11 width 80.00: "just a text"
      RenderSVGText {text} at (700,202) size 80x23 contains 1 chunk(s)
        RenderSVGInlineText {#text} at (0,0) size 80x23
          chunk 1 text run 1 at (700.00,220.00) startOffset 0 endOffset 11 width 80.00: "just a text"
      RenderSVGText {text} at (800,202) size 80x23 contains 1 chunk(s)
        RenderSVGInlineText {#text} at (0,0) size 80x23
          chunk 1 text run 1 at (800.00,220.00) startOffset 0 endOffset 11 width 80.00: "just a text"
      RenderSVGText {text} at (900,202) size 80x23 contains 1 chunk(s)
        RenderSVGInlineText {#text} at (0,0) size 80x23
          chunk 1 text run 1 at (900.00,220.00) startOffset 0 endOffset 11 width 80.00: "just a text"
      RenderSVGText {text} at (1000,202) size 80x23 contains 1 chunk(s)
        RenderSVGInlineText {#text} at (0,0) size 80x23
          chunk 1 text run 1 at (1000.00,220.00) startOffset 0 endOffset 11 width 80.00: "just a text"
      RenderSVGText {text} at (1100,202) size 80x23 contains 1 chunk(s)
        RenderSVGInlineText {#text} at (0,0) size 80x23
          chunk 1 text run 1 at (1100.00,220.00) startOffset 0 endOffset 11 width 80.00: "just a text"
      RenderSVGText {text} at (1200,202) size 80x23 contains 1 chunk(s)
        RenderSVGInlineText {#text} at (0,0) size 80x23
          chunk 1 text run 1 at (1200.00,220.00) startOffset 0 endOffset 11 width 80.00: "just a text"
      RenderSVGText {text} at (1300,202) size 80x23 contains 1 chunk(s)
        RenderSVGInlineText {#text} at (0,0) size 80x23
          chunk 1 text run 1 at (1300.00,220.00) startOffset 0 endOffset 11 width 80.00: "just a text"
      RenderSVGText {text} at (1400,202) size 80x23 contains 1 chunk(s)
        RenderSVGInlineText {#text} at (0,0) size 80x23
          chunk 1 text run 1 at (1400.00,220.00) startOffset 0 endOffset 11 width 80.00: "just a text"
      RenderSVGText {text} at (1500,202) size 80x23 contains 1 chunk(s)
        RenderSVGInlineText {#text} at (0,0) size 80x23
          chunk 1 text run 1 at (1500.00,220.00) startOffset 0 endOffset 11 width 80.00: "just a text"
      RenderSVGText {text} at (1600,202) size 80x23 contains 1 chunk(s)
        RenderSVGInlineText {#text} at (0,0) size 80x23
          chunk 1 text run 1 at (1600.00,220.00) startOffset 0 endOffset 11 width 80.00: "just a text"
      RenderSVGText {text} at (1700,202) size 80x23 contains 1 chunk(s)
        RenderSVGInlineText {#text} at (0,0) size 80x23
          chunk 1 text run 1 at (1700.00,220.00) startOffset 0 endOffset 11 width 80.00: "just a text"
      RenderSVGText {text} at (1800,202) size 80x23 contains 1 chunk(s)
        RenderSVGInlineText {#text} at (0,0) size 80x23
          chunk 1 text run 1 at (1800.00,220.00) startOffset 0 endOffset 11 width 80.00: "just a text"
      RenderSVGText {text} at (1900,202) size 80x23 contains 1 chunk(s)
        RenderSVGInlineText {#text} at (0,0) size 80x23
          chunk 1 text run 1 at (1900.00,220.00) startOffset 0 endOffset 11 width 80.00: "just a text"
      RenderSVGText {text} at (2000,202) size 80x23 contains 1 chunk(s)
        RenderSVGInlineText {#text} at (0,0) size 80x23
          chunk 1 text run 1 at (2000.00,220.00) startOffset 0 endOffset 11 width 80.00: "just a text"
      RenderSVGText {text} at (2100,202) size 80x23 contains 1 chunk(s)
        RenderSVGInlineText {#text} at (0,0) size 80x23
          chunk 1 text run 1 at (2100.00,220.00) startOffset 0 endOffset 11 width 80.00: "just a text"
      RenderSVGText {text} at (2200,202) size 80x23 contains 1 chunk(s)
        RenderSVGInlineText {#text} at (0,0) size 80x23
          chunk 1 text run 1 at (2200.00,220.00) startOffset 0 endOffset 11 width 80.00: "just a text"
      RenderSVGText {text} at (2300,202) size 80x23 contains 1 chunk(s)
        RenderSVGInlineText {#text} at (0,0) size 80x23
          chunk 1 text run 1 at (2300.00,220.00) startOffset 0 endOffset 11 width 80.00: "just a text"
      RenderSVGText {text} at (2400,202) size 80x23 contains 1 chunk(s)
        RenderSVGInlineText {#text} at (0,0) size 80x23
          chunk 1 text run 1 at (2400.00,220.00) startOffset 0 endOffset 11 width 80.00: "just a text"
      RenderSVGText {text} at (2500,202) size 80x23 contains 1 chunk(s)
        RenderSVGInlineText {#text} at (0,0) size 80x23
          chunk 1 text run 1 at (2500.00,220.00) startOffset 0 endOffset 11 width 80.00: "just a text"
      RenderSVGText {text} at (2600,202) size 80x23 contains 1 chunk(s)
        RenderSVGInlineText {#text} at (0,0) size 80x23
          chunk 1 text run 1 at (2600.00,220.00) startOffset 0 endOffset 11 width 80.00: "just a text"
      RenderSVGText {text} at (2700,202) size 80x23 contains 1 chunk(s)
        RenderSVGInlineText {#text} at (0,0) size 80x23
          chunk 1 text run 1 at (2700.00,220.00) startOffset 0 endOffset 11 width 80.00: "just a text"
      RenderSVGText {text} at (2800,202) size 80x23 contains 1 chunk(s)
        RenderSVGInlineText {#text} at (0,0) size 80x23
          chunk 1 text run 1 at (2800.00,220.00) startOffset 0 endOffset 11 width 80.00: "just a text"
      RenderSVGText {text} at (2900,202) size 80x23 contains 1 chunk(s)
        RenderSVGInlineText {#text} at (0,0) size 80x23
          chunk 1 text run 1 at (2900.00,220.00) startOffset 0 endOffset 11 width 80.00: "just a text"
      RenderSVGText {text} at (3000,202) size 80x23 contains 1 chunk(s)
        RenderSVGInlineText {#text} at (0,0) size 80x23
          chunk 1 text run 1 at (3000.00,220.00) startOffset 0 endOffset 11 width 80.00: "just a text"
      RenderSVGText {text} at (3100,202) size 80x23 contains 1 chunk(s)
        RenderSVGInlineText {#text} at (0,0) size 80x23
          chunk 1 text run 1 at (3100.00,220.00) startOffset 0 endOffset 11 width 80.00: "just a text"
      RenderSVGText {text} at (3200,202) size 80x23 contains 1 chunk(s)
        RenderSVGInlineText {#text} at (0,0) size 80x23
          chunk 1 text run 1 at (3200.00,220.00) startOffset 0 endOffset 11 width 80.00: "just a text"
      RenderSVGText {text} at (3300,202) size 80x23 contains 1 chunk(s)
        RenderSVGInlineText {#text} at (0,0) size 80x23
          chunk 1 text run 1 at (3300.00,220.00) startOffset 0 endOffset 11 width 80.00: "just a text"
      RenderSVGText {text} at (3400,202) size 80x23 contains 1 chunk(s)
        RenderSVGInlineText {#text} at (0,0) size 80x23
          chunk 1 text run 1 at (3400.00,220.00) startOffset 0 endOffset 11 width 80.00: "just a text"
      RenderSVGText {text} at (3500,202) size 80x23 contains 1 chunk(s)
        RenderSVGInlineText {#text} at (0,0) size 80x23
          chunk 1 text run 1 at (3500.00,220.00) startOffset 0 endOffset 11 width 80.00: "just a text"
      RenderSVGText {text} at (3600,202) size 80x23 contains 1 chunk(s)
        RenderSVGInlineText {#text} at (0,0) size 80x23
          chunk 1 text run 1 at (3600.00,220.00) startOffset 0 endOffset 11 width 80.00: "just a text"
      RenderSVGText {text} at (3700,202) size 80x23 contains 1 chunk(s)
        RenderSVGInlineText {#text} at (0,0) size 80x23
          chunk 1 text run 1 at (3700.00,220.00) startOffset 0 endOffset 11 width 80.00: "just a text"
      RenderSVGText {text} at (3800,202) size 80x23 contains 1 chunk(s)
        RenderSVGInlineText {#text} at (0,0) size 80x23
          chunk 1 text run 1 at (3800.00,220.00) startOffset 0 endOffset 11 width 80.00: "just a text"
      RenderSVGText {text} at (3900,202) size 80x23 contains 1 chunk(s)
        RenderSVGInlineText {#text} at (0,0) size 80x23
          chunk 1 text run 1 at (3900.00,220.00) startOffset 0 endOffset 11 width 80.00: "just a text"
      RenderSVGText {text} at (4000,202) size 80x23 contains 1 chunk(s)
        RenderSVGInlineText {#text} at (0,0) size 80x23
          chunk 1 text run 1 at (4000.00,220.00) startOffset 0 endOffset 11 width 80.00: "just a text"
      RenderSVGText {text} at (4100,202) size 80x23 contains 1 chunk(s)
        RenderSVGInlineText {#text} at (0,0) size 80x23
          chunk 1 text run 1 at (4100.00,220.00) startOffset 0 endOffset 11 width 80.00: "just a text"
      RenderSVGText {text} at (4200,202) size 80x23 contains 1 chunk(s)
        RenderSVGInlineText {#text} at (0,0) size 80x23
          chunk 1 text run 1 at (4200.00,220.00) startOffset 0 endOffset 11 width 80.00: "just a text"
      RenderSVGText {text} at (4300,202) size 80x23 contains 1 chunk(s)
        RenderSVGInlineText {#text} at (0,0) size 80x23
          chunk 1 text run 1 at (4300.00,220.00) startOffset 0 endOffset 11 width 80.00: "just a text"
      RenderSVGText {text} at (4400,202) size 80x23 contains 1 chunk(s)
        RenderSVGInlineText {#text} at (0,0) size 80x23
          chunk 1 text run 1 at (4400.00,220.00) startOffset 0 endOffset 11 width 80.00: "just a text"
      RenderSVGText {text} at (4500,202) size 80x23 contains 1 chunk(s)
        RenderSVGInlineText {#text} at (0,0) size 80x23
          chunk 1 text run 1 at (4500.00,220.00) startOffset 0 endOffset 11 width 80.00: "just a text"
      RenderSVGText {text} at (4600,202) size 80x23 contains 1 chunk(s)
        RenderSVGInlineText {#text} at (0,0) size 80x23
          chunk 1 text run 1 at (4600.00,220.00) startOffset 0 endOffset 11 width 80.00: "just a text"
      RenderSVGText {text} at (4700,202) size 80x23 contains 1 chunk(s)
        RenderSVGInlineText {#text} at (0,0) size 80x23
          chunk 1 text run 1 at (4700.00,220.00) startOffset 0 endOffset 11 width 80.00: "just a text"
      RenderSVGText {text} at (4800,202) size 80x23 contains 1 chunk(s)
        RenderSVGInlineText {#text} at (0,0) size 80x23
          chunk 1 text run 1 at (4800.00,220.00) startOffset 0 endOffset 11 width 80.00: "just a text"
      RenderSVGText {text} at (4900,202) size 80x23 contains 1 chunk(s)
        RenderSVGInlineText {#text} at (0,0) size 80x23
          chunk 1 text run 1 at (4900.00,220.00) startOffset 0 endOffset 11 width 80.00: "just a text"
      RenderSVGText {text} at (0,302) size 80x23 contains 1 chunk(s)
        RenderSVGInlineText {#text} at (0,0) size 80x23
          chunk 1 text run 1 at (0.00,320.00) startOffset 0 endOffset 11 width 80.00: "just a text"
      RenderSVGText {text} at (100,302) size 80x23 contains 1 chunk(s)
        RenderSVGInlineText {#text} at (0,0) size 80x23
          chunk 1 text run 1 at (100.00,320.00) startOffset 0 endOffset 11 width 80.00: "just a text"
      RenderSVGText {text} at (200,302) size 80x23 contains 1 chunk(s)
        RenderSVGInlineText {#text} at (0,0) size 80x23
          chunk 1 text run 1 at (200.00,320.00) startOffset 0 endOffset 11 width 80.00: "just a text"
      RenderSVGText {text} at (300,302) size 80x23 contains 1 chunk(s)
        RenderSVGInlineText {#text} at (0,0) size 80x23
          chunk 1 text run 1 at (300.00,320.00) startOffset 0 endOffset 11 width 80.00: "just a text"
      RenderSVGText {text} at (400,302) size 80x23 contains 1 chunk(s)
        RenderSVGInlineText {#text} at (0,0) size 80x23
          chunk 1 text run 1 at (400.00,320.00) startOffset 0 endOffset 11 width 80.00: "just a text"
      RenderSVGText {text} at (500,302) size 80x23 contains 1 chunk(s)
        RenderSVGInlineText {#text} at (0,0) size 80x23
          chunk 1 text run 1 at (500.00,320.00) startOffset 0 endOffset 11 width 80.00: "just a text"
      RenderSVGText {text} at (600,302) size 80x23 contains 1 chunk(s)
        RenderSVGInlineText {#text} at (0,0) size 80x23
          chunk 1 text run 1 at (600.00,320.00) startOffset 0 endOffset 11 width 80.00: "just a text"
      RenderSVGText {text} at (700,302) size 80x23 contains 1 chunk(s)
        RenderSVGInlineText {#text} at (0,0) size 80x23
          chunk 1 text run 1 at (700.00,320.00) startOffset 0 endOffset 11 width 80.00: "just a text"
      RenderSVGText {text} at (800,302) size 80x23 contains 1 chunk(s)
        RenderSVGInlineText {#text} at (0,0) size 80x23
          chunk 1 text run 1 at (800.00,320.00) startOffset 0 endOffset 11 width 80.00: "just a text"
      RenderSVGText {text} at (900,302) size 80x23 contains 1 chunk(s)
        RenderSVGInlineText {#text} at (0,0) size 80x23
          chunk 1 text run 1 at (900.00,320.00) startOffset 0 endOffset 11 width 80.00: "just a text"
      RenderSVGText {text} at (1000,302) size 80x23 contains 1 chunk(s)
        RenderSVGInlineText {#text} at (0,0) size 80x23
          chunk 1 text run 1 at (1000.00,320.00) startOffset 0 endOffset 11 width 80.00: "just a text"
      RenderSVGText {text} at (1100,302) size 80x23 contains 1 chunk(s)
        RenderSVGInlineText {#text} at (0,0) size 80x23
          chunk 1 text run 1 at (1100.00,320.00) startOffset 0 endOffset 11 width 80.00: "just a text"
      RenderSVGText {text} at (1200,302) size 80x23 contains 1 chunk(s)
        RenderSVGInlineText {#text} at (0,0) size 80x23
          chunk 1 text run 1 at (1200.00,320.00) startOffset 0 endOffset 11 width 80.00: "just a text"
      RenderSVGText {text} at (1300,302) size 80x23 contains 1 chunk(s)
        RenderSVGInlineText {#text} at (0,0) size 80x23
          chunk 1 text run 1 at (1300.00,320.00) startOffset 0 endOffset 11 width 80.00: "just a text"
      RenderSVGText {text} at (1400,302) size 80x23 contains 1 chunk(s)
        RenderSVGInlineText {#text} at (0,0) size 80x23
          chunk 1 text run 1 at (1400.00,320.00) startOffset 0 endOffset 11 width 80.00: "just a text"
      RenderSVGText {text} at (1500,302) size 80x23 contains 1 chunk(s)
        RenderSVGInlineText {#text} at (0,0) size 80x23
          chunk 1 text run 1 at (1500.00,320.00) startOffset 0 endOffset 11 width 80.00: "just a text"
      RenderSVGText {text} at (1600,302) size 80x23 contains 1 chunk(s)
        RenderSVGInlineText {#text} at (0,0) size 80x23
          chunk 1 text run 1 at (1600.00,320.00) startOffset 0 endOffset 11 width 80.00: "just a text"
      RenderSVGText {text} at (1700,302) size 80x23 contains 1 chunk(s)
        RenderSVGInlineText {#text} at (0,0) size 80x23
          chunk 1 text run 1 at (1700.00,320.00) startOffset 0 endOffset 11 width 80.00: "just a text"
      RenderSVGText {text} at (1800,302) size 80x23 contains 1 chunk(s)
        RenderSVGInlineText {#text} at (0,0) size 80x23
          chunk 1 text run 1 at (1800.00,320.00) startOffset 0 endOffset 11 width 80.00: "just a text"
      RenderSVGText {text} at (1900,302) size 80x23 contains 1 chunk(s)
        RenderSVGInlineText {#text} at (0,0) size 80x23
          chunk 1 text run 1 at (1900.00,320.00) startOffset 0 endOffset 11 width 80.00: "just a text"
      RenderSVGText {text} at (2000,302) size 80x23 contains 1 chunk(s)
        RenderSVGInlineText {#text} at (0,0) size 80x23
          chunk 1 text run 1 at (2000.00,320.00) startOffset 0 endOffset 11 width 80.00: "just a text"
      RenderSVGText {text} at (2100,302) size 80x23 contains 1 chunk(s)
        RenderSVGInlineText {#text} at (0,0) size 80x23
          chunk 1 text run 1 at (2100.00,320.00) startOffset 0 endOffset 11 width 80.00: "just a text"
      RenderSVGText {text} at (2200,302) size 80x23 contains 1 chunk(s)
        RenderSVGInlineText {#text} at (0,0) size 80x23
          chunk 1 text run 1 at (2200.00,320.00) startOffset 0 endOffset 11 width 80.00: "just a text"
      RenderSVGText {text} at (2300,302) size 80x23 contains 1 chunk(s)
        RenderSVGInlineText {#text} at (0,0) size 80x23
          chunk 1 text run 1 at (2300.00,320.00) startOffset 0 endOffset 11 width 80.00: "just a text"
      RenderSVGText {text} at (2400,302) size 80x23 contains 1 chunk(s)
        RenderSVGInlineText {#text} at (0,0) size 80x23
          chunk 1 text run 1 at (2400.00,320.00) startOffset 0 endOffset 11 width 80.00: "just a text"
      RenderSVGText {text} at (2500,302) size 80x23 contains 1 chunk(s)
        RenderSVGInlineText {#text} at (0,0) size 80x23
          chunk 1 text run 1 at (2500.00,320.00) startOffset 0 endOffset 11 width 80.00: "just a text"
      RenderSVGText {text} at (2600,302) size 80x23 contains 1 chunk(s)
        RenderSVGInlineText {#text} at (0,0) size 80x23
          chunk 1 text run 1 at (2600.00,320.00) startOffset 0 endOffset 11 width 80.00: "just a text"
      RenderSVGText {text} at (2700,302) size 80x23 contains 1 chunk(s)
        RenderSVGInlineText {#text} at (0,0) size 80x23
          chunk 1 text run 1 at (2700.00,320.00) startOffset 0 endOffset 11 width 80.00: "just a text"
      RenderSVGText {text} at (2800,302) size 80x23 contains 1 chunk(s)
        RenderSVGInlineText {#text} at (0,0) size 80x23
          chunk 1 text run 1 at (2800.00,320.00) startOffset 0 endOffset 11 width 80.00: "just a text"
      RenderSVGText {text} at (2900,302) size 80x23 contains 1 chunk(s)
        RenderSVGInlineText {#text} at (0,0) size 80x23
          chunk 1 text run 1 at (2900.00,320.00) startOffset 0 endOffset 11 width 80.00: "just a text"
      RenderSVGText {text} at (3000,302) size 80x23 contains 1 chunk(s)
        RenderSVGInlineText {#text} at (0,0) size 80x23
          chunk 1 text run 1 at (3000.00,320.00) startOffset 0 endOffset 11 width 80.00: "just a text"
      RenderSVGText {text} at (3100,302) size 80x23 contains 1 chunk(s)
        RenderSVGInlineText {#text} at (0,0) size 80x23
          chunk 1 text run 1 at (3100.00,320.00) startOffset 0 endOffset 11 width 80.00: "just a text"
      RenderSVGText {text} at (3200,302) size 80x23 contains 1 chunk(s)
        RenderSVGInlineText {#text} at (0,0) size 80x23
          chunk 1 text run 1 at (3200.00,320.00) startOffset 0 endOffset 11 width 80.00: "just a text"
      RenderSVGText {text} at (3300,302) size 80x23 contains 1 chunk(s)
        RenderSVGInlineText {#text} at (0,0) size 80x23
          chunk 1 text run 1 at (3300.00,320.00) startOffset 0 endOffset 11 width 80.00: "just a text"
      RenderSVGText {text} at (3400,302) size 80x23 contains 1 chunk(s)
        RenderSVGInlineText {#text} at (0,0) size 80x23
          chunk 1 text run 1 at (3400.00,320.00) startOffset 0 endOffset 11 width 80.00: "just a text"
      RenderSVGText {text} at (3500,302) size 80x23 contains 1 chunk(s)
        RenderSVGInlineText {#text} at (0,0) size 80x23
          chunk 1 text run 1 at (3500.00,320.00) startOffset 0 endOffset 11 width 80.00: "just a text"
      RenderSVGText {text} at (3600,302) size 80x23 contains 1 chunk(s)
        RenderSVGInlineText {#text} at (0,0) size 80x23
          chunk 1 text run 1 at (3600.00,320.00) startOffset 0 endOffset 11 width 80.00: "just a text"
      RenderSVGText {text} at (3700,302) size 80x23 contains 1 chunk(s)
        RenderSVGInlineText {#text} at (0,0) size 80x23
          chunk 1 text run 1 at (3700.00,320.00) startOffset 0 endOffset 11 width 80.00: "just a text"
      RenderSVGText {text} at (3800,302) size 80x23 contains 1 chunk(s)
        RenderSVGInlineText {#text} at (0,0) size 80x23
          chunk 1 text run 1 at (3800.00,320.00) startOffset 0 endOffset 11 width 80.00: "just a text"
      RenderSVGText {text} at (3900,302) size 80x23 contains 1 chunk(s)
        RenderSVGInlineText {#text} at (0,0) size 80x23
          chunk 1 text run 1 at (3900.00,320.00) startOffset 0 endOffset 11 width 80.00: "just a text"
      RenderSVGText {text} at (4000,302) size 80x23 contains 1 chunk(s)
        RenderSVGInlineText {#text} at (0,0) size 80x23
          chunk 1 text run 1 at (4000.00,320.00) startOffset 0 endOffset 11 width 80.00: "just a text"
      RenderSVGText {text} at (4100,302) size 80x23 contains 1 chunk(s)
        RenderSVGInlineText {#text} at (0,0) size 80x23
          chunk 1 text run 1 at (4100.00,320.00) startOffset 0 endOffset 11 width 80.00: "just a text"
      RenderSVGText {text} at (4200,302) size 80x23 contains 1 chunk(s)
        RenderSVGInlineText {#text} at (0,0) size 80x23
          chunk 1 text run 1 at (4200.00,320.00) startOffset 0 endOffset 11 width 80.00: "just a text"
      RenderSVGText {text} at (4300,302) size 80x23 contains 1 chunk(s)
        RenderSVGInlineText {#text} at (0,0) size 80x23
          chunk 1 text run 1 at (4300.00,320.00) startOffset 0 endOffset 11 width 80.00: "just a text"
      RenderSVGText {text} at (4400,302) size 80x23 contains 1 chunk(s)
        RenderSVGInlineText {#text} at (0,0) size 80x23
          chunk 1 text run 1 at (4400.00,320.00) startOffset 0 endOffset 11 width 80.00: "just a text"
      RenderSVGText {text} at (4500,302) size 80x23 contains 1 chunk(s)
        RenderSVGInlineText {#text} at (0,0) size 80x23
          chunk 1 text run 1 at (4500.00,320.00) startOffset 0 endOffset 11 width 80.00: "just a text"
      RenderSVGText {text} at (4600,302) size 80x23 contains 1 chunk(s)
        RenderSVGInlineText {#text} at (0,0) size 80x23
          chunk 1 text run 1 at (4600.00,320.00) startOffset 0 endOffset 11 width 80.00: "just a text"
      RenderSVGText {text} at (4700,302) size 80x23 contains 1 chunk(s)
        RenderSVGInlineText {#text} at (0,0) size 80x23
          chunk 1 text run 1 at (4700.00,320.00) startOffset 0 endOffset 11 width 80.00: "just a text"
      RenderSVGText {text} at (4800,302) size 80x23 contains 1 chunk(s)
        RenderSVGInlineText {#text} at (0,0) size 80x23
          chunk 1 text run 1 at (4800.00,320.00) startOffset 0 endOffset 11 width 80.00: "just a text"
      RenderSVGText {text} at (4900,302) size 80x23 contains 1 chunk(s)
        RenderSVGInlineText {#text} at (0,0) size 80x23
          chunk 1 text run 1 at (4900.00,320.00) startOffset 0 endOffset 11 width 80.00: "just a text"
      RenderSVGText {text} at (0,402) size 80x23 contains 1 chunk(s)
        RenderSVGInlineText {#text} at (0,0) size 80x23
          chunk 1 text run 1 at (0.00,420.00) startOffset 0 endOffset 11 width 80.00: "just a text"
      RenderSVGText {text} at (100,402) size 80x23 contains 1 chunk(s)
        RenderSVGInlineText {#text} at (0,0) size 80x23
          chunk 1 text run 1 at (100.00,420.00) startOffset 0 endOffset 11 width 80.00: "just a text"
      RenderSVGText {text} at (200,402) size 80x23 contains 1 chunk(s)
        RenderSVGInlineText {#text} at (0,0) size 80x23
          chunk 1 text run 1 at (200.00,420.00) startOffset 0 endOffset 11 width 80.00: "just a text"
      RenderSVGText {text} at (300,402) size 80x23 contains 1 chunk(s)
        RenderSVGInlineText {#text} at (0,0) size 80x23
          chunk 1 text run 1 at (300.00,420.00) startOffset 0 endOffset 11 width 80.00: "just a text"
      RenderSVGText {text} at (400,402) size 80x23 contains 1 chunk(s)
        RenderSVGInlineText {#text} at (0,0) size 80x23
          chunk 1 text run 1 at (400.00,420.00) startOffset 0 endOffset 11 width 80.00: "just a text"
      RenderSVGText {text} at (500,402) size 80x23 contains 1 chunk(s)
        RenderSVGInlineText {#text} at (0,0) size 80x23
          chunk 1 text run 1 at (500.00,420.00) startOffset 0 endOffset 11 width 80.00: "just a text"
      RenderSVGText {text} at (600,402) size 80x23 contains 1 chunk(s)
        RenderSVGInlineText {#text} at (0,0) size 80x23
          chunk 1 text run 1 at (600.00,420.00) startOffset 0 endOffset 11 width 80.00: "just a text"
      RenderSVGText {text} at (700,402) size 80x23 contains 1 chunk(s)
        RenderSVGInlineText {#text} at (0,0) size 80x23
          chunk 1 text run 1 at (700.00,420.00) startOffset 0 endOffset 11 width 80.00: "just a text"
      RenderSVGText {text} at (800,402) size 80x23 contains 1 chunk(s)
        RenderSVGInlineText {#text} at (0,0) size 80x23
          chunk 1 text run 1 at (800.00,420.00) startOffset 0 endOffset 11 width 80.00: "just a text"
      RenderSVGText {text} at (900,402) size 80x23 contains 1 chunk(s)
        RenderSVGInlineText {#text} at (0,0) size 80x23
          chunk 1 text run 1 at (900.00,420.00) startOffset 0 endOffset 11 width 80.00: "just a text"
      RenderSVGText {text} at (1000,402) size 80x23 contains 1 chunk(s)
        RenderSVGInlineText {#text} at (0,0) size 80x23
          chunk 1 text run 1 at (1000.00,420.00) startOffset 0 endOffset 11 width 80.00: "just a text"
      RenderSVGText {text} at (1100,402) size 80x23 contains 1 chunk(s)
        RenderSVGInlineText {#text} at (0,0) size 80x23
          chunk 1 text run 1 at (1100.00,420.00) startOffset 0 endOffset 11 width 80.00: "just a text"
      RenderSVGText {text} at (1200,402) size 80x23 contains 1 chunk(s)
        RenderSVGInlineText {#text} at (0,0) size 80x23
          chunk 1 text run 1 at (1200.00,420.00) startOffset 0 endOffset 11 width 80.00: "just a text"
      RenderSVGText {text} at (1300,402) size 80x23 contains 1 chunk(s)
        RenderSVGInlineText {#text} at (0,0) size 80x23
          chunk 1 text run 1 at (1300.00,420.00) startOffset 0 endOffset 11 width 80.00: "just a text"
      RenderSVGText {text} at (1400,402) size 80x23 contains 1 chunk(s)
        RenderSVGInlineText {#text} at (0,0) size 80x23
          chunk 1 text run 1 at (1400.00,420.00) startOffset 0 endOffset 11 width 80.00: "just a text"
      RenderSVGText {text} at (1500,402) size 80x23 contains 1 chunk(s)
        RenderSVGInlineText {#text} at (0,0) size 80x23
          chunk 1 text run 1 at (1500.00,420.00) startOffset 0 endOffset 11 width 80.00: "just a text"
      RenderSVGText {text} at (1600,402) size 80x23 contains 1 chunk(s)
        RenderSVGInlineText {#text} at (0,0) size 80x23
          chunk 1 text run 1 at (1600.00,420.00) startOffset 0 endOffset 11 width 80.00: "just a text"
      RenderSVGText {text} at (1700,402) size 80x23 contains 1 chunk(s)
        RenderSVGInlineText {#text} at (0,0) size 80x23
          chunk 1 text run 1 at (1700.00,420.00) startOffset 0 endOffset 11 width 80.00: "just a text"
      RenderSVGText {text} at (1800,402) size 80x23 contains 1 chunk(s)
        RenderSVGInlineText {#text} at (0,0) size 80x23
          chunk 1 text run 1 at (1800.00,420.00) startOffset 0 endOffset 11 width 80.00: "just a text"
      RenderSVGText {text} at (1900,402) size 80x23 contains 1 chunk(s)
        RenderSVGInlineText {#text} at (0,0) size 80x23
          chunk 1 text run 1 at (1900.00,420.00) startOffset 0 endOffset 11 width 80.00: "just a text"
      RenderSVGText {text} at (2000,402) size 80x23 contains 1 chunk(s)
        RenderSVGInlineText {#text} at (0,0) size 80x23
          chunk 1 text run 1 at (2000.00,420.00) startOffset 0 endOffset 11 width 80.00: "just a text"
      RenderSVGText {text} at (2100,402) size 80x23 contains 1 chunk(s)
        RenderSVGInlineText {#text} at (0,0) size 80x23
          chunk 1 text run 1 at (2100.00,420.00) startOffset 0 endOffset 11 width 80.00: "just a text"
      RenderSVGText {text} at (2200,402) size 80x23 contains 1 chunk(s)
        RenderSVGInlineText {#text} at (0,0) size 80x23
          chunk 1 text run 1 at (2200.00,420.00) startOffset 0 endOffset 11 width 80.00: "just a text"
      RenderSVGText {text} at (2300,402) size 80x23 contains 1 chunk(s)
        RenderSVGInlineText {#text} at (0,0) size 80x23
          chunk 1 text run 1 at (2300.00,420.00) startOffset 0 endOffset 11 width 80.00: "just a text"
      RenderSVGText {text} at (2400,402) size 80x23 contains 1 chunk(s)
        RenderSVGInlineText {#text} at (0,0) size 80x23
          chunk 1 text run 1 at (2400.00,420.00) startOffset 0 endOffset 11 width 80.00: "just a text"
      RenderSVGText {text} at (2500,402) size 80x23 contains 1 chunk(s)
        RenderSVGInlineText {#text} at (0,0) size 80x23
          chunk 1 text run 1 at (2500.00,420.00) startOffset 0 endOffset 11 width 80.00: "just a text"
      RenderSVGText {text} at (2600,402) size 80x23 contains 1 chunk(s)
        RenderSVGInlineText {#text} at (0,0) size 80x23
          chunk 1 text run 1 at (2600.00,420.00) startOffset 0 endOffset 11 width 80.00: "just a text"
      RenderSVGText {text} at (2700,402) size 80x23 contains 1 chunk(s)
        RenderSVGInlineText {#text} at (0,0) size 80x23
          chunk 1 text run 1 at (2700.00,420.00) startOffset 0 endOffset 11 width 80.00: "just a text"
      RenderSVGText {text} at (2800,402) size 80x23 contains 1 chunk(s)
        RenderSVGInlineText {#text} at (0,0) size 80x23
          chunk 1 text run 1 at (2800.00,420.00) startOffset 0 endOffset 11 width 80.00: "just a text"
      RenderSVGText {text} at (2900,402) size 80x23 contains 1 chunk(s)
        RenderSVGInlineText {#text} at (0,0) size 80x23
          chunk 1 text run 1 at (2900.00,420.00) startOffset 0 endOffset 11 width 80.00: "just a text"
      RenderSVGText {text} at (3000,402) size 80x23 contains 1 chunk(s)
        RenderSVGInlineText {#text} at (0,0) size 80x23
          chunk 1 text run 1 at (3000.00,420.00) startOffset 0 endOffset 11 width 80.00: "just a text"
      RenderSVGText {text} at (3100,402) size 80x23 contains 1 chunk(s)
        RenderSVGInlineText {#text} at (0,0) size 80x23
          chunk 1 text run 1 at (3100.00,420.00) startOffset 0 endOffset 11 width 80.00: "just a text"
      RenderSVGText {text} at (3200,402) size 80x23 contains 1 chunk(s)
        RenderSVGInlineText {#text} at (0,0) size 80x23
          chunk 1 text run 1 at (3200.00,420.00) startOffset 0 endOffset 11 width 80.00: "just a text"
      RenderSVGText {text} at (3300,402) size 80x23 contains 1 chunk(s)
        RenderSVGInlineText {#text} at (0,0) size 80x23
          chunk 1 text run 1 at (3300.00,420.00) startOffset 0 endOffset 11 width 80.00: "just a text"
      RenderSVGText {text} at (3400,402) size 80x23 contains 1 chunk(s)
        RenderSVGInlineText {#text} at (0,0) size 80x23
          chunk 1 text run 1 at (3400.00,420.00) startOffset 0 endOffset 11 width 80.00: "just a text"
      RenderSVGText {text} at (3500,402) size 80x23 contains 1 chunk(s)
        RenderSVGInlineText {#text} at (0,0) size 80x23
          chunk 1 text run 1 at (3500.00,420.00) startOffset 0 endOffset 11 width 80.00: "just a text"
      RenderSVGText {text} at (3600,402) size 80x23 contains 1 chunk(s)
        RenderSVGInlineText {#text} at (0,0) size 80x23
          chunk 1 text run 1 at (3600.00,420.00) startOffset 0 endOffset 11 width 80.00: "just a text"
      RenderSVGText {text} at (3700,402) size 80x23 contains 1 chunk(s)
        RenderSVGInlineText {#text} at (0,0) size 80x23
          chunk 1 text run 1 at (3700.00,420.00) startOffset 0 endOffset 11 width 80.00: "just a text"
      RenderSVGText {text} at (3800,402) size 80x23 contains 1 chunk(s)
        RenderSVGInlineText {#text} at (0,0) size 80x23
          chunk 1 text run 1 at (3800.00,420.00) startOffset 0 endOffset 11 width 80.00: "just a text"
      RenderSVGText {text} at (3900,402) size 80x23 contains 1 chunk(s)
        RenderSVGInlineText {#text} at (0,0) size 80x23
          chunk 1 text run 1 at (3900.00,420.00) startOffset 0 endOffset 11 width 80.00: "just a text"
      RenderSVGText {text} at (4000,402) size 80x23 contains 1 chunk(s)
        RenderSVGInlineText {#text} at (0,0) size 80x23
          chunk 1 text run 1 at (4000.00,420.00) startOffset 0 endOffset 11 width 80.00: "just a text"
      RenderSVGText {text} at (4100,402) size 80x23 contains 1 chunk(s)
        RenderSVGInlineText {#text} at (0,0) size 80x23
          chunk 1 text run 1 at (4100.00,420.00) startOffset 0 endOffset 11 width 80.00: "just a text"
      RenderSVGText {text} at (4200,402) size 80x23 contains 1 chunk(s)
        RenderSVGInlineText {#text} at (0,0) size 80x23
          chunk 1 text run 1 at (4200.00,420.00) startOffset 0 endOffset 11 width 80.00: "just a text"
      RenderSVGText {text} at (4300,402) size 80x23 contains 1 chunk(s)
        RenderSVGInlineText {#text} at (0,0) size 80x23
          chunk 1 text run 1 at (4300.00,420.00) startOffset 0 endOffset 11 width 80.00: "just a text"
      RenderSVGText {text} at (4400,402) size 80x23 contains 1 chunk(s)
        RenderSVGInlineText {#text} at (0,0) size 80x23
          chunk 1 text run 1 at (4400.00,420.00) startOffset 0 endOffset 11 width 80.00: "just a text"
      RenderSVGText {text} at (4500,402) size 80x23 contains 1 chunk(s)
        RenderSVGInlineText {#text} at (0,0) size 80x23
          chunk 1 text run 1 at (4500.00,420.00) startOffset 0 endOffset 11 width 80.00: "just a text"
      RenderSVGText {text} at (4600,402) size 80x23 contains 1 chunk(s)
        RenderSVGInlineText {#text} at (0,0) size 80x23
          chunk 1 text run 1 at (4600.00,420.00) startOffset 0 endOffset 11 width 80.00: "just a text"
      RenderSVGText {text} at (4700,402) size 80x23 contains 1 chunk(s)
        RenderSVGInlineText {#text} at (0,0) size 80x23
          chunk 1 text run 1 at (4700.00,420.00) startOffset 0 endOffset 11 width 80.00: "just a text"
      RenderSVGText {text} at (4800,402) size 80x23 contains 1 chunk(s)
        RenderSVGInlineText {#text} at (0,0) size 80x23
          chunk 1 text run 1 at (4800.00,420.00) startOffset 0 endOffset 11 width 80.00: "just a text"
      RenderSVGText {text} at (4900,402) size 80x23 contains 1 chunk(s)
        RenderSVGInlineText {#text} at (0,0) size 80x23
          chunk 1 text run 1 at (4900.00,420.00) startOffset 0 endOffset 11 width 80.00: "just a text"
      RenderSVGText {text} at (0,502) size 80x23 contains 1 chunk(s)
        RenderSVGInlineText {#text} at (0,0) size 80x23
          chunk 1 text run 1 at (0.00,520.00) startOffset 0 endOffset 11 width 80.00: "just a text"
      RenderSVGText {text} at (100,502) size 80x23 contains 1 chunk(s)
        RenderSVGInlineText {#text} at (0,0) size 80x23
          chunk 1 text run 1 at (100.00,520.00) startOffset 0 endOffset 11 width 80.00: "just a text"
      RenderSVGText {text} at (200,502) size 80x23 contains 1 chunk(s)
        RenderSVGInlineText {#text} at (0,0) size 80x23
          chunk 1 text run 1 at (200.00,520.00) startOffset 0 endOffset 11 width 80.00: "just a text"
      RenderSVGText {text} at (300,502) size 80x23 contains 1 chunk(s)
        RenderSVGInlineText {#text} at (0,0) size 80x23
          chunk 1 text run 1 at (300.00,520.00) startOffset 0 endOffset 11 width 80.00: "just a text"
      RenderSVGText {text} at (400,502) size 80x23 contains 1 chunk(s)
        RenderSVGInlineText {#text} at (0,0) size 80x23
          chunk 1 text run 1 at (400.00,520.00) startOffset 0 endOffset 11 width 80.00: "just a text"
      RenderSVGText {text} at (500,502) size 80x23 contains 1 chunk(s)
        RenderSVGInlineText {#text} at (0,0) size 80x23
          chunk 1 text run 1 at (500.00,520.00) startOffset 0 endOffset 11 width 80.00: "just a text"
      RenderSVGText {text} at (600,502) size 80x23 contains 1 chunk(s)
        RenderSVGInlineText {#text} at (0,0) size 80x23
          chunk 1 text run 1 at (600.00,520.00) startOffset 0 endOffset 11 width 80.00: "just a text"
      RenderSVGText {text} at (700,502) size 80x23 contains 1 chunk(s)
        RenderSVGInlineText {#text} at (0,0) size 80x23
          chunk 1 text run 1 at (700.00,520.00) startOffset 0 endOffset 11 width 80.00: "just a text"
      RenderSVGText {text} at (800,502) size 80x23 contains 1 chunk(s)
        RenderSVGInlineText {#text} at (0,0) size 80x23
          chunk 1 text run 1 at (800.00,520.00) startOffset 0 endOffset 11 width 80.00: "just a text"
      RenderSVGText {text} at (900,502) size 80x23 contains 1 chunk(s)
        RenderSVGInlineText {#text} at (0,0) size 80x23
          chunk 1 text run 1 at (900.00,520.00) startOffset 0 endOffset 11 width 80.00: "just a text"
      RenderSVGText {text} at (1000,502) size 80x23 contains 1 chunk(s)
        RenderSVGInlineText {#text} at (0,0) size 80x23
          chunk 1 text run 1 at (1000.00,520.00) startOffset 0 endOffset 11 width 80.00: "just a text"
      RenderSVGText {text} at (1100,502) size 80x23 contains 1 chunk(s)
        RenderSVGInlineText {#text} at (0,0) size 80x23
          chunk 1 text run 1 at (1100.00,520.00) startOffset 0 endOffset 11 width 80.00: "just a text"
      RenderSVGText {text} at (1200,502) size 80x23 contains 1 chunk(s)
        RenderSVGInlineText {#text} at (0,0) size 80x23
          chunk 1 text run 1 at (1200.00,520.00) startOffset 0 endOffset 11 width 80.00: "just a text"
      RenderSVGText {text} at (1300,502) size 80x23 contains 1 chunk(s)
        RenderSVGInlineText {#text} at (0,0) size 80x23
          chunk 1 text run 1 at (1300.00,520.00) startOffset 0 endOffset 11 width 80.00: "just a text"
      RenderSVGText {text} at (1400,502) size 80x23 contains 1 chunk(s)
        RenderSVGInlineText {#text} at (0,0) size 80x23
          chunk 1 text run 1 at (1400.00,520.00) startOffset 0 endOffset 11 width 80.00: "just a text"
      RenderSVGText {text} at (1500,502) size 80x23 contains 1 chunk(s)
        RenderSVGInlineText {#text} at (0,0) size 80x23
          chunk 1 text run 1 at (1500.00,520.00) startOffset 0 endOffset 11 width 80.00: "just a text"
      RenderSVGText {text} at (1600,502) size 80x23 contains 1 chunk(s)
        RenderSVGInlineText {#text} at (0,0) size 80x23
          chunk 1 text run 1 at (1600.00,520.00) startOffset 0 endOffset 11 width 80.00: "just a text"
      RenderSVGText {text} at (1700,502) size 80x23 contains 1 chunk(s)
        RenderSVGInlineText {#text} at (0,0) size 80x23
          chunk 1 text run 1 at (1700.00,520.00) startOffset 0 endOffset 11 width 80.00: "just a text"
      RenderSVGText {text} at (1800,502) size 80x23 contains 1 chunk(s)
        RenderSVGInlineText {#text} at (0,0) size 80x23
          chunk 1 text run 1 at (1800.00,520.00) startOffset 0 endOffset 11 width 80.00: "just a text"
      RenderSVGText {text} at (1900,502) size 80x23 contains 1 chunk(s)
        RenderSVGInlineText {#text} at (0,0) size 80x23
          chunk 1 text run 1 at (1900.00,520.00) startOffset 0 endOffset 11 width 80.00: "just a text"
      RenderSVGText {text} at (2000,502) size 80x23 contains 1 chunk(s)
        RenderSVGInlineText {#text} at (0,0) size 80x23
          chunk 1 text run 1 at (2000.00,520.00) startOffset 0 endOffset 11 width 80.00: "just a text"
      RenderSVGText {text} at (2100,502) size 80x23 contains 1 chunk(s)
        RenderSVGInlineText {#text} at (0,0) size 80x23
          chunk 1 text run 1 at (2100.00,520.00) startOffset 0 endOffset 11 width 80.00: "just a text"
      RenderSVGText {text} at (2200,502) size 80x23 contains 1 chunk(s)
        RenderSVGInlineText {#text} at (0,0) size 80x23
          chunk 1 text run 1 at (2200.00,520.00) startOffset 0 endOffset 11 width 80.00: "just a text"
      RenderSVGText {text} at (2300,502) size 80x23 contains 1 chunk(s)
        RenderSVGInlineText {#text} at (0,0) size 80x23
          chunk 1 text run 1 at (2300.00,520.00) startOffset 0 endOffset 11 width 80.00: "just a text"
      RenderSVGText {text} at (2400,502) size 80x23 contains 1 chunk(s)
        RenderSVGInlineText {#text} at (0,0) size 80x23
          chunk 1 text run 1 at (2400.00,520.00) startOffset 0 endOffset 11 width 80.00: "just a text"
      RenderSVGText {text} at (2500,502) size 80x23 contains 1 chunk(s)
        RenderSVGInlineText {#text} at (0,0) size 80x23
          chunk 1 text run 1 at (2500.00,520.00) startOffset 0 endOffset 11 width 80.00: "just a text"
      RenderSVGText {text} at (2600,502) size 80x23 contains 1 chunk(s)
        RenderSVGInlineText {#text} at (0,0) size 80x23
          chunk 1 text run 1 at (2600.00,520.00) startOffset 0 endOffset 11 width 80.00: "just a text"
      RenderSVGText {text} at (2700,502) size 80x23 contains 1 chunk(s)
        RenderSVGInlineText {#text} at (0,0) size 80x23
          chunk 1 text run 1 at (2700.00,520.00) startOffset 0 endOffset 11 width 80.00: "just a text"
      RenderSVGText {text} at (2800,502) size 80x23 contains 1 chunk(s)
        RenderSVGInlineText {#text} at (0,0) size 80x23
          chunk 1 text run 1 at (2800.00,520.00) startOffset 0 endOffset 11 width 80.00: "just a text"
      RenderSVGText {text} at (2900,502) size 80x23 contains 1 chunk(s)
        RenderSVGInlineText {#text} at (0,0) size 80x23
          chunk 1 text run 1 at (2900.00,520.00) startOffset 0 endOffset 11 width 80.00: "just a text"
      RenderSVGText {text} at (3000,502) size 80x23 contains 1 chunk(s)
        RenderSVGInlineText {#text} at (0,0) size 80x23
          chunk 1 text run 1 at (3000.00,520.00) startOffset 0 endOffset 11 width 80.00: "just a text"
      RenderSVGText {text} at (3100,502) size 80x23 contains 1 chunk(s)
        RenderSVGInlineText {#text} at (0,0) size 80x23
          chunk 1 text run 1 at (3100.00,520.00) startOffset 0 endOffset 11 width 80.00: "just a text"
      RenderSVGText {text} at (3200,502) size 80x23 contains 1 chunk(s)
        RenderSVGInlineText {#text} at (0,0) size 80x23
          chunk 1 text run 1 at (3200.00,520.00) startOffset 0 endOffset 11 width 80.00: "just a text"
      RenderSVGText {text} at (3300,502) size 80x23 contains 1 chunk(s)
        RenderSVGInlineText {#text} at (0,0) size 80x23
          chunk 1 text run 1 at (3300.00,520.00) startOffset 0 endOffset 11 width 80.00: "just a text"
      RenderSVGText {text} at (3400,502) size 80x23 contains 1 chunk(s)
        RenderSVGInlineText {#text} at (0,0) size 80x23
          chunk 1 text run 1 at (3400.00,520.00) startOffset 0 endOffset 11 width 80.00: "just a text"
      RenderSVGText {text} at (3500,502) size 80x23 contains 1 chunk(s)
        RenderSVGInlineText {#text} at (0,0) size 80x23
          chunk 1 text run 1 at (3500.00,520.00) startOffset 0 endOffset 11 width 80.00: "just a text"
      RenderSVGText {text} at (3600,502) size 80x23 contains 1 chunk(s)
        RenderSVGInlineText {#text} at (0,0) size 80x23
          chunk 1 text run 1 at (3600.00,520.00) startOffset 0 endOffset 11 width 80.00: "just a text"
      RenderSVGText {text} at (3700,502) size 80x23 contains 1 chunk(s)
        RenderSVGInlineText {#text} at (0,0) size 80x23
          chunk 1 text run 1 at (3700.00,520.00) startOffset 0 endOffset 11 width 80.00: "just a text"
      RenderSVGText {text} at (3800,502) size 80x23 contains 1 chunk(s)
        RenderSVGInlineText {#text} at (0,0) size 80x23
          chunk 1 text run 1 at (3800.00,520.00) startOffset 0 endOffset 11 width 80.00: "just a text"
      RenderSVGText {text} at (3900,502) size 80x23 contains 1 chunk(s)
        RenderSVGInlineText {#text} at (0,0) size 80x23
          chunk 1 text run 1 at (3900.00,520.00) startOffset 0 endOffset 11 width 80.00: "just a text"
      RenderSVGText {text} at (4000,502) size 80x23 contains 1 chunk(s)
        RenderSVGInlineText {#text} at (0,0) size 80x23
          chunk 1 text run 1 at (4000.00,520.00) startOffset 0 endOffset 11 width 80.00: "just a text"
      RenderSVGText {text} at (4100,502) size 80x23 contains 1 chunk(s)
        RenderSVGInlineText {#text} at (0,0) size 80x23
          chunk 1 text run 1 at (4100.00,520.00) startOffset 0 endOffset 11 width 80.00: "just a text"
      RenderSVGText {text} at (4200,502) size 80x23 contains 1 chunk(s)
        RenderSVGInlineText {#text} at (0,0) size 80x23
          chunk 1 text run 1 at (4200.00,520.00) startOffset 0 endOffset 11 width 80.00: "just a text"
      RenderSVGText {text} at (4300,502) size 80x23 contains 1 chunk(s)
        RenderSVGInlineText {#text} at (0,0) size 80x23
          chunk 1 text run 1 at (4300.00,520.00) startOffset 0 endOffset 11 width 80.00: "just a text"
      RenderSVGText {text} at (4400,502) size 80x23 contains 1 chunk(s)
        RenderSVGInlineText {#text} at (0,0) size 80x23
          chunk 1 text run 1 at (4400.00,520.00) startOffset 0 endOffset 11 width 80.00: "just a text"
      RenderSVGText {text} at (4500,502) size 80x23 contains 1 chunk(s)
        RenderSVGInlineText {#text} at (0,0) size 80x23
          chunk 1 text run 1 at (4500.00,520.00) startOffset 0 endOffset 11 width 80.00: "just a text"
      RenderSVGText {text} at (4600,502) size 80x23 contains 1 chunk(s)
        RenderSVGInlineText {#text} at (0,0) size 80x23
          chunk 1 text run 1 at (4600.00,520.00) startOffset 0 endOffset 11 width 80.00: "just a text"
      RenderSVGText {text} at (4700,502) size 80x23 contains 1 chunk(s)
        RenderSVGInlineText {#text} at (0,0) size 80x23
          chunk 1 text run 1 at (4700.00,520.00) startOffset 0 endOffset 11 width 80.00: "just a text"
      RenderSVGText {text} at (4800,502) size 80x23 contains 1 chunk(s)
        RenderSVGInlineText {#text} at (0,0) size 80x23
          chunk 1 text run 1 at (4800.00,520.00) startOffset 0 endOffset 11 width 80.00: "just a text"
      RenderSVGText {text} at (4900,502) size 80x23 contains 1 chunk(s)
        RenderSVGInlineText {#text} at (0,0) size 80x23
          chunk 1 text run 1 at (4900.00,520.00) startOffset 0 endOffset 11 width 80.00: "just a text"
      RenderSVGText {text} at (0,602) size 80x23 contains 1 chunk(s)
        RenderSVGInlineText {#text} at (0,0) size 80x23
          chunk 1 text run 1 at (0.00,620.00) startOffset 0 endOffset 11 width 80.00: "just a text"
      RenderSVGText {text} at (100,602) size 80x23 contains 1 chunk(s)
        RenderSVGInlineText {#text} at (0,0) size 80x23
          chunk 1 text run 1 at (100.00,620.00) startOffset 0 endOffset 11 width 80.00: "just a text"
      RenderSVGText {text} at (200,602) size 80x23 contains 1 chunk(s)
        RenderSVGInlineText {#text} at (0,0) size 80x23
          chunk 1 text run 1 at (200.00,620.00) startOffset 0 endOffset 11 width 80.00: "just a text"
      RenderSVGText {text} at (300,602) size 80x23 contains 1 chunk(s)
        RenderSVGInlineText {#text} at (0,0) size 80x23
          chunk 1 text run 1 at (300.00,620.00) startOffset 0 endOffset 11 width 80.00: "just a text"
      RenderSVGText {text} at (400,602) size 80x23 contains 1 chunk(s)
        RenderSVGInlineText {#text} at (0,0) size 80x23
          chunk 1 text run 1 at (400.00,620.00) startOffset 0 endOffset 11 width 80.00: "just a text"
      RenderSVGText {text} at (500,602) size 80x23 contains 1 chunk(s)
        RenderSVGInlineText {#text} at (0,0) size 80x23
          chunk 1 text run 1 at (500.00,620.00) startOffset 0 endOffset 11 width 80.00: "just a text"
      RenderSVGText {text} at (600,602) size 80x23 contains 1 chunk(s)
        RenderSVGInlineText {#text} at (0,0) size 80x23
          chunk 1 text run 1 at (600.00,620.00) startOffset 0 endOffset 11 width 80.00: "just a text"
      RenderSVGText {text} at (700,602) size 80x23 contains 1 chunk(s)
        RenderSVGInlineText {#text} at (0,0) size 80x23
          chunk 1 text run 1 at (700.00,620.00) startOffset 0 endOffset 11 width 80.00: "just a text"
      RenderSVGText {text} at (800,602) size 80x23 contains 1 chunk(s)
        RenderSVGInlineText {#text} at (0,0) size 80x23
          chunk 1 text run 1 at (800.00,620.00) startOffset 0 endOffset 11 width 80.00: "just a text"
      RenderSVGText {text} at (900,602) size 80x23 contains 1 chunk(s)
        RenderSVGInlineText {#text} at (0,0) size 80x23
          chunk 1 text run 1 at (900.00,620.00) startOffset 0 endOffset 11 width 80.00: "just a text"
      RenderSVGText {text} at (1000,602) size 80x23 contains 1 chunk(s)
        RenderSVGInlineText {#text} at (0,0) size 80x23
          chunk 1 text run 1 at (1000.00,620.00) startOffset 0 endOffset 11 width 80.00: "just a text"
      RenderSVGText {text} at (1100,602) size 80x23 contains 1 chunk(s)
        RenderSVGInlineText {#text} at (0,0) size 80x23
          chunk 1 text run 1 at (1100.00,620.00) startOffset 0 endOffset 11 width 80.00: "just a text"
      RenderSVGText {text} at (1200,602) size 80x23 contains 1 chunk(s)
        RenderSVGInlineText {#text} at (0,0) size 80x23
          chunk 1 text run 1 at (1200.00,620.00) startOffset 0 endOffset 11 width 80.00: "just a text"
      RenderSVGText {text} at (1300,602) size 80x23 contains 1 chunk(s)
        RenderSVGInlineText {#text} at (0,0) size 80x23
          chunk 1 text run 1 at (1300.00,620.00) startOffset 0 endOffset 11 width 80.00: "just a text"
      RenderSVGText {text} at (1400,602) size 80x23 contains 1 chunk(s)
        RenderSVGInlineText {#text} at (0,0) size 80x23
          chunk 1 text run 1 at (1400.00,620.00) startOffset 0 endOffset 11 width 80.00: "just a text"
      RenderSVGText {text} at (1500,602) size 80x23 contains 1 chunk(s)
        RenderSVGInlineText {#text} at (0,0) size 80x23
          chunk 1 text run 1 at (1500.00,620.00) startOffset 0 endOffset 11 width 80.00: "just a text"
      RenderSVGText {text} at (1600,602) size 80x23 contains 1 chunk(s)
        RenderSVGInlineText {#text} at (0,0) size 80x23
          chunk 1 text run 1 at (1600.00,620.00) startOffset 0 endOffset 11 width 80.00: "just a text"
      RenderSVGText {text} at (1700,602) size 80x23 contains 1 chunk(s)
        RenderSVGInlineText {#text} at (0,0) size 80x23
          chunk 1 text run 1 at (1700.00,620.00) startOffset 0 endOffset 11 width 80.00: "just a text"
      RenderSVGText {text} at (1800,602) size 80x23 contains 1 chunk(s)
        RenderSVGInlineText {#text} at (0,0) size 80x23
          chunk 1 text run 1 at (1800.00,620.00) startOffset 0 endOffset 11 width 80.00: "just a text"
      RenderSVGText {text} at (1900,602) size 80x23 contains 1 chunk(s)
        RenderSVGInlineText {#text} at (0,0) size 80x23
          chunk 1 text run 1 at (1900.00,620.00) startOffset 0 endOffset 11 width 80.00: "just a text"
      RenderSVGText {text} at (2000,602) size 80x23 contains 1 chunk(s)
        RenderSVGInlineText {#text} at (0,0) size 80x23
          chunk 1 text run 1 at (2000.00,620.00) startOffset 0 endOffset 11 width 80.00: "just a text"
      RenderSVGText {text} at (2100,602) size 80x23 contains 1 chunk(s)
        RenderSVGInlineText {#text} at (0,0) size 80x23
          chunk 1 text run 1 at (2100.00,620.00) startOffset 0 endOffset 11 width 80.00: "just a text"
      RenderSVGText {text} at (2200,602) size 80x23 contains 1 chunk(s)
        RenderSVGInlineText {#text} at (0,0) size 80x23
          chunk 1 text run 1 at (2200.00,620.00) startOffset 0 endOffset 11 width 80.00: "just a text"
      RenderSVGText {text} at (2300,602) size 80x23 contains 1 chunk(s)
        RenderSVGInlineText {#text} at (0,0) size 80x23
          chunk 1 text run 1 at (2300.00,620.00) startOffset 0 endOffset 11 width 80.00: "just a text"
      RenderSVGText {text} at (2400,602) size 80x23 contains 1 chunk(s)
        RenderSVGInlineText {#text} at (0,0) size 80x23
          chunk 1 text run 1 at (2400.00,620.00) startOffset 0 endOffset 11 width 80.00: "just a text"
      RenderSVGText {text} at (2500,602) size 80x23 contains 1 chunk(s)
        RenderSVGInlineText {#text} at (0,0) size 80x23
          chunk 1 text run 1 at (2500.00,620.00) startOffset 0 endOffset 11 width 80.00: "just a text"
      RenderSVGText {text} at (2600,602) size 80x23 contains 1 chunk(s)
        RenderSVGInlineText {#text} at (0,0) size 80x23
          chunk 1 text run 1 at (2600.00,620.00) startOffset 0 endOffset 11 width 80.00: "just a text"
      RenderSVGText {text} at (2700,602) size 80x23 contains 1 chunk(s)
        RenderSVGInlineText {#text} at (0,0) size 80x23
          chunk 1 text run 1 at (2700.00,620.00) startOffset 0 endOffset 11 width 80.00: "just a text"
      RenderSVGText {text} at (2800,602) size 80x23 contains 1 chunk(s)
        RenderSVGInlineText {#text} at (0,0) size 80x23
          chunk 1 text run 1 at (2800.00,620.00) startOffset 0 endOffset 11 width 80.00: "just a text"
      RenderSVGText {text} at (2900,602) size 80x23 contains 1 chunk(s)
        RenderSVGInlineText {#text} at (0,0) size 80x23
          chunk 1 text run 1 at (2900.00,620.00) startOffset 0 endOffset 11 width 80.00: "just a text"
      RenderSVGText {text} at (3000,602) size 80x23 contains 1 chunk(s)
        RenderSVGInlineText {#text} at (0,0) size 80x23
          chunk 1 text run 1 at (3000.00,620.00) startOffset 0 endOffset 11 width 80.00: "just a text"
      RenderSVGText {text} at (3100,602) size 80x23 contains 1 chunk(s)
        RenderSVGInlineText {#text} at (0,0) size 80x23
          chunk 1 text run 1 at (3100.00,620.00) startOffset 0 endOffset 11 width 80.00: "just a text"
      RenderSVGText {text} at (3200,602) size 80x23 contains 1 chunk(s)
        RenderSVGInlineText {#text} at (0,0) size 80x23
          chunk 1 text run 1 at (3200.00,620.00) startOffset 0 endOffset 11 width 80.00: "just a text"
      RenderSVGText {text} at (3300,602) size 80x23 contains 1 chunk(s)
        RenderSVGInlineText {#text} at (0,0) size 80x23
          chunk 1 text run 1 at (3300.00,620.00) startOffset 0 endOffset 11 width 80.00: "just a text"
      RenderSVGText {text} at (3400,602) size 80x23 contains 1 chunk(s)
        RenderSVGInlineText {#text} at (0,0) size 80x23
          chunk 1 text run 1 at (3400.00,620.00) startOffset 0 endOffset 11 width 80.00: "just a text"
      RenderSVGText {text} at (3500,602) size 80x23 contains 1 chunk(s)
        RenderSVGInlineText {#text} at (0,0) size 80x23
          chunk 1 text run 1 at (3500.00,620.00) startOffset 0 endOffset 11 width 80.00: "just a text"
      RenderSVGText {text} at (3600,602) size 80x23 contains 1 chunk(s)
        RenderSVGInlineText {#text} at (0,0) size 80x23
          chunk 1 text run 1 at (3600.00,620.00) startOffset 0 endOffset 11 width 80.00: "just a text"
      RenderSVGText {text} at (3700,602) size 80x23 contains 1 chunk(s)
        RenderSVGInlineText {#text} at (0,0) size 80x23
          chunk 1 text run 1 at (3700.00,620.00) startOffset 0 endOffset 11 width 80.00: "just a text"
      RenderSVGText {text} at (3800,602) size 80x23 contains 1 chunk(s)
        RenderSVGInlineText {#text} at (0,0) size 80x23
          chunk 1 text run 1 at (3800.00,620.00) startOffset 0 endOffset 11 width 80.00: "just a text"
      RenderSVGText {text} at (3900,602) size 80x23 contains 1 chunk(s)
        RenderSVGInlineText {#text} at (0,0) size 80x23
          chunk 1 text run 1 at (3900.00,620.00) startOffset 0 endOffset 11 width 80.00: "just a text"
      RenderSVGText {text} at (4000,602) size 80x23 contains 1 chunk(s)
        RenderSVGInlineText {#text} at (0,0) size 80x23
          chunk 1 text run 1 at (4000.00,620.00) startOffset 0 endOffset 11 width 80.00: "just a text"
      RenderSVGText {text} at (4100,602) size 80x23 contains 1 chunk(s)
        RenderSVGInlineText {#text} at (0,0) size 80x23
          chunk 1 text run 1 at (4100.00,620.00) startOffset 0 endOffset 11 width 80.00: "just a text"
      RenderSVGText {text} at (4200,602) size 80x23 contains 1 chunk(s)
        RenderSVGInlineText {#text} at (0,0) size 80x23
          chunk 1 text run 1 at (4200.00,620.00) startOffset 0 endOffset 11 width 80.00: "just a text"
      RenderSVGText {text} at (4300,602) size 80x23 contains 1 chunk(s)
        RenderSVGInlineText {#text} at (0,0) size 80x23
          chunk 1 text run 1 at (4300.00,620.00) startOffset 0 endOffset 11 width 80.00: "just a text"
      RenderSVGText {text} at (4400,602) size 80x23 contains 1 chunk(s)
        RenderSVGInlineText {#text} at (0,0) size 80x23
          chunk 1 text run 1 at (4400.00,620.00) startOffset 0 endOffset 11 width 80.00: "just a text"
      RenderSVGText {text} at (4500,602) size 80x23 contains 1 chunk(s)
        RenderSVGInlineText {#text} at (0,0) size 80x23
          chunk 1 text run 1 at (4500.00,620.00) startOffset 0 endOffset 11 width 80.00: "just a text"
      RenderSVGText {text} at (4600,602) size 80x23 contains 1 chunk(s)
        RenderSVGInlineText {#text} at (0,0) size 80x23
          chunk 1 text run 1 at (4600.00,620.00) startOffset 0 endOffset 11 width 80.00: "just a text"
      RenderSVGText {text} at (4700,602) size 80x23 contains 1 chunk(s)
        RenderSVGInlineText {#text} at (0,0) size 80x23
          chunk 1 text run 1 at (4700.00,620.00) startOffset 0 endOffset 11 width 80.00: "just a text"
      RenderSVGText {text} at (4800,602) size 80x23 contains 1 chunk(s)
        RenderSVGInlineText {#text} at (0,0) size 80x23
          chunk 1 text run 1 at (4800.00,620.00) startOffset 0 endOffset 11 width 80.00: "just a text"
      RenderSVGText {text} at (4900,602) size 80x23 contains 1 chunk(s)
        RenderSVGInlineText {#text} at (0,0) size 80x23
          chunk 1 text run 1 at (4900.00,620.00) startOffset 0 endOffset 11 width 80.00: "just a text"
      RenderSVGText {text} at (0,702) size 80x23 contains 1 chunk(s)
        RenderSVGInlineText {#text} at (0,0) size 80x23
          chunk 1 text run 1 at (0.00,720.00) startOffset 0 endOffset 11 width 80.00: "just a text"
      RenderSVGText {text} at (100,702) size 80x23 contains 1 chunk(s)
        RenderSVGInlineText {#text} at (0,0) size 80x23
          chunk 1 text run 1 at (100.00,720.00) startOffset 0 endOffset 11 width 80.00: "just a text"
      RenderSVGText {text} at (200,702) size 80x23 contains 1 chunk(s)
        RenderSVGInlineText {#text} at (0,0) size 80x23
          chunk 1 text run 1 at (200.00,720.00) startOffset 0 endOffset 11 width 80.00: "just a text"
      RenderSVGText {text} at (300,702) size 80x23 contains 1 chunk(s)
        RenderSVGInlineText {#text} at (0,0) size 80x23
          chunk 1 text run 1 at (300.00,720.00) startOffset 0 endOffset 11 width 80.00: "just a text"
      RenderSVGText {text} at (400,702) size 80x23 contains 1 chunk(s)
        RenderSVGInlineText {#text} at (0,0) size 80x23
          chunk 1 text run 1 at (400.00,720.00) startOffset 0 endOffset 11 width 80.00: "just a text"
      RenderSVGText {text} at (500,702) size 80x23 contains 1 chunk(s)
        RenderSVGInlineText {#text} at (0,0) size 80x23
          chunk 1 text run 1 at (500.00,720.00) startOffset 0 endOffset 11 width 80.00: "just a text"
      RenderSVGText {text} at (600,702) size 80x23 contains 1 chunk(s)
        RenderSVGInlineText {#text} at (0,0) size 80x23
          chunk 1 text run 1 at (600.00,720.00) startOffset 0 endOffset 11 width 80.00: "just a text"
      RenderSVGText {text} at (700,702) size 80x23 contains 1 chunk(s)
        RenderSVGInlineText {#text} at (0,0) size 80x23
          chunk 1 text run 1 at (700.00,720.00) startOffset 0 endOffset 11 width 80.00: "just a text"
      RenderSVGText {text} at (800,702) size 80x23 contains 1 chunk(s)
        RenderSVGInlineText {#text} at (0,0) size 80x23
          chunk 1 text run 1 at (800.00,720.00) startOffset 0 endOffset 11 width 80.00: "just a text"
      RenderSVGText {text} at (900,702) size 80x23 contains 1 chunk(s)
        RenderSVGInlineText {#text} at (0,0) size 80x23
          chunk 1 text run 1 at (900.00,720.00) startOffset 0 endOffset 11 width 80.00: "just a text"
      RenderSVGText {text} at (1000,702) size 80x23 contains 1 chunk(s)
        RenderSVGInlineText {#text} at (0,0) size 80x23
          chunk 1 text run 1 at (1000.00,720.00) startOffset 0 endOffset 11 width 80.00: "just a text"
      RenderSVGText {text} at (1100,702) size 80x23 contains 1 chunk(s)
        RenderSVGInlineText {#text} at (0,0) size 80x23
          chunk 1 text run 1 at (1100.00,720.00) startOffset 0 endOffset 11 width 80.00: "just a text"
      RenderSVGText {text} at (1200,702) size 80x23 contains 1 chunk(s)
        RenderSVGInlineText {#text} at (0,0) size 80x23
          chunk 1 text run 1 at (1200.00,720.00) startOffset 0 endOffset 11 width 80.00: "just a text"
      RenderSVGText {text} at (1300,702) size 80x23 contains 1 chunk(s)
        RenderSVGInlineText {#text} at (0,0) size 80x23
          chunk 1 text run 1 at (1300.00,720.00) startOffset 0 endOffset 11 width 80.00: "just a text"
      RenderSVGText {text} at (1400,702) size 80x23 contains 1 chunk(s)
        RenderSVGInlineText {#text} at (0,0) size 80x23
          chunk 1 text run 1 at (1400.00,720.00) startOffset 0 endOffset 11 width 80.00: "just a text"
      RenderSVGText {text} at (1500,702) size 80x23 contains 1 chunk(s)
        RenderSVGInlineText {#text} at (0,0) size 80x23
          chunk 1 text run 1 at (1500.00,720.00) startOffset 0 endOffset 11 width 80.00: "just a text"
      RenderSVGText {text} at (1600,702) size 80x23 contains 1 chunk(s)
        RenderSVGInlineText {#text} at (0,0) size 80x23
          chunk 1 text run 1 at (1600.00,720.00) startOffset 0 endOffset 11 width 80.00: "just a text"
      RenderSVGText {text} at (1700,702) size 80x23 contains 1 chunk(s)
        RenderSVGInlineText {#text} at (0,0) size 80x23
          chunk 1 text run 1 at (1700.00,720.00) startOffset 0 endOffset 11 width 80.00: "just a text"
      RenderSVGText {text} at (1800,702) size 80x23 contains 1 chunk(s)
        RenderSVGInlineText {#text} at (0,0) size 80x23
          chunk 1 text run 1 at (1800.00,720.00) startOffset 0 endOffset 11 width 80.00: "just a text"
      RenderSVGText {text} at (1900,702) size 80x23 contains 1 chunk(s)
        RenderSVGInlineText {#text} at (0,0) size 80x23
          chunk 1 text run 1 at (1900.00,720.00) startOffset 0 endOffset 11 width 80.00: "just a text"
      RenderSVGText {text} at (2000,702) size 80x23 contains 1 chunk(s)
        RenderSVGInlineText {#text} at (0,0) size 80x23
          chunk 1 text run 1 at (2000.00,720.00) startOffset 0 endOffset 11 width 80.00: "just a text"
      RenderSVGText {text} at (2100,702) size 80x23 contains 1 chunk(s)
        RenderSVGInlineText {#text} at (0,0) size 80x23
          chunk 1 text run 1 at (2100.00,720.00) startOffset 0 endOffset 11 width 80.00: "just a text"
      RenderSVGText {text} at (2200,702) size 80x23 contains 1 chunk(s)
        RenderSVGInlineText {#text} at (0,0) size 80x23
          chunk 1 text run 1 at (2200.00,720.00) startOffset 0 endOffset 11 width 80.00: "just a text"
      RenderSVGText {text} at (2300,702) size 80x23 contains 1 chunk(s)
        RenderSVGInlineText {#text} at (0,0) size 80x23
          chunk 1 text run 1 at (2300.00,720.00) startOffset 0 endOffset 11 width 80.00: "just a text"
      RenderSVGText {text} at (2400,702) size 80x23 contains 1 chunk(s)
        RenderSVGInlineText {#text} at (0,0) size 80x23
          chunk 1 text run 1 at (2400.00,720.00) startOffset 0 endOffset 11 width 80.00: "just a text"
      RenderSVGText {text} at (2500,702) size 80x23 contains 1 chunk(s)
        RenderSVGInlineText {#text} at (0,0) size 80x23
          chunk 1 text run 1 at (2500.00,720.00) startOffset 0 endOffset 11 width 80.00: "just a text"
      RenderSVGText {text} at (2600,702) size 80x23 contains 1 chunk(s)
        RenderSVGInlineText {#text} at (0,0) size 80x23
          chunk 1 text run 1 at (2600.00,720.00) startOffset 0 endOffset 11 width 80.00: "just a text"
      RenderSVGText {text} at (2700,702) size 80x23 contains 1 chunk(s)
        RenderSVGInlineText {#text} at (0,0) size 80x23
          chunk 1 text run 1 at (2700.00,720.00) startOffset 0 endOffset 11 width 80.00: "just a text"
      RenderSVGText {text} at (2800,702) size 80x23 contains 1 chunk(s)
        RenderSVGInlineText {#text} at (0,0) size 80x23
          chunk 1 text run 1 at (2800.00,720.00) startOffset 0 endOffset 11 width 80.00: "just a text"
      RenderSVGText {text} at (2900,702) size 80x23 contains 1 chunk(s)
        RenderSVGInlineText {#text} at (0,0) size 80x23
          chunk 1 text run 1 at (2900.00,720.00) startOffset 0 endOffset 11 width 80.00: "just a text"
      RenderSVGText {text} at (3000,702) size 80x23 contains 1 chunk(s)
        RenderSVGInlineText {#text} at (0,0) size 80x23
          chunk 1 text run 1 at (3000.00,720.00) startOffset 0 endOffset 11 width 80.00: "just a text"
      RenderSVGText {text} at (3100,702) size 80x23 contains 1 chunk(s)
        RenderSVGInlineText {#text} at (0,0) size 80x23
          chunk 1 text run 1 at (3100.00,720.00) startOffset 0 endOffset 11 width 80.00: "just a text"
      RenderSVGText {text} at (3200,702) size 80x23 contains 1 chunk(s)
        RenderSVGInlineText {#text} at (0,0) size 80x23
          chunk 1 text run 1 at (3200.00,720.00) startOffset 0 endOffset 11 width 80.00: "just a text"
      RenderSVGText {text} at (3300,702) size 80x23 contains 1 chunk(s)
        RenderSVGInlineText {#text} at (0,0) size 80x23
          chunk 1 text run 1 at (3300.00,720.00) startOffset 0 endOffset 11 width 80.00: "just a text"
      RenderSVGText {text} at (3400,702) size 80x23 contains 1 chunk(s)
        RenderSVGInlineText {#text} at (0,0) size 80x23
          chunk 1 text run 1 at (3400.00,720.00) startOffset 0 endOffset 11 width 80.00: "just a text"
      RenderSVGText {text} at (3500,702) size 80x23 contains 1 chunk(s)
        RenderSVGInlineText {#text} at (0,0) size 80x23
          chunk 1 text run 1 at (3500.00,720.00) startOffset 0 endOffset 11 width 80.00: "just a text"
      RenderSVGText {text} at (3600,702) size 80x23 contains 1 chunk(s)
        RenderSVGInlineText {#text} at (0,0) size 80x23
          chunk 1 text run 1 at (3600.00,720.00) startOffset 0 endOffset 11 width 80.00: "just a text"
      RenderSVGText {text} at (3700,702) size 80x23 contains 1 chunk(s)
        RenderSVGInlineText {#text} at (0,0) size 80x23
          chunk 1 text run 1 at (3700.00,720.00) startOffset 0 endOffset 11 width 80.00: "just a text"
      RenderSVGText {text} at (3800,702) size 80x23 contains 1 chunk(s)
        RenderSVGInlineText {#text} at (0,0) size 80x23
          chunk 1 text run 1 at (3800.00,720.00) startOffset 0 endOffset 11 width 80.00: "just a text"
      RenderSVGText {text} at (3900,702) size 80x23 contains 1 chunk(s)
        RenderSVGInlineText {#text} at (0,0) size 80x23
          chunk 1 text run 1 at (3900.00,720.00) startOffset 0 endOffset 11 width 80.00: "just a text"
      RenderSVGText {text} at (4000,702) size 80x23 contains 1 chunk(s)
        RenderSVGInlineText {#text} at (0,0) size 80x23
          chunk 1 text run 1 at (4000.00,720.00) startOffset 0 endOffset 11 width 80.00: "just a text"
      RenderSVGText {text} at (4100,702) size 80x23 contains 1 chunk(s)
        RenderSVGInlineText {#text} at (0,0) size 80x23
          chunk 1 text run 1 at (4100.00,720.00) startOffset 0 endOffset 11 width 80.00: "just a text"
      RenderSVGText {text} at (4200,702) size 80x23 contains 1 chunk(s)
        RenderSVGInlineText {#text} at (0,0) size 80x23
          chunk 1 text run 1 at (4200.00,720.00) startOffset 0 endOffset 11 width 80.00: "just a text"
      RenderSVGText {text} at (4300,702) size 80x23 contains 1 chunk(s)
        RenderSVGInlineText {#text} at (0,0) size 80x23
          chunk 1 text run 1 at (4300.00,720.00) startOffset 0 endOffset 11 width 80.00: "just a text"
      RenderSVGText {text} at (4400,702) size 80x23 contains 1 chunk(s)
        RenderSVGInlineText {#text} at (0,0) size 80x23
          chunk 1 text run 1 at (4400.00,720.00) startOffset 0 endOffset 11 width 80.00: "just a text"
      RenderSVGText {text} at (4500,702) size 80x23 contains 1 chunk(s)
        RenderSVGInlineText {#text} at (0,0) size 80x23
          chunk 1 text run 1 at (4500.00,720.00) startOffset 0 endOffset 11 width 80.00: "just a text"
      RenderSVGText {text} at (4600,702) size 80x23 contains 1 chunk(s)
        RenderSVGInlineText {#text} at (0,0) size 80x23
          chunk 1 text run 1 at (4600.00,720.00) startOffset 0 endOffset 11 width 80.00: "just a text"
      RenderSVGText {text} at (4700,702) size 80x23 contains 1 chunk(s)
        RenderSVGInlineText {#text} at (0,0) size 80x23
          chunk 1 text run 1 at (4700.00,720.00) startOffset 0 endOffset 11 width 80.00: "just a text"
      RenderSVGText {text} at (4800,702) size 80x23 contains 1 chunk(s)
        RenderSVGInlineText {#text} at (0,0) size 80x23
          chunk 1 text run 1 at (4800.00,720.00) startOffset 0 endOffset 11 width 80.00: "just a text"
      RenderSVGText {text} at (4900,702) size 80x23 contains 1 chunk(s)
        RenderSVGInlineText {#text} at (0,0) size 80x23
          chunk 1 text run 1 at (4900.00,720.00) startOffset 0 endOffset 11 width 80.00: "just a text"
      RenderSVGText {text} at (0,802) size 80x23 contains 1 chunk(s)
        RenderSVGInlineText {#text} at (0,0) size 80x23
          chunk 1 text run 1 at (0.00,820.00) startOffset 0 endOffset 11 width 80.00: "just a text"
      RenderSVGText {text} at (100,802) size 80x23 contains 1 chunk(s)
        RenderSVGInlineText {#text} at (0,0) size 80x23
          chunk 1 text run 1 at (100.00,820.00) startOffset 0 endOffset 11 width 80.00: "just a text"
      RenderSVGText {text} at (200,802) size 80x23 contains 1 chunk(s)
        RenderSVGInlineText {#text} at (0,0) size 80x23
          chunk 1 text run 1 at (200.00,820.00) startOffset 0 endOffset 11 width 80.00: "just a text"
      RenderSVGText {text} at (300,802) size 80x23 contains 1 chunk(s)
        RenderSVGInlineText {#text} at (0,0) size 80x23
          chunk 1 text run 1 at (300.00,820.00) startOffset 0 endOffset 11 width 80.00: "just a text"
      RenderSVGText {text} at (400,802) size 80x23 contains 1 chunk(s)
        RenderSVGInlineText {#text} at (0,0) size 80x23
          chunk 1 text run 1 at (400.00,820.00) startOffset 0 endOffset 11 width 80.00: "just a text"
      RenderSVGText {text} at (500,802) size 80x23 contains 1 chunk(s)
        RenderSVGInlineText {#text} at (0,0) size 80x23
          chunk 1 text run 1 at (500.00,820.00) startOffset 0 endOffset 11 width 80.00: "just a text"
      RenderSVGText {text} at (600,802) size 80x23 contains 1 chunk(s)
        RenderSVGInlineText {#text} at (0,0) size 80x23
          chunk 1 text run 1 at (600.00,820.00) startOffset 0 endOffset 11 width 80.00: "just a text"
      RenderSVGText {text} at (700,802) size 80x23 contains 1 chunk(s)
        RenderSVGInlineText {#text} at (0,0) size 80x23
          chunk 1 text run 1 at (700.00,820.00) startOffset 0 endOffset 11 width 80.00: "just a text"
      RenderSVGText {text} at (800,802) size 80x23 contains 1 chunk(s)
        RenderSVGInlineText {#text} at (0,0) size 80x23
          chunk 1 text run 1 at (800.00,820.00) startOffset 0 endOffset 11 width 80.00: "just a text"
      RenderSVGText {text} at (900,802) size 80x23 contains 1 chunk(s)
        RenderSVGInlineText {#text} at (0,0) size 80x23
          chunk 1 text run 1 at (900.00,820.00) startOffset 0 endOffset 11 width 80.00: "just a text"
      RenderSVGText {text} at (1000,802) size 80x23 contains 1 chunk(s)
        RenderSVGInlineText {#text} at (0,0) size 80x23
          chunk 1 text run 1 at (1000.00,820.00) startOffset 0 endOffset 11 width 80.00: "just a text"
      RenderSVGText {text} at (1100,802) size 80x23 contains 1 chunk(s)
        RenderSVGInlineText {#text} at (0,0) size 80x23
          chunk 1 text run 1 at (1100.00,820.00) startOffset 0 endOffset 11 width 80.00: "just a text"
      RenderSVGText {text} at (1200,802) size 80x23 contains 1 chunk(s)
        RenderSVGInlineText {#text} at (0,0) size 80x23
          chunk 1 text run 1 at (1200.00,820.00) startOffset 0 endOffset 11 width 80.00: "just a text"
      RenderSVGText {text} at (1300,802) size 80x23 contains 1 chunk(s)
        RenderSVGInlineText {#text} at (0,0) size 80x23
          chunk 1 text run 1 at (1300.00,820.00) startOffset 0 endOffset 11 width 80.00: "just a text"
      RenderSVGText {text} at (1400,802) size 80x23 contains 1 chunk(s)
        RenderSVGInlineText {#text} at (0,0) size 80x23
          chunk 1 text run 1 at (1400.00,820.00) startOffset 0 endOffset 11 width 80.00: "just a text"
      RenderSVGText {text} at (1500,802) size 80x23 contains 1 chunk(s)
        RenderSVGInlineText {#text} at (0,0) size 80x23
          chunk 1 text run 1 at (1500.00,820.00) startOffset 0 endOffset 11 width 80.00: "just a text"
      RenderSVGText {text} at (1600,802) size 80x23 contains 1 chunk(s)
        RenderSVGInlineText {#text} at (0,0) size 80x23
          chunk 1 text run 1 at (1600.00,820.00) startOffset 0 endOffset 11 width 80.00: "just a text"
      RenderSVGText {text} at (1700,802) size 80x23 contains 1 chunk(s)
        RenderSVGInlineText {#text} at (0,0) size 80x23
          chunk 1 text run 1 at (1700.00,820.00) startOffset 0 endOffset 11 width 80.00: "just a text"
      RenderSVGText {text} at (1800,802) size 80x23 contains 1 chunk(s)
        RenderSVGInlineText {#text} at (0,0) size 80x23
          chunk 1 text run 1 at (1800.00,820.00) startOffset 0 endOffset 11 width 80.00: "just a text"
      RenderSVGText {text} at (1900,802) size 80x23 contains 1 chunk(s)
        RenderSVGInlineText {#text} at (0,0) size 80x23
          chunk 1 text run 1 at (1900.00,820.00) startOffset 0 endOffset 11 width 80.00: "just a text"
      RenderSVGText {text} at (2000,802) size 80x23 contains 1 chunk(s)
        RenderSVGInlineText {#text} at (0,0) size 80x23
          chunk 1 text run 1 at (2000.00,820.00) startOffset 0 endOffset 11 width 80.00: "just a text"
      RenderSVGText {text} at (2100,802) size 80x23 contains 1 chunk(s)
        RenderSVGInlineText {#text} at (0,0) size 80x23
          chunk 1 text run 1 at (2100.00,820.00) startOffset 0 endOffset 11 width 80.00: "just a text"
      RenderSVGText {text} at (2200,802) size 80x23 contains 1 chunk(s)
        RenderSVGInlineText {#text} at (0,0) size 80x23
          chunk 1 text run 1 at (2200.00,820.00) startOffset 0 endOffset 11 width 80.00: "just a text"
      RenderSVGText {text} at (2300,802) size 80x23 contains 1 chunk(s)
        RenderSVGInlineText {#text} at (0,0) size 80x23
          chunk 1 text run 1 at (2300.00,820.00) startOffset 0 endOffset 11 width 80.00: "just a text"
      RenderSVGText {text} at (2400,802) size 80x23 contains 1 chunk(s)
        RenderSVGInlineText {#text} at (0,0) size 80x23
          chunk 1 text run 1 at (2400.00,820.00) startOffset 0 endOffset 11 width 80.00: "just a text"
      RenderSVGText {text} at (2500,802) size 80x23 contains 1 chunk(s)
        RenderSVGInlineText {#text} at (0,0) size 80x23
          chunk 1 text run 1 at (2500.00,820.00) startOffset 0 endOffset 11 width 80.00: "just a text"
      RenderSVGText {text} at (2600,802) size 80x23 contains 1 chunk(s)
        RenderSVGInlineText {#text} at (0,0) size 80x23
          chunk 1 text run 1 at (2600.00,820.00) startOffset 0 endOffset 11 width 80.00: "just a text"
      RenderSVGText {text} at (2700,802) size 80x23 contains 1 chunk(s)
        RenderSVGInlineText {#text} at (0,0) size 80x23
          chunk 1 text run 1 at (2700.00,820.00) startOffset 0 endOffset 11 width 80.00: "just a text"
      RenderSVGText {text} at (2800,802) size 80x23 contains 1 chunk(s)
        RenderSVGInlineText {#text} at (0,0) size 80x23
          chunk 1 text run 1 at (2800.00,820.00) startOffset 0 endOffset 11 width 80.00: "just a text"
      RenderSVGText {text} at (2900,802) size 80x23 contains 1 chunk(s)
        RenderSVGInlineText {#text} at (0,0) size 80x23
          chunk 1 text run 1 at (2900.00,820.00) startOffset 0 endOffset 11 width 80.00: "just a text"
      RenderSVGText {text} at (3000,802) size 80x23 contains 1 chunk(s)
        RenderSVGInlineText {#text} at (0,0) size 80x23
          chunk 1 text run 1 at (3000.00,820.00) startOffset 0 endOffset 11 width 80.00: "just a text"
      RenderSVGText {text} at (3100,802) size 80x23 contains 1 chunk(s)
        RenderSVGInlineText {#text} at (0,0) size 80x23
          chunk 1 text run 1 at (3100.00,820.00) startOffset 0 endOffset 11 width 80.00: "just a text"
      RenderSVGText {text} at (3200,802) size 80x23 contains 1 chunk(s)
        RenderSVGInlineText {#text} at (0,0) size 80x23
          chunk 1 text run 1 at (3200.00,820.00) startOffset 0 endOffset 11 width 80.00: "just a text"
      RenderSVGText {text} at (3300,802) size 80x23 contains 1 chunk(s)
        RenderSVGInlineText {#text} at (0,0) size 80x23
          chunk 1 text run 1 at (3300.00,820.00) startOffset 0 endOffset 11 width 80.00: "just a text"
      RenderSVGText {text} at (3400,802) size 80x23 contains 1 chunk(s)
        RenderSVGInlineText {#text} at (0,0) size 80x23
          chunk 1 text run 1 at (3400.00,820.00) startOffset 0 endOffset 11 width 80.00: "just a text"
      RenderSVGText {text} at (3500,802) size 80x23 contains 1 chunk(s)
        RenderSVGInlineText {#text} at (0,0) size 80x23
          chunk 1 text run 1 at (3500.00,820.00) startOffset 0 endOffset 11 width 80.00: "just a text"
      RenderSVGText {text} at (3600,802) size 80x23 contains 1 chunk(s)
        RenderSVGInlineText {#text} at (0,0) size 80x23
          chunk 1 text run 1 at (3600.00,820.00) startOffset 0 endOffset 11 width 80.00: "just a text"
      RenderSVGText {text} at (3700,802) size 80x23 contains 1 chunk(s)
        RenderSVGInlineText {#text} at (0,0) size 80x23
          chunk 1 text run 1 at (3700.00,820.00) startOffset 0 endOffset 11 width 80.00: "just a text"
      RenderSVGText {text} at (3800,802) size 80x23 contains 1 chunk(s)
        RenderSVGInlineText {#text} at (0,0) size 80x23
          chunk 1 text run 1 at (3800.00,820.00) startOffset 0 endOffset 11 width 80.00: "just a text"
      RenderSVGText {text} at (3900,802) size 80x23 contains 1 chunk(s)
        RenderSVGInlineText {#text} at (0,0) size 80x23
          chunk 1 text run 1 at (3900.00,820.00) startOffset 0 endOffset 11 width 80.00: "just a text"
      RenderSVGText {text} at (4000,802) size 80x23 contains 1 chunk(s)
        RenderSVGInlineText {#text} at (0,0) size 80x23
          chunk 1 text run 1 at (4000.00,820.00) startOffset 0 endOffset 11 width 80.00: "just a text"
      RenderSVGText {text} at (4100,802) size 80x23 contains 1 chunk(s)
        RenderSVGInlineText {#text} at (0,0) size 80x23
          chunk 1 text run 1 at (4100.00,820.00) startOffset 0 endOffset 11 width 80.00: "just a text"
      RenderSVGText {text} at (4200,802) size 80x23 contains 1 chunk(s)
        RenderSVGInlineText {#text} at (0,0) size 80x23
          chunk 1 text run 1 at (4200.00,820.00) startOffset 0 endOffset 11 width 80.00: "just a text"
      RenderSVGText {text} at (4300,802) size 80x23 contains 1 chunk(s)
        RenderSVGInlineText {#text} at (0,0) size 80x23
          chunk 1 text run 1 at (4300.00,820.00) startOffset 0 endOffset 11 width 80.00: "just a text"
      RenderSVGText {text} at (4400,802) size 80x23 contains 1 chunk(s)
        RenderSVGInlineText {#text} at (0,0) size 80x23
          chunk 1 text run 1 at (4400.00,820.00) startOffset 0 endOffset 11 width 80.00: "just a text"
      RenderSVGText {text} at (4500,802) size 80x23 contains 1 chunk(s)
        RenderSVGInlineText {#text} at (0,0) size 80x23
          chunk 1 text run 1 at (4500.00,820.00) startOffset 0 endOffset 11 width 80.00: "just a text"
      RenderSVGText {text} at (4600,802) size 80x23 contains 1 chunk(s)
        RenderSVGInlineText {#text} at (0,0) size 80x23
          chunk 1 text run 1 at (4600.00,820.00) startOffset 0 endOffset 11 width 80.00: "just a text"
      RenderSVGText {text} at (4700,802) size 80x23 contains 1 chunk(s)
        RenderSVGInlineText {#text} at (0,0) size 80x23
          chunk 1 text run 1 at (4700.00,820.00) startOffset 0 endOffset 11 width 80.00: "just a text"
      RenderSVGText {text} at (4800,802) size 80x23 contains 1 chunk(s)
        RenderSVGInlineText {#text} at (0,0) size 80x23
          chunk 1 text run 1 at (4800.00,820.00) startOffset 0 endOffset 11 width 80.00: "just a text"
      RenderSVGText {text} at (4900,802) size 80x23 contains 1 chunk(s)
        RenderSVGInlineText {#text} at (0,0) size 80x23
          chunk 1 text run 1 at (4900.00,820.00) startOffset 0 endOffset 11 width 80.00: "just a text"
      RenderSVGText {text} at (0,902) size 80x23 contains 1 chunk(s)
        RenderSVGInlineText {#text} at (0,0) size 80x23
          chunk 1 text run 1 at (0.00,920.00) startOffset 0 endOffset 11 width 80.00: "just a text"
      RenderSVGText {text} at (100,902) size 80x23 contains 1 chunk(s)
        RenderSVGInlineText {#text} at (0,0) size 80x23
          chunk 1 text run 1 at (100.00,920.00) startOffset 0 endOffset 11 width 80.00: "just a text"
      RenderSVGText {text} at (200,902) size 80x23 contains 1 chunk(s)
        RenderSVGInlineText {#text} at (0,0) size 80x23
          chunk 1 text run 1 at (200.00,920.00) startOffset 0 endOffset 11 width 80.00: "just a text"
      RenderSVGText {text} at (300,902) size 80x23 contains 1 chunk(s)
        RenderSVGInlineText {#text} at (0,0) size 80x23
          chunk 1 text run 1 at (300.00,920.00) startOffset 0 endOffset 11 width 80.00: "just a text"
      RenderSVGText {text} at (400,902) size 80x23 contains 1 chunk(s)
        RenderSVGInlineText {#text} at (0,0) size 80x23
          chunk 1 text run 1 at (400.00,920.00) startOffset 0 endOffset 11 width 80.00: "just a text"
      RenderSVGText {text} at (500,902) size 80x23 contains 1 chunk(s)
        RenderSVGInlineText {#text} at (0,0) size 80x23
          chunk 1 text run 1 at (500.00,920.00) startOffset 0 endOffset 11 width 80.00: "just a text"
      RenderSVGText {text} at (600,902) size 80x23 contains 1 chunk(s)
        RenderSVGInlineText {#text} at (0,0) size 80x23
          chunk 1 text run 1 at (600.00,920.00) startOffset 0 endOffset 11 width 80.00: "just a text"
      RenderSVGText {text} at (700,902) size 80x23 contains 1 chunk(s)
        RenderSVGInlineText {#text} at (0,0) size 80x23
          chunk 1 text run 1 at (700.00,920.00) startOffset 0 endOffset 11 width 80.00: "just a text"
      RenderSVGText {text} at (800,902) size 80x23 contains 1 chunk(s)
        RenderSVGInlineText {#text} at (0,0) size 80x23
          chunk 1 text run 1 at (800.00,920.00) startOffset 0 endOffset 11 width 80.00: "just a text"
      RenderSVGText {text} at (900,902) size 80x23 contains 1 chunk(s)
        RenderSVGInlineText {#text} at (0,0) size 80x23
          chunk 1 text run 1 at (900.00,920.00) startOffset 0 endOffset 11 width 80.00: "just a text"
      RenderSVGText {text} at (1000,902) size 80x23 contains 1 chunk(s)
        RenderSVGInlineText {#text} at (0,0) size 80x23
          chunk 1 text run 1 at (1000.00,920.00) startOffset 0 endOffset 11 width 80.00: "just a text"
      RenderSVGText {text} at (1100,902) size 80x23 contains 1 chunk(s)
        RenderSVGInlineText {#text} at (0,0) size 80x23
          chunk 1 text run 1 at (1100.00,920.00) startOffset 0 endOffset 11 width 80.00: "just a text"
      RenderSVGText {text} at (1200,902) size 80x23 contains 1 chunk(s)
        RenderSVGInlineText {#text} at (0,0) size 80x23
          chunk 1 text run 1 at (1200.00,920.00) startOffset 0 endOffset 11 width 80.00: "just a text"
      RenderSVGText {text} at (1300,902) size 80x23 contains 1 chunk(s)
        RenderSVGInlineText {#text} at (0,0) size 80x23
          chunk 1 text run 1 at (1300.00,920.00) startOffset 0 endOffset 11 width 80.00: "just a text"
      RenderSVGText {text} at (1400,902) size 80x23 contains 1 chunk(s)
        RenderSVGInlineText {#text} at (0,0) size 80x23
          chunk 1 text run 1 at (1400.00,920.00) startOffset 0 endOffset 11 width 80.00: "just a text"
      RenderSVGText {text} at (1500,902) size 80x23 contains 1 chunk(s)
        RenderSVGInlineText {#text} at (0,0) size 80x23
          chunk 1 text run 1 at (1500.00,920.00) startOffset 0 endOffset 11 width 80.00: "just a text"
      RenderSVGText {text} at (1600,902) size 80x23 contains 1 chunk(s)
        RenderSVGInlineText {#text} at (0,0) size 80x23
          chunk 1 text run 1 at (1600.00,920.00) startOffset 0 endOffset 11 width 80.00: "just a text"
      RenderSVGText {text} at (1700,902) size 80x23 contains 1 chunk(s)
        RenderSVGInlineText {#text} at (0,0) size 80x23
          chunk 1 text run 1 at (1700.00,920.00) startOffset 0 endOffset 11 width 80.00: "just a text"
      RenderSVGText {text} at (1800,902) size 80x23 contains 1 chunk(s)
        RenderSVGInlineText {#text} at (0,0) size 80x23
          chunk 1 text run 1 at (1800.00,920.00) startOffset 0 endOffset 11 width 80.00: "just a text"
      RenderSVGText {text} at (1900,902) size 80x23 contains 1 chunk(s)
        RenderSVGInlineText {#text} at (0,0) size 80x23
          chunk 1 text run 1 at (1900.00,920.00) startOffset 0 endOffset 11 width 80.00: "just a text"
      RenderSVGText {text} at (2000,902) size 80x23 contains 1 chunk(s)
        RenderSVGInlineText {#text} at (0,0) size 80x23
          chunk 1 text run 1 at (2000.00,920.00) startOffset 0 endOffset 11 width 80.00: "just a text"
      RenderSVGText {text} at (2100,902) size 80x23 contains 1 chunk(s)
        RenderSVGInlineText {#text} at (0,0) size 80x23
          chunk 1 text run 1 at (2100.00,920.00) startOffset 0 endOffset 11 width 80.00: "just a text"
      RenderSVGText {text} at (2200,902) size 80x23 contains 1 chunk(s)
        RenderSVGInlineText {#text} at (0,0) size 80x23
          chunk 1 text run 1 at (2200.00,920.00) startOffset 0 endOffset 11 width 80.00: "just a text"
      RenderSVGText {text} at (2300,902) size 80x23 contains 1 chunk(s)
        RenderSVGInlineText {#text} at (0,0) size 80x23
          chunk 1 text run 1 at (2300.00,920.00) startOffset 0 endOffset 11 width 80.00: "just a text"
      RenderSVGText {text} at (2400,902) size 80x23 contains 1 chunk(s)
        RenderSVGInlineText {#text} at (0,0) size 80x23
          chunk 1 text run 1 at (2400.00,920.00) startOffset 0 endOffset 11 width 80.00: "just a text"
      RenderSVGText {text} at (2500,902) size 80x23 contains 1 chunk(s)
        RenderSVGInlineText {#text} at (0,0) size 80x23
          chunk 1 text run 1 at (2500.00,920.00) startOffset 0 endOffset 11 width 80.00: "just a text"
      RenderSVGText {text} at (2600,902) size 80x23 contains 1 chunk(s)
        RenderSVGInlineText {#text} at (0,0) size 80x23
          chunk 1 text run 1 at (2600.00,920.00) startOffset 0 endOffset 11 width 80.00: "just a text"
      RenderSVGText {text} at (2700,902) size 80x23 contains 1 chunk(s)
        RenderSVGInlineText {#text} at (0,0) size 80x23
          chunk 1 text run 1 at (2700.00,920.00) startOffset 0 endOffset 11 width 80.00: "just a text"
      RenderSVGText {text} at (2800,902) size 80x23 contains 1 chunk(s)
        RenderSVGInlineText {#text} at (0,0) size 80x23
          chunk 1 text run 1 at (2800.00,920.00) startOffset 0 endOffset 11 width 80.00: "just a text"
      RenderSVGText {text} at (2900,902) size 80x23 contains 1 chunk(s)
        RenderSVGInlineText {#text} at (0,0) size 80x23
          chunk 1 text run 1 at (2900.00,920.00) startOffset 0 endOffset 11 width 80.00: "just a text"
      RenderSVGText {text} at (3000,902) size 80x23 contains 1 chunk(s)
        RenderSVGInlineText {#text} at (0,0) size 80x23
          chunk 1 text run 1 at (3000.00,920.00) startOffset 0 endOffset 11 width 80.00: "just a text"
      RenderSVGText {text} at (3100,902) size 80x23 contains 1 chunk(s)
        RenderSVGInlineText {#text} at (0,0) size 80x23
          chunk 1 text run 1 at (3100.00,920.00) startOffset 0 endOffset 11 width 80.00: "just a text"
      RenderSVGText {text} at (3200,902) size 80x23 contains 1 chunk(s)
        RenderSVGInlineText {#text} at (0,0) size 80x23
          chunk 1 text run 1 at (3200.00,920.00) startOffset 0 endOffset 11 width 80.00: "just a text"
      RenderSVGText {text} at (3300,902) size 80x23 contains 1 chunk(s)
        RenderSVGInlineText {#text} at (0,0) size 80x23
          chunk 1 text run 1 at (3300.00,920.00) startOffset 0 endOffset 11 width 80.00: "just a text"
      RenderSVGText {text} at (3400,902) size 80x23 contains 1 chunk(s)
        RenderSVGInlineText {#text} at (0,0) size 80x23
          chunk 1 text run 1 at (3400.00,920.00) startOffset 0 endOffset 11 width 80.00: "just a text"
      RenderSVGText {text} at (3500,902) size 80x23 contains 1 chunk(s)
        RenderSVGInlineText {#text} at (0,0) size 80x23
          chunk 1 text run 1 at (3500.00,920.00) startOffset 0 endOffset 11 width 80.00: "just a text"
      RenderSVGText {text} at (3600,902) size 80x23 contains 1 chunk(s)
        RenderSVGInlineText {#text} at (0,0) size 80x23
          chunk 1 text run 1 at (3600.00,920.00) startOffset 0 endOffset 11 width 80.00: "just a text"
      RenderSVGText {text} at (3700,902) size 80x23 contains 1 chunk(s)
        RenderSVGInlineText {#text} at (0,0) size 80x23
          chunk 1 text run 1 at (3700.00,920.00) startOffset 0 endOffset 11 width 80.00: "just a text"
      RenderSVGText {text} at (3800,902) size 80x23 contains 1 chunk(s)
        RenderSVGInlineText {#text} at (0,0) size 80x23
          chunk 1 text run 1 at (3800.00,920.00) startOffset 0 endOffset 11 width 80.00: "just a text"
      RenderSVGText {text} at (3900,902) size 80x23 contains 1 chunk(s)
        RenderSVGInlineText {#text} at (0,0) size 80x23
          chunk 1 text run 1 at (3900.00,920.00) startOffset 0 endOffset 11 width 80.00: "just a text"
      RenderSVGText {text} at (4000,902) size 80x23 contains 1 chunk(s)
        RenderSVGInlineText {#text} at (0,0) size 80x23
          chunk 1 text run 1 at (4000.00,920.00) startOffset 0 endOffset 11 width 80.00: "just a text"
      RenderSVGText {text} at (4100,902) size 80x23 contains 1 chunk(s)
        RenderSVGInlineText {#text} at (0,0) size 80x23
          chunk 1 text run 1 at (4100.00,920.00) startOffset 0 endOffset 11 width 80.00: "just a text"
      RenderSVGText {text} at (4200,902) size 80x23 contains 1 chunk(s)
        RenderSVGInlineText {#text} at (0,0) size 80x23
          chunk 1 text run 1 at (4200.00,920.00) startOffset 0 endOffset 11 width 80.00: "just a text"
      RenderSVGText {text} at (4300,902) size 80x23 contains 1 chunk(s)
        RenderSVGInlineText {#text} at (0,0) size 80x23
          chunk 1 text run 1 at (4300.00,920.00) startOffset 0 endOffset 11 width 80.00: "just a text"
      RenderSVGText {text} at (4400,902) size 80x23 contains 1 chunk(s)
        RenderSVGInlineText {#text} at (0,0) size 80x23
          chunk 1 text run 1 at (4400.00,920.00) startOffset 0 endOffset 11 width 80.00: "just a text"
      RenderSVGText {text} at (4500,902) size 80x23 contains 1 chunk(s)
        RenderSVGInlineText {#text} at (0,0) size 80x23
          chunk 1 text run 1 at (4500.00,920.00) startOffset 0 endOffset 11 width 80.00: "just a text"
      RenderSVGText {text} at (4600,902) size 80x23 contains 1 chunk(s)
        RenderSVGInlineText {#text} at (0,0) size 80x23
          chunk 1 text run 1 at (4600.00,920.00) startOffset 0 endOffset 11 width 80.00: "just a text"
      RenderSVGText {text} at (4700,902) size 80x23 contains 1 chunk(s)
        RenderSVGInlineText {#text} at (0,0) size 80x23
          chunk 1 text run 1 at (4700.00,920.00) startOffset 0 endOffset 11 width 80.00: "just a text"
      RenderSVGText {text} at (4800,902) size 80x23 contains 1 chunk(s)
        RenderSVGInlineText {#text} at (0,0) size 80x23
          chunk 1 text run 1 at (4800.00,920.00) startOffset 0 endOffset 11 width 80.00: "just a text"
      RenderSVGText {text} at (4900,902) size 80x23 contains 1 chunk(s)
        RenderSVGInlineText {#text} at (0,0) size 80x23
          chunk 1 text run 1 at (4900.00,920.00) startOffset 0 endOffset 11 width 80.00: "just a text"
      RenderSVGText {text} at (0,1002) size 80x23 contains 1 chunk(s)
        RenderSVGInlineText {#text} at (0,0) size 80x23
          chunk 1 text run 1 at (0.00,1020.00) startOffset 0 endOffset 11 width 80.00: "just a text"
      RenderSVGText {text} at (100,1002) size 80x23 contains 1 chunk(s)
        RenderSVGInlineText {#text} at (0,0) size 80x23
          chunk 1 text run 1 at (100.00,1020.00) startOffset 0 endOffset 11 width 80.00: "just a text"
      RenderSVGText {text} at (200,1002) size 80x23 contains 1 chunk(s)
        RenderSVGInlineText {#text} at (0,0) size 80x23
          chunk 1 text run 1 at (200.00,1020.00) startOffset 0 endOffset 11 width 80.00: "just a text"
      RenderSVGText {text} at (300,1002) size 80x23 contains 1 chunk(s)
        RenderSVGInlineText {#text} at (0,0) size 80x23
          chunk 1 text run 1 at (300.00,1020.00) startOffset 0 endOffset 11 width 80.00: "just a text"
      RenderSVGText {text} at (400,1002) size 80x23 contains 1 chunk(s)
        RenderSVGInlineText {#text} at (0,0) size 80x23
          chunk 1 text run 1 at (400.00,1020.00) startOffset 0 endOffset 11 width 80.00: "just a text"
      RenderSVGText {text} at (500,1002) size 80x23 contains 1 chunk(s)
        RenderSVGInlineText {#text} at (0,0) size 80x23
          chunk 1 text run 1 at (500.00,1020.00) startOffset 0 endOffset 11 width 80.00: "just a text"
      RenderSVGText {text} at (600,1002) size 80x23 contains 1 chunk(s)
        RenderSVGInlineText {#text} at (0,0) size 80x23
          chunk 1 text run 1 at (600.00,1020.00) startOffset 0 endOffset 11 width 80.00: "just a text"
      RenderSVGText {text} at (700,1002) size 80x23 contains 1 chunk(s)
        RenderSVGInlineText {#text} at (0,0) size 80x23
          chunk 1 text run 1 at (700.00,1020.00) startOffset 0 endOffset 11 width 80.00: "just a text"
      RenderSVGText {text} at (800,1002) size 80x23 contains 1 chunk(s)
        RenderSVGInlineText {#text} at (0,0) size 80x23
          chunk 1 text run 1 at (800.00,1020.00) startOffset 0 endOffset 11 width 80.00: "just a text"
      RenderSVGText {text} at (900,1002) size 80x23 contains 1 chunk(s)
        RenderSVGInlineText {#text} at (0,0) size 80x23
          chunk 1 text run 1 at (900.00,1020.00) startOffset 0 endOffset 11 width 80.00: "just a text"
      RenderSVGText {text} at (1000,1002) size 80x23 contains 1 chunk(s)
        RenderSVGInlineText {#text} at (0,0) size 80x23
          chunk 1 text run 1 at (1000.00,1020.00) startOffset 0 endOffset 11 width 80.00: "just a text"
      RenderSVGText {text} at (1100,1002) size 80x23 contains 1 chunk(s)
        RenderSVGInlineText {#text} at (0,0) size 80x23
          chunk 1 text run 1 at (1100.00,1020.00) startOffset 0 endOffset 11 width 80.00: "just a text"
      RenderSVGText {text} at (1200,1002) size 80x23 contains 1 chunk(s)
        RenderSVGInlineText {#text} at (0,0) size 80x23
          chunk 1 text run 1 at (1200.00,1020.00) startOffset 0 endOffset 11 width 80.00: "just a text"
      RenderSVGText {text} at (1300,1002) size 80x23 contains 1 chunk(s)
        RenderSVGInlineText {#text} at (0,0) size 80x23
          chunk 1 text run 1 at (1300.00,1020.00) startOffset 0 endOffset 11 width 80.00: "just a text"
      RenderSVGText {text} at (1400,1002) size 80x23 contains 1 chunk(s)
        RenderSVGInlineText {#text} at (0,0) size 80x23
          chunk 1 text run 1 at (1400.00,1020.00) startOffset 0 endOffset 11 width 80.00: "just a text"
      RenderSVGText {text} at (1500,1002) size 80x23 contains 1 chunk(s)
        RenderSVGInlineText {#text} at (0,0) size 80x23
          chunk 1 text run 1 at (1500.00,1020.00) startOffset 0 endOffset 11 width 80.00: "just a text"
      RenderSVGText {text} at (1600,1002) size 80x23 contains 1 chunk(s)
        RenderSVGInlineText {#text} at (0,0) size 80x23
          chunk 1 text run 1 at (1600.00,1020.00) startOffset 0 endOffset 11 width 80.00: "just a text"
      RenderSVGText {text} at (1700,1002) size 80x23 contains 1 chunk(s)
        RenderSVGInlineText {#text} at (0,0) size 80x23
          chunk 1 text run 1 at (1700.00,1020.00) startOffset 0 endOffset 11 width 80.00: "just a text"
      RenderSVGText {text} at (1800,1002) size 80x23 contains 1 chunk(s)
        RenderSVGInlineText {#text} at (0,0) size 80x23
          chunk 1 text run 1 at (1800.00,1020.00) startOffset 0 endOffset 11 width 80.00: "just a text"
      RenderSVGText {text} at (1900,1002) size 80x23 contains 1 chunk(s)
        RenderSVGInlineText {#text} at (0,0) size 80x23
          chunk 1 text run 1 at (1900.00,1020.00) startOffset 0 endOffset 11 width 80.00: "just a text"
      RenderSVGText {text} at (2000,1002) size 80x23 contains 1 chunk(s)
        RenderSVGInlineText {#text} at (0,0) size 80x23
          chunk 1 text run 1 at (2000.00,1020.00) startOffset 0 endOffset 11 width 80.00: "just a text"
      RenderSVGText {text} at (2100,1002) size 80x23 contains 1 chunk(s)
        RenderSVGInlineText {#text} at (0,0) size 80x23
          chunk 1 text run 1 at (2100.00,1020.00) startOffset 0 endOffset 11 width 80.00: "just a text"
      RenderSVGText {text} at (2200,1002) size 80x23 contains 1 chunk(s)
        RenderSVGInlineText {#text} at (0,0) size 80x23
          chunk 1 text run 1 at (2200.00,1020.00) startOffset 0 endOffset 11 width 80.00: "just a text"
      RenderSVGText {text} at (2300,1002) size 80x23 contains 1 chunk(s)
        RenderSVGInlineText {#text} at (0,0) size 80x23
          chunk 1 text run 1 at (2300.00,1020.00) startOffset 0 endOffset 11 width 80.00: "just a text"
      RenderSVGText {text} at (2400,1002) size 80x23 contains 1 chunk(s)
        RenderSVGInlineText {#text} at (0,0) size 80x23
          chunk 1 text run 1 at (2400.00,1020.00) startOffset 0 endOffset 11 width 80.00: "just a text"
      RenderSVGText {text} at (2500,1002) size 80x23 contains 1 chunk(s)
        RenderSVGInlineText {#text} at (0,0) size 80x23
          chunk 1 text run 1 at (2500.00,1020.00) startOffset 0 endOffset 11 width 80.00: "just a text"
      RenderSVGText {text} at (2600,1002) size 80x23 contains 1 chunk(s)
        RenderSVGInlineText {#text} at (0,0) size 80x23
          chunk 1 text run 1 at (2600.00,1020.00) startOffset 0 endOffset 11 width 80.00: "just a text"
      RenderSVGText {text} at (2700,1002) size 80x23 contains 1 chunk(s)
        RenderSVGInlineText {#text} at (0,0) size 80x23
          chunk 1 text run 1 at (2700.00,1020.00) startOffset 0 endOffset 11 width 80.00: "just a text"
      RenderSVGText {text} at (2800,1002) size 80x23 contains 1 chunk(s)
        RenderSVGInlineText {#text} at (0,0) size 80x23
          chunk 1 text run 1 at (2800.00,1020.00) startOffset 0 endOffset 11 width 80.00: "just a text"
      RenderSVGText {text} at (2900,1002) size 80x23 contains 1 chunk(s)
        RenderSVGInlineText {#text} at (0,0) size 80x23
          chunk 1 text run 1 at (2900.00,1020.00) startOffset 0 endOffset 11 width 80.00: "just a text"
      RenderSVGText {text} at (3000,1002) size 80x23 contains 1 chunk(s)
        RenderSVGInlineText {#text} at (0,0) size 80x23
          chunk 1 text run 1 at (3000.00,1020.00) startOffset 0 endOffset 11 width 80.00: "just a text"
      RenderSVGText {text} at (3100,1002) size 80x23 contains 1 chunk(s)
        RenderSVGInlineText {#text} at (0,0) size 80x23
          chunk 1 text run 1 at (3100.00,1020.00) startOffset 0 endOffset 11 width 80.00: "just a text"
      RenderSVGText {text} at (3200,1002) size 80x23 contains 1 chunk(s)
        RenderSVGInlineText {#text} at (0,0) size 80x23
          chunk 1 text run 1 at (3200.00,1020.00) startOffset 0 endOffset 11 width 80.00: "just a text"
      RenderSVGText {text} at (3300,1002) size 80x23 contains 1 chunk(s)
        RenderSVGInlineText {#text} at (0,0) size 80x23
          chunk 1 text run 1 at (3300.00,1020.00) startOffset 0 endOffset 11 width 80.00: "just a text"
      RenderSVGText {text} at (3400,1002) size 80x23 contains 1 chunk(s)
        RenderSVGInlineText {#text} at (0,0) size 80x23
          chunk 1 text run 1 at (3400.00,1020.00) startOffset 0 endOffset 11 width 80.00: "just a text"
      RenderSVGText {text} at (3500,1002) size 80x23 contains 1 chunk(s)
        RenderSVGInlineText {#text} at (0,0) size 80x23
          chunk 1 text run 1 at (3500.00,1020.00) startOffset 0 endOffset 11 width 80.00: "just a text"
      RenderSVGText {text} at (3600,1002) size 80x23 contains 1 chunk(s)
        RenderSVGInlineText {#text} at (0,0) size 80x23
          chunk 1 text run 1 at (3600.00,1020.00) startOffset 0 endOffset 11 width 80.00: "just a text"
      RenderSVGText {text} at (3700,1002) size 80x23 contains 1 chunk(s)
        RenderSVGInlineText {#text} at (0,0) size 80x23
          chunk 1 text run 1 at (3700.00,1020.00) startOffset 0 endOffset 11 width 80.00: "just a text"
      RenderSVGText {text} at (3800,1002) size 80x23 contains 1 chunk(s)
        RenderSVGInlineText {#text} at (0,0) size 80x23
          chunk 1 text run 1 at (3800.00,1020.00) startOffset 0 endOffset 11 width 80.00: "just a text"
      RenderSVGText {text} at (3900,1002) size 80x23 contains 1 chunk(s)
        RenderSVGInlineText {#text} at (0,0) size 80x23
          chunk 1 text run 1 at (3900.00,1020.00) startOffset 0 endOffset 11 width 80.00: "just a text"
      RenderSVGText {text} at (4000,1002) size 80x23 contains 1 chunk(s)
        RenderSVGInlineText {#text} at (0,0) size 80x23
          chunk 1 text run 1 at (4000.00,1020.00) startOffset 0 endOffset 11 width 80.00: "just a text"
      RenderSVGText {text} at (4100,1002) size 80x23 contains 1 chunk(s)
        RenderSVGInlineText {#text} at (0,0) size 80x23
          chunk 1 text run 1 at (4100.00,1020.00) startOffset 0 endOffset 11 width 80.00: "just a text"
      RenderSVGText {text} at (4200,1002) size 80x23 contains 1 chunk(s)
        RenderSVGInlineText {#text} at (0,0) size 80x23
          chunk 1 text run 1 at (4200.00,1020.00) startOffset 0 endOffset 11 width 80.00: "just a text"
      RenderSVGText {text} at (4300,1002) size 80x23 contains 1 chunk(s)
        RenderSVGInlineText {#text} at (0,0) size 80x23
          chunk 1 text run 1 at (4300.00,1020.00) startOffset 0 endOffset 11 width 80.00: "just a text"
      RenderSVGText {text} at (4400,1002) size 80x23 contains 1 chunk(s)
        RenderSVGInlineText {#text} at (0,0) size 80x23
          chunk 1 text run 1 at (4400.00,1020.00) startOffset 0 endOffset 11 width 80.00: "just a text"
      RenderSVGText {text} at (4500,1002) size 80x23 contains 1 chunk(s)
        RenderSVGInlineText {#text} at (0,0) size 80x23
          chunk 1 text run 1 at (4500.00,1020.00) startOffset 0 endOffset 11 width 80.00: "just a text"
      RenderSVGText {text} at (4600,1002) size 80x23 contains 1 chunk(s)
        RenderSVGInlineText {#text} at (0,0) size 80x23
          chunk 1 text run 1 at (4600.00,1020.00) startOffset 0 endOffset 11 width 80.00: "just a text"
      RenderSVGText {text} at (4700,1002) size 80x23 contains 1 chunk(s)
        RenderSVGInlineText {#text} at (0,0) size 80x23
          chunk 1 text run 1 at (4700.00,1020.00) startOffset 0 endOffset 11 width 80.00: "just a text"
      RenderSVGText {text} at (4800,1002) size 80x23 contains 1 chunk(s)
        RenderSVGInlineText {#text} at (0,0) size 80x23
          chunk 1 text run 1 at (4800.00,1020.00) startOffset 0 endOffset 11 width 80.00: "just a text"
      RenderSVGText {text} at (4900,1002) size 80x23 contains 1 chunk(s)
        RenderSVGInlineText {#text} at (0,0) size 80x23
          chunk 1 text run 1 at (4900.00,1020.00) startOffset 0 endOffset 11 width 80.00: "just a text"
      RenderSVGText {text} at (0,1102) size 80x23 contains 1 chunk(s)
        RenderSVGInlineText {#text} at (0,0) size 80x23
          chunk 1 text run 1 at (0.00,1120.00) startOffset 0 endOffset 11 width 80.00: "just a text"
      RenderSVGText {text} at (100,1102) size 80x23 contains 1 chunk(s)
        RenderSVGInlineText {#text} at (0,0) size 80x23
          chunk 1 text run 1 at (100.00,1120.00) startOffset 0 endOffset 11 width 80.00: "just a text"
      RenderSVGText {text} at (200,1102) size 80x23 contains 1 chunk(s)
        RenderSVGInlineText {#text} at (0,0) size 80x23
          chunk 1 text run 1 at (200.00,1120.00) startOffset 0 endOffset 11 width 80.00: "just a text"
      RenderSVGText {text} at (300,1102) size 80x23 contains 1 chunk(s)
        RenderSVGInlineText {#text} at (0,0) size 80x23
          chunk 1 text run 1 at (300.00,1120.00) startOffset 0 endOffset 11 width 80.00: "just a text"
      RenderSVGText {text} at (400,1102) size 80x23 contains 1 chunk(s)
        RenderSVGInlineText {#text} at (0,0) size 80x23
          chunk 1 text run 1 at (400.00,1120.00) startOffset 0 endOffset 11 width 80.00: "just a text"
      RenderSVGText {text} at (500,1102) size 80x23 contains 1 chunk(s)
        RenderSVGInlineText {#text} at (0,0) size 80x23
          chunk 1 text run 1 at (500.00,1120.00) startOffset 0 endOffset 11 width 80.00: "just a text"
      RenderSVGText {text} at (600,1102) size 80x23 contains 1 chunk(s)
        RenderSVGInlineText {#text} at (0,0) size 80x23
          chunk 1 text run 1 at (600.00,1120.00) startOffset 0 endOffset 11 width 80.00: "just a text"
      RenderSVGText {text} at (700,1102) size 80x23 contains 1 chunk(s)
        RenderSVGInlineText {#text} at (0,0) size 80x23
          chunk 1 text run 1 at (700.00,1120.00) startOffset 0 endOffset 11 width 80.00: "just a text"
      RenderSVGText {text} at (800,1102) size 80x23 contains 1 chunk(s)
        RenderSVGInlineText {#text} at (0,0) size 80x23
          chunk 1 text run 1 at (800.00,1120.00) startOffset 0 endOffset 11 width 80.00: "just a text"
      RenderSVGText {text} at (900,1102) size 80x23 contains 1 chunk(s)
        RenderSVGInlineText {#text} at (0,0) size 80x23
          chunk 1 text run 1 at (900.00,1120.00) startOffset 0 endOffset 11 width 80.00: "just a text"
      RenderSVGText {text} at (1000,1102) size 80x23 contains 1 chunk(s)
        RenderSVGInlineText {#text} at (0,0) size 80x23
          chunk 1 text run 1 at (1000.00,1120.00) startOffset 0 endOffset 11 width 80.00: "just a text"
      RenderSVGText {text} at (1100,1102) size 80x23 contains 1 chunk(s)
        RenderSVGInlineText {#text} at (0,0) size 80x23
          chunk 1 text run 1 at (1100.00,1120.00) startOffset 0 endOffset 11 width 80.00: "just a text"
      RenderSVGText {text} at (1200,1102) size 80x23 contains 1 chunk(s)
        RenderSVGInlineText {#text} at (0,0) size 80x23
          chunk 1 text run 1 at (1200.00,1120.00) startOffset 0 endOffset 11 width 80.00: "just a text"
      RenderSVGText {text} at (1300,1102) size 80x23 contains 1 chunk(s)
        RenderSVGInlineText {#text} at (0,0) size 80x23
          chunk 1 text run 1 at (1300.00,1120.00) startOffset 0 endOffset 11 width 80.00: "just a text"
      RenderSVGText {text} at (1400,1102) size 80x23 contains 1 chunk(s)
        RenderSVGInlineText {#text} at (0,0) size 80x23
          chunk 1 text run 1 at (1400.00,1120.00) startOffset 0 endOffset 11 width 80.00: "just a text"
      RenderSVGText {text} at (1500,1102) size 80x23 contains 1 chunk(s)
        RenderSVGInlineText {#text} at (0,0) size 80x23
          chunk 1 text run 1 at (1500.00,1120.00) startOffset 0 endOffset 11 width 80.00: "just a text"
      RenderSVGText {text} at (1600,1102) size 80x23 contains 1 chunk(s)
        RenderSVGInlineText {#text} at (0,0) size 80x23
          chunk 1 text run 1 at (1600.00,1120.00) startOffset 0 endOffset 11 width 80.00: "just a text"
      RenderSVGText {text} at (1700,1102) size 80x23 contains 1 chunk(s)
        RenderSVGInlineText {#text} at (0,0) size 80x23
          chunk 1 text run 1 at (1700.00,1120.00) startOffset 0 endOffset 11 width 80.00: "just a text"
      RenderSVGText {text} at (1800,1102) size 80x23 contains 1 chunk(s)
        RenderSVGInlineText {#text} at (0,0) size 80x23
          chunk 1 text run 1 at (1800.00,1120.00) startOffset 0 endOffset 11 width 80.00: "just a text"
      RenderSVGText {text} at (1900,1102) size 80x23 contains 1 chunk(s)
        RenderSVGInlineText {#text} at (0,0) size 80x23
          chunk 1 text run 1 at (1900.00,1120.00) startOffset 0 endOffset 11 width 80.00: "just a text"
      RenderSVGText {text} at (2000,1102) size 80x23 contains 1 chunk(s)
        RenderSVGInlineText {#text} at (0,0) size 80x23
          chunk 1 text run 1 at (2000.00,1120.00) startOffset 0 endOffset 11 width 80.00: "just a text"
      RenderSVGText {text} at (2100,1102) size 80x23 contains 1 chunk(s)
        RenderSVGInlineText {#text} at (0,0) size 80x23
          chunk 1 text run 1 at (2100.00,1120.00) startOffset 0 endOffset 11 width 80.00: "just a text"
      RenderSVGText {text} at (2200,1102) size 80x23 contains 1 chunk(s)
        RenderSVGInlineText {#text} at (0,0) size 80x23
          chunk 1 text run 1 at (2200.00,1120.00) startOffset 0 endOffset 11 width 80.00: "just a text"
      RenderSVGText {text} at (2300,1102) size 80x23 contains 1 chunk(s)
        RenderSVGInlineText {#text} at (0,0) size 80x23
          chunk 1 text run 1 at (2300.00,1120.00) startOffset 0 endOffset 11 width 80.00: "just a text"
      RenderSVGText {text} at (2400,1102) size 80x23 contains 1 chunk(s)
        RenderSVGInlineText {#text} at (0,0) size 80x23
          chunk 1 text run 1 at (2400.00,1120.00) startOffset 0 endOffset 11 width 80.00: "just a text"
      RenderSVGText {text} at (2500,1102) size 80x23 contains 1 chunk(s)
        RenderSVGInlineText {#text} at (0,0) size 80x23
          chunk 1 text run 1 at (2500.00,1120.00) startOffset 0 endOffset 11 width 80.00: "just a text"
      RenderSVGText {text} at (2600,1102) size 80x23 contains 1 chunk(s)
        RenderSVGInlineText {#text} at (0,0) size 80x23
          chunk 1 text run 1 at (2600.00,1120.00) startOffset 0 endOffset 11 width 80.00: "just a text"
      RenderSVGText {text} at (2700,1102) size 80x23 contains 1 chunk(s)
        RenderSVGInlineText {#text} at (0,0) size 80x23
          chunk 1 text run 1 at (2700.00,1120.00) startOffset 0 endOffset 11 width 80.00: "just a text"
      RenderSVGText {text} at (2800,1102) size 80x23 contains 1 chunk(s)
        RenderSVGInlineText {#text} at (0,0) size 80x23
          chunk 1 text run 1 at (2800.00,1120.00) startOffset 0 endOffset 11 width 80.00: "just a text"
      RenderSVGText {text} at (2900,1102) size 80x23 contains 1 chunk(s)
        RenderSVGInlineText {#text} at (0,0) size 80x23
          chunk 1 text run 1 at (2900.00,1120.00) startOffset 0 endOffset 11 width 80.00: "just a text"
      RenderSVGText {text} at (3000,1102) size 80x23 contains 1 chunk(s)
        RenderSVGInlineText {#text} at (0,0) size 80x23
          chunk 1 text run 1 at (3000.00,1120.00) startOffset 0 endOffset 11 width 80.00: "just a text"
      RenderSVGText {text} at (3100,1102) size 80x23 contains 1 chunk(s)
        RenderSVGInlineText {#text} at (0,0) size 80x23
          chunk 1 text run 1 at (3100.00,1120.00) startOffset 0 endOffset 11 width 80.00: "just a text"
      RenderSVGText {text} at (3200,1102) size 80x23 contains 1 chunk(s)
        RenderSVGInlineText {#text} at (0,0) size 80x23
          chunk 1 text run 1 at (3200.00,1120.00) startOffset 0 endOffset 11 width 80.00: "just a text"
      RenderSVGText {text} at (3300,1102) size 80x23 contains 1 chunk(s)
        RenderSVGInlineText {#text} at (0,0) size 80x23
          chunk 1 text run 1 at (3300.00,1120.00) startOffset 0 endOffset 11 width 80.00: "just a text"
      RenderSVGText {text} at (3400,1102) size 80x23 contains 1 chunk(s)
        RenderSVGInlineText {#text} at (0,0) size 80x23
          chunk 1 text run 1 at (3400.00,1120.00) startOffset 0 endOffset 11 width 80.00: "just a text"
      RenderSVGText {text} at (3500,1102) size 80x23 contains 1 chunk(s)
        RenderSVGInlineText {#text} at (0,0) size 80x23
          chunk 1 text run 1 at (3500.00,1120.00) startOffset 0 endOffset 11 width 80.00: "just a text"
      RenderSVGText {text} at (3600,1102) size 80x23 contains 1 chunk(s)
        RenderSVGInlineText {#text} at (0,0) size 80x23
          chunk 1 text run 1 at (3600.00,1120.00) startOffset 0 endOffset 11 width 80.00: "just a text"
      RenderSVGText {text} at (3700,1102) size 80x23 contains 1 chunk(s)
        RenderSVGInlineText {#text} at (0,0) size 80x23
          chunk 1 text run 1 at (3700.00,1120.00) startOffset 0 endOffset 11 width 80.00: "just a text"
      RenderSVGText {text} at (3800,1102) size 80x23 contains 1 chunk(s)
        RenderSVGInlineText {#text} at (0,0) size 80x23
          chunk 1 text run 1 at (3800.00,1120.00) startOffset 0 endOffset 11 width 80.00: "just a text"
      RenderSVGText {text} at (3900,1102) size 80x23 contains 1 chunk(s)
        RenderSVGInlineText {#text} at (0,0) size 80x23
          chunk 1 text run 1 at (3900.00,1120.00) startOffset 0 endOffset 11 width 80.00: "just a text"
      RenderSVGText {text} at (4000,1102) size 80x23 contains 1 chunk(s)
        RenderSVGInlineText {#text} at (0,0) size 80x23
          chunk 1 text run 1 at (4000.00,1120.00) startOffset 0 endOffset 11 width 80.00: "just a text"
      RenderSVGText {text} at (4100,1102) size 80x23 contains 1 chunk(s)
        RenderSVGInlineText {#text} at (0,0) size 80x23
          chunk 1 text run 1 at (4100.00,1120.00) startOffset 0 endOffset 11 width 80.00: "just a text"
      RenderSVGText {text} at (4200,1102) size 80x23 contains 1 chunk(s)
        RenderSVGInlineText {#text} at (0,0) size 80x23
          chunk 1 text run 1 at (4200.00,1120.00) startOffset 0 endOffset 11 width 80.00: "just a text"
      RenderSVGText {text} at (4300,1102) size 80x23 contains 1 chunk(s)
        RenderSVGInlineText {#text} at (0,0) size 80x23
          chunk 1 text run 1 at (4300.00,1120.00) startOffset 0 endOffset 11 width 80.00: "just a text"
      RenderSVGText {text} at (4400,1102) size 80x23 contains 1 chunk(s)
        RenderSVGInlineText {#text} at (0,0) size 80x23
          chunk 1 text run 1 at (4400.00,1120.00) startOffset 0 endOffset 11 width 80.00: "just a text"
      RenderSVGText {text} at (4500,1102) size 80x23 contains 1 chunk(s)
        RenderSVGInlineText {#text} at (0,0) size 80x23
          chunk 1 text run 1 at (4500.00,1120.00) startOffset 0 endOffset 11 width 80.00: "just a text"
      RenderSVGText {text} at (4600,1102) size 80x23 contains 1 chunk(s)
        RenderSVGInlineText {#text} at (0,0) size 80x23
          chunk 1 text run 1 at (4600.00,1120.00) startOffset 0 endOffset 11 width 80.00: "just a text"
      RenderSVGText {text} at (4700,1102) size 80x23 contains 1 chunk(s)
        RenderSVGInlineText {#text} at (0,0) size 80x23
          chunk 1 text run 1 at (4700.00,1120.00) startOffset 0 endOffset 11 width 80.00: "just a text"
      RenderSVGText {text} at (4800,1102) size 80x23 contains 1 chunk(s)
        RenderSVGInlineText {#text} at (0,0) size 80x23
          chunk 1 text run 1 at (4800.00,1120.00) startOffset 0 endOffset 11 width 80.00: "just a text"
      RenderSVGText {text} at (4900,1102) size 80x23 contains 1 chunk(s)
        RenderSVGInlineText {#text} at (0,0) size 80x23
          chunk 1 text run 1 at (4900.00,1120.00) startOffset 0 endOffset 11 width 80.00: "just a text"
      RenderSVGText {text} at (0,1202) size 80x23 contains 1 chunk(s)
        RenderSVGInlineText {#text} at (0,0) size 80x23
          chunk 1 text run 1 at (0.00,1220.00) startOffset 0 endOffset 11 width 80.00: "just a text"
      RenderSVGText {text} at (100,1202) size 80x23 contains 1 chunk(s)
        RenderSVGInlineText {#text} at (0,0) size 80x23
          chunk 1 text run 1 at (100.00,1220.00) startOffset 0 endOffset 11 width 80.00: "just a text"
      RenderSVGText {text} at (200,1202) size 80x23 contains 1 chunk(s)
        RenderSVGInlineText {#text} at (0,0) size 80x23
          chunk 1 text run 1 at (200.00,1220.00) startOffset 0 endOffset 11 width 80.00: "just a text"
      RenderSVGText {text} at (300,1202) size 80x23 contains 1 chunk(s)
        RenderSVGInlineText {#text} at (0,0) size 80x23
          chunk 1 text run 1 at (300.00,1220.00) startOffset 0 endOffset 11 width 80.00: "just a text"
      RenderSVGText {text} at (400,1202) size 80x23 contains 1 chunk(s)
        RenderSVGInlineText {#text} at (0,0) size 80x23
          chunk 1 text run 1 at (400.00,1220.00) startOffset 0 endOffset 11 width 80.00: "just a text"
      RenderSVGText {text} at (500,1202) size 80x23 contains 1 chunk(s)
        RenderSVGInlineText {#text} at (0,0) size 80x23
          chunk 1 text run 1 at (500.00,1220.00) startOffset 0 endOffset 11 width 80.00: "just a text"
      RenderSVGText {text} at (600,1202) size 80x23 contains 1 chunk(s)
        RenderSVGInlineText {#text} at (0,0) size 80x23
          chunk 1 text run 1 at (600.00,1220.00) startOffset 0 endOffset 11 width 80.00: "just a text"
      RenderSVGText {text} at (700,1202) size 80x23 contains 1 chunk(s)
        RenderSVGInlineText {#text} at (0,0) size 80x23
          chunk 1 text run 1 at (700.00,1220.00) startOffset 0 endOffset 11 width 80.00: "just a text"
      RenderSVGText {text} at (800,1202) size 80x23 contains 1 chunk(s)
        RenderSVGInlineText {#text} at (0,0) size 80x23
          chunk 1 text run 1 at (800.00,1220.00) startOffset 0 endOffset 11 width 80.00: "just a text"
      RenderSVGText {text} at (900,1202) size 80x23 contains 1 chunk(s)
        RenderSVGInlineText {#text} at (0,0) size 80x23
          chunk 1 text run 1 at (900.00,1220.00) startOffset 0 endOffset 11 width 80.00: "just a text"
      RenderSVGText {text} at (1000,1202) size 80x23 contains 1 chunk(s)
        RenderSVGInlineText {#text} at (0,0) size 80x23
          chunk 1 text run 1 at (1000.00,1220.00) startOffset 0 endOffset 11 width 80.00: "just a text"
      RenderSVGText {text} at (1100,1202) size 80x23 contains 1 chunk(s)
        RenderSVGInlineText {#text} at (0,0) size 80x23
          chunk 1 text run 1 at (1100.00,1220.00) startOffset 0 endOffset 11 width 80.00: "just a text"
      RenderSVGText {text} at (1200,1202) size 80x23 contains 1 chunk(s)
        RenderSVGInlineText {#text} at (0,0) size 80x23
          chunk 1 text run 1 at (1200.00,1220.00) startOffset 0 endOffset 11 width 80.00: "just a text"
      RenderSVGText {text} at (1300,1202) size 80x23 contains 1 chunk(s)
        RenderSVGInlineText {#text} at (0,0) size 80x23
          chunk 1 text run 1 at (1300.00,1220.00) startOffset 0 endOffset 11 width 80.00: "just a text"
      RenderSVGText {text} at (1400,1202) size 80x23 contains 1 chunk(s)
        RenderSVGInlineText {#text} at (0,0) size 80x23
          chunk 1 text run 1 at (1400.00,1220.00) startOffset 0 endOffset 11 width 80.00: "just a text"
      RenderSVGText {text} at (1500,1202) size 80x23 contains 1 chunk(s)
        RenderSVGInlineText {#text} at (0,0) size 80x23
          chunk 1 text run 1 at (1500.00,1220.00) startOffset 0 endOffset 11 width 80.00: "just a text"
      RenderSVGText {text} at (1600,1202) size 80x23 contains 1 chunk(s)
        RenderSVGInlineText {#text} at (0,0) size 80x23
          chunk 1 text run 1 at (1600.00,1220.00) startOffset 0 endOffset 11 width 80.00: "just a text"
      RenderSVGText {text} at (1700,1202) size 80x23 contains 1 chunk(s)
        RenderSVGInlineText {#text} at (0,0) size 80x23
          chunk 1 text run 1 at (1700.00,1220.00) startOffset 0 endOffset 11 width 80.00: "just a text"
      RenderSVGText {text} at (1800,1202) size 80x23 contains 1 chunk(s)
        RenderSVGInlineText {#text} at (0,0) size 80x23
          chunk 1 text run 1 at (1800.00,1220.00) startOffset 0 endOffset 11 width 80.00: "just a text"
      RenderSVGText {text} at (1900,1202) size 80x23 contains 1 chunk(s)
        RenderSVGInlineText {#text} at (0,0) size 80x23
          chunk 1 text run 1 at (1900.00,1220.00) startOffset 0 endOffset 11 width 80.00: "just a text"
      RenderSVGText {text} at (2000,1202) size 80x23 contains 1 chunk(s)
        RenderSVGInlineText {#text} at (0,0) size 80x23
          chunk 1 text run 1 at (2000.00,1220.00) startOffset 0 endOffset 11 width 80.00: "just a text"
      RenderSVGText {text} at (2100,1202) size 80x23 contains 1 chunk(s)
        RenderSVGInlineText {#text} at (0,0) size 80x23
          chunk 1 text run 1 at (2100.00,1220.00) startOffset 0 endOffset 11 width 80.00: "just a text"
      RenderSVGText {text} at (2200,1202) size 80x23 contains 1 chunk(s)
        RenderSVGInlineText {#text} at (0,0) size 80x23
          chunk 1 text run 1 at (2200.00,1220.00) startOffset 0 endOffset 11 width 80.00: "just a text"
      RenderSVGText {text} at (2300,1202) size 80x23 contains 1 chunk(s)
        RenderSVGInlineText {#text} at (0,0) size 80x23
          chunk 1 text run 1 at (2300.00,1220.00) startOffset 0 endOffset 11 width 80.00: "just a text"
      RenderSVGText {text} at (2400,1202) size 80x23 contains 1 chunk(s)
        RenderSVGInlineText {#text} at (0,0) size 80x23
          chunk 1 text run 1 at (2400.00,1220.00) startOffset 0 endOffset 11 width 80.00: "just a text"
      RenderSVGText {text} at (2500,1202) size 80x23 contains 1 chunk(s)
        RenderSVGInlineText {#text} at (0,0) size 80x23
          chunk 1 text run 1 at (2500.00,1220.00) startOffset 0 endOffset 11 width 80.00: "just a text"
      RenderSVGText {text} at (2600,1202) size 80x23 contains 1 chunk(s)
        RenderSVGInlineText {#text} at (0,0) size 80x23
          chunk 1 text run 1 at (2600.00,1220.00) startOffset 0 endOffset 11 width 80.00: "just a text"
      RenderSVGText {text} at (2700,1202) size 80x23 contains 1 chunk(s)
        RenderSVGInlineText {#text} at (0,0) size 80x23
          chunk 1 text run 1 at (2700.00,1220.00) startOffset 0 endOffset 11 width 80.00: "just a text"
      RenderSVGText {text} at (2800,1202) size 80x23 contains 1 chunk(s)
        RenderSVGInlineText {#text} at (0,0) size 80x23
          chunk 1 text run 1 at (2800.00,1220.00) startOffset 0 endOffset 11 width 80.00: "just a text"
      RenderSVGText {text} at (2900,1202) size 80x23 contains 1 chunk(s)
        RenderSVGInlineText {#text} at (0,0) size 80x23
          chunk 1 text run 1 at (2900.00,1220.00) startOffset 0 endOffset 11 width 80.00: "just a text"
      RenderSVGText {text} at (3000,1202) size 80x23 contains 1 chunk(s)
        RenderSVGInlineText {#text} at (0,0) size 80x23
          chunk 1 text run 1 at (3000.00,1220.00) startOffset 0 endOffset 11 width 80.00: "just a text"
      RenderSVGText {text} at (3100,1202) size 80x23 contains 1 chunk(s)
        RenderSVGInlineText {#text} at (0,0) size 80x23
          chunk 1 text run 1 at (3100.00,1220.00) startOffset 0 endOffset 11 width 80.00: "just a text"
      RenderSVGText {text} at (3200,1202) size 80x23 contains 1 chunk(s)
        RenderSVGInlineText {#text} at (0,0) size 80x23
          chunk 1 text run 1 at (3200.00,1220.00) startOffset 0 endOffset 11 width 80.00: "just a text"
      RenderSVGText {text} at (3300,1202) size 80x23 contains 1 chunk(s)
        RenderSVGInlineText {#text} at (0,0) size 80x23
          chunk 1 text run 1 at (3300.00,1220.00) startOffset 0 endOffset 11 width 80.00: "just a text"
      RenderSVGText {text} at (3400,1202) size 80x23 contains 1 chunk(s)
        RenderSVGInlineText {#text} at (0,0) size 80x23
          chunk 1 text run 1 at (3400.00,1220.00) startOffset 0 endOffset 11 width 80.00: "just a text"
      RenderSVGText {text} at (3500,1202) size 80x23 contains 1 chunk(s)
        RenderSVGInlineText {#text} at (0,0) size 80x23
          chunk 1 text run 1 at (3500.00,1220.00) startOffset 0 endOffset 11 width 80.00: "just a text"
      RenderSVGText {text} at (3600,1202) size 80x23 contains 1 chunk(s)
        RenderSVGInlineText {#text} at (0,0) size 80x23
          chunk 1 text run 1 at (3600.00,1220.00) startOffset 0 endOffset 11 width 80.00: "just a text"
      RenderSVGText {text} at (3700,1202) size 80x23 contains 1 chunk(s)
        RenderSVGInlineText {#text} at (0,0) size 80x23
          chunk 1 text run 1 at (3700.00,1220.00) startOffset 0 endOffset 11 width 80.00: "just a text"
      RenderSVGText {text} at (3800,1202) size 80x23 contains 1 chunk(s)
        RenderSVGInlineText {#text} at (0,0) size 80x23
          chunk 1 text run 1 at (3800.00,1220.00) startOffset 0 endOffset 11 width 80.00: "just a text"
      RenderSVGText {text} at (3900,1202) size 80x23 contains 1 chunk(s)
        RenderSVGInlineText {#text} at (0,0) size 80x23
          chunk 1 text run 1 at (3900.00,1220.00) startOffset 0 endOffset 11 width 80.00: "just a text"
      RenderSVGText {text} at (4000,1202) size 80x23 contains 1 chunk(s)
        RenderSVGInlineText {#text} at (0,0) size 80x23
          chunk 1 text run 1 at (4000.00,1220.00) startOffset 0 endOffset 11 width 80.00: "just a text"
      RenderSVGText {text} at (4100,1202) size 80x23 contains 1 chunk(s)
        RenderSVGInlineText {#text} at (0,0) size 80x23
          chunk 1 text run 1 at (4100.00,1220.00) startOffset 0 endOffset 11 width 80.00: "just a text"
      RenderSVGText {text} at (4200,1202) size 80x23 contains 1 chunk(s)
        RenderSVGInlineText {#text} at (0,0) size 80x23
          chunk 1 text run 1 at (4200.00,1220.00) startOffset 0 endOffset 11 width 80.00: "just a text"
      RenderSVGText {text} at (4300,1202) size 80x23 contains 1 chunk(s)
        RenderSVGInlineText {#text} at (0,0) size 80x23
          chunk 1 text run 1 at (4300.00,1220.00) startOffset 0 endOffset 11 width 80.00: "just a text"
      RenderSVGText {text} at (4400,1202) size 80x23 contains 1 chunk(s)
        RenderSVGInlineText {#text} at (0,0) size 80x23
          chunk 1 text run 1 at (4400.00,1220.00) startOffset 0 endOffset 11 width 80.00: "just a text"
      RenderSVGText {text} at (4500,1202) size 80x23 contains 1 chunk(s)
        RenderSVGInlineText {#text} at (0,0) size 80x23
          chunk 1 text run 1 at (4500.00,1220.00) startOffset 0 endOffset 11 width 80.00: "just a text"
      RenderSVGText {text} at (4600,1202) size 80x23 contains 1 chunk(s)
        RenderSVGInlineText {#text} at (0,0) size 80x23
          chunk 1 text run 1 at (4600.00,1220.00) startOffset 0 endOffset 11 width 80.00: "just a text"
      RenderSVGText {text} at (4700,1202) size 80x23 contains 1 chunk(s)
        RenderSVGInlineText {#text} at (0,0) size 80x23
          chunk 1 text run 1 at (4700.00,1220.00) startOffset 0 endOffset 11 width 80.00: "just a text"
      RenderSVGText {text} at (4800,1202) size 80x23 contains 1 chunk(s)
        RenderSVGInlineText {#text} at (0,0) size 80x23
          chunk 1 text run 1 at (4800.00,1220.00) startOffset 0 endOffset 11 width 80.00: "just a text"
      RenderSVGText {text} at (4900,1202) size 80x23 contains 1 chunk(s)
        RenderSVGInlineText {#text} at (0,0) size 80x23
          chunk 1 text run 1 at (4900.00,1220.00) startOffset 0 endOffset 11 width 80.00: "just a text"
      RenderSVGText {text} at (0,1302) size 80x23 contains 1 chunk(s)
        RenderSVGInlineText {#text} at (0,0) size 80x23
          chunk 1 text run 1 at (0.00,1320.00) startOffset 0 endOffset 11 width 80.00: "just a text"
      RenderSVGText {text} at (100,1302) size 80x23 contains 1 chunk(s)
        RenderSVGInlineText {#text} at (0,0) size 80x23
          chunk 1 text run 1 at (100.00,1320.00) startOffset 0 endOffset 11 width 80.00: "just a text"
      RenderSVGText {text} at (200,1302) size 80x23 contains 1 chunk(s)
        RenderSVGInlineText {#text} at (0,0) size 80x23
          chunk 1 text run 1 at (200.00,1320.00) startOffset 0 endOffset 11 width 80.00: "just a text"
      RenderSVGText {text} at (300,1302) size 80x23 contains 1 chunk(s)
        RenderSVGInlineText {#text} at (0,0) size 80x23
          chunk 1 text run 1 at (300.00,1320.00) startOffset 0 endOffset 11 width 80.00: "just a text"
      RenderSVGText {text} at (400,1302) size 80x23 contains 1 chunk(s)
        RenderSVGInlineText {#text} at (0,0) size 80x23
          chunk 1 text run 1 at (400.00,1320.00) startOffset 0 endOffset 11 width 80.00: "just a text"
      RenderSVGText {text} at (500,1302) size 80x23 contains 1 chunk(s)
        RenderSVGInlineText {#text} at (0,0) size 80x23
          chunk 1 text run 1 at (500.00,1320.00) startOffset 0 endOffset 11 width 80.00: "just a text"
      RenderSVGText {text} at (600,1302) size 80x23 contains 1 chunk(s)
        RenderSVGInlineText {#text} at (0,0) size 80x23
          chunk 1 text run 1 at (600.00,1320.00) startOffset 0 endOffset 11 width 80.00: "just a text"
      RenderSVGText {text} at (700,1302) size 80x23 contains 1 chunk(s)
        RenderSVGInlineText {#text} at (0,0) size 80x23
          chunk 1 text run 1 at (700.00,1320.00) startOffset 0 endOffset 11 width 80.00: "just a text"
      RenderSVGText {text} at (800,1302) size 80x23 contains 1 chunk(s)
        RenderSVGInlineText {#text} at (0,0) size 80x23
          chunk 1 text run 1 at (800.00,1320.00) startOffset 0 endOffset 11 width 80.00: "just a text"
      RenderSVGText {text} at (900,1302) size 80x23 contains 1 chunk(s)
        RenderSVGInlineText {#text} at (0,0) size 80x23
          chunk 1 text run 1 at (900.00,1320.00) startOffset 0 endOffset 11 width 80.00: "just a text"
      RenderSVGText {text} at (1000,1302) size 80x23 contains 1 chunk(s)
        RenderSVGInlineText {#text} at (0,0) size 80x23
          chunk 1 text run 1 at (1000.00,1320.00) startOffset 0 endOffset 11 width 80.00: "just a text"
      RenderSVGText {text} at (1100,1302) size 80x23 contains 1 chunk(s)
        RenderSVGInlineText {#text} at (0,0) size 80x23
          chunk 1 text run 1 at (1100.00,1320.00) startOffset 0 endOffset 11 width 80.00: "just a text"
      RenderSVGText {text} at (1200,1302) size 80x23 contains 1 chunk(s)
        RenderSVGInlineText {#text} at (0,0) size 80x23
          chunk 1 text run 1 at (1200.00,1320.00) startOffset 0 endOffset 11 width 80.00: "just a text"
      RenderSVGText {text} at (1300,1302) size 80x23 contains 1 chunk(s)
        RenderSVGInlineText {#text} at (0,0) size 80x23
          chunk 1 text run 1 at (1300.00,1320.00) startOffset 0 endOffset 11 width 80.00: "just a text"
      RenderSVGText {text} at (1400,1302) size 80x23 contains 1 chunk(s)
        RenderSVGInlineText {#text} at (0,0) size 80x23
          chunk 1 text run 1 at (1400.00,1320.00) startOffset 0 endOffset 11 width 80.00: "just a text"
      RenderSVGText {text} at (1500,1302) size 80x23 contains 1 chunk(s)
        RenderSVGInlineText {#text} at (0,0) size 80x23
          chunk 1 text run 1 at (1500.00,1320.00) startOffset 0 endOffset 11 width 80.00: "just a text"
      RenderSVGText {text} at (1600,1302) size 80x23 contains 1 chunk(s)
        RenderSVGInlineText {#text} at (0,0) size 80x23
          chunk 1 text run 1 at (1600.00,1320.00) startOffset 0 endOffset 11 width 80.00: "just a text"
      RenderSVGText {text} at (1700,1302) size 80x23 contains 1 chunk(s)
        RenderSVGInlineText {#text} at (0,0) size 80x23
          chunk 1 text run 1 at (1700.00,1320.00) startOffset 0 endOffset 11 width 80.00: "just a text"
      RenderSVGText {text} at (1800,1302) size 80x23 contains 1 chunk(s)
        RenderSVGInlineText {#text} at (0,0) size 80x23
          chunk 1 text run 1 at (1800.00,1320.00) startOffset 0 endOffset 11 width 80.00: "just a text"
      RenderSVGText {text} at (1900,1302) size 80x23 contains 1 chunk(s)
        RenderSVGInlineText {#text} at (0,0) size 80x23
          chunk 1 text run 1 at (1900.00,1320.00) startOffset 0 endOffset 11 width 80.00: "just a text"
      RenderSVGText {text} at (2000,1302) size 80x23 contains 1 chunk(s)
        RenderSVGInlineText {#text} at (0,0) size 80x23
          chunk 1 text run 1 at (2000.00,1320.00) startOffset 0 endOffset 11 width 80.00: "just a text"
      RenderSVGText {text} at (2100,1302) size 80x23 contains 1 chunk(s)
        RenderSVGInlineText {#text} at (0,0) size 80x23
          chunk 1 text run 1 at (2100.00,1320.00) startOffset 0 endOffset 11 width 80.00: "just a text"
      RenderSVGText {text} at (2200,1302) size 80x23 contains 1 chunk(s)
        RenderSVGInlineText {#text} at (0,0) size 80x23
          chunk 1 text run 1 at (2200.00,1320.00) startOffset 0 endOffset 11 width 80.00: "just a text"
      RenderSVGText {text} at (2300,1302) size 80x23 contains 1 chunk(s)
        RenderSVGInlineText {#text} at (0,0) size 80x23
          chunk 1 text run 1 at (2300.00,1320.00) startOffset 0 endOffset 11 width 80.00: "just a text"
      RenderSVGText {text} at (2400,1302) size 80x23 contains 1 chunk(s)
        RenderSVGInlineText {#text} at (0,0) size 80x23
          chunk 1 text run 1 at (2400.00,1320.00) startOffset 0 endOffset 11 width 80.00: "just a text"
      RenderSVGText {text} at (2500,1302) size 80x23 contains 1 chunk(s)
        RenderSVGInlineText {#text} at (0,0) size 80x23
          chunk 1 text run 1 at (2500.00,1320.00) startOffset 0 endOffset 11 width 80.00: "just a text"
      RenderSVGText {text} at (2600,1302) size 80x23 contains 1 chunk(s)
        RenderSVGInlineText {#text} at (0,0) size 80x23
          chunk 1 text run 1 at (2600.00,1320.00) startOffset 0 endOffset 11 width 80.00: "just a text"
      RenderSVGText {text} at (2700,1302) size 80x23 contains 1 chunk(s)
        RenderSVGInlineText {#text} at (0,0) size 80x23
          chunk 1 text run 1 at (2700.00,1320.00) startOffset 0 endOffset 11 width 80.00: "just a text"
      RenderSVGText {text} at (2800,1302) size 80x23 contains 1 chunk(s)
        RenderSVGInlineText {#text} at (0,0) size 80x23
          chunk 1 text run 1 at (2800.00,1320.00) startOffset 0 endOffset 11 width 80.00: "just a text"
      RenderSVGText {text} at (2900,1302) size 80x23 contains 1 chunk(s)
        RenderSVGInlineText {#text} at (0,0) size 80x23
          chunk 1 text run 1 at (2900.00,1320.00) startOffset 0 endOffset 11 width 80.00: "just a text"
      RenderSVGText {text} at (3000,1302) size 80x23 contains 1 chunk(s)
        RenderSVGInlineText {#text} at (0,0) size 80x23
          chunk 1 text run 1 at (3000.00,1320.00) startOffset 0 endOffset 11 width 80.00: "just a text"
      RenderSVGText {text} at (3100,1302) size 80x23 contains 1 chunk(s)
        RenderSVGInlineText {#text} at (0,0) size 80x23
          chunk 1 text run 1 at (3100.00,1320.00) startOffset 0 endOffset 11 width 80.00: "just a text"
      RenderSVGText {text} at (3200,1302) size 80x23 contains 1 chunk(s)
        RenderSVGInlineText {#text} at (0,0) size 80x23
          chunk 1 text run 1 at (3200.00,1320.00) startOffset 0 endOffset 11 width 80.00: "just a text"
      RenderSVGText {text} at (3300,1302) size 80x23 contains 1 chunk(s)
        RenderSVGInlineText {#text} at (0,0) size 80x23
          chunk 1 text run 1 at (3300.00,1320.00) startOffset 0 endOffset 11 width 80.00: "just a text"
      RenderSVGText {text} at (3400,1302) size 80x23 contains 1 chunk(s)
        RenderSVGInlineText {#text} at (0,0) size 80x23
          chunk 1 text run 1 at (3400.00,1320.00) startOffset 0 endOffset 11 width 80.00: "just a text"
      RenderSVGText {text} at (3500,1302) size 80x23 contains 1 chunk(s)
        RenderSVGInlineText {#text} at (0,0) size 80x23
          chunk 1 text run 1 at (3500.00,1320.00) startOffset 0 endOffset 11 width 80.00: "just a text"
      RenderSVGText {text} at (3600,1302) size 80x23 contains 1 chunk(s)
        RenderSVGInlineText {#text} at (0,0) size 80x23
          chunk 1 text run 1 at (3600.00,1320.00) startOffset 0 endOffset 11 width 80.00: "just a text"
      RenderSVGText {text} at (3700,1302) size 80x23 contains 1 chunk(s)
        RenderSVGInlineText {#text} at (0,0) size 80x23
          chunk 1 text run 1 at (3700.00,1320.00) startOffset 0 endOffset 11 width 80.00: "just a text"
      RenderSVGText {text} at (3800,1302) size 80x23 contains 1 chunk(s)
        RenderSVGInlineText {#text} at (0,0) size 80x23
          chunk 1 text run 1 at (3800.00,1320.00) startOffset 0 endOffset 11 width 80.00: "just a text"
      RenderSVGText {text} at (3900,1302) size 80x23 contains 1 chunk(s)
        RenderSVGInlineText {#text} at (0,0) size 80x23
          chunk 1 text run 1 at (3900.00,1320.00) startOffset 0 endOffset 11 width 80.00: "just a text"
      RenderSVGText {text} at (4000,1302) size 80x23 contains 1 chunk(s)
        RenderSVGInlineText {#text} at (0,0) size 80x23
          chunk 1 text run 1 at (4000.00,1320.00) startOffset 0 endOffset 11 width 80.00: "just a text"
      RenderSVGText {text} at (4100,1302) size 80x23 contains 1 chunk(s)
        RenderSVGInlineText {#text} at (0,0) size 80x23
          chunk 1 text run 1 at (4100.00,1320.00) startOffset 0 endOffset 11 width 80.00: "just a text"
      RenderSVGText {text} at (4200,1302) size 80x23 contains 1 chunk(s)
        RenderSVGInlineText {#text} at (0,0) size 80x23
          chunk 1 text run 1 at (4200.00,1320.00) startOffset 0 endOffset 11 width 80.00: "just a text"
      RenderSVGText {text} at (4300,1302) size 80x23 contains 1 chunk(s)
        RenderSVGInlineText {#text} at (0,0) size 80x23
          chunk 1 text run 1 at (4300.00,1320.00) startOffset 0 endOffset 11 width 80.00: "just a text"
      RenderSVGText {text} at (4400,1302) size 80x23 contains 1 chunk(s)
        RenderSVGInlineText {#text} at (0,0) size 80x23
          chunk 1 text run 1 at (4400.00,1320.00) startOffset 0 endOffset 11 width 80.00: "just a text"
      RenderSVGText {text} at (4500,1302) size 80x23 contains 1 chunk(s)
        RenderSVGInlineText {#text} at (0,0) size 80x23
          chunk 1 text run 1 at (4500.00,1320.00) startOffset 0 endOffset 11 width 80.00: "just a text"
      RenderSVGText {text} at (4600,1302) size 80x23 contains 1 chunk(s)
        RenderSVGInlineText {#text} at (0,0) size 80x23
          chunk 1 text run 1 at (4600.00,1320.00) startOffset 0 endOffset 11 width 80.00: "just a text"
      RenderSVGText {text} at (4700,1302) size 80x23 contains 1 chunk(s)
        RenderSVGInlineText {#text} at (0,0) size 80x23
          chunk 1 text run 1 at (4700.00,1320.00) startOffset 0 endOffset 11 width 80.00: "just a text"
      RenderSVGText {text} at (4800,1302) size 80x23 contains 1 chunk(s)
        RenderSVGInlineText {#text} at (0,0) size 80x23
          chunk 1 text run 1 at (4800.00,1320.00) startOffset 0 endOffset 11 width 80.00: "just a text"
      RenderSVGText {text} at (4900,1302) size 80x23 contains 1 chunk(s)
        RenderSVGInlineText {#text} at (0,0) size 80x23
          chunk 1 text run 1 at (4900.00,1320.00) startOffset 0 endOffset 11 width 80.00: "just a text"
      RenderSVGText {text} at (0,1402) size 80x23 contains 1 chunk(s)
        RenderSVGInlineText {#text} at (0,0) size 80x23
          chunk 1 text run 1 at (0.00,1420.00) startOffset 0 endOffset 11 width 80.00: "just a text"
      RenderSVGText {text} at (100,1402) size 80x23 contains 1 chunk(s)
        RenderSVGInlineText {#text} at (0,0) size 80x23
          chunk 1 text run 1 at (100.00,1420.00) startOffset 0 endOffset 11 width 80.00: "just a text"
      RenderSVGText {text} at (200,1402) size 80x23 contains 1 chunk(s)
        RenderSVGInlineText {#text} at (0,0) size 80x23
          chunk 1 text run 1 at (200.00,1420.00) startOffset 0 endOffset 11 width 80.00: "just a text"
      RenderSVGText {text} at (300,1402) size 80x23 contains 1 chunk(s)
        RenderSVGInlineText {#text} at (0,0) size 80x23
          chunk 1 text run 1 at (300.00,1420.00) startOffset 0 endOffset 11 width 80.00: "just a text"
      RenderSVGText {text} at (400,1402) size 80x23 contains 1 chunk(s)
        RenderSVGInlineText {#text} at (0,0) size 80x23
          chunk 1 text run 1 at (400.00,1420.00) startOffset 0 endOffset 11 width 80.00: "just a text"
      RenderSVGText {text} at (500,1402) size 80x23 contains 1 chunk(s)
        RenderSVGInlineText {#text} at (0,0) size 80x23
          chunk 1 text run 1 at (500.00,1420.00) startOffset 0 endOffset 11 width 80.00: "just a text"
      RenderSVGText {text} at (600,1402) size 80x23 contains 1 chunk(s)
        RenderSVGInlineText {#text} at (0,0) size 80x23
          chunk 1 text run 1 at (600.00,1420.00) startOffset 0 endOffset 11 width 80.00: "just a text"
      RenderSVGText {text} at (700,1402) size 80x23 contains 1 chunk(s)
        RenderSVGInlineText {#text} at (0,0) size 80x23
          chunk 1 text run 1 at (700.00,1420.00) startOffset 0 endOffset 11 width 80.00: "just a text"
      RenderSVGText {text} at (800,1402) size 80x23 contains 1 chunk(s)
        RenderSVGInlineText {#text} at (0,0) size 80x23
          chunk 1 text run 1 at (800.00,1420.00) startOffset 0 endOffset 11 width 80.00: "just a text"
      RenderSVGText {text} at (900,1402) size 80x23 contains 1 chunk(s)
        RenderSVGInlineText {#text} at (0,0) size 80x23
          chunk 1 text run 1 at (900.00,1420.00) startOffset 0 endOffset 11 width 80.00: "just a text"
      RenderSVGText {text} at (1000,1402) size 80x23 contains 1 chunk(s)
        RenderSVGInlineText {#text} at (0,0) size 80x23
          chunk 1 text run 1 at (1000.00,1420.00) startOffset 0 endOffset 11 width 80.00: "just a text"
      RenderSVGText {text} at (1100,1402) size 80x23 contains 1 chunk(s)
        RenderSVGInlineText {#text} at (0,0) size 80x23
          chunk 1 text run 1 at (1100.00,1420.00) startOffset 0 endOffset 11 width 80.00: "just a text"
      RenderSVGText {text} at (1200,1402) size 80x23 contains 1 chunk(s)
        RenderSVGInlineText {#text} at (0,0) size 80x23
          chunk 1 text run 1 at (1200.00,1420.00) startOffset 0 endOffset 11 width 80.00: "just a text"
      RenderSVGText {text} at (1300,1402) size 80x23 contains 1 chunk(s)
        RenderSVGInlineText {#text} at (0,0) size 80x23
          chunk 1 text run 1 at (1300.00,1420.00) startOffset 0 endOffset 11 width 80.00: "just a text"
      RenderSVGText {text} at (1400,1402) size 80x23 contains 1 chunk(s)
        RenderSVGInlineText {#text} at (0,0) size 80x23
          chunk 1 text run 1 at (1400.00,1420.00) startOffset 0 endOffset 11 width 80.00: "just a text"
      RenderSVGText {text} at (1500,1402) size 80x23 contains 1 chunk(s)
        RenderSVGInlineText {#text} at (0,0) size 80x23
          chunk 1 text run 1 at (1500.00,1420.00) startOffset 0 endOffset 11 width 80.00: "just a text"
      RenderSVGText {text} at (1600,1402) size 80x23 contains 1 chunk(s)
        RenderSVGInlineText {#text} at (0,0) size 80x23
          chunk 1 text run 1 at (1600.00,1420.00) startOffset 0 endOffset 11 width 80.00: "just a text"
      RenderSVGText {text} at (1700,1402) size 80x23 contains 1 chunk(s)
        RenderSVGInlineText {#text} at (0,0) size 80x23
          chunk 1 text run 1 at (1700.00,1420.00) startOffset 0 endOffset 11 width 80.00: "just a text"
      RenderSVGText {text} at (1800,1402) size 80x23 contains 1 chunk(s)
        RenderSVGInlineText {#text} at (0,0) size 80x23
          chunk 1 text run 1 at (1800.00,1420.00) startOffset 0 endOffset 11 width 80.00: "just a text"
      RenderSVGText {text} at (1900,1402) size 80x23 contains 1 chunk(s)
        RenderSVGInlineText {#text} at (0,0) size 80x23
          chunk 1 text run 1 at (1900.00,1420.00) startOffset 0 endOffset 11 width 80.00: "just a text"
      RenderSVGText {text} at (2000,1402) size 80x23 contains 1 chunk(s)
        RenderSVGInlineText {#text} at (0,0) size 80x23
          chunk 1 text run 1 at (2000.00,1420.00) startOffset 0 endOffset 11 width 80.00: "just a text"
      RenderSVGText {text} at (2100,1402) size 80x23 contains 1 chunk(s)
        RenderSVGInlineText {#text} at (0,0) size 80x23
          chunk 1 text run 1 at (2100.00,1420.00) startOffset 0 endOffset 11 width 80.00: "just a text"
      RenderSVGText {text} at (2200,1402) size 80x23 contains 1 chunk(s)
        RenderSVGInlineText {#text} at (0,0) size 80x23
          chunk 1 text run 1 at (2200.00,1420.00) startOffset 0 endOffset 11 width 80.00: "just a text"
      RenderSVGText {text} at (2300,1402) size 80x23 contains 1 chunk(s)
        RenderSVGInlineText {#text} at (0,0) size 80x23
          chunk 1 text run 1 at (2300.00,1420.00) startOffset 0 endOffset 11 width 80.00: "just a text"
      RenderSVGText {text} at (2400,1402) size 80x23 contains 1 chunk(s)
        RenderSVGInlineText {#text} at (0,0) size 80x23
          chunk 1 text run 1 at (2400.00,1420.00) startOffset 0 endOffset 11 width 80.00: "just a text"
      RenderSVGText {text} at (2500,1402) size 80x23 contains 1 chunk(s)
        RenderSVGInlineText {#text} at (0,0) size 80x23
          chunk 1 text run 1 at (2500.00,1420.00) startOffset 0 endOffset 11 width 80.00: "just a text"
      RenderSVGText {text} at (2600,1402) size 80x23 contains 1 chunk(s)
        RenderSVGInlineText {#text} at (0,0) size 80x23
          chunk 1 text run 1 at (2600.00,1420.00) startOffset 0 endOffset 11 width 80.00: "just a text"
      RenderSVGText {text} at (2700,1402) size 80x23 contains 1 chunk(s)
        RenderSVGInlineText {#text} at (0,0) size 80x23
          chunk 1 text run 1 at (2700.00,1420.00) startOffset 0 endOffset 11 width 80.00: "just a text"
      RenderSVGText {text} at (2800,1402) size 80x23 contains 1 chunk(s)
        RenderSVGInlineText {#text} at (0,0) size 80x23
          chunk 1 text run 1 at (2800.00,1420.00) startOffset 0 endOffset 11 width 80.00: "just a text"
      RenderSVGText {text} at (2900,1402) size 80x23 contains 1 chunk(s)
        RenderSVGInlineText {#text} at (0,0) size 80x23
          chunk 1 text run 1 at (2900.00,1420.00) startOffset 0 endOffset 11 width 80.00: "just a text"
      RenderSVGText {text} at (3000,1402) size 80x23 contains 1 chunk(s)
        RenderSVGInlineText {#text} at (0,0) size 80x23
          chunk 1 text run 1 at (3000.00,1420.00) startOffset 0 endOffset 11 width 80.00: "just a text"
      RenderSVGText {text} at (3100,1402) size 80x23 contains 1 chunk(s)
        RenderSVGInlineText {#text} at (0,0) size 80x23
          chunk 1 text run 1 at (3100.00,1420.00) startOffset 0 endOffset 11 width 80.00: "just a text"
      RenderSVGText {text} at (3200,1402) size 80x23 contains 1 chunk(s)
        RenderSVGInlineText {#text} at (0,0) size 80x23
          chunk 1 text run 1 at (3200.00,1420.00) startOffset 0 endOffset 11 width 80.00: "just a text"
      RenderSVGText {text} at (3300,1402) size 80x23 contains 1 chunk(s)
        RenderSVGInlineText {#text} at (0,0) size 80x23
          chunk 1 text run 1 at (3300.00,1420.00) startOffset 0 endOffset 11 width 80.00: "just a text"
      RenderSVGText {text} at (3400,1402) size 80x23 contains 1 chunk(s)
        RenderSVGInlineText {#text} at (0,0) size 80x23
          chunk 1 text run 1 at (3400.00,1420.00) startOffset 0 endOffset 11 width 80.00: "just a text"
      RenderSVGText {text} at (3500,1402) size 80x23 contains 1 chunk(s)
        RenderSVGInlineText {#text} at (0,0) size 80x23
          chunk 1 text run 1 at (3500.00,1420.00) startOffset 0 endOffset 11 width 80.00: "just a text"
      RenderSVGText {text} at (3600,1402) size 80x23 contains 1 chunk(s)
        RenderSVGInlineText {#text} at (0,0) size 80x23
          chunk 1 text run 1 at (3600.00,1420.00) startOffset 0 endOffset 11 width 80.00: "just a text"
      RenderSVGText {text} at (3700,1402) size 80x23 contains 1 chunk(s)
        RenderSVGInlineText {#text} at (0,0) size 80x23
          chunk 1 text run 1 at (3700.00,1420.00) startOffset 0 endOffset 11 width 80.00: "just a text"
      RenderSVGText {text} at (3800,1402) size 80x23 contains 1 chunk(s)
        RenderSVGInlineText {#text} at (0,0) size 80x23
          chunk 1 text run 1 at (3800.00,1420.00) startOffset 0 endOffset 11 width 80.00: "just a text"
      RenderSVGText {text} at (3900,1402) size 80x23 contains 1 chunk(s)
        RenderSVGInlineText {#text} at (0,0) size 80x23
          chunk 1 text run 1 at (3900.00,1420.00) startOffset 0 endOffset 11 width 80.00: "just a text"
      RenderSVGText {text} at (4000,1402) size 80x23 contains 1 chunk(s)
        RenderSVGInlineText {#text} at (0,0) size 80x23
          chunk 1 text run 1 at (4000.00,1420.00) startOffset 0 endOffset 11 width 80.00: "just a text"
      RenderSVGText {text} at (4100,1402) size 80x23 contains 1 chunk(s)
        RenderSVGInlineText {#text} at (0,0) size 80x23
          chunk 1 text run 1 at (4100.00,1420.00) startOffset 0 endOffset 11 width 80.00: "just a text"
      RenderSVGText {text} at (4200,1402) size 80x23 contains 1 chunk(s)
        RenderSVGInlineText {#text} at (0,0) size 80x23
          chunk 1 text run 1 at (4200.00,1420.00) startOffset 0 endOffset 11 width 80.00: "just a text"
      RenderSVGText {text} at (4300,1402) size 80x23 contains 1 chunk(s)
        RenderSVGInlineText {#text} at (0,0) size 80x23
          chunk 1 text run 1 at (4300.00,1420.00) startOffset 0 endOffset 11 width 80.00: "just a text"
      RenderSVGText {text} at (4400,1402) size 80x23 contains 1 chunk(s)
        RenderSVGInlineText {#text} at (0,0) size 80x23
          chunk 1 text run 1 at (4400.00,1420.00) startOffset 0 endOffset 11 width 80.00: "just a text"
      RenderSVGText {text} at (4500,1402) size 80x23 contains 1 chunk(s)
        RenderSVGInlineText {#text} at (0,0) size 80x23
          chunk 1 text run 1 at (4500.00,1420.00) startOffset 0 endOffset 11 width 80.00: "just a text"
      RenderSVGText {text} at (4600,1402) size 80x23 contains 1 chunk(s)
        RenderSVGInlineText {#text} at (0,0) size 80x23
          chunk 1 text run 1 at (4600.00,1420.00) startOffset 0 endOffset 11 width 80.00: "just a text"
      RenderSVGText {text} at (4700,1402) size 80x23 contains 1 chunk(s)
        RenderSVGInlineText {#text} at (0,0) size 80x23
          chunk 1 text run 1 at (4700.00,1420.00) startOffset 0 endOffset 11 width 80.00: "just a text"
      RenderSVGText {text} at (4800,1402) size 80x23 contains 1 chunk(s)
        RenderSVGInlineText {#text} at (0,0) size 80x23
          chunk 1 text run 1 at (4800.00,1420.00) startOffset 0 endOffset 11 width 80.00: "just a text"
      RenderSVGText {text} at (4900,1402) size 80x23 contains 1 chunk(s)
        RenderSVGInlineText {#text} at (0,0) size 80x23
          chunk 1 text run 1 at (4900.00,1420.00) startOffset 0 endOffset 11 width 80.00: "just a text"
      RenderSVGText {text} at (0,1502) size 80x23 contains 1 chunk(s)
        RenderSVGInlineText {#text} at (0,0) size 80x23
          chunk 1 text run 1 at (0.00,1520.00) startOffset 0 endOffset 11 width 80.00: "just a text"
      RenderSVGText {text} at (100,1502) size 80x23 contains 1 chunk(s)
        RenderSVGInlineText {#text} at (0,0) size 80x23
          chunk 1 text run 1 at (100.00,1520.00) startOffset 0 endOffset 11 width 80.00: "just a text"
      RenderSVGText {text} at (200,1502) size 80x23 contains 1 chunk(s)
        RenderSVGInlineText {#text} at (0,0) size 80x23
          chunk 1 text run 1 at (200.00,1520.00) startOffset 0 endOffset 11 width 80.00: "just a text"
      RenderSVGText {text} at (300,1502) size 80x23 contains 1 chunk(s)
        RenderSVGInlineText {#text} at (0,0) size 80x23
          chunk 1 text run 1 at (300.00,1520.00) startOffset 0 endOffset 11 width 80.00: "just a text"
      RenderSVGText {text} at (400,1502) size 80x23 contains 1 chunk(s)
        RenderSVGInlineText {#text} at (0,0) size 80x23
          chunk 1 text run 1 at (400.00,1520.00) startOffset 0 endOffset 11 width 80.00: "just a text"
      RenderSVGText {text} at (500,1502) size 80x23 contains 1 chunk(s)
        RenderSVGInlineText {#text} at (0,0) size 80x23
          chunk 1 text run 1 at (500.00,1520.00) startOffset 0 endOffset 11 width 80.00: "just a text"
      RenderSVGText {text} at (600,1502) size 80x23 contains 1 chunk(s)
        RenderSVGInlineText {#text} at (0,0) size 80x23
          chunk 1 text run 1 at (600.00,1520.00) startOffset 0 endOffset 11 width 80.00: "just a text"
      RenderSVGText {text} at (700,1502) size 80x23 contains 1 chunk(s)
        RenderSVGInlineText {#text} at (0,0) size 80x23
          chunk 1 text run 1 at (700.00,1520.00) startOffset 0 endOffset 11 width 80.00: "just a text"
      RenderSVGText {text} at (800,1502) size 80x23 contains 1 chunk(s)
        RenderSVGInlineText {#text} at (0,0) size 80x23
          chunk 1 text run 1 at (800.00,1520.00) startOffset 0 endOffset 11 width 80.00: "just a text"
      RenderSVGText {text} at (900,1502) size 80x23 contains 1 chunk(s)
        RenderSVGInlineText {#text} at (0,0) size 80x23
          chunk 1 text run 1 at (900.00,1520.00) startOffset 0 endOffset 11 width 80.00: "just a text"
      RenderSVGText {text} at (1000,1502) size 80x23 contains 1 chunk(s)
        RenderSVGInlineText {#text} at (0,0) size 80x23
          chunk 1 text run 1 at (1000.00,1520.00) startOffset 0 endOffset 11 width 80.00: "just a text"
      RenderSVGText {text} at (1100,1502) size 80x23 contains 1 chunk(s)
        RenderSVGInlineText {#text} at (0,0) size 80x23
          chunk 1 text run 1 at (1100.00,1520.00) startOffset 0 endOffset 11 width 80.00: "just a text"
      RenderSVGText {text} at (1200,1502) size 80x23 contains 1 chunk(s)
        RenderSVGInlineText {#text} at (0,0) size 80x23
          chunk 1 text run 1 at (1200.00,1520.00) startOffset 0 endOffset 11 width 80.00: "just a text"
      RenderSVGText {text} at (1300,1502) size 80x23 contains 1 chunk(s)
        RenderSVGInlineText {#text} at (0,0) size 80x23
          chunk 1 text run 1 at (1300.00,1520.00) startOffset 0 endOffset 11 width 80.00: "just a text"
      RenderSVGText {text} at (1400,1502) size 80x23 contains 1 chunk(s)
        RenderSVGInlineText {#text} at (0,0) size 80x23
          chunk 1 text run 1 at (1400.00,1520.00) startOffset 0 endOffset 11 width 80.00: "just a text"
      RenderSVGText {text} at (1500,1502) size 80x23 contains 1 chunk(s)
        RenderSVGInlineText {#text} at (0,0) size 80x23
          chunk 1 text run 1 at (1500.00,1520.00) startOffset 0 endOffset 11 width 80.00: "just a text"
      RenderSVGText {text} at (1600,1502) size 80x23 contains 1 chunk(s)
        RenderSVGInlineText {#text} at (0,0) size 80x23
          chunk 1 text run 1 at (1600.00,1520.00) startOffset 0 endOffset 11 width 80.00: "just a text"
      RenderSVGText {text} at (1700,1502) size 80x23 contains 1 chunk(s)
        RenderSVGInlineText {#text} at (0,0) size 80x23
          chunk 1 text run 1 at (1700.00,1520.00) startOffset 0 endOffset 11 width 80.00: "just a text"
      RenderSVGText {text} at (1800,1502) size 80x23 contains 1 chunk(s)
        RenderSVGInlineText {#text} at (0,0) size 80x23
          chunk 1 text run 1 at (1800.00,1520.00) startOffset 0 endOffset 11 width 80.00: "just a text"
      RenderSVGText {text} at (1900,1502) size 80x23 contains 1 chunk(s)
        RenderSVGInlineText {#text} at (0,0) size 80x23
          chunk 1 text run 1 at (1900.00,1520.00) startOffset 0 endOffset 11 width 80.00: "just a text"
      RenderSVGText {text} at (2000,1502) size 80x23 contains 1 chunk(s)
        RenderSVGInlineText {#text} at (0,0) size 80x23
          chunk 1 text run 1 at (2000.00,1520.00) startOffset 0 endOffset 11 width 80.00: "just a text"
      RenderSVGText {text} at (2100,1502) size 80x23 contains 1 chunk(s)
        RenderSVGInlineText {#text} at (0,0) size 80x23
          chunk 1 text run 1 at (2100.00,1520.00) startOffset 0 endOffset 11 width 80.00: "just a text"
      RenderSVGText {text} at (2200,1502) size 80x23 contains 1 chunk(s)
        RenderSVGInlineText {#text} at (0,0) size 80x23
          chunk 1 text run 1 at (2200.00,1520.00) startOffset 0 endOffset 11 width 80.00: "just a text"
      RenderSVGText {text} at (2300,1502) size 80x23 contains 1 chunk(s)
        RenderSVGInlineText {#text} at (0,0) size 80x23
          chunk 1 text run 1 at (2300.00,1520.00) startOffset 0 endOffset 11 width 80.00: "just a text"
      RenderSVGText {text} at (2400,1502) size 80x23 contains 1 chunk(s)
        RenderSVGInlineText {#text} at (0,0) size 80x23
          chunk 1 text run 1 at (2400.00,1520.00) startOffset 0 endOffset 11 width 80.00: "just a text"
      RenderSVGText {text} at (2500,1502) size 80x23 contains 1 chunk(s)
        RenderSVGInlineText {#text} at (0,0) size 80x23
          chunk 1 text run 1 at (2500.00,1520.00) startOffset 0 endOffset 11 width 80.00: "just a text"
      RenderSVGText {text} at (2600,1502) size 80x23 contains 1 chunk(s)
        RenderSVGInlineText {#text} at (0,0) size 80x23
          chunk 1 text run 1 at (2600.00,1520.00) startOffset 0 endOffset 11 width 80.00: "just a text"
      RenderSVGText {text} at (2700,1502) size 80x23 contains 1 chunk(s)
        RenderSVGInlineText {#text} at (0,0) size 80x23
          chunk 1 text run 1 at (2700.00,1520.00) startOffset 0 endOffset 11 width 80.00: "just a text"
      RenderSVGText {text} at (2800,1502) size 80x23 contains 1 chunk(s)
        RenderSVGInlineText {#text} at (0,0) size 80x23
          chunk 1 text run 1 at (2800.00,1520.00) startOffset 0 endOffset 11 width 80.00: "just a text"
      RenderSVGText {text} at (2900,1502) size 80x23 contains 1 chunk(s)
        RenderSVGInlineText {#text} at (0,0) size 80x23
          chunk 1 text run 1 at (2900.00,1520.00) startOffset 0 endOffset 11 width 80.00: "just a text"
      RenderSVGText {text} at (3000,1502) size 80x23 contains 1 chunk(s)
        RenderSVGInlineText {#text} at (0,0) size 80x23
          chunk 1 text run 1 at (3000.00,1520.00) startOffset 0 endOffset 11 width 80.00: "just a text"
      RenderSVGText {text} at (3100,1502) size 80x23 contains 1 chunk(s)
        RenderSVGInlineText {#text} at (0,0) size 80x23
          chunk 1 text run 1 at (3100.00,1520.00) startOffset 0 endOffset 11 width 80.00: "just a text"
      RenderSVGText {text} at (3200,1502) size 80x23 contains 1 chunk(s)
        RenderSVGInlineText {#text} at (0,0) size 80x23
          chunk 1 text run 1 at (3200.00,1520.00) startOffset 0 endOffset 11 width 80.00: "just a text"
      RenderSVGText {text} at (3300,1502) size 80x23 contains 1 chunk(s)
        RenderSVGInlineText {#text} at (0,0) size 80x23
          chunk 1 text run 1 at (3300.00,1520.00) startOffset 0 endOffset 11 width 80.00: "just a text"
      RenderSVGText {text} at (3400,1502) size 80x23 contains 1 chunk(s)
        RenderSVGInlineText {#text} at (0,0) size 80x23
          chunk 1 text run 1 at (3400.00,1520.00) startOffset 0 endOffset 11 width 80.00: "just a text"
      RenderSVGText {text} at (3500,1502) size 80x23 contains 1 chunk(s)
        RenderSVGInlineText {#text} at (0,0) size 80x23
          chunk 1 text run 1 at (3500.00,1520.00) startOffset 0 endOffset 11 width 80.00: "just a text"
      RenderSVGText {text} at (3600,1502) size 80x23 contains 1 chunk(s)
        RenderSVGInlineText {#text} at (0,0) size 80x23
          chunk 1 text run 1 at (3600.00,1520.00) startOffset 0 endOffset 11 width 80.00: "just a text"
      RenderSVGText {text} at (3700,1502) size 80x23 contains 1 chunk(s)
        RenderSVGInlineText {#text} at (0,0) size 80x23
          chunk 1 text run 1 at (3700.00,1520.00) startOffset 0 endOffset 11 width 80.00: "just a text"
      RenderSVGText {text} at (3800,1502) size 80x23 contains 1 chunk(s)
        RenderSVGInlineText {#text} at (0,0) size 80x23
          chunk 1 text run 1 at (3800.00,1520.00) startOffset 0 endOffset 11 width 80.00: "just a text"
      RenderSVGText {text} at (3900,1502) size 80x23 contains 1 chunk(s)
        RenderSVGInlineText {#text} at (0,0) size 80x23
          chunk 1 text run 1 at (3900.00,1520.00) startOffset 0 endOffset 11 width 80.00: "just a text"
      RenderSVGText {text} at (4000,1502) size 80x23 contains 1 chunk(s)
        RenderSVGInlineText {#text} at (0,0) size 80x23
          chunk 1 text run 1 at (4000.00,1520.00) startOffset 0 endOffset 11 width 80.00: "just a text"
      RenderSVGText {text} at (4100,1502) size 80x23 contains 1 chunk(s)
        RenderSVGInlineText {#text} at (0,0) size 80x23
          chunk 1 text run 1 at (4100.00,1520.00) startOffset 0 endOffset 11 width 80.00: "just a text"
      RenderSVGText {text} at (4200,1502) size 80x23 contains 1 chunk(s)
        RenderSVGInlineText {#text} at (0,0) size 80x23
          chunk 1 text run 1 at (4200.00,1520.00) startOffset 0 endOffset 11 width 80.00: "just a text"
      RenderSVGText {text} at (4300,1502) size 80x23 contains 1 chunk(s)
        RenderSVGInlineText {#text} at (0,0) size 80x23
          chunk 1 text run 1 at (4300.00,1520.00) startOffset 0 endOffset 11 width 80.00: "just a text"
      RenderSVGText {text} at (4400,1502) size 80x23 contains 1 chunk(s)
        RenderSVGInlineText {#text} at (0,0) size 80x23
          chunk 1 text run 1 at (4400.00,1520.00) startOffset 0 endOffset 11 width 80.00: "just a text"
      RenderSVGText {text} at (4500,1502) size 80x23 contains 1 chunk(s)
        RenderSVGInlineText {#text} at (0,0) size 80x23
          chunk 1 text run 1 at (4500.00,1520.00) startOffset 0 endOffset 11 width 80.00: "just a text"
      RenderSVGText {text} at (4600,1502) size 80x23 contains 1 chunk(s)
        RenderSVGInlineText {#text} at (0,0) size 80x23
          chunk 1 text run 1 at (4600.00,1520.00) startOffset 0 endOffset 11 width 80.00: "just a text"
      RenderSVGText {text} at (4700,1502) size 80x23 contains 1 chunk(s)
        RenderSVGInlineText {#text} at (0,0) size 80x23
          chunk 1 text run 1 at (4700.00,1520.00) startOffset 0 endOffset 11 width 80.00: "just a text"
      RenderSVGText {text} at (4800,1502) size 80x23 contains 1 chunk(s)
        RenderSVGInlineText {#text} at (0,0) size 80x23
          chunk 1 text run 1 at (4800.00,1520.00) startOffset 0 endOffset 11 width 80.00: "just a text"
      RenderSVGText {text} at (4900,1502) size 80x23 contains 1 chunk(s)
        RenderSVGInlineText {#text} at (0,0) size 80x23
          chunk 1 text run 1 at (4900.00,1520.00) startOffset 0 endOffset 11 width 80.00: "just a text"
      RenderSVGText {text} at (0,1602) size 80x23 contains 1 chunk(s)
        RenderSVGInlineText {#text} at (0,0) size 80x23
          chunk 1 text run 1 at (0.00,1620.00) startOffset 0 endOffset 11 width 80.00: "just a text"
      RenderSVGText {text} at (100,1602) size 80x23 contains 1 chunk(s)
        RenderSVGInlineText {#text} at (0,0) size 80x23
          chunk 1 text run 1 at (100.00,1620.00) startOffset 0 endOffset 11 width 80.00: "just a text"
      RenderSVGText {text} at (200,1602) size 80x23 contains 1 chunk(s)
        RenderSVGInlineText {#text} at (0,0) size 80x23
          chunk 1 text run 1 at (200.00,1620.00) startOffset 0 endOffset 11 width 80.00: "just a text"
      RenderSVGText {text} at (300,1602) size 80x23 contains 1 chunk(s)
        RenderSVGInlineText {#text} at (0,0) size 80x23
          chunk 1 text run 1 at (300.00,1620.00) startOffset 0 endOffset 11 width 80.00: "just a text"
      RenderSVGText {text} at (400,1602) size 80x23 contains 1 chunk(s)
        RenderSVGInlineText {#text} at (0,0) size 80x23
          chunk 1 text run 1 at (400.00,1620.00) startOffset 0 endOffset 11 width 80.00: "just a text"
      RenderSVGText {text} at (500,1602) size 80x23 contains 1 chunk(s)
        RenderSVGInlineText {#text} at (0,0) size 80x23
          chunk 1 text run 1 at (500.00,1620.00) startOffset 0 endOffset 11 width 80.00: "just a text"
      RenderSVGText {text} at (600,1602) size 80x23 contains 1 chunk(s)
        RenderSVGInlineText {#text} at (0,0) size 80x23
          chunk 1 text run 1 at (600.00,1620.00) startOffset 0 endOffset 11 width 80.00: "just a text"
      RenderSVGText {text} at (700,1602) size 80x23 contains 1 chunk(s)
        RenderSVGInlineText {#text} at (0,0) size 80x23
          chunk 1 text run 1 at (700.00,1620.00) startOffset 0 endOffset 11 width 80.00: "just a text"
      RenderSVGText {text} at (800,1602) size 80x23 contains 1 chunk(s)
        RenderSVGInlineText {#text} at (0,0) size 80x23
          chunk 1 text run 1 at (800.00,1620.00) startOffset 0 endOffset 11 width 80.00: "just a text"
      RenderSVGText {text} at (900,1602) size 80x23 contains 1 chunk(s)
        RenderSVGInlineText {#text} at (0,0) size 80x23
          chunk 1 text run 1 at (900.00,1620.00) startOffset 0 endOffset 11 width 80.00: "just a text"
      RenderSVGText {text} at (1000,1602) size 80x23 contains 1 chunk(s)
        RenderSVGInlineText {#text} at (0,0) size 80x23
          chunk 1 text run 1 at (1000.00,1620.00) startOffset 0 endOffset 11 width 80.00: "just a text"
      RenderSVGText {text} at (1100,1602) size 80x23 contains 1 chunk(s)
        RenderSVGInlineText {#text} at (0,0) size 80x23
          chunk 1 text run 1 at (1100.00,1620.00) startOffset 0 endOffset 11 width 80.00: "just a text"
      RenderSVGText {text} at (1200,1602) size 80x23 contains 1 chunk(s)
        RenderSVGInlineText {#text} at (0,0) size 80x23
          chunk 1 text run 1 at (1200.00,1620.00) startOffset 0 endOffset 11 width 80.00: "just a text"
      RenderSVGText {text} at (1300,1602) size 80x23 contains 1 chunk(s)
        RenderSVGInlineText {#text} at (0,0) size 80x23
          chunk 1 text run 1 at (1300.00,1620.00) startOffset 0 endOffset 11 width 80.00: "just a text"
      RenderSVGText {text} at (1400,1602) size 80x23 contains 1 chunk(s)
        RenderSVGInlineText {#text} at (0,0) size 80x23
          chunk 1 text run 1 at (1400.00,1620.00) startOffset 0 endOffset 11 width 80.00: "just a text"
      RenderSVGText {text} at (1500,1602) size 80x23 contains 1 chunk(s)
        RenderSVGInlineText {#text} at (0,0) size 80x23
          chunk 1 text run 1 at (1500.00,1620.00) startOffset 0 endOffset 11 width 80.00: "just a text"
      RenderSVGText {text} at (1600,1602) size 80x23 contains 1 chunk(s)
        RenderSVGInlineText {#text} at (0,0) size 80x23
          chunk 1 text run 1 at (1600.00,1620.00) startOffset 0 endOffset 11 width 80.00: "just a text"
      RenderSVGText {text} at (1700,1602) size 80x23 contains 1 chunk(s)
        RenderSVGInlineText {#text} at (0,0) size 80x23
          chunk 1 text run 1 at (1700.00,1620.00) startOffset 0 endOffset 11 width 80.00: "just a text"
      RenderSVGText {text} at (1800,1602) size 80x23 contains 1 chunk(s)
        RenderSVGInlineText {#text} at (0,0) size 80x23
          chunk 1 text run 1 at (1800.00,1620.00) startOffset 0 endOffset 11 width 80.00: "just a text"
      RenderSVGText {text} at (1900,1602) size 80x23 contains 1 chunk(s)
        RenderSVGInlineText {#text} at (0,0) size 80x23
          chunk 1 text run 1 at (1900.00,1620.00) startOffset 0 endOffset 11 width 80.00: "just a text"
      RenderSVGText {text} at (2000,1602) size 80x23 contains 1 chunk(s)
        RenderSVGInlineText {#text} at (0,0) size 80x23
          chunk 1 text run 1 at (2000.00,1620.00) startOffset 0 endOffset 11 width 80.00: "just a text"
      RenderSVGText {text} at (2100,1602) size 80x23 contains 1 chunk(s)
        RenderSVGInlineText {#text} at (0,0) size 80x23
          chunk 1 text run 1 at (2100.00,1620.00) startOffset 0 endOffset 11 width 80.00: "just a text"
      RenderSVGText {text} at (2200,1602) size 80x23 contains 1 chunk(s)
        RenderSVGInlineText {#text} at (0,0) size 80x23
          chunk 1 text run 1 at (2200.00,1620.00) startOffset 0 endOffset 11 width 80.00: "just a text"
      RenderSVGText {text} at (2300,1602) size 80x23 contains 1 chunk(s)
        RenderSVGInlineText {#text} at (0,0) size 80x23
          chunk 1 text run 1 at (2300.00,1620.00) startOffset 0 endOffset 11 width 80.00: "just a text"
      RenderSVGText {text} at (2400,1602) size 80x23 contains 1 chunk(s)
        RenderSVGInlineText {#text} at (0,0) size 80x23
          chunk 1 text run 1 at (2400.00,1620.00) startOffset 0 endOffset 11 width 80.00: "just a text"
      RenderSVGText {text} at (2500,1602) size 80x23 contains 1 chunk(s)
        RenderSVGInlineText {#text} at (0,0) size 80x23
          chunk 1 text run 1 at (2500.00,1620.00) startOffset 0 endOffset 11 width 80.00: "just a text"
      RenderSVGText {text} at (2600,1602) size 80x23 contains 1 chunk(s)
        RenderSVGInlineText {#text} at (0,0) size 80x23
          chunk 1 text run 1 at (2600.00,1620.00) startOffset 0 endOffset 11 width 80.00: "just a text"
      RenderSVGText {text} at (2700,1602) size 80x23 contains 1 chunk(s)
        RenderSVGInlineText {#text} at (0,0) size 80x23
          chunk 1 text run 1 at (2700.00,1620.00) startOffset 0 endOffset 11 width 80.00: "just a text"
      RenderSVGText {text} at (2800,1602) size 80x23 contains 1 chunk(s)
        RenderSVGInlineText {#text} at (0,0) size 80x23
          chunk 1 text run 1 at (2800.00,1620.00) startOffset 0 endOffset 11 width 80.00: "just a text"
      RenderSVGText {text} at (2900,1602) size 80x23 contains 1 chunk(s)
        RenderSVGInlineText {#text} at (0,0) size 80x23
          chunk 1 text run 1 at (2900.00,1620.00) startOffset 0 endOffset 11 width 80.00: "just a text"
      RenderSVGText {text} at (3000,1602) size 80x23 contains 1 chunk(s)
        RenderSVGInlineText {#text} at (0,0) size 80x23
          chunk 1 text run 1 at (3000.00,1620.00) startOffset 0 endOffset 11 width 80.00: "just a text"
      RenderSVGText {text} at (3100,1602) size 80x23 contains 1 chunk(s)
        RenderSVGInlineText {#text} at (0,0) size 80x23
          chunk 1 text run 1 at (3100.00,1620.00) startOffset 0 endOffset 11 width 80.00: "just a text"
      RenderSVGText {text} at (3200,1602) size 80x23 contains 1 chunk(s)
        RenderSVGInlineText {#text} at (0,0) size 80x23
          chunk 1 text run 1 at (3200.00,1620.00) startOffset 0 endOffset 11 width 80.00: "just a text"
      RenderSVGText {text} at (3300,1602) size 80x23 contains 1 chunk(s)
        RenderSVGInlineText {#text} at (0,0) size 80x23
          chunk 1 text run 1 at (3300.00,1620.00) startOffset 0 endOffset 11 width 80.00: "just a text"
      RenderSVGText {text} at (3400,1602) size 80x23 contains 1 chunk(s)
        RenderSVGInlineText {#text} at (0,0) size 80x23
          chunk 1 text run 1 at (3400.00,1620.00) startOffset 0 endOffset 11 width 80.00: "just a text"
      RenderSVGText {text} at (3500,1602) size 80x23 contains 1 chunk(s)
        RenderSVGInlineText {#text} at (0,0) size 80x23
          chunk 1 text run 1 at (3500.00,1620.00) startOffset 0 endOffset 11 width 80.00: "just a text"
      RenderSVGText {text} at (3600,1602) size 80x23 contains 1 chunk(s)
        RenderSVGInlineText {#text} at (0,0) size 80x23
          chunk 1 text run 1 at (3600.00,1620.00) startOffset 0 endOffset 11 width 80.00: "just a text"
      RenderSVGText {text} at (3700,1602) size 80x23 contains 1 chunk(s)
        RenderSVGInlineText {#text} at (0,0) size 80x23
          chunk 1 text run 1 at (3700.00,1620.00) startOffset 0 endOffset 11 width 80.00: "just a text"
      RenderSVGText {text} at (3800,1602) size 80x23 contains 1 chunk(s)
        RenderSVGInlineText {#text} at (0,0) size 80x23
          chunk 1 text run 1 at (3800.00,1620.00) startOffset 0 endOffset 11 width 80.00: "just a text"
      RenderSVGText {text} at (3900,1602) size 80x23 contains 1 chunk(s)
        RenderSVGInlineText {#text} at (0,0) size 80x23
          chunk 1 text run 1 at (3900.00,1620.00) startOffset 0 endOffset 11 width 80.00: "just a text"
      RenderSVGText {text} at (4000,1602) size 80x23 contains 1 chunk(s)
        RenderSVGInlineText {#text} at (0,0) size 80x23
          chunk 1 text run 1 at (4000.00,1620.00) startOffset 0 endOffset 11 width 80.00: "just a text"
      RenderSVGText {text} at (4100,1602) size 80x23 contains 1 chunk(s)
        RenderSVGInlineText {#text} at (0,0) size 80x23
          chunk 1 text run 1 at (4100.00,1620.00) startOffset 0 endOffset 11 width 80.00: "just a text"
      RenderSVGText {text} at (4200,1602) size 80x23 contains 1 chunk(s)
        RenderSVGInlineText {#text} at (0,0) size 80x23
          chunk 1 text run 1 at (4200.00,1620.00) startOffset 0 endOffset 11 width 80.00: "just a text"
      RenderSVGText {text} at (4300,1602) size 80x23 contains 1 chunk(s)
        RenderSVGInlineText {#text} at (0,0) size 80x23
          chunk 1 text run 1 at (4300.00,1620.00) startOffset 0 endOffset 11 width 80.00: "just a text"
      RenderSVGText {text} at (4400,1602) size 80x23 contains 1 chunk(s)
        RenderSVGInlineText {#text} at (0,0) size 80x23
          chunk 1 text run 1 at (4400.00,1620.00) startOffset 0 endOffset 11 width 80.00: "just a text"
      RenderSVGText {text} at (4500,1602) size 80x23 contains 1 chunk(s)
        RenderSVGInlineText {#text} at (0,0) size 80x23
          chunk 1 text run 1 at (4500.00,1620.00) startOffset 0 endOffset 11 width 80.00: "just a text"
      RenderSVGText {text} at (4600,1602) size 80x23 contains 1 chunk(s)
        RenderSVGInlineText {#text} at (0,0) size 80x23
          chunk 1 text run 1 at (4600.00,1620.00) startOffset 0 endOffset 11 width 80.00: "just a text"
      RenderSVGText {text} at (4700,1602) size 80x23 contains 1 chunk(s)
        RenderSVGInlineText {#text} at (0,0) size 80x23
          chunk 1 text run 1 at (4700.00,1620.00) startOffset 0 endOffset 11 width 80.00: "just a text"
      RenderSVGText {text} at (4800,1602) size 80x23 contains 1 chunk(s)
        RenderSVGInlineText {#text} at (0,0) size 80x23
          chunk 1 text run 1 at (4800.00,1620.00) startOffset 0 endOffset 11 width 80.00: "just a text"
      RenderSVGText {text} at (4900,1602) size 80x23 contains 1 chunk(s)
        RenderSVGInlineText {#text} at (0,0) size 80x23
          chunk 1 text run 1 at (4900.00,1620.00) startOffset 0 endOffset 11 width 80.00: "just a text"
      RenderSVGText {text} at (0,1702) size 80x23 contains 1 chunk(s)
        RenderSVGInlineText {#text} at (0,0) size 80x23
          chunk 1 text run 1 at (0.00,1720.00) startOffset 0 endOffset 11 width 80.00: "just a text"
      RenderSVGText {text} at (100,1702) size 80x23 contains 1 chunk(s)
        RenderSVGInlineText {#text} at (0,0) size 80x23
          chunk 1 text run 1 at (100.00,1720.00) startOffset 0 endOffset 11 width 80.00: "just a text"
      RenderSVGText {text} at (200,1702) size 80x23 contains 1 chunk(s)
        RenderSVGInlineText {#text} at (0,0) size 80x23
          chunk 1 text run 1 at (200.00,1720.00) startOffset 0 endOffset 11 width 80.00: "just a text"
      RenderSVGText {text} at (300,1702) size 80x23 contains 1 chunk(s)
        RenderSVGInlineText {#text} at (0,0) size 80x23
          chunk 1 text run 1 at (300.00,1720.00) startOffset 0 endOffset 11 width 80.00: "just a text"
      RenderSVGText {text} at (400,1702) size 80x23 contains 1 chunk(s)
        RenderSVGInlineText {#text} at (0,0) size 80x23
          chunk 1 text run 1 at (400.00,1720.00) startOffset 0 endOffset 11 width 80.00: "just a text"
      RenderSVGText {text} at (500,1702) size 80x23 contains 1 chunk(s)
        RenderSVGInlineText {#text} at (0,0) size 80x23
          chunk 1 text run 1 at (500.00,1720.00) startOffset 0 endOffset 11 width 80.00: "just a text"
      RenderSVGText {text} at (600,1702) size 80x23 contains 1 chunk(s)
        RenderSVGInlineText {#text} at (0,0) size 80x23
          chunk 1 text run 1 at (600.00,1720.00) startOffset 0 endOffset 11 width 80.00: "just a text"
      RenderSVGText {text} at (700,1702) size 80x23 contains 1 chunk(s)
        RenderSVGInlineText {#text} at (0,0) size 80x23
          chunk 1 text run 1 at (700.00,1720.00) startOffset 0 endOffset 11 width 80.00: "just a text"
      RenderSVGText {text} at (800,1702) size 80x23 contains 1 chunk(s)
        RenderSVGInlineText {#text} at (0,0) size 80x23
          chunk 1 text run 1 at (800.00,1720.00) startOffset 0 endOffset 11 width 80.00: "just a text"
      RenderSVGText {text} at (900,1702) size 80x23 contains 1 chunk(s)
        RenderSVGInlineText {#text} at (0,0) size 80x23
          chunk 1 text run 1 at (900.00,1720.00) startOffset 0 endOffset 11 width 80.00: "just a text"
      RenderSVGText {text} at (1000,1702) size 80x23 contains 1 chunk(s)
        RenderSVGInlineText {#text} at (0,0) size 80x23
          chunk 1 text run 1 at (1000.00,1720.00) startOffset 0 endOffset 11 width 80.00: "just a text"
      RenderSVGText {text} at (1100,1702) size 80x23 contains 1 chunk(s)
        RenderSVGInlineText {#text} at (0,0) size 80x23
          chunk 1 text run 1 at (1100.00,1720.00) startOffset 0 endOffset 11 width 80.00: "just a text"
      RenderSVGText {text} at (1200,1702) size 80x23 contains 1 chunk(s)
        RenderSVGInlineText {#text} at (0,0) size 80x23
          chunk 1 text run 1 at (1200.00,1720.00) startOffset 0 endOffset 11 width 80.00: "just a text"
      RenderSVGText {text} at (1300,1702) size 80x23 contains 1 chunk(s)
        RenderSVGInlineText {#text} at (0,0) size 80x23
          chunk 1 text run 1 at (1300.00,1720.00) startOffset 0 endOffset 11 width 80.00: "just a text"
      RenderSVGText {text} at (1400,1702) size 80x23 contains 1 chunk(s)
        RenderSVGInlineText {#text} at (0,0) size 80x23
          chunk 1 text run 1 at (1400.00,1720.00) startOffset 0 endOffset 11 width 80.00: "just a text"
      RenderSVGText {text} at (1500,1702) size 80x23 contains 1 chunk(s)
        RenderSVGInlineText {#text} at (0,0) size 80x23
          chunk 1 text run 1 at (1500.00,1720.00) startOffset 0 endOffset 11 width 80.00: "just a text"
      RenderSVGText {text} at (1600,1702) size 80x23 contains 1 chunk(s)
        RenderSVGInlineText {#text} at (0,0) size 80x23
          chunk 1 text run 1 at (1600.00,1720.00) startOffset 0 endOffset 11 width 80.00: "just a text"
      RenderSVGText {text} at (1700,1702) size 80x23 contains 1 chunk(s)
        RenderSVGInlineText {#text} at (0,0) size 80x23
          chunk 1 text run 1 at (1700.00,1720.00) startOffset 0 endOffset 11 width 80.00: "just a text"
      RenderSVGText {text} at (1800,1702) size 80x23 contains 1 chunk(s)
        RenderSVGInlineText {#text} at (0,0) size 80x23
          chunk 1 text run 1 at (1800.00,1720.00) startOffset 0 endOffset 11 width 80.00: "just a text"
      RenderSVGText {text} at (1900,1702) size 80x23 contains 1 chunk(s)
        RenderSVGInlineText {#text} at (0,0) size 80x23
          chunk 1 text run 1 at (1900.00,1720.00) startOffset 0 endOffset 11 width 80.00: "just a text"
      RenderSVGText {text} at (2000,1702) size 80x23 contains 1 chunk(s)
        RenderSVGInlineText {#text} at (0,0) size 80x23
          chunk 1 text run 1 at (2000.00,1720.00) startOffset 0 endOffset 11 width 80.00: "just a text"
      RenderSVGText {text} at (2100,1702) size 80x23 contains 1 chunk(s)
        RenderSVGInlineText {#text} at (0,0) size 80x23
          chunk 1 text run 1 at (2100.00,1720.00) startOffset 0 endOffset 11 width 80.00: "just a text"
      RenderSVGText {text} at (2200,1702) size 80x23 contains 1 chunk(s)
        RenderSVGInlineText {#text} at (0,0) size 80x23
          chunk 1 text run 1 at (2200.00,1720.00) startOffset 0 endOffset 11 width 80.00: "just a text"
      RenderSVGText {text} at (2300,1702) size 80x23 contains 1 chunk(s)
        RenderSVGInlineText {#text} at (0,0) size 80x23
          chunk 1 text run 1 at (2300.00,1720.00) startOffset 0 endOffset 11 width 80.00: "just a text"
      RenderSVGText {text} at (2400,1702) size 80x23 contains 1 chunk(s)
        RenderSVGInlineText {#text} at (0,0) size 80x23
          chunk 1 text run 1 at (2400.00,1720.00) startOffset 0 endOffset 11 width 80.00: "just a text"
      RenderSVGText {text} at (2500,1702) size 80x23 contains 1 chunk(s)
        RenderSVGInlineText {#text} at (0,0) size 80x23
          chunk 1 text run 1 at (2500.00,1720.00) startOffset 0 endOffset 11 width 80.00: "just a text"
      RenderSVGText {text} at (2600,1702) size 80x23 contains 1 chunk(s)
        RenderSVGInlineText {#text} at (0,0) size 80x23
          chunk 1 text run 1 at (2600.00,1720.00) startOffset 0 endOffset 11 width 80.00: "just a text"
      RenderSVGText {text} at (2700,1702) size 80x23 contains 1 chunk(s)
        RenderSVGInlineText {#text} at (0,0) size 80x23
          chunk 1 text run 1 at (2700.00,1720.00) startOffset 0 endOffset 11 width 80.00: "just a text"
      RenderSVGText {text} at (2800,1702) size 80x23 contains 1 chunk(s)
        RenderSVGInlineText {#text} at (0,0) size 80x23
          chunk 1 text run 1 at (2800.00,1720.00) startOffset 0 endOffset 11 width 80.00: "just a text"
      RenderSVGText {text} at (2900,1702) size 80x23 contains 1 chunk(s)
        RenderSVGInlineText {#text} at (0,0) size 80x23
          chunk 1 text run 1 at (2900.00,1720.00) startOffset 0 endOffset 11 width 80.00: "just a text"
      RenderSVGText {text} at (3000,1702) size 80x23 contains 1 chunk(s)
        RenderSVGInlineText {#text} at (0,0) size 80x23
          chunk 1 text run 1 at (3000.00,1720.00) startOffset 0 endOffset 11 width 80.00: "just a text"
      RenderSVGText {text} at (3100,1702) size 80x23 contains 1 chunk(s)
        RenderSVGInlineText {#text} at (0,0) size 80x23
          chunk 1 text run 1 at (3100.00,1720.00) startOffset 0 endOffset 11 width 80.00: "just a text"
      RenderSVGText {text} at (3200,1702) size 80x23 contains 1 chunk(s)
        RenderSVGInlineText {#text} at (0,0) size 80x23
          chunk 1 text run 1 at (3200.00,1720.00) startOffset 0 endOffset 11 width 80.00: "just a text"
      RenderSVGText {text} at (3300,1702) size 80x23 contains 1 chunk(s)
        RenderSVGInlineText {#text} at (0,0) size 80x23
          chunk 1 text run 1 at (3300.00,1720.00) startOffset 0 endOffset 11 width 80.00: "just a text"
      RenderSVGText {text} at (3400,1702) size 80x23 contains 1 chunk(s)
        RenderSVGInlineText {#text} at (0,0) size 80x23
          chunk 1 text run 1 at (3400.00,1720.00) startOffset 0 endOffset 11 width 80.00: "just a text"
      RenderSVGText {text} at (3500,1702) size 80x23 contains 1 chunk(s)
        RenderSVGInlineText {#text} at (0,0) size 80x23
          chunk 1 text run 1 at (3500.00,1720.00) startOffset 0 endOffset 11 width 80.00: "just a text"
      RenderSVGText {text} at (3600,1702) size 80x23 contains 1 chunk(s)
        RenderSVGInlineText {#text} at (0,0) size 80x23
          chunk 1 text run 1 at (3600.00,1720.00) startOffset 0 endOffset 11 width 80.00: "just a text"
      RenderSVGText {text} at (3700,1702) size 80x23 contains 1 chunk(s)
        RenderSVGInlineText {#text} at (0,0) size 80x23
          chunk 1 text run 1 at (3700.00,1720.00) startOffset 0 endOffset 11 width 80.00: "just a text"
      RenderSVGText {text} at (3800,1702) size 80x23 contains 1 chunk(s)
        RenderSVGInlineText {#text} at (0,0) size 80x23
          chunk 1 text run 1 at (3800.00,1720.00) startOffset 0 endOffset 11 width 80.00: "just a text"
      RenderSVGText {text} at (3900,1702) size 80x23 contains 1 chunk(s)
        RenderSVGInlineText {#text} at (0,0) size 80x23
          chunk 1 text run 1 at (3900.00,1720.00) startOffset 0 endOffset 11 width 80.00: "just a text"
      RenderSVGText {text} at (4000,1702) size 80x23 contains 1 chunk(s)
        RenderSVGInlineText {#text} at (0,0) size 80x23
          chunk 1 text run 1 at (4000.00,1720.00) startOffset 0 endOffset 11 width 80.00: "just a text"
      RenderSVGText {text} at (4100,1702) size 80x23 contains 1 chunk(s)
        RenderSVGInlineText {#text} at (0,0) size 80x23
          chunk 1 text run 1 at (4100.00,1720.00) startOffset 0 endOffset 11 width 80.00: "just a text"
      RenderSVGText {text} at (4200,1702) size 80x23 contains 1 chunk(s)
        RenderSVGInlineText {#text} at (0,0) size 80x23
          chunk 1 text run 1 at (4200.00,1720.00) startOffset 0 endOffset 11 width 80.00: "just a text"
      RenderSVGText {text} at (4300,1702) size 80x23 contains 1 chunk(s)
        RenderSVGInlineText {#text} at (0,0) size 80x23
          chunk 1 text run 1 at (4300.00,1720.00) startOffset 0 endOffset 11 width 80.00: "just a text"
      RenderSVGText {text} at (4400,1702) size 80x23 contains 1 chunk(s)
        RenderSVGInlineText {#text} at (0,0) size 80x23
          chunk 1 text run 1 at (4400.00,1720.00) startOffset 0 endOffset 11 width 80.00: "just a text"
      RenderSVGText {text} at (4500,1702) size 80x23 contains 1 chunk(s)
        RenderSVGInlineText {#text} at (0,0) size 80x23
          chunk 1 text run 1 at (4500.00,1720.00) startOffset 0 endOffset 11 width 80.00: "just a text"
      RenderSVGText {text} at (4600,1702) size 80x23 contains 1 chunk(s)
        RenderSVGInlineText {#text} at (0,0) size 80x23
          chunk 1 text run 1 at (4600.00,1720.00) startOffset 0 endOffset 11 width 80.00: "just a text"
      RenderSVGText {text} at (4700,1702) size 80x23 contains 1 chunk(s)
        RenderSVGInlineText {#text} at (0,0) size 80x23
          chunk 1 text run 1 at (4700.00,1720.00) startOffset 0 endOffset 11 width 80.00: "just a text"
      RenderSVGText {text} at (4800,1702) size 80x23 contains 1 chunk(s)
        RenderSVGInlineText {#text} at (0,0) size 80x23
          chunk 1 text run 1 at (4800.00,1720.00) startOffset 0 endOffset 11 width 80.00: "just a text"
      RenderSVGText {text} at (4900,1702) size 80x23 contains 1 chunk(s)
        RenderSVGInlineText {#text} at (0,0) size 80x23
          chunk 1 text run 1 at (4900.00,1720.00) startOffset 0 endOffset 11 width 80.00: "just a text"
      RenderSVGText {text} at (0,1802) size 80x23 contains 1 chunk(s)
        RenderSVGInlineText {#text} at (0,0) size 80x23
          chunk 1 text run 1 at (0.00,1820.00) startOffset 0 endOffset 11 width 80.00: "just a text"
      RenderSVGText {text} at (100,1802) size 80x23 contains 1 chunk(s)
        RenderSVGInlineText {#text} at (0,0) size 80x23
          chunk 1 text run 1 at (100.00,1820.00) startOffset 0 endOffset 11 width 80.00: "just a text"
      RenderSVGText {text} at (200,1802) size 80x23 contains 1 chunk(s)
        RenderSVGInlineText {#text} at (0,0) size 80x23
          chunk 1 text run 1 at (200.00,1820.00) startOffset 0 endOffset 11 width 80.00: "just a text"
      RenderSVGText {text} at (300,1802) size 80x23 contains 1 chunk(s)
        RenderSVGInlineText {#text} at (0,0) size 80x23
          chunk 1 text run 1 at (300.00,1820.00) startOffset 0 endOffset 11 width 80.00: "just a text"
      RenderSVGText {text} at (400,1802) size 80x23 contains 1 chunk(s)
        RenderSVGInlineText {#text} at (0,0) size 80x23
          chunk 1 text run 1 at (400.00,1820.00) startOffset 0 endOffset 11 width 80.00: "just a text"
      RenderSVGText {text} at (500,1802) size 80x23 contains 1 chunk(s)
        RenderSVGInlineText {#text} at (0,0) size 80x23
          chunk 1 text run 1 at (500.00,1820.00) startOffset 0 endOffset 11 width 80.00: "just a text"
      RenderSVGText {text} at (600,1802) size 80x23 contains 1 chunk(s)
        RenderSVGInlineText {#text} at (0,0) size 80x23
          chunk 1 text run 1 at (600.00,1820.00) startOffset 0 endOffset 11 width 80.00: "just a text"
      RenderSVGText {text} at (700,1802) size 80x23 contains 1 chunk(s)
        RenderSVGInlineText {#text} at (0,0) size 80x23
          chunk 1 text run 1 at (700.00,1820.00) startOffset 0 endOffset 11 width 80.00: "just a text"
      RenderSVGText {text} at (800,1802) size 80x23 contains 1 chunk(s)
        RenderSVGInlineText {#text} at (0,0) size 80x23
          chunk 1 text run 1 at (800.00,1820.00) startOffset 0 endOffset 11 width 80.00: "just a text"
      RenderSVGText {text} at (900,1802) size 80x23 contains 1 chunk(s)
        RenderSVGInlineText {#text} at (0,0) size 80x23
          chunk 1 text run 1 at (900.00,1820.00) startOffset 0 endOffset 11 width 80.00: "just a text"
      RenderSVGText {text} at (1000,1802) size 80x23 contains 1 chunk(s)
        RenderSVGInlineText {#text} at (0,0) size 80x23
          chunk 1 text run 1 at (1000.00,1820.00) startOffset 0 endOffset 11 width 80.00: "just a text"
      RenderSVGText {text} at (1100,1802) size 80x23 contains 1 chunk(s)
        RenderSVGInlineText {#text} at (0,0) size 80x23
          chunk 1 text run 1 at (1100.00,1820.00) startOffset 0 endOffset 11 width 80.00: "just a text"
      RenderSVGText {text} at (1200,1802) size 80x23 contains 1 chunk(s)
        RenderSVGInlineText {#text} at (0,0) size 80x23
          chunk 1 text run 1 at (1200.00,1820.00) startOffset 0 endOffset 11 width 80.00: "just a text"
      RenderSVGText {text} at (1300,1802) size 80x23 contains 1 chunk(s)
        RenderSVGInlineText {#text} at (0,0) size 80x23
          chunk 1 text run 1 at (1300.00,1820.00) startOffset 0 endOffset 11 width 80.00: "just a text"
      RenderSVGText {text} at (1400,1802) size 80x23 contains 1 chunk(s)
        RenderSVGInlineText {#text} at (0,0) size 80x23
          chunk 1 text run 1 at (1400.00,1820.00) startOffset 0 endOffset 11 width 80.00: "just a text"
      RenderSVGText {text} at (1500,1802) size 80x23 contains 1 chunk(s)
        RenderSVGInlineText {#text} at (0,0) size 80x23
          chunk 1 text run 1 at (1500.00,1820.00) startOffset 0 endOffset 11 width 80.00: "just a text"
      RenderSVGText {text} at (1600,1802) size 80x23 contains 1 chunk(s)
        RenderSVGInlineText {#text} at (0,0) size 80x23
          chunk 1 text run 1 at (1600.00,1820.00) startOffset 0 endOffset 11 width 80.00: "just a text"
      RenderSVGText {text} at (1700,1802) size 80x23 contains 1 chunk(s)
        RenderSVGInlineText {#text} at (0,0) size 80x23
          chunk 1 text run 1 at (1700.00,1820.00) startOffset 0 endOffset 11 width 80.00: "just a text"
      RenderSVGText {text} at (1800,1802) size 80x23 contains 1 chunk(s)
        RenderSVGInlineText {#text} at (0,0) size 80x23
          chunk 1 text run 1 at (1800.00,1820.00) startOffset 0 endOffset 11 width 80.00: "just a text"
      RenderSVGText {text} at (1900,1802) size 80x23 contains 1 chunk(s)
        RenderSVGInlineText {#text} at (0,0) size 80x23
          chunk 1 text run 1 at (1900.00,1820.00) startOffset 0 endOffset 11 width 80.00: "just a text"
      RenderSVGText {text} at (2000,1802) size 80x23 contains 1 chunk(s)
        RenderSVGInlineText {#text} at (0,0) size 80x23
          chunk 1 text run 1 at (2000.00,1820.00) startOffset 0 endOffset 11 width 80.00: "just a text"
      RenderSVGText {text} at (2100,1802) size 80x23 contains 1 chunk(s)
        RenderSVGInlineText {#text} at (0,0) size 80x23
          chunk 1 text run 1 at (2100.00,1820.00) startOffset 0 endOffset 11 width 80.00: "just a text"
      RenderSVGText {text} at (2200,1802) size 80x23 contains 1 chunk(s)
        RenderSVGInlineText {#text} at (0,0) size 80x23
          chunk 1 text run 1 at (2200.00,1820.00) startOffset 0 endOffset 11 width 80.00: "just a text"
      RenderSVGText {text} at (2300,1802) size 80x23 contains 1 chunk(s)
        RenderSVGInlineText {#text} at (0,0) size 80x23
          chunk 1 text run 1 at (2300.00,1820.00) startOffset 0 endOffset 11 width 80.00: "just a text"
      RenderSVGText {text} at (2400,1802) size 80x23 contains 1 chunk(s)
        RenderSVGInlineText {#text} at (0,0) size 80x23
          chunk 1 text run 1 at (2400.00,1820.00) startOffset 0 endOffset 11 width 80.00: "just a text"
      RenderSVGText {text} at (2500,1802) size 80x23 contains 1 chunk(s)
        RenderSVGInlineText {#text} at (0,0) size 80x23
          chunk 1 text run 1 at (2500.00,1820.00) startOffset 0 endOffset 11 width 80.00: "just a text"
      RenderSVGText {text} at (2600,1802) size 80x23 contains 1 chunk(s)
        RenderSVGInlineText {#text} at (0,0) size 80x23
          chunk 1 text run 1 at (2600.00,1820.00) startOffset 0 endOffset 11 width 80.00: "just a text"
      RenderSVGText {text} at (2700,1802) size 80x23 contains 1 chunk(s)
        RenderSVGInlineText {#text} at (0,0) size 80x23
          chunk 1 text run 1 at (2700.00,1820.00) startOffset 0 endOffset 11 width 80.00: "just a text"
      RenderSVGText {text} at (2800,1802) size 80x23 contains 1 chunk(s)
        RenderSVGInlineText {#text} at (0,0) size 80x23
          chunk 1 text run 1 at (2800.00,1820.00) startOffset 0 endOffset 11 width 80.00: "just a text"
      RenderSVGText {text} at (2900,1802) size 80x23 contains 1 chunk(s)
        RenderSVGInlineText {#text} at (0,0) size 80x23
          chunk 1 text run 1 at (2900.00,1820.00) startOffset 0 endOffset 11 width 80.00: "just a text"
      RenderSVGText {text} at (3000,1802) size 80x23 contains 1 chunk(s)
        RenderSVGInlineText {#text} at (0,0) size 80x23
          chunk 1 text run 1 at (3000.00,1820.00) startOffset 0 endOffset 11 width 80.00: "just a text"
      RenderSVGText {text} at (3100,1802) size 80x23 contains 1 chunk(s)
        RenderSVGInlineText {#text} at (0,0) size 80x23
          chunk 1 text run 1 at (3100.00,1820.00) startOffset 0 endOffset 11 width 80.00: "just a text"
      RenderSVGText {text} at (3200,1802) size 80x23 contains 1 chunk(s)
        RenderSVGInlineText {#text} at (0,0) size 80x23
          chunk 1 text run 1 at (3200.00,1820.00) startOffset 0 endOffset 11 width 80.00: "just a text"
      RenderSVGText {text} at (3300,1802) size 80x23 contains 1 chunk(s)
        RenderSVGInlineText {#text} at (0,0) size 80x23
          chunk 1 text run 1 at (3300.00,1820.00) startOffset 0 endOffset 11 width 80.00: "just a text"
      RenderSVGText {text} at (3400,1802) size 80x23 contains 1 chunk(s)
        RenderSVGInlineText {#text} at (0,0) size 80x23
          chunk 1 text run 1 at (3400.00,1820.00) startOffset 0 endOffset 11 width 80.00: "just a text"
      RenderSVGText {text} at (3500,1802) size 80x23 contains 1 chunk(s)
        RenderSVGInlineText {#text} at (0,0) size 80x23
          chunk 1 text run 1 at (3500.00,1820.00) startOffset 0 endOffset 11 width 80.00: "just a text"
      RenderSVGText {text} at (3600,1802) size 80x23 contains 1 chunk(s)
        RenderSVGInlineText {#text} at (0,0) size 80x23
          chunk 1 text run 1 at (3600.00,1820.00) startOffset 0 endOffset 11 width 80.00: "just a text"
      RenderSVGText {text} at (3700,1802) size 80x23 contains 1 chunk(s)
        RenderSVGInlineText {#text} at (0,0) size 80x23
          chunk 1 text run 1 at (3700.00,1820.00) startOffset 0 endOffset 11 width 80.00: "just a text"
      RenderSVGText {text} at (3800,1802) size 80x23 contains 1 chunk(s)
        RenderSVGInlineText {#text} at (0,0) size 80x23
          chunk 1 text run 1 at (3800.00,1820.00) startOffset 0 endOffset 11 width 80.00: "just a text"
      RenderSVGText {text} at (3900,1802) size 80x23 contains 1 chunk(s)
        RenderSVGInlineText {#text} at (0,0) size 80x23
          chunk 1 text run 1 at (3900.00,1820.00) startOffset 0 endOffset 11 width 80.00: "just a text"
      RenderSVGText {text} at (4000,1802) size 80x23 contains 1 chunk(s)
        RenderSVGInlineText {#text} at (0,0) size 80x23
          chunk 1 text run 1 at (4000.00,1820.00) startOffset 0 endOffset 11 width 80.00: "just a text"
      RenderSVGText {text} at (4100,1802) size 80x23 contains 1 chunk(s)
        RenderSVGInlineText {#text} at (0,0) size 80x23
          chunk 1 text run 1 at (4100.00,1820.00) startOffset 0 endOffset 11 width 80.00: "just a text"
      RenderSVGText {text} at (4200,1802) size 80x23 contains 1 chunk(s)
        RenderSVGInlineText {#text} at (0,0) size 80x23
          chunk 1 text run 1 at (4200.00,1820.00) startOffset 0 endOffset 11 width 80.00: "just a text"
      RenderSVGText {text} at (4300,1802) size 80x23 contains 1 chunk(s)
        RenderSVGInlineText {#text} at (0,0) size 80x23
          chunk 1 text run 1 at (4300.00,1820.00) startOffset 0 endOffset 11 width 80.00: "just a text"
      RenderSVGText {text} at (4400,1802) size 80x23 contains 1 chunk(s)
        RenderSVGInlineText {#text} at (0,0) size 80x23
          chunk 1 text run 1 at (4400.00,1820.00) startOffset 0 endOffset 11 width 80.00: "just a text"
      RenderSVGText {text} at (4500,1802) size 80x23 contains 1 chunk(s)
        RenderSVGInlineText {#text} at (0,0) size 80x23
          chunk 1 text run 1 at (4500.00,1820.00) startOffset 0 endOffset 11 width 80.00: "just a text"
      RenderSVGText {text} at (4600,1802) size 80x23 contains 1 chunk(s)
        RenderSVGInlineText {#text} at (0,0) size 80x23
          chunk 1 text run 1 at (4600.00,1820.00) startOffset 0 endOffset 11 width 80.00: "just a text"
      RenderSVGText {text} at (4700,1802) size 80x23 contains 1 chunk(s)
        RenderSVGInlineText {#text} at (0,0) size 80x23
          chunk 1 text run 1 at (4700.00,1820.00) startOffset 0 endOffset 11 width 80.00: "just a text"
      RenderSVGText {text} at (4800,1802) size 80x23 contains 1 chunk(s)
        RenderSVGInlineText {#text} at (0,0) size 80x23
          chunk 1 text run 1 at (4800.00,1820.00) startOffset 0 endOffset 11 width 80.00: "just a text"
      RenderSVGText {text} at (4900,1802) size 80x23 contains 1 chunk(s)
        RenderSVGInlineText {#text} at (0,0) size 80x23
          chunk 1 text run 1 at (4900.00,1820.00) startOffset 0 endOffset 11 width 80.00: "just a text"
      RenderSVGText {text} at (0,1902) size 80x23 contains 1 chunk(s)
        RenderSVGInlineText {#text} at (0,0) size 80x23
          chunk 1 text run 1 at (0.00,1920.00) startOffset 0 endOffset 11 width 80.00: "just a text"
      RenderSVGText {text} at (100,1902) size 80x23 contains 1 chunk(s)
        RenderSVGInlineText {#text} at (0,0) size 80x23
          chunk 1 text run 1 at (100.00,1920.00) startOffset 0 endOffset 11 width 80.00: "just a text"
      RenderSVGText {text} at (200,1902) size 80x23 contains 1 chunk(s)
        RenderSVGInlineText {#text} at (0,0) size 80x23
          chunk 1 text run 1 at (200.00,1920.00) startOffset 0 endOffset 11 width 80.00: "just a text"
      RenderSVGText {text} at (300,1902) size 80x23 contains 1 chunk(s)
        RenderSVGInlineText {#text} at (0,0) size 80x23
          chunk 1 text run 1 at (300.00,1920.00) startOffset 0 endOffset 11 width 80.00: "just a text"
      RenderSVGText {text} at (400,1902) size 80x23 contains 1 chunk(s)
        RenderSVGInlineText {#text} at (0,0) size 80x23
          chunk 1 text run 1 at (400.00,1920.00) startOffset 0 endOffset 11 width 80.00: "just a text"
      RenderSVGText {text} at (500,1902) size 80x23 contains 1 chunk(s)
        RenderSVGInlineText {#text} at (0,0) size 80x23
          chunk 1 text run 1 at (500.00,1920.00) startOffset 0 endOffset 11 width 80.00: "just a text"
      RenderSVGText {text} at (600,1902) size 80x23 contains 1 chunk(s)
        RenderSVGInlineText {#text} at (0,0) size 80x23
          chunk 1 text run 1 at (600.00,1920.00) startOffset 0 endOffset 11 width 80.00: "just a text"
      RenderSVGText {text} at (700,1902) size 80x23 contains 1 chunk(s)
        RenderSVGInlineText {#text} at (0,0) size 80x23
          chunk 1 text run 1 at (700.00,1920.00) startOffset 0 endOffset 11 width 80.00: "just a text"
      RenderSVGText {text} at (800,1902) size 80x23 contains 1 chunk(s)
        RenderSVGInlineText {#text} at (0,0) size 80x23
          chunk 1 text run 1 at (800.00,1920.00) startOffset 0 endOffset 11 width 80.00: "just a text"
      RenderSVGText {text} at (900,1902) size 80x23 contains 1 chunk(s)
        RenderSVGInlineText {#text} at (0,0) size 80x23
          chunk 1 text run 1 at (900.00,1920.00) startOffset 0 endOffset 11 width 80.00: "just a text"
      RenderSVGText {text} at (1000,1902) size 80x23 contains 1 chunk(s)
        RenderSVGInlineText {#text} at (0,0) size 80x23
          chunk 1 text run 1 at (1000.00,1920.00) startOffset 0 endOffset 11 width 80.00: "just a text"
      RenderSVGText {text} at (1100,1902) size 80x23 contains 1 chunk(s)
        RenderSVGInlineText {#text} at (0,0) size 80x23
          chunk 1 text run 1 at (1100.00,1920.00) startOffset 0 endOffset 11 width 80.00: "just a text"
      RenderSVGText {text} at (1200,1902) size 80x23 contains 1 chunk(s)
        RenderSVGInlineText {#text} at (0,0) size 80x23
          chunk 1 text run 1 at (1200.00,1920.00) startOffset 0 endOffset 11 width 80.00: "just a text"
      RenderSVGText {text} at (1300,1902) size 80x23 contains 1 chunk(s)
        RenderSVGInlineText {#text} at (0,0) size 80x23
          chunk 1 text run 1 at (1300.00,1920.00) startOffset 0 endOffset 11 width 80.00: "just a text"
      RenderSVGText {text} at (1400,1902) size 80x23 contains 1 chunk(s)
        RenderSVGInlineText {#text} at (0,0) size 80x23
          chunk 1 text run 1 at (1400.00,1920.00) startOffset 0 endOffset 11 width 80.00: "just a text"
      RenderSVGText {text} at (1500,1902) size 80x23 contains 1 chunk(s)
        RenderSVGInlineText {#text} at (0,0) size 80x23
          chunk 1 text run 1 at (1500.00,1920.00) startOffset 0 endOffset 11 width 80.00: "just a text"
      RenderSVGText {text} at (1600,1902) size 80x23 contains 1 chunk(s)
        RenderSVGInlineText {#text} at (0,0) size 80x23
          chunk 1 text run 1 at (1600.00,1920.00) startOffset 0 endOffset 11 width 80.00: "just a text"
      RenderSVGText {text} at (1700,1902) size 80x23 contains 1 chunk(s)
        RenderSVGInlineText {#text} at (0,0) size 80x23
          chunk 1 text run 1 at (1700.00,1920.00) startOffset 0 endOffset 11 width 80.00: "just a text"
      RenderSVGText {text} at (1800,1902) size 80x23 contains 1 chunk(s)
        RenderSVGInlineText {#text} at (0,0) size 80x23
          chunk 1 text run 1 at (1800.00,1920.00) startOffset 0 endOffset 11 width 80.00: "just a text"
      RenderSVGText {text} at (1900,1902) size 80x23 contains 1 chunk(s)
        RenderSVGInlineText {#text} at (0,0) size 80x23
          chunk 1 text run 1 at (1900.00,1920.00) startOffset 0 endOffset 11 width 80.00: "just a text"
      RenderSVGText {text} at (2000,1902) size 80x23 contains 1 chunk(s)
        RenderSVGInlineText {#text} at (0,0) size 80x23
          chunk 1 text run 1 at (2000.00,1920.00) startOffset 0 endOffset 11 width 80.00: "just a text"
      RenderSVGText {text} at (2100,1902) size 80x23 contains 1 chunk(s)
        RenderSVGInlineText {#text} at (0,0) size 80x23
          chunk 1 text run 1 at (2100.00,1920.00) startOffset 0 endOffset 11 width 80.00: "just a text"
      RenderSVGText {text} at (2200,1902) size 80x23 contains 1 chunk(s)
        RenderSVGInlineText {#text} at (0,0) size 80x23
          chunk 1 text run 1 at (2200.00,1920.00) startOffset 0 endOffset 11 width 80.00: "just a text"
      RenderSVGText {text} at (2300,1902) size 80x23 contains 1 chunk(s)
        RenderSVGInlineText {#text} at (0,0) size 80x23
          chunk 1 text run 1 at (2300.00,1920.00) startOffset 0 endOffset 11 width 80.00: "just a text"
      RenderSVGText {text} at (2400,1902) size 80x23 contains 1 chunk(s)
        RenderSVGInlineText {#text} at (0,0) size 80x23
          chunk 1 text run 1 at (2400.00,1920.00) startOffset 0 endOffset 11 width 80.00: "just a text"
      RenderSVGText {text} at (2500,1902) size 80x23 contains 1 chunk(s)
        RenderSVGInlineText {#text} at (0,0) size 80x23
          chunk 1 text run 1 at (2500.00,1920.00) startOffset 0 endOffset 11 width 80.00: "just a text"
      RenderSVGText {text} at (2600,1902) size 80x23 contains 1 chunk(s)
        RenderSVGInlineText {#text} at (0,0) size 80x23
          chunk 1 text run 1 at (2600.00,1920.00) startOffset 0 endOffset 11 width 80.00: "just a text"
      RenderSVGText {text} at (2700,1902) size 80x23 contains 1 chunk(s)
        RenderSVGInlineText {#text} at (0,0) size 80x23
          chunk 1 text run 1 at (2700.00,1920.00) startOffset 0 endOffset 11 width 80.00: "just a text"
      RenderSVGText {text} at (2800,1902) size 80x23 contains 1 chunk(s)
        RenderSVGInlineText {#text} at (0,0) size 80x23
          chunk 1 text run 1 at (2800.00,1920.00) startOffset 0 endOffset 11 width 80.00: "just a text"
      RenderSVGText {text} at (2900,1902) size 80x23 contains 1 chunk(s)
        RenderSVGInlineText {#text} at (0,0) size 80x23
          chunk 1 text run 1 at (2900.00,1920.00) startOffset 0 endOffset 11 width 80.00: "just a text"
      RenderSVGText {text} at (3000,1902) size 80x23 contains 1 chunk(s)
        RenderSVGInlineText {#text} at (0,0) size 80x23
          chunk 1 text run 1 at (3000.00,1920.00) startOffset 0 endOffset 11 width 80.00: "just a text"
      RenderSVGText {text} at (3100,1902) size 80x23 contains 1 chunk(s)
        RenderSVGInlineText {#text} at (0,0) size 80x23
          chunk 1 text run 1 at (3100.00,1920.00) startOffset 0 endOffset 11 width 80.00: "just a text"
      RenderSVGText {text} at (3200,1902) size 80x23 contains 1 chunk(s)
        RenderSVGInlineText {#text} at (0,0) size 80x23
          chunk 1 text run 1 at (3200.00,1920.00) startOffset 0 endOffset 11 width 80.00: "just a text"
      RenderSVGText {text} at (3300,1902) size 80x23 contains 1 chunk(s)
        RenderSVGInlineText {#text} at (0,0) size 80x23
          chunk 1 text run 1 at (3300.00,1920.00) startOffset 0 endOffset 11 width 80.00: "just a text"
      RenderSVGText {text} at (3400,1902) size 80x23 contains 1 chunk(s)
        RenderSVGInlineText {#text} at (0,0) size 80x23
          chunk 1 text run 1 at (3400.00,1920.00) startOffset 0 endOffset 11 width 80.00: "just a text"
      RenderSVGText {text} at (3500,1902) size 80x23 contains 1 chunk(s)
        RenderSVGInlineText {#text} at (0,0) size 80x23
          chunk 1 text run 1 at (3500.00,1920.00) startOffset 0 endOffset 11 width 80.00: "just a text"
      RenderSVGText {text} at (3600,1902) size 80x23 contains 1 chunk(s)
        RenderSVGInlineText {#text} at (0,0) size 80x23
          chunk 1 text run 1 at (3600.00,1920.00) startOffset 0 endOffset 11 width 80.00: "just a text"
      RenderSVGText {text} at (3700,1902) size 80x23 contains 1 chunk(s)
        RenderSVGInlineText {#text} at (0,0) size 80x23
          chunk 1 text run 1 at (3700.00,1920.00) startOffset 0 endOffset 11 width 80.00: "just a text"
      RenderSVGText {text} at (3800,1902) size 80x23 contains 1 chunk(s)
        RenderSVGInlineText {#text} at (0,0) size 80x23
          chunk 1 text run 1 at (3800.00,1920.00) startOffset 0 endOffset 11 width 80.00: "just a text"
      RenderSVGText {text} at (3900,1902) size 80x23 contains 1 chunk(s)
        RenderSVGInlineText {#text} at (0,0) size 80x23
          chunk 1 text run 1 at (3900.00,1920.00) startOffset 0 endOffset 11 width 80.00: "just a text"
      RenderSVGText {text} at (4000,1902) size 80x23 contains 1 chunk(s)
        RenderSVGInlineText {#text} at (0,0) size 80x23
          chunk 1 text run 1 at (4000.00,1920.00) startOffset 0 endOffset 11 width 80.00: "just a text"
      RenderSVGText {text} at (4100,1902) size 80x23 contains 1 chunk(s)
        RenderSVGInlineText {#text} at (0,0) size 80x23
          chunk 1 text run 1 at (4100.00,1920.00) startOffset 0 endOffset 11 width 80.00: "just a text"
      RenderSVGText {text} at (4200,1902) size 80x23 contains 1 chunk(s)
        RenderSVGInlineText {#text} at (0,0) size 80x23
          chunk 1 text run 1 at (4200.00,1920.00) startOffset 0 endOffset 11 width 80.00: "just a text"
      RenderSVGText {text} at (4300,1902) size 80x23 contains 1 chunk(s)
        RenderSVGInlineText {#text} at (0,0) size 80x23
          chunk 1 text run 1 at (4300.00,1920.00) startOffset 0 endOffset 11 width 80.00: "just a text"
      RenderSVGText {text} at (4400,1902) size 80x23 contains 1 chunk(s)
        RenderSVGInlineText {#text} at (0,0) size 80x23
          chunk 1 text run 1 at (4400.00,1920.00) startOffset 0 endOffset 11 width 80.00: "just a text"
      RenderSVGText {text} at (4500,1902) size 80x23 contains 1 chunk(s)
        RenderSVGInlineText {#text} at (0,0) size 80x23
          chunk 1 text run 1 at (4500.00,1920.00) startOffset 0 endOffset 11 width 80.00: "just a text"
      RenderSVGText {text} at (4600,1902) size 80x23 contains 1 chunk(s)
        RenderSVGInlineText {#text} at (0,0) size 80x23
          chunk 1 text run 1 at (4600.00,1920.00) startOffset 0 endOffset 11 width 80.00: "just a text"
      RenderSVGText {text} at (4700,1902) size 80x23 contains 1 chunk(s)
        RenderSVGInlineText {#text} at (0,0) size 80x23
          chunk 1 text run 1 at (4700.00,1920.00) startOffset 0 endOffset 11 width 80.00: "just a text"
      RenderSVGText {text} at (4800,1902) size 80x23 contains 1 chunk(s)
        RenderSVGInlineText {#text} at (0,0) size 80x23
          chunk 1 text run 1 at (4800.00,1920.00) startOffset 0 endOffset 11 width 80.00: "just a text"
      RenderSVGText {text} at (4900,1902) size 80x23 contains 1 chunk(s)
        RenderSVGInlineText {#text} at (0,0) size 80x23
          chunk 1 text run 1 at (4900.00,1920.00) startOffset 0 endOffset 11 width 80.00: "just a text"
      RenderSVGText {text} at (0,2002) size 80x23 contains 1 chunk(s)
        RenderSVGInlineText {#text} at (0,0) size 80x23
          chunk 1 text run 1 at (0.00,2020.00) startOffset 0 endOffset 11 width 80.00: "just a text"
      RenderSVGText {text} at (100,2002) size 80x23 contains 1 chunk(s)
        RenderSVGInlineText {#text} at (0,0) size 80x23
          chunk 1 text run 1 at (100.00,2020.00) startOffset 0 endOffset 11 width 80.00: "just a text"
      RenderSVGText {text} at (200,2002) size 80x23 contains 1 chunk(s)
        RenderSVGInlineText {#text} at (0,0) size 80x23
          chunk 1 text run 1 at (200.00,2020.00) startOffset 0 endOffset 11 width 80.00: "just a text"
      RenderSVGText {text} at (300,2002) size 80x23 contains 1 chunk(s)
        RenderSVGInlineText {#text} at (0,0) size 80x23
          chunk 1 text run 1 at (300.00,2020.00) startOffset 0 endOffset 11 width 80.00: "just a text"
      RenderSVGText {text} at (400,2002) size 80x23 contains 1 chunk(s)
        RenderSVGInlineText {#text} at (0,0) size 80x23
          chunk 1 text run 1 at (400.00,2020.00) startOffset 0 endOffset 11 width 80.00: "just a text"
      RenderSVGText {text} at (500,2002) size 80x23 contains 1 chunk(s)
        RenderSVGInlineText {#text} at (0,0) size 80x23
          chunk 1 text run 1 at (500.00,2020.00) startOffset 0 endOffset 11 width 80.00: "just a text"
      RenderSVGText {text} at (600,2002) size 80x23 contains 1 chunk(s)
        RenderSVGInlineText {#text} at (0,0) size 80x23
          chunk 1 text run 1 at (600.00,2020.00) startOffset 0 endOffset 11 width 80.00: "just a text"
      RenderSVGText {text} at (700,2002) size 80x23 contains 1 chunk(s)
        RenderSVGInlineText {#text} at (0,0) size 80x23
          chunk 1 text run 1 at (700.00,2020.00) startOffset 0 endOffset 11 width 80.00: "just a text"
      RenderSVGText {text} at (800,2002) size 80x23 contains 1 chunk(s)
        RenderSVGInlineText {#text} at (0,0) size 80x23
          chunk 1 text run 1 at (800.00,2020.00) startOffset 0 endOffset 11 width 80.00: "just a text"
      RenderSVGText {text} at (900,2002) size 80x23 contains 1 chunk(s)
        RenderSVGInlineText {#text} at (0,0) size 80x23
          chunk 1 text run 1 at (900.00,2020.00) startOffset 0 endOffset 11 width 80.00: "just a text"
      RenderSVGText {text} at (1000,2002) size 80x23 contains 1 chunk(s)
        RenderSVGInlineText {#text} at (0,0) size 80x23
          chunk 1 text run 1 at (1000.00,2020.00) startOffset 0 endOffset 11 width 80.00: "just a text"
      RenderSVGText {text} at (1100,2002) size 80x23 contains 1 chunk(s)
        RenderSVGInlineText {#text} at (0,0) size 80x23
          chunk 1 text run 1 at (1100.00,2020.00) startOffset 0 endOffset 11 width 80.00: "just a text"
      RenderSVGText {text} at (1200,2002) size 80x23 contains 1 chunk(s)
        RenderSVGInlineText {#text} at (0,0) size 80x23
          chunk 1 text run 1 at (1200.00,2020.00) startOffset 0 endOffset 11 width 80.00: "just a text"
      RenderSVGText {text} at (1300,2002) size 80x23 contains 1 chunk(s)
        RenderSVGInlineText {#text} at (0,0) size 80x23
          chunk 1 text run 1 at (1300.00,2020.00) startOffset 0 endOffset 11 width 80.00: "just a text"
      RenderSVGText {text} at (1400,2002) size 80x23 contains 1 chunk(s)
        RenderSVGInlineText {#text} at (0,0) size 80x23
          chunk 1 text run 1 at (1400.00,2020.00) startOffset 0 endOffset 11 width 80.00: "just a text"
      RenderSVGText {text} at (1500,2002) size 80x23 contains 1 chunk(s)
        RenderSVGInlineText {#text} at (0,0) size 80x23
          chunk 1 text run 1 at (1500.00,2020.00) startOffset 0 endOffset 11 width 80.00: "just a text"
      RenderSVGText {text} at (1600,2002) size 80x23 contains 1 chunk(s)
        RenderSVGInlineText {#text} at (0,0) size 80x23
          chunk 1 text run 1 at (1600.00,2020.00) startOffset 0 endOffset 11 width 80.00: "just a text"
      RenderSVGText {text} at (1700,2002) size 80x23 contains 1 chunk(s)
        RenderSVGInlineText {#text} at (0,0) size 80x23
          chunk 1 text run 1 at (1700.00,2020.00) startOffset 0 endOffset 11 width 80.00: "just a text"
      RenderSVGText {text} at (1800,2002) size 80x23 contains 1 chunk(s)
        RenderSVGInlineText {#text} at (0,0) size 80x23
          chunk 1 text run 1 at (1800.00,2020.00) startOffset 0 endOffset 11 width 80.00: "just a text"
      RenderSVGText {text} at (1900,2002) size 80x23 contains 1 chunk(s)
        RenderSVGInlineText {#text} at (0,0) size 80x23
          chunk 1 text run 1 at (1900.00,2020.00) startOffset 0 endOffset 11 width 80.00: "just a text"
      RenderSVGText {text} at (2000,2002) size 80x23 contains 1 chunk(s)
        RenderSVGInlineText {#text} at (0,0) size 80x23
          chunk 1 text run 1 at (2000.00,2020.00) startOffset 0 endOffset 11 width 80.00: "just a text"
      RenderSVGText {text} at (2100,2002) size 80x23 contains 1 chunk(s)
        RenderSVGInlineText {#text} at (0,0) size 80x23
          chunk 1 text run 1 at (2100.00,2020.00) startOffset 0 endOffset 11 width 80.00: "just a text"
      RenderSVGText {text} at (2200,2002) size 80x23 contains 1 chunk(s)
        RenderSVGInlineText {#text} at (0,0) size 80x23
          chunk 1 text run 1 at (2200.00,2020.00) startOffset 0 endOffset 11 width 80.00: "just a text"
      RenderSVGText {text} at (2300,2002) size 80x23 contains 1 chunk(s)
        RenderSVGInlineText {#text} at (0,0) size 80x23
          chunk 1 text run 1 at (2300.00,2020.00) startOffset 0 endOffset 11 width 80.00: "just a text"
      RenderSVGText {text} at (2400,2002) size 80x23 contains 1 chunk(s)
        RenderSVGInlineText {#text} at (0,0) size 80x23
          chunk 1 text run 1 at (2400.00,2020.00) startOffset 0 endOffset 11 width 80.00: "just a text"
      RenderSVGText {text} at (2500,2002) size 80x23 contains 1 chunk(s)
        RenderSVGInlineText {#text} at (0,0) size 80x23
          chunk 1 text run 1 at (2500.00,2020.00) startOffset 0 endOffset 11 width 80.00: "just a text"
      RenderSVGText {text} at (2600,2002) size 80x23 contains 1 chunk(s)
        RenderSVGInlineText {#text} at (0,0) size 80x23
          chunk 1 text run 1 at (2600.00,2020.00) startOffset 0 endOffset 11 width 80.00: "just a text"
      RenderSVGText {text} at (2700,2002) size 80x23 contains 1 chunk(s)
        RenderSVGInlineText {#text} at (0,0) size 80x23
          chunk 1 text run 1 at (2700.00,2020.00) startOffset 0 endOffset 11 width 80.00: "just a text"
      RenderSVGText {text} at (2800,2002) size 80x23 contains 1 chunk(s)
        RenderSVGInlineText {#text} at (0,0) size 80x23
          chunk 1 text run 1 at (2800.00,2020.00) startOffset 0 endOffset 11 width 80.00: "just a text"
      RenderSVGText {text} at (2900,2002) size 80x23 contains 1 chunk(s)
        RenderSVGInlineText {#text} at (0,0) size 80x23
          chunk 1 text run 1 at (2900.00,2020.00) startOffset 0 endOffset 11 width 80.00: "just a text"
      RenderSVGText {text} at (3000,2002) size 80x23 contains 1 chunk(s)
        RenderSVGInlineText {#text} at (0,0) size 80x23
          chunk 1 text run 1 at (3000.00,2020.00) startOffset 0 endOffset 11 width 80.00: "just a text"
      RenderSVGText {text} at (3100,2002) size 80x23 contains 1 chunk(s)
        RenderSVGInlineText {#text} at (0,0) size 80x23
          chunk 1 text run 1 at (3100.00,2020.00) startOffset 0 endOffset 11 width 80.00: "just a text"
      RenderSVGText {text} at (3200,2002) size 80x23 contains 1 chunk(s)
        RenderSVGInlineText {#text} at (0,0) size 80x23
          chunk 1 text run 1 at (3200.00,2020.00) startOffset 0 endOffset 11 width 80.00: "just a text"
      RenderSVGText {text} at (3300,2002) size 80x23 contains 1 chunk(s)
        RenderSVGInlineText {#text} at (0,0) size 80x23
          chunk 1 text run 1 at (3300.00,2020.00) startOffset 0 endOffset 11 width 80.00: "just a text"
      RenderSVGText {text} at (3400,2002) size 80x23 contains 1 chunk(s)
        RenderSVGInlineText {#text} at (0,0) size 80x23
          chunk 1 text run 1 at (3400.00,2020.00) startOffset 0 endOffset 11 width 80.00: "just a text"
      RenderSVGText {text} at (3500,2002) size 80x23 contains 1 chunk(s)
        RenderSVGInlineText {#text} at (0,0) size 80x23
          chunk 1 text run 1 at (3500.00,2020.00) startOffset 0 endOffset 11 width 80.00: "just a text"
      RenderSVGText {text} at (3600,2002) size 80x23 contains 1 chunk(s)
        RenderSVGInlineText {#text} at (0,0) size 80x23
          chunk 1 text run 1 at (3600.00,2020.00) startOffset 0 endOffset 11 width 80.00: "just a text"
      RenderSVGText {text} at (3700,2002) size 80x23 contains 1 chunk(s)
        RenderSVGInlineText {#text} at (0,0) size 80x23
          chunk 1 text run 1 at (3700.00,2020.00) startOffset 0 endOffset 11 width 80.00: "just a text"
      RenderSVGText {text} at (3800,2002) size 80x23 contains 1 chunk(s)
        RenderSVGInlineText {#text} at (0,0) size 80x23
          chunk 1 text run 1 at (3800.00,2020.00) startOffset 0 endOffset 11 width 80.00: "just a text"
      RenderSVGText {text} at (3900,2002) size 80x23 contains 1 chunk(s)
        RenderSVGInlineText {#text} at (0,0) size 80x23
          chunk 1 text run 1 at (3900.00,2020.00) startOffset 0 endOffset 11 width 80.00: "just a text"
      RenderSVGText {text} at (4000,2002) size 80x23 contains 1 chunk(s)
        RenderSVGInlineText {#text} at (0,0) size 80x23
          chunk 1 text run 1 at (4000.00,2020.00) startOffset 0 endOffset 11 width 80.00: "just a text"
      RenderSVGText {text} at (4100,2002) size 80x23 contains 1 chunk(s)
        RenderSVGInlineText {#text} at (0,0) size 80x23
          chunk 1 text run 1 at (4100.00,2020.00) startOffset 0 endOffset 11 width 80.00: "just a text"
      RenderSVGText {text} at (4200,2002) size 80x23 contains 1 chunk(s)
        RenderSVGInlineText {#text} at (0,0) size 80x23
          chunk 1 text run 1 at (4200.00,2020.00) startOffset 0 endOffset 11 width 80.00: "just a text"
      RenderSVGText {text} at (4300,2002) size 80x23 contains 1 chunk(s)
        RenderSVGInlineText {#text} at (0,0) size 80x23
          chunk 1 text run 1 at (4300.00,2020.00) startOffset 0 endOffset 11 width 80.00: "just a text"
      RenderSVGText {text} at (4400,2002) size 80x23 contains 1 chunk(s)
        RenderSVGInlineText {#text} at (0,0) size 80x23
          chunk 1 text run 1 at (4400.00,2020.00) startOffset 0 endOffset 11 width 80.00: "just a text"
      RenderSVGText {text} at (4500,2002) size 80x23 contains 1 chunk(s)
        RenderSVGInlineText {#text} at (0,0) size 80x23
          chunk 1 text run 1 at (4500.00,2020.00) startOffset 0 endOffset 11 width 80.00: "just a text"
      RenderSVGText {text} at (4600,2002) size 80x23 contains 1 chunk(s)
        RenderSVGInlineText {#text} at (0,0) size 80x23
          chunk 1 text run 1 at (4600.00,2020.00) startOffset 0 endOffset 11 width 80.00: "just a text"
      RenderSVGText {text} at (4700,2002) size 80x23 contains 1 chunk(s)
        RenderSVGInlineText {#text} at (0,0) size 80x23
          chunk 1 text run 1 at (4700.00,2020.00) startOffset 0 endOffset 11 width 80.00: "just a text"
      RenderSVGText {text} at (4800,2002) size 80x23 contains 1 chunk(s)
        RenderSVGInlineText {#text} at (0,0) size 80x23
          chunk 1 text run 1 at (4800.00,2020.00) startOffset 0 endOffset 11 width 80.00: "just a text"
      RenderSVGText {text} at (4900,2002) size 80x23 contains 1 chunk(s)
        RenderSVGInlineText {#text} at (0,0) size 80x23
          chunk 1 text run 1 at (4900.00,2020.00) startOffset 0 endOffset 11 width 80.00: "just a text"
      RenderSVGText {text} at (0,2102) size 80x23 contains 1 chunk(s)
        RenderSVGInlineText {#text} at (0,0) size 80x23
          chunk 1 text run 1 at (0.00,2120.00) startOffset 0 endOffset 11 width 80.00: "just a text"
      RenderSVGText {text} at (100,2102) size 80x23 contains 1 chunk(s)
        RenderSVGInlineText {#text} at (0,0) size 80x23
          chunk 1 text run 1 at (100.00,2120.00) startOffset 0 endOffset 11 width 80.00: "just a text"
      RenderSVGText {text} at (200,2102) size 80x23 contains 1 chunk(s)
        RenderSVGInlineText {#text} at (0,0) size 80x23
          chunk 1 text run 1 at (200.00,2120.00) startOffset 0 endOffset 11 width 80.00: "just a text"
      RenderSVGText {text} at (300,2102) size 80x23 contains 1 chunk(s)
        RenderSVGInlineText {#text} at (0,0) size 80x23
          chunk 1 text run 1 at (300.00,2120.00) startOffset 0 endOffset 11 width 80.00: "just a text"
      RenderSVGText {text} at (400,2102) size 80x23 contains 1 chunk(s)
        RenderSVGInlineText {#text} at (0,0) size 80x23
          chunk 1 text run 1 at (400.00,2120.00) startOffset 0 endOffset 11 width 80.00: "just a text"
      RenderSVGText {text} at (500,2102) size 80x23 contains 1 chunk(s)
        RenderSVGInlineText {#text} at (0,0) size 80x23
          chunk 1 text run 1 at (500.00,2120.00) startOffset 0 endOffset 11 width 80.00: "just a text"
      RenderSVGText {text} at (600,2102) size 80x23 contains 1 chunk(s)
        RenderSVGInlineText {#text} at (0,0) size 80x23
          chunk 1 text run 1 at (600.00,2120.00) startOffset 0 endOffset 11 width 80.00: "just a text"
      RenderSVGText {text} at (700,2102) size 80x23 contains 1 chunk(s)
        RenderSVGInlineText {#text} at (0,0) size 80x23
          chunk 1 text run 1 at (700.00,2120.00) startOffset 0 endOffset 11 width 80.00: "just a text"
      RenderSVGText {text} at (800,2102) size 80x23 contains 1 chunk(s)
        RenderSVGInlineText {#text} at (0,0) size 80x23
          chunk 1 text run 1 at (800.00,2120.00) startOffset 0 endOffset 11 width 80.00: "just a text"
      RenderSVGText {text} at (900,2102) size 80x23 contains 1 chunk(s)
        RenderSVGInlineText {#text} at (0,0) size 80x23
          chunk 1 text run 1 at (900.00,2120.00) startOffset 0 endOffset 11 width 80.00: "just a text"
      RenderSVGText {text} at (1000,2102) size 80x23 contains 1 chunk(s)
        RenderSVGInlineText {#text} at (0,0) size 80x23
          chunk 1 text run 1 at (1000.00,2120.00) startOffset 0 endOffset 11 width 80.00: "just a text"
      RenderSVGText {text} at (1100,2102) size 80x23 contains 1 chunk(s)
        RenderSVGInlineText {#text} at (0,0) size 80x23
          chunk 1 text run 1 at (1100.00,2120.00) startOffset 0 endOffset 11 width 80.00: "just a text"
      RenderSVGText {text} at (1200,2102) size 80x23 contains 1 chunk(s)
        RenderSVGInlineText {#text} at (0,0) size 80x23
          chunk 1 text run 1 at (1200.00,2120.00) startOffset 0 endOffset 11 width 80.00: "just a text"
      RenderSVGText {text} at (1300,2102) size 80x23 contains 1 chunk(s)
        RenderSVGInlineText {#text} at (0,0) size 80x23
          chunk 1 text run 1 at (1300.00,2120.00) startOffset 0 endOffset 11 width 80.00: "just a text"
      RenderSVGText {text} at (1400,2102) size 80x23 contains 1 chunk(s)
        RenderSVGInlineText {#text} at (0,0) size 80x23
          chunk 1 text run 1 at (1400.00,2120.00) startOffset 0 endOffset 11 width 80.00: "just a text"
      RenderSVGText {text} at (1500,2102) size 80x23 contains 1 chunk(s)
        RenderSVGInlineText {#text} at (0,0) size 80x23
          chunk 1 text run 1 at (1500.00,2120.00) startOffset 0 endOffset 11 width 80.00: "just a text"
      RenderSVGText {text} at (1600,2102) size 80x23 contains 1 chunk(s)
        RenderSVGInlineText {#text} at (0,0) size 80x23
          chunk 1 text run 1 at (1600.00,2120.00) startOffset 0 endOffset 11 width 80.00: "just a text"
      RenderSVGText {text} at (1700,2102) size 80x23 contains 1 chunk(s)
        RenderSVGInlineText {#text} at (0,0) size 80x23
          chunk 1 text run 1 at (1700.00,2120.00) startOffset 0 endOffset 11 width 80.00: "just a text"
      RenderSVGText {text} at (1800,2102) size 80x23 contains 1 chunk(s)
        RenderSVGInlineText {#text} at (0,0) size 80x23
          chunk 1 text run 1 at (1800.00,2120.00) startOffset 0 endOffset 11 width 80.00: "just a text"
      RenderSVGText {text} at (1900,2102) size 80x23 contains 1 chunk(s)
        RenderSVGInlineText {#text} at (0,0) size 80x23
          chunk 1 text run 1 at (1900.00,2120.00) startOffset 0 endOffset 11 width 80.00: "just a text"
      RenderSVGText {text} at (2000,2102) size 80x23 contains 1 chunk(s)
        RenderSVGInlineText {#text} at (0,0) size 80x23
          chunk 1 text run 1 at (2000.00,2120.00) startOffset 0 endOffset 11 width 80.00: "just a text"
      RenderSVGText {text} at (2100,2102) size 80x23 contains 1 chunk(s)
        RenderSVGInlineText {#text} at (0,0) size 80x23
          chunk 1 text run 1 at (2100.00,2120.00) startOffset 0 endOffset 11 width 80.00: "just a text"
      RenderSVGText {text} at (2200,2102) size 80x23 contains 1 chunk(s)
        RenderSVGInlineText {#text} at (0,0) size 80x23
          chunk 1 text run 1 at (2200.00,2120.00) startOffset 0 endOffset 11 width 80.00: "just a text"
      RenderSVGText {text} at (2300,2102) size 80x23 contains 1 chunk(s)
        RenderSVGInlineText {#text} at (0,0) size 80x23
          chunk 1 text run 1 at (2300.00,2120.00) startOffset 0 endOffset 11 width 80.00: "just a text"
      RenderSVGText {text} at (2400,2102) size 80x23 contains 1 chunk(s)
        RenderSVGInlineText {#text} at (0,0) size 80x23
          chunk 1 text run 1 at (2400.00,2120.00) startOffset 0 endOffset 11 width 80.00: "just a text"
      RenderSVGText {text} at (2500,2102) size 80x23 contains 1 chunk(s)
        RenderSVGInlineText {#text} at (0,0) size 80x23
          chunk 1 text run 1 at (2500.00,2120.00) startOffset 0 endOffset 11 width 80.00: "just a text"
      RenderSVGText {text} at (2600,2102) size 80x23 contains 1 chunk(s)
        RenderSVGInlineText {#text} at (0,0) size 80x23
          chunk 1 text run 1 at (2600.00,2120.00) startOffset 0 endOffset 11 width 80.00: "just a text"
      RenderSVGText {text} at (2700,2102) size 80x23 contains 1 chunk(s)
        RenderSVGInlineText {#text} at (0,0) size 80x23
          chunk 1 text run 1 at (2700.00,2120.00) startOffset 0 endOffset 11 width 80.00: "just a text"
      RenderSVGText {text} at (2800,2102) size 80x23 contains 1 chunk(s)
        RenderSVGInlineText {#text} at (0,0) size 80x23
          chunk 1 text run 1 at (2800.00,2120.00) startOffset 0 endOffset 11 width 80.00: "just a text"
      RenderSVGText {text} at (2900,2102) size 80x23 contains 1 chunk(s)
        RenderSVGInlineText {#text} at (0,0) size 80x23
          chunk 1 text run 1 at (2900.00,2120.00) startOffset 0 endOffset 11 width 80.00: "just a text"
      RenderSVGText {text} at (3000,2102) size 80x23 contains 1 chunk(s)
        RenderSVGInlineText {#text} at (0,0) size 80x23
          chunk 1 text run 1 at (3000.00,2120.00) startOffset 0 endOffset 11 width 80.00: "just a text"
      RenderSVGText {text} at (3100,2102) size 80x23 contains 1 chunk(s)
        RenderSVGInlineText {#text} at (0,0) size 80x23
          chunk 1 text run 1 at (3100.00,2120.00) startOffset 0 endOffset 11 width 80.00: "just a text"
      RenderSVGText {text} at (3200,2102) size 80x23 contains 1 chunk(s)
        RenderSVGInlineText {#text} at (0,0) size 80x23
          chunk 1 text run 1 at (3200.00,2120.00) startOffset 0 endOffset 11 width 80.00: "just a text"
      RenderSVGText {text} at (3300,2102) size 80x23 contains 1 chunk(s)
        RenderSVGInlineText {#text} at (0,0) size 80x23
          chunk 1 text run 1 at (3300.00,2120.00) startOffset 0 endOffset 11 width 80.00: "just a text"
      RenderSVGText {text} at (3400,2102) size 80x23 contains 1 chunk(s)
        RenderSVGInlineText {#text} at (0,0) size 80x23
          chunk 1 text run 1 at (3400.00,2120.00) startOffset 0 endOffset 11 width 80.00: "just a text"
      RenderSVGText {text} at (3500,2102) size 80x23 contains 1 chunk(s)
        RenderSVGInlineText {#text} at (0,0) size 80x23
          chunk 1 text run 1 at (3500.00,2120.00) startOffset 0 endOffset 11 width 80.00: "just a text"
      RenderSVGText {text} at (3600,2102) size 80x23 contains 1 chunk(s)
        RenderSVGInlineText {#text} at (0,0) size 80x23
          chunk 1 text run 1 at (3600.00,2120.00) startOffset 0 endOffset 11 width 80.00: "just a text"
      RenderSVGText {text} at (3700,2102) size 80x23 contains 1 chunk(s)
        RenderSVGInlineText {#text} at (0,0) size 80x23
          chunk 1 text run 1 at (3700.00,2120.00) startOffset 0 endOffset 11 width 80.00: "just a text"
      RenderSVGText {text} at (3800,2102) size 80x23 contains 1 chunk(s)
        RenderSVGInlineText {#text} at (0,0) size 80x23
          chunk 1 text run 1 at (3800.00,2120.00) startOffset 0 endOffset 11 width 80.00: "just a text"
      RenderSVGText {text} at (3900,2102) size 80x23 contains 1 chunk(s)
        RenderSVGInlineText {#text} at (0,0) size 80x23
          chunk 1 text run 1 at (3900.00,2120.00) startOffset 0 endOffset 11 width 80.00: "just a text"
      RenderSVGText {text} at (4000,2102) size 80x23 contains 1 chunk(s)
        RenderSVGInlineText {#text} at (0,0) size 80x23
          chunk 1 text run 1 at (4000.00,2120.00) startOffset 0 endOffset 11 width 80.00: "just a text"
      RenderSVGText {text} at (4100,2102) size 80x23 contains 1 chunk(s)
        RenderSVGInlineText {#text} at (0,0) size 80x23
          chunk 1 text run 1 at (4100.00,2120.00) startOffset 0 endOffset 11 width 80.00: "just a text"
      RenderSVGText {text} at (4200,2102) size 80x23 contains 1 chunk(s)
        RenderSVGInlineText {#text} at (0,0) size 80x23
          chunk 1 text run 1 at (4200.00,2120.00) startOffset 0 endOffset 11 width 80.00: "just a text"
      RenderSVGText {text} at (4300,2102) size 80x23 contains 1 chunk(s)
        RenderSVGInlineText {#text} at (0,0) size 80x23
          chunk 1 text run 1 at (4300.00,2120.00) startOffset 0 endOffset 11 width 80.00: "just a text"
      RenderSVGText {text} at (4400,2102) size 80x23 contains 1 chunk(s)
        RenderSVGInlineText {#text} at (0,0) size 80x23
          chunk 1 text run 1 at (4400.00,2120.00) startOffset 0 endOffset 11 width 80.00: "just a text"
      RenderSVGText {text} at (4500,2102) size 80x23 contains 1 chunk(s)
        RenderSVGInlineText {#text} at (0,0) size 80x23
          chunk 1 text run 1 at (4500.00,2120.00) startOffset 0 endOffset 11 width 80.00: "just a text"
      RenderSVGText {text} at (4600,2102) size 80x23 contains 1 chunk(s)
        RenderSVGInlineText {#text} at (0,0) size 80x23
          chunk 1 text run 1 at (4600.00,2120.00) startOffset 0 endOffset 11 width 80.00: "just a text"
      RenderSVGText {text} at (4700,2102) size 80x23 contains 1 chunk(s)
        RenderSVGInlineText {#text} at (0,0) size 80x23
          chunk 1 text run 1 at (4700.00,2120.00) startOffset 0 endOffset 11 width 80.00: "just a text"
      RenderSVGText {text} at (4800,2102) size 80x23 contains 1 chunk(s)
        RenderSVGInlineText {#text} at (0,0) size 80x23
          chunk 1 text run 1 at (4800.00,2120.00) startOffset 0 endOffset 11 width 80.00: "just a text"
      RenderSVGText {text} at (4900,2102) size 80x23 contains 1 chunk(s)
        RenderSVGInlineText {#text} at (0,0) size 80x23
          chunk 1 text run 1 at (4900.00,2120.00) startOffset 0 endOffset 11 width 80.00: "just a text"
      RenderSVGText {text} at (0,2202) size 80x23 contains 1 chunk(s)
        RenderSVGInlineText {#text} at (0,0) size 80x23
          chunk 1 text run 1 at (0.00,2220.00) startOffset 0 endOffset 11 width 80.00: "just a text"
      RenderSVGText {text} at (100,2202) size 80x23 contains 1 chunk(s)
        RenderSVGInlineText {#text} at (0,0) size 80x23
          chunk 1 text run 1 at (100.00,2220.00) startOffset 0 endOffset 11 width 80.00: "just a text"
      RenderSVGText {text} at (200,2202) size 80x23 contains 1 chunk(s)
        RenderSVGInlineText {#text} at (0,0) size 80x23
          chunk 1 text run 1 at (200.00,2220.00) startOffset 0 endOffset 11 width 80.00: "just a text"
      RenderSVGText {text} at (300,2202) size 80x23 contains 1 chunk(s)
        RenderSVGInlineText {#text} at (0,0) size 80x23
          chunk 1 text run 1 at (300.00,2220.00) startOffset 0 endOffset 11 width 80.00: "just a text"
      RenderSVGText {text} at (400,2202) size 80x23 contains 1 chunk(s)
        RenderSVGInlineText {#text} at (0,0) size 80x23
          chunk 1 text run 1 at (400.00,2220.00) startOffset 0 endOffset 11 width 80.00: "just a text"
      RenderSVGText {text} at (500,2202) size 80x23 contains 1 chunk(s)
        RenderSVGInlineText {#text} at (0,0) size 80x23
          chunk 1 text run 1 at (500.00,2220.00) startOffset 0 endOffset 11 width 80.00: "just a text"
      RenderSVGText {text} at (600,2202) size 80x23 contains 1 chunk(s)
        RenderSVGInlineText {#text} at (0,0) size 80x23
          chunk 1 text run 1 at (600.00,2220.00) startOffset 0 endOffset 11 width 80.00: "just a text"
      RenderSVGText {text} at (700,2202) size 80x23 contains 1 chunk(s)
        RenderSVGInlineText {#text} at (0,0) size 80x23
          chunk 1 text run 1 at (700.00,2220.00) startOffset 0 endOffset 11 width 80.00: "just a text"
      RenderSVGText {text} at (800,2202) size 80x23 contains 1 chunk(s)
        RenderSVGInlineText {#text} at (0,0) size 80x23
          chunk 1 text run 1 at (800.00,2220.00) startOffset 0 endOffset 11 width 80.00: "just a text"
      RenderSVGText {text} at (900,2202) size 80x23 contains 1 chunk(s)
        RenderSVGInlineText {#text} at (0,0) size 80x23
          chunk 1 text run 1 at (900.00,2220.00) startOffset 0 endOffset 11 width 80.00: "just a text"
      RenderSVGText {text} at (1000,2202) size 80x23 contains 1 chunk(s)
        RenderSVGInlineText {#text} at (0,0) size 80x23
          chunk 1 text run 1 at (1000.00,2220.00) startOffset 0 endOffset 11 width 80.00: "just a text"
      RenderSVGText {text} at (1100,2202) size 80x23 contains 1 chunk(s)
        RenderSVGInlineText {#text} at (0,0) size 80x23
          chunk 1 text run 1 at (1100.00,2220.00) startOffset 0 endOffset 11 width 80.00: "just a text"
      RenderSVGText {text} at (1200,2202) size 80x23 contains 1 chunk(s)
        RenderSVGInlineText {#text} at (0,0) size 80x23
          chunk 1 text run 1 at (1200.00,2220.00) startOffset 0 endOffset 11 width 80.00: "just a text"
      RenderSVGText {text} at (1300,2202) size 80x23 contains 1 chunk(s)
        RenderSVGInlineText {#text} at (0,0) size 80x23
          chunk 1 text run 1 at (1300.00,2220.00) startOffset 0 endOffset 11 width 80.00: "just a text"
      RenderSVGText {text} at (1400,2202) size 80x23 contains 1 chunk(s)
        RenderSVGInlineText {#text} at (0,0) size 80x23
          chunk 1 text run 1 at (1400.00,2220.00) startOffset 0 endOffset 11 width 80.00: "just a text"
      RenderSVGText {text} at (1500,2202) size 80x23 contains 1 chunk(s)
        RenderSVGInlineText {#text} at (0,0) size 80x23
          chunk 1 text run 1 at (1500.00,2220.00) startOffset 0 endOffset 11 width 80.00: "just a text"
      RenderSVGText {text} at (1600,2202) size 80x23 contains 1 chunk(s)
        RenderSVGInlineText {#text} at (0,0) size 80x23
          chunk 1 text run 1 at (1600.00,2220.00) startOffset 0 endOffset 11 width 80.00: "just a text"
      RenderSVGText {text} at (1700,2202) size 80x23 contains 1 chunk(s)
        RenderSVGInlineText {#text} at (0,0) size 80x23
          chunk 1 text run 1 at (1700.00,2220.00) startOffset 0 endOffset 11 width 80.00: "just a text"
      RenderSVGText {text} at (1800,2202) size 80x23 contains 1 chunk(s)
        RenderSVGInlineText {#text} at (0,0) size 80x23
          chunk 1 text run 1 at (1800.00,2220.00) startOffset 0 endOffset 11 width 80.00: "just a text"
      RenderSVGText {text} at (1900,2202) size 80x23 contains 1 chunk(s)
        RenderSVGInlineText {#text} at (0,0) size 80x23
          chunk 1 text run 1 at (1900.00,2220.00) startOffset 0 endOffset 11 width 80.00: "just a text"
      RenderSVGText {text} at (2000,2202) size 80x23 contains 1 chunk(s)
        RenderSVGInlineText {#text} at (0,0) size 80x23
          chunk 1 text run 1 at (2000.00,2220.00) startOffset 0 endOffset 11 width 80.00: "just a text"
      RenderSVGText {text} at (2100,2202) size 80x23 contains 1 chunk(s)
        RenderSVGInlineText {#text} at (0,0) size 80x23
          chunk 1 text run 1 at (2100.00,2220.00) startOffset 0 endOffset 11 width 80.00: "just a text"
      RenderSVGText {text} at (2200,2202) size 80x23 contains 1 chunk(s)
        RenderSVGInlineText {#text} at (0,0) size 80x23
          chunk 1 text run 1 at (2200.00,2220.00) startOffset 0 endOffset 11 width 80.00: "just a text"
      RenderSVGText {text} at (2300,2202) size 80x23 contains 1 chunk(s)
        RenderSVGInlineText {#text} at (0,0) size 80x23
          chunk 1 text run 1 at (2300.00,2220.00) startOffset 0 endOffset 11 width 80.00: "just a text"
      RenderSVGText {text} at (2400,2202) size 80x23 contains 1 chunk(s)
        RenderSVGInlineText {#text} at (0,0) size 80x23
          chunk 1 text run 1 at (2400.00,2220.00) startOffset 0 endOffset 11 width 80.00: "just a text"
      RenderSVGText {text} at (2500,2202) size 80x23 contains 1 chunk(s)
        RenderSVGInlineText {#text} at (0,0) size 80x23
          chunk 1 text run 1 at (2500.00,2220.00) startOffset 0 endOffset 11 width 80.00: "just a text"
      RenderSVGText {text} at (2600,2202) size 80x23 contains 1 chunk(s)
        RenderSVGInlineText {#text} at (0,0) size 80x23
          chunk 1 text run 1 at (2600.00,2220.00) startOffset 0 endOffset 11 width 80.00: "just a text"
      RenderSVGText {text} at (2700,2202) size 80x23 contains 1 chunk(s)
        RenderSVGInlineText {#text} at (0,0) size 80x23
          chunk 1 text run 1 at (2700.00,2220.00) startOffset 0 endOffset 11 width 80.00: "just a text"
      RenderSVGText {text} at (2800,2202) size 80x23 contains 1 chunk(s)
        RenderSVGInlineText {#text} at (0,0) size 80x23
          chunk 1 text run 1 at (2800.00,2220.00) startOffset 0 endOffset 11 width 80.00: "just a text"
      RenderSVGText {text} at (2900,2202) size 80x23 contains 1 chunk(s)
        RenderSVGInlineText {#text} at (0,0) size 80x23
          chunk 1 text run 1 at (2900.00,2220.00) startOffset 0 endOffset 11 width 80.00: "just a text"
      RenderSVGText {text} at (3000,2202) size 80x23 contains 1 chunk(s)
        RenderSVGInlineText {#text} at (0,0) size 80x23
          chunk 1 text run 1 at (3000.00,2220.00) startOffset 0 endOffset 11 width 80.00: "just a text"
      RenderSVGText {text} at (3100,2202) size 80x23 contains 1 chunk(s)
        RenderSVGInlineText {#text} at (0,0) size 80x23
          chunk 1 text run 1 at (3100.00,2220.00) startOffset 0 endOffset 11 width 80.00: "just a text"
      RenderSVGText {text} at (3200,2202) size 80x23 contains 1 chunk(s)
        RenderSVGInlineText {#text} at (0,0) size 80x23
          chunk 1 text run 1 at (3200.00,2220.00) startOffset 0 endOffset 11 width 80.00: "just a text"
      RenderSVGText {text} at (3300,2202) size 80x23 contains 1 chunk(s)
        RenderSVGInlineText {#text} at (0,0) size 80x23
          chunk 1 text run 1 at (3300.00,2220.00) startOffset 0 endOffset 11 width 80.00: "just a text"
      RenderSVGText {text} at (3400,2202) size 80x23 contains 1 chunk(s)
        RenderSVGInlineText {#text} at (0,0) size 80x23
          chunk 1 text run 1 at (3400.00,2220.00) startOffset 0 endOffset 11 width 80.00: "just a text"
      RenderSVGText {text} at (3500,2202) size 80x23 contains 1 chunk(s)
        RenderSVGInlineText {#text} at (0,0) size 80x23
          chunk 1 text run 1 at (3500.00,2220.00) startOffset 0 endOffset 11 width 80.00: "just a text"
      RenderSVGText {text} at (3600,2202) size 80x23 contains 1 chunk(s)
        RenderSVGInlineText {#text} at (0,0) size 80x23
          chunk 1 text run 1 at (3600.00,2220.00) startOffset 0 endOffset 11 width 80.00: "just a text"
      RenderSVGText {text} at (3700,2202) size 80x23 contains 1 chunk(s)
        RenderSVGInlineText {#text} at (0,0) size 80x23
          chunk 1 text run 1 at (3700.00,2220.00) startOffset 0 endOffset 11 width 80.00: "just a text"
      RenderSVGText {text} at (3800,2202) size 80x23 contains 1 chunk(s)
        RenderSVGInlineText {#text} at (0,0) size 80x23
          chunk 1 text run 1 at (3800.00,2220.00) startOffset 0 endOffset 11 width 80.00: "just a text"
      RenderSVGText {text} at (3900,2202) size 80x23 contains 1 chunk(s)
        RenderSVGInlineText {#text} at (0,0) size 80x23
          chunk 1 text run 1 at (3900.00,2220.00) startOffset 0 endOffset 11 width 80.00: "just a text"
      RenderSVGText {text} at (4000,2202) size 80x23 contains 1 chunk(s)
        RenderSVGInlineText {#text} at (0,0) size 80x23
          chunk 1 text run 1 at (4000.00,2220.00) startOffset 0 endOffset 11 width 80.00: "just a text"
      RenderSVGText {text} at (4100,2202) size 80x23 contains 1 chunk(s)
        RenderSVGInlineText {#text} at (0,0) size 80x23
          chunk 1 text run 1 at (4100.00,2220.00) startOffset 0 endOffset 11 width 80.00: "just a text"
      RenderSVGText {text} at (4200,2202) size 80x23 contains 1 chunk(s)
        RenderSVGInlineText {#text} at (0,0) size 80x23
          chunk 1 text run 1 at (4200.00,2220.00) startOffset 0 endOffset 11 width 80.00: "just a text"
      RenderSVGText {text} at (4300,2202) size 80x23 contains 1 chunk(s)
        RenderSVGInlineText {#text} at (0,0) size 80x23
          chunk 1 text run 1 at (4300.00,2220.00) startOffset 0 endOffset 11 width 80.00: "just a text"
      RenderSVGText {text} at (4400,2202) size 80x23 contains 1 chunk(s)
        RenderSVGInlineText {#text} at (0,0) size 80x23
          chunk 1 text run 1 at (4400.00,2220.00) startOffset 0 endOffset 11 width 80.00: "just a text"
      RenderSVGText {text} at (4500,2202) size 80x23 contains 1 chunk(s)
        RenderSVGInlineText {#text} at (0,0) size 80x23
          chunk 1 text run 1 at (4500.00,2220.00) startOffset 0 endOffset 11 width 80.00: "just a text"
      RenderSVGText {text} at (4600,2202) size 80x23 contains 1 chunk(s)
        RenderSVGInlineText {#text} at (0,0) size 80x23
          chunk 1 text run 1 at (4600.00,2220.00) startOffset 0 endOffset 11 width 80.00: "just a text"
      RenderSVGText {text} at (4700,2202) size 80x23 contains 1 chunk(s)
        RenderSVGInlineText {#text} at (0,0) size 80x23
          chunk 1 text run 1 at (4700.00,2220.00) startOffset 0 endOffset 11 width 80.00: "just a text"
      RenderSVGText {text} at (4800,2202) size 80x23 contains 1 chunk(s)
        RenderSVGInlineText {#text} at (0,0) size 80x23
          chunk 1 text run 1 at (4800.00,2220.00) startOffset 0 endOffset 11 width 80.00: "just a text"
      RenderSVGText {text} at (4900,2202) size 80x23 contains 1 chunk(s)
        RenderSVGInlineText {#text} at (0,0) size 80x23
          chunk 1 text run 1 at (4900.00,2220.00) startOffset 0 endOffset 11 width 80.00: "just a text"
      RenderSVGText {text} at (0,2302) size 80x23 contains 1 chunk(s)
        RenderSVGInlineText {#text} at (0,0) size 80x23
          chunk 1 text run 1 at (0.00,2320.00) startOffset 0 endOffset 11 width 80.00: "just a text"
      RenderSVGText {text} at (100,2302) size 80x23 contains 1 chunk(s)
        RenderSVGInlineText {#text} at (0,0) size 80x23
          chunk 1 text run 1 at (100.00,2320.00) startOffset 0 endOffset 11 width 80.00: "just a text"
      RenderSVGText {text} at (200,2302) size 80x23 contains 1 chunk(s)
        RenderSVGInlineText {#text} at (0,0) size 80x23
          chunk 1 text run 1 at (200.00,2320.00) startOffset 0 endOffset 11 width 80.00: "just a text"
      RenderSVGText {text} at (300,2302) size 80x23 contains 1 chunk(s)
        RenderSVGInlineText {#text} at (0,0) size 80x23
          chunk 1 text run 1 at (300.00,2320.00) startOffset 0 endOffset 11 width 80.00: "just a text"
      RenderSVGText {text} at (400,2302) size 80x23 contains 1 chunk(s)
        RenderSVGInlineText {#text} at (0,0) size 80x23
          chunk 1 text run 1 at (400.00,2320.00) startOffset 0 endOffset 11 width 80.00: "just a text"
      RenderSVGText {text} at (500,2302) size 80x23 contains 1 chunk(s)
        RenderSVGInlineText {#text} at (0,0) size 80x23
          chunk 1 text run 1 at (500.00,2320.00) startOffset 0 endOffset 11 width 80.00: "just a text"
      RenderSVGText {text} at (600,2302) size 80x23 contains 1 chunk(s)
        RenderSVGInlineText {#text} at (0,0) size 80x23
          chunk 1 text run 1 at (600.00,2320.00) startOffset 0 endOffset 11 width 80.00: "just a text"
      RenderSVGText {text} at (700,2302) size 80x23 contains 1 chunk(s)
        RenderSVGInlineText {#text} at (0,0) size 80x23
          chunk 1 text run 1 at (700.00,2320.00) startOffset 0 endOffset 11 width 80.00: "just a text"
      RenderSVGText {text} at (800,2302) size 80x23 contains 1 chunk(s)
        RenderSVGInlineText {#text} at (0,0) size 80x23
          chunk 1 text run 1 at (800.00,2320.00) startOffset 0 endOffset 11 width 80.00: "just a text"
      RenderSVGText {text} at (900,2302) size 80x23 contains 1 chunk(s)
        RenderSVGInlineText {#text} at (0,0) size 80x23
          chunk 1 text run 1 at (900.00,2320.00) startOffset 0 endOffset 11 width 80.00: "just a text"
      RenderSVGText {text} at (1000,2302) size 80x23 contains 1 chunk(s)
        RenderSVGInlineText {#text} at (0,0) size 80x23
          chunk 1 text run 1 at (1000.00,2320.00) startOffset 0 endOffset 11 width 80.00: "just a text"
      RenderSVGText {text} at (1100,2302) size 80x23 contains 1 chunk(s)
        RenderSVGInlineText {#text} at (0,0) size 80x23
          chunk 1 text run 1 at (1100.00,2320.00) startOffset 0 endOffset 11 width 80.00: "just a text"
      RenderSVGText {text} at (1200,2302) size 80x23 contains 1 chunk(s)
        RenderSVGInlineText {#text} at (0,0) size 80x23
          chunk 1 text run 1 at (1200.00,2320.00) startOffset 0 endOffset 11 width 80.00: "just a text"
      RenderSVGText {text} at (1300,2302) size 80x23 contains 1 chunk(s)
        RenderSVGInlineText {#text} at (0,0) size 80x23
          chunk 1 text run 1 at (1300.00,2320.00) startOffset 0 endOffset 11 width 80.00: "just a text"
      RenderSVGText {text} at (1400,2302) size 80x23 contains 1 chunk(s)
        RenderSVGInlineText {#text} at (0,0) size 80x23
          chunk 1 text run 1 at (1400.00,2320.00) startOffset 0 endOffset 11 width 80.00: "just a text"
      RenderSVGText {text} at (1500,2302) size 80x23 contains 1 chunk(s)
        RenderSVGInlineText {#text} at (0,0) size 80x23
          chunk 1 text run 1 at (1500.00,2320.00) startOffset 0 endOffset 11 width 80.00: "just a text"
      RenderSVGText {text} at (1600,2302) size 80x23 contains 1 chunk(s)
        RenderSVGInlineText {#text} at (0,0) size 80x23
          chunk 1 text run 1 at (1600.00,2320.00) startOffset 0 endOffset 11 width 80.00: "just a text"
      RenderSVGText {text} at (1700,2302) size 80x23 contains 1 chunk(s)
        RenderSVGInlineText {#text} at (0,0) size 80x23
          chunk 1 text run 1 at (1700.00,2320.00) startOffset 0 endOffset 11 width 80.00: "just a text"
      RenderSVGText {text} at (1800,2302) size 80x23 contains 1 chunk(s)
        RenderSVGInlineText {#text} at (0,0) size 80x23
          chunk 1 text run 1 at (1800.00,2320.00) startOffset 0 endOffset 11 width 80.00: "just a text"
      RenderSVGText {text} at (1900,2302) size 80x23 contains 1 chunk(s)
        RenderSVGInlineText {#text} at (0,0) size 80x23
          chunk 1 text run 1 at (1900.00,2320.00) startOffset 0 endOffset 11 width 80.00: "just a text"
      RenderSVGText {text} at (2000,2302) size 80x23 contains 1 chunk(s)
        RenderSVGInlineText {#text} at (0,0) size 80x23
          chunk 1 text run 1 at (2000.00,2320.00) startOffset 0 endOffset 11 width 80.00: "just a text"
      RenderSVGText {text} at (2100,2302) size 80x23 contains 1 chunk(s)
        RenderSVGInlineText {#text} at (0,0) size 80x23
          chunk 1 text run 1 at (2100.00,2320.00) startOffset 0 endOffset 11 width 80.00: "just a text"
      RenderSVGText {text} at (2200,2302) size 80x23 contains 1 chunk(s)
        RenderSVGInlineText {#text} at (0,0) size 80x23
          chunk 1 text run 1 at (2200.00,2320.00) startOffset 0 endOffset 11 width 80.00: "just a text"
      RenderSVGText {text} at (2300,2302) size 80x23 contains 1 chunk(s)
        RenderSVGInlineText {#text} at (0,0) size 80x23
          chunk 1 text run 1 at (2300.00,2320.00) startOffset 0 endOffset 11 width 80.00: "just a text"
      RenderSVGText {text} at (2400,2302) size 80x23 contains 1 chunk(s)
        RenderSVGInlineText {#text} at (0,0) size 80x23
          chunk 1 text run 1 at (2400.00,2320.00) startOffset 0 endOffset 11 width 80.00: "just a text"
      RenderSVGText {text} at (2500,2302) size 80x23 contains 1 chunk(s)
        RenderSVGInlineText {#text} at (0,0) size 80x23
          chunk 1 text run 1 at (2500.00,2320.00) startOffset 0 endOffset 11 width 80.00: "just a text"
      RenderSVGText {text} at (2600,2302) size 80x23 contains 1 chunk(s)
        RenderSVGInlineText {#text} at (0,0) size 80x23
          chunk 1 text run 1 at (2600.00,2320.00) startOffset 0 endOffset 11 width 80.00: "just a text"
      RenderSVGText {text} at (2700,2302) size 80x23 contains 1 chunk(s)
        RenderSVGInlineText {#text} at (0,0) size 80x23
          chunk 1 text run 1 at (2700.00,2320.00) startOffset 0 endOffset 11 width 80.00: "just a text"
      RenderSVGText {text} at (2800,2302) size 80x23 contains 1 chunk(s)
        RenderSVGInlineText {#text} at (0,0) size 80x23
          chunk 1 text run 1 at (2800.00,2320.00) startOffset 0 endOffset 11 width 80.00: "just a text"
      RenderSVGText {text} at (2900,2302) size 80x23 contains 1 chunk(s)
        RenderSVGInlineText {#text} at (0,0) size 80x23
          chunk 1 text run 1 at (2900.00,2320.00) startOffset 0 endOffset 11 width 80.00: "just a text"
      RenderSVGText {text} at (3000,2302) size 80x23 contains 1 chunk(s)
        RenderSVGInlineText {#text} at (0,0) size 80x23
          chunk 1 text run 1 at (3000.00,2320.00) startOffset 0 endOffset 11 width 80.00: "just a text"
      RenderSVGText {text} at (3100,2302) size 80x23 contains 1 chunk(s)
        RenderSVGInlineText {#text} at (0,0) size 80x23
          chunk 1 text run 1 at (3100.00,2320.00) startOffset 0 endOffset 11 width 80.00: "just a text"
      RenderSVGText {text} at (3200,2302) size 80x23 contains 1 chunk(s)
        RenderSVGInlineText {#text} at (0,0) size 80x23
          chunk 1 text run 1 at (3200.00,2320.00) startOffset 0 endOffset 11 width 80.00: "just a text"
      RenderSVGText {text} at (3300,2302) size 80x23 contains 1 chunk(s)
        RenderSVGInlineText {#text} at (0,0) size 80x23
          chunk 1 text run 1 at (3300.00,2320.00) startOffset 0 endOffset 11 width 80.00: "just a text"
      RenderSVGText {text} at (3400,2302) size 80x23 contains 1 chunk(s)
        RenderSVGInlineText {#text} at (0,0) size 80x23
          chunk 1 text run 1 at (3400.00,2320.00) startOffset 0 endOffset 11 width 80.00: "just a text"
      RenderSVGText {text} at (3500,2302) size 80x23 contains 1 chunk(s)
        RenderSVGInlineText {#text} at (0,0) size 80x23
          chunk 1 text run 1 at (3500.00,2320.00) startOffset 0 endOffset 11 width 80.00: "just a text"
      RenderSVGText {text} at (3600,2302) size 80x23 contains 1 chunk(s)
        RenderSVGInlineText {#text} at (0,0) size 80x23
          chunk 1 text run 1 at (3600.00,2320.00) startOffset 0 endOffset 11 width 80.00: "just a text"
      RenderSVGText {text} at (3700,2302) size 80x23 contains 1 chunk(s)
        RenderSVGInlineText {#text} at (0,0) size 80x23
          chunk 1 text run 1 at (3700.00,2320.00) startOffset 0 endOffset 11 width 80.00: "just a text"
      RenderSVGText {text} at (3800,2302) size 80x23 contains 1 chunk(s)
        RenderSVGInlineText {#text} at (0,0) size 80x23
          chunk 1 text run 1 at (3800.00,2320.00) startOffset 0 endOffset 11 width 80.00: "just a text"
      RenderSVGText {text} at (3900,2302) size 80x23 contains 1 chunk(s)
        RenderSVGInlineText {#text} at (0,0) size 80x23
          chunk 1 text run 1 at (3900.00,2320.00) startOffset 0 endOffset 11 width 80.00: "just a text"
      RenderSVGText {text} at (4000,2302) size 80x23 contains 1 chunk(s)
        RenderSVGInlineText {#text} at (0,0) size 80x23
          chunk 1 text run 1 at (4000.00,2320.00) startOffset 0 endOffset 11 width 80.00: "just a text"
      RenderSVGText {text} at (4100,2302) size 80x23 contains 1 chunk(s)
        RenderSVGInlineText {#text} at (0,0) size 80x23
          chunk 1 text run 1 at (4100.00,2320.00) startOffset 0 endOffset 11 width 80.00: "just a text"
      RenderSVGText {text} at (4200,2302) size 80x23 contains 1 chunk(s)
        RenderSVGInlineText {#text} at (0,0) size 80x23
          chunk 1 text run 1 at (4200.00,2320.00) startOffset 0 endOffset 11 width 80.00: "just a text"
      RenderSVGText {text} at (4300,2302) size 80x23 contains 1 chunk(s)
        RenderSVGInlineText {#text} at (0,0) size 80x23
          chunk 1 text run 1 at (4300.00,2320.00) startOffset 0 endOffset 11 width 80.00: "just a text"
      RenderSVGText {text} at (4400,2302) size 80x23 contains 1 chunk(s)
        RenderSVGInlineText {#text} at (0,0) size 80x23
          chunk 1 text run 1 at (4400.00,2320.00) startOffset 0 endOffset 11 width 80.00: "just a text"
      RenderSVGText {text} at (4500,2302) size 80x23 contains 1 chunk(s)
        RenderSVGInlineText {#text} at (0,0) size 80x23
          chunk 1 text run 1 at (4500.00,2320.00) startOffset 0 endOffset 11 width 80.00: "just a text"
      RenderSVGText {text} at (4600,2302) size 80x23 contains 1 chunk(s)
        RenderSVGInlineText {#text} at (0,0) size 80x23
          chunk 1 text run 1 at (4600.00,2320.00) startOffset 0 endOffset 11 width 80.00: "just a text"
      RenderSVGText {text} at (4700,2302) size 80x23 contains 1 chunk(s)
        RenderSVGInlineText {#text} at (0,0) size 80x23
          chunk 1 text run 1 at (4700.00,2320.00) startOffset 0 endOffset 11 width 80.00: "just a text"
      RenderSVGText {text} at (4800,2302) size 80x23 contains 1 chunk(s)
        RenderSVGInlineText {#text} at (0,0) size 80x23
          chunk 1 text run 1 at (4800.00,2320.00) startOffset 0 endOffset 11 width 80.00: "just a text"
      RenderSVGText {text} at (4900,2302) size 80x23 contains 1 chunk(s)
        RenderSVGInlineText {#text} at (0,0) size 80x23
          chunk 1 text run 1 at (4900.00,2320.00) startOffset 0 endOffset 11 width 80.00: "just a text"
      RenderSVGText {text} at (0,2402) size 80x23 contains 1 chunk(s)
        RenderSVGInlineText {#text} at (0,0) size 80x23
          chunk 1 text run 1 at (0.00,2420.00) startOffset 0 endOffset 11 width 80.00: "just a text"
      RenderSVGText {text} at (100,2402) size 80x23 contains 1 chunk(s)
        RenderSVGInlineText {#text} at (0,0) size 80x23
          chunk 1 text run 1 at (100.00,2420.00) startOffset 0 endOffset 11 width 80.00: "just a text"
      RenderSVGText {text} at (200,2402) size 80x23 contains 1 chunk(s)
        RenderSVGInlineText {#text} at (0,0) size 80x23
          chunk 1 text run 1 at (200.00,2420.00) startOffset 0 endOffset 11 width 80.00: "just a text"
      RenderSVGText {text} at (300,2402) size 80x23 contains 1 chunk(s)
        RenderSVGInlineText {#text} at (0,0) size 80x23
          chunk 1 text run 1 at (300.00,2420.00) startOffset 0 endOffset 11 width 80.00: "just a text"
      RenderSVGText {text} at (400,2402) size 80x23 contains 1 chunk(s)
        RenderSVGInlineText {#text} at (0,0) size 80x23
          chunk 1 text run 1 at (400.00,2420.00) startOffset 0 endOffset 11 width 80.00: "just a text"
      RenderSVGText {text} at (500,2402) size 80x23 contains 1 chunk(s)
        RenderSVGInlineText {#text} at (0,0) size 80x23
          chunk 1 text run 1 at (500.00,2420.00) startOffset 0 endOffset 11 width 80.00: "just a text"
      RenderSVGText {text} at (600,2402) size 80x23 contains 1 chunk(s)
        RenderSVGInlineText {#text} at (0,0) size 80x23
          chunk 1 text run 1 at (600.00,2420.00) startOffset 0 endOffset 11 width 80.00: "just a text"
      RenderSVGText {text} at (700,2402) size 80x23 contains 1 chunk(s)
        RenderSVGInlineText {#text} at (0,0) size 80x23
          chunk 1 text run 1 at (700.00,2420.00) startOffset 0 endOffset 11 width 80.00: "just a text"
      RenderSVGText {text} at (800,2402) size 80x23 contains 1 chunk(s)
        RenderSVGInlineText {#text} at (0,0) size 80x23
          chunk 1 text run 1 at (800.00,2420.00) startOffset 0 endOffset 11 width 80.00: "just a text"
      RenderSVGText {text} at (900,2402) size 80x23 contains 1 chunk(s)
        RenderSVGInlineText {#text} at (0,0) size 80x23
          chunk 1 text run 1 at (900.00,2420.00) startOffset 0 endOffset 11 width 80.00: "just a text"
      RenderSVGText {text} at (1000,2402) size 80x23 contains 1 chunk(s)
        RenderSVGInlineText {#text} at (0,0) size 80x23
          chunk 1 text run 1 at (1000.00,2420.00) startOffset 0 endOffset 11 width 80.00: "just a text"
      RenderSVGText {text} at (1100,2402) size 80x23 contains 1 chunk(s)
        RenderSVGInlineText {#text} at (0,0) size 80x23
          chunk 1 text run 1 at (1100.00,2420.00) startOffset 0 endOffset 11 width 80.00: "just a text"
      RenderSVGText {text} at (1200,2402) size 80x23 contains 1 chunk(s)
        RenderSVGInlineText {#text} at (0,0) size 80x23
          chunk 1 text run 1 at (1200.00,2420.00) startOffset 0 endOffset 11 width 80.00: "just a text"
      RenderSVGText {text} at (1300,2402) size 80x23 contains 1 chunk(s)
        RenderSVGInlineText {#text} at (0,0) size 80x23
          chunk 1 text run 1 at (1300.00,2420.00) startOffset 0 endOffset 11 width 80.00: "just a text"
      RenderSVGText {text} at (1400,2402) size 80x23 contains 1 chunk(s)
        RenderSVGInlineText {#text} at (0,0) size 80x23
          chunk 1 text run 1 at (1400.00,2420.00) startOffset 0 endOffset 11 width 80.00: "just a text"
      RenderSVGText {text} at (1500,2402) size 80x23 contains 1 chunk(s)
        RenderSVGInlineText {#text} at (0,0) size 80x23
          chunk 1 text run 1 at (1500.00,2420.00) startOffset 0 endOffset 11 width 80.00: "just a text"
      RenderSVGText {text} at (1600,2402) size 80x23 contains 1 chunk(s)
        RenderSVGInlineText {#text} at (0,0) size 80x23
          chunk 1 text run 1 at (1600.00,2420.00) startOffset 0 endOffset 11 width 80.00: "just a text"
      RenderSVGText {text} at (1700,2402) size 80x23 contains 1 chunk(s)
        RenderSVGInlineText {#text} at (0,0) size 80x23
          chunk 1 text run 1 at (1700.00,2420.00) startOffset 0 endOffset 11 width 80.00: "just a text"
      RenderSVGText {text} at (1800,2402) size 80x23 contains 1 chunk(s)
        RenderSVGInlineText {#text} at (0,0) size 80x23
          chunk 1 text run 1 at (1800.00,2420.00) startOffset 0 endOffset 11 width 80.00: "just a text"
      RenderSVGText {text} at (1900,2402) size 80x23 contains 1 chunk(s)
        RenderSVGInlineText {#text} at (0,0) size 80x23
          chunk 1 text run 1 at (1900.00,2420.00) startOffset 0 endOffset 11 width 80.00: "just a text"
      RenderSVGText {text} at (2000,2402) size 80x23 contains 1 chunk(s)
        RenderSVGInlineText {#text} at (0,0) size 80x23
          chunk 1 text run 1 at (2000.00,2420.00) startOffset 0 endOffset 11 width 80.00: "just a text"
      RenderSVGText {text} at (2100,2402) size 80x23 contains 1 chunk(s)
        RenderSVGInlineText {#text} at (0,0) size 80x23
          chunk 1 text run 1 at (2100.00,2420.00) startOffset 0 endOffset 11 width 80.00: "just a text"
      RenderSVGText {text} at (2200,2402) size 80x23 contains 1 chunk(s)
        RenderSVGInlineText {#text} at (0,0) size 80x23
          chunk 1 text run 1 at (2200.00,2420.00) startOffset 0 endOffset 11 width 80.00: "just a text"
      RenderSVGText {text} at (2300,2402) size 80x23 contains 1 chunk(s)
        RenderSVGInlineText {#text} at (0,0) size 80x23
          chunk 1 text run 1 at (2300.00,2420.00) startOffset 0 endOffset 11 width 80.00: "just a text"
      RenderSVGText {text} at (2400,2402) size 80x23 contains 1 chunk(s)
        RenderSVGInlineText {#text} at (0,0) size 80x23
          chunk 1 text run 1 at (2400.00,2420.00) startOffset 0 endOffset 11 width 80.00: "just a text"
      RenderSVGText {text} at (2500,2402) size 80x23 contains 1 chunk(s)
        RenderSVGInlineText {#text} at (0,0) size 80x23
          chunk 1 text run 1 at (2500.00,2420.00) startOffset 0 endOffset 11 width 80.00: "just a text"
      RenderSVGText {text} at (2600,2402) size 80x23 contains 1 chunk(s)
        RenderSVGInlineText {#text} at (0,0) size 80x23
          chunk 1 text run 1 at (2600.00,2420.00) startOffset 0 endOffset 11 width 80.00: "just a text"
      RenderSVGText {text} at (2700,2402) size 80x23 contains 1 chunk(s)
        RenderSVGInlineText {#text} at (0,0) size 80x23
          chunk 1 text run 1 at (2700.00,2420.00) startOffset 0 endOffset 11 width 80.00: "just a text"
      RenderSVGText {text} at (2800,2402) size 80x23 contains 1 chunk(s)
        RenderSVGInlineText {#text} at (0,0) size 80x23
          chunk 1 text run 1 at (2800.00,2420.00) startOffset 0 endOffset 11 width 80.00: "just a text"
      RenderSVGText {text} at (2900,2402) size 80x23 contains 1 chunk(s)
        RenderSVGInlineText {#text} at (0,0) size 80x23
          chunk 1 text run 1 at (2900.00,2420.00) startOffset 0 endOffset 11 width 80.00: "just a text"
      RenderSVGText {text} at (3000,2402) size 80x23 contains 1 chunk(s)
        RenderSVGInlineText {#text} at (0,0) size 80x23
          chunk 1 text run 1 at (3000.00,2420.00) startOffset 0 endOffset 11 width 80.00: "just a text"
      RenderSVGText {text} at (3100,2402) size 80x23 contains 1 chunk(s)
        RenderSVGInlineText {#text} at (0,0) size 80x23
          chunk 1 text run 1 at (3100.00,2420.00) startOffset 0 endOffset 11 width 80.00: "just a text"
      RenderSVGText {text} at (3200,2402) size 80x23 contains 1 chunk(s)
        RenderSVGInlineText {#text} at (0,0) size 80x23
          chunk 1 text run 1 at (3200.00,2420.00) startOffset 0 endOffset 11 width 80.00: "just a text"
      RenderSVGText {text} at (3300,2402) size 80x23 contains 1 chunk(s)
        RenderSVGInlineText {#text} at (0,0) size 80x23
          chunk 1 text run 1 at (3300.00,2420.00) startOffset 0 endOffset 11 width 80.00: "just a text"
      RenderSVGText {text} at (3400,2402) size 80x23 contains 1 chunk(s)
        RenderSVGInlineText {#text} at (0,0) size 80x23
          chunk 1 text run 1 at (3400.00,2420.00) startOffset 0 endOffset 11 width 80.00: "just a text"
      RenderSVGText {text} at (3500,2402) size 80x23 contains 1 chunk(s)
        RenderSVGInlineText {#text} at (0,0) size 80x23
          chunk 1 text run 1 at (3500.00,2420.00) startOffset 0 endOffset 11 width 80.00: "just a text"
      RenderSVGText {text} at (3600,2402) size 80x23 contains 1 chunk(s)
        RenderSVGInlineText {#text} at (0,0) size 80x23
          chunk 1 text run 1 at (3600.00,2420.00) startOffset 0 endOffset 11 width 80.00: "just a text"
      RenderSVGText {text} at (3700,2402) size 80x23 contains 1 chunk(s)
        RenderSVGInlineText {#text} at (0,0) size 80x23
          chunk 1 text run 1 at (3700.00,2420.00) startOffset 0 endOffset 11 width 80.00: "just a text"
      RenderSVGText {text} at (3800,2402) size 80x23 contains 1 chunk(s)
        RenderSVGInlineText {#text} at (0,0) size 80x23
          chunk 1 text run 1 at (3800.00,2420.00) startOffset 0 endOffset 11 width 80.00: "just a text"
      RenderSVGText {text} at (3900,2402) size 80x23 contains 1 chunk(s)
        RenderSVGInlineText {#text} at (0,0) size 80x23
          chunk 1 text run 1 at (3900.00,2420.00) startOffset 0 endOffset 11 width 80.00: "just a text"
      RenderSVGText {text} at (4000,2402) size 80x23 contains 1 chunk(s)
        RenderSVGInlineText {#text} at (0,0) size 80x23
          chunk 1 text run 1 at (4000.00,2420.00) startOffset 0 endOffset 11 width 80.00: "just a text"
      RenderSVGText {text} at (4100,2402) size 80x23 contains 1 chunk(s)
        RenderSVGInlineText {#text} at (0,0) size 80x23
          chunk 1 text run 1 at (4100.00,2420.00) startOffset 0 endOffset 11 width 80.00: "just a text"
      RenderSVGText {text} at (4200,2402) size 80x23 contains 1 chunk(s)
        RenderSVGInlineText {#text} at (0,0) size 80x23
          chunk 1 text run 1 at (4200.00,2420.00) startOffset 0 endOffset 11 width 80.00: "just a text"
      RenderSVGText {text} at (4300,2402) size 80x23 contains 1 chunk(s)
        RenderSVGInlineText {#text} at (0,0) size 80x23
          chunk 1 text run 1 at (4300.00,2420.00) startOffset 0 endOffset 11 width 80.00: "just a text"
      RenderSVGText {text} at (4400,2402) size 80x23 contains 1 chunk(s)
        RenderSVGInlineText {#text} at (0,0) size 80x23
          chunk 1 text run 1 at (4400.00,2420.00) startOffset 0 endOffset 11 width 80.00: "just a text"
      RenderSVGText {text} at (4500,2402) size 80x23 contains 1 chunk(s)
        RenderSVGInlineText {#text} at (0,0) size 80x23
          chunk 1 text run 1 at (4500.00,2420.00) startOffset 0 endOffset 11 width 80.00: "just a text"
      RenderSVGText {text} at (4600,2402) size 80x23 contains 1 chunk(s)
        RenderSVGInlineText {#text} at (0,0) size 80x23
          chunk 1 text run 1 at (4600.00,2420.00) startOffset 0 endOffset 11 width 80.00: "just a text"
      RenderSVGText {text} at (4700,2402) size 80x23 contains 1 chunk(s)
        RenderSVGInlineText {#text} at (0,0) size 80x23
          chunk 1 text run 1 at (4700.00,2420.00) startOffset 0 endOffset 11 width 80.00: "just a text"
      RenderSVGText {text} at (4800,2402) size 80x23 contains 1 chunk(s)
        RenderSVGInlineText {#text} at (0,0) size 80x23
          chunk 1 text run 1 at (4800.00,2420.00) startOffset 0 endOffset 11 width 80.00: "just a text"
      RenderSVGText {text} at (4900,2402) size 80x23 contains 1 chunk(s)
        RenderSVGInlineText {#text} at (0,0) size 80x23
          chunk 1 text run 1 at (4900.00,2420.00) startOffset 0 endOffset 11 width 80.00: "just a text"
      RenderSVGText {text} at (0,2502) size 80x23 contains 1 chunk(s)
        RenderSVGInlineText {#text} at (0,0) size 80x23
          chunk 1 text run 1 at (0.00,2520.00) startOffset 0 endOffset 11 width 80.00: "just a text"
      RenderSVGText {text} at (100,2502) size 80x23 contains 1 chunk(s)
        RenderSVGInlineText {#text} at (0,0) size 80x23
          chunk 1 text run 1 at (100.00,2520.00) startOffset 0 endOffset 11 width 80.00: "just a text"
      RenderSVGText {text} at (200,2502) size 80x23 contains 1 chunk(s)
        RenderSVGInlineText {#text} at (0,0) size 80x23
          chunk 1 text run 1 at (200.00,2520.00) startOffset 0 endOffset 11 width 80.00: "just a text"
      RenderSVGText {text} at (300,2502) size 80x23 contains 1 chunk(s)
        RenderSVGInlineText {#text} at (0,0) size 80x23
          chunk 1 text run 1 at (300.00,2520.00) startOffset 0 endOffset 11 width 80.00: "just a text"
      RenderSVGText {text} at (400,2502) size 80x23 contains 1 chunk(s)
        RenderSVGInlineText {#text} at (0,0) size 80x23
          chunk 1 text run 1 at (400.00,2520.00) startOffset 0 endOffset 11 width 80.00: "just a text"
      RenderSVGText {text} at (500,2502) size 80x23 contains 1 chunk(s)
        RenderSVGInlineText {#text} at (0,0) size 80x23
          chunk 1 text run 1 at (500.00,2520.00) startOffset 0 endOffset 11 width 80.00: "just a text"
      RenderSVGText {text} at (600,2502) size 80x23 contains 1 chunk(s)
        RenderSVGInlineText {#text} at (0,0) size 80x23
          chunk 1 text run 1 at (600.00,2520.00) startOffset 0 endOffset 11 width 80.00: "just a text"
      RenderSVGText {text} at (700,2502) size 80x23 contains 1 chunk(s)
        RenderSVGInlineText {#text} at (0,0) size 80x23
          chunk 1 text run 1 at (700.00,2520.00) startOffset 0 endOffset 11 width 80.00: "just a text"
      RenderSVGText {text} at (800,2502) size 80x23 contains 1 chunk(s)
        RenderSVGInlineText {#text} at (0,0) size 80x23
          chunk 1 text run 1 at (800.00,2520.00) startOffset 0 endOffset 11 width 80.00: "just a text"
      RenderSVGText {text} at (900,2502) size 80x23 contains 1 chunk(s)
        RenderSVGInlineText {#text} at (0,0) size 80x23
          chunk 1 text run 1 at (900.00,2520.00) startOffset 0 endOffset 11 width 80.00: "just a text"
      RenderSVGText {text} at (1000,2502) size 80x23 contains 1 chunk(s)
        RenderSVGInlineText {#text} at (0,0) size 80x23
          chunk 1 text run 1 at (1000.00,2520.00) startOffset 0 endOffset 11 width 80.00: "just a text"
      RenderSVGText {text} at (1100,2502) size 80x23 contains 1 chunk(s)
        RenderSVGInlineText {#text} at (0,0) size 80x23
          chunk 1 text run 1 at (1100.00,2520.00) startOffset 0 endOffset 11 width 80.00: "just a text"
      RenderSVGText {text} at (1200,2502) size 80x23 contains 1 chunk(s)
        RenderSVGInlineText {#text} at (0,0) size 80x23
          chunk 1 text run 1 at (1200.00,2520.00) startOffset 0 endOffset 11 width 80.00: "just a text"
      RenderSVGText {text} at (1300,2502) size 80x23 contains 1 chunk(s)
        RenderSVGInlineText {#text} at (0,0) size 80x23
          chunk 1 text run 1 at (1300.00,2520.00) startOffset 0 endOffset 11 width 80.00: "just a text"
      RenderSVGText {text} at (1400,2502) size 80x23 contains 1 chunk(s)
        RenderSVGInlineText {#text} at (0,0) size 80x23
          chunk 1 text run 1 at (1400.00,2520.00) startOffset 0 endOffset 11 width 80.00: "just a text"
      RenderSVGText {text} at (1500,2502) size 80x23 contains 1 chunk(s)
        RenderSVGInlineText {#text} at (0,0) size 80x23
          chunk 1 text run 1 at (1500.00,2520.00) startOffset 0 endOffset 11 width 80.00: "just a text"
      RenderSVGText {text} at (1600,2502) size 80x23 contains 1 chunk(s)
        RenderSVGInlineText {#text} at (0,0) size 80x23
          chunk 1 text run 1 at (1600.00,2520.00) startOffset 0 endOffset 11 width 80.00: "just a text"
      RenderSVGText {text} at (1700,2502) size 80x23 contains 1 chunk(s)
        RenderSVGInlineText {#text} at (0,0) size 80x23
          chunk 1 text run 1 at (1700.00,2520.00) startOffset 0 endOffset 11 width 80.00: "just a text"
      RenderSVGText {text} at (1800,2502) size 80x23 contains 1 chunk(s)
        RenderSVGInlineText {#text} at (0,0) size 80x23
          chunk 1 text run 1 at (1800.00,2520.00) startOffset 0 endOffset 11 width 80.00: "just a text"
      RenderSVGText {text} at (1900,2502) size 80x23 contains 1 chunk(s)
        RenderSVGInlineText {#text} at (0,0) size 80x23
          chunk 1 text run 1 at (1900.00,2520.00) startOffset 0 endOffset 11 width 80.00: "just a text"
      RenderSVGText {text} at (2000,2502) size 80x23 contains 1 chunk(s)
        RenderSVGInlineText {#text} at (0,0) size 80x23
          chunk 1 text run 1 at (2000.00,2520.00) startOffset 0 endOffset 11 width 80.00: "just a text"
      RenderSVGText {text} at (2100,2502) size 80x23 contains 1 chunk(s)
        RenderSVGInlineText {#text} at (0,0) size 80x23
          chunk 1 text run 1 at (2100.00,2520.00) startOffset 0 endOffset 11 width 80.00: "just a text"
      RenderSVGText {text} at (2200,2502) size 80x23 contains 1 chunk(s)
        RenderSVGInlineText {#text} at (0,0) size 80x23
          chunk 1 text run 1 at (2200.00,2520.00) startOffset 0 endOffset 11 width 80.00: "just a text"
      RenderSVGText {text} at (2300,2502) size 80x23 contains 1 chunk(s)
        RenderSVGInlineText {#text} at (0,0) size 80x23
          chunk 1 text run 1 at (2300.00,2520.00) startOffset 0 endOffset 11 width 80.00: "just a text"
      RenderSVGText {text} at (2400,2502) size 80x23 contains 1 chunk(s)
        RenderSVGInlineText {#text} at (0,0) size 80x23
          chunk 1 text run 1 at (2400.00,2520.00) startOffset 0 endOffset 11 width 80.00: "just a text"
      RenderSVGText {text} at (2500,2502) size 80x23 contains 1 chunk(s)
        RenderSVGInlineText {#text} at (0,0) size 80x23
          chunk 1 text run 1 at (2500.00,2520.00) startOffset 0 endOffset 11 width 80.00: "just a text"
      RenderSVGText {text} at (2600,2502) size 80x23 contains 1 chunk(s)
        RenderSVGInlineText {#text} at (0,0) size 80x23
          chunk 1 text run 1 at (2600.00,2520.00) startOffset 0 endOffset 11 width 80.00: "just a text"
      RenderSVGText {text} at (2700,2502) size 80x23 contains 1 chunk(s)
        RenderSVGInlineText {#text} at (0,0) size 80x23
          chunk 1 text run 1 at (2700.00,2520.00) startOffset 0 endOffset 11 width 80.00: "just a text"
      RenderSVGText {text} at (2800,2502) size 80x23 contains 1 chunk(s)
        RenderSVGInlineText {#text} at (0,0) size 80x23
          chunk 1 text run 1 at (2800.00,2520.00) startOffset 0 endOffset 11 width 80.00: "just a text"
      RenderSVGText {text} at (2900,2502) size 80x23 contains 1 chunk(s)
        RenderSVGInlineText {#text} at (0,0) size 80x23
          chunk 1 text run 1 at (2900.00,2520.00) startOffset 0 endOffset 11 width 80.00: "just a text"
      RenderSVGText {text} at (3000,2502) size 80x23 contains 1 chunk(s)
        RenderSVGInlineText {#text} at (0,0) size 80x23
          chunk 1 text run 1 at (3000.00,2520.00) startOffset 0 endOffset 11 width 80.00: "just a text"
      RenderSVGText {text} at (3100,2502) size 80x23 contains 1 chunk(s)
        RenderSVGInlineText {#text} at (0,0) size 80x23
          chunk 1 text run 1 at (3100.00,2520.00) startOffset 0 endOffset 11 width 80.00: "just a text"
      RenderSVGText {text} at (3200,2502) size 80x23 contains 1 chunk(s)
        RenderSVGInlineText {#text} at (0,0) size 80x23
          chunk 1 text run 1 at (3200.00,2520.00) startOffset 0 endOffset 11 width 80.00: "just a text"
      RenderSVGText {text} at (3300,2502) size 80x23 contains 1 chunk(s)
        RenderSVGInlineText {#text} at (0,0) size 80x23
          chunk 1 text run 1 at (3300.00,2520.00) startOffset 0 endOffset 11 width 80.00: "just a text"
      RenderSVGText {text} at (3400,2502) size 80x23 contains 1 chunk(s)
        RenderSVGInlineText {#text} at (0,0) size 80x23
          chunk 1 text run 1 at (3400.00,2520.00) startOffset 0 endOffset 11 width 80.00: "just a text"
      RenderSVGText {text} at (3500,2502) size 80x23 contains 1 chunk(s)
        RenderSVGInlineText {#text} at (0,0) size 80x23
          chunk 1 text run 1 at (3500.00,2520.00) startOffset 0 endOffset 11 width 80.00: "just a text"
      RenderSVGText {text} at (3600,2502) size 80x23 contains 1 chunk(s)
        RenderSVGInlineText {#text} at (0,0) size 80x23
          chunk 1 text run 1 at (3600.00,2520.00) startOffset 0 endOffset 11 width 80.00: "just a text"
      RenderSVGText {text} at (3700,2502) size 80x23 contains 1 chunk(s)
        RenderSVGInlineText {#text} at (0,0) size 80x23
          chunk 1 text run 1 at (3700.00,2520.00) startOffset 0 endOffset 11 width 80.00: "just a text"
      RenderSVGText {text} at (3800,2502) size 80x23 contains 1 chunk(s)
        RenderSVGInlineText {#text} at (0,0) size 80x23
          chunk 1 text run 1 at (3800.00,2520.00) startOffset 0 endOffset 11 width 80.00: "just a text"
      RenderSVGText {text} at (3900,2502) size 80x23 contains 1 chunk(s)
        RenderSVGInlineText {#text} at (0,0) size 80x23
          chunk 1 text run 1 at (3900.00,2520.00) startOffset 0 endOffset 11 width 80.00: "just a text"
      RenderSVGText {text} at (4000,2502) size 80x23 contains 1 chunk(s)
        RenderSVGInlineText {#text} at (0,0) size 80x23
          chunk 1 text run 1 at (4000.00,2520.00) startOffset 0 endOffset 11 width 80.00: "just a text"
      RenderSVGText {text} at (4100,2502) size 80x23 contains 1 chunk(s)
        RenderSVGInlineText {#text} at (0,0) size 80x23
          chunk 1 text run 1 at (4100.00,2520.00) startOffset 0 endOffset 11 width 80.00: "just a text"
      RenderSVGText {text} at (4200,2502) size 80x23 contains 1 chunk(s)
        RenderSVGInlineText {#text} at (0,0) size 80x23
          chunk 1 text run 1 at (4200.00,2520.00) startOffset 0 endOffset 11 width 80.00: "just a text"
      RenderSVGText {text} at (4300,2502) size 80x23 contains 1 chunk(s)
        RenderSVGInlineText {#text} at (0,0) size 80x23
          chunk 1 text run 1 at (4300.00,2520.00) startOffset 0 endOffset 11 width 80.00: "just a text"
      RenderSVGText {text} at (4400,2502) size 80x23 contains 1 chunk(s)
        RenderSVGInlineText {#text} at (0,0) size 80x23
          chunk 1 text run 1 at (4400.00,2520.00) startOffset 0 endOffset 11 width 80.00: "just a text"
      RenderSVGText {text} at (4500,2502) size 80x23 contains 1 chunk(s)
        RenderSVGInlineText {#text} at (0,0) size 80x23
          chunk 1 text run 1 at (4500.00,2520.00) startOffset 0 endOffset 11 width 80.00: "just a text"
      RenderSVGText {text} at (4600,2502) size 80x23 contains 1 chunk(s)
        RenderSVGInlineText {#text} at (0,0) size 80x23
          chunk 1 text run 1 at (4600.00,2520.00) startOffset 0 endOffset 11 width 80.00: "just a text"
      RenderSVGText {text} at (4700,2502) size 80x23 contains 1 chunk(s)
        RenderSVGInlineText {#text} at (0,0) size 80x23
          chunk 1 text run 1 at (4700.00,2520.00) startOffset 0 endOffset 11 width 80.00: "just a text"
      RenderSVGText {text} at (4800,2502) size 80x23 contains 1 chunk(s)
        RenderSVGInlineText {#text} at (0,0) size 80x23
          chunk 1 text run 1 at (4800.00,2520.00) startOffset 0 endOffset 11 width 80.00: "just a text"
      RenderSVGText {text} at (4900,2502) size 80x23 contains 1 chunk(s)
        RenderSVGInlineText {#text} at (0,0) size 80x23
          chunk 1 text run 1 at (4900.00,2520.00) startOffset 0 endOffset 11 width 80.00: "just a text"
      RenderSVGText {text} at (0,2602) size 80x23 contains 1 chunk(s)
        RenderSVGInlineText {#text} at (0,0) size 80x23
          chunk 1 text run 1 at (0.00,2620.00) startOffset 0 endOffset 11 width 80.00: "just a text"
      RenderSVGText {text} at (100,2602) size 80x23 contains 1 chunk(s)
        RenderSVGInlineText {#text} at (0,0) size 80x23
          chunk 1 text run 1 at (100.00,2620.00) startOffset 0 endOffset 11 width 80.00: "just a text"
      RenderSVGText {text} at (200,2602) size 80x23 contains 1 chunk(s)
        RenderSVGInlineText {#text} at (0,0) size 80x23
          chunk 1 text run 1 at (200.00,2620.00) startOffset 0 endOffset 11 width 80.00: "just a text"
      RenderSVGText {text} at (300,2602) size 80x23 contains 1 chunk(s)
        RenderSVGInlineText {#text} at (0,0) size 80x23
          chunk 1 text run 1 at (300.00,2620.00) startOffset 0 endOffset 11 width 80.00: "just a text"
      RenderSVGText {text} at (400,2602) size 80x23 contains 1 chunk(s)
        RenderSVGInlineText {#text} at (0,0) size 80x23
          chunk 1 text run 1 at (400.00,2620.00) startOffset 0 endOffset 11 width 80.00: "just a text"
      RenderSVGText {text} at (500,2602) size 80x23 contains 1 chunk(s)
        RenderSVGInlineText {#text} at (0,0) size 80x23
          chunk 1 text run 1 at (500.00,2620.00) startOffset 0 endOffset 11 width 80.00: "just a text"
      RenderSVGText {text} at (600,2602) size 80x23 contains 1 chunk(s)
        RenderSVGInlineText {#text} at (0,0) size 80x23
          chunk 1 text run 1 at (600.00,2620.00) startOffset 0 endOffset 11 width 80.00: "just a text"
      RenderSVGText {text} at (700,2602) size 80x23 contains 1 chunk(s)
        RenderSVGInlineText {#text} at (0,0) size 80x23
          chunk 1 text run 1 at (700.00,2620.00) startOffset 0 endOffset 11 width 80.00: "just a text"
      RenderSVGText {text} at (800,2602) size 80x23 contains 1 chunk(s)
        RenderSVGInlineText {#text} at (0,0) size 80x23
          chunk 1 text run 1 at (800.00,2620.00) startOffset 0 endOffset 11 width 80.00: "just a text"
      RenderSVGText {text} at (900,2602) size 80x23 contains 1 chunk(s)
        RenderSVGInlineText {#text} at (0,0) size 80x23
          chunk 1 text run 1 at (900.00,2620.00) startOffset 0 endOffset 11 width 80.00: "just a text"
      RenderSVGText {text} at (1000,2602) size 80x23 contains 1 chunk(s)
        RenderSVGInlineText {#text} at (0,0) size 80x23
          chunk 1 text run 1 at (1000.00,2620.00) startOffset 0 endOffset 11 width 80.00: "just a text"
      RenderSVGText {text} at (1100,2602) size 80x23 contains 1 chunk(s)
        RenderSVGInlineText {#text} at (0,0) size 80x23
          chunk 1 text run 1 at (1100.00,2620.00) startOffset 0 endOffset 11 width 80.00: "just a text"
      RenderSVGText {text} at (1200,2602) size 80x23 contains 1 chunk(s)
        RenderSVGInlineText {#text} at (0,0) size 80x23
          chunk 1 text run 1 at (1200.00,2620.00) startOffset 0 endOffset 11 width 80.00: "just a text"
      RenderSVGText {text} at (1300,2602) size 80x23 contains 1 chunk(s)
        RenderSVGInlineText {#text} at (0,0) size 80x23
          chunk 1 text run 1 at (1300.00,2620.00) startOffset 0 endOffset 11 width 80.00: "just a text"
      RenderSVGText {text} at (1400,2602) size 80x23 contains 1 chunk(s)
        RenderSVGInlineText {#text} at (0,0) size 80x23
          chunk 1 text run 1 at (1400.00,2620.00) startOffset 0 endOffset 11 width 80.00: "just a text"
      RenderSVGText {text} at (1500,2602) size 80x23 contains 1 chunk(s)
        RenderSVGInlineText {#text} at (0,0) size 80x23
          chunk 1 text run 1 at (1500.00,2620.00) startOffset 0 endOffset 11 width 80.00: "just a text"
      RenderSVGText {text} at (1600,2602) size 80x23 contains 1 chunk(s)
        RenderSVGInlineText {#text} at (0,0) size 80x23
          chunk 1 text run 1 at (1600.00,2620.00) startOffset 0 endOffset 11 width 80.00: "just a text"
      RenderSVGText {text} at (1700,2602) size 80x23 contains 1 chunk(s)
        RenderSVGInlineText {#text} at (0,0) size 80x23
          chunk 1 text run 1 at (1700.00,2620.00) startOffset 0 endOffset 11 width 80.00: "just a text"
      RenderSVGText {text} at (1800,2602) size 80x23 contains 1 chunk(s)
        RenderSVGInlineText {#text} at (0,0) size 80x23
          chunk 1 text run 1 at (1800.00,2620.00) startOffset 0 endOffset 11 width 80.00: "just a text"
      RenderSVGText {text} at (1900,2602) size 80x23 contains 1 chunk(s)
        RenderSVGInlineText {#text} at (0,0) size 80x23
          chunk 1 text run 1 at (1900.00,2620.00) startOffset 0 endOffset 11 width 80.00: "just a text"
      RenderSVGText {text} at (2000,2602) size 80x23 contains 1 chunk(s)
        RenderSVGInlineText {#text} at (0,0) size 80x23
          chunk 1 text run 1 at (2000.00,2620.00) startOffset 0 endOffset 11 width 80.00: "just a text"
      RenderSVGText {text} at (2100,2602) size 80x23 contains 1 chunk(s)
        RenderSVGInlineText {#text} at (0,0) size 80x23
          chunk 1 text run 1 at (2100.00,2620.00) startOffset 0 endOffset 11 width 80.00: "just a text"
      RenderSVGText {text} at (2200,2602) size 80x23 contains 1 chunk(s)
        RenderSVGInlineText {#text} at (0,0) size 80x23
          chunk 1 text run 1 at (2200.00,2620.00) startOffset 0 endOffset 11 width 80.00: "just a text"
      RenderSVGText {text} at (2300,2602) size 80x23 contains 1 chunk(s)
        RenderSVGInlineText {#text} at (0,0) size 80x23
          chunk 1 text run 1 at (2300.00,2620.00) startOffset 0 endOffset 11 width 80.00: "just a text"
      RenderSVGText {text} at (2400,2602) size 80x23 contains 1 chunk(s)
        RenderSVGInlineText {#text} at (0,0) size 80x23
          chunk 1 text run 1 at (2400.00,2620.00) startOffset 0 endOffset 11 width 80.00: "just a text"
      RenderSVGText {text} at (2500,2602) size 80x23 contains 1 chunk(s)
        RenderSVGInlineText {#text} at (0,0) size 80x23
          chunk 1 text run 1 at (2500.00,2620.00) startOffset 0 endOffset 11 width 80.00: "just a text"
      RenderSVGText {text} at (2600,2602) size 80x23 contains 1 chunk(s)
        RenderSVGInlineText {#text} at (0,0) size 80x23
          chunk 1 text run 1 at (2600.00,2620.00) startOffset 0 endOffset 11 width 80.00: "just a text"
      RenderSVGText {text} at (2700,2602) size 80x23 contains 1 chunk(s)
        RenderSVGInlineText {#text} at (0,0) size 80x23
          chunk 1 text run 1 at (2700.00,2620.00) startOffset 0 endOffset 11 width 80.00: "just a text"
      RenderSVGText {text} at (2800,2602) size 80x23 contains 1 chunk(s)
        RenderSVGInlineText {#text} at (0,0) size 80x23
          chunk 1 text run 1 at (2800.00,2620.00) startOffset 0 endOffset 11 width 80.00: "just a text"
      RenderSVGText {text} at (2900,2602) size 80x23 contains 1 chunk(s)
        RenderSVGInlineText {#text} at (0,0) size 80x23
          chunk 1 text run 1 at (2900.00,2620.00) startOffset 0 endOffset 11 width 80.00: "just a text"
      RenderSVGText {text} at (3000,2602) size 80x23 contains 1 chunk(s)
        RenderSVGInlineText {#text} at (0,0) size 80x23
          chunk 1 text run 1 at (3000.00,2620.00) startOffset 0 endOffset 11 width 80.00: "just a text"
      RenderSVGText {text} at (3100,2602) size 80x23 contains 1 chunk(s)
        RenderSVGInlineText {#text} at (0,0) size 80x23
          chunk 1 text run 1 at (3100.00,2620.00) startOffset 0 endOffset 11 width 80.00: "just a text"
      RenderSVGText {text} at (3200,2602) size 80x23 contains 1 chunk(s)
        RenderSVGInlineText {#text} at (0,0) size 80x23
          chunk 1 text run 1 at (3200.00,2620.00) startOffset 0 endOffset 11 width 80.00: "just a text"
      RenderSVGText {text} at (3300,2602) size 80x23 contains 1 chunk(s)
        RenderSVGInlineText {#text} at (0,0) size 80x23
          chunk 1 text run 1 at (3300.00,2620.00) startOffset 0 endOffset 11 width 80.00: "just a text"
      RenderSVGText {text} at (3400,2602) size 80x23 contains 1 chunk(s)
        RenderSVGInlineText {#text} at (0,0) size 80x23
          chunk 1 text run 1 at (3400.00,2620.00) startOffset 0 endOffset 11 width 80.00: "just a text"
      RenderSVGText {text} at (3500,2602) size 80x23 contains 1 chunk(s)
        RenderSVGInlineText {#text} at (0,0) size 80x23
          chunk 1 text run 1 at (3500.00,2620.00) startOffset 0 endOffset 11 width 80.00: "just a text"
      RenderSVGText {text} at (3600,2602) size 80x23 contains 1 chunk(s)
        RenderSVGInlineText {#text} at (0,0) size 80x23
          chunk 1 text run 1 at (3600.00,2620.00) startOffset 0 endOffset 11 width 80.00: "just a text"
      RenderSVGText {text} at (3700,2602) size 80x23 contains 1 chunk(s)
        RenderSVGInlineText {#text} at (0,0) size 80x23
          chunk 1 text run 1 at (3700.00,2620.00) startOffset 0 endOffset 11 width 80.00: "just a text"
      RenderSVGText {text} at (3800,2602) size 80x23 contains 1 chunk(s)
        RenderSVGInlineText {#text} at (0,0) size 80x23
          chunk 1 text run 1 at (3800.00,2620.00) startOffset 0 endOffset 11 width 80.00: "just a text"
      RenderSVGText {text} at (3900,2602) size 80x23 contains 1 chunk(s)
        RenderSVGInlineText {#text} at (0,0) size 80x23
          chunk 1 text run 1 at (3900.00,2620.00) startOffset 0 endOffset 11 width 80.00: "just a text"
      RenderSVGText {text} at (4000,2602) size 80x23 contains 1 chunk(s)
        RenderSVGInlineText {#text} at (0,0) size 80x23
          chunk 1 text run 1 at (4000.00,2620.00) startOffset 0 endOffset 11 width 80.00: "just a text"
      RenderSVGText {text} at (4100,2602) size 80x23 contains 1 chunk(s)
        RenderSVGInlineText {#text} at (0,0) size 80x23
          chunk 1 text run 1 at (4100.00,2620.00) startOffset 0 endOffset 11 width 80.00: "just a text"
      RenderSVGText {text} at (4200,2602) size 80x23 contains 1 chunk(s)
        RenderSVGInlineText {#text} at (0,0) size 80x23
          chunk 1 text run 1 at (4200.00,2620.00) startOffset 0 endOffset 11 width 80.00: "just a text"
      RenderSVGText {text} at (4300,2602) size 80x23 contains 1 chunk(s)
        RenderSVGInlineText {#text} at (0,0) size 80x23
          chunk 1 text run 1 at (4300.00,2620.00) startOffset 0 endOffset 11 width 80.00: "just a text"
      RenderSVGText {text} at (4400,2602) size 80x23 contains 1 chunk(s)
        RenderSVGInlineText {#text} at (0,0) size 80x23
          chunk 1 text run 1 at (4400.00,2620.00) startOffset 0 endOffset 11 width 80.00: "just a text"
      RenderSVGText {text} at (4500,2602) size 80x23 contains 1 chunk(s)
        RenderSVGInlineText {#text} at (0,0) size 80x23
          chunk 1 text run 1 at (4500.00,2620.00) startOffset 0 endOffset 11 width 80.00: "just a text"
      RenderSVGText {text} at (4600,2602) size 80x23 contains 1 chunk(s)
        RenderSVGInlineText {#text} at (0,0) size 80x23
          chunk 1 text run 1 at (4600.00,2620.00) startOffset 0 endOffset 11 width 80.00: "just a text"
      RenderSVGText {text} at (4700,2602) size 80x23 contains 1 chunk(s)
        RenderSVGInlineText {#text} at (0,0) size 80x23
          chunk 1 text run 1 at (4700.00,2620.00) startOffset 0 endOffset 11 width 80.00: "just a text"
      RenderSVGText {text} at (4800,2602) size 80x23 contains 1 chunk(s)
        RenderSVGInlineText {#text} at (0,0) size 80x23
          chunk 1 text run 1 at (4800.00,2620.00) startOffset 0 endOffset 11 width 80.00: "just a text"
      RenderSVGText {text} at (4900,2602) size 80x23 contains 1 chunk(s)
        RenderSVGInlineText {#text} at (0,0) size 80x23
          chunk 1 text run 1 at (4900.00,2620.00) startOffset 0 endOffset 11 width 80.00: "just a text"
      RenderSVGText {text} at (0,2702) size 80x23 contains 1 chunk(s)
        RenderSVGInlineText {#text} at (0,0) size 80x23
          chunk 1 text run 1 at (0.00,2720.00) startOffset 0 endOffset 11 width 80.00: "just a text"
      RenderSVGText {text} at (100,2702) size 80x23 contains 1 chunk(s)
        RenderSVGInlineText {#text} at (0,0) size 80x23
          chunk 1 text run 1 at (100.00,2720.00) startOffset 0 endOffset 11 width 80.00: "just a text"
      RenderSVGText {text} at (200,2702) size 80x23 contains 1 chunk(s)
        RenderSVGInlineText {#text} at (0,0) size 80x23
          chunk 1 text run 1 at (200.00,2720.00) startOffset 0 endOffset 11 width 80.00: "just a text"
      RenderSVGText {text} at (300,2702) size 80x23 contains 1 chunk(s)
        RenderSVGInlineText {#text} at (0,0) size 80x23
          chunk 1 text run 1 at (300.00,2720.00) startOffset 0 endOffset 11 width 80.00: "just a text"
      RenderSVGText {text} at (400,2702) size 80x23 contains 1 chunk(s)
        RenderSVGInlineText {#text} at (0,0) size 80x23
          chunk 1 text run 1 at (400.00,2720.00) startOffset 0 endOffset 11 width 80.00: "just a text"
      RenderSVGText {text} at (500,2702) size 80x23 contains 1 chunk(s)
        RenderSVGInlineText {#text} at (0,0) size 80x23
          chunk 1 text run 1 at (500.00,2720.00) startOffset 0 endOffset 11 width 80.00: "just a text"
      RenderSVGText {text} at (600,2702) size 80x23 contains 1 chunk(s)
        RenderSVGInlineText {#text} at (0,0) size 80x23
          chunk 1 text run 1 at (600.00,2720.00) startOffset 0 endOffset 11 width 80.00: "just a text"
      RenderSVGText {text} at (700,2702) size 80x23 contains 1 chunk(s)
        RenderSVGInlineText {#text} at (0,0) size 80x23
          chunk 1 text run 1 at (700.00,2720.00) startOffset 0 endOffset 11 width 80.00: "just a text"
      RenderSVGText {text} at (800,2702) size 80x23 contains 1 chunk(s)
        RenderSVGInlineText {#text} at (0,0) size 80x23
          chunk 1 text run 1 at (800.00,2720.00) startOffset 0 endOffset 11 width 80.00: "just a text"
      RenderSVGText {text} at (900,2702) size 80x23 contains 1 chunk(s)
        RenderSVGInlineText {#text} at (0,0) size 80x23
          chunk 1 text run 1 at (900.00,2720.00) startOffset 0 endOffset 11 width 80.00: "just a text"
      RenderSVGText {text} at (1000,2702) size 80x23 contains 1 chunk(s)
        RenderSVGInlineText {#text} at (0,0) size 80x23
          chunk 1 text run 1 at (1000.00,2720.00) startOffset 0 endOffset 11 width 80.00: "just a text"
      RenderSVGText {text} at (1100,2702) size 80x23 contains 1 chunk(s)
        RenderSVGInlineText {#text} at (0,0) size 80x23
          chunk 1 text run 1 at (1100.00,2720.00) startOffset 0 endOffset 11 width 80.00: "just a text"
      RenderSVGText {text} at (1200,2702) size 80x23 contains 1 chunk(s)
        RenderSVGInlineText {#text} at (0,0) size 80x23
          chunk 1 text run 1 at (1200.00,2720.00) startOffset 0 endOffset 11 width 80.00: "just a text"
      RenderSVGText {text} at (1300,2702) size 80x23 contains 1 chunk(s)
        RenderSVGInlineText {#text} at (0,0) size 80x23
          chunk 1 text run 1 at (1300.00,2720.00) startOffset 0 endOffset 11 width 80.00: "just a text"
      RenderSVGText {text} at (1400,2702) size 80x23 contains 1 chunk(s)
        RenderSVGInlineText {#text} at (0,0) size 80x23
          chunk 1 text run 1 at (1400.00,2720.00) startOffset 0 endOffset 11 width 80.00: "just a text"
      RenderSVGText {text} at (1500,2702) size 80x23 contains 1 chunk(s)
        RenderSVGInlineText {#text} at (0,0) size 80x23
          chunk 1 text run 1 at (1500.00,2720.00) startOffset 0 endOffset 11 width 80.00: "just a text"
      RenderSVGText {text} at (1600,2702) size 80x23 contains 1 chunk(s)
        RenderSVGInlineText {#text} at (0,0) size 80x23
          chunk 1 text run 1 at (1600.00,2720.00) startOffset 0 endOffset 11 width 80.00: "just a text"
      RenderSVGText {text} at (1700,2702) size 80x23 contains 1 chunk(s)
        RenderSVGInlineText {#text} at (0,0) size 80x23
          chunk 1 text run 1 at (1700.00,2720.00) startOffset 0 endOffset 11 width 80.00: "just a text"
      RenderSVGText {text} at (1800,2702) size 80x23 contains 1 chunk(s)
        RenderSVGInlineText {#text} at (0,0) size 80x23
          chunk 1 text run 1 at (1800.00,2720.00) startOffset 0 endOffset 11 width 80.00: "just a text"
      RenderSVGText {text} at (1900,2702) size 80x23 contains 1 chunk(s)
        RenderSVGInlineText {#text} at (0,0) size 80x23
          chunk 1 text run 1 at (1900.00,2720.00) startOffset 0 endOffset 11 width 80.00: "just a text"
      RenderSVGText {text} at (2000,2702) size 80x23 contains 1 chunk(s)
        RenderSVGInlineText {#text} at (0,0) size 80x23
          chunk 1 text run 1 at (2000.00,2720.00) startOffset 0 endOffset 11 width 80.00: "just a text"
      RenderSVGText {text} at (2100,2702) size 80x23 contains 1 chunk(s)
        RenderSVGInlineText {#text} at (0,0) size 80x23
          chunk 1 text run 1 at (2100.00,2720.00) startOffset 0 endOffset 11 width 80.00: "just a text"
      RenderSVGText {text} at (2200,2702) size 80x23 contains 1 chunk(s)
        RenderSVGInlineText {#text} at (0,0) size 80x23
          chunk 1 text run 1 at (2200.00,2720.00) startOffset 0 endOffset 11 width 80.00: "just a text"
      RenderSVGText {text} at (2300,2702) size 80x23 contains 1 chunk(s)
        RenderSVGInlineText {#text} at (0,0) size 80x23
          chunk 1 text run 1 at (2300.00,2720.00) startOffset 0 endOffset 11 width 80.00: "just a text"
      RenderSVGText {text} at (2400,2702) size 80x23 contains 1 chunk(s)
        RenderSVGInlineText {#text} at (0,0) size 80x23
          chunk 1 text run 1 at (2400.00,2720.00) startOffset 0 endOffset 11 width 80.00: "just a text"
      RenderSVGText {text} at (2500,2702) size 80x23 contains 1 chunk(s)
        RenderSVGInlineText {#text} at (0,0) size 80x23
          chunk 1 text run 1 at (2500.00,2720.00) startOffset 0 endOffset 11 width 80.00: "just a text"
      RenderSVGText {text} at (2600,2702) size 80x23 contains 1 chunk(s)
        RenderSVGInlineText {#text} at (0,0) size 80x23
          chunk 1 text run 1 at (2600.00,2720.00) startOffset 0 endOffset 11 width 80.00: "just a text"
      RenderSVGText {text} at (2700,2702) size 80x23 contains 1 chunk(s)
        RenderSVGInlineText {#text} at (0,0) size 80x23
          chunk 1 text run 1 at (2700.00,2720.00) startOffset 0 endOffset 11 width 80.00: "just a text"
      RenderSVGText {text} at (2800,2702) size 80x23 contains 1 chunk(s)
        RenderSVGInlineText {#text} at (0,0) size 80x23
          chunk 1 text run 1 at (2800.00,2720.00) startOffset 0 endOffset 11 width 80.00: "just a text"
      RenderSVGText {text} at (2900,2702) size 80x23 contains 1 chunk(s)
        RenderSVGInlineText {#text} at (0,0) size 80x23
          chunk 1 text run 1 at (2900.00,2720.00) startOffset 0 endOffset 11 width 80.00: "just a text"
      RenderSVGText {text} at (3000,2702) size 80x23 contains 1 chunk(s)
        RenderSVGInlineText {#text} at (0,0) size 80x23
          chunk 1 text run 1 at (3000.00,2720.00) startOffset 0 endOffset 11 width 80.00: "just a text"
      RenderSVGText {text} at (3100,2702) size 80x23 contains 1 chunk(s)
        RenderSVGInlineText {#text} at (0,0) size 80x23
          chunk 1 text run 1 at (3100.00,2720.00) startOffset 0 endOffset 11 width 80.00: "just a text"
      RenderSVGText {text} at (3200,2702) size 80x23 contains 1 chunk(s)
        RenderSVGInlineText {#text} at (0,0) size 80x23
          chunk 1 text run 1 at (3200.00,2720.00) startOffset 0 endOffset 11 width 80.00: "just a text"
      RenderSVGText {text} at (3300,2702) size 80x23 contains 1 chunk(s)
        RenderSVGInlineText {#text} at (0,0) size 80x23
          chunk 1 text run 1 at (3300.00,2720.00) startOffset 0 endOffset 11 width 80.00: "just a text"
      RenderSVGText {text} at (3400,2702) size 80x23 contains 1 chunk(s)
        RenderSVGInlineText {#text} at (0,0) size 80x23
          chunk 1 text run 1 at (3400.00,2720.00) startOffset 0 endOffset 11 width 80.00: "just a text"
      RenderSVGText {text} at (3500,2702) size 80x23 contains 1 chunk(s)
        RenderSVGInlineText {#text} at (0,0) size 80x23
          chunk 1 text run 1 at (3500.00,2720.00) startOffset 0 endOffset 11 width 80.00: "just a text"
      RenderSVGText {text} at (3600,2702) size 80x23 contains 1 chunk(s)
        RenderSVGInlineText {#text} at (0,0) size 80x23
          chunk 1 text run 1 at (3600.00,2720.00) startOffset 0 endOffset 11 width 80.00: "just a text"
      RenderSVGText {text} at (3700,2702) size 80x23 contains 1 chunk(s)
        RenderSVGInlineText {#text} at (0,0) size 80x23
          chunk 1 text run 1 at (3700.00,2720.00) startOffset 0 endOffset 11 width 80.00: "just a text"
      RenderSVGText {text} at (3800,2702) size 80x23 contains 1 chunk(s)
        RenderSVGInlineText {#text} at (0,0) size 80x23
          chunk 1 text run 1 at (3800.00,2720.00) startOffset 0 endOffset 11 width 80.00: "just a text"
      RenderSVGText {text} at (3900,2702) size 80x23 contains 1 chunk(s)
        RenderSVGInlineText {#text} at (0,0) size 80x23
          chunk 1 text run 1 at (3900.00,2720.00) startOffset 0 endOffset 11 width 80.00: "just a text"
      RenderSVGText {text} at (4000,2702) size 80x23 contains 1 chunk(s)
        RenderSVGInlineText {#text} at (0,0) size 80x23
          chunk 1 text run 1 at (4000.00,2720.00) startOffset 0 endOffset 11 width 80.00: "just a text"
      RenderSVGText {text} at (4100,2702) size 80x23 contains 1 chunk(s)
        RenderSVGInlineText {#text} at (0,0) size 80x23
          chunk 1 text run 1 at (4100.00,2720.00) startOffset 0 endOffset 11 width 80.00: "just a text"
      RenderSVGText {text} at (4200,2702) size 80x23 contains 1 chunk(s)
        RenderSVGInlineText {#text} at (0,0) size 80x23
          chunk 1 text run 1 at (4200.00,2720.00) startOffset 0 endOffset 11 width 80.00: "just a text"
      RenderSVGText {text} at (4300,2702) size 80x23 contains 1 chunk(s)
        RenderSVGInlineText {#text} at (0,0) size 80x23
          chunk 1 text run 1 at (4300.00,2720.00) startOffset 0 endOffset 11 width 80.00: "just a text"
      RenderSVGText {text} at (4400,2702) size 80x23 contains 1 chunk(s)
        RenderSVGInlineText {#text} at (0,0) size 80x23
          chunk 1 text run 1 at (4400.00,2720.00) startOffset 0 endOffset 11 width 80.00: "just a text"
      RenderSVGText {text} at (4500,2702) size 80x23 contains 1 chunk(s)
        RenderSVGInlineText {#text} at (0,0) size 80x23
          chunk 1 text run 1 at (4500.00,2720.00) startOffset 0 endOffset 11 width 80.00: "just a text"
      RenderSVGText {text} at (4600,2702) size 80x23 contains 1 chunk(s)
        RenderSVGInlineText {#text} at (0,0) size 80x23
          chunk 1 text run 1 at (4600.00,2720.00) startOffset 0 endOffset 11 width 80.00: "just a text"
      RenderSVGText {text} at (4700,2702) size 80x23 contains 1 chunk(s)
        RenderSVGInlineText {#text} at (0,0) size 80x23
          chunk 1 text run 1 at (4700.00,2720.00) startOffset 0 endOffset 11 width 80.00: "just a text"
      RenderSVGText {text} at (4800,2702) size 80x23 contains 1 chunk(s)
        RenderSVGInlineText {#text} at (0,0) size 80x23
          chunk 1 text run 1 at (4800.00,2720.00) startOffset 0 endOffset 11 width 80.00: "just a text"
      RenderSVGText {text} at (4900,2702) size 80x23 contains 1 chunk(s)
        RenderSVGInlineText {#text} at (0,0) size 80x23
          chunk 1 text run 1 at (4900.00,2720.00) startOffset 0 endOffset 11 width 80.00: "just a text"
      RenderSVGText {text} at (0,2802) size 80x23 contains 1 chunk(s)
        RenderSVGInlineText {#text} at (0,0) size 80x23
          chunk 1 text run 1 at (0.00,2820.00) startOffset 0 endOffset 11 width 80.00: "just a text"
      RenderSVGText {text} at (100,2802) size 80x23 contains 1 chunk(s)
        RenderSVGInlineText {#text} at (0,0) size 80x23
          chunk 1 text run 1 at (100.00,2820.00) startOffset 0 endOffset 11 width 80.00: "just a text"
      RenderSVGText {text} at (200,2802) size 80x23 contains 1 chunk(s)
        RenderSVGInlineText {#text} at (0,0) size 80x23
          chunk 1 text run 1 at (200.00,2820.00) startOffset 0 endOffset 11 width 80.00: "just a text"
      RenderSVGText {text} at (300,2802) size 80x23 contains 1 chunk(s)
        RenderSVGInlineText {#text} at (0,0) size 80x23
          chunk 1 text run 1 at (300.00,2820.00) startOffset 0 endOffset 11 width 80.00: "just a text"
      RenderSVGText {text} at (400,2802) size 80x23 contains 1 chunk(s)
        RenderSVGInlineText {#text} at (0,0) size 80x23
          chunk 1 text run 1 at (400.00,2820.00) startOffset 0 endOffset 11 width 80.00: "just a text"
      RenderSVGText {text} at (500,2802) size 80x23 contains 1 chunk(s)
        RenderSVGInlineText {#text} at (0,0) size 80x23
          chunk 1 text run 1 at (500.00,2820.00) startOffset 0 endOffset 11 width 80.00: "just a text"
      RenderSVGText {text} at (600,2802) size 80x23 contains 1 chunk(s)
        RenderSVGInlineText {#text} at (0,0) size 80x23
          chunk 1 text run 1 at (600.00,2820.00) startOffset 0 endOffset 11 width 80.00: "just a text"
      RenderSVGText {text} at (700,2802) size 80x23 contains 1 chunk(s)
        RenderSVGInlineText {#text} at (0,0) size 80x23
          chunk 1 text run 1 at (700.00,2820.00) startOffset 0 endOffset 11 width 80.00: "just a text"
      RenderSVGText {text} at (800,2802) size 80x23 contains 1 chunk(s)
        RenderSVGInlineText {#text} at (0,0) size 80x23
          chunk 1 text run 1 at (800.00,2820.00) startOffset 0 endOffset 11 width 80.00: "just a text"
      RenderSVGText {text} at (900,2802) size 80x23 contains 1 chunk(s)
        RenderSVGInlineText {#text} at (0,0) size 80x23
          chunk 1 text run 1 at (900.00,2820.00) startOffset 0 endOffset 11 width 80.00: "just a text"
      RenderSVGText {text} at (1000,2802) size 80x23 contains 1 chunk(s)
        RenderSVGInlineText {#text} at (0,0) size 80x23
          chunk 1 text run 1 at (1000.00,2820.00) startOffset 0 endOffset 11 width 80.00: "just a text"
      RenderSVGText {text} at (1100,2802) size 80x23 contains 1 chunk(s)
        RenderSVGInlineText {#text} at (0,0) size 80x23
          chunk 1 text run 1 at (1100.00,2820.00) startOffset 0 endOffset 11 width 80.00: "just a text"
      RenderSVGText {text} at (1200,2802) size 80x23 contains 1 chunk(s)
        RenderSVGInlineText {#text} at (0,0) size 80x23
          chunk 1 text run 1 at (1200.00,2820.00) startOffset 0 endOffset 11 width 80.00: "just a text"
      RenderSVGText {text} at (1300,2802) size 80x23 contains 1 chunk(s)
        RenderSVGInlineText {#text} at (0,0) size 80x23
          chunk 1 text run 1 at (1300.00,2820.00) startOffset 0 endOffset 11 width 80.00: "just a text"
      RenderSVGText {text} at (1400,2802) size 80x23 contains 1 chunk(s)
        RenderSVGInlineText {#text} at (0,0) size 80x23
          chunk 1 text run 1 at (1400.00,2820.00) startOffset 0 endOffset 11 width 80.00: "just a text"
      RenderSVGText {text} at (1500,2802) size 80x23 contains 1 chunk(s)
        RenderSVGInlineText {#text} at (0,0) size 80x23
          chunk 1 text run 1 at (1500.00,2820.00) startOffset 0 endOffset 11 width 80.00: "just a text"
      RenderSVGText {text} at (1600,2802) size 80x23 contains 1 chunk(s)
        RenderSVGInlineText {#text} at (0,0) size 80x23
          chunk 1 text run 1 at (1600.00,2820.00) startOffset 0 endOffset 11 width 80.00: "just a text"
      RenderSVGText {text} at (1700,2802) size 80x23 contains 1 chunk(s)
        RenderSVGInlineText {#text} at (0,0) size 80x23
          chunk 1 text run 1 at (1700.00,2820.00) startOffset 0 endOffset 11 width 80.00: "just a text"
      RenderSVGText {text} at (1800,2802) size 80x23 contains 1 chunk(s)
        RenderSVGInlineText {#text} at (0,0) size 80x23
          chunk 1 text run 1 at (1800.00,2820.00) startOffset 0 endOffset 11 width 80.00: "just a text"
      RenderSVGText {text} at (1900,2802) size 80x23 contains 1 chunk(s)
        RenderSVGInlineText {#text} at (0,0) size 80x23
          chunk 1 text run 1 at (1900.00,2820.00) startOffset 0 endOffset 11 width 80.00: "just a text"
      RenderSVGText {text} at (2000,2802) size 80x23 contains 1 chunk(s)
        RenderSVGInlineText {#text} at (0,0) size 80x23
          chunk 1 text run 1 at (2000.00,2820.00) startOffset 0 endOffset 11 width 80.00: "just a text"
      RenderSVGText {text} at (2100,2802) size 80x23 contains 1 chunk(s)
        RenderSVGInlineText {#text} at (0,0) size 80x23
          chunk 1 text run 1 at (2100.00,2820.00) startOffset 0 endOffset 11 width 80.00: "just a text"
      RenderSVGText {text} at (2200,2802) size 80x23 contains 1 chunk(s)
        RenderSVGInlineText {#text} at (0,0) size 80x23
          chunk 1 text run 1 at (2200.00,2820.00) startOffset 0 endOffset 11 width 80.00: "just a text"
      RenderSVGText {text} at (2300,2802) size 80x23 contains 1 chunk(s)
        RenderSVGInlineText {#text} at (0,0) size 80x23
          chunk 1 text run 1 at (2300.00,2820.00) startOffset 0 endOffset 11 width 80.00: "just a text"
      RenderSVGText {text} at (2400,2802) size 80x23 contains 1 chunk(s)
        RenderSVGInlineText {#text} at (0,0) size 80x23
          chunk 1 text run 1 at (2400.00,2820.00) startOffset 0 endOffset 11 width 80.00: "just a text"
      RenderSVGText {text} at (2500,2802) size 80x23 contains 1 chunk(s)
        RenderSVGInlineText {#text} at (0,0) size 80x23
          chunk 1 text run 1 at (2500.00,2820.00) startOffset 0 endOffset 11 width 80.00: "just a text"
      RenderSVGText {text} at (2600,2802) size 80x23 contains 1 chunk(s)
        RenderSVGInlineText {#text} at (0,0) size 80x23
          chunk 1 text run 1 at (2600.00,2820.00) startOffset 0 endOffset 11 width 80.00: "just a text"
      RenderSVGText {text} at (2700,2802) size 80x23 contains 1 chunk(s)
        RenderSVGInlineText {#text} at (0,0) size 80x23
          chunk 1 text run 1 at (2700.00,2820.00) startOffset 0 endOffset 11 width 80.00: "just a text"
      RenderSVGText {text} at (2800,2802) size 80x23 contains 1 chunk(s)
        RenderSVGInlineText {#text} at (0,0) size 80x23
          chunk 1 text run 1 at (2800.00,2820.00) startOffset 0 endOffset 11 width 80.00: "just a text"
      RenderSVGText {text} at (2900,2802) size 80x23 contains 1 chunk(s)
        RenderSVGInlineText {#text} at (0,0) size 80x23
          chunk 1 text run 1 at (2900.00,2820.00) startOffset 0 endOffset 11 width 80.00: "just a text"
      RenderSVGText {text} at (3000,2802) size 80x23 contains 1 chunk(s)
        RenderSVGInlineText {#text} at (0,0) size 80x23
          chunk 1 text run 1 at (3000.00,2820.00) startOffset 0 endOffset 11 width 80.00: "just a text"
      RenderSVGText {text} at (3100,2802) size 80x23 contains 1 chunk(s)
        RenderSVGInlineText {#text} at (0,0) size 80x23
          chunk 1 text run 1 at (3100.00,2820.00) startOffset 0 endOffset 11 width 80.00: "just a text"
      RenderSVGText {text} at (3200,2802) size 80x23 contains 1 chunk(s)
        RenderSVGInlineText {#text} at (0,0) size 80x23
          chunk 1 text run 1 at (3200.00,2820.00) startOffset 0 endOffset 11 width 80.00: "just a text"
      RenderSVGText {text} at (3300,2802) size 80x23 contains 1 chunk(s)
        RenderSVGInlineText {#text} at (0,0) size 80x23
          chunk 1 text run 1 at (3300.00,2820.00) startOffset 0 endOffset 11 width 80.00: "just a text"
      RenderSVGText {text} at (3400,2802) size 80x23 contains 1 chunk(s)
        RenderSVGInlineText {#text} at (0,0) size 80x23
          chunk 1 text run 1 at (3400.00,2820.00) startOffset 0 endOffset 11 width 80.00: "just a text"
      RenderSVGText {text} at (3500,2802) size 80x23 contains 1 chunk(s)
        RenderSVGInlineText {#text} at (0,0) size 80x23
          chunk 1 text run 1 at (3500.00,2820.00) startOffset 0 endOffset 11 width 80.00: "just a text"
      RenderSVGText {text} at (3600,2802) size 80x23 contains 1 chunk(s)
        RenderSVGInlineText {#text} at (0,0) size 80x23
          chunk 1 text run 1 at (3600.00,2820.00) startOffset 0 endOffset 11 width 80.00: "just a text"
      RenderSVGText {text} at (3700,2802) size 80x23 contains 1 chunk(s)
        RenderSVGInlineText {#text} at (0,0) size 80x23
          chunk 1 text run 1 at (3700.00,2820.00) startOffset 0 endOffset 11 width 80.00: "just a text"
      RenderSVGText {text} at (3800,2802) size 80x23 contains 1 chunk(s)
        RenderSVGInlineText {#text} at (0,0) size 80x23
          chunk 1 text run 1 at (3800.00,2820.00) startOffset 0 endOffset 11 width 80.00: "just a text"
      RenderSVGText {text} at (3900,2802) size 80x23 contains 1 chunk(s)
        RenderSVGInlineText {#text} at (0,0) size 80x23
          chunk 1 text run 1 at (3900.00,2820.00) startOffset 0 endOffset 11 width 80.00: "just a text"
      RenderSVGText {text} at (4000,2802) size 80x23 contains 1 chunk(s)
        RenderSVGInlineText {#text} at (0,0) size 80x23
          chunk 1 text run 1 at (4000.00,2820.00) startOffset 0 endOffset 11 width 80.00: "just a text"
      RenderSVGText {text} at (4100,2802) size 80x23 contains 1 chunk(s)
        RenderSVGInlineText {#text} at (0,0) size 80x23
          chunk 1 text run 1 at (4100.00,2820.00) startOffset 0 endOffset 11 width 80.00: "just a text"
      RenderSVGText {text} at (4200,2802) size 80x23 contains 1 chunk(s)
        RenderSVGInlineText {#text} at (0,0) size 80x23
          chunk 1 text run 1 at (4200.00,2820.00) startOffset 0 endOffset 11 width 80.00: "just a text"
      RenderSVGText {text} at (4300,2802) size 80x23 contains 1 chunk(s)
        RenderSVGInlineText {#text} at (0,0) size 80x23
          chunk 1 text run 1 at (4300.00,2820.00) startOffset 0 endOffset 11 width 80.00: "just a text"
      RenderSVGText {text} at (4400,2802) size 80x23 contains 1 chunk(s)
        RenderSVGInlineText {#text} at (0,0) size 80x23
          chunk 1 text run 1 at (4400.00,2820.00) startOffset 0 endOffset 11 width 80.00: "just a text"
      RenderSVGText {text} at (4500,2802) size 80x23 contains 1 chunk(s)
        RenderSVGInlineText {#text} at (0,0) size 80x23
          chunk 1 text run 1 at (4500.00,2820.00) startOffset 0 endOffset 11 width 80.00: "just a text"
      RenderSVGText {text} at (4600,2802) size 80x23 contains 1 chunk(s)
        RenderSVGInlineText {#text} at (0,0) size 80x23
          chunk 1 text run 1 at (4600.00,2820.00) startOffset 0 endOffset 11 width 80.00: "just a text"
      RenderSVGText {text} at (4700,2802) size 80x23 contains 1 chunk(s)
        RenderSVGInlineText {#text} at (0,0) size 80x23
          chunk 1 text run 1 at (4700.00,2820.00) startOffset 0 endOffset 11 width 80.00: "just a text"
      RenderSVGText {text} at (4800,2802) size 80x23 contains 1 chunk(s)
        RenderSVGInlineText {#text} at (0,0) size 80x23
          chunk 1 text run 1 at (4800.00,2820.00) startOffset 0 endOffset 11 width 80.00: "just a text"
      RenderSVGText {text} at (4900,2802) size 80x23 contains 1 chunk(s)
        RenderSVGInlineText {#text} at (0,0) size 80x23
          chunk 1 text run 1 at (4900.00,2820.00) startOffset 0 endOffset 11 width 80.00: "just a text"
      RenderSVGText {text} at (0,2902) size 80x23 contains 1 chunk(s)
        RenderSVGInlineText {#text} at (0,0) size 80x23
          chunk 1 text run 1 at (0.00,2920.00) startOffset 0 endOffset 11 width 80.00: "just a text"
      RenderSVGText {text} at (100,2902) size 80x23 contains 1 chunk(s)
        RenderSVGInlineText {#text} at (0,0) size 80x23
          chunk 1 text run 1 at (100.00,2920.00) startOffset 0 endOffset 11 width 80.00: "just a text"
      RenderSVGText {text} at (200,2902) size 80x23 contains 1 chunk(s)
        RenderSVGInlineText {#text} at (0,0) size 80x23
          chunk 1 text run 1 at (200.00,2920.00) startOffset 0 endOffset 11 width 80.00: "just a text"
      RenderSVGText {text} at (300,2902) size 80x23 contains 1 chunk(s)
        RenderSVGInlineText {#text} at (0,0) size 80x23
          chunk 1 text run 1 at (300.00,2920.00) startOffset 0 endOffset 11 width 80.00: "just a text"
      RenderSVGText {text} at (400,2902) size 80x23 contains 1 chunk(s)
        RenderSVGInlineText {#text} at (0,0) size 80x23
          chunk 1 text run 1 at (400.00,2920.00) startOffset 0 endOffset 11 width 80.00: "just a text"
      RenderSVGText {text} at (500,2902) size 80x23 contains 1 chunk(s)
        RenderSVGInlineText {#text} at (0,0) size 80x23
          chunk 1 text run 1 at (500.00,2920.00) startOffset 0 endOffset 11 width 80.00: "just a text"
      RenderSVGText {text} at (600,2902) size 80x23 contains 1 chunk(s)
        RenderSVGInlineText {#text} at (0,0) size 80x23
          chunk 1 text run 1 at (600.00,2920.00) startOffset 0 endOffset 11 width 80.00: "just a text"
      RenderSVGText {text} at (700,2902) size 80x23 contains 1 chunk(s)
        RenderSVGInlineText {#text} at (0,0) size 80x23
          chunk 1 text run 1 at (700.00,2920.00) startOffset 0 endOffset 11 width 80.00: "just a text"
      RenderSVGText {text} at (800,2902) size 80x23 contains 1 chunk(s)
        RenderSVGInlineText {#text} at (0,0) size 80x23
          chunk 1 text run 1 at (800.00,2920.00) startOffset 0 endOffset 11 width 80.00: "just a text"
      RenderSVGText {text} at (900,2902) size 80x23 contains 1 chunk(s)
        RenderSVGInlineText {#text} at (0,0) size 80x23
          chunk 1 text run 1 at (900.00,2920.00) startOffset 0 endOffset 11 width 80.00: "just a text"
      RenderSVGText {text} at (1000,2902) size 80x23 contains 1 chunk(s)
        RenderSVGInlineText {#text} at (0,0) size 80x23
          chunk 1 text run 1 at (1000.00,2920.00) startOffset 0 endOffset 11 width 80.00: "just a text"
      RenderSVGText {text} at (1100,2902) size 80x23 contains 1 chunk(s)
        RenderSVGInlineText {#text} at (0,0) size 80x23
          chunk 1 text run 1 at (1100.00,2920.00) startOffset 0 endOffset 11 width 80.00: "just a text"
      RenderSVGText {text} at (1200,2902) size 80x23 contains 1 chunk(s)
        RenderSVGInlineText {#text} at (0,0) size 80x23
          chunk 1 text run 1 at (1200.00,2920.00) startOffset 0 endOffset 11 width 80.00: "just a text"
      RenderSVGText {text} at (1300,2902) size 80x23 contains 1 chunk(s)
        RenderSVGInlineText {#text} at (0,0) size 80x23
          chunk 1 text run 1 at (1300.00,2920.00) startOffset 0 endOffset 11 width 80.00: "just a text"
      RenderSVGText {text} at (1400,2902) size 80x23 contains 1 chunk(s)
        RenderSVGInlineText {#text} at (0,0) size 80x23
          chunk 1 text run 1 at (1400.00,2920.00) startOffset 0 endOffset 11 width 80.00: "just a text"
      RenderSVGText {text} at (1500,2902) size 80x23 contains 1 chunk(s)
        RenderSVGInlineText {#text} at (0,0) size 80x23
          chunk 1 text run 1 at (1500.00,2920.00) startOffset 0 endOffset 11 width 80.00: "just a text"
      RenderSVGText {text} at (1600,2902) size 80x23 contains 1 chunk(s)
        RenderSVGInlineText {#text} at (0,0) size 80x23
          chunk 1 text run 1 at (1600.00,2920.00) startOffset 0 endOffset 11 width 80.00: "just a text"
      RenderSVGText {text} at (1700,2902) size 80x23 contains 1 chunk(s)
        RenderSVGInlineText {#text} at (0,0) size 80x23
          chunk 1 text run 1 at (1700.00,2920.00) startOffset 0 endOffset 11 width 80.00: "just a text"
      RenderSVGText {text} at (1800,2902) size 80x23 contains 1 chunk(s)
        RenderSVGInlineText {#text} at (0,0) size 80x23
          chunk 1 text run 1 at (1800.00,2920.00) startOffset 0 endOffset 11 width 80.00: "just a text"
      RenderSVGText {text} at (1900,2902) size 80x23 contains 1 chunk(s)
        RenderSVGInlineText {#text} at (0,0) size 80x23
          chunk 1 text run 1 at (1900.00,2920.00) startOffset 0 endOffset 11 width 80.00: "just a text"
      RenderSVGText {text} at (2000,2902) size 80x23 contains 1 chunk(s)
        RenderSVGInlineText {#text} at (0,0) size 80x23
          chunk 1 text run 1 at (2000.00,2920.00) startOffset 0 endOffset 11 width 80.00: "just a text"
      RenderSVGText {text} at (2100,2902) size 80x23 contains 1 chunk(s)
        RenderSVGInlineText {#text} at (0,0) size 80x23
          chunk 1 text run 1 at (2100.00,2920.00) startOffset 0 endOffset 11 width 80.00: "just a text"
      RenderSVGText {text} at (2200,2902) size 80x23 contains 1 chunk(s)
        RenderSVGInlineText {#text} at (0,0) size 80x23
          chunk 1 text run 1 at (2200.00,2920.00) startOffset 0 endOffset 11 width 80.00: "just a text"
      RenderSVGText {text} at (2300,2902) size 80x23 contains 1 chunk(s)
        RenderSVGInlineText {#text} at (0,0) size 80x23
          chunk 1 text run 1 at (2300.00,2920.00) startOffset 0 endOffset 11 width 80.00: "just a text"
      RenderSVGText {text} at (2400,2902) size 80x23 contains 1 chunk(s)
        RenderSVGInlineText {#text} at (0,0) size 80x23
          chunk 1 text run 1 at (2400.00,2920.00) startOffset 0 endOffset 11 width 80.00: "just a text"
      RenderSVGText {text} at (2500,2902) size 80x23 contains 1 chunk(s)
        RenderSVGInlineText {#text} at (0,0) size 80x23
          chunk 1 text run 1 at (2500.00,2920.00) startOffset 0 endOffset 11 width 80.00: "just a text"
      RenderSVGText {text} at (2600,2902) size 80x23 contains 1 chunk(s)
        RenderSVGInlineText {#text} at (0,0) size 80x23
          chunk 1 text run 1 at (2600.00,2920.00) startOffset 0 endOffset 11 width 80.00: "just a text"
      RenderSVGText {text} at (2700,2902) size 80x23 contains 1 chunk(s)
        RenderSVGInlineText {#text} at (0,0) size 80x23
          chunk 1 text run 1 at (2700.00,2920.00) startOffset 0 endOffset 11 width 80.00: "just a text"
      RenderSVGText {text} at (2800,2902) size 80x23 contains 1 chunk(s)
        RenderSVGInlineText {#text} at (0,0) size 80x23
          chunk 1 text run 1 at (2800.00,2920.00) startOffset 0 endOffset 11 width 80.00: "just a text"
      RenderSVGText {text} at (2900,2902) size 80x23 contains 1 chunk(s)
        RenderSVGInlineText {#text} at (0,0) size 80x23
          chunk 1 text run 1 at (2900.00,2920.00) startOffset 0 endOffset 11 width 80.00: "just a text"
      RenderSVGText {text} at (3000,2902) size 80x23 contains 1 chunk(s)
        RenderSVGInlineText {#text} at (0,0) size 80x23
          chunk 1 text run 1 at (3000.00,2920.00) startOffset 0 endOffset 11 width 80.00: "just a text"
      RenderSVGText {text} at (3100,2902) size 80x23 contains 1 chunk(s)
        RenderSVGInlineText {#text} at (0,0) size 80x23
          chunk 1 text run 1 at (3100.00,2920.00) startOffset 0 endOffset 11 width 80.00: "just a text"
      RenderSVGText {text} at (3200,2902) size 80x23 contains 1 chunk(s)
        RenderSVGInlineText {#text} at (0,0) size 80x23
          chunk 1 text run 1 at (3200.00,2920.00) startOffset 0 endOffset 11 width 80.00: "just a text"
      RenderSVGText {text} at (3300,2902) size 80x23 contains 1 chunk(s)
        RenderSVGInlineText {#text} at (0,0) size 80x23
          chunk 1 text run 1 at (3300.00,2920.00) startOffset 0 endOffset 11 width 80.00: "just a text"
      RenderSVGText {text} at (3400,2902) size 80x23 contains 1 chunk(s)
        RenderSVGInlineText {#text} at (0,0) size 80x23
          chunk 1 text run 1 at (3400.00,2920.00) startOffset 0 endOffset 11 width 80.00: "just a text"
      RenderSVGText {text} at (3500,2902) size 80x23 contains 1 chunk(s)
        RenderSVGInlineText {#text} at (0,0) size 80x23
          chunk 1 text run 1 at (3500.00,2920.00) startOffset 0 endOffset 11 width 80.00: "just a text"
      RenderSVGText {text} at (3600,2902) size 80x23 contains 1 chunk(s)
        RenderSVGInlineText {#text} at (0,0) size 80x23
          chunk 1 text run 1 at (3600.00,2920.00) startOffset 0 endOffset 11 width 80.00: "just a text"
      RenderSVGText {text} at (3700,2902) size 80x23 contains 1 chunk(s)
        RenderSVGInlineText {#text} at (0,0) size 80x23
          chunk 1 text run 1 at (3700.00,2920.00) startOffset 0 endOffset 11 width 80.00: "just a text"
      RenderSVGText {text} at (3800,2902) size 80x23 contains 1 chunk(s)
        RenderSVGInlineText {#text} at (0,0) size 80x23
          chunk 1 text run 1 at (3800.00,2920.00) startOffset 0 endOffset 11 width 80.00: "just a text"
      RenderSVGText {text} at (3900,2902) size 80x23 contains 1 chunk(s)
        RenderSVGInlineText {#text} at (0,0) size 80x23
          chunk 1 text run 1 at (3900.00,2920.00) startOffset 0 endOffset 11 width 80.00: "just a text"
      RenderSVGText {text} at (4000,2902) size 80x23 contains 1 chunk(s)
        RenderSVGInlineText {#text} at (0,0) size 80x23
          chunk 1 text run 1 at (4000.00,2920.00) startOffset 0 endOffset 11 width 80.00: "just a text"
      RenderSVGText {text} at (4100,2902) size 80x23 contains 1 chunk(s)
        RenderSVGInlineText {#text} at (0,0) size 80x23
          chunk 1 text run 1 at (4100.00,2920.00) startOffset 0 endOffset 11 width 80.00: "just a text"
      RenderSVGText {text} at (4200,2902) size 80x23 contains 1 chunk(s)
        RenderSVGInlineText {#text} at (0,0) size 80x23
          chunk 1 text run 1 at (4200.00,2920.00) startOffset 0 endOffset 11 width 80.00: "just a text"
      RenderSVGText {text} at (4300,2902) size 80x23 contains 1 chunk(s)
        RenderSVGInlineText {#text} at (0,0) size 80x23
          chunk 1 text run 1 at (4300.00,2920.00) startOffset 0 endOffset 11 width 80.00: "just a text"
      RenderSVGText {text} at (4400,2902) size 80x23 contains 1 chunk(s)
        RenderSVGInlineText {#text} at (0,0) size 80x23
          chunk 1 text run 1 at (4400.00,2920.00) startOffset 0 endOffset 11 width 80.00: "just a text"
      RenderSVGText {text} at (4500,2902) size 80x23 contains 1 chunk(s)
        RenderSVGInlineText {#text} at (0,0) size 80x23
          chunk 1 text run 1 at (4500.00,2920.00) startOffset 0 endOffset 11 width 80.00: "just a text"
      RenderSVGText {text} at (4600,2902) size 80x23 contains 1 chunk(s)
        RenderSVGInlineText {#text} at (0,0) size 80x23
          chunk 1 text run 1 at (4600.00,2920.00) startOffset 0 endOffset 11 width 80.00: "just a text"
      RenderSVGText {text} at (4700,2902) size 80x23 contains 1 chunk(s)
        RenderSVGInlineText {#text} at (0,0) size 80x23
          chunk 1 text run 1 at (4700.00,2920.00) startOffset 0 endOffset 11 width 80.00: "just a text"
      RenderSVGText {text} at (4800,2902) size 80x23 contains 1 chunk(s)
        RenderSVGInlineText {#text} at (0,0) size 80x23
          chunk 1 text run 1 at (4800.00,2920.00) startOffset 0 endOffset 11 width 80.00: "just a text"
      RenderSVGText {text} at (4900,2902) size 80x23 contains 1 chunk(s)
        RenderSVGInlineText {#text} at (0,0) size 80x23
          chunk 1 text run 1 at (4900.00,2920.00) startOffset 0 endOffset 11 width 80.00: "just a text"
      RenderSVGText {text} at (0,3002) size 80x23 contains 1 chunk(s)
        RenderSVGInlineText {#text} at (0,0) size 80x23
          chunk 1 text run 1 at (0.00,3020.00) startOffset 0 endOffset 11 width 80.00: "just a text"
      RenderSVGText {text} at (100,3002) size 80x23 contains 1 chunk(s)
        RenderSVGInlineText {#text} at (0,0) size 80x23
          chunk 1 text run 1 at (100.00,3020.00) startOffset 0 endOffset 11 width 80.00: "just a text"
      RenderSVGText {text} at (200,3002) size 80x23 contains 1 chunk(s)
        RenderSVGInlineText {#text} at (0,0) size 80x23
          chunk 1 text run 1 at (200.00,3020.00) startOffset 0 endOffset 11 width 80.00: "just a text"
      RenderSVGText {text} at (300,3002) size 80x23 contains 1 chunk(s)
        RenderSVGInlineText {#text} at (0,0) size 80x23
          chunk 1 text run 1 at (300.00,3020.00) startOffset 0 endOffset 11 width 80.00: "just a text"
      RenderSVGText {text} at (400,3002) size 80x23 contains 1 chunk(s)
        RenderSVGInlineText {#text} at (0,0) size 80x23
          chunk 1 text run 1 at (400.00,3020.00) startOffset 0 endOffset 11 width 80.00: "just a text"
      RenderSVGText {text} at (500,3002) size 80x23 contains 1 chunk(s)
        RenderSVGInlineText {#text} at (0,0) size 80x23
          chunk 1 text run 1 at (500.00,3020.00) startOffset 0 endOffset 11 width 80.00: "just a text"
      RenderSVGText {text} at (600,3002) size 80x23 contains 1 chunk(s)
        RenderSVGInlineText {#text} at (0,0) size 80x23
          chunk 1 text run 1 at (600.00,3020.00) startOffset 0 endOffset 11 width 80.00: "just a text"
      RenderSVGText {text} at (700,3002) size 80x23 contains 1 chunk(s)
        RenderSVGInlineText {#text} at (0,0) size 80x23
          chunk 1 text run 1 at (700.00,3020.00) startOffset 0 endOffset 11 width 80.00: "just a text"
      RenderSVGText {text} at (800,3002) size 80x23 contains 1 chunk(s)
        RenderSVGInlineText {#text} at (0,0) size 80x23
          chunk 1 text run 1 at (800.00,3020.00) startOffset 0 endOffset 11 width 80.00: "just a text"
      RenderSVGText {text} at (900,3002) size 80x23 contains 1 chunk(s)
        RenderSVGInlineText {#text} at (0,0) size 80x23
          chunk 1 text run 1 at (900.00,3020.00) startOffset 0 endOffset 11 width 80.00: "just a text"
      RenderSVGText {text} at (1000,3002) size 80x23 contains 1 chunk(s)
        RenderSVGInlineText {#text} at (0,0) size 80x23
          chunk 1 text run 1 at (1000.00,3020.00) startOffset 0 endOffset 11 width 80.00: "just a text"
      RenderSVGText {text} at (1100,3002) size 80x23 contains 1 chunk(s)
        RenderSVGInlineText {#text} at (0,0) size 80x23
          chunk 1 text run 1 at (1100.00,3020.00) startOffset 0 endOffset 11 width 80.00: "just a text"
      RenderSVGText {text} at (1200,3002) size 80x23 contains 1 chunk(s)
        RenderSVGInlineText {#text} at (0,0) size 80x23
          chunk 1 text run 1 at (1200.00,3020.00) startOffset 0 endOffset 11 width 80.00: "just a text"
      RenderSVGText {text} at (1300,3002) size 80x23 contains 1 chunk(s)
        RenderSVGInlineText {#text} at (0,0) size 80x23
          chunk 1 text run 1 at (1300.00,3020.00) startOffset 0 endOffset 11 width 80.00: "just a text"
      RenderSVGText {text} at (1400,3002) size 80x23 contains 1 chunk(s)
        RenderSVGInlineText {#text} at (0,0) size 80x23
          chunk 1 text run 1 at (1400.00,3020.00) startOffset 0 endOffset 11 width 80.00: "just a text"
      RenderSVGText {text} at (1500,3002) size 80x23 contains 1 chunk(s)
        RenderSVGInlineText {#text} at (0,0) size 80x23
          chunk 1 text run 1 at (1500.00,3020.00) startOffset 0 endOffset 11 width 80.00: "just a text"
      RenderSVGText {text} at (1600,3002) size 80x23 contains 1 chunk(s)
        RenderSVGInlineText {#text} at (0,0) size 80x23
          chunk 1 text run 1 at (1600.00,3020.00) startOffset 0 endOffset 11 width 80.00: "just a text"
      RenderSVGText {text} at (1700,3002) size 80x23 contains 1 chunk(s)
        RenderSVGInlineText {#text} at (0,0) size 80x23
          chunk 1 text run 1 at (1700.00,3020.00) startOffset 0 endOffset 11 width 80.00: "just a text"
      RenderSVGText {text} at (1800,3002) size 80x23 contains 1 chunk(s)
        RenderSVGInlineText {#text} at (0,0) size 80x23
          chunk 1 text run 1 at (1800.00,3020.00) startOffset 0 endOffset 11 width 80.00: "just a text"
      RenderSVGText {text} at (1900,3002) size 80x23 contains 1 chunk(s)
        RenderSVGInlineText {#text} at (0,0) size 80x23
          chunk 1 text run 1 at (1900.00,3020.00) startOffset 0 endOffset 11 width 80.00: "just a text"
      RenderSVGText {text} at (2000,3002) size 80x23 contains 1 chunk(s)
        RenderSVGInlineText {#text} at (0,0) size 80x23
          chunk 1 text run 1 at (2000.00,3020.00) startOffset 0 endOffset 11 width 80.00: "just a text"
      RenderSVGText {text} at (2100,3002) size 80x23 contains 1 chunk(s)
        RenderSVGInlineText {#text} at (0,0) size 80x23
          chunk 1 text run 1 at (2100.00,3020.00) startOffset 0 endOffset 11 width 80.00: "just a text"
      RenderSVGText {text} at (2200,3002) size 80x23 contains 1 chunk(s)
        RenderSVGInlineText {#text} at (0,0) size 80x23
          chunk 1 text run 1 at (2200.00,3020.00) startOffset 0 endOffset 11 width 80.00: "just a text"
      RenderSVGText {text} at (2300,3002) size 80x23 contains 1 chunk(s)
        RenderSVGInlineText {#text} at (0,0) size 80x23
          chunk 1 text run 1 at (2300.00,3020.00) startOffset 0 endOffset 11 width 80.00: "just a text"
      RenderSVGText {text} at (2400,3002) size 80x23 contains 1 chunk(s)
        RenderSVGInlineText {#text} at (0,0) size 80x23
          chunk 1 text run 1 at (2400.00,3020.00) startOffset 0 endOffset 11 width 80.00: "just a text"
      RenderSVGText {text} at (2500,3002) size 80x23 contains 1 chunk(s)
        RenderSVGInlineText {#text} at (0,0) size 80x23
          chunk 1 text run 1 at (2500.00,3020.00) startOffset 0 endOffset 11 width 80.00: "just a text"
      RenderSVGText {text} at (2600,3002) size 80x23 contains 1 chunk(s)
        RenderSVGInlineText {#text} at (0,0) size 80x23
          chunk 1 text run 1 at (2600.00,3020.00) startOffset 0 endOffset 11 width 80.00: "just a text"
      RenderSVGText {text} at (2700,3002) size 80x23 contains 1 chunk(s)
        RenderSVGInlineText {#text} at (0,0) size 80x23
          chunk 1 text run 1 at (2700.00,3020.00) startOffset 0 endOffset 11 width 80.00: "just a text"
      RenderSVGText {text} at (2800,3002) size 80x23 contains 1 chunk(s)
        RenderSVGInlineText {#text} at (0,0) size 80x23
          chunk 1 text run 1 at (2800.00,3020.00) startOffset 0 endOffset 11 width 80.00: "just a text"
      RenderSVGText {text} at (2900,3002) size 80x23 contains 1 chunk(s)
        RenderSVGInlineText {#text} at (0,0) size 80x23
          chunk 1 text run 1 at (2900.00,3020.00) startOffset 0 endOffset 11 width 80.00: "just a text"
      RenderSVGText {text} at (3000,3002) size 80x23 contains 1 chunk(s)
        RenderSVGInlineText {#text} at (0,0) size 80x23
          chunk 1 text run 1 at (3000.00,3020.00) startOffset 0 endOffset 11 width 80.00: "just a text"
      RenderSVGText {text} at (3100,3002) size 80x23 contains 1 chunk(s)
        RenderSVGInlineText {#text} at (0,0) size 80x23
          chunk 1 text run 1 at (3100.00,3020.00) startOffset 0 endOffset 11 width 80.00: "just a text"
      RenderSVGText {text} at (3200,3002) size 80x23 contains 1 chunk(s)
        RenderSVGInlineText {#text} at (0,0) size 80x23
          chunk 1 text run 1 at (3200.00,3020.00) startOffset 0 endOffset 11 width 80.00: "just a text"
      RenderSVGText {text} at (3300,3002) size 80x23 contains 1 chunk(s)
        RenderSVGInlineText {#text} at (0,0) size 80x23
          chunk 1 text run 1 at (3300.00,3020.00) startOffset 0 endOffset 11 width 80.00: "just a text"
      RenderSVGText {text} at (3400,3002) size 80x23 contains 1 chunk(s)
        RenderSVGInlineText {#text} at (0,0) size 80x23
          chunk 1 text run 1 at (3400.00,3020.00) startOffset 0 endOffset 11 width 80.00: "just a text"
      RenderSVGText {text} at (3500,3002) size 80x23 contains 1 chunk(s)
        RenderSVGInlineText {#text} at (0,0) size 80x23
          chunk 1 text run 1 at (3500.00,3020.00) startOffset 0 endOffset 11 width 80.00: "just a text"
      RenderSVGText {text} at (3600,3002) size 80x23 contains 1 chunk(s)
        RenderSVGInlineText {#text} at (0,0) size 80x23
          chunk 1 text run 1 at (3600.00,3020.00) startOffset 0 endOffset 11 width 80.00: "just a text"
      RenderSVGText {text} at (3700,3002) size 80x23 contains 1 chunk(s)
        RenderSVGInlineText {#text} at (0,0) size 80x23
          chunk 1 text run 1 at (3700.00,3020.00) startOffset 0 endOffset 11 width 80.00: "just a text"
      RenderSVGText {text} at (3800,3002) size 80x23 contains 1 chunk(s)
        RenderSVGInlineText {#text} at (0,0) size 80x23
          chunk 1 text run 1 at (3800.00,3020.00) startOffset 0 endOffset 11 width 80.00: "just a text"
      RenderSVGText {text} at (3900,3002) size 80x23 contains 1 chunk(s)
        RenderSVGInlineText {#text} at (0,0) size 80x23
          chunk 1 text run 1 at (3900.00,3020.00) startOffset 0 endOffset 11 width 80.00: "just a text"
      RenderSVGText {text} at (4000,3002) size 80x23 contains 1 chunk(s)
        RenderSVGInlineText {#text} at (0,0) size 80x23
          chunk 1 text run 1 at (4000.00,3020.00) startOffset 0 endOffset 11 width 80.00: "just a text"
      RenderSVGText {text} at (4100,3002) size 80x23 contains 1 chunk(s)
        RenderSVGInlineText {#text} at (0,0) size 80x23
          chunk 1 text run 1 at (4100.00,3020.00) startOffset 0 endOffset 11 width 80.00: "just a text"
      RenderSVGText {text} at (4200,3002) size 80x23 contains 1 chunk(s)
        RenderSVGInlineText {#text} at (0,0) size 80x23
          chunk 1 text run 1 at (4200.00,3020.00) startOffset 0 endOffset 11 width 80.00: "just a text"
      RenderSVGText {text} at (4300,3002) size 80x23 contains 1 chunk(s)
        RenderSVGInlineText {#text} at (0,0) size 80x23
          chunk 1 text run 1 at (4300.00,3020.00) startOffset 0 endOffset 11 width 80.00: "just a text"
      RenderSVGText {text} at (4400,3002) size 80x23 contains 1 chunk(s)
        RenderSVGInlineText {#text} at (0,0) size 80x23
          chunk 1 text run 1 at (4400.00,3020.00) startOffset 0 endOffset 11 width 80.00: "just a text"
      RenderSVGText {text} at (4500,3002) size 80x23 contains 1 chunk(s)
        RenderSVGInlineText {#text} at (0,0) size 80x23
          chunk 1 text run 1 at (4500.00,3020.00) startOffset 0 endOffset 11 width 80.00: "just a text"
      RenderSVGText {text} at (4600,3002) size 80x23 contains 1 chunk(s)
        RenderSVGInlineText {#text} at (0,0) size 80x23
          chunk 1 text run 1 at (4600.00,3020.00) startOffset 0 endOffset 11 width 80.00: "just a text"
      RenderSVGText {text} at (4700,3002) size 80x23 contains 1 chunk(s)
        RenderSVGInlineText {#text} at (0,0) size 80x23
          chunk 1 text run 1 at (4700.00,3020.00) startOffset 0 endOffset 11 width 80.00: "just a text"
      RenderSVGText {text} at (4800,3002) size 80x23 contains 1 chunk(s)
        RenderSVGInlineText {#text} at (0,0) size 80x23
          chunk 1 text run 1 at (4800.00,3020.00) startOffset 0 endOffset 11 width 80.00: "just a text"
      RenderSVGText {text} at (4900,3002) size 80x23 contains 1 chunk(s)
        RenderSVGInlineText {#text} at (0,0) size 80x23
          chunk 1 text run 1 at (4900.00,3020.00) startOffset 0 endOffset 11 width 80.00: "just a text"
      RenderSVGText {text} at (0,3102) size 80x23 contains 1 chunk(s)
        RenderSVGInlineText {#text} at (0,0) size 80x23
          chunk 1 text run 1 at (0.00,3120.00) startOffset 0 endOffset 11 width 80.00: "just a text"
      RenderSVGText {text} at (100,3102) size 80x23 contains 1 chunk(s)
        RenderSVGInlineText {#text} at (0,0) size 80x23
          chunk 1 text run 1 at (100.00,3120.00) startOffset 0 endOffset 11 width 80.00: "just a text"
      RenderSVGText {text} at (200,3102) size 80x23 contains 1 chunk(s)
        RenderSVGInlineText {#text} at (0,0) size 80x23
          chunk 1 text run 1 at (200.00,3120.00) startOffset 0 endOffset 11 width 80.00: "just a text"
      RenderSVGText {text} at (300,3102) size 80x23 contains 1 chunk(s)
        RenderSVGInlineText {#text} at (0,0) size 80x23
          chunk 1 text run 1 at (300.00,3120.00) startOffset 0 endOffset 11 width 80.00: "just a text"
      RenderSVGText {text} at (400,3102) size 80x23 contains 1 chunk(s)
        RenderSVGInlineText {#text} at (0,0) size 80x23
          chunk 1 text run 1 at (400.00,3120.00) startOffset 0 endOffset 11 width 80.00: "just a text"
      RenderSVGText {text} at (500,3102) size 80x23 contains 1 chunk(s)
        RenderSVGInlineText {#text} at (0,0) size 80x23
          chunk 1 text run 1 at (500.00,3120.00) startOffset 0 endOffset 11 width 80.00: "just a text"
      RenderSVGText {text} at (600,3102) size 80x23 contains 1 chunk(s)
        RenderSVGInlineText {#text} at (0,0) size 80x23
          chunk 1 text run 1 at (600.00,3120.00) startOffset 0 endOffset 11 width 80.00: "just a text"
      RenderSVGText {text} at (700,3102) size 80x23 contains 1 chunk(s)
        RenderSVGInlineText {#text} at (0,0) size 80x23
          chunk 1 text run 1 at (700.00,3120.00) startOffset 0 endOffset 11 width 80.00: "just a text"
      RenderSVGText {text} at (800,3102) size 80x23 contains 1 chunk(s)
        RenderSVGInlineText {#text} at (0,0) size 80x23
          chunk 1 text run 1 at (800.00,3120.00) startOffset 0 endOffset 11 width 80.00: "just a text"
      RenderSVGText {text} at (900,3102) size 80x23 contains 1 chunk(s)
        RenderSVGInlineText {#text} at (0,0) size 80x23
          chunk 1 text run 1 at (900.00,3120.00) startOffset 0 endOffset 11 width 80.00: "just a text"
      RenderSVGText {text} at (1000,3102) size 80x23 contains 1 chunk(s)
        RenderSVGInlineText {#text} at (0,0) size 80x23
          chunk 1 text run 1 at (1000.00,3120.00) startOffset 0 endOffset 11 width 80.00: "just a text"
      RenderSVGText {text} at (1100,3102) size 80x23 contains 1 chunk(s)
        RenderSVGInlineText {#text} at (0,0) size 80x23
          chunk 1 text run 1 at (1100.00,3120.00) startOffset 0 endOffset 11 width 80.00: "just a text"
      RenderSVGText {text} at (1200,3102) size 80x23 contains 1 chunk(s)
        RenderSVGInlineText {#text} at (0,0) size 80x23
          chunk 1 text run 1 at (1200.00,3120.00) startOffset 0 endOffset 11 width 80.00: "just a text"
      RenderSVGText {text} at (1300,3102) size 80x23 contains 1 chunk(s)
        RenderSVGInlineText {#text} at (0,0) size 80x23
          chunk 1 text run 1 at (1300.00,3120.00) startOffset 0 endOffset 11 width 80.00: "just a text"
      RenderSVGText {text} at (1400,3102) size 80x23 contains 1 chunk(s)
        RenderSVGInlineText {#text} at (0,0) size 80x23
          chunk 1 text run 1 at (1400.00,3120.00) startOffset 0 endOffset 11 width 80.00: "just a text"
      RenderSVGText {text} at (1500,3102) size 80x23 contains 1 chunk(s)
        RenderSVGInlineText {#text} at (0,0) size 80x23
          chunk 1 text run 1 at (1500.00,3120.00) startOffset 0 endOffset 11 width 80.00: "just a text"
      RenderSVGText {text} at (1600,3102) size 80x23 contains 1 chunk(s)
        RenderSVGInlineText {#text} at (0,0) size 80x23
          chunk 1 text run 1 at (1600.00,3120.00) startOffset 0 endOffset 11 width 80.00: "just a text"
      RenderSVGText {text} at (1700,3102) size 80x23 contains 1 chunk(s)
        RenderSVGInlineText {#text} at (0,0) size 80x23
          chunk 1 text run 1 at (1700.00,3120.00) startOffset 0 endOffset 11 width 80.00: "just a text"
      RenderSVGText {text} at (1800,3102) size 80x23 contains 1 chunk(s)
        RenderSVGInlineText {#text} at (0,0) size 80x23
          chunk 1 text run 1 at (1800.00,3120.00) startOffset 0 endOffset 11 width 80.00: "just a text"
      RenderSVGText {text} at (1900,3102) size 80x23 contains 1 chunk(s)
        RenderSVGInlineText {#text} at (0,0) size 80x23
          chunk 1 text run 1 at (1900.00,3120.00) startOffset 0 endOffset 11 width 80.00: "just a text"
      RenderSVGText {text} at (2000,3102) size 80x23 contains 1 chunk(s)
        RenderSVGInlineText {#text} at (0,0) size 80x23
          chunk 1 text run 1 at (2000.00,3120.00) startOffset 0 endOffset 11 width 80.00: "just a text"
      RenderSVGText {text} at (2100,3102) size 80x23 contains 1 chunk(s)
        RenderSVGInlineText {#text} at (0,0) size 80x23
          chunk 1 text run 1 at (2100.00,3120.00) startOffset 0 endOffset 11 width 80.00: "just a text"
      RenderSVGText {text} at (2200,3102) size 80x23 contains 1 chunk(s)
        RenderSVGInlineText {#text} at (0,0) size 80x23
          chunk 1 text run 1 at (2200.00,3120.00) startOffset 0 endOffset 11 width 80.00: "just a text"
      RenderSVGText {text} at (2300,3102) size 80x23 contains 1 chunk(s)
        RenderSVGInlineText {#text} at (0,0) size 80x23
          chunk 1 text run 1 at (2300.00,3120.00) startOffset 0 endOffset 11 width 80.00: "just a text"
      RenderSVGText {text} at (2400,3102) size 80x23 contains 1 chunk(s)
        RenderSVGInlineText {#text} at (0,0) size 80x23
          chunk 1 text run 1 at (2400.00,3120.00) startOffset 0 endOffset 11 width 80.00: "just a text"
      RenderSVGText {text} at (2500,3102) size 80x23 contains 1 chunk(s)
        RenderSVGInlineText {#text} at (0,0) size 80x23
          chunk 1 text run 1 at (2500.00,3120.00) startOffset 0 endOffset 11 width 80.00: "just a text"
      RenderSVGText {text} at (2600,3102) size 80x23 contains 1 chunk(s)
        RenderSVGInlineText {#text} at (0,0) size 80x23
          chunk 1 text run 1 at (2600.00,3120.00) startOffset 0 endOffset 11 width 80.00: "just a text"
      RenderSVGText {text} at (2700,3102) size 80x23 contains 1 chunk(s)
        RenderSVGInlineText {#text} at (0,0) size 80x23
          chunk 1 text run 1 at (2700.00,3120.00) startOffset 0 endOffset 11 width 80.00: "just a text"
      RenderSVGText {text} at (2800,3102) size 80x23 contains 1 chunk(s)
        RenderSVGInlineText {#text} at (0,0) size 80x23
          chunk 1 text run 1 at (2800.00,3120.00) startOffset 0 endOffset 11 width 80.00: "just a text"
      RenderSVGText {text} at (2900,3102) size 80x23 contains 1 chunk(s)
        RenderSVGInlineText {#text} at (0,0) size 80x23
          chunk 1 text run 1 at (2900.00,3120.00) startOffset 0 endOffset 11 width 80.00: "just a text"
      RenderSVGText {text} at (3000,3102) size 80x23 contains 1 chunk(s)
        RenderSVGInlineText {#text} at (0,0) size 80x23
          chunk 1 text run 1 at (3000.00,3120.00) startOffset 0 endOffset 11 width 80.00: "just a text"
      RenderSVGText {text} at (3100,3102) size 80x23 contains 1 chunk(s)
        RenderSVGInlineText {#text} at (0,0) size 80x23
          chunk 1 text run 1 at (3100.00,3120.00) startOffset 0 endOffset 11 width 80.00: "just a text"
      RenderSVGText {text} at (3200,3102) size 80x23 contains 1 chunk(s)
        RenderSVGInlineText {#text} at (0,0) size 80x23
          chunk 1 text run 1 at (3200.00,3120.00) startOffset 0 endOffset 11 width 80.00: "just a text"
      RenderSVGText {text} at (3300,3102) size 80x23 contains 1 chunk(s)
        RenderSVGInlineText {#text} at (0,0) size 80x23
          chunk 1 text run 1 at (3300.00,3120.00) startOffset 0 endOffset 11 width 80.00: "just a text"
      RenderSVGText {text} at (3400,3102) size 80x23 contains 1 chunk(s)
        RenderSVGInlineText {#text} at (0,0) size 80x23
          chunk 1 text run 1 at (3400.00,3120.00) startOffset 0 endOffset 11 width 80.00: "just a text"
      RenderSVGText {text} at (3500,3102) size 80x23 contains 1 chunk(s)
        RenderSVGInlineText {#text} at (0,0) size 80x23
          chunk 1 text run 1 at (3500.00,3120.00) startOffset 0 endOffset 11 width 80.00: "just a text"
      RenderSVGText {text} at (3600,3102) size 80x23 contains 1 chunk(s)
        RenderSVGInlineText {#text} at (0,0) size 80x23
          chunk 1 text run 1 at (3600.00,3120.00) startOffset 0 endOffset 11 width 80.00: "just a text"
      RenderSVGText {text} at (3700,3102) size 80x23 contains 1 chunk(s)
        RenderSVGInlineText {#text} at (0,0) size 80x23
          chunk 1 text run 1 at (3700.00,3120.00) startOffset 0 endOffset 11 width 80.00: "just a text"
      RenderSVGText {text} at (3800,3102) size 80x23 contains 1 chunk(s)
        RenderSVGInlineText {#text} at (0,0) size 80x23
          chunk 1 text run 1 at (3800.00,3120.00) startOffset 0 endOffset 11 width 80.00: "just a text"
      RenderSVGText {text} at (3900,3102) size 80x23 contains 1 chunk(s)
        RenderSVGInlineText {#text} at (0,0) size 80x23
          chunk 1 text run 1 at (3900.00,3120.00) startOffset 0 endOffset 11 width 80.00: "just a text"
      RenderSVGText {text} at (4000,3102) size 80x23 contains 1 chunk(s)
        RenderSVGInlineText {#text} at (0,0) size 80x23
          chunk 1 text run 1 at (4000.00,3120.00) startOffset 0 endOffset 11 width 80.00: "just a text"
      RenderSVGText {text} at (4100,3102) size 80x23 contains 1 chunk(s)
        RenderSVGInlineText {#text} at (0,0) size 80x23
          chunk 1 text run 1 at (4100.00,3120.00) startOffset 0 endOffset 11 width 80.00: "just a text"
      RenderSVGText {text} at (4200,3102) size 80x23 contains 1 chunk(s)
        RenderSVGInlineText {#text} at (0,0) size 80x23
          chunk 1 text run 1 at (4200.00,3120.00) startOffset 0 endOffset 11 width 80.00: "just a text"
      RenderSVGText {text} at (4300,3102) size 80x23 contains 1 chunk(s)
        RenderSVGInlineText {#text} at (0,0) size 80x23
          chunk 1 text run 1 at (4300.00,3120.00) startOffset 0 endOffset 11 width 80.00: "just a text"
      RenderSVGText {text} at (4400,3102) size 80x23 contains 1 chunk(s)
        RenderSVGInlineText {#text} at (0,0) size 80x23
          chunk 1 text run 1 at (4400.00,3120.00) startOffset 0 endOffset 11 width 80.00: "just a text"
      RenderSVGText {text} at (4500,3102) size 80x23 contains 1 chunk(s)
        RenderSVGInlineText {#text} at (0,0) size 80x23
          chunk 1 text run 1 at (4500.00,3120.00) startOffset 0 endOffset 11 width 80.00: "just a text"
      RenderSVGText {text} at (4600,3102) size 80x23 contains 1 chunk(s)
        RenderSVGInlineText {#text} at (0,0) size 80x23
          chunk 1 text run 1 at (4600.00,3120.00) startOffset 0 endOffset 11 width 80.00: "just a text"
      RenderSVGText {text} at (4700,3102) size 80x23 contains 1 chunk(s)
        RenderSVGInlineText {#text} at (0,0) size 80x23
          chunk 1 text run 1 at (4700.00,3120.00) startOffset 0 endOffset 11 width 80.00: "just a text"
      RenderSVGText {text} at (4800,3102) size 80x23 contains 1 chunk(s)
        RenderSVGInlineText {#text} at (0,0) size 80x23
          chunk 1 text run 1 at (4800.00,3120.00) startOffset 0 endOffset 11 width 80.00: "just a text"
      RenderSVGText {text} at (4900,3102) size 80x23 contains 1 chunk(s)
        RenderSVGInlineText {#text} at (0,0) size 80x23
          chunk 1 text run 1 at (4900.00,3120.00) startOffset 0 endOffset 11 width 80.00: "just a text"
      RenderSVGText {text} at (0,3202) size 80x23 contains 1 chunk(s)
        RenderSVGInlineText {#text} at (0,0) size 80x23
          chunk 1 text run 1 at (0.00,3220.00) startOffset 0 endOffset 11 width 80.00: "just a text"
      RenderSVGText {text} at (100,3202) size 80x23 contains 1 chunk(s)
        RenderSVGInlineText {#text} at (0,0) size 80x23
          chunk 1 text run 1 at (100.00,3220.00) startOffset 0 endOffset 11 width 80.00: "just a text"
      RenderSVGText {text} at (200,3202) size 80x23 contains 1 chunk(s)
        RenderSVGInlineText {#text} at (0,0) size 80x23
          chunk 1 text run 1 at (200.00,3220.00) startOffset 0 endOffset 11 width 80.00: "just a text"
      RenderSVGText {text} at (300,3202) size 80x23 contains 1 chunk(s)
        RenderSVGInlineText {#text} at (0,0) size 80x23
          chunk 1 text run 1 at (300.00,3220.00) startOffset 0 endOffset 11 width 80.00: "just a text"
      RenderSVGText {text} at (400,3202) size 80x23 contains 1 chunk(s)
        RenderSVGInlineText {#text} at (0,0) size 80x23
          chunk 1 text run 1 at (400.00,3220.00) startOffset 0 endOffset 11 width 80.00: "just a text"
      RenderSVGText {text} at (500,3202) size 80x23 contains 1 chunk(s)
        RenderSVGInlineText {#text} at (0,0) size 80x23
          chunk 1 text run 1 at (500.00,3220.00) startOffset 0 endOffset 11 width 80.00: "just a text"
      RenderSVGText {text} at (600,3202) size 80x23 contains 1 chunk(s)
        RenderSVGInlineText {#text} at (0,0) size 80x23
          chunk 1 text run 1 at (600.00,3220.00) startOffset 0 endOffset 11 width 80.00: "just a text"
      RenderSVGText {text} at (700,3202) size 80x23 contains 1 chunk(s)
        RenderSVGInlineText {#text} at (0,0) size 80x23
          chunk 1 text run 1 at (700.00,3220.00) startOffset 0 endOffset 11 width 80.00: "just a text"
      RenderSVGText {text} at (800,3202) size 80x23 contains 1 chunk(s)
        RenderSVGInlineText {#text} at (0,0) size 80x23
          chunk 1 text run 1 at (800.00,3220.00) startOffset 0 endOffset 11 width 80.00: "just a text"
      RenderSVGText {text} at (900,3202) size 80x23 contains 1 chunk(s)
        RenderSVGInlineText {#text} at (0,0) size 80x23
          chunk 1 text run 1 at (900.00,3220.00) startOffset 0 endOffset 11 width 80.00: "just a text"
      RenderSVGText {text} at (1000,3202) size 80x23 contains 1 chunk(s)
        RenderSVGInlineText {#text} at (0,0) size 80x23
          chunk 1 text run 1 at (1000.00,3220.00) startOffset 0 endOffset 11 width 80.00: "just a text"
      RenderSVGText {text} at (1100,3202) size 80x23 contains 1 chunk(s)
        RenderSVGInlineText {#text} at (0,0) size 80x23
          chunk 1 text run 1 at (1100.00,3220.00) startOffset 0 endOffset 11 width 80.00: "just a text"
      RenderSVGText {text} at (1200,3202) size 80x23 contains 1 chunk(s)
        RenderSVGInlineText {#text} at (0,0) size 80x23
          chunk 1 text run 1 at (1200.00,3220.00) startOffset 0 endOffset 11 width 80.00: "just a text"
      RenderSVGText {text} at (1300,3202) size 80x23 contains 1 chunk(s)
        RenderSVGInlineText {#text} at (0,0) size 80x23
          chunk 1 text run 1 at (1300.00,3220.00) startOffset 0 endOffset 11 width 80.00: "just a text"
      RenderSVGText {text} at (1400,3202) size 80x23 contains 1 chunk(s)
        RenderSVGInlineText {#text} at (0,0) size 80x23
          chunk 1 text run 1 at (1400.00,3220.00) startOffset 0 endOffset 11 width 80.00: "just a text"
      RenderSVGText {text} at (1500,3202) size 80x23 contains 1 chunk(s)
        RenderSVGInlineText {#text} at (0,0) size 80x23
          chunk 1 text run 1 at (1500.00,3220.00) startOffset 0 endOffset 11 width 80.00: "just a text"
      RenderSVGText {text} at (1600,3202) size 80x23 contains 1 chunk(s)
        RenderSVGInlineText {#text} at (0,0) size 80x23
          chunk 1 text run 1 at (1600.00,3220.00) startOffset 0 endOffset 11 width 80.00: "just a text"
      RenderSVGText {text} at (1700,3202) size 80x23 contains 1 chunk(s)
        RenderSVGInlineText {#text} at (0,0) size 80x23
          chunk 1 text run 1 at (1700.00,3220.00) startOffset 0 endOffset 11 width 80.00: "just a text"
      RenderSVGText {text} at (1800,3202) size 80x23 contains 1 chunk(s)
        RenderSVGInlineText {#text} at (0,0) size 80x23
          chunk 1 text run 1 at (1800.00,3220.00) startOffset 0 endOffset 11 width 80.00: "just a text"
      RenderSVGText {text} at (1900,3202) size 80x23 contains 1 chunk(s)
        RenderSVGInlineText {#text} at (0,0) size 80x23
          chunk 1 text run 1 at (1900.00,3220.00) startOffset 0 endOffset 11 width 80.00: "just a text"
      RenderSVGText {text} at (2000,3202) size 80x23 contains 1 chunk(s)
        RenderSVGInlineText {#text} at (0,0) size 80x23
          chunk 1 text run 1 at (2000.00,3220.00) startOffset 0 endOffset 11 width 80.00: "just a text"
      RenderSVGText {text} at (2100,3202) size 80x23 contains 1 chunk(s)
        RenderSVGInlineText {#text} at (0,0) size 80x23
          chunk 1 text run 1 at (2100.00,3220.00) startOffset 0 endOffset 11 width 80.00: "just a text"
      RenderSVGText {text} at (2200,3202) size 80x23 contains 1 chunk(s)
        RenderSVGInlineText {#text} at (0,0) size 80x23
          chunk 1 text run 1 at (2200.00,3220.00) startOffset 0 endOffset 11 width 80.00: "just a text"
      RenderSVGText {text} at (2300,3202) size 80x23 contains 1 chunk(s)
        RenderSVGInlineText {#text} at (0,0) size 80x23
          chunk 1 text run 1 at (2300.00,3220.00) startOffset 0 endOffset 11 width 80.00: "just a text"
      RenderSVGText {text} at (2400,3202) size 80x23 contains 1 chunk(s)
        RenderSVGInlineText {#text} at (0,0) size 80x23
          chunk 1 text run 1 at (2400.00,3220.00) startOffset 0 endOffset 11 width 80.00: "just a text"
      RenderSVGText {text} at (2500,3202) size 80x23 contains 1 chunk(s)
        RenderSVGInlineText {#text} at (0,0) size 80x23
          chunk 1 text run 1 at (2500.00,3220.00) startOffset 0 endOffset 11 width 80.00: "just a text"
      RenderSVGText {text} at (2600,3202) size 80x23 contains 1 chunk(s)
        RenderSVGInlineText {#text} at (0,0) size 80x23
          chunk 1 text run 1 at (2600.00,3220.00) startOffset 0 endOffset 11 width 80.00: "just a text"
      RenderSVGText {text} at (2700,3202) size 80x23 contains 1 chunk(s)
        RenderSVGInlineText {#text} at (0,0) size 80x23
          chunk 1 text run 1 at (2700.00,3220.00) startOffset 0 endOffset 11 width 80.00: "just a text"
      RenderSVGText {text} at (2800,3202) size 80x23 contains 1 chunk(s)
        RenderSVGInlineText {#text} at (0,0) size 80x23
          chunk 1 text run 1 at (2800.00,3220.00) startOffset 0 endOffset 11 width 80.00: "just a text"
      RenderSVGText {text} at (2900,3202) size 80x23 contains 1 chunk(s)
        RenderSVGInlineText {#text} at (0,0) size 80x23
          chunk 1 text run 1 at (2900.00,3220.00) startOffset 0 endOffset 11 width 80.00: "just a text"
      RenderSVGText {text} at (3000,3202) size 80x23 contains 1 chunk(s)
        RenderSVGInlineText {#text} at (0,0) size 80x23
          chunk 1 text run 1 at (3000.00,3220.00) startOffset 0 endOffset 11 width 80.00: "just a text"
      RenderSVGText {text} at (3100,3202) size 80x23 contains 1 chunk(s)
        RenderSVGInlineText {#text} at (0,0) size 80x23
          chunk 1 text run 1 at (3100.00,3220.00) startOffset 0 endOffset 11 width 80.00: "just a text"
      RenderSVGText {text} at (3200,3202) size 80x23 contains 1 chunk(s)
        RenderSVGInlineText {#text} at (0,0) size 80x23
          chunk 1 text run 1 at (3200.00,3220.00) startOffset 0 endOffset 11 width 80.00: "just a text"
      RenderSVGText {text} at (3300,3202) size 80x23 contains 1 chunk(s)
        RenderSVGInlineText {#text} at (0,0) size 80x23
          chunk 1 text run 1 at (3300.00,3220.00) startOffset 0 endOffset 11 width 80.00: "just a text"
      RenderSVGText {text} at (3400,3202) size 80x23 contains 1 chunk(s)
        RenderSVGInlineText {#text} at (0,0) size 80x23
          chunk 1 text run 1 at (3400.00,3220.00) startOffset 0 endOffset 11 width 80.00: "just a text"
      RenderSVGText {text} at (3500,3202) size 80x23 contains 1 chunk(s)
        RenderSVGInlineText {#text} at (0,0) size 80x23
          chunk 1 text run 1 at (3500.00,3220.00) startOffset 0 endOffset 11 width 80.00: "just a text"
      RenderSVGText {text} at (3600,3202) size 80x23 contains 1 chunk(s)
        RenderSVGInlineText {#text} at (0,0) size 80x23
          chunk 1 text run 1 at (3600.00,3220.00) startOffset 0 endOffset 11 width 80.00: "just a text"
      RenderSVGText {text} at (3700,3202) size 80x23 contains 1 chunk(s)
        RenderSVGInlineText {#text} at (0,0) size 80x23
          chunk 1 text run 1 at (3700.00,3220.00) startOffset 0 endOffset 11 width 80.00: "just a text"
      RenderSVGText {text} at (3800,3202) size 80x23 contains 1 chunk(s)
        RenderSVGInlineText {#text} at (0,0) size 80x23
          chunk 1 text run 1 at (3800.00,3220.00) startOffset 0 endOffset 11 width 80.00: "just a text"
      RenderSVGText {text} at (3900,3202) size 80x23 contains 1 chunk(s)
        RenderSVGInlineText {#text} at (0,0) size 80x23
          chunk 1 text run 1 at (3900.00,3220.00) startOffset 0 endOffset 11 width 80.00: "just a text"
      RenderSVGText {text} at (4000,3202) size 80x23 contains 1 chunk(s)
        RenderSVGInlineText {#text} at (0,0) size 80x23
          chunk 1 text run 1 at (4000.00,3220.00) startOffset 0 endOffset 11 width 80.00: "just a text"
      RenderSVGText {text} at (4100,3202) size 80x23 contains 1 chunk(s)
        RenderSVGInlineText {#text} at (0,0) size 80x23
          chunk 1 text run 1 at (4100.00,3220.00) startOffset 0 endOffset 11 width 80.00: "just a text"
      RenderSVGText {text} at (4200,3202) size 80x23 contains 1 chunk(s)
        RenderSVGInlineText {#text} at (0,0) size 80x23
          chunk 1 text run 1 at (4200.00,3220.00) startOffset 0 endOffset 11 width 80.00: "just a text"
      RenderSVGText {text} at (4300,3202) size 80x23 contains 1 chunk(s)
        RenderSVGInlineText {#text} at (0,0) size 80x23
          chunk 1 text run 1 at (4300.00,3220.00) startOffset 0 endOffset 11 width 80.00: "just a text"
      RenderSVGText {text} at (4400,3202) size 80x23 contains 1 chunk(s)
        RenderSVGInlineText {#text} at (0,0) size 80x23
          chunk 1 text run 1 at (4400.00,3220.00) startOffset 0 endOffset 11 width 80.00: "just a text"
      RenderSVGText {text} at (4500,3202) size 80x23 contains 1 chunk(s)
        RenderSVGInlineText {#text} at (0,0) size 80x23
          chunk 1 text run 1 at (4500.00,3220.00) startOffset 0 endOffset 11 width 80.00: "just a text"
      RenderSVGText {text} at (4600,3202) size 80x23 contains 1 chunk(s)
        RenderSVGInlineText {#text} at (0,0) size 80x23
          chunk 1 text run 1 at (4600.00,3220.00) startOffset 0 endOffset 11 width 80.00: "just a text"
      RenderSVGText {text} at (4700,3202) size 80x23 contains 1 chunk(s)
        RenderSVGInlineText {#text} at (0,0) size 80x23
          chunk 1 text run 1 at (4700.00,3220.00) startOffset 0 endOffset 11 width 80.00: "just a text"
      RenderSVGText {text} at (4800,3202) size 80x23 contains 1 chunk(s)
        RenderSVGInlineText {#text} at (0,0) size 80x23
          chunk 1 text run 1 at (4800.00,3220.00) startOffset 0 endOffset 11 width 80.00: "just a text"
      RenderSVGText {text} at (4900,3202) size 80x23 contains 1 chunk(s)
        RenderSVGInlineText {#text} at (0,0) size 80x23
          chunk 1 text run 1 at (4900.00,3220.00) startOffset 0 endOffset 11 width 80.00: "just a text"
      RenderSVGText {text} at (0,3302) size 80x23 contains 1 chunk(s)
        RenderSVGInlineText {#text} at (0,0) size 80x23
          chunk 1 text run 1 at (0.00,3320.00) startOffset 0 endOffset 11 width 80.00: "just a text"
      RenderSVGText {text} at (100,3302) size 80x23 contains 1 chunk(s)
        RenderSVGInlineText {#text} at (0,0) size 80x23
          chunk 1 text run 1 at (100.00,3320.00) startOffset 0 endOffset 11 width 80.00: "just a text"
      RenderSVGText {text} at (200,3302) size 80x23 contains 1 chunk(s)
        RenderSVGInlineText {#text} at (0,0) size 80x23
          chunk 1 text run 1 at (200.00,3320.00) startOffset 0 endOffset 11 width 80.00: "just a text"
      RenderSVGText {text} at (300,3302) size 80x23 contains 1 chunk(s)
        RenderSVGInlineText {#text} at (0,0) size 80x23
          chunk 1 text run 1 at (300.00,3320.00) startOffset 0 endOffset 11 width 80.00: "just a text"
      RenderSVGText {text} at (400,3302) size 80x23 contains 1 chunk(s)
        RenderSVGInlineText {#text} at (0,0) size 80x23
          chunk 1 text run 1 at (400.00,3320.00) startOffset 0 endOffset 11 width 80.00: "just a text"
      RenderSVGText {text} at (500,3302) size 80x23 contains 1 chunk(s)
        RenderSVGInlineText {#text} at (0,0) size 80x23
          chunk 1 text run 1 at (500.00,3320.00) startOffset 0 endOffset 11 width 80.00: "just a text"
      RenderSVGText {text} at (600,3302) size 80x23 contains 1 chunk(s)
        RenderSVGInlineText {#text} at (0,0) size 80x23
          chunk 1 text run 1 at (600.00,3320.00) startOffset 0 endOffset 11 width 80.00: "just a text"
      RenderSVGText {text} at (700,3302) size 80x23 contains 1 chunk(s)
        RenderSVGInlineText {#text} at (0,0) size 80x23
          chunk 1 text run 1 at (700.00,3320.00) startOffset 0 endOffset 11 width 80.00: "just a text"
      RenderSVGText {text} at (800,3302) size 80x23 contains 1 chunk(s)
        RenderSVGInlineText {#text} at (0,0) size 80x23
          chunk 1 text run 1 at (800.00,3320.00) startOffset 0 endOffset 11 width 80.00: "just a text"
      RenderSVGText {text} at (900,3302) size 80x23 contains 1 chunk(s)
        RenderSVGInlineText {#text} at (0,0) size 80x23
          chunk 1 text run 1 at (900.00,3320.00) startOffset 0 endOffset 11 width 80.00: "just a text"
      RenderSVGText {text} at (1000,3302) size 80x23 contains 1 chunk(s)
        RenderSVGInlineText {#text} at (0,0) size 80x23
          chunk 1 text run 1 at (1000.00,3320.00) startOffset 0 endOffset 11 width 80.00: "just a text"
      RenderSVGText {text} at (1100,3302) size 80x23 contains 1 chunk(s)
        RenderSVGInlineText {#text} at (0,0) size 80x23
          chunk 1 text run 1 at (1100.00,3320.00) startOffset 0 endOffset 11 width 80.00: "just a text"
      RenderSVGText {text} at (1200,3302) size 80x23 contains 1 chunk(s)
        RenderSVGInlineText {#text} at (0,0) size 80x23
          chunk 1 text run 1 at (1200.00,3320.00) startOffset 0 endOffset 11 width 80.00: "just a text"
      RenderSVGText {text} at (1300,3302) size 80x23 contains 1 chunk(s)
        RenderSVGInlineText {#text} at (0,0) size 80x23
          chunk 1 text run 1 at (1300.00,3320.00) startOffset 0 endOffset 11 width 80.00: "just a text"
      RenderSVGText {text} at (1400,3302) size 80x23 contains 1 chunk(s)
        RenderSVGInlineText {#text} at (0,0) size 80x23
          chunk 1 text run 1 at (1400.00,3320.00) startOffset 0 endOffset 11 width 80.00: "just a text"
      RenderSVGText {text} at (1500,3302) size 80x23 contains 1 chunk(s)
        RenderSVGInlineText {#text} at (0,0) size 80x23
          chunk 1 text run 1 at (1500.00,3320.00) startOffset 0 endOffset 11 width 80.00: "just a text"
      RenderSVGText {text} at (1600,3302) size 80x23 contains 1 chunk(s)
        RenderSVGInlineText {#text} at (0,0) size 80x23
          chunk 1 text run 1 at (1600.00,3320.00) startOffset 0 endOffset 11 width 80.00: "just a text"
      RenderSVGText {text} at (1700,3302) size 80x23 contains 1 chunk(s)
        RenderSVGInlineText {#text} at (0,0) size 80x23
          chunk 1 text run 1 at (1700.00,3320.00) startOffset 0 endOffset 11 width 80.00: "just a text"
      RenderSVGText {text} at (1800,3302) size 80x23 contains 1 chunk(s)
        RenderSVGInlineText {#text} at (0,0) size 80x23
          chunk 1 text run 1 at (1800.00,3320.00) startOffset 0 endOffset 11 width 80.00: "just a text"
      RenderSVGText {text} at (1900,3302) size 80x23 contains 1 chunk(s)
        RenderSVGInlineText {#text} at (0,0) size 80x23
          chunk 1 text run 1 at (1900.00,3320.00) startOffset 0 endOffset 11 width 80.00: "just a text"
      RenderSVGText {text} at (2000,3302) size 80x23 contains 1 chunk(s)
        RenderSVGInlineText {#text} at (0,0) size 80x23
          chunk 1 text run 1 at (2000.00,3320.00) startOffset 0 endOffset 11 width 80.00: "just a text"
      RenderSVGText {text} at (2100,3302) size 80x23 contains 1 chunk(s)
        RenderSVGInlineText {#text} at (0,0) size 80x23
          chunk 1 text run 1 at (2100.00,3320.00) startOffset 0 endOffset 11 width 80.00: "just a text"
      RenderSVGText {text} at (2200,3302) size 80x23 contains 1 chunk(s)
        RenderSVGInlineText {#text} at (0,0) size 80x23
          chunk 1 text run 1 at (2200.00,3320.00) startOffset 0 endOffset 11 width 80.00: "just a text"
      RenderSVGText {text} at (2300,3302) size 80x23 contains 1 chunk(s)
        RenderSVGInlineText {#text} at (0,0) size 80x23
          chunk 1 text run 1 at (2300.00,3320.00) startOffset 0 endOffset 11 width 80.00: "just a text"
      RenderSVGText {text} at (2400,3302) size 80x23 contains 1 chunk(s)
        RenderSVGInlineText {#text} at (0,0) size 80x23
          chunk 1 text run 1 at (2400.00,3320.00) startOffset 0 endOffset 11 width 80.00: "just a text"
      RenderSVGText {text} at (2500,3302) size 80x23 contains 1 chunk(s)
        RenderSVGInlineText {#text} at (0,0) size 80x23
          chunk 1 text run 1 at (2500.00,3320.00) startOffset 0 endOffset 11 width 80.00: "just a text"
      RenderSVGText {text} at (2600,3302) size 80x23 contains 1 chunk(s)
        RenderSVGInlineText {#text} at (0,0) size 80x23
          chunk 1 text run 1 at (2600.00,3320.00) startOffset 0 endOffset 11 width 80.00: "just a text"
      RenderSVGText {text} at (2700,3302) size 80x23 contains 1 chunk(s)
        RenderSVGInlineText {#text} at (0,0) size 80x23
          chunk 1 text run 1 at (2700.00,3320.00) startOffset 0 endOffset 11 width 80.00: "just a text"
      RenderSVGText {text} at (2800,3302) size 80x23 contains 1 chunk(s)
        RenderSVGInlineText {#text} at (0,0) size 80x23
          chunk 1 text run 1 at (2800.00,3320.00) startOffset 0 endOffset 11 width 80.00: "just a text"
      RenderSVGText {text} at (2900,3302) size 80x23 contains 1 chunk(s)
        RenderSVGInlineText {#text} at (0,0) size 80x23
          chunk 1 text run 1 at (2900.00,3320.00) startOffset 0 endOffset 11 width 80.00: "just a text"
      RenderSVGText {text} at (3000,3302) size 80x23 contains 1 chunk(s)
        RenderSVGInlineText {#text} at (0,0) size 80x23
          chunk 1 text run 1 at (3000.00,3320.00) startOffset 0 endOffset 11 width 80.00: "just a text"
      RenderSVGText {text} at (3100,3302) size 80x23 contains 1 chunk(s)
        RenderSVGInlineText {#text} at (0,0) size 80x23
          chunk 1 text run 1 at (3100.00,3320.00) startOffset 0 endOffset 11 width 80.00: "just a text"
      RenderSVGText {text} at (3200,3302) size 80x23 contains 1 chunk(s)
        RenderSVGInlineText {#text} at (0,0) size 80x23
          chunk 1 text run 1 at (3200.00,3320.00) startOffset 0 endOffset 11 width 80.00: "just a text"
      RenderSVGText {text} at (3300,3302) size 80x23 contains 1 chunk(s)
        RenderSVGInlineText {#text} at (0,0) size 80x23
          chunk 1 text run 1 at (3300.00,3320.00) startOffset 0 endOffset 11 width 80.00: "just a text"
      RenderSVGText {text} at (3400,3302) size 80x23 contains 1 chunk(s)
        RenderSVGInlineText {#text} at (0,0) size 80x23
          chunk 1 text run 1 at (3400.00,3320.00) startOffset 0 endOffset 11 width 80.00: "just a text"
      RenderSVGText {text} at (3500,3302) size 80x23 contains 1 chunk(s)
        RenderSVGInlineText {#text} at (0,0) size 80x23
          chunk 1 text run 1 at (3500.00,3320.00) startOffset 0 endOffset 11 width 80.00: "just a text"
      RenderSVGText {text} at (3600,3302) size 80x23 contains 1 chunk(s)
        RenderSVGInlineText {#text} at (0,0) size 80x23
          chunk 1 text run 1 at (3600.00,3320.00) startOffset 0 endOffset 11 width 80.00: "just a text"
      RenderSVGText {text} at (3700,3302) size 80x23 contains 1 chunk(s)
        RenderSVGInlineText {#text} at (0,0) size 80x23
          chunk 1 text run 1 at (3700.00,3320.00) startOffset 0 endOffset 11 width 80.00: "just a text"
      RenderSVGText {text} at (3800,3302) size 80x23 contains 1 chunk(s)
        RenderSVGInlineText {#text} at (0,0) size 80x23
          chunk 1 text run 1 at (3800.00,3320.00) startOffset 0 endOffset 11 width 80.00: "just a text"
      RenderSVGText {text} at (3900,3302) size 80x23 contains 1 chunk(s)
        RenderSVGInlineText {#text} at (0,0) size 80x23
          chunk 1 text run 1 at (3900.00,3320.00) startOffset 0 endOffset 11 width 80.00: "just a text"
      RenderSVGText {text} at (4000,3302) size 80x23 contains 1 chunk(s)
        RenderSVGInlineText {#text} at (0,0) size 80x23
          chunk 1 text run 1 at (4000.00,3320.00) startOffset 0 endOffset 11 width 80.00: "just a text"
      RenderSVGText {text} at (4100,3302) size 80x23 contains 1 chunk(s)
        RenderSVGInlineText {#text} at (0,0) size 80x23
          chunk 1 text run 1 at (4100.00,3320.00) startOffset 0 endOffset 11 width 80.00: "just a text"
      RenderSVGText {text} at (4200,3302) size 80x23 contains 1 chunk(s)
        RenderSVGInlineText {#text} at (0,0) size 80x23
          chunk 1 text run 1 at (4200.00,3320.00) startOffset 0 endOffset 11 width 80.00: "just a text"
      RenderSVGText {text} at (4300,3302) size 80x23 contains 1 chunk(s)
        RenderSVGInlineText {#text} at (0,0) size 80x23
          chunk 1 text run 1 at (4300.00,3320.00) startOffset 0 endOffset 11 width 80.00: "just a text"
      RenderSVGText {text} at (4400,3302) size 80x23 contains 1 chunk(s)
        RenderSVGInlineText {#text} at (0,0) size 80x23
          chunk 1 text run 1 at (4400.00,3320.00) startOffset 0 endOffset 11 width 80.00: "just a text"
      RenderSVGText {text} at (4500,3302) size 80x23 contains 1 chunk(s)
        RenderSVGInlineText {#text} at (0,0) size 80x23
          chunk 1 text run 1 at (4500.00,3320.00) startOffset 0 endOffset 11 width 80.00: "just a text"
      RenderSVGText {text} at (4600,3302) size 80x23 contains 1 chunk(s)
        RenderSVGInlineText {#text} at (0,0) size 80x23
          chunk 1 text run 1 at (4600.00,3320.00) startOffset 0 endOffset 11 width 80.00: "just a text"
      RenderSVGText {text} at (4700,3302) size 80x23 contains 1 chunk(s)
        RenderSVGInlineText {#text} at (0,0) size 80x23
          chunk 1 text run 1 at (4700.00,3320.00) startOffset 0 endOffset 11 width 80.00: "just a text"
      RenderSVGText {text} at (4800,3302) size 80x23 contains 1 chunk(s)
        RenderSVGInlineText {#text} at (0,0) size 80x23
          chunk 1 text run 1 at (4800.00,3320.00) startOffset 0 endOffset 11 width 80.00: "just a text"
      RenderSVGText {text} at (4900,3302) size 80x23 contains 1 chunk(s)
        RenderSVGInlineText {#text} at (0,0) size 80x23
          chunk 1 text run 1 at (4900.00,3320.00) startOffset 0 endOffset 11 width 80.00: "just a text"
      RenderSVGText {text} at (0,3402) size 80x23 contains 1 chunk(s)
        RenderSVGInlineText {#text} at (0,0) size 80x23
          chunk 1 text run 1 at (0.00,3420.00) startOffset 0 endOffset 11 width 80.00: "just a text"
      RenderSVGText {text} at (100,3402) size 80x23 contains 1 chunk(s)
        RenderSVGInlineText {#text} at (0,0) size 80x23
          chunk 1 text run 1 at (100.00,3420.00) startOffset 0 endOffset 11 width 80.00: "just a text"
      RenderSVGText {text} at (200,3402) size 80x23 contains 1 chunk(s)
        RenderSVGInlineText {#text} at (0,0) size 80x23
          chunk 1 text run 1 at (200.00,3420.00) startOffset 0 endOffset 11 width 80.00: "just a text"
      RenderSVGText {text} at (300,3402) size 80x23 contains 1 chunk(s)
        RenderSVGInlineText {#text} at (0,0) size 80x23
          chunk 1 text run 1 at (300.00,3420.00) startOffset 0 endOffset 11 width 80.00: "just a text"
      RenderSVGText {text} at (400,3402) size 80x23 contains 1 chunk(s)
        RenderSVGInlineText {#text} at (0,0) size 80x23
          chunk 1 text run 1 at (400.00,3420.00) startOffset 0 endOffset 11 width 80.00: "just a text"
      RenderSVGText {text} at (500,3402) size 80x23 contains 1 chunk(s)
        RenderSVGInlineText {#text} at (0,0) size 80x23
          chunk 1 text run 1 at (500.00,3420.00) startOffset 0 endOffset 11 width 80.00: "just a text"
      RenderSVGText {text} at (600,3402) size 80x23 contains 1 chunk(s)
        RenderSVGInlineText {#text} at (0,0) size 80x23
          chunk 1 text run 1 at (600.00,3420.00) startOffset 0 endOffset 11 width 80.00: "just a text"
      RenderSVGText {text} at (700,3402) size 80x23 contains 1 chunk(s)
        RenderSVGInlineText {#text} at (0,0) size 80x23
          chunk 1 text run 1 at (700.00,3420.00) startOffset 0 endOffset 11 width 80.00: "just a text"
      RenderSVGText {text} at (800,3402) size 80x23 contains 1 chunk(s)
        RenderSVGInlineText {#text} at (0,0) size 80x23
          chunk 1 text run 1 at (800.00,3420.00) startOffset 0 endOffset 11 width 80.00: "just a text"
      RenderSVGText {text} at (900,3402) size 80x23 contains 1 chunk(s)
        RenderSVGInlineText {#text} at (0,0) size 80x23
          chunk 1 text run 1 at (900.00,3420.00) startOffset 0 endOffset 11 width 80.00: "just a text"
      RenderSVGText {text} at (1000,3402) size 80x23 contains 1 chunk(s)
        RenderSVGInlineText {#text} at (0,0) size 80x23
          chunk 1 text run 1 at (1000.00,3420.00) startOffset 0 endOffset 11 width 80.00: "just a text"
      RenderSVGText {text} at (1100,3402) size 80x23 contains 1 chunk(s)
        RenderSVGInlineText {#text} at (0,0) size 80x23
          chunk 1 text run 1 at (1100.00,3420.00) startOffset 0 endOffset 11 width 80.00: "just a text"
      RenderSVGText {text} at (1200,3402) size 80x23 contains 1 chunk(s)
        RenderSVGInlineText {#text} at (0,0) size 80x23
          chunk 1 text run 1 at (1200.00,3420.00) startOffset 0 endOffset 11 width 80.00: "just a text"
      RenderSVGText {text} at (1300,3402) size 80x23 contains 1 chunk(s)
        RenderSVGInlineText {#text} at (0,0) size 80x23
          chunk 1 text run 1 at (1300.00,3420.00) startOffset 0 endOffset 11 width 80.00: "just a text"
      RenderSVGText {text} at (1400,3402) size 80x23 contains 1 chunk(s)
        RenderSVGInlineText {#text} at (0,0) size 80x23
          chunk 1 text run 1 at (1400.00,3420.00) startOffset 0 endOffset 11 width 80.00: "just a text"
      RenderSVGText {text} at (1500,3402) size 80x23 contains 1 chunk(s)
        RenderSVGInlineText {#text} at (0,0) size 80x23
          chunk 1 text run 1 at (1500.00,3420.00) startOffset 0 endOffset 11 width 80.00: "just a text"
      RenderSVGText {text} at (1600,3402) size 80x23 contains 1 chunk(s)
        RenderSVGInlineText {#text} at (0,0) size 80x23
          chunk 1 text run 1 at (1600.00,3420.00) startOffset 0 endOffset 11 width 80.00: "just a text"
      RenderSVGText {text} at (1700,3402) size 80x23 contains 1 chunk(s)
        RenderSVGInlineText {#text} at (0,0) size 80x23
          chunk 1 text run 1 at (1700.00,3420.00) startOffset 0 endOffset 11 width 80.00: "just a text"
      RenderSVGText {text} at (1800,3402) size 80x23 contains 1 chunk(s)
        RenderSVGInlineText {#text} at (0,0) size 80x23
          chunk 1 text run 1 at (1800.00,3420.00) startOffset 0 endOffset 11 width 80.00: "just a text"
      RenderSVGText {text} at (1900,3402) size 80x23 contains 1 chunk(s)
        RenderSVGInlineText {#text} at (0,0) size 80x23
          chunk 1 text run 1 at (1900.00,3420.00) startOffset 0 endOffset 11 width 80.00: "just a text"
      RenderSVGText {text} at (2000,3402) size 80x23 contains 1 chunk(s)
        RenderSVGInlineText {#text} at (0,0) size 80x23
          chunk 1 text run 1 at (2000.00,3420.00) startOffset 0 endOffset 11 width 80.00: "just a text"
      RenderSVGText {text} at (2100,3402) size 80x23 contains 1 chunk(s)
        RenderSVGInlineText {#text} at (0,0) size 80x23
          chunk 1 text run 1 at (2100.00,3420.00) startOffset 0 endOffset 11 width 80.00: "just a text"
      RenderSVGText {text} at (2200,3402) size 80x23 contains 1 chunk(s)
        RenderSVGInlineText {#text} at (0,0) size 80x23
          chunk 1 text run 1 at (2200.00,3420.00) startOffset 0 endOffset 11 width 80.00: "just a text"
      RenderSVGText {text} at (2300,3402) size 80x23 contains 1 chunk(s)
        RenderSVGInlineText {#text} at (0,0) size 80x23
          chunk 1 text run 1 at (2300.00,3420.00) startOffset 0 endOffset 11 width 80.00: "just a text"
      RenderSVGText {text} at (2400,3402) size 80x23 contains 1 chunk(s)
        RenderSVGInlineText {#text} at (0,0) size 80x23
          chunk 1 text run 1 at (2400.00,3420.00) startOffset 0 endOffset 11 width 80.00: "just a text"
      RenderSVGText {text} at (2500,3402) size 80x23 contains 1 chunk(s)
        RenderSVGInlineText {#text} at (0,0) size 80x23
          chunk 1 text run 1 at (2500.00,3420.00) startOffset 0 endOffset 11 width 80.00: "just a text"
      RenderSVGText {text} at (2600,3402) size 80x23 contains 1 chunk(s)
        RenderSVGInlineText {#text} at (0,0) size 80x23
          chunk 1 text run 1 at (2600.00,3420.00) startOffset 0 endOffset 11 width 80.00: "just a text"
      RenderSVGText {text} at (2700,3402) size 80x23 contains 1 chunk(s)
        RenderSVGInlineText {#text} at (0,0) size 80x23
          chunk 1 text run 1 at (2700.00,3420.00) startOffset 0 endOffset 11 width 80.00: "just a text"
      RenderSVGText {text} at (2800,3402) size 80x23 contains 1 chunk(s)
        RenderSVGInlineText {#text} at (0,0) size 80x23
          chunk 1 text run 1 at (2800.00,3420.00) startOffset 0 endOffset 11 width 80.00: "just a text"
      RenderSVGText {text} at (2900,3402) size 80x23 contains 1 chunk(s)
        RenderSVGInlineText {#text} at (0,0) size 80x23
          chunk 1 text run 1 at (2900.00,3420.00) startOffset 0 endOffset 11 width 80.00: "just a text"
      RenderSVGText {text} at (3000,3402) size 80x23 contains 1 chunk(s)
        RenderSVGInlineText {#text} at (0,0) size 80x23
          chunk 1 text run 1 at (3000.00,3420.00) startOffset 0 endOffset 11 width 80.00: "just a text"
      RenderSVGText {text} at (3100,3402) size 80x23 contains 1 chunk(s)
        RenderSVGInlineText {#text} at (0,0) size 80x23
          chunk 1 text run 1 at (3100.00,3420.00) startOffset 0 endOffset 11 width 80.00: "just a text"
      RenderSVGText {text} at (3200,3402) size 80x23 contains 1 chunk(s)
        RenderSVGInlineText {#text} at (0,0) size 80x23
          chunk 1 text run 1 at (3200.00,3420.00) startOffset 0 endOffset 11 width 80.00: "just a text"
      RenderSVGText {text} at (3300,3402) size 80x23 contains 1 chunk(s)
        RenderSVGInlineText {#text} at (0,0) size 80x23
          chunk 1 text run 1 at (3300.00,3420.00) startOffset 0 endOffset 11 width 80.00: "just a text"
      RenderSVGText {text} at (3400,3402) size 80x23 contains 1 chunk(s)
        RenderSVGInlineText {#text} at (0,0) size 80x23
          chunk 1 text run 1 at (3400.00,3420.00) startOffset 0 endOffset 11 width 80.00: "just a text"
      RenderSVGText {text} at (3500,3402) size 80x23 contains 1 chunk(s)
        RenderSVGInlineText {#text} at (0,0) size 80x23
          chunk 1 text run 1 at (3500.00,3420.00) startOffset 0 endOffset 11 width 80.00: "just a text"
      RenderSVGText {text} at (3600,3402) size 80x23 contains 1 chunk(s)
        RenderSVGInlineText {#text} at (0,0) size 80x23
          chunk 1 text run 1 at (3600.00,3420.00) startOffset 0 endOffset 11 width 80.00: "just a text"
      RenderSVGText {text} at (3700,3402) size 80x23 contains 1 chunk(s)
        RenderSVGInlineText {#text} at (0,0) size 80x23
          chunk 1 text run 1 at (3700.00,3420.00) startOffset 0 endOffset 11 width 80.00: "just a text"
      RenderSVGText {text} at (3800,3402) size 80x23 contains 1 chunk(s)
        RenderSVGInlineText {#text} at (0,0) size 80x23
          chunk 1 text run 1 at (3800.00,3420.00) startOffset 0 endOffset 11 width 80.00: "just a text"
      RenderSVGText {text} at (3900,3402) size 80x23 contains 1 chunk(s)
        RenderSVGInlineText {#text} at (0,0) size 80x23
          chunk 1 text run 1 at (3900.00,3420.00) startOffset 0 endOffset 11 width 80.00: "just a text"
      RenderSVGText {text} at (4000,3402) size 80x23 contains 1 chunk(s)
        RenderSVGInlineText {#text} at (0,0) size 80x23
          chunk 1 text run 1 at (4000.00,3420.00) startOffset 0 endOffset 11 width 80.00: "just a text"
      RenderSVGText {text} at (4100,3402) size 80x23 contains 1 chunk(s)
        RenderSVGInlineText {#text} at (0,0) size 80x23
          chunk 1 text run 1 at (4100.00,3420.00) startOffset 0 endOffset 11 width 80.00: "just a text"
      RenderSVGText {text} at (4200,3402) size 80x23 contains 1 chunk(s)
        RenderSVGInlineText {#text} at (0,0) size 80x23
          chunk 1 text run 1 at (4200.00,3420.00) startOffset 0 endOffset 11 width 80.00: "just a text"
      RenderSVGText {text} at (4300,3402) size 80x23 contains 1 chunk(s)
        RenderSVGInlineText {#text} at (0,0) size 80x23
          chunk 1 text run 1 at (4300.00,3420.00) startOffset 0 endOffset 11 width 80.00: "just a text"
      RenderSVGText {text} at (4400,3402) size 80x23 contains 1 chunk(s)
        RenderSVGInlineText {#text} at (0,0) size 80x23
          chunk 1 text run 1 at (4400.00,3420.00) startOffset 0 endOffset 11 width 80.00: "just a text"
      RenderSVGText {text} at (4500,3402) size 80x23 contains 1 chunk(s)
        RenderSVGInlineText {#text} at (0,0) size 80x23
          chunk 1 text run 1 at (4500.00,3420.00) startOffset 0 endOffset 11 width 80.00: "just a text"
      RenderSVGText {text} at (4600,3402) size 80x23 contains 1 chunk(s)
        RenderSVGInlineText {#text} at (0,0) size 80x23
          chunk 1 text run 1 at (4600.00,3420.00) startOffset 0 endOffset 11 width 80.00: "just a text"
      RenderSVGText {text} at (4700,3402) size 80x23 contains 1 chunk(s)
        RenderSVGInlineText {#text} at (0,0) size 80x23
          chunk 1 text run 1 at (4700.00,3420.00) startOffset 0 endOffset 11 width 80.00: "just a text"
      RenderSVGText {text} at (4800,3402) size 80x23 contains 1 chunk(s)
        RenderSVGInlineText {#text} at (0,0) size 80x23
          chunk 1 text run 1 at (4800.00,3420.00) startOffset 0 endOffset 11 width 80.00: "just a text"
      RenderSVGText {text} at (4900,3402) size 80x23 contains 1 chunk(s)
        RenderSVGInlineText {#text} at (0,0) size 80x23
          chunk 1 text run 1 at (4900.00,3420.00) startOffset 0 endOffset 11 width 80.00: "just a text"
      RenderSVGText {text} at (0,3502) size 80x23 contains 1 chunk(s)
        RenderSVGInlineText {#text} at (0,0) size 80x23
          chunk 1 text run 1 at (0.00,3520.00) startOffset 0 endOffset 11 width 80.00: "just a text"
      RenderSVGText {text} at (100,3502) size 80x23 contains 1 chunk(s)
        RenderSVGInlineText {#text} at (0,0) size 80x23
          chunk 1 text run 1 at (100.00,3520.00) startOffset 0 endOffset 11 width 80.00: "just a text"
      RenderSVGText {text} at (200,3502) size 80x23 contains 1 chunk(s)
        RenderSVGInlineText {#text} at (0,0) size 80x23
          chunk 1 text run 1 at (200.00,3520.00) startOffset 0 endOffset 11 width 80.00: "just a text"
      RenderSVGText {text} at (300,3502) size 80x23 contains 1 chunk(s)
        RenderSVGInlineText {#text} at (0,0) size 80x23
          chunk 1 text run 1 at (300.00,3520.00) startOffset 0 endOffset 11 width 80.00: "just a text"
      RenderSVGText {text} at (400,3502) size 80x23 contains 1 chunk(s)
        RenderSVGInlineText {#text} at (0,0) size 80x23
          chunk 1 text run 1 at (400.00,3520.00) startOffset 0 endOffset 11 width 80.00: "just a text"
      RenderSVGText {text} at (500,3502) size 80x23 contains 1 chunk(s)
        RenderSVGInlineText {#text} at (0,0) size 80x23
          chunk 1 text run 1 at (500.00,3520.00) startOffset 0 endOffset 11 width 80.00: "just a text"
      RenderSVGText {text} at (600,3502) size 80x23 contains 1 chunk(s)
        RenderSVGInlineText {#text} at (0,0) size 80x23
          chunk 1 text run 1 at (600.00,3520.00) startOffset 0 endOffset 11 width 80.00: "just a text"
      RenderSVGText {text} at (700,3502) size 80x23 contains 1 chunk(s)
        RenderSVGInlineText {#text} at (0,0) size 80x23
          chunk 1 text run 1 at (700.00,3520.00) startOffset 0 endOffset 11 width 80.00: "just a text"
      RenderSVGText {text} at (800,3502) size 80x23 contains 1 chunk(s)
        RenderSVGInlineText {#text} at (0,0) size 80x23
          chunk 1 text run 1 at (800.00,3520.00) startOffset 0 endOffset 11 width 80.00: "just a text"
      RenderSVGText {text} at (900,3502) size 80x23 contains 1 chunk(s)
        RenderSVGInlineText {#text} at (0,0) size 80x23
          chunk 1 text run 1 at (900.00,3520.00) startOffset 0 endOffset 11 width 80.00: "just a text"
      RenderSVGText {text} at (1000,3502) size 80x23 contains 1 chunk(s)
        RenderSVGInlineText {#text} at (0,0) size 80x23
          chunk 1 text run 1 at (1000.00,3520.00) startOffset 0 endOffset 11 width 80.00: "just a text"
      RenderSVGText {text} at (1100,3502) size 80x23 contains 1 chunk(s)
        RenderSVGInlineText {#text} at (0,0) size 80x23
          chunk 1 text run 1 at (1100.00,3520.00) startOffset 0 endOffset 11 width 80.00: "just a text"
      RenderSVGText {text} at (1200,3502) size 80x23 contains 1 chunk(s)
        RenderSVGInlineText {#text} at (0,0) size 80x23
          chunk 1 text run 1 at (1200.00,3520.00) startOffset 0 endOffset 11 width 80.00: "just a text"
      RenderSVGText {text} at (1300,3502) size 80x23 contains 1 chunk(s)
        RenderSVGInlineText {#text} at (0,0) size 80x23
          chunk 1 text run 1 at (1300.00,3520.00) startOffset 0 endOffset 11 width 80.00: "just a text"
      RenderSVGText {text} at (1400,3502) size 80x23 contains 1 chunk(s)
        RenderSVGInlineText {#text} at (0,0) size 80x23
          chunk 1 text run 1 at (1400.00,3520.00) startOffset 0 endOffset 11 width 80.00: "just a text"
      RenderSVGText {text} at (1500,3502) size 80x23 contains 1 chunk(s)
        RenderSVGInlineText {#text} at (0,0) size 80x23
          chunk 1 text run 1 at (1500.00,3520.00) startOffset 0 endOffset 11 width 80.00: "just a text"
      RenderSVGText {text} at (1600,3502) size 80x23 contains 1 chunk(s)
        RenderSVGInlineText {#text} at (0,0) size 80x23
          chunk 1 text run 1 at (1600.00,3520.00) startOffset 0 endOffset 11 width 80.00: "just a text"
      RenderSVGText {text} at (1700,3502) size 80x23 contains 1 chunk(s)
        RenderSVGInlineText {#text} at (0,0) size 80x23
          chunk 1 text run 1 at (1700.00,3520.00) startOffset 0 endOffset 11 width 80.00: "just a text"
      RenderSVGText {text} at (1800,3502) size 80x23 contains 1 chunk(s)
        RenderSVGInlineText {#text} at (0,0) size 80x23
          chunk 1 text run 1 at (1800.00,3520.00) startOffset 0 endOffset 11 width 80.00: "just a text"
      RenderSVGText {text} at (1900,3502) size 80x23 contains 1 chunk(s)
        RenderSVGInlineText {#text} at (0,0) size 80x23
          chunk 1 text run 1 at (1900.00,3520.00) startOffset 0 endOffset 11 width 80.00: "just a text"
      RenderSVGText {text} at (2000,3502) size 80x23 contains 1 chunk(s)
        RenderSVGInlineText {#text} at (0,0) size 80x23
          chunk 1 text run 1 at (2000.00,3520.00) startOffset 0 endOffset 11 width 80.00: "just a text"
      RenderSVGText {text} at (2100,3502) size 80x23 contains 1 chunk(s)
        RenderSVGInlineText {#text} at (0,0) size 80x23
          chunk 1 text run 1 at (2100.00,3520.00) startOffset 0 endOffset 11 width 80.00: "just a text"
      RenderSVGText {text} at (2200,3502) size 80x23 contains 1 chunk(s)
        RenderSVGInlineText {#text} at (0,0) size 80x23
          chunk 1 text run 1 at (2200.00,3520.00) startOffset 0 endOffset 11 width 80.00: "just a text"
      RenderSVGText {text} at (2300,3502) size 80x23 contains 1 chunk(s)
        RenderSVGInlineText {#text} at (0,0) size 80x23
          chunk 1 text run 1 at (2300.00,3520.00) startOffset 0 endOffset 11 width 80.00: "just a text"
      RenderSVGText {text} at (2400,3502) size 80x23 contains 1 chunk(s)
        RenderSVGInlineText {#text} at (0,0) size 80x23
          chunk 1 text run 1 at (2400.00,3520.00) startOffset 0 endOffset 11 width 80.00: "just a text"
      RenderSVGText {text} at (2500,3502) size 80x23 contains 1 chunk(s)
        RenderSVGInlineText {#text} at (0,0) size 80x23
          chunk 1 text run 1 at (2500.00,3520.00) startOffset 0 endOffset 11 width 80.00: "just a text"
      RenderSVGText {text} at (2600,3502) size 80x23 contains 1 chunk(s)
        RenderSVGInlineText {#text} at (0,0) size 80x23
          chunk 1 text run 1 at (2600.00,3520.00) startOffset 0 endOffset 11 width 80.00: "just a text"
      RenderSVGText {text} at (2700,3502) size 80x23 contains 1 chunk(s)
        RenderSVGInlineText {#text} at (0,0) size 80x23
          chunk 1 text run 1 at (2700.00,3520.00) startOffset 0 endOffset 11 width 80.00: "just a text"
      RenderSVGText {text} at (2800,3502) size 80x23 contains 1 chunk(s)
        RenderSVGInlineText {#text} at (0,0) size 80x23
          chunk 1 text run 1 at (2800.00,3520.00) startOffset 0 endOffset 11 width 80.00: "just a text"
      RenderSVGText {text} at (2900,3502) size 80x23 contains 1 chunk(s)
        RenderSVGInlineText {#text} at (0,0) size 80x23
          chunk 1 text run 1 at (2900.00,3520.00) startOffset 0 endOffset 11 width 80.00: "just a text"
      RenderSVGText {text} at (3000,3502) size 80x23 contains 1 chunk(s)
        RenderSVGInlineText {#text} at (0,0) size 80x23
          chunk 1 text run 1 at (3000.00,3520.00) startOffset 0 endOffset 11 width 80.00: "just a text"
      RenderSVGText {text} at (3100,3502) size 80x23 contains 1 chunk(s)
        RenderSVGInlineText {#text} at (0,0) size 80x23
          chunk 1 text run 1 at (3100.00,3520.00) startOffset 0 endOffset 11 width 80.00: "just a text"
      RenderSVGText {text} at (3200,3502) size 80x23 contains 1 chunk(s)
        RenderSVGInlineText {#text} at (0,0) size 80x23
          chunk 1 text run 1 at (3200.00,3520.00) startOffset 0 endOffset 11 width 80.00: "just a text"
      RenderSVGText {text} at (3300,3502) size 80x23 contains 1 chunk(s)
        RenderSVGInlineText {#text} at (0,0) size 80x23
          chunk 1 text run 1 at (3300.00,3520.00) startOffset 0 endOffset 11 width 80.00: "just a text"
      RenderSVGText {text} at (3400,3502) size 80x23 contains 1 chunk(s)
        RenderSVGInlineText {#text} at (0,0) size 80x23
          chunk 1 text run 1 at (3400.00,3520.00) startOffset 0 endOffset 11 width 80.00: "just a text"
      RenderSVGText {text} at (3500,3502) size 80x23 contains 1 chunk(s)
        RenderSVGInlineText {#text} at (0,0) size 80x23
          chunk 1 text run 1 at (3500.00,3520.00) startOffset 0 endOffset 11 width 80.00: "just a text"
      RenderSVGText {text} at (3600,3502) size 80x23 contains 1 chunk(s)
        RenderSVGInlineText {#text} at (0,0) size 80x23
          chunk 1 text run 1 at (3600.00,3520.00) startOffset 0 endOffset 11 width 80.00: "just a text"
      RenderSVGText {text} at (3700,3502) size 80x23 contains 1 chunk(s)
        RenderSVGInlineText {#text} at (0,0) size 80x23
          chunk 1 text run 1 at (3700.00,3520.00) startOffset 0 endOffset 11 width 80.00: "just a text"
      RenderSVGText {text} at (3800,3502) size 80x23 contains 1 chunk(s)
        RenderSVGInlineText {#text} at (0,0) size 80x23
          chunk 1 text run 1 at (3800.00,3520.00) startOffset 0 endOffset 11 width 80.00: "just a text"
      RenderSVGText {text} at (3900,3502) size 80x23 contains 1 chunk(s)
        RenderSVGInlineText {#text} at (0,0) size 80x23
          chunk 1 text run 1 at (3900.00,3520.00) startOffset 0 endOffset 11 width 80.00: "just a text"
      RenderSVGText {text} at (4000,3502) size 80x23 contains 1 chunk(s)
        RenderSVGInlineText {#text} at (0,0) size 80x23
          chunk 1 text run 1 at (4000.00,3520.00) startOffset 0 endOffset 11 width 80.00: "just a text"
      RenderSVGText {text} at (4100,3502) size 80x23 contains 1 chunk(s)
        RenderSVGInlineText {#text} at (0,0) size 80x23
          chunk 1 text run 1 at (4100.00,3520.00) startOffset 0 endOffset 11 width 80.00: "just a text"
      RenderSVGText {text} at (4200,3502) size 80x23 contains 1 chunk(s)
        RenderSVGInlineText {#text} at (0,0) size 80x23
          chunk 1 text run 1 at (4200.00,3520.00) startOffset 0 endOffset 11 width 80.00: "just a text"
      RenderSVGText {text} at (4300,3502) size 80x23 contains 1 chunk(s)
        RenderSVGInlineText {#text} at (0,0) size 80x23
          chunk 1 text run 1 at (4300.00,3520.00) startOffset 0 endOffset 11 width 80.00: "just a text"
      RenderSVGText {text} at (4400,3502) size 80x23 contains 1 chunk(s)
        RenderSVGInlineText {#text} at (0,0) size 80x23
          chunk 1 text run 1 at (4400.00,3520.00) startOffset 0 endOffset 11 width 80.00: "just a text"
      RenderSVGText {text} at (4500,3502) size 80x23 contains 1 chunk(s)
        RenderSVGInlineText {#text} at (0,0) size 80x23
          chunk 1 text run 1 at (4500.00,3520.00) startOffset 0 endOffset 11 width 80.00: "just a text"
      RenderSVGText {text} at (4600,3502) size 80x23 contains 1 chunk(s)
        RenderSVGInlineText {#text} at (0,0) size 80x23
          chunk 1 text run 1 at (4600.00,3520.00) startOffset 0 endOffset 11 width 80.00: "just a text"
      RenderSVGText {text} at (4700,3502) size 80x23 contains 1 chunk(s)
        RenderSVGInlineText {#text} at (0,0) size 80x23
          chunk 1 text run 1 at (4700.00,3520.00) startOffset 0 endOffset 11 width 80.00: "just a text"
      RenderSVGText {text} at (4800,3502) size 80x23 contains 1 chunk(s)
        RenderSVGInlineText {#text} at (0,0) size 80x23
          chunk 1 text run 1 at (4800.00,3520.00) startOffset 0 endOffset 11 width 80.00: "just a text"
      RenderSVGText {text} at (4900,3502) size 80x23 contains 1 chunk(s)
        RenderSVGInlineText {#text} at (0,0) size 80x23
          chunk 1 text run 1 at (4900.00,3520.00) startOffset 0 endOffset 11 width 80.00: "just a text"
      RenderSVGText {text} at (0,3602) size 80x23 contains 1 chunk(s)
        RenderSVGInlineText {#text} at (0,0) size 80x23
          chunk 1 text run 1 at (0.00,3620.00) startOffset 0 endOffset 11 width 80.00: "just a text"
      RenderSVGText {text} at (100,3602) size 80x23 contains 1 chunk(s)
        RenderSVGInlineText {#text} at (0,0) size 80x23
          chunk 1 text run 1 at (100.00,3620.00) startOffset 0 endOffset 11 width 80.00: "just a text"
      RenderSVGText {text} at (200,3602) size 80x23 contains 1 chunk(s)
        RenderSVGInlineText {#text} at (0,0) size 80x23
          chunk 1 text run 1 at (200.00,3620.00) startOffset 0 endOffset 11 width 80.00: "just a text"
      RenderSVGText {text} at (300,3602) size 80x23 contains 1 chunk(s)
        RenderSVGInlineText {#text} at (0,0) size 80x23
          chunk 1 text run 1 at (300.00,3620.00) startOffset 0 endOffset 11 width 80.00: "just a text"
      RenderSVGText {text} at (400,3602) size 80x23 contains 1 chunk(s)
        RenderSVGInlineText {#text} at (0,0) size 80x23
          chunk 1 text run 1 at (400.00,3620.00) startOffset 0 endOffset 11 width 80.00: "just a text"
      RenderSVGText {text} at (500,3602) size 80x23 contains 1 chunk(s)
        RenderSVGInlineText {#text} at (0,0) size 80x23
          chunk 1 text run 1 at (500.00,3620.00) startOffset 0 endOffset 11 width 80.00: "just a text"
      RenderSVGText {text} at (600,3602) size 80x23 contains 1 chunk(s)
        RenderSVGInlineText {#text} at (0,0) size 80x23
          chunk 1 text run 1 at (600.00,3620.00) startOffset 0 endOffset 11 width 80.00: "just a text"
      RenderSVGText {text} at (700,3602) size 80x23 contains 1 chunk(s)
        RenderSVGInlineText {#text} at (0,0) size 80x23
          chunk 1 text run 1 at (700.00,3620.00) startOffset 0 endOffset 11 width 80.00: "just a text"
      RenderSVGText {text} at (800,3602) size 80x23 contains 1 chunk(s)
        RenderSVGInlineText {#text} at (0,0) size 80x23
          chunk 1 text run 1 at (800.00,3620.00) startOffset 0 endOffset 11 width 80.00: "just a text"
      RenderSVGText {text} at (900,3602) size 80x23 contains 1 chunk(s)
        RenderSVGInlineText {#text} at (0,0) size 80x23
          chunk 1 text run 1 at (900.00,3620.00) startOffset 0 endOffset 11 width 80.00: "just a text"
      RenderSVGText {text} at (1000,3602) size 80x23 contains 1 chunk(s)
        RenderSVGInlineText {#text} at (0,0) size 80x23
          chunk 1 text run 1 at (1000.00,3620.00) startOffset 0 endOffset 11 width 80.00: "just a text"
      RenderSVGText {text} at (1100,3602) size 80x23 contains 1 chunk(s)
        RenderSVGInlineText {#text} at (0,0) size 80x23
          chunk 1 text run 1 at (1100.00,3620.00) startOffset 0 endOffset 11 width 80.00: "just a text"
      RenderSVGText {text} at (1200,3602) size 80x23 contains 1 chunk(s)
        RenderSVGInlineText {#text} at (0,0) size 80x23
          chunk 1 text run 1 at (1200.00,3620.00) startOffset 0 endOffset 11 width 80.00: "just a text"
      RenderSVGText {text} at (1300,3602) size 80x23 contains 1 chunk(s)
        RenderSVGInlineText {#text} at (0,0) size 80x23
          chunk 1 text run 1 at (1300.00,3620.00) startOffset 0 endOffset 11 width 80.00: "just a text"
      RenderSVGText {text} at (1400,3602) size 80x23 contains 1 chunk(s)
        RenderSVGInlineText {#text} at (0,0) size 80x23
          chunk 1 text run 1 at (1400.00,3620.00) startOffset 0 endOffset 11 width 80.00: "just a text"
      RenderSVGText {text} at (1500,3602) size 80x23 contains 1 chunk(s)
        RenderSVGInlineText {#text} at (0,0) size 80x23
          chunk 1 text run 1 at (1500.00,3620.00) startOffset 0 endOffset 11 width 80.00: "just a text"
      RenderSVGText {text} at (1600,3602) size 80x23 contains 1 chunk(s)
        RenderSVGInlineText {#text} at (0,0) size 80x23
          chunk 1 text run 1 at (1600.00,3620.00) startOffset 0 endOffset 11 width 80.00: "just a text"
      RenderSVGText {text} at (1700,3602) size 80x23 contains 1 chunk(s)
        RenderSVGInlineText {#text} at (0,0) size 80x23
          chunk 1 text run 1 at (1700.00,3620.00) startOffset 0 endOffset 11 width 80.00: "just a text"
      RenderSVGText {text} at (1800,3602) size 80x23 contains 1 chunk(s)
        RenderSVGInlineText {#text} at (0,0) size 80x23
          chunk 1 text run 1 at (1800.00,3620.00) startOffset 0 endOffset 11 width 80.00: "just a text"
      RenderSVGText {text} at (1900,3602) size 80x23 contains 1 chunk(s)
        RenderSVGInlineText {#text} at (0,0) size 80x23
          chunk 1 text run 1 at (1900.00,3620.00) startOffset 0 endOffset 11 width 80.00: "just a text"
      RenderSVGText {text} at (2000,3602) size 80x23 contains 1 chunk(s)
        RenderSVGInlineText {#text} at (0,0) size 80x23
          chunk 1 text run 1 at (2000.00,3620.00) startOffset 0 endOffset 11 width 80.00: "just a text"
      RenderSVGText {text} at (2100,3602) size 80x23 contains 1 chunk(s)
        RenderSVGInlineText {#text} at (0,0) size 80x23
          chunk 1 text run 1 at (2100.00,3620.00) startOffset 0 endOffset 11 width 80.00: "just a text"
      RenderSVGText {text} at (2200,3602) size 80x23 contains 1 chunk(s)
        RenderSVGInlineText {#text} at (0,0) size 80x23
          chunk 1 text run 1 at (2200.00,3620.00) startOffset 0 endOffset 11 width 80.00: "just a text"
      RenderSVGText {text} at (2300,3602) size 80x23 contains 1 chunk(s)
        RenderSVGInlineText {#text} at (0,0) size 80x23
          chunk 1 text run 1 at (2300.00,3620.00) startOffset 0 endOffset 11 width 80.00: "just a text"
      RenderSVGText {text} at (2400,3602) size 80x23 contains 1 chunk(s)
        RenderSVGInlineText {#text} at (0,0) size 80x23
          chunk 1 text run 1 at (2400.00,3620.00) startOffset 0 endOffset 11 width 80.00: "just a text"
      RenderSVGText {text} at (2500,3602) size 80x23 contains 1 chunk(s)
        RenderSVGInlineText {#text} at (0,0) size 80x23
          chunk 1 text run 1 at (2500.00,3620.00) startOffset 0 endOffset 11 width 80.00: "just a text"
      RenderSVGText {text} at (2600,3602) size 80x23 contains 1 chunk(s)
        RenderSVGInlineText {#text} at (0,0) size 80x23
          chunk 1 text run 1 at (2600.00,3620.00) startOffset 0 endOffset 11 width 80.00: "just a text"
      RenderSVGText {text} at (2700,3602) size 80x23 contains 1 chunk(s)
        RenderSVGInlineText {#text} at (0,0) size 80x23
          chunk 1 text run 1 at (2700.00,3620.00) startOffset 0 endOffset 11 width 80.00: "just a text"
      RenderSVGText {text} at (2800,3602) size 80x23 contains 1 chunk(s)
        RenderSVGInlineText {#text} at (0,0) size 80x23
          chunk 1 text run 1 at (2800.00,3620.00) startOffset 0 endOffset 11 width 80.00: "just a text"
      RenderSVGText {text} at (2900,3602) size 80x23 contains 1 chunk(s)
        RenderSVGInlineText {#text} at (0,0) size 80x23
          chunk 1 text run 1 at (2900.00,3620.00) startOffset 0 endOffset 11 width 80.00: "just a text"
      RenderSVGText {text} at (3000,3602) size 80x23 contains 1 chunk(s)
        RenderSVGInlineText {#text} at (0,0) size 80x23
          chunk 1 text run 1 at (3000.00,3620.00) startOffset 0 endOffset 11 width 80.00: "just a text"
      RenderSVGText {text} at (3100,3602) size 80x23 contains 1 chunk(s)
        RenderSVGInlineText {#text} at (0,0) size 80x23
          chunk 1 text run 1 at (3100.00,3620.00) startOffset 0 endOffset 11 width 80.00: "just a text"
      RenderSVGText {text} at (3200,3602) size 80x23 contains 1 chunk(s)
        RenderSVGInlineText {#text} at (0,0) size 80x23
          chunk 1 text run 1 at (3200.00,3620.00) startOffset 0 endOffset 11 width 80.00: "just a text"
      RenderSVGText {text} at (3300,3602) size 80x23 contains 1 chunk(s)
        RenderSVGInlineText {#text} at (0,0) size 80x23
          chunk 1 text run 1 at (3300.00,3620.00) startOffset 0 endOffset 11 width 80.00: "just a text"
      RenderSVGText {text} at (3400,3602) size 80x23 contains 1 chunk(s)
        RenderSVGInlineText {#text} at (0,0) size 80x23
          chunk 1 text run 1 at (3400.00,3620.00) startOffset 0 endOffset 11 width 80.00: "just a text"
      RenderSVGText {text} at (3500,3602) size 80x23 contains 1 chunk(s)
        RenderSVGInlineText {#text} at (0,0) size 80x23
          chunk 1 text run 1 at (3500.00,3620.00) startOffset 0 endOffset 11 width 80.00: "just a text"
      RenderSVGText {text} at (3600,3602) size 80x23 contains 1 chunk(s)
        RenderSVGInlineText {#text} at (0,0) size 80x23
          chunk 1 text run 1 at (3600.00,3620.00) startOffset 0 endOffset 11 width 80.00: "just a text"
      RenderSVGText {text} at (3700,3602) size 80x23 contains 1 chunk(s)
        RenderSVGInlineText {#text} at (0,0) size 80x23
          chunk 1 text run 1 at (3700.00,3620.00) startOffset 0 endOffset 11 width 80.00: "just a text"
      RenderSVGText {text} at (3800,3602) size 80x23 contains 1 chunk(s)
        RenderSVGInlineText {#text} at (0,0) size 80x23
          chunk 1 text run 1 at (3800.00,3620.00) startOffset 0 endOffset 11 width 80.00: "just a text"
      RenderSVGText {text} at (3900,3602) size 80x23 contains 1 chunk(s)
        RenderSVGInlineText {#text} at (0,0) size 80x23
          chunk 1 text run 1 at (3900.00,3620.00) startOffset 0 endOffset 11 width 80.00: "just a text"
      RenderSVGText {text} at (4000,3602) size 80x23 contains 1 chunk(s)
        RenderSVGInlineText {#text} at (0,0) size 80x23
          chunk 1 text run 1 at (4000.00,3620.00) startOffset 0 endOffset 11 width 80.00: "just a text"
      RenderSVGText {text} at (4100,3602) size 80x23 contains 1 chunk(s)
        RenderSVGInlineText {#text} at (0,0) size 80x23
          chunk 1 text run 1 at (4100.00,3620.00) startOffset 0 endOffset 11 width 80.00: "just a text"
      RenderSVGText {text} at (4200,3602) size 80x23 contains 1 chunk(s)
        RenderSVGInlineText {#text} at (0,0) size 80x23
          chunk 1 text run 1 at (4200.00,3620.00) startOffset 0 endOffset 11 width 80.00: "just a text"
      RenderSVGText {text} at (4300,3602) size 80x23 contains 1 chunk(s)
        RenderSVGInlineText {#text} at (0,0) size 80x23
          chunk 1 text run 1 at (4300.00,3620.00) startOffset 0 endOffset 11 width 80.00: "just a text"
      RenderSVGText {text} at (4400,3602) size 80x23 contains 1 chunk(s)
        RenderSVGInlineText {#text} at (0,0) size 80x23
          chunk 1 text run 1 at (4400.00,3620.00) startOffset 0 endOffset 11 width 80.00: "just a text"
      RenderSVGText {text} at (4500,3602) size 80x23 contains 1 chunk(s)
        RenderSVGInlineText {#text} at (0,0) size 80x23
          chunk 1 text run 1 at (4500.00,3620.00) startOffset 0 endOffset 11 width 80.00: "just a text"
      RenderSVGText {text} at (4600,3602) size 80x23 contains 1 chunk(s)
        RenderSVGInlineText {#text} at (0,0) size 80x23
          chunk 1 text run 1 at (4600.00,3620.00) startOffset 0 endOffset 11 width 80.00: "just a text"
      RenderSVGText {text} at (4700,3602) size 80x23 contains 1 chunk(s)
        RenderSVGInlineText {#text} at (0,0) size 80x23
          chunk 1 text run 1 at (4700.00,3620.00) startOffset 0 endOffset 11 width 80.00: "just a text"
      RenderSVGText {text} at (4800,3602) size 80x23 contains 1 chunk(s)
        RenderSVGInlineText {#text} at (0,0) size 80x23
          chunk 1 text run 1 at (4800.00,3620.00) startOffset 0 endOffset 11 width 80.00: "just a text"
      RenderSVGText {text} at (4900,3602) size 80x23 contains 1 chunk(s)
        RenderSVGInlineText {#text} at (0,0) size 80x23
          chunk 1 text run 1 at (4900.00,3620.00) startOffset 0 endOffset 11 width 80.00: "just a text"
      RenderSVGText {text} at (0,3702) size 80x23 contains 1 chunk(s)
        RenderSVGInlineText {#text} at (0,0) size 80x23
          chunk 1 text run 1 at (0.00,3720.00) startOffset 0 endOffset 11 width 80.00: "just a text"
      RenderSVGText {text} at (100,3702) size 80x23 contains 1 chunk(s)
        RenderSVGInlineText {#text} at (0,0) size 80x23
          chunk 1 text run 1 at (100.00,3720.00) startOffset 0 endOffset 11 width 80.00: "just a text"
      RenderSVGText {text} at (200,3702) size 80x23 contains 1 chunk(s)
        RenderSVGInlineText {#text} at (0,0) size 80x23
          chunk 1 text run 1 at (200.00,3720.00) startOffset 0 endOffset 11 width 80.00: "just a text"
      RenderSVGText {text} at (300,3702) size 80x23 contains 1 chunk(s)
        RenderSVGInlineText {#text} at (0,0) size 80x23
          chunk 1 text run 1 at (300.00,3720.00) startOffset 0 endOffset 11 width 80.00: "just a text"
      RenderSVGText {text} at (400,3702) size 80x23 contains 1 chunk(s)
        RenderSVGInlineText {#text} at (0,0) size 80x23
          chunk 1 text run 1 at (400.00,3720.00) startOffset 0 endOffset 11 width 80.00: "just a text"
      RenderSVGText {text} at (500,3702) size 80x23 contains 1 chunk(s)
        RenderSVGInlineText {#text} at (0,0) size 80x23
          chunk 1 text run 1 at (500.00,3720.00) startOffset 0 endOffset 11 width 80.00: "just a text"
      RenderSVGText {text} at (600,3702) size 80x23 contains 1 chunk(s)
        RenderSVGInlineText {#text} at (0,0) size 80x23
          chunk 1 text run 1 at (600.00,3720.00) startOffset 0 endOffset 11 width 80.00: "just a text"
      RenderSVGText {text} at (700,3702) size 80x23 contains 1 chunk(s)
        RenderSVGInlineText {#text} at (0,0) size 80x23
          chunk 1 text run 1 at (700.00,3720.00) startOffset 0 endOffset 11 width 80.00: "just a text"
      RenderSVGText {text} at (800,3702) size 80x23 contains 1 chunk(s)
        RenderSVGInlineText {#text} at (0,0) size 80x23
          chunk 1 text run 1 at (800.00,3720.00) startOffset 0 endOffset 11 width 80.00: "just a text"
      RenderSVGText {text} at (900,3702) size 80x23 contains 1 chunk(s)
        RenderSVGInlineText {#text} at (0,0) size 80x23
          chunk 1 text run 1 at (900.00,3720.00) startOffset 0 endOffset 11 width 80.00: "just a text"
      RenderSVGText {text} at (1000,3702) size 80x23 contains 1 chunk(s)
        RenderSVGInlineText {#text} at (0,0) size 80x23
          chunk 1 text run 1 at (1000.00,3720.00) startOffset 0 endOffset 11 width 80.00: "just a text"
      RenderSVGText {text} at (1100,3702) size 80x23 contains 1 chunk(s)
        RenderSVGInlineText {#text} at (0,0) size 80x23
          chunk 1 text run 1 at (1100.00,3720.00) startOffset 0 endOffset 11 width 80.00: "just a text"
      RenderSVGText {text} at (1200,3702) size 80x23 contains 1 chunk(s)
        RenderSVGInlineText {#text} at (0,0) size 80x23
          chunk 1 text run 1 at (1200.00,3720.00) startOffset 0 endOffset 11 width 80.00: "just a text"
      RenderSVGText {text} at (1300,3702) size 80x23 contains 1 chunk(s)
        RenderSVGInlineText {#text} at (0,0) size 80x23
          chunk 1 text run 1 at (1300.00,3720.00) startOffset 0 endOffset 11 width 80.00: "just a text"
      RenderSVGText {text} at (1400,3702) size 80x23 contains 1 chunk(s)
        RenderSVGInlineText {#text} at (0,0) size 80x23
          chunk 1 text run 1 at (1400.00,3720.00) startOffset 0 endOffset 11 width 80.00: "just a text"
      RenderSVGText {text} at (1500,3702) size 80x23 contains 1 chunk(s)
        RenderSVGInlineText {#text} at (0,0) size 80x23
          chunk 1 text run 1 at (1500.00,3720.00) startOffset 0 endOffset 11 width 80.00: "just a text"
      RenderSVGText {text} at (1600,3702) size 80x23 contains 1 chunk(s)
        RenderSVGInlineText {#text} at (0,0) size 80x23
          chunk 1 text run 1 at (1600.00,3720.00) startOffset 0 endOffset 11 width 80.00: "just a text"
      RenderSVGText {text} at (1700,3702) size 80x23 contains 1 chunk(s)
        RenderSVGInlineText {#text} at (0,0) size 80x23
          chunk 1 text run 1 at (1700.00,3720.00) startOffset 0 endOffset 11 width 80.00: "just a text"
      RenderSVGText {text} at (1800,3702) size 80x23 contains 1 chunk(s)
        RenderSVGInlineText {#text} at (0,0) size 80x23
          chunk 1 text run 1 at (1800.00,3720.00) startOffset 0 endOffset 11 width 80.00: "just a text"
      RenderSVGText {text} at (1900,3702) size 80x23 contains 1 chunk(s)
        RenderSVGInlineText {#text} at (0,0) size 80x23
          chunk 1 text run 1 at (1900.00,3720.00) startOffset 0 endOffset 11 width 80.00: "just a text"
      RenderSVGText {text} at (2000,3702) size 80x23 contains 1 chunk(s)
        RenderSVGInlineText {#text} at (0,0) size 80x23
          chunk 1 text run 1 at (2000.00,3720.00) startOffset 0 endOffset 11 width 80.00: "just a text"
      RenderSVGText {text} at (2100,3702) size 80x23 contains 1 chunk(s)
        RenderSVGInlineText {#text} at (0,0) size 80x23
          chunk 1 text run 1 at (2100.00,3720.00) startOffset 0 endOffset 11 width 80.00: "just a text"
      RenderSVGText {text} at (2200,3702) size 80x23 contains 1 chunk(s)
        RenderSVGInlineText {#text} at (0,0) size 80x23
          chunk 1 text run 1 at (2200.00,3720.00) startOffset 0 endOffset 11 width 80.00: "just a text"
      RenderSVGText {text} at (2300,3702) size 80x23 contains 1 chunk(s)
        RenderSVGInlineText {#text} at (0,0) size 80x23
          chunk 1 text run 1 at (2300.00,3720.00) startOffset 0 endOffset 11 width 80.00: "just a text"
      RenderSVGText {text} at (2400,3702) size 80x23 contains 1 chunk(s)
        RenderSVGInlineText {#text} at (0,0) size 80x23
          chunk 1 text run 1 at (2400.00,3720.00) startOffset 0 endOffset 11 width 80.00: "just a text"
      RenderSVGText {text} at (2500,3702) size 80x23 contains 1 chunk(s)
        RenderSVGInlineText {#text} at (0,0) size 80x23
          chunk 1 text run 1 at (2500.00,3720.00) startOffset 0 endOffset 11 width 80.00: "just a text"
      RenderSVGText {text} at (2600,3702) size 80x23 contains 1 chunk(s)
        RenderSVGInlineText {#text} at (0,0) size 80x23
          chunk 1 text run 1 at (2600.00,3720.00) startOffset 0 endOffset 11 width 80.00: "just a text"
      RenderSVGText {text} at (2700,3702) size 80x23 contains 1 chunk(s)
        RenderSVGInlineText {#text} at (0,0) size 80x23
          chunk 1 text run 1 at (2700.00,3720.00) startOffset 0 endOffset 11 width 80.00: "just a text"
      RenderSVGText {text} at (2800,3702) size 80x23 contains 1 chunk(s)
        RenderSVGInlineText {#text} at (0,0) size 80x23
          chunk 1 text run 1 at (2800.00,3720.00) startOffset 0 endOffset 11 width 80.00: "just a text"
      RenderSVGText {text} at (2900,3702) size 80x23 contains 1 chunk(s)
        RenderSVGInlineText {#text} at (0,0) size 80x23
          chunk 1 text run 1 at (2900.00,3720.00) startOffset 0 endOffset 11 width 80.00: "just a text"
      RenderSVGText {text} at (3000,3702) size 80x23 contains 1 chunk(s)
        RenderSVGInlineText {#text} at (0,0) size 80x23
          chunk 1 text run 1 at (3000.00,3720.00) startOffset 0 endOffset 11 width 80.00: "just a text"
      RenderSVGText {text} at (3100,3702) size 80x23 contains 1 chunk(s)
        RenderSVGInlineText {#text} at (0,0) size 80x23
          chunk 1 text run 1 at (3100.00,3720.00) startOffset 0 endOffset 11 width 80.00: "just a text"
      RenderSVGText {text} at (3200,3702) size 80x23 contains 1 chunk(s)
        RenderSVGInlineText {#text} at (0,0) size 80x23
          chunk 1 text run 1 at (3200.00,3720.00) startOffset 0 endOffset 11 width 80.00: "just a text"
      RenderSVGText {text} at (3300,3702) size 80x23 contains 1 chunk(s)
        RenderSVGInlineText {#text} at (0,0) size 80x23
          chunk 1 text run 1 at (3300.00,3720.00) startOffset 0 endOffset 11 width 80.00: "just a text"
      RenderSVGText {text} at (3400,3702) size 80x23 contains 1 chunk(s)
        RenderSVGInlineText {#text} at (0,0) size 80x23
          chunk 1 text run 1 at (3400.00,3720.00) startOffset 0 endOffset 11 width 80.00: "just a text"
      RenderSVGText {text} at (3500,3702) size 80x23 contains 1 chunk(s)
        RenderSVGInlineText {#text} at (0,0) size 80x23
          chunk 1 text run 1 at (3500.00,3720.00) startOffset 0 endOffset 11 width 80.00: "just a text"
      RenderSVGText {text} at (3600,3702) size 80x23 contains 1 chunk(s)
        RenderSVGInlineText {#text} at (0,0) size 80x23
          chunk 1 text run 1 at (3600.00,3720.00) startOffset 0 endOffset 11 width 80.00: "just a text"
      RenderSVGText {text} at (3700,3702) size 80x23 contains 1 chunk(s)
        RenderSVGInlineText {#text} at (0,0) size 80x23
          chunk 1 text run 1 at (3700.00,3720.00) startOffset 0 endOffset 11 width 80.00: "just a text"
      RenderSVGText {text} at (3800,3702) size 80x23 contains 1 chunk(s)
        RenderSVGInlineText {#text} at (0,0) size 80x23
          chunk 1 text run 1 at (3800.00,3720.00) startOffset 0 endOffset 11 width 80.00: "just a text"
      RenderSVGText {text} at (3900,3702) size 80x23 contains 1 chunk(s)
        RenderSVGInlineText {#text} at (0,0) size 80x23
          chunk 1 text run 1 at (3900.00,3720.00) startOffset 0 endOffset 11 width 80.00: "just a text"
      RenderSVGText {text} at (4000,3702) size 80x23 contains 1 chunk(s)
        RenderSVGInlineText {#text} at (0,0) size 80x23
          chunk 1 text run 1 at (4000.00,3720.00) startOffset 0 endOffset 11 width 80.00: "just a text"
      RenderSVGText {text} at (4100,3702) size 80x23 contains 1 chunk(s)
        RenderSVGInlineText {#text} at (0,0) size 80x23
          chunk 1 text run 1 at (4100.00,3720.00) startOffset 0 endOffset 11 width 80.00: "just a text"
      RenderSVGText {text} at (4200,3702) size 80x23 contains 1 chunk(s)
        RenderSVGInlineText {#text} at (0,0) size 80x23
          chunk 1 text run 1 at (4200.00,3720.00) startOffset 0 endOffset 11 width 80.00: "just a text"
      RenderSVGText {text} at (4300,3702) size 80x23 contains 1 chunk(s)
        RenderSVGInlineText {#text} at (0,0) size 80x23
          chunk 1 text run 1 at (4300.00,3720.00) startOffset 0 endOffset 11 width 80.00: "just a text"
      RenderSVGText {text} at (4400,3702) size 80x23 contains 1 chunk(s)
        RenderSVGInlineText {#text} at (0,0) size 80x23
          chunk 1 text run 1 at (4400.00,3720.00) startOffset 0 endOffset 11 width 80.00: "just a text"
      RenderSVGText {text} at (4500,3702) size 80x23 contains 1 chunk(s)
        RenderSVGInlineText {#text} at (0,0) size 80x23
          chunk 1 text run 1 at (4500.00,3720.00) startOffset 0 endOffset 11 width 80.00: "just a text"
      RenderSVGText {text} at (4600,3702) size 80x23 contains 1 chunk(s)
        RenderSVGInlineText {#text} at (0,0) size 80x23
          chunk 1 text run 1 at (4600.00,3720.00) startOffset 0 endOffset 11 width 80.00: "just a text"
      RenderSVGText {text} at (4700,3702) size 80x23 contains 1 chunk(s)
        RenderSVGInlineText {#text} at (0,0) size 80x23
          chunk 1 text run 1 at (4700.00,3720.00) startOffset 0 endOffset 11 width 80.00: "just a text"
      RenderSVGText {text} at (4800,3702) size 80x23 contains 1 chunk(s)
        RenderSVGInlineText {#text} at (0,0) size 80x23
          chunk 1 text run 1 at (4800.00,3720.00) startOffset 0 endOffset 11 width 80.00: "just a text"
      RenderSVGText {text} at (4900,3702) size 80x23 contains 1 chunk(s)
        RenderSVGInlineText {#text} at (0,0) size 80x23
          chunk 1 text run 1 at (4900.00,3720.00) startOffset 0 endOffset 11 width 80.00: "just a text"
      RenderSVGText {text} at (0,3802) size 80x23 contains 1 chunk(s)
        RenderSVGInlineText {#text} at (0,0) size 80x23
          chunk 1 text run 1 at (0.00,3820.00) startOffset 0 endOffset 11 width 80.00: "just a text"
      RenderSVGText {text} at (100,3802) size 80x23 contains 1 chunk(s)
        RenderSVGInlineText {#text} at (0,0) size 80x23
          chunk 1 text run 1 at (100.00,3820.00) startOffset 0 endOffset 11 width 80.00: "just a text"
      RenderSVGText {text} at (200,3802) size 80x23 contains 1 chunk(s)
        RenderSVGInlineText {#text} at (0,0) size 80x23
          chunk 1 text run 1 at (200.00,3820.00) startOffset 0 endOffset 11 width 80.00: "just a text"
      RenderSVGText {text} at (300,3802) size 80x23 contains 1 chunk(s)
        RenderSVGInlineText {#text} at (0,0) size 80x23
          chunk 1 text run 1 at (300.00,3820.00) startOffset 0 endOffset 11 width 80.00: "just a text"
      RenderSVGText {text} at (400,3802) size 80x23 contains 1 chunk(s)
        RenderSVGInlineText {#text} at (0,0) size 80x23
          chunk 1 text run 1 at (400.00,3820.00) startOffset 0 endOffset 11 width 80.00: "just a text"
      RenderSVGText {text} at (500,3802) size 80x23 contains 1 chunk(s)
        RenderSVGInlineText {#text} at (0,0) size 80x23
          chunk 1 text run 1 at (500.00,3820.00) startOffset 0 endOffset 11 width 80.00: "just a text"
      RenderSVGText {text} at (600,3802) size 80x23 contains 1 chunk(s)
        RenderSVGInlineText {#text} at (0,0) size 80x23
          chunk 1 text run 1 at (600.00,3820.00) startOffset 0 endOffset 11 width 80.00: "just a text"
      RenderSVGText {text} at (700,3802) size 80x23 contains 1 chunk(s)
        RenderSVGInlineText {#text} at (0,0) size 80x23
          chunk 1 text run 1 at (700.00,3820.00) startOffset 0 endOffset 11 width 80.00: "just a text"
      RenderSVGText {text} at (800,3802) size 80x23 contains 1 chunk(s)
        RenderSVGInlineText {#text} at (0,0) size 80x23
          chunk 1 text run 1 at (800.00,3820.00) startOffset 0 endOffset 11 width 80.00: "just a text"
      RenderSVGText {text} at (900,3802) size 80x23 contains 1 chunk(s)
        RenderSVGInlineText {#text} at (0,0) size 80x23
          chunk 1 text run 1 at (900.00,3820.00) startOffset 0 endOffset 11 width 80.00: "just a text"
      RenderSVGText {text} at (1000,3802) size 80x23 contains 1 chunk(s)
        RenderSVGInlineText {#text} at (0,0) size 80x23
          chunk 1 text run 1 at (1000.00,3820.00) startOffset 0 endOffset 11 width 80.00: "just a text"
      RenderSVGText {text} at (1100,3802) size 80x23 contains 1 chunk(s)
        RenderSVGInlineText {#text} at (0,0) size 80x23
          chunk 1 text run 1 at (1100.00,3820.00) startOffset 0 endOffset 11 width 80.00: "just a text"
      RenderSVGText {text} at (1200,3802) size 80x23 contains 1 chunk(s)
        RenderSVGInlineText {#text} at (0,0) size 80x23
          chunk 1 text run 1 at (1200.00,3820.00) startOffset 0 endOffset 11 width 80.00: "just a text"
      RenderSVGText {text} at (1300,3802) size 80x23 contains 1 chunk(s)
        RenderSVGInlineText {#text} at (0,0) size 80x23
          chunk 1 text run 1 at (1300.00,3820.00) startOffset 0 endOffset 11 width 80.00: "just a text"
      RenderSVGText {text} at (1400,3802) size 80x23 contains 1 chunk(s)
        RenderSVGInlineText {#text} at (0,0) size 80x23
          chunk 1 text run 1 at (1400.00,3820.00) startOffset 0 endOffset 11 width 80.00: "just a text"
      RenderSVGText {text} at (1500,3802) size 80x23 contains 1 chunk(s)
        RenderSVGInlineText {#text} at (0,0) size 80x23
          chunk 1 text run 1 at (1500.00,3820.00) startOffset 0 endOffset 11 width 80.00: "just a text"
      RenderSVGText {text} at (1600,3802) size 80x23 contains 1 chunk(s)
        RenderSVGInlineText {#text} at (0,0) size 80x23
          chunk 1 text run 1 at (1600.00,3820.00) startOffset 0 endOffset 11 width 80.00: "just a text"
      RenderSVGText {text} at (1700,3802) size 80x23 contains 1 chunk(s)
        RenderSVGInlineText {#text} at (0,0) size 80x23
          chunk 1 text run 1 at (1700.00,3820.00) startOffset 0 endOffset 11 width 80.00: "just a text"
      RenderSVGText {text} at (1800,3802) size 80x23 contains 1 chunk(s)
        RenderSVGInlineText {#text} at (0,0) size 80x23
          chunk 1 text run 1 at (1800.00,3820.00) startOffset 0 endOffset 11 width 80.00: "just a text"
      RenderSVGText {text} at (1900,3802) size 80x23 contains 1 chunk(s)
        RenderSVGInlineText {#text} at (0,0) size 80x23
          chunk 1 text run 1 at (1900.00,3820.00) startOffset 0 endOffset 11 width 80.00: "just a text"
      RenderSVGText {text} at (2000,3802) size 80x23 contains 1 chunk(s)
        RenderSVGInlineText {#text} at (0,0) size 80x23
          chunk 1 text run 1 at (2000.00,3820.00) startOffset 0 endOffset 11 width 80.00: "just a text"
      RenderSVGText {text} at (2100,3802) size 80x23 contains 1 chunk(s)
        RenderSVGInlineText {#text} at (0,0) size 80x23
          chunk 1 text run 1 at (2100.00,3820.00) startOffset 0 endOffset 11 width 80.00: "just a text"
      RenderSVGText {text} at (2200,3802) size 80x23 contains 1 chunk(s)
        RenderSVGInlineText {#text} at (0,0) size 80x23
          chunk 1 text run 1 at (2200.00,3820.00) startOffset 0 endOffset 11 width 80.00: "just a text"
      RenderSVGText {text} at (2300,3802) size 80x23 contains 1 chunk(s)
        RenderSVGInlineText {#text} at (0,0) size 80x23
          chunk 1 text run 1 at (2300.00,3820.00) startOffset 0 endOffset 11 width 80.00: "just a text"
      RenderSVGText {text} at (2400,3802) size 80x23 contains 1 chunk(s)
        RenderSVGInlineText {#text} at (0,0) size 80x23
          chunk 1 text run 1 at (2400.00,3820.00) startOffset 0 endOffset 11 width 80.00: "just a text"
      RenderSVGText {text} at (2500,3802) size 80x23 contains 1 chunk(s)
        RenderSVGInlineText {#text} at (0,0) size 80x23
          chunk 1 text run 1 at (2500.00,3820.00) startOffset 0 endOffset 11 width 80.00: "just a text"
      RenderSVGText {text} at (2600,3802) size 80x23 contains 1 chunk(s)
        RenderSVGInlineText {#text} at (0,0) size 80x23
          chunk 1 text run 1 at (2600.00,3820.00) startOffset 0 endOffset 11 width 80.00: "just a text"
      RenderSVGText {text} at (2700,3802) size 80x23 contains 1 chunk(s)
        RenderSVGInlineText {#text} at (0,0) size 80x23
          chunk 1 text run 1 at (2700.00,3820.00) startOffset 0 endOffset 11 width 80.00: "just a text"
      RenderSVGText {text} at (2800,3802) size 80x23 contains 1 chunk(s)
        RenderSVGInlineText {#text} at (0,0) size 80x23
          chunk 1 text run 1 at (2800.00,3820.00) startOffset 0 endOffset 11 width 80.00: "just a text"
      RenderSVGText {text} at (2900,3802) size 80x23 contains 1 chunk(s)
        RenderSVGInlineText {#text} at (0,0) size 80x23
          chunk 1 text run 1 at (2900.00,3820.00) startOffset 0 endOffset 11 width 80.00: "just a text"
      RenderSVGText {text} at (3000,3802) size 80x23 contains 1 chunk(s)
        RenderSVGInlineText {#text} at (0,0) size 80x23
          chunk 1 text run 1 at (3000.00,3820.00) startOffset 0 endOffset 11 width 80.00: "just a text"
      RenderSVGText {text} at (3100,3802) size 80x23 contains 1 chunk(s)
        RenderSVGInlineText {#text} at (0,0) size 80x23
          chunk 1 text run 1 at (3100.00,3820.00) startOffset 0 endOffset 11 width 80.00: "just a text"
      RenderSVGText {text} at (3200,3802) size 80x23 contains 1 chunk(s)
        RenderSVGInlineText {#text} at (0,0) size 80x23
          chunk 1 text run 1 at (3200.00,3820.00) startOffset 0 endOffset 11 width 80.00: "just a text"
      RenderSVGText {text} at (3300,3802) size 80x23 contains 1 chunk(s)
        RenderSVGInlineText {#text} at (0,0) size 80x23
          chunk 1 text run 1 at (3300.00,3820.00) startOffset 0 endOffset 11 width 80.00: "just a text"
      RenderSVGText {text} at (3400,3802) size 80x23 contains 1 chunk(s)
        RenderSVGInlineText {#text} at (0,0) size 80x23
          chunk 1 text run 1 at (3400.00,3820.00) startOffset 0 endOffset 11 width 80.00: "just a text"
      RenderSVGText {text} at (3500,3802) size 80x23 contains 1 chunk(s)
        RenderSVGInlineText {#text} at (0,0) size 80x23
          chunk 1 text run 1 at (3500.00,3820.00) startOffset 0 endOffset 11 width 80.00: "just a text"
      RenderSVGText {text} at (3600,3802) size 80x23 contains 1 chunk(s)
        RenderSVGInlineText {#text} at (0,0) size 80x23
          chunk 1 text run 1 at (3600.00,3820.00) startOffset 0 endOffset 11 width 80.00: "just a text"
      RenderSVGText {text} at (3700,3802) size 80x23 contains 1 chunk(s)
        RenderSVGInlineText {#text} at (0,0) size 80x23
          chunk 1 text run 1 at (3700.00,3820.00) startOffset 0 endOffset 11 width 80.00: "just a text"
      RenderSVGText {text} at (3800,3802) size 80x23 contains 1 chunk(s)
        RenderSVGInlineText {#text} at (0,0) size 80x23
          chunk 1 text run 1 at (3800.00,3820.00) startOffset 0 endOffset 11 width 80.00: "just a text"
      RenderSVGText {text} at (3900,3802) size 80x23 contains 1 chunk(s)
        RenderSVGInlineText {#text} at (0,0) size 80x23
          chunk 1 text run 1 at (3900.00,3820.00) startOffset 0 endOffset 11 width 80.00: "just a text"
      RenderSVGText {text} at (4000,3802) size 80x23 contains 1 chunk(s)
        RenderSVGInlineText {#text} at (0,0) size 80x23
          chunk 1 text run 1 at (4000.00,3820.00) startOffset 0 endOffset 11 width 80.00: "just a text"
      RenderSVGText {text} at (4100,3802) size 80x23 contains 1 chunk(s)
        RenderSVGInlineText {#text} at (0,0) size 80x23
          chunk 1 text run 1 at (4100.00,3820.00) startOffset 0 endOffset 11 width 80.00: "just a text"
      RenderSVGText {text} at (4200,3802) size 80x23 contains 1 chunk(s)
        RenderSVGInlineText {#text} at (0,0) size 80x23
          chunk 1 text run 1 at (4200.00,3820.00) startOffset 0 endOffset 11 width 80.00: "just a text"
      RenderSVGText {text} at (4300,3802) size 80x23 contains 1 chunk(s)
        RenderSVGInlineText {#text} at (0,0) size 80x23
          chunk 1 text run 1 at (4300.00,3820.00) startOffset 0 endOffset 11 width 80.00: "just a text"
      RenderSVGText {text} at (4400,3802) size 80x23 contains 1 chunk(s)
        RenderSVGInlineText {#text} at (0,0) size 80x23
          chunk 1 text run 1 at (4400.00,3820.00) startOffset 0 endOffset 11 width 80.00: "just a text"
      RenderSVGText {text} at (4500,3802) size 80x23 contains 1 chunk(s)
        RenderSVGInlineText {#text} at (0,0) size 80x23
          chunk 1 text run 1 at (4500.00,3820.00) startOffset 0 endOffset 11 width 80.00: "just a text"
      RenderSVGText {text} at (4600,3802) size 80x23 contains 1 chunk(s)
        RenderSVGInlineText {#text} at (0,0) size 80x23
          chunk 1 text run 1 at (4600.00,3820.00) startOffset 0 endOffset 11 width 80.00: "just a text"
      RenderSVGText {text} at (4700,3802) size 80x23 contains 1 chunk(s)
        RenderSVGInlineText {#text} at (0,0) size 80x23
          chunk 1 text run 1 at (4700.00,3820.00) startOffset 0 endOffset 11 width 80.00: "just a text"
      RenderSVGText {text} at (4800,3802) size 80x23 contains 1 chunk(s)
        RenderSVGInlineText {#text} at (0,0) size 80x23
          chunk 1 text run 1 at (4800.00,3820.00) startOffset 0 endOffset 11 width 80.00: "just a text"
      RenderSVGText {text} at (4900,3802) size 80x23 contains 1 chunk(s)
        RenderSVGInlineText {#text} at (0,0) size 80x23
          chunk 1 text run 1 at (4900.00,3820.00) startOffset 0 endOffset 11 width 80.00: "just a text"
      RenderSVGText {text} at (0,3902) size 80x23 contains 1 chunk(s)
        RenderSVGInlineText {#text} at (0,0) size 80x23
          chunk 1 text run 1 at (0.00,3920.00) startOffset 0 endOffset 11 width 80.00: "just a text"
      RenderSVGText {text} at (100,3902) size 80x23 contains 1 chunk(s)
        RenderSVGInlineText {#text} at (0,0) size 80x23
          chunk 1 text run 1 at (100.00,3920.00) startOffset 0 endOffset 11 width 80.00: "just a text"
      RenderSVGText {text} at (200,3902) size 80x23 contains 1 chunk(s)
        RenderSVGInlineText {#text} at (0,0) size 80x23
          chunk 1 text run 1 at (200.00,3920.00) startOffset 0 endOffset 11 width 80.00: "just a text"
      RenderSVGText {text} at (300,3902) size 80x23 contains 1 chunk(s)
        RenderSVGInlineText {#text} at (0,0) size 80x23
          chunk 1 text run 1 at (300.00,3920.00) startOffset 0 endOffset 11 width 80.00: "just a text"
      RenderSVGText {text} at (400,3902) size 80x23 contains 1 chunk(s)
        RenderSVGInlineText {#text} at (0,0) size 80x23
          chunk 1 text run 1 at (400.00,3920.00) startOffset 0 endOffset 11 width 80.00: "just a text"
      RenderSVGText {text} at (500,3902) size 80x23 contains 1 chunk(s)
        RenderSVGInlineText {#text} at (0,0) size 80x23
          chunk 1 text run 1 at (500.00,3920.00) startOffset 0 endOffset 11 width 80.00: "just a text"
      RenderSVGText {text} at (600,3902) size 80x23 contains 1 chunk(s)
        RenderSVGInlineText {#text} at (0,0) size 80x23
          chunk 1 text run 1 at (600.00,3920.00) startOffset 0 endOffset 11 width 80.00: "just a text"
      RenderSVGText {text} at (700,3902) size 80x23 contains 1 chunk(s)
        RenderSVGInlineText {#text} at (0,0) size 80x23
          chunk 1 text run 1 at (700.00,3920.00) startOffset 0 endOffset 11 width 80.00: "just a text"
      RenderSVGText {text} at (800,3902) size 80x23 contains 1 chunk(s)
        RenderSVGInlineText {#text} at (0,0) size 80x23
          chunk 1 text run 1 at (800.00,3920.00) startOffset 0 endOffset 11 width 80.00: "just a text"
      RenderSVGText {text} at (900,3902) size 80x23 contains 1 chunk(s)
        RenderSVGInlineText {#text} at (0,0) size 80x23
          chunk 1 text run 1 at (900.00,3920.00) startOffset 0 endOffset 11 width 80.00: "just a text"
      RenderSVGText {text} at (1000,3902) size 80x23 contains 1 chunk(s)
        RenderSVGInlineText {#text} at (0,0) size 80x23
          chunk 1 text run 1 at (1000.00,3920.00) startOffset 0 endOffset 11 width 80.00: "just a text"
      RenderSVGText {text} at (1100,3902) size 80x23 contains 1 chunk(s)
        RenderSVGInlineText {#text} at (0,0) size 80x23
          chunk 1 text run 1 at (1100.00,3920.00) startOffset 0 endOffset 11 width 80.00: "just a text"
      RenderSVGText {text} at (1200,3902) size 80x23 contains 1 chunk(s)
        RenderSVGInlineText {#text} at (0,0) size 80x23
          chunk 1 text run 1 at (1200.00,3920.00) startOffset 0 endOffset 11 width 80.00: "just a text"
      RenderSVGText {text} at (1300,3902) size 80x23 contains 1 chunk(s)
        RenderSVGInlineText {#text} at (0,0) size 80x23
          chunk 1 text run 1 at (1300.00,3920.00) startOffset 0 endOffset 11 width 80.00: "just a text"
      RenderSVGText {text} at (1400,3902) size 80x23 contains 1 chunk(s)
        RenderSVGInlineText {#text} at (0,0) size 80x23
          chunk 1 text run 1 at (1400.00,3920.00) startOffset 0 endOffset 11 width 80.00: "just a text"
      RenderSVGText {text} at (1500,3902) size 80x23 contains 1 chunk(s)
        RenderSVGInlineText {#text} at (0,0) size 80x23
          chunk 1 text run 1 at (1500.00,3920.00) startOffset 0 endOffset 11 width 80.00: "just a text"
      RenderSVGText {text} at (1600,3902) size 80x23 contains 1 chunk(s)
        RenderSVGInlineText {#text} at (0,0) size 80x23
          chunk 1 text run 1 at (1600.00,3920.00) startOffset 0 endOffset 11 width 80.00: "just a text"
      RenderSVGText {text} at (1700,3902) size 80x23 contains 1 chunk(s)
        RenderSVGInlineText {#text} at (0,0) size 80x23
          chunk 1 text run 1 at (1700.00,3920.00) startOffset 0 endOffset 11 width 80.00: "just a text"
      RenderSVGText {text} at (1800,3902) size 80x23 contains 1 chunk(s)
        RenderSVGInlineText {#text} at (0,0) size 80x23
          chunk 1 text run 1 at (1800.00,3920.00) startOffset 0 endOffset 11 width 80.00: "just a text"
      RenderSVGText {text} at (1900,3902) size 80x23 contains 1 chunk(s)
        RenderSVGInlineText {#text} at (0,0) size 80x23
          chunk 1 text run 1 at (1900.00,3920.00) startOffset 0 endOffset 11 width 80.00: "just a text"
      RenderSVGText {text} at (2000,3902) size 80x23 contains 1 chunk(s)
        RenderSVGInlineText {#text} at (0,0) size 80x23
          chunk 1 text run 1 at (2000.00,3920.00) startOffset 0 endOffset 11 width 80.00: "just a text"
      RenderSVGText {text} at (2100,3902) size 80x23 contains 1 chunk(s)
        RenderSVGInlineText {#text} at (0,0) size 80x23
          chunk 1 text run 1 at (2100.00,3920.00) startOffset 0 endOffset 11 width 80.00: "just a text"
      RenderSVGText {text} at (2200,3902) size 80x23 contains 1 chunk(s)
        RenderSVGInlineText {#text} at (0,0) size 80x23
          chunk 1 text run 1 at (2200.00,3920.00) startOffset 0 endOffset 11 width 80.00: "just a text"
      RenderSVGText {text} at (2300,3902) size 80x23 contains 1 chunk(s)
        RenderSVGInlineText {#text} at (0,0) size 80x23
          chunk 1 text run 1 at (2300.00,3920.00) startOffset 0 endOffset 11 width 80.00: "just a text"
      RenderSVGText {text} at (2400,3902) size 80x23 contains 1 chunk(s)
        RenderSVGInlineText {#text} at (0,0) size 80x23
          chunk 1 text run 1 at (2400.00,3920.00) startOffset 0 endOffset 11 width 80.00: "just a text"
      RenderSVGText {text} at (2500,3902) size 80x23 contains 1 chunk(s)
        RenderSVGInlineText {#text} at (0,0) size 80x23
          chunk 1 text run 1 at (2500.00,3920.00) startOffset 0 endOffset 11 width 80.00: "just a text"
      RenderSVGText {text} at (2600,3902) size 80x23 contains 1 chunk(s)
        RenderSVGInlineText {#text} at (0,0) size 80x23
          chunk 1 text run 1 at (2600.00,3920.00) startOffset 0 endOffset 11 width 80.00: "just a text"
      RenderSVGText {text} at (2700,3902) size 80x23 contains 1 chunk(s)
        RenderSVGInlineText {#text} at (0,0) size 80x23
          chunk 1 text run 1 at (2700.00,3920.00) startOffset 0 endOffset 11 width 80.00: "just a text"
      RenderSVGText {text} at (2800,3902) size 80x23 contains 1 chunk(s)
        RenderSVGInlineText {#text} at (0,0) size 80x23
          chunk 1 text run 1 at (2800.00,3920.00) startOffset 0 endOffset 11 width 80.00: "just a text"
      RenderSVGText {text} at (2900,3902) size 80x23 contains 1 chunk(s)
        RenderSVGInlineText {#text} at (0,0) size 80x23
          chunk 1 text run 1 at (2900.00,3920.00) startOffset 0 endOffset 11 width 80.00: "just a text"
      RenderSVGText {text} at (3000,3902) size 80x23 contains 1 chunk(s)
        RenderSVGInlineText {#text} at (0,0) size 80x23
          chunk 1 text run 1 at (3000.00,3920.00) startOffset 0 endOffset 11 width 80.00: "just a text"
      RenderSVGText {text} at (3100,3902) size 80x23 contains 1 chunk(s)
        RenderSVGInlineText {#text} at (0,0) size 80x23
          chunk 1 text run 1 at (3100.00,3920.00) startOffset 0 endOffset 11 width 80.00: "just a text"
      RenderSVGText {text} at (3200,3902) size 80x23 contains 1 chunk(s)
        RenderSVGInlineText {#text} at (0,0) size 80x23
          chunk 1 text run 1 at (3200.00,3920.00) startOffset 0 endOffset 11 width 80.00: "just a text"
      RenderSVGText {text} at (3300,3902) size 80x23 contains 1 chunk(s)
        RenderSVGInlineText {#text} at (0,0) size 80x23
          chunk 1 text run 1 at (3300.00,3920.00) startOffset 0 endOffset 11 width 80.00: "just a text"
      RenderSVGText {text} at (3400,3902) size 80x23 contains 1 chunk(s)
        RenderSVGInlineText {#text} at (0,0) size 80x23
          chunk 1 text run 1 at (3400.00,3920.00) startOffset 0 endOffset 11 width 80.00: "just a text"
      RenderSVGText {text} at (3500,3902) size 80x23 contains 1 chunk(s)
        RenderSVGInlineText {#text} at (0,0) size 80x23
          chunk 1 text run 1 at (3500.00,3920.00) startOffset 0 endOffset 11 width 80.00: "just a text"
      RenderSVGText {text} at (3600,3902) size 80x23 contains 1 chunk(s)
        RenderSVGInlineText {#text} at (0,0) size 80x23
          chunk 1 text run 1 at (3600.00,3920.00) startOffset 0 endOffset 11 width 80.00: "just a text"
      RenderSVGText {text} at (3700,3902) size 80x23 contains 1 chunk(s)
        RenderSVGInlineText {#text} at (0,0) size 80x23
          chunk 1 text run 1 at (3700.00,3920.00) startOffset 0 endOffset 11 width 80.00: "just a text"
      RenderSVGText {text} at (3800,3902) size 80x23 contains 1 chunk(s)
        RenderSVGInlineText {#text} at (0,0) size 80x23
          chunk 1 text run 1 at (3800.00,3920.00) startOffset 0 endOffset 11 width 80.00: "just a text"
      RenderSVGText {text} at (3900,3902) size 80x23 contains 1 chunk(s)
        RenderSVGInlineText {#text} at (0,0) size 80x23
          chunk 1 text run 1 at (3900.00,3920.00) startOffset 0 endOffset 11 width 80.00: "just a text"
      RenderSVGText {text} at (4000,3902) size 80x23 contains 1 chunk(s)
        RenderSVGInlineText {#text} at (0,0) size 80x23
          chunk 1 text run 1 at (4000.00,3920.00) startOffset 0 endOffset 11 width 80.00: "just a text"
      RenderSVGText {text} at (4100,3902) size 80x23 contains 1 chunk(s)
        RenderSVGInlineText {#text} at (0,0) size 80x23
          chunk 1 text run 1 at (4100.00,3920.00) startOffset 0 endOffset 11 width 80.00: "just a text"
      RenderSVGText {text} at (4200,3902) size 80x23 contains 1 chunk(s)
        RenderSVGInlineText {#text} at (0,0) size 80x23
          chunk 1 text run 1 at (4200.00,3920.00) startOffset 0 endOffset 11 width 80.00: "just a text"
      RenderSVGText {text} at (4300,3902) size 80x23 contains 1 chunk(s)
        RenderSVGInlineText {#text} at (0,0) size 80x23
          chunk 1 text run 1 at (4300.00,3920.00) startOffset 0 endOffset 11 width 80.00: "just a text"
      RenderSVGText {text} at (4400,3902) size 80x23 contains 1 chunk(s)
        RenderSVGInlineText {#text} at (0,0) size 80x23
          chunk 1 text run 1 at (4400.00,3920.00) startOffset 0 endOffset 11 width 80.00: "just a text"
      RenderSVGText {text} at (4500,3902) size 80x23 contains 1 chunk(s)
        RenderSVGInlineText {#text} at (0,0) size 80x23
          chunk 1 text run 1 at (4500.00,3920.00) startOffset 0 endOffset 11 width 80.00: "just a text"
      RenderSVGText {text} at (4600,3902) size 80x23 contains 1 chunk(s)
        RenderSVGInlineText {#text} at (0,0) size 80x23
          chunk 1 text run 1 at (4600.00,3920.00) startOffset 0 endOffset 11 width 80.00: "just a text"
      RenderSVGText {text} at (4700,3902) size 80x23 contains 1 chunk(s)
        RenderSVGInlineText {#text} at (0,0) size 80x23
          chunk 1 text run 1 at (4700.00,3920.00) startOffset 0 endOffset 11 width 80.00: "just a text"
      RenderSVGText {text} at (4800,3902) size 80x23 contains 1 chunk(s)
        RenderSVGInlineText {#text} at (0,0) size 80x23
          chunk 1 text run 1 at (4800.00,3920.00) startOffset 0 endOffset 11 width 80.00: "just a text"
      RenderSVGText {text} at (4900,3902) size 80x23 contains 1 chunk(s)
        RenderSVGInlineText {#text} at (0,0) size 80x23
          chunk 1 text run 1 at (4900.00,3920.00) startOffset 0 endOffset 11 width 80.00: "just a text"
      RenderSVGText {text} at (0,4002) size 80x23 contains 1 chunk(s)
        RenderSVGInlineText {#text} at (0,0) size 80x23
          chunk 1 text run 1 at (0.00,4020.00) startOffset 0 endOffset 11 width 80.00: "just a text"
      RenderSVGText {text} at (100,4002) size 80x23 contains 1 chunk(s)
        RenderSVGInlineText {#text} at (0,0) size 80x23
          chunk 1 text run 1 at (100.00,4020.00) startOffset 0 endOffset 11 width 80.00: "just a text"
      RenderSVGText {text} at (200,4002) size 80x23 contains 1 chunk(s)
        RenderSVGInlineText {#text} at (0,0) size 80x23
          chunk 1 text run 1 at (200.00,4020.00) startOffset 0 endOffset 11 width 80.00: "just a text"
      RenderSVGText {text} at (300,4002) size 80x23 contains 1 chunk(s)
        RenderSVGInlineText {#text} at (0,0) size 80x23
          chunk 1 text run 1 at (300.00,4020.00) startOffset 0 endOffset 11 width 80.00: "just a text"
      RenderSVGText {text} at (400,4002) size 80x23 contains 1 chunk(s)
        RenderSVGInlineText {#text} at (0,0) size 80x23
          chunk 1 text run 1 at (400.00,4020.00) startOffset 0 endOffset 11 width 80.00: "just a text"
      RenderSVGText {text} at (500,4002) size 80x23 contains 1 chunk(s)
        RenderSVGInlineText {#text} at (0,0) size 80x23
          chunk 1 text run 1 at (500.00,4020.00) startOffset 0 endOffset 11 width 80.00: "just a text"
      RenderSVGText {text} at (600,4002) size 80x23 contains 1 chunk(s)
        RenderSVGInlineText {#text} at (0,0) size 80x23
          chunk 1 text run 1 at (600.00,4020.00) startOffset 0 endOffset 11 width 80.00: "just a text"
      RenderSVGText {text} at (700,4002) size 80x23 contains 1 chunk(s)
        RenderSVGInlineText {#text} at (0,0) size 80x23
          chunk 1 text run 1 at (700.00,4020.00) startOffset 0 endOffset 11 width 80.00: "just a text"
      RenderSVGText {text} at (800,4002) size 80x23 contains 1 chunk(s)
        RenderSVGInlineText {#text} at (0,0) size 80x23
          chunk 1 text run 1 at (800.00,4020.00) startOffset 0 endOffset 11 width 80.00: "just a text"
      RenderSVGText {text} at (900,4002) size 80x23 contains 1 chunk(s)
        RenderSVGInlineText {#text} at (0,0) size 80x23
          chunk 1 text run 1 at (900.00,4020.00) startOffset 0 endOffset 11 width 80.00: "just a text"
      RenderSVGText {text} at (1000,4002) size 80x23 contains 1 chunk(s)
        RenderSVGInlineText {#text} at (0,0) size 80x23
          chunk 1 text run 1 at (1000.00,4020.00) startOffset 0 endOffset 11 width 80.00: "just a text"
      RenderSVGText {text} at (1100,4002) size 80x23 contains 1 chunk(s)
        RenderSVGInlineText {#text} at (0,0) size 80x23
          chunk 1 text run 1 at (1100.00,4020.00) startOffset 0 endOffset 11 width 80.00: "just a text"
      RenderSVGText {text} at (1200,4002) size 80x23 contains 1 chunk(s)
        RenderSVGInlineText {#text} at (0,0) size 80x23
          chunk 1 text run 1 at (1200.00,4020.00) startOffset 0 endOffset 11 width 80.00: "just a text"
      RenderSVGText {text} at (1300,4002) size 80x23 contains 1 chunk(s)
        RenderSVGInlineText {#text} at (0,0) size 80x23
          chunk 1 text run 1 at (1300.00,4020.00) startOffset 0 endOffset 11 width 80.00: "just a text"
      RenderSVGText {text} at (1400,4002) size 80x23 contains 1 chunk(s)
        RenderSVGInlineText {#text} at (0,0) size 80x23
          chunk 1 text run 1 at (1400.00,4020.00) startOffset 0 endOffset 11 width 80.00: "just a text"
      RenderSVGText {text} at (1500,4002) size 80x23 contains 1 chunk(s)
        RenderSVGInlineText {#text} at (0,0) size 80x23
          chunk 1 text run 1 at (1500.00,4020.00) startOffset 0 endOffset 11 width 80.00: "just a text"
      RenderSVGText {text} at (1600,4002) size 80x23 contains 1 chunk(s)
        RenderSVGInlineText {#text} at (0,0) size 80x23
          chunk 1 text run 1 at (1600.00,4020.00) startOffset 0 endOffset 11 width 80.00: "just a text"
      RenderSVGText {text} at (1700,4002) size 80x23 contains 1 chunk(s)
        RenderSVGInlineText {#text} at (0,0) size 80x23
          chunk 1 text run 1 at (1700.00,4020.00) startOffset 0 endOffset 11 width 80.00: "just a text"
      RenderSVGText {text} at (1800,4002) size 80x23 contains 1 chunk(s)
        RenderSVGInlineText {#text} at (0,0) size 80x23
          chunk 1 text run 1 at (1800.00,4020.00) startOffset 0 endOffset 11 width 80.00: "just a text"
      RenderSVGText {text} at (1900,4002) size 80x23 contains 1 chunk(s)
        RenderSVGInlineText {#text} at (0,0) size 80x23
          chunk 1 text run 1 at (1900.00,4020.00) startOffset 0 endOffset 11 width 80.00: "just a text"
      RenderSVGText {text} at (2000,4002) size 80x23 contains 1 chunk(s)
        RenderSVGInlineText {#text} at (0,0) size 80x23
          chunk 1 text run 1 at (2000.00,4020.00) startOffset 0 endOffset 11 width 80.00: "just a text"
      RenderSVGText {text} at (2100,4002) size 80x23 contains 1 chunk(s)
        RenderSVGInlineText {#text} at (0,0) size 80x23
          chunk 1 text run 1 at (2100.00,4020.00) startOffset 0 endOffset 11 width 80.00: "just a text"
      RenderSVGText {text} at (2200,4002) size 80x23 contains 1 chunk(s)
        RenderSVGInlineText {#text} at (0,0) size 80x23
          chunk 1 text run 1 at (2200.00,4020.00) startOffset 0 endOffset 11 width 80.00: "just a text"
      RenderSVGText {text} at (2300,4002) size 80x23 contains 1 chunk(s)
        RenderSVGInlineText {#text} at (0,0) size 80x23
          chunk 1 text run 1 at (2300.00,4020.00) startOffset 0 endOffset 11 width 80.00: "just a text"
      RenderSVGText {text} at (2400,4002) size 80x23 contains 1 chunk(s)
        RenderSVGInlineText {#text} at (0,0) size 80x23
          chunk 1 text run 1 at (2400.00,4020.00) startOffset 0 endOffset 11 width 80.00: "just a text"
      RenderSVGText {text} at (2500,4002) size 80x23 contains 1 chunk(s)
        RenderSVGInlineText {#text} at (0,0) size 80x23
          chunk 1 text run 1 at (2500.00,4020.00) startOffset 0 endOffset 11 width 80.00: "just a text"
      RenderSVGText {text} at (2600,4002) size 80x23 contains 1 chunk(s)
        RenderSVGInlineText {#text} at (0,0) size 80x23
          chunk 1 text run 1 at (2600.00,4020.00) startOffset 0 endOffset 11 width 80.00: "just a text"
      RenderSVGText {text} at (2700,4002) size 80x23 contains 1 chunk(s)
        RenderSVGInlineText {#text} at (0,0) size 80x23
          chunk 1 text run 1 at (2700.00,4020.00) startOffset 0 endOffset 11 width 80.00: "just a text"
      RenderSVGText {text} at (2800,4002) size 80x23 contains 1 chunk(s)
        RenderSVGInlineText {#text} at (0,0) size 80x23
          chunk 1 text run 1 at (2800.00,4020.00) startOffset 0 endOffset 11 width 80.00: "just a text"
      RenderSVGText {text} at (2900,4002) size 80x23 contains 1 chunk(s)
        RenderSVGInlineText {#text} at (0,0) size 80x23
          chunk 1 text run 1 at (2900.00,4020.00) startOffset 0 endOffset 11 width 80.00: "just a text"
      RenderSVGText {text} at (3000,4002) size 80x23 contains 1 chunk(s)
        RenderSVGInlineText {#text} at (0,0) size 80x23
          chunk 1 text run 1 at (3000.00,4020.00) startOffset 0 endOffset 11 width 80.00: "just a text"
      RenderSVGText {text} at (3100,4002) size 80x23 contains 1 chunk(s)
        RenderSVGInlineText {#text} at (0,0) size 80x23
          chunk 1 text run 1 at (3100.00,4020.00) startOffset 0 endOffset 11 width 80.00: "just a text"
      RenderSVGText {text} at (3200,4002) size 80x23 contains 1 chunk(s)
        RenderSVGInlineText {#text} at (0,0) size 80x23
          chunk 1 text run 1 at (3200.00,4020.00) startOffset 0 endOffset 11 width 80.00: "just a text"
      RenderSVGText {text} at (3300,4002) size 80x23 contains 1 chunk(s)
        RenderSVGInlineText {#text} at (0,0) size 80x23
          chunk 1 text run 1 at (3300.00,4020.00) startOffset 0 endOffset 11 width 80.00: "just a text"
      RenderSVGText {text} at (3400,4002) size 80x23 contains 1 chunk(s)
        RenderSVGInlineText {#text} at (0,0) size 80x23
          chunk 1 text run 1 at (3400.00,4020.00) startOffset 0 endOffset 11 width 80.00: "just a text"
      RenderSVGText {text} at (3500,4002) size 80x23 contains 1 chunk(s)
        RenderSVGInlineText {#text} at (0,0) size 80x23
          chunk 1 text run 1 at (3500.00,4020.00) startOffset 0 endOffset 11 width 80.00: "just a text"
      RenderSVGText {text} at (3600,4002) size 80x23 contains 1 chunk(s)
        RenderSVGInlineText {#text} at (0,0) size 80x23
          chunk 1 text run 1 at (3600.00,4020.00) startOffset 0 endOffset 11 width 80.00: "just a text"
      RenderSVGText {text} at (3700,4002) size 80x23 contains 1 chunk(s)
        RenderSVGInlineText {#text} at (0,0) size 80x23
          chunk 1 text run 1 at (3700.00,4020.00) startOffset 0 endOffset 11 width 80.00: "just a text"
      RenderSVGText {text} at (3800,4002) size 80x23 contains 1 chunk(s)
        RenderSVGInlineText {#text} at (0,0) size 80x23
          chunk 1 text run 1 at (3800.00,4020.00) startOffset 0 endOffset 11 width 80.00: "just a text"
      RenderSVGText {text} at (3900,4002) size 80x23 contains 1 chunk(s)
        RenderSVGInlineText {#text} at (0,0) size 80x23
          chunk 1 text run 1 at (3900.00,4020.00) startOffset 0 endOffset 11 width 80.00: "just a text"
      RenderSVGText {text} at (4000,4002) size 80x23 contains 1 chunk(s)
        RenderSVGInlineText {#text} at (0,0) size 80x23
          chunk 1 text run 1 at (4000.00,4020.00) startOffset 0 endOffset 11 width 80.00: "just a text"
      RenderSVGText {text} at (4100,4002) size 80x23 contains 1 chunk(s)
        RenderSVGInlineText {#text} at (0,0) size 80x23
          chunk 1 text run 1 at (4100.00,4020.00) startOffset 0 endOffset 11 width 80.00: "just a text"
      RenderSVGText {text} at (4200,4002) size 80x23 contains 1 chunk(s)
        RenderSVGInlineText {#text} at (0,0) size 80x23
          chunk 1 text run 1 at (4200.00,4020.00) startOffset 0 endOffset 11 width 80.00: "just a text"
      RenderSVGText {text} at (4300,4002) size 80x23 contains 1 chunk(s)
        RenderSVGInlineText {#text} at (0,0) size 80x23
          chunk 1 text run 1 at (4300.00,4020.00) startOffset 0 endOffset 11 width 80.00: "just a text"
      RenderSVGText {text} at (4400,4002) size 80x23 contains 1 chunk(s)
        RenderSVGInlineText {#text} at (0,0) size 80x23
          chunk 1 text run 1 at (4400.00,4020.00) startOffset 0 endOffset 11 width 80.00: "just a text"
      RenderSVGText {text} at (4500,4002) size 80x23 contains 1 chunk(s)
        RenderSVGInlineText {#text} at (0,0) size 80x23
          chunk 1 text run 1 at (4500.00,4020.00) startOffset 0 endOffset 11 width 80.00: "just a text"
      RenderSVGText {text} at (4600,4002) size 80x23 contains 1 chunk(s)
        RenderSVGInlineText {#text} at (0,0) size 80x23
          chunk 1 text run 1 at (4600.00,4020.00) startOffset 0 endOffset 11 width 80.00: "just a text"
      RenderSVGText {text} at (4700,4002) size 80x23 contains 1 chunk(s)
        RenderSVGInlineText {#text} at (0,0) size 80x23
          chunk 1 text run 1 at (4700.00,4020.00) startOffset 0 endOffset 11 width 80.00: "just a text"
      RenderSVGText {text} at (4800,4002) size 80x23 contains 1 chunk(s)
        RenderSVGInlineText {#text} at (0,0) size 80x23
          chunk 1 text run 1 at (4800.00,4020.00) startOffset 0 endOffset 11 width 80.00: "just a text"
      RenderSVGText {text} at (4900,4002) size 80x23 contains 1 chunk(s)
        RenderSVGInlineText {#text} at (0,0) size 80x23
          chunk 1 text run 1 at (4900.00,4020.00) startOffset 0 endOffset 11 width 80.00: "just a text"
      RenderSVGText {text} at (0,4102) size 80x23 contains 1 chunk(s)
        RenderSVGInlineText {#text} at (0,0) size 80x23
          chunk 1 text run 1 at (0.00,4120.00) startOffset 0 endOffset 11 width 80.00: "just a text"
      RenderSVGText {text} at (100,4102) size 80x23 contains 1 chunk(s)
        RenderSVGInlineText {#text} at (0,0) size 80x23
          chunk 1 text run 1 at (100.00,4120.00) startOffset 0 endOffset 11 width 80.00: "just a text"
      RenderSVGText {text} at (200,4102) size 80x23 contains 1 chunk(s)
        RenderSVGInlineText {#text} at (0,0) size 80x23
          chunk 1 text run 1 at (200.00,4120.00) startOffset 0 endOffset 11 width 80.00: "just a text"
      RenderSVGText {text} at (300,4102) size 80x23 contains 1 chunk(s)
        RenderSVGInlineText {#text} at (0,0) size 80x23
          chunk 1 text run 1 at (300.00,4120.00) startOffset 0 endOffset 11 width 80.00: "just a text"
      RenderSVGText {text} at (400,4102) size 80x23 contains 1 chunk(s)
        RenderSVGInlineText {#text} at (0,0) size 80x23
          chunk 1 text run 1 at (400.00,4120.00) startOffset 0 endOffset 11 width 80.00: "just a text"
      RenderSVGText {text} at (500,4102) size 80x23 contains 1 chunk(s)
        RenderSVGInlineText {#text} at (0,0) size 80x23
          chunk 1 text run 1 at (500.00,4120.00) startOffset 0 endOffset 11 width 80.00: "just a text"
      RenderSVGText {text} at (600,4102) size 80x23 contains 1 chunk(s)
        RenderSVGInlineText {#text} at (0,0) size 80x23
          chunk 1 text run 1 at (600.00,4120.00) startOffset 0 endOffset 11 width 80.00: "just a text"
      RenderSVGText {text} at (700,4102) size 80x23 contains 1 chunk(s)
        RenderSVGInlineText {#text} at (0,0) size 80x23
          chunk 1 text run 1 at (700.00,4120.00) startOffset 0 endOffset 11 width 80.00: "just a text"
      RenderSVGText {text} at (800,4102) size 80x23 contains 1 chunk(s)
        RenderSVGInlineText {#text} at (0,0) size 80x23
          chunk 1 text run 1 at (800.00,4120.00) startOffset 0 endOffset 11 width 80.00: "just a text"
      RenderSVGText {text} at (900,4102) size 80x23 contains 1 chunk(s)
        RenderSVGInlineText {#text} at (0,0) size 80x23
          chunk 1 text run 1 at (900.00,4120.00) startOffset 0 endOffset 11 width 80.00: "just a text"
      RenderSVGText {text} at (1000,4102) size 80x23 contains 1 chunk(s)
        RenderSVGInlineText {#text} at (0,0) size 80x23
          chunk 1 text run 1 at (1000.00,4120.00) startOffset 0 endOffset 11 width 80.00: "just a text"
      RenderSVGText {text} at (1100,4102) size 80x23 contains 1 chunk(s)
        RenderSVGInlineText {#text} at (0,0) size 80x23
          chunk 1 text run 1 at (1100.00,4120.00) startOffset 0 endOffset 11 width 80.00: "just a text"
      RenderSVGText {text} at (1200,4102) size 80x23 contains 1 chunk(s)
        RenderSVGInlineText {#text} at (0,0) size 80x23
          chunk 1 text run 1 at (1200.00,4120.00) startOffset 0 endOffset 11 width 80.00: "just a text"
      RenderSVGText {text} at (1300,4102) size 80x23 contains 1 chunk(s)
        RenderSVGInlineText {#text} at (0,0) size 80x23
          chunk 1 text run 1 at (1300.00,4120.00) startOffset 0 endOffset 11 width 80.00: "just a text"
      RenderSVGText {text} at (1400,4102) size 80x23 contains 1 chunk(s)
        RenderSVGInlineText {#text} at (0,0) size 80x23
          chunk 1 text run 1 at (1400.00,4120.00) startOffset 0 endOffset 11 width 80.00: "just a text"
      RenderSVGText {text} at (1500,4102) size 80x23 contains 1 chunk(s)
        RenderSVGInlineText {#text} at (0,0) size 80x23
          chunk 1 text run 1 at (1500.00,4120.00) startOffset 0 endOffset 11 width 80.00: "just a text"
      RenderSVGText {text} at (1600,4102) size 80x23 contains 1 chunk(s)
        RenderSVGInlineText {#text} at (0,0) size 80x23
          chunk 1 text run 1 at (1600.00,4120.00) startOffset 0 endOffset 11 width 80.00: "just a text"
      RenderSVGText {text} at (1700,4102) size 80x23 contains 1 chunk(s)
        RenderSVGInlineText {#text} at (0,0) size 80x23
          chunk 1 text run 1 at (1700.00,4120.00) startOffset 0 endOffset 11 width 80.00: "just a text"
      RenderSVGText {text} at (1800,4102) size 80x23 contains 1 chunk(s)
        RenderSVGInlineText {#text} at (0,0) size 80x23
          chunk 1 text run 1 at (1800.00,4120.00) startOffset 0 endOffset 11 width 80.00: "just a text"
      RenderSVGText {text} at (1900,4102) size 80x23 contains 1 chunk(s)
        RenderSVGInlineText {#text} at (0,0) size 80x23
          chunk 1 text run 1 at (1900.00,4120.00) startOffset 0 endOffset 11 width 80.00: "just a text"
      RenderSVGText {text} at (2000,4102) size 80x23 contains 1 chunk(s)
        RenderSVGInlineText {#text} at (0,0) size 80x23
          chunk 1 text run 1 at (2000.00,4120.00) startOffset 0 endOffset 11 width 80.00: "just a text"
      RenderSVGText {text} at (2100,4102) size 80x23 contains 1 chunk(s)
        RenderSVGInlineText {#text} at (0,0) size 80x23
          chunk 1 text run 1 at (2100.00,4120.00) startOffset 0 endOffset 11 width 80.00: "just a text"
      RenderSVGText {text} at (2200,4102) size 80x23 contains 1 chunk(s)
        RenderSVGInlineText {#text} at (0,0) size 80x23
          chunk 1 text run 1 at (2200.00,4120.00) startOffset 0 endOffset 11 width 80.00: "just a text"
      RenderSVGText {text} at (2300,4102) size 80x23 contains 1 chunk(s)
        RenderSVGInlineText {#text} at (0,0) size 80x23
          chunk 1 text run 1 at (2300.00,4120.00) startOffset 0 endOffset 11 width 80.00: "just a text"
      RenderSVGText {text} at (2400,4102) size 80x23 contains 1 chunk(s)
        RenderSVGInlineText {#text} at (0,0) size 80x23
          chunk 1 text run 1 at (2400.00,4120.00) startOffset 0 endOffset 11 width 80.00: "just a text"
      RenderSVGText {text} at (2500,4102) size 80x23 contains 1 chunk(s)
        RenderSVGInlineText {#text} at (0,0) size 80x23
          chunk 1 text run 1 at (2500.00,4120.00) startOffset 0 endOffset 11 width 80.00: "just a text"
      RenderSVGText {text} at (2600,4102) size 80x23 contains 1 chunk(s)
        RenderSVGInlineText {#text} at (0,0) size 80x23
          chunk 1 text run 1 at (2600.00,4120.00) startOffset 0 endOffset 11 width 80.00: "just a text"
      RenderSVGText {text} at (2700,4102) size 80x23 contains 1 chunk(s)
        RenderSVGInlineText {#text} at (0,0) size 80x23
          chunk 1 text run 1 at (2700.00,4120.00) startOffset 0 endOffset 11 width 80.00: "just a text"
      RenderSVGText {text} at (2800,4102) size 80x23 contains 1 chunk(s)
        RenderSVGInlineText {#text} at (0,0) size 80x23
          chunk 1 text run 1 at (2800.00,4120.00) startOffset 0 endOffset 11 width 80.00: "just a text"
      RenderSVGText {text} at (2900,4102) size 80x23 contains 1 chunk(s)
        RenderSVGInlineText {#text} at (0,0) size 80x23
          chunk 1 text run 1 at (2900.00,4120.00) startOffset 0 endOffset 11 width 80.00: "just a text"
      RenderSVGText {text} at (3000,4102) size 80x23 contains 1 chunk(s)
        RenderSVGInlineText {#text} at (0,0) size 80x23
          chunk 1 text run 1 at (3000.00,4120.00) startOffset 0 endOffset 11 width 80.00: "just a text"
      RenderSVGText {text} at (3100,4102) size 80x23 contains 1 chunk(s)
        RenderSVGInlineText {#text} at (0,0) size 80x23
          chunk 1 text run 1 at (3100.00,4120.00) startOffset 0 endOffset 11 width 80.00: "just a text"
      RenderSVGText {text} at (3200,4102) size 80x23 contains 1 chunk(s)
        RenderSVGInlineText {#text} at (0,0) size 80x23
          chunk 1 text run 1 at (3200.00,4120.00) startOffset 0 endOffset 11 width 80.00: "just a text"
      RenderSVGText {text} at (3300,4102) size 80x23 contains 1 chunk(s)
        RenderSVGInlineText {#text} at (0,0) size 80x23
          chunk 1 text run 1 at (3300.00,4120.00) startOffset 0 endOffset 11 width 80.00: "just a text"
      RenderSVGText {text} at (3400,4102) size 80x23 contains 1 chunk(s)
        RenderSVGInlineText {#text} at (0,0) size 80x23
          chunk 1 text run 1 at (3400.00,4120.00) startOffset 0 endOffset 11 width 80.00: "just a text"
      RenderSVGText {text} at (3500,4102) size 80x23 contains 1 chunk(s)
        RenderSVGInlineText {#text} at (0,0) size 80x23
          chunk 1 text run 1 at (3500.00,4120.00) startOffset 0 endOffset 11 width 80.00: "just a text"
      RenderSVGText {text} at (3600,4102) size 80x23 contains 1 chunk(s)
        RenderSVGInlineText {#text} at (0,0) size 80x23
          chunk 1 text run 1 at (3600.00,4120.00) startOffset 0 endOffset 11 width 80.00: "just a text"
      RenderSVGText {text} at (3700,4102) size 80x23 contains 1 chunk(s)
        RenderSVGInlineText {#text} at (0,0) size 80x23
          chunk 1 text run 1 at (3700.00,4120.00) startOffset 0 endOffset 11 width 80.00: "just a text"
      RenderSVGText {text} at (3800,4102) size 80x23 contains 1 chunk(s)
        RenderSVGInlineText {#text} at (0,0) size 80x23
          chunk 1 text run 1 at (3800.00,4120.00) startOffset 0 endOffset 11 width 80.00: "just a text"
      RenderSVGText {text} at (3900,4102) size 80x23 contains 1 chunk(s)
        RenderSVGInlineText {#text} at (0,0) size 80x23
          chunk 1 text run 1 at (3900.00,4120.00) startOffset 0 endOffset 11 width 80.00: "just a text"
      RenderSVGText {text} at (4000,4102) size 80x23 contains 1 chunk(s)
        RenderSVGInlineText {#text} at (0,0) size 80x23
          chunk 1 text run 1 at (4000.00,4120.00) startOffset 0 endOffset 11 width 80.00: "just a text"
      RenderSVGText {text} at (4100,4102) size 80x23 contains 1 chunk(s)
        RenderSVGInlineText {#text} at (0,0) size 80x23
          chunk 1 text run 1 at (4100.00,4120.00) startOffset 0 endOffset 11 width 80.00: "just a text"
      RenderSVGText {text} at (4200,4102) size 80x23 contains 1 chunk(s)
        RenderSVGInlineText {#text} at (0,0) size 80x23
          chunk 1 text run 1 at (4200.00,4120.00) startOffset 0 endOffset 11 width 80.00: "just a text"
      RenderSVGText {text} at (4300,4102) size 80x23 contains 1 chunk(s)
        RenderSVGInlineText {#text} at (0,0) size 80x23
          chunk 1 text run 1 at (4300.00,4120.00) startOffset 0 endOffset 11 width 80.00: "just a text"
      RenderSVGText {text} at (4400,4102) size 80x23 contains 1 chunk(s)
        RenderSVGInlineText {#text} at (0,0) size 80x23
          chunk 1 text run 1 at (4400.00,4120.00) startOffset 0 endOffset 11 width 80.00: "just a text"
      RenderSVGText {text} at (4500,4102) size 80x23 contains 1 chunk(s)
        RenderSVGInlineText {#text} at (0,0) size 80x23
          chunk 1 text run 1 at (4500.00,4120.00) startOffset 0 endOffset 11 width 80.00: "just a text"
      RenderSVGText {text} at (4600,4102) size 80x23 contains 1 chunk(s)
        RenderSVGInlineText {#text} at (0,0) size 80x23
          chunk 1 text run 1 at (4600.00,4120.00) startOffset 0 endOffset 11 width 80.00: "just a text"
      RenderSVGText {text} at (4700,4102) size 80x23 contains 1 chunk(s)
        RenderSVGInlineText {#text} at (0,0) size 80x23
          chunk 1 text run 1 at (4700.00,4120.00) startOffset 0 endOffset 11 width 80.00: "just a text"
      RenderSVGText {text} at (4800,4102) size 80x23 contains 1 chunk(s)
        RenderSVGInlineText {#text} at (0,0) size 80x23
          chunk 1 text run 1 at (4800.00,4120.00) startOffset 0 endOffset 11 width 80.00: "just a text"
      RenderSVGText {text} at (4900,4102) size 80x23 contains 1 chunk(s)
        RenderSVGInlineText {#text} at (0,0) size 80x23
          chunk 1 text run 1 at (4900.00,4120.00) startOffset 0 endOffset 11 width 80.00: "just a text"
      RenderSVGText {text} at (0,4202) size 80x23 contains 1 chunk(s)
        RenderSVGInlineText {#text} at (0,0) size 80x23
          chunk 1 text run 1 at (0.00,4220.00) startOffset 0 endOffset 11 width 80.00: "just a text"
      RenderSVGText {text} at (100,4202) size 80x23 contains 1 chunk(s)
        RenderSVGInlineText {#text} at (0,0) size 80x23
          chunk 1 text run 1 at (100.00,4220.00) startOffset 0 endOffset 11 width 80.00: "just a text"
      RenderSVGText {text} at (200,4202) size 80x23 contains 1 chunk(s)
        RenderSVGInlineText {#text} at (0,0) size 80x23
          chunk 1 text run 1 at (200.00,4220.00) startOffset 0 endOffset 11 width 80.00: "just a text"
      RenderSVGText {text} at (300,4202) size 80x23 contains 1 chunk(s)
        RenderSVGInlineText {#text} at (0,0) size 80x23
          chunk 1 text run 1 at (300.00,4220.00) startOffset 0 endOffset 11 width 80.00: "just a text"
      RenderSVGText {text} at (400,4202) size 80x23 contains 1 chunk(s)
        RenderSVGInlineText {#text} at (0,0) size 80x23
          chunk 1 text run 1 at (400.00,4220.00) startOffset 0 endOffset 11 width 80.00: "just a text"
      RenderSVGText {text} at (500,4202) size 80x23 contains 1 chunk(s)
        RenderSVGInlineText {#text} at (0,0) size 80x23
          chunk 1 text run 1 at (500.00,4220.00) startOffset 0 endOffset 11 width 80.00: "just a text"
      RenderSVGText {text} at (600,4202) size 80x23 contains 1 chunk(s)
        RenderSVGInlineText {#text} at (0,0) size 80x23
          chunk 1 text run 1 at (600.00,4220.00) startOffset 0 endOffset 11 width 80.00: "just a text"
      RenderSVGText {text} at (700,4202) size 80x23 contains 1 chunk(s)
        RenderSVGInlineText {#text} at (0,0) size 80x23
          chunk 1 text run 1 at (700.00,4220.00) startOffset 0 endOffset 11 width 80.00: "just a text"
      RenderSVGText {text} at (800,4202) size 80x23 contains 1 chunk(s)
        RenderSVGInlineText {#text} at (0,0) size 80x23
          chunk 1 text run 1 at (800.00,4220.00) startOffset 0 endOffset 11 width 80.00: "just a text"
      RenderSVGText {text} at (900,4202) size 80x23 contains 1 chunk(s)
        RenderSVGInlineText {#text} at (0,0) size 80x23
          chunk 1 text run 1 at (900.00,4220.00) startOffset 0 endOffset 11 width 80.00: "just a text"
      RenderSVGText {text} at (1000,4202) size 80x23 contains 1 chunk(s)
        RenderSVGInlineText {#text} at (0,0) size 80x23
          chunk 1 text run 1 at (1000.00,4220.00) startOffset 0 endOffset 11 width 80.00: "just a text"
      RenderSVGText {text} at (1100,4202) size 80x23 contains 1 chunk(s)
        RenderSVGInlineText {#text} at (0,0) size 80x23
          chunk 1 text run 1 at (1100.00,4220.00) startOffset 0 endOffset 11 width 80.00: "just a text"
      RenderSVGText {text} at (1200,4202) size 80x23 contains 1 chunk(s)
        RenderSVGInlineText {#text} at (0,0) size 80x23
          chunk 1 text run 1 at (1200.00,4220.00) startOffset 0 endOffset 11 width 80.00: "just a text"
      RenderSVGText {text} at (1300,4202) size 80x23 contains 1 chunk(s)
        RenderSVGInlineText {#text} at (0,0) size 80x23
          chunk 1 text run 1 at (1300.00,4220.00) startOffset 0 endOffset 11 width 80.00: "just a text"
      RenderSVGText {text} at (1400,4202) size 80x23 contains 1 chunk(s)
        RenderSVGInlineText {#text} at (0,0) size 80x23
          chunk 1 text run 1 at (1400.00,4220.00) startOffset 0 endOffset 11 width 80.00: "just a text"
      RenderSVGText {text} at (1500,4202) size 80x23 contains 1 chunk(s)
        RenderSVGInlineText {#text} at (0,0) size 80x23
          chunk 1 text run 1 at (1500.00,4220.00) startOffset 0 endOffset 11 width 80.00: "just a text"
      RenderSVGText {text} at (1600,4202) size 80x23 contains 1 chunk(s)
        RenderSVGInlineText {#text} at (0,0) size 80x23
          chunk 1 text run 1 at (1600.00,4220.00) startOffset 0 endOffset 11 width 80.00: "just a text"
      RenderSVGText {text} at (1700,4202) size 80x23 contains 1 chunk(s)
        RenderSVGInlineText {#text} at (0,0) size 80x23
          chunk 1 text run 1 at (1700.00,4220.00) startOffset 0 endOffset 11 width 80.00: "just a text"
      RenderSVGText {text} at (1800,4202) size 80x23 contains 1 chunk(s)
        RenderSVGInlineText {#text} at (0,0) size 80x23
          chunk 1 text run 1 at (1800.00,4220.00) startOffset 0 endOffset 11 width 80.00: "just a text"
      RenderSVGText {text} at (1900,4202) size 80x23 contains 1 chunk(s)
        RenderSVGInlineText {#text} at (0,0) size 80x23
          chunk 1 text run 1 at (1900.00,4220.00) startOffset 0 endOffset 11 width 80.00: "just a text"
      RenderSVGText {text} at (2000,4202) size 80x23 contains 1 chunk(s)
        RenderSVGInlineText {#text} at (0,0) size 80x23
          chunk 1 text run 1 at (2000.00,4220.00) startOffset 0 endOffset 11 width 80.00: "just a text"
      RenderSVGText {text} at (2100,4202) size 80x23 contains 1 chunk(s)
        RenderSVGInlineText {#text} at (0,0) size 80x23
          chunk 1 text run 1 at (2100.00,4220.00) startOffset 0 endOffset 11 width 80.00: "just a text"
      RenderSVGText {text} at (2200,4202) size 80x23 contains 1 chunk(s)
        RenderSVGInlineText {#text} at (0,0) size 80x23
          chunk 1 text run 1 at (2200.00,4220.00) startOffset 0 endOffset 11 width 80.00: "just a text"
      RenderSVGText {text} at (2300,4202) size 80x23 contains 1 chunk(s)
        RenderSVGInlineText {#text} at (0,0) size 80x23
          chunk 1 text run 1 at (2300.00,4220.00) startOffset 0 endOffset 11 width 80.00: "just a text"
      RenderSVGText {text} at (2400,4202) size 80x23 contains 1 chunk(s)
        RenderSVGInlineText {#text} at (0,0) size 80x23
          chunk 1 text run 1 at (2400.00,4220.00) startOffset 0 endOffset 11 width 80.00: "just a text"
      RenderSVGText {text} at (2500,4202) size 80x23 contains 1 chunk(s)
        RenderSVGInlineText {#text} at (0,0) size 80x23
          chunk 1 text run 1 at (2500.00,4220.00) startOffset 0 endOffset 11 width 80.00: "just a text"
      RenderSVGText {text} at (2600,4202) size 80x23 contains 1 chunk(s)
        RenderSVGInlineText {#text} at (0,0) size 80x23
          chunk 1 text run 1 at (2600.00,4220.00) startOffset 0 endOffset 11 width 80.00: "just a text"
      RenderSVGText {text} at (2700,4202) size 80x23 contains 1 chunk(s)
        RenderSVGInlineText {#text} at (0,0) size 80x23
          chunk 1 text run 1 at (2700.00,4220.00) startOffset 0 endOffset 11 width 80.00: "just a text"
      RenderSVGText {text} at (2800,4202) size 80x23 contains 1 chunk(s)
        RenderSVGInlineText {#text} at (0,0) size 80x23
          chunk 1 text run 1 at (2800.00,4220.00) startOffset 0 endOffset 11 width 80.00: "just a text"
      RenderSVGText {text} at (2900,4202) size 80x23 contains 1 chunk(s)
        RenderSVGInlineText {#text} at (0,0) size 80x23
          chunk 1 text run 1 at (2900.00,4220.00) startOffset 0 endOffset 11 width 80.00: "just a text"
      RenderSVGText {text} at (3000,4202) size 80x23 contains 1 chunk(s)
        RenderSVGInlineText {#text} at (0,0) size 80x23
          chunk 1 text run 1 at (3000.00,4220.00) startOffset 0 endOffset 11 width 80.00: "just a text"
      RenderSVGText {text} at (3100,4202) size 80x23 contains 1 chunk(s)
        RenderSVGInlineText {#text} at (0,0) size 80x23
          chunk 1 text run 1 at (3100.00,4220.00) startOffset 0 endOffset 11 width 80.00: "just a text"
      RenderSVGText {text} at (3200,4202) size 80x23 contains 1 chunk(s)
        RenderSVGInlineText {#text} at (0,0) size 80x23
          chunk 1 text run 1 at (3200.00,4220.00) startOffset 0 endOffset 11 width 80.00: "just a text"
      RenderSVGText {text} at (3300,4202) size 80x23 contains 1 chunk(s)
        RenderSVGInlineText {#text} at (0,0) size 80x23
          chunk 1 text run 1 at (3300.00,4220.00) startOffset 0 endOffset 11 width 80.00: "just a text"
      RenderSVGText {text} at (3400,4202) size 80x23 contains 1 chunk(s)
        RenderSVGInlineText {#text} at (0,0) size 80x23
          chunk 1 text run 1 at (3400.00,4220.00) startOffset 0 endOffset 11 width 80.00: "just a text"
      RenderSVGText {text} at (3500,4202) size 80x23 contains 1 chunk(s)
        RenderSVGInlineText {#text} at (0,0) size 80x23
          chunk 1 text run 1 at (3500.00,4220.00) startOffset 0 endOffset 11 width 80.00: "just a text"
      RenderSVGText {text} at (3600,4202) size 80x23 contains 1 chunk(s)
        RenderSVGInlineText {#text} at (0,0) size 80x23
          chunk 1 text run 1 at (3600.00,4220.00) startOffset 0 endOffset 11 width 80.00: "just a text"
      RenderSVGText {text} at (3700,4202) size 80x23 contains 1 chunk(s)
        RenderSVGInlineText {#text} at (0,0) size 80x23
          chunk 1 text run 1 at (3700.00,4220.00) startOffset 0 endOffset 11 width 80.00: "just a text"
      RenderSVGText {text} at (3800,4202) size 80x23 contains 1 chunk(s)
        RenderSVGInlineText {#text} at (0,0) size 80x23
          chunk 1 text run 1 at (3800.00,4220.00) startOffset 0 endOffset 11 width 80.00: "just a text"
      RenderSVGText {text} at (3900,4202) size 80x23 contains 1 chunk(s)
        RenderSVGInlineText {#text} at (0,0) size 80x23
          chunk 1 text run 1 at (3900.00,4220.00) startOffset 0 endOffset 11 width 80.00: "just a text"
      RenderSVGText {text} at (4000,4202) size 80x23 contains 1 chunk(s)
        RenderSVGInlineText {#text} at (0,0) size 80x23
          chunk 1 text run 1 at (4000.00,4220.00) startOffset 0 endOffset 11 width 80.00: "just a text"
      RenderSVGText {text} at (4100,4202) size 80x23 contains 1 chunk(s)
        RenderSVGInlineText {#text} at (0,0) size 80x23
          chunk 1 text run 1 at (4100.00,4220.00) startOffset 0 endOffset 11 width 80.00: "just a text"
      RenderSVGText {text} at (4200,4202) size 80x23 contains 1 chunk(s)
        RenderSVGInlineText {#text} at (0,0) size 80x23
          chunk 1 text run 1 at (4200.00,4220.00) startOffset 0 endOffset 11 width 80.00: "just a text"
      RenderSVGText {text} at (4300,4202) size 80x23 contains 1 chunk(s)
        RenderSVGInlineText {#text} at (0,0) size 80x23
          chunk 1 text run 1 at (4300.00,4220.00) startOffset 0 endOffset 11 width 80.00: "just a text"
      RenderSVGText {text} at (4400,4202) size 80x23 contains 1 chunk(s)
        RenderSVGInlineText {#text} at (0,0) size 80x23
          chunk 1 text run 1 at (4400.00,4220.00) startOffset 0 endOffset 11 width 80.00: "just a text"
      RenderSVGText {text} at (4500,4202) size 80x23 contains 1 chunk(s)
        RenderSVGInlineText {#text} at (0,0) size 80x23
          chunk 1 text run 1 at (4500.00,4220.00) startOffset 0 endOffset 11 width 80.00: "just a text"
      RenderSVGText {text} at (4600,4202) size 80x23 contains 1 chunk(s)
        RenderSVGInlineText {#text} at (0,0) size 80x23
          chunk 1 text run 1 at (4600.00,4220.00) startOffset 0 endOffset 11 width 80.00: "just a text"
      RenderSVGText {text} at (4700,4202) size 80x23 contains 1 chunk(s)
        RenderSVGInlineText {#text} at (0,0) size 80x23
          chunk 1 text run 1 at (4700.00,4220.00) startOffset 0 endOffset 11 width 80.00: "just a text"
      RenderSVGText {text} at (4800,4202) size 80x23 contains 1 chunk(s)
        RenderSVGInlineText {#text} at (0,0) size 80x23
          chunk 1 text run 1 at (4800.00,4220.00) startOffset 0 endOffset 11 width 80.00: "just a text"
      RenderSVGText {text} at (4900,4202) size 80x23 contains 1 chunk(s)
        RenderSVGInlineText {#text} at (0,0) size 80x23
          chunk 1 text run 1 at (4900.00,4220.00) startOffset 0 endOffset 11 width 80.00: "just a text"
      RenderSVGText {text} at (0,4302) size 80x23 contains 1 chunk(s)
        RenderSVGInlineText {#text} at (0,0) size 80x23
          chunk 1 text run 1 at (0.00,4320.00) startOffset 0 endOffset 11 width 80.00: "just a text"
      RenderSVGText {text} at (100,4302) size 80x23 contains 1 chunk(s)
        RenderSVGInlineText {#text} at (0,0) size 80x23
          chunk 1 text run 1 at (100.00,4320.00) startOffset 0 endOffset 11 width 80.00: "just a text"
      RenderSVGText {text} at (200,4302) size 80x23 contains 1 chunk(s)
        RenderSVGInlineText {#text} at (0,0) size 80x23
          chunk 1 text run 1 at (200.00,4320.00) startOffset 0 endOffset 11 width 80.00: "just a text"
      RenderSVGText {text} at (300,4302) size 80x23 contains 1 chunk(s)
        RenderSVGInlineText {#text} at (0,0) size 80x23
          chunk 1 text run 1 at (300.00,4320.00) startOffset 0 endOffset 11 width 80.00: "just a text"
      RenderSVGText {text} at (400,4302) size 80x23 contains 1 chunk(s)
        RenderSVGInlineText {#text} at (0,0) size 80x23
          chunk 1 text run 1 at (400.00,4320.00) startOffset 0 endOffset 11 width 80.00: "just a text"
      RenderSVGText {text} at (500,4302) size 80x23 contains 1 chunk(s)
        RenderSVGInlineText {#text} at (0,0) size 80x23
          chunk 1 text run 1 at (500.00,4320.00) startOffset 0 endOffset 11 width 80.00: "just a text"
      RenderSVGText {text} at (600,4302) size 80x23 contains 1 chunk(s)
        RenderSVGInlineText {#text} at (0,0) size 80x23
          chunk 1 text run 1 at (600.00,4320.00) startOffset 0 endOffset 11 width 80.00: "just a text"
      RenderSVGText {text} at (700,4302) size 80x23 contains 1 chunk(s)
        RenderSVGInlineText {#text} at (0,0) size 80x23
          chunk 1 text run 1 at (700.00,4320.00) startOffset 0 endOffset 11 width 80.00: "just a text"
      RenderSVGText {text} at (800,4302) size 80x23 contains 1 chunk(s)
        RenderSVGInlineText {#text} at (0,0) size 80x23
          chunk 1 text run 1 at (800.00,4320.00) startOffset 0 endOffset 11 width 80.00: "just a text"
      RenderSVGText {text} at (900,4302) size 80x23 contains 1 chunk(s)
        RenderSVGInlineText {#text} at (0,0) size 80x23
          chunk 1 text run 1 at (900.00,4320.00) startOffset 0 endOffset 11 width 80.00: "just a text"
      RenderSVGText {text} at (1000,4302) size 80x23 contains 1 chunk(s)
        RenderSVGInlineText {#text} at (0,0) size 80x23
          chunk 1 text run 1 at (1000.00,4320.00) startOffset 0 endOffset 11 width 80.00: "just a text"
      RenderSVGText {text} at (1100,4302) size 80x23 contains 1 chunk(s)
        RenderSVGInlineText {#text} at (0,0) size 80x23
          chunk 1 text run 1 at (1100.00,4320.00) startOffset 0 endOffset 11 width 80.00: "just a text"
      RenderSVGText {text} at (1200,4302) size 80x23 contains 1 chunk(s)
        RenderSVGInlineText {#text} at (0,0) size 80x23
          chunk 1 text run 1 at (1200.00,4320.00) startOffset 0 endOffset 11 width 80.00: "just a text"
      RenderSVGText {text} at (1300,4302) size 80x23 contains 1 chunk(s)
        RenderSVGInlineText {#text} at (0,0) size 80x23
          chunk 1 text run 1 at (1300.00,4320.00) startOffset 0 endOffset 11 width 80.00: "just a text"
      RenderSVGText {text} at (1400,4302) size 80x23 contains 1 chunk(s)
        RenderSVGInlineText {#text} at (0,0) size 80x23
          chunk 1 text run 1 at (1400.00,4320.00) startOffset 0 endOffset 11 width 80.00: "just a text"
      RenderSVGText {text} at (1500,4302) size 80x23 contains 1 chunk(s)
        RenderSVGInlineText {#text} at (0,0) size 80x23
          chunk 1 text run 1 at (1500.00,4320.00) startOffset 0 endOffset 11 width 80.00: "just a text"
      RenderSVGText {text} at (1600,4302) size 80x23 contains 1 chunk(s)
        RenderSVGInlineText {#text} at (0,0) size 80x23
          chunk 1 text run 1 at (1600.00,4320.00) startOffset 0 endOffset 11 width 80.00: "just a text"
      RenderSVGText {text} at (1700,4302) size 80x23 contains 1 chunk(s)
        RenderSVGInlineText {#text} at (0,0) size 80x23
          chunk 1 text run 1 at (1700.00,4320.00) startOffset 0 endOffset 11 width 80.00: "just a text"
      RenderSVGText {text} at (1800,4302) size 80x23 contains 1 chunk(s)
        RenderSVGInlineText {#text} at (0,0) size 80x23
          chunk 1 text run 1 at (1800.00,4320.00) startOffset 0 endOffset 11 width 80.00: "just a text"
      RenderSVGText {text} at (1900,4302) size 80x23 contains 1 chunk(s)
        RenderSVGInlineText {#text} at (0,0) size 80x23
          chunk 1 text run 1 at (1900.00,4320.00) startOffset 0 endOffset 11 width 80.00: "just a text"
      RenderSVGText {text} at (2000,4302) size 80x23 contains 1 chunk(s)
        RenderSVGInlineText {#text} at (0,0) size 80x23
          chunk 1 text run 1 at (2000.00,4320.00) startOffset 0 endOffset 11 width 80.00: "just a text"
      RenderSVGText {text} at (2100,4302) size 80x23 contains 1 chunk(s)
        RenderSVGInlineText {#text} at (0,0) size 80x23
          chunk 1 text run 1 at (2100.00,4320.00) startOffset 0 endOffset 11 width 80.00: "just a text"
      RenderSVGText {text} at (2200,4302) size 80x23 contains 1 chunk(s)
        RenderSVGInlineText {#text} at (0,0) size 80x23
          chunk 1 text run 1 at (2200.00,4320.00) startOffset 0 endOffset 11 width 80.00: "just a text"
      RenderSVGText {text} at (2300,4302) size 80x23 contains 1 chunk(s)
        RenderSVGInlineText {#text} at (0,0) size 80x23
          chunk 1 text run 1 at (2300.00,4320.00) startOffset 0 endOffset 11 width 80.00: "just a text"
      RenderSVGText {text} at (2400,4302) size 80x23 contains 1 chunk(s)
        RenderSVGInlineText {#text} at (0,0) size 80x23
          chunk 1 text run 1 at (2400.00,4320.00) startOffset 0 endOffset 11 width 80.00: "just a text"
      RenderSVGText {text} at (2500,4302) size 80x23 contains 1 chunk(s)
        RenderSVGInlineText {#text} at (0,0) size 80x23
          chunk 1 text run 1 at (2500.00,4320.00) startOffset 0 endOffset 11 width 80.00: "just a text"
      RenderSVGText {text} at (2600,4302) size 80x23 contains 1 chunk(s)
        RenderSVGInlineText {#text} at (0,0) size 80x23
          chunk 1 text run 1 at (2600.00,4320.00) startOffset 0 endOffset 11 width 80.00: "just a text"
      RenderSVGText {text} at (2700,4302) size 80x23 contains 1 chunk(s)
        RenderSVGInlineText {#text} at (0,0) size 80x23
          chunk 1 text run 1 at (2700.00,4320.00) startOffset 0 endOffset 11 width 80.00: "just a text"
      RenderSVGText {text} at (2800,4302) size 80x23 contains 1 chunk(s)
        RenderSVGInlineText {#text} at (0,0) size 80x23
          chunk 1 text run 1 at (2800.00,4320.00) startOffset 0 endOffset 11 width 80.00: "just a text"
      RenderSVGText {text} at (2900,4302) size 80x23 contains 1 chunk(s)
        RenderSVGInlineText {#text} at (0,0) size 80x23
          chunk 1 text run 1 at (2900.00,4320.00) startOffset 0 endOffset 11 width 80.00: "just a text"
      RenderSVGText {text} at (3000,4302) size 80x23 contains 1 chunk(s)
        RenderSVGInlineText {#text} at (0,0) size 80x23
          chunk 1 text run 1 at (3000.00,4320.00) startOffset 0 endOffset 11 width 80.00: "just a text"
      RenderSVGText {text} at (3100,4302) size 80x23 contains 1 chunk(s)
        RenderSVGInlineText {#text} at (0,0) size 80x23
          chunk 1 text run 1 at (3100.00,4320.00) startOffset 0 endOffset 11 width 80.00: "just a text"
      RenderSVGText {text} at (3200,4302) size 80x23 contains 1 chunk(s)
        RenderSVGInlineText {#text} at (0,0) size 80x23
          chunk 1 text run 1 at (3200.00,4320.00) startOffset 0 endOffset 11 width 80.00: "just a text"
      RenderSVGText {text} at (3300,4302) size 80x23 contains 1 chunk(s)
        RenderSVGInlineText {#text} at (0,0) size 80x23
          chunk 1 text run 1 at (3300.00,4320.00) startOffset 0 endOffset 11 width 80.00: "just a text"
      RenderSVGText {text} at (3400,4302) size 80x23 contains 1 chunk(s)
        RenderSVGInlineText {#text} at (0,0) size 80x23
          chunk 1 text run 1 at (3400.00,4320.00) startOffset 0 endOffset 11 width 80.00: "just a text"
      RenderSVGText {text} at (3500,4302) size 80x23 contains 1 chunk(s)
        RenderSVGInlineText {#text} at (0,0) size 80x23
          chunk 1 text run 1 at (3500.00,4320.00) startOffset 0 endOffset 11 width 80.00: "just a text"
      RenderSVGText {text} at (3600,4302) size 80x23 contains 1 chunk(s)
        RenderSVGInlineText {#text} at (0,0) size 80x23
          chunk 1 text run 1 at (3600.00,4320.00) startOffset 0 endOffset 11 width 80.00: "just a text"
      RenderSVGText {text} at (3700,4302) size 80x23 contains 1 chunk(s)
        RenderSVGInlineText {#text} at (0,0) size 80x23
          chunk 1 text run 1 at (3700.00,4320.00) startOffset 0 endOffset 11 width 80.00: "just a text"
      RenderSVGText {text} at (3800,4302) size 80x23 contains 1 chunk(s)
        RenderSVGInlineText {#text} at (0,0) size 80x23
          chunk 1 text run 1 at (3800.00,4320.00) startOffset 0 endOffset 11 width 80.00: "just a text"
      RenderSVGText {text} at (3900,4302) size 80x23 contains 1 chunk(s)
        RenderSVGInlineText {#text} at (0,0) size 80x23
          chunk 1 text run 1 at (3900.00,4320.00) startOffset 0 endOffset 11 width 80.00: "just a text"
      RenderSVGText {text} at (4000,4302) size 80x23 contains 1 chunk(s)
        RenderSVGInlineText {#text} at (0,0) size 80x23
          chunk 1 text run 1 at (4000.00,4320.00) startOffset 0 endOffset 11 width 80.00: "just a text"
      RenderSVGText {text} at (4100,4302) size 80x23 contains 1 chunk(s)
        RenderSVGInlineText {#text} at (0,0) size 80x23
          chunk 1 text run 1 at (4100.00,4320.00) startOffset 0 endOffset 11 width 80.00: "just a text"
      RenderSVGText {text} at (4200,4302) size 80x23 contains 1 chunk(s)
        RenderSVGInlineText {#text} at (0,0) size 80x23
          chunk 1 text run 1 at (4200.00,4320.00) startOffset 0 endOffset 11 width 80.00: "just a text"
      RenderSVGText {text} at (4300,4302) size 80x23 contains 1 chunk(s)
        RenderSVGInlineText {#text} at (0,0) size 80x23
          chunk 1 text run 1 at (4300.00,4320.00) startOffset 0 endOffset 11 width 80.00: "just a text"
      RenderSVGText {text} at (4400,4302) size 80x23 contains 1 chunk(s)
        RenderSVGInlineText {#text} at (0,0) size 80x23
          chunk 1 text run 1 at (4400.00,4320.00) startOffset 0 endOffset 11 width 80.00: "just a text"
      RenderSVGText {text} at (4500,4302) size 80x23 contains 1 chunk(s)
        RenderSVGInlineText {#text} at (0,0) size 80x23
          chunk 1 text run 1 at (4500.00,4320.00) startOffset 0 endOffset 11 width 80.00: "just a text"
      RenderSVGText {text} at (4600,4302) size 80x23 contains 1 chunk(s)
        RenderSVGInlineText {#text} at (0,0) size 80x23
          chunk 1 text run 1 at (4600.00,4320.00) startOffset 0 endOffset 11 width 80.00: "just a text"
      RenderSVGText {text} at (4700,4302) size 80x23 contains 1 chunk(s)
        RenderSVGInlineText {#text} at (0,0) size 80x23
          chunk 1 text run 1 at (4700.00,4320.00) startOffset 0 endOffset 11 width 80.00: "just a text"
      RenderSVGText {text} at (4800,4302) size 80x23 contains 1 chunk(s)
        RenderSVGInlineText {#text} at (0,0) size 80x23
          chunk 1 text run 1 at (4800.00,4320.00) startOffset 0 endOffset 11 width 80.00: "just a text"
      RenderSVGText {text} at (4900,4302) size 80x23 contains 1 chunk(s)
        RenderSVGInlineText {#text} at (0,0) size 80x23
          chunk 1 text run 1 at (4900.00,4320.00) startOffset 0 endOffset 11 width 80.00: "just a text"
      RenderSVGText {text} at (0,4402) size 80x23 contains 1 chunk(s)
        RenderSVGInlineText {#text} at (0,0) size 80x23
          chunk 1 text run 1 at (0.00,4420.00) startOffset 0 endOffset 11 width 80.00: "just a text"
      RenderSVGText {text} at (100,4402) size 80x23 contains 1 chunk(s)
        RenderSVGInlineText {#text} at (0,0) size 80x23
          chunk 1 text run 1 at (100.00,4420.00) startOffset 0 endOffset 11 width 80.00: "just a text"
      RenderSVGText {text} at (200,4402) size 80x23 contains 1 chunk(s)
        RenderSVGInlineText {#text} at (0,0) size 80x23
          chunk 1 text run 1 at (200.00,4420.00) startOffset 0 endOffset 11 width 80.00: "just a text"
      RenderSVGText {text} at (300,4402) size 80x23 contains 1 chunk(s)
        RenderSVGInlineText {#text} at (0,0) size 80x23
          chunk 1 text run 1 at (300.00,4420.00) startOffset 0 endOffset 11 width 80.00: "just a text"
      RenderSVGText {text} at (400,4402) size 80x23 contains 1 chunk(s)
        RenderSVGInlineText {#text} at (0,0) size 80x23
          chunk 1 text run 1 at (400.00,4420.00) startOffset 0 endOffset 11 width 80.00: "just a text"
      RenderSVGText {text} at (500,4402) size 80x23 contains 1 chunk(s)
        RenderSVGInlineText {#text} at (0,0) size 80x23
          chunk 1 text run 1 at (500.00,4420.00) startOffset 0 endOffset 11 width 80.00: "just a text"
      RenderSVGText {text} at (600,4402) size 80x23 contains 1 chunk(s)
        RenderSVGInlineText {#text} at (0,0) size 80x23
          chunk 1 text run 1 at (600.00,4420.00) startOffset 0 endOffset 11 width 80.00: "just a text"
      RenderSVGText {text} at (700,4402) size 80x23 contains 1 chunk(s)
        RenderSVGInlineText {#text} at (0,0) size 80x23
          chunk 1 text run 1 at (700.00,4420.00) startOffset 0 endOffset 11 width 80.00: "just a text"
      RenderSVGText {text} at (800,4402) size 80x23 contains 1 chunk(s)
        RenderSVGInlineText {#text} at (0,0) size 80x23
          chunk 1 text run 1 at (800.00,4420.00) startOffset 0 endOffset 11 width 80.00: "just a text"
      RenderSVGText {text} at (900,4402) size 80x23 contains 1 chunk(s)
        RenderSVGInlineText {#text} at (0,0) size 80x23
          chunk 1 text run 1 at (900.00,4420.00) startOffset 0 endOffset 11 width 80.00: "just a text"
      RenderSVGText {text} at (1000,4402) size 80x23 contains 1 chunk(s)
        RenderSVGInlineText {#text} at (0,0) size 80x23
          chunk 1 text run 1 at (1000.00,4420.00) startOffset 0 endOffset 11 width 80.00: "just a text"
      RenderSVGText {text} at (1100,4402) size 80x23 contains 1 chunk(s)
        RenderSVGInlineText {#text} at (0,0) size 80x23
          chunk 1 text run 1 at (1100.00,4420.00) startOffset 0 endOffset 11 width 80.00: "just a text"
      RenderSVGText {text} at (1200,4402) size 80x23 contains 1 chunk(s)
        RenderSVGInlineText {#text} at (0,0) size 80x23
          chunk 1 text run 1 at (1200.00,4420.00) startOffset 0 endOffset 11 width 80.00: "just a text"
      RenderSVGText {text} at (1300,4402) size 80x23 contains 1 chunk(s)
        RenderSVGInlineText {#text} at (0,0) size 80x23
          chunk 1 text run 1 at (1300.00,4420.00) startOffset 0 endOffset 11 width 80.00: "just a text"
      RenderSVGText {text} at (1400,4402) size 80x23 contains 1 chunk(s)
        RenderSVGInlineText {#text} at (0,0) size 80x23
          chunk 1 text run 1 at (1400.00,4420.00) startOffset 0 endOffset 11 width 80.00: "just a text"
      RenderSVGText {text} at (1500,4402) size 80x23 contains 1 chunk(s)
        RenderSVGInlineText {#text} at (0,0) size 80x23
          chunk 1 text run 1 at (1500.00,4420.00) startOffset 0 endOffset 11 width 80.00: "just a text"
      RenderSVGText {text} at (1600,4402) size 80x23 contains 1 chunk(s)
        RenderSVGInlineText {#text} at (0,0) size 80x23
          chunk 1 text run 1 at (1600.00,4420.00) startOffset 0 endOffset 11 width 80.00: "just a text"
      RenderSVGText {text} at (1700,4402) size 80x23 contains 1 chunk(s)
        RenderSVGInlineText {#text} at (0,0) size 80x23
          chunk 1 text run 1 at (1700.00,4420.00) startOffset 0 endOffset 11 width 80.00: "just a text"
      RenderSVGText {text} at (1800,4402) size 80x23 contains 1 chunk(s)
        RenderSVGInlineText {#text} at (0,0) size 80x23
          chunk 1 text run 1 at (1800.00,4420.00) startOffset 0 endOffset 11 width 80.00: "just a text"
      RenderSVGText {text} at (1900,4402) size 80x23 contains 1 chunk(s)
        RenderSVGInlineText {#text} at (0,0) size 80x23
          chunk 1 text run 1 at (1900.00,4420.00) startOffset 0 endOffset 11 width 80.00: "just a text"
      RenderSVGText {text} at (2000,4402) size 80x23 contains 1 chunk(s)
        RenderSVGInlineText {#text} at (0,0) size 80x23
          chunk 1 text run 1 at (2000.00,4420.00) startOffset 0 endOffset 11 width 80.00: "just a text"
      RenderSVGText {text} at (2100,4402) size 80x23 contains 1 chunk(s)
        RenderSVGInlineText {#text} at (0,0) size 80x23
          chunk 1 text run 1 at (2100.00,4420.00) startOffset 0 endOffset 11 width 80.00: "just a text"
      RenderSVGText {text} at (2200,4402) size 80x23 contains 1 chunk(s)
        RenderSVGInlineText {#text} at (0,0) size 80x23
          chunk 1 text run 1 at (2200.00,4420.00) startOffset 0 endOffset 11 width 80.00: "just a text"
      RenderSVGText {text} at (2300,4402) size 80x23 contains 1 chunk(s)
        RenderSVGInlineText {#text} at (0,0) size 80x23
          chunk 1 text run 1 at (2300.00,4420.00) startOffset 0 endOffset 11 width 80.00: "just a text"
      RenderSVGText {text} at (2400,4402) size 80x23 contains 1 chunk(s)
        RenderSVGInlineText {#text} at (0,0) size 80x23
          chunk 1 text run 1 at (2400.00,4420.00) startOffset 0 endOffset 11 width 80.00: "just a text"
      RenderSVGText {text} at (2500,4402) size 80x23 contains 1 chunk(s)
        RenderSVGInlineText {#text} at (0,0) size 80x23
          chunk 1 text run 1 at (2500.00,4420.00) startOffset 0 endOffset 11 width 80.00: "just a text"
      RenderSVGText {text} at (2600,4402) size 80x23 contains 1 chunk(s)
        RenderSVGInlineText {#text} at (0,0) size 80x23
          chunk 1 text run 1 at (2600.00,4420.00) startOffset 0 endOffset 11 width 80.00: "just a text"
      RenderSVGText {text} at (2700,4402) size 80x23 contains 1 chunk(s)
        RenderSVGInlineText {#text} at (0,0) size 80x23
          chunk 1 text run 1 at (2700.00,4420.00) startOffset 0 endOffset 11 width 80.00: "just a text"
      RenderSVGText {text} at (2800,4402) size 80x23 contains 1 chunk(s)
        RenderSVGInlineText {#text} at (0,0) size 80x23
          chunk 1 text run 1 at (2800.00,4420.00) startOffset 0 endOffset 11 width 80.00: "just a text"
      RenderSVGText {text} at (2900,4402) size 80x23 contains 1 chunk(s)
        RenderSVGInlineText {#text} at (0,0) size 80x23
          chunk 1 text run 1 at (2900.00,4420.00) startOffset 0 endOffset 11 width 80.00: "just a text"
      RenderSVGText {text} at (3000,4402) size 80x23 contains 1 chunk(s)
        RenderSVGInlineText {#text} at (0,0) size 80x23
          chunk 1 text run 1 at (3000.00,4420.00) startOffset 0 endOffset 11 width 80.00: "just a text"
      RenderSVGText {text} at (3100,4402) size 80x23 contains 1 chunk(s)
        RenderSVGInlineText {#text} at (0,0) size 80x23
          chunk 1 text run 1 at (3100.00,4420.00) startOffset 0 endOffset 11 width 80.00: "just a text"
      RenderSVGText {text} at (3200,4402) size 80x23 contains 1 chunk(s)
        RenderSVGInlineText {#text} at (0,0) size 80x23
          chunk 1 text run 1 at (3200.00,4420.00) startOffset 0 endOffset 11 width 80.00: "just a text"
      RenderSVGText {text} at (3300,4402) size 80x23 contains 1 chunk(s)
        RenderSVGInlineText {#text} at (0,0) size 80x23
          chunk 1 text run 1 at (3300.00,4420.00) startOffset 0 endOffset 11 width 80.00: "just a text"
      RenderSVGText {text} at (3400,4402) size 80x23 contains 1 chunk(s)
        RenderSVGInlineText {#text} at (0,0) size 80x23
          chunk 1 text run 1 at (3400.00,4420.00) startOffset 0 endOffset 11 width 80.00: "just a text"
      RenderSVGText {text} at (3500,4402) size 80x23 contains 1 chunk(s)
        RenderSVGInlineText {#text} at (0,0) size 80x23
          chunk 1 text run 1 at (3500.00,4420.00) startOffset 0 endOffset 11 width 80.00: "just a text"
      RenderSVGText {text} at (3600,4402) size 80x23 contains 1 chunk(s)
        RenderSVGInlineText {#text} at (0,0) size 80x23
          chunk 1 text run 1 at (3600.00,4420.00) startOffset 0 endOffset 11 width 80.00: "just a text"
      RenderSVGText {text} at (3700,4402) size 80x23 contains 1 chunk(s)
        RenderSVGInlineText {#text} at (0,0) size 80x23
          chunk 1 text run 1 at (3700.00,4420.00) startOffset 0 endOffset 11 width 80.00: "just a text"
      RenderSVGText {text} at (3800,4402) size 80x23 contains 1 chunk(s)
        RenderSVGInlineText {#text} at (0,0) size 80x23
          chunk 1 text run 1 at (3800.00,4420.00) startOffset 0 endOffset 11 width 80.00: "just a text"
      RenderSVGText {text} at (3900,4402) size 80x23 contains 1 chunk(s)
        RenderSVGInlineText {#text} at (0,0) size 80x23
          chunk 1 text run 1 at (3900.00,4420.00) startOffset 0 endOffset 11 width 80.00: "just a text"
      RenderSVGText {text} at (4000,4402) size 80x23 contains 1 chunk(s)
        RenderSVGInlineText {#text} at (0,0) size 80x23
          chunk 1 text run 1 at (4000.00,4420.00) startOffset 0 endOffset 11 width 80.00: "just a text"
      RenderSVGText {text} at (4100,4402) size 80x23 contains 1 chunk(s)
        RenderSVGInlineText {#text} at (0,0) size 80x23
          chunk 1 text run 1 at (4100.00,4420.00) startOffset 0 endOffset 11 width 80.00: "just a text"
      RenderSVGText {text} at (4200,4402) size 80x23 contains 1 chunk(s)
        RenderSVGInlineText {#text} at (0,0) size 80x23
          chunk 1 text run 1 at (4200.00,4420.00) startOffset 0 endOffset 11 width 80.00: "just a text"
      RenderSVGText {text} at (4300,4402) size 80x23 contains 1 chunk(s)
        RenderSVGInlineText {#text} at (0,0) size 80x23
          chunk 1 text run 1 at (4300.00,4420.00) startOffset 0 endOffset 11 width 80.00: "just a text"
      RenderSVGText {text} at (4400,4402) size 80x23 contains 1 chunk(s)
        RenderSVGInlineText {#text} at (0,0) size 80x23
          chunk 1 text run 1 at (4400.00,4420.00) startOffset 0 endOffset 11 width 80.00: "just a text"
      RenderSVGText {text} at (4500,4402) size 80x23 contains 1 chunk(s)
        RenderSVGInlineText {#text} at (0,0) size 80x23
          chunk 1 text run 1 at (4500.00,4420.00) startOffset 0 endOffset 11 width 80.00: "just a text"
      RenderSVGText {text} at (4600,4402) size 80x23 contains 1 chunk(s)
        RenderSVGInlineText {#text} at (0,0) size 80x23
          chunk 1 text run 1 at (4600.00,4420.00) startOffset 0 endOffset 11 width 80.00: "just a text"
      RenderSVGText {text} at (4700,4402) size 80x23 contains 1 chunk(s)
        RenderSVGInlineText {#text} at (0,0) size 80x23
          chunk 1 text run 1 at (4700.00,4420.00) startOffset 0 endOffset 11 width 80.00: "just a text"
      RenderSVGText {text} at (4800,4402) size 80x23 contains 1 chunk(s)
        RenderSVGInlineText {#text} at (0,0) size 80x23
          chunk 1 text run 1 at (4800.00,4420.00) startOffset 0 endOffset 11 width 80.00: "just a text"
      RenderSVGText {text} at (4900,4402) size 80x23 contains 1 chunk(s)
        RenderSVGInlineText {#text} at (0,0) size 80x23
          chunk 1 text run 1 at (4900.00,4420.00) startOffset 0 endOffset 11 width 80.00: "just a text"
      RenderSVGText {text} at (0,4502) size 80x23 contains 1 chunk(s)
        RenderSVGInlineText {#text} at (0,0) size 80x23
          chunk 1 text run 1 at (0.00,4520.00) startOffset 0 endOffset 11 width 80.00: "just a text"
      RenderSVGText {text} at (100,4502) size 80x23 contains 1 chunk(s)
        RenderSVGInlineText {#text} at (0,0) size 80x23
          chunk 1 text run 1 at (100.00,4520.00) startOffset 0 endOffset 11 width 80.00: "just a text"
      RenderSVGText {text} at (200,4502) size 80x23 contains 1 chunk(s)
        RenderSVGInlineText {#text} at (0,0) size 80x23
          chunk 1 text run 1 at (200.00,4520.00) startOffset 0 endOffset 11 width 80.00: "just a text"
      RenderSVGText {text} at (300,4502) size 80x23 contains 1 chunk(s)
        RenderSVGInlineText {#text} at (0,0) size 80x23
          chunk 1 text run 1 at (300.00,4520.00) startOffset 0 endOffset 11 width 80.00: "just a text"
      RenderSVGText {text} at (400,4502) size 80x23 contains 1 chunk(s)
        RenderSVGInlineText {#text} at (0,0) size 80x23
          chunk 1 text run 1 at (400.00,4520.00) startOffset 0 endOffset 11 width 80.00: "just a text"
      RenderSVGText {text} at (500,4502) size 80x23 contains 1 chunk(s)
        RenderSVGInlineText {#text} at (0,0) size 80x23
          chunk 1 text run 1 at (500.00,4520.00) startOffset 0 endOffset 11 width 80.00: "just a text"
      RenderSVGText {text} at (600,4502) size 80x23 contains 1 chunk(s)
        RenderSVGInlineText {#text} at (0,0) size 80x23
          chunk 1 text run 1 at (600.00,4520.00) startOffset 0 endOffset 11 width 80.00: "just a text"
      RenderSVGText {text} at (700,4502) size 80x23 contains 1 chunk(s)
        RenderSVGInlineText {#text} at (0,0) size 80x23
          chunk 1 text run 1 at (700.00,4520.00) startOffset 0 endOffset 11 width 80.00: "just a text"
      RenderSVGText {text} at (800,4502) size 80x23 contains 1 chunk(s)
        RenderSVGInlineText {#text} at (0,0) size 80x23
          chunk 1 text run 1 at (800.00,4520.00) startOffset 0 endOffset 11 width 80.00: "just a text"
      RenderSVGText {text} at (900,4502) size 80x23 contains 1 chunk(s)
        RenderSVGInlineText {#text} at (0,0) size 80x23
          chunk 1 text run 1 at (900.00,4520.00) startOffset 0 endOffset 11 width 80.00: "just a text"
      RenderSVGText {text} at (1000,4502) size 80x23 contains 1 chunk(s)
        RenderSVGInlineText {#text} at (0,0) size 80x23
          chunk 1 text run 1 at (1000.00,4520.00) startOffset 0 endOffset 11 width 80.00: "just a text"
      RenderSVGText {text} at (1100,4502) size 80x23 contains 1 chunk(s)
        RenderSVGInlineText {#text} at (0,0) size 80x23
          chunk 1 text run 1 at (1100.00,4520.00) startOffset 0 endOffset 11 width 80.00: "just a text"
      RenderSVGText {text} at (1200,4502) size 80x23 contains 1 chunk(s)
        RenderSVGInlineText {#text} at (0,0) size 80x23
          chunk 1 text run 1 at (1200.00,4520.00) startOffset 0 endOffset 11 width 80.00: "just a text"
      RenderSVGText {text} at (1300,4502) size 80x23 contains 1 chunk(s)
        RenderSVGInlineText {#text} at (0,0) size 80x23
          chunk 1 text run 1 at (1300.00,4520.00) startOffset 0 endOffset 11 width 80.00: "just a text"
      RenderSVGText {text} at (1400,4502) size 80x23 contains 1 chunk(s)
        RenderSVGInlineText {#text} at (0,0) size 80x23
          chunk 1 text run 1 at (1400.00,4520.00) startOffset 0 endOffset 11 width 80.00: "just a text"
      RenderSVGText {text} at (1500,4502) size 80x23 contains 1 chunk(s)
        RenderSVGInlineText {#text} at (0,0) size 80x23
          chunk 1 text run 1 at (1500.00,4520.00) startOffset 0 endOffset 11 width 80.00: "just a text"
      RenderSVGText {text} at (1600,4502) size 80x23 contains 1 chunk(s)
        RenderSVGInlineText {#text} at (0,0) size 80x23
          chunk 1 text run 1 at (1600.00,4520.00) startOffset 0 endOffset 11 width 80.00: "just a text"
      RenderSVGText {text} at (1700,4502) size 80x23 contains 1 chunk(s)
        RenderSVGInlineText {#text} at (0,0) size 80x23
          chunk 1 text run 1 at (1700.00,4520.00) startOffset 0 endOffset 11 width 80.00: "just a text"
      RenderSVGText {text} at (1800,4502) size 80x23 contains 1 chunk(s)
        RenderSVGInlineText {#text} at (0,0) size 80x23
          chunk 1 text run 1 at (1800.00,4520.00) startOffset 0 endOffset 11 width 80.00: "just a text"
      RenderSVGText {text} at (1900,4502) size 80x23 contains 1 chunk(s)
        RenderSVGInlineText {#text} at (0,0) size 80x23
          chunk 1 text run 1 at (1900.00,4520.00) startOffset 0 endOffset 11 width 80.00: "just a text"
      RenderSVGText {text} at (2000,4502) size 80x23 contains 1 chunk(s)
        RenderSVGInlineText {#text} at (0,0) size 80x23
          chunk 1 text run 1 at (2000.00,4520.00) startOffset 0 endOffset 11 width 80.00: "just a text"
      RenderSVGText {text} at (2100,4502) size 80x23 contains 1 chunk(s)
        RenderSVGInlineText {#text} at (0,0) size 80x23
          chunk 1 text run 1 at (2100.00,4520.00) startOffset 0 endOffset 11 width 80.00: "just a text"
      RenderSVGText {text} at (2200,4502) size 80x23 contains 1 chunk(s)
        RenderSVGInlineText {#text} at (0,0) size 80x23
          chunk 1 text run 1 at (2200.00,4520.00) startOffset 0 endOffset 11 width 80.00: "just a text"
      RenderSVGText {text} at (2300,4502) size 80x23 contains 1 chunk(s)
        RenderSVGInlineText {#text} at (0,0) size 80x23
          chunk 1 text run 1 at (2300.00,4520.00) startOffset 0 endOffset 11 width 80.00: "just a text"
      RenderSVGText {text} at (2400,4502) size 80x23 contains 1 chunk(s)
        RenderSVGInlineText {#text} at (0,0) size 80x23
          chunk 1 text run 1 at (2400.00,4520.00) startOffset 0 endOffset 11 width 80.00: "just a text"
      RenderSVGText {text} at (2500,4502) size 80x23 contains 1 chunk(s)
        RenderSVGInlineText {#text} at (0,0) size 80x23
          chunk 1 text run 1 at (2500.00,4520.00) startOffset 0 endOffset 11 width 80.00: "just a text"
      RenderSVGText {text} at (2600,4502) size 80x23 contains 1 chunk(s)
        RenderSVGInlineText {#text} at (0,0) size 80x23
          chunk 1 text run 1 at (2600.00,4520.00) startOffset 0 endOffset 11 width 80.00: "just a text"
      RenderSVGText {text} at (2700,4502) size 80x23 contains 1 chunk(s)
        RenderSVGInlineText {#text} at (0,0) size 80x23
          chunk 1 text run 1 at (2700.00,4520.00) startOffset 0 endOffset 11 width 80.00: "just a text"
      RenderSVGText {text} at (2800,4502) size 80x23 contains 1 chunk(s)
        RenderSVGInlineText {#text} at (0,0) size 80x23
          chunk 1 text run 1 at (2800.00,4520.00) startOffset 0 endOffset 11 width 80.00: "just a text"
      RenderSVGText {text} at (2900,4502) size 80x23 contains 1 chunk(s)
        RenderSVGInlineText {#text} at (0,0) size 80x23
          chunk 1 text run 1 at (2900.00,4520.00) startOffset 0 endOffset 11 width 80.00: "just a text"
      RenderSVGText {text} at (3000,4502) size 80x23 contains 1 chunk(s)
        RenderSVGInlineText {#text} at (0,0) size 80x23
          chunk 1 text run 1 at (3000.00,4520.00) startOffset 0 endOffset 11 width 80.00: "just a text"
      RenderSVGText {text} at (3100,4502) size 80x23 contains 1 chunk(s)
        RenderSVGInlineText {#text} at (0,0) size 80x23
          chunk 1 text run 1 at (3100.00,4520.00) startOffset 0 endOffset 11 width 80.00: "just a text"
      RenderSVGText {text} at (3200,4502) size 80x23 contains 1 chunk(s)
        RenderSVGInlineText {#text} at (0,0) size 80x23
          chunk 1 text run 1 at (3200.00,4520.00) startOffset 0 endOffset 11 width 80.00: "just a text"
      RenderSVGText {text} at (3300,4502) size 80x23 contains 1 chunk(s)
        RenderSVGInlineText {#text} at (0,0) size 80x23
          chunk 1 text run 1 at (3300.00,4520.00) startOffset 0 endOffset 11 width 80.00: "just a text"
      RenderSVGText {text} at (3400,4502) size 80x23 contains 1 chunk(s)
        RenderSVGInlineText {#text} at (0,0) size 80x23
          chunk 1 text run 1 at (3400.00,4520.00) startOffset 0 endOffset 11 width 80.00: "just a text"
      RenderSVGText {text} at (3500,4502) size 80x23 contains 1 chunk(s)
        RenderSVGInlineText {#text} at (0,0) size 80x23
          chunk 1 text run 1 at (3500.00,4520.00) startOffset 0 endOffset 11 width 80.00: "just a text"
      RenderSVGText {text} at (3600,4502) size 80x23 contains 1 chunk(s)
        RenderSVGInlineText {#text} at (0,0) size 80x23
          chunk 1 text run 1 at (3600.00,4520.00) startOffset 0 endOffset 11 width 80.00: "just a text"
      RenderSVGText {text} at (3700,4502) size 80x23 contains 1 chunk(s)
        RenderSVGInlineText {#text} at (0,0) size 80x23
          chunk 1 text run 1 at (3700.00,4520.00) startOffset 0 endOffset 11 width 80.00: "just a text"
      RenderSVGText {text} at (3800,4502) size 80x23 contains 1 chunk(s)
        RenderSVGInlineText {#text} at (0,0) size 80x23
          chunk 1 text run 1 at (3800.00,4520.00) startOffset 0 endOffset 11 width 80.00: "just a text"
      RenderSVGText {text} at (3900,4502) size 80x23 contains 1 chunk(s)
        RenderSVGInlineText {#text} at (0,0) size 80x23
          chunk 1 text run 1 at (3900.00,4520.00) startOffset 0 endOffset 11 width 80.00: "just a text"
      RenderSVGText {text} at (4000,4502) size 80x23 contains 1 chunk(s)
        RenderSVGInlineText {#text} at (0,0) size 80x23
          chunk 1 text run 1 at (4000.00,4520.00) startOffset 0 endOffset 11 width 80.00: "just a text"
      RenderSVGText {text} at (4100,4502) size 80x23 contains 1 chunk(s)
        RenderSVGInlineText {#text} at (0,0) size 80x23
          chunk 1 text run 1 at (4100.00,4520.00) startOffset 0 endOffset 11 width 80.00: "just a text"
      RenderSVGText {text} at (4200,4502) size 80x23 contains 1 chunk(s)
        RenderSVGInlineText {#text} at (0,0) size 80x23
          chunk 1 text run 1 at (4200.00,4520.00) startOffset 0 endOffset 11 width 80.00: "just a text"
      RenderSVGText {text} at (4300,4502) size 80x23 contains 1 chunk(s)
        RenderSVGInlineText {#text} at (0,0) size 80x23
          chunk 1 text run 1 at (4300.00,4520.00) startOffset 0 endOffset 11 width 80.00: "just a text"
      RenderSVGText {text} at (4400,4502) size 80x23 contains 1 chunk(s)
        RenderSVGInlineText {#text} at (0,0) size 80x23
          chunk 1 text run 1 at (4400.00,4520.00) startOffset 0 endOffset 11 width 80.00: "just a text"
      RenderSVGText {text} at (4500,4502) size 80x23 contains 1 chunk(s)
        RenderSVGInlineText {#text} at (0,0) size 80x23
          chunk 1 text run 1 at (4500.00,4520.00) startOffset 0 endOffset 11 width 80.00: "just a text"
      RenderSVGText {text} at (4600,4502) size 80x23 contains 1 chunk(s)
        RenderSVGInlineText {#text} at (0,0) size 80x23
          chunk 1 text run 1 at (4600.00,4520.00) startOffset 0 endOffset 11 width 80.00: "just a text"
      RenderSVGText {text} at (4700,4502) size 80x23 contains 1 chunk(s)
        RenderSVGInlineText {#text} at (0,0) size 80x23
          chunk 1 text run 1 at (4700.00,4520.00) startOffset 0 endOffset 11 width 80.00: "just a text"
      RenderSVGText {text} at (4800,4502) size 80x23 contains 1 chunk(s)
        RenderSVGInlineText {#text} at (0,0) size 80x23
          chunk 1 text run 1 at (4800.00,4520.00) startOffset 0 endOffset 11 width 80.00: "just a text"
      RenderSVGText {text} at (4900,4502) size 80x23 contains 1 chunk(s)
        RenderSVGInlineText {#text} at (0,0) size 80x23
          chunk 1 text run 1 at (4900.00,4520.00) startOffset 0 endOffset 11 width 80.00: "just a text"
      RenderSVGText {text} at (0,4602) size 80x23 contains 1 chunk(s)
        RenderSVGInlineText {#text} at (0,0) size 80x23
          chunk 1 text run 1 at (0.00,4620.00) startOffset 0 endOffset 11 width 80.00: "just a text"
      RenderSVGText {text} at (100,4602) size 80x23 contains 1 chunk(s)
        RenderSVGInlineText {#text} at (0,0) size 80x23
          chunk 1 text run 1 at (100.00,4620.00) startOffset 0 endOffset 11 width 80.00: "just a text"
      RenderSVGText {text} at (200,4602) size 80x23 contains 1 chunk(s)
        RenderSVGInlineText {#text} at (0,0) size 80x23
          chunk 1 text run 1 at (200.00,4620.00) startOffset 0 endOffset 11 width 80.00: "just a text"
      RenderSVGText {text} at (300,4602) size 80x23 contains 1 chunk(s)
        RenderSVGInlineText {#text} at (0,0) size 80x23
          chunk 1 text run 1 at (300.00,4620.00) startOffset 0 endOffset 11 width 80.00: "just a text"
      RenderSVGText {text} at (400,4602) size 80x23 contains 1 chunk(s)
        RenderSVGInlineText {#text} at (0,0) size 80x23
          chunk 1 text run 1 at (400.00,4620.00) startOffset 0 endOffset 11 width 80.00: "just a text"
      RenderSVGText {text} at (500,4602) size 80x23 contains 1 chunk(s)
        RenderSVGInlineText {#text} at (0,0) size 80x23
          chunk 1 text run 1 at (500.00,4620.00) startOffset 0 endOffset 11 width 80.00: "just a text"
      RenderSVGText {text} at (600,4602) size 80x23 contains 1 chunk(s)
        RenderSVGInlineText {#text} at (0,0) size 80x23
          chunk 1 text run 1 at (600.00,4620.00) startOffset 0 endOffset 11 width 80.00: "just a text"
      RenderSVGText {text} at (700,4602) size 80x23 contains 1 chunk(s)
        RenderSVGInlineText {#text} at (0,0) size 80x23
          chunk 1 text run 1 at (700.00,4620.00) startOffset 0 endOffset 11 width 80.00: "just a text"
      RenderSVGText {text} at (800,4602) size 80x23 contains 1 chunk(s)
        RenderSVGInlineText {#text} at (0,0) size 80x23
          chunk 1 text run 1 at (800.00,4620.00) startOffset 0 endOffset 11 width 80.00: "just a text"
      RenderSVGText {text} at (900,4602) size 80x23 contains 1 chunk(s)
        RenderSVGInlineText {#text} at (0,0) size 80x23
          chunk 1 text run 1 at (900.00,4620.00) startOffset 0 endOffset 11 width 80.00: "just a text"
      RenderSVGText {text} at (1000,4602) size 80x23 contains 1 chunk(s)
        RenderSVGInlineText {#text} at (0,0) size 80x23
          chunk 1 text run 1 at (1000.00,4620.00) startOffset 0 endOffset 11 width 80.00: "just a text"
      RenderSVGText {text} at (1100,4602) size 80x23 contains 1 chunk(s)
        RenderSVGInlineText {#text} at (0,0) size 80x23
          chunk 1 text run 1 at (1100.00,4620.00) startOffset 0 endOffset 11 width 80.00: "just a text"
      RenderSVGText {text} at (1200,4602) size 80x23 contains 1 chunk(s)
        RenderSVGInlineText {#text} at (0,0) size 80x23
          chunk 1 text run 1 at (1200.00,4620.00) startOffset 0 endOffset 11 width 80.00: "just a text"
      RenderSVGText {text} at (1300,4602) size 80x23 contains 1 chunk(s)
        RenderSVGInlineText {#text} at (0,0) size 80x23
          chunk 1 text run 1 at (1300.00,4620.00) startOffset 0 endOffset 11 width 80.00: "just a text"
      RenderSVGText {text} at (1400,4602) size 80x23 contains 1 chunk(s)
        RenderSVGInlineText {#text} at (0,0) size 80x23
          chunk 1 text run 1 at (1400.00,4620.00) startOffset 0 endOffset 11 width 80.00: "just a text"
      RenderSVGText {text} at (1500,4602) size 80x23 contains 1 chunk(s)
        RenderSVGInlineText {#text} at (0,0) size 80x23
          chunk 1 text run 1 at (1500.00,4620.00) startOffset 0 endOffset 11 width 80.00: "just a text"
      RenderSVGText {text} at (1600,4602) size 80x23 contains 1 chunk(s)
        RenderSVGInlineText {#text} at (0,0) size 80x23
          chunk 1 text run 1 at (1600.00,4620.00) startOffset 0 endOffset 11 width 80.00: "just a text"
      RenderSVGText {text} at (1700,4602) size 80x23 contains 1 chunk(s)
        RenderSVGInlineText {#text} at (0,0) size 80x23
          chunk 1 text run 1 at (1700.00,4620.00) startOffset 0 endOffset 11 width 80.00: "just a text"
      RenderSVGText {text} at (1800,4602) size 80x23 contains 1 chunk(s)
        RenderSVGInlineText {#text} at (0,0) size 80x23
          chunk 1 text run 1 at (1800.00,4620.00) startOffset 0 endOffset 11 width 80.00: "just a text"
      RenderSVGText {text} at (1900,4602) size 80x23 contains 1 chunk(s)
        RenderSVGInlineText {#text} at (0,0) size 80x23
          chunk 1 text run 1 at (1900.00,4620.00) startOffset 0 endOffset 11 width 80.00: "just a text"
      RenderSVGText {text} at (2000,4602) size 80x23 contains 1 chunk(s)
        RenderSVGInlineText {#text} at (0,0) size 80x23
          chunk 1 text run 1 at (2000.00,4620.00) startOffset 0 endOffset 11 width 80.00: "just a text"
      RenderSVGText {text} at (2100,4602) size 80x23 contains 1 chunk(s)
        RenderSVGInlineText {#text} at (0,0) size 80x23
          chunk 1 text run 1 at (2100.00,4620.00) startOffset 0 endOffset 11 width 80.00: "just a text"
      RenderSVGText {text} at (2200,4602) size 80x23 contains 1 chunk(s)
        RenderSVGInlineText {#text} at (0,0) size 80x23
          chunk 1 text run 1 at (2200.00,4620.00) startOffset 0 endOffset 11 width 80.00: "just a text"
      RenderSVGText {text} at (2300,4602) size 80x23 contains 1 chunk(s)
        RenderSVGInlineText {#text} at (0,0) size 80x23
          chunk 1 text run 1 at (2300.00,4620.00) startOffset 0 endOffset 11 width 80.00: "just a text"
      RenderSVGText {text} at (2400,4602) size 80x23 contains 1 chunk(s)
        RenderSVGInlineText {#text} at (0,0) size 80x23
          chunk 1 text run 1 at (2400.00,4620.00) startOffset 0 endOffset 11 width 80.00: "just a text"
      RenderSVGText {text} at (2500,4602) size 80x23 contains 1 chunk(s)
        RenderSVGInlineText {#text} at (0,0) size 80x23
          chunk 1 text run 1 at (2500.00,4620.00) startOffset 0 endOffset 11 width 80.00: "just a text"
      RenderSVGText {text} at (2600,4602) size 80x23 contains 1 chunk(s)
        RenderSVGInlineText {#text} at (0,0) size 80x23
          chunk 1 text run 1 at (2600.00,4620.00) startOffset 0 endOffset 11 width 80.00: "just a text"
      RenderSVGText {text} at (2700,4602) size 80x23 contains 1 chunk(s)
        RenderSVGInlineText {#text} at (0,0) size 80x23
          chunk 1 text run 1 at (2700.00,4620.00) startOffset 0 endOffset 11 width 80.00: "just a text"
      RenderSVGText {text} at (2800,4602) size 80x23 contains 1 chunk(s)
        RenderSVGInlineText {#text} at (0,0) size 80x23
          chunk 1 text run 1 at (2800.00,4620.00) startOffset 0 endOffset 11 width 80.00: "just a text"
      RenderSVGText {text} at (2900,4602) size 80x23 contains 1 chunk(s)
        RenderSVGInlineText {#text} at (0,0) size 80x23
          chunk 1 text run 1 at (2900.00,4620.00) startOffset 0 endOffset 11 width 80.00: "just a text"
      RenderSVGText {text} at (3000,4602) size 80x23 contains 1 chunk(s)
        RenderSVGInlineText {#text} at (0,0) size 80x23
          chunk 1 text run 1 at (3000.00,4620.00) startOffset 0 endOffset 11 width 80.00: "just a text"
      RenderSVGText {text} at (3100,4602) size 80x23 contains 1 chunk(s)
        RenderSVGInlineText {#text} at (0,0) size 80x23
          chunk 1 text run 1 at (3100.00,4620.00) startOffset 0 endOffset 11 width 80.00: "just a text"
      RenderSVGText {text} at (3200,4602) size 80x23 contains 1 chunk(s)
        RenderSVGInlineText {#text} at (0,0) size 80x23
          chunk 1 text run 1 at (3200.00,4620.00) startOffset 0 endOffset 11 width 80.00: "just a text"
      RenderSVGText {text} at (3300,4602) size 80x23 contains 1 chunk(s)
        RenderSVGInlineText {#text} at (0,0) size 80x23
          chunk 1 text run 1 at (3300.00,4620.00) startOffset 0 endOffset 11 width 80.00: "just a text"
      RenderSVGText {text} at (3400,4602) size 80x23 contains 1 chunk(s)
        RenderSVGInlineText {#text} at (0,0) size 80x23
          chunk 1 text run 1 at (3400.00,4620.00) startOffset 0 endOffset 11 width 80.00: "just a text"
      RenderSVGText {text} at (3500,4602) size 80x23 contains 1 chunk(s)
        RenderSVGInlineText {#text} at (0,0) size 80x23
          chunk 1 text run 1 at (3500.00,4620.00) startOffset 0 endOffset 11 width 80.00: "just a text"
      RenderSVGText {text} at (3600,4602) size 80x23 contains 1 chunk(s)
        RenderSVGInlineText {#text} at (0,0) size 80x23
          chunk 1 text run 1 at (3600.00,4620.00) startOffset 0 endOffset 11 width 80.00: "just a text"
      RenderSVGText {text} at (3700,4602) size 80x23 contains 1 chunk(s)
        RenderSVGInlineText {#text} at (0,0) size 80x23
          chunk 1 text run 1 at (3700.00,4620.00) startOffset 0 endOffset 11 width 80.00: "just a text"
      RenderSVGText {text} at (3800,4602) size 80x23 contains 1 chunk(s)
        RenderSVGInlineText {#text} at (0,0) size 80x23
          chunk 1 text run 1 at (3800.00,4620.00) startOffset 0 endOffset 11 width 80.00: "just a text"
      RenderSVGText {text} at (3900,4602) size 80x23 contains 1 chunk(s)
        RenderSVGInlineText {#text} at (0,0) size 80x23
          chunk 1 text run 1 at (3900.00,4620.00) startOffset 0 endOffset 11 width 80.00: "just a text"
      RenderSVGText {text} at (4000,4602) size 80x23 contains 1 chunk(s)
        RenderSVGInlineText {#text} at (0,0) size 80x23
          chunk 1 text run 1 at (4000.00,4620.00) startOffset 0 endOffset 11 width 80.00: "just a text"
      RenderSVGText {text} at (4100,4602) size 80x23 contains 1 chunk(s)
        RenderSVGInlineText {#text} at (0,0) size 80x23
          chunk 1 text run 1 at (4100.00,4620.00) startOffset 0 endOffset 11 width 80.00: "just a text"
      RenderSVGText {text} at (4200,4602) size 80x23 contains 1 chunk(s)
        RenderSVGInlineText {#text} at (0,0) size 80x23
          chunk 1 text run 1 at (4200.00,4620.00) startOffset 0 endOffset 11 width 80.00: "just a text"
      RenderSVGText {text} at (4300,4602) size 80x23 contains 1 chunk(s)
        RenderSVGInlineText {#text} at (0,0) size 80x23
          chunk 1 text run 1 at (4300.00,4620.00) startOffset 0 endOffset 11 width 80.00: "just a text"
      RenderSVGText {text} at (4400,4602) size 80x23 contains 1 chunk(s)
        RenderSVGInlineText {#text} at (0,0) size 80x23
          chunk 1 text run 1 at (4400.00,4620.00) startOffset 0 endOffset 11 width 80.00: "just a text"
      RenderSVGText {text} at (4500,4602) size 80x23 contains 1 chunk(s)
        RenderSVGInlineText {#text} at (0,0) size 80x23
          chunk 1 text run 1 at (4500.00,4620.00) startOffset 0 endOffset 11 width 80.00: "just a text"
      RenderSVGText {text} at (4600,4602) size 80x23 contains 1 chunk(s)
        RenderSVGInlineText {#text} at (0,0) size 80x23
          chunk 1 text run 1 at (4600.00,4620.00) startOffset 0 endOffset 11 width 80.00: "just a text"
      RenderSVGText {text} at (4700,4602) size 80x23 contains 1 chunk(s)
        RenderSVGInlineText {#text} at (0,0) size 80x23
          chunk 1 text run 1 at (4700.00,4620.00) startOffset 0 endOffset 11 width 80.00: "just a text"
      RenderSVGText {text} at (4800,4602) size 80x23 contains 1 chunk(s)
        RenderSVGInlineText {#text} at (0,0) size 80x23
          chunk 1 text run 1 at (4800.00,4620.00) startOffset 0 endOffset 11 width 80.00: "just a text"
      RenderSVGText {text} at (4900,4602) size 80x23 contains 1 chunk(s)
        RenderSVGInlineText {#text} at (0,0) size 80x23
          chunk 1 text run 1 at (4900.00,4620.00) startOffset 0 endOffset 11 width 80.00: "just a text"
      RenderSVGText {text} at (0,4702) size 80x23 contains 1 chunk(s)
        RenderSVGInlineText {#text} at (0,0) size 80x23
          chunk 1 text run 1 at (0.00,4720.00) startOffset 0 endOffset 11 width 80.00: "just a text"
      RenderSVGText {text} at (100,4702) size 80x23 contains 1 chunk(s)
        RenderSVGInlineText {#text} at (0,0) size 80x23
          chunk 1 text run 1 at (100.00,4720.00) startOffset 0 endOffset 11 width 80.00: "just a text"
      RenderSVGText {text} at (200,4702) size 80x23 contains 1 chunk(s)
        RenderSVGInlineText {#text} at (0,0) size 80x23
          chunk 1 text run 1 at (200.00,4720.00) startOffset 0 endOffset 11 width 80.00: "just a text"
      RenderSVGText {text} at (300,4702) size 80x23 contains 1 chunk(s)
        RenderSVGInlineText {#text} at (0,0) size 80x23
          chunk 1 text run 1 at (300.00,4720.00) startOffset 0 endOffset 11 width 80.00: "just a text"
      RenderSVGText {text} at (400,4702) size 80x23 contains 1 chunk(s)
        RenderSVGInlineText {#text} at (0,0) size 80x23
          chunk 1 text run 1 at (400.00,4720.00) startOffset 0 endOffset 11 width 80.00: "just a text"
      RenderSVGText {text} at (500,4702) size 80x23 contains 1 chunk(s)
        RenderSVGInlineText {#text} at (0,0) size 80x23
          chunk 1 text run 1 at (500.00,4720.00) startOffset 0 endOffset 11 width 80.00: "just a text"
      RenderSVGText {text} at (600,4702) size 80x23 contains 1 chunk(s)
        RenderSVGInlineText {#text} at (0,0) size 80x23
          chunk 1 text run 1 at (600.00,4720.00) startOffset 0 endOffset 11 width 80.00: "just a text"
      RenderSVGText {text} at (700,4702) size 80x23 contains 1 chunk(s)
        RenderSVGInlineText {#text} at (0,0) size 80x23
          chunk 1 text run 1 at (700.00,4720.00) startOffset 0 endOffset 11 width 80.00: "just a text"
      RenderSVGText {text} at (800,4702) size 80x23 contains 1 chunk(s)
        RenderSVGInlineText {#text} at (0,0) size 80x23
          chunk 1 text run 1 at (800.00,4720.00) startOffset 0 endOffset 11 width 80.00: "just a text"
      RenderSVGText {text} at (900,4702) size 80x23 contains 1 chunk(s)
        RenderSVGInlineText {#text} at (0,0) size 80x23
          chunk 1 text run 1 at (900.00,4720.00) startOffset 0 endOffset 11 width 80.00: "just a text"
      RenderSVGText {text} at (1000,4702) size 80x23 contains 1 chunk(s)
        RenderSVGInlineText {#text} at (0,0) size 80x23
          chunk 1 text run 1 at (1000.00,4720.00) startOffset 0 endOffset 11 width 80.00: "just a text"
      RenderSVGText {text} at (1100,4702) size 80x23 contains 1 chunk(s)
        RenderSVGInlineText {#text} at (0,0) size 80x23
          chunk 1 text run 1 at (1100.00,4720.00) startOffset 0 endOffset 11 width 80.00: "just a text"
      RenderSVGText {text} at (1200,4702) size 80x23 contains 1 chunk(s)
        RenderSVGInlineText {#text} at (0,0) size 80x23
          chunk 1 text run 1 at (1200.00,4720.00) startOffset 0 endOffset 11 width 80.00: "just a text"
      RenderSVGText {text} at (1300,4702) size 80x23 contains 1 chunk(s)
        RenderSVGInlineText {#text} at (0,0) size 80x23
          chunk 1 text run 1 at (1300.00,4720.00) startOffset 0 endOffset 11 width 80.00: "just a text"
      RenderSVGText {text} at (1400,4702) size 80x23 contains 1 chunk(s)
        RenderSVGInlineText {#text} at (0,0) size 80x23
          chunk 1 text run 1 at (1400.00,4720.00) startOffset 0 endOffset 11 width 80.00: "just a text"
      RenderSVGText {text} at (1500,4702) size 80x23 contains 1 chunk(s)
        RenderSVGInlineText {#text} at (0,0) size 80x23
          chunk 1 text run 1 at (1500.00,4720.00) startOffset 0 endOffset 11 width 80.00: "just a text"
      RenderSVGText {text} at (1600,4702) size 80x23 contains 1 chunk(s)
        RenderSVGInlineText {#text} at (0,0) size 80x23
          chunk 1 text run 1 at (1600.00,4720.00) startOffset 0 endOffset 11 width 80.00: "just a text"
      RenderSVGText {text} at (1700,4702) size 80x23 contains 1 chunk(s)
        RenderSVGInlineText {#text} at (0,0) size 80x23
          chunk 1 text run 1 at (1700.00,4720.00) startOffset 0 endOffset 11 width 80.00: "just a text"
      RenderSVGText {text} at (1800,4702) size 80x23 contains 1 chunk(s)
        RenderSVGInlineText {#text} at (0,0) size 80x23
          chunk 1 text run 1 at (1800.00,4720.00) startOffset 0 endOffset 11 width 80.00: "just a text"
      RenderSVGText {text} at (1900,4702) size 80x23 contains 1 chunk(s)
        RenderSVGInlineText {#text} at (0,0) size 80x23
          chunk 1 text run 1 at (1900.00,4720.00) startOffset 0 endOffset 11 width 80.00: "just a text"
      RenderSVGText {text} at (2000,4702) size 80x23 contains 1 chunk(s)
        RenderSVGInlineText {#text} at (0,0) size 80x23
          chunk 1 text run 1 at (2000.00,4720.00) startOffset 0 endOffset 11 width 80.00: "just a text"
      RenderSVGText {text} at (2100,4702) size 80x23 contains 1 chunk(s)
        RenderSVGInlineText {#text} at (0,0) size 80x23
          chunk 1 text run 1 at (2100.00,4720.00) startOffset 0 endOffset 11 width 80.00: "just a text"
      RenderSVGText {text} at (2200,4702) size 80x23 contains 1 chunk(s)
        RenderSVGInlineText {#text} at (0,0) size 80x23
          chunk 1 text run 1 at (2200.00,4720.00) startOffset 0 endOffset 11 width 80.00: "just a text"
      RenderSVGText {text} at (2300,4702) size 80x23 contains 1 chunk(s)
        RenderSVGInlineText {#text} at (0,0) size 80x23
          chunk 1 text run 1 at (2300.00,4720.00) startOffset 0 endOffset 11 width 80.00: "just a text"
      RenderSVGText {text} at (2400,4702) size 80x23 contains 1 chunk(s)
        RenderSVGInlineText {#text} at (0,0) size 80x23
          chunk 1 text run 1 at (2400.00,4720.00) startOffset 0 endOffset 11 width 80.00: "just a text"
      RenderSVGText {text} at (2500,4702) size 80x23 contains 1 chunk(s)
        RenderSVGInlineText {#text} at (0,0) size 80x23
          chunk 1 text run 1 at (2500.00,4720.00) startOffset 0 endOffset 11 width 80.00: "just a text"
      RenderSVGText {text} at (2600,4702) size 80x23 contains 1 chunk(s)
        RenderSVGInlineText {#text} at (0,0) size 80x23
          chunk 1 text run 1 at (2600.00,4720.00) startOffset 0 endOffset 11 width 80.00: "just a text"
      RenderSVGText {text} at (2700,4702) size 80x23 contains 1 chunk(s)
        RenderSVGInlineText {#text} at (0,0) size 80x23
          chunk 1 text run 1 at (2700.00,4720.00) startOffset 0 endOffset 11 width 80.00: "just a text"
      RenderSVGText {text} at (2800,4702) size 80x23 contains 1 chunk(s)
        RenderSVGInlineText {#text} at (0,0) size 80x23
          chunk 1 text run 1 at (2800.00,4720.00) startOffset 0 endOffset 11 width 80.00: "just a text"
      RenderSVGText {text} at (2900,4702) size 80x23 contains 1 chunk(s)
        RenderSVGInlineText {#text} at (0,0) size 80x23
          chunk 1 text run 1 at (2900.00,4720.00) startOffset 0 endOffset 11 width 80.00: "just a text"
      RenderSVGText {text} at (3000,4702) size 80x23 contains 1 chunk(s)
        RenderSVGInlineText {#text} at (0,0) size 80x23
          chunk 1 text run 1 at (3000.00,4720.00) startOffset 0 endOffset 11 width 80.00: "just a text"
      RenderSVGText {text} at (3100,4702) size 80x23 contains 1 chunk(s)
        RenderSVGInlineText {#text} at (0,0) size 80x23
          chunk 1 text run 1 at (3100.00,4720.00) startOffset 0 endOffset 11 width 80.00: "just a text"
      RenderSVGText {text} at (3200,4702) size 80x23 contains 1 chunk(s)
        RenderSVGInlineText {#text} at (0,0) size 80x23
          chunk 1 text run 1 at (3200.00,4720.00) startOffset 0 endOffset 11 width 80.00: "just a text"
      RenderSVGText {text} at (3300,4702) size 80x23 contains 1 chunk(s)
        RenderSVGInlineText {#text} at (0,0) size 80x23
          chunk 1 text run 1 at (3300.00,4720.00) startOffset 0 endOffset 11 width 80.00: "just a text"
      RenderSVGText {text} at (3400,4702) size 80x23 contains 1 chunk(s)
        RenderSVGInlineText {#text} at (0,0) size 80x23
          chunk 1 text run 1 at (3400.00,4720.00) startOffset 0 endOffset 11 width 80.00: "just a text"
      RenderSVGText {text} at (3500,4702) size 80x23 contains 1 chunk(s)
        RenderSVGInlineText {#text} at (0,0) size 80x23
          chunk 1 text run 1 at (3500.00,4720.00) startOffset 0 endOffset 11 width 80.00: "just a text"
      RenderSVGText {text} at (3600,4702) size 80x23 contains 1 chunk(s)
        RenderSVGInlineText {#text} at (0,0) size 80x23
          chunk 1 text run 1 at (3600.00,4720.00) startOffset 0 endOffset 11 width 80.00: "just a text"
      RenderSVGText {text} at (3700,4702) size 80x23 contains 1 chunk(s)
        RenderSVGInlineText {#text} at (0,0) size 80x23
          chunk 1 text run 1 at (3700.00,4720.00) startOffset 0 endOffset 11 width 80.00: "just a text"
      RenderSVGText {text} at (3800,4702) size 80x23 contains 1 chunk(s)
        RenderSVGInlineText {#text} at (0,0) size 80x23
          chunk 1 text run 1 at (3800.00,4720.00) startOffset 0 endOffset 11 width 80.00: "just a text"
      RenderSVGText {text} at (3900,4702) size 80x23 contains 1 chunk(s)
        RenderSVGInlineText {#text} at (0,0) size 80x23
          chunk 1 text run 1 at (3900.00,4720.00) startOffset 0 endOffset 11 width 80.00: "just a text"
      RenderSVGText {text} at (4000,4702) size 80x23 contains 1 chunk(s)
        RenderSVGInlineText {#text} at (0,0) size 80x23
          chunk 1 text run 1 at (4000.00,4720.00) startOffset 0 endOffset 11 width 80.00: "just a text"
      RenderSVGText {text} at (4100,4702) size 80x23 contains 1 chunk(s)
        RenderSVGInlineText {#text} at (0,0) size 80x23
          chunk 1 text run 1 at (4100.00,4720.00) startOffset 0 endOffset 11 width 80.00: "just a text"
      RenderSVGText {text} at (4200,4702) size 80x23 contains 1 chunk(s)
        RenderSVGInlineText {#text} at (0,0) size 80x23
          chunk 1 text run 1 at (4200.00,4720.00) startOffset 0 endOffset 11 width 80.00: "just a text"
      RenderSVGText {text} at (4300,4702) size 80x23 contains 1 chunk(s)
        RenderSVGInlineText {#text} at (0,0) size 80x23
          chunk 1 text run 1 at (4300.00,4720.00) startOffset 0 endOffset 11 width 80.00: "just a text"
      RenderSVGText {text} at (4400,4702) size 80x23 contains 1 chunk(s)
        RenderSVGInlineText {#text} at (0,0) size 80x23
          chunk 1 text run 1 at (4400.00,4720.00) startOffset 0 endOffset 11 width 80.00: "just a text"
      RenderSVGText {text} at (4500,4702) size 80x23 contains 1 chunk(s)
        RenderSVGInlineText {#text} at (0,0) size 80x23
          chunk 1 text run 1 at (4500.00,4720.00) startOffset 0 endOffset 11 width 80.00: "just a text"
      RenderSVGText {text} at (4600,4702) size 80x23 contains 1 chunk(s)
        RenderSVGInlineText {#text} at (0,0) size 80x23
          chunk 1 text run 1 at (4600.00,4720.00) startOffset 0 endOffset 11 width 80.00: "just a text"
      RenderSVGText {text} at (4700,4702) size 80x23 contains 1 chunk(s)
        RenderSVGInlineText {#text} at (0,0) size 80x23
          chunk 1 text run 1 at (4700.00,4720.00) startOffset 0 endOffset 11 width 80.00: "just a text"
      RenderSVGText {text} at (4800,4702) size 80x23 contains 1 chunk(s)
        RenderSVGInlineText {#text} at (0,0) size 80x23
          chunk 1 text run 1 at (4800.00,4720.00) startOffset 0 endOffset 11 width 80.00: "just a text"
      RenderSVGText {text} at (4900,4702) size 80x23 contains 1 chunk(s)
        RenderSVGInlineText {#text} at (0,0) size 80x23
          chunk 1 text run 1 at (4900.00,4720.00) startOffset 0 endOffset 11 width 80.00: "just a text"
      RenderSVGText {text} at (0,4802) size 80x23 contains 1 chunk(s)
        RenderSVGInlineText {#text} at (0,0) size 80x23
          chunk 1 text run 1 at (0.00,4820.00) startOffset 0 endOffset 11 width 80.00: "just a text"
      RenderSVGText {text} at (100,4802) size 80x23 contains 1 chunk(s)
        RenderSVGInlineText {#text} at (0,0) size 80x23
          chunk 1 text run 1 at (100.00,4820.00) startOffset 0 endOffset 11 width 80.00: "just a text"
      RenderSVGText {text} at (200,4802) size 80x23 contains 1 chunk(s)
        RenderSVGInlineText {#text} at (0,0) size 80x23
          chunk 1 text run 1 at (200.00,4820.00) startOffset 0 endOffset 11 width 80.00: "just a text"
      RenderSVGText {text} at (300,4802) size 80x23 contains 1 chunk(s)
        RenderSVGInlineText {#text} at (0,0) size 80x23
          chunk 1 text run 1 at (300.00,4820.00) startOffset 0 endOffset 11 width 80.00: "just a text"
      RenderSVGText {text} at (400,4802) size 80x23 contains 1 chunk(s)
        RenderSVGInlineText {#text} at (0,0) size 80x23
          chunk 1 text run 1 at (400.00,4820.00) startOffset 0 endOffset 11 width 80.00: "just a text"
      RenderSVGText {text} at (500,4802) size 80x23 contains 1 chunk(s)
        RenderSVGInlineText {#text} at (0,0) size 80x23
          chunk 1 text run 1 at (500.00,4820.00) startOffset 0 endOffset 11 width 80.00: "just a text"
      RenderSVGText {text} at (600,4802) size 80x23 contains 1 chunk(s)
        RenderSVGInlineText {#text} at (0,0) size 80x23
          chunk 1 text run 1 at (600.00,4820.00) startOffset 0 endOffset 11 width 80.00: "just a text"
      RenderSVGText {text} at (700,4802) size 80x23 contains 1 chunk(s)
        RenderSVGInlineText {#text} at (0,0) size 80x23
          chunk 1 text run 1 at (700.00,4820.00) startOffset 0 endOffset 11 width 80.00: "just a text"
      RenderSVGText {text} at (800,4802) size 80x23 contains 1 chunk(s)
        RenderSVGInlineText {#text} at (0,0) size 80x23
          chunk 1 text run 1 at (800.00,4820.00) startOffset 0 endOffset 11 width 80.00: "just a text"
      RenderSVGText {text} at (900,4802) size 80x23 contains 1 chunk(s)
        RenderSVGInlineText {#text} at (0,0) size 80x23
          chunk 1 text run 1 at (900.00,4820.00) startOffset 0 endOffset 11 width 80.00: "just a text"
      RenderSVGText {text} at (1000,4802) size 80x23 contains 1 chunk(s)
        RenderSVGInlineText {#text} at (0,0) size 80x23
          chunk 1 text run 1 at (1000.00,4820.00) startOffset 0 endOffset 11 width 80.00: "just a text"
      RenderSVGText {text} at (1100,4802) size 80x23 contains 1 chunk(s)
        RenderSVGInlineText {#text} at (0,0) size 80x23
          chunk 1 text run 1 at (1100.00,4820.00) startOffset 0 endOffset 11 width 80.00: "just a text"
      RenderSVGText {text} at (1200,4802) size 80x23 contains 1 chunk(s)
        RenderSVGInlineText {#text} at (0,0) size 80x23
          chunk 1 text run 1 at (1200.00,4820.00) startOffset 0 endOffset 11 width 80.00: "just a text"
      RenderSVGText {text} at (1300,4802) size 80x23 contains 1 chunk(s)
        RenderSVGInlineText {#text} at (0,0) size 80x23
          chunk 1 text run 1 at (1300.00,4820.00) startOffset 0 endOffset 11 width 80.00: "just a text"
      RenderSVGText {text} at (1400,4802) size 80x23 contains 1 chunk(s)
        RenderSVGInlineText {#text} at (0,0) size 80x23
          chunk 1 text run 1 at (1400.00,4820.00) startOffset 0 endOffset 11 width 80.00: "just a text"
      RenderSVGText {text} at (1500,4802) size 80x23 contains 1 chunk(s)
        RenderSVGInlineText {#text} at (0,0) size 80x23
          chunk 1 text run 1 at (1500.00,4820.00) startOffset 0 endOffset 11 width 80.00: "just a text"
      RenderSVGText {text} at (1600,4802) size 80x23 contains 1 chunk(s)
        RenderSVGInlineText {#text} at (0,0) size 80x23
          chunk 1 text run 1 at (1600.00,4820.00) startOffset 0 endOffset 11 width 80.00: "just a text"
      RenderSVGText {text} at (1700,4802) size 80x23 contains 1 chunk(s)
        RenderSVGInlineText {#text} at (0,0) size 80x23
          chunk 1 text run 1 at (1700.00,4820.00) startOffset 0 endOffset 11 width 80.00: "just a text"
      RenderSVGText {text} at (1800,4802) size 80x23 contains 1 chunk(s)
        RenderSVGInlineText {#text} at (0,0) size 80x23
          chunk 1 text run 1 at (1800.00,4820.00) startOffset 0 endOffset 11 width 80.00: "just a text"
      RenderSVGText {text} at (1900,4802) size 80x23 contains 1 chunk(s)
        RenderSVGInlineText {#text} at (0,0) size 80x23
          chunk 1 text run 1 at (1900.00,4820.00) startOffset 0 endOffset 11 width 80.00: "just a text"
      RenderSVGText {text} at (2000,4802) size 80x23 contains 1 chunk(s)
        RenderSVGInlineText {#text} at (0,0) size 80x23
          chunk 1 text run 1 at (2000.00,4820.00) startOffset 0 endOffset 11 width 80.00: "just a text"
      RenderSVGText {text} at (2100,4802) size 80x23 contains 1 chunk(s)
        RenderSVGInlineText {#text} at (0,0) size 80x23
          chunk 1 text run 1 at (2100.00,4820.00) startOffset 0 endOffset 11 width 80.00: "just a text"
      RenderSVGText {text} at (2200,4802) size 80x23 contains 1 chunk(s)
        RenderSVGInlineText {#text} at (0,0) size 80x23
          chunk 1 text run 1 at (2200.00,4820.00) startOffset 0 endOffset 11 width 80.00: "just a text"
      RenderSVGText {text} at (2300,4802) size 80x23 contains 1 chunk(s)
        RenderSVGInlineText {#text} at (0,0) size 80x23
          chunk 1 text run 1 at (2300.00,4820.00) startOffset 0 endOffset 11 width 80.00: "just a text"
      RenderSVGText {text} at (2400,4802) size 80x23 contains 1 chunk(s)
        RenderSVGInlineText {#text} at (0,0) size 80x23
          chunk 1 text run 1 at (2400.00,4820.00) startOffset 0 endOffset 11 width 80.00: "just a text"
      RenderSVGText {text} at (2500,4802) size 80x23 contains 1 chunk(s)
        RenderSVGInlineText {#text} at (0,0) size 80x23
          chunk 1 text run 1 at (2500.00,4820.00) startOffset 0 endOffset 11 width 80.00: "just a text"
      RenderSVGText {text} at (2600,4802) size 80x23 contains 1 chunk(s)
        RenderSVGInlineText {#text} at (0,0) size 80x23
          chunk 1 text run 1 at (2600.00,4820.00) startOffset 0 endOffset 11 width 80.00: "just a text"
      RenderSVGText {text} at (2700,4802) size 80x23 contains 1 chunk(s)
        RenderSVGInlineText {#text} at (0,0) size 80x23
          chunk 1 text run 1 at (2700.00,4820.00) startOffset 0 endOffset 11 width 80.00: "just a text"
      RenderSVGText {text} at (2800,4802) size 80x23 contains 1 chunk(s)
        RenderSVGInlineText {#text} at (0,0) size 80x23
          chunk 1 text run 1 at (2800.00,4820.00) startOffset 0 endOffset 11 width 80.00: "just a text"
      RenderSVGText {text} at (2900,4802) size 80x23 contains 1 chunk(s)
        RenderSVGInlineText {#text} at (0,0) size 80x23
          chunk 1 text run 1 at (2900.00,4820.00) startOffset 0 endOffset 11 width 80.00: "just a text"
      RenderSVGText {text} at (3000,4802) size 80x23 contains 1 chunk(s)
        RenderSVGInlineText {#text} at (0,0) size 80x23
          chunk 1 text run 1 at (3000.00,4820.00) startOffset 0 endOffset 11 width 80.00: "just a text"
      RenderSVGText {text} at (3100,4802) size 80x23 contains 1 chunk(s)
        RenderSVGInlineText {#text} at (0,0) size 80x23
          chunk 1 text run 1 at (3100.00,4820.00) startOffset 0 endOffset 11 width 80.00: "just a text"
      RenderSVGText {text} at (3200,4802) size 80x23 contains 1 chunk(s)
        RenderSVGInlineText {#text} at (0,0) size 80x23
          chunk 1 text run 1 at (3200.00,4820.00) startOffset 0 endOffset 11 width 80.00: "just a text"
      RenderSVGText {text} at (3300,4802) size 80x23 contains 1 chunk(s)
        RenderSVGInlineText {#text} at (0,0) size 80x23
          chunk 1 text run 1 at (3300.00,4820.00) startOffset 0 endOffset 11 width 80.00: "just a text"
      RenderSVGText {text} at (3400,4802) size 80x23 contains 1 chunk(s)
        RenderSVGInlineText {#text} at (0,0) size 80x23
          chunk 1 text run 1 at (3400.00,4820.00) startOffset 0 endOffset 11 width 80.00: "just a text"
      RenderSVGText {text} at (3500,4802) size 80x23 contains 1 chunk(s)
        RenderSVGInlineText {#text} at (0,0) size 80x23
          chunk 1 text run 1 at (3500.00,4820.00) startOffset 0 endOffset 11 width 80.00: "just a text"
      RenderSVGText {text} at (3600,4802) size 80x23 contains 1 chunk(s)
        RenderSVGInlineText {#text} at (0,0) size 80x23
          chunk 1 text run 1 at (3600.00,4820.00) startOffset 0 endOffset 11 width 80.00: "just a text"
      RenderSVGText {text} at (3700,4802) size 80x23 contains 1 chunk(s)
        RenderSVGInlineText {#text} at (0,0) size 80x23
          chunk 1 text run 1 at (3700.00,4820.00) startOffset 0 endOffset 11 width 80.00: "just a text"
      RenderSVGText {text} at (3800,4802) size 80x23 contains 1 chunk(s)
        RenderSVGInlineText {#text} at (0,0) size 80x23
          chunk 1 text run 1 at (3800.00,4820.00) startOffset 0 endOffset 11 width 80.00: "just a text"
      RenderSVGText {text} at (3900,4802) size 80x23 contains 1 chunk(s)
        RenderSVGInlineText {#text} at (0,0) size 80x23
          chunk 1 text run 1 at (3900.00,4820.00) startOffset 0 endOffset 11 width 80.00: "just a text"
      RenderSVGText {text} at (4000,4802) size 80x23 contains 1 chunk(s)
        RenderSVGInlineText {#text} at (0,0) size 80x23
          chunk 1 text run 1 at (4000.00,4820.00) startOffset 0 endOffset 11 width 80.00: "just a text"
      RenderSVGText {text} at (4100,4802) size 80x23 contains 1 chunk(s)
        RenderSVGInlineText {#text} at (0,0) size 80x23
          chunk 1 text run 1 at (4100.00,4820.00) startOffset 0 endOffset 11 width 80.00: "just a text"
      RenderSVGText {text} at (4200,4802) size 80x23 contains 1 chunk(s)
        RenderSVGInlineText {#text} at (0,0) size 80x23
          chunk 1 text run 1 at (4200.00,4820.00) startOffset 0 endOffset 11 width 80.00: "just a text"
      RenderSVGText {text} at (4300,4802) size 80x23 contains 1 chunk(s)
        RenderSVGInlineText {#text} at (0,0) size 80x23
          chunk 1 text run 1 at (4300.00,4820.00) startOffset 0 endOffset 11 width 80.00: "just a text"
      RenderSVGText {text} at (4400,4802) size 80x23 contains 1 chunk(s)
        RenderSVGInlineText {#text} at (0,0) size 80x23
          chunk 1 text run 1 at (4400.00,4820.00) startOffset 0 endOffset 11 width 80.00: "just a text"
      RenderSVGText {text} at (4500,4802) size 80x23 contains 1 chunk(s)
        RenderSVGInlineText {#text} at (0,0) size 80x23
          chunk 1 text run 1 at (4500.00,4820.00) startOffset 0 endOffset 11 width 80.00: "just a text"
      RenderSVGText {text} at (4600,4802) size 80x23 contains 1 chunk(s)
        RenderSVGInlineText {#text} at (0,0) size 80x23
          chunk 1 text run 1 at (4600.00,4820.00) startOffset 0 endOffset 11 width 80.00: "just a text"
      RenderSVGText {text} at (4700,4802) size 80x23 contains 1 chunk(s)
        RenderSVGInlineText {#text} at (0,0) size 80x23
          chunk 1 text run 1 at (4700.00,4820.00) startOffset 0 endOffset 11 width 80.00: "just a text"
      RenderSVGText {text} at (4800,4802) size 80x23 contains 1 chunk(s)
        RenderSVGInlineText {#text} at (0,0) size 80x23
          chunk 1 text run 1 at (4800.00,4820.00) startOffset 0 endOffset 11 width 80.00: "just a text"
      RenderSVGText {text} at (4900,4802) size 80x23 contains 1 chunk(s)
        RenderSVGInlineText {#text} at (0,0) size 80x23
          chunk 1 text run 1 at (4900.00,4820.00) startOffset 0 endOffset 11 width 80.00: "just a text"
      RenderSVGText {text} at (0,4902) size 80x23 contains 1 chunk(s)
        RenderSVGInlineText {#text} at (0,0) size 80x23
          chunk 1 text run 1 at (0.00,4920.00) startOffset 0 endOffset 11 width 80.00: "just a text"
      RenderSVGText {text} at (100,4902) size 80x23 contains 1 chunk(s)
        RenderSVGInlineText {#text} at (0,0) size 80x23
          chunk 1 text run 1 at (100.00,4920.00) startOffset 0 endOffset 11 width 80.00: "just a text"
      RenderSVGText {text} at (200,4902) size 80x23 contains 1 chunk(s)
        RenderSVGInlineText {#text} at (0,0) size 80x23
          chunk 1 text run 1 at (200.00,4920.00) startOffset 0 endOffset 11 width 80.00: "just a text"
      RenderSVGText {text} at (300,4902) size 80x23 contains 1 chunk(s)
        RenderSVGInlineText {#text} at (0,0) size 80x23
          chunk 1 text run 1 at (300.00,4920.00) startOffset 0 endOffset 11 width 80.00: "just a text"
      RenderSVGText {text} at (400,4902) size 80x23 contains 1 chunk(s)
        RenderSVGInlineText {#text} at (0,0) size 80x23
          chunk 1 text run 1 at (400.00,4920.00) startOffset 0 endOffset 11 width 80.00: "just a text"
      RenderSVGText {text} at (500,4902) size 80x23 contains 1 chunk(s)
        RenderSVGInlineText {#text} at (0,0) size 80x23
          chunk 1 text run 1 at (500.00,4920.00) startOffset 0 endOffset 11 width 80.00: "just a text"
      RenderSVGText {text} at (600,4902) size 80x23 contains 1 chunk(s)
        RenderSVGInlineText {#text} at (0,0) size 80x23
          chunk 1 text run 1 at (600.00,4920.00) startOffset 0 endOffset 11 width 80.00: "just a text"
      RenderSVGText {text} at (700,4902) size 80x23 contains 1 chunk(s)
        RenderSVGInlineText {#text} at (0,0) size 80x23
          chunk 1 text run 1 at (700.00,4920.00) startOffset 0 endOffset 11 width 80.00: "just a text"
      RenderSVGText {text} at (800,4902) size 80x23 contains 1 chunk(s)
        RenderSVGInlineText {#text} at (0,0) size 80x23
          chunk 1 text run 1 at (800.00,4920.00) startOffset 0 endOffset 11 width 80.00: "just a text"
      RenderSVGText {text} at (900,4902) size 80x23 contains 1 chunk(s)
        RenderSVGInlineText {#text} at (0,0) size 80x23
          chunk 1 text run 1 at (900.00,4920.00) startOffset 0 endOffset 11 width 80.00: "just a text"
      RenderSVGText {text} at (1000,4902) size 80x23 contains 1 chunk(s)
        RenderSVGInlineText {#text} at (0,0) size 80x23
          chunk 1 text run 1 at (1000.00,4920.00) startOffset 0 endOffset 11 width 80.00: "just a text"
      RenderSVGText {text} at (1100,4902) size 80x23 contains 1 chunk(s)
        RenderSVGInlineText {#text} at (0,0) size 80x23
          chunk 1 text run 1 at (1100.00,4920.00) startOffset 0 endOffset 11 width 80.00: "just a text"
      RenderSVGText {text} at (1200,4902) size 80x23 contains 1 chunk(s)
        RenderSVGInlineText {#text} at (0,0) size 80x23
          chunk 1 text run 1 at (1200.00,4920.00) startOffset 0 endOffset 11 width 80.00: "just a text"
      RenderSVGText {text} at (1300,4902) size 80x23 contains 1 chunk(s)
        RenderSVGInlineText {#text} at (0,0) size 80x23
          chunk 1 text run 1 at (1300.00,4920.00) startOffset 0 endOffset 11 width 80.00: "just a text"
      RenderSVGText {text} at (1400,4902) size 80x23 contains 1 chunk(s)
        RenderSVGInlineText {#text} at (0,0) size 80x23
          chunk 1 text run 1 at (1400.00,4920.00) startOffset 0 endOffset 11 width 80.00: "just a text"
      RenderSVGText {text} at (1500,4902) size 80x23 contains 1 chunk(s)
        RenderSVGInlineText {#text} at (0,0) size 80x23
          chunk 1 text run 1 at (1500.00,4920.00) startOffset 0 endOffset 11 width 80.00: "just a text"
      RenderSVGText {text} at (1600,4902) size 80x23 contains 1 chunk(s)
        RenderSVGInlineText {#text} at (0,0) size 80x23
          chunk 1 text run 1 at (1600.00,4920.00) startOffset 0 endOffset 11 width 80.00: "just a text"
      RenderSVGText {text} at (1700,4902) size 80x23 contains 1 chunk(s)
        RenderSVGInlineText {#text} at (0,0) size 80x23
          chunk 1 text run 1 at (1700.00,4920.00) startOffset 0 endOffset 11 width 80.00: "just a text"
      RenderSVGText {text} at (1800,4902) size 80x23 contains 1 chunk(s)
        RenderSVGInlineText {#text} at (0,0) size 80x23
          chunk 1 text run 1 at (1800.00,4920.00) startOffset 0 endOffset 11 width 80.00: "just a text"
      RenderSVGText {text} at (1900,4902) size 80x23 contains 1 chunk(s)
        RenderSVGInlineText {#text} at (0,0) size 80x23
          chunk 1 text run 1 at (1900.00,4920.00) startOffset 0 endOffset 11 width 80.00: "just a text"
      RenderSVGText {text} at (2000,4902) size 80x23 contains 1 chunk(s)
        RenderSVGInlineText {#text} at (0,0) size 80x23
          chunk 1 text run 1 at (2000.00,4920.00) startOffset 0 endOffset 11 width 80.00: "just a text"
      RenderSVGText {text} at (2100,4902) size 80x23 contains 1 chunk(s)
        RenderSVGInlineText {#text} at (0,0) size 80x23
          chunk 1 text run 1 at (2100.00,4920.00) startOffset 0 endOffset 11 width 80.00: "just a text"
      RenderSVGText {text} at (2200,4902) size 80x23 contains 1 chunk(s)
        RenderSVGInlineText {#text} at (0,0) size 80x23
          chunk 1 text run 1 at (2200.00,4920.00) startOffset 0 endOffset 11 width 80.00: "just a text"
      RenderSVGText {text} at (2300,4902) size 80x23 contains 1 chunk(s)
        RenderSVGInlineText {#text} at (0,0) size 80x23
          chunk 1 text run 1 at (2300.00,4920.00) startOffset 0 endOffset 11 width 80.00: "just a text"
      RenderSVGText {text} at (2400,4902) size 80x23 contains 1 chunk(s)
        RenderSVGInlineText {#text} at (0,0) size 80x23
          chunk 1 text run 1 at (2400.00,4920.00) startOffset 0 endOffset 11 width 80.00: "just a text"
      RenderSVGText {text} at (2500,4902) size 80x23 contains 1 chunk(s)
        RenderSVGInlineText {#text} at (0,0) size 80x23
          chunk 1 text run 1 at (2500.00,4920.00) startOffset 0 endOffset 11 width 80.00: "just a text"
      RenderSVGText {text} at (2600,4902) size 80x23 contains 1 chunk(s)
        RenderSVGInlineText {#text} at (0,0) size 80x23
          chunk 1 text run 1 at (2600.00,4920.00) startOffset 0 endOffset 11 width 80.00: "just a text"
      RenderSVGText {text} at (2700,4902) size 80x23 contains 1 chunk(s)
        RenderSVGInlineText {#text} at (0,0) size 80x23
          chunk 1 text run 1 at (2700.00,4920.00) startOffset 0 endOffset 11 width 80.00: "just a text"
      RenderSVGText {text} at (2800,4902) size 80x23 contains 1 chunk(s)
        RenderSVGInlineText {#text} at (0,0) size 80x23
          chunk 1 text run 1 at (2800.00,4920.00) startOffset 0 endOffset 11 width 80.00: "just a text"
      RenderSVGText {text} at (2900,4902) size 80x23 contains 1 chunk(s)
        RenderSVGInlineText {#text} at (0,0) size 80x23
          chunk 1 text run 1 at (2900.00,4920.00) startOffset 0 endOffset 11 width 80.00: "just a text"
      RenderSVGText {text} at (3000,4902) size 80x23 contains 1 chunk(s)
        RenderSVGInlineText {#text} at (0,0) size 80x23
          chunk 1 text run 1 at (3000.00,4920.00) startOffset 0 endOffset 11 width 80.00: "just a text"
      RenderSVGText {text} at (3100,4902) size 80x23 contains 1 chunk(s)
        RenderSVGInlineText {#text} at (0,0) size 80x23
          chunk 1 text run 1 at (3100.00,4920.00) startOffset 0 endOffset 11 width 80.00: "just a text"
      RenderSVGText {text} at (3200,4902) size 80x23 contains 1 chunk(s)
        RenderSVGInlineText {#text} at (0,0) size 80x23
          chunk 1 text run 1 at (3200.00,4920.00) startOffset 0 endOffset 11 width 80.00: "just a text"
      RenderSVGText {text} at (3300,4902) size 80x23 contains 1 chunk(s)
        RenderSVGInlineText {#text} at (0,0) size 80x23
          chunk 1 text run 1 at (3300.00,4920.00) startOffset 0 endOffset 11 width 80.00: "just a text"
      RenderSVGText {text} at (3400,4902) size 80x23 contains 1 chunk(s)
        RenderSVGInlineText {#text} at (0,0) size 80x23
          chunk 1 text run 1 at (3400.00,4920.00) startOffset 0 endOffset 11 width 80.00: "just a text"
      RenderSVGText {text} at (3500,4902) size 80x23 contains 1 chunk(s)
        RenderSVGInlineText {#text} at (0,0) size 80x23
          chunk 1 text run 1 at (3500.00,4920.00) startOffset 0 endOffset 11 width 80.00: "just a text"
      RenderSVGText {text} at (3600,4902) size 80x23 contains 1 chunk(s)
        RenderSVGInlineText {#text} at (0,0) size 80x23
          chunk 1 text run 1 at (3600.00,4920.00) startOffset 0 endOffset 11 width 80.00: "just a text"
      RenderSVGText {text} at (3700,4902) size 80x23 contains 1 chunk(s)
        RenderSVGInlineText {#text} at (0,0) size 80x23
          chunk 1 text run 1 at (3700.00,4920.00) startOffset 0 endOffset 11 width 80.00: "just a text"
      RenderSVGText {text} at (3800,4902) size 80x23 contains 1 chunk(s)
        RenderSVGInlineText {#text} at (0,0) size 80x23
          chunk 1 text run 1 at (3800.00,4920.00) startOffset 0 endOffset 11 width 80.00: "just a text"
      RenderSVGText {text} at (3900,4902) size 80x23 contains 1 chunk(s)
        RenderSVGInlineText {#text} at (0,0) size 80x23
          chunk 1 text run 1 at (3900.00,4920.00) startOffset 0 endOffset 11 width 80.00: "just a text"
      RenderSVGText {text} at (4000,4902) size 80x23 contains 1 chunk(s)
        RenderSVGInlineText {#text} at (0,0) size 80x23
          chunk 1 text run 1 at (4000.00,4920.00) startOffset 0 endOffset 11 width 80.00: "just a text"
      RenderSVGText {text} at (4100,4902) size 80x23 contains 1 chunk(s)
        RenderSVGInlineText {#text} at (0,0) size 80x23
          chunk 1 text run 1 at (4100.00,4920.00) startOffset 0 endOffset 11 width 80.00: "just a text"
      RenderSVGText {text} at (4200,4902) size 80x23 contains 1 chunk(s)
        RenderSVGInlineText {#text} at (0,0) size 80x23
          chunk 1 text run 1 at (4200.00,4920.00) startOffset 0 endOffset 11 width 80.00: "just a text"
      RenderSVGText {text} at (4300,4902) size 80x23 contains 1 chunk(s)
        RenderSVGInlineText {#text} at (0,0) size 80x23
          chunk 1 text run 1 at (4300.00,4920.00) startOffset 0 endOffset 11 width 80.00: "just a text"
      RenderSVGText {text} at (4400,4902) size 80x23 contains 1 chunk(s)
        RenderSVGInlineText {#text} at (0,0) size 80x23
          chunk 1 text run 1 at (4400.00,4920.00) startOffset 0 endOffset 11 width 80.00: "just a text"
      RenderSVGText {text} at (4500,4902) size 80x23 contains 1 chunk(s)
        RenderSVGInlineText {#text} at (0,0) size 80x23
          chunk 1 text run 1 at (4500.00,4920.00) startOffset 0 endOffset 11 width 80.00: "just a text"
      RenderSVGText {text} at (4600,4902) size 80x23 contains 1 chunk(s)
        RenderSVGInlineText {#text} at (0,0) size 80x23
          chunk 1 text run 1 at (4600.00,4920.00) startOffset 0 endOffset 11 width 80.00: "just a text"
      RenderSVGText {text} at (4700,4902) size 80x23 contains 1 chunk(s)
        RenderSVGInlineText {#text} at (0,0) size 80x23
          chunk 1 text run 1 at (4700.00,4920.00) startOffset 0 endOffset 11 width 80.00: "just a text"
      RenderSVGText {text} at (4800,4902) size 80x23 contains 1 chunk(s)
        RenderSVGInlineText {#text} at (0,0) size 80x23
          chunk 1 text run 1 at (4800.00,4920.00) startOffset 0 endOffset 11 width 80.00: "just a text"
      RenderSVGText {text} at (4900,4902) size 80x23 contains 1 chunk(s)
        RenderSVGInlineText {#text} at (0,0) size 80x23
          chunk 1 text run 1 at (4900.00,4920.00) startOffset 0 endOffset 11 width 80.00: "just a text"
    RenderText {#text} at (0,0) size 0x0
