layer at (0,0) size 785x773
  RenderView at (0,0) size 785x600
layer at (0,0) size 785x600
  RenderBlock {html} at (0,0) size 785x600
    RenderBody {body} at (8,16) size 769x600
      RenderBlock {parsererror} at (16,0) size 737x137 [bgcolor=#FFDDDD] [border: (2px solid #CC7777)]
        RenderBlock {h3} at (18,20) size 701x23
          RenderText {#text} at (0,0) size 324x22
            text run at (0,0) width 324: "This page contains the following errors:"
        RenderBlock {div} at (18,61) size 701x15
          RenderText {#text} at (0,0) size 462x14
            text run at (0,0) width 462: "error on line 9 at column 66: invalid character in attribute value"
        RenderBlock {h3} at (18,94) size 701x23
          RenderText {#text} at (0,0) size 429x22
            text run at (0,0) width 429: "Below is a rendering of the page up to the first error."
      RenderBlock (anonymous) at (0,152) size 769x605
        RenderSVGRoot {svg} at (8,168) size 200x201
          RenderSVGPath {path} at (8,168) size 200x201 [fill={[type=SOLID] [color=#008000]}] [data="M 0 0 L 200 0 L 200 200 L 0 200"]
