layer at (0,0) size 800x600
  RenderView at (0,0) size 800x600
layer at (0,0) size 800x280
  RenderBlock {html} at (0,0) size 800x280
    RenderBody {body} at (8,16) size 784x256
      RenderBlock {p} at (0,0) size 784x40
        RenderText {#text} at (0,0) size 763x39
          text run at (0,0) width 763: "Below there is a div with an embedded green svg in it. Since the dimensions of the svg are 100%/100% of the parent, the green"
          text run at (0,20) width 197: "should cover the red(Bug 9752)."
      RenderBlock {div} at (0,56) size 200x200 [bgcolor=#FF0000]
        RenderSVGRoot {svg} at (8,72) size 200x200
          RenderSVGRect {rect} at (8,72) size 200x200 [fill={[type=SOLID] [color=#008000]}] [x=0.00] [y=0.00] [width=200.00] [height=200.00]
        RenderText {#text} at (0,0) size 0x0
