layer at (0,0) size 800x600
  RenderView at (0,0) size 800x600
layer at (0,0) size 800x482
  RenderBlock {html} at (0,0) size 800x482
    RenderBody {body} at (8,16) size 784x458
      RenderBlock {p} at (0,0) size 784x40
        RenderText {#text} at (0,0) size 773x39
          text run at (0,0) width 773: "The svg area contained in the div element (red box), should fill out the whole area with a circle, which contains a radial gradient in"
          text run at (0,20) width 54: "its center"
      RenderBlock {div} at (0,56) size 402x402 [border: (1px solid #FF0000)]
        RenderSVGRoot {svg} at (48,112) size 322x322
          RenderSVGHiddenContainer {defs} at (0,0) size 0x0
            RenderSVGResourceRadialGradient {radialGradient} [id="grad"] [gradientUnits=userSpaceOnUse] [center=(200,200)] [focal=(200,200)] [radius=160.00] [focalRadius=0.00]
              RenderSVGGradientStop {stop} [offset=0.00] [color=#000000]
              RenderSVGGradientStop {stop} [offset=1.00] [color=#FFFFFF]
          RenderSVGEllipse {circle} at (48,112) size 322x322 [stroke={[type=SOLID] [color=#808080]}] [fill={[type=RADIAL-GRADIENT] [id="grad"]}] [cx=200.00] [cy=200.00] [r=160.00]
        RenderText {#text} at (0,0) size 0x0
