layer at (0,0) size 800x600
  RenderView at (0,0) size 800x600
layer at (0,0) size 800x478
  RenderBlock {html} at (0,0) size 800x478
    RenderBody {body} at (8,16) size 784x454
      RenderBlock {p} at (0,0) size 784x36
        RenderText {#text} at (0,0) size 772x36
          text run at (0,0) width 772: "The svg area contained in the div element (red box), should fill out the whole area (blue rectangle), especially after resizing"
          text run at (0,18) width 209: "the content box to a different size"
      RenderBlock {div} at (0,52) size 402x402 [border: (1px solid #FF0000)]
        RenderSVGRoot {svg} at (9,69) size 400x400
          RenderSVGImage {image} at (9,69) size 400x400
        RenderText {#text} at (0,0) size 0x0
