layer at (0,0) size 800x600
  RenderView at (0,0) size 800x600
layer at (0,0) size 800x310
  RenderBlock {html} at (0,0) size 800x310
    RenderBody {body} at (8,21) size 784x281
      RenderBlock {h1} at (0,0) size 784x37
        RenderText {#text} at (0,0) size 749x36
          text run at (0,0) width 749: "Test case for x/y attributes on root-most <svg> element"
      RenderBlock {p} at (0,58) size 784x61
        RenderText {#text} at (0,0) size 27x19
          text run at (0,0) width 27: "The "
        RenderInline {code} at (0,0) size 8x16
          RenderText {#text} at (27,3) size 8x16
            text run at (27,3) width 8: "x"
        RenderText {#text} at (35,0) size 30x19
          text run at (35,0) width 30: " and "
        RenderInline {code} at (0,0) size 8x16
          RenderText {#text} at (65,3) size 8x16
            text run at (65,3) width 8: "y"
        RenderText {#text} at (73,0) size 157x19
          text run at (73,0) width 157: " attributes on a root-most "
        RenderInline {code} at (0,0) size 40x16
          RenderText {#text} at (230,3) size 40x16
            text run at (230,3) width 40: "<svg>"
        RenderText {#text} at (270,0) size 416x19
          text run at (270,0) width 416: " element should be ignored, as specified by SVG 1.1. The root-most "
        RenderInline {code} at (0,0) size 40x16
          RenderText {#text} at (686,3) size 40x16
            text run at (686,3) width 40: "<svg>"
        RenderText {#text} at (726,0) size 778x59
          text run at (726,0) width 50: " element"
          text run at (0,20) width 778: "is the element at the root of an SVG fragment. For the following test to pass, the green SVG square should be rendered aligned to"
          text run at (0,40) width 480: "the top-left of the red CSS-rendered square, which is 10 pixels wider and taller."
      RenderBlock {p} at (0,134) size 784x21
        RenderText {#text} at (0,0) size 27x19
          text run at (0,0) width 27: "See "
        RenderInline {a} at (0,0) size 68x19 [color=#0000EE]
          RenderText {#text} at (27,0) size 68x19
            text run at (27,0) width 68: "Bug 13828"
        RenderText {#text} at (95,0) size 4x19
          text run at (95,0) width 4: "."
      RenderBlock {div} at (0,170) size 110x111 [bgcolor=#FF0000]
        RenderSVGRoot {svg} at (8,191) size 100x101
          RenderSVGRect {rect} at (8,191) size 100x101 [fill={[type=SOLID] [color=#008000]}] [x=0.00] [y=0.00] [width=100.00] [height=100.00]
        RenderText {#text} at (0,0) size 0x0
