layer at (0,0) size 800x600
  RenderView at (0,0) size 800x600
layer at (0,0) size 800x516
  RenderBlock {html} at (0,0) size 800x516
    RenderBody {body} at (8,8) size 784x492
      RenderBlock (anonymous) at (0,0) size 784x18
        RenderText {#text} at (0,0) size 639x18
          text run at (0,0) width 241: "The two blocks should look identical. "
          text run at (241,0) width 398: "One uses an SVG, and the other just uses a normal HTML div."
      RenderBlock {p} at (0,34) size 784x18
        RenderText {#text} at (0,0) size 354x18
          text run at (0,0) width 354: "There should be a red, white and blue pattern below this"
      RenderSVGRoot {svg} at (18,86) size 140x140
        RenderSVGRect {rect} at (18,86) size 140x140 [fill={[type=SOLID] [color=#0000FF]}] [x=0.00] [y=0.00] [width=100.00] [height=100.00]
      RenderBlock {p} at (0,228) size 784x18
        RenderText {#text} at (0,0) size 353x18
          text run at (0,0) width 353: "There should be a red, white and blue pattern above this"
      RenderBlock {hr} at (0,262) size 784x2 [border: (1px inset #000000)]
      RenderBlock {p} at (0,280) size 784x18
        RenderText {#text} at (0,0) size 354x18
          text run at (0,0) width 354: "There should be a red, white and blue pattern below this"
      RenderBlock (floating) {div} at (10,324) size 140x140 [border: (10px solid #FF0000)]
        RenderBlock {div} at (20,20) size 100x100 [bgcolor=#0000FF]
      RenderBlock {p} at (0,474) size 784x18
        RenderText {#text} at (0,0) size 353x18
          text run at (0,0) width 353: "There should be a red, white and blue pattern above this"
