layer at (0,0) size 800x600
  RenderView at (0,0) size 800x600
layer at (0,0) size 800x600
  RenderSVGRoot {svg} at (54,54) size 746x546
    RenderSVGHiddenContainer {defs} at (0,0) size 0x0
      RenderSVGViewportContainer {svg} at (0,0) size 0x0
    RenderSVGForeignObject {foreignObject} at (10,10) size 580x380
      RenderBlock {xhtml:div} at (0,0) size 580x18
        RenderText {#text} at (0,0) size 244x18
          text run at (0,0) width 244: "You should only see this string ONCE"
    RenderSVGContainer {use} at (0,0) size 0x0 [transform={m=((1.00,0.00)(0.00,1.00)) t=(25.00,25.00)}]
      RenderSVGViewportContainer {svg} at (0,0) size 0x0
    RenderSVGContainer {use} at (0,0) size 0x0 [transform={m=((1.00,0.00)(0.00,1.00)) t=(10.00,10.00)}]
      RenderSVGContainer {g} at (0,0) size 0x0 [transform={m=((1.00,0.00)(0.00,1.00)) t=(25.00,25.00)}]
        RenderSVGViewportContainer {svg} at (0,0) size 0x0
