layer at (0,0) size 800x600
  RenderView at (0,0) size 800x600
layer at (0,0) size 800x600
  RenderBlock {HTML} at (0,0) size 800x600
    RenderBody {BODY} at (8,8) size 784x584
      RenderBlock {P} at (0,0) size 784x20
        RenderText {#text} at (0,0) size 51x19
          text run at (0,0) width 51: "Test for "
        RenderInline {I} at (0,0) size 714x19
          RenderInline {A} at (0,0) size 305x19 [color=#0000EE]
            RenderText {#text} at (51,0) size 305x19
              text run at (51,0) width 305: "http://bugs.webkit.org/show_bug.cgi?id=13800"
          RenderText {#text} at (356,0) size 409x19
            text run at (356,0) width 4: " "
            text run at (360,0) width 405: "REGRESSION: Moving a slider moves another unrelated slider"
        RenderText {#text} at (765,0) size 4x19
          text run at (765,0) width 4: "."
      RenderBlock {P} at (0,36) size 784x20
        RenderText {#text} at (0,0) size 266x19
          text run at (0,0) width 266: "The first slider\x{2019}s thumb should be on the left."
      RenderBlock {DIV} at (0,72) size 784x38
        RenderSlider {INPUT} at (2,2) size 129x15 [color=#C4C4C4] [bgcolor=#FFFFFF]
          RenderFlexibleBox {DIV} at (0,0) size 129x15
            RenderBlock {DIV} at (0,0) size 129x15
              RenderBlock {DIV} at (0,0) size 7x15
        RenderBR {BR} at (133,17) size 0x0
        RenderSlider {INPUT} at (2,21) size 129x15 [color=#C4C4C4] [bgcolor=#FFFFFF]
          RenderFlexibleBox {DIV} at (0,0) size 129x15
            RenderBlock {DIV} at (0,0) size 129x15
              RenderBlock {DIV} at (122,0) size 7x15
        RenderText {#text} at (0,0) size 0x0
