layer at (0,0) size 785x600
  RenderView at (0,0) size 785x600
    RenderMultiColumnSet at (0,0) size 785x600
layer at (0,0) size 785x1268 backgroundClip at (0,0) size 785x600 clip at (0,0) size 785x600
  RenderMultiColumnFlowThread at (0,0) size 785x1268
layer at (0,0) size 785x1268 backgroundClip at (0,0) size 785x600 clip at (0,0) size 785x600
  RenderBlock {HTML} at (0,0) size 785x1268
    RenderBody {BODY} at (8,8) size 769x1244
      RenderBlock {DIV} at (0,0) size 50x50 [bgcolor=#0000FF]
      RenderBlock {P} at (0,66) size 769x72
        RenderText {#text} at (0,0) size 761x72
          text run at (0,0) width 744: "1 Lorem ipsum dolor sit amet, consectetur adipisicing elit, sed do eiusmod tempor incididunt ut labore et dolore magna"
          text run at (0,18) width 736: "aliqua. Ut enim ad minim veniam, quis nostrud exercitation ullamco laboris nisi ut aliquip ex ea commodo consequat."
          text run at (0,36) width 761: "Duis aute irure dolor in reprehenderit in voluptate velit esse cillum dolore eu fugiat nulla pariatur. Excepteur sint occaecat"
          text run at (0,54) width 526: "cupidatat non proident, sunt in culpa qui officia deserunt mollit anim id est laborum."
      RenderBlock {DIV} at (0,154) size 50x50 [bgcolor=#0000FF]
      RenderBlock {P} at (0,220) size 769x72
        RenderText {#text} at (0,0) size 761x72
          text run at (0,0) width 744: "2 Lorem ipsum dolor sit amet, consectetur adipisicing elit, sed do eiusmod tempor incididunt ut labore et dolore magna"
          text run at (0,18) width 736: "aliqua. Ut enim ad minim veniam, quis nostrud exercitation ullamco laboris nisi ut aliquip ex ea commodo consequat."
          text run at (0,36) width 761: "Duis aute irure dolor in reprehenderit in voluptate velit esse cillum dolore eu fugiat nulla pariatur. Excepteur sint occaecat"
          text run at (0,54) width 526: "cupidatat non proident, sunt in culpa qui officia deserunt mollit anim id est laborum."
      RenderBlock {DIV} at (0,308) size 50x50 [bgcolor=#0000FF]
      RenderBlock {P} at (0,374) size 769x72
        RenderText {#text} at (0,0) size 761x72
          text run at (0,0) width 744: "3 Lorem ipsum dolor sit amet, consectetur adipisicing elit, sed do eiusmod tempor incididunt ut labore et dolore magna"
          text run at (0,18) width 736: "aliqua. Ut enim ad minim veniam, quis nostrud exercitation ullamco laboris nisi ut aliquip ex ea commodo consequat."
          text run at (0,36) width 761: "Duis aute irure dolor in reprehenderit in voluptate velit esse cillum dolore eu fugiat nulla pariatur. Excepteur sint occaecat"
          text run at (0,54) width 526: "cupidatat non proident, sunt in culpa qui officia deserunt mollit anim id est laborum."
      RenderBlock {DIV} at (0,462) size 50x50 [bgcolor=#0000FF]
      RenderBlock {P} at (0,532) size 769x72
        RenderText {#text} at (0,0) size 761x72
          text run at (0,0) width 744: "4 Lorem ipsum dolor sit amet, consectetur adipisicing elit, sed do eiusmod tempor incididunt ut labore et dolore magna"
          text run at (0,18) width 736: "aliqua. Ut enim ad minim veniam, quis nostrud exercitation ullamco laboris nisi ut aliquip ex ea commodo consequat."
          text run at (0,36) width 761: "Duis aute irure dolor in reprehenderit in voluptate velit esse cillum dolore eu fugiat nulla pariatur. Excepteur sint occaecat"
          text run at (0,54) width 526: "cupidatat non proident, sunt in culpa qui officia deserunt mollit anim id est laborum."
      RenderBlock {DIV} at (0,620) size 50x50 [bgcolor=#0000FF]
      RenderBlock {P} at (0,686) size 769x80
        RenderText {#text} at (0,0) size 761x80
          text run at (0,0) width 744: "5 Lorem ipsum dolor sit amet, consectetur adipisicing elit, sed do eiusmod tempor incididunt ut labore et dolore magna"
          text run at (0,26) width 736: "aliqua. Ut enim ad minim veniam, quis nostrud exercitation ullamco laboris nisi ut aliquip ex ea commodo consequat."
          text run at (0,44) width 761: "Duis aute irure dolor in reprehenderit in voluptate velit esse cillum dolore eu fugiat nulla pariatur. Excepteur sint occaecat"
          text run at (0,62) width 526: "cupidatat non proident, sunt in culpa qui officia deserunt mollit anim id est laborum."
      RenderBlock {DIV} at (0,782) size 50x50 [bgcolor=#0000FF]
      RenderBlock {P} at (0,848) size 769x80
        RenderText {#text} at (0,0) size 761x80
          text run at (0,0) width 744: "6 Lorem ipsum dolor sit amet, consectetur adipisicing elit, sed do eiusmod tempor incididunt ut labore et dolore magna"
          text run at (0,18) width 736: "aliqua. Ut enim ad minim veniam, quis nostrud exercitation ullamco laboris nisi ut aliquip ex ea commodo consequat."
          text run at (0,44) width 761: "Duis aute irure dolor in reprehenderit in voluptate velit esse cillum dolore eu fugiat nulla pariatur. Excepteur sint occaecat"
          text run at (0,62) width 526: "cupidatat non proident, sunt in culpa qui officia deserunt mollit anim id est laborum."
      RenderBlock {DIV} at (0,944) size 50x50 [bgcolor=#0000FF]
      RenderBlock {P} at (0,1010) size 769x80
        RenderText {#text} at (0,0) size 761x80
          text run at (0,0) width 744: "7 Lorem ipsum dolor sit amet, consectetur adipisicing elit, sed do eiusmod tempor incididunt ut labore et dolore magna"
          text run at (0,18) width 736: "aliqua. Ut enim ad minim veniam, quis nostrud exercitation ullamco laboris nisi ut aliquip ex ea commodo consequat."
          text run at (0,36) width 761: "Duis aute irure dolor in reprehenderit in voluptate velit esse cillum dolore eu fugiat nulla pariatur. Excepteur sint occaecat"
          text run at (0,62) width 526: "cupidatat non proident, sunt in culpa qui officia deserunt mollit anim id est laborum."
      RenderBlock {DIV} at (0,1106) size 50x50 [bgcolor=#0000FF]
      RenderBlock {P} at (0,1172) size 769x72
        RenderText {#text} at (0,0) size 761x72
          text run at (0,0) width 744: "8 Lorem ipsum dolor sit amet, consectetur adipisicing elit, sed do eiusmod tempor incididunt ut labore et dolore magna"
          text run at (0,18) width 736: "aliqua. Ut enim ad minim veniam, quis nostrud exercitation ullamco laboris nisi ut aliquip ex ea commodo consequat."
          text run at (0,36) width 761: "Duis aute irure dolor in reprehenderit in voluptate velit esse cillum dolore eu fugiat nulla pariatur. Excepteur sint occaecat"
          text run at (0,54) width 526: "cupidatat non proident, sunt in culpa qui officia deserunt mollit anim id est laborum."
