layer at (0,0) size 785x600
  RenderView at (0,0) size 785x600
    RenderMultiColumnSet at (0,0) size 785x600
layer at (-2659,0) size 3444x180 backgroundClip at (0,0) size 785x600 clip at (0,0) size 785x600
  RenderMultiColumnFlowThread at (0,0) size 3444x180
layer at (-2659,0) size 3444x180 backgroundClip at (0,0) size 785x600 clip at (0,0) size 785x600
  RenderBlock {HTML} at (0,0) size 3444x180
    RenderBody {BODY} at (8,8) size 3420x164
      RenderBlock {DIV} at (0,0) size 50x50 [bgcolor=#0000FF]
      RenderBlock {P} at (66,0) size 342x164
        RenderText {#text} at (0,0) size 342x164
          text run at (0,0) width 151: "1 Lorem ipsum dolor sit"
          text run at (18,0) width 109: "amet, consectetur"
          text run at (36,0) width 140: "adipisicing elit, sed do"
          text run at (54,0) width 101: "eiusmod tempor"
          text run at (72,0) width 137: "incididunt ut labore et"
          text run at (90,0) width 152: "dolore magna aliqua. Ut"
          text run at (108,0) width 148: "enim ad minim veniam,"
          text run at (126,0) width 154: "quis nostrud exercitation"
          text run at (144,0) width 138: "ullamco laboris nisi ut"
          text run at (162,0) width 147: "aliquip ex ea commodo"
          text run at (180,0) width 164: "consequat. Duis aute irure"
          text run at (198,0) width 152: "dolor in reprehenderit in"
          text run at (216,0) width 162: "voluptate velit esse cillum"
          text run at (234,0) width 134: "dolore eu fugiat nulla"
          text run at (252,0) width 146: "pariatur. Excepteur sint"
          text run at (270,0) width 143: "occaecat cupidatat non"
          text run at (288,0) width 164: "proident, sunt in culpa qui"
          text run at (306,0) width 137: "officia deserunt mollit"
          text run at (324,0) width 128: "anim id est laborum."
      RenderBlock {DIV} at (424,0) size 50x50 [bgcolor=#0000FF]
      RenderBlock {P} at (490,0) size 359x164
        RenderText {#text} at (0,0) size 359x164
          text run at (0,0) width 151: "2 Lorem ipsum dolor sit"
          text run at (18,0) width 109: "amet, consectetur"
          text run at (36,0) width 140: "adipisicing elit, sed do"
          text run at (54,0) width 101: "eiusmod tempor"
          text run at (72,0) width 137: "incididunt ut labore et"
          text run at (90,0) width 152: "dolore magna aliqua. Ut"
          text run at (108,0) width 148: "enim ad minim veniam,"
          text run at (126,0) width 154: "quis nostrud exercitation"
          text run at (144,0) width 138: "ullamco laboris nisi ut"
          text run at (162,0) width 147: "aliquip ex ea commodo"
          text run at (180,0) width 164: "consequat. Duis aute irure"
          text run at (198,0) width 152: "dolor in reprehenderit in"
          text run at (216,0) width 162: "voluptate velit esse cillum"
          text run at (234,0) width 134: "dolore eu fugiat nulla"
          text run at (252,0) width 146: "pariatur. Excepteur sint"
          text run at (287,0) width 143: "occaecat cupidatat non"
          text run at (305,0) width 164: "proident, sunt in culpa qui"
          text run at (323,0) width 137: "officia deserunt mollit"
          text run at (341,0) width 128: "anim id est laborum."
      RenderBlock {DIV} at (865,0) size 50x50 [bgcolor=#0000FF]
      RenderBlock {P} at (931,0) size 342x164
        RenderText {#text} at (0,0) size 342x164
          text run at (0,0) width 151: "3 Lorem ipsum dolor sit"
          text run at (18,0) width 109: "amet, consectetur"
          text run at (36,0) width 140: "adipisicing elit, sed do"
          text run at (54,0) width 101: "eiusmod tempor"
          text run at (72,0) width 137: "incididunt ut labore et"
          text run at (90,0) width 152: "dolore magna aliqua. Ut"
          text run at (108,0) width 148: "enim ad minim veniam,"
          text run at (126,0) width 154: "quis nostrud exercitation"
          text run at (144,0) width 138: "ullamco laboris nisi ut"
          text run at (162,0) width 147: "aliquip ex ea commodo"
          text run at (180,0) width 164: "consequat. Duis aute irure"
          text run at (198,0) width 152: "dolor in reprehenderit in"
          text run at (216,0) width 162: "voluptate velit esse cillum"
          text run at (234,0) width 134: "dolore eu fugiat nulla"
          text run at (252,0) width 146: "pariatur. Excepteur sint"
          text run at (270,0) width 143: "occaecat cupidatat non"
          text run at (288,0) width 164: "proident, sunt in culpa qui"
          text run at (306,0) width 137: "officia deserunt mollit"
          text run at (324,0) width 128: "anim id est laborum."
      RenderBlock {DIV} at (1289,0) size 50x50 [bgcolor=#0000FF]
      RenderBlock {P} at (1355,0) size 351x164
        RenderText {#text} at (0,0) size 351x164
          text run at (0,0) width 151: "4 Lorem ipsum dolor sit"
          text run at (18,0) width 109: "amet, consectetur"
          text run at (36,0) width 140: "adipisicing elit, sed do"
          text run at (54,0) width 101: "eiusmod tempor"
          text run at (72,0) width 137: "incididunt ut labore et"
          text run at (90,0) width 152: "dolore magna aliqua. Ut"
          text run at (108,0) width 148: "enim ad minim veniam,"
          text run at (126,0) width 154: "quis nostrud exercitation"
          text run at (144,0) width 138: "ullamco laboris nisi ut"
          text run at (162,0) width 147: "aliquip ex ea commodo"
          text run at (180,0) width 164: "consequat. Duis aute irure"
          text run at (207,0) width 152: "dolor in reprehenderit in"
          text run at (225,0) width 162: "voluptate velit esse cillum"
          text run at (243,0) width 134: "dolore eu fugiat nulla"
          text run at (261,0) width 146: "pariatur. Excepteur sint"
          text run at (279,0) width 143: "occaecat cupidatat non"
          text run at (297,0) width 164: "proident, sunt in culpa qui"
          text run at (315,0) width 137: "officia deserunt mollit"
          text run at (333,0) width 128: "anim id est laborum."
      RenderBlock {DIV} at (1722,0) size 50x50 [bgcolor=#0000FF]
      RenderBlock {P} at (1788,0) size 342x164
        RenderText {#text} at (0,0) size 342x164
          text run at (0,0) width 151: "5 Lorem ipsum dolor sit"
          text run at (18,0) width 109: "amet, consectetur"
          text run at (36,0) width 140: "adipisicing elit, sed do"
          text run at (54,0) width 101: "eiusmod tempor"
          text run at (72,0) width 137: "incididunt ut labore et"
          text run at (90,0) width 152: "dolore magna aliqua. Ut"
          text run at (108,0) width 148: "enim ad minim veniam,"
          text run at (126,0) width 154: "quis nostrud exercitation"
          text run at (144,0) width 138: "ullamco laboris nisi ut"
          text run at (162,0) width 147: "aliquip ex ea commodo"
          text run at (180,0) width 164: "consequat. Duis aute irure"
          text run at (198,0) width 152: "dolor in reprehenderit in"
          text run at (216,0) width 162: "voluptate velit esse cillum"
          text run at (234,0) width 134: "dolore eu fugiat nulla"
          text run at (252,0) width 146: "pariatur. Excepteur sint"
          text run at (270,0) width 143: "occaecat cupidatat non"
          text run at (288,0) width 164: "proident, sunt in culpa qui"
          text run at (306,0) width 137: "officia deserunt mollit"
          text run at (324,0) width 128: "anim id est laborum."
      RenderBlock {DIV} at (2146,0) size 50x50 [bgcolor=#0000FF]
      RenderBlock {P} at (2212,0) size 351x164
        RenderText {#text} at (0,0) size 351x164
          text run at (0,0) width 151: "6 Lorem ipsum dolor sit"
          text run at (18,0) width 109: "amet, consectetur"
          text run at (36,0) width 140: "adipisicing elit, sed do"
          text run at (54,0) width 101: "eiusmod tempor"
          text run at (72,0) width 137: "incididunt ut labore et"
          text run at (90,0) width 152: "dolore magna aliqua. Ut"
          text run at (108,0) width 148: "enim ad minim veniam,"
          text run at (135,0) width 154: "quis nostrud exercitation"
          text run at (153,0) width 138: "ullamco laboris nisi ut"
          text run at (171,0) width 147: "aliquip ex ea commodo"
          text run at (189,0) width 164: "consequat. Duis aute irure"
          text run at (207,0) width 152: "dolor in reprehenderit in"
          text run at (225,0) width 162: "voluptate velit esse cillum"
          text run at (243,0) width 134: "dolore eu fugiat nulla"
          text run at (261,0) width 146: "pariatur. Excepteur sint"
          text run at (279,0) width 143: "occaecat cupidatat non"
          text run at (297,0) width 164: "proident, sunt in culpa qui"
          text run at (315,0) width 137: "officia deserunt mollit"
          text run at (333,0) width 128: "anim id est laborum."
      RenderBlock {DIV} at (2579,0) size 50x50 [bgcolor=#0000FF]
      RenderBlock {P} at (2645,0) size 342x164
        RenderText {#text} at (0,0) size 342x164
          text run at (0,0) width 151: "7 Lorem ipsum dolor sit"
          text run at (18,0) width 109: "amet, consectetur"
          text run at (36,0) width 140: "adipisicing elit, sed do"
          text run at (54,0) width 101: "eiusmod tempor"
          text run at (72,0) width 137: "incididunt ut labore et"
          text run at (90,0) width 152: "dolore magna aliqua. Ut"
          text run at (108,0) width 148: "enim ad minim veniam,"
          text run at (126,0) width 154: "quis nostrud exercitation"
          text run at (144,0) width 138: "ullamco laboris nisi ut"
          text run at (162,0) width 147: "aliquip ex ea commodo"
          text run at (180,0) width 164: "consequat. Duis aute irure"
          text run at (198,0) width 152: "dolor in reprehenderit in"
          text run at (216,0) width 162: "voluptate velit esse cillum"
          text run at (234,0) width 134: "dolore eu fugiat nulla"
          text run at (252,0) width 146: "pariatur. Excepteur sint"
          text run at (270,0) width 143: "occaecat cupidatat non"
          text run at (288,0) width 164: "proident, sunt in culpa qui"
          text run at (306,0) width 137: "officia deserunt mollit"
          text run at (324,0) width 128: "anim id est laborum."
      RenderBlock {DIV} at (3003,0) size 50x50 [bgcolor=#0000FF]
      RenderBlock {P} at (3069,0) size 351x164
        RenderText {#text} at (0,0) size 351x164
          text run at (0,0) width 151: "8 Lorem ipsum dolor sit"
          text run at (18,0) width 109: "amet, consectetur"
          text run at (36,0) width 140: "adipisicing elit, sed do"
          text run at (63,0) width 101: "eiusmod tempor"
          text run at (81,0) width 137: "incididunt ut labore et"
          text run at (99,0) width 152: "dolore magna aliqua. Ut"
          text run at (117,0) width 148: "enim ad minim veniam,"
          text run at (135,0) width 154: "quis nostrud exercitation"
          text run at (153,0) width 138: "ullamco laboris nisi ut"
          text run at (171,0) width 147: "aliquip ex ea commodo"
          text run at (189,0) width 164: "consequat. Duis aute irure"
          text run at (207,0) width 152: "dolor in reprehenderit in"
          text run at (225,0) width 162: "voluptate velit esse cillum"
          text run at (243,0) width 134: "dolore eu fugiat nulla"
          text run at (261,0) width 146: "pariatur. Excepteur sint"
          text run at (279,0) width 143: "occaecat cupidatat non"
          text run at (297,0) width 164: "proident, sunt in culpa qui"
          text run at (315,0) width 137: "officia deserunt mollit"
          text run at (333,0) width 128: "anim id est laborum."
