layer at (0,0) size 2460x585
  RenderView at (0,0) size 800x585
    RenderMultiColumnSet at (0,0) size 800x585
layer at (0,0) size 385x3122 backgroundClip at (0,0) size 2460x585 clip at (0,0) size 2460x585
  RenderMultiColumnFlowThread at (0,0) size 385x3122
layer at (0,0) size 385x3122 backgroundClip at (0,0) size 2460x585 clip at (0,0) size 2460x585
  RenderBlock {HTML} at (0,0) size 385x3122 [border: (1px solid #008000)]
    RenderBody {BODY} at (4,4) size 377x3114 [border: (1px solid #000000)]
      RenderBlock {P} at (1,25) size 375x364
        RenderText {#text} at (0,0) size 375x364
          text run at (0,0) width 294: "1 Lorem ipsum dolor sit amet,"
          text run at (0,28) width 336: "consectetur adipisicing elit, sed do"
          text run at (0,56) width 354: "eiusmod tempor incididunt ut labore"
          text run at (0,84) width 343: "et dolore magna aliqua. Ut enim ad"
          text run at (0,112) width 272: "minim veniam, quis nostrud"
          text run at (0,140) width 339: "exercitation ullamco laboris nisi ut"
          text run at (0,168) width 337: "aliquip ex ea commodo consequat."
          text run at (0,196) width 362: "Duis aute irure dolor in reprehenderit"
          text run at (0,224) width 349: "in voluptate velit esse cillum dolore"
          text run at (0,252) width 375: "eu fugiat nulla pariatur. Excepteur sint"
          text run at (0,280) width 362: "occaecat cupidatat non proident, sunt"
          text run at (0,308) width 338: "in culpa qui officia deserunt mollit"
          text run at (0,336) width 200: "anim id est laborum."
      RenderBlock {P} at (1,413) size 375x364
        RenderText {#text} at (0,0) size 375x364
          text run at (0,0) width 294: "2 Lorem ipsum dolor sit amet,"
          text run at (0,28) width 336: "consectetur adipisicing elit, sed do"
          text run at (0,56) width 354: "eiusmod tempor incididunt ut labore"
          text run at (0,84) width 343: "et dolore magna aliqua. Ut enim ad"
          text run at (0,112) width 272: "minim veniam, quis nostrud"
          text run at (0,140) width 339: "exercitation ullamco laboris nisi ut"
          text run at (0,168) width 337: "aliquip ex ea commodo consequat."
          text run at (0,196) width 362: "Duis aute irure dolor in reprehenderit"
          text run at (0,224) width 349: "in voluptate velit esse cillum dolore"
          text run at (0,252) width 375: "eu fugiat nulla pariatur. Excepteur sint"
          text run at (0,280) width 362: "occaecat cupidatat non proident, sunt"
          text run at (0,308) width 338: "in culpa qui officia deserunt mollit"
          text run at (0,336) width 200: "anim id est laborum."
      RenderBlock {P} at (1,801) size 375x364
        RenderText {#text} at (0,0) size 375x364
          text run at (0,0) width 294: "3 Lorem ipsum dolor sit amet,"
          text run at (0,28) width 336: "consectetur adipisicing elit, sed do"
          text run at (0,56) width 354: "eiusmod tempor incididunt ut labore"
          text run at (0,84) width 343: "et dolore magna aliqua. Ut enim ad"
          text run at (0,112) width 272: "minim veniam, quis nostrud"
          text run at (0,140) width 339: "exercitation ullamco laboris nisi ut"
          text run at (0,168) width 337: "aliquip ex ea commodo consequat."
          text run at (0,196) width 362: "Duis aute irure dolor in reprehenderit"
          text run at (0,224) width 349: "in voluptate velit esse cillum dolore"
          text run at (0,252) width 375: "eu fugiat nulla pariatur. Excepteur sint"
          text run at (0,280) width 362: "occaecat cupidatat non proident, sunt"
          text run at (0,308) width 338: "in culpa qui officia deserunt mollit"
          text run at (0,336) width 200: "anim id est laborum."
      RenderBlock {P} at (1,1166) size 375x364
        RenderText {#text} at (0,0) size 375x364
          text run at (0,0) width 294: "4 Lorem ipsum dolor sit amet,"
          text run at (0,28) width 336: "consectetur adipisicing elit, sed do"
          text run at (0,56) width 354: "eiusmod tempor incididunt ut labore"
          text run at (0,84) width 343: "et dolore magna aliqua. Ut enim ad"
          text run at (0,112) width 272: "minim veniam, quis nostrud"
          text run at (0,140) width 339: "exercitation ullamco laboris nisi ut"
          text run at (0,168) width 337: "aliquip ex ea commodo consequat."
          text run at (0,196) width 362: "Duis aute irure dolor in reprehenderit"
          text run at (0,224) width 349: "in voluptate velit esse cillum dolore"
          text run at (0,252) width 375: "eu fugiat nulla pariatur. Excepteur sint"
          text run at (0,280) width 362: "occaecat cupidatat non proident, sunt"
          text run at (0,308) width 338: "in culpa qui officia deserunt mollit"
          text run at (0,336) width 200: "anim id est laborum."
      RenderBlock {P} at (1,1554) size 375x365
        RenderText {#text} at (0,0) size 375x365
          text run at (0,0) width 294: "5 Lorem ipsum dolor sit amet,"
          text run at (0,28) width 336: "consectetur adipisicing elit, sed do"
          text run at (0,56) width 354: "eiusmod tempor incididunt ut labore"
          text run at (0,84) width 343: "et dolore magna aliqua. Ut enim ad"
          text run at (0,112) width 272: "minim veniam, quis nostrud"
          text run at (0,140) width 339: "exercitation ullamco laboris nisi ut"
          text run at (0,168) width 337: "aliquip ex ea commodo consequat."
          text run at (0,197) width 362: "Duis aute irure dolor in reprehenderit"
          text run at (0,225) width 349: "in voluptate velit esse cillum dolore"
          text run at (0,253) width 375: "eu fugiat nulla pariatur. Excepteur sint"
          text run at (0,281) width 362: "occaecat cupidatat non proident, sunt"
          text run at (0,309) width 338: "in culpa qui officia deserunt mollit"
          text run at (0,337) width 200: "anim id est laborum."
      RenderBlock {P} at (1,1943) size 375x364
        RenderText {#text} at (0,0) size 375x364
          text run at (0,0) width 294: "6 Lorem ipsum dolor sit amet,"
          text run at (0,28) width 336: "consectetur adipisicing elit, sed do"
          text run at (0,56) width 354: "eiusmod tempor incididunt ut labore"
          text run at (0,84) width 343: "et dolore magna aliqua. Ut enim ad"
          text run at (0,112) width 272: "minim veniam, quis nostrud"
          text run at (0,140) width 339: "exercitation ullamco laboris nisi ut"
          text run at (0,168) width 337: "aliquip ex ea commodo consequat."
          text run at (0,196) width 362: "Duis aute irure dolor in reprehenderit"
          text run at (0,224) width 349: "in voluptate velit esse cillum dolore"
          text run at (0,252) width 375: "eu fugiat nulla pariatur. Excepteur sint"
          text run at (0,280) width 362: "occaecat cupidatat non proident, sunt"
          text run at (0,308) width 338: "in culpa qui officia deserunt mollit"
          text run at (0,336) width 200: "anim id est laborum."
      RenderBlock {P} at (1,2336) size 375x364
        RenderText {#text} at (0,0) size 375x364
          text run at (0,0) width 294: "7 Lorem ipsum dolor sit amet,"
          text run at (0,28) width 336: "consectetur adipisicing elit, sed do"
          text run at (0,56) width 354: "eiusmod tempor incididunt ut labore"
          text run at (0,84) width 343: "et dolore magna aliqua. Ut enim ad"
          text run at (0,112) width 272: "minim veniam, quis nostrud"
          text run at (0,140) width 339: "exercitation ullamco laboris nisi ut"
          text run at (0,168) width 337: "aliquip ex ea commodo consequat."
          text run at (0,196) width 362: "Duis aute irure dolor in reprehenderit"
          text run at (0,224) width 349: "in voluptate velit esse cillum dolore"
          text run at (0,252) width 375: "eu fugiat nulla pariatur. Excepteur sint"
          text run at (0,280) width 362: "occaecat cupidatat non proident, sunt"
          text run at (0,308) width 338: "in culpa qui officia deserunt mollit"
          text run at (0,336) width 200: "anim id est laborum."
      RenderBlock {P} at (1,2724) size 375x365
        RenderText {#text} at (0,0) size 375x365
          text run at (0,0) width 294: "8 Lorem ipsum dolor sit amet,"
          text run at (0,28) width 336: "consectetur adipisicing elit, sed do"
          text run at (0,56) width 354: "eiusmod tempor incididunt ut labore"
          text run at (0,84) width 343: "et dolore magna aliqua. Ut enim ad"
          text run at (0,112) width 272: "minim veniam, quis nostrud"
          text run at (0,140) width 339: "exercitation ullamco laboris nisi ut"
          text run at (0,168) width 337: "aliquip ex ea commodo consequat."
          text run at (0,197) width 362: "Duis aute irure dolor in reprehenderit"
          text run at (0,225) width 349: "in voluptate velit esse cillum dolore"
          text run at (0,253) width 375: "eu fugiat nulla pariatur. Excepteur sint"
          text run at (0,281) width 362: "occaecat cupidatat non proident, sunt"
          text run at (0,309) width 338: "in culpa qui officia deserunt mollit"
          text run at (0,337) width 200: "anim id est laborum."
layer at (1250,84) size 56x56
  RenderBlock (positioned) {DIV} at (1250,84) size 56x56 [border: (3px solid #0000FF)]
caret: position 353 of child 0 {#text} of child 11 {P} of body
scrolled to 800,0
