layer at (0,0) size 1780x585
  RenderView at (0,0) size 800x585
    RenderMultiColumnSet at (0,0) size 800x585
layer at (0,0) size 1564x585
  RenderMultiColumnFlowThread at (0,0) size 1564x585
layer at (0,0) size 1564x585
  RenderBlock {HTML} at (0,0) size 1564x585
    RenderBody {BODY} at (8,8) size 1540x569
      RenderBlock {DIV} at (0,0) size 50x50 [bgcolor=#0000FF]
      RenderBlock {P} at (66,0) size 124x569
        RenderText {#text} at (0,0) size 124x546
          text run at (0,0) width 513: "1 Lorem ipsum dolor sit amet, consectetur adipisicing elit, sed do eiusmod tempor"
          text run at (18,0) width 526: "incididunt ut labore et dolore magna aliqua. Ut enim ad minim veniam, quis nostrud"
          text run at (36,0) width 534: "exercitation ullamco laboris nisi ut aliquip ex ea commodo consequat. Duis aute irure"
          text run at (54,0) width 512: "dolor in reprehenderit in voluptate velit esse cillum dolore eu fugiat nulla pariatur."
          text run at (72,0) width 546: "Excepteur sint occaecat cupidatat non proident, sunt in culpa qui officia deserunt mollit"
          text run at (106,0) width 128: "anim id est laborum."
      RenderBlock {DIV} at (206,0) size 50x50 [bgcolor=#0000FF]
      RenderBlock {P} at (272,0) size 116x569
        RenderText {#text} at (0,0) size 116x546
          text run at (0,0) width 513: "2 Lorem ipsum dolor sit amet, consectetur adipisicing elit, sed do eiusmod tempor"
          text run at (18,0) width 526: "incididunt ut labore et dolore magna aliqua. Ut enim ad minim veniam, quis nostrud"
          text run at (36,0) width 534: "exercitation ullamco laboris nisi ut aliquip ex ea commodo consequat. Duis aute irure"
          text run at (54,0) width 512: "dolor in reprehenderit in voluptate velit esse cillum dolore eu fugiat nulla pariatur."
          text run at (80,0) width 546: "Excepteur sint occaecat cupidatat non proident, sunt in culpa qui officia deserunt mollit"
          text run at (98,0) width 128: "anim id est laborum."
      RenderBlock {DIV} at (404,0) size 50x50 [bgcolor=#0000FF]
      RenderBlock {P} at (470,0) size 116x569
        RenderText {#text} at (0,0) size 116x546
          text run at (0,0) width 513: "3 Lorem ipsum dolor sit amet, consectetur adipisicing elit, sed do eiusmod tempor"
          text run at (18,0) width 526: "incididunt ut labore et dolore magna aliqua. Ut enim ad minim veniam, quis nostrud"
          text run at (36,0) width 534: "exercitation ullamco laboris nisi ut aliquip ex ea commodo consequat. Duis aute irure"
          text run at (62,0) width 512: "dolor in reprehenderit in voluptate velit esse cillum dolore eu fugiat nulla pariatur."
          text run at (80,0) width 546: "Excepteur sint occaecat cupidatat non proident, sunt in culpa qui officia deserunt mollit"
          text run at (98,0) width 128: "anim id est laborum."
      RenderBlock {DIV} at (602,0) size 50x50 [bgcolor=#0000FF]
      RenderBlock {P} at (668,0) size 116x569
        RenderText {#text} at (0,0) size 116x546
          text run at (0,0) width 513: "4 Lorem ipsum dolor sit amet, consectetur adipisicing elit, sed do eiusmod tempor"
          text run at (18,0) width 526: "incididunt ut labore et dolore magna aliqua. Ut enim ad minim veniam, quis nostrud"
          text run at (44,0) width 534: "exercitation ullamco laboris nisi ut aliquip ex ea commodo consequat. Duis aute irure"
          text run at (62,0) width 512: "dolor in reprehenderit in voluptate velit esse cillum dolore eu fugiat nulla pariatur."
          text run at (80,0) width 546: "Excepteur sint occaecat cupidatat non proident, sunt in culpa qui officia deserunt mollit"
          text run at (98,0) width 128: "anim id est laborum."
      RenderBlock {DIV} at (800,0) size 50x50 [bgcolor=#0000FF]
      RenderBlock {P} at (866,0) size 116x569
        RenderText {#text} at (0,0) size 116x546
          text run at (0,0) width 513: "5 Lorem ipsum dolor sit amet, consectetur adipisicing elit, sed do eiusmod tempor"
          text run at (26,0) width 526: "incididunt ut labore et dolore magna aliqua. Ut enim ad minim veniam, quis nostrud"
          text run at (44,0) width 534: "exercitation ullamco laboris nisi ut aliquip ex ea commodo consequat. Duis aute irure"
          text run at (62,0) width 512: "dolor in reprehenderit in voluptate velit esse cillum dolore eu fugiat nulla pariatur."
          text run at (80,0) width 546: "Excepteur sint occaecat cupidatat non proident, sunt in culpa qui officia deserunt mollit"
          text run at (98,0) width 128: "anim id est laborum."
      RenderBlock {DIV} at (998,0) size 50x50 [bgcolor=#0000FF]
      RenderBlock {P} at (1072,0) size 108x569
        RenderText {#text} at (0,0) size 108x546
          text run at (0,0) width 513: "6 Lorem ipsum dolor sit amet, consectetur adipisicing elit, sed do eiusmod tempor"
          text run at (18,0) width 526: "incididunt ut labore et dolore magna aliqua. Ut enim ad minim veniam, quis nostrud"
          text run at (36,0) width 534: "exercitation ullamco laboris nisi ut aliquip ex ea commodo consequat. Duis aute irure"
          text run at (54,0) width 512: "dolor in reprehenderit in voluptate velit esse cillum dolore eu fugiat nulla pariatur."
          text run at (72,0) width 546: "Excepteur sint occaecat cupidatat non proident, sunt in culpa qui officia deserunt mollit"
          text run at (90,0) width 128: "anim id est laborum."
      RenderBlock {DIV} at (1196,0) size 50x50 [bgcolor=#0000FF]
      RenderBlock {P} at (1252,0) size 108x569
        RenderText {#text} at (0,0) size 108x546
          text run at (0,0) width 513: "7 Lorem ipsum dolor sit amet, consectetur adipisicing elit, sed do eiusmod tempor"
          text run at (18,0) width 526: "incididunt ut labore et dolore magna aliqua. Ut enim ad minim veniam, quis nostrud"
          text run at (36,0) width 534: "exercitation ullamco laboris nisi ut aliquip ex ea commodo consequat. Duis aute irure"
          text run at (54,0) width 512: "dolor in reprehenderit in voluptate velit esse cillum dolore eu fugiat nulla pariatur."
          text run at (72,0) width 546: "Excepteur sint occaecat cupidatat non proident, sunt in culpa qui officia deserunt mollit"
          text run at (90,0) width 128: "anim id est laborum."
      RenderBlock {DIV} at (1376,0) size 50x50 [bgcolor=#0000FF]
      RenderBlock {P} at (1432,0) size 108x569
        RenderText {#text} at (0,0) size 108x546
          text run at (0,0) width 513: "8 Lorem ipsum dolor sit amet, consectetur adipisicing elit, sed do eiusmod tempor"
          text run at (18,0) width 526: "incididunt ut labore et dolore magna aliqua. Ut enim ad minim veniam, quis nostrud"
          text run at (36,0) width 534: "exercitation ullamco laboris nisi ut aliquip ex ea commodo consequat. Duis aute irure"
          text run at (54,0) width 512: "dolor in reprehenderit in voluptate velit esse cillum dolore eu fugiat nulla pariatur."
          text run at (72,0) width 546: "Excepteur sint occaecat cupidatat non proident, sunt in culpa qui officia deserunt mollit"
          text run at (90,0) width 128: "anim id est laborum."
