layer at (0,0) size 800x600
  RenderView at (0,0) size 800x600
layer at (0,0) size 800x232
  RenderBlock {HTML} at (0,0) size 800x232
    RenderBody {BODY} at (8,16) size 784x208
      RenderBlock {P} at (0,0) size 784x36
        RenderText {#text} at (0,0) size 624x18
          text run at (0,0) width 624: "The following box should contain exactly three bands, one yellow, one orange, and one lime, with "
        RenderInline {STRONG} at (0,0) size 740x36
          RenderText {#text} at (624,0) size 740x36
            text run at (624,0) width 116: "absolutely no red"
            text run at (0,18) width 42: "visible"
        RenderText {#text} at (42,18) size 4x18
          text run at (42,18) width 4: "."
      RenderTable {TABLE} at (0,52) size 106x156 [bgcolor=#FF0000] [border: (3px solid #000000)]
        RenderTableSection {TBODY} at (3,3) size 100x150
          RenderTableRow {TR} at (0,0) size 100x150
            RenderTableCell {TD} at (0,0) size 50x150 [r=0 c=0 rs=1 cs=1]
              RenderBlock (anonymous) at (0,0) size 50x0
                RenderInline {SPAN} at (0,0) size 0x0
              RenderBlock (anonymous) at (0,0) size 50x150
                RenderBlock {DIV} at (0,0) size 50x150 [bgcolor=#FFA500]
                  RenderBlock (anonymous) at (0,0) size 50x0
                    RenderInline {SPAN} at (0,0) size 0x0
                  RenderBlock (anonymous) at (0,0) size 50x50
                    RenderBlock {DIV} at (0,0) size 50x50 [bgcolor=#FF0000]
                      RenderBlock (anonymous) at (0,0) size 50x0
                        RenderInline {SPAN} at (0,0) size 0x0
                      RenderBlock (anonymous) at (0,0) size 50x50
                        RenderBlock {DIV} at (0,0) size 50x50 [bgcolor=#FFFF00]
                      RenderBlock (anonymous) at (0,100) size 50x0
                        RenderInline {SPAN} at (0,0) size 0x0
                        RenderText {#text} at (0,0) size 0x0
                  RenderBlock (anonymous) at (0,100) size 50x0
                    RenderInline {SPAN} at (0,0) size 0x0
                    RenderText {#text} at (0,0) size 0x0
                    RenderInline {SPAN} at (0,0) size 0x0
                  RenderBlock (anonymous) at (0,100) size 50x50
                    RenderBlock {DIV} at (0,0) size 50x50 [bgcolor=#00FF00]
                  RenderBlock (anonymous) at (0,150) size 50x0
                    RenderInline {SPAN} at (0,0) size 0x0
                    RenderText {#text} at (0,0) size 0x0
              RenderBlock (anonymous) at (0,150) size 50x0
                RenderInline {SPAN} at (0,0) size 0x0
                RenderText {#text} at (0,0) size 0x0
            RenderTableCell {TD} at (50,0) size 50x150 [r=0 c=1 rs=1 cs=1]
              RenderBlock {DIV} at (0,0) size 50x50 [border: (50px solid #FFFF00) none]
              RenderBlock {DIV} at (0,50) size 50x50 [border: (50px solid #FFA500) none]
              RenderBlock {DIV} at (0,100) size 50x50 [border: (50px solid #00FF00) none]
