layer at (0,0) size 800x600
  RenderView at (0,0) size 800x600
layer at (0,0) size 800x600
  RenderBlock {HTML} at (0,0) size 800x600
    RenderBody {BODY} at (8,8) size 784x584
      RenderBlock {INPUT} at (0,0) size 81x28 [bgcolor=#FFFFFF] [border: (2px inset #000000)]
      RenderText {#text} at (80,11) size 5x17
        text run at (80,11) width 5: " "
      RenderBlock {INPUT} at (84,0) size 81x28 [bgcolor=#FFFFFF] [border: (2px inset #000000)]
      RenderText {#text} at (0,0) size 0x0
layer at (11,11) size 74x22
  RenderBlock {DIV} at (3,3) size 75x22
    RenderBlock {DIV} at (1,1) size 73x20
      RenderBlock {DIV} at (0,0) size 20x20
        RenderText {#text} at (1,1) size 18x17
          text run at (1,1) width 18: "09"
      RenderInline {DIV} at (0,0) size 6x17
        RenderText {#text} at (19,1) size 6x17
          text run at (19,1) width 6: ":"
      RenderBlock {DIV} at (24,0) size 21x20
        RenderText {#text} at (1,1) size 18x17
          text run at (1,1) width 18: "41"
      RenderInline {DIV} at (0,0) size 5x17
        RenderText {#text} at (43,1) size 5x17
          text run at (43,1) width 5: " "
      RenderBlock {DIV} at (46,0) size 27x20
        RenderText {#text} at (1,1) size 24x17
          text run at (1,1) width 24: "AM"
layer at (95,11) size 74x22
  RenderBlock {DIV} at (3,3) size 75x22
    RenderBlock {DIV} at (1,1) size 73x20
      RenderBlock {DIV} at (52,0) size 21x20
        RenderText {#text} at (1,1) size 18x17
          text run at (1,1) width 18: "09"
      RenderInline {DIV} at (0,0) size 5x17
        RenderText {#text} at (48,1) size 5x17
          text run at (48,1) width 5 RTL: ":"
      RenderBlock {DIV} at (28,0) size 21x20
        RenderText {#text} at (1,1) size 18x17
          text run at (1,1) width 18: "41"
      RenderInline {DIV} at (0,0) size 5x17
        RenderText {#text} at (25,1) size 5x17
          text run at (25,1) width 5 RTL: " "
      RenderBlock {DIV} at (0,0) size 26x20
        RenderText {#text} at (1,1) size 24x17
          text run at (1,1) width 24: "AM"
