EDITING DELEGATE: shouldBeginEditingInDOMRange:range from 0 of DIV > BODY > HTML > #document to 3 of DIV > BODY > HTML > #document
EDITING DELEGATE: webViewDidBeginEditing:WebViewDidBeginEditingNotification
EDITING DELEGATE: webViewDidChangeSelection:WebViewDidChangeSelectionNotification
EDITING DELEGATE: webViewDidChangeSelection:WebViewDidChangeSelectionNotification
EDITING DELEGATE: webViewDidChangeSelection:WebViewDidChangeSelectionNotification
EDITING DELEGATE: webViewDidChangeSelection:WebViewDidChangeSelectionNotification
EDITING DELEGATE: webViewDidChangeSelection:WebViewDidChangeSelectionNotification
EDITING DELEGATE: webViewDidChangeSelection:WebViewDidChangeSelectionNotification
EDITING DELEGATE: webViewDidChangeSelection:WebViewDidChangeSelectionNotification
EDITING DELEGATE: webViewDidChangeSelection:WebViewDidChangeSelectionNotification
EDITING DELEGATE: webViewDidChangeSelection:WebViewDidChangeSelectionNotification
EDITING DELEGATE: webViewDidChangeSelection:WebViewDidChangeSelectionNotification
layer at (0,0) size 800x600
  RenderView at (0,0) size 800x600
layer at (0,0) size 800x600
  RenderBlock {HTML} at (0,0) size 800x600
    RenderBody {BODY} at (8,8) size 784x584
      RenderBlock (anonymous) at (0,0) size 784x37
        RenderText {#text} at (0,1) size 369x18
          text run at (0,1) width 369: "The selection range in the red box should look like this:   "
        RenderInline {SPAN} at (0,0) size 110x18 [bgcolor=#AFDAFF]
          RenderText {#text} at (368,1) size 110x18
            text run at (368,1) width 27: "abc "
            text run at (423,1) width 9: "1"
            text run at (447,1) width 31 RTL: "\x{5D0}\x{5D1}\x{5D2} "
        RenderText {#text} at (394,1) size 112x18
          text run at (394,1) width 30 RTL: " \x{5D3}\x{5D4}\x{5D5}"
          text run at (431,1) width 17: "23"
          text run at (477,1) width 29: " def "
        RenderBR {BR} at (505,15) size 1x0
        RenderBR {BR} at (0,19) size 0x18
      RenderBlock {DIV} at (0,37) size 784x57 [border: (2px solid #FF0000)]
        RenderInline {SPAN} at (0,0) size 200x28
          RenderText {#text} at (14,15) size 200x28
            text run at (14,15) width 40: "abc "
            text run at (53,15) width 44 RTL: " \x{5D3}\x{5D4}\x{5D5}"
            text run at (96,15) width 37: "123"
            text run at (132,15) width 46 RTL: "\x{5D0}\x{5D1}\x{5D2} "
            text run at (177,15) width 37: " def"
        RenderText {#text} at (0,0) size 0x0
selection start: position 0 of child 0 {#text} of child 1 {SPAN} of child 6 {DIV} of body
selection end:   position 9 of child 0 {#text} of child 1 {SPAN} of child 6 {DIV} of body
