layer at (0,0) size 785x2290
  RenderView at (0,0) size 785x600
layer at (0,0) size 785x2290
  RenderBlock {HTML} at (0,0) size 785x2290
    RenderBody {BODY} at (8,8) size 769x2274
      RenderBlock (anonymous) at (0,0) size 769x18
        RenderText {#text} at (0,0) size 328x18
          text run at (0,0) width 328: "fixed width table with 100px width image in 1st cell"
      RenderTable {TABLE} at (0,18) size 500x110 [bgcolor=#FFA500] [border: (1px outset #808080)]
        RenderTableSection {TBODY} at (1,1) size 498x108
          RenderTableRow {TR} at (0,2) size 498x104
            RenderTableCell {TD} at (2,2) size 104x104 [border: (1px inset #808080)] [r=0 c=0 rs=1 cs=1]
              RenderImage {IMG} at (2,2) size 100x100
            RenderTableCell {TD} at (108,25) size 388x58 [border: (1px inset #808080)] [r=0 c=1 rs=1 cs=1]
              RenderText {#text} at (2,2) size 383x54
                text run at (2,2) width 373: "a bunch of text, a bunch of text, a bunch of text, a bunch of"
                text run at (2,20) width 27: "text "
                text run at (29,20) width 356: "a bunch of text, a bunch of text, a bunch of text, a bunch"
                text run at (2,38) width 40: "of text"
      RenderBlock (anonymous) at (0,128) size 769x36
        RenderBR {BR} at (0,0) size 0x18
        RenderText {#text} at (0,18) size 320x18
          text run at (0,18) width 320: "fixed width table with 100px width table in 1st cell"
      RenderTable {TABLE} at (0,164) size 500x64 [bgcolor=#FFA500] [border: (1px outset #808080)]
        RenderTableSection {TBODY} at (1,1) size 498x62
          RenderTableRow {TR} at (0,2) size 498x58
            RenderTableCell {TD} at (2,17) size 104x28 [border: (1px inset #808080)] [r=0 c=0 rs=1 cs=1]
              RenderTable {TABLE} at (2,2) size 100x24
                RenderTableSection {TBODY} at (0,0) size 100x24
                  RenderTableRow {TR} at (0,2) size 100x20
                    RenderTableCell {TD} at (2,2) size 96x20 [r=0 c=0 rs=1 cs=1]
                      RenderText {#text} at (1,1) size 21x18
                        text run at (1,1) width 21: "foo"
            RenderTableCell {TD} at (108,2) size 388x58 [border: (1px inset #808080)] [r=0 c=1 rs=1 cs=1]
              RenderText {#text} at (2,2) size 383x54
                text run at (2,2) width 373: "a bunch of text, a bunch of text, a bunch of text, a bunch of"
                text run at (2,20) width 27: "text "
                text run at (29,20) width 356: "a bunch of text, a bunch of text, a bunch of text, a bunch"
                text run at (2,38) width 40: "of text"
      RenderBlock (anonymous) at (0,228) size 769x36
        RenderBR {BR} at (0,0) size 0x18
        RenderText {#text} at (0,18) size 323x18
          text run at (0,18) width 323: "auto width table with 100px width image in 1st cell"
      RenderTable {TABLE} at (0,264) size 769x110 [bgcolor=#FFA500] [border: (1px outset #808080)]
        RenderTableSection {TBODY} at (1,1) size 767x108
          RenderTableRow {TR} at (0,2) size 767x104
            RenderTableCell {TD} at (2,2) size 104x104 [border: (1px inset #808080)] [r=0 c=0 rs=1 cs=1]
              RenderImage {IMG} at (2,2) size 100x100
            RenderTableCell {TD} at (108,34) size 657x40 [border: (1px inset #808080)] [r=0 c=1 rs=1 cs=1]
              RenderText {#text} at (2,2) size 615x36
                text run at (2,2) width 404: "a bunch of text, a bunch of text, a bunch of text, a bunch of text "
                text run at (406,2) width 211: "a bunch of text, a bunch of text, a"
                text run at (2,20) width 185: "bunch of text, a bunch of text"
      RenderBlock (anonymous) at (0,374) size 769x36
        RenderBR {BR} at (0,0) size 0x18
        RenderText {#text} at (0,18) size 382x18
          text run at (0,18) width 382: "fixed width table with 100px width 1st cell containing image"
      RenderTable {TABLE} at (0,410) size 500x110 [bgcolor=#FFA500] [border: (1px outset #808080)]
        RenderTableSection {TBODY} at (1,1) size 498x108
          RenderTableRow {TR} at (0,2) size 498x104
            RenderTableCell {TD} at (2,2) size 104x104 [border: (1px inset #808080)] [r=0 c=0 rs=1 cs=1]
              RenderImage {IMG} at (2,2) size 100x100
            RenderTableCell {TD} at (108,25) size 388x58 [border: (1px inset #808080)] [r=0 c=1 rs=1 cs=1]
              RenderText {#text} at (2,2) size 383x54
                text run at (2,2) width 373: "a bunch of text, a bunch of text, a bunch of text, a bunch of"
                text run at (2,20) width 27: "text "
                text run at (29,20) width 356: "a bunch of text, a bunch of text, a bunch of text, a bunch"
                text run at (2,38) width 40: "of text"
      RenderBlock (anonymous) at (0,520) size 769x36
        RenderBR {BR} at (0,0) size 0x18
        RenderText {#text} at (0,18) size 377x18
          text run at (0,18) width 377: "auto width table with 100px width 1st cell containing image"
      RenderTable {TABLE} at (0,556) size 769x110 [bgcolor=#FFA500] [border: (1px outset #808080)]
        RenderTableSection {TBODY} at (1,1) size 767x108
          RenderTableRow {TR} at (0,2) size 767x104
            RenderTableCell {TD} at (2,2) size 104x104 [border: (1px inset #808080)] [r=0 c=0 rs=1 cs=1]
              RenderImage {IMG} at (2,2) size 100x100
            RenderTableCell {TD} at (108,34) size 657x40 [border: (1px inset #808080)] [r=0 c=1 rs=1 cs=1]
              RenderText {#text} at (2,2) size 615x36
                text run at (2,2) width 404: "a bunch of text, a bunch of text, a bunch of text, a bunch of text "
                text run at (406,2) width 211: "a bunch of text, a bunch of text, a"
                text run at (2,20) width 185: "bunch of text, a bunch of text"
      RenderBlock (anonymous) at (0,666) size 769x36
        RenderBR {BR} at (0,0) size 0x18
        RenderText {#text} at (0,18) size 325x18
          text run at (0,18) width 325: "small fixed width table with 100px image in 1st cell"
      RenderTable {TABLE} at (0,702) size 155x460 [bgcolor=#FFA500] [border: (1px outset #808080)]
        RenderTableSection {TBODY} at (1,1) size 153x458
          RenderTableRow {TR} at (0,2) size 153x454
            RenderTableCell {TD} at (2,177) size 104x104 [border: (1px inset #808080)] [r=0 c=0 rs=1 cs=1]
              RenderImage {IMG} at (2,2) size 100x100
            RenderTableCell {TD} at (108,2) size 43x454 [border: (1px inset #808080)] [r=0 c=1 rs=1 cs=1]
              RenderText {#text} at (2,2) size 39x450
                text run at (2,2) width 7: "a"
                text run at (2,20) width 39: "bunch"
                text run at (2,38) width 13: "of"
                text run at (2,56) width 38: "text, a"
                text run at (2,74) width 39: "bunch"
                text run at (2,92) width 13: "of"
                text run at (2,110) width 38: "text, a"
                text run at (2,128) width 39: "bunch"
                text run at (2,146) width 13: "of"
                text run at (2,164) width 38: "text, a"
                text run at (2,182) width 39: "bunch"
                text run at (2,200) width 13: "of"
                text run at (2,218) width 27: "text "
                text run at (29,218) width 7: "a"
                text run at (2,236) width 39: "bunch"
                text run at (2,254) width 13: "of"
                text run at (2,272) width 38: "text, a"
                text run at (2,290) width 39: "bunch"
                text run at (2,308) width 13: "of"
                text run at (2,326) width 38: "text, a"
                text run at (2,344) width 39: "bunch"
                text run at (2,362) width 13: "of"
                text run at (2,380) width 38: "text, a"
                text run at (2,398) width 39: "bunch"
                text run at (2,416) width 13: "of"
                text run at (2,434) width 23: "text"
      RenderBlock (anonymous) at (0,1162) size 769x36
        RenderBR {BR} at (0,0) size 0x18
        RenderText {#text} at (0,18) size 487x18
          text run at (0,18) width 487: "fixed width table with 100px image in 1st cell, 100px 2nd cell containing text"
      RenderTable {TABLE} at (0,1198) size 500x154 [bgcolor=#FFA500] [border: (1px outset #808080)]
        RenderTableSection {TBODY} at (1,1) size 498x152
          RenderTableRow {TR} at (0,2) size 498x148
            RenderTableCell {TD} at (2,24) size 388x104 [border: (1px inset #808080)] [r=0 c=0 rs=1 cs=1]
              RenderImage {IMG} at (2,2) size 100x100
            RenderTableCell {TD} at (392,2) size 104x148 [border: (1px inset #808080)] [r=0 c=1 rs=1 cs=1]
              RenderText {#text} at (2,2) size 98x144
                text run at (2,2) width 98: "a bunch of text,"
                text run at (2,20) width 98: "a bunch of text,"
                text run at (2,38) width 98: "a bunch of text,"
                text run at (2,56) width 94: "a bunch of text"
                text run at (2,74) width 98: "a bunch of text,"
                text run at (2,92) width 98: "a bunch of text,"
                text run at (2,110) width 98: "a bunch of text,"
                text run at (2,128) width 94: "a bunch of text"
      RenderBlock (anonymous) at (0,1352) size 769x54
        RenderBR {BR} at (0,0) size 0x18
        RenderText {#text} at (0,18) size 747x36
          text run at (0,18) width 747: "auto width table with 100px image in 1st cell, 100px 2nd cell containing text. This differs from Nav4.5 but is similar to"
          text run at (0,36) width 23: "IE5"
      RenderTable {TABLE} at (0,1406) size 216x154 [bgcolor=#FFA500] [border: (1px outset #808080)]
        RenderTableSection {TBODY} at (1,1) size 214x152
          RenderTableRow {TR} at (0,2) size 214x148
            RenderTableCell {TD} at (2,24) size 104x104 [border: (1px inset #808080)] [r=0 c=0 rs=1 cs=1]
              RenderImage {IMG} at (2,2) size 100x100
            RenderTableCell {TD} at (108,2) size 104x148 [border: (1px inset #808080)] [r=0 c=1 rs=1 cs=1]
              RenderText {#text} at (2,2) size 98x144
                text run at (2,2) width 98: "a bunch of text,"
                text run at (2,20) width 98: "a bunch of text,"
                text run at (2,38) width 98: "a bunch of text,"
                text run at (2,56) width 94: "a bunch of text"
                text run at (2,74) width 98: "a bunch of text,"
                text run at (2,92) width 98: "a bunch of text,"
                text run at (2,110) width 98: "a bunch of text,"
                text run at (2,128) width 94: "a bunch of text"
      RenderBlock (anonymous) at (0,1560) size 769x36
        RenderBR {BR} at (0,0) size 0x18
        RenderText {#text} at (0,18) size 526x18
          text run at (0,18) width 526: "Fixed width table with colspan=2 in 1st row, 2nd row containing 100px image, text"
      RenderTable {TABLE} at (0,1596) size 500x134 [bgcolor=#FFA500] [border: (1px outset #808080)]
        RenderTableSection {TBODY} at (1,1) size 498x132
          RenderTableRow {TR} at (0,2) size 498x22
            RenderTableCell {TD} at (2,2) size 494x22 [border: (1px inset #808080)] [r=0 c=0 rs=1 cs=2]
              RenderText {#text} at (2,2) size 381x18
                text run at (2,2) width 381: "hello hello hello hello hello hello hello hello hello hello hello"
          RenderTableRow {TR} at (0,26) size 498x104
            RenderTableCell {TD} at (2,26) size 104x104 [border: (1px inset #808080)] [r=1 c=0 rs=1 cs=1]
              RenderImage {IMG} at (2,2) size 100x100
            RenderTableCell {TD} at (108,58) size 388x40 [border: (1px inset #808080)] [r=1 c=1 rs=1 cs=1]
              RenderText {#text} at (2,2) size 381x36
                text run at (2,2) width 381: "there there there there there there there there there there there"
                text run at (2,20) width 31: "there"
      RenderBlock (anonymous) at (0,1730) size 769x36
        RenderBR {BR} at (0,0) size 0x18
        RenderText {#text} at (0,18) size 522x18
          text run at (0,18) width 522: "Auto width table with colspan=2 in 1st row, 2nd row containing 100px image, text"
      RenderTable {TABLE} at (0,1766) size 532x134 [bgcolor=#FFA500] [border: (1px outset #808080)]
        RenderTableSection {TBODY} at (1,1) size 530x132
          RenderTableRow {TR} at (0,2) size 530x22
            RenderTableCell {TD} at (2,2) size 526x22 [border: (1px inset #808080)] [r=0 c=0 rs=1 cs=2]
              RenderText {#text} at (2,2) size 381x18
                text run at (2,2) width 381: "hello hello hello hello hello hello hello hello hello hello hello"
          RenderTableRow {TR} at (0,26) size 530x104
            RenderTableCell {TD} at (2,26) size 104x104 [border: (1px inset #808080)] [r=1 c=0 rs=1 cs=1]
              RenderImage {IMG} at (2,2) size 100x100
            RenderTableCell {TD} at (108,67) size 420x22 [border: (1px inset #808080)] [r=1 c=1 rs=1 cs=1]
              RenderText {#text} at (2,2) size 416x18
                text run at (2,2) width 416: "there there there there there there there there there there there there"
      RenderBlock (anonymous) at (0,1900) size 769x36
        RenderBR {BR} at (0,0) size 0x18
        RenderText {#text} at (0,18) size 569x18
          text run at (0,18) width 569: "Fixed width table with colspan=2 in 1st row, 2nd row containing 100px image, 100px cell"
      RenderTable {TABLE} at (0,1936) size 500x142 [bgcolor=#FFA500] [border: (1px outset #808080)]
        RenderTableSection {TBODY} at (1,1) size 498x140
          RenderTableRow {TR} at (0,2) size 498x22
            RenderTableCell {TD} at (2,2) size 494x22 [border: (1px inset #808080)] [r=0 c=0 rs=1 cs=2]
              RenderText {#text} at (2,2) size 381x18
                text run at (2,2) width 381: "hello hello hello hello hello hello hello hello hello hello hello"
          RenderTableRow {TR} at (0,26) size 498x112
            RenderTableCell {TD} at (2,30) size 388x104 [border: (1px inset #808080)] [r=1 c=0 rs=1 cs=1]
              RenderImage {IMG} at (2,2) size 100x100
            RenderTableCell {TD} at (392,26) size 104x112 [border: (1px inset #808080)] [r=1 c=1 rs=1 cs=1]
              RenderText {#text} at (2,2) size 66x108
                text run at (2,2) width 66: "there there"
                text run at (2,20) width 66: "there there"
                text run at (2,38) width 66: "there there"
                text run at (2,56) width 66: "there there"
                text run at (2,74) width 66: "there there"
                text run at (2,92) width 66: "there there"
      RenderBlock (anonymous) at (0,2078) size 769x36
        RenderBR {BR} at (0,0) size 0x18
        RenderText {#text} at (0,18) size 565x18
          text run at (0,18) width 565: "Auto width table with colspan=2 in 1st row, 2nd row containing 100px image, 100px cell"
      RenderTable {TABLE} at (0,2114) size 391x142 [bgcolor=#FFA500] [border: (1px outset #808080)]
        RenderTableSection {TBODY} at (1,1) size 389x140
          RenderTableRow {TR} at (0,2) size 389x22
            RenderTableCell {TD} at (2,2) size 385x22 [border: (1px inset #808080)] [r=0 c=0 rs=1 cs=2]
              RenderText {#text} at (2,2) size 381x18
                text run at (2,2) width 381: "hello hello hello hello hello hello hello hello hello hello hello"
          RenderTableRow {TR} at (0,26) size 389x112
            RenderTableCell {TD} at (2,30) size 279x104 [border: (1px inset #808080)] [r=1 c=0 rs=1 cs=1]
              RenderImage {IMG} at (2,2) size 100x100
            RenderTableCell {TD} at (283,26) size 104x112 [border: (1px inset #808080)] [r=1 c=1 rs=1 cs=1]
              RenderText {#text} at (2,2) size 66x108
                text run at (2,2) width 66: "there there"
                text run at (2,20) width 66: "there there"
                text run at (2,38) width 66: "there there"
                text run at (2,56) width 66: "there there"
                text run at (2,74) width 66: "there there"
                text run at (2,92) width 66: "there there"
      RenderBlock (anonymous) at (0,2256) size 769x18
        RenderBR {BR} at (0,0) size 0x18
