layer at (0,0) size 800x600
  RenderView at (0,0) size 800x600
layer at (0,0) size 800x600
  RenderBlock {HTML} at (0,0) size 800x600
    RenderBody {BODY} at (8,8) size 784x584
      RenderBlock (anonymous) at (0,0) size 784x18
        RenderText {#text} at (0,0) size 265x18
          text run at (0,0) width 265: "This table should have cell spacing of 2px"
      RenderTable {TABLE} at (0,18) size 100x56 [border: (1px outset #808080)]
        RenderTableSection {TBODY} at (1,1) size 98x54
          RenderTableRow {TR} at (0,2) size 98x26
            RenderTableCell {TD} at (2,2) size 44x26 [border: (3px inset #000000)] [r=0 c=0 rs=1 cs=1]
              RenderText {#text} at (4,4) size 36x18
                text run at (4,4) width 36: "AAA"
            RenderTableCell {TD} at (48,4) size 48x22 [border: (1px inset #808080)] [r=0 c=1 rs=1 cs=1]
              RenderText {#text} at (2,2) size 44x18
                text run at (2,2) width 44: "BBBB"
          RenderTableRow {TR} at (0,30) size 98x22
            RenderTableCell {TD} at (2,30) size 44x22 [border: (1px inset #808080)] [r=1 c=0 rs=1 cs=1]
              RenderText {#text} at (2,2) size 36x18
                text run at (2,2) width 36: "AAA"
            RenderTableCell {TD} at (48,30) size 48x22 [border: (1px inset #808080)] [r=1 c=1 rs=1 cs=1]
              RenderText {#text} at (2,2) size 44x18
                text run at (2,2) width 44: "BBBB"
      RenderBlock (anonymous) at (0,74) size 784x36
        RenderBR {BR} at (0,0) size 0x18
        RenderText {#text} at (0,18) size 265x18
          text run at (0,18) width 265: "This table should have cell spacing of 5px"
      RenderTable {TABLE} at (0,110) size 105x61 [border: (1px outset #808080)]
        RenderTableSection {TBODY} at (1,1) size 103x59
          RenderTableRow {TR} at (0,5) size 103x22
            RenderTableCell {TD} at (5,5) size 40x22 [border: (1px inset #808080)] [r=0 c=0 rs=1 cs=1]
              RenderText {#text} at (2,2) size 36x18
                text run at (2,2) width 36: "AAA"
            RenderTableCell {TD} at (50,5) size 48x22 [border: (1px inset #808080)] [r=0 c=1 rs=1 cs=1]
              RenderText {#text} at (2,2) size 44x18
                text run at (2,2) width 44: "BBBB"
          RenderTableRow {TR} at (0,32) size 103x22
            RenderTableCell {TD} at (5,32) size 40x22 [border: (1px inset #808080)] [r=1 c=0 rs=1 cs=1]
              RenderText {#text} at (2,2) size 36x18
                text run at (2,2) width 36: "AAA"
            RenderTableCell {TD} at (50,32) size 48x22 [border: (1px inset #808080)] [r=1 c=1 rs=1 cs=1]
              RenderText {#text} at (2,2) size 44x18
                text run at (2,2) width 44: "BBBB"
      RenderBlock (anonymous) at (0,171) size 784x36
        RenderBR {BR} at (0,0) size 0x18
        RenderText {#text} at (0,18) size 398x18
          text run at (0,18) width 398: "This table should have cell spacingX of 5px, spacingY of 10px"
      RenderTable {TABLE} at (0,207) size 105x76 [border: (1px outset #808080)]
        RenderTableSection {TBODY} at (1,1) size 103x74
          RenderTableRow {TR} at (0,10) size 103x22
            RenderTableCell {TD} at (5,10) size 40x22 [border: (1px inset #808080)] [r=0 c=0 rs=1 cs=1]
              RenderText {#text} at (2,2) size 36x18
                text run at (2,2) width 36: "AAA"
            RenderTableCell {TD} at (50,10) size 48x22 [border: (1px inset #808080)] [r=0 c=1 rs=1 cs=1]
              RenderText {#text} at (2,2) size 44x18
                text run at (2,2) width 44: "BBBB"
          RenderTableRow {TR} at (0,42) size 103x22
            RenderTableCell {TD} at (5,42) size 40x22 [border: (1px inset #808080)] [r=1 c=0 rs=1 cs=1]
              RenderText {#text} at (2,2) size 36x18
                text run at (2,2) width 36: "AAA"
            RenderTableCell {TD} at (50,42) size 48x22 [border: (1px inset #808080)] [r=1 c=1 rs=1 cs=1]
              RenderText {#text} at (2,2) size 44x18
                text run at (2,2) width 44: "BBBB"
      RenderBlock (anonymous) at (0,283) size 784x36
        RenderBR {BR} at (0,0) size 0x18
        RenderText {#text} at (0,18) size 398x18
          text run at (0,18) width 398: "This table should have cell spacingX of 5px, spacingY of 10px"
      RenderTable {TABLE} at (0,319) size 105x76 [border: (1px outset #808080)]
        RenderTableSection {TBODY} at (1,1) size 103x74
          RenderTableRow {TR} at (0,10) size 103x22
            RenderTableCell {TD} at (5,10) size 40x22 [border: (1px inset #808080)] [r=0 c=0 rs=1 cs=1]
              RenderText {#text} at (2,2) size 36x18
                text run at (2,2) width 36: "AAA"
            RenderTableCell {TD} at (50,10) size 48x22 [border: (1px inset #808080)] [r=0 c=1 rs=1 cs=1]
              RenderText {#text} at (2,2) size 44x18
                text run at (2,2) width 44: "BBBB"
          RenderTableRow {TR} at (0,42) size 103x22
            RenderTableCell {TD} at (5,42) size 40x22 [border: (1px inset #808080)] [r=1 c=0 rs=1 cs=1]
              RenderText {#text} at (2,2) size 36x18
                text run at (2,2) width 36: "AAA"
            RenderTableCell {TD} at (50,42) size 48x22 [border: (1px inset #808080)] [r=1 c=1 rs=1 cs=1]
              RenderText {#text} at (2,2) size 44x18
                text run at (2,2) width 44: "BBBB"
