layer at (0,0) size 785x812
  RenderView at (0,0) size 785x600
layer at (0,0) size 785x812
  RenderBlock {HTML} at (0,0) size 785x812
    RenderBody {BODY} at (8,8) size 769x796
      RenderBlock (anonymous) at (0,0) size 769x18
        RenderText {#text} at (0,0) size 4x18
          text run at (0,0) width 4: " "
      RenderTable {TABLE} at (0,18) size 769x724 [bgcolor=#FFFFCC] [border: (1px outset #808080)]
        RenderTableSection {TBODY} at (1,1) size 767x722
          RenderTableRow {TR} at (0,2) size 767x22
            RenderTableCell {TD} at (2,2) size 615x22 [border: (1px inset #808080)] [r=0 c=0 rs=1 cs=1]
              RenderText {#text} at (2,2) size 53x18
                text run at (2,2) width 53: "Cell one"
            RenderTableCell {TD} at (618,2) size 73x22 [border: (1px inset #808080)] [r=0 c=1 rs=1 cs=1]
              RenderText {#text} at (2,2) size 34x18
                text run at (2,2) width 34: "Cell2"
            RenderTableCell {TD} at (692,2) size 74x22 [border: (1px inset #808080)] [r=0 c=2 rs=1 cs=1]
              RenderText {#text} at (2,2) size 38x18
                text run at (2,2) width 38: "Cell 3"
          RenderTableRow {TR} at (0,26) size 767x22
            RenderTableCell {TD} at (2,26) size 615x22 [border: (1px inset #808080)] [r=1 c=0 rs=1 cs=1]
              RenderText {#text} at (2,2) size 38x18
                text run at (2,2) width 38: "Cell 4"
            RenderTableCell {TD} at (618,26) size 73x22 [border: (1px inset #808080)] [r=1 c=1 rs=1 cs=1]
              RenderText {#text} at (2,2) size 38x18
                text run at (2,2) width 38: "Cell 5"
            RenderTableCell {TD} at (692,26) size 74x22 [border: (1px inset #808080)] [r=1 c=2 rs=1 cs=1]
              RenderText {#text} at (2,2) size 38x18
                text run at (2,2) width 38: "Cell 6"
          RenderTableRow {TR} at (0,50) size 767x670
            RenderTableCell {TD} at (2,50) size 615x670 [border: (1px inset #808080)] [r=2 c=0 rs=1 cs=1]
              RenderTable {TABLE} at (2,2) size 611x648 [bgcolor=#DDDDDD] [border: (1px outset #808080)]
                RenderTableSection {TBODY} at (1,1) size 609x646
                  RenderTableRow {TR} at (0,2) size 609x22
                    RenderTableCell {TD} at (2,2) size 22x22 [border: (1px inset #808080)] [r=0 c=0 rs=1 cs=1]
                      RenderText {#text} at (2,2) size 8x18
                        text run at (2,2) width 8: "1"
                    RenderTableCell {TD} at (25,2) size 559x22 [border: (1px inset #808080)] [r=0 c=1 rs=1 cs=1]
                      RenderText {#text} at (2,2) size 8x18
                        text run at (2,2) width 8: "2"
                    RenderTableCell {TD} at (585,2) size 22x22 [border: (1px inset #808080)] [r=0 c=2 rs=1 cs=1]
                      RenderText {#text} at (2,2) size 8x18
                        text run at (2,2) width 8: "3"
                  RenderTableRow {TR} at (0,26) size 609x594
                    RenderTableCell {TD} at (2,312) size 22x22 [border: (1px inset #808080)] [r=1 c=0 rs=1 cs=1]
                      RenderText {#text} at (2,2) size 8x18
                        text run at (2,2) width 8: "4"
                    RenderTableCell {TD} at (25,26) size 559x594 [border: (1px inset #808080)] [r=1 c=1 rs=1 cs=1]
                      RenderTable {TABLE} at (2,2) size 554x572 [bgcolor=#66FFFF] [border: (1px outset #808080)]
                        RenderTableSection {TBODY} at (1,1) size 552x570
                          RenderTableRow {TR} at (0,2) size 552x518
                            RenderTableCell {TD} at (2,250) size 22x22 [border: (1px inset #808080)] [r=0 c=0 rs=1 cs=1]
                              RenderText {#text} at (2,2) size 8x18
                                text run at (2,2) width 8: "1"
                            RenderTableCell {TD} at (25,2) size 502x518 [border: (1px inset #808080)] [r=0 c=1 rs=1 cs=1]
                              RenderTable {TABLE} at (2,2) size 498x496 [bgcolor=#FF0000] [border: (1px outset #808080)]
                                RenderTableSection {TBODY} at (1,1) size 496x494
                                  RenderTableRow {TR} at (0,2) size 496x22
                                    RenderTableCell {TD} at (2,2) size 23x22 [border: (1px inset #808080)] [r=0 c=0 rs=1 cs=1]
                                      RenderText {#text} at (2,2) size 8x18
                                        text run at (2,2) width 8: "1"
                                    RenderTableCell {TD} at (26,2) size 23x22 [border: (1px inset #808080)] [r=0 c=1 rs=1 cs=1]
                                      RenderText {#text} at (2,2) size 8x18
                                        text run at (2,2) width 8: "2"
                                    RenderTableCell {TD} at (50,2) size 395x22 [border: (1px inset #808080)] [r=0 c=2 rs=1 cs=1]
                                      RenderText {#text} at (2,2) size 8x18
                                        text run at (2,2) width 8: "3"
                                    RenderTableCell {TD} at (446,2) size 23x22 [border: (1px inset #808080)] [r=0 c=3 rs=1 cs=1]
                                      RenderText {#text} at (2,2) size 8x18
                                        text run at (2,2) width 8: "4"
                                    RenderTableCell {TD} at (470,2) size 24x22 [border: (1px inset #808080)] [r=0 c=4 rs=1 cs=1]
                                      RenderText {#text} at (2,2) size 8x18
                                        text run at (2,2) width 8: "5"
                                  RenderTableRow {TR} at (0,26) size 496x394
                                    RenderTableCell {TD} at (2,212) size 23x22 [border: (1px inset #808080)] [r=1 c=0 rs=1 cs=1]
                                      RenderText {#text} at (2,2) size 8x18
                                        text run at (2,2) width 8: "6"
                                    RenderTableCell {TD} at (26,212) size 23x22 [border: (1px inset #808080)] [r=1 c=1 rs=1 cs=1]
                                      RenderText {#text} at (2,2) size 8x18
                                        text run at (2,2) width 8: "7"
                                    RenderTableCell {TD} at (50,26) size 395x394 [border: (1px inset #808080)] [r=1 c=2 rs=1 cs=1]
                                      RenderTable {TABLE} at (2,2) size 391x372 [bgcolor=#66FF99] [border: (1px outset #808080)]
                                        RenderTableSection {TBODY} at (1,1) size 389x370
                                          RenderTableRow {TR} at (0,2) size 389x22
                                            RenderTableCell {TD} at (2,2) size 24x22 [border: (1px inset #808080)] [r=0 c=0 rs=1 cs=1]
                                              RenderText {#text} at (2,2) size 7x18
                                                text run at (2,2) width 7: "a"
                                            RenderTableCell {TD} at (27,2) size 24x22 [border: (1px inset #808080)] [r=0 c=1 rs=1 cs=1]
                                              RenderText {#text} at (2,2) size 8x18
                                                text run at (2,2) width 8: "b"
                                            RenderTableCell {TD} at (52,2) size 285x22 [border: (1px inset #808080)] [r=0 c=2 rs=1 cs=1]
                                              RenderText {#text} at (2,2) size 7x18
                                                text run at (2,2) width 7: "c"
                                            RenderTableCell {TD} at (338,2) size 24x22 [border: (1px inset #808080)] [r=0 c=3 rs=1 cs=1]
                                              RenderText {#text} at (2,2) size 8x18
                                                text run at (2,2) width 8: "d"
                                            RenderTableCell {TD} at (363,2) size 24x22 [border: (1px inset #808080)] [r=0 c=4 rs=1 cs=1]
                                              RenderText {#text} at (2,2) size 7x18
                                                text run at (2,2) width 7: "e"
                                          RenderTableRow {TR} at (0,26) size 389x22
                                            RenderTableCell {TD} at (2,26) size 24x22 [border: (1px inset #808080)] [r=1 c=0 rs=1 cs=1]
                                              RenderText {#text} at (2,2) size 5x18
                                                text run at (2,2) width 5: "f"
                                            RenderTableCell {TD} at (27,26) size 24x22 [border: (1px inset #808080)] [r=1 c=1 rs=1 cs=1]
                                              RenderText {#text} at (2,2) size 8x18
                                                text run at (2,2) width 8: "g"
                                            RenderTableCell {TD} at (52,26) size 285x22 [border: (1px inset #808080)] [r=1 c=2 rs=1 cs=1]
                                              RenderText {#text} at (2,2) size 8x18
                                                text run at (2,2) width 8: "h"
                                            RenderTableCell {TD} at (338,26) size 24x22 [border: (1px inset #808080)] [r=1 c=3 rs=1 cs=1]
                                              RenderText {#text} at (2,2) size 4x18
                                                text run at (2,2) width 4: "i"
                                            RenderTableCell {TD} at (363,26) size 24x22 [border: (1px inset #808080)] [r=1 c=4 rs=1 cs=1]
                                              RenderText {#text} at (2,2) size 4x18
                                                text run at (2,2) width 4: "j"
                                          RenderTableRow {TR} at (0,50) size 389x270
                                            RenderTableCell {TD} at (2,174) size 24x22 [border: (1px inset #808080)] [r=2 c=0 rs=1 cs=1]
                                              RenderText {#text} at (2,2) size 8x18
                                                text run at (2,2) width 8: "k"
                                            RenderTableCell {TD} at (27,174) size 24x22 [border: (1px inset #808080)] [r=2 c=1 rs=1 cs=1]
                                              RenderText {#text} at (2,2) size 4x18
                                                text run at (2,2) width 4: "l"
                                            RenderTableCell {TD} at (52,50) size 285x270 [border: (1px inset #808080)] [r=2 c=2 rs=1 cs=1]
                                              RenderTable {TABLE} at (2,2) size 281x248 [bgcolor=#FF99FF] [border: (1px outset #808080)]
                                                RenderTableSection {TBODY} at (1,1) size 279x246
                                                  RenderTableRow {TR} at (0,2) size 279x22
                                                    RenderTableCell {TD} at (2,2) size 25x22 [border: (1px inset #808080)] [r=0 c=0 rs=1 cs=1]
                                                      RenderText {#text} at (2,2) size 7x18
                                                        text run at (2,2) width 7: "a"
                                                    RenderTableCell {TD} at (28,2) size 26x22 [border: (1px inset #808080)] [r=0 c=1 rs=1 cs=1]
                                                      RenderText {#text} at (2,2) size 8x18
                                                        text run at (2,2) width 8: "b"
                                                    RenderTableCell {TD} at (55,2) size 169x22 [border: (1px inset #808080)] [r=0 c=2 rs=1 cs=1]
                                                      RenderText {#text} at (2,2) size 7x18
                                                        text run at (2,2) width 7: "c"
                                                    RenderTableCell {TD} at (225,2) size 25x22 [border: (1px inset #808080)] [r=0 c=3 rs=1 cs=1]
                                                      RenderText {#text} at (2,2) size 8x18
                                                        text run at (2,2) width 8: "d"
                                                    RenderTableCell {TD} at (251,2) size 26x22 [border: (1px inset #808080)] [r=0 c=4 rs=1 cs=1]
                                                      RenderText {#text} at (2,2) size 7x18
                                                        text run at (2,2) width 7: "e"
                                                  RenderTableRow {TR} at (0,26) size 279x22
                                                    RenderTableCell {TD} at (2,26) size 25x22 [border: (1px inset #808080)] [r=1 c=0 rs=1 cs=1]
                                                      RenderText {#text} at (2,2) size 5x18
                                                        text run at (2,2) width 5: "f"
                                                    RenderTableCell {TD} at (28,26) size 26x22 [border: (1px inset #808080)] [r=1 c=1 rs=1 cs=1]
                                                      RenderText {#text} at (2,2) size 8x18
                                                        text run at (2,2) width 8: "g"
                                                    RenderTableCell {TD} at (55,26) size 169x22 [border: (1px inset #808080)] [r=1 c=2 rs=1 cs=1]
                                                      RenderText {#text} at (2,2) size 8x18
                                                        text run at (2,2) width 8: "h"
                                                    RenderTableCell {TD} at (225,26) size 25x22 [border: (1px inset #808080)] [r=1 c=3 rs=1 cs=1]
                                                      RenderText {#text} at (2,2) size 4x18
                                                        text run at (2,2) width 4: "i"
                                                    RenderTableCell {TD} at (251,26) size 26x22 [border: (1px inset #808080)] [r=1 c=4 rs=1 cs=1]
                                                      RenderText {#text} at (2,2) size 4x18
                                                        text run at (2,2) width 4: "j"
                                                  RenderTableRow {TR} at (0,50) size 279x146
                                                    RenderTableCell {TD} at (2,112) size 25x22 [border: (1px inset #808080)] [r=2 c=0 rs=1 cs=1]
                                                      RenderText {#text} at (2,2) size 8x18
                                                        text run at (2,2) width 8: "k"
                                                    RenderTableCell {TD} at (28,112) size 26x22 [border: (1px inset #808080)] [r=2 c=1 rs=1 cs=1]
                                                      RenderText {#text} at (2,2) size 4x18
                                                        text run at (2,2) width 4: "l"
                                                    RenderTableCell {TD} at (55,50) size 169x146 [border: (1px inset #808080)] [r=2 c=2 rs=1 cs=1]
                                                      RenderTable {TABLE} at (2,2) size 165x124 [bgcolor=#FF9900] [border: (1px outset #808080)]
                                                        RenderTableSection {TBODY} at (1,1) size 163x122
                                                          RenderTableRow {TR} at (0,2) size 163x22
                                                            RenderTableCell {TD} at (2,2) size 29x22 [border: (1px inset #808080)] [r=0 c=0 rs=1 cs=1]
                                                              RenderText {#text} at (2,2) size 7x18
                                                                text run at (2,2) width 7: "a"
                                                            RenderTableCell {TD} at (32,2) size 29x22 [border: (1px inset #808080)] [r=0 c=1 rs=1 cs=1]
                                                              RenderText {#text} at (2,2) size 8x18
                                                                text run at (2,2) width 8: "b"
                                                            RenderTableCell {TD} at (62,2) size 38x22 [border: (1px inset #808080)] [r=0 c=2 rs=1 cs=1]
                                                              RenderText {#text} at (2,2) size 7x18
                                                                text run at (2,2) width 7: "c"
                                                            RenderTableCell {TD} at (101,2) size 29x22 [border: (1px inset #808080)] [r=0 c=3 rs=1 cs=1]
                                                              RenderText {#text} at (2,2) size 8x18
                                                                text run at (2,2) width 8: "d"
                                                            RenderTableCell {TD} at (131,2) size 30x22 [border: (1px inset #808080)] [r=0 c=4 rs=1 cs=1]
                                                              RenderText {#text} at (2,2) size 7x18
                                                                text run at (2,2) width 7: "e"
                                                          RenderTableRow {TR} at (0,26) size 163x22
                                                            RenderTableCell {TD} at (2,26) size 29x22 [border: (1px inset #808080)] [r=1 c=0 rs=1 cs=1]
                                                              RenderText {#text} at (2,2) size 5x18
                                                                text run at (2,2) width 5: "f"
                                                            RenderTableCell {TD} at (32,26) size 29x22 [border: (1px inset #808080)] [r=1 c=1 rs=1 cs=1]
                                                              RenderText {#text} at (2,2) size 8x18
                                                                text run at (2,2) width 8: "g"
                                                            RenderTableCell {TD} at (62,26) size 38x22 [border: (1px inset #808080)] [r=1 c=2 rs=1 cs=1]
                                                              RenderText {#text} at (2,2) size 8x18
                                                                text run at (2,2) width 8: "h"
                                                            RenderTableCell {TD} at (101,26) size 29x22 [border: (1px inset #808080)] [r=1 c=3 rs=1 cs=1]
                                                              RenderText {#text} at (2,2) size 4x18
                                                                text run at (2,2) width 4: "i"
                                                            RenderTableCell {TD} at (131,26) size 30x22 [border: (1px inset #808080)] [r=1 c=4 rs=1 cs=1]
                                                              RenderText {#text} at (2,2) size 4x18
                                                                text run at (2,2) width 4: "j"
                                                          RenderTableRow {TR} at (0,50) size 163x22
                                                            RenderTableCell {TD} at (2,50) size 29x22 [border: (1px inset #808080)] [r=2 c=0 rs=1 cs=1]
                                                              RenderText {#text} at (2,2) size 8x18
                                                                text run at (2,2) width 8: "k"
                                                            RenderTableCell {TD} at (32,50) size 29x22 [border: (1px inset #808080)] [r=2 c=1 rs=1 cs=1]
                                                              RenderText {#text} at (2,2) size 4x18
                                                                text run at (2,2) width 4: "l"
                                                            RenderTableCell {TD} at (62,50) size 38x22 [border: (1px inset #808080)] [r=2 c=2 rs=1 cs=1]
                                                              RenderText {#text} at (2,2) size 12x18
                                                                text run at (2,2) width 12: "m"
                                                            RenderTableCell {TD} at (101,50) size 29x22 [border: (1px inset #808080)] [r=2 c=3 rs=1 cs=1]
                                                              RenderText {#text} at (2,2) size 8x18
                                                                text run at (2,2) width 8: "n"
                                                            RenderTableCell {TD} at (131,50) size 30x22 [border: (1px inset #808080)] [r=2 c=4 rs=1 cs=1]
                                                              RenderText {#text} at (2,2) size 8x18
                                                                text run at (2,2) width 8: "o"
                                                          RenderTableRow {TR} at (0,74) size 163x22
                                                            RenderTableCell {TD} at (2,74) size 29x22 [border: (1px inset #808080)] [r=3 c=0 rs=1 cs=1]
                                                              RenderText {#text} at (2,2) size 8x18
                                                                text run at (2,2) width 8: "p"
                                                            RenderTableCell {TD} at (32,74) size 29x22 [border: (1px inset #808080)] [r=3 c=1 rs=1 cs=1]
                                                              RenderText {#text} at (2,2) size 8x18
                                                                text run at (2,2) width 8: "q"
                                                            RenderTableCell {TD} at (62,74) size 38x22 [border: (1px inset #808080)] [r=3 c=2 rs=1 cs=1]
                                                              RenderText {#text} at (2,2) size 5x18
                                                                text run at (2,2) width 5: "r"
                                                            RenderTableCell {TD} at (101,74) size 29x22 [border: (1px inset #808080)] [r=3 c=3 rs=1 cs=1]
                                                              RenderText {#text} at (2,2) size 6x18
                                                                text run at (2,2) width 6: "s"
                                                            RenderTableCell {TD} at (131,74) size 30x22 [border: (1px inset #808080)] [r=3 c=4 rs=1 cs=1]
                                                              RenderText {#text} at (2,2) size 4x18
                                                                text run at (2,2) width 4: "t"
                                                          RenderTableRow {TR} at (0,98) size 163x22
                                                            RenderTableCell {TD} at (2,98) size 29x22 [border: (1px inset #808080)] [r=4 c=0 rs=1 cs=1]
                                                              RenderText {#text} at (2,2) size 8x18
                                                                text run at (2,2) width 8: "u"
                                                            RenderTableCell {TD} at (32,98) size 29x22 [border: (1px inset #808080)] [r=4 c=1 rs=1 cs=1]
                                                              RenderText {#text} at (2,2) size 8x18
                                                                text run at (2,2) width 8: "v"
                                                            RenderTableCell {TD} at (62,98) size 38x22 [border: (1px inset #808080)] [r=4 c=2 rs=1 cs=1]
                                                              RenderText {#text} at (2,2) size 12x18
                                                                text run at (2,2) width 12: "w"
                                                            RenderTableCell {TD} at (101,98) size 29x22 [border: (1px inset #808080)] [r=4 c=3 rs=1 cs=1]
                                                              RenderText {#text} at (2,2) size 8x18
                                                                text run at (2,2) width 8: "x"
                                                            RenderTableCell {TD} at (131,98) size 30x22 [border: (1px inset #808080)] [r=4 c=4 rs=1 cs=1]
                                                              RenderText {#text} at (2,2) size 8x18
                                                                text run at (2,2) width 8: "y"
                                                      RenderBlock (anonymous) at (2,126) size 165x18
                                                        RenderText {#text} at (0,0) size 4x18
                                                          text run at (0,0) width 4: " "
                                                    RenderTableCell {TD} at (225,112) size 25x22 [border: (1px inset #808080)] [r=2 c=3 rs=1 cs=1]
                                                      RenderText {#text} at (2,2) size 8x18
                                                        text run at (2,2) width 8: "n"
                                                    RenderTableCell {TD} at (251,112) size 26x22 [border: (1px inset #808080)] [r=2 c=4 rs=1 cs=1]
                                                      RenderText {#text} at (2,2) size 8x18
                                                        text run at (2,2) width 8: "o"
                                                  RenderTableRow {TR} at (0,198) size 279x22
                                                    RenderTableCell {TD} at (2,198) size 25x22 [border: (1px inset #808080)] [r=3 c=0 rs=1 cs=1]
                                                      RenderText {#text} at (2,2) size 8x18
                                                        text run at (2,2) width 8: "p"
                                                    RenderTableCell {TD} at (28,198) size 26x22 [border: (1px inset #808080)] [r=3 c=1 rs=1 cs=1]
                                                      RenderText {#text} at (2,2) size 8x18
                                                        text run at (2,2) width 8: "q"
                                                    RenderTableCell {TD} at (55,198) size 169x22 [border: (1px inset #808080)] [r=3 c=2 rs=1 cs=1]
                                                      RenderText {#text} at (2,2) size 5x18
                                                        text run at (2,2) width 5: "r"
                                                    RenderTableCell {TD} at (225,198) size 25x22 [border: (1px inset #808080)] [r=3 c=3 rs=1 cs=1]
                                                      RenderText {#text} at (2,2) size 6x18
                                                        text run at (2,2) width 6: "s"
                                                    RenderTableCell {TD} at (251,198) size 26x22 [border: (1px inset #808080)] [r=3 c=4 rs=1 cs=1]
                                                      RenderText {#text} at (2,2) size 4x18
                                                        text run at (2,2) width 4: "t"
                                                  RenderTableRow {TR} at (0,222) size 279x22
                                                    RenderTableCell {TD} at (2,222) size 25x22 [border: (1px inset #808080)] [r=4 c=0 rs=1 cs=1]
                                                      RenderText {#text} at (2,2) size 8x18
                                                        text run at (2,2) width 8: "u"
                                                    RenderTableCell {TD} at (28,222) size 26x22 [border: (1px inset #808080)] [r=4 c=1 rs=1 cs=1]
                                                      RenderText {#text} at (2,2) size 8x18
                                                        text run at (2,2) width 8: "v"
                                                    RenderTableCell {TD} at (55,222) size 169x22 [border: (1px inset #808080)] [r=4 c=2 rs=1 cs=1]
                                                      RenderText {#text} at (2,2) size 12x18
                                                        text run at (2,2) width 12: "w"
                                                    RenderTableCell {TD} at (225,222) size 25x22 [border: (1px inset #808080)] [r=4 c=3 rs=1 cs=1]
                                                      RenderText {#text} at (2,2) size 8x18
                                                        text run at (2,2) width 8: "x"
                                                    RenderTableCell {TD} at (251,222) size 26x22 [border: (1px inset #808080)] [r=4 c=4 rs=1 cs=1]
                                                      RenderText {#text} at (2,2) size 8x18
                                                        text run at (2,2) width 8: "y"
                                              RenderBlock (anonymous) at (2,250) size 281x18
                                                RenderText {#text} at (0,0) size 4x18
                                                  text run at (0,0) width 4: " "
                                            RenderTableCell {TD} at (338,174) size 24x22 [border: (1px inset #808080)] [r=2 c=3 rs=1 cs=1]
                                              RenderText {#text} at (2,2) size 8x18
                                                text run at (2,2) width 8: "n"
                                            RenderTableCell {TD} at (363,174) size 24x22 [border: (1px inset #808080)] [r=2 c=4 rs=1 cs=1]
                                              RenderText {#text} at (2,2) size 8x18
                                                text run at (2,2) width 8: "o"
                                          RenderTableRow {TR} at (0,322) size 389x22
                                            RenderTableCell {TD} at (2,322) size 24x22 [border: (1px inset #808080)] [r=3 c=0 rs=1 cs=1]
                                              RenderText {#text} at (2,2) size 8x18
                                                text run at (2,2) width 8: "p"
                                            RenderTableCell {TD} at (27,322) size 24x22 [border: (1px inset #808080)] [r=3 c=1 rs=1 cs=1]
                                              RenderText {#text} at (2,2) size 8x18
                                                text run at (2,2) width 8: "q"
                                            RenderTableCell {TD} at (52,322) size 285x22 [border: (1px inset #808080)] [r=3 c=2 rs=1 cs=1]
                                              RenderText {#text} at (2,2) size 5x18
                                                text run at (2,2) width 5: "r"
                                            RenderTableCell {TD} at (338,322) size 24x22 [border: (1px inset #808080)] [r=3 c=3 rs=1 cs=1]
                                              RenderText {#text} at (2,2) size 6x18
                                                text run at (2,2) width 6: "s"
                                            RenderTableCell {TD} at (363,322) size 24x22 [border: (1px inset #808080)] [r=3 c=4 rs=1 cs=1]
                                              RenderText {#text} at (2,2) size 4x18
                                                text run at (2,2) width 4: "t"
                                          RenderTableRow {TR} at (0,346) size 389x22
                                            RenderTableCell {TD} at (2,346) size 24x22 [border: (1px inset #808080)] [r=4 c=0 rs=1 cs=1]
                                              RenderText {#text} at (2,2) size 8x18
                                                text run at (2,2) width 8: "u"
                                            RenderTableCell {TD} at (27,346) size 24x22 [border: (1px inset #808080)] [r=4 c=1 rs=1 cs=1]
                                              RenderText {#text} at (2,2) size 8x18
                                                text run at (2,2) width 8: "v"
                                            RenderTableCell {TD} at (52,346) size 285x22 [border: (1px inset #808080)] [r=4 c=2 rs=1 cs=1]
                                              RenderText {#text} at (2,2) size 12x18
                                                text run at (2,2) width 12: "w"
                                            RenderTableCell {TD} at (338,346) size 24x22 [border: (1px inset #808080)] [r=4 c=3 rs=1 cs=1]
                                              RenderText {#text} at (2,2) size 8x18
                                                text run at (2,2) width 8: "x"
                                            RenderTableCell {TD} at (363,346) size 24x22 [border: (1px inset #808080)] [r=4 c=4 rs=1 cs=1]
                                              RenderText {#text} at (2,2) size 8x18
                                                text run at (2,2) width 8: "y"
                                      RenderBlock (anonymous) at (2,374) size 391x18
                                        RenderText {#text} at (0,0) size 4x18
                                          text run at (0,0) width 4: " "
                                    RenderTableCell {TD} at (446,212) size 23x22 [border: (1px inset #808080)] [r=1 c=3 rs=1 cs=1]
                                      RenderText {#text} at (2,2) size 8x18
                                        text run at (2,2) width 8: "9"
                                    RenderTableCell {TD} at (470,212) size 24x22 [border: (1px inset #808080)] [r=1 c=4 rs=1 cs=1]
                                      RenderText {#text} at (2,2) size 8x18
                                        text run at (2,2) width 8: "0"
                                  RenderTableRow {TR} at (0,422) size 496x22
                                    RenderTableCell {TD} at (2,422) size 23x22 [border: (1px inset #808080)] [r=2 c=0 rs=1 cs=1]
                                      RenderText {#text} at (2,2) size 7x18
                                        text run at (2,2) width 7: "a"
                                    RenderTableCell {TD} at (26,422) size 23x22 [border: (1px inset #808080)] [r=2 c=1 rs=1 cs=1]
                                      RenderText {#text} at (2,2) size 8x18
                                        text run at (2,2) width 8: "b"
                                    RenderTableCell {TD} at (50,422) size 395x22 [border: (1px inset #808080)] [r=2 c=2 rs=1 cs=1]
                                      RenderText {#text} at (2,2) size 7x18
                                        text run at (2,2) width 7: "c"
                                    RenderTableCell {TD} at (446,422) size 23x22 [border: (1px inset #808080)] [r=2 c=3 rs=1 cs=1]
                                      RenderText {#text} at (2,2) size 8x18
                                        text run at (2,2) width 8: "d"
                                    RenderTableCell {TD} at (470,422) size 24x22 [border: (1px inset #808080)] [r=2 c=4 rs=1 cs=1]
                                      RenderText {#text} at (2,2) size 7x18
                                        text run at (2,2) width 7: "e"
                                  RenderTableRow {TR} at (0,446) size 496x22
                                    RenderTableCell {TD} at (2,446) size 23x22 [border: (1px inset #808080)] [r=3 c=0 rs=1 cs=1]
                                      RenderText {#text} at (2,2) size 5x18
                                        text run at (2,2) width 5: "f"
                                    RenderTableCell {TD} at (26,446) size 23x22 [border: (1px inset #808080)] [r=3 c=1 rs=1 cs=1]
                                      RenderText {#text} at (2,2) size 8x18
                                        text run at (2,2) width 8: "g"
                                    RenderTableCell {TD} at (50,446) size 395x22 [border: (1px inset #808080)] [r=3 c=2 rs=1 cs=1]
                                      RenderText {#text} at (2,2) size 8x18
                                        text run at (2,2) width 8: "h"
                                    RenderTableCell {TD} at (446,446) size 23x22 [border: (1px inset #808080)] [r=3 c=3 rs=1 cs=1]
                                      RenderText {#text} at (2,2) size 4x18
                                        text run at (2,2) width 4: "i"
                                    RenderTableCell {TD} at (470,446) size 24x22 [border: (1px inset #808080)] [r=3 c=4 rs=1 cs=1]
                                      RenderText {#text} at (2,2) size 4x18
                                        text run at (2,2) width 4: "j"
                                  RenderTableRow {TR} at (0,470) size 496x22
                                    RenderTableCell {TD} at (2,470) size 23x22 [border: (1px inset #808080)] [r=4 c=0 rs=1 cs=1]
                                      RenderText {#text} at (2,2) size 8x18
                                        text run at (2,2) width 8: "k"
                                    RenderTableCell {TD} at (26,470) size 23x22 [border: (1px inset #808080)] [r=4 c=1 rs=1 cs=1]
                                      RenderText {#text} at (2,2) size 4x18
                                        text run at (2,2) width 4: "l"
                                    RenderTableCell {TD} at (50,470) size 395x22 [border: (1px inset #808080)] [r=4 c=2 rs=1 cs=1]
                                      RenderText {#text} at (2,2) size 12x18
                                        text run at (2,2) width 12: "m"
                                    RenderTableCell {TD} at (446,470) size 23x22 [border: (1px inset #808080)] [r=4 c=3 rs=1 cs=1]
                                      RenderText {#text} at (2,2) size 8x18
                                        text run at (2,2) width 8: "n"
                                    RenderTableCell {TD} at (470,470) size 24x22 [border: (1px inset #808080)] [r=4 c=4 rs=1 cs=1]
                                      RenderText {#text} at (2,2) size 8x18
                                        text run at (2,2) width 8: "o"
                              RenderBlock (anonymous) at (2,498) size 498x18
                                RenderText {#text} at (0,0) size 4x18
                                  text run at (0,0) width 4: " "
                            RenderTableCell {TD} at (528,250) size 23x22 [border: (1px inset #808080)] [r=0 c=2 rs=1 cs=1]
                              RenderText {#text} at (2,2) size 8x18
                                text run at (2,2) width 8: "3"
                          RenderTableRow {TR} at (0,522) size 552x22
                            RenderTableCell {TD} at (2,522) size 22x22 [border: (1px inset #808080)] [r=1 c=0 rs=1 cs=1]
                              RenderText {#text} at (2,2) size 8x18
                                text run at (2,2) width 8: "4"
                            RenderTableCell {TD} at (25,522) size 502x22 [border: (1px inset #808080)] [r=1 c=1 rs=1 cs=1]
                              RenderText {#text} at (2,2) size 8x18
                                text run at (2,2) width 8: "5"
                            RenderTableCell {TD} at (528,522) size 23x22 [border: (1px inset #808080)] [r=1 c=2 rs=1 cs=1]
                              RenderText {#text} at (2,2) size 8x18
                                text run at (2,2) width 8: "6"
                          RenderTableRow {TR} at (0,546) size 552x22
                            RenderTableCell {TD} at (2,546) size 22x22 [border: (1px inset #808080)] [r=2 c=0 rs=1 cs=1]
                              RenderText {#text} at (2,2) size 8x18
                                text run at (2,2) width 8: "7"
                            RenderTableCell {TD} at (25,546) size 502x22 [border: (1px inset #808080)] [r=2 c=1 rs=1 cs=1]
                              RenderText {#text} at (2,2) size 8x18
                                text run at (2,2) width 8: "8"
                            RenderTableCell {TD} at (528,546) size 23x22 [border: (1px inset #808080)] [r=2 c=2 rs=1 cs=1]
                              RenderText {#text} at (2,2) size 8x18
                                text run at (2,2) width 8: "9"
                      RenderBlock (anonymous) at (2,574) size 554x18
                        RenderText {#text} at (0,0) size 4x18
                          text run at (0,0) width 4: " "
                    RenderTableCell {TD} at (585,312) size 22x22 [border: (1px inset #808080)] [r=1 c=2 rs=1 cs=1]
                      RenderText {#text} at (2,2) size 8x18
                        text run at (2,2) width 8: "6"
                  RenderTableRow {TR} at (0,622) size 609x22
                    RenderTableCell {TD} at (2,622) size 22x22 [border: (1px inset #808080)] [r=2 c=0 rs=1 cs=1]
                      RenderText {#text} at (2,2) size 8x18
                        text run at (2,2) width 8: "7"
                    RenderTableCell {TD} at (25,622) size 559x22 [border: (1px inset #808080)] [r=2 c=1 rs=1 cs=1]
                      RenderText {#text} at (2,2) size 8x18
                        text run at (2,2) width 8: "8"
                    RenderTableCell {TD} at (585,622) size 22x22 [border: (1px inset #808080)] [r=2 c=2 rs=1 cs=1]
                      RenderText {#text} at (2,2) size 8x18
                        text run at (2,2) width 8: "9"
              RenderBlock (anonymous) at (2,650) size 611x18
                RenderText {#text} at (0,0) size 4x18
                  text run at (0,0) width 4: " "
            RenderTableCell {TD} at (618,374) size 73x22 [border: (1px inset #808080)] [r=2 c=1 rs=1 cs=1]
              RenderText {#text} at (2,2) size 8x18
                text run at (2,2) width 8: "8"
            RenderTableCell {TD} at (692,374) size 74x22 [border: (1px inset #808080)] [r=2 c=2 rs=1 cs=1]
              RenderText {#text} at (2,2) size 8x18
                text run at (2,2) width 8: "9"
      RenderBlock (anonymous) at (0,742) size 769x36
        RenderText {#text} at (0,0) size 8x18
          text run at (0,0) width 8: "  "
        RenderBR {BR} at (8,14) size 0x0
        RenderText {#text} at (0,18) size 280x18
          text run at (0,18) width 280: "the following text should display on one line"
      RenderTable {TABLE} at (0,778) size 207x18
        RenderTableSection {TBODY} at (0,0) size 207x18
          RenderTableRow {TR} at (0,0) size 207x18
            RenderTableCell {TD} at (0,0) size 207x18 [bgcolor=#B70000] [r=0 c=0 rs=1 cs=1]
              RenderTable {TABLE} at (0,0) size 207x18
                RenderTableSection {TBODY} at (0,0) size 207x18
                  RenderTableRow {TR} at (0,0) size 207x18
                    RenderTableCell {TD} at (0,0) size 13x16 [r=0 c=0 rs=1 cs=1]
                      RenderImage {IMG} at (0,0) size 13x16
                    RenderTableCell {TD} at (13,0) size 190x18 [r=0 c=1 rs=1 cs=1]
                      RenderText {#text} at (0,0) size 162x18
                        text run at (0,0) width 162: "AlphaLinux Distributions"
                    RenderTableCell {TD} at (203,0) size 4x4 [r=0 c=2 rs=1 cs=1]
                      RenderImage {IMG} at (0,0) size 4x4
