layer at (0,0) size 785x2358
  RenderView at (0,0) size 785x600
layer at (0,0) size 785x2358
  RenderBlock {HTML} at (0,0) size 785x2359
    RenderBody {BODY} at (8,8) size 769x2335 [bgcolor=#FFDEAD]
      RenderBlock {H1} at (0,0) size 769x74
        RenderInline {FONT} at (0,0) size 473x74 [color=#FF0000]
          RenderText {#text} at (0,0) size 295x37
            text run at (0,0) width 295: "Acceptance Test Case"
          RenderBR {BR} at (295,29) size 0x0
          RenderText {#text} at (0,37) size 473x37
            text run at (0,37) width 473: "Web Browser: Web View (HTML)"
      RenderBlock {P} at (0,95) size 769x29
        RenderInline {FONT} at (0,0) size 357x28 [color=#FF0000]
          RenderInline {B} at (0,0) size 357x28
            RenderText {#text} at (0,0) size 357x28
              text run at (0,0) width 357: "Table: <TH> & <TD> ROWSPAN"
        RenderText {#text} at (0,0) size 0x0
      RenderBlock {HR} at (0,139) size 769x3 [border: (1px inset #000000)]
      RenderBlock (anonymous) at (0,149) size 769x55
        RenderText {#text} at (0,0) size 270x18
          text run at (0,0) width 270: "This acceptance test case tests the optional "
        RenderInline {B} at (0,0) size 41x18
          RenderText {#text} at (270,0) size 41x18
            text run at (270,0) width 41: "<TH>"
        RenderText {#text} at (311,0) size 20x18
          text run at (311,0) width 20: " & "
        RenderInline {B} at (0,0) size 41x18
          RenderText {#text} at (331,0) size 41x18
            text run at (331,0) width 41: "<TD>"
        RenderText {#text} at (372,0) size 27x18
          text run at (372,0) width 27: " tag "
        RenderInline {B} at (0,0) size 83x18
          RenderText {#text} at (399,0) size 83x18
            text run at (399,0) width 83: "ROWSPAN"
        RenderText {#text} at (482,0) size 729x36
          text run at (482,0) width 106: " attribute which, "
          text run at (588,0) width 141: "when placed in a table"
          text run at (0,18) width 554: "header or data tag, specifies how many rows the table header or data cell will span. The "
        RenderInline {B} at (0,0) size 83x18
          RenderText {#text} at (554,18) size 83x18
            text run at (554,18) width 83: "ROWSPAN"
        RenderText {#text} at (637,18) size 762x36
          text run at (637,18) width 125: " attribute is set to an"
          text run at (0,36) width 465: "integer value equal the number of rows the table header or data cell spans."
      RenderBlock {P} at (0,219) size 769x19
        RenderInline {B} at (0,0) size 119x18
          RenderText {#text} at (0,0) size 119x18
            text run at (0,0) width 119: "Test Instructions:"
        RenderText {#text} at (0,0) size 0x0
      RenderBlock {OL} at (0,253) size 769x245
        RenderListItem {LI} at (40,0) size 729x18
          RenderListMarker at (-20,0) size 16x18: "1"
          RenderText {#text} at (0,0) size 498x18
            text run at (0,0) width 498: "Verify that the sample text displays as stated in each of the following test cases:"
        RenderBlock {P} at (40,34) size 729x104
          RenderTable {TABLE} at (0,0) size 526x104 [bgcolor=#F08080]
            RenderTableSection {TBODY} at (0,0) size 526x104
              RenderTableRow {TR} at (0,2) size 526x32
                RenderTableCell {TD} at (2,2) size 96x32 [r=0 c=0 rs=1 cs=1]
                  RenderInline {A} at (0,0) size 82x18 [color=#0000EE]
                    RenderText {#text} at (7,7) size 82x18
                      text run at (7,7) width 82: "Test Case #1"
                RenderTableCell {TD} at (100,2) size 424x32 [r=0 c=1 rs=1 cs=1]
                  RenderInline {FONT} at (0,0) size 312x18 [color=#0000FF]
                    RenderInline {B} at (0,0) size 312x18
                      RenderText {#text} at (7,7) size 312x18
                        text run at (7,7) width 312: "table with header cells spanning multiple rows"
              RenderTableRow {TR} at (0,36) size 526x32
                RenderTableCell {TD} at (2,36) size 96x32 [r=1 c=0 rs=1 cs=1]
                  RenderInline {A} at (0,0) size 82x18 [color=#0000EE]
                    RenderText {#text} at (7,7) size 82x18
                      text run at (7,7) width 82: "Test Case #2"
                RenderTableCell {TD} at (100,36) size 424x32 [r=1 c=1 rs=1 cs=1]
                  RenderInline {FONT} at (0,0) size 295x18 [color=#0000FF]
                    RenderInline {B} at (0,0) size 295x18
                      RenderText {#text} at (7,7) size 295x18
                        text run at (7,7) width 295: "table with data cells spanning multiple rows"
              RenderTableRow {TR} at (0,70) size 526x32
                RenderTableCell {TD} at (2,70) size 96x32 [r=2 c=0 rs=1 cs=1]
                  RenderInline {A} at (0,0) size 82x18 [color=#0000EE]
                    RenderText {#text} at (7,7) size 82x18
                      text run at (7,7) width 82: "Test Case #3"
                RenderTableCell {TD} at (100,70) size 424x32 [r=2 c=1 rs=1 cs=1]
                  RenderInline {FONT} at (0,0) size 410x18 [color=#0000FF]
                    RenderInline {B} at (0,0) size 410x18
                      RenderText {#text} at (7,7) size 410x18
                        text run at (7,7) width 410: "table with nested header & data cells spanning multiple rows"
        RenderBlock {P} at (40,154) size 729x0
        RenderListItem {LI} at (40,154) size 729x18
          RenderListMarker at (-20,0) size 16x18: "2"
          RenderText {#text} at (0,0) size 283x18
            text run at (0,0) width 283: "Verify that the table is maintained when you "
          RenderInline {B} at (0,0) size 129x18
            RenderText {#text} at (283,0) size 129x18
              text run at (283,0) width 129: "minimize/maximize"
          RenderText {#text} at (412,0) size 71x18
            text run at (412,0) width 71: " the screen."
        RenderListItem {LI} at (40,172) size 729x18
          RenderListMarker at (-20,0) size 16x18: "3"
          RenderText {#text} at (0,0) size 283x18
            text run at (0,0) width 283: "Verify that the table is maintained when you "
          RenderInline {B} at (0,0) size 122x18
            RenderText {#text} at (283,0) size 122x18
              text run at (283,0) width 122: "re-size left & right"
          RenderText {#text} at (405,0) size 71x18
            text run at (405,0) width 71: " the screen."
        RenderListItem {LI} at (40,190) size 729x18
          RenderListMarker at (-20,0) size 16x18: "4"
          RenderText {#text} at (0,0) size 283x18
            text run at (0,0) width 283: "Verify that the table is maintained when you "
          RenderInline {B} at (0,0) size 138x18
            RenderText {#text} at (283,0) size 138x18
              text run at (283,0) width 138: "re-size top & bottom"
          RenderText {#text} at (421,0) size 71x18
            text run at (421,0) width 71: " the screen."
        RenderListItem {LI} at (40,208) size 729x18
          RenderListMarker at (-20,0) size 16x18: "5"
          RenderText {#text} at (0,0) size 407x18
            text run at (0,0) width 407: "Verify re-draw takes place correctly after maximizing the screen."
        RenderListItem {LI} at (40,226) size 729x18
          RenderListMarker at (-20,0) size 16x18: "6"
          RenderText {#text} at (0,0) size 131x18
            text run at (0,0) width 131: "Verify reload works."
      RenderBlock {HR} at (0,513) size 769x3 [border: (1px inset #000000)]
      RenderBlock {P} at (0,531) size 769x62
        RenderTable {TABLE} at (0,0) size 654x61 [bgcolor=#F08080] [border: (1px outset #808080)]
          RenderTableSection {TBODY} at (1,1) size 652x59
            RenderTableRow {TR} at (0,2) size 652x55
              RenderTableCell {TH} at (2,2) size 648x55 [border: (1px inset #808080)] [r=0 c=0 rs=1 cs=1]
                RenderInline {A} at (0,0) size 0x0
                RenderText {#text} at (11,11) size 95x18
                  text run at (11,11) width 95: "Test Case #1: "
                RenderInline {FONT} at (0,0) size 312x18 [color=#0000FF]
                  RenderText {#text} at (106,11) size 312x18
                    text run at (106,11) width 312: "table with header cells spanning multiple rows"
                RenderText {#text} at (418,11) size 4x18
                  text run at (418,11) width 4: " "
                RenderInline {FONT} at (0,0) size 625x31
                  RenderInline {I} at (0,0) size 625x31
                    RenderText {#text} at (422,13) size 625x31
                      text run at (422,13) width 214: "(using <TH ROWSPAN=integer value>"
                      text run at (11,29) width 22: "tag)"
                RenderText {#text} at (0,0) size 0x0
      RenderBlock {P} at (0,608) size 769x137
        RenderBlock (anonymous) at (0,0) size 769x18
          RenderBR {BR} at (0,0) size 0x18
        RenderTable {TABLE} at (0,18) size 693x118 [bgcolor=#FFD700] [border: (1px outset #808080)]
          RenderTableSection {TBODY} at (1,1) size 691x116
            RenderTableRow {TR} at (0,2) size 691x112
              RenderTableCell {TD} at (2,2) size 687x112 [border: (1px inset #808080)] [r=0 c=0 rs=1 cs=1]
                RenderInline {FONT} at (0,0) size 659x90 [color=#FF0000]
                  RenderInline {B} at (0,0) size 659x90
                    RenderText {#text} at (11,11) size 356x18
                      text run at (11,11) width 356: "In the following sample table you should see that the "
                    RenderInline {FONT} at (0,0) size 83x18 [color=#0000FF]
                      RenderText {#text} at (367,11) size 83x18
                        text run at (367,11) width 83: "ROWSPAN"
                    RenderText {#text} at (450,11) size 625x36
                      text run at (450,11) width 4: " "
                      text run at (454,11) width 182: "attribute applies an integer"
                      text run at (11,29) width 260: "value equal to the number of rows the "
                    RenderInline {FONT} at (0,0) size 70x18 [color=#0000FF]
                      RenderText {#text} at (271,29) size 70x18
                        text run at (271,29) width 70: "HEADER"
                    RenderText {#text} at (341,29) size 659x72
                      text run at (341,29) width 135: " cell is to span. This "
                      text run at (476,29) width 194: "tells the browser to make the"
                      text run at (11,47) width 637: "table header cell occupy the same vertical space as the integer number of cells specified in rows"
                      text run at (11,65) width 606: "above or below it. The browser flows the contents of the spanning cell to occupy the entire"
                      text run at (11,83) width 102: "spanned space."
      RenderBlock {P} at (0,760) size 769x37
        RenderBR {BR} at (0,0) size 0x18
        RenderBR {BR} at (0,18) size 0x18
      RenderBlock {UL} at (0,812) size 769x263
        RenderTable {TABLE} at (40,0) size 474x262 [border: (1px outset #808080)]
          RenderBlock {CAPTION} at (0,0) size 474x18
            RenderText {#text} at (97,0) size 41x18
              text run at (97,0) width 41: "Table "
            RenderInline {B} at (0,0) size 88x18
              RenderText {#text} at (137,0) size 88x18
                text run at (137,0) width 88: "Header Cells"
            RenderText {#text} at (224,0) size 152x18
              text run at (224,0) width 152: " spanning multiple rows"
          RenderTableSection {TBODY} at (1,19) size 472x242
            RenderTableRow {TR} at (0,2) size 472x22
              RenderTableCell {TH} at (2,5) size 100x40 [bgcolor=#FFE4C4] [border: (1px inset #808080)] [r=0 c=0 rs=2 cs=1]
                RenderText {#text} at (18,2) size 63x18
                  text run at (18,2) width 63: "Header 1"
                RenderBR {BR} at (80,19) size 1x0
                RenderText {#text} at (6,20) size 87x18
                  text run at (6,20) width 87: "span=2 rows"
              RenderTableCell {TD} at (103,2) size 40x22 [bgcolor=#EE82EE] [border: (1px inset #808080)] [r=0 c=1 rs=1 cs=1]
                RenderText {#text} at (2,2) size 31x18
                  text run at (2,2) width 31: "col 1"
              RenderTableCell {TD} at (144,2) size 40x22 [bgcolor=#EE82EE] [border: (1px inset #808080)] [r=0 c=2 rs=1 cs=1]
                RenderText {#text} at (2,2) size 31x18
                  text run at (2,2) width 31: "col 2"
              RenderTableCell {TD} at (185,2) size 40x22 [bgcolor=#EE82EE] [border: (1px inset #808080)] [r=0 c=3 rs=1 cs=1]
                RenderText {#text} at (2,2) size 31x18
                  text run at (2,2) width 31: "col 3"
              RenderTableCell {TD} at (226,2) size 40x22 [bgcolor=#EE82EE] [border: (1px inset #808080)] [r=0 c=4 rs=1 cs=1]
                RenderText {#text} at (2,2) size 31x18
                  text run at (2,2) width 31: "col 4"
              RenderTableCell {TD} at (267,2) size 40x22 [bgcolor=#EE82EE] [border: (1px inset #808080)] [r=0 c=5 rs=1 cs=1]
                RenderText {#text} at (2,2) size 31x18
                  text run at (2,2) width 31: "col 5"
              RenderTableCell {TD} at (308,2) size 40x22 [bgcolor=#EE82EE] [border: (1px inset #808080)] [r=0 c=6 rs=1 cs=1]
                RenderText {#text} at (2,2) size 31x18
                  text run at (2,2) width 31: "col 6"
              RenderTableCell {TD} at (349,2) size 40x22 [bgcolor=#EE82EE] [border: (1px inset #808080)] [r=0 c=7 rs=1 cs=1]
                RenderText {#text} at (2,2) size 31x18
                  text run at (2,2) width 31: "col 7"
              RenderTableCell {TD} at (390,2) size 40x22 [bgcolor=#EE82EE] [border: (1px inset #808080)] [r=0 c=8 rs=1 cs=1]
                RenderText {#text} at (2,2) size 31x18
                  text run at (2,2) width 31: "col 8"
              RenderTableCell {TD} at (431,2) size 39x22 [bgcolor=#EE82EE] [border: (1px inset #808080)] [r=0 c=9 rs=1 cs=1]
                RenderText {#text} at (2,2) size 31x18
                  text run at (2,2) width 31: "col 9"
            RenderTableRow {TR} at (0,26) size 472x22
              RenderTableCell {TD} at (103,26) size 40x22 [bgcolor=#EE82EE] [border: (1px inset #808080)] [r=1 c=1 rs=1 cs=1]
                RenderText {#text} at (2,2) size 31x18
                  text run at (2,2) width 31: "col 1"
              RenderTableCell {TD} at (144,26) size 40x22 [bgcolor=#EE82EE] [border: (1px inset #808080)] [r=1 c=2 rs=1 cs=1]
                RenderText {#text} at (2,2) size 31x18
                  text run at (2,2) width 31: "col 2"
              RenderTableCell {TD} at (185,26) size 40x22 [bgcolor=#EE82EE] [border: (1px inset #808080)] [r=1 c=3 rs=1 cs=1]
                RenderText {#text} at (2,2) size 31x18
                  text run at (2,2) width 31: "col 3"
              RenderTableCell {TD} at (226,26) size 40x22 [bgcolor=#EE82EE] [border: (1px inset #808080)] [r=1 c=4 rs=1 cs=1]
                RenderText {#text} at (2,2) size 31x18
                  text run at (2,2) width 31: "col 4"
              RenderTableCell {TD} at (267,26) size 40x22 [bgcolor=#EE82EE] [border: (1px inset #808080)] [r=1 c=5 rs=1 cs=1]
                RenderText {#text} at (2,2) size 31x18
                  text run at (2,2) width 31: "col 5"
              RenderTableCell {TD} at (308,26) size 40x22 [bgcolor=#EE82EE] [border: (1px inset #808080)] [r=1 c=6 rs=1 cs=1]
                RenderText {#text} at (2,2) size 31x18
                  text run at (2,2) width 31: "col 6"
              RenderTableCell {TD} at (349,26) size 40x22 [bgcolor=#EE82EE] [border: (1px inset #808080)] [r=1 c=7 rs=1 cs=1]
                RenderText {#text} at (2,2) size 31x18
                  text run at (2,2) width 31: "col 7"
              RenderTableCell {TD} at (390,26) size 40x22 [bgcolor=#EE82EE] [border: (1px inset #808080)] [r=1 c=8 rs=1 cs=1]
                RenderText {#text} at (2,2) size 31x18
                  text run at (2,2) width 31: "col 8"
              RenderTableCell {TD} at (431,26) size 39x22 [bgcolor=#EE82EE] [border: (1px inset #808080)] [r=1 c=9 rs=1 cs=1]
                RenderText {#text} at (2,2) size 31x18
                  text run at (2,2) width 31: "col 9"
            RenderTableRow {TR} at (0,50) size 472x22
              RenderTableCell {TH} at (2,89) size 100x40 [bgcolor=#FFE4C4] [border: (1px inset #808080)] [r=2 c=0 rs=5 cs=1]
                RenderText {#text} at (18,2) size 63x18
                  text run at (18,2) width 63: "Header 2"
                RenderBR {BR} at (80,55) size 1x0
                RenderText {#text} at (6,20) size 87x18
                  text run at (6,20) width 87: "span=5 rows"
              RenderTableCell {TD} at (103,50) size 40x22 [bgcolor=#90EE90] [border: (1px inset #808080)] [r=2 c=1 rs=1 cs=1]
                RenderText {#text} at (2,2) size 31x18
                  text run at (2,2) width 31: "col 1"
              RenderTableCell {TD} at (144,50) size 40x22 [bgcolor=#90EE90] [border: (1px inset #808080)] [r=2 c=2 rs=1 cs=1]
                RenderText {#text} at (2,2) size 31x18
                  text run at (2,2) width 31: "col 2"
              RenderTableCell {TD} at (185,50) size 40x22 [bgcolor=#90EE90] [border: (1px inset #808080)] [r=2 c=3 rs=1 cs=1]
                RenderText {#text} at (2,2) size 31x18
                  text run at (2,2) width 31: "col 3"
              RenderTableCell {TD} at (226,50) size 40x22 [bgcolor=#90EE90] [border: (1px inset #808080)] [r=2 c=4 rs=1 cs=1]
                RenderText {#text} at (2,2) size 31x18
                  text run at (2,2) width 31: "col 4"
              RenderTableCell {TD} at (267,50) size 40x22 [bgcolor=#90EE90] [border: (1px inset #808080)] [r=2 c=5 rs=1 cs=1]
                RenderText {#text} at (2,2) size 31x18
                  text run at (2,2) width 31: "col 5"
              RenderTableCell {TD} at (308,50) size 40x22 [bgcolor=#90EE90] [border: (1px inset #808080)] [r=2 c=6 rs=1 cs=1]
                RenderText {#text} at (2,2) size 31x18
                  text run at (2,2) width 31: "col 6"
              RenderTableCell {TD} at (349,50) size 40x22 [bgcolor=#90EE90] [border: (1px inset #808080)] [r=2 c=7 rs=1 cs=1]
                RenderText {#text} at (2,2) size 31x18
                  text run at (2,2) width 31: "col 7"
              RenderTableCell {TD} at (390,50) size 40x22 [bgcolor=#90EE90] [border: (1px inset #808080)] [r=2 c=8 rs=1 cs=1]
                RenderText {#text} at (2,2) size 31x18
                  text run at (2,2) width 31: "col 8"
              RenderTableCell {TD} at (431,50) size 39x22 [bgcolor=#90EE90] [border: (1px inset #808080)] [r=2 c=9 rs=1 cs=1]
                RenderText {#text} at (2,2) size 31x18
                  text run at (2,2) width 31: "col 9"
            RenderTableRow {TR} at (0,74) size 472x22
              RenderTableCell {TD} at (103,74) size 40x22 [bgcolor=#90EE90] [border: (1px inset #808080)] [r=3 c=1 rs=1 cs=1]
                RenderText {#text} at (2,2) size 31x18
                  text run at (2,2) width 31: "col 1"
              RenderTableCell {TD} at (144,74) size 40x22 [bgcolor=#90EE90] [border: (1px inset #808080)] [r=3 c=2 rs=1 cs=1]
                RenderText {#text} at (2,2) size 31x18
                  text run at (2,2) width 31: "col 2"
              RenderTableCell {TD} at (185,74) size 40x22 [bgcolor=#90EE90] [border: (1px inset #808080)] [r=3 c=3 rs=1 cs=1]
                RenderText {#text} at (2,2) size 31x18
                  text run at (2,2) width 31: "col 3"
              RenderTableCell {TD} at (226,74) size 40x22 [bgcolor=#90EE90] [border: (1px inset #808080)] [r=3 c=4 rs=1 cs=1]
                RenderText {#text} at (2,2) size 31x18
                  text run at (2,2) width 31: "col 4"
              RenderTableCell {TD} at (267,74) size 40x22 [bgcolor=#90EE90] [border: (1px inset #808080)] [r=3 c=5 rs=1 cs=1]
                RenderText {#text} at (2,2) size 31x18
                  text run at (2,2) width 31: "col 5"
              RenderTableCell {TD} at (308,74) size 40x22 [bgcolor=#90EE90] [border: (1px inset #808080)] [r=3 c=6 rs=1 cs=1]
                RenderText {#text} at (2,2) size 31x18
                  text run at (2,2) width 31: "col 6"
              RenderTableCell {TD} at (349,74) size 40x22 [bgcolor=#90EE90] [border: (1px inset #808080)] [r=3 c=7 rs=1 cs=1]
                RenderText {#text} at (2,2) size 31x18
                  text run at (2,2) width 31: "col 7"
              RenderTableCell {TD} at (390,74) size 40x22 [bgcolor=#90EE90] [border: (1px inset #808080)] [r=3 c=8 rs=1 cs=1]
                RenderText {#text} at (2,2) size 31x18
                  text run at (2,2) width 31: "col 8"
              RenderTableCell {TD} at (431,74) size 39x22 [bgcolor=#90EE90] [border: (1px inset #808080)] [r=3 c=9 rs=1 cs=1]
                RenderText {#text} at (2,2) size 31x18
                  text run at (2,2) width 31: "col 9"
            RenderTableRow {TR} at (0,98) size 472x22 [bgcolor=#FFE4C4]
              RenderTableCell {TD} at (103,98) size 40x22 [bgcolor=#90EE90] [border: (1px inset #808080)] [r=4 c=1 rs=1 cs=1]
                RenderText {#text} at (2,2) size 31x18
                  text run at (2,2) width 31: "col 1"
              RenderTableCell {TD} at (144,98) size 40x22 [bgcolor=#90EE90] [border: (1px inset #808080)] [r=4 c=2 rs=1 cs=1]
                RenderText {#text} at (2,2) size 31x18
                  text run at (2,2) width 31: "col 2"
              RenderTableCell {TD} at (185,98) size 40x22 [bgcolor=#90EE90] [border: (1px inset #808080)] [r=4 c=3 rs=1 cs=1]
                RenderText {#text} at (2,2) size 31x18
                  text run at (2,2) width 31: "col 3"
              RenderTableCell {TD} at (226,98) size 40x22 [bgcolor=#90EE90] [border: (1px inset #808080)] [r=4 c=4 rs=1 cs=1]
                RenderText {#text} at (2,2) size 31x18
                  text run at (2,2) width 31: "col 4"
              RenderTableCell {TD} at (267,98) size 40x22 [bgcolor=#90EE90] [border: (1px inset #808080)] [r=4 c=5 rs=1 cs=1]
                RenderText {#text} at (2,2) size 31x18
                  text run at (2,2) width 31: "col 5"
              RenderTableCell {TD} at (308,98) size 40x22 [bgcolor=#90EE90] [border: (1px inset #808080)] [r=4 c=6 rs=1 cs=1]
                RenderText {#text} at (2,2) size 31x18
                  text run at (2,2) width 31: "col 6"
              RenderTableCell {TD} at (349,98) size 40x22 [bgcolor=#90EE90] [border: (1px inset #808080)] [r=4 c=7 rs=1 cs=1]
                RenderText {#text} at (2,2) size 31x18
                  text run at (2,2) width 31: "col 7"
              RenderTableCell {TD} at (390,98) size 40x22 [bgcolor=#90EE90] [border: (1px inset #808080)] [r=4 c=8 rs=1 cs=1]
                RenderText {#text} at (2,2) size 31x18
                  text run at (2,2) width 31: "col 8"
              RenderTableCell {TD} at (431,98) size 39x22 [bgcolor=#90EE90] [border: (1px inset #808080)] [r=4 c=9 rs=1 cs=1]
                RenderText {#text} at (2,2) size 31x18
                  text run at (2,2) width 31: "col 9"
            RenderTableRow {TR} at (0,122) size 472x22
              RenderTableCell {TD} at (103,122) size 40x22 [bgcolor=#90EE90] [border: (1px inset #808080)] [r=5 c=1 rs=1 cs=1]
                RenderText {#text} at (2,2) size 31x18
                  text run at (2,2) width 31: "col 1"
              RenderTableCell {TD} at (144,122) size 40x22 [bgcolor=#90EE90] [border: (1px inset #808080)] [r=5 c=2 rs=1 cs=1]
                RenderText {#text} at (2,2) size 31x18
                  text run at (2,2) width 31: "col 2"
              RenderTableCell {TD} at (185,122) size 40x22 [bgcolor=#90EE90] [border: (1px inset #808080)] [r=5 c=3 rs=1 cs=1]
                RenderText {#text} at (2,2) size 31x18
                  text run at (2,2) width 31: "col 3"
              RenderTableCell {TD} at (226,122) size 40x22 [bgcolor=#90EE90] [border: (1px inset #808080)] [r=5 c=4 rs=1 cs=1]
                RenderText {#text} at (2,2) size 31x18
                  text run at (2,2) width 31: "col 4"
              RenderTableCell {TD} at (267,122) size 40x22 [bgcolor=#90EE90] [border: (1px inset #808080)] [r=5 c=5 rs=1 cs=1]
                RenderText {#text} at (2,2) size 31x18
                  text run at (2,2) width 31: "col 5"
              RenderTableCell {TD} at (308,122) size 40x22 [bgcolor=#90EE90] [border: (1px inset #808080)] [r=5 c=6 rs=1 cs=1]
                RenderText {#text} at (2,2) size 31x18
                  text run at (2,2) width 31: "col 6"
              RenderTableCell {TD} at (349,122) size 40x22 [bgcolor=#90EE90] [border: (1px inset #808080)] [r=5 c=7 rs=1 cs=1]
                RenderText {#text} at (2,2) size 31x18
                  text run at (2,2) width 31: "col 7"
              RenderTableCell {TD} at (390,122) size 40x22 [bgcolor=#90EE90] [border: (1px inset #808080)] [r=5 c=8 rs=1 cs=1]
                RenderText {#text} at (2,2) size 31x18
                  text run at (2,2) width 31: "col 8"
              RenderTableCell {TD} at (431,122) size 39x22 [bgcolor=#90EE90] [border: (1px inset #808080)] [r=5 c=9 rs=1 cs=1]
                RenderText {#text} at (2,2) size 31x18
                  text run at (2,2) width 31: "col 9"
            RenderTableRow {TR} at (0,146) size 472x22
              RenderTableCell {TD} at (103,146) size 40x22 [bgcolor=#90EE90] [border: (1px inset #808080)] [r=6 c=1 rs=1 cs=1]
                RenderText {#text} at (2,2) size 31x18
                  text run at (2,2) width 31: "col 1"
              RenderTableCell {TD} at (144,146) size 40x22 [bgcolor=#90EE90] [border: (1px inset #808080)] [r=6 c=2 rs=1 cs=1]
                RenderText {#text} at (2,2) size 31x18
                  text run at (2,2) width 31: "col 2"
              RenderTableCell {TD} at (185,146) size 40x22 [bgcolor=#90EE90] [border: (1px inset #808080)] [r=6 c=3 rs=1 cs=1]
                RenderText {#text} at (2,2) size 31x18
                  text run at (2,2) width 31: "col 3"
              RenderTableCell {TD} at (226,146) size 40x22 [bgcolor=#90EE90] [border: (1px inset #808080)] [r=6 c=4 rs=1 cs=1]
                RenderText {#text} at (2,2) size 31x18
                  text run at (2,2) width 31: "col 4"
              RenderTableCell {TD} at (267,146) size 40x22 [bgcolor=#90EE90] [border: (1px inset #808080)] [r=6 c=5 rs=1 cs=1]
                RenderText {#text} at (2,2) size 31x18
                  text run at (2,2) width 31: "col 5"
              RenderTableCell {TD} at (308,146) size 40x22 [bgcolor=#90EE90] [border: (1px inset #808080)] [r=6 c=6 rs=1 cs=1]
                RenderText {#text} at (2,2) size 31x18
                  text run at (2,2) width 31: "col 6"
              RenderTableCell {TD} at (349,146) size 40x22 [bgcolor=#90EE90] [border: (1px inset #808080)] [r=6 c=7 rs=1 cs=1]
                RenderText {#text} at (2,2) size 31x18
                  text run at (2,2) width 31: "col 7"
              RenderTableCell {TD} at (390,146) size 40x22 [bgcolor=#90EE90] [border: (1px inset #808080)] [r=6 c=8 rs=1 cs=1]
                RenderText {#text} at (2,2) size 31x18
                  text run at (2,2) width 31: "col 8"
              RenderTableCell {TD} at (431,146) size 39x22 [bgcolor=#90EE90] [border: (1px inset #808080)] [r=6 c=9 rs=1 cs=1]
                RenderText {#text} at (2,2) size 31x18
                  text run at (2,2) width 31: "col 9"
            RenderTableRow {TR} at (0,170) size 472x22
              RenderTableCell {TH} at (2,185) size 100x40 [bgcolor=#FFE4C4] [border: (1px inset #808080)] [r=7 c=0 rs=3 cs=1]
                RenderText {#text} at (18,2) size 63x18
                  text run at (18,2) width 63: "Header 3"
                RenderBR {BR} at (80,31) size 1x0
                RenderText {#text} at (6,20) size 87x18
                  text run at (6,20) width 87: "span=3 rows"
              RenderTableCell {TD} at (103,170) size 40x22 [bgcolor=#ADD8E6] [border: (1px inset #808080)] [r=7 c=1 rs=1 cs=1]
                RenderText {#text} at (2,2) size 31x18
                  text run at (2,2) width 31: "col 1"
              RenderTableCell {TD} at (144,170) size 40x22 [bgcolor=#ADD8E6] [border: (1px inset #808080)] [r=7 c=2 rs=1 cs=1]
                RenderText {#text} at (2,2) size 31x18
                  text run at (2,2) width 31: "col 2"
              RenderTableCell {TD} at (185,170) size 40x22 [bgcolor=#ADD8E6] [border: (1px inset #808080)] [r=7 c=3 rs=1 cs=1]
                RenderText {#text} at (2,2) size 31x18
                  text run at (2,2) width 31: "col 3"
              RenderTableCell {TD} at (226,170) size 40x22 [bgcolor=#ADD8E6] [border: (1px inset #808080)] [r=7 c=4 rs=1 cs=1]
                RenderText {#text} at (2,2) size 31x18
                  text run at (2,2) width 31: "col 4"
              RenderTableCell {TD} at (267,170) size 40x22 [bgcolor=#ADD8E6] [border: (1px inset #808080)] [r=7 c=5 rs=1 cs=1]
                RenderText {#text} at (2,2) size 31x18
                  text run at (2,2) width 31: "col 5"
              RenderTableCell {TD} at (308,170) size 40x22 [bgcolor=#ADD8E6] [border: (1px inset #808080)] [r=7 c=6 rs=1 cs=1]
                RenderText {#text} at (2,2) size 31x18
                  text run at (2,2) width 31: "col 6"
              RenderTableCell {TD} at (349,170) size 40x22 [bgcolor=#ADD8E6] [border: (1px inset #808080)] [r=7 c=7 rs=1 cs=1]
                RenderText {#text} at (2,2) size 31x18
                  text run at (2,2) width 31: "col 7"
              RenderTableCell {TD} at (390,170) size 40x22 [bgcolor=#ADD8E6] [border: (1px inset #808080)] [r=7 c=8 rs=1 cs=1]
                RenderText {#text} at (2,2) size 31x18
                  text run at (2,2) width 31: "col 8"
              RenderTableCell {TD} at (431,170) size 39x22 [bgcolor=#ADD8E6] [border: (1px inset #808080)] [r=7 c=9 rs=1 cs=1]
                RenderText {#text} at (2,2) size 31x18
                  text run at (2,2) width 31: "col 9"
            RenderTableRow {TR} at (0,194) size 472x22
              RenderTableCell {TD} at (103,194) size 40x22 [bgcolor=#ADD8E6] [border: (1px inset #808080)] [r=8 c=1 rs=1 cs=1]
                RenderText {#text} at (2,2) size 31x18
                  text run at (2,2) width 31: "col 1"
              RenderTableCell {TD} at (144,194) size 40x22 [bgcolor=#ADD8E6] [border: (1px inset #808080)] [r=8 c=2 rs=1 cs=1]
                RenderText {#text} at (2,2) size 31x18
                  text run at (2,2) width 31: "col 2"
              RenderTableCell {TD} at (185,194) size 40x22 [bgcolor=#ADD8E6] [border: (1px inset #808080)] [r=8 c=3 rs=1 cs=1]
                RenderText {#text} at (2,2) size 31x18
                  text run at (2,2) width 31: "col 3"
              RenderTableCell {TD} at (226,194) size 40x22 [bgcolor=#ADD8E6] [border: (1px inset #808080)] [r=8 c=4 rs=1 cs=1]
                RenderText {#text} at (2,2) size 31x18
                  text run at (2,2) width 31: "col 4"
              RenderTableCell {TD} at (267,194) size 40x22 [bgcolor=#ADD8E6] [border: (1px inset #808080)] [r=8 c=5 rs=1 cs=1]
                RenderText {#text} at (2,2) size 31x18
                  text run at (2,2) width 31: "col 5"
              RenderTableCell {TD} at (308,194) size 40x22 [bgcolor=#ADD8E6] [border: (1px inset #808080)] [r=8 c=6 rs=1 cs=1]
                RenderText {#text} at (2,2) size 31x18
                  text run at (2,2) width 31: "col 6"
              RenderTableCell {TD} at (349,194) size 40x22 [bgcolor=#ADD8E6] [border: (1px inset #808080)] [r=8 c=7 rs=1 cs=1]
                RenderText {#text} at (2,2) size 31x18
                  text run at (2,2) width 31: "col 7"
              RenderTableCell {TD} at (390,194) size 40x22 [bgcolor=#ADD8E6] [border: (1px inset #808080)] [r=8 c=8 rs=1 cs=1]
                RenderText {#text} at (2,2) size 31x18
                  text run at (2,2) width 31: "col 8"
              RenderTableCell {TD} at (431,194) size 39x22 [bgcolor=#ADD8E6] [border: (1px inset #808080)] [r=8 c=9 rs=1 cs=1]
                RenderText {#text} at (2,2) size 31x18
                  text run at (2,2) width 31: "col 9"
            RenderTableRow {TR} at (0,218) size 472x22
              RenderTableCell {TD} at (103,218) size 40x22 [bgcolor=#ADD8E6] [border: (1px inset #808080)] [r=9 c=1 rs=1 cs=1]
                RenderText {#text} at (2,2) size 31x18
                  text run at (2,2) width 31: "col 1"
              RenderTableCell {TD} at (144,218) size 40x22 [bgcolor=#ADD8E6] [border: (1px inset #808080)] [r=9 c=2 rs=1 cs=1]
                RenderText {#text} at (2,2) size 31x18
                  text run at (2,2) width 31: "col 2"
              RenderTableCell {TD} at (185,218) size 40x22 [bgcolor=#ADD8E6] [border: (1px inset #808080)] [r=9 c=3 rs=1 cs=1]
                RenderText {#text} at (2,2) size 31x18
                  text run at (2,2) width 31: "col 3"
              RenderTableCell {TD} at (226,218) size 40x22 [bgcolor=#ADD8E6] [border: (1px inset #808080)] [r=9 c=4 rs=1 cs=1]
                RenderText {#text} at (2,2) size 31x18
                  text run at (2,2) width 31: "col 4"
              RenderTableCell {TD} at (267,218) size 40x22 [bgcolor=#ADD8E6] [border: (1px inset #808080)] [r=9 c=5 rs=1 cs=1]
                RenderText {#text} at (2,2) size 31x18
                  text run at (2,2) width 31: "col 5"
              RenderTableCell {TD} at (308,218) size 40x22 [bgcolor=#ADD8E6] [border: (1px inset #808080)] [r=9 c=6 rs=1 cs=1]
                RenderText {#text} at (2,2) size 31x18
                  text run at (2,2) width 31: "col 6"
              RenderTableCell {TD} at (349,218) size 40x22 [bgcolor=#ADD8E6] [border: (1px inset #808080)] [r=9 c=7 rs=1 cs=1]
                RenderText {#text} at (2,2) size 31x18
                  text run at (2,2) width 31: "col 7"
              RenderTableCell {TD} at (390,218) size 40x22 [bgcolor=#ADD8E6] [border: (1px inset #808080)] [r=9 c=8 rs=1 cs=1]
                RenderText {#text} at (2,2) size 31x18
                  text run at (2,2) width 31: "col 8"
              RenderTableCell {TD} at (431,218) size 39x22 [bgcolor=#ADD8E6] [border: (1px inset #808080)] [r=9 c=9 rs=1 cs=1]
                RenderText {#text} at (2,2) size 31x18
                  text run at (2,2) width 31: "col 9"
      RenderBlock {P} at (0,1090) size 769x0
      RenderBlock {HR} at (0,1090) size 769x3 [border: (1px inset #000000)]
      RenderBlock {P} at (0,1108) size 769x62
        RenderTable {TABLE} at (0,0) size 654x61 [bgcolor=#F08080] [border: (1px outset #808080)]
          RenderTableSection {TBODY} at (1,1) size 652x59
            RenderTableRow {TR} at (0,2) size 652x55
              RenderTableCell {TH} at (2,2) size 648x55 [border: (1px inset #808080)] [r=0 c=0 rs=1 cs=1]
                RenderInline {A} at (0,0) size 0x0
                RenderText {#text} at (11,11) size 95x18
                  text run at (11,11) width 95: "Test Case #2: "
                RenderInline {FONT} at (0,0) size 295x18 [color=#0000FF]
                  RenderText {#text} at (106,11) size 295x18
                    text run at (106,11) width 295: "table with data cells spanning multiple rows"
                RenderText {#text} at (401,11) size 4x18
                  text run at (401,11) width 4: " "
                RenderInline {FONT} at (0,0) size 607x31
                  RenderInline {I} at (0,0) size 607x31
                    RenderText {#text} at (405,13) size 607x31
                      text run at (405,13) width 213: "(using <TD ROWSPAN=integer value>"
                      text run at (11,29) width 22: "tag)"
                RenderText {#text} at (0,0) size 0x0
      RenderBlock {P} at (0,1185) size 769x137
        RenderBlock (anonymous) at (0,0) size 769x18
          RenderBR {BR} at (0,0) size 0x18
        RenderTable {TABLE} at (0,18) size 693x118 [bgcolor=#FFD700] [border: (1px outset #808080)]
          RenderTableSection {TBODY} at (1,1) size 691x116
            RenderTableRow {TR} at (0,2) size 691x112
              RenderTableCell {TD} at (2,2) size 687x112 [border: (1px inset #808080)] [r=0 c=0 rs=1 cs=1]
                RenderInline {FONT} at (0,0) size 664x90 [color=#FF0000]
                  RenderInline {B} at (0,0) size 664x90
                    RenderText {#text} at (11,11) size 356x18
                      text run at (11,11) width 356: "In the following sample table you should see that the "
                    RenderInline {FONT} at (0,0) size 83x18 [color=#0000FF]
                      RenderText {#text} at (367,11) size 83x18
                        text run at (367,11) width 83: "ROWSPAN"
                    RenderText {#text} at (450,11) size 625x36
                      text run at (450,11) width 4: " "
                      text run at (454,11) width 182: "attribute applies an integer"
                      text run at (11,29) width 260: "value equal to the number of rows the "
                    RenderInline {FONT} at (0,0) size 47x18 [color=#0000FF]
                      RenderText {#text} at (271,29) size 47x18
                        text run at (271,29) width 47: "DATA"
                    RenderText {#text} at (318,29) size 664x72
                      text run at (318,29) width 135: " cell is to span. This "
                      text run at (453,29) width 194: "tells the browser to make the"
                      text run at (11,47) width 624: "table data cell occupy the same vertical space as the integer number of cells specified in rows "
                      text run at (635,47) width 40: "above"
                      text run at (11,65) width 623: "or below it. The browser flows the contents of the spanning cell to occupy the entire spanned"
                      text run at (11,83) width 41: "space."
      RenderBlock {P} at (0,1337) size 769x37
        RenderBR {BR} at (0,0) size 0x18
        RenderBR {BR} at (0,18) size 0x18
      RenderBlock {UL} at (0,1389) size 769x263
        RenderTable {TABLE} at (40,0) size 474x262 [border: (1px outset #808080)]
          RenderBlock {CAPTION} at (0,0) size 474x18
            RenderText {#text} at (106,0) size 41x18
              text run at (106,0) width 41: "Table "
            RenderInline {B} at (0,0) size 71x18
              RenderText {#text} at (146,0) size 71x18
                text run at (146,0) width 71: "Data Cells"
            RenderText {#text} at (216,0) size 152x18
              text run at (216,0) width 152: " spanning multiple rows"
          RenderTableSection {TBODY} at (1,19) size 472x242
            RenderTableRow {TR} at (0,2) size 472x22
              RenderTableCell {TH} at (2,2) size 41x22 [bgcolor=#EE82EE] [border: (1px inset #808080)] [r=0 c=0 rs=1 cs=1]
                RenderText {#text} at (2,2) size 37x18
                  text run at (2,2) width 37: "Head"
              RenderTableCell {TD} at (44,5) size 88x40 [bgcolor=#FFFACD] [border: (1px inset #808080)] [r=0 c=1 rs=2 cs=1]
                RenderText {#text} at (2,2) size 42x18
                  text run at (2,2) width 42: "Data 1"
                RenderBR {BR} at (44,19) size 0x0
                RenderText {#text} at (2,20) size 81x18
                  text run at (2,20) width 81: "span=2 rows"
              RenderTableCell {TD} at (133,2) size 36x22 [bgcolor=#EE82EE] [border: (1px inset #808080)] [r=0 c=2 rs=1 cs=1]
                RenderText {#text} at (2,2) size 31x18
                  text run at (2,2) width 31: "col 1"
              RenderTableCell {TD} at (170,2) size 37x22 [bgcolor=#EE82EE] [border: (1px inset #808080)] [r=0 c=3 rs=1 cs=1]
                RenderText {#text} at (2,2) size 31x18
                  text run at (2,2) width 31: "col 2"
              RenderTableCell {TD} at (208,2) size 37x22 [bgcolor=#EE82EE] [border: (1px inset #808080)] [r=0 c=4 rs=1 cs=1]
                RenderText {#text} at (2,2) size 31x18
                  text run at (2,2) width 31: "col 3"
              RenderTableCell {TD} at (246,2) size 36x22 [bgcolor=#EE82EE] [border: (1px inset #808080)] [r=0 c=5 rs=1 cs=1]
                RenderText {#text} at (2,2) size 31x18
                  text run at (2,2) width 31: "col 4"
              RenderTableCell {TD} at (283,2) size 37x22 [bgcolor=#EE82EE] [border: (1px inset #808080)] [r=0 c=6 rs=1 cs=1]
                RenderText {#text} at (2,2) size 31x18
                  text run at (2,2) width 31: "col 5"
              RenderTableCell {TD} at (321,2) size 36x22 [bgcolor=#EE82EE] [border: (1px inset #808080)] [r=0 c=7 rs=1 cs=1]
                RenderText {#text} at (2,2) size 31x18
                  text run at (2,2) width 31: "col 6"
              RenderTableCell {TD} at (358,2) size 37x22 [bgcolor=#EE82EE] [border: (1px inset #808080)] [r=0 c=8 rs=1 cs=1]
                RenderText {#text} at (2,2) size 31x18
                  text run at (2,2) width 31: "col 7"
              RenderTableCell {TD} at (396,2) size 37x22 [bgcolor=#EE82EE] [border: (1px inset #808080)] [r=0 c=9 rs=1 cs=1]
                RenderText {#text} at (2,2) size 31x18
                  text run at (2,2) width 31: "col 8"
              RenderTableCell {TD} at (434,2) size 36x22 [bgcolor=#EE82EE] [border: (1px inset #808080)] [r=0 c=10 rs=1 cs=1]
                RenderText {#text} at (2,2) size 31x18
                  text run at (2,2) width 31: "col 9"
            RenderTableRow {TR} at (0,26) size 472x22
              RenderTableCell {TH} at (2,26) size 41x22 [bgcolor=#EE82EE] [border: (1px inset #808080)] [r=1 c=0 rs=1 cs=1]
                RenderText {#text} at (2,2) size 37x18
                  text run at (2,2) width 37: "Head"
              RenderTableCell {TD} at (133,26) size 36x22 [bgcolor=#EE82EE] [border: (1px inset #808080)] [r=1 c=2 rs=1 cs=1]
                RenderText {#text} at (2,2) size 31x18
                  text run at (2,2) width 31: "col 1"
              RenderTableCell {TD} at (170,26) size 37x22 [bgcolor=#EE82EE] [border: (1px inset #808080)] [r=1 c=3 rs=1 cs=1]
                RenderText {#text} at (2,2) size 31x18
                  text run at (2,2) width 31: "col 2"
              RenderTableCell {TD} at (208,26) size 37x22 [bgcolor=#EE82EE] [border: (1px inset #808080)] [r=1 c=4 rs=1 cs=1]
                RenderText {#text} at (2,2) size 31x18
                  text run at (2,2) width 31: "col 3"
              RenderTableCell {TD} at (246,26) size 36x22 [bgcolor=#EE82EE] [border: (1px inset #808080)] [r=1 c=5 rs=1 cs=1]
                RenderText {#text} at (2,2) size 31x18
                  text run at (2,2) width 31: "col 4"
              RenderTableCell {TD} at (283,26) size 37x22 [bgcolor=#EE82EE] [border: (1px inset #808080)] [r=1 c=6 rs=1 cs=1]
                RenderText {#text} at (2,2) size 31x18
                  text run at (2,2) width 31: "col 5"
              RenderTableCell {TD} at (321,26) size 36x22 [bgcolor=#EE82EE] [border: (1px inset #808080)] [r=1 c=7 rs=1 cs=1]
                RenderText {#text} at (2,2) size 31x18
                  text run at (2,2) width 31: "col 6"
              RenderTableCell {TD} at (358,26) size 37x22 [bgcolor=#EE82EE] [border: (1px inset #808080)] [r=1 c=8 rs=1 cs=1]
                RenderText {#text} at (2,2) size 31x18
                  text run at (2,2) width 31: "col 7"
              RenderTableCell {TD} at (396,26) size 37x22 [bgcolor=#EE82EE] [border: (1px inset #808080)] [r=1 c=9 rs=1 cs=1]
                RenderText {#text} at (2,2) size 31x18
                  text run at (2,2) width 31: "col 8"
              RenderTableCell {TD} at (434,26) size 36x22 [bgcolor=#EE82EE] [border: (1px inset #808080)] [r=1 c=10 rs=1 cs=1]
                RenderText {#text} at (2,2) size 31x18
                  text run at (2,2) width 31: "col 9"
            RenderTableRow {TR} at (0,50) size 472x22
              RenderTableCell {TH} at (2,50) size 41x22 [bgcolor=#90EE90] [border: (1px inset #808080)] [r=2 c=0 rs=1 cs=1]
                RenderText {#text} at (2,2) size 37x18
                  text run at (2,2) width 37: "Head"
              RenderTableCell {TD} at (44,89) size 88x40 [bgcolor=#FFFACD] [border: (1px inset #808080)] [r=2 c=1 rs=5 cs=1]
                RenderText {#text} at (2,2) size 42x18
                  text run at (2,2) width 42: "Data 2"
                RenderBR {BR} at (44,55) size 0x0
                RenderText {#text} at (2,20) size 81x18
                  text run at (2,20) width 81: "span=5 rows"
              RenderTableCell {TD} at (133,50) size 36x22 [bgcolor=#90EE90] [border: (1px inset #808080)] [r=2 c=2 rs=1 cs=1]
                RenderText {#text} at (2,2) size 31x18
                  text run at (2,2) width 31: "col 1"
              RenderTableCell {TD} at (170,50) size 37x22 [bgcolor=#90EE90] [border: (1px inset #808080)] [r=2 c=3 rs=1 cs=1]
                RenderText {#text} at (2,2) size 31x18
                  text run at (2,2) width 31: "col 2"
              RenderTableCell {TD} at (208,50) size 37x22 [bgcolor=#90EE90] [border: (1px inset #808080)] [r=2 c=4 rs=1 cs=1]
                RenderText {#text} at (2,2) size 31x18
                  text run at (2,2) width 31: "col 3"
              RenderTableCell {TD} at (246,50) size 36x22 [bgcolor=#90EE90] [border: (1px inset #808080)] [r=2 c=5 rs=1 cs=1]
                RenderText {#text} at (2,2) size 31x18
                  text run at (2,2) width 31: "col 4"
              RenderTableCell {TD} at (283,50) size 37x22 [bgcolor=#90EE90] [border: (1px inset #808080)] [r=2 c=6 rs=1 cs=1]
                RenderText {#text} at (2,2) size 31x18
                  text run at (2,2) width 31: "col 5"
              RenderTableCell {TD} at (321,50) size 36x22 [bgcolor=#90EE90] [border: (1px inset #808080)] [r=2 c=7 rs=1 cs=1]
                RenderText {#text} at (2,2) size 31x18
                  text run at (2,2) width 31: "col 6"
              RenderTableCell {TD} at (358,50) size 37x22 [bgcolor=#90EE90] [border: (1px inset #808080)] [r=2 c=8 rs=1 cs=1]
                RenderText {#text} at (2,2) size 31x18
                  text run at (2,2) width 31: "col 7"
              RenderTableCell {TD} at (396,50) size 37x22 [bgcolor=#90EE90] [border: (1px inset #808080)] [r=2 c=9 rs=1 cs=1]
                RenderText {#text} at (2,2) size 31x18
                  text run at (2,2) width 31: "col 8"
              RenderTableCell {TD} at (434,50) size 36x22 [bgcolor=#90EE90] [border: (1px inset #808080)] [r=2 c=10 rs=1 cs=1]
                RenderText {#text} at (2,2) size 31x18
                  text run at (2,2) width 31: "col 9"
            RenderTableRow {TR} at (0,74) size 472x22
              RenderTableCell {TH} at (2,74) size 41x22 [bgcolor=#90EE90] [border: (1px inset #808080)] [r=3 c=0 rs=1 cs=1]
                RenderText {#text} at (2,2) size 37x18
                  text run at (2,2) width 37: "Head"
              RenderTableCell {TD} at (133,74) size 36x22 [bgcolor=#90EE90] [border: (1px inset #808080)] [r=3 c=2 rs=1 cs=1]
                RenderText {#text} at (2,2) size 31x18
                  text run at (2,2) width 31: "col 1"
              RenderTableCell {TD} at (170,74) size 37x22 [bgcolor=#90EE90] [border: (1px inset #808080)] [r=3 c=3 rs=1 cs=1]
                RenderText {#text} at (2,2) size 31x18
                  text run at (2,2) width 31: "col 2"
              RenderTableCell {TD} at (208,74) size 37x22 [bgcolor=#90EE90] [border: (1px inset #808080)] [r=3 c=4 rs=1 cs=1]
                RenderText {#text} at (2,2) size 31x18
                  text run at (2,2) width 31: "col 3"
              RenderTableCell {TD} at (246,74) size 36x22 [bgcolor=#90EE90] [border: (1px inset #808080)] [r=3 c=5 rs=1 cs=1]
                RenderText {#text} at (2,2) size 31x18
                  text run at (2,2) width 31: "col 4"
              RenderTableCell {TD} at (283,74) size 37x22 [bgcolor=#90EE90] [border: (1px inset #808080)] [r=3 c=6 rs=1 cs=1]
                RenderText {#text} at (2,2) size 31x18
                  text run at (2,2) width 31: "col 5"
              RenderTableCell {TD} at (321,74) size 36x22 [bgcolor=#90EE90] [border: (1px inset #808080)] [r=3 c=7 rs=1 cs=1]
                RenderText {#text} at (2,2) size 31x18
                  text run at (2,2) width 31: "col 6"
              RenderTableCell {TD} at (358,74) size 37x22 [bgcolor=#90EE90] [border: (1px inset #808080)] [r=3 c=8 rs=1 cs=1]
                RenderText {#text} at (2,2) size 31x18
                  text run at (2,2) width 31: "col 7"
              RenderTableCell {TD} at (396,74) size 37x22 [bgcolor=#90EE90] [border: (1px inset #808080)] [r=3 c=9 rs=1 cs=1]
                RenderText {#text} at (2,2) size 31x18
                  text run at (2,2) width 31: "col 8"
              RenderTableCell {TD} at (434,74) size 36x22 [bgcolor=#90EE90] [border: (1px inset #808080)] [r=3 c=10 rs=1 cs=1]
                RenderText {#text} at (2,2) size 31x18
                  text run at (2,2) width 31: "col 9"
            RenderTableRow {TR} at (0,98) size 472x22
              RenderTableCell {TH} at (2,98) size 41x22 [bgcolor=#90EE90] [border: (1px inset #808080)] [r=4 c=0 rs=1 cs=1]
                RenderText {#text} at (2,2) size 37x18
                  text run at (2,2) width 37: "Head"
              RenderTableCell {TD} at (133,98) size 36x22 [bgcolor=#90EE90] [border: (1px inset #808080)] [r=4 c=2 rs=1 cs=1]
                RenderText {#text} at (2,2) size 31x18
                  text run at (2,2) width 31: "col 1"
              RenderTableCell {TD} at (170,98) size 37x22 [bgcolor=#90EE90] [border: (1px inset #808080)] [r=4 c=3 rs=1 cs=1]
                RenderText {#text} at (2,2) size 31x18
                  text run at (2,2) width 31: "col 2"
              RenderTableCell {TD} at (208,98) size 37x22 [bgcolor=#90EE90] [border: (1px inset #808080)] [r=4 c=4 rs=1 cs=1]
                RenderText {#text} at (2,2) size 31x18
                  text run at (2,2) width 31: "col 3"
              RenderTableCell {TD} at (246,98) size 36x22 [bgcolor=#90EE90] [border: (1px inset #808080)] [r=4 c=5 rs=1 cs=1]
                RenderText {#text} at (2,2) size 31x18
                  text run at (2,2) width 31: "col 4"
              RenderTableCell {TD} at (283,98) size 37x22 [bgcolor=#90EE90] [border: (1px inset #808080)] [r=4 c=6 rs=1 cs=1]
                RenderText {#text} at (2,2) size 31x18
                  text run at (2,2) width 31: "col 5"
              RenderTableCell {TD} at (321,98) size 36x22 [bgcolor=#90EE90] [border: (1px inset #808080)] [r=4 c=7 rs=1 cs=1]
                RenderText {#text} at (2,2) size 31x18
                  text run at (2,2) width 31: "col 6"
              RenderTableCell {TD} at (358,98) size 37x22 [bgcolor=#90EE90] [border: (1px inset #808080)] [r=4 c=8 rs=1 cs=1]
                RenderText {#text} at (2,2) size 31x18
                  text run at (2,2) width 31: "col 7"
              RenderTableCell {TD} at (396,98) size 37x22 [bgcolor=#90EE90] [border: (1px inset #808080)] [r=4 c=9 rs=1 cs=1]
                RenderText {#text} at (2,2) size 31x18
                  text run at (2,2) width 31: "col 8"
              RenderTableCell {TD} at (434,98) size 36x22 [bgcolor=#90EE90] [border: (1px inset #808080)] [r=4 c=10 rs=1 cs=1]
                RenderText {#text} at (2,2) size 31x18
                  text run at (2,2) width 31: "col 9"
            RenderTableRow {TR} at (0,122) size 472x22
              RenderTableCell {TH} at (2,122) size 41x22 [bgcolor=#90EE90] [border: (1px inset #808080)] [r=5 c=0 rs=1 cs=1]
                RenderText {#text} at (2,2) size 37x18
                  text run at (2,2) width 37: "Head"
              RenderTableCell {TD} at (133,122) size 36x22 [bgcolor=#90EE90] [border: (1px inset #808080)] [r=5 c=2 rs=1 cs=1]
                RenderText {#text} at (2,2) size 31x18
                  text run at (2,2) width 31: "col 1"
              RenderTableCell {TD} at (170,122) size 37x22 [bgcolor=#90EE90] [border: (1px inset #808080)] [r=5 c=3 rs=1 cs=1]
                RenderText {#text} at (2,2) size 31x18
                  text run at (2,2) width 31: "col 2"
              RenderTableCell {TD} at (208,122) size 37x22 [bgcolor=#90EE90] [border: (1px inset #808080)] [r=5 c=4 rs=1 cs=1]
                RenderText {#text} at (2,2) size 31x18
                  text run at (2,2) width 31: "col 3"
              RenderTableCell {TD} at (246,122) size 36x22 [bgcolor=#90EE90] [border: (1px inset #808080)] [r=5 c=5 rs=1 cs=1]
                RenderText {#text} at (2,2) size 31x18
                  text run at (2,2) width 31: "col 4"
              RenderTableCell {TD} at (283,122) size 37x22 [bgcolor=#90EE90] [border: (1px inset #808080)] [r=5 c=6 rs=1 cs=1]
                RenderText {#text} at (2,2) size 31x18
                  text run at (2,2) width 31: "col 5"
              RenderTableCell {TD} at (321,122) size 36x22 [bgcolor=#90EE90] [border: (1px inset #808080)] [r=5 c=7 rs=1 cs=1]
                RenderText {#text} at (2,2) size 31x18
                  text run at (2,2) width 31: "col 6"
              RenderTableCell {TD} at (358,122) size 37x22 [bgcolor=#90EE90] [border: (1px inset #808080)] [r=5 c=8 rs=1 cs=1]
                RenderText {#text} at (2,2) size 31x18
                  text run at (2,2) width 31: "col 7"
              RenderTableCell {TD} at (396,122) size 37x22 [bgcolor=#90EE90] [border: (1px inset #808080)] [r=5 c=9 rs=1 cs=1]
                RenderText {#text} at (2,2) size 31x18
                  text run at (2,2) width 31: "col 8"
              RenderTableCell {TD} at (434,122) size 36x22 [bgcolor=#90EE90] [border: (1px inset #808080)] [r=5 c=10 rs=1 cs=1]
                RenderText {#text} at (2,2) size 31x18
                  text run at (2,2) width 31: "col 9"
            RenderTableRow {TR} at (0,146) size 472x22
              RenderTableCell {TH} at (2,146) size 41x22 [bgcolor=#90EE90] [border: (1px inset #808080)] [r=6 c=0 rs=1 cs=1]
                RenderText {#text} at (2,2) size 37x18
                  text run at (2,2) width 37: "Head"
              RenderTableCell {TD} at (133,146) size 36x22 [bgcolor=#90EE90] [border: (1px inset #808080)] [r=6 c=2 rs=1 cs=1]
                RenderText {#text} at (2,2) size 31x18
                  text run at (2,2) width 31: "col 1"
              RenderTableCell {TD} at (170,146) size 37x22 [bgcolor=#90EE90] [border: (1px inset #808080)] [r=6 c=3 rs=1 cs=1]
                RenderText {#text} at (2,2) size 31x18
                  text run at (2,2) width 31: "col 2"
              RenderTableCell {TD} at (208,146) size 37x22 [bgcolor=#90EE90] [border: (1px inset #808080)] [r=6 c=4 rs=1 cs=1]
                RenderText {#text} at (2,2) size 31x18
                  text run at (2,2) width 31: "col 3"
              RenderTableCell {TD} at (246,146) size 36x22 [bgcolor=#90EE90] [border: (1px inset #808080)] [r=6 c=5 rs=1 cs=1]
                RenderText {#text} at (2,2) size 31x18
                  text run at (2,2) width 31: "col 4"
              RenderTableCell {TD} at (283,146) size 37x22 [bgcolor=#90EE90] [border: (1px inset #808080)] [r=6 c=6 rs=1 cs=1]
                RenderText {#text} at (2,2) size 31x18
                  text run at (2,2) width 31: "col 5"
              RenderTableCell {TD} at (321,146) size 36x22 [bgcolor=#90EE90] [border: (1px inset #808080)] [r=6 c=7 rs=1 cs=1]
                RenderText {#text} at (2,2) size 31x18
                  text run at (2,2) width 31: "col 6"
              RenderTableCell {TD} at (358,146) size 37x22 [bgcolor=#90EE90] [border: (1px inset #808080)] [r=6 c=8 rs=1 cs=1]
                RenderText {#text} at (2,2) size 31x18
                  text run at (2,2) width 31: "col 7"
              RenderTableCell {TD} at (396,146) size 37x22 [bgcolor=#90EE90] [border: (1px inset #808080)] [r=6 c=9 rs=1 cs=1]
                RenderText {#text} at (2,2) size 31x18
                  text run at (2,2) width 31: "col 8"
              RenderTableCell {TD} at (434,146) size 36x22 [bgcolor=#90EE90] [border: (1px inset #808080)] [r=6 c=10 rs=1 cs=1]
                RenderText {#text} at (2,2) size 31x18
                  text run at (2,2) width 31: "col 9"
            RenderTableRow {TR} at (0,170) size 472x22
              RenderTableCell {TH} at (2,170) size 41x22 [bgcolor=#ADD8E6] [border: (1px inset #808080)] [r=7 c=0 rs=1 cs=1]
                RenderText {#text} at (2,2) size 37x18
                  text run at (2,2) width 37: "Head"
              RenderTableCell {TD} at (44,185) size 88x40 [bgcolor=#FFFACD] [border: (1px inset #808080)] [r=7 c=1 rs=3 cs=1]
                RenderText {#text} at (2,2) size 42x18
                  text run at (2,2) width 42: "Data 3"
                RenderBR {BR} at (44,31) size 0x0
                RenderText {#text} at (2,20) size 81x18
                  text run at (2,20) width 81: "span=3 rows"
              RenderTableCell {TD} at (133,170) size 36x22 [bgcolor=#ADD8E6] [border: (1px inset #808080)] [r=7 c=2 rs=1 cs=1]
                RenderText {#text} at (2,2) size 31x18
                  text run at (2,2) width 31: "col 1"
              RenderTableCell {TD} at (170,170) size 37x22 [bgcolor=#ADD8E6] [border: (1px inset #808080)] [r=7 c=3 rs=1 cs=1]
                RenderText {#text} at (2,2) size 31x18
                  text run at (2,2) width 31: "col 2"
              RenderTableCell {TD} at (208,170) size 37x22 [bgcolor=#ADD8E6] [border: (1px inset #808080)] [r=7 c=4 rs=1 cs=1]
                RenderText {#text} at (2,2) size 31x18
                  text run at (2,2) width 31: "col 3"
              RenderTableCell {TD} at (246,170) size 36x22 [bgcolor=#ADD8E6] [border: (1px inset #808080)] [r=7 c=5 rs=1 cs=1]
                RenderText {#text} at (2,2) size 31x18
                  text run at (2,2) width 31: "col 4"
              RenderTableCell {TD} at (283,170) size 37x22 [bgcolor=#ADD8E6] [border: (1px inset #808080)] [r=7 c=6 rs=1 cs=1]
                RenderText {#text} at (2,2) size 31x18
                  text run at (2,2) width 31: "col 5"
              RenderTableCell {TD} at (321,170) size 36x22 [bgcolor=#ADD8E6] [border: (1px inset #808080)] [r=7 c=7 rs=1 cs=1]
                RenderText {#text} at (2,2) size 31x18
                  text run at (2,2) width 31: "col 6"
              RenderTableCell {TD} at (358,170) size 37x22 [bgcolor=#ADD8E6] [border: (1px inset #808080)] [r=7 c=8 rs=1 cs=1]
                RenderText {#text} at (2,2) size 31x18
                  text run at (2,2) width 31: "col 7"
              RenderTableCell {TD} at (396,170) size 37x22 [bgcolor=#ADD8E6] [border: (1px inset #808080)] [r=7 c=9 rs=1 cs=1]
                RenderText {#text} at (2,2) size 31x18
                  text run at (2,2) width 31: "col 8"
              RenderTableCell {TD} at (434,170) size 36x22 [bgcolor=#ADD8E6] [border: (1px inset #808080)] [r=7 c=10 rs=1 cs=1]
                RenderText {#text} at (2,2) size 31x18
                  text run at (2,2) width 31: "col 9"
            RenderTableRow {TR} at (0,194) size 472x22
              RenderTableCell {TH} at (2,194) size 41x22 [bgcolor=#ADD8E6] [border: (1px inset #808080)] [r=8 c=0 rs=1 cs=1]
                RenderText {#text} at (2,2) size 37x18
                  text run at (2,2) width 37: "Head"
              RenderTableCell {TD} at (133,194) size 36x22 [bgcolor=#ADD8E6] [border: (1px inset #808080)] [r=8 c=2 rs=1 cs=1]
                RenderText {#text} at (2,2) size 31x18
                  text run at (2,2) width 31: "col 1"
              RenderTableCell {TD} at (170,194) size 37x22 [bgcolor=#ADD8E6] [border: (1px inset #808080)] [r=8 c=3 rs=1 cs=1]
                RenderText {#text} at (2,2) size 31x18
                  text run at (2,2) width 31: "col 2"
              RenderTableCell {TD} at (208,194) size 37x22 [bgcolor=#ADD8E6] [border: (1px inset #808080)] [r=8 c=4 rs=1 cs=1]
                RenderText {#text} at (2,2) size 31x18
                  text run at (2,2) width 31: "col 3"
              RenderTableCell {TD} at (246,194) size 36x22 [bgcolor=#ADD8E6] [border: (1px inset #808080)] [r=8 c=5 rs=1 cs=1]
                RenderText {#text} at (2,2) size 31x18
                  text run at (2,2) width 31: "col 4"
              RenderTableCell {TD} at (283,194) size 37x22 [bgcolor=#ADD8E6] [border: (1px inset #808080)] [r=8 c=6 rs=1 cs=1]
                RenderText {#text} at (2,2) size 31x18
                  text run at (2,2) width 31: "col 5"
              RenderTableCell {TD} at (321,194) size 36x22 [bgcolor=#ADD8E6] [border: (1px inset #808080)] [r=8 c=7 rs=1 cs=1]
                RenderText {#text} at (2,2) size 31x18
                  text run at (2,2) width 31: "col 6"
              RenderTableCell {TD} at (358,194) size 37x22 [bgcolor=#ADD8E6] [border: (1px inset #808080)] [r=8 c=8 rs=1 cs=1]
                RenderText {#text} at (2,2) size 31x18
                  text run at (2,2) width 31: "col 7"
              RenderTableCell {TD} at (396,194) size 37x22 [bgcolor=#ADD8E6] [border: (1px inset #808080)] [r=8 c=9 rs=1 cs=1]
                RenderText {#text} at (2,2) size 31x18
                  text run at (2,2) width 31: "col 8"
              RenderTableCell {TD} at (434,194) size 36x22 [bgcolor=#ADD8E6] [border: (1px inset #808080)] [r=8 c=10 rs=1 cs=1]
                RenderText {#text} at (2,2) size 31x18
                  text run at (2,2) width 31: "col 9"
            RenderTableRow {TR} at (0,218) size 472x22
              RenderTableCell {TH} at (2,218) size 41x22 [bgcolor=#ADD8E6] [border: (1px inset #808080)] [r=9 c=0 rs=1 cs=1]
                RenderText {#text} at (2,2) size 37x18
                  text run at (2,2) width 37: "Head"
              RenderTableCell {TD} at (133,218) size 36x22 [bgcolor=#ADD8E6] [border: (1px inset #808080)] [r=9 c=2 rs=1 cs=1]
                RenderText {#text} at (2,2) size 31x18
                  text run at (2,2) width 31: "col 1"
              RenderTableCell {TD} at (170,218) size 37x22 [bgcolor=#ADD8E6] [border: (1px inset #808080)] [r=9 c=3 rs=1 cs=1]
                RenderText {#text} at (2,2) size 31x18
                  text run at (2,2) width 31: "col 2"
              RenderTableCell {TD} at (208,218) size 37x22 [bgcolor=#ADD8E6] [border: (1px inset #808080)] [r=9 c=4 rs=1 cs=1]
                RenderText {#text} at (2,2) size 31x18
                  text run at (2,2) width 31: "col 3"
              RenderTableCell {TD} at (246,218) size 36x22 [bgcolor=#ADD8E6] [border: (1px inset #808080)] [r=9 c=5 rs=1 cs=1]
                RenderText {#text} at (2,2) size 31x18
                  text run at (2,2) width 31: "col 4"
              RenderTableCell {TD} at (283,218) size 37x22 [bgcolor=#ADD8E6] [border: (1px inset #808080)] [r=9 c=6 rs=1 cs=1]
                RenderText {#text} at (2,2) size 31x18
                  text run at (2,2) width 31: "col 5"
              RenderTableCell {TD} at (321,218) size 36x22 [bgcolor=#ADD8E6] [border: (1px inset #808080)] [r=9 c=7 rs=1 cs=1]
                RenderText {#text} at (2,2) size 31x18
                  text run at (2,2) width 31: "col 6"
              RenderTableCell {TD} at (358,218) size 37x22 [bgcolor=#ADD8E6] [border: (1px inset #808080)] [r=9 c=8 rs=1 cs=1]
                RenderText {#text} at (2,2) size 31x18
                  text run at (2,2) width 31: "col 7"
              RenderTableCell {TD} at (396,218) size 37x22 [bgcolor=#ADD8E6] [border: (1px inset #808080)] [r=9 c=9 rs=1 cs=1]
                RenderText {#text} at (2,2) size 31x18
                  text run at (2,2) width 31: "col 8"
              RenderTableCell {TD} at (434,218) size 36x22 [bgcolor=#ADD8E6] [border: (1px inset #808080)] [r=9 c=10 rs=1 cs=1]
                RenderText {#text} at (2,2) size 31x18
                  text run at (2,2) width 31: "col 9"
      RenderBlock {P} at (0,1667) size 769x0
      RenderBlock {HR} at (0,1667) size 769x3 [border: (1px inset #000000)]
      RenderBlock {P} at (0,1685) size 769x62
        RenderTable {TABLE} at (0,0) size 654x61 [bgcolor=#F08080] [border: (1px outset #808080)]
          RenderTableSection {TBODY} at (1,1) size 652x59
            RenderTableRow {TR} at (0,2) size 652x55
              RenderTableCell {TH} at (2,2) size 648x55 [border: (1px inset #808080)] [r=0 c=0 rs=1 cs=1]
                RenderInline {A} at (0,0) size 0x0
                RenderText {#text} at (11,11) size 95x18
                  text run at (11,11) width 95: "Test Case #3: "
                RenderInline {FONT} at (0,0) size 410x18 [color=#0000FF]
                  RenderText {#text} at (106,11) size 410x18
                    text run at (106,11) width 410: "table with nested header & data cells spanning multiple rows"
                RenderText {#text} at (516,11) size 4x18
                  text run at (516,11) width 4: " "
                RenderInline {FONT} at (0,0) size 571x31
                  RenderInline {I} at (0,0) size 571x31
                    RenderText {#text} at (520,13) size 571x31
                      text run at (520,13) width 62: "(using <TH"
                      text run at (11,29) width 353: "ROWSPAN=integer value> <TD ROWSPAN=integer value> tag)"
                RenderText {#text} at (0,0) size 0x0
      RenderBlock {P} at (0,1762) size 769x37
        RenderBR {BR} at (0,0) size 0x18
        RenderBR {BR} at (0,18) size 0x18
      RenderBlock {UL} at (0,1814) size 769x443
        RenderTable {TABLE} at (40,0) size 474x442 [border: (1px outset #808080)]
          RenderBlock {CAPTION} at (0,0) size 474x18
            RenderText {#text} at (28,0) size 89x18
              text run at (28,0) width 89: "Nested Table "
            RenderInline {B} at (0,0) size 88x18
              RenderText {#text} at (116,0) size 88x18
                text run at (116,0) width 88: "Header Cells"
            RenderText {#text} at (203,0) size 21x18
              text run at (203,0) width 21: " & "
            RenderInline {B} at (0,0) size 71x18
              RenderText {#text} at (223,0) size 71x18
                text run at (223,0) width 71: "Data Cells"
            RenderText {#text} at (293,0) size 152x18
              text run at (293,0) width 152: " spanning multiple rows"
          RenderTableSection {TBODY} at (1,19) size 472x422
            RenderTableRow {TR} at (0,2) size 472x40
              RenderTableCell {TH} at (2,119) size 83x58 [bgcolor=#FFE4C4] [border: (1px inset #808080)] [r=0 c=0 rs=7 cs=1]
                RenderText {#text} at (10,2) size 63x18
                  text run at (10,2) width 63: "Header 1"
                RenderBR {BR} at (72,133) size 1x0
                RenderText {#text} at (16,20) size 50x36
                  text run at (16,20) width 50: "span=7"
                  text run at (24,38) width 34: "rows"
              RenderTableCell {TD} at (86,14) size 78x58 [bgcolor=#FFFACD] [border: (1px inset #808080)] [r=0 c=1 rs=2 cs=1]
                RenderText {#text} at (2,2) size 42x18
                  text run at (2,2) width 42: "Data 1"
                RenderBR {BR} at (44,28) size 0x0
                RenderText {#text} at (2,20) size 46x36
                  text run at (2,20) width 46: "span=2"
                  text run at (2,38) width 31: "rows"
              RenderTableCell {TD} at (165,2) size 33x40 [bgcolor=#EE82EE] [border: (1px inset #808080)] [r=0 c=2 rs=1 cs=1]
                RenderText {#text} at (2,2) size 19x36
                  text run at (2,2) width 19: "col"
                  text run at (2,20) width 8: "1"
              RenderTableCell {TD} at (199,2) size 33x40 [bgcolor=#EE82EE] [border: (1px inset #808080)] [r=0 c=3 rs=1 cs=1]
                RenderText {#text} at (2,2) size 19x36
                  text run at (2,2) width 19: "col"
                  text run at (2,20) width 8: "2"
              RenderTableCell {TD} at (233,2) size 33x40 [bgcolor=#EE82EE] [border: (1px inset #808080)] [r=0 c=4 rs=1 cs=1]
                RenderText {#text} at (2,2) size 19x36
                  text run at (2,2) width 19: "col"
                  text run at (2,20) width 8: "3"
              RenderTableCell {TD} at (267,2) size 33x40 [bgcolor=#EE82EE] [border: (1px inset #808080)] [r=0 c=5 rs=1 cs=1]
                RenderText {#text} at (2,2) size 19x36
                  text run at (2,2) width 19: "col"
                  text run at (2,20) width 8: "4"
              RenderTableCell {TD} at (301,2) size 33x40 [bgcolor=#EE82EE] [border: (1px inset #808080)] [r=0 c=6 rs=1 cs=1]
                RenderText {#text} at (2,2) size 19x36
                  text run at (2,2) width 19: "col"
                  text run at (2,20) width 8: "5"
              RenderTableCell {TD} at (335,2) size 33x40 [bgcolor=#EE82EE] [border: (1px inset #808080)] [r=0 c=7 rs=1 cs=1]
                RenderText {#text} at (2,2) size 19x36
                  text run at (2,2) width 19: "col"
                  text run at (2,20) width 8: "6"
              RenderTableCell {TD} at (369,2) size 33x40 [bgcolor=#EE82EE] [border: (1px inset #808080)] [r=0 c=8 rs=1 cs=1]
                RenderText {#text} at (2,2) size 19x36
                  text run at (2,2) width 19: "col"
                  text run at (2,20) width 8: "7"
              RenderTableCell {TD} at (403,2) size 33x40 [bgcolor=#EE82EE] [border: (1px inset #808080)] [r=0 c=9 rs=1 cs=1]
                RenderText {#text} at (2,2) size 19x36
                  text run at (2,2) width 19: "col"
                  text run at (2,20) width 8: "8"
              RenderTableCell {TD} at (437,2) size 33x40 [bgcolor=#EE82EE] [border: (1px inset #808080)] [r=0 c=10 rs=1 cs=1]
                RenderText {#text} at (2,2) size 19x36
                  text run at (2,2) width 19: "col"
                  text run at (2,20) width 8: "9"
            RenderTableRow {TR} at (0,44) size 472x40
              RenderTableCell {TD} at (165,44) size 33x40 [bgcolor=#EE82EE] [border: (1px inset #808080)] [r=1 c=2 rs=1 cs=1]
                RenderText {#text} at (2,2) size 19x36
                  text run at (2,2) width 19: "col"
                  text run at (2,20) width 8: "1"
              RenderTableCell {TD} at (199,44) size 33x40 [bgcolor=#EE82EE] [border: (1px inset #808080)] [r=1 c=3 rs=1 cs=1]
                RenderText {#text} at (2,2) size 19x36
                  text run at (2,2) width 19: "col"
                  text run at (2,20) width 8: "2"
              RenderTableCell {TD} at (233,44) size 33x40 [bgcolor=#EE82EE] [border: (1px inset #808080)] [r=1 c=4 rs=1 cs=1]
                RenderText {#text} at (2,2) size 19x36
                  text run at (2,2) width 19: "col"
                  text run at (2,20) width 8: "3"
              RenderTableCell {TD} at (267,44) size 33x40 [bgcolor=#EE82EE] [border: (1px inset #808080)] [r=1 c=5 rs=1 cs=1]
                RenderText {#text} at (2,2) size 19x36
                  text run at (2,2) width 19: "col"
                  text run at (2,20) width 8: "4"
              RenderTableCell {TD} at (301,44) size 33x40 [bgcolor=#EE82EE] [border: (1px inset #808080)] [r=1 c=6 rs=1 cs=1]
                RenderText {#text} at (2,2) size 19x36
                  text run at (2,2) width 19: "col"
                  text run at (2,20) width 8: "5"
              RenderTableCell {TD} at (335,44) size 33x40 [bgcolor=#EE82EE] [border: (1px inset #808080)] [r=1 c=7 rs=1 cs=1]
                RenderText {#text} at (2,2) size 19x36
                  text run at (2,2) width 19: "col"
                  text run at (2,20) width 8: "6"
              RenderTableCell {TD} at (369,44) size 33x40 [bgcolor=#EE82EE] [border: (1px inset #808080)] [r=1 c=8 rs=1 cs=1]
                RenderText {#text} at (2,2) size 19x36
                  text run at (2,2) width 19: "col"
                  text run at (2,20) width 8: "7"
              RenderTableCell {TD} at (403,44) size 33x40 [bgcolor=#EE82EE] [border: (1px inset #808080)] [r=1 c=9 rs=1 cs=1]
                RenderText {#text} at (2,2) size 19x36
                  text run at (2,2) width 19: "col"
                  text run at (2,20) width 8: "8"
              RenderTableCell {TD} at (437,44) size 33x40 [bgcolor=#EE82EE] [border: (1px inset #808080)] [r=1 c=10 rs=1 cs=1]
                RenderText {#text} at (2,2) size 19x36
                  text run at (2,2) width 19: "col"
                  text run at (2,20) width 8: "9"
            RenderTableRow {TR} at (0,86) size 472x40
              RenderTableCell {TD} at (86,161) size 78x58 [bgcolor=#FFFACD] [border: (1px inset #808080)] [r=2 c=1 rs=5 cs=1]
                RenderText {#text} at (2,2) size 42x18
                  text run at (2,2) width 42: "Data 2"
                RenderBR {BR} at (44,91) size 0x0
                RenderText {#text} at (2,20) size 46x36
                  text run at (2,20) width 46: "span=5"
                  text run at (2,38) width 31: "rows"
              RenderTableCell {TD} at (165,86) size 33x40 [bgcolor=#90EE90] [border: (1px inset #808080)] [r=2 c=2 rs=1 cs=1]
                RenderText {#text} at (2,2) size 19x36
                  text run at (2,2) width 19: "col"
                  text run at (2,20) width 8: "1"
              RenderTableCell {TD} at (199,86) size 33x40 [bgcolor=#90EE90] [border: (1px inset #808080)] [r=2 c=3 rs=1 cs=1]
                RenderText {#text} at (2,2) size 19x36
                  text run at (2,2) width 19: "col"
                  text run at (2,20) width 8: "2"
              RenderTableCell {TD} at (233,86) size 33x40 [bgcolor=#90EE90] [border: (1px inset #808080)] [r=2 c=4 rs=1 cs=1]
                RenderText {#text} at (2,2) size 19x36
                  text run at (2,2) width 19: "col"
                  text run at (2,20) width 8: "3"
              RenderTableCell {TD} at (267,86) size 33x40 [bgcolor=#90EE90] [border: (1px inset #808080)] [r=2 c=5 rs=1 cs=1]
                RenderText {#text} at (2,2) size 19x36
                  text run at (2,2) width 19: "col"
                  text run at (2,20) width 8: "4"
              RenderTableCell {TD} at (301,86) size 33x40 [bgcolor=#90EE90] [border: (1px inset #808080)] [r=2 c=6 rs=1 cs=1]
                RenderText {#text} at (2,2) size 19x36
                  text run at (2,2) width 19: "col"
                  text run at (2,20) width 8: "5"
              RenderTableCell {TD} at (335,86) size 33x40 [bgcolor=#90EE90] [border: (1px inset #808080)] [r=2 c=7 rs=1 cs=1]
                RenderText {#text} at (2,2) size 19x36
                  text run at (2,2) width 19: "col"
                  text run at (2,20) width 8: "6"
              RenderTableCell {TD} at (369,86) size 33x40 [bgcolor=#90EE90] [border: (1px inset #808080)] [r=2 c=8 rs=1 cs=1]
                RenderText {#text} at (2,2) size 19x36
                  text run at (2,2) width 19: "col"
                  text run at (2,20) width 8: "7"
              RenderTableCell {TD} at (403,86) size 33x40 [bgcolor=#90EE90] [border: (1px inset #808080)] [r=2 c=9 rs=1 cs=1]
                RenderText {#text} at (2,2) size 19x36
                  text run at (2,2) width 19: "col"
                  text run at (2,20) width 8: "8"
              RenderTableCell {TD} at (437,86) size 33x40 [bgcolor=#90EE90] [border: (1px inset #808080)] [r=2 c=10 rs=1 cs=1]
                RenderText {#text} at (2,2) size 19x36
                  text run at (2,2) width 19: "col"
                  text run at (2,20) width 8: "9"
            RenderTableRow {TR} at (0,128) size 472x40
              RenderTableCell {TD} at (165,128) size 33x40 [bgcolor=#90EE90] [border: (1px inset #808080)] [r=3 c=2 rs=1 cs=1]
                RenderText {#text} at (2,2) size 19x36
                  text run at (2,2) width 19: "col"
                  text run at (2,20) width 8: "1"
              RenderTableCell {TD} at (199,128) size 33x40 [bgcolor=#90EE90] [border: (1px inset #808080)] [r=3 c=3 rs=1 cs=1]
                RenderText {#text} at (2,2) size 19x36
                  text run at (2,2) width 19: "col"
                  text run at (2,20) width 8: "2"
              RenderTableCell {TD} at (233,128) size 33x40 [bgcolor=#90EE90] [border: (1px inset #808080)] [r=3 c=4 rs=1 cs=1]
                RenderText {#text} at (2,2) size 19x36
                  text run at (2,2) width 19: "col"
                  text run at (2,20) width 8: "3"
              RenderTableCell {TD} at (267,128) size 33x40 [bgcolor=#90EE90] [border: (1px inset #808080)] [r=3 c=5 rs=1 cs=1]
                RenderText {#text} at (2,2) size 19x36
                  text run at (2,2) width 19: "col"
                  text run at (2,20) width 8: "4"
              RenderTableCell {TD} at (301,128) size 33x40 [bgcolor=#90EE90] [border: (1px inset #808080)] [r=3 c=6 rs=1 cs=1]
                RenderText {#text} at (2,2) size 19x36
                  text run at (2,2) width 19: "col"
                  text run at (2,20) width 8: "5"
              RenderTableCell {TD} at (335,128) size 33x40 [bgcolor=#90EE90] [border: (1px inset #808080)] [r=3 c=7 rs=1 cs=1]
                RenderText {#text} at (2,2) size 19x36
                  text run at (2,2) width 19: "col"
                  text run at (2,20) width 8: "6"
              RenderTableCell {TD} at (369,128) size 33x40 [bgcolor=#90EE90] [border: (1px inset #808080)] [r=3 c=8 rs=1 cs=1]
                RenderText {#text} at (2,2) size 19x36
                  text run at (2,2) width 19: "col"
                  text run at (2,20) width 8: "7"
              RenderTableCell {TD} at (403,128) size 33x40 [bgcolor=#90EE90] [border: (1px inset #808080)] [r=3 c=9 rs=1 cs=1]
                RenderText {#text} at (2,2) size 19x36
                  text run at (2,2) width 19: "col"
                  text run at (2,20) width 8: "8"
              RenderTableCell {TD} at (437,128) size 33x40 [bgcolor=#90EE90] [border: (1px inset #808080)] [r=3 c=10 rs=1 cs=1]
                RenderText {#text} at (2,2) size 19x36
                  text run at (2,2) width 19: "col"
                  text run at (2,20) width 8: "9"
            RenderTableRow {TR} at (0,170) size 472x40
              RenderTableCell {TD} at (165,170) size 33x40 [bgcolor=#90EE90] [border: (1px inset #808080)] [r=4 c=2 rs=1 cs=1]
                RenderText {#text} at (2,2) size 19x36
                  text run at (2,2) width 19: "col"
                  text run at (2,20) width 8: "1"
              RenderTableCell {TD} at (199,170) size 33x40 [bgcolor=#90EE90] [border: (1px inset #808080)] [r=4 c=3 rs=1 cs=1]
                RenderText {#text} at (2,2) size 19x36
                  text run at (2,2) width 19: "col"
                  text run at (2,20) width 8: "2"
              RenderTableCell {TD} at (233,170) size 33x40 [bgcolor=#90EE90] [border: (1px inset #808080)] [r=4 c=4 rs=1 cs=1]
                RenderText {#text} at (2,2) size 19x36
                  text run at (2,2) width 19: "col"
                  text run at (2,20) width 8: "3"
              RenderTableCell {TD} at (267,170) size 33x40 [bgcolor=#90EE90] [border: (1px inset #808080)] [r=4 c=5 rs=1 cs=1]
                RenderText {#text} at (2,2) size 19x36
                  text run at (2,2) width 19: "col"
                  text run at (2,20) width 8: "4"
              RenderTableCell {TD} at (301,170) size 33x40 [bgcolor=#90EE90] [border: (1px inset #808080)] [r=4 c=6 rs=1 cs=1]
                RenderText {#text} at (2,2) size 19x36
                  text run at (2,2) width 19: "col"
                  text run at (2,20) width 8: "5"
              RenderTableCell {TD} at (335,170) size 33x40 [bgcolor=#90EE90] [border: (1px inset #808080)] [r=4 c=7 rs=1 cs=1]
                RenderText {#text} at (2,2) size 19x36
                  text run at (2,2) width 19: "col"
                  text run at (2,20) width 8: "6"
              RenderTableCell {TD} at (369,170) size 33x40 [bgcolor=#90EE90] [border: (1px inset #808080)] [r=4 c=8 rs=1 cs=1]
                RenderText {#text} at (2,2) size 19x36
                  text run at (2,2) width 19: "col"
                  text run at (2,20) width 8: "7"
              RenderTableCell {TD} at (403,170) size 33x40 [bgcolor=#90EE90] [border: (1px inset #808080)] [r=4 c=9 rs=1 cs=1]
                RenderText {#text} at (2,2) size 19x36
                  text run at (2,2) width 19: "col"
                  text run at (2,20) width 8: "8"
              RenderTableCell {TD} at (437,170) size 33x40 [bgcolor=#90EE90] [border: (1px inset #808080)] [r=4 c=10 rs=1 cs=1]
                RenderText {#text} at (2,2) size 19x36
                  text run at (2,2) width 19: "col"
                  text run at (2,20) width 8: "9"
            RenderTableRow {TR} at (0,212) size 472x40
              RenderTableCell {TD} at (165,212) size 33x40 [bgcolor=#90EE90] [border: (1px inset #808080)] [r=5 c=2 rs=1 cs=1]
                RenderText {#text} at (2,2) size 19x36
                  text run at (2,2) width 19: "col"
                  text run at (2,20) width 8: "1"
              RenderTableCell {TD} at (199,212) size 33x40 [bgcolor=#90EE90] [border: (1px inset #808080)] [r=5 c=3 rs=1 cs=1]
                RenderText {#text} at (2,2) size 19x36
                  text run at (2,2) width 19: "col"
                  text run at (2,20) width 8: "2"
              RenderTableCell {TD} at (233,212) size 33x40 [bgcolor=#90EE90] [border: (1px inset #808080)] [r=5 c=4 rs=1 cs=1]
                RenderText {#text} at (2,2) size 19x36
                  text run at (2,2) width 19: "col"
                  text run at (2,20) width 8: "3"
              RenderTableCell {TD} at (267,212) size 33x40 [bgcolor=#90EE90] [border: (1px inset #808080)] [r=5 c=5 rs=1 cs=1]
                RenderText {#text} at (2,2) size 19x36
                  text run at (2,2) width 19: "col"
                  text run at (2,20) width 8: "4"
              RenderTableCell {TD} at (301,212) size 33x40 [bgcolor=#90EE90] [border: (1px inset #808080)] [r=5 c=6 rs=1 cs=1]
                RenderText {#text} at (2,2) size 19x36
                  text run at (2,2) width 19: "col"
                  text run at (2,20) width 8: "5"
              RenderTableCell {TD} at (335,212) size 33x40 [bgcolor=#90EE90] [border: (1px inset #808080)] [r=5 c=7 rs=1 cs=1]
                RenderText {#text} at (2,2) size 19x36
                  text run at (2,2) width 19: "col"
                  text run at (2,20) width 8: "6"
              RenderTableCell {TD} at (369,212) size 33x40 [bgcolor=#90EE90] [border: (1px inset #808080)] [r=5 c=8 rs=1 cs=1]
                RenderText {#text} at (2,2) size 19x36
                  text run at (2,2) width 19: "col"
                  text run at (2,20) width 8: "7"
              RenderTableCell {TD} at (403,212) size 33x40 [bgcolor=#90EE90] [border: (1px inset #808080)] [r=5 c=9 rs=1 cs=1]
                RenderText {#text} at (2,2) size 19x36
                  text run at (2,2) width 19: "col"
                  text run at (2,20) width 8: "8"
              RenderTableCell {TD} at (437,212) size 33x40 [bgcolor=#90EE90] [border: (1px inset #808080)] [r=5 c=10 rs=1 cs=1]
                RenderText {#text} at (2,2) size 19x36
                  text run at (2,2) width 19: "col"
                  text run at (2,20) width 8: "9"
            RenderTableRow {TR} at (0,254) size 472x40
              RenderTableCell {TD} at (165,254) size 33x40 [bgcolor=#90EE90] [border: (1px inset #808080)] [r=6 c=2 rs=1 cs=1]
                RenderText {#text} at (2,2) size 19x36
                  text run at (2,2) width 19: "col"
                  text run at (2,20) width 8: "1"
              RenderTableCell {TD} at (199,254) size 33x40 [bgcolor=#90EE90] [border: (1px inset #808080)] [r=6 c=3 rs=1 cs=1]
                RenderText {#text} at (2,2) size 19x36
                  text run at (2,2) width 19: "col"
                  text run at (2,20) width 8: "2"
              RenderTableCell {TD} at (233,254) size 33x40 [bgcolor=#90EE90] [border: (1px inset #808080)] [r=6 c=4 rs=1 cs=1]
                RenderText {#text} at (2,2) size 19x36
                  text run at (2,2) width 19: "col"
                  text run at (2,20) width 8: "3"
              RenderTableCell {TD} at (267,254) size 33x40 [bgcolor=#90EE90] [border: (1px inset #808080)] [r=6 c=5 rs=1 cs=1]
                RenderText {#text} at (2,2) size 19x36
                  text run at (2,2) width 19: "col"
                  text run at (2,20) width 8: "4"
              RenderTableCell {TD} at (301,254) size 33x40 [bgcolor=#90EE90] [border: (1px inset #808080)] [r=6 c=6 rs=1 cs=1]
                RenderText {#text} at (2,2) size 19x36
                  text run at (2,2) width 19: "col"
                  text run at (2,20) width 8: "5"
              RenderTableCell {TD} at (335,254) size 33x40 [bgcolor=#90EE90] [border: (1px inset #808080)] [r=6 c=7 rs=1 cs=1]
                RenderText {#text} at (2,2) size 19x36
                  text run at (2,2) width 19: "col"
                  text run at (2,20) width 8: "6"
              RenderTableCell {TD} at (369,254) size 33x40 [bgcolor=#90EE90] [border: (1px inset #808080)] [r=6 c=8 rs=1 cs=1]
                RenderText {#text} at (2,2) size 19x36
                  text run at (2,2) width 19: "col"
                  text run at (2,20) width 8: "7"
              RenderTableCell {TD} at (403,254) size 33x40 [bgcolor=#90EE90] [border: (1px inset #808080)] [r=6 c=9 rs=1 cs=1]
                RenderText {#text} at (2,2) size 19x36
                  text run at (2,2) width 19: "col"
                  text run at (2,20) width 8: "8"
              RenderTableCell {TD} at (437,254) size 33x40 [bgcolor=#90EE90] [border: (1px inset #808080)] [r=6 c=10 rs=1 cs=1]
                RenderText {#text} at (2,2) size 19x36
                  text run at (2,2) width 19: "col"
                  text run at (2,20) width 8: "9"
            RenderTableRow {TR} at (0,296) size 472x40
              RenderTableCell {TH} at (2,329) size 83x58 [bgcolor=#FFE4C4] [border: (1px inset #808080)] [r=7 c=0 rs=3 cs=1]
                RenderText {#text} at (10,2) size 63x18
                  text run at (10,2) width 63: "Header 2"
                RenderBR {BR} at (72,49) size 1x0
                RenderText {#text} at (16,20) size 50x36
                  text run at (16,20) width 50: "span=3"
                  text run at (24,38) width 34: "rows"
              RenderTableCell {TD} at (86,329) size 78x58 [bgcolor=#FFFACD] [border: (1px inset #808080)] [r=7 c=1 rs=3 cs=1]
                RenderText {#text} at (2,2) size 42x18
                  text run at (2,2) width 42: "Data 3"
                RenderBR {BR} at (44,49) size 0x0
                RenderText {#text} at (2,20) size 46x36
                  text run at (2,20) width 46: "span=3"
                  text run at (2,38) width 31: "rows"
              RenderTableCell {TD} at (165,296) size 33x40 [bgcolor=#ADD8E6] [border: (1px inset #808080)] [r=7 c=2 rs=1 cs=1]
                RenderText {#text} at (2,2) size 19x36
                  text run at (2,2) width 19: "col"
                  text run at (2,20) width 8: "1"
              RenderTableCell {TD} at (199,296) size 33x40 [bgcolor=#ADD8E6] [border: (1px inset #808080)] [r=7 c=3 rs=1 cs=1]
                RenderText {#text} at (2,2) size 19x36
                  text run at (2,2) width 19: "col"
                  text run at (2,20) width 8: "2"
              RenderTableCell {TD} at (233,296) size 33x40 [bgcolor=#ADD8E6] [border: (1px inset #808080)] [r=7 c=4 rs=1 cs=1]
                RenderText {#text} at (2,2) size 19x36
                  text run at (2,2) width 19: "col"
                  text run at (2,20) width 8: "3"
              RenderTableCell {TD} at (267,296) size 33x40 [bgcolor=#ADD8E6] [border: (1px inset #808080)] [r=7 c=5 rs=1 cs=1]
                RenderText {#text} at (2,2) size 19x36
                  text run at (2,2) width 19: "col"
                  text run at (2,20) width 8: "4"
              RenderTableCell {TD} at (301,296) size 33x40 [bgcolor=#ADD8E6] [border: (1px inset #808080)] [r=7 c=6 rs=1 cs=1]
                RenderText {#text} at (2,2) size 19x36
                  text run at (2,2) width 19: "col"
                  text run at (2,20) width 8: "5"
              RenderTableCell {TD} at (335,296) size 33x40 [bgcolor=#ADD8E6] [border: (1px inset #808080)] [r=7 c=7 rs=1 cs=1]
                RenderText {#text} at (2,2) size 19x36
                  text run at (2,2) width 19: "col"
                  text run at (2,20) width 8: "6"
              RenderTableCell {TD} at (369,296) size 33x40 [bgcolor=#ADD8E6] [border: (1px inset #808080)] [r=7 c=8 rs=1 cs=1]
                RenderText {#text} at (2,2) size 19x36
                  text run at (2,2) width 19: "col"
                  text run at (2,20) width 8: "7"
              RenderTableCell {TD} at (403,296) size 33x40 [bgcolor=#ADD8E6] [border: (1px inset #808080)] [r=7 c=9 rs=1 cs=1]
                RenderText {#text} at (2,2) size 19x36
                  text run at (2,2) width 19: "col"
                  text run at (2,20) width 8: "8"
              RenderTableCell {TD} at (437,296) size 33x40 [bgcolor=#ADD8E6] [border: (1px inset #808080)] [r=7 c=10 rs=1 cs=1]
                RenderText {#text} at (2,2) size 19x36
                  text run at (2,2) width 19: "col"
                  text run at (2,20) width 8: "9"
            RenderTableRow {TR} at (0,338) size 472x40
              RenderTableCell {TD} at (165,338) size 33x40 [bgcolor=#ADD8E6] [border: (1px inset #808080)] [r=8 c=2 rs=1 cs=1]
                RenderText {#text} at (2,2) size 19x36
                  text run at (2,2) width 19: "col"
                  text run at (2,20) width 8: "1"
              RenderTableCell {TD} at (199,338) size 33x40 [bgcolor=#ADD8E6] [border: (1px inset #808080)] [r=8 c=3 rs=1 cs=1]
                RenderText {#text} at (2,2) size 19x36
                  text run at (2,2) width 19: "col"
                  text run at (2,20) width 8: "2"
              RenderTableCell {TD} at (233,338) size 33x40 [bgcolor=#ADD8E6] [border: (1px inset #808080)] [r=8 c=4 rs=1 cs=1]
                RenderText {#text} at (2,2) size 19x36
                  text run at (2,2) width 19: "col"
                  text run at (2,20) width 8: "3"
              RenderTableCell {TD} at (267,338) size 33x40 [bgcolor=#ADD8E6] [border: (1px inset #808080)] [r=8 c=5 rs=1 cs=1]
                RenderText {#text} at (2,2) size 19x36
                  text run at (2,2) width 19: "col"
                  text run at (2,20) width 8: "4"
              RenderTableCell {TD} at (301,338) size 33x40 [bgcolor=#ADD8E6] [border: (1px inset #808080)] [r=8 c=6 rs=1 cs=1]
                RenderText {#text} at (2,2) size 19x36
                  text run at (2,2) width 19: "col"
                  text run at (2,20) width 8: "5"
              RenderTableCell {TD} at (335,338) size 33x40 [bgcolor=#ADD8E6] [border: (1px inset #808080)] [r=8 c=7 rs=1 cs=1]
                RenderText {#text} at (2,2) size 19x36
                  text run at (2,2) width 19: "col"
                  text run at (2,20) width 8: "6"
              RenderTableCell {TD} at (369,338) size 33x40 [bgcolor=#ADD8E6] [border: (1px inset #808080)] [r=8 c=8 rs=1 cs=1]
                RenderText {#text} at (2,2) size 19x36
                  text run at (2,2) width 19: "col"
                  text run at (2,20) width 8: "7"
              RenderTableCell {TD} at (403,338) size 33x40 [bgcolor=#ADD8E6] [border: (1px inset #808080)] [r=8 c=9 rs=1 cs=1]
                RenderText {#text} at (2,2) size 19x36
                  text run at (2,2) width 19: "col"
                  text run at (2,20) width 8: "8"
              RenderTableCell {TD} at (437,338) size 33x40 [bgcolor=#ADD8E6] [border: (1px inset #808080)] [r=8 c=10 rs=1 cs=1]
                RenderText {#text} at (2,2) size 19x36
                  text run at (2,2) width 19: "col"
                  text run at (2,20) width 8: "9"
            RenderTableRow {TR} at (0,380) size 472x40
              RenderTableCell {TD} at (165,380) size 33x40 [bgcolor=#ADD8E6] [border: (1px inset #808080)] [r=9 c=2 rs=1 cs=1]
                RenderText {#text} at (2,2) size 19x36
                  text run at (2,2) width 19: "col"
                  text run at (2,20) width 8: "1"
              RenderTableCell {TD} at (199,380) size 33x40 [bgcolor=#ADD8E6] [border: (1px inset #808080)] [r=9 c=3 rs=1 cs=1]
                RenderText {#text} at (2,2) size 19x36
                  text run at (2,2) width 19: "col"
                  text run at (2,20) width 8: "2"
              RenderTableCell {TD} at (233,380) size 33x40 [bgcolor=#ADD8E6] [border: (1px inset #808080)] [r=9 c=4 rs=1 cs=1]
                RenderText {#text} at (2,2) size 19x36
                  text run at (2,2) width 19: "col"
                  text run at (2,20) width 8: "3"
              RenderTableCell {TD} at (267,380) size 33x40 [bgcolor=#ADD8E6] [border: (1px inset #808080)] [r=9 c=5 rs=1 cs=1]
                RenderText {#text} at (2,2) size 19x36
                  text run at (2,2) width 19: "col"
                  text run at (2,20) width 8: "4"
              RenderTableCell {TD} at (301,380) size 33x40 [bgcolor=#ADD8E6] [border: (1px inset #808080)] [r=9 c=6 rs=1 cs=1]
                RenderText {#text} at (2,2) size 19x36
                  text run at (2,2) width 19: "col"
                  text run at (2,20) width 8: "5"
              RenderTableCell {TD} at (335,380) size 33x40 [bgcolor=#ADD8E6] [border: (1px inset #808080)] [r=9 c=7 rs=1 cs=1]
                RenderText {#text} at (2,2) size 19x36
                  text run at (2,2) width 19: "col"
                  text run at (2,20) width 8: "6"
              RenderTableCell {TD} at (369,380) size 33x40 [bgcolor=#ADD8E6] [border: (1px inset #808080)] [r=9 c=8 rs=1 cs=1]
                RenderText {#text} at (2,2) size 19x36
                  text run at (2,2) width 19: "col"
                  text run at (2,20) width 8: "7"
              RenderTableCell {TD} at (403,380) size 33x40 [bgcolor=#ADD8E6] [border: (1px inset #808080)] [r=9 c=9 rs=1 cs=1]
                RenderText {#text} at (2,2) size 19x36
                  text run at (2,2) width 19: "col"
                  text run at (2,20) width 8: "8"
              RenderTableCell {TD} at (437,380) size 33x40 [bgcolor=#ADD8E6] [border: (1px inset #808080)] [r=9 c=10 rs=1 cs=1]
                RenderText {#text} at (2,2) size 19x36
                  text run at (2,2) width 19: "col"
                  text run at (2,20) width 8: "9"
      RenderBlock {P} at (0,2272) size 769x0
      RenderBlock {HR} at (0,2272) size 769x3 [border: (1px inset #000000)]
      RenderBlock (anonymous) at (0,2282) size 769x19
        RenderImage {IMG} at (0,1) size 13x13
        RenderText {#text} at (13,0) size 129x18
          text run at (13,0) width 129: " Created 9/19/96 by "
        RenderInline {A} at (0,0) size 82x18 [color=#0000EE]
          RenderText {#text} at (142,0) size 82x18
            text run at (142,0) width 82: "Ronald Greti"
        RenderBR {BR} at (224,14) size 0x0
      RenderBlock {P} at (0,2316) size 769x19
        RenderBR {BR} at (0,0) size 0x18
