layer at (0,0) size 800x600
  RenderView at (0,0) size 800x600
layer at (0,0) size 800x61
  RenderBlock {HTML} at (0,0) size 800x61
    RenderBody {BODY} at (8,8) size 784x45
      RenderBR {BR} at (154,0) size 1x19
      RenderTextControl {INPUT} at (0,23) size 155x22 [bgcolor=#FFFFFF] [border: (1px solid #3C3C4399)]
      RenderText {#text} at (0,0) size 0x0
layer at (15,35) size 141x14
  RenderBlock {DIV} at (6,3) size 143x15
    RenderText {#text} at (0,0) size 13x14
      text run at (0,0) width 13: "10"
layer at (8,9) size 155x21
  RenderTextControl {INPUT} at (0,1) size 155x22 [bgcolor=#FFFFFF] [border: (1px solid #3C3C4399)]
layer at (15,12) size 141x14
  RenderBlock {DIV} at (6,3) size 143x15
    RenderText {#text} at (0,0) size 13x14
      text run at (0,0) width 13: "10"
