layer at (0,0) size 785x4248
  RenderView at (0,0) size 785x600
layer at (0,0) size 785x4248
  RenderBlock {HTML} at (0,0) size 785x4248
    RenderBody {BODY} at (8,8) size 769x4230
      RenderBlock {DIV} at (0,0) size 769x104
        RenderBlock (anonymous) at (0,0) size 769x36
          RenderText {#text} at (0,0) size 749x36
            text run at (0,0) width 588: "Test how many resize events are emitted during page load and dynamic content generation. "
            text run at (587,0) width 162: "Do not resize the page. It"
            text run at (0,18) width 124: "invalidates the test."
        RenderBlock {P} at (0,52) size 769x52
          RenderBlock (anonymous) at (0,0) size 769x18
            RenderText {#text} at (10,0) size 185x18
              text run at (10,0) width 185: "Resize events (should be 0): "
            RenderInline {SPAN} at (0,0) size 9x18
              RenderText {#text} at (194,0) size 9x18
                text run at (194,0) width 9: "0"
            RenderText {#text} at (0,0) size 0x0
          RenderBlock {P} at (0,34) size 769x18 [color=#008000]
            RenderText {#text} at (10,0) size 37x18
              text run at (10,0) width 37: "PASS"
      RenderBlock {DIV} at (0,120) size 769x4110
        RenderBlock {DIV} at (10,0) size 749x402 [border: (1px solid #000000)]
        RenderBlock {DIV} at (10,412) size 749x402 [border: (1px solid #000000)]
        RenderBlock {DIV} at (10,824) size 749x402 [border: (1px solid #000000)]
        RenderBlock {DIV} at (10,1236) size 749x402 [border: (1px solid #000000)]
        RenderBlock {DIV} at (10,1648) size 749x402 [border: (1px solid #000000)]
        RenderBlock {DIV} at (10,2060) size 749x402 [border: (1px solid #000000)]
        RenderBlock {DIV} at (10,2472) size 749x402 [border: (1px solid #000000)]
        RenderBlock {DIV} at (10,2884) size 749x402 [border: (1px solid #000000)]
        RenderBlock {DIV} at (10,3296) size 749x402 [border: (1px solid #000000)]
        RenderBlock {DIV} at (10,3708) size 749x402 [border: (1px solid #000000)]
