layer at (0,0) size 800x600
  RenderView at (0,0) size 800x600
layer at (0,0) size 800x600
  RenderBlock {HTML} at (0,0) size 800x600
    RenderBody {BODY} at (8,8) size 784x584
      RenderBlock {DIV} at (0,0) size 126x500
        RenderInline {SPAN} at (0,0) size 20x395
          RenderText {#text} at (0,0) size 20x395
            text run at (0,0) width 395: "This text should be rotated 90 degrees and underlined."
        RenderText {#text} at (0,394) size 20x6
          text run at (0,394) width 5: " "
        RenderBR {BR} at (0,399) size 20x1
        RenderInline {SPAN} at (0,0) size 20x386
          RenderText {#text} at (21,0) size 20x386
            text run at (21,0) width 386: "This text should be rotated 90 degrees and overlined."
        RenderText {#text} at (21,385) size 20x6
          text run at (21,385) width 5: " "
        RenderBR {BR} at (21,390) size 20x1
        RenderInline {SPAN} at (0,0) size 20x423
          RenderText {#text} at (42,0) size 20x423
            text run at (42,0) width 423: "This text should be rotated 90 degrees and struck through."
        RenderText {#text} at (42,422) size 20x6
          text run at (42,422) width 5: " "
        RenderBR {BR} at (42,427) size 20x1
        RenderInline {SPAN} at (0,0) size 20x448
          RenderText {#text} at (63,0) size 20x448
            text run at (63,0) width 448: "This text should have a red shadow that is offset horizontally."
        RenderText {#text} at (63,447) size 20x6
          text run at (63,447) width 5: " "
        RenderBR {BR} at (63,452) size 20x1
        RenderBR {BR} at (84,0) size 20x0
        RenderInline {SPAN} at (0,0) size 20x460
          RenderText {#text} at (105,0) size 20x460
            text run at (105,0) width 460: "This text should have an overline plus horizontal green shadow"
