layer at (0,0) size 4748x585
  RenderView at (0,0) size 800x585
layer at (-3948,0) size 4748x585 backgroundClip at (0,0) size 4748x585 clip at (0,0) size 4748x585
  RenderBlock {html} at (0,0) size 4749x585
    RenderBlock {parsererror} at (16,16) size 547x137 [bgcolor=#FFDDDD] [border: (2px solid #CC7777)]
      RenderBlock {h3} at (18,20) size 511x23
        RenderText {#text} at (0,0) size 324x21
          text run at (0,0) width 324: "This page contains the following errors:"
      RenderBlock {div} at (18,61) size 511x15
        RenderText {#text} at (0,0) size 511x14
          text run at (0,0) width 511: "error on line 62 at column 1671: Extra content at the end of the document"
          text run at (510,0) width 1: " "
      RenderBlock {h3} at (18,94) size 511x23
        RenderText {#text} at (0,0) size 427x21
          text run at (0,0) width 427: "Below is a rendering of the page up to the first error."
    RenderBody {body} at (621,46) size 4069x493
      RenderBlock {h1} at (0,0) size 48x492
        RenderText {#text} at (6,0) size 36x66
          text run at (6,0) width 66: "\x{8349}\x{6795}"
      RenderBlock {h2} at (69,0) size 37x492
        RenderText {#text} at (5,0) size 26x100
          text run at (5,0) width 100: "\x{590F}\x{76EE}\x{6F31}\x{77F3}"
      RenderBlock {div} at (125,0) size 3944x492
        RenderBlock (anonymous) at (0,0) size 2205x492
          RenderBR {br} at (0,0) size 17x0
          RenderBR {br} at (18,0) size 17x0
          RenderBR {br} at (36,0) size 17x0
          RenderText {#text} at (54,0) size 17x144
            text run at (54,0) width 144: "\x{3000}\x{3000}\x{3000}\x{3000}\x{3000}\x{3000}\x{3000}\x{3000}\x{4E00}"
          RenderBR {br} at (54,144) size 17x0
          RenderBR {br} at (72,0) size 17x0
          RenderText {#text} at (99,0) size 17x16
            text run at (99,0) width 16: "\x{3000}"
          RenderRuby (inline) {ruby} at (0,0) size 17x32
            RenderRubyRun (anonymous) at (99,14) size 18x36
              RenderRubyText {rt} at (-10,0) size 10x36
                RenderText {#text} at (0,0) size 10x36
                  text run at (0,0) width 36: "\x{3084}\x{307E}\x{307F}\x{3061}"
              RenderRubyBase (anonymous) at (0,0) size 18x36
                RenderInline {rb} at (0,0) size 17x32
                  RenderText {#text} at (0,2) size 17x32
                    text run at (0,2) width 32: "\x{5C71}\x{8DEF}"
          RenderText {#text} at (99,48) size 17x208
            text run at (99,48) width 208: "\x{3092}\x{767B}\x{308A}\x{306A}\x{304C}\x{3089}\x{3001}\x{3053}\x{3046}\x{8003}\x{3048}\x{305F}\x{3002}"
          RenderBR {br} at (99,256) size 17x0
          RenderText {#text} at (126,0) size 17x16
            text run at (126,0) width 16: "\x{3000}"
          RenderRuby (inline) {ruby} at (0,0) size 17x16
            RenderRubyRun (anonymous) at (126,16) size 18x16
              RenderRubyText {rt} at (-10,0) size 10x16
                RenderText {#text} at (0,3) size 10x10
                  text run at (0,3) width 9: "\x{3061}"
              RenderRubyBase (anonymous) at (0,0) size 18x16
                RenderInline {rb} at (0,0) size 17x16
                  RenderText {#text} at (0,0) size 17x16
                    text run at (0,0) width 16: "\x{667A}"
          RenderText {#text} at (126,32) size 17x64
            text run at (126,32) width 64: "\x{306B}\x{50CD}\x{3051}\x{3070}"
          RenderRuby (inline) {ruby} at (0,0) size 17x16
            RenderRubyRun (anonymous) at (126,95) size 18x18
              RenderRubyText {rt} at (-10,0) size 10x18
                RenderText {#text} at (0,0) size 10x18
                  text run at (0,0) width 18: "\x{304B}\x{3069}"
              RenderRubyBase (anonymous) at (0,0) size 18x18
                RenderInline {rb} at (0,0) size 17x16
                  RenderText {#text} at (0,1) size 17x16
                    text run at (0,1) width 16: "\x{89D2}"
          RenderText {#text} at (126,112) size 17x64
            text run at (126,112) width 64: "\x{304C}\x{7ACB}\x{3064}\x{3002}"
          RenderRuby (inline) {ruby} at (0,0) size 17x18
            RenderRubyRun (anonymous) at (126,171) size 18x28
              RenderRubyText {rt} at (-10,0) size 10x27
                RenderText {#text} at (0,0) size 10x27
                  text run at (0,0) width 27: "\x{3058}\x{3087}\x{3046}"
              RenderRubyBase (anonymous) at (0,0) size 18x27
                RenderInline {rb} at (0,0) size 17x17
                  RenderText {#text} at (0,5) size 17x17
                    text run at (0,5) width 16: "\x{60C5}"
          RenderText {#text} at (126,194) size 17x16
            text run at (126,194) width 16: "\x{306B}"
          RenderRuby (inline) {ruby} at (0,0) size 17x16
            RenderRubyRun (anonymous) at (126,209) size 18x18
              RenderRubyText {rt} at (-10,0) size 10x18
                RenderText {#text} at (0,0) size 10x18
                  text run at (0,0) width 18: "\x{3055}\x{304A}"
              RenderRubyBase (anonymous) at (0,0) size 18x18
                RenderInline {rb} at (0,0) size 17x16
                  RenderText {#text} at (0,1) size 17x16
                    text run at (0,1) width 16: "\x{68F9}"
          RenderText {#text} at (126,226) size 17x176
            text run at (126,226) width 176: "\x{3055}\x{305B}\x{3070}\x{6D41}\x{3055}\x{308C}\x{308B}\x{3002}\x{610F}\x{5730}\x{3092}"
          RenderRuby (inline) {ruby} at (0,0) size 17x16
            RenderRubyRun (anonymous) at (126,401) size 18x18
              RenderRubyText {rt} at (-10,0) size 10x18
                RenderText {#text} at (0,0) size 10x18
                  text run at (0,0) width 18: "\x{3068}\x{304A}"
              RenderRubyBase (anonymous) at (0,0) size 18x18
                RenderInline {rb} at (0,0) size 17x16
                  RenderText {#text} at (0,1) size 17x16
                    text run at (0,1) width 16: "\x{901A}"
          RenderText {#text} at (126,418) size 17x32
            text run at (126,418) width 32: "\x{305B}\x{3070}"
          RenderRuby (inline) {ruby} at (0,0) size 17x41
            RenderRubyRun (anonymous) at (126,445) size 18x46
              RenderRubyText {rt} at (-10,0) size 10x45
                RenderText {#text} at (0,0) size 10x45
                  text run at (0,0) width 45: "\x{304D}\x{3085}\x{3046}\x{304F}\x{3064}"
              RenderRubyBase (anonymous) at (0,0) size 18x45
                RenderInline {rb} at (0,0) size 17x33
                  RenderText {#text} at (0,6) size 17x33
                    text run at (0,6) width 32: "\x{7AAE}\x{5C48}"
          RenderText {#text} at (144,0) size 17x256
            text run at (144,0) width 256: "\x{3060}\x{3002}\x{3068}\x{304B}\x{304F}\x{306B}\x{4EBA}\x{306E}\x{4E16}\x{306F}\x{4F4F}\x{307F}\x{306B}\x{304F}\x{3044}\x{3002}"
          RenderBR {br} at (144,256) size 17x0
          RenderText {#text} at (171,0) size 17x112
            text run at (171,0) width 112: "\x{3000}\x{4F4F}\x{307F}\x{306B}\x{304F}\x{3055}\x{304C}"
          RenderRuby (inline) {ruby} at (0,0) size 17x16
            RenderRubyRun (anonymous) at (171,111) size 18x18
              RenderRubyText {rt} at (-10,0) size 10x18
                RenderText {#text} at (0,0) size 10x18
                  text run at (0,0) width 18: "\x{3053}\x{3046}"
              RenderRubyBase (anonymous) at (0,0) size 18x18
                RenderInline {rb} at (0,0) size 17x16
                  RenderText {#text} at (0,1) size 17x16
                    text run at (0,1) width 16: "\x{9AD8}"
          RenderText {#text} at (171,128) size 44x480
            text run at (171,128) width 352: "\x{3058}\x{308B}\x{3068}\x{3001}\x{5B89}\x{3044}\x{6240}\x{3078}\x{5F15}\x{304D}\x{8D8A}\x{3057}\x{305F}\x{304F}\x{306A}\x{308B}\x{3002}\x{3069}\x{3053}\x{3078}\x{8D8A}\x{3057}"
            text run at (198,0) width 128: "\x{3066}\x{3082}\x{4F4F}\x{307F}\x{306B}\x{304F}\x{3044}\x{3068}"
          RenderRuby (inline) {ruby} at (0,0) size 17x16
            RenderRubyRun (anonymous) at (198,127) size 18x18
              RenderRubyText {rt} at (-10,0) size 10x18
                RenderText {#text} at (0,0) size 10x18
                  text run at (0,0) width 18: "\x{3055}\x{3068}"
              RenderRubyBase (anonymous) at (0,0) size 18x18
                RenderInline {rb} at (0,0) size 17x16
                  RenderText {#text} at (0,1) size 17x16
                    text run at (0,1) width 16: "\x{609F}"
          RenderText {#text} at (198,144) size 17x160
            text run at (198,144) width 160: "\x{3063}\x{305F}\x{6642}\x{3001}\x{8A69}\x{304C}\x{751F}\x{308C}\x{3066}\x{3001}"
          RenderRuby (inline) {ruby} at (0,0) size 17x16
            RenderRubyRun (anonymous) at (198,304) size 18x16
              RenderRubyText {rt} at (-10,0) size 10x16
                RenderText {#text} at (0,3) size 10x10
                  text run at (0,3) width 9: "\x{3048}"
              RenderRubyBase (anonymous) at (0,0) size 18x16
                RenderInline {rb} at (0,0) size 17x16
                  RenderText {#text} at (0,0) size 17x16
                    text run at (0,0) width 16: "\x{753B}"
          RenderText {#text} at (198,320) size 17x80
            text run at (198,320) width 80: "\x{304C}\x{51FA}\x{6765}\x{308B}\x{3002}"
          RenderBR {br} at (198,400) size 17x0
          RenderText {#text} at (216,0) size 17x16
            text run at (216,0) width 16: "\x{3000}"
          RenderInline {strong} at (0,0) size 17x51
            RenderText {#text} at (216,16) size 17x51
              text run at (216,16) width 51: "\x{4EBA}\x{306E}\x{4E16}"
          RenderText {#text} at (216,67) size 44x483
            text run at (216,67) width 416: "\x{3092}\x{4F5C}\x{3063}\x{305F}\x{3082}\x{306E}\x{306F}\x{795E}\x{3067}\x{3082}\x{306A}\x{3051}\x{308C}\x{3070}\x{9B3C}\x{3067}\x{3082}\x{306A}\x{3044}\x{3002}\x{3084}\x{306F}\x{308A}\x{5411}\x{3046}\x{4E09}"
            text run at (243,0) width 16: "\x{8ED2}"
          RenderRuby (inline) {ruby} at (0,0) size 17x36
            RenderRubyRun (anonymous) at (243,11) size 18x46
              RenderRubyText {rt} at (-10,0) size 10x45
                RenderText {#text} at (0,0) size 10x45
                  text run at (0,0) width 45: "\x{308A}\x{3087}\x{3046}\x{3069}\x{306A}"
              RenderRubyBase (anonymous) at (0,0) size 18x45
                RenderInline {rb} at (0,0) size 17x33
                  RenderText {#text} at (0,6) size 17x33
                    text run at (0,6) width 32: "\x{4E21}\x{96A3}"
          RenderText {#text} at (243,52) size 17x384
            text run at (243,52) width 384: "\x{308A}\x{306B}\x{3061}\x{3089}\x{3061}\x{3089}\x{3059}\x{308B}\x{305F}\x{3060}\x{306E}\x{4EBA}\x{3067}\x{3042}\x{308B}\x{3002}\x{305F}\x{3060}\x{306E}\x{4EBA}\x{304C}\x{4F5C}\x{3063}\x{305F}"
          RenderInline {strong} at (0,0) size 17x51
            RenderText {#text} at (243,436) size 17x51
              text run at (243,436) width 51: "\x{4EBA}\x{306E}\x{4E16}"
          RenderText {#text} at (261,0) size 17x368
            text run at (261,0) width 368: "\x{304C}\x{4F4F}\x{307F}\x{306B}\x{304F}\x{3044}\x{304B}\x{3089}\x{3068}\x{3066}\x{3001}\x{8D8A}\x{3059}\x{56FD}\x{306F}\x{3042}\x{308B}\x{307E}\x{3044}\x{3002}\x{3042}\x{308C}\x{3070}"
          RenderInline {strong} at (0,0) size 17x68
            RenderText {#text} at (261,368) size 17x68
              text run at (261,368) width 68: "\x{4EBA}\x{3067}\x{306A}\x{3057}"
          RenderText {#text} at (261,436) size 35x484
            text run at (261,436) width 48: "\x{306E}\x{56FD}\x{3078}"
            text run at (279,0) width 112: "\x{884C}\x{304F}\x{3070}\x{304B}\x{308A}\x{3060}\x{3002}"
          RenderInline {strong} at (0,0) size 17x68
            RenderText {#text} at (279,112) size 17x68
              text run at (279,112) width 68: "\x{4EBA}\x{3067}\x{306A}\x{3057}"
          RenderText {#text} at (279,180) size 17x48
            text run at (279,180) width 48: "\x{306E}\x{56FD}\x{306F}"
          RenderInline {strong} at (0,0) size 17x51
            RenderText {#text} at (279,228) size 17x51
              text run at (279,228) width 51: "\x{4EBA}\x{306E}\x{4E16}"
          RenderText {#text} at (279,279) size 17x208
            text run at (279,279) width 208: "\x{3088}\x{308A}\x{3082}\x{306A}\x{304A}\x{4F4F}\x{307F}\x{306B}\x{304F}\x{304B}\x{308D}\x{3046}\x{3002}"
          RenderBR {br} at (279,487) size 17x0
          RenderText {#text} at (297,0) size 44x464
            text run at (297,0) width 464: "\x{3000}\x{8D8A}\x{3059}\x{4E8B}\x{306E}\x{306A}\x{3089}\x{306C}\x{4E16}\x{304C}\x{4F4F}\x{307F}\x{306B}\x{304F}\x{3051}\x{308C}\x{3070}\x{3001}\x{4F4F}\x{307F}\x{306B}\x{304F}\x{3044}\x{6240}\x{3092}\x{3069}\x{308C}\x{307B}\x{3069}"
            text run at (324,0) width 32: "\x{304B}\x{3001}"
          RenderRuby (inline) {ruby} at (0,0) size 17x32
            RenderRubyRun (anonymous) at (324,30) size 18x36
              RenderRubyText {rt} at (-10,0) size 10x36
                RenderText {#text} at (0,0) size 10x36
                  text run at (0,0) width 36: "\x{304F}\x{3064}\x{308D}\x{3052}"
              RenderRubyBase (anonymous) at (0,0) size 18x36
                RenderInline {rb} at (0,0) size 17x32
                  RenderText {#text} at (0,2) size 17x32
                    text run at (0,2) width 32: "\x{5BDB}\x{5BB9}"
          RenderText {#text} at (324,64) size 17x32
            text run at (324,64) width 32: "\x{3066}\x{3001}"
          RenderRuby (inline) {ruby} at (0,0) size 17x16
            RenderRubyRun (anonymous) at (324,95) size 18x18
              RenderRubyText {rt} at (-10,0) size 10x18
                RenderText {#text} at (0,0) size 10x18
                  text run at (0,0) width 18: "\x{3064}\x{304B}"
              RenderRubyBase (anonymous) at (0,0) size 18x18
                RenderInline {rb} at (0,0) size 17x16
                  RenderText {#text} at (0,1) size 17x16
                    text run at (0,1) width 16: "\x{675F}"
          RenderText {#text} at (324,112) size 17x16
            text run at (324,112) width 16: "\x{306E}"
          RenderRuby (inline) {ruby} at (0,0) size 17x16
            RenderRubyRun (anonymous) at (324,128) size 18x16
              RenderRubyText {rt} at (-10,0) size 10x16
                RenderText {#text} at (0,3) size 10x10
                  text run at (0,3) width 9: "\x{307E}"
              RenderRubyBase (anonymous) at (0,0) size 18x16
                RenderInline {rb} at (0,0) size 17x16
                  RenderText {#text} at (0,0) size 17x16
                    text run at (0,0) width 16: "\x{9593}"
          RenderText {#text} at (324,144) size 44x480
            text run at (324,144) width 336: "\x{306E}\x{547D}\x{3092}\x{3001}\x{675F}\x{306E}\x{9593}\x{3067}\x{3082}\x{4F4F}\x{307F}\x{3088}\x{304F}\x{305B}\x{306D}\x{3070}\x{306A}\x{3089}\x{306C}\x{3002}\x{3053}"
            text run at (351,0) width 400: "\x{3053}\x{306B}\x{8A69}\x{4EBA}\x{3068}\x{3044}\x{3046}\x{5929}\x{8077}\x{304C}\x{51FA}\x{6765}\x{3066}\x{3001}\x{3053}\x{3053}\x{306B}\x{753B}\x{5BB6}\x{3068}\x{3044}\x{3046}\x{4F7F}\x{547D}\x{304C}"
          RenderRuby (inline) {ruby} at (0,0) size 17x16
            RenderRubyRun (anonymous) at (351,399) size 18x18
              RenderRubyText {rt} at (-10,0) size 10x18
                RenderText {#text} at (0,0) size 10x18
                  text run at (0,0) width 18: "\x{304F}\x{3060}"
              RenderRubyBase (anonymous) at (0,0) size 18x18
                RenderInline {rb} at (0,0) size 17x16
                  RenderText {#text} at (0,1) size 17x16
                    text run at (0,1) width 16: "\x{964D}"
          RenderText {#text} at (351,416) size 44x480
            text run at (351,416) width 64: "\x{308B}\x{3002}\x{3042}\x{3089}"
            text run at (378,0) width 176: "\x{3086}\x{308B}\x{82B8}\x{8853}\x{306E}\x{58EB}\x{306F}\x{4EBA}\x{306E}\x{4E16}\x{3092}"
          RenderRuby (inline) {ruby} at (0,0) size 17x32
            RenderRubyRun (anonymous) at (378,176) size 18x32
              RenderRubyText {rt} at (-10,0) size 10x32
                RenderText {#text} at (0,2) size 10x28
                  text run at (0,2) width 27: "\x{306E}\x{3069}\x{304B}"
              RenderRubyBase (anonymous) at (0,0) size 18x32
                RenderInline {rb} at (0,0) size 17x32
                  RenderText {#text} at (0,0) size 17x32
                    text run at (0,0) width 32: "\x{9577}\x{9591}"
          RenderText {#text} at (378,208) size 17x208
            text run at (378,208) width 208: "\x{306B}\x{3057}\x{3001}\x{4EBA}\x{306E}\x{5FC3}\x{3092}\x{8C4A}\x{304B}\x{306B}\x{3059}\x{308B}\x{304C}"
          RenderRuby (inline) {ruby} at (0,0) size 17x16
            RenderRubyRun (anonymous) at (378,415) size 18x18
              RenderRubyText {rt} at (-10,0) size 10x18
                RenderText {#text} at (0,0) size 10x18
                  text run at (0,0) width 18: "\x{3086}\x{3048}"
              RenderRubyBase (anonymous) at (0,0) size 18x18
                RenderInline {rb} at (0,0) size 17x16
                  RenderText {#text} at (0,1) size 17x16
                    text run at (0,1) width 16: "\x{6545}"
          RenderText {#text} at (378,432) size 17x16
            text run at (378,432) width 16: "\x{306B}"
          RenderRuby (inline) {ruby} at (0,0) size 17x16
            RenderRubyRun (anonymous) at (378,447) size 18x18
              RenderRubyText {rt} at (-10,0) size 10x18
                RenderText {#text} at (0,0) size 10x18
                  text run at (0,0) width 18: "\x{305F}\x{3063}"
              RenderRubyBase (anonymous) at (0,0) size 18x18
                RenderInline {rb} at (0,0) size 17x16
                  RenderText {#text} at (0,1) size 17x16
                    text run at (0,1) width 16: "\x{5C0A}"
          RenderText {#text} at (378,464) size 35x480
            text run at (378,464) width 16: "\x{3068}"
            text run at (396,0) width 32: "\x{3044}\x{3002}"
          RenderBR {br} at (396,32) size 17x0
          RenderText {#text} at (423,0) size 17x240
            text run at (423,0) width 240: "\x{3000}\x{4F4F}\x{307F}\x{306B}\x{304F}\x{304D}\x{4E16}\x{304B}\x{3089}\x{3001}\x{4F4F}\x{307F}\x{306B}\x{304F}\x{304D}"
          RenderRuby (inline) {ruby} at (0,0) size 17x18
            RenderRubyRun (anonymous) at (423,235) size 18x28
              RenderRubyText {rt} at (-10,0) size 10x27
                RenderText {#text} at (0,0) size 10x27
                  text run at (0,0) width 27: "\x{308F}\x{305A}\x{3089}"
              RenderRubyBase (anonymous) at (0,0) size 18x27
                RenderInline {rb} at (0,0) size 17x17
                  RenderText {#text} at (0,5) size 17x17
                    text run at (0,5) width 16: "\x{7169}"
          RenderText {#text} at (423,258) size 44x482
            text run at (423,258) width 224: "\x{3044}\x{3092}\x{5F15}\x{304D}\x{629C}\x{3044}\x{3066}\x{3001}\x{3042}\x{308A}\x{304C}\x{305F}\x{3044}\x{4E16}"
            text run at (450,0) width 272: "\x{754C}\x{3092}\x{307E}\x{306E}\x{3042}\x{305F}\x{308A}\x{306B}\x{5199}\x{3059}\x{306E}\x{304C}\x{8A69}\x{3067}\x{3042}\x{308B}\x{3001}"
          RenderRuby (inline) {ruby} at (0,0) size 17x16
            RenderRubyRun (anonymous) at (450,272) size 18x16
              RenderRubyText {rt} at (-10,0) size 10x16
                RenderText {#text} at (0,3) size 10x10
                  text run at (0,3) width 9: "\x{3048}"
              RenderRubyBase (anonymous) at (0,0) size 18x16
                RenderInline {rb} at (0,0) size 17x16
                  RenderText {#text} at (0,0) size 17x16
                    text run at (0,0) width 16: "\x{753B}"
          RenderText {#text} at (450,288) size 44x480
            text run at (450,288) width 192: "\x{3067}\x{3042}\x{308B}\x{3002}\x{3042}\x{308B}\x{306F}\x{97F3}\x{697D}\x{3068}\x{5F6B}\x{523B}"
            text run at (477,0) width 128: "\x{3067}\x{3042}\x{308B}\x{3002}\x{3053}\x{307E}\x{304B}\x{306B}"
          RenderRuby (inline) {ruby} at (0,0) size 17x16
            RenderRubyRun (anonymous) at (477,128) size 18x16
              RenderRubyText {rt} at (-10,0) size 10x16
                RenderText {#text} at (0,3) size 10x10
                  text run at (0,3) width 9: "\x{3044}"
              RenderRubyBase (anonymous) at (0,0) size 18x16
                RenderInline {rb} at (0,0) size 17x16
                  RenderText {#text} at (0,0) size 17x16
                    text run at (0,0) width 16: "\x{4E91}"
          RenderText {#text} at (477,144) size 44x480
            text run at (477,144) width 336: "\x{3048}\x{3070}\x{5199}\x{3055}\x{306A}\x{3044}\x{3067}\x{3082}\x{3088}\x{3044}\x{3002}\x{305F}\x{3060}\x{307E}\x{306E}\x{3042}\x{305F}\x{308A}\x{306B}\x{898B}\x{308C}"
            text run at (504,0) width 192: "\x{3070}\x{3001}\x{305D}\x{3053}\x{306B}\x{8A69}\x{3082}\x{751F}\x{304D}\x{3001}\x{6B4C}\x{3082}"
          RenderRuby (inline) {ruby} at (0,0) size 17x16
            RenderRubyRun (anonymous) at (504,192) size 18x16
              RenderRubyText {rt} at (-10,0) size 10x16
                RenderText {#text} at (0,3) size 10x10
                  text run at (0,3) width 9: "\x{308F}"
              RenderRubyBase (anonymous) at (0,0) size 18x16
                RenderInline {rb} at (0,0) size 17x16
                  RenderText {#text} at (0,0) size 17x16
                    text run at (0,0) width 16: "\x{6E67}"
          RenderText {#text} at (504,208) size 17x192
            text run at (504,208) width 192: "\x{304F}\x{3002}\x{7740}\x{60F3}\x{3092}\x{7D19}\x{306B}\x{843D}\x{3055}\x{306C}\x{3068}\x{3082}"
          RenderRuby (inline) {ruby} at (0,0) size 17x36
            RenderRubyRun (anonymous) at (504,395) size 18x46
              RenderRubyText {rt} at (-10,0) size 10x45
                RenderText {#text} at (0,0) size 10x45
                  text run at (0,0) width 45: "\x{304D}\x{3085}\x{3046}\x{305D}\x{3046}"
              RenderRubyBase (anonymous) at (0,0) size 18x45
                RenderInline {rb} at (0,0) size 17x33
                  RenderText {#text} at (0,6) size 17x17
                    text run at (0,6) width 16: "\x{7486}"
                  RenderText {#text} at (0,22) size 17x17
                    text run at (0,22) width 16: "\x{93D8}"
          RenderText {#text} at (504,436) size 17x16
            text run at (504,436) width 16: "\x{306E}"
          RenderRuby (inline) {ruby} at (0,0) size 17x16
            RenderRubyRun (anonymous) at (504,451) size 18x18
              RenderRubyText {rt} at (-10,0) size 10x18
                RenderText {#text} at (0,0) size 10x18
                  text run at (0,0) width 18: "\x{304A}\x{3093}"
              RenderRubyBase (anonymous) at (0,0) size 18x18
                RenderInline {rb} at (0,0) size 17x16
                  RenderText {#text} at (0,1) size 17x16
                    text run at (0,1) width 16: "\x{97F3}"
          RenderText {#text} at (504,468) size 17x16
            text run at (504,468) width 16: "\x{306F}"
          RenderRuby (inline) {ruby} at (0,0) size 17x34
            RenderRubyRun (anonymous) at (531,0) size 18x36
              RenderRubyText {rt} at (-10,0) size 10x36
                RenderText {#text} at (0,0) size 10x36
                  text run at (0,0) width 36: "\x{304D}\x{3087}\x{3046}\x{308A}"
              RenderRubyBase (anonymous) at (0,0) size 18x36
                RenderInline {rb} at (0,0) size 17x32
                  RenderText {#text} at (0,2) size 17x32
                    text run at (0,2) width 32: "\x{80F8}\x{88CF}"
          RenderText {#text} at (531,34) size 17x16
            text run at (531,34) width 16: "\x{306B}"
          RenderRuby (inline) {ruby} at (0,0) size 17x16
            RenderRubyRun (anonymous) at (531,49) size 18x18
              RenderRubyText {rt} at (-10,0) size 10x18
                RenderText {#text} at (0,0) size 10x18
                  text run at (0,0) width 18: "\x{304A}\x{3053}"
              RenderRubyBase (anonymous) at (0,0) size 18x18
                RenderInline {rb} at (0,0) size 17x16
                  RenderText {#text} at (0,1) size 17x16
                    text run at (0,1) width 16: "\x{8D77}"
          RenderText {#text} at (531,66) size 17x32
            text run at (531,66) width 32: "\x{308B}\x{3002}"
          RenderRuby (inline) {ruby} at (0,0) size 17x32
            RenderRubyRun (anonymous) at (531,96) size 18x36
              RenderRubyText {rt} at (-10,0) size 10x36
                RenderText {#text} at (0,0) size 10x36
                  text run at (0,0) width 36: "\x{305F}\x{3093}\x{305B}\x{3044}"
              RenderRubyBase (anonymous) at (0,0) size 18x36
                RenderInline {rb} at (0,0) size 17x32
                  RenderText {#text} at (0,2) size 17x32
                    text run at (0,2) width 32: "\x{4E39}\x{9752}"
          RenderText {#text} at (531,130) size 17x16
            text run at (531,130) width 16: "\x{306F}"
          RenderRuby (inline) {ruby} at (0,0) size 17x32
            RenderRubyRun (anonymous) at (531,146) size 18x32
              RenderRubyText {rt} at (-10,0) size 10x32
                RenderText {#text} at (0,7) size 10x18
                  text run at (0,7) width 18: "\x{304C}\x{304B}"
              RenderRubyBase (anonymous) at (0,0) size 18x32
                RenderInline {rb} at (0,0) size 17x32
                  RenderText {#text} at (0,0) size 17x32
                    text run at (0,0) width 32: "\x{753B}\x{67B6}"
          RenderText {#text} at (531,178) size 17x64
            text run at (531,178) width 64: "\x{306B}\x{5411}\x{3063}\x{3066}"
          RenderRuby (inline) {ruby} at (0,0) size 17x32
            RenderRubyRun (anonymous) at (531,242) size 18x32
              RenderRubyText {rt} at (-10,0) size 10x32
                RenderText {#text} at (0,2) size 10x28
                  text run at (0,2) width 27: "\x{3068}\x{307E}\x{3064}"
              RenderRubyBase (anonymous) at (0,0) size 18x32
                RenderInline {rb} at (0,0) size 17x32
                  RenderText {#text} at (0,0) size 17x32
                    text run at (0,0) width 32: "\x{5857}\x{62B9}"
          RenderText {#text} at (531,274) size 17x64
            text run at (531,274) width 64: "\x{305B}\x{3093}\x{3067}\x{3082}"
          RenderRuby (inline) {ruby} at (0,0) size 17x32
            RenderRubyRun (anonymous) at (531,338) size 18x32
              RenderRubyText {rt} at (-10,0) size 10x32
                RenderText {#text} at (0,2) size 10x28
                  text run at (0,2) width 27: "\x{3054}\x{3055}\x{3044}"
              RenderRubyBase (anonymous) at (0,0) size 18x32
                RenderInline {rb} at (0,0) size 17x32
                  RenderText {#text} at (0,0) size 17x32
                    text run at (0,0) width 32: "\x{4E94}\x{5F69}"
          RenderText {#text} at (531,370) size 17x16
            text run at (531,370) width 16: "\x{306E}"
          RenderRuby (inline) {ruby} at (0,0) size 17x32
            RenderRubyRun (anonymous) at (531,384) size 18x36
              RenderRubyText {rt} at (-10,0) size 10x36
                RenderText {#text} at (0,0) size 10x36
                  text run at (0,0) width 36: "\x{3051}\x{3093}\x{3089}\x{3093}"
              RenderRubyBase (anonymous) at (0,0) size 18x36
                RenderInline {rb} at (0,0) size 17x32
                  RenderText {#text} at (0,2) size 17x32
                    text run at (0,2) width 32: "\x{7D62}\x{721B}"
          RenderText {#text} at (531,418) size 17x16
            text run at (531,418) width 16: "\x{306F}"
          RenderRuby (inline) {ruby} at (0,0) size 17x18
            RenderRubyRun (anonymous) at (531,429) size 18x28
              RenderRubyText {rt} at (-10,0) size 10x27
                RenderText {#text} at (0,0) size 10x27
                  text run at (0,0) width 27: "\x{304A}\x{306E}\x{305A}"
              RenderRubyBase (anonymous) at (0,0) size 18x27
                RenderInline {rb} at (0,0) size 17x17
                  RenderText {#text} at (0,5) size 17x17
                    text run at (0,5) width 16: "\x{81EA}"
          RenderText {#text} at (531,452) size 17x32
            text run at (531,452) width 32: "\x{304B}\x{3089}"
          RenderRuby (inline) {ruby} at (0,0) size 17x34
            RenderRubyRun (anonymous) at (558,0) size 18x36
              RenderRubyText {rt} at (-10,0) size 10x36
                RenderText {#text} at (0,0) size 10x36
                  text run at (0,0) width 36: "\x{3057}\x{3093}\x{304C}\x{3093}"
              RenderRubyBase (anonymous) at (0,0) size 18x36
                RenderInline {rb} at (0,0) size 17x32
                  RenderText {#text} at (0,2) size 17x32
                    text run at (0,2) width 32: "\x{5FC3}\x{773C}"
          RenderText {#text} at (558,34) size 17x256
            text run at (558,34) width 256: "\x{306B}\x{6620}\x{308B}\x{3002}\x{305F}\x{3060}\x{304A}\x{306E}\x{304C}\x{4F4F}\x{3080}\x{4E16}\x{3092}\x{3001}\x{304B}\x{304F}"
          RenderRuby (inline) {ruby} at (0,0) size 17x16
            RenderRubyRun (anonymous) at (558,289) size 18x18
              RenderRubyText {rt} at (-10,0) size 10x18
                RenderText {#text} at (0,0) size 10x18
                  text run at (0,0) width 18: "\x{304B}\x{3093}"
              RenderRubyBase (anonymous) at (0,0) size 18x18
                RenderInline {rb} at (0,0) size 17x16
                  RenderText {#text} at (0,1) size 17x16
                    text run at (0,1) width 16: "\x{89B3}"
          RenderText {#text} at (558,306) size 17x64
            text run at (558,306) width 64: "\x{3058}\x{5F97}\x{3066}\x{3001}"
          RenderRuby (inline) {ruby} at (0,0) size 17x64
            RenderRubyRun (anonymous) at (558,366) size 18x72
              RenderRubyText {rt} at (-10,0) size 10x72
                RenderText {#text} at (0,0) size 10x72
                  text run at (0,0) width 72: "\x{308C}\x{3044}\x{3060}\x{3044}\x{307B}\x{3046}\x{3059}\x{3093}"
              RenderRubyBase (anonymous) at (0,0) size 18x72
                RenderInline {rb} at (0,0) size 17x64
                  RenderText {#text} at (0,4) size 17x64
                    text run at (0,4) width 64: "\x{970A}\x{53F0}\x{65B9}\x{5BF8}"
          RenderText {#text} at (558,434) size 44x482
            text run at (558,434) width 48: "\x{306E}\x{30AB}\x{30E1}"
            text run at (585,0) width 32: "\x{30E9}\x{306B}"
          RenderRuby (inline) {ruby} at (0,0) size 17x64
            RenderRubyRun (anonymous) at (585,28) size 18x72
              RenderRubyText {rt} at (-10,0) size 10x72
                RenderText {#text} at (0,0) size 10x72
                  text run at (0,0) width 72: "\x{304E}\x{3087}\x{3046}\x{304D}\x{3053}\x{3093}\x{3060}\x{304F}"
              RenderRubyBase (anonymous) at (0,0) size 18x72
                RenderInline {rb} at (0,0) size 17x64
                  RenderText {#text} at (0,4) size 17x64
                    text run at (0,4) width 64: "\x{6F86}\x{5B63}\x{6EB7}\x{6FC1}"
          RenderText {#text} at (585,96) size 17x208
            text run at (585,96) width 208: "\x{306E}\x{4FD7}\x{754C}\x{3092}\x{6E05}\x{304F}\x{3046}\x{3089}\x{3089}\x{304B}\x{306B}\x{53CE}\x{3081}"
          RenderRuby (inline) {ruby} at (0,0) size 17x16
            RenderRubyRun (anonymous) at (585,304) size 18x16
              RenderRubyText {rt} at (-10,0) size 10x16
                RenderText {#text} at (0,3) size 10x10
                  text run at (0,3) width 9: "\x{3046}"
              RenderRubyBase (anonymous) at (0,0) size 18x16
                RenderInline {rb} at (0,0) size 17x16
                  RenderText {#text} at (0,0) size 17x16
                    text run at (0,0) width 16: "\x{5F97}"
          RenderText {#text} at (585,320) size 17x32
            text run at (585,320) width 32: "\x{308C}\x{3070}"
          RenderRuby (inline) {ruby} at (0,0) size 17x16
            RenderRubyRun (anonymous) at (585,352) size 18x16
              RenderRubyText {rt} at (-10,0) size 10x16
                RenderText {#text} at (0,3) size 10x10
                  text run at (0,3) width 9: "\x{305F}"
              RenderRubyBase (anonymous) at (0,0) size 18x16
                RenderInline {rb} at (0,0) size 17x16
                  RenderText {#text} at (0,0) size 17x16
                    text run at (0,0) width 16: "\x{8DB3}"
          RenderText {#text} at (585,368) size 17x96
            text run at (585,368) width 96: "\x{308B}\x{3002}\x{3053}\x{306E}\x{6545}\x{306B}"
          RenderRuby (inline) {ruby} at (0,0) size 17x32
            RenderRubyRun (anonymous) at (612,0) size 18x32
              RenderRubyText {rt} at (-10,0) size 10x32
                RenderText {#text} at (0,2) size 10x28
                  text run at (0,2) width 27: "\x{3080}\x{305B}\x{3044}"
              RenderRubyBase (anonymous) at (0,0) size 18x32
                RenderInline {rb} at (0,0) size 17x32
                  RenderText {#text} at (0,0) size 17x32
                    text run at (0,0) width 32: "\x{7121}\x{58F0}"
          RenderText {#text} at (612,32) size 17x160
            text run at (612,32) width 160: "\x{306E}\x{8A69}\x{4EBA}\x{306B}\x{306F}\x{4E00}\x{53E5}\x{306A}\x{304F}\x{3001}"
          RenderRuby (inline) {ruby} at (0,0) size 17x32
            RenderRubyRun (anonymous) at (612,190) size 18x36
              RenderRubyText {rt} at (-10,0) size 10x36
                RenderText {#text} at (0,0) size 10x36
                  text run at (0,0) width 36: "\x{3080}\x{3057}\x{3087}\x{304F}"
              RenderRubyBase (anonymous) at (0,0) size 18x36
                RenderInline {rb} at (0,0) size 17x32
                  RenderText {#text} at (0,2) size 17x32
                    text run at (0,2) width 32: "\x{7121}\x{8272}"
          RenderText {#text} at (612,224) size 17x80
            text run at (612,224) width 80: "\x{306E}\x{753B}\x{5BB6}\x{306B}\x{306F}"
          RenderRuby (inline) {ruby} at (0,0) size 17x32
            RenderRubyRun (anonymous) at (612,302) size 18x36
              RenderRubyText {rt} at (-10,0) size 10x36
                RenderText {#text} at (0,0) size 10x36
                  text run at (0,0) width 36: "\x{305B}\x{3063}\x{3051}\x{3093}"
              RenderRubyBase (anonymous) at (0,0) size 18x36
                RenderInline {rb} at (0,0) size 17x32
                  RenderText {#text} at (0,2) size 17x32
                    text run at (0,2) width 32: "\x{5C3A}\x{7E11}"
          RenderText {#text} at (612,336) size 17x96
            text run at (612,336) width 96: "\x{306A}\x{304D}\x{3082}\x{3001}\x{304B}\x{304F}"
          RenderRuby (inline) {ruby} at (0,0) size 17x32
            RenderRubyRun (anonymous) at (612,430) size 18x36
              RenderRubyText {rt} at (-10,0) size 10x36
                RenderText {#text} at (0,0) size 10x36
                  text run at (0,0) width 36: "\x{3058}\x{3093}\x{305B}\x{3044}"
              RenderRubyBase (anonymous) at (0,0) size 18x36
                RenderInline {rb} at (0,0) size 17x32
                  RenderText {#text} at (0,2) size 17x32
                    text run at (0,2) width 32: "\x{4EBA}\x{4E16}"
          RenderText {#text} at (612,464) size 44x480
            text run at (612,464) width 16: "\x{3092}"
            text run at (639,0) width 208: "\x{89B3}\x{3058}\x{5F97}\x{308B}\x{306E}\x{70B9}\x{306B}\x{304A}\x{3044}\x{3066}\x{3001}\x{304B}\x{304F}"
          RenderRuby (inline) {ruby} at (0,0) size 17x32
            RenderRubyRun (anonymous) at (639,206) size 18x36
              RenderRubyText {rt} at (-10,0) size 10x36
                RenderText {#text} at (0,0) size 10x36
                  text run at (0,0) width 36: "\x{307C}\x{3093}\x{306E}\x{3046}"
              RenderRubyBase (anonymous) at (0,0) size 18x36
                RenderInline {rb} at (0,0) size 17x32
                  RenderText {#text} at (0,2) size 17x32
                    text run at (0,2) width 32: "\x{7169}\x{60A9}"
          RenderText {#text} at (639,240) size 17x16
            text run at (639,240) width 16: "\x{3092}"
          RenderRuby (inline) {ruby} at (0,0) size 17x32
            RenderRubyRun (anonymous) at (639,256) size 18x32
              RenderRubyText {rt} at (-10,0) size 10x32
                RenderText {#text} at (0,2) size 10x28
                  text run at (0,2) width 27: "\x{3052}\x{3060}\x{3064}"
              RenderRubyBase (anonymous) at (0,0) size 18x32
                RenderInline {rb} at (0,0) size 17x32
                  RenderText {#text} at (0,0) size 17x32
                    text run at (0,0) width 32: "\x{89E3}\x{8131}"
          RenderText {#text} at (639,288) size 17x176
            text run at (639,288) width 176: "\x{3059}\x{308B}\x{306E}\x{70B9}\x{306B}\x{304A}\x{3044}\x{3066}\x{3001}\x{304B}\x{304F}"
          RenderRuby (inline) {ruby} at (0,0) size 17x68
            RenderRubyRun (anonymous) at (666,0) size 18x72
              RenderRubyText {rt} at (-10,0) size 10x72
                RenderText {#text} at (0,0) size 10x72
                  text run at (0,0) width 72: "\x{3057}\x{3087}\x{3046}\x{3058}\x{3087}\x{3046}\x{304B}\x{3044}"
              RenderRubyBase (anonymous) at (0,0) size 18x72
                RenderInline {rb} at (0,0) size 17x48
                  RenderText {#text} at (0,12) size 17x48
                    text run at (0,12) width 48: "\x{6E05}\x{6D44}\x{754C}"
          RenderText {#text} at (666,67) size 17x17
            text run at (666,67) width 16: "\x{306B}"
          RenderRuby (inline) {ruby} at (0,0) size 17x46
            RenderRubyRun (anonymous) at (666,79) size 18x54
              RenderRubyText {rt} at (-10,0) size 10x54
                RenderText {#text} at (0,0) size 10x54
                  text run at (0,0) width 54: "\x{3057}\x{3085}\x{3064}\x{306B}\x{3085}\x{3046}"
              RenderRubyBase (anonymous) at (0,0) size 18x54
                RenderInline {rb} at (0,0) size 17x32
                  RenderText {#text} at (0,11) size 17x32
                    text run at (0,11) width 32: "\x{51FA}\x{5165}"
          RenderText {#text} at (666,128) size 17x225
            text run at (666,128) width 224: "\x{3057}\x{5F97}\x{308B}\x{306E}\x{70B9}\x{306B}\x{304A}\x{3044}\x{3066}\x{3001}\x{307E}\x{305F}\x{3053}\x{306E}"
          RenderRuby (inline) {ruby} at (0,0) size 17x65
            RenderRubyRun (anonymous) at (666,352) size 18x65
              RenderRubyText {rt} at (-10,0) size 10x64
                RenderText {#text} at (0,9) size 10x46
                  text run at (0,9) width 45: "\x{3075}\x{3069}\x{3046}\x{3075}\x{3058}"
              RenderRubyBase (anonymous) at (0,0) size 18x64
                RenderInline {rb} at (0,0) size 17x64
                  RenderText {#text} at (0,0) size 17x64
                    text run at (0,0) width 64: "\x{4E0D}\x{540C}\x{4E0D}\x{4E8C}"
          RenderText {#text} at (666,416) size 17x17
            text run at (666,416) width 16: "\x{306E}"
          RenderRuby (inline) {ruby} at (0,0) size 17x33
            RenderRubyRun (anonymous) at (666,430) size 18x37
              RenderRubyText {rt} at (-10,0) size 10x36
                RenderText {#text} at (0,0) size 10x36
                  text run at (0,0) width 36: "\x{3051}\x{3093}\x{3053}\x{3093}"
              RenderRubyBase (anonymous) at (0,0) size 18x36
                RenderInline {rb} at (0,0) size 17x32
                  RenderText {#text} at (0,2) size 17x32
                    text run at (0,2) width 32: "\x{4E7E}\x{5764}"
          RenderText {#text} at (666,464) size 17x17
            text run at (666,464) width 16: "\x{3092}"
          RenderRuby (inline) {ruby} at (0,0) size 17x41
            RenderRubyRun (anonymous) at (693,0) size 18x45
              RenderRubyText {rt} at (-10,0) size 10x45
                RenderText {#text} at (0,0) size 10x45
                  text run at (0,0) width 45: "\x{3053}\x{3093}\x{308A}\x{3085}\x{3046}"
              RenderRubyBase (anonymous) at (0,0) size 18x45
                RenderInline {rb} at (0,0) size 17x33
                  RenderText {#text} at (0,6) size 17x33
                    text run at (0,6) width 32: "\x{5EFA}\x{7ACB}"
          RenderText {#text} at (693,40) size 17x161
            text run at (693,40) width 160: "\x{3057}\x{5F97}\x{308B}\x{306E}\x{70B9}\x{306B}\x{304A}\x{3044}\x{3066}\x{3001}"
          RenderRuby (inline) {ruby} at (0,0) size 17x65
            RenderRubyRun (anonymous) at (693,200) size 18x65
              RenderRubyText {rt} at (-10,0) size 10x64
                RenderText {#text} at (0,9) size 10x46
                  text run at (0,9) width 45: "\x{304C}\x{308A}\x{3057}\x{3088}\x{304F}"
              RenderRubyBase (anonymous) at (0,0) size 18x64
                RenderInline {rb} at (0,0) size 17x64
                  RenderText {#text} at (0,0) size 17x64
                    text run at (0,0) width 64: "\x{6211}\x{5229}\x{79C1}\x{617E}"
          RenderText {#text} at (693,264) size 17x17
            text run at (693,264) width 16: "\x{306E}"
          RenderRuby (inline) {ruby} at (0,0) size 17x33
            RenderRubyRun (anonymous) at (693,280) size 18x33
              RenderRubyText {rt} at (-10,0) size 10x32
                RenderText {#text} at (0,2) size 10x28
                  text run at (0,2) width 27: "\x{304D}\x{306F}\x{3093}"
              RenderRubyBase (anonymous) at (0,0) size 18x32
                RenderInline {rb} at (0,0) size 17x32
                  RenderText {#text} at (0,0) size 17x32
                    text run at (0,0) width 32: "\x{898A}\x{7D46}"
          RenderText {#text} at (693,312) size 17x17
            text run at (693,312) width 16: "\x{3092}"
          RenderRuby (inline) {ruby} at (0,0) size 17x33
            RenderRubyRun (anonymous) at (693,326) size 18x37
              RenderRubyText {rt} at (-10,0) size 10x36
                RenderText {#text} at (0,0) size 10x36
                  text run at (0,0) width 36: "\x{305D}\x{3046}\x{3068}\x{3046}"
              RenderRubyBase (anonymous) at (0,0) size 18x36
                RenderInline {rb} at (0,0) size 17x32
                  RenderText {#text} at (0,2) size 17x32
                    text run at (0,2) width 32: "\x{6383}\x{8569}"
          RenderText {#text} at (693,360) size 44x473
            text run at (693,360) width 112: "\x{3059}\x{308B}\x{306E}\x{70B9}\x{306B}\x{304A}\x{3044}"
            text run at (720,0) width 64: "\x{3066}\x{3001}\x{2015}\x{2015}"
          RenderRuby (inline) {ruby} at (0,0) size 17x32
            RenderRubyRun (anonymous) at (720,62) size 18x36
              RenderRubyText {rt} at (-10,0) size 10x36
                RenderText {#text} at (0,0) size 10x36
                  text run at (0,0) width 36: "\x{305B}\x{3093}\x{304D}\x{3093}"
              RenderRubyBase (anonymous) at (0,0) size 18x36
                RenderInline {rb} at (0,0) size 17x32
                  RenderText {#text} at (0,2) size 17x32
                    text run at (0,2) width 32: "\x{5343}\x{91D1}"
          RenderText {#text} at (720,96) size 17x96
            text run at (720,96) width 96: "\x{306E}\x{5B50}\x{3088}\x{308A}\x{3082}\x{3001}"
          RenderRuby (inline) {ruby} at (0,0) size 17x36
            RenderRubyRun (anonymous) at (720,187) size 18x46
              RenderRubyText {rt} at (-10,0) size 10x45
                RenderText {#text} at (0,0) size 10x45
                  text run at (0,0) width 45: "\x{3070}\x{3093}\x{3058}\x{3087}\x{3046}"
              RenderRubyBase (anonymous) at (0,0) size 18x45
                RenderInline {rb} at (0,0) size 17x33
                  RenderText {#text} at (0,6) size 17x33
                    text run at (0,6) width 32: "\x{4E07}\x{4E57}"
          RenderText {#text} at (720,228) size 17x208
            text run at (720,228) width 208: "\x{306E}\x{541B}\x{3088}\x{308A}\x{3082}\x{3001}\x{3042}\x{3089}\x{3086}\x{308B}\x{4FD7}\x{754C}\x{306E}"
          RenderRuby (inline) {ruby} at (0,0) size 17x32
            RenderRubyRun (anonymous) at (720,434) size 18x36
              RenderRubyText {rt} at (-10,0) size 10x36
                RenderText {#text} at (0,0) size 10x36
                  text run at (0,0) width 36: "\x{3061}\x{3087}\x{3046}\x{3058}"
              RenderRubyBase (anonymous) at (0,0) size 18x36
                RenderInline {rb} at (0,0) size 17x32
                  RenderText {#text} at (0,2) size 17x32
                    text run at (0,2) width 32: "\x{5BF5}\x{5150}"
          RenderText {#text} at (720,468) size 35x484
            text run at (720,468) width 16: "\x{3088}"
            text run at (738,0) width 128: "\x{308A}\x{3082}\x{5E78}\x{798F}\x{3067}\x{3042}\x{308B}\x{3002}"
          RenderBR {br} at (738,128) size 17x0
          RenderText {#text} at (765,0) size 17x272
            text run at (765,0) width 272: "\x{3000}\x{4E16}\x{306B}\x{4F4F}\x{3080}\x{3053}\x{3068}\x{4E8C}\x{5341}\x{5E74}\x{306B}\x{3057}\x{3066}\x{3001}\x{4F4F}\x{3080}\x{306B}"
          RenderRuby (inline) {ruby} at (0,0) size 17x32
            RenderRubyRun (anonymous) at (765,272) size 18x32
              RenderRubyText {rt} at (-10,0) size 10x32
                RenderText {#text} at (0,7) size 10x18
                  text run at (0,7) width 18: "\x{304B}\x{3044}"
              RenderRubyBase (anonymous) at (0,0) size 18x32
                RenderInline {rb} at (0,0) size 17x32
                  RenderText {#text} at (0,0) size 17x32
                    text run at (0,0) width 32: "\x{7532}\x{6590}"
          RenderText {#text} at (765,304) size 44x480
            text run at (765,304) width 176: "\x{3042}\x{308B}\x{4E16}\x{3068}\x{77E5}\x{3063}\x{305F}\x{3002}\x{4E8C}\x{5341}\x{4E94}"
            text run at (792,0) width 112: "\x{5E74}\x{306B}\x{3057}\x{3066}\x{660E}\x{6697}\x{306F}"
          RenderRuby (inline) {ruby} at (0,0) size 17x32
            RenderRubyRun (anonymous) at (792,110) size 18x36
              RenderRubyText {rt} at (-10,0) size 10x36
                RenderText {#text} at (0,0) size 10x36
                  text run at (0,0) width 36: "\x{3072}\x{3087}\x{3046}\x{308A}"
              RenderRubyBase (anonymous) at (0,0) size 18x36
                RenderInline {rb} at (0,0) size 17x32
                  RenderText {#text} at (0,2) size 17x32
                    text run at (0,2) width 32: "\x{8868}\x{88CF}"
          RenderText {#text} at (792,144) size 44x480
            text run at (792,144) width 336: "\x{306E}\x{3054}\x{3068}\x{304F}\x{3001}\x{65E5}\x{306E}\x{3042}\x{305F}\x{308B}\x{6240}\x{306B}\x{306F}\x{304D}\x{3063}\x{3068}\x{5F71}\x{304C}\x{3055}\x{3059}\x{3068}"
            text run at (819,0) width 112: "\x{609F}\x{3063}\x{305F}\x{3002}\x{4E09}\x{5341}\x{306E}"
          RenderRuby (inline) {ruby} at (0,0) size 17x32
            RenderRubyRun (anonymous) at (819,110) size 18x36
              RenderRubyText {rt} at (-10,0) size 10x36
                RenderText {#text} at (0,0) size 10x36
                  text run at (0,0) width 36: "\x{3053}\x{3093}\x{306B}\x{3061}"
              RenderRubyBase (anonymous) at (0,0) size 18x36
                RenderInline {rb} at (0,0) size 17x32
                  RenderText {#text} at (0,2) size 17x32
                    text run at (0,2) width 32: "\x{4ECA}\x{65E5}"
          RenderText {#text} at (819,144) size 17x288
            text run at (819,144) width 288: "\x{306F}\x{3053}\x{3046}\x{601D}\x{3046}\x{3066}\x{3044}\x{308B}\x{3002}\x{2015}\x{2015}\x{559C}\x{3073}\x{306E}\x{6DF1}\x{304D}\x{3068}\x{304D}"
          RenderRuby (inline) {ruby} at (0,0) size 17x18
            RenderRubyRun (anonymous) at (819,427) size 18x28
              RenderRubyText {rt} at (-10,0) size 10x27
                RenderText {#text} at (0,0) size 10x27
                  text run at (0,0) width 27: "\x{3046}\x{308C}\x{3044}"
              RenderRubyBase (anonymous) at (0,0) size 18x27
                RenderInline {rb} at (0,0) size 17x17
                  RenderText {#text} at (0,5) size 17x17
                    text run at (0,5) width 16: "\x{6182}"
          RenderText {#text} at (819,450) size 44x482
            text run at (819,450) width 32: "\x{3044}\x{3088}"
            text run at (846,0) width 80: "\x{3044}\x{3088}\x{6DF1}\x{304F}\x{3001}"
          RenderRuby (inline) {ruby} at (0,0) size 17x18
            RenderRubyRun (anonymous) at (846,75) size 18x28
              RenderRubyText {rt} at (-10,0) size 10x27
                RenderText {#text} at (0,0) size 10x27
                  text run at (0,0) width 27: "\x{305F}\x{306E}\x{3057}"
              RenderRubyBase (anonymous) at (0,0) size 18x27
                RenderInline {rb} at (0,0) size 17x17
                  RenderText {#text} at (0,5) size 17x17
                    text run at (0,5) width 16: "\x{697D}"
          RenderText {#text} at (846,98) size 44x482
            text run at (846,98) width 384: "\x{307F}\x{306E}\x{5927}\x{3044}\x{306A}\x{308B}\x{307B}\x{3069}\x{82E6}\x{3057}\x{307F}\x{3082}\x{5927}\x{304D}\x{3044}\x{3002}\x{3053}\x{308C}\x{3092}\x{5207}\x{308A}\x{653E}\x{305D}\x{3046}"
            text run at (873,0) width 160: "\x{3068}\x{3059}\x{308B}\x{3068}\x{8EAB}\x{304C}\x{6301}\x{3066}\x{306C}\x{3002}"
          RenderRuby (inline) {ruby} at (0,0) size 17x16
            RenderRubyRun (anonymous) at (873,159) size 18x18
              RenderRubyText {rt} at (-10,0) size 10x18
                RenderText {#text} at (0,0) size 10x18
                  text run at (0,0) width 18: "\x{304B}\x{305F}"
              RenderRubyBase (anonymous) at (0,0) size 18x18
                RenderInline {rb} at (0,0) size 17x16
                  RenderText {#text} at (0,1) size 17x16
                    text run at (0,1) width 16: "\x{7247}"
          RenderText {#text} at (873,176) size 44x464
            text run at (873,176) width 288: "\x{3065}\x{3051}\x{3088}\x{3046}\x{3068}\x{3059}\x{308C}\x{3070}\x{4E16}\x{304C}\x{7ACB}\x{305F}\x{306C}\x{3002}\x{91D1}\x{306F}\x{5927}\x{4E8B}"
            text run at (900,0) width 128: "\x{3060}\x{3001}\x{5927}\x{4E8B}\x{306A}\x{3082}\x{306E}\x{304C}"
          RenderRuby (inline) {ruby} at (0,0) size 17x16
            RenderRubyRun (anonymous) at (900,128) size 18x16
              RenderRubyText {rt} at (-10,0) size 10x16
                RenderText {#text} at (0,3) size 10x10
                  text run at (0,3) width 9: "\x{3075}"
              RenderRubyBase (anonymous) at (0,0) size 18x16
                RenderInline {rb} at (0,0) size 17x16
                  RenderText {#text} at (0,0) size 17x16
                    text run at (0,0) width 16: "\x{6B96}"
          RenderText {#text} at (900,144) size 17x48
            text run at (900,144) width 48: "\x{3048}\x{308C}\x{3070}"
          RenderRuby (inline) {ruby} at (0,0) size 17x16
            RenderRubyRun (anonymous) at (900,192) size 18x16
              RenderRubyText {rt} at (-10,0) size 10x16
                RenderText {#text} at (0,3) size 10x10
                  text run at (0,3) width 9: "\x{306D}"
              RenderRubyBase (anonymous) at (0,0) size 18x16
                RenderInline {rb} at (0,0) size 17x16
                  RenderText {#text} at (0,0) size 17x16
                    text run at (0,0) width 16: "\x{5BDD}"
          RenderText {#text} at (900,208) size 17x16
            text run at (900,208) width 16: "\x{308B}"
          RenderRuby (inline) {ruby} at (0,0) size 17x16
            RenderRubyRun (anonymous) at (900,224) size 18x16
              RenderRubyText {rt} at (-10,0) size 10x16
                RenderText {#text} at (0,3) size 10x10
                  text run at (0,3) width 9: "\x{307E}"
              RenderRubyBase (anonymous) at (0,0) size 18x16
                RenderInline {rb} at (0,0) size 17x16
                  RenderText {#text} at (0,0) size 17x16
                    text run at (0,0) width 16: "\x{9593}"
          RenderText {#text} at (900,240) size 62x480
            text run at (900,240) width 240: "\x{3082}\x{5FC3}\x{914D}\x{3060}\x{308D}\x{3046}\x{3002}\x{604B}\x{306F}\x{3046}\x{308C}\x{3057}\x{3044}\x{3001}\x{5B09}"
            text run at (918,0) width 480: "\x{3057}\x{3044}\x{604B}\x{304C}\x{7A4D}\x{3082}\x{308C}\x{3070}\x{3001}\x{604B}\x{3092}\x{305B}\x{306C}\x{6614}\x{304C}\x{304B}\x{3048}\x{3063}\x{3066}\x{604B}\x{3057}\x{304B}\x{308D}\x{3002}\x{95A3}\x{50DA}\x{306E}\x{80A9}\x{306F}\x{6570}"
            text run at (945,0) width 96: "\x{767E}\x{4E07}\x{4EBA}\x{306E}\x{8DB3}\x{3092}"
          RenderRuby (inline) {ruby} at (0,0) size 17x16
            RenderRubyRun (anonymous) at (945,95) size 18x18
              RenderRubyText {rt} at (-10,0) size 10x18
                RenderText {#text} at (0,0) size 10x18
                  text run at (0,0) width 18: "\x{3055}\x{3055}"
              RenderRubyBase (anonymous) at (0,0) size 18x18
                RenderInline {rb} at (0,0) size 17x16
                  RenderText {#text} at (0,1) size 17x16
                    text run at (0,1) width 16: "\x{652F}"
          RenderText {#text} at (945,112) size 17x80
            text run at (945,112) width 80: "\x{3048}\x{3066}\x{3044}\x{308B}\x{3002}"
          RenderRuby (inline) {ruby} at (0,0) size 17x32
            RenderRubyRun (anonymous) at (945,192) size 18x32
              RenderRubyText {rt} at (-10,0) size 10x32
                RenderText {#text} at (0,2) size 10x28
                  text run at (0,2) width 27: "\x{305B}\x{306A}\x{304B}"
              RenderRubyBase (anonymous) at (0,0) size 18x32
                RenderInline {rb} at (0,0) size 17x32
                  RenderText {#text} at (0,0) size 17x32
                    text run at (0,0) width 32: "\x{80CC}\x{4E2D}"
          RenderText {#text} at (945,224) size 44x480
            text run at (945,224) width 256: "\x{306B}\x{306F}\x{91CD}\x{3044}\x{5929}\x{4E0B}\x{304C}\x{304A}\x{3076}\x{3055}\x{3063}\x{3066}\x{3044}\x{308B}\x{3002}\x{3046}"
            text run at (972,0) width 272: "\x{307E}\x{3044}\x{7269}\x{3082}\x{98DF}\x{308F}\x{306D}\x{3070}\x{60DC}\x{3057}\x{3044}\x{3002}\x{5C11}\x{3057}\x{98DF}\x{3048}\x{3070}"
          RenderRuby (inline) {ruby} at (0,0) size 17x16
            RenderRubyRun (anonymous) at (972,272) size 18x16
              RenderRubyText {rt} at (-10,0) size 10x16
                RenderText {#text} at (0,3) size 10x10
                  text run at (0,3) width 9: "\x{3042}"
              RenderRubyBase (anonymous) at (0,0) size 18x16
                RenderInline {rb} at (0,0) size 17x16
                  RenderText {#text} at (0,0) size 17x16
                    text run at (0,0) width 16: "\x{98FD}"
          RenderText {#text} at (972,288) size 17x16
            text run at (972,288) width 16: "\x{304D}"
          RenderRuby (inline) {ruby} at (0,0) size 17x16
            RenderRubyRun (anonymous) at (972,304) size 18x16
              RenderRubyText {rt} at (-10,0) size 10x16
                RenderText {#text} at (0,3) size 10x10
                  text run at (0,3) width 9: "\x{305F}"
              RenderRubyBase (anonymous) at (0,0) size 18x16
                RenderInline {rb} at (0,0) size 17x16
                  RenderText {#text} at (0,0) size 17x16
                    text run at (0,0) width 16: "\x{8DB3}"
          RenderText {#text} at (972,320) size 35x480
            text run at (972,320) width 160: "\x{3089}\x{306C}\x{3002}\x{5B58}\x{5206}\x{98DF}\x{3048}\x{3070}\x{3042}\x{3068}"
            text run at (990,0) width 128: "\x{304C}\x{4E0D}\x{6109}\x{5FEB}\x{3060}\x{3002}\x{2026}\x{2026}"
          RenderBR {br} at (990,128) size 17x0
          RenderText {#text} at (1017,0) size 17x16
            text run at (1017,0) width 16: "\x{3000}"
          RenderRuby (inline) {ruby} at (0,0) size 17x16
            RenderRubyRun (anonymous) at (1017,16) size 18x16
              RenderRubyText {rt} at (-10,0) size 10x16
                RenderText {#text} at (0,3) size 10x10
                  text run at (0,3) width 9: "\x{3088}"
              RenderRubyBase (anonymous) at (0,0) size 18x16
                RenderInline {rb} at (0,0) size 17x16
                  RenderText {#text} at (0,0) size 17x16
                    text run at (0,0) width 16: "\x{4F59}"
          RenderText {#text} at (1017,32) size 17x16
            text run at (1017,32) width 16: "\x{306E}"
          RenderRuby (inline) {ruby} at (0,0) size 17x27
            RenderRubyRun (anonymous) at (1017,43) size 18x37
              RenderRubyText {rt} at (-10,0) size 10x36
                RenderText {#text} at (0,0) size 10x36
                  text run at (0,0) width 36: "\x{304B}\x{3093}\x{304C}\x{3048}"
              RenderRubyBase (anonymous) at (0,0) size 18x36
                RenderInline {rb} at (0,0) size 17x16
                  RenderText {#text} at (0,10) size 17x16
                    text run at (0,10) width 16: "\x{8003}"
          RenderText {#text} at (1017,75) size 17x256
            text run at (1017,75) width 256: "\x{304C}\x{3053}\x{3053}\x{307E}\x{3067}\x{6F02}\x{6D41}\x{3057}\x{3066}\x{6765}\x{305F}\x{6642}\x{306B}\x{3001}\x{4F59}\x{306E}"
          RenderRuby (inline) {ruby} at (0,0) size 17x32
            RenderRubyRun (anonymous) at (1017,331) size 18x32
              RenderRubyText {rt} at (-10,0) size 10x32
                RenderText {#text} at (0,2) size 10x28
                  text run at (0,2) width 27: "\x{3046}\x{305D}\x{304F}"
              RenderRubyBase (anonymous) at (0,0) size 18x32
                RenderInline {rb} at (0,0) size 17x32
                  RenderText {#text} at (0,0) size 17x32
                    text run at (0,0) width 32: "\x{53F3}\x{8DB3}"
          RenderText {#text} at (1017,363) size 17x48
            text run at (1017,363) width 48: "\x{306F}\x{7A81}\x{7136}"
          RenderRuby (inline) {ruby} at (0,0) size 17x16
            RenderRubyRun (anonymous) at (1017,410) size 18x18
              RenderRubyText {rt} at (-10,0) size 10x18
                RenderText {#text} at (0,0) size 10x18
                  text run at (0,0) width 18: "\x{3059}\x{308F}"
              RenderRubyBase (anonymous) at (0,0) size 18x18
                RenderInline {rb} at (0,0) size 17x16
                  RenderText {#text} at (0,1) size 17x16
                    text run at (0,1) width 16: "\x{5750}"
          RenderText {#text} at (1017,427) size 44x491
            text run at (1017,427) width 64: "\x{308A}\x{306E}\x{308F}\x{308B}"
            text run at (1044,0) width 16: "\x{3044}"
          RenderRuby (inline) {ruby} at (0,0) size 17x32
            RenderRubyRun (anonymous) at (1044,14) size 18x36
              RenderRubyText {rt} at (-10,0) size 10x36
                RenderText {#text} at (0,0) size 10x36
                  text run at (0,0) width 36: "\x{304B}\x{304F}\x{3044}\x{3057}"
              RenderRubyBase (anonymous) at (0,0) size 18x36
                RenderInline {rb} at (0,0) size 17x32
                  RenderText {#text} at (0,2) size 17x32
                    text run at (0,2) width 32: "\x{89D2}\x{77F3}"
          RenderText {#text} at (1044,48) size 17x16
            text run at (1044,48) width 16: "\x{306E}"
          RenderRuby (inline) {ruby} at (0,0) size 17x16
            RenderRubyRun (anonymous) at (1044,63) size 18x18
              RenderRubyText {rt} at (-10,0) size 10x18
                RenderText {#text} at (0,0) size 10x18
                  text run at (0,0) width 18: "\x{306F}\x{3057}"
              RenderRubyBase (anonymous) at (0,0) size 18x18
                RenderInline {rb} at (0,0) size 17x16
                  RenderText {#text} at (0,1) size 17x16
                    text run at (0,1) width 16: "\x{7AEF}"
          RenderText {#text} at (1044,80) size 17x48
            text run at (1044,80) width 48: "\x{3092}\x{8E0F}\x{307F}"
          RenderRuby (inline) {ruby} at (0,0) size 17x16
            RenderRubyRun (anonymous) at (1044,128) size 18x16
              RenderRubyText {rt} at (-10,0) size 10x16
                RenderText {#text} at (0,3) size 10x10
                  text run at (0,3) width 9: "\x{305D}"
              RenderRubyBase (anonymous) at (0,0) size 18x16
                RenderInline {rb} at (0,0) size 17x16
                  RenderText {#text} at (0,0) size 17x16
                    text run at (0,0) width 16: "\x{640D}"
          RenderText {#text} at (1044,144) size 17x80
            text run at (1044,144) width 80: "\x{304F}\x{306A}\x{3063}\x{305F}\x{3002}"
          RenderRuby (inline) {ruby} at (0,0) size 17x32
            RenderRubyRun (anonymous) at (1044,222) size 18x36
              RenderRubyText {rt} at (-10,0) size 10x36
                RenderText {#text} at (0,0) size 10x36
                  text run at (0,0) width 36: "\x{3078}\x{3044}\x{3053}\x{3046}"
              RenderRubyBase (anonymous) at (0,0) size 18x36
                RenderInline {rb} at (0,0) size 17x32
                  RenderText {#text} at (0,2) size 17x32
                    text run at (0,2) width 32: "\x{5E73}\x{8861}"
          RenderText {#text} at (1044,256) size 44x480
            text run at (1044,256) width 224: "\x{3092}\x{4FDD}\x{3064}\x{305F}\x{3081}\x{306B}\x{3001}\x{3059}\x{308F}\x{3084}\x{3068}\x{524D}\x{306B}\x{98DB}"
            text run at (1071,0) width 64: "\x{3073}\x{51FA}\x{3057}\x{305F}"
          RenderRuby (inline) {ruby} at (0,0) size 17x32
            RenderRubyRun (anonymous) at (1071,64) size 18x32
              RenderRubyText {rt} at (-10,0) size 10x32
                RenderText {#text} at (0,2) size 10x28
                  text run at (0,2) width 27: "\x{3055}\x{305D}\x{304F}"
              RenderRubyBase (anonymous) at (0,0) size 18x32
                RenderInline {rb} at (0,0) size 17x32
                  RenderText {#text} at (0,0) size 17x32
                    text run at (0,0) width 32: "\x{5DE6}\x{8DB3}"
          RenderText {#text} at (1071,96) size 17x32
            text run at (1071,96) width 32: "\x{304C}\x{3001}"
          RenderRuby (inline) {ruby} at (0,0) size 17x32
            RenderRubyRun (anonymous) at (1071,128) size 18x32
              RenderRubyText {rt} at (-10,0) size 10x32
                RenderText {#text} at (0,2) size 10x28
                  text run at (0,2) width 27: "\x{3057}\x{305D}\x{3093}"
              RenderRubyBase (anonymous) at (0,0) size 18x32
                RenderInline {rb} at (0,0) size 17x32
                  RenderText {#text} at (0,0) size 17x32
                    text run at (0,0) width 32: "\x{4ED5}\x{640D}"
          RenderText {#text} at (1071,160) size 17x32
            text run at (1071,160) width 32: "\x{3058}\x{306E}"
          RenderRuby (inline) {ruby} at (0,0) size 17x16
            RenderRubyRun (anonymous) at (1071,192) size 18x16
              RenderRubyText {rt} at (-10,0) size 10x16
                RenderText {#text} at (0,3) size 10x10
                  text run at (0,3) width 9: "\x{3046}"
              RenderRubyBase (anonymous) at (0,0) size 18x16
                RenderInline {rb} at (0,0) size 17x16
                  RenderText {#text} at (0,0) size 17x16
                    text run at (0,0) width 16: "\x{57CB}"
          RenderText {#text} at (1071,208) size 17x16
            text run at (1071,208) width 16: "\x{3081}"
          RenderRuby (inline) {ruby} at (0,0) size 17x16
            RenderRubyRun (anonymous) at (1071,223) size 18x18
              RenderRubyText {rt} at (-10,0) size 10x18
                RenderText {#text} at (0,0) size 10x18
                  text run at (0,0) width 18: "\x{3042}\x{308F}"
              RenderRubyBase (anonymous) at (0,0) size 18x18
                RenderInline {rb} at (0,0) size 17x16
                  RenderText {#text} at (0,1) size 17x16
                    text run at (0,1) width 16: "\x{5408}"
          RenderText {#text} at (1071,240) size 44x480
            text run at (1071,240) width 240: "\x{305B}\x{3092}\x{3059}\x{308B}\x{3068}\x{5171}\x{306B}\x{3001}\x{4F59}\x{306E}\x{8170}\x{306F}\x{5177}\x{5408}\x{3088}"
            text run at (1098,0) width 16: "\x{304F}"
          RenderRuby (inline) {ruby} at (0,0) size 17x16
            RenderRubyRun (anonymous) at (1098,15) size 18x18
              RenderRubyText {rt} at (-10,0) size 10x18
                RenderText {#text} at (0,0) size 10x18
                  text run at (0,0) width 18: "\x{307B}\x{3046}"
              RenderRubyBase (anonymous) at (0,0) size 18x18
                RenderInline {rb} at (0,0) size 17x16
                  RenderText {#text} at (0,1) size 17x16
                    text run at (0,1) width 16: "\x{65B9}"
          RenderText {#text} at (1098,32) size 17x144
            text run at (1098,32) width 144: "\x{4E09}\x{5C3A}\x{307B}\x{3069}\x{306A}\x{5CA9}\x{306E}\x{4E0A}\x{306B}"
          RenderRuby (inline) {ruby} at (0,0) size 17x16
            RenderRubyRun (anonymous) at (1098,176) size 18x16
              RenderRubyText {rt} at (-10,0) size 10x16
                RenderText {#text} at (0,3) size 10x10
                  text run at (0,3) width 9: "\x{304A}"
              RenderRubyBase (anonymous) at (0,0) size 18x16
                RenderInline {rb} at (0,0) size 17x16
                  RenderText {#text} at (0,0) size 17x16
                    text run at (0,0) width 16: "\x{5378}"
          RenderText {#text} at (1098,192) size 17x208
            text run at (1098,192) width 208: "\x{308A}\x{305F}\x{3002}\x{80A9}\x{306B}\x{304B}\x{3051}\x{305F}\x{7D75}\x{306E}\x{5177}\x{7BB1}\x{304C}"
          RenderRuby (inline) {ruby} at (0,0) size 17x16
            RenderRubyRun (anonymous) at (1098,399) size 18x18
              RenderRubyText {rt} at (-10,0) size 10x18
                RenderText {#text} at (0,0) size 10x18
                  text run at (0,0) width 18: "\x{308F}\x{304D}"
              RenderRubyBase (anonymous) at (0,0) size 18x18
                RenderInline {rb} at (0,0) size 17x16
                  RenderText {#text} at (0,1) size 17x16
                    text run at (0,1) width 16: "\x{814B}"
          RenderText {#text} at (1098,416) size 17x64
            text run at (1098,416) width 64: "\x{306E}\x{4E0B}\x{304B}\x{3089}"
          RenderRuby (inline) {ruby} at (0,0) size 17x17
            RenderRubyRun (anonymous) at (1125,0) size 18x18
              RenderRubyText {rt} at (-10,0) size 10x18
                RenderText {#text} at (0,0) size 10x18
                  text run at (0,0) width 18: "\x{304A}\x{3069}"
              RenderRubyBase (anonymous) at (0,0) size 18x18
                RenderInline {rb} at (0,0) size 17x16
                  RenderText {#text} at (0,1) size 17x16
                    text run at (0,1) width 16: "\x{8E8D}"
          RenderText {#text} at (1125,17) size 17x176
            text run at (1125,17) width 176: "\x{308A}\x{51FA}\x{3057}\x{305F}\x{3060}\x{3051}\x{3067}\x{3001}\x{5E78}\x{3044}\x{3068}"
          RenderRuby (inline) {ruby} at (0,0) size 17x16
            RenderRubyRun (anonymous) at (1125,192) size 18x18
              RenderRubyText {rt} at (-10,0) size 10x18
                RenderText {#text} at (0,0) size 10x18
                  text run at (0,0) width 18: "\x{306A}\x{3093}"
              RenderRubyBase (anonymous) at (0,0) size 18x18
                RenderInline {rb} at (0,0) size 17x16
                  RenderText {#text} at (0,1) size 17x16
                    text run at (0,1) width 16: "\x{4F55}"
          RenderText {#text} at (1125,209) size 17x128
            text run at (1125,209) width 128: "\x{306E}\x{4E8B}\x{3082}\x{306A}\x{304B}\x{3063}\x{305F}\x{3002}"
          RenderBR {br} at (1125,337) size 17x0
          RenderText {#text} at (1152,0) size 17x240
            text run at (1152,0) width 240: "\x{3000}\x{7ACB}\x{3061}\x{4E0A}\x{304C}\x{308B}\x{6642}\x{306B}\x{5411}\x{3046}\x{3092}\x{898B}\x{308B}\x{3068}\x{3001}"
          RenderRuby (inline) {ruby} at (0,0) size 17x16
            RenderRubyRun (anonymous) at (1152,239) size 18x18
              RenderRubyText {rt} at (-10,0) size 10x18
                RenderText {#text} at (0,0) size 10x18
                  text run at (0,0) width 18: "\x{307F}\x{3061}"
              RenderRubyBase (anonymous) at (0,0) size 18x18
                RenderInline {rb} at (0,0) size 17x16
                  RenderText {#text} at (0,1) size 17x16
                    text run at (0,1) width 16: "\x{8DEF}"
          RenderText {#text} at (1152,256) size 44x480
            text run at (1152,256) width 224: "\x{304B}\x{3089}\x{5DE6}\x{306E}\x{65B9}\x{306B}\x{30D0}\x{30B1}\x{30C4}\x{3092}\x{4F0F}\x{305B}\x{305F}\x{3088}"
            text run at (1179,0) width 64: "\x{3046}\x{306A}\x{5CF0}\x{304C}"
          RenderRuby (inline) {ruby} at (0,0) size 17x16
            RenderRubyRun (anonymous) at (1179,63) size 18x18
              RenderRubyText {rt} at (-10,0) size 10x18
                RenderText {#text} at (0,0) size 10x18
                  text run at (0,0) width 18: "\x{305D}\x{3073}"
              RenderRubyBase (anonymous) at (0,0) size 18x18
                RenderInline {rb} at (0,0) size 17x16
                  RenderText {#text} at (0,1) size 17x16
                    text run at (0,1) width 16: "\x{8073}"
          RenderText {#text} at (1179,80) size 17x112
            text run at (1179,80) width 112: "\x{3048}\x{3066}\x{3044}\x{308B}\x{3002}\x{6749}\x{304B}"
          RenderRuby (inline) {ruby} at (0,0) size 17x18
            RenderRubyRun (anonymous) at (1179,187) size 18x28
              RenderRubyText {rt} at (-10,0) size 10x27
                RenderText {#text} at (0,0) size 10x27
                  text run at (0,0) width 27: "\x{3072}\x{306E}\x{304D}"
              RenderRubyBase (anonymous) at (0,0) size 18x27
                RenderInline {rb} at (0,0) size 17x17
                  RenderText {#text} at (0,5) size 17x17
                    text run at (0,5) width 16: "\x{6A9C}"
          RenderText {#text} at (1179,210) size 17x112
            text run at (1179,210) width 112: "\x{304B}\x{5206}\x{304B}\x{3089}\x{306A}\x{3044}\x{304C}"
          RenderRuby (inline) {ruby} at (0,0) size 17x32
            RenderRubyRun (anonymous) at (1179,322) size 18x32
              RenderRubyText {rt} at (-10,0) size 10x32
                RenderText {#text} at (0,2) size 10x28
                  text run at (0,2) width 27: "\x{306D}\x{3082}\x{3068}"
              RenderRubyBase (anonymous) at (0,0) size 18x32
                RenderInline {rb} at (0,0) size 17x32
                  RenderText {#text} at (0,0) size 17x32
                    text run at (0,0) width 32: "\x{6839}\x{5143}"
          RenderText {#text} at (1179,354) size 17x32
            text run at (1179,354) width 32: "\x{304B}\x{3089}"
          RenderRuby (inline) {ruby} at (0,0) size 17x18
            RenderRubyRun (anonymous) at (1179,381) size 18x28
              RenderRubyText {rt} at (-10,0) size 10x27
                RenderText {#text} at (0,0) size 10x27
                  text run at (0,0) width 27: "\x{3044}\x{305F}\x{3060}"
              RenderRubyBase (anonymous) at (0,0) size 18x27
                RenderInline {rb} at (0,0) size 17x17
                  RenderText {#text} at (0,5) size 17x17
                    text run at (0,5) width 16: "\x{9802}"
          RenderText {#text} at (1179,404) size 44x484
            text run at (1179,404) width 80: "\x{304D}\x{307E}\x{3067}\x{3053}\x{3068}"
            text run at (1206,0) width 48: "\x{3054}\x{3068}\x{304F}"
          RenderRuby (inline) {ruby} at (0,0) size 17x32
            RenderRubyRun (anonymous) at (1206,46) size 18x36
              RenderRubyText {rt} at (-10,0) size 10x36
                RenderText {#text} at (0,0) size 10x36
                  text run at (0,0) width 36: "\x{3042}\x{304A}\x{3050}\x{308D}"
              RenderRubyBase (anonymous) at (0,0) size 18x36
                RenderInline {rb} at (0,0) size 17x32
                  RenderText {#text} at (0,2) size 17x32
                    text run at (0,2) width 32: "\x{84BC}\x{9ED2}"
          RenderText {#text} at (1206,80) size 17x240
            text run at (1206,80) width 240: "\x{3044}\x{4E2D}\x{306B}\x{3001}\x{5C71}\x{685C}\x{304C}\x{8584}\x{8D64}\x{304F}\x{3060}\x{3093}\x{3060}\x{3089}\x{306B}"
          RenderRuby (inline) {ruby} at (0,0) size 17x32
            RenderRubyRun (anonymous) at (1206,320) size 18x32
              RenderRubyText {rt} at (-10,0) size 10x32
                RenderText {#text} at (0,2) size 10x28
                  text run at (0,2) width 27: "\x{305F}\x{306A}\x{3073}"
              RenderRubyBase (anonymous) at (0,0) size 18x32
                RenderInline {rb} at (0,0) size 17x32
                  RenderText {#text} at (0,0) size 17x32
                    text run at (0,0) width 32: "\x{68DA}\x{5F15}"
          RenderText {#text} at (1206,352) size 17x48
            text run at (1206,352) width 48: "\x{3044}\x{3066}\x{3001}"
          RenderRuby (inline) {ruby} at (0,0) size 17x16
            RenderRubyRun (anonymous) at (1206,400) size 18x16
              RenderRubyText {rt} at (-10,0) size 10x16
                RenderText {#text} at (0,3) size 10x10
                  text run at (0,3) width 9: "\x{3064}"
              RenderRubyBase (anonymous) at (0,0) size 18x16
                RenderInline {rb} at (0,0) size 17x16
                  RenderText {#text} at (0,0) size 17x16
                    text run at (0,0) width 16: "\x{7D9A}"
          RenderText {#text} at (1206,416) size 17x16
            text run at (1206,416) width 16: "\x{304E}"
          RenderRuby (inline) {ruby} at (0,0) size 17x16
            RenderRubyRun (anonymous) at (1206,432) size 18x16
              RenderRubyText {rt} at (-10,0) size 10x16
                RenderText {#text} at (0,3) size 10x10
                  text run at (0,3) width 9: "\x{3081}"
              RenderRubyBase (anonymous) at (0,0) size 18x16
                RenderInline {rb} at (0,0) size 17x16
                  RenderText {#text} at (0,0) size 17x16
                    text run at (0,0) width 16: "\x{76EE}"
          RenderText {#text} at (1206,448) size 17x16
            text run at (1206,448) width 16: "\x{304C}"
          RenderRuby (inline) {ruby} at (0,0) size 17x17
            RenderRubyRun (anonymous) at (1206,463) size 18x18
              RenderRubyText {rt} at (-10,0) size 10x18
                RenderText {#text} at (0,0) size 10x18
                  text run at (0,0) width 18: "\x{3057}\x{304B}"
              RenderRubyBase (anonymous) at (0,0) size 18x18
                RenderInline {rb} at (0,0) size 17x16
                  RenderText {#text} at (0,1) size 17x16
                    text run at (0,1) width 16: "\x{78BA}"
          RenderText {#text} at (1233,0) size 17x112
            text run at (1233,0) width 112: "\x{3068}\x{898B}\x{3048}\x{306C}\x{304F}\x{3089}\x{3044}"
          RenderRuby (inline) {ruby} at (0,0) size 17x16
            RenderRubyRun (anonymous) at (1233,111) size 18x18
              RenderRubyText {rt} at (-10,0) size 10x18
                RenderText {#text} at (0,0) size 10x18
                  text run at (0,0) width 18: "\x{3082}\x{3084}"
              RenderRubyBase (anonymous) at (0,0) size 18x18
                RenderInline {rb} at (0,0) size 17x16
                  RenderText {#text} at (0,1) size 17x16
                    text run at (0,1) width 16: "\x{9744}"
          RenderText {#text} at (1233,128) size 17x144
            text run at (1233,128) width 144: "\x{304C}\x{6FC3}\x{3044}\x{3002}\x{5C11}\x{3057}\x{624B}\x{524D}\x{306B}"
          RenderRuby (inline) {ruby} at (0,0) size 17x32
            RenderRubyRun (anonymous) at (1233,270) size 18x36
              RenderRubyText {rt} at (-10,0) size 10x36
                RenderText {#text} at (0,0) size 10x36
                  text run at (0,0) width 36: "\x{306F}\x{3052}\x{3084}\x{307E}"
              RenderRubyBase (anonymous) at (0,0) size 18x36
                RenderInline {rb} at (0,0) size 17x32
                  RenderText {#text} at (0,2) size 17x32
                    text run at (0,2) width 32: "\x{79BF}\x{5C71}"
          RenderText {#text} at (1233,304) size 17x64
            text run at (1233,304) width 64: "\x{304C}\x{4E00}\x{3064}\x{3001}"
          RenderRuby (inline) {ruby} at (0,0) size 17x16
            RenderRubyRun (anonymous) at (1233,367) size 18x18
              RenderRubyText {rt} at (-10,0) size 10x18
                RenderText {#text} at (0,0) size 10x18
                  text run at (0,0) width 18: "\x{3050}\x{3093}"
              RenderRubyBase (anonymous) at (0,0) size 18x18
                RenderInline {rb} at (0,0) size 17x16
                  RenderText {#text} at (0,1) size 17x16
                    text run at (0,1) width 16: "\x{7FA4}"
          RenderText {#text} at (1233,384) size 17x96
            text run at (1233,384) width 96: "\x{3092}\x{306C}\x{304D}\x{3093}\x{3067}\x{3066}"
          RenderRuby (inline) {ruby} at (0,0) size 17x17
            RenderRubyRun (anonymous) at (1260,0) size 18x18
              RenderRubyText {rt} at (-10,0) size 10x18
                RenderText {#text} at (0,0) size 10x18
                  text run at (0,0) width 18: "\x{307E}\x{3086}"
              RenderRubyBase (anonymous) at (0,0) size 18x18
                RenderInline {rb} at (0,0) size 17x16
                  RenderText {#text} at (0,1) size 17x16
                    text run at (0,1) width 16: "\x{7709}"
          RenderText {#text} at (1260,17) size 17x16
            text run at (1260,17) width 16: "\x{306B}"
          RenderRuby (inline) {ruby} at (0,0) size 17x16
            RenderRubyRun (anonymous) at (1260,32) size 18x18
              RenderRubyText {rt} at (-10,0) size 10x18
                RenderText {#text} at (0,0) size 10x18
                  text run at (0,0) width 18: "\x{305B}\x{307E}"
              RenderRubyBase (anonymous) at (0,0) size 18x18
                RenderInline {rb} at (0,0) size 17x16
                  RenderText {#text} at (0,1) size 17x16
                    text run at (0,1) width 16: "\x{903C}"
          RenderText {#text} at (1260,49) size 17x32
            text run at (1260,49) width 32: "\x{308B}\x{3002}"
          RenderRuby (inline) {ruby} at (0,0) size 17x16
            RenderRubyRun (anonymous) at (1260,81) size 18x16
              RenderRubyText {rt} at (-10,0) size 10x16
                RenderText {#text} at (0,3) size 10x10
                  text run at (0,3) width 9: "\x{306F}"
              RenderRubyBase (anonymous) at (0,0) size 18x16
                RenderInline {rb} at (0,0) size 17x16
                  RenderText {#text} at (0,0) size 17x16
                    text run at (0,0) width 16: "\x{79BF}"
          RenderText {#text} at (1260,97) size 17x128
            text run at (1260,97) width 128: "\x{3052}\x{305F}\x{5074}\x{9762}\x{306F}\x{5DE8}\x{4EBA}\x{306E}"
          RenderRuby (inline) {ruby} at (0,0) size 17x16
            RenderRubyRun (anonymous) at (1260,224) size 18x18
              RenderRubyText {rt} at (-10,0) size 10x18
                RenderText {#text} at (0,0) size 10x18
                  text run at (0,0) width 18: "\x{304A}\x{306E}"
              RenderRubyBase (anonymous) at (0,0) size 18x18
                RenderInline {rb} at (0,0) size 17x16
                  RenderText {#text} at (0,1) size 17x16
                    text run at (0,1) width 16: "\x{65A7}"
          RenderText {#text} at (1260,241) size 17x16
            text run at (1260,241) width 16: "\x{3067}"
          RenderRuby (inline) {ruby} at (0,0) size 17x16
            RenderRubyRun (anonymous) at (1260,256) size 18x18
              RenderRubyText {rt} at (-10,0) size 10x18
                RenderText {#text} at (0,0) size 10x18
                  text run at (0,0) width 18: "\x{3051}\x{305A}"
              RenderRubyBase (anonymous) at (0,0) size 18x18
                RenderInline {rb} at (0,0) size 17x16
                  RenderText {#text} at (0,1) size 17x16
                    text run at (0,1) width 16: "\x{524A}"
          RenderText {#text} at (1260,273) size 44x481
            text run at (1260,273) width 208: "\x{308A}\x{53BB}\x{3063}\x{305F}\x{304B}\x{3001}\x{92ED}\x{3069}\x{304D}\x{5E73}\x{9762}\x{3092}\x{3084}"
            text run at (1287,0) width 96: "\x{3051}\x{306B}\x{8C37}\x{306E}\x{5E95}\x{306B}"
          RenderRuby (inline) {ruby} at (0,0) size 17x16
            RenderRubyRun (anonymous) at (1287,95) size 18x18
              RenderRubyText {rt} at (-10,0) size 10x18
                RenderText {#text} at (0,0) size 10x18
                  text run at (0,0) width 18: "\x{3046}\x{305A}"
              RenderRubyBase (anonymous) at (0,0) size 18x18
                RenderInline {rb} at (0,0) size 17x16
                  RenderText {#text} at (0,1) size 17x16
                    text run at (0,1) width 16: "\x{57CB}"
          RenderText {#text} at (1287,112) size 17x80
            text run at (1287,112) width 80: "\x{3081}\x{3066}\x{3044}\x{308B}\x{3002}"
          RenderRuby (inline) {ruby} at (0,0) size 17x32
            RenderRubyRun (anonymous) at (1287,190) size 18x36
              RenderRubyText {rt} at (-10,0) size 10x36
                RenderText {#text} at (0,0) size 10x36
                  text run at (0,0) width 36: "\x{3066}\x{3063}\x{307A}\x{3093}"
              RenderRubyBase (anonymous) at (0,0) size 18x36
                RenderInline {rb} at (0,0) size 17x32
                  RenderText {#text} at (0,2) size 17x32
                    text run at (0,2) width 32: "\x{5929}\x{8FBA}"
          RenderText {#text} at (1287,224) size 44x480
            text run at (1287,224) width 256: "\x{306B}\x{4E00}\x{672C}\x{898B}\x{3048}\x{308B}\x{306E}\x{306F}\x{8D64}\x{677E}\x{3060}\x{308D}\x{3046}\x{3002}\x{679D}\x{306E}"
            text run at (1314,0) width 80: "\x{9593}\x{306E}\x{7A7A}\x{3055}\x{3048}"
          RenderRuby (inline) {ruby} at (0,0) size 17x32
            RenderRubyRun (anonymous) at (1314,78) size 18x36
              RenderRubyText {rt} at (-10,0) size 10x36
                RenderText {#text} at (0,0) size 10x36
                  text run at (0,0) width 36: "\x{306F}\x{3063}\x{304D}\x{308A}"
              RenderRubyBase (anonymous) at (0,0) size 18x36
                RenderInline {rb} at (0,0) size 17x32
                  RenderText {#text} at (0,2) size 17x32
                    text run at (0,2) width 32: "\x{5224}\x{7136}"
          RenderText {#text} at (1314,112) size 44x480
            text run at (1314,112) width 368: "\x{3057}\x{3066}\x{3044}\x{308B}\x{3002}\x{884C}\x{304F}\x{624B}\x{306F}\x{4E8C}\x{4E01}\x{307B}\x{3069}\x{3067}\x{5207}\x{308C}\x{3066}\x{3044}\x{308B}\x{304C}\x{3001}\x{9AD8}\x{3044}"
            text run at (1341,0) width 80: "\x{6240}\x{304B}\x{3089}\x{8D64}\x{3044}"
          RenderRuby (inline) {ruby} at (0,0) size 17x32
            RenderRubyRun (anonymous) at (1341,80) size 18x32
              RenderRubyText {rt} at (-10,0) size 10x32
                RenderText {#text} at (0,2) size 10x28
                  text run at (0,2) width 27: "\x{3051}\x{3063}\x{3068}"
              RenderRubyBase (anonymous) at (0,0) size 18x32
                RenderInline {rb} at (0,0) size 17x32
                  RenderText {#text} at (0,0) size 17x32
                    text run at (0,0) width 32: "\x{6BDB}\x{5E03}"
          RenderText {#text} at (1341,112) size 44x480
            text run at (1341,112) width 368: "\x{304C}\x{52D5}\x{3044}\x{3066}\x{6765}\x{308B}\x{306E}\x{3092}\x{898B}\x{308B}\x{3068}\x{3001}\x{767B}\x{308C}\x{3070}\x{3042}\x{3059}\x{3053}\x{3078}\x{51FA}\x{308B}\x{306E}\x{3060}"
            text run at (1368,0) width 144: "\x{308D}\x{3046}\x{3002}\x{8DEF}\x{306F}\x{3059}\x{3053}\x{3076}\x{308B}"
          RenderRuby (inline) {ruby} at (0,0) size 17x32
            RenderRubyRun (anonymous) at (1368,144) size 18x32
              RenderRubyText {rt} at (-10,0) size 10x32
                RenderText {#text} at (0,2) size 10x28
                  text run at (0,2) width 27: "\x{306A}\x{3093}\x{304E}"
              RenderRubyBase (anonymous) at (0,0) size 18x32
                RenderInline {rb} at (0,0) size 17x32
                  RenderText {#text} at (0,0) size 17x32
                    text run at (0,0) width 32: "\x{96E3}\x{7FA9}"
          RenderText {#text} at (1368,176) size 17x32
            text run at (1368,176) width 32: "\x{3060}\x{3002}"
          RenderBR {br} at (1368,208) size 17x0
          RenderText {#text} at (1395,0) size 17x208
            text run at (1395,0) width 208: "\x{3000}\x{571F}\x{3092}\x{306A}\x{3089}\x{3059}\x{3060}\x{3051}\x{306A}\x{3089}\x{3055}\x{307B}\x{3069}"
          RenderRuby (inline) {ruby} at (0,0) size 17x32
            RenderRubyRun (anonymous) at (1395,208) size 18x32
              RenderRubyText {rt} at (-10,0) size 10x32
                RenderText {#text} at (0,7) size 10x18
                  text run at (0,7) width 18: "\x{3066}\x{307E}"
              RenderRubyBase (anonymous) at (0,0) size 18x32
                RenderInline {rb} at (0,0) size 17x32
                  RenderText {#text} at (0,0) size 17x32
                    text run at (0,0) width 32: "\x{624B}\x{9593}"
          RenderText {#text} at (1395,240) size 17x16
            text run at (1395,240) width 16: "\x{3082}"
          RenderRuby (inline) {ruby} at (0,0) size 17x16
            RenderRubyRun (anonymous) at (1395,256) size 18x16
              RenderRubyText {rt} at (-10,0) size 10x16
                RenderText {#text} at (0,3) size 10x10
                  text run at (0,3) width 9: "\x{3044}"
              RenderRubyBase (anonymous) at (0,0) size 18x16
                RenderInline {rb} at (0,0) size 17x16
                  RenderText {#text} at (0,0) size 17x16
                    text run at (0,0) width 16: "\x{5165}"
          RenderText {#text} at (1395,272) size 44x480
            text run at (1395,272) width 208: "\x{308B}\x{307E}\x{3044}\x{304C}\x{3001}\x{571F}\x{306E}\x{4E2D}\x{306B}\x{306F}\x{5927}\x{304D}\x{306A}"
            text run at (1422,0) width 112: "\x{77F3}\x{304C}\x{3042}\x{308B}\x{3002}\x{571F}\x{306F}"
          RenderRuby (inline) {ruby} at (0,0) size 17x16
            RenderRubyRun (anonymous) at (1422,111) size 18x18
              RenderRubyText {rt} at (-10,0) size 10x18
                RenderText {#text} at (0,0) size 10x18
                  text run at (0,0) width 18: "\x{305F}\x{3044}"
              RenderRubyBase (anonymous) at (0,0) size 18x18
                RenderInline {rb} at (0,0) size 17x16
                  RenderText {#text} at (0,1) size 17x16
                    text run at (0,1) width 16: "\x{5E73}"
          RenderText {#text} at (1422,128) size 44x464
            text run at (1422,128) width 336: "\x{3089}\x{306B}\x{3057}\x{3066}\x{3082}\x{77F3}\x{306F}\x{5E73}\x{3089}\x{306B}\x{306A}\x{3089}\x{306C}\x{3002}\x{77F3}\x{306F}\x{5207}\x{308A}\x{7815}\x{3044}\x{3066}"
            text run at (1449,0) width 176: "\x{3082}\x{3001}\x{5CA9}\x{306F}\x{59CB}\x{672B}\x{304C}\x{3064}\x{304B}\x{306C}\x{3002}"
          RenderRuby (inline) {ruby} at (0,0) size 17x32
            RenderRubyRun (anonymous) at (1449,174) size 18x36
              RenderRubyText {rt} at (-10,0) size 10x36
                RenderText {#text} at (0,0) size 10x36
                  text run at (0,0) width 36: "\x{307B}\x{308A}\x{304F}\x{305A}"
              RenderRubyBase (anonymous) at (0,0) size 18x36
                RenderInline {rb} at (0,0) size 17x32
                  RenderText {#text} at (0,2) size 17x32
                    text run at (0,2) width 32: "\x{6398}\x{5D29}"
          RenderText {#text} at (1449,208) size 17x96
            text run at (1449,208) width 96: "\x{3057}\x{305F}\x{571F}\x{306E}\x{4E0A}\x{306B}"
          RenderRuby (inline) {ruby} at (0,0) size 17x32
            RenderRubyRun (anonymous) at (1449,302) size 18x36
              RenderRubyText {rt} at (-10,0) size 10x36
                RenderText {#text} at (0,0) size 10x36
                  text run at (0,0) width 36: "\x{3086}\x{3046}\x{305C}\x{3093}"
              RenderRubyBase (anonymous) at (0,0) size 18x36
                RenderInline {rb} at (0,0) size 17x32
                  RenderText {#text} at (0,2) size 17x32
                    text run at (0,2) width 32: "\x{60A0}\x{7136}"
          RenderText {#text} at (1449,336) size 17x16
            text run at (1449,336) width 16: "\x{3068}"
          RenderRuby (inline) {ruby} at (0,0) size 17x18
            RenderRubyRun (anonymous) at (1449,347) size 18x28
              RenderRubyText {rt} at (-10,0) size 10x27
                RenderText {#text} at (0,0) size 10x27
                  text run at (0,0) width 27: "\x{305D}\x{3070}\x{3060}"
              RenderRubyBase (anonymous) at (0,0) size 18x27
                RenderInline {rb} at (0,0) size 17x17
                  RenderText {#text} at (0,5) size 17x17
                    text run at (0,5) width 16: "\x{5CD9}"
          RenderText {#text} at (1449,370) size 44x482
            text run at (1449,370) width 112: "\x{3063}\x{3066}\x{3001}\x{543E}\x{3089}\x{306E}\x{305F}"
            text run at (1476,0) width 96: "\x{3081}\x{306B}\x{9053}\x{3092}\x{8B72}\x{308B}"
          RenderRuby (inline) {ruby} at (0,0) size 17x32
            RenderRubyRun (anonymous) at (1476,96) size 18x32
              RenderRubyText {rt} at (-10,0) size 10x32
                RenderText {#text} at (0,2) size 10x28
                  text run at (0,2) width 27: "\x{3051}\x{3057}\x{304D}"
              RenderRubyBase (anonymous) at (0,0) size 18x32
                RenderInline {rb} at (0,0) size 17x32
                  RenderText {#text} at (0,0) size 17x32
                    text run at (0,0) width 32: "\x{666F}\x{8272}"
          RenderText {#text} at (1476,128) size 44x480
            text run at (1476,128) width 352: "\x{306F}\x{306A}\x{3044}\x{3002}\x{5411}\x{3046}\x{3067}\x{805E}\x{304B}\x{306C}\x{4E0A}\x{306F}\x{4E57}\x{308A}\x{8D8A}\x{3059}\x{304B}\x{3001}\x{5EFB}\x{3089}\x{306A}\x{3051}"
            text run at (1503,0) width 96: "\x{308C}\x{3070}\x{306A}\x{3089}\x{3093}\x{3002}"
          RenderRuby (inline) {ruby} at (0,0) size 17x16
            RenderRubyRun (anonymous) at (1503,95) size 18x18
              RenderRubyText {rt} at (-10,0) size 10x18
                RenderText {#text} at (0,0) size 10x18
                  text run at (0,0) width 18: "\x{3044}\x{308F}"
              RenderRubyBase (anonymous) at (0,0) size 18x18
                RenderInline {rb} at (0,0) size 17x16
                  RenderText {#text} at (0,1) size 17x16
                    text run at (0,1) width 16: "\x{5DCC}"
          RenderText {#text} at (1503,112) size 17x112
            text run at (1503,112) width 112: "\x{306E}\x{306A}\x{3044}\x{6240}\x{3067}\x{3055}\x{3048}"
          RenderRuby (inline) {ruby} at (0,0) size 17x16
            RenderRubyRun (anonymous) at (1503,224) size 18x16
              RenderRubyText {rt} at (-10,0) size 10x16
                RenderText {#text} at (0,3) size 10x10
                  text run at (0,3) width 9: "\x{3042}"
              RenderRubyBase (anonymous) at (0,0) size 18x16
                RenderInline {rb} at (0,0) size 17x16
                  RenderText {#text} at (0,0) size 17x16
                    text run at (0,0) width 16: "\x{6B69}"
          RenderText {#text} at (1503,240) size 44x464
            text run at (1503,240) width 224: "\x{308B}\x{304D}\x{3088}\x{304F}\x{306F}\x{306A}\x{3044}\x{3002}\x{5DE6}\x{53F3}\x{304C}\x{9AD8}\x{304F}\x{3063}"
            text run at (1530,0) width 80: "\x{3066}\x{3001}\x{4E2D}\x{5FC3}\x{304C}"
          RenderRuby (inline) {ruby} at (0,0) size 17x16
            RenderRubyRun (anonymous) at (1530,79) size 18x18
              RenderRubyText {rt} at (-10,0) size 10x18
                RenderText {#text} at (0,0) size 10x18
                  text run at (0,0) width 18: "\x{304F}\x{307C}"
              RenderRubyBase (anonymous) at (0,0) size 18x18
                RenderInline {rb} at (0,0) size 17x16
                  RenderText {#text} at (0,1) size 17x16
                    text run at (0,1) width 16: "\x{7AAA}"
          RenderText {#text} at (1530,96) size 17x128
            text run at (1530,96) width 128: "\x{3093}\x{3067}\x{3001}\x{307E}\x{308B}\x{3067}\x{4E00}\x{9593}"
          RenderRuby (inline) {ruby} at (0,0) size 17x16
            RenderRubyRun (anonymous) at (1530,223) size 18x18
              RenderRubyText {rt} at (-10,0) size 10x18
                RenderText {#text} at (0,0) size 10x18
                  text run at (0,0) width 18: "\x{306F}\x{3070}"
              RenderRubyBase (anonymous) at (0,0) size 18x18
                RenderInline {rb} at (0,0) size 17x16
                  RenderText {#text} at (0,1) size 17x16
                    text run at (0,1) width 16: "\x{5E45}"
          RenderText {#text} at (1530,240) size 17x64
            text run at (1530,240) width 64: "\x{3092}\x{4E09}\x{89D2}\x{306B}"
          RenderRuby (inline) {ruby} at (0,0) size 17x16
            RenderRubyRun (anonymous) at (1530,304) size 18x16
              RenderRubyText {rt} at (-10,0) size 10x16
                RenderText {#text} at (0,3) size 10x10
                  text run at (0,3) width 9: "\x{304F}"
              RenderRubyBase (anonymous) at (0,0) size 18x16
                RenderInline {rb} at (0,0) size 17x16
                  RenderText {#text} at (0,0) size 17x16
                    text run at (0,0) width 16: "\x{7A7F}"
          RenderText {#text} at (1530,320) size 17x128
            text run at (1530,320) width 128: "\x{3063}\x{3066}\x{3001}\x{305D}\x{306E}\x{9802}\x{70B9}\x{304C}"
          RenderRuby (inline) {ruby} at (0,0) size 17x34
            RenderRubyRun (anonymous) at (1530,446) size 18x36
              RenderRubyText {rt} at (-10,0) size 10x36
                RenderText {#text} at (0,0) size 10x36
                  text run at (0,0) width 36: "\x{307E}\x{3093}\x{306A}\x{304B}"
              RenderRubyBase (anonymous) at (0,0) size 18x36
                RenderInline {rb} at (0,0) size 17x32
                  RenderText {#text} at (0,2) size 17x32
                    text run at (0,2) width 32: "\x{771F}\x{4E2D}"
          RenderText {#text} at (1557,0) size 17x16
            text run at (1557,0) width 16: "\x{3092}"
          RenderRuby (inline) {ruby} at (0,0) size 17x18
            RenderRubyRun (anonymous) at (1557,11) size 18x28
              RenderRubyText {rt} at (-10,0) size 10x27
                RenderText {#text} at (0,0) size 10x27
                  text run at (0,0) width 27: "\x{3064}\x{3089}\x{306C}"
              RenderRubyBase (anonymous) at (0,0) size 18x27
                RenderInline {rb} at (0,0) size 17x17
                  RenderText {#text} at (0,5) size 17x17
                    text run at (0,5) width 16: "\x{8CAB}"
          RenderText {#text} at (1557,34) size 17x400
            text run at (1557,34) width 400: "\x{3044}\x{3066}\x{3044}\x{308B}\x{3068}\x{8A55}\x{3057}\x{3066}\x{3082}\x{3088}\x{3044}\x{3002}\x{8DEF}\x{3092}\x{884C}\x{304F}\x{3068}\x{4E91}\x{308F}\x{3093}\x{3088}\x{308A}\x{5DDD}\x{5E95}\x{3092}"
          RenderRuby (inline) {ruby} at (0,0) size 17x16
            RenderRubyRun (anonymous) at (1557,433) size 18x18
              RenderRubyText {rt} at (-10,0) size 10x18
                RenderText {#text} at (0,0) size 10x18
                  text run at (0,0) width 18: "\x{308F}\x{305F}"
              RenderRubyBase (anonymous) at (0,0) size 18x18
                RenderInline {rb} at (0,0) size 17x16
                  RenderText {#text} at (0,1) size 17x16
                    text run at (0,1) width 16: "\x{6E09}"
          RenderText {#text} at (1557,450) size 44x482
            text run at (1557,450) width 32: "\x{308B}\x{3068}"
            text run at (1584,0) width 128: "\x{4E91}\x{3046}\x{65B9}\x{304C}\x{9069}\x{5F53}\x{3060}\x{3002}"
          RenderRuby (inline) {ruby} at (0,0) size 17x16
            RenderRubyRun (anonymous) at (1584,127) size 18x18
              RenderRubyText {rt} at (-10,0) size 10x18
                RenderText {#text} at (0,0) size 10x18
                  text run at (0,0) width 18: "\x{3082}\x{3068}"
              RenderRubyBase (anonymous) at (0,0) size 18x18
                RenderInline {rb} at (0,0) size 17x16
                  RenderText {#text} at (0,1) size 17x16
                    text run at (0,1) width 16: "\x{56FA}"
          RenderText {#text} at (1584,144) size 17x256
            text run at (1584,144) width 256: "\x{3088}\x{308A}\x{6025}\x{3050}\x{65C5}\x{3067}\x{306A}\x{3044}\x{304B}\x{3089}\x{3001}\x{3076}\x{3089}\x{3076}\x{3089}\x{3068}"
          RenderRuby (inline) {ruby} at (0,0) size 17x32
            RenderRubyRun (anonymous) at (1584,398) size 18x36
              RenderRubyText {rt} at (-10,0) size 10x36
                RenderText {#text} at (0,0) size 10x36
                  text run at (0,0) width 36: "\x{306A}\x{306A}\x{307E}\x{304C}"
              RenderRubyBase (anonymous) at (0,0) size 18x36
                RenderInline {rb} at (0,0) size 17x32
                  RenderText {#text} at (0,2) size 17x32
                    text run at (0,2) width 32: "\x{4E03}\x{66F2}"
          RenderText {#text} at (1584,432) size 35x480
            text run at (1584,432) width 48: "\x{308A}\x{3078}\x{304B}"
            text run at (1602,0) width 48: "\x{304B}\x{308B}\x{3002}"
          RenderBR {br} at (1602,48) size 17x0
          RenderText {#text} at (1629,0) size 17x144
            text run at (1629,0) width 144: "\x{3000}\x{305F}\x{3061}\x{307E}\x{3061}\x{8DB3}\x{306E}\x{4E0B}\x{3067}"
          RenderRuby (inline) {ruby} at (0,0) size 17x32
            RenderRubyRun (anonymous) at (1629,144) size 18x32
              RenderRubyText {rt} at (-10,0) size 10x32
                RenderText {#text} at (0,2) size 10x28
                  text run at (0,2) width 27: "\x{3072}\x{3070}\x{308A}"
              RenderRubyBase (anonymous) at (0,0) size 18x32
                RenderInline {rb} at (0,0) size 17x32
                  RenderText {#text} at (0,0) size 17x32
                    text run at (0,0) width 32: "\x{96F2}\x{96C0}"
          RenderText {#text} at (1629,176) size 17x160
            text run at (1629,176) width 160: "\x{306E}\x{58F0}\x{304C}\x{3057}\x{51FA}\x{3057}\x{305F}\x{3002}\x{8C37}\x{3092}"
          RenderRuby (inline) {ruby} at (0,0) size 17x32
            RenderRubyRun (anonymous) at (1629,336) size 18x32
              RenderRubyText {rt} at (-10,0) size 10x32
                RenderText {#text} at (0,2) size 10x28
                  text run at (0,2) width 27: "\x{307F}\x{304A}\x{308D}"
              RenderRubyBase (anonymous) at (0,0) size 18x32
                RenderInline {rb} at (0,0) size 17x32
                  RenderText {#text} at (0,0) size 17x32
                    text run at (0,0) width 32: "\x{898B}\x{4E0B}"
          RenderText {#text} at (1629,368) size 62x480
            text run at (1629,368) width 112: "\x{3057}\x{305F}\x{304C}\x{3001}\x{3069}\x{3053}\x{3067}"
            text run at (1647,0) width 480: "\x{9CF4}\x{3044}\x{3066}\x{308B}\x{304B}\x{5F71}\x{3082}\x{5F62}\x{3082}\x{898B}\x{3048}\x{306C}\x{3002}\x{305F}\x{3060}\x{58F0}\x{3060}\x{3051}\x{304C}\x{660E}\x{3089}\x{304B}\x{306B}\x{805E}\x{3048}\x{308B}\x{3002}\x{305B}\x{3063}\x{305B}"
            text run at (1674,0) width 16: "\x{3068}"
          RenderRuby (inline) {ruby} at (0,0) size 17x16
            RenderRubyRun (anonymous) at (1674,15) size 18x18
              RenderRubyText {rt} at (-10,0) size 10x18
                RenderText {#text} at (0,0) size 10x18
                  text run at (0,0) width 18: "\x{305B}\x{308F}"
              RenderRubyBase (anonymous) at (0,0) size 18x18
                RenderInline {rb} at (0,0) size 17x16
                  RenderText {#text} at (0,1) size 17x16
                    text run at (0,1) width 16: "\x{5FD9}"
          RenderText {#text} at (1674,32) size 17x48
            text run at (1674,32) width 48: "\x{3057}\x{304F}\x{3001}"
          RenderRuby (inline) {ruby} at (0,0) size 17x32
            RenderRubyRun (anonymous) at (1674,80) size 18x32
              RenderRubyText {rt} at (-10,0) size 10x32
                RenderText {#text} at (0,2) size 10x28
                  text run at (0,2) width 27: "\x{305F}\x{3048}\x{307E}"
              RenderRubyBase (anonymous) at (0,0) size 18x32
                RenderInline {rb} at (0,0) size 17x32
                  RenderText {#text} at (0,0) size 17x32
                    text run at (0,0) width 32: "\x{7D76}\x{9593}"
          RenderText {#text} at (1674,112) size 17x128
            text run at (1674,112) width 128: "\x{306A}\x{304F}\x{9CF4}\x{3044}\x{3066}\x{3044}\x{308B}\x{3002}"
          RenderRuby (inline) {ruby} at (0,0) size 17x48
            RenderRubyRun (anonymous) at (1674,240) size 18x48
              RenderRubyText {rt} at (-10,0) size 10x48
                RenderText {#text} at (0,1) size 10x46
                  text run at (0,1) width 45: "\x{307B}\x{3046}\x{3044}\x{304F}\x{308A}"
              RenderRubyBase (anonymous) at (0,0) size 18x48
                RenderInline {rb} at (0,0) size 17x48
                  RenderText {#text} at (0,0) size 17x48
                    text run at (0,0) width 48: "\x{65B9}\x{5E7E}\x{91CC}"
          RenderText {#text} at (1674,288) size 17x112
            text run at (1674,288) width 112: "\x{306E}\x{7A7A}\x{6C17}\x{304C}\x{4E00}\x{9762}\x{306B}"
          RenderRuby (inline) {ruby} at (0,0) size 17x16
            RenderRubyRun (anonymous) at (1674,399) size 18x18
              RenderRubyText {rt} at (-10,0) size 10x18
                RenderText {#text} at (0,0) size 10x18
                  text run at (0,0) width 18: "\x{306E}\x{307F}"
              RenderRubyBase (anonymous) at (0,0) size 18x18
                RenderInline {rb} at (0,0) size 17x16
                  RenderText {#text} at (0,1) size 17x16
                    text run at (0,1) width 16: "\x{86A4}"
          RenderText {#text} at (1674,416) size 44x480
            text run at (1674,416) width 64: "\x{306B}\x{523A}\x{3055}\x{308C}"
            text run at (1701,0) width 352: "\x{3066}\x{3044}\x{305F}\x{305F}\x{307E}\x{308C}\x{306A}\x{3044}\x{3088}\x{3046}\x{306A}\x{6C17}\x{304C}\x{3059}\x{308B}\x{3002}\x{3042}\x{306E}\x{9CE5}\x{306E}\x{9CF4}\x{304F}"
          RenderRuby (inline) {ruby} at (0,0) size 17x16
            RenderRubyRun (anonymous) at (1701,352) size 18x16
              RenderRubyText {rt} at (-10,0) size 10x16
                RenderText {#text} at (0,3) size 10x10
                  text run at (0,3) width 9: "\x{306D}"
              RenderRubyBase (anonymous) at (0,0) size 18x16
                RenderInline {rb} at (0,0) size 17x16
                  RenderText {#text} at (0,0) size 17x16
                    text run at (0,0) width 16: "\x{97F3}"
          RenderText {#text} at (1701,368) size 98x480
            text run at (1701,368) width 112: "\x{306B}\x{306F}\x{77AC}\x{6642}\x{306E}\x{4F59}\x{88D5}"
            text run at (1719,0) width 480: "\x{3082}\x{306A}\x{3044}\x{3002}\x{306E}\x{3069}\x{304B}\x{306A}\x{6625}\x{306E}\x{65E5}\x{3092}\x{9CF4}\x{304D}\x{5C3D}\x{304F}\x{3057}\x{3001}\x{9CF4}\x{304D}\x{3042}\x{304B}\x{3057}\x{3001}\x{307E}\x{305F}\x{9CF4}\x{304D}\x{66AE}\x{3089}"
            text run at (1737,0) width 480: "\x{3055}\x{306A}\x{3051}\x{308C}\x{3070}\x{6C17}\x{304C}\x{6E08}\x{307E}\x{3093}\x{3068}\x{898B}\x{3048}\x{308B}\x{3002}\x{305D}\x{306E}\x{4E0A}\x{3069}\x{3053}\x{307E}\x{3067}\x{3082}\x{767B}\x{3063}\x{3066}\x{884C}\x{304F}\x{3001}\x{3044}"
            text run at (1755,0) width 480: "\x{3064}\x{307E}\x{3067}\x{3082}\x{767B}\x{3063}\x{3066}\x{884C}\x{304F}\x{3002}\x{96F2}\x{96C0}\x{306F}\x{304D}\x{3063}\x{3068}\x{96F2}\x{306E}\x{4E2D}\x{3067}\x{6B7B}\x{306C}\x{306B}\x{76F8}\x{9055}\x{306A}\x{3044}\x{3002}\x{767B}\x{308A}"
            text run at (1782,0) width 48: "\x{8A70}\x{3081}\x{305F}"
          RenderRuby (inline) {ruby} at (0,0) size 17x32
            RenderRubyRun (anonymous) at (1782,48) size 18x32
              RenderRubyText {rt} at (-10,0) size 10x32
                RenderText {#text} at (0,2) size 10x28
                  text run at (0,2) width 27: "\x{3042}\x{3052}\x{304F}"
              RenderRubyBase (anonymous) at (0,0) size 18x32
                RenderInline {rb} at (0,0) size 17x32
                  RenderText {#text} at (0,0) size 17x32
                    text run at (0,0) width 32: "\x{63DA}\x{53E5}"
          RenderText {#text} at (1782,80) size 17x112
            text run at (1782,80) width 112: "\x{306F}\x{3001}\x{6D41}\x{308C}\x{3066}\x{96F2}\x{306B}"
          RenderRuby (inline) {ruby} at (0,0) size 17x16
            RenderRubyRun (anonymous) at (1782,192) size 18x16
              RenderRubyText {rt} at (-10,0) size 10x16
                RenderText {#text} at (0,3) size 10x10
                  text run at (0,3) width 9: "\x{3044}"
              RenderRubyBase (anonymous) at (0,0) size 18x16
                RenderInline {rb} at (0,0) size 17x16
                  RenderText {#text} at (0,0) size 17x16
                    text run at (0,0) width 16: "\x{5165}"
          RenderText {#text} at (1782,208) size 17x48
            text run at (1782,208) width 48: "\x{3063}\x{3066}\x{3001}"
          RenderRuby (inline) {ruby} at (0,0) size 17x18
            RenderRubyRun (anonymous) at (1782,251) size 18x28
              RenderRubyText {rt} at (-10,0) size 10x27
                RenderText {#text} at (0,0) size 10x27
                  text run at (0,0) width 27: "\x{305F}\x{3060}\x{3088}"
              RenderRubyBase (anonymous) at (0,0) size 18x27
                RenderInline {rb} at (0,0) size 17x17
                  RenderText {#text} at (0,5) size 17x17
                    text run at (0,5) width 16: "\x{6F02}"
          RenderText {#text} at (1782,274) size 44x482
            text run at (1782,274) width 208: "\x{3046}\x{3066}\x{3044}\x{308B}\x{3046}\x{3061}\x{306B}\x{5F62}\x{306F}\x{6D88}\x{3048}\x{3066}\x{306A}"
            text run at (1809,0) width 208: "\x{304F}\x{306A}\x{3063}\x{3066}\x{3001}\x{305F}\x{3060}\x{58F0}\x{3060}\x{3051}\x{304C}\x{7A7A}\x{306E}"
          RenderRuby (inline) {ruby} at (0,0) size 17x16
            RenderRubyRun (anonymous) at (1809,207) size 18x18
              RenderRubyText {rt} at (-10,0) size 10x18
                RenderText {#text} at (0,0) size 10x18
                  text run at (0,0) width 18: "\x{3046}\x{3061}"
              RenderRubyBase (anonymous) at (0,0) size 18x18
                RenderInline {rb} at (0,0) size 17x16
                  RenderText {#text} at (0,1) size 17x16
                    text run at (0,1) width 16: "\x{88E1}"
          RenderText {#text} at (1809,224) size 17x176
            text run at (1809,224) width 176: "\x{306B}\x{6B8B}\x{308B}\x{306E}\x{304B}\x{3082}\x{77E5}\x{308C}\x{306A}\x{3044}\x{3002}"
          RenderBR {br} at (1809,400) size 17x0
          RenderText {#text} at (1836,0) size 17x16
            text run at (1836,0) width 16: "\x{3000}"
          RenderRuby (inline) {ruby} at (0,0) size 17x32
            RenderRubyRun (anonymous) at (1836,14) size 18x36
              RenderRubyText {rt} at (-10,0) size 10x36
                RenderText {#text} at (0,0) size 10x36
                  text run at (0,0) width 36: "\x{3044}\x{308F}\x{304B}\x{3069}"
              RenderRubyBase (anonymous) at (0,0) size 18x36
                RenderInline {rb} at (0,0) size 17x32
                  RenderText {#text} at (0,2) size 17x32
                    text run at (0,2) width 32: "\x{5DCC}\x{89D2}"
          RenderText {#text} at (1836,48) size 17x128
            text run at (1836,48) width 128: "\x{3092}\x{92ED}\x{3069}\x{304F}\x{5EFB}\x{3063}\x{3066}\x{3001}"
          RenderRuby (inline) {ruby} at (0,0) size 17x32
            RenderRubyRun (anonymous) at (1836,176) size 18x32
              RenderRubyText {rt} at (-10,0) size 10x32
                RenderText {#text} at (0,2) size 10x28
                  text run at (0,2) width 27: "\x{3042}\x{3093}\x{307E}"
              RenderRubyBase (anonymous) at (0,0) size 18x32
                RenderInline {rb} at (0,0) size 17x32
                  RenderText {#text} at (0,0) size 17x32
                    text run at (0,0) width 32: "\x{6309}\x{6469}"
          RenderText {#text} at (1836,208) size 17x32
            text run at (1836,208) width 32: "\x{306A}\x{3089}"
          RenderRuby (inline) {ruby} at (0,0) size 17x48
            RenderRubyRun (anonymous) at (1836,237) size 18x54
              RenderRubyText {rt} at (-10,0) size 10x54
                RenderText {#text} at (0,0) size 10x54
                  text run at (0,0) width 54: "\x{307E}\x{3063}\x{3055}\x{304B}\x{3055}\x{307E}"
              RenderRubyBase (anonymous) at (0,0) size 18x54
                RenderInline {rb} at (0,0) size 17x48
                  RenderText {#text} at (0,3) size 17x48
                    text run at (0,3) width 48: "\x{771F}\x{9006}\x{69D8}"
          RenderText {#text} at (1836,288) size 17x144
            text run at (1836,288) width 144: "\x{306B}\x{843D}\x{3064}\x{308B}\x{3068}\x{3053}\x{308D}\x{3092}\x{3001}"
          RenderRuby (inline) {ruby} at (0,0) size 17x16
            RenderRubyRun (anonymous) at (1836,431) size 18x18
              RenderRubyText {rt} at (-10,0) size 10x18
                RenderText {#text} at (0,0) size 10x18
                  text run at (0,0) width 18: "\x{304D}\x{308F}"
              RenderRubyBase (anonymous) at (0,0) size 18x18
                RenderInline {rb} at (0,0) size 17x16
                  RenderText {#text} at (0,1) size 17x16
                    text run at (0,1) width 16: "\x{969B}"
          RenderText {#text} at (1836,448) size 44x480
            text run at (1836,448) width 32: "\x{3069}\x{304F}"
            text run at (1863,0) width 128: "\x{53F3}\x{3078}\x{5207}\x{308C}\x{3066}\x{3001}\x{6A2A}\x{306B}"
          RenderRuby (inline) {ruby} at (0,0) size 17x32
            RenderRubyRun (anonymous) at (1863,128) size 18x32
              RenderRubyText {rt} at (-10,0) size 10x32
                RenderText {#text} at (0,2) size 10x28
                  text run at (0,2) width 27: "\x{307F}\x{304A}\x{308D}"
              RenderRubyBase (anonymous) at (0,0) size 18x32
                RenderInline {rb} at (0,0) size 17x32
                  RenderText {#text} at (0,0) size 17x32
                    text run at (0,0) width 32: "\x{898B}\x{4E0B}"
          RenderText {#text} at (1863,160) size 17x48
            text run at (1863,160) width 48: "\x{3059}\x{3068}\x{3001}"
          RenderRuby (inline) {ruby} at (0,0) size 17x16
            RenderRubyRun (anonymous) at (1863,208) size 18x16
              RenderRubyText {rt} at (-10,0) size 10x16
                RenderText {#text} at (0,3) size 10x10
                  text run at (0,3) width 9: "\x{306A}"
              RenderRubyBase (anonymous) at (0,0) size 18x16
                RenderInline {rb} at (0,0) size 17x16
                  RenderText {#text} at (0,0) size 17x16
                    text run at (0,0) width 16: "\x{83DC}"
          RenderText {#text} at (1863,224) size 44x480
            text run at (1863,224) width 256: "\x{306E}\x{82B1}\x{304C}\x{4E00}\x{9762}\x{306B}\x{898B}\x{3048}\x{308B}\x{3002}\x{96F2}\x{96C0}\x{306F}\x{3042}\x{3059}\x{3053}"
            text run at (1890,0) width 272: "\x{3078}\x{843D}\x{3061}\x{308B}\x{306E}\x{304B}\x{3068}\x{601D}\x{3063}\x{305F}\x{3002}\x{3044}\x{3044}\x{3084}\x{3001}\x{3042}\x{306E}"
          RenderRuby (inline) {ruby} at (0,0) size 17x32
            RenderRubyRun (anonymous) at (1890,272) size 18x32
              RenderRubyText {rt} at (-10,0) size 10x32
                RenderText {#text} at (0,2) size 10x28
                  text run at (0,2) width 27: "\x{3053}\x{304C}\x{306D}"
              RenderRubyBase (anonymous) at (0,0) size 18x32
                RenderInline {rb} at (0,0) size 17x32
                  RenderText {#text} at (0,0) size 17x32
                    text run at (0,0) width 32: "\x{9EC4}\x{91D1}"
          RenderText {#text} at (1890,304) size 44x480
            text run at (1890,304) width 176: "\x{306E}\x{539F}\x{304B}\x{3089}\x{98DB}\x{3073}\x{4E0A}\x{304C}\x{3063}\x{3066}\x{304F}"
            text run at (1917,0) width 288: "\x{308B}\x{306E}\x{304B}\x{3068}\x{601D}\x{3063}\x{305F}\x{3002}\x{6B21}\x{306B}\x{306F}\x{843D}\x{3061}\x{308B}\x{96F2}\x{96C0}\x{3068}\x{3001}"
          RenderRuby (inline) {ruby} at (0,0) size 17x16
            RenderRubyRun (anonymous) at (1917,287) size 18x18
              RenderRubyText {rt} at (-10,0) size 10x18
                RenderText {#text} at (0,0) size 10x18
                  text run at (0,0) width 18: "\x{3042}\x{304C}"
              RenderRubyBase (anonymous) at (0,0) size 18x18
                RenderInline {rb} at (0,0) size 17x16
                  RenderText {#text} at (0,1) size 17x16
                    text run at (0,1) width 16: "\x{4E0A}"
          RenderText {#text} at (1917,304) size 17x16
            text run at (1917,304) width 16: "\x{308B}"
          RenderRuby (inline) {ruby} at (0,0) size 17x32
            RenderRubyRun (anonymous) at (1917,320) size 18x32
              RenderRubyText {rt} at (-10,0) size 10x32
                RenderText {#text} at (0,2) size 10x28
                  text run at (0,2) width 27: "\x{3072}\x{3070}\x{308A}"
              RenderRubyBase (anonymous) at (0,0) size 18x32
                RenderInline {rb} at (0,0) size 17x32
                  RenderText {#text} at (0,0) size 17x32
                    text run at (0,0) width 32: "\x{96F2}\x{96C0}"
          RenderText {#text} at (1917,352) size 44x480
            text run at (1917,352) width 128: "\x{304C}\x{5341}\x{6587}\x{5B57}\x{306B}\x{3059}\x{308C}\x{9055}"
            text run at (1944,0) width 464: "\x{3046}\x{306E}\x{304B}\x{3068}\x{601D}\x{3063}\x{305F}\x{3002}\x{6700}\x{5F8C}\x{306B}\x{3001}\x{843D}\x{3061}\x{308B}\x{6642}\x{3082}\x{3001}\x{4E0A}\x{308B}\x{6642}\x{3082}\x{3001}\x{307E}\x{305F}\x{5341}\x{6587}\x{5B57}\x{306B}"
          RenderRuby (inline) {ruby} at (0,0) size 17x16
            RenderRubyRun (anonymous) at (1944,464) size 18x16
              RenderRubyText {rt} at (-10,0) size 10x16
                RenderText {#text} at (0,3) size 10x10
                  text run at (0,3) width 9: "\x{3059}"
              RenderRubyBase (anonymous) at (0,0) size 18x16
                RenderInline {rb} at (0,0) size 17x16
                  RenderText {#text} at (0,0) size 17x16
                    text run at (0,0) width 16: "\x{64E6}"
          RenderText {#text} at (1962,0) size 17x400
            text run at (1962,0) width 400: "\x{308C}\x{9055}\x{3046}\x{3068}\x{304D}\x{306B}\x{3082}\x{5143}\x{6C17}\x{3088}\x{304F}\x{9CF4}\x{304D}\x{3064}\x{3065}\x{3051}\x{308B}\x{3060}\x{308D}\x{3046}\x{3068}\x{601D}\x{3063}\x{305F}\x{3002}"
          RenderBR {br} at (1962,400) size 17x0
          RenderText {#text} at (1989,0) size 17x192
            text run at (1989,0) width 192: "\x{3000}\x{6625}\x{306F}\x{7720}\x{304F}\x{306A}\x{308B}\x{3002}\x{732B}\x{306F}\x{9F20}\x{3092}"
          RenderRuby (inline) {ruby} at (0,0) size 17x16
            RenderRubyRun (anonymous) at (1989,192) size 18x16
              RenderRubyText {rt} at (-10,0) size 10x16
                RenderText {#text} at (0,3) size 10x10
                  text run at (0,3) width 9: "\x{3068}"
              RenderRubyBase (anonymous) at (0,0) size 18x16
                RenderInline {rb} at (0,0) size 17x16
                  RenderText {#text} at (0,0) size 17x16
                    text run at (0,0) width 16: "\x{6355}"
          RenderText {#text} at (1989,208) size 44x480
            text run at (1989,208) width 272: "\x{308B}\x{4E8B}\x{3092}\x{5FD8}\x{308C}\x{3001}\x{4EBA}\x{9593}\x{306F}\x{501F}\x{91D1}\x{306E}\x{3042}\x{308B}\x{4E8B}\x{3092}\x{5FD8}"
            text run at (2016,0) width 144: "\x{308C}\x{308B}\x{3002}\x{6642}\x{306B}\x{306F}\x{81EA}\x{5206}\x{306E}"
          RenderRuby (inline) {ruby} at (0,0) size 17x27
            RenderRubyRun (anonymous) at (2016,139) size 18x37
              RenderRubyText {rt} at (-10,0) size 10x36
                RenderText {#text} at (0,0) size 10x36
                  text run at (0,0) width 36: "\x{305F}\x{307E}\x{3057}\x{3044}"
              RenderRubyBase (anonymous) at (0,0) size 18x36
                RenderInline {rb} at (0,0) size 17x16
                  RenderText {#text} at (0,10) size 17x16
                    text run at (0,10) width 16: "\x{9B42}"
          RenderText {#text} at (2016,171) size 17x16
            text run at (2016,171) width 16: "\x{306E}"
          RenderRuby (inline) {ruby} at (0,0) size 17x32
            RenderRubyRun (anonymous) at (2016,185) size 18x36
              RenderRubyText {rt} at (-10,0) size 10x36
                RenderText {#text} at (0,0) size 10x36
                  text run at (0,0) width 36: "\x{3044}\x{3069}\x{3053}\x{308D}"
              RenderRubyBase (anonymous) at (0,0) size 18x36
                RenderInline {rb} at (0,0) size 17x32
                  RenderText {#text} at (0,2) size 17x32
                    text run at (0,2) width 32: "\x{5C45}\x{6240}"
          RenderText {#text} at (2016,219) size 44x491
            text run at (2016,219) width 272: "\x{3055}\x{3048}\x{5FD8}\x{308C}\x{3066}\x{6B63}\x{4F53}\x{306A}\x{304F}\x{306A}\x{308B}\x{3002}\x{305F}\x{3060}\x{83DC}\x{306E}\x{82B1}"
            text run at (2043,0) width 176: "\x{3092}\x{9060}\x{304F}\x{671B}\x{3093}\x{3060}\x{3068}\x{304D}\x{306B}\x{773C}\x{304C}"
          RenderRuby (inline) {ruby} at (0,0) size 17x16
            RenderRubyRun (anonymous) at (2043,176) size 18x16
              RenderRubyText {rt} at (-10,0) size 10x16
                RenderText {#text} at (0,3) size 10x10
                  text run at (0,3) width 9: "\x{3055}"
              RenderRubyBase (anonymous) at (0,0) size 18x16
                RenderInline {rb} at (0,0) size 17x16
                  RenderText {#text} at (0,0) size 17x16
                    text run at (0,0) width 16: "\x{9192}"
          RenderText {#text} at (2043,192) size 44x480
            text run at (2043,192) width 288: "\x{3081}\x{308B}\x{3002}\x{96F2}\x{96C0}\x{306E}\x{58F0}\x{3092}\x{805E}\x{3044}\x{305F}\x{3068}\x{304D}\x{306B}\x{9B42}\x{306E}\x{3042}\x{308A}"
            text run at (2070,0) width 32: "\x{304B}\x{304C}"
          RenderRuby (inline) {ruby} at (0,0) size 17x32
            RenderRubyRun (anonymous) at (2070,30) size 18x36
              RenderRubyText {rt} at (-10,0) size 10x36
                RenderText {#text} at (0,0) size 10x36
                  text run at (0,0) width 36: "\x{306F}\x{3093}\x{305C}\x{3093}"
              RenderRubyBase (anonymous) at (0,0) size 18x36
                RenderInline {rb} at (0,0) size 17x32
                  RenderText {#text} at (0,2) size 17x32
                    text run at (0,2) width 32: "\x{5224}\x{7136}"
          RenderText {#text} at (2070,64) size 71x480
            text run at (2070,64) width 416: "\x{3059}\x{308B}\x{3002}\x{96F2}\x{96C0}\x{306E}\x{9CF4}\x{304F}\x{306E}\x{306F}\x{53E3}\x{3067}\x{9CF4}\x{304F}\x{306E}\x{3067}\x{306F}\x{306A}\x{3044}\x{3001}\x{9B42}\x{5168}\x{4F53}\x{304C}\x{9CF4}\x{304F}"
            text run at (2088,0) width 480: "\x{306E}\x{3060}\x{3002}\x{9B42}\x{306E}\x{6D3B}\x{52D5}\x{304C}\x{58F0}\x{306B}\x{3042}\x{3089}\x{308F}\x{308C}\x{305F}\x{3082}\x{306E}\x{306E}\x{3046}\x{3061}\x{3067}\x{3001}\x{3042}\x{308C}\x{307B}\x{3069}\x{5143}\x{6C17}\x{306E}\x{3042}"
            text run at (2106,0) width 480: "\x{308B}\x{3082}\x{306E}\x{306F}\x{306A}\x{3044}\x{3002}\x{3042}\x{3042}\x{6109}\x{5FEB}\x{3060}\x{3002}\x{3053}\x{3046}\x{601D}\x{3063}\x{3066}\x{3001}\x{3053}\x{3046}\x{6109}\x{5FEB}\x{306B}\x{306A}\x{308B}\x{306E}\x{304C}\x{8A69}\x{3067}"
            text run at (2124,0) width 48: "\x{3042}\x{308B}\x{3002}"
          RenderBR {br} at (2124,48) size 17x0
          RenderText {#text} at (2142,0) size 44x480
            text run at (2142,0) width 480: "\x{3000}\x{305F}\x{3061}\x{307E}\x{3061}\x{30B7}\x{30A7}\x{30EC}\x{30FC}\x{306E}\x{96F2}\x{96C0}\x{306E}\x{8A69}\x{3092}\x{601D}\x{3044}\x{51FA}\x{3057}\x{3066}\x{3001}\x{53E3}\x{306E}\x{3046}\x{3061}\x{3067}\x{899A}\x{3048}\x{305F}\x{3068}"
            text run at (2169,0) width 64: "\x{3053}\x{308D}\x{3060}\x{3051}"
          RenderRuby (inline) {ruby} at (0,0) size 17x36
            RenderRubyRun (anonymous) at (2169,59) size 18x46
              RenderRubyText {rt} at (-10,0) size 10x45
                RenderText {#text} at (0,0) size 10x45
                  text run at (0,0) width 45: "\x{3042}\x{3093}\x{3057}\x{3087}\x{3046}"
              RenderRubyBase (anonymous) at (0,0) size 18x45
                RenderInline {rb} at (0,0) size 17x33
                  RenderText {#text} at (0,6) size 17x33
                    text run at (0,6) width 32: "\x{6697}\x{8AA6}"
          RenderText {#text} at (2169,100) size 35x468
            text run at (2169,100) width 368: "\x{3057}\x{3066}\x{898B}\x{305F}\x{304C}\x{3001}\x{899A}\x{3048}\x{3066}\x{3044}\x{308B}\x{3068}\x{3053}\x{308D}\x{306F}\x{4E8C}\x{4E09}\x{53E5}\x{3057}\x{304B}\x{306A}\x{304B}\x{3063}"
            text run at (2187,0) width 304: "\x{305F}\x{3002}\x{305D}\x{306E}\x{4E8C}\x{4E09}\x{53E5}\x{306E}\x{306A}\x{304B}\x{306B}\x{3053}\x{3093}\x{306A}\x{306E}\x{304C}\x{3042}\x{308B}\x{3002}"
          RenderBR {br} at (2187,304) size 17x0
        RenderBlock {div} at (2205,32) size 90x460
          RenderText {#text} at (0,0) size 17x188
            text run at (0,0) width 188: "\x{3000}\x{3000}We look before and after"
          RenderBR {br} at (0,187) size 17x1
          RenderText {#text} at (18,0) size 17x222
            text run at (18,0) width 222: "\x{3000}\x{3000}\x{3000}\x{3000}And pine for what is not:"
          RenderBR {br} at (18,222) size 17x0
          RenderText {#text} at (36,0) size 17x170
            text run at (36,0) width 170: "\x{3000}\x{3000}Our sincerest laughter"
          RenderBR {br} at (36,170) size 17x0
          RenderText {#text} at (54,0) size 17x230
            text run at (54,0) width 230: "\x{3000}\x{3000}\x{3000}\x{3000}With some pain is fraught;"
          RenderBR {br} at (54,229) size 17x1
          RenderText {#text} at (72,0) size 17x355
            text run at (72,0) width 355: "Our sweetest songs are those that tell of saddest thought."
          RenderBR {br} at (72,355) size 17x0
        RenderBlock (anonymous) at (2295,0) size 1648x492
          RenderText {#text} at (10,0) size 17x112
            text run at (10,0) width 112: "\x{300C}\x{524D}\x{3092}\x{307F}\x{3066}\x{306F}\x{3001}"
          RenderRuby (inline) {ruby} at (0,0) size 17x16
            RenderRubyRun (anonymous) at (10,111) size 18x18
              RenderRubyText {rt} at (-10,0) size 10x18
                RenderText {#text} at (0,0) size 10x18
                  text run at (0,0) width 18: "\x{3057}\x{308A}"
              RenderRubyBase (anonymous) at (0,0) size 18x18
                RenderInline {rb} at (0,0) size 17x16
                  RenderText {#text} at (0,1) size 17x16
                    text run at (0,1) width 16: "\x{5F8C}"
          RenderText {#text} at (10,128) size 17x96
            text run at (10,128) width 96: "\x{3048}\x{3092}\x{898B}\x{3066}\x{306F}\x{3001}"
          RenderRuby (inline) {ruby} at (0,0) size 17x32
            RenderRubyRun (anonymous) at (10,224) size 18x32
              RenderRubyText {rt} at (-10,0) size 10x32
                RenderText {#text} at (0,2) size 10x28
                  text run at (0,2) width 27: "\x{3082}\x{306E}\x{307B}"
              RenderRubyBase (anonymous) at (0,0) size 18x32
                RenderInline {rb} at (0,0) size 17x32
                  RenderText {#text} at (0,0) size 17x32
                    text run at (0,0) width 32: "\x{7269}\x{6B32}"
          RenderText {#text} at (10,256) size 44x480
            text run at (10,256) width 224: "\x{3057}\x{3068}\x{3001}\x{3042}\x{3053}\x{304C}\x{308B}\x{308B}\x{304B}\x{306A}\x{308F}\x{308C}\x{3002}\x{8179}"
            text run at (37,0) width 464: "\x{304B}\x{3089}\x{306E}\x{3001}\x{7B11}\x{3068}\x{3044}\x{3048}\x{3069}\x{3001}\x{82E6}\x{3057}\x{307F}\x{306E}\x{3001}\x{305D}\x{3053}\x{306B}\x{3042}\x{308B}\x{3079}\x{3057}\x{3002}\x{3046}\x{3064}\x{304F}\x{3057}\x{304D}\x{3001}"
          RenderRuby (inline) {ruby} at (0,0) size 17x17
            RenderRubyRun (anonymous) at (37,463) size 18x18
              RenderRubyText {rt} at (-10,0) size 10x18
                RenderText {#text} at (0,0) size 10x18
                  text run at (0,0) width 18: "\x{304D}\x{308F}"
              RenderRubyBase (anonymous) at (0,0) size 18x18
                RenderInline {rb} at (0,0) size 17x16
                  RenderText {#text} at (0,1) size 17x16
                    text run at (0,1) width 16: "\x{6975}"
          RenderText {#text} at (64,0) size 17x208
            text run at (64,0) width 208: "\x{307F}\x{306E}\x{6B4C}\x{306B}\x{3001}\x{60B2}\x{3057}\x{3055}\x{306E}\x{3001}\x{6975}\x{307F}\x{306E}"
          RenderRuby (inline) {ruby} at (0,0) size 17x18
            RenderRubyRun (anonymous) at (64,203) size 18x28
              RenderRubyText {rt} at (-10,0) size 10x27
                RenderText {#text} at (0,0) size 10x27
                  text run at (0,0) width 27: "\x{304A}\x{3082}\x{3044}"
              RenderRubyBase (anonymous) at (0,0) size 18x27
                RenderInline {rb} at (0,0) size 17x17
                  RenderText {#text} at (0,5) size 17x17
                    text run at (0,5) width 16: "\x{60F3}"
          RenderText {#text} at (64,226) size 17x16
            text run at (64,226) width 16: "\x{3001}"
          RenderRuby (inline) {ruby} at (0,0) size 17x16
            RenderRubyRun (anonymous) at (64,241) size 18x18
              RenderRubyText {rt} at (-10,0) size 10x18
                RenderText {#text} at (0,0) size 10x18
                  text run at (0,0) width 18: "\x{3053}\x{3082}"
              RenderRubyBase (anonymous) at (0,0) size 18x18
                RenderInline {rb} at (0,0) size 17x16
                  RenderText {#text} at (0,1) size 17x16
                    text run at (0,1) width 16: "\x{7C60}"
          RenderText {#text} at (64,258) size 17x96
            text run at (64,258) width 96: "\x{308B}\x{3068}\x{305E}\x{77E5}\x{308C}\x{300D}"
          RenderBR {br} at (64,354) size 17x0
          RenderText {#text} at (82,0) size 44x480
            text run at (82,0) width 480: "\x{3000}\x{306A}\x{308B}\x{307B}\x{3069}\x{3044}\x{304F}\x{3089}\x{8A69}\x{4EBA}\x{304C}\x{5E78}\x{798F}\x{3067}\x{3082}\x{3001}\x{3042}\x{306E}\x{96F2}\x{96C0}\x{306E}\x{3088}\x{3046}\x{306B}\x{601D}\x{3044}\x{5207}\x{3063}\x{3066}\x{3001}"
            text run at (109,0) width 336: "\x{4E00}\x{5FC3}\x{4E0D}\x{4E71}\x{306B}\x{3001}\x{524D}\x{5F8C}\x{3092}\x{5FD8}\x{5374}\x{3057}\x{3066}\x{3001}\x{308F}\x{304C}\x{559C}\x{3073}\x{3092}\x{6B4C}\x{3046}"
          RenderRuby (inline) {ruby} at (0,0) size 17x16
            RenderRubyRun (anonymous) at (109,335) size 18x18
              RenderRubyText {rt} at (-10,0) size 10x18
                RenderText {#text} at (0,0) size 10x18
                  text run at (0,0) width 18: "\x{308F}\x{3051}"
              RenderRubyBase (anonymous) at (0,0) size 18x18
                RenderInline {rb} at (0,0) size 17x16
                  RenderText {#text} at (0,1) size 17x16
                    text run at (0,1) width 16: "\x{8A33}"
          RenderText {#text} at (109,352) size 44x480
            text run at (109,352) width 128: "\x{306B}\x{306F}\x{884C}\x{304F}\x{307E}\x{3044}\x{3002}\x{897F}"
            text run at (136,0) width 288: "\x{6D0B}\x{306E}\x{8A69}\x{306F}\x{7121}\x{8AD6}\x{306E}\x{4E8B}\x{3001}\x{652F}\x{90A3}\x{306E}\x{8A69}\x{306B}\x{3082}\x{3001}\x{3088}\x{304F}"
          RenderRuby (inline) {ruby} at (0,0) size 17x32
            RenderRubyRun (anonymous) at (136,286) size 18x36
              RenderRubyText {rt} at (-10,0) size 10x36
                RenderText {#text} at (0,0) size 10x36
                  text run at (0,0) width 36: "\x{3070}\x{3093}\x{3053}\x{304F}"
              RenderRubyBase (anonymous) at (0,0) size 18x36
                RenderInline {rb} at (0,0) size 17x32
                  RenderText {#text} at (0,2) size 17x32
                    text run at (0,2) width 32: "\x{4E07}\x{659B}"
          RenderText {#text} at (136,320) size 17x16
            text run at (136,320) width 16: "\x{306E}"
          RenderRuby (inline) {ruby} at (0,0) size 17x18
            RenderRubyRun (anonymous) at (136,331) size 18x28
              RenderRubyText {rt} at (-10,0) size 10x27
                RenderText {#text} at (0,0) size 10x27
                  text run at (0,0) width 27: "\x{3046}\x{308C}\x{3044}"
              RenderRubyBase (anonymous) at (0,0) size 18x27
                RenderInline {rb} at (0,0) size 17x17
                  RenderText {#text} at (0,5) size 17x17
                    text run at (0,5) width 16: "\x{6101}"
          RenderText {#text} at (136,354) size 44x482
            text run at (136,354) width 128: "\x{306A}\x{3069}\x{3068}\x{4E91}\x{3046}\x{5B57}\x{304C}\x{3042}"
            text run at (163,0) width 160: "\x{308B}\x{3002}\x{8A69}\x{4EBA}\x{3060}\x{304B}\x{3089}\x{4E07}\x{659B}\x{3067}"
          RenderRuby (inline) {ruby} at (0,0) size 17x32
            RenderRubyRun (anonymous) at (163,158) size 18x36
              RenderRubyText {rt} at (-10,0) size 10x36
                RenderText {#text} at (0,0) size 10x36
                  text run at (0,0) width 36: "\x{3057}\x{308D}\x{3046}\x{3068}"
              RenderRubyBase (anonymous) at (0,0) size 18x36
                RenderInline {rb} at (0,0) size 17x32
                  RenderText {#text} at (0,2) size 17x32
                    text run at (0,2) width 32: "\x{7D20}\x{4EBA}"
          RenderText {#text} at (163,192) size 17x48
            text run at (163,192) width 48: "\x{306A}\x{3089}\x{4E00}"
          RenderRuby (inline) {ruby} at (0,0) size 17x16
            RenderRubyRun (anonymous) at (163,239) size 18x18
              RenderRubyText {rt} at (-10,0) size 10x18
                RenderText {#text} at (0,0) size 10x18
                  text run at (0,0) width 18: "\x{3054}\x{3046}"
              RenderRubyBase (anonymous) at (0,0) size 18x18
                RenderInline {rb} at (0,0) size 17x16
                  RenderText {#text} at (0,1) size 17x16
                    text run at (0,1) width 16: "\x{5408}"
          RenderText {#text} at (163,256) size 44x480
            text run at (163,256) width 224: "\x{3067}\x{6E08}\x{3080}\x{304B}\x{3082}\x{77E5}\x{308C}\x{306C}\x{3002}\x{3057}\x{3066}\x{898B}\x{308B}\x{3068}"
            text run at (190,0) width 224: "\x{8A69}\x{4EBA}\x{306F}\x{5E38}\x{306E}\x{4EBA}\x{3088}\x{308A}\x{3082}\x{82E6}\x{52B4}\x{6027}\x{3067}\x{3001}"
          RenderRuby (inline) {ruby} at (0,0) size 17x32
            RenderRubyRun (anonymous) at (190,222) size 18x36
              RenderRubyText {rt} at (-10,0) size 10x36
                RenderText {#text} at (0,0) size 10x36
                  text run at (0,0) width 36: "\x{307C}\x{3093}\x{3053}\x{3064}"
              RenderRubyBase (anonymous) at (0,0) size 18x36
                RenderInline {rb} at (0,0) size 17x32
                  RenderText {#text} at (0,2) size 17x32
                    text run at (0,2) width 32: "\x{51E1}\x{9AA8}"
          RenderText {#text} at (190,256) size 44x480
            text run at (190,256) width 224: "\x{306E}\x{500D}\x{4EE5}\x{4E0A}\x{306B}\x{795E}\x{7D4C}\x{304C}\x{92ED}\x{654F}\x{306A}\x{306E}\x{304B}\x{3082}"
            text run at (217,0) width 288: "\x{77E5}\x{308C}\x{3093}\x{3002}\x{8D85}\x{4FD7}\x{306E}\x{559C}\x{3073}\x{3082}\x{3042}\x{308D}\x{3046}\x{304C}\x{3001}\x{7121}\x{91CF}\x{306E}"
          RenderRuby (inline) {ruby} at (0,0) size 17x27
            RenderRubyRun (anonymous) at (217,283) size 18x37
              RenderRubyText {rt} at (-10,0) size 10x36
                RenderText {#text} at (0,0) size 10x36
                  text run at (0,0) width 36: "\x{304B}\x{306A}\x{3057}\x{307F}"
              RenderRubyBase (anonymous) at (0,0) size 18x36
                RenderInline {rb} at (0,0) size 17x16
                  RenderText {#text} at (0,10) size 17x16
                    text run at (0,10) width 16: "\x{60B2}"
          RenderText {#text} at (217,315) size 35x491
            text run at (217,315) width 176: "\x{3082}\x{591A}\x{304B}\x{308D}\x{3046}\x{3002}\x{305D}\x{3093}\x{306A}\x{3089}\x{3070}"
            text run at (235,0) width 192: "\x{8A69}\x{4EBA}\x{306B}\x{306A}\x{308B}\x{306E}\x{3082}\x{8003}\x{3048}\x{7269}\x{3060}\x{3002}"
          RenderBR {br} at (235,192) size 17x0
          RenderText {#text} at (262,0) size 17x128
            text run at (262,0) width 128: "\x{3000}\x{3057}\x{3070}\x{3089}\x{304F}\x{306F}\x{8DEF}\x{304C}"
          RenderRuby (inline) {ruby} at (0,0) size 17x18
            RenderRubyRun (anonymous) at (262,123) size 18x28
              RenderRubyText {rt} at (-10,0) size 10x27
                RenderText {#text} at (0,0) size 10x27
                  text run at (0,0) width 27: "\x{305F}\x{3044}\x{3089}"
              RenderRubyBase (anonymous) at (0,0) size 18x27
                RenderInline {rb} at (0,0) size 17x17
                  RenderText {#text} at (0,5) size 17x17
                    text run at (0,5) width 16: "\x{5E73}"
          RenderText {#text} at (262,146) size 17x64
            text run at (262,146) width 64: "\x{3067}\x{3001}\x{53F3}\x{306F}"
          RenderRuby (inline) {ruby} at (0,0) size 17x48
            RenderRubyRun (anonymous) at (262,210) size 18x48
              RenderRubyText {rt} at (-10,0) size 10x48
                RenderText {#text} at (0,1) size 10x46
                  text run at (0,1) width 45: "\x{305E}\x{3046}\x{304D}\x{3084}\x{307E}"
              RenderRubyBase (anonymous) at (0,0) size 18x48
                RenderInline {rb} at (0,0) size 17x48
                  RenderText {#text} at (0,0) size 17x48
                    text run at (0,0) width 48: "\x{96D1}\x{6728}\x{5C71}"
          RenderText {#text} at (262,258) size 44x466
            text run at (262,258) width 208: "\x{3001}\x{5DE6}\x{306F}\x{83DC}\x{306E}\x{82B1}\x{306E}\x{898B}\x{3064}\x{3065}\x{3051}\x{3067}\x{3042}"
            text run at (289,0) width 128: "\x{308B}\x{3002}\x{8DB3}\x{306E}\x{4E0B}\x{306B}\x{6642}\x{3005}"
          RenderRuby (inline) {ruby} at (0,0) size 17x48
            RenderRubyRun (anonymous) at (289,128) size 18x48
              RenderRubyText {rt} at (-10,0) size 10x48
                RenderText {#text} at (0,6) size 10x36
                  text run at (0,6) width 36: "\x{305F}\x{3093}\x{307D}\x{307D}"
              RenderRubyBase (anonymous) at (0,0) size 18x48
                RenderInline {rb} at (0,0) size 17x48
                  RenderText {#text} at (0,0) size 17x48
                    text run at (0,0) width 48: "\x{84B2}\x{516C}\x{82F1}"
          RenderText {#text} at (289,176) size 17x112
            text run at (289,176) width 112: "\x{3092}\x{8E0F}\x{307F}\x{3064}\x{3051}\x{308B}\x{3002}"
          RenderRuby (inline) {ruby} at (0,0) size 17x27
            RenderRubyRun (anonymous) at (289,283) size 18x37
              RenderRubyText {rt} at (-10,0) size 10x36
                RenderText {#text} at (0,0) size 10x36
                  text run at (0,0) width 36: "\x{306E}\x{3053}\x{304E}\x{308A}"
              RenderRubyBase (anonymous) at (0,0) size 18x36
                RenderInline {rb} at (0,0) size 17x16
                  RenderText {#text} at (0,10) size 17x16
                    text run at (0,10) width 16: "\x{92F8}"
          RenderText {#text} at (289,315) size 44x491
            text run at (289,315) width 176: "\x{306E}\x{3088}\x{3046}\x{306A}\x{8449}\x{304C}\x{9060}\x{616E}\x{306A}\x{304F}\x{56DB}"
            text run at (316,0) width 176: "\x{65B9}\x{3078}\x{306E}\x{3057}\x{3066}\x{771F}\x{4E2D}\x{306B}\x{9EC4}\x{8272}\x{306A}"
          RenderRuby (inline) {ruby} at (0,0) size 17x16
            RenderRubyRun (anonymous) at (316,175) size 18x18
              RenderRubyText {rt} at (-10,0) size 10x18
                RenderText {#text} at (0,0) size 10x18
                  text run at (0,0) width 18: "\x{305F}\x{307E}"
              RenderRubyBase (anonymous) at (0,0) size 18x18
                RenderInline {rb} at (0,0) size 17x16
                  RenderText {#text} at (0,1) size 17x16
                    text run at (0,1) width 16: "\x{73E0}"
          RenderText {#text} at (316,192) size 62x480
            text run at (316,192) width 272: "\x{3092}\x{64C1}\x{8B77}\x{3057}\x{3066}\x{3044}\x{308B}\x{3002}\x{83DC}\x{306E}\x{82B1}\x{306B}\x{6C17}\x{3092}\x{3068}\x{3089}\x{308C}"
            text run at (334,0) width 480: "\x{3066}\x{3001}\x{8E0F}\x{307F}\x{3064}\x{3051}\x{305F}\x{3042}\x{3068}\x{3067}\x{3001}\x{6C17}\x{306E}\x{6BD2}\x{306A}\x{4E8B}\x{3092}\x{3057}\x{305F}\x{3068}\x{3001}\x{632F}\x{308A}\x{5411}\x{3044}\x{3066}\x{898B}\x{308B}\x{3068}\x{3001}"
            text run at (361,0) width 240: "\x{9EC4}\x{8272}\x{306A}\x{73E0}\x{306F}\x{4F9D}\x{7136}\x{3068}\x{3057}\x{3066}\x{92F8}\x{306E}\x{306A}\x{304B}\x{306B}"
          RenderRuby (inline) {ruby} at (0,0) size 17x32
            RenderRubyRun (anonymous) at (361,240) size 18x32
              RenderRubyText {rt} at (-10,0) size 10x32
                RenderText {#text} at (0,2) size 10x28
                  text run at (0,2) width 27: "\x{3061}\x{3093}\x{3056}"
              RenderRubyBase (anonymous) at (0,0) size 18x32
                RenderInline {rb} at (0,0) size 17x32
                  RenderText {#text} at (0,0) size 17x32
                    text run at (0,0) width 32: "\x{93AE}\x{5EA7}"
          RenderText {#text} at (361,272) size 17x80
            text run at (361,272) width 80: "\x{3057}\x{3066}\x{3044}\x{308B}\x{3002}"
          RenderRuby (inline) {ruby} at (0,0) size 17x32
            RenderRubyRun (anonymous) at (361,352) size 18x32
              RenderRubyText {rt} at (-10,0) size 10x32
                RenderText {#text} at (0,2) size 10x28
                  text run at (0,2) width 27: "\x{306E}\x{3093}\x{304D}"
              RenderRubyBase (anonymous) at (0,0) size 18x32
                RenderInline {rb} at (0,0) size 17x32
                  RenderText {#text} at (0,0) size 17x32
                    text run at (0,0) width 32: "\x{5451}\x{6C17}"
          RenderText {#text} at (361,384) size 35x480
            text run at (361,384) width 96: "\x{306A}\x{3082}\x{306E}\x{3060}\x{3002}\x{307E}"
            text run at (379,0) width 144: "\x{305F}\x{8003}\x{3048}\x{3092}\x{3064}\x{3065}\x{3051}\x{308B}\x{3002}"
          RenderBR {br} at (379,144) size 17x0
          RenderText {#text} at (406,0) size 17x64
            text run at (406,0) width 64: "\x{3000}\x{8A69}\x{4EBA}\x{306B}"
          RenderRuby (inline) {ruby} at (0,0) size 17x18
            RenderRubyRun (anonymous) at (406,59) size 18x28
              RenderRubyText {rt} at (-10,0) size 10x27
                RenderText {#text} at (0,0) size 10x27
                  text run at (0,0) width 27: "\x{3046}\x{308C}\x{3044}"
              RenderRubyBase (anonymous) at (0,0) size 18x27
                RenderInline {rb} at (0,0) size 17x17
                  RenderText {#text} at (0,5) size 17x17
                    text run at (0,5) width 16: "\x{6182}"
          RenderText {#text} at (406,82) size 17x240
            text run at (406,82) width 240: "\x{306F}\x{3064}\x{304D}\x{3082}\x{306E}\x{304B}\x{3082}\x{77E5}\x{308C}\x{306A}\x{3044}\x{304C}\x{3001}\x{3042}\x{306E}"
          RenderRuby (inline) {ruby} at (0,0) size 17x32
            RenderRubyRun (anonymous) at (406,322) size 18x32
              RenderRubyText {rt} at (-10,0) size 10x32
                RenderText {#text} at (0,2) size 10x28
                  text run at (0,2) width 27: "\x{3072}\x{3070}\x{308A}"
              RenderRubyBase (anonymous) at (0,0) size 18x32
                RenderInline {rb} at (0,0) size 17x32
                  RenderText {#text} at (0,0) size 17x32
                    text run at (0,0) width 32: "\x{96F2}\x{96C0}"
          RenderText {#text} at (406,354) size 44x482
            text run at (406,354) width 128: "\x{3092}\x{805E}\x{304F}\x{5FC3}\x{6301}\x{306B}\x{306A}\x{308C}"
            text run at (433,0) width 16: "\x{3070}"
          RenderRuby (inline) {ruby} at (0,0) size 17x32
            RenderRubyRun (anonymous) at (433,16) size 18x32
              RenderRubyText {rt} at (-10,0) size 10x32
                RenderText {#text} at (0,2) size 10x28
                  text run at (0,2) width 27: "\x{307F}\x{3058}\x{3093}"
              RenderRubyBase (anonymous) at (0,0) size 18x32
                RenderInline {rb} at (0,0) size 17x32
                  RenderText {#text} at (0,0) size 17x32
                    text run at (0,0) width 32: "\x{5FAE}\x{5875}"
          RenderText {#text} at (433,48) size 17x16
            text run at (433,48) width 16: "\x{306E}"
          RenderRuby (inline) {ruby} at (0,0) size 17x16
            RenderRubyRun (anonymous) at (433,64) size 18x16
              RenderRubyText {rt} at (-10,0) size 10x16
                RenderText {#text} at (0,3) size 10x10
                  text run at (0,3) width 9: "\x{304F}"
              RenderRubyBase (anonymous) at (0,0) size 18x16
                RenderInline {rb} at (0,0) size 17x16
                  RenderText {#text} at (0,0) size 17x16
                    text run at (0,0) width 16: "\x{82E6}"
          RenderText {#text} at (433,80) size 17x336
            text run at (433,80) width 336: "\x{3082}\x{306A}\x{3044}\x{3002}\x{83DC}\x{306E}\x{82B1}\x{3092}\x{898B}\x{3066}\x{3082}\x{3001}\x{305F}\x{3060}\x{3046}\x{308C}\x{3057}\x{304F}\x{3066}\x{80F8}\x{304C}"
          RenderRuby (inline) {ruby} at (0,0) size 17x16
            RenderRubyRun (anonymous) at (433,415) size 18x18
              RenderRubyText {rt} at (-10,0) size 10x18
                RenderText {#text} at (0,0) size 10x18
                  text run at (0,0) width 18: "\x{304A}\x{3069}"
              RenderRubyBase (anonymous) at (0,0) size 18x18
                RenderInline {rb} at (0,0) size 17x16
                  RenderText {#text} at (0,1) size 17x16
                    text run at (0,1) width 16: "\x{8E8D}"
          RenderText {#text} at (433,432) size 62x480
            text run at (433,432) width 48: "\x{308B}\x{3070}\x{304B}"
            text run at (451,0) width 480: "\x{308A}\x{3060}\x{3002}\x{84B2}\x{516C}\x{82F1}\x{3082}\x{305D}\x{306E}\x{901A}\x{308A}\x{3001}\x{685C}\x{3082}\x{2015}\x{2015}\x{685C}\x{306F}\x{3044}\x{3064}\x{304B}\x{898B}\x{3048}\x{306A}\x{304F}\x{306A}\x{3063}\x{305F}\x{3002}\x{3053}"
            text run at (478,0) width 160: "\x{3046}\x{5C71}\x{306E}\x{4E2D}\x{3078}\x{6765}\x{3066}\x{81EA}\x{7136}\x{306E}"
          RenderRuby (inline) {ruby} at (0,0) size 17x32
            RenderRubyRun (anonymous) at (478,158) size 18x36
              RenderRubyText {rt} at (-10,0) size 10x36
                RenderText {#text} at (0,0) size 10x36
                  text run at (0,0) width 36: "\x{3051}\x{3044}\x{3076}\x{3064}"
              RenderRubyBase (anonymous) at (0,0) size 18x36
                RenderInline {rb} at (0,0) size 17x32
                  RenderText {#text} at (0,2) size 17x32
                    text run at (0,2) width 32: "\x{666F}\x{7269}"
          RenderText {#text} at (478,192) size 44x480
            text run at (478,192) width 288: "\x{306B}\x{63A5}\x{3059}\x{308C}\x{3070}\x{3001}\x{898B}\x{308B}\x{3082}\x{306E}\x{3082}\x{805E}\x{304F}\x{3082}\x{306E}\x{3082}\x{9762}\x{767D}"
            text run at (505,0) width 432: "\x{3044}\x{3002}\x{9762}\x{767D}\x{3044}\x{3060}\x{3051}\x{3067}\x{5225}\x{6BB5}\x{306E}\x{82E6}\x{3057}\x{307F}\x{3082}\x{8D77}\x{3089}\x{306C}\x{3002}\x{8D77}\x{308B}\x{3068}\x{3059}\x{308C}\x{3070}\x{8DB3}\x{304C}"
          RenderRuby (inline) {ruby} at (0,0) size 17x32
            RenderRubyRun (anonymous) at (505,432) size 18x32
              RenderRubyText {rt} at (-10,0) size 10x32
                RenderText {#text} at (0,2) size 10x28
                  text run at (0,2) width 27: "\x{304F}\x{305F}\x{3073}"
              RenderRubyBase (anonymous) at (0,0) size 18x32
                RenderInline {rb} at (0,0) size 17x32
                  RenderText {#text} at (0,0) size 17x32
                    text run at (0,0) width 32: "\x{8349}\x{81E5}"
          RenderText {#text} at (505,464) size 44x480
            text run at (505,464) width 16: "\x{308C}"
            text run at (532,0) width 32: "\x{3066}\x{3001}"
          RenderRuby (inline) {ruby} at (0,0) size 17x16
            RenderRubyRun (anonymous) at (532,31) size 18x18
              RenderRubyText {rt} at (-10,0) size 10x18
                RenderText {#text} at (0,0) size 10x18
                  text run at (0,0) width 18: "\x{3046}\x{307E}"
              RenderRubyBase (anonymous) at (0,0) size 18x18
                RenderInline {rb} at (0,0) size 17x16
                  RenderText {#text} at (0,1) size 17x16
                    text run at (0,1) width 16: "\x{65E8}"
          RenderText {#text} at (532,48) size 17x288
            text run at (532,48) width 288: "\x{3044}\x{3082}\x{306E}\x{304C}\x{98DF}\x{3079}\x{3089}\x{308C}\x{306C}\x{304F}\x{3089}\x{3044}\x{306E}\x{4E8B}\x{3060}\x{308D}\x{3046}\x{3002}"
          RenderBR {br} at (532,336) size 17x0
          RenderText {#text} at (559,0) size 17x416
            text run at (559,0) width 416: "\x{3000}\x{3057}\x{304B}\x{3057}\x{82E6}\x{3057}\x{307F}\x{306E}\x{306A}\x{3044}\x{306E}\x{306F}\x{306A}\x{305C}\x{3060}\x{308D}\x{3046}\x{3002}\x{305F}\x{3060}\x{3053}\x{306E}\x{666F}\x{8272}\x{3092}\x{4E00}"
          RenderRuby (inline) {ruby} at (0,0) size 17x16
            RenderRubyRun (anonymous) at (559,415) size 18x18
              RenderRubyText {rt} at (-10,0) size 10x18
                RenderText {#text} at (0,0) size 10x18
                  text run at (0,0) width 18: "\x{3077}\x{304F}"
              RenderRubyBase (anonymous) at (0,0) size 18x18
                RenderInline {rb} at (0,0) size 17x16
                  RenderText {#text} at (0,1) size 17x16
                    text run at (0,1) width 16: "\x{5E45}"
          RenderText {#text} at (559,432) size 17x16
            text run at (559,432) width 16: "\x{306E}"
          RenderRuby (inline) {ruby} at (0,0) size 17x16
            RenderRubyRun (anonymous) at (559,448) size 18x16
              RenderRubyText {rt} at (-10,0) size 10x16
                RenderText {#text} at (0,3) size 10x10
                  text run at (0,3) width 9: "\x{3048}"
              RenderRubyBase (anonymous) at (0,0) size 18x16
                RenderInline {rb} at (0,0) size 17x16
                  RenderText {#text} at (0,0) size 17x16
                    text run at (0,0) width 16: "\x{753B}"
          RenderText {#text} at (559,464) size 44x480
            text run at (559,464) width 16: "\x{3068}"
            text run at (586,0) width 32: "\x{3057}\x{3066}"
          RenderRuby (inline) {ruby} at (0,0) size 17x16
            RenderRubyRun (anonymous) at (586,32) size 18x16
              RenderRubyText {rt} at (-10,0) size 10x16
                RenderText {#text} at (0,3) size 10x10
                  text run at (0,3) width 9: "\x{307F}"
              RenderRubyBase (anonymous) at (0,0) size 18x16
                RenderInline {rb} at (0,0) size 17x16
                  RenderText {#text} at (0,0) size 17x16
                    text run at (0,0) width 16: "\x{89B3}"
          RenderText {#text} at (586,48) size 17x32
            text run at (586,48) width 32: "\x{3001}\x{4E00}"
          RenderRuby (inline) {ruby} at (0,0) size 17x16
            RenderRubyRun (anonymous) at (586,79) size 18x18
              RenderRubyText {rt} at (-10,0) size 10x18
                RenderText {#text} at (0,0) size 10x18
                  text run at (0,0) width 18: "\x{304B}\x{3093}"
              RenderRubyBase (anonymous) at (0,0) size 18x18
                RenderInline {rb} at (0,0) size 17x16
                  RenderText {#text} at (0,1) size 17x16
                    text run at (0,1) width 16: "\x{5DFB}"
          RenderText {#text} at (586,96) size 17x208
            text run at (586,96) width 208: "\x{306E}\x{8A69}\x{3068}\x{3057}\x{3066}\x{8AAD}\x{3080}\x{304B}\x{3089}\x{3067}\x{3042}\x{308B}\x{3002}"
          RenderRuby (inline) {ruby} at (0,0) size 17x16
            RenderRubyRun (anonymous) at (586,304) size 18x16
              RenderRubyText {rt} at (-10,0) size 10x16
                RenderText {#text} at (0,3) size 10x10
                  text run at (0,3) width 9: "\x{304C}"
              RenderRubyBase (anonymous) at (0,0) size 18x16
                RenderInline {rb} at (0,0) size 17x16
                  RenderText {#text} at (0,0) size 17x16
                    text run at (0,0) width 16: "\x{753B}"
          RenderText {#text} at (586,320) size 17x160
            text run at (586,320) width 160: "\x{3067}\x{3042}\x{308A}\x{8A69}\x{3067}\x{3042}\x{308B}\x{4EE5}\x{4E0A}\x{306F}"
          RenderRuby (inline) {ruby} at (0,0) size 17x32
            RenderRubyRun (anonymous) at (613,0) size 18x32
              RenderRubyText {rt} at (-10,0) size 10x32
                RenderText {#text} at (0,2) size 10x28
                  text run at (0,2) width 27: "\x{3058}\x{3081}\x{3093}"
              RenderRubyBase (anonymous) at (0,0) size 18x32
                RenderInline {rb} at (0,0) size 17x32
                  RenderText {#text} at (0,0) size 17x32
                    text run at (0,0) width 32: "\x{5730}\x{9762}"
          RenderText {#text} at (613,32) size 17x368
            text run at (613,32) width 368: "\x{3092}\x{8CB0}\x{3063}\x{3066}\x{3001}\x{958B}\x{62D3}\x{3059}\x{308B}\x{6C17}\x{306B}\x{3082}\x{306A}\x{3089}\x{306D}\x{3070}\x{3001}\x{9244}\x{9053}\x{3092}\x{304B}\x{3051}\x{3066}"
          RenderRuby (inline) {ruby} at (0,0) size 17x32
            RenderRubyRun (anonymous) at (613,398) size 18x36
              RenderRubyText {rt} at (-10,0) size 10x36
                RenderText {#text} at (0,0) size 10x36
                  text run at (0,0) width 36: "\x{3072}\x{3068}\x{3082}\x{3046}"
              RenderRubyBase (anonymous) at (0,0) size 18x36
                RenderInline {rb} at (0,0) size 17x32
                  RenderText {#text} at (0,2) size 17x32
                    text run at (0,2) width 32: "\x{4E00}\x{5132}"
          RenderText {#text} at (613,432) size 17x48
            text run at (613,432) width 48: "\x{3051}\x{3059}\x{308B}"
          RenderRuby (inline) {ruby} at (0,0) size 17x41
            RenderRubyRun (anonymous) at (640,0) size 18x45
              RenderRubyText {rt} at (-10,0) size 10x45
                RenderText {#text} at (0,0) size 10x45
                  text run at (0,0) width 45: "\x{308A}\x{3087}\x{3046}\x{3051}\x{3093}"
              RenderRubyBase (anonymous) at (0,0) size 18x45
                RenderInline {rb} at (0,0) size 17x33
                  RenderText {#text} at (0,6) size 17x33
                    text run at (0,6) width 32: "\x{4E86}\x{898B}"
          RenderText {#text} at (640,40) size 17x257
            text run at (640,40) width 256: "\x{3082}\x{8D77}\x{3089}\x{306C}\x{3002}\x{305F}\x{3060}\x{3053}\x{306E}\x{666F}\x{8272}\x{304C}\x{2015}\x{2015}\x{8179}\x{306E}"
          RenderRuby (inline) {ruby} at (0,0) size 17x17
            RenderRubyRun (anonymous) at (640,296) size 18x17
              RenderRubyText {rt} at (-10,0) size 10x16
                RenderText {#text} at (0,3) size 10x10
                  text run at (0,3) width 9: "\x{305F}"
              RenderRubyBase (anonymous) at (0,0) size 18x16
                RenderInline {rb} at (0,0) size 17x16
                  RenderText {#text} at (0,0) size 17x16
                    text run at (0,0) width 16: "\x{8DB3}"
          RenderText {#text} at (640,312) size 62x489
            text run at (640,312) width 176: "\x{3057}\x{306B}\x{3082}\x{306A}\x{3089}\x{306C}\x{3001}\x{6708}\x{7D66}\x{306E}\x{88DC}"
            text run at (658,0) width 480: "\x{3044}\x{306B}\x{3082}\x{306A}\x{3089}\x{306C}\x{3053}\x{306E}\x{666F}\x{8272}\x{304C}\x{666F}\x{8272}\x{3068}\x{3057}\x{3066}\x{306E}\x{307F}\x{3001}\x{4F59}\x{304C}\x{5FC3}\x{3092}\x{697D}\x{307E}\x{305B}\x{3064}\x{3064}\x{3042}\x{308B}"
            text run at (685,0) width 128: "\x{304B}\x{3089}\x{82E6}\x{52B4}\x{3082}\x{5FC3}\x{914D}\x{3082}"
          RenderRuby (inline) {ruby} at (0,0) size 17x18
            RenderRubyRun (anonymous) at (685,123) size 18x28
              RenderRubyText {rt} at (-10,0) size 10x27
                RenderText {#text} at (0,0) size 10x27
                  text run at (0,0) width 27: "\x{3068}\x{3082}\x{306A}"
              RenderRubyBase (anonymous) at (0,0) size 18x27
                RenderInline {rb} at (0,0) size 17x17
                  RenderText {#text} at (0,5) size 17x17
                    text run at (0,5) width 16: "\x{4F34}"
          RenderText {#text} at (685,146) size 17x288
            text run at (685,146) width 288: "\x{308F}\x{306C}\x{306E}\x{3060}\x{308D}\x{3046}\x{3002}\x{81EA}\x{7136}\x{306E}\x{529B}\x{306F}\x{3053}\x{3053}\x{306B}\x{304A}\x{3044}\x{3066}"
          RenderRuby (inline) {ruby} at (0,0) size 17x16
            RenderRubyRun (anonymous) at (685,433) size 18x18
              RenderRubyText {rt} at (-10,0) size 10x18
                RenderText {#text} at (0,0) size 10x18
                  text run at (0,0) width 18: "\x{305F}\x{3063}"
              RenderRubyBase (anonymous) at (0,0) size 18x18
                RenderInline {rb} at (0,0) size 17x16
                  RenderText {#text} at (0,1) size 17x16
                    text run at (0,1) width 16: "\x{5C0A}"
          RenderText {#text} at (685,450) size 44x466
            text run at (685,450) width 16: "\x{3068}"
            text run at (712,0) width 176: "\x{3044}\x{3002}\x{543E}\x{4EBA}\x{306E}\x{6027}\x{60C5}\x{3092}\x{77AC}\x{523B}\x{306B}"
          RenderRuby (inline) {ruby} at (0,0) size 17x32
            RenderRubyRun (anonymous) at (712,176) size 18x32
              RenderRubyText {rt} at (-10,0) size 10x32
                RenderText {#text} at (0,2) size 10x28
                  text run at (0,2) width 27: "\x{3068}\x{3046}\x{3084}"
              RenderRubyBase (anonymous) at (0,0) size 18x32
                RenderInline {rb} at (0,0) size 17x32
                  RenderText {#text} at (0,0) size 17x32
                    text run at (0,0) width 32: "\x{9676}\x{51B6}"
          RenderText {#text} at (712,208) size 17x32
            text run at (712,208) width 32: "\x{3057}\x{3066}"
          RenderRuby (inline) {ruby} at (0,0) size 17x32
            RenderRubyRun (anonymous) at (712,238) size 18x36
              RenderRubyText {rt} at (-10,0) size 10x36
                RenderText {#text} at (0,0) size 10x36
                  text run at (0,0) width 36: "\x{3058}\x{3085}\x{3093}\x{3053}"
              RenderRubyBase (anonymous) at (0,0) size 18x36
                RenderInline {rb} at (0,0) size 17x32
                  RenderText {#text} at (0,2) size 17x32
                    text run at (0,2) width 32: "\x{9187}\x{4E4E}"
          RenderText {#text} at (712,272) size 35x480
            text run at (712,272) width 208: "\x{3068}\x{3057}\x{3066}\x{9187}\x{306A}\x{308B}\x{8A69}\x{5883}\x{306B}\x{5165}\x{3089}\x{3057}\x{3080}"
            text run at (730,0) width 144: "\x{308B}\x{306E}\x{306F}\x{81EA}\x{7136}\x{3067}\x{3042}\x{308B}\x{3002}"
          RenderBR {br} at (730,144) size 17x0
          RenderText {#text} at (748,0) size 44x480
            text run at (748,0) width 480: "\x{3000}\x{604B}\x{306F}\x{3046}\x{3064}\x{304F}\x{3057}\x{304B}\x{308D}\x{3001}\x{5B5D}\x{3082}\x{3046}\x{3064}\x{304F}\x{3057}\x{304B}\x{308D}\x{3001}\x{5FE0}\x{541B}\x{611B}\x{56FD}\x{3082}\x{7D50}\x{69CB}\x{3060}\x{308D}\x{3046}\x{3002}"
            text run at (775,0) width 128: "\x{3057}\x{304B}\x{3057}\x{81EA}\x{8EAB}\x{304C}\x{305D}\x{306E}"
          RenderRuby (inline) {ruby} at (0,0) size 17x18
            RenderRubyRun (anonymous) at (775,123) size 18x28
              RenderRubyText {rt} at (-10,0) size 10x27
                RenderText {#text} at (0,0) size 10x27
                  text run at (0,0) width 27: "\x{304D}\x{3087}\x{304F}"
              RenderRubyBase (anonymous) at (0,0) size 18x27
                RenderInline {rb} at (0,0) size 17x17
                  RenderText {#text} at (0,5) size 17x17
                    text run at (0,5) width 16: "\x{5C40}"
          RenderText {#text} at (775,146) size 17x112
            text run at (775,146) width 112: "\x{306B}\x{5F53}\x{308C}\x{3070}\x{5229}\x{5BB3}\x{306E}"
          RenderRuby (inline) {ruby} at (0,0) size 17x32
            RenderRubyRun (anonymous) at (775,258) size 18x32
              RenderRubyText {rt} at (-10,0) size 10x32
                RenderText {#text} at (0,2) size 10x28
                  text run at (0,2) width 27: "\x{3064}\x{3080}\x{3058}"
              RenderRubyBase (anonymous) at (0,0) size 18x32
                RenderInline {rb} at (0,0) size 17x32
                  RenderText {#text} at (0,0) size 17x32
                    text run at (0,0) width 32: "\x{65CB}\x{98A8}"
          RenderText {#text} at (775,290) size 17x16
            text run at (775,290) width 16: "\x{306B}"
          RenderRuby (inline) {ruby} at (0,0) size 17x16
            RenderRubyRun (anonymous) at (775,306) size 18x16
              RenderRubyText {rt} at (-10,0) size 10x16
                RenderText {#text} at (0,3) size 10x10
                  text run at (0,3) width 9: "\x{307E}"
              RenderRubyBase (anonymous) at (0,0) size 18x16
                RenderInline {rb} at (0,0) size 17x16
                  RenderText {#text} at (0,0) size 17x16
                    text run at (0,0) width 16: "\x{6372}"
          RenderText {#text} at (775,322) size 44x482
            text run at (775,322) width 160: "\x{304D}\x{8FBC}\x{307E}\x{308C}\x{3066}\x{3001}\x{3046}\x{3064}\x{304F}\x{3057}"
            text run at (802,0) width 224: "\x{304D}\x{4E8B}\x{306B}\x{3082}\x{3001}\x{7D50}\x{69CB}\x{306A}\x{4E8B}\x{306B}\x{3082}\x{3001}\x{76EE}\x{306F}"
          RenderRuby (inline) {ruby} at (0,0) size 17x16
            RenderRubyRun (anonymous) at (802,223) size 18x18
              RenderRubyText {rt} at (-10,0) size 10x18
                RenderText {#text} at (0,0) size 10x18
                  text run at (0,0) width 18: "\x{304F}\x{3089}"
              RenderRubyBase (anonymous) at (0,0) size 18x18
                RenderInline {rb} at (0,0) size 17x16
                  RenderText {#text} at (0,1) size 17x16
                    text run at (0,1) width 16: "\x{7729}"
          RenderText {#text} at (802,240) size 44x480
            text run at (802,240) width 240: "\x{3093}\x{3067}\x{3057}\x{307E}\x{3046}\x{3002}\x{3057}\x{305F}\x{304C}\x{3063}\x{3066}\x{3069}\x{3053}\x{306B}\x{8A69}"
            text run at (829,0) width 128: "\x{304C}\x{3042}\x{308B}\x{304B}\x{81EA}\x{8EAB}\x{306B}\x{306F}"
          RenderRuby (inline) {ruby} at (0,0) size 17x16
            RenderRubyRun (anonymous) at (829,128) size 18x16
              RenderRubyText {rt} at (-10,0) size 10x16
                RenderText {#text} at (0,3) size 10x10
                  text run at (0,3) width 9: "\x{3052}"
              RenderRubyBase (anonymous) at (0,0) size 18x16
                RenderInline {rb} at (0,0) size 17x16
                  RenderText {#text} at (0,0) size 17x16
                    text run at (0,0) width 16: "\x{89E3}"
          RenderText {#text} at (829,144) size 17x80
            text run at (829,144) width 80: "\x{3057}\x{304B}\x{306D}\x{308B}\x{3002}"
          RenderBR {br} at (829,224) size 17x0
          RenderText {#text} at (847,0) size 44x480
            text run at (847,0) width 480: "\x{3000}\x{3053}\x{308C}\x{304C}\x{308F}\x{304B}\x{308B}\x{305F}\x{3081}\x{306B}\x{306F}\x{3001}\x{308F}\x{304B}\x{308B}\x{3060}\x{3051}\x{306E}\x{4F59}\x{88D5}\x{306E}\x{3042}\x{308B}\x{7B2C}\x{4E09}\x{8005}\x{306E}\x{5730}\x{4F4D}\x{306B}"
            text run at (874,0) width 352: "\x{7ACB}\x{305F}\x{306D}\x{3070}\x{306A}\x{3089}\x{306C}\x{3002}\x{4E09}\x{8005}\x{306E}\x{5730}\x{4F4D}\x{306B}\x{7ACB}\x{3066}\x{3070}\x{3053}\x{305D}\x{829D}\x{5C45}\x{306F}"
          RenderRuby (inline) {ruby} at (0,0) size 17x16
            RenderRubyRun (anonymous) at (874,352) size 18x16
              RenderRubyText {rt} at (-10,0) size 10x16
                RenderText {#text} at (0,3) size 10x10
                  text run at (0,3) width 9: "\x{307F}"
              RenderRubyBase (anonymous) at (0,0) size 18x16
                RenderInline {rb} at (0,0) size 17x16
                  RenderText {#text} at (0,0) size 17x16
                    text run at (0,0) width 16: "\x{89B3}"
          RenderText {#text} at (874,368) size 62x480
            text run at (874,368) width 112: "\x{3066}\x{9762}\x{767D}\x{3044}\x{3002}\x{5C0F}\x{8AAC}"
            text run at (892,0) width 480: "\x{3082}\x{898B}\x{3066}\x{9762}\x{767D}\x{3044}\x{3002}\x{829D}\x{5C45}\x{3092}\x{898B}\x{3066}\x{9762}\x{767D}\x{3044}\x{4EBA}\x{3082}\x{3001}\x{5C0F}\x{8AAC}\x{3092}\x{8AAD}\x{3093}\x{3067}\x{9762}\x{767D}\x{3044}\x{4EBA}\x{3082}\x{3001}"
            text run at (919,0) width 96: "\x{81EA}\x{5DF1}\x{306E}\x{5229}\x{5BB3}\x{306F}"
          RenderRuby (inline) {ruby} at (0,0) size 17x16
            RenderRubyRun (anonymous) at (919,95) size 18x18
              RenderRubyText {rt} at (-10,0) size 10x18
                RenderText {#text} at (0,0) size 10x18
                  text run at (0,0) width 18: "\x{305F}\x{306A}"
              RenderRubyBase (anonymous) at (0,0) size 18x18
                RenderInline {rb} at (0,0) size 17x16
                  RenderText {#text} at (0,1) size 17x16
                    text run at (0,1) width 16: "\x{68DA}"
          RenderText {#text} at (919,112) size 35x480
            text run at (919,112) width 368: "\x{3078}\x{4E0A}\x{3052}\x{3066}\x{3044}\x{308B}\x{3002}\x{898B}\x{305F}\x{308A}\x{8AAD}\x{3093}\x{3060}\x{308A}\x{3059}\x{308B}\x{9593}\x{3060}\x{3051}\x{306F}\x{8A69}\x{4EBA}\x{3067}"
            text run at (937,0) width 48: "\x{3042}\x{308B}\x{3002}"
          RenderBR {br} at (937,48) size 17x0
          RenderText {#text} at (964,0) size 17x304
            text run at (964,0) width 304: "\x{3000}\x{305D}\x{308C}\x{3059}\x{3089}\x{3001}\x{666E}\x{901A}\x{306E}\x{829D}\x{5C45}\x{3084}\x{5C0F}\x{8AAC}\x{3067}\x{306F}\x{4EBA}\x{60C5}\x{3092}"
          RenderRuby (inline) {ruby} at (0,0) size 17x16
            RenderRubyRun (anonymous) at (964,303) size 18x18
              RenderRubyText {rt} at (-10,0) size 10x18
                RenderText {#text} at (0,0) size 10x18
                  text run at (0,0) width 18: "\x{307E}\x{306C}"
              RenderRubyBase (anonymous) at (0,0) size 18x18
                RenderInline {rb} at (0,0) size 17x16
                  RenderText {#text} at (0,1) size 17x16
                    text run at (0,1) width 16: "\x{514D}"
          RenderText {#text} at (964,320) size 62x480
            text run at (964,320) width 160: "\x{304B}\x{308C}\x{306C}\x{3002}\x{82E6}\x{3057}\x{3093}\x{3060}\x{308A}\x{3001}"
            text run at (982,0) width 480: "\x{6012}\x{3063}\x{305F}\x{308A}\x{3001}\x{9A12}\x{3044}\x{3060}\x{308A}\x{3001}\x{6CE3}\x{3044}\x{305F}\x{308A}\x{3059}\x{308B}\x{3002}\x{898B}\x{308B}\x{3082}\x{306E}\x{3082}\x{3044}\x{3064}\x{304B}\x{305D}\x{306E}\x{4E2D}\x{306B}\x{540C}"
            text run at (1009,0) width 416: "\x{5316}\x{3057}\x{3066}\x{82E6}\x{3057}\x{3093}\x{3060}\x{308A}\x{3001}\x{6012}\x{3063}\x{305F}\x{308A}\x{3001}\x{9A12}\x{3044}\x{3060}\x{308A}\x{3001}\x{6CE3}\x{3044}\x{305F}\x{308A}\x{3059}\x{308B}\x{3002}"
          RenderRuby (inline) {ruby} at (0,0) size 17x32
            RenderRubyRun (anonymous) at (1009,416) size 18x32
              RenderRubyText {rt} at (-10,0) size 10x32
                RenderText {#text} at (0,2) size 10x28
                  text run at (0,2) width 27: "\x{3068}\x{308A}\x{3048}"
              RenderRubyBase (anonymous) at (0,0) size 18x32
                RenderInline {rb} at (0,0) size 17x32
                  RenderText {#text} at (0,0) size 17x32
                    text run at (0,0) width 32: "\x{53D6}\x{67C4}"
          RenderText {#text} at (1009,448) size 44x480
            text run at (1009,448) width 32: "\x{306F}\x{5229}"
            text run at (1036,0) width 32: "\x{617E}\x{304C}"
          RenderRuby (inline) {ruby} at (0,0) size 17x16
            RenderRubyRun (anonymous) at (1036,31) size 18x18
              RenderRubyText {rt} at (-10,0) size 10x18
                RenderText {#text} at (0,0) size 10x18
                  text run at (0,0) width 18: "\x{307E}\x{3058}"
              RenderRubyBase (anonymous) at (0,0) size 18x18
                RenderInline {rb} at (0,0) size 17x16
                  RenderText {#text} at (0,1) size 17x16
                    text run at (0,1) width 16: "\x{4EA4}"
          RenderText {#text} at (1036,48) size 17x112
            text run at (1036,48) width 112: "\x{3089}\x{306C}\x{3068}\x{4E91}\x{3046}\x{70B9}\x{306B}"
          RenderRuby (inline) {ruby} at (0,0) size 17x16
            RenderRubyRun (anonymous) at (1036,159) size 18x18
              RenderRubyText {rt} at (-10,0) size 10x18
                RenderText {#text} at (0,0) size 10x18
                  text run at (0,0) width 18: "\x{305D}\x{3093}"
              RenderRubyBase (anonymous) at (0,0) size 18x18
                RenderInline {rb} at (0,0) size 17x16
                  RenderText {#text} at (0,1) size 17x16
                    text run at (0,1) width 16: "\x{5B58}"
          RenderText {#text} at (1036,176) size 17x304
            text run at (1036,176) width 304: "\x{3059}\x{308B}\x{304B}\x{3082}\x{77E5}\x{308C}\x{306C}\x{304C}\x{3001}\x{4EA4}\x{3089}\x{306C}\x{3060}\x{3051}\x{306B}\x{305D}\x{306E}\x{4ED6}\x{306E}"
          RenderRuby (inline) {ruby} at (0,0) size 17x41
            RenderRubyRun (anonymous) at (1063,0) size 18x45
              RenderRubyText {rt} at (-10,0) size 10x45
                RenderText {#text} at (0,0) size 10x45
                  text run at (0,0) width 45: "\x{3058}\x{3087}\x{3046}\x{3057}\x{3087}"
              RenderRubyBase (anonymous) at (0,0) size 18x45
                RenderInline {rb} at (0,0) size 17x33
                  RenderText {#text} at (0,6) size 17x33
                    text run at (0,6) width 32: "\x{60C5}\x{7DD2}"
          RenderText {#text} at (1063,40) size 17x305
            text run at (1063,40) width 304: "\x{306F}\x{5E38}\x{3088}\x{308A}\x{306F}\x{4F59}\x{8A08}\x{306B}\x{6D3B}\x{52D5}\x{3059}\x{308B}\x{3060}\x{308D}\x{3046}\x{3002}\x{305D}\x{308C}\x{304C}"
          RenderRuby (inline) {ruby} at (0,0) size 17x17
            RenderRubyRun (anonymous) at (1063,343) size 18x19
              RenderRubyText {rt} at (-10,0) size 10x18
                RenderText {#text} at (0,0) size 10x18
                  text run at (0,0) width 18: "\x{3044}\x{3084}"
              RenderRubyBase (anonymous) at (0,0) size 18x18
                RenderInline {rb} at (0,0) size 17x16
                  RenderText {#text} at (0,1) size 17x16
                    text run at (0,1) width 16: "\x{5ACC}"
          RenderText {#text} at (1063,360) size 17x33
            text run at (1063,360) width 32: "\x{3060}\x{3002}"
          RenderBR {br} at (1063,392) size 17x1
          RenderText {#text} at (1081,0) size 44x480
            text run at (1081,0) width 480: "\x{3000}\x{82E6}\x{3057}\x{3093}\x{3060}\x{308A}\x{3001}\x{6012}\x{3063}\x{305F}\x{308A}\x{3001}\x{9A12}\x{3044}\x{3060}\x{308A}\x{3001}\x{6CE3}\x{3044}\x{305F}\x{308A}\x{306F}\x{4EBA}\x{306E}\x{4E16}\x{306B}\x{3064}\x{304D}\x{3082}\x{306E}"
            text run at (1108,0) width 192: "\x{3060}\x{3002}\x{4F59}\x{3082}\x{4E09}\x{5341}\x{5E74}\x{306E}\x{9593}\x{305D}\x{308C}\x{3092}"
          RenderRuby (inline) {ruby} at (0,0) size 17x32
            RenderRubyRun (anonymous) at (1108,192) size 18x32
              RenderRubyText {rt} at (-10,0) size 10x32
                RenderText {#text} at (0,2) size 10x28
                  text run at (0,2) width 27: "\x{3057}\x{3068}\x{304A}"
              RenderRubyBase (anonymous) at (0,0) size 18x32
                RenderInline {rb} at (0,0) size 17x32
                  RenderText {#text} at (0,0) size 17x32
                    text run at (0,0) width 32: "\x{4ED5}\x{901A}"
          RenderText {#text} at (1108,224) size 17x48
            text run at (1108,224) width 48: "\x{3057}\x{3066}\x{3001}"
          RenderRuby (inline) {ruby} at (0,0) size 17x32
            RenderRubyRun (anonymous) at (1108,270) size 18x36
              RenderRubyText {rt} at (-10,0) size 10x36
                RenderText {#text} at (0,0) size 10x36
                  text run at (0,0) width 36: "\x{3042}\x{304D}\x{3042}\x{304D}"
              RenderRubyBase (anonymous) at (0,0) size 18x36
                RenderInline {rb} at (0,0) size 17x32
                  RenderText {#text} at (0,2) size 17x32
                    text run at (0,2) width 32: "\x{98FD}\x{3005}"
          RenderText {#text} at (1108,304) size 17x48
            text run at (1108,304) width 48: "\x{3057}\x{305F}\x{3002}"
          RenderRuby (inline) {ruby} at (0,0) size 17x16
            RenderRubyRun (anonymous) at (1108,352) size 18x16
              RenderRubyText {rt} at (-10,0) size 10x16
                RenderText {#text} at (0,3) size 10x10
                  text run at (0,3) width 9: "\x{3042}"
              RenderRubyBase (anonymous) at (0,0) size 18x16
                RenderInline {rb} at (0,0) size 17x16
                  RenderText {#text} at (0,0) size 17x16
                    text run at (0,0) width 16: "\x{98FD}"
          RenderText {#text} at (1108,368) size 62x480
            text run at (1108,368) width 112: "\x{304D}\x{98FD}\x{304D}\x{3057}\x{305F}\x{4E0A}\x{306B}"
            text run at (1126,0) width 480: "\x{829D}\x{5C45}\x{3084}\x{5C0F}\x{8AAC}\x{3067}\x{540C}\x{3058}\x{523A}\x{6FC0}\x{3092}\x{7E70}\x{308A}\x{8FD4}\x{3057}\x{3066}\x{306F}\x{5927}\x{5909}\x{3060}\x{3002}\x{4F59}\x{304C}\x{6B32}\x{3059}\x{308B}\x{8A69}\x{306F}\x{305D}\x{3093}"
            text run at (1153,0) width 128: "\x{306A}\x{4E16}\x{9593}\x{7684}\x{306E}\x{4EBA}\x{60C5}\x{3092}"
          RenderRuby (inline) {ruby} at (0,0) size 17x32
            RenderRubyRun (anonymous) at (1153,128) size 18x32
              RenderRubyText {rt} at (-10,0) size 10x32
                RenderText {#text} at (0,7) size 10x18
                  text run at (0,7) width 18: "\x{3053}\x{3076}"
              RenderRubyBase (anonymous) at (0,0) size 18x32
                RenderInline {rb} at (0,0) size 17x32
                  RenderText {#text} at (0,0) size 17x32
                    text run at (0,0) width 32: "\x{9F13}\x{821E}"
          RenderText {#text} at (1153,160) size 44x480
            text run at (1153,160) width 320: "\x{3059}\x{308B}\x{3088}\x{3046}\x{306A}\x{3082}\x{306E}\x{3067}\x{306F}\x{306A}\x{3044}\x{3002}\x{4FD7}\x{5FF5}\x{3092}\x{653E}\x{68C4}\x{3057}\x{3066}\x{3001}"
            text run at (1180,0) width 96: "\x{3057}\x{3070}\x{3089}\x{304F}\x{3067}\x{3082}"
          RenderRuby (inline) {ruby} at (0,0) size 17x32
            RenderRubyRun (anonymous) at (1180,94) size 18x36
              RenderRubyText {rt} at (-10,0) size 10x36
                RenderText {#text} at (0,0) size 10x36
                  text run at (0,0) width 36: "\x{3058}\x{3093}\x{304B}\x{3044}"
              RenderRubyBase (anonymous) at (0,0) size 18x36
                RenderInline {rb} at (0,0) size 17x32
                  RenderText {#text} at (0,2) size 17x32
                    text run at (0,2) width 32: "\x{5875}\x{754C}"
          RenderText {#text} at (1180,128) size 80x480
            text run at (1180,128) width 352: "\x{3092}\x{96E2}\x{308C}\x{305F}\x{5FC3}\x{6301}\x{3061}\x{306B}\x{306A}\x{308C}\x{308B}\x{8A69}\x{3067}\x{3042}\x{308B}\x{3002}\x{3044}\x{304F}\x{3089}\x{5091}\x{4F5C}\x{3067}"
            text run at (1198,0) width 480: "\x{3082}\x{4EBA}\x{60C5}\x{3092}\x{96E2}\x{308C}\x{305F}\x{829D}\x{5C45}\x{306F}\x{306A}\x{3044}\x{3001}\x{7406}\x{975E}\x{3092}\x{7D76}\x{3057}\x{305F}\x{5C0F}\x{8AAC}\x{306F}\x{5C11}\x{304B}\x{308D}\x{3046}\x{3002}\x{3069}\x{3053}\x{307E}"
            text run at (1216,0) width 480: "\x{3067}\x{3082}\x{4E16}\x{9593}\x{3092}\x{51FA}\x{308B}\x{4E8B}\x{304C}\x{51FA}\x{6765}\x{306C}\x{306E}\x{304C}\x{5F7C}\x{3089}\x{306E}\x{7279}\x{8272}\x{3067}\x{3042}\x{308B}\x{3002}\x{3053}\x{3068}\x{306B}\x{897F}\x{6D0B}\x{306E}\x{8A69}"
            text run at (1243,0) width 304: "\x{306B}\x{306A}\x{308B}\x{3068}\x{3001}\x{4EBA}\x{4E8B}\x{304C}\x{6839}\x{672C}\x{306B}\x{306A}\x{308B}\x{304B}\x{3089}\x{3044}\x{308F}\x{3086}\x{308B}"
          RenderRuby (inline) {ruby} at (0,0) size 17x32
            RenderRubyRun (anonymous) at (1243,304) size 18x32
              RenderRubyText {rt} at (-10,0) size 10x32
                RenderText {#text} at (0,2) size 10x28
                  text run at (0,2) width 27: "\x{3057}\x{3044}\x{304B}"
              RenderRubyBase (anonymous) at (0,0) size 18x32
                RenderInline {rb} at (0,0) size 17x32
                  RenderText {#text} at (0,0) size 17x32
                    text run at (0,0) width 32: "\x{8A69}\x{6B4C}"
          RenderText {#text} at (1243,336) size 44x480
            text run at (1243,336) width 144: "\x{306E}\x{7D14}\x{7C8B}\x{306A}\x{308B}\x{3082}\x{306E}\x{3082}\x{3053}"
            text run at (1270,0) width 16: "\x{306E}"
          RenderRuby (inline) {ruby} at (0,0) size 17x18
            RenderRubyRun (anonymous) at (1270,11) size 18x28
              RenderRubyText {rt} at (-10,0) size 10x27
                RenderText {#text} at (0,0) size 10x27
                  text run at (0,0) width 27: "\x{304D}\x{3087}\x{3046}"
              RenderRubyBase (anonymous) at (0,0) size 18x27
                RenderInline {rb} at (0,0) size 17x17
                  RenderText {#text} at (0,5) size 17x17
                    text run at (0,5) width 16: "\x{5883}"
          RenderText {#text} at (1270,34) size 17x16
            text run at (1270,34) width 16: "\x{3092}"
          RenderRuby (inline) {ruby} at (0,0) size 17x32
            RenderRubyRun (anonymous) at (1270,50) size 18x32
              RenderRubyText {rt} at (-10,0) size 10x32
                RenderText {#text} at (0,2) size 10x28
                  text run at (0,2) width 27: "\x{3052}\x{3060}\x{3064}"
              RenderRubyBase (anonymous) at (0,0) size 18x32
                RenderInline {rb} at (0,0) size 17x32
                  RenderText {#text} at (0,0) size 17x32
                    text run at (0,0) width 32: "\x{89E3}\x{8131}"
          RenderText {#text} at (1270,82) size 44x482
            text run at (1270,82) width 400: "\x{3059}\x{308B}\x{4E8B}\x{3092}\x{77E5}\x{3089}\x{306C}\x{3002}\x{3069}\x{3053}\x{307E}\x{3067}\x{3082}\x{540C}\x{60C5}\x{3060}\x{3068}\x{304B}\x{3001}\x{611B}\x{3060}\x{3068}\x{304B}\x{3001}\x{6B63}"
            text run at (1297,0) width 176: "\x{7FA9}\x{3060}\x{3068}\x{304B}\x{3001}\x{81EA}\x{7531}\x{3060}\x{3068}\x{304B}\x{3001}"
          RenderRuby (inline) {ruby} at (0,0) size 17x32
            RenderRubyRun (anonymous) at (1297,176) size 18x32
              RenderRubyText {rt} at (-10,0) size 10x32
                RenderText {#text} at (0,2) size 10x28
                  text run at (0,2) width 27: "\x{3046}\x{304D}\x{3088}"
              RenderRubyBase (anonymous) at (0,0) size 18x32
                RenderInline {rb} at (0,0) size 17x32
                  RenderText {#text} at (0,0) size 17x32
                    text run at (0,0) width 32: "\x{6D6E}\x{4E16}"
          RenderText {#text} at (1297,208) size 17x16
            text run at (1297,208) width 16: "\x{306E}"
          RenderRuby (inline) {ruby} at (0,0) size 17x48
            RenderRubyRun (anonymous) at (1297,224) size 18x48
              RenderRubyText {rt} at (-10,0) size 10x48
                RenderText {#text} at (0,1) size 10x46
                  text run at (0,1) width 45: "\x{304B}\x{3093}\x{3053}\x{3046}\x{3070}"
              RenderRubyBase (anonymous) at (0,0) size 18x48
                RenderInline {rb} at (0,0) size 17x48
                  RenderText {#text} at (0,0) size 17x48
                    text run at (0,0) width 48: "\x{52E7}\x{5DE5}\x{5834}"
          RenderText {#text} at (1297,272) size 17x160
            text run at (1297,272) width 160: "\x{306B}\x{3042}\x{308B}\x{3082}\x{306E}\x{3060}\x{3051}\x{3067}\x{7528}\x{3092}"
          RenderRuby (inline) {ruby} at (0,0) size 17x16
            RenderRubyRun (anonymous) at (1297,431) size 18x18
              RenderRubyText {rt} at (-10,0) size 10x18
                RenderText {#text} at (0,0) size 10x18
                  text run at (0,0) width 18: "\x{3079}\x{3093}"
              RenderRubyBase (anonymous) at (0,0) size 18x18
                RenderInline {rb} at (0,0) size 17x16
                  RenderText {#text} at (0,1) size 17x16
                    text run at (0,1) width 16: "\x{5F01}"
          RenderText {#text} at (1297,448) size 44x480
            text run at (1297,448) width 32: "\x{3058}\x{3066}"
            text run at (1324,0) width 288: "\x{3044}\x{308B}\x{3002}\x{3044}\x{304F}\x{3089}\x{8A69}\x{7684}\x{306B}\x{306A}\x{3063}\x{3066}\x{3082}\x{5730}\x{9762}\x{306E}\x{4E0A}\x{3092}"
          RenderRuby (inline) {ruby} at (0,0) size 17x16
            RenderRubyRun (anonymous) at (1324,288) size 18x16
              RenderRubyText {rt} at (-10,0) size 10x16
                RenderText {#text} at (0,3) size 10x10
                  text run at (0,3) width 9: "\x{304B}"
              RenderRubyBase (anonymous) at (0,0) size 18x16
                RenderInline {rb} at (0,0) size 17x16
                  RenderText {#text} at (0,0) size 17x16
                    text run at (0,0) width 16: "\x{99B3}"
          RenderText {#text} at (1324,304) size 17x112
            text run at (1324,304) width 112: "\x{3051}\x{3066}\x{3042}\x{308B}\x{3044}\x{3066}\x{3001}"
          RenderRuby (inline) {ruby} at (0,0) size 17x16
            RenderRubyRun (anonymous) at (1324,415) size 18x18
              RenderRubyText {rt} at (-10,0) size 10x18
                RenderText {#text} at (0,0) size 10x18
                  text run at (0,0) width 18: "\x{305C}\x{306B}"
              RenderRubyBase (anonymous) at (0,0) size 18x18
                RenderInline {rb} at (0,0) size 17x16
                  RenderText {#text} at (0,1) size 17x16
                    text run at (0,1) width 16: "\x{92AD}"
          RenderText {#text} at (1324,432) size 44x480
            text run at (1324,432) width 48: "\x{306E}\x{52D8}\x{5B9A}"
            text run at (1351,0) width 240: "\x{3092}\x{5FD8}\x{308C}\x{308B}\x{3072}\x{307E}\x{304C}\x{306A}\x{3044}\x{3002}\x{30B7}\x{30A7}\x{30EC}\x{30FC}\x{304C}"
          RenderRuby (inline) {ruby} at (0,0) size 17x32
            RenderRubyRun (anonymous) at (1351,240) size 18x32
              RenderRubyText {rt} at (-10,0) size 10x32
                RenderText {#text} at (0,2) size 10x28
                  text run at (0,2) width 27: "\x{3072}\x{3070}\x{308A}"
              RenderRubyBase (anonymous) at (0,0) size 18x32
                RenderInline {rb} at (0,0) size 17x32
                  RenderText {#text} at (0,0) size 17x32
                    text run at (0,0) width 32: "\x{96F2}\x{96C0}"
          RenderText {#text} at (1351,272) size 35x480
            text run at (1351,272) width 208: "\x{3092}\x{805E}\x{3044}\x{3066}\x{5606}\x{606F}\x{3057}\x{305F}\x{306E}\x{3082}\x{7121}\x{7406}\x{306F}"
            text run at (1369,0) width 48: "\x{306A}\x{3044}\x{3002}"
          RenderBR {br} at (1369,48) size 17x0
          RenderText {#text} at (1396,0) size 17x160
            text run at (1396,0) width 160: "\x{3000}\x{3046}\x{308C}\x{3057}\x{3044}\x{4E8B}\x{306B}\x{6771}\x{6D0B}\x{306E}"
          RenderRuby (inline) {ruby} at (0,0) size 17x32
            RenderRubyRun (anonymous) at (1396,160) size 18x32
              RenderRubyText {rt} at (-10,0) size 10x32
                RenderText {#text} at (0,2) size 10x28
                  text run at (0,2) width 27: "\x{3057}\x{3044}\x{304B}"
              RenderRubyBase (anonymous) at (0,0) size 18x32
                RenderInline {rb} at (0,0) size 17x32
                  RenderText {#text} at (0,0) size 17x32
                    text run at (0,0) width 32: "\x{8A69}\x{6B4C}"
          RenderText {#text} at (1396,192) size 17x64
            text run at (1396,192) width 64: "\x{306F}\x{305D}\x{3053}\x{3092}"
          RenderRuby (inline) {ruby} at (0,0) size 17x32
            RenderRubyRun (anonymous) at (1396,256) size 18x32
              RenderRubyText {rt} at (-10,0) size 10x32
                RenderText {#text} at (0,2) size 10x28
                  text run at (0,2) width 27: "\x{3052}\x{3060}\x{3064}"
              RenderRubyBase (anonymous) at (0,0) size 18x32
                RenderInline {rb} at (0,0) size 17x32
                  RenderText {#text} at (0,0) size 17x32
                    text run at (0,0) width 32: "\x{89E3}\x{8131}"
          RenderText {#text} at (1396,288) size 17x112
            text run at (1396,288) width 112: "\x{3057}\x{305F}\x{306E}\x{304C}\x{3042}\x{308B}\x{3002}"
          RenderRuby (inline) {ruby} at (0,0) size 17x41
            RenderRubyRun (anonymous) at (1396,395) size 18x46
              RenderRubyText {rt} at (-10,0) size 10x45
                RenderText {#text} at (0,0) size 10x45
                  text run at (0,0) width 45: "\x{304D}\x{304F}\x{3092}\x{3068}\x{308B}"
              RenderRubyBase (anonymous) at (0,0) size 18x45
                RenderInline {rb} at (0,0) size 17x33
                  RenderText {#text} at (0,6) size 17x33
                    text run at (0,6) width 32: "\x{63A1}\x{83CA}"
          RenderRuby (inline) {ruby} at (0,0) size 17x51
            RenderRubyRun (anonymous) at (1423,0) size 18x54
              RenderRubyText {rt} at (-10,0) size 10x54
                RenderText {#text} at (0,0) size 10x54
                  text run at (0,0) width 54: "\x{3068}\x{3046}\x{308A}\x{306E}\x{3082}\x{3068}"
              RenderRubyBase (anonymous) at (0,0) size 18x54
                RenderInline {rb} at (0,0) size 17x48
                  RenderText {#text} at (0,3) size 17x48
                    text run at (0,3) width 48: "\x{6771}\x{7C6C}\x{4E0B}"
          RenderText {#text} at (1423,51) size 17x16
            text run at (1423,51) width 16: "\x{3001}"
          RenderRuby (inline) {ruby} at (0,0) size 17x59
            RenderRubyRun (anonymous) at (1423,62) size 18x64
              RenderRubyText {rt} at (-10,0) size 10x63
                RenderText {#text} at (0,0) size 10x63
                  text run at (0,0) width 63: "\x{3086}\x{3046}\x{305C}\x{3093}\x{3068}\x{3057}\x{3066}"
              RenderRubyBase (anonymous) at (0,0) size 18x63
                RenderInline {rb} at (0,0) size 17x33
                  RenderText {#text} at (0,15) size 17x33
                    text run at (0,15) width 32: "\x{60A0}\x{7136}"
          RenderRuby (inline) {ruby} at (0,0) size 17x59
            RenderRubyRun (anonymous) at (1423,125) size 18x64
              RenderRubyText {rt} at (-10,0) size 10x63
                RenderText {#text} at (0,0) size 10x63
                  text run at (0,0) width 63: "\x{306A}\x{3093}\x{3056}\x{3093}\x{3092}\x{307F}\x{308B}"
              RenderRubyBase (anonymous) at (0,0) size 18x63
                RenderInline {rb} at (0,0) size 17x49
                  RenderText {#text} at (0,7) size 17x49
                    text run at (0,7) width 48: "\x{898B}\x{5357}\x{5C71}"
          RenderText {#text} at (1423,184) size 17x128
            text run at (1423,184) width 128: "\x{3002}\x{305F}\x{3060}\x{305D}\x{308C}\x{304E}\x{308A}\x{306E}"
          RenderRuby (inline) {ruby} at (0,0) size 17x16
            RenderRubyRun (anonymous) at (1423,311) size 18x18
              RenderRubyText {rt} at (-10,0) size 10x18
                RenderText {#text} at (0,0) size 10x18
                  text run at (0,0) width 18: "\x{3046}\x{3061}"
              RenderRubyBase (anonymous) at (0,0) size 18x18
                RenderInline {rb} at (0,0) size 17x16
                  RenderText {#text} at (0,1) size 17x16
                    text run at (0,1) width 16: "\x{88CF}"
          RenderText {#text} at (1423,328) size 44x472
            text run at (1423,328) width 144: "\x{306B}\x{6691}\x{82E6}\x{3057}\x{3044}\x{4E16}\x{306E}\x{4E2D}\x{3092}"
            text run at (1450,0) width 384: "\x{307E}\x{308B}\x{3067}\x{5FD8}\x{308C}\x{305F}\x{5149}\x{666F}\x{304C}\x{51FA}\x{3066}\x{304F}\x{308B}\x{3002}\x{57A3}\x{306E}\x{5411}\x{3046}\x{306B}\x{96A3}\x{308A}\x{306E}\x{5A18}\x{304C}"
          RenderRuby (inline) {ruby} at (0,0) size 17x16
            RenderRubyRun (anonymous) at (1450,383) size 18x18
              RenderRubyText {rt} at (-10,0) size 10x18
                RenderText {#text} at (0,0) size 10x18
                  text run at (0,0) width 18: "\x{306E}\x{305E}"
              RenderRubyBase (anonymous) at (0,0) size 18x18
                RenderInline {rb} at (0,0) size 17x16
                  RenderText {#text} at (0,1) size 17x16
                    text run at (0,1) width 16: "\x{8997}"
          RenderText {#text} at (1450,400) size 44x480
            text run at (1450,400) width 80: "\x{3044}\x{3066}\x{308B}\x{8A33}\x{3067}"
            text run at (1477,0) width 96: "\x{3082}\x{306A}\x{3051}\x{308C}\x{3070}\x{3001}"
          RenderRuby (inline) {ruby} at (0,0) size 17x32
            RenderRubyRun (anonymous) at (1477,94) size 18x36
              RenderRubyText {rt} at (-10,0) size 10x36
                RenderText {#text} at (0,0) size 10x36
                  text run at (0,0) width 36: "\x{306A}\x{3093}\x{3056}\x{3093}"
              RenderRubyBase (anonymous) at (0,0) size 18x36
                RenderInline {rb} at (0,0) size 17x32
                  RenderText {#text} at (0,2) size 17x32
                    text run at (0,2) width 32: "\x{5357}\x{5C71}"
          RenderText {#text} at (1477,128) size 17x320
            text run at (1477,128) width 320: "\x{306B}\x{89AA}\x{53CB}\x{304C}\x{5949}\x{8077}\x{3057}\x{3066}\x{3044}\x{308B}\x{6B21}\x{7B2C}\x{3067}\x{3082}\x{306A}\x{3044}\x{3002}\x{8D85}\x{7136}\x{3068}"
          RenderRuby (inline) {ruby} at (0,0) size 17x68
            RenderRubyRun (anonymous) at (1504,0) size 18x72
              RenderRubyText {rt} at (-10,0) size 10x72
                RenderText {#text} at (0,0) size 10x72
                  text run at (0,0) width 72: "\x{3057}\x{3085}\x{3063}\x{305B}\x{3051}\x{3093}\x{3066}\x{304D}"
              RenderRubyBase (anonymous) at (0,0) size 18x72
                RenderInline {rb} at (0,0) size 17x64
                  RenderText {#text} at (0,4) size 17x64
                    text run at (0,4) width 64: "\x{51FA}\x{4E16}\x{9593}\x{7684}"
          RenderText {#text} at (1504,68) size 17x336
            text run at (1504,68) width 336: "\x{306B}\x{5229}\x{5BB3}\x{640D}\x{5F97}\x{306E}\x{6C57}\x{3092}\x{6D41}\x{3057}\x{53BB}\x{3063}\x{305F}\x{5FC3}\x{6301}\x{3061}\x{306B}\x{306A}\x{308C}\x{308B}\x{3002}"
          RenderRuby (inline) {ruby} at (0,0) size 17x23
            RenderRubyRun (anonymous) at (1504,399) size 18x28
              RenderRubyText {rt} at (-10,0) size 10x27
                RenderText {#text} at (0,0) size 10x27
                  text run at (0,0) width 27: "\x{3072}\x{3068}\x{308A}"
              RenderRubyBase (anonymous) at (0,0) size 18x27
                RenderInline {rb} at (0,0) size 17x17
                  RenderText {#text} at (0,5) size 17x17
                    text run at (0,5) width 16: "\x{72EC}"
          RenderRuby (inline) {ruby} at (0,0) size 17x86
            RenderRubyRun (anonymous) at (1531,0) size 18x90
              RenderRubyText {rt} at (-10,0) size 10x90
                RenderText {#text} at (0,0) size 10x90
                  text run at (0,0) width 90: "\x{3086}\x{3046}\x{3053}\x{3046}\x{306E}\x{3046}\x{3061}\x{306B}\x{3056}\x{3057}"
              RenderRubyBase (anonymous) at (0,0) size 18x90
                RenderInline {rb} at (0,0) size 17x64
                  RenderText {#text} at (0,13) size 17x64
                    text run at (0,13) width 64: "\x{5750}\x{5E7D}\x{7BC1}\x{88CF}"
          RenderText {#text} at (1531,85) size 17x17
            text run at (1531,85) width 16: "\x{3001}"
          RenderRuby (inline) {ruby} at (0,0) size 17x59
            RenderRubyRun (anonymous) at (1531,97) size 18x63
              RenderRubyText {rt} at (-10,0) size 10x63
                RenderText {#text} at (0,0) size 10x63
                  text run at (0,0) width 63: "\x{304D}\x{3093}\x{3092}\x{3060}\x{3093}\x{3058}\x{3066}"
              RenderRubyBase (anonymous) at (0,0) size 18x63
                RenderInline {rb} at (0,0) size 17x33
                  RenderText {#text} at (0,15) size 17x33
                    text run at (0,15) width 32: "\x{5F3E}\x{7434}"
          RenderRuby (inline) {ruby} at (0,0) size 17x77
            RenderRubyRun (anonymous) at (1531,160) size 18x81
              RenderRubyText {rt} at (-10,0) size 10x81
                RenderText {#text} at (0,0) size 10x81
                  text run at (0,0) width 81: "\x{307E}\x{305F}\x{3061}\x{3087}\x{3046}\x{3057}\x{3087}\x{3046}\x{3059}"
              RenderRubyBase (anonymous) at (0,0) size 18x81
                RenderInline {rb} at (0,0) size 17x49
                  RenderText {#text} at (0,16) size 17x49
                    text run at (0,16) width 48: "\x{5FA9}\x{9577}\x{562F}"
          RenderText {#text} at (1531,236) size 17x17
            text run at (1531,236) width 16: "\x{3001}"
          RenderRuby (inline) {ruby} at (0,0) size 17x35
            RenderRubyRun (anonymous) at (1531,250) size 18x37
              RenderRubyText {rt} at (-10,0) size 10x36
                RenderText {#text} at (0,0) size 10x36
                  text run at (0,0) width 36: "\x{3057}\x{3093}\x{308A}\x{3093}"
              RenderRubyBase (anonymous) at (0,0) size 18x36
                RenderInline {rb} at (0,0) size 17x32
                  RenderText {#text} at (0,2) size 17x32
                    text run at (0,2) width 32: "\x{6DF1}\x{6797}"
          RenderRuby (inline) {ruby} at (0,0) size 17x49
            RenderRubyRun (anonymous) at (1531,286) size 18x49
              RenderRubyText {rt} at (-10,0) size 10x48
                RenderText {#text} at (0,1) size 10x46
                  text run at (0,1) width 45: "\x{3072}\x{3068}\x{3057}\x{3089}\x{305A}"
              RenderRubyBase (anonymous) at (0,0) size 18x48
                RenderInline {rb} at (0,0) size 17x48
                  RenderText {#text} at (0,0) size 17x48
                    text run at (0,0) width 48: "\x{4EBA}\x{4E0D}\x{77E5}"
          RenderText {#text} at (1531,334) size 17x17
            text run at (1531,334) width 16: "\x{3001}"
          RenderRuby (inline) {ruby} at (0,0) size 17x68
            RenderRubyRun (anonymous) at (1531,346) size 18x72
              RenderRubyText {rt} at (-10,0) size 10x72
                RenderText {#text} at (0,0) size 10x72
                  text run at (0,0) width 72: "\x{3081}\x{3044}\x{3052}\x{3064}\x{304D}\x{305F}\x{308A}\x{3066}"
              RenderRubyBase (anonymous) at (0,0) size 18x72
                RenderInline {rb} at (0,0) size 17x48
                  RenderText {#text} at (0,12) size 17x48
                    text run at (0,12) width 48: "\x{660E}\x{6708}\x{6765}"
          RenderRuby (inline) {ruby} at (0,0) size 17x41
            RenderRubyRun (anonymous) at (1531,418) size 18x45
              RenderRubyText {rt} at (-10,0) size 10x45
                RenderText {#text} at (0,0) size 10x45
                  text run at (0,0) width 45: "\x{3042}\x{3044}\x{3066}\x{3089}\x{3059}"
              RenderRubyBase (anonymous) at (0,0) size 18x45
                RenderInline {rb} at (0,0) size 17x33
                  RenderText {#text} at (0,6) size 17x33
                    text run at (0,6) width 32: "\x{76F8}\x{7167}"
          RenderText {#text} at (1531,458) size 44x475
            text run at (1531,458) width 16: "\x{3002}"
            text run at (1558,0) width 144: "\x{305F}\x{3060}\x{4E8C}\x{5341}\x{5B57}\x{306E}\x{3046}\x{3061}\x{306B}"
          RenderRuby (inline) {ruby} at (0,0) size 17x16
            RenderRubyRun (anonymous) at (1558,143) size 18x18
              RenderRubyText {rt} at (-10,0) size 10x18
                RenderText {#text} at (0,0) size 10x18
                  text run at (0,0) width 18: "\x{3086}\x{3046}"
              RenderRubyBase (anonymous) at (0,0) size 18x18
                RenderInline {rb} at (0,0) size 17x16
                  RenderText {#text} at (0,1) size 17x16
                    text run at (0,1) width 16: "\x{512A}"
          RenderText {#text} at (1558,160) size 17x16
            text run at (1558,160) width 16: "\x{306B}"
          RenderRuby (inline) {ruby} at (0,0) size 17x48
            RenderRubyRun (anonymous) at (1558,173) size 18x54
              RenderRubyText {rt} at (-10,0) size 10x54
                RenderText {#text} at (0,0) size 10x54
                  text run at (0,0) width 54: "\x{3079}\x{3064}\x{3051}\x{3093}\x{3053}\x{3093}"
              RenderRubyBase (anonymous) at (0,0) size 18x54
                RenderInline {rb} at (0,0) size 17x48
                  RenderText {#text} at (0,3) size 17x48
                    text run at (0,3) width 48: "\x{5225}\x{4E7E}\x{5764}"
          RenderText {#text} at (1558,224) size 17x16
            text run at (1558,224) width 16: "\x{3092}"
          RenderRuby (inline) {ruby} at (0,0) size 17x36
            RenderRubyRun (anonymous) at (1558,235) size 18x46
              RenderRubyText {rt} at (-10,0) size 10x45
                RenderText {#text} at (0,0) size 10x45
                  text run at (0,0) width 45: "\x{3053}\x{3093}\x{308A}\x{3085}\x{3046}"
              RenderRubyBase (anonymous) at (0,0) size 18x45
                RenderInline {rb} at (0,0) size 17x33
                  RenderText {#text} at (0,6) size 17x33
                    text run at (0,6) width 32: "\x{5EFA}\x{7ACB}"
          RenderText {#text} at (1558,276) size 17x160
            text run at (1558,276) width 160: "\x{3057}\x{3066}\x{3044}\x{308B}\x{3002}\x{3053}\x{306E}\x{4E7E}\x{5764}\x{306E}"
          RenderRuby (inline) {ruby} at (0,0) size 17x32
            RenderRubyRun (anonymous) at (1558,436) size 18x32
              RenderRubyText {rt} at (-10,0) size 10x32
                RenderText {#text} at (0,2) size 10x28
                  text run at (0,2) width 27: "\x{304F}\x{3069}\x{304F}"
              RenderRubyBase (anonymous) at (0,0) size 18x32
                RenderInline {rb} at (0,0) size 17x32
                  RenderText {#text} at (0,0) size 17x32
                    text run at (0,0) width 32: "\x{529F}\x{5FB3}"
          RenderText {#text} at (1558,468) size 44x484
            text run at (1558,468) width 16: "\x{306F}"
            text run at (1585,0) width 16: "\x{300C}"
          RenderRuby (inline) {ruby} at (0,0) size 17x48
            RenderRubyRun (anonymous) at (1585,16) size 18x48
              RenderRubyText {rt} at (-10,0) size 10x48
                RenderText {#text} at (0,1) size 10x46
                  text run at (0,1) width 45: "\x{307B}\x{3068}\x{3068}\x{304E}\x{3059}"
              RenderRubyBase (anonymous) at (0,0) size 18x48
                RenderInline {rb} at (0,0) size 17x48
                  RenderText {#text} at (0,0) size 17x48
                    text run at (0,0) width 48: "\x{4E0D}\x{5982}\x{5E30}"
          RenderText {#text} at (1585,64) size 17x48
            text run at (1585,64) width 48: "\x{300D}\x{3084}\x{300C}"
          RenderRuby (inline) {ruby} at (0,0) size 17x64
            RenderRubyRun (anonymous) at (1585,112) size 18x64
              RenderRubyText {rt} at (-10,0) size 10x64
                RenderText {#text} at (0,0) size 10x64
                  text run at (0,0) width 63: "\x{3053}\x{3093}\x{3058}\x{304D}\x{3084}\x{3057}\x{3083}"
              RenderRubyBase (anonymous) at (0,0) size 18x64
                RenderInline {rb} at (0,0) size 17x64
                  RenderText {#text} at (0,0) size 17x64
                    text run at (0,0) width 64: "\x{91D1}\x{8272}\x{591C}\x{53C9}"
          RenderText {#text} at (1585,176) size 44x480
            text run at (1585,176) width 304: "\x{300D}\x{306E}\x{529F}\x{5FB3}\x{3067}\x{306F}\x{306A}\x{3044}\x{3002}\x{6C7D}\x{8239}\x{3001}\x{6C7D}\x{8ECA}\x{3001}\x{6A29}\x{5229}\x{3001}\x{7FA9}"
            text run at (1612,0) width 208: "\x{52D9}\x{3001}\x{9053}\x{5FB3}\x{3001}\x{793C}\x{7FA9}\x{3067}\x{75B2}\x{308C}\x{679C}\x{3066}\x{305F}"
          RenderRuby (inline) {ruby} at (0,0) size 17x16
            RenderRubyRun (anonymous) at (1612,207) size 18x18
              RenderRubyText {rt} at (-10,0) size 10x18
                RenderText {#text} at (0,0) size 10x18
                  text run at (0,0) width 18: "\x{306E}\x{3061}"
              RenderRubyBase (anonymous) at (0,0) size 18x18
                RenderInline {rb} at (0,0) size 17x16
                  RenderText {#text} at (0,1) size 17x16
                    text run at (0,1) width 16: "\x{5F8C}"
          RenderText {#text} at (1612,224) size 35x480
            text run at (1612,224) width 256: "\x{306B}\x{3001}\x{3059}\x{3079}\x{3066}\x{3092}\x{5FD8}\x{5374}\x{3057}\x{3066}\x{3050}\x{3063}\x{3059}\x{308A}\x{5BDD}\x{8FBC}"
            text run at (1630,0) width 160: "\x{3080}\x{3088}\x{3046}\x{306A}\x{529F}\x{5FB3}\x{3067}\x{3042}\x{308B}\x{3002}"
          RenderBR {br} at (1630,160) size 17x0
