layer at (0,0) size 785x704
  RenderView at (0,0) size 785x600
layer at (0,0) size 785x704
  RenderBlock {HTML} at (0,0) size 785x704
    RenderBody {BODY} at (8,8) size 769x688
      RenderBlock {P} at (0,0) size 769x72
        RenderText {#text} at (0,0) size 751x35
          text run at (0,0) width 358: "This test shows the following bugs with text-orientation. "
          text run at (358,0) width 393: "The far right test mis-renders differently in both the simple and"
          text run at (0,18) width 389: "complex text paths. The simple text path mis-renders because "
        RenderInline {TT} at (0,0) size 304x15
          RenderText {#text} at (389,21) size 304x15
            text run at (389,21) width 304: "CTFontGetVerticalTranslationsForGlyphs"
        RenderText {#text} at (693,18) size 757x53
          text run at (693,18) width 47: " returns"
          text run at (0,36) width 434: "incorrect values for horizontal glyphs that have vertical counterparts. "
          text run at (434,36) width 323: "The complex text code path mis-renders because of"
          text run at (0,54) width 102: "API deficiency. "
          text run at (101,54) width 603: "There is no way to tell CoreText to use upright horizontal glyphs when rendering a vertical line."
      RenderBlock {DIV} at (0,88) size 170x600
        RenderBlock {DIV} at (0,0) size 170x175 [border: (1px solid #008000)]
          RenderInline {SPAN} at (0,0) size 40x173
            RenderText {#text} at (1,1) size 40x173
              text run at (1,1) width 173: "Hello world"
          RenderBR {BR} at (2,174) size 40x0
          RenderInline {SPAN} at (0,0) size 40x173
            RenderText {#text} at (43,1) size 40x173
              text run at (43,1) width 173: "Hello world"
          RenderBR {BR} at (44,174) size 40x0
          RenderInline {SPAN} at (0,0) size 40x173
            RenderText {#text} at (85,1) size 40x173
              text run at (85,1) width 173: "Hello world"
          RenderBR {BR} at (86,174) size 40x0
          RenderInline {SPAN} at (0,0) size 40x173
            RenderText {#text} at (127,1) size 40x173
              text run at (127,1) width 173: "Hello world"
          RenderBR {BR} at (128,174) size 40x0
        RenderText {#text} at (127,175) size 40x9
          text run at (127,175) width 9: " "
        RenderBlock {DIV} at (0,184) size 170x175 [border: (1px solid #008000)]
          RenderInline {SPAN} at (0,0) size 40x173
            RenderText {#text} at (1,1) size 40x173
              text run at (1,1) width 173: "Hello world"
          RenderBR {BR} at (2,174) size 40x0
          RenderInline {SPAN} at (0,0) size 40x173
            RenderText {#text} at (43,1) size 40x173
              text run at (43,1) width 173: "Hello world"
          RenderBR {BR} at (44,174) size 40x0
          RenderInline {SPAN} at (0,0) size 40x173
            RenderText {#text} at (85,1) size 40x173
              text run at (85,1) width 173: "Hello world"
          RenderBR {BR} at (86,174) size 40x0
          RenderInline {SPAN} at (0,0) size 40x173
            RenderText {#text} at (127,1) size 40x173
              text run at (127,1) width 173: "Hello world"
          RenderBR {BR} at (128,174) size 40x0
        RenderText {#text} at (0,0) size 0x0
