layer at (0,0) size 785x646
  RenderView at (0,0) size 785x600
layer at (0,0) size 785x646
  RenderBlock {HTML} at (0,0) size 785x646
    RenderBody {BODY} at (8,16) size 769x622
      RenderBlock {P} at (0,0) size 769x38
        RenderText {#text} at (0,1) size 768x36
          text run at (0,1) width 768: "Test that when we have images sprinkled within a span, borders, paddings and margins are still"
          text run at (0,20) width 168: "calculated correctly ."
      RenderBlock {DIV} at (0,54) size 212x284 [border: (1px solid #000000)]
        RenderBlock {P} at (6,22) size 200x160
          RenderText {#text} at (0,7) size 189x49
            text run at (0,7) width 189: "aaa bbb ccc ddd eee fff"
            text run at (0,39) width 106 RTL: "\x{5DC}\x{5DE}\x{5D4} \x{5E2}\x{5E9}\x{5D9}\x{5EA}\x{5D9} \x{5D6}\x{5D0}\x{5EA}"
            text run at (105,39) width 6: " "
            text run at (110,39) width 22: "gg"
          RenderInline {SPAN} at (0,0) size 140x50 [border: (1px solid #0000FF) (10px solid #FFA500) (1px solid #0000FF) (10px solid #008000)]
            RenderText {#text} at (0,71) size 50x17
              text run at (0,71) width 50: "dgnjk "
            RenderImage {IMG} at (49,79) size 7x6 [border: (1px solid #0000FF)]
            RenderText {#text} at (55,71) size 50x17
              text run at (55,71) width 50: "njkng "
          RenderText {#text} at (149,71) size 190x81
            text run at (149,71) width 40 RTL: "\x{5D6}\x{5D0}\x{5EA} \x{2013}"
            text run at (0,103) width 100 RTL: "\x{5D0}\x{5D9}\x{5E0}\x{5D9} \x{5D9}\x{5D5}\x{5D3}\x{5E2} \x{5D1}\x{5E2}\x{5E6}\x{5DE}"
            text run at (99,103) width 91: " qqq rrr sss"
            text run at (0,135) width 88: "ttt uuu vvv"
        RenderBlock {P} at (6,198) size 200x64
          RenderInline {SPAN} at (0,0) size 152x51 [border: (1px solid #0000FF) (10px solid #FFA500) (1px solid #0000FF) (10px solid #008000)]
            RenderText {#text} at (45,7) size 107x17
              text run at (45,7) width 107: "Some fill text"
            RenderImage {IMG} at (0,49) size 4x4
      RenderBlock {DIV} at (0,338) size 212x284 [border: (1px solid #000000)]
        RenderBlock {P} at (6,22) size 200x160
          RenderText {#text} at (11,7) size 189x49
            text run at (11,7) width 189: "aaa bbb ccc ddd eee fff"
            text run at (23,39) width 22: "gg"
            text run at (44,39) width 111 RTL: "\x{5DC}\x{5DE}\x{5D4} \x{5E2}\x{5E9}\x{5D9}\x{5EA}\x{5D9} \x{5D6}\x{5D0}\x{5EA} "
          RenderInline {SPAN} at (0,0) size 156x50 [border: (1px solid #0000FF) (10px solid #FFA500) (1px solid #0000FF) (10px solid #008000)]
            RenderText {#text} at (100,71) size 50x17
              text run at (100,71) width 50: "dgnjk "
            RenderImage {IMG} at (149,79) size 7x6 [border: (1px solid #0000FF)]
            RenderText {#text} at (95,71) size 105x17
              text run at (95,71) width 6 RTL: " "
              text run at (155,71) width 45: "njkng"
          RenderText {#text} at (11,71) size 190x81
            text run at (11,71) width 40 RTL: "\x{5D6}\x{5D0}\x{5EA} \x{2013}"
            text run at (10,103) width 86: "qqq rrr sss"
            text run at (95,103) width 105 RTL: "\x{5D0}\x{5D9}\x{5E0}\x{5D9} \x{5D9}\x{5D5}\x{5D3}\x{5E2} \x{5D1}\x{5E2}\x{5E6}\x{5DE} "
            text run at (112,135) width 88: "ttt uuu vvv"
        RenderBlock {P} at (6,198) size 200x64
          RenderInline {SPAN} at (0,0) size 152x51 [border: (1px solid #0000FF) (10px solid #FFA500) (1px solid #0000FF) (10px solid #008000)]
            RenderText {#text} at (48,7) size 107x17
              text run at (48,7) width 107: "Some fill text"
            RenderImage {IMG} at (196,49) size 4x4
