layer at (0,0) size 800x600
  RenderView at (0,0) size 800x600
layer at (0,0) size 800x600
  RenderBlock {HTML} at (0,0) size 800x600
    RenderBody {BODY} at (8,8) size 784x584
      RenderBlock {P} at (0,0) size 784x20
        RenderText {#text} at (0,0) size 51x19
          text run at (0,0) width 51: "Test for "
        RenderInline {I} at (0,0) size 664x19
          RenderInline {A} at (0,0) size 350x19 [color=#0000EE]
            RenderText {#text} at (51,0) size 350x19
              text run at (51,0) width 350: "http://bugzilla.opendarwin.org/show_bug.cgi?id=7761"
          RenderText {#text} at (401,0) size 314x19
            text run at (401,0) width 314: " Tabs in class attribute not treated as whitespace"
        RenderText {#text} at (715,0) size 4x19
          text run at (715,0) width 4: "."
      RenderBlock {P} at (0,36) size 784x20
        RenderText {#text} at (0,0) size 215x19
          text run at (0,0) width 215: "All of the following should be green:"
      RenderBlock {DIV} at (0,72) size 784x20 [color=#008000]
        RenderText {#text} at (0,0) size 55x19
          text run at (0,0) width 55: "Tab after"
      RenderBlock {DIV} at (0,92) size 784x20 [color=#008000]
        RenderText {#text} at (0,0) size 67x19
          text run at (0,0) width 67: "Tab before"
      RenderBlock {DIV} at (0,112) size 784x20 [color=#008000]
        RenderText {#text} at (0,0) size 81x19
          text run at (0,0) width 81: "Newline after"
      RenderBlock {DIV} at (0,132) size 784x20 [color=#008000]
        RenderText {#text} at (0,0) size 93x19
          text run at (0,0) width 93: "Newline before"
      RenderBlock {DIV} at (0,152) size 784x20 [color=#008000]
        RenderText {#text} at (0,0) size 75x19
          text run at (0,0) width 75: "Spaces after"
      RenderBlock {DIV} at (0,172) size 784x20 [color=#008000]
        RenderText {#text} at (0,0) size 87x19
          text run at (0,0) width 87: "Spaces before"
      RenderBlock {DIV} at (0,192) size 784x20 [color=#008000]
        RenderText {#text} at (0,0) size 52x19
          text run at (0,0) width 52: "CR after"
      RenderBlock {DIV} at (0,212) size 784x20 [color=#008000]
        RenderText {#text} at (0,0) size 64x19
          text run at (0,0) width 64: "CR before"
