layer at (0,0) size 800x600
  RenderView at (0,0) size 800x600
layer at (0,0) size 800x600
  RenderBlock {HTML} at (0,0) size 800x600
    RenderBody {BODY} at (8,8) size 784x576
      RenderBlock {P} at (0,0) size 100x144
        RenderText {#text} at (0,0) size 100x144
          text run at (0,0) width 100: "This paragraph"
          text run at (0,18) width 52: "contains"
          text run at (0,36) width 100: "justified text."
          text run at (0,54) width 100: "Within the"
          text run at (0,72) width 72: "constrained"
          text run at (0,90) width 100: "width, this text"
          text run at (0,108) width 100: "should be"
          text run at (0,126) width 54: "justified."
      RenderBlock {P} at (0,160) size 100x144
        RenderText {#text} at (0,0) size 100x144
          text run at (0,0) width 100: "This paragraph"
          text run at (0,18) width 100: "also contains"
          text run at (0,36) width 100: "justified text."
          text run at (0,54) width 100: "Within the"
          text run at (0,72) width 72: "constrained"
          text run at (0,90) width 100: "width, this text"
          text run at (0,108) width 100: "should be"
          text run at (0,126) width 54: "justified."
