layer at (0,0) size 800x600
  RenderView at (0,0) size 800x600
layer at (0,0) size 800x600
  RenderBlock {HTML} at (0,0) size 800x600
    RenderBody {BODY} at (8,8) size 784x584
      RenderTable {TABLE} at (0,0) size 784x30 [border: (2px outset #808080)]
        RenderTableSection {TBODY} at (2,2) size 780x26
          RenderTableRow {TR} at (0,2) size 780x22
            RenderTableCell {TD} at (2,2) size 579x22 [border: (1px inset #808080)] [r=0 c=0 rs=1 cs=1]
              RenderText {#text} at (2,2) size 160x18
                text run at (2,2) width 160: "Big cell gets all the width"
            RenderTableCell {TD} at (583,2) size 195x22 [border: (1px inset #808080)] [r=0 c=1 rs=1 cs=1]
              RenderText {#text} at (2,2) size 191x18
                text run at (2,2) width 191: "Icannotbreak noicannot \x{B7}break"
