layer at (0,0) size 800x600
  RenderView at (0,0) size 800x600
layer at (0,0) size 800x600
  RenderBlock {HTML} at (0,0) size 800x600
    RenderBody {BODY} at (8,8) size 784x584
      RenderInline {SPAN} at (0,0) size 331x28
        RenderText {#text} at (0,0) size 177x28
          text run at (0,0) width 177: "This is some text. "
        RenderInline {TT} at (0,0) size 154x28
          RenderText {#text} at (177,0) size 154x28
            text run at (177,0) width 154: "As is this."
      RenderText {#text} at (331,0) size 344x28
        text run at (331,0) width 344: " All of this text should be 24px tall."
