layer at (0,0) size 800x600
  RenderView at (0,0) size 800x600
layer at (0,0) size 800x142
  RenderBlock {HTML} at (0,0) size 800x142
    RenderBody {BODY} at (8,8) size 784x126
      RenderBlock {DIV} at (0,0) size 784x36
        RenderText {#text} at (0,0) size 99x18
          text run at (0,0) width 99: "Select this text. "
        RenderInline {FONT} at (0,0) size 764x31
          RenderText {#text} at (99,4) size 764x31
            text run at (99,4) width 84: "I am teeny and tiny. "
            text run at (183,4) width 297: "I am going to have lots of text but each line should retain the big height. "
            text run at (480,4) width 284: "If the lines shrink, it means that the root line box's height is not being"
            text run at (0,22) width 114: "considered and that's wrong."
        RenderText {#text} at (0,0) size 0x0
      RenderBlock {P} at (0,52) size 784x0
      RenderBlock {DIV} at (0,52) size 784x74
        RenderInline {FONT} at (0,0) size 778x74
          RenderText {#text} at (0,0) size 431x37
            text run at (0,0) width 431: "This text is absolutely enormous. "
          RenderInline {FONT} at (0,0) size 778x50
            RenderText {#text} at (431,19) size 778x50
              text run at (431,19) width 84: "I am teeny and tiny. "
              text run at (515,19) width 263: "I am going to have lots of text but each line should retain the big"
              text run at (0,56) width 31: "height. "
              text run at (31,56) width 409: "If the lines shrink, it means that the span's line box's height is not being considered and that's wrong."
          RenderText {#text} at (0,0) size 0x0
