layer at (0,0) size 800x775
  RenderView at (0,0) size 800x600
layer at (0,0) size 800x600
  RenderBlock {html} at (0,0) size 800x600
    RenderBody {body} at (8,16) size 784x600
      RenderBlock {parsererror} at (16,0) size 752x138 [bgcolor=#FFDDDD] [border: (2px solid #CC7777)]
        RenderBlock {h3} at (18,20) size 716x24
          RenderText {#text} at (0,0) size 323x22
            text run at (0,0) width 323: "This page contains the following errors:"
        RenderBlock {div} at (18,62) size 716x14
          RenderText {#text} at (0,0) size 476x13
            text run at (0,0) width 476: "error on line 9 at column 79: invalid character in attribute value"
            text run at (475,0) width 1: " "
        RenderBlock {h3} at (18,94) size 716x24
          RenderText {#text} at (0,0) size 425x22
            text run at (0,0) width 425: "Below is a rendering of the page up to the first error."
      RenderBlock (anonymous) at (0,153) size 784x606
        RenderSVGRoot {svg} at (8,169) size 200x201
          RenderSVGPath {path} at (8,169) size 200x201 [fill={[type=SOLID] [color=#008000]}] [data="M 0 0 L 200 0 L 200 200 L 0 200"]
