layer at (0,0) size 800x600
  RenderView at (0,0) size 800x600
layer at (0,0) size 800x363
  RenderBlock {html} at (0,0) size 800x363
    RenderBody {body} at (8,8) size 784x347
      RenderText {#text} at (0,0) size 773x19
        text run at (0,0) width 773: "There should be no red displayed on the screen, and the patterns should not change when the browser window is resized."
      RenderBR {br} at (772,0) size 1x19
      RenderBR {br} at (0,20) size 0x19
      RenderSVGRoot {svg} at (8,47) size 202x307
        RenderSVGContainer {g} at (8,47) size 202x307
          RenderSVGRect {rect} at (8,47) size 202x307 [fill={[type=SOLID] [color=#FF0000]}] [x=0.00] [y=100.00] [width=100.00] [height=50.00]
          RenderSVGRect {rect} at (8,47) size 202x307 [fill={[type=SOLID] [color=#FF0000]}] [x=100.00] [y=0.00] [width=100.00] [height=50.00]
          RenderSVGRect {rect} at (8,47) size 202x307 [fill={[type=PATTERN] [id="pattern"]}] [x=0.00] [y=100.00] [width=100.00] [height=100.00]
          RenderSVGRect {rect} at (8,47) size 202x307 [fill={[type=PATTERN] [id="pattern"]}] [x=100.00] [y=0.00] [width=100.00] [height=100.00]
      RenderText {#text} at (202,327) size 4x19
        text run at (202,327) width 4: " "
      RenderSVGRoot {svg} at (214,47) size 202x307
        RenderSVGText {text} at (5,265) size 83x19 contains 1 chunk(s)
          RenderSVGInlineText {#text} at (0,0) size 83x18
            chunk 1 text run 1 at (5.00,280.00) startOffset 0 endOffset 11 width 82.78: "+Transforms"
        RenderSVGContainer {g} at (214,47) size 202x307 [transform={m=((1.00,0.00)(0.00,1.00)) t=(0.00,100.00)}]
          RenderSVGRect {rect} at (214,47) size 202x307 [fill={[type=SOLID] [color=#FF0000]}] [x=0.00] [y=0.00] [width=100.00] [height=50.00]
          RenderSVGRect {rect} at (214,47) size 202x307 [fill={[type=PATTERN] [id="pattern"]}] [x=0.00] [y=0.00] [width=100.00] [height=100.00]
        RenderSVGContainer {g} at (214,47) size 202x307 [transform={m=((1.00,0.00)(0.00,1.00)) t=(100.00,0.00)}]
          RenderSVGRect {rect} at (214,47) size 202x307 [fill={[type=SOLID] [color=#FF0000]}] [x=0.00] [y=0.00] [width=100.00] [height=50.00]
          RenderSVGRect {rect} at (214,47) size 202x307 [fill={[type=PATTERN] [id="pattern"]}] [x=0.00] [y=0.00] [width=100.00] [height=100.00]
        RenderSVGHiddenContainer {defs} at (0,0) size 0x0
          RenderSVGResourcePattern {pattern} [id="pattern"] [patternUnits=userSpaceOnUse] [patternContentUnits=userSpaceOnUse]
            RenderSVGRect {rect} at (214,47) size 202x307 [fill={[type=SOLID] [color=#008000]}] [x=0.00] [y=0.00] [width=100.00] [height=25.00]
            RenderSVGRect {rect} at (214,47) size 202x307 [fill={[type=SOLID] [color=#0000FF]}] [x=0.00] [y=25.00] [width=100.00] [height=25.00]
      RenderText {#text} at (408,327) size 4x19
        text run at (408,327) width 4: " "
      RenderText {#text} at (0,0) size 0x0
layer at (420,48) size 202x302
  RenderSVGRoot {svg} at (420,47) size 202x307
    RenderSVGText {text} at (5,265) size 173x19 contains 1 chunk(s)
      RenderSVGInlineText {#text} at (0,0) size 173x18
        chunk 1 text run 1 at (5.00,280.00) startOffset 0 endOffset 24 width 172.09: "+Accelerated Compositing"
    RenderSVGContainer {g} at (420,47) size 202x307
      RenderSVGRect {rect} at (420,47) size 202x307 [fill={[type=PATTERN] [id="pattern"]}] [x=0.00] [y=100.00] [width=100.00] [height=100.00]
      RenderSVGRect {rect} at (420,47) size 202x307 [fill={[type=PATTERN] [id="pattern"]}] [x=100.00] [y=0.00] [width=100.00] [height=100.00]
