layer at (0,0) size 800x600
  RenderView at (0,0) size 800x600
layer at (0,0) size 800x101
  RenderBlock {HTML} at (0,0) size 800x101
    RenderBody {BODY} at (8,18) size 784x64
      RenderBlock {P} at (0,0) size 784x22
        RenderText {#text} at (0,1) size 275x20
          text run at (0,1) width 275: "This text should be rendered with a first font."
      RenderBlock {P} at (0,40) size 784x23
        RenderText {#text} at (0,1) size 284x20
          text run at (0,1) width 284: "This text should be rendered with a second font."
