layer at (0,0) size 800x600
  RenderView at (0,0) size 800x600
layer at (0,0) size 800x300
  RenderBlock {html} at (0,0) size 800x300
    RenderBody {body} at (8,21) size 784x263
      RenderBlock {h1} at (0,0) size 784x38
        RenderText {#text} at (0,1) size 112x36
          text run at (0,1) width 112: "Test for "
        RenderInline {a} at (0,0) size 144x36 [color=#0000EE]
          RenderText {#text} at (112,1) size 144x36
            text run at (112,1) width 144: "Bug 42352"
      RenderBlock {p} at (0,59) size 784x21
        RenderText {#text} at (0,0) size 510x19
          text run at (0,0) width 510: "Following text should be rendered as usual. Only \"A\" has a glyph in SVG Font."
      RenderBlock {p} at (0,95) size 784x22
        RenderText {#text} at (0,3) size 35x17
          text run at (0,3) width 35: "XXA"
      RenderBlock {p} at (0,132) size 784x22
        RenderText {#text} at (0,3) size 35x17
          text run at (0,3) width 35: "XAX"
      RenderBlock {p} at (0,169) size 784x22
        RenderText {#text} at (0,3) size 35x17
          text run at (0,3) width 35: "AXX"
      RenderBlock {p} at (0,206) size 784x22
        RenderText {#text} at (0,3) size 33x17
          text run at (0,3) width 33: "XXX"
      RenderBlock {p} at (0,243) size 784x20
        RenderText {#text} at (0,1) size 39x17
          text run at (0,1) width 39: "AAA"
