layer at (0,0) size 800x600
  RenderView at (0,0) size 800x600
layer at (0,0) size 800x600
  RenderBlock {HTML} at (0,0) size 800x600
    RenderBody {BODY} at (8,8) size 784x574
      RenderBlock (anonymous) at (0,0) size 784x20
        RenderText {#text} at (0,0) size 74x19
          text run at (0,0) width 74: "no spacing:"
      RenderBlock {P} at (0,38) size 784x21
        RenderText {#text} at (0,1) size 70x19
          text run at (0,1) width 70: "abc abc abc"
      RenderBlock (anonymous) at (0,77) size 784x20
        RenderText {#text} at (0,0) size 300x19
          text run at (0,0) width 300: "word-spacing: 100px, all should look the same"
      RenderBlock {P} at (0,115) size 784x21
        RenderText {#text} at (0,1) size 270x19
          text run at (0,1) width 19: "abc"
          text run at (118,1) width 27: " abc"
          text run at (244,1) width 26: " abc"
      RenderBlock {P} at (0,154) size 784x21
        RenderText {#text} at (0,1) size 126x19
          text run at (0,1) width 19: "abc"
          text run at (118,1) width 8: " "
        RenderInline {SPAN} at (0,0) size 14x19
          RenderText {#text} at (125,1) size 14x19
            text run at (125,1) width 14: "ab"
        RenderText {#text} at (138,1) size 132x19
          text run at (138,1) width 7: "c"
          text run at (244,1) width 26: " abc"
      RenderBlock {P} at (0,193) size 784x21
        RenderText {#text} at (0,1) size 126x19
          text run at (0,1) width 19: "abc"
          text run at (118,1) width 8: " "
        RenderInline {SPAN} at (0,0) size 8x19
          RenderText {#text} at (125,1) size 8x19
            text run at (125,1) width 8: "a"
        RenderInline {SPAN} at (0,0) size 7x19
          RenderText {#text} at (132,1) size 7x19
            text run at (132,1) width 7: "b"
        RenderText {#text} at (138,1) size 132x19
          text run at (138,1) width 7: "c"
          text run at (244,1) width 26: " abc"
      RenderBlock {P} at (0,232) size 784x21
        RenderText {#text} at (0,1) size 126x19
          text run at (0,1) width 19: "abc"
          text run at (118,1) width 8: " "
        RenderInline {SPAN} at (0,0) size 8x19
          RenderText {#text} at (125,1) size 8x19
            text run at (125,1) width 8: "a"
        RenderText {#text} at (132,1) size 7x19
          text run at (132,1) width 7: "b"
        RenderInline {SPAN} at (0,0) size 7x19
          RenderText {#text} at (138,1) size 7x19
            text run at (138,1) width 7: "c"
        RenderText {#text} at (244,1) size 26x19
          text run at (244,1) width 26: " abc"
      RenderBlock {P} at (0,271) size 784x21
        RenderText {#text} at (0,1) size 133x19
          text run at (0,1) width 19: "abc"
          text run at (118,1) width 15: " a"
        RenderInline {SPAN} at (0,0) size 7x19
          RenderText {#text} at (132,1) size 7x19
            text run at (132,1) width 7: "b"
        RenderInline {SPAN} at (0,0) size 7x19
          RenderText {#text} at (138,1) size 7x19
            text run at (138,1) width 7: "c"
        RenderText {#text} at (244,1) size 26x19
          text run at (244,1) width 26: " abc"
      RenderBlock {P} at (0,310) size 784x21
        RenderText {#text} at (0,1) size 133x19
          text run at (0,1) width 19: "abc"
          text run at (118,1) width 15: " a"
        RenderInline {SPAN} at (0,0) size 7x19
          RenderText {#text} at (132,1) size 7x19
            text run at (132,1) width 7: "b"
        RenderText {#text} at (138,1) size 132x19
          text run at (138,1) width 7: "c"
          text run at (244,1) width 26: " abc"
      RenderBlock {P} at (0,349) size 784x21
        RenderText {#text} at (0,1) size 126x19
          text run at (0,1) width 19: "abc"
          text run at (118,1) width 8: " "
        RenderInline {SPAN} at (0,0) size 0x19
        RenderText {#text} at (125,1) size 126x19
          text run at (125,1) width 20: "abc"
          text run at (244,1) width 7: " "
        RenderInline {SPAN} at (0,0) size 0x19
        RenderText {#text} at (250,1) size 20x19
          text run at (250,1) width 20: "abc"
