layer at (0,0) size 800x600
  RenderView at (0,0) size 800x600
layer at (0,0) size 800x536
  RenderBlock {HTML} at (0,0) size 800x536
    RenderBody {BODY} at (8,16) size 784x512
      RenderBlock {P} at (0,0) size 784x20
        RenderText {#text} at (0,0) size 571x19
          text run at (0,0) width 571: "The T column should match the R column. The H columns uses <br/> to force line breaks."
      RenderTable {TABLE} at (0,36) size 157x476 [border: none]
        RenderTableSection {TBODY} at (0,0) size 156x475
          RenderTableRow {TR} at (0,0) size 156x25
            RenderTableCell {TD} at (0,10) size 33x5 [r=0 c=0 rs=1 cs=1]
            RenderTableCell {TD} at (32,0) size 46x25 [border: (1px solid #008000)] [r=0 c=1 rs=1 cs=1]
              RenderText {#text} at (3,3) size 11x19
                text run at (3,3) width 11: "H"
            RenderTableCell {TD} at (77,0) size 34x25 [border: (1px solid #008000)] [r=0 c=2 rs=1 cs=1]
              RenderText {#text} at (3,3) size 9x19
                text run at (3,3) width 9: "T"
            RenderTableCell {TD} at (111,0) size 45x25 [border: (1px solid #008000)] [r=0 c=3 rs=1 cs=1]
              RenderText {#text} at (3,3) size 10x19
                text run at (3,3) width 10: "R"
          RenderTableRow {TR} at (0,25) size 156x45
            RenderTableCell {TD} at (0,35) size 33x25 [border: (1px solid #008000)] [r=1 c=0 rs=1 cs=1]
              RenderText {#text} at (3,3) size 8x19
                text run at (3,3) width 8: "1"
            RenderTableCell {TD} at (32,25) size 46x45 [border: (1px solid #008000)] [r=1 c=1 rs=1 cs=1]
              RenderText {#text} at (3,3) size 12x19
                text run at (3,3) width 8 RTL: "\x{5D0}"
                text run at (11,3) width 4: "."
              RenderBR {BR} at (15,3) size 0x19
              RenderText {#text} at (3,23) size 8x19
                text run at (3,23) width 8: "b"
            RenderTableCell {TD} at (77,35) size 34x25 [border: (1px solid #008000)] [r=1 c=2 rs=1 cs=1]
              RenderText {#text} at (3,3) size 24x19
                text run at (3,3) width 8 RTL: "\x{5D0}"
                text run at (11,3) width 16: ". b"
            RenderTableCell {TD} at (111,25) size 45x45 [border: (1px solid #008000)] [r=1 c=3 rs=1 cs=1]
              RenderBlock {P} at (3,3) size 40x20
                RenderText {#text} at (0,0) size 12x19
                  text run at (0,0) width 12: "\x{5D0}."
              RenderBlock {P} at (3,23) size 40x20
                RenderText {#text} at (0,0) size 8x19
                  text run at (0,0) width 8: "b"
          RenderTableRow {TR} at (0,70) size 156x45
            RenderTableCell {TD} at (0,80) size 33x25 [border: (1px solid #008000)] [r=2 c=0 rs=1 cs=1]
              RenderText {#text} at (3,3) size 8x19
                text run at (3,3) width 8: "2"
            RenderTableCell {TD} at (32,70) size 46x45 [border: (1px solid #008000)] [r=2 c=1 rs=1 cs=1]
              RenderText {#text} at (3,3) size 12x19
                text run at (3,3) width 8 RTL: "\x{5D0}"
                text run at (11,3) width 4: "."
              RenderBR {BR} at (15,3) size 0x19
              RenderText {#text} at (3,23) size 7x19
                text run at (3,23) width 7 RTL: "\x{5D1}"
            RenderTableCell {TD} at (77,80) size 34x25 [border: (1px solid #008000)] [r=2 c=2 rs=1 cs=1]
              RenderText {#text} at (3,3) size 23x19
                text run at (3,3) width 23 RTL: "\x{5D0}. \x{5D1}"
            RenderTableCell {TD} at (111,70) size 45x45 [border: (1px solid #008000)] [r=2 c=3 rs=1 cs=1]
              RenderBlock {P} at (3,3) size 40x20
                RenderText {#text} at (0,0) size 12x19
                  text run at (0,0) width 12: ".\x{5D0}"
              RenderBlock {P} at (3,23) size 40x20
                RenderText {#text} at (0,0) size 7x19
                  text run at (0,0) width 7: "\x{5D1}"
          RenderTableRow {TR} at (0,115) size 156x45
            RenderTableCell {TD} at (0,125) size 33x25 [border: (1px solid #008000)] [r=3 c=0 rs=1 cs=1]
              RenderText {#text} at (3,3) size 8x19
                text run at (3,3) width 8: "3"
            RenderTableCell {TD} at (32,115) size 46x45 [border: (1px solid #008000)] [r=3 c=1 rs=1 cs=1]
              RenderText {#text} at (3,3) size 16x19
                text run at (3,3) width 16 RTL: "\x{5D0}\x{5D0}"
              RenderBR {BR} at (3,3) size 0x19
              RenderText {#text} at (3,23) size 20x19
                text run at (3,23) width 8: "b"
                text run at (11,23) width 4 RTL: " "
                text run at (15,23) width 8: "1"
            RenderTableCell {TD} at (77,115) size 34x45 [border: (1px solid #008000)] [r=3 c=2 rs=1 cs=1]
              RenderText {#text} at (3,3) size 28x39
                text run at (3,3) width 8: "1"
                text run at (11,3) width 20 RTL: "\x{5D0}\x{5D0} "
                text run at (3,23) width 8: "b"
            RenderTableCell {TD} at (111,115) size 45x45 [border: (1px solid #008000)] [r=3 c=3 rs=1 cs=1]
              RenderBlock {P} at (3,3) size 40x20
                RenderText {#text} at (0,0) size 16x19
                  text run at (0,0) width 16: "\x{5D0}\x{5D0}"
              RenderBlock {P} at (3,23) size 40x20
                RenderText {#text} at (0,0) size 20x19
                  text run at (0,0) width 20: "b 1"
          RenderTableRow {TR} at (0,160) size 156x45
            RenderTableCell {TD} at (0,170) size 33x25 [border: (1px solid #008000)] [r=4 c=0 rs=1 cs=1]
              RenderText {#text} at (3,3) size 8x19
                text run at (3,3) width 8: "4"
            RenderTableCell {TD} at (32,160) size 46x45 [border: (1px solid #008000)] [r=4 c=1 rs=1 cs=1]
              RenderText {#text} at (3,3) size 14x19
                text run at (3,3) width 14: "aa"
              RenderBR {BR} at (3,3) size 0x19
              RenderText {#text} at (3,23) size 20x19
                text run at (3,23) width 8: "b"
                text run at (11,23) width 4 RTL: " "
                text run at (15,23) width 8: "1"
            RenderTableCell {TD} at (77,160) size 34x45 [border: (1px solid #008000)] [r=4 c=2 rs=1 cs=1]
              RenderText {#text} at (3,3) size 26x39
                text run at (3,3) width 26: "aa 1"
                text run at (3,23) width 8: "b"
            RenderTableCell {TD} at (111,160) size 45x45 [border: (1px solid #008000)] [r=4 c=3 rs=1 cs=1]
              RenderBlock {P} at (3,3) size 40x20
                RenderText {#text} at (0,0) size 14x19
                  text run at (0,0) width 14: "aa"
              RenderBlock {P} at (3,23) size 40x20
                RenderText {#text} at (0,0) size 20x19
                  text run at (0,0) width 20: "1 b"
          RenderTableRow {TR} at (0,205) size 156x45
            RenderTableCell {TD} at (0,215) size 33x25 [border: (1px solid #008000)] [r=5 c=0 rs=1 cs=1]
              RenderText {#text} at (3,3) size 8x19
                text run at (3,3) width 8: "5"
            RenderTableCell {TD} at (32,205) size 46x45 [border: (1px solid #008000)] [r=5 c=1 rs=1 cs=1]
              RenderText {#text} at (3,3) size 16x19
                text run at (3,3) width 16 RTL: "\x{5D0}\x{5D0}"
              RenderBR {BR} at (3,3) size 0x19
              RenderText {#text} at (3,23) size 19x19
                text run at (3,23) width 11 RTL: " \x{5D1}"
                text run at (14,23) width 8: "1"
            RenderTableCell {TD} at (77,205) size 34x45 [border: (1px solid #008000)] [r=5 c=2 rs=1 cs=1]
              RenderText {#text} at (3,3) size 28x39
                text run at (3,3) width 8: "1"
                text run at (11,3) width 20 RTL: "\x{5D0}\x{5D0} "
                text run at (3,23) width 7 RTL: "\x{5D1}"
            RenderTableCell {TD} at (111,205) size 45x45 [border: (1px solid #008000)] [r=5 c=3 rs=1 cs=1]
              RenderBlock {P} at (3,3) size 40x20
                RenderText {#text} at (0,0) size 16x19
                  text run at (0,0) width 16: "\x{5D0}\x{5D0}"
              RenderBlock {P} at (3,23) size 40x20
                RenderText {#text} at (0,0) size 19x19
                  text run at (0,0) width 19: "\x{5D1} 1"
          RenderTableRow {TR} at (0,250) size 156x45
            RenderTableCell {TD} at (0,260) size 33x25 [border: (1px solid #008000)] [r=6 c=0 rs=1 cs=1]
              RenderText {#text} at (3,3) size 8x19
                text run at (3,3) width 8: "6"
            RenderTableCell {TD} at (32,250) size 46x45 [border: (1px solid #008000)] [r=6 c=1 rs=1 cs=1]
              RenderText {#text} at (3,3) size 14x19
                text run at (3,3) width 14: "aa"
              RenderBR {BR} at (3,3) size 0x19
              RenderText {#text} at (3,23) size 19x19
                text run at (3,23) width 11 RTL: " \x{5D1}"
                text run at (14,23) width 8: "1"
            RenderTableCell {TD} at (77,250) size 34x45 [border: (1px solid #008000)] [r=6 c=2 rs=1 cs=1]
              RenderText {#text} at (3,3) size 26x39
                text run at (3,3) width 26: "aa 1"
                text run at (3,23) width 7 RTL: "\x{5D1}"
            RenderTableCell {TD} at (111,250) size 45x45 [border: (1px solid #008000)] [r=6 c=3 rs=1 cs=1]
              RenderBlock {P} at (3,3) size 40x20
                RenderText {#text} at (0,0) size 14x19
                  text run at (0,0) width 14: "aa"
              RenderBlock {P} at (3,23) size 40x20
                RenderText {#text} at (0,0) size 19x19
                  text run at (0,0) width 19: "\x{5D1} 1"
          RenderTableRow {TR} at (0,295) size 156x45
            RenderTableCell {TD} at (0,305) size 33x25 [border: (1px solid #008000)] [r=7 c=0 rs=1 cs=1]
              RenderText {#text} at (3,3) size 8x19
                text run at (3,3) width 8: "7"
            RenderTableCell {TD} at (32,295) size 46x45 [border: (1px solid #008000)] [r=7 c=1 rs=1 cs=1]
              RenderText {#text} at (3,3) size 16x19
                text run at (3,3) width 16: "a ("
              RenderBR {BR} at (19,3) size 0x19
              RenderText {#text} at (3,23) size 17x19
                text run at (3,23) width 17: "] b"
            RenderTableCell {TD} at (77,295) size 34x45 [border: (1px solid #008000)] [r=7 c=2 rs=1 cs=1]
              RenderText {#text} at (3,3) size 25x39
                text run at (3,3) width 25: "a ( ]"
                text run at (3,23) width 8: "b"
            RenderTableCell {TD} at (111,295) size 45x45 [border: (1px solid #008000)] [r=7 c=3 rs=1 cs=1]
              RenderBlock {P} at (3,3) size 40x20
                RenderText {#text} at (0,0) size 16x19
                  text run at (0,0) width 16: "a ("
              RenderBlock {P} at (3,23) size 40x20
                RenderText {#text} at (0,0) size 17x19
                  text run at (0,0) width 17: "] b"
          RenderTableRow {TR} at (0,340) size 156x45
            RenderTableCell {TD} at (0,350) size 33x25 [border: (1px solid #008000)] [r=8 c=0 rs=1 cs=1]
              RenderText {#text} at (3,3) size 8x19
                text run at (3,3) width 8: "8"
            RenderTableCell {TD} at (32,340) size 46x45 [border: (1px solid #008000)] [r=8 c=1 rs=1 cs=1]
              RenderText {#text} at (3,3) size 17x19
                text run at (3,3) width 8 RTL: "\x{5D0}"
                text run at (11,3) width 9: " ("
              RenderBR {BR} at (20,3) size 0x19
              RenderText {#text} at (3,23) size 17x19
                text run at (3,23) width 17: "] b"
            RenderTableCell {TD} at (77,340) size 34x45 [border: (1px solid #008000)] [r=8 c=2 rs=1 cs=1]
              RenderText {#text} at (3,3) size 26x39
                text run at (3,3) width 8 RTL: "\x{5D0}"
                text run at (11,3) width 18: " ( ]"
                text run at (3,23) width 8: "b"
            RenderTableCell {TD} at (111,340) size 45x45 [border: (1px solid #008000)] [r=8 c=3 rs=1 cs=1]
              RenderBlock {P} at (3,3) size 40x20
                RenderText {#text} at (0,0) size 17x19
                  text run at (0,0) width 17: "\x{5D0} ("
              RenderBlock {P} at (3,23) size 40x20
                RenderText {#text} at (0,0) size 17x19
                  text run at (0,0) width 17: "] b"
          RenderTableRow {TR} at (0,385) size 156x45
            RenderTableCell {TD} at (0,395) size 33x25 [border: (1px solid #008000)] [r=9 c=0 rs=1 cs=1]
              RenderText {#text} at (3,3) size 8x19
                text run at (3,3) width 8: "9"
            RenderTableCell {TD} at (32,385) size 46x45 [border: (1px solid #008000)] [r=9 c=1 rs=1 cs=1]
              RenderText {#text} at (3,3) size 16x19
                text run at (3,3) width 16: "a ("
              RenderBR {BR} at (19,3) size 0x19
              RenderText {#text} at (3,23) size 16x19
                text run at (3,23) width 9: "] "
                text run at (12,23) width 7 RTL: "\x{5D1}"
            RenderTableCell {TD} at (77,385) size 34x45 [border: (1px solid #008000)] [r=9 c=2 rs=1 cs=1]
              RenderText {#text} at (3,3) size 25x39
                text run at (3,3) width 25: "a ( ]"
                text run at (3,23) width 7 RTL: "\x{5D1}"
            RenderTableCell {TD} at (111,385) size 45x45 [border: (1px solid #008000)] [r=9 c=3 rs=1 cs=1]
              RenderBlock {P} at (3,3) size 40x20
                RenderText {#text} at (0,0) size 16x19
                  text run at (0,0) width 16: "a ("
              RenderBlock {P} at (3,23) size 40x20
                RenderText {#text} at (0,0) size 16x19
                  text run at (0,0) width 16: "] \x{5D1}"
          RenderTableRow {TR} at (0,430) size 156x45
            RenderTableCell {TD} at (0,440) size 33x25 [border: (1px solid #008000)] [r=10 c=0 rs=1 cs=1]
              RenderText {#text} at (3,3) size 16x19
                text run at (3,3) width 16: "10"
            RenderTableCell {TD} at (32,430) size 46x45 [border: (1px solid #008000)] [r=10 c=1 rs=1 cs=1]
              RenderText {#text} at (3,3) size 17x19
                text run at (3,3) width 8 RTL: "\x{5D0}"
                text run at (11,3) width 9: " ("
              RenderBR {BR} at (20,3) size 0x19
              RenderText {#text} at (3,23) size 16x19
                text run at (3,23) width 9: "] "
                text run at (12,23) width 7 RTL: "\x{5D1}"
            RenderTableCell {TD} at (77,430) size 34x45 [border: (1px solid #008000)] [r=10 c=2 rs=1 cs=1]
              RenderText {#text} at (3,3) size 26x39
                text run at (3,3) width 26 RTL: "\x{5D0} ( ]"
                text run at (3,23) width 7 RTL: "\x{5D1}"
            RenderTableCell {TD} at (111,430) size 45x45 [border: (1px solid #008000)] [r=10 c=3 rs=1 cs=1]
              RenderBlock {P} at (3,3) size 40x20
                RenderText {#text} at (0,0) size 17x19
                  text run at (0,0) width 17: ") \x{5D0}"
              RenderBlock {P} at (3,23) size 40x20
                RenderText {#text} at (0,0) size 16x19
                  text run at (0,0) width 16: "\x{5D1} ["
