layer at (0,0) size 785x6380
  RenderView at (0,0) size 785x600
layer at (0,0) size 785x6380
  RenderBlock {HTML} at (0,0) size 785x6380
    RenderBody {BODY} at (8,8) size 769x6356
      RenderBlock {P} at (0,0) size 769x20
        RenderText {#text} at (0,0) size 299x19
          text run at (0,0) width 299: "Tests the resolved level of runs of neutral types."
      RenderBlock {DIV} at (0,36) size 769x3152
        RenderBlock {P} at (0,0) size 769x20
          RenderText {#text} at (0,0) size 43x19
            text run at (0,0) width 43: "ab(^cd"
        RenderBlock {P} at (0,36) size 769x20
          RenderText {#text} at (0,0) size 43x19
            text run at (0,0) width 15 RTL: "\x{5D0}\x{5D1}"
            text run at (15,0) width 28: "(^cd"
        RenderBlock {P} at (0,72) size 769x20
          RenderText {#text} at (0,0) size 42x19
            text run at (0,0) width 14 RTL: "\x{627}\x{628}"
            text run at (14,0) width 28: "(^cd"
        RenderBlock {P} at (0,108) size 769x20
          RenderText {#text} at (0,0) size 59x19
            text run at (0,0) width 59: "ab12(^cd"
        RenderBlock {P} at (0,144) size 769x20
          RenderText {#text} at (0,0) size 59x19
            text run at (0,0) width 16: "12"
            text run at (16,0) width 15 RTL: "\x{5D0}\x{5D1}"
            text run at (31,0) width 28: "(^cd"
        RenderBlock {P} at (0,180) size 769x20
          RenderText {#text} at (0,0) size 58x19
            text run at (0,0) width 16: "12"
            text run at (16,0) width 14 RTL: "\x{627}\x{628}"
            text run at (30,0) width 28: "(^cd"
        RenderBlock {P} at (0,216) size 769x20
          RenderText {#text} at (0,0) size 59x19
            text run at (0,0) width 59: "ab\x{661}\x{662}(^cd"
        RenderBlock {P} at (0,252) size 769x20
          RenderText {#text} at (0,0) size 59x19
            text run at (0,0) width 16: "\x{661}\x{662}"
            text run at (16,0) width 15 RTL: "\x{5D0}\x{5D1}"
            text run at (31,0) width 28: "(^cd"
        RenderBlock {P} at (0,288) size 769x20
          RenderText {#text} at (0,0) size 58x19
            text run at (0,0) width 16: "\x{661}\x{662}"
            text run at (16,0) width 14 RTL: "\x{627}\x{628}"
            text run at (30,0) width 28: "(^cd"
        RenderBlock {P} at (0,324) size 769x20
          RenderText {#text} at (0,0) size 35x19
            text run at (0,0) width 35: "\x{202A}?\x{202C}(^cd"
        RenderBlock {P} at (0,360) size 769x20
          RenderText {#text} at (0,0) size 35x19
            text run at (0,0) width 7 RTL: "\x{202B}?"
            text run at (7,0) width 28: "\x{202C}(^cd"
        RenderBlock {P} at (0,396) size 769x20
          RenderText {#text} at (0,0) size 40x19
            text run at (0,0) width 28: "ab(^"
            text run at (28,0) width 12 RTL: "\x{5D2}\x{5D3}"
        RenderBlock {P} at (0,432) size 769x20
          RenderText {#text} at (0,0) size 40x19
            text run at (0,0) width 40 RTL: "\x{5D0}\x{5D1}(^\x{5D2}\x{5D3}"
        RenderBlock {P} at (0,468) size 769x20
          RenderText {#text} at (0,0) size 39x19
            text run at (0,0) width 39 RTL: "\x{627}\x{628}(^\x{5D2}\x{5D3}"
        RenderBlock {P} at (0,504) size 769x20
          RenderText {#text} at (0,0) size 56x19
            text run at (0,0) width 44: "ab12(^"
            text run at (44,0) width 12 RTL: "\x{5D2}\x{5D3}"
        RenderBlock {P} at (0,540) size 769x20
          RenderText {#text} at (0,0) size 56x19
            text run at (0,0) width 25 RTL: "(^\x{5D2}\x{5D3}"
            text run at (25,0) width 16: "12"
            text run at (41,0) width 15 RTL: "\x{5D0}\x{5D1}"
        RenderBlock {P} at (0,576) size 769x20
          RenderText {#text} at (0,0) size 55x19
            text run at (0,0) width 25 RTL: "(^\x{5D2}\x{5D3}"
            text run at (25,0) width 16: "12"
            text run at (41,0) width 14 RTL: "\x{627}\x{628}"
        RenderBlock {P} at (0,612) size 769x20
          RenderText {#text} at (0,0) size 56x19
            text run at (0,0) width 15: "ab"
            text run at (15,0) width 25 RTL: "(^\x{5D2}\x{5D3}"
            text run at (40,0) width 16: "\x{661}\x{662}"
        RenderBlock {P} at (0,648) size 769x20
          RenderText {#text} at (0,0) size 56x19
            text run at (0,0) width 25 RTL: "(^\x{5D2}\x{5D3}"
            text run at (25,0) width 16: "\x{661}\x{662}"
            text run at (41,0) width 15 RTL: "\x{5D0}\x{5D1}"
        RenderBlock {P} at (0,684) size 769x20
          RenderText {#text} at (0,0) size 55x19
            text run at (0,0) width 25 RTL: "(^\x{5D2}\x{5D3}"
            text run at (25,0) width 16: "\x{661}\x{662}"
            text run at (41,0) width 14 RTL: "\x{627}\x{628}"
        RenderBlock {P} at (0,720) size 769x20
          RenderText {#text} at (0,0) size 32x19
            text run at (0,0) width 7: "\x{202A}?"
            text run at (7,0) width 13: "\x{202C}(^"
            text run at (20,0) width 12 RTL: "\x{5D2}\x{5D3}"
        RenderBlock {P} at (0,756) size 769x20
          RenderText {#text} at (0,0) size 32x19
            text run at (0,0) width 32 RTL: "\x{202B}?\x{202C}(^\x{5D2}\x{5D3}"
        RenderBlock {P} at (0,792) size 769x20
          RenderText {#text} at (0,0) size 41x19
            text run at (0,0) width 28: "ab(^"
            text run at (28,0) width 13 RTL: "\x{62C}\x{62F}"
        RenderBlock {P} at (0,828) size 769x20
          RenderText {#text} at (0,0) size 41x19
            text run at (0,0) width 41 RTL: "\x{5D0}\x{5D1}(^\x{62C}\x{62F}"
        RenderBlock {P} at (0,864) size 769x20
          RenderText {#text} at (0,0) size 40x19
            text run at (0,0) width 40 RTL: "\x{627}\x{628}(^\x{62C}\x{62F}"
        RenderBlock {P} at (0,900) size 769x20
          RenderText {#text} at (0,0) size 57x19
            text run at (0,0) width 44: "ab12(^"
            text run at (44,0) width 13 RTL: "\x{62C}\x{62F}"
        RenderBlock {P} at (0,936) size 769x20
          RenderText {#text} at (0,0) size 57x19
            text run at (0,0) width 26 RTL: "(^\x{62C}\x{62F}"
            text run at (26,0) width 16: "12"
            text run at (42,0) width 15 RTL: "\x{5D0}\x{5D1}"
        RenderBlock {P} at (0,972) size 769x20
          RenderText {#text} at (0,0) size 56x19
            text run at (0,0) width 26 RTL: "(^\x{62C}\x{62F}"
            text run at (26,0) width 16: "12"
            text run at (42,0) width 14 RTL: "\x{627}\x{628}"
        RenderBlock {P} at (0,1008) size 769x20
          RenderText {#text} at (0,0) size 57x19
            text run at (0,0) width 15: "ab"
            text run at (15,0) width 26 RTL: "(^\x{62C}\x{62F}"
            text run at (41,0) width 16: "\x{661}\x{662}"
        RenderBlock {P} at (0,1044) size 769x20
          RenderText {#text} at (0,0) size 57x19
            text run at (0,0) width 26 RTL: "(^\x{62C}\x{62F}"
            text run at (26,0) width 16: "\x{661}\x{662}"
            text run at (42,0) width 15 RTL: "\x{5D0}\x{5D1}"
        RenderBlock {P} at (0,1080) size 769x20
          RenderText {#text} at (0,0) size 56x19
            text run at (0,0) width 26 RTL: "(^\x{62C}\x{62F}"
            text run at (26,0) width 16: "\x{661}\x{662}"
            text run at (42,0) width 14 RTL: "\x{627}\x{628}"
        RenderBlock {P} at (0,1116) size 769x20
          RenderText {#text} at (0,0) size 33x19
            text run at (0,0) width 7: "\x{202A}?"
            text run at (7,0) width 13: "\x{202C}(^"
            text run at (20,0) width 13 RTL: "\x{62C}\x{62F}"
        RenderBlock {P} at (0,1152) size 769x20
          RenderText {#text} at (0,0) size 33x19
            text run at (0,0) width 33 RTL: "\x{202B}?\x{202C}(^\x{62C}\x{62F}"
        RenderBlock {P} at (0,1188) size 769x20
          RenderText {#text} at (0,0) size 60x19
            text run at (0,0) width 44: "ab(^34"
            text run at (44,0) width 10 RTL: "\x{5E9}"
            text run at (54,0) width 6: "z"
        RenderBlock {P} at (0,1224) size 769x20
          RenderText {#text} at (0,0) size 60x19
            text run at (0,0) width 10 RTL: "\x{5E9}"
            text run at (10,0) width 16: "34"
            text run at (26,0) width 28 RTL: "\x{5D0}\x{5D1}(^"
            text run at (54,0) width 6: "z"
        RenderBlock {P} at (0,1260) size 769x20
          RenderText {#text} at (0,0) size 59x19
            text run at (0,0) width 10 RTL: "\x{5E9}"
            text run at (10,0) width 16: "34"
            text run at (26,0) width 27 RTL: "\x{627}\x{628}(^"
            text run at (53,0) width 6: "z"
        RenderBlock {P} at (0,1296) size 769x20
          RenderText {#text} at (0,0) size 76x19
            text run at (0,0) width 60: "ab12(^34"
            text run at (60,0) width 10 RTL: "\x{5E9}"
            text run at (70,0) width 6: "z"
        RenderBlock {P} at (0,1332) size 769x20
          RenderText {#text} at (0,0) size 76x19
            text run at (0,0) width 10 RTL: "\x{5E9}"
            text run at (10,0) width 16: "34"
            text run at (26,0) width 13 RTL: "(^"
            text run at (39,0) width 16: "12"
            text run at (55,0) width 15 RTL: "\x{5D0}\x{5D1}"
            text run at (70,0) width 6: "z"
        RenderBlock {P} at (0,1368) size 769x20
          RenderText {#text} at (0,0) size 75x19
            text run at (0,0) width 10 RTL: "\x{5E9}"
            text run at (10,0) width 16: "34"
            text run at (26,0) width 13 RTL: "(^"
            text run at (39,0) width 16: "12"
            text run at (55,0) width 14 RTL: "\x{627}\x{628}"
            text run at (69,0) width 6: "z"
        RenderBlock {P} at (0,1404) size 769x20
          RenderText {#text} at (0,0) size 76x19
            text run at (0,0) width 15: "ab"
            text run at (15,0) width 16: "\x{661}\x{662}"
            text run at (31,0) width 29: "(^34"
            text run at (60,0) width 10 RTL: "\x{5E9}"
            text run at (70,0) width 6: "z"
        RenderBlock {P} at (0,1440) size 769x20
          RenderText {#text} at (0,0) size 76x19
            text run at (0,0) width 10 RTL: "\x{5E9}"
            text run at (10,0) width 16: "34"
            text run at (26,0) width 13 RTL: "(^"
            text run at (39,0) width 16: "\x{661}\x{662}"
            text run at (55,0) width 15 RTL: "\x{5D0}\x{5D1}"
            text run at (70,0) width 6: "z"
        RenderBlock {P} at (0,1476) size 769x20
          RenderText {#text} at (0,0) size 75x19
            text run at (0,0) width 10 RTL: "\x{5E9}"
            text run at (10,0) width 16: "34"
            text run at (26,0) width 13 RTL: "(^"
            text run at (39,0) width 16: "\x{661}\x{662}"
            text run at (55,0) width 14 RTL: "\x{627}\x{628}"
            text run at (69,0) width 6: "z"
        RenderBlock {P} at (0,1512) size 769x20
          RenderText {#text} at (0,0) size 52x19
            text run at (0,0) width 7: "\x{202A}?"
            text run at (7,0) width 29: "\x{202C}(^34"
            text run at (36,0) width 10 RTL: "\x{5E9}"
            text run at (46,0) width 6: "z"
        RenderBlock {P} at (0,1548) size 769x20
          RenderText {#text} at (0,0) size 52x19
            text run at (0,0) width 10 RTL: "\x{5E9}"
            text run at (10,0) width 16: "34"
            text run at (26,0) width 20 RTL: "\x{202B}?\x{202C}(^"
            text run at (46,0) width 6: "z"
        RenderBlock {P} at (0,1584) size 769x20
          RenderText {#text} at (0,0) size 60x19
            text run at (0,0) width 28: "ab(^"
            text run at (28,0) width 10 RTL: "\x{5E9}"
            text run at (38,0) width 16: "\x{663}\x{664}"
            text run at (54,0) width 6: "z"
        RenderBlock {P} at (0,1620) size 769x20
          RenderText {#text} at (0,0) size 60x19
            text run at (0,0) width 10 RTL: "\x{5E9}"
            text run at (10,0) width 16: "\x{663}\x{664}"
            text run at (26,0) width 28 RTL: "\x{5D0}\x{5D1}(^"
            text run at (54,0) width 6: "z"
        RenderBlock {P} at (0,1656) size 769x20
          RenderText {#text} at (0,0) size 59x19
            text run at (0,0) width 10 RTL: "\x{5E9}"
            text run at (10,0) width 16: "\x{663}\x{664}"
            text run at (26,0) width 27 RTL: "\x{627}\x{628}(^"
            text run at (53,0) width 6: "z"
        RenderBlock {P} at (0,1692) size 769x20
          RenderText {#text} at (0,0) size 76x19
            text run at (0,0) width 44: "ab12(^"
            text run at (44,0) width 10 RTL: "\x{5E9}"
            text run at (54,0) width 16: "\x{663}\x{664}"
            text run at (70,0) width 6: "z"
        RenderBlock {P} at (0,1728) size 769x20
          RenderText {#text} at (0,0) size 76x19
            text run at (0,0) width 10 RTL: "\x{5E9}"
            text run at (10,0) width 16: "\x{663}\x{664}"
            text run at (26,0) width 13 RTL: "(^"
            text run at (39,0) width 16: "12"
            text run at (55,0) width 15 RTL: "\x{5D0}\x{5D1}"
            text run at (70,0) width 6: "z"
        RenderBlock {P} at (0,1764) size 769x20
          RenderText {#text} at (0,0) size 75x19
            text run at (0,0) width 10 RTL: "\x{5E9}"
            text run at (10,0) width 16: "\x{663}\x{664}"
            text run at (26,0) width 13 RTL: "(^"
            text run at (39,0) width 16: "12"
            text run at (55,0) width 14 RTL: "\x{627}\x{628}"
            text run at (69,0) width 6: "z"
        RenderBlock {P} at (0,1800) size 769x20
          RenderText {#text} at (0,0) size 76x19
            text run at (0,0) width 15: "ab"
            text run at (15,0) width 10 RTL: "\x{5E9}"
            text run at (25,0) width 16: "\x{663}\x{664}"
            text run at (41,0) width 13 RTL: "(^"
            text run at (54,0) width 16: "\x{661}\x{662}"
            text run at (70,0) width 6: "z"
        RenderBlock {P} at (0,1836) size 769x20
          RenderText {#text} at (0,0) size 76x19
            text run at (0,0) width 10 RTL: "\x{5E9}"
            text run at (10,0) width 16: "\x{663}\x{664}"
            text run at (26,0) width 13 RTL: "(^"
            text run at (39,0) width 16: "\x{661}\x{662}"
            text run at (55,0) width 15 RTL: "\x{5D0}\x{5D1}"
            text run at (70,0) width 6: "z"
        RenderBlock {P} at (0,1872) size 769x20
          RenderText {#text} at (0,0) size 75x19
            text run at (0,0) width 10 RTL: "\x{5E9}"
            text run at (10,0) width 16: "\x{663}\x{664}"
            text run at (26,0) width 13 RTL: "(^"
            text run at (39,0) width 16: "\x{661}\x{662}"
            text run at (55,0) width 14 RTL: "\x{627}\x{628}"
            text run at (69,0) width 6: "z"
        RenderBlock {P} at (0,1908) size 769x20
          RenderText {#text} at (0,0) size 52x19
            text run at (0,0) width 7: "\x{202A}?"
            text run at (7,0) width 13: "\x{202C}(^"
            text run at (20,0) width 10 RTL: "\x{5E9}"
            text run at (30,0) width 16: "\x{663}\x{664}"
            text run at (46,0) width 6: "z"
        RenderBlock {P} at (0,1944) size 769x20
          RenderText {#text} at (0,0) size 52x19
            text run at (0,0) width 10 RTL: "\x{5E9}"
            text run at (10,0) width 16: "\x{663}\x{664}"
            text run at (26,0) width 20 RTL: "\x{202B}?\x{202C}(^"
            text run at (46,0) width 6: "z"
        RenderBlock {P} at (0,1980) size 769x20
          RenderText {#text} at (0,0) size 33x19
            text run at (0,0) width 33: "ab(^\x{202A}!\x{202C}"
        RenderBlock {P} at (0,2016) size 769x20
          RenderText {#text} at (0,0) size 33x19
            text run at (0,0) width 15 RTL: "\x{5D0}\x{5D1}"
            text run at (15,0) width 13: "(^"
            text run at (28,0) width 5: "\x{202A}!"
            text run at (33,0) width 0: "\x{202C}"
        RenderBlock {P} at (0,2052) size 769x20
          RenderText {#text} at (0,0) size 32x19
            text run at (0,0) width 14 RTL: "\x{627}\x{628}"
            text run at (14,0) width 13: "(^"
            text run at (27,0) width 5: "\x{202A}!"
            text run at (32,0) width 0: "\x{202C}"
        RenderBlock {P} at (0,2088) size 769x20
          RenderText {#text} at (0,0) size 49x19
            text run at (0,0) width 49: "ab12(^\x{202A}!\x{202C}"
        RenderBlock {P} at (0,2124) size 769x20
          RenderText {#text} at (0,0) size 49x19
            text run at (0,0) width 16: "12"
            text run at (16,0) width 15 RTL: "\x{5D0}\x{5D1}"
            text run at (31,0) width 13: "(^"
            text run at (44,0) width 5: "\x{202A}!"
            text run at (49,0) width 0: "\x{202C}"
        RenderBlock {P} at (0,2160) size 769x20
          RenderText {#text} at (0,0) size 48x19
            text run at (0,0) width 16: "12"
            text run at (16,0) width 14 RTL: "\x{627}\x{628}"
            text run at (30,0) width 13: "(^"
            text run at (43,0) width 5: "\x{202A}!"
            text run at (48,0) width 0: "\x{202C}"
        RenderBlock {P} at (0,2196) size 769x20
          RenderText {#text} at (0,0) size 49x19
            text run at (0,0) width 15: "ab"
            text run at (15,0) width 16: "\x{661}\x{662}"
            text run at (31,0) width 13: "(^"
            text run at (44,0) width 5: "\x{202A}!"
            text run at (49,0) width 0: "\x{202C}"
        RenderBlock {P} at (0,2232) size 769x20
          RenderText {#text} at (0,0) size 49x19
            text run at (0,0) width 16: "\x{661}\x{662}"
            text run at (16,0) width 15 RTL: "\x{5D0}\x{5D1}"
            text run at (31,0) width 13: "(^"
            text run at (44,0) width 5: "\x{202A}!"
            text run at (49,0) width 0: "\x{202C}"
        RenderBlock {P} at (0,2268) size 769x20
          RenderText {#text} at (0,0) size 48x19
            text run at (0,0) width 16: "\x{661}\x{662}"
            text run at (16,0) width 14 RTL: "\x{627}\x{628}"
            text run at (30,0) width 13: "(^"
            text run at (43,0) width 5: "\x{202A}!"
            text run at (48,0) width 0: "\x{202C}"
        RenderBlock {P} at (0,2304) size 769x20
          RenderText {#text} at (0,0) size 25x19
            text run at (0,0) width 25: "\x{202A}?\x{202C}(^\x{202A}!\x{202C}"
        RenderBlock {P} at (0,2340) size 769x20
          RenderText {#text} at (0,0) size 25x19
            text run at (0,0) width 7 RTL: "\x{202B}?"
            text run at (7,0) width 13: "\x{202C}(^"
            text run at (20,0) width 5: "\x{202A}!"
            text run at (25,0) width 0: "\x{202C}"
        RenderBlock {P} at (0,2376) size 769x20
          RenderText {#text} at (0,0) size 33x19
            text run at (0,0) width 28: "ab(^"
            text run at (28,0) width 5 RTL: "\x{202B}!"
            text run at (33,0) width 0: "\x{202C}"
        RenderBlock {P} at (0,2412) size 769x20
          RenderText {#text} at (0,0) size 33x19
            text run at (0,0) width 33 RTL: "\x{5D0}\x{5D1}(^\x{202B}!"
            text run at (33,0) width 0: "\x{202C}"
        RenderBlock {P} at (0,2448) size 769x20
          RenderText {#text} at (0,0) size 32x19
            text run at (0,0) width 32 RTL: "\x{627}\x{628}(^\x{202B}!"
            text run at (32,0) width 0: "\x{202C}"
        RenderBlock {P} at (0,2484) size 769x20
          RenderText {#text} at (0,0) size 49x19
            text run at (0,0) width 44: "ab12(^"
            text run at (44,0) width 5 RTL: "\x{202B}!"
            text run at (49,0) width 0: "\x{202C}"
        RenderBlock {P} at (0,2520) size 769x20
          RenderText {#text} at (0,0) size 49x19
            text run at (0,0) width 18 RTL: "(^\x{202B}!"
            text run at (18,0) width 16: "12"
            text run at (34,0) width 15 RTL: "\x{5D0}\x{5D1}"
            text run at (49,0) width 0: "\x{202C}"
        RenderBlock {P} at (0,2556) size 769x20
          RenderText {#text} at (0,0) size 48x19
            text run at (0,0) width 18 RTL: "(^\x{202B}!"
            text run at (18,0) width 16: "12"
            text run at (34,0) width 14 RTL: "\x{627}\x{628}"
            text run at (48,0) width 0: "\x{202C}"
        RenderBlock {P} at (0,2592) size 769x20
          RenderText {#text} at (0,0) size 49x19
            text run at (0,0) width 15: "ab"
            text run at (15,0) width 18 RTL: "(^\x{202B}!"
            text run at (33,0) width 16: "\x{661}\x{662}"
            text run at (49,0) width 0: "\x{202C}"
        RenderBlock {P} at (0,2628) size 769x20
          RenderText {#text} at (0,0) size 49x19
            text run at (0,0) width 18 RTL: "(^\x{202B}!"
            text run at (18,0) width 16: "\x{661}\x{662}"
            text run at (34,0) width 15 RTL: "\x{5D0}\x{5D1}"
            text run at (49,0) width 0: "\x{202C}"
        RenderBlock {P} at (0,2664) size 769x20
          RenderText {#text} at (0,0) size 48x19
            text run at (0,0) width 18 RTL: "(^\x{202B}!"
            text run at (18,0) width 16: "\x{661}\x{662}"
            text run at (34,0) width 14 RTL: "\x{627}\x{628}"
            text run at (48,0) width 0: "\x{202C}"
        RenderBlock {P} at (0,2700) size 769x20
          RenderText {#text} at (0,0) size 25x19
            text run at (0,0) width 7: "\x{202A}?"
            text run at (7,0) width 13: "\x{202C}(^"
            text run at (20,0) width 5 RTL: "\x{202B}!"
            text run at (25,0) width 0: "\x{202C}"
        RenderBlock {P} at (0,2736) size 769x20
          RenderText {#text} at (0,0) size 25x19
            text run at (0,0) width 25 RTL: "\x{202B}?\x{202C}(^\x{202B}!"
            text run at (25,0) width 0: "\x{202C}"
        RenderBlock {P} at (0,2772) size 769x20
          RenderText {#text} at (0,0) size 28x19
            text run at (0,0) width 28: "\x{202A}ab(^\x{202C}"
        RenderBlock {P} at (0,2808) size 769x20
          RenderText {#text} at (0,0) size 28x19
            text run at (0,0) width 15 RTL: "\x{202A}\x{5D0}\x{5D1}"
            text run at (15,0) width 13: "(^"
            text run at (28,0) width 0: "\x{202C}"
        RenderBlock {P} at (0,2844) size 769x20
          RenderText {#text} at (0,0) size 27x19
            text run at (0,0) width 14 RTL: "\x{202A}\x{627}\x{628}"
            text run at (14,0) width 13: "(^"
            text run at (27,0) width 0: "\x{202C}"
        RenderBlock {P} at (0,2880) size 769x20
          RenderText {#text} at (0,0) size 44x19
            text run at (0,0) width 44: "\x{202A}ab12(^\x{202C}"
        RenderBlock {P} at (0,2916) size 769x20
          RenderText {#text} at (0,0) size 44x19
            text run at (0,0) width 16: "12"
            text run at (16,0) width 15 RTL: "\x{202A}\x{5D0}\x{5D1}"
            text run at (31,0) width 13: "(^"
            text run at (44,0) width 0: "\x{202C}"
        RenderBlock {P} at (0,2952) size 769x20
          RenderText {#text} at (0,0) size 43x19
            text run at (0,0) width 16: "12"
            text run at (16,0) width 14 RTL: "\x{202A}\x{627}\x{628}"
            text run at (30,0) width 13: "(^"
            text run at (43,0) width 0: "\x{202C}"
        RenderBlock {P} at (0,2988) size 769x20
          RenderText {#text} at (0,0) size 44x19
            text run at (0,0) width 15: "\x{202A}ab"
            text run at (15,0) width 16: "\x{661}\x{662}"
            text run at (31,0) width 13: "(^"
            text run at (44,0) width 0: "\x{202C}"
        RenderBlock {P} at (0,3024) size 769x20
          RenderText {#text} at (0,0) size 44x19
            text run at (0,0) width 16: "\x{661}\x{662}"
            text run at (16,0) width 15 RTL: "\x{202A}\x{5D0}\x{5D1}"
            text run at (31,0) width 13: "(^"
            text run at (44,0) width 0: "\x{202C}"
        RenderBlock {P} at (0,3060) size 769x20
          RenderText {#text} at (0,0) size 43x19
            text run at (0,0) width 16: "\x{661}\x{662}"
            text run at (16,0) width 14 RTL: "\x{202A}\x{627}\x{628}"
            text run at (30,0) width 13: "(^"
            text run at (43,0) width 0: "\x{202C}"
        RenderBlock {P} at (0,3096) size 769x20
          RenderText {#text} at (0,0) size 20x19
            text run at (0,0) width 20: "\x{202A}\x{202A}?\x{202C}(^\x{202C}"
        RenderBlock {P} at (0,3132) size 769x20
          RenderText {#text} at (0,0) size 20x19
            text run at (0,0) width 7 RTL: "\x{202A}\x{202B}?"
            text run at (7,0) width 13: "\x{202C}(^"
            text run at (20,0) width 0: "\x{202C}"
      RenderBlock {DIV} at (0,3204) size 769x3152
        RenderBlock {P} at (0,0) size 769x20
          RenderText {#text} at (0,0) size 43x19
            text run at (0,0) width 43: "ab(^cd"
        RenderBlock {P} at (0,36) size 769x20
          RenderText {#text} at (0,0) size 43x19
            text run at (0,0) width 15: "cd"
            text run at (15,0) width 28 RTL: "\x{5D0}\x{5D1}(^"
        RenderBlock {P} at (0,72) size 769x20
          RenderText {#text} at (0,0) size 42x19
            text run at (0,0) width 15: "cd"
            text run at (15,0) width 27 RTL: "\x{627}\x{628}(^"
        RenderBlock {P} at (0,108) size 769x20
          RenderText {#text} at (0,0) size 59x19
            text run at (0,0) width 59: "ab12(^cd"
        RenderBlock {P} at (0,144) size 769x20
          RenderText {#text} at (0,0) size 59x19
            text run at (0,0) width 15: "cd"
            text run at (15,0) width 13 RTL: "(^"
            text run at (28,0) width 16: "12"
            text run at (44,0) width 15 RTL: "\x{5D0}\x{5D1}"
        RenderBlock {P} at (0,180) size 769x20
          RenderText {#text} at (0,0) size 58x19
            text run at (0,0) width 15: "cd"
            text run at (15,0) width 13 RTL: "(^"
            text run at (28,0) width 16: "12"
            text run at (44,0) width 14 RTL: "\x{627}\x{628}"
        RenderBlock {P} at (0,216) size 769x20
          RenderText {#text} at (0,0) size 59x19
            text run at (0,0) width 15: "cd"
            text run at (15,0) width 13 RTL: "(^"
            text run at (28,0) width 31: "ab\x{661}\x{662}"
        RenderBlock {P} at (0,252) size 769x20
          RenderText {#text} at (0,0) size 59x19
            text run at (0,0) width 15: "cd"
            text run at (15,0) width 13 RTL: "(^"
            text run at (28,0) width 16: "\x{661}\x{662}"
            text run at (44,0) width 15 RTL: "\x{5D0}\x{5D1}"
        RenderBlock {P} at (0,288) size 769x20
          RenderText {#text} at (0,0) size 58x19
            text run at (0,0) width 15: "cd"
            text run at (15,0) width 13 RTL: "(^"
            text run at (28,0) width 16: "\x{661}\x{662}"
            text run at (44,0) width 14 RTL: "\x{627}\x{628}"
        RenderBlock {P} at (0,324) size 769x20
          RenderText {#text} at (0,0) size 35x19
            text run at (0,0) width 35: "\x{202A}?\x{202C}(^cd"
        RenderBlock {P} at (0,360) size 769x20
          RenderText {#text} at (0,0) size 35x19
            text run at (0,0) width 15: "cd"
            text run at (15,0) width 13 RTL: "\x{202C}(^"
            text run at (28,0) width 7 RTL: "\x{202B}?"
        RenderBlock {P} at (0,396) size 769x20
          RenderText {#text} at (0,0) size 40x19
            text run at (0,0) width 25 RTL: "(^\x{5D2}\x{5D3}"
            text run at (25,0) width 15: "ab"
        RenderBlock {P} at (0,432) size 769x20
          RenderText {#text} at (0,0) size 40x19
            text run at (0,0) width 40 RTL: "\x{5D0}\x{5D1}(^\x{5D2}\x{5D3}"
        RenderBlock {P} at (0,468) size 769x20
          RenderText {#text} at (0,0) size 39x19
            text run at (0,0) width 39 RTL: "\x{627}\x{628}(^\x{5D2}\x{5D3}"
        RenderBlock {P} at (0,504) size 769x20
          RenderText {#text} at (0,0) size 56x19
            text run at (0,0) width 25 RTL: "(^\x{5D2}\x{5D3}"
            text run at (25,0) width 31: "ab12"
        RenderBlock {P} at (0,540) size 769x20
          RenderText {#text} at (0,0) size 56x19
            text run at (0,0) width 25 RTL: "(^\x{5D2}\x{5D3}"
            text run at (25,0) width 16: "12"
            text run at (41,0) width 15 RTL: "\x{5D0}\x{5D1}"
        RenderBlock {P} at (0,576) size 769x20
          RenderText {#text} at (0,0) size 55x19
            text run at (0,0) width 25 RTL: "(^\x{5D2}\x{5D3}"
            text run at (25,0) width 16: "12"
            text run at (41,0) width 14 RTL: "\x{627}\x{628}"
        RenderBlock {P} at (0,612) size 769x20
          RenderText {#text} at (0,0) size 56x19
            text run at (0,0) width 25 RTL: "(^\x{5D2}\x{5D3}"
            text run at (25,0) width 31: "ab\x{661}\x{662}"
        RenderBlock {P} at (0,648) size 769x20
          RenderText {#text} at (0,0) size 56x19
            text run at (0,0) width 25 RTL: "(^\x{5D2}\x{5D3}"
            text run at (25,0) width 16: "\x{661}\x{662}"
            text run at (41,0) width 15 RTL: "\x{5D0}\x{5D1}"
        RenderBlock {P} at (0,684) size 769x20
          RenderText {#text} at (0,0) size 55x19
            text run at (0,0) width 25 RTL: "(^\x{5D2}\x{5D3}"
            text run at (25,0) width 16: "\x{661}\x{662}"
            text run at (41,0) width 14 RTL: "\x{627}\x{628}"
        RenderBlock {P} at (0,720) size 769x20
          RenderText {#text} at (0,0) size 32x19
            text run at (0,0) width 25 RTL: "\x{202C}(^\x{5D2}\x{5D3}"
            text run at (25,0) width 7: "\x{202A}?"
        RenderBlock {P} at (0,756) size 769x20
          RenderText {#text} at (0,0) size 32x19
            text run at (0,0) width 32 RTL: "\x{202B}?\x{202C}(^\x{5D2}\x{5D3}"
        RenderBlock {P} at (0,792) size 769x20
          RenderText {#text} at (0,0) size 41x19
            text run at (0,0) width 26 RTL: "(^\x{62C}\x{62F}"
            text run at (26,0) width 15: "ab"
        RenderBlock {P} at (0,828) size 769x20
          RenderText {#text} at (0,0) size 41x19
            text run at (0,0) width 41 RTL: "\x{5D0}\x{5D1}(^\x{62C}\x{62F}"
        RenderBlock {P} at (0,864) size 769x20
          RenderText {#text} at (0,0) size 40x19
            text run at (0,0) width 40 RTL: "\x{627}\x{628}(^\x{62C}\x{62F}"
        RenderBlock {P} at (0,900) size 769x20
          RenderText {#text} at (0,0) size 57x19
            text run at (0,0) width 26 RTL: "(^\x{62C}\x{62F}"
            text run at (26,0) width 31: "ab12"
        RenderBlock {P} at (0,936) size 769x20
          RenderText {#text} at (0,0) size 57x19
            text run at (0,0) width 26 RTL: "(^\x{62C}\x{62F}"
            text run at (26,0) width 16: "12"
            text run at (42,0) width 15 RTL: "\x{5D0}\x{5D1}"
        RenderBlock {P} at (0,972) size 769x20
          RenderText {#text} at (0,0) size 56x19
            text run at (0,0) width 26 RTL: "(^\x{62C}\x{62F}"
            text run at (26,0) width 16: "12"
            text run at (42,0) width 14 RTL: "\x{627}\x{628}"
        RenderBlock {P} at (0,1008) size 769x20
          RenderText {#text} at (0,0) size 57x19
            text run at (0,0) width 26 RTL: "(^\x{62C}\x{62F}"
            text run at (26,0) width 31: "ab\x{661}\x{662}"
        RenderBlock {P} at (0,1044) size 769x20
          RenderText {#text} at (0,0) size 57x19
            text run at (0,0) width 26 RTL: "(^\x{62C}\x{62F}"
            text run at (26,0) width 16: "\x{661}\x{662}"
            text run at (42,0) width 15 RTL: "\x{5D0}\x{5D1}"
        RenderBlock {P} at (0,1080) size 769x20
          RenderText {#text} at (0,0) size 56x19
            text run at (0,0) width 26 RTL: "(^\x{62C}\x{62F}"
            text run at (26,0) width 16: "\x{661}\x{662}"
            text run at (42,0) width 14 RTL: "\x{627}\x{628}"
        RenderBlock {P} at (0,1116) size 769x20
          RenderText {#text} at (0,0) size 33x19
            text run at (0,0) width 26 RTL: "\x{202C}(^\x{62C}\x{62F}"
            text run at (26,0) width 7: "\x{202A}?"
        RenderBlock {P} at (0,1152) size 769x20
          RenderText {#text} at (0,0) size 33x19
            text run at (0,0) width 33 RTL: "\x{202B}?\x{202C}(^\x{62C}\x{62F}"
        RenderBlock {P} at (0,1188) size 769x20
          RenderText {#text} at (0,0) size 60x19
            text run at (0,0) width 6: "z"
            text run at (6,0) width 10 RTL: "\x{5E9}"
            text run at (16,0) width 44: "ab(^34"
        RenderBlock {P} at (0,1224) size 769x20
          RenderText {#text} at (0,0) size 60x19
            text run at (0,0) width 6: "z"
            text run at (6,0) width 10 RTL: "\x{5E9}"
            text run at (16,0) width 16: "34"
            text run at (32,0) width 28 RTL: "\x{5D0}\x{5D1}(^"
        RenderBlock {P} at (0,1260) size 769x20
          RenderText {#text} at (0,0) size 59x19
            text run at (0,0) width 6: "z"
            text run at (6,0) width 10 RTL: "\x{5E9}"
            text run at (16,0) width 16: "34"
            text run at (32,0) width 27 RTL: "\x{627}\x{628}(^"
        RenderBlock {P} at (0,1296) size 769x20
          RenderText {#text} at (0,0) size 76x19
            text run at (0,0) width 6: "z"
            text run at (6,0) width 10 RTL: "\x{5E9}"
            text run at (16,0) width 60: "ab12(^34"
        RenderBlock {P} at (0,1332) size 769x20
          RenderText {#text} at (0,0) size 76x19
            text run at (0,0) width 6: "z"
            text run at (6,0) width 10 RTL: "\x{5E9}"
            text run at (16,0) width 16: "34"
            text run at (32,0) width 13 RTL: "(^"
            text run at (45,0) width 16: "12"
            text run at (61,0) width 15 RTL: "\x{5D0}\x{5D1}"
        RenderBlock {P} at (0,1368) size 769x20
          RenderText {#text} at (0,0) size 75x19
            text run at (0,0) width 6: "z"
            text run at (6,0) width 10 RTL: "\x{5E9}"
            text run at (16,0) width 16: "34"
            text run at (32,0) width 13 RTL: "(^"
            text run at (45,0) width 16: "12"
            text run at (61,0) width 14 RTL: "\x{627}\x{628}"
        RenderBlock {P} at (0,1404) size 769x20
          RenderText {#text} at (0,0) size 76x19
            text run at (0,0) width 6: "z"
            text run at (6,0) width 10 RTL: "\x{5E9}"
            text run at (16,0) width 16: "34"
            text run at (32,0) width 13 RTL: "(^"
            text run at (45,0) width 31: "ab\x{661}\x{662}"
        RenderBlock {P} at (0,1440) size 769x20
          RenderText {#text} at (0,0) size 76x19
            text run at (0,0) width 6: "z"
            text run at (6,0) width 10 RTL: "\x{5E9}"
            text run at (16,0) width 16: "34"
            text run at (32,0) width 13 RTL: "(^"
            text run at (45,0) width 16: "\x{661}\x{662}"
            text run at (61,0) width 15 RTL: "\x{5D0}\x{5D1}"
        RenderBlock {P} at (0,1476) size 769x20
          RenderText {#text} at (0,0) size 75x19
            text run at (0,0) width 6: "z"
            text run at (6,0) width 10 RTL: "\x{5E9}"
            text run at (16,0) width 16: "34"
            text run at (32,0) width 13 RTL: "(^"
            text run at (45,0) width 16: "\x{661}\x{662}"
            text run at (61,0) width 14 RTL: "\x{627}\x{628}"
        RenderBlock {P} at (0,1512) size 769x20
          RenderText {#text} at (0,0) size 52x19
            text run at (0,0) width 6: "z"
            text run at (6,0) width 10 RTL: "\x{5E9}"
            text run at (16,0) width 36: "\x{202A}?\x{202C}(^34"
        RenderBlock {P} at (0,1548) size 769x20
          RenderText {#text} at (0,0) size 52x19
            text run at (0,0) width 6: "z"
            text run at (6,0) width 10 RTL: "\x{5E9}"
            text run at (16,0) width 16: "34"
            text run at (32,0) width 13 RTL: "\x{202C}(^"
            text run at (45,0) width 7 RTL: "\x{202B}?"
        RenderBlock {P} at (0,1584) size 769x20
          RenderText {#text} at (0,0) size 60x19
            text run at (0,0) width 6: "z"
            text run at (6,0) width 10 RTL: "\x{5E9}"
            text run at (16,0) width 16: "\x{663}\x{664}"
            text run at (32,0) width 13 RTL: "(^"
            text run at (45,0) width 15: "ab"
        RenderBlock {P} at (0,1620) size 769x20
          RenderText {#text} at (0,0) size 60x19
            text run at (0,0) width 6: "z"
            text run at (6,0) width 10 RTL: "\x{5E9}"
            text run at (16,0) width 16: "\x{663}\x{664}"
            text run at (32,0) width 28 RTL: "\x{5D0}\x{5D1}(^"
        RenderBlock {P} at (0,1656) size 769x20
          RenderText {#text} at (0,0) size 59x19
            text run at (0,0) width 6: "z"
            text run at (6,0) width 10 RTL: "\x{5E9}"
            text run at (16,0) width 16: "\x{663}\x{664}"
            text run at (32,0) width 27 RTL: "\x{627}\x{628}(^"
        RenderBlock {P} at (0,1692) size 769x20
          RenderText {#text} at (0,0) size 76x19
            text run at (0,0) width 6: "z"
            text run at (6,0) width 10 RTL: "\x{5E9}"
            text run at (16,0) width 16: "\x{663}\x{664}"
            text run at (32,0) width 13 RTL: "(^"
            text run at (45,0) width 31: "ab12"
        RenderBlock {P} at (0,1728) size 769x20
          RenderText {#text} at (0,0) size 76x19
            text run at (0,0) width 6: "z"
            text run at (6,0) width 10 RTL: "\x{5E9}"
            text run at (16,0) width 16: "\x{663}\x{664}"
            text run at (32,0) width 13 RTL: "(^"
            text run at (45,0) width 16: "12"
            text run at (61,0) width 15 RTL: "\x{5D0}\x{5D1}"
        RenderBlock {P} at (0,1764) size 769x20
          RenderText {#text} at (0,0) size 75x19
            text run at (0,0) width 6: "z"
            text run at (6,0) width 10 RTL: "\x{5E9}"
            text run at (16,0) width 16: "\x{663}\x{664}"
            text run at (32,0) width 13 RTL: "(^"
            text run at (45,0) width 16: "12"
            text run at (61,0) width 14 RTL: "\x{627}\x{628}"
        RenderBlock {P} at (0,1800) size 769x20
          RenderText {#text} at (0,0) size 76x19
            text run at (0,0) width 6: "z"
            text run at (6,0) width 10 RTL: "\x{5E9}"
            text run at (16,0) width 16: "\x{663}\x{664}"
            text run at (32,0) width 13 RTL: "(^"
            text run at (45,0) width 31: "ab\x{661}\x{662}"
        RenderBlock {P} at (0,1836) size 769x20
          RenderText {#text} at (0,0) size 76x19
            text run at (0,0) width 6: "z"
            text run at (6,0) width 10 RTL: "\x{5E9}"
            text run at (16,0) width 16: "\x{663}\x{664}"
            text run at (32,0) width 13 RTL: "(^"
            text run at (45,0) width 16: "\x{661}\x{662}"
            text run at (61,0) width 15 RTL: "\x{5D0}\x{5D1}"
        RenderBlock {P} at (0,1872) size 769x20
          RenderText {#text} at (0,0) size 75x19
            text run at (0,0) width 6: "z"
            text run at (6,0) width 10 RTL: "\x{5E9}"
            text run at (16,0) width 16: "\x{663}\x{664}"
            text run at (32,0) width 13 RTL: "(^"
            text run at (45,0) width 16: "\x{661}\x{662}"
            text run at (61,0) width 14 RTL: "\x{627}\x{628}"
        RenderBlock {P} at (0,1908) size 769x20
          RenderText {#text} at (0,0) size 52x19
            text run at (0,0) width 6: "z"
            text run at (6,0) width 10 RTL: "\x{5E9}"
            text run at (16,0) width 16: "\x{663}\x{664}"
            text run at (32,0) width 13 RTL: "\x{202C}(^"
            text run at (45,0) width 7: "\x{202A}?"
        RenderBlock {P} at (0,1944) size 769x20
          RenderText {#text} at (0,0) size 52x19
            text run at (0,0) width 6: "z"
            text run at (6,0) width 10 RTL: "\x{5E9}"
            text run at (16,0) width 16: "\x{663}\x{664}"
            text run at (32,0) width 13 RTL: "\x{202C}(^"
            text run at (45,0) width 7 RTL: "\x{202B}?"
        RenderBlock {P} at (0,1980) size 769x20
          RenderText {#text} at (0,0) size 33x19
            text run at (0,0) width 0 RTL: "\x{202C}"
            text run at (0,0) width 33: "ab(^\x{202A}!"
        RenderBlock {P} at (0,2016) size 769x20
          RenderText {#text} at (0,0) size 33x19
            text run at (0,0) width 0 RTL: "\x{202C}"
            text run at (0,0) width 5: "\x{202A}!"
            text run at (5,0) width 28 RTL: "\x{5D0}\x{5D1}(^"
        RenderBlock {P} at (0,2052) size 769x20
          RenderText {#text} at (0,0) size 32x19
            text run at (0,0) width 0 RTL: "\x{202C}"
            text run at (0,0) width 5: "\x{202A}!"
            text run at (5,0) width 27 RTL: "\x{627}\x{628}(^"
        RenderBlock {P} at (0,2088) size 769x20
          RenderText {#text} at (0,0) size 49x19
            text run at (0,0) width 0 RTL: "\x{202C}"
            text run at (0,0) width 49: "ab12(^\x{202A}!"
        RenderBlock {P} at (0,2124) size 769x20
          RenderText {#text} at (0,0) size 49x19
            text run at (0,0) width 0 RTL: "\x{202C}"
            text run at (0,0) width 5: "\x{202A}!"
            text run at (5,0) width 13 RTL: "(^"
            text run at (18,0) width 16: "12"
            text run at (34,0) width 15 RTL: "\x{5D0}\x{5D1}"
        RenderBlock {P} at (0,2160) size 769x20
          RenderText {#text} at (0,0) size 48x19
            text run at (0,0) width 0 RTL: "\x{202C}"
            text run at (0,0) width 5: "\x{202A}!"
            text run at (5,0) width 13 RTL: "(^"
            text run at (18,0) width 16: "12"
            text run at (34,0) width 14 RTL: "\x{627}\x{628}"
        RenderBlock {P} at (0,2196) size 769x20
          RenderText {#text} at (0,0) size 49x19
            text run at (0,0) width 0 RTL: "\x{202C}"
            text run at (0,0) width 5: "\x{202A}!"
            text run at (5,0) width 13 RTL: "(^"
            text run at (18,0) width 31: "ab\x{661}\x{662}"
        RenderBlock {P} at (0,2232) size 769x20
          RenderText {#text} at (0,0) size 49x19
            text run at (0,0) width 0 RTL: "\x{202C}"
            text run at (0,0) width 5: "\x{202A}!"
            text run at (5,0) width 13 RTL: "(^"
            text run at (18,0) width 16: "\x{661}\x{662}"
            text run at (34,0) width 15 RTL: "\x{5D0}\x{5D1}"
        RenderBlock {P} at (0,2268) size 769x20
          RenderText {#text} at (0,0) size 48x19
            text run at (0,0) width 0 RTL: "\x{202C}"
            text run at (0,0) width 5: "\x{202A}!"
            text run at (5,0) width 13 RTL: "(^"
            text run at (18,0) width 16: "\x{661}\x{662}"
            text run at (34,0) width 14 RTL: "\x{627}\x{628}"
        RenderBlock {P} at (0,2304) size 769x20
          RenderText {#text} at (0,0) size 25x19
            text run at (0,0) width 0 RTL: "\x{202C}"
            text run at (0,0) width 25: "\x{202A}?\x{202C}(^\x{202A}!"
        RenderBlock {P} at (0,2340) size 769x20
          RenderText {#text} at (0,0) size 25x19
            text run at (0,0) width 0 RTL: "\x{202C}"
            text run at (0,0) width 5: "\x{202A}!"
            text run at (5,0) width 13 RTL: "\x{202C}(^"
            text run at (18,0) width 7 RTL: "\x{202B}?"
        RenderBlock {P} at (0,2376) size 769x20
          RenderText {#text} at (0,0) size 33x19
            text run at (0,0) width 0 RTL: "\x{202C}"
            text run at (0,0) width 5 RTL: "\x{202B}!"
            text run at (5,0) width 13 RTL: "(^"
            text run at (18,0) width 15: "ab"
        RenderBlock {P} at (0,2412) size 769x20
          RenderText {#text} at (0,0) size 33x19
            text run at (0,0) width 33 RTL: "\x{5D0}\x{5D1}(^\x{202B}!\x{202C}"
        RenderBlock {P} at (0,2448) size 769x20
          RenderText {#text} at (0,0) size 32x19
            text run at (0,0) width 32 RTL: "\x{627}\x{628}(^\x{202B}!\x{202C}"
        RenderBlock {P} at (0,2484) size 769x20
          RenderText {#text} at (0,0) size 49x19
            text run at (0,0) width 0 RTL: "\x{202C}"
            text run at (0,0) width 5 RTL: "\x{202B}!"
            text run at (5,0) width 13 RTL: "(^"
            text run at (18,0) width 31: "ab12"
        RenderBlock {P} at (0,2520) size 769x20
          RenderText {#text} at (0,0) size 49x19
            text run at (0,0) width 0 RTL: "\x{202C}"
            text run at (0,0) width 5 RTL: "\x{202B}!"
            text run at (5,0) width 13 RTL: "(^"
            text run at (18,0) width 16: "12"
            text run at (34,0) width 15 RTL: "\x{5D0}\x{5D1}"
        RenderBlock {P} at (0,2556) size 769x20
          RenderText {#text} at (0,0) size 48x19
            text run at (0,0) width 0 RTL: "\x{202C}"
            text run at (0,0) width 5 RTL: "\x{202B}!"
            text run at (5,0) width 13 RTL: "(^"
            text run at (18,0) width 16: "12"
            text run at (34,0) width 14 RTL: "\x{627}\x{628}"
        RenderBlock {P} at (0,2592) size 769x20
          RenderText {#text} at (0,0) size 49x19
            text run at (0,0) width 0 RTL: "\x{202C}"
            text run at (0,0) width 5 RTL: "\x{202B}!"
            text run at (5,0) width 13 RTL: "(^"
            text run at (18,0) width 31: "ab\x{661}\x{662}"
        RenderBlock {P} at (0,2628) size 769x20
          RenderText {#text} at (0,0) size 49x19
            text run at (0,0) width 0 RTL: "\x{202C}"
            text run at (0,0) width 5 RTL: "\x{202B}!"
            text run at (5,0) width 13 RTL: "(^"
            text run at (18,0) width 16: "\x{661}\x{662}"
            text run at (34,0) width 15 RTL: "\x{5D0}\x{5D1}"
        RenderBlock {P} at (0,2664) size 769x20
          RenderText {#text} at (0,0) size 48x19
            text run at (0,0) width 0 RTL: "\x{202C}"
            text run at (0,0) width 5 RTL: "\x{202B}!"
            text run at (5,0) width 13 RTL: "(^"
            text run at (18,0) width 16: "\x{661}\x{662}"
            text run at (34,0) width 14 RTL: "\x{627}\x{628}"
        RenderBlock {P} at (0,2700) size 769x20
          RenderText {#text} at (0,0) size 25x19
            text run at (0,0) width 0 RTL: "\x{202C}"
            text run at (0,0) width 5 RTL: "\x{202B}!"
            text run at (5,0) width 13 RTL: "\x{202C}(^"
            text run at (18,0) width 7: "\x{202A}?"
        RenderBlock {P} at (0,2736) size 769x20
          RenderText {#text} at (0,0) size 25x19
            text run at (0,0) width 25 RTL: "\x{202B}?\x{202C}(^\x{202B}!\x{202C}"
        RenderBlock {P} at (0,2772) size 769x20
          RenderText {#text} at (0,0) size 28x19
            text run at (0,0) width 0 RTL: "\x{202C}"
            text run at (0,0) width 28: "\x{202A}ab(^"
        RenderBlock {P} at (0,2808) size 769x20
          RenderText {#text} at (0,0) size 28x19
            text run at (0,0) width 0 RTL: "\x{202C}"
            text run at (0,0) width 15 RTL: "\x{202A}\x{5D0}\x{5D1}"
            text run at (15,0) width 13: "(^"
        RenderBlock {P} at (0,2844) size 769x20
          RenderText {#text} at (0,0) size 27x19
            text run at (0,0) width 0 RTL: "\x{202C}"
            text run at (0,0) width 14 RTL: "\x{202A}\x{627}\x{628}"
            text run at (14,0) width 13: "(^"
        RenderBlock {P} at (0,2880) size 769x20
          RenderText {#text} at (0,0) size 44x19
            text run at (0,0) width 0 RTL: "\x{202C}"
            text run at (0,0) width 44: "\x{202A}ab12(^"
        RenderBlock {P} at (0,2916) size 769x20
          RenderText {#text} at (0,0) size 44x19
            text run at (0,0) width 0 RTL: "\x{202C}"
            text run at (0,0) width 16: "12"
            text run at (16,0) width 15 RTL: "\x{202A}\x{5D0}\x{5D1}"
            text run at (31,0) width 13: "(^"
        RenderBlock {P} at (0,2952) size 769x20
          RenderText {#text} at (0,0) size 43x19
            text run at (0,0) width 0 RTL: "\x{202C}"
            text run at (0,0) width 16: "12"
            text run at (16,0) width 14 RTL: "\x{202A}\x{627}\x{628}"
            text run at (30,0) width 13: "(^"
        RenderBlock {P} at (0,2988) size 769x20
          RenderText {#text} at (0,0) size 44x19
            text run at (0,0) width 0 RTL: "\x{202C}"
            text run at (0,0) width 15: "\x{202A}ab"
            text run at (15,0) width 16: "\x{661}\x{662}"
            text run at (31,0) width 13: "(^"
        RenderBlock {P} at (0,3024) size 769x20
          RenderText {#text} at (0,0) size 44x19
            text run at (0,0) width 0 RTL: "\x{202C}"
            text run at (0,0) width 16: "\x{661}\x{662}"
            text run at (16,0) width 15 RTL: "\x{202A}\x{5D0}\x{5D1}"
            text run at (31,0) width 13: "(^"
        RenderBlock {P} at (0,3060) size 769x20
          RenderText {#text} at (0,0) size 43x19
            text run at (0,0) width 0 RTL: "\x{202C}"
            text run at (0,0) width 16: "\x{661}\x{662}"
            text run at (16,0) width 14 RTL: "\x{202A}\x{627}\x{628}"
            text run at (30,0) width 13: "(^"
        RenderBlock {P} at (0,3096) size 769x20
          RenderText {#text} at (0,0) size 20x19
            text run at (0,0) width 0 RTL: "\x{202C}"
            text run at (0,0) width 7: "\x{202A}\x{202A}?"
            text run at (7,0) width 13: "\x{202C}(^"
        RenderBlock {P} at (0,3132) size 769x20
          RenderText {#text} at (0,0) size 20x19
            text run at (0,0) width 0 RTL: "\x{202C}"
            text run at (0,0) width 7 RTL: "\x{202A}\x{202B}?"
            text run at (7,0) width 13: "\x{202C}(^"
