layer at (0,0) size 800x600
  RenderView at (0,0) size 800x600
layer at (0,0) size 800x164
  RenderBlock {HTML} at (0,0) size 800x164
    RenderBody {BODY} at (8,16) size 784x132
      RenderBlock {P} at (0,0) size 784x40
        RenderText {#text} at (0,0) size 760x39
          text run at (0,0) width 760: "This HTML tests if the 'while-space' property controls the behavors of line-break characters (U+000A and U+000D) in a"
          text run at (0,20) width 85: "complex text."
      RenderBlock {P} at (0,56) size 784x20
        RenderText {#text} at (0,0) size 497x19
          text run at (0,0) width 290: "If this test succeeds, you can see three words \""
          text run at (290,0) width 30 RTL: "\x{5E9}\x{5D5}\x{5BC}\x{5E8}\x{5D4}"
          text run at (320,0) width 177: "\", separated with line-break."
      RenderBlock {P} at (0,92) size 784x40
        RenderText {#text} at (0,0) size 60x39
          text run at (0,0) width 30 RTL: "\x{5E9}\x{5D5}\x{5BC}\x{5E8}\x{5D4}"
          text run at (30,0) width 0: " "
          text run at (0,20) width 30 RTL: "\x{5E9}\x{5D5}\x{5BC}\x{5E8}\x{5D4}"
          text run at (30,20) width 0: "\x{D}"
          text run at (30,20) width 30 RTL: "\x{5E9}\x{5D5}\x{5BC}\x{5E8}\x{5D4}"
