layer at (0,0) size 800x600
  RenderView at (0,0) size 800x600
layer at (0,0) size 800x600
  RenderBlock {HTML} at (0,0) size 800x600
    RenderBody {BODY} at (8,8) size 784x576
      RenderBlock (anonymous) at (0,0) size 784x40
        RenderText {#text} at (0,0) size 755x39
          text run at (0,0) width 464: "The following tests text iteration over RTL text embedded with LTR text. "
          text run at (464,0) width 291: "TextIterators are used for find, spellcheck, and"
          text run at (0,20) width 64: ".innerText"
      RenderBlock (anonymous) at (0,58) size 784x20
        RenderText {#text} at (0,0) size 134x19
          text run at (0,0) width 134: "Embedded Numbers:"
      RenderBlock {DIV} at (0,78) size 784x20 [color=#0000FF]
        RenderText {#text} at (0,0) size 107x19
          text run at (0,0) width 55: "Testing ("
          text run at (55,0) width 12 RTL: "\x{5DF}\x{5DE}"
          text run at (67,0) width 8: "3"
          text run at (75,0) width 27 RTL: "\x{5D7}\x{5D5}\x{5D3}\x{5D0}"
          text run at (102,0) width 5: ")"
      RenderBlock (anonymous) at (0,98) size 784x20
        RenderText {#text} at (0,0) size 105x19
          text run at (0,0) width 105: "Embedded LTR:"
      RenderBlock {DIV} at (0,118) size 784x20 [color=#0000FF]
        RenderText {#text} at (0,0) size 130x19
          text run at (0,0) width 55: "Testing ("
          text run at (55,0) width 27 RTL: "\x{5D7}\x{5D5}\x{5D3}\x{5D0}"
          text run at (82,0) width 31: "hello"
          text run at (113,0) width 12 RTL: "\x{5DF}\x{5DE}"
          text run at (125,0) width 5: ")"
      RenderBlock (anonymous) at (0,138) size 784x20
        RenderText {#text} at (0,0) size 190x19
          text run at (0,0) width 190: "Embedded Numbers and LTR"
      RenderBlock {DIV} at (0,158) size 784x20 [color=#0000FF]
        RenderText {#text} at (0,0) size 127x19
          text run at (0,0) width 55: "Testing ("
          text run at (55,0) width 24 RTL: "\x{5E7}\x{5E7}\x{5E8}"
          text run at (79,0) width 8: "3"
          text run at (87,0) width 27 RTL: "\x{5D9}\x{5E7}\x{5DD}\x{5DC}"
          text run at (114,0) width 13: "h)"
      RenderBlock (anonymous) at (0,178) size 784x20
        RenderText {#text} at (0,0) size 218x19
          text run at (0,0) width 218: "Embedded Numbers with spacing:"
      RenderBlock {DIV} at (0,198) size 784x20 [color=#0000FF]
        RenderText {#text} at (0,0) size 232x19
          text run at (0,0) width 55: "Testing ("
          text run at (55,0) width 31 RTL: " \x{5D7}\x{5D5}\x{5D3}\x{5D0}"
          text run at (86,0) width 24: "300"
          text run at (110,0) width 43 RTL: "\x{5D7}\x{5D5}\x{5D3}\x{5D0}\x{5DF}\x{5DE} "
          text run at (153,0) width 40: "34023"
          text run at (193,0) width 34 RTL: "\x{5D9}\x{5E7}\x{5DA}\x{5DA}\x{5DD}"
          text run at (227,0) width 5: ")"
      RenderBlock (anonymous) at (0,218) size 784x20
        RenderText {#text} at (0,0) size 69x19
          text run at (0,0) width 69: "Plain LTR:"
      RenderBlock {DIV} at (0,238) size 784x20 [color=#0000FF]
        RenderText {#text} at (0,0) size 91x19
          text run at (0,0) width 91: "Testing (hello)"
      RenderBlock (anonymous) at (0,258) size 784x20
        RenderText {#text} at (0,0) size 189x19
          text run at (0,0) width 189: "Embedded LTR with spacing:"
      RenderBlock {DIV} at (0,278) size 784x20 [color=#0000FF]
        RenderText {#text} at (0,0) size 168x19
          text run at (0,0) width 55: "Testing ("
          text run at (55,0) width 53 RTL: "\x{5D7}\x{5D5}\x{5D3}\x{5D9}\x{5E7}\x{5DA}\x{5DA}\x{5DD}"
          text run at (108,0) width 39: " hello "
          text run at (147,0) width 16 RTL: "\x{5DF}\x{5DE}\x{5D9}"
          text run at (163,0) width 5: ")"
      RenderBlock (anonymous) at (0,298) size 784x20
        RenderText {#text} at (0,0) size 162x19
          text run at (0,0) width 162: "Mixed but not embedded:"
      RenderBlock {DIV} at (0,318) size 784x20 [color=#0000FF]
        RenderText {#text} at (0,0) size 122x19
          text run at (0,0) width 86: "Testing (hello"
          text run at (86,0) width 31 RTL: "\x{5D7}\x{5D5}\x{5D3}\x{5DF}\x{5DE}"
          text run at (117,0) width 5: ")"
      RenderBlock (anonymous) at (0,338) size 784x20
        RenderText {#text} at (0,0) size 162x19
          text run at (0,0) width 162: "Mixed but not embedded:"
      RenderBlock {DIV} at (0,358) size 784x20 [color=#0000FF]
        RenderText {#text} at (0,0) size 122x19
          text run at (0,0) width 55: "Testing ("
          text run at (55,0) width 31 RTL: "\x{5D7}\x{5D5}\x{5D3}\x{5DF}\x{5DE}"
          text run at (86,0) width 36: "hello)"
      RenderBlock {OL} at (0,394) size 784x0
layer at (8,56) size 784x2 clip at (0,0) size 0x0
  RenderBlock {HR} at (0,48) size 784x2 [border: (1px inset #000000)]
