layer at (0,0) size 800x600
  RenderView at (0,0) size 800x600
layer at (0,0) size 800x600
  RenderBlock {HTML} at (0,0) size 800x600
    RenderBody {BODY} at (8,8) size 784x584
      RenderBlock {P} at (0,0) size 784x40
        RenderText {#text} at (0,0) size 430x19
          text run at (0,0) width 430: "This tests that bidirectional text is correctly rendered in list box controls."
        RenderBR {BR} at (430,0) size 0x19
        RenderText {#text} at (0,20) size 543x19
          text run at (0,20) width 543: "The order of the text below each list box should match the order of the select's option text."
      RenderBlock (anonymous) at (0,56) size 784x55
        RenderText {#text} at (0,0) size 92x19
          text run at (0,0) width 92: "1) direction: rtl;"
        RenderBR {BR} at (92,0) size 0x19
        RenderListBox {SELECT} at (0,20) size 92x35 [bgcolor=#FFFFFF] [border: (1px inset #808080)]
        RenderBR {BR} at (92,33) size 0x19
      RenderBlock {DIV} at (0,111) size 100x20
        RenderText {#text} at (31,0) size 69x19
          text run at (31,0) width 47 RTL: "\x{5D0}\x{5E4}\x{5E8}\x{5E1}\x{5DE}\x{5D5}\x{5DF}"
          text run at (78,0) width 22: "abc"
      RenderBlock (anonymous) at (0,131) size 784x75
        RenderBR {BR} at (0,0) size 0x19
        RenderText {#text} at (0,20) size 92x19
          text run at (0,20) width 92: "2) direction: ltr;"
        RenderBR {BR} at (92,20) size 0x19
        RenderListBox {SELECT} at (0,40) size 92x35 [bgcolor=#FFFFFF] [border: (1px inset #808080)]
        RenderBR {BR} at (92,53) size 0x19
      RenderBlock {DIV} at (0,206) size 100x20
        RenderText {#text} at (0,0) size 69x19
          text run at (0,0) width 22: "abc"
          text run at (22,0) width 47 RTL: "\x{5D0}\x{5E4}\x{5E8}\x{5E1}\x{5DE}\x{5D5}\x{5DF}"
      RenderBlock (anonymous) at (0,226) size 784x75
        RenderBR {BR} at (0,0) size 0x19
        RenderText {#text} at (0,20) size 68x19
          text run at (0,20) width 68: "3) No style"
        RenderBR {BR} at (68,20) size 0x19
        RenderListBox {SELECT} at (0,40) size 92x35 [bgcolor=#FFFFFF] [border: (1px inset #808080)]
        RenderBR {BR} at (92,53) size 0x19
      RenderBlock {DIV} at (0,301) size 100x20
        RenderText {#text} at (0,0) size 69x19
          text run at (0,0) width 22: "abc"
          text run at (22,0) width 47 RTL: "\x{5D0}\x{5E4}\x{5E8}\x{5E1}\x{5DE}\x{5D5}\x{5DF}"
      RenderBlock (anonymous) at (0,321) size 784x20
        RenderBR {BR} at (0,0) size 0x19
