layer at (0,0) size 800x600
  RenderView at (0,0) size 800x600
layer at (0,0) size 800x136
  RenderBlock {HTML} at (0,0) size 800x136
    RenderBody {BODY} at (8,16) size 784x104
      RenderBlock {P} at (0,0) size 784x36
        RenderText {#text} at (0,0) size 760x35
          text run at (0,0) width 760: "This HTML tests if the 'while-space' property controls the behavors of line-break characters (U+000A and U+000D) in a"
          text run at (0,18) width 85: "complex text."
      RenderBlock {P} at (0,52) size 784x18
        RenderText {#text} at (0,0) size 471x17
          text run at (0,0) width 292: "If this test succeeds, you can see three words \""
          text run at (291,0) width 31 RTL: "\x{5E9}\x{5D5}\x{5BC}\x{5E8}\x{5D4}"
          text run at (321,0) width 150: "\", separated with space."
      RenderBlock {P} at (0,86) size 784x18
        RenderText {#text} at (0,0) size 94x17
          text run at (0,0) width 64 RTL: "\x{5E9}\x{5D5}\x{5BC}\x{5E8}\x{5D4} \x{5E9}\x{5D5}\x{5BC}\x{5E8}\x{5D4}"
          text run at (64,0) width 0: "\x{D}"
          text run at (64,0) width 30 RTL: "\x{5E9}\x{5D5}\x{5BC}\x{5E8}\x{5D4}"
