layer at (0,0) size 800x600
  RenderView at (0,0) size 800x600
layer at (0,0) size 800x524
  RenderBlock {HTML} at (0,0) size 800x524
    RenderBody {BODY} at (8,16) size 784x492
      RenderBlock {P} at (0,0) size 784x60
        RenderText {#text} at (0,0) size 773x59
          text run at (0,0) width 773: "In each line, reading from left to right, the bracket should appear before the parenthesis. The bracket should be a left bracket and"
          text run at (0,20) width 763: "the parenthesis should be a right parenthesis. In each line, Roman characters and digits should be in increasing order from left to"
          text run at (0,40) width 30: "right."
      RenderBlock {P} at (0,76) size 784x20
        RenderText {#text} at (0,0) size 47x19
          text run at (0,0) width 20 RTL: "\x{5D0}\x{5D1}\x{5D2}"
          text run at (20,0) width 27: " def "
        RenderInline {SPAN} at (0,0) size 31x19
          RenderText {#text} at (47,0) size 31x19
            text run at (47,0) width 31 RTL: "(\x{5D6}\x{5D7}\x{5D8}]"
        RenderText {#text} at (78,0) size 19x19
          text run at (78,0) width 19: " jkl"
      RenderBlock {P} at (0,112) size 784x20
        RenderText {#text} at (0,0) size 47x19
          text run at (0,0) width 20 RTL: "\x{5D0}\x{5D1}\x{5D2}"
          text run at (20,0) width 27: " def "
        RenderInline {SPAN} at (0,0) size 27x19
          RenderText {#text} at (47,0) size 27x19
            text run at (47,0) width 5 RTL: "]"
            text run at (52,0) width 17: "ghi"
            text run at (69,0) width 5 RTL: "("
        RenderText {#text} at (74,0) size 19x19
          text run at (74,0) width 19: " jkl"
      RenderBlock {P} at (0,148) size 784x20
        RenderText {#text} at (0,0) size 26x19
          text run at (0,0) width 26: "abc "
        RenderInline {SPAN} at (0,0) size 46x19
          RenderText {#text} at (26,0) size 46x19
            text run at (26,0) width 5 RTL: "]"
            text run at (31,0) width 16: "23"
            text run at (47,0) width 4 RTL: " "
            text run at (51,0) width 16: "45"
            text run at (67,0) width 5 RTL: "("
        RenderText {#text} at (72,0) size 22x19
          text run at (72,0) width 22: " fgh"
      RenderBlock {P} at (0,184) size 784x20
        RenderText {#text} at (0,0) size 94x19
          text run at (0,0) width 26: "abc "
          text run at (26,0) width 5 RTL: "]"
          text run at (31,0) width 16: "23"
          text run at (47,0) width 4 RTL: " "
          text run at (51,0) width 16: "45"
          text run at (67,0) width 5 RTL: "\x{202B}("
          text run at (72,0) width 22: "\x{202C} fgh"
      RenderBlock {P} at (0,220) size 784x20
        RenderText {#text} at (0,0) size 84x19
          text run at (0,0) width 26: "abc "
          text run at (26,0) width 5 RTL: "]"
          text run at (31,0) width 30: "de fg"
          text run at (61,0) width 5 RTL: "\x{202B}("
          text run at (66,0) width 18: "\x{202C} hij"
      RenderBlock {P} at (0,256) size 784x20
        RenderText {#text} at (0,0) size 8x19
          text run at (0,0) width 8: "1"
        RenderInline {SPAN} at (0,0) size 44x19
          RenderText {#text} at (8,0) size 44x19
            text run at (8,0) width 5 RTL: "]"
            text run at (13,0) width 34: "ab cd"
            text run at (47,0) width 5 RTL: "("
        RenderText {#text} at (0,0) size 0x0
      RenderBlock {P} at (0,292) size 784x20
        RenderText {#text} at (0,0) size 8x19
          text run at (0,0) width 8: "1"
        RenderInline {SPAN} at (0,0) size 41x19
          RenderText {#text} at (8,0) size 41x19
            text run at (8,0) width 21 RTL: " \x{5D2}\x{5D3}]"
            text run at (29,0) width 15: "ab"
            text run at (44,0) width 5 RTL: "("
        RenderText {#text} at (0,0) size 0x0
      RenderBlock {P} at (0,328) size 784x20
        RenderText {#text} at (0,0) size 8x19
          text run at (0,0) width 8: "1"
        RenderInline {SPAN} at (0,0) size 18x19
          RenderText {#text} at (8,0) size 18x19
            text run at (8,0) width 5 RTL: "]"
            text run at (13,0) width 8: "2"
            text run at (21,0) width 5 RTL: "\x{202B}("
            text run at (26,0) width 0: "\x{202C}"
        RenderText {#text} at (0,0) size 0x0
      RenderBlock {P} at (0,364) size 784x20
        RenderText {#text} at (0,0) size 8x19
          text run at (0,0) width 8: "1"
        RenderInline {SPAN} at (0,0) size 17x19
          RenderText {#text} at (8,0) size 17x19
            text run at (8,0) width 5 RTL: "]"
            text run at (13,0) width 7: "a"
            text run at (20,0) width 5 RTL: "\x{202B}("
            text run at (25,0) width 0: "\x{202C}"
        RenderText {#text} at (0,0) size 0x0
      RenderBlock {P} at (0,400) size 784x20
        RenderText {#text} at (0,0) size 49x19
          text run at (0,0) width 8: "1"
          text run at (8,0) width 21 RTL: " \x{5D2}\x{5D3}]"
          text run at (29,0) width 15: "ab"
          text run at (44,0) width 5 RTL: "\x{202B}("
          text run at (49,0) width 0: "\x{202C}"
      RenderBlock {P} at (0,436) size 784x20
        RenderInline {SPAN} at (0,0) size 79x19
          RenderText {#text} at (0,0) size 79x19
            text run at (0,0) width 5 RTL: "]"
            text run at (5,0) width 22: "abc"
            text run at (27,0) width 28 RTL: " \x{5D0}\x{5D1}\x{5D2} "
            text run at (55,0) width 19: "def"
            text run at (74,0) width 5 RTL: "("
        RenderText {#text} at (0,0) size 0x0
      RenderBlock {P} at (0,472) size 784x20
        RenderText {#text} at (0,0) size 79x19
          text run at (0,0) width 5 RTL: "]"
          text run at (5,0) width 22: "abc"
          text run at (27,0) width 28 RTL: " \x{5D0}\x{5D1}\x{5D2} "
          text run at (55,0) width 19: "def"
          text run at (74,0) width 5 RTL: "\x{202B}("
          text run at (79,0) width 0: "\x{202C}"
