layer at (0,0) size 800x600
  RenderView at (0,0) size 800x600
layer at (0,0) size 800x600
  RenderBlock {HTML} at (0,0) size 800x600
    RenderBody {BODY} at (8,8) size 784x584
      RenderBlock {P} at (0,0) size 784x20
        RenderText {#text} at (0,0) size 274x19
          text run at (0,0) width 274: "This test covers Hebrew vowel positioning."
      RenderBlock {P} at (0,54) size 784x20
        RenderText {#text} at (0,0) size 457x19
          text run at (0,0) width 457: "The vowel (two vertical dots) should be centered beneath the main letter."
      RenderBlock {DIV} at (0,90) size 784x93
        RenderText {#text} at (49,1) size 58x90
          text run at (49,1) width 58 RTL: "\x{5E1}\x{5B0} "
        RenderText {#text} at (0,1) size 49x90
          text run at (0,1) width 49 RTL: "\x{5E9}\x{5B0}"
        RenderText {#text} at (0,0) size 0x0
      RenderBlock {P} at (0,209) size 784x20
        RenderText {#text} at (0,0) size 637x19
          text run at (0,0) width 637: "The dot should be positioned on the right side of the first letter, and on the left side of the second one."
      RenderBlock {DIV} at (0,245) size 784x186
        RenderText {#text} at (0,1) size 49x90
          text run at (0,1) width 49 RTL: "\x{5E9}\x{5C1}"
        RenderBR {BR} at (49,1) size 0x90
        RenderText {#text} at (0,94) size 49x90
          text run at (0,94) width 49 RTL: "\x{5E9}\x{5C2}"
        RenderText {#text} at (0,0) size 0x0
layer at (8,44) size 784x2 clip at (0,0) size 0x0
  RenderBlock {HR} at (0,36) size 784x2 [border: (1px inset #000000)]
layer at (8,199) size 784x2 clip at (0,0) size 0x0
  RenderBlock {HR} at (0,191) size 784x2 [border: (1px inset #000000)]
