layer at (0,0) size 800x600
  RenderView at (0,0) size 800x600
layer at (0,0) size 800x600
  RenderBlock {HTML} at (0,0) size 800x600
    RenderBody {BODY} at (8,8) size 784x584
      RenderText {#text} at (0,0) size 777x39
        text run at (0,0) width 777: "This tests the width of a breaking space after a Hindi character to ensure that it's measured properly and enough space is left"
        text run at (0,20) width 752: "for it. Neither the Hindi on the button below nor the same text on two lines below that should be truncated at either end."
      RenderBR {BR} at (752,20) size 0x19
      RenderButton {INPUT} at (0,40) size 118x26 [color=#000000CC] [bgcolor=#C0C0C0] [border: (2px outset #C0C0C0)]
        RenderBlock (anonymous) at (8,4) size 102x17
          RenderText at (0,1) size 102x16
            text run at (0,1) width 102: "\x{915}\x{93F}\x{938}\x{940} \x{92D}\x{940} \x{924}\x{930}\x{939} \x{906}\x{917}\x{947} \x{92C}"
      RenderBR {BR} at (118,43) size 0x19
      RenderInline {SPAN} at (0,0) size 130x19
        RenderText {#text} at (0,68) size 130x19
          text run at (0,68) width 130: "\x{915}\x{93F}\x{938}\x{940} \x{92D}\x{940} \x{924}\x{930}\x{939} \x{906}\x{917}\x{947} \x{92C}"
      RenderText {#text} at (130,68) size 25x19
        text run at (130,68) width 25: "Foo"
      RenderBR {BR} at (155,68) size 0x19
      RenderInline {SPAN} at (0,0) size 130x19
        RenderText {#text} at (0,90) size 130x19
          text run at (0,90) width 130: "\x{915}\x{93F}\x{938}\x{940} \x{92D}\x{940} \x{924}\x{930}\x{939} \x{906}\x{917}\x{947} \x{92C}"
      RenderText {#text} at (130,90) size 25x19
        text run at (130,90) width 25: "Foo"
      RenderBR {BR} at (155,90) size 0x19
