layer at (0,0) size 800x600
  RenderView at (0,0) size 800x600
layer at (0,0) size 800x600
  RenderBlock {HTML} at (0,0) size 800x600
    RenderBody {BODY} at (8,8) size 784x584
      RenderBlock {P} at (0,0) size 784x40
        RenderText {#text} at (0,0) size 172x19
          text run at (0,0) width 172: "This is a regression test for "
        RenderInline {I} at (0,0) size 777x39
          RenderInline {A} at (0,0) size 348x19 [color=#0000EE]
            RenderText {#text} at (172,0) size 348x19
              text run at (172,0) width 348: "http://bugzilla.opendarwin.org/show_bug.cgi?id=8866"
          RenderText {#text} at (520,0) size 777x39
            text run at (520,0) width 4: " "
            text run at (524,0) width 253: "REGRESSION: Incorrect caret position"
            text run at (0,20) width 70: "in RTL text"
        RenderText {#text} at (70,20) size 4x19
          text run at (70,20) width 4: "."
      RenderBlock {P} at (0,56) size 784x20
        RenderText {#text} at (0,0) size 346x19
          text run at (0,0) width 346: "The caret should be in the middle of the Hebrew word."
      RenderBlock {DIV} at (0,102) size 784x20
        RenderText {#text} at (0,0) size 48x19
          text run at (0,0) width 48 RTL: "\x{5D0}\x{5D5}\x{5DB}\x{5DE}\x{5E0}\x{5D9}\x{5D5}\x{5EA}"
layer at (8,100) size 784x2 clip at (0,0) size 0x0
  RenderBlock {HR} at (0,92) size 784x2 [border: (1px inset #000000)]
caret: position 5 of child 0 {#text} of child 7 {DIV} of body
