layer at (0,0) size 800x600
  RenderView at (0,0) size 800x600
layer at (0,0) size 95x600
  RenderBlock {HTML} at (0,0) size 95x600
    RenderBody {BODY} at (30,8) size 35x584
      RenderBlock {P} at (0,0) size 35x584
        RenderText {#text} at (1,0) size 34x367
          text run at (1,0) width 367: "ABC\x{4E39}\x{7FBD} \x{4EAE}\x{4ECB}ABC\x{4E39}\x{7FBD} \x{4EAE}\x{4ECB}"
