layer at (0,0) size 785x28077
  RenderView at (0,0) size 785x600
layer at (0,0) size 785x600
  RenderBlock {HTML} at (0,0) size 785x600
    RenderBody {BODY} at (8,8) size 769x576
      RenderBlock {P} at (0,0) size 769x72
        RenderText {#text} at (0,0) size 764x71
          text run at (0,0) width 764: "The column on the right has explicit spaces. Line breaks should be roughly the same if Thai line breaks are working well."
          text run at (0,18) width 760: "The original source of this text was ICU, and the test program said \"by it's very nature, Thai word breaking is not exact\","
          text run at (0,36) width 758: "so the columns don't match exactly. In a future version we might decide to tweak the right column to match our expected"
          text run at (0,54) width 58: "behavior."
layer at (236,96) size 1x26628
  RenderBlock (positioned) {DIV} at (235,96) size 2x26628
    RenderText {#text} at (0,3) size 75x26624
      text run at (0,3) width 18: "\x{E1A}\x{E17}"
      text run at (0,24) width 45: "\x{E17}\x{E35}\x{E48}\x{E51}\x{E1E}\x{E32}\x{E22}\x{E38}"
      text run at (0,45) width 48: "\x{E44}\x{E0B}\x{E42}\x{E04}\x{E25}\x{E19}"
      text run at (0,66) width 16: "\x{E42}\x{E14}"
      text run at (0,87) width 22: "\x{E42}\x{E23}\x{E18}\x{E35}"
      text run at (0,108) width 32: "\x{E2D}\x{E32}\x{E28}\x{E31}\x{E22}"
      text run at (0,129) width 16: "\x{E2D}\x{E22}\x{E39}\x{E48}"
      text run at (0,150) width 56: "\x{E17}\x{E48}\x{E32}\x{E21}\x{E01}\x{E25}\x{E32}\x{E07}"
      text run at (0,171) width 41: "\x{E17}\x{E38}\x{E48}\x{E07}\x{E43}\x{E2B}\x{E0D}\x{E48}"
      text run at (0,192) width 16: "\x{E43}\x{E19}"
      text run at (0,213) width 46: "\x{E41}\x{E04}\x{E19}\x{E0B}\x{E31}\x{E2A}"
      text run at (0,234) width 18: "\x{E01}\x{E31}\x{E1A}"
      text run at (0,255) width 15: "\x{E25}\x{E38}\x{E07}"
      text run at (0,276) width 13: "\x{E40}\x{E2E}"
      text run at (0,297) width 17: "\x{E19}\x{E23}\x{E35}"
      text run at (0,318) width 35: "\x{E0A}\x{E32}\x{E27}\x{E44}\x{E23}\x{E48}"
      text run at (0,339) width 22: "\x{E41}\x{E25}\x{E30}"
      text run at (0,360) width 16: "\x{E1B}\x{E49}\x{E32}"
      text run at (0,381) width 21: "\x{E40}\x{E2D}\x{E47}\x{E21}"
      text run at (0,402) width 39: "\x{E20}\x{E23}\x{E23}\x{E22}\x{E32}"
      text run at (0,423) width 35: "\x{E0A}\x{E32}\x{E27}\x{E44}\x{E23}\x{E48}"
      text run at (0,444) width 26: "\x{E1A}\x{E49}\x{E32}\x{E19}"
      text run at (0,465) width 24: "\x{E02}\x{E2D}\x{E07}"
      text run at (0,486) width 27: "\x{E1E}\x{E27}\x{E01}"
      text run at (0,507) width 21: "\x{E40}\x{E02}\x{E32}"
      text run at (0,528) width 24: "\x{E2B}\x{E25}\x{E31}\x{E07}"
      text run at (0,549) width 22: "\x{E40}\x{E25}\x{E47}\x{E01}"
      text run at (0,570) width 34: "\x{E40}\x{E1E}\x{E23}\x{E32}\x{E30}"
      text run at (0,591) width 15: "\x{E44}\x{E21}\x{E49}"
      text run at (0,612) width 29: "\x{E2A}\x{E23}\x{E49}\x{E32}\x{E07}"
      text run at (0,633) width 26: "\x{E1A}\x{E49}\x{E32}\x{E19}"
      text run at (0,654) width 23: "\x{E15}\x{E49}\x{E2D}\x{E07}"
      text run at (0,675) width 20: "\x{E02}\x{E19}"
      text run at (0,696) width 16: "\x{E21}\x{E32}"
      text run at (0,717) width 24: "\x{E14}\x{E49}\x{E27}\x{E22}"
      text run at (0,738) width 38: "\x{E40}\x{E01}\x{E27}\x{E35}\x{E22}\x{E19}"
      text run at (0,759) width 23: "\x{E40}\x{E1B}\x{E47}\x{E19}"
      text run at (0,780) width 25: "\x{E23}\x{E30}\x{E22}\x{E30}"
      text run at (0,801) width 22: "\x{E17}\x{E32}\x{E07}"
      text run at (0,822) width 33: "\x{E2B}\x{E25}\x{E32}\x{E22}"
      text run at (0,843) width 24: "\x{E44}\x{E21}\x{E25}\x{E4C}"
      text run at (0,864) width 26: "\x{E1A}\x{E49}\x{E32}\x{E19}"
      text run at (0,885) width 9: "\x{E21}\x{E35}"
      text run at (0,906) width 9: "\x{E2A}\x{E35}\x{E48}"
      text run at (0,927) width 17: "\x{E1D}\x{E32}"
      text run at (0,948) width 9: "\x{E21}\x{E35}"
      text run at (0,969) width 21: "\x{E1E}\x{E37}\x{E49}\x{E19}"
      text run at (0,990) width 18: "\x{E01}\x{E31}\x{E1A}"
      text run at (0,1011) width 40: "\x{E2B}\x{E25}\x{E31}\x{E07}\x{E04}\x{E32}"
      text run at (0,1032) width 23: "\x{E23}\x{E27}\x{E21}"
      text run at (0,1053) width 16: "\x{E17}\x{E33}"
      text run at (0,1074) width 23: "\x{E40}\x{E1B}\x{E47}\x{E19}"
      text run at (0,1095) width 23: "\x{E2B}\x{E49}\x{E2D}\x{E07}"
      text run at (0,1116) width 28: "\x{E40}\x{E14}\x{E35}\x{E22}\x{E27}"
      text run at (0,1137) width 16: "\x{E43}\x{E19}"
      text run at (0,1158) width 23: "\x{E2B}\x{E49}\x{E2D}\x{E07}"
      text run at (0,1179) width 9: "\x{E21}\x{E35}"
      text run at (0,1200) width 15: "\x{E17}\x{E31}\x{E49}\x{E07}"
      text run at (0,1221) width 20: "\x{E40}\x{E15}\x{E32}"
      text run at (0,1242) width 15: "\x{E2B}\x{E38}\x{E07}"
      text run at (0,1263) width 18: "\x{E15}\x{E49}\x{E21}"
      text run at (0,1284) width 9: "\x{E17}\x{E35}\x{E48}"
      text run at (0,1305) width 28: "\x{E2A}\x{E19}\x{E34}\x{E21}"
      text run at (0,1326) width 9: "\x{E14}\x{E39}"
      text run at (0,1347) width 20: "\x{E02}\x{E36}\x{E49}\x{E19}"
      text run at (0,1368) width 26: "\x{E40}\x{E25}\x{E2D}\x{E30}"
      text run at (0,1389) width 9: "\x{E21}\x{E35}"
      text run at (0,1410) width 9: "\x{E15}\x{E39}\x{E49}"
      text run at (0,1431) width 15: "\x{E43}\x{E2A}\x{E48}"
      text run at (0,1452) width 24: "\x{E16}\x{E49}\x{E27}\x{E22}"
      text run at (0,1473) width 26: "\x{E0A}\x{E32}\x{E21}"
      text run at (0,1494) width 21: "\x{E42}\x{E15}\x{E4A}\x{E30}"
      text run at (0,1515) width 28: "\x{E40}\x{E01}\x{E49}\x{E32}\x{E2D}\x{E35}\x{E49}"
      text run at (0,1536) width 25: "\x{E2A}\x{E32}\x{E21}"
      text run at (0,1557) width 24: "\x{E2B}\x{E23}\x{E37}\x{E2D}"
      text run at (0,1578) width 9: "\x{E2A}\x{E35}\x{E48}"
      text run at (0,1599) width 16: "\x{E15}\x{E31}\x{E27}"
      text run at (0,1620) width 24: "\x{E41}\x{E25}\x{E49}\x{E27}"
      text run at (0,1641) width 9: "\x{E01}\x{E47}"
      text run at (0,1662) width 9: "\x{E21}\x{E35}"
      text run at (0,1683) width 27: "\x{E40}\x{E15}\x{E35}\x{E22}\x{E07}"
      text run at (0,1704) width 28: "\x{E19}\x{E2D}\x{E19}"
      text run at (0,1725) width 15: "\x{E25}\x{E38}\x{E07}"
      text run at (0,1746) width 13: "\x{E40}\x{E2E}"
      text run at (0,1767) width 17: "\x{E19}\x{E23}\x{E35}"
      text run at (0,1788) width 18: "\x{E01}\x{E31}\x{E1A}"
      text run at (0,1809) width 16: "\x{E1B}\x{E49}\x{E32}"
      text run at (0,1830) width 21: "\x{E40}\x{E2D}\x{E47}\x{E21}"
      text run at (0,1851) width 9: "\x{E21}\x{E35}"
      text run at (0,1872) width 27: "\x{E40}\x{E15}\x{E35}\x{E22}\x{E07}"
      text run at (0,1893) width 28: "\x{E19}\x{E2D}\x{E19}"
      text run at (0,1914) width 28: "\x{E43}\x{E2B}\x{E0D}\x{E48}"
      text run at (0,1935) width 16: "\x{E2D}\x{E22}\x{E39}\x{E48}"
      text run at (0,1956) width 9: "\x{E17}\x{E35}\x{E48}"
      text run at (0,1977) width 18: "\x{E21}\x{E38}\x{E21}"
      text run at (0,1998) width 25: "\x{E2B}\x{E19}\x{E36}\x{E48}\x{E07}"
      text run at (0,2019) width 26: "\x{E2A}\x{E48}\x{E27}\x{E19}"
      text run at (0,2040) width 16: "\x{E42}\x{E14}"
      text run at (0,2061) width 14: "\x{E42}\x{E23}"
      text run at (0,2082) width 17: "\x{E18}\x{E35}\x{E21}\x{E35}"
      text run at (0,2103) width 27: "\x{E40}\x{E15}\x{E35}\x{E22}\x{E07}"
      text run at (0,2124) width 22: "\x{E40}\x{E25}\x{E47}\x{E01}"
      text run at (0,2145) width 17: "\x{E2D}\x{E35}\x{E01}"
      text run at (0,2166) width 9: "\x{E17}\x{E35}\x{E48}"
      text run at (0,2187) width 18: "\x{E21}\x{E38}\x{E21}"
      text run at (0,2208) width 25: "\x{E2B}\x{E19}\x{E36}\x{E48}\x{E07}"
      text run at (0,2229) width 24: "\x{E44}\x{E21}\x{E48}\x{E21}\x{E35}"
      text run at (0,2250) width 23: "\x{E2B}\x{E49}\x{E2D}\x{E07}"
      text run at (0,2271) width 15: "\x{E43}\x{E15}\x{E49}"
      text run at (0,2292) width 41: "\x{E40}\x{E1E}\x{E14}\x{E32}\x{E19}"
      text run at (0,2313) width 21: "\x{E40}\x{E25}\x{E22}"
      text run at (0,2334) width 23: "\x{E2B}\x{E49}\x{E2D}\x{E07}"
      text run at (0,2355) width 34: "\x{E43}\x{E15}\x{E49}\x{E16}\x{E38}\x{E19}"
      text run at (0,2376) width 9: "\x{E01}\x{E47}"
      text run at (0,2397) width 24: "\x{E44}\x{E21}\x{E48}\x{E21}\x{E35}"
      text run at (0,2418) width 21: "\x{E40}\x{E27}\x{E49}\x{E19}"
      text run at (0,2439) width 17: "\x{E41}\x{E15}\x{E48}"
      text run at (0,2460) width 9: "\x{E21}\x{E35}"
      text run at (0,2481) width 18: "\x{E42}\x{E1E}"
      text run at (0,2502) width 13: "\x{E23}\x{E07}"
      text run at (0,2523) width 29: "\x{E40}\x{E25}\x{E47}\x{E01}\x{E46}"
      text run at (0,2544) width 9: "\x{E17}\x{E35}\x{E48}"
      text run at (0,2565) width 19: "\x{E02}\x{E38}\x{E14}"
      text run at (0,2586) width 15: "\x{E44}\x{E1B}"
      text run at (0,2607) width 15: "\x{E43}\x{E15}\x{E49}"
      text run at (0,2628) width 21: "\x{E1E}\x{E37}\x{E49}\x{E19}"
      text run at (0,2649) width 28: "\x{E40}\x{E23}\x{E35}\x{E22}\x{E01}"
      text run at (0,2670) width 14: "\x{E27}\x{E48}\x{E32}"
      text run at (0,2691) width 38: "\"\x{E42}\x{E1E}\x{E23}\x{E07}"
      text run at (0,2712) width 55: "\x{E44}\x{E0B}\x{E42}\x{E04}\x{E25}\x{E19}\""
      text run at (0,2733) width 23: "\x{E40}\x{E1B}\x{E47}\x{E19}"
      text run at (0,2754) width 9: "\x{E17}\x{E35}\x{E48}"
      text run at (0,2775) width 56: "\x{E04}\x{E23}\x{E2D}\x{E1A}\x{E04}\x{E23}\x{E31}\x{E27}"
      text run at (0,2796) width 10: "\x{E19}\x{E35}\x{E49}"
      text run at (0,2817) width 13: "\x{E08}\x{E30}"
      text run at (0,2838) width 18: "\x{E21}\x{E38}\x{E14}"
      text run at (0,2859) width 36: "\x{E40}\x{E02}\x{E49}\x{E32}\x{E44}\x{E1B}"
      text run at (0,2880) width 21: "\x{E40}\x{E21}\x{E37}\x{E48}\x{E2D}"
      text run at (0,2901) width 22: "\x{E40}\x{E01}\x{E34}\x{E14}"
      text run at (0,2922) width 18: "\x{E25}\x{E21}"
      text run at (0,2943) width 25: "\x{E21}\x{E2B}\x{E32}"
      text run at (0,2964) width 18: "\x{E20}\x{E31}\x{E22}"
      text run at (0,2985) width 16: "\x{E0B}\x{E36}\x{E48}\x{E07}"
      text run at (0,3006) width 47: "\x{E01}\x{E23}\x{E30}\x{E42}\x{E0A}\x{E01}"
      text run at (0,3027) width 21: "\x{E41}\x{E23}\x{E07}"
      text run at (0,3048) width 18: "\x{E08}\x{E19}"
      text run at (0,3069) width 36: "\x{E1A}\x{E14}\x{E02}\x{E22}\x{E35}\x{E49}"
      text run at (0,3090) width 15: "\x{E2A}\x{E34}\x{E48}\x{E07}"
      text run at (0,3111) width 17: "\x{E01}\x{E48}\x{E2D}"
      text run at (0,3132) width 29: "\x{E2A}\x{E23}\x{E49}\x{E32}\x{E07}"
      text run at (0,3153) width 22: "\x{E43}\x{E14}\x{E46}"
      text run at (0,3174) width 9: "\x{E17}\x{E35}\x{E48}"
      text run at (0,3195) width 30: "\x{E02}\x{E27}\x{E32}\x{E07}"
      text run at (0,3216) width 22: "\x{E17}\x{E32}\x{E07}"
      text run at (0,3237) width 19: "\x{E21}\x{E31}\x{E19}"
      text run at (0,3258) width 15: "\x{E44}\x{E14}\x{E49}"
      text run at (0,3279) width 22: "\x{E15}\x{E23}\x{E07}"
      text run at (0,3300) width 31: "\x{E01}\x{E25}\x{E32}\x{E07}"
      text run at (0,3321) width 21: "\x{E1E}\x{E37}\x{E49}\x{E19}"
      text run at (0,3342) width 9: "\x{E21}\x{E35}"
      text run at (0,3363) width 17: "\x{E1D}\x{E32}"
      text run at (0,3384) width 22: "\x{E40}\x{E1B}\x{E34}\x{E14}"
      text run at (0,3405) width 36: "\x{E40}\x{E02}\x{E49}\x{E32}\x{E44}\x{E1B}"
      text run at (0,3426) width 24: "\x{E08}\x{E32}\x{E01}"
      text run at (0,3447) width 20: "\x{E19}\x{E31}\x{E49}\x{E19}"
      text run at (0,3468) width 9: "\x{E21}\x{E35}"
      text run at (0,3489) width 31: "\x{E1A}\x{E31}\x{E19}\x{E44}\x{E14}"
      text run at (0,3510) width 15: "\x{E25}\x{E07}"
      text run at (0,3531) width 15: "\x{E44}\x{E1B}"
      text run at (0,3552) width 15: "\x{E16}\x{E36}\x{E07}"
      text run at (0,3573) width 31: "\x{E42}\x{E1E}\x{E23}\x{E07}"
      text run at (0,3594) width 18: "\x{E21}\x{E37}\x{E14}"
      text run at (0,3615) width 29: "\x{E40}\x{E25}\x{E47}\x{E01}\x{E46}"
      text run at (0,3636) width 21: "\x{E40}\x{E21}\x{E37}\x{E48}\x{E2D}"
      text run at (0,3657) width 16: "\x{E42}\x{E14}"
      text run at (0,3678) width 22: "\x{E42}\x{E23}\x{E18}\x{E35}"
      text run at (0,3699) width 18: "\x{E22}\x{E37}\x{E19}"
      text run at (0,3720) width 9: "\x{E17}\x{E35}\x{E48}"
      text run at (0,3741) width 25: "\x{E1B}\x{E32}\x{E01}"
      text run at (0,3762) width 30: "\x{E1B}\x{E23}\x{E30}\x{E15}\x{E39}"
      text run at (0,3783) width 22: "\x{E41}\x{E25}\x{E30}"
      text run at (0,3804) width 23: "\x{E21}\x{E2D}\x{E07}"
      text run at (0,3825) width 15: "\x{E44}\x{E1B}"
      text run at (0,3846) width 31: "\x{E23}\x{E2D}\x{E1A}\x{E46}"
      text run at (0,3867) width 20: "\x{E40}\x{E18}\x{E2D}"
      text run at (0,3888) width 15: "\x{E44}\x{E21}\x{E48}"
      text run at (0,3909) width 23: "\x{E40}\x{E2B}\x{E47}\x{E19}"
      text run at (0,3930) width 26: "\x{E2D}\x{E30}\x{E44}\x{E23}"
      text run at (0,3951) width 51: "\x{E19}\x{E2D}\x{E01}\x{E08}\x{E32}\x{E01}"
      text run at (0,3972) width 23: "\x{E17}\x{E49}\x{E2D}\x{E07}"
      text run at (0,3993) width 15: "\x{E17}\x{E38}\x{E48}\x{E07}"
      text run at (0,4014) width 29: "\x{E01}\x{E27}\x{E49}\x{E32}\x{E07}"
      text run at (0,4035) width 9: "\x{E2A}\x{E35}"
      text run at (0,4056) width 20: "\x{E40}\x{E17}\x{E32}"
      text run at (0,4077) width 28: "\x{E2B}\x{E21}\x{E48}\x{E19}"
      text run at (0,4098) width 16: "\x{E17}\x{E31}\x{E48}\x{E27}"
      text run at (0,4119) width 18: "\x{E17}\x{E38}\x{E01}"
      text run at (0,4140) width 26: "\x{E14}\x{E49}\x{E32}\x{E19}"
      text run at (0,4161) width 24: "\x{E44}\x{E21}\x{E48}\x{E21}\x{E35}"
      text run at (0,4182) width 17: "\x{E41}\x{E21}\x{E49}"
      text run at (0,4203) width 31: "\x{E15}\x{E49}\x{E19}\x{E44}\x{E21}\x{E49}"
      text run at (0,4224) width 18: "\x{E2A}\x{E31}\x{E01}"
      text run at (0,4245) width 19: "\x{E15}\x{E49}\x{E19}"
      text run at (0,4266) width 24: "\x{E2B}\x{E23}\x{E37}\x{E2D}"
      text run at (0,4287) width 26: "\x{E1A}\x{E49}\x{E32}\x{E19}"
      text run at (0,4308) width 18: "\x{E2A}\x{E31}\x{E01}"
      text run at (0,4329) width 24: "\x{E2B}\x{E25}\x{E31}\x{E07}"
      text run at (0,4350) width 9: "\x{E17}\x{E35}\x{E48}"
      text run at (0,4371) width 26: "\x{E42}\x{E1C}\x{E25}\x{E48}"
      text run at (0,4392) width 21: "\x{E1E}\x{E49}\x{E19}"
      text run at (0,4413) width 62: "\x{E20}\x{E39}\x{E21}\x{E34}\x{E1B}\x{E23}\x{E30}\x{E40}\x{E17}\x{E28}"
      text run at (0,4434) width 18: "\x{E2D}\x{E31}\x{E19}"
      text run at (0,4455) width 23: "\x{E23}\x{E32}\x{E1A}"
      text run at (0,4476) width 28: "\x{E40}\x{E23}\x{E35}\x{E22}\x{E1A}"
      text run at (0,4497) width 18: "\x{E41}\x{E1C}\x{E48}"
      text run at (0,4518) width 15: "\x{E44}\x{E1B}"
      text run at (0,4539) width 24: "\x{E44}\x{E01}\x{E25}"
      text run at (0,4560) width 18: "\x{E08}\x{E19}"
      text run at (0,4581) width 17: "\x{E08}\x{E14}"
      text run at (0,4602) width 27: "\x{E02}\x{E2D}\x{E1A}"
      text run at (0,4623) width 18: "\x{E1F}\x{E49}\x{E32}"
      text run at (0,4644) width 16: "\x{E17}\x{E31}\x{E48}\x{E27}"
      text run at (0,4665) width 18: "\x{E17}\x{E38}\x{E01}"
      text run at (0,4686) width 18: "\x{E17}\x{E34}\x{E28}"
      text run at (0,4707) width 53: "\x{E14}\x{E27}\x{E07}\x{E15}\x{E30}\x{E27}\x{E31}\x{E19}"
      text run at (0,4728) width 21: "\x{E40}\x{E1C}\x{E32}"
      text run at (0,4749) width 20: "\x{E1C}\x{E37}\x{E19}"
      text run at (0,4770) width 19: "\x{E14}\x{E34}\x{E19}"
      text run at (0,4791) width 9: "\x{E17}\x{E35}\x{E48}"
      text run at (0,4812) width 15: "\x{E44}\x{E16}"
      text run at (0,4833) width 24: "\x{E41}\x{E25}\x{E49}\x{E27}"
      text run at (0,4854) width 18: "\x{E08}\x{E19}"
      text run at (0,4875) width 33: "\x{E01}\x{E25}\x{E32}\x{E22}"
      text run at (0,4896) width 23: "\x{E40}\x{E1B}\x{E47}\x{E19}"
      text run at (0,4917) width 28: "\x{E41}\x{E1C}\x{E48}\x{E19}"
      text run at (0,4938) width 34: "\x{E21}\x{E2B}\x{E36}\x{E21}\x{E32}"
      text run at (0,4959) width 9: "\x{E2A}\x{E35}"
      text run at (0,4980) width 16: "\x{E14}\x{E33}"
      text run at (0,5001) width 9: "\x{E21}\x{E35}"
      text run at (0,5022) width 23: "\x{E23}\x{E2D}\x{E22}"
      text run at (0,5043) width 26: "\x{E41}\x{E15}\x{E01}"
      text run at (0,5064) width 35: "\x{E23}\x{E30}\x{E41}\x{E2B}\x{E07}"
      text run at (0,5085) width 16: "\x{E2D}\x{E22}\x{E39}\x{E48}"
      text run at (0,5106) width 35: "\x{E15}\x{E25}\x{E2D}\x{E14}"
      text run at (0,5127) width 34: "\x{E41}\x{E21}\x{E49}\x{E41}\x{E15}\x{E48}"
      text run at (0,5148) width 29: "\x{E2B}\x{E0D}\x{E49}\x{E32}"
      text run at (0,5169) width 9: "\x{E01}\x{E47}"
      text run at (0,5190) width 15: "\x{E44}\x{E21}\x{E48}"
      text run at (0,5211) width 29: "\x{E40}\x{E02}\x{E35}\x{E22}\x{E27}"
      text run at (0,5232) width 34: "\x{E40}\x{E1E}\x{E23}\x{E32}\x{E30}"
      text run at (0,5253) width 53: "\x{E14}\x{E27}\x{E07}\x{E15}\x{E30}\x{E27}\x{E31}\x{E19}"
      text run at (0,5274) width 21: "\x{E40}\x{E1C}\x{E32}"
      text run at (0,5295) width 25: "\x{E22}\x{E2D}\x{E14}"
      text run at (0,5316) width 15: "\x{E43}\x{E1A}"
      text run at (0,5337) width 22: "\x{E22}\x{E32}\x{E27}"
      text run at (0,5358) width 21: "\x{E40}\x{E2A}\x{E35}\x{E22}"
      text run at (0,5379) width 18: "\x{E08}\x{E19}"
      text run at (0,5400) width 23: "\x{E40}\x{E1B}\x{E47}\x{E19}"
      text run at (0,5421) width 9: "\x{E2A}\x{E35}"
      text run at (0,5442) width 20: "\x{E40}\x{E17}\x{E32}"
      text run at (0,5463) width 28: "\x{E2B}\x{E21}\x{E48}\x{E19}"
      text run at (0,5484) width 23: "\x{E21}\x{E2D}\x{E07}"
      text run at (0,5505) width 23: "\x{E40}\x{E2B}\x{E47}\x{E19}"
      text run at (0,5526) width 16: "\x{E2D}\x{E22}\x{E39}\x{E48}"
      text run at (0,5547) width 29: "\x{E17}\x{E31}\x{E48}\x{E27}\x{E44}\x{E1B}"
      text run at (0,5568) width 22: "\x{E04}\x{E23}\x{E31}\x{E49}\x{E07}"
      text run at (0,5589) width 25: "\x{E2B}\x{E19}\x{E36}\x{E48}\x{E07}"
      text run at (0,5610) width 21: "\x{E40}\x{E04}\x{E22}"
      text run at (0,5631) width 25: "\x{E17}\x{E32}\x{E2A}\x{E35}"
      text run at (0,5652) width 26: "\x{E1A}\x{E49}\x{E32}\x{E19}"
      text run at (0,5673) width 19: "\x{E40}\x{E2D}\x{E32}"
      text run at (0,5694) width 13: "\x{E44}\x{E27}\x{E49}"
      text run at (0,5715) width 17: "\x{E41}\x{E15}\x{E48}"
      text run at (0,5736) width 9: "\x{E01}\x{E47}"
      text run at (0,5757) width 18: "\x{E16}\x{E39}\x{E01}"
      text run at (0,5778) width 53: "\x{E14}\x{E27}\x{E07}\x{E15}\x{E30}\x{E27}\x{E31}\x{E19}"
      text run at (0,5799) width 21: "\x{E40}\x{E1C}\x{E32}"
      text run at (0,5820) width 21: "\x{E40}\x{E2A}\x{E35}\x{E22}"
      text run at (0,5841) width 18: "\x{E08}\x{E19}"
      text run at (0,5862) width 9: "\x{E2A}\x{E35}"
      text run at (0,5883) width 25: "\x{E1E}\x{E2D}\x{E07}"
      text run at (0,5904) width 24: "\x{E41}\x{E25}\x{E49}\x{E27}"
      text run at (0,5925) width 20: "\x{E1D}\x{E19}"
      text run at (0,5946) width 9: "\x{E01}\x{E47}"
      text run at (0,5967) width 15: "\x{E0A}\x{E30}"
      text run at (0,5988) width 19: "\x{E21}\x{E31}\x{E19}"
      text run at (0,6009) width 27: "\x{E2B}\x{E25}\x{E38}\x{E14}"
      text run at (0,6030) width 15: "\x{E44}\x{E1B}"
      text run at (0,6051) width 18: "\x{E08}\x{E19}"
      text run at (0,6072) width 27: "\x{E2B}\x{E21}\x{E14}"
      text run at (0,6093) width 22: "\x{E41}\x{E25}\x{E30}"
      text run at (0,6114) width 27: "\x{E15}\x{E2D}\x{E19}"
      text run at (0,6135) width 10: "\x{E19}\x{E35}\x{E49}"
      text run at (0,6156) width 26: "\x{E1A}\x{E49}\x{E32}\x{E19}"
      text run at (0,6177) width 14: "\x{E08}\x{E36}\x{E07}"
      text run at (0,6198) width 9: "\x{E14}\x{E39}"
      text run at (0,6219) width 60: "\x{E2B}\x{E21}\x{E48}\x{E19}\x{E2B}\x{E21}\x{E2D}\x{E07}"
      text run at (0,6240) width 23: "\x{E40}\x{E1B}\x{E47}\x{E19}"
      text run at (0,6261) width 9: "\x{E2A}\x{E35}"
      text run at (0,6282) width 20: "\x{E40}\x{E17}\x{E32}"
      text run at (0,6303) width 40: "\x{E40}\x{E2B}\x{E21}\x{E37}\x{E2D}\x{E19}"
      text run at (0,6324) width 15: "\x{E2A}\x{E34}\x{E48}\x{E07}"
      text run at (0,6345) width 25: "\x{E2D}\x{E37}\x{E48}\x{E19}\x{E46}"
      text run at (0,6366) width 24: "\x{E14}\x{E49}\x{E27}\x{E22}"
      text run at (0,6387) width 27: "\x{E15}\x{E2D}\x{E19}"
      text run at (0,6408) width 9: "\x{E17}\x{E35}\x{E48}"
      text run at (0,6429) width 16: "\x{E1B}\x{E49}\x{E32}"
      text run at (0,6450) width 21: "\x{E40}\x{E2D}\x{E47}\x{E21}"
      text run at (0,6471) width 23: "\x{E22}\x{E49}\x{E32}\x{E22}"
      text run at (0,6492) width 16: "\x{E21}\x{E32}"
      text run at (0,6513) width 16: "\x{E2D}\x{E22}\x{E39}\x{E48}"
      text run at (0,6534) width 9: "\x{E17}\x{E35}\x{E48}"
      text run at (0,6555) width 10: "\x{E19}\x{E35}\x{E48}"
      text run at (0,6576) width 20: "\x{E40}\x{E18}\x{E2D}"
      text run at (0,6597) width 14: "\x{E22}\x{E31}\x{E07}"
      text run at (0,6618) width 23: "\x{E2A}\x{E32}\x{E27}"
      text run at (0,6639) width 23: "\x{E40}\x{E1B}\x{E47}\x{E19}"
      text run at (0,6660) width 39: "\x{E20}\x{E23}\x{E23}\x{E22}\x{E32}"
      text run at (0,6681) width 9: "\x{E17}\x{E35}\x{E48}"
      text run at (0,6702) width 37: "\x{E07}\x{E14}\x{E07}\x{E32}\x{E21}"
      text run at (0,6723) width 24: "\x{E41}\x{E25}\x{E49}\x{E27}"
      text run at (0,6744) width 26: "\x{E41}\x{E14}\x{E14}"
      text run at (0,6765) width 22: "\x{E41}\x{E25}\x{E30}"
      text run at (0,6786) width 18: "\x{E25}\x{E21}"
      text run at (0,6807) width 24: "\x{E01}\x{E47}\x{E44}\x{E14}\x{E49}"
      text run at (0,6828) width 40: "\x{E40}\x{E1B}\x{E25}\x{E35}\x{E48}\x{E22}\x{E19}"
      text run at (0,6849) width 20: "\x{E40}\x{E18}\x{E2D}"
      text run at (0,6870) width 15: "\x{E44}\x{E1B}"
      text run at (0,6891) width 19: "\x{E40}\x{E2D}\x{E32}"
      text run at (0,6912) width 45: "\x{E1B}\x{E23}\x{E30}\x{E01}\x{E32}\x{E22}"
      text run at (0,6933) width 15: "\x{E44}\x{E1B}"
      text run at (0,6954) width 24: "\x{E08}\x{E32}\x{E01}"
      text run at (0,6975) width 38: "\x{E14}\x{E27}\x{E07}\x{E15}\x{E32}"
      text run at (0,6996) width 20: "\x{E40}\x{E18}\x{E2D}"
      text run at (0,7017) width 34: "\x{E1B}\x{E25}\x{E48}\x{E2D}\x{E22}"
      text run at (0,7038) width 13: "\x{E44}\x{E27}\x{E49}"
      text run at (0,7059) width 17: "\x{E41}\x{E15}\x{E48}"
      text run at (0,7080) width 32: "\x{E04}\x{E27}\x{E32}\x{E21}"
      text run at (0,7101) width 28: "\x{E2A}\x{E38}\x{E02}\x{E38}\x{E21}"
      text run at (0,7122) width 29: "\x{E2D}\x{E22}\x{E48}\x{E32}\x{E07}"
      text run at (0,7143) width 60: "\x{E2B}\x{E21}\x{E48}\x{E19}\x{E2B}\x{E21}\x{E2D}\x{E07}"
      text run at (0,7164) width 19: "\x{E40}\x{E2D}\x{E32}"
      text run at (0,7185) width 9: "\x{E2A}\x{E35}"
      text run at (0,7206) width 23: "\x{E41}\x{E14}\x{E07}"
      text run at (0,7227) width 24: "\x{E08}\x{E32}\x{E01}"
      text run at (0,7248) width 26: "\x{E41}\x{E01}\x{E49}\x{E21}"
      text run at (0,7269) width 22: "\x{E41}\x{E25}\x{E30}"
      text run at (0,7290) width 16: "\x{E23}\x{E34}\x{E21}"
      text run at (0,7311) width 35: "\x{E1D}\x{E35}\x{E1B}\x{E32}\x{E01}"
      text run at (0,7332) width 20: "\x{E40}\x{E18}\x{E2D}"
      text run at (0,7353) width 15: "\x{E44}\x{E1B}"
      text run at (0,7374) width 33: "\x{E01}\x{E25}\x{E32}\x{E22}"
      text run at (0,7395) width 23: "\x{E40}\x{E1B}\x{E47}\x{E19}"
      text run at (0,7416) width 9: "\x{E2A}\x{E35}"
      text run at (0,7437) width 35: "\x{E2B}\x{E21}\x{E48}\x{E19}\x{E46}"
      text run at (0,7458) width 40: "\x{E40}\x{E2B}\x{E21}\x{E37}\x{E2D}\x{E19}"
      text run at (0,7479) width 19: "\x{E01}\x{E31}\x{E19}"
      text run at (0,7500) width 20: "\x{E40}\x{E18}\x{E2D}"
      text run at (0,7521) width 27: "\x{E1C}\x{E2D}\x{E21}"
      text run at (0,7542) width 22: "\x{E41}\x{E25}\x{E30}"
      text run at (0,7563) width 24: "\x{E2B}\x{E25}\x{E31}\x{E07}"
      text run at (0,7584) width 22: "\x{E42}\x{E04}\x{E49}\x{E07}"
      text run at (0,7605) width 22: "\x{E41}\x{E25}\x{E30}"
      text run at (0,7626) width 28: "\x{E40}\x{E14}\x{E35}\x{E4B}\x{E22}\x{E27}"
      text run at (0,7647) width 10: "\x{E19}\x{E35}\x{E49}"
      text run at (0,7668) width 15: "\x{E44}\x{E21}\x{E48}"
      text run at (0,7689) width 21: "\x{E40}\x{E04}\x{E22}"
      text run at (0,7710) width 17: "\x{E22}\x{E34}\x{E49}\x{E21}"
      text run at (0,7731) width 21: "\x{E40}\x{E25}\x{E22}"
      text run at (0,7752) width 21: "\x{E40}\x{E21}\x{E37}\x{E48}\x{E2D}"
      text run at (0,7773) width 16: "\x{E42}\x{E14}"
      text run at (0,7794) width 22: "\x{E42}\x{E23}\x{E18}\x{E35}"
      text run at (0,7815) width 16: "\x{E0B}\x{E36}\x{E48}\x{E07}"
      text run at (0,7836) width 23: "\x{E40}\x{E1B}\x{E47}\x{E19}"
      text run at (0,7857) width 22: "\x{E40}\x{E14}\x{E47}\x{E01}"
      text run at (0,7878) width 41: "\x{E01}\x{E33}\x{E1E}\x{E23}\x{E49}\x{E32}"
      text run at (0,7899) width 16: "\x{E21}\x{E32}"
      text run at (0,7920) width 16: "\x{E2D}\x{E22}\x{E39}\x{E48}"
      text run at (0,7941) width 18: "\x{E01}\x{E31}\x{E1A}"
      text run at (0,7962) width 20: "\x{E40}\x{E18}\x{E2D}"
      text run at (0,7983) width 27: "\x{E15}\x{E2D}\x{E19}"
      text run at (0,8004) width 24: "\x{E41}\x{E23}\x{E01}"
      text run at (0,8025) width 16: "\x{E1B}\x{E49}\x{E32}"
      text run at (0,8046) width 21: "\x{E40}\x{E2D}\x{E47}\x{E21}"
      text run at (0,8067) width 19: "\x{E15}\x{E37}\x{E48}\x{E19}"
      text run at (0,8088) width 23: "\x{E40}\x{E15}\x{E49}\x{E19}"
      text run at (0,8109) width 18: "\x{E01}\x{E31}\x{E1A}"
      text run at (0,8130) width 27: "\x{E40}\x{E2A}\x{E35}\x{E22}\x{E07}"
      text run at (0,8151) width 39: "\x{E2B}\x{E31}\x{E27}\x{E40}\x{E23}\x{E32}\x{E30}"
      text run at (0,8172) width 24: "\x{E02}\x{E2D}\x{E07}"
      text run at (0,8193) width 22: "\x{E40}\x{E14}\x{E47}\x{E01}"
      text run at (0,8214) width 26: "\x{E19}\x{E49}\x{E2D}\x{E22}"
      text run at (0,8235) width 25: "\x{E21}\x{E32}\x{E01}"
      text run at (0,8256) width 20: "\x{E40}\x{E18}\x{E2D}"
      text run at (0,8277) width 13: "\x{E08}\x{E30}"
      text run at (0,8298) width 15: "\x{E2A}\x{E48}\x{E07}"
      text run at (0,8319) width 27: "\x{E40}\x{E2A}\x{E35}\x{E22}\x{E07}"
      text run at (0,8340) width 21: "\x{E23}\x{E49}\x{E2D}\x{E07}"
      text run at (0,8361) width 24: "\x{E41}\x{E25}\x{E49}\x{E27}"
      text run at (0,8382) width 19: "\x{E40}\x{E2D}\x{E32}"
      text run at (0,8403) width 17: "\x{E21}\x{E37}\x{E2D}"
      text run at (0,8424) width 25: "\x{E17}\x{E32}\x{E1A}"
      text run at (0,8445) width 17: "\x{E2D}\x{E01}"
      text run at (0,8466) width 18: "\x{E17}\x{E38}\x{E01}"
      text run at (0,8487) width 22: "\x{E04}\x{E23}\x{E31}\x{E49}\x{E07}"
      text run at (0,8508) width 9: "\x{E17}\x{E35}\x{E48}"
      text run at (0,8529) width 27: "\x{E40}\x{E2A}\x{E35}\x{E22}\x{E07}"
      text run at (0,8550) width 18: "\x{E2D}\x{E31}\x{E19}"
      text run at (0,8571) width 31: "\x{E23}\x{E48}\x{E32}\x{E40}\x{E23}\x{E34}\x{E07}"
      text run at (0,8592) width 24: "\x{E02}\x{E2D}\x{E07}"
      text run at (0,8613) width 16: "\x{E42}\x{E14}"
      text run at (0,8634) width 22: "\x{E42}\x{E23}\x{E18}\x{E35}"
      text run at (0,8655) width 30: "\x{E40}\x{E02}\x{E49}\x{E32}\x{E2B}\x{E39}"
      text run at (0,8676) width 20: "\x{E40}\x{E18}\x{E2D}"
      text run at (0,8697) width 22: "\x{E41}\x{E25}\x{E30}"
      text run at (0,8718) width 20: "\x{E40}\x{E18}\x{E2D}"
      text run at (0,8739) width 21: "\x{E40}\x{E1D}\x{E49}\x{E32}"
      text run at (0,8760) width 23: "\x{E21}\x{E2D}\x{E07}"
      text run at (0,8781) width 22: "\x{E40}\x{E14}\x{E47}\x{E01}"
      text run at (0,8802) width 28: "\x{E2B}\x{E0D}\x{E34}\x{E07}"
      text run at (0,8823) width 33: "\x{E19}\x{E49}\x{E2D}\x{E22}\x{E46}"
      text run at (0,8844) width 24: "\x{E14}\x{E49}\x{E27}\x{E22}"
      text run at (0,8865) width 32: "\x{E04}\x{E27}\x{E32}\x{E21}"
      text run at (0,8886) width 55: "\x{E1B}\x{E23}\x{E30}\x{E2B}\x{E25}\x{E32}\x{E14}"
      text run at (0,8907) width 14: "\x{E43}\x{E08}"
      text run at (0,8928) width 24: "\x{E14}\x{E49}\x{E27}\x{E22}"
      text run at (0,8949) width 14: "\x{E22}\x{E31}\x{E07}"
      text run at (0,8970) width 16: "\x{E2B}\x{E32}"
      text run at (0,8991) width 26: "\x{E2D}\x{E30}\x{E44}\x{E23}"
      text run at (0,9012) width 16: "\x{E21}\x{E32}"
      text run at (0,9033) width 23: "\x{E40}\x{E1B}\x{E47}\x{E19}"
      text run at (0,9054) width 25: "\x{E40}\x{E23}\x{E37}\x{E48}\x{E2D}\x{E07}"
      text run at (0,9075) width 39: "\x{E2B}\x{E31}\x{E27}\x{E40}\x{E23}\x{E32}\x{E30}"
      text run at (0,9096) width 15: "\x{E44}\x{E14}\x{E49}"
      text run at (0,9117) width 15: "\x{E25}\x{E38}\x{E07}"
      text run at (0,9138) width 13: "\x{E40}\x{E2E}"
      text run at (0,9159) width 17: "\x{E19}\x{E23}\x{E35}"
      text run at (0,9180) width 15: "\x{E44}\x{E21}\x{E48}"
      text run at (0,9201) width 21: "\x{E40}\x{E04}\x{E22}"
      text run at (0,9222) width 39: "\x{E2B}\x{E31}\x{E27}\x{E40}\x{E23}\x{E32}\x{E30}"
      text run at (0,9243) width 15: "\x{E25}\x{E38}\x{E07}"
      text run at (0,9264) width 39: "\x{E17}\x{E33}\x{E07}\x{E32}\x{E19}"
      text run at (0,9285) width 28: "\x{E2B}\x{E19}\x{E31}\x{E01}"
      text run at (0,9306) width 24: "\x{E08}\x{E32}\x{E01}"
      text run at (0,9327) width 21: "\x{E40}\x{E0A}\x{E49}\x{E32}"
      text run at (0,9348) width 18: "\x{E22}\x{E31}\x{E19}"
      text run at (0,9369) width 16: "\x{E04}\x{E48}\x{E33}"
      text run at (0,9390) width 22: "\x{E41}\x{E25}\x{E30}"
      text run at (0,9411) width 15: "\x{E44}\x{E21}\x{E48}"
      text run at (0,9432) width 21: "\x{E40}\x{E04}\x{E22}"
      text run at (0,9453) width 24: "\x{E23}\x{E39}\x{E49}\x{E08}\x{E31}\x{E01}"
      text run at (0,9474) width 14: "\x{E27}\x{E48}\x{E32}"
      text run at (0,9495) width 32: "\x{E04}\x{E27}\x{E32}\x{E21}"
      text run at (0,9516) width 31: "\x{E23}\x{E48}\x{E32}\x{E40}\x{E23}\x{E34}\x{E07}"
      text run at (0,9537) width 17: "\x{E04}\x{E37}\x{E2D}"
      text run at (0,9558) width 26: "\x{E2D}\x{E30}\x{E44}\x{E23}"
      text run at (0,9579) width 15: "\x{E25}\x{E38}\x{E07}"
      text run at (0,9600) width 9: "\x{E14}\x{E39}"
      text run at (0,9621) width 60: "\x{E2B}\x{E21}\x{E48}\x{E19}\x{E2B}\x{E21}\x{E2D}\x{E07}"
      text run at (0,9642) width 15: "\x{E44}\x{E1B}"
      text run at (0,9663) width 27: "\x{E2B}\x{E21}\x{E14}"
      text run at (0,9684) width 32: "\x{E15}\x{E31}\x{E49}\x{E07}\x{E41}\x{E15}\x{E48}"
      text run at (0,9705) width 27: "\x{E40}\x{E04}\x{E23}\x{E32}"
      text run at (0,9726) width 22: "\x{E22}\x{E32}\x{E27}"
      text run at (0,9747) width 18: "\x{E08}\x{E19}"
      text run at (0,9768) width 17: "\x{E08}\x{E14}"
      text run at (0,9789) width 41: "\x{E23}\x{E2D}\x{E07}\x{E40}\x{E17}\x{E49}\x{E32}"
      text run at (0,9810) width 18: "\x{E1A}\x{E39}\x{E15}"
      text run at (0,9831) width 18: "\x{E2D}\x{E31}\x{E19}"
      text run at (0,9852) width 33: "\x{E2B}\x{E22}\x{E32}\x{E1A}"
      text run at (0,9873) width 24: "\x{E41}\x{E25}\x{E49}\x{E27}"
      text run at (0,9894) width 15: "\x{E25}\x{E38}\x{E07}"
      text run at (0,9915) width 9: "\x{E01}\x{E47}"
      text run at (0,9936) width 9: "\x{E14}\x{E39}"
      text run at (0,9957) width 52: "\x{E40}\x{E04}\x{E23}\x{E48}\x{E07}\x{E02}\x{E23}\x{E36}\x{E21}"
      text run at (0,9978) width 17: "\x{E19}\x{E48}\x{E32}"
      text run at (0,9999) width 26: "\x{E40}\x{E01}\x{E23}\x{E07}"
      text run at (0,10020) width 26: "\x{E02}\x{E32}\x{E21}"
      text run at (0,10041) width 15: "\x{E44}\x{E21}\x{E48}"
      text run at (0,10062) width 25: "\x{E04}\x{E48}\x{E2D}\x{E22}"
      text run at (0,10083) width 13: "\x{E08}\x{E30}"
      text run at (0,10104) width 20: "\x{E1E}\x{E39}\x{E14}"
      text run at (0,10125) width 9: "\x{E21}\x{E35}"
      text run at (0,10146) width 16: "\x{E42}\x{E15}"
      text run at (0,10167) width 16: "\x{E42}\x{E15}\x{E49}"
      text run at (0,10188) width 9: "\x{E17}\x{E35}\x{E48}"
      text run at (0,10209) width 31: "\x{E17}\x{E33}\x{E43}\x{E2B}\x{E49}"
      text run at (0,10230) width 16: "\x{E42}\x{E14}"
      text run at (0,10251) width 22: "\x{E42}\x{E23}\x{E18}\x{E35}"
      text run at (0,10272) width 39: "\x{E2B}\x{E31}\x{E27}\x{E40}\x{E23}\x{E32}\x{E30}"
      text run at (0,10293) width 15: "\x{E44}\x{E14}\x{E49}"
      text run at (0,10314) width 22: "\x{E41}\x{E25}\x{E30}"
      text run at (0,10335) width 25: "\x{E0A}\x{E48}\x{E27}\x{E22}"
      text run at (0,10356) width 20: "\x{E40}\x{E18}\x{E2D}"
      text run at (0,10377) width 15: "\x{E43}\x{E2B}\x{E49}"
      text run at (0,10398) width 21: "\x{E1E}\x{E49}\x{E19}"
      text run at (0,10419) width 24: "\x{E08}\x{E32}\x{E01}"
      text run at (0,10440) width 32: "\x{E01}\x{E32}\x{E23}\x{E01}"
      text run at (0,10461) width 24: "\x{E25}\x{E32}\x{E22}"
      text run at (0,10482) width 23: "\x{E40}\x{E1B}\x{E47}\x{E19}"
      text run at (0,10503) width 9: "\x{E2A}\x{E35}"
      text run at (0,10524) width 20: "\x{E40}\x{E17}\x{E32}"
      text run at (0,10545) width 28: "\x{E2B}\x{E21}\x{E48}\x{E19}"
      text run at (0,10566) width 40: "\x{E40}\x{E2B}\x{E21}\x{E37}\x{E2D}\x{E19}"
      text run at (0,10587) width 18: "\x{E01}\x{E31}\x{E1A}"
      text run at (0,10608) width 15: "\x{E2A}\x{E34}\x{E48}\x{E07}"
      text run at (0,10629) width 24: "\x{E23}\x{E2D}\x{E1A}"
      text run at (0,10650) width 16: "\x{E15}\x{E31}\x{E27}"
      text run at (0,10671) width 25: "\x{E2D}\x{E37}\x{E48}\x{E19}\x{E46}"
      text run at (0,10692) width 16: "\x{E42}\x{E15}"
      text run at (0,10713) width 16: "\x{E42}\x{E15}\x{E49}"
      text run at (0,10734) width 9: "\x{E2A}\x{E35}"
      text run at (0,10755) width 15: "\x{E44}\x{E21}\x{E48}"
      text run at (0,10776) width 20: "\x{E40}\x{E17}\x{E32}"
      text run at (0,10797) width 28: "\x{E2B}\x{E21}\x{E48}\x{E19}"
      text run at (0,10818) width 17: "\x{E41}\x{E15}\x{E48}"
      text run at (0,10839) width 19: "\x{E21}\x{E31}\x{E19}"
      text run at (0,10860) width 23: "\x{E40}\x{E1B}\x{E47}\x{E19}"
      text run at (0,10881) width 25: "\x{E2B}\x{E21}\x{E32}"
      text run at (0,10902) width 9: "\x{E2A}\x{E35}"
      text run at (0,10923) width 16: "\x{E14}\x{E33}"
      text run at (0,10944) width 16: "\x{E15}\x{E31}\x{E27}"
      text run at (0,10965) width 33: "\x{E19}\x{E49}\x{E2D}\x{E22}\x{E46}"
      text run at (0,10986) width 20: "\x{E02}\x{E19}"
      text run at (0,11007) width 22: "\x{E22}\x{E32}\x{E27}"
      text run at (0,11028) width 17: "\x{E1B}\x{E38}\x{E22}"
      text run at (0,11049) width 39: "\x{E23}\x{E32}\x{E27}\x{E01}\x{E31}\x{E1A}"
      text run at (0,11070) width 24: "\x{E44}\x{E2B}\x{E21}"
      text run at (0,11091) width 9: "\x{E21}\x{E35}"
      text run at (0,11112) width 16: "\x{E15}\x{E32}"
      text run at (0,11133) width 16: "\x{E14}\x{E33}"
      text run at (0,11154) width 22: "\x{E40}\x{E25}\x{E47}\x{E01}"
      text run at (0,11175) width 23: "\x{E40}\x{E1B}\x{E47}\x{E19}"
      text run at (0,11196) width 45: "\x{E1B}\x{E23}\x{E30}\x{E01}\x{E32}\x{E22}"
      text run at (0,11217) width 34: "\x{E23}\x{E37}\x{E48}\x{E19}\x{E40}\x{E23}\x{E34}\x{E07}"
      text run at (0,11238) width 16: "\x{E2D}\x{E22}\x{E39}\x{E48}"
      text run at (0,11259) width 23: "\x{E2A}\x{E2D}\x{E07}"
      text run at (0,11280) width 23: "\x{E02}\x{E49}\x{E32}\x{E07}"
      text run at (0,11301) width 26: "\x{E08}\x{E21}\x{E39}\x{E01}"
      text run at (0,11322) width 22: "\x{E40}\x{E25}\x{E47}\x{E01}"
      text run at (0,11343) width 18: "\x{E2D}\x{E31}\x{E19}"
      text run at (0,11364) width 17: "\x{E19}\x{E48}\x{E32}"
      text run at (0,11385) width 20: "\x{E02}\x{E31}\x{E19}"
      text run at (0,11406) width 24: "\x{E02}\x{E2D}\x{E07}"
      text run at (0,11427) width 19: "\x{E21}\x{E31}\x{E19}"
      text run at (0,11448) width 16: "\x{E42}\x{E15}"
      text run at (0,11469) width 16: "\x{E42}\x{E15}\x{E49}"
      text run at (0,11490) width 23: "\x{E40}\x{E25}\x{E48}\x{E19}"
      text run at (0,11511) width 15: "\x{E17}\x{E31}\x{E49}\x{E07}"
      text run at (0,11532) width 17: "\x{E27}\x{E31}\x{E19}"
      text run at (0,11553) width 22: "\x{E41}\x{E25}\x{E30}"
      text run at (0,11574) width 16: "\x{E42}\x{E14}"
      text run at (0,11595) width 22: "\x{E42}\x{E23}\x{E18}\x{E35}"
      text run at (0,11616) width 9: "\x{E01}\x{E47}"
      text run at (0,11637) width 23: "\x{E40}\x{E25}\x{E48}\x{E19}"
      text run at (0,11658) width 18: "\x{E01}\x{E31}\x{E1A}"
      text run at (0,11679) width 19: "\x{E21}\x{E31}\x{E19}"
      text run at (0,11700) width 22: "\x{E41}\x{E25}\x{E30}"
      text run at (0,11721) width 16: "\x{E23}\x{E31}\x{E01}"
      text run at (0,11742) width 19: "\x{E21}\x{E31}\x{E19}"
      text run at (0,11763) width 30: "\x{E40}\x{E2B}\x{E25}\x{E37}\x{E2D}"
      text run at (0,11784) width 23: "\x{E40}\x{E01}\x{E34}\x{E19}"
      text run at (0,11805) width 40: "\x{E2D}\x{E22}\x{E48}\x{E32}\x{E07}\x{E44}\x{E23}"
      text run at (0,11826) width 34: "\x{E01}\x{E47}\x{E15}\x{E32}\x{E21}"
      text run at (0,11847) width 17: "\x{E27}\x{E31}\x{E19}"
      text run at (0,11868) width 10: "\x{E19}\x{E35}\x{E49}"
      text run at (0,11889) width 15: "\x{E17}\x{E31}\x{E49}\x{E07}"
      text run at (0,11910) width 9: "\x{E04}\x{E39}\x{E48}"
      text run at (0,11931) width 15: "\x{E44}\x{E21}\x{E48}"
      text run at (0,11952) width 15: "\x{E44}\x{E14}\x{E49}"
      text run at (0,11973) width 23: "\x{E40}\x{E25}\x{E48}\x{E19}"
      text run at (0,11994) width 15: "\x{E25}\x{E38}\x{E07}"
      text run at (0,12015) width 13: "\x{E40}\x{E2E}"
      text run at (0,12036) width 17: "\x{E19}\x{E23}\x{E35}"
      text run at (0,12057) width 16: "\x{E19}\x{E31}\x{E48}\x{E07}"
      text run at (0,12078) width 16: "\x{E2D}\x{E22}\x{E39}\x{E48}"
      text run at (0,12099) width 9: "\x{E17}\x{E35}\x{E48}"
      text run at (0,12120) width 31: "\x{E1A}\x{E31}\x{E19}\x{E44}\x{E14}"
      text run at (0,12141) width 30: "\x{E1B}\x{E23}\x{E30}\x{E15}\x{E39}"
      text run at (0,12162) width 22: "\x{E41}\x{E25}\x{E30}"
      text run at (0,12183) width 21: "\x{E40}\x{E1D}\x{E49}\x{E32}"
      text run at (0,12204) width 31: "\x{E01}\x{E31}\x{E07}\x{E27}\x{E25}"
      text run at (0,12225) width 22: "\x{E08}\x{E49}\x{E2D}\x{E07}"
      text run at (0,12246) width 9: "\x{E14}\x{E39}"
      text run at (0,12267) width 41: "\x{E17}\x{E49}\x{E2D}\x{E07}\x{E1F}\x{E49}\x{E32}"
      text run at (0,12288) width 9: "\x{E2A}\x{E35}"
      text run at (0,12309) width 20: "\x{E40}\x{E17}\x{E32}"
      text run at (0,12330) width 28: "\x{E2B}\x{E21}\x{E48}\x{E19}"
      text run at (0,12351) width 19: "\x{E1C}\x{E34}\x{E14}"
      text run at (0,12372) width 27: "\x{E1B}\x{E01}\x{E15}\x{E34}"
      text run at (0,12393) width 16: "\x{E42}\x{E14}"
      text run at (0,12414) width 22: "\x{E42}\x{E23}\x{E18}\x{E35}"
      text run at (0,12435) width 18: "\x{E22}\x{E37}\x{E19}"
      text run at (0,12456) width 9: "\x{E17}\x{E35}\x{E48}"
      text run at (0,12477) width 30: "\x{E1B}\x{E23}\x{E30}\x{E15}\x{E39}"
      text run at (0,12498) width 26: "\x{E01}\x{E2D}\x{E14}"
      text run at (0,12519) width 16: "\x{E42}\x{E15}"
      text run at (0,12540) width 16: "\x{E42}\x{E15}\x{E49}"
      text run at (0,12561) width 13: "\x{E44}\x{E27}\x{E49}"
      text run at (0,12582) width 16: "\x{E43}\x{E19}"
      text run at (0,12603) width 25: "\x{E2D}\x{E49}\x{E2D}\x{E21}"
      text run at (0,12624) width 28: "\x{E41}\x{E02}\x{E19}"
      text run at (0,12645) width 22: "\x{E41}\x{E25}\x{E30}"
      text run at (0,12666) width 9: "\x{E01}\x{E47}"
      text run at (0,12687) width 23: "\x{E21}\x{E2D}\x{E07}"
      text run at (0,12708) width 9: "\x{E14}\x{E39}"
      text run at (0,12729) width 41: "\x{E17}\x{E49}\x{E2D}\x{E07}\x{E1F}\x{E49}\x{E32}"
      text run at (0,12750) width 16: "\x{E2D}\x{E22}\x{E39}\x{E48}"
      text run at (0,12771) width 40: "\x{E40}\x{E2B}\x{E21}\x{E37}\x{E2D}\x{E19}"
      text run at (0,12792) width 19: "\x{E01}\x{E31}\x{E19}"
      text run at (0,12813) width 16: "\x{E1B}\x{E49}\x{E32}"
      text run at (0,12834) width 12: "\x{E40}\x{E2D}\x{E47}"
      text run at (0,12855) width 25: "\x{E21}\x{E01}\x{E33}"
      text run at (0,12876) width 15: "\x{E25}\x{E31}\x{E07}"
      text run at (0,12897) width 22: "\x{E25}\x{E49}\x{E32}\x{E07}"
      text run at (0,12918) width 26: "\x{E0A}\x{E32}\x{E21}"
      text run at (0,12939) width 16: "\x{E2D}\x{E22}\x{E39}\x{E48}"
      text run at (0,12960) width 24: "\x{E08}\x{E32}\x{E01}"
      text run at (0,12981) width 26: "\x{E14}\x{E49}\x{E32}\x{E19}"
      text run at (0,13002) width 31: "\x{E40}\x{E2B}\x{E19}\x{E37}\x{E2D}"
      text run at (0,13023) width 24: "\x{E44}\x{E01}\x{E25}"
      text run at (0,13044) width 25: "\x{E2D}\x{E2D}\x{E01}"
      text run at (0,13065) width 15: "\x{E44}\x{E1B}"
      text run at (0,13086) width 9: "\x{E21}\x{E35}"
      text run at (0,13107) width 27: "\x{E40}\x{E2A}\x{E35}\x{E22}\x{E07}"
      text run at (0,13128) width 18: "\x{E25}\x{E21}"
      text run at (0,13149) width 29: "\x{E04}\x{E23}\x{E32}\x{E07}"
      text run at (0,13170) width 25: "\x{E41}\x{E1C}\x{E48}\x{E27}"
      text run at (0,13191) width 20: "\x{E40}\x{E1A}\x{E32}"
      text run at (0,13212) width 33: "\x{E44}\x{E14}\x{E49}\x{E22}\x{E34}\x{E19}"
      text run at (0,13233) width 16: "\x{E21}\x{E32}"
      text run at (0,13254) width 15: "\x{E25}\x{E38}\x{E07}"
      text run at (0,13275) width 13: "\x{E40}\x{E2E}"
      text run at (0,13296) width 17: "\x{E19}\x{E23}\x{E35}"
      text run at (0,13317) width 22: "\x{E41}\x{E25}\x{E30}"
      text run at (0,13338) width 16: "\x{E42}\x{E14}"
      text run at (0,13359) width 22: "\x{E42}\x{E23}\x{E18}\x{E35}"
      text run at (0,13380) width 23: "\x{E40}\x{E2B}\x{E47}\x{E19}"
      text run at (0,13401) width 19: "\x{E15}\x{E49}\x{E19}"
      text run at (0,13422) width 29: "\x{E2B}\x{E0D}\x{E49}\x{E32}"
      text run at (0,13443) width 15: "\x{E2A}\x{E39}\x{E07}"
      text run at (0,13464) width 22: "\x{E40}\x{E2D}\x{E19}"
      text run at (0,13485) width 23: "\x{E40}\x{E1B}\x{E47}\x{E19}"
      text run at (0,13506) width 28: "\x{E04}\x{E25}\x{E37}\x{E48}\x{E19}"
      text run at (0,13527) width 27: "\x{E01}\x{E48}\x{E2D}\x{E19}"
      text run at (0,13548) width 9: "\x{E17}\x{E35}\x{E48}"
      text run at (0,13569) width 26: "\x{E1E}\x{E32}\x{E22}\x{E38}"
      text run at (0,13590) width 13: "\x{E08}\x{E30}"
      text run at (0,13611) width 16: "\x{E21}\x{E32}"
      text run at (0,13632) width 15: "\x{E16}\x{E36}\x{E07}"
      text run at (0,13653) width 24: "\x{E41}\x{E25}\x{E49}\x{E27}"
      text run at (0,13674) width 9: "\x{E01}\x{E47}"
      text run at (0,13695) width 9: "\x{E21}\x{E35}"
      text run at (0,13716) width 27: "\x{E40}\x{E2A}\x{E35}\x{E22}\x{E07}"
      text run at (0,13737) width 25: "\x{E2B}\x{E27}\x{E35}\x{E14}"
      text run at (0,13758) width 23: "\x{E2B}\x{E27}\x{E34}\x{E27}"
      text run at (0,13779) width 41: "\x{E0A}\x{E31}\x{E14}\x{E40}\x{E08}\x{E19}"
      text run at (0,13800) width 16: "\x{E21}\x{E32}"
      text run at (0,13821) width 24: "\x{E08}\x{E32}\x{E01}"
      text run at (0,13842) width 63: "\x{E1A}\x{E23}\x{E23}\x{E22}\x{E32}\x{E01}\x{E32}\x{E28}"
      text run at (0,13863) width 22: "\x{E17}\x{E32}\x{E07}"
      text run at (0,13884) width 15: "\x{E43}\x{E15}\x{E49}"
      text run at (0,13905) width 22: "\x{E41}\x{E25}\x{E30}"
      text run at (0,13926) width 21: "\x{E40}\x{E21}\x{E37}\x{E48}\x{E2D}"
      text run at (0,13947) width 39: "\x{E40}\x{E2B}\x{E25}\x{E37}\x{E2D}\x{E1A}"
      text run at (0,13968) width 16: "\x{E15}\x{E32}"
      text run at (0,13989) width 15: "\x{E44}\x{E1B}"
      text run at (0,14010) width 22: "\x{E17}\x{E32}\x{E07}"
      text run at (0,14031) width 26: "\x{E14}\x{E49}\x{E32}\x{E19}"
      text run at (0,14052) width 20: "\x{E19}\x{E31}\x{E49}\x{E19}"
      text run at (0,14073) width 9: "\x{E01}\x{E47}"
      text run at (0,14094) width 23: "\x{E40}\x{E2B}\x{E47}\x{E19}"
      text run at (0,14115) width 28: "\x{E04}\x{E25}\x{E37}\x{E48}\x{E19}"
      text run at (0,14136) width 29: "\x{E2B}\x{E0D}\x{E49}\x{E32}"
      text run at (0,14157) width 16: "\x{E21}\x{E32}"
      text run at (0,14178) width 22: "\x{E17}\x{E32}\x{E07}"
      text run at (0,14199) width 26: "\x{E14}\x{E49}\x{E32}\x{E19}"
      text run at (0,14220) width 20: "\x{E19}\x{E31}\x{E49}\x{E19}"
      text run at (0,14241) width 24: "\x{E14}\x{E49}\x{E27}\x{E22}"
      text run at (0,14262) width 15: "\x{E25}\x{E38}\x{E07}"
      text run at (0,14283) width 13: "\x{E40}\x{E2E}"
      text run at (0,14304) width 17: "\x{E19}\x{E23}\x{E35}"
      text run at (0,14325) width 19: "\x{E1C}\x{E38}\x{E14}"
      text run at (0,14346) width 18: "\x{E25}\x{E38}\x{E01}"
      text run at (0,14367) width 20: "\x{E02}\x{E36}\x{E49}\x{E19}"
      text run at (0,14388) width 31: "\x{E17}\x{E31}\x{E19}\x{E43}\x{E14}"
      text run at (0,14409) width 25: "\"\x{E25}\x{E21}"
      text run at (0,14430) width 48: "\x{E44}\x{E0B}\x{E42}\x{E04}\x{E25}\x{E19}"
      text run at (0,14451) width 16: "\x{E21}\x{E32}"
      text run at (0,14472) width 28: "\x{E40}\x{E2D}\x{E47}\x{E21}\""
      text run at (0,14493) width 15: "\x{E25}\x{E38}\x{E07}"
      text run at (0,14514) width 21: "\x{E23}\x{E49}\x{E2D}\x{E07}"
      text run at (0,14535) width 26: "\x{E1A}\x{E2D}\x{E01}"
      text run at (0,14556) width 39: "\x{E20}\x{E23}\x{E23}\x{E22}\x{E32}"
      text run at (0,14577) width 24: "\"\x{E02}\x{E49}\x{E32}"
      text run at (0,14598) width 13: "\x{E08}\x{E30}"
      text run at (0,14619) width 15: "\x{E44}\x{E1B}"
      text run at (0,14640) width 9: "\x{E14}\x{E39}"
      text run at (0,14661) width 25: "\x{E2A}\x{E31}\x{E15}\x{E27}\x{E4C}"
      text run at (0,14682) width 27: "\x{E40}\x{E25}\x{E35}\x{E49}\x{E22}\x{E07}"
      text run at (0,14703) width 42: "\x{E2B}\x{E19}\x{E48}\x{E2D}\x{E22}\""
      text run at (0,14724) width 24: "\x{E41}\x{E25}\x{E49}\x{E27}"
      text run at (0,14745) width 15: "\x{E25}\x{E38}\x{E07}"
      text run at (0,14766) width 9: "\x{E01}\x{E47}"
      text run at (0,14787) width 13: "\x{E27}\x{E34}\x{E48}\x{E07}"
      text run at (0,14808) width 15: "\x{E44}\x{E1B}"
      text run at (0,14829) width 14: "\x{E22}\x{E31}\x{E07}"
      text run at (0,14850) width 21: "\x{E40}\x{E1E}\x{E34}\x{E07}"
      text run at (0,14871) width 9: "\x{E17}\x{E35}\x{E48}"
      text run at (0,14892) width 14: "\x{E27}\x{E31}\x{E27}"
      text run at (0,14913) width 22: "\x{E41}\x{E25}\x{E30}"
      text run at (0,14934) width 16: "\x{E21}\x{E49}\x{E32}"
      text run at (0,14955) width 32: "\x{E2D}\x{E32}\x{E28}\x{E31}\x{E22}"
      text run at (0,14976) width 16: "\x{E2D}\x{E22}\x{E39}\x{E48}"
      text run at (0,14997) width 16: "\x{E1B}\x{E49}\x{E32}"
      text run at (0,15018) width 21: "\x{E40}\x{E2D}\x{E47}\x{E21}"
      text run at (0,15039) width 26: "\x{E2B}\x{E22}\x{E38}\x{E14}"
      text run at (0,15060) width 39: "\x{E17}\x{E33}\x{E07}\x{E32}\x{E19}"
      text run at (0,15081) width 22: "\x{E41}\x{E25}\x{E30}"
      text run at (0,15102) width 16: "\x{E21}\x{E32}"
      text run at (0,15123) width 9: "\x{E17}\x{E35}\x{E48}"
      text run at (0,15144) width 30: "\x{E1B}\x{E23}\x{E30}\x{E15}\x{E39}"
      text run at (0,15165) width 29: "\x{E40}\x{E1E}\x{E35}\x{E22}\x{E07}"
      text run at (0,15186) width 41: "\x{E0A}\x{E32}\x{E22}\x{E15}\x{E32}"
      text run at (0,15207) width 23: "\x{E21}\x{E2D}\x{E07}"
      text run at (0,15228) width 16: "\x{E1B}\x{E49}\x{E32}"
      text run at (0,15249) width 9: "\x{E01}\x{E47}"
      text run at (0,15270) width 26: "\x{E1A}\x{E2D}\x{E01}"
      text run at (0,15291) width 15: "\x{E44}\x{E14}\x{E49}"
      text run at (0,15312) width 14: "\x{E27}\x{E48}\x{E32}"
      text run at (0,15333) width 49: "\x{E2D}\x{E31}\x{E19}\x{E15}\x{E23}\x{E32}\x{E22}"
      text run at (0,15354) width 16: "\x{E21}\x{E32}"
      text run at (0,15375) width 15: "\x{E16}\x{E36}\x{E07}"
      text run at (0,15396) width 24: "\x{E41}\x{E25}\x{E49}\x{E27}"
      text run at (0,15417) width 25: "\"\x{E40}\x{E23}\x{E47}\x{E27}"
      text run at (0,15438) width 16: "\x{E42}\x{E14}"
      text run at (0,15459) width 34: "\x{E42}\x{E23}\x{E18}\x{E35}!\""
      text run at (0,15480) width 16: "\x{E1B}\x{E49}\x{E32}"
      text run at (0,15501) width 40: "\x{E15}\x{E30}\x{E42}\x{E01}\x{E19}"
      text run at (0,15522) width 20: "\"\x{E27}\x{E34}\x{E48}\x{E07}"
      text run at (0,15543) width 15: "\x{E44}\x{E1B}"
      text run at (0,15564) width 23: "\x{E2B}\x{E49}\x{E2D}\x{E07}"
      text run at (0,15585) width 41: "\x{E43}\x{E15}\x{E49}\x{E16}\x{E38}\x{E19}\""
      text run at (0,15606) width 16: "\x{E42}\x{E15}"
      text run at (0,15627) width 16: "\x{E42}\x{E15}\x{E49}"
      text run at (0,15648) width 29: "\x{E1C}\x{E25}\x{E38}\x{E19}"
      text run at (0,15669) width 46: "\x{E01}\x{E23}\x{E30}\x{E42}\x{E14}\x{E14}"
      text run at (0,15690) width 15: "\x{E25}\x{E07}"
      text run at (0,15711) width 24: "\x{E08}\x{E32}\x{E01}"
      text run at (0,15732) width 25: "\x{E2D}\x{E49}\x{E2D}\x{E21}"
      text run at (0,15753) width 28: "\x{E41}\x{E02}\x{E19}"
      text run at (0,15774) width 16: "\x{E42}\x{E14}"
      text run at (0,15795) width 22: "\x{E42}\x{E23}\x{E18}\x{E35}"
      text run at (0,15816) width 24: "\x{E41}\x{E25}\x{E49}\x{E27}"
      text run at (0,15837) width 36: "\x{E40}\x{E02}\x{E49}\x{E32}\x{E44}\x{E1B}"
      text run at (0,15858) width 28: "\x{E0B}\x{E48}\x{E2D}\x{E19}"
      text run at (0,15879) width 16: "\x{E2D}\x{E22}\x{E39}\x{E48}"
      text run at (0,15900) width 15: "\x{E43}\x{E15}\x{E49}"
      text run at (0,15921) width 27: "\x{E40}\x{E15}\x{E35}\x{E22}\x{E07}"
      text run at (0,15942) width 22: "\x{E40}\x{E14}\x{E47}\x{E01}"
      text run at (0,15963) width 28: "\x{E2B}\x{E0D}\x{E34}\x{E07}"
      text run at (0,15984) width 26: "\x{E19}\x{E49}\x{E2D}\x{E22}"
      text run at (0,16005) width 36: "\x{E40}\x{E02}\x{E49}\x{E32}\x{E44}\x{E1B}"
      text run at (0,16026) width 15: "\x{E14}\x{E36}\x{E07}"
      text run at (0,16047) width 19: "\x{E21}\x{E31}\x{E19}"
      text run at (0,16068) width 25: "\x{E2D}\x{E2D}\x{E01}"
      text run at (0,16089) width 16: "\x{E21}\x{E32}"
      text run at (0,16110) width 16: "\x{E1B}\x{E49}\x{E32}"
      text run at (0,16131) width 12: "\x{E40}\x{E2D}\x{E47}"
      text run at (0,16152) width 18: "\x{E21}\x{E01}"
      text run at (0,16173) width 12: "\x{E23}\x{E30}"
      text run at (0,16194) width 26: "\x{E0A}\x{E32}\x{E01}"
      text run at (0,16215) width 17: "\x{E1D}\x{E32}"
      text run at (0,16236) width 9: "\x{E17}\x{E35}\x{E48}"
      text run at (0,16257) width 21: "\x{E1E}\x{E37}\x{E49}\x{E19}"
      text run at (0,16278) width 25: "\x{E2D}\x{E2D}\x{E01}"
      text run at (0,16299) width 29: "\x{E2D}\x{E22}\x{E48}\x{E32}\x{E07}"
      text run at (0,16320) width 17: "\x{E2D}\x{E01}"
      text run at (0,16341) width 19: "\x{E2A}\x{E31}\x{E48}\x{E19}"
      text run at (0,16362) width 30: "\x{E02}\x{E27}\x{E31}\x{E0D}"
      text run at (0,16383) width 24: "\x{E2B}\x{E32}\x{E22}"
      text run at (0,16404) width 19: "\x{E1B}\x{E35}\x{E19}"
      text run at (0,16425) width 31: "\x{E1A}\x{E31}\x{E19}\x{E44}\x{E14}"
      text run at (0,16446) width 15: "\x{E44}\x{E21}\x{E49}"
      text run at (0,16467) width 15: "\x{E25}\x{E07}"
      text run at (0,16488) width 15: "\x{E44}\x{E1B}"
      text run at (0,16509) width 16: "\x{E43}\x{E19}"
      text run at (0,16530) width 31: "\x{E42}\x{E1E}\x{E23}\x{E07}"
      text run at (0,16551) width 22: "\x{E40}\x{E25}\x{E47}\x{E01}"
      text run at (0,16572) width 18: "\x{E2D}\x{E31}\x{E19}"
      text run at (0,16593) width 18: "\x{E21}\x{E37}\x{E14}"
      text run at (0,16614) width 18: "\x{E17}\x{E36}\x{E1A}"
      text run at (0,16635) width 16: "\x{E42}\x{E14}"
      text run at (0,16656) width 22: "\x{E42}\x{E23}\x{E18}\x{E35}"
      text run at (0,16677) width 17: "\x{E08}\x{E31}\x{E1A}"
      text run at (0,16698) width 16: "\x{E42}\x{E15}"
      text run at (0,16719) width 16: "\x{E42}\x{E15}\x{E49}"
      text run at (0,16740) width 15: "\x{E44}\x{E14}\x{E49}"
      text run at (0,16761) width 16: "\x{E43}\x{E19}"
      text run at (0,16782) width 27: "\x{E17}\x{E35}\x{E48}\x{E2A}\x{E38}\x{E14}"
      text run at (0,16803) width 22: "\x{E41}\x{E25}\x{E30}"
      text run at (0,16824) width 13: "\x{E27}\x{E34}\x{E48}\x{E07}"
      text run at (0,16845) width 25: "\x{E15}\x{E32}\x{E21}"
      text run at (0,16866) width 16: "\x{E1B}\x{E49}\x{E32}"
      text run at (0,16887) width 20: "\x{E40}\x{E18}\x{E2D}"
      text run at (0,16908) width 15: "\x{E44}\x{E1B}"
      text run at (0,16929) width 21: "\x{E40}\x{E21}\x{E37}\x{E48}\x{E2D}"
      text run at (0,16950) width 20: "\x{E40}\x{E18}\x{E2D}"
      text run at (0,16971) width 16: "\x{E21}\x{E32}"
      text run at (0,16992) width 15: "\x{E44}\x{E14}\x{E49}"
      text run at (0,17013) width 22: "\x{E04}\x{E23}\x{E36}\x{E48}\x{E07}"
      text run at (0,17034) width 23: "\x{E2B}\x{E49}\x{E2D}\x{E07}"
      text run at (0,17055) width 9: "\x{E01}\x{E47}"
      text run at (0,17076) width 9: "\x{E21}\x{E35}"
      text run at (0,17097) width 27: "\x{E40}\x{E2A}\x{E35}\x{E22}\x{E07}"
      text run at (0,17118) width 25: "\x{E2B}\x{E27}\x{E35}\x{E14}"
      text run at (0,17139) width 24: "\x{E2B}\x{E27}\x{E37}\x{E2D}"
      text run at (0,17160) width 26: "\x{E2A}\x{E48}\x{E27}\x{E19}"
      text run at (0,17181) width 26: "\x{E1A}\x{E49}\x{E32}\x{E19}"
      text run at (0,17202) width 9: "\x{E01}\x{E47}"
      text run at (0,17223) width 19: "\x{E2A}\x{E31}\x{E48}\x{E19}"
      text run at (0,17244) width 29: "\x{E2D}\x{E22}\x{E48}\x{E32}\x{E07}"
      text run at (0,17265) width 21: "\x{E41}\x{E23}\x{E07}"
      text run at (0,17286) width 18: "\x{E08}\x{E19}"
      text run at (0,17307) width 20: "\x{E40}\x{E18}\x{E2D}"
      text run at (0,17328) width 18: "\x{E2B}\x{E01}"
      text run at (0,17349) width 30: "\x{E04}\x{E30}\x{E21}\x{E33}"
      text run at (0,17370) width 16: "\x{E19}\x{E31}\x{E48}\x{E07}"
      text run at (0,17391) width 35: "\x{E08}\x{E49}\x{E33}\x{E40}\x{E1A}\x{E49}\x{E32}"
      text run at (0,17412) width 16: "\x{E2D}\x{E22}\x{E39}\x{E48}"
      text run at (0,17433) width 18: "\x{E01}\x{E31}\x{E1A}"
      text run at (0,17454) width 21: "\x{E1E}\x{E37}\x{E49}\x{E19}"
      text run at (0,17475) width 24: "\x{E41}\x{E25}\x{E49}\x{E27}"
      text run at (0,17496) width 15: "\x{E2A}\x{E34}\x{E48}\x{E07}"
      text run at (0,17517) width 55: "\x{E1B}\x{E23}\x{E30}\x{E2B}\x{E25}\x{E32}\x{E14}"
      text run at (0,17538) width 9: "\x{E01}\x{E47}"
      text run at (0,17559) width 22: "\x{E40}\x{E01}\x{E34}\x{E14}"
      text run at (0,17580) width 20: "\x{E02}\x{E36}\x{E49}\x{E19}"
      text run at (0,17601) width 26: "\x{E1A}\x{E49}\x{E32}\x{E19}"
      text run at (0,17622) width 28: "\x{E2B}\x{E21}\x{E38}\x{E19}"
      text run at (0,17643) width 15: "\x{E44}\x{E1B}"
      text run at (0,17664) width 28: "\x{E2B}\x{E21}\x{E38}\x{E19}"
      text run at (0,17685) width 25: "\x{E21}\x{E32}\x{E2A}"
      text run at (0,17706) width 14: "\x{E2D}\x{E07}"
      text run at (0,17727) width 25: "\x{E2A}\x{E32}\x{E21}"
      text run at (0,17748) width 24: "\x{E23}\x{E2D}\x{E1A}"
      text run at (0,17769) width 24: "\x{E41}\x{E25}\x{E49}\x{E27}"
      text run at (0,17790) width 9: "\x{E01}\x{E47}"
      text run at (0,17811) width 25: "\x{E25}\x{E2D}\x{E22}"
      text run at (0,17832) width 20: "\x{E02}\x{E36}\x{E49}\x{E19}"
      text run at (0,17853) width 9: "\x{E2A}\x{E39}\x{E48}"
      text run at (0,17874) width 40: "\x{E2D}\x{E32}\x{E01}\x{E32}\x{E28}"
      text run at (0,17895) width 29: "\x{E2D}\x{E22}\x{E48}\x{E32}\x{E07}"
      text run at (0,17916) width 24: "\x{E0A}\x{E49}\x{E32}\x{E46}"
      text run at (0,17937) width 16: "\x{E42}\x{E14}"
      text run at (0,17958) width 14: "\x{E42}\x{E23}"
      text run at (0,17979) width 15: "\x{E18}\x{E35}\x{E23}\x{E39}\x{E49}"
      text run at (0,18000) width 18: "\x{E2A}\x{E36}\x{E01}"
      text run at (0,18021) width 39: "\x{E23}\x{E32}\x{E27}\x{E01}\x{E31}\x{E1A}"
      text run at (0,18042) width 14: "\x{E27}\x{E48}\x{E32}"
      text run at (0,18063) width 20: "\x{E40}\x{E18}\x{E2D}"
      text run at (0,18084) width 15: "\x{E44}\x{E14}\x{E49}"
      text run at (0,18105) width 20: "\x{E02}\x{E36}\x{E49}\x{E19}"
      text run at (0,18126) width 15: "\x{E44}\x{E1B}"
      text run at (0,18147) width 18: "\x{E01}\x{E31}\x{E1A}"
      text run at (0,18168) width 18: "\x{E25}\x{E39}\x{E01}"
      text run at (0,18189) width 45: "\x{E1A}\x{E2D}\x{E25}\x{E25}\x{E39}\x{E19}"
      text run at (0,18210) width 26: "\x{E1E}\x{E32}\x{E22}\x{E38}"
      text run at (0,18231) width 31: "\x{E40}\x{E2B}\x{E19}\x{E37}\x{E2D}"
      text run at (0,18252) width 18: "\x{E01}\x{E31}\x{E1A}"
      text run at (0,18273) width 26: "\x{E1E}\x{E32}\x{E22}\x{E38}"
      text run at (0,18294) width 15: "\x{E43}\x{E15}\x{E49}"
      text run at (0,18315) width 16: "\x{E21}\x{E32}"
      text run at (0,18336) width 20: "\x{E1E}\x{E1A}"
      text run at (0,18357) width 19: "\x{E01}\x{E31}\x{E19}"
      text run at (0,18378) width 22: "\x{E15}\x{E23}\x{E07}"
      text run at (0,18399) width 9: "\x{E17}\x{E35}\x{E48}"
      text run at (0,18420) width 26: "\x{E1A}\x{E49}\x{E32}\x{E19}"
      text run at (0,18441) width 28: "\x{E1E}\x{E2D}\x{E14}\x{E35}"
      text run at (0,18462) width 22: "\x{E41}\x{E25}\x{E30}"
      text run at (0,18483) width 31: "\x{E17}\x{E33}\x{E43}\x{E2B}\x{E49}"
      text run at (0,18504) width 22: "\x{E15}\x{E23}\x{E07}"
      text run at (0,18525) width 20: "\x{E19}\x{E31}\x{E49}\x{E19}"
      text run at (0,18546) width 23: "\x{E40}\x{E1B}\x{E47}\x{E19}"
      text run at (0,18567) width 75: "\x{E08}\x{E38}\x{E14}\x{E28}\x{E39}\x{E19}\x{E22}\x{E4C}\x{E01}\x{E25}\x{E32}\x{E07}"
      text run at (0,18588) width 24: "\x{E02}\x{E2D}\x{E07}"
      text run at (0,18609) width 26: "\x{E1E}\x{E32}\x{E22}\x{E38}"
      text run at (0,18630) width 48: "\x{E44}\x{E0B}\x{E42}\x{E04}\x{E25}\x{E19}"
      text run at (0,18651) width 25: "\x{E15}\x{E32}\x{E21}"
      text run at (0,18672) width 27: "\x{E1B}\x{E01}\x{E15}\x{E34}"
      text run at (0,18693) width 22: "\x{E15}\x{E23}\x{E07}"
      text run at (0,18714) width 31: "\x{E01}\x{E25}\x{E32}\x{E07}"
      text run at (0,18735) width 26: "\x{E1E}\x{E32}\x{E22}\x{E38}"
      text run at (0,18756) width 48: "\x{E44}\x{E0B}\x{E42}\x{E04}\x{E25}\x{E19}"
      text run at (0,18777) width 40: "\x{E2D}\x{E32}\x{E01}\x{E32}\x{E28}"
      text run at (0,18798) width 13: "\x{E08}\x{E30}"
      text run at (0,18819) width 16: "\x{E19}\x{E34}\x{E48}\x{E07}"
      text run at (0,18840) width 17: "\x{E41}\x{E15}\x{E48}"
      text run at (0,18861) width 32: "\x{E04}\x{E27}\x{E32}\x{E21}"
      text run at (0,18882) width 37: "\x{E01}\x{E14}\x{E14}\x{E31}\x{E19}"
      text run at (0,18903) width 29: "\x{E2D}\x{E22}\x{E48}\x{E32}\x{E07}"
      text run at (0,18924) width 28: "\x{E2B}\x{E19}\x{E31}\x{E01}"
      text run at (0,18945) width 24: "\x{E02}\x{E2D}\x{E07}"
      text run at (0,18966) width 18: "\x{E25}\x{E21}"
      text run at (0,18987) width 18: "\x{E17}\x{E38}\x{E01}"
      text run at (0,19008) width 26: "\x{E14}\x{E49}\x{E32}\x{E19}"
      text run at (0,19029) width 24: "\x{E23}\x{E2D}\x{E1A}"
      text run at (0,19050) width 26: "\x{E1A}\x{E49}\x{E32}\x{E19}"
      text run at (0,19071) width 31: "\x{E17}\x{E33}\x{E43}\x{E2B}\x{E49}"
      text run at (0,19092) width 26: "\x{E1A}\x{E49}\x{E32}\x{E19}"
      text run at (0,19113) width 25: "\x{E25}\x{E2D}\x{E22}"
      text run at (0,19134) width 15: "\x{E2A}\x{E39}\x{E07}"
      text run at (0,19155) width 27: "\x{E02}\x{E36}\x{E49}\x{E19}\x{E46}"
      text run at (0,19176) width 18: "\x{E08}\x{E19}"
      text run at (0,19197) width 36: "\x{E01}\x{E23}\x{E30}\x{E17}\x{E31}\x{E48}\x{E07}"
      text run at (0,19218) width 20: "\x{E02}\x{E36}\x{E49}\x{E19}"
      text run at (0,19239) width 15: "\x{E44}\x{E1B}"
      text run at (0,19260) width 16: "\x{E2D}\x{E22}\x{E39}\x{E48}"
      text run at (0,19281) width 18: "\x{E2A}\x{E38}\x{E14}"
      text run at (0,19302) width 25: "\x{E22}\x{E2D}\x{E14}"
      text run at (0,19323) width 24: "\x{E02}\x{E2D}\x{E07}"
      text run at (0,19344) width 26: "\x{E1E}\x{E32}\x{E22}\x{E38}"
      text run at (0,19365) width 48: "\x{E44}\x{E0B}\x{E42}\x{E04}\x{E25}\x{E19}"
      text run at (0,19386) width 22: "\x{E41}\x{E25}\x{E30}"
      text run at (0,19407) width 24: "\x{E08}\x{E32}\x{E01}"
      text run at (0,19428) width 22: "\x{E15}\x{E23}\x{E07}"
      text run at (0,19449) width 20: "\x{E19}\x{E31}\x{E49}\x{E19}"
      text run at (0,19470) width 9: "\x{E01}\x{E47}"
      text run at (0,19491) width 18: "\x{E16}\x{E39}\x{E01}"
      text run at (0,19512) width 26: "\x{E2B}\x{E2D}\x{E1A}"
      text run at (0,19533) width 15: "\x{E44}\x{E1B}"
      text run at (0,19554) width 33: "\x{E2B}\x{E25}\x{E32}\x{E22}"
      text run at (0,19575) width 24: "\x{E44}\x{E21}\x{E25}\x{E4C}"
      text run at (0,19596) width 45: "\x{E07}\x{E48}\x{E32}\x{E22}\x{E14}\x{E32}\x{E22}"
      text run at (0,19617) width 39: "\x{E23}\x{E32}\x{E27}\x{E01}\x{E31}\x{E1A}"
      text run at (0,19638) width 26: "\x{E2B}\x{E2D}\x{E1A}"
      text run at (0,19659) width 20: "\x{E02}\x{E19}"
      text run at (0,19680) width 19: "\x{E19}\x{E01}"
      text run at (0,19701) width 18: "\x{E21}\x{E37}\x{E14}"
      text run at (0,19722) width 25: "\x{E21}\x{E32}\x{E01}"
      text run at (0,19743) width 24: "\x{E41}\x{E25}\x{E49}\x{E27}"
      text run at (0,19764) width 18: "\x{E25}\x{E21}"
      text run at (0,19785) width 14: "\x{E22}\x{E31}\x{E07}"
      text run at (0,19806) width 15: "\x{E2A}\x{E48}\x{E07}"
      text run at (0,19827) width 27: "\x{E40}\x{E2A}\x{E35}\x{E22}\x{E07}"
      text run at (0,19848) width 25: "\x{E2B}\x{E27}\x{E35}\x{E14}"
      text run at (0,19869) width 24: "\x{E2B}\x{E27}\x{E37}\x{E2D}"
      text run at (0,19890) width 17: "\x{E19}\x{E48}\x{E32}"
      text run at (0,19911) width 25: "\x{E01}\x{E25}\x{E31}\x{E27}"
      text run at (0,19932) width 16: "\x{E2D}\x{E22}\x{E39}\x{E48}"
      text run at (0,19953) width 24: "\x{E23}\x{E2D}\x{E1A}"
      text run at (0,19974) width 16: "\x{E15}\x{E31}\x{E27}"
      text run at (0,19995) width 20: "\x{E40}\x{E18}\x{E2D}"
      text run at (0,20016) width 17: "\x{E41}\x{E15}\x{E48}"
      text run at (0,20037) width 16: "\x{E42}\x{E14}"
      text run at (0,20058) width 22: "\x{E42}\x{E23}\x{E18}\x{E35}"
      text run at (0,20079) width 23: "\x{E40}\x{E2B}\x{E47}\x{E19}"
      text run at (0,20100) width 14: "\x{E27}\x{E48}\x{E32}"
      text run at (0,20121) width 20: "\x{E40}\x{E18}\x{E2D}"
      text run at (0,20142) width 48: "\x{E2A}\x{E32}\x{E21}\x{E32}\x{E23}\x{E16}"
      text run at (0,20163) width 16: "\x{E19}\x{E31}\x{E48}\x{E07}"
      text run at (0,20184) width 15: "\x{E44}\x{E1B}"
      text run at (0,20205) width 15: "\x{E44}\x{E14}\x{E49}"
      text run at (0,20226) width 29: "\x{E2D}\x{E22}\x{E48}\x{E32}\x{E07}"
      text run at (0,20247) width 45: "\x{E07}\x{E48}\x{E32}\x{E22}\x{E14}\x{E32}\x{E22}"
      text run at (0,20268) width 19: "\x{E19}\x{E31}\x{E01}"
      text run at (0,20289) width 22: "\x{E04}\x{E23}\x{E31}\x{E49}\x{E07}"
      text run at (0,20310) width 25: "\x{E2B}\x{E19}\x{E36}\x{E48}\x{E07}"
      text run at (0,20331) width 24: "\x{E2B}\x{E25}\x{E31}\x{E07}"
      text run at (0,20352) width 24: "\x{E08}\x{E32}\x{E01}"
      text run at (0,20373) width 9: "\x{E17}\x{E35}\x{E48}"
      text run at (0,20394) width 26: "\x{E1A}\x{E49}\x{E32}\x{E19}"
      text run at (0,20415) width 32: "\x{E2A}\x{E30}\x{E14}\x{E38}\x{E14}"
      text run at (0,20436) width 29: "\x{E2D}\x{E22}\x{E48}\x{E32}\x{E07}"
      text run at (0,20457) width 21: "\x{E41}\x{E23}\x{E07}"
      text run at (0,20478) width 22: "\x{E41}\x{E25}\x{E30}"
      text run at (0,20499) width 28: "\x{E2B}\x{E21}\x{E38}\x{E19}"
      text run at (0,20520) width 15: "\x{E44}\x{E1B}"
      text run at (0,20541) width 31: "\x{E23}\x{E2D}\x{E1A}\x{E46}"
      text run at (0,20562) width 23: "\x{E2A}\x{E2D}\x{E07}"
      text run at (0,20583) width 25: "\x{E2A}\x{E32}\x{E21}"
      text run at (0,20604) width 22: "\x{E04}\x{E23}\x{E31}\x{E49}\x{E07}"
      text run at (0,20625) width 16: "\x{E43}\x{E19}"
      text run at (0,20646) width 27: "\x{E15}\x{E2D}\x{E19}"
      text run at (0,20667) width 24: "\x{E41}\x{E23}\x{E01}"
      text run at (0,20688) width 20: "\x{E40}\x{E18}\x{E2D}"
      text run at (0,20709) width 9: "\x{E01}\x{E47}"
      text run at (0,20730) width 25: "\x{E23}\x{E39}\x{E49}\x{E2A}\x{E36}\x{E01}"
      text run at (0,20751) width 14: "\x{E27}\x{E48}\x{E32}"
      text run at (0,20772) width 16: "\x{E15}\x{E31}\x{E27}"
      text run at (0,20793) width 18: "\x{E40}\x{E2D}\x{E07}"
      text run at (0,20814) width 18: "\x{E16}\x{E39}\x{E01}"
      text run at (0,20835) width 30: "\x{E41}\x{E01}\x{E27}\x{E48}\x{E07}"
      text run at (0,20856) width 29: "\x{E2D}\x{E22}\x{E48}\x{E32}\x{E07}"
      text run at (0,20877) width 25: "\x{E41}\x{E1C}\x{E48}\x{E27}"
      text run at (0,20898) width 20: "\x{E40}\x{E1A}\x{E32}"
      text run at (0,20919) width 21: "\x{E23}\x{E32}\x{E27}"
      text run at (0,20940) width 32: "\x{E17}\x{E32}\x{E23}\x{E01}"
      text run at (0,20961) width 16: "\x{E43}\x{E19}"
      text run at (0,20982) width 22: "\x{E40}\x{E1B}\x{E25}"
      text run at (0,21003) width 16: "\x{E42}\x{E15}"
      text run at (0,21024) width 16: "\x{E42}\x{E15}\x{E49}"
      text run at (0,21045) width 15: "\x{E44}\x{E21}\x{E48}"
      text run at (0,21066) width 39: "\x{E0A}\x{E2D}\x{E1A}\x{E43}\x{E08}"
      text run at (0,21087) width 21: "\x{E40}\x{E25}\x{E22}"
      text run at (0,21108) width 19: "\x{E21}\x{E31}\x{E19}"
      text run at (0,21129) width 13: "\x{E27}\x{E34}\x{E48}\x{E07}"
      text run at (0,21150) width 15: "\x{E44}\x{E1B}"
      text run at (0,21171) width 13: "\x{E27}\x{E34}\x{E48}\x{E07}"
      text run at (0,21192) width 23: "\x{E21}\x{E32}\x{E23}"
      text run at (0,21213) width 17: "\x{E2D}\x{E1A}"
      text run at (0,21234) width 23: "\x{E2B}\x{E49}\x{E2D}\x{E07}"
      text run at (0,21255) width 22: "\x{E17}\x{E32}\x{E07}"
      text run at (0,21276) width 27: "\x{E42}\x{E19}\x{E49}\x{E19}"
      text run at (0,21297) width 9: "\x{E17}\x{E35}"
      text run at (0,21318) width 22: "\x{E17}\x{E32}\x{E07}"
      text run at (0,21339) width 10: "\x{E19}\x{E35}\x{E49}"
      text run at (0,21360) width 9: "\x{E17}\x{E35}"
      text run at (0,21381) width 15: "\x{E2A}\x{E48}\x{E07}"
      text run at (0,21402) width 27: "\x{E40}\x{E2A}\x{E35}\x{E22}\x{E07}"
      text run at (0,21423) width 20: "\x{E40}\x{E2B}\x{E48}\x{E32}"
      text run at (0,21444) width 15: "\x{E14}\x{E31}\x{E07}"
      text run at (0,21465) width 23: "\x{E01}\x{E49}\x{E2D}\x{E07}"
      text run at (0,21486) width 17: "\x{E41}\x{E15}\x{E48}"
      text run at (0,21507) width 16: "\x{E42}\x{E14}"
      text run at (0,21528) width 22: "\x{E42}\x{E23}\x{E18}\x{E35}"
      text run at (0,21549) width 16: "\x{E19}\x{E31}\x{E48}\x{E07}"
      text run at (0,21570) width 16: "\x{E19}\x{E34}\x{E48}\x{E07}"
      text run at (0,21591) width 16: "\x{E2D}\x{E22}\x{E39}\x{E48}"
      text run at (0,21612) width 19: "\x{E1A}\x{E19}"
      text run at (0,21633) width 21: "\x{E1E}\x{E37}\x{E49}\x{E19}"
      text run at (0,21654) width 21: "\x{E40}\x{E1D}\x{E49}\x{E32}"
      text run at (0,21675) width 25: "\x{E04}\x{E2D}\x{E22}"
      text run at (0,21696) width 9: "\x{E14}\x{E39}"
      text run at (0,21717) width 14: "\x{E27}\x{E48}\x{E32}"
      text run at (0,21738) width 13: "\x{E08}\x{E30}"
      text run at (0,21759) width 22: "\x{E40}\x{E01}\x{E34}\x{E14}"
      text run at (0,21780) width 26: "\x{E2D}\x{E30}\x{E44}\x{E23}"
      text run at (0,21801) width 20: "\x{E02}\x{E36}\x{E49}\x{E19}"
      text run at (0,21822) width 22: "\x{E04}\x{E23}\x{E31}\x{E49}\x{E07}"
      text run at (0,21843) width 25: "\x{E2B}\x{E19}\x{E36}\x{E48}\x{E07}"
      text run at (0,21864) width 16: "\x{E42}\x{E15}"
      text run at (0,21885) width 16: "\x{E42}\x{E15}\x{E49}"
      text run at (0,21906) width 36: "\x{E40}\x{E02}\x{E49}\x{E32}\x{E44}\x{E1B}"
      text run at (0,21927) width 24: "\x{E43}\x{E01}\x{E25}\x{E49}"
      text run at (0,21948) width 17: "\x{E1D}\x{E32}"
      text run at (0,21969) width 9: "\x{E17}\x{E35}\x{E48}"
      text run at (0,21990) width 21: "\x{E1E}\x{E37}\x{E49}\x{E19}"
      text run at (0,22011) width 25: "\x{E21}\x{E32}\x{E01}"
      text run at (0,22032) width 15: "\x{E44}\x{E1B}"
      text run at (0,22053) width 21: "\x{E40}\x{E25}\x{E22}"
      text run at (0,22074) width 29: "\x{E1E}\x{E25}\x{E31}\x{E14}"
      text run at (0,22095) width 33: "\x{E15}\x{E01}\x{E25}\x{E07}"
      text run at (0,22116) width 15: "\x{E44}\x{E1B}"
      text run at (0,22137) width 9: "\x{E17}\x{E35}"
      text run at (0,22158) width 24: "\x{E41}\x{E23}\x{E01}"
      text run at (0,22179) width 22: "\x{E40}\x{E14}\x{E47}\x{E01}"
      text run at (0,22200) width 28: "\x{E2B}\x{E0D}\x{E34}\x{E07}"
      text run at (0,22221) width 18: "\x{E04}\x{E34}\x{E14}"
      text run at (0,22242) width 14: "\x{E27}\x{E48}\x{E32}"
      text run at (0,22263) width 20: "\x{E40}\x{E18}\x{E2D}"
      text run at (0,22284) width 13: "\x{E08}\x{E30}"
      text run at (0,22305) width 22: "\x{E2A}\x{E39}\x{E0D}"
      text run at (0,22326) width 21: "\x{E40}\x{E2A}\x{E35}\x{E22}"
      text run at (0,22347) width 19: "\x{E21}\x{E31}\x{E19}"
      text run at (0,22368) width 15: "\x{E44}\x{E1B}"
      text run at (0,22389) width 21: "\x{E40}\x{E2A}\x{E35}\x{E22}"
      text run at (0,22410) width 24: "\x{E41}\x{E25}\x{E49}\x{E27}"
      text run at (0,22431) width 17: "\x{E41}\x{E15}\x{E48}"
      text run at (0,22452) width 17: "\x{E0A}\x{E31}\x{E48}\x{E27}"
      text run at (0,22473) width 16: "\x{E04}\x{E23}\x{E39}\x{E48}"
      text run at (0,22494) width 20: "\x{E40}\x{E18}\x{E2D}"
      text run at (0,22515) width 9: "\x{E01}\x{E47}"
      text run at (0,22536) width 23: "\x{E40}\x{E2B}\x{E47}\x{E19}"
      text run at (0,22557) width 9: "\x{E2B}\x{E39}"
      text run at (0,22578) width 24: "\x{E02}\x{E2D}\x{E07}"
      text run at (0,22599) width 19: "\x{E21}\x{E31}\x{E19}"
      text run at (0,22620) width 26: "\x{E42}\x{E1C}\x{E25}\x{E48}"
      text run at (0,22641) width 20: "\x{E02}\x{E36}\x{E49}\x{E19}"
      text run at (0,22662) width 16: "\x{E21}\x{E32}"
      text run at (0,22683) width 24: "\x{E08}\x{E32}\x{E01}"
      text run at (0,22704) width 24: "\x{E0A}\x{E48}\x{E2D}\x{E07}"
      text run at (0,22725) width 20: "\x{E19}\x{E31}\x{E49}\x{E19}"
      text run at (0,22746) width 25: "\x{E17}\x{E31}\x{E49}\x{E07}\x{E19}\x{E35}\x{E49}"
      text run at (0,22767) width 34: "\x{E40}\x{E1E}\x{E23}\x{E32}\x{E30}"
      text run at (0,22788) width 21: "\x{E41}\x{E23}\x{E07}"
      text run at (0,22809) width 18: "\x{E01}\x{E14}"
      text run at (0,22830) width 29: "\x{E2D}\x{E22}\x{E48}\x{E32}\x{E07}"
      text run at (0,22851) width 28: "\x{E2B}\x{E19}\x{E31}\x{E01}"
      text run at (0,22872) width 24: "\x{E02}\x{E2D}\x{E07}"
      text run at (0,22893) width 40: "\x{E2D}\x{E32}\x{E01}\x{E32}\x{E28}"
      text run at (0,22914) width 31: "\x{E17}\x{E33}\x{E43}\x{E2B}\x{E49}"
      text run at (0,22935) width 16: "\x{E42}\x{E15}"
      text run at (0,22956) width 16: "\x{E42}\x{E15}\x{E49}"
      text run at (0,22977) width 15: "\x{E44}\x{E21}\x{E48}"
      text run at (0,22998) width 33: "\x{E15}\x{E01}\x{E25}\x{E07}"
      text run at (0,23019) width 15: "\x{E44}\x{E1B}"
      text run at (0,23040) width 23: "\x{E02}\x{E49}\x{E32}\x{E07}"
      text run at (0,23061) width 22: "\x{E25}\x{E48}\x{E32}\x{E07}"
      text run at (0,23082) width 16: "\x{E42}\x{E14}"
      text run at (0,23103) width 22: "\x{E42}\x{E23}\x{E18}\x{E35}"
      text run at (0,23124) width 35: "\x{E04}\x{E25}\x{E32}\x{E19}"
      text run at (0,23145) width 15: "\x{E44}\x{E1B}"
      text run at (0,23166) width 9: "\x{E17}\x{E35}\x{E48}"
      text run at (0,23187) width 24: "\x{E0A}\x{E48}\x{E2D}\x{E07}"
      text run at (0,23208) width 20: "\x{E19}\x{E31}\x{E49}\x{E19}"
      text run at (0,23229) width 17: "\x{E08}\x{E31}\x{E1A}"
      text run at (0,23250) width 9: "\x{E2B}\x{E39}"
      text run at (0,23271) width 16: "\x{E42}\x{E15}"
      text run at (0,23292) width 16: "\x{E42}\x{E15}\x{E49}"
      text run at (0,23313) width 13: "\x{E44}\x{E27}\x{E49}"
      text run at (0,23334) width 15: "\x{E44}\x{E14}\x{E49}"
      text run at (0,23355) width 22: "\x{E41}\x{E25}\x{E30}"
      text run at (0,23376) width 25: "\x{E25}\x{E32}\x{E01}"
      text run at (0,23397) width 19: "\x{E21}\x{E31}\x{E19}"
      text run at (0,23418) width 16: "\x{E21}\x{E32}"
      text run at (0,23439) width 9: "\x{E17}\x{E35}\x{E48}"
      text run at (0,23460) width 23: "\x{E2B}\x{E49}\x{E2D}\x{E07}"
      text run at (0,23481) width 17: "\x{E2D}\x{E35}\x{E01}"
      text run at (0,23502) width 24: "\x{E2B}\x{E25}\x{E31}\x{E07}"
      text run at (0,23523) width 24: "\x{E08}\x{E32}\x{E01}"
      text run at (0,23544) width 20: "\x{E19}\x{E31}\x{E49}\x{E19}"
      text run at (0,23565) width 9: "\x{E01}\x{E47}"
      text run at (0,23586) width 18: "\x{E1B}\x{E34}\x{E14}"
      text run at (0,23607) width 17: "\x{E1D}\x{E32}"
      text run at (0,23628) width 21: "\x{E1E}\x{E37}\x{E49}\x{E19}"
      text run at (0,23649) width 23: "\x{E40}\x{E1E}\x{E37}\x{E48}\x{E2D}"
      text run at (0,23670) width 13: "\x{E08}\x{E30}"
      text run at (0,23691) width 15: "\x{E44}\x{E14}\x{E49}"
      text run at (0,23712) width 15: "\x{E44}\x{E21}\x{E48}"
      text run at (0,23733) width 22: "\x{E40}\x{E01}\x{E34}\x{E14}"
      text run at (0,23754) width 48: "\x{E2D}\x{E38}\x{E1A}\x{E31}\x{E15}\x{E34}\x{E40}\x{E2B}\x{E15}\x{E38}"
      text run at (0,23775) width 17: "\x{E2D}\x{E35}\x{E01}"
      text run at (0,23796) width 37: "\x{E0A}\x{E31}\x{E48}\x{E27}\x{E42}\x{E21}\x{E07}"
      text run at (0,23817) width 24: "\x{E41}\x{E25}\x{E49}\x{E27}"
      text run at (0,23838) width 37: "\x{E0A}\x{E31}\x{E48}\x{E27}\x{E42}\x{E21}\x{E07}"
      text run at (0,23859) width 20: "\x{E40}\x{E25}\x{E48}\x{E32}"
      text run at (0,23880) width 27: "\x{E1C}\x{E48}\x{E32}\x{E19}"
      text run at (0,23901) width 15: "\x{E44}\x{E1B}"
      text run at (0,23922) width 16: "\x{E42}\x{E14}"
      text run at (0,23943) width 22: "\x{E42}\x{E23}\x{E18}\x{E35}"
      text run at (0,23964) width 32: "\x{E04}\x{E48}\x{E2D}\x{E22}\x{E46}"
      text run at (0,23985) width 24: "\x{E2B}\x{E32}\x{E22}"
      text run at (0,24006) width 25: "\x{E01}\x{E25}\x{E31}\x{E27}"
      text run at (0,24027) width 17: "\x{E41}\x{E15}\x{E48}"
      text run at (0,24048) width 20: "\x{E40}\x{E18}\x{E2D}"
      text run at (0,24069) width 25: "\x{E23}\x{E39}\x{E49}\x{E2A}\x{E36}\x{E01}"
      text run at (0,24090) width 26: "\x{E40}\x{E2B}\x{E07}\x{E32}"
      text run at (0,24111) width 30: "\x{E40}\x{E2B}\x{E25}\x{E37}\x{E2D}"
      text run at (0,24132) width 23: "\x{E40}\x{E01}\x{E34}\x{E19}"
      text run at (0,24153) width 22: "\x{E41}\x{E25}\x{E30}"
      text run at (0,24174) width 18: "\x{E25}\x{E21}"
      text run at (0,24195) width 9: "\x{E01}\x{E47}"
      text run at (0,24216) width 15: "\x{E2A}\x{E48}\x{E07}"
      text run at (0,24237) width 27: "\x{E40}\x{E2A}\x{E35}\x{E22}\x{E07}"
      text run at (0,24258) width 25: "\x{E2B}\x{E27}\x{E35}\x{E14}"
      text run at (0,24279) width 24: "\x{E2B}\x{E27}\x{E37}\x{E2D}"
      text run at (0,24300) width 15: "\x{E14}\x{E31}\x{E07}"
      text run at (0,24321) width 21: "\x{E40}\x{E2A}\x{E35}\x{E22}"
      text run at (0,24342) width 18: "\x{E08}\x{E19}"
      text run at (0,24363) width 20: "\x{E40}\x{E18}\x{E2D}"
      text run at (0,24384) width 26: "\x{E41}\x{E17}\x{E1A}"
      text run at (0,24405) width 13: "\x{E08}\x{E30}"
      text run at (0,24426) width 9: "\x{E2B}\x{E39}"
      text run at (0,24447) width 35: "\x{E2B}\x{E19}\x{E27}\x{E01}"
      text run at (0,24468) width 9: "\x{E17}\x{E35}"
      text run at (0,24489) width 24: "\x{E41}\x{E23}\x{E01}"
      text run at (0,24510) width 20: "\x{E40}\x{E18}\x{E2D}"
      text run at (0,24531) width 32: "\x{E2A}\x{E07}\x{E2A}\x{E31}\x{E22}"
      text run at (0,24552) width 14: "\x{E27}\x{E48}\x{E32}"
      text run at (0,24573) width 28: "\x{E04}\x{E07}\x{E08}\x{E30}"
      text run at (0,24594) width 18: "\x{E16}\x{E39}\x{E01}"
      text run at (0,24615) width 19: "\x{E09}\x{E35}\x{E01}"
      text run at (0,24636) width 47: "\x{E01}\x{E23}\x{E30}\x{E0A}\x{E32}\x{E01}"
      text run at (0,24657) width 25: "\x{E2D}\x{E2D}\x{E01}"
      text run at (0,24678) width 23: "\x{E40}\x{E1B}\x{E47}\x{E19}"
      text run at (0,24699) width 20: "\x{E0A}\x{E34}\x{E49}\x{E19}"
      text run at (0,24720) width 22: "\x{E40}\x{E25}\x{E47}\x{E01}"
      text run at (0,24741) width 20: "\x{E0A}\x{E34}\x{E49}\x{E19}"
      text run at (0,24762) width 26: "\x{E19}\x{E49}\x{E2D}\x{E22}"
      text run at (0,24783) width 21: "\x{E40}\x{E21}\x{E37}\x{E48}\x{E2D}"
      text run at (0,24804) width 26: "\x{E1A}\x{E49}\x{E32}\x{E19}"
      text run at (0,24825) width 22: "\x{E40}\x{E2D}\x{E19}"
      text run at (0,24846) width 18: "\x{E25}\x{E49}\x{E21}"
      text run at (0,24867) width 15: "\x{E25}\x{E07}"
      text run at (0,24888) width 17: "\x{E2D}\x{E35}\x{E01}"
      text run at (0,24909) width 22: "\x{E04}\x{E23}\x{E31}\x{E49}\x{E07}"
      text run at (0,24930) width 17: "\x{E41}\x{E15}\x{E48}"
      text run at (0,24951) width 33: "\x{E2B}\x{E25}\x{E32}\x{E22}"
      text run at (0,24972) width 37: "\x{E0A}\x{E31}\x{E48}\x{E27}\x{E42}\x{E21}\x{E07}"
      text run at (0,24993) width 27: "\x{E1C}\x{E48}\x{E32}\x{E19}"
      text run at (0,25014) width 15: "\x{E44}\x{E1B}"
      text run at (0,25035) width 9: "\x{E01}\x{E47}"
      text run at (0,25056) width 24: "\x{E44}\x{E21}\x{E48}\x{E21}\x{E35}"
      text run at (0,25077) width 26: "\x{E2D}\x{E30}\x{E44}\x{E23}"
      text run at (0,25098) width 22: "\x{E40}\x{E01}\x{E34}\x{E14}"
      text run at (0,25119) width 20: "\x{E02}\x{E36}\x{E49}\x{E19}"
      text run at (0,25140) width 20: "\x{E40}\x{E18}\x{E2D}"
      text run at (0,25161) width 21: "\x{E40}\x{E25}\x{E22}"
      text run at (0,25182) width 22: "\x{E40}\x{E25}\x{E34}\x{E01}"
      text run at (0,25203) width 25: "\x{E27}\x{E34}\x{E15}\x{E01}"
      text run at (0,25224) width 22: "\x{E41}\x{E25}\x{E30}"
      text run at (0,25245) width 37: "\x{E15}\x{E31}\x{E14}\x{E2A}\x{E34}\x{E19}"
      text run at (0,25266) width 14: "\x{E43}\x{E08}"
      text run at (0,25287) width 25: "\x{E04}\x{E2D}\x{E22}"
      text run at (0,25308) width 9: "\x{E14}\x{E39}"
      text run at (0,25329) width 29: "\x{E2D}\x{E22}\x{E48}\x{E32}\x{E07}"
      text run at (0,25350) width 24: "\x{E2A}\x{E07}\x{E1A}"
      text run at (0,25371) width 22: "\x{E41}\x{E25}\x{E30}"
      text run at (0,25392) width 15: "\x{E23}\x{E2D}"
      text run at (0,25413) width 14: "\x{E27}\x{E48}\x{E32}"
      text run at (0,25434) width 43: "\x{E2D}\x{E19}\x{E32}\x{E04}\x{E15}"
      text run at (0,25455) width 13: "\x{E08}\x{E30}"
      text run at (0,25476) width 23: "\x{E40}\x{E1B}\x{E47}\x{E19}"
      text run at (0,25497) width 40: "\x{E2D}\x{E22}\x{E48}\x{E32}\x{E07}\x{E44}\x{E23}"
      text run at (0,25518) width 16: "\x{E43}\x{E19}"
      text run at (0,25539) width 27: "\x{E17}\x{E35}\x{E48}\x{E2A}\x{E38}\x{E14}"
      text run at (0,25560) width 20: "\x{E40}\x{E18}\x{E2D}"
      text run at (0,25581) width 35: "\x{E04}\x{E25}\x{E32}\x{E19}"
      text run at (0,25602) width 24: "\x{E08}\x{E32}\x{E01}"
      text run at (0,25623) width 21: "\x{E1E}\x{E37}\x{E49}\x{E19}"
      text run at (0,25644) width 23: "\x{E2B}\x{E49}\x{E2D}\x{E07}"
      text run at (0,25665) width 9: "\x{E17}\x{E35}\x{E48}"
      text run at (0,25686) width 24: "\x{E42}\x{E22}\x{E01}"
      text run at (0,25707) width 15: "\x{E44}\x{E1B}"
      text run at (0,25728) width 16: "\x{E21}\x{E32}"
      text run at (0,25749) width 20: "\x{E02}\x{E36}\x{E49}\x{E19}"
      text run at (0,25770) width 15: "\x{E44}\x{E1B}"
      text run at (0,25791) width 19: "\x{E1A}\x{E19}"
      text run at (0,25812) width 27: "\x{E40}\x{E15}\x{E35}\x{E22}\x{E07}"
      text run at (0,25833) width 24: "\x{E41}\x{E25}\x{E49}\x{E27}"
      text run at (0,25854) width 9: "\x{E01}\x{E47}"
      text run at (0,25875) width 28: "\x{E19}\x{E2D}\x{E19}"
      text run at (0,25896) width 15: "\x{E25}\x{E07}"
      text run at (0,25917) width 16: "\x{E42}\x{E15}"
      text run at (0,25938) width 16: "\x{E42}\x{E15}\x{E49}"
      text run at (0,25959) width 25: "\x{E15}\x{E32}\x{E21}"
      text run at (0,25980) width 18: "\x{E15}\x{E34}\x{E14}"
      text run at (0,26001) width 16: "\x{E21}\x{E32}"
      text run at (0,26022) width 28: "\x{E19}\x{E2D}\x{E19}"
      text run at (0,26043) width 15: "\x{E25}\x{E07}"
      text run at (0,26064) width 31: "\x{E43}\x{E01}\x{E25}\x{E49}\x{E46}"
      text run at (0,26085) width 20: "\x{E40}\x{E18}\x{E2D}"
      text run at (0,26106) width 15: "\x{E44}\x{E21}\x{E48}"
      text run at (0,26127) width 17: "\x{E0A}\x{E49}\x{E32}"
      text run at (0,26148) width 16: "\x{E42}\x{E14}"
      text run at (0,26169) width 22: "\x{E42}\x{E23}\x{E18}\x{E35}"
      text run at (0,26190) width 9: "\x{E01}\x{E47}"
      text run at (0,26211) width 18: "\x{E1B}\x{E34}\x{E14}"
      text run at (0,26232) width 16: "\x{E15}\x{E32}"
      text run at (0,26253) width 15: "\x{E25}\x{E07}"
      text run at (0,26274) width 27: "\x{E2B}\x{E25}\x{E31}\x{E1A}"
      text run at (0,26295) width 35: "\x{E1C}\x{E25}\x{E47}\x{E2D}\x{E22}"
      text run at (0,26316) width 15: "\x{E44}\x{E1B}"
      text run at (0,26337) width 29: "\x{E2D}\x{E22}\x{E48}\x{E32}\x{E07}"
      text run at (0,26358) width 28: "\x{E2A}\x{E19}\x{E34}\x{E17}"
      text run at (0,26379) width 22: "\x{E17}\x{E31}\x{E49}\x{E07}\x{E46}"
      text run at (0,26400) width 9: "\x{E17}\x{E35}\x{E48}"
      text run at (0,26421) width 26: "\x{E1A}\x{E49}\x{E32}\x{E19}"
      text run at (0,26442) width 24: "\x{E42}\x{E22}\x{E01}"
      text run at (0,26463) width 15: "\x{E44}\x{E1B}"
      text run at (0,26484) width 16: "\x{E21}\x{E32}"
      text run at (0,26505) width 22: "\x{E41}\x{E25}\x{E30}"
      text run at (0,26526) width 18: "\x{E25}\x{E21}"
      text run at (0,26547) width 9: "\x{E01}\x{E47}"
      text run at (0,26568) width 29: "\x{E04}\x{E23}\x{E32}\x{E07}"
      text run at (0,26589) width 25: "\x{E2B}\x{E27}\x{E35}\x{E14}"
      text run at (0,26610) width 24: "\x{E2B}\x{E27}\x{E37}\x{E2D}"
layer at (471,96) size 1x27981
  RenderBlock (positioned) {DIV} at (471,96) size 1x27981
    RenderText {#text} at (0,3) size 63x27977
      text run at (0,3) width 18: "\x{E1A}\x{E17}"
      text run at (0,24) width 9: "\x{E17}\x{E35}\x{E48}"
      text run at (0,45) width 10: "\x{E51}"
      text run at (0,66) width 26: "\x{E1E}\x{E32}\x{E22}\x{E38}"
      text run at (0,87) width 48: "\x{E44}\x{E0B}\x{E42}\x{E04}\x{E25}\x{E19}"
      text run at (0,108) width 16: "\x{E42}\x{E14}"
      text run at (0,129) width 22: "\x{E42}\x{E23}\x{E18}\x{E35}"
      text run at (0,150) width 32: "\x{E2D}\x{E32}\x{E28}\x{E31}\x{E22}"
      text run at (0,171) width 16: "\x{E2D}\x{E22}\x{E39}\x{E48}"
      text run at (0,192) width 25: "\x{E17}\x{E48}\x{E32}\x{E21}"
      text run at (0,213) width 31: "\x{E01}\x{E25}\x{E32}\x{E07}"
      text run at (0,234) width 15: "\x{E17}\x{E38}\x{E48}\x{E07}"
      text run at (0,255) width 28: "\x{E43}\x{E2B}\x{E0D}\x{E48}"
      text run at (0,276) width 16: "\x{E43}\x{E19}"
      text run at (0,297) width 46: "\x{E41}\x{E04}\x{E19}\x{E0B}\x{E31}\x{E2A}"
      text run at (0,318) width 18: "\x{E01}\x{E31}\x{E1A}"
      text run at (0,339) width 15: "\x{E25}\x{E38}\x{E07}"
      text run at (0,360) width 13: "\x{E40}\x{E2E}"
      text run at (0,381) width 17: "\x{E19}\x{E23}\x{E35}"
      text run at (0,402) width 24: "\x{E0A}\x{E32}\x{E27}"
      text run at (0,423) width 13: "\x{E44}\x{E23}\x{E48}"
      text run at (0,444) width 22: "\x{E41}\x{E25}\x{E30}"
      text run at (0,465) width 16: "\x{E1B}\x{E49}\x{E32}"
      text run at (0,486) width 21: "\x{E40}\x{E2D}\x{E47}\x{E21}"
      text run at (0,507) width 39: "\x{E20}\x{E23}\x{E23}\x{E22}\x{E32}"
      text run at (0,528) width 35: "\x{E0A}\x{E32}\x{E27}\x{E44}\x{E23}\x{E48}"
      text run at (0,549) width 26: "\x{E1A}\x{E49}\x{E32}\x{E19}"
      text run at (0,570) width 24: "\x{E02}\x{E2D}\x{E07}"
      text run at (0,591) width 27: "\x{E1E}\x{E27}\x{E01}"
      text run at (0,612) width 21: "\x{E40}\x{E02}\x{E32}"
      text run at (0,633) width 24: "\x{E2B}\x{E25}\x{E31}\x{E07}"
      text run at (0,654) width 22: "\x{E40}\x{E25}\x{E47}\x{E01}"
      text run at (0,675) width 34: "\x{E40}\x{E1E}\x{E23}\x{E32}\x{E30}"
      text run at (0,696) width 15: "\x{E44}\x{E21}\x{E49}"
      text run at (0,717) width 29: "\x{E2A}\x{E23}\x{E49}\x{E32}\x{E07}"
      text run at (0,738) width 26: "\x{E1A}\x{E49}\x{E32}\x{E19}"
      text run at (0,759) width 23: "\x{E15}\x{E49}\x{E2D}\x{E07}"
      text run at (0,780) width 20: "\x{E02}\x{E19}"
      text run at (0,801) width 16: "\x{E21}\x{E32}"
      text run at (0,822) width 24: "\x{E14}\x{E49}\x{E27}\x{E22}"
      text run at (0,843) width 38: "\x{E40}\x{E01}\x{E27}\x{E35}\x{E22}\x{E19}"
      text run at (0,864) width 23: "\x{E40}\x{E1B}\x{E47}\x{E19}"
      text run at (0,885) width 25: "\x{E23}\x{E30}\x{E22}\x{E30}"
      text run at (0,906) width 22: "\x{E17}\x{E32}\x{E07}"
      text run at (0,927) width 33: "\x{E2B}\x{E25}\x{E32}\x{E22}"
      text run at (0,948) width 24: "\x{E44}\x{E21}\x{E25}\x{E4C}"
      text run at (0,969) width 26: "\x{E1A}\x{E49}\x{E32}\x{E19}"
      text run at (0,990) width 9: "\x{E21}\x{E35}"
      text run at (0,1011) width 9: "\x{E2A}\x{E35}\x{E48}"
      text run at (0,1032) width 17: "\x{E1D}\x{E32}"
      text run at (0,1053) width 9: "\x{E21}\x{E35}"
      text run at (0,1074) width 21: "\x{E1E}\x{E37}\x{E49}\x{E19}"
      text run at (0,1095) width 18: "\x{E01}\x{E31}\x{E1A}"
      text run at (0,1116) width 40: "\x{E2B}\x{E25}\x{E31}\x{E07}\x{E04}\x{E32}"
      text run at (0,1137) width 23: "\x{E23}\x{E27}\x{E21}"
      text run at (0,1158) width 16: "\x{E17}\x{E33}"
      text run at (0,1179) width 23: "\x{E40}\x{E1B}\x{E47}\x{E19}"
      text run at (0,1200) width 23: "\x{E2B}\x{E49}\x{E2D}\x{E07}"
      text run at (0,1221) width 28: "\x{E40}\x{E14}\x{E35}\x{E22}\x{E27}"
      text run at (0,1242) width 16: "\x{E43}\x{E19}"
      text run at (0,1263) width 23: "\x{E2B}\x{E49}\x{E2D}\x{E07}"
      text run at (0,1284) width 9: "\x{E21}\x{E35}"
      text run at (0,1305) width 15: "\x{E17}\x{E31}\x{E49}\x{E07}"
      text run at (0,1326) width 20: "\x{E40}\x{E15}\x{E32}"
      text run at (0,1347) width 15: "\x{E2B}\x{E38}\x{E07}"
      text run at (0,1368) width 18: "\x{E15}\x{E49}\x{E21}"
      text run at (0,1389) width 9: "\x{E17}\x{E35}\x{E48}"
      text run at (0,1410) width 28: "\x{E2A}\x{E19}\x{E34}\x{E21}"
      text run at (0,1431) width 9: "\x{E14}\x{E39}"
      text run at (0,1452) width 20: "\x{E02}\x{E36}\x{E49}\x{E19}"
      text run at (0,1473) width 26: "\x{E40}\x{E25}\x{E2D}\x{E30}"
      text run at (0,1494) width 9: "\x{E21}\x{E35}"
      text run at (0,1515) width 9: "\x{E15}\x{E39}\x{E49}"
      text run at (0,1536) width 15: "\x{E43}\x{E2A}\x{E48}"
      text run at (0,1557) width 24: "\x{E16}\x{E49}\x{E27}\x{E22}"
      text run at (0,1578) width 26: "\x{E0A}\x{E32}\x{E21}"
      text run at (0,1599) width 21: "\x{E42}\x{E15}\x{E4A}\x{E30}"
      text run at (0,1620) width 28: "\x{E40}\x{E01}\x{E49}\x{E32}\x{E2D}\x{E35}\x{E49}"
      text run at (0,1641) width 25: "\x{E2A}\x{E32}\x{E21}"
      text run at (0,1662) width 24: "\x{E2B}\x{E23}\x{E37}\x{E2D}"
      text run at (0,1683) width 9: "\x{E2A}\x{E35}\x{E48}"
      text run at (0,1704) width 16: "\x{E15}\x{E31}\x{E27}"
      text run at (0,1725) width 24: "\x{E41}\x{E25}\x{E49}\x{E27}"
      text run at (0,1746) width 9: "\x{E01}\x{E47}"
      text run at (0,1767) width 9: "\x{E21}\x{E35}"
      text run at (0,1788) width 27: "\x{E40}\x{E15}\x{E35}\x{E22}\x{E07}"
      text run at (0,1809) width 28: "\x{E19}\x{E2D}\x{E19}"
      text run at (0,1830) width 15: "\x{E25}\x{E38}\x{E07}"
      text run at (0,1851) width 13: "\x{E40}\x{E2E}"
      text run at (0,1872) width 17: "\x{E19}\x{E23}\x{E35}"
      text run at (0,1893) width 18: "\x{E01}\x{E31}\x{E1A}"
      text run at (0,1914) width 16: "\x{E1B}\x{E49}\x{E32}"
      text run at (0,1935) width 21: "\x{E40}\x{E2D}\x{E47}\x{E21}"
      text run at (0,1956) width 9: "\x{E21}\x{E35}"
      text run at (0,1977) width 27: "\x{E40}\x{E15}\x{E35}\x{E22}\x{E07}"
      text run at (0,1998) width 28: "\x{E19}\x{E2D}\x{E19}"
      text run at (0,2019) width 28: "\x{E43}\x{E2B}\x{E0D}\x{E48}"
      text run at (0,2040) width 16: "\x{E2D}\x{E22}\x{E39}\x{E48}"
      text run at (0,2061) width 9: "\x{E17}\x{E35}\x{E48}"
      text run at (0,2082) width 18: "\x{E21}\x{E38}\x{E21}"
      text run at (0,2103) width 25: "\x{E2B}\x{E19}\x{E36}\x{E48}\x{E07}"
      text run at (0,2124) width 26: "\x{E2A}\x{E48}\x{E27}\x{E19}"
      text run at (0,2145) width 16: "\x{E42}\x{E14}"
      text run at (0,2166) width 22: "\x{E42}\x{E23}\x{E18}\x{E35}"
      text run at (0,2187) width 9: "\x{E21}\x{E35}"
      text run at (0,2208) width 27: "\x{E40}\x{E15}\x{E35}\x{E22}\x{E07}"
      text run at (0,2229) width 22: "\x{E40}\x{E25}\x{E47}\x{E01}"
      text run at (0,2250) width 17: "\x{E2D}\x{E35}\x{E01}"
      text run at (0,2271) width 9: "\x{E17}\x{E35}\x{E48}"
      text run at (0,2292) width 18: "\x{E21}\x{E38}\x{E21}"
      text run at (0,2313) width 25: "\x{E2B}\x{E19}\x{E36}\x{E48}\x{E07}"
      text run at (0,2334) width 15: "\x{E44}\x{E21}\x{E48}"
      text run at (0,2355) width 9: "\x{E21}\x{E35}"
      text run at (0,2376) width 23: "\x{E2B}\x{E49}\x{E2D}\x{E07}"
      text run at (0,2397) width 15: "\x{E43}\x{E15}\x{E49}"
      text run at (0,2418) width 41: "\x{E40}\x{E1E}\x{E14}\x{E32}\x{E19}"
      text run at (0,2439) width 21: "\x{E40}\x{E25}\x{E22}"
      text run at (0,2460) width 23: "\x{E2B}\x{E49}\x{E2D}\x{E07}"
      text run at (0,2481) width 34: "\x{E43}\x{E15}\x{E49}\x{E16}\x{E38}\x{E19}"
      text run at (0,2502) width 9: "\x{E01}\x{E47}"
      text run at (0,2523) width 15: "\x{E44}\x{E21}\x{E48}"
      text run at (0,2544) width 9: "\x{E21}\x{E35}"
      text run at (0,2565) width 21: "\x{E40}\x{E27}\x{E49}\x{E19}"
      text run at (0,2586) width 17: "\x{E41}\x{E15}\x{E48}"
      text run at (0,2607) width 9: "\x{E21}\x{E35}"
      text run at (0,2628) width 31: "\x{E42}\x{E1E}\x{E23}\x{E07}"
      text run at (0,2649) width 29: "\x{E40}\x{E25}\x{E47}\x{E01}\x{E46}"
      text run at (0,2670) width 9: "\x{E17}\x{E35}\x{E48}"
      text run at (0,2691) width 19: "\x{E02}\x{E38}\x{E14}"
      text run at (0,2712) width 15: "\x{E44}\x{E1B}"
      text run at (0,2733) width 15: "\x{E43}\x{E15}\x{E49}"
      text run at (0,2754) width 21: "\x{E1E}\x{E37}\x{E49}\x{E19}"
      text run at (0,2775) width 28: "\x{E40}\x{E23}\x{E35}\x{E22}\x{E01}"
      text run at (0,2796) width 14: "\x{E27}\x{E48}\x{E32}"
      text run at (0,2814) width 7: "\""
      text run at (0,2835) width 31: "\x{E42}\x{E1E}\x{E23}\x{E07}"
      text run at (0,2856) width 48: "\x{E44}\x{E0B}\x{E42}\x{E04}\x{E25}\x{E19}"
      text run at (0,2874) width 7: "\""
      text run at (0,2895) width 23: "\x{E40}\x{E1B}\x{E47}\x{E19}"
      text run at (0,2916) width 9: "\x{E17}\x{E35}\x{E48}"
      text run at (0,2937) width 56: "\x{E04}\x{E23}\x{E2D}\x{E1A}\x{E04}\x{E23}\x{E31}\x{E27}"
      text run at (0,2958) width 10: "\x{E19}\x{E35}\x{E49}"
      text run at (0,2979) width 13: "\x{E08}\x{E30}"
      text run at (0,3000) width 18: "\x{E21}\x{E38}\x{E14}"
      text run at (0,3021) width 21: "\x{E40}\x{E02}\x{E49}\x{E32}"
      text run at (0,3042) width 15: "\x{E44}\x{E1B}"
      text run at (0,3063) width 21: "\x{E40}\x{E21}\x{E37}\x{E48}\x{E2D}"
      text run at (0,3084) width 22: "\x{E40}\x{E01}\x{E34}\x{E14}"
      text run at (0,3105) width 18: "\x{E25}\x{E21}"
      text run at (0,3126) width 25: "\x{E21}\x{E2B}\x{E32}"
      text run at (0,3147) width 18: "\x{E20}\x{E31}\x{E22}"
      text run at (0,3168) width 16: "\x{E0B}\x{E36}\x{E48}\x{E07}"
      text run at (0,3189) width 47: "\x{E01}\x{E23}\x{E30}\x{E42}\x{E0A}\x{E01}"
      text run at (0,3210) width 21: "\x{E41}\x{E23}\x{E07}"
      text run at (0,3231) width 18: "\x{E08}\x{E19}"
      text run at (0,3252) width 18: "\x{E1A}\x{E14}"
      text run at (0,3273) width 18: "\x{E02}\x{E22}\x{E35}\x{E49}"
      text run at (0,3294) width 15: "\x{E2A}\x{E34}\x{E48}\x{E07}"
      text run at (0,3315) width 17: "\x{E01}\x{E48}\x{E2D}"
      text run at (0,3336) width 29: "\x{E2A}\x{E23}\x{E49}\x{E32}\x{E07}"
      text run at (0,3357) width 15: "\x{E43}\x{E14}"
      text run at (0,3378) width 7: "\x{E46}"
      text run at (0,3399) width 9: "\x{E17}\x{E35}\x{E48}"
      text run at (0,3420) width 30: "\x{E02}\x{E27}\x{E32}\x{E07}"
      text run at (0,3441) width 22: "\x{E17}\x{E32}\x{E07}"
      text run at (0,3462) width 19: "\x{E21}\x{E31}\x{E19}"
      text run at (0,3483) width 15: "\x{E44}\x{E14}\x{E49}"
      text run at (0,3504) width 22: "\x{E15}\x{E23}\x{E07}"
      text run at (0,3525) width 31: "\x{E01}\x{E25}\x{E32}\x{E07}"
      text run at (0,3546) width 21: "\x{E1E}\x{E37}\x{E49}\x{E19}"
      text run at (0,3567) width 9: "\x{E21}\x{E35}"
      text run at (0,3588) width 17: "\x{E1D}\x{E32}"
      text run at (0,3609) width 22: "\x{E40}\x{E1B}\x{E34}\x{E14}"
      text run at (0,3630) width 21: "\x{E40}\x{E02}\x{E49}\x{E32}"
      text run at (0,3651) width 15: "\x{E44}\x{E1B}"
      text run at (0,3672) width 24: "\x{E08}\x{E32}\x{E01}"
      text run at (0,3693) width 20: "\x{E19}\x{E31}\x{E49}\x{E19}"
      text run at (0,3714) width 9: "\x{E21}\x{E35}"
      text run at (0,3735) width 31: "\x{E1A}\x{E31}\x{E19}\x{E44}\x{E14}"
      text run at (0,3756) width 15: "\x{E25}\x{E07}"
      text run at (0,3777) width 15: "\x{E44}\x{E1B}"
      text run at (0,3798) width 15: "\x{E16}\x{E36}\x{E07}"
      text run at (0,3819) width 31: "\x{E42}\x{E1E}\x{E23}\x{E07}"
      text run at (0,3840) width 18: "\x{E21}\x{E37}\x{E14}"
      text run at (0,3861) width 22: "\x{E40}\x{E25}\x{E47}\x{E01}"
      text run at (0,3882) width 7: "\x{E46}"
      text run at (0,3903) width 21: "\x{E40}\x{E21}\x{E37}\x{E48}\x{E2D}"
      text run at (0,3924) width 16: "\x{E42}\x{E14}"
      text run at (0,3945) width 22: "\x{E42}\x{E23}\x{E18}\x{E35}"
      text run at (0,3966) width 18: "\x{E22}\x{E37}\x{E19}"
      text run at (0,3987) width 9: "\x{E17}\x{E35}\x{E48}"
      text run at (0,4008) width 25: "\x{E1B}\x{E32}\x{E01}"
      text run at (0,4029) width 30: "\x{E1B}\x{E23}\x{E30}\x{E15}\x{E39}"
      text run at (0,4050) width 22: "\x{E41}\x{E25}\x{E30}"
      text run at (0,4071) width 23: "\x{E21}\x{E2D}\x{E07}"
      text run at (0,4092) width 15: "\x{E44}\x{E1B}"
      text run at (0,4113) width 24: "\x{E23}\x{E2D}\x{E1A}"
      text run at (0,4134) width 7: "\x{E46}"
      text run at (0,4155) width 20: "\x{E40}\x{E18}\x{E2D}"
      text run at (0,4176) width 15: "\x{E44}\x{E21}\x{E48}"
      text run at (0,4197) width 23: "\x{E40}\x{E2B}\x{E47}\x{E19}"
      text run at (0,4218) width 26: "\x{E2D}\x{E30}\x{E44}\x{E23}"
      text run at (0,4239) width 27: "\x{E19}\x{E2D}\x{E01}"
      text run at (0,4260) width 24: "\x{E08}\x{E32}\x{E01}"
      text run at (0,4281) width 23: "\x{E17}\x{E49}\x{E2D}\x{E07}"
      text run at (0,4302) width 15: "\x{E17}\x{E38}\x{E48}\x{E07}"
      text run at (0,4323) width 29: "\x{E01}\x{E27}\x{E49}\x{E32}\x{E07}"
      text run at (0,4344) width 9: "\x{E2A}\x{E35}"
      text run at (0,4365) width 20: "\x{E40}\x{E17}\x{E32}"
      text run at (0,4386) width 28: "\x{E2B}\x{E21}\x{E48}\x{E19}"
      text run at (0,4407) width 16: "\x{E17}\x{E31}\x{E48}\x{E27}"
      text run at (0,4428) width 18: "\x{E17}\x{E38}\x{E01}"
      text run at (0,4449) width 26: "\x{E14}\x{E49}\x{E32}\x{E19}"
      text run at (0,4470) width 15: "\x{E44}\x{E21}\x{E48}"
      text run at (0,4491) width 9: "\x{E21}\x{E35}"
      text run at (0,4512) width 17: "\x{E41}\x{E21}\x{E49}"
      text run at (0,4533) width 31: "\x{E15}\x{E49}\x{E19}\x{E44}\x{E21}\x{E49}"
      text run at (0,4554) width 18: "\x{E2A}\x{E31}\x{E01}"
      text run at (0,4575) width 19: "\x{E15}\x{E49}\x{E19}"
      text run at (0,4596) width 24: "\x{E2B}\x{E23}\x{E37}\x{E2D}"
      text run at (0,4617) width 26: "\x{E1A}\x{E49}\x{E32}\x{E19}"
      text run at (0,4638) width 18: "\x{E2A}\x{E31}\x{E01}"
      text run at (0,4659) width 24: "\x{E2B}\x{E25}\x{E31}\x{E07}"
      text run at (0,4680) width 9: "\x{E17}\x{E35}\x{E48}"
      text run at (0,4701) width 26: "\x{E42}\x{E1C}\x{E25}\x{E48}"
      text run at (0,4722) width 21: "\x{E1E}\x{E49}\x{E19}"
      text run at (0,4743) width 19: "\x{E20}\x{E39}\x{E21}\x{E34}"
      text run at (0,4764) width 43: "\x{E1B}\x{E23}\x{E30}\x{E40}\x{E17}\x{E28}"
      text run at (0,4785) width 18: "\x{E2D}\x{E31}\x{E19}"
      text run at (0,4806) width 23: "\x{E23}\x{E32}\x{E1A}"
      text run at (0,4827) width 28: "\x{E40}\x{E23}\x{E35}\x{E22}\x{E1A}"
      text run at (0,4848) width 18: "\x{E41}\x{E1C}\x{E48}"
      text run at (0,4869) width 15: "\x{E44}\x{E1B}"
      text run at (0,4890) width 24: "\x{E44}\x{E01}\x{E25}"
      text run at (0,4911) width 18: "\x{E08}\x{E19}"
      text run at (0,4932) width 17: "\x{E08}\x{E14}"
      text run at (0,4953) width 27: "\x{E02}\x{E2D}\x{E1A}"
      text run at (0,4974) width 18: "\x{E1F}\x{E49}\x{E32}"
      text run at (0,4995) width 16: "\x{E17}\x{E31}\x{E48}\x{E27}"
      text run at (0,5016) width 18: "\x{E17}\x{E38}\x{E01}"
      text run at (0,5037) width 18: "\x{E17}\x{E34}\x{E28}"
      text run at (0,5058) width 22: "\x{E14}\x{E27}\x{E07}"
      text run at (0,5079) width 31: "\x{E15}\x{E30}\x{E27}\x{E31}\x{E19}"
      text run at (0,5100) width 21: "\x{E40}\x{E1C}\x{E32}"
      text run at (0,5121) width 20: "\x{E1C}\x{E37}\x{E19}"
      text run at (0,5142) width 19: "\x{E14}\x{E34}\x{E19}"
      text run at (0,5163) width 9: "\x{E17}\x{E35}\x{E48}"
      text run at (0,5184) width 15: "\x{E44}\x{E16}"
      text run at (0,5205) width 24: "\x{E41}\x{E25}\x{E49}\x{E27}"
      text run at (0,5226) width 18: "\x{E08}\x{E19}"
      text run at (0,5247) width 33: "\x{E01}\x{E25}\x{E32}\x{E22}"
      text run at (0,5268) width 23: "\x{E40}\x{E1B}\x{E47}\x{E19}"
      text run at (0,5289) width 28: "\x{E41}\x{E1C}\x{E48}\x{E19}"
      text run at (0,5310) width 34: "\x{E21}\x{E2B}\x{E36}\x{E21}\x{E32}"
      text run at (0,5331) width 9: "\x{E2A}\x{E35}"
      text run at (0,5352) width 16: "\x{E14}\x{E33}"
      text run at (0,5373) width 9: "\x{E21}\x{E35}"
      text run at (0,5394) width 23: "\x{E23}\x{E2D}\x{E22}"
      text run at (0,5415) width 26: "\x{E41}\x{E15}\x{E01}"
      text run at (0,5436) width 35: "\x{E23}\x{E30}\x{E41}\x{E2B}\x{E07}"
      text run at (0,5457) width 16: "\x{E2D}\x{E22}\x{E39}\x{E48}"
      text run at (0,5478) width 35: "\x{E15}\x{E25}\x{E2D}\x{E14}"
      text run at (0,5499) width 34: "\x{E41}\x{E21}\x{E49}\x{E41}\x{E15}\x{E48}"
      text run at (0,5520) width 29: "\x{E2B}\x{E0D}\x{E49}\x{E32}"
      text run at (0,5541) width 9: "\x{E01}\x{E47}"
      text run at (0,5562) width 15: "\x{E44}\x{E21}\x{E48}"
      text run at (0,5583) width 29: "\x{E40}\x{E02}\x{E35}\x{E22}\x{E27}"
      text run at (0,5604) width 34: "\x{E40}\x{E1E}\x{E23}\x{E32}\x{E30}"
      text run at (0,5625) width 22: "\x{E14}\x{E27}\x{E07}"
      text run at (0,5646) width 31: "\x{E15}\x{E30}\x{E27}\x{E31}\x{E19}"
      text run at (0,5667) width 21: "\x{E40}\x{E1C}\x{E32}"
      text run at (0,5688) width 25: "\x{E22}\x{E2D}\x{E14}"
      text run at (0,5709) width 15: "\x{E43}\x{E1A}"
      text run at (0,5730) width 22: "\x{E22}\x{E32}\x{E27}"
      text run at (0,5751) width 21: "\x{E40}\x{E2A}\x{E35}\x{E22}"
      text run at (0,5772) width 18: "\x{E08}\x{E19}"
      text run at (0,5793) width 23: "\x{E40}\x{E1B}\x{E47}\x{E19}"
      text run at (0,5814) width 9: "\x{E2A}\x{E35}"
      text run at (0,5835) width 20: "\x{E40}\x{E17}\x{E32}"
      text run at (0,5856) width 28: "\x{E2B}\x{E21}\x{E48}\x{E19}"
      text run at (0,5877) width 23: "\x{E21}\x{E2D}\x{E07}"
      text run at (0,5898) width 23: "\x{E40}\x{E2B}\x{E47}\x{E19}"
      text run at (0,5919) width 16: "\x{E2D}\x{E22}\x{E39}\x{E48}"
      text run at (0,5940) width 16: "\x{E17}\x{E31}\x{E48}\x{E27}"
      text run at (0,5961) width 15: "\x{E44}\x{E1B}"
      text run at (0,5982) width 22: "\x{E04}\x{E23}\x{E31}\x{E49}\x{E07}"
      text run at (0,6003) width 25: "\x{E2B}\x{E19}\x{E36}\x{E48}\x{E07}"
      text run at (0,6024) width 21: "\x{E40}\x{E04}\x{E22}"
      text run at (0,6045) width 16: "\x{E17}\x{E32}"
      text run at (0,6066) width 9: "\x{E2A}\x{E35}"
      text run at (0,6087) width 26: "\x{E1A}\x{E49}\x{E32}\x{E19}"
      text run at (0,6108) width 19: "\x{E40}\x{E2D}\x{E32}"
      text run at (0,6129) width 13: "\x{E44}\x{E27}\x{E49}"
      text run at (0,6150) width 17: "\x{E41}\x{E15}\x{E48}"
      text run at (0,6171) width 9: "\x{E01}\x{E47}"
      text run at (0,6192) width 18: "\x{E16}\x{E39}\x{E01}"
      text run at (0,6213) width 22: "\x{E14}\x{E27}\x{E07}"
      text run at (0,6234) width 31: "\x{E15}\x{E30}\x{E27}\x{E31}\x{E19}"
      text run at (0,6255) width 21: "\x{E40}\x{E1C}\x{E32}"
      text run at (0,6276) width 21: "\x{E40}\x{E2A}\x{E35}\x{E22}"
      text run at (0,6297) width 18: "\x{E08}\x{E19}"
      text run at (0,6318) width 9: "\x{E2A}\x{E35}"
      text run at (0,6339) width 25: "\x{E1E}\x{E2D}\x{E07}"
      text run at (0,6360) width 24: "\x{E41}\x{E25}\x{E49}\x{E27}"
      text run at (0,6381) width 20: "\x{E1D}\x{E19}"
      text run at (0,6402) width 9: "\x{E01}\x{E47}"
      text run at (0,6423) width 15: "\x{E0A}\x{E30}"
      text run at (0,6444) width 19: "\x{E21}\x{E31}\x{E19}"
      text run at (0,6465) width 27: "\x{E2B}\x{E25}\x{E38}\x{E14}"
      text run at (0,6486) width 15: "\x{E44}\x{E1B}"
      text run at (0,6507) width 18: "\x{E08}\x{E19}"
      text run at (0,6528) width 27: "\x{E2B}\x{E21}\x{E14}"
      text run at (0,6549) width 22: "\x{E41}\x{E25}\x{E30}"
      text run at (0,6570) width 27: "\x{E15}\x{E2D}\x{E19}"
      text run at (0,6591) width 10: "\x{E19}\x{E35}\x{E49}"
      text run at (0,6612) width 26: "\x{E1A}\x{E49}\x{E32}\x{E19}"
      text run at (0,6633) width 14: "\x{E08}\x{E36}\x{E07}"
      text run at (0,6654) width 9: "\x{E14}\x{E39}"
      text run at (0,6675) width 60: "\x{E2B}\x{E21}\x{E48}\x{E19}\x{E2B}\x{E21}\x{E2D}\x{E07}"
      text run at (0,6696) width 23: "\x{E40}\x{E1B}\x{E47}\x{E19}"
      text run at (0,6717) width 9: "\x{E2A}\x{E35}"
      text run at (0,6738) width 20: "\x{E40}\x{E17}\x{E32}"
      text run at (0,6759) width 40: "\x{E40}\x{E2B}\x{E21}\x{E37}\x{E2D}\x{E19}"
      text run at (0,6780) width 15: "\x{E2A}\x{E34}\x{E48}\x{E07}"
      text run at (0,6801) width 18: "\x{E2D}\x{E37}\x{E48}\x{E19}"
      text run at (0,6822) width 7: "\x{E46}"
      text run at (0,6843) width 24: "\x{E14}\x{E49}\x{E27}\x{E22}"
      text run at (0,6864) width 27: "\x{E15}\x{E2D}\x{E19}"
      text run at (0,6885) width 9: "\x{E17}\x{E35}\x{E48}"
      text run at (0,6906) width 16: "\x{E1B}\x{E49}\x{E32}"
      text run at (0,6927) width 21: "\x{E40}\x{E2D}\x{E47}\x{E21}"
      text run at (0,6948) width 23: "\x{E22}\x{E49}\x{E32}\x{E22}"
      text run at (0,6969) width 16: "\x{E21}\x{E32}"
      text run at (0,6990) width 16: "\x{E2D}\x{E22}\x{E39}\x{E48}"
      text run at (0,7011) width 9: "\x{E17}\x{E35}\x{E48}"
      text run at (0,7032) width 10: "\x{E19}\x{E35}\x{E48}"
      text run at (0,7053) width 20: "\x{E40}\x{E18}\x{E2D}"
      text run at (0,7074) width 14: "\x{E22}\x{E31}\x{E07}"
      text run at (0,7095) width 23: "\x{E2A}\x{E32}\x{E27}"
      text run at (0,7116) width 23: "\x{E40}\x{E1B}\x{E47}\x{E19}"
      text run at (0,7137) width 39: "\x{E20}\x{E23}\x{E23}\x{E22}\x{E32}"
      text run at (0,7158) width 9: "\x{E17}\x{E35}\x{E48}"
      text run at (0,7179) width 37: "\x{E07}\x{E14}\x{E07}\x{E32}\x{E21}"
      text run at (0,7200) width 24: "\x{E41}\x{E25}\x{E49}\x{E27}"
      text run at (0,7221) width 26: "\x{E41}\x{E14}\x{E14}"
      text run at (0,7242) width 22: "\x{E41}\x{E25}\x{E30}"
      text run at (0,7263) width 18: "\x{E25}\x{E21}"
      text run at (0,7284) width 9: "\x{E01}\x{E47}"
      text run at (0,7305) width 15: "\x{E44}\x{E14}\x{E49}"
      text run at (0,7326) width 40: "\x{E40}\x{E1B}\x{E25}\x{E35}\x{E48}\x{E22}\x{E19}"
      text run at (0,7347) width 20: "\x{E40}\x{E18}\x{E2D}"
      text run at (0,7368) width 15: "\x{E44}\x{E1B}"
      text run at (0,7389) width 19: "\x{E40}\x{E2D}\x{E32}"
      text run at (0,7410) width 45: "\x{E1B}\x{E23}\x{E30}\x{E01}\x{E32}\x{E22}"
      text run at (0,7431) width 15: "\x{E44}\x{E1B}"
      text run at (0,7452) width 24: "\x{E08}\x{E32}\x{E01}"
      text run at (0,7473) width 38: "\x{E14}\x{E27}\x{E07}\x{E15}\x{E32}"
      text run at (0,7494) width 20: "\x{E40}\x{E18}\x{E2D}"
      text run at (0,7515) width 34: "\x{E1B}\x{E25}\x{E48}\x{E2D}\x{E22}"
      text run at (0,7536) width 13: "\x{E44}\x{E27}\x{E49}"
      text run at (0,7557) width 17: "\x{E41}\x{E15}\x{E48}"
      text run at (0,7578) width 32: "\x{E04}\x{E27}\x{E32}\x{E21}"
      text run at (0,7599) width 28: "\x{E2A}\x{E38}\x{E02}\x{E38}\x{E21}"
      text run at (0,7620) width 29: "\x{E2D}\x{E22}\x{E48}\x{E32}\x{E07}"
      text run at (0,7641) width 60: "\x{E2B}\x{E21}\x{E48}\x{E19}\x{E2B}\x{E21}\x{E2D}\x{E07}"
      text run at (0,7662) width 19: "\x{E40}\x{E2D}\x{E32}"
      text run at (0,7683) width 9: "\x{E2A}\x{E35}"
      text run at (0,7704) width 23: "\x{E41}\x{E14}\x{E07}"
      text run at (0,7725) width 24: "\x{E08}\x{E32}\x{E01}"
      text run at (0,7746) width 26: "\x{E41}\x{E01}\x{E49}\x{E21}"
      text run at (0,7767) width 22: "\x{E41}\x{E25}\x{E30}"
      text run at (0,7788) width 16: "\x{E23}\x{E34}\x{E21}"
      text run at (0,7809) width 35: "\x{E1D}\x{E35}\x{E1B}\x{E32}\x{E01}"
      text run at (0,7830) width 20: "\x{E40}\x{E18}\x{E2D}"
      text run at (0,7851) width 15: "\x{E44}\x{E1B}"
      text run at (0,7872) width 33: "\x{E01}\x{E25}\x{E32}\x{E22}"
      text run at (0,7893) width 23: "\x{E40}\x{E1B}\x{E47}\x{E19}"
      text run at (0,7914) width 9: "\x{E2A}\x{E35}"
      text run at (0,7935) width 28: "\x{E2B}\x{E21}\x{E48}\x{E19}"
      text run at (0,7956) width 7: "\x{E46}"
      text run at (0,7977) width 40: "\x{E40}\x{E2B}\x{E21}\x{E37}\x{E2D}\x{E19}"
      text run at (0,7998) width 19: "\x{E01}\x{E31}\x{E19}"
      text run at (0,8019) width 20: "\x{E40}\x{E18}\x{E2D}"
      text run at (0,8040) width 27: "\x{E1C}\x{E2D}\x{E21}"
      text run at (0,8061) width 22: "\x{E41}\x{E25}\x{E30}"
      text run at (0,8082) width 24: "\x{E2B}\x{E25}\x{E31}\x{E07}"
      text run at (0,8103) width 22: "\x{E42}\x{E04}\x{E49}\x{E07}"
      text run at (0,8124) width 22: "\x{E41}\x{E25}\x{E30}"
      text run at (0,8145) width 28: "\x{E40}\x{E14}\x{E35}\x{E4B}\x{E22}\x{E27}"
      text run at (0,8166) width 10: "\x{E19}\x{E35}\x{E49}"
      text run at (0,8187) width 15: "\x{E44}\x{E21}\x{E48}"
      text run at (0,8208) width 21: "\x{E40}\x{E04}\x{E22}"
      text run at (0,8229) width 17: "\x{E22}\x{E34}\x{E49}\x{E21}"
      text run at (0,8250) width 21: "\x{E40}\x{E25}\x{E22}"
      text run at (0,8271) width 21: "\x{E40}\x{E21}\x{E37}\x{E48}\x{E2D}"
      text run at (0,8292) width 16: "\x{E42}\x{E14}"
      text run at (0,8313) width 22: "\x{E42}\x{E23}\x{E18}\x{E35}"
      text run at (0,8334) width 16: "\x{E0B}\x{E36}\x{E48}\x{E07}"
      text run at (0,8355) width 23: "\x{E40}\x{E1B}\x{E47}\x{E19}"
      text run at (0,8376) width 22: "\x{E40}\x{E14}\x{E47}\x{E01}"
      text run at (0,8397) width 41: "\x{E01}\x{E33}\x{E1E}\x{E23}\x{E49}\x{E32}"
      text run at (0,8418) width 16: "\x{E21}\x{E32}"
      text run at (0,8439) width 16: "\x{E2D}\x{E22}\x{E39}\x{E48}"
      text run at (0,8460) width 18: "\x{E01}\x{E31}\x{E1A}"
      text run at (0,8481) width 20: "\x{E40}\x{E18}\x{E2D}"
      text run at (0,8502) width 27: "\x{E15}\x{E2D}\x{E19}"
      text run at (0,8523) width 24: "\x{E41}\x{E23}\x{E01}"
      text run at (0,8544) width 16: "\x{E1B}\x{E49}\x{E32}"
      text run at (0,8565) width 21: "\x{E40}\x{E2D}\x{E47}\x{E21}"
      text run at (0,8586) width 19: "\x{E15}\x{E37}\x{E48}\x{E19}"
      text run at (0,8607) width 23: "\x{E40}\x{E15}\x{E49}\x{E19}"
      text run at (0,8628) width 18: "\x{E01}\x{E31}\x{E1A}"
      text run at (0,8649) width 27: "\x{E40}\x{E2A}\x{E35}\x{E22}\x{E07}"
      text run at (0,8670) width 39: "\x{E2B}\x{E31}\x{E27}\x{E40}\x{E23}\x{E32}\x{E30}"
      text run at (0,8691) width 24: "\x{E02}\x{E2D}\x{E07}"
      text run at (0,8712) width 22: "\x{E40}\x{E14}\x{E47}\x{E01}"
      text run at (0,8733) width 26: "\x{E19}\x{E49}\x{E2D}\x{E22}"
      text run at (0,8754) width 25: "\x{E21}\x{E32}\x{E01}"
      text run at (0,8775) width 20: "\x{E40}\x{E18}\x{E2D}"
      text run at (0,8796) width 13: "\x{E08}\x{E30}"
      text run at (0,8817) width 15: "\x{E2A}\x{E48}\x{E07}"
      text run at (0,8838) width 27: "\x{E40}\x{E2A}\x{E35}\x{E22}\x{E07}"
      text run at (0,8859) width 21: "\x{E23}\x{E49}\x{E2D}\x{E07}"
      text run at (0,8880) width 24: "\x{E41}\x{E25}\x{E49}\x{E27}"
      text run at (0,8901) width 19: "\x{E40}\x{E2D}\x{E32}"
      text run at (0,8922) width 17: "\x{E21}\x{E37}\x{E2D}"
      text run at (0,8943) width 25: "\x{E17}\x{E32}\x{E1A}"
      text run at (0,8964) width 17: "\x{E2D}\x{E01}"
      text run at (0,8985) width 18: "\x{E17}\x{E38}\x{E01}"
      text run at (0,9006) width 22: "\x{E04}\x{E23}\x{E31}\x{E49}\x{E07}"
      text run at (0,9027) width 9: "\x{E17}\x{E35}\x{E48}"
      text run at (0,9048) width 27: "\x{E40}\x{E2A}\x{E35}\x{E22}\x{E07}"
      text run at (0,9069) width 18: "\x{E2D}\x{E31}\x{E19}"
      text run at (0,9090) width 31: "\x{E23}\x{E48}\x{E32}\x{E40}\x{E23}\x{E34}\x{E07}"
      text run at (0,9111) width 24: "\x{E02}\x{E2D}\x{E07}"
      text run at (0,9132) width 16: "\x{E42}\x{E14}"
      text run at (0,9153) width 22: "\x{E42}\x{E23}\x{E18}\x{E35}"
      text run at (0,9174) width 21: "\x{E40}\x{E02}\x{E49}\x{E32}"
      text run at (0,9195) width 9: "\x{E2B}\x{E39}"
      text run at (0,9216) width 20: "\x{E40}\x{E18}\x{E2D}"
      text run at (0,9237) width 22: "\x{E41}\x{E25}\x{E30}"
      text run at (0,9258) width 20: "\x{E40}\x{E18}\x{E2D}"
      text run at (0,9279) width 21: "\x{E40}\x{E1D}\x{E49}\x{E32}"
      text run at (0,9300) width 23: "\x{E21}\x{E2D}\x{E07}"
      text run at (0,9321) width 22: "\x{E40}\x{E14}\x{E47}\x{E01}"
      text run at (0,9342) width 28: "\x{E2B}\x{E0D}\x{E34}\x{E07}"
      text run at (0,9363) width 26: "\x{E19}\x{E49}\x{E2D}\x{E22}"
      text run at (0,9384) width 7: "\x{E46}"
      text run at (0,9405) width 24: "\x{E14}\x{E49}\x{E27}\x{E22}"
      text run at (0,9426) width 32: "\x{E04}\x{E27}\x{E32}\x{E21}"
      text run at (0,9447) width 55: "\x{E1B}\x{E23}\x{E30}\x{E2B}\x{E25}\x{E32}\x{E14}"
      text run at (0,9468) width 14: "\x{E43}\x{E08}"
      text run at (0,9489) width 24: "\x{E14}\x{E49}\x{E27}\x{E22}"
      text run at (0,9510) width 14: "\x{E22}\x{E31}\x{E07}"
      text run at (0,9531) width 16: "\x{E2B}\x{E32}"
      text run at (0,9552) width 26: "\x{E2D}\x{E30}\x{E44}\x{E23}"
      text run at (0,9573) width 16: "\x{E21}\x{E32}"
      text run at (0,9594) width 23: "\x{E40}\x{E1B}\x{E47}\x{E19}"
      text run at (0,9615) width 25: "\x{E40}\x{E23}\x{E37}\x{E48}\x{E2D}\x{E07}"
      text run at (0,9636) width 39: "\x{E2B}\x{E31}\x{E27}\x{E40}\x{E23}\x{E32}\x{E30}"
      text run at (0,9657) width 15: "\x{E44}\x{E14}\x{E49}"
      text run at (0,9678) width 15: "\x{E25}\x{E38}\x{E07}"
      text run at (0,9699) width 13: "\x{E40}\x{E2E}"
      text run at (0,9720) width 17: "\x{E19}\x{E23}\x{E35}"
      text run at (0,9741) width 15: "\x{E44}\x{E21}\x{E48}"
      text run at (0,9762) width 21: "\x{E40}\x{E04}\x{E22}"
      text run at (0,9783) width 39: "\x{E2B}\x{E31}\x{E27}\x{E40}\x{E23}\x{E32}\x{E30}"
      text run at (0,9804) width 15: "\x{E25}\x{E38}\x{E07}"
      text run at (0,9825) width 39: "\x{E17}\x{E33}\x{E07}\x{E32}\x{E19}"
      text run at (0,9846) width 28: "\x{E2B}\x{E19}\x{E31}\x{E01}"
      text run at (0,9867) width 24: "\x{E08}\x{E32}\x{E01}"
      text run at (0,9888) width 21: "\x{E40}\x{E0A}\x{E49}\x{E32}"
      text run at (0,9909) width 18: "\x{E22}\x{E31}\x{E19}"
      text run at (0,9930) width 16: "\x{E04}\x{E48}\x{E33}"
      text run at (0,9951) width 22: "\x{E41}\x{E25}\x{E30}"
      text run at (0,9972) width 15: "\x{E44}\x{E21}\x{E48}"
      text run at (0,9993) width 21: "\x{E40}\x{E04}\x{E22}"
      text run at (0,10014) width 24: "\x{E23}\x{E39}\x{E49}\x{E08}\x{E31}\x{E01}"
      text run at (0,10035) width 14: "\x{E27}\x{E48}\x{E32}"
      text run at (0,10056) width 32: "\x{E04}\x{E27}\x{E32}\x{E21}"
      text run at (0,10077) width 31: "\x{E23}\x{E48}\x{E32}\x{E40}\x{E23}\x{E34}\x{E07}"
      text run at (0,10098) width 17: "\x{E04}\x{E37}\x{E2D}"
      text run at (0,10119) width 26: "\x{E2D}\x{E30}\x{E44}\x{E23}"
      text run at (0,10140) width 15: "\x{E25}\x{E38}\x{E07}"
      text run at (0,10161) width 9: "\x{E14}\x{E39}"
      text run at (0,10182) width 60: "\x{E2B}\x{E21}\x{E48}\x{E19}\x{E2B}\x{E21}\x{E2D}\x{E07}"
      text run at (0,10203) width 15: "\x{E44}\x{E1B}"
      text run at (0,10224) width 27: "\x{E2B}\x{E21}\x{E14}"
      text run at (0,10245) width 15: "\x{E15}\x{E31}\x{E49}\x{E07}"
      text run at (0,10266) width 17: "\x{E41}\x{E15}\x{E48}"
      text run at (0,10287) width 27: "\x{E40}\x{E04}\x{E23}\x{E32}"
      text run at (0,10308) width 22: "\x{E22}\x{E32}\x{E27}"
      text run at (0,10329) width 18: "\x{E08}\x{E19}"
      text run at (0,10350) width 17: "\x{E08}\x{E14}"
      text run at (0,10371) width 41: "\x{E23}\x{E2D}\x{E07}\x{E40}\x{E17}\x{E49}\x{E32}"
      text run at (0,10392) width 18: "\x{E1A}\x{E39}\x{E15}"
      text run at (0,10413) width 18: "\x{E2D}\x{E31}\x{E19}"
      text run at (0,10434) width 33: "\x{E2B}\x{E22}\x{E32}\x{E1A}"
      text run at (0,10455) width 24: "\x{E41}\x{E25}\x{E49}\x{E27}"
      text run at (0,10476) width 15: "\x{E25}\x{E38}\x{E07}"
      text run at (0,10497) width 9: "\x{E01}\x{E47}"
      text run at (0,10518) width 9: "\x{E14}\x{E39}"
      text run at (0,10539) width 52: "\x{E40}\x{E04}\x{E23}\x{E48}\x{E07}\x{E02}\x{E23}\x{E36}\x{E21}"
      text run at (0,10560) width 17: "\x{E19}\x{E48}\x{E32}"
      text run at (0,10581) width 26: "\x{E40}\x{E01}\x{E23}\x{E07}"
      text run at (0,10602) width 26: "\x{E02}\x{E32}\x{E21}"
      text run at (0,10623) width 15: "\x{E44}\x{E21}\x{E48}"
      text run at (0,10644) width 25: "\x{E04}\x{E48}\x{E2D}\x{E22}"
      text run at (0,10665) width 13: "\x{E08}\x{E30}"
      text run at (0,10686) width 20: "\x{E1E}\x{E39}\x{E14}"
      text run at (0,10707) width 9: "\x{E21}\x{E35}"
      text run at (0,10728) width 16: "\x{E42}\x{E15}"
      text run at (0,10749) width 16: "\x{E42}\x{E15}\x{E49}"
      text run at (0,10770) width 9: "\x{E17}\x{E35}\x{E48}"
      text run at (0,10791) width 16: "\x{E17}\x{E33}"
      text run at (0,10812) width 15: "\x{E43}\x{E2B}\x{E49}"
      text run at (0,10833) width 16: "\x{E42}\x{E14}"
      text run at (0,10854) width 22: "\x{E42}\x{E23}\x{E18}\x{E35}"
      text run at (0,10875) width 39: "\x{E2B}\x{E31}\x{E27}\x{E40}\x{E23}\x{E32}\x{E30}"
      text run at (0,10896) width 15: "\x{E44}\x{E14}\x{E49}"
      text run at (0,10917) width 22: "\x{E41}\x{E25}\x{E30}"
      text run at (0,10938) width 25: "\x{E0A}\x{E48}\x{E27}\x{E22}"
      text run at (0,10959) width 20: "\x{E40}\x{E18}\x{E2D}"
      text run at (0,10980) width 15: "\x{E43}\x{E2B}\x{E49}"
      text run at (0,11001) width 21: "\x{E1E}\x{E49}\x{E19}"
      text run at (0,11022) width 24: "\x{E08}\x{E32}\x{E01}"
      text run at (0,11043) width 23: "\x{E01}\x{E32}\x{E23}"
      text run at (0,11064) width 33: "\x{E01}\x{E25}\x{E32}\x{E22}"
      text run at (0,11085) width 23: "\x{E40}\x{E1B}\x{E47}\x{E19}"
      text run at (0,11106) width 9: "\x{E2A}\x{E35}"
      text run at (0,11127) width 20: "\x{E40}\x{E17}\x{E32}"
      text run at (0,11148) width 28: "\x{E2B}\x{E21}\x{E48}\x{E19}"
      text run at (0,11169) width 40: "\x{E40}\x{E2B}\x{E21}\x{E37}\x{E2D}\x{E19}"
      text run at (0,11190) width 18: "\x{E01}\x{E31}\x{E1A}"
      text run at (0,11211) width 15: "\x{E2A}\x{E34}\x{E48}\x{E07}"
      text run at (0,11232) width 24: "\x{E23}\x{E2D}\x{E1A}"
      text run at (0,11253) width 16: "\x{E15}\x{E31}\x{E27}"
      text run at (0,11274) width 18: "\x{E2D}\x{E37}\x{E48}\x{E19}"
      text run at (0,11295) width 7: "\x{E46}"
      text run at (0,11316) width 16: "\x{E42}\x{E15}"
      text run at (0,11337) width 16: "\x{E42}\x{E15}\x{E49}"
      text run at (0,11358) width 9: "\x{E2A}\x{E35}"
      text run at (0,11379) width 15: "\x{E44}\x{E21}\x{E48}"
      text run at (0,11400) width 20: "\x{E40}\x{E17}\x{E32}"
      text run at (0,11421) width 28: "\x{E2B}\x{E21}\x{E48}\x{E19}"
      text run at (0,11442) width 17: "\x{E41}\x{E15}\x{E48}"
      text run at (0,11463) width 19: "\x{E21}\x{E31}\x{E19}"
      text run at (0,11484) width 23: "\x{E40}\x{E1B}\x{E47}\x{E19}"
      text run at (0,11505) width 25: "\x{E2B}\x{E21}\x{E32}"
      text run at (0,11526) width 9: "\x{E2A}\x{E35}"
      text run at (0,11547) width 16: "\x{E14}\x{E33}"
      text run at (0,11568) width 16: "\x{E15}\x{E31}\x{E27}"
      text run at (0,11589) width 26: "\x{E19}\x{E49}\x{E2D}\x{E22}"
      text run at (0,11610) width 7: "\x{E46}"
      text run at (0,11631) width 20: "\x{E02}\x{E19}"
      text run at (0,11652) width 22: "\x{E22}\x{E32}\x{E27}"
      text run at (0,11673) width 17: "\x{E1B}\x{E38}\x{E22}"
      text run at (0,11694) width 21: "\x{E23}\x{E32}\x{E27}"
      text run at (0,11715) width 18: "\x{E01}\x{E31}\x{E1A}"
      text run at (0,11736) width 24: "\x{E44}\x{E2B}\x{E21}"
      text run at (0,11757) width 9: "\x{E21}\x{E35}"
      text run at (0,11778) width 16: "\x{E15}\x{E32}"
      text run at (0,11799) width 16: "\x{E14}\x{E33}"
      text run at (0,11820) width 22: "\x{E40}\x{E25}\x{E47}\x{E01}"
      text run at (0,11841) width 23: "\x{E40}\x{E1B}\x{E47}\x{E19}"
      text run at (0,11862) width 45: "\x{E1B}\x{E23}\x{E30}\x{E01}\x{E32}\x{E22}"
      text run at (0,11883) width 34: "\x{E23}\x{E37}\x{E48}\x{E19}\x{E40}\x{E23}\x{E34}\x{E07}"
      text run at (0,11904) width 16: "\x{E2D}\x{E22}\x{E39}\x{E48}"
      text run at (0,11925) width 23: "\x{E2A}\x{E2D}\x{E07}"
      text run at (0,11946) width 23: "\x{E02}\x{E49}\x{E32}\x{E07}"
      text run at (0,11967) width 26: "\x{E08}\x{E21}\x{E39}\x{E01}"
      text run at (0,11988) width 22: "\x{E40}\x{E25}\x{E47}\x{E01}"
      text run at (0,12009) width 18: "\x{E2D}\x{E31}\x{E19}"
      text run at (0,12030) width 17: "\x{E19}\x{E48}\x{E32}"
      text run at (0,12051) width 20: "\x{E02}\x{E31}\x{E19}"
      text run at (0,12072) width 24: "\x{E02}\x{E2D}\x{E07}"
      text run at (0,12093) width 19: "\x{E21}\x{E31}\x{E19}"
      text run at (0,12114) width 16: "\x{E42}\x{E15}"
      text run at (0,12135) width 16: "\x{E42}\x{E15}\x{E49}"
      text run at (0,12156) width 23: "\x{E40}\x{E25}\x{E48}\x{E19}"
      text run at (0,12177) width 15: "\x{E17}\x{E31}\x{E49}\x{E07}"
      text run at (0,12198) width 17: "\x{E27}\x{E31}\x{E19}"
      text run at (0,12219) width 22: "\x{E41}\x{E25}\x{E30}"
      text run at (0,12240) width 16: "\x{E42}\x{E14}"
      text run at (0,12261) width 22: "\x{E42}\x{E23}\x{E18}\x{E35}"
      text run at (0,12282) width 9: "\x{E01}\x{E47}"
      text run at (0,12303) width 23: "\x{E40}\x{E25}\x{E48}\x{E19}"
      text run at (0,12324) width 18: "\x{E01}\x{E31}\x{E1A}"
      text run at (0,12345) width 19: "\x{E21}\x{E31}\x{E19}"
      text run at (0,12366) width 22: "\x{E41}\x{E25}\x{E30}"
      text run at (0,12387) width 16: "\x{E23}\x{E31}\x{E01}"
      text run at (0,12408) width 19: "\x{E21}\x{E31}\x{E19}"
      text run at (0,12429) width 30: "\x{E40}\x{E2B}\x{E25}\x{E37}\x{E2D}"
      text run at (0,12450) width 23: "\x{E40}\x{E01}\x{E34}\x{E19}"
      text run at (0,12471) width 40: "\x{E2D}\x{E22}\x{E48}\x{E32}\x{E07}\x{E44}\x{E23}"
      text run at (0,12492) width 9: "\x{E01}\x{E47}"
      text run at (0,12513) width 25: "\x{E15}\x{E32}\x{E21}"
      text run at (0,12534) width 17: "\x{E27}\x{E31}\x{E19}"
      text run at (0,12555) width 10: "\x{E19}\x{E35}\x{E49}"
      text run at (0,12576) width 15: "\x{E17}\x{E31}\x{E49}\x{E07}"
      text run at (0,12597) width 9: "\x{E04}\x{E39}\x{E48}"
      text run at (0,12618) width 15: "\x{E44}\x{E21}\x{E48}"
      text run at (0,12639) width 15: "\x{E44}\x{E14}\x{E49}"
      text run at (0,12660) width 23: "\x{E40}\x{E25}\x{E48}\x{E19}"
      text run at (0,12681) width 15: "\x{E25}\x{E38}\x{E07}"
      text run at (0,12702) width 13: "\x{E40}\x{E2E}"
      text run at (0,12723) width 17: "\x{E19}\x{E23}\x{E35}"
      text run at (0,12744) width 16: "\x{E19}\x{E31}\x{E48}\x{E07}"
      text run at (0,12765) width 16: "\x{E2D}\x{E22}\x{E39}\x{E48}"
      text run at (0,12786) width 9: "\x{E17}\x{E35}\x{E48}"
      text run at (0,12807) width 31: "\x{E1A}\x{E31}\x{E19}\x{E44}\x{E14}"
      text run at (0,12828) width 30: "\x{E1B}\x{E23}\x{E30}\x{E15}\x{E39}"
      text run at (0,12849) width 22: "\x{E41}\x{E25}\x{E30}"
      text run at (0,12870) width 21: "\x{E40}\x{E1D}\x{E49}\x{E32}"
      text run at (0,12891) width 31: "\x{E01}\x{E31}\x{E07}\x{E27}\x{E25}"
      text run at (0,12912) width 22: "\x{E08}\x{E49}\x{E2D}\x{E07}"
      text run at (0,12933) width 9: "\x{E14}\x{E39}"
      text run at (0,12954) width 23: "\x{E17}\x{E49}\x{E2D}\x{E07}"
      text run at (0,12975) width 18: "\x{E1F}\x{E49}\x{E32}"
      text run at (0,12996) width 9: "\x{E2A}\x{E35}"
      text run at (0,13017) width 20: "\x{E40}\x{E17}\x{E32}"
      text run at (0,13038) width 28: "\x{E2B}\x{E21}\x{E48}\x{E19}"
      text run at (0,13059) width 19: "\x{E1C}\x{E34}\x{E14}"
      text run at (0,13080) width 27: "\x{E1B}\x{E01}\x{E15}\x{E34}"
      text run at (0,13101) width 16: "\x{E42}\x{E14}"
      text run at (0,13122) width 22: "\x{E42}\x{E23}\x{E18}\x{E35}"
      text run at (0,13143) width 18: "\x{E22}\x{E37}\x{E19}"
      text run at (0,13164) width 9: "\x{E17}\x{E35}\x{E48}"
      text run at (0,13185) width 30: "\x{E1B}\x{E23}\x{E30}\x{E15}\x{E39}"
      text run at (0,13206) width 26: "\x{E01}\x{E2D}\x{E14}"
      text run at (0,13227) width 16: "\x{E42}\x{E15}"
      text run at (0,13248) width 16: "\x{E42}\x{E15}\x{E49}"
      text run at (0,13269) width 13: "\x{E44}\x{E27}\x{E49}"
      text run at (0,13290) width 16: "\x{E43}\x{E19}"
      text run at (0,13311) width 25: "\x{E2D}\x{E49}\x{E2D}\x{E21}"
      text run at (0,13332) width 28: "\x{E41}\x{E02}\x{E19}"
      text run at (0,13353) width 22: "\x{E41}\x{E25}\x{E30}"
      text run at (0,13374) width 9: "\x{E01}\x{E47}"
      text run at (0,13395) width 23: "\x{E21}\x{E2D}\x{E07}"
      text run at (0,13416) width 9: "\x{E14}\x{E39}"
      text run at (0,13437) width 23: "\x{E17}\x{E49}\x{E2D}\x{E07}"
      text run at (0,13458) width 18: "\x{E1F}\x{E49}\x{E32}"
      text run at (0,13479) width 16: "\x{E2D}\x{E22}\x{E39}\x{E48}"
      text run at (0,13500) width 40: "\x{E40}\x{E2B}\x{E21}\x{E37}\x{E2D}\x{E19}"
      text run at (0,13521) width 19: "\x{E01}\x{E31}\x{E19}"
      text run at (0,13542) width 16: "\x{E1B}\x{E49}\x{E32}"
      text run at (0,13563) width 21: "\x{E40}\x{E2D}\x{E47}\x{E21}"
      text run at (0,13584) width 31: "\x{E01}\x{E33}\x{E25}\x{E31}\x{E07}"
      text run at (0,13605) width 22: "\x{E25}\x{E49}\x{E32}\x{E07}"
      text run at (0,13626) width 26: "\x{E0A}\x{E32}\x{E21}"
      text run at (0,13647) width 16: "\x{E2D}\x{E22}\x{E39}\x{E48}"
      text run at (0,13668) width 24: "\x{E08}\x{E32}\x{E01}"
      text run at (0,13689) width 26: "\x{E14}\x{E49}\x{E32}\x{E19}"
      text run at (0,13710) width 31: "\x{E40}\x{E2B}\x{E19}\x{E37}\x{E2D}"
      text run at (0,13731) width 24: "\x{E44}\x{E01}\x{E25}"
      text run at (0,13752) width 25: "\x{E2D}\x{E2D}\x{E01}"
      text run at (0,13773) width 15: "\x{E44}\x{E1B}"
      text run at (0,13794) width 9: "\x{E21}\x{E35}"
      text run at (0,13815) width 27: "\x{E40}\x{E2A}\x{E35}\x{E22}\x{E07}"
      text run at (0,13836) width 18: "\x{E25}\x{E21}"
      text run at (0,13857) width 29: "\x{E04}\x{E23}\x{E32}\x{E07}"
      text run at (0,13878) width 25: "\x{E41}\x{E1C}\x{E48}\x{E27}"
      text run at (0,13899) width 20: "\x{E40}\x{E1A}\x{E32}"
      text run at (0,13920) width 33: "\x{E44}\x{E14}\x{E49}\x{E22}\x{E34}\x{E19}"
      text run at (0,13941) width 16: "\x{E21}\x{E32}"
      text run at (0,13962) width 15: "\x{E25}\x{E38}\x{E07}"
      text run at (0,13983) width 13: "\x{E40}\x{E2E}"
      text run at (0,14004) width 17: "\x{E19}\x{E23}\x{E35}"
      text run at (0,14025) width 22: "\x{E41}\x{E25}\x{E30}"
      text run at (0,14046) width 16: "\x{E42}\x{E14}"
      text run at (0,14067) width 22: "\x{E42}\x{E23}\x{E18}\x{E35}"
      text run at (0,14088) width 23: "\x{E40}\x{E2B}\x{E47}\x{E19}"
      text run at (0,14109) width 19: "\x{E15}\x{E49}\x{E19}"
      text run at (0,14130) width 29: "\x{E2B}\x{E0D}\x{E49}\x{E32}"
      text run at (0,14151) width 15: "\x{E2A}\x{E39}\x{E07}"
      text run at (0,14172) width 22: "\x{E40}\x{E2D}\x{E19}"
      text run at (0,14193) width 23: "\x{E40}\x{E1B}\x{E47}\x{E19}"
      text run at (0,14214) width 28: "\x{E04}\x{E25}\x{E37}\x{E48}\x{E19}"
      text run at (0,14235) width 27: "\x{E01}\x{E48}\x{E2D}\x{E19}"
      text run at (0,14256) width 9: "\x{E17}\x{E35}\x{E48}"
      text run at (0,14277) width 26: "\x{E1E}\x{E32}\x{E22}\x{E38}"
      text run at (0,14298) width 13: "\x{E08}\x{E30}"
      text run at (0,14319) width 16: "\x{E21}\x{E32}"
      text run at (0,14340) width 15: "\x{E16}\x{E36}\x{E07}"
      text run at (0,14361) width 24: "\x{E41}\x{E25}\x{E49}\x{E27}"
      text run at (0,14382) width 9: "\x{E01}\x{E47}"
      text run at (0,14403) width 9: "\x{E21}\x{E35}"
      text run at (0,14424) width 27: "\x{E40}\x{E2A}\x{E35}\x{E22}\x{E07}"
      text run at (0,14445) width 25: "\x{E2B}\x{E27}\x{E35}\x{E14}"
      text run at (0,14466) width 23: "\x{E2B}\x{E27}\x{E34}\x{E27}"
      text run at (0,14487) width 41: "\x{E0A}\x{E31}\x{E14}\x{E40}\x{E08}\x{E19}"
      text run at (0,14508) width 16: "\x{E21}\x{E32}"
      text run at (0,14529) width 24: "\x{E08}\x{E32}\x{E01}"
      text run at (0,14550) width 63: "\x{E1A}\x{E23}\x{E23}\x{E22}\x{E32}\x{E01}\x{E32}\x{E28}"
      text run at (0,14571) width 22: "\x{E17}\x{E32}\x{E07}"
      text run at (0,14592) width 15: "\x{E43}\x{E15}\x{E49}"
      text run at (0,14613) width 22: "\x{E41}\x{E25}\x{E30}"
      text run at (0,14634) width 21: "\x{E40}\x{E21}\x{E37}\x{E48}\x{E2D}"
      text run at (0,14655) width 39: "\x{E40}\x{E2B}\x{E25}\x{E37}\x{E2D}\x{E1A}"
      text run at (0,14676) width 16: "\x{E15}\x{E32}"
      text run at (0,14697) width 15: "\x{E44}\x{E1B}"
      text run at (0,14718) width 22: "\x{E17}\x{E32}\x{E07}"
      text run at (0,14739) width 26: "\x{E14}\x{E49}\x{E32}\x{E19}"
      text run at (0,14760) width 20: "\x{E19}\x{E31}\x{E49}\x{E19}"
      text run at (0,14781) width 9: "\x{E01}\x{E47}"
      text run at (0,14802) width 23: "\x{E40}\x{E2B}\x{E47}\x{E19}"
      text run at (0,14823) width 28: "\x{E04}\x{E25}\x{E37}\x{E48}\x{E19}"
      text run at (0,14844) width 29: "\x{E2B}\x{E0D}\x{E49}\x{E32}"
      text run at (0,14865) width 16: "\x{E21}\x{E32}"
      text run at (0,14886) width 22: "\x{E17}\x{E32}\x{E07}"
      text run at (0,14907) width 26: "\x{E14}\x{E49}\x{E32}\x{E19}"
      text run at (0,14928) width 20: "\x{E19}\x{E31}\x{E49}\x{E19}"
      text run at (0,14949) width 24: "\x{E14}\x{E49}\x{E27}\x{E22}"
      text run at (0,14970) width 15: "\x{E25}\x{E38}\x{E07}"
      text run at (0,14991) width 13: "\x{E40}\x{E2E}"
      text run at (0,15012) width 17: "\x{E19}\x{E23}\x{E35}"
      text run at (0,15033) width 19: "\x{E1C}\x{E38}\x{E14}"
      text run at (0,15054) width 18: "\x{E25}\x{E38}\x{E01}"
      text run at (0,15075) width 20: "\x{E02}\x{E36}\x{E49}\x{E19}"
      text run at (0,15096) width 19: "\x{E17}\x{E31}\x{E19}"
      text run at (0,15117) width 15: "\x{E43}\x{E14}"
      text run at (0,15135) width 7: "\""
      text run at (0,15156) width 18: "\x{E25}\x{E21}"
      text run at (0,15177) width 48: "\x{E44}\x{E0B}\x{E42}\x{E04}\x{E25}\x{E19}"
      text run at (0,15198) width 16: "\x{E21}\x{E32}"
      text run at (0,15219) width 21: "\x{E40}\x{E2D}\x{E47}\x{E21}"
      text run at (0,15237) width 7: "\""
      text run at (0,15258) width 15: "\x{E25}\x{E38}\x{E07}"
      text run at (0,15279) width 21: "\x{E23}\x{E49}\x{E2D}\x{E07}"
      text run at (0,15300) width 26: "\x{E1A}\x{E2D}\x{E01}"
      text run at (0,15321) width 39: "\x{E20}\x{E23}\x{E23}\x{E22}\x{E32}"
      text run at (0,15339) width 7: "\""
      text run at (0,15360) width 17: "\x{E02}\x{E49}\x{E32}"
      text run at (0,15381) width 13: "\x{E08}\x{E30}"
      text run at (0,15402) width 15: "\x{E44}\x{E1B}"
      text run at (0,15423) width 9: "\x{E14}\x{E39}"
      text run at (0,15444) width 25: "\x{E2A}\x{E31}\x{E15}\x{E27}\x{E4C}"
      text run at (0,15465) width 27: "\x{E40}\x{E25}\x{E35}\x{E49}\x{E22}\x{E07}"
      text run at (0,15486) width 35: "\x{E2B}\x{E19}\x{E48}\x{E2D}\x{E22}"
      text run at (0,15504) width 7: "\""
      text run at (0,15525) width 24: "\x{E41}\x{E25}\x{E49}\x{E27}"
      text run at (0,15546) width 15: "\x{E25}\x{E38}\x{E07}"
      text run at (0,15567) width 9: "\x{E01}\x{E47}"
      text run at (0,15588) width 13: "\x{E27}\x{E34}\x{E48}\x{E07}"
      text run at (0,15609) width 15: "\x{E44}\x{E1B}"
      text run at (0,15630) width 14: "\x{E22}\x{E31}\x{E07}"
      text run at (0,15651) width 21: "\x{E40}\x{E1E}\x{E34}\x{E07}"
      text run at (0,15672) width 9: "\x{E17}\x{E35}\x{E48}"
      text run at (0,15693) width 14: "\x{E27}\x{E31}\x{E27}"
      text run at (0,15714) width 22: "\x{E41}\x{E25}\x{E30}"
      text run at (0,15735) width 16: "\x{E21}\x{E49}\x{E32}"
      text run at (0,15756) width 32: "\x{E2D}\x{E32}\x{E28}\x{E31}\x{E22}"
      text run at (0,15777) width 16: "\x{E2D}\x{E22}\x{E39}\x{E48}"
      text run at (0,15798) width 16: "\x{E1B}\x{E49}\x{E32}"
      text run at (0,15819) width 21: "\x{E40}\x{E2D}\x{E47}\x{E21}"
      text run at (0,15840) width 26: "\x{E2B}\x{E22}\x{E38}\x{E14}"
      text run at (0,15861) width 39: "\x{E17}\x{E33}\x{E07}\x{E32}\x{E19}"
      text run at (0,15882) width 22: "\x{E41}\x{E25}\x{E30}"
      text run at (0,15903) width 16: "\x{E21}\x{E32}"
      text run at (0,15924) width 9: "\x{E17}\x{E35}\x{E48}"
      text run at (0,15945) width 30: "\x{E1B}\x{E23}\x{E30}\x{E15}\x{E39}"
      text run at (0,15966) width 29: "\x{E40}\x{E1E}\x{E35}\x{E22}\x{E07}"
      text run at (0,15987) width 41: "\x{E0A}\x{E32}\x{E22}\x{E15}\x{E32}"
      text run at (0,16008) width 23: "\x{E21}\x{E2D}\x{E07}"
      text run at (0,16029) width 16: "\x{E1B}\x{E49}\x{E32}"
      text run at (0,16050) width 9: "\x{E01}\x{E47}"
      text run at (0,16071) width 26: "\x{E1A}\x{E2D}\x{E01}"
      text run at (0,16092) width 15: "\x{E44}\x{E14}\x{E49}"
      text run at (0,16113) width 14: "\x{E27}\x{E48}\x{E32}"
      text run at (0,16134) width 49: "\x{E2D}\x{E31}\x{E19}\x{E15}\x{E23}\x{E32}\x{E22}"
      text run at (0,16155) width 16: "\x{E21}\x{E32}"
      text run at (0,16176) width 15: "\x{E16}\x{E36}\x{E07}"
      text run at (0,16197) width 24: "\x{E41}\x{E25}\x{E49}\x{E27}"
      text run at (0,16215) width 7: "\""
      text run at (0,16236) width 18: "\x{E40}\x{E23}\x{E47}\x{E27}"
      text run at (0,16257) width 16: "\x{E42}\x{E14}"
      text run at (0,16278) width 22: "\x{E42}\x{E23}\x{E18}\x{E35}"
      text run at (0,16296) width 5: "!"
      text run at (0,16314) width 7: "\""
      text run at (0,16335) width 16: "\x{E1B}\x{E49}\x{E32}"
      text run at (0,16356) width 40: "\x{E15}\x{E30}\x{E42}\x{E01}\x{E19}"
      text run at (0,16374) width 7: "\""
      text run at (0,16395) width 13: "\x{E27}\x{E34}\x{E48}\x{E07}"
      text run at (0,16416) width 15: "\x{E44}\x{E1B}"
      text run at (0,16437) width 23: "\x{E2B}\x{E49}\x{E2D}\x{E07}"
      text run at (0,16458) width 34: "\x{E43}\x{E15}\x{E49}\x{E16}\x{E38}\x{E19}"
      text run at (0,16476) width 7: "\""
      text run at (0,16497) width 16: "\x{E42}\x{E15}"
      text run at (0,16518) width 16: "\x{E42}\x{E15}\x{E49}"
      text run at (0,16539) width 29: "\x{E1C}\x{E25}\x{E38}\x{E19}"
      text run at (0,16560) width 46: "\x{E01}\x{E23}\x{E30}\x{E42}\x{E14}\x{E14}"
      text run at (0,16581) width 15: "\x{E25}\x{E07}"
      text run at (0,16602) width 24: "\x{E08}\x{E32}\x{E01}"
      text run at (0,16623) width 25: "\x{E2D}\x{E49}\x{E2D}\x{E21}"
      text run at (0,16644) width 28: "\x{E41}\x{E02}\x{E19}"
      text run at (0,16665) width 16: "\x{E42}\x{E14}"
      text run at (0,16686) width 22: "\x{E42}\x{E23}\x{E18}\x{E35}"
      text run at (0,16707) width 24: "\x{E41}\x{E25}\x{E49}\x{E27}"
      text run at (0,16728) width 21: "\x{E40}\x{E02}\x{E49}\x{E32}"
      text run at (0,16749) width 15: "\x{E44}\x{E1B}"
      text run at (0,16770) width 28: "\x{E0B}\x{E48}\x{E2D}\x{E19}"
      text run at (0,16791) width 16: "\x{E2D}\x{E22}\x{E39}\x{E48}"
      text run at (0,16812) width 15: "\x{E43}\x{E15}\x{E49}"
      text run at (0,16833) width 27: "\x{E40}\x{E15}\x{E35}\x{E22}\x{E07}"
      text run at (0,16854) width 22: "\x{E40}\x{E14}\x{E47}\x{E01}"
      text run at (0,16875) width 28: "\x{E2B}\x{E0D}\x{E34}\x{E07}"
      text run at (0,16896) width 26: "\x{E19}\x{E49}\x{E2D}\x{E22}"
      text run at (0,16917) width 21: "\x{E40}\x{E02}\x{E49}\x{E32}"
      text run at (0,16938) width 15: "\x{E44}\x{E1B}"
      text run at (0,16959) width 15: "\x{E14}\x{E36}\x{E07}"
      text run at (0,16980) width 19: "\x{E21}\x{E31}\x{E19}"
      text run at (0,17001) width 25: "\x{E2D}\x{E2D}\x{E01}"
      text run at (0,17022) width 16: "\x{E21}\x{E32}"
      text run at (0,17043) width 16: "\x{E1B}\x{E49}\x{E32}"
      text run at (0,17064) width 21: "\x{E40}\x{E2D}\x{E47}\x{E21}"
      text run at (0,17085) width 47: "\x{E01}\x{E23}\x{E30}\x{E0A}\x{E32}\x{E01}"
      text run at (0,17106) width 17: "\x{E1D}\x{E32}"
      text run at (0,17127) width 9: "\x{E17}\x{E35}\x{E48}"
      text run at (0,17148) width 21: "\x{E1E}\x{E37}\x{E49}\x{E19}"
      text run at (0,17169) width 25: "\x{E2D}\x{E2D}\x{E01}"
      text run at (0,17190) width 29: "\x{E2D}\x{E22}\x{E48}\x{E32}\x{E07}"
      text run at (0,17211) width 17: "\x{E2D}\x{E01}"
      text run at (0,17232) width 19: "\x{E2A}\x{E31}\x{E48}\x{E19}"
      text run at (0,17253) width 30: "\x{E02}\x{E27}\x{E31}\x{E0D}"
      text run at (0,17274) width 24: "\x{E2B}\x{E32}\x{E22}"
      text run at (0,17295) width 19: "\x{E1B}\x{E35}\x{E19}"
      text run at (0,17316) width 31: "\x{E1A}\x{E31}\x{E19}\x{E44}\x{E14}"
      text run at (0,17337) width 15: "\x{E44}\x{E21}\x{E49}"
      text run at (0,17358) width 15: "\x{E25}\x{E07}"
      text run at (0,17379) width 15: "\x{E44}\x{E1B}"
      text run at (0,17400) width 16: "\x{E43}\x{E19}"
      text run at (0,17421) width 31: "\x{E42}\x{E1E}\x{E23}\x{E07}"
      text run at (0,17442) width 22: "\x{E40}\x{E25}\x{E47}\x{E01}"
      text run at (0,17463) width 18: "\x{E2D}\x{E31}\x{E19}"
      text run at (0,17484) width 18: "\x{E21}\x{E37}\x{E14}"
      text run at (0,17505) width 18: "\x{E17}\x{E36}\x{E1A}"
      text run at (0,17526) width 16: "\x{E42}\x{E14}"
      text run at (0,17547) width 22: "\x{E42}\x{E23}\x{E18}\x{E35}"
      text run at (0,17568) width 17: "\x{E08}\x{E31}\x{E1A}"
      text run at (0,17589) width 16: "\x{E42}\x{E15}"
      text run at (0,17610) width 16: "\x{E42}\x{E15}\x{E49}"
      text run at (0,17631) width 15: "\x{E44}\x{E14}\x{E49}"
      text run at (0,17652) width 16: "\x{E43}\x{E19}"
      text run at (0,17673) width 9: "\x{E17}\x{E35}\x{E48}"
      text run at (0,17694) width 18: "\x{E2A}\x{E38}\x{E14}"
      text run at (0,17715) width 22: "\x{E41}\x{E25}\x{E30}"
      text run at (0,17736) width 13: "\x{E27}\x{E34}\x{E48}\x{E07}"
      text run at (0,17757) width 25: "\x{E15}\x{E32}\x{E21}"
      text run at (0,17778) width 16: "\x{E1B}\x{E49}\x{E32}"
      text run at (0,17799) width 20: "\x{E40}\x{E18}\x{E2D}"
      text run at (0,17820) width 15: "\x{E44}\x{E1B}"
      text run at (0,17841) width 21: "\x{E40}\x{E21}\x{E37}\x{E48}\x{E2D}"
      text run at (0,17862) width 20: "\x{E40}\x{E18}\x{E2D}"
      text run at (0,17883) width 16: "\x{E21}\x{E32}"
      text run at (0,17904) width 15: "\x{E44}\x{E14}\x{E49}"
      text run at (0,17925) width 22: "\x{E04}\x{E23}\x{E36}\x{E48}\x{E07}"
      text run at (0,17946) width 23: "\x{E2B}\x{E49}\x{E2D}\x{E07}"
      text run at (0,17967) width 9: "\x{E01}\x{E47}"
      text run at (0,17988) width 9: "\x{E21}\x{E35}"
      text run at (0,18009) width 27: "\x{E40}\x{E2A}\x{E35}\x{E22}\x{E07}"
      text run at (0,18030) width 25: "\x{E2B}\x{E27}\x{E35}\x{E14}"
      text run at (0,18051) width 24: "\x{E2B}\x{E27}\x{E37}\x{E2D}"
      text run at (0,18072) width 26: "\x{E2A}\x{E48}\x{E27}\x{E19}"
      text run at (0,18093) width 26: "\x{E1A}\x{E49}\x{E32}\x{E19}"
      text run at (0,18114) width 9: "\x{E01}\x{E47}"
      text run at (0,18135) width 19: "\x{E2A}\x{E31}\x{E48}\x{E19}"
      text run at (0,18156) width 29: "\x{E2D}\x{E22}\x{E48}\x{E32}\x{E07}"
      text run at (0,18177) width 21: "\x{E41}\x{E23}\x{E07}"
      text run at (0,18198) width 18: "\x{E08}\x{E19}"
      text run at (0,18219) width 20: "\x{E40}\x{E18}\x{E2D}"
      text run at (0,18240) width 18: "\x{E2B}\x{E01}"
      text run at (0,18261) width 30: "\x{E04}\x{E30}\x{E21}\x{E33}"
      text run at (0,18282) width 16: "\x{E19}\x{E31}\x{E48}\x{E07}"
      text run at (0,18303) width 35: "\x{E08}\x{E49}\x{E33}\x{E40}\x{E1A}\x{E49}\x{E32}"
      text run at (0,18324) width 16: "\x{E2D}\x{E22}\x{E39}\x{E48}"
      text run at (0,18345) width 18: "\x{E01}\x{E31}\x{E1A}"
      text run at (0,18366) width 21: "\x{E1E}\x{E37}\x{E49}\x{E19}"
      text run at (0,18387) width 24: "\x{E41}\x{E25}\x{E49}\x{E27}"
      text run at (0,18408) width 15: "\x{E2A}\x{E34}\x{E48}\x{E07}"
      text run at (0,18429) width 55: "\x{E1B}\x{E23}\x{E30}\x{E2B}\x{E25}\x{E32}\x{E14}"
      text run at (0,18450) width 9: "\x{E01}\x{E47}"
      text run at (0,18471) width 22: "\x{E40}\x{E01}\x{E34}\x{E14}"
      text run at (0,18492) width 20: "\x{E02}\x{E36}\x{E49}\x{E19}"
      text run at (0,18513) width 26: "\x{E1A}\x{E49}\x{E32}\x{E19}"
      text run at (0,18534) width 28: "\x{E2B}\x{E21}\x{E38}\x{E19}"
      text run at (0,18555) width 15: "\x{E44}\x{E1B}"
      text run at (0,18576) width 28: "\x{E2B}\x{E21}\x{E38}\x{E19}"
      text run at (0,18597) width 16: "\x{E21}\x{E32}"
      text run at (0,18618) width 23: "\x{E2A}\x{E2D}\x{E07}"
      text run at (0,18639) width 25: "\x{E2A}\x{E32}\x{E21}"
      text run at (0,18660) width 24: "\x{E23}\x{E2D}\x{E1A}"
      text run at (0,18681) width 24: "\x{E41}\x{E25}\x{E49}\x{E27}"
      text run at (0,18702) width 9: "\x{E01}\x{E47}"
      text run at (0,18723) width 25: "\x{E25}\x{E2D}\x{E22}"
      text run at (0,18744) width 20: "\x{E02}\x{E36}\x{E49}\x{E19}"
      text run at (0,18765) width 9: "\x{E2A}\x{E39}\x{E48}"
      text run at (0,18786) width 40: "\x{E2D}\x{E32}\x{E01}\x{E32}\x{E28}"
      text run at (0,18807) width 29: "\x{E2D}\x{E22}\x{E48}\x{E32}\x{E07}"
      text run at (0,18828) width 17: "\x{E0A}\x{E49}\x{E32}"
      text run at (0,18849) width 7: "\x{E46}"
      text run at (0,18870) width 16: "\x{E42}\x{E14}"
      text run at (0,18891) width 22: "\x{E42}\x{E23}\x{E18}\x{E35}"
      text run at (0,18912) width 25: "\x{E23}\x{E39}\x{E49}\x{E2A}\x{E36}\x{E01}"
      text run at (0,18933) width 21: "\x{E23}\x{E32}\x{E27}"
      text run at (0,18954) width 18: "\x{E01}\x{E31}\x{E1A}"
      text run at (0,18975) width 14: "\x{E27}\x{E48}\x{E32}"
      text run at (0,18996) width 20: "\x{E40}\x{E18}\x{E2D}"
      text run at (0,19017) width 15: "\x{E44}\x{E14}\x{E49}"
      text run at (0,19038) width 20: "\x{E02}\x{E36}\x{E49}\x{E19}"
      text run at (0,19059) width 15: "\x{E44}\x{E1B}"
      text run at (0,19080) width 18: "\x{E01}\x{E31}\x{E1A}"
      text run at (0,19101) width 18: "\x{E25}\x{E39}\x{E01}"
      text run at (0,19122) width 45: "\x{E1A}\x{E2D}\x{E25}\x{E25}\x{E39}\x{E19}"
      text run at (0,19143) width 26: "\x{E1E}\x{E32}\x{E22}\x{E38}"
      text run at (0,19164) width 31: "\x{E40}\x{E2B}\x{E19}\x{E37}\x{E2D}"
      text run at (0,19185) width 18: "\x{E01}\x{E31}\x{E1A}"
      text run at (0,19206) width 26: "\x{E1E}\x{E32}\x{E22}\x{E38}"
      text run at (0,19227) width 15: "\x{E43}\x{E15}\x{E49}"
      text run at (0,19248) width 16: "\x{E21}\x{E32}"
      text run at (0,19269) width 20: "\x{E1E}\x{E1A}"
      text run at (0,19290) width 19: "\x{E01}\x{E31}\x{E19}"
      text run at (0,19311) width 22: "\x{E15}\x{E23}\x{E07}"
      text run at (0,19332) width 9: "\x{E17}\x{E35}\x{E48}"
      text run at (0,19353) width 26: "\x{E1A}\x{E49}\x{E32}\x{E19}"
      text run at (0,19374) width 19: "\x{E1E}\x{E2D}"
      text run at (0,19395) width 9: "\x{E14}\x{E35}"
      text run at (0,19416) width 22: "\x{E41}\x{E25}\x{E30}"
      text run at (0,19437) width 16: "\x{E17}\x{E33}"
      text run at (0,19458) width 15: "\x{E43}\x{E2B}\x{E49}"
      text run at (0,19479) width 22: "\x{E15}\x{E23}\x{E07}"
      text run at (0,19500) width 20: "\x{E19}\x{E31}\x{E49}\x{E19}"
      text run at (0,19521) width 23: "\x{E40}\x{E1B}\x{E47}\x{E19}"
      text run at (0,19542) width 17: "\x{E08}\x{E38}\x{E14}"
      text run at (0,19563) width 27: "\x{E28}\x{E39}\x{E19}\x{E22}\x{E4C}"
      text run at (0,19584) width 31: "\x{E01}\x{E25}\x{E32}\x{E07}"
      text run at (0,19605) width 24: "\x{E02}\x{E2D}\x{E07}"
      text run at (0,19626) width 26: "\x{E1E}\x{E32}\x{E22}\x{E38}"
      text run at (0,19647) width 48: "\x{E44}\x{E0B}\x{E42}\x{E04}\x{E25}\x{E19}"
      text run at (0,19668) width 25: "\x{E15}\x{E32}\x{E21}"
      text run at (0,19689) width 27: "\x{E1B}\x{E01}\x{E15}\x{E34}"
      text run at (0,19710) width 22: "\x{E15}\x{E23}\x{E07}"
      text run at (0,19731) width 31: "\x{E01}\x{E25}\x{E32}\x{E07}"
      text run at (0,19752) width 26: "\x{E1E}\x{E32}\x{E22}\x{E38}"
      text run at (0,19773) width 48: "\x{E44}\x{E0B}\x{E42}\x{E04}\x{E25}\x{E19}"
      text run at (0,19794) width 40: "\x{E2D}\x{E32}\x{E01}\x{E32}\x{E28}"
      text run at (0,19815) width 13: "\x{E08}\x{E30}"
      text run at (0,19836) width 16: "\x{E19}\x{E34}\x{E48}\x{E07}"
      text run at (0,19857) width 17: "\x{E41}\x{E15}\x{E48}"
      text run at (0,19878) width 32: "\x{E04}\x{E27}\x{E32}\x{E21}"
      text run at (0,19899) width 37: "\x{E01}\x{E14}\x{E14}\x{E31}\x{E19}"
      text run at (0,19920) width 29: "\x{E2D}\x{E22}\x{E48}\x{E32}\x{E07}"
      text run at (0,19941) width 28: "\x{E2B}\x{E19}\x{E31}\x{E01}"
      text run at (0,19962) width 24: "\x{E02}\x{E2D}\x{E07}"
      text run at (0,19983) width 18: "\x{E25}\x{E21}"
      text run at (0,20004) width 18: "\x{E17}\x{E38}\x{E01}"
      text run at (0,20025) width 26: "\x{E14}\x{E49}\x{E32}\x{E19}"
      text run at (0,20046) width 24: "\x{E23}\x{E2D}\x{E1A}"
      text run at (0,20067) width 26: "\x{E1A}\x{E49}\x{E32}\x{E19}"
      text run at (0,20088) width 16: "\x{E17}\x{E33}"
      text run at (0,20109) width 15: "\x{E43}\x{E2B}\x{E49}"
      text run at (0,20130) width 26: "\x{E1A}\x{E49}\x{E32}\x{E19}"
      text run at (0,20151) width 25: "\x{E25}\x{E2D}\x{E22}"
      text run at (0,20172) width 15: "\x{E2A}\x{E39}\x{E07}"
      text run at (0,20193) width 20: "\x{E02}\x{E36}\x{E49}\x{E19}"
      text run at (0,20214) width 7: "\x{E46}"
      text run at (0,20235) width 18: "\x{E08}\x{E19}"
      text run at (0,20256) width 36: "\x{E01}\x{E23}\x{E30}\x{E17}\x{E31}\x{E48}\x{E07}"
      text run at (0,20277) width 20: "\x{E02}\x{E36}\x{E49}\x{E19}"
      text run at (0,20298) width 15: "\x{E44}\x{E1B}"
      text run at (0,20319) width 16: "\x{E2D}\x{E22}\x{E39}\x{E48}"
      text run at (0,20340) width 18: "\x{E2A}\x{E38}\x{E14}"
      text run at (0,20361) width 25: "\x{E22}\x{E2D}\x{E14}"
      text run at (0,20382) width 24: "\x{E02}\x{E2D}\x{E07}"
      text run at (0,20403) width 26: "\x{E1E}\x{E32}\x{E22}\x{E38}"
      text run at (0,20424) width 48: "\x{E44}\x{E0B}\x{E42}\x{E04}\x{E25}\x{E19}"
      text run at (0,20445) width 22: "\x{E41}\x{E25}\x{E30}"
      text run at (0,20466) width 24: "\x{E08}\x{E32}\x{E01}"
      text run at (0,20487) width 22: "\x{E15}\x{E23}\x{E07}"
      text run at (0,20508) width 20: "\x{E19}\x{E31}\x{E49}\x{E19}"
      text run at (0,20529) width 9: "\x{E01}\x{E47}"
      text run at (0,20550) width 18: "\x{E16}\x{E39}\x{E01}"
      text run at (0,20571) width 26: "\x{E2B}\x{E2D}\x{E1A}"
      text run at (0,20592) width 15: "\x{E44}\x{E1B}"
      text run at (0,20613) width 33: "\x{E2B}\x{E25}\x{E32}\x{E22}"
      text run at (0,20634) width 24: "\x{E44}\x{E21}\x{E25}\x{E4C}"
      text run at (0,20655) width 21: "\x{E07}\x{E48}\x{E32}\x{E22}"
      text run at (0,20676) width 24: "\x{E14}\x{E32}\x{E22}"
      text run at (0,20697) width 21: "\x{E23}\x{E32}\x{E27}"
      text run at (0,20718) width 18: "\x{E01}\x{E31}\x{E1A}"
      text run at (0,20739) width 26: "\x{E2B}\x{E2D}\x{E1A}"
      text run at (0,20760) width 20: "\x{E02}\x{E19}"
      text run at (0,20781) width 19: "\x{E19}\x{E01}"
      text run at (0,20802) width 18: "\x{E21}\x{E37}\x{E14}"
      text run at (0,20823) width 25: "\x{E21}\x{E32}\x{E01}"
      text run at (0,20844) width 24: "\x{E41}\x{E25}\x{E49}\x{E27}"
      text run at (0,20865) width 18: "\x{E25}\x{E21}"
      text run at (0,20886) width 14: "\x{E22}\x{E31}\x{E07}"
      text run at (0,20907) width 15: "\x{E2A}\x{E48}\x{E07}"
      text run at (0,20928) width 27: "\x{E40}\x{E2A}\x{E35}\x{E22}\x{E07}"
      text run at (0,20949) width 25: "\x{E2B}\x{E27}\x{E35}\x{E14}"
      text run at (0,20970) width 24: "\x{E2B}\x{E27}\x{E37}\x{E2D}"
      text run at (0,20991) width 17: "\x{E19}\x{E48}\x{E32}"
      text run at (0,21012) width 25: "\x{E01}\x{E25}\x{E31}\x{E27}"
      text run at (0,21033) width 16: "\x{E2D}\x{E22}\x{E39}\x{E48}"
      text run at (0,21054) width 24: "\x{E23}\x{E2D}\x{E1A}"
      text run at (0,21075) width 16: "\x{E15}\x{E31}\x{E27}"
      text run at (0,21096) width 20: "\x{E40}\x{E18}\x{E2D}"
      text run at (0,21117) width 17: "\x{E41}\x{E15}\x{E48}"
      text run at (0,21138) width 16: "\x{E42}\x{E14}"
      text run at (0,21159) width 22: "\x{E42}\x{E23}\x{E18}\x{E35}"
      text run at (0,21180) width 23: "\x{E40}\x{E2B}\x{E47}\x{E19}"
      text run at (0,21201) width 14: "\x{E27}\x{E48}\x{E32}"
      text run at (0,21222) width 20: "\x{E40}\x{E18}\x{E2D}"
      text run at (0,21243) width 48: "\x{E2A}\x{E32}\x{E21}\x{E32}\x{E23}\x{E16}"
      text run at (0,21264) width 16: "\x{E19}\x{E31}\x{E48}\x{E07}"
      text run at (0,21285) width 15: "\x{E44}\x{E1B}"
      text run at (0,21306) width 15: "\x{E44}\x{E14}\x{E49}"
      text run at (0,21327) width 23: "\x{E2D}\x{E22}\x{E48}\x{E32}"
      text run at (0,21348) width 27: "\x{E07}\x{E07}\x{E48}\x{E32}\x{E22}"
      text run at (0,21369) width 24: "\x{E14}\x{E32}\x{E22}"
      text run at (0,21390) width 19: "\x{E19}\x{E31}\x{E01}"
      text run at (0,21411) width 22: "\x{E04}\x{E23}\x{E31}\x{E49}\x{E07}"
      text run at (0,21432) width 25: "\x{E2B}\x{E19}\x{E36}\x{E48}\x{E07}"
      text run at (0,21453) width 24: "\x{E2B}\x{E25}\x{E31}\x{E07}"
      text run at (0,21474) width 24: "\x{E08}\x{E32}\x{E01}"
      text run at (0,21495) width 9: "\x{E17}\x{E35}\x{E48}"
      text run at (0,21516) width 26: "\x{E1A}\x{E49}\x{E32}\x{E19}"
      text run at (0,21537) width 32: "\x{E2A}\x{E30}\x{E14}\x{E38}\x{E14}"
      text run at (0,21558) width 29: "\x{E2D}\x{E22}\x{E48}\x{E32}\x{E07}"
      text run at (0,21579) width 21: "\x{E41}\x{E23}\x{E07}"
      text run at (0,21600) width 22: "\x{E41}\x{E25}\x{E30}"
      text run at (0,21621) width 28: "\x{E2B}\x{E21}\x{E38}\x{E19}"
      text run at (0,21642) width 15: "\x{E44}\x{E1B}"
      text run at (0,21663) width 24: "\x{E23}\x{E2D}\x{E1A}"
      text run at (0,21684) width 7: "\x{E46}"
      text run at (0,21705) width 23: "\x{E2A}\x{E2D}\x{E07}"
      text run at (0,21726) width 25: "\x{E2A}\x{E32}\x{E21}"
      text run at (0,21747) width 22: "\x{E04}\x{E23}\x{E31}\x{E49}\x{E07}"
      text run at (0,21768) width 16: "\x{E43}\x{E19}"
      text run at (0,21789) width 27: "\x{E15}\x{E2D}\x{E19}"
      text run at (0,21810) width 24: "\x{E41}\x{E23}\x{E01}"
      text run at (0,21831) width 20: "\x{E40}\x{E18}\x{E2D}"
      text run at (0,21852) width 9: "\x{E01}\x{E47}"
      text run at (0,21873) width 25: "\x{E23}\x{E39}\x{E49}\x{E2A}\x{E36}\x{E01}"
      text run at (0,21894) width 14: "\x{E27}\x{E48}\x{E32}"
      text run at (0,21915) width 16: "\x{E15}\x{E31}\x{E27}"
      text run at (0,21936) width 18: "\x{E40}\x{E2D}\x{E07}"
      text run at (0,21957) width 18: "\x{E16}\x{E39}\x{E01}"
      text run at (0,21978) width 30: "\x{E41}\x{E01}\x{E27}\x{E48}\x{E07}"
      text run at (0,21999) width 29: "\x{E2D}\x{E22}\x{E48}\x{E32}\x{E07}"
      text run at (0,22020) width 25: "\x{E41}\x{E1C}\x{E48}\x{E27}"
      text run at (0,22041) width 20: "\x{E40}\x{E1A}\x{E32}"
      text run at (0,22062) width 21: "\x{E23}\x{E32}\x{E27}"
      text run at (0,22083) width 32: "\x{E17}\x{E32}\x{E23}\x{E01}"
      text run at (0,22104) width 16: "\x{E43}\x{E19}"
      text run at (0,22125) width 22: "\x{E40}\x{E1B}\x{E25}"
      text run at (0,22146) width 16: "\x{E42}\x{E15}"
      text run at (0,22167) width 16: "\x{E42}\x{E15}\x{E49}"
      text run at (0,22188) width 15: "\x{E44}\x{E21}\x{E48}"
      text run at (0,22209) width 27: "\x{E0A}\x{E2D}\x{E1A}"
      text run at (0,22230) width 14: "\x{E43}\x{E08}"
      text run at (0,22251) width 21: "\x{E40}\x{E25}\x{E22}"
      text run at (0,22272) width 19: "\x{E21}\x{E31}\x{E19}"
      text run at (0,22293) width 13: "\x{E27}\x{E34}\x{E48}\x{E07}"
      text run at (0,22314) width 15: "\x{E44}\x{E1B}"
      text run at (0,22335) width 13: "\x{E27}\x{E34}\x{E48}\x{E07}"
      text run at (0,22356) width 16: "\x{E21}\x{E32}"
      text run at (0,22377) width 24: "\x{E23}\x{E2D}\x{E1A}"
      text run at (0,22398) width 23: "\x{E2B}\x{E49}\x{E2D}\x{E07}"
      text run at (0,22419) width 22: "\x{E17}\x{E32}\x{E07}"
      text run at (0,22440) width 27: "\x{E42}\x{E19}\x{E49}\x{E19}"
      text run at (0,22461) width 9: "\x{E17}\x{E35}"
      text run at (0,22482) width 22: "\x{E17}\x{E32}\x{E07}"
      text run at (0,22503) width 10: "\x{E19}\x{E35}\x{E49}"
      text run at (0,22524) width 9: "\x{E17}\x{E35}"
      text run at (0,22545) width 15: "\x{E2A}\x{E48}\x{E07}"
      text run at (0,22566) width 27: "\x{E40}\x{E2A}\x{E35}\x{E22}\x{E07}"
      text run at (0,22587) width 20: "\x{E40}\x{E2B}\x{E48}\x{E32}"
      text run at (0,22608) width 15: "\x{E14}\x{E31}\x{E07}"
      text run at (0,22629) width 23: "\x{E01}\x{E49}\x{E2D}\x{E07}"
      text run at (0,22650) width 17: "\x{E41}\x{E15}\x{E48}"
      text run at (0,22671) width 16: "\x{E42}\x{E14}"
      text run at (0,22692) width 22: "\x{E42}\x{E23}\x{E18}\x{E35}"
      text run at (0,22713) width 16: "\x{E19}\x{E31}\x{E48}\x{E07}"
      text run at (0,22734) width 16: "\x{E19}\x{E34}\x{E48}\x{E07}"
      text run at (0,22755) width 16: "\x{E2D}\x{E22}\x{E39}\x{E48}"
      text run at (0,22776) width 19: "\x{E1A}\x{E19}"
      text run at (0,22797) width 21: "\x{E1E}\x{E37}\x{E49}\x{E19}"
      text run at (0,22818) width 21: "\x{E40}\x{E1D}\x{E49}\x{E32}"
      text run at (0,22839) width 25: "\x{E04}\x{E2D}\x{E22}"
      text run at (0,22860) width 9: "\x{E14}\x{E39}"
      text run at (0,22881) width 14: "\x{E27}\x{E48}\x{E32}"
      text run at (0,22902) width 13: "\x{E08}\x{E30}"
      text run at (0,22923) width 22: "\x{E40}\x{E01}\x{E34}\x{E14}"
      text run at (0,22944) width 26: "\x{E2D}\x{E30}\x{E44}\x{E23}"
      text run at (0,22965) width 20: "\x{E02}\x{E36}\x{E49}\x{E19}"
      text run at (0,22986) width 22: "\x{E04}\x{E23}\x{E31}\x{E49}\x{E07}"
      text run at (0,23007) width 25: "\x{E2B}\x{E19}\x{E36}\x{E48}\x{E07}"
      text run at (0,23028) width 16: "\x{E42}\x{E15}"
      text run at (0,23049) width 16: "\x{E42}\x{E15}\x{E49}"
      text run at (0,23070) width 21: "\x{E40}\x{E02}\x{E49}\x{E32}"
      text run at (0,23091) width 15: "\x{E44}\x{E1B}"
      text run at (0,23112) width 24: "\x{E43}\x{E01}\x{E25}\x{E49}"
      text run at (0,23133) width 17: "\x{E1D}\x{E32}"
      text run at (0,23154) width 9: "\x{E17}\x{E35}\x{E48}"
      text run at (0,23175) width 21: "\x{E1E}\x{E37}\x{E49}\x{E19}"
      text run at (0,23196) width 25: "\x{E21}\x{E32}\x{E01}"
      text run at (0,23217) width 15: "\x{E44}\x{E1B}"
      text run at (0,23238) width 21: "\x{E40}\x{E25}\x{E22}"
      text run at (0,23259) width 29: "\x{E1E}\x{E25}\x{E31}\x{E14}"
      text run at (0,23280) width 33: "\x{E15}\x{E01}\x{E25}\x{E07}"
      text run at (0,23301) width 15: "\x{E44}\x{E1B}"
      text run at (0,23322) width 9: "\x{E17}\x{E35}"
      text run at (0,23343) width 24: "\x{E41}\x{E23}\x{E01}"
      text run at (0,23364) width 22: "\x{E40}\x{E14}\x{E47}\x{E01}"
      text run at (0,23385) width 28: "\x{E2B}\x{E0D}\x{E34}\x{E07}"
      text run at (0,23406) width 18: "\x{E04}\x{E34}\x{E14}"
      text run at (0,23427) width 14: "\x{E27}\x{E48}\x{E32}"
      text run at (0,23448) width 20: "\x{E40}\x{E18}\x{E2D}"
      text run at (0,23469) width 13: "\x{E08}\x{E30}"
      text run at (0,23490) width 22: "\x{E2A}\x{E39}\x{E0D}"
      text run at (0,23511) width 21: "\x{E40}\x{E2A}\x{E35}\x{E22}"
      text run at (0,23532) width 19: "\x{E21}\x{E31}\x{E19}"
      text run at (0,23553) width 15: "\x{E44}\x{E1B}"
      text run at (0,23574) width 21: "\x{E40}\x{E2A}\x{E35}\x{E22}"
      text run at (0,23595) width 24: "\x{E41}\x{E25}\x{E49}\x{E27}"
      text run at (0,23616) width 17: "\x{E41}\x{E15}\x{E48}"
      text run at (0,23637) width 17: "\x{E0A}\x{E31}\x{E48}\x{E27}"
      text run at (0,23658) width 16: "\x{E04}\x{E23}\x{E39}\x{E48}"
      text run at (0,23679) width 20: "\x{E40}\x{E18}\x{E2D}"
      text run at (0,23700) width 9: "\x{E01}\x{E47}"
      text run at (0,23721) width 23: "\x{E40}\x{E2B}\x{E47}\x{E19}"
      text run at (0,23742) width 9: "\x{E2B}\x{E39}"
      text run at (0,23763) width 24: "\x{E02}\x{E2D}\x{E07}"
      text run at (0,23784) width 19: "\x{E21}\x{E31}\x{E19}"
      text run at (0,23805) width 26: "\x{E42}\x{E1C}\x{E25}\x{E48}"
      text run at (0,23826) width 20: "\x{E02}\x{E36}\x{E49}\x{E19}"
      text run at (0,23847) width 16: "\x{E21}\x{E32}"
      text run at (0,23868) width 24: "\x{E08}\x{E32}\x{E01}"
      text run at (0,23889) width 24: "\x{E0A}\x{E48}\x{E2D}\x{E07}"
      text run at (0,23910) width 20: "\x{E19}\x{E31}\x{E49}\x{E19}"
      text run at (0,23931) width 15: "\x{E17}\x{E31}\x{E49}\x{E07}"
      text run at (0,23952) width 10: "\x{E19}\x{E35}\x{E49}"
      text run at (0,23973) width 34: "\x{E40}\x{E1E}\x{E23}\x{E32}\x{E30}"
      text run at (0,23994) width 21: "\x{E41}\x{E23}\x{E07}"
      text run at (0,24015) width 18: "\x{E01}\x{E14}"
      text run at (0,24036) width 29: "\x{E2D}\x{E22}\x{E48}\x{E32}\x{E07}"
      text run at (0,24057) width 28: "\x{E2B}\x{E19}\x{E31}\x{E01}"
      text run at (0,24078) width 24: "\x{E02}\x{E2D}\x{E07}"
      text run at (0,24099) width 40: "\x{E2D}\x{E32}\x{E01}\x{E32}\x{E28}"
      text run at (0,24120) width 16: "\x{E17}\x{E33}"
      text run at (0,24141) width 15: "\x{E43}\x{E2B}\x{E49}"
      text run at (0,24162) width 16: "\x{E42}\x{E15}"
      text run at (0,24183) width 16: "\x{E42}\x{E15}\x{E49}"
      text run at (0,24204) width 15: "\x{E44}\x{E21}\x{E48}"
      text run at (0,24225) width 33: "\x{E15}\x{E01}\x{E25}\x{E07}"
      text run at (0,24246) width 15: "\x{E44}\x{E1B}"
      text run at (0,24267) width 23: "\x{E02}\x{E49}\x{E32}\x{E07}"
      text run at (0,24288) width 22: "\x{E25}\x{E48}\x{E32}\x{E07}"
      text run at (0,24309) width 16: "\x{E42}\x{E14}"
      text run at (0,24330) width 22: "\x{E42}\x{E23}\x{E18}\x{E35}"
      text run at (0,24351) width 35: "\x{E04}\x{E25}\x{E32}\x{E19}"
      text run at (0,24372) width 15: "\x{E44}\x{E1B}"
      text run at (0,24393) width 9: "\x{E17}\x{E35}\x{E48}"
      text run at (0,24414) width 24: "\x{E0A}\x{E48}\x{E2D}\x{E07}"
      text run at (0,24435) width 20: "\x{E19}\x{E31}\x{E49}\x{E19}"
      text run at (0,24456) width 17: "\x{E08}\x{E31}\x{E1A}"
      text run at (0,24477) width 9: "\x{E2B}\x{E39}"
      text run at (0,24498) width 16: "\x{E42}\x{E15}"
      text run at (0,24519) width 16: "\x{E42}\x{E15}\x{E49}"
      text run at (0,24540) width 13: "\x{E44}\x{E27}\x{E49}"
      text run at (0,24561) width 15: "\x{E44}\x{E14}\x{E49}"
      text run at (0,24582) width 22: "\x{E41}\x{E25}\x{E30}"
      text run at (0,24603) width 25: "\x{E25}\x{E32}\x{E01}"
      text run at (0,24624) width 19: "\x{E21}\x{E31}\x{E19}"
      text run at (0,24645) width 16: "\x{E21}\x{E32}"
      text run at (0,24666) width 9: "\x{E17}\x{E35}\x{E48}"
      text run at (0,24687) width 23: "\x{E2B}\x{E49}\x{E2D}\x{E07}"
      text run at (0,24708) width 17: "\x{E2D}\x{E35}\x{E01}"
      text run at (0,24729) width 24: "\x{E2B}\x{E25}\x{E31}\x{E07}"
      text run at (0,24750) width 24: "\x{E08}\x{E32}\x{E01}"
      text run at (0,24771) width 20: "\x{E19}\x{E31}\x{E49}\x{E19}"
      text run at (0,24792) width 9: "\x{E01}\x{E47}"
      text run at (0,24813) width 18: "\x{E1B}\x{E34}\x{E14}"
      text run at (0,24834) width 17: "\x{E1D}\x{E32}"
      text run at (0,24855) width 21: "\x{E1E}\x{E37}\x{E49}\x{E19}"
      text run at (0,24876) width 23: "\x{E40}\x{E1E}\x{E37}\x{E48}\x{E2D}"
      text run at (0,24897) width 13: "\x{E08}\x{E30}"
      text run at (0,24918) width 15: "\x{E44}\x{E14}\x{E49}"
      text run at (0,24939) width 15: "\x{E44}\x{E21}\x{E48}"
      text run at (0,24960) width 22: "\x{E40}\x{E01}\x{E34}\x{E14}"
      text run at (0,24981) width 48: "\x{E2D}\x{E38}\x{E1A}\x{E31}\x{E15}\x{E34}\x{E40}\x{E2B}\x{E15}\x{E38}"
      text run at (0,25002) width 17: "\x{E2D}\x{E35}\x{E01}"
      text run at (0,25023) width 37: "\x{E0A}\x{E31}\x{E48}\x{E27}\x{E42}\x{E21}\x{E07}"
      text run at (0,25044) width 24: "\x{E41}\x{E25}\x{E49}\x{E27}"
      text run at (0,25065) width 37: "\x{E0A}\x{E31}\x{E48}\x{E27}\x{E42}\x{E21}\x{E07}"
      text run at (0,25086) width 20: "\x{E40}\x{E25}\x{E48}\x{E32}"
      text run at (0,25107) width 27: "\x{E1C}\x{E48}\x{E32}\x{E19}"
      text run at (0,25128) width 15: "\x{E44}\x{E1B}"
      text run at (0,25149) width 16: "\x{E42}\x{E14}"
      text run at (0,25170) width 22: "\x{E42}\x{E23}\x{E18}\x{E35}"
      text run at (0,25191) width 25: "\x{E04}\x{E48}\x{E2D}\x{E22}"
      text run at (0,25212) width 7: "\x{E46}"
      text run at (0,25233) width 24: "\x{E2B}\x{E32}\x{E22}"
      text run at (0,25254) width 25: "\x{E01}\x{E25}\x{E31}\x{E27}"
      text run at (0,25275) width 17: "\x{E41}\x{E15}\x{E48}"
      text run at (0,25296) width 20: "\x{E40}\x{E18}\x{E2D}"
      text run at (0,25317) width 25: "\x{E23}\x{E39}\x{E49}\x{E2A}\x{E36}\x{E01}"
      text run at (0,25338) width 26: "\x{E40}\x{E2B}\x{E07}\x{E32}"
      text run at (0,25359) width 30: "\x{E40}\x{E2B}\x{E25}\x{E37}\x{E2D}"
      text run at (0,25380) width 23: "\x{E40}\x{E01}\x{E34}\x{E19}"
      text run at (0,25401) width 22: "\x{E41}\x{E25}\x{E30}"
      text run at (0,25422) width 18: "\x{E25}\x{E21}"
      text run at (0,25443) width 9: "\x{E01}\x{E47}"
      text run at (0,25464) width 15: "\x{E2A}\x{E48}\x{E07}"
      text run at (0,25485) width 27: "\x{E40}\x{E2A}\x{E35}\x{E22}\x{E07}"
      text run at (0,25506) width 25: "\x{E2B}\x{E27}\x{E35}\x{E14}"
      text run at (0,25527) width 24: "\x{E2B}\x{E27}\x{E37}\x{E2D}"
      text run at (0,25548) width 15: "\x{E14}\x{E31}\x{E07}"
      text run at (0,25569) width 21: "\x{E40}\x{E2A}\x{E35}\x{E22}"
      text run at (0,25590) width 18: "\x{E08}\x{E19}"
      text run at (0,25611) width 20: "\x{E40}\x{E18}\x{E2D}"
      text run at (0,25632) width 26: "\x{E41}\x{E17}\x{E1A}"
      text run at (0,25653) width 13: "\x{E08}\x{E30}"
      text run at (0,25674) width 9: "\x{E2B}\x{E39}"
      text run at (0,25695) width 35: "\x{E2B}\x{E19}\x{E27}\x{E01}"
      text run at (0,25716) width 9: "\x{E17}\x{E35}"
      text run at (0,25737) width 24: "\x{E41}\x{E23}\x{E01}"
      text run at (0,25758) width 20: "\x{E40}\x{E18}\x{E2D}"
      text run at (0,25779) width 32: "\x{E2A}\x{E07}\x{E2A}\x{E31}\x{E22}"
      text run at (0,25800) width 14: "\x{E27}\x{E48}\x{E32}"
      text run at (0,25821) width 15: "\x{E04}\x{E07}"
      text run at (0,25842) width 13: "\x{E08}\x{E30}"
      text run at (0,25863) width 18: "\x{E16}\x{E39}\x{E01}"
      text run at (0,25884) width 19: "\x{E09}\x{E35}\x{E01}"
      text run at (0,25905) width 47: "\x{E01}\x{E23}\x{E30}\x{E0A}\x{E32}\x{E01}"
      text run at (0,25926) width 25: "\x{E2D}\x{E2D}\x{E01}"
      text run at (0,25947) width 23: "\x{E40}\x{E1B}\x{E47}\x{E19}"
      text run at (0,25968) width 20: "\x{E0A}\x{E34}\x{E49}\x{E19}"
      text run at (0,25989) width 22: "\x{E40}\x{E25}\x{E47}\x{E01}"
      text run at (0,26010) width 20: "\x{E0A}\x{E34}\x{E49}\x{E19}"
      text run at (0,26031) width 26: "\x{E19}\x{E49}\x{E2D}\x{E22}"
      text run at (0,26052) width 21: "\x{E40}\x{E21}\x{E37}\x{E48}\x{E2D}"
      text run at (0,26073) width 26: "\x{E1A}\x{E49}\x{E32}\x{E19}"
      text run at (0,26094) width 22: "\x{E40}\x{E2D}\x{E19}"
      text run at (0,26115) width 18: "\x{E25}\x{E49}\x{E21}"
      text run at (0,26136) width 15: "\x{E25}\x{E07}"
      text run at (0,26157) width 17: "\x{E2D}\x{E35}\x{E01}"
      text run at (0,26178) width 22: "\x{E04}\x{E23}\x{E31}\x{E49}\x{E07}"
      text run at (0,26199) width 17: "\x{E41}\x{E15}\x{E48}"
      text run at (0,26220) width 33: "\x{E2B}\x{E25}\x{E32}\x{E22}"
      text run at (0,26241) width 37: "\x{E0A}\x{E31}\x{E48}\x{E27}\x{E42}\x{E21}\x{E07}"
      text run at (0,26262) width 27: "\x{E1C}\x{E48}\x{E32}\x{E19}"
      text run at (0,26283) width 15: "\x{E44}\x{E1B}"
      text run at (0,26304) width 9: "\x{E01}\x{E47}"
      text run at (0,26325) width 15: "\x{E44}\x{E21}\x{E48}"
      text run at (0,26346) width 9: "\x{E21}\x{E35}"
      text run at (0,26367) width 26: "\x{E2D}\x{E30}\x{E44}\x{E23}"
      text run at (0,26388) width 22: "\x{E40}\x{E01}\x{E34}\x{E14}"
      text run at (0,26409) width 20: "\x{E02}\x{E36}\x{E49}\x{E19}"
      text run at (0,26430) width 20: "\x{E40}\x{E18}\x{E2D}"
      text run at (0,26451) width 21: "\x{E40}\x{E25}\x{E22}"
      text run at (0,26472) width 22: "\x{E40}\x{E25}\x{E34}\x{E01}"
      text run at (0,26493) width 25: "\x{E27}\x{E34}\x{E15}\x{E01}"
      text run at (0,26514) width 22: "\x{E41}\x{E25}\x{E30}"
      text run at (0,26535) width 37: "\x{E15}\x{E31}\x{E14}\x{E2A}\x{E34}\x{E19}"
      text run at (0,26556) width 14: "\x{E43}\x{E08}"
      text run at (0,26577) width 25: "\x{E04}\x{E2D}\x{E22}"
      text run at (0,26598) width 9: "\x{E14}\x{E39}"
      text run at (0,26619) width 29: "\x{E2D}\x{E22}\x{E48}\x{E32}\x{E07}"
      text run at (0,26640) width 24: "\x{E2A}\x{E07}\x{E1A}"
      text run at (0,26661) width 22: "\x{E41}\x{E25}\x{E30}"
      text run at (0,26682) width 15: "\x{E23}\x{E2D}"
      text run at (0,26703) width 14: "\x{E27}\x{E48}\x{E32}"
      text run at (0,26724) width 43: "\x{E2D}\x{E19}\x{E32}\x{E04}\x{E15}"
      text run at (0,26745) width 13: "\x{E08}\x{E30}"
      text run at (0,26766) width 23: "\x{E40}\x{E1B}\x{E47}\x{E19}"
      text run at (0,26787) width 40: "\x{E2D}\x{E22}\x{E48}\x{E32}\x{E07}\x{E44}\x{E23}"
      text run at (0,26808) width 16: "\x{E43}\x{E19}"
      text run at (0,26829) width 9: "\x{E17}\x{E35}\x{E48}"
      text run at (0,26850) width 18: "\x{E2A}\x{E38}\x{E14}"
      text run at (0,26871) width 20: "\x{E40}\x{E18}\x{E2D}"
      text run at (0,26892) width 35: "\x{E04}\x{E25}\x{E32}\x{E19}"
      text run at (0,26913) width 24: "\x{E08}\x{E32}\x{E01}"
      text run at (0,26934) width 21: "\x{E1E}\x{E37}\x{E49}\x{E19}"
      text run at (0,26955) width 23: "\x{E2B}\x{E49}\x{E2D}\x{E07}"
      text run at (0,26976) width 9: "\x{E17}\x{E35}\x{E48}"
      text run at (0,26997) width 24: "\x{E42}\x{E22}\x{E01}"
      text run at (0,27018) width 15: "\x{E44}\x{E1B}"
      text run at (0,27039) width 16: "\x{E21}\x{E32}"
      text run at (0,27060) width 20: "\x{E02}\x{E36}\x{E49}\x{E19}"
      text run at (0,27081) width 15: "\x{E44}\x{E1B}"
      text run at (0,27102) width 19: "\x{E1A}\x{E19}"
      text run at (0,27123) width 27: "\x{E40}\x{E15}\x{E35}\x{E22}\x{E07}"
      text run at (0,27144) width 24: "\x{E41}\x{E25}\x{E49}\x{E27}"
      text run at (0,27165) width 9: "\x{E01}\x{E47}"
      text run at (0,27186) width 28: "\x{E19}\x{E2D}\x{E19}"
      text run at (0,27207) width 15: "\x{E25}\x{E07}"
      text run at (0,27228) width 16: "\x{E42}\x{E15}"
      text run at (0,27249) width 16: "\x{E42}\x{E15}\x{E49}"
      text run at (0,27270) width 25: "\x{E15}\x{E32}\x{E21}"
      text run at (0,27291) width 18: "\x{E15}\x{E34}\x{E14}"
      text run at (0,27312) width 16: "\x{E21}\x{E32}"
      text run at (0,27333) width 28: "\x{E19}\x{E2D}\x{E19}"
      text run at (0,27354) width 15: "\x{E25}\x{E07}"
      text run at (0,27375) width 24: "\x{E43}\x{E01}\x{E25}\x{E49}"
      text run at (0,27396) width 7: "\x{E46}"
      text run at (0,27417) width 20: "\x{E40}\x{E18}\x{E2D}"
      text run at (0,27438) width 15: "\x{E44}\x{E21}\x{E48}"
      text run at (0,27459) width 17: "\x{E0A}\x{E49}\x{E32}"
      text run at (0,27480) width 16: "\x{E42}\x{E14}"
      text run at (0,27501) width 22: "\x{E42}\x{E23}\x{E18}\x{E35}"
      text run at (0,27522) width 9: "\x{E01}\x{E47}"
      text run at (0,27543) width 18: "\x{E1B}\x{E34}\x{E14}"
      text run at (0,27564) width 16: "\x{E15}\x{E32}"
      text run at (0,27585) width 15: "\x{E25}\x{E07}"
      text run at (0,27606) width 27: "\x{E2B}\x{E25}\x{E31}\x{E1A}"
      text run at (0,27627) width 35: "\x{E1C}\x{E25}\x{E47}\x{E2D}\x{E22}"
      text run at (0,27648) width 15: "\x{E44}\x{E1B}"
      text run at (0,27669) width 29: "\x{E2D}\x{E22}\x{E48}\x{E32}\x{E07}"
      text run at (0,27690) width 28: "\x{E2A}\x{E19}\x{E34}\x{E17}"
      text run at (0,27711) width 15: "\x{E17}\x{E31}\x{E49}\x{E07}"
      text run at (0,27732) width 7: "\x{E46}"
      text run at (0,27753) width 9: "\x{E17}\x{E35}\x{E48}"
      text run at (0,27774) width 26: "\x{E1A}\x{E49}\x{E32}\x{E19}"
      text run at (0,27795) width 24: "\x{E42}\x{E22}\x{E01}"
      text run at (0,27816) width 15: "\x{E44}\x{E1B}"
      text run at (0,27837) width 16: "\x{E21}\x{E32}"
      text run at (0,27858) width 22: "\x{E41}\x{E25}\x{E30}"
      text run at (0,27879) width 18: "\x{E25}\x{E21}"
      text run at (0,27900) width 9: "\x{E01}\x{E47}"
      text run at (0,27921) width 29: "\x{E04}\x{E23}\x{E32}\x{E07}"
      text run at (0,27942) width 25: "\x{E2B}\x{E27}\x{E35}\x{E14}"
      text run at (0,27963) width 24: "\x{E2B}\x{E27}\x{E37}\x{E2D}"
