layer at (0,0) size 800x600
  RenderView at (0,0) size 800x600
layer at (0,0) size 800x600
  RenderBlock {HTML} at (0,0) size 800x600
    RenderBody {BODY} at (8,8) size 784x576
      RenderBlock (anonymous) at (0,0) size 784x40
        RenderText {#text} at (0,0) size 52x19
          text run at (0,0) width 52: "Test for "
        RenderInline {A} at (0,0) size 68x19 [color=#0000EE]
          RenderText {#text} at (52,0) size 68x19
            text run at (52,0) width 68: "bug 25464"
        RenderText {#text} at (120,0) size 777x39
          text run at (120,0) width 657: ". Characters belonging to 'Common' script followed / preceeded by a space should be rendered correctly."
          text run at (0,20) width 575: "Two lines below have 4 Thai currency signs (U+0E3F) and all of them should be rendered."
      RenderBlock {P} at (0,56) size 784x44
        RenderText {#text} at (0,2) size 269x19
          text run at (0,2) width 269: "abc \x{E25}\x{E07}\x{E17}\x{E38}\x{E19}4000\x{E3F} \x{E23}\x{E31}\x{E1A}\x{E1B}\x{E23}\x{E30}\x{E01}\x{E31}\x{E19}\x{E23}\x{E32}\x{E22}\x{E44}\x{E14}\x{E49} 50000\x{E3F}/M"
        RenderBR {BR} at (269,2) size 0x19
        RenderText {#text} at (0,24) size 269x19
          text run at (0,24) width 269: "abc \x{E25}\x{E07}\x{E17}\x{E38}\x{E19}4000 \x{E3F}\x{E23}\x{E31}\x{E1A}\x{E1B}\x{E23}\x{E30}\x{E01}\x{E31}\x{E19}\x{E23}\x{E32}\x{E22}\x{E44}\x{E14}\x{E49} 50000\x{E3F}/M"
