EDITING DELEGATE: shouldBeginEditingInDOMRange:range from 0 of DIV > BODY > HTML > #document to 3 of DIV > BODY > HTML > #document
EDITING DELEGATE: webViewDidBeginEditing:WebViewDidBeginEditingNotification
EDITING DELEGATE: webViewDidChangeSelection:WebViewDidChangeSelectionNotification
EDITING DELEGATE: webViewDidChangeSelection:WebViewDidChangeSelectionNotification
EDITING DELEGATE: shouldChangeSelectedDOMRange:range from 2 of DIV > BODY > HTML > #document to 2 of DIV > BODY > HTML > #document toDOMRange:range from 11 of #text > DIV > BODY > HTML > #document to 11 of #text > DIV > BODY > HTML > #document affinity:NSSelectionAffinityDownstream stillSelecting:FALSE
EDITING DELEGATE: webViewDidChangeSelection:WebViewDidChangeSelectionNotification
EDITING DELEGATE: webViewDidChange:WebViewDidChangeNotification
layer at (0,0) size 800x600
  RenderView at (0,0) size 800x600
layer at (0,0) size 800x600
  RenderBlock {HTML} at (0,0) size 800x600
    RenderBody {BODY} at (8,8) size 784x584
      RenderBlock {P} at (0,0) size 784x40
        RenderText {#text} at (0,0) size 766x39
          text run at (0,0) width 766: "This is a test to make sure that a placeholder, even one without our special class on it, is removed only when it has been"
          text run at (0,20) width 411: "collapsed away or when it has been displaced by pasted content."
      RenderBlock {P} at (0,56) size 784x40
        RenderText {#text} at (0,0) size 778x39
          text run at (0,0) width 709: "Placeholders with our special class can, through bugs in deletion, be inserted into the document unnecessarily. "
          text run at (708,0) width 63: "Once that"
          text run at (0,20) width 778: "happens, we don't want to make matters worse by removing them if they are acting as line breaks instead of placeholders."
      RenderBlock {DIV} at (0,112) size 784x40
        RenderText {#text} at (0,0) size 30x19
          text run at (0,0) width 30: "First"
        RenderBR {BR} at (29,0) size 1x19
        RenderText {#text} at (0,20) size 188x19
          text run at (0,20) width 188: "paragraph.Second paragraph."
caret: position 11 of child 2 {#text} of child 4 {DIV} of body
