EDITING DELEGATE: webViewDidChangeSelection:WebViewDidChangeSelectionNotification
layer at (0,0) size 800x600
  RenderView at (0,0) size 800x600
layer at (0,0) size 800x600
  RenderBlock {HTML} at (0,0) size 800x600
    RenderBody {BODY} at (0,0) size 800x584
      RenderBlock {DIV} at (0,0) size 302x122 [border: (1px solid #000000)]
      RenderBlock (anonymous) at (0,122) size 800x103
        RenderImage {IMG} at (0,0) size 76x103
        RenderText {#text} at (0,0) size 0x0
      RenderBlock {UL} at (0,241) size 800x20
        RenderListItem {LI} at (40,0) size 760x20
          RenderListMarker at (-18,0) size 7x19: bullet
          RenderText {#text} at (0,0) size 416x19
            text run at (0,0) width 416: "Abe should appear twice, once inside the div and once outside it."
selection start: position 0 of child 3 {IMG} of body
selection end:   position 1 of child 3 {IMG} of body
