EDITING DELEGATE: shouldBeginEditingInDOMRange:range from 0 of DIV > BODY > HTML > #document to 3 of DIV > BODY > HTML > #document
EDITING DELEGATE: webViewDidBeginEditing:WebViewDidBeginEditingNotification
EDITING DELEGATE: webViewDidChangeSelection:WebViewDidChangeSelectionNotification
layer at (0,0) size 800x600
  RenderView at (0,0) size 800x600
layer at (0,0) size 800x600
  RenderBlock {HTML} at (0,0) size 800x600
    RenderBody {BODY} at (8,8) size 784x576
      RenderBlock {DIV} at (0,0) size 784x28 [border: (2px solid #FF0000)]
        RenderBlock {DIV} at (14,14) size 756x0
      RenderBlock {DIV} at (0,44) size 784x20
        RenderBlock {P} at (0,0) size 784x20
          RenderText {#text} at (0,0) size 141x19
            text run at (0,0) width 141: "FAIL - no objCPlugin"
caret: position 0 of child 1 {DIV} of body
