EDITING DELEGATE: shouldBeginEditingInDOMRange:range from 0 of DIV > BODY > HTML > #document to 3 of DIV > BODY > HTML > #document
EDITING DELEGATE: webViewDidBeginEditing:WebViewDidBeginEditingNotification
EDITING DELEGATE: webViewDidChangeSelection:WebViewDidChangeSelectionNotification
EDITING DELEGATE: webViewDidChangeSelection:WebViewDidChangeSelectionNotification
EDITING DELEGATE: webViewDidChangeSelection:WebViewDidChangeSelectionNotification
EDITING DELEGATE: webViewDidChangeSelection:WebViewDidChangeSelectionNotification
EDITING DELEGATE: webViewDidChangeSelection:WebViewDidChangeSelectionNotification
EDITING DELEGATE: webViewDidChangeSelection:WebViewDidChangeSelectionNotification
EDITING DELEGATE: webViewDidChangeSelection:WebViewDidChangeSelectionNotification
EDITING DELEGATE: webViewDidChangeSelection:WebViewDidChangeSelectionNotification
EDITING DELEGATE: webViewDidChangeSelection:WebViewDidChangeSelectionNotification
EDITING DELEGATE: webViewDidChangeSelection:WebViewDidChangeSelectionNotification
EDITING DELEGATE: shouldInsertNode:#document-fragment replacingDOMRange:range from 9 of #text > DIV > DIV > BODY > HTML > #document to 0 of DIV > DIV > DIV > BODY > HTML > #document givenAction:WebViewInsertActionPasted
EDITING DELEGATE: shouldChangeSelectedDOMRange:range from 9 of #text > DIV > DIV > BODY > HTML > #document to 0 of DIV > DIV > DIV > BODY > HTML > #document toDOMRange:range from 0 of DIV > DIV > DIV > BODY > HTML > #document to 0 of DIV > DIV > DIV > BODY > HTML > #document affinity:NSSelectionAffinityDownstream stillSelecting:FALSE
EDITING DELEGATE: webViewDidChangeSelection:WebViewDidChangeSelectionNotification
EDITING DELEGATE: webViewDidChange:WebViewDidChangeNotification
layer at (0,0) size 800x600
  RenderView at (0,0) size 800x600
layer at (0,0) size 800x600
  RenderBlock {HTML} at (0,0) size 800x600
    RenderBody {BODY} at (8,8) size 784x584
      RenderBlock {DIV} at (0,0) size 784x224 [border: (2px solid #0000FF)]
        RenderBlock {DIV} at (14,14) size 756x90
          RenderText {#text} at (0,1) size 60x28
            text run at (0,1) width 60: "Tests:"
          RenderBR {BR} at (59,1) size 1x28
          RenderText {#text} at (0,31) size 162x28
            text run at (0,31) width 162: "Fix for this bug: "
          RenderInline {A} at (161,31) size 256x28 [color=#0000EE]
            RenderText {#text} at (161,31) size 256x28
              text run at (161,31) width 256: "<rdar://problem/4045511>"
          RenderText {#text} at (0,31) size 699x58
            text run at (416,31) width 283: " Copying and pasting end-of-"
            text run at (0,61) width 528: "paragraph selection puts insertion point in wrong place"
        RenderBlock {DIV} at (14,120) size 756x90
          RenderText {#text} at (0,1) size 184x28
            text run at (0,1) width 184: "Expected Results:"
          RenderBR {BR} at (183,1) size 1x28
          RenderText {#text} at (0,31) size 750x58
            text run at (0,31) width 750: "Should see two lines of text below, self-documenting themselves as \"line one\""
            text run at (0,61) width 656: "and \"line two\". The insertion point must be at the start of \"line two\"."
      RenderBlock {DIV} at (0,248) size 784x64
        RenderBlock {DIV} at (0,0) size 784x64 [border: (2px solid #FF0000)]
          RenderBlock (anonymous) at (2,2) size 780x30
            RenderText {#text} at (0,1) size 77x28
              text run at (0,1) width 77: "line one"
          RenderBlock {DIV} at (2,32) size 780x30
            RenderText {#text} at (0,1) size 78x28
              text run at (0,1) width 78: "line two"
caret: position 0 of child 0 {#text} of child 1 {DIV} of child 1 {DIV} of child 3 {DIV} of body
