EDITING DELEGATE: shouldBeginEditingInDOMRange:range from 0 of DIV > BODY > HTML > #document to 3 of DIV > BODY > HTML > #document
EDITING DELEGATE: webViewDidBeginEditing:WebViewDidBeginEditingNotification
EDITING DELEGATE: webViewDidChangeSelection:WebViewDidChangeSelectionNotification
EDITING DELEGATE: webViewDidChangeSelection:WebViewDidChangeSelectionNotification
EDITING DELEGATE: webViewDidChangeSelection:WebViewDidChangeSelectionNotification
EDITING DELEGATE: webViewDidChangeSelection:WebViewDidChangeSelectionNotification
EDITING DELEGATE: webViewDidChangeSelection:WebViewDidChangeSelectionNotification
EDITING DELEGATE: webViewDidChangeSelection:WebViewDidChangeSelectionNotification
EDITING DELEGATE: webViewDidChangeSelection:WebViewDidChangeSelectionNotification
EDITING DELEGATE: webViewDidChangeSelection:WebViewDidChangeSelectionNotification
EDITING DELEGATE: webViewDidChangeSelection:WebViewDidChangeSelectionNotification
EDITING DELEGATE: webViewDidChangeSelection:WebViewDidChangeSelectionNotification
EDITING DELEGATE: webViewDidChangeSelection:WebViewDidChangeSelectionNotification
EDITING DELEGATE: shouldInsertNode:#document-fragment replacingDOMRange:range from 8 of #text > DIV > DIV > DIV > DIV > BODY > HTML > #document to 1 of #text > DIV > DIV > DIV > BODY > HTML > #document givenAction:WebViewInsertActionPasted
EDITING DELEGATE: webViewDidChangeSelection:WebViewDidChangeSelectionNotification
EDITING DELEGATE: shouldChangeSelectedDOMRange:range from 8 of #text > DIV > DIV > DIV > DIV > BODY > HTML > #document to 9 of #text > DIV > DIV > DIV > BODY > HTML > #document toDOMRange:range from 2 of #text > DIV > DIV > DIV > BODY > HTML > #document to 2 of #text > DIV > DIV > DIV > BODY > HTML > #document affinity:NSSelectionAffinityDownstream stillSelecting:FALSE
EDITING DELEGATE: webViewDidChangeSelection:WebViewDidChangeSelectionNotification
EDITING DELEGATE: webViewDidChange:WebViewDidChangeNotification
layer at (0,0) size 800x600
  RenderView at (0,0) size 800x600
layer at (0,0) size 800x600
  RenderBlock {HTML} at (0,0) size 800x600
    RenderBody {BODY} at (8,8) size 784x584
      RenderBlock {DIV} at (0,0) size 784x254 [border: (2px solid #0000FF)]
        RenderBlock {DIV} at (14,14) size 756x90
          RenderText {#text} at (0,1) size 60x28
            text run at (0,1) width 60: "Tests:"
          RenderBR {BR} at (59,1) size 1x28
          RenderText {#text} at (0,31) size 162x28
            text run at (0,31) width 162: "Fix for this bug: "
          RenderInline {A} at (161,31) size 257x28 [color=#0000EE]
            RenderText {#text} at (161,31) size 257x28
              text run at (161,31) width 257: "<rdar://problem/4045513>"
          RenderText {#text} at (0,31) size 714x58
            text run at (417,31) width 297: " Copying and pasting selection"
            text run at (0,61) width 593: "starting at end of paragraph can incorrectly remove line break"
        RenderBlock {DIV} at (14,120) size 756x120
          RenderText {#text} at (0,1) size 184x28
            text run at (0,1) width 184: "Expected Results:"
          RenderBR {BR} at (183,1) size 1x28
          RenderText {#text} at (0,31) size 750x88
            text run at (0,31) width 750: "Should see two lines of text below, self-documenting themselves as \"line one\""
            text run at (0,61) width 713: "and \"line two\". The insertion point must be after the first character (\"l\") of"
            text run at (0,91) width 104: "\"line two\"."
      RenderBlock {DIV} at (0,278) size 784x64
        RenderBlock {DIV} at (0,0) size 784x64 [border: (2px solid #FF0000)]
          RenderBlock {DIV} at (2,2) size 780x60
            RenderBlock {DIV} at (0,0) size 780x30
              RenderText {#text} at (0,1) size 77x28
                text run at (0,1) width 77: "line one"
            RenderBlock (anonymous) at (0,30) size 780x30
              RenderText {#text} at (0,1) size 84x28
                text run at (0,1) width 84: "l ine two"
caret: position 2 of child 1 {#text} of child 1 {DIV} of child 1 {DIV} of child 3 {DIV} of body
