layer at (0,0) size 800x600
  RenderView at (0,0) size 800x600
layer at (0,0) size 800x600
  RenderBlock {HTML} at (0,0) size 800x600
    RenderBody {BODY} at (8,8) size 784x584
      RenderBlock {P} at (0,0) size 784x20
        RenderText {#text} at (0,0) size 555x19
          text run at (0,0) width 555: "This test passes if nothing is double-quoted, and \"Two\" and \"Four\" aren't quoted at all."
      RenderBlock {DIV} at (0,36) size 784x100
        RenderBlock {BLOCKQUOTE} at (0,0) size 784x40 [color=#0000FF] [border: none (2px solid #0000FF)]
          RenderText {#text} at (22,0) size 34x19
            text run at (22,0) width 34: "Paste"
          RenderBR {BR} at (55,0) size 1x19
          RenderText {#text} at (22,20) size 58x19
            text run at (22,20) width 58: "HereOne"
        RenderBlock (anonymous) at (0,40) size 784x20
          RenderText {#text} at (0,0) size 29x19
            text run at (0,0) width 29: "Two"
        RenderBlock {BLOCKQUOTE} at (0,60) size 784x20 [color=#0000FF] [border: none (2px solid #0000FF)]
          RenderText {#text} at (22,0) size 38x19
            text run at (22,0) width 38: "Three"
        RenderBlock (anonymous) at (0,80) size 784x20
          RenderText {#text} at (0,0) size 31x19
            text run at (0,0) width 31: "Four"
caret: position 4 of child 3 {#text} of child 3 {DIV} of body
