EDITING DELEGATE: shouldBeginEditingInDOMRange:range from 0 of DIV > BODY > HTML > #document to 3 of DIV > BODY > HTML > #document
EDITING DELEGATE: webViewDidBeginEditing:WebViewDidBeginEditingNotification
EDITING DELEGATE: webViewDidChangeSelection:WebViewDidChangeSelectionNotification
EDITING DELEGATE: webViewDidChangeSelection:WebViewDidChangeSelectionNotification
EDITING DELEGATE: webViewDidChangeSelection:WebViewDidChangeSelectionNotification
EDITING DELEGATE: webViewDidChangeSelection:WebViewDidChangeSelectionNotification
EDITING DELEGATE: webViewDidChangeSelection:WebViewDidChangeSelectionNotification
EDITING DELEGATE: webViewDidChangeSelection:WebViewDidChangeSelectionNotification
EDITING DELEGATE: webViewDidChangeSelection:WebViewDidChangeSelectionNotification
EDITING DELEGATE: webViewDidChangeSelection:WebViewDidChangeSelectionNotification
EDITING DELEGATE: webViewDidChangeSelection:WebViewDidChangeSelectionNotification
EDITING DELEGATE: webViewDidChangeSelection:WebViewDidChangeSelectionNotification
EDITING DELEGATE: webViewDidChangeSelection:WebViewDidChangeSelectionNotification
EDITING DELEGATE: webViewDidChangeSelection:WebViewDidChangeSelectionNotification
EDITING DELEGATE: webViewDidChangeSelection:WebViewDidChangeSelectionNotification
EDITING DELEGATE: shouldInsertText:Bar replacingDOMRange:range from 4 of #text > SPAN > DIV > BODY > HTML > #document to 4 of #text > SPAN > DIV > BODY > HTML > #document givenAction:WebViewInsertActionPasted
EDITING DELEGATE: shouldChangeSelectedDOMRange:range from 4 of #text > SPAN > DIV > BODY > HTML > #document to 4 of #text > SPAN > DIV > BODY > HTML > #document toDOMRange:range from 4 of #text > DIV > BODY > HTML > #document to 4 of #text > DIV > BODY > HTML > #document affinity:NSSelectionAffinityDownstream stillSelecting:FALSE
EDITING DELEGATE: webViewDidChangeSelection:WebViewDidChangeSelectionNotification
EDITING DELEGATE: webViewDidChange:WebViewDidChangeNotification
layer at (0,0) size 800x600
  RenderView at (0,0) size 800x600
layer at (0,0) size 800x600
  RenderBlock {HTML} at (0,0) size 800x600
    RenderBody {BODY} at (8,8) size 784x584
      RenderBlock {DIV} at (0,0) size 784x297 [border: (2px solid #0000FF)]
        RenderBlock {DIV} at (14,14) size 756x90
          RenderText {#text} at (0,1) size 60x28
            text run at (0,1) width 60: "Tests:"
          RenderBR {BR} at (59,1) size 1x28
          RenderText {#text} at (0,31) size 162x28
            text run at (0,31) width 162: "Fix for this bug: "
          RenderInline {A} at (161,31) size 551x28 [color=#0000EE]
            RenderText {#text} at (161,31) size 551x28
              text run at (161,31) width 551: "<http://bugzilla.opendarwin.org/show_bug.cgi?id=3429>"
          RenderText {#text} at (0,61) size 721x28
            text run at (0,61) width 721: "Text transformed with text-transform does not copy with transform applied"
        RenderBlock {DIV} at (14,120) size 756x163
          RenderBlock (anonymous) at (0,0) size 756x60
            RenderText {#text} at (0,1) size 184x28
              text run at (0,1) width 184: "Expected Results:"
            RenderBR {BR} at (183,1) size 1x28
            RenderText {#text} at (0,31) size 201x28
              text run at (0,31) width 201: "Should see the string"
          RenderBlock {PRE} at (0,84) size 756x25
            RenderText {#text} at (0,0) size 217x25
              text run at (0,0) width 217: "Foo Bar baz Bar"
          RenderBlock (anonymous) at (0,133) size 756x30
            RenderText {#text} at (0,1) size 154x28
              text run at (0,1) width 154: "(case sensitive)."
      RenderBlock {DIV} at (0,321) size 784x34 [border: (2px solid #FF0000)]
        RenderInline {SPAN} at (2,3) size 118x28
          RenderInline {SPAN} at (2,3) size 78x28
            RenderText {#text} at (2,3) size 78x28
              text run at (2,3) width 78: "Foo Bar"
          RenderText {#text} at (80,3) size 40x28
            text run at (80,3) width 40: " baz"
        RenderText {#text} at (119,3) size 41x28
          text run at (119,3) width 7: " "
          text run at (125,3) width 35: "Bar"
caret: position 4 of child 2 {#text} of child 3 {DIV} of body
