EDITING DELEGATE: shouldBeginEditingInDOMRange:range from 0 of DIV > BODY > HTML > #document to 3 of DIV > BODY > HTML > #document
EDITING DELEGATE: webViewDidBeginEditing:WebViewDidBeginEditingNotification
EDITING DELEGATE: webViewDidChangeSelection:WebViewDidChangeSelectionNotification
EDITING DELEGATE: webViewDidChangeSelection:WebViewDidChangeSelectionNotification
EDITING DELEGATE: shouldDeleteDOMRange:range from 1 of #text > DIV > DIV > BODY > HTML > #document to 2 of #text > DIV > DIV > BODY > HTML > #document
EDITING DELEGATE: webViewDidChangeSelection:WebViewDidChangeSelectionNotification
EDITING DELEGATE: shouldChangeSelectedDOMRange:range from 0 of DIV > DIV > BODY > HTML > #document to 0 of DIV > DIV > BODY > HTML > #document toDOMRange:range from 0 of DIV > DIV > BODY > HTML > #document to 0 of DIV > DIV > BODY > HTML > #document affinity:NSSelectionAffinityDownstream stillSelecting:FALSE
EDITING DELEGATE: webViewDidChangeSelection:WebViewDidChangeSelectionNotification
EDITING DELEGATE: webViewDidChange:WebViewDidChangeNotification
EDITING DELEGATE: shouldChangeSelectedDOMRange:range from 1 of #text > B > DIV > DIV > BODY > HTML > #document to 1 of #text > B > DIV > DIV > BODY > HTML > #document toDOMRange:range from 1 of #text > B > DIV > DIV > BODY > HTML > #document to 1 of #text > B > DIV > DIV > BODY > HTML > #document affinity:NSSelectionAffinityDownstream stillSelecting:FALSE
EDITING DELEGATE: webViewDidChangeSelection:WebViewDidChangeSelectionNotification
EDITING DELEGATE: webViewDidChange:WebViewDidChangeNotification
EDITING DELEGATE: shouldInsertText:b replacingDOMRange:range from 1 of #text > B > DIV > DIV > BODY > HTML > #document to 1 of #text > B > DIV > DIV > BODY > HTML > #document givenAction:WebViewInsertActionPasted
EDITING DELEGATE: shouldChangeSelectedDOMRange:range from 0 of DIV > DIV > BODY > HTML > #document to 0 of DIV > DIV > BODY > HTML > #document toDOMRange:range from 3 of #text > B > DIV > DIV > BODY > HTML > #document to 3 of #text > B > DIV > DIV > BODY > HTML > #document affinity:NSSelectionAffinityDownstream stillSelecting:FALSE
EDITING DELEGATE: webViewDidChangeSelection:WebViewDidChangeSelectionNotification
EDITING DELEGATE: webViewDidChange:WebViewDidChangeNotification
layer at (0,0) size 800x600
  RenderView at (0,0) size 800x600
layer at (0,0) size 800x600
  RenderBlock {HTML} at (0,0) size 800x600
    RenderBody {BODY} at (8,8) size 784x584
      RenderBlock {DIV} at (0,0) size 784x224 [border: (2px solid #0000FF)]
        RenderBlock {DIV} at (14,14) size 756x60
          RenderText {#text} at (0,1) size 60x28
            text run at (0,1) width 60: "Tests:"
          RenderBR {BR} at (59,1) size 1x28
          RenderText {#text} at (0,31) size 264x28
            text run at (0,31) width 264: "Pasting and matching style."
        RenderBlock {DIV} at (14,90) size 756x120
          RenderText {#text} at (0,1) size 184x28
            text run at (0,1) width 184: "Expected Results:"
          RenderBR {BR} at (183,1) size 1x28
          RenderText {#text} at (0,31) size 738x58
            text run at (0,31) width 738: "The pasted letter should match the style of the preexisting bold letter. Should"
            text run at (0,61) width 358: "see this content in the red box below:"
          RenderBR {BR} at (357,61) size 1x28
          RenderInline {B} at (0,91) size 26x28
            RenderText {#text} at (0,91) size 26x28
              text run at (0,91) width 26: "ab"
          RenderText {#text} at (0,0) size 0x0
      RenderBlock {DIV} at (0,248) size 784x34
        RenderBlock {DIV} at (0,0) size 784x34 [border: (2px solid #FF0000)]
          RenderInline {B} at (2,3) size 32x28
            RenderText {#text} at (2,3) size 32x28
              text run at (2,3) width 12: "a"
              text run at (14,3) width 6: " "
              text run at (20,3) width 14: "b"
caret: position 3 of child 0 {#text} of child 0 {B} of child 1 {DIV} of child 3 {DIV} of body
