layer at (0,0) size 800x600
  RenderView at (0,0) size 800x600
layer at (0,0) size 800x600
  RenderBlock {HTML} at (0,0) size 800x600
    RenderBody {BODY} at (8,8) size 784x584
      RenderText {#text} at (165,0) size 4x17
        text run at (165,0) width 4: " "
      RenderText {#text} at (334,0) size 4x17
        text run at (334,0) width 4: " "
      RenderText {#text} at (503,0) size 4x17
        text run at (503,0) width 4: " "
      RenderText {#text} at (0,0) size 0x0
      RenderText {#text} at (165,140) size 4x17
        text run at (165,140) width 4: " "
      RenderText {#text} at (334,140) size 4x17
        text run at (334,140) width 4: " "
      RenderText {#text} at (503,140) size 4x17
        text run at (503,140) width 4: " "
      RenderText {#text} at (0,0) size 0x0
      RenderText {#text} at (165,280) size 4x17
        text run at (165,280) width 4: " "
      RenderText {#text} at (334,280) size 4x17
        text run at (334,280) width 4: " "
      RenderText {#text} at (503,280) size 4x17
        text run at (503,280) width 4: " "
      RenderText {#text} at (0,0) size 0x0
      RenderText {#text} at (165,420) size 4x17
        text run at (165,420) width 4: " "
      RenderText {#text} at (334,420) size 4x17
        text run at (334,420) width 4: " "
      RenderText {#text} at (0,0) size 0x0
layer at (28,28) size 125x100 clip at (29,29) size 110x85 scrollHeight 1728
  RenderBlock {DIV} at (20,20) size 125x100 [color=#DCDCDC] [bgcolor=#718D93] [border: (1px solid #D3D3D3)]
    RenderText {#text} at (11,11) size 90x672
      text run at (11,11) width 71: "Lorem ipsum"
      text run at (11,25) width 76: "dolor sit amet,"
      text run at (11,39) width 70: "consectetuer"
      text run at (11,53) width 78: "adipiscing elit."
      text run at (11,67) width 79: "Morbi et nisi ut"
      text run at (11,81) width 72: "est venenatis"
      text run at (11,95) width 86: "viverra. Aenean"
      text run at (11,109) width 54: "pede orci,"
      text run at (11,123) width 66: "blandit quis,"
      text run at (11,137) width 75: "faucibus quis,"
      text run at (11,151) width 78: "egestas ut, mi."
      text run at (11,165) width 72: "Pellentesque"
      text run at (11,179) width 64: "enim purus,"
      text run at (11,193) width 53: "venenatis"
      text run at (11,207) width 55: "dignissim,"
      text run at (11,221) width 59: "tincidunt a,"
      text run at (11,235) width 65: "ullamcorper"
      text run at (11,249) width 57: "eget, nibh."
      text run at (11,263) width 78: "Nullam ut sem"
      text run at (11,277) width 79: "adipiscing orci"
      text run at (11,291) width 46: "vehicula"
      text run at (11,305) width 83: "interdum. Proin"
      text run at (11,319) width 40: "a enim."
      text run at (11,333) width 54: "Phasellus"
      text run at (11,347) width 61: "sollicitudin,"
      text run at (11,361) width 67: "magna vitae"
      text run at (11,375) width 59: "vestibulum"
      text run at (11,389) width 75: "facilisis, tellus"
      text run at (11,403) width 65: "nunc iaculis"
      text run at (11,417) width 89: "arcu, in molestie"
      text run at (11,431) width 48: "sem velit"
      text run at (11,445) width 75: "tempus est. In"
      text run at (11,459) width 82: "eleifend velit at"
      text run at (11,473) width 82: "sem adipiscing"
      text run at (11,487) width 78: "sodales. Nunc"
      text run at (11,501) width 65: "sapien felis,"
      text run at (11,515) width 60: "aliquam et,"
      text run at (11,529) width 43: "volutpat"
      text run at (11,543) width 47: "rhoncus,"
      text run at (11,557) width 90: "condimentum ut,"
      text run at (11,571) width 72: "tortor. Integer"
      text run at (11,585) width 68: "est. Quisque"
      text run at (11,599) width 40: "viverra."
      text run at (11,613) width 72: "Praesent sed"
      text run at (11,627) width 87: "arcu. Maecenas"
      text run at (11,641) width 74: "id lorem a leo"
      text run at (11,655) width 40: "lobortis"
      text run at (11,669) width 77: "condimentum."
    RenderBR {BR} at (87,669) size 1x14
    RenderBR {BR} at (11,683) size 0x14
    RenderText {#text} at (11,697) size 90x588
      text run at (11,697) width 83: "Cras commodo"
      text run at (11,711) width 76: "rutrum augue."
      text run at (11,725) width 88: "Vivamus iaculis."
      text run at (11,739) width 61: "Nullam est."
      text run at (11,753) width 57: "Maecenas"
      text run at (11,767) width 85: "consequat. Sed"
      text run at (11,781) width 83: "id dui. Vivamus"
      text run at (11,795) width 71: "a nisl. Donec"
      text run at (11,809) width 84: "pretium sapien."
      text run at (11,823) width 88: "Proin et ligula et"
      text run at (11,837) width 77: "ligula placerat"
      text run at (11,851) width 47: "pulvinar."
      text run at (11,865) width 69: "Aliquam erat"
      text run at (11,879) width 78: "volutpat. Proin"
      text run at (11,893) width 32: "id est."
      text run at (11,907) width 71: "Suspendisse"
      text run at (11,921) width 80: "cursus, magna"
      text run at (11,935) width 62: "at hendrerit"
      text run at (11,949) width 60: "consequat,"
      text run at (11,963) width 56: "mauris est"
      text run at (11,977) width 51: "imperdiet"
      text run at (11,991) width 90: "neque, a ultrices"
      text run at (11,1005) width 76: "arcu urna non"
      text run at (11,1019) width 79: "nunc. Quisque"
      text run at (11,1033) width 64: "tellus. Nulla"
      text run at (11,1047) width 59: "nulla justo,"
      text run at (11,1061) width 72: "vehicula nec,"
      text run at (11,1075) width 71: "pellentesque"
      text run at (11,1089) width 71: "eu, iaculis et,"
      text run at (11,1103) width 85: "ligula. Praesent"
      text run at (11,1117) width 78: "mattis ante vel"
      text run at (11,1131) width 26: "sem."
      text run at (11,1145) width 71: "Suspendisse"
      text run at (11,1159) width 75: "porta rhoncus"
      text run at (11,1173) width 85: "urna. Phasellus"
      text run at (11,1187) width 77: "felis. Praesent"
      text run at (11,1201) width 88: "viverra convallis"
      text run at (11,1215) width 34: "libero."
      text run at (11,1229) width 81: "Maecenas non"
      text run at (11,1243) width 77: "augue. Donec"
      text run at (11,1257) width 84: "hendrerit lectus"
      text run at (11,1271) width 43: "id enim."
    RenderBR {BR} at (53,1271) size 1x14
    RenderBR {BR} at (11,1285) size 0x14
    RenderText {#text} at (11,1299) size 90x420
      text run at (11,1299) width 85: "Nulla ligula dui,"
      text run at (11,1313) width 63: "euismod et,"
      text run at (11,1327) width 72: "sodales quis,"
      text run at (11,1341) width 87: "sollicitudin quis,"
      text run at (11,1355) width 32: "elit. In"
      text run at (11,1369) width 75: "adipiscing est"
      text run at (11,1383) width 89: "sed enim. Fusce"
      text run at (11,1397) width 78: "at massa vitae"
      text run at (11,1411) width 77: "metus semper"
      text run at (11,1425) width 52: "hendrerit."
      text run at (11,1439) width 67: "Integer vitae"
      text run at (11,1453) width 87: "urna. Nulla eget"
      text run at (11,1467) width 67: "ligula. Etiam"
      text run at (11,1481) width 34: "libero."
      text run at (11,1495) width 79: "Maecenas nisi"
      text run at (11,1509) width 78: "nibh, convallis"
      text run at (11,1523) width 82: "a, feugiat vitae,"
      text run at (11,1537) width 79: "pulvinar et, mi."
      text run at (11,1551) width 78: "Curabitur arcu"
      text run at (11,1565) width 90: "pede, adipiscing"
      text run at (11,1579) width 69: "sed, egestas"
      text run at (11,1593) width 80: "nec, commodo"
      text run at (11,1607) width 67: "in, elit. Nulla"
      text run at (11,1621) width 69: "facilisi. Proin"
      text run at (11,1635) width 77: "varius pede et"
      text run at (11,1649) width 56: "dui lacinia"
      text run at (11,1663) width 81: "dapibus. Morbi"
      text run at (11,1677) width 61: "nec augue."
      text run at (11,1691) width 83: "Proin imperdiet"
      text run at (11,1705) width 81: "lacus eu tellus."
layer at (197,28) size 125x100 clip at (198,29) size 110x98 scrollHeight 1728
  RenderBlock {DIV} at (189,20) size 125x100 [color=#DCDCDC] [bgcolor=#718D93] [border: (1px solid #D3D3D3)]
    RenderText {#text} at (11,11) size 90x672
      text run at (11,11) width 71: "Lorem ipsum"
      text run at (11,25) width 76: "dolor sit amet,"
      text run at (11,39) width 70: "consectetuer"
      text run at (11,53) width 78: "adipiscing elit."
      text run at (11,67) width 79: "Morbi et nisi ut"
      text run at (11,81) width 72: "est venenatis"
      text run at (11,95) width 86: "viverra. Aenean"
      text run at (11,109) width 54: "pede orci,"
      text run at (11,123) width 66: "blandit quis,"
      text run at (11,137) width 75: "faucibus quis,"
      text run at (11,151) width 78: "egestas ut, mi."
      text run at (11,165) width 72: "Pellentesque"
      text run at (11,179) width 64: "enim purus,"
      text run at (11,193) width 53: "venenatis"
      text run at (11,207) width 55: "dignissim,"
      text run at (11,221) width 59: "tincidunt a,"
      text run at (11,235) width 65: "ullamcorper"
      text run at (11,249) width 57: "eget, nibh."
      text run at (11,263) width 78: "Nullam ut sem"
      text run at (11,277) width 79: "adipiscing orci"
      text run at (11,291) width 46: "vehicula"
      text run at (11,305) width 83: "interdum. Proin"
      text run at (11,319) width 40: "a enim."
      text run at (11,333) width 54: "Phasellus"
      text run at (11,347) width 61: "sollicitudin,"
      text run at (11,361) width 67: "magna vitae"
      text run at (11,375) width 59: "vestibulum"
      text run at (11,389) width 75: "facilisis, tellus"
      text run at (11,403) width 65: "nunc iaculis"
      text run at (11,417) width 89: "arcu, in molestie"
      text run at (11,431) width 48: "sem velit"
      text run at (11,445) width 75: "tempus est. In"
      text run at (11,459) width 82: "eleifend velit at"
      text run at (11,473) width 82: "sem adipiscing"
      text run at (11,487) width 78: "sodales. Nunc"
      text run at (11,501) width 65: "sapien felis,"
      text run at (11,515) width 60: "aliquam et,"
      text run at (11,529) width 43: "volutpat"
      text run at (11,543) width 47: "rhoncus,"
      text run at (11,557) width 90: "condimentum ut,"
      text run at (11,571) width 72: "tortor. Integer"
      text run at (11,585) width 68: "est. Quisque"
      text run at (11,599) width 40: "viverra."
      text run at (11,613) width 72: "Praesent sed"
      text run at (11,627) width 87: "arcu. Maecenas"
      text run at (11,641) width 74: "id lorem a leo"
      text run at (11,655) width 40: "lobortis"
      text run at (11,669) width 77: "condimentum."
    RenderBR {BR} at (87,669) size 1x14
    RenderBR {BR} at (11,683) size 0x14
    RenderText {#text} at (11,697) size 90x588
      text run at (11,697) width 83: "Cras commodo"
      text run at (11,711) width 76: "rutrum augue."
      text run at (11,725) width 88: "Vivamus iaculis."
      text run at (11,739) width 61: "Nullam est."
      text run at (11,753) width 57: "Maecenas"
      text run at (11,767) width 85: "consequat. Sed"
      text run at (11,781) width 83: "id dui. Vivamus"
      text run at (11,795) width 71: "a nisl. Donec"
      text run at (11,809) width 84: "pretium sapien."
      text run at (11,823) width 88: "Proin et ligula et"
      text run at (11,837) width 77: "ligula placerat"
      text run at (11,851) width 47: "pulvinar."
      text run at (11,865) width 69: "Aliquam erat"
      text run at (11,879) width 78: "volutpat. Proin"
      text run at (11,893) width 32: "id est."
      text run at (11,907) width 71: "Suspendisse"
      text run at (11,921) width 80: "cursus, magna"
      text run at (11,935) width 62: "at hendrerit"
      text run at (11,949) width 60: "consequat,"
      text run at (11,963) width 56: "mauris est"
      text run at (11,977) width 51: "imperdiet"
      text run at (11,991) width 90: "neque, a ultrices"
      text run at (11,1005) width 76: "arcu urna non"
      text run at (11,1019) width 79: "nunc. Quisque"
      text run at (11,1033) width 64: "tellus. Nulla"
      text run at (11,1047) width 59: "nulla justo,"
      text run at (11,1061) width 72: "vehicula nec,"
      text run at (11,1075) width 71: "pellentesque"
      text run at (11,1089) width 71: "eu, iaculis et,"
      text run at (11,1103) width 85: "ligula. Praesent"
      text run at (11,1117) width 78: "mattis ante vel"
      text run at (11,1131) width 26: "sem."
      text run at (11,1145) width 71: "Suspendisse"
      text run at (11,1159) width 75: "porta rhoncus"
      text run at (11,1173) width 85: "urna. Phasellus"
      text run at (11,1187) width 77: "felis. Praesent"
      text run at (11,1201) width 88: "viverra convallis"
      text run at (11,1215) width 34: "libero."
      text run at (11,1229) width 81: "Maecenas non"
      text run at (11,1243) width 77: "augue. Donec"
      text run at (11,1257) width 84: "hendrerit lectus"
      text run at (11,1271) width 43: "id enim."
    RenderBR {BR} at (53,1271) size 1x14
    RenderBR {BR} at (11,1285) size 0x14
    RenderText {#text} at (11,1299) size 90x420
      text run at (11,1299) width 85: "Nulla ligula dui,"
      text run at (11,1313) width 63: "euismod et,"
      text run at (11,1327) width 72: "sodales quis,"
      text run at (11,1341) width 87: "sollicitudin quis,"
      text run at (11,1355) width 32: "elit. In"
      text run at (11,1369) width 75: "adipiscing est"
      text run at (11,1383) width 89: "sed enim. Fusce"
      text run at (11,1397) width 78: "at massa vitae"
      text run at (11,1411) width 77: "metus semper"
      text run at (11,1425) width 52: "hendrerit."
      text run at (11,1439) width 67: "Integer vitae"
      text run at (11,1453) width 87: "urna. Nulla eget"
      text run at (11,1467) width 67: "ligula. Etiam"
      text run at (11,1481) width 34: "libero."
      text run at (11,1495) width 79: "Maecenas nisi"
      text run at (11,1509) width 78: "nibh, convallis"
      text run at (11,1523) width 82: "a, feugiat vitae,"
      text run at (11,1537) width 79: "pulvinar et, mi."
      text run at (11,1551) width 78: "Curabitur arcu"
      text run at (11,1565) width 90: "pede, adipiscing"
      text run at (11,1579) width 69: "sed, egestas"
      text run at (11,1593) width 80: "nec, commodo"
      text run at (11,1607) width 67: "in, elit. Nulla"
      text run at (11,1621) width 69: "facilisi. Proin"
      text run at (11,1635) width 77: "varius pede et"
      text run at (11,1649) width 56: "dui lacinia"
      text run at (11,1663) width 81: "dapibus. Morbi"
      text run at (11,1677) width 61: "nec augue."
      text run at (11,1691) width 83: "Proin imperdiet"
      text run at (11,1705) width 81: "lacus eu tellus."
layer at (366,28) size 125x100 clip at (367,29) size 110x85 scrollWidth 420 scrollHeight 370
  RenderBlock {DIV} at (358,20) size 125x100 [color=#DCDCDC] [bgcolor=#718D93] [border: (1px solid #D3D3D3)]
    RenderBlock {DIV} at (1,1) size 420x370
      RenderText {#text} at (10,10) size 397x126
        text run at (10,10) width 386: "Lorem ipsum dolor sit amet, consectetuer adipiscing elit. Morbi et nisi ut"
        text run at (10,24) width 365: "est venenatis viverra. Aenean pede orci, blandit quis, faucibus quis,"
        text run at (10,38) width 397: "egestas ut, mi. Pellentesque enim purus, venenatis dignissim, tincidunt a,"
        text run at (10,52) width 391: "ullamcorper eget, nibh. Nullam ut sem adipiscing orci vehicula interdum."
        text run at (10,66) width 371: "Proin a enim. Phasellus sollicitudin, magna vitae vestibulum facilisis,"
        text run at (10,80) width 390: "tellus nunc iaculis arcu, in molestie sem velit tempus est. In eleifend velit"
        text run at (10,94) width 353: "at sem adipiscing sodales. Nunc sapien felis, aliquam et, volutpat"
        text run at (10,108) width 381: "rhoncus, condimentum ut, tortor. Integer est. Quisque viverra. Praesent"
        text run at (10,122) width 310: "sed arcu. Maecenas id lorem a leo lobortis condimentum."
      RenderBR {BR} at (319,122) size 1x14
      RenderBR {BR} at (10,136) size 0x14
      RenderText {#text} at (10,150) size 395x112
        text run at (10,150) width 377: "Cras commodo rutrum augue. Vivamus iaculis. Nullam est. Maecenas"
        text run at (10,164) width 377: "consequat. Sed id dui. Vivamus a nisl. Donec pretium sapien. Proin et"
        text run at (10,178) width 361: "ligula et ligula placerat pulvinar. Aliquam erat volutpat. Proin id est."
        text run at (10,192) width 395: "Suspendisse cursus, magna at hendrerit consequat, mauris est imperdiet"
        text run at (10,206) width 380: "neque, a ultrices arcu urna non nunc. Quisque tellus. Nulla nulla justo,"
        text run at (10,220) width 389: "vehicula nec, pellentesque eu, iaculis et, ligula. Praesent mattis ante vel"
        text run at (10,234) width 386: "sem. Suspendisse porta rhoncus urna. Phasellus felis. Praesent viverra"
        text run at (10,248) width 382: "convallis libero. Maecenas non augue. Donec hendrerit lectus id enim."
      RenderBR {BR} at (391,248) size 1x14
      RenderBR {BR} at (10,262) size 0x14
      RenderText {#text} at (10,276) size 394x84
        text run at (10,276) width 351: "Nulla ligula dui, euismod et, sodales quis, sollicitudin quis, elit. In"
        text run at (10,290) width 383: "adipiscing est sed enim. Fusce at massa vitae metus semper hendrerit."
        text run at (10,304) width 376: "Integer vitae urna. Nulla eget ligula. Etiam libero. Maecenas nisi nibh,"
        text run at (10,318) width 389: "convallis a, feugiat vitae, pulvinar et, mi. Curabitur arcu pede, adipiscing"
        text run at (10,332) width 394: "sed, egestas nec, commodo in, elit. Nulla facilisi. Proin varius pede et dui"
        text run at (10,346) width 354: "lacinia dapibus. Morbi nec augue. Proin imperdiet lacus eu tellus."
layer at (535,28) size 125x100 clip at (536,29) size 110x85 scrollHeight 1728
  RenderBlock {DIV} at (527,20) size 125x100 [color=#DCDCDC] [bgcolor=#718D93] [border: (1px solid #D3D3D3)]
    RenderText {#text} at (11,11) size 90x672
      text run at (11,11) width 71: "Lorem ipsum"
      text run at (11,25) width 76: "dolor sit amet,"
      text run at (11,39) width 70: "consectetuer"
      text run at (11,53) width 78: "adipiscing elit."
      text run at (11,67) width 79: "Morbi et nisi ut"
      text run at (11,81) width 72: "est venenatis"
      text run at (11,95) width 86: "viverra. Aenean"
      text run at (11,109) width 54: "pede orci,"
      text run at (11,123) width 66: "blandit quis,"
      text run at (11,137) width 75: "faucibus quis,"
      text run at (11,151) width 78: "egestas ut, mi."
      text run at (11,165) width 72: "Pellentesque"
      text run at (11,179) width 64: "enim purus,"
      text run at (11,193) width 53: "venenatis"
      text run at (11,207) width 55: "dignissim,"
      text run at (11,221) width 59: "tincidunt a,"
      text run at (11,235) width 65: "ullamcorper"
      text run at (11,249) width 57: "eget, nibh."
      text run at (11,263) width 78: "Nullam ut sem"
      text run at (11,277) width 79: "adipiscing orci"
      text run at (11,291) width 46: "vehicula"
      text run at (11,305) width 83: "interdum. Proin"
      text run at (11,319) width 40: "a enim."
      text run at (11,333) width 54: "Phasellus"
      text run at (11,347) width 61: "sollicitudin,"
      text run at (11,361) width 67: "magna vitae"
      text run at (11,375) width 59: "vestibulum"
      text run at (11,389) width 75: "facilisis, tellus"
      text run at (11,403) width 65: "nunc iaculis"
      text run at (11,417) width 89: "arcu, in molestie"
      text run at (11,431) width 48: "sem velit"
      text run at (11,445) width 75: "tempus est. In"
      text run at (11,459) width 82: "eleifend velit at"
      text run at (11,473) width 82: "sem adipiscing"
      text run at (11,487) width 78: "sodales. Nunc"
      text run at (11,501) width 65: "sapien felis,"
      text run at (11,515) width 60: "aliquam et,"
      text run at (11,529) width 43: "volutpat"
      text run at (11,543) width 47: "rhoncus,"
      text run at (11,557) width 90: "condimentum ut,"
      text run at (11,571) width 72: "tortor. Integer"
      text run at (11,585) width 68: "est. Quisque"
      text run at (11,599) width 40: "viverra."
      text run at (11,613) width 72: "Praesent sed"
      text run at (11,627) width 87: "arcu. Maecenas"
      text run at (11,641) width 74: "id lorem a leo"
      text run at (11,655) width 40: "lobortis"
      text run at (11,669) width 77: "condimentum."
    RenderBR {BR} at (87,669) size 1x14
    RenderBR {BR} at (11,683) size 0x14
    RenderText {#text} at (11,697) size 90x588
      text run at (11,697) width 83: "Cras commodo"
      text run at (11,711) width 76: "rutrum augue."
      text run at (11,725) width 88: "Vivamus iaculis."
      text run at (11,739) width 61: "Nullam est."
      text run at (11,753) width 57: "Maecenas"
      text run at (11,767) width 85: "consequat. Sed"
      text run at (11,781) width 83: "id dui. Vivamus"
      text run at (11,795) width 71: "a nisl. Donec"
      text run at (11,809) width 84: "pretium sapien."
      text run at (11,823) width 88: "Proin et ligula et"
      text run at (11,837) width 77: "ligula placerat"
      text run at (11,851) width 47: "pulvinar."
      text run at (11,865) width 69: "Aliquam erat"
      text run at (11,879) width 78: "volutpat. Proin"
      text run at (11,893) width 32: "id est."
      text run at (11,907) width 71: "Suspendisse"
      text run at (11,921) width 80: "cursus, magna"
      text run at (11,935) width 62: "at hendrerit"
      text run at (11,949) width 60: "consequat,"
      text run at (11,963) width 56: "mauris est"
      text run at (11,977) width 51: "imperdiet"
      text run at (11,991) width 90: "neque, a ultrices"
      text run at (11,1005) width 76: "arcu urna non"
      text run at (11,1019) width 79: "nunc. Quisque"
      text run at (11,1033) width 64: "tellus. Nulla"
      text run at (11,1047) width 59: "nulla justo,"
      text run at (11,1061) width 72: "vehicula nec,"
      text run at (11,1075) width 71: "pellentesque"
      text run at (11,1089) width 71: "eu, iaculis et,"
      text run at (11,1103) width 85: "ligula. Praesent"
      text run at (11,1117) width 78: "mattis ante vel"
      text run at (11,1131) width 26: "sem."
      text run at (11,1145) width 71: "Suspendisse"
      text run at (11,1159) width 75: "porta rhoncus"
      text run at (11,1173) width 85: "urna. Phasellus"
      text run at (11,1187) width 77: "felis. Praesent"
      text run at (11,1201) width 88: "viverra convallis"
      text run at (11,1215) width 34: "libero."
      text run at (11,1229) width 81: "Maecenas non"
      text run at (11,1243) width 77: "augue. Donec"
      text run at (11,1257) width 84: "hendrerit lectus"
      text run at (11,1271) width 43: "id enim."
    RenderBR {BR} at (53,1271) size 1x14
    RenderBR {BR} at (11,1285) size 0x14
    RenderText {#text} at (11,1299) size 90x420
      text run at (11,1299) width 85: "Nulla ligula dui,"
      text run at (11,1313) width 63: "euismod et,"
      text run at (11,1327) width 72: "sodales quis,"
      text run at (11,1341) width 87: "sollicitudin quis,"
      text run at (11,1355) width 32: "elit. In"
      text run at (11,1369) width 75: "adipiscing est"
      text run at (11,1383) width 89: "sed enim. Fusce"
      text run at (11,1397) width 78: "at massa vitae"
      text run at (11,1411) width 77: "metus semper"
      text run at (11,1425) width 52: "hendrerit."
      text run at (11,1439) width 67: "Integer vitae"
      text run at (11,1453) width 87: "urna. Nulla eget"
      text run at (11,1467) width 67: "ligula. Etiam"
      text run at (11,1481) width 34: "libero."
      text run at (11,1495) width 79: "Maecenas nisi"
      text run at (11,1509) width 78: "nibh, convallis"
      text run at (11,1523) width 82: "a, feugiat vitae,"
      text run at (11,1537) width 79: "pulvinar et, mi."
      text run at (11,1551) width 78: "Curabitur arcu"
      text run at (11,1565) width 90: "pede, adipiscing"
      text run at (11,1579) width 69: "sed, egestas"
      text run at (11,1593) width 80: "nec, commodo"
      text run at (11,1607) width 67: "in, elit. Nulla"
      text run at (11,1621) width 69: "facilisi. Proin"
      text run at (11,1635) width 77: "varius pede et"
      text run at (11,1649) width 56: "dui lacinia"
      text run at (11,1663) width 81: "dapibus. Morbi"
      text run at (11,1677) width 61: "nec augue."
      text run at (11,1691) width 83: "Proin imperdiet"
      text run at (11,1705) width 81: "lacus eu tellus."
layer at (28,168) size 125x100 clip at (29,169) size 110x98 scrollHeight 1728
  RenderBlock {DIV} at (20,160) size 125x100 [color=#DCDCDC] [bgcolor=#718D93] [border: (1px solid #D3D3D3)]
    RenderText {#text} at (11,11) size 90x672
      text run at (11,11) width 71: "Lorem ipsum"
      text run at (11,25) width 76: "dolor sit amet,"
      text run at (11,39) width 70: "consectetuer"
      text run at (11,53) width 78: "adipiscing elit."
      text run at (11,67) width 79: "Morbi et nisi ut"
      text run at (11,81) width 72: "est venenatis"
      text run at (11,95) width 86: "viverra. Aenean"
      text run at (11,109) width 54: "pede orci,"
      text run at (11,123) width 66: "blandit quis,"
      text run at (11,137) width 75: "faucibus quis,"
      text run at (11,151) width 78: "egestas ut, mi."
      text run at (11,165) width 72: "Pellentesque"
      text run at (11,179) width 64: "enim purus,"
      text run at (11,193) width 53: "venenatis"
      text run at (11,207) width 55: "dignissim,"
      text run at (11,221) width 59: "tincidunt a,"
      text run at (11,235) width 65: "ullamcorper"
      text run at (11,249) width 57: "eget, nibh."
      text run at (11,263) width 78: "Nullam ut sem"
      text run at (11,277) width 79: "adipiscing orci"
      text run at (11,291) width 46: "vehicula"
      text run at (11,305) width 83: "interdum. Proin"
      text run at (11,319) width 40: "a enim."
      text run at (11,333) width 54: "Phasellus"
      text run at (11,347) width 61: "sollicitudin,"
      text run at (11,361) width 67: "magna vitae"
      text run at (11,375) width 59: "vestibulum"
      text run at (11,389) width 75: "facilisis, tellus"
      text run at (11,403) width 65: "nunc iaculis"
      text run at (11,417) width 89: "arcu, in molestie"
      text run at (11,431) width 48: "sem velit"
      text run at (11,445) width 75: "tempus est. In"
      text run at (11,459) width 82: "eleifend velit at"
      text run at (11,473) width 82: "sem adipiscing"
      text run at (11,487) width 78: "sodales. Nunc"
      text run at (11,501) width 65: "sapien felis,"
      text run at (11,515) width 60: "aliquam et,"
      text run at (11,529) width 43: "volutpat"
      text run at (11,543) width 47: "rhoncus,"
      text run at (11,557) width 90: "condimentum ut,"
      text run at (11,571) width 72: "tortor. Integer"
      text run at (11,585) width 68: "est. Quisque"
      text run at (11,599) width 40: "viverra."
      text run at (11,613) width 72: "Praesent sed"
      text run at (11,627) width 87: "arcu. Maecenas"
      text run at (11,641) width 74: "id lorem a leo"
      text run at (11,655) width 40: "lobortis"
      text run at (11,669) width 77: "condimentum."
    RenderBR {BR} at (87,669) size 1x14
    RenderBR {BR} at (11,683) size 0x14
    RenderText {#text} at (11,697) size 90x588
      text run at (11,697) width 83: "Cras commodo"
      text run at (11,711) width 76: "rutrum augue."
      text run at (11,725) width 88: "Vivamus iaculis."
      text run at (11,739) width 61: "Nullam est."
      text run at (11,753) width 57: "Maecenas"
      text run at (11,767) width 85: "consequat. Sed"
      text run at (11,781) width 83: "id dui. Vivamus"
      text run at (11,795) width 71: "a nisl. Donec"
      text run at (11,809) width 84: "pretium sapien."
      text run at (11,823) width 88: "Proin et ligula et"
      text run at (11,837) width 77: "ligula placerat"
      text run at (11,851) width 47: "pulvinar."
      text run at (11,865) width 69: "Aliquam erat"
      text run at (11,879) width 78: "volutpat. Proin"
      text run at (11,893) width 32: "id est."
      text run at (11,907) width 71: "Suspendisse"
      text run at (11,921) width 80: "cursus, magna"
      text run at (11,935) width 62: "at hendrerit"
      text run at (11,949) width 60: "consequat,"
      text run at (11,963) width 56: "mauris est"
      text run at (11,977) width 51: "imperdiet"
      text run at (11,991) width 90: "neque, a ultrices"
      text run at (11,1005) width 76: "arcu urna non"
      text run at (11,1019) width 79: "nunc. Quisque"
      text run at (11,1033) width 64: "tellus. Nulla"
      text run at (11,1047) width 59: "nulla justo,"
      text run at (11,1061) width 72: "vehicula nec,"
      text run at (11,1075) width 71: "pellentesque"
      text run at (11,1089) width 71: "eu, iaculis et,"
      text run at (11,1103) width 85: "ligula. Praesent"
      text run at (11,1117) width 78: "mattis ante vel"
      text run at (11,1131) width 26: "sem."
      text run at (11,1145) width 71: "Suspendisse"
      text run at (11,1159) width 75: "porta rhoncus"
      text run at (11,1173) width 85: "urna. Phasellus"
      text run at (11,1187) width 77: "felis. Praesent"
      text run at (11,1201) width 88: "viverra convallis"
      text run at (11,1215) width 34: "libero."
      text run at (11,1229) width 81: "Maecenas non"
      text run at (11,1243) width 77: "augue. Donec"
      text run at (11,1257) width 84: "hendrerit lectus"
      text run at (11,1271) width 43: "id enim."
    RenderBR {BR} at (53,1271) size 1x14
    RenderBR {BR} at (11,1285) size 0x14
    RenderText {#text} at (11,1299) size 90x420
      text run at (11,1299) width 85: "Nulla ligula dui,"
      text run at (11,1313) width 63: "euismod et,"
      text run at (11,1327) width 72: "sodales quis,"
      text run at (11,1341) width 87: "sollicitudin quis,"
      text run at (11,1355) width 32: "elit. In"
      text run at (11,1369) width 75: "adipiscing est"
      text run at (11,1383) width 89: "sed enim. Fusce"
      text run at (11,1397) width 78: "at massa vitae"
      text run at (11,1411) width 77: "metus semper"
      text run at (11,1425) width 52: "hendrerit."
      text run at (11,1439) width 67: "Integer vitae"
      text run at (11,1453) width 87: "urna. Nulla eget"
      text run at (11,1467) width 67: "ligula. Etiam"
      text run at (11,1481) width 34: "libero."
      text run at (11,1495) width 79: "Maecenas nisi"
      text run at (11,1509) width 78: "nibh, convallis"
      text run at (11,1523) width 82: "a, feugiat vitae,"
      text run at (11,1537) width 79: "pulvinar et, mi."
      text run at (11,1551) width 78: "Curabitur arcu"
      text run at (11,1565) width 90: "pede, adipiscing"
      text run at (11,1579) width 69: "sed, egestas"
      text run at (11,1593) width 80: "nec, commodo"
      text run at (11,1607) width 67: "in, elit. Nulla"
      text run at (11,1621) width 69: "facilisi. Proin"
      text run at (11,1635) width 77: "varius pede et"
      text run at (11,1649) width 56: "dui lacinia"
      text run at (11,1663) width 81: "dapibus. Morbi"
      text run at (11,1677) width 61: "nec augue."
      text run at (11,1691) width 83: "Proin imperdiet"
      text run at (11,1705) width 81: "lacus eu tellus."
layer at (197,168) size 125x100 clip at (198,169) size 110x85 scrollWidth 420 scrollHeight 370
  RenderBlock {DIV} at (189,160) size 125x100 [color=#DCDCDC] [bgcolor=#718D93] [border: (1px solid #D3D3D3)]
    RenderBlock {DIV} at (1,1) size 420x370
      RenderText {#text} at (10,10) size 397x126
        text run at (10,10) width 386: "Lorem ipsum dolor sit amet, consectetuer adipiscing elit. Morbi et nisi ut"
        text run at (10,24) width 365: "est venenatis viverra. Aenean pede orci, blandit quis, faucibus quis,"
        text run at (10,38) width 397: "egestas ut, mi. Pellentesque enim purus, venenatis dignissim, tincidunt a,"
        text run at (10,52) width 391: "ullamcorper eget, nibh. Nullam ut sem adipiscing orci vehicula interdum."
        text run at (10,66) width 371: "Proin a enim. Phasellus sollicitudin, magna vitae vestibulum facilisis,"
        text run at (10,80) width 390: "tellus nunc iaculis arcu, in molestie sem velit tempus est. In eleifend velit"
        text run at (10,94) width 353: "at sem adipiscing sodales. Nunc sapien felis, aliquam et, volutpat"
        text run at (10,108) width 381: "rhoncus, condimentum ut, tortor. Integer est. Quisque viverra. Praesent"
        text run at (10,122) width 310: "sed arcu. Maecenas id lorem a leo lobortis condimentum."
      RenderBR {BR} at (319,122) size 1x14
      RenderBR {BR} at (10,136) size 0x14
      RenderText {#text} at (10,150) size 395x112
        text run at (10,150) width 377: "Cras commodo rutrum augue. Vivamus iaculis. Nullam est. Maecenas"
        text run at (10,164) width 377: "consequat. Sed id dui. Vivamus a nisl. Donec pretium sapien. Proin et"
        text run at (10,178) width 361: "ligula et ligula placerat pulvinar. Aliquam erat volutpat. Proin id est."
        text run at (10,192) width 395: "Suspendisse cursus, magna at hendrerit consequat, mauris est imperdiet"
        text run at (10,206) width 380: "neque, a ultrices arcu urna non nunc. Quisque tellus. Nulla nulla justo,"
        text run at (10,220) width 389: "vehicula nec, pellentesque eu, iaculis et, ligula. Praesent mattis ante vel"
        text run at (10,234) width 386: "sem. Suspendisse porta rhoncus urna. Phasellus felis. Praesent viverra"
        text run at (10,248) width 382: "convallis libero. Maecenas non augue. Donec hendrerit lectus id enim."
      RenderBR {BR} at (391,248) size 1x14
      RenderBR {BR} at (10,262) size 0x14
      RenderText {#text} at (10,276) size 394x84
        text run at (10,276) width 351: "Nulla ligula dui, euismod et, sodales quis, sollicitudin quis, elit. In"
        text run at (10,290) width 383: "adipiscing est sed enim. Fusce at massa vitae metus semper hendrerit."
        text run at (10,304) width 376: "Integer vitae urna. Nulla eget ligula. Etiam libero. Maecenas nisi nibh,"
        text run at (10,318) width 389: "convallis a, feugiat vitae, pulvinar et, mi. Curabitur arcu pede, adipiscing"
        text run at (10,332) width 394: "sed, egestas nec, commodo in, elit. Nulla facilisi. Proin varius pede et dui"
        text run at (10,346) width 354: "lacinia dapibus. Morbi nec augue. Proin imperdiet lacus eu tellus."
layer at (366,168) size 125x100 clip at (367,169) size 110x98 scrollHeight 1728
  RenderBlock {DIV} at (358,160) size 125x100 [color=#DCDCDC] [bgcolor=#718D93] [border: (1px solid #D3D3D3)]
    RenderText {#text} at (11,11) size 90x672
      text run at (11,11) width 71: "Lorem ipsum"
      text run at (11,25) width 76: "dolor sit amet,"
      text run at (11,39) width 70: "consectetuer"
      text run at (11,53) width 78: "adipiscing elit."
      text run at (11,67) width 79: "Morbi et nisi ut"
      text run at (11,81) width 72: "est venenatis"
      text run at (11,95) width 86: "viverra. Aenean"
      text run at (11,109) width 54: "pede orci,"
      text run at (11,123) width 66: "blandit quis,"
      text run at (11,137) width 75: "faucibus quis,"
      text run at (11,151) width 78: "egestas ut, mi."
      text run at (11,165) width 72: "Pellentesque"
      text run at (11,179) width 64: "enim purus,"
      text run at (11,193) width 53: "venenatis"
      text run at (11,207) width 55: "dignissim,"
      text run at (11,221) width 59: "tincidunt a,"
      text run at (11,235) width 65: "ullamcorper"
      text run at (11,249) width 57: "eget, nibh."
      text run at (11,263) width 78: "Nullam ut sem"
      text run at (11,277) width 79: "adipiscing orci"
      text run at (11,291) width 46: "vehicula"
      text run at (11,305) width 83: "interdum. Proin"
      text run at (11,319) width 40: "a enim."
      text run at (11,333) width 54: "Phasellus"
      text run at (11,347) width 61: "sollicitudin,"
      text run at (11,361) width 67: "magna vitae"
      text run at (11,375) width 59: "vestibulum"
      text run at (11,389) width 75: "facilisis, tellus"
      text run at (11,403) width 65: "nunc iaculis"
      text run at (11,417) width 89: "arcu, in molestie"
      text run at (11,431) width 48: "sem velit"
      text run at (11,445) width 75: "tempus est. In"
      text run at (11,459) width 82: "eleifend velit at"
      text run at (11,473) width 82: "sem adipiscing"
      text run at (11,487) width 78: "sodales. Nunc"
      text run at (11,501) width 65: "sapien felis,"
      text run at (11,515) width 60: "aliquam et,"
      text run at (11,529) width 43: "volutpat"
      text run at (11,543) width 47: "rhoncus,"
      text run at (11,557) width 90: "condimentum ut,"
      text run at (11,571) width 72: "tortor. Integer"
      text run at (11,585) width 68: "est. Quisque"
      text run at (11,599) width 40: "viverra."
      text run at (11,613) width 72: "Praesent sed"
      text run at (11,627) width 87: "arcu. Maecenas"
      text run at (11,641) width 74: "id lorem a leo"
      text run at (11,655) width 40: "lobortis"
      text run at (11,669) width 77: "condimentum."
    RenderBR {BR} at (87,669) size 1x14
    RenderBR {BR} at (11,683) size 0x14
    RenderText {#text} at (11,697) size 90x588
      text run at (11,697) width 83: "Cras commodo"
      text run at (11,711) width 76: "rutrum augue."
      text run at (11,725) width 88: "Vivamus iaculis."
      text run at (11,739) width 61: "Nullam est."
      text run at (11,753) width 57: "Maecenas"
      text run at (11,767) width 85: "consequat. Sed"
      text run at (11,781) width 83: "id dui. Vivamus"
      text run at (11,795) width 71: "a nisl. Donec"
      text run at (11,809) width 84: "pretium sapien."
      text run at (11,823) width 88: "Proin et ligula et"
      text run at (11,837) width 77: "ligula placerat"
      text run at (11,851) width 47: "pulvinar."
      text run at (11,865) width 69: "Aliquam erat"
      text run at (11,879) width 78: "volutpat. Proin"
      text run at (11,893) width 32: "id est."
      text run at (11,907) width 71: "Suspendisse"
      text run at (11,921) width 80: "cursus, magna"
      text run at (11,935) width 62: "at hendrerit"
      text run at (11,949) width 60: "consequat,"
      text run at (11,963) width 56: "mauris est"
      text run at (11,977) width 51: "imperdiet"
      text run at (11,991) width 90: "neque, a ultrices"
      text run at (11,1005) width 76: "arcu urna non"
      text run at (11,1019) width 79: "nunc. Quisque"
      text run at (11,1033) width 64: "tellus. Nulla"
      text run at (11,1047) width 59: "nulla justo,"
      text run at (11,1061) width 72: "vehicula nec,"
      text run at (11,1075) width 71: "pellentesque"
      text run at (11,1089) width 71: "eu, iaculis et,"
      text run at (11,1103) width 85: "ligula. Praesent"
      text run at (11,1117) width 78: "mattis ante vel"
      text run at (11,1131) width 26: "sem."
      text run at (11,1145) width 71: "Suspendisse"
      text run at (11,1159) width 75: "porta rhoncus"
      text run at (11,1173) width 85: "urna. Phasellus"
      text run at (11,1187) width 77: "felis. Praesent"
      text run at (11,1201) width 88: "viverra convallis"
      text run at (11,1215) width 34: "libero."
      text run at (11,1229) width 81: "Maecenas non"
      text run at (11,1243) width 77: "augue. Donec"
      text run at (11,1257) width 84: "hendrerit lectus"
      text run at (11,1271) width 43: "id enim."
    RenderBR {BR} at (53,1271) size 1x14
    RenderBR {BR} at (11,1285) size 0x14
    RenderText {#text} at (11,1299) size 90x420
      text run at (11,1299) width 85: "Nulla ligula dui,"
      text run at (11,1313) width 63: "euismod et,"
      text run at (11,1327) width 72: "sodales quis,"
      text run at (11,1341) width 87: "sollicitudin quis,"
      text run at (11,1355) width 32: "elit. In"
      text run at (11,1369) width 75: "adipiscing est"
      text run at (11,1383) width 89: "sed enim. Fusce"
      text run at (11,1397) width 78: "at massa vitae"
      text run at (11,1411) width 77: "metus semper"
      text run at (11,1425) width 52: "hendrerit."
      text run at (11,1439) width 67: "Integer vitae"
      text run at (11,1453) width 87: "urna. Nulla eget"
      text run at (11,1467) width 67: "ligula. Etiam"
      text run at (11,1481) width 34: "libero."
      text run at (11,1495) width 79: "Maecenas nisi"
      text run at (11,1509) width 78: "nibh, convallis"
      text run at (11,1523) width 82: "a, feugiat vitae,"
      text run at (11,1537) width 79: "pulvinar et, mi."
      text run at (11,1551) width 78: "Curabitur arcu"
      text run at (11,1565) width 90: "pede, adipiscing"
      text run at (11,1579) width 69: "sed, egestas"
      text run at (11,1593) width 80: "nec, commodo"
      text run at (11,1607) width 67: "in, elit. Nulla"
      text run at (11,1621) width 69: "facilisi. Proin"
      text run at (11,1635) width 77: "varius pede et"
      text run at (11,1649) width 56: "dui lacinia"
      text run at (11,1663) width 81: "dapibus. Morbi"
      text run at (11,1677) width 61: "nec augue."
      text run at (11,1691) width 83: "Proin imperdiet"
      text run at (11,1705) width 81: "lacus eu tellus."
layer at (535,168) size 125x100 clip at (536,169) size 123x85 scrollWidth 420 scrollHeight 146
  RenderBlock {DIV} at (527,160) size 125x100 [color=#DCDCDC] [bgcolor=#718D93] [border: (1px solid #D3D3D3)]
    RenderBlock {DIV} at (1,1) size 420x146
      RenderText {#text} at (10,10) size 397x126
        text run at (10,10) width 386: "Lorem ipsum dolor sit amet, consectetuer adipiscing elit. Morbi et nisi ut"
        text run at (10,24) width 365: "est venenatis viverra. Aenean pede orci, blandit quis, faucibus quis,"
        text run at (10,38) width 397: "egestas ut, mi. Pellentesque enim purus, venenatis dignissim, tincidunt a,"
        text run at (10,52) width 391: "ullamcorper eget, nibh. Nullam ut sem adipiscing orci vehicula interdum."
        text run at (10,66) width 371: "Proin a enim. Phasellus sollicitudin, magna vitae vestibulum facilisis,"
        text run at (10,80) width 390: "tellus nunc iaculis arcu, in molestie sem velit tempus est. In eleifend velit"
        text run at (10,94) width 353: "at sem adipiscing sodales. Nunc sapien felis, aliquam et, volutpat"
        text run at (10,108) width 381: "rhoncus, condimentum ut, tortor. Integer est. Quisque viverra. Praesent"
        text run at (10,122) width 310: "sed arcu. Maecenas id lorem a leo lobortis condimentum."
layer at (28,308) size 125x100 clip at (29,309) size 110x98 scrollHeight 1728
  RenderBlock {DIV} at (20,300) size 125x100 [color=#DCDCDC] [bgcolor=#718D93] [border: (1px solid #D3D3D3)]
    RenderText {#text} at (11,11) size 90x672
      text run at (11,11) width 71: "Lorem ipsum"
      text run at (11,25) width 76: "dolor sit amet,"
      text run at (11,39) width 70: "consectetuer"
      text run at (11,53) width 78: "adipiscing elit."
      text run at (11,67) width 79: "Morbi et nisi ut"
      text run at (11,81) width 72: "est venenatis"
      text run at (11,95) width 86: "viverra. Aenean"
      text run at (11,109) width 54: "pede orci,"
      text run at (11,123) width 66: "blandit quis,"
      text run at (11,137) width 75: "faucibus quis,"
      text run at (11,151) width 78: "egestas ut, mi."
      text run at (11,165) width 72: "Pellentesque"
      text run at (11,179) width 64: "enim purus,"
      text run at (11,193) width 53: "venenatis"
      text run at (11,207) width 55: "dignissim,"
      text run at (11,221) width 59: "tincidunt a,"
      text run at (11,235) width 65: "ullamcorper"
      text run at (11,249) width 57: "eget, nibh."
      text run at (11,263) width 78: "Nullam ut sem"
      text run at (11,277) width 79: "adipiscing orci"
      text run at (11,291) width 46: "vehicula"
      text run at (11,305) width 83: "interdum. Proin"
      text run at (11,319) width 40: "a enim."
      text run at (11,333) width 54: "Phasellus"
      text run at (11,347) width 61: "sollicitudin,"
      text run at (11,361) width 67: "magna vitae"
      text run at (11,375) width 59: "vestibulum"
      text run at (11,389) width 75: "facilisis, tellus"
      text run at (11,403) width 65: "nunc iaculis"
      text run at (11,417) width 89: "arcu, in molestie"
      text run at (11,431) width 48: "sem velit"
      text run at (11,445) width 75: "tempus est. In"
      text run at (11,459) width 82: "eleifend velit at"
      text run at (11,473) width 82: "sem adipiscing"
      text run at (11,487) width 78: "sodales. Nunc"
      text run at (11,501) width 65: "sapien felis,"
      text run at (11,515) width 60: "aliquam et,"
      text run at (11,529) width 43: "volutpat"
      text run at (11,543) width 47: "rhoncus,"
      text run at (11,557) width 90: "condimentum ut,"
      text run at (11,571) width 72: "tortor. Integer"
      text run at (11,585) width 68: "est. Quisque"
      text run at (11,599) width 40: "viverra."
      text run at (11,613) width 72: "Praesent sed"
      text run at (11,627) width 87: "arcu. Maecenas"
      text run at (11,641) width 74: "id lorem a leo"
      text run at (11,655) width 40: "lobortis"
      text run at (11,669) width 77: "condimentum."
    RenderBR {BR} at (87,669) size 1x14
    RenderBR {BR} at (11,683) size 0x14
    RenderText {#text} at (11,697) size 90x588
      text run at (11,697) width 83: "Cras commodo"
      text run at (11,711) width 76: "rutrum augue."
      text run at (11,725) width 88: "Vivamus iaculis."
      text run at (11,739) width 61: "Nullam est."
      text run at (11,753) width 57: "Maecenas"
      text run at (11,767) width 85: "consequat. Sed"
      text run at (11,781) width 83: "id dui. Vivamus"
      text run at (11,795) width 71: "a nisl. Donec"
      text run at (11,809) width 84: "pretium sapien."
      text run at (11,823) width 88: "Proin et ligula et"
      text run at (11,837) width 77: "ligula placerat"
      text run at (11,851) width 47: "pulvinar."
      text run at (11,865) width 69: "Aliquam erat"
      text run at (11,879) width 78: "volutpat. Proin"
      text run at (11,893) width 32: "id est."
      text run at (11,907) width 71: "Suspendisse"
      text run at (11,921) width 80: "cursus, magna"
      text run at (11,935) width 62: "at hendrerit"
      text run at (11,949) width 60: "consequat,"
      text run at (11,963) width 56: "mauris est"
      text run at (11,977) width 51: "imperdiet"
      text run at (11,991) width 90: "neque, a ultrices"
      text run at (11,1005) width 76: "arcu urna non"
      text run at (11,1019) width 79: "nunc. Quisque"
      text run at (11,1033) width 64: "tellus. Nulla"
      text run at (11,1047) width 59: "nulla justo,"
      text run at (11,1061) width 72: "vehicula nec,"
      text run at (11,1075) width 71: "pellentesque"
      text run at (11,1089) width 71: "eu, iaculis et,"
      text run at (11,1103) width 85: "ligula. Praesent"
      text run at (11,1117) width 78: "mattis ante vel"
      text run at (11,1131) width 26: "sem."
      text run at (11,1145) width 71: "Suspendisse"
      text run at (11,1159) width 75: "porta rhoncus"
      text run at (11,1173) width 85: "urna. Phasellus"
      text run at (11,1187) width 77: "felis. Praesent"
      text run at (11,1201) width 88: "viverra convallis"
      text run at (11,1215) width 34: "libero."
      text run at (11,1229) width 81: "Maecenas non"
      text run at (11,1243) width 77: "augue. Donec"
      text run at (11,1257) width 84: "hendrerit lectus"
      text run at (11,1271) width 43: "id enim."
    RenderBR {BR} at (53,1271) size 1x14
    RenderBR {BR} at (11,1285) size 0x14
    RenderText {#text} at (11,1299) size 90x420
      text run at (11,1299) width 85: "Nulla ligula dui,"
      text run at (11,1313) width 63: "euismod et,"
      text run at (11,1327) width 72: "sodales quis,"
      text run at (11,1341) width 87: "sollicitudin quis,"
      text run at (11,1355) width 32: "elit. In"
      text run at (11,1369) width 75: "adipiscing est"
      text run at (11,1383) width 89: "sed enim. Fusce"
      text run at (11,1397) width 78: "at massa vitae"
      text run at (11,1411) width 77: "metus semper"
      text run at (11,1425) width 52: "hendrerit."
      text run at (11,1439) width 67: "Integer vitae"
      text run at (11,1453) width 87: "urna. Nulla eget"
      text run at (11,1467) width 67: "ligula. Etiam"
      text run at (11,1481) width 34: "libero."
      text run at (11,1495) width 79: "Maecenas nisi"
      text run at (11,1509) width 78: "nibh, convallis"
      text run at (11,1523) width 82: "a, feugiat vitae,"
      text run at (11,1537) width 79: "pulvinar et, mi."
      text run at (11,1551) width 78: "Curabitur arcu"
      text run at (11,1565) width 90: "pede, adipiscing"
      text run at (11,1579) width 69: "sed, egestas"
      text run at (11,1593) width 80: "nec, commodo"
      text run at (11,1607) width 67: "in, elit. Nulla"
      text run at (11,1621) width 69: "facilisi. Proin"
      text run at (11,1635) width 77: "varius pede et"
      text run at (11,1649) width 56: "dui lacinia"
      text run at (11,1663) width 81: "dapibus. Morbi"
      text run at (11,1677) width 61: "nec augue."
      text run at (11,1691) width 83: "Proin imperdiet"
      text run at (11,1705) width 81: "lacus eu tellus."
layer at (197,308) size 125x100 clip at (198,309) size 123x85 scrollWidth 420 scrollHeight 146
  RenderBlock {DIV} at (189,300) size 125x100 [color=#DCDCDC] [bgcolor=#718D93] [border: (1px solid #D3D3D3)]
    RenderBlock {DIV} at (1,1) size 420x146
      RenderText {#text} at (10,10) size 397x126
        text run at (10,10) width 386: "Lorem ipsum dolor sit amet, consectetuer adipiscing elit. Morbi et nisi ut"
        text run at (10,24) width 365: "est venenatis viverra. Aenean pede orci, blandit quis, faucibus quis,"
        text run at (10,38) width 397: "egestas ut, mi. Pellentesque enim purus, venenatis dignissim, tincidunt a,"
        text run at (10,52) width 391: "ullamcorper eget, nibh. Nullam ut sem adipiscing orci vehicula interdum."
        text run at (10,66) width 371: "Proin a enim. Phasellus sollicitudin, magna vitae vestibulum facilisis,"
        text run at (10,80) width 390: "tellus nunc iaculis arcu, in molestie sem velit tempus est. In eleifend velit"
        text run at (10,94) width 353: "at sem adipiscing sodales. Nunc sapien felis, aliquam et, volutpat"
        text run at (10,108) width 381: "rhoncus, condimentum ut, tortor. Integer est. Quisque viverra. Praesent"
        text run at (10,122) width 310: "sed arcu. Maecenas id lorem a leo lobortis condimentum."
layer at (366,308) size 125x100 clip at (367,309) size 110x85 scrollWidth 420 scrollHeight 370
  RenderBlock {DIV} at (358,300) size 125x100 [color=#DCDCDC] [bgcolor=#718D93] [border: (1px solid #D3D3D3)]
    RenderBlock {DIV} at (1,1) size 420x370
      RenderText {#text} at (10,10) size 397x126
        text run at (10,10) width 386: "Lorem ipsum dolor sit amet, consectetuer adipiscing elit. Morbi et nisi ut"
        text run at (10,24) width 365: "est venenatis viverra. Aenean pede orci, blandit quis, faucibus quis,"
        text run at (10,38) width 397: "egestas ut, mi. Pellentesque enim purus, venenatis dignissim, tincidunt a,"
        text run at (10,52) width 391: "ullamcorper eget, nibh. Nullam ut sem adipiscing orci vehicula interdum."
        text run at (10,66) width 371: "Proin a enim. Phasellus sollicitudin, magna vitae vestibulum facilisis,"
        text run at (10,80) width 390: "tellus nunc iaculis arcu, in molestie sem velit tempus est. In eleifend velit"
        text run at (10,94) width 353: "at sem adipiscing sodales. Nunc sapien felis, aliquam et, volutpat"
        text run at (10,108) width 381: "rhoncus, condimentum ut, tortor. Integer est. Quisque viverra. Praesent"
        text run at (10,122) width 310: "sed arcu. Maecenas id lorem a leo lobortis condimentum."
      RenderBR {BR} at (319,122) size 1x14
      RenderBR {BR} at (10,136) size 0x14
      RenderText {#text} at (10,150) size 395x112
        text run at (10,150) width 377: "Cras commodo rutrum augue. Vivamus iaculis. Nullam est. Maecenas"
        text run at (10,164) width 377: "consequat. Sed id dui. Vivamus a nisl. Donec pretium sapien. Proin et"
        text run at (10,178) width 361: "ligula et ligula placerat pulvinar. Aliquam erat volutpat. Proin id est."
        text run at (10,192) width 395: "Suspendisse cursus, magna at hendrerit consequat, mauris est imperdiet"
        text run at (10,206) width 380: "neque, a ultrices arcu urna non nunc. Quisque tellus. Nulla nulla justo,"
        text run at (10,220) width 389: "vehicula nec, pellentesque eu, iaculis et, ligula. Praesent mattis ante vel"
        text run at (10,234) width 386: "sem. Suspendisse porta rhoncus urna. Phasellus felis. Praesent viverra"
        text run at (10,248) width 382: "convallis libero. Maecenas non augue. Donec hendrerit lectus id enim."
      RenderBR {BR} at (391,248) size 1x14
      RenderBR {BR} at (10,262) size 0x14
      RenderText {#text} at (10,276) size 394x84
        text run at (10,276) width 351: "Nulla ligula dui, euismod et, sodales quis, sollicitudin quis, elit. In"
        text run at (10,290) width 383: "adipiscing est sed enim. Fusce at massa vitae metus semper hendrerit."
        text run at (10,304) width 376: "Integer vitae urna. Nulla eget ligula. Etiam libero. Maecenas nisi nibh,"
        text run at (10,318) width 389: "convallis a, feugiat vitae, pulvinar et, mi. Curabitur arcu pede, adipiscing"
        text run at (10,332) width 394: "sed, egestas nec, commodo in, elit. Nulla facilisi. Proin varius pede et dui"
        text run at (10,346) width 354: "lacinia dapibus. Morbi nec augue. Proin imperdiet lacus eu tellus."
layer at (535,308) size 125x100 clip at (536,309) size 110x85 scrollWidth 420 scrollHeight 370
  RenderBlock {DIV} at (527,300) size 125x100 [color=#DCDCDC] [bgcolor=#718D93] [border: (1px solid #D3D3D3)]
    RenderBlock {DIV} at (1,1) size 420x370
      RenderText {#text} at (10,10) size 397x126
        text run at (10,10) width 386: "Lorem ipsum dolor sit amet, consectetuer adipiscing elit. Morbi et nisi ut"
        text run at (10,24) width 365: "est venenatis viverra. Aenean pede orci, blandit quis, faucibus quis,"
        text run at (10,38) width 397: "egestas ut, mi. Pellentesque enim purus, venenatis dignissim, tincidunt a,"
        text run at (10,52) width 391: "ullamcorper eget, nibh. Nullam ut sem adipiscing orci vehicula interdum."
        text run at (10,66) width 371: "Proin a enim. Phasellus sollicitudin, magna vitae vestibulum facilisis,"
        text run at (10,80) width 390: "tellus nunc iaculis arcu, in molestie sem velit tempus est. In eleifend velit"
        text run at (10,94) width 353: "at sem adipiscing sodales. Nunc sapien felis, aliquam et, volutpat"
        text run at (10,108) width 381: "rhoncus, condimentum ut, tortor. Integer est. Quisque viverra. Praesent"
        text run at (10,122) width 310: "sed arcu. Maecenas id lorem a leo lobortis condimentum."
      RenderBR {BR} at (319,122) size 1x14
      RenderBR {BR} at (10,136) size 0x14
      RenderText {#text} at (10,150) size 395x112
        text run at (10,150) width 377: "Cras commodo rutrum augue. Vivamus iaculis. Nullam est. Maecenas"
        text run at (10,164) width 377: "consequat. Sed id dui. Vivamus a nisl. Donec pretium sapien. Proin et"
        text run at (10,178) width 361: "ligula et ligula placerat pulvinar. Aliquam erat volutpat. Proin id est."
        text run at (10,192) width 395: "Suspendisse cursus, magna at hendrerit consequat, mauris est imperdiet"
        text run at (10,206) width 380: "neque, a ultrices arcu urna non nunc. Quisque tellus. Nulla nulla justo,"
        text run at (10,220) width 389: "vehicula nec, pellentesque eu, iaculis et, ligula. Praesent mattis ante vel"
        text run at (10,234) width 386: "sem. Suspendisse porta rhoncus urna. Phasellus felis. Praesent viverra"
        text run at (10,248) width 382: "convallis libero. Maecenas non augue. Donec hendrerit lectus id enim."
      RenderBR {BR} at (391,248) size 1x14
      RenderBR {BR} at (10,262) size 0x14
      RenderText {#text} at (10,276) size 394x84
        text run at (10,276) width 351: "Nulla ligula dui, euismod et, sodales quis, sollicitudin quis, elit. In"
        text run at (10,290) width 383: "adipiscing est sed enim. Fusce at massa vitae metus semper hendrerit."
        text run at (10,304) width 376: "Integer vitae urna. Nulla eget ligula. Etiam libero. Maecenas nisi nibh,"
        text run at (10,318) width 389: "convallis a, feugiat vitae, pulvinar et, mi. Curabitur arcu pede, adipiscing"
        text run at (10,332) width 394: "sed, egestas nec, commodo in, elit. Nulla facilisi. Proin varius pede et dui"
        text run at (10,346) width 354: "lacinia dapibus. Morbi nec augue. Proin imperdiet lacus eu tellus."
layer at (28,448) size 125x100 clip at (29,449) size 110x85 scrollWidth 420 scrollHeight 370
  RenderBlock {DIV} at (20,440) size 125x100 [color=#DCDCDC] [bgcolor=#718D93] [border: (1px solid #D3D3D3)]
    RenderBlock {DIV} at (1,1) size 420x370
      RenderText {#text} at (10,10) size 397x126
        text run at (10,10) width 386: "Lorem ipsum dolor sit amet, consectetuer adipiscing elit. Morbi et nisi ut"
        text run at (10,24) width 365: "est venenatis viverra. Aenean pede orci, blandit quis, faucibus quis,"
        text run at (10,38) width 397: "egestas ut, mi. Pellentesque enim purus, venenatis dignissim, tincidunt a,"
        text run at (10,52) width 391: "ullamcorper eget, nibh. Nullam ut sem adipiscing orci vehicula interdum."
        text run at (10,66) width 371: "Proin a enim. Phasellus sollicitudin, magna vitae vestibulum facilisis,"
        text run at (10,80) width 390: "tellus nunc iaculis arcu, in molestie sem velit tempus est. In eleifend velit"
        text run at (10,94) width 353: "at sem adipiscing sodales. Nunc sapien felis, aliquam et, volutpat"
        text run at (10,108) width 381: "rhoncus, condimentum ut, tortor. Integer est. Quisque viverra. Praesent"
        text run at (10,122) width 310: "sed arcu. Maecenas id lorem a leo lobortis condimentum."
      RenderBR {BR} at (319,122) size 1x14
      RenderBR {BR} at (10,136) size 0x14
      RenderText {#text} at (10,150) size 395x112
        text run at (10,150) width 377: "Cras commodo rutrum augue. Vivamus iaculis. Nullam est. Maecenas"
        text run at (10,164) width 377: "consequat. Sed id dui. Vivamus a nisl. Donec pretium sapien. Proin et"
        text run at (10,178) width 361: "ligula et ligula placerat pulvinar. Aliquam erat volutpat. Proin id est."
        text run at (10,192) width 395: "Suspendisse cursus, magna at hendrerit consequat, mauris est imperdiet"
        text run at (10,206) width 380: "neque, a ultrices arcu urna non nunc. Quisque tellus. Nulla nulla justo,"
        text run at (10,220) width 389: "vehicula nec, pellentesque eu, iaculis et, ligula. Praesent mattis ante vel"
        text run at (10,234) width 386: "sem. Suspendisse porta rhoncus urna. Phasellus felis. Praesent viverra"
        text run at (10,248) width 382: "convallis libero. Maecenas non augue. Donec hendrerit lectus id enim."
      RenderBR {BR} at (391,248) size 1x14
      RenderBR {BR} at (10,262) size 0x14
      RenderText {#text} at (10,276) size 394x84
        text run at (10,276) width 351: "Nulla ligula dui, euismod et, sodales quis, sollicitudin quis, elit. In"
        text run at (10,290) width 383: "adipiscing est sed enim. Fusce at massa vitae metus semper hendrerit."
        text run at (10,304) width 376: "Integer vitae urna. Nulla eget ligula. Etiam libero. Maecenas nisi nibh,"
        text run at (10,318) width 389: "convallis a, feugiat vitae, pulvinar et, mi. Curabitur arcu pede, adipiscing"
        text run at (10,332) width 394: "sed, egestas nec, commodo in, elit. Nulla facilisi. Proin varius pede et dui"
        text run at (10,346) width 354: "lacinia dapibus. Morbi nec augue. Proin imperdiet lacus eu tellus."
layer at (197,448) size 125x100 clip at (198,449) size 110x85 scrollWidth 420 scrollHeight 370
  RenderBlock {DIV} at (189,440) size 125x100 [color=#DCDCDC] [bgcolor=#718D93] [border: (1px solid #D3D3D3)]
    RenderBlock {DIV} at (1,1) size 420x370
      RenderText {#text} at (10,10) size 397x126
        text run at (10,10) width 386: "Lorem ipsum dolor sit amet, consectetuer adipiscing elit. Morbi et nisi ut"
        text run at (10,24) width 365: "est venenatis viverra. Aenean pede orci, blandit quis, faucibus quis,"
        text run at (10,38) width 397: "egestas ut, mi. Pellentesque enim purus, venenatis dignissim, tincidunt a,"
        text run at (10,52) width 391: "ullamcorper eget, nibh. Nullam ut sem adipiscing orci vehicula interdum."
        text run at (10,66) width 371: "Proin a enim. Phasellus sollicitudin, magna vitae vestibulum facilisis,"
        text run at (10,80) width 390: "tellus nunc iaculis arcu, in molestie sem velit tempus est. In eleifend velit"
        text run at (10,94) width 353: "at sem adipiscing sodales. Nunc sapien felis, aliquam et, volutpat"
        text run at (10,108) width 381: "rhoncus, condimentum ut, tortor. Integer est. Quisque viverra. Praesent"
        text run at (10,122) width 310: "sed arcu. Maecenas id lorem a leo lobortis condimentum."
      RenderBR {BR} at (319,122) size 1x14
      RenderBR {BR} at (10,136) size 0x14
      RenderText {#text} at (10,150) size 395x112
        text run at (10,150) width 377: "Cras commodo rutrum augue. Vivamus iaculis. Nullam est. Maecenas"
        text run at (10,164) width 377: "consequat. Sed id dui. Vivamus a nisl. Donec pretium sapien. Proin et"
        text run at (10,178) width 361: "ligula et ligula placerat pulvinar. Aliquam erat volutpat. Proin id est."
        text run at (10,192) width 395: "Suspendisse cursus, magna at hendrerit consequat, mauris est imperdiet"
        text run at (10,206) width 380: "neque, a ultrices arcu urna non nunc. Quisque tellus. Nulla nulla justo,"
        text run at (10,220) width 389: "vehicula nec, pellentesque eu, iaculis et, ligula. Praesent mattis ante vel"
        text run at (10,234) width 386: "sem. Suspendisse porta rhoncus urna. Phasellus felis. Praesent viverra"
        text run at (10,248) width 382: "convallis libero. Maecenas non augue. Donec hendrerit lectus id enim."
      RenderBR {BR} at (391,248) size 1x14
      RenderBR {BR} at (10,262) size 0x14
      RenderText {#text} at (10,276) size 394x84
        text run at (10,276) width 351: "Nulla ligula dui, euismod et, sodales quis, sollicitudin quis, elit. In"
        text run at (10,290) width 383: "adipiscing est sed enim. Fusce at massa vitae metus semper hendrerit."
        text run at (10,304) width 376: "Integer vitae urna. Nulla eget ligula. Etiam libero. Maecenas nisi nibh,"
        text run at (10,318) width 389: "convallis a, feugiat vitae, pulvinar et, mi. Curabitur arcu pede, adipiscing"
        text run at (10,332) width 394: "sed, egestas nec, commodo in, elit. Nulla facilisi. Proin varius pede et dui"
        text run at (10,346) width 354: "lacinia dapibus. Morbi nec augue. Proin imperdiet lacus eu tellus."
layer at (366,448) size 125x100 clip at (367,449) size 110x85 scrollWidth 420 scrollHeight 370
  RenderBlock {DIV} at (358,440) size 125x100 [color=#DCDCDC] [bgcolor=#718D93] [border: (1px solid #D3D3D3)]
    RenderBlock {DIV} at (1,1) size 420x370
      RenderText {#text} at (10,10) size 397x126
        text run at (10,10) width 386: "Lorem ipsum dolor sit amet, consectetuer adipiscing elit. Morbi et nisi ut"
        text run at (10,24) width 365: "est venenatis viverra. Aenean pede orci, blandit quis, faucibus quis,"
        text run at (10,38) width 397: "egestas ut, mi. Pellentesque enim purus, venenatis dignissim, tincidunt a,"
        text run at (10,52) width 391: "ullamcorper eget, nibh. Nullam ut sem adipiscing orci vehicula interdum."
        text run at (10,66) width 371: "Proin a enim. Phasellus sollicitudin, magna vitae vestibulum facilisis,"
        text run at (10,80) width 390: "tellus nunc iaculis arcu, in molestie sem velit tempus est. In eleifend velit"
        text run at (10,94) width 353: "at sem adipiscing sodales. Nunc sapien felis, aliquam et, volutpat"
        text run at (10,108) width 381: "rhoncus, condimentum ut, tortor. Integer est. Quisque viverra. Praesent"
        text run at (10,122) width 310: "sed arcu. Maecenas id lorem a leo lobortis condimentum."
      RenderBR {BR} at (319,122) size 1x14
      RenderBR {BR} at (10,136) size 0x14
      RenderText {#text} at (10,150) size 395x112
        text run at (10,150) width 377: "Cras commodo rutrum augue. Vivamus iaculis. Nullam est. Maecenas"
        text run at (10,164) width 377: "consequat. Sed id dui. Vivamus a nisl. Donec pretium sapien. Proin et"
        text run at (10,178) width 361: "ligula et ligula placerat pulvinar. Aliquam erat volutpat. Proin id est."
        text run at (10,192) width 395: "Suspendisse cursus, magna at hendrerit consequat, mauris est imperdiet"
        text run at (10,206) width 380: "neque, a ultrices arcu urna non nunc. Quisque tellus. Nulla nulla justo,"
        text run at (10,220) width 389: "vehicula nec, pellentesque eu, iaculis et, ligula. Praesent mattis ante vel"
        text run at (10,234) width 386: "sem. Suspendisse porta rhoncus urna. Phasellus felis. Praesent viverra"
        text run at (10,248) width 382: "convallis libero. Maecenas non augue. Donec hendrerit lectus id enim."
      RenderBR {BR} at (391,248) size 1x14
      RenderBR {BR} at (10,262) size 0x14
      RenderText {#text} at (10,276) size 394x84
        text run at (10,276) width 351: "Nulla ligula dui, euismod et, sodales quis, sollicitudin quis, elit. In"
        text run at (10,290) width 383: "adipiscing est sed enim. Fusce at massa vitae metus semper hendrerit."
        text run at (10,304) width 376: "Integer vitae urna. Nulla eget ligula. Etiam libero. Maecenas nisi nibh,"
        text run at (10,318) width 389: "convallis a, feugiat vitae, pulvinar et, mi. Curabitur arcu pede, adipiscing"
        text run at (10,332) width 394: "sed, egestas nec, commodo in, elit. Nulla facilisi. Proin varius pede et dui"
        text run at (10,346) width 354: "lacinia dapibus. Morbi nec augue. Proin imperdiet lacus eu tellus."
