layer at (0,0) size 800x600
  RenderView at (0,0) size 800x600
layer at (0,0) size 800x600
  RenderBlock {HTML} at (0,0) size 800x600
    RenderBody {BODY} at (8,8) size 784x576
      RenderBlock (floating) {DIV} at (0,0) size 110x110 [border: (5px solid #000000)]
        RenderSVGRoot {svg} at (13,13) size 100x100
          RenderSVGRect {rect} at (13,13) size 100x100 [fill={[type=SOLID] [color=#0000FF]}] [x=0.00] [y=0.00] [width=100.00] [height=100.00]
      RenderBlock {P} at (0,110) size 784x20
        RenderText {#text} at (0,0) size 421x19
          text run at (0,0) width 421: "You should see a solid 5px black border around a 100x100 blue rect."
