layer at (0,0) size 800x600
  RenderView at (0,0) size 800x600
layer at (0,0) size 800x171
  RenderBlock {HTML} at (0,0) size 800x171
    RenderBody {BODY} at (8,16) size 784x139
      RenderBlock {P} at (0,0) size 784x36
        RenderText {#text} at (0,0) size 770x36
          text run at (0,0) width 318: "In each of the following lines, the Hebrew letters "
          text run at (317,0) width 28 RTL: "\x{5D0}\x{5D1}\x{5D2}\x{5D3}"
          text run at (344,0) width 426: " in the end should be in boldface (compare with the same letters in"
          text run at (0,18) width 147: "the middle of the line)."
      RenderBlock {P} at (0,52) size 784x18
        RenderText {#text} at (0,0) size 82x18
          text run at (0,0) width 43: "abcd "
          text run at (42,0) width 35 RTL: "\x{5D0}\x{5D1}\x{5D2}\x{5D3}"
          text run at (76,0) width 6: " "
        RenderInline {B} at (81,0) size 82x18
          RenderText {#text} at (81,0) size 82x18
            text run at (81,0) width 45: "abcd "
            text run at (125,0) width 38 RTL: "\x{5D0}\x{5D1}\x{5D2}\x{5D3}"
        RenderText {#text} at (0,0) size 0x0
      RenderBlock {P} at (0,86) size 784x19
        RenderText {#text} at (0,0) size 97x18
          text run at (0,0) width 49: "abcd "
          text run at (48,0) width 39 RTL: "\x{5D0}\x{5D1}\x{5D2}\x{5D3}"
          text run at (86,0) width 11: " "
        RenderInline {B} at (96,0) size 87x18
          RenderText {#text} at (96,0) size 87x18
            text run at (96,0) width 49: "abcd "
            text run at (144,0) width 39 RTL: "\x{5D0}\x{5D1}\x{5D2}\x{5D3}"
        RenderText {#text} at (0,0) size 0x0
      RenderBlock {P} at (0,121) size 784x18
        RenderText {#text} at (0,0) size 66x18
          text run at (0,0) width 35: "abcd "
          text run at (34,0) width 28 RTL: "\x{5D0}\x{5D1}\x{5D2}\x{5D3}"
          text run at (61,0) width 5: " "
        RenderInline {B} at (65,0) size 67x18
          RenderText {#text} at (65,0) size 67x18
            text run at (65,0) width 38: "abcd "
            text run at (102,0) width 30 RTL: "\x{5D0}\x{5D1}\x{5D2}\x{5D3}"
        RenderText {#text} at (0,0) size 0x0
