CONSOLE MESSAGE: IndexSizeError: The index is not in the allowed range.
layer at (0,0) size 800x600
  RenderView at (0,0) size 800x600
layer at (0,0) size 800x126
  RenderBlock {HTML} at (0,0) size 800x126
    RenderBody {BODY} at (8,16) size 784x102
      RenderBlock {P} at (0,0) size 784x40
        RenderText {#text} at (0,0) size 772x39
          text run at (0,0) width 772: "This tests that clicking in a contenteditable div will set the caret in the right position for LTR text in a LTR block. To test"
          text run at (0,20) width 474: "manually, click the right of the text. The caret should be on the right edge."
      RenderBlock {DIV} at (0,56) size 201x46 [border: (1px solid #000000)]
        RenderText {#text} at (11,11) size 72x23
          text run at (11,11) width 72: "WebKit2"
