CONSOLE MESSAGE: IndexSizeError: The index is not in the allowed range.
layer at (0,0) size 800x600
  RenderView at (0,0) size 800x600
layer at (0,0) size 800x126
  RenderBlock {HTML} at (0,0) size 800x126
    RenderBody {BODY} at (8,16) size 784x102
      RenderBlock {P} at (0,0) size 784x40
        RenderText {#text} at (0,0) size 772x39
          text run at (0,0) width 772: "This tests that clicking in a contenteditable div will set the caret in the right position for RTL text in a RTL block. To test"
          text run at (0,20) width 457: "manually, click the left of the text. The caret should be on the left edge."
      RenderBlock {DIV} at (0,56) size 201x46 [border: (1px solid #000000)]
        RenderText {#text} at (130,11) size 60x23
          text run at (130,11) width 60 RTL: "\x{5E9}\x{5D3}\x{5D4} \x{5D1}\x{5D5}\x{5E8}"
