layer at (0,0) size 800x600
  RenderView at (0,0) size 800x600
layer at (0,0) size 800x600
  RenderBlock {HTML} at (0,0) size 800x600
    RenderBody {BODY} at (8,8) size 784x584
      RenderBlock {P} at (0,0) size 784x40
        RenderText {#text} at (0,0) size 108x19
          text run at (0,0) width 108: "This is a test for "
        RenderInline {I} at (0,0) size 758x39
          RenderInline {A} at (0,0) size 353x19 [color=#0000EE]
            RenderText {#text} at (107,0) size 353x19
              text run at (107,0) width 353: "http://bugzilla.opendarwin.org/show_bug.cgi?id=9978"
          RenderText {#text} at (459,0) size 758x39
            text run at (459,0) width 5: " "
            text run at (463,0) width 295: "REGRESSION (r12949-r12988): Clicking the"
            text run at (0,20) width 422: "first letter on a line places the caret at the end of the previous line"
        RenderText {#text} at (421,20) size 5x19
          text run at (421,20) width 5: "."
      RenderBlock {P} at (0,56) size 784x20
        RenderText {#text} at (0,0) size 746x19
          text run at (0,0) width 561: "To test interactively, click the left side of the W on the second line. The caret should be "
          text run at (560,0) width 186: "move to the start of that line."
      RenderBlock {HR} at (0,92) size 784x2 [border: (1px inset #000000)]
      RenderBlock {DIV} at (0,102) size 250x114
        RenderText {#text} at (0,1) size 234x111
          text run at (0,1) width 154: "Alice in"
          text run at (153,1) width 13: " "
          text run at (0,58) width 234: "Wonderland"
