layer at (0,0) size 800x600
  RenderView at (0,0) size 800x600
layer at (0,0) size 800x600
  RenderBlock {HTML} at (0,0) size 800x600
    RenderBody {BODY} at (8,8) size 784x576
      RenderBlock {P} at (0,0) size 784x40
        RenderText {#text} at (0,0) size 769x39
          text run at (0,0) width 422: "This tests double clicking inside and at the end of an editable div. "
          text run at (421,0) width 348: "The selection that is created should not extend outside"
          text run at (0,20) width 124: "the editable region."
      RenderBlock {DIV} at (0,56) size 784x20
        RenderText {#text} at (0,0) size 212x19
          text run at (0,0) width 212: "This text is inside an editable div"
        RenderInline {SPAN} at (0,0) size 5x19
          RenderText {#text} at (211,0) size 5x19
            text run at (211,0) width 5: " "
layer at (8,100) size 784x20
  RenderBlock {P} at (0,92) size 784x20
    RenderText {#text} at (0,0) size 155x19
      text run at (0,0) width 155: "This text is not editable."
