layer at (0,0) size 800x600
  RenderView at (0,0) size 800x600
layer at (0,0) size 800x600
  RenderBlock {HTML} at (0,0) size 800x600
    RenderBody {BODY} at (8,8) size 784x584
      RenderBlock {P} at (0,0) size 784x40
        RenderText {#text} at (0,0) size 769x39
          text run at (0,0) width 422: "This tests double clicking inside and at the end of an editable div. "
          text run at (421,0) width 348: "The selection that is created should not extend outside"
          text run at (0,20) width 124: "the editable region."
      RenderBlock {DIV} at (0,56) size 784x20
        RenderText {#text} at (0,0) size 186x19
          text run at (0,0) width 186: "This text is in an editable div"
        RenderInline {SPAN} at (0,0) size 5x19
          RenderText {#text} at (185,0) size 5x19
            text run at (185,0) width 5: "."
      RenderBlock (anonymous) at (0,76) size 784x20
        RenderText {#text} at (0,0) size 249x19
          text run at (0,0) width 249: "This text is outside the editable region."
        RenderText {#text} at (0,0) size 0x0
