layer at (0,0) size 800x600
  RenderView at (0,0) size 800x600
layer at (0,0) size 800x600
  RenderSVGRoot {svg} at (0,0) size 300x100
    RenderSVGForeignObject {foreignObject} at (0,0) size 300x100
      RenderBlock {html} at (0,0) size 300x18
        RenderBlock {p} at (0,0) size 300x18
          RenderText {#text} at (0,0) size 138x17
            text run at (0,0) width 138: "This should not crash"
        RenderBlock (anonymous) at (0,34) size 300x0
          RenderInline {g} at (0,0) size 0x0
          RenderText {#text} at (0,0) size 0x0
