layer at (0,0) size 892x600
  RenderView at (0,0) size 800x600
layer at (-92,0) size 892x600 backgroundClip at (0,0) size 892x600 clip at (0,0) size 892x600
  RenderBlock {HTML} at (0,0) size 892x600
    RenderBody {BODY} at (8,8) size 876x584
layer at (362,8) size 430x584
  RenderBlock {DIV} at (0,0) size 430x584 [border: (5px solid #0000FF)]
    RenderMultiColumnSet at (5,5) size 420x574
layer at (287,13) size 500x279
  RenderMultiColumnFlowThread at (5,5) size 500x279
    RenderBlock (anonymous) at (0,0) size 420x279
      RenderText {#text} at (0,0) size 19x113
        text run at (0,0) width 113: "This is some text."
      RenderBR {BR} at (15,112) size 0x1
      RenderText {#text} at (20,0) size 19x113
        text run at (20,0) width 113: "This is some text."
      RenderBR {BR} at (35,112) size 0x1
      RenderText {#text} at (40,0) size 19x113
        text run at (40,0) width 113: "This is some text."
      RenderBR {BR} at (55,112) size 0x1
      RenderText {#text} at (60,0) size 19x113
        text run at (60,0) width 113: "This is some text."
      RenderBR {BR} at (75,112) size 0x1
      RenderText {#text} at (80,0) size 19x113
        text run at (80,0) width 113: "This is some text."
      RenderBR {BR} at (95,112) size 0x1
      RenderText {#text} at (100,0) size 19x113
        text run at (100,0) width 113: "This is some text."
      RenderBR {BR} at (115,112) size 0x1
      RenderText {#text} at (120,0) size 19x113
        text run at (120,0) width 113: "This is some text."
      RenderBR {BR} at (135,112) size 0x1
      RenderText {#text} at (140,0) size 19x113
        text run at (140,0) width 113: "This is some text."
      RenderBR {BR} at (155,112) size 0x1
      RenderText {#text} at (160,0) size 19x113
        text run at (160,0) width 113: "This is some text."
      RenderBR {BR} at (175,112) size 0x1
      RenderText {#text} at (180,0) size 19x113
        text run at (180,0) width 113: "This is some text."
      RenderBR {BR} at (195,112) size 0x1
      RenderText {#text} at (200,0) size 19x113
        text run at (200,0) width 113: "This is some text."
      RenderBR {BR} at (215,112) size 0x1
      RenderText {#text} at (220,0) size 19x113
        text run at (220,0) width 113: "This is some text."
      RenderBR {BR} at (235,112) size 0x1
      RenderText {#text} at (240,0) size 19x113
        text run at (240,0) width 113: "This is some text."
      RenderBR {BR} at (255,112) size 0x1
      RenderText {#text} at (260,0) size 19x113
        text run at (260,0) width 113: "This is some text."
      RenderBR {BR} at (275,112) size 0x1
      RenderText {#text} at (280,0) size 19x113
        text run at (280,0) width 113: "This is some text."
      RenderBR {BR} at (295,112) size 0x1
      RenderText {#text} at (300,0) size 19x113
        text run at (300,0) width 113: "This is some text."
      RenderBR {BR} at (315,112) size 0x1
      RenderText {#text} at (320,0) size 19x113
        text run at (320,0) width 113: "This is some text."
      RenderBR {BR} at (335,112) size 0x1
      RenderText {#text} at (340,0) size 19x113
        text run at (340,0) width 113: "This is some text."
      RenderBR {BR} at (355,112) size 0x1
      RenderText {#text} at (360,0) size 19x113
        text run at (360,0) width 113: "This is some text."
      RenderBR {BR} at (375,112) size 0x1
      RenderText {#text} at (380,0) size 19x113
        text run at (380,0) width 113: "This is some text."
      RenderBR {BR} at (395,112) size 0x1
      RenderText {#text} at (400,0) size 19x113
        text run at (400,0) width 113: "This is some text."
      RenderBR {BR} at (415,112) size 0x1
    RenderBlock {DIV} at (420,0) size 80x279
      RenderText {#text} at (0,0) size 19x267
        text run at (0,0) width 267: "This text should be in the second column."
      RenderBR {BR} at (15,266) size 0x1
      RenderText {#text} at (20,0) size 19x267
        text run at (20,0) width 267: "This text should be in the second column."
      RenderBR {BR} at (35,266) size 0x1
      RenderText {#text} at (40,0) size 19x267
        text run at (40,0) width 267: "This text should be in the second column."
      RenderBR {BR} at (55,266) size 0x1
      RenderText {#text} at (60,0) size 19x267
        text run at (60,0) width 267: "This text should be in the second column."
      RenderBR {BR} at (75,266) size 0x1
layer at (-84,8) size 430x584 backgroundClip at (0,0) size 892x600 clip at (0,0) size 892x600
  RenderBlock {DIV} at (446,0) size 430x584 [border: (5px solid #0000FF)]
    RenderMultiColumnSet at (5,5) size 420x574
layer at (-499,13) size 840x279 backgroundClip at (0,0) size 892x600 clip at (0,0) size 892x600
  RenderMultiColumnFlowThread at (5,5) size 840x279
    RenderBlock (anonymous) at (0,0) size 80x279
      RenderText {#text} at (0,0) size 19x248
        text run at (0,0) width 248: "This text should be in the first column."
      RenderBR {BR} at (15,247) size 0x1
      RenderText {#text} at (20,0) size 19x248
        text run at (20,0) width 248: "This text should be in the first column."
      RenderBR {BR} at (35,247) size 0x1
      RenderText {#text} at (40,0) size 19x248
        text run at (40,0) width 248: "This text should be in the first column."
      RenderBR {BR} at (55,247) size 0x1
      RenderText {#text} at (60,0) size 19x248
        text run at (60,0) width 248: "This text should be in the first column."
      RenderBR {BR} at (75,247) size 0x1
    RenderBlock {DIV} at (420,0) size 420x279
      RenderText {#text} at (0,0) size 19x113
        text run at (0,0) width 113: "This is some text."
      RenderBR {BR} at (15,112) size 0x1
      RenderText {#text} at (20,0) size 19x113
        text run at (20,0) width 113: "This is some text."
      RenderBR {BR} at (35,112) size 0x1
      RenderText {#text} at (40,0) size 19x113
        text run at (40,0) width 113: "This is some text."
      RenderBR {BR} at (55,112) size 0x1
      RenderText {#text} at (60,0) size 19x113
        text run at (60,0) width 113: "This is some text."
      RenderBR {BR} at (75,112) size 0x1
      RenderText {#text} at (80,0) size 19x113
        text run at (80,0) width 113: "This is some text."
      RenderBR {BR} at (95,112) size 0x1
      RenderText {#text} at (100,0) size 19x113
        text run at (100,0) width 113: "This is some text."
      RenderBR {BR} at (115,112) size 0x1
      RenderText {#text} at (120,0) size 19x113
        text run at (120,0) width 113: "This is some text."
      RenderBR {BR} at (135,112) size 0x1
      RenderText {#text} at (140,0) size 19x113
        text run at (140,0) width 113: "This is some text."
      RenderBR {BR} at (155,112) size 0x1
      RenderText {#text} at (160,0) size 19x113
        text run at (160,0) width 113: "This is some text."
      RenderBR {BR} at (175,112) size 0x1
      RenderText {#text} at (180,0) size 19x113
        text run at (180,0) width 113: "This is some text."
      RenderBR {BR} at (195,112) size 0x1
      RenderText {#text} at (200,0) size 19x113
        text run at (200,0) width 113: "This is some text."
      RenderBR {BR} at (215,112) size 0x1
      RenderText {#text} at (220,0) size 19x113
        text run at (220,0) width 113: "This is some text."
      RenderBR {BR} at (235,112) size 0x1
      RenderText {#text} at (240,0) size 19x113
        text run at (240,0) width 113: "This is some text."
      RenderBR {BR} at (255,112) size 0x1
      RenderText {#text} at (260,0) size 19x113
        text run at (260,0) width 113: "This is some text."
      RenderBR {BR} at (275,112) size 0x1
      RenderText {#text} at (280,0) size 19x113
        text run at (280,0) width 113: "This is some text."
      RenderBR {BR} at (295,112) size 0x1
      RenderText {#text} at (300,0) size 19x113
        text run at (300,0) width 113: "This is some text."
      RenderBR {BR} at (315,112) size 0x1
      RenderText {#text} at (320,0) size 19x113
        text run at (320,0) width 113: "This is some text."
      RenderBR {BR} at (335,112) size 0x1
      RenderText {#text} at (340,0) size 19x113
        text run at (340,0) width 113: "This is some text."
      RenderBR {BR} at (355,112) size 0x1
      RenderText {#text} at (360,0) size 19x113
        text run at (360,0) width 113: "This is some text."
      RenderBR {BR} at (375,112) size 0x1
      RenderText {#text} at (380,0) size 19x113
        text run at (380,0) width 113: "This is some text."
      RenderBR {BR} at (395,112) size 0x1
      RenderText {#text} at (400,0) size 19x113
        text run at (400,0) width 113: "This is some text."
      RenderBR {BR} at (415,112) size 0x1
scrolled to -92,0
