layer at (0,0) size 800x600
  RenderView at (0,0) size 800x600
layer at (0,0) size 800x600
  RenderBlock {HTML} at (0,0) size 800x600
    RenderBody {BODY} at (8,8) size 776x584
      RenderBlock {P} at (0,0) size 60x584
        RenderText {#text} at (0,0) size 59x575
          text run at (0,0) width 483: "In this test, you should see three blocks that are aligned right within a black box. "
          text run at (0,483) width 92: "They should be"
          text run at (20,0) width 410: "stacked horizontally with the green box in between two olive boxes. "
          text run at (20,410) width 143: "The olive boxes and the"
          text run at (40,0) width 185: "green box should be 100x100."
layer at (376,8) size 340x240
  RenderBlock (positioned) {DIV} at (84,8) size 340x240 [border: (20px solid #000000)]
    RenderBlock {DIV} at (70,20) size 0x100
layer at (496,128) size 100x100
  RenderBlock (positioned) {DIV} at (120,120) size 100x100 [bgcolor=#008000]
layer at (596,128) size 100x100
  RenderBlock (positioned) {DIV} at (20,120) size 100x100 [bgcolor=#808000]
layer at (396,128) size 100x100
  RenderBlock (positioned) {DIV} at (220,120) size 100x100 [bgcolor=#808000]
