layer at (0,0) size 800x600
  RenderView at (0,0) size 800x600
layer at (0,0) size 800x94
  RenderBlock {HTML} at (0,0) size 800x94
    RenderBody {BODY} at (8,16) size 784x70
      RenderBlock {P} at (0,0) size 784x18
        RenderText {#text} at (0,0) size 292x18
          text run at (0,0) width 292: "The following two lines should look the same:"
      RenderBlock {DIV} at (0,34) size 784x18
        RenderInline {SPAN} at (0,0) size 4x18
          RenderInline (generated) at (0,0) size 4x18
            RenderCounter at (0,0) size 4x18
              text run at (0,0) width 4: "i"
        RenderText {#text} at (4,0) size 4x18
          text run at (4,0) width 4: " "
        RenderInline {SPAN} at (0,0) size 8x18
          RenderInline (generated) at (0,0) size 8x18
            RenderCounter at (8,0) size 8x18
              text run at (8,0) width 8: "ii"
        RenderText {#text} at (16,0) size 4x18
          text run at (16,0) width 4: " "
        RenderInline {SPAN} at (0,0) size 12x18
          RenderInline (generated) at (0,0) size 12x18
            RenderCounter at (20,0) size 12x18
              text run at (20,0) width 12: "iii"
        RenderText {#text} at (32,0) size 4x18
          text run at (32,0) width 4: " "
        RenderInline {SPAN} at (0,0) size 12x18
          RenderInline (generated) at (0,0) size 12x18
            RenderCounter at (36,0) size 12x18
              text run at (36,0) width 12: "iv"
        RenderText {#text} at (0,0) size 0x0
      RenderBlock {DIV} at (0,52) size 784x18
        RenderText {#text} at (0,0) size 48x18
          text run at (0,0) width 8: "i "
          text run at (8,0) width 12: "ii "
          text run at (20,0) width 16: "iii "
          text run at (36,0) width 12: "iv"
