layer at (0,0) size 800x600
  RenderView at (0,0) size 800x600
layer at (0,0) size 800x94
  RenderBlock {HTML} at (0,0) size 800x94
    RenderBody {BODY} at (8,16) size 784x70
      RenderBlock {P} at (0,0) size 784x18
        RenderText {#text} at (0,0) size 292x18
          text run at (0,0) width 292: "The following two lines should look the same:"
      RenderBlock {DIV} at (0,34) size 784x18
        RenderInline {SPAN} at (0,0) size 6x18
          RenderInline (generated) at (0,0) size 6x18
            RenderCounter at (0,0) size 6x18
              text run at (0,0) width 6: "\x{2022}"
      RenderBlock {DIV} at (0,52) size 784x18
        RenderText {#text} at (0,0) size 6x18
          text run at (0,0) width 6: "\x{2022}"
