layer at (0,0) size 800x600
  RenderView at (0,0) size 800x600
layer at (0,0) size 800x82
  RenderBlock {HTML} at (0,0) size 800x82
    RenderBody {BODY} at (8,16) size 784x58
      RenderBlock {P} at (0,0) size 784x18
        RenderText {#text} at (0,0) size 160x18
          text run at (0,0) width 160: "This test should not crash"
      RenderBlock (anonymous) at (0,34) size 784x24
        RenderText {#text} at (0,0) size 0x0
layer at (8,50) size 20x20
  RenderImage {IMG} at (0,0) size 20x20
