layer at (0,0) size 1188x585
  RenderView at (0,0) size 800x585
layer at (0,0) size 800x585
  RenderBlock {HTML} at (0,0) size 800x585
    RenderBody {BODY} at (8,8) size 784x569
layer at (8,8) size 784x504
  RenderBlock {DIV} at (0,0) size 784x504 [border: (2px solid #FF0000)]
    RenderMultiColumnSet at (2,2) size 780x500
layer at (10,10) size 382x1488 backgroundClip at (0,0) size 1188x585 clip at (0,0) size 1188x585
  RenderMultiColumnFlowThread at (2,2) size 382x1488
    RenderBlock {DIV} at (0,0) size 382x1488
      RenderBlock {DIV} at (0,0) size 382x364
        RenderText {#text} at (0,18) size 352x100
          text run at (0,18) width 350: "All of this text even though it's smaller should be on the"
          text run at (0,59) width 352: "36px grid. The grid should reset at the top of the second"
          text run at (0,100) width 51: "column."
        RenderBR {BR} at (51,114) size 0x0
        RenderText {#text} at (0,141) size 352x100
          text run at (0,141) width 350: "All of this text even though it's smaller should be on the"
          text run at (0,182) width 352: "36px grid. The grid should reset at the top of the second"
          text run at (0,223) width 51: "column."
        RenderBR {BR} at (51,237) size 0x0
        RenderText {#text} at (0,264) size 352x100
          text run at (0,264) width 350: "All of this text even though it's smaller should be on the"
          text run at (0,305) width 352: "36px grid. The grid should reset at the top of the second"
          text run at (0,346) width 51: "column."
        RenderBR {BR} at (51,360) size 0x0
      RenderBlock {DIV} at (0,364) size 382x502
        RenderText {#text} at (0,15) size 377x159
          text run at (0,15) width 377: "All of this text even though it's smaller"
          text run at (0,56) width 353: "should be on the 36px grid. The grid"
          text run at (0,97) width 348: "should reset at the top of the second"
          text run at (0,146) width 79: "column."
        RenderBR {BR} at (79,168) size 0x0
        RenderText {#text} at (0,187) size 377x151
          text run at (0,187) width 377: "All of this text even though it's smaller"
          text run at (0,228) width 353: "should be on the 36px grid. The grid"
          text run at (0,269) width 348: "should reset at the top of the second"
          text run at (0,310) width 79: "column."
        RenderBR {BR} at (79,332) size 0x0
        RenderText {#text} at (0,351) size 377x151
          text run at (0,351) width 377: "All of this text even though it's smaller"
          text run at (0,392) width 353: "should be on the 36px grid. The grid"
          text run at (0,433) width 348: "should reset at the top of the second"
          text run at (0,474) width 79: "column."
        RenderBR {BR} at (79,496) size 0x0
      RenderBlock {DIV} at (0,866) size 382x251
        RenderText {#text} at (0,25) size 372x54
          text run at (0,25) width 372: "All of this text even though it's smaller should be on the 36px grid. The grid should reset at"
          text run at (0,66) width 120: "the top of the second column."
        RenderBR {BR} at (120,76) size 0x0
        RenderText {#text} at (0,107) size 372x62
          text run at (0,107) width 372: "All of this text even though it's smaller should be on the 36px grid. The grid should reset at"
          text run at (0,156) width 120: "the top of the second column."
        RenderBR {BR} at (120,166) size 0x0
        RenderText {#text} at (0,197) size 372x54
          text run at (0,197) width 372: "All of this text even though it's smaller should be on the 36px grid. The grid should reset at"
          text run at (0,238) width 120: "the top of the second column."
        RenderBR {BR} at (120,248) size 0x0
      RenderBlock {DIV} at (0,1117) size 382x371
        RenderText {#text} at (0,21) size 381x104
          text run at (0,21) width 381: "All of this text even though it's smaller should be on"
          text run at (0,62) width 381: "the 36px grid. The grid should reset at the top of the"
          text run at (0,103) width 114: "second column."
        RenderBR {BR} at (114,120) size 0x0
        RenderText {#text} at (0,144) size 381x104
          text run at (0,144) width 381: "All of this text even though it's smaller should be on"
          text run at (0,185) width 381: "the 36px grid. The grid should reset at the top of the"
          text run at (0,226) width 114: "second column."
        RenderBR {BR} at (114,243) size 0x0
        RenderText {#text} at (0,267) size 381x104
          text run at (0,267) width 381: "All of this text even though it's smaller should be on"
          text run at (0,308) width 381: "the 36px grid. The grid should reset at the top of the"
          text run at (0,349) width 114: "second column."
        RenderBR {BR} at (114,366) size 0x0
