layer at (0,0) size 800x600
  RenderView at (0,0) size 800x600
layer at (0,0) size 800x600 layerType: background only
layer at (0,0) size 800x540 scrollWidth 1216
  RenderBlock (positioned) zI: -1 {DIV} at (0,0) size 800x540 [color=#00FF00]
    RenderText zI: -1 {#text} at (0,6) size 1216x32
      text run at (0,6) width 1216: "xxxxxxxxxxxxxxxxxxxxxxxxxxxxxxxxxxxxxx"
    RenderBR {BR} at (0,0) size 0x0
    RenderText zI: -1 {#text} at (0,47) size 1216x32
      text run at (0,47) width 1216: "xxxxxxxxxxxxxxxxxxxxxxxxxxxxxxxxxxxxxx"
    RenderBR {BR} at (0,0) size 0x0
    RenderText zI: -1 {#text} at (0,88) size 1216x32
      text run at (0,88) width 1216: "xxxxxxxxxxxxxxxxxxxxxxxxxxxxxxxxxxxxxx"
    RenderBR {BR} at (0,0) size 0x0
    RenderText zI: -1 {#text} at (0,129) size 1216x32
      text run at (0,129) width 1216: "xxxxxxxxxxxxxxxxxxxxxxxxxxxxxxxxxxxxxx"
    RenderBR {BR} at (0,0) size 0x0
    RenderText zI: -1 {#text} at (0,170) size 1216x32
      text run at (0,170) width 1216: "xxxxxxxxxxxxxxxxxxxxxxxxxxxxxxxxxxxxxx"
    RenderBR {BR} at (0,0) size 0x0
    RenderText zI: -1 {#text} at (0,211) size 1216x32
      text run at (0,211) width 1216: "xxxxxxxxxxxxxxxxxxxxxxxxxxxxxxxxxxxxxx"
    RenderBR {BR} at (0,0) size 0x0
    RenderText zI: -1 {#text} at (0,252) size 1216x32
      text run at (0,252) width 1216: "xxxxxxxxxxxxxxxxxxxxxxxxxxxxxxxxxxxxxx"
    RenderBR {BR} at (0,0) size 0x0
    RenderText zI: -1 {#text} at (0,293) size 1216x32
      text run at (0,293) width 1216: "xxxxxxxxxxxxxxxxxxxxxxxxxxxxxxxxxxxxxx"
    RenderBR {BR} at (0,0) size 0x0
    RenderText zI: -1 {#text} at (0,334) size 1216x32
      text run at (0,334) width 1216: "xxxxxxxxxxxxxxxxxxxxxxxxxxxxxxxxxxxxxx"
    RenderBR {BR} at (0,0) size 0x0
    RenderText zI: -1 {#text} at (0,375) size 1216x32
      text run at (0,375) width 1216: "xxxxxxxxxxxxxxxxxxxxxxxxxxxxxxxxxxxxxx"
    RenderBR {BR} at (0,0) size 0x0
    RenderText zI: -1 {#text} at (0,416) size 1216x32
      text run at (0,416) width 1216: "xxxxxxxxxxxxxxxxxxxxxxxxxxxxxxxxxxxxxx"
    RenderBR {BR} at (0,0) size 0x0
    RenderText zI: -1 {#text} at (0,457) size 1216x32
      text run at (0,457) width 1216: "xxxxxxxxxxxxxxxxxxxxxxxxxxxxxxxxxxxxxx"
    RenderBR {BR} at (0,0) size 0x0
    RenderText zI: -1 {#text} at (0,498) size 1216x32
      text run at (0,498) width 1216: "xxxxxxxxxxxxxxxxxxxxxxxxxxxxxxxxxxxxxx"
    RenderBR {BR} at (0,0) size 0x0
layer at (0,0) size 800x600 layerType: foreground only
  RenderBlock {HTML} at (0,0) size 800x600
    RenderBody {BODY} at (0,0) size 800x600
layer at (0,0) size 800x540
  RenderBlock (relative positioned) {DIV} at (0,0) size 800x540
layer at (0,0) size 800x540
  RenderBlock {DIV} at (0,0) size 800x540
    RenderMultiColumnSet at (20,20) size 760x500
layer at (20,20) size 362x966 backgroundClip at (0,0) size 800x600 clip at (0,0) size 800x600
  RenderMultiColumnFlowThread at (20,20) size 362x966
    RenderBlock {DIV} at (0,0) size 362x385
      RenderText {#text} at (0,39) size 352x100
        text run at (0,39) width 350: "All of this text even though it's smaller should be on the"
        text run at (0,80) width 352: "36px grid. The grid should reset at the top of the second"
        text run at (0,121) width 51: "column."
      RenderBR {BR} at (51,135) size 0x0
      RenderText {#text} at (0,162) size 352x100
        text run at (0,162) width 350: "All of this text even though it's smaller should be on the"
        text run at (0,203) width 352: "36px grid. The grid should reset at the top of the second"
        text run at (0,244) width 51: "column."
      RenderBR {BR} at (51,258) size 0x0
      RenderText {#text} at (0,285) size 352x100
        text run at (0,285) width 350: "All of this text even though it's smaller should be on the"
        text run at (0,326) width 352: "36px grid. The grid should reset at the top of the second"
        text run at (0,367) width 51: "column."
      RenderBR {BR} at (51,381) size 0x0
    RenderBlock {DIV} at (0,385) size 362x543
      RenderText {#text} at (0,15) size 342x200
        text run at (0,15) width 299: "All of this text even though it's"
        text run at (0,56) width 342: "smaller should be on the 36px grid."
        text run at (0,146) width 328: "The grid should reset at the top of"
        text run at (0,187) width 188: "the second column."
      RenderBR {BR} at (188,209) size 0x0
      RenderText {#text} at (0,228) size 342x151
        text run at (0,228) width 299: "All of this text even though it's"
        text run at (0,269) width 342: "smaller should be on the 36px grid."
        text run at (0,310) width 328: "The grid should reset at the top of"
        text run at (0,351) width 188: "the second column."
      RenderBR {BR} at (188,373) size 0x0
      RenderText {#text} at (0,392) size 342x151
        text run at (0,392) width 299: "All of this text even though it's"
        text run at (0,433) width 342: "smaller should be on the 36px grid."
        text run at (0,474) width 328: "The grid should reset at the top of"
        text run at (0,515) width 188: "the second column."
      RenderBR {BR} at (188,537) size 0x0
    RenderBlock {DIV} at (0,928) size 362x38
      RenderText {#text} at (0,25) size 274x13
        text run at (0,25) width 274: "All of this text even though it's smaller should be on the 36px grid."
