layer at (0,0) size 800x600
  RenderView at (0,0) size 800x600
layer at (0,0) size 800x600
  RenderBlock {HTML} at (0,0) size 800x600
    RenderBody {BODY} at (8,8) size 784x576
      RenderBlock {DIV} at (0,0) size 784x20
        RenderText {#text} at (0,0) size 82x19
          text run at (0,0) width 82: "Test case for "
        RenderInline {A} at (0,0) size 60x19 [color=#0000EE]
          RenderText {#text} at (82,0) size 60x19
            text run at (82,0) width 60: "Bug 7265"
        RenderText {#text} at (142,0) size 562x19
          text run at (142,0) width 562: " REGRESSION: noscript, noframes, nolayer, noembed tags insert break inside paragraph tag"
      RenderBlock {P} at (0,36) size 784x20
        RenderText {#text} at (0,0) size 306x19
          text run at (0,0) width 306: "This sentence contains noscript tags and should be "
        RenderText {#text} at (306,0) size 69x19
          text run at (306,0) width 69: "on one line."
      RenderBlock {P} at (0,72) size 784x20
        RenderText {#text} at (0,0) size 313x19
          text run at (0,0) width 313: "This sentence contains noframes tags and should be "
        RenderText {#text} at (313,0) size 69x19
          text run at (313,0) width 69: "on one line."
      RenderBlock {P} at (0,108) size 784x20
        RenderText {#text} at (0,0) size 302x19
          text run at (0,0) width 302: "This sentence contains nolayer tags and should be "
        RenderInline {NOLAYER} at (0,0) size 0x0
        RenderText {#text} at (302,0) size 69x19
          text run at (302,0) width 69: "on one line."
      RenderBlock {P} at (0,144) size 784x20
        RenderText {#text} at (0,0) size 314x19
          text run at (0,0) width 314: "This sentence contains noembed tags and should be "
        RenderText {#text} at (314,0) size 69x19
          text run at (314,0) width 69: "on one line."
