layer at (0,0) size 800x600
  RenderView at (0,0) size 800x600
layer at (0,0) size 800x600
  RenderBlock {HTML} at (0,0) size 800x600
    RenderBody {BODY} at (8,8) size 784x576
      RenderBlock (anonymous) at (0,0) size 784x0
        RenderInline {TIMER:TIME} at (0,0) size 0x0
          RenderText {#text} at (0,0) size 0x0
          RenderText {#text} at (0,0) size 0x0
      RenderBlock (anonymous) at (0,0) size 784x20
        RenderBlock {P} at (0,0) size 784x20
          RenderInline {SPAN} at (0,0) size 72x19 [color=#008000]
            RenderText {#text} at (0,0) size 72x19
              text run at (0,0) width 72: "SUCCESS:"
          RenderText {#text} at (72,0) size 141x19
            text run at (72,0) width 141: " Content was displayed"
      RenderBlock (anonymous) at (0,36) size 784x0
        RenderInline {TIMER:TIME} at (0,0) size 0x0
        RenderText {#text} at (0,0) size 0x0
