layer at (0,0) size 785x630
  RenderView at (0,0) size 785x600
layer at (0,0) size 785x630
  RenderBlock {html} at (0,0) size 785x631
    RenderBody {body} at (8,8) size 769x600
      RenderBlock (anonymous) at (0,0) size 769x54
        RenderText {#text} at (0,0) size 758x53
          text run at (0,0) width 357: "The two blocks should look identical. "
          text run at (357,0) width 401: "One uses an SVG, and the other just uses a"
          text run at (0,27) width 178: "normal HTML div."
      RenderBlock {p} at (0,77) size 769x28
        RenderText {#text} at (0,0) size 524x26
          text run at (0,0) width 524: "There should be a red, white and blue pattern below this"
      RenderSVGRoot {svg} at (18,145) size 140x141
        RenderSVGRect {rect} at (18,145) size 140x141 [fill={[type=SOLID] [color=#0000FF]}] [x=0.00] [y=0.00] [width=100.00] [height=100.00]
      RenderBlock {p} at (0,287) size 769x28
        RenderText {#text} at (0,0) size 523x26
          text run at (0,0) width 523: "There should be a red, white and blue pattern above this"
      RenderBlock {p} at (0,362) size 769x28
        RenderText {#text} at (0,0) size 524x26
          text run at (0,0) width 524: "There should be a red, white and blue pattern below this"
      RenderBlock (floating) {div} at (10,422) size 140x141 [border: (10px solid #FF0000)]
        RenderBlock {div} at (20,20) size 100x100 [bgcolor=#0000FF]
      RenderBlock {p} at (0,572) size 769x28
        RenderText {#text} at (0,0) size 523x26
          text run at (0,0) width 523: "There should be a red, white and blue pattern above this"
layer at (8,345) size 769x2 clip at (0,0) size 0x0
  RenderBlock {hr} at (0,337) size 769x3 [border: (1px inset #000000)]
