layer at (0,0) size 800x600
  RenderView at (0,0) size 800x600
layer at (0,0) size 800x600
  RenderBlock {HTML} at (0,0) size 800x600
    RenderBody {BODY} at (8,8) size 784x576
      RenderBlock {P} at (0,0) size 784x40
        RenderText {#text} at (0,0) size 260x19
          text run at (0,0) width 260: "This test checks for a regression against "
        RenderInline {I} at (0,0) size 771x39
          RenderInline {A} at (0,0) size 353x19 [color=#0000EE]
            RenderText {#text} at (259,0) size 353x19
              text run at (259,0) width 353: "http://bugzilla.opendarwin.org/show_bug.cgi?id=6214"
          RenderText {#text} at (611,0) size 771x39
            text run at (611,0) width 160: " text-indent in RTL block"
            text run at (0,20) width 112: "does the opposite"
        RenderText {#text} at (111,20) size 5x19
          text run at (111,20) width 5: "."
      RenderBlock {HR} at (0,56) size 784x2 [border: (1px inset #000000)]
      RenderBlock {P} at (0,74) size 784x40 [bgcolor=#00FFFF]
        RenderText {#text} at (23,0) size 761x39
          text run at (23,0) width 711: "The first line of this sententce should be indented 50 pixels to the left, but the rest of it should be flush with the"
          text run at (576,20) width 5 RTL: "."
          text run at (580,20) width 204: "normal right margin of the page"
