layer at (0,0) size 800x600
  RenderView at (0,0) size 800x600
layer at (0,0) size 800x40
  RenderBlock {HTML} at (0,0) size 800x40
    RenderBody {BODY} at (8,8) size 784x24
      RenderMenuList {SELECT} at (2,2) size 383x20 [color=#007AFF] [bgcolor=#EBF5FF]
        RenderBlock (anonymous) at (4,3) size 375x14
          RenderText at (0,0) size 42x14
            text run at (0,0) width 42: "0 Items"
      RenderText {#text} at (0,0) size 0x0
      RenderText {#text} at (0,0) size 0x0
