layer at (0,0) size 800x600
  RenderView at (0,0) size 800x600
layer at (0,0) size 800x600
  RenderBlock {HTML} at (0,0) size 800x600
    RenderBody {BODY} at (8,8) size 784x584
      RenderTable {TABLE} at (0,0) size 212x312 [border: (2px outset #808080)]
        RenderTableSection {TBODY} at (2,2) size 208x308
          RenderTableRow {TR} at (0,2) size 208x304
            RenderTableCell {TD} at (2,2) size 204x304 [border: (1px inset #808080)] [r=0 c=0 rs=1 cs=1]
layer at (14,14) size 200x300 clip at (14,14) size 185x300 scrollHeight 432
  RenderBlock {DIV} at (2,2) size 200x300
    RenderText {#text} at (0,0) size 140x17
      text run at (0,0) width 140: "Lots of overflow text."
    RenderBR {BR} at (139,0) size 1x17
    RenderText {#text} at (0,18) size 140x17
      text run at (0,18) width 140: "Lots of overflow text."
    RenderBR {BR} at (139,18) size 1x17
    RenderText {#text} at (0,36) size 140x17
      text run at (0,36) width 140: "Lots of overflow text."
    RenderBR {BR} at (139,36) size 1x17
    RenderText {#text} at (0,54) size 140x17
      text run at (0,54) width 140: "Lots of overflow text."
    RenderBR {BR} at (139,54) size 1x17
    RenderText {#text} at (0,72) size 140x17
      text run at (0,72) width 140: "Lots of overflow text."
    RenderBR {BR} at (139,72) size 1x17
    RenderText {#text} at (0,90) size 140x17
      text run at (0,90) width 140: "Lots of overflow text."
    RenderBR {BR} at (139,90) size 1x17
    RenderText {#text} at (0,108) size 140x17
      text run at (0,108) width 140: "Lots of overflow text."
    RenderBR {BR} at (139,108) size 1x17
    RenderText {#text} at (0,126) size 140x17
      text run at (0,126) width 140: "Lots of overflow text."
    RenderBR {BR} at (139,126) size 1x17
    RenderText {#text} at (0,144) size 140x17
      text run at (0,144) width 140: "Lots of overflow text."
    RenderBR {BR} at (139,144) size 1x17
    RenderText {#text} at (0,162) size 140x17
      text run at (0,162) width 140: "Lots of overflow text."
    RenderBR {BR} at (139,162) size 1x17
    RenderText {#text} at (0,180) size 140x17
      text run at (0,180) width 140: "Lots of overflow text."
    RenderBR {BR} at (139,180) size 1x17
    RenderText {#text} at (0,198) size 140x17
      text run at (0,198) width 140: "Lots of overflow text."
    RenderBR {BR} at (139,198) size 1x17
    RenderText {#text} at (0,216) size 140x17
      text run at (0,216) width 140: "Lots of overflow text."
    RenderBR {BR} at (139,216) size 1x17
    RenderText {#text} at (0,234) size 140x17
      text run at (0,234) width 140: "Lots of overflow text."
    RenderBR {BR} at (139,234) size 1x17
    RenderText {#text} at (0,252) size 140x17
      text run at (0,252) width 140: "Lots of overflow text."
    RenderBR {BR} at (139,252) size 1x17
    RenderText {#text} at (0,270) size 140x17
      text run at (0,270) width 140: "Lots of overflow text."
    RenderBR {BR} at (139,270) size 1x17
    RenderText {#text} at (0,288) size 140x17
      text run at (0,288) width 140: "Lots of overflow text."
    RenderBR {BR} at (139,288) size 1x17
    RenderText {#text} at (0,306) size 140x17
      text run at (0,306) width 140: "Lots of overflow text."
    RenderBR {BR} at (139,306) size 1x17
    RenderText {#text} at (0,324) size 140x17
      text run at (0,324) width 140: "Lots of overflow text."
    RenderBR {BR} at (139,324) size 1x17
    RenderText {#text} at (0,342) size 140x17
      text run at (0,342) width 140: "Lots of overflow text."
    RenderBR {BR} at (139,342) size 1x17
    RenderText {#text} at (0,360) size 140x17
      text run at (0,360) width 140: "Lots of overflow text."
    RenderBR {BR} at (139,360) size 1x17
    RenderText {#text} at (0,378) size 140x17
      text run at (0,378) width 140: "Lots of overflow text."
    RenderBR {BR} at (139,378) size 1x17
    RenderText {#text} at (0,396) size 140x17
      text run at (0,396) width 140: "Lots of overflow text."
    RenderBR {BR} at (139,396) size 1x17
    RenderText {#text} at (0,414) size 140x17
      text run at (0,414) width 140: "Lots of overflow text."
    RenderBR {BR} at (139,414) size 1x17
