layer at (0,0) size 800x600
  RenderView at (0,0) size 800x600
layer at (10,10) size 780x302
  RenderBlock {fake} at (10,10) size 780x302 [bgcolor=#FFFF00]
layer at (10,10) size 282x302 clip at (11,11) size 265x300 scrollHeight 1165
  RenderBlock {channel} at (0,0) size 282x302 [bgcolor=#EEEEEE] [border: (1px solid #000000)]
    RenderBlock {title} at (11,11) size 255x18
      RenderText {#text} at (0,0) size 115x17
        text run at (0,0) width 115: "scottandrew.com"
    RenderBlock {description} at (11,39) size 255x11
      RenderText {#text} at (0,0) size 160x11
        text run at (0,0) width 160: "DHTML, DOM and JavaScript News"
    RenderBlock {item} at (1,60) size 265x82 [bgcolor=#FFFFFF] [border: (1px solid #CCCCCC) none (1px solid #CCCCCC) none]
      RenderInline {title} at (0,0) size 193x14
        RenderText {#text} at (10,11) size 193x14
          text run at (10,11) width 193: "DHTML Animation Array Generator"
      RenderText {#text} at (202,11) size 4x14
        text run at (202,11) width 4: " "
      RenderInline {description} at (0,0) size 229x59
        RenderText {#text} at (205,11) size 229x59
          text run at (205,11) width 34: "Robert"
          text run at (10,26) width 206: "points us to the first third-party tool for the"
          text run at (10,41) width 216: "DomAPI: The Animation Array Generator, a"
          text run at (10,56) width 118: "visual tool for creating..."
      RenderText {#text} at (0,0) size 0x0
      RenderText {#text} at (0,0) size 0x0
    RenderBlock {item} at (1,152) size 265x82 [bgcolor=#FFFFFF] [border: (1px solid #CCCCCC) none (1px solid #CCCCCC) none]
      RenderInline {title} at (0,0) size 144x14
        RenderText {#text} at (10,11) size 144x14
          text run at (10,11) width 144: "DOM and Extended Entries"
      RenderText {#text} at (153,11) size 4x14
        text run at (153,11) width 4: " "
      RenderInline {description} at (0,0) size 239x59
        RenderText {#text} at (156,11) size 239x59
          text run at (156,11) width 93: "Aarondot: A Better"
          text run at (10,26) width 239: "Way To Display Extended Entries. Very cool, and"
          text run at (10,41) width 205: "uses the DOM and JavaScript to reveal the"
          text run at (10,56) width 53: "extended..."
      RenderText {#text} at (0,0) size 0x0
      RenderText {#text} at (0,0) size 0x0
    RenderBlock {item} at (1,244) size 265x67 [bgcolor=#FFFFFF] [border: (1px solid #CCCCCC) none (1px solid #CCCCCC) none]
      RenderInline {title} at (0,0) size 130x14
        RenderText {#text} at (10,11) size 130x14
          text run at (10,11) width 130: "cellspacing and the DOM"
      RenderText {#text} at (139,11) size 4x14
        text run at (139,11) width 4: " "
      RenderInline {description} at (0,0) size 241x44
        RenderText {#text} at (142,11) size 241x44
          text run at (142,11) width 101: "By the way, if you're"
          text run at (10,26) width 241: "using the DOM to generate TABLE elements, you"
          text run at (10,41) width 177: "have to use setAttribute() to set the..."
      RenderText {#text} at (0,0) size 0x0
      RenderText {#text} at (0,0) size 0x0
    RenderBlock {item} at (1,321) size 265x82 [bgcolor=#FFFFFF] [border: (1px solid #CCCCCC) none (1px solid #CCCCCC) none]
      RenderInline {title} at (0,0) size 139x14
        RenderText {#text} at (10,11) size 139x14
          text run at (10,11) width 139: "contenteditable for Mozilla"
      RenderText {#text} at (148,11) size 4x14
        text run at (148,11) width 4: " "
      RenderInline {description} at (0,0) size 242x59
        RenderText {#text} at (151,11) size 242x59
          text run at (151,11) width 89: "The folks art Q42,"
          text run at (10,26) width 242: "creator of Quek (cute little avatar/chat) and Xopus"
          text run at (10,41) width 228: "(browser-based WYSIWYG XML-editor) have"
          text run at (10,56) width 144: "released code that simulates..."
      RenderText {#text} at (0,0) size 0x0
      RenderText {#text} at (0,0) size 0x0
    RenderBlock {item} at (1,413) size 265x82 [bgcolor=#FFFFFF] [border: (1px solid #CCCCCC) none (1px solid #CCCCCC) none]
      RenderInline {title} at (0,0) size 206x14
        RenderText {#text} at (10,11) size 206x14
          text run at (10,11) width 206: "DHTML Timeline/Keyframe Animation"
      RenderText {#text} at (215,11) size 4x14
        text run at (215,11) width 4: " "
      RenderInline {description} at (0,0) size 228x59
        RenderText {#text} at (218,11) size 228x59
          text run at (218,11) width 20: "Tim"
          text run at (10,26) width 167: "Morgan is working on a Flash-like"
          text run at (10,41) width 217: "timeline/keyframe extension for his DHTML"
          text run at (10,56) width 44: "toolset...."
      RenderText {#text} at (0,0) size 0x0
      RenderText {#text} at (0,0) size 0x0
    RenderBlock {item} at (1,505) size 265x82 [bgcolor=#FFFFFF] [border: (1px solid #CCCCCC) none (1px solid #CCCCCC) none]
      RenderInline {title} at (0,0) size 225x14
        RenderText {#text} at (10,11) size 225x14
          text run at (10,11) width 225: "DynAPI 2.9 and Mozilla compatibility ports"
      RenderText {#text} at (0,0) size 0x0
      RenderInline {description} at (0,0) size 240x44
        RenderText {#text} at (10,26) size 240x44
          text run at (10,26) width 222: "DynAPI 2.9 is the latest release of the popular"
          text run at (10,41) width 240: "cross-browser DHTML library, and is available at"
          text run at (10,56) width 148: "Dan Steinman's original site...."
      RenderText {#text} at (0,0) size 0x0
      RenderText {#text} at (0,0) size 0x0
    RenderBlock {item} at (1,597) size 265x67 [bgcolor=#FFFFFF] [border: (1px solid #CCCCCC) none (1px solid #CCCCCC) none]
      RenderInline {title} at (0,0) size 121x14
        RenderText {#text} at (10,11) size 121x14
          text run at (10,11) width 121: "!lineDraw bookmarklet"
      RenderText {#text} at (130,11) size 4x14
        text run at (130,11) width 4: " "
      RenderInline {description} at (0,0) size 228x44
        RenderText {#text} at (133,11) size 228x44
          text run at (133,11) width 89: "Milov's !lineDraw"
          text run at (10,26) width 228: "bookmarklet is in fact the Coolest Bookmarklet"
          text run at (10,41) width 34: "Ever...."
      RenderText {#text} at (0,0) size 0x0
      RenderText {#text} at (0,0) size 0x0
    RenderBlock {item} at (1,674) size 265x82 [bgcolor=#FFFFFF] [border: (1px solid #CCCCCC) none (1px solid #CCCCCC) none]
      RenderInline {title} at (0,0) size 172x14
        RenderText {#text} at (10,11) size 172x14
          text run at (10,11) width 172: "Mozilla, DHTML and DOM links"
      RenderText {#text} at (181,11) size 4x14
        text run at (181,11) width 4: " "
      RenderInline {description} at (0,0) size 239x59
        RenderText {#text} at (184,11) size 239x59
          text run at (184,11) width 65: "Why Mozilla"
          text run at (10,26) width 222: "Rules (Link via Dean) Steve Champeon: Why"
          text run at (10,41) width 239: "DHTML Will Win. Glish finds a not-quite-DOM-"
          text run at (10,56) width 211: "compliant replacement for innerHTML. It..."
      RenderText {#text} at (0,0) size 0x0
      RenderText {#text} at (0,0) size 0x0
    RenderBlock {item} at (1,766) size 265x52 [bgcolor=#FFFFFF] [border: (1px solid #CCCCCC) none (1px solid #CCCCCC) none]
      RenderInline {title} at (0,0) size 83x14
        RenderText {#text} at (10,11) size 83x14
          text run at (10,11) width 83: "Mozilla 1.0 RC2"
      RenderText {#text} at (92,11) size 4x14
        text run at (92,11) width 4: " "
      RenderInline {description} at (0,0) size 228x29
        RenderText {#text} at (95,11) size 228x29
          text run at (95,11) width 143: "I'm late for this train: Mozilla"
          text run at (10,26) width 209: "1.0 Release Candidate 2 is now available...."
      RenderText {#text} at (0,0) size 0x0
      RenderText {#text} at (0,0) size 0x0
    RenderBlock {item} at (1,828) size 265x82 [bgcolor=#FFFFFF] [border: (1px solid #CCCCCC) none (1px solid #CCCCCC) none]
      RenderInline {title} at (0,0) size 194x14
        RenderText {#text} at (10,11) size 194x14
          text run at (10,11) width 194: "javascript: is deprecated. Don't use it."
      RenderText {#text} at (203,11) size 4x14
        text run at (203,11) width 4: " "
      RenderInline {description} at (0,0) size 244x59
        RenderText {#text} at (206,11) size 244x59
          text run at (206,11) width 34: "Repeat"
          text run at (10,26) width 226: "after me: javascript: is deprecated. Don't use it."
          text run at (10,41) width 244: "javascript: is deprecated. Don't use it. javascript: is"
          text run at (10,56) width 113: "deprecated. Don't use..."
      RenderText {#text} at (0,0) size 0x0
      RenderText {#text} at (0,0) size 0x0
    RenderBlock {item} at (1,920) size 265x67 [bgcolor=#FFFFFF] [border: (1px solid #CCCCCC) none (1px solid #CCCCCC) none]
      RenderInline {title} at (0,0) size 141x14
        RenderText {#text} at (10,11) size 141x14
          text run at (10,11) width 141: "Conditional Script Loading"
      RenderText {#text} at (150,11) size 4x14
        text run at (150,11) width 4: " "
      RenderInline {description} at (0,0) size 214x44
        RenderText {#text} at (153,11) size 214x44
          text run at (153,11) width 71: "Webreference:"
          text run at (10,26) width 208: "DOM-Based Conditional Script Loading in"
          text run at (10,41) width 59: "JavaScript..."
      RenderText {#text} at (0,0) size 0x0
      RenderText {#text} at (0,0) size 0x0
    RenderBlock {item} at (1,997) size 265x67 [bgcolor=#FFFFFF] [border: (1px solid #CCCCCC) none (1px solid #CCCCCC) none]
      RenderInline {title} at (0,0) size 88x14
        RenderText {#text} at (10,11) size 88x14
          text run at (10,11) width 88: "Stories and Tools"
      RenderText {#text} at (97,11) size 4x14
        text run at (97,11) width 4: " "
      RenderInline {description} at (0,0) size 242x44
        RenderText {#text} at (100,11) size 242x44
          text run at (100,11) width 142: "Anil Dash talks about Stories"
          text run at (10,26) width 242: "and Tools, drawing comparisons between the Web"
          text run at (10,41) width 167: "as a text medium and the Web as..."
      RenderText {#text} at (0,0) size 0x0
      RenderText {#text} at (0,0) size 0x0
    RenderBlock {item} at (1,1074) size 265x82 [bgcolor=#FFFFFF] [border: (1px solid #CCCCCC) none (1px solid #CCCCCC) none]
      RenderInline {title} at (0,0) size 133x14
        RenderText {#text} at (10,11) size 133x14
          text run at (10,11) width 133: "Whole Lotto Gecko Links"
      RenderText {#text} at (142,11) size 4x14
        text run at (142,11) width 4: " "
      RenderInline {description} at (0,0) size 238x59
        RenderText {#text} at (145,11) size 238x59
          text run at (145,11) width 103: "AOL Gecko Browser"
          text run at (10,26) width 204: "Detection Tips Establishing Dreamweaver"
          text run at (10,41) width 222: "compatibility with Netscape 6 Stylesheets and"
          text run at (10,56) width 120: "MIME Types in Gecko..."
      RenderText {#text} at (0,0) size 0x0
      RenderText {#text} at (0,0) size 0x0
