layer at (0,0) size 785x990
  RenderView at (0,0) size 785x585
layer at (0,0) size 785x585
  RenderBlock {HTML} at (0,0) size 785x585
    RenderBody {BODY} at (0,0) size 785x585
      RenderText {#text} at (0,0) size 424x17
        text run at (0,0) width 424: "ffffffffffffffffffffffffffffffffffffffffffffffffffffffffffffffffffffffffffffffffffff"
      RenderBR {BR} at (423,0) size 1x17
      RenderText {#text} at (0,18) size 424x17
        text run at (0,18) width 424: "ffffffffffffffffffffffffffffffffffffffffffffffffffffffffffffffffffffffffffffffffffff"
      RenderBR {BR} at (423,18) size 1x17
      RenderText {#text} at (0,36) size 424x17
        text run at (0,36) width 424: "ffffffffffffffffffffffffffffffffffffffffffffffffffffffffffffffffffffffffffffffffffff"
      RenderBR {BR} at (423,36) size 1x17
      RenderText {#text} at (0,54) size 424x17
        text run at (0,54) width 424: "ffffffffffffffffffffffffffffffffffffffffffffffffffffffffffffffffffffffffffffffffffff"
      RenderBR {BR} at (423,54) size 1x17
      RenderText {#text} at (0,72) size 424x17
        text run at (0,72) width 424: "ffffffffffffffffffffffffffffffffffffffffffffffffffffffffffffffffffffffffffffffffffff"
      RenderBR {BR} at (423,72) size 1x17
      RenderText {#text} at (0,90) size 424x17
        text run at (0,90) width 424: "ffffffffffffffffffffffffffffffffffffffffffffffffffffffffffffffffffffffffffffffffffff"
      RenderBR {BR} at (423,90) size 1x17
      RenderText {#text} at (0,108) size 424x17
        text run at (0,108) width 424: "ffffffffffffffffffffffffffffffffffffffffffffffffffffffffffffffffffffffffffffffffffff"
      RenderBR {BR} at (423,108) size 1x17
      RenderText {#text} at (0,126) size 424x17
        text run at (0,126) width 424: "ffffffffffffffffffffffffffffffffffffffffffffffffffffffffffffffffffffffffffffffffffff"
      RenderBR {BR} at (423,126) size 1x17
      RenderText {#text} at (0,144) size 424x17
        text run at (0,144) width 424: "ffffffffffffffffffffffffffffffffffffffffffffffffffffffffffffffffffffffffffffffffffff"
      RenderBR {BR} at (423,144) size 1x17
      RenderText {#text} at (0,162) size 424x17
        text run at (0,162) width 424: "ffffffffffffffffffffffffffffffffffffffffffffffffffffffffffffffffffffffffffffffffffff"
      RenderBR {BR} at (423,162) size 1x17
      RenderText {#text} at (0,180) size 424x17
        text run at (0,180) width 424: "ffffffffffffffffffffffffffffffffffffffffffffffffffffffffffffffffffffffffffffffffffff"
      RenderBR {BR} at (423,180) size 1x17
      RenderText {#text} at (0,198) size 424x17
        text run at (0,198) width 424: "ffffffffffffffffffffffffffffffffffffffffffffffffffffffffffffffffffffffffffffffffffff"
      RenderBR {BR} at (423,198) size 1x17
      RenderText {#text} at (0,216) size 424x17
        text run at (0,216) width 424: "ffffffffffffffffffffffffffffffffffffffffffffffffffffffffffffffffffffffffffffffffffff"
      RenderBR {BR} at (423,216) size 1x17
      RenderText {#text} at (0,234) size 424x17
        text run at (0,234) width 424: "ffffffffffffffffffffffffffffffffffffffffffffffffffffffffffffffffffffffffffffffffffff"
      RenderBR {BR} at (423,234) size 1x17
      RenderText {#text} at (0,252) size 424x17
        text run at (0,252) width 424: "ffffffffffffffffffffffffffffffffffffffffffffffffffffffffffffffffffffffffffffffffffff"
      RenderBR {BR} at (423,252) size 1x17
      RenderText {#text} at (0,270) size 424x17
        text run at (0,270) width 424: "ffffffffffffffffffffffffffffffffffffffffffffffffffffffffffffffffffffffffffffffffffff"
      RenderBR {BR} at (423,270) size 1x17
      RenderText {#text} at (0,288) size 424x17
        text run at (0,288) width 424: "ffffffffffffffffffffffffffffffffffffffffffffffffffffffffffffffffffffffffffffffffffff"
      RenderBR {BR} at (423,288) size 1x17
      RenderText {#text} at (0,306) size 424x17
        text run at (0,306) width 424: "ffffffffffffffffffffffffffffffffffffffffffffffffffffffffffffffffffffffffffffffffffff"
      RenderBR {BR} at (423,306) size 1x17
      RenderText {#text} at (0,324) size 424x17
        text run at (0,324) width 424: "ffffffffffffffffffffffffffffffffffffffffffffffffffffffffffffffffffffffffffffffffffff"
      RenderBR {BR} at (423,324) size 1x17
      RenderText {#text} at (0,342) size 424x17
        text run at (0,342) width 424: "ffffffffffffffffffffffffffffffffffffffffffffffffffffffffffffffffffffffffffffffffffff"
      RenderBR {BR} at (423,342) size 1x17
      RenderText {#text} at (0,360) size 424x17
        text run at (0,360) width 424: "ffffffffffffffffffffffffffffffffffffffffffffffffffffffffffffffffffffffffffffffffffff"
      RenderBR {BR} at (423,360) size 1x17
      RenderText {#text} at (0,378) size 424x17
        text run at (0,378) width 424: "ffffffffffffffffffffffffffffffffffffffffffffffffffffffffffffffffffffffffffffffffffff"
      RenderBR {BR} at (423,378) size 1x17
      RenderText {#text} at (0,396) size 424x17
        text run at (0,396) width 424: "ffffffffffffffffffffffffffffffffffffffffffffffffffffffffffffffffffffffffffffffffffff"
      RenderBR {BR} at (423,396) size 1x17
      RenderText {#text} at (0,414) size 424x17
        text run at (0,414) width 424: "ffffffffffffffffffffffffffffffffffffffffffffffffffffffffffffffffffffffffffffffffffff"
      RenderBR {BR} at (423,414) size 1x17
      RenderText {#text} at (0,432) size 424x17
        text run at (0,432) width 424: "ffffffffffffffffffffffffffffffffffffffffffffffffffffffffffffffffffffffffffffffffffff"
      RenderBR {BR} at (423,432) size 1x17
      RenderText {#text} at (0,450) size 424x17
        text run at (0,450) width 424: "ffffffffffffffffffffffffffffffffffffffffffffffffffffffffffffffffffffffffffffffffffff"
      RenderBR {BR} at (423,450) size 1x17
      RenderText {#text} at (0,468) size 424x17
        text run at (0,468) width 424: "ffffffffffffffffffffffffffffffffffffffffffffffffffffffffffffffffffffffffffffffffffff"
      RenderBR {BR} at (423,468) size 1x17
      RenderText {#text} at (0,486) size 424x17
        text run at (0,486) width 424: "ffffffffffffffffffffffffffffffffffffffffffffffffffffffffffffffffffffffffffffffffffff"
      RenderBR {BR} at (423,486) size 1x17
      RenderText {#text} at (0,504) size 424x17
        text run at (0,504) width 424: "ffffffffffffffffffffffffffffffffffffffffffffffffffffffffffffffffffffffffffffffffffff"
      RenderBR {BR} at (423,504) size 1x17
      RenderText {#text} at (0,522) size 424x17
        text run at (0,522) width 424: "ffffffffffffffffffffffffffffffffffffffffffffffffffffffffffffffffffffffffffffffffffff"
      RenderBR {BR} at (423,522) size 1x17
      RenderText {#text} at (0,540) size 424x17
        text run at (0,540) width 424: "ffffffffffffffffffffffffffffffffffffffffffffffffffffffffffffffffffffffffffffffffffff"
      RenderBR {BR} at (423,540) size 1x17
      RenderText {#text} at (0,558) size 424x17
        text run at (0,558) width 424: "ffffffffffffffffffffffffffffffffffffffffffffffffffffffffffffffffffffffffffffffffffff"
      RenderBR {BR} at (423,558) size 1x17
      RenderText {#text} at (0,576) size 424x17
        text run at (0,576) width 424: "ffffffffffffffffffffffffffffffffffffffffffffffffffffffffffffffffffffffffffffffffffff"
      RenderBR {BR} at (423,576) size 1x17
      RenderText {#text} at (0,594) size 424x17
        text run at (0,594) width 424: "ffffffffffffffffffffffffffffffffffffffffffffffffffffffffffffffffffffffffffffffffffff"
      RenderBR {BR} at (423,594) size 1x17
      RenderText {#text} at (0,612) size 424x17
        text run at (0,612) width 424: "ffffffffffffffffffffffffffffffffffffffffffffffffffffffffffffffffffffffffffffffffffff"
      RenderBR {BR} at (423,612) size 1x17
      RenderText {#text} at (0,630) size 424x17
        text run at (0,630) width 424: "ffffffffffffffffffffffffffffffffffffffffffffffffffffffffffffffffffffffffffffffffffff"
      RenderBR {BR} at (423,630) size 1x17
      RenderText {#text} at (0,648) size 424x17
        text run at (0,648) width 424: "ffffffffffffffffffffffffffffffffffffffffffffffffffffffffffffffffffffffffffffffffffff"
      RenderBR {BR} at (423,648) size 1x17
      RenderText {#text} at (0,666) size 424x17
        text run at (0,666) width 424: "ffffffffffffffffffffffffffffffffffffffffffffffffffffffffffffffffffffffffffffffffffff"
      RenderBR {BR} at (423,666) size 1x17
      RenderText {#text} at (0,684) size 424x17
        text run at (0,684) width 424: "ffffffffffffffffffffffffffffffffffffffffffffffffffffffffffffffffffffffffffffffffffff"
      RenderBR {BR} at (423,684) size 1x17
      RenderText {#text} at (0,702) size 424x17
        text run at (0,702) width 424: "ffffffffffffffffffffffffffffffffffffffffffffffffffffffffffffffffffffffffffffffffffff"
      RenderBR {BR} at (423,702) size 1x17
      RenderText {#text} at (0,720) size 424x17
        text run at (0,720) width 424: "ffffffffffffffffffffffffffffffffffffffffffffffffffffffffffffffffffffffffffffffffffff"
      RenderBR {BR} at (423,720) size 1x17
      RenderText {#text} at (0,738) size 424x17
        text run at (0,738) width 424: "ffffffffffffffffffffffffffffffffffffffffffffffffffffffffffffffffffffffffffffffffffff"
      RenderBR {BR} at (423,738) size 1x17
      RenderText {#text} at (0,756) size 424x17
        text run at (0,756) width 424: "ffffffffffffffffffffffffffffffffffffffffffffffffffffffffffffffffffffffffffffffffffff"
      RenderBR {BR} at (423,756) size 1x17
      RenderText {#text} at (0,774) size 424x17
        text run at (0,774) width 424: "ffffffffffffffffffffffffffffffffffffffffffffffffffffffffffffffffffffffffffffffffffff"
      RenderBR {BR} at (423,774) size 1x17
      RenderText {#text} at (0,792) size 424x17
        text run at (0,792) width 424: "ffffffffffffffffffffffffffffffffffffffffffffffffffffffffffffffffffffffffffffffffffff"
      RenderBR {BR} at (423,792) size 1x17
      RenderText {#text} at (0,810) size 424x17
        text run at (0,810) width 424: "ffffffffffffffffffffffffffffffffffffffffffffffffffffffffffffffffffffffffffffffffffff"
      RenderBR {BR} at (423,810) size 1x17
      RenderText {#text} at (0,828) size 424x17
        text run at (0,828) width 424: "ffffffffffffffffffffffffffffffffffffffffffffffffffffffffffffffffffffffffffffffffffff"
      RenderBR {BR} at (423,828) size 1x17
      RenderText {#text} at (0,846) size 424x17
        text run at (0,846) width 424: "ffffffffffffffffffffffffffffffffffffffffffffffffffffffffffffffffffffffffffffffffffff"
      RenderBR {BR} at (423,846) size 1x17
      RenderText {#text} at (0,864) size 424x17
        text run at (0,864) width 424: "ffffffffffffffffffffffffffffffffffffffffffffffffffffffffffffffffffffffffffffffffffff"
      RenderBR {BR} at (423,864) size 1x17
      RenderText {#text} at (0,882) size 424x17
        text run at (0,882) width 424: "ffffffffffffffffffffffffffffffffffffffffffffffffffffffffffffffffffffffffffffffffffff"
      RenderBR {BR} at (423,882) size 1x17
      RenderText {#text} at (0,900) size 424x17
        text run at (0,900) width 424: "ffffffffffffffffffffffffffffffffffffffffffffffffffffffffffffffffffffffffffffffffffff"
      RenderBR {BR} at (423,900) size 1x17
      RenderText {#text} at (0,918) size 424x17
        text run at (0,918) width 424: "ffffffffffffffffffffffffffffffffffffffffffffffffffffffffffffffffffffffffffffffffffff"
      RenderBR {BR} at (423,918) size 1x17
      RenderText {#text} at (0,936) size 424x17
        text run at (0,936) width 424: "ffffffffffffffffffffffffffffffffffffffffffffffffffffffffffffffffffffffffffffffffffff"
      RenderBR {BR} at (423,936) size 1x17
      RenderText {#text} at (0,954) size 424x17
        text run at (0,954) width 424: "ffffffffffffffffffffffffffffffffffffffffffffffffffffffffffffffffffffffffffffffffffff"
      RenderBR {BR} at (423,954) size 1x17
      RenderText {#text} at (0,972) size 424x17
        text run at (0,972) width 424: "ffffffffffffffffffffffffffffffffffffffffffffffffffffffffffffffffffffffffffffffffffff"
      RenderBR {BR} at (423,972) size 1x17
