layer at (0,0) size 800x600
  RenderView at (0,0) size 800x600
layer at (0,0) size 800x600
  RenderBlock {HTML} at (0,0) size 800x600
    RenderBody {BODY} at (8,8) size 784x584
layer at (8,8) size 158x86 clip at (18,18) size 138x66
  RenderBlock (floating) {DIV} at (0,0) size 159x86 [border: (10px solid #FF0000)]
    RenderImage {IMG} at (10,10) size 86x66
    RenderBlock {DIV} at (10,10) size 139x12
      RenderText {#text} at (92,0) size 6x12
        text run at (92,0) width 6: "x"
    RenderBlock {DIV} at (10,22) size 139x48
      RenderText {#text} at (92,0) size 46x48
        text run at (92,0) width 40: "Ted and"
        text run at (92,12) width 16: "the"
        text run at (92,24) width 46: "miniature"
        text run at (92,36) width 30: "Teddy"
