layer at (0,0) size 800x600
  RenderView at (0,0) size 800x600
layer at (0,0) size 800x600
  RenderBlock {HTML} at (0,0) size 800x600
    RenderBody {BODY} at (8,8) size 784x584
      RenderTable {TABLE} at (0,0) size 106x106
        RenderTableSection {TBODY} at (0,0) size 106x106
          RenderTableRow {TR} at (0,2) size 106x102
            RenderTableCell {TD} at (2,2) size 102x102 [bgcolor=#CCCCCC] [r=0 c=0 rs=1 cs=1]
      RenderBlock (anonymous) at (0,106) size 784x126
        RenderText {#text} at (0,0) size 780x35
          text run at (0,0) width 780: "Here it is: a gray, one-cell, no-width-specified table, with a 100x100 scrolling (overflow:auto) div inside. In this div, there"
          text run at (0,18) width 379: "are floating (float: left) span tags with content inside (text)."
        RenderBR {BR} at (378,18) size 1x17
        RenderBR {BR} at (0,36) size 0x17
        RenderText {#text} at (0,54) size 758x35
          text run at (0,54) width 758: "You would expect that the table would expand to fit the defined width of the div tag. But in Safari and Shiira, the table"
          text run at (0,72) width 200: "expands to fit the height of the "
        RenderInline {I} at (0,0) size 137x17
          RenderText {#text} at (199,72) size 137x17
            text run at (199,72) width 137: "content inside the div"
        RenderText {#text} at (335,72) size 779x35
          text run at (335,72) width 444: ", not the height of the div. This behavior does not occur if the content"
          text run at (0,90) width 88: "is not floated."
        RenderBR {BR} at (87,90) size 1x17
        RenderBR {BR} at (0,108) size 0x17
layer at (11,11) size 100x100 clip at (11,11) size 85x100 scrollHeight 306
  RenderBlock {DIV} at (1,1) size 100x100
    RenderBlock (floating) {SPAN} at (0,0) size 30x18
      RenderText {#text} at (0,0) size 30x17
        text run at (0,0) width 30: "stuff"
    RenderBlock (floating) {SPAN} at (29,0) size 30x18
      RenderText {#text} at (0,0) size 30x17
        text run at (0,0) width 30: "stuff"
    RenderBlock (floating) {SPAN} at (0,18) size 30x18
      RenderText {#text} at (0,0) size 30x17
        text run at (0,0) width 30: "stuff"
    RenderBlock (floating) {SPAN} at (29,18) size 30x18
      RenderText {#text} at (0,0) size 30x17
        text run at (0,0) width 30: "stuff"
    RenderBlock (floating) {SPAN} at (0,36) size 30x18
      RenderText {#text} at (0,0) size 30x17
        text run at (0,0) width 30: "stuff"
    RenderBlock (floating) {SPAN} at (29,36) size 30x18
      RenderText {#text} at (0,0) size 30x17
        text run at (0,0) width 30: "stuff"
    RenderBlock (floating) {SPAN} at (0,54) size 30x18
      RenderText {#text} at (0,0) size 30x17
        text run at (0,0) width 30: "stuff"
    RenderBlock (floating) {SPAN} at (29,54) size 30x18
      RenderText {#text} at (0,0) size 30x17
        text run at (0,0) width 30: "stuff"
    RenderBlock (floating) {SPAN} at (0,72) size 30x18
      RenderText {#text} at (0,0) size 30x17
        text run at (0,0) width 30: "stuff"
    RenderBlock (floating) {SPAN} at (29,72) size 30x18
      RenderText {#text} at (0,0) size 30x17
        text run at (0,0) width 30: "stuff"
    RenderBlock (floating) {SPAN} at (0,90) size 30x18
      RenderText {#text} at (0,0) size 30x17
        text run at (0,0) width 30: "stuff"
    RenderBlock (floating) {SPAN} at (29,90) size 30x18
      RenderText {#text} at (0,0) size 30x17
        text run at (0,0) width 30: "stuff"
    RenderBlock (floating) {SPAN} at (0,108) size 30x18
      RenderText {#text} at (0,0) size 30x17
        text run at (0,0) width 30: "stuff"
    RenderBlock (floating) {SPAN} at (29,108) size 30x18
      RenderText {#text} at (0,0) size 30x17
        text run at (0,0) width 30: "stuff"
    RenderBlock (floating) {SPAN} at (0,126) size 30x18
      RenderText {#text} at (0,0) size 30x17
        text run at (0,0) width 30: "stuff"
    RenderBlock (floating) {SPAN} at (29,126) size 30x18
      RenderText {#text} at (0,0) size 30x17
        text run at (0,0) width 30: "stuff"
    RenderBlock (floating) {SPAN} at (0,144) size 30x18
      RenderText {#text} at (0,0) size 30x17
        text run at (0,0) width 30: "stuff"
    RenderBlock (floating) {SPAN} at (29,144) size 30x18
      RenderText {#text} at (0,0) size 30x17
        text run at (0,0) width 30: "stuff"
    RenderBlock (floating) {SPAN} at (0,162) size 30x18
      RenderText {#text} at (0,0) size 30x17
        text run at (0,0) width 30: "stuff"
    RenderBlock (floating) {SPAN} at (29,162) size 30x18
      RenderText {#text} at (0,0) size 30x17
        text run at (0,0) width 30: "stuff"
    RenderBlock (floating) {SPAN} at (0,180) size 30x18
      RenderText {#text} at (0,0) size 30x17
        text run at (0,0) width 30: "stuff"
    RenderBlock (floating) {SPAN} at (29,180) size 30x18
      RenderText {#text} at (0,0) size 30x17
        text run at (0,0) width 30: "stuff"
    RenderBlock (floating) {SPAN} at (0,198) size 30x18
      RenderText {#text} at (0,0) size 30x17
        text run at (0,0) width 30: "stuff"
    RenderBlock (floating) {SPAN} at (29,198) size 30x18
      RenderText {#text} at (0,0) size 30x17
        text run at (0,0) width 30: "stuff"
    RenderBlock (floating) {SPAN} at (0,216) size 30x18
      RenderText {#text} at (0,0) size 30x17
        text run at (0,0) width 30: "stuff"
    RenderBlock (floating) {SPAN} at (29,216) size 30x18
      RenderText {#text} at (0,0) size 30x17
        text run at (0,0) width 30: "stuff"
    RenderBlock (floating) {SPAN} at (0,234) size 30x18
      RenderText {#text} at (0,0) size 30x17
        text run at (0,0) width 30: "stuff"
    RenderBlock (floating) {SPAN} at (29,234) size 30x18
      RenderText {#text} at (0,0) size 30x17
        text run at (0,0) width 30: "stuff"
    RenderBlock (floating) {SPAN} at (0,252) size 30x18
      RenderText {#text} at (0,0) size 30x17
        text run at (0,0) width 30: "stuff"
    RenderBlock (floating) {SPAN} at (29,252) size 30x18
      RenderText {#text} at (0,0) size 30x17
        text run at (0,0) width 30: "stuff"
    RenderBlock (floating) {SPAN} at (0,270) size 30x18
      RenderText {#text} at (0,0) size 30x17
        text run at (0,0) width 30: "stuff"
    RenderBlock (floating) {SPAN} at (29,270) size 30x18
      RenderText {#text} at (0,0) size 30x17
        text run at (0,0) width 30: "stuff"
    RenderBlock (floating) {SPAN} at (0,288) size 30x18
      RenderText {#text} at (0,0) size 30x17
        text run at (0,0) width 30: "stuff"
    RenderBlock (floating) {SPAN} at (29,288) size 30x18
      RenderText {#text} at (0,0) size 30x17
        text run at (0,0) width 30: "stuff"
