layer at (0,0) size 800x600
  RenderView at (0,0) size 800x600
layer at (0,0) size 800x600
  RenderBlock {HTML} at (0,0) size 800x600
    RenderBody {BODY} at (8,8) size 784x576
      RenderBlock {P} at (0,0) size 784x40 [bgcolor=#FFFFFF]
        RenderText {#text} at (0,0) size 54x19
          text run at (0,0) width 54: "Test for "
        RenderInline {I} at (0,0) size 772x39
          RenderInline {A} at (0,0) size 312x19 [color=#0000EE]
            RenderText {#text} at (53,0) size 312x19
              text run at (53,0) width 312: "https://bugs.webkit.org/show_bug.cgi?id=18445"
          RenderText {#text} at (364,0) size 772x39
            text run at (364,0) width 5: " "
            text run at (368,0) width 404: "Assertion failure in CSSGradientValue::image() when the body"
            text run at (0,20) width 227: "element has a background gradient"
        RenderText {#text} at (226,20) size 5x19
          text run at (226,20) width 5: "."
      RenderBlock {P} at (0,56) size 784x40 [bgcolor=#FFFFFF]
        RenderText {#text} at (0,0) size 764x39
          text run at (0,0) width 379: "The test passes if the root element\x{2019}s background is a linear "
          text run at (378,0) width 386: "gradient from black at the top to white at the bottom, and no"
          text run at (0,20) width 61: "assertion "
          text run at (60,20) width 93: "failure occurs."
