layer at (0,0) size 800x600
  RenderView at (0,0) size 800x600
layer at (0,0) size 800x600
  RenderBlock {HTML} at (0,0) size 800x600
    RenderBody {BODY} at (8,8) size 784x584
      RenderBlock {DIV} at (0,0) size 179x452 [border: (1px solid #000000)]
        RenderInline {SPAN} at (1,18) size 177x416 [bgcolor=#C0C0C0] [border: (2px solid #000000)]
          RenderText {#text} at (3,20) size 50x112
            text run at (3,20) width 50: "  "
          RenderBR {BR} at (53,20) size 0x112
          RenderText {#text} at (1,170) size 125x112
            text run at (1,170) width 125: "     "
          RenderBR {BR} at (126,170) size 0x112
          RenderText {#text} at (1,320) size 175x112
            text run at (1,320) width 175: "       "
        RenderText {#text} at (0,0) size 0x0
      RenderText {#text} at (179,395) size 4x19
        text run at (179,395) width 4: " "
      RenderBlock {DIV} at (183,231) size 452x179 [border: (1px solid #000000)]
        RenderInline {SPAN} at (18,1) size 416x177 [bgcolor=#C0C0C0] [border: (2px solid #000000)]
          RenderText {#text} at (20,3) size 112x50
            text run at (20,3) width 50: "  "
          RenderBR {BR} at (20,53) size 112x0
          RenderText {#text} at (170,1) size 112x125
            text run at (170,1) width 125: "     "
          RenderBR {BR} at (170,126) size 112x0
          RenderText {#text} at (320,1) size 112x175
            text run at (320,1) width 175: "       "
        RenderText {#text} at (0,0) size 0x0
      RenderText {#text} at (0,0) size 0x0
