layer at (0,0) size 800x600
  RenderView at (0,0) size 800x600
layer at (0,0) size 800x104
  RenderBlock {html} at (0,0) size 800x104
    RenderInline {head} at (0,86) size 80x18
      RenderText {#text} at (0,0) size 0x0
      RenderInline {title} at (0,86) size 76x18
        RenderText {#text} at (0,86) size 76x18
          text run at (0,86) width 76: "SVG Image"
      RenderText {#text} at (75,86) size 5x18
        text run at (75,86) width 5: " "
    RenderText {#text} at (0,0) size 0x0
    RenderInline {body} at (79,86) size 601x18
      RenderText {#text} at (0,0) size 0x0
      RenderText {#text} at (0,0) size 0x0
    RenderText {#text} at (0,0) size 0x0
layer at (80,0) size 600x100
  RenderSVGRoot {svg} at (79.98,0) size 600x100
layer at (79.98,0) size 600x100
  RenderSVGViewportContainer at (0,0) size 600x100
layer at (89.98,10) size 100x60
  RenderSVGImage {image} at (10,10) size 100x60
