layer at (0,0) size 800x600
  RenderView at (0,0) size 800x600
layer at (0,0) size 400x400
  RenderSVGRoot {svg} at (0,0) size 400x400
layer at (0,0) size 400x400
  RenderSVGViewportContainer at (0,0) size 400x400
layer at (0,0) size 400x400
  RenderSVGRect {rect} at (0,0) size 400x400 [fill={[type=SOLID] [color=#000000]}] [x=0.00] [y=0.00] [width=400.00] [height=400.00]
layer at (0,-3.61) size 380x29 backgroundClip at (0,0) size 400x400 clip at (0,0) size 400x400
  RenderSVGTransformableContainer {g} at (0,-3.61) size 380x28.61
layer at (0,0) size 380x26
  RenderSVGRect {rect} at (0,3.61) size 380x25 [opacity=0.50] [fill={[type=SOLID] [color=#FFFFFF]}] [x=0.00] [y=0.00] [width=380.00] [height=25.00]
layer at (0,0) size 0x0
  RenderSVGTransformableContainer {g} at (0,3.61) size 0x0
layer at (0,0) size 380x0
  RenderSVGPath {line} at (0,0) size 380x0 [stroke={[type=SOLID] [color=#00000000]}] [fill={[type=SOLID] [color=#000000]}] [x1=0.00] [y1=0.00] [x2=380.00] [y2=0.00]
layer at (0,-0.50) size 0x26
  RenderSVGPath {line} at (0,-0.50) size 0x25.50 [stroke={[type=SOLID] [color=#00000000]}] [fill={[type=SOLID] [color=#000000]}] [x1=0.00] [y1=-0.50] [x2=0.00] [y2=25.00]
layer at (2,-3.61) size 317x23 backgroundClip at (0,0) size 400x400 clip at (0,0) size 400x400
  RenderSVGText {text} at (2,0) size 317x23 contains 1 chunk(s)
    RenderSVGInlineText {#text} at (0,0) size 317x23
      chunk 1 text run 1 at (2.00,14.40) startOffset 0 endOffset 40 width 316.58: "This is hanging from the top-left corner"
layer at (10,45) size 380x150 scrollHeight 156
  RenderSVGForeignObject {foreignObject} at (10,45) size 380x150
    RenderBlock {html} at (0,16) size 380x124
      RenderBody {body} at (8,0) size 364x124
        RenderBlock {p} at (0,0) size 364x90
          RenderText {#text} at (0,0) size 353x36
            text run at (0,0) width 353: "The piece of text above should be aligned with the top-"
            text run at (0,18) width 293: "left corner of the rectangle below it. Both the "
          RenderInline {code} at (292,20) size 48x15
            RenderText {#text} at (292,20) size 48x15
              text run at (292,20) width 48: "<text>"
          RenderText {#text} at (0,36) size 51x18
            text run at (0,36) width 51: "and the "
          RenderInline {code} at (50,38) size 48x15
            RenderText {#text} at (50,38) size 48x15
              text run at (50,38) width 48: "<rect>"
          RenderText {#text} at (0,36) size 353x36
            text run at (97,36) width 256: " are located at the same coordinates and"
            text run at (0,54) width 24: "the "
          RenderInline {code} at (23,56) size 48x15
            RenderText {#text} at (23,56) size 48x15
              text run at (23,56) width 48: "<text>"
          RenderText {#text} at (70,54) size 115x18
            text run at (70,54) width 115: " element uses the "
          RenderInline {code} at (184,56) size 55x15
            RenderText {#text} at (184,56) size 55x15
              text run at (184,56) width 55: "hanging"
          RenderText {#text} at (238,54) size 82x18
            text run at (238,54) width 82: " value for its"
          RenderInline {code} at (0,74) size 133x15
            RenderText {#text} at (0,74) size 133x15
              text run at (0,74) width 133: "dominant-baseline"
          RenderText {#text} at (132,72) size 62x18
            text run at (132,72) width 62: " attribute."
        RenderBlock {p} at (0,106) size 364x18
          RenderInline {a} at (0,0) size 92x18 [color=#800000]
            RenderText {#text} at (0,0) size 92x18
              text run at (0,0) width 92: "Antoine Quint"
          RenderText {#text} at (91,0) size 92x18
            text run at (91,0) width 92: ", January 27th"
