layer at (0,0) size 800x600
  RenderView at (0,0) size 800x600
layer at (0,0) size 800x0
  RenderBlock {html} at (0,0) size 800x0
layer at (48,38) size 722x542 layerType: background only
layer at (49,39) size 720x540
  RenderSVGRoot zI: -1 {svg} at (1,1) size 720x540
layer at (49,39) size 720x540
  RenderSVGViewportContainer at (0,0) size 720x540
layer at (49,39) size 100x100
  RenderSVGRect {rect} at (0,0) size 100x100 [fill={[type=SOLID] [color=#000000]}] [x=0.00] [y=0.00] [width=100.00] [height=100.00]
layer at (69,59) size 60x60
  RenderSVGEllipse {circle} at (20,20) size 60x60 [fill={[type=SOLID] [color=#000000]}] [cx=50.00] [cy=50.00] [r=30.00]
layer at (48,38) size 722x542 layerType: foreground only
  RenderBody {body} at (48,38) size 722x542 [border: (1px solid #000000)]
    RenderBlock {form} at (1,1) size 720x121.59
      RenderFieldSet {fieldset} at (2,0) size 716x121.59 [border: (2px groove #C0C0C0)]
        RenderBlock {legend} at (14,0) size 87.42x18
          RenderText {#text} at (2,0) size 84x18
            text run at (2,0) width 84: "HTML Form"
        RenderBlock {p} at (14,39.59) size 688x19
          RenderInline {label} at (0,0) size 110x18
            RenderText {#text} at (0,0) size 110x18
              text run at (0,0) width 110: "Enter something:"
          RenderText {#text} at (109,0) size 5x18
            text run at (109,0) width 5: " "
          RenderTextControl {input} at (113.75,0) size 147.88x19 [bgcolor=#FFFFFF] [border: (2px inset #808080)]
          RenderText {#text} at (0,0) size 0x0
        RenderBlock {p} at (14,74.59) size 688x19
          RenderButton {button} at (0,1) size 62.09x18 [color=#000000D8] [bgcolor=#C0C0C0] [border: none (2px outset #C0C0C0) none (2px outset #C0C0C0)]
            RenderBlock (anonymous) at (8,2) size 46.09x13
              RenderText {#text} at (0,0) size 47x13
                text run at (0,0) width 47: "Activate!"
layer at (181.75,81.59) size 142x13 backgroundClip at (181.75,81.59) size 141.88x13 clip at (181.75,81.59) size 141.88x13
  RenderBlock {div} at (3,3) size 141.88x13
