layer at (0,0) size 800x600
  RenderView at (0,0) size 800x600
layer at (0,0) size 800x295
  RenderBlock {html} at (0,0) size 800x295
    RenderBody {body} at (8,8) size 784x279
      RenderEmbeddedObject {object} at (0,0) size 175x275 [bgcolor=#FFA500]
        layer at (0,0) size 175x275
          RenderView at (0,0) size 175x275
        layer at (0,0) size 175x275
          RenderSVGRoot {svg} at (0,0) size 175x275
        layer at (0,0) size 175x275
          RenderSVGViewportContainer at (0,0) size 175x275
        layer at (0,0) size 300x300 backgroundClip at (0,0) size 175x275 clip at (0,0) size 175x275
          RenderSVGRect {rect} at (0,0) size 300x300 [fill={[type=SOLID] [color=#0000FF]}] [x=0.00] [y=0.00] [width=300.00] [height=300.00]
        layer at (120,120) size 60x60 backgroundClip at (0,0) size 175x275 clip at (0,0) size 175x275
          RenderSVGEllipse {circle} at (120,120) size 60x60 [fill={[type=SOLID] [color=#008000]}] [cx=150.00] [cy=150.00] [r=30.00]
      RenderText {#text} at (175,261) size 4x18
        text run at (175,261) width 4: " "
      RenderEmbeddedObject {object} at (179,0) size 175x275 [bgcolor=#FFA500]
        layer at (0,0) size 175x275
          RenderView at (0,0) size 175x275
        layer at (0,0) size 175x275
          RenderSVGRoot {svg} at (0,0) size 175x275
        layer at (0,0) size 175x275
          RenderSVGViewportContainer at (0,0) size 175x275
        layer at (0,0) size 300x300 backgroundClip at (0,0) size 175x275 clip at (0,0) size 175x275
          RenderSVGRect {rect} at (0,0) size 300x300 [fill={[type=SOLID] [color=#0000FF]}] [x=0.00] [y=0.00] [width=300.00] [height=300.00]
        layer at (120,120) size 60x60 backgroundClip at (0,0) size 175x275 clip at (0,0) size 175x275
          RenderSVGEllipse {circle} at (120,120) size 60x60 [fill={[type=SOLID] [color=#008000]}] [cx=150.00] [cy=150.00] [r=30.00]
      RenderText {#text} at (354,261) size 4x18
        text run at (354,261) width 4: " "
      RenderEmbeddedObject {object} at (358,0) size 175x275 [bgcolor=#FFA500]
        layer at (0,0) size 175x275
          RenderView at (0,0) size 175x275
        layer at (0,0) size 175x275
          RenderSVGRoot {svg} at (0,0) size 175x275
        layer at (0,0) size 175x275
          RenderSVGViewportContainer at (0,0) size 175x275
        layer at (0,0) size 300x300 backgroundClip at (0,0) size 175x275 clip at (0,0) size 175x275
          RenderSVGRect {rect} at (0,0) size 300x300 [fill={[type=SOLID] [color=#0000FF]}] [x=0.00] [y=0.00] [width=300.00] [height=300.00]
        layer at (120,120) size 60x60 backgroundClip at (0,0) size 175x275 clip at (0,0) size 175x275
          RenderSVGEllipse {circle} at (120,120) size 60x60 [fill={[type=SOLID] [color=#008000]}] [cx=150.00] [cy=150.00] [r=30.00]
      RenderText {#text} at (533,261) size 4x18
        text run at (533,261) width 4: " "
      RenderEmbeddedObject {object} at (537,0) size 175x275 [bgcolor=#FFA500]
        layer at (0,0) size 175x275
          RenderView at (0,0) size 175x275
        layer at (0,0) size 175x275
          RenderSVGRoot {svg} at (0,0) size 175x275
        layer at (0,0) size 175x275
          RenderSVGViewportContainer at (0,0) size 175x275
        layer at (0,0) size 300x300 backgroundClip at (0,0) size 175x275 clip at (0,0) size 175x275
          RenderSVGRect {rect} at (0,0) size 300x300 [fill={[type=SOLID] [color=#0000FF]}] [x=0.00] [y=0.00] [width=300.00] [height=300.00]
        layer at (120,120) size 60x60 backgroundClip at (0,0) size 175x275 clip at (0,0) size 175x275
          RenderSVGEllipse {circle} at (120,120) size 60x60 [fill={[type=SOLID] [color=#008000]}] [cx=150.00] [cy=150.00] [r=30.00]
      RenderText {#text} at (0,0) size 0x0
