layer at (0,0) size 800x600
  RenderView at (0,0) size 800x600
layer at (0,0) size 800x478
  RenderBlock {html} at (0,0) size 800x478
    RenderBody {body} at (8,16) size 784x454
      RenderBlock {p} at (0,0) size 784x36
        RenderText {#text} at (0,0) size 764x36
          text run at (0,0) width 764: "The svg area contained in the div element (red box), should fill out the whole area with a circle, which contains a radial"
          text run at (0,18) width 132: "gradient in its center"
      RenderBlock {div} at (0,52) size 402x402 [border: (1px solid #FF0000)]
        RenderText {#text} at (0,0) size 0x0
layer at (9,69) size 400x400
  RenderSVGRoot {svg} at (1,1) size 400x400
layer at (9,69) size 400x400
  RenderSVGViewportContainer at (0,0) size 400x400
layer at (49,109) size 320x320
  RenderSVGEllipse {circle} at (40,40) size 320x320 [stroke={[type=SOLID] [color=#808080]}] [fill={[type=SOLID] [color=#000000]}] [cx=200.00] [cy=200.00] [r=160.00]
