layer at (0,0) size 800x600
  RenderView at (0,0) size 800x600
layer at (0,0) size 800x516
  RenderBlock {html} at (0,0) size 800x516
    RenderBody {body} at (8,8) size 784x492
      RenderBlock (anonymous) at (0,0) size 784x18
        RenderText {#text} at (0,0) size 645x18
          text run at (0,0) width 245: "The two blocks should look identical. "
          text run at (244,0) width 401: "One uses an SVG, and the other just uses a normal HTML div."
      RenderBlock {p} at (0,34) size 784x18
        RenderText {#text} at (0,0) size 360x18
          text run at (0,0) width 360: "There should be a red, white and blue pattern below this"
      RenderBlock {p} at (0,228) size 784x18
        RenderText {#text} at (0,0) size 359x18
          text run at (0,0) width 359: "There should be a red, white and blue pattern above this"
      RenderBlock {p} at (0,280) size 784x18
        RenderText {#text} at (0,0) size 360x18
          text run at (0,0) width 360: "There should be a red, white and blue pattern below this"
      RenderBlock (floating) {div} at (10,324) size 140x140 [border: (10px solid #FF0000)]
        RenderBlock {div} at (20,20) size 100x100 [bgcolor=#0000FF]
      RenderBlock {p} at (0,474) size 784x18
        RenderText {#text} at (0,0) size 359x18
          text run at (0,0) width 359: "There should be a red, white and blue pattern above this"
layer at (8,270) size 784x2 clip at (0,0) size 0x0
  RenderBlock {hr} at (0,262) size 784x2 [color=#808080] [border: (1px inset #808080)]
layer at (18,86) size 140x140 clip at (38,106) size 100x100
  RenderSVGRoot {svg} at (10,78) size 140x140 [border: (10px solid #FF0000)]
layer at (38,106) size 100x100
  RenderSVGViewportContainer at (20,20) size 100x100
layer at (38,106) size 100x100
  RenderSVGRect {rect} at (0,0) size 100x100 [fill={[type=SOLID] [color=#0000FF]}] [x=0.00] [y=0.00] [width=100.00] [height=100.00]
