layer at (0,0) size 800x600
  RenderView at (0,0) size 800x600
layer at (0,0) size 800x600
  RenderSVGRoot {svg} at (0,0) size 800x600
layer at (0,0) size 800x600
  RenderSVGViewportContainer at (0,0) size 800x600
layer at (0,0) size 800x600
  RenderSVGViewportContainer {svg} at (0,0) size 800x600
layer at (10,10) size 580x380
  RenderSVGForeignObject {foreignObject} at (10,10) size 580x380
    RenderBlock {xhtml:div} at (0,0) size 580x18
      RenderText {#text} at (0,0) size 245x18
        text run at (0,0) width 245: "You should only see this string ONCE"
layer at (0,0) size 800x600
  RenderSVGViewportContainer {svg} at (0,0) size 800x600
layer at (0,0) size 800x600
  RenderSVGViewportContainer {svg} at (0,0) size 800x600
