layer at (0,0) size 800x600
  RenderView at (0,0) size 800x600
layer at (0,0) size 800x360
  RenderBlock {HTML} at (0,0) size 800x360
    RenderBody {BODY} at (8,16) size 784x328
      RenderBlock {P} at (0,0) size 784x20
        RenderText {#text} at (0,0) size 548x19
          text run at (0,0) width 548: "The square should consist of exactly five equal bands, orange, lime, orange, yellow, orange."
      RenderTable {TABLE} at (0,36) size 256x256 [bgcolor=#FFA500] [border: (3px solid #000000)]
        RenderTableSection {TBODY} at (3,3) size 250x250
          RenderTableRow {TR} at (0,0) size 250x250
            RenderTableCell {TD} at (0,0) size 50x250 [r=0 c=0 rs=1 cs=1]
              RenderBlock (anonymous) at (0,0) size 50x0
                RenderInline {SPAN} at (0,0) size 0x0
              RenderBlock (anonymous) at (0,50) size 50x50
                RenderBlock {DIV} at (0,0) size 50x50 [bgcolor=#00FF00]
              RenderBlock (anonymous) at (0,150) size 50x0
                RenderInline {SPAN} at (0,0) size 0x0
                RenderText {#text} at (0,0) size 0x0
                RenderInline {SPAN} at (0,0) size 0x0
              RenderBlock (anonymous) at (0,150) size 50x50
                RenderBlock {DIV} at (0,0) size 50x50 [bgcolor=#FFFF00]
              RenderBlock (anonymous) at (0,250) size 50x0
                RenderInline {SPAN} at (0,0) size 0x0
                RenderText {#text} at (0,0) size 0x0
            RenderTableCell {TD} at (50,0) size 50x250 [r=0 c=1 rs=1 cs=1]
              RenderBlock (anonymous) at (0,0) size 50x0
                RenderInline {SPAN} at (0,0) size 0x0
              RenderBlock (anonymous) at (0,50) size 50x50
                RenderBlock {DIV} at (0,0) size 50x50 [bgcolor=#00FF00]
              RenderBlock (anonymous) at (0,150) size 50x0
                RenderInline {SPAN} at (0,0) size 0x0
                RenderText {#text} at (0,0) size 0x0
                RenderInline {SPAN} at (0,0) size 0x0
              RenderBlock (anonymous) at (0,150) size 50x50
                RenderBlock {DIV} at (0,0) size 50x50 [bgcolor=#FFFF00]
              RenderBlock (anonymous) at (0,250) size 50x0
                RenderInline {SPAN} at (0,0) size 0x0
                RenderText {#text} at (0,0) size 0x0
            RenderTableCell {TD} at (100,0) size 50x250 [r=0 c=2 rs=1 cs=1]
              RenderBlock (anonymous) at (0,0) size 50x0
                RenderInline {SPAN} at (0,0) size 0x0
              RenderBlock (anonymous) at (0,50) size 50x50
                RenderBlock {DIV} at (0,0) size 50x50 [bgcolor=#00FF00]
              RenderBlock (anonymous) at (0,100) size 50x0
                RenderInline {SPAN} at (0,0) size 0x0
                RenderText {#text} at (0,0) size 0x0
                RenderInline {SPAN} at (0,0) size 0x0
              RenderBlock (anonymous) at (0,150) size 50x50
                RenderBlock {DIV} at (0,0) size 50x50 [bgcolor=#FFFF00]
              RenderBlock (anonymous) at (0,250) size 50x0
                RenderInline {SPAN} at (0,0) size 0x0
                RenderText {#text} at (0,0) size 0x0
            RenderTableCell {TD} at (150,0) size 50x250 [r=0 c=3 rs=1 cs=1]
              RenderBlock (anonymous) at (0,0) size 50x0
                RenderInline {SPAN} at (0,0) size 0x0
              RenderBlock (anonymous) at (0,50) size 50x50
                RenderBlock {DIV} at (0,0) size 50x50 [bgcolor=#00FF00]
              RenderBlock (anonymous) at (0,200) size 50x0
                RenderInline {SPAN} at (0,0) size 0x0
                RenderText {#text} at (0,0) size 0x0
                RenderInline {SPAN} at (0,0) size 0x0
              RenderBlock (anonymous) at (0,150) size 50x50
                RenderBlock {DIV} at (0,0) size 50x50 [bgcolor=#FFFF00]
              RenderBlock (anonymous) at (0,250) size 50x0
                RenderInline {SPAN} at (0,0) size 0x0
                RenderText {#text} at (0,0) size 0x0
            RenderTableCell {TD} at (200,0) size 50x250 [r=0 c=4 rs=1 cs=1]
              RenderBlock (anonymous) at (0,0) size 50x0
                RenderInline {SPAN} at (0,0) size 0x0
              RenderBlock (anonymous) at (0,50) size 50x50
                RenderBlock {DIV} at (0,0) size 50x50 [bgcolor=#00FF00]
              RenderBlock (anonymous) at (0,50) size 50x0
                RenderInline {SPAN} at (0,0) size 0x0
                RenderText {#text} at (0,0) size 0x0
                RenderInline {SPAN} at (0,0) size 0x0
              RenderBlock (anonymous) at (0,150) size 50x50
                RenderBlock {DIV} at (0,0) size 50x50 [bgcolor=#FFFF00]
              RenderBlock (anonymous) at (0,250) size 50x0
                RenderInline {SPAN} at (0,0) size 0x0
                RenderText {#text} at (0,0) size 0x0
      RenderBlock {P} at (0,308) size 784x20
        RenderText {#text} at (0,0) size 244x19
          text run at (0,0) width 244: "This test is meaningless if you don't pass "
        RenderInline {A} at (0,0) size 49x19 [color=#0000EE]
          RenderText {#text} at (244,0) size 49x19
            text run at (244,0) width 49: "test 006"
        RenderText {#text} at (293,0) size 4x19
          text run at (293,0) width 4: "."
