layer at (0,0) size 800x600
  RenderView at (0,0) size 800x600
layer at (0,0) size 800x226
  RenderBlock {HTML} at (0,0) size 800x226
    RenderBody {BODY} at (8,16) size 784x202
      RenderBlock {P} at (0,0) size 784x20
        RenderText {#text} at (0,0) size 277x19
          text run at (0,0) width 277: "The following two squares should be identical."
      RenderTable {TABLE} at (0,36) size 316x166
        RenderTableSection {TBODY} at (0,0) size 316x166
          RenderTableRow {TR} at (0,16) size 316x134
            RenderTableCell {TD} at (16,16) size 134x134 [bgcolor=#FF0000] [border: (3px solid #000000)] [r=0 c=0 rs=1 cs=1]
              RenderBlock {DIV} at (3,3) size 128x128 [bgcolor=#00FF00]
                RenderBlock (anonymous) at (0,0) size 128x0
                  RenderBlock (floating) {DIV} at (0,0) size 64x64 [bgcolor=#00FFFF]
                  RenderInline {SPAN} at (0,0) size 0x0
                RenderBlock (anonymous) at (0,0) size 128x128
                  RenderBlock {DIV} at (0,64) size 128x0 [bgcolor=#FF0000]
                  RenderBlock {DIV} at (0,64) size 128x64 [border: (32px solid #FFFF00)]
                RenderBlock (anonymous) at (0,128) size 128x0
                  RenderInline {SPAN} at (0,0) size 0x0
                  RenderText {#text} at (0,0) size 0x0
            RenderTableCell {TD} at (166,16) size 134x134 [bgcolor=#FF0000] [border: (3px solid #000000)] [r=0 c=1 rs=1 cs=1]
              RenderTable {TABLE} at (3,3) size 128x128
                RenderTableSection {TBODY} at (0,0) size 128x128
                  RenderTableRow {TR} at (0,0) size 128x64
                    RenderTableCell {TD} at (0,32) size 64x0 [bgcolor=#00FFFF] [r=0 c=0 rs=1 cs=1]
                    RenderTableCell {TD} at (64,32) size 64x0 [bgcolor=#00FF00] [r=0 c=1 rs=1 cs=1]
                  RenderTableRow {TR} at (0,64) size 128x64
                    RenderTableCell {TD} at (0,96) size 128x0 [bgcolor=#FFFF00] [r=1 c=0 rs=1 cs=2]
