layer at (0,0) size 800x600
  RenderView at (0,0) size 800x600
layer at (0,0) size 800x176
  RenderBlock {HTML} at (0,0) size 800x176
    RenderBody {BODY} at (8,8) size 784x152
      RenderBlock {DIV} at (0,0) size 784x100
      RenderBlock (anonymous) at (0,100) size 784x18
        RenderText {#text} at (0,0) size 496x18
          text run at (0,0) width 314: "This file has a doc type with no public identifier. "
          text run at (313,0) width 183: "We should be in strict mode."
      RenderBlock {UL} at (0,134) size 784x18
        RenderListItem {LI} at (40,0) size 744x18
          RenderBlock {UL} at (0,0) size 744x18
            RenderListItem {LI} at (40,0) size 704x18
              RenderListMarker at (-17,0) size 7x18: white bullet
              RenderListMarker at (-57,0) size 7x18: bullet
              RenderText {#text} at (0,0) size 256x18
                text run at (0,0) width 256: "Both bullets should be on the same line."
layer at (8,8) size 80x80
  RenderBlock (positioned) {DIV} at (8,8) size 80x80 [bgcolor=#008000]
