layer at (0,0) size 785x605
  RenderView at (0,0) size 785x600
layer at (0,0) size 785x605
  RenderBlock {HTML} at (0,0) size 785x605
    RenderBody {BODY} at (8,8) size 769x589 [bgcolor=#CCCCCC]
      RenderBlock {P} at (0,0) size 769x20
        RenderText {#text} at (0,0) size 380x19
          text run at (0,0) width 380: "The style declarations which apply to the text below are:"
      RenderBlock {PRE} at (0,36) size 769x64
        RenderText {#text} at (0,0) size 264x64
          text run at (0,0) width 264: "P:first-line {font-weight: bold;}"
          text run at (264,0) width 0: " "
          text run at (0,16) width 256: "P.two:first-line {color: green;}"
          text run at (256,16) width 0: " "
          text run at (0,32) width 256: "P:first-line.three {color: red;}"
          text run at (256,32) width 0: " "
          text run at (0,48) width 0: " "
      RenderBlock {P} at (0,131) size 769x40
        RenderText {#text} at (0,0) size 718x39
          text run at (0,0) width 339: "The first line of this sentence should be boldfaced. "
          text run at (339,0) width 379: "This test is included simply to establish a baseline for the"
          text run at (0,20) width 636: "following tests, since if this test fails, then the rest of the tests on this page are expected to fail as well."
      RenderBlock {P} at (0,187) size 769x40
        RenderText {#text} at (0,0) size 754x39
          text run at (0,0) width 555: "The first line of this sentence should be boldfaced and green, thanks to its selector. "
          text run at (555,0) width 199: "If this is not the case, then the"
          text run at (0,20) width 565: "user agent may have failed to properly parse the selector, or it may simply not support the "
        RenderInline {TT} at (0,0) size 88x16
          RenderText {#text} at (565,23) size 88x16
            text run at (565,23) width 88: ":first-line"
        RenderText {#text} at (653,20) size 107x19
          text run at (653,20) width 107: " pseudo-element."
      RenderBlock {P} at (0,243) size 769x80
        RenderText {#text} at (0,0) size 765x79
          text run at (0,0) width 339: "The first line of this sentence should be boldfaced. "
          text run at (339,0) width 415: "If it is red, then the user agent has violated the specification in"
          text run at (0,20) width 430: "allowing pseudo-elements at a point other than the end of a selector. "
          text run at (430,20) width 335: "If neither is the case, then the user agent has correctly"
          text run at (0,40) width 750: "ignored the incorrect selector, but has suppressed other styles which are valid, and therefore must be considered to have"
          text run at (0,60) width 87: "failed the test."
      RenderTable {TABLE} at (0,339) size 769x250 [border: (1px outset #808080)]
        RenderTableSection {TBODY} at (1,1) size 767x248
          RenderTableRow {TR} at (0,0) size 767x28
            RenderTableCell {TD} at (0,0) size 767x28 [bgcolor=#C0C0C0] [border: (1px inset #808080)] [r=0 c=0 rs=1 cs=2]
              RenderInline {STRONG} at (0,0) size 160x19
                RenderText {#text} at (4,4) size 160x19
                  text run at (4,4) width 160: "TABLE Testing Section"
          RenderTableRow {TR} at (0,28) size 767x220
            RenderTableCell {TD} at (0,124) size 12x28 [bgcolor=#C0C0C0] [border: (1px inset #808080)] [r=1 c=0 rs=1 cs=1]
              RenderText {#text} at (4,4) size 4x19
                text run at (4,4) width 4: " "
            RenderTableCell {TD} at (12,28) size 755x220 [border: (1px inset #808080)] [r=1 c=1 rs=1 cs=1]
              RenderBlock {P} at (4,4) size 747x40
                RenderText {#text} at (0,0) size 718x39
                  text run at (0,0) width 339: "The first line of this sentence should be boldfaced. "
                  text run at (339,0) width 379: "This test is included simply to establish a baseline for the"
                  text run at (0,20) width 636: "following tests, since if this test fails, then the rest of the tests on this page are expected to fail as well."
              RenderBlock {P} at (4,60) size 747x60
                RenderText {#text} at (0,0) size 729x39
                  text run at (0,0) width 555: "The first line of this sentence should be boldfaced and green, thanks to its selector. "
                  text run at (555,0) width 174: "If this is not the case, then"
                  text run at (0,20) width 588: "the user agent may have failed to properly parse the selector, or it may simply not support the "
                RenderInline {TT} at (0,0) size 88x16
                  RenderText {#text} at (588,23) size 88x16
                    text run at (588,23) width 88: ":first-line"
                RenderText {#text} at (676,20) size 730x39
                  text run at (676,20) width 54: " pseudo-"
                  text run at (0,40) width 53: "element."
              RenderBlock {P} at (4,136) size 747x80
                RenderText {#text} at (0,0) size 737x79
                  text run at (0,0) width 339: "The first line of this sentence should be boldfaced. "
                  text run at (339,0) width 398: "If it is red, then the user agent has violated the specification"
                  text run at (0,20) width 446: "in allowing pseudo-elements at a point other than the end of a selector. "
                  text run at (446,20) width 276: "If neither is the case, then the user agent has"
                  text run at (0,40) width 687: "correctly ignored the incorrect selector, but has suppressed other styles which are valid, and therefore must be"
                  text run at (0,60) width 209: "considered to have failed the test."
layer at (8,121) size 769x2 clip at (0,0) size 0x0
  RenderBlock {HR} at (0,113) size 769x2 [border: (1px inset #000000)]
