layer at (0,0) size 785x1452
  RenderView at (0,0) size 785x600
layer at (0,0) size 785x1452
  RenderBlock {HTML} at (0,0) size 785x1452
    RenderBody {BODY} at (8,16) size 769x1420
      RenderBlock {P} at (0,0) size 769x54
        RenderText {#text} at (10,0) size 759x54
          text run at (10,0) width 404: "Test rendering of 3 text runs -- TextRun1 TextRun2 TextRun3, "
          text run at (414,0) width 355: "in which TextRun1 and TextRun2's bidi level are 2, and"
          text run at (50,18) width 719: "TextRun3's bidi level is 1. TextRun2 and TextRun3 are siblings. But their ancestor (not their parent) is a sibling of"
          text run at (89,36) width 72: "TextRun1. "
          text run at (161,36) width 608: "The visual order should be TextRun3 TextRun1 TextRun2, not TextRun3 TextRun2 TextRun1."
      RenderBlock {HR} at (0,70) size 769x2 [border: (1px inset #000000)]
      RenderBlock {P} at (0,88) size 769x18
        RenderText {#text} at (307,0) size 462x18
          text run at (307,0) width 341: "Pure text. The following 3 lines should all display as \""
          text run at (648,0) width 26 RTL: "\x{5E9}\x{5E0}\x{5D1}"
          text run at (674,0) width 95: " This is a Test\""
      RenderBlock {DIV} at (0,122) size 769x18 [bgcolor=#FF0000]
        RenderText {#text} at (685,0) size 57x18
          text run at (685,0) width 57: "This is a "
        RenderInline {SPAN} at (0,0) size 114x18
          RenderInline {SPAN} at (0,0) size 114x18
            RenderText {#text} at (681,0) size 88x18
              text run at (681,0) width 4 RTL: " "
              text run at (742,0) width 27: "Test"
            RenderInline {SPAN} at (0,0) size 26x18
              RenderText {#text} at (655,0) size 26x18
                text run at (655,0) width 26 RTL: "\x{5E9}\x{5E0}\x{5D1}"
      RenderBlock {DIV} at (0,140) size 769x18 [bgcolor=#FF0000]
        RenderText {#text} at (685,0) size 57x18
          text run at (685,0) width 57: "This is a "
        RenderInline {SPAN} at (0,0) size 114x18
          RenderInline {SPAN} at (0,0) size 114x18
            RenderInline {SPAN} at (0,0) size 114x18
              RenderText {#text} at (681,0) size 88x18
                text run at (681,0) width 4 RTL: " "
                text run at (742,0) width 27: "Test"
              RenderInline {SPAN} at (0,0) size 26x18
                RenderText {#text} at (655,0) size 26x18
                  text run at (655,0) width 26 RTL: "\x{5E9}\x{5E0}\x{5D1}"
      RenderBlock {DIV} at (0,158) size 769x18
        RenderText {#text} at (685,0) size 57x18
          text run at (685,0) width 57: "This is a "
        RenderInline {SPAN} at (0,0) size 114x18
          RenderText {#text} at (681,0) size 88x18
            text run at (681,0) width 4 RTL: " "
            text run at (742,0) width 27: "Test"
          RenderInline {SPAN} at (0,0) size 26x18
            RenderText {#text} at (655,0) size 26x18
              text run at (655,0) width 26 RTL: "\x{5E9}\x{5E0}\x{5D1}"
      RenderBlock {HR} at (0,184) size 769x2 [border: (1px inset #000000)]
      RenderBlock {P} at (0,202) size 769x18
        RenderText {#text} at (319,0) size 450x18
          text run at (319,0) width 450: "Text in <em>. The English text should be displayed as \"This is a Test\"."
      RenderBlock {DIV} at (0,236) size 769x18 [bgcolor=#FF0000]
        RenderText {#text} at (686,0) size 57x18
          text run at (686,0) width 57: "This is a "
        RenderInline {SPAN} at (0,0) size 83x18
          RenderInline {EM} at (0,0) size 83x18
            RenderInline {SPAN} at (0,0) size 0x18
            RenderText {#text} at (743,0) size 26x18
              text run at (743,0) width 26: "Test"
            RenderInline {SPAN} at (0,0) size 0x18
      RenderBlock {DIV} at (0,254) size 769x18 [bgcolor=#FF0000]
        RenderText {#text} at (686,0) size 57x18
          text run at (686,0) width 57: "This is a "
        RenderInline {SPAN} at (0,0) size 83x18
          RenderInline {EM} at (0,0) size 83x18
            RenderText {#text} at (743,0) size 26x18
              text run at (743,0) width 26: "Test"
            RenderInline {SPAN} at (0,0) size 0x18
      RenderBlock {DIV} at (0,272) size 769x18 [bgcolor=#FF0000]
        RenderText {#text} at (686,0) size 57x18
          text run at (686,0) width 57: "This is a "
        RenderInline {SPAN} at (0,0) size 115x18
          RenderInline {EM} at (0,0) size 115x18
            RenderText {#text} at (682,0) size 87x18
              text run at (682,0) width 4 RTL: " "
              text run at (743,0) width 26: "Test"
            RenderInline {SPAN} at (0,0) size 28x18
              RenderText {#text} at (654,0) size 28x18
                text run at (654,0) width 28 RTL: "\x{5D3}\x{5DE}\x{5D4}"
      RenderBlock {DIV} at (0,290) size 769x18
        RenderText {#text} at (686,0) size 57x18
          text run at (686,0) width 57: "This is a "
        RenderInline {SPAN} at (0,0) size 26x18
          RenderInline {EM} at (0,0) size 26x18
            RenderInline {SPAN} at (0,0) size 0x18
            RenderText {#text} at (743,0) size 26x18
              text run at (743,0) width 26: "Test"
      RenderBlock {DIV} at (0,308) size 769x18
        RenderText {#text} at (686,0) size 57x18
          text run at (686,0) width 57: "This is a "
        RenderInline {SPAN} at (0,0) size 26x18
          RenderInline {EM} at (0,0) size 26x18
            RenderText {#text} at (743,0) size 26x18
              text run at (743,0) width 26: "Test"
      RenderBlock {HR} at (0,334) size 769x2 [border: (1px inset #000000)]
      RenderBlock {P} at (0,352) size 769x18
        RenderText {#text} at (295,0) size 474x18
          text run at (295,0) width 474: "Text in <strong>. The following lines should all display as \"This is a Test\"."
      RenderBlock {DIV} at (0,386) size 769x18 [bgcolor=#FF0000]
        RenderText {#text} at (683,0) size 57x18
          text run at (683,0) width 57: "This is a "
        RenderInline {SPAN} at (0,0) size 86x18
          RenderInline {STRONG} at (0,0) size 86x18
            RenderInline {SPAN} at (0,0) size 0x18
            RenderText {#text} at (740,0) size 29x18
              text run at (740,0) width 29: "Test"
            RenderInline {SPAN} at (0,0) size 0x18
      RenderBlock {DIV} at (0,404) size 769x18 [bgcolor=#FF0000]
        RenderText {#text} at (683,0) size 57x18
          text run at (683,0) width 57: "This is a "
        RenderInline {SPAN} at (0,0) size 86x18
          RenderInline {STRONG} at (0,0) size 86x18
            RenderText {#text} at (740,0) size 29x18
              text run at (740,0) width 29: "Test"
            RenderInline {SPAN} at (0,0) size 0x18
      RenderBlock {DIV} at (0,422) size 769x18
        RenderText {#text} at (683,0) size 57x18
          text run at (683,0) width 57: "This is a "
        RenderInline {SPAN} at (0,0) size 29x18
          RenderInline {STRONG} at (0,0) size 29x18
            RenderInline {SPAN} at (0,0) size 0x18
            RenderText {#text} at (740,0) size 29x18
              text run at (740,0) width 29: "Test"
      RenderBlock {DIV} at (0,440) size 769x18
        RenderText {#text} at (683,0) size 57x18
          text run at (683,0) width 57: "This is a "
        RenderInline {SPAN} at (0,0) size 29x18
          RenderInline {STRONG} at (0,0) size 29x18
            RenderText {#text} at (740,0) size 29x18
              text run at (740,0) width 29: "Test"
      RenderBlock {HR} at (0,466) size 769x2 [border: (1px inset #000000)]
      RenderBlock {P} at (0,484) size 769x18
        RenderText {#text} at (330,0) size 439x18
          text run at (330,0) width 439: "Text in <i>. The following lines should all display as \"This is a Test\"."
      RenderBlock {DIV} at (0,518) size 769x18 [bgcolor=#FF0000]
        RenderText {#text} at (686,0) size 57x18
          text run at (686,0) width 57: "This is a "
        RenderInline {SPAN} at (0,0) size 83x18
          RenderInline {I} at (0,0) size 83x18
            RenderInline {SPAN} at (0,0) size 0x18
            RenderText {#text} at (743,0) size 26x18
              text run at (743,0) width 26: "Test"
            RenderInline {SPAN} at (0,0) size 0x18
      RenderBlock {DIV} at (0,536) size 769x18 [bgcolor=#FF0000]
        RenderText {#text} at (686,0) size 57x18
          text run at (686,0) width 57: "This is a "
        RenderInline {SPAN} at (0,0) size 83x18
          RenderInline {I} at (0,0) size 83x18
            RenderText {#text} at (743,0) size 26x18
              text run at (743,0) width 26: "Test"
            RenderInline {SPAN} at (0,0) size 0x18
      RenderBlock {DIV} at (0,554) size 769x18
        RenderText {#text} at (686,0) size 57x18
          text run at (686,0) width 57: "This is a "
        RenderInline {SPAN} at (0,0) size 26x18
          RenderInline {I} at (0,0) size 26x18
            RenderInline {SPAN} at (0,0) size 0x18
            RenderText {#text} at (743,0) size 26x18
              text run at (743,0) width 26: "Test"
      RenderBlock {DIV} at (0,572) size 769x18
        RenderText {#text} at (686,0) size 57x18
          text run at (686,0) width 57: "This is a "
        RenderInline {SPAN} at (0,0) size 26x18
          RenderInline {I} at (0,0) size 26x18
            RenderText {#text} at (743,0) size 26x18
              text run at (743,0) width 26: "Test"
      RenderBlock {HR} at (0,598) size 769x2 [border: (1px inset #000000)]
      RenderBlock {P} at (0,616) size 769x18
        RenderText {#text} at (326,0) size 443x18
          text run at (326,0) width 443: "Text in <b>. The following lines should all display as \"This is a Test\"."
      RenderBlock {DIV} at (0,650) size 769x18 [bgcolor=#FF0000]
        RenderText {#text} at (683,0) size 57x18
          text run at (683,0) width 57: "This is a "
        RenderInline {SPAN} at (0,0) size 86x18
          RenderInline {B} at (0,0) size 86x18
            RenderInline {SPAN} at (0,0) size 0x18
            RenderText {#text} at (740,0) size 29x18
              text run at (740,0) width 29: "Test"
            RenderInline {SPAN} at (0,0) size 0x18
      RenderBlock {DIV} at (0,668) size 769x18 [bgcolor=#FF0000]
        RenderText {#text} at (683,0) size 57x18
          text run at (683,0) width 57: "This is a "
        RenderInline {SPAN} at (0,0) size 86x18
          RenderInline {B} at (0,0) size 86x18
            RenderText {#text} at (740,0) size 29x18
              text run at (740,0) width 29: "Test"
            RenderInline {SPAN} at (0,0) size 0x18
      RenderBlock {DIV} at (0,686) size 769x18
        RenderText {#text} at (683,0) size 57x18
          text run at (683,0) width 57: "This is a "
        RenderInline {SPAN} at (0,0) size 29x18
          RenderInline {B} at (0,0) size 29x18
            RenderInline {SPAN} at (0,0) size 0x18
            RenderText {#text} at (740,0) size 29x18
              text run at (740,0) width 29: "Test"
      RenderBlock {DIV} at (0,704) size 769x18
        RenderText {#text} at (683,0) size 57x18
          text run at (683,0) width 57: "This is a "
        RenderInline {SPAN} at (0,0) size 29x18
          RenderInline {B} at (0,0) size 29x18
            RenderText {#text} at (740,0) size 29x18
              text run at (740,0) width 29: "Test"
      RenderBlock (anonymous) at (0,722) size 769x0
        RenderInline {B} at (0,0) size 0x0
          RenderText {#text} at (0,0) size 0x0
      RenderBlock (anonymous) at (0,730) size 769x690
        RenderBlock {HR} at (0,0) size 769x2 [border: (1px inset #000000)]
        RenderBlock {P} at (0,18) size 769x18
          RenderText {#text} at (97,0) size 672x18
            text run at (97,0) width 672: "Text in <img>, <href>, <em>, <tr>. The following English text should all display as \"This is a Test\"."
        RenderBlock {DIV} at (0,52) size 769x24 [bgcolor=#FF0000]
          RenderText {#text} at (680,6) size 60x18
            text run at (680,6) width 60: "This is a "
          RenderInline {SPAN} at (0,0) size 109x18
            RenderInline {A} at (0,0) size 109x18 [color=#0000EE]
              RenderText {#text} at (740,6) size 29x18
                text run at (740,6) width 29: "Test"
              RenderInline {SPAN} at (0,0) size 20x18
                RenderImage {IMG} at (660,0) size 20x20
        RenderBlock {DIV} at (0,76) size 769x18 [bgcolor=#FF0000]
          RenderText {#text} at (680,0) size 60x18
            text run at (680,0) width 60: "This is a "
          RenderInline {SPAN} at (0,0) size 119x18
            RenderInline {A} at (0,0) size 119x18 [color=#0000EE]
              RenderText {#text} at (676,0) size 93x18
                text run at (676,0) width 4 RTL: " "
                text run at (740,0) width 29: "Test"
              RenderInline {SPAN} at (0,0) size 26x18
                RenderText {#text} at (650,0) size 26x18
                  text run at (650,0) width 26 RTL: "\x{5E9}\x{5E0}\x{5D1}"
        RenderBlock {DIV} at (0,94) size 769x18 [bgcolor=#FF0000]
          RenderText {#text} at (682,0) size 60x18
            text run at (682,0) width 60: "This is a "
          RenderInline {SPAN} at (0,0) size 87x18
            RenderInline {EM} at (0,0) size 87x18
              RenderText {#text} at (742,0) size 27x18
                text run at (742,0) width 27: "Test"
              RenderInline {A} at (0,0) size 0x18 [color=#0000EE]
        RenderBlock {DIV} at (0,112) size 769x24 [bgcolor=#FF0000]
          RenderText {#text} at (682,6) size 60x18
            text run at (682,6) width 60: "This is a "
          RenderInline {SPAN} at (0,0) size 107x18
            RenderInline {EM} at (0,0) size 107x18
              RenderText {#text} at (742,6) size 27x18
                text run at (742,6) width 27: "Test"
              RenderInline {SPAN} at (0,0) size 20x18
                RenderImage {IMG} at (662,0) size 20x20
        RenderBlock {DIV} at (0,136) size 769x18
          RenderText {#text} at (639,0) size 60x18
            text run at (639,0) width 60: "This is a "
          RenderInline {SPAN} at (0,0) size 70x18
            RenderInline {A} at (0,0) size 70x18 [color=#0000EE]
              RenderText {#text} at (699,0) size 33x18
                text run at (699,0) width 33: "Test "
              RenderInline {SPAN} at (0,0) size 37x18
                RenderText {#text} at (732,0) size 37x18
                  text run at (732,0) width 37: "again"
        RenderBlock {DIV} at (0,154) size 769x42
          RenderBlock (anonymous) at (0,0) size 769x18
            RenderText {#text} at (682,0) size 60x18
              text run at (682,0) width 60: "This is a "
            RenderInline {SPAN} at (0,0) size 27x18
              RenderInline {EM} at (0,0) size 27x18
                RenderText {#text} at (742,0) size 27x18
                  text run at (742,0) width 27: "Test"
          RenderBlock (anonymous) at (0,18) size 769x24
            RenderTable {TABLE} at (755,0) size 14x24
              RenderTableSection {TBODY} at (0,0) size 14x24
                RenderTableRow {TR} at (0,2) size 14x20
                  RenderTableCell {TD} at (2,2) size 10x20 [r=0 c=0 rs=1 cs=1]
                    RenderText {#text} at (1,1) size 8x18
                      text run at (1,1) width 8: "a"
          RenderBlock (anonymous) at (0,42) size 769x0
            RenderInline {SPAN} at (0,0) size 0x0
              RenderInline {EM} at (0,0) size 0x0
        RenderBlock {HR} at (0,204) size 769x2 [border: (1px inset #000000)]
        RenderBlock {UL} at (0,222) size 769x468
          RenderListItem {LI} at (40,0) size 729x18
            RenderListMarker at (-17,0) size 7x18: bullet
            RenderText {#text} at (0,0) size 110x18
              text run at (0,0) width 110: "Test 0: : Success"
          RenderListItem {LI} at (40,18) size 729x18
            RenderListMarker at (-17,0) size 7x18: bullet
            RenderText {#text} at (0,0) size 110x18
              text run at (0,0) width 110: "Test 1: : Success"
          RenderListItem {LI} at (40,36) size 729x18
            RenderListMarker at (-17,0) size 7x18: bullet
            RenderText {#text} at (0,0) size 110x18
              text run at (0,0) width 110: "Test 2: : Success"
          RenderListItem {LI} at (40,54) size 729x18
            RenderListMarker at (-17,0) size 7x18: bullet
            RenderText {#text} at (0,0) size 110x18
              text run at (0,0) width 110: "Test 3: : Success"
          RenderListItem {LI} at (40,72) size 729x18
            RenderListMarker at (-17,0) size 7x18: bullet
            RenderText {#text} at (0,0) size 110x18
              text run at (0,0) width 110: "Test 4: : Success"
          RenderListItem {LI} at (40,90) size 729x18
            RenderListMarker at (-17,0) size 7x18: bullet
            RenderText {#text} at (0,0) size 110x18
              text run at (0,0) width 110: "Test 5: : Success"
          RenderListItem {LI} at (40,108) size 729x18
            RenderListMarker at (-17,0) size 7x18: bullet
            RenderText {#text} at (0,0) size 110x18
              text run at (0,0) width 110: "Test 6: : Success"
          RenderListItem {LI} at (40,126) size 729x18
            RenderListMarker at (-17,0) size 7x18: bullet
            RenderText {#text} at (0,0) size 110x18
              text run at (0,0) width 110: "Test 7: : Success"
          RenderListItem {LI} at (40,144) size 729x18
            RenderListMarker at (-17,0) size 7x18: bullet
            RenderText {#text} at (0,0) size 110x18
              text run at (0,0) width 110: "Test 8: : Success"
          RenderListItem {LI} at (40,162) size 729x18
            RenderListMarker at (-17,0) size 7x18: bullet
            RenderText {#text} at (0,0) size 110x18
              text run at (0,0) width 110: "Test 9: : Success"
          RenderListItem {LI} at (40,180) size 729x18
            RenderListMarker at (-17,0) size 7x18: bullet
            RenderText {#text} at (0,0) size 118x18
              text run at (0,0) width 118: "Test 10: : Success"
          RenderListItem {LI} at (40,198) size 729x18
            RenderListMarker at (-17,0) size 7x18: bullet
            RenderText {#text} at (0,0) size 118x18
              text run at (0,0) width 118: "Test 11: : Success"
          RenderListItem {LI} at (40,216) size 729x18
            RenderListMarker at (-17,0) size 7x18: bullet
            RenderText {#text} at (0,0) size 118x18
              text run at (0,0) width 118: "Test 12: : Success"
          RenderListItem {LI} at (40,234) size 729x18
            RenderListMarker at (-17,0) size 7x18: bullet
            RenderText {#text} at (0,0) size 118x18
              text run at (0,0) width 118: "Test 13: : Success"
          RenderListItem {LI} at (40,252) size 729x18
            RenderListMarker at (-17,0) size 7x18: bullet
            RenderText {#text} at (0,0) size 118x18
              text run at (0,0) width 118: "Test 14: : Success"
          RenderListItem {LI} at (40,270) size 729x18
            RenderListMarker at (-17,0) size 7x18: bullet
            RenderText {#text} at (0,0) size 118x18
              text run at (0,0) width 118: "Test 15: : Success"
          RenderListItem {LI} at (40,288) size 729x18
            RenderListMarker at (-17,0) size 7x18: bullet
            RenderText {#text} at (0,0) size 118x18
              text run at (0,0) width 118: "Test 16: : Success"
          RenderListItem {LI} at (40,306) size 729x18
            RenderListMarker at (-17,0) size 7x18: bullet
            RenderText {#text} at (0,0) size 118x18
              text run at (0,0) width 118: "Test 17: : Success"
          RenderListItem {LI} at (40,324) size 729x18
            RenderListMarker at (-17,0) size 7x18: bullet
            RenderText {#text} at (0,0) size 118x18
              text run at (0,0) width 118: "Test 18: : Success"
          RenderListItem {LI} at (40,342) size 729x18
            RenderListMarker at (-17,0) size 7x18: bullet
            RenderText {#text} at (0,0) size 118x18
              text run at (0,0) width 118: "Test 19: : Success"
          RenderListItem {LI} at (40,360) size 729x18
            RenderListMarker at (-17,0) size 7x18: bullet
            RenderText {#text} at (0,0) size 118x18
              text run at (0,0) width 118: "Test 20: : Success"
          RenderListItem {LI} at (40,378) size 729x18
            RenderListMarker at (-17,0) size 7x18: bullet
            RenderText {#text} at (0,0) size 118x18
              text run at (0,0) width 118: "Test 21: : Success"
          RenderListItem {LI} at (40,396) size 729x18
            RenderListMarker at (-17,0) size 7x18: bullet
            RenderText {#text} at (0,0) size 118x18
              text run at (0,0) width 118: "Test 22: : Success"
          RenderListItem {LI} at (40,414) size 729x18
            RenderListMarker at (-17,0) size 7x18: bullet
            RenderText {#text} at (0,0) size 118x18
              text run at (0,0) width 118: "Test 23: : Success"
          RenderListItem {LI} at (40,432) size 729x18
            RenderListMarker at (-17,0) size 7x18: bullet
            RenderText {#text} at (0,0) size 118x18
              text run at (0,0) width 118: "Test 24: : Success"
          RenderListItem {LI} at (40,450) size 729x18
            RenderListMarker at (-17,0) size 7x18: bullet
            RenderText {#text} at (0,0) size 118x18
              text run at (0,0) width 118: "Test 25: : Success"
      RenderBlock (anonymous) at (0,1436) size 769x0
        RenderInline {B} at (0,0) size 0x0
selection start: position 0 of child 0 {#text} of child 14 {DIV} of child 56 {B} of body
selection end:   position 4 of child 0 {#text} of child 14 {DIV} of child 56 {B} of body
