layer at (0,0) size 785x1686
  RenderView at (0,0) size 785x600
layer at (0,0) size 785x1686
  RenderBlock {HTML} at (0,0) size 785x1686
    RenderBody {BODY} at (8,16) size 769x1654
      RenderBlock {DIV} at (0,0) size 769x802
        RenderBlock {P} at (0,0) size 769x18
          RenderText {#text} at (682,0) size 87x18
            text run at (682,0) width 87: "Right To Left"
        RenderBlock {P} at (0,34) size 769x18
          RenderText {#text} at (443,0) size 326x18
            text run at (443,0) width 4 RTL: "."
            text run at (447,0) width 322: "Well-formed pair of unicode bidi control characters"
        RenderBlock {DIV} at (0,68) size 769x18
          RenderText {#text} at (756,0) size 13x18
            text run at (756,0) width 0 RTL: "\x{202C}"
            text run at (756,0) width 5 RTL: "!"
            text run at (761,0) width 8: "\x{202B}b"
        RenderBlock {DIV} at (0,86) size 769x18
          RenderText {#text} at (756,0) size 13x18
            text run at (756,0) width 0 RTL: "\x{202C}"
            text run at (756,0) width 13: "\x{202A}b!"
        RenderBlock {P} at (0,120) size 769x18
          RenderText {#text} at (509,0) size 260x18
            text run at (509,0) width 4 RTL: "."
            text run at (513,0) width 256: "Unpaired unicode bidi control characters"
        RenderBlock {DIV} at (0,154) size 769x18
          RenderText {#text} at (756,0) size 13x18
            text run at (756,0) width 5 RTL: "!"
            text run at (761,0) width 8: "\x{202B}b"
        RenderBlock {DIV} at (0,172) size 769x18
          RenderText {#text} at (756,0) size 13x18
            text run at (756,0) width 13: "\x{202A}b!"
        RenderBlock {P} at (0,206) size 769x18
          RenderText {#text} at (435,0) size 334x18
            text run at (435,0) width 4 RTL: "."
            text run at (439,0) width 330: "Empty content inside unicode bidi control characters"
        RenderBlock {DIV} at (0,240) size 769x18
          RenderText {#text} at (769,0) size 0x18
            text run at (769,0) width 0 RTL: "\x{202C}\x{202C}"
        RenderBlock {DIV} at (0,258) size 769x18
          RenderText {#text} at (769,0) size 0x18
            text run at (769,0) width 0: "\x{202A}"
            text run at (769,0) width 0 RTL: "\x{202A}"
        RenderBlock {DIV} at (0,276) size 769x18
          RenderText {#text} at (769,0) size 0x18
            text run at (769,0) width 0 RTL: "\x{202B}"
            text run at (769,0) width 0 RTL: "\x{202B}"
        RenderBlock {P} at (0,310) size 769x18
          RenderText {#text} at (489,0) size 280x18
            text run at (489,0) width 4 RTL: "."
            text run at (493,0) width 276: "String inside unicode bidi control characters"
        RenderBlock {DIV} at (0,344) size 769x18
          RenderText {#text} at (747,0) size 22x18
            text run at (747,0) width 0 RTL: "\x{202C}"
            text run at (747,0) width 22: "\x{202C}abc"
        RenderBlock {DIV} at (0,362) size 769x18
          RenderText {#text} at (747,0) size 22x18
            text run at (747,0) width 22: "\x{202A}abc"
            text run at (769,0) width 0 RTL: "\x{202A}"
        RenderBlock {DIV} at (0,380) size 769x18
          RenderText {#text} at (747,0) size 22x18
            text run at (747,0) width 22: "\x{202B}abc"
            text run at (769,0) width 0 RTL: "\x{202B}"
        RenderBlock {P} at (0,414) size 769x18
          RenderText {#text} at (482,0) size 287x18
            text run at (482,0) width 4 RTL: "."
            text run at (486,0) width 283: "String around unicode bidi control characters"
        RenderBlock {DIV} at (0,448) size 769x18
          RenderText {#text} at (727,0) size 42x18
            text run at (727,0) width 0 RTL: "\x{202C}"
            text run at (727,0) width 42: "def\x{202C}abc"
        RenderBlock {DIV} at (0,466) size 769x18
          RenderText {#text} at (727,0) size 42x18
            text run at (727,0) width 42: "\x{202C}abc\x{202C}def"
        RenderBlock {DIV} at (0,484) size 769x18
          RenderText {#text} at (704,0) size 65x18
            text run at (704,0) width 65: "xyz\x{202C}abc\x{202C}def"
        RenderBlock {P} at (0,518) size 769x18
          RenderText {#text} at (524,0) size 245x18
            text run at (524,0) width 4 RTL: "."
            text run at (528,0) width 241: "Nested unicode bidi control characters"
        RenderBlock {DIV} at (0,552) size 769x18
          RenderText {#text} at (756,0) size 13x18
            text run at (756,0) width 0: "\x{202A}"
            text run at (756,0) width 0 RTL: "\x{202C}"
            text run at (756,0) width 13: "\x{202A}b!"
        RenderBlock {DIV} at (0,570) size 769x18
          RenderText {#text} at (756,0) size 13x18
            text run at (756,0) width 0 RTL: "\x{202C}"
            text run at (756,0) width 5 RTL: "!"
            text run at (761,0) width 8: "\x{202B}b"
            text run at (769,0) width 0 RTL: "\x{202B}"
        RenderBlock {DIV} at (0,588) size 769x18
          RenderText {#text} at (756,0) size 13x18
            text run at (756,0) width 5 RTL: "!\x{202C}"
            text run at (761,0) width 8: "\x{202C}\x{202C}b"
        RenderBlock {DIV} at (0,606) size 769x18
          RenderText {#text} at (749,0) size 20x18
            text run at (749,0) width 0 RTL: "\x{202C}"
            text run at (749,0) width 8: "1"
            text run at (757,0) width 5 RTL: "!"
            text run at (762,0) width 7: "\x{202B}c"
            text run at (769,0) width 0 RTL: "\x{202C}"
        RenderBlock {P} at (0,640) size 769x18
          RenderText {#text} at (494,0) size 275x18
            text run at (494,0) width 4 RTL: "."
            text run at (498,0) width 271: "Start with different directionality characters"
        RenderBlock {DIV} at (0,674) size 769x18
          RenderText {#text} at (745,0) size 24x18
            text run at (745,0) width 0 RTL: "\x{202B}"
            text run at (745,0) width 0 RTL: "\x{202C}"
            text run at (745,0) width 8: "\x{202A}1"
            text run at (753,0) width 0 RTL: "\x{202C}"
            text run at (753,0) width 16: "12"
        RenderBlock {DIV} at (0,692) size 769x18
          RenderText {#text} at (753,0) size 16x18
            text run at (753,0) width 0 RTL: "\x{202A}"
            text run at (753,0) width 0 RTL: "\x{202C}"
            text run at (753,0) width 16: "12"
        RenderBlock {DIV} at (0,710) size 769x19
          RenderText {#text} at (751,1) size 18x18
            text run at (751,1) width 0 RTL: "\x{202A}"
            text run at (751,1) width 0 RTL: "\x{202C}"
            text run at (751,1) width 18: "\x{660}\x{661}"
        RenderBlock {DIV} at (0,729) size 769x19
          RenderText {#text} at (751,1) size 18x18
            text run at (751,1) width 0 RTL: "\x{202A}"
            text run at (751,1) width 18 RTL: "\x{683}\x{684}\x{202C}"
        RenderBlock {DIV} at (0,748) size 769x18
          RenderText {#text} at (769,0) size 0x18
            text run at (769,0) width 0 RTL: "\x{202A}"
            text run at (769,0) width 0 RTL: "\x{1}\x{202C}"
        RenderBlock {DIV} at (0,766) size 769x18
          RenderText {#text} at (747,0) size 22x18
            text run at (747,0) width 22: "abc\x{202C}"
            text run at (769,0) width 0 RTL: "\x{202A}"
        RenderBlock {DIV} at (0,784) size 769x18
          RenderText {#text} at (751,0) size 18x18
            text run at (751,0) width 0 RTL: "\x{202A}"
            text run at (751,0) width 18 RTL: "\x{5D0}\x{5D1}\x{202C}"
      RenderBlock {DIV} at (0,818) size 769x802
        RenderBlock {P} at (0,0) size 769x18
          RenderText {#text} at (0,0) size 87x18
            text run at (0,0) width 87: "Left To Right"
        RenderBlock {P} at (0,34) size 769x18
          RenderText {#text} at (0,0) size 326x18
            text run at (0,0) width 326: "Well-formed pair of unicode bidi control characters."
        RenderBlock {DIV} at (0,68) size 769x18
          RenderText {#text} at (0,0) size 13x18
            text run at (0,0) width 5 RTL: "!"
            text run at (5,0) width 8: "\x{202B}b"
            text run at (13,0) width 0: "\x{202C}"
        RenderBlock {DIV} at (0,86) size 769x18
          RenderText {#text} at (0,0) size 13x18
            text run at (0,0) width 13: "\x{202A}b!"
            text run at (13,0) width 0: "\x{202C}"
        RenderBlock {P} at (0,120) size 769x18
          RenderText {#text} at (0,0) size 260x18
            text run at (0,0) width 260: "Unpaired unicode bidi control characters."
        RenderBlock {DIV} at (0,154) size 769x18
          RenderText {#text} at (0,0) size 13x18
            text run at (0,0) width 13: "\x{202B}b!"
        RenderBlock {DIV} at (0,172) size 769x18
          RenderText {#text} at (0,0) size 13x18
            text run at (0,0) width 13: "\x{202A}b!"
        RenderBlock {P} at (0,206) size 769x18
          RenderText {#text} at (0,0) size 334x18
            text run at (0,0) width 334: "Empty content inside unicode bidi control characters."
        RenderBlock {DIV} at (0,240) size 769x18
          RenderText {#text} at (0,0) size 0x18
            text run at (0,0) width 0: "\x{202C}\x{202C}"
        RenderBlock {DIV} at (0,258) size 769x18
          RenderText {#text} at (0,0) size 0x18
            text run at (0,0) width 0: "\x{202A}"
            text run at (0,0) width 0: "\x{202A}"
        RenderBlock {DIV} at (0,276) size 769x18
          RenderText {#text} at (0,0) size 0x18
            text run at (0,0) width 0: "\x{202B}"
            text run at (0,0) width 0 RTL: "\x{202B}"
        RenderBlock {P} at (0,310) size 769x18
          RenderText {#text} at (0,0) size 280x18
            text run at (0,0) width 280: "String inside unicode bidi control characters."
        RenderBlock {DIV} at (0,344) size 769x18
          RenderText {#text} at (0,0) size 22x18
            text run at (0,0) width 22: "\x{202C}abc\x{202C}"
        RenderBlock {DIV} at (0,362) size 769x18
          RenderText {#text} at (0,0) size 22x18
            text run at (0,0) width 22: "\x{202A}abc"
            text run at (22,0) width 0: "\x{202A}"
        RenderBlock {DIV} at (0,380) size 769x18
          RenderText {#text} at (0,0) size 22x18
            text run at (0,0) width 22: "\x{202B}abc"
            text run at (22,0) width 0: "\x{202B}"
        RenderBlock {P} at (0,414) size 769x18
          RenderText {#text} at (0,0) size 287x18
            text run at (0,0) width 287: "String around unicode bidi control characters."
        RenderBlock {DIV} at (0,448) size 769x18
          RenderText {#text} at (0,0) size 42x18
            text run at (0,0) width 42: "def\x{202C}abc\x{202C}"
        RenderBlock {DIV} at (0,466) size 769x18
          RenderText {#text} at (0,0) size 42x18
            text run at (0,0) width 42: "\x{202C}abc\x{202C}def"
        RenderBlock {DIV} at (0,484) size 769x18
          RenderText {#text} at (0,0) size 65x18
            text run at (0,0) width 65: "xyz\x{202C}abc\x{202C}def"
        RenderBlock {P} at (0,518) size 769x18
          RenderText {#text} at (0,0) size 245x18
            text run at (0,0) width 245: "Nested unicode bidi control characters."
        RenderBlock {DIV} at (0,552) size 769x18
          RenderText {#text} at (0,0) size 13x18
            text run at (0,0) width 0: "\x{202A}"
            text run at (0,0) width 13: "\x{202A}b!"
            text run at (13,0) width 0: "\x{202C}"
        RenderBlock {DIV} at (0,570) size 769x18
          RenderText {#text} at (0,0) size 13x18
            text run at (0,0) width 5 RTL: "!"
            text run at (5,0) width 8: "\x{202B}b"
            text run at (13,0) width 0: "\x{202C}"
            text run at (13,0) width 0 RTL: "\x{202B}"
        RenderBlock {DIV} at (0,588) size 769x18
          RenderText {#text} at (0,0) size 13x18
            text run at (0,0) width 13: "\x{202C}\x{202C}b!\x{202C}"
        RenderBlock {DIV} at (0,606) size 769x18
          RenderText {#text} at (0,0) size 20x18
            text run at (0,0) width 8: "\x{202C}1"
            text run at (8,0) width 5 RTL: "!"
            text run at (13,0) width 7: "\x{202B}c"
            text run at (20,0) width 0: "\x{202C}"
        RenderBlock {P} at (0,640) size 769x18
          RenderText {#text} at (0,0) size 275x18
            text run at (0,0) width 275: "Start with different directionality characters."
        RenderBlock {DIV} at (0,674) size 769x18
          RenderText {#text} at (0,0) size 24x18
            text run at (0,0) width 16: "12\x{202C}"
            text run at (16,0) width 8: "\x{202A}1"
            text run at (24,0) width 0: "\x{202C}"
            text run at (24,0) width 0: "\x{202B}"
        RenderBlock {DIV} at (0,692) size 769x18
          RenderText {#text} at (0,0) size 16x18
            text run at (0,0) width 16: "12\x{202C}"
            text run at (16,0) width 0: "\x{202A}"
        RenderBlock {DIV} at (0,710) size 769x19
          RenderText {#text} at (0,1) size 18x18
            text run at (0,1) width 18: "\x{660}\x{661}"
            text run at (18,1) width 0: "\x{202C}"
            text run at (18,1) width 0: "\x{202A}"
        RenderBlock {DIV} at (0,729) size 769x19
          RenderText {#text} at (0,1) size 18x18
            text run at (0,1) width 18 RTL: "\x{683}\x{684}"
            text run at (18,1) width 0: "\x{202C}"
            text run at (18,1) width 0: "\x{202A}"
        RenderBlock {DIV} at (0,748) size 769x18
          RenderText {#text} at (0,0) size 0x18
            text run at (0,0) width 0: "\x{1}\x{202C}"
            text run at (0,0) width 0: "\x{202A}"
        RenderBlock {DIV} at (0,766) size 769x18
          RenderText {#text} at (0,0) size 22x18
            text run at (0,0) width 22: "abc\x{202C}"
            text run at (22,0) width 0: "\x{202A}"
        RenderBlock {DIV} at (0,784) size 769x18
          RenderText {#text} at (0,0) size 18x18
            text run at (0,0) width 18 RTL: "\x{5D0}\x{5D1}"
            text run at (18,0) width 0: "\x{202C}"
            text run at (18,0) width 0: "\x{202A}"
      RenderBlock {UL} at (0,1636) size 769x18
        RenderListItem {LI} at (40,0) size 729x18
          RenderListMarker at (-17,0) size 7x18: bullet
          RenderText {#text} at (0,0) size 705x18
            text run at (0,0) width 705: "test id=test: the right-most character of rendering result of <PDF>abc<PDF> in RTL block should be c: Success"
selection start: position 3 of child 0 {#text} of child 20 {DIV} of child 1 {DIV} of body
selection end:   position 4 of child 0 {#text} of child 20 {DIV} of child 1 {DIV} of body
