layer at (0,0) size 800x600
  RenderView at (0,0) size 800x600
layer at (0,0) size 800x600
  RenderBlock {HTML} at (0,0) size 800x600
    RenderBody {BODY} at (8,8) size 784x584
      RenderBlock {DIV} at (0,0) size 784x70 [border: (1px solid #FF0000)]
        RenderBlock {P} at (1,17) size 782x36
          RenderText {#text} at (0,0) size 766x36
            text run at (0,0) width 766: "This test verifies that JavaScript returns only direct descendent element nodes in the 'children' collection (an IE extension)."
            text run at (0,18) width 698: "We also verify that the 'childNodes' collection contains direct descendent nodes of any type (text, element, etc.)"
      RenderBlock {DIV} at (0,70) size 784x90
        RenderBlock {DIV} at (0,0) size 784x18
          RenderInline {B} at (0,0) size 23x18
            RenderText {#text} at (0,0) size 23x18
              text run at (0,0) width 23: "test"
          RenderText {#text} at (23,0) size 4x18
            text run at (23,0) width 4: " "
          RenderInline {U} at (0,0) size 56x18
            RenderText {#text} at (27,0) size 56x18
              text run at (27,0) width 56: "non bold"
          RenderText {#text} at (83,0) size 4x18
            text run at (83,0) width 4: " "
          RenderInline {I} at (0,0) size 31x18
            RenderText {#text} at (87,0) size 31x18
              text run at (87,0) width 31: "italic"
          RenderText {#text} at (118,0) size 25x18
            text run at (118,0) width 25: " test"
        RenderBlock {DIV} at (0,18) size 784x18
          RenderText {#text} at (0,0) size 58x18
            text run at (0,0) width 58: "plain text"
        RenderBlock {DIV} at (0,36) size 784x18
          RenderText {#text} at (0,0) size 74x18
            text run at (0,0) width 74: "another line"
        RenderBlock {DIV} at (0,54) size 784x18
          RenderText {#text} at (0,0) size 97x18
            text run at (0,0) width 97: "yet another line"
        RenderBlock {DIV} at (0,72) size 784x18
          RenderInline {SPAN} at (0,0) size 54x18
            RenderText {#text} at (0,0) size 30x18
              text run at (0,0) width 30: "fifth "
            RenderInline {B} at (0,0) size 24x18
              RenderText {#text} at (30,0) size 24x18
                text run at (30,0) width 24: "line"
      RenderBlock {DIV} at (0,160) size 784x360
        RenderBR {BR} at (0,0) size 0x18
        RenderText {#text} at (0,18) size 377x18
          text run at (0,18) width 377: "Results: children.length = 5 (should be 5 DIV nodes below)"
        RenderBR {BR} at (377,32) size 0x0
        RenderText {#text} at (0,36) size 113x18
          text run at (0,36) width 113: "  node: DIV (one)"
        RenderBR {BR} at (113,50) size 0x0
        RenderText {#text} at (0,54) size 114x18
          text run at (0,54) width 114: "  node: DIV (two)"
        RenderBR {BR} at (114,68) size 0x0
        RenderText {#text} at (0,72) size 121x18
          text run at (0,72) width 121: "  node: DIV (three)"
        RenderBR {BR} at (121,86) size 0x0
        RenderText {#text} at (0,90) size 116x18
          text run at (0,90) width 116: "  node: DIV (four)"
        RenderBR {BR} at (116,104) size 0x0
        RenderText {#text} at (0,108) size 114x18
          text run at (0,108) width 114: "  node: DIV (five)"
        RenderBR {BR} at (114,122) size 0x0
        RenderBR {BR} at (0,126) size 0x18
        RenderText {#text} at (0,144) size 327x18
          text run at (0,144) width 327: "childNodes.length = 11 (should be 11 nodes below)"
        RenderBR {BR} at (327,158) size 0x0
        RenderText {#text} at (0,162) size 155x18
          text run at (0,162) width 155: "  node: #text (undefined)"
        RenderBR {BR} at (155,176) size 0x0
        RenderText {#text} at (0,180) size 113x18
          text run at (0,180) width 113: "  node: DIV (one)"
        RenderBR {BR} at (113,194) size 0x0
        RenderText {#text} at (0,198) size 155x18
          text run at (0,198) width 155: "  node: #text (undefined)"
        RenderBR {BR} at (155,212) size 0x0
        RenderText {#text} at (0,216) size 114x18
          text run at (0,216) width 114: "  node: DIV (two)"
        RenderBR {BR} at (114,230) size 0x0
        RenderText {#text} at (0,234) size 155x18
          text run at (0,234) width 155: "  node: #text (undefined)"
        RenderBR {BR} at (155,248) size 0x0
        RenderText {#text} at (0,252) size 121x18
          text run at (0,252) width 121: "  node: DIV (three)"
        RenderBR {BR} at (121,266) size 0x0
        RenderText {#text} at (0,270) size 155x18
          text run at (0,270) width 155: "  node: #text (undefined)"
        RenderBR {BR} at (155,284) size 0x0
        RenderText {#text} at (0,288) size 116x18
          text run at (0,288) width 116: "  node: DIV (four)"
        RenderBR {BR} at (116,302) size 0x0
        RenderText {#text} at (0,306) size 155x18
          text run at (0,306) width 155: "  node: #text (undefined)"
        RenderBR {BR} at (155,320) size 0x0
        RenderText {#text} at (0,324) size 114x18
          text run at (0,324) width 114: "  node: DIV (five)"
        RenderBR {BR} at (114,338) size 0x0
        RenderText {#text} at (0,342) size 155x18
          text run at (0,342) width 155: "  node: #text (undefined)"
        RenderBR {BR} at (155,356) size 0x0
