layer at (0,0) size 800x600
  RenderView at (0,0) size 800x600
layer at (0,0) size 800x600
  RenderBlock {HTML} at (0,0) size 800x600
    RenderBody {BODY} at (8,8) size 784x576
      RenderBlock {BLOCKQUOTE} at (40,0) size 704x18
        RenderInline {SPAN} at (0,0) size 166x18
          RenderText {#text} at (0,0) size 166x18
            text run at (0,0) width 166: "Heck, son, you're a failure"
      RenderBlock {P} at (0,34) size 784x18
        RenderText {#text} at (0,0) size 371x18
          text run at (0,0) width 371: "The result appears below here; should not include any text:"
      RenderBlock {P} at (0,68) size 784x0
        RenderInline {SPAN} at (0,0) size 0x0
