layer at (0,0) size 785x894
  RenderView at (0,0) size 785x600
layer at (0,0) size 785x894
  RenderBlock {HTML} at (0,0) size 785x894
    RenderBody {BODY} at (8,8) size 769x878
      RenderBlock (anonymous) at (0,0) size 769x36
        RenderText {#text} at (0,0) size 499x18
          text run at (0,0) width 499: "This test will try to call focus() on a contenteditable div, and then a normal div. "
        RenderBR {BR} at (499,14) size 0x0
        RenderText {#text} at (0,18) size 373x18
          text run at (0,18) width 373: "The window should scroll to reveal the contenteditable div."
      RenderBlock {DIV} at (0,36) size 500x800
      RenderBlock {DIV} at (0,836) size 769x24 [border: (3px solid #000000)]
        RenderText {#text} at (3,3) size 122x18
          text run at (3,3) width 122: "contentEditable div"
      RenderBlock {DIV} at (0,860) size 769x18
        RenderText {#text} at (0,0) size 78x18
          text run at (0,0) width 78: "Test Passed."
      RenderBlock {DIV} at (0,878) size 769x0
caret: position 0 of child 0 {#text} of child 5 {DIV} of body
scrolled to 0,276
