layer at (0,0) size 800x600
  RenderView at (0,0) size 800x600
layer at (0,0) size 800x600
  RenderBlock {HTML} at (0,0) size 800x600
    RenderBody {BODY} at (8,8) size 776x584
layer at (8,8) size 160x584
  RenderBlock {P} at (0,0) size 160x584 [border: (10px solid #800000)]
    RenderMultiColumnSet at (30,30) size 100x524
layer at (38,38) size 254x164
  RenderMultiColumnFlowThread at (30,30) size 254x164
    RenderText {#text} at (1,0) size 17x161
      text run at (1,0) width 161: "This is some column text."
    RenderBR {BR} at (1,161) size 17x0
    RenderText {#text} at (19,0) size 17x161
      text run at (19,0) width 161: "This is some column text."
    RenderBR {BR} at (19,161) size 17x0
    RenderText {#text} at (37,0) size 17x161
      text run at (37,0) width 161: "This is some column text."
    RenderBR {BR} at (37,161) size 17x0
    RenderText {#text} at (55,0) size 17x161
      text run at (55,0) width 161: "This is some column text."
    RenderBR {BR} at (55,161) size 17x0
    RenderText {#text} at (73,0) size 17x161
      text run at (73,0) width 161: "This is some column text."
    RenderBR {BR} at (73,161) size 17x0
    RenderText {#text} at (101,0) size 17x161
      text run at (101,0) width 161: "This is some column text."
    RenderBR {BR} at (101,161) size 17x0
    RenderText {#text} at (119,0) size 17x161
      text run at (119,0) width 161: "This is some column text."
    RenderBR {BR} at (119,161) size 17x0
    RenderText {#text} at (137,0) size 17x161
      text run at (137,0) width 161: "This is some column text."
    RenderBR {BR} at (137,161) size 17x0
    RenderText {#text} at (155,0) size 17x161
      text run at (155,0) width 161: "This is some column text."
    RenderBR {BR} at (155,161) size 17x0
    RenderText {#text} at (173,0) size 17x161
      text run at (173,0) width 161: "This is some column text."
    RenderBR {BR} at (173,161) size 17x0
    RenderText {#text} at (201,0) size 17x161
      text run at (201,0) width 161: "This is some column text."
    RenderBR {BR} at (201,161) size 17x0
    RenderText {#text} at (219,0) size 17x161
      text run at (219,0) width 161: "This is some column text."
    RenderBR {BR} at (219,161) size 17x0
    RenderText {#text} at (237,0) size 17x161
      text run at (237,0) width 161: "This is some column text."
    RenderBR {BR} at (237,161) size 17x0
layer at (184,8) size 160x584
  RenderBlock {P} at (176,0) size 160x584 [border: (10px solid #800000)]
    RenderMultiColumnSet at (30,30) size 100x524
layer at (214,398) size 254x164
  RenderMultiColumnFlowThread at (30,390) size 254x164
    RenderText {#text} at (1,3) size 17x161
      text run at (1,3) width 4 RTL: "."
      text run at (1,7) width 157: "This is some column text"
    RenderBR {BR} at (1,3) size 17x0
    RenderText {#text} at (19,3) size 17x161
      text run at (19,3) width 4 RTL: "."
      text run at (19,7) width 157: "This is some column text"
    RenderBR {BR} at (19,3) size 17x0
    RenderText {#text} at (37,3) size 17x161
      text run at (37,3) width 4 RTL: "."
      text run at (37,7) width 157: "This is some column text"
    RenderBR {BR} at (37,3) size 17x0
    RenderText {#text} at (55,3) size 17x161
      text run at (55,3) width 4 RTL: "."
      text run at (55,7) width 157: "This is some column text"
    RenderBR {BR} at (55,3) size 17x0
    RenderText {#text} at (73,3) size 17x161
      text run at (73,3) width 4 RTL: "."
      text run at (73,7) width 157: "This is some column text"
    RenderBR {BR} at (73,3) size 17x0
    RenderText {#text} at (101,3) size 17x161
      text run at (101,3) width 4 RTL: "."
      text run at (101,7) width 157: "This is some column text"
    RenderBR {BR} at (101,3) size 17x0
    RenderText {#text} at (119,3) size 17x161
      text run at (119,3) width 4 RTL: "."
      text run at (119,7) width 157: "This is some column text"
    RenderBR {BR} at (119,3) size 17x0
    RenderText {#text} at (137,3) size 17x161
      text run at (137,3) width 4 RTL: "."
      text run at (137,7) width 157: "This is some column text"
    RenderBR {BR} at (137,3) size 17x0
    RenderText {#text} at (155,3) size 17x161
      text run at (155,3) width 4 RTL: "."
      text run at (155,7) width 157: "This is some column text"
    RenderBR {BR} at (155,3) size 17x0
    RenderText {#text} at (173,3) size 17x161
      text run at (173,3) width 4 RTL: "."
      text run at (173,7) width 157: "This is some column text"
    RenderBR {BR} at (173,3) size 17x0
    RenderText {#text} at (201,3) size 17x161
      text run at (201,3) width 4 RTL: "."
      text run at (201,7) width 157: "This is some column text"
    RenderBR {BR} at (201,3) size 17x0
    RenderText {#text} at (219,3) size 17x161
      text run at (219,3) width 4 RTL: "."
      text run at (219,7) width 157: "This is some column text"
    RenderBR {BR} at (219,3) size 17x0
    RenderText {#text} at (237,3) size 17x161
      text run at (237,3) width 4 RTL: "."
      text run at (237,7) width 157: "This is some column text"
    RenderBR {BR} at (237,3) size 17x0
