layer at (0,0) size 800x600
  RenderView at (0,0) size 800x600
layer at (0,0) size 800x600
  RenderBlock {HTML} at (0,0) size 800x600
    RenderBody {BODY} at (8,8) size 784x584
      RenderBlock {INPUT} at (2,3) size 16x16 [bgcolor=#FFFFFF03]
      RenderText {#text} at (20,2) size 220x19
        text run at (20,2) width 220: "This checkbox should be checked."
