layer at (0,0) size 800x600
  RenderView at (0,0) size 800x600
layer at (0,0) size 800x600
  RenderBlock {HTML} at (0,0) size 800x600
    RenderBody {BODY} at (8,8) size 784x571
      RenderBlock (anonymous) at (0,0) size 784x20
        RenderText {#text} at (0,0) size 558x19
          text run at (0,0) width 558: "--> */ h1 { background-color: red; } /* This comment should not be part of the style. */"
      RenderBlock {H1} at (0,41) size 784x39
        RenderText {#text} at (0,1) size 602x36
          text run at (0,1) width 602: "This text should not have a red background."
