layer at (0,0) size 800x600
  RenderView at (0,0) size 800x600
layer at (0,0) size 800x537
  RenderBlock {HTML} at (0,0) size 800x537
    RenderBody {BODY} at (8,8) size 784x513
      RenderBlock (anonymous) at (0,0) size 784x20
        RenderInline {DIV} at (0,0) size 528x17 [color=#FFFFFF] [bgcolor=#FF0000]
          RenderText {#text} at (0,2) size 528x17
            text run at (0,2) width 528: "Ahem_font_required_for_this_test."
        RenderText {#text} at (0,0) size 0x0
      RenderBlock {P} at (16,36) size 752x20 [color=#008000]
        RenderText {#text} at (0,0) size 364x19
          text run at (0,0) width 364: "This line should be green. There should be no red below."
      RenderBlock {P} at (16,72) size 96x17 [color=#008000]
        RenderInline {SPAN} at (0,0) size 96x17 [color=#FFFFFF] [bgcolor=#FF0000]
          RenderText {#text} at (0,0) size 96x17
            text run at (0,0) width 96: "FAIL-a"
        RenderText {#text} at (0,0) size 0x0
      RenderBlock {P} at (16,105) size 96x17 [color=#008000]
        RenderInline {SPAN} at (0,0) size 96x17 [color=#FFFFFF] [bgcolor=#FF0000]
          RenderText {#text} at (0,0) size 96x17
            text run at (0,0) width 96: "FAIL-b"
        RenderText {#text} at (0,0) size 0x0
      RenderBlock {P} at (16,138) size 96x16 [color=#008000]
        RenderInline {SPAN} at (0,0) size 96x17 [color=#FFFFFF] [bgcolor=#FF0000]
          RenderText {#text} at (0,-1) size 96x17
            text run at (0,-1) width 96: "FAIL-c"
        RenderText {#text} at (0,0) size 0x0
      RenderBlock {P} at (16,170) size 96x16 [color=#008000]
        RenderInline {SPAN} at (0,0) size 96x17 [color=#FFFFFF] [bgcolor=#FF0000]
          RenderText {#text} at (0,-1) size 96x17
            text run at (0,-1) width 96: "FAIL-d"
        RenderText {#text} at (0,0) size 0x0
      RenderBlock {P} at (16,202) size 96x16 [color=#008000]
        RenderInline {SPAN} at (0,0) size 96x17 [color=#FFFFFF] [bgcolor=#FF0000]
          RenderText {#text} at (0,-1) size 96x17
            text run at (0,-1) width 96: "FAIL-e"
        RenderText {#text} at (0,0) size 0x0
      RenderBlock {P} at (16,234) size 96x16 [color=#008000]
        RenderInline {SPAN} at (0,0) size 96x17 [color=#FFFFFF] [bgcolor=#FF0000]
          RenderText {#text} at (0,-1) size 96x17
            text run at (0,-1) width 96: "FAIL-f"
        RenderText {#text} at (0,0) size 0x0
      RenderBlock {P} at (16,266) size 96x16 [color=#008000]
        RenderInline {SPAN} at (0,0) size 96x17 [color=#FFFFFF] [bgcolor=#FF0000]
          RenderText {#text} at (0,-1) size 96x17
            text run at (0,-1) width 96: "FAIL-g"
        RenderText {#text} at (0,0) size 0x0
      RenderBlock {P} at (16,298) size 96x17 [color=#008000]
        RenderInline {SPAN} at (0,0) size 96x17 [color=#FFFFFF] [bgcolor=#FF0000]
          RenderText {#text} at (0,0) size 96x17
            text run at (0,0) width 96: "FAIL-h"
        RenderText {#text} at (0,0) size 0x0
      RenderBlock {P} at (16,331) size 96x17 [color=#008000]
        RenderInline {SPAN} at (0,0) size 96x17 [color=#FFFFFF] [bgcolor=#FF0000]
          RenderText {#text} at (0,0) size 96x17
            text run at (0,0) width 96: "FAIL-i"
        RenderText {#text} at (0,0) size 0x0
      RenderBlock {P} at (16,364) size 96x17 [color=#008000]
        RenderInline {SPAN} at (0,0) size 96x17 [color=#FFFFFF] [bgcolor=#FF0000]
          RenderText {#text} at (0,0) size 96x17
            text run at (0,0) width 96: "FAIL-j"
        RenderText {#text} at (0,0) size 0x0
      RenderBlock {P} at (16,397) size 96x17 [color=#008000]
        RenderInline {SPAN} at (0,0) size 96x17 [color=#FFFFFF] [bgcolor=#FF0000]
          RenderText {#text} at (0,0) size 96x17
            text run at (0,0) width 96: "FAIL-k"
        RenderText {#text} at (0,0) size 0x0
      RenderBlock {P} at (16,430) size 96x17 [color=#008000]
        RenderInline {SPAN} at (0,0) size 96x17 [color=#FFFFFF] [bgcolor=#FF0000]
          RenderText {#text} at (0,0) size 96x17
            text run at (0,0) width 96: "FAIL-l"
        RenderText {#text} at (0,0) size 0x0
      RenderBlock {P} at (16,463) size 96x17 [color=#008000]
        RenderInline {SPAN} at (0,0) size 96x17 [color=#FFFFFF] [bgcolor=#FF0000]
          RenderText {#text} at (0,0) size 96x17
            text run at (0,0) width 96: "FAIL-m"
        RenderText {#text} at (0,0) size 0x0
      RenderBlock {P} at (16,496) size 96x17 [color=#008000]
        RenderInline {SPAN} at (0,0) size 96x17 [color=#FFFFFF] [bgcolor=#FF0000]
          RenderText {#text} at (0,0) size 96x17
            text run at (0,0) width 96: "FAIL-n"
        RenderText {#text} at (0,0) size 0x0
