layer at (0,0) size 800x600
  RenderView at (0,0) size 800x600
layer at (0,0) size 800x190
  RenderBlock {html} at (0,0) size 800x190
    RenderBlock {parsererror} at (16,16) size 768x138 [bgcolor=#FFDDDD] [border: (2px solid #CC7777)]
      RenderBlock {h3} at (18,20) size 732x24
        RenderText {#text} at (0,0) size 323x22
          text run at (0,0) width 323: "This page contains the following errors:"
      RenderBlock {div} at (18,62) size 732x14
        RenderText {#text} at (0,0) size 397x13
          text run at (0,0) width 397: "error on line 4 at column 13: Entity 'fnof' not defined"
      RenderBlock {h3} at (18,94) size 732x24
        RenderText {#text} at (0,0) size 425x22
          text run at (0,0) width 425: "Below is a rendering of the page up to the first error."
    RenderBlock (anonymous) at (0,169) size 800x21
      RenderInline {h1} at (0,0) size 0x0
        RenderText {#text} at (0,0) size 0x0
      RenderText {#text} at (0,0) size 0x0
      RenderText {#text} at (0,0) size 0x0
      RenderInline {p} at (0,0) size 495x19 [color=#FF0000]
        RenderInline {font} at (0,0) size 495x19
          RenderText {#text} at (0,0) size 495x19
            text run at (0,0) width 268: "This should be the only line on this page. "
            text run at (267,0) width 228: "You should see a parse error above."
      RenderText {#text} at (0,0) size 0x0
