layer at (0,0) size 800x600
  RenderView at (0,0) size 800x600
layer at (0,0) size 800x220
  RenderBlock {HTML} at (0,0) size 800x220
    RenderBody {BODY} at (8,16) size 784x188
      RenderBlock {P} at (0,0) size 784x86
        RenderText {#text} at (0,68) size 132x17
          text run at (0,68) width 132: "Large LTR radicals: "
        RenderMathMLMath {math} at (131,0) size 27x83
          RenderMathMLRoot {msqrt} at (0,0) size 17x83
            RenderMathMLSpace {mspace} at (16,2) size 0x81
          RenderMathMLRoot {msqrt} at (16,0) size 10x82
            RenderMathMLSpace {mspace} at (8,1) size 0x81
        RenderText {#text} at (0,0) size 0x0
      RenderBlock {P} at (0,102) size 784x86
        RenderText {#text} at (0,68) size 132x17
          text run at (0,68) width 132: "Large RTL radicals: "
        RenderMathMLMath {math} at (131,0) size 27x83
          RenderMathMLRoot {msqrt} at (8,0) size 18x83
            RenderMathMLSpace {mspace} at (0,2) size 0x81
          RenderMathMLRoot {msqrt} at (0,0) size 9x82
            RenderMathMLSpace {mspace} at (0,1) size 0x81
        RenderText {#text} at (0,0) size 0x0
