layer at (0,0) size 800x600
  RenderView at (0,0) size 800x600
layer at (0,0) size 800x600
  RenderBlock {HTML} at (0,0) size 800x600
    RenderBody {BODY} at (8,8) size 784x584
      RenderBlock {P} at (0,0) size 784x20
        RenderText {#text} at (0,0) size 197x19
          text run at (0,0) width 197: "This should be pointing upwards:"
      RenderBlock {DIV} at (0,36) size 93x40
        RenderText {#text} at (1,0) size 90x40
          text run at (1,0) width 40: "\x{3008}"
