layer at (0,0) size 800x600
  RenderView at (0,0) size 800x600
layer at (0,495) size 800x105
  RenderBlock {HTML} at (0,0) size 800x105 [border: (10px solid #800000)]
    RenderBody {BODY} at (18,18) size 764x69
      RenderText {#text} at (0,1) size 220x46
        text run at (0,1) width 220: "\x{653B}\x{6BBB} \x{6A5F}\x{52D5}\x{968A} "
      RenderRuby (inline) {RUBY} at (0,0) size 200x46
        RenderRubyRun (anonymous) at (220,0) size 80x48
          RenderRubyText {RT} at (0,47) size 80x23
            RenderText {#text} at (9,0) size 62x22
              text run at (9,0) width 62: "\x{3053}\x{3046}\x{304B}\x{304F}"
          RenderRubyBase (anonymous) at (0,0) size 80x48
            RenderText {#text} at (0,1) size 80x46
              text run at (0,1) width 80: "\x{653B}\x{6BBB}"
        RenderRubyRun (anonymous) at (300,0) size 120x48
          RenderRubyText {RT} at (0,47) size 120x23
            RenderText {#text} at (17,0) size 86x22
              text run at (17,0) width 86: "\x{304D}\x{3069}\x{3046}\x{305F}\x{3044}"
          RenderRubyBase (anonymous) at (0,0) size 120x48
            RenderText {#text} at (0,1) size 120x46
              text run at (0,1) width 120: "\x{6A5F}\x{52D5}\x{968A}"
      RenderText {#text} at (0,0) size 0x0
