EDITING DELEGATE: shouldBeginEditingInDOMRange:range from 0 of DIV > CENTER > BODY > HTML > #document to 6 of DIV > CENTER > BODY > HTML > #document
EDITING DELEGATE: webViewDidBeginEditing:WebViewDidBeginEditingNotification
EDITING DELEGATE: webViewDidChangeSelection:WebViewDidChangeSelectionNotification
EDITING DELEGATE: webViewDidChangeSelection:WebViewDidChangeSelectionNotification
EDITING DELEGATE: webViewDidChangeSelection:WebViewDidChangeSelectionNotification
EDITING DELEGATE: webViewDidChangeSelection:WebViewDidChangeSelectionNotification
EDITING DELEGATE: webViewDidChangeSelection:WebViewDidChangeSelectionNotification
EDITING DELEGATE: webViewDidChangeSelection:WebViewDidChangeSelectionNotification
EDITING DELEGATE: webViewDidChangeSelection:WebViewDidChangeSelectionNotification
EDITING DELEGATE: webViewDidChangeSelection:WebViewDidChangeSelectionNotification
EDITING DELEGATE: webViewDidChangeSelection:WebViewDidChangeSelectionNotification
layer at (0,0) size 800x600
  RenderView at (0,0) size 800x600
layer at (0,0) size 800x600
  RenderBlock {HTML} at (0,0) size 800x600
    RenderBody {BODY} at (8,3) size 784x581 [bgcolor=#FFFFFF]
      RenderBlock {CENTER} at (0,0) size 784x271
        RenderTable {TABLE} at (0,0) size 784x20
          RenderTableSection {TBODY} at (0,0) size 784x20
            RenderTableRow {TR} at (0,0) size 784x16
              RenderTableCell {TD} at (0,0) size 784x16 [r=0 c=0 rs=1 cs=1]
                RenderInline {FONT} at (682,0) size 102x15
                  RenderInline {A} at (682,0) size 102x15 [color=#0000CC]
                    RenderText {#text} at (682,0) size 102x15
                      text run at (682,0) width 102: "Personalized Home"
            RenderTableRow {TR} at (0,16) size 784x4
              RenderTableCell {TD} at (0,17) size 784x2 [r=1 c=0 rs=1 cs=1]
                RenderImage {IMG} at (0,1) size 1x2
        RenderBlock (anonymous) at (0,20) size 784x40
          RenderBR {BR} at (392,0) size 0x19
          RenderBR {BR} at (392,20) size 0x19
        RenderBlock {DIV} at (0,60) size 784x106 [border: (2px solid #AAAAFF)]
          RenderTable {TABLE} at (215,2) size 354x24
            RenderTableSection {TBODY} at (0,0) size 354x24
              RenderTableRow {TR} at (0,0) size 354x24
                RenderTableCell {TD} at (0,0) size 354x24 [r=0 c=0 rs=1 cs=1]
                  RenderInline {FONT} at (4,4) size 346x15
                    RenderInline {B} at (4,4) size 26x15
                      RenderText {#text} at (4,4) size 26x15
                        text run at (4,4) width 26: "Web"
                    RenderText {#text} at (29,4) size 14x15
                      text run at (29,4) width 14: "    "
                    RenderInline {A} at (42,4) size 38x15 [color=#0000CC]
                      RenderText {#text} at (42,4) size 38x15
                        text run at (42,4) width 38: "Images"
                    RenderText {#text} at (79,4) size 14x15
                      text run at (79,4) width 14: "    "
                    RenderInline {A} at (92,4) size 40x15 [color=#0000CC]
                      RenderText {#text} at (92,4) size 40x15
                        text run at (92,4) width 40: "Groups"
                    RenderText {#text} at (131,4) size 14x15
                      text run at (131,4) width 14: "    "
                    RenderInline {A} at (144,4) size 30x15 [color=#0000CC]
                      RenderText {#text} at (144,4) size 30x15
                        text run at (144,4) width 30: "News"
                    RenderText {#text} at (173,4) size 14x15
                      text run at (173,4) width 14: "    "
                    RenderInline {A} at (186,4) size 42x15 [color=#0000CC]
                      RenderText {#text} at (186,4) size 42x15
                        text run at (186,4) width 42: "Froogle"
                    RenderText {#text} at (227,4) size 14x15
                      text run at (227,4) width 14: "    "
                    RenderInline {A} at (240,4) size 30x15 [color=#0000CC]
                      RenderText {#text} at (240,4) size 30x15
                        text run at (240,4) width 30: "Local"
                      RenderInline {SUP} at (269,0) size 0x14
                    RenderInline {A} at (269,4) size 30x15
                      RenderInline {FONT} at (269,4) size 30x15 [color=#FF0000]
                        RenderText {#text} at (269,4) size 30x15
                          text run at (269,4) width 30: "New!"
                    RenderText {#text} at (298,4) size 14x15
                      text run at (298,4) width 14: "    "
                    RenderInline {B} at (311,4) size 39x15
                      RenderInline {A} at (311,4) size 39x15 [color=#0000CC]
                        RenderText {#text} at (311,4) size 39x15
                          text run at (311,4) width 39: "more \x{BB}"
          RenderTable {TABLE} at (2,26) size 780x42
            RenderTableSection {TBODY} at (0,0) size 780x42
              RenderTableRow {TR} at (0,0) size 780x42
                RenderTableCell {TD} at (0,10) size 190x21 [r=0 c=0 rs=1 cs=1]
                  RenderText {#text} at (0,10) size 4x20
                    text run at (0,0) width 4: " "
                RenderTableCell {TD} at (189,0) size 400x42 [r=0 c=1 rs=1 cs=1]
                  RenderTextControl {INPUT} at (0,0) size 400x22 [bgcolor=#FFFFFF] [border: (1px solid #3C3C4399)]
                  RenderBR {BR} at (399,-1) size 1x19
                  RenderButton {INPUT} at (86,21) size 106x21 [color=#FFFFFF] [bgcolor=#007AFF] [border: (1px solid #FFFFFF)]
                    RenderBlock (anonymous) at (12,3) size 82x14
                      RenderText at (0,0) size 82x14
                        text run at (0,0) width 82: "Google Search"
                  RenderButton {INPUT} at (191,21) size 123x21 [color=#FFFFFF] [bgcolor=#007AFF] [border: (1px solid #FFFFFF)]
                    RenderBlock (anonymous) at (12,3) size 98x14
                      RenderText at (0,0) size 98x14
                        text run at (0,0) width 98: "I'm Feeling Lucky"
                RenderTableCell {TD} at (588,0) size 193x39 [r=0 c=2 rs=1 cs=1]
                  RenderInline {FONT} at (0,0) size 76x38
                    RenderText {#text} at (0,0) size 5x12
                      text run at (0,0) width 5: "  "
                    RenderInline {A} at (5,0) size 71x12 [color=#0000CC]
                      RenderText {#text} at (5,0) size 71x12
                        text run at (5,0) width 71: "Advanced Search"
                    RenderBR {BR} at (75,0) size 1x12
                    RenderText {#text} at (0,13) size 5x12
                      text run at (0,13) width 5: "  "
                    RenderInline {A} at (5,13) size 47x12 [color=#0000CC]
                      RenderText {#text} at (5,13) size 47x12
                        text run at (5,13) width 47: "Preferences"
                    RenderBR {BR} at (51,13) size 1x12
                    RenderText {#text} at (0,26) size 5x12
                      text run at (0,26) width 5: "  "
                    RenderInline {A} at (5,26) size 65x12 [color=#0000CC]
                      RenderText {#text} at (5,26) size 65x12
                        text run at (5,26) width 65: "Language Tools"
          RenderBlock (anonymous) at (2,67) size 780x37
            RenderBR {BR} at (390,0) size 0x19
            RenderInline {FONT} at (317,20) size 146x15
              RenderInline {FONT} at (317,20) size 30x15 [color=#FF0000]
                RenderText {#text} at (317,20) size 30x15
                  text run at (317,20) width 30: "New!"
              RenderText {#text} at (346,20) size 4x15
                text run at (346,20) width 4: " "
              RenderInline {A} at (349,20) size 111x15 [color=#0000CC]
                RenderText {#text} at (349,20) size 111x15
                  text run at (349,20) width 111: "Personalize this page"
              RenderText {#text} at (459,20) size 4x15
                text run at (459,20) width 4: "."
            RenderText {#text} at (0,0) size 0x0
        RenderBlock (anonymous) at (0,165) size 784x77
          RenderBR {BR} at (392,0) size 0x19
          RenderBR {BR} at (392,20) size 0x19
          RenderBR {BR} at (392,40) size 0x19
          RenderInline {FONT} at (237,60) size 310x15
            RenderInline {A} at (237,60) size 116x15 [color=#0000CC]
              RenderText {#text} at (237,60) size 116x15
                text run at (237,60) width 116: "Advertising Programs"
            RenderText {#text} at (352,60) size 11x15
              text run at (352,60) width 11: " - "
            RenderInline {A} at (362,60) size 100x15 [color=#0000CC]
              RenderText {#text} at (362,60) size 100x15
                text run at (362,60) width 100: "Business Solutions"
            RenderText {#text} at (461,60) size 12x15
              text run at (461,60) width 12: " - "
            RenderInline {A} at (472,60) size 75x15 [color=#0000CC]
              RenderText {#text} at (472,60) size 75x15
                text run at (472,60) width 75: "About Google"
        RenderBlock {P} at (0,257) size 784x14
          RenderInline {FONT} at (362,0) size 60x12
            RenderText {#text} at (362,0) size 60x12
              text run at (362,0) width 60: "\x{A9}2005 Google"
layer at (206,92) size 386x14
  RenderBlock {DIV} at (6,3) size 388x15
selection start: position 0 of child 3 {INPUT} of child 1 {TD} of child 0 {TR} of child 0 {TBODY} of child 2 {TABLE} of child 4 {DIV} of child 0 {CENTER} of body
selection end:   position 1 of child 2 {BR} of child 0 {FONT} of child 2 {TD} of child 0 {TR} of child 0 {TBODY} of child 2 {TABLE} of child 4 {DIV} of child 0 {CENTER} of body
