EDITING DELEGATE: shouldBeginEditingInDOMRange:range from 0 of DIV > BODY > HTML > #document to 4 of DIV > BODY > HTML > #document
EDITING DELEGATE: webViewDidBeginEditing:WebViewDidBeginEditingNotification
EDITING DELEGATE: webViewDidChangeSelection:WebViewDidChangeSelectionNotification
EDITING DELEGATE: webViewDidChangeSelection:WebViewDidChangeSelectionNotification
EDITING DELEGATE: webViewDidChangeSelection:WebViewDidChangeSelectionNotification
layer at (0,0) size 800x600
  RenderView at (0,0) size 800x600
layer at (0,0) size 800x600
  RenderBlock {HTML} at (0,0) size 800x600
    RenderBody {BODY} at (8,8) size 784x584
      RenderBlock {P} at (0,0) size 784x20
        RenderText {#text} at (0,0) size 578x19
          text run at (0,0) width 271: "This tests caret movement across buttons. "
          text run at (270,0) width 308: "The caret should be just after the second button."
      RenderBlock {DIV} at (0,36) size 784x24
        RenderButton {INPUT} at (2,2) size 45x20 [color=#FFFFFF] [bgcolor=#007AFF] [border: (1px solid #FFFFFF)]
          RenderBlock (anonymous) at (12,3) size 21x14
            RenderText at (0,0) size 21x14
              text run at (0,0) width 21: "Foo"
        RenderButton {INPUT} at (50,2) size 43x20 [color=#007AFF] [bgcolor=#E9E9EA] [border: (1px solid #FFFFFF)]
          RenderBlock (anonymous) at (12,3) size 18x14
            RenderText at (0,0) size 18x14
              text run at (0,0) width 18: "Bar"
        RenderText {#text} at (0,0) size 0x0
caret: position 1 of child 2 {INPUT} of child 2 {DIV} of body
