EDITING DELEGATE: shouldBeginEditingInDOMRange:range from 0 of DIV > BODY > HTML > #document to 3 of DIV > BODY > HTML > #document
EDITING DELEGATE: webViewDidBeginEditing:WebViewDidBeginEditingNotification
EDITING DELEGATE: webViewDidChangeSelection:WebViewDidChangeSelectionNotification
EDITING DELEGATE: webViewDidChangeSelection:WebViewDidChangeSelectionNotification
EDITING DELEGATE: webViewDidChangeSelection:WebViewDidChangeSelectionNotification
layer at (0,0) size 800x600
  RenderView at (0,0) size 800x600
layer at (0,0) size 800x600
  RenderBlock {HTML} at (0,0) size 800x600
    RenderBody {BODY} at (8,8) size 784x584
      RenderBlock {P} at (0,0) size 784x20
        RenderText {#text} at (0,0) size 415x19
          text run at (0,0) width 415: "This tests for a bug where images would act as word boundaries."
      RenderBlock {DIV} at (0,36) size 784x108
        RenderText {#text} at (0,88) size 393x19
          text run at (0,88) width 393: "The caret should be just before the second to last word in this"
        RenderImage {IMG} at (392,0) size 77x103
        RenderText {#text} at (468,88) size 60x19
          text run at (468,88) width 60: "sentence."
caret: position 59 of child 0 {#text} of child 2 {DIV} of body
