EDITING DELEGATE: shouldBeginEditingInDOMRange:range from 0 of DIV > BODY > HTML > #document to 3 of DIV > BODY > HTML > #document
EDITING DELEGATE: webViewDidBeginEditing:WebViewDidBeginEditingNotification
EDITING DELEGATE: webViewDidChangeSelection:WebViewDidChangeSelectionNotification
EDITING DELEGATE: webViewDidChangeSelection:WebViewDidChangeSelectionNotification
EDITING DELEGATE: webViewDidChangeSelection:WebViewDidChangeSelectionNotification
layer at (0,0) size 800x600
  RenderView at (0,0) size 800x600
layer at (0,0) size 800x600
  RenderBlock {HTML} at (0,0) size 800x600
    RenderBody {BODY} at (8,8) size 784x584
      RenderBlock {P} at (0,0) size 784x20
        RenderText {#text} at (0,0) size 415x19
          text run at (0,0) width 415: "This tests for a bug where images would act as word boundaries."
      RenderBlock {DIV} at (0,36) size 784x108
        RenderText {#text} at (0,88) size 25x19
          text run at (0,88) width 25: "The"
        RenderImage {IMG} at (24,0) size 77x103
        RenderText {#text} at (100,88) size 374x19
          text run at (100,88) width 374: "caret should be just after the second word in this sentence."
caret: position 6 of child 2 {#text} of child 2 {DIV} of body
