layer at (0,0) size 800x600
  RenderView at (0,0) size 800x600
layer at (0,0) size 800x600
  RenderBlock {HTML} at (0,0) size 800x600
    RenderBody {BODY} at (8,8) size 784x584
      RenderBlock {P} at (0,0) size 784x60
        RenderText {#text} at (0,0) size 781x59
          text run at (0,0) width 781: "This tests for a crash when performing a selection modification, when a node containing the selection was made invisible,"
          text run at (0,20) width 370: "and when there is nowhere visible for the selection to go. "
          text run at (369,20) width 392: "For example, set the caret inside of an editable div, and make"
          text run at (0,40) width 526: "the div invisible, then try to move the selection forward/backward by a paragraph."
      RenderBlock {DIV} at (0,76) size 784x20
caret: position 0 of child 2 {DIV} of body
