layer at (0,0) size 800x600
  RenderView at (0,0) size 800x600
layer at (0,0) size 800x600
  RenderBlock {HTML} at (0,0) size 800x600
    RenderBody {BODY} at (8,8) size 784x584
      RenderBlock {P} at (0,0) size 784x40
        RenderText {#text} at (0,0) size 776x39
          text run at (0,0) width 776: "This tests for a bug when moving the caret forward by a line from a range selection with a horizontal position for vertical"
          text run at (0,20) width 139: "arrow navigation set. "
          text run at (138,20) width 610: "To match TextEdit, the caret should be between the second and third 'x's in the forth paragraph."
      RenderBlock {DIV} at (0,56) size 784x80
        RenderText {#text} at (0,0) size 24x19
          text run at (0,0) width 24: "xxx"
        RenderBR {BR} at (24,0) size 0x19
        RenderText {#text} at (0,20) size 24x19
          text run at (0,20) width 24: "xxx"
        RenderBR {BR} at (24,20) size 0x19
        RenderText {#text} at (0,40) size 8x19
          text run at (0,40) width 8: "x"
        RenderBR {BR} at (8,40) size 0x19
        RenderText {#text} at (0,60) size 24x19
          text run at (0,60) width 24: "xxx"
        RenderBR {BR} at (24,60) size 0x19
caret: position 3 of child 6 {#text} of child 2 {DIV} of body
