layer at (0,0) size 800x600
  RenderView at (0,0) size 800x600
layer at (0,0) size 800x600
  RenderBlock {HTML} at (0,0) size 800x600
    RenderBody {BODY} at (8,8) size 784x576
      RenderBlock {P} at (0,0) size 784x40
        RenderText {#text} at (0,0) size 784x39
          text run at (0,0) width 525: "This tests for setting the selection at a position inside a document in designMode. "
          text run at (524,0) width 256: "You should see a caret at the start of the"
          text run at (779,0) width 5: " "
          text run at (0,20) width 35: "body."
caret: position 0 of child 0 {#text} of child 1 {P} of body
