layer at (0,0) size 800x600
  RenderView at (0,0) size 800x600
layer at (0,0) size 800x600
  RenderBlock {HTML} at (0,0) size 800x600
layer at (8,8) size 612x151
  RenderBody {BODY} at (8,8) size 612x152 [border: (1px solid #000000)]
    RenderBlock {H1} at (6,6) size 600x38
      RenderText {#text} at (0,1) size 449x36
        text run at (0,1) width 449: "Word selection on right click test"
    RenderBlock (anonymous) at (6,65) size 600x81
      RenderText {#text} at (0,0) size 590x39
        text run at (0,0) width 590: "This tests to make sure that right clicking non-editable content only creates a word selection"
        text run at (0,20) width 129: "for clicks over text. "
      RenderInline {SPAN} at (0,0) size 18x19
        RenderText {#text} at (128,20) size 18x19
          text run at (128,20) width 18: "To"
      RenderText {#text} at (145,20) size 599x59
        text run at (145,20) width 418: " run manually, right click on text, and a word should be selected. "
        text run at (562,20) width 37: "Right"
        text run at (0,40) width 589: "click on the empty space outside and to the right of the black border, the selection should be"
        text run at (0,60) width 60: "removed."
      RenderText {#text} at (0,0) size 0x0
