EDITING DELEGATE: shouldBeginEditingInDOMRange:range from 0 of BODY > HTML > #document to 7 of BODY > HTML > #document
EDITING DELEGATE: webViewDidBeginEditing:WebViewDidBeginEditingNotification
EDITING DELEGATE: webViewDidChangeSelection:WebViewDidChangeSelectionNotification
EDITING DELEGATE: shouldChangeSelectedDOMRange:range from 0 of P > BODY > HTML > #document to 0 of P > BODY > HTML > #document toDOMRange:range from 0 of #text > P > BODY > HTML > #document to 6 of BODY > HTML > #document affinity:NSSelectionAffinityDownstream stillSelecting:FALSE
EDITING DELEGATE: webViewDidChangeSelection:WebViewDidChangeSelectionNotification
layer at (0,0) size 800x600
  RenderView at (0,0) size 800x600
layer at (0,0) size 800x600
  RenderBlock {HTML} at (0,0) size 800x600
    RenderBody {BODY} at (8,8) size 784x584
      RenderBlock {P} at (0,0) size 784x60
        RenderText {#text} at (0,0) size 135x19
          text run at (0,0) width 135: "This is a testcase for "
        RenderInline {A} at (0,0) size 350x19 [color=#0000EE]
          RenderText {#text} at (134,0) size 350x19
            text run at (134,0) width 350: "http://bugzilla.opendarwin.org/show_bug.cgi?id=7152"
        RenderText {#text} at (483,0) size 784x59
          text run at (483,0) width 9: ". "
          text run at (491,0) width 261: "Adding visible candidates after tables, at"
          text run at (751,0) width 5: " "
          text run at (0,20) width 782: "[table, numberOfChildren], threw RenderView::setSelection for a loop because it assumed the end of a selection would be"
          text run at (781,20) width 3: " "
          text run at (0,40) width 144: "inside an atomic node."
      RenderBlock {HR} at (0,76) size 784x2 [border: (1px inset #000000)]
      RenderTable {TABLE} at (0,86) size 164x56 [border: (1px outset #808080)]
        RenderTableSection {TBODY} at (1,1) size 162x54
          RenderTableRow {TR} at (0,2) size 162x24
            RenderTableCell {TD} at (2,2) size 158x24 [border: (1px inset #808080)] [r=0 c=0 rs=1 cs=1]
              RenderText {#text} at (2,2) size 154x19
                text run at (2,2) width 154: "This should be selected."
          RenderTableRow {TR} at (0,28) size 162x24
            RenderTableCell {TD} at (2,28) size 158x24 [border: (1px inset #808080)] [r=1 c=0 rs=1 cs=1]
              RenderText {#text} at (2,2) size 154x19
                text run at (2,2) width 154: "This should be selected."
selection start: position 0 of child 0 {#text} of child 1 {P} of body
selection end:   position 1 of child 5 {TABLE} of body
