EDITING DELEGATE: shouldBeginEditingInDOMRange:range from 0 of DIV > BODY > HTML > #document to 3 of DIV > BODY > HTML > #document
EDITING DELEGATE: webViewDidBeginEditing:WebViewDidBeginEditingNotification
EDITING DELEGATE: webViewDidChangeSelection:WebViewDidChangeSelectionNotification
EDITING DELEGATE: webViewDidChangeSelection:WebViewDidChangeSelectionNotification
EDITING DELEGATE: webViewDidChangeSelection:WebViewDidChangeSelectionNotification
EDITING DELEGATE: webViewDidChangeSelection:WebViewDidChangeSelectionNotification
EDITING DELEGATE: webViewDidChangeSelection:WebViewDidChangeSelectionNotification
layer at (0,0) size 800x600
  RenderView at (0,0) size 800x600
layer at (0,0) size 800x600
  RenderBlock {HTML} at (0,0) size 800x600
    RenderBody {BODY} at (8,8) size 784x576
      RenderBlock {P} at (0,0) size 784x40
        RenderInline {B} at (0,0) size 306x19
          RenderText {#text} at (0,0) size 306x19
            text run at (0,0) width 306: "Make sure that your window is small enough"
        RenderText {#text} at (305,0) size 777x39
          text run at (305,0) width 472: " so that 'don't select this line' and 'try to select just this line' appear on two"
          text run at (0,20) width 98: "different lines. "
          text run at (97,20) width 623: "The two phrases are actually in the same paragraph, there are just lots of spaces in between them."
      RenderBlock {P} at (0,56) size 784x40
        RenderText {#text} at (0,0) size 108x19
          text run at (0,0) width 108: "This is a test for "
        RenderInline {A} at (0,0) size 373x19 [color=#0000EE]
          RenderText {#text} at (107,0) size 373x19
            text run at (107,0) width 373: "REGRESSION: Selection includes spaces that it shouldn't"
        RenderText {#text} at (479,0) size 768x39
          text run at (479,0) width 289: ". The test makes sure that a word that is right"
          text run at (0,20) width 291: "after a line wrap can be selected successfully."
      RenderBlock {P} at (0,112) size 784x0
      RenderBlock {DIV} at (16,112) size 752x42 [border: (1px solid #000000)]
        RenderText {#text} at (1,1) size 748x39
          text run at (1,1) width 100: "don't select me "
          text run at (100,1) width 5: " "
          text run at (104,1) width 5: " "
          text run at (108,1) width 5: " "
          text run at (112,1) width 5: " "
          text run at (116,1) width 5: " "
          text run at (120,1) width 5: " "
          text run at (124,1) width 5: " "
          text run at (128,1) width 5: " "
          text run at (132,1) width 5: " "
          text run at (136,1) width 5: " "
          text run at (140,1) width 5: " "
          text run at (144,1) width 5: " "
          text run at (148,1) width 5: " "
          text run at (152,1) width 5: " "
          text run at (156,1) width 5: " "
          text run at (160,1) width 5: " "
          text run at (164,1) width 5: " "
          text run at (168,1) width 5: " "
          text run at (172,1) width 5: " "
          text run at (176,1) width 5: " "
          text run at (180,1) width 5: " "
          text run at (184,1) width 5: " "
          text run at (188,1) width 5: " "
          text run at (192,1) width 5: " "
          text run at (196,1) width 5: " "
          text run at (200,1) width 5: " "
          text run at (204,1) width 5: " "
          text run at (208,1) width 5: " "
          text run at (212,1) width 5: " "
          text run at (216,1) width 5: " "
          text run at (220,1) width 5: " "
          text run at (224,1) width 5: " "
          text run at (228,1) width 5: " "
          text run at (232,1) width 5: " "
          text run at (236,1) width 5: " "
          text run at (240,1) width 5: " "
          text run at (244,1) width 5: " "
          text run at (248,1) width 5: " "
          text run at (252,1) width 5: " "
          text run at (256,1) width 5: " "
          text run at (260,1) width 5: " "
          text run at (264,1) width 5: " "
          text run at (268,1) width 5: " "
          text run at (272,1) width 5: " "
          text run at (276,1) width 5: " "
          text run at (280,1) width 5: " "
          text run at (284,1) width 5: " "
          text run at (288,1) width 5: " "
          text run at (292,1) width 5: " "
          text run at (296,1) width 5: " "
          text run at (300,1) width 5: " "
          text run at (304,1) width 5: " "
          text run at (308,1) width 5: " "
          text run at (312,1) width 5: " "
          text run at (316,1) width 5: " "
          text run at (320,1) width 5: " "
          text run at (324,1) width 5: " "
          text run at (328,1) width 5: " "
          text run at (332,1) width 5: " "
          text run at (336,1) width 5: " "
          text run at (340,1) width 5: " "
          text run at (344,1) width 5: " "
          text run at (348,1) width 5: " "
          text run at (352,1) width 5: " "
          text run at (356,1) width 5: " "
          text run at (360,1) width 5: " "
          text run at (364,1) width 5: " "
          text run at (368,1) width 5: " "
          text run at (372,1) width 5: " "
          text run at (376,1) width 5: " "
          text run at (380,1) width 5: " "
          text run at (384,1) width 5: " "
          text run at (388,1) width 5: " "
          text run at (392,1) width 5: " "
          text run at (396,1) width 5: " "
          text run at (400,1) width 5: " "
          text run at (404,1) width 5: " "
          text run at (408,1) width 5: " "
          text run at (412,1) width 5: " "
          text run at (416,1) width 5: " "
          text run at (420,1) width 5: " "
          text run at (424,1) width 5: " "
          text run at (428,1) width 5: " "
          text run at (432,1) width 5: " "
          text run at (436,1) width 5: " "
          text run at (440,1) width 5: " "
          text run at (444,1) width 5: " "
          text run at (448,1) width 5: " "
          text run at (452,1) width 5: " "
          text run at (456,1) width 5: " "
          text run at (460,1) width 5: " "
          text run at (464,1) width 5: " "
          text run at (468,1) width 5: " "
          text run at (472,1) width 5: " "
          text run at (476,1) width 5: " "
          text run at (480,1) width 5: " "
          text run at (484,1) width 5: " "
          text run at (488,1) width 5: " "
          text run at (492,1) width 5: " "
          text run at (496,1) width 5: " "
          text run at (500,1) width 5: " "
          text run at (504,1) width 5: " "
          text run at (508,1) width 5: " "
          text run at (512,1) width 5: " "
          text run at (516,1) width 5: " "
          text run at (520,1) width 5: " "
          text run at (524,1) width 5: " "
          text run at (528,1) width 5: " "
          text run at (532,1) width 5: " "
          text run at (536,1) width 5: " "
          text run at (540,1) width 5: " "
          text run at (544,1) width 5: " "
          text run at (548,1) width 5: " "
          text run at (552,1) width 5: " "
          text run at (556,1) width 5: " "
          text run at (560,1) width 5: " "
          text run at (564,1) width 5: " "
          text run at (568,1) width 5: " "
          text run at (572,1) width 5: " "
          text run at (576,1) width 5: " "
          text run at (580,1) width 5: " "
          text run at (584,1) width 5: " "
          text run at (588,1) width 5: " "
          text run at (592,1) width 5: " "
          text run at (596,1) width 5: " "
          text run at (600,1) width 5: " "
          text run at (604,1) width 5: " "
          text run at (608,1) width 5: " "
          text run at (612,1) width 5: " "
          text run at (616,1) width 5: " "
          text run at (620,1) width 5: " "
          text run at (624,1) width 5: " "
          text run at (628,1) width 5: " "
          text run at (632,1) width 5: " "
          text run at (636,1) width 5: " "
          text run at (640,1) width 5: " "
          text run at (644,1) width 5: " "
          text run at (648,1) width 5: " "
          text run at (652,1) width 5: " "
          text run at (656,1) width 5: " "
          text run at (660,1) width 5: " "
          text run at (664,1) width 5: " "
          text run at (668,1) width 5: " "
          text run at (672,1) width 5: " "
          text run at (676,1) width 5: " "
          text run at (680,1) width 5: " "
          text run at (684,1) width 5: " "
          text run at (688,1) width 5: " "
          text run at (692,1) width 5: " "
          text run at (696,1) width 5: " "
          text run at (700,1) width 5: " "
          text run at (704,1) width 5: " "
          text run at (708,1) width 5: " "
          text run at (712,1) width 5: " "
          text run at (716,1) width 5: " "
          text run at (720,1) width 5: " "
          text run at (724,1) width 5: " "
          text run at (728,1) width 5: " "
          text run at (732,1) width 5: " "
          text run at (736,1) width 5: " "
          text run at (740,1) width 5: " "
          text run at (744,1) width 5: " "
          text run at (748,1) width 1: " "
          text run at (748,1) width 1: " "
          text run at (748,1) width 1: " "
          text run at (748,1) width 1: " "
          text run at (748,1) width 1: " "
          text run at (748,1) width 1: " "
          text run at (748,1) width 1: " "
          text run at (748,1) width 1: " "
          text run at (748,1) width 1: " "
          text run at (748,1) width 1: " "
          text run at (748,1) width 1: " "
          text run at (748,1) width 1: " "
          text run at (748,1) width 1: " "
          text run at (748,1) width 1: " "
          text run at (748,1) width 1: " "
          text run at (748,1) width 1: " "
          text run at (748,1) width 1: " "
          text run at (748,1) width 1: " "
          text run at (748,1) width 1: " "
          text run at (748,1) width 1: " "
          text run at (748,1) width 1: " "
          text run at (748,1) width 1: " "
          text run at (748,1) width 1: " "
          text run at (748,1) width 1: " "
          text run at (748,1) width 1: " "
          text run at (748,1) width 1: " "
          text run at (748,1) width 1: " "
          text run at (748,1) width 1: " "
          text run at (748,1) width 1: " "
          text run at (748,1) width 1: " "
          text run at (748,1) width 1: " "
          text run at (748,1) width 1: " "
          text run at (748,1) width 1: " "
          text run at (748,1) width 1: " "
          text run at (748,1) width 1: " "
          text run at (748,1) width 1: " "
          text run at (748,1) width 1: " "
          text run at (748,1) width 1: " "
          text run at (748,1) width 1: " "
          text run at (748,1) width 1: " "
          text run at (748,1) width 1: " "
          text run at (748,1) width 1: " "
          text run at (748,1) width 1: " "
          text run at (748,1) width 1: " "
          text run at (748,1) width 1: " "
          text run at (748,1) width 1: " "
          text run at (748,1) width 1: " "
          text run at (748,1) width 1: " "
          text run at (748,1) width 1: " "
          text run at (748,1) width 1: " "
          text run at (748,1) width 1: " "
          text run at (748,1) width 1: " "
          text run at (748,1) width 1: " "
          text run at (748,1) width 1: " "
          text run at (748,1) width 1: " "
          text run at (748,1) width 1: " "
          text run at (748,1) width 1: " "
          text run at (748,1) width 1: " "
          text run at (748,1) width 1: " "
          text run at (748,1) width 1: " "
          text run at (748,1) width 1: " "
          text run at (748,1) width 1: " "
          text run at (748,1) width 1: " "
          text run at (748,1) width 1: " "
          text run at (748,1) width 1: " "
          text run at (748,1) width 1: " "
          text run at (748,1) width 1: " "
          text run at (748,1) width 1: " "
          text run at (748,1) width 1: " "
          text run at (748,1) width 1: " "
          text run at (748,1) width 1: " "
          text run at (748,1) width 1: " "
          text run at (748,1) width 1: " "
          text run at (748,1) width 1: " "
          text run at (748,1) width 1: " "
          text run at (748,1) width 1: " "
          text run at (748,1) width 1: " "
          text run at (748,1) width 1: " "
          text run at (748,1) width 1: " "
          text run at (748,1) width 1: " "
          text run at (748,1) width 1: " "
          text run at (748,1) width 1: " "
          text run at (748,1) width 1: " "
          text run at (748,1) width 1: " "
          text run at (748,1) width 1: " "
          text run at (748,1) width 1: " "
          text run at (748,1) width 1: " "
          text run at (748,1) width 1: " "
          text run at (748,1) width 1: " "
          text run at (748,1) width 1: " "
          text run at (748,1) width 1: " "
          text run at (748,1) width 1: " "
          text run at (748,1) width 1: " "
          text run at (748,1) width 1: " "
          text run at (748,1) width 1: " "
          text run at (748,1) width 1: " "
          text run at (748,1) width 1: " "
          text run at (748,1) width 1: " "
          text run at (748,1) width 1: " "
          text run at (748,1) width 1: " "
          text run at (748,1) width 1: " "
          text run at (748,1) width 1: " "
          text run at (748,1) width 1: " "
          text run at (748,1) width 1: " "
          text run at (748,1) width 1: " "
          text run at (748,1) width 1: " "
          text run at (748,1) width 1: " "
          text run at (748,1) width 1: " "
          text run at (748,1) width 1: " "
          text run at (748,1) width 1: " "
          text run at (748,1) width 1: " "
          text run at (748,1) width 1: " "
          text run at (748,1) width 1: " "
          text run at (748,1) width 1: " "
          text run at (748,1) width 1: " "
          text run at (748,1) width 1: " "
          text run at (748,1) width 1: " "
          text run at (748,1) width 1: " "
          text run at (748,1) width 1: " "
          text run at (748,1) width 1: " "
          text run at (748,1) width 1: " "
          text run at (748,1) width 1: " "
          text run at (748,1) width 1: " "
          text run at (748,1) width 1: " "
          text run at (748,1) width 1: " "
          text run at (748,1) width 1: " "
          text run at (748,1) width 1: " "
          text run at (748,1) width 1: " "
          text run at (748,1) width 1: " "
          text run at (748,1) width 1: " "
          text run at (748,1) width 1: " "
          text run at (748,1) width 1: " "
          text run at (748,1) width 1: " "
          text run at (748,1) width 1: " "
          text run at (748,1) width 1: " "
          text run at (748,1) width 1: " "
          text run at (748,1) width 1: " "
          text run at (748,1) width 1: " "
          text run at (748,1) width 1: " "
          text run at (748,1) width 1: " "
          text run at (748,1) width 1: " "
          text run at (748,1) width 1: " "
          text run at (748,1) width 1: " "
          text run at (748,1) width 1: " "
          text run at (748,1) width 1: " "
          text run at (748,1) width 1: " "
          text run at (748,1) width 1: " "
          text run at (748,1) width 1: " "
          text run at (748,1) width 1: " "
          text run at (748,1) width 1: " "
          text run at (748,1) width 1: " "
          text run at (748,1) width 1: " "
          text run at (748,1) width 1: " "
          text run at (748,1) width 1: " "
          text run at (748,1) width 1: " "
          text run at (748,1) width 1: " "
          text run at (748,1) width 1: " "
          text run at (748,1) width 1: " "
          text run at (748,1) width 1: " "
          text run at (748,1) width 1: " "
          text run at (748,1) width 1: " "
          text run at (748,1) width 1: " "
          text run at (748,1) width 1: " "
          text run at (748,1) width 1: " "
          text run at (748,1) width 1: " "
          text run at (748,1) width 1: " "
          text run at (748,1) width 1: " "
          text run at (748,1) width 1: " "
          text run at (748,1) width 1: " "
          text run at (748,1) width 1: " "
          text run at (748,1) width 1: " "
          text run at (748,1) width 1: " "
          text run at (748,1) width 1: " "
          text run at (748,1) width 1: " "
          text run at (748,1) width 1: " "
          text run at (748,1) width 1: " "
          text run at (748,1) width 1: " "
          text run at (748,1) width 1: " "
          text run at (748,1) width 1: " "
          text run at (748,1) width 1: " "
          text run at (748,1) width 1: " "
          text run at (748,1) width 1: " "
          text run at (748,1) width 1: " "
          text run at (748,1) width 1: " "
          text run at (748,1) width 1: " "
          text run at (1,21) width 4: " "
        RenderInline {I} at (0,0) size 156x19
          RenderText {#text} at (5,21) size 156x19
            text run at (5,21) width 156: "try to select just this text"
        RenderText {#text} at (0,0) size 0x0
selection start: position 364 of child 0 {#text} of child 7 {DIV} of body
selection end:   position 2 of child 0 {#text} of child 1 {I} of child 7 {DIV} of body
