layer at (0,0) size 800x600
  RenderView at (0,0) size 800x600
layer at (0,0) size 800x600
  RenderBlock {HTML} at (0,0) size 800x600
    RenderBody {BODY} at (8,8) size 784x584
      RenderBlock {DIV} at (0,0) size 784x95 [border: (5px solid #FF0000)]
        RenderMenuList {SELECT} at (37,38) size 46x20 [color=#007AFF] [bgcolor=#E9E9EA] [border: (1px solid #FFFFFF)]
          RenderBlock (anonymous) at (6,3) size 34x14
            RenderText at (0,0) size 22x14
              text run at (0,0) width 22: "One"
        RenderText {#text} at (83,37) size 27x19
          text run at (83,37) width 27: "blaa"
caret: position 0 of child 0 {SELECT} of child 0 {DIV} of body
