EDITING DELEGATE: shouldBeginEditingInDOMRange:range from 0 of DIV > BODY > HTML > #document to 3 of DIV > BODY > HTML > #document
EDITING DELEGATE: webViewDidBeginEditing:WebViewDidBeginEditingNotification
EDITING DELEGATE: webViewDidChangeSelection:WebViewDidChangeSelectionNotification
EDITING DELEGATE: webViewDidChangeSelection:WebViewDidChangeSelectionNotification
EDITING DELEGATE: webViewDidChangeSelection:WebViewDidChangeSelectionNotification
EDITING DELEGATE: webViewDidChangeSelection:WebViewDidChangeSelectionNotification
EDITING DELEGATE: webViewDidChangeSelection:WebViewDidChangeSelectionNotification
EDITING DELEGATE: webViewDidChangeSelection:WebViewDidChangeSelectionNotification
EDITING DELEGATE: webViewDidChangeSelection:WebViewDidChangeSelectionNotification
layer at (0,0) size 800x600
  RenderView at (0,0) size 800x600
layer at (0,0) size 800x600
  RenderBlock {HTML} at (0,0) size 800x600
    RenderBody {BODY} at (8,8) size 784x584
      RenderBlock {DIV} at (0,0) size 148x162 [border: (2px solid #FF0000)]
        RenderBlock {UL} at (14,14) size 120x134
          RenderListItem {LI} at (0,0) size 120x20
            RenderListMarker at (-15,3) size 6x14: bullet
            RenderText {#text} at (5,3) size 8x14
              text run at (5,3) width 8: "\x{B7} "
            RenderInline {A} at (0,0) size 53x14 [color=#0000EE]
              RenderText {#text} at (12,3) size 53x14
                text run at (12,3) width 53: "Appetizers"
          RenderListItem {LI} at (0,20) size 120x20
            RenderListMarker at (-15,3) size 6x14: bullet
            RenderText {#text} at (5,3) size 8x14
              text run at (5,3) width 8: "\x{B7} "
            RenderInline {A} at (0,0) size 79x14 [color=#0000EE]
              RenderText {#text} at (12,3) size 79x14
                text run at (12,3) width 79: "Soups & Salads"
          RenderListItem {LI} at (0,40) size 120x34
            RenderListMarker at (-15,3) size 6x14: bullet
            RenderText {#text} at (5,3) size 8x14
              text run at (5,3) width 8: "\x{B7} "
            RenderInline {A} at (0,0) size 74x28 [color=#0000EE]
              RenderText {#text} at (12,3) size 74x28
                text run at (12,3) width 74: "Sandwiches & "
                text run at (16,17) width 40: "Burgers"
          RenderListItem {LI} at (0,74) size 120x20
            RenderListMarker at (-15,3) size 6x14: bullet
            RenderText {#text} at (5,3) size 8x14
              text run at (5,3) width 8: "\x{B7} "
            RenderInline {A} at (0,0) size 65x14 [color=#0000EE]
              RenderText {#text} at (12,3) size 65x14
                text run at (12,3) width 65: "Steak & Ribs"
          RenderListItem {LI} at (0,94) size 120x20
            RenderListMarker at (-15,3) size 6x14: bullet
            RenderText {#text} at (5,3) size 8x14
              text run at (5,3) width 8: "\x{B7} "
            RenderInline {A} at (0,0) size 41x14 [color=#0000EE]
              RenderText {#text} at (12,3) size 41x14
                text run at (12,3) width 41: "Seafood"
          RenderListItem {LI} at (0,114) size 120x20
            RenderListMarker at (-15,3) size 6x14: bullet
            RenderText {#text} at (5,3) size 8x14
              text run at (5,3) width 8: "\x{B7} "
            RenderInline {A} at (0,0) size 41x14 [color=#0000EE]
              RenderText {#text} at (12,3) size 41x14
                text run at (12,3) width 41: "Combos"
selection start: position 0 of child 0 {#text} of child 1 {LI} of child 1 {UL} of child 1 {DIV} of body
selection end:   position 0 of child 5 {LI} of child 1 {UL} of child 1 {DIV} of body
