EDITING DELEGATE: webViewDidChangeSelection:WebViewDidChangeSelectionNotification
EDITING DELEGATE: webViewDidChangeSelection:WebViewDidChangeSelectionNotification
EDITING DELEGATE: webViewDidChangeSelection:WebViewDidChangeSelectionNotification
EDITING DELEGATE: webViewDidChangeSelection:WebViewDidChangeSelectionNotification
EDITING DELEGATE: webViewDidChangeSelection:WebViewDidChangeSelectionNotification
layer at (0,0) size 800x600
  RenderView at (0,0) size 800x600
layer at (0,0) size 800x600
  RenderBlock {HTML} at (0,0) size 800x600
    RenderBody {BODY} at (8,8) size 784x584
      RenderBlock {DIV} at (0,0) size 784x58 [border: (2px solid #FF0000)]
        RenderInline {SPAN} at (0,0) size 126x28
          RenderText {#text} at (14,15) size 126x28
            text run at (14,15) width 126: "\x{D83D}\x{DEA3}\x{D83C}\x{DFFB}\x{D83D}\x{DEA3}\x{D83C}\x{DFFC}\x{D83D}\x{DEA3}\x{D83C}\x{DFFD}\x{D83D}\x{DEA3}\x{D83C}\x{DFFE}\x{D83D}\x{DEA3}\x{D83C}\x{DFFF}\x{D83D}\x{DEA3}"
        RenderText {#text} at (0,0) size 0x0
        RenderText {#text} at (0,0) size 0x0
selection start: position 0 of child 0 {#text} of child 1 {SPAN} of child 3 {DIV} of body
selection end:   position 16 of child 0 {#text} of child 1 {SPAN} of child 3 {DIV} of body
