EDITING DELEGATE: shouldBeginEditingInDOMRange:range from 0 of DIV > BODY > HTML > #document to 3 of DIV > BODY > HTML > #document
EDITING DELEGATE: webViewDidBeginEditing:WebViewDidBeginEditingNotification
EDITING DELEGATE: webViewDidChangeSelection:WebViewDidChangeSelectionNotification
EDITING DELEGATE: webViewDidChangeSelection:WebViewDidChangeSelectionNotification
layer at (0,0) size 800x600
  RenderView at (0,0) size 800x600
layer at (0,0) size 800x600
  RenderBlock {HTML} at (0,0) size 800x600
    RenderBody {BODY} at (8,8) size 784x576
      RenderBlock {P} at (0,0) size 784x20
        RenderText {#text} at (0,0) size 130x19
          text run at (0,0) width 130: "Test case for fix for "
        RenderInline {A} at (0,0) size 349x19 [color=#0000EE]
          RenderText {#text} at (129,0) size 349x19
            text run at (129,0) width 349: "http://bugzilla.opendarwin.org/show_bug.cgi?id=5354"
        RenderText {#text} at (477,0) size 5x19
          text run at (477,0) width 5: "."
      RenderBlock {P} at (0,36) size 784x40
        RenderText {#text} at (0,0) size 753x39
          text run at (0,0) width 753: "Changes were made to VisiblePosition's so that init() will not leave the block containing the requested position unless"
          text run at (0,20) width 272: "there are no VisiblePositions in that block."
      RenderBlock {P} at (0,92) size 784x0
      RenderBlock {DIV} at (0,92) size 784x56 [border: (2px solid #AAAAFF)]
        RenderBlock {P} at (2,18) size 780x20
          RenderText {#text} at (0,0) size 699x19
            text run at (0,0) width 699: "Select All while inside this editable block should create a selection that does not extend outside of this block."
layer at (8,172) size 784x20
  RenderBlock {P} at (0,164) size 784x20
    RenderText {#text} at (0,0) size 433x19
      text run at (0,0) width 433: "This is a paragraph outside the editable block with overflow:hidden"
selection start: position 0 of child 0 {#text} of child 1 {P} of child 5 {DIV} of body
selection end:   position 113 of child 0 {#text} of child 1 {P} of child 5 {DIV} of body
