EDITING DELEGATE: shouldBeginEditingInDOMRange:range from 0 of TD > TR > TBODY > TABLE > DIV > BODY > HTML > #document to 1 of TD > TR > TBODY > TABLE > DIV > BODY > HTML > #document
EDITING DELEGATE: webViewDidBeginEditing:WebViewDidBeginEditingNotification
EDITING DELEGATE: webViewDidChangeSelection:WebViewDidChangeSelectionNotification
EDITING DELEGATE: shouldEndEditingInDOMRange:range from 0 of TD > TR > TBODY > TABLE > DIV > BODY > HTML > #document to 1 of TD > TR > TBODY > TABLE > DIV > BODY > HTML > #document
EDITING DELEGATE: webViewDidEndEditing:WebViewDidEndEditingNotification
EDITING DELEGATE: shouldBeginEditingInDOMRange:range from 0 of DIV > BODY > HTML > #document to 3 of DIV > BODY > HTML > #document
EDITING DELEGATE: webViewDidBeginEditing:WebViewDidBeginEditingNotification
EDITING DELEGATE: webViewDidChangeSelection:WebViewDidChangeSelectionNotification
layer at (0,0) size 800x600
  RenderView at (0,0) size 800x600
layer at (0,0) size 800x600
  RenderBlock {HTML} at (0,0) size 800x600
    RenderBody {BODY} at (8,8) size 784x584
      RenderBlock {P} at (0,0) size 784x40
        RenderText {#text} at (0,0) size 769x39
          text run at (0,0) width 470: "This tests moving the caret forward through content of mixed editability. "
          text run at (469,0) width 300: "The caret should move down one line from the"
          text run at (0,20) width 481: "editable piece to the editable piece that's embedded in a non-editable piece."
      RenderBlock {DIV} at (0,56) size 784x70
        RenderBlock (anonymous) at (0,0) size 784x20
          RenderText {#text} at (0,0) size 51x19
            text run at (0,0) width 51: "editable"
        RenderTable {TABLE} at (0,20) size 61x30 [border: (1px outset #808080)]
          RenderTableSection {TBODY} at (1,1) size 59x28
            RenderTableRow {TR} at (0,2) size 59x24
              RenderTableCell {TD} at (2,2) size 55x24 [border: (1px inset #808080)] [r=0 c=0 rs=1 cs=1]
                RenderText {#text} at (2,2) size 51x19
                  text run at (2,2) width 51: "editable"
        RenderBlock (anonymous) at (0,50) size 784x20
          RenderText {#text} at (0,0) size 51x19
            text run at (0,0) width 51: "editable"
caret: position 2 of child 0 {#text} of child 2 {DIV} of body
