layer at (0,0) size 800x600
  RenderView at (0,0) size 800x600
layer at (0,0) size 800x600
  RenderBlock {HTML} at (0,0) size 800x600
    RenderBody {BODY} at (8,8) size 784x584
      RenderBlock {P} at (0,0) size 784x40
        RenderText {#text} at (0,0) size 564x19
          text run at (0,0) width 564: "This tests for sentence boundary when there are empty line breaks between lines of text."
        RenderBR {BR} at (563,0) size 1x19
        RenderText {#text} at (0,20) size 501x19
          text run at (0,20) width 501: "The result insertion point should be at the end of the sentence \"How are you?\""
      RenderBlock {DIV} at (0,56) size 784x120
        RenderBlock (anonymous) at (0,0) size 784x20
          RenderText {#text} at (0,0) size 32x19
            text run at (0,0) width 32: "hello"
        RenderBlock {DIV} at (0,20) size 784x20
          RenderBR {BR} at (0,0) size 0x19
        RenderBlock {DIV} at (0,40) size 784x20
          RenderText {#text} at (0,0) size 38x19
            text run at (0,0) width 38: "world"
        RenderBlock {DIV} at (0,60) size 784x20
          RenderBR {BR} at (0,0) size 0x19
        RenderBlock {DIV} at (0,80) size 784x20
          RenderBR {BR} at (0,0) size 0x19
        RenderBlock {DIV} at (0,100) size 784x20
          RenderText {#text} at (0,0) size 270x19
            text run at (0,0) width 89: "This is a test. "
            text run at (88,0) width 95: "How are you? "
            text run at (182,0) width 88: "Life is sweet!"
caret: position 30 of child 0 {#text} of child 9 {DIV} of child 2 {DIV} of body
