EDITING DELEGATE: webViewDidChangeSelection:WebViewDidChangeSelectionNotification
layer at (0,0) size 800x600
  RenderView at (0,0) size 800x600
layer at (0,0) size 800x600
  RenderBlock {HTML} at (0,0) size 800x600
    RenderBody {BODY} at (8,8) size 784x584
      RenderBlock {P} at (0,0) size 784x40
        RenderText {#text} at (0,0) size 763x39
          text run at (0,0) width 693: "This tests behavior when a node that serves as the start or end of a selection is removed from the document. "
          text run at (692,0) width 71: "Ideally, we"
          text run at (0,20) width 660: "would just adjust the selection when an endpoint is removed, for now, we just blow away the selection."
      RenderBlock {P} at (0,56) size 784x40
        RenderText {#text} at (0,0) size 784x39
          text run at (0,0) width 487: "This test creates a selection that ends inside of a node that will be removed. "
          text run at (486,0) width 175: "Then the node is removed. "
          text run at (660,0) width 124: "There should be no"
          text run at (0,20) width 127: "selection afterward."
      RenderBlock {DIV} at (0,112) size 784x20
        RenderText {#text} at (0,0) size 36x19
          text run at (0,0) width 36: "hello "
        RenderText {#text} at (35,0) size 44x19
          text run at (35,0) width 44: "world!"
selection start: position 1 of child 0 {#text} of child 5 {DIV} of body
selection end:   position 1 of child 5 {DIV} of body
