layer at (0,0) size 800x600
  RenderView at (0,0) size 800x600
layer at (0,0) size 800x600
  RenderBlock {HTML} at (0,0) size 800x600
    RenderBody {BODY} at (8,8) size 784x584
      RenderBlock {DIV} at (0,0) size 784x96
        RenderBlock {P} at (0,0) size 784x20
          RenderText {#text} at (0,0) size 27x19
            text run at (0,0) width 27: "For "
          RenderInline {A} at (0,0) size 71x19 [color=#0000EE]
            RenderText {#text} at (26,0) size 71x19
              text run at (26,0) width 71: "Bug 32123"
          RenderText {#text} at (96,0) size 322x19
            text run at (96,0) width 9: ". "
            text run at (104,0) width 314: "Hightlight for Selection should fit the target line."
        RenderBlock (anonymous) at (0,36) size 784x20
          RenderInline {SPAN} at (0,0) size 8x19
            RenderText {#text} at (0,0) size 8x19
              text run at (0,0) width 8: "a"
        RenderBlock {DIV} at (0,56) size 784x20
          RenderText {#text} at (0,0) size 134x19
            text run at (0,0) width 134: "should just select me"
        RenderBlock (anonymous) at (0,76) size 784x20
          RenderInline {SPAN} at (0,0) size 8x19
            RenderText {#text} at (0,0) size 8x19
              text run at (0,0) width 8: "c"
          RenderText {#text} at (0,0) size 0x0
selection start: position 1 of child 0 {#text} of child 3 {SPAN} of child 1 {DIV} of body
selection end:   position 0 of child 5 {SPAN} of child 1 {DIV} of body
