layer at (0,0) size 800x600
  RenderView at (0,0) size 800x600
layer at (0,0) size 800x148
  RenderBlock {HTML} at (0,0) size 800x148
    RenderBody {BODY} at (8,16) size 784x124
      RenderBlock {P} at (0,0) size 784x20
        RenderText {#text} at (0,0) size 566x19
          text run at (0,0) width 566: "To PASS this test case the text of the button label should not be selected in the selection."
      RenderBlock {DIV} at (0,36) size 784x88
        RenderBlock (anonymous) at (0,0) size 784x44
          RenderText {#text} at (0,0) size 50x19
            text run at (0,0) width 50: "Buttons"
          RenderBR {BR} at (49,0) size 1x19
          RenderText {#text} at (0,21) size 61x19
            text run at (0,21) width 61: "with text "
          RenderButton {INPUT} at (62,22) size 66x20 [color=#007AFF] [bgcolor=#78788029]
            RenderBlock (anonymous) at (11,3) size 44x14
              RenderText at (0,0) size 44x14
                text run at (0,0) width 44: "too little"
          RenderText {#text} at (129,21) size 59x19
            text run at (129,21) width 59: " too little"
        RenderBlock {DIV} at (0,44) size 784x24
          RenderText {#text} at (0,1) size 56x19
            text run at (0,1) width 56: "and text "
          RenderButton {INPUT} at (57,2) size 72x20 [color=#007AFF] [bgcolor=#78788029]
            RenderBlock (anonymous) at (11,3) size 50x14
              RenderText at (0,0) size 50x14
                text run at (0,0) width 50: "too much"
          RenderText {#text} at (130,1) size 65x19
            text run at (130,1) width 65: " too much"
        RenderBlock (anonymous) at (0,68) size 784x20
          RenderText {#text} at (0,0) size 250x19
            text run at (0,0) width 250: "Should not be selected in the selection."
selection start: position 0 of child 0 {#text} of child 1 {P} of body
selection end:   position 41 of child 6 {#text} of child 3 {DIV} of body
