EDITING DELEGATE: shouldBeginEditingInDOMRange:range from 0 of DIV > BODY > HTML > #document to 3 of DIV > BODY > HTML > #document
EDITING DELEGATE: webViewDidBeginEditing:WebViewDidBeginEditingNotification
EDITING DELEGATE: webViewDidChangeSelection:WebViewDidChangeSelectionNotification
layer at (0,0) size 800x600
  RenderView at (0,0) size 800x600
layer at (0,0) size 800x600
  RenderBlock {HTML} at (0,0) size 800x600
    RenderBody {BODY} at (8,8) size 784x584
      RenderBlock {P} at (0,0) size 784x20
        RenderText {#text} at (0,0) size 391x19
          text run at (0,0) width 391: "This tests the caret position for the caret before a block table."
      RenderBlock {DIV} at (0,36) size 784x122
        RenderBlock (anonymous) at (0,0) size 784x20
          RenderText {#text} at (0,0) size 22x19
            text run at (0,0) width 22: "foo"
        RenderTable {TABLE} at (0,20) size 53x82 [border: (1px solid #999999)]
          RenderTableSection {TBODY} at (1,1) size 51x80
            RenderTableRow {TR} at (0,2) size 51x24
              RenderTableCell {TD} at (2,2) size 47x24 [border: (1px solid #999999)] [r=0 c=0 rs=1 cs=1]
                RenderText {#text} at (2,2) size 24x19
                  text run at (2,2) width 24: "this"
            RenderTableRow {TR} at (0,28) size 51x24
              RenderTableCell {TD} at (2,28) size 47x24 [border: (1px solid #999999)] [r=1 c=0 rs=1 cs=1]
                RenderText {#text} at (2,2) size 11x19
                  text run at (2,2) width 11: "is"
            RenderTableRow {TR} at (0,54) size 51x24
              RenderTableCell {TD} at (2,54) size 47x24 [border: (1px solid #999999)] [r=2 c=0 rs=1 cs=1]
                RenderText {#text} at (2,2) size 43x19
                  text run at (2,2) width 43: "a table"
        RenderBlock (anonymous) at (0,102) size 784x20
          RenderText {#text} at (0,0) size 23x19
            text run at (0,0) width 23: "baz"
caret: position 0 of child 1 {TABLE} of child 2 {DIV} of body
