EDITING DELEGATE: webViewDidChangeSelection:WebViewDidChangeSelectionNotification
EDITING DELEGATE: webViewDidChangeSelection:WebViewDidChangeSelectionNotification
EDITING DELEGATE: webViewDidChangeSelection:WebViewDidChangeSelectionNotification
layer at (0,0) size 800x600
  RenderView at (0,0) size 800x600
layer at (0,0) size 800x600
  RenderBlock {HTML} at (0,0) size 800x600
    RenderBody {BODY} at (8,8) size 784x572
      RenderBlock {P} at (0,0) size 784x20
        RenderText {#text} at (0,0) size 754x19
          text run at (0,0) width 754: "Tests that selection rects take transforms into account. The red box should be the bounds of the transformed selection."
layer at (28,48) size 622x100
  RenderBlock {DIV} at (20,40) size 622x100 [border: (1px solid #000000)]
    RenderBlock {P} at (11,35) size 600x30
      RenderText {#text} at (0,1) size 135x28
        text run at (0,1) width 135: "Lorem ipsum "
      RenderInline {SPAN} at (0,0) size 388x28
        RenderText {#text} at (134,1) size 388x28
          text run at (134,1) width 388: "dolor sit amet, consectetur adipisicing"
      RenderText {#text} at (521,1) size 43x28
        text run at (521,1) width 43: " elit."
selection start: position 0 of child 0 {#text} of child 1 {SPAN} of child 1 {P} of child 3 {DIV} of body
selection end:   position 6 of child 0 {#text} of child 1 {SPAN} of child 1 {P} of child 3 {DIV} of body
