layer at (0,0) size 800x600
  RenderView at (0,0) size 800x600
layer at (0,0) size 800x600
  RenderBlock {HTML} at (0,0) size 800x600
    RenderBody {BODY} at (8,8) size 784x584
      RenderBlock {P} at (0,0) size 784x20
        RenderText {#text} at (0,0) size 691x19
          text run at (0,0) width 388: "This tests modifying a selection created with a double click. "
          text run at (387,0) width 304: "The new selection should use word granularity."
      RenderBlock {P} at (0,36) size 784x60 [color=#008000]
        RenderText {#text} at (0,0) size 767x59
          text run at (0,0) width 229: "This test does not run interactively. "
          text run at (228,0) width 360: "It uses the testRunners eventSender to do mouse clicks. "
          text run at (587,0) width 170: "To run it manually, double"
          text run at (0,20) width 322: "click on the blue 'g', then drag down to the red 'g'. "
          text run at (321,20) width 446: "As you drag, watch the selection that is created, it should always start"
          text run at (0,40) width 186: "and end on word boundaries."
      RenderBlock {DIV} at (0,112) size 784x120
        RenderText {#text} at (0,0) size 86x19
          text run at (0,0) width 86: "This is a para"
        RenderInline {SPAN} at (0,0) size 9x19 [color=#0000FF]
          RenderText {#text} at (85,0) size 9x19
            text run at (85,0) width 9: "g"
        RenderText {#text} at (93,0) size 34x19
          text run at (93,0) width 34: "raph."
        RenderBR {BR} at (126,0) size 1x19
        RenderText {#text} at (0,20) size 65x19
          text run at (0,20) width 65: "Some text"
        RenderBR {BR} at (64,20) size 1x19
        RenderText {#text} at (0,40) size 65x19
          text run at (0,40) width 65: "Some text"
        RenderBR {BR} at (64,40) size 1x19
        RenderText {#text} at (0,60) size 65x19
          text run at (0,60) width 65: "Some text"
        RenderBR {BR} at (64,60) size 1x19
        RenderText {#text} at (0,80) size 65x19
          text run at (0,80) width 65: "Some text"
        RenderBR {BR} at (64,80) size 1x19
        RenderText {#text} at (0,100) size 86x19
          text run at (0,100) width 86: "This is a para"
        RenderInline {SPAN} at (0,0) size 9x19 [color=#FF0000]
          RenderText {#text} at (85,100) size 9x19
            text run at (85,100) width 9: "g"
        RenderText {#text} at (93,100) size 34x19
          text run at (93,100) width 34: "raph."
