layer at (0,0) size 785x7165
  RenderView at (0,0) size 785x600
layer at (0,0) size 785x7165
  RenderBlock {HTML} at (0,0) size 785x7165
    RenderBody {BODY} at (8,8) size 769x7141
      RenderBlock (anonymous) at (0,0) size 769x18
        RenderText {#text} at (0,0) size 342x18
          text run at (0,0) width 342: "This tests font choices and metrics for the cursive font."
      RenderBlock {P} at (0,34) size 769x2375
        RenderInline {FONT} at (0,0) size 64x2375
          RenderText {#text} at (0,0) size 46x25
            text run at (0,0) width 46: "cursive"
          RenderBR {BR} at (46,18) size 0x0
          RenderText {#text} at (0,25) size 16x25
            text run at (0,25) width 16: "    "
          RenderBR {BR} at (16,43) size 0x0
          RenderText {#text} at (0,50) size 16x25
            text run at (0,50) width 16: "!!!!"
          RenderBR {BR} at (16,68) size 0x0
          RenderText {#text} at (0,75) size 24x25
            text run at (0,75) width 24: "\"\"\"\""
          RenderBR {BR} at (24,93) size 0x0
          RenderText {#text} at (0,100) size 36x25
            text run at (0,100) width 36: "####"
          RenderBR {BR} at (36,118) size 0x0
          RenderText {#text} at (0,125) size 24x25
            text run at (0,125) width 24: "$$$$"
          RenderBR {BR} at (24,143) size 0x0
          RenderText {#text} at (0,150) size 48x25
            text run at (0,150) width 48: "%%%%"
          RenderBR {BR} at (48,168) size 0x0
          RenderText {#text} at (0,175) size 56x25
            text run at (0,175) width 56: "&&&&"
          RenderBR {BR} at (56,193) size 0x0
          RenderText {#text} at (0,200) size 12x25
            text run at (0,200) width 12: "''''"
          RenderBR {BR} at (12,218) size 0x0
          RenderText {#text} at (0,225) size 20x25
            text run at (0,225) width 20: "(((("
          RenderBR {BR} at (20,243) size 0x0
          RenderText {#text} at (0,250) size 20x25
            text run at (0,250) width 20: "))))"
          RenderBR {BR} at (20,268) size 0x0
          RenderText {#text} at (0,275) size 28x25
            text run at (0,275) width 28: "****"
          RenderBR {BR} at (28,293) size 0x0
          RenderText {#text} at (0,300) size 36x25
            text run at (0,300) width 36: "++++"
          RenderBR {BR} at (36,318) size 0x0
          RenderText {#text} at (0,325) size 12x25
            text run at (0,325) width 12: ",,,,"
          RenderBR {BR} at (12,343) size 0x0
          RenderText {#text} at (0,350) size 24x25
            text run at (0,350) width 24: "----"
          RenderBR {BR} at (24,368) size 0x0
          RenderText {#text} at (0,375) size 12x25
            text run at (0,375) width 12: "...."
          RenderBR {BR} at (12,393) size 0x0
          RenderText {#text} at (0,400) size 28x25
            text run at (0,400) width 28: "////"
          RenderBR {BR} at (28,418) size 0x0
          RenderText {#text} at (0,425) size 32x25
            text run at (0,425) width 32: "0000"
          RenderBR {BR} at (32,443) size 0x0
          RenderText {#text} at (0,450) size 28x25
            text run at (0,450) width 28: "1111"
          RenderBR {BR} at (28,468) size 0x0
          RenderText {#text} at (0,475) size 36x25
            text run at (0,475) width 36: "2222"
          RenderBR {BR} at (36,493) size 0x0
          RenderText {#text} at (0,500) size 28x25
            text run at (0,500) width 28: "3333"
          RenderBR {BR} at (28,518) size 0x0
          RenderText {#text} at (0,525) size 40x25
            text run at (0,525) width 40: "4444"
          RenderBR {BR} at (40,543) size 0x0
          RenderText {#text} at (0,550) size 32x25
            text run at (0,550) width 32: "5555"
          RenderBR {BR} at (32,568) size 0x0
          RenderText {#text} at (0,575) size 36x25
            text run at (0,575) width 36: "6666"
          RenderBR {BR} at (36,593) size 0x0
          RenderText {#text} at (0,600) size 32x25
            text run at (0,600) width 32: "7777"
          RenderBR {BR} at (32,618) size 0x0
          RenderText {#text} at (0,625) size 32x25
            text run at (0,625) width 32: "8888"
          RenderBR {BR} at (32,643) size 0x0
          RenderText {#text} at (0,650) size 36x25
            text run at (0,650) width 36: "9999"
          RenderBR {BR} at (36,668) size 0x0
          RenderText {#text} at (0,675) size 12x25
            text run at (0,675) width 12: "::::"
          RenderBR {BR} at (12,693) size 0x0
          RenderText {#text} at (0,700) size 12x25
            text run at (0,700) width 12: ";;;;"
          RenderBR {BR} at (12,718) size 0x0
          RenderText {#text} at (0,725) size 36x25
            text run at (0,725) width 36: "<<<<"
          RenderBR {BR} at (36,743) size 0x0
          RenderText {#text} at (0,750) size 36x25
            text run at (0,750) width 36: "===="
          RenderBR {BR} at (36,768) size 0x0
          RenderText {#text} at (0,775) size 36x25
            text run at (0,775) width 36: ">>>>"
          RenderBR {BR} at (36,793) size 0x0
          RenderText {#text} at (0,800) size 24x25
            text run at (0,800) width 24: "????"
          RenderBR {BR} at (24,818) size 0x0
          RenderText {#text} at (0,825) size 44x25
            text run at (0,825) width 44: "@@@@"
          RenderBR {BR} at (44,843) size 0x0
          RenderText {#text} at (0,850) size 44x25
            text run at (0,850) width 44: "AAAA"
          RenderBR {BR} at (44,868) size 0x0
          RenderText {#text} at (0,875) size 48x25
            text run at (0,875) width 48: "BBBB"
          RenderBR {BR} at (48,893) size 0x0
          RenderText {#text} at (0,900) size 40x25
            text run at (0,900) width 40: "CCCC"
          RenderBR {BR} at (40,918) size 0x0
          RenderText {#text} at (0,925) size 52x25
            text run at (0,925) width 52: "DDDD"
          RenderBR {BR} at (52,943) size 0x0
          RenderText {#text} at (0,950) size 48x25
            text run at (0,950) width 48: "EEEE"
          RenderBR {BR} at (48,968) size 0x0
          RenderText {#text} at (0,975) size 44x25
            text run at (0,975) width 44: "FFFF"
          RenderBR {BR} at (44,993) size 0x0
          RenderText {#text} at (0,1000) size 44x25
            text run at (0,1000) width 44: "GGGG"
          RenderBR {BR} at (44,1018) size 0x0
          RenderText {#text} at (0,1025) size 56x25
            text run at (0,1025) width 56: "HHHH"
          RenderBR {BR} at (56,1043) size 0x0
          RenderText {#text} at (0,1050) size 28x25
            text run at (0,1050) width 28: "IIII"
          RenderBR {BR} at (28,1068) size 0x0
          RenderText {#text} at (0,1075) size 28x25
            text run at (0,1075) width 28: "JJJJ"
          RenderBR {BR} at (28,1093) size 0x0
          RenderText {#text} at (0,1100) size 52x25
            text run at (0,1100) width 52: "KKKK"
          RenderBR {BR} at (52,1118) size 0x0
          RenderText {#text} at (0,1125) size 40x25
            text run at (0,1125) width 40: "LLLL"
          RenderBR {BR} at (40,1143) size 0x0
          RenderText {#text} at (0,1150) size 64x25
            text run at (0,1150) width 64: "MMMM"
          RenderBR {BR} at (64,1168) size 0x0
          RenderText {#text} at (0,1175) size 56x25
            text run at (0,1175) width 56: "NNNN"
          RenderBR {BR} at (56,1193) size 0x0
          RenderText {#text} at (0,1200) size 44x25
            text run at (0,1200) width 44: "OOOO"
          RenderBR {BR} at (44,1218) size 0x0
          RenderText {#text} at (0,1225) size 44x25
            text run at (0,1225) width 44: "PPPP"
          RenderBR {BR} at (44,1243) size 0x0
          RenderText {#text} at (0,1250) size 44x25
            text run at (0,1250) width 44: "QQQQ"
          RenderBR {BR} at (44,1268) size 0x0
          RenderText {#text} at (0,1275) size 52x25
            text run at (0,1275) width 52: "RRRR"
          RenderBR {BR} at (52,1293) size 0x0
          RenderText {#text} at (0,1300) size 32x25
            text run at (0,1300) width 32: "SSSS"
          RenderBR {BR} at (32,1318) size 0x0
          RenderText {#text} at (0,1325) size 48x25
            text run at (0,1325) width 48: "TTTT"
          RenderBR {BR} at (48,1343) size 0x0
          RenderText {#text} at (0,1350) size 56x25
            text run at (0,1350) width 56: "UUUU"
          RenderBR {BR} at (56,1368) size 0x0
          RenderText {#text} at (0,1375) size 44x25
            text run at (0,1375) width 44: "VVVV"
          RenderBR {BR} at (44,1393) size 0x0
          RenderText {#text} at (0,1400) size 56x25
            text run at (0,1400) width 56: "WWWW"
          RenderBR {BR} at (56,1418) size 0x0
          RenderText {#text} at (0,1425) size 44x25
            text run at (0,1425) width 44: "XXXX"
          RenderBR {BR} at (44,1443) size 0x0
          RenderText {#text} at (0,1450) size 40x25
            text run at (0,1450) width 40: "YYYY"
          RenderBR {BR} at (40,1468) size 0x0
          RenderText {#text} at (0,1475) size 36x25
            text run at (0,1475) width 36: "ZZZZ"
          RenderBR {BR} at (36,1493) size 0x0
          RenderText {#text} at (0,1500) size 20x25
            text run at (0,1500) width 20: "[[[["
          RenderBR {BR} at (20,1518) size 0x0
          RenderText {#text} at (0,1525) size 24x25
            text run at (0,1525) width 24: "\\\\\\\\"
          RenderBR {BR} at (24,1543) size 0x0
          RenderText {#text} at (0,1550) size 20x25
            text run at (0,1550) width 20: "]]]]"
          RenderBR {BR} at (20,1568) size 0x0
          RenderText {#text} at (0,1575) size 36x25
            text run at (0,1575) width 36: "^^^^"
          RenderBR {BR} at (36,1593) size 0x0
          RenderText {#text} at (0,1600) size 36x25
            text run at (0,1600) width 36: "____"
          RenderBR {BR} at (36,1618) size 0x0
          RenderText {#text} at (0,1625) size 28x25
            text run at (0,1625) width 28: "````"
          RenderBR {BR} at (28,1643) size 0x0
          RenderText {#text} at (0,1650) size 32x25
            text run at (0,1650) width 32: "aaaa"
          RenderBR {BR} at (32,1668) size 0x0
          RenderText {#text} at (0,1675) size 32x25
            text run at (0,1675) width 32: "bbbb"
          RenderBR {BR} at (32,1693) size 0x0
          RenderText {#text} at (0,1700) size 24x25
            text run at (0,1700) width 24: "cccc"
          RenderBR {BR} at (24,1718) size 0x0
          RenderText {#text} at (0,1725) size 32x25
            text run at (0,1725) width 32: "dddd"
          RenderBR {BR} at (32,1743) size 0x0
          RenderText {#text} at (0,1750) size 24x25
            text run at (0,1750) width 24: "eeee"
          RenderBR {BR} at (24,1768) size 0x0
          RenderText {#text} at (0,1775) size 20x25
            text run at (0,1775) width 20: "ffff"
          RenderBR {BR} at (20,1793) size 0x0
          RenderText {#text} at (0,1800) size 28x25
            text run at (0,1800) width 28: "gggg"
          RenderBR {BR} at (28,1818) size 0x0
          RenderText {#text} at (0,1825) size 36x25
            text run at (0,1825) width 36: "hhhh"
          RenderBR {BR} at (36,1843) size 0x0
          RenderText {#text} at (0,1850) size 20x25
            text run at (0,1850) width 20: "iiii"
          RenderBR {BR} at (20,1868) size 0x0
          RenderText {#text} at (0,1875) size 16x25
            text run at (0,1875) width 16: "jjjj"
          RenderBR {BR} at (16,1893) size 0x0
          RenderText {#text} at (0,1900) size 28x25
            text run at (0,1900) width 28: "kkkk"
          RenderBR {BR} at (28,1918) size 0x0
          RenderText {#text} at (0,1925) size 16x25
            text run at (0,1925) width 16: "llll"
          RenderBR {BR} at (16,1943) size 0x0
          RenderText {#text} at (0,1950) size 52x25
            text run at (0,1950) width 52: "mmmm"
          RenderBR {BR} at (52,1968) size 0x0
          RenderText {#text} at (0,1975) size 36x25
            text run at (0,1975) width 36: "nnnn"
          RenderBR {BR} at (36,1993) size 0x0
          RenderText {#text} at (0,2000) size 28x25
            text run at (0,2000) width 28: "oooo"
          RenderBR {BR} at (28,2018) size 0x0
          RenderText {#text} at (0,2025) size 32x25
            text run at (0,2025) width 32: "pppp"
          RenderBR {BR} at (32,2043) size 0x0
          RenderText {#text} at (0,2050) size 32x25
            text run at (0,2050) width 32: "qqqq"
          RenderBR {BR} at (32,2068) size 0x0
          RenderText {#text} at (0,2075) size 28x25
            text run at (0,2075) width 28: "rrrr"
          RenderBR {BR} at (28,2093) size 0x0
          RenderText {#text} at (0,2100) size 24x25
            text run at (0,2100) width 24: "ssss"
          RenderBR {BR} at (24,2118) size 0x0
          RenderText {#text} at (0,2125) size 24x25
            text run at (0,2125) width 24: "tttt"
          RenderBR {BR} at (24,2143) size 0x0
          RenderText {#text} at (0,2150) size 36x25
            text run at (0,2150) width 36: "uuuu"
          RenderBR {BR} at (36,2168) size 0x0
          RenderText {#text} at (0,2175) size 28x25
            text run at (0,2175) width 28: "vvvv"
          RenderBR {BR} at (28,2193) size 0x0
          RenderText {#text} at (0,2200) size 40x25
            text run at (0,2200) width 40: "wwww"
          RenderBR {BR} at (40,2218) size 0x0
          RenderText {#text} at (0,2225) size 32x25
            text run at (0,2225) width 32: "xxxx"
          RenderBR {BR} at (32,2243) size 0x0
          RenderText {#text} at (0,2250) size 36x25
            text run at (0,2250) width 36: "yyyy"
          RenderBR {BR} at (36,2268) size 0x0
          RenderText {#text} at (0,2275) size 28x25
            text run at (0,2275) width 28: "zzzz"
          RenderBR {BR} at (28,2293) size 0x0
          RenderText {#text} at (0,2300) size 24x25
            text run at (0,2300) width 24: "{{{{"
          RenderBR {BR} at (24,2318) size 0x0
          RenderText {#text} at (0,2325) size 12x25
            text run at (0,2325) width 12: "||||"
          RenderBR {BR} at (12,2343) size 0x0
          RenderText {#text} at (0,2350) size 24x25
            text run at (0,2350) width 24: "}}}}"
          RenderBR {BR} at (24,2368) size 0x0
      RenderBlock {P} at (0,2425) size 769x2350
        RenderInline {FONT} at (0,0) size 68x2350
          RenderText {#text} at (0,0) size 0x0
          RenderInline {B} at (0,0) size 68x2350
            RenderText {#text} at (0,0) size 20x25
              text run at (0,0) width 20: "    "
            RenderBR {BR} at (20,18) size 0x0
            RenderText {#text} at (0,25) size 20x25
              text run at (0,25) width 20: "!!!!"
            RenderBR {BR} at (20,43) size 0x0
            RenderText {#text} at (0,50) size 28x25
              text run at (0,50) width 28: "\"\"\"\""
            RenderBR {BR} at (28,68) size 0x0
            RenderText {#text} at (0,75) size 40x25
              text run at (0,75) width 40: "####"
            RenderBR {BR} at (40,93) size 0x0
            RenderText {#text} at (0,100) size 28x25
              text run at (0,100) width 28: "$$$$"
            RenderBR {BR} at (28,118) size 0x0
            RenderText {#text} at (0,125) size 52x25
              text run at (0,125) width 52: "%%%%"
            RenderBR {BR} at (52,143) size 0x0
            RenderText {#text} at (0,150) size 60x25
              text run at (0,150) width 60: "&&&&"
            RenderBR {BR} at (60,168) size 0x0
            RenderText {#text} at (0,175) size 16x25
              text run at (0,175) width 16: "''''"
            RenderBR {BR} at (16,193) size 0x0
            RenderText {#text} at (0,200) size 24x25
              text run at (0,200) width 24: "(((("
            RenderBR {BR} at (24,218) size 0x0
            RenderText {#text} at (0,225) size 24x25
              text run at (0,225) width 24: "))))"
            RenderBR {BR} at (24,243) size 0x0
            RenderText {#text} at (0,250) size 32x25
              text run at (0,250) width 32: "****"
            RenderBR {BR} at (32,268) size 0x0
            RenderText {#text} at (0,275) size 40x25
              text run at (0,275) width 40: "++++"
            RenderBR {BR} at (40,293) size 0x0
            RenderText {#text} at (0,300) size 16x25
              text run at (0,300) width 16: ",,,,"
            RenderBR {BR} at (16,318) size 0x0
            RenderText {#text} at (0,325) size 28x25
              text run at (0,325) width 28: "----"
            RenderBR {BR} at (28,343) size 0x0
            RenderText {#text} at (0,350) size 16x25
              text run at (0,350) width 16: "...."
            RenderBR {BR} at (16,368) size 0x0
            RenderText {#text} at (0,375) size 32x25
              text run at (0,375) width 32: "////"
            RenderBR {BR} at (32,393) size 0x0
            RenderText {#text} at (0,400) size 36x25
              text run at (0,400) width 36: "0000"
            RenderBR {BR} at (36,418) size 0x0
            RenderText {#text} at (0,425) size 32x25
              text run at (0,425) width 32: "1111"
            RenderBR {BR} at (32,443) size 0x0
            RenderText {#text} at (0,450) size 40x25
              text run at (0,450) width 40: "2222"
            RenderBR {BR} at (40,468) size 0x0
            RenderText {#text} at (0,475) size 32x25
              text run at (0,475) width 32: "3333"
            RenderBR {BR} at (32,493) size 0x0
            RenderText {#text} at (0,500) size 44x25
              text run at (0,500) width 44: "4444"
            RenderBR {BR} at (44,518) size 0x0
            RenderText {#text} at (0,525) size 36x25
              text run at (0,525) width 36: "5555"
            RenderBR {BR} at (36,543) size 0x0
            RenderText {#text} at (0,550) size 40x25
              text run at (0,550) width 40: "6666"
            RenderBR {BR} at (40,568) size 0x0
            RenderText {#text} at (0,575) size 36x25
              text run at (0,575) width 36: "7777"
            RenderBR {BR} at (36,593) size 0x0
            RenderText {#text} at (0,600) size 36x25
              text run at (0,600) width 36: "8888"
            RenderBR {BR} at (36,618) size 0x0
            RenderText {#text} at (0,625) size 40x25
              text run at (0,625) width 40: "9999"
            RenderBR {BR} at (40,643) size 0x0
            RenderText {#text} at (0,650) size 16x25
              text run at (0,650) width 16: "::::"
            RenderBR {BR} at (16,668) size 0x0
            RenderText {#text} at (0,675) size 16x25
              text run at (0,675) width 16: ";;;;"
            RenderBR {BR} at (16,693) size 0x0
            RenderText {#text} at (0,700) size 40x25
              text run at (0,700) width 40: "<<<<"
            RenderBR {BR} at (40,718) size 0x0
            RenderText {#text} at (0,725) size 40x25
              text run at (0,725) width 40: "===="
            RenderBR {BR} at (40,743) size 0x0
            RenderText {#text} at (0,750) size 40x25
              text run at (0,750) width 40: ">>>>"
            RenderBR {BR} at (40,768) size 0x0
            RenderText {#text} at (0,775) size 28x25
              text run at (0,775) width 28: "????"
            RenderBR {BR} at (28,793) size 0x0
            RenderText {#text} at (0,800) size 48x25
              text run at (0,800) width 48: "@@@@"
            RenderBR {BR} at (48,818) size 0x0
            RenderText {#text} at (0,825) size 48x25
              text run at (0,825) width 48: "AAAA"
            RenderBR {BR} at (48,843) size 0x0
            RenderText {#text} at (0,850) size 52x25
              text run at (0,850) width 52: "BBBB"
            RenderBR {BR} at (52,868) size 0x0
            RenderText {#text} at (0,875) size 44x25
              text run at (0,875) width 44: "CCCC"
            RenderBR {BR} at (44,893) size 0x0
            RenderText {#text} at (0,900) size 56x25
              text run at (0,900) width 56: "DDDD"
            RenderBR {BR} at (56,918) size 0x0
            RenderText {#text} at (0,925) size 52x25
              text run at (0,925) width 52: "EEEE"
            RenderBR {BR} at (52,943) size 0x0
            RenderText {#text} at (0,950) size 48x25
              text run at (0,950) width 48: "FFFF"
            RenderBR {BR} at (48,968) size 0x0
            RenderText {#text} at (0,975) size 48x25
              text run at (0,975) width 48: "GGGG"
            RenderBR {BR} at (48,993) size 0x0
            RenderText {#text} at (0,1000) size 60x25
              text run at (0,1000) width 60: "HHHH"
            RenderBR {BR} at (60,1018) size 0x0
            RenderText {#text} at (0,1025) size 32x25
              text run at (0,1025) width 32: "IIII"
            RenderBR {BR} at (32,1043) size 0x0
            RenderText {#text} at (0,1050) size 32x25
              text run at (0,1050) width 32: "JJJJ"
            RenderBR {BR} at (32,1068) size 0x0
            RenderText {#text} at (0,1075) size 56x25
              text run at (0,1075) width 56: "KKKK"
            RenderBR {BR} at (56,1093) size 0x0
            RenderText {#text} at (0,1100) size 44x25
              text run at (0,1100) width 44: "LLLL"
            RenderBR {BR} at (44,1118) size 0x0
            RenderText {#text} at (0,1125) size 68x25
              text run at (0,1125) width 68: "MMMM"
            RenderBR {BR} at (68,1143) size 0x0
            RenderText {#text} at (0,1150) size 60x25
              text run at (0,1150) width 60: "NNNN"
            RenderBR {BR} at (60,1168) size 0x0
            RenderText {#text} at (0,1175) size 48x25
              text run at (0,1175) width 48: "OOOO"
            RenderBR {BR} at (48,1193) size 0x0
            RenderText {#text} at (0,1200) size 48x25
              text run at (0,1200) width 48: "PPPP"
            RenderBR {BR} at (48,1218) size 0x0
            RenderText {#text} at (0,1225) size 48x25
              text run at (0,1225) width 48: "QQQQ"
            RenderBR {BR} at (48,1243) size 0x0
            RenderText {#text} at (0,1250) size 56x25
              text run at (0,1250) width 56: "RRRR"
            RenderBR {BR} at (56,1268) size 0x0
            RenderText {#text} at (0,1275) size 36x25
              text run at (0,1275) width 36: "SSSS"
            RenderBR {BR} at (36,1293) size 0x0
            RenderText {#text} at (0,1300) size 52x25
              text run at (0,1300) width 52: "TTTT"
            RenderBR {BR} at (52,1318) size 0x0
            RenderText {#text} at (0,1325) size 60x25
              text run at (0,1325) width 60: "UUUU"
            RenderBR {BR} at (60,1343) size 0x0
            RenderText {#text} at (0,1350) size 48x25
              text run at (0,1350) width 48: "VVVV"
            RenderBR {BR} at (48,1368) size 0x0
            RenderText {#text} at (0,1375) size 60x25
              text run at (0,1375) width 60: "WWWW"
            RenderBR {BR} at (60,1393) size 0x0
            RenderText {#text} at (0,1400) size 48x25
              text run at (0,1400) width 48: "XXXX"
            RenderBR {BR} at (48,1418) size 0x0
            RenderText {#text} at (0,1425) size 44x25
              text run at (0,1425) width 44: "YYYY"
            RenderBR {BR} at (44,1443) size 0x0
            RenderText {#text} at (0,1450) size 40x25
              text run at (0,1450) width 40: "ZZZZ"
            RenderBR {BR} at (40,1468) size 0x0
            RenderText {#text} at (0,1475) size 24x25
              text run at (0,1475) width 24: "[[[["
            RenderBR {BR} at (24,1493) size 0x0
            RenderText {#text} at (0,1500) size 28x25
              text run at (0,1500) width 28: "\\\\\\\\"
            RenderBR {BR} at (28,1518) size 0x0
            RenderText {#text} at (0,1525) size 24x25
              text run at (0,1525) width 24: "]]]]"
            RenderBR {BR} at (24,1543) size 0x0
            RenderText {#text} at (0,1550) size 40x25
              text run at (0,1550) width 40: "^^^^"
            RenderBR {BR} at (40,1568) size 0x0
            RenderText {#text} at (0,1575) size 40x25
              text run at (0,1575) width 40: "____"
            RenderBR {BR} at (40,1593) size 0x0
            RenderText {#text} at (0,1600) size 32x25
              text run at (0,1600) width 32: "````"
            RenderBR {BR} at (32,1618) size 0x0
            RenderText {#text} at (0,1625) size 36x25
              text run at (0,1625) width 36: "aaaa"
            RenderBR {BR} at (36,1643) size 0x0
            RenderText {#text} at (0,1650) size 36x25
              text run at (0,1650) width 36: "bbbb"
            RenderBR {BR} at (36,1668) size 0x0
            RenderText {#text} at (0,1675) size 28x25
              text run at (0,1675) width 28: "cccc"
            RenderBR {BR} at (28,1693) size 0x0
            RenderText {#text} at (0,1700) size 36x25
              text run at (0,1700) width 36: "dddd"
            RenderBR {BR} at (36,1718) size 0x0
            RenderText {#text} at (0,1725) size 28x25
              text run at (0,1725) width 28: "eeee"
            RenderBR {BR} at (28,1743) size 0x0
            RenderText {#text} at (0,1750) size 24x25
              text run at (0,1750) width 24: "ffff"
            RenderBR {BR} at (24,1768) size 0x0
            RenderText {#text} at (0,1775) size 32x25
              text run at (0,1775) width 32: "gggg"
            RenderBR {BR} at (32,1793) size 0x0
            RenderText {#text} at (0,1800) size 40x25
              text run at (0,1800) width 40: "hhhh"
            RenderBR {BR} at (40,1818) size 0x0
            RenderText {#text} at (0,1825) size 24x25
              text run at (0,1825) width 24: "iiii"
            RenderBR {BR} at (24,1843) size 0x0
            RenderText {#text} at (0,1850) size 20x25
              text run at (0,1850) width 20: "jjjj"
            RenderBR {BR} at (20,1868) size 0x0
            RenderText {#text} at (0,1875) size 32x25
              text run at (0,1875) width 32: "kkkk"
            RenderBR {BR} at (32,1893) size 0x0
            RenderText {#text} at (0,1900) size 20x25
              text run at (0,1900) width 20: "llll"
            RenderBR {BR} at (20,1918) size 0x0
            RenderText {#text} at (0,1925) size 56x25
              text run at (0,1925) width 56: "mmmm"
            RenderBR {BR} at (56,1943) size 0x0
            RenderText {#text} at (0,1950) size 40x25
              text run at (0,1950) width 40: "nnnn"
            RenderBR {BR} at (40,1968) size 0x0
            RenderText {#text} at (0,1975) size 32x25
              text run at (0,1975) width 32: "oooo"
            RenderBR {BR} at (32,1993) size 0x0
            RenderText {#text} at (0,2000) size 36x25
              text run at (0,2000) width 36: "pppp"
            RenderBR {BR} at (36,2018) size 0x0
            RenderText {#text} at (0,2025) size 36x25
              text run at (0,2025) width 36: "qqqq"
            RenderBR {BR} at (36,2043) size 0x0
            RenderText {#text} at (0,2050) size 32x25
              text run at (0,2050) width 32: "rrrr"
            RenderBR {BR} at (32,2068) size 0x0
            RenderText {#text} at (0,2075) size 28x25
              text run at (0,2075) width 28: "ssss"
            RenderBR {BR} at (28,2093) size 0x0
            RenderText {#text} at (0,2100) size 28x25
              text run at (0,2100) width 28: "tttt"
            RenderBR {BR} at (28,2118) size 0x0
            RenderText {#text} at (0,2125) size 40x25
              text run at (0,2125) width 40: "uuuu"
            RenderBR {BR} at (40,2143) size 0x0
            RenderText {#text} at (0,2150) size 32x25
              text run at (0,2150) width 32: "vvvv"
            RenderBR {BR} at (32,2168) size 0x0
            RenderText {#text} at (0,2175) size 44x25
              text run at (0,2175) width 44: "wwww"
            RenderBR {BR} at (44,2193) size 0x0
            RenderText {#text} at (0,2200) size 36x25
              text run at (0,2200) width 36: "xxxx"
            RenderBR {BR} at (36,2218) size 0x0
            RenderText {#text} at (0,2225) size 40x25
              text run at (0,2225) width 40: "yyyy"
            RenderBR {BR} at (40,2243) size 0x0
            RenderText {#text} at (0,2250) size 32x25
              text run at (0,2250) width 32: "zzzz"
            RenderBR {BR} at (32,2268) size 0x0
            RenderText {#text} at (0,2275) size 28x25
              text run at (0,2275) width 28: "{{{{"
            RenderBR {BR} at (28,2293) size 0x0
            RenderText {#text} at (0,2300) size 16x25
              text run at (0,2300) width 16: "||||"
            RenderBR {BR} at (16,2318) size 0x0
            RenderText {#text} at (0,2325) size 28x25
              text run at (0,2325) width 28: "}}}}"
            RenderBR {BR} at (28,2343) size 0x0
          RenderText {#text} at (0,0) size 0x0
      RenderBlock {P} at (0,4791) size 769x2350
        RenderInline {FONT} at (0,0) size 64x2350
          RenderText {#text} at (0,0) size 0x0
          RenderInline {I} at (0,0) size 64x2350
            RenderText {#text} at (0,0) size 16x25
              text run at (0,0) width 16: "    "
            RenderBR {BR} at (16,18) size 0x0
            RenderText {#text} at (0,25) size 16x25
              text run at (0,25) width 16: "!!!!"
            RenderBR {BR} at (16,43) size 0x0
            RenderText {#text} at (0,50) size 24x25
              text run at (0,50) width 24: "\"\"\"\""
            RenderBR {BR} at (24,68) size 0x0
            RenderText {#text} at (0,75) size 36x25
              text run at (0,75) width 36: "####"
            RenderBR {BR} at (36,93) size 0x0
            RenderText {#text} at (0,100) size 24x25
              text run at (0,100) width 24: "$$$$"
            RenderBR {BR} at (24,118) size 0x0
            RenderText {#text} at (0,125) size 48x25
              text run at (0,125) width 48: "%%%%"
            RenderBR {BR} at (48,143) size 0x0
            RenderText {#text} at (0,150) size 56x25
              text run at (0,150) width 56: "&&&&"
            RenderBR {BR} at (56,168) size 0x0
            RenderText {#text} at (0,175) size 12x25
              text run at (0,175) width 12: "''''"
            RenderBR {BR} at (12,193) size 0x0
            RenderText {#text} at (0,200) size 20x25
              text run at (0,200) width 20: "(((("
            RenderBR {BR} at (20,218) size 0x0
            RenderText {#text} at (0,225) size 20x25
              text run at (0,225) width 20: "))))"
            RenderBR {BR} at (20,243) size 0x0
            RenderText {#text} at (0,250) size 28x25
              text run at (0,250) width 28: "****"
            RenderBR {BR} at (28,268) size 0x0
            RenderText {#text} at (0,275) size 36x25
              text run at (0,275) width 36: "++++"
            RenderBR {BR} at (36,293) size 0x0
            RenderText {#text} at (0,300) size 12x25
              text run at (0,300) width 12: ",,,,"
            RenderBR {BR} at (12,318) size 0x0
            RenderText {#text} at (0,325) size 24x25
              text run at (0,325) width 24: "----"
            RenderBR {BR} at (24,343) size 0x0
            RenderText {#text} at (0,350) size 12x25
              text run at (0,350) width 12: "...."
            RenderBR {BR} at (12,368) size 0x0
            RenderText {#text} at (0,375) size 28x25
              text run at (0,375) width 28: "////"
            RenderBR {BR} at (28,393) size 0x0
            RenderText {#text} at (0,400) size 32x25
              text run at (0,400) width 32: "0000"
            RenderBR {BR} at (32,418) size 0x0
            RenderText {#text} at (0,425) size 28x25
              text run at (0,425) width 28: "1111"
            RenderBR {BR} at (28,443) size 0x0
            RenderText {#text} at (0,450) size 36x25
              text run at (0,450) width 36: "2222"
            RenderBR {BR} at (36,468) size 0x0
            RenderText {#text} at (0,475) size 28x25
              text run at (0,475) width 28: "3333"
            RenderBR {BR} at (28,493) size 0x0
            RenderText {#text} at (0,500) size 40x25
              text run at (0,500) width 40: "4444"
            RenderBR {BR} at (40,518) size 0x0
            RenderText {#text} at (0,525) size 32x25
              text run at (0,525) width 32: "5555"
            RenderBR {BR} at (32,543) size 0x0
            RenderText {#text} at (0,550) size 36x25
              text run at (0,550) width 36: "6666"
            RenderBR {BR} at (36,568) size 0x0
            RenderText {#text} at (0,575) size 32x25
              text run at (0,575) width 32: "7777"
            RenderBR {BR} at (32,593) size 0x0
            RenderText {#text} at (0,600) size 32x25
              text run at (0,600) width 32: "8888"
            RenderBR {BR} at (32,618) size 0x0
            RenderText {#text} at (0,625) size 36x25
              text run at (0,625) width 36: "9999"
            RenderBR {BR} at (36,643) size 0x0
            RenderText {#text} at (0,650) size 12x25
              text run at (0,650) width 12: "::::"
            RenderBR {BR} at (12,668) size 0x0
            RenderText {#text} at (0,675) size 12x25
              text run at (0,675) width 12: ";;;;"
            RenderBR {BR} at (12,693) size 0x0
            RenderText {#text} at (0,700) size 36x25
              text run at (0,700) width 36: "<<<<"
            RenderBR {BR} at (36,718) size 0x0
            RenderText {#text} at (0,725) size 36x25
              text run at (0,725) width 36: "===="
            RenderBR {BR} at (36,743) size 0x0
            RenderText {#text} at (0,750) size 36x25
              text run at (0,750) width 36: ">>>>"
            RenderBR {BR} at (36,768) size 0x0
            RenderText {#text} at (0,775) size 24x25
              text run at (0,775) width 24: "????"
            RenderBR {BR} at (24,793) size 0x0
            RenderText {#text} at (0,800) size 44x25
              text run at (0,800) width 44: "@@@@"
            RenderBR {BR} at (44,818) size 0x0
            RenderText {#text} at (0,825) size 44x25
              text run at (0,825) width 44: "AAAA"
            RenderBR {BR} at (44,843) size 0x0
            RenderText {#text} at (0,850) size 48x25
              text run at (0,850) width 48: "BBBB"
            RenderBR {BR} at (48,868) size 0x0
            RenderText {#text} at (0,875) size 40x25
              text run at (0,875) width 40: "CCCC"
            RenderBR {BR} at (40,893) size 0x0
            RenderText {#text} at (0,900) size 52x25
              text run at (0,900) width 52: "DDDD"
            RenderBR {BR} at (52,918) size 0x0
            RenderText {#text} at (0,925) size 48x25
              text run at (0,925) width 48: "EEEE"
            RenderBR {BR} at (48,943) size 0x0
            RenderText {#text} at (0,950) size 44x25
              text run at (0,950) width 44: "FFFF"
            RenderBR {BR} at (44,968) size 0x0
            RenderText {#text} at (0,975) size 44x25
              text run at (0,975) width 44: "GGGG"
            RenderBR {BR} at (44,993) size 0x0
            RenderText {#text} at (0,1000) size 56x25
              text run at (0,1000) width 56: "HHHH"
            RenderBR {BR} at (56,1018) size 0x0
            RenderText {#text} at (0,1025) size 28x25
              text run at (0,1025) width 28: "IIII"
            RenderBR {BR} at (28,1043) size 0x0
            RenderText {#text} at (0,1050) size 28x25
              text run at (0,1050) width 28: "JJJJ"
            RenderBR {BR} at (28,1068) size 0x0
            RenderText {#text} at (0,1075) size 52x25
              text run at (0,1075) width 52: "KKKK"
            RenderBR {BR} at (52,1093) size 0x0
            RenderText {#text} at (0,1100) size 40x25
              text run at (0,1100) width 40: "LLLL"
            RenderBR {BR} at (40,1118) size 0x0
            RenderText {#text} at (0,1125) size 64x25
              text run at (0,1125) width 64: "MMMM"
            RenderBR {BR} at (64,1143) size 0x0
            RenderText {#text} at (0,1150) size 56x25
              text run at (0,1150) width 56: "NNNN"
            RenderBR {BR} at (56,1168) size 0x0
            RenderText {#text} at (0,1175) size 44x25
              text run at (0,1175) width 44: "OOOO"
            RenderBR {BR} at (44,1193) size 0x0
            RenderText {#text} at (0,1200) size 44x25
              text run at (0,1200) width 44: "PPPP"
            RenderBR {BR} at (44,1218) size 0x0
            RenderText {#text} at (0,1225) size 44x25
              text run at (0,1225) width 44: "QQQQ"
            RenderBR {BR} at (44,1243) size 0x0
            RenderText {#text} at (0,1250) size 52x25
              text run at (0,1250) width 52: "RRRR"
            RenderBR {BR} at (52,1268) size 0x0
            RenderText {#text} at (0,1275) size 32x25
              text run at (0,1275) width 32: "SSSS"
            RenderBR {BR} at (32,1293) size 0x0
            RenderText {#text} at (0,1300) size 48x25
              text run at (0,1300) width 48: "TTTT"
            RenderBR {BR} at (48,1318) size 0x0
            RenderText {#text} at (0,1325) size 56x25
              text run at (0,1325) width 56: "UUUU"
            RenderBR {BR} at (56,1343) size 0x0
            RenderText {#text} at (0,1350) size 44x25
              text run at (0,1350) width 44: "VVVV"
            RenderBR {BR} at (44,1368) size 0x0
            RenderText {#text} at (0,1375) size 56x25
              text run at (0,1375) width 56: "WWWW"
            RenderBR {BR} at (56,1393) size 0x0
            RenderText {#text} at (0,1400) size 44x25
              text run at (0,1400) width 44: "XXXX"
            RenderBR {BR} at (44,1418) size 0x0
            RenderText {#text} at (0,1425) size 40x25
              text run at (0,1425) width 40: "YYYY"
            RenderBR {BR} at (40,1443) size 0x0
            RenderText {#text} at (0,1450) size 36x25
              text run at (0,1450) width 36: "ZZZZ"
            RenderBR {BR} at (36,1468) size 0x0
            RenderText {#text} at (0,1475) size 20x25
              text run at (0,1475) width 20: "[[[["
            RenderBR {BR} at (20,1493) size 0x0
            RenderText {#text} at (0,1500) size 24x25
              text run at (0,1500) width 24: "\\\\\\\\"
            RenderBR {BR} at (24,1518) size 0x0
            RenderText {#text} at (0,1525) size 20x25
              text run at (0,1525) width 20: "]]]]"
            RenderBR {BR} at (20,1543) size 0x0
            RenderText {#text} at (0,1550) size 36x25
              text run at (0,1550) width 36: "^^^^"
            RenderBR {BR} at (36,1568) size 0x0
            RenderText {#text} at (0,1575) size 36x25
              text run at (0,1575) width 36: "____"
            RenderBR {BR} at (36,1593) size 0x0
            RenderText {#text} at (0,1600) size 28x25
              text run at (0,1600) width 28: "````"
            RenderBR {BR} at (28,1618) size 0x0
            RenderText {#text} at (0,1625) size 32x25
              text run at (0,1625) width 32: "aaaa"
            RenderBR {BR} at (32,1643) size 0x0
            RenderText {#text} at (0,1650) size 32x25
              text run at (0,1650) width 32: "bbbb"
            RenderBR {BR} at (32,1668) size 0x0
            RenderText {#text} at (0,1675) size 24x25
              text run at (0,1675) width 24: "cccc"
            RenderBR {BR} at (24,1693) size 0x0
            RenderText {#text} at (0,1700) size 32x25
              text run at (0,1700) width 32: "dddd"
            RenderBR {BR} at (32,1718) size 0x0
            RenderText {#text} at (0,1725) size 24x25
              text run at (0,1725) width 24: "eeee"
            RenderBR {BR} at (24,1743) size 0x0
            RenderText {#text} at (0,1750) size 20x25
              text run at (0,1750) width 20: "ffff"
            RenderBR {BR} at (20,1768) size 0x0
            RenderText {#text} at (0,1775) size 28x25
              text run at (0,1775) width 28: "gggg"
            RenderBR {BR} at (28,1793) size 0x0
            RenderText {#text} at (0,1800) size 36x25
              text run at (0,1800) width 36: "hhhh"
            RenderBR {BR} at (36,1818) size 0x0
            RenderText {#text} at (0,1825) size 20x25
              text run at (0,1825) width 20: "iiii"
            RenderBR {BR} at (20,1843) size 0x0
            RenderText {#text} at (0,1850) size 16x25
              text run at (0,1850) width 16: "jjjj"
            RenderBR {BR} at (16,1868) size 0x0
            RenderText {#text} at (0,1875) size 28x25
              text run at (0,1875) width 28: "kkkk"
            RenderBR {BR} at (28,1893) size 0x0
            RenderText {#text} at (0,1900) size 16x25
              text run at (0,1900) width 16: "llll"
            RenderBR {BR} at (16,1918) size 0x0
            RenderText {#text} at (0,1925) size 52x25
              text run at (0,1925) width 52: "mmmm"
            RenderBR {BR} at (52,1943) size 0x0
            RenderText {#text} at (0,1950) size 36x25
              text run at (0,1950) width 36: "nnnn"
            RenderBR {BR} at (36,1968) size 0x0
            RenderText {#text} at (0,1975) size 28x25
              text run at (0,1975) width 28: "oooo"
            RenderBR {BR} at (28,1993) size 0x0
            RenderText {#text} at (0,2000) size 32x25
              text run at (0,2000) width 32: "pppp"
            RenderBR {BR} at (32,2018) size 0x0
            RenderText {#text} at (0,2025) size 32x25
              text run at (0,2025) width 32: "qqqq"
            RenderBR {BR} at (32,2043) size 0x0
            RenderText {#text} at (0,2050) size 28x25
              text run at (0,2050) width 28: "rrrr"
            RenderBR {BR} at (28,2068) size 0x0
            RenderText {#text} at (0,2075) size 24x25
              text run at (0,2075) width 24: "ssss"
            RenderBR {BR} at (24,2093) size 0x0
            RenderText {#text} at (0,2100) size 24x25
              text run at (0,2100) width 24: "tttt"
            RenderBR {BR} at (24,2118) size 0x0
            RenderText {#text} at (0,2125) size 36x25
              text run at (0,2125) width 36: "uuuu"
            RenderBR {BR} at (36,2143) size 0x0
            RenderText {#text} at (0,2150) size 28x25
              text run at (0,2150) width 28: "vvvv"
            RenderBR {BR} at (28,2168) size 0x0
            RenderText {#text} at (0,2175) size 40x25
              text run at (0,2175) width 40: "wwww"
            RenderBR {BR} at (40,2193) size 0x0
            RenderText {#text} at (0,2200) size 32x25
              text run at (0,2200) width 32: "xxxx"
            RenderBR {BR} at (32,2218) size 0x0
            RenderText {#text} at (0,2225) size 36x25
              text run at (0,2225) width 36: "yyyy"
            RenderBR {BR} at (36,2243) size 0x0
            RenderText {#text} at (0,2250) size 28x25
              text run at (0,2250) width 28: "zzzz"
            RenderBR {BR} at (28,2268) size 0x0
            RenderText {#text} at (0,2275) size 24x25
              text run at (0,2275) width 24: "{{{{"
            RenderBR {BR} at (24,2293) size 0x0
            RenderText {#text} at (0,2300) size 12x25
              text run at (0,2300) width 12: "||||"
            RenderBR {BR} at (12,2318) size 0x0
            RenderText {#text} at (0,2325) size 24x25
              text run at (0,2325) width 24: "}}}}"
            RenderBR {BR} at (24,2343) size 0x0
          RenderText {#text} at (0,0) size 0x0
        RenderText {#text} at (0,0) size 0x0
