layer at (0,0) size 785x7165
  RenderView at (0,0) size 785x600
layer at (0,0) size 785x7165
  RenderBlock {HTML} at (0,0) size 785x7165
    RenderBody {BODY} at (8,8) size 769x7141
      RenderBlock (anonymous) at (0,0) size 769x18
        RenderText {#text} at (0,0) size 342x18
          text run at (0,0) width 342: "This tests font choices and metrics for the fantasy font."
      RenderBlock {P} at (0,34) size 769x2375
        RenderInline {FONT} at (0,0) size 60x2375
          RenderText {#text} at (0,0) size 56x25
            text run at (0,0) width 56: "fantasy"
          RenderBR {BR} at (56,15) size 0x0
          RenderText {#text} at (0,25) size 16x25
            text run at (0,25) width 16: "    "
          RenderBR {BR} at (16,40) size 0x0
          RenderText {#text} at (0,50) size 16x25
            text run at (0,50) width 16: "!!!!"
          RenderBR {BR} at (16,65) size 0x0
          RenderText {#text} at (0,75) size 20x25
            text run at (0,75) width 20: "\"\"\"\""
          RenderBR {BR} at (20,90) size 0x0
          RenderText {#text} at (0,100) size 40x25
            text run at (0,100) width 40: "####"
          RenderBR {BR} at (40,115) size 0x0
          RenderText {#text} at (0,125) size 36x25
            text run at (0,125) width 36: "$$$$"
          RenderBR {BR} at (36,140) size 0x0
          RenderText {#text} at (0,150) size 48x25
            text run at (0,150) width 48: "%%%%"
          RenderBR {BR} at (48,165) size 0x0
          RenderText {#text} at (0,175) size 52x25
            text run at (0,175) width 52: "&&&&"
          RenderBR {BR} at (52,190) size 0x0
          RenderText {#text} at (0,200) size 12x25
            text run at (0,200) width 12: "''''"
          RenderBR {BR} at (12,215) size 0x0
          RenderText {#text} at (0,225) size 28x25
            text run at (0,225) width 28: "(((("
          RenderBR {BR} at (28,240) size 0x0
          RenderText {#text} at (0,250) size 28x25
            text run at (0,250) width 28: "))))"
          RenderBR {BR} at (28,265) size 0x0
          RenderText {#text} at (0,275) size 24x25
            text run at (0,275) width 24: "****"
          RenderBR {BR} at (24,290) size 0x0
          RenderText {#text} at (0,300) size 32x25
            text run at (0,300) width 32: "++++"
          RenderBR {BR} at (32,315) size 0x0
          RenderText {#text} at (0,325) size 16x25
            text run at (0,325) width 16: ",,,,"
          RenderBR {BR} at (16,340) size 0x0
          RenderText {#text} at (0,350) size 28x25
            text run at (0,350) width 28: "----"
          RenderBR {BR} at (28,365) size 0x0
          RenderText {#text} at (0,375) size 16x25
            text run at (0,375) width 16: "...."
          RenderBR {BR} at (16,390) size 0x0
          RenderText {#text} at (0,400) size 32x25
            text run at (0,400) width 32: "////"
          RenderBR {BR} at (32,415) size 0x0
          RenderText {#text} at (0,425) size 44x25
            text run at (0,425) width 44: "0000"
          RenderBR {BR} at (44,440) size 0x0
          RenderText {#text} at (0,450) size 16x25
            text run at (0,450) width 16: "1111"
          RenderBR {BR} at (16,465) size 0x0
          RenderText {#text} at (0,475) size 32x25
            text run at (0,475) width 32: "2222"
          RenderBR {BR} at (32,490) size 0x0
          RenderText {#text} at (0,500) size 32x25
            text run at (0,500) width 32: "3333"
          RenderBR {BR} at (32,515) size 0x0
          RenderText {#text} at (0,525) size 44x25
            text run at (0,525) width 44: "4444"
          RenderBR {BR} at (44,540) size 0x0
          RenderText {#text} at (0,550) size 32x25
            text run at (0,550) width 32: "5555"
          RenderBR {BR} at (32,565) size 0x0
          RenderText {#text} at (0,575) size 32x25
            text run at (0,575) width 32: "6666"
          RenderBR {BR} at (32,590) size 0x0
          RenderText {#text} at (0,600) size 28x25
            text run at (0,600) width 28: "7777"
          RenderBR {BR} at (28,615) size 0x0
          RenderText {#text} at (0,625) size 32x25
            text run at (0,625) width 32: "8888"
          RenderBR {BR} at (32,640) size 0x0
          RenderText {#text} at (0,650) size 32x25
            text run at (0,650) width 32: "9999"
          RenderBR {BR} at (32,665) size 0x0
          RenderText {#text} at (0,675) size 16x25
            text run at (0,675) width 16: "::::"
          RenderBR {BR} at (16,690) size 0x0
          RenderText {#text} at (0,700) size 16x25
            text run at (0,700) width 16: ";;;;"
          RenderBR {BR} at (16,715) size 0x0
          RenderText {#text} at (0,725) size 36x25
            text run at (0,725) width 36: "<<<<"
          RenderBR {BR} at (36,740) size 0x0
          RenderText {#text} at (0,750) size 28x25
            text run at (0,750) width 28: "===="
          RenderBR {BR} at (28,765) size 0x0
          RenderText {#text} at (0,775) size 36x25
            text run at (0,775) width 36: ">>>>"
          RenderBR {BR} at (36,790) size 0x0
          RenderText {#text} at (0,800) size 32x25
            text run at (0,800) width 32: "????"
          RenderBR {BR} at (32,815) size 0x0
          RenderText {#text} at (0,825) size 40x25
            text run at (0,825) width 40: "@@@@"
          RenderBR {BR} at (40,840) size 0x0
          RenderText {#text} at (0,850) size 48x25
            text run at (0,850) width 48: "AAAA"
          RenderBR {BR} at (48,865) size 0x0
          RenderText {#text} at (0,875) size 48x25
            text run at (0,875) width 48: "BBBB"
          RenderBR {BR} at (48,890) size 0x0
          RenderText {#text} at (0,900) size 48x25
            text run at (0,900) width 48: "CCCC"
          RenderBR {BR} at (48,915) size 0x0
          RenderText {#text} at (0,925) size 52x25
            text run at (0,925) width 52: "DDDD"
          RenderBR {BR} at (52,940) size 0x0
          RenderText {#text} at (0,950) size 48x25
            text run at (0,950) width 48: "EEEE"
          RenderBR {BR} at (48,965) size 0x0
          RenderText {#text} at (0,975) size 40x25
            text run at (0,975) width 40: "FFFF"
          RenderBR {BR} at (40,990) size 0x0
          RenderText {#text} at (0,1000) size 48x25
            text run at (0,1000) width 48: "GGGG"
          RenderBR {BR} at (48,1015) size 0x0
          RenderText {#text} at (0,1025) size 48x25
            text run at (0,1025) width 48: "HHHH"
          RenderBR {BR} at (48,1040) size 0x0
          RenderText {#text} at (0,1050) size 16x25
            text run at (0,1050) width 16: "IIII"
          RenderBR {BR} at (16,1065) size 0x0
          RenderText {#text} at (0,1075) size 36x25
            text run at (0,1075) width 36: "JJJJ"
          RenderBR {BR} at (36,1090) size 0x0
          RenderText {#text} at (0,1100) size 44x25
            text run at (0,1100) width 44: "KKKK"
          RenderBR {BR} at (44,1115) size 0x0
          RenderText {#text} at (0,1125) size 40x25
            text run at (0,1125) width 40: "LLLL"
          RenderBR {BR} at (40,1140) size 0x0
          RenderText {#text} at (0,1150) size 56x25
            text run at (0,1150) width 56: "MMMM"
          RenderBR {BR} at (56,1165) size 0x0
          RenderText {#text} at (0,1175) size 40x25
            text run at (0,1175) width 40: "NNNN"
          RenderBR {BR} at (40,1190) size 0x0
          RenderText {#text} at (0,1200) size 60x25
            text run at (0,1200) width 60: "OOOO"
          RenderBR {BR} at (60,1215) size 0x0
          RenderText {#text} at (0,1225) size 40x25
            text run at (0,1225) width 40: "PPPP"
          RenderBR {BR} at (40,1240) size 0x0
          RenderText {#text} at (0,1250) size 60x25
            text run at (0,1250) width 60: "QQQQ"
          RenderBR {BR} at (60,1265) size 0x0
          RenderText {#text} at (0,1275) size 44x25
            text run at (0,1275) width 44: "RRRR"
          RenderBR {BR} at (44,1290) size 0x0
          RenderText {#text} at (0,1300) size 40x25
            text run at (0,1300) width 40: "SSSS"
          RenderBR {BR} at (40,1315) size 0x0
          RenderText {#text} at (0,1325) size 44x25
            text run at (0,1325) width 44: "TTTT"
          RenderBR {BR} at (44,1340) size 0x0
          RenderText {#text} at (0,1350) size 52x25
            text run at (0,1350) width 52: "UUUU"
          RenderBR {BR} at (52,1365) size 0x0
          RenderText {#text} at (0,1375) size 36x25
            text run at (0,1375) width 36: "VVVV"
          RenderBR {BR} at (36,1390) size 0x0
          RenderText {#text} at (0,1400) size 52x25
            text run at (0,1400) width 52: "WWWW"
          RenderBR {BR} at (52,1415) size 0x0
          RenderText {#text} at (0,1425) size 40x25
            text run at (0,1425) width 40: "XXXX"
          RenderBR {BR} at (40,1440) size 0x0
          RenderText {#text} at (0,1450) size 40x25
            text run at (0,1450) width 40: "YYYY"
          RenderBR {BR} at (40,1465) size 0x0
          RenderText {#text} at (0,1475) size 44x25
            text run at (0,1475) width 44: "ZZZZ"
          RenderBR {BR} at (44,1490) size 0x0
          RenderText {#text} at (0,1500) size 28x25
            text run at (0,1500) width 28: "[[[["
          RenderBR {BR} at (28,1515) size 0x0
          RenderText {#text} at (0,1525) size 32x25
            text run at (0,1525) width 32: "\\\\\\\\"
          RenderBR {BR} at (32,1540) size 0x0
          RenderText {#text} at (0,1550) size 28x25
            text run at (0,1550) width 28: "]]]]"
          RenderBR {BR} at (28,1565) size 0x0
          RenderText {#text} at (0,1575) size 32x25
            text run at (0,1575) width 32: "^^^^"
          RenderBR {BR} at (32,1590) size 0x0
          RenderText {#text} at (0,1600) size 32x25
            text run at (0,1600) width 32: "____"
          RenderBR {BR} at (32,1615) size 0x0
          RenderText {#text} at (0,1625) size 20x25
            text run at (0,1625) width 20: "````"
          RenderBR {BR} at (20,1640) size 0x0
          RenderText {#text} at (0,1650) size 36x25
            text run at (0,1650) width 36: "aaaa"
          RenderBR {BR} at (36,1665) size 0x0
          RenderText {#text} at (0,1675) size 40x25
            text run at (0,1675) width 40: "bbbb"
          RenderBR {BR} at (40,1690) size 0x0
          RenderText {#text} at (0,1700) size 32x25
            text run at (0,1700) width 32: "cccc"
          RenderBR {BR} at (32,1715) size 0x0
          RenderText {#text} at (0,1725) size 40x25
            text run at (0,1725) width 40: "dddd"
          RenderBR {BR} at (40,1740) size 0x0
          RenderText {#text} at (0,1750) size 32x25
            text run at (0,1750) width 32: "eeee"
          RenderBR {BR} at (32,1765) size 0x0
          RenderText {#text} at (0,1775) size 24x25
            text run at (0,1775) width 24: "ffff"
          RenderBR {BR} at (24,1790) size 0x0
          RenderText {#text} at (0,1800) size 36x25
            text run at (0,1800) width 36: "gggg"
          RenderBR {BR} at (36,1815) size 0x0
          RenderText {#text} at (0,1825) size 36x25
            text run at (0,1825) width 36: "hhhh"
          RenderBR {BR} at (36,1840) size 0x0
          RenderText {#text} at (0,1850) size 12x25
            text run at (0,1850) width 12: "iiii"
          RenderBR {BR} at (12,1865) size 0x0
          RenderText {#text} at (0,1875) size 12x25
            text run at (0,1875) width 12: "jjjj"
          RenderBR {BR} at (12,1890) size 0x0
          RenderText {#text} at (0,1900) size 36x25
            text run at (0,1900) width 36: "kkkk"
          RenderBR {BR} at (36,1915) size 0x0
          RenderText {#text} at (0,1925) size 16x25
            text run at (0,1925) width 16: "llll"
          RenderBR {BR} at (16,1940) size 0x0
          RenderText {#text} at (0,1950) size 44x25
            text run at (0,1950) width 44: "mmmm"
          RenderBR {BR} at (44,1965) size 0x0
          RenderText {#text} at (0,1975) size 36x25
            text run at (0,1975) width 36: "nnnn"
          RenderBR {BR} at (36,1990) size 0x0
          RenderText {#text} at (0,2000) size 40x25
            text run at (0,2000) width 40: "oooo"
          RenderBR {BR} at (40,2015) size 0x0
          RenderText {#text} at (0,2025) size 40x25
            text run at (0,2025) width 40: "pppp"
          RenderBR {BR} at (40,2040) size 0x0
          RenderText {#text} at (0,2050) size 36x25
            text run at (0,2050) width 36: "qqqq"
          RenderBR {BR} at (36,2065) size 0x0
          RenderText {#text} at (0,2075) size 24x25
            text run at (0,2075) width 24: "rrrr"
          RenderBR {BR} at (24,2090) size 0x0
          RenderText {#text} at (0,2100) size 32x25
            text run at (0,2100) width 32: "ssss"
          RenderBR {BR} at (32,2115) size 0x0
          RenderText {#text} at (0,2125) size 24x25
            text run at (0,2125) width 24: "tttt"
          RenderBR {BR} at (24,2140) size 0x0
          RenderText {#text} at (0,2150) size 36x25
            text run at (0,2150) width 36: "uuuu"
          RenderBR {BR} at (36,2165) size 0x0
          RenderText {#text} at (0,2175) size 28x25
            text run at (0,2175) width 28: "vvvv"
          RenderBR {BR} at (28,2190) size 0x0
          RenderText {#text} at (0,2200) size 40x25
            text run at (0,2200) width 40: "wwww"
          RenderBR {BR} at (40,2215) size 0x0
          RenderText {#text} at (0,2225) size 32x25
            text run at (0,2225) width 32: "xxxx"
          RenderBR {BR} at (32,2240) size 0x0
          RenderText {#text} at (0,2250) size 36x25
            text run at (0,2250) width 36: "yyyy"
          RenderBR {BR} at (36,2265) size 0x0
          RenderText {#text} at (0,2275) size 28x25
            text run at (0,2275) width 28: "zzzz"
          RenderBR {BR} at (28,2290) size 0x0
          RenderText {#text} at (0,2300) size 16x25
            text run at (0,2300) width 16: "{{{{"
          RenderBR {BR} at (16,2315) size 0x0
          RenderText {#text} at (0,2325) size 16x25
            text run at (0,2325) width 16: "||||"
          RenderBR {BR} at (16,2340) size 0x0
          RenderText {#text} at (0,2350) size 16x25
            text run at (0,2350) width 16: "}}}}"
          RenderBR {BR} at (16,2365) size 0x0
      RenderBlock {P} at (0,2425) size 769x2350
        RenderInline {FONT} at (0,0) size 64x2350
          RenderText {#text} at (0,0) size 0x0
          RenderInline {B} at (0,0) size 64x2350
            RenderText {#text} at (0,0) size 20x25
              text run at (0,0) width 20: "    "
            RenderBR {BR} at (20,15) size 0x0
            RenderText {#text} at (0,25) size 20x25
              text run at (0,25) width 20: "!!!!"
            RenderBR {BR} at (20,40) size 0x0
            RenderText {#text} at (0,50) size 24x25
              text run at (0,50) width 24: "\"\"\"\""
            RenderBR {BR} at (24,65) size 0x0
            RenderText {#text} at (0,75) size 44x25
              text run at (0,75) width 44: "####"
            RenderBR {BR} at (44,90) size 0x0
            RenderText {#text} at (0,100) size 40x25
              text run at (0,100) width 40: "$$$$"
            RenderBR {BR} at (40,115) size 0x0
            RenderText {#text} at (0,125) size 52x25
              text run at (0,125) width 52: "%%%%"
            RenderBR {BR} at (52,140) size 0x0
            RenderText {#text} at (0,150) size 56x25
              text run at (0,150) width 56: "&&&&"
            RenderBR {BR} at (56,165) size 0x0
            RenderText {#text} at (0,175) size 16x25
              text run at (0,175) width 16: "''''"
            RenderBR {BR} at (16,190) size 0x0
            RenderText {#text} at (0,200) size 32x25
              text run at (0,200) width 32: "(((("
            RenderBR {BR} at (32,215) size 0x0
            RenderText {#text} at (0,225) size 32x25
              text run at (0,225) width 32: "))))"
            RenderBR {BR} at (32,240) size 0x0
            RenderText {#text} at (0,250) size 28x25
              text run at (0,250) width 28: "****"
            RenderBR {BR} at (28,265) size 0x0
            RenderText {#text} at (0,275) size 36x25
              text run at (0,275) width 36: "++++"
            RenderBR {BR} at (36,290) size 0x0
            RenderText {#text} at (0,300) size 20x25
              text run at (0,300) width 20: ",,,,"
            RenderBR {BR} at (20,315) size 0x0
            RenderText {#text} at (0,325) size 32x25
              text run at (0,325) width 32: "----"
            RenderBR {BR} at (32,340) size 0x0
            RenderText {#text} at (0,350) size 20x25
              text run at (0,350) width 20: "...."
            RenderBR {BR} at (20,365) size 0x0
            RenderText {#text} at (0,375) size 36x25
              text run at (0,375) width 36: "////"
            RenderBR {BR} at (36,390) size 0x0
            RenderText {#text} at (0,400) size 48x25
              text run at (0,400) width 48: "0000"
            RenderBR {BR} at (48,415) size 0x0
            RenderText {#text} at (0,425) size 20x25
              text run at (0,425) width 20: "1111"
            RenderBR {BR} at (20,440) size 0x0
            RenderText {#text} at (0,450) size 36x25
              text run at (0,450) width 36: "2222"
            RenderBR {BR} at (36,465) size 0x0
            RenderText {#text} at (0,475) size 36x25
              text run at (0,475) width 36: "3333"
            RenderBR {BR} at (36,490) size 0x0
            RenderText {#text} at (0,500) size 48x25
              text run at (0,500) width 48: "4444"
            RenderBR {BR} at (48,515) size 0x0
            RenderText {#text} at (0,525) size 36x25
              text run at (0,525) width 36: "5555"
            RenderBR {BR} at (36,540) size 0x0
            RenderText {#text} at (0,550) size 36x25
              text run at (0,550) width 36: "6666"
            RenderBR {BR} at (36,565) size 0x0
            RenderText {#text} at (0,575) size 32x25
              text run at (0,575) width 32: "7777"
            RenderBR {BR} at (32,590) size 0x0
            RenderText {#text} at (0,600) size 36x25
              text run at (0,600) width 36: "8888"
            RenderBR {BR} at (36,615) size 0x0
            RenderText {#text} at (0,625) size 36x25
              text run at (0,625) width 36: "9999"
            RenderBR {BR} at (36,640) size 0x0
            RenderText {#text} at (0,650) size 20x25
              text run at (0,650) width 20: "::::"
            RenderBR {BR} at (20,665) size 0x0
            RenderText {#text} at (0,675) size 20x25
              text run at (0,675) width 20: ";;;;"
            RenderBR {BR} at (20,690) size 0x0
            RenderText {#text} at (0,700) size 40x25
              text run at (0,700) width 40: "<<<<"
            RenderBR {BR} at (40,715) size 0x0
            RenderText {#text} at (0,725) size 32x25
              text run at (0,725) width 32: "===="
            RenderBR {BR} at (32,740) size 0x0
            RenderText {#text} at (0,750) size 40x25
              text run at (0,750) width 40: ">>>>"
            RenderBR {BR} at (40,765) size 0x0
            RenderText {#text} at (0,775) size 36x25
              text run at (0,775) width 36: "????"
            RenderBR {BR} at (36,790) size 0x0
            RenderText {#text} at (0,800) size 44x25
              text run at (0,800) width 44: "@@@@"
            RenderBR {BR} at (44,815) size 0x0
            RenderText {#text} at (0,825) size 52x25
              text run at (0,825) width 52: "AAAA"
            RenderBR {BR} at (52,840) size 0x0
            RenderText {#text} at (0,850) size 52x25
              text run at (0,850) width 52: "BBBB"
            RenderBR {BR} at (52,865) size 0x0
            RenderText {#text} at (0,875) size 52x25
              text run at (0,875) width 52: "CCCC"
            RenderBR {BR} at (52,890) size 0x0
            RenderText {#text} at (0,900) size 56x25
              text run at (0,900) width 56: "DDDD"
            RenderBR {BR} at (56,915) size 0x0
            RenderText {#text} at (0,925) size 52x25
              text run at (0,925) width 52: "EEEE"
            RenderBR {BR} at (52,940) size 0x0
            RenderText {#text} at (0,950) size 44x25
              text run at (0,950) width 44: "FFFF"
            RenderBR {BR} at (44,965) size 0x0
            RenderText {#text} at (0,975) size 52x25
              text run at (0,975) width 52: "GGGG"
            RenderBR {BR} at (52,990) size 0x0
            RenderText {#text} at (0,1000) size 52x25
              text run at (0,1000) width 52: "HHHH"
            RenderBR {BR} at (52,1015) size 0x0
            RenderText {#text} at (0,1025) size 20x25
              text run at (0,1025) width 20: "IIII"
            RenderBR {BR} at (20,1040) size 0x0
            RenderText {#text} at (0,1050) size 40x25
              text run at (0,1050) width 40: "JJJJ"
            RenderBR {BR} at (40,1065) size 0x0
            RenderText {#text} at (0,1075) size 48x25
              text run at (0,1075) width 48: "KKKK"
            RenderBR {BR} at (48,1090) size 0x0
            RenderText {#text} at (0,1100) size 44x25
              text run at (0,1100) width 44: "LLLL"
            RenderBR {BR} at (44,1115) size 0x0
            RenderText {#text} at (0,1125) size 60x25
              text run at (0,1125) width 60: "MMMM"
            RenderBR {BR} at (60,1140) size 0x0
            RenderText {#text} at (0,1150) size 44x25
              text run at (0,1150) width 44: "NNNN"
            RenderBR {BR} at (44,1165) size 0x0
            RenderText {#text} at (0,1175) size 64x25
              text run at (0,1175) width 64: "OOOO"
            RenderBR {BR} at (64,1190) size 0x0
            RenderText {#text} at (0,1200) size 44x25
              text run at (0,1200) width 44: "PPPP"
            RenderBR {BR} at (44,1215) size 0x0
            RenderText {#text} at (0,1225) size 64x25
              text run at (0,1225) width 64: "QQQQ"
            RenderBR {BR} at (64,1240) size 0x0
            RenderText {#text} at (0,1250) size 48x25
              text run at (0,1250) width 48: "RRRR"
            RenderBR {BR} at (48,1265) size 0x0
            RenderText {#text} at (0,1275) size 44x25
              text run at (0,1275) width 44: "SSSS"
            RenderBR {BR} at (44,1290) size 0x0
            RenderText {#text} at (0,1300) size 48x25
              text run at (0,1300) width 48: "TTTT"
            RenderBR {BR} at (48,1315) size 0x0
            RenderText {#text} at (0,1325) size 56x25
              text run at (0,1325) width 56: "UUUU"
            RenderBR {BR} at (56,1340) size 0x0
            RenderText {#text} at (0,1350) size 40x25
              text run at (0,1350) width 40: "VVVV"
            RenderBR {BR} at (40,1365) size 0x0
            RenderText {#text} at (0,1375) size 56x25
              text run at (0,1375) width 56: "WWWW"
            RenderBR {BR} at (56,1390) size 0x0
            RenderText {#text} at (0,1400) size 44x25
              text run at (0,1400) width 44: "XXXX"
            RenderBR {BR} at (44,1415) size 0x0
            RenderText {#text} at (0,1425) size 44x25
              text run at (0,1425) width 44: "YYYY"
            RenderBR {BR} at (44,1440) size 0x0
            RenderText {#text} at (0,1450) size 48x25
              text run at (0,1450) width 48: "ZZZZ"
            RenderBR {BR} at (48,1465) size 0x0
            RenderText {#text} at (0,1475) size 32x25
              text run at (0,1475) width 32: "[[[["
            RenderBR {BR} at (32,1490) size 0x0
            RenderText {#text} at (0,1500) size 36x25
              text run at (0,1500) width 36: "\\\\\\\\"
            RenderBR {BR} at (36,1515) size 0x0
            RenderText {#text} at (0,1525) size 32x25
              text run at (0,1525) width 32: "]]]]"
            RenderBR {BR} at (32,1540) size 0x0
            RenderText {#text} at (0,1550) size 36x25
              text run at (0,1550) width 36: "^^^^"
            RenderBR {BR} at (36,1565) size 0x0
            RenderText {#text} at (0,1575) size 36x25
              text run at (0,1575) width 36: "____"
            RenderBR {BR} at (36,1590) size 0x0
            RenderText {#text} at (0,1600) size 24x25
              text run at (0,1600) width 24: "````"
            RenderBR {BR} at (24,1615) size 0x0
            RenderText {#text} at (0,1625) size 40x25
              text run at (0,1625) width 40: "aaaa"
            RenderBR {BR} at (40,1640) size 0x0
            RenderText {#text} at (0,1650) size 44x25
              text run at (0,1650) width 44: "bbbb"
            RenderBR {BR} at (44,1665) size 0x0
            RenderText {#text} at (0,1675) size 36x25
              text run at (0,1675) width 36: "cccc"
            RenderBR {BR} at (36,1690) size 0x0
            RenderText {#text} at (0,1700) size 44x25
              text run at (0,1700) width 44: "dddd"
            RenderBR {BR} at (44,1715) size 0x0
            RenderText {#text} at (0,1725) size 36x25
              text run at (0,1725) width 36: "eeee"
            RenderBR {BR} at (36,1740) size 0x0
            RenderText {#text} at (0,1750) size 28x25
              text run at (0,1750) width 28: "ffff"
            RenderBR {BR} at (28,1765) size 0x0
            RenderText {#text} at (0,1775) size 40x25
              text run at (0,1775) width 40: "gggg"
            RenderBR {BR} at (40,1790) size 0x0
            RenderText {#text} at (0,1800) size 40x25
              text run at (0,1800) width 40: "hhhh"
            RenderBR {BR} at (40,1815) size 0x0
            RenderText {#text} at (0,1825) size 16x25
              text run at (0,1825) width 16: "iiii"
            RenderBR {BR} at (16,1840) size 0x0
            RenderText {#text} at (0,1850) size 16x25
              text run at (0,1850) width 16: "jjjj"
            RenderBR {BR} at (16,1865) size 0x0
            RenderText {#text} at (0,1875) size 40x25
              text run at (0,1875) width 40: "kkkk"
            RenderBR {BR} at (40,1890) size 0x0
            RenderText {#text} at (0,1900) size 20x25
              text run at (0,1900) width 20: "llll"
            RenderBR {BR} at (20,1915) size 0x0
            RenderText {#text} at (0,1925) size 48x25
              text run at (0,1925) width 48: "mmmm"
            RenderBR {BR} at (48,1940) size 0x0
            RenderText {#text} at (0,1950) size 40x25
              text run at (0,1950) width 40: "nnnn"
            RenderBR {BR} at (40,1965) size 0x0
            RenderText {#text} at (0,1975) size 44x25
              text run at (0,1975) width 44: "oooo"
            RenderBR {BR} at (44,1990) size 0x0
            RenderText {#text} at (0,2000) size 44x25
              text run at (0,2000) width 44: "pppp"
            RenderBR {BR} at (44,2015) size 0x0
            RenderText {#text} at (0,2025) size 40x25
              text run at (0,2025) width 40: "qqqq"
            RenderBR {BR} at (40,2040) size 0x0
            RenderText {#text} at (0,2050) size 28x25
              text run at (0,2050) width 28: "rrrr"
            RenderBR {BR} at (28,2065) size 0x0
            RenderText {#text} at (0,2075) size 36x25
              text run at (0,2075) width 36: "ssss"
            RenderBR {BR} at (36,2090) size 0x0
            RenderText {#text} at (0,2100) size 28x25
              text run at (0,2100) width 28: "tttt"
            RenderBR {BR} at (28,2115) size 0x0
            RenderText {#text} at (0,2125) size 40x25
              text run at (0,2125) width 40: "uuuu"
            RenderBR {BR} at (40,2140) size 0x0
            RenderText {#text} at (0,2150) size 32x25
              text run at (0,2150) width 32: "vvvv"
            RenderBR {BR} at (32,2165) size 0x0
            RenderText {#text} at (0,2175) size 44x25
              text run at (0,2175) width 44: "wwww"
            RenderBR {BR} at (44,2190) size 0x0
            RenderText {#text} at (0,2200) size 36x25
              text run at (0,2200) width 36: "xxxx"
            RenderBR {BR} at (36,2215) size 0x0
            RenderText {#text} at (0,2225) size 40x25
              text run at (0,2225) width 40: "yyyy"
            RenderBR {BR} at (40,2240) size 0x0
            RenderText {#text} at (0,2250) size 32x25
              text run at (0,2250) width 32: "zzzz"
            RenderBR {BR} at (32,2265) size 0x0
            RenderText {#text} at (0,2275) size 20x25
              text run at (0,2275) width 20: "{{{{"
            RenderBR {BR} at (20,2290) size 0x0
            RenderText {#text} at (0,2300) size 20x25
              text run at (0,2300) width 20: "||||"
            RenderBR {BR} at (20,2315) size 0x0
            RenderText {#text} at (0,2325) size 20x25
              text run at (0,2325) width 20: "}}}}"
            RenderBR {BR} at (20,2340) size 0x0
          RenderText {#text} at (0,0) size 0x0
      RenderBlock {P} at (0,4791) size 769x2350
        RenderInline {FONT} at (0,0) size 60x2350
          RenderText {#text} at (0,0) size 0x0
          RenderInline {I} at (0,0) size 60x2350
            RenderText {#text} at (0,0) size 16x25
              text run at (0,0) width 16: "    "
            RenderBR {BR} at (16,15) size 0x0
            RenderText {#text} at (0,25) size 16x25
              text run at (0,25) width 16: "!!!!"
            RenderBR {BR} at (16,40) size 0x0
            RenderText {#text} at (0,50) size 20x25
              text run at (0,50) width 20: "\"\"\"\""
            RenderBR {BR} at (20,65) size 0x0
            RenderText {#text} at (0,75) size 40x25
              text run at (0,75) width 40: "####"
            RenderBR {BR} at (40,90) size 0x0
            RenderText {#text} at (0,100) size 36x25
              text run at (0,100) width 36: "$$$$"
            RenderBR {BR} at (36,115) size 0x0
            RenderText {#text} at (0,125) size 48x25
              text run at (0,125) width 48: "%%%%"
            RenderBR {BR} at (48,140) size 0x0
            RenderText {#text} at (0,150) size 52x25
              text run at (0,150) width 52: "&&&&"
            RenderBR {BR} at (52,165) size 0x0
            RenderText {#text} at (0,175) size 12x25
              text run at (0,175) width 12: "''''"
            RenderBR {BR} at (12,190) size 0x0
            RenderText {#text} at (0,200) size 28x25
              text run at (0,200) width 28: "(((("
            RenderBR {BR} at (28,215) size 0x0
            RenderText {#text} at (0,225) size 28x25
              text run at (0,225) width 28: "))))"
            RenderBR {BR} at (28,240) size 0x0
            RenderText {#text} at (0,250) size 24x25
              text run at (0,250) width 24: "****"
            RenderBR {BR} at (24,265) size 0x0
            RenderText {#text} at (0,275) size 32x25
              text run at (0,275) width 32: "++++"
            RenderBR {BR} at (32,290) size 0x0
            RenderText {#text} at (0,300) size 16x25
              text run at (0,300) width 16: ",,,,"
            RenderBR {BR} at (16,315) size 0x0
            RenderText {#text} at (0,325) size 28x25
              text run at (0,325) width 28: "----"
            RenderBR {BR} at (28,340) size 0x0
            RenderText {#text} at (0,350) size 16x25
              text run at (0,350) width 16: "...."
            RenderBR {BR} at (16,365) size 0x0
            RenderText {#text} at (0,375) size 32x25
              text run at (0,375) width 32: "////"
            RenderBR {BR} at (32,390) size 0x0
            RenderText {#text} at (0,400) size 44x25
              text run at (0,400) width 44: "0000"
            RenderBR {BR} at (44,415) size 0x0
            RenderText {#text} at (0,425) size 16x25
              text run at (0,425) width 16: "1111"
            RenderBR {BR} at (16,440) size 0x0
            RenderText {#text} at (0,450) size 32x25
              text run at (0,450) width 32: "2222"
            RenderBR {BR} at (32,465) size 0x0
            RenderText {#text} at (0,475) size 32x25
              text run at (0,475) width 32: "3333"
            RenderBR {BR} at (32,490) size 0x0
            RenderText {#text} at (0,500) size 44x25
              text run at (0,500) width 44: "4444"
            RenderBR {BR} at (44,515) size 0x0
            RenderText {#text} at (0,525) size 32x25
              text run at (0,525) width 32: "5555"
            RenderBR {BR} at (32,540) size 0x0
            RenderText {#text} at (0,550) size 32x25
              text run at (0,550) width 32: "6666"
            RenderBR {BR} at (32,565) size 0x0
            RenderText {#text} at (0,575) size 28x25
              text run at (0,575) width 28: "7777"
            RenderBR {BR} at (28,590) size 0x0
            RenderText {#text} at (0,600) size 32x25
              text run at (0,600) width 32: "8888"
            RenderBR {BR} at (32,615) size 0x0
            RenderText {#text} at (0,625) size 32x25
              text run at (0,625) width 32: "9999"
            RenderBR {BR} at (32,640) size 0x0
            RenderText {#text} at (0,650) size 16x25
              text run at (0,650) width 16: "::::"
            RenderBR {BR} at (16,665) size 0x0
            RenderText {#text} at (0,675) size 16x25
              text run at (0,675) width 16: ";;;;"
            RenderBR {BR} at (16,690) size 0x0
            RenderText {#text} at (0,700) size 36x25
              text run at (0,700) width 36: "<<<<"
            RenderBR {BR} at (36,715) size 0x0
            RenderText {#text} at (0,725) size 28x25
              text run at (0,725) width 28: "===="
            RenderBR {BR} at (28,740) size 0x0
            RenderText {#text} at (0,750) size 36x25
              text run at (0,750) width 36: ">>>>"
            RenderBR {BR} at (36,765) size 0x0
            RenderText {#text} at (0,775) size 32x25
              text run at (0,775) width 32: "????"
            RenderBR {BR} at (32,790) size 0x0
            RenderText {#text} at (0,800) size 40x25
              text run at (0,800) width 40: "@@@@"
            RenderBR {BR} at (40,815) size 0x0
            RenderText {#text} at (0,825) size 48x25
              text run at (0,825) width 48: "AAAA"
            RenderBR {BR} at (48,840) size 0x0
            RenderText {#text} at (0,850) size 48x25
              text run at (0,850) width 48: "BBBB"
            RenderBR {BR} at (48,865) size 0x0
            RenderText {#text} at (0,875) size 48x25
              text run at (0,875) width 48: "CCCC"
            RenderBR {BR} at (48,890) size 0x0
            RenderText {#text} at (0,900) size 52x25
              text run at (0,900) width 52: "DDDD"
            RenderBR {BR} at (52,915) size 0x0
            RenderText {#text} at (0,925) size 48x25
              text run at (0,925) width 48: "EEEE"
            RenderBR {BR} at (48,940) size 0x0
            RenderText {#text} at (0,950) size 40x25
              text run at (0,950) width 40: "FFFF"
            RenderBR {BR} at (40,965) size 0x0
            RenderText {#text} at (0,975) size 48x25
              text run at (0,975) width 48: "GGGG"
            RenderBR {BR} at (48,990) size 0x0
            RenderText {#text} at (0,1000) size 48x25
              text run at (0,1000) width 48: "HHHH"
            RenderBR {BR} at (48,1015) size 0x0
            RenderText {#text} at (0,1025) size 16x25
              text run at (0,1025) width 16: "IIII"
            RenderBR {BR} at (16,1040) size 0x0
            RenderText {#text} at (0,1050) size 36x25
              text run at (0,1050) width 36: "JJJJ"
            RenderBR {BR} at (36,1065) size 0x0
            RenderText {#text} at (0,1075) size 44x25
              text run at (0,1075) width 44: "KKKK"
            RenderBR {BR} at (44,1090) size 0x0
            RenderText {#text} at (0,1100) size 40x25
              text run at (0,1100) width 40: "LLLL"
            RenderBR {BR} at (40,1115) size 0x0
            RenderText {#text} at (0,1125) size 56x25
              text run at (0,1125) width 56: "MMMM"
            RenderBR {BR} at (56,1140) size 0x0
            RenderText {#text} at (0,1150) size 40x25
              text run at (0,1150) width 40: "NNNN"
            RenderBR {BR} at (40,1165) size 0x0
            RenderText {#text} at (0,1175) size 60x25
              text run at (0,1175) width 60: "OOOO"
            RenderBR {BR} at (60,1190) size 0x0
            RenderText {#text} at (0,1200) size 40x25
              text run at (0,1200) width 40: "PPPP"
            RenderBR {BR} at (40,1215) size 0x0
            RenderText {#text} at (0,1225) size 60x25
              text run at (0,1225) width 60: "QQQQ"
            RenderBR {BR} at (60,1240) size 0x0
            RenderText {#text} at (0,1250) size 44x25
              text run at (0,1250) width 44: "RRRR"
            RenderBR {BR} at (44,1265) size 0x0
            RenderText {#text} at (0,1275) size 40x25
              text run at (0,1275) width 40: "SSSS"
            RenderBR {BR} at (40,1290) size 0x0
            RenderText {#text} at (0,1300) size 44x25
              text run at (0,1300) width 44: "TTTT"
            RenderBR {BR} at (44,1315) size 0x0
            RenderText {#text} at (0,1325) size 52x25
              text run at (0,1325) width 52: "UUUU"
            RenderBR {BR} at (52,1340) size 0x0
            RenderText {#text} at (0,1350) size 36x25
              text run at (0,1350) width 36: "VVVV"
            RenderBR {BR} at (36,1365) size 0x0
            RenderText {#text} at (0,1375) size 52x25
              text run at (0,1375) width 52: "WWWW"
            RenderBR {BR} at (52,1390) size 0x0
            RenderText {#text} at (0,1400) size 40x25
              text run at (0,1400) width 40: "XXXX"
            RenderBR {BR} at (40,1415) size 0x0
            RenderText {#text} at (0,1425) size 40x25
              text run at (0,1425) width 40: "YYYY"
            RenderBR {BR} at (40,1440) size 0x0
            RenderText {#text} at (0,1450) size 44x25
              text run at (0,1450) width 44: "ZZZZ"
            RenderBR {BR} at (44,1465) size 0x0
            RenderText {#text} at (0,1475) size 28x25
              text run at (0,1475) width 28: "[[[["
            RenderBR {BR} at (28,1490) size 0x0
            RenderText {#text} at (0,1500) size 32x25
              text run at (0,1500) width 32: "\\\\\\\\"
            RenderBR {BR} at (32,1515) size 0x0
            RenderText {#text} at (0,1525) size 28x25
              text run at (0,1525) width 28: "]]]]"
            RenderBR {BR} at (28,1540) size 0x0
            RenderText {#text} at (0,1550) size 32x25
              text run at (0,1550) width 32: "^^^^"
            RenderBR {BR} at (32,1565) size 0x0
            RenderText {#text} at (0,1575) size 32x25
              text run at (0,1575) width 32: "____"
            RenderBR {BR} at (32,1590) size 0x0
            RenderText {#text} at (0,1600) size 20x25
              text run at (0,1600) width 20: "````"
            RenderBR {BR} at (20,1615) size 0x0
            RenderText {#text} at (0,1625) size 36x25
              text run at (0,1625) width 36: "aaaa"
            RenderBR {BR} at (36,1640) size 0x0
            RenderText {#text} at (0,1650) size 40x25
              text run at (0,1650) width 40: "bbbb"
            RenderBR {BR} at (40,1665) size 0x0
            RenderText {#text} at (0,1675) size 32x25
              text run at (0,1675) width 32: "cccc"
            RenderBR {BR} at (32,1690) size 0x0
            RenderText {#text} at (0,1700) size 40x25
              text run at (0,1700) width 40: "dddd"
            RenderBR {BR} at (40,1715) size 0x0
            RenderText {#text} at (0,1725) size 32x25
              text run at (0,1725) width 32: "eeee"
            RenderBR {BR} at (32,1740) size 0x0
            RenderText {#text} at (0,1750) size 24x25
              text run at (0,1750) width 24: "ffff"
            RenderBR {BR} at (24,1765) size 0x0
            RenderText {#text} at (0,1775) size 36x25
              text run at (0,1775) width 36: "gggg"
            RenderBR {BR} at (36,1790) size 0x0
            RenderText {#text} at (0,1800) size 36x25
              text run at (0,1800) width 36: "hhhh"
            RenderBR {BR} at (36,1815) size 0x0
            RenderText {#text} at (0,1825) size 12x25
              text run at (0,1825) width 12: "iiii"
            RenderBR {BR} at (12,1840) size 0x0
            RenderText {#text} at (0,1850) size 12x25
              text run at (0,1850) width 12: "jjjj"
            RenderBR {BR} at (12,1865) size 0x0
            RenderText {#text} at (0,1875) size 36x25
              text run at (0,1875) width 36: "kkkk"
            RenderBR {BR} at (36,1890) size 0x0
            RenderText {#text} at (0,1900) size 16x25
              text run at (0,1900) width 16: "llll"
            RenderBR {BR} at (16,1915) size 0x0
            RenderText {#text} at (0,1925) size 44x25
              text run at (0,1925) width 44: "mmmm"
            RenderBR {BR} at (44,1940) size 0x0
            RenderText {#text} at (0,1950) size 36x25
              text run at (0,1950) width 36: "nnnn"
            RenderBR {BR} at (36,1965) size 0x0
            RenderText {#text} at (0,1975) size 40x25
              text run at (0,1975) width 40: "oooo"
            RenderBR {BR} at (40,1990) size 0x0
            RenderText {#text} at (0,2000) size 40x25
              text run at (0,2000) width 40: "pppp"
            RenderBR {BR} at (40,2015) size 0x0
            RenderText {#text} at (0,2025) size 36x25
              text run at (0,2025) width 36: "qqqq"
            RenderBR {BR} at (36,2040) size 0x0
            RenderText {#text} at (0,2050) size 24x25
              text run at (0,2050) width 24: "rrrr"
            RenderBR {BR} at (24,2065) size 0x0
            RenderText {#text} at (0,2075) size 32x25
              text run at (0,2075) width 32: "ssss"
            RenderBR {BR} at (32,2090) size 0x0
            RenderText {#text} at (0,2100) size 24x25
              text run at (0,2100) width 24: "tttt"
            RenderBR {BR} at (24,2115) size 0x0
            RenderText {#text} at (0,2125) size 36x25
              text run at (0,2125) width 36: "uuuu"
            RenderBR {BR} at (36,2140) size 0x0
            RenderText {#text} at (0,2150) size 28x25
              text run at (0,2150) width 28: "vvvv"
            RenderBR {BR} at (28,2165) size 0x0
            RenderText {#text} at (0,2175) size 40x25
              text run at (0,2175) width 40: "wwww"
            RenderBR {BR} at (40,2190) size 0x0
            RenderText {#text} at (0,2200) size 32x25
              text run at (0,2200) width 32: "xxxx"
            RenderBR {BR} at (32,2215) size 0x0
            RenderText {#text} at (0,2225) size 36x25
              text run at (0,2225) width 36: "yyyy"
            RenderBR {BR} at (36,2240) size 0x0
            RenderText {#text} at (0,2250) size 28x25
              text run at (0,2250) width 28: "zzzz"
            RenderBR {BR} at (28,2265) size 0x0
            RenderText {#text} at (0,2275) size 16x25
              text run at (0,2275) width 16: "{{{{"
            RenderBR {BR} at (16,2290) size 0x0
            RenderText {#text} at (0,2300) size 16x25
              text run at (0,2300) width 16: "||||"
            RenderBR {BR} at (16,2315) size 0x0
            RenderText {#text} at (0,2325) size 16x25
              text run at (0,2325) width 16: "}}}}"
            RenderBR {BR} at (16,2340) size 0x0
          RenderText {#text} at (0,0) size 0x0
        RenderText {#text} at (0,0) size 0x0
