layer at (0,0) size 785x4757
  RenderView at (0,0) size 785x600
layer at (0,0) size 785x4757
  RenderBlock {HTML} at (0,0) size 785x4757
    RenderBody {BODY} at (8,8) size 769x4733
      RenderBlock (anonymous) at (0,0) size 769x18
        RenderText {#text} at (0,0) size 351x18
          text run at (0,0) width 351: "This tests font choices and metrics for monospace fonts."
      RenderBlock {P} at (0,34) size 769x210
        RenderInline {FONT} at (0,0) size 759x209
          RenderText {#text} at (0,0) size 60x20
            text run at (0,0) width 60: "Monaco"
          RenderBR {BR} at (60,16) size 0x0
          RenderText {#text} at (0,21) size 750x62
            text run at (0,21) width 750: "  ! \" # $ % & ' ( ) * + , - . / 0 1 2 3 4 5 6 7 8 9 : ; < = > ? @ A B C D E"
            text run at (0,42) width 750: "F G H I J K L M N O P Q R S T U V W X Y Z [ \\ ] ^ _ ` a b c d e f g h i j k"
            text run at (0,63) width 380: "l m n o p q r s t u v w x y z { | } > "
          RenderBR {BR} at (380,79) size 0x0
          RenderInline {B} at (0,0) size 759x62
            RenderText {#text} at (0,84) size 759x62
              text run at (0,84) width 759: "  ! \" # $ % & ' ( ) * + , - . / 0 1 2 3 4 5 6 7 8 9 : ; < = > ? @ A B"
              text run at (0,105) width 759: "C D E F G H I J K L M N O P Q R S T U V W X Y Z [ \\ ] ^ _ ` a b c d e"
              text run at (0,126) width 550: "f g h i j k l m n o p q r s t u v w x y z { | } > "
          RenderText {#text} at (0,0) size 0x0
          RenderBR {BR} at (0,0) size 0x0
          RenderInline {I} at (0,0) size 750x62
            RenderText {#text} at (0,147) size 750x62
              text run at (0,147) width 750: "  ! \" # $ % & ' ( ) * + , - . / 0 1 2 3 4 5 6 7 8 9 : ; < = > ? @ A B C D E"
              text run at (0,168) width 750: "F G H I J K L M N O P Q R S T U V W X Y Z [ \\ ] ^ _ ` a b c d e f g h i j k"
              text run at (0,189) width 370: "l m n o p q r s t u v w x y z { | } >"
          RenderText {#text} at (0,0) size 0x0
        RenderText {#text} at (0,0) size 0x0
      RenderBlock {P} at (0,260) size 769x180
        RenderInline {FONT} at (0,0) size 750x180
          RenderText {#text} at (0,0) size 70x18
            text run at (0,0) width 70: "Courier"
          RenderBR {BR} at (70,14) size 0x0
          RenderText {#text} at (0,18) size 750x54
            text run at (0,18) width 750: "  ! \" # $ % & ' ( ) * + , - . / 0 1 2 3 4 5 6 7 8 9 : ; < = > ? @ A B C D E"
            text run at (0,36) width 750: "F G H I J K L M N O P Q R S T U V W X Y Z [ \\ ] ^ _ ` a b c d e f g h i j k"
            text run at (0,54) width 380: "l m n o p q r s t u v w x y z { | } > "
          RenderBR {BR} at (380,68) size 0x0
          RenderInline {B} at (0,0) size 750x54
            RenderText {#text} at (0,72) size 750x54
              text run at (0,72) width 750: "  ! \" # $ % & ' ( ) * + , - . / 0 1 2 3 4 5 6 7 8 9 : ; < = > ? @ A B C D E"
              text run at (0,90) width 750: "F G H I J K L M N O P Q R S T U V W X Y Z [ \\ ] ^ _ ` a b c d e f g h i j k"
              text run at (0,108) width 380: "l m n o p q r s t u v w x y z { | } > "
          RenderText {#text} at (0,0) size 0x0
          RenderBR {BR} at (0,0) size 0x0
          RenderInline {I} at (0,0) size 750x54
            RenderText {#text} at (0,126) size 750x54
              text run at (0,126) width 750: "  ! \" # $ % & ' ( ) * + , - . / 0 1 2 3 4 5 6 7 8 9 : ; < = > ? @ A B C D E"
              text run at (0,144) width 750: "F G H I J K L M N O P Q R S T U V W X Y Z [ \\ ] ^ _ ` a b c d e f g h i j k"
              text run at (0,162) width 370: "l m n o p q r s t u v w x y z { | } >"
          RenderText {#text} at (0,0) size 0x0
        RenderText {#text} at (0,0) size 0x0
      RenderBlock {P} at (0,456) size 769x1425
        RenderInline {FONT} at (0,0) size 72x1425
          RenderText {#text} at (0,0) size 72x15
            text run at (0,0) width 72: "monospace"
          RenderBR {BR} at (72,12) size 0x0
          RenderText {#text} at (0,15) size 32x15
            text run at (0,15) width 32: "    "
          RenderBR {BR} at (32,27) size 0x0
          RenderText {#text} at (0,30) size 32x15
            text run at (0,30) width 32: "!!!!"
          RenderBR {BR} at (32,42) size 0x0
          RenderText {#text} at (0,45) size 32x15
            text run at (0,45) width 32: "\"\"\"\""
          RenderBR {BR} at (32,57) size 0x0
          RenderText {#text} at (0,60) size 32x15
            text run at (0,60) width 32: "####"
          RenderBR {BR} at (32,72) size 0x0
          RenderText {#text} at (0,75) size 32x15
            text run at (0,75) width 32: "$$$$"
          RenderBR {BR} at (32,87) size 0x0
          RenderText {#text} at (0,90) size 32x15
            text run at (0,90) width 32: "%%%%"
          RenderBR {BR} at (32,102) size 0x0
          RenderText {#text} at (0,105) size 32x15
            text run at (0,105) width 32: "&&&&"
          RenderBR {BR} at (32,117) size 0x0
          RenderText {#text} at (0,120) size 32x15
            text run at (0,120) width 32: "''''"
          RenderBR {BR} at (32,132) size 0x0
          RenderText {#text} at (0,135) size 32x15
            text run at (0,135) width 32: "(((("
          RenderBR {BR} at (32,147) size 0x0
          RenderText {#text} at (0,150) size 32x15
            text run at (0,150) width 32: "))))"
          RenderBR {BR} at (32,162) size 0x0
          RenderText {#text} at (0,165) size 32x15
            text run at (0,165) width 32: "****"
          RenderBR {BR} at (32,177) size 0x0
          RenderText {#text} at (0,180) size 32x15
            text run at (0,180) width 32: "++++"
          RenderBR {BR} at (32,192) size 0x0
          RenderText {#text} at (0,195) size 32x15
            text run at (0,195) width 32: ",,,,"
          RenderBR {BR} at (32,207) size 0x0
          RenderText {#text} at (0,210) size 32x15
            text run at (0,210) width 32: "----"
          RenderBR {BR} at (32,222) size 0x0
          RenderText {#text} at (0,225) size 32x15
            text run at (0,225) width 32: "...."
          RenderBR {BR} at (32,237) size 0x0
          RenderText {#text} at (0,240) size 32x15
            text run at (0,240) width 32: "////"
          RenderBR {BR} at (32,252) size 0x0
          RenderText {#text} at (0,255) size 32x15
            text run at (0,255) width 32: "0000"
          RenderBR {BR} at (32,267) size 0x0
          RenderText {#text} at (0,270) size 32x15
            text run at (0,270) width 32: "1111"
          RenderBR {BR} at (32,282) size 0x0
          RenderText {#text} at (0,285) size 32x15
            text run at (0,285) width 32: "2222"
          RenderBR {BR} at (32,297) size 0x0
          RenderText {#text} at (0,300) size 32x15
            text run at (0,300) width 32: "3333"
          RenderBR {BR} at (32,312) size 0x0
          RenderText {#text} at (0,315) size 32x15
            text run at (0,315) width 32: "4444"
          RenderBR {BR} at (32,327) size 0x0
          RenderText {#text} at (0,330) size 32x15
            text run at (0,330) width 32: "5555"
          RenderBR {BR} at (32,342) size 0x0
          RenderText {#text} at (0,345) size 32x15
            text run at (0,345) width 32: "6666"
          RenderBR {BR} at (32,357) size 0x0
          RenderText {#text} at (0,360) size 32x15
            text run at (0,360) width 32: "7777"
          RenderBR {BR} at (32,372) size 0x0
          RenderText {#text} at (0,375) size 32x15
            text run at (0,375) width 32: "8888"
          RenderBR {BR} at (32,387) size 0x0
          RenderText {#text} at (0,390) size 32x15
            text run at (0,390) width 32: "9999"
          RenderBR {BR} at (32,402) size 0x0
          RenderText {#text} at (0,405) size 32x15
            text run at (0,405) width 32: "::::"
          RenderBR {BR} at (32,417) size 0x0
          RenderText {#text} at (0,420) size 32x15
            text run at (0,420) width 32: ";;;;"
          RenderBR {BR} at (32,432) size 0x0
          RenderText {#text} at (0,435) size 32x15
            text run at (0,435) width 32: "<<<<"
          RenderBR {BR} at (32,447) size 0x0
          RenderText {#text} at (0,450) size 32x15
            text run at (0,450) width 32: "===="
          RenderBR {BR} at (32,462) size 0x0
          RenderText {#text} at (0,465) size 32x15
            text run at (0,465) width 32: ">>>>"
          RenderBR {BR} at (32,477) size 0x0
          RenderText {#text} at (0,480) size 32x15
            text run at (0,480) width 32: "????"
          RenderBR {BR} at (32,492) size 0x0
          RenderText {#text} at (0,495) size 32x15
            text run at (0,495) width 32: "@@@@"
          RenderBR {BR} at (32,507) size 0x0
          RenderText {#text} at (0,510) size 32x15
            text run at (0,510) width 32: "AAAA"
          RenderBR {BR} at (32,522) size 0x0
          RenderText {#text} at (0,525) size 32x15
            text run at (0,525) width 32: "BBBB"
          RenderBR {BR} at (32,537) size 0x0
          RenderText {#text} at (0,540) size 32x15
            text run at (0,540) width 32: "CCCC"
          RenderBR {BR} at (32,552) size 0x0
          RenderText {#text} at (0,555) size 32x15
            text run at (0,555) width 32: "DDDD"
          RenderBR {BR} at (32,567) size 0x0
          RenderText {#text} at (0,570) size 32x15
            text run at (0,570) width 32: "EEEE"
          RenderBR {BR} at (32,582) size 0x0
          RenderText {#text} at (0,585) size 32x15
            text run at (0,585) width 32: "FFFF"
          RenderBR {BR} at (32,597) size 0x0
          RenderText {#text} at (0,600) size 32x15
            text run at (0,600) width 32: "GGGG"
          RenderBR {BR} at (32,612) size 0x0
          RenderText {#text} at (0,615) size 32x15
            text run at (0,615) width 32: "HHHH"
          RenderBR {BR} at (32,627) size 0x0
          RenderText {#text} at (0,630) size 32x15
            text run at (0,630) width 32: "IIII"
          RenderBR {BR} at (32,642) size 0x0
          RenderText {#text} at (0,645) size 32x15
            text run at (0,645) width 32: "JJJJ"
          RenderBR {BR} at (32,657) size 0x0
          RenderText {#text} at (0,660) size 32x15
            text run at (0,660) width 32: "KKKK"
          RenderBR {BR} at (32,672) size 0x0
          RenderText {#text} at (0,675) size 32x15
            text run at (0,675) width 32: "LLLL"
          RenderBR {BR} at (32,687) size 0x0
          RenderText {#text} at (0,690) size 32x15
            text run at (0,690) width 32: "MMMM"
          RenderBR {BR} at (32,702) size 0x0
          RenderText {#text} at (0,705) size 32x15
            text run at (0,705) width 32: "NNNN"
          RenderBR {BR} at (32,717) size 0x0
          RenderText {#text} at (0,720) size 32x15
            text run at (0,720) width 32: "OOOO"
          RenderBR {BR} at (32,732) size 0x0
          RenderText {#text} at (0,735) size 32x15
            text run at (0,735) width 32: "PPPP"
          RenderBR {BR} at (32,747) size 0x0
          RenderText {#text} at (0,750) size 32x15
            text run at (0,750) width 32: "QQQQ"
          RenderBR {BR} at (32,762) size 0x0
          RenderText {#text} at (0,765) size 32x15
            text run at (0,765) width 32: "RRRR"
          RenderBR {BR} at (32,777) size 0x0
          RenderText {#text} at (0,780) size 32x15
            text run at (0,780) width 32: "SSSS"
          RenderBR {BR} at (32,792) size 0x0
          RenderText {#text} at (0,795) size 32x15
            text run at (0,795) width 32: "TTTT"
          RenderBR {BR} at (32,807) size 0x0
          RenderText {#text} at (0,810) size 32x15
            text run at (0,810) width 32: "UUUU"
          RenderBR {BR} at (32,822) size 0x0
          RenderText {#text} at (0,825) size 32x15
            text run at (0,825) width 32: "VVVV"
          RenderBR {BR} at (32,837) size 0x0
          RenderText {#text} at (0,840) size 32x15
            text run at (0,840) width 32: "WWWW"
          RenderBR {BR} at (32,852) size 0x0
          RenderText {#text} at (0,855) size 32x15
            text run at (0,855) width 32: "XXXX"
          RenderBR {BR} at (32,867) size 0x0
          RenderText {#text} at (0,870) size 32x15
            text run at (0,870) width 32: "YYYY"
          RenderBR {BR} at (32,882) size 0x0
          RenderText {#text} at (0,885) size 32x15
            text run at (0,885) width 32: "ZZZZ"
          RenderBR {BR} at (32,897) size 0x0
          RenderText {#text} at (0,900) size 32x15
            text run at (0,900) width 32: "[[[["
          RenderBR {BR} at (32,912) size 0x0
          RenderText {#text} at (0,915) size 32x15
            text run at (0,915) width 32: "\\\\\\\\"
          RenderBR {BR} at (32,927) size 0x0
          RenderText {#text} at (0,930) size 32x15
            text run at (0,930) width 32: "]]]]"
          RenderBR {BR} at (32,942) size 0x0
          RenderText {#text} at (0,945) size 32x15
            text run at (0,945) width 32: "^^^^"
          RenderBR {BR} at (32,957) size 0x0
          RenderText {#text} at (0,960) size 32x15
            text run at (0,960) width 32: "____"
          RenderBR {BR} at (32,972) size 0x0
          RenderText {#text} at (0,975) size 32x15
            text run at (0,975) width 32: "````"
          RenderBR {BR} at (32,987) size 0x0
          RenderText {#text} at (0,990) size 32x15
            text run at (0,990) width 32: "aaaa"
          RenderBR {BR} at (32,1002) size 0x0
          RenderText {#text} at (0,1005) size 32x15
            text run at (0,1005) width 32: "bbbb"
          RenderBR {BR} at (32,1017) size 0x0
          RenderText {#text} at (0,1020) size 32x15
            text run at (0,1020) width 32: "cccc"
          RenderBR {BR} at (32,1032) size 0x0
          RenderText {#text} at (0,1035) size 32x15
            text run at (0,1035) width 32: "dddd"
          RenderBR {BR} at (32,1047) size 0x0
          RenderText {#text} at (0,1050) size 32x15
            text run at (0,1050) width 32: "eeee"
          RenderBR {BR} at (32,1062) size 0x0
          RenderText {#text} at (0,1065) size 32x15
            text run at (0,1065) width 32: "ffff"
          RenderBR {BR} at (32,1077) size 0x0
          RenderText {#text} at (0,1080) size 32x15
            text run at (0,1080) width 32: "gggg"
          RenderBR {BR} at (32,1092) size 0x0
          RenderText {#text} at (0,1095) size 32x15
            text run at (0,1095) width 32: "hhhh"
          RenderBR {BR} at (32,1107) size 0x0
          RenderText {#text} at (0,1110) size 32x15
            text run at (0,1110) width 32: "iiii"
          RenderBR {BR} at (32,1122) size 0x0
          RenderText {#text} at (0,1125) size 32x15
            text run at (0,1125) width 32: "jjjj"
          RenderBR {BR} at (32,1137) size 0x0
          RenderText {#text} at (0,1140) size 32x15
            text run at (0,1140) width 32: "kkkk"
          RenderBR {BR} at (32,1152) size 0x0
          RenderText {#text} at (0,1155) size 32x15
            text run at (0,1155) width 32: "llll"
          RenderBR {BR} at (32,1167) size 0x0
          RenderText {#text} at (0,1170) size 32x15
            text run at (0,1170) width 32: "mmmm"
          RenderBR {BR} at (32,1182) size 0x0
          RenderText {#text} at (0,1185) size 32x15
            text run at (0,1185) width 32: "nnnn"
          RenderBR {BR} at (32,1197) size 0x0
          RenderText {#text} at (0,1200) size 32x15
            text run at (0,1200) width 32: "oooo"
          RenderBR {BR} at (32,1212) size 0x0
          RenderText {#text} at (0,1215) size 32x15
            text run at (0,1215) width 32: "pppp"
          RenderBR {BR} at (32,1227) size 0x0
          RenderText {#text} at (0,1230) size 32x15
            text run at (0,1230) width 32: "qqqq"
          RenderBR {BR} at (32,1242) size 0x0
          RenderText {#text} at (0,1245) size 32x15
            text run at (0,1245) width 32: "rrrr"
          RenderBR {BR} at (32,1257) size 0x0
          RenderText {#text} at (0,1260) size 32x15
            text run at (0,1260) width 32: "ssss"
          RenderBR {BR} at (32,1272) size 0x0
          RenderText {#text} at (0,1275) size 32x15
            text run at (0,1275) width 32: "tttt"
          RenderBR {BR} at (32,1287) size 0x0
          RenderText {#text} at (0,1290) size 32x15
            text run at (0,1290) width 32: "uuuu"
          RenderBR {BR} at (32,1302) size 0x0
          RenderText {#text} at (0,1305) size 32x15
            text run at (0,1305) width 32: "vvvv"
          RenderBR {BR} at (32,1317) size 0x0
          RenderText {#text} at (0,1320) size 32x15
            text run at (0,1320) width 32: "wwww"
          RenderBR {BR} at (32,1332) size 0x0
          RenderText {#text} at (0,1335) size 32x15
            text run at (0,1335) width 32: "xxxx"
          RenderBR {BR} at (32,1347) size 0x0
          RenderText {#text} at (0,1350) size 32x15
            text run at (0,1350) width 32: "yyyy"
          RenderBR {BR} at (32,1362) size 0x0
          RenderText {#text} at (0,1365) size 32x15
            text run at (0,1365) width 32: "zzzz"
          RenderBR {BR} at (32,1377) size 0x0
          RenderText {#text} at (0,1380) size 32x15
            text run at (0,1380) width 32: "{{{{"
          RenderBR {BR} at (32,1392) size 0x0
          RenderText {#text} at (0,1395) size 32x15
            text run at (0,1395) width 32: "||||"
          RenderBR {BR} at (32,1407) size 0x0
          RenderText {#text} at (0,1410) size 32x15
            text run at (0,1410) width 32: "}}}}"
          RenderBR {BR} at (32,1422) size 0x0
      RenderBlock {P} at (0,1897) size 769x1410
        RenderInline {FONT} at (0,0) size 32x1410
          RenderText {#text} at (0,0) size 0x0
          RenderInline {B} at (0,0) size 32x1410
            RenderText {#text} at (0,0) size 32x15
              text run at (0,0) width 32: "    "
            RenderBR {BR} at (32,12) size 0x0
            RenderText {#text} at (0,15) size 32x15
              text run at (0,15) width 32: "!!!!"
            RenderBR {BR} at (32,27) size 0x0
            RenderText {#text} at (0,30) size 32x15
              text run at (0,30) width 32: "\"\"\"\""
            RenderBR {BR} at (32,42) size 0x0
            RenderText {#text} at (0,45) size 32x15
              text run at (0,45) width 32: "####"
            RenderBR {BR} at (32,57) size 0x0
            RenderText {#text} at (0,60) size 32x15
              text run at (0,60) width 32: "$$$$"
            RenderBR {BR} at (32,72) size 0x0
            RenderText {#text} at (0,75) size 32x15
              text run at (0,75) width 32: "%%%%"
            RenderBR {BR} at (32,87) size 0x0
            RenderText {#text} at (0,90) size 32x15
              text run at (0,90) width 32: "&&&&"
            RenderBR {BR} at (32,102) size 0x0
            RenderText {#text} at (0,105) size 32x15
              text run at (0,105) width 32: "''''"
            RenderBR {BR} at (32,117) size 0x0
            RenderText {#text} at (0,120) size 32x15
              text run at (0,120) width 32: "(((("
            RenderBR {BR} at (32,132) size 0x0
            RenderText {#text} at (0,135) size 32x15
              text run at (0,135) width 32: "))))"
            RenderBR {BR} at (32,147) size 0x0
            RenderText {#text} at (0,150) size 32x15
              text run at (0,150) width 32: "****"
            RenderBR {BR} at (32,162) size 0x0
            RenderText {#text} at (0,165) size 32x15
              text run at (0,165) width 32: "++++"
            RenderBR {BR} at (32,177) size 0x0
            RenderText {#text} at (0,180) size 32x15
              text run at (0,180) width 32: ",,,,"
            RenderBR {BR} at (32,192) size 0x0
            RenderText {#text} at (0,195) size 32x15
              text run at (0,195) width 32: "----"
            RenderBR {BR} at (32,207) size 0x0
            RenderText {#text} at (0,210) size 32x15
              text run at (0,210) width 32: "...."
            RenderBR {BR} at (32,222) size 0x0
            RenderText {#text} at (0,225) size 32x15
              text run at (0,225) width 32: "////"
            RenderBR {BR} at (32,237) size 0x0
            RenderText {#text} at (0,240) size 32x15
              text run at (0,240) width 32: "0000"
            RenderBR {BR} at (32,252) size 0x0
            RenderText {#text} at (0,255) size 32x15
              text run at (0,255) width 32: "1111"
            RenderBR {BR} at (32,267) size 0x0
            RenderText {#text} at (0,270) size 32x15
              text run at (0,270) width 32: "2222"
            RenderBR {BR} at (32,282) size 0x0
            RenderText {#text} at (0,285) size 32x15
              text run at (0,285) width 32: "3333"
            RenderBR {BR} at (32,297) size 0x0
            RenderText {#text} at (0,300) size 32x15
              text run at (0,300) width 32: "4444"
            RenderBR {BR} at (32,312) size 0x0
            RenderText {#text} at (0,315) size 32x15
              text run at (0,315) width 32: "5555"
            RenderBR {BR} at (32,327) size 0x0
            RenderText {#text} at (0,330) size 32x15
              text run at (0,330) width 32: "6666"
            RenderBR {BR} at (32,342) size 0x0
            RenderText {#text} at (0,345) size 32x15
              text run at (0,345) width 32: "7777"
            RenderBR {BR} at (32,357) size 0x0
            RenderText {#text} at (0,360) size 32x15
              text run at (0,360) width 32: "8888"
            RenderBR {BR} at (32,372) size 0x0
            RenderText {#text} at (0,375) size 32x15
              text run at (0,375) width 32: "9999"
            RenderBR {BR} at (32,387) size 0x0
            RenderText {#text} at (0,390) size 32x15
              text run at (0,390) width 32: "::::"
            RenderBR {BR} at (32,402) size 0x0
            RenderText {#text} at (0,405) size 32x15
              text run at (0,405) width 32: ";;;;"
            RenderBR {BR} at (32,417) size 0x0
            RenderText {#text} at (0,420) size 32x15
              text run at (0,420) width 32: "<<<<"
            RenderBR {BR} at (32,432) size 0x0
            RenderText {#text} at (0,435) size 32x15
              text run at (0,435) width 32: "===="
            RenderBR {BR} at (32,447) size 0x0
            RenderText {#text} at (0,450) size 32x15
              text run at (0,450) width 32: ">>>>"
            RenderBR {BR} at (32,462) size 0x0
            RenderText {#text} at (0,465) size 32x15
              text run at (0,465) width 32: "????"
            RenderBR {BR} at (32,477) size 0x0
            RenderText {#text} at (0,480) size 32x15
              text run at (0,480) width 32: "@@@@"
            RenderBR {BR} at (32,492) size 0x0
            RenderText {#text} at (0,495) size 32x15
              text run at (0,495) width 32: "AAAA"
            RenderBR {BR} at (32,507) size 0x0
            RenderText {#text} at (0,510) size 32x15
              text run at (0,510) width 32: "BBBB"
            RenderBR {BR} at (32,522) size 0x0
            RenderText {#text} at (0,525) size 32x15
              text run at (0,525) width 32: "CCCC"
            RenderBR {BR} at (32,537) size 0x0
            RenderText {#text} at (0,540) size 32x15
              text run at (0,540) width 32: "DDDD"
            RenderBR {BR} at (32,552) size 0x0
            RenderText {#text} at (0,555) size 32x15
              text run at (0,555) width 32: "EEEE"
            RenderBR {BR} at (32,567) size 0x0
            RenderText {#text} at (0,570) size 32x15
              text run at (0,570) width 32: "FFFF"
            RenderBR {BR} at (32,582) size 0x0
            RenderText {#text} at (0,585) size 32x15
              text run at (0,585) width 32: "GGGG"
            RenderBR {BR} at (32,597) size 0x0
            RenderText {#text} at (0,600) size 32x15
              text run at (0,600) width 32: "HHHH"
            RenderBR {BR} at (32,612) size 0x0
            RenderText {#text} at (0,615) size 32x15
              text run at (0,615) width 32: "IIII"
            RenderBR {BR} at (32,627) size 0x0
            RenderText {#text} at (0,630) size 32x15
              text run at (0,630) width 32: "JJJJ"
            RenderBR {BR} at (32,642) size 0x0
            RenderText {#text} at (0,645) size 32x15
              text run at (0,645) width 32: "KKKK"
            RenderBR {BR} at (32,657) size 0x0
            RenderText {#text} at (0,660) size 32x15
              text run at (0,660) width 32: "LLLL"
            RenderBR {BR} at (32,672) size 0x0
            RenderText {#text} at (0,675) size 32x15
              text run at (0,675) width 32: "MMMM"
            RenderBR {BR} at (32,687) size 0x0
            RenderText {#text} at (0,690) size 32x15
              text run at (0,690) width 32: "NNNN"
            RenderBR {BR} at (32,702) size 0x0
            RenderText {#text} at (0,705) size 32x15
              text run at (0,705) width 32: "OOOO"
            RenderBR {BR} at (32,717) size 0x0
            RenderText {#text} at (0,720) size 32x15
              text run at (0,720) width 32: "PPPP"
            RenderBR {BR} at (32,732) size 0x0
            RenderText {#text} at (0,735) size 32x15
              text run at (0,735) width 32: "QQQQ"
            RenderBR {BR} at (32,747) size 0x0
            RenderText {#text} at (0,750) size 32x15
              text run at (0,750) width 32: "RRRR"
            RenderBR {BR} at (32,762) size 0x0
            RenderText {#text} at (0,765) size 32x15
              text run at (0,765) width 32: "SSSS"
            RenderBR {BR} at (32,777) size 0x0
            RenderText {#text} at (0,780) size 32x15
              text run at (0,780) width 32: "TTTT"
            RenderBR {BR} at (32,792) size 0x0
            RenderText {#text} at (0,795) size 32x15
              text run at (0,795) width 32: "UUUU"
            RenderBR {BR} at (32,807) size 0x0
            RenderText {#text} at (0,810) size 32x15
              text run at (0,810) width 32: "VVVV"
            RenderBR {BR} at (32,822) size 0x0
            RenderText {#text} at (0,825) size 32x15
              text run at (0,825) width 32: "WWWW"
            RenderBR {BR} at (32,837) size 0x0
            RenderText {#text} at (0,840) size 32x15
              text run at (0,840) width 32: "XXXX"
            RenderBR {BR} at (32,852) size 0x0
            RenderText {#text} at (0,855) size 32x15
              text run at (0,855) width 32: "YYYY"
            RenderBR {BR} at (32,867) size 0x0
            RenderText {#text} at (0,870) size 32x15
              text run at (0,870) width 32: "ZZZZ"
            RenderBR {BR} at (32,882) size 0x0
            RenderText {#text} at (0,885) size 32x15
              text run at (0,885) width 32: "[[[["
            RenderBR {BR} at (32,897) size 0x0
            RenderText {#text} at (0,900) size 32x15
              text run at (0,900) width 32: "\\\\\\\\"
            RenderBR {BR} at (32,912) size 0x0
            RenderText {#text} at (0,915) size 32x15
              text run at (0,915) width 32: "]]]]"
            RenderBR {BR} at (32,927) size 0x0
            RenderText {#text} at (0,930) size 32x15
              text run at (0,930) width 32: "^^^^"
            RenderBR {BR} at (32,942) size 0x0
            RenderText {#text} at (0,945) size 32x15
              text run at (0,945) width 32: "____"
            RenderBR {BR} at (32,957) size 0x0
            RenderText {#text} at (0,960) size 32x15
              text run at (0,960) width 32: "````"
            RenderBR {BR} at (32,972) size 0x0
            RenderText {#text} at (0,975) size 32x15
              text run at (0,975) width 32: "aaaa"
            RenderBR {BR} at (32,987) size 0x0
            RenderText {#text} at (0,990) size 32x15
              text run at (0,990) width 32: "bbbb"
            RenderBR {BR} at (32,1002) size 0x0
            RenderText {#text} at (0,1005) size 32x15
              text run at (0,1005) width 32: "cccc"
            RenderBR {BR} at (32,1017) size 0x0
            RenderText {#text} at (0,1020) size 32x15
              text run at (0,1020) width 32: "dddd"
            RenderBR {BR} at (32,1032) size 0x0
            RenderText {#text} at (0,1035) size 32x15
              text run at (0,1035) width 32: "eeee"
            RenderBR {BR} at (32,1047) size 0x0
            RenderText {#text} at (0,1050) size 32x15
              text run at (0,1050) width 32: "ffff"
            RenderBR {BR} at (32,1062) size 0x0
            RenderText {#text} at (0,1065) size 32x15
              text run at (0,1065) width 32: "gggg"
            RenderBR {BR} at (32,1077) size 0x0
            RenderText {#text} at (0,1080) size 32x15
              text run at (0,1080) width 32: "hhhh"
            RenderBR {BR} at (32,1092) size 0x0
            RenderText {#text} at (0,1095) size 32x15
              text run at (0,1095) width 32: "iiii"
            RenderBR {BR} at (32,1107) size 0x0
            RenderText {#text} at (0,1110) size 32x15
              text run at (0,1110) width 32: "jjjj"
            RenderBR {BR} at (32,1122) size 0x0
            RenderText {#text} at (0,1125) size 32x15
              text run at (0,1125) width 32: "kkkk"
            RenderBR {BR} at (32,1137) size 0x0
            RenderText {#text} at (0,1140) size 32x15
              text run at (0,1140) width 32: "llll"
            RenderBR {BR} at (32,1152) size 0x0
            RenderText {#text} at (0,1155) size 32x15
              text run at (0,1155) width 32: "mmmm"
            RenderBR {BR} at (32,1167) size 0x0
            RenderText {#text} at (0,1170) size 32x15
              text run at (0,1170) width 32: "nnnn"
            RenderBR {BR} at (32,1182) size 0x0
            RenderText {#text} at (0,1185) size 32x15
              text run at (0,1185) width 32: "oooo"
            RenderBR {BR} at (32,1197) size 0x0
            RenderText {#text} at (0,1200) size 32x15
              text run at (0,1200) width 32: "pppp"
            RenderBR {BR} at (32,1212) size 0x0
            RenderText {#text} at (0,1215) size 32x15
              text run at (0,1215) width 32: "qqqq"
            RenderBR {BR} at (32,1227) size 0x0
            RenderText {#text} at (0,1230) size 32x15
              text run at (0,1230) width 32: "rrrr"
            RenderBR {BR} at (32,1242) size 0x0
            RenderText {#text} at (0,1245) size 32x15
              text run at (0,1245) width 32: "ssss"
            RenderBR {BR} at (32,1257) size 0x0
            RenderText {#text} at (0,1260) size 32x15
              text run at (0,1260) width 32: "tttt"
            RenderBR {BR} at (32,1272) size 0x0
            RenderText {#text} at (0,1275) size 32x15
              text run at (0,1275) width 32: "uuuu"
            RenderBR {BR} at (32,1287) size 0x0
            RenderText {#text} at (0,1290) size 32x15
              text run at (0,1290) width 32: "vvvv"
            RenderBR {BR} at (32,1302) size 0x0
            RenderText {#text} at (0,1305) size 32x15
              text run at (0,1305) width 32: "wwww"
            RenderBR {BR} at (32,1317) size 0x0
            RenderText {#text} at (0,1320) size 32x15
              text run at (0,1320) width 32: "xxxx"
            RenderBR {BR} at (32,1332) size 0x0
            RenderText {#text} at (0,1335) size 32x15
              text run at (0,1335) width 32: "yyyy"
            RenderBR {BR} at (32,1347) size 0x0
            RenderText {#text} at (0,1350) size 32x15
              text run at (0,1350) width 32: "zzzz"
            RenderBR {BR} at (32,1362) size 0x0
            RenderText {#text} at (0,1365) size 32x15
              text run at (0,1365) width 32: "{{{{"
            RenderBR {BR} at (32,1377) size 0x0
            RenderText {#text} at (0,1380) size 32x15
              text run at (0,1380) width 32: "||||"
            RenderBR {BR} at (32,1392) size 0x0
            RenderText {#text} at (0,1395) size 32x15
              text run at (0,1395) width 32: "}}}}"
            RenderBR {BR} at (32,1407) size 0x0
          RenderText {#text} at (0,0) size 0x0
      RenderBlock {P} at (0,3323) size 769x1410
        RenderInline {FONT} at (0,0) size 32x1410
          RenderText {#text} at (0,0) size 0x0
          RenderInline {I} at (0,0) size 32x1410
            RenderText {#text} at (0,0) size 32x15
              text run at (0,0) width 32: "    "
            RenderBR {BR} at (32,12) size 0x0
            RenderText {#text} at (0,15) size 32x15
              text run at (0,15) width 32: "!!!!"
            RenderBR {BR} at (32,27) size 0x0
            RenderText {#text} at (0,30) size 32x15
              text run at (0,30) width 32: "\"\"\"\""
            RenderBR {BR} at (32,42) size 0x0
            RenderText {#text} at (0,45) size 32x15
              text run at (0,45) width 32: "####"
            RenderBR {BR} at (32,57) size 0x0
            RenderText {#text} at (0,60) size 32x15
              text run at (0,60) width 32: "$$$$"
            RenderBR {BR} at (32,72) size 0x0
            RenderText {#text} at (0,75) size 32x15
              text run at (0,75) width 32: "%%%%"
            RenderBR {BR} at (32,87) size 0x0
            RenderText {#text} at (0,90) size 32x15
              text run at (0,90) width 32: "&&&&"
            RenderBR {BR} at (32,102) size 0x0
            RenderText {#text} at (0,105) size 32x15
              text run at (0,105) width 32: "''''"
            RenderBR {BR} at (32,117) size 0x0
            RenderText {#text} at (0,120) size 32x15
              text run at (0,120) width 32: "(((("
            RenderBR {BR} at (32,132) size 0x0
            RenderText {#text} at (0,135) size 32x15
              text run at (0,135) width 32: "))))"
            RenderBR {BR} at (32,147) size 0x0
            RenderText {#text} at (0,150) size 32x15
              text run at (0,150) width 32: "****"
            RenderBR {BR} at (32,162) size 0x0
            RenderText {#text} at (0,165) size 32x15
              text run at (0,165) width 32: "++++"
            RenderBR {BR} at (32,177) size 0x0
            RenderText {#text} at (0,180) size 32x15
              text run at (0,180) width 32: ",,,,"
            RenderBR {BR} at (32,192) size 0x0
            RenderText {#text} at (0,195) size 32x15
              text run at (0,195) width 32: "----"
            RenderBR {BR} at (32,207) size 0x0
            RenderText {#text} at (0,210) size 32x15
              text run at (0,210) width 32: "...."
            RenderBR {BR} at (32,222) size 0x0
            RenderText {#text} at (0,225) size 32x15
              text run at (0,225) width 32: "////"
            RenderBR {BR} at (32,237) size 0x0
            RenderText {#text} at (0,240) size 32x15
              text run at (0,240) width 32: "0000"
            RenderBR {BR} at (32,252) size 0x0
            RenderText {#text} at (0,255) size 32x15
              text run at (0,255) width 32: "1111"
            RenderBR {BR} at (32,267) size 0x0
            RenderText {#text} at (0,270) size 32x15
              text run at (0,270) width 32: "2222"
            RenderBR {BR} at (32,282) size 0x0
            RenderText {#text} at (0,285) size 32x15
              text run at (0,285) width 32: "3333"
            RenderBR {BR} at (32,297) size 0x0
            RenderText {#text} at (0,300) size 32x15
              text run at (0,300) width 32: "4444"
            RenderBR {BR} at (32,312) size 0x0
            RenderText {#text} at (0,315) size 32x15
              text run at (0,315) width 32: "5555"
            RenderBR {BR} at (32,327) size 0x0
            RenderText {#text} at (0,330) size 32x15
              text run at (0,330) width 32: "6666"
            RenderBR {BR} at (32,342) size 0x0
            RenderText {#text} at (0,345) size 32x15
              text run at (0,345) width 32: "7777"
            RenderBR {BR} at (32,357) size 0x0
            RenderText {#text} at (0,360) size 32x15
              text run at (0,360) width 32: "8888"
            RenderBR {BR} at (32,372) size 0x0
            RenderText {#text} at (0,375) size 32x15
              text run at (0,375) width 32: "9999"
            RenderBR {BR} at (32,387) size 0x0
            RenderText {#text} at (0,390) size 32x15
              text run at (0,390) width 32: "::::"
            RenderBR {BR} at (32,402) size 0x0
            RenderText {#text} at (0,405) size 32x15
              text run at (0,405) width 32: ";;;;"
            RenderBR {BR} at (32,417) size 0x0
            RenderText {#text} at (0,420) size 32x15
              text run at (0,420) width 32: "<<<<"
            RenderBR {BR} at (32,432) size 0x0
            RenderText {#text} at (0,435) size 32x15
              text run at (0,435) width 32: "===="
            RenderBR {BR} at (32,447) size 0x0
            RenderText {#text} at (0,450) size 32x15
              text run at (0,450) width 32: ">>>>"
            RenderBR {BR} at (32,462) size 0x0
            RenderText {#text} at (0,465) size 32x15
              text run at (0,465) width 32: "????"
            RenderBR {BR} at (32,477) size 0x0
            RenderText {#text} at (0,480) size 32x15
              text run at (0,480) width 32: "@@@@"
            RenderBR {BR} at (32,492) size 0x0
            RenderText {#text} at (0,495) size 32x15
              text run at (0,495) width 32: "AAAA"
            RenderBR {BR} at (32,507) size 0x0
            RenderText {#text} at (0,510) size 32x15
              text run at (0,510) width 32: "BBBB"
            RenderBR {BR} at (32,522) size 0x0
            RenderText {#text} at (0,525) size 32x15
              text run at (0,525) width 32: "CCCC"
            RenderBR {BR} at (32,537) size 0x0
            RenderText {#text} at (0,540) size 32x15
              text run at (0,540) width 32: "DDDD"
            RenderBR {BR} at (32,552) size 0x0
            RenderText {#text} at (0,555) size 32x15
              text run at (0,555) width 32: "EEEE"
            RenderBR {BR} at (32,567) size 0x0
            RenderText {#text} at (0,570) size 32x15
              text run at (0,570) width 32: "FFFF"
            RenderBR {BR} at (32,582) size 0x0
            RenderText {#text} at (0,585) size 32x15
              text run at (0,585) width 32: "GGGG"
            RenderBR {BR} at (32,597) size 0x0
            RenderText {#text} at (0,600) size 32x15
              text run at (0,600) width 32: "HHHH"
            RenderBR {BR} at (32,612) size 0x0
            RenderText {#text} at (0,615) size 32x15
              text run at (0,615) width 32: "IIII"
            RenderBR {BR} at (32,627) size 0x0
            RenderText {#text} at (0,630) size 32x15
              text run at (0,630) width 32: "JJJJ"
            RenderBR {BR} at (32,642) size 0x0
            RenderText {#text} at (0,645) size 32x15
              text run at (0,645) width 32: "KKKK"
            RenderBR {BR} at (32,657) size 0x0
            RenderText {#text} at (0,660) size 32x15
              text run at (0,660) width 32: "LLLL"
            RenderBR {BR} at (32,672) size 0x0
            RenderText {#text} at (0,675) size 32x15
              text run at (0,675) width 32: "MMMM"
            RenderBR {BR} at (32,687) size 0x0
            RenderText {#text} at (0,690) size 32x15
              text run at (0,690) width 32: "NNNN"
            RenderBR {BR} at (32,702) size 0x0
            RenderText {#text} at (0,705) size 32x15
              text run at (0,705) width 32: "OOOO"
            RenderBR {BR} at (32,717) size 0x0
            RenderText {#text} at (0,720) size 32x15
              text run at (0,720) width 32: "PPPP"
            RenderBR {BR} at (32,732) size 0x0
            RenderText {#text} at (0,735) size 32x15
              text run at (0,735) width 32: "QQQQ"
            RenderBR {BR} at (32,747) size 0x0
            RenderText {#text} at (0,750) size 32x15
              text run at (0,750) width 32: "RRRR"
            RenderBR {BR} at (32,762) size 0x0
            RenderText {#text} at (0,765) size 32x15
              text run at (0,765) width 32: "SSSS"
            RenderBR {BR} at (32,777) size 0x0
            RenderText {#text} at (0,780) size 32x15
              text run at (0,780) width 32: "TTTT"
            RenderBR {BR} at (32,792) size 0x0
            RenderText {#text} at (0,795) size 32x15
              text run at (0,795) width 32: "UUUU"
            RenderBR {BR} at (32,807) size 0x0
            RenderText {#text} at (0,810) size 32x15
              text run at (0,810) width 32: "VVVV"
            RenderBR {BR} at (32,822) size 0x0
            RenderText {#text} at (0,825) size 32x15
              text run at (0,825) width 32: "WWWW"
            RenderBR {BR} at (32,837) size 0x0
            RenderText {#text} at (0,840) size 32x15
              text run at (0,840) width 32: "XXXX"
            RenderBR {BR} at (32,852) size 0x0
            RenderText {#text} at (0,855) size 32x15
              text run at (0,855) width 32: "YYYY"
            RenderBR {BR} at (32,867) size 0x0
            RenderText {#text} at (0,870) size 32x15
              text run at (0,870) width 32: "ZZZZ"
            RenderBR {BR} at (32,882) size 0x0
            RenderText {#text} at (0,885) size 32x15
              text run at (0,885) width 32: "[[[["
            RenderBR {BR} at (32,897) size 0x0
            RenderText {#text} at (0,900) size 32x15
              text run at (0,900) width 32: "\\\\\\\\"
            RenderBR {BR} at (32,912) size 0x0
            RenderText {#text} at (0,915) size 32x15
              text run at (0,915) width 32: "]]]]"
            RenderBR {BR} at (32,927) size 0x0
            RenderText {#text} at (0,930) size 32x15
              text run at (0,930) width 32: "^^^^"
            RenderBR {BR} at (32,942) size 0x0
            RenderText {#text} at (0,945) size 32x15
              text run at (0,945) width 32: "____"
            RenderBR {BR} at (32,957) size 0x0
            RenderText {#text} at (0,960) size 32x15
              text run at (0,960) width 32: "````"
            RenderBR {BR} at (32,972) size 0x0
            RenderText {#text} at (0,975) size 32x15
              text run at (0,975) width 32: "aaaa"
            RenderBR {BR} at (32,987) size 0x0
            RenderText {#text} at (0,990) size 32x15
              text run at (0,990) width 32: "bbbb"
            RenderBR {BR} at (32,1002) size 0x0
            RenderText {#text} at (0,1005) size 32x15
              text run at (0,1005) width 32: "cccc"
            RenderBR {BR} at (32,1017) size 0x0
            RenderText {#text} at (0,1020) size 32x15
              text run at (0,1020) width 32: "dddd"
            RenderBR {BR} at (32,1032) size 0x0
            RenderText {#text} at (0,1035) size 32x15
              text run at (0,1035) width 32: "eeee"
            RenderBR {BR} at (32,1047) size 0x0
            RenderText {#text} at (0,1050) size 32x15
              text run at (0,1050) width 32: "ffff"
            RenderBR {BR} at (32,1062) size 0x0
            RenderText {#text} at (0,1065) size 32x15
              text run at (0,1065) width 32: "gggg"
            RenderBR {BR} at (32,1077) size 0x0
            RenderText {#text} at (0,1080) size 32x15
              text run at (0,1080) width 32: "hhhh"
            RenderBR {BR} at (32,1092) size 0x0
            RenderText {#text} at (0,1095) size 32x15
              text run at (0,1095) width 32: "iiii"
            RenderBR {BR} at (32,1107) size 0x0
            RenderText {#text} at (0,1110) size 32x15
              text run at (0,1110) width 32: "jjjj"
            RenderBR {BR} at (32,1122) size 0x0
            RenderText {#text} at (0,1125) size 32x15
              text run at (0,1125) width 32: "kkkk"
            RenderBR {BR} at (32,1137) size 0x0
            RenderText {#text} at (0,1140) size 32x15
              text run at (0,1140) width 32: "llll"
            RenderBR {BR} at (32,1152) size 0x0
            RenderText {#text} at (0,1155) size 32x15
              text run at (0,1155) width 32: "mmmm"
            RenderBR {BR} at (32,1167) size 0x0
            RenderText {#text} at (0,1170) size 32x15
              text run at (0,1170) width 32: "nnnn"
            RenderBR {BR} at (32,1182) size 0x0
            RenderText {#text} at (0,1185) size 32x15
              text run at (0,1185) width 32: "oooo"
            RenderBR {BR} at (32,1197) size 0x0
            RenderText {#text} at (0,1200) size 32x15
              text run at (0,1200) width 32: "pppp"
            RenderBR {BR} at (32,1212) size 0x0
            RenderText {#text} at (0,1215) size 32x15
              text run at (0,1215) width 32: "qqqq"
            RenderBR {BR} at (32,1227) size 0x0
            RenderText {#text} at (0,1230) size 32x15
              text run at (0,1230) width 32: "rrrr"
            RenderBR {BR} at (32,1242) size 0x0
            RenderText {#text} at (0,1245) size 32x15
              text run at (0,1245) width 32: "ssss"
            RenderBR {BR} at (32,1257) size 0x0
            RenderText {#text} at (0,1260) size 32x15
              text run at (0,1260) width 32: "tttt"
            RenderBR {BR} at (32,1272) size 0x0
            RenderText {#text} at (0,1275) size 32x15
              text run at (0,1275) width 32: "uuuu"
            RenderBR {BR} at (32,1287) size 0x0
            RenderText {#text} at (0,1290) size 32x15
              text run at (0,1290) width 32: "vvvv"
            RenderBR {BR} at (32,1302) size 0x0
            RenderText {#text} at (0,1305) size 32x15
              text run at (0,1305) width 32: "wwww"
            RenderBR {BR} at (32,1317) size 0x0
            RenderText {#text} at (0,1320) size 32x15
              text run at (0,1320) width 32: "xxxx"
            RenderBR {BR} at (32,1332) size 0x0
            RenderText {#text} at (0,1335) size 32x15
              text run at (0,1335) width 32: "yyyy"
            RenderBR {BR} at (32,1347) size 0x0
            RenderText {#text} at (0,1350) size 32x15
              text run at (0,1350) width 32: "zzzz"
            RenderBR {BR} at (32,1362) size 0x0
            RenderText {#text} at (0,1365) size 32x15
              text run at (0,1365) width 32: "{{{{"
            RenderBR {BR} at (32,1377) size 0x0
            RenderText {#text} at (0,1380) size 32x15
              text run at (0,1380) width 32: "||||"
            RenderBR {BR} at (32,1392) size 0x0
            RenderText {#text} at (0,1395) size 32x15
              text run at (0,1395) width 32: "}}}}"
            RenderBR {BR} at (32,1407) size 0x0
          RenderText {#text} at (0,0) size 0x0
        RenderText {#text} at (0,0) size 0x0
