layer at (0,0) size 785x5907
  RenderView at (0,0) size 785x600
layer at (0,0) size 785x5907
  RenderBlock {HTML} at (0,0) size 785x5907
    RenderBody {BODY} at (8,8) size 769x5883
      RenderBlock (anonymous) at (0,0) size 769x18
        RenderText {#text} at (0,0) size 339x17
          text run at (0,0) width 339: "This tests font choices and metrics for sans-serif fonts."
      RenderBlock {P} at (0,34) size 769x133
        RenderInline {FONT} at (0,0) size 765x132
          RenderText {#text} at (0,0) size 67x18
            text run at (0,0) width 67: "Helvetica"
          RenderBR {BR} at (67,0) size 0x18
          RenderText {#text} at (0,19) size 764x37
            text run at (0,19) width 764: "  ! \" # $ % & ' ( ) * + , - . / 0 1 2 3 4 5 6 7 8 9 : ; < = > ? @ A B C D E F G H I J K L M N O P Q R S T U V W X"
            text run at (0,38) width 447: "Y Z [ \\ ] ^ _ ` a b c d e f g h i j k l m n o p q r s t u v w x y z { | } >"
          RenderBR {BR} at (446,38) size 1x18
          RenderInline {B} at (0,0) size 763x37
            RenderText {#text} at (0,57) size 763x37
              text run at (0,57) width 763: "  ! \" # $ % & ' ( ) * + , - . / 0 1 2 3 4 5 6 7 8 9 : ; < = > ? @ A B C D E F G H I J K L M N O P Q R S T U V W"
              text run at (0,76) width 487: "X Y Z [ \\ ] ^ _ ` a b c d e f g h i j k l m n o p q r s t u v w x y z { | } >"
          RenderBR {BR} at (486,76) size 1x18
          RenderInline {I} at (0,0) size 765x37
            RenderText {#text} at (0,95) size 765x37
              text run at (0,95) width 765: "  ! \" # $ % & ' ( ) * + , - . / 0 1 2 3 4 5 6 7 8 9 : ; < = > ? @ A B C D E F G H I J K L M N O P Q R S T U V W X"
              text run at (0,114) width 447: "Y Z [ \\ ] ^ _ ` a b c d e f g h i j k l m n o p q r s t u v w x y z { | } >"
          RenderText {#text} at (0,0) size 0x0
        RenderText {#text} at (0,0) size 0x0
      RenderBlock {P} at (0,183) size 769x126
        RenderInline {FONT} at (0,0) size 769x125
          RenderText {#text} at (0,0) size 95x17
            text run at (0,0) width 95: "Lucida Grande"
          RenderBR {BR} at (95,0) size 0x17
          RenderText {#text} at (0,18) size 762x35
            text run at (0,18) width 762: "  ! \" # $ % & ' ( ) * + , - . / 0 1 2 3 4 5 6 7 8 9 : ; < = > ? @ A B C D E F G H I J K L M N O P Q R S T U V W X Y Z ["
            text run at (0,36) width 383: "\\ ] ^ _ ` a b c d e f g h i j k l m n o p q r s t u v w x y z { | } >"
          RenderBR {BR} at (382,36) size 1x17
          RenderInline {B} at (0,0) size 759x35
            RenderText {#text} at (0,54) size 759x35
              text run at (0,54) width 759: "  ! \" # $ % & ' ( ) * + , - . / 0 1 2 3 4 5 6 7 8 9 : ; < = > ? @ A B C D E F G H I J K L M N O P Q R S T U V W X Y"
              text run at (0,72) width 419: "Z [ \\ ] ^ _ ` a b c d e f g h i j k l m n o p q r s t u v w x y z { | } >"
          RenderBR {BR} at (418,72) size 1x17
          RenderInline {I} at (0,0) size 769x35
            RenderText {#text} at (0,90) size 769x35
              text run at (0,90) width 769: "  ! \" # $ % & ' ( ) * + , - . / 0 1 2 3 4 5 6 7 8 9 : ; < = > ? @ A B C D E F G H I J K L M N O P Q R S T U V W X Y Z [ \\"
              text run at (0,108) width 368: "] ^ _ ` a b c d e f g h i j k l m n o p q r s t u v w x y z { | } >"
          RenderText {#text} at (0,0) size 0x0
        RenderText {#text} at (0,0) size 0x0
      RenderBlock {P} at (0,325) size 769x133
        RenderInline {FONT} at (0,0) size 765x132
          RenderText {#text} at (0,0) size 33x18
            text run at (0,0) width 33: "Arial"
          RenderBR {BR} at (33,0) size 0x18
          RenderText {#text} at (0,19) size 764x37
            text run at (0,19) width 764: "  ! \" # $ % & ' ( ) * + , - . / 0 1 2 3 4 5 6 7 8 9 : ; < = > ? @ A B C D E F G H I J K L M N O P Q R S T U V W X"
            text run at (0,38) width 447: "Y Z [ \\ ] ^ _ ` a b c d e f g h i j k l m n o p q r s t u v w x y z { | } >"
          RenderBR {BR} at (446,38) size 1x18
          RenderInline {B} at (0,0) size 763x37
            RenderText {#text} at (0,57) size 763x37
              text run at (0,57) width 763: "  ! \" # $ % & ' ( ) * + , - . / 0 1 2 3 4 5 6 7 8 9 : ; < = > ? @ A B C D E F G H I J K L M N O P Q R S T U V W"
              text run at (0,76) width 487: "X Y Z [ \\ ] ^ _ ` a b c d e f g h i j k l m n o p q r s t u v w x y z { | } >"
          RenderBR {BR} at (486,76) size 1x18
          RenderInline {I} at (0,0) size 765x37
            RenderText {#text} at (0,95) size 765x37
              text run at (0,95) width 765: "  ! \" # $ % & ' ( ) * + , - . / 0 1 2 3 4 5 6 7 8 9 : ; < = > ? @ A B C D E F G H I J K L M N O P Q R S T U V W X"
              text run at (0,114) width 447: "Y Z [ \\ ] ^ _ ` a b c d e f g h i j k l m n o p q r s t u v w x y z { | } >"
          RenderText {#text} at (0,0) size 0x0
          RenderInline {FONT} at (0,0) size 0x18
            RenderText {#text} at (0,0) size 0x0
      RenderBlock {P} at (0,474) size 769x1805
        RenderInline {FONT} at (0,0) size 69x1804
          RenderInline {FONT} at (0,0) size 69x1804
            RenderText {#text} at (0,0) size 0x0
            RenderInline {FONT} at (0,0) size 69x1804
              RenderText {#text} at (0,0) size 69x18
                text run at (0,0) width 69: "sans-serif"
              RenderBR {BR} at (69,0) size 0x18
              RenderText {#text} at (0,19) size 18x18
                text run at (0,19) width 18: "    "
              RenderBR {BR} at (17,19) size 1x18
              RenderText {#text} at (0,38) size 16x18
                text run at (0,38) width 16: "!!!!"
              RenderBR {BR} at (16,38) size 0x18
              RenderText {#text} at (0,57) size 24x18
                text run at (0,57) width 24: "\"\"\"\""
              RenderBR {BR} at (24,57) size 0x18
              RenderText {#text} at (0,76) size 36x18
                text run at (0,76) width 36: "####"
              RenderBR {BR} at (36,76) size 0x18
              RenderText {#text} at (0,95) size 36x18
                text run at (0,95) width 36: "$$$$"
              RenderBR {BR} at (36,95) size 0x18
              RenderText {#text} at (0,114) size 56x18
                text run at (0,114) width 56: "%%%%"
              RenderBR {BR} at (56,114) size 0x18
              RenderText {#text} at (0,133) size 44x18
                text run at (0,133) width 44: "&&&&"
              RenderBR {BR} at (44,133) size 0x18
              RenderText {#text} at (0,152) size 12x18
                text run at (0,152) width 12: "''''"
              RenderBR {BR} at (12,152) size 0x18
              RenderText {#text} at (0,171) size 20x18
                text run at (0,171) width 20: "(((("
              RenderBR {BR} at (20,171) size 0x18
              RenderText {#text} at (0,190) size 20x18
                text run at (0,190) width 20: "))))"
              RenderBR {BR} at (20,190) size 0x18
              RenderText {#text} at (0,209) size 24x18
                text run at (0,209) width 24: "****"
              RenderBR {BR} at (24,209) size 0x18
              RenderText {#text} at (0,228) size 36x18
                text run at (0,228) width 36: "++++"
              RenderBR {BR} at (36,228) size 0x18
              RenderText {#text} at (0,247) size 16x18
                text run at (0,247) width 16: ",,,,"
              RenderBR {BR} at (16,247) size 0x18
              RenderText {#text} at (0,266) size 22x18
                text run at (0,266) width 22: "----"
              RenderBR {BR} at (21,266) size 1x18
              RenderText {#text} at (0,285) size 16x18
                text run at (0,285) width 16: "...."
              RenderBR {BR} at (16,285) size 0x18
              RenderText {#text} at (0,304) size 16x18
                text run at (0,304) width 16: "////"
              RenderBR {BR} at (16,304) size 0x18
              RenderText {#text} at (0,323) size 36x18
                text run at (0,323) width 36: "0000"
              RenderBR {BR} at (36,323) size 0x18
              RenderText {#text} at (0,342) size 33x18
                text run at (0,342) width 33: "1111"
              RenderBR {BR} at (33,342) size 0x18
              RenderText {#text} at (0,361) size 36x18
                text run at (0,361) width 36: "2222"
              RenderBR {BR} at (36,361) size 0x18
              RenderText {#text} at (0,380) size 36x18
                text run at (0,380) width 36: "3333"
              RenderBR {BR} at (36,380) size 0x18
              RenderText {#text} at (0,399) size 36x18
                text run at (0,399) width 36: "4444"
              RenderBR {BR} at (36,399) size 0x18
              RenderText {#text} at (0,418) size 36x18
                text run at (0,418) width 36: "5555"
              RenderBR {BR} at (36,418) size 0x18
              RenderText {#text} at (0,437) size 36x18
                text run at (0,437) width 36: "6666"
              RenderBR {BR} at (36,437) size 0x18
              RenderText {#text} at (0,456) size 36x18
                text run at (0,456) width 36: "7777"
              RenderBR {BR} at (36,456) size 0x18
              RenderText {#text} at (0,475) size 36x18
                text run at (0,475) width 36: "8888"
              RenderBR {BR} at (36,475) size 0x18
              RenderText {#text} at (0,494) size 36x18
                text run at (0,494) width 36: "9999"
              RenderBR {BR} at (36,494) size 0x18
              RenderText {#text} at (0,513) size 16x18
                text run at (0,513) width 16: "::::"
              RenderBR {BR} at (16,513) size 0x18
              RenderText {#text} at (0,532) size 16x18
                text run at (0,532) width 16: ";;;;"
              RenderBR {BR} at (16,532) size 0x18
              RenderText {#text} at (0,551) size 36x18
                text run at (0,551) width 36: "<<<<"
              RenderBR {BR} at (36,551) size 0x18
              RenderText {#text} at (0,570) size 36x18
                text run at (0,570) width 36: "===="
              RenderBR {BR} at (36,570) size 0x18
              RenderText {#text} at (0,589) size 36x18
                text run at (0,589) width 36: ">>>>"
              RenderBR {BR} at (36,589) size 0x18
              RenderText {#text} at (0,608) size 36x18
                text run at (0,608) width 36: "????"
              RenderBR {BR} at (36,608) size 0x18
              RenderText {#text} at (0,627) size 64x18
                text run at (0,627) width 64: "@@@@"
              RenderBR {BR} at (64,627) size 0x18
              RenderText {#text} at (0,646) size 44x18
                text run at (0,646) width 44: "AAAA"
              RenderBR {BR} at (44,646) size 0x18
              RenderText {#text} at (0,665) size 44x18
                text run at (0,665) width 44: "BBBB"
              RenderBR {BR} at (44,665) size 0x18
              RenderText {#text} at (0,684) size 48x18
                text run at (0,684) width 48: "CCCC"
              RenderBR {BR} at (48,684) size 0x18
              RenderText {#text} at (0,703) size 48x18
                text run at (0,703) width 48: "DDDD"
              RenderBR {BR} at (48,703) size 0x18
              RenderText {#text} at (0,722) size 44x18
                text run at (0,722) width 44: "EEEE"
              RenderBR {BR} at (44,722) size 0x18
              RenderText {#text} at (0,741) size 40x18
                text run at (0,741) width 40: "FFFF"
              RenderBR {BR} at (40,741) size 0x18
              RenderText {#text} at (0,760) size 48x18
                text run at (0,760) width 48: "GGGG"
              RenderBR {BR} at (48,760) size 0x18
              RenderText {#text} at (0,779) size 48x18
                text run at (0,779) width 48: "HHHH"
              RenderBR {BR} at (48,779) size 0x18
              RenderText {#text} at (0,798) size 16x18
                text run at (0,798) width 16: "IIII"
              RenderBR {BR} at (16,798) size 0x18
              RenderText {#text} at (0,817) size 32x18
                text run at (0,817) width 32: "JJJJ"
              RenderBR {BR} at (32,817) size 0x18
              RenderText {#text} at (0,836) size 44x18
                text run at (0,836) width 44: "KKKK"
              RenderBR {BR} at (44,836) size 0x18
              RenderText {#text} at (0,855) size 36x18
                text run at (0,855) width 36: "LLLL"
              RenderBR {BR} at (36,855) size 0x18
              RenderText {#text} at (0,874) size 52x18
                text run at (0,874) width 52: "MMMM"
              RenderBR {BR} at (52,874) size 0x18
              RenderText {#text} at (0,893) size 48x18
                text run at (0,893) width 48: "NNNN"
              RenderBR {BR} at (48,893) size 0x18
              RenderText {#text} at (0,912) size 48x18
                text run at (0,912) width 48: "OOOO"
              RenderBR {BR} at (48,912) size 0x18
              RenderText {#text} at (0,931) size 44x18
                text run at (0,931) width 44: "PPPP"
              RenderBR {BR} at (44,931) size 0x18
              RenderText {#text} at (0,950) size 48x18
                text run at (0,950) width 48: "QQQQ"
              RenderBR {BR} at (48,950) size 0x18
              RenderText {#text} at (0,969) size 48x18
                text run at (0,969) width 48: "RRRR"
              RenderBR {BR} at (48,969) size 0x18
              RenderText {#text} at (0,988) size 44x18
                text run at (0,988) width 44: "SSSS"
              RenderBR {BR} at (44,988) size 0x18
              RenderText {#text} at (0,1007) size 40x18
                text run at (0,1007) width 40: "TTTT"
              RenderBR {BR} at (40,1007) size 0x18
              RenderText {#text} at (0,1026) size 48x18
                text run at (0,1026) width 48: "UUUU"
              RenderBR {BR} at (48,1026) size 0x18
              RenderText {#text} at (0,1045) size 44x18
                text run at (0,1045) width 44: "VVVV"
              RenderBR {BR} at (44,1045) size 0x18
              RenderText {#text} at (0,1064) size 60x18
                text run at (0,1064) width 60: "WWWW"
              RenderBR {BR} at (60,1064) size 0x18
              RenderText {#text} at (0,1083) size 44x18
                text run at (0,1083) width 44: "XXXX"
              RenderBR {BR} at (44,1083) size 0x18
              RenderText {#text} at (0,1102) size 44x18
                text run at (0,1102) width 44: "YYYY"
              RenderBR {BR} at (44,1102) size 0x18
              RenderText {#text} at (0,1121) size 40x18
                text run at (0,1121) width 40: "ZZZZ"
              RenderBR {BR} at (40,1121) size 0x18
              RenderText {#text} at (0,1140) size 16x18
                text run at (0,1140) width 16: "[[[["
              RenderBR {BR} at (16,1140) size 0x18
              RenderText {#text} at (0,1159) size 16x18
                text run at (0,1159) width 16: "\\\\\\\\"
              RenderBR {BR} at (16,1159) size 0x18
              RenderText {#text} at (0,1178) size 16x18
                text run at (0,1178) width 16: "]]]]"
              RenderBR {BR} at (16,1178) size 0x18
              RenderText {#text} at (0,1197) size 32x18
                text run at (0,1197) width 32: "^^^^"
              RenderBR {BR} at (32,1197) size 0x18
              RenderText {#text} at (0,1216) size 36x18
                text run at (0,1216) width 36: "____"
              RenderBR {BR} at (36,1216) size 0x18
              RenderText {#text} at (0,1235) size 20x18
                text run at (0,1235) width 20: "````"
              RenderBR {BR} at (20,1235) size 0x18
              RenderText {#text} at (0,1254) size 36x18
                text run at (0,1254) width 36: "aaaa"
              RenderBR {BR} at (36,1254) size 0x18
              RenderText {#text} at (0,1273) size 36x18
                text run at (0,1273) width 36: "bbbb"
              RenderBR {BR} at (36,1273) size 0x18
              RenderText {#text} at (0,1292) size 32x18
                text run at (0,1292) width 32: "cccc"
              RenderBR {BR} at (32,1292) size 0x18
              RenderText {#text} at (0,1311) size 36x18
                text run at (0,1311) width 36: "dddd"
              RenderBR {BR} at (36,1311) size 0x18
              RenderText {#text} at (0,1330) size 36x18
                text run at (0,1330) width 36: "eeee"
              RenderBR {BR} at (36,1330) size 0x18
              RenderText {#text} at (0,1349) size 16x18
                text run at (0,1349) width 16: "ffff"
              RenderBR {BR} at (16,1349) size 0x18
              RenderText {#text} at (0,1368) size 36x18
                text run at (0,1368) width 36: "gggg"
              RenderBR {BR} at (36,1368) size 0x18
              RenderText {#text} at (0,1387) size 36x18
                text run at (0,1387) width 36: "hhhh"
              RenderBR {BR} at (36,1387) size 0x18
              RenderText {#text} at (0,1406) size 16x18
                text run at (0,1406) width 16: "iiii"
              RenderBR {BR} at (16,1406) size 0x18
              RenderText {#text} at (0,1425) size 16x18
                text run at (0,1425) width 16: "jjjj"
              RenderBR {BR} at (16,1425) size 0x18
              RenderText {#text} at (0,1444) size 32x18
                text run at (0,1444) width 32: "kkkk"
              RenderBR {BR} at (32,1444) size 0x18
              RenderText {#text} at (0,1463) size 16x18
                text run at (0,1463) width 16: "llll"
              RenderBR {BR} at (16,1463) size 0x18
              RenderText {#text} at (0,1482) size 52x18
                text run at (0,1482) width 52: "mmmm"
              RenderBR {BR} at (52,1482) size 0x18
              RenderText {#text} at (0,1501) size 36x18
                text run at (0,1501) width 36: "nnnn"
              RenderBR {BR} at (36,1501) size 0x18
              RenderText {#text} at (0,1520) size 36x18
                text run at (0,1520) width 36: "oooo"
              RenderBR {BR} at (36,1520) size 0x18
              RenderText {#text} at (0,1539) size 36x18
                text run at (0,1539) width 36: "pppp"
              RenderBR {BR} at (36,1539) size 0x18
              RenderText {#text} at (0,1558) size 36x18
                text run at (0,1558) width 36: "qqqq"
              RenderBR {BR} at (36,1558) size 0x18
              RenderText {#text} at (0,1577) size 20x18
                text run at (0,1577) width 20: "rrrr"
              RenderBR {BR} at (20,1577) size 0x18
              RenderText {#text} at (0,1596) size 32x18
                text run at (0,1596) width 32: "ssss"
              RenderBR {BR} at (32,1596) size 0x18
              RenderText {#text} at (0,1615) size 16x18
                text run at (0,1615) width 16: "tttt"
              RenderBR {BR} at (16,1615) size 0x18
              RenderText {#text} at (0,1634) size 36x18
                text run at (0,1634) width 36: "uuuu"
              RenderBR {BR} at (36,1634) size 0x18
              RenderText {#text} at (0,1653) size 32x18
                text run at (0,1653) width 32: "vvvv"
              RenderBR {BR} at (32,1653) size 0x18
              RenderText {#text} at (0,1672) size 48x18
                text run at (0,1672) width 48: "wwww"
              RenderBR {BR} at (48,1672) size 0x18
              RenderText {#text} at (0,1691) size 32x18
                text run at (0,1691) width 32: "xxxx"
              RenderBR {BR} at (32,1691) size 0x18
              RenderText {#text} at (0,1710) size 32x18
                text run at (0,1710) width 32: "yyyy"
              RenderBR {BR} at (32,1710) size 0x18
              RenderText {#text} at (0,1729) size 32x18
                text run at (0,1729) width 32: "zzzz"
              RenderBR {BR} at (32,1729) size 0x18
              RenderText {#text} at (0,1748) size 20x18
                text run at (0,1748) width 20: "{{{{"
              RenderBR {BR} at (20,1748) size 0x18
              RenderText {#text} at (0,1767) size 16x18
                text run at (0,1767) width 16: "||||"
              RenderBR {BR} at (16,1767) size 0x18
              RenderText {#text} at (0,1786) size 20x18
                text run at (0,1786) width 20: "}}}}"
              RenderBR {BR} at (20,1786) size 0x18
      RenderBlock {P} at (0,2295) size 769x1786
        RenderInline {FONT} at (0,0) size 64x1785
          RenderInline {FONT} at (0,0) size 64x1785
            RenderInline {FONT} at (0,0) size 64x1785
              RenderText {#text} at (0,0) size 0x0
              RenderInline {B} at (0,0) size 64x1785
                RenderText {#text} at (0,0) size 18x18
                  text run at (0,0) width 18: "    "
                RenderBR {BR} at (17,0) size 1x18
                RenderText {#text} at (0,19) size 20x18
                  text run at (0,19) width 20: "!!!!"
                RenderBR {BR} at (20,19) size 0x18
                RenderText {#text} at (0,38) size 32x18
                  text run at (0,38) width 32: "\"\"\"\""
                RenderBR {BR} at (32,38) size 0x18
                RenderText {#text} at (0,57) size 36x18
                  text run at (0,57) width 36: "####"
                RenderBR {BR} at (36,57) size 0x18
                RenderText {#text} at (0,76) size 36x18
                  text run at (0,76) width 36: "$$$$"
                RenderBR {BR} at (36,76) size 0x18
                RenderText {#text} at (0,95) size 56x18
                  text run at (0,95) width 56: "%%%%"
                RenderBR {BR} at (56,95) size 0x18
                RenderText {#text} at (0,114) size 48x18
                  text run at (0,114) width 48: "&&&&"
                RenderBR {BR} at (48,114) size 0x18
                RenderText {#text} at (0,133) size 16x18
                  text run at (0,133) width 16: "''''"
                RenderBR {BR} at (16,133) size 0x18
                RenderText {#text} at (0,152) size 20x18
                  text run at (0,152) width 20: "(((("
                RenderBR {BR} at (20,152) size 0x18
                RenderText {#text} at (0,171) size 20x18
                  text run at (0,171) width 20: "))))"
                RenderBR {BR} at (20,171) size 0x18
                RenderText {#text} at (0,190) size 24x18
                  text run at (0,190) width 24: "****"
                RenderBR {BR} at (24,190) size 0x18
                RenderText {#text} at (0,209) size 36x18
                  text run at (0,209) width 36: "++++"
                RenderBR {BR} at (36,209) size 0x18
                RenderText {#text} at (0,228) size 16x18
                  text run at (0,228) width 16: ",,,,"
                RenderBR {BR} at (16,228) size 0x18
                RenderText {#text} at (0,247) size 22x18
                  text run at (0,247) width 22: "----"
                RenderBR {BR} at (21,247) size 1x18
                RenderText {#text} at (0,266) size 16x18
                  text run at (0,266) width 16: "...."
                RenderBR {BR} at (16,266) size 0x18
                RenderText {#text} at (0,285) size 16x18
                  text run at (0,285) width 16: "////"
                RenderBR {BR} at (16,285) size 0x18
                RenderText {#text} at (0,304) size 36x18
                  text run at (0,304) width 36: "0000"
                RenderBR {BR} at (36,304) size 0x18
                RenderText {#text} at (0,323) size 33x18
                  text run at (0,323) width 33: "1111"
                RenderBR {BR} at (33,323) size 0x18
                RenderText {#text} at (0,342) size 36x18
                  text run at (0,342) width 36: "2222"
                RenderBR {BR} at (36,342) size 0x18
                RenderText {#text} at (0,361) size 36x18
                  text run at (0,361) width 36: "3333"
                RenderBR {BR} at (36,361) size 0x18
                RenderText {#text} at (0,380) size 36x18
                  text run at (0,380) width 36: "4444"
                RenderBR {BR} at (36,380) size 0x18
                RenderText {#text} at (0,399) size 36x18
                  text run at (0,399) width 36: "5555"
                RenderBR {BR} at (36,399) size 0x18
                RenderText {#text} at (0,418) size 36x18
                  text run at (0,418) width 36: "6666"
                RenderBR {BR} at (36,418) size 0x18
                RenderText {#text} at (0,437) size 36x18
                  text run at (0,437) width 36: "7777"
                RenderBR {BR} at (36,437) size 0x18
                RenderText {#text} at (0,456) size 36x18
                  text run at (0,456) width 36: "8888"
                RenderBR {BR} at (36,456) size 0x18
                RenderText {#text} at (0,475) size 36x18
                  text run at (0,475) width 36: "9999"
                RenderBR {BR} at (36,475) size 0x18
                RenderText {#text} at (0,494) size 20x18
                  text run at (0,494) width 20: "::::"
                RenderBR {BR} at (20,494) size 0x18
                RenderText {#text} at (0,513) size 20x18
                  text run at (0,513) width 20: ";;;;"
                RenderBR {BR} at (20,513) size 0x18
                RenderText {#text} at (0,532) size 36x18
                  text run at (0,532) width 36: "<<<<"
                RenderBR {BR} at (36,532) size 0x18
                RenderText {#text} at (0,551) size 36x18
                  text run at (0,551) width 36: "===="
                RenderBR {BR} at (36,551) size 0x18
                RenderText {#text} at (0,570) size 36x18
                  text run at (0,570) width 36: ">>>>"
                RenderBR {BR} at (36,570) size 0x18
                RenderText {#text} at (0,589) size 40x18
                  text run at (0,589) width 40: "????"
                RenderBR {BR} at (40,589) size 0x18
                RenderText {#text} at (0,608) size 64x18
                  text run at (0,608) width 64: "@@@@"
                RenderBR {BR} at (64,608) size 0x18
                RenderText {#text} at (0,627) size 48x18
                  text run at (0,627) width 48: "AAAA"
                RenderBR {BR} at (48,627) size 0x18
                RenderText {#text} at (0,646) size 48x18
                  text run at (0,646) width 48: "BBBB"
                RenderBR {BR} at (48,646) size 0x18
                RenderText {#text} at (0,665) size 48x18
                  text run at (0,665) width 48: "CCCC"
                RenderBR {BR} at (48,665) size 0x18
                RenderText {#text} at (0,684) size 48x18
                  text run at (0,684) width 48: "DDDD"
                RenderBR {BR} at (48,684) size 0x18
                RenderText {#text} at (0,703) size 44x18
                  text run at (0,703) width 44: "EEEE"
                RenderBR {BR} at (44,703) size 0x18
                RenderText {#text} at (0,722) size 40x18
                  text run at (0,722) width 40: "FFFF"
                RenderBR {BR} at (40,722) size 0x18
                RenderText {#text} at (0,741) size 48x18
                  text run at (0,741) width 48: "GGGG"
                RenderBR {BR} at (48,741) size 0x18
                RenderText {#text} at (0,760) size 48x18
                  text run at (0,760) width 48: "HHHH"
                RenderBR {BR} at (48,760) size 0x18
                RenderText {#text} at (0,779) size 16x18
                  text run at (0,779) width 16: "IIII"
                RenderBR {BR} at (16,779) size 0x18
                RenderText {#text} at (0,798) size 36x18
                  text run at (0,798) width 36: "JJJJ"
                RenderBR {BR} at (36,798) size 0x18
                RenderText {#text} at (0,817) size 48x18
                  text run at (0,817) width 48: "KKKK"
                RenderBR {BR} at (48,817) size 0x18
                RenderText {#text} at (0,836) size 40x18
                  text run at (0,836) width 40: "LLLL"
                RenderBR {BR} at (40,836) size 0x18
                RenderText {#text} at (0,855) size 52x18
                  text run at (0,855) width 52: "MMMM"
                RenderBR {BR} at (52,855) size 0x18
                RenderText {#text} at (0,874) size 48x18
                  text run at (0,874) width 48: "NNNN"
                RenderBR {BR} at (48,874) size 0x18
                RenderText {#text} at (0,893) size 48x18
                  text run at (0,893) width 48: "OOOO"
                RenderBR {BR} at (48,893) size 0x18
                RenderText {#text} at (0,912) size 44x18
                  text run at (0,912) width 44: "PPPP"
                RenderBR {BR} at (44,912) size 0x18
                RenderText {#text} at (0,931) size 48x18
                  text run at (0,931) width 48: "QQQQ"
                RenderBR {BR} at (48,931) size 0x18
                RenderText {#text} at (0,950) size 48x18
                  text run at (0,950) width 48: "RRRR"
                RenderBR {BR} at (48,950) size 0x18
                RenderText {#text} at (0,969) size 44x18
                  text run at (0,969) width 44: "SSSS"
                RenderBR {BR} at (44,969) size 0x18
                RenderText {#text} at (0,988) size 40x18
                  text run at (0,988) width 40: "TTTT"
                RenderBR {BR} at (40,988) size 0x18
                RenderText {#text} at (0,1007) size 48x18
                  text run at (0,1007) width 48: "UUUU"
                RenderBR {BR} at (48,1007) size 0x18
                RenderText {#text} at (0,1026) size 44x18
                  text run at (0,1026) width 44: "VVVV"
                RenderBR {BR} at (44,1026) size 0x18
                RenderText {#text} at (0,1045) size 60x18
                  text run at (0,1045) width 60: "WWWW"
                RenderBR {BR} at (60,1045) size 0x18
                RenderText {#text} at (0,1064) size 44x18
                  text run at (0,1064) width 44: "XXXX"
                RenderBR {BR} at (44,1064) size 0x18
                RenderText {#text} at (0,1083) size 44x18
                  text run at (0,1083) width 44: "YYYY"
                RenderBR {BR} at (44,1083) size 0x18
                RenderText {#text} at (0,1102) size 40x18
                  text run at (0,1102) width 40: "ZZZZ"
                RenderBR {BR} at (40,1102) size 0x18
                RenderText {#text} at (0,1121) size 20x18
                  text run at (0,1121) width 20: "[[[["
                RenderBR {BR} at (20,1121) size 0x18
                RenderText {#text} at (0,1140) size 16x18
                  text run at (0,1140) width 16: "\\\\\\\\"
                RenderBR {BR} at (16,1140) size 0x18
                RenderText {#text} at (0,1159) size 20x18
                  text run at (0,1159) width 20: "]]]]"
                RenderBR {BR} at (20,1159) size 0x18
                RenderText {#text} at (0,1178) size 36x18
                  text run at (0,1178) width 36: "^^^^"
                RenderBR {BR} at (36,1178) size 0x18
                RenderText {#text} at (0,1197) size 36x18
                  text run at (0,1197) width 36: "____"
                RenderBR {BR} at (36,1197) size 0x18
                RenderText {#text} at (0,1216) size 20x18
                  text run at (0,1216) width 20: "````"
                RenderBR {BR} at (20,1216) size 0x18
                RenderText {#text} at (0,1235) size 36x18
                  text run at (0,1235) width 36: "aaaa"
                RenderBR {BR} at (36,1235) size 0x18
                RenderText {#text} at (0,1254) size 40x18
                  text run at (0,1254) width 40: "bbbb"
                RenderBR {BR} at (40,1254) size 0x18
                RenderText {#text} at (0,1273) size 36x18
                  text run at (0,1273) width 36: "cccc"
                RenderBR {BR} at (36,1273) size 0x18
                RenderText {#text} at (0,1292) size 40x18
                  text run at (0,1292) width 40: "dddd"
                RenderBR {BR} at (40,1292) size 0x18
                RenderText {#text} at (0,1311) size 36x18
                  text run at (0,1311) width 36: "eeee"
                RenderBR {BR} at (36,1311) size 0x18
                RenderText {#text} at (0,1330) size 20x18
                  text run at (0,1330) width 20: "ffff"
                RenderBR {BR} at (20,1330) size 0x18
                RenderText {#text} at (0,1349) size 40x18
                  text run at (0,1349) width 40: "gggg"
                RenderBR {BR} at (40,1349) size 0x18
                RenderText {#text} at (0,1368) size 40x18
                  text run at (0,1368) width 40: "hhhh"
                RenderBR {BR} at (40,1368) size 0x18
                RenderText {#text} at (0,1387) size 16x18
                  text run at (0,1387) width 16: "iiii"
                RenderBR {BR} at (16,1387) size 0x18
                RenderText {#text} at (0,1406) size 16x18
                  text run at (0,1406) width 16: "jjjj"
                RenderBR {BR} at (16,1406) size 0x18
                RenderText {#text} at (0,1425) size 36x18
                  text run at (0,1425) width 36: "kkkk"
                RenderBR {BR} at (36,1425) size 0x18
                RenderText {#text} at (0,1444) size 16x18
                  text run at (0,1444) width 16: "llll"
                RenderBR {BR} at (16,1444) size 0x18
                RenderText {#text} at (0,1463) size 56x18
                  text run at (0,1463) width 56: "mmmm"
                RenderBR {BR} at (56,1463) size 0x18
                RenderText {#text} at (0,1482) size 40x18
                  text run at (0,1482) width 40: "nnnn"
                RenderBR {BR} at (40,1482) size 0x18
                RenderText {#text} at (0,1501) size 40x18
                  text run at (0,1501) width 40: "oooo"
                RenderBR {BR} at (40,1501) size 0x18
                RenderText {#text} at (0,1520) size 40x18
                  text run at (0,1520) width 40: "pppp"
                RenderBR {BR} at (40,1520) size 0x18
                RenderText {#text} at (0,1539) size 40x18
                  text run at (0,1539) width 40: "qqqq"
                RenderBR {BR} at (40,1539) size 0x18
                RenderText {#text} at (0,1558) size 24x18
                  text run at (0,1558) width 24: "rrrr"
                RenderBR {BR} at (24,1558) size 0x18
                RenderText {#text} at (0,1577) size 36x18
                  text run at (0,1577) width 36: "ssss"
                RenderBR {BR} at (36,1577) size 0x18
                RenderText {#text} at (0,1596) size 20x18
                  text run at (0,1596) width 20: "tttt"
                RenderBR {BR} at (20,1596) size 0x18
                RenderText {#text} at (0,1615) size 40x18
                  text run at (0,1615) width 40: "uuuu"
                RenderBR {BR} at (40,1615) size 0x18
                RenderText {#text} at (0,1634) size 36x18
                  text run at (0,1634) width 36: "vvvv"
                RenderBR {BR} at (36,1634) size 0x18
                RenderText {#text} at (0,1653) size 48x18
                  text run at (0,1653) width 48: "wwww"
                RenderBR {BR} at (48,1653) size 0x18
                RenderText {#text} at (0,1672) size 36x18
                  text run at (0,1672) width 36: "xxxx"
                RenderBR {BR} at (36,1672) size 0x18
                RenderText {#text} at (0,1691) size 36x18
                  text run at (0,1691) width 36: "yyyy"
                RenderBR {BR} at (36,1691) size 0x18
                RenderText {#text} at (0,1710) size 32x18
                  text run at (0,1710) width 32: "zzzz"
                RenderBR {BR} at (32,1710) size 0x18
                RenderText {#text} at (0,1729) size 24x18
                  text run at (0,1729) width 24: "{{{{"
                RenderBR {BR} at (24,1729) size 0x18
                RenderText {#text} at (0,1748) size 16x18
                  text run at (0,1748) width 16: "||||"
                RenderBR {BR} at (16,1748) size 0x18
                RenderText {#text} at (0,1767) size 24x18
                  text run at (0,1767) width 24: "}}}}"
                RenderBR {BR} at (24,1767) size 0x18
              RenderText {#text} at (0,0) size 0x0
      RenderBlock {P} at (0,4097) size 769x1786
        RenderInline {FONT} at (0,0) size 64x1785
          RenderInline {FONT} at (0,0) size 64x1785
            RenderInline {FONT} at (0,0) size 64x1785
              RenderText {#text} at (0,0) size 0x0
              RenderInline {I} at (0,0) size 64x1785
                RenderText {#text} at (0,0) size 18x18
                  text run at (0,0) width 18: "    "
                RenderBR {BR} at (17,0) size 1x18
                RenderText {#text} at (0,19) size 16x18
                  text run at (0,19) width 16: "!!!!"
                RenderBR {BR} at (16,19) size 0x18
                RenderText {#text} at (0,38) size 24x18
                  text run at (0,38) width 24: "\"\"\"\""
                RenderBR {BR} at (24,38) size 0x18
                RenderText {#text} at (0,57) size 36x18
                  text run at (0,57) width 36: "####"
                RenderBR {BR} at (36,57) size 0x18
                RenderText {#text} at (0,76) size 36x18
                  text run at (0,76) width 36: "$$$$"
                RenderBR {BR} at (36,76) size 0x18
                RenderText {#text} at (0,95) size 56x18
                  text run at (0,95) width 56: "%%%%"
                RenderBR {BR} at (56,95) size 0x18
                RenderText {#text} at (0,114) size 44x18
                  text run at (0,114) width 44: "&&&&"
                RenderBR {BR} at (44,114) size 0x18
                RenderText {#text} at (0,133) size 12x18
                  text run at (0,133) width 12: "''''"
                RenderBR {BR} at (12,133) size 0x18
                RenderText {#text} at (0,152) size 20x18
                  text run at (0,152) width 20: "(((("
                RenderBR {BR} at (20,152) size 0x18
                RenderText {#text} at (0,171) size 20x18
                  text run at (0,171) width 20: "))))"
                RenderBR {BR} at (20,171) size 0x18
                RenderText {#text} at (0,190) size 24x18
                  text run at (0,190) width 24: "****"
                RenderBR {BR} at (24,190) size 0x18
                RenderText {#text} at (0,209) size 36x18
                  text run at (0,209) width 36: "++++"
                RenderBR {BR} at (36,209) size 0x18
                RenderText {#text} at (0,228) size 16x18
                  text run at (0,228) width 16: ",,,,"
                RenderBR {BR} at (16,228) size 0x18
                RenderText {#text} at (0,247) size 22x18
                  text run at (0,247) width 22: "----"
                RenderBR {BR} at (21,247) size 1x18
                RenderText {#text} at (0,266) size 16x18
                  text run at (0,266) width 16: "...."
                RenderBR {BR} at (16,266) size 0x18
                RenderText {#text} at (0,285) size 16x18
                  text run at (0,285) width 16: "////"
                RenderBR {BR} at (16,285) size 0x18
                RenderText {#text} at (0,304) size 36x18
                  text run at (0,304) width 36: "0000"
                RenderBR {BR} at (36,304) size 0x18
                RenderText {#text} at (0,323) size 33x18
                  text run at (0,323) width 33: "1111"
                RenderBR {BR} at (33,323) size 0x18
                RenderText {#text} at (0,342) size 36x18
                  text run at (0,342) width 36: "2222"
                RenderBR {BR} at (36,342) size 0x18
                RenderText {#text} at (0,361) size 36x18
                  text run at (0,361) width 36: "3333"
                RenderBR {BR} at (36,361) size 0x18
                RenderText {#text} at (0,380) size 36x18
                  text run at (0,380) width 36: "4444"
                RenderBR {BR} at (36,380) size 0x18
                RenderText {#text} at (0,399) size 36x18
                  text run at (0,399) width 36: "5555"
                RenderBR {BR} at (36,399) size 0x18
                RenderText {#text} at (0,418) size 36x18
                  text run at (0,418) width 36: "6666"
                RenderBR {BR} at (36,418) size 0x18
                RenderText {#text} at (0,437) size 36x18
                  text run at (0,437) width 36: "7777"
                RenderBR {BR} at (36,437) size 0x18
                RenderText {#text} at (0,456) size 36x18
                  text run at (0,456) width 36: "8888"
                RenderBR {BR} at (36,456) size 0x18
                RenderText {#text} at (0,475) size 36x18
                  text run at (0,475) width 36: "9999"
                RenderBR {BR} at (36,475) size 0x18
                RenderText {#text} at (0,494) size 16x18
                  text run at (0,494) width 16: "::::"
                RenderBR {BR} at (16,494) size 0x18
                RenderText {#text} at (0,513) size 16x18
                  text run at (0,513) width 16: ";;;;"
                RenderBR {BR} at (16,513) size 0x18
                RenderText {#text} at (0,532) size 36x18
                  text run at (0,532) width 36: "<<<<"
                RenderBR {BR} at (36,532) size 0x18
                RenderText {#text} at (0,551) size 36x18
                  text run at (0,551) width 36: "===="
                RenderBR {BR} at (36,551) size 0x18
                RenderText {#text} at (0,570) size 36x18
                  text run at (0,570) width 36: ">>>>"
                RenderBR {BR} at (36,570) size 0x18
                RenderText {#text} at (0,589) size 36x18
                  text run at (0,589) width 36: "????"
                RenderBR {BR} at (36,589) size 0x18
                RenderText {#text} at (0,608) size 64x18
                  text run at (0,608) width 64: "@@@@"
                RenderBR {BR} at (64,608) size 0x18
                RenderText {#text} at (0,627) size 44x18
                  text run at (0,627) width 44: "AAAA"
                RenderBR {BR} at (44,627) size 0x18
                RenderText {#text} at (0,646) size 44x18
                  text run at (0,646) width 44: "BBBB"
                RenderBR {BR} at (44,646) size 0x18
                RenderText {#text} at (0,665) size 48x18
                  text run at (0,665) width 48: "CCCC"
                RenderBR {BR} at (48,665) size 0x18
                RenderText {#text} at (0,684) size 48x18
                  text run at (0,684) width 48: "DDDD"
                RenderBR {BR} at (48,684) size 0x18
                RenderText {#text} at (0,703) size 44x18
                  text run at (0,703) width 44: "EEEE"
                RenderBR {BR} at (44,703) size 0x18
                RenderText {#text} at (0,722) size 40x18
                  text run at (0,722) width 40: "FFFF"
                RenderBR {BR} at (40,722) size 0x18
                RenderText {#text} at (0,741) size 48x18
                  text run at (0,741) width 48: "GGGG"
                RenderBR {BR} at (48,741) size 0x18
                RenderText {#text} at (0,760) size 48x18
                  text run at (0,760) width 48: "HHHH"
                RenderBR {BR} at (48,760) size 0x18
                RenderText {#text} at (0,779) size 16x18
                  text run at (0,779) width 16: "IIII"
                RenderBR {BR} at (16,779) size 0x18
                RenderText {#text} at (0,798) size 32x18
                  text run at (0,798) width 32: "JJJJ"
                RenderBR {BR} at (32,798) size 0x18
                RenderText {#text} at (0,817) size 44x18
                  text run at (0,817) width 44: "KKKK"
                RenderBR {BR} at (44,817) size 0x18
                RenderText {#text} at (0,836) size 36x18
                  text run at (0,836) width 36: "LLLL"
                RenderBR {BR} at (36,836) size 0x18
                RenderText {#text} at (0,855) size 52x18
                  text run at (0,855) width 52: "MMMM"
                RenderBR {BR} at (52,855) size 0x18
                RenderText {#text} at (0,874) size 48x18
                  text run at (0,874) width 48: "NNNN"
                RenderBR {BR} at (48,874) size 0x18
                RenderText {#text} at (0,893) size 48x18
                  text run at (0,893) width 48: "OOOO"
                RenderBR {BR} at (48,893) size 0x18
                RenderText {#text} at (0,912) size 44x18
                  text run at (0,912) width 44: "PPPP"
                RenderBR {BR} at (44,912) size 0x18
                RenderText {#text} at (0,931) size 48x18
                  text run at (0,931) width 48: "QQQQ"
                RenderBR {BR} at (48,931) size 0x18
                RenderText {#text} at (0,950) size 48x18
                  text run at (0,950) width 48: "RRRR"
                RenderBR {BR} at (48,950) size 0x18
                RenderText {#text} at (0,969) size 44x18
                  text run at (0,969) width 44: "SSSS"
                RenderBR {BR} at (44,969) size 0x18
                RenderText {#text} at (0,988) size 40x18
                  text run at (0,988) width 40: "TTTT"
                RenderBR {BR} at (40,988) size 0x18
                RenderText {#text} at (0,1007) size 48x18
                  text run at (0,1007) width 48: "UUUU"
                RenderBR {BR} at (48,1007) size 0x18
                RenderText {#text} at (0,1026) size 44x18
                  text run at (0,1026) width 44: "VVVV"
                RenderBR {BR} at (44,1026) size 0x18
                RenderText {#text} at (0,1045) size 60x18
                  text run at (0,1045) width 60: "WWWW"
                RenderBR {BR} at (60,1045) size 0x18
                RenderText {#text} at (0,1064) size 44x18
                  text run at (0,1064) width 44: "XXXX"
                RenderBR {BR} at (44,1064) size 0x18
                RenderText {#text} at (0,1083) size 44x18
                  text run at (0,1083) width 44: "YYYY"
                RenderBR {BR} at (44,1083) size 0x18
                RenderText {#text} at (0,1102) size 40x18
                  text run at (0,1102) width 40: "ZZZZ"
                RenderBR {BR} at (40,1102) size 0x18
                RenderText {#text} at (0,1121) size 16x18
                  text run at (0,1121) width 16: "[[[["
                RenderBR {BR} at (16,1121) size 0x18
                RenderText {#text} at (0,1140) size 16x18
                  text run at (0,1140) width 16: "\\\\\\\\"
                RenderBR {BR} at (16,1140) size 0x18
                RenderText {#text} at (0,1159) size 16x18
                  text run at (0,1159) width 16: "]]]]"
                RenderBR {BR} at (16,1159) size 0x18
                RenderText {#text} at (0,1178) size 32x18
                  text run at (0,1178) width 32: "^^^^"
                RenderBR {BR} at (32,1178) size 0x18
                RenderText {#text} at (0,1197) size 36x18
                  text run at (0,1197) width 36: "____"
                RenderBR {BR} at (36,1197) size 0x18
                RenderText {#text} at (0,1216) size 20x18
                  text run at (0,1216) width 20: "````"
                RenderBR {BR} at (20,1216) size 0x18
                RenderText {#text} at (0,1235) size 36x18
                  text run at (0,1235) width 36: "aaaa"
                RenderBR {BR} at (36,1235) size 0x18
                RenderText {#text} at (0,1254) size 36x18
                  text run at (0,1254) width 36: "bbbb"
                RenderBR {BR} at (36,1254) size 0x18
                RenderText {#text} at (0,1273) size 32x18
                  text run at (0,1273) width 32: "cccc"
                RenderBR {BR} at (32,1273) size 0x18
                RenderText {#text} at (0,1292) size 36x18
                  text run at (0,1292) width 36: "dddd"
                RenderBR {BR} at (36,1292) size 0x18
                RenderText {#text} at (0,1311) size 36x18
                  text run at (0,1311) width 36: "eeee"
                RenderBR {BR} at (36,1311) size 0x18
                RenderText {#text} at (0,1330) size 16x18
                  text run at (0,1330) width 16: "ffff"
                RenderBR {BR} at (16,1330) size 0x18
                RenderText {#text} at (0,1349) size 36x18
                  text run at (0,1349) width 36: "gggg"
                RenderBR {BR} at (36,1349) size 0x18
                RenderText {#text} at (0,1368) size 36x18
                  text run at (0,1368) width 36: "hhhh"
                RenderBR {BR} at (36,1368) size 0x18
                RenderText {#text} at (0,1387) size 16x18
                  text run at (0,1387) width 16: "iiii"
                RenderBR {BR} at (16,1387) size 0x18
                RenderText {#text} at (0,1406) size 16x18
                  text run at (0,1406) width 16: "jjjj"
                RenderBR {BR} at (16,1406) size 0x18
                RenderText {#text} at (0,1425) size 32x18
                  text run at (0,1425) width 32: "kkkk"
                RenderBR {BR} at (32,1425) size 0x18
                RenderText {#text} at (0,1444) size 16x18
                  text run at (0,1444) width 16: "llll"
                RenderBR {BR} at (16,1444) size 0x18
                RenderText {#text} at (0,1463) size 52x18
                  text run at (0,1463) width 52: "mmmm"
                RenderBR {BR} at (52,1463) size 0x18
                RenderText {#text} at (0,1482) size 36x18
                  text run at (0,1482) width 36: "nnnn"
                RenderBR {BR} at (36,1482) size 0x18
                RenderText {#text} at (0,1501) size 36x18
                  text run at (0,1501) width 36: "oooo"
                RenderBR {BR} at (36,1501) size 0x18
                RenderText {#text} at (0,1520) size 36x18
                  text run at (0,1520) width 36: "pppp"
                RenderBR {BR} at (36,1520) size 0x18
                RenderText {#text} at (0,1539) size 36x18
                  text run at (0,1539) width 36: "qqqq"
                RenderBR {BR} at (36,1539) size 0x18
                RenderText {#text} at (0,1558) size 20x18
                  text run at (0,1558) width 20: "rrrr"
                RenderBR {BR} at (20,1558) size 0x18
                RenderText {#text} at (0,1577) size 32x18
                  text run at (0,1577) width 32: "ssss"
                RenderBR {BR} at (32,1577) size 0x18
                RenderText {#text} at (0,1596) size 16x18
                  text run at (0,1596) width 16: "tttt"
                RenderBR {BR} at (16,1596) size 0x18
                RenderText {#text} at (0,1615) size 36x18
                  text run at (0,1615) width 36: "uuuu"
                RenderBR {BR} at (36,1615) size 0x18
                RenderText {#text} at (0,1634) size 32x18
                  text run at (0,1634) width 32: "vvvv"
                RenderBR {BR} at (32,1634) size 0x18
                RenderText {#text} at (0,1653) size 48x18
                  text run at (0,1653) width 48: "wwww"
                RenderBR {BR} at (48,1653) size 0x18
                RenderText {#text} at (0,1672) size 32x18
                  text run at (0,1672) width 32: "xxxx"
                RenderBR {BR} at (32,1672) size 0x18
                RenderText {#text} at (0,1691) size 32x18
                  text run at (0,1691) width 32: "yyyy"
                RenderBR {BR} at (32,1691) size 0x18
                RenderText {#text} at (0,1710) size 32x18
                  text run at (0,1710) width 32: "zzzz"
                RenderBR {BR} at (32,1710) size 0x18
                RenderText {#text} at (0,1729) size 20x18
                  text run at (0,1729) width 20: "{{{{"
                RenderBR {BR} at (20,1729) size 0x18
                RenderText {#text} at (0,1748) size 16x18
                  text run at (0,1748) width 16: "||||"
                RenderBR {BR} at (16,1748) size 0x18
                RenderText {#text} at (0,1767) size 20x18
                  text run at (0,1767) width 20: "}}}}"
                RenderBR {BR} at (20,1767) size 0x18
              RenderText {#text} at (0,0) size 0x0
            RenderText {#text} at (0,0) size 0x0
