layer at (0,0) size 785x5468
  RenderView at (0,0) size 785x600
layer at (0,0) size 785x5468
  RenderBlock {HTML} at (0,0) size 785x5468
    RenderBody {BODY} at (8,8) size 769x5444
      RenderBlock (anonymous) at (0,0) size 769x18
        RenderText {#text} at (0,0) size 307x18
          text run at (0,0) width 307: "This tests font choices and metrics for serif fonts."
      RenderBlock {P} at (0,34) size 769x126
        RenderInline {FONT} at (0,0) size 769x125
          RenderText {#text} at (0,0) size 124x17
            text run at (0,0) width 124: "Times New Roman"
          RenderBR {BR} at (124,14) size 0x0
          RenderText {#text} at (0,18) size 766x35
            text run at (0,18) width 766: "  ! \" # $ % & ' ( ) * + , - . / 0 1 2 3 4 5 6 7 8 9 : ; < = > ? @ A B C D E F G H I J K L M N O P Q R S T U V W X Y Z ["
            text run at (0,36) width 386: "\\ ] ^ _ ` a b c d e f g h i j k l m n o p q r s t u v w x y z { | } > "
          RenderBR {BR} at (386,50) size 0x0
          RenderInline {B} at (0,0) size 765x35
            RenderText {#text} at (0,54) size 765x35
              text run at (0,54) width 765: "  ! \" # $ % & ' ( ) * + , - . / 0 1 2 3 4 5 6 7 8 9 : ; < = > ? @ A B C D E F G H I J K L M N O P Q R S T U V W X Y"
              text run at (0,72) width 422: "Z [ \\ ] ^ _ ` a b c d e f g h i j k l m n o p q r s t u v w x y z { | } > "
          RenderText {#text} at (0,0) size 0x0
          RenderBR {BR} at (0,0) size 0x0
          RenderInline {I} at (0,0) size 769x35
            RenderText {#text} at (0,90) size 769x35
              text run at (0,90) width 769: "  ! \" # $ % & ' ( ) * + , - . / 0 1 2 3 4 5 6 7 8 9 : ; < = > ? @ A B C D E F G H I J K L M N O P Q R S T U V W X Y Z [ \\"
              text run at (0,108) width 368: "] ^ _ ` a b c d e f g h i j k l m n o p q r s t u v w x y z { | } >"
          RenderText {#text} at (0,0) size 0x0
        RenderText {#text} at (0,0) size 0x0
      RenderBlock {P} at (0,176) size 769x126
        RenderInline {FONT} at (0,0) size 769x126
          RenderText {#text} at (0,0) size 39x18
            text run at (0,0) width 39: "Times"
          RenderBR {BR} at (39,14) size 0x0
          RenderText {#text} at (0,18) size 766x36
            text run at (0,18) width 766: "  ! \" # $ % & ' ( ) * + , - . / 0 1 2 3 4 5 6 7 8 9 : ; < = > ? @ A B C D E F G H I J K L M N O P Q R S T U V W X Y Z ["
            text run at (0,36) width 386: "\\ ] ^ _ ` a b c d e f g h i j k l m n o p q r s t u v w x y z { | } > "
          RenderBR {BR} at (386,50) size 0x0
          RenderInline {B} at (0,0) size 765x36
            RenderText {#text} at (0,54) size 765x36
              text run at (0,54) width 765: "  ! \" # $ % & ' ( ) * + , - . / 0 1 2 3 4 5 6 7 8 9 : ; < = > ? @ A B C D E F G H I J K L M N O P Q R S T U V W X Y"
              text run at (0,72) width 422: "Z [ \\ ] ^ _ ` a b c d e f g h i j k l m n o p q r s t u v w x y z { | } > "
          RenderText {#text} at (0,0) size 0x0
          RenderBR {BR} at (0,0) size 0x0
          RenderInline {I} at (0,0) size 769x36
            RenderText {#text} at (0,90) size 769x36
              text run at (0,90) width 769: "  ! \" # $ % & ' ( ) * + , - . / 0 1 2 3 4 5 6 7 8 9 : ; < = > ? @ A B C D E F G H I J K L M N O P Q R S T U V W X Y Z [ \\"
              text run at (0,108) width 368: "] ^ _ ` a b c d e f g h i j k l m n o p q r s t u v w x y z { | } >"
          RenderText {#text} at (0,0) size 0x0
          RenderInline {FONT} at (0,0) size 0x0
            RenderText {#text} at (0,0) size 0x0
      RenderBlock {P} at (0,318) size 769x1710
        RenderInline {FONT} at (0,0) size 60x1710
          RenderInline {FONT} at (0,0) size 60x1710
            RenderText {#text} at (0,0) size 0x0
            RenderInline {FONT} at (0,0) size 60x1710
              RenderText {#text} at (0,0) size 27x18
                text run at (0,0) width 27: "serif"
              RenderBR {BR} at (27,14) size 0x0
              RenderText {#text} at (0,18) size 16x18
                text run at (0,18) width 16: "    "
              RenderBR {BR} at (16,32) size 0x0
              RenderText {#text} at (0,36) size 20x18
                text run at (0,36) width 20: "!!!!"
              RenderBR {BR} at (20,50) size 0x0
              RenderText {#text} at (0,54) size 28x18
                text run at (0,54) width 28: "\"\"\"\""
              RenderBR {BR} at (28,68) size 0x0
              RenderText {#text} at (0,72) size 32x18
                text run at (0,72) width 32: "####"
              RenderBR {BR} at (32,86) size 0x0
              RenderText {#text} at (0,90) size 32x18
                text run at (0,90) width 32: "$$$$"
              RenderBR {BR} at (32,104) size 0x0
              RenderText {#text} at (0,108) size 52x18
                text run at (0,108) width 52: "%%%%"
              RenderBR {BR} at (52,122) size 0x0
              RenderText {#text} at (0,126) size 48x18
                text run at (0,126) width 48: "&&&&"
              RenderBR {BR} at (48,140) size 0x0
              RenderText {#text} at (0,144) size 12x18
                text run at (0,144) width 12: "''''"
              RenderBR {BR} at (12,158) size 0x0
              RenderText {#text} at (0,162) size 20x18
                text run at (0,162) width 20: "(((("
              RenderBR {BR} at (20,176) size 0x0
              RenderText {#text} at (0,180) size 20x18
                text run at (0,180) width 20: "))))"
              RenderBR {BR} at (20,194) size 0x0
              RenderText {#text} at (0,198) size 32x18
                text run at (0,198) width 32: "****"
              RenderBR {BR} at (32,212) size 0x0
              RenderText {#text} at (0,216) size 36x18
                text run at (0,216) width 36: "++++"
              RenderBR {BR} at (36,230) size 0x0
              RenderText {#text} at (0,234) size 16x18
                text run at (0,234) width 16: ",,,,"
              RenderBR {BR} at (16,248) size 0x0
              RenderText {#text} at (0,252) size 20x18
                text run at (0,252) width 20: "----"
              RenderBR {BR} at (20,266) size 0x0
              RenderText {#text} at (0,270) size 16x18
                text run at (0,270) width 16: "...."
              RenderBR {BR} at (16,284) size 0x0
              RenderText {#text} at (0,288) size 16x18
                text run at (0,288) width 16: "////"
              RenderBR {BR} at (16,302) size 0x0
              RenderText {#text} at (0,306) size 32x18
                text run at (0,306) width 32: "0000"
              RenderBR {BR} at (32,320) size 0x0
              RenderText {#text} at (0,324) size 32x18
                text run at (0,324) width 32: "1111"
              RenderBR {BR} at (32,338) size 0x0
              RenderText {#text} at (0,342) size 32x18
                text run at (0,342) width 32: "2222"
              RenderBR {BR} at (32,356) size 0x0
              RenderText {#text} at (0,360) size 32x18
                text run at (0,360) width 32: "3333"
              RenderBR {BR} at (32,374) size 0x0
              RenderText {#text} at (0,378) size 32x18
                text run at (0,378) width 32: "4444"
              RenderBR {BR} at (32,392) size 0x0
              RenderText {#text} at (0,396) size 32x18
                text run at (0,396) width 32: "5555"
              RenderBR {BR} at (32,410) size 0x0
              RenderText {#text} at (0,414) size 32x18
                text run at (0,414) width 32: "6666"
              RenderBR {BR} at (32,428) size 0x0
              RenderText {#text} at (0,432) size 32x18
                text run at (0,432) width 32: "7777"
              RenderBR {BR} at (32,446) size 0x0
              RenderText {#text} at (0,450) size 32x18
                text run at (0,450) width 32: "8888"
              RenderBR {BR} at (32,464) size 0x0
              RenderText {#text} at (0,468) size 32x18
                text run at (0,468) width 32: "9999"
              RenderBR {BR} at (32,482) size 0x0
              RenderText {#text} at (0,486) size 16x18
                text run at (0,486) width 16: "::::"
              RenderBR {BR} at (16,500) size 0x0
              RenderText {#text} at (0,504) size 16x18
                text run at (0,504) width 16: ";;;;"
              RenderBR {BR} at (16,518) size 0x0
              RenderText {#text} at (0,522) size 36x18
                text run at (0,522) width 36: "<<<<"
              RenderBR {BR} at (36,536) size 0x0
              RenderText {#text} at (0,540) size 36x18
                text run at (0,540) width 36: "===="
              RenderBR {BR} at (36,554) size 0x0
              RenderText {#text} at (0,558) size 36x18
                text run at (0,558) width 36: ">>>>"
              RenderBR {BR} at (36,572) size 0x0
              RenderText {#text} at (0,576) size 28x18
                text run at (0,576) width 28: "????"
              RenderBR {BR} at (28,590) size 0x0
              RenderText {#text} at (0,594) size 60x18
                text run at (0,594) width 60: "@@@@"
              RenderBR {BR} at (60,608) size 0x0
              RenderText {#text} at (0,612) size 48x18
                text run at (0,612) width 48: "AAAA"
              RenderBR {BR} at (48,626) size 0x0
              RenderText {#text} at (0,630) size 44x18
                text run at (0,630) width 44: "BBBB"
              RenderBR {BR} at (44,644) size 0x0
              RenderText {#text} at (0,648) size 44x18
                text run at (0,648) width 44: "CCCC"
              RenderBR {BR} at (44,662) size 0x0
              RenderText {#text} at (0,666) size 48x18
                text run at (0,666) width 48: "DDDD"
              RenderBR {BR} at (48,680) size 0x0
              RenderText {#text} at (0,684) size 40x18
                text run at (0,684) width 40: "EEEE"
              RenderBR {BR} at (40,698) size 0x0
              RenderText {#text} at (0,702) size 36x18
                text run at (0,702) width 36: "FFFF"
              RenderBR {BR} at (36,716) size 0x0
              RenderText {#text} at (0,720) size 48x18
                text run at (0,720) width 48: "GGGG"
              RenderBR {BR} at (48,734) size 0x0
              RenderText {#text} at (0,738) size 48x18
                text run at (0,738) width 48: "HHHH"
              RenderBR {BR} at (48,752) size 0x0
              RenderText {#text} at (0,756) size 20x18
                text run at (0,756) width 20: "IIII"
              RenderBR {BR} at (20,770) size 0x0
              RenderText {#text} at (0,774) size 24x18
                text run at (0,774) width 24: "JJJJ"
              RenderBR {BR} at (24,788) size 0x0
              RenderText {#text} at (0,792) size 48x18
                text run at (0,792) width 48: "KKKK"
              RenderBR {BR} at (48,806) size 0x0
              RenderText {#text} at (0,810) size 40x18
                text run at (0,810) width 40: "LLLL"
              RenderBR {BR} at (40,824) size 0x0
              RenderText {#text} at (0,828) size 56x18
                text run at (0,828) width 56: "MMMM"
              RenderBR {BR} at (56,842) size 0x0
              RenderText {#text} at (0,846) size 48x18
                text run at (0,846) width 48: "NNNN"
              RenderBR {BR} at (48,860) size 0x0
              RenderText {#text} at (0,864) size 48x18
                text run at (0,864) width 48: "OOOO"
              RenderBR {BR} at (48,878) size 0x0
              RenderText {#text} at (0,882) size 36x18
                text run at (0,882) width 36: "PPPP"
              RenderBR {BR} at (36,896) size 0x0
              RenderText {#text} at (0,900) size 48x18
                text run at (0,900) width 48: "QQQQ"
              RenderBR {BR} at (48,914) size 0x0
              RenderText {#text} at (0,918) size 44x18
                text run at (0,918) width 44: "RRRR"
              RenderBR {BR} at (44,932) size 0x0
              RenderText {#text} at (0,936) size 36x18
                text run at (0,936) width 36: "SSSS"
              RenderBR {BR} at (36,950) size 0x0
              RenderText {#text} at (0,954) size 40x18
                text run at (0,954) width 40: "TTTT"
              RenderBR {BR} at (40,968) size 0x0
              RenderText {#text} at (0,972) size 48x18
                text run at (0,972) width 48: "UUUU"
              RenderBR {BR} at (48,986) size 0x0
              RenderText {#text} at (0,990) size 48x18
                text run at (0,990) width 48: "VVVV"
              RenderBR {BR} at (48,1004) size 0x0
              RenderText {#text} at (0,1008) size 60x18
                text run at (0,1008) width 60: "WWWW"
              RenderBR {BR} at (60,1022) size 0x0
              RenderText {#text} at (0,1026) size 48x18
                text run at (0,1026) width 48: "XXXX"
              RenderBR {BR} at (48,1040) size 0x0
              RenderText {#text} at (0,1044) size 48x18
                text run at (0,1044) width 48: "YYYY"
              RenderBR {BR} at (48,1058) size 0x0
              RenderText {#text} at (0,1062) size 40x18
                text run at (0,1062) width 40: "ZZZZ"
              RenderBR {BR} at (40,1076) size 0x0
              RenderText {#text} at (0,1080) size 20x18
                text run at (0,1080) width 20: "[[[["
              RenderBR {BR} at (20,1094) size 0x0
              RenderText {#text} at (0,1098) size 16x18
                text run at (0,1098) width 16: "\\\\\\\\"
              RenderBR {BR} at (16,1112) size 0x0
              RenderText {#text} at (0,1116) size 20x18
                text run at (0,1116) width 20: "]]]]"
              RenderBR {BR} at (20,1130) size 0x0
              RenderText {#text} at (0,1134) size 32x18
                text run at (0,1134) width 32: "^^^^"
              RenderBR {BR} at (32,1148) size 0x0
              RenderText {#text} at (0,1152) size 32x18
                text run at (0,1152) width 32: "____"
              RenderBR {BR} at (32,1166) size 0x0
              RenderText {#text} at (0,1170) size 20x18
                text run at (0,1170) width 20: "````"
              RenderBR {BR} at (20,1184) size 0x0
              RenderText {#text} at (0,1188) size 28x18
                text run at (0,1188) width 28: "aaaa"
              RenderBR {BR} at (28,1202) size 0x0
              RenderText {#text} at (0,1206) size 32x18
                text run at (0,1206) width 32: "bbbb"
              RenderBR {BR} at (32,1220) size 0x0
              RenderText {#text} at (0,1224) size 28x18
                text run at (0,1224) width 28: "cccc"
              RenderBR {BR} at (28,1238) size 0x0
              RenderText {#text} at (0,1242) size 32x18
                text run at (0,1242) width 32: "dddd"
              RenderBR {BR} at (32,1256) size 0x0
              RenderText {#text} at (0,1260) size 28x18
                text run at (0,1260) width 28: "eeee"
              RenderBR {BR} at (28,1274) size 0x0
              RenderText {#text} at (0,1278) size 20x18
                text run at (0,1278) width 20: "ffff"
              RenderBR {BR} at (20,1292) size 0x0
              RenderText {#text} at (0,1296) size 32x18
                text run at (0,1296) width 32: "gggg"
              RenderBR {BR} at (32,1310) size 0x0
              RenderText {#text} at (0,1314) size 32x18
                text run at (0,1314) width 32: "hhhh"
              RenderBR {BR} at (32,1328) size 0x0
              RenderText {#text} at (0,1332) size 16x18
                text run at (0,1332) width 16: "iiii"
              RenderBR {BR} at (16,1346) size 0x0
              RenderText {#text} at (0,1350) size 16x18
                text run at (0,1350) width 16: "jjjj"
              RenderBR {BR} at (16,1364) size 0x0
              RenderText {#text} at (0,1368) size 32x18
                text run at (0,1368) width 32: "kkkk"
              RenderBR {BR} at (32,1382) size 0x0
              RenderText {#text} at (0,1386) size 16x18
                text run at (0,1386) width 16: "llll"
              RenderBR {BR} at (16,1400) size 0x0
              RenderText {#text} at (0,1404) size 48x18
                text run at (0,1404) width 48: "mmmm"
              RenderBR {BR} at (48,1418) size 0x0
              RenderText {#text} at (0,1422) size 32x18
                text run at (0,1422) width 32: "nnnn"
              RenderBR {BR} at (32,1436) size 0x0
              RenderText {#text} at (0,1440) size 32x18
                text run at (0,1440) width 32: "oooo"
              RenderBR {BR} at (32,1454) size 0x0
              RenderText {#text} at (0,1458) size 32x18
                text run at (0,1458) width 32: "pppp"
              RenderBR {BR} at (32,1472) size 0x0
              RenderText {#text} at (0,1476) size 32x18
                text run at (0,1476) width 32: "qqqq"
              RenderBR {BR} at (32,1490) size 0x0
              RenderText {#text} at (0,1494) size 20x18
                text run at (0,1494) width 20: "rrrr"
              RenderBR {BR} at (20,1508) size 0x0
              RenderText {#text} at (0,1512) size 24x18
                text run at (0,1512) width 24: "ssss"
              RenderBR {BR} at (24,1526) size 0x0
              RenderText {#text} at (0,1530) size 16x18
                text run at (0,1530) width 16: "tttt"
              RenderBR {BR} at (16,1544) size 0x0
              RenderText {#text} at (0,1548) size 32x18
                text run at (0,1548) width 32: "uuuu"
              RenderBR {BR} at (32,1562) size 0x0
              RenderText {#text} at (0,1566) size 32x18
                text run at (0,1566) width 32: "vvvv"
              RenderBR {BR} at (32,1580) size 0x0
              RenderText {#text} at (0,1584) size 48x18
                text run at (0,1584) width 48: "wwww"
              RenderBR {BR} at (48,1598) size 0x0
              RenderText {#text} at (0,1602) size 32x18
                text run at (0,1602) width 32: "xxxx"
              RenderBR {BR} at (32,1616) size 0x0
              RenderText {#text} at (0,1620) size 32x18
                text run at (0,1620) width 32: "yyyy"
              RenderBR {BR} at (32,1634) size 0x0
              RenderText {#text} at (0,1638) size 28x18
                text run at (0,1638) width 28: "zzzz"
              RenderBR {BR} at (28,1652) size 0x0
              RenderText {#text} at (0,1656) size 32x18
                text run at (0,1656) width 32: "{{{{"
              RenderBR {BR} at (32,1670) size 0x0
              RenderText {#text} at (0,1674) size 12x18
                text run at (0,1674) width 12: "||||"
              RenderBR {BR} at (12,1688) size 0x0
              RenderText {#text} at (0,1692) size 32x18
                text run at (0,1692) width 32: "}}}}"
              RenderBR {BR} at (32,1706) size 0x0
      RenderBlock {P} at (0,2044) size 769x1692
        RenderInline {FONT} at (0,0) size 64x1692
          RenderInline {FONT} at (0,0) size 64x1692
            RenderInline {FONT} at (0,0) size 64x1692
              RenderText {#text} at (0,0) size 0x0
              RenderInline {B} at (0,0) size 64x1692
                RenderText {#text} at (0,0) size 16x18
                  text run at (0,0) width 16: "    "
                RenderBR {BR} at (16,14) size 0x0
                RenderText {#text} at (0,18) size 20x18
                  text run at (0,18) width 20: "!!!!"
                RenderBR {BR} at (20,32) size 0x0
                RenderText {#text} at (0,36) size 36x18
                  text run at (0,36) width 36: "\"\"\"\""
                RenderBR {BR} at (36,50) size 0x0
                RenderText {#text} at (0,54) size 32x18
                  text run at (0,54) width 32: "####"
                RenderBR {BR} at (32,68) size 0x0
                RenderText {#text} at (0,72) size 32x18
                  text run at (0,72) width 32: "$$$$"
                RenderBR {BR} at (32,86) size 0x0
                RenderText {#text} at (0,90) size 64x18
                  text run at (0,90) width 64: "%%%%"
                RenderBR {BR} at (64,104) size 0x0
                RenderText {#text} at (0,108) size 52x18
                  text run at (0,108) width 52: "&&&&"
                RenderBR {BR} at (52,122) size 0x0
                RenderText {#text} at (0,126) size 16x18
                  text run at (0,126) width 16: "''''"
                RenderBR {BR} at (16,140) size 0x0
                RenderText {#text} at (0,144) size 20x18
                  text run at (0,144) width 20: "(((("
                RenderBR {BR} at (20,158) size 0x0
                RenderText {#text} at (0,162) size 20x18
                  text run at (0,162) width 20: "))))"
                RenderBR {BR} at (20,176) size 0x0
                RenderText {#text} at (0,180) size 32x18
                  text run at (0,180) width 32: "****"
                RenderBR {BR} at (32,194) size 0x0
                RenderText {#text} at (0,198) size 36x18
                  text run at (0,198) width 36: "++++"
                RenderBR {BR} at (36,212) size 0x0
                RenderText {#text} at (0,216) size 16x18
                  text run at (0,216) width 16: ",,,,"
                RenderBR {BR} at (16,230) size 0x0
                RenderText {#text} at (0,234) size 20x18
                  text run at (0,234) width 20: "----"
                RenderBR {BR} at (20,248) size 0x0
                RenderText {#text} at (0,252) size 16x18
                  text run at (0,252) width 16: "...."
                RenderBR {BR} at (16,266) size 0x0
                RenderText {#text} at (0,270) size 16x18
                  text run at (0,270) width 16: "////"
                RenderBR {BR} at (16,284) size 0x0
                RenderText {#text} at (0,288) size 32x18
                  text run at (0,288) width 32: "0000"
                RenderBR {BR} at (32,302) size 0x0
                RenderText {#text} at (0,306) size 32x18
                  text run at (0,306) width 32: "1111"
                RenderBR {BR} at (32,320) size 0x0
                RenderText {#text} at (0,324) size 32x18
                  text run at (0,324) width 32: "2222"
                RenderBR {BR} at (32,338) size 0x0
                RenderText {#text} at (0,342) size 32x18
                  text run at (0,342) width 32: "3333"
                RenderBR {BR} at (32,356) size 0x0
                RenderText {#text} at (0,360) size 32x18
                  text run at (0,360) width 32: "4444"
                RenderBR {BR} at (32,374) size 0x0
                RenderText {#text} at (0,378) size 32x18
                  text run at (0,378) width 32: "5555"
                RenderBR {BR} at (32,392) size 0x0
                RenderText {#text} at (0,396) size 32x18
                  text run at (0,396) width 32: "6666"
                RenderBR {BR} at (32,410) size 0x0
                RenderText {#text} at (0,414) size 32x18
                  text run at (0,414) width 32: "7777"
                RenderBR {BR} at (32,428) size 0x0
                RenderText {#text} at (0,432) size 32x18
                  text run at (0,432) width 32: "8888"
                RenderBR {BR} at (32,446) size 0x0
                RenderText {#text} at (0,450) size 32x18
                  text run at (0,450) width 32: "9999"
                RenderBR {BR} at (32,464) size 0x0
                RenderText {#text} at (0,468) size 20x18
                  text run at (0,468) width 20: "::::"
                RenderBR {BR} at (20,482) size 0x0
                RenderText {#text} at (0,486) size 20x18
                  text run at (0,486) width 20: ";;;;"
                RenderBR {BR} at (20,500) size 0x0
                RenderText {#text} at (0,504) size 36x18
                  text run at (0,504) width 36: "<<<<"
                RenderBR {BR} at (36,518) size 0x0
                RenderText {#text} at (0,522) size 36x18
                  text run at (0,522) width 36: "===="
                RenderBR {BR} at (36,536) size 0x0
                RenderText {#text} at (0,540) size 36x18
                  text run at (0,540) width 36: ">>>>"
                RenderBR {BR} at (36,554) size 0x0
                RenderText {#text} at (0,558) size 32x18
                  text run at (0,558) width 32: "????"
                RenderBR {BR} at (32,572) size 0x0
                RenderText {#text} at (0,576) size 60x18
                  text run at (0,576) width 60: "@@@@"
                RenderBR {BR} at (60,590) size 0x0
                RenderText {#text} at (0,594) size 48x18
                  text run at (0,594) width 48: "AAAA"
                RenderBR {BR} at (48,608) size 0x0
                RenderText {#text} at (0,612) size 44x18
                  text run at (0,612) width 44: "BBBB"
                RenderBR {BR} at (44,626) size 0x0
                RenderText {#text} at (0,630) size 48x18
                  text run at (0,630) width 48: "CCCC"
                RenderBR {BR} at (48,644) size 0x0
                RenderText {#text} at (0,648) size 48x18
                  text run at (0,648) width 48: "DDDD"
                RenderBR {BR} at (48,662) size 0x0
                RenderText {#text} at (0,666) size 44x18
                  text run at (0,666) width 44: "EEEE"
                RenderBR {BR} at (44,680) size 0x0
                RenderText {#text} at (0,684) size 40x18
                  text run at (0,684) width 40: "FFFF"
                RenderBR {BR} at (40,698) size 0x0
                RenderText {#text} at (0,702) size 48x18
                  text run at (0,702) width 48: "GGGG"
                RenderBR {BR} at (48,716) size 0x0
                RenderText {#text} at (0,720) size 48x18
                  text run at (0,720) width 48: "HHHH"
                RenderBR {BR} at (48,734) size 0x0
                RenderText {#text} at (0,738) size 24x18
                  text run at (0,738) width 24: "IIII"
                RenderBR {BR} at (24,752) size 0x0
                RenderText {#text} at (0,756) size 32x18
                  text run at (0,756) width 32: "JJJJ"
                RenderBR {BR} at (32,770) size 0x0
                RenderText {#text} at (0,774) size 48x18
                  text run at (0,774) width 48: "KKKK"
                RenderBR {BR} at (48,788) size 0x0
                RenderText {#text} at (0,792) size 44x18
                  text run at (0,792) width 44: "LLLL"
                RenderBR {BR} at (44,806) size 0x0
                RenderText {#text} at (0,810) size 60x18
                  text run at (0,810) width 60: "MMMM"
                RenderBR {BR} at (60,824) size 0x0
                RenderText {#text} at (0,828) size 48x18
                  text run at (0,828) width 48: "NNNN"
                RenderBR {BR} at (48,842) size 0x0
                RenderText {#text} at (0,846) size 48x18
                  text run at (0,846) width 48: "OOOO"
                RenderBR {BR} at (48,860) size 0x0
                RenderText {#text} at (0,864) size 40x18
                  text run at (0,864) width 40: "PPPP"
                RenderBR {BR} at (40,878) size 0x0
                RenderText {#text} at (0,882) size 48x18
                  text run at (0,882) width 48: "QQQQ"
                RenderBR {BR} at (48,896) size 0x0
                RenderText {#text} at (0,900) size 48x18
                  text run at (0,900) width 48: "RRRR"
                RenderBR {BR} at (48,914) size 0x0
                RenderText {#text} at (0,918) size 36x18
                  text run at (0,918) width 36: "SSSS"
                RenderBR {BR} at (36,932) size 0x0
                RenderText {#text} at (0,936) size 44x18
                  text run at (0,936) width 44: "TTTT"
                RenderBR {BR} at (44,950) size 0x0
                RenderText {#text} at (0,954) size 48x18
                  text run at (0,954) width 48: "UUUU"
                RenderBR {BR} at (48,968) size 0x0
                RenderText {#text} at (0,972) size 48x18
                  text run at (0,972) width 48: "VVVV"
                RenderBR {BR} at (48,986) size 0x0
                RenderText {#text} at (0,990) size 64x18
                  text run at (0,990) width 64: "WWWW"
                RenderBR {BR} at (64,1004) size 0x0
                RenderText {#text} at (0,1008) size 48x18
                  text run at (0,1008) width 48: "XXXX"
                RenderBR {BR} at (48,1022) size 0x0
                RenderText {#text} at (0,1026) size 48x18
                  text run at (0,1026) width 48: "YYYY"
                RenderBR {BR} at (48,1040) size 0x0
                RenderText {#text} at (0,1044) size 44x18
                  text run at (0,1044) width 44: "ZZZZ"
                RenderBR {BR} at (44,1058) size 0x0
                RenderText {#text} at (0,1062) size 20x18
                  text run at (0,1062) width 20: "[[[["
                RenderBR {BR} at (20,1076) size 0x0
                RenderText {#text} at (0,1080) size 16x18
                  text run at (0,1080) width 16: "\\\\\\\\"
                RenderBR {BR} at (16,1094) size 0x0
                RenderText {#text} at (0,1098) size 20x18
                  text run at (0,1098) width 20: "]]]]"
                RenderBR {BR} at (20,1112) size 0x0
                RenderText {#text} at (0,1116) size 36x18
                  text run at (0,1116) width 36: "^^^^"
                RenderBR {BR} at (36,1130) size 0x0
                RenderText {#text} at (0,1134) size 32x18
                  text run at (0,1134) width 32: "____"
                RenderBR {BR} at (32,1148) size 0x0
                RenderText {#text} at (0,1152) size 20x18
                  text run at (0,1152) width 20: "````"
                RenderBR {BR} at (20,1166) size 0x0
                RenderText {#text} at (0,1170) size 32x18
                  text run at (0,1170) width 32: "aaaa"
                RenderBR {BR} at (32,1184) size 0x0
                RenderText {#text} at (0,1188) size 36x18
                  text run at (0,1188) width 36: "bbbb"
                RenderBR {BR} at (36,1202) size 0x0
                RenderText {#text} at (0,1206) size 28x18
                  text run at (0,1206) width 28: "cccc"
                RenderBR {BR} at (28,1220) size 0x0
                RenderText {#text} at (0,1224) size 36x18
                  text run at (0,1224) width 36: "dddd"
                RenderBR {BR} at (36,1238) size 0x0
                RenderText {#text} at (0,1242) size 28x18
                  text run at (0,1242) width 28: "eeee"
                RenderBR {BR} at (28,1256) size 0x0
                RenderText {#text} at (0,1260) size 20x18
                  text run at (0,1260) width 20: "ffff"
                RenderBR {BR} at (20,1274) size 0x0
                RenderText {#text} at (0,1278) size 32x18
                  text run at (0,1278) width 32: "gggg"
                RenderBR {BR} at (32,1292) size 0x0
                RenderText {#text} at (0,1296) size 36x18
                  text run at (0,1296) width 36: "hhhh"
                RenderBR {BR} at (36,1310) size 0x0
                RenderText {#text} at (0,1314) size 16x18
                  text run at (0,1314) width 16: "iiii"
                RenderBR {BR} at (16,1328) size 0x0
                RenderText {#text} at (0,1332) size 20x18
                  text run at (0,1332) width 20: "jjjj"
                RenderBR {BR} at (20,1346) size 0x0
                RenderText {#text} at (0,1350) size 36x18
                  text run at (0,1350) width 36: "kkkk"
                RenderBR {BR} at (36,1364) size 0x0
                RenderText {#text} at (0,1368) size 16x18
                  text run at (0,1368) width 16: "llll"
                RenderBR {BR} at (16,1382) size 0x0
                RenderText {#text} at (0,1386) size 52x18
                  text run at (0,1386) width 52: "mmmm"
                RenderBR {BR} at (52,1400) size 0x0
                RenderText {#text} at (0,1404) size 36x18
                  text run at (0,1404) width 36: "nnnn"
                RenderBR {BR} at (36,1418) size 0x0
                RenderText {#text} at (0,1422) size 32x18
                  text run at (0,1422) width 32: "oooo"
                RenderBR {BR} at (32,1436) size 0x0
                RenderText {#text} at (0,1440) size 36x18
                  text run at (0,1440) width 36: "pppp"
                RenderBR {BR} at (36,1454) size 0x0
                RenderText {#text} at (0,1458) size 36x18
                  text run at (0,1458) width 36: "qqqq"
                RenderBR {BR} at (36,1472) size 0x0
                RenderText {#text} at (0,1476) size 28x18
                  text run at (0,1476) width 28: "rrrr"
                RenderBR {BR} at (28,1490) size 0x0
                RenderText {#text} at (0,1494) size 24x18
                  text run at (0,1494) width 24: "ssss"
                RenderBR {BR} at (24,1508) size 0x0
                RenderText {#text} at (0,1512) size 20x18
                  text run at (0,1512) width 20: "tttt"
                RenderBR {BR} at (20,1526) size 0x0
                RenderText {#text} at (0,1530) size 36x18
                  text run at (0,1530) width 36: "uuuu"
                RenderBR {BR} at (36,1544) size 0x0
                RenderText {#text} at (0,1548) size 32x18
                  text run at (0,1548) width 32: "vvvv"
                RenderBR {BR} at (32,1562) size 0x0
                RenderText {#text} at (0,1566) size 48x18
                  text run at (0,1566) width 48: "wwww"
                RenderBR {BR} at (48,1580) size 0x0
                RenderText {#text} at (0,1584) size 32x18
                  text run at (0,1584) width 32: "xxxx"
                RenderBR {BR} at (32,1598) size 0x0
                RenderText {#text} at (0,1602) size 32x18
                  text run at (0,1602) width 32: "yyyy"
                RenderBR {BR} at (32,1616) size 0x0
                RenderText {#text} at (0,1620) size 28x18
                  text run at (0,1620) width 28: "zzzz"
                RenderBR {BR} at (28,1634) size 0x0
                RenderText {#text} at (0,1638) size 24x18
                  text run at (0,1638) width 24: "{{{{"
                RenderBR {BR} at (24,1652) size 0x0
                RenderText {#text} at (0,1656) size 16x18
                  text run at (0,1656) width 16: "||||"
                RenderBR {BR} at (16,1670) size 0x0
                RenderText {#text} at (0,1674) size 24x18
                  text run at (0,1674) width 24: "}}}}"
                RenderBR {BR} at (24,1688) size 0x0
              RenderText {#text} at (0,0) size 0x0
      RenderBlock {P} at (0,3752) size 769x1692
        RenderInline {FONT} at (0,0) size 60x1692
          RenderInline {FONT} at (0,0) size 60x1692
            RenderInline {FONT} at (0,0) size 60x1692
              RenderText {#text} at (0,0) size 0x0
              RenderInline {I} at (0,0) size 60x1692
                RenderText {#text} at (0,0) size 16x18
                  text run at (0,0) width 16: "    "
                RenderBR {BR} at (16,14) size 0x0
                RenderText {#text} at (0,18) size 20x18
                  text run at (0,18) width 20: "!!!!"
                RenderBR {BR} at (20,32) size 0x0
                RenderText {#text} at (0,36) size 28x18
                  text run at (0,36) width 28: "\"\"\"\""
                RenderBR {BR} at (28,50) size 0x0
                RenderText {#text} at (0,54) size 32x18
                  text run at (0,54) width 32: "####"
                RenderBR {BR} at (32,68) size 0x0
                RenderText {#text} at (0,72) size 32x18
                  text run at (0,72) width 32: "$$$$"
                RenderBR {BR} at (32,86) size 0x0
                RenderText {#text} at (0,90) size 52x18
                  text run at (0,90) width 52: "%%%%"
                RenderBR {BR} at (52,104) size 0x0
                RenderText {#text} at (0,108) size 48x18
                  text run at (0,108) width 48: "&&&&"
                RenderBR {BR} at (48,122) size 0x0
                RenderText {#text} at (0,126) size 12x18
                  text run at (0,126) width 12: "''''"
                RenderBR {BR} at (12,140) size 0x0
                RenderText {#text} at (0,144) size 20x18
                  text run at (0,144) width 20: "(((("
                RenderBR {BR} at (20,158) size 0x0
                RenderText {#text} at (0,162) size 20x18
                  text run at (0,162) width 20: "))))"
                RenderBR {BR} at (20,176) size 0x0
                RenderText {#text} at (0,180) size 32x18
                  text run at (0,180) width 32: "****"
                RenderBR {BR} at (32,194) size 0x0
                RenderText {#text} at (0,198) size 44x18
                  text run at (0,198) width 44: "++++"
                RenderBR {BR} at (44,212) size 0x0
                RenderText {#text} at (0,216) size 16x18
                  text run at (0,216) width 16: ",,,,"
                RenderBR {BR} at (16,230) size 0x0
                RenderText {#text} at (0,234) size 20x18
                  text run at (0,234) width 20: "----"
                RenderBR {BR} at (20,248) size 0x0
                RenderText {#text} at (0,252) size 16x18
                  text run at (0,252) width 16: "...."
                RenderBR {BR} at (16,266) size 0x0
                RenderText {#text} at (0,270) size 16x18
                  text run at (0,270) width 16: "////"
                RenderBR {BR} at (16,284) size 0x0
                RenderText {#text} at (0,288) size 32x18
                  text run at (0,288) width 32: "0000"
                RenderBR {BR} at (32,302) size 0x0
                RenderText {#text} at (0,306) size 32x18
                  text run at (0,306) width 32: "1111"
                RenderBR {BR} at (32,320) size 0x0
                RenderText {#text} at (0,324) size 32x18
                  text run at (0,324) width 32: "2222"
                RenderBR {BR} at (32,338) size 0x0
                RenderText {#text} at (0,342) size 32x18
                  text run at (0,342) width 32: "3333"
                RenderBR {BR} at (32,356) size 0x0
                RenderText {#text} at (0,360) size 32x18
                  text run at (0,360) width 32: "4444"
                RenderBR {BR} at (32,374) size 0x0
                RenderText {#text} at (0,378) size 32x18
                  text run at (0,378) width 32: "5555"
                RenderBR {BR} at (32,392) size 0x0
                RenderText {#text} at (0,396) size 32x18
                  text run at (0,396) width 32: "6666"
                RenderBR {BR} at (32,410) size 0x0
                RenderText {#text} at (0,414) size 32x18
                  text run at (0,414) width 32: "7777"
                RenderBR {BR} at (32,428) size 0x0
                RenderText {#text} at (0,432) size 32x18
                  text run at (0,432) width 32: "8888"
                RenderBR {BR} at (32,446) size 0x0
                RenderText {#text} at (0,450) size 32x18
                  text run at (0,450) width 32: "9999"
                RenderBR {BR} at (32,464) size 0x0
                RenderText {#text} at (0,468) size 20x18
                  text run at (0,468) width 20: "::::"
                RenderBR {BR} at (20,482) size 0x0
                RenderText {#text} at (0,486) size 20x18
                  text run at (0,486) width 20: ";;;;"
                RenderBR {BR} at (20,500) size 0x0
                RenderText {#text} at (0,504) size 44x18
                  text run at (0,504) width 44: "<<<<"
                RenderBR {BR} at (44,518) size 0x0
                RenderText {#text} at (0,522) size 44x18
                  text run at (0,522) width 44: "===="
                RenderBR {BR} at (44,536) size 0x0
                RenderText {#text} at (0,540) size 44x18
                  text run at (0,540) width 44: ">>>>"
                RenderBR {BR} at (44,554) size 0x0
                RenderText {#text} at (0,558) size 32x18
                  text run at (0,558) width 32: "????"
                RenderBR {BR} at (32,572) size 0x0
                RenderText {#text} at (0,576) size 60x18
                  text run at (0,576) width 60: "@@@@"
                RenderBR {BR} at (60,590) size 0x0
                RenderText {#text} at (0,594) size 40x18
                  text run at (0,594) width 40: "AAAA"
                RenderBR {BR} at (40,608) size 0x0
                RenderText {#text} at (0,612) size 40x18
                  text run at (0,612) width 40: "BBBB"
                RenderBR {BR} at (40,626) size 0x0
                RenderText {#text} at (0,630) size 44x18
                  text run at (0,630) width 44: "CCCC"
                RenderBR {BR} at (44,644) size 0x0
                RenderText {#text} at (0,648) size 48x18
                  text run at (0,648) width 48: "DDDD"
                RenderBR {BR} at (48,662) size 0x0
                RenderText {#text} at (0,666) size 40x18
                  text run at (0,666) width 40: "EEEE"
                RenderBR {BR} at (40,680) size 0x0
                RenderText {#text} at (0,684) size 40x18
                  text run at (0,684) width 40: "FFFF"
                RenderBR {BR} at (40,698) size 0x0
                RenderText {#text} at (0,702) size 48x18
                  text run at (0,702) width 48: "GGGG"
                RenderBR {BR} at (48,716) size 0x0
                RenderText {#text} at (0,720) size 48x18
                  text run at (0,720) width 48: "HHHH"
                RenderBR {BR} at (48,734) size 0x0
                RenderText {#text} at (0,738) size 20x18
                  text run at (0,738) width 20: "IIII"
                RenderBR {BR} at (20,752) size 0x0
                RenderText {#text} at (0,756) size 28x18
                  text run at (0,756) width 28: "JJJJ"
                RenderBR {BR} at (28,770) size 0x0
                RenderText {#text} at (0,774) size 44x18
                  text run at (0,774) width 44: "KKKK"
                RenderBR {BR} at (44,788) size 0x0
                RenderText {#text} at (0,792) size 36x18
                  text run at (0,792) width 36: "LLLL"
                RenderBR {BR} at (36,806) size 0x0
                RenderText {#text} at (0,810) size 52x18
                  text run at (0,810) width 52: "MMMM"
                RenderBR {BR} at (52,824) size 0x0
                RenderText {#text} at (0,828) size 44x18
                  text run at (0,828) width 44: "NNNN"
                RenderBR {BR} at (44,842) size 0x0
                RenderText {#text} at (0,846) size 48x18
                  text run at (0,846) width 48: "OOOO"
                RenderBR {BR} at (48,860) size 0x0
                RenderText {#text} at (0,864) size 40x18
                  text run at (0,864) width 40: "PPPP"
                RenderBR {BR} at (40,878) size 0x0
                RenderText {#text} at (0,882) size 48x18
                  text run at (0,882) width 48: "QQQQ"
                RenderBR {BR} at (48,896) size 0x0
                RenderText {#text} at (0,900) size 40x18
                  text run at (0,900) width 40: "RRRR"
                RenderBR {BR} at (40,914) size 0x0
                RenderText {#text} at (0,918) size 32x18
                  text run at (0,918) width 32: "SSSS"
                RenderBR {BR} at (32,932) size 0x0
                RenderText {#text} at (0,936) size 36x18
                  text run at (0,936) width 36: "TTTT"
                RenderBR {BR} at (36,950) size 0x0
                RenderText {#text} at (0,954) size 48x18
                  text run at (0,954) width 48: "UUUU"
                RenderBR {BR} at (48,968) size 0x0
                RenderText {#text} at (0,972) size 40x18
                  text run at (0,972) width 40: "VVVV"
                RenderBR {BR} at (40,986) size 0x0
                RenderText {#text} at (0,990) size 52x18
                  text run at (0,990) width 52: "WWWW"
                RenderBR {BR} at (52,1004) size 0x0
                RenderText {#text} at (0,1008) size 40x18
                  text run at (0,1008) width 40: "XXXX"
                RenderBR {BR} at (40,1022) size 0x0
                RenderText {#text} at (0,1026) size 36x18
                  text run at (0,1026) width 36: "YYYY"
                RenderBR {BR} at (36,1040) size 0x0
                RenderText {#text} at (0,1044) size 36x18
                  text run at (0,1044) width 36: "ZZZZ"
                RenderBR {BR} at (36,1058) size 0x0
                RenderText {#text} at (0,1062) size 24x18
                  text run at (0,1062) width 24: "[[[["
                RenderBR {BR} at (24,1076) size 0x0
                RenderText {#text} at (0,1080) size 16x18
                  text run at (0,1080) width 16: "\\\\\\\\"
                RenderBR {BR} at (16,1094) size 0x0
                RenderText {#text} at (0,1098) size 24x18
                  text run at (0,1098) width 24: "]]]]"
                RenderBR {BR} at (24,1112) size 0x0
                RenderText {#text} at (0,1116) size 28x18
                  text run at (0,1116) width 28: "^^^^"
                RenderBR {BR} at (28,1130) size 0x0
                RenderText {#text} at (0,1134) size 32x18
                  text run at (0,1134) width 32: "____"
                RenderBR {BR} at (32,1148) size 0x0
                RenderText {#text} at (0,1152) size 20x18
                  text run at (0,1152) width 20: "````"
                RenderBR {BR} at (20,1166) size 0x0
                RenderText {#text} at (0,1170) size 32x18
                  text run at (0,1170) width 32: "aaaa"
                RenderBR {BR} at (32,1184) size 0x0
                RenderText {#text} at (0,1188) size 32x18
                  text run at (0,1188) width 32: "bbbb"
                RenderBR {BR} at (32,1202) size 0x0
                RenderText {#text} at (0,1206) size 28x18
                  text run at (0,1206) width 28: "cccc"
                RenderBR {BR} at (28,1220) size 0x0
                RenderText {#text} at (0,1224) size 32x18
                  text run at (0,1224) width 32: "dddd"
                RenderBR {BR} at (32,1238) size 0x0
                RenderText {#text} at (0,1242) size 28x18
                  text run at (0,1242) width 28: "eeee"
                RenderBR {BR} at (28,1256) size 0x0
                RenderText {#text} at (0,1260) size 16x18
                  text run at (0,1260) width 16: "ffff"
                RenderBR {BR} at (16,1274) size 0x0
                RenderText {#text} at (0,1278) size 32x18
                  text run at (0,1278) width 32: "gggg"
                RenderBR {BR} at (32,1292) size 0x0
                RenderText {#text} at (0,1296) size 32x18
                  text run at (0,1296) width 32: "hhhh"
                RenderBR {BR} at (32,1310) size 0x0
                RenderText {#text} at (0,1314) size 16x18
                  text run at (0,1314) width 16: "iiii"
                RenderBR {BR} at (16,1328) size 0x0
                RenderText {#text} at (0,1332) size 16x18
                  text run at (0,1332) width 16: "jjjj"
                RenderBR {BR} at (16,1346) size 0x0
                RenderText {#text} at (0,1350) size 28x18
                  text run at (0,1350) width 28: "kkkk"
                RenderBR {BR} at (28,1364) size 0x0
                RenderText {#text} at (0,1368) size 16x18
                  text run at (0,1368) width 16: "llll"
                RenderBR {BR} at (16,1382) size 0x0
                RenderText {#text} at (0,1386) size 48x18
                  text run at (0,1386) width 48: "mmmm"
                RenderBR {BR} at (48,1400) size 0x0
                RenderText {#text} at (0,1404) size 32x18
                  text run at (0,1404) width 32: "nnnn"
                RenderBR {BR} at (32,1418) size 0x0
                RenderText {#text} at (0,1422) size 32x18
                  text run at (0,1422) width 32: "oooo"
                RenderBR {BR} at (32,1436) size 0x0
                RenderText {#text} at (0,1440) size 32x18
                  text run at (0,1440) width 32: "pppp"
                RenderBR {BR} at (32,1454) size 0x0
                RenderText {#text} at (0,1458) size 32x18
                  text run at (0,1458) width 32: "qqqq"
                RenderBR {BR} at (32,1472) size 0x0
                RenderText {#text} at (0,1476) size 24x18
                  text run at (0,1476) width 24: "rrrr"
                RenderBR {BR} at (24,1490) size 0x0
                RenderText {#text} at (0,1494) size 24x18
                  text run at (0,1494) width 24: "ssss"
                RenderBR {BR} at (24,1508) size 0x0
                RenderText {#text} at (0,1512) size 16x18
                  text run at (0,1512) width 16: "tttt"
                RenderBR {BR} at (16,1526) size 0x0
                RenderText {#text} at (0,1530) size 32x18
                  text run at (0,1530) width 32: "uuuu"
                RenderBR {BR} at (32,1544) size 0x0
                RenderText {#text} at (0,1548) size 28x18
                  text run at (0,1548) width 28: "vvvv"
                RenderBR {BR} at (28,1562) size 0x0
                RenderText {#text} at (0,1566) size 44x18
                  text run at (0,1566) width 44: "wwww"
                RenderBR {BR} at (44,1580) size 0x0
                RenderText {#text} at (0,1584) size 28x18
                  text run at (0,1584) width 28: "xxxx"
                RenderBR {BR} at (28,1598) size 0x0
                RenderText {#text} at (0,1602) size 28x18
                  text run at (0,1602) width 28: "yyyy"
                RenderBR {BR} at (28,1616) size 0x0
                RenderText {#text} at (0,1620) size 24x18
                  text run at (0,1620) width 24: "zzzz"
                RenderBR {BR} at (24,1634) size 0x0
                RenderText {#text} at (0,1638) size 24x18
                  text run at (0,1638) width 24: "{{{{"
                RenderBR {BR} at (24,1652) size 0x0
                RenderText {#text} at (0,1656) size 16x18
                  text run at (0,1656) width 16: "||||"
                RenderBR {BR} at (16,1670) size 0x0
                RenderText {#text} at (0,1674) size 24x18
                  text run at (0,1674) width 24: "}}}}"
                RenderBR {BR} at (24,1688) size 0x0
              RenderText {#text} at (0,0) size 0x0
            RenderText {#text} at (0,0) size 0x0
