layer at (0,0) size 800x600
  RenderView at (0,0) size 800x600
layer at (0,0) size 800x600
  RenderBlock {HTML} at (0,0) size 800x600
    RenderBody {BODY} at (8,8) size 784x584
      RenderBlock {P} at (0,0) size 784x18
        RenderText {#text} at (0,0) size 113x18
          text run at (0,0) width 113: "Tests: the bdo tag"
      RenderBlock {P} at (0,34) size 784x18
        RenderText {#text} at (0,0) size 336x18
          text run at (0,0) width 336: "The bdo element overrides the default text direction."
      RenderBlock {P} at (0,68) size 784x36
        RenderText {#text} at (0,0) size 774x36
          text run at (0,0) width 738: "If successful, the first sentence would be backward, and the second sentence regular. There should then be an extra "
          text run at (737,0) width 37: "blank"
          text run at (0,18) width 705: "line, followed by a line reading only \"A,\" and finally, a sentence where only the word \"umbrella\" is backward."
      RenderBlock (anonymous) at (0,130) size 784x108
        RenderBR {BR} at (0,0) size 0x18
        RenderInline {BDO} at (0,18) size 224x18
          RenderText {#text} at (0,18) size 224x18
            text run at (0,18) width 224 RTL: "This sentence should be backward."
        RenderText {#text} at (0,0) size 0x0
        RenderBR {BR} at (223,18) size 1x18
        RenderInline {BDO} at (0,36) size 212x18
          RenderText {#text} at (0,36) size 212x18
            text run at (0,36) width 212: "This sentence should be forward."
        RenderText {#text} at (0,0) size 0x0
        RenderBR {BR} at (211,36) size 1x18
        RenderInline {BDO} at (0,54) size 0x18
        RenderText {#text} at (0,0) size 0x0
        RenderBR {BR} at (0,54) size 0x18
        RenderInline {BDO} at (0,72) size 12x18
          RenderText {#text} at (0,72) size 12x18
            text run at (0,72) width 12 RTL: "A"
        RenderText {#text} at (0,0) size 0x0
        RenderBR {BR} at (11,72) size 1x18
        RenderInline {BDO} at (0,90) size 297x18
          RenderText {#text} at (0,90) size 27x18
            text run at (0,90) width 27: "My "
          RenderInline {BDO} at (26,90) size 58x18
            RenderText {#text} at (26,90) size 58x18
              text run at (26,90) width 58 RTL: "umbrella"
          RenderText {#text} at (83,90) size 214x18
            text run at (83,90) width 214: " sure would be useful in this rain."
        RenderText {#text} at (0,0) size 0x0
layer at (8,128) size 784x2 clip at (0,0) size 0x0
  RenderBlock {HR} at (0,120) size 784x2 [color=#808080] [border: (1px inset #808080)]
