layer at (0,0) size 800x600
  RenderView at (0,0) size 800x600
layer at (0,0) size 800x600
  RenderBlock {HTML} at (0,0) size 800x600
    RenderBody {BODY} at (8,8) size 784x584
      RenderBlock {P} at (0,0) size 784x40
        RenderText {#text} at (0,0) size 108x19
          text run at (0,0) width 108: "This is a test for "
        RenderInline {I} at (0,0) size 762x39
          RenderInline {A} at (0,0) size 353x19 [color=#0000EE]
            RenderText {#text} at (107,0) size 353x19
              text run at (107,0) width 353: "http://bugzilla.opendarwin.org/show_bug.cgi?id=9670"
          RenderText {#text} at (459,0) size 762x39
            text run at (459,0) width 5: " "
            text run at (463,0) width 299: "http://bugzilla.opendarwin.org/show_bug.cgi?"
            text run at (0,20) width 56: "id=9670"
        RenderText {#text} at (55,20) size 5x19
          text run at (55,20) width 5: "."
      RenderBlock {P} at (0,56) size 784x20
        RenderText {#text} at (0,0) size 553x19
          text run at (0,0) width 553: "All text should be aligned with the right edge of its container and should not overflow."
      RenderBlock {HR} at (0,92) size 784x2 [border: (1px inset #000000)]
      RenderBlock {DIV} at (0,102) size 191x68 [bgcolor=#FFFF00]
        RenderText {#text} at (6,0) size 185x65
          text run at (6,0) width 9 RTL: " "
          text run at (14,0) width 177 RTL: "\x{5D0}\x{5DB}\x{5DC}\x{5EA} \x{5E4}\x{5DC}\x{5E4}\x{5DC}? \x{5E9}\x{5EA}\x{5D4}"
          text run at (150,34) width 41 RTL: "\x{5DE}\x{5D9}\x{5E5}!"
      RenderBlock (anonymous) at (0,170) size 784x92
        RenderBR {BR} at (0,0) size 0x19
        RenderBR {BR} at (199,77) size 0x19
      RenderBlock {DIV} at (0,262) size 191x68 [bgcolor=#FFFF00]
        RenderText {#text} at (6,0) size 185x65
          text run at (6,0) width 9 RTL: " "
          text run at (14,0) width 177 RTL: "\x{5D0}\x{5DB}\x{5DC}\x{5EA} \x{5E4}\x{5DC}\x{5E4}\x{5DC}? \x{5E9}\x{5EA}\x{5D4}"
          text run at (150,34) width 41 RTL: "\x{5DE}\x{5D9}\x{5E5}!"
layer at (8,200) size 199x68 clip at (9,201) size 182x66 scrollHeight 72
  RenderTextControl {TEXTAREA} at (0,22) size 199x68 [bgcolor=#FFFFFF] [border: (1px solid #E4E4E5)]
    RenderBlock {DIV} at (13,3) size 158x68
      RenderText {#text} at (28,0) size 130x65
        text run at (28,0) width 9 RTL: " "
        text run at (36,0) width 122 RTL: "\x{5D0}\x{5DB}\x{5DC}\x{5EA} \x{5E4}\x{5DC}\x{5E4}\x{5DC}?"
        text run at (62,34) width 96 RTL: "\x{5E9}\x{5EA}\x{5D4} \x{5DE}\x{5D9}\x{5E5}!"
