layer at (0,0) size 800x600
  RenderView at (0,0) size 800x600
layer at (0,0) size 800x340
  RenderBlock {HTML} at (0,0) size 800x340
    RenderBody {BODY} at (8,8) size 784x324
      RenderBlock {DIV} at (0,0) size 784x324
        RenderBlock (anonymous) at (0,0) size 784x40
          RenderText {#text} at (0,0) size 778x39
            text run at (0,0) width 778: "In all four cases below, the exclamation mark should be on the left side of the first line and on the right side of the second"
            text run at (0,20) width 28: "line."
        RenderBlock {DIV} at (0,40) size 784x284
          RenderBR {BR} at (382,51) size 0x19
          RenderBR {BR} at (382,122) size 0x19
          RenderBR {BR} at (382,193) size 0x19
          RenderText {#text} at (0,0) size 0x0
layer at (10,50) size 378x62 clip at (11,51) size 376x60
  RenderTextControl {TEXTAREA} at (2,2) size 378x62 [bgcolor=#FFFFFF] [border: (1px solid #E4E4E5)]
    RenderBlock {DIV} at (6,3) size 366x43
      RenderText {#text} at (339,0) size 365x29
        text run at (339,0) width 1 RTL: " "
        text run at (339,0) width 26 RTL: "\x{5E9}\x{5DC}\x{5D5}\x{5DD}!"
        text run at (0,15) width 29: "hello!"
        text run at (28,15) width 1: " "
      RenderBR {BR} at (365,29) size 0x14
layer at (10,121) size 378x62 clip at (11,122) size 376x60
  RenderTextControl {TEXTAREA} at (2,73) size 378x62 [bgcolor=#FFFFFF] [border: (1px solid #E4E4E5)]
    RenderBlock {DIV} at (6,3) size 366x43
      RenderText {#text} at (339,0) size 365x29
        text run at (339,0) width 1 RTL: " "
        text run at (339,0) width 26 RTL: "\x{5E9}\x{5DC}\x{5D5}\x{5DD}!"
        text run at (0,15) width 29: "hello!"
        text run at (28,15) width 1: " "
      RenderBR {BR} at (0,29) size 0x14
layer at (10,192) size 378x62 clip at (11,193) size 376x60
  RenderTextControl {TEXTAREA} at (2,144) size 378x62 [bgcolor=#FFFFFF] [border: (1px solid #E4E4E5)]
    RenderBlock {DIV} at (6,3) size 366x43
      RenderText {#text} at (339,0) size 365x29
        text run at (339,0) width 1 RTL: " "
        text run at (339,0) width 26 RTL: "\x{5E9}\x{5DC}\x{5D5}\x{5DD}!"
        text run at (0,15) width 29: "hello!"
        text run at (28,15) width 1: " "
      RenderBR {BR} at (0,29) size 0x14
layer at (10,263) size 378x62 clip at (11,264) size 376x60
  RenderTextControl {TEXTAREA} at (2,215) size 378x62 [bgcolor=#FFFFFF] [border: (1px solid #E4E4E5)]
    RenderBlock {DIV} at (6,3) size 366x43
      RenderText {#text} at (339,0) size 365x29
        text run at (339,0) width 1 RTL: " "
        text run at (339,0) width 26 RTL: "\x{5E9}\x{5DC}\x{5D5}\x{5DD}!"
        text run at (0,15) width 29: "hello!"
        text run at (28,15) width 1: " "
      RenderBR {BR} at (365,29) size 0x14
