layer at (0,0) size 800x600
  RenderView at (0,0) size 800x600
layer at (0,0) size 800x600
  RenderBlock {HTML} at (0,0) size 800x600
    RenderBody {BODY} at (8,8) size 784x584
      RenderBlock {P} at (0,0) size 784x18
        RenderText {#text} at (0,0) size 545x18
          text run at (0,0) width 245: "This tests for an infinite loop on Paste. "
          text run at (245,0) width 300: "You should see 'Hello: ' and then an input field."
      RenderBlock {DIV} at (0,34) size 784x25
        RenderText {#text} at (0,3) size 35x18
          text run at (0,3) width 35: "Hello"
        RenderTextControl {INPUT} at (37,2) size 149x21 [bgcolor=#FFFFFF] [border: (2px inset #000000)]
        RenderText {#text} at (188,3) size 4x18
          text run at (188,3) width 4: ":"
layer at (47,47) size 145x15
  RenderBlock {DIV} at (2,3) size 145x15
caret: position 1 of child 1 {INPUT} of child 2 {DIV} of body
