layer at (0,0) size 800x600
  RenderView at (0,0) size 800x600
layer at (0,0) size 800x600
  RenderBlock {HTML} at (0,0) size 800x600
    RenderBody {BODY} at (8,8) size 784x584
      RenderBlock {P} at (0,0) size 784x40
        RenderText {#text} at (0,0) size 776x39
          text run at (0,0) width 408: "This tests smart paste of a fragment that ends in a select element. "
          text run at (408,0) width 368: "There should be spaces added before and after the inserted"
          text run at (0,20) width 50: "content."
      RenderBlock {DIV} at (0,56) size 784x28
        RenderMenuList {SELECT} at (0,0) size 35x28 [bgcolor=#FFFFFF] [border: (1px solid #000000)]
          RenderBlock (anonymous) at (1,1) size 33x26
            RenderText at (5,5) size 7x16
              text run at (5,5) width 7: "1"
      RenderBlock {DIV} at (0,84) size 784x28
        RenderText {#text} at (0,4) size 29x19
          text run at (0,4) width 29: "xfoo"
        RenderMenuList {SELECT} at (29,0) size 35x28 [bgcolor=#FFFFFF] [border: (1px solid #000000)]
          RenderBlock (anonymous) at (1,1) size 33x26
            RenderText at (5,5) size 7x16
              text run at (5,5) width 7: "1"
        RenderText {#text} at (64,4) size 7x19
          text run at (64,4) width 7: "x"
caret: position 3 of child 1 {SELECT} of child 4 {DIV} of body
