layer at (0,0) size 800x600
  RenderView at (0,0) size 800x600
layer at (0,0) size 800x600
  RenderBlock {HTML} at (0,0) size 800x600
    RenderBody {BODY} at (8,8) size 784x584
      RenderBlock {P} at (0,0) size 784x20
        RenderText {#text} at (0,0) size 573x19
          text run at (0,0) width 402: "This tests copying/pasting less than a paragraph of quoted content. "
          text run at (402,0) width 171: "It should not appear quoted."
      RenderBlock {DIV} at (0,36) size 784x100
        RenderBlock (anonymous) at (0,0) size 784x40
          RenderText {#text} at (0,0) size 19x19
            text run at (0,0) width 19: "On"
          RenderBR {BR} at (19,15) size 0x0
          RenderBR {BR} at (0,20) size 0x19
        RenderBlock {BLOCKQUOTE} at (0,40) size 784x20 [color=#0000FF] [border: none (2px solid #0000FF)]
          RenderText {#text} at (12,0) size 156x19
            text run at (12,0) width 156: "On Tuesday, Dave wrote:"
        RenderBlock {BLOCKQUOTE} at (0,60) size 784x20 [color=#0000FF] [border: none (2px solid #0000FF)]
          RenderBR {BR} at (12,0) size 0x19
        RenderBlock {BLOCKQUOTE} at (0,80) size 784x20 [color=#0000FF] [border: none (2px solid #0000FF)]
          RenderText {#text} at (12,0) size 79x19
            text run at (12,0) width 79: "Hello World."
caret: position 3 of child 0 {#text} of child 2 {DIV} of body
