layer at (0,0) size 800x600
  RenderView at (0,0) size 800x600
layer at (0,0) size 800x600
  RenderBlock {HTML} at (0,0) size 800x600
    RenderBody {BODY} at (8,8) size 784x584
      RenderBlock {P} at (0,0) size 784x18
        RenderText {#text} at (0,0) size 541x18
          text run at (0,0) width 541: "This tests for a bug where copied links wouldn't be pasted as links at certain positions."
      RenderBlock {DIV} at (0,34) size 784x36
        RenderBlock (anonymous) at (0,0) size 784x18
          RenderText {#text} at (0,0) size 159x18
            text run at (0,0) width 159: "This should be plain text."
        RenderBlock {DIV} at (0,18) size 784x18
          RenderText {#text} at (0,0) size 159x18
            text run at (0,0) width 159: "This should be plain text."
          RenderInline {A} at (0,0) size 136x18 [color=#0000EE]
            RenderText {#text} at (159,0) size 136x18
              text run at (159,0) width 136: "This should be a link."
        RenderBlock (anonymous) at (0,36) size 784x0
caret: position 22 of child 0 {#text} of child 1 {A} of child 1 {DIV} of child 2 {DIV} of body
