EDITING DELEGATE: shouldBeginEditingInDOMRange:range from 0 of DIV > BODY > HTML > #document to 1 of DIV > BODY > HTML > #document
EDITING DELEGATE: webViewDidBeginEditing:WebViewDidBeginEditingNotification
EDITING DELEGATE: webViewDidChangeSelection:WebViewDidChangeSelectionNotification
EDITING DELEGATE: shouldChangeSelectedDOMRange:range from 2 of DIV > BODY > HTML > #document to 2 of DIV > BODY > HTML > #document toDOMRange:range from 17 of #text > DIV > DIV > BODY > HTML > #document to 17 of #text > DIV > DIV > BODY > HTML > #document affinity:NSSelectionAffinityDownstream stillSelecting:FALSE
EDITING DELEGATE: webViewDidChangeSelection:WebViewDidChangeSelectionNotification
EDITING DELEGATE: webViewDidChange:WebViewDidChangeNotification
layer at (0,0) size 800x600
  RenderView at (0,0) size 800x600
layer at (0,0) size 800x600
  RenderBlock {HTML} at (0,0) size 800x600
    RenderBody {BODY} at (8,8) size 784x584
      RenderBlock {P} at (0,0) size 784x18
        RenderText {#text} at (0,0) size 596x18
          text run at (0,0) width 596: "This is a test to make sure that a placeholder is removed when it is displaced by pasted content."
      RenderBlock {DIV} at (0,34) size 784x36
        RenderBlock (anonymous) at (0,0) size 784x18
          RenderText {#text} at (0,0) size 99x18
            text run at (0,0) width 99: "First paragraph."
        RenderBlock {DIV} at (0,18) size 784x18
          RenderText {#text} at (0,0) size 118x18
            text run at (0,0) width 118: "Second paragraph."
        RenderBlock (anonymous) at (0,36) size 784x0
caret: position 17 of child 0 {#text} of child 1 {DIV} of child 2 {DIV} of body
