layer at (0,0) size 800x600
  RenderView at (0,0) size 800x600
layer at (0,0) size 800x600
  RenderBlock {HTML} at (0,0) size 800x600
    RenderBody {BODY} at (8,8) size 784x584
      RenderBlock {DIV} at (0,0) size 784x140 [border: (2px solid #FF0000)]
        RenderBlock (anonymous) at (14,14) size 756x28
          RenderText {#text} at (0,0) size 351x28
            text run at (0,0) width 351: "Omitted, all the voyage of their life,"
        RenderBlock {DIV} at (14,42) size 756x56 [border: (2px solid #FF0000)]
          RenderText {#text} at (14,14) size 357x28
            text run at (14,14) width 357: "Is bound in shallows and in miseries."
        RenderBlock (anonymous) at (14,98) size 756x28
          RenderText {#text} at (0,0) size 440x28
            text run at (0,0) width 440: "Upon such a full seashallows and in miseries."
      RenderBlock (anonymous) at (0,140) size 784x0
      RenderBlock {DIV} at (0,140) size 784x56 [border: (2px solid #FF0000)]
        RenderText {#text} at (14,14) size 382x28
          text run at (14,14) width 382: "Upon such a full sea are we now afloat,"
caret: position 20 of child 0 {#text} of child 2 {DIV} of body
