EDITING DELEGATE: shouldBeginEditingInDOMRange:range from 0 of DIV > BODY > HTML > #document to 3 of DIV > BODY > HTML > #document
EDITING DELEGATE: webViewDidBeginEditing:WebViewDidBeginEditingNotification
EDITING DELEGATE: webViewDidChangeSelection:WebViewDidChangeSelectionNotification
EDITING DELEGATE: webViewDidChangeSelection:WebViewDidChangeSelectionNotification
EDITING DELEGATE: webViewDidChangeSelection:WebViewDidChangeSelectionNotification
EDITING DELEGATE: webViewDidChangeSelection:WebViewDidChangeSelectionNotification
EDITING DELEGATE: webViewDidChangeSelection:WebViewDidChangeSelectionNotification
EDITING DELEGATE: webViewDidChangeSelection:WebViewDidChangeSelectionNotification
EDITING DELEGATE: webViewDidChangeSelection:WebViewDidChangeSelectionNotification
EDITING DELEGATE: webViewDidChangeSelection:WebViewDidChangeSelectionNotification
EDITING DELEGATE: webViewDidChangeSelection:WebViewDidChangeSelectionNotification
EDITING DELEGATE: webViewDidChangeSelection:WebViewDidChangeSelectionNotification
EDITING DELEGATE: shouldInsertNode:#document-fragment replacingDOMRange:range from 9 of #text > DIV > DIV > BODY > HTML > #document to 0 of DIV > DIV > DIV > BODY > HTML > #document givenAction:WebViewInsertActionPasted
EDITING DELEGATE: shouldChangeSelectedDOMRange:range from 9 of #text > DIV > DIV > BODY > HTML > #document to 0 of DIV > DIV > DIV > BODY > HTML > #document toDOMRange:range from 0 of DIV > DIV > DIV > BODY > HTML > #document to 0 of DIV > DIV > DIV > BODY > HTML > #document affinity:NSSelectionAffinityDownstream stillSelecting:FALSE
EDITING DELEGATE: webViewDidChangeSelection:WebViewDidChangeSelectionNotification
EDITING DELEGATE: webViewDidChange:WebViewDidChangeNotification
layer at (0,0) size 800x600
  RenderView at (0,0) size 800x600
layer at (0,0) size 800x600
  RenderBlock {HTML} at (0,0) size 800x600
    RenderBody {BODY} at (8,8) size 784x584
      RenderBlock {DIV} at (0,0) size 784x212 [border: (2px solid #0000FF)]
        RenderBlock {DIV} at (14,14) size 756x84
          RenderText {#text} at (0,0) size 67x28
            text run at (0,0) width 67: "Tests: "
          RenderBR {BR} at (0,0) size 0x0
          RenderText {#text} at (0,28) size 162x28
            text run at (0,28) width 162: "Fix for this bug: "
          RenderInline {A} at (0,0) size 260x28 [color=#0000EE]
            RenderText {#text} at (162,28) size 260x28
              text run at (162,28) width 260: "<rdar://problem/4045511>"
          RenderText {#text} at (422,28) size 705x56
            text run at (422,28) width 283: " Copying and pasting end-of-"
            text run at (0,56) width 533: "paragraph selection puts insertion point in wrong place"
        RenderBlock {DIV} at (14,114) size 756x84
          RenderText {#text} at (0,0) size 189x28
            text run at (0,0) width 189: "Expected Results: "
          RenderBR {BR} at (189,22) size 0x0
          RenderText {#text} at (0,28) size 715x56
            text run at (0,28) width 708: "Should see two lines of text below, self-documenting themselves as \"line"
            text run at (0,56) width 715: "one\" and \"line two\". The insertion point must be at the start of \"line two\"."
      RenderBlock {DIV} at (0,236) size 784x60
        RenderBlock {DIV} at (0,0) size 784x60 [border: (2px solid #FF0000)]
          RenderBlock (anonymous) at (2,2) size 780x28
            RenderText {#text} at (0,0) size 78x28
              text run at (0,0) width 78: "line one"
          RenderBlock {DIV} at (2,30) size 780x28
            RenderText {#text} at (0,0) size 79x28
              text run at (0,0) width 79: "line two"
caret: position 0 of child 0 {#text} of child 1 {DIV} of child 1 {DIV} of child 3 {DIV} of body
