layer at (0,0) size 800x600
  RenderView at (0,0) size 800x600
layer at (0,0) size 800x600
  RenderBlock {HTML} at (0,0) size 800x600
    RenderBody {BODY} at (8,8) size 784x584
      RenderBlock {DIV} at (0,0) size 784x56 [border: (2px solid #FF0000)]
        RenderText {#text} at (14,14) size 348x28
          text run at (14,14) width 348: "There is a tide in the affairs of men,"
      RenderBlock {DIV} at (0,56) size 784x56 [border: (2px solid #FF0000)]
        RenderText {#text} at (14,14) size 434x28
          text run at (14,14) width 434: "Which taken at the flood leads on to fortune."
      RenderBlock {DIV} at (0,112) size 784x56 [border: (2px solid #FF0000)]
        RenderText {#text} at (14,14) size 351x28
          text run at (14,14) width 351: "Omitted, all the voyage of their life,"
      RenderBlock {DIV} at (0,168) size 784x56 [border: (2px solid #FF0000)]
        RenderText {#text} at (14,14) size 357x28
          text run at (14,14) width 357: "Is bound in shallows and in miseries."
caret: position 0 of child 0 {#text} of child 2 {DIV} of body
