EDITING DELEGATE: shouldBeginEditingInDOMRange:range from 0 of DIV > BODY > HTML > #document to 2 of DIV > BODY > HTML > #document
EDITING DELEGATE: webViewDidBeginEditing:WebViewDidBeginEditingNotification
EDITING DELEGATE: webViewDidChangeSelection:WebViewDidChangeSelectionNotification
EDITING DELEGATE: shouldChangeSelectedDOMRange:range from 0 of DIV > BODY > HTML > #document to 0 of DIV > BODY > HTML > #document toDOMRange:range from 0 of #text > SPAN > DIV > BODY > HTML > #document to 5 of #text > SPAN > DIV > BODY > HTML > #document affinity:NSSelectionAffinityDownstream stillSelecting:FALSE
EDITING DELEGATE: webViewDidChangeSelection:WebViewDidChangeSelectionNotification
EDITING DELEGATE: shouldInsertNode:#document-fragment replacingDOMRange:range from 6 of #text > DIV > BODY > HTML > #document to 6 of #text > DIV > BODY > HTML > #document givenAction:WebViewInsertActionDropped
EDITING DELEGATE: shouldChangeSelectedDOMRange:range from 0 of DIV > BODY > HTML > #document to 0 of DIV > BODY > HTML > #document toDOMRange:range from 5 of #text > DIV > BODY > HTML > #document to 11 of #text > DIV > BODY > HTML > #document affinity:NSSelectionAffinityDownstream stillSelecting:FALSE
EDITING DELEGATE: webViewDidChangeSelection:WebViewDidChangeSelectionNotification
EDITING DELEGATE: webViewDidChange:WebViewDidChangeNotification
layer at (0,0) size 800x600
  RenderView at (0,0) size 800x600
layer at (0,0) size 800x600
  RenderBlock {HTML} at (0,0) size 800x600
    RenderBody {BODY} at (8,8) size 784x584
      RenderBlock {P} at (0,0) size 784x36
        RenderText {#text} at (0,0) size 773x36
          text run at (0,0) width 773: "Tests that drag/drop after double-click does a smart drag. Specifically the end result should have a space: \"world hello\". To"
          text run at (0,18) width 434: "test manually double click on the \"hello\" and drag it to after \"world\"."
      RenderBlock {DIV} at (0,52) size 784x18
        RenderText {#text} at (0,0) size 72x18
          text run at (0,0) width 72: "world hello"
selection start: position 5 of child 0 {#text} of child 3 {DIV} of body
selection end:   position 11 of child 0 {#text} of child 3 {DIV} of body
