layer at (0,0) size 800x600
  RenderView at (0,0) size 800x600
layer at (0,0) size 800x600
  RenderBlock {HTML} at (0,0) size 800x600
    RenderBody {BODY} at (8,8) size 784x584
      RenderBlock {P} at (0,0) size 784x36
        RenderText {#text} at (0,0) size 773x36
          text run at (0,0) width 394: "There was a bug in paste's smart replace whitespace handling. "
          text run at (394,0) width 379: "In some cases, it used information gathered at the start of the"
          text run at (0,18) width 722: "selection being pasted into to decide whether or not a space needed to be added to the end of the incoming content."
      RenderBlock {P} at (0,52) size 784x36
        RenderText {#text} at (0,0) size 765x36
          text run at (0,0) width 548: "A smart paste is performed into a selection starting in one block and ending in another. "
          text run at (548,0) width 217: "Spaces should surround the pasted"
          text run at (0,18) width 37: "word."
      RenderBlock {DIV} at (0,104) size 784x18
        RenderBlock {DIV} at (0,0) size 784x18
          RenderText {#text} at (0,0) size 54x18
            text run at (0,0) width 54: "f foo bar"
        RenderBlock (anonymous) at (0,18) size 784x0
caret: position 5 of child 0 {#text} of child 0 {DIV} of child 4 {DIV} of body
