EDITING DELEGATE: webViewDidChangeSelection:WebViewDidChangeSelectionNotification
EDITING DELEGATE: shouldChangeSelectedDOMRange:range from 0 of BODY > HTML > #document to 0 of BODY > HTML > #document toDOMRange:range from 11 of #text > BODY > HTML > #document to 11 of #text > BODY > HTML > #document affinity:NSSelectionAffinityDownstream stillSelecting:FALSE
EDITING DELEGATE: webViewDidChangeSelection:WebViewDidChangeSelectionNotification
EDITING DELEGATE: webViewDidChange:WebViewDidChangeNotification
EDITING DELEGATE: shouldBeginEditingInDOMRange:range from 0 of BODY > HTML > #document to 2 of BODY > HTML > #document
EDITING DELEGATE: webViewDidBeginEditing:WebViewDidBeginEditingNotification
EDITING DELEGATE: shouldChangeSelectedDOMRange:range from 11 of #text > BODY > HTML > #document to 11 of #text > BODY > HTML > #document toDOMRange:range from 6 of #text > BODY > HTML > #document to 6 of #text > BODY > HTML > #document affinity:NSSelectionAffinityDownstream stillSelecting:FALSE
EDITING DELEGATE: webViewDidChangeSelection:WebViewDidChangeSelectionNotification
EDITING DELEGATE: shouldChangeSelectedDOMRange:range from 6 of #text > BODY > HTML > #document to 6 of #text > BODY > HTML > #document toDOMRange:range from 4 of #text > BODY > HTML > #document to 7 of #text > BODY > HTML > #document affinity:NSSelectionAffinityDownstream stillSelecting:FALSE
EDITING DELEGATE: webViewDidChangeSelection:WebViewDidChangeSelectionNotification
EDITING DELEGATE: shouldInsertNode:#document-fragment replacingDOMRange:range from 11 of #text > BODY > HTML > #document to 11 of #text > BODY > HTML > #document givenAction:WebViewInsertActionDropped
EDITING DELEGATE: webViewDidChangeSelection:WebViewDidChangeSelectionNotification
EDITING DELEGATE: shouldChangeSelectedDOMRange:range from 3 of #text > BODY > HTML > #document to 3 of #text > BODY > HTML > #document toDOMRange:range from 7 of #text > BODY > HTML > #document to 11 of #text > BODY > HTML > #document affinity:NSSelectionAffinityDownstream stillSelecting:FALSE
EDITING DELEGATE: webViewDidChangeSelection:WebViewDidChangeSelectionNotification
EDITING DELEGATE: webViewDidChange:WebViewDidChangeNotification
layer at (0,0) size 800x600
  RenderView at (0,0) size 800x600
layer at (0,0) size 800x600
  RenderBlock {HTML} at (0,0) size 800x600
    RenderBody {BODY} at (0,0) size 800x584
      RenderBlock (anonymous) at (0,0) size 800x304
        RenderIFrame {IFRAME} at (0,0) size 304x304 [border: (2px inset #000000)]
          layer at (0,0) size 300x300
            RenderView at (0,0) size 300x300
          layer at (0,0) size 300x300
            RenderBlock {HTML} at (0,0) size 300x300
              RenderBody {BODY} at (8,8) size 284x284 [bgcolor=#FFFFE0]
                RenderText {#text} at (0,0) size 71x18
                  text run at (0,0) width 71: "foo baz bar"
        RenderText {#text} at (0,0) size 0x0
      RenderBlock {P} at (0,320) size 800x36
        RenderText {#text} at (0,0) size 795x36
          text run at (0,0) width 795: "This test uses the eventSender to do drag and drop. To run it manually, drag the word selected in the above subframe and drop"
          text run at (0,18) width 80: "it after 'baz'. "
          text run at (80,18) width 213: "The result should be 'foo baz bar'."
