layer at (0,0) size 800x600
  RenderView at (0,0) size 800x600
layer at (0,0) size 800x272
  RenderBlock {HTML} at (0,0) size 800x272
    RenderBody {BODY} at (8,8) size 784x248
      RenderBlock (anonymous) at (0,0) size 784x18
        RenderText {#text} at (0,0) size 640x18
          text run at (0,0) width 260: "You should see a green rectangle below. "
          text run at (260,0) width 380: "If you see any red other than anti-aliasing, the test has failed."
      RenderBlock {P} at (0,228) size 784x20 [border: (1px solid #000000)]
        RenderText {#text} at (1,1) size 185x18
          text run at (1,1) width 185: "This line should look normal."
layer at (8,26) size 384x194
  RenderBlock {DIV} at (0,18) size 384x194 [bgcolor=#FF0000]
    RenderInline {SPAN} at (0,0) size 320x64 [color=#008000]
      RenderText {#text} at (0,1) size 320x64
        text run at (0,1) width 320: "xxxxx"
    RenderInline {SPAN} at (0,0) size 64x128 [bgcolor=#008000]
    RenderBR {BR} at (384,1) size 0x64
    RenderInline {SPAN} at (0,0) size 320x128 [color=#008000]
      RenderText {#text} at (0,66) size 320x128
        text run at (0,66) width 320: "xxxxx"
    RenderBlock {DIV} at (320,66) size 64x128 [bgcolor=#008000]
    RenderText {#text} at (0,0) size 0x0
