layer at (0,0) size 800x600
  RenderView at (0,0) size 800x600
layer at (0,0) size 800x209
  RenderBlock {HTML} at (0,0) size 800x209
    RenderBody {BODY} at (8,8) size 784x185
      RenderBlock (anonymous) at (0,0) size 784x20
        RenderText {#text} at (0,0) size 471x19
          text run at (0,0) width 248: "You should see a green rectangle below. "
          text run at (248,0) width 223: "If you see any red, the test has failed."
      RenderBlock {P} at (0,164) size 784x21 [border: (1px solid #000000)]
        RenderText {#text} at (1,1) size 172x19
          text run at (1,1) width 172: "This line should look normal."
layer at (8,28) size 384x128 scrollHeight 141
  RenderBlock {DIV} at (0,20) size 384x128 [bgcolor=#FF0000]
    RenderInline {SPAN} at (0,0) size 320x64 [color=#008000]
      RenderText {#text} at (0,0) size 320x64
        text run at (0,0) width 320: "xxxxx"
    RenderInline {SPAN} at (0,0) size 64x128 [bgcolor=#008000]
    RenderBR {BR} at (384,0) size 0x64
    RenderBlock {DIV} at (0,64) size 384x64 [bgcolor=#008000]
    RenderText {#text} at (0,0) size 0x0
