layer at (0,0) size 800x600
  RenderView at (0,0) size 800x600
layer at (0,0) size 800x98
  RenderBlock {HTML} at (0,0) size 800x98
    RenderBody {BODY} at (8,8) size 784x82
      RenderBlock (anonymous) at (0,0) size 784x18
        RenderText {#text} at (0,0) size 459x18
          text run at (0,0) width 226: "You should see a green line below. "
          text run at (226,0) width 233: "If you see any red, the test has failed."
      RenderBlock {DIV} at (0,82) size 784x0 [bgcolor=#FF0000]
        RenderInline {SPAN} at (0,0) size 320x64 [color=#FF0000]
          RenderText {#text} at (0,-51) size 320x64
            text run at (0,-51) width 320: "xxxxx"
        RenderBR {BR} at (320,-51) size 0x64
        RenderInline {SPAN} at (0,0) size 320x64 [color=#FF0000]
          RenderText {#text} at (0,-51) size 320x64
            text run at (0,-51) width 320: "xxxxx"
        RenderBR {BR} at (320,-51) size 0x64
        RenderInline {SPAN} at (0,0) size 320x64 [color=#FF0000]
          RenderText {#text} at (0,-51) size 320x64
            text run at (0,-51) width 320: "xxxxx"
        RenderBR {BR} at (320,-51) size 0x64
        RenderInline {SPAN} at (0,0) size 320x64 [color=#FF0000]
          RenderText {#text} at (0,-51) size 320x64
            text run at (0,-51) width 320: "xxxxx"
        RenderBR {BR} at (320,-51) size 0x64
        RenderInline {SPAN} at (0,0) size 320x64 [color=#008000]
          RenderText {#text} at (0,-51) size 320x64
            text run at (0,-51) width 320: "xxxxx"
        RenderText {#text} at (0,0) size 0x0
