layer at (0,0) size 800x600
  RenderView at (0,0) size 800x600
layer at (0,0) size 800x514
  RenderBlock {HTML} at (0,0) size 800x514
    RenderBody {BODY} at (8,8) size 784x498
      RenderTable {TABLE} at (0,0) size 669x498
        RenderTableSection {TBODY} at (0,0) size 669x498
          RenderTableRow {TR} at (0,2) size 669x22
            RenderTableCell {TH} at (2,2) size 93x22 [bgcolor=#DDDD99] [r=0 c=0 rs=1 cs=1]
              RenderText {#text} at (9,1) size 75x20
                text run at (9,1) width 75: "viewBox?"
            RenderTableCell {TH} at (96,2) size 163x22 [bgcolor=#DDDD99] [r=0 c=1 rs=1 cs=1]
              RenderText {#text} at (1,1) size 161x20
                text run at (1,1) width 161: "preserve\x{AD}Aspect\x{AD}Ratio"
            RenderTableCell {TH} at (260,2) size 203x22 [bgcolor=#DDDD99] [r=0 c=2 rs=1 cs=1]
              RenderText {#text} at (77,1) size 48x20
                text run at (77,1) width 48: "<img>"
            RenderTableCell {TH} at (464,2) size 203x22 [bgcolor=#DDDD99] [r=0 c=3 rs=1 cs=1]
              RenderText {#text} at (80,1) size 42x20
                text run at (80,1) width 42: "<div>"
          RenderTableRow {TR} at (0,26) size 669x57
            RenderTableCell {TH} at (2,132) size 93x22 [bgcolor=#DDDD99] [r=1 c=0 rs=4 cs=1]
              RenderText {#text} at (1,107) size 91x20
                text run at (1,1) width 91: "No viewBox"
            RenderTableCell {TH} at (96,53) size 163x3 [bgcolor=#DDDD99] [r=1 c=1 rs=1 cs=1]
            RenderTableCell {TD} at (260,26) size 203x57 [r=1 c=2 rs=1 cs=1]
              RenderImage {IMG} at (1,1) size 200x50 [border: (2px dashed #800000)]
              RenderText {#text} at (0,0) size 0x0
            RenderTableCell {TD} at (464,28) size 203x53 [r=1 c=3 rs=1 cs=1]
              RenderBlock {DIV} at (1,3) size 200x51 [border: (2px dashed #800000)]
          RenderTableRow {TR} at (0,85) size 669x57
            RenderTableCell {TH} at (96,102) size 163x23 [bgcolor=#DDDD99] [r=2 c=1 rs=1 cs=1]
              RenderText {#text} at (61,18) size 40x21
                text run at (61,1) width 40: "none"
            RenderTableCell {TD} at (260,85) size 203x57 [r=2 c=2 rs=1 cs=1]
              RenderImage {IMG} at (1,1) size 200x50 [border: (2px dashed #800000)]
              RenderText {#text} at (0,0) size 0x0
            RenderTableCell {TD} at (464,87) size 203x53 [r=2 c=3 rs=1 cs=1]
              RenderBlock {DIV} at (1,3) size 200x51 [border: (2px dashed #800000)]
          RenderTableRow {TR} at (0,144) size 669x57
            RenderTableCell {TH} at (96,161) size 163x23 [bgcolor=#DDDD99] [r=3 c=1 rs=1 cs=1]
              RenderText {#text} at (62,18) size 38x21
                text run at (62,1) width 38: "meet"
            RenderTableCell {TD} at (260,144) size 203x57 [r=3 c=2 rs=1 cs=1]
              RenderImage {IMG} at (1,1) size 200x50 [border: (2px dashed #800000)]
              RenderText {#text} at (0,0) size 0x0
            RenderTableCell {TD} at (464,146) size 203x53 [r=3 c=3 rs=1 cs=1]
              RenderBlock {DIV} at (1,3) size 200x51 [border: (2px dashed #800000)]
          RenderTableRow {TR} at (0,203) size 669x57
            RenderTableCell {TH} at (96,220) size 163x23 [bgcolor=#DDDD99] [r=4 c=1 rs=1 cs=1]
              RenderText {#text} at (63,18) size 36x21
                text run at (63,1) width 36: "slice"
            RenderTableCell {TD} at (260,203) size 203x57 [r=4 c=2 rs=1 cs=1]
              RenderImage {IMG} at (1,1) size 200x50 [border: (2px dashed #800000)]
              RenderText {#text} at (0,0) size 0x0
            RenderTableCell {TD} at (464,205) size 203x53 [r=4 c=3 rs=1 cs=1]
              RenderBlock {DIV} at (1,3) size 200x51 [border: (2px dashed #800000)]
          RenderTableRow {TR} at (0,262) size 669x57
            RenderTableCell {TH} at (2,368) size 93x22 [bgcolor=#DDDD99] [r=5 c=0 rs=4 cs=1]
              RenderText {#text} at (13,107) size 66x20
                text run at (13,1) width 66: "viewBox"
            RenderTableCell {TH} at (96,289) size 163x3 [bgcolor=#DDDD99] [r=5 c=1 rs=1 cs=1]
            RenderTableCell {TD} at (260,262) size 203x57 [r=5 c=2 rs=1 cs=1]
              RenderImage {IMG} at (1,1) size 200x50 [border: (2px dashed #800000)]
              RenderText {#text} at (0,0) size 0x0
            RenderTableCell {TD} at (464,264) size 203x53 [r=5 c=3 rs=1 cs=1]
              RenderBlock {DIV} at (1,3) size 200x51 [border: (2px dashed #800000)]
          RenderTableRow {TR} at (0,321) size 669x57
            RenderTableCell {TH} at (96,338) size 163x23 [bgcolor=#DDDD99] [r=6 c=1 rs=1 cs=1]
              RenderText {#text} at (61,18) size 40x21
                text run at (61,1) width 40: "none"
            RenderTableCell {TD} at (260,321) size 203x57 [r=6 c=2 rs=1 cs=1]
              RenderImage {IMG} at (1,1) size 200x50 [border: (2px dashed #800000)]
              RenderText {#text} at (0,0) size 0x0
            RenderTableCell {TD} at (464,323) size 203x53 [r=6 c=3 rs=1 cs=1]
              RenderBlock {DIV} at (1,3) size 200x51 [border: (2px dashed #800000)]
          RenderTableRow {TR} at (0,380) size 669x57
            RenderTableCell {TH} at (96,397) size 163x23 [bgcolor=#DDDD99] [r=7 c=1 rs=1 cs=1]
              RenderText {#text} at (62,18) size 38x21
                text run at (62,1) width 38: "meet"
            RenderTableCell {TD} at (260,380) size 203x57 [r=7 c=2 rs=1 cs=1]
              RenderImage {IMG} at (1,1) size 200x50 [border: (2px dashed #800000)]
              RenderText {#text} at (0,0) size 0x0
            RenderTableCell {TD} at (464,382) size 203x53 [r=7 c=3 rs=1 cs=1]
              RenderBlock {DIV} at (1,3) size 200x51 [border: (2px dashed #800000)]
          RenderTableRow {TR} at (0,439) size 669x57
            RenderTableCell {TH} at (96,456) size 163x23 [bgcolor=#DDDD99] [r=8 c=1 rs=1 cs=1]
              RenderText {#text} at (63,18) size 36x21
                text run at (63,1) width 36: "slice"
            RenderTableCell {TD} at (260,439) size 203x57 [r=8 c=2 rs=1 cs=1]
              RenderImage {IMG} at (1,1) size 200x50 [border: (2px dashed #800000)]
              RenderText {#text} at (0,0) size 0x0
            RenderTableCell {TD} at (464,441) size 203x53 [r=8 c=3 rs=1 cs=1]
              RenderBlock {DIV} at (1,3) size 200x51 [border: (2px dashed #800000)]
