layer at (0,0) size 800x600
  RenderView at (0,0) size 800x600
layer at (0,0) size 800x162
  RenderBlock {HTML} at (0,0) size 800x162
layer at (0,0) size 162x162 clip at (1,1) size 160x160 scrollHeight 236
  RenderBlock {body} at (0,0) size 162x162 [color=#000080] [border: (1px solid #000080)]
    RenderBlock {P} at (1,17) size 160x60
      RenderText {#text} at (0,0) size 155x59
        text run at (0,0) width 104: "There should be"
        text run at (0,20) width 155: "scrollbars for this box --"
        text run at (0,40) width 132: "not for the viewport."
    RenderBlock {P} at (1,93) size 160x20 [color=#808080]
      RenderText {#text} at (0,0) size 111x19
        text run at (0,0) width 111: "This is filler text."
    RenderBlock {P} at (1,129) size 160x20 [color=#808080]
      RenderText {#text} at (0,0) size 111x19
        text run at (0,0) width 111: "This is filler text."
    RenderBlock {P} at (1,165) size 160x20 [color=#808080]
      RenderText {#text} at (0,0) size 111x19
        text run at (0,0) width 111: "This is filler text."
    RenderBlock {P} at (1,201) size 160x20 [color=#808080]
      RenderText {#text} at (0,0) size 111x19
        text run at (0,0) width 111: "This is filler text."
