layer at (0,0) size 785x1613
  RenderView at (0,0) size 785x600
layer at (0,0) size 785x1613
  RenderBlock {HTML} at (0,0) size 785x1613
    RenderBody {BODY} at (8,8) size 769x1597 [bgcolor=#CCCCCC]
      RenderBlock {P} at (0,0) size 769x18
        RenderText {#text} at (0,0) size 363x17
          text run at (0,0) width 363: "The style declarations which apply to the text below are:"
      RenderBlock {PRE} at (0,34) size 769x165
        RenderText {#text} at (0,0) size 609x165
          text run at (0,0) width 180: ".zero {margin-left: 0;}"
          text run at (179,0) width 1: " "
          text run at (0,15) width 188: ".one {margin-left: 3em;}"
          text run at (187,15) width 1: " "
          text run at (0,30) width 188: ".two {margin-left: 3ex;}"
          text run at (187,30) width 1: " "
          text run at (0,45) width 211: ".three {margin-left: 36px;}"
          text run at (210,45) width 1: " "
          text run at (0,60) width 211: ".four {margin-left: 0.5in;}"
          text run at (210,60) width 1: " "
          text run at (0,75) width 219: ".five {margin-left: 1.27cm;}"
          text run at (218,75) width 1: " "
          text run at (0,90) width 211: ".six {margin-left: 12.7mm;}"
          text run at (210,90) width 1: " "
          text run at (0,105) width 211: ".seven {margin-left: 36pt;}"
          text run at (210,105) width 1: " "
          text run at (0,120) width 203: ".eight {margin-left: 3pc;}"
          text run at (202,120) width 1: " "
          text run at (0,135) width 203: ".nine {margin-left: +3pc;}"
          text run at (202,135) width 1: " "
          text run at (0,150) width 609: ".ten {font-size: 40px; border-left: 1ex solid purple; background-color: aqua;}"
          text run at (608,150) width 1: " "
      RenderBlock {P} at (0,230) size 769x36
        RenderText {#text} at (0,0) size 737x35
          text run at (0,0) width 737: "This paragraph has no left margin. The following paragraphs have all been given a left margin and their left (outer)"
          text run at (0,18) width 397: "edges should therefore be appropriately shifted to the right of "
        RenderInline {EM} at (0,0) size 24x17
          RenderText {#text} at (396,18) size 24x17
            text run at (396,18) width 24: "this"
        RenderText {#text} at (419,18) size 142x17
          text run at (419,18) width 142: " paragraph's left edge."
      RenderBlock {P} at (48,282) size 721x18
        RenderText {#text} at (0,0) size 316x17
          text run at (0,0) width 316: "This paragraph should have a left margin of 3em."
      RenderBlock {P} at (22,316) size 747x18
        RenderText {#text} at (0,0) size 312x17
          text run at (0,0) width 312: "This paragraph should have a left margin of 3ex."
      RenderBlock {P} at (36,350) size 733x18
        RenderText {#text} at (0,0) size 347x17
          text run at (0,0) width 347: "This paragraph should have a left margin of 36 pixels."
      RenderBlock {P} at (48,384) size 721x18
        RenderText {#text} at (0,0) size 364x17
          text run at (0,0) width 364: "This paragraph should have a left margin of half an inch."
      RenderBlock {P} at (48,418) size 721x18
        RenderText {#text} at (0,0) size 336x17
          text run at (0,0) width 336: "This paragraph should have a left margin of 1.27cm."
      RenderBlock {P} at (48,452) size 721x18
        RenderText {#text} at (0,0) size 341x17
          text run at (0,0) width 341: "This paragraph should have a left margin of 12.7mm."
      RenderBlock {P} at (48,486) size 721x18
        RenderText {#text} at (0,0) size 348x17
          text run at (0,0) width 348: "This paragraph should have a left margin of 36 points."
      RenderBlock {P} at (48,520) size 721x18
        RenderText {#text} at (0,0) size 333x17
          text run at (0,0) width 333: "This paragraph should have a left margin of 3 picas."
      RenderBlock {P} at (48,554) size 721x18
        RenderText {#text} at (0,0) size 603x17
          text run at (0,0) width 603: "This paragraph should have a left margin of 3 picas (the plus sign should make no difference)."
      RenderBlock {P} at (0,612) size 769x239 [bgcolor=#00FFFF] [border: none (18px solid #800080)]
        RenderText {#text} at (18,1) size 309x45
          text run at (18,1) width 309: "This element has a "
        RenderInline {CODE} at (0,0) size 217x45
          RenderText {#text} at (326,4) size 217x45
            text run at (326,4) width 217: "font-size"
        RenderText {#text} at (542,1) size 55x45
          text run at (542,1) width 55: " of "
        RenderInline {CODE} at (0,0) size 97x45
          RenderText {#text} at (596,4) size 97x45
            text run at (596,4) width 97: "40px"
        RenderText {#text} at (692,1) size 742x94
          text run at (692,1) width 68: " and"
          text run at (18,50) width 28: "a "
        RenderInline {CODE} at (0,0) size 265x45
          RenderText {#text} at (45,53) size 265x45
            text run at (45,53) width 265: "border-left"
        RenderText {#text} at (309,50) size 55x45
          text run at (309,50) width 55: " of "
        RenderInline {CODE} at (0,0) size 385x45
          RenderText {#text} at (363,53) size 385x45
            text run at (363,53) width 385: "1ex solid purple"
        RenderText {#text} at (747,50) size 740x188
          text run at (747,50) width 11: "."
          text run at (18,99) width 673: "This should make the left border the same"
          text run at (18,146) width 709: "number of pixels as the lower-case 'x' in this"
          text run at (18,193) width 610: "element's font, as well as solid purple."
      RenderTable {TABLE} at (0,891) size 769x706 [border: (1px outset #808080)]
        RenderTableSection {TBODY} at (1,1) size 767x704
          RenderTableRow {TR} at (0,0) size 767x26
            RenderTableCell {TD} at (0,0) size 767x26 [bgcolor=#C0C0C0] [border: (1px inset #808080)] [r=0 c=0 rs=1 cs=2]
              RenderInline {STRONG} at (0,0) size 161x17
                RenderText {#text} at (4,4) size 161x17
                  text run at (4,4) width 161: "TABLE Testing Section"
          RenderTableRow {TR} at (0,26) size 767x678
            RenderTableCell {TD} at (0,352) size 12x26 [bgcolor=#C0C0C0] [border: (1px inset #808080)] [r=1 c=0 rs=1 cs=1]
              RenderText {#text} at (4,4) size 4x17
                text run at (4,4) width 4: " "
            RenderTableCell {TD} at (12,26) size 755x678 [border: (1px inset #808080)] [r=1 c=1 rs=1 cs=1]
              RenderBlock {P} at (4,4) size 747x36
                RenderText {#text} at (0,0) size 737x35
                  text run at (0,0) width 737: "This paragraph has no left margin. The following paragraphs have all been given a left margin and their left (outer)"
                  text run at (0,18) width 397: "edges should therefore be appropriately shifted to the right of "
                RenderInline {EM} at (0,0) size 24x17
                  RenderText {#text} at (396,18) size 24x17
                    text run at (396,18) width 24: "this"
                RenderText {#text} at (419,18) size 142x17
                  text run at (419,18) width 142: " paragraph's left edge."
              RenderBlock {P} at (52,56) size 699x18
                RenderText {#text} at (0,0) size 316x17
                  text run at (0,0) width 316: "This paragraph should have a left margin of 3em."
              RenderBlock {P} at (26,90) size 725x18
                RenderText {#text} at (0,0) size 312x17
                  text run at (0,0) width 312: "This paragraph should have a left margin of 3ex."
              RenderBlock {P} at (40,124) size 711x18
                RenderText {#text} at (0,0) size 347x17
                  text run at (0,0) width 347: "This paragraph should have a left margin of 36 pixels."
              RenderBlock {P} at (52,158) size 699x18
                RenderText {#text} at (0,0) size 364x17
                  text run at (0,0) width 364: "This paragraph should have a left margin of half an inch."
              RenderBlock {P} at (52,192) size 699x18
                RenderText {#text} at (0,0) size 336x17
                  text run at (0,0) width 336: "This paragraph should have a left margin of 1.27cm."
              RenderBlock {P} at (52,226) size 699x18
                RenderText {#text} at (0,0) size 341x17
                  text run at (0,0) width 341: "This paragraph should have a left margin of 12.7mm."
              RenderBlock {P} at (52,260) size 699x18
                RenderText {#text} at (0,0) size 348x17
                  text run at (0,0) width 348: "This paragraph should have a left margin of 36 points."
              RenderBlock {P} at (52,294) size 699x18
                RenderText {#text} at (0,0) size 333x17
                  text run at (0,0) width 333: "This paragraph should have a left margin of 3 picas."
              RenderBlock {P} at (52,328) size 699x18
                RenderText {#text} at (0,0) size 603x17
                  text run at (0,0) width 603: "This paragraph should have a left margin of 3 picas (the plus sign should make no difference)."
              RenderBlock {P} at (4,386) size 747x288 [bgcolor=#00FFFF] [border: none (18px solid #800080)]
                RenderText {#text} at (18,1) size 309x45
                  text run at (18,1) width 309: "This element has a "
                RenderInline {CODE} at (0,0) size 217x45
                  RenderText {#text} at (326,4) size 217x45
                    text run at (326,4) width 217: "font-size"
                RenderText {#text} at (542,1) size 55x45
                  text run at (542,1) width 55: " of "
                RenderInline {CODE} at (0,0) size 97x45
                  RenderText {#text} at (596,4) size 97x45
                    text run at (596,4) width 97: "40px"
                RenderText {#text} at (18,50) size 96x45
                  text run at (18,50) width 96: "and a "
                RenderInline {CODE} at (0,0) size 265x45
                  RenderText {#text} at (113,53) size 265x45
                    text run at (113,53) width 265: "border-left"
                RenderText {#text} at (377,50) size 54x45
                  text run at (377,50) width 54: " of "
                RenderInline {CODE} at (0,0) size 629x94
                  RenderText {#text} at (430,53) size 629x94
                    text run at (430,53) width 217: "1ex solid"
                    text run at (18,102) width 145: "purple"
                RenderText {#text} at (162,99) size 707x188
                  text run at (162,99) width 21: ". "
                  text run at (182,99) width 521: "This should make the left border"
                  text run at (18,148) width 707: "the same number of pixels as the lower-case"
                  text run at (18,195) width 641: "'x' in this element's font, as well as solid"
                  text run at (18,242) width 113: "purple."
layer at (8,220) size 769x2 clip at (0,0) size 0x0
  RenderBlock {HR} at (0,212) size 769x2 [border: (1px inset #000000)]
