layer at (0,0) size 800x600
  RenderView at (0,0) size 800x600
layer at (0,0) size 800x600
  RenderBlock {HTML} at (0,0) size 800x600
    RenderBody {BODY} at (8,8) size 784x542
      RenderBlock {P} at (0,0) size 784x18
        RenderText {#text} at (0,0) size 329x17
          text run at (0,0) width 329: "You should see two green boxes below, with no red"
layer at (58,76) size 120x120
  RenderBlock (relative positioned) {DIV} at (50,68) size 120x120 [border: (1px solid #000000)]
layer at (69,87) size 100x100
  RenderBlock {DIV} at (11,11) size 100x100 [bgcolor=#FF0000]
layer at (69,87) size 100x100
  RenderBlock (positioned) {DIV} at (11,11) size 100x100 [bgcolor=#008000]
layer at (58,246) size 120x120
  RenderBlock (relative positioned) {DIV} at (50,238) size 120x120 [border: (1px solid #000000)]
layer at (69,257) size 100x100
  RenderBlock {DIV} at (11,11) size 100x100 [bgcolor=#FF0000]
layer at (69,257) size 100x100
  RenderBlock (positioned) {DIV} at (11,11) size 100x100 [bgcolor=#008000]
