layer at (0,0) size 800x600
  RenderView at (0,0) size 800x600
layer at (0,0) size 800x600
  RenderBlock {HTML} at (0,0) size 800x600
    RenderBody {BODY} at (8,8) size 784x584
      RenderBlock {P} at (0,0) size 784x40
        RenderText {#text} at (0,0) size 55x19
          text run at (0,0) width 55: "Test for "
        RenderInline {A} at (0,0) size 61x19 [color=#0000EE]
          RenderText {#text} at (54,0) size 61x19
            text run at (54,0) width 61: "bug 8121"
        RenderText {#text} at (114,0) size 291x19
          text run at (114,0) width 291: ": REGRESSION: 404s are not displayed and "
        RenderInline {A} at (0,0) size 61x19 [color=#0000EE]
          RenderText {#text} at (404,0) size 61x19
            text run at (404,0) width 61: "bug 7739"
        RenderText {#text} at (464,0) size 778x39
          text run at (464,0) width 314: ": REGRESSION: Assertion failure loading acid2"
          text run at (0,20) width 307: "test in -[WebCoreFrameBridge installInFrame:]"
      RenderBlock {P} at (0,56) size 784x40
        RenderText {#text} at (0,0) size 764x39
          text run at (0,0) width 168: "Here is an invalid iframe. "
          text run at (167,0) width 597: "It should contain a 404 error message, not any green fallback text. Note this will only work if"
          text run at (0,20) width 180: "this page is fetched via http."
      RenderBlock (anonymous) at (0,112) size 784x184
        RenderIFrame {IFRAME} at (0,0) size 553x184 [border: (2px inset #000000)]
          layer at (0,0) size 549x180
            RenderView at (0,0) size 549x180
          layer at (0,0) size 549x180
            RenderBlock {HTML} at (0,0) size 549x180
              RenderBody {BODY} at (8,8) size 533x164
                RenderText {#text} at (0,0) size 373x19
                  text run at (0,0) width 373: "This 404 error was intentionally generated by a test script."
        RenderText {#text} at (0,0) size 0x0
      RenderBlock {P} at (0,312) size 784x20
        RenderText {#text} at (0,0) size 498x19
          text run at (0,0) width 165: "Here is an invalid object. "
          text run at (164,0) width 334: "It should be rendered with some green fallback text."
      RenderBlock (anonymous) at (0,348) size 784x20
        RenderInline {OBJECT} at (0,0) size 80x19
          RenderText {#text} at (0,0) size 0x0
          RenderInline {SPAN} at (0,0) size 80x19 [color=#008000]
            RenderText {#text} at (0,0) size 80x19
              text run at (0,0) width 80: "fallback text"
          RenderText {#text} at (0,0) size 0x0
        RenderText {#text} at (0,0) size 0x0
