layer at (0,0) size 800x600
  RenderView at (0,0) size 800x600
layer at (0,0) size 800x492
  RenderBlock {HTML} at (0,0) size 800x492
    RenderBody {BODY} at (8,16) size 784x466
      RenderBlock {P} at (0,0) size 784x40
        RenderText {#text} at (0,0) size 755x39
          text run at (0,0) width 755: "Tests that masked elements do not render until their mask images are fully loaded. You should not see any blue boxes"
          text run at (0,20) width 44: "below."
layer at (18,72) size 200x200
  RenderBlock {DIV} at (10,56) size 200x200 [bgcolor=#0000FF]
layer at (18,282) size 200x200
  RenderBlock {DIV} at (10,266) size 200x200 [bgcolor=#0000FF]
