layer at (0,0) size 800x600
  RenderView at (0,0) size 800x600
layer at (0,0) size 800x600
  RenderBlock {HTML} at (0,0) size 800x600
    RenderBody {BODY} at (8,8) size 784x584
      RenderBlock {P} at (0,0) size 784x36
        RenderText {#text} at (0,0) size 747x36
          text run at (0,0) width 450: "This tests for a bug when replacing the contents of a floating element. "
          text run at (449,0) width 298: "Just its contents should be removed during the"
          text run at (0,18) width 51: "replace."
      RenderBlock {DIV} at (0,52) size 784x18
        RenderText {#text} at (296,0) size 239x18
          text run at (296,0) width 239: "This shouldn't be in the bordered div."
        RenderBlock (floating) {DIV} at (0,0) size 297x20 [border: (1px solid #0000FF)]
          RenderText {#text} at (1,1) size 295x18
            text run at (1,1) width 295: "This should be in a floating blue bordered div."
caret: position 47 of child 0 {#text} of child 1 {DIV} of child 2 {DIV} of body
