layer at (0,0) size 800x600
  RenderView at (0,0) size 800x600
layer at (0,0) size 800x600
  RenderBlock {HTML} at (0,0) size 800x600
    RenderBody {BODY} at (8,8) size 784x584
      RenderBlock {P} at (0,0) size 784x18
        RenderText {#text} at (0,0) size 772x18
          text run at (0,0) width 772: "This tests for a bug where hitting return between two tables would add a new paragraph at the end of the editable region."
      RenderBlock {DIV} at (0,34) size 784x88
        RenderTable {TABLE} at (0,0) size 484x26 [border: (1px solid #AAAAAA)]
          RenderTableSection {TBODY} at (1,1) size 482x24
            RenderTableRow {TR} at (0,2) size 482x20
              RenderTableCell {TD} at (2,2) size 478x20 [r=0 c=0 rs=1 cs=1]
                RenderText {#text} at (1,1) size 476x18
                  text run at (1,1) width 476: "There should be two empty paragraphs after this table and before the next."
        RenderBlock {DIV} at (0,26) size 784x18
          RenderBR {BR} at (0,0) size 0x18
        RenderBlock (anonymous) at (0,44) size 784x18
          RenderBR {BR} at (0,0) size 0x18
        RenderTable {TABLE} at (0,62) size 280x26 [border: (1px solid #AAAAAA)]
          RenderTableSection {TBODY} at (1,1) size 278x24
            RenderTableRow {TR} at (0,2) size 278x20
              RenderTableCell {TD} at (2,2) size 274x20 [r=0 c=0 rs=1 cs=1]
                RenderText {#text} at (1,1) size 272x18
                  text run at (1,1) width 272: "And the caret should be in the second one."
caret: position 0 of child 2 {BR} of child 2 {DIV} of body
