layer at (0,0) size 800x600
  RenderView at (0,0) size 800x600
layer at (0,0) size 800x600
  RenderBlock {HTML} at (0,0) size 800x600
    RenderBody {BODY} at (8,8) size 784x579
      RenderBlock {P} at (0,0) size 784x36
        RenderText {#text} at (0,0) size 776x36
          text run at (0,0) width 653: "This tests that inserting a newline at the beginning of quoted content doesn't add an extra quoted line. "
          text run at (652,0) width 124: "The test has passed"
          text run at (0,18) width 421: "if there are no empty lines (quoted or unquoted) in the box below."
      RenderBlock {DIV} at (0,52) size 784x90
        RenderBlock (anonymous) at (0,0) size 784x18
          RenderText {#text} at (0,0) size 60x18
            text run at (0,0) width 60: "unquoted"
          RenderBR {BR} at (59,0) size 1x18
        RenderBlock {BLOCKQUOTE} at (0,18) size 784x18 [color=#0000FF] [border: none (2px solid #0000FF)]
          RenderBlock {DIV} at (12,0) size 772x18
            RenderText {#text} at (0,0) size 98x18
              text run at (0,0) width 98: "quote level one"
        RenderBlock {BLOCKQUOTE} at (0,36) size 784x18 [color=#0000FF] [border: none (2px solid #0000FF)]
          RenderBlock {DIV} at (12,0) size 772x18
            RenderText {#text} at (0,0) size 98x18
              text run at (0,0) width 98: "quote level one"
        RenderBlock (anonymous) at (0,54) size 784x18
          RenderText {#text} at (0,0) size 60x18
            text run at (0,0) width 60: "unquoted"
          RenderBR {BR} at (59,0) size 1x18
        RenderBlock {BLOCKQUOTE} at (0,72) size 784x18 [color=#0000FF] [border: none (2px solid #0000FF)]
          RenderBlock {DIV} at (12,0) size 772x18
            RenderBlock {BLOCKQUOTE} at (0,0) size 772x18 [border: none (2px solid #0000FF)]
              RenderBlock {DIV} at (12,0) size 760x18
                RenderText {#text} at (0,0) size 99x18
                  text run at (0,0) width 99: "quote level two"
      RenderBlock {PRE} at (0,155) size 784x0
caret: position 8 of child 6 {#text} of child 3 {DIV} of body
