layer at (0,0) size 800x600
  RenderView at (0,0) size 800x600
layer at (0,0) size 800x600
  RenderBlock {HTML} at (0,0) size 800x600
    RenderBody {BODY} at (8,8) size 784x584
      RenderBlock (anonymous) at (0,0) size 784x36
        RenderText {#text} at (0,0) size 775x18
          text run at (0,0) width 775: "This tests that the blockquote's typing style doesn't remain after breaking the blockquote and typing in the unquoted area."
        RenderBR {BR} at (774,0) size 1x18
        RenderBR {BR} at (0,18) size 0x18
      RenderBlock {DIV} at (0,36) size 784x54
        RenderBlock {BLOCKQUOTE} at (0,0) size 784x18 [color=#0000FF] [border: none (2px solid #0000FF)]
          RenderText {#text} at (12,0) size 28x18
            text run at (12,0) width 28: "blue"
        RenderBlock (anonymous) at (0,18) size 784x18
          RenderText {#text} at (0,0) size 35x18
            text run at (0,0) width 35: "black"
          RenderBR {BR} at (34,0) size 1x18
        RenderBlock {BLOCKQUOTE} at (0,36) size 784x18 [color=#0000FF] [border: none (2px solid #0000FF)]
          RenderBlock {DIV} at (12,0) size 772x18
            RenderBlock {BLOCKQUOTE} at (0,0) size 772x18 [color=#008000] [border: none (2px solid #008000)]
              RenderText {#text} at (12,0) size 36x18
                text run at (12,0) width 36: "green"
caret: position 5 of child 2 {#text} of child 4 {DIV} of body
