EDITING DELEGATE: shouldBeginEditingInDOMRange:range from 0 of DIV > BODY > HTML > #document to 2 of DIV > BODY > HTML > #document
EDITING DELEGATE: webViewDidBeginEditing:WebViewDidBeginEditingNotification
EDITING DELEGATE: webViewDidChangeSelection:WebViewDidChangeSelectionNotification
EDITING DELEGATE: webViewDidChangeSelection:WebViewDidChangeSelectionNotification
EDITING DELEGATE: webViewDidChangeSelection:WebViewDidChangeSelectionNotification
EDITING DELEGATE: webViewDidChangeSelection:WebViewDidChangeSelectionNotification
EDITING DELEGATE: webViewDidChangeSelection:WebViewDidChangeSelectionNotification
EDITING DELEGATE: webViewDidChangeSelection:WebViewDidChangeSelectionNotification
EDITING DELEGATE: shouldChangeSelectedDOMRange:range from 1 of DIV > BODY > HTML > #document to 1 of DIV > BODY > HTML > #document toDOMRange:range from 1 of DIV > BODY > HTML > #document to 1 of DIV > BODY > HTML > #document affinity:NSSelectionAffinityDownstream stillSelecting:FALSE
EDITING DELEGATE: webViewDidChangeSelection:WebViewDidChangeSelectionNotification
EDITING DELEGATE: webViewDidChange:WebViewDidChangeNotification
layer at (0,0) size 800x600
  RenderView at (0,0) size 800x600
layer at (0,0) size 800x600
  RenderBlock {HTML} at (0,0) size 800x600
    RenderBody {BODY} at (8,8) size 784x584
      RenderBlock {P} at (0,0) size 784x36
        RenderText {#text} at (0,0) size 758x36
          text run at (0,0) width 351: "This tests inserting a paragraph separator after a table. "
          text run at (350,0) width 408: "There should be an empty paragraph between the table and 'bar'"
          text run at (0,18) width 304: "and the caret should be in the empty paragraph."
      RenderBlock {DIV} at (0,52) size 784x64
        RenderTable {TABLE} at (0,0) size 32x28 [border: (1px outset #808080)]
          RenderTableSection {TBODY} at (1,1) size 30x26
            RenderTableRow {TR} at (0,2) size 30x22
              RenderTableCell {TD} at (2,2) size 26x22 [border: (1px inset #808080)] [r=0 c=0 rs=1 cs=1]
                RenderText {#text} at (2,2) size 22x18
                  text run at (2,2) width 22: "foo"
        RenderBlock (anonymous) at (0,28) size 784x36
          RenderBR {BR} at (0,0) size 0x18
          RenderText {#text} at (0,18) size 21x18
            text run at (0,18) width 21: "bar"
caret: position 0 of child 1 {BR} of child 2 {DIV} of body
