EDITING DELEGATE: shouldBeginEditingInDOMRange:range from 0 of BODY > HTML > #document to 10 of BODY > HTML > #document
EDITING DELEGATE: webViewDidBeginEditing:WebViewDidBeginEditingNotification
EDITING DELEGATE: webViewDidChangeSelection:WebViewDidChangeSelectionNotification
EDITING DELEGATE: webViewDidChangeSelection:WebViewDidChangeSelectionNotification
EDITING DELEGATE: webViewDidChange:WebViewDidChangeNotification
layer at (0,0) size 800x600
  RenderView at (0,0) size 800x600
layer at (0,0) size 800x600
  RenderBlock {HTML} at (0,0) size 800x600
    RenderBody {BODY} at (8,8) size 784x584
      RenderBlock (anonymous) at (0,0) size 784x28
        RenderText {#text} at (0,0) size 622x28
          text run at (0,0) width 622: "Test inserting paragraphs: should see empty red box above \"baz\""
      RenderBlock {DIV} at (0,28) size 784x12
      RenderBlock {DIV} at (0,40) size 784x56 [border: (2px solid #FF0000)]
        RenderBR {BR} at (14,14) size 0x28
      RenderBlock {DIV} at (0,96) size 784x56 [border: (2px solid #FF0000)]
        RenderText {#text} at (14,14) size 34x28
          text run at (14,14) width 34: "baz"
      RenderBlock (anonymous) at (0,152) size 784x28
        RenderText {#text} at (0,0) size 31x28
          text run at (0,0) width 31: "bar"
      RenderBlock {DIV} at (0,180) size 784x56 [border: (2px solid #FF0000)]
        RenderText {#text} at (14,14) size 32x28
          text run at (14,14) width 32: "foo"
      RenderBlock {DIV} at (0,236) size 784x56 [border: (2px solid #FF0000)]
        RenderBR {BR} at (14,14) size 0x28
caret: position 0 of child 0 {#text} of child 4 {DIV} of body
