EDITING DELEGATE: shouldBeginEditingInDOMRange:range from 0 of DIV > BODY > HTML > #document to 3 of DIV > BODY > HTML > #document
EDITING DELEGATE: webViewDidBeginEditing:WebViewDidBeginEditingNotification
EDITING DELEGATE: webViewDidChangeSelection:WebViewDidChangeSelectionNotification
EDITING DELEGATE: webViewDidChangeSelection:WebViewDidChangeSelectionNotification
EDITING DELEGATE: webViewDidChangeSelection:WebViewDidChangeSelectionNotification
EDITING DELEGATE: webViewDidChangeSelection:WebViewDidChangeSelectionNotification
EDITING DELEGATE: shouldChangeSelectedDOMRange:range from 1 of #text > SPAN > DIV > BODY > HTML > #document to 1 of #text > SPAN > DIV > BODY > HTML > #document toDOMRange:range from 1 of #text > SPAN > DIV > BODY > HTML > #document to 1 of #text > SPAN > DIV > BODY > HTML > #document affinity:NSSelectionAffinityDownstream stillSelecting:FALSE
EDITING DELEGATE: webViewDidChangeSelection:WebViewDidChangeSelectionNotification
EDITING DELEGATE: webViewDidChange:WebViewDidChangeNotification
layer at (0,0) size 800x600
  RenderView at (0,0) size 800x600
layer at (0,0) size 800x600
  RenderBlock {HTML} at (0,0) size 800x600
    RenderBody {BODY} at (8,8) size 784x584
      RenderBlock {DIV} at (0,0) size 784x56 [border: (2px solid #FF0000)]
        RenderInline {SPAN} at (0,0) size 155x28
          RenderText {#text} at (14,14) size 11x28
            text run at (14,14) width 11: "a"
          RenderInline {SPAN} at (0,0) size 38x28
            RenderText {#text} at (24,14) size 38x28
              text run at (24,14) width 38: "\x{9}"
          RenderText {#text} at (62,14) size 12x28
            text run at (62,14) width 12: "x"
          RenderInline {SPAN} at (0,0) size 84x28
            RenderText {#text} at (74,14) size 84x28
              text run at (74,14) width 84: "\x{9}\x{9}"
          RenderText {#text} at (158,14) size 11x28
            text run at (158,14) width 11: "z"
        RenderText {#text} at (0,0) size 0x0
caret: position 1 of child 2 {#text} of child 1 {SPAN} of child 1 {DIV} of body
