EDITING DELEGATE: shouldBeginEditingInDOMRange:range from 0 of DIV > BODY > HTML > #document to 4 of DIV > BODY > HTML > #document
EDITING DELEGATE: webViewDidBeginEditing:WebViewDidBeginEditingNotification
EDITING DELEGATE: webViewDidChangeSelection:WebViewDidChangeSelectionNotification
EDITING DELEGATE: webViewDidChangeSelection:WebViewDidChangeSelectionNotification
EDITING DELEGATE: shouldChangeSelectedDOMRange:range from 3 of #text > B > DIV > DIV > BODY > HTML > #document to 3 of #text > B > DIV > DIV > BODY > HTML > #document toDOMRange:range from 1 of #text > B > DIV > DIV > BODY > HTML > #document to 3 of #text > B > DIV > DIV > BODY > HTML > #document affinity:NSSelectionAffinityDownstream stillSelecting:FALSE
EDITING DELEGATE: webViewDidChangeSelection:WebViewDidChangeSelectionNotification
EDITING DELEGATE: webViewDidChange:WebViewDidChangeNotification
EDITING DELEGATE: webViewDidChangeSelection:WebViewDidChangeSelectionNotification
EDITING DELEGATE: shouldChangeSelectedDOMRange:range from 3 of #text > B > DIV > DIV > BODY > HTML > #document to 3 of #text > B > DIV > DIV > BODY > HTML > #document toDOMRange:range from 0 of DIV > DIV > BODY > HTML > #document to 0 of DIV > DIV > BODY > HTML > #document affinity:NSSelectionAffinityDownstream stillSelecting:FALSE
EDITING DELEGATE: webViewDidChangeSelection:WebViewDidChangeSelectionNotification
EDITING DELEGATE: webViewDidChange:WebViewDidChangeNotification
EDITING DELEGATE: shouldChangeSelectedDOMRange:range from 1 of #text > DIV > DIV > BODY > HTML > #document to 1 of #text > DIV > DIV > BODY > HTML > #document toDOMRange:range from 1 of #text > DIV > DIV > BODY > HTML > #document to 1 of #text > DIV > DIV > BODY > HTML > #document affinity:NSSelectionAffinityDownstream stillSelecting:FALSE
EDITING DELEGATE: webViewDidChangeSelection:WebViewDidChangeSelectionNotification
EDITING DELEGATE: webViewDidChange:WebViewDidChangeNotification
EDITING DELEGATE: webViewDidChangeSelection:WebViewDidChangeSelectionNotification
EDITING DELEGATE: shouldDeleteDOMRange:range from 4 of #text > B > DIV > DIV > BODY > HTML > #document to 0 of DIV > DIV > BODY > HTML > #document
EDITING DELEGATE: shouldChangeSelectedDOMRange:range from 2 of DIV > BODY > HTML > #document to 2 of DIV > BODY > HTML > #document toDOMRange:range from 3 of #text > B > DIV > DIV > BODY > HTML > #document to 3 of #text > B > DIV > DIV > BODY > HTML > #document affinity:NSSelectionAffinityDownstream stillSelecting:FALSE
EDITING DELEGATE: webViewDidChangeSelection:WebViewDidChangeSelectionNotification
EDITING DELEGATE: webViewDidChange:WebViewDidChangeNotification
layer at (0,0) size 800x600
  RenderView at (0,0) size 800x600
layer at (0,0) size 800x600
  RenderBlock {HTML} at (0,0) size 800x600
    RenderBody {BODY} at (8,8) size 784x584
      RenderBlock {DIV} at (0,0) size 784x212 [border: (2px solid #0000FF)]
        RenderBlock {DIV} at (14,14) size 756x112
          RenderText {#text} at (0,0) size 60x28
            text run at (0,0) width 60: "Tests:"
          RenderBR {BR} at (59,0) size 1x28
          RenderText {#text} at (0,28) size 714x56
            text run at (0,28) width 714: "Inserting blocks for paragraphs should do a better job of finding a block to"
            text run at (0,56) width 114: "insert after. "
          RenderInline {A} at (113,56) size 258x28 [color=#0000EE]
            RenderText {#text} at (113,56) size 258x28
              text run at (113,56) width 258: "<rdar://problem/3996605>"
          RenderText {#text} at (0,56) size 726x56
            text run at (370,56) width 356: " Insert paragraph command puts new"
            text run at (0,84) width 546: "block in wrong place, creating difficult-to-handle HTML"
        RenderBlock {DIV} at (14,142) size 756x56
          RenderText {#text} at (0,0) size 184x28
            text run at (0,0) width 184: "Expected Results:"
          RenderBR {BR} at (183,0) size 1x28
          RenderText {#text} at (0,28) size 438x28
            text run at (0,28) width 438: "Should see this content in the red box below: "
          RenderInline {B} at (437,28) size 21x28
            RenderText {#text} at (437,28) size 21x28
              text run at (437,28) width 21: "fo"
          RenderText {#text} at (457,28) size 13x28
            text run at (457,28) width 13: "x"
      RenderBlock {DIV} at (0,236) size 784x32
        RenderBlock {DIV} at (0,0) size 784x32 [border: (2px solid #FF0000)]
          RenderInline {B} at (2,2) size 20x28
            RenderText {#text} at (2,2) size 20x28
              text run at (2,2) width 20: "fo"
          RenderText {#text} at (21,2) size 13x28
            text run at (21,2) width 13: "x"
caret: position 3 of child 0 {#text} of child 0 {B} of child 1 {DIV} of child 3 {DIV} of body
