EDITING DELEGATE: shouldBeginEditingInDOMRange:range from 0 of DIV > BODY > HTML > #document to 1 of DIV > BODY > HTML > #document
EDITING DELEGATE: webViewDidBeginEditing:WebViewDidBeginEditingNotification
EDITING DELEGATE: webViewDidChangeSelection:WebViewDidChangeSelectionNotification
EDITING DELEGATE: webViewDidChangeSelection:WebViewDidChangeSelectionNotification
EDITING DELEGATE: webViewDidChangeSelection:WebViewDidChangeSelectionNotification
EDITING DELEGATE: shouldChangeSelectedDOMRange:range from 3 of #text > PRE > DIV > BODY > HTML > #document to 3 of #text > PRE > DIV > BODY > HTML > #document toDOMRange:range from 0 of PRE > DIV > BODY > HTML > #document to 0 of PRE > DIV > BODY > HTML > #document affinity:NSSelectionAffinityDownstream stillSelecting:FALSE
EDITING DELEGATE: webViewDidChangeSelection:WebViewDidChangeSelectionNotification
EDITING DELEGATE: webViewDidChange:WebViewDidChangeNotification
layer at (0,0) size 800x600
  RenderView at (0,0) size 800x600
layer at (0,0) size 800x600
  RenderBlock {HTML} at (0,0) size 800x600
    RenderBody {BODY} at (8,8) size 784x579
      RenderBlock {P} at (0,0) size 784x54
        RenderText {#text} at (0,0) size 767x54
          text run at (0,0) width 746: "Tests for a bug in the paragraph separator insertion code that would add an extra newline when inserting a paragraph"
          text run at (0,18) width 427: "separator at the end of a paragraph in text that preserves newlines. "
          text run at (426,18) width 341: "Also, an extraneous space would be added after 'foo'."
          text run at (0,36) width 230: "Only one newline should be added. "
          text run at (229,36) width 274: "And there should be no extraneous spaces."
      RenderBlock {P} at (0,70) size 784x18
        RenderInline {B} at (0,0) size 155x18
          RenderText {#text} at (0,0) size 155x18
            text run at (0,0) width 155: "It demonstrates a bug:"
        RenderText {#text} at (154,0) size 593x18
          text run at (154,0) width 593: " too much padding is left between the new line and the end of the paragraph containing 'foo'."
      RenderBlock {DIV} at (0,104) size 784x58
        RenderBlock {PRE} at (0,0) size 784x15
          RenderText {#text} at (0,0) size 24x15
            text run at (0,0) width 24: "foo"
        RenderBlock {PRE} at (0,28) size 784x30
          RenderText {#text} at (0,0) size 24x30
            text run at (0,0) width 0: " "
            text run at (0,15) width 24: "bar"
caret: position 0 of child 0 {#text} of child 1 {PRE} of child 4 {DIV} of body
