EDITING DELEGATE: shouldBeginEditingInDOMRange:range from 0 of DIV > BODY > HTML > #document to 3 of DIV > BODY > HTML > #document
EDITING DELEGATE: webViewDidBeginEditing:WebViewDidBeginEditingNotification
EDITING DELEGATE: webViewDidChangeSelection:WebViewDidChangeSelectionNotification
EDITING DELEGATE: webViewDidChangeSelection:WebViewDidChangeSelectionNotification
EDITING DELEGATE: webViewDidChangeSelection:WebViewDidChangeSelectionNotification
EDITING DELEGATE: shouldChangeSelectedDOMRange:range from 3 of DIV > DIV > BODY > HTML > #document to 0 of #text > DIV > DIV > DIV > BODY > HTML > #document toDOMRange:range from 0 of DIV > DIV > DIV > BODY > HTML > #document to 0 of DIV > DIV > DIV > BODY > HTML > #document affinity:NSSelectionAffinityDownstream stillSelecting:FALSE
EDITING DELEGATE: webViewDidChangeSelection:WebViewDidChangeSelectionNotification
EDITING DELEGATE: webViewDidChange:WebViewDidChangeNotification
layer at (0,0) size 800x600
  RenderView at (0,0) size 800x600
layer at (0,0) size 800x600
  RenderBlock {HTML} at (0,0) size 800x600
    RenderBody {BODY} at (8,8) size 784x584
      RenderBlock {DIV} at (0,0) size 784x296 [border: (2px solid #0000FF)]
        RenderBlock {DIV} at (14,14) size 756x84
          RenderText {#text} at (0,0) size 60x28
            text run at (0,0) width 60: "Tests:"
          RenderBR {BR} at (59,0) size 1x28
          RenderText {#text} at (0,28) size 162x28
            text run at (0,28) width 162: "Fix for this bug: "
          RenderInline {A} at (161,28) size 257x28 [color=#0000EE]
            RenderText {#text} at (161,28) size 257x28
              text run at (161,28) width 257: "<rdar://problem/4045521>"
          RenderText {#text} at (0,28) size 726x56
            text run at (417,28) width 309: " Hitting return key with full line"
            text run at (0,56) width 422: "selected does not add blank line as it should"
        RenderBlock {DIV} at (14,114) size 756x168
          RenderBlock (anonymous) at (0,0) size 756x84
            RenderText {#text} at (0,0) size 184x28
              text run at (0,0) width 184: "Expected Results:"
            RenderBR {BR} at (183,0) size 1x28
            RenderText {#text} at (0,28) size 704x56
              text run at (0,28) width 704: "Should see this content in the red box below (note that the insertion point"
              text run at (0,56) width 660: "should be at the start of the third line, immediately preceding \"baz\"):"
          RenderBlock {DIV} at (0,84) size 756x28
            RenderText {#text} at (0,0) size 32x28
              text run at (0,0) width 32: "foo"
          RenderBlock {DIV} at (0,112) size 756x28
            RenderBR {BR} at (0,0) size 0x28
          RenderBlock {DIV} at (0,140) size 756x28
            RenderText {#text} at (0,0) size 34x28
              text run at (0,0) width 34: "baz"
      RenderBlock {DIV} at (0,320) size 784x88
        RenderBlock {DIV} at (0,0) size 784x88 [border: (2px solid #FF0000)]
          RenderBlock {DIV} at (2,2) size 780x28
            RenderText {#text} at (0,0) size 32x28
              text run at (0,0) width 32: "foo"
          RenderBlock {DIV} at (2,30) size 780x28
            RenderBR {BR} at (0,0) size 0x28
          RenderBlock {DIV} at (2,58) size 780x28
            RenderText {#text} at (0,0) size 34x28
              text run at (0,0) width 34: "baz"
caret: position 0 of child 0 {#text} of child 3 {DIV} of child 1 {DIV} of child 3 {DIV} of body
