layer at (0,0) size 800x600
  RenderView at (0,0) size 800x600
layer at (0,0) size 800x600
  RenderBlock {HTML} at (0,0) size 800x600
    RenderBody {BODY} at (8,8) size 784x584
      RenderTable {TABLE} at (0,0) size 187x26
        RenderTableSection {TBODY} at (0,0) size 187x26
          RenderTableRow {TR} at (0,2) size 187x22
            RenderTableCell {TD} at (2,2) size 56x22 [bgcolor=#FFFFCC] [r=0 c=0 rs=1 cs=1]
              RenderText {#text} at (1,1) size 54x19
                text run at (1,1) width 54: "Cell One"
            RenderTableCell {TD} at (60,2) size 58x22 [bgcolor=#FFFFCC] [r=0 c=1 rs=1 cs=1]
              RenderText {#text} at (1,1) size 56x19
                text run at (1,1) width 56: "Cell Two"
            RenderTableCell {TD} at (120,2) size 65x22 [bgcolor=#FFFFCC] [r=0 c=2 rs=1 cs=1]
              RenderText {#text} at (1,1) size 63x19
                text run at (1,1) width 63: "Cell Three"
