layer at (0,0) size 800x600
  RenderView at (0,0) size 800x600
layer at (0,0) size 800x600
  RenderBlock {HTML} at (0,0) size 800x600
    RenderBody {BODY} at (8,8) size 784x584
      RenderBlock (anonymous) at (0,0) size 784x40
        RenderInline {SPAN} at (0,0) size 742x39
          RenderInline {SPAN} at (0,0) size 742x39
            RenderText {#text} at (0,0) size 742x39
              text run at (0,0) width 100: "Bug #3810389. "
              text run at (100,0) width 365: "Make sure we don't crash manipulating blocks inside inlines. "
              text run at (465,0) width 277: "You should see the numbers 1 and 2 vertically"
              text run at (0,20) width 140: "stacked below this line."
      RenderBlock (anonymous) at (0,40) size 784x20
        RenderBlock {DIV} at (0,0) size 784x20
          RenderText {#text} at (0,0) size 8x19
            text run at (0,0) width 8: "1"
      RenderBlock (anonymous) at (0,60) size 784x20
        RenderInline {SPAN} at (0,0) size 16x19
          RenderInline {SPAN} at (0,0) size 8x19
            RenderText {#text} at (0,0) size 8x19
              text run at (0,0) width 8: "2"
          RenderText {#text} at (8,0) size 4x19
            text run at (8,0) width 4: " "
          RenderImage {IMG} at (12,15) size 0x0
          RenderText {#text} at (12,0) size 4x19
            text run at (12,0) width 4: " "
        RenderText {#text} at (0,0) size 0x0
        RenderImage {IMG} at (16,15) size 0x0
        RenderText {#text} at (0,0) size 0x0
        RenderText {#text} at (0,0) size 0x0
