layer at (0,0) size 785x2130
  RenderView at (0,0) size 785x600
layer at (0,0) size 785x2130
  RenderBlock {HTML} at (0,0) size 785x2131
    RenderBody {BODY} at (8,8) size 769x2115
      RenderBlock {H1} at (0,0) size 769x37
        RenderText {#text} at (0,0) size 179x36
          text run at (0,0) width 179: "Anchor Lock"
      RenderBlock {P} at (0,58) size 769x41
        RenderText {#text} at (0,0) size 756x39
          text run at (0,0) width 756: "This tests WebKit's ability to lock to an anchor and maintain focus on it as images are loaded above and below it. The Anchor"
          text run at (0,20) width 300: "text should be visible and this message should not."
      RenderBlock {P} at (0,114) size 769x201
        RenderImage {IMG} at (0,0) size 200x200
      RenderBlock {P} at (0,330) size 769x201
        RenderImage {IMG} at (0,0) size 200x200
      RenderBlock {P} at (0,546) size 769x201
        RenderImage {IMG} at (0,0) size 200x200
      RenderBlock {P} at (0,762) size 769x201
        RenderImage {IMG} at (0,0) size 200x200
      RenderBlock (anonymous) at (0,978) size 769x21
        RenderInline {A} at (0,0) size 289x19
          RenderText {#text} at (0,0) size 289x19
            text run at (0,0) width 289: "Anchor text - this should be the only visible text."
        RenderText {#text} at (0,0) size 0x0
      RenderBlock {P} at (0,1014) size 769x201
        RenderImage {IMG} at (0,0) size 200x200
      RenderBlock {P} at (0,1230) size 769x201
        RenderImage {IMG} at (0,0) size 200x200
      RenderBlock {P} at (0,1446) size 769x201
        RenderImage {IMG} at (0,0) size 200x200
      RenderBlock {P} at (0,1662) size 769x201
        RenderImage {IMG} at (0,0) size 200x200
      RenderBlock {P} at (0,1878) size 769x201
        RenderImage {IMG} at (0,0) size 200x200
      RenderBlock (anonymous) at (0,2094) size 769x21
        RenderText {#text} at (0,0) size 57x19
          text run at (0,0) width 57: "#anchor1"
scrolled to 0,986
