layer at (0,0) size 800x600
  RenderView at (0,0) size 800x600
layer at (0,0) size 800x600
  RenderBlock {HTML} at (0,0) size 800x600
    RenderBody {BODY} at (8,8) size 784x584
      RenderBlock {P} at (0,0) size 784x20
        RenderText {#text} at (0,0) size 52x19
          text run at (0,0) width 52: "Test for "
        RenderInline {I} at (0,0) size 566x19
          RenderInline {A} at (0,0) size 301x19 [color=#0000EE]
            RenderText {#text} at (52,0) size 301x19
              text run at (52,0) width 301: "http://bugs.webkit.org/show_bug.cgi?id=12782"
          RenderText {#text} at (353,0) size 265x19
            text run at (353,0) width 4: " "
            text run at (357,0) width 261: "Reproducible crash in BidiContext::deref"
        RenderText {#text} at (618,0) size 4x19
          text run at (618,0) width 4: "."
      RenderBlock {P} at (0,36) size 784x20
        RenderText {#text} at (0,0) size 246x19
          text run at (0,0) width 246: "No assertion failure means SUCCESS."
      RenderBlock {DIV} at (0,72) size 784x20
        RenderInline {SPAN} at (0,0) size 21x19
          RenderText {#text} at (0,0) size 21x19
            text run at (0,0) width 21: "foo"
      RenderBlock {DIV} at (0,92) size 784x0
