layer at (0,0) size 800x600
  RenderView at (0,0) size 800x600
layer at (0,0) size 800x600
  RenderBlock {HTML} at (0,0) size 800x600
    RenderBody {BODY} at (8,8) size 784x584
      RenderBlock {P} at (0,0) size 784x40
        RenderText {#text} at (0,0) size 164x19
          text run at (0,0) width 164: "This is a regression test for "
        RenderInline {I} at (0,0) size 756x39
          RenderInline {A} at (0,0) size 305x19 [color=#0000EE]
            RenderText {#text} at (164,0) size 305x19
              text run at (164,0) width 305: "http://bugs.webkit.org/show_bug.cgi?id=11672"
          RenderText {#text} at (469,0) size 756x39
            text run at (469,0) width 4: " "
            text run at (473,0) width 283: "REGRESSION (r17068): Repro crash due to"
            text run at (0,20) width 150: "painting without layout"
        RenderText {#text} at (150,20) size 123x19
          text run at (150,20) width 123: ". It should not crash."
layer at (8,64) size 6x6
  RenderTable {TABLE} at (0,56) size 6x6
    RenderTableSection {TBODY} at (0,0) size 6x6
      RenderTableRow {TR} at (0,2) size 6x2
        RenderTableCell {TD} at (2,2) size 2x2 [r=0 c=0 rs=1 cs=1]
layer at (11,67) size 40x40
  RenderBlock (positioned) {DIV} at (3,3) size 40x40
    RenderText {#text} at (0,0) size 40x39
      text run at (0,0) width 40: "Lorem"
      text run at (0,20) width 35: "ipsum"
