layer at (0,0) size 800x600
  RenderView at (0,0) size 800x600
layer at (0,0) size 800x600
  RenderBlock {HTML} at (0,0) size 800x600
    RenderBody {BODY} at (8,8) size 784x584
      RenderBlock {P} at (0,0) size 784x20
        RenderText {#text} at (0,0) size 52x19
          text run at (0,0) width 52: "Test for "
        RenderInline {I} at (0,0) size 578x19
          RenderInline {A} at (0,0) size 301x19 [color=#0000EE]
            RenderText {#text} at (52,0) size 301x19
              text run at (52,0) width 301: "http://bugs.webkit.org/show_bug.cgi?id=12886"
          RenderText {#text} at (353,0) size 277x19
            text run at (353,0) width 4: " "
            text run at (357,0) width 273: "Crash with Scriptalicious javascript library"
        RenderText {#text} at (630,0) size 4x19
          text run at (630,0) width 4: "."
      RenderBlock {P} at (0,36) size 784x20
        RenderText {#text} at (0,0) size 296x19
          text run at (0,0) width 296: "You should see two purple 100\x{D7}50 rectangles, "
        RenderInline {EM} at (0,0) size 20x19
          RenderText {#text} at (296,0) size 20x19
            text run at (296,0) width 20: "not"
        RenderText {#text} at (316,0) size 151x19
          text run at (316,0) width 151: " a checkerboard pattern."
      RenderTable {TABLE} at (0,72) size 100x300
        RenderTableSection {TBODY} at (0,0) size 100x300
          RenderTableRow {TR} at (0,0) size 100x150
            RenderTableCell {TD} at (0,0) size 50x100 [r=0 c=0 rs=1 cs=1]
              RenderBlock {DIV} at (0,0) size 50x100
                RenderBlock {DIV} at (0,0) size 50x50
                  RenderBlock (floating) {DIV} at (0,0) size 50x25
                RenderBlock {DIV} at (0,50) size 50x50
                  RenderBlock {DIV} at (0,0) size 50x50 [bgcolor=#800080]
            RenderTableCell {TD} at (50,0) size 50x100 [r=0 c=1 rs=1 cs=1]
              RenderBlock {DIV} at (0,0) size 50x100
                RenderBlock {DIV} at (0,0) size 50x50
                  RenderBlock (floating) {DIV} at (0,0) size 50x25
                RenderBlock {DIV} at (0,50) size 50x50
                  RenderBlock {DIV} at (0,0) size 50x50 [bgcolor=#800080]
          RenderTableRow {TR} at (0,150) size 100x150
            RenderTableCell {TD} at (0,150) size 50x50 [r=1 c=0 rs=1 cs=1]
              RenderBlock {DIV} at (0,0) size 50x50
                RenderBlock {DIV} at (0,0) size 50x0
                  RenderBlock (floating) {DIV} at (0,0) size 50x0
                RenderBlock {DIV} at (0,0) size 50x50
                  RenderBlock {DIV} at (0,0) size 50x50 [bgcolor=#800080]
            RenderTableCell {TD} at (50,150) size 50x50 [r=1 c=1 rs=1 cs=1]
              RenderBlock {DIV} at (0,0) size 50x50 [bgcolor=#800080]
      RenderBlock {DIV} at (0,372) size 784x200
