layer at (0,0) size 800x600
  RenderView at (0,0) size 800x600
layer at (0,0) size 800x600
  RenderBlock {HTML} at (0,0) size 800x600
    RenderBody {BODY} at (8,8) size 784x584
      RenderBlock {P} at (0,0) size 784x40
        RenderText {#text} at (0,0) size 52x19
          text run at (0,0) width 52: "Test for "
        RenderInline {I} at (0,0) size 740x39
          RenderInline {A} at (0,0) size 307x19 [color=#0000EE]
            RenderText {#text} at (52,0) size 307x19
              text run at (52,0) width 307: "https://bugs.webkit.org/show_bug.cgi?id=19278"
          RenderText {#text} at (359,0) size 740x39
            text run at (359,0) width 4: " "
            text run at (363,0) width 377: "REGRESSION (r31114-r31132): image float disappears on"
            text run at (0,20) width 44: "refresh"
        RenderText {#text} at (44,20) size 4x19
          text run at (44,20) width 4: "."
      RenderBlock {DIV} at (0,56) size 784x80
        RenderBlock (anonymous) at (0,0) size 784x40
          RenderText {#text} at (0,0) size 259x19
            text run at (0,0) width 259: "Somewhere on this page, there should be"
          RenderBR {BR} at (259,0) size 0x19
          RenderBR {BR} at (0,20) size 0x19
          RenderBlock (floating) {DIV} at (0,40) size 100x100 [bgcolor=#008000]
          RenderText {#text} at (0,0) size 0x0
        RenderBlock {DIV} at (0,40) size 150x40
          RenderText {#text} at (100,0) size 46x39
            text run at (100,0) width 46: "a green"
            text run at (100,20) width 45: "square."
