layer at (0,0) size 800x600
  RenderView at (0,0) size 800x600
layer at (0,0) size 800x600
  RenderBlock {HTML} at (0,0) size 800x600
    RenderBody {BODY} at (8,8) size 784x584
      RenderBlock {P} at (0,0) size 784x20
        RenderText {#text} at (0,0) size 51x19
          text run at (0,0) width 51: "Test for "
        RenderInline {I} at (0,0) size 638x19
          RenderInline {A} at (0,0) size 305x19 [color=#0000EE]
            RenderText {#text} at (51,0) size 305x19
              text run at (51,0) width 305: "http://bugs.webkit.org/show_bug.cgi?id=15362"
          RenderText {#text} at (356,0) size 333x19
            text run at (356,0) width 4: " "
            text run at (360,0) width 329: "Safari Crashes when opening a JS TreeGrid widget"
        RenderText {#text} at (689,0) size 4x19
          text run at (689,0) width 4: "."
      RenderBlock {P} at (0,36) size 784x60
        RenderText {#text} at (0,0) size 783x59
          text run at (0,0) width 739: "The test sets up an inline parent with a child that is some kind of table part. The child gets broken off into a continuation and"
          text run at (0,20) width 744: "anonymous table parts get created below and/or above the table parts. Then the test tries to insert a new child into the inline,"
          text run at (0,40) width 783: "specifying the table part as the \"before child\". The resulting render tree should look just like it would look if the parent was a block."
      RenderBlock {DIV} at (0,112) size 784x20
        RenderInline {SPAN} at (0,0) size 221x19
          RenderText {#text} at (0,0) size 39x19
            text run at (0,0) width 39: "Text..."
          RenderText {#text} at (39,0) size 84x19
            text run at (39,0) width 84: "goes here and"
          RenderTable at (123,0) size 98x20
            RenderTableSection (anonymous) at (0,0) size 98x20
              RenderTableRow (anonymous) at (0,0) size 98x20
                RenderTableCell {DIV} at (0,0) size 98x20 [r=0 c=0 rs=1 cs=1]
                  RenderText {#text} at (0,0) size 98x19
                    text run at (0,0) width 98: "...continues here"
      RenderBlock {DIV} at (0,132) size 784x20
        RenderInline {SPAN} at (0,0) size 137x19
          RenderText {#text} at (0,0) size 39x19
            text run at (0,0) width 39: "Text..."
          RenderTable at (39,0) size 98x20
            RenderTableSection (anonymous) at (0,0) size 98x20
              RenderTableRow (anonymous) at (0,0) size 98x20
                RenderTableCell {TD} at (0,15) size 0x0 [r=0 c=0 rs=1 cs=1]
                RenderTableCell {DIV} at (0,0) size 98x20 [r=0 c=1 rs=1 cs=1]
                  RenderText {#text} at (0,0) size 98x19
                    text run at (0,0) width 98: "...continues here"
      RenderBlock {DIV} at (0,152) size 784x25
        RenderInline {SPAN} at (0,0) size 137x19
          RenderText {#text} at (0,5) size 39x19
            text run at (0,5) width 39: "Text..."
          RenderTable at (39,0) size 98x20
            RenderTableSection (anonymous) at (0,0) size 98x20
              RenderTableRow {TR} at (0,0) size 98x0
              RenderTableRow (anonymous) at (0,0) size 98x20
                RenderTableCell {DIV} at (0,0) size 98x20 [r=1 c=0 rs=1 cs=1]
                  RenderText {#text} at (0,0) size 98x19
                    text run at (0,0) width 98: "...continues here"
      RenderBlock {DIV} at (0,177) size 784x20
        RenderInline {SPAN} at (0,0) size 137x19
          RenderText {#text} at (0,0) size 39x19
            text run at (0,0) width 39: "Text..."
          RenderInline {SPAN} at (0,0) size 0x19
          RenderTable at (39,0) size 98x20
            RenderTableSection (anonymous) at (0,0) size 98x20
              RenderTableRow (anonymous) at (0,0) size 98x20
                RenderTableCell {DIV} at (0,0) size 98x20 [r=0 c=0 rs=1 cs=1]
                  RenderText {#text} at (0,0) size 98x19
                    text run at (0,0) width 98: "...continues here"
      RenderBlock {DIV} at (0,197) size 784x40
        RenderBlock (anonymous) at (0,0) size 784x20
          RenderInline {SPAN} at (0,0) size 39x19
            RenderText {#text} at (0,0) size 39x19
              text run at (0,0) width 39: "Text..."
        RenderBlock (anonymous) at (0,20) size 784x0
          RenderBlock {DIV} at (0,0) size 784x0
        RenderBlock (anonymous) at (0,20) size 784x20
          RenderInline {SPAN} at (0,0) size 98x19
            RenderTable at (0,0) size 98x20
              RenderTableSection (anonymous) at (0,0) size 98x20
                RenderTableRow (anonymous) at (0,0) size 98x20
                  RenderTableCell {DIV} at (0,0) size 98x20 [r=0 c=0 rs=1 cs=1]
                    RenderText {#text} at (0,0) size 98x19
                      text run at (0,0) width 98: "...continues here"
      RenderBlock {DIV} at (0,237) size 784x20
        RenderInline {SPAN} at (0,0) size 221x19
          RenderText {#text} at (0,0) size 39x19
            text run at (0,0) width 39: "Text..."
          RenderText {#text} at (39,0) size 84x19
            text run at (39,0) width 84: "goes here and"
          RenderTable at (123,0) size 98x20
            RenderTableSection (anonymous) at (0,0) size 98x20
              RenderTableRow {DIV} at (0,0) size 98x20
                RenderTableCell (anonymous) at (0,0) size 98x20 [r=0 c=0 rs=1 cs=1]
                  RenderText {#text} at (0,0) size 98x19
                    text run at (0,0) width 98: "...continues here"
      RenderBlock {DIV} at (0,257) size 784x25
        RenderInline {SPAN} at (0,0) size 137x19
          RenderText {#text} at (0,5) size 39x19
            text run at (0,5) width 39: "Text..."
          RenderTable at (39,0) size 98x20
            RenderTableSection (anonymous) at (0,0) size 98x20
              RenderTableRow (anonymous) at (0,0) size 98x0
                RenderTableCell {TD} at (0,0) size 98x0 [r=0 c=0 rs=1 cs=1]
              RenderTableRow {DIV} at (0,0) size 98x20
                RenderTableCell (anonymous) at (0,0) size 98x20 [r=1 c=0 rs=1 cs=1]
                  RenderText {#text} at (0,0) size 98x19
                    text run at (0,0) width 98: "...continues here"
      RenderBlock {DIV} at (0,282) size 784x25
        RenderInline {SPAN} at (0,0) size 137x19
          RenderText {#text} at (0,5) size 39x19
            text run at (0,5) width 39: "Text..."
          RenderTable at (39,0) size 98x20
            RenderTableSection (anonymous) at (0,0) size 98x20
              RenderTableRow {TR} at (0,0) size 98x0
              RenderTableRow {DIV} at (0,0) size 98x20
                RenderTableCell (anonymous) at (0,0) size 98x20 [r=1 c=0 rs=1 cs=1]
                  RenderText {#text} at (0,0) size 98x19
                    text run at (0,0) width 98: "...continues here"
      RenderBlock {DIV} at (0,307) size 784x20
        RenderInline {SPAN} at (0,0) size 137x19
          RenderText {#text} at (0,0) size 39x19
            text run at (0,0) width 39: "Text..."
          RenderInline {SPAN} at (0,0) size 0x19
          RenderTable at (39,0) size 98x20
            RenderTableSection (anonymous) at (0,0) size 98x20
              RenderTableRow {DIV} at (0,0) size 98x20
                RenderTableCell (anonymous) at (0,0) size 98x20 [r=0 c=0 rs=1 cs=1]
                  RenderText {#text} at (0,0) size 98x19
                    text run at (0,0) width 98: "...continues here"
      RenderBlock {DIV} at (0,327) size 784x40
        RenderBlock (anonymous) at (0,0) size 784x20
          RenderInline {SPAN} at (0,0) size 39x19
            RenderText {#text} at (0,0) size 39x19
              text run at (0,0) width 39: "Text..."
        RenderBlock (anonymous) at (0,20) size 784x0
          RenderBlock {DIV} at (0,0) size 784x0
        RenderBlock (anonymous) at (0,20) size 784x20
          RenderInline {SPAN} at (0,0) size 98x19
            RenderTable at (0,0) size 98x20
              RenderTableSection (anonymous) at (0,0) size 98x20
                RenderTableRow {DIV} at (0,0) size 98x20
                  RenderTableCell (anonymous) at (0,0) size 98x20 [r=0 c=0 rs=1 cs=1]
                    RenderText {#text} at (0,0) size 98x19
                      text run at (0,0) width 98: "...continues here"
      RenderBlock {DIV} at (0,367) size 784x20
        RenderInline {SPAN} at (0,0) size 221x19
          RenderText {#text} at (0,0) size 39x19
            text run at (0,0) width 39: "Text..."
          RenderText {#text} at (39,0) size 84x19
            text run at (39,0) width 84: "goes here and"
          RenderTable at (123,0) size 98x20
            RenderTableSection {DIV} at (0,0) size 98x20
              RenderTableRow (anonymous) at (0,0) size 98x20
                RenderTableCell (anonymous) at (0,0) size 98x20 [r=0 c=0 rs=1 cs=1]
                  RenderText {#text} at (0,0) size 98x19
                    text run at (0,0) width 98: "...continues here"
      RenderBlock {DIV} at (0,387) size 784x25
        RenderInline {SPAN} at (0,0) size 137x19
          RenderText {#text} at (0,5) size 39x19
            text run at (0,5) width 39: "Text..."
          RenderTable at (39,0) size 98x20
            RenderTableSection (anonymous) at (0,0) size 98x0
              RenderTableRow (anonymous) at (0,0) size 98x0
                RenderTableCell {TD} at (0,0) size 98x0 [r=0 c=0 rs=1 cs=1]
            RenderTableSection {DIV} at (0,0) size 98x20
              RenderTableRow (anonymous) at (0,0) size 98x20
                RenderTableCell (anonymous) at (0,0) size 98x20 [r=0 c=0 rs=1 cs=1]
                  RenderText {#text} at (0,0) size 98x19
                    text run at (0,0) width 98: "...continues here"
      RenderBlock {DIV} at (0,412) size 784x25
        RenderInline {SPAN} at (0,0) size 137x19
          RenderText {#text} at (0,5) size 39x19
            text run at (0,5) width 39: "Text..."
          RenderTable at (39,0) size 98x20
            RenderTableSection (anonymous) at (0,0) size 98x0
              RenderTableRow {TR} at (0,0) size 98x0
            RenderTableSection {DIV} at (0,0) size 98x20
              RenderTableRow (anonymous) at (0,0) size 98x20
                RenderTableCell (anonymous) at (0,0) size 98x20 [r=0 c=0 rs=1 cs=1]
                  RenderText {#text} at (0,0) size 98x19
                    text run at (0,0) width 98: "...continues here"
      RenderBlock {DIV} at (0,437) size 784x20
        RenderInline {SPAN} at (0,0) size 137x19
          RenderText {#text} at (0,0) size 39x19
            text run at (0,0) width 39: "Text..."
          RenderInline {SPAN} at (0,0) size 0x19
          RenderTable at (39,0) size 98x20
            RenderTableSection {DIV} at (0,0) size 98x20
              RenderTableRow (anonymous) at (0,0) size 98x20
                RenderTableCell (anonymous) at (0,0) size 98x20 [r=0 c=0 rs=1 cs=1]
                  RenderText {#text} at (0,0) size 98x19
                    text run at (0,0) width 98: "...continues here"
      RenderBlock {DIV} at (0,457) size 784x40
        RenderBlock (anonymous) at (0,0) size 784x20
          RenderInline {SPAN} at (0,0) size 39x19
            RenderText {#text} at (0,0) size 39x19
              text run at (0,0) width 39: "Text..."
        RenderBlock (anonymous) at (0,20) size 784x0
          RenderBlock {DIV} at (0,0) size 784x0
        RenderBlock (anonymous) at (0,20) size 784x20
          RenderInline {SPAN} at (0,0) size 98x19
            RenderTable at (0,0) size 98x20
              RenderTableSection {DIV} at (0,0) size 98x20
                RenderTableRow (anonymous) at (0,0) size 98x20
                  RenderTableCell (anonymous) at (0,0) size 98x20 [r=0 c=0 rs=1 cs=1]
                    RenderText {#text} at (0,0) size 98x19
                      text run at (0,0) width 98: "...continues here"
