layer at (0,0) size 800x600
  RenderView at (0,0) size 800x600
layer at (0,0) size 800x600
  RenderBlock {HTML} at (0,0) size 800x600
    RenderBody {BODY} at (8,8) size 784x584
      RenderBlock {DIV} at (0,0) size 784x20
        RenderInline {DIV} at (0,0) size 79x19
          RenderText {#text} at (0,0) size 79x19
            text run at (0,0) width 79: "Lorem ipsum"
caret: position 2 of body
