layer at (0,0) size 800x600
  RenderView at (0,0) size 800x600
layer at (0,0) size 800x600
  RenderBlock {HTML} at (0,0) size 800x600
    RenderBody {BODY} at (8,8) size 784x584
      RenderBlock {DIV} at (0,0) size 100x100 [bgcolor=#FF0000]
        RenderText {#text} at (0,0) size 92x59
          text run at (0,0) width 92: "You should not"
          text run at (0,20) width 91: "see this. Resize"
          text run at (0,40) width 74: "the window."
layer at (8,8) size 100x125
  RenderBlock (positioned) {DIV} at (0,0) size 100x125
    RenderBlock {DIV} at (0,0) size 100x100 [bgcolor=#008000]
    RenderBlock (anonymous) at (0,100) size 100x25
      RenderButton {BUTTON} at (0,0) size 53x25 [color=#000000CC] [bgcolor=#C0C0C0] [border: (2px outset #C0C0C0)]
        RenderBlock (anonymous) at (8,4) size 37x16
          RenderText {#text} at (0,0) size 37x16
            text run at (0,0) width 37: "Button"
      RenderText {#text} at (0,0) size 0x0
