layer at (0,0) size 800x600
  RenderView at (0,0) size 800x600
layer at (0,0) size 800x165
  RenderBlock {HTML} at (0,0) size 800x165
    RenderBody {BODY} at (8,16) size 784x141
      RenderBlock {P} at (0,0) size 784x40
        RenderText {#text} at (0,0) size 164x19
          text run at (0,0) width 164: "This is a regression test for "
        RenderInline {I} at (0,0) size 778x39
          RenderInline {A} at (0,0) size 350x19 [color=#0000EE]
            RenderText {#text} at (164,0) size 350x19
              text run at (164,0) width 350: "http://bugzilla.opendarwin.org/show_bug.cgi?id=8835"
          RenderText {#text} at (514,0) size 778x39
            text run at (514,0) width 4: " "
            text run at (518,0) width 260: "REGRESSION: Line moves but selection"
            text run at (0,20) width 140: "highlight stays behind"
        RenderText {#text} at (140,20) size 4x19
          text run at (140,20) width 4: "."
      RenderBlock {HR} at (0,56) size 784x2 [border: (1px inset #000000)]
      RenderBlock {DIV} at (0,66) size 784x75
        RenderImage {IMG} at (0,0) size 0x30
        RenderBR {BR} at (0,15) size 0x19
        RenderBR {BR} at (0,35) size 0x19
        RenderInline {SPAN} at (0,0) size 287x19
          RenderText {#text} at (0,55) size 287x19
            text run at (0,55) width 287: "The highlight should be on this line, not above it."
        RenderText {#text} at (287,55) size 4x19
          text run at (287,55) width 4: " "
        RenderBR {BR} at (291,55) size 0x19
selection start: position 0 of child 0 {#text} of child 6 {SPAN} of child 5 {DIV} of body
selection end:   position 51 of child 0 {#text} of child 6 {SPAN} of child 5 {DIV} of body
