layer at (0,0) size 800x600
  RenderView at (0,0) size 800x600
layer at (0,0) size 800x600
  RenderBlock {HTML} at (0,0) size 800x600
    RenderBody {BODY} at (8,8) size 784x584
      RenderBlock {P} at (0,0) size 784x40
        RenderText {#text} at (0,0) size 52x19
          text run at (0,0) width 52: "Test for "
        RenderInline {I} at (0,0) size 724x39
          RenderInline {A} at (0,0) size 301x19 [color=#0000EE]
            RenderText {#text} at (52,0) size 301x19
              text run at (52,0) width 301: "http://bugs.webkit.org/show_bug.cgi?id=12818"
          RenderText {#text} at (353,0) size 724x39
            text run at (353,0) width 4: " "
            text run at (357,0) width 367: "REGRESSION (r19148): shacknews.com does not render"
            text run at (0,20) width 68: "completely"
        RenderText {#text} at (68,20) size 4x19
          text run at (68,20) width 4: "."
      RenderBlock {P} at (0,56) size 784x20
        RenderText {#text} at (0,0) size 331x19
          text run at (0,0) width 331: "There should be a green square to the left of the text."
      RenderBlock {DIV} at (0,92) size 100x100 [bgcolor=#008000]
      RenderBlock {DIV} at (0,192) size 784x20
        RenderText {#text} at (0,0) size 37x19
          text run at (0,0) width 37: "PASS"
layer at (8,100) size 792x140
  RenderBlock (positioned) {DIV} at (8,100) size 792x140
    RenderBlock {DIV} at (100,0) size 692x140
      RenderBlock {DIV} at (0,0) size 692x140
        RenderText {#text} at (0,0) size 687x139
          text run at (0,0) width 667: "Curabitur pretium, quam quis semper malesuada, est libero feugiat libero, vel fringilla orci nibh sed neque."
          text run at (0,20) width 675: "Quisque eu nulla non nisi molestie accumsan. Etiam tellus urna, laoreet ac, laoreet non, suscipit sed, sapien."
          text run at (0,40) width 671: "Phasellus vehicula, sem at posuere vehicula, augue nibh molestie nisl, nec ullamcorper lacus ante vulputate"
          text run at (0,60) width 673: "pede. Cum sociis natoque penatibus et magnis dis parturient montes, nascetur ridiculus mus. Mauris viverra"
          text run at (0,80) width 687: "augue vitae purus. Morbi sed sem. Donec dui nisi, ultrices non, pretium quis, hendrerit non, est. Donec tellus."
          text run at (0,100) width 685: "Donec eget dui id eros pharetra rutrum. Suspendisse sodales lectus sit amet nulla. Morbi tortor arcu, convallis"
          text run at (0,120) width 245: "blandit, elementum eu, aliquet a, tellus."
