FAIL: Timed out waiting for notifyDone to be called
layer at (0,0) size 800x600
  RenderView at (0,0) size 800x600
layer at (0,0) size 768x568
  RenderBlock {HTML} at (0,0) size 768x568
    RenderBody {BODY} at (8,8) size 752x584
      RenderText {#text} at (0,0) size 460x19
        text run at (0,0) width 460: "This window should not have scroll bars. If it has scroll bars, try to use them."
      RenderText {#text} at (0,0) size 0x0
