layer at (0,0) size 800x600
  RenderView at (0,0) size 800x600
layer at (0,0) size 800x600
  RenderBlock {HTML} at (0,0) size 800x600
    RenderBody {BODY} at (8,8) size 784x576
      RenderBlock {FORM} at (0,0) size 784x43
        RenderText {#text} at (165,22) size 4x18
          text run at (165,22) width 4: " "
        RenderText {#text} at (334,22) size 4x18
          text run at (334,22) width 4: " "
        RenderButton {INPUT} at (340,23) size 46x18 [color=#000000D8] [bgcolor=#C0C0C0]
          RenderBlock (anonymous) at (8,2) size 30x13
            RenderText at (0,0) size 30x13
              text run at (0,0) width 30: "Reset"
        RenderText {#text} at (0,0) size 0x0
      RenderBlock {P} at (0,59) size 784x72
        RenderText {#text} at (0,0) size 364x18
          text run at (0,0) width 364: "This test verifies that textarea controls are properly reset."
        RenderBR {BR} at (363,0) size 1x18
        RenderText {#text} at (0,18) size 470x18
          text run at (0,18) width 470: "You should see two element IDs below, and the word \"SUCCESS\" twice:"
        RenderBR {BR} at (469,18) size 1x18
        RenderText {#text} at (0,36) size 170x18
          text run at (0,36) width 170: "noDefaultText: SUCCESS"
        RenderBR {BR} at (169,36) size 1x18
        RenderText {#text} at (0,54) size 176x18
          text run at (0,54) width 176: "hasDefaultText: SUCCESS"
layer at (10,10) size 161x32 clip at (11,11) size 159x30
  RenderTextControl {TEXTAREA} at (2,2) size 161x32 [bgcolor=#FFFFFF] [border: (1px solid #000000)]
    RenderBlock {DIV} at (3,3) size 155x13
layer at (179,10) size 161x32 clip at (180,11) size 159x30
  RenderTextControl {TEXTAREA} at (171,2) size 161x32 [bgcolor=#FFFFFF] [border: (1px solid #000000)]
    RenderBlock {DIV} at (3,3) size 155x13
      RenderText {#text} at (0,0) size 63x13
        text run at (0,0) width 63: "Default Text"
