layer at (0,0) size 800x600
  RenderView at (0,0) size 800x600
layer at (0,0) size 800x422
  RenderBlock {HTML} at (0,0) size 800x422
    RenderBody {BODY} at (8,8) size 784x406
      RenderBlock {DIV} at (0,0) size 784x406
layer at (8,8) size 402x102
  RenderBlock {DIV} at (0,0) size 402x102 [border: (1px solid #000000)]
    RenderNamedFlowFragment at (1,1) size 400x100
layer at (8,110) size 502x182
  RenderBlock {DIV} at (0,102) size 502x182 [border: (1px solid #000000)]
    RenderNamedFlowFragment at (1,1) size 500x180
layer at (8,292) size 202x122
  RenderBlock {DIV} at (0,284) size 202x122 [border: (1px solid #000000)]
    RenderNamedFlowFragment at (1,1) size 200x120
Named flows
  Named flow 'flow1'
    layer at (0,0) size 500x400
      RenderNamedFlowThread at (0,0) size 500x400
        RenderBlock {DIV} at (25,0) size 450x372
          RenderBlock {DIV} at (27,15) size 396x342 [border: (1px solid #0000FF)]
            RenderBlock {DIV} at (40,11) size 316x425 [border: (1px solid #008000)]
              RenderBlock {P} at (1,17) size 314x126
                RenderText {#text} at (-17,0) size 332x126
                  text run at (-17,0) width 248: "This line of text should not get out"
                  text run at (-17,23) width 248: "of the region. This line of text"
                  text run at (0,57) width 314: "should not get out of the region. This line of"
                  text run at (0,80) width 314: "text should not get out of the region. This"
                  text run at (0,103) width 303: "line of text should not get out of the region."
              RenderBlock {P} at (1,159) size 314x141
                RenderText {#text} at (0,0) size 367x141
                  text run at (0,0) width 314: "This line of text should not get out of the"
                  text run at (0,23) width 314: "region. This line of text should not get out of"
                  text run at (0,46) width 314: "the region. This line of text should not get"
                  text run at (0,69) width 314: "out of the region. This line of text should not"
                  text run at (-52,95) width 119: "get out of the"
                  text run at (-52,118) width 49: "region."
              RenderBlock {P} at (1,316) size 314x92
                RenderText {#text} at (-52,0) size 120x92
                  text run at (-52,0) width 119: "This line of text"
                  text run at (-52,23) width 119: "should not get"
                  text run at (-52,46) width 119: "out of the"
                  text run at (-52,69) width 49: "region."
    Regions for named flow 'flow1'
      RenderNamedFlowFragment (anonymous child of {DIV} #region1)
      RenderNamedFlowFragment (anonymous child of {DIV} #region2)
      RenderNamedFlowFragment (anonymous child of {DIV} #region3)
