layer at (0,0) size 800x600
  RenderView at (0,0) size 800x600
layer at (0,0) size 800x128
  RenderBlock {HTML} at (0,0) size 800x128
    RenderBody {BODY} at (8,8) size 784x112
layer at (8,8) size 80x112
  RenderBlock (relative positioned) {DIV} at (0,0) size 80x112 [bgcolor=#D3D3D3]
    RenderNamedFlowFragment at (0,16) size 80x96
layer at (8,8) size 66x20
  RenderBlock (positioned) at (0,0) size 66x20
    RenderText at (0,0) size 66x19
      text run at (0,0) width 66: "BEFORE"
layer at (34,100) size 54x20
  RenderBlock (positioned) at (25,92) size 55x20
    RenderText at (0,0) size 55x19
      text run at (0,0) width 55: "AFTER"
Named flows
  Named flow 'namedFlow'
    layer at (0,0) size 80x96
      RenderNamedFlowThread at (0,0) size 80x96
        RenderBlock {P} at (0,16) size 80x46
          RenderText {#text} at (0,0) size 70x46
            text run at (0,0) width 70: "some text"
            text run at (0,23) width 47: "to flow"
    Regions for named flow 'namedFlow'
      RenderNamedFlowFragment (anonymous child of {DIV} #region)
