layer at (0,0) size 800x600
  RenderView at (0,0) size 800x600
layer at (0,0) size 800x276
  RenderBlock {HTML} at (0,0) size 800x276
    RenderBody {BODY} at (8,16) size 784x244
layer at (8,16) size 204x34
  RenderBlock {DIV} at (0,0) size 204x34 [border: (2px solid #000000)]
    RenderNamedFlowFragment at (2,2) size 200x30
layer at (8,66) size 204x54
  RenderBlock {DIV} at (0,50) size 204x54 [border: (2px solid #000000)]
    RenderNamedFlowFragment at (2,2) size 200x50
layer at (8,136) size 204x54
  RenderBlock {DIV} at (0,120) size 204x54 [border: (2px solid #000000)]
    RenderNamedFlowFragment at (2,2) size 200x50
layer at (8,206) size 204x54
  RenderBlock {DIV} at (0,190) size 204x54 [border: (2px solid #000000)]
    RenderNamedFlowFragment at (2,2) size 200x50
Named flows
  Named flow 'flow'
    layer at (0,0) size 200x180
      RenderNamedFlowThread at (0,0) size 200x180
        RenderBlock {DIV} at (0,30) size 200x123
          RenderBlock {P} at (0,0) size 200x123
            RenderInline {B} at (0,0) size 111x19
              RenderText {#text} at (0,3) size 111x19
                text run at (0,3) width 111: "Text in region 2."
            RenderText {#text} at (110,0) size 145x46
              text run at (110,0) width 35: " This"
              text run at (0,23) width 114: "paragraph has \""
            RenderInline {I} at (0,0) size 172x46
              RenderText {#text} at (113,26) size 172x46
                text run at (113,26) width 53: "-webkit-"
                text run at (0,53) width 172: "region-break-after: always"
            RenderText {#text} at (171,50) size 11x23
              text run at (171,50) width 11: "\"."
            RenderInline {B} at (0,0) size 184x46
              RenderText {#text} at (0,76) size 184x46
                text run at (0,76) width 184: "There should be nothing in"
                text run at (0,103) width 171: "this region after this line."
    Regions for named flow 'flow'
      RenderNamedFlowFragment (anonymous child of {DIV} #region1)
      RenderNamedFlowFragment (anonymous child of {DIV} #region2)
      RenderNamedFlowFragment (anonymous child of {DIV} #region3)
      RenderNamedFlowFragment (anonymous child of {DIV} #region4)
