layer at (0,0) size 800x600
  RenderView at (0,0) size 800x600
layer at (0,0) size 800x600
  RenderBlock {HTML} at (0,0) size 800x600
    RenderBody {BODY} at (8,8) size 784x584
      RenderBlock {P} at (0,0) size 784x18
        RenderText {#text} at (0,0) size 216x17
          text run at (0,0) width 216: "Test painting of transformed video"
      RenderBlock (anonymous) at (0,34) size 784x480
        RenderText {#text} at (0,142) size 4x17
          text run at (0,142) width 4: " "
        RenderBR {BR} at (210,142) size 0x17
        RenderText {#text} at (0,302) size 4x17
          text run at (0,302) width 4: " "
        RenderBR {BR} at (210,302) size 0x17
        RenderText {#text} at (0,462) size 4x17
          text run at (0,462) width 4: " "
        RenderBR {BR} at (210,462) size 0x17
layer at (12,42) size 206x156
  RenderVideo {VIDEO} at (4,0) size 206x156 [border: (3px solid #FF0000)]
layer at (12,202) size 206x156
  RenderVideo {VIDEO} at (4,160) size 206x156 [border: (3px solid #FF0000)]
layer at (12,362) size 206x156
  RenderVideo {VIDEO} at (4,320) size 206x156 [border: (3px solid #FF0000)]
