layer at (0,0) size 800x600
  RenderView at (0,0) size 800x600
layer at (0,0) size 800x320
  RenderBlock {HTML} at (0,0) size 800x320
    RenderBody {BODY} at (8,16) size 784x296
      RenderBlock {P} at (0,0) size 784x36
        RenderText {#text} at (0,0) size 764x35
          text run at (0,0) width 764: "Test that pausing the media element in \"playing\" event handler pauses the media immediately. The video should show the"
          text run at (0,18) width 68: "first frame."
      RenderBlock (anonymous) at (0,52) size 784x244
        RenderText {#text} at (0,0) size 0x0
layer at (8,68) size 320x240
  RenderVideo {VIDEO} at (0,0) size 320x240
layer at (8,68) size 320x240
  RenderFlexibleBox {DIV} at (0,0) size 320x240
    RenderBlock {DIV} at (0,200) size 320x40
layer at (13,273) size 310x30
  RenderFlexibleBox {DIV} at (5,5) size 310x30 [bgcolor=#141414CC]
    RenderFlexibleBox {BUTTON} at (9,0) size 30x30
    RenderSlider {INPUT} at (49,13) size 105x4 [color=#909090]
      RenderFlexibleBox {DIV} at (0,0) size 105x4
        RenderBlock {DIV} at (0,-5) size 119x14
          RenderBlock {DIV} at (-7,0) size 14x14 [color=#FFFFFF] [bgcolor=#FFFFFF]
    RenderBlock {DIV} at (169,0) size 62x30 [color=#FFFFFF]
      RenderText {#text} at (0,7) size 62x15
        text run at (0,7) width 62: "0:00 / 0:06"
    RenderFlexibleBox {DIV} at (239,0) size 30x30
      RenderFlexibleBox {BUTTON} at (0,0) size 30x30
    RenderFlexibleBox {BUTTON} at (271,0) size 30x30
