layer at (0,0) size 800x600
  RenderView at (0,0) size 800x600
layer at (0,0) size 800x298
  RenderBlock {HTML} at (0,0) size 800x298
    RenderBody {BODY} at (8,16) size 784x274
      RenderBlock {P} at (0,0) size 784x18
        RenderText {#text} at (0,0) size 163x18
          text run at (0,0) width 163: "Deeply nested reflections."
layer at (10,50) size 234x240
  RenderBlock {DIV} at (2,34) size 234x240 [border: (1px solid #000000)]
layer at (13,53) size 228x234
  RenderBlock {DIV} at (3,3) size 228x234 [border: (1px solid #FFA500)]
layer at (16,56) size 222x112
  RenderBlock {DIV} at (3,3) size 222x112 [border: (1px solid #0000FF)]
layer at (19,59) size 106x106
  RenderBlock {DIV} at (3,3) size 106x106 [border: (1px solid #FF0000)]
layer at (22,62) size 100x100
  RenderBlock {DIV} at (3,3) size 100x100 [bgcolor=#008000] [border: (1px solid #000000)]
    RenderText {#text} at (28,1) size 44x74
      text run at (28,1) width 44: "C"
