layer at (0,0) size 800x600
  RenderView at (0,0) size 800x600
layer at (0,0) size 800x274
  RenderBlock {HTML} at (0,0) size 800x274
    RenderBody {BODY} at (8,16) size 784x138
      RenderBlock {P} at (0,0) size 784x18
        RenderText {#text} at (0,0) size 273x18
          text run at (0,0) width 273: "Reflection should be masked with gradient."
layer at (28,54) size 100x100
  RenderBlock {DIV} at (20,38) size 100x100 [bgcolor=#008000]
