layer at (0,0) size 800x600
  RenderView at (0,0) size 800x600
layer at (0,0) size 800x332
  RenderBlock {HTML} at (0,0) size 800x332
    RenderBody {BODY} at (8,16) size 784x308
      RenderBlock {P} at (0,0) size 784x18
        RenderText {#text} at (0,0) size 633x18
          text run at (0,0) width 633: "Animation on original and reflection should both be paused half way through, giving 45deg rotation."
      RenderBlock {DIV} at (0,290) size 784x18
        RenderText {#text} at (0,0) size 600x18
          text run at (0,0) width 600: "PASS - \"webkitTransform.0\" property for \"inner\" element at 0.5s saw something close to: 0.76"
        RenderBR {BR} at (600,0) size 0x18
layer at (108,54) size 122x232
  RenderBlock {DIV} at (100,38) size 122x232 [border: (1px solid #000000)]
layer at (119,65) size 100x100
  RenderBlock {DIV} at (11,11) size 100x100 [bgcolor=#008000]
    RenderText {#text} at (33,0) size 34x77
      text run at (33,0) width 34: "1"
