layer at (0,0) size 800x600
  RenderView at (0,0) size 800x600
layer at (0,0) size 800x176
  RenderBlock {HTML} at (0,0) size 800x176
    RenderBody {BODY} at (8,16) size 784x152
      RenderBlock {P} at (0,0) size 784x36
        RenderText {#text} at (0,0) size 777x36
          text run at (0,0) width 777: "Opacity should be applied after reflection, so you should see a green rectangle below. The overlap between the original and"
          text run at (0,18) width 197: "reflection should not be visible."
layer at (8,68) size 150x100
  RenderBlock (relative positioned) {DIV} at (0,52) size 150x100 [bgcolor=#008000]
