layer at (0,0) size 800x600
  RenderView at (0,0) size 800x600
layer at (0,0) size 800x324
  RenderBlock {HTML} at (0,0) size 800x324
    RenderBody {BODY} at (8,16) size 784x288
      RenderBlock {P} at (0,0) size 784x36
        RenderText {#text} at (0,0) size 769x36
          text run at (0,0) width 769: "Transform inside nested reflections should be applied correctly. You should see four rotated green boxes, as mirror images"
          text run at (0,18) width 86: "of each other."
layer at (28,72) size 122x232
  RenderBlock {DIV} at (20,56) size 122x232 [border: (1px solid #000000)]
layer at (39,83) size 102x102
  RenderBlock {DIV} at (11,11) size 102x102 [border: (1px solid #000000)]
layer at (50,94) size 80x80
  RenderBlock {DIV} at (11,11) size 80x80 [bgcolor=#008000]
