layer at (0,0) size 800x600
  RenderView at (0,0) size 800x600
layer at (0,0) size 800x600
  RenderBlock {HTML} at (0,0) size 800x600
    RenderBody {BODY} at (8,8) size 784x584
      RenderBlock (anonymous) at (0,0) size 784x18
        RenderInline {FONT} at (0,0) size 91x18 [color=#FF0000]
          RenderInline {I} at (0,0) size 91x18
            RenderText {#text} at (0,0) size 91x18
              text run at (0,0) width 91: "Italic and Red"
        RenderInline {I} at (0,0) size 1x18
      RenderBlock (anonymous) at (0,34) size 784x18
        RenderBlock {P} at (0,0) size 784x18
          RenderInline {FONT} at (0,0) size 95x18 [color=#FF0000]
            RenderText {#text} at (0,0) size 95x18
              text run at (0,0) width 95: "Italic and Red "
          RenderText {#text} at (94,0) size 68x18
            text run at (94,0) width 68: "Just italic."
      RenderBlock (anonymous) at (0,68) size 784x18
        RenderInline {I} at (0,0) size 69x18
          RenderText {#text} at (0,0) size 69x18
            text run at (0,0) width 69: "Italic only."
        RenderText {#text} at (68,0) size 38x18
          text run at (68,0) width 38: " Plain"
      RenderBlock {P} at (0,102) size 784x18
        RenderText {#text} at (0,0) size 128x18
          text run at (0,0) width 128: "I should not be red. "
        RenderInline {FONT} at (0,0) size 126x18 [color=#FF0000]
          RenderText {#text} at (127,0) size 35x18
            text run at (127,0) width 35: "Red. "
          RenderInline {I} at (0,0) size 92x18
            RenderText {#text} at (161,0) size 92x18
              text run at (161,0) width 92: "Italic and red."
      RenderBlock (anonymous) at (0,136) size 784x0
        RenderInline {FONT} at (0,0) size 0x0 [color=#FF0000]
          RenderInline {I} at (0,0) size 0x0
            RenderText {#text} at (0,0) size 0x0
      RenderBlock {P} at (0,136) size 784x18
        RenderInline {FONT} at (0,0) size 125x18 [color=#FF0000]
          RenderInline {I} at (0,0) size 95x18
            RenderText {#text} at (0,0) size 95x18
              text run at (0,0) width 95: "Italic and red. "
          RenderText {#text} at (94,0) size 31x18
            text run at (94,0) width 31: "Red."
        RenderText {#text} at (124,0) size 129x18
          text run at (124,0) width 129: " I should not be red."
      RenderBlock (anonymous) at (0,170) size 784x18
        RenderInline {B} at (0,0) size 147x18
          RenderText {#text} at (0,0) size 37x18
            text run at (0,0) width 37: "Bold "
          RenderInline {I} at (0,0) size 111x18
            RenderText {#text} at (36,0) size 111x18
              text run at (36,0) width 111: "Bold and italic"
        RenderInline {I} at (0,0) size 77x18
          RenderText {#text} at (146,0) size 77x18
            text run at (146,0) width 77: " Only Italic "
        RenderText {#text} at (222,0) size 34x18
          text run at (222,0) width 34: "Plain"
