CONSOLE MESSAGE: [Report Only] Refused to execute a script because 'unsafe-eval' does not appear in the script-src directive of the Content Security Policy.
CONSOLE MESSAGE: [Report Only] Refused to execute a script because 'unsafe-eval' does not appear in the script-src directive of the Content Security Policy.
CONSOLE MESSAGE: [Report Only] Refused to execute a script because 'unsafe-eval' does not appear in the script-src directive of the Content Security Policy.
CONSOLE MESSAGE: [Report Only] Refused to execute a script because 'unsafe-eval' does not appear in the script-src directive of the Content Security Policy.
CONSOLE MESSAGE: [Report Only] Refused to execute a script because 'unsafe-eval' does not appear in the script-src directive of the Content Security Policy.
layer at (0,0) size 800x600
  RenderView at (0,0) size 800x600
layer at (0,0) size 800x68
  RenderBlock {HTML} at (0,0) size 800x68
    RenderBody {BODY} at (8,16) size 784x36
      RenderBlock {P} at (0,0) size 784x36
        RenderText {#text} at (0,0) size 747x36
          text run at (0,0) width 747: "This tests that multiple violations on a page trigger multiple reports if and only if the violations are distinct. This test"
          text run at (0,18) width 405: "passes if only one. PingLoader callback is visible in the output."
