layer at (0,0) size 800x600
  RenderView at (0,0) size 800x600
layer at (0,0) size 800x186
  RenderBlock {HTML} at (0,0) size 800x186
    RenderBody {BODY} at (8,16) size 784x36
      RenderBlock {P} at (0,0) size 784x36
        RenderText {#text} at (0,0) size 108x18
          text run at (0,0) width 108: "There should be "
        RenderInline {STRONG} at (0,0) size 144x18
          RenderText {#text} at (107,0) size 144x18
            text run at (107,0) width 144: "5 filled green squares"
        RenderText {#text} at (250,0) size 189x18
          text run at (250,0) width 189: " with the same width and the "
        RenderInline {STRONG} at (0,0) size 83x18
          RenderText {#text} at (438,0) size 83x18
            text run at (438,0) width 83: "same height"
        RenderText {#text} at (520,0) size 240x18
          text run at (520,0) width 240: ". The 5 filled green squares should be"
        RenderInline {STRONG} at (0,0) size 59x18
          RenderText {#text} at (0,18) size 59x18
            text run at (0,18) width 59: "identical"
        RenderText {#text} at (58,18) size 455x18
          text run at (58,18) width 455: " to each other. This should still remain true even after a window resize."
      RenderBlock {DIV} at (0,52) size 784x0
        RenderImage {IMG} at (0,0) size 118x118
        RenderImage {IMG} at (117,0) size 6x5
        RenderImage {IMG} at (122,0) size 119x118
        RenderImage {IMG} at (240,0) size 6x5
        RenderImage {IMG} at (245,0) size 118x118
        RenderImage {IMG} at (362,0) size 6x5
        RenderImage {IMG} at (367,0) size 119x118
        RenderImage {IMG} at (485,0) size 6x5
        RenderImage {IMG} at (490,0) size 118x118
