layer at (0,0) size 800x600
  RenderView at (0,0) size 800x600
layer at (0,0) size 800x206
  RenderBlock {HTML} at (0,0) size 800x206
    RenderBody {BODY} at (8,16) size 784x18
      RenderBlock {P} at (0,0) size 784x18
        RenderText {#text} at (0,0) size 309x18
          text run at (0,0) width 309: "Test passes if there is no red visible on the page."
layer at (8,50) size 784x0
  RenderBlock (relative positioned) {DIV} at (0,34) size 784x0
    RenderIFrame {IFRAME} at (0,0) size 306x156 [border: (3px solid #FF0000)]
      layer at (0,0) size 300x150
        RenderView at (0,0) size 300x150
      layer at (0,0) size 300x150
        RenderBlock {HTML} at (0,0) size 300x150
          RenderBody {BODY} at (8,8) size 284x134
layer at (8,50) size 306x156
  RenderBlock (positioned) {DIV} at (0,0) size 306x156 [border: (3px solid #008000)]
