layer at (0,0) size 800x600
  RenderView at (0,0) size 800x600
layer at (0,0) size 800x198
  RenderBlock {HTML} at (0,0) size 800x198
    RenderBody {BODY} at (8,16) size 784x174
      RenderBlock {P} at (0,0) size 784x36
        RenderText {#text} at (0,0) size 108x18
          text run at (0,0) width 108: "There should be "
        RenderInline {STRONG} at (0,0) size 144x18
          RenderText {#text} at (107,0) size 144x18
            text run at (107,0) width 144: "5 filled green squares"
        RenderText {#text} at (250,0) size 189x18
          text run at (250,0) width 189: " with the same width and the "
        RenderInline {STRONG} at (0,0) size 83x18
          RenderText {#text} at (438,0) size 83x18
            text run at (438,0) width 83: "same height"
        RenderText {#text} at (520,0) size 240x18
          text run at (520,0) width 240: ". The 5 filled green squares should be"
        RenderInline {STRONG} at (0,0) size 59x18
          RenderText {#text} at (0,18) size 59x18
            text run at (0,18) width 59: "identical"
        RenderText {#text} at (58,18) size 455x18
          text run at (58,18) width 455: " to each other. This should still remain true even after a window resize."
      RenderBlock {DIV} at (0,52) size 784x122
        RenderImage {IMG} at (0,0) size 118x118
        RenderText {#text} at (117,104) size 5x18
          text run at (117,104) width 5: " "
        RenderImage {IMG} at (121,0) size 119x118
        RenderText {#text} at (239,104) size 5x18
          text run at (239,104) width 5: " "
        RenderImage {IMG} at (243,0) size 118x118
        RenderText {#text} at (360,104) size 5x18
          text run at (360,104) width 5: " "
        RenderImage {IMG} at (364,0) size 119x118
        RenderText {#text} at (482,104) size 5x18
          text run at (482,104) width 5: " "
        RenderImage {IMG} at (486,0) size 118x118
        RenderText {#text} at (0,0) size 0x0
