layer at (0,0) size 800x600
  RenderView at (0,0) size 800x600
layer at (0,0) size 800x266
  RenderBlock {HTML} at (0,0) size 800x266 [color=#000080] [bgcolor=#FFFFFF]
    RenderBody {BODY} at (8,16) size 784x234
      RenderBlock {DIV} at (0,0) size 100x200
        RenderBlock {P} at (0,0) size 100x200
          RenderEmbeddedObject {OBJECT} at (0,0) size 200x200
            layer at (0,0) size 100x200
              RenderView at (0,0) size 100x200
            layer at (0,0) size 100x200
              RenderSVGRoot {svg} at (0,0) size 0x0
      RenderBlock {P} at (0,216) size 784x18
        RenderText {#text} at (0,0) size 432x18
          text run at (0,0) width 432: "There should be a complete unbroken yin-yang symbol (\x{E2}\x{2DC}\x{AF}) above."
