layer at (0,0) size 800x600
  RenderView at (0,0) size 800x600
layer at (0,0) size 800x162
  RenderBlock {HTML} at (0,0) size 800x162
    RenderBody {BODY} at (8,16) size 784x138
      RenderBlock {P} at (0,0) size 784x18
        RenderText {#text} at (0,0) size 289x18
          text run at (0,0) width 289: "There must be a green box below and no red."
      RenderBlock {DIV} at (0,34) size 784x104
        RenderEmbeddedObject {OBJECT} at (0,0) size 100x100 [bgcolor=#008000] [border: (20px solid #FF0000)]
          layer at (0,0) size 60x60
            RenderView at (0,0) size 60x60
          layer at (0,0) size 60x60
            RenderSVGRoot {svg} at (0,0) size 0x0
        RenderText {#text} at (0,0) size 0x0
layer at (8,50) size 100x100
  RenderBlock (positioned) {DIV} at (8,50) size 100x100 [border: (20px solid #008000)]
