layer at (0,0) size 785x2034
  RenderView at (0,0) size 785x600
layer at (0,0) size 785x2034
  RenderBlock {HTML} at (0,0) size 785x2034
    RenderBody {BODY} at (8,8) size 769x2018
      RenderBlock {DIV} at (0,0) size 769x2000
        RenderText {#text} at (0,0) size 340x17
          text run at (0,0) width 340: "padding to make link be initially scrolled out of sight"
      RenderBlock (anonymous) at (0,2000) size 769x18
        RenderInline {A} at (0,0) size 363x17 [color=#551A8B]
          RenderText {#text} at (0,0) size 363x17
            text run at (0,0) width 363: "this link should be focused and revealed after page loads"
        RenderText {#text} at (0,0) size 0x0
scrolled to 0,1434
