EDITING DELEGATE: shouldBeginEditingInDOMRange:range from 0 of DIV > BODY > HTML > #document to 4 of DIV > BODY > HTML > #document
EDITING DELEGATE: webViewDidBeginEditing:WebViewDidBeginEditingNotification
EDITING DELEGATE: webViewDidChangeSelection:WebViewDidChangeSelectionNotification
EDITING DELEGATE: webViewDidChangeSelection:WebViewDidChangeSelectionNotification
EDITING DELEGATE: webViewDidChangeSelection:WebViewDidChangeSelectionNotification
layer at (0,0) size 800x600
  RenderView at (0,0) size 800x600
layer at (0,0) size 800x600
  RenderBlock {HTML} at (0,0) size 800x600
    RenderBody {BODY} at (8,8) size 784x584
      RenderBlock {P} at (0,0) size 784x18
        RenderText {#text} at (0,0) size 578x18
          text run at (0,0) width 271: "This tests caret movement across buttons. "
          text run at (270,0) width 308: "The caret should be just after the second button."
      RenderBlock {DIV} at (0,34) size 784x22
        RenderButton {INPUT} at (2,2) size 36x18 [color=#000000D8] [bgcolor=#C0C0C0]
          RenderBlock (anonymous) at (8,2) size 20x13
            RenderText at (0,0) size 20x13
              text run at (0,0) width 20: "Foo"
        RenderButton {INPUT} at (41,2) size 35x18 [color=#000000D8] [bgcolor=#C0C0C0]
          RenderBlock (anonymous) at (8,2) size 18x13
            RenderText at (0,0) size 18x13
              text run at (0,0) width 18: "Bar"
        RenderText {#text} at (0,0) size 0x0
caret: position 1 of child 2 {INPUT} of child 2 {DIV} of body
