EDITING DELEGATE: shouldBeginEditingInDOMRange:range from 0 of DIV > BODY > HTML > #document to 1 of DIV > BODY > HTML > #document
EDITING DELEGATE: webViewDidBeginEditing:WebViewDidBeginEditingNotification
EDITING DELEGATE: webViewDidChangeSelection:WebViewDidChangeSelectionNotification
EDITING DELEGATE: shouldChangeSelectedDOMRange:range from 51 of #text > DIV > BODY > HTML > #document to 51 of #text > DIV > BODY > HTML > #document toDOMRange:range from 27 of #text > DIV > BODY > HTML > #document to 51 of #text > DIV > BODY > HTML > #document affinity:NSSelectionAffinityDownstream stillSelecting:FALSE
EDITING DELEGATE: webViewDidChangeSelection:WebViewDidChangeSelectionNotification
EDITING DELEGATE: webViewDidChangeSelection:WebViewDidChangeSelectionNotification
EDITING DELEGATE: shouldChangeSelectedDOMRange:range from 0 of DIV > BODY > HTML > #document to 0 of DIV > BODY > HTML > #document toDOMRange:range from 0 of #text > DIV > BODY > HTML > #document to 27 of #text > DIV > BODY > HTML > #document affinity:NSSelectionAffinityDownstream stillSelecting:FALSE
EDITING DELEGATE: webViewDidChangeSelection:WebViewDidChangeSelectionNotification
EDITING DELEGATE: webViewDidChangeSelection:WebViewDidChangeSelectionNotification
EDITING DELEGATE: shouldChangeSelectedDOMRange:range from 51 of #text > DIV > BODY > HTML > #document to 51 of #text > DIV > BODY > HTML > #document toDOMRange:range from 0 of #text > DIV > BODY > HTML > #document to 51 of #text > DIV > BODY > HTML > #document affinity:NSSelectionAffinityDownstream stillSelecting:FALSE
EDITING DELEGATE: webViewDidChangeSelection:WebViewDidChangeSelectionNotification
EDITING DELEGATE: webViewDidChangeSelection:WebViewDidChangeSelectionNotification
EDITING DELEGATE: shouldChangeSelectedDOMRange:range from 0 of DIV > BODY > HTML > #document to 0 of DIV > BODY > HTML > #document toDOMRange:range from 0 of #text > DIV > BODY > HTML > #document to 51 of #text > DIV > BODY > HTML > #document affinity:NSSelectionAffinityDownstream stillSelecting:FALSE
EDITING DELEGATE: webViewDidChangeSelection:WebViewDidChangeSelectionNotification
layer at (0,0) size 800x600
  RenderView at (0,0) size 800x600
layer at (0,0) size 800x600
  RenderBlock {HTML} at (0,0) size 800x600
    RenderBody {BODY} at (8,8) size 784x584
      RenderBlock {P} at (0,0) size 784x72
        RenderText {#text} at (0,0) size 775x72
          text run at (0,0) width 423: "This tests moveTo{Beginning, End}OfLineAndModifySelection. "
          text run at (422,0) width 350: "It should operate on line boundaries and not paragraph"
          text run at (0,18) width 79: "boundaries. "
          text run at (78,18) width 697: "To run it manually, click inside the first line of the editable region below and do Command+Shift+Left/Right"
          text run at (0,36) width 619: "Arrow, the selection should extend to the start/end of the line, not the start/end of the paragraph. "
          text run at (618,36) width 35: "Also,"
          text run at (0,54) width 473: "moveTo{Beginning, End}OfParagraphAndModifySelection should work."
      RenderBlock {DIV} at (0,88) size 200x36
        RenderText {#text} at (0,0) size 191x36
          text run at (0,0) width 187: "The quick brown fox jumped"
          text run at (186,0) width 5: " "
          text run at (0,18) width 160: "over the lazy brown dog."
selection start: position 0 of child 0 {#text} of child 2 {DIV} of body
selection end:   position 51 of child 0 {#text} of child 2 {DIV} of body
