layer at (0,0) size 800x600
  RenderView at (0,0) size 800x600
layer at (0,0) size 800x600
  RenderBlock {HTML} at (0,0) size 800x600
    RenderBody {BODY} at (8,8) size 784x584
      RenderBlock {P} at (0,0) size 784x54
        RenderText {#text} at (0,0) size 770x54
          text run at (0,0) width 768: "This tests for a bug that caused the parent of an active frame to paint as though it were active when its window becomes"
          text run at (0,18) width 31: "key. "
          text run at (30,18) width 740: "To run manually, make another window active and then make this window active. Only the subframe should appear"
          text run at (0,36) width 43: "active."
      RenderBlock (anonymous) at (0,70) size 784x173
        RenderTextControl {INPUT} at (0,0) size 148x19 [bgcolor=#FFFFFF] [border: (2px inset #808080)]
        RenderBR {BR} at (147,0) size 1x18
        RenderIFrame {IFRAME} at (0,19) size 304x154 [border: (2px inset #000000)]
          layer at (0,0) size 300x150
            RenderView at (0,0) size 300x150
          layer at (0,0) size 300x150
            RenderBlock {HTML} at (0,0) size 300x150
              RenderBody {BODY} at (8,8) size 284x134 [bgcolor=#FFFFE0]
        RenderText {#text} at (0,0) size 0x0
        RenderText {#text} at (0,0) size 0x0
layer at (11,81) size 142x13
  RenderBlock {DIV} at (3,3) size 142x13
    RenderText {#text} at (0,0) size 17x13
      text run at (0,0) width 17: "foo"
selection start: position 0 of child 0 {#text} of child 0 {DIV} of {#document-fragment} of child 3 {INPUT} of body
selection end:   position 3 of child 0 {#text} of child 0 {DIV} of {#document-fragment} of child 3 {INPUT} of body
