layer at (0,0) size 800x600
  RenderView at (0,0) size 800x600
layer at (0,0) size 800x600
  RenderBlock {HTML} at (0,0) size 800x600
    RenderBody {BODY} at (8,8) size 784x584
      RenderBlock {P} at (0,0) size 784x54
        RenderText {#text} at (0,0) size 775x54
          text run at (0,0) width 530: "This tests for a bug when moving the caret forward/backward by a line/paragraph. "
          text run at (529,0) width 226: "The horizontal position of the caret"
          text run at (0,18) width 592: "would be lost when moving the caret into an empty paragraph, when it should be preserved. "
          text run at (591,18) width 184: "The caret should be between"
          text run at (0,36) width 295: "the first and second 'x's in the third paragraph."
      RenderBlock {DIV} at (0,70) size 784x72
        RenderText {#text} at (0,0) size 24x18
          text run at (0,0) width 24: "xxx"
        RenderBR {BR} at (24,0) size 0x18
        RenderText {#text} at (0,18) size 24x18
          text run at (0,18) width 24: "xxx"
        RenderBR {BR} at (24,18) size 0x18
        RenderBR {BR} at (0,36) size 0x18
        RenderText {#text} at (0,54) size 24x18
          text run at (0,54) width 24: "xxx"
        RenderBR {BR} at (24,54) size 0x18
caret: position 2 of child 6 {#text} of child 2 {DIV} of body
