ALERT: 36
ALERT: 109
layer at (0,0) size 800x600
  RenderView at (0,0) size 800x600
layer at (0,0) size 800x600
  RenderBlock {HTML} at (0,0) size 800x600
    RenderBody {BODY} at (8,8) size 784x584
      RenderBlock {P} at (0,0) size 784x72
        RenderText {#text} at (0,0) size 773x72
          text run at (0,0) width 515: "This tests double clicking after the last character in the last cell of a block table. "
          text run at (514,0) width 259: "The paragraph break (the space between"
          text run at (0,18) width 525: "the last character and the first character in the next paragraph) should be selected. "
          text run at (524,18) width 222: "Selection painting problems might"
          text run at (0,36) width 473: "prevent the paragraph break from appearing as selected even though it is. "
          text run at (472,36) width 294: "To test manually, double click inside the table"
          text run at (0,54) width 275: "cell, after the last character, and hit delete. "
          text run at (274,54) width 282: "Afterward, the table should contain 'foobar'."
      RenderBlock {DIV} at (0,88) size 784x46
        RenderTable {TABLE} at (0,0) size 110x28 [border: (1px outset #808080)]
          RenderTableSection {TBODY} at (1,1) size 108x26
            RenderTableRow {TR} at (0,2) size 108x22
              RenderTableCell {TD} at (2,2) size 104x22 [border: (1px inset #808080)] [r=0 c=0 rs=1 cs=1]
                RenderInline {SPAN} at (0,0) size 22x18
                  RenderText {#text} at (2,2) size 22x18
                    text run at (2,2) width 22: "foo"
        RenderBlock {DIV} at (0,28) size 784x18
          RenderText {#text} at (0,0) size 21x18
            text run at (0,0) width 21: "bar"
selection start: position 3 of child 0 {#text} of child 0 {SPAN} of child 0 {TD} of child 0 {TR} of child 0 {TBODY} of child 1 {TABLE} of child 2 {DIV} of body
selection end:   position 0 of child 3 {DIV} of child 2 {DIV} of body
