layer at (0,0) size 800x600
  RenderView at (0,0) size 800x600
layer at (0,0) size 800x600
  RenderBlock {HTML} at (0,0) size 800x600
    RenderBody {BODY} at (8,8) size 784x576
      RenderBlock {P} at (0,0) size 784x36
        RenderText {#text} at (0,0) size 769x36
          text run at (0,0) width 769: "This tests for a bug where autoscroll code would prevent text from being selected. To run manually create a selection by"
          text run at (0,18) width 572: "clicking somewhere in the first sentence of the paragraph below and dragging downward."
layer at (0,60) size 800x540
  RenderBlock (positioned) {DIV} at (0,60) size 800x540
layer at (0,60) size 800x90
  RenderBlock (positioned) {DIV} at (0,0) size 800x90
    RenderBlock {DIV} at (11,0) size 778x90
      RenderText {#text} at (0,0) size 47x18
        text run at (0,0) width 47: "Lorem "
      RenderInline {SPAN} at (0,0) size 40x18
        RenderText {#text} at (46,0) size 40x18
          text run at (46,0) width 40: "ipsum"
      RenderText {#text} at (85,0) size 772x90
        text run at (85,0) width 687: " dolor sit amet, consectetuer adipiscing elit. Integer vehicula accumsan massa. Quisque elementum. Cras id"
        text run at (0,18) width 741: "neque a mi rutrum scelerisque. Nulla sed dui a massa sodales posuere. Nulla libero. Nulla posuere, felis id tincidunt"
        text run at (0,36) width 760: "tincidunt, ipsum metus tristique risus, et convallis turpis elit eget massa. Nunc consectetuer dolor vel nunc. Cum sociis"
        text run at (0,54) width 771: "natoque penatibus et magnis dis parturient montes, nascetur ridiculus mus. Quisque dapibus ante et nulla. Cras nec velit."
        text run at (0,72) width 661: "Vestibulum ante ipsum primis in faucibus orci luctus et ultrices posuere cubilia Curae; Integer ut tortor."
selection start: position 3 of child 0 {#text} of child 1 {SPAN} of child 1 {DIV} of child 1 {DIV} of child 3 {DIV} of body
selection end:   position 236 of child 2 {#text} of child 1 {DIV} of child 1 {DIV} of child 3 {DIV} of body
