EDITING DELEGATE: webViewDidChangeSelection:WebViewDidChangeSelectionNotification
layer at (0,0) size 800x600
  RenderView at (0,0) size 800x600
layer at (0,0) size 800x600
  RenderBlock {HTML} at (0,0) size 800x600
    RenderBody {BODY} at (8,8) size 784x584
      RenderBlock {P} at (0,0) size 784x36
        RenderText {#text} at (0,0) size 752x36
          text run at (0,0) width 752: "This tests that the caret and the focus halo are not displayed when the WebView is not focused (using the pixel output"
          text run at (0,18) width 160: "from DumpRenderTree)."
      RenderBlock {DIV} at (0,52) size 784x18
        RenderText {#text} at (0,0) size 67x18
          text run at (0,0) width 67: "This is an "
        RenderInline {SPAN} at (0,0) size 51x18
          RenderText {#text} at (66,0) size 51x18
            text run at (66,0) width 51: "editable"
        RenderText {#text} at (116,0) size 414x18
          text run at (116,0) width 414: " region. No caret or focus ring should appear in the pixel results."
caret: position 11 of child 0 {#text} of child 3 {DIV} of body
