layer at (0,0) size 800x600
  RenderView at (0,0) size 800x600
layer at (0,0) size 800x600
  RenderBlock {HTML} at (0,0) size 800x600
    RenderBody {BODY} at (8,8) size 784x584
      RenderBlock {DIV} at (0,0) size 784x96 [border: (5px solid #FF0000)]
        RenderMenuList {SELECT} at (39,39) size 53x18 [color=#000000D8] [bgcolor=#FFFFFF]
          RenderBlock (anonymous) at (0,0) size 53x18
            RenderText at (8,2) size 22x13
              text run at (8,2) width 22: "One"
        RenderText {#text} at (94,38) size 27x18
          text run at (94,38) width 27: "blaa"
caret: position 0 of child 0 {SELECT} of child 0 {DIV} of body
