EDITING DELEGATE: shouldBeginEditingInDOMRange:range from 0 of DIV > BODY > HTML > #document to 1 of DIV > BODY > HTML > #document
EDITING DELEGATE: webViewDidBeginEditing:WebViewDidBeginEditingNotification
EDITING DELEGATE: shouldChangeSelectedDOMRange:(null) toDOMRange:range from 10 of #text > DIV > BODY > HTML > #document to 10 of #text > DIV > BODY > HTML > #document affinity:NSSelectionAffinityDownstream stillSelecting:FALSE
EDITING DELEGATE: webViewDidChangeSelection:WebViewDidChangeSelectionNotification
layer at (0,0) size 800x600
  RenderView at (0,0) size 800x600
layer at (0,0) size 800x600
  RenderBlock {HTML} at (0,0) size 800x600
    RenderBody {BODY} at (8,8) size 784x584
      RenderBlock {P} at (0,0) size 784x36
        RenderText {#text} at (0,0) size 108x18
          text run at (0,0) width 108: "This is a test for "
        RenderInline {I} at (0,0) size 758x36
          RenderInline {A} at (0,0) size 353x18 [color=#0000EE]
            RenderText {#text} at (107,0) size 353x18
              text run at (107,0) width 353: "http://bugzilla.opendarwin.org/show_bug.cgi?id=9978"
          RenderText {#text} at (459,0) size 758x36
            text run at (459,0) width 5: " "
            text run at (463,0) width 295: "REGRESSION (r12949-r12988): Clicking the"
            text run at (0,18) width 421: "first letter on a line places the caret at the end of the previous line"
        RenderText {#text} at (420,18) size 5x18
          text run at (420,18) width 5: "."
      RenderBlock {P} at (0,52) size 784x18
        RenderText {#text} at (0,0) size 746x18
          text run at (0,0) width 561: "To test interactively, click the left side of the W on the second line. The caret should be "
          text run at (560,0) width 186: "move to the start of that line."
      RenderBlock {HR} at (0,86) size 784x2 [border: (1px inset #000000)]
      RenderBlock {DIV} at (0,96) size 250x110
        RenderText {#text} at (0,0) size 234x110
          text run at (0,0) width 154: "Alice in"
          text run at (153,0) width 13: " "
          text run at (0,55) width 234: "Wonderland"
caret: position 10 of child 0 {#text} of child 7 {DIV} of body
