EDITING DELEGATE: shouldBeginEditingInDOMRange:range from 0 of BODY > HTML > #document to 5 of BODY > HTML > #document
EDITING DELEGATE: webViewDidBeginEditing:WebViewDidBeginEditingNotification
EDITING DELEGATE: shouldChangeSelectedDOMRange:(null) toDOMRange:range from 6 of #text > A > BODY > HTML > #document to 6 of #text > A > BODY > HTML > #document affinity:NSSelectionAffinityDownstream stillSelecting:FALSE
EDITING DELEGATE: webViewDidChangeSelection:WebViewDidChangeSelectionNotification
layer at (0,0) size 800x600
  RenderView at (0,0) size 800x600
layer at (0,0) size 800x600
  RenderBlock {HTML} at (0,0) size 800x600
    RenderBody {BODY} at (8,8) size 784x584
      RenderText {#text} at (0,0) size 67x18
        text run at (0,0) width 67: "This is an "
      RenderInline {A} at (0,0) size 80x18 [color=#0000EE]
        RenderText {#text} at (66,0) size 80x18
          text run at (66,0) width 80: "editable link"
      RenderText {#text} at (145,0) size 5x18
        text run at (145,0) width 5: "."
caret: position 6 of child 0 {#text} of child 3 {A} of body
