EDITING DELEGATE: shouldBeginEditingInDOMRange:range from 0 of DIV > BODY > HTML > #document to 3 of DIV > BODY > HTML > #document
EDITING DELEGATE: webViewDidBeginEditing:WebViewDidBeginEditingNotification
EDITING DELEGATE: webViewDidChangeSelection:WebViewDidChangeSelectionNotification
EDITING DELEGATE: webViewDidChangeSelection:WebViewDidChangeSelectionNotification
EDITING DELEGATE: webViewDidChangeSelection:WebViewDidChangeSelectionNotification
EDITING DELEGATE: webViewDidChangeSelection:WebViewDidChangeSelectionNotification
EDITING DELEGATE: webViewDidChangeSelection:WebViewDidChangeSelectionNotification
EDITING DELEGATE: webViewDidChangeSelection:WebViewDidChangeSelectionNotification
EDITING DELEGATE: webViewDidChangeSelection:WebViewDidChangeSelectionNotification
layer at (0,0) size 800x600
  RenderView at (0,0) size 800x600
layer at (0,0) size 800x600
  RenderBlock {HTML} at (0,0) size 800x600
    RenderBody {BODY} at (8,8) size 784x584
      RenderBlock {DIV} at (0,0) size 148x167 [border: (2px solid #FF0000)]
        RenderBlock {UL} at (14,14) size 120x139
          RenderListItem {LI} at (0,0) size 120x22
            RenderListMarker at (-14,5) size 5x14: bullet
            RenderInline (generated) at (5,-5) size 15x26
              RenderText at (5,-5) size 15x26
                text run at (5,-4) width 15: "\x{B7} "
            RenderText {#text} at (0,0) size 0x0
            RenderInline {A} at (19,5) size 53x14 [color=#0000EE]
              RenderText {#text} at (19,5) size 53x14
                text run at (19,5) width 53: "Appetizers"
          RenderListItem {LI} at (0,21) size 120x22
            RenderListMarker at (-14,5) size 5x14: bullet
            RenderInline (generated) at (5,-5) size 15x26
              RenderText at (5,-5) size 15x26
                text run at (5,-4) width 15: "\x{B7} "
            RenderText {#text} at (0,0) size 0x0
            RenderInline {A} at (19,5) size 79x14 [color=#0000EE]
              RenderText {#text} at (19,5) size 79x14
                text run at (19,5) width 79: "Soups & Salads"
          RenderListItem {LI} at (0,42) size 120x34
            RenderListMarker at (-14,5) size 5x14: bullet
            RenderInline (generated) at (5,-5) size 15x26
              RenderText at (5,-5) size 15x26
                text run at (5,-4) width 15: "\x{B7} "
            RenderText {#text} at (0,0) size 0x0
            RenderInline {A} at (16,5) size 77x26 [color=#0000EE]
              RenderText {#text} at (16,5) size 77x26
                text run at (19,5) width 74: "Sandwiches & "
                text run at (16,18) width 40: "Burgers"
          RenderListItem {LI} at (0,75) size 120x22
            RenderListMarker at (-14,5) size 5x14: bullet
            RenderInline (generated) at (5,-5) size 15x26
              RenderText at (5,-5) size 15x26
                text run at (5,-4) width 15: "\x{B7} "
            RenderText {#text} at (0,0) size 0x0
            RenderInline {A} at (19,5) size 65x14 [color=#0000EE]
              RenderText {#text} at (19,5) size 65x14
                text run at (19,5) width 65: "Steak & Ribs"
          RenderListItem {LI} at (0,96) size 120x22
            RenderListMarker at (-14,5) size 5x14: bullet
            RenderInline (generated) at (5,-5) size 15x26
              RenderText at (5,-5) size 15x26
                text run at (5,-4) width 15: "\x{B7} "
            RenderText {#text} at (0,0) size 0x0
            RenderInline {A} at (19,5) size 41x14 [color=#0000EE]
              RenderText {#text} at (19,5) size 41x14
                text run at (19,5) width 41: "Seafood"
          RenderListItem {LI} at (0,117) size 120x22
            RenderListMarker at (-14,5) size 5x14: bullet
            RenderInline (generated) at (5,-5) size 15x26
              RenderText at (5,-5) size 15x26
                text run at (5,-4) width 15: "\x{B7} "
            RenderText {#text} at (0,0) size 0x0
            RenderInline {A} at (19,5) size 41x14 [color=#0000EE]
              RenderText {#text} at (19,5) size 41x14
                text run at (19,5) width 41: "Combos"
selection start: position 0 of child 0 {#text} of child 1 {A} of child 1 {LI} of child 1 {UL} of child 1 {DIV} of body
selection end:   position 5 of child 0 {#text} of child 1 {A} of child 7 {LI} of child 1 {UL} of child 1 {DIV} of body
