EDITING DELEGATE: webViewDidChangeSelection:WebViewDidChangeSelectionNotification
layer at (0,0) size 800x600
  RenderView at (0,0) size 800x600
layer at (0,0) size 800x600
  RenderBlock {HTML} at (0,0) size 800x600
    RenderBody {BODY} at (8,8) size 784x584
      RenderBlock {P} at (0,0) size 784x18
        RenderText {#text} at (0,0) size 232x18
          text run at (0,0) width 232: "Only 'baz' should be selected below."
      RenderBlock {DIV} at (50,34) size 52x38 [border: (1px solid #000000)]
        RenderText {#text} at (1,1) size 46x18
          text run at (1,1) width 46: "foo bar"
        RenderInline {A} at (0,0) size 23x18 [color=#0000EE]
          RenderText {#text} at (1,19) size 23x18
            text run at (1,19) width 23: "baz"
selection start: position 0 of child 0 {#text} of child 1 {A} of child 2 {DIV} of body
selection end:   position 3 of child 0 {#text} of child 1 {A} of child 2 {DIV} of body
