EDITING DELEGATE: shouldBeginEditingInDOMRange:range from 0 of BODY > HTML > #document to 6 of BODY > HTML > #document
EDITING DELEGATE: webViewDidBeginEditing:WebViewDidBeginEditingNotification
EDITING DELEGATE: webViewDidChangeSelection:WebViewDidChangeSelectionNotification
EDITING DELEGATE: webViewDidChangeSelection:WebViewDidChangeSelectionNotification
EDITING DELEGATE: webViewDidChangeSelection:WebViewDidChangeSelectionNotification
layer at (0,0) size 800x600
  RenderView at (0,0) size 800x600
layer at (0,0) size 800x600
  RenderBlock {HTML} at (0,0) size 800x600
    RenderBody {BODY} at (8,8) size 784x584 [border: (2px solid #FF0000)]
      RenderBlock {DIV} at (14,14) size 756x28
        RenderText {#text} at (0,0) size 137x28
          text run at (0,0) width 137: "There is a tide"
      RenderBlock {DIV} at (14,42) size 756x28
        RenderText {#text} at (0,0) size 195x28
          text run at (0,0) width 195: "in the affairs of men"
      RenderBlock {DIV} at (14,70) size 756x28
        RenderText {#text} at (0,0) size 236x28
          text run at (0,0) width 236: "Which taken at the flood"
caret: position 0 of child 0 {#text} of child 2 {DIV} of body
