layer at (0,0) size 800x600
  RenderView at (0,0) size 800x600
layer at (0,0) size 800x600
  RenderBlock {HTML} at (0,0) size 800x600
    RenderBody {BODY} at (8,8) size 784x576
      RenderBlock {P} at (0,0) size 784x18
        RenderText {#text} at (0,0) size 342x18
          text run at (0,0) width 342: "This tests Range.selectNode() of a text node and a br."
      RenderBlock {DIV} at (0,34) size 784x18
        RenderText {#text} at (0,0) size 24x18
          text run at (0,0) width 24: "one"
      RenderBlock {DIV} at (0,52) size 784x36
        RenderText {#text} at (0,0) size 24x18
          text run at (0,0) width 24: "two"
        RenderBR {BR} at (24,0) size 0x18
        RenderText {#text} at (0,18) size 32x18
          text run at (0,18) width 32: "three"
      RenderBlock {DIV} at (0,88) size 784x18
        RenderText {#text} at (0,0) size 27x18
          text run at (0,0) width 27: "four"
      RenderBlock {UL} at (0,122) size 784x18
        RenderListItem {LI} at (40,0) size 744x18
          RenderListMarker at (-17,0) size 7x18: bullet
          RenderText {#text} at (0,0) size 55x18
            text run at (0,0) width 55: "Success."
