EDITING DELEGATE: shouldBeginEditingInDOMRange:range from 0 of DIV > BODY > HTML > #document to 3 of DIV > BODY > HTML > #document
EDITING DELEGATE: webViewDidBeginEditing:WebViewDidBeginEditingNotification
EDITING DELEGATE: webViewDidChangeSelection:WebViewDidChangeSelectionNotification
EDITING DELEGATE: shouldChangeSelectedDOMRange:range from 0 of DIV > DIV > BODY > HTML > #document to 0 of DIV > DIV > BODY > HTML > #document toDOMRange:range from 1 of #text > DIV > DIV > BODY > HTML > #document to 737 of #text > DIV > DIV > BODY > HTML > #document affinity:NSSelectionAffinityDownstream stillSelecting:FALSE
EDITING DELEGATE: webViewDidChangeSelection:WebViewDidChangeSelectionNotification
layer at (0,0) size 820x852
  RenderView at (0,0) size 785x585
layer at (0,0) size 785x852
  RenderBlock {HTML} at (0,0) size 785x852
    RenderBody {BODY} at (8,64) size 769x724
      RenderBlock {DIV} at (64,0) size 748x724 [border: (50px solid #FF0000)]
        RenderBlock {DIV} at (74,74) size 600x576
          RenderText {#text} at (0,10) size 606x556
            text run at (0,10) width 556: "Four score and seven years ago our fathers brought forth, "
            text run at (0,58) width 581: "upon this continent, a new nation, conceived in Liberty, and "
            text run at (0,106) width 568: "dedicated to the proposition that all men are created equal. "
            text run at (0,154) width 595: "Now we are engaged in a great civil war, testing whether that "
            text run at (0,202) width 559: "nation, or any nation, so conceived, and so dedicated, can "
            text run at (0,250) width 606: "long endure. We are met here on a great battlefield of that war. "
            text run at (0,298) width 558: "We have come to dedicate a portion of it as a final resting "
            text run at (0,346) width 545: "place for those who here gave their lives that that nation "
            text run at (0,394) width 604: "might live. It is altogether fitting and proper that we should do "
            text run at (0,442) width 602: "this. Four score and seven years ago our fathers brought forth, "
            text run at (0,490) width 581: "upon this continent, a new nation, conceived in Liberty, and "
            text run at (0,538) width 562: "dedicated to the proposition that all men are created equal."
selection start: position 1 of child 0 {#text} of child 1 {DIV} of child 1 {DIV} of body
selection end:   position 737 of child 0 {#text} of child 1 {DIV} of child 1 {DIV} of body
