EDITING DELEGATE: shouldBeginEditingInDOMRange:range from 0 of DIV > BODY > HTML > #document to 1 of DIV > BODY > HTML > #document
EDITING DELEGATE: webViewDidBeginEditing:WebViewDidBeginEditingNotification
EDITING DELEGATE: webViewDidChangeSelection:WebViewDidChangeSelectionNotification
EDITING DELEGATE: webViewDidChangeSelection:WebViewDidChangeSelectionNotification
layer at (0,0) size 800x600
  RenderView at (0,0) size 800x600
layer at (0,0) size 800x600
  RenderBlock {HTML} at (0,0) size 800x600
    RenderBody {BODY} at (8,8) size 784x584
      RenderBlock {P} at (0,0) size 784x36
        RenderText {#text} at (0,0) size 764x36
          text run at (0,0) width 333: "This tests paragraphBoundary selection navigation. "
          text run at (332,0) width 432: "The caret should be at the end of the paragraph below, just after the"
          text run at (0,18) width 69: "select box."
      RenderBlock {DIV} at (0,52) size 784x22
        RenderMenuList {SELECT} at (2,2) size 37x18 [color=#000000D8] [bgcolor=#FFFFFF]
          RenderBlock (anonymous) at (0,0) size 37x18
            RenderText at (8,2) size 6x13
              text run at (8,2) width 6: "1"
caret: position 1 of child 0 {SELECT} of child 2 {DIV} of body
