layer at (0,0) size 800x600
  RenderView at (0,0) size 800x600
layer at (0,0) size 800x34
  RenderBlock {HTML} at (0,0) size 800x34
    RenderBody {BODY} at (8,8) size 784x18
      RenderFlexibleBox {DIV} at (0,0) size 784x18
        RenderBlock (anonymous) at (0,0) size 680x18
          RenderText {#text} at (0,0) size 680x18
            text run at (0,0) width 680: "Test for https://bugs.webkit.org/show_bug.cgi?id=209822 -- should have green background when selected"
selection start: position 4 of child 0 {#text} of child 1 {DIV} of body
selection end:   position 105 of child 0 {#text} of child 1 {DIV} of body
