EDITING DELEGATE: shouldBeginEditingInDOMRange:range from 0 of DIV > BODY > HTML > #document to 3 of DIV > BODY > HTML > #document
EDITING DELEGATE: webViewDidBeginEditing:WebViewDidBeginEditingNotification
EDITING DELEGATE: webViewDidChangeSelection:WebViewDidChangeSelectionNotification
layer at (0,0) size 800x600
  RenderView at (0,0) size 800x600
layer at (0,0) size 800x600
  RenderBlock {HTML} at (0,0) size 800x600
    RenderBody {BODY} at (8,8) size 784x584
      RenderBlock {P} at (0,0) size 784x18
        RenderText {#text} at (0,0) size 380x18
          text run at (0,0) width 380: "This tests the caret position for the caret after a block table."
      RenderBlock {DIV} at (0,34) size 784x112
        RenderBlock (anonymous) at (0,0) size 784x18
          RenderText {#text} at (0,0) size 22x18
            text run at (0,0) width 22: "foo"
        RenderTable {TABLE} at (0,18) size 53x76 [border: (1px solid #999999)]
          RenderTableSection {TBODY} at (1,1) size 51x74
            RenderTableRow {TR} at (0,2) size 51x22
              RenderTableCell {TD} at (2,2) size 47x22 [border: (1px solid #999999)] [r=0 c=0 rs=1 cs=1]
                RenderText {#text} at (2,2) size 24x18
                  text run at (2,2) width 24: "this"
            RenderTableRow {TR} at (0,26) size 51x22
              RenderTableCell {TD} at (2,26) size 47x22 [border: (1px solid #999999)] [r=1 c=0 rs=1 cs=1]
                RenderText {#text} at (2,2) size 11x18
                  text run at (2,2) width 11: "is"
            RenderTableRow {TR} at (0,50) size 51x22
              RenderTableCell {TD} at (2,50) size 47x22 [border: (1px solid #999999)] [r=2 c=0 rs=1 cs=1]
                RenderText {#text} at (2,2) size 43x18
                  text run at (2,2) width 43: "a table"
        RenderBlock (anonymous) at (0,94) size 784x18
          RenderText {#text} at (0,0) size 23x18
            text run at (0,0) width 23: "baz"
caret: position 1 of child 1 {TABLE} of child 2 {DIV} of body
