EDITING DELEGATE: webViewDidChangeSelection:WebViewDidChangeSelectionNotification
EDITING DELEGATE: webViewDidChangeSelection:WebViewDidChangeSelectionNotification
EDITING DELEGATE: webViewDidChangeSelection:WebViewDidChangeSelectionNotification
layer at (0,0) size 800x600
  RenderView at (0,0) size 800x600
layer at (0,0) size 800x600
  RenderBlock {HTML} at (0,0) size 800x600
    RenderBody {BODY} at (8,8) size 784x572
      RenderBlock {P} at (0,0) size 784x18
        RenderText {#text} at (0,0) size 754x18
          text run at (0,0) width 754: "Tests that selection rects take transforms into account. The red box should be the bounds of the transformed selection."
layer at (28,46) size 622x98
  RenderBlock {DIV} at (20,38) size 622x98 [border: (1px solid #000000)]
    RenderBlock {P} at (11,35) size 600x28
      RenderText {#text} at (0,0) size 135x28
        text run at (0,0) width 135: "Lorem ipsum "
      RenderInline {SPAN} at (0,0) size 388x28
        RenderText {#text} at (134,0) size 388x28
          text run at (134,0) width 388: "dolor sit amet, consectetur adipisicing"
      RenderText {#text} at (521,0) size 43x28
        text run at (521,0) width 43: " elit."
selection start: position 0 of child 0 {#text} of child 1 {SPAN} of child 1 {P} of child 3 {DIV} of body
selection end:   position 5 of child 0 {#text} of child 1 {SPAN} of child 1 {P} of child 3 {DIV} of body
