layer at (0,0) size 800x600
  RenderView at (0,0) size 800x600
layer at (0,0) size 800x282
  RenderBlock {HTML} at (0,0) size 800x283
    RenderBody {BODY} at (8,16) size 784x254
      RenderBlock {P} at (0,0) size 784x22
        RenderText {#text} at (0,3) size 702x18
          text run at (0,3) width 702: "This tests horizontal caret movement in vertical writing mode. \"\x{306F}\x{732B}\x{3067}\x{3042}\x{308B}\x{3002}\" and \"\x{540D}\x{524D}\" must be selected."
      RenderBlock {DIV} at (0,38) size 92x216
        RenderBlock {P} at (16,0) size 22x216
          RenderText {#text} at (2,0) size 18x128
            text run at (2,0) width 128: "\x{543E}\x{8F29}\x{306F}\x{732B}\x{3067}\x{3042}\x{308B}\x{3002}"
        RenderBlock {P} at (54,0) size 22x216
          RenderText {#text} at (2,0) size 18x128
            text run at (2,0) width 128: "\x{540D}\x{524D}\x{306F}\x{307E}\x{3060}\x{7121}\x{3044}\x{3002}"
      RenderBlock {PRE} at (0,266) size 784x0
selection start: position 2 of child 0 {#text} of child 1 {P} of child 3 {DIV} of body
selection end:   position 2 of child 0 {#text} of child 3 {P} of child 3 {DIV} of body
