layer at (0,0) size 785x7842
  RenderView at (0,0) size 785x600
layer at (0,0) size 785x7842
  RenderBlock {HTML} at (0,0) size 785x7842
    RenderBody {BODY} at (8,8) size 769x7786
      RenderTable {TABLE} at (0,0) size 273x118
        RenderBlock {CAPTION} at (0,0) size 273x18
          RenderInline {A} at (0,0) size 256x18
            RenderText {#text} at (5,0) size 256x18
              text run at (5,0) width 256: "Frame=\x{201C}void\x{201D} and Rules=\x{201C}none\x{201D}"
          RenderInline (generated) at (0,0) size 8x18
            RenderText at (260,0) size 8x18
              text run at (260,0) width 8: ":"
        RenderTableSection {THEAD} at (0,18) size 273x20
          RenderTableRow {TR} at (0,0) size 273x20
            RenderTableCell {TD} at (0,0) size 91x20 [r=0 c=0 rs=1 cs=1]
              RenderText {#text} at (1,1) size 89x18
                text run at (1,1) width 89: "Row 1, Cell 1"
            RenderTableCell {TD} at (90,0) size 92x20 [r=0 c=1 rs=1 cs=1]
              RenderText {#text} at (1,1) size 89x18
                text run at (1,1) width 89: "Row 1, Cell 2"
            RenderTableCell {TD} at (181,0) size 92x20 [r=0 c=2 rs=1 cs=1]
              RenderText {#text} at (1,1) size 89x18
                text run at (1,1) width 89: "Row 1, Cell 3"
        RenderTableSection {TBODY} at (0,38) size 273x60
          RenderTableRow {TR} at (0,0) size 273x20
            RenderTableCell {TD} at (0,10) size 91x20 [r=0 c=0 rs=2 cs=1]
              RenderText {#text} at (1,1) size 89x18
                text run at (1,1) width 89: "Row 2, Cell 1"
            RenderTableCell {TD} at (90,0) size 183x20 [r=0 c=1 rs=1 cs=2]
              RenderText {#text} at (1,1) size 89x18
                text run at (1,1) width 89: "Row 2, Cell 2"
          RenderTableRow {TR} at (0,20) size 273x20
            RenderTableCell {TD} at (90,20) size 92x20 [r=1 c=1 rs=1 cs=1]
              RenderText {#text} at (1,1) size 89x18
                text run at (1,1) width 89: "Row 3, Cell 2"
            RenderTableCell {TD} at (181,30) size 92x20 [r=1 c=2 rs=2 cs=1]
              RenderText {#text} at (1,1) size 89x18
                text run at (1,1) width 89: "Row 3, Cell 3"
          RenderTableRow {TR} at (0,40) size 273x20
            RenderTableCell {TD} at (0,40) size 182x20 [r=2 c=0 rs=1 cs=2]
              RenderText {#text} at (1,1) size 89x18
                text run at (1,1) width 89: "Row 4, Cell 1"
        RenderTableSection {TFOOT} at (0,98) size 273x20
          RenderTableRow {TR} at (0,0) size 273x20
            RenderTableCell {TD} at (0,0) size 91x20 [r=0 c=0 rs=1 cs=1]
              RenderText {#text} at (1,1) size 89x18
                text run at (1,1) width 89: "Row 5, Cell 1"
            RenderTableCell {TD} at (90,0) size 92x20 [r=0 c=1 rs=1 cs=1]
              RenderText {#text} at (1,1) size 89x18
                text run at (1,1) width 89: "Row 5, Cell 2"
            RenderTableCell {TD} at (181,0) size 92x20 [r=0 c=2 rs=1 cs=1]
              RenderText {#text} at (1,1) size 89x18
                text run at (1,1) width 89: "Row 5, Cell 3"
      RenderTable {TABLE} at (0,166) size 273x137
        RenderBlock {CAPTION} at (0,0) size 273x36
          RenderInline {A} at (0,0) size 155x36
            RenderText {#text} at (59,0) size 155x36
              text run at (59,0) width 155: "Frame=\x{201C}above\x{201D} and"
              text run at (79,18) width 108: "Rules=\x{201C}none\x{201D}"
          RenderInline (generated) at (0,0) size 8x18
            RenderText at (186,18) size 8x18
              text run at (186,18) width 8: ":"
        RenderTableSection {THEAD} at (0,36) size 273x21
          RenderTableRow {TR} at (0,0) size 273x21
            RenderTableCell {TD} at (0,0) size 91x21 [border: (1px none #000000)] [r=0 c=0 rs=1 cs=1]
              RenderText {#text} at (1,2) size 89x18
                text run at (1,2) width 89: "Row 1, Cell 1"
            RenderTableCell {TD} at (90,0) size 92x21 [border: (1px none #000000)] [r=0 c=1 rs=1 cs=1]
              RenderText {#text} at (1,2) size 89x18
                text run at (1,2) width 89: "Row 1, Cell 2"
            RenderTableCell {TD} at (181,0) size 92x21 [border: (1px none #000000)] [r=0 c=2 rs=1 cs=1]
              RenderText {#text} at (1,2) size 89x18
                text run at (1,2) width 89: "Row 1, Cell 3"
        RenderTableSection {TBODY} at (0,57) size 273x60
          RenderTableRow {TR} at (0,0) size 273x20
            RenderTableCell {TD} at (0,10) size 91x20 [r=0 c=0 rs=2 cs=1]
              RenderText {#text} at (1,1) size 89x18
                text run at (1,1) width 89: "Row 2, Cell 1"
            RenderTableCell {TD} at (90,0) size 183x20 [r=0 c=1 rs=1 cs=2]
              RenderText {#text} at (1,1) size 89x18
                text run at (1,1) width 89: "Row 2, Cell 2"
          RenderTableRow {TR} at (0,20) size 273x20
            RenderTableCell {TD} at (90,20) size 92x20 [r=1 c=1 rs=1 cs=1]
              RenderText {#text} at (1,1) size 89x18
                text run at (1,1) width 89: "Row 3, Cell 2"
            RenderTableCell {TD} at (181,30) size 92x20 [r=1 c=2 rs=2 cs=1]
              RenderText {#text} at (1,1) size 89x18
                text run at (1,1) width 89: "Row 3, Cell 3"
          RenderTableRow {TR} at (0,40) size 273x20
            RenderTableCell {TD} at (0,40) size 182x20 [r=2 c=0 rs=1 cs=2]
              RenderText {#text} at (1,1) size 89x18
                text run at (1,1) width 89: "Row 4, Cell 1"
        RenderTableSection {TFOOT} at (0,117) size 273x20
          RenderTableRow {TR} at (0,0) size 273x20
            RenderTableCell {TD} at (0,0) size 91x20 [r=0 c=0 rs=1 cs=1]
              RenderText {#text} at (1,1) size 89x18
                text run at (1,1) width 89: "Row 5, Cell 1"
            RenderTableCell {TD} at (90,0) size 92x20 [r=0 c=1 rs=1 cs=1]
              RenderText {#text} at (1,1) size 89x18
                text run at (1,1) width 89: "Row 5, Cell 2"
            RenderTableCell {TD} at (181,0) size 92x20 [r=0 c=2 rs=1 cs=1]
              RenderText {#text} at (1,1) size 89x18
                text run at (1,1) width 89: "Row 5, Cell 3"
      RenderTable {TABLE} at (0,351) size 273x137 [border: none (1px solid #808080) none]
        RenderBlock {CAPTION} at (0,0) size 273x36
          RenderInline {A} at (0,0) size 155x36
            RenderText {#text} at (59,0) size 155x36
              text run at (59,0) width 155: "Frame=\x{201C}below\x{201D} and"
              text run at (79,18) width 108: "Rules=\x{201C}none\x{201D}"
          RenderInline (generated) at (0,0) size 8x18
            RenderText at (186,18) size 8x18
              text run at (186,18) width 8: ":"
        RenderTableSection {THEAD} at (0,36) size 273x20
          RenderTableRow {TR} at (0,0) size 273x20
            RenderTableCell {TD} at (0,0) size 91x20 [r=0 c=0 rs=1 cs=1]
              RenderText {#text} at (1,1) size 89x18
                text run at (1,1) width 89: "Row 1, Cell 1"
            RenderTableCell {TD} at (90,0) size 92x20 [r=0 c=1 rs=1 cs=1]
              RenderText {#text} at (1,1) size 89x18
                text run at (1,1) width 89: "Row 1, Cell 2"
            RenderTableCell {TD} at (181,0) size 92x20 [r=0 c=2 rs=1 cs=1]
              RenderText {#text} at (1,1) size 89x18
                text run at (1,1) width 89: "Row 1, Cell 3"
        RenderTableSection {TBODY} at (0,56) size 273x60
          RenderTableRow {TR} at (0,0) size 273x20
            RenderTableCell {TD} at (0,10) size 91x20 [r=0 c=0 rs=2 cs=1]
              RenderText {#text} at (1,1) size 89x18
                text run at (1,1) width 89: "Row 2, Cell 1"
            RenderTableCell {TD} at (90,0) size 183x20 [r=0 c=1 rs=1 cs=2]
              RenderText {#text} at (1,1) size 89x18
                text run at (1,1) width 89: "Row 2, Cell 2"
          RenderTableRow {TR} at (0,20) size 273x20
            RenderTableCell {TD} at (90,20) size 92x20 [r=1 c=1 rs=1 cs=1]
              RenderText {#text} at (1,1) size 89x18
                text run at (1,1) width 89: "Row 3, Cell 2"
            RenderTableCell {TD} at (181,30) size 92x20 [r=1 c=2 rs=2 cs=1]
              RenderText {#text} at (1,1) size 89x18
                text run at (1,1) width 89: "Row 3, Cell 3"
          RenderTableRow {TR} at (0,40) size 273x20
            RenderTableCell {TD} at (0,40) size 182x20 [r=2 c=0 rs=1 cs=2]
              RenderText {#text} at (1,1) size 89x18
                text run at (1,1) width 89: "Row 4, Cell 1"
        RenderTableSection {TFOOT} at (0,116) size 273x20
          RenderTableRow {TR} at (0,0) size 273x20
            RenderTableCell {TD} at (0,0) size 91x20 [r=0 c=0 rs=1 cs=1]
              RenderText {#text} at (1,1) size 89x18
                text run at (1,1) width 89: "Row 5, Cell 1"
            RenderTableCell {TD} at (90,0) size 92x20 [r=0 c=1 rs=1 cs=1]
              RenderText {#text} at (1,1) size 89x18
                text run at (1,1) width 89: "Row 5, Cell 2"
            RenderTableCell {TD} at (181,0) size 92x20 [r=0 c=2 rs=1 cs=1]
              RenderText {#text} at (1,1) size 89x18
                text run at (1,1) width 89: "Row 5, Cell 3"
      RenderTable {TABLE} at (0,536) size 273x138 [border: none none (1px solid #808080) none]
        RenderBlock {CAPTION} at (0,0) size 273x36
          RenderInline {A} at (0,0) size 158x36
            RenderText {#text} at (57,0) size 158x36
              text run at (57,0) width 158: "Frame=\x{201C}hsides\x{201D} and"
              text run at (79,18) width 108: "Rules=\x{201C}none\x{201D}"
          RenderInline (generated) at (0,0) size 8x18
            RenderText at (186,18) size 8x18
              text run at (186,18) width 8: ":"
        RenderTableSection {THEAD} at (0,36) size 273x21
          RenderTableRow {TR} at (0,0) size 273x21
            RenderTableCell {TD} at (0,0) size 91x21 [border: (1px none #000000)] [r=0 c=0 rs=1 cs=1]
              RenderText {#text} at (1,2) size 89x18
                text run at (1,2) width 89: "Row 1, Cell 1"
            RenderTableCell {TD} at (90,0) size 92x21 [border: (1px none #000000)] [r=0 c=1 rs=1 cs=1]
              RenderText {#text} at (1,2) size 89x18
                text run at (1,2) width 89: "Row 1, Cell 2"
            RenderTableCell {TD} at (181,0) size 92x21 [border: (1px none #000000)] [r=0 c=2 rs=1 cs=1]
              RenderText {#text} at (1,2) size 89x18
                text run at (1,2) width 89: "Row 1, Cell 3"
        RenderTableSection {TBODY} at (0,57) size 273x60
          RenderTableRow {TR} at (0,0) size 273x20
            RenderTableCell {TD} at (0,10) size 91x20 [r=0 c=0 rs=2 cs=1]
              RenderText {#text} at (1,1) size 89x18
                text run at (1,1) width 89: "Row 2, Cell 1"
            RenderTableCell {TD} at (90,0) size 183x20 [r=0 c=1 rs=1 cs=2]
              RenderText {#text} at (1,1) size 89x18
                text run at (1,1) width 89: "Row 2, Cell 2"
          RenderTableRow {TR} at (0,20) size 273x20
            RenderTableCell {TD} at (90,20) size 92x20 [r=1 c=1 rs=1 cs=1]
              RenderText {#text} at (1,1) size 89x18
                text run at (1,1) width 89: "Row 3, Cell 2"
            RenderTableCell {TD} at (181,30) size 92x20 [r=1 c=2 rs=2 cs=1]
              RenderText {#text} at (1,1) size 89x18
                text run at (1,1) width 89: "Row 3, Cell 3"
          RenderTableRow {TR} at (0,40) size 273x20
            RenderTableCell {TD} at (0,40) size 182x20 [r=2 c=0 rs=1 cs=2]
              RenderText {#text} at (1,1) size 89x18
                text run at (1,1) width 89: "Row 4, Cell 1"
        RenderTableSection {TFOOT} at (0,117) size 273x20
          RenderTableRow {TR} at (0,0) size 273x20
            RenderTableCell {TD} at (0,0) size 91x20 [r=0 c=0 rs=1 cs=1]
              RenderText {#text} at (1,1) size 89x18
                text run at (1,1) width 89: "Row 5, Cell 1"
            RenderTableCell {TD} at (90,0) size 92x20 [r=0 c=1 rs=1 cs=1]
              RenderText {#text} at (1,1) size 89x18
                text run at (1,1) width 89: "Row 5, Cell 2"
            RenderTableCell {TD} at (181,0) size 92x20 [r=0 c=2 rs=1 cs=1]
              RenderText {#text} at (1,1) size 89x18
                text run at (1,1) width 89: "Row 5, Cell 3"
      RenderTable {TABLE} at (0,722) size 275x136 [border: none (1px solid #808080) none none]
        RenderBlock {CAPTION} at (0,0) size 275x36
          RenderInline {A} at (0,0) size 157x36
            RenderText {#text} at (59,0) size 157x36
              text run at (59,0) width 157: "Frame=\x{201C}vsides\x{201D} and"
              text run at (80,18) width 108: "Rules=\x{201C}none\x{201D}"
          RenderInline (generated) at (0,0) size 8x18
            RenderText at (187,18) size 8x18
              text run at (187,18) width 8: ":"
        RenderTableSection {THEAD} at (0,36) size 274x20
          RenderTableRow {TR} at (0,0) size 274x20
            RenderTableCell {TD} at (0,0) size 92x20 [border: none] [r=0 c=0 rs=1 cs=1]
              RenderText {#text} at (2,1) size 89x18
                text run at (2,1) width 89: "Row 1, Cell 1"
            RenderTableCell {TD} at (91,0) size 92x20 [r=0 c=1 rs=1 cs=1]
              RenderText {#text} at (1,1) size 89x18
                text run at (1,1) width 89: "Row 1, Cell 2"
            RenderTableCell {TD} at (182,0) size 92x20 [r=0 c=2 rs=1 cs=1]
              RenderText {#text} at (1,1) size 89x18
                text run at (1,1) width 89: "Row 1, Cell 3"
        RenderTableSection {TBODY} at (0,56) size 274x60
          RenderTableRow {TR} at (0,0) size 274x20
            RenderTableCell {TD} at (0,10) size 92x20 [border: none] [r=0 c=0 rs=2 cs=1]
              RenderText {#text} at (2,1) size 89x18
                text run at (2,1) width 89: "Row 2, Cell 1"
            RenderTableCell {TD} at (91,0) size 183x20 [r=0 c=1 rs=1 cs=2]
              RenderText {#text} at (1,1) size 89x18
                text run at (1,1) width 89: "Row 2, Cell 2"
          RenderTableRow {TR} at (0,20) size 274x20
            RenderTableCell {TD} at (91,20) size 92x20 [r=1 c=1 rs=1 cs=1]
              RenderText {#text} at (1,1) size 89x18
                text run at (1,1) width 89: "Row 3, Cell 2"
            RenderTableCell {TD} at (182,30) size 92x20 [r=1 c=2 rs=2 cs=1]
              RenderText {#text} at (1,1) size 89x18
                text run at (1,1) width 89: "Row 3, Cell 3"
          RenderTableRow {TR} at (0,40) size 274x20
            RenderTableCell {TD} at (0,40) size 183x20 [border: none] [r=2 c=0 rs=1 cs=2]
              RenderText {#text} at (2,1) size 89x18
                text run at (2,1) width 89: "Row 4, Cell 1"
        RenderTableSection {TFOOT} at (0,116) size 274x20
          RenderTableRow {TR} at (0,0) size 274x20
            RenderTableCell {TD} at (0,0) size 92x20 [border: none] [r=0 c=0 rs=1 cs=1]
              RenderText {#text} at (2,1) size 89x18
                text run at (2,1) width 89: "Row 5, Cell 1"
            RenderTableCell {TD} at (91,0) size 92x20 [r=0 c=1 rs=1 cs=1]
              RenderText {#text} at (1,1) size 89x18
                text run at (1,1) width 89: "Row 5, Cell 2"
            RenderTableCell {TD} at (182,0) size 92x20 [r=0 c=2 rs=1 cs=1]
              RenderText {#text} at (1,1) size 89x18
                text run at (1,1) width 89: "Row 5, Cell 3"
      RenderTable {TABLE} at (0,906) size 274x118
        RenderBlock {CAPTION} at (0,0) size 274x18
          RenderInline {A} at (0,0) size 246x18
            RenderText {#text} at (11,0) size 246x18
              text run at (11,0) width 246: "Frame=\x{201C}lhs\x{201D} and Rules=\x{201C}none\x{201D}"
          RenderInline (generated) at (0,0) size 7x18
            RenderText at (256,0) size 7x18
              text run at (256,0) width 7: ":"
        RenderTableSection {THEAD} at (0,18) size 274x20
          RenderTableRow {TR} at (0,0) size 274x20
            RenderTableCell {TD} at (0,0) size 92x20 [border: none] [r=0 c=0 rs=1 cs=1]
              RenderText {#text} at (2,1) size 89x18
                text run at (2,1) width 89: "Row 1, Cell 1"
            RenderTableCell {TD} at (91,0) size 92x20 [r=0 c=1 rs=1 cs=1]
              RenderText {#text} at (1,1) size 89x18
                text run at (1,1) width 89: "Row 1, Cell 2"
            RenderTableCell {TD} at (182,0) size 92x20 [r=0 c=2 rs=1 cs=1]
              RenderText {#text} at (1,1) size 89x18
                text run at (1,1) width 89: "Row 1, Cell 3"
        RenderTableSection {TBODY} at (0,38) size 274x60
          RenderTableRow {TR} at (0,0) size 274x20
            RenderTableCell {TD} at (0,10) size 92x20 [border: none] [r=0 c=0 rs=2 cs=1]
              RenderText {#text} at (2,1) size 89x18
                text run at (2,1) width 89: "Row 2, Cell 1"
            RenderTableCell {TD} at (91,0) size 183x20 [r=0 c=1 rs=1 cs=2]
              RenderText {#text} at (1,1) size 89x18
                text run at (1,1) width 89: "Row 2, Cell 2"
          RenderTableRow {TR} at (0,20) size 274x20
            RenderTableCell {TD} at (91,20) size 92x20 [r=1 c=1 rs=1 cs=1]
              RenderText {#text} at (1,1) size 89x18
                text run at (1,1) width 89: "Row 3, Cell 2"
            RenderTableCell {TD} at (182,30) size 92x20 [r=1 c=2 rs=2 cs=1]
              RenderText {#text} at (1,1) size 89x18
                text run at (1,1) width 89: "Row 3, Cell 3"
          RenderTableRow {TR} at (0,40) size 274x20
            RenderTableCell {TD} at (0,40) size 183x20 [border: none] [r=2 c=0 rs=1 cs=2]
              RenderText {#text} at (2,1) size 89x18
                text run at (2,1) width 89: "Row 4, Cell 1"
        RenderTableSection {TFOOT} at (0,98) size 274x20
          RenderTableRow {TR} at (0,0) size 274x20
            RenderTableCell {TD} at (0,0) size 92x20 [border: none] [r=0 c=0 rs=1 cs=1]
              RenderText {#text} at (2,1) size 89x18
                text run at (2,1) width 89: "Row 5, Cell 1"
            RenderTableCell {TD} at (91,0) size 92x20 [r=0 c=1 rs=1 cs=1]
              RenderText {#text} at (1,1) size 89x18
                text run at (1,1) width 89: "Row 5, Cell 2"
            RenderTableCell {TD} at (182,0) size 92x20 [r=0 c=2 rs=1 cs=1]
              RenderText {#text} at (1,1) size 89x18
                text run at (1,1) width 89: "Row 5, Cell 3"
      RenderTable {TABLE} at (0,1072) size 274x118 [border: none (1px solid #808080) none]
        RenderBlock {CAPTION} at (0,0) size 274x18
          RenderInline {A} at (0,0) size 248x18
            RenderText {#text} at (10,0) size 248x18
              text run at (10,0) width 248: "Frame=\x{201C}rhs\x{201D} and Rules=\x{201C}none\x{201D}"
          RenderInline (generated) at (0,0) size 7x18
            RenderText at (257,0) size 7x18
              text run at (257,0) width 7: ":"
        RenderTableSection {THEAD} at (0,18) size 273x20
          RenderTableRow {TR} at (0,0) size 273x20
            RenderTableCell {TD} at (0,0) size 91x20 [r=0 c=0 rs=1 cs=1]
              RenderText {#text} at (1,1) size 89x18
                text run at (1,1) width 89: "Row 1, Cell 1"
            RenderTableCell {TD} at (90,0) size 92x20 [r=0 c=1 rs=1 cs=1]
              RenderText {#text} at (1,1) size 89x18
                text run at (1,1) width 89: "Row 1, Cell 2"
            RenderTableCell {TD} at (181,0) size 92x20 [r=0 c=2 rs=1 cs=1]
              RenderText {#text} at (1,1) size 89x18
                text run at (1,1) width 89: "Row 1, Cell 3"
        RenderTableSection {TBODY} at (0,38) size 273x60
          RenderTableRow {TR} at (0,0) size 273x20
            RenderTableCell {TD} at (0,10) size 91x20 [r=0 c=0 rs=2 cs=1]
              RenderText {#text} at (1,1) size 89x18
                text run at (1,1) width 89: "Row 2, Cell 1"
            RenderTableCell {TD} at (90,0) size 183x20 [r=0 c=1 rs=1 cs=2]
              RenderText {#text} at (1,1) size 89x18
                text run at (1,1) width 89: "Row 2, Cell 2"
          RenderTableRow {TR} at (0,20) size 273x20
            RenderTableCell {TD} at (90,20) size 92x20 [r=1 c=1 rs=1 cs=1]
              RenderText {#text} at (1,1) size 89x18
                text run at (1,1) width 89: "Row 3, Cell 2"
            RenderTableCell {TD} at (181,30) size 92x20 [r=1 c=2 rs=2 cs=1]
              RenderText {#text} at (1,1) size 89x18
                text run at (1,1) width 89: "Row 3, Cell 3"
          RenderTableRow {TR} at (0,40) size 273x20
            RenderTableCell {TD} at (0,40) size 182x20 [r=2 c=0 rs=1 cs=2]
              RenderText {#text} at (1,1) size 89x18
                text run at (1,1) width 89: "Row 4, Cell 1"
        RenderTableSection {TFOOT} at (0,98) size 273x20
          RenderTableRow {TR} at (0,0) size 273x20
            RenderTableCell {TD} at (0,0) size 91x20 [r=0 c=0 rs=1 cs=1]
              RenderText {#text} at (1,1) size 89x18
                text run at (1,1) width 89: "Row 5, Cell 1"
            RenderTableCell {TD} at (90,0) size 92x20 [r=0 c=1 rs=1 cs=1]
              RenderText {#text} at (1,1) size 89x18
                text run at (1,1) width 89: "Row 5, Cell 2"
            RenderTableCell {TD} at (181,0) size 92x20 [r=0 c=2 rs=1 cs=1]
              RenderText {#text} at (1,1) size 89x18
                text run at (1,1) width 89: "Row 5, Cell 3"
      RenderTable {TABLE} at (0,1238) size 275x120 [border: none]
        RenderBlock {CAPTION} at (0,0) size 275x18
          RenderInline {A} at (0,0) size 250x18
            RenderText {#text} at (9,0) size 250x18
              text run at (9,0) width 250: "Frame=\x{201C}box\x{201D} and Rules=\x{201C}none\x{201D}"
          RenderInline (generated) at (0,0) size 8x18
            RenderText at (258,0) size 8x18
              text run at (258,0) width 8: ":"
        RenderTableSection {THEAD} at (0,18) size 274x21
          RenderTableRow {TR} at (0,0) size 274x21
            RenderTableCell {TD} at (0,0) size 92x21 [border: (1px none #000000)] [r=0 c=0 rs=1 cs=1]
              RenderText {#text} at (2,2) size 89x18
                text run at (2,2) width 89: "Row 1, Cell 1"
            RenderTableCell {TD} at (91,0) size 92x21 [border: (1px none #000000)] [r=0 c=1 rs=1 cs=1]
              RenderText {#text} at (1,2) size 89x18
                text run at (1,2) width 89: "Row 1, Cell 2"
            RenderTableCell {TD} at (182,0) size 92x21 [border: (1px none #000000)] [r=0 c=2 rs=1 cs=1]
              RenderText {#text} at (1,2) size 89x18
                text run at (1,2) width 89: "Row 1, Cell 3"
        RenderTableSection {TBODY} at (0,39) size 274x60
          RenderTableRow {TR} at (0,0) size 274x20
            RenderTableCell {TD} at (0,10) size 92x20 [border: none] [r=0 c=0 rs=2 cs=1]
              RenderText {#text} at (2,1) size 89x18
                text run at (2,1) width 89: "Row 2, Cell 1"
            RenderTableCell {TD} at (91,0) size 183x20 [r=0 c=1 rs=1 cs=2]
              RenderText {#text} at (1,1) size 89x18
                text run at (1,1) width 89: "Row 2, Cell 2"
          RenderTableRow {TR} at (0,20) size 274x20
            RenderTableCell {TD} at (91,20) size 92x20 [r=1 c=1 rs=1 cs=1]
              RenderText {#text} at (1,1) size 89x18
                text run at (1,1) width 89: "Row 3, Cell 2"
            RenderTableCell {TD} at (182,30) size 92x20 [r=1 c=2 rs=2 cs=1]
              RenderText {#text} at (1,1) size 89x18
                text run at (1,1) width 89: "Row 3, Cell 3"
          RenderTableRow {TR} at (0,40) size 274x20
            RenderTableCell {TD} at (0,40) size 183x20 [border: none] [r=2 c=0 rs=1 cs=2]
              RenderText {#text} at (2,1) size 89x18
                text run at (2,1) width 89: "Row 4, Cell 1"
        RenderTableSection {TFOOT} at (0,99) size 274x20
          RenderTableRow {TR} at (0,0) size 274x20
            RenderTableCell {TD} at (0,0) size 92x20 [border: none] [r=0 c=0 rs=1 cs=1]
              RenderText {#text} at (2,1) size 89x18
                text run at (2,1) width 89: "Row 5, Cell 1"
            RenderTableCell {TD} at (91,0) size 92x20 [r=0 c=1 rs=1 cs=1]
              RenderText {#text} at (1,1) size 89x18
                text run at (1,1) width 89: "Row 5, Cell 2"
            RenderTableCell {TD} at (182,0) size 92x20 [r=0 c=2 rs=1 cs=1]
              RenderText {#text} at (1,1) size 89x18
                text run at (1,1) width 89: "Row 5, Cell 3"
      RenderTable {TABLE} at (0,1406) size 275x138 [border: none]
        RenderBlock {CAPTION} at (0,0) size 275x36
          RenderInline {A} at (0,0) size 161x36
            RenderText {#text} at (57,0) size 161x36
              text run at (57,0) width 161: "Frame=\x{201C}border\x{201D} and"
              text run at (80,18) width 108: "Rules=\x{201C}none\x{201D}"
          RenderInline (generated) at (0,0) size 8x18
            RenderText at (187,18) size 8x18
              text run at (187,18) width 8: ":"
        RenderTableSection {THEAD} at (0,36) size 274x21
          RenderTableRow {TR} at (0,0) size 274x21
            RenderTableCell {TD} at (0,0) size 92x21 [border: (1px none #000000)] [r=0 c=0 rs=1 cs=1]
              RenderText {#text} at (2,2) size 89x18
                text run at (2,2) width 89: "Row 1, Cell 1"
            RenderTableCell {TD} at (91,0) size 92x21 [border: (1px none #000000)] [r=0 c=1 rs=1 cs=1]
              RenderText {#text} at (1,2) size 89x18
                text run at (1,2) width 89: "Row 1, Cell 2"
            RenderTableCell {TD} at (182,0) size 92x21 [border: (1px none #000000)] [r=0 c=2 rs=1 cs=1]
              RenderText {#text} at (1,2) size 89x18
                text run at (1,2) width 89: "Row 1, Cell 3"
        RenderTableSection {TBODY} at (0,57) size 274x60
          RenderTableRow {TR} at (0,0) size 274x20
            RenderTableCell {TD} at (0,10) size 92x20 [border: none] [r=0 c=0 rs=2 cs=1]
              RenderText {#text} at (2,1) size 89x18
                text run at (2,1) width 89: "Row 2, Cell 1"
            RenderTableCell {TD} at (91,0) size 183x20 [r=0 c=1 rs=1 cs=2]
              RenderText {#text} at (1,1) size 89x18
                text run at (1,1) width 89: "Row 2, Cell 2"
          RenderTableRow {TR} at (0,20) size 274x20
            RenderTableCell {TD} at (91,20) size 92x20 [r=1 c=1 rs=1 cs=1]
              RenderText {#text} at (1,1) size 89x18
                text run at (1,1) width 89: "Row 3, Cell 2"
            RenderTableCell {TD} at (182,30) size 92x20 [r=1 c=2 rs=2 cs=1]
              RenderText {#text} at (1,1) size 89x18
                text run at (1,1) width 89: "Row 3, Cell 3"
          RenderTableRow {TR} at (0,40) size 274x20
            RenderTableCell {TD} at (0,40) size 183x20 [border: none] [r=2 c=0 rs=1 cs=2]
              RenderText {#text} at (2,1) size 89x18
                text run at (2,1) width 89: "Row 4, Cell 1"
        RenderTableSection {TFOOT} at (0,117) size 274x20
          RenderTableRow {TR} at (0,0) size 274x20
            RenderTableCell {TD} at (0,0) size 92x20 [border: none] [r=0 c=0 rs=1 cs=1]
              RenderText {#text} at (2,1) size 89x18
                text run at (2,1) width 89: "Row 5, Cell 1"
            RenderTableCell {TD} at (91,0) size 92x20 [r=0 c=1 rs=1 cs=1]
              RenderText {#text} at (1,1) size 89x18
                text run at (1,1) width 89: "Row 5, Cell 2"
            RenderTableCell {TD} at (182,0) size 92x20 [r=0 c=2 rs=1 cs=1]
              RenderText {#text} at (1,1) size 89x18
                text run at (1,1) width 89: "Row 5, Cell 3"
      RenderTable {TABLE} at (0,1592) size 273x138
        RenderBlock {CAPTION} at (0,0) size 273x36
          RenderInline {A} at (0,0) size 144x36
            RenderText {#text} at (64,0) size 144x36
              text run at (64,0) width 144: "Frame=\x{201C}void\x{201D} and"
              text run at (72,18) width 123: "Rules=\x{201C}groups\x{201D}"
          RenderInline (generated) at (0,0) size 7x18
            RenderText at (194,18) size 7x18
              text run at (194,18) width 7: ":"
        RenderTableSection {THEAD} at (0,36) size 273x20 [border: (1px solid #808080) none (1px solid #808080) none]
          RenderTableRow {TR} at (0,0) size 273x20
            RenderTableCell {TD} at (0,0) size 91x20 [r=0 c=0 rs=1 cs=1]
              RenderText {#text} at (1,1) size 89x18
                text run at (1,1) width 89: "Row 1, Cell 1"
            RenderTableCell {TD} at (90,0) size 92x20 [r=0 c=1 rs=1 cs=1]
              RenderText {#text} at (1,1) size 89x18
                text run at (1,1) width 89: "Row 1, Cell 2"
            RenderTableCell {TD} at (181,0) size 92x20 [r=0 c=2 rs=1 cs=1]
              RenderText {#text} at (1,1) size 89x18
                text run at (1,1) width 89: "Row 1, Cell 3"
        RenderTableSection {TBODY} at (0,56) size 273x61 [border: (1px solid #808080) none (1px solid #808080) none]
          RenderTableRow {TR} at (0,0) size 273x21
            RenderTableCell {TD} at (0,10) size 91x21 [border: (1px none #000000)] [r=0 c=0 rs=2 cs=1]
              RenderText {#text} at (1,2) size 89x18
                text run at (1,2) width 89: "Row 2, Cell 1"
            RenderTableCell {TD} at (90,0) size 183x21 [border: (1px none #000000)] [r=0 c=1 rs=1 cs=2]
              RenderText {#text} at (1,2) size 89x18
                text run at (1,2) width 89: "Row 2, Cell 2"
          RenderTableRow {TR} at (0,21) size 273x20
            RenderTableCell {TD} at (90,21) size 92x20 [r=1 c=1 rs=1 cs=1]
              RenderText {#text} at (1,1) size 89x18
                text run at (1,1) width 89: "Row 3, Cell 2"
            RenderTableCell {TD} at (181,31) size 92x20 [r=1 c=2 rs=2 cs=1]
              RenderText {#text} at (1,1) size 89x18
                text run at (1,1) width 89: "Row 3, Cell 3"
          RenderTableRow {TR} at (0,41) size 273x20
            RenderTableCell {TD} at (0,41) size 182x20 [r=2 c=0 rs=1 cs=2]
              RenderText {#text} at (1,1) size 89x18
                text run at (1,1) width 89: "Row 4, Cell 1"
        RenderTableSection {TFOOT} at (0,117) size 273x21 [border: (1px solid #808080) none (1px solid #808080) none]
          RenderTableRow {TR} at (0,0) size 273x21
            RenderTableCell {TD} at (0,0) size 91x21 [border: (1px none #000000)] [r=0 c=0 rs=1 cs=1]
              RenderText {#text} at (1,2) size 89x18
                text run at (1,2) width 89: "Row 5, Cell 1"
            RenderTableCell {TD} at (90,0) size 92x21 [border: (1px none #000000)] [r=0 c=1 rs=1 cs=1]
              RenderText {#text} at (1,2) size 89x18
                text run at (1,2) width 89: "Row 5, Cell 2"
            RenderTableCell {TD} at (181,0) size 92x21 [border: (1px none #000000)] [r=0 c=2 rs=1 cs=1]
              RenderText {#text} at (1,2) size 89x18
                text run at (1,2) width 89: "Row 5, Cell 3"
      RenderTable {TABLE} at (0,1778) size 273x139
        RenderBlock {CAPTION} at (0,0) size 273x36
          RenderInline {A} at (0,0) size 155x36
            RenderText {#text} at (59,0) size 155x36
              text run at (59,0) width 155: "Frame=\x{201C}above\x{201D} and"
              text run at (72,18) width 123: "Rules=\x{201C}groups\x{201D}"
          RenderInline (generated) at (0,0) size 7x18
            RenderText at (194,18) size 7x18
              text run at (194,18) width 7: ":"
        RenderTableSection {THEAD} at (0,36) size 273x21 [border: (1px solid #808080) none (1px solid #808080) none]
          RenderTableRow {TR} at (0,0) size 273x21
            RenderTableCell {TD} at (0,0) size 91x21 [border: (1px none #000000)] [r=0 c=0 rs=1 cs=1]
              RenderText {#text} at (1,2) size 89x18
                text run at (1,2) width 89: "Row 1, Cell 1"
            RenderTableCell {TD} at (90,0) size 92x21 [border: (1px none #000000)] [r=0 c=1 rs=1 cs=1]
              RenderText {#text} at (1,2) size 89x18
                text run at (1,2) width 89: "Row 1, Cell 2"
            RenderTableCell {TD} at (181,0) size 92x21 [border: (1px none #000000)] [r=0 c=2 rs=1 cs=1]
              RenderText {#text} at (1,2) size 89x18
                text run at (1,2) width 89: "Row 1, Cell 3"
        RenderTableSection {TBODY} at (0,57) size 273x61 [border: (1px solid #808080) none (1px solid #808080) none]
          RenderTableRow {TR} at (0,0) size 273x21
            RenderTableCell {TD} at (0,10) size 91x21 [border: (1px none #000000)] [r=0 c=0 rs=2 cs=1]
              RenderText {#text} at (1,2) size 89x18
                text run at (1,2) width 89: "Row 2, Cell 1"
            RenderTableCell {TD} at (90,0) size 183x21 [border: (1px none #000000)] [r=0 c=1 rs=1 cs=2]
              RenderText {#text} at (1,2) size 89x18
                text run at (1,2) width 89: "Row 2, Cell 2"
          RenderTableRow {TR} at (0,21) size 273x20
            RenderTableCell {TD} at (90,21) size 92x20 [r=1 c=1 rs=1 cs=1]
              RenderText {#text} at (1,1) size 89x18
                text run at (1,1) width 89: "Row 3, Cell 2"
            RenderTableCell {TD} at (181,31) size 92x20 [r=1 c=2 rs=2 cs=1]
              RenderText {#text} at (1,1) size 89x18
                text run at (1,1) width 89: "Row 3, Cell 3"
          RenderTableRow {TR} at (0,41) size 273x20
            RenderTableCell {TD} at (0,41) size 182x20 [r=2 c=0 rs=1 cs=2]
              RenderText {#text} at (1,1) size 89x18
                text run at (1,1) width 89: "Row 4, Cell 1"
        RenderTableSection {TFOOT} at (0,118) size 273x21 [border: (1px solid #808080) none (1px solid #808080) none]
          RenderTableRow {TR} at (0,0) size 273x21
            RenderTableCell {TD} at (0,0) size 91x21 [border: (1px none #000000)] [r=0 c=0 rs=1 cs=1]
              RenderText {#text} at (1,2) size 89x18
                text run at (1,2) width 89: "Row 5, Cell 1"
            RenderTableCell {TD} at (90,0) size 92x21 [border: (1px none #000000)] [r=0 c=1 rs=1 cs=1]
              RenderText {#text} at (1,2) size 89x18
                text run at (1,2) width 89: "Row 5, Cell 2"
            RenderTableCell {TD} at (181,0) size 92x21 [border: (1px none #000000)] [r=0 c=2 rs=1 cs=1]
              RenderText {#text} at (1,2) size 89x18
                text run at (1,2) width 89: "Row 5, Cell 3"
      RenderTable {TABLE} at (0,1965) size 273x139 [border: none (1px solid #808080) none]
        RenderBlock {CAPTION} at (0,0) size 273x36
          RenderInline {A} at (0,0) size 155x36
            RenderText {#text} at (59,0) size 155x36
              text run at (59,0) width 155: "Frame=\x{201C}below\x{201D} and"
              text run at (72,18) width 123: "Rules=\x{201C}groups\x{201D}"
          RenderInline (generated) at (0,0) size 7x18
            RenderText at (194,18) size 7x18
              text run at (194,18) width 7: ":"
        RenderTableSection {THEAD} at (0,36) size 273x20 [border: (1px solid #808080) none (1px solid #808080) none]
          RenderTableRow {TR} at (0,0) size 273x20
            RenderTableCell {TD} at (0,0) size 91x20 [r=0 c=0 rs=1 cs=1]
              RenderText {#text} at (1,1) size 89x18
                text run at (1,1) width 89: "Row 1, Cell 1"
            RenderTableCell {TD} at (90,0) size 92x20 [r=0 c=1 rs=1 cs=1]
              RenderText {#text} at (1,1) size 89x18
                text run at (1,1) width 89: "Row 1, Cell 2"
            RenderTableCell {TD} at (181,0) size 92x20 [r=0 c=2 rs=1 cs=1]
              RenderText {#text} at (1,1) size 89x18
                text run at (1,1) width 89: "Row 1, Cell 3"
        RenderTableSection {TBODY} at (0,56) size 273x61 [border: (1px solid #808080) none (1px solid #808080) none]
          RenderTableRow {TR} at (0,0) size 273x21
            RenderTableCell {TD} at (0,10) size 91x21 [border: (1px none #000000)] [r=0 c=0 rs=2 cs=1]
              RenderText {#text} at (1,2) size 89x18
                text run at (1,2) width 89: "Row 2, Cell 1"
            RenderTableCell {TD} at (90,0) size 183x21 [border: (1px none #000000)] [r=0 c=1 rs=1 cs=2]
              RenderText {#text} at (1,2) size 89x18
                text run at (1,2) width 89: "Row 2, Cell 2"
          RenderTableRow {TR} at (0,21) size 273x20
            RenderTableCell {TD} at (90,21) size 92x20 [r=1 c=1 rs=1 cs=1]
              RenderText {#text} at (1,1) size 89x18
                text run at (1,1) width 89: "Row 3, Cell 2"
            RenderTableCell {TD} at (181,31) size 92x20 [r=1 c=2 rs=2 cs=1]
              RenderText {#text} at (1,1) size 89x18
                text run at (1,1) width 89: "Row 3, Cell 3"
          RenderTableRow {TR} at (0,41) size 273x20
            RenderTableCell {TD} at (0,41) size 182x20 [r=2 c=0 rs=1 cs=2]
              RenderText {#text} at (1,1) size 89x18
                text run at (1,1) width 89: "Row 4, Cell 1"
        RenderTableSection {TFOOT} at (0,117) size 273x21 [border: (1px solid #808080) none (1px solid #808080) none]
          RenderTableRow {TR} at (0,0) size 273x21
            RenderTableCell {TD} at (0,0) size 91x21 [border: (1px none #000000)] [r=0 c=0 rs=1 cs=1]
              RenderText {#text} at (1,2) size 89x18
                text run at (1,2) width 89: "Row 5, Cell 1"
            RenderTableCell {TD} at (90,0) size 92x21 [border: (1px none #000000)] [r=0 c=1 rs=1 cs=1]
              RenderText {#text} at (1,2) size 89x18
                text run at (1,2) width 89: "Row 5, Cell 2"
            RenderTableCell {TD} at (181,0) size 92x21 [border: (1px none #000000)] [r=0 c=2 rs=1 cs=1]
              RenderText {#text} at (1,2) size 89x18
                text run at (1,2) width 89: "Row 5, Cell 3"
      RenderTable {TABLE} at (0,2152) size 273x140 [border: none none (1px solid #808080) none]
        RenderBlock {CAPTION} at (0,0) size 273x36
          RenderInline {A} at (0,0) size 158x36
            RenderText {#text} at (57,0) size 158x36
              text run at (57,0) width 158: "Frame=\x{201C}hsides\x{201D} and"
              text run at (72,18) width 123: "Rules=\x{201C}groups\x{201D}"
          RenderInline (generated) at (0,0) size 7x18
            RenderText at (194,18) size 7x18
              text run at (194,18) width 7: ":"
        RenderTableSection {THEAD} at (0,36) size 273x21 [border: (1px solid #808080) none (1px solid #808080) none]
          RenderTableRow {TR} at (0,0) size 273x21
            RenderTableCell {TD} at (0,0) size 91x21 [border: (1px none #000000)] [r=0 c=0 rs=1 cs=1]
              RenderText {#text} at (1,2) size 89x18
                text run at (1,2) width 89: "Row 1, Cell 1"
            RenderTableCell {TD} at (90,0) size 92x21 [border: (1px none #000000)] [r=0 c=1 rs=1 cs=1]
              RenderText {#text} at (1,2) size 89x18
                text run at (1,2) width 89: "Row 1, Cell 2"
            RenderTableCell {TD} at (181,0) size 92x21 [border: (1px none #000000)] [r=0 c=2 rs=1 cs=1]
              RenderText {#text} at (1,2) size 89x18
                text run at (1,2) width 89: "Row 1, Cell 3"
        RenderTableSection {TBODY} at (0,57) size 273x61 [border: (1px solid #808080) none (1px solid #808080) none]
          RenderTableRow {TR} at (0,0) size 273x21
            RenderTableCell {TD} at (0,10) size 91x21 [border: (1px none #000000)] [r=0 c=0 rs=2 cs=1]
              RenderText {#text} at (1,2) size 89x18
                text run at (1,2) width 89: "Row 2, Cell 1"
            RenderTableCell {TD} at (90,0) size 183x21 [border: (1px none #000000)] [r=0 c=1 rs=1 cs=2]
              RenderText {#text} at (1,2) size 89x18
                text run at (1,2) width 89: "Row 2, Cell 2"
          RenderTableRow {TR} at (0,21) size 273x20
            RenderTableCell {TD} at (90,21) size 92x20 [r=1 c=1 rs=1 cs=1]
              RenderText {#text} at (1,1) size 89x18
                text run at (1,1) width 89: "Row 3, Cell 2"
            RenderTableCell {TD} at (181,31) size 92x20 [r=1 c=2 rs=2 cs=1]
              RenderText {#text} at (1,1) size 89x18
                text run at (1,1) width 89: "Row 3, Cell 3"
          RenderTableRow {TR} at (0,41) size 273x20
            RenderTableCell {TD} at (0,41) size 182x20 [r=2 c=0 rs=1 cs=2]
              RenderText {#text} at (1,1) size 89x18
                text run at (1,1) width 89: "Row 4, Cell 1"
        RenderTableSection {TFOOT} at (0,118) size 273x21 [border: (1px solid #808080) none (1px solid #808080) none]
          RenderTableRow {TR} at (0,0) size 273x21
            RenderTableCell {TD} at (0,0) size 91x21 [border: (1px none #000000)] [r=0 c=0 rs=1 cs=1]
              RenderText {#text} at (1,2) size 89x18
                text run at (1,2) width 89: "Row 5, Cell 1"
            RenderTableCell {TD} at (90,0) size 92x21 [border: (1px none #000000)] [r=0 c=1 rs=1 cs=1]
              RenderText {#text} at (1,2) size 89x18
                text run at (1,2) width 89: "Row 5, Cell 2"
            RenderTableCell {TD} at (181,0) size 92x21 [border: (1px none #000000)] [r=0 c=2 rs=1 cs=1]
              RenderText {#text} at (1,2) size 89x18
                text run at (1,2) width 89: "Row 5, Cell 3"
      RenderTable {TABLE} at (0,2340) size 275x138 [border: none (1px solid #808080) none none]
        RenderBlock {CAPTION} at (0,0) size 275x36
          RenderInline {A} at (0,0) size 157x36
            RenderText {#text} at (59,0) size 157x36
              text run at (59,0) width 157: "Frame=\x{201C}vsides\x{201D} and"
              text run at (73,18) width 123: "Rules=\x{201C}groups\x{201D}"
          RenderInline (generated) at (0,0) size 7x18
            RenderText at (195,18) size 7x18
              text run at (195,18) width 7: ":"
        RenderTableSection {THEAD} at (0,36) size 274x20 [border: (1px solid #808080) none (1px solid #808080) none]
          RenderTableRow {TR} at (0,0) size 274x20
            RenderTableCell {TD} at (0,0) size 92x20 [border: none] [r=0 c=0 rs=1 cs=1]
              RenderText {#text} at (2,1) size 89x18
                text run at (2,1) width 89: "Row 1, Cell 1"
            RenderTableCell {TD} at (91,0) size 92x20 [r=0 c=1 rs=1 cs=1]
              RenderText {#text} at (1,1) size 89x18
                text run at (1,1) width 89: "Row 1, Cell 2"
            RenderTableCell {TD} at (182,0) size 92x20 [r=0 c=2 rs=1 cs=1]
              RenderText {#text} at (1,1) size 89x18
                text run at (1,1) width 89: "Row 1, Cell 3"
        RenderTableSection {TBODY} at (0,56) size 274x61 [border: (1px solid #808080) none (1px solid #808080) none]
          RenderTableRow {TR} at (0,0) size 274x21
            RenderTableCell {TD} at (0,10) size 92x21 [border: (1px none #000000)] [r=0 c=0 rs=2 cs=1]
              RenderText {#text} at (2,2) size 89x18
                text run at (2,2) width 89: "Row 2, Cell 1"
            RenderTableCell {TD} at (91,0) size 183x21 [border: (1px none #000000)] [r=0 c=1 rs=1 cs=2]
              RenderText {#text} at (1,2) size 89x18
                text run at (1,2) width 89: "Row 2, Cell 2"
          RenderTableRow {TR} at (0,21) size 274x20
            RenderTableCell {TD} at (91,21) size 92x20 [r=1 c=1 rs=1 cs=1]
              RenderText {#text} at (1,1) size 89x18
                text run at (1,1) width 89: "Row 3, Cell 2"
            RenderTableCell {TD} at (182,31) size 92x20 [r=1 c=2 rs=2 cs=1]
              RenderText {#text} at (1,1) size 89x18
                text run at (1,1) width 89: "Row 3, Cell 3"
          RenderTableRow {TR} at (0,41) size 274x20
            RenderTableCell {TD} at (0,41) size 183x20 [border: none] [r=2 c=0 rs=1 cs=2]
              RenderText {#text} at (2,1) size 89x18
                text run at (2,1) width 89: "Row 4, Cell 1"
        RenderTableSection {TFOOT} at (0,117) size 274x21 [border: (1px solid #808080) none (1px solid #808080) none]
          RenderTableRow {TR} at (0,0) size 274x21
            RenderTableCell {TD} at (0,0) size 92x21 [border: (1px none #000000)] [r=0 c=0 rs=1 cs=1]
              RenderText {#text} at (2,2) size 89x18
                text run at (2,2) width 89: "Row 5, Cell 1"
            RenderTableCell {TD} at (91,0) size 92x21 [border: (1px none #000000)] [r=0 c=1 rs=1 cs=1]
              RenderText {#text} at (1,2) size 89x18
                text run at (1,2) width 89: "Row 5, Cell 2"
            RenderTableCell {TD} at (182,0) size 92x21 [border: (1px none #000000)] [r=0 c=2 rs=1 cs=1]
              RenderText {#text} at (1,2) size 89x18
                text run at (1,2) width 89: "Row 5, Cell 3"
      RenderTable {TABLE} at (0,2526) size 274x120
        RenderBlock {CAPTION} at (0,0) size 274x18
          RenderInline {A} at (0,0) size 261x18
            RenderText {#text} at (3,0) size 261x18
              text run at (3,0) width 261: "Frame=\x{201C}lhs\x{201D} and Rules=\x{201C}groups\x{201D}"
          RenderInline (generated) at (0,0) size 7x18
            RenderText at (263,0) size 7x18
              text run at (263,0) width 7: ":"
        RenderTableSection {THEAD} at (0,18) size 274x20 [border: (1px solid #808080) none (1px solid #808080) none]
          RenderTableRow {TR} at (0,0) size 274x20
            RenderTableCell {TD} at (0,0) size 92x20 [border: none] [r=0 c=0 rs=1 cs=1]
              RenderText {#text} at (2,1) size 89x18
                text run at (2,1) width 89: "Row 1, Cell 1"
            RenderTableCell {TD} at (91,0) size 92x20 [r=0 c=1 rs=1 cs=1]
              RenderText {#text} at (1,1) size 89x18
                text run at (1,1) width 89: "Row 1, Cell 2"
            RenderTableCell {TD} at (182,0) size 92x20 [r=0 c=2 rs=1 cs=1]
              RenderText {#text} at (1,1) size 89x18
                text run at (1,1) width 89: "Row 1, Cell 3"
        RenderTableSection {TBODY} at (0,38) size 274x61 [border: (1px solid #808080) none (1px solid #808080) none]
          RenderTableRow {TR} at (0,0) size 274x21
            RenderTableCell {TD} at (0,10) size 92x21 [border: (1px none #000000)] [r=0 c=0 rs=2 cs=1]
              RenderText {#text} at (2,2) size 89x18
                text run at (2,2) width 89: "Row 2, Cell 1"
            RenderTableCell {TD} at (91,0) size 183x21 [border: (1px none #000000)] [r=0 c=1 rs=1 cs=2]
              RenderText {#text} at (1,2) size 89x18
                text run at (1,2) width 89: "Row 2, Cell 2"
          RenderTableRow {TR} at (0,21) size 274x20
            RenderTableCell {TD} at (91,21) size 92x20 [r=1 c=1 rs=1 cs=1]
              RenderText {#text} at (1,1) size 89x18
                text run at (1,1) width 89: "Row 3, Cell 2"
            RenderTableCell {TD} at (182,31) size 92x20 [r=1 c=2 rs=2 cs=1]
              RenderText {#text} at (1,1) size 89x18
                text run at (1,1) width 89: "Row 3, Cell 3"
          RenderTableRow {TR} at (0,41) size 274x20
            RenderTableCell {TD} at (0,41) size 183x20 [border: none] [r=2 c=0 rs=1 cs=2]
              RenderText {#text} at (2,1) size 89x18
                text run at (2,1) width 89: "Row 4, Cell 1"
        RenderTableSection {TFOOT} at (0,99) size 274x21 [border: (1px solid #808080) none (1px solid #808080) none]
          RenderTableRow {TR} at (0,0) size 274x21
            RenderTableCell {TD} at (0,0) size 92x21 [border: (1px none #000000)] [r=0 c=0 rs=1 cs=1]
              RenderText {#text} at (2,2) size 89x18
                text run at (2,2) width 89: "Row 5, Cell 1"
            RenderTableCell {TD} at (91,0) size 92x21 [border: (1px none #000000)] [r=0 c=1 rs=1 cs=1]
              RenderText {#text} at (1,2) size 89x18
                text run at (1,2) width 89: "Row 5, Cell 2"
            RenderTableCell {TD} at (182,0) size 92x21 [border: (1px none #000000)] [r=0 c=2 rs=1 cs=1]
              RenderText {#text} at (1,2) size 89x18
                text run at (1,2) width 89: "Row 5, Cell 3"
      RenderTable {TABLE} at (0,2694) size 274x120 [border: none (1px solid #808080) none]
        RenderBlock {CAPTION} at (0,0) size 274x18
          RenderInline {A} at (0,0) size 263x18
            RenderText {#text} at (2,0) size 263x18
              text run at (2,0) width 263: "Frame=\x{201C}rhs\x{201D} and Rules=\x{201C}groups\x{201D}"
          RenderInline (generated) at (0,0) size 7x18
            RenderText at (264,0) size 7x18
              text run at (264,0) width 7: ":"
        RenderTableSection {THEAD} at (0,18) size 273x20 [border: (1px solid #808080) none (1px solid #808080) none]
          RenderTableRow {TR} at (0,0) size 273x20
            RenderTableCell {TD} at (0,0) size 91x20 [r=0 c=0 rs=1 cs=1]
              RenderText {#text} at (1,1) size 89x18
                text run at (1,1) width 89: "Row 1, Cell 1"
            RenderTableCell {TD} at (90,0) size 92x20 [r=0 c=1 rs=1 cs=1]
              RenderText {#text} at (1,1) size 89x18
                text run at (1,1) width 89: "Row 1, Cell 2"
            RenderTableCell {TD} at (181,0) size 92x20 [r=0 c=2 rs=1 cs=1]
              RenderText {#text} at (1,1) size 89x18
                text run at (1,1) width 89: "Row 1, Cell 3"
        RenderTableSection {TBODY} at (0,38) size 273x61 [border: (1px solid #808080) none (1px solid #808080) none]
          RenderTableRow {TR} at (0,0) size 273x21
            RenderTableCell {TD} at (0,10) size 91x21 [border: (1px none #000000)] [r=0 c=0 rs=2 cs=1]
              RenderText {#text} at (1,2) size 89x18
                text run at (1,2) width 89: "Row 2, Cell 1"
            RenderTableCell {TD} at (90,0) size 183x21 [border: (1px none #000000)] [r=0 c=1 rs=1 cs=2]
              RenderText {#text} at (1,2) size 89x18
                text run at (1,2) width 89: "Row 2, Cell 2"
          RenderTableRow {TR} at (0,21) size 273x20
            RenderTableCell {TD} at (90,21) size 92x20 [r=1 c=1 rs=1 cs=1]
              RenderText {#text} at (1,1) size 89x18
                text run at (1,1) width 89: "Row 3, Cell 2"
            RenderTableCell {TD} at (181,31) size 92x20 [r=1 c=2 rs=2 cs=1]
              RenderText {#text} at (1,1) size 89x18
                text run at (1,1) width 89: "Row 3, Cell 3"
          RenderTableRow {TR} at (0,41) size 273x20
            RenderTableCell {TD} at (0,41) size 182x20 [r=2 c=0 rs=1 cs=2]
              RenderText {#text} at (1,1) size 89x18
                text run at (1,1) width 89: "Row 4, Cell 1"
        RenderTableSection {TFOOT} at (0,99) size 273x21 [border: (1px solid #808080) none (1px solid #808080) none]
          RenderTableRow {TR} at (0,0) size 273x21
            RenderTableCell {TD} at (0,0) size 91x21 [border: (1px none #000000)] [r=0 c=0 rs=1 cs=1]
              RenderText {#text} at (1,2) size 89x18
                text run at (1,2) width 89: "Row 5, Cell 1"
            RenderTableCell {TD} at (90,0) size 92x21 [border: (1px none #000000)] [r=0 c=1 rs=1 cs=1]
              RenderText {#text} at (1,2) size 89x18
                text run at (1,2) width 89: "Row 5, Cell 2"
            RenderTableCell {TD} at (181,0) size 92x21 [border: (1px none #000000)] [r=0 c=2 rs=1 cs=1]
              RenderText {#text} at (1,2) size 89x18
                text run at (1,2) width 89: "Row 5, Cell 3"
      RenderTable {TABLE} at (0,2862) size 275x122 [border: none]
        RenderBlock {CAPTION} at (0,0) size 275x18
          RenderInline {A} at (0,0) size 266x18
            RenderText {#text} at (1,0) size 266x18
              text run at (1,0) width 266: "Frame=\x{201C}box\x{201D} and Rules=\x{201C}groups\x{201D}"
          RenderInline (generated) at (0,0) size 7x18
            RenderText at (266,0) size 7x18
              text run at (266,0) width 7: ":"
        RenderTableSection {THEAD} at (0,18) size 274x21 [border: (1px solid #808080) none (1px solid #808080) none]
          RenderTableRow {TR} at (0,0) size 274x21
            RenderTableCell {TD} at (0,0) size 92x21 [border: (1px none #000000)] [r=0 c=0 rs=1 cs=1]
              RenderText {#text} at (2,2) size 89x18
                text run at (2,2) width 89: "Row 1, Cell 1"
            RenderTableCell {TD} at (91,0) size 92x21 [border: (1px none #000000)] [r=0 c=1 rs=1 cs=1]
              RenderText {#text} at (1,2) size 89x18
                text run at (1,2) width 89: "Row 1, Cell 2"
            RenderTableCell {TD} at (182,0) size 92x21 [border: (1px none #000000)] [r=0 c=2 rs=1 cs=1]
              RenderText {#text} at (1,2) size 89x18
                text run at (1,2) width 89: "Row 1, Cell 3"
        RenderTableSection {TBODY} at (0,39) size 274x61 [border: (1px solid #808080) none (1px solid #808080) none]
          RenderTableRow {TR} at (0,0) size 274x21
            RenderTableCell {TD} at (0,10) size 92x21 [border: (1px none #000000)] [r=0 c=0 rs=2 cs=1]
              RenderText {#text} at (2,2) size 89x18
                text run at (2,2) width 89: "Row 2, Cell 1"
            RenderTableCell {TD} at (91,0) size 183x21 [border: (1px none #000000)] [r=0 c=1 rs=1 cs=2]
              RenderText {#text} at (1,2) size 89x18
                text run at (1,2) width 89: "Row 2, Cell 2"
          RenderTableRow {TR} at (0,21) size 274x20
            RenderTableCell {TD} at (91,21) size 92x20 [r=1 c=1 rs=1 cs=1]
              RenderText {#text} at (1,1) size 89x18
                text run at (1,1) width 89: "Row 3, Cell 2"
            RenderTableCell {TD} at (182,31) size 92x20 [r=1 c=2 rs=2 cs=1]
              RenderText {#text} at (1,1) size 89x18
                text run at (1,1) width 89: "Row 3, Cell 3"
          RenderTableRow {TR} at (0,41) size 274x20
            RenderTableCell {TD} at (0,41) size 183x20 [border: none] [r=2 c=0 rs=1 cs=2]
              RenderText {#text} at (2,1) size 89x18
                text run at (2,1) width 89: "Row 4, Cell 1"
        RenderTableSection {TFOOT} at (0,100) size 274x21 [border: (1px solid #808080) none (1px solid #808080) none]
          RenderTableRow {TR} at (0,0) size 274x21
            RenderTableCell {TD} at (0,0) size 92x21 [border: (1px none #000000)] [r=0 c=0 rs=1 cs=1]
              RenderText {#text} at (2,2) size 89x18
                text run at (2,2) width 89: "Row 5, Cell 1"
            RenderTableCell {TD} at (91,0) size 92x21 [border: (1px none #000000)] [r=0 c=1 rs=1 cs=1]
              RenderText {#text} at (1,2) size 89x18
                text run at (1,2) width 89: "Row 5, Cell 2"
            RenderTableCell {TD} at (182,0) size 92x21 [border: (1px none #000000)] [r=0 c=2 rs=1 cs=1]
              RenderText {#text} at (1,2) size 89x18
                text run at (1,2) width 89: "Row 5, Cell 3"
      RenderTable {TABLE} at (0,3032) size 275x140 [border: none]
        RenderBlock {CAPTION} at (0,0) size 275x36
          RenderInline {A} at (0,0) size 161x36
            RenderText {#text} at (57,0) size 161x36
              text run at (57,0) width 161: "Frame=\x{201C}border\x{201D} and"
              text run at (73,18) width 123: "Rules=\x{201C}groups\x{201D}"
          RenderInline (generated) at (0,0) size 7x18
            RenderText at (195,18) size 7x18
              text run at (195,18) width 7: ":"
        RenderTableSection {THEAD} at (0,36) size 274x21 [border: (1px solid #808080) none (1px solid #808080) none]
          RenderTableRow {TR} at (0,0) size 274x21
            RenderTableCell {TD} at (0,0) size 92x21 [border: (1px none #000000)] [r=0 c=0 rs=1 cs=1]
              RenderText {#text} at (2,2) size 89x18
                text run at (2,2) width 89: "Row 1, Cell 1"
            RenderTableCell {TD} at (91,0) size 92x21 [border: (1px none #000000)] [r=0 c=1 rs=1 cs=1]
              RenderText {#text} at (1,2) size 89x18
                text run at (1,2) width 89: "Row 1, Cell 2"
            RenderTableCell {TD} at (182,0) size 92x21 [border: (1px none #000000)] [r=0 c=2 rs=1 cs=1]
              RenderText {#text} at (1,2) size 89x18
                text run at (1,2) width 89: "Row 1, Cell 3"
        RenderTableSection {TBODY} at (0,57) size 274x61 [border: (1px solid #808080) none (1px solid #808080) none]
          RenderTableRow {TR} at (0,0) size 274x21
            RenderTableCell {TD} at (0,10) size 92x21 [border: (1px none #000000)] [r=0 c=0 rs=2 cs=1]
              RenderText {#text} at (2,2) size 89x18
                text run at (2,2) width 89: "Row 2, Cell 1"
            RenderTableCell {TD} at (91,0) size 183x21 [border: (1px none #000000)] [r=0 c=1 rs=1 cs=2]
              RenderText {#text} at (1,2) size 89x18
                text run at (1,2) width 89: "Row 2, Cell 2"
          RenderTableRow {TR} at (0,21) size 274x20
            RenderTableCell {TD} at (91,21) size 92x20 [r=1 c=1 rs=1 cs=1]
              RenderText {#text} at (1,1) size 89x18
                text run at (1,1) width 89: "Row 3, Cell 2"
            RenderTableCell {TD} at (182,31) size 92x20 [r=1 c=2 rs=2 cs=1]
              RenderText {#text} at (1,1) size 89x18
                text run at (1,1) width 89: "Row 3, Cell 3"
          RenderTableRow {TR} at (0,41) size 274x20
            RenderTableCell {TD} at (0,41) size 183x20 [border: none] [r=2 c=0 rs=1 cs=2]
              RenderText {#text} at (2,1) size 89x18
                text run at (2,1) width 89: "Row 4, Cell 1"
        RenderTableSection {TFOOT} at (0,118) size 274x21 [border: (1px solid #808080) none (1px solid #808080) none]
          RenderTableRow {TR} at (0,0) size 274x21
            RenderTableCell {TD} at (0,0) size 92x21 [border: (1px none #000000)] [r=0 c=0 rs=1 cs=1]
              RenderText {#text} at (2,2) size 89x18
                text run at (2,2) width 89: "Row 5, Cell 1"
            RenderTableCell {TD} at (91,0) size 92x21 [border: (1px none #000000)] [r=0 c=1 rs=1 cs=1]
              RenderText {#text} at (1,2) size 89x18
                text run at (1,2) width 89: "Row 5, Cell 2"
            RenderTableCell {TD} at (182,0) size 92x21 [border: (1px none #000000)] [r=0 c=2 rs=1 cs=1]
              RenderText {#text} at (1,2) size 89x18
                text run at (1,2) width 89: "Row 5, Cell 3"
      RenderTable {TABLE} at (0,3220) size 273x122
        RenderBlock {CAPTION} at (0,0) size 273x18
          RenderInline {A} at (0,0) size 256x18
            RenderText {#text} at (5,0) size 256x18
              text run at (5,0) width 256: "Frame=\x{201C}void\x{201D} and Rules=\x{201C}rows\x{201D}"
          RenderInline (generated) at (0,0) size 7x18
            RenderText at (260,0) size 7x18
              text run at (260,0) width 7: ":"
        RenderTableSection {THEAD} at (0,18) size 273x20
          RenderTableRow {TR} at (0,0) size 273x20
            RenderTableCell {TD} at (0,0) size 91x20 [r=0 c=0 rs=1 cs=1]
              RenderText {#text} at (1,1) size 89x18
                text run at (1,1) width 89: "Row 1, Cell 1"
            RenderTableCell {TD} at (90,0) size 92x20 [r=0 c=1 rs=1 cs=1]
              RenderText {#text} at (1,1) size 89x18
                text run at (1,1) width 89: "Row 1, Cell 2"
            RenderTableCell {TD} at (181,0) size 92x20 [r=0 c=2 rs=1 cs=1]
              RenderText {#text} at (1,1) size 89x18
                text run at (1,1) width 89: "Row 1, Cell 3"
        RenderTableSection {TBODY} at (0,38) size 273x63
          RenderTableRow {TR} at (0,0) size 273x21
            RenderTableCell {TD} at (0,10) size 91x22 [border: (1px solid #808080) none none none] [r=0 c=0 rs=2 cs=1]
              RenderText {#text} at (1,2) size 89x19
                text run at (1,3) width 89: "Row 2, Cell 1"
            RenderTableCell {TD} at (90,0) size 183x21 [border: (1px solid #808080) none none none] [r=0 c=1 rs=1 cs=2]
              RenderText {#text} at (1,2) size 89x18
                text run at (1,2) width 89: "Row 2, Cell 2"
          RenderTableRow {TR} at (0,21) size 273x21
            RenderTableCell {TD} at (90,21) size 92x21 [border: (1px solid #808080) none none none] [r=1 c=1 rs=1 cs=1]
              RenderText {#text} at (1,2) size 89x18
                text run at (1,2) width 89: "Row 3, Cell 2"
            RenderTableCell {TD} at (181,31) size 92x22 [border: (1px solid #808080) none none none] [r=1 c=2 rs=2 cs=1]
              RenderText {#text} at (1,2) size 89x19
                text run at (1,3) width 89: "Row 3, Cell 3"
          RenderTableRow {TR} at (0,42) size 273x21
            RenderTableCell {TD} at (0,42) size 182x21 [border: (1px solid #808080) none none none] [r=2 c=0 rs=1 cs=2]
              RenderText {#text} at (1,2) size 89x18
                text run at (1,2) width 89: "Row 4, Cell 1"
        RenderTableSection {TFOOT} at (0,101) size 273x21
          RenderTableRow {TR} at (0,0) size 273x21
            RenderTableCell {TD} at (0,0) size 91x21 [border: (1px solid #808080) none none none] [r=0 c=0 rs=1 cs=1]
              RenderText {#text} at (1,2) size 89x18
                text run at (1,2) width 89: "Row 5, Cell 1"
            RenderTableCell {TD} at (90,0) size 92x21 [border: (1px solid #808080) none none none] [r=0 c=1 rs=1 cs=1]
              RenderText {#text} at (1,2) size 89x18
                text run at (1,2) width 89: "Row 5, Cell 2"
            RenderTableCell {TD} at (181,0) size 92x21 [border: (1px solid #808080) none none none] [r=0 c=2 rs=1 cs=1]
              RenderText {#text} at (1,2) size 89x18
                text run at (1,2) width 89: "Row 5, Cell 3"
      RenderTable {TABLE} at (0,3390) size 273x123
        RenderBlock {CAPTION} at (0,0) size 273x18
          RenderInline {A} at (0,0) size 267x18
            RenderText {#text} at (0,0) size 267x18
              text run at (0,0) width 267: "Frame=\x{201C}above\x{201D} and Rules=\x{201C}rows\x{201D}"
          RenderInline (generated) at (0,0) size 7x18
            RenderText at (266,0) size 7x18
              text run at (266,0) width 7: ":"
        RenderTableSection {THEAD} at (0,18) size 273x21
          RenderTableRow {TR} at (0,0) size 273x21
            RenderTableCell {TD} at (0,0) size 91x21 [border: (1px solid #808080) none none none] [r=0 c=0 rs=1 cs=1]
              RenderText {#text} at (1,2) size 89x18
                text run at (1,2) width 89: "Row 1, Cell 1"
            RenderTableCell {TD} at (90,0) size 92x21 [border: (1px solid #808080) none none none] [r=0 c=1 rs=1 cs=1]
              RenderText {#text} at (1,2) size 89x18
                text run at (1,2) width 89: "Row 1, Cell 2"
            RenderTableCell {TD} at (181,0) size 92x21 [border: (1px solid #808080) none none none] [r=0 c=2 rs=1 cs=1]
              RenderText {#text} at (1,2) size 89x18
                text run at (1,2) width 89: "Row 1, Cell 3"
        RenderTableSection {TBODY} at (0,39) size 273x63
          RenderTableRow {TR} at (0,0) size 273x21
            RenderTableCell {TD} at (0,10) size 91x22 [border: (1px solid #808080) none none none] [r=0 c=0 rs=2 cs=1]
              RenderText {#text} at (1,2) size 89x19
                text run at (1,3) width 89: "Row 2, Cell 1"
            RenderTableCell {TD} at (90,0) size 183x21 [border: (1px solid #808080) none none none] [r=0 c=1 rs=1 cs=2]
              RenderText {#text} at (1,2) size 89x18
                text run at (1,2) width 89: "Row 2, Cell 2"
          RenderTableRow {TR} at (0,21) size 273x21
            RenderTableCell {TD} at (90,21) size 92x21 [border: (1px solid #808080) none none none] [r=1 c=1 rs=1 cs=1]
              RenderText {#text} at (1,2) size 89x18
                text run at (1,2) width 89: "Row 3, Cell 2"
            RenderTableCell {TD} at (181,31) size 92x22 [border: (1px solid #808080) none none none] [r=1 c=2 rs=2 cs=1]
              RenderText {#text} at (1,2) size 89x19
                text run at (1,3) width 89: "Row 3, Cell 3"
          RenderTableRow {TR} at (0,42) size 273x21
            RenderTableCell {TD} at (0,42) size 182x21 [border: (1px solid #808080) none none none] [r=2 c=0 rs=1 cs=2]
              RenderText {#text} at (1,2) size 89x18
                text run at (1,2) width 89: "Row 4, Cell 1"
        RenderTableSection {TFOOT} at (0,102) size 273x21
          RenderTableRow {TR} at (0,0) size 273x21
            RenderTableCell {TD} at (0,0) size 91x21 [border: (1px solid #808080) none none none] [r=0 c=0 rs=1 cs=1]
              RenderText {#text} at (1,2) size 89x18
                text run at (1,2) width 89: "Row 5, Cell 1"
            RenderTableCell {TD} at (90,0) size 92x21 [border: (1px solid #808080) none none none] [r=0 c=1 rs=1 cs=1]
              RenderText {#text} at (1,2) size 89x18
                text run at (1,2) width 89: "Row 5, Cell 2"
            RenderTableCell {TD} at (181,0) size 92x21 [border: (1px solid #808080) none none none] [r=0 c=2 rs=1 cs=1]
              RenderText {#text} at (1,2) size 89x18
                text run at (1,2) width 89: "Row 5, Cell 3"
      RenderTable {TABLE} at (0,3561) size 273x123 [border: none (1px solid #808080) none]
        RenderBlock {CAPTION} at (0,0) size 273x18
          RenderInline {A} at (0,0) size 267x18
            RenderText {#text} at (0,0) size 267x18
              text run at (0,0) width 267: "Frame=\x{201C}below\x{201D} and Rules=\x{201C}rows\x{201D}"
          RenderInline (generated) at (0,0) size 7x18
            RenderText at (266,0) size 7x18
              text run at (266,0) width 7: ":"
        RenderTableSection {THEAD} at (0,18) size 273x20
          RenderTableRow {TR} at (0,0) size 273x20
            RenderTableCell {TD} at (0,0) size 91x20 [r=0 c=0 rs=1 cs=1]
              RenderText {#text} at (1,1) size 89x18
                text run at (1,1) width 89: "Row 1, Cell 1"
            RenderTableCell {TD} at (90,0) size 92x20 [r=0 c=1 rs=1 cs=1]
              RenderText {#text} at (1,1) size 89x18
                text run at (1,1) width 89: "Row 1, Cell 2"
            RenderTableCell {TD} at (181,0) size 92x20 [r=0 c=2 rs=1 cs=1]
              RenderText {#text} at (1,1) size 89x18
                text run at (1,1) width 89: "Row 1, Cell 3"
        RenderTableSection {TBODY} at (0,38) size 273x63
          RenderTableRow {TR} at (0,0) size 273x21
            RenderTableCell {TD} at (0,10) size 91x22 [border: (1px solid #808080) none none none] [r=0 c=0 rs=2 cs=1]
              RenderText {#text} at (1,2) size 89x19
                text run at (1,3) width 89: "Row 2, Cell 1"
            RenderTableCell {TD} at (90,0) size 183x21 [border: (1px solid #808080) none none none] [r=0 c=1 rs=1 cs=2]
              RenderText {#text} at (1,2) size 89x18
                text run at (1,2) width 89: "Row 2, Cell 2"
          RenderTableRow {TR} at (0,21) size 273x21
            RenderTableCell {TD} at (90,21) size 92x21 [border: (1px solid #808080) none none none] [r=1 c=1 rs=1 cs=1]
              RenderText {#text} at (1,2) size 89x18
                text run at (1,2) width 89: "Row 3, Cell 2"
            RenderTableCell {TD} at (181,31) size 92x22 [border: (1px solid #808080) none none none] [r=1 c=2 rs=2 cs=1]
              RenderText {#text} at (1,2) size 89x19
                text run at (1,3) width 89: "Row 3, Cell 3"
          RenderTableRow {TR} at (0,42) size 273x21
            RenderTableCell {TD} at (0,42) size 182x21 [border: (1px solid #808080) none none none] [r=2 c=0 rs=1 cs=2]
              RenderText {#text} at (1,2) size 89x18
                text run at (1,2) width 89: "Row 4, Cell 1"
        RenderTableSection {TFOOT} at (0,101) size 273x21
          RenderTableRow {TR} at (0,0) size 273x21
            RenderTableCell {TD} at (0,0) size 91x21 [border: (1px solid #808080) none none none] [r=0 c=0 rs=1 cs=1]
              RenderText {#text} at (1,2) size 89x18
                text run at (1,2) width 89: "Row 5, Cell 1"
            RenderTableCell {TD} at (90,0) size 92x21 [border: (1px solid #808080) none none none] [r=0 c=1 rs=1 cs=1]
              RenderText {#text} at (1,2) size 89x18
                text run at (1,2) width 89: "Row 5, Cell 2"
            RenderTableCell {TD} at (181,0) size 92x21 [border: (1px solid #808080) none none none] [r=0 c=2 rs=1 cs=1]
              RenderText {#text} at (1,2) size 89x18
                text run at (1,2) width 89: "Row 5, Cell 3"
      RenderTable {TABLE} at (0,3732) size 273x142 [border: none none (1px solid #808080) none]
        RenderBlock {CAPTION} at (0,0) size 273x36
          RenderInline {A} at (0,0) size 158x36
            RenderText {#text} at (57,0) size 158x36
              text run at (57,0) width 158: "Frame=\x{201C}hsides\x{201D} and"
              text run at (79,18) width 108: "Rules=\x{201C}rows\x{201D}"
          RenderInline (generated) at (0,0) size 7x18
            RenderText at (186,18) size 7x18
              text run at (186,18) width 7: ":"
        RenderTableSection {THEAD} at (0,36) size 273x21
          RenderTableRow {TR} at (0,0) size 273x21
            RenderTableCell {TD} at (0,0) size 91x21 [border: (1px solid #808080) none none none] [r=0 c=0 rs=1 cs=1]
              RenderText {#text} at (1,2) size 89x18
                text run at (1,2) width 89: "Row 1, Cell 1"
            RenderTableCell {TD} at (90,0) size 92x21 [border: (1px solid #808080) none none none] [r=0 c=1 rs=1 cs=1]
              RenderText {#text} at (1,2) size 89x18
                text run at (1,2) width 89: "Row 1, Cell 2"
            RenderTableCell {TD} at (181,0) size 92x21 [border: (1px solid #808080) none none none] [r=0 c=2 rs=1 cs=1]
              RenderText {#text} at (1,2) size 89x18
                text run at (1,2) width 89: "Row 1, Cell 3"
        RenderTableSection {TBODY} at (0,57) size 273x63
          RenderTableRow {TR} at (0,0) size 273x21
            RenderTableCell {TD} at (0,10) size 91x22 [border: (1px solid #808080) none none none] [r=0 c=0 rs=2 cs=1]
              RenderText {#text} at (1,2) size 89x19
                text run at (1,3) width 89: "Row 2, Cell 1"
            RenderTableCell {TD} at (90,0) size 183x21 [border: (1px solid #808080) none none none] [r=0 c=1 rs=1 cs=2]
              RenderText {#text} at (1,2) size 89x18
                text run at (1,2) width 89: "Row 2, Cell 2"
          RenderTableRow {TR} at (0,21) size 273x21
            RenderTableCell {TD} at (90,21) size 92x21 [border: (1px solid #808080) none none none] [r=1 c=1 rs=1 cs=1]
              RenderText {#text} at (1,2) size 89x18
                text run at (1,2) width 89: "Row 3, Cell 2"
            RenderTableCell {TD} at (181,31) size 92x22 [border: (1px solid #808080) none none none] [r=1 c=2 rs=2 cs=1]
              RenderText {#text} at (1,2) size 89x19
                text run at (1,3) width 89: "Row 3, Cell 3"
          RenderTableRow {TR} at (0,42) size 273x21
            RenderTableCell {TD} at (0,42) size 182x21 [border: (1px solid #808080) none none none] [r=2 c=0 rs=1 cs=2]
              RenderText {#text} at (1,2) size 89x18
                text run at (1,2) width 89: "Row 4, Cell 1"
        RenderTableSection {TFOOT} at (0,120) size 273x21
          RenderTableRow {TR} at (0,0) size 273x21
            RenderTableCell {TD} at (0,0) size 91x21 [border: (1px solid #808080) none none none] [r=0 c=0 rs=1 cs=1]
              RenderText {#text} at (1,2) size 89x18
                text run at (1,2) width 89: "Row 5, Cell 1"
            RenderTableCell {TD} at (90,0) size 92x21 [border: (1px solid #808080) none none none] [r=0 c=1 rs=1 cs=1]
              RenderText {#text} at (1,2) size 89x18
                text run at (1,2) width 89: "Row 5, Cell 2"
            RenderTableCell {TD} at (181,0) size 92x21 [border: (1px solid #808080) none none none] [r=0 c=2 rs=1 cs=1]
              RenderText {#text} at (1,2) size 89x18
                text run at (1,2) width 89: "Row 5, Cell 3"
      RenderTable {TABLE} at (0,3922) size 275x122 [border: none (1px solid #808080) none none]
        RenderBlock {CAPTION} at (0,0) size 275x18
          RenderInline {A} at (0,0) size 269x18
            RenderText {#text} at (0,0) size 269x18
              text run at (0,0) width 269: "Frame=\x{201C}vsides\x{201D} and Rules=\x{201C}rows\x{201D}"
          RenderInline (generated) at (0,0) size 7x18
            RenderText at (268,0) size 7x18
              text run at (268,0) width 7: ":"
        RenderTableSection {THEAD} at (0,18) size 274x20
          RenderTableRow {TR} at (0,0) size 274x20
            RenderTableCell {TD} at (0,0) size 92x20 [border: none none none (1px none #808080)] [r=0 c=0 rs=1 cs=1]
              RenderText {#text} at (2,1) size 89x18
                text run at (2,1) width 89: "Row 1, Cell 1"
            RenderTableCell {TD} at (91,0) size 92x20 [r=0 c=1 rs=1 cs=1]
              RenderText {#text} at (1,1) size 89x18
                text run at (1,1) width 89: "Row 1, Cell 2"
            RenderTableCell {TD} at (182,0) size 92x20 [r=0 c=2 rs=1 cs=1]
              RenderText {#text} at (1,1) size 89x18
                text run at (1,1) width 89: "Row 1, Cell 3"
        RenderTableSection {TBODY} at (0,38) size 274x63
          RenderTableRow {TR} at (0,0) size 274x21
            RenderTableCell {TD} at (0,10) size 92x22 [border: (1px solid #808080) none none (1px none #808080)] [r=0 c=0 rs=2 cs=1]
              RenderText {#text} at (2,2) size 89x19
                text run at (2,3) width 89: "Row 2, Cell 1"
            RenderTableCell {TD} at (91,0) size 183x21 [border: (1px solid #808080) none none none] [r=0 c=1 rs=1 cs=2]
              RenderText {#text} at (1,2) size 89x18
                text run at (1,2) width 89: "Row 2, Cell 2"
          RenderTableRow {TR} at (0,21) size 274x21
            RenderTableCell {TD} at (91,21) size 92x21 [border: (1px solid #808080) none none none] [r=1 c=1 rs=1 cs=1]
              RenderText {#text} at (1,2) size 89x18
                text run at (1,2) width 89: "Row 3, Cell 2"
            RenderTableCell {TD} at (182,31) size 92x22 [border: (1px solid #808080) none none none] [r=1 c=2 rs=2 cs=1]
              RenderText {#text} at (1,2) size 89x19
                text run at (1,3) width 89: "Row 3, Cell 3"
          RenderTableRow {TR} at (0,42) size 274x21
            RenderTableCell {TD} at (0,42) size 183x21 [border: (1px solid #808080) none none (1px none #808080)] [r=2 c=0 rs=1 cs=2]
              RenderText {#text} at (2,2) size 89x18
                text run at (2,2) width 89: "Row 4, Cell 1"
        RenderTableSection {TFOOT} at (0,101) size 274x21
          RenderTableRow {TR} at (0,0) size 274x21
            RenderTableCell {TD} at (0,0) size 92x21 [border: (1px solid #808080) none none (1px none #808080)] [r=0 c=0 rs=1 cs=1]
              RenderText {#text} at (2,2) size 89x18
                text run at (2,2) width 89: "Row 5, Cell 1"
            RenderTableCell {TD} at (91,0) size 92x21 [border: (1px solid #808080) none none none] [r=0 c=1 rs=1 cs=1]
              RenderText {#text} at (1,2) size 89x18
                text run at (1,2) width 89: "Row 5, Cell 2"
            RenderTableCell {TD} at (182,0) size 92x21 [border: (1px solid #808080) none none none] [r=0 c=2 rs=1 cs=1]
              RenderText {#text} at (1,2) size 89x18
                text run at (1,2) width 89: "Row 5, Cell 3"
      RenderTable {TABLE} at (0,4092) size 274x122
        RenderBlock {CAPTION} at (0,0) size 274x18
          RenderInline {A} at (0,0) size 245x18
            RenderText {#text} at (11,0) size 245x18
              text run at (11,0) width 245: "Frame=\x{201C}lhs\x{201D} and Rules=\x{201C}rows\x{201D}"
          RenderInline (generated) at (0,0) size 8x18
            RenderText at (255,0) size 8x18
              text run at (255,0) width 8: ":"
        RenderTableSection {THEAD} at (0,18) size 274x20
          RenderTableRow {TR} at (0,0) size 274x20
            RenderTableCell {TD} at (0,0) size 92x20 [border: none none none (1px none #808080)] [r=0 c=0 rs=1 cs=1]
              RenderText {#text} at (2,1) size 89x18
                text run at (2,1) width 89: "Row 1, Cell 1"
            RenderTableCell {TD} at (91,0) size 92x20 [r=0 c=1 rs=1 cs=1]
              RenderText {#text} at (1,1) size 89x18
                text run at (1,1) width 89: "Row 1, Cell 2"
            RenderTableCell {TD} at (182,0) size 92x20 [r=0 c=2 rs=1 cs=1]
              RenderText {#text} at (1,1) size 89x18
                text run at (1,1) width 89: "Row 1, Cell 3"
        RenderTableSection {TBODY} at (0,38) size 274x63
          RenderTableRow {TR} at (0,0) size 274x21
            RenderTableCell {TD} at (0,10) size 92x22 [border: (1px solid #808080) none none (1px none #808080)] [r=0 c=0 rs=2 cs=1]
              RenderText {#text} at (2,2) size 89x19
                text run at (2,3) width 89: "Row 2, Cell 1"
            RenderTableCell {TD} at (91,0) size 183x21 [border: (1px solid #808080) none none none] [r=0 c=1 rs=1 cs=2]
              RenderText {#text} at (1,2) size 89x18
                text run at (1,2) width 89: "Row 2, Cell 2"
          RenderTableRow {TR} at (0,21) size 274x21
            RenderTableCell {TD} at (91,21) size 92x21 [border: (1px solid #808080) none none none] [r=1 c=1 rs=1 cs=1]
              RenderText {#text} at (1,2) size 89x18
                text run at (1,2) width 89: "Row 3, Cell 2"
            RenderTableCell {TD} at (182,31) size 92x22 [border: (1px solid #808080) none none none] [r=1 c=2 rs=2 cs=1]
              RenderText {#text} at (1,2) size 89x19
                text run at (1,3) width 89: "Row 3, Cell 3"
          RenderTableRow {TR} at (0,42) size 274x21
            RenderTableCell {TD} at (0,42) size 183x21 [border: (1px solid #808080) none none (1px none #808080)] [r=2 c=0 rs=1 cs=2]
              RenderText {#text} at (2,2) size 89x18
                text run at (2,2) width 89: "Row 4, Cell 1"
        RenderTableSection {TFOOT} at (0,101) size 274x21
          RenderTableRow {TR} at (0,0) size 274x21
            RenderTableCell {TD} at (0,0) size 92x21 [border: (1px solid #808080) none none (1px none #808080)] [r=0 c=0 rs=1 cs=1]
              RenderText {#text} at (2,2) size 89x18
                text run at (2,2) width 89: "Row 5, Cell 1"
            RenderTableCell {TD} at (91,0) size 92x21 [border: (1px solid #808080) none none none] [r=0 c=1 rs=1 cs=1]
              RenderText {#text} at (1,2) size 89x18
                text run at (1,2) width 89: "Row 5, Cell 2"
            RenderTableCell {TD} at (182,0) size 92x21 [border: (1px solid #808080) none none none] [r=0 c=2 rs=1 cs=1]
              RenderText {#text} at (1,2) size 89x18
                text run at (1,2) width 89: "Row 5, Cell 3"
      RenderTable {TABLE} at (0,4262) size 274x122 [border: none (1px solid #808080) none]
        RenderBlock {CAPTION} at (0,0) size 274x18
          RenderInline {A} at (0,0) size 247x18
            RenderText {#text} at (10,0) size 247x18
              text run at (10,0) width 247: "Frame=\x{201C}rhs\x{201D} and Rules=\x{201C}rows\x{201D}"
          RenderInline (generated) at (0,0) size 8x18
            RenderText at (256,0) size 8x18
              text run at (256,0) width 8: ":"
        RenderTableSection {THEAD} at (0,18) size 273x20
          RenderTableRow {TR} at (0,0) size 273x20
            RenderTableCell {TD} at (0,0) size 91x20 [r=0 c=0 rs=1 cs=1]
              RenderText {#text} at (1,1) size 89x18
                text run at (1,1) width 89: "Row 1, Cell 1"
            RenderTableCell {TD} at (90,0) size 92x20 [r=0 c=1 rs=1 cs=1]
              RenderText {#text} at (1,1) size 89x18
                text run at (1,1) width 89: "Row 1, Cell 2"
            RenderTableCell {TD} at (181,0) size 92x20 [r=0 c=2 rs=1 cs=1]
              RenderText {#text} at (1,1) size 89x18
                text run at (1,1) width 89: "Row 1, Cell 3"
        RenderTableSection {TBODY} at (0,38) size 273x63
          RenderTableRow {TR} at (0,0) size 273x21
            RenderTableCell {TD} at (0,10) size 91x22 [border: (1px solid #808080) none none none] [r=0 c=0 rs=2 cs=1]
              RenderText {#text} at (1,2) size 89x19
                text run at (1,3) width 89: "Row 2, Cell 1"
            RenderTableCell {TD} at (90,0) size 183x21 [border: (1px solid #808080) none none none] [r=0 c=1 rs=1 cs=2]
              RenderText {#text} at (1,2) size 89x18
                text run at (1,2) width 89: "Row 2, Cell 2"
          RenderTableRow {TR} at (0,21) size 273x21
            RenderTableCell {TD} at (90,21) size 92x21 [border: (1px solid #808080) none none none] [r=1 c=1 rs=1 cs=1]
              RenderText {#text} at (1,2) size 89x18
                text run at (1,2) width 89: "Row 3, Cell 2"
            RenderTableCell {TD} at (181,31) size 92x22 [border: (1px solid #808080) none none none] [r=1 c=2 rs=2 cs=1]
              RenderText {#text} at (1,2) size 89x19
                text run at (1,3) width 89: "Row 3, Cell 3"
          RenderTableRow {TR} at (0,42) size 273x21
            RenderTableCell {TD} at (0,42) size 182x21 [border: (1px solid #808080) none none none] [r=2 c=0 rs=1 cs=2]
              RenderText {#text} at (1,2) size 89x18
                text run at (1,2) width 89: "Row 4, Cell 1"
        RenderTableSection {TFOOT} at (0,101) size 273x21
          RenderTableRow {TR} at (0,0) size 273x21
            RenderTableCell {TD} at (0,0) size 91x21 [border: (1px solid #808080) none none none] [r=0 c=0 rs=1 cs=1]
              RenderText {#text} at (1,2) size 89x18
                text run at (1,2) width 89: "Row 5, Cell 1"
            RenderTableCell {TD} at (90,0) size 92x21 [border: (1px solid #808080) none none none] [r=0 c=1 rs=1 cs=1]
              RenderText {#text} at (1,2) size 89x18
                text run at (1,2) width 89: "Row 5, Cell 2"
            RenderTableCell {TD} at (181,0) size 92x21 [border: (1px solid #808080) none none none] [r=0 c=2 rs=1 cs=1]
              RenderText {#text} at (1,2) size 89x18
                text run at (1,2) width 89: "Row 5, Cell 3"
      RenderTable {TABLE} at (0,4432) size 275x124 [border: none]
        RenderBlock {CAPTION} at (0,0) size 275x18
          RenderInline {A} at (0,0) size 250x18
            RenderText {#text} at (9,0) size 250x18
              text run at (9,0) width 250: "Frame=\x{201C}box\x{201D} and Rules=\x{201C}rows\x{201D}"
          RenderInline (generated) at (0,0) size 8x18
            RenderText at (258,0) size 8x18
              text run at (258,0) width 8: ":"
        RenderTableSection {THEAD} at (0,18) size 274x21
          RenderTableRow {TR} at (0,0) size 274x21
            RenderTableCell {TD} at (0,0) size 92x21 [border: (1px solid #808080) none none (1px none #808080)] [r=0 c=0 rs=1 cs=1]
              RenderText {#text} at (2,2) size 89x18
                text run at (2,2) width 89: "Row 1, Cell 1"
            RenderTableCell {TD} at (91,0) size 92x21 [border: (1px solid #808080) none none none] [r=0 c=1 rs=1 cs=1]
              RenderText {#text} at (1,2) size 89x18
                text run at (1,2) width 89: "Row 1, Cell 2"
            RenderTableCell {TD} at (182,0) size 92x21 [border: (1px solid #808080) none none none] [r=0 c=2 rs=1 cs=1]
              RenderText {#text} at (1,2) size 89x18
                text run at (1,2) width 89: "Row 1, Cell 3"
        RenderTableSection {TBODY} at (0,39) size 274x63
          RenderTableRow {TR} at (0,0) size 274x21
            RenderTableCell {TD} at (0,10) size 92x22 [border: (1px solid #808080) none none (1px none #808080)] [r=0 c=0 rs=2 cs=1]
              RenderText {#text} at (2,2) size 89x19
                text run at (2,3) width 89: "Row 2, Cell 1"
            RenderTableCell {TD} at (91,0) size 183x21 [border: (1px solid #808080) none none none] [r=0 c=1 rs=1 cs=2]
              RenderText {#text} at (1,2) size 89x18
                text run at (1,2) width 89: "Row 2, Cell 2"
          RenderTableRow {TR} at (0,21) size 274x21
            RenderTableCell {TD} at (91,21) size 92x21 [border: (1px solid #808080) none none none] [r=1 c=1 rs=1 cs=1]
              RenderText {#text} at (1,2) size 89x18
                text run at (1,2) width 89: "Row 3, Cell 2"
            RenderTableCell {TD} at (182,31) size 92x22 [border: (1px solid #808080) none none none] [r=1 c=2 rs=2 cs=1]
              RenderText {#text} at (1,2) size 89x19
                text run at (1,3) width 89: "Row 3, Cell 3"
          RenderTableRow {TR} at (0,42) size 274x21
            RenderTableCell {TD} at (0,42) size 183x21 [border: (1px solid #808080) none none (1px none #808080)] [r=2 c=0 rs=1 cs=2]
              RenderText {#text} at (2,2) size 89x18
                text run at (2,2) width 89: "Row 4, Cell 1"
        RenderTableSection {TFOOT} at (0,102) size 274x21
          RenderTableRow {TR} at (0,0) size 274x21
            RenderTableCell {TD} at (0,0) size 92x21 [border: (1px solid #808080) none none (1px none #808080)] [r=0 c=0 rs=1 cs=1]
              RenderText {#text} at (2,2) size 89x18
                text run at (2,2) width 89: "Row 5, Cell 1"
            RenderTableCell {TD} at (91,0) size 92x21 [border: (1px solid #808080) none none none] [r=0 c=1 rs=1 cs=1]
              RenderText {#text} at (1,2) size 89x18
                text run at (1,2) width 89: "Row 5, Cell 2"
            RenderTableCell {TD} at (182,0) size 92x21 [border: (1px solid #808080) none none none] [r=0 c=2 rs=1 cs=1]
              RenderText {#text} at (1,2) size 89x18
                text run at (1,2) width 89: "Row 5, Cell 3"
      RenderTable {TABLE} at (0,4604) size 275x142 [border: none]
        RenderBlock {CAPTION} at (0,0) size 275x36
          RenderInline {A} at (0,0) size 161x36
            RenderText {#text} at (57,0) size 161x36
              text run at (57,0) width 161: "Frame=\x{201C}border\x{201D} and"
              text run at (80,18) width 108: "Rules=\x{201C}rows\x{201D}"
          RenderInline (generated) at (0,0) size 7x18
            RenderText at (187,18) size 7x18
              text run at (187,18) width 7: ":"
        RenderTableSection {THEAD} at (0,36) size 274x21
          RenderTableRow {TR} at (0,0) size 274x21
            RenderTableCell {TD} at (0,0) size 92x21 [border: (1px solid #808080) none none (1px none #808080)] [r=0 c=0 rs=1 cs=1]
              RenderText {#text} at (2,2) size 89x18
                text run at (2,2) width 89: "Row 1, Cell 1"
            RenderTableCell {TD} at (91,0) size 92x21 [border: (1px solid #808080) none none none] [r=0 c=1 rs=1 cs=1]
              RenderText {#text} at (1,2) size 89x18
                text run at (1,2) width 89: "Row 1, Cell 2"
            RenderTableCell {TD} at (182,0) size 92x21 [border: (1px solid #808080) none none none] [r=0 c=2 rs=1 cs=1]
              RenderText {#text} at (1,2) size 89x18
                text run at (1,2) width 89: "Row 1, Cell 3"
        RenderTableSection {TBODY} at (0,57) size 274x63
          RenderTableRow {TR} at (0,0) size 274x21
            RenderTableCell {TD} at (0,10) size 92x22 [border: (1px solid #808080) none none (1px none #808080)] [r=0 c=0 rs=2 cs=1]
              RenderText {#text} at (2,2) size 89x19
                text run at (2,3) width 89: "Row 2, Cell 1"
            RenderTableCell {TD} at (91,0) size 183x21 [border: (1px solid #808080) none none none] [r=0 c=1 rs=1 cs=2]
              RenderText {#text} at (1,2) size 89x18
                text run at (1,2) width 89: "Row 2, Cell 2"
          RenderTableRow {TR} at (0,21) size 274x21
            RenderTableCell {TD} at (91,21) size 92x21 [border: (1px solid #808080) none none none] [r=1 c=1 rs=1 cs=1]
              RenderText {#text} at (1,2) size 89x18
                text run at (1,2) width 89: "Row 3, Cell 2"
            RenderTableCell {TD} at (182,31) size 92x22 [border: (1px solid #808080) none none none] [r=1 c=2 rs=2 cs=1]
              RenderText {#text} at (1,2) size 89x19
                text run at (1,3) width 89: "Row 3, Cell 3"
          RenderTableRow {TR} at (0,42) size 274x21
            RenderTableCell {TD} at (0,42) size 183x21 [border: (1px solid #808080) none none (1px none #808080)] [r=2 c=0 rs=1 cs=2]
              RenderText {#text} at (2,2) size 89x18
                text run at (2,2) width 89: "Row 4, Cell 1"
        RenderTableSection {TFOOT} at (0,120) size 274x21
          RenderTableRow {TR} at (0,0) size 274x21
            RenderTableCell {TD} at (0,0) size 92x21 [border: (1px solid #808080) none none (1px none #808080)] [r=0 c=0 rs=1 cs=1]
              RenderText {#text} at (2,2) size 89x18
                text run at (2,2) width 89: "Row 5, Cell 1"
            RenderTableCell {TD} at (91,0) size 92x21 [border: (1px solid #808080) none none none] [r=0 c=1 rs=1 cs=1]
              RenderText {#text} at (1,2) size 89x18
                text run at (1,2) width 89: "Row 5, Cell 2"
            RenderTableCell {TD} at (182,0) size 92x21 [border: (1px solid #808080) none none none] [r=0 c=2 rs=1 cs=1]
              RenderText {#text} at (1,2) size 89x18
                text run at (1,2) width 89: "Row 5, Cell 3"
      RenderTable {TABLE} at (0,4794) size 275x118
        RenderBlock {CAPTION} at (0,0) size 275x18
          RenderInline {A} at (0,0) size 251x18
            RenderText {#text} at (9,0) size 251x18
              text run at (9,0) width 251: "Frame=\x{201C}void\x{201D} and Rules=\x{201C}cols\x{201D}"
          RenderInline (generated) at (0,0) size 7x18
            RenderText at (259,0) size 7x18
              text run at (259,0) width 7: ":"
        RenderTableSection {THEAD} at (0,18) size 275x20
          RenderTableRow {TR} at (0,0) size 275x20
            RenderTableCell {TD} at (0,0) size 91x20 [r=0 c=0 rs=1 cs=1]
              RenderText {#text} at (1,1) size 89x18
                text run at (1,1) width 89: "Row 1, Cell 1"
            RenderTableCell {TD} at (90,0) size 93x20 [border: none none none (1px solid #808080)] [r=0 c=1 rs=1 cs=1]
              RenderText {#text} at (2,1) size 89x18
                text run at (2,1) width 89: "Row 1, Cell 2"
            RenderTableCell {TD} at (182,0) size 93x20 [border: none none none (1px solid #808080)] [r=0 c=2 rs=1 cs=1]
              RenderText {#text} at (2,1) size 89x18
                text run at (2,1) width 89: "Row 1, Cell 3"
        RenderTableSection {TBODY} at (0,38) size 275x60
          RenderTableRow {TR} at (0,0) size 275x20
            RenderTableCell {TD} at (0,10) size 91x20 [r=0 c=0 rs=2 cs=1]
              RenderText {#text} at (1,1) size 89x18
                text run at (1,1) width 89: "Row 2, Cell 1"
            RenderTableCell {TD} at (90,0) size 185x20 [border: none none none (1px solid #808080)] [r=0 c=1 rs=1 cs=2]
              RenderText {#text} at (2,1) size 89x18
                text run at (2,1) width 89: "Row 2, Cell 2"
          RenderTableRow {TR} at (0,20) size 275x20
            RenderTableCell {TD} at (90,20) size 93x20 [border: none none none (1px solid #808080)] [r=1 c=1 rs=1 cs=1]
              RenderText {#text} at (2,1) size 89x18
                text run at (2,1) width 89: "Row 3, Cell 2"
            RenderTableCell {TD} at (182,30) size 93x20 [border: none none none (1px solid #808080)] [r=1 c=2 rs=2 cs=1]
              RenderText {#text} at (2,1) size 89x18
                text run at (2,1) width 89: "Row 3, Cell 3"
          RenderTableRow {TR} at (0,40) size 275x20
            RenderTableCell {TD} at (0,40) size 183x20 [r=2 c=0 rs=1 cs=2]
              RenderText {#text} at (1,1) size 89x18
                text run at (1,1) width 89: "Row 4, Cell 1"
        RenderTableSection {TFOOT} at (0,98) size 275x20
          RenderTableRow {TR} at (0,0) size 275x20
            RenderTableCell {TD} at (0,0) size 91x20 [r=0 c=0 rs=1 cs=1]
              RenderText {#text} at (1,1) size 89x18
                text run at (1,1) width 89: "Row 5, Cell 1"
            RenderTableCell {TD} at (90,0) size 93x20 [border: none none none (1px solid #808080)] [r=0 c=1 rs=1 cs=1]
              RenderText {#text} at (2,1) size 89x18
                text run at (2,1) width 89: "Row 5, Cell 2"
            RenderTableCell {TD} at (182,0) size 93x20 [border: none none none (1px solid #808080)] [r=0 c=2 rs=1 cs=1]
              RenderText {#text} at (2,1) size 89x18
                text run at (2,1) width 89: "Row 5, Cell 3"
      RenderTable {TABLE} at (0,4960) size 275x119
        RenderBlock {CAPTION} at (0,0) size 275x18
          RenderInline {A} at (0,0) size 262x18
            RenderText {#text} at (3,0) size 262x18
              text run at (3,0) width 262: "Frame=\x{201C}above\x{201D} and Rules=\x{201C}cols\x{201D}"
          RenderInline (generated) at (0,0) size 8x18
            RenderText at (264,0) size 8x18
              text run at (264,0) width 8: ":"
        RenderTableSection {THEAD} at (0,18) size 275x21
          RenderTableRow {TR} at (0,0) size 275x21
            RenderTableCell {TD} at (0,0) size 91x21 [border: (1px none #808080) none none none] [r=0 c=0 rs=1 cs=1]
              RenderText {#text} at (1,2) size 89x18
                text run at (1,2) width 89: "Row 1, Cell 1"
            RenderTableCell {TD} at (90,0) size 93x21 [border: (1px none #808080) none none (1px solid #808080)] [r=0 c=1 rs=1 cs=1]
              RenderText {#text} at (2,2) size 89x18
                text run at (2,2) width 89: "Row 1, Cell 2"
            RenderTableCell {TD} at (182,0) size 93x21 [border: (1px none #808080) none none (1px solid #808080)] [r=0 c=2 rs=1 cs=1]
              RenderText {#text} at (2,2) size 89x18
                text run at (2,2) width 89: "Row 1, Cell 3"
        RenderTableSection {TBODY} at (0,39) size 275x60
          RenderTableRow {TR} at (0,0) size 275x20
            RenderTableCell {TD} at (0,10) size 91x20 [r=0 c=0 rs=2 cs=1]
              RenderText {#text} at (1,1) size 89x18
                text run at (1,1) width 89: "Row 2, Cell 1"
            RenderTableCell {TD} at (90,0) size 185x20 [border: none none none (1px solid #808080)] [r=0 c=1 rs=1 cs=2]
              RenderText {#text} at (2,1) size 89x18
                text run at (2,1) width 89: "Row 2, Cell 2"
          RenderTableRow {TR} at (0,20) size 275x20
            RenderTableCell {TD} at (90,20) size 93x20 [border: none none none (1px solid #808080)] [r=1 c=1 rs=1 cs=1]
              RenderText {#text} at (2,1) size 89x18
                text run at (2,1) width 89: "Row 3, Cell 2"
            RenderTableCell {TD} at (182,30) size 93x20 [border: none none none (1px solid #808080)] [r=1 c=2 rs=2 cs=1]
              RenderText {#text} at (2,1) size 89x18
                text run at (2,1) width 89: "Row 3, Cell 3"
          RenderTableRow {TR} at (0,40) size 275x20
            RenderTableCell {TD} at (0,40) size 183x20 [r=2 c=0 rs=1 cs=2]
              RenderText {#text} at (1,1) size 89x18
                text run at (1,1) width 89: "Row 4, Cell 1"
        RenderTableSection {TFOOT} at (0,99) size 275x20
          RenderTableRow {TR} at (0,0) size 275x20
            RenderTableCell {TD} at (0,0) size 91x20 [r=0 c=0 rs=1 cs=1]
              RenderText {#text} at (1,1) size 89x18
                text run at (1,1) width 89: "Row 5, Cell 1"
            RenderTableCell {TD} at (90,0) size 93x20 [border: none none none (1px solid #808080)] [r=0 c=1 rs=1 cs=1]
              RenderText {#text} at (2,1) size 89x18
                text run at (2,1) width 89: "Row 5, Cell 2"
            RenderTableCell {TD} at (182,0) size 93x20 [border: none none none (1px solid #808080)] [r=0 c=2 rs=1 cs=1]
              RenderText {#text} at (2,1) size 89x18
                text run at (2,1) width 89: "Row 5, Cell 3"
      RenderTable {TABLE} at (0,5127) size 275x119 [border: none (1px solid #808080) none]
        RenderBlock {CAPTION} at (0,0) size 275x18
          RenderInline {A} at (0,0) size 262x18
            RenderText {#text} at (3,0) size 262x18
              text run at (3,0) width 262: "Frame=\x{201C}below\x{201D} and Rules=\x{201C}cols\x{201D}"
          RenderInline (generated) at (0,0) size 8x18
            RenderText at (264,0) size 8x18
              text run at (264,0) width 8: ":"
        RenderTableSection {THEAD} at (0,18) size 275x20
          RenderTableRow {TR} at (0,0) size 275x20
            RenderTableCell {TD} at (0,0) size 91x20 [r=0 c=0 rs=1 cs=1]
              RenderText {#text} at (1,1) size 89x18
                text run at (1,1) width 89: "Row 1, Cell 1"
            RenderTableCell {TD} at (90,0) size 93x20 [border: none none none (1px solid #808080)] [r=0 c=1 rs=1 cs=1]
              RenderText {#text} at (2,1) size 89x18
                text run at (2,1) width 89: "Row 1, Cell 2"
            RenderTableCell {TD} at (182,0) size 93x20 [border: none none none (1px solid #808080)] [r=0 c=2 rs=1 cs=1]
              RenderText {#text} at (2,1) size 89x18
                text run at (2,1) width 89: "Row 1, Cell 3"
        RenderTableSection {TBODY} at (0,38) size 275x60
          RenderTableRow {TR} at (0,0) size 275x20
            RenderTableCell {TD} at (0,10) size 91x20 [r=0 c=0 rs=2 cs=1]
              RenderText {#text} at (1,1) size 89x18
                text run at (1,1) width 89: "Row 2, Cell 1"
            RenderTableCell {TD} at (90,0) size 185x20 [border: none none none (1px solid #808080)] [r=0 c=1 rs=1 cs=2]
              RenderText {#text} at (2,1) size 89x18
                text run at (2,1) width 89: "Row 2, Cell 2"
          RenderTableRow {TR} at (0,20) size 275x20
            RenderTableCell {TD} at (90,20) size 93x20 [border: none none none (1px solid #808080)] [r=1 c=1 rs=1 cs=1]
              RenderText {#text} at (2,1) size 89x18
                text run at (2,1) width 89: "Row 3, Cell 2"
            RenderTableCell {TD} at (182,30) size 93x20 [border: none none none (1px solid #808080)] [r=1 c=2 rs=2 cs=1]
              RenderText {#text} at (2,1) size 89x18
                text run at (2,1) width 89: "Row 3, Cell 3"
          RenderTableRow {TR} at (0,40) size 275x20
            RenderTableCell {TD} at (0,40) size 183x20 [r=2 c=0 rs=1 cs=2]
              RenderText {#text} at (1,1) size 89x18
                text run at (1,1) width 89: "Row 4, Cell 1"
        RenderTableSection {TFOOT} at (0,98) size 275x20
          RenderTableRow {TR} at (0,0) size 275x20
            RenderTableCell {TD} at (0,0) size 91x20 [r=0 c=0 rs=1 cs=1]
              RenderText {#text} at (1,1) size 89x18
                text run at (1,1) width 89: "Row 5, Cell 1"
            RenderTableCell {TD} at (90,0) size 93x20 [border: none none none (1px solid #808080)] [r=0 c=1 rs=1 cs=1]
              RenderText {#text} at (2,1) size 89x18
                text run at (2,1) width 89: "Row 5, Cell 2"
            RenderTableCell {TD} at (182,0) size 93x20 [border: none none none (1px solid #808080)] [r=0 c=2 rs=1 cs=1]
              RenderText {#text} at (2,1) size 89x18
                text run at (2,1) width 89: "Row 5, Cell 3"
      RenderTable {TABLE} at (0,5294) size 275x120 [border: none none (1px solid #808080) none]
        RenderBlock {CAPTION} at (0,0) size 275x18
          RenderInline {A} at (0,0) size 265x18
            RenderText {#text} at (2,0) size 265x18
              text run at (2,0) width 265: "Frame=\x{201C}hsides\x{201D} and Rules=\x{201C}cols\x{201D}"
          RenderInline (generated) at (0,0) size 7x18
            RenderText at (266,0) size 7x18
              text run at (266,0) width 7: ":"
        RenderTableSection {THEAD} at (0,18) size 275x21
          RenderTableRow {TR} at (0,0) size 275x21
            RenderTableCell {TD} at (0,0) size 91x21 [border: (1px none #808080) none none none] [r=0 c=0 rs=1 cs=1]
              RenderText {#text} at (1,2) size 89x18
                text run at (1,2) width 89: "Row 1, Cell 1"
            RenderTableCell {TD} at (90,0) size 93x21 [border: (1px none #808080) none none (1px solid #808080)] [r=0 c=1 rs=1 cs=1]
              RenderText {#text} at (2,2) size 89x18
                text run at (2,2) width 89: "Row 1, Cell 2"
            RenderTableCell {TD} at (182,0) size 93x21 [border: (1px none #808080) none none (1px solid #808080)] [r=0 c=2 rs=1 cs=1]
              RenderText {#text} at (2,2) size 89x18
                text run at (2,2) width 89: "Row 1, Cell 3"
        RenderTableSection {TBODY} at (0,39) size 275x60
          RenderTableRow {TR} at (0,0) size 275x20
            RenderTableCell {TD} at (0,10) size 91x20 [r=0 c=0 rs=2 cs=1]
              RenderText {#text} at (1,1) size 89x18
                text run at (1,1) width 89: "Row 2, Cell 1"
            RenderTableCell {TD} at (90,0) size 185x20 [border: none none none (1px solid #808080)] [r=0 c=1 rs=1 cs=2]
              RenderText {#text} at (2,1) size 89x18
                text run at (2,1) width 89: "Row 2, Cell 2"
          RenderTableRow {TR} at (0,20) size 275x20
            RenderTableCell {TD} at (90,20) size 93x20 [border: none none none (1px solid #808080)] [r=1 c=1 rs=1 cs=1]
              RenderText {#text} at (2,1) size 89x18
                text run at (2,1) width 89: "Row 3, Cell 2"
            RenderTableCell {TD} at (182,30) size 93x20 [border: none none none (1px solid #808080)] [r=1 c=2 rs=2 cs=1]
              RenderText {#text} at (2,1) size 89x18
                text run at (2,1) width 89: "Row 3, Cell 3"
          RenderTableRow {TR} at (0,40) size 275x20
            RenderTableCell {TD} at (0,40) size 183x20 [r=2 c=0 rs=1 cs=2]
              RenderText {#text} at (1,1) size 89x18
                text run at (1,1) width 89: "Row 4, Cell 1"
        RenderTableSection {TFOOT} at (0,99) size 275x20
          RenderTableRow {TR} at (0,0) size 275x20
            RenderTableCell {TD} at (0,0) size 91x20 [r=0 c=0 rs=1 cs=1]
              RenderText {#text} at (1,1) size 89x18
                text run at (1,1) width 89: "Row 5, Cell 1"
            RenderTableCell {TD} at (90,0) size 93x20 [border: none none none (1px solid #808080)] [r=0 c=1 rs=1 cs=1]
              RenderText {#text} at (2,1) size 89x18
                text run at (2,1) width 89: "Row 5, Cell 2"
            RenderTableCell {TD} at (182,0) size 93x20 [border: none none none (1px solid #808080)] [r=0 c=2 rs=1 cs=1]
              RenderText {#text} at (2,1) size 89x18
                text run at (2,1) width 89: "Row 5, Cell 3"
      RenderTable {TABLE} at (0,5462) size 277x118 [border: none (1px solid #808080) none none]
        RenderBlock {CAPTION} at (0,0) size 277x18
          RenderInline {A} at (0,0) size 264x18
            RenderText {#text} at (3,0) size 264x18
              text run at (3,0) width 264: "Frame=\x{201C}vsides\x{201D} and Rules=\x{201C}cols\x{201D}"
          RenderInline (generated) at (0,0) size 8x18
            RenderText at (266,0) size 8x18
              text run at (266,0) width 8: ":"
        RenderTableSection {THEAD} at (0,18) size 276x20
          RenderTableRow {TR} at (0,0) size 276x20
            RenderTableCell {TD} at (0,0) size 92x20 [border: none none none (1px solid #808080)] [r=0 c=0 rs=1 cs=1]
              RenderText {#text} at (2,1) size 89x18
                text run at (2,1) width 89: "Row 1, Cell 1"
            RenderTableCell {TD} at (91,0) size 93x20 [border: none none none (1px solid #808080)] [r=0 c=1 rs=1 cs=1]
              RenderText {#text} at (2,1) size 89x18
                text run at (2,1) width 89: "Row 1, Cell 2"
            RenderTableCell {TD} at (183,0) size 93x20 [border: none none none (1px solid #808080)] [r=0 c=2 rs=1 cs=1]
              RenderText {#text} at (2,1) size 89x18
                text run at (2,1) width 89: "Row 1, Cell 3"
        RenderTableSection {TBODY} at (0,38) size 276x60
          RenderTableRow {TR} at (0,0) size 276x20
            RenderTableCell {TD} at (0,10) size 92x20 [border: none none none (1px solid #808080)] [r=0 c=0 rs=2 cs=1]
              RenderText {#text} at (2,1) size 89x18
                text run at (2,1) width 89: "Row 2, Cell 1"
            RenderTableCell {TD} at (91,0) size 185x20 [border: none none none (1px solid #808080)] [r=0 c=1 rs=1 cs=2]
              RenderText {#text} at (2,1) size 89x18
                text run at (2,1) width 89: "Row 2, Cell 2"
          RenderTableRow {TR} at (0,20) size 276x20
            RenderTableCell {TD} at (91,20) size 93x20 [border: none none none (1px solid #808080)] [r=1 c=1 rs=1 cs=1]
              RenderText {#text} at (2,1) size 89x18
                text run at (2,1) width 89: "Row 3, Cell 2"
            RenderTableCell {TD} at (183,30) size 93x20 [border: none none none (1px solid #808080)] [r=1 c=2 rs=2 cs=1]
              RenderText {#text} at (2,1) size 89x18
                text run at (2,1) width 89: "Row 3, Cell 3"
          RenderTableRow {TR} at (0,40) size 276x20
            RenderTableCell {TD} at (0,40) size 184x20 [border: none none none (1px solid #808080)] [r=2 c=0 rs=1 cs=2]
              RenderText {#text} at (2,1) size 89x18
                text run at (2,1) width 89: "Row 4, Cell 1"
        RenderTableSection {TFOOT} at (0,98) size 276x20
          RenderTableRow {TR} at (0,0) size 276x20
            RenderTableCell {TD} at (0,0) size 92x20 [border: none none none (1px solid #808080)] [r=0 c=0 rs=1 cs=1]
              RenderText {#text} at (2,1) size 89x18
                text run at (2,1) width 89: "Row 5, Cell 1"
            RenderTableCell {TD} at (91,0) size 93x20 [border: none none none (1px solid #808080)] [r=0 c=1 rs=1 cs=1]
              RenderText {#text} at (2,1) size 89x18
                text run at (2,1) width 89: "Row 5, Cell 2"
            RenderTableCell {TD} at (183,0) size 93x20 [border: none none none (1px solid #808080)] [r=0 c=2 rs=1 cs=1]
              RenderText {#text} at (2,1) size 89x18
                text run at (2,1) width 89: "Row 5, Cell 3"
      RenderTable {TABLE} at (0,5628) size 276x118
        RenderBlock {CAPTION} at (0,0) size 276x18
          RenderInline {A} at (0,0) size 241x18
            RenderText {#text} at (14,0) size 241x18
              text run at (14,0) width 241: "Frame=\x{201C}lhs\x{201D} and Rules=\x{201C}cols\x{201D}"
          RenderInline (generated) at (0,0) size 7x18
            RenderText at (254,0) size 7x18
              text run at (254,0) width 7: ":"
        RenderTableSection {THEAD} at (0,18) size 276x20
          RenderTableRow {TR} at (0,0) size 276x20
            RenderTableCell {TD} at (0,0) size 92x20 [border: none none none (1px solid #808080)] [r=0 c=0 rs=1 cs=1]
              RenderText {#text} at (2,1) size 89x18
                text run at (2,1) width 89: "Row 1, Cell 1"
            RenderTableCell {TD} at (91,0) size 93x20 [border: none none none (1px solid #808080)] [r=0 c=1 rs=1 cs=1]
              RenderText {#text} at (2,1) size 89x18
                text run at (2,1) width 89: "Row 1, Cell 2"
            RenderTableCell {TD} at (183,0) size 93x20 [border: none none none (1px solid #808080)] [r=0 c=2 rs=1 cs=1]
              RenderText {#text} at (2,1) size 89x18
                text run at (2,1) width 89: "Row 1, Cell 3"
        RenderTableSection {TBODY} at (0,38) size 276x60
          RenderTableRow {TR} at (0,0) size 276x20
            RenderTableCell {TD} at (0,10) size 92x20 [border: none none none (1px solid #808080)] [r=0 c=0 rs=2 cs=1]
              RenderText {#text} at (2,1) size 89x18
                text run at (2,1) width 89: "Row 2, Cell 1"
            RenderTableCell {TD} at (91,0) size 185x20 [border: none none none (1px solid #808080)] [r=0 c=1 rs=1 cs=2]
              RenderText {#text} at (2,1) size 89x18
                text run at (2,1) width 89: "Row 2, Cell 2"
          RenderTableRow {TR} at (0,20) size 276x20
            RenderTableCell {TD} at (91,20) size 93x20 [border: none none none (1px solid #808080)] [r=1 c=1 rs=1 cs=1]
              RenderText {#text} at (2,1) size 89x18
                text run at (2,1) width 89: "Row 3, Cell 2"
            RenderTableCell {TD} at (183,30) size 93x20 [border: none none none (1px solid #808080)] [r=1 c=2 rs=2 cs=1]
              RenderText {#text} at (2,1) size 89x18
                text run at (2,1) width 89: "Row 3, Cell 3"
          RenderTableRow {TR} at (0,40) size 276x20
            RenderTableCell {TD} at (0,40) size 184x20 [border: none none none (1px solid #808080)] [r=2 c=0 rs=1 cs=2]
              RenderText {#text} at (2,1) size 89x18
                text run at (2,1) width 89: "Row 4, Cell 1"
        RenderTableSection {TFOOT} at (0,98) size 276x20
          RenderTableRow {TR} at (0,0) size 276x20
            RenderTableCell {TD} at (0,0) size 92x20 [border: none none none (1px solid #808080)] [r=0 c=0 rs=1 cs=1]
              RenderText {#text} at (2,1) size 89x18
                text run at (2,1) width 89: "Row 5, Cell 1"
            RenderTableCell {TD} at (91,0) size 93x20 [border: none none none (1px solid #808080)] [r=0 c=1 rs=1 cs=1]
              RenderText {#text} at (2,1) size 89x18
                text run at (2,1) width 89: "Row 5, Cell 2"
            RenderTableCell {TD} at (183,0) size 93x20 [border: none none none (1px solid #808080)] [r=0 c=2 rs=1 cs=1]
              RenderText {#text} at (2,1) size 89x18
                text run at (2,1) width 89: "Row 5, Cell 3"
      RenderTable {TABLE} at (0,5794) size 276x118 [border: none (1px solid #808080) none]
        RenderBlock {CAPTION} at (0,0) size 276x18
          RenderInline {A} at (0,0) size 242x18
            RenderText {#text} at (14,0) size 242x18
              text run at (14,0) width 242: "Frame=\x{201C}rhs\x{201D} and Rules=\x{201C}cols\x{201D}"
          RenderInline (generated) at (0,0) size 7x18
            RenderText at (255,0) size 7x18
              text run at (255,0) width 7: ":"
        RenderTableSection {THEAD} at (0,18) size 275x20
          RenderTableRow {TR} at (0,0) size 275x20
            RenderTableCell {TD} at (0,0) size 91x20 [r=0 c=0 rs=1 cs=1]
              RenderText {#text} at (1,1) size 89x18
                text run at (1,1) width 89: "Row 1, Cell 1"
            RenderTableCell {TD} at (90,0) size 93x20 [border: none none none (1px solid #808080)] [r=0 c=1 rs=1 cs=1]
              RenderText {#text} at (2,1) size 89x18
                text run at (2,1) width 89: "Row 1, Cell 2"
            RenderTableCell {TD} at (182,0) size 93x20 [border: none none none (1px solid #808080)] [r=0 c=2 rs=1 cs=1]
              RenderText {#text} at (2,1) size 89x18
                text run at (2,1) width 89: "Row 1, Cell 3"
        RenderTableSection {TBODY} at (0,38) size 275x60
          RenderTableRow {TR} at (0,0) size 275x20
            RenderTableCell {TD} at (0,10) size 91x20 [r=0 c=0 rs=2 cs=1]
              RenderText {#text} at (1,1) size 89x18
                text run at (1,1) width 89: "Row 2, Cell 1"
            RenderTableCell {TD} at (90,0) size 185x20 [border: none none none (1px solid #808080)] [r=0 c=1 rs=1 cs=2]
              RenderText {#text} at (2,1) size 89x18
                text run at (2,1) width 89: "Row 2, Cell 2"
          RenderTableRow {TR} at (0,20) size 275x20
            RenderTableCell {TD} at (90,20) size 93x20 [border: none none none (1px solid #808080)] [r=1 c=1 rs=1 cs=1]
              RenderText {#text} at (2,1) size 89x18
                text run at (2,1) width 89: "Row 3, Cell 2"
            RenderTableCell {TD} at (182,30) size 93x20 [border: none none none (1px solid #808080)] [r=1 c=2 rs=2 cs=1]
              RenderText {#text} at (2,1) size 89x18
                text run at (2,1) width 89: "Row 3, Cell 3"
          RenderTableRow {TR} at (0,40) size 275x20
            RenderTableCell {TD} at (0,40) size 183x20 [r=2 c=0 rs=1 cs=2]
              RenderText {#text} at (1,1) size 89x18
                text run at (1,1) width 89: "Row 4, Cell 1"
        RenderTableSection {TFOOT} at (0,98) size 275x20
          RenderTableRow {TR} at (0,0) size 275x20
            RenderTableCell {TD} at (0,0) size 91x20 [r=0 c=0 rs=1 cs=1]
              RenderText {#text} at (1,1) size 89x18
                text run at (1,1) width 89: "Row 5, Cell 1"
            RenderTableCell {TD} at (90,0) size 93x20 [border: none none none (1px solid #808080)] [r=0 c=1 rs=1 cs=1]
              RenderText {#text} at (2,1) size 89x18
                text run at (2,1) width 89: "Row 5, Cell 2"
            RenderTableCell {TD} at (182,0) size 93x20 [border: none none none (1px solid #808080)] [r=0 c=2 rs=1 cs=1]
              RenderText {#text} at (2,1) size 89x18
                text run at (2,1) width 89: "Row 5, Cell 3"
      RenderTable {TABLE} at (0,5960) size 277x120 [border: none]
        RenderBlock {CAPTION} at (0,0) size 277x18
          RenderInline {A} at (0,0) size 245x18
            RenderText {#text} at (13,0) size 245x18
              text run at (13,0) width 245: "Frame=\x{201C}box\x{201D} and Rules=\x{201C}cols\x{201D}"
          RenderInline (generated) at (0,0) size 7x18
            RenderText at (257,0) size 7x18
              text run at (257,0) width 7: ":"
        RenderTableSection {THEAD} at (0,18) size 276x21
          RenderTableRow {TR} at (0,0) size 276x21
            RenderTableCell {TD} at (0,0) size 92x21 [border: (1px none #808080) none none (1px solid #808080)] [r=0 c=0 rs=1 cs=1]
              RenderText {#text} at (2,2) size 89x18
                text run at (2,2) width 89: "Row 1, Cell 1"
            RenderTableCell {TD} at (91,0) size 93x21 [border: (1px none #808080) none none (1px solid #808080)] [r=0 c=1 rs=1 cs=1]
              RenderText {#text} at (2,2) size 89x18
                text run at (2,2) width 89: "Row 1, Cell 2"
            RenderTableCell {TD} at (183,0) size 93x21 [border: (1px none #808080) none none (1px solid #808080)] [r=0 c=2 rs=1 cs=1]
              RenderText {#text} at (2,2) size 89x18
                text run at (2,2) width 89: "Row 1, Cell 3"
        RenderTableSection {TBODY} at (0,39) size 276x60
          RenderTableRow {TR} at (0,0) size 276x20
            RenderTableCell {TD} at (0,10) size 92x20 [border: none none none (1px solid #808080)] [r=0 c=0 rs=2 cs=1]
              RenderText {#text} at (2,1) size 89x18
                text run at (2,1) width 89: "Row 2, Cell 1"
            RenderTableCell {TD} at (91,0) size 185x20 [border: none none none (1px solid #808080)] [r=0 c=1 rs=1 cs=2]
              RenderText {#text} at (2,1) size 89x18
                text run at (2,1) width 89: "Row 2, Cell 2"
          RenderTableRow {TR} at (0,20) size 276x20
            RenderTableCell {TD} at (91,20) size 93x20 [border: none none none (1px solid #808080)] [r=1 c=1 rs=1 cs=1]
              RenderText {#text} at (2,1) size 89x18
                text run at (2,1) width 89: "Row 3, Cell 2"
            RenderTableCell {TD} at (183,30) size 93x20 [border: none none none (1px solid #808080)] [r=1 c=2 rs=2 cs=1]
              RenderText {#text} at (2,1) size 89x18
                text run at (2,1) width 89: "Row 3, Cell 3"
          RenderTableRow {TR} at (0,40) size 276x20
            RenderTableCell {TD} at (0,40) size 184x20 [border: none none none (1px solid #808080)] [r=2 c=0 rs=1 cs=2]
              RenderText {#text} at (2,1) size 89x18
                text run at (2,1) width 89: "Row 4, Cell 1"
        RenderTableSection {TFOOT} at (0,99) size 276x20
          RenderTableRow {TR} at (0,0) size 276x20
            RenderTableCell {TD} at (0,0) size 92x20 [border: none none none (1px solid #808080)] [r=0 c=0 rs=1 cs=1]
              RenderText {#text} at (2,1) size 89x18
                text run at (2,1) width 89: "Row 5, Cell 1"
            RenderTableCell {TD} at (91,0) size 93x20 [border: none none none (1px solid #808080)] [r=0 c=1 rs=1 cs=1]
              RenderText {#text} at (2,1) size 89x18
                text run at (2,1) width 89: "Row 5, Cell 2"
            RenderTableCell {TD} at (183,0) size 93x20 [border: none none none (1px solid #808080)] [r=0 c=2 rs=1 cs=1]
              RenderText {#text} at (2,1) size 89x18
                text run at (2,1) width 89: "Row 5, Cell 3"
      RenderTable {TABLE} at (0,6128) size 277x120 [border: none]
        RenderBlock {CAPTION} at (0,0) size 277x18
          RenderInline {A} at (0,0) size 268x18
            RenderText {#text} at (1,0) size 268x18
              text run at (1,0) width 268: "Frame=\x{201C}border\x{201D} and Rules=\x{201C}cols\x{201D}"
          RenderInline (generated) at (0,0) size 8x18
            RenderText at (268,0) size 8x18
              text run at (268,0) width 8: ":"
        RenderTableSection {THEAD} at (0,18) size 276x21
          RenderTableRow {TR} at (0,0) size 276x21
            RenderTableCell {TD} at (0,0) size 92x21 [border: (1px none #808080) none none (1px solid #808080)] [r=0 c=0 rs=1 cs=1]
              RenderText {#text} at (2,2) size 89x18
                text run at (2,2) width 89: "Row 1, Cell 1"
            RenderTableCell {TD} at (91,0) size 93x21 [border: (1px none #808080) none none (1px solid #808080)] [r=0 c=1 rs=1 cs=1]
              RenderText {#text} at (2,2) size 89x18
                text run at (2,2) width 89: "Row 1, Cell 2"
            RenderTableCell {TD} at (183,0) size 93x21 [border: (1px none #808080) none none (1px solid #808080)] [r=0 c=2 rs=1 cs=1]
              RenderText {#text} at (2,2) size 89x18
                text run at (2,2) width 89: "Row 1, Cell 3"
        RenderTableSection {TBODY} at (0,39) size 276x60
          RenderTableRow {TR} at (0,0) size 276x20
            RenderTableCell {TD} at (0,10) size 92x20 [border: none none none (1px solid #808080)] [r=0 c=0 rs=2 cs=1]
              RenderText {#text} at (2,1) size 89x18
                text run at (2,1) width 89: "Row 2, Cell 1"
            RenderTableCell {TD} at (91,0) size 185x20 [border: none none none (1px solid #808080)] [r=0 c=1 rs=1 cs=2]
              RenderText {#text} at (2,1) size 89x18
                text run at (2,1) width 89: "Row 2, Cell 2"
          RenderTableRow {TR} at (0,20) size 276x20
            RenderTableCell {TD} at (91,20) size 93x20 [border: none none none (1px solid #808080)] [r=1 c=1 rs=1 cs=1]
              RenderText {#text} at (2,1) size 89x18
                text run at (2,1) width 89: "Row 3, Cell 2"
            RenderTableCell {TD} at (183,30) size 93x20 [border: none none none (1px solid #808080)] [r=1 c=2 rs=2 cs=1]
              RenderText {#text} at (2,1) size 89x18
                text run at (2,1) width 89: "Row 3, Cell 3"
          RenderTableRow {TR} at (0,40) size 276x20
            RenderTableCell {TD} at (0,40) size 184x20 [border: none none none (1px solid #808080)] [r=2 c=0 rs=1 cs=2]
              RenderText {#text} at (2,1) size 89x18
                text run at (2,1) width 89: "Row 4, Cell 1"
        RenderTableSection {TFOOT} at (0,99) size 276x20
          RenderTableRow {TR} at (0,0) size 276x20
            RenderTableCell {TD} at (0,0) size 92x20 [border: none none none (1px solid #808080)] [r=0 c=0 rs=1 cs=1]
              RenderText {#text} at (2,1) size 89x18
                text run at (2,1) width 89: "Row 5, Cell 1"
            RenderTableCell {TD} at (91,0) size 93x20 [border: none none none (1px solid #808080)] [r=0 c=1 rs=1 cs=1]
              RenderText {#text} at (2,1) size 89x18
                text run at (2,1) width 89: "Row 5, Cell 2"
            RenderTableCell {TD} at (183,0) size 93x20 [border: none none none (1px solid #808080)] [r=0 c=2 rs=1 cs=1]
              RenderText {#text} at (2,1) size 89x18
                text run at (2,1) width 89: "Row 5, Cell 3"
      RenderTable {TABLE} at (0,6296) size 275x122
        RenderBlock {CAPTION} at (0,0) size 275x18
          RenderInline {A} at (0,0) size 241x18
            RenderText {#text} at (14,0) size 241x18
              text run at (14,0) width 241: "Frame=\x{201C}void\x{201D} and Rules=\x{201C}all\x{201D}"
          RenderInline (generated) at (0,0) size 7x18
            RenderText at (254,0) size 7x18
              text run at (254,0) width 7: ":"
        RenderTableSection {THEAD} at (0,18) size 275x20
          RenderTableRow {TR} at (0,0) size 275x20
            RenderTableCell {TD} at (0,0) size 91x20 [r=0 c=0 rs=1 cs=1]
              RenderText {#text} at (1,1) size 89x18
                text run at (1,1) width 89: "Row 1, Cell 1"
            RenderTableCell {TD} at (90,0) size 93x20 [border: none] [r=0 c=1 rs=1 cs=1]
              RenderText {#text} at (2,1) size 89x18
                text run at (2,1) width 89: "Row 1, Cell 2"
            RenderTableCell {TD} at (182,0) size 93x20 [border: none] [r=0 c=2 rs=1 cs=1]
              RenderText {#text} at (2,1) size 89x18
                text run at (2,1) width 89: "Row 1, Cell 3"
        RenderTableSection {TBODY} at (0,38) size 275x63
          RenderTableRow {TR} at (0,0) size 275x21
            RenderTableCell {TD} at (0,10) size 91x22 [border: (1px solid #808080)] [r=0 c=0 rs=2 cs=1]
              RenderText {#text} at (1,2) size 89x19
                text run at (1,3) width 89: "Row 2, Cell 1"
            RenderTableCell {TD} at (90,0) size 185x21 [border: (1px solid #808080)] [r=0 c=1 rs=1 cs=2]
              RenderText {#text} at (2,2) size 89x18
                text run at (2,2) width 89: "Row 2, Cell 2"
          RenderTableRow {TR} at (0,21) size 275x21
            RenderTableCell {TD} at (90,21) size 93x21 [border: (1px solid #808080)] [r=1 c=1 rs=1 cs=1]
              RenderText {#text} at (2,2) size 89x18
                text run at (2,2) width 89: "Row 3, Cell 2"
            RenderTableCell {TD} at (182,31) size 93x22 [border: (1px solid #808080)] [r=1 c=2 rs=2 cs=1]
              RenderText {#text} at (2,2) size 89x19
                text run at (2,3) width 89: "Row 3, Cell 3"
          RenderTableRow {TR} at (0,42) size 275x21
            RenderTableCell {TD} at (0,42) size 183x21 [border: (1px solid #808080)] [r=2 c=0 rs=1 cs=2]
              RenderText {#text} at (1,2) size 89x18
                text run at (1,2) width 89: "Row 4, Cell 1"
        RenderTableSection {TFOOT} at (0,101) size 275x21
          RenderTableRow {TR} at (0,0) size 275x21
            RenderTableCell {TD} at (0,0) size 91x21 [border: (1px solid #808080)] [r=0 c=0 rs=1 cs=1]
              RenderText {#text} at (1,2) size 89x18
                text run at (1,2) width 89: "Row 5, Cell 1"
            RenderTableCell {TD} at (90,0) size 93x21 [border: (1px solid #808080)] [r=0 c=1 rs=1 cs=1]
              RenderText {#text} at (2,2) size 89x18
                text run at (2,2) width 89: "Row 5, Cell 2"
            RenderTableCell {TD} at (182,0) size 93x21 [border: (1px solid #808080)] [r=0 c=2 rs=1 cs=1]
              RenderText {#text} at (2,2) size 89x18
                text run at (2,2) width 89: "Row 5, Cell 3"
      RenderTable {TABLE} at (0,6466) size 275x123
        RenderBlock {CAPTION} at (0,0) size 275x18
          RenderInline {A} at (0,0) size 252x18
            RenderText {#text} at (8,0) size 252x18
              text run at (8,0) width 252: "Frame=\x{201C}above\x{201D} and Rules=\x{201C}all\x{201D}"
          RenderInline (generated) at (0,0) size 8x18
            RenderText at (259,0) size 8x18
              text run at (259,0) width 8: ":"
        RenderTableSection {THEAD} at (0,18) size 275x21
          RenderTableRow {TR} at (0,0) size 275x21
            RenderTableCell {TD} at (0,0) size 91x21 [border: (1px solid #808080)] [r=0 c=0 rs=1 cs=1]
              RenderText {#text} at (1,2) size 89x18
                text run at (1,2) width 89: "Row 1, Cell 1"
            RenderTableCell {TD} at (90,0) size 93x21 [border: (1px solid #808080)] [r=0 c=1 rs=1 cs=1]
              RenderText {#text} at (2,2) size 89x18
                text run at (2,2) width 89: "Row 1, Cell 2"
            RenderTableCell {TD} at (182,0) size 93x21 [border: (1px solid #808080)] [r=0 c=2 rs=1 cs=1]
              RenderText {#text} at (2,2) size 89x18
                text run at (2,2) width 89: "Row 1, Cell 3"
        RenderTableSection {TBODY} at (0,39) size 275x63
          RenderTableRow {TR} at (0,0) size 275x21
            RenderTableCell {TD} at (0,10) size 91x22 [border: (1px solid #808080)] [r=0 c=0 rs=2 cs=1]
              RenderText {#text} at (1,2) size 89x19
                text run at (1,3) width 89: "Row 2, Cell 1"
            RenderTableCell {TD} at (90,0) size 185x21 [border: (1px solid #808080)] [r=0 c=1 rs=1 cs=2]
              RenderText {#text} at (2,2) size 89x18
                text run at (2,2) width 89: "Row 2, Cell 2"
          RenderTableRow {TR} at (0,21) size 275x21
            RenderTableCell {TD} at (90,21) size 93x21 [border: (1px solid #808080)] [r=1 c=1 rs=1 cs=1]
              RenderText {#text} at (2,2) size 89x18
                text run at (2,2) width 89: "Row 3, Cell 2"
            RenderTableCell {TD} at (182,31) size 93x22 [border: (1px solid #808080)] [r=1 c=2 rs=2 cs=1]
              RenderText {#text} at (2,2) size 89x19
                text run at (2,3) width 89: "Row 3, Cell 3"
          RenderTableRow {TR} at (0,42) size 275x21
            RenderTableCell {TD} at (0,42) size 183x21 [border: (1px solid #808080)] [r=2 c=0 rs=1 cs=2]
              RenderText {#text} at (1,2) size 89x18
                text run at (1,2) width 89: "Row 4, Cell 1"
        RenderTableSection {TFOOT} at (0,102) size 275x21
          RenderTableRow {TR} at (0,0) size 275x21
            RenderTableCell {TD} at (0,0) size 91x21 [border: (1px solid #808080)] [r=0 c=0 rs=1 cs=1]
              RenderText {#text} at (1,2) size 89x18
                text run at (1,2) width 89: "Row 5, Cell 1"
            RenderTableCell {TD} at (90,0) size 93x21 [border: (1px solid #808080)] [r=0 c=1 rs=1 cs=1]
              RenderText {#text} at (2,2) size 89x18
                text run at (2,2) width 89: "Row 5, Cell 2"
            RenderTableCell {TD} at (182,0) size 93x21 [border: (1px solid #808080)] [r=0 c=2 rs=1 cs=1]
              RenderText {#text} at (2,2) size 89x18
                text run at (2,2) width 89: "Row 5, Cell 3"
      RenderTable {TABLE} at (0,6637) size 275x123 [border: none (1px solid #808080) none]
        RenderBlock {CAPTION} at (0,0) size 275x18
          RenderInline {A} at (0,0) size 252x18
            RenderText {#text} at (8,0) size 252x18
              text run at (8,0) width 252: "Frame=\x{201C}below\x{201D} and Rules=\x{201C}all\x{201D}"
          RenderInline (generated) at (0,0) size 8x18
            RenderText at (259,0) size 8x18
              text run at (259,0) width 8: ":"
        RenderTableSection {THEAD} at (0,18) size 275x20
          RenderTableRow {TR} at (0,0) size 275x20
            RenderTableCell {TD} at (0,0) size 91x20 [r=0 c=0 rs=1 cs=1]
              RenderText {#text} at (1,1) size 89x18
                text run at (1,1) width 89: "Row 1, Cell 1"
            RenderTableCell {TD} at (90,0) size 93x20 [border: none] [r=0 c=1 rs=1 cs=1]
              RenderText {#text} at (2,1) size 89x18
                text run at (2,1) width 89: "Row 1, Cell 2"
            RenderTableCell {TD} at (182,0) size 93x20 [border: none] [r=0 c=2 rs=1 cs=1]
              RenderText {#text} at (2,1) size 89x18
                text run at (2,1) width 89: "Row 1, Cell 3"
        RenderTableSection {TBODY} at (0,38) size 275x63
          RenderTableRow {TR} at (0,0) size 275x21
            RenderTableCell {TD} at (0,10) size 91x22 [border: (1px solid #808080)] [r=0 c=0 rs=2 cs=1]
              RenderText {#text} at (1,2) size 89x19
                text run at (1,3) width 89: "Row 2, Cell 1"
            RenderTableCell {TD} at (90,0) size 185x21 [border: (1px solid #808080)] [r=0 c=1 rs=1 cs=2]
              RenderText {#text} at (2,2) size 89x18
                text run at (2,2) width 89: "Row 2, Cell 2"
          RenderTableRow {TR} at (0,21) size 275x21
            RenderTableCell {TD} at (90,21) size 93x21 [border: (1px solid #808080)] [r=1 c=1 rs=1 cs=1]
              RenderText {#text} at (2,2) size 89x18
                text run at (2,2) width 89: "Row 3, Cell 2"
            RenderTableCell {TD} at (182,31) size 93x22 [border: (1px solid #808080)] [r=1 c=2 rs=2 cs=1]
              RenderText {#text} at (2,2) size 89x19
                text run at (2,3) width 89: "Row 3, Cell 3"
          RenderTableRow {TR} at (0,42) size 275x21
            RenderTableCell {TD} at (0,42) size 183x21 [border: (1px solid #808080)] [r=2 c=0 rs=1 cs=2]
              RenderText {#text} at (1,2) size 89x18
                text run at (1,2) width 89: "Row 4, Cell 1"
        RenderTableSection {TFOOT} at (0,101) size 275x21
          RenderTableRow {TR} at (0,0) size 275x21
            RenderTableCell {TD} at (0,0) size 91x21 [border: (1px solid #808080)] [r=0 c=0 rs=1 cs=1]
              RenderText {#text} at (1,2) size 89x18
                text run at (1,2) width 89: "Row 5, Cell 1"
            RenderTableCell {TD} at (90,0) size 93x21 [border: (1px solid #808080)] [r=0 c=1 rs=1 cs=1]
              RenderText {#text} at (2,2) size 89x18
                text run at (2,2) width 89: "Row 5, Cell 2"
            RenderTableCell {TD} at (182,0) size 93x21 [border: (1px solid #808080)] [r=0 c=2 rs=1 cs=1]
              RenderText {#text} at (2,2) size 89x18
                text run at (2,2) width 89: "Row 5, Cell 3"
      RenderTable {TABLE} at (0,6808) size 275x124 [border: none none (1px solid #808080) none]
        RenderBlock {CAPTION} at (0,0) size 275x18
          RenderInline {A} at (0,0) size 255x18
            RenderText {#text} at (7,0) size 255x18
              text run at (7,0) width 255: "Frame=\x{201C}hsides\x{201D} and Rules=\x{201C}all\x{201D}"
          RenderInline (generated) at (0,0) size 7x18
            RenderText at (261,0) size 7x18
              text run at (261,0) width 7: ":"
        RenderTableSection {THEAD} at (0,18) size 275x21
          RenderTableRow {TR} at (0,0) size 275x21
            RenderTableCell {TD} at (0,0) size 91x21 [border: (1px solid #808080)] [r=0 c=0 rs=1 cs=1]
              RenderText {#text} at (1,2) size 89x18
                text run at (1,2) width 89: "Row 1, Cell 1"
            RenderTableCell {TD} at (90,0) size 93x21 [border: (1px solid #808080)] [r=0 c=1 rs=1 cs=1]
              RenderText {#text} at (2,2) size 89x18
                text run at (2,2) width 89: "Row 1, Cell 2"
            RenderTableCell {TD} at (182,0) size 93x21 [border: (1px solid #808080)] [r=0 c=2 rs=1 cs=1]
              RenderText {#text} at (2,2) size 89x18
                text run at (2,2) width 89: "Row 1, Cell 3"
        RenderTableSection {TBODY} at (0,39) size 275x63
          RenderTableRow {TR} at (0,0) size 275x21
            RenderTableCell {TD} at (0,10) size 91x22 [border: (1px solid #808080)] [r=0 c=0 rs=2 cs=1]
              RenderText {#text} at (1,2) size 89x19
                text run at (1,3) width 89: "Row 2, Cell 1"
            RenderTableCell {TD} at (90,0) size 185x21 [border: (1px solid #808080)] [r=0 c=1 rs=1 cs=2]
              RenderText {#text} at (2,2) size 89x18
                text run at (2,2) width 89: "Row 2, Cell 2"
          RenderTableRow {TR} at (0,21) size 275x21
            RenderTableCell {TD} at (90,21) size 93x21 [border: (1px solid #808080)] [r=1 c=1 rs=1 cs=1]
              RenderText {#text} at (2,2) size 89x18
                text run at (2,2) width 89: "Row 3, Cell 2"
            RenderTableCell {TD} at (182,31) size 93x22 [border: (1px solid #808080)] [r=1 c=2 rs=2 cs=1]
              RenderText {#text} at (2,2) size 89x19
                text run at (2,3) width 89: "Row 3, Cell 3"
          RenderTableRow {TR} at (0,42) size 275x21
            RenderTableCell {TD} at (0,42) size 183x21 [border: (1px solid #808080)] [r=2 c=0 rs=1 cs=2]
              RenderText {#text} at (1,2) size 89x18
                text run at (1,2) width 89: "Row 4, Cell 1"
        RenderTableSection {TFOOT} at (0,102) size 275x21
          RenderTableRow {TR} at (0,0) size 275x21
            RenderTableCell {TD} at (0,0) size 91x21 [border: (1px solid #808080)] [r=0 c=0 rs=1 cs=1]
              RenderText {#text} at (1,2) size 89x18
                text run at (1,2) width 89: "Row 5, Cell 1"
            RenderTableCell {TD} at (90,0) size 93x21 [border: (1px solid #808080)] [r=0 c=1 rs=1 cs=1]
              RenderText {#text} at (2,2) size 89x18
                text run at (2,2) width 89: "Row 5, Cell 2"
            RenderTableCell {TD} at (182,0) size 93x21 [border: (1px solid #808080)] [r=0 c=2 rs=1 cs=1]
              RenderText {#text} at (2,2) size 89x18
                text run at (2,2) width 89: "Row 5, Cell 3"
      RenderTable {TABLE} at (0,6980) size 277x122 [border: none (1px solid #808080) none none]
        RenderBlock {CAPTION} at (0,0) size 277x18
          RenderInline {A} at (0,0) size 254x18
            RenderText {#text} at (8,0) size 254x18
              text run at (8,0) width 254: "Frame=\x{201C}vsides\x{201D} and Rules=\x{201C}all\x{201D}"
          RenderInline (generated) at (0,0) size 8x18
            RenderText at (261,0) size 8x18
              text run at (261,0) width 8: ":"
        RenderTableSection {THEAD} at (0,18) size 276x20
          RenderTableRow {TR} at (0,0) size 276x20
            RenderTableCell {TD} at (0,0) size 92x20 [border: none] [r=0 c=0 rs=1 cs=1]
              RenderText {#text} at (2,1) size 89x18
                text run at (2,1) width 89: "Row 1, Cell 1"
            RenderTableCell {TD} at (91,0) size 93x20 [border: none] [r=0 c=1 rs=1 cs=1]
              RenderText {#text} at (2,1) size 89x18
                text run at (2,1) width 89: "Row 1, Cell 2"
            RenderTableCell {TD} at (183,0) size 93x20 [border: none] [r=0 c=2 rs=1 cs=1]
              RenderText {#text} at (2,1) size 89x18
                text run at (2,1) width 89: "Row 1, Cell 3"
        RenderTableSection {TBODY} at (0,38) size 276x63
          RenderTableRow {TR} at (0,0) size 276x21
            RenderTableCell {TD} at (0,10) size 92x22 [border: (1px solid #808080)] [r=0 c=0 rs=2 cs=1]
              RenderText {#text} at (2,2) size 89x19
                text run at (2,3) width 89: "Row 2, Cell 1"
            RenderTableCell {TD} at (91,0) size 185x21 [border: (1px solid #808080)] [r=0 c=1 rs=1 cs=2]
              RenderText {#text} at (2,2) size 89x18
                text run at (2,2) width 89: "Row 2, Cell 2"
          RenderTableRow {TR} at (0,21) size 276x21
            RenderTableCell {TD} at (91,21) size 93x21 [border: (1px solid #808080)] [r=1 c=1 rs=1 cs=1]
              RenderText {#text} at (2,2) size 89x18
                text run at (2,2) width 89: "Row 3, Cell 2"
            RenderTableCell {TD} at (183,31) size 93x22 [border: (1px solid #808080)] [r=1 c=2 rs=2 cs=1]
              RenderText {#text} at (2,2) size 89x19
                text run at (2,3) width 89: "Row 3, Cell 3"
          RenderTableRow {TR} at (0,42) size 276x21
            RenderTableCell {TD} at (0,42) size 184x21 [border: (1px solid #808080)] [r=2 c=0 rs=1 cs=2]
              RenderText {#text} at (2,2) size 89x18
                text run at (2,2) width 89: "Row 4, Cell 1"
        RenderTableSection {TFOOT} at (0,101) size 276x21
          RenderTableRow {TR} at (0,0) size 276x21
            RenderTableCell {TD} at (0,0) size 92x21 [border: (1px solid #808080)] [r=0 c=0 rs=1 cs=1]
              RenderText {#text} at (2,2) size 89x18
                text run at (2,2) width 89: "Row 5, Cell 1"
            RenderTableCell {TD} at (91,0) size 93x21 [border: (1px solid #808080)] [r=0 c=1 rs=1 cs=1]
              RenderText {#text} at (2,2) size 89x18
                text run at (2,2) width 89: "Row 5, Cell 2"
            RenderTableCell {TD} at (183,0) size 93x21 [border: (1px solid #808080)] [r=0 c=2 rs=1 cs=1]
              RenderText {#text} at (2,2) size 89x18
                text run at (2,2) width 89: "Row 5, Cell 3"
      RenderTable {TABLE} at (0,7150) size 276x122
        RenderBlock {CAPTION} at (0,0) size 276x18
          RenderInline {A} at (0,0) size 231x18
            RenderText {#text} at (19,0) size 231x18
              text run at (19,0) width 231: "Frame=\x{201C}lhs\x{201D} and Rules=\x{201C}all\x{201D}"
          RenderInline (generated) at (0,0) size 7x18
            RenderText at (249,0) size 7x18
              text run at (249,0) width 7: ":"
        RenderTableSection {THEAD} at (0,18) size 276x20
          RenderTableRow {TR} at (0,0) size 276x20
            RenderTableCell {TD} at (0,0) size 92x20 [border: none] [r=0 c=0 rs=1 cs=1]
              RenderText {#text} at (2,1) size 89x18
                text run at (2,1) width 89: "Row 1, Cell 1"
            RenderTableCell {TD} at (91,0) size 93x20 [border: none] [r=0 c=1 rs=1 cs=1]
              RenderText {#text} at (2,1) size 89x18
                text run at (2,1) width 89: "Row 1, Cell 2"
            RenderTableCell {TD} at (183,0) size 93x20 [border: none] [r=0 c=2 rs=1 cs=1]
              RenderText {#text} at (2,1) size 89x18
                text run at (2,1) width 89: "Row 1, Cell 3"
        RenderTableSection {TBODY} at (0,38) size 276x63
          RenderTableRow {TR} at (0,0) size 276x21
            RenderTableCell {TD} at (0,10) size 92x22 [border: (1px solid #808080)] [r=0 c=0 rs=2 cs=1]
              RenderText {#text} at (2,2) size 89x19
                text run at (2,3) width 89: "Row 2, Cell 1"
            RenderTableCell {TD} at (91,0) size 185x21 [border: (1px solid #808080)] [r=0 c=1 rs=1 cs=2]
              RenderText {#text} at (2,2) size 89x18
                text run at (2,2) width 89: "Row 2, Cell 2"
          RenderTableRow {TR} at (0,21) size 276x21
            RenderTableCell {TD} at (91,21) size 93x21 [border: (1px solid #808080)] [r=1 c=1 rs=1 cs=1]
              RenderText {#text} at (2,2) size 89x18
                text run at (2,2) width 89: "Row 3, Cell 2"
            RenderTableCell {TD} at (183,31) size 93x22 [border: (1px solid #808080)] [r=1 c=2 rs=2 cs=1]
              RenderText {#text} at (2,2) size 89x19
                text run at (2,3) width 89: "Row 3, Cell 3"
          RenderTableRow {TR} at (0,42) size 276x21
            RenderTableCell {TD} at (0,42) size 184x21 [border: (1px solid #808080)] [r=2 c=0 rs=1 cs=2]
              RenderText {#text} at (2,2) size 89x18
                text run at (2,2) width 89: "Row 4, Cell 1"
        RenderTableSection {TFOOT} at (0,101) size 276x21
          RenderTableRow {TR} at (0,0) size 276x21
            RenderTableCell {TD} at (0,0) size 92x21 [border: (1px solid #808080)] [r=0 c=0 rs=1 cs=1]
              RenderText {#text} at (2,2) size 89x18
                text run at (2,2) width 89: "Row 5, Cell 1"
            RenderTableCell {TD} at (91,0) size 93x21 [border: (1px solid #808080)] [r=0 c=1 rs=1 cs=1]
              RenderText {#text} at (2,2) size 89x18
                text run at (2,2) width 89: "Row 5, Cell 2"
            RenderTableCell {TD} at (183,0) size 93x21 [border: (1px solid #808080)] [r=0 c=2 rs=1 cs=1]
              RenderText {#text} at (2,2) size 89x18
                text run at (2,2) width 89: "Row 5, Cell 3"
      RenderTable {TABLE} at (0,7320) size 276x122 [border: none (1px solid #808080) none]
        RenderBlock {CAPTION} at (0,0) size 276x18
          RenderInline {A} at (0,0) size 233x18
            RenderText {#text} at (18,0) size 233x18
              text run at (18,0) width 233: "Frame=\x{201C}rhs\x{201D} and Rules=\x{201C}all\x{201D}"
          RenderInline (generated) at (0,0) size 7x18
            RenderText at (250,0) size 7x18
              text run at (250,0) width 7: ":"
        RenderTableSection {THEAD} at (0,18) size 275x20
          RenderTableRow {TR} at (0,0) size 275x20
            RenderTableCell {TD} at (0,0) size 91x20 [r=0 c=0 rs=1 cs=1]
              RenderText {#text} at (1,1) size 89x18
                text run at (1,1) width 89: "Row 1, Cell 1"
            RenderTableCell {TD} at (90,0) size 93x20 [border: none] [r=0 c=1 rs=1 cs=1]
              RenderText {#text} at (2,1) size 89x18
                text run at (2,1) width 89: "Row 1, Cell 2"
            RenderTableCell {TD} at (182,0) size 93x20 [border: none] [r=0 c=2 rs=1 cs=1]
              RenderText {#text} at (2,1) size 89x18
                text run at (2,1) width 89: "Row 1, Cell 3"
        RenderTableSection {TBODY} at (0,38) size 275x63
          RenderTableRow {TR} at (0,0) size 275x21
            RenderTableCell {TD} at (0,10) size 91x22 [border: (1px solid #808080)] [r=0 c=0 rs=2 cs=1]
              RenderText {#text} at (1,2) size 89x19
                text run at (1,3) width 89: "Row 2, Cell 1"
            RenderTableCell {TD} at (90,0) size 185x21 [border: (1px solid #808080)] [r=0 c=1 rs=1 cs=2]
              RenderText {#text} at (2,2) size 89x18
                text run at (2,2) width 89: "Row 2, Cell 2"
          RenderTableRow {TR} at (0,21) size 275x21
            RenderTableCell {TD} at (90,21) size 93x21 [border: (1px solid #808080)] [r=1 c=1 rs=1 cs=1]
              RenderText {#text} at (2,2) size 89x18
                text run at (2,2) width 89: "Row 3, Cell 2"
            RenderTableCell {TD} at (182,31) size 93x22 [border: (1px solid #808080)] [r=1 c=2 rs=2 cs=1]
              RenderText {#text} at (2,2) size 89x19
                text run at (2,3) width 89: "Row 3, Cell 3"
          RenderTableRow {TR} at (0,42) size 275x21
            RenderTableCell {TD} at (0,42) size 183x21 [border: (1px solid #808080)] [r=2 c=0 rs=1 cs=2]
              RenderText {#text} at (1,2) size 89x18
                text run at (1,2) width 89: "Row 4, Cell 1"
        RenderTableSection {TFOOT} at (0,101) size 275x21
          RenderTableRow {TR} at (0,0) size 275x21
            RenderTableCell {TD} at (0,0) size 91x21 [border: (1px solid #808080)] [r=0 c=0 rs=1 cs=1]
              RenderText {#text} at (1,2) size 89x18
                text run at (1,2) width 89: "Row 5, Cell 1"
            RenderTableCell {TD} at (90,0) size 93x21 [border: (1px solid #808080)] [r=0 c=1 rs=1 cs=1]
              RenderText {#text} at (2,2) size 89x18
                text run at (2,2) width 89: "Row 5, Cell 2"
            RenderTableCell {TD} at (182,0) size 93x21 [border: (1px solid #808080)] [r=0 c=2 rs=1 cs=1]
              RenderText {#text} at (2,2) size 89x18
                text run at (2,2) width 89: "Row 5, Cell 3"
      RenderTable {TABLE} at (0,7490) size 277x124 [border: none]
        RenderBlock {CAPTION} at (0,0) size 277x18
          RenderInline {A} at (0,0) size 236x18
            RenderText {#text} at (17,0) size 236x18
              text run at (17,0) width 236: "Frame=\x{201C}box\x{201D} and Rules=\x{201C}all\x{201D}"
          RenderInline (generated) at (0,0) size 7x18
            RenderText at (252,0) size 7x18
              text run at (252,0) width 7: ":"
        RenderTableSection {THEAD} at (0,18) size 276x21
          RenderTableRow {TR} at (0,0) size 276x21
            RenderTableCell {TD} at (0,0) size 92x21 [border: (1px solid #808080)] [r=0 c=0 rs=1 cs=1]
              RenderText {#text} at (2,2) size 89x18
                text run at (2,2) width 89: "Row 1, Cell 1"
            RenderTableCell {TD} at (91,0) size 93x21 [border: (1px solid #808080)] [r=0 c=1 rs=1 cs=1]
              RenderText {#text} at (2,2) size 89x18
                text run at (2,2) width 89: "Row 1, Cell 2"
            RenderTableCell {TD} at (183,0) size 93x21 [border: (1px solid #808080)] [r=0 c=2 rs=1 cs=1]
              RenderText {#text} at (2,2) size 89x18
                text run at (2,2) width 89: "Row 1, Cell 3"
        RenderTableSection {TBODY} at (0,39) size 276x63
          RenderTableRow {TR} at (0,0) size 276x21
            RenderTableCell {TD} at (0,10) size 92x22 [border: (1px solid #808080)] [r=0 c=0 rs=2 cs=1]
              RenderText {#text} at (2,2) size 89x19
                text run at (2,3) width 89: "Row 2, Cell 1"
            RenderTableCell {TD} at (91,0) size 185x21 [border: (1px solid #808080)] [r=0 c=1 rs=1 cs=2]
              RenderText {#text} at (2,2) size 89x18
                text run at (2,2) width 89: "Row 2, Cell 2"
          RenderTableRow {TR} at (0,21) size 276x21
            RenderTableCell {TD} at (91,21) size 93x21 [border: (1px solid #808080)] [r=1 c=1 rs=1 cs=1]
              RenderText {#text} at (2,2) size 89x18
                text run at (2,2) width 89: "Row 3, Cell 2"
            RenderTableCell {TD} at (183,31) size 93x22 [border: (1px solid #808080)] [r=1 c=2 rs=2 cs=1]
              RenderText {#text} at (2,2) size 89x19
                text run at (2,3) width 89: "Row 3, Cell 3"
          RenderTableRow {TR} at (0,42) size 276x21
            RenderTableCell {TD} at (0,42) size 184x21 [border: (1px solid #808080)] [r=2 c=0 rs=1 cs=2]
              RenderText {#text} at (2,2) size 89x18
                text run at (2,2) width 89: "Row 4, Cell 1"
        RenderTableSection {TFOOT} at (0,102) size 276x21
          RenderTableRow {TR} at (0,0) size 276x21
            RenderTableCell {TD} at (0,0) size 92x21 [border: (1px solid #808080)] [r=0 c=0 rs=1 cs=1]
              RenderText {#text} at (2,2) size 89x18
                text run at (2,2) width 89: "Row 5, Cell 1"
            RenderTableCell {TD} at (91,0) size 93x21 [border: (1px solid #808080)] [r=0 c=1 rs=1 cs=1]
              RenderText {#text} at (2,2) size 89x18
                text run at (2,2) width 89: "Row 5, Cell 2"
            RenderTableCell {TD} at (183,0) size 93x21 [border: (1px solid #808080)] [r=0 c=2 rs=1 cs=1]
              RenderText {#text} at (2,2) size 89x18
                text run at (2,2) width 89: "Row 5, Cell 3"
      RenderTable {TABLE} at (0,7662) size 277x124 [border: none]
        RenderBlock {CAPTION} at (0,0) size 277x18
          RenderInline {A} at (0,0) size 258x18
            RenderText {#text} at (6,0) size 258x18
              text run at (6,0) width 258: "Frame=\x{201C}border\x{201D} and Rules=\x{201C}all\x{201D}"
          RenderInline (generated) at (0,0) size 8x18
            RenderText at (263,0) size 8x18
              text run at (263,0) width 8: ":"
        RenderTableSection {THEAD} at (0,18) size 276x21
          RenderTableRow {TR} at (0,0) size 276x21
            RenderTableCell {TD} at (0,0) size 92x21 [border: (1px solid #808080)] [r=0 c=0 rs=1 cs=1]
              RenderText {#text} at (2,2) size 89x18
                text run at (2,2) width 89: "Row 1, Cell 1"
            RenderTableCell {TD} at (91,0) size 93x21 [border: (1px solid #808080)] [r=0 c=1 rs=1 cs=1]
              RenderText {#text} at (2,2) size 89x18
                text run at (2,2) width 89: "Row 1, Cell 2"
            RenderTableCell {TD} at (183,0) size 93x21 [border: (1px solid #808080)] [r=0 c=2 rs=1 cs=1]
              RenderText {#text} at (2,2) size 89x18
                text run at (2,2) width 89: "Row 1, Cell 3"
        RenderTableSection {TBODY} at (0,39) size 276x63
          RenderTableRow {TR} at (0,0) size 276x21
            RenderTableCell {TD} at (0,10) size 92x22 [border: (1px solid #808080)] [r=0 c=0 rs=2 cs=1]
              RenderText {#text} at (2,2) size 89x19
                text run at (2,3) width 89: "Row 2, Cell 1"
            RenderTableCell {TD} at (91,0) size 185x21 [border: (1px solid #808080)] [r=0 c=1 rs=1 cs=2]
              RenderText {#text} at (2,2) size 89x18
                text run at (2,2) width 89: "Row 2, Cell 2"
          RenderTableRow {TR} at (0,21) size 276x21
            RenderTableCell {TD} at (91,21) size 93x21 [border: (1px solid #808080)] [r=1 c=1 rs=1 cs=1]
              RenderText {#text} at (2,2) size 89x18
                text run at (2,2) width 89: "Row 3, Cell 2"
            RenderTableCell {TD} at (183,31) size 93x22 [border: (1px solid #808080)] [r=1 c=2 rs=2 cs=1]
              RenderText {#text} at (2,2) size 89x19
                text run at (2,3) width 89: "Row 3, Cell 3"
          RenderTableRow {TR} at (0,42) size 276x21
            RenderTableCell {TD} at (0,42) size 184x21 [border: (1px solid #808080)] [r=2 c=0 rs=1 cs=2]
              RenderText {#text} at (2,2) size 89x18
                text run at (2,2) width 89: "Row 4, Cell 1"
        RenderTableSection {TFOOT} at (0,102) size 276x21
          RenderTableRow {TR} at (0,0) size 276x21
            RenderTableCell {TD} at (0,0) size 92x21 [border: (1px solid #808080)] [r=0 c=0 rs=1 cs=1]
              RenderText {#text} at (2,2) size 89x18
                text run at (2,2) width 89: "Row 5, Cell 1"
            RenderTableCell {TD} at (91,0) size 93x21 [border: (1px solid #808080)] [r=0 c=1 rs=1 cs=1]
              RenderText {#text} at (2,2) size 89x18
                text run at (2,2) width 89: "Row 5, Cell 2"
            RenderTableCell {TD} at (183,0) size 93x21 [border: (1px solid #808080)] [r=0 c=2 rs=1 cs=1]
              RenderText {#text} at (2,2) size 89x18
                text run at (2,2) width 89: "Row 5, Cell 3"
layer at (393,24) size 392x150
  RenderBlock (positioned) {TABLE} at (392,24) size 393x150
    RenderTable at (0,0) size 347x153
      RenderBlock {CAPTION} at (0,0) size 347x18
        RenderText {#text} at (33,0) size 274x18
          text run at (33,0) width 274: "Local links to specific testcase tables"
        RenderInline (generated) at (0,0) size 7x18
          RenderText at (306,0) size 7x18
            text run at (306,0) width 7: ":"
      RenderTableCol {COLGROUP} at (0,0) size 0x0
      RenderTableCol {COLGROUP} at (0,0) size 0x0
      RenderTableSection {THEAD} at (0,18) size 347x40
        RenderTableRow {TR} at (0,2) size 347x17
          RenderTableCell {TH} at (2,19) size 72x2 [r=0 c=0 rs=2 cs=2]
          RenderTableCell {TH} at (75,2) size 270x17 [r=0 c=2 rs=1 cs=9]
            RenderText {#text} at (118,1) size 34x15
              text run at (118,1) width 34: "Frame"
        RenderTableRow {TR} at (0,21) size 347x17
          RenderTableCell {TH} at (75,21) size 26x17 [r=1 c=2 rs=1 cs=1]
            RenderText {#text} at (1,1) size 24x15
              text run at (1,1) width 24: "void"
          RenderTableCell {TH} at (102,21) size 34x17 [r=1 c=3 rs=1 cs=1]
            RenderText {#text} at (1,1) size 32x15
              text run at (1,1) width 32: "above"
          RenderTableCell {TH} at (137,21) size 34x17 [r=1 c=4 rs=1 cs=1]
            RenderText {#text} at (1,1) size 32x15
              text run at (1,1) width 32: "below"
          RenderTableCell {TH} at (172,21) size 36x17 [r=1 c=5 rs=1 cs=1]
            RenderText {#text} at (1,1) size 33x15
              text run at (1,1) width 33: "hsides"
          RenderTableCell {TH} at (209,21) size 35x17 [r=1 c=6 rs=1 cs=1]
            RenderText {#text} at (1,1) size 33x15
              text run at (1,1) width 33: "vsides"
          RenderTableCell {TH} at (245,21) size 19x17 [r=1 c=7 rs=1 cs=1]
            RenderText {#text} at (1,1) size 16x15
              text run at (1,1) width 16: "lhs"
          RenderTableCell {TH} at (265,21) size 19x17 [r=1 c=8 rs=1 cs=1]
            RenderText {#text} at (1,1) size 16x15
              text run at (1,1) width 16: "rhs"
          RenderTableCell {TH} at (285,21) size 22x17 [r=1 c=9 rs=1 cs=1]
            RenderText {#text} at (1,1) size 20x15
              text run at (1,1) width 20: "box"
          RenderTableCell {TH} at (308,21) size 37x17 [r=1 c=10 rs=1 cs=1]
            RenderText {#text} at (1,1) size 34x15
              text run at (1,1) width 34: "border"
      RenderTableSection {TBODY} at (0,58) size 347x95
        RenderTableRow {TR} at (0,0) size 347x17
          RenderTableCell {TH} at (2,38) size 32x17 [r=0 c=0 rs=5 cs=1]
            RenderText {#text} at (1,1) size 30x15
              text run at (1,1) width 30: "Rules"
          RenderTableCell {TH} at (35,0) size 39x17 [r=0 c=1 rs=1 cs=1]
            RenderText {#text} at (11,1) size 26x15
              text run at (11,1) width 26: "none"
          RenderTableCell {TD} at (75,0) size 26x17 [bgcolor=#CCCCCC] [r=0 c=2 rs=1 cs=1]
            RenderInline {A} at (0,0) size 15x14 [color=#0000EE]
              RenderText {#text} at (5,1) size 15x15
                text run at (5,2) width 15: "Go"
          RenderTableCell {TD} at (102,0) size 34x17 [bgcolor=#CCCCCC] [r=0 c=3 rs=1 cs=1]
            RenderInline {A} at (0,0) size 15x14 [color=#0000EE]
              RenderText {#text} at (9,1) size 15x15
                text run at (9,2) width 15: "Go"
          RenderTableCell {TD} at (137,0) size 34x17 [bgcolor=#CCCCCC] [r=0 c=4 rs=1 cs=1]
            RenderInline {A} at (0,0) size 16x14 [color=#0000EE]
              RenderText {#text} at (9,1) size 16x15
                text run at (9,2) width 16: "Go"
          RenderTableCell {TD} at (172,0) size 36x17 [bgcolor=#CCCCCC] [r=0 c=5 rs=1 cs=1]
            RenderInline {A} at (0,0) size 16x14 [color=#0000EE]
              RenderText {#text} at (9,1) size 16x15
                text run at (9,2) width 16: "Go"
          RenderTableCell {TD} at (209,0) size 35x17 [bgcolor=#CCCCCC] [r=0 c=6 rs=1 cs=1]
            RenderInline {A} at (0,0) size 16x14 [color=#0000EE]
              RenderText {#text} at (9,1) size 16x15
                text run at (9,2) width 16: "Go"
          RenderTableCell {TD} at (245,0) size 19x17 [bgcolor=#CCCCCC] [r=0 c=7 rs=1 cs=1]
            RenderInline {A} at (0,0) size 15x14 [color=#0000EE]
              RenderText {#text} at (1,1) size 15x15
                text run at (1,2) width 15: "Go"
          RenderTableCell {TD} at (265,0) size 19x17 [bgcolor=#CCCCCC] [r=0 c=8 rs=1 cs=1]
            RenderInline {A} at (0,0) size 16x14 [color=#0000EE]
              RenderText {#text} at (1,1) size 16x15
                text run at (1,2) width 16: "Go"
          RenderTableCell {TD} at (285,0) size 22x17 [bgcolor=#CCCCCC] [r=0 c=9 rs=1 cs=1]
            RenderInline {A} at (0,0) size 16x14 [color=#0000EE]
              RenderText {#text} at (3,1) size 16x15
                text run at (3,2) width 16: "Go"
          RenderTableCell {TD} at (308,0) size 37x17 [bgcolor=#CCCCCC] [r=0 c=10 rs=1 cs=1]
            RenderInline {A} at (0,0) size 16x14 [color=#0000EE]
              RenderText {#text} at (10,1) size 16x15
                text run at (10,2) width 16: "Go"
        RenderTableRow {TR} at (0,19) size 347x17
          RenderTableCell {TH} at (35,19) size 39x17 [r=1 c=1 rs=1 cs=1]
            RenderText {#text} at (1,1) size 36x15
              text run at (1,1) width 36: "groups"
          RenderTableCell {TD} at (75,19) size 26x17 [bgcolor=#CCCCCC] [r=1 c=2 rs=1 cs=1]
            RenderInline {A} at (0,0) size 15x14 [color=#0000EE]
              RenderText {#text} at (5,1) size 15x15
                text run at (5,2) width 15: "Go"
          RenderTableCell {TD} at (102,19) size 34x17 [bgcolor=#CCCCCC] [r=1 c=3 rs=1 cs=1]
            RenderInline {A} at (0,0) size 15x14 [color=#0000EE]
              RenderText {#text} at (9,1) size 15x15
                text run at (9,2) width 15: "Go"
          RenderTableCell {TD} at (137,19) size 34x17 [bgcolor=#CCCCCC] [r=1 c=4 rs=1 cs=1]
            RenderInline {A} at (0,0) size 16x14 [color=#0000EE]
              RenderText {#text} at (9,1) size 16x15
                text run at (9,2) width 16: "Go"
          RenderTableCell {TD} at (172,19) size 36x17 [bgcolor=#CCCCCC] [r=1 c=5 rs=1 cs=1]
            RenderInline {A} at (0,0) size 16x14 [color=#0000EE]
              RenderText {#text} at (9,1) size 16x15
                text run at (9,2) width 16: "Go"
          RenderTableCell {TD} at (209,19) size 35x17 [bgcolor=#CCCCCC] [r=1 c=6 rs=1 cs=1]
            RenderInline {A} at (0,0) size 16x14 [color=#0000EE]
              RenderText {#text} at (9,1) size 16x15
                text run at (9,2) width 16: "Go"
          RenderTableCell {TD} at (245,19) size 19x17 [bgcolor=#CCCCCC] [r=1 c=7 rs=1 cs=1]
            RenderInline {A} at (0,0) size 15x14 [color=#0000EE]
              RenderText {#text} at (1,1) size 15x15
                text run at (1,2) width 15: "Go"
          RenderTableCell {TD} at (265,19) size 19x17 [bgcolor=#CCCCCC] [r=1 c=8 rs=1 cs=1]
            RenderInline {A} at (0,0) size 16x14 [color=#0000EE]
              RenderText {#text} at (1,1) size 16x15
                text run at (1,2) width 16: "Go"
          RenderTableCell {TD} at (285,19) size 22x17 [bgcolor=#CCCCCC] [r=1 c=9 rs=1 cs=1]
            RenderInline {A} at (0,0) size 16x14 [color=#0000EE]
              RenderText {#text} at (3,1) size 16x15
                text run at (3,2) width 16: "Go"
          RenderTableCell {TD} at (308,19) size 37x17 [bgcolor=#CCCCCC] [r=1 c=10 rs=1 cs=1]
            RenderInline {A} at (0,0) size 16x14 [color=#0000EE]
              RenderText {#text} at (10,1) size 16x15
                text run at (10,2) width 16: "Go"
        RenderTableRow {TR} at (0,38) size 347x17
          RenderTableCell {TH} at (35,38) size 39x17 [r=2 c=1 rs=1 cs=1]
            RenderText {#text} at (11,1) size 26x15
              text run at (11,1) width 26: "rows"
          RenderTableCell {TD} at (75,38) size 26x17 [bgcolor=#CCCCCC] [r=2 c=2 rs=1 cs=1]
            RenderInline {A} at (0,0) size 15x14 [color=#0000EE]
              RenderText {#text} at (5,1) size 15x15
                text run at (5,2) width 15: "Go"
          RenderTableCell {TD} at (102,38) size 34x17 [bgcolor=#CCCCCC] [r=2 c=3 rs=1 cs=1]
            RenderInline {A} at (0,0) size 15x14 [color=#0000EE]
              RenderText {#text} at (9,1) size 15x15
                text run at (9,2) width 15: "Go"
          RenderTableCell {TD} at (137,38) size 34x17 [bgcolor=#CCCCCC] [r=2 c=4 rs=1 cs=1]
            RenderInline {A} at (0,0) size 16x14 [color=#0000EE]
              RenderText {#text} at (9,1) size 16x15
                text run at (9,2) width 16: "Go"
          RenderTableCell {TD} at (172,38) size 36x17 [bgcolor=#CCCCCC] [r=2 c=5 rs=1 cs=1]
            RenderInline {A} at (0,0) size 16x14 [color=#0000EE]
              RenderText {#text} at (9,1) size 16x15
                text run at (9,2) width 16: "Go"
          RenderTableCell {TD} at (209,38) size 35x17 [bgcolor=#CCCCCC] [r=2 c=6 rs=1 cs=1]
            RenderInline {A} at (0,0) size 16x14 [color=#0000EE]
              RenderText {#text} at (9,1) size 16x15
                text run at (9,2) width 16: "Go"
          RenderTableCell {TD} at (245,38) size 19x17 [bgcolor=#CCCCCC] [r=2 c=7 rs=1 cs=1]
            RenderInline {A} at (0,0) size 15x14 [color=#0000EE]
              RenderText {#text} at (1,1) size 15x15
                text run at (1,2) width 15: "Go"
          RenderTableCell {TD} at (265,38) size 19x17 [bgcolor=#CCCCCC] [r=2 c=8 rs=1 cs=1]
            RenderInline {A} at (0,0) size 16x14 [color=#0000EE]
              RenderText {#text} at (1,1) size 16x15
                text run at (1,2) width 16: "Go"
          RenderTableCell {TD} at (285,38) size 22x17 [bgcolor=#CCCCCC] [r=2 c=9 rs=1 cs=1]
            RenderInline {A} at (0,0) size 16x14 [color=#0000EE]
              RenderText {#text} at (3,1) size 16x15
                text run at (3,2) width 16: "Go"
          RenderTableCell {TD} at (308,38) size 37x17 [bgcolor=#CCCCCC] [r=2 c=10 rs=1 cs=1]
            RenderInline {A} at (0,0) size 16x14 [color=#0000EE]
              RenderText {#text} at (10,1) size 16x15
                text run at (10,2) width 16: "Go"
        RenderTableRow {TR} at (0,57) size 347x17
          RenderTableCell {TH} at (35,57) size 39x17 [r=3 c=1 rs=1 cs=1]
            RenderText {#text} at (15,1) size 22x15
              text run at (15,1) width 22: "cols"
          RenderTableCell {TD} at (75,57) size 26x17 [bgcolor=#CCCCCC] [r=3 c=2 rs=1 cs=1]
            RenderInline {A} at (0,0) size 15x14 [color=#0000EE]
              RenderText {#text} at (5,1) size 15x15
                text run at (5,2) width 15: "Go"
          RenderTableCell {TD} at (102,57) size 34x17 [bgcolor=#CCCCCC] [r=3 c=3 rs=1 cs=1]
            RenderInline {A} at (0,0) size 15x14 [color=#0000EE]
              RenderText {#text} at (9,1) size 15x15
                text run at (9,2) width 15: "Go"
          RenderTableCell {TD} at (137,57) size 34x17 [bgcolor=#CCCCCC] [r=3 c=4 rs=1 cs=1]
            RenderInline {A} at (0,0) size 16x14 [color=#0000EE]
              RenderText {#text} at (9,1) size 16x15
                text run at (9,2) width 16: "Go"
          RenderTableCell {TD} at (172,57) size 36x17 [bgcolor=#CCCCCC] [r=3 c=5 rs=1 cs=1]
            RenderInline {A} at (0,0) size 16x14 [color=#0000EE]
              RenderText {#text} at (9,1) size 16x15
                text run at (9,2) width 16: "Go"
          RenderTableCell {TD} at (209,57) size 35x17 [bgcolor=#CCCCCC] [r=3 c=6 rs=1 cs=1]
            RenderInline {A} at (0,0) size 16x14 [color=#0000EE]
              RenderText {#text} at (9,1) size 16x15
                text run at (9,2) width 16: "Go"
          RenderTableCell {TD} at (245,57) size 19x17 [bgcolor=#CCCCCC] [r=3 c=7 rs=1 cs=1]
            RenderInline {A} at (0,0) size 15x14 [color=#0000EE]
              RenderText {#text} at (1,1) size 15x15
                text run at (1,2) width 15: "Go"
          RenderTableCell {TD} at (265,57) size 19x17 [bgcolor=#CCCCCC] [r=3 c=8 rs=1 cs=1]
            RenderInline {A} at (0,0) size 16x14 [color=#0000EE]
              RenderText {#text} at (1,1) size 16x15
                text run at (1,2) width 16: "Go"
          RenderTableCell {TD} at (285,57) size 22x17 [bgcolor=#CCCCCC] [r=3 c=9 rs=1 cs=1]
            RenderInline {A} at (0,0) size 16x14 [color=#0000EE]
              RenderText {#text} at (3,1) size 16x15
                text run at (3,2) width 16: "Go"
          RenderTableCell {TD} at (308,57) size 37x17 [bgcolor=#CCCCCC] [r=3 c=10 rs=1 cs=1]
            RenderInline {A} at (0,0) size 16x14 [color=#0000EE]
              RenderText {#text} at (10,1) size 16x15
                text run at (10,2) width 16: "Go"
        RenderTableRow {TR} at (0,76) size 347x17
          RenderTableCell {TH} at (35,76) size 39x17 [r=4 c=1 rs=1 cs=1]
            RenderText {#text} at (23,1) size 14x15
              text run at (23,1) width 14: "all"
          RenderTableCell {TD} at (75,76) size 26x17 [bgcolor=#CCCCCC] [r=4 c=2 rs=1 cs=1]
            RenderInline {A} at (0,0) size 15x14 [color=#0000EE]
              RenderText {#text} at (5,1) size 15x15
                text run at (5,2) width 15: "Go"
          RenderTableCell {TD} at (102,76) size 34x17 [bgcolor=#CCCCCC] [r=4 c=3 rs=1 cs=1]
            RenderInline {A} at (0,0) size 15x14 [color=#0000EE]
              RenderText {#text} at (9,1) size 15x15
                text run at (9,2) width 15: "Go"
          RenderTableCell {TD} at (137,76) size 34x17 [bgcolor=#CCCCCC] [r=4 c=4 rs=1 cs=1]
            RenderInline {A} at (0,0) size 16x14 [color=#0000EE]
              RenderText {#text} at (9,1) size 16x15
                text run at (9,2) width 16: "Go"
          RenderTableCell {TD} at (172,76) size 36x17 [bgcolor=#CCCCCC] [r=4 c=5 rs=1 cs=1]
            RenderInline {A} at (0,0) size 16x14 [color=#0000EE]
              RenderText {#text} at (9,1) size 16x15
                text run at (9,2) width 16: "Go"
          RenderTableCell {TD} at (209,76) size 35x17 [bgcolor=#CCCCCC] [r=4 c=6 rs=1 cs=1]
            RenderInline {A} at (0,0) size 16x14 [color=#0000EE]
              RenderText {#text} at (9,1) size 16x15
                text run at (9,2) width 16: "Go"
          RenderTableCell {TD} at (245,76) size 19x17 [bgcolor=#CCCCCC] [r=4 c=7 rs=1 cs=1]
            RenderInline {A} at (0,0) size 15x14 [color=#0000EE]
              RenderText {#text} at (1,1) size 15x15
                text run at (1,2) width 15: "Go"
          RenderTableCell {TD} at (265,76) size 19x17 [bgcolor=#CCCCCC] [r=4 c=8 rs=1 cs=1]
            RenderInline {A} at (0,0) size 16x14 [color=#0000EE]
              RenderText {#text} at (1,1) size 16x15
                text run at (1,2) width 16: "Go"
          RenderTableCell {TD} at (285,76) size 22x17 [bgcolor=#CCCCCC] [r=4 c=9 rs=1 cs=1]
            RenderInline {A} at (0,0) size 16x14 [color=#0000EE]
              RenderText {#text} at (3,1) size 16x15
                text run at (3,2) width 16: "Go"
          RenderTableCell {TD} at (308,76) size 37x17 [bgcolor=#CCCCCC] [r=4 c=10 rs=1 cs=1]
            RenderInline {A} at (0,0) size 16x14 [color=#0000EE]
              RenderText {#text} at (10,1) size 16x15
                text run at (10,2) width 16: "Go"
