layer at (0,0) size 800x600
  RenderView at (0,0) size 800x600
layer at (0,0) size 800x160
  RenderBlock {HTML} at (0,0) size 800x160
    RenderBody {BODY} at (8,16) size 784x136
      RenderBlock {P} at (0,0) size 784x18
        RenderText {#text} at (0,0) size 518x18
          text run at (0,0) width 518: "Test passes if the 'Filler Text' below is clipped to the curve of the rounded corners."
layer at (8,50) size 198x102 clip at (11,53) size 192x96 scrollHeight 144
  RenderBlock {DIV} at (0,34) size 198x102 [border: (3px solid #000000)]
    RenderText {#text} at (3,3) size 181x144
      text run at (3,3) width 148: "Filler Text. Filler Text. "
      text run at (151,3) width 33: "Filler"
      text run at (3,21) width 111: "Text. Filler Text. "
      text run at (114,21) width 70: "Filler Text."
      text run at (3,39) width 74: "Filler Text. "
      text run at (77,39) width 107: "Filler Text. Filler"
      text run at (3,57) width 37: "Text. "
      text run at (40,57) width 144: "Filler Text. Filler Text."
      text run at (3,75) width 148: "Filler Text. Filler Text. "
      text run at (151,75) width 33: "Filler"
      text run at (3,93) width 111: "Text. Filler Text. "
      text run at (114,93) width 70: "Filler Text."
      text run at (3,111) width 74: "Filler Text. "
      text run at (77,111) width 107: "Filler Text. Filler"
      text run at (3,129) width 33: "Text."
