layer at (0,0) size 800x600
  RenderView at (0,0) size 800x600
layer at (0,0) size 800x298
  RenderBlock {HTML} at (0,0) size 800x298
    RenderBody {BODY} at (8,16) size 784x274
      RenderBlock {P} at (0,0) size 784x18
        RenderText {#text} at (0,0) size 476x18
          text run at (0,0) width 476: "Test passes if there is a box below with double border and rounded corners."
      RenderBlock {DIV} at (0,34) size 340x240 [border: (70px double #000000)]
