layer at (0,0) size 800x600
  RenderView at (0,0) size 800x600
layer at (0,0) size 800x339
  RenderBlock {HTML} at (0,0) size 800x339
    RenderBody {BODY} at (8,16) size 784x313
      RenderBlock {P} at (0,0) size 784x18
        RenderText {#text} at (0,0) size 260x18
          text run at (0,0) width 260: "Test passes if the two boxes are identical."
      RenderBlock {DIV} at (10,34) size 135x135 [border: (19.19px solid #000000)]
      RenderBlock {DIV} at (10,178) size 135x135 [border: (19.19px solid #000000)]
