layer at (0,0) size 1028x684
  RenderView at (0,0) size 785x585
layer at (0,0) size 785x684
  RenderBlock {HTML} at (0,0) size 785x684
    RenderBody {BODY} at (8,16) size 769x660
      RenderBlock {P} at (0,0) size 769x18
        RenderText {#text} at (0,0) size 647x18
          text run at (0,0) width 647: "Test passes if there are no more than two rectangles on the page and there is no red visible on the page."
      RenderTable {TABLE} at (0,34) size 314x106
        RenderTableSection {TBODY} at (0,0) size 314x106
          RenderTableRow {TR} at (0,2) size 314x102
            RenderTableCell {TD} at (2,2) size 102x102 [r=0 c=0 rs=1 cs=1]
              RenderBlock {DIV} at (1,1) size 100x100 [border: (10px solid #FF0000)]
              RenderBlock {DIV} at (1,1) size 100x100 [border: (10px solid #000000)]
            RenderTableCell {TD} at (106,2) size 102x102 [r=0 c=1 rs=1 cs=1]
              RenderBlock {DIV} at (1,1) size 100x100 [border: (10px solid #FF0000)]
              RenderBlock {DIV} at (1,1) size 100x100 [border: (10px solid #000000)]
            RenderTableCell {TD} at (210,2) size 102x102 [r=0 c=2 rs=1 cs=1]
              RenderBlock {DIV} at (1,1) size 100x100 [border: (10px solid #FF0000)]
              RenderBlock {DIV} at (1,1) size 100x100 [border: (10px solid #000000)]
      RenderBlock {DIV} at (0,140) size 1020x520 [border: (10px solid #FF0000)]
      RenderBlock {DIV} at (0,140) size 1020x520 [border: (10px solid #000000)]
