layer at (0,0) size 800x600
  RenderView at (0,0) size 800x600
layer at (0,0) size 800x76
  RenderBlock {HTML} at (0,0) size 800x76
    RenderBody {BODY} at (8,16) size 784x52
      RenderBlock {P} at (0,0) size 784x18
        RenderText {#text} at (0,0) size 357x18
          text run at (0,0) width 357: "Test passes if there is a box with rounded corners below."
      RenderBlock (anonymous) at (0,34) size 784x18
        RenderInline {DIV} at (0,0) size 86x38 [border: (10px solid #008000)]
          RenderText {#text} at (10,0) size 66x18
            text run at (10,0) width 66: "Filler Text"
        RenderText {#text} at (0,0) size 0x0
