layer at (0,0) size 800x600
  RenderView at (0,0) size 800x600
layer at (0,0) size 800x308
  RenderBlock {HTML} at (0,0) size 800x308
    RenderBody {BODY} at (8,16) size 784x284
      RenderBlock {P} at (0,0) size 784x18
        RenderText {#text} at (0,0) size 482x18
          text run at (0,0) width 482: "Test passes if blue, orange and white boxes are visible on a larger black box."
      RenderBlock {DIV} at (0,34) size 250x250 [bgcolor=#000000]
