EDITING DELEGATE: shouldBeginEditingInDOMRange:range from 0 of DIV > BODY > HTML > #document to 3 of DIV > BODY > HTML > #document
EDITING DELEGATE: webViewDidBeginEditing:WebViewDidBeginEditingNotification
EDITING DELEGATE: webViewDidChangeSelection:WebViewDidChangeSelectionNotification
EDITING DELEGATE: webViewDidChangeSelection:WebViewDidChangeSelectionNotification
EDITING DELEGATE: webViewDidChangeSelection:WebViewDidChangeSelectionNotification
EDITING DELEGATE: webViewDidChangeSelection:WebViewDidChangeSelectionNotification
EDITING DELEGATE: webViewDidChangeSelection:WebViewDidChangeSelectionNotification
EDITING DELEGATE: webViewDidChangeSelection:WebViewDidChangeSelectionNotification
EDITING DELEGATE: webViewDidChangeSelection:WebViewDidChangeSelectionNotification
EDITING DELEGATE: webViewDidChangeSelection:WebViewDidChangeSelectionNotification
EDITING DELEGATE: webViewDidChangeSelection:WebViewDidChangeSelectionNotification
EDITING DELEGATE: webViewDidChangeSelection:WebViewDidChangeSelectionNotification
EDITING DELEGATE: webViewDidChangeSelection:WebViewDidChangeSelectionNotification
EDITING DELEGATE: shouldDeleteDOMRange:range from 0 of #text > LI > UL > DIV > DIV > BODY > HTML > #document to 0 of #text > DIV > DIV > BODY > HTML > #document
EDITING DELEGATE: webViewDidChangeSelection:WebViewDidChangeSelectionNotification
EDITING DELEGATE: shouldChangeSelectedDOMRange:range from 0 of #text > LI > UL > DIV > DIV > BODY > HTML > #document to 2 of DIV > DIV > BODY > HTML > #document toDOMRange:range from 0 of LI > UL > DIV > DIV > BODY > HTML > #document to 0 of LI > UL > DIV > DIV > BODY > HTML > #document affinity:NSSelectionAffinityDownstream stillSelecting:FALSE
EDITING DELEGATE: webViewDidChangeSelection:WebViewDidChangeSelectionNotification
EDITING DELEGATE: webViewDidChange:WebViewDidChangeNotification
layer at (0,0) size 800x600
  RenderView at (0,0) size 800x600
layer at (0,0) size 800x600
  RenderBlock {HTML} at (0,0) size 800x600
    RenderBody {BODY} at (8,8) size 784x584
      RenderBlock {DIV} at (0,0) size 784x241 [border: (4px solid #0000FF)]
        RenderBlock {DIV} at (20,20) size 744x69
          RenderText {#text} at (0,0) size 65x26
            text run at (0,0) width 65: "Tests: "
          RenderBR {BR} at (65,0) size 0x26
          RenderText {#text} at (0,27) size 662x20
            text run at (0,27) width 662: "Our ability to \"edit around\" content the HTML editing code does not yet handle very well. "
          RenderBR {BR} at (662,27) size 0x20
          RenderInline {I} at (0,0) size 99x20
            RenderText {#text} at (0,48) size 99x20
              text run at (0,48) width 99: "For this test: "
          RenderText {#text} at (99,48) size 168x20
            text run at (99,48) width 168: "Select and delete a list."
        RenderBlock (anonymous) at (20,89) size 744x21
          RenderBR {BR} at (0,0) size 0x20
        RenderBlock {DIV} at (20,110) size 744x111
          RenderText {#text} at (0,0) size 189x26
            text run at (0,0) width 189: "Expected Results: "
          RenderBR {BR} at (189,0) size 0x26
          RenderText {#text} at (0,27) size 709x41
            text run at (0,27) width 709: "The content in the red box must exactly match the content in the green box (except for the border"
            text run at (0,48) width 53: "color). "
          RenderBR {BR} at (53,48) size 0x20
          RenderInline {I} at (0,0) size 99x20
            RenderText {#text} at (0,69) size 99x20
              text run at (0,69) width 99: "For this test: "
          RenderText {#text} at (99,69) size 708x41
            text run at (99,69) width 609: "Only list content should get deleted. Surrounding content that is not selected should"
            text run at (0,90) width 201: "(obviously) not be affected."
      RenderBlock {DIV} at (0,251) size 784x32 [border: (2px solid #008000)]
        RenderText {#text} at (2,2) size 107x27
          text run at (2,2) width 107: "beforeafter"
      RenderBlock {DIV} at (0,293) size 784x108
        RenderBlock {DIV} at (0,0) size 784x108 [border: (2px solid #FF0000)]
          RenderBlock (anonymous) at (2,2) size 780x28
            RenderText {#text} at (0,0) size 62x27
              text run at (0,0) width 62: "before"
          RenderBlock {UL} at (2,54) size 780x28
            RenderListItem {LI} at (40,0) size 740x28
              RenderListMarker at (-22,0) size 9x27: bullet
              RenderText {#text} at (0,0) size 45x27
                text run at (0,0) width 45: "after"
caret: position 0 of child 0 {#text} of child 1 {LI} of child 1 {UL} of child 1 {DIV} of child 5 {DIV} of body
