layer at (0,0) size 800x600
  RenderView at (0,0) size 800x600
layer at (0,0) size 800x76
  RenderBlock {HTML} at (0,0) size 800x76
    RenderBody {BODY} at (8,8) size 784x60
      RenderBlock {DIV} at (0,0) size 784x60
        RenderText {#text} at (0,0) size 753x59
          text run at (0,0) width 727: "This table shows unicode-bidi: isolate behavior (in red) with display: inline-block behavior overlapping in green. "
          text run at (726,0) width 27: "You"
          text run at (0,20) width 191: "should see no red in this test! "
          text run at (190,20) width 532: "Behavior between these two methods should be identical for non-wrapping strings,"
          text run at (0,40) width 467: "assuming unicode-bidi: isolate is implemented and functioning correctly."
layer at (8,68) size 25x400
  RenderBlock (positioned) {DIV} at (0,0) size 26x400 [color=#FF0000]
    RenderMultiColumnSet at (0,0) size 26x400
layer at (8,68) size 25x2160 backgroundClip at (0,0) size 800x600 clip at (0,0) size 800x600
  RenderMultiColumnFlowThread at (0,0) size 26x2160
    RenderBlock {DIV} at (0,0) size 26x20
      RenderText {#text} at (0,0) size 7x19
        text run at (0,0) width 7: "\""
      RenderInline {SPAN} at (0,0) size 6x19
        RenderText {#text} at (6,0) size 6x19
          text run at (6,0) width 6: ")"
      RenderText {#text} at (11,0) size 7x19
        text run at (11,0) width 7: "("
    RenderBlock {DIV} at (0,20) size 26x20
      RenderText {#text} at (0,0) size 7x19
        text run at (0,0) width 7: "\""
      RenderInline {SPAN} at (0,0) size 6x19
        RenderText {#text} at (6,0) size 6x19
          text run at (6,0) width 6: ")"
      RenderText {#text} at (11,0) size 9x19
        text run at (11,0) width 9 RTL: "\x{5D1}"
    RenderBlock {DIV} at (0,40) size 26x20
      RenderText {#text} at (0,0) size 7x19
        text run at (0,0) width 7: "\""
      RenderInline {SPAN} at (0,0) size 6x19
        RenderText {#text} at (6,0) size 6x19
          text run at (6,0) width 6: ")"
      RenderText {#text} at (11,0) size 8x19
        text run at (11,0) width 8: "c"
    RenderBlock {DIV} at (0,60) size 26x20
      RenderText {#text} at (0,0) size 7x19
        text run at (0,0) width 7: "\""
      RenderInline {SPAN} at (0,0) size 6x19
        RenderText {#text} at (6,0) size 6x19
          text run at (6,0) width 6 RTL: "\x{5E0}"
      RenderText {#text} at (11,0) size 6x19
        text run at (11,0) width 6: "("
    RenderBlock {DIV} at (0,80) size 26x20
      RenderText {#text} at (0,0) size 7x19
        text run at (0,0) width 7: "\""
      RenderInline {SPAN} at (0,0) size 6x19
        RenderText {#text} at (6,0) size 6x19
          text run at (6,0) width 6 RTL: "\x{5E0}"
      RenderText {#text} at (11,0) size 8x19
        text run at (11,0) width 8 RTL: "\x{5D1}"
    RenderBlock {DIV} at (0,100) size 26x20
      RenderText {#text} at (0,0) size 7x19
        text run at (0,0) width 7: "\""
      RenderInline {SPAN} at (0,0) size 6x19
        RenderText {#text} at (6,0) size 6x19
          text run at (6,0) width 6 RTL: "\x{5E0}"
      RenderText {#text} at (11,0) size 8x19
        text run at (11,0) width 8: "c"
    RenderBlock {DIV} at (0,120) size 26x20
      RenderText {#text} at (0,0) size 7x19
        text run at (0,0) width 7: "\""
      RenderInline {SPAN} at (0,0) size 9x19
        RenderText {#text} at (6,0) size 9x19
          text run at (6,0) width 9: "b"
      RenderText {#text} at (14,0) size 6x19
        text run at (14,0) width 6: "("
    RenderBlock {DIV} at (0,140) size 26x20
      RenderText {#text} at (0,0) size 7x19
        text run at (0,0) width 7: "\""
      RenderInline {SPAN} at (0,0) size 9x19
        RenderText {#text} at (6,0) size 9x19
          text run at (6,0) width 9: "b"
      RenderText {#text} at (14,0) size 8x19
        text run at (14,0) width 8 RTL: "\x{5D1}"
    RenderBlock {DIV} at (0,160) size 26x20
      RenderText {#text} at (0,0) size 7x19
        text run at (0,0) width 7: "\""
      RenderInline {SPAN} at (0,0) size 9x19
        RenderText {#text} at (6,0) size 9x19
          text run at (6,0) width 9: "b"
      RenderText {#text} at (14,0) size 8x19
        text run at (14,0) width 8: "c"
    RenderBlock {DIV} at (0,180) size 26x20
      RenderText {#text} at (0,0) size 7x19
        text run at (0,0) width 7: "\""
      RenderInline {SPAN} at (0,0) size 6x19
        RenderText {#text} at (6,0) size 6x19
          text run at (6,0) width 6 RTL: ")"
      RenderText {#text} at (11,0) size 7x19
        text run at (11,0) width 7: "("
    RenderBlock {DIV} at (0,200) size 26x20
      RenderText {#text} at (0,0) size 7x19
        text run at (0,0) width 7: "\""
      RenderInline {SPAN} at (0,0) size 6x19
        RenderText {#text} at (6,0) size 6x19
          text run at (6,0) width 6 RTL: ")"
      RenderText {#text} at (11,0) size 9x19
        text run at (11,0) width 9 RTL: "\x{5D1}"
    RenderBlock {DIV} at (0,220) size 26x20
      RenderText {#text} at (0,0) size 7x19
        text run at (0,0) width 7: "\""
      RenderInline {SPAN} at (0,0) size 6x19
        RenderText {#text} at (6,0) size 6x19
          text run at (6,0) width 6 RTL: ")"
      RenderText {#text} at (11,0) size 8x19
        text run at (11,0) width 8: "c"
    RenderBlock {DIV} at (0,240) size 26x20
      RenderText {#text} at (0,0) size 7x19
        text run at (0,0) width 7: "\""
      RenderInline {SPAN} at (0,0) size 6x19
        RenderText {#text} at (6,0) size 6x19
          text run at (6,0) width 6 RTL: "\x{5E0}"
      RenderText {#text} at (11,0) size 6x19
        text run at (11,0) width 6: "("
    RenderBlock {DIV} at (0,260) size 26x20
      RenderText {#text} at (0,0) size 7x19
        text run at (0,0) width 7: "\""
      RenderInline {SPAN} at (0,0) size 6x19
        RenderText {#text} at (6,0) size 6x19
          text run at (6,0) width 6 RTL: "\x{5E0}"
      RenderText {#text} at (11,0) size 8x19
        text run at (11,0) width 8 RTL: "\x{5D1}"
    RenderBlock {DIV} at (0,280) size 26x20
      RenderText {#text} at (0,0) size 7x19
        text run at (0,0) width 7: "\""
      RenderInline {SPAN} at (0,0) size 6x19
        RenderText {#text} at (6,0) size 6x19
          text run at (6,0) width 6 RTL: "\x{5E0}"
      RenderText {#text} at (11,0) size 8x19
        text run at (11,0) width 8: "c"
    RenderBlock {DIV} at (0,300) size 26x20
      RenderText {#text} at (0,0) size 7x19
        text run at (0,0) width 7: "\""
      RenderInline {SPAN} at (0,0) size 9x19
        RenderText {#text} at (6,0) size 9x19
          text run at (6,0) width 9: "b"
      RenderText {#text} at (14,0) size 6x19
        text run at (14,0) width 6: "("
    RenderBlock {DIV} at (0,320) size 26x20
      RenderText {#text} at (0,0) size 7x19
        text run at (0,0) width 7: "\""
      RenderInline {SPAN} at (0,0) size 9x19
        RenderText {#text} at (6,0) size 9x19
          text run at (6,0) width 9: "b"
      RenderText {#text} at (14,0) size 8x19
        text run at (14,0) width 8 RTL: "\x{5D1}"
    RenderBlock {DIV} at (0,340) size 26x20
      RenderText {#text} at (0,0) size 7x19
        text run at (0,0) width 7: "\""
      RenderInline {SPAN} at (0,0) size 9x19
        RenderText {#text} at (6,0) size 9x19
          text run at (6,0) width 9: "b"
      RenderText {#text} at (14,0) size 8x19
        text run at (14,0) width 8: "c"
    RenderBlock {DIV} at (0,360) size 26x20
      RenderText {#text} at (0,0) size 10x19
        text run at (0,0) width 10 RTL: "\x{5E9}"
      RenderInline {SPAN} at (0,0) size 7x19
        RenderText {#text} at (9,0) size 7x19
          text run at (9,0) width 7: ")"
      RenderText {#text} at (15,0) size 6x19
        text run at (15,0) width 6: "("
    RenderBlock {DIV} at (0,380) size 26x20
      RenderText {#text} at (12,0) size 11x19
        text run at (12,0) width 11 RTL: "\x{5E9}"
      RenderInline {SPAN} at (0,0) size 6x19
        RenderText {#text} at (7,0) size 6x19
          text run at (7,0) width 6: ")"
      RenderText {#text} at (0,0) size 8x19
        text run at (0,0) width 8 RTL: "\x{5D1}"
    RenderBlock {DIV} at (0,400) size 26x20
      RenderText {#text} at (0,0) size 10x19
        text run at (0,0) width 10 RTL: "\x{5E9}"
      RenderInline {SPAN} at (0,0) size 7x19
        RenderText {#text} at (9,0) size 7x19
          text run at (9,0) width 7: ")"
      RenderText {#text} at (15,0) size 8x19
        text run at (15,0) width 8: "c"
    RenderBlock {DIV} at (0,420) size 26x20
      RenderText {#text} at (0,0) size 10x19
        text run at (0,0) width 10 RTL: "\x{5E9}"
      RenderInline {SPAN} at (0,0) size 6x19
        RenderText {#text} at (9,0) size 6x19
          text run at (9,0) width 6 RTL: "\x{5E0}"
      RenderText {#text} at (14,0) size 6x19
        text run at (14,0) width 6: "("
    RenderBlock {DIV} at (0,440) size 26x20
      RenderText {#text} at (12,0) size 10x19
        text run at (12,0) width 10 RTL: "\x{5E9}"
      RenderInline {SPAN} at (0,0) size 6x19
        RenderText {#text} at (7,0) size 6x19
          text run at (7,0) width 6 RTL: "\x{5E0}"
      RenderText {#text} at (0,0) size 8x19
        text run at (0,0) width 8 RTL: "\x{5D1}"
    RenderBlock {DIV} at (0,460) size 26x20
      RenderText {#text} at (0,0) size 10x19
        text run at (0,0) width 10 RTL: "\x{5E9}"
      RenderInline {SPAN} at (0,0) size 6x19
        RenderText {#text} at (9,0) size 6x19
          text run at (9,0) width 6 RTL: "\x{5E0}"
      RenderText {#text} at (14,0) size 8x19
        text run at (14,0) width 8: "c"
    RenderBlock {DIV} at (0,480) size 26x20
      RenderText {#text} at (0,0) size 10x19
        text run at (0,0) width 10 RTL: "\x{5E9}"
      RenderInline {SPAN} at (0,0) size 9x19
        RenderText {#text} at (9,0) size 9x19
          text run at (9,0) width 9: "b"
      RenderText {#text} at (17,0) size 7x19
        text run at (17,0) width 7: "("
    RenderBlock {DIV} at (0,500) size 26x20
      RenderText {#text} at (15,0) size 11x19
        text run at (15,0) width 11 RTL: "\x{5E9}"
      RenderInline {SPAN} at (0,0) size 9x19
        RenderText {#text} at (7,0) size 9x19
          text run at (7,0) width 9: "b"
      RenderText {#text} at (0,0) size 8x19
        text run at (0,0) width 8 RTL: "\x{5D1}"
    RenderBlock {DIV} at (0,520) size 26x20
      RenderText {#text} at (0,0) size 10x19
        text run at (0,0) width 10 RTL: "\x{5E9}"
      RenderInline {SPAN} at (0,0) size 9x19
        RenderText {#text} at (9,0) size 9x19
          text run at (9,0) width 9: "b"
      RenderText {#text} at (17,0) size 8x19
        text run at (17,0) width 8: "c"
    RenderBlock {DIV} at (0,540) size 26x20
      RenderText {#text} at (0,0) size 10x19
        text run at (0,0) width 10 RTL: "\x{5E9}"
      RenderInline {SPAN} at (0,0) size 7x19
        RenderText {#text} at (9,0) size 7x19
          text run at (9,0) width 7 RTL: ")"
      RenderText {#text} at (15,0) size 6x19
        text run at (15,0) width 6: "("
    RenderBlock {DIV} at (0,560) size 26x20
      RenderText {#text} at (12,0) size 11x19
        text run at (12,0) width 11 RTL: "\x{5E9}"
      RenderInline {SPAN} at (0,0) size 6x19
        RenderText {#text} at (7,0) size 6x19
          text run at (7,0) width 6 RTL: ")"
      RenderText {#text} at (0,0) size 8x19
        text run at (0,0) width 8 RTL: "\x{5D1}"
    RenderBlock {DIV} at (0,580) size 26x20
      RenderText {#text} at (0,0) size 10x19
        text run at (0,0) width 10 RTL: "\x{5E9}"
      RenderInline {SPAN} at (0,0) size 7x19
        RenderText {#text} at (9,0) size 7x19
          text run at (9,0) width 7 RTL: ")"
      RenderText {#text} at (15,0) size 8x19
        text run at (15,0) width 8: "c"
    RenderBlock {DIV} at (0,600) size 26x20
      RenderText {#text} at (0,0) size 10x19
        text run at (0,0) width 10 RTL: "\x{5E9}"
      RenderInline {SPAN} at (0,0) size 6x19
        RenderText {#text} at (9,0) size 6x19
          text run at (9,0) width 6 RTL: "\x{5E0}"
      RenderText {#text} at (14,0) size 6x19
        text run at (14,0) width 6: "("
    RenderBlock {DIV} at (0,620) size 26x20
      RenderText {#text} at (12,0) size 10x19
        text run at (12,0) width 10 RTL: "\x{5E9}"
      RenderInline {SPAN} at (0,0) size 6x19
        RenderText {#text} at (7,0) size 6x19
          text run at (7,0) width 6 RTL: "\x{5E0}"
      RenderText {#text} at (0,0) size 8x19
        text run at (0,0) width 8 RTL: "\x{5D1}"
    RenderBlock {DIV} at (0,640) size 26x20
      RenderText {#text} at (0,0) size 10x19
        text run at (0,0) width 10 RTL: "\x{5E9}"
      RenderInline {SPAN} at (0,0) size 6x19
        RenderText {#text} at (9,0) size 6x19
          text run at (9,0) width 6 RTL: "\x{5E0}"
      RenderText {#text} at (14,0) size 8x19
        text run at (14,0) width 8: "c"
    RenderBlock {DIV} at (0,660) size 26x20
      RenderText {#text} at (0,0) size 10x19
        text run at (0,0) width 10 RTL: "\x{5E9}"
      RenderInline {SPAN} at (0,0) size 9x19
        RenderText {#text} at (9,0) size 9x19
          text run at (9,0) width 9: "b"
      RenderText {#text} at (17,0) size 7x19
        text run at (17,0) width 7: "("
    RenderBlock {DIV} at (0,680) size 26x20
      RenderText {#text} at (15,0) size 11x19
        text run at (15,0) width 11 RTL: "\x{5E9}"
      RenderInline {SPAN} at (0,0) size 9x19
        RenderText {#text} at (7,0) size 9x19
          text run at (7,0) width 9: "b"
      RenderText {#text} at (0,0) size 8x19
        text run at (0,0) width 8 RTL: "\x{5D1}"
    RenderBlock {DIV} at (0,700) size 26x20
      RenderText {#text} at (0,0) size 10x19
        text run at (0,0) width 10 RTL: "\x{5E9}"
      RenderInline {SPAN} at (0,0) size 9x19
        RenderText {#text} at (9,0) size 9x19
          text run at (9,0) width 9: "b"
      RenderText {#text} at (17,0) size 8x19
        text run at (17,0) width 8: "c"
    RenderBlock {DIV} at (0,720) size 26x20
      RenderText {#text} at (0,0) size 8x19
        text run at (0,0) width 8: "a"
      RenderInline {SPAN} at (0,0) size 6x19
        RenderText {#text} at (7,0) size 6x19
          text run at (7,0) width 6: ")"
      RenderText {#text} at (12,0) size 6x19
        text run at (12,0) width 6: "("
    RenderBlock {DIV} at (0,740) size 26x20
      RenderText {#text} at (0,0) size 8x19
        text run at (0,0) width 8: "a"
      RenderInline {SPAN} at (0,0) size 6x19
        RenderText {#text} at (7,0) size 6x19
          text run at (7,0) width 6: ")"
      RenderText {#text} at (12,0) size 8x19
        text run at (12,0) width 8 RTL: "\x{5D1}"
    RenderBlock {DIV} at (0,760) size 26x20
      RenderText {#text} at (0,0) size 8x19
        text run at (0,0) width 8: "a"
      RenderInline {SPAN} at (0,0) size 6x19
        RenderText {#text} at (7,0) size 6x19
          text run at (7,0) width 6: ")"
      RenderText {#text} at (12,0) size 8x19
        text run at (12,0) width 8: "c"
    RenderBlock {DIV} at (0,780) size 26x20
      RenderText {#text} at (0,0) size 8x19
        text run at (0,0) width 8: "a"
      RenderInline {SPAN} at (0,0) size 5x19
        RenderText {#text} at (7,0) size 5x19
          text run at (7,0) width 5 RTL: "\x{5E0}"
      RenderText {#text} at (11,0) size 7x19
        text run at (11,0) width 7: "("
    RenderBlock {DIV} at (0,800) size 26x20
      RenderText {#text} at (0,0) size 8x19
        text run at (0,0) width 8: "a"
      RenderInline {SPAN} at (0,0) size 5x19
        RenderText {#text} at (7,0) size 5x19
          text run at (7,0) width 5 RTL: "\x{5E0}"
      RenderText {#text} at (11,0) size 9x19
        text run at (11,0) width 9 RTL: "\x{5D1}"
    RenderBlock {DIV} at (0,820) size 26x20
      RenderText {#text} at (0,0) size 8x19
        text run at (0,0) width 8: "a"
      RenderInline {SPAN} at (0,0) size 5x19
        RenderText {#text} at (7,0) size 5x19
          text run at (7,0) width 5 RTL: "\x{5E0}"
      RenderText {#text} at (11,0) size 9x19
        text run at (11,0) width 9: "c"
    RenderBlock {DIV} at (0,840) size 26x20
      RenderText {#text} at (0,0) size 8x19
        text run at (0,0) width 8: "a"
      RenderInline {SPAN} at (0,0) size 9x19
        RenderText {#text} at (7,0) size 9x19
          text run at (7,0) width 9: "b"
      RenderText {#text} at (15,0) size 6x19
        text run at (15,0) width 6: "("
    RenderBlock {DIV} at (0,860) size 26x20
      RenderText {#text} at (0,0) size 8x19
        text run at (0,0) width 8: "a"
      RenderInline {SPAN} at (0,0) size 9x19
        RenderText {#text} at (7,0) size 9x19
          text run at (7,0) width 9: "b"
      RenderText {#text} at (15,0) size 8x19
        text run at (15,0) width 8 RTL: "\x{5D1}"
    RenderBlock {DIV} at (0,880) size 26x20
      RenderText {#text} at (0,0) size 8x19
        text run at (0,0) width 8: "a"
      RenderInline {SPAN} at (0,0) size 9x19
        RenderText {#text} at (7,0) size 9x19
          text run at (7,0) width 9: "b"
      RenderText {#text} at (15,0) size 8x19
        text run at (15,0) width 8: "c"
    RenderBlock {DIV} at (0,900) size 26x20
      RenderText {#text} at (0,0) size 8x19
        text run at (0,0) width 8: "a"
      RenderInline {SPAN} at (0,0) size 6x19
        RenderText {#text} at (7,0) size 6x19
          text run at (7,0) width 6 RTL: ")"
      RenderText {#text} at (12,0) size 6x19
        text run at (12,0) width 6: "("
    RenderBlock {DIV} at (0,920) size 26x20
      RenderText {#text} at (0,0) size 8x19
        text run at (0,0) width 8: "a"
      RenderInline {SPAN} at (0,0) size 6x19
        RenderText {#text} at (7,0) size 6x19
          text run at (7,0) width 6 RTL: ")"
      RenderText {#text} at (12,0) size 8x19
        text run at (12,0) width 8 RTL: "\x{5D1}"
    RenderBlock {DIV} at (0,940) size 26x20
      RenderText {#text} at (0,0) size 8x19
        text run at (0,0) width 8: "a"
      RenderInline {SPAN} at (0,0) size 6x19
        RenderText {#text} at (7,0) size 6x19
          text run at (7,0) width 6 RTL: ")"
      RenderText {#text} at (12,0) size 8x19
        text run at (12,0) width 8: "c"
    RenderBlock {DIV} at (0,960) size 26x20
      RenderText {#text} at (0,0) size 8x19
        text run at (0,0) width 8: "a"
      RenderInline {SPAN} at (0,0) size 5x19
        RenderText {#text} at (7,0) size 5x19
          text run at (7,0) width 5 RTL: "\x{5E0}"
      RenderText {#text} at (11,0) size 7x19
        text run at (11,0) width 7: "("
    RenderBlock {DIV} at (0,980) size 26x20
      RenderText {#text} at (0,0) size 8x19
        text run at (0,0) width 8: "a"
      RenderInline {SPAN} at (0,0) size 5x19
        RenderText {#text} at (7,0) size 5x19
          text run at (7,0) width 5 RTL: "\x{5E0}"
      RenderText {#text} at (11,0) size 9x19
        text run at (11,0) width 9 RTL: "\x{5D1}"
    RenderBlock {DIV} at (0,1000) size 26x20
      RenderText {#text} at (0,0) size 8x19
        text run at (0,0) width 8: "a"
      RenderInline {SPAN} at (0,0) size 5x19
        RenderText {#text} at (7,0) size 5x19
          text run at (7,0) width 5 RTL: "\x{5E0}"
      RenderText {#text} at (11,0) size 9x19
        text run at (11,0) width 9: "c"
    RenderBlock {DIV} at (0,1020) size 26x20
      RenderText {#text} at (0,0) size 8x19
        text run at (0,0) width 8: "a"
      RenderInline {SPAN} at (0,0) size 9x19
        RenderText {#text} at (7,0) size 9x19
          text run at (7,0) width 9: "b"
      RenderText {#text} at (15,0) size 6x19
        text run at (15,0) width 6: "("
    RenderBlock {DIV} at (0,1040) size 26x20
      RenderText {#text} at (0,0) size 8x19
        text run at (0,0) width 8: "a"
      RenderInline {SPAN} at (0,0) size 9x19
        RenderText {#text} at (7,0) size 9x19
          text run at (7,0) width 9: "b"
      RenderText {#text} at (15,0) size 8x19
        text run at (15,0) width 8 RTL: "\x{5D1}"
    RenderBlock {DIV} at (0,1060) size 26x20
      RenderText {#text} at (0,0) size 8x19
        text run at (0,0) width 8: "a"
      RenderInline {SPAN} at (0,0) size 9x19
        RenderText {#text} at (7,0) size 9x19
          text run at (7,0) width 9: "b"
      RenderText {#text} at (15,0) size 8x19
        text run at (15,0) width 8: "c"
    RenderBlock {DIV} at (0,1080) size 26x20
      RenderText {#text} at (18,0) size 8x19
        text run at (18,0) width 8 RTL: "\""
      RenderInline {SPAN} at (0,0) size 6x19
        RenderText {#text} at (13,0) size 6x19
          text run at (13,0) width 6: ")"
      RenderText {#text} at (7,0) size 7x19
        text run at (7,0) width 7 RTL: "("
    RenderBlock {DIV} at (0,1100) size 26x20
      RenderText {#text} at (18,0) size 8x19
        text run at (18,0) width 8 RTL: "\""
      RenderInline {SPAN} at (0,0) size 6x19
        RenderText {#text} at (13,0) size 6x19
          text run at (13,0) width 6: ")"
      RenderText {#text} at (5,0) size 9x19
        text run at (5,0) width 9 RTL: "\x{5D1}"
    RenderBlock {DIV} at (0,1120) size 26x20
      RenderText {#text} at (18,0) size 8x19
        text run at (18,0) width 8 RTL: "\""
      RenderInline {SPAN} at (0,0) size 6x19
        RenderText {#text} at (13,0) size 6x19
          text run at (13,0) width 6: ")"
      RenderText {#text} at (6,0) size 8x19
        text run at (6,0) width 8: "c"
    RenderBlock {DIV} at (0,1140) size 26x20
      RenderText {#text} at (18,0) size 8x19
        text run at (18,0) width 8 RTL: "\""
      RenderInline {SPAN} at (0,0) size 6x19
        RenderText {#text} at (13,0) size 6x19
          text run at (13,0) width 6 RTL: "\x{5E0}"
      RenderText {#text} at (8,0) size 6x19
        text run at (8,0) width 6 RTL: "("
    RenderBlock {DIV} at (0,1160) size 26x20
      RenderText {#text} at (18,0) size 8x19
        text run at (18,0) width 8 RTL: "\""
      RenderInline {SPAN} at (0,0) size 6x19
        RenderText {#text} at (13,0) size 6x19
          text run at (13,0) width 6 RTL: "\x{5E0}"
      RenderText {#text} at (6,0) size 8x19
        text run at (6,0) width 8 RTL: "\x{5D1}"
    RenderBlock {DIV} at (0,1180) size 26x20
      RenderText {#text} at (18,0) size 8x19
        text run at (18,0) width 8 RTL: "\""
      RenderInline {SPAN} at (0,0) size 6x19
        RenderText {#text} at (13,0) size 6x19
          text run at (13,0) width 6 RTL: "\x{5E0}"
      RenderText {#text} at (6,0) size 8x19
        text run at (6,0) width 8: "c"
    RenderBlock {DIV} at (0,1200) size 26x20
      RenderText {#text} at (18,0) size 8x19
        text run at (18,0) width 8 RTL: "\""
      RenderInline {SPAN} at (0,0) size 9x19
        RenderText {#text} at (10,0) size 9x19
          text run at (10,0) width 9: "b"
      RenderText {#text} at (5,0) size 6x19
        text run at (5,0) width 6 RTL: "("
    RenderBlock {DIV} at (0,1220) size 26x20
      RenderText {#text} at (18,0) size 8x19
        text run at (18,0) width 8 RTL: "\""
      RenderInline {SPAN} at (0,0) size 9x19
        RenderText {#text} at (10,0) size 9x19
          text run at (10,0) width 9: "b"
      RenderText {#text} at (3,0) size 8x19
        text run at (3,0) width 8 RTL: "\x{5D1}"
    RenderBlock {DIV} at (0,1240) size 26x20
      RenderText {#text} at (18,0) size 8x19
        text run at (18,0) width 8 RTL: "\""
      RenderInline {SPAN} at (0,0) size 9x19
        RenderText {#text} at (10,0) size 9x19
          text run at (10,0) width 9: "b"
      RenderText {#text} at (3,0) size 8x19
        text run at (3,0) width 8: "c"
    RenderBlock {DIV} at (0,1260) size 26x20
      RenderText {#text} at (18,0) size 8x19
        text run at (18,0) width 8 RTL: "\""
      RenderInline {SPAN} at (0,0) size 6x19
        RenderText {#text} at (13,0) size 6x19
          text run at (13,0) width 6 RTL: ")"
      RenderText {#text} at (7,0) size 7x19
        text run at (7,0) width 7 RTL: "("
    RenderBlock {DIV} at (0,1280) size 26x20
      RenderText {#text} at (18,0) size 8x19
        text run at (18,0) width 8 RTL: "\""
      RenderInline {SPAN} at (0,0) size 6x19
        RenderText {#text} at (13,0) size 6x19
          text run at (13,0) width 6 RTL: ")"
      RenderText {#text} at (5,0) size 9x19
        text run at (5,0) width 9 RTL: "\x{5D1}"
    RenderBlock {DIV} at (0,1300) size 26x20
      RenderText {#text} at (18,0) size 8x19
        text run at (18,0) width 8 RTL: "\""
      RenderInline {SPAN} at (0,0) size 6x19
        RenderText {#text} at (13,0) size 6x19
          text run at (13,0) width 6 RTL: ")"
      RenderText {#text} at (6,0) size 8x19
        text run at (6,0) width 8: "c"
    RenderBlock {DIV} at (0,1320) size 26x20
      RenderText {#text} at (18,0) size 8x19
        text run at (18,0) width 8 RTL: "\""
      RenderInline {SPAN} at (0,0) size 6x19
        RenderText {#text} at (13,0) size 6x19
          text run at (13,0) width 6 RTL: "\x{5E0}"
      RenderText {#text} at (8,0) size 6x19
        text run at (8,0) width 6 RTL: "("
    RenderBlock {DIV} at (0,1340) size 26x20
      RenderText {#text} at (18,0) size 8x19
        text run at (18,0) width 8 RTL: "\""
      RenderInline {SPAN} at (0,0) size 6x19
        RenderText {#text} at (13,0) size 6x19
          text run at (13,0) width 6 RTL: "\x{5E0}"
      RenderText {#text} at (6,0) size 8x19
        text run at (6,0) width 8 RTL: "\x{5D1}"
    RenderBlock {DIV} at (0,1360) size 26x20
      RenderText {#text} at (18,0) size 8x19
        text run at (18,0) width 8 RTL: "\""
      RenderInline {SPAN} at (0,0) size 6x19
        RenderText {#text} at (13,0) size 6x19
          text run at (13,0) width 6 RTL: "\x{5E0}"
      RenderText {#text} at (6,0) size 8x19
        text run at (6,0) width 8: "c"
    RenderBlock {DIV} at (0,1380) size 26x20
      RenderText {#text} at (18,0) size 8x19
        text run at (18,0) width 8 RTL: "\""
      RenderInline {SPAN} at (0,0) size 9x19
        RenderText {#text} at (10,0) size 9x19
          text run at (10,0) width 9: "b"
      RenderText {#text} at (5,0) size 6x19
        text run at (5,0) width 6 RTL: "("
    RenderBlock {DIV} at (0,1400) size 26x20
      RenderText {#text} at (18,0) size 8x19
        text run at (18,0) width 8 RTL: "\""
      RenderInline {SPAN} at (0,0) size 9x19
        RenderText {#text} at (10,0) size 9x19
          text run at (10,0) width 9: "b"
      RenderText {#text} at (3,0) size 8x19
        text run at (3,0) width 8 RTL: "\x{5D1}"
    RenderBlock {DIV} at (0,1420) size 26x20
      RenderText {#text} at (18,0) size 8x19
        text run at (18,0) width 8 RTL: "\""
      RenderInline {SPAN} at (0,0) size 9x19
        RenderText {#text} at (10,0) size 9x19
          text run at (10,0) width 9: "b"
      RenderText {#text} at (3,0) size 8x19
        text run at (3,0) width 8: "c"
    RenderBlock {DIV} at (0,1440) size 26x20
      RenderText {#text} at (15,0) size 11x19
        text run at (15,0) width 11 RTL: "\x{5E9}"
      RenderInline {SPAN} at (0,0) size 7x19
        RenderText {#text} at (9,0) size 7x19
          text run at (9,0) width 7: ")"
      RenderText {#text} at (4,0) size 6x19
        text run at (4,0) width 6 RTL: "("
    RenderBlock {DIV} at (0,1460) size 26x20
      RenderText {#text} at (15,0) size 11x19
        text run at (15,0) width 11 RTL: "\x{5E9}"
      RenderInline {SPAN} at (0,0) size 7x19
        RenderText {#text} at (9,0) size 7x19
          text run at (9,0) width 7: ")"
      RenderText {#text} at (2,0) size 8x19
        text run at (2,0) width 8 RTL: "\x{5D1}"
    RenderBlock {DIV} at (0,1480) size 26x20
      RenderText {#text} at (15,0) size 11x19
        text run at (15,0) width 11 RTL: "\x{5E9}"
      RenderInline {SPAN} at (0,0) size 7x19
        RenderText {#text} at (9,0) size 7x19
          text run at (9,0) width 7: ")"
      RenderText {#text} at (2,0) size 8x19
        text run at (2,0) width 8: "c"
    RenderBlock {DIV} at (0,1500) size 26x20
      RenderText {#text} at (15,0) size 11x19
        text run at (15,0) width 11 RTL: "\x{5E9}"
      RenderInline {SPAN} at (0,0) size 6x19
        RenderText {#text} at (10,0) size 6x19
          text run at (10,0) width 6 RTL: "\x{5E0}"
      RenderText {#text} at (5,0) size 6x19
        text run at (5,0) width 6 RTL: "("
    RenderBlock {DIV} at (0,1520) size 26x20
      RenderText {#text} at (15,0) size 11x19
        text run at (15,0) width 11 RTL: "\x{5E9}"
      RenderInline {SPAN} at (0,0) size 6x19
        RenderText {#text} at (10,0) size 6x19
          text run at (10,0) width 6 RTL: "\x{5E0}"
      RenderText {#text} at (3,0) size 8x19
        text run at (3,0) width 8 RTL: "\x{5D1}"
    RenderBlock {DIV} at (0,1540) size 26x20
      RenderText {#text} at (15,0) size 11x19
        text run at (15,0) width 11 RTL: "\x{5E9}"
      RenderInline {SPAN} at (0,0) size 6x19
        RenderText {#text} at (10,0) size 6x19
          text run at (10,0) width 6 RTL: "\x{5E0}"
      RenderText {#text} at (3,0) size 8x19
        text run at (3,0) width 8: "c"
    RenderBlock {DIV} at (0,1560) size 26x20
      RenderText {#text} at (15,0) size 11x19
        text run at (15,0) width 11 RTL: "\x{5E9}"
      RenderInline {SPAN} at (0,0) size 9x19
        RenderText {#text} at (7,0) size 9x19
          text run at (7,0) width 9: "b"
      RenderText {#text} at (1,0) size 7x19
        text run at (1,0) width 7 RTL: "("
    RenderBlock {DIV} at (0,1580) size 26x20
      RenderText {#text} at (15,0) size 11x19
        text run at (15,0) width 11 RTL: "\x{5E9}"
      RenderInline {SPAN} at (0,0) size 9x19
        RenderText {#text} at (7,0) size 9x19
          text run at (7,0) width 9: "b"
      RenderText {#text} at (0,0) size 8x19
        text run at (0,0) width 8 RTL: "\x{5D1}"
    RenderBlock {DIV} at (0,1600) size 26x20
      RenderText {#text} at (15,0) size 11x19
        text run at (15,0) width 11 RTL: "\x{5E9}"
      RenderInline {SPAN} at (0,0) size 9x19
        RenderText {#text} at (7,0) size 9x19
          text run at (7,0) width 9: "b"
      RenderText {#text} at (0,0) size 8x19
        text run at (0,0) width 8: "c"
    RenderBlock {DIV} at (0,1620) size 26x20
      RenderText {#text} at (15,0) size 11x19
        text run at (15,0) width 11 RTL: "\x{5E9}"
      RenderInline {SPAN} at (0,0) size 7x19
        RenderText {#text} at (9,0) size 7x19
          text run at (9,0) width 7 RTL: ")"
      RenderText {#text} at (4,0) size 6x19
        text run at (4,0) width 6 RTL: "("
    RenderBlock {DIV} at (0,1640) size 26x20
      RenderText {#text} at (15,0) size 11x19
        text run at (15,0) width 11 RTL: "\x{5E9}"
      RenderInline {SPAN} at (0,0) size 7x19
        RenderText {#text} at (9,0) size 7x19
          text run at (9,0) width 7 RTL: ")"
      RenderText {#text} at (2,0) size 8x19
        text run at (2,0) width 8 RTL: "\x{5D1}"
    RenderBlock {DIV} at (0,1660) size 26x20
      RenderText {#text} at (15,0) size 11x19
        text run at (15,0) width 11 RTL: "\x{5E9}"
      RenderInline {SPAN} at (0,0) size 7x19
        RenderText {#text} at (9,0) size 7x19
          text run at (9,0) width 7 RTL: ")"
      RenderText {#text} at (2,0) size 8x19
        text run at (2,0) width 8: "c"
    RenderBlock {DIV} at (0,1680) size 26x20
      RenderText {#text} at (15,0) size 11x19
        text run at (15,0) width 11 RTL: "\x{5E9}"
      RenderInline {SPAN} at (0,0) size 6x19
        RenderText {#text} at (10,0) size 6x19
          text run at (10,0) width 6 RTL: "\x{5E0}"
      RenderText {#text} at (5,0) size 6x19
        text run at (5,0) width 6 RTL: "("
    RenderBlock {DIV} at (0,1700) size 26x20
      RenderText {#text} at (15,0) size 11x19
        text run at (15,0) width 11 RTL: "\x{5E9}"
      RenderInline {SPAN} at (0,0) size 6x19
        RenderText {#text} at (10,0) size 6x19
          text run at (10,0) width 6 RTL: "\x{5E0}"
      RenderText {#text} at (3,0) size 8x19
        text run at (3,0) width 8 RTL: "\x{5D1}"
    RenderBlock {DIV} at (0,1720) size 26x20
      RenderText {#text} at (15,0) size 11x19
        text run at (15,0) width 11 RTL: "\x{5E9}"
      RenderInline {SPAN} at (0,0) size 6x19
        RenderText {#text} at (10,0) size 6x19
          text run at (10,0) width 6 RTL: "\x{5E0}"
      RenderText {#text} at (3,0) size 8x19
        text run at (3,0) width 8: "c"
    RenderBlock {DIV} at (0,1740) size 26x20
      RenderText {#text} at (15,0) size 11x19
        text run at (15,0) width 11 RTL: "\x{5E9}"
      RenderInline {SPAN} at (0,0) size 9x19
        RenderText {#text} at (7,0) size 9x19
          text run at (7,0) width 9: "b"
      RenderText {#text} at (1,0) size 7x19
        text run at (1,0) width 7 RTL: "("
    RenderBlock {DIV} at (0,1760) size 26x20
      RenderText {#text} at (15,0) size 11x19
        text run at (15,0) width 11 RTL: "\x{5E9}"
      RenderInline {SPAN} at (0,0) size 9x19
        RenderText {#text} at (7,0) size 9x19
          text run at (7,0) width 9: "b"
      RenderText {#text} at (0,0) size 8x19
        text run at (0,0) width 8 RTL: "\x{5D1}"
    RenderBlock {DIV} at (0,1780) size 26x20
      RenderText {#text} at (15,0) size 11x19
        text run at (15,0) width 11 RTL: "\x{5E9}"
      RenderInline {SPAN} at (0,0) size 9x19
        RenderText {#text} at (7,0) size 9x19
          text run at (7,0) width 9: "b"
      RenderText {#text} at (0,0) size 8x19
        text run at (0,0) width 8: "c"
    RenderBlock {DIV} at (0,1800) size 26x20
      RenderText {#text} at (17,0) size 9x19
        text run at (17,0) width 9: "a"
      RenderInline {SPAN} at (0,0) size 6x19
        RenderText {#text} at (12,0) size 6x19
          text run at (12,0) width 6: ")"
      RenderText {#text} at (7,0) size 6x19
        text run at (7,0) width 6 RTL: "("
    RenderBlock {DIV} at (0,1820) size 26x20
      RenderText {#text} at (17,0) size 9x19
        text run at (17,0) width 9: "a"
      RenderInline {SPAN} at (0,0) size 6x19
        RenderText {#text} at (12,0) size 6x19
          text run at (12,0) width 6: ")"
      RenderText {#text} at (5,0) size 8x19
        text run at (5,0) width 8 RTL: "\x{5D1}"
    RenderBlock {DIV} at (0,1840) size 26x20
      RenderText {#text} at (5,0) size 8x19
        text run at (5,0) width 8: "a"
      RenderInline {SPAN} at (0,0) size 6x19
        RenderText {#text} at (12,0) size 6x19
          text run at (12,0) width 6: ")"
      RenderText {#text} at (17,0) size 9x19
        text run at (17,0) width 9: "c"
    RenderBlock {DIV} at (0,1860) size 26x20
      RenderText {#text} at (17,0) size 9x19
        text run at (17,0) width 9: "a"
      RenderInline {SPAN} at (0,0) size 5x19
        RenderText {#text} at (13,0) size 5x19
          text run at (13,0) width 5 RTL: "\x{5E0}"
      RenderText {#text} at (7,0) size 7x19
        text run at (7,0) width 7 RTL: "("
    RenderBlock {DIV} at (0,1880) size 26x20
      RenderText {#text} at (17,0) size 9x19
        text run at (17,0) width 9: "a"
      RenderInline {SPAN} at (0,0) size 5x19
        RenderText {#text} at (13,0) size 5x19
          text run at (13,0) width 5 RTL: "\x{5E0}"
      RenderText {#text} at (5,0) size 9x19
        text run at (5,0) width 9 RTL: "\x{5D1}"
    RenderBlock {DIV} at (0,1900) size 26x20
      RenderText {#text} at (5,0) size 9x19
        text run at (5,0) width 9: "a"
      RenderInline {SPAN} at (0,0) size 5x19
        RenderText {#text} at (13,0) size 5x19
          text run at (13,0) width 5 RTL: "\x{5E0}"
      RenderText {#text} at (17,0) size 9x19
        text run at (17,0) width 9: "c"
    RenderBlock {DIV} at (0,1920) size 26x20
      RenderText {#text} at (17,0) size 9x19
        text run at (17,0) width 9: "a"
      RenderInline {SPAN} at (0,0) size 9x19
        RenderText {#text} at (9,0) size 9x19
          text run at (9,0) width 9: "b"
      RenderText {#text} at (4,0) size 6x19
        text run at (4,0) width 6 RTL: "("
    RenderBlock {DIV} at (0,1940) size 26x20
      RenderText {#text} at (17,0) size 9x19
        text run at (17,0) width 9: "a"
      RenderInline {SPAN} at (0,0) size 9x19
        RenderText {#text} at (9,0) size 9x19
          text run at (9,0) width 9: "b"
      RenderText {#text} at (2,0) size 8x19
        text run at (2,0) width 8 RTL: "\x{5D1}"
    RenderBlock {DIV} at (0,1960) size 26x20
      RenderText {#text} at (2,0) size 8x19
        text run at (2,0) width 8: "a"
      RenderInline {SPAN} at (0,0) size 9x19
        RenderText {#text} at (9,0) size 9x19
          text run at (9,0) width 9: "b"
      RenderText {#text} at (17,0) size 9x19
        text run at (17,0) width 9: "c"
    RenderBlock {DIV} at (0,1980) size 26x20
      RenderText {#text} at (17,0) size 9x19
        text run at (17,0) width 9: "a"
      RenderInline {SPAN} at (0,0) size 6x19
        RenderText {#text} at (12,0) size 6x19
          text run at (12,0) width 6 RTL: ")"
      RenderText {#text} at (7,0) size 6x19
        text run at (7,0) width 6 RTL: "("
    RenderBlock {DIV} at (0,2000) size 26x20
      RenderText {#text} at (17,0) size 9x19
        text run at (17,0) width 9: "a"
      RenderInline {SPAN} at (0,0) size 6x19
        RenderText {#text} at (12,0) size 6x19
          text run at (12,0) width 6 RTL: ")"
      RenderText {#text} at (5,0) size 8x19
        text run at (5,0) width 8 RTL: "\x{5D1}"
    RenderBlock {DIV} at (0,2020) size 26x20
      RenderText {#text} at (5,0) size 8x19
        text run at (5,0) width 8: "a"
      RenderInline {SPAN} at (0,0) size 6x19
        RenderText {#text} at (12,0) size 6x19
          text run at (12,0) width 6 RTL: ")"
      RenderText {#text} at (17,0) size 9x19
        text run at (17,0) width 9: "c"
    RenderBlock {DIV} at (0,2040) size 26x20
      RenderText {#text} at (17,0) size 9x19
        text run at (17,0) width 9: "a"
      RenderInline {SPAN} at (0,0) size 5x19
        RenderText {#text} at (13,0) size 5x19
          text run at (13,0) width 5 RTL: "\x{5E0}"
      RenderText {#text} at (7,0) size 7x19
        text run at (7,0) width 7 RTL: "("
    RenderBlock {DIV} at (0,2060) size 26x20
      RenderText {#text} at (17,0) size 9x19
        text run at (17,0) width 9: "a"
      RenderInline {SPAN} at (0,0) size 5x19
        RenderText {#text} at (13,0) size 5x19
          text run at (13,0) width 5 RTL: "\x{5E0}"
      RenderText {#text} at (5,0) size 9x19
        text run at (5,0) width 9 RTL: "\x{5D1}"
    RenderBlock {DIV} at (0,2080) size 26x20
      RenderText {#text} at (5,0) size 9x19
        text run at (5,0) width 9: "a"
      RenderInline {SPAN} at (0,0) size 5x19
        RenderText {#text} at (13,0) size 5x19
          text run at (13,0) width 5 RTL: "\x{5E0}"
      RenderText {#text} at (17,0) size 9x19
        text run at (17,0) width 9: "c"
    RenderBlock {DIV} at (0,2100) size 26x20
      RenderText {#text} at (17,0) size 9x19
        text run at (17,0) width 9: "a"
      RenderInline {SPAN} at (0,0) size 9x19
        RenderText {#text} at (9,0) size 9x19
          text run at (9,0) width 9: "b"
      RenderText {#text} at (4,0) size 6x19
        text run at (4,0) width 6 RTL: "("
    RenderBlock {DIV} at (0,2120) size 26x20
      RenderText {#text} at (17,0) size 9x19
        text run at (17,0) width 9: "a"
      RenderInline {SPAN} at (0,0) size 9x19
        RenderText {#text} at (9,0) size 9x19
          text run at (9,0) width 9: "b"
      RenderText {#text} at (2,0) size 8x19
        text run at (2,0) width 8 RTL: "\x{5D1}"
    RenderBlock {DIV} at (0,2140) size 26x20
      RenderText {#text} at (2,0) size 8x19
        text run at (2,0) width 8: "a"
      RenderInline {SPAN} at (0,0) size 9x19
        RenderText {#text} at (9,0) size 9x19
          text run at (9,0) width 9: "b"
      RenderText {#text} at (17,0) size 9x19
        text run at (17,0) width 9: "c"
layer at (8,68) size 25x400
  RenderBlock (positioned) {DIV} at (0,0) size 26x400 [color=#008000]
    RenderMultiColumnSet at (0,0) size 26x400
layer at (8,68) size 25x2160 backgroundClip at (0,0) size 800x600 clip at (0,0) size 800x600
  RenderMultiColumnFlowThread at (0,0) size 26x2160
    RenderBlock {DIV} at (0,0) size 26x20
      RenderText {#text} at (0,0) size 7x19
        text run at (0,0) width 7: "\""
      RenderBlock {SPAN} at (6,0) size 6x20
        RenderText {#text} at (0,0) size 6x19
          text run at (0,0) width 6: ")"
      RenderText {#text} at (11,0) size 7x19
        text run at (11,0) width 7: "("
    RenderBlock {DIV} at (0,20) size 26x20
      RenderText {#text} at (0,0) size 7x19
        text run at (0,0) width 7: "\""
      RenderBlock {SPAN} at (6,0) size 6x20
        RenderText {#text} at (0,0) size 6x19
          text run at (0,0) width 6: ")"
      RenderText {#text} at (11,0) size 9x19
        text run at (11,0) width 9 RTL: "\x{5D1}"
    RenderBlock {DIV} at (0,40) size 26x20
      RenderText {#text} at (0,0) size 7x19
        text run at (0,0) width 7: "\""
      RenderBlock {SPAN} at (6,0) size 6x20
        RenderText {#text} at (0,0) size 6x19
          text run at (0,0) width 6: ")"
      RenderText {#text} at (11,0) size 8x19
        text run at (11,0) width 8: "c"
    RenderBlock {DIV} at (0,60) size 26x20
      RenderText {#text} at (0,0) size 7x19
        text run at (0,0) width 7: "\""
      RenderBlock {SPAN} at (6,0) size 6x20
        RenderText {#text} at (0,0) size 5x19
          text run at (0,0) width 5 RTL: "\x{5E0}"
      RenderText {#text} at (11,0) size 6x19
        text run at (11,0) width 6: "("
    RenderBlock {DIV} at (0,80) size 26x20
      RenderText {#text} at (0,0) size 7x19
        text run at (0,0) width 7: "\""
      RenderBlock {SPAN} at (6,0) size 6x20
        RenderText {#text} at (0,0) size 5x19
          text run at (0,0) width 5 RTL: "\x{5E0}"
      RenderText {#text} at (11,0) size 8x19
        text run at (11,0) width 8 RTL: "\x{5D1}"
    RenderBlock {DIV} at (0,100) size 26x20
      RenderText {#text} at (0,0) size 7x19
        text run at (0,0) width 7: "\""
      RenderBlock {SPAN} at (6,0) size 6x20
        RenderText {#text} at (0,0) size 5x19
          text run at (0,0) width 5 RTL: "\x{5E0}"
      RenderText {#text} at (11,0) size 8x19
        text run at (11,0) width 8: "c"
    RenderBlock {DIV} at (0,120) size 26x20
      RenderText {#text} at (0,0) size 7x19
        text run at (0,0) width 7: "\""
      RenderBlock {SPAN} at (6,0) size 9x20
        RenderText {#text} at (0,0) size 8x19
          text run at (0,0) width 8: "b"
      RenderText {#text} at (14,0) size 6x19
        text run at (14,0) width 6: "("
    RenderBlock {DIV} at (0,140) size 26x20
      RenderText {#text} at (0,0) size 7x19
        text run at (0,0) width 7: "\""
      RenderBlock {SPAN} at (6,0) size 9x20
        RenderText {#text} at (0,0) size 8x19
          text run at (0,0) width 8: "b"
      RenderText {#text} at (14,0) size 8x19
        text run at (14,0) width 8 RTL: "\x{5D1}"
    RenderBlock {DIV} at (0,160) size 26x20
      RenderText {#text} at (0,0) size 7x19
        text run at (0,0) width 7: "\""
      RenderBlock {SPAN} at (6,0) size 9x20
        RenderText {#text} at (0,0) size 8x19
          text run at (0,0) width 8: "b"
      RenderText {#text} at (14,0) size 8x19
        text run at (14,0) width 8: "c"
    RenderBlock {DIV} at (0,180) size 26x20
      RenderText {#text} at (0,0) size 7x19
        text run at (0,0) width 7: "\""
      RenderBlock {SPAN} at (6,0) size 6x20
        RenderText {#text} at (0,0) size 6x19
          text run at (0,0) width 6 RTL: ")"
      RenderText {#text} at (11,0) size 7x19
        text run at (11,0) width 7: "("
    RenderBlock {DIV} at (0,200) size 26x20
      RenderText {#text} at (0,0) size 7x19
        text run at (0,0) width 7: "\""
      RenderBlock {SPAN} at (6,0) size 6x20
        RenderText {#text} at (0,0) size 6x19
          text run at (0,0) width 6 RTL: ")"
      RenderText {#text} at (11,0) size 9x19
        text run at (11,0) width 9 RTL: "\x{5D1}"
    RenderBlock {DIV} at (0,220) size 26x20
      RenderText {#text} at (0,0) size 7x19
        text run at (0,0) width 7: "\""
      RenderBlock {SPAN} at (6,0) size 6x20
        RenderText {#text} at (0,0) size 6x19
          text run at (0,0) width 6 RTL: ")"
      RenderText {#text} at (11,0) size 8x19
        text run at (11,0) width 8: "c"
    RenderBlock {DIV} at (0,240) size 26x20
      RenderText {#text} at (0,0) size 7x19
        text run at (0,0) width 7: "\""
      RenderBlock {SPAN} at (6,0) size 6x20
        RenderText {#text} at (0,0) size 5x19
          text run at (0,0) width 5 RTL: "\x{5E0}"
      RenderText {#text} at (11,0) size 6x19
        text run at (11,0) width 6: "("
    RenderBlock {DIV} at (0,260) size 26x20
      RenderText {#text} at (0,0) size 7x19
        text run at (0,0) width 7: "\""
      RenderBlock {SPAN} at (6,0) size 6x20
        RenderText {#text} at (0,0) size 5x19
          text run at (0,0) width 5 RTL: "\x{5E0}"
      RenderText {#text} at (11,0) size 8x19
        text run at (11,0) width 8 RTL: "\x{5D1}"
    RenderBlock {DIV} at (0,280) size 26x20
      RenderText {#text} at (0,0) size 7x19
        text run at (0,0) width 7: "\""
      RenderBlock {SPAN} at (6,0) size 6x20
        RenderText {#text} at (0,0) size 5x19
          text run at (0,0) width 5 RTL: "\x{5E0}"
      RenderText {#text} at (11,0) size 8x19
        text run at (11,0) width 8: "c"
    RenderBlock {DIV} at (0,300) size 26x20
      RenderText {#text} at (0,0) size 7x19
        text run at (0,0) width 7: "\""
      RenderBlock {SPAN} at (6,0) size 9x20
        RenderText {#text} at (0,0) size 8x19
          text run at (0,0) width 8: "b"
      RenderText {#text} at (14,0) size 6x19
        text run at (14,0) width 6: "("
    RenderBlock {DIV} at (0,320) size 26x20
      RenderText {#text} at (0,0) size 7x19
        text run at (0,0) width 7: "\""
      RenderBlock {SPAN} at (6,0) size 9x20
        RenderText {#text} at (0,0) size 8x19
          text run at (0,0) width 8: "b"
      RenderText {#text} at (14,0) size 8x19
        text run at (14,0) width 8 RTL: "\x{5D1}"
    RenderBlock {DIV} at (0,340) size 26x20
      RenderText {#text} at (0,0) size 7x19
        text run at (0,0) width 7: "\""
      RenderBlock {SPAN} at (6,0) size 9x20
        RenderText {#text} at (0,0) size 8x19
          text run at (0,0) width 8: "b"
      RenderText {#text} at (14,0) size 8x19
        text run at (14,0) width 8: "c"
    RenderBlock {DIV} at (0,360) size 26x20
      RenderText {#text} at (0,0) size 10x19
        text run at (0,0) width 10 RTL: "\x{5E9}"
      RenderBlock {SPAN} at (9,0) size 7x20
        RenderText {#text} at (0,0) size 6x19
          text run at (0,0) width 6: ")"
      RenderText {#text} at (15,0) size 6x19
        text run at (15,0) width 6: "("
    RenderBlock {DIV} at (0,380) size 26x20
      RenderText {#text} at (12,0) size 11x19
        text run at (12,0) width 11 RTL: "\x{5E9}"
      RenderBlock {SPAN} at (7,0) size 6x20
        RenderText {#text} at (0,0) size 6x19
          text run at (0,0) width 6: ")"
      RenderText {#text} at (0,0) size 8x19
        text run at (0,0) width 8 RTL: "\x{5D1}"
    RenderBlock {DIV} at (0,400) size 26x20
      RenderText {#text} at (0,0) size 10x19
        text run at (0,0) width 10 RTL: "\x{5E9}"
      RenderBlock {SPAN} at (9,0) size 7x20
        RenderText {#text} at (0,0) size 6x19
          text run at (0,0) width 6: ")"
      RenderText {#text} at (15,0) size 8x19
        text run at (15,0) width 8: "c"
    RenderBlock {DIV} at (0,420) size 26x20
      RenderText {#text} at (0,0) size 10x19
        text run at (0,0) width 10 RTL: "\x{5E9}"
      RenderBlock {SPAN} at (9,0) size 6x20
        RenderText {#text} at (0,0) size 5x19
          text run at (0,0) width 5 RTL: "\x{5E0}"
      RenderText {#text} at (14,0) size 6x19
        text run at (14,0) width 6: "("
    RenderBlock {DIV} at (0,440) size 26x20
      RenderText {#text} at (12,0) size 10x19
        text run at (12,0) width 10 RTL: "\x{5E9}"
      RenderBlock {SPAN} at (7,0) size 6x20
        RenderText {#text} at (0,0) size 5x19
          text run at (0,0) width 5 RTL: "\x{5E0}"
      RenderText {#text} at (0,0) size 8x19
        text run at (0,0) width 8 RTL: "\x{5D1}"
    RenderBlock {DIV} at (0,460) size 26x20
      RenderText {#text} at (0,0) size 10x19
        text run at (0,0) width 10 RTL: "\x{5E9}"
      RenderBlock {SPAN} at (9,0) size 6x20
        RenderText {#text} at (0,0) size 5x19
          text run at (0,0) width 5 RTL: "\x{5E0}"
      RenderText {#text} at (14,0) size 8x19
        text run at (14,0) width 8: "c"
    RenderBlock {DIV} at (0,480) size 26x20
      RenderText {#text} at (0,0) size 10x19
        text run at (0,0) width 10 RTL: "\x{5E9}"
      RenderBlock {SPAN} at (9,0) size 9x20
        RenderText {#text} at (0,0) size 8x19
          text run at (0,0) width 8: "b"
      RenderText {#text} at (17,0) size 7x19
        text run at (17,0) width 7: "("
    RenderBlock {DIV} at (0,500) size 26x20
      RenderText {#text} at (15,0) size 11x19
        text run at (15,0) width 11 RTL: "\x{5E9}"
      RenderBlock {SPAN} at (7,0) size 9x20
        RenderText {#text} at (0,0) size 8x19
          text run at (0,0) width 8: "b"
      RenderText {#text} at (0,0) size 8x19
        text run at (0,0) width 8 RTL: "\x{5D1}"
    RenderBlock {DIV} at (0,520) size 26x20
      RenderText {#text} at (0,0) size 10x19
        text run at (0,0) width 10 RTL: "\x{5E9}"
      RenderBlock {SPAN} at (9,0) size 9x20
        RenderText {#text} at (0,0) size 8x19
          text run at (0,0) width 8: "b"
      RenderText {#text} at (17,0) size 8x19
        text run at (17,0) width 8: "c"
    RenderBlock {DIV} at (0,540) size 26x20
      RenderText {#text} at (0,0) size 10x19
        text run at (0,0) width 10 RTL: "\x{5E9}"
      RenderBlock {SPAN} at (9,0) size 7x20
        RenderText {#text} at (0,0) size 6x19
          text run at (0,0) width 6 RTL: ")"
      RenderText {#text} at (15,0) size 6x19
        text run at (15,0) width 6: "("
    RenderBlock {DIV} at (0,560) size 26x20
      RenderText {#text} at (12,0) size 11x19
        text run at (12,0) width 11 RTL: "\x{5E9}"
      RenderBlock {SPAN} at (7,0) size 6x20
        RenderText {#text} at (0,0) size 6x19
          text run at (0,0) width 6 RTL: ")"
      RenderText {#text} at (0,0) size 8x19
        text run at (0,0) width 8 RTL: "\x{5D1}"
    RenderBlock {DIV} at (0,580) size 26x20
      RenderText {#text} at (0,0) size 10x19
        text run at (0,0) width 10 RTL: "\x{5E9}"
      RenderBlock {SPAN} at (9,0) size 7x20
        RenderText {#text} at (0,0) size 6x19
          text run at (0,0) width 6 RTL: ")"
      RenderText {#text} at (15,0) size 8x19
        text run at (15,0) width 8: "c"
    RenderBlock {DIV} at (0,600) size 26x20
      RenderText {#text} at (0,0) size 10x19
        text run at (0,0) width 10 RTL: "\x{5E9}"
      RenderBlock {SPAN} at (9,0) size 6x20
        RenderText {#text} at (0,0) size 5x19
          text run at (0,0) width 5 RTL: "\x{5E0}"
      RenderText {#text} at (14,0) size 6x19
        text run at (14,0) width 6: "("
    RenderBlock {DIV} at (0,620) size 26x20
      RenderText {#text} at (12,0) size 10x19
        text run at (12,0) width 10 RTL: "\x{5E9}"
      RenderBlock {SPAN} at (7,0) size 6x20
        RenderText {#text} at (0,0) size 5x19
          text run at (0,0) width 5 RTL: "\x{5E0}"
      RenderText {#text} at (0,0) size 8x19
        text run at (0,0) width 8 RTL: "\x{5D1}"
    RenderBlock {DIV} at (0,640) size 26x20
      RenderText {#text} at (0,0) size 10x19
        text run at (0,0) width 10 RTL: "\x{5E9}"
      RenderBlock {SPAN} at (9,0) size 6x20
        RenderText {#text} at (0,0) size 5x19
          text run at (0,0) width 5 RTL: "\x{5E0}"
      RenderText {#text} at (14,0) size 8x19
        text run at (14,0) width 8: "c"
    RenderBlock {DIV} at (0,660) size 26x20
      RenderText {#text} at (0,0) size 10x19
        text run at (0,0) width 10 RTL: "\x{5E9}"
      RenderBlock {SPAN} at (9,0) size 9x20
        RenderText {#text} at (0,0) size 8x19
          text run at (0,0) width 8: "b"
      RenderText {#text} at (17,0) size 7x19
        text run at (17,0) width 7: "("
    RenderBlock {DIV} at (0,680) size 26x20
      RenderText {#text} at (15,0) size 11x19
        text run at (15,0) width 11 RTL: "\x{5E9}"
      RenderBlock {SPAN} at (7,0) size 9x20
        RenderText {#text} at (0,0) size 8x19
          text run at (0,0) width 8: "b"
      RenderText {#text} at (0,0) size 8x19
        text run at (0,0) width 8 RTL: "\x{5D1}"
    RenderBlock {DIV} at (0,700) size 26x20
      RenderText {#text} at (0,0) size 10x19
        text run at (0,0) width 10 RTL: "\x{5E9}"
      RenderBlock {SPAN} at (9,0) size 9x20
        RenderText {#text} at (0,0) size 8x19
          text run at (0,0) width 8: "b"
      RenderText {#text} at (17,0) size 8x19
        text run at (17,0) width 8: "c"
    RenderBlock {DIV} at (0,720) size 26x20
      RenderText {#text} at (0,0) size 8x19
        text run at (0,0) width 8: "a"
      RenderBlock {SPAN} at (7,0) size 6x20
        RenderText {#text} at (0,0) size 6x19
          text run at (0,0) width 6: ")"
      RenderText {#text} at (12,0) size 6x19
        text run at (12,0) width 6: "("
    RenderBlock {DIV} at (0,740) size 26x20
      RenderText {#text} at (0,0) size 8x19
        text run at (0,0) width 8: "a"
      RenderBlock {SPAN} at (7,0) size 6x20
        RenderText {#text} at (0,0) size 6x19
          text run at (0,0) width 6: ")"
      RenderText {#text} at (12,0) size 8x19
        text run at (12,0) width 8 RTL: "\x{5D1}"
    RenderBlock {DIV} at (0,760) size 26x20
      RenderText {#text} at (0,0) size 8x19
        text run at (0,0) width 8: "a"
      RenderBlock {SPAN} at (7,0) size 6x20
        RenderText {#text} at (0,0) size 6x19
          text run at (0,0) width 6: ")"
      RenderText {#text} at (12,0) size 8x19
        text run at (12,0) width 8: "c"
    RenderBlock {DIV} at (0,780) size 26x20
      RenderText {#text} at (0,0) size 8x19
        text run at (0,0) width 8: "a"
      RenderBlock {SPAN} at (7,0) size 5x20
        RenderText {#text} at (0,0) size 5x19
          text run at (0,0) width 5 RTL: "\x{5E0}"
      RenderText {#text} at (11,0) size 7x19
        text run at (11,0) width 7: "("
    RenderBlock {DIV} at (0,800) size 26x20
      RenderText {#text} at (0,0) size 8x19
        text run at (0,0) width 8: "a"
      RenderBlock {SPAN} at (7,0) size 5x20
        RenderText {#text} at (0,0) size 5x19
          text run at (0,0) width 5 RTL: "\x{5E0}"
      RenderText {#text} at (11,0) size 9x19
        text run at (11,0) width 9 RTL: "\x{5D1}"
    RenderBlock {DIV} at (0,820) size 26x20
      RenderText {#text} at (0,0) size 8x19
        text run at (0,0) width 8: "a"
      RenderBlock {SPAN} at (7,0) size 5x20
        RenderText {#text} at (0,0) size 5x19
          text run at (0,0) width 5 RTL: "\x{5E0}"
      RenderText {#text} at (11,0) size 9x19
        text run at (11,0) width 9: "c"
    RenderBlock {DIV} at (0,840) size 26x20
      RenderText {#text} at (0,0) size 8x19
        text run at (0,0) width 8: "a"
      RenderBlock {SPAN} at (7,0) size 9x20
        RenderText {#text} at (0,0) size 8x19
          text run at (0,0) width 8: "b"
      RenderText {#text} at (15,0) size 6x19
        text run at (15,0) width 6: "("
    RenderBlock {DIV} at (0,860) size 26x20
      RenderText {#text} at (0,0) size 8x19
        text run at (0,0) width 8: "a"
      RenderBlock {SPAN} at (7,0) size 9x20
        RenderText {#text} at (0,0) size 8x19
          text run at (0,0) width 8: "b"
      RenderText {#text} at (15,0) size 8x19
        text run at (15,0) width 8 RTL: "\x{5D1}"
    RenderBlock {DIV} at (0,880) size 26x20
      RenderText {#text} at (0,0) size 8x19
        text run at (0,0) width 8: "a"
      RenderBlock {SPAN} at (7,0) size 9x20
        RenderText {#text} at (0,0) size 8x19
          text run at (0,0) width 8: "b"
      RenderText {#text} at (15,0) size 8x19
        text run at (15,0) width 8: "c"
    RenderBlock {DIV} at (0,900) size 26x20
      RenderText {#text} at (0,0) size 8x19
        text run at (0,0) width 8: "a"
      RenderBlock {SPAN} at (7,0) size 6x20
        RenderText {#text} at (0,0) size 6x19
          text run at (0,0) width 6 RTL: ")"
      RenderText {#text} at (12,0) size 6x19
        text run at (12,0) width 6: "("
    RenderBlock {DIV} at (0,920) size 26x20
      RenderText {#text} at (0,0) size 8x19
        text run at (0,0) width 8: "a"
      RenderBlock {SPAN} at (7,0) size 6x20
        RenderText {#text} at (0,0) size 6x19
          text run at (0,0) width 6 RTL: ")"
      RenderText {#text} at (12,0) size 8x19
        text run at (12,0) width 8 RTL: "\x{5D1}"
    RenderBlock {DIV} at (0,940) size 26x20
      RenderText {#text} at (0,0) size 8x19
        text run at (0,0) width 8: "a"
      RenderBlock {SPAN} at (7,0) size 6x20
        RenderText {#text} at (0,0) size 6x19
          text run at (0,0) width 6 RTL: ")"
      RenderText {#text} at (12,0) size 8x19
        text run at (12,0) width 8: "c"
    RenderBlock {DIV} at (0,960) size 26x20
      RenderText {#text} at (0,0) size 8x19
        text run at (0,0) width 8: "a"
      RenderBlock {SPAN} at (7,0) size 5x20
        RenderText {#text} at (0,0) size 5x19
          text run at (0,0) width 5 RTL: "\x{5E0}"
      RenderText {#text} at (11,0) size 7x19
        text run at (11,0) width 7: "("
    RenderBlock {DIV} at (0,980) size 26x20
      RenderText {#text} at (0,0) size 8x19
        text run at (0,0) width 8: "a"
      RenderBlock {SPAN} at (7,0) size 5x20
        RenderText {#text} at (0,0) size 5x19
          text run at (0,0) width 5 RTL: "\x{5E0}"
      RenderText {#text} at (11,0) size 9x19
        text run at (11,0) width 9 RTL: "\x{5D1}"
    RenderBlock {DIV} at (0,1000) size 26x20
      RenderText {#text} at (0,0) size 8x19
        text run at (0,0) width 8: "a"
      RenderBlock {SPAN} at (7,0) size 5x20
        RenderText {#text} at (0,0) size 5x19
          text run at (0,0) width 5 RTL: "\x{5E0}"
      RenderText {#text} at (11,0) size 9x19
        text run at (11,0) width 9: "c"
    RenderBlock {DIV} at (0,1020) size 26x20
      RenderText {#text} at (0,0) size 8x19
        text run at (0,0) width 8: "a"
      RenderBlock {SPAN} at (7,0) size 9x20
        RenderText {#text} at (0,0) size 8x19
          text run at (0,0) width 8: "b"
      RenderText {#text} at (15,0) size 6x19
        text run at (15,0) width 6: "("
    RenderBlock {DIV} at (0,1040) size 26x20
      RenderText {#text} at (0,0) size 8x19
        text run at (0,0) width 8: "a"
      RenderBlock {SPAN} at (7,0) size 9x20
        RenderText {#text} at (0,0) size 8x19
          text run at (0,0) width 8: "b"
      RenderText {#text} at (15,0) size 8x19
        text run at (15,0) width 8 RTL: "\x{5D1}"
    RenderBlock {DIV} at (0,1060) size 26x20
      RenderText {#text} at (0,0) size 8x19
        text run at (0,0) width 8: "a"
      RenderBlock {SPAN} at (7,0) size 9x20
        RenderText {#text} at (0,0) size 8x19
          text run at (0,0) width 8: "b"
      RenderText {#text} at (15,0) size 8x19
        text run at (15,0) width 8: "c"
    RenderBlock {DIV} at (0,1080) size 26x20
      RenderText {#text} at (18,0) size 8x19
        text run at (18,0) width 8 RTL: "\""
      RenderBlock {SPAN} at (13,0) size 6x20
        RenderText {#text} at (0,0) size 6x19
          text run at (0,0) width 6: ")"
      RenderText {#text} at (7,0) size 7x19
        text run at (7,0) width 7 RTL: "("
    RenderBlock {DIV} at (0,1100) size 26x20
      RenderText {#text} at (18,0) size 8x19
        text run at (18,0) width 8 RTL: "\""
      RenderBlock {SPAN} at (13,0) size 6x20
        RenderText {#text} at (0,0) size 6x19
          text run at (0,0) width 6: ")"
      RenderText {#text} at (5,0) size 9x19
        text run at (5,0) width 9 RTL: "\x{5D1}"
    RenderBlock {DIV} at (0,1120) size 26x20
      RenderText {#text} at (18,0) size 8x19
        text run at (18,0) width 8 RTL: "\""
      RenderBlock {SPAN} at (13,0) size 6x20
        RenderText {#text} at (0,0) size 6x19
          text run at (0,0) width 6: ")"
      RenderText {#text} at (6,0) size 8x19
        text run at (6,0) width 8: "c"
    RenderBlock {DIV} at (0,1140) size 26x20
      RenderText {#text} at (18,0) size 8x19
        text run at (18,0) width 8 RTL: "\""
      RenderBlock {SPAN} at (13,0) size 6x20
        RenderText {#text} at (0,0) size 5x19
          text run at (0,0) width 5 RTL: "\x{5E0}"
      RenderText {#text} at (8,0) size 6x19
        text run at (8,0) width 6 RTL: "("
    RenderBlock {DIV} at (0,1160) size 26x20
      RenderText {#text} at (18,0) size 8x19
        text run at (18,0) width 8 RTL: "\""
      RenderBlock {SPAN} at (13,0) size 6x20
        RenderText {#text} at (0,0) size 5x19
          text run at (0,0) width 5 RTL: "\x{5E0}"
      RenderText {#text} at (6,0) size 8x19
        text run at (6,0) width 8 RTL: "\x{5D1}"
    RenderBlock {DIV} at (0,1180) size 26x20
      RenderText {#text} at (18,0) size 8x19
        text run at (18,0) width 8 RTL: "\""
      RenderBlock {SPAN} at (13,0) size 6x20
        RenderText {#text} at (0,0) size 5x19
          text run at (0,0) width 5 RTL: "\x{5E0}"
      RenderText {#text} at (6,0) size 8x19
        text run at (6,0) width 8: "c"
    RenderBlock {DIV} at (0,1200) size 26x20
      RenderText {#text} at (18,0) size 8x19
        text run at (18,0) width 8 RTL: "\""
      RenderBlock {SPAN} at (10,0) size 9x20
        RenderText {#text} at (0,0) size 8x19
          text run at (0,0) width 8: "b"
      RenderText {#text} at (5,0) size 6x19
        text run at (5,0) width 6 RTL: "("
    RenderBlock {DIV} at (0,1220) size 26x20
      RenderText {#text} at (18,0) size 8x19
        text run at (18,0) width 8 RTL: "\""
      RenderBlock {SPAN} at (10,0) size 9x20
        RenderText {#text} at (0,0) size 8x19
          text run at (0,0) width 8: "b"
      RenderText {#text} at (3,0) size 8x19
        text run at (3,0) width 8 RTL: "\x{5D1}"
    RenderBlock {DIV} at (0,1240) size 26x20
      RenderText {#text} at (18,0) size 8x19
        text run at (18,0) width 8 RTL: "\""
      RenderBlock {SPAN} at (10,0) size 9x20
        RenderText {#text} at (0,0) size 8x19
          text run at (0,0) width 8: "b"
      RenderText {#text} at (3,0) size 8x19
        text run at (3,0) width 8: "c"
    RenderBlock {DIV} at (0,1260) size 26x20
      RenderText {#text} at (18,0) size 8x19
        text run at (18,0) width 8 RTL: "\""
      RenderBlock {SPAN} at (13,0) size 6x20
        RenderText {#text} at (0,0) size 6x19
          text run at (0,0) width 6 RTL: ")"
      RenderText {#text} at (7,0) size 7x19
        text run at (7,0) width 7 RTL: "("
    RenderBlock {DIV} at (0,1280) size 26x20
      RenderText {#text} at (18,0) size 8x19
        text run at (18,0) width 8 RTL: "\""
      RenderBlock {SPAN} at (13,0) size 6x20
        RenderText {#text} at (0,0) size 6x19
          text run at (0,0) width 6 RTL: ")"
      RenderText {#text} at (5,0) size 9x19
        text run at (5,0) width 9 RTL: "\x{5D1}"
    RenderBlock {DIV} at (0,1300) size 26x20
      RenderText {#text} at (18,0) size 8x19
        text run at (18,0) width 8 RTL: "\""
      RenderBlock {SPAN} at (13,0) size 6x20
        RenderText {#text} at (0,0) size 6x19
          text run at (0,0) width 6 RTL: ")"
      RenderText {#text} at (6,0) size 8x19
        text run at (6,0) width 8: "c"
    RenderBlock {DIV} at (0,1320) size 26x20
      RenderText {#text} at (18,0) size 8x19
        text run at (18,0) width 8 RTL: "\""
      RenderBlock {SPAN} at (13,0) size 6x20
        RenderText {#text} at (0,0) size 5x19
          text run at (0,0) width 5 RTL: "\x{5E0}"
      RenderText {#text} at (8,0) size 6x19
        text run at (8,0) width 6 RTL: "("
    RenderBlock {DIV} at (0,1340) size 26x20
      RenderText {#text} at (18,0) size 8x19
        text run at (18,0) width 8 RTL: "\""
      RenderBlock {SPAN} at (13,0) size 6x20
        RenderText {#text} at (0,0) size 5x19
          text run at (0,0) width 5 RTL: "\x{5E0}"
      RenderText {#text} at (6,0) size 8x19
        text run at (6,0) width 8 RTL: "\x{5D1}"
    RenderBlock {DIV} at (0,1360) size 26x20
      RenderText {#text} at (18,0) size 8x19
        text run at (18,0) width 8 RTL: "\""
      RenderBlock {SPAN} at (13,0) size 6x20
        RenderText {#text} at (0,0) size 5x19
          text run at (0,0) width 5 RTL: "\x{5E0}"
      RenderText {#text} at (6,0) size 8x19
        text run at (6,0) width 8: "c"
    RenderBlock {DIV} at (0,1380) size 26x20
      RenderText {#text} at (18,0) size 8x19
        text run at (18,0) width 8 RTL: "\""
      RenderBlock {SPAN} at (10,0) size 9x20
        RenderText {#text} at (0,0) size 8x19
          text run at (0,0) width 8: "b"
      RenderText {#text} at (5,0) size 6x19
        text run at (5,0) width 6 RTL: "("
    RenderBlock {DIV} at (0,1400) size 26x20
      RenderText {#text} at (18,0) size 8x19
        text run at (18,0) width 8 RTL: "\""
      RenderBlock {SPAN} at (10,0) size 9x20
        RenderText {#text} at (0,0) size 8x19
          text run at (0,0) width 8: "b"
      RenderText {#text} at (3,0) size 8x19
        text run at (3,0) width 8 RTL: "\x{5D1}"
    RenderBlock {DIV} at (0,1420) size 26x20
      RenderText {#text} at (18,0) size 8x19
        text run at (18,0) width 8 RTL: "\""
      RenderBlock {SPAN} at (10,0) size 9x20
        RenderText {#text} at (0,0) size 8x19
          text run at (0,0) width 8: "b"
      RenderText {#text} at (3,0) size 8x19
        text run at (3,0) width 8: "c"
    RenderBlock {DIV} at (0,1440) size 26x20
      RenderText {#text} at (15,0) size 11x19
        text run at (15,0) width 11 RTL: "\x{5E9}"
      RenderBlock {SPAN} at (9,0) size 7x20
        RenderText {#text} at (0,0) size 6x19
          text run at (0,0) width 6: ")"
      RenderText {#text} at (4,0) size 6x19
        text run at (4,0) width 6 RTL: "("
    RenderBlock {DIV} at (0,1460) size 26x20
      RenderText {#text} at (15,0) size 11x19
        text run at (15,0) width 11 RTL: "\x{5E9}"
      RenderBlock {SPAN} at (9,0) size 7x20
        RenderText {#text} at (0,0) size 6x19
          text run at (0,0) width 6: ")"
      RenderText {#text} at (2,0) size 8x19
        text run at (2,0) width 8 RTL: "\x{5D1}"
    RenderBlock {DIV} at (0,1480) size 26x20
      RenderText {#text} at (15,0) size 11x19
        text run at (15,0) width 11 RTL: "\x{5E9}"
      RenderBlock {SPAN} at (9,0) size 7x20
        RenderText {#text} at (0,0) size 6x19
          text run at (0,0) width 6: ")"
      RenderText {#text} at (2,0) size 8x19
        text run at (2,0) width 8: "c"
    RenderBlock {DIV} at (0,1500) size 26x20
      RenderText {#text} at (15,0) size 11x19
        text run at (15,0) width 11 RTL: "\x{5E9}"
      RenderBlock {SPAN} at (10,0) size 6x20
        RenderText {#text} at (0,0) size 5x19
          text run at (0,0) width 5 RTL: "\x{5E0}"
      RenderText {#text} at (5,0) size 6x19
        text run at (5,0) width 6 RTL: "("
    RenderBlock {DIV} at (0,1520) size 26x20
      RenderText {#text} at (15,0) size 11x19
        text run at (15,0) width 11 RTL: "\x{5E9}"
      RenderBlock {SPAN} at (10,0) size 6x20
        RenderText {#text} at (0,0) size 5x19
          text run at (0,0) width 5 RTL: "\x{5E0}"
      RenderText {#text} at (3,0) size 8x19
        text run at (3,0) width 8 RTL: "\x{5D1}"
    RenderBlock {DIV} at (0,1540) size 26x20
      RenderText {#text} at (15,0) size 11x19
        text run at (15,0) width 11 RTL: "\x{5E9}"
      RenderBlock {SPAN} at (10,0) size 6x20
        RenderText {#text} at (0,0) size 5x19
          text run at (0,0) width 5 RTL: "\x{5E0}"
      RenderText {#text} at (3,0) size 8x19
        text run at (3,0) width 8: "c"
    RenderBlock {DIV} at (0,1560) size 26x20
      RenderText {#text} at (15,0) size 11x19
        text run at (15,0) width 11 RTL: "\x{5E9}"
      RenderBlock {SPAN} at (7,0) size 9x20
        RenderText {#text} at (0,0) size 8x19
          text run at (0,0) width 8: "b"
      RenderText {#text} at (1,0) size 7x19
        text run at (1,0) width 7 RTL: "("
    RenderBlock {DIV} at (0,1580) size 26x20
      RenderText {#text} at (15,0) size 11x19
        text run at (15,0) width 11 RTL: "\x{5E9}"
      RenderBlock {SPAN} at (7,0) size 9x20
        RenderText {#text} at (0,0) size 8x19
          text run at (0,0) width 8: "b"
      RenderText {#text} at (0,0) size 8x19
        text run at (0,0) width 8 RTL: "\x{5D1}"
    RenderBlock {DIV} at (0,1600) size 26x20
      RenderText {#text} at (15,0) size 11x19
        text run at (15,0) width 11 RTL: "\x{5E9}"
      RenderBlock {SPAN} at (7,0) size 9x20
        RenderText {#text} at (0,0) size 8x19
          text run at (0,0) width 8: "b"
      RenderText {#text} at (0,0) size 8x19
        text run at (0,0) width 8: "c"
    RenderBlock {DIV} at (0,1620) size 26x20
      RenderText {#text} at (15,0) size 11x19
        text run at (15,0) width 11 RTL: "\x{5E9}"
      RenderBlock {SPAN} at (9,0) size 7x20
        RenderText {#text} at (0,0) size 6x19
          text run at (0,0) width 6 RTL: ")"
      RenderText {#text} at (4,0) size 6x19
        text run at (4,0) width 6 RTL: "("
    RenderBlock {DIV} at (0,1640) size 26x20
      RenderText {#text} at (15,0) size 11x19
        text run at (15,0) width 11 RTL: "\x{5E9}"
      RenderBlock {SPAN} at (9,0) size 7x20
        RenderText {#text} at (0,0) size 6x19
          text run at (0,0) width 6 RTL: ")"
      RenderText {#text} at (2,0) size 8x19
        text run at (2,0) width 8 RTL: "\x{5D1}"
    RenderBlock {DIV} at (0,1660) size 26x20
      RenderText {#text} at (15,0) size 11x19
        text run at (15,0) width 11 RTL: "\x{5E9}"
      RenderBlock {SPAN} at (9,0) size 7x20
        RenderText {#text} at (0,0) size 6x19
          text run at (0,0) width 6 RTL: ")"
      RenderText {#text} at (2,0) size 8x19
        text run at (2,0) width 8: "c"
    RenderBlock {DIV} at (0,1680) size 26x20
      RenderText {#text} at (15,0) size 11x19
        text run at (15,0) width 11 RTL: "\x{5E9}"
      RenderBlock {SPAN} at (10,0) size 6x20
        RenderText {#text} at (0,0) size 5x19
          text run at (0,0) width 5 RTL: "\x{5E0}"
      RenderText {#text} at (5,0) size 6x19
        text run at (5,0) width 6 RTL: "("
    RenderBlock {DIV} at (0,1700) size 26x20
      RenderText {#text} at (15,0) size 11x19
        text run at (15,0) width 11 RTL: "\x{5E9}"
      RenderBlock {SPAN} at (10,0) size 6x20
        RenderText {#text} at (0,0) size 5x19
          text run at (0,0) width 5 RTL: "\x{5E0}"
      RenderText {#text} at (3,0) size 8x19
        text run at (3,0) width 8 RTL: "\x{5D1}"
    RenderBlock {DIV} at (0,1720) size 26x20
      RenderText {#text} at (15,0) size 11x19
        text run at (15,0) width 11 RTL: "\x{5E9}"
      RenderBlock {SPAN} at (10,0) size 6x20
        RenderText {#text} at (0,0) size 5x19
          text run at (0,0) width 5 RTL: "\x{5E0}"
      RenderText {#text} at (3,0) size 8x19
        text run at (3,0) width 8: "c"
    RenderBlock {DIV} at (0,1740) size 26x20
      RenderText {#text} at (15,0) size 11x19
        text run at (15,0) width 11 RTL: "\x{5E9}"
      RenderBlock {SPAN} at (7,0) size 9x20
        RenderText {#text} at (0,0) size 8x19
          text run at (0,0) width 8: "b"
      RenderText {#text} at (1,0) size 7x19
        text run at (1,0) width 7 RTL: "("
    RenderBlock {DIV} at (0,1760) size 26x20
      RenderText {#text} at (15,0) size 11x19
        text run at (15,0) width 11 RTL: "\x{5E9}"
      RenderBlock {SPAN} at (7,0) size 9x20
        RenderText {#text} at (0,0) size 8x19
          text run at (0,0) width 8: "b"
      RenderText {#text} at (0,0) size 8x19
        text run at (0,0) width 8 RTL: "\x{5D1}"
    RenderBlock {DIV} at (0,1780) size 26x20
      RenderText {#text} at (15,0) size 11x19
        text run at (15,0) width 11 RTL: "\x{5E9}"
      RenderBlock {SPAN} at (7,0) size 9x20
        RenderText {#text} at (0,0) size 8x19
          text run at (0,0) width 8: "b"
      RenderText {#text} at (0,0) size 8x19
        text run at (0,0) width 8: "c"
    RenderBlock {DIV} at (0,1800) size 26x20
      RenderText {#text} at (17,0) size 9x19
        text run at (17,0) width 9: "a"
      RenderBlock {SPAN} at (12,0) size 6x20
        RenderText {#text} at (0,0) size 6x19
          text run at (0,0) width 6: ")"
      RenderText {#text} at (7,0) size 6x19
        text run at (7,0) width 6 RTL: "("
    RenderBlock {DIV} at (0,1820) size 26x20
      RenderText {#text} at (17,0) size 9x19
        text run at (17,0) width 9: "a"
      RenderBlock {SPAN} at (12,0) size 6x20
        RenderText {#text} at (0,0) size 6x19
          text run at (0,0) width 6: ")"
      RenderText {#text} at (5,0) size 8x19
        text run at (5,0) width 8 RTL: "\x{5D1}"
    RenderBlock {DIV} at (0,1840) size 26x20
      RenderText {#text} at (5,0) size 8x19
        text run at (5,0) width 8: "a"
      RenderBlock {SPAN} at (12,0) size 6x20
        RenderText {#text} at (0,0) size 6x19
          text run at (0,0) width 6: ")"
      RenderText {#text} at (17,0) size 9x19
        text run at (17,0) width 9: "c"
    RenderBlock {DIV} at (0,1860) size 26x20
      RenderText {#text} at (17,0) size 9x19
        text run at (17,0) width 9: "a"
      RenderBlock {SPAN} at (13,0) size 5x20
        RenderText {#text} at (0,0) size 5x19
          text run at (0,0) width 5 RTL: "\x{5E0}"
      RenderText {#text} at (7,0) size 7x19
        text run at (7,0) width 7 RTL: "("
    RenderBlock {DIV} at (0,1880) size 26x20
      RenderText {#text} at (17,0) size 9x19
        text run at (17,0) width 9: "a"
      RenderBlock {SPAN} at (13,0) size 5x20
        RenderText {#text} at (0,0) size 5x19
          text run at (0,0) width 5 RTL: "\x{5E0}"
      RenderText {#text} at (5,0) size 9x19
        text run at (5,0) width 9 RTL: "\x{5D1}"
    RenderBlock {DIV} at (0,1900) size 26x20
      RenderText {#text} at (5,0) size 9x19
        text run at (5,0) width 9: "a"
      RenderBlock {SPAN} at (13,0) size 5x20
        RenderText {#text} at (0,0) size 5x19
          text run at (0,0) width 5 RTL: "\x{5E0}"
      RenderText {#text} at (17,0) size 9x19
        text run at (17,0) width 9: "c"
    RenderBlock {DIV} at (0,1920) size 26x20
      RenderText {#text} at (17,0) size 9x19
        text run at (17,0) width 9: "a"
      RenderBlock {SPAN} at (9,0) size 9x20
        RenderText {#text} at (0,0) size 8x19
          text run at (0,0) width 8: "b"
      RenderText {#text} at (4,0) size 6x19
        text run at (4,0) width 6 RTL: "("
    RenderBlock {DIV} at (0,1940) size 26x20
      RenderText {#text} at (17,0) size 9x19
        text run at (17,0) width 9: "a"
      RenderBlock {SPAN} at (9,0) size 9x20
        RenderText {#text} at (0,0) size 8x19
          text run at (0,0) width 8: "b"
      RenderText {#text} at (2,0) size 8x19
        text run at (2,0) width 8 RTL: "\x{5D1}"
    RenderBlock {DIV} at (0,1960) size 26x20
      RenderText {#text} at (2,0) size 8x19
        text run at (2,0) width 8: "a"
      RenderBlock {SPAN} at (9,0) size 9x20
        RenderText {#text} at (0,0) size 8x19
          text run at (0,0) width 8: "b"
      RenderText {#text} at (17,0) size 9x19
        text run at (17,0) width 9: "c"
    RenderBlock {DIV} at (0,1980) size 26x20
      RenderText {#text} at (17,0) size 9x19
        text run at (17,0) width 9: "a"
      RenderBlock {SPAN} at (12,0) size 6x20
        RenderText {#text} at (0,0) size 6x19
          text run at (0,0) width 6 RTL: ")"
      RenderText {#text} at (7,0) size 6x19
        text run at (7,0) width 6 RTL: "("
    RenderBlock {DIV} at (0,2000) size 26x20
      RenderText {#text} at (17,0) size 9x19
        text run at (17,0) width 9: "a"
      RenderBlock {SPAN} at (12,0) size 6x20
        RenderText {#text} at (0,0) size 6x19
          text run at (0,0) width 6 RTL: ")"
      RenderText {#text} at (5,0) size 8x19
        text run at (5,0) width 8 RTL: "\x{5D1}"
    RenderBlock {DIV} at (0,2020) size 26x20
      RenderText {#text} at (5,0) size 8x19
        text run at (5,0) width 8: "a"
      RenderBlock {SPAN} at (12,0) size 6x20
        RenderText {#text} at (0,0) size 6x19
          text run at (0,0) width 6 RTL: ")"
      RenderText {#text} at (17,0) size 9x19
        text run at (17,0) width 9: "c"
    RenderBlock {DIV} at (0,2040) size 26x20
      RenderText {#text} at (17,0) size 9x19
        text run at (17,0) width 9: "a"
      RenderBlock {SPAN} at (13,0) size 5x20
        RenderText {#text} at (0,0) size 5x19
          text run at (0,0) width 5 RTL: "\x{5E0}"
      RenderText {#text} at (7,0) size 7x19
        text run at (7,0) width 7 RTL: "("
    RenderBlock {DIV} at (0,2060) size 26x20
      RenderText {#text} at (17,0) size 9x19
        text run at (17,0) width 9: "a"
      RenderBlock {SPAN} at (13,0) size 5x20
        RenderText {#text} at (0,0) size 5x19
          text run at (0,0) width 5 RTL: "\x{5E0}"
      RenderText {#text} at (5,0) size 9x19
        text run at (5,0) width 9 RTL: "\x{5D1}"
    RenderBlock {DIV} at (0,2080) size 26x20
      RenderText {#text} at (5,0) size 9x19
        text run at (5,0) width 9: "a"
      RenderBlock {SPAN} at (13,0) size 5x20
        RenderText {#text} at (0,0) size 5x19
          text run at (0,0) width 5 RTL: "\x{5E0}"
      RenderText {#text} at (17,0) size 9x19
        text run at (17,0) width 9: "c"
    RenderBlock {DIV} at (0,2100) size 26x20
      RenderText {#text} at (17,0) size 9x19
        text run at (17,0) width 9: "a"
      RenderBlock {SPAN} at (9,0) size 9x20
        RenderText {#text} at (0,0) size 8x19
          text run at (0,0) width 8: "b"
      RenderText {#text} at (4,0) size 6x19
        text run at (4,0) width 6 RTL: "("
    RenderBlock {DIV} at (0,2120) size 26x20
      RenderText {#text} at (17,0) size 9x19
        text run at (17,0) width 9: "a"
      RenderBlock {SPAN} at (9,0) size 9x20
        RenderText {#text} at (0,0) size 8x19
          text run at (0,0) width 8: "b"
      RenderText {#text} at (2,0) size 8x19
        text run at (2,0) width 8 RTL: "\x{5D1}"
    RenderBlock {DIV} at (0,2140) size 26x20
      RenderText {#text} at (2,0) size 8x19
        text run at (2,0) width 8: "a"
      RenderBlock {SPAN} at (9,0) size 9x20
        RenderText {#text} at (0,0) size 8x19
          text run at (0,0) width 8: "b"
      RenderText {#text} at (17,0) size 9x19
        text run at (17,0) width 9: "c"
