layer at (0,0) size 800x600
  RenderView at (0,0) size 800x600
layer at (0,0) size 800x600
  RenderBlock {HTML} at (0,0) size 800x600
    RenderBody {BODY} at (8,8) size 784x576
      RenderBlock {P} at (0,0) size 784x36
        RenderText {#text} at (0,0) size 737x36
          text run at (0,0) width 289: "This test for a bug in Insert{Un}OrderedList. "
          text run at (289,0) width 448: "Inside an empty editable region, a new paragraph is added, then a list is"
          text run at (0,18) width 53: "created. "
          text run at (53,18) width 128: "The caret should be "
        RenderInline {B} at (0,0) size 39x18
          RenderText {#text} at (181,18) size 39x18
            text run at (181,18) width 39: "inside"
        RenderText {#text} at (220,18) size 123x18
          text run at (220,18) width 123: " the empty list item."
      RenderBlock {DIV} at (0,52) size 784x52
        RenderBlock {DIV} at (0,0) size 784x18
          RenderBR {BR} at (0,0) size 0x18
        RenderBlock {DIV} at (0,34) size 784x18
          RenderBlock {UL} at (0,0) size 784x18
            RenderListItem {LI} at (40,0) size 744x18
              RenderListMarker at (-17,0) size 7x18: bullet
              RenderBR {BR} at (0,0) size 0x18
caret: position 0 of child 0 {BR} of child 0 {LI} of child 0 {UL} of child 1 {DIV} of child 2 {DIV} of body
