layer at (0,0) size 800x600
  RenderView at (0,0) size 800x600
layer at (0,0) size 800x600
  RenderBlock {HTML} at (0,0) size 800x600
    RenderBody {BODY} at (8,8) size 784x576
      RenderBlock {P} at (0,0) size 784x18
        RenderText {#text} at (0,0) size 375x17
          text run at (0,0) width 375: "This tests for a hang when performing InsertUnorderedList."
      RenderBlock {DIV} at (0,34) size 784x88
        RenderBlock {DIV} at (0,0) size 784x18
          RenderText {#text} at (0,0) size 346x17
            text run at (0,0) width 346: "There should be two empty unordered list items below."
        RenderBlock {DIV} at (0,34) size 784x54
          RenderBlock {UL} at (0,0) size 784x54
            RenderListItem {LI} at (40,0) size 744x18
              RenderListMarker at (-17,0) size 7x17: bullet
              RenderBR {BR} at (0,0) size 0x17
            RenderListItem {LI} at (40,18) size 744x18
              RenderListMarker at (-17,0) size 7x17: bullet
              RenderBR {BR} at (0,0) size 0x17
            RenderListItem {LI} at (40,36) size 744x18
              RenderListMarker at (-17,0) size 7x17: bullet
              RenderText {#text} at (0,0) size 237x17
                text run at (0,0) width 237: "This should be an unordered list item."
selection start: position 0 of child 0 {BR} of child 0 {LI} of child 0 {UL} of child 3 {DIV} of child 2 {DIV} of body
selection end:   position 38 of child 0 {#text} of child 2 {LI} of child 0 {UL} of child 3 {DIV} of child 2 {DIV} of body
