layer at (0,0) size 800x600
  RenderView at (0,0) size 800x600
layer at (0,0) size 800x600
  RenderBlock {HTML} at (0,0) size 800x600
    RenderBody {BODY} at (8,8) size 784x576
      RenderBlock {UL} at (0,0) size 784x18
        RenderListItem {LI} at (40,0) size 744x18
          RenderListMarker at (-17,0) size 7x18: bullet
          RenderInline {A} at (0,0) size 736x18 [color=#0000EE]
            RenderText {#text} at (0,0) size 736x18
              text run at (0,0) width 336: "This tests for a crash when creating a list from a link. "
              text run at (336,0) width 400: "This paragraph should be a link and should be inside a list item."
          RenderText {#text} at (0,0) size 0x0
selection start: position 0 of child 0 {#text} of child 0 {A} of child 0 {LI} of child 0 {UL} of body
selection end:   position 123 of child 0 {#text} of child 0 {A} of child 0 {LI} of child 0 {UL} of body
