layer at (0,0) size 800x600
  RenderView at (0,0) size 800x600
layer at (0,0) size 800x600
  RenderBlock {HTML} at (0,0) size 800x600
    RenderBody {BODY} at (8,8) size 784x576
      RenderBlock {P} at (0,0) size 784x18
        RenderText {#text} at (0,0) size 681x18
          text run at (0,0) width 681: "This tests for a bug where hitting return inside an empty paragraph in a non-empty list item would remove it."
      RenderBlock {DIV} at (0,34) size 784x54
        RenderBlock {UL} at (0,0) size 784x54
          RenderListItem {LI} at (40,0) size 744x36
            RenderListMarker at (-17,0) size 7x18: bullet
            RenderText {#text} at (0,0) size 21x18
              text run at (0,0) width 21: "foo"
            RenderBR {BR} at (21,14) size 0x0
            RenderBR {BR} at (0,18) size 0x18
          RenderListItem {LI} at (40,36) size 744x18
            RenderListMarker at (-17,0) size 7x18: bullet
            RenderBR {BR} at (0,0) size 0x18
caret: position 0 of child 0 {BR} of child 1 {LI} of child 1 {UL} of child 2 {DIV} of body
