EDITING DELEGATE: shouldBeginEditingInDOMRange:range from 0 of DIV > BODY > HTML > #document to 0 of DIV > BODY > HTML > #document
EDITING DELEGATE: webViewDidBeginEditing:WebViewDidBeginEditingNotification
EDITING DELEGATE: webViewDidChangeSelection:WebViewDidChangeSelectionNotification
EDITING DELEGATE: shouldChangeSelectedDOMRange:range from 0 of DIV > BODY > HTML > #document to 0 of DIV > BODY > HTML > #document toDOMRange:range from 1 of DIV > BODY > HTML > #document to 1 of DIV > BODY > HTML > #document affinity:NSSelectionAffinityDownstream stillSelecting:FALSE
EDITING DELEGATE: webViewDidChangeSelection:WebViewDidChangeSelectionNotification
EDITING DELEGATE: webViewDidChange:WebViewDidChangeNotification
EDITING DELEGATE: shouldChangeSelectedDOMRange:range from 1 of DIV > BODY > HTML > #document to 1 of DIV > BODY > HTML > #document toDOMRange:range from 2 of DIV > BODY > HTML > #document to 2 of DIV > BODY > HTML > #document affinity:NSSelectionAffinityDownstream stillSelecting:FALSE
EDITING DELEGATE: webViewDidChangeSelection:WebViewDidChangeSelectionNotification
EDITING DELEGATE: webViewDidChange:WebViewDidChangeNotification
layer at (0,0) size 800x600
  RenderView at (0,0) size 800x600
layer at (0,0) size 800x600
  RenderBlock {HTML} at (0,0) size 800x600
    RenderBody {BODY} at (8,8) size 784x576
      RenderBlock {P} at (0,0) size 784x36
        RenderText {#text} at (0,0) size 748x36
          text run at (0,0) width 306: "This is a test of execCommand(InsertImage, ...). "
          text run at (306,0) width 442: "The first test passes execCommand a path to a valid image, the second"
          text run at (0,18) width 369: "passes execCommand a path where no image should exist."
      RenderBlock {DIV} at (0,52) size 784x103
        RenderImage {IMG} at (0,0) size 76x103
        RenderImage {IMG} at (76,83) size 20x20
      RenderBlock {UL} at (0,171) size 784x0
caret: position 1 of child 1 {IMG} of child 3 {DIV} of body
