layer at (0,0) size 800x600
  RenderView at (0,0) size 800x600
layer at (0,0) size 800x600 layerType: background only
layer at (8,8) size 784x240
  RenderBlock (positioned) zI: -1 {DIV} at (0,0) size 784x240 [bgcolor=#FF0000]
    RenderText zI: -1 {#text} at (0,113) size 16x16
      text run at (0,113) width 16: "X"
layer at (0,0) size 800x600 layerType: foreground only
  RenderBlock {HTML} at (0,0) size 800x600
    RenderBody {BODY} at (8,8) size 784x584
layer at (8,8) size 784x96
  RenderBlock (relative positioned) {DIV} at (0,0) size 784x96
    RenderBlock {DIV} at (0,0) size 784x96 [bgcolor=#00FF00]
      RenderInline {SPAN} at (0,33) size 0x16
      RenderBR {BR} at (0,33) size 0x16
      RenderInline {SPAN} at (0,81) size 0x16
      RenderText {#text} at (0,81) size 16x16
        text run at (0,81) width 16: "X"
