layer at (0,0) size 800x600
  RenderView at (0,0) size 800x600
layer at (0,0) size 800x600
  RenderBlock {HTML} at (0,0) size 800x600
    RenderBody {BODY} at (8,8) size 784x576
      RenderBlock {P} at (0,0) size 784x36
        RenderText {#text} at (0,0) size 53x17
          text run at (0,0) width 53: "Test for "
        RenderInline {I} at (0,0) size 776x35
          RenderInline {A} at (0,0) size 301x17 [color=#0000EE]
            RenderText {#text} at (53,0) size 301x17
              text run at (53,0) width 301: "http://bugs.webkit.org/show_bug.cgi?id=17834"
          RenderText {#text} at (354,0) size 776x35
            text run at (354,0) width 4: " "
            text run at (358,0) width 418: "REGRESSION: floated first-letter does not work when included in"
            text run at (0,18) width 31: "table"
        RenderText {#text} at (31,18) size 4x17
          text run at (31,18) width 4: "."
      RenderBlock {P} at (0,52) size 784x18
        RenderText {#text} at (0,0) size 274x17
          text run at (0,0) width 274: "The following three lines should look like \x{201C}"
        RenderInline {SPAN} at (0,0) size 12x17 [color=#008000]
          RenderText {#text} at (274,0) size 12x17
            text run at (274,0) width 12: "A"
        RenderText {#text} at (286,0) size 26x17
          text run at (286,0) width 26: "-Z\x{201D}."
      RenderTable {TABLE} at (0,86) size 33x24
        RenderTableSection {TBODY} at (0,0) size 33x24
          RenderTableRow {TR} at (0,2) size 33x20
            RenderTableCell {TD} at (2,2) size 29x20 [r=0 c=0 rs=1 cs=1]
              RenderBlock {DIV} at (1,1) size 27x18
                RenderBlock {P} at (0,0) size 27x18
                  RenderBlock (floating) at (0,0) size 12x18 [color=#008000]
                    RenderText at (0,0) size 12x17
                      text run at (0,0) width 12: "A"
                  RenderText {#text} at (12,0) size 15x17
                    text run at (12,0) width 15: "-Z"
      RenderTable {TABLE} at (0,110) size 33x24
        RenderTableSection {TBODY} at (0,0) size 33x24
          RenderTableRow {TR} at (0,2) size 33x20
            RenderTableCell {TD} at (2,2) size 29x20 [r=0 c=0 rs=1 cs=1]
              RenderBlock {P} at (1,1) size 27x18
                RenderBlock (floating) at (0,0) size 12x18 [color=#008000]
                  RenderText at (0,0) size 12x17
                    text run at (0,0) width 12: "A"
                RenderText {#text} at (12,0) size 15x17
                  text run at (12,0) width 15: "-Z"
      RenderBlock {P} at (0,150) size 784x18
        RenderBlock (floating) at (0,0) size 12x18 [color=#008000]
          RenderText at (0,0) size 12x17
            text run at (0,0) width 12: "A"
        RenderText {#text} at (12,0) size 15x17
          text run at (12,0) width 15: "-Z"
