layer at (0,0) size 800x600
  RenderView at (0,0) size 800x600
layer at (0,0) size 800x600
  RenderBlock {HTML} at (0,0) size 800x600
    RenderBody {BODY} at (8,8) size 784x584
      RenderBlock {P} at (0,0) size 784x18
        RenderText {#text} at (0,0) size 53x17
          text run at (0,0) width 53: "Test for "
        RenderInline {A} at (0,0) size 295x17 [color=#0000EE]
          RenderText {#text} at (53,0) size 295x17
            text run at (53,0) width 295: "http://bugs.webkit.org/show_bug.cgi?id=4104 "
        RenderText {#text} at (348,0) size 248x17
          text run at (348,0) width 248: "first-letter not updating style with hover"
      RenderBlock {P} at (0,34) size 784x18
        RenderText {#text} at (0,0) size 391x17
          text run at (0,0) width 391: "The next line of text should turn green when we hover over it."
      RenderBlock {DIV} at (0,68) size 784x36 [color=#008000]
        RenderInline (generated) at (0,0) size 10x17 [color=#0000FF]
          RenderText at (0,0) size 10x17
            text run at (0,0) width 10: "T"
        RenderText {#text} at (10,0) size 775x35
          text run at (10,0) width 765: "he first letter of this paragraph should be larger than the rest. If you hover over this paragraph, all of the text (including the"
          text run at (0,18) width 501: "first letter) should turn green. If the first letter remains black, then there is a bug!"
