layer at (0,0) size 800x600
  RenderView at (0,0) size 800x600
layer at (0,0) size 800x600
  RenderBlock {HTML} at (0,0) size 800x600
    RenderBody {BODY} at (8,8) size 784x584
      RenderBlock {P} at (0,0) size 784x18
        RenderText {#text} at (0,0) size 53x17
          text run at (0,0) width 53: "Test for "
        RenderInline {A} at (0,0) size 303x17 [color=#0000EE]
          RenderText {#text} at (53,0) size 303x17
            text run at (53,0) width 303: "http://bugs.webkit.org/show_bug.cgi?id=13169 "
        RenderText {#text} at (356,0) size 298x17
          text run at (356,0) width 298: "css-formatted first letter won't hide dynamically"
      RenderBlock {P} at (0,34) size 784x18
        RenderText {#text} at (0,0) size 417x17
          text run at (0,0) width 417: "The next line of text should become invisible, including first letter."
      RenderBlock {DIV} at (0,68) size 784x18
        RenderInline (generated) at (0,0) size 11x17 [color=#0000FF]
          RenderText at (0,0) size 11x17
            text run at (0,0) width 11: "C"
        RenderText {#text} at (11,0) size 70x17
          text run at (11,0) width 70: "lick to hide"
