layer at (0,0) size 800x600
  RenderView at (0,0) size 800x600
layer at (0,0) size 800x600
  RenderBlock {HTML} at (0,0) size 800x600
    RenderBody {BODY} at (8,8) size 784x584
      RenderBlock {P} at (0,0) size 784x36
        RenderText {#text} at (0,0) size 742x35
          text run at (0,0) width 742: "Assuming the port-specific theme draws focus rings, this test can be used to ensure that a focus ring is drawn around a"
          text run at (0,18) width 76: "search field."
      RenderBlock (anonymous) at (0,52) size 784x24
        RenderTextControl {INPUT} at (0,0) size 173x24 [bgcolor=#FFFFFF] [border: (2px inset #000000)]
          RenderFlexibleBox {DIV} at (3,3) size 167x18
            RenderBlock {DIV} at (0,9) size 0x0
            RenderBlock {DIV} at (0,0) size 151x18
        RenderText {#text} at (0,0) size 0x0
layer at (11,63) size 151x18
  RenderBlock {DIV} at (0,0) size 151x18
layer at (162,64) size 16x16
  RenderBlock {DIV} at (151,1) size 16x16 [bgcolor=#000000]
caret: position 0 of child 0 {DIV} of child 1 {DIV} of child 0 {DIV} of {#document-fragment} of child 3 {INPUT} of body
