layer at (0,0) size 800x600
  RenderView at (0,0) size 800x600
layer at (0,0) size 800x600
  RenderBlock {HTML} at (0,0) size 800x600
    RenderBody {BODY} at (8,8) size 784x576
      RenderBlock {DIV} at (0,0) size 784x18
        RenderInline {SPAN} at (0,0) size 225x17 [color=#FF0000]
          RenderText {#text} at (0,0) size 225x17
            text run at (0,0) width 225: "This should turn red when hovered."
        RenderText {#text} at (0,0) size 0x0
      RenderBlock {HR} at (0,26) size 784x2 [border: (1px inset #000000)]
      RenderBlock {P} at (0,44) size 784x36
        RenderText {#text} at (0,0) size 53x17
          text run at (0,0) width 53: "Test for "
        RenderInline {I} at (0,0) size 779x35
          RenderInline {A} at (0,0) size 348x17 [color=#0000EE]
            RenderText {#text} at (53,0) size 348x17
              text run at (53,0) width 348: "http://bugzilla.opendarwin.org/show_bug.cgi?id=7327"
          RenderText {#text} at (401,0) size 779x35
            text run at (401,0) width 378: " REGRESSION (r12869): :hover subselector does not work"
            text run at (0,18) width 94: "in quirks mode"
        RenderText {#text} at (94,18) size 98x17
          text run at (94,18) width 98: ". This tests that "
        RenderInline {CODE} at (0,0) size 96x15
          RenderText {#text} at (192,21) size 96x15
            text run at (192,21) width 96: "span#t:hover"
        RenderText {#text} at (288,18) size 170x17
          text run at (288,18) width 170: " matches the hovered span."
