layer at (0,0) size 800x600
  RenderView at (0,0) size 800x600
layer at (0,0) size 800x600
  RenderBlock {HTML} at (0,0) size 800x600
    RenderBody {BODY} at (8,8) size 784x584
      RenderTextControl {INPUT} at (2,2) size 463x82 [bgcolor=#FFFFFF] [border: (2px inset #000000)]
        RenderFlexibleBox {DIV} at (3,3) size 457x47
          RenderBlock {DIV} at (0,23) size 0x0
          RenderBlock {DIV} at (0,0) size 417x47
      RenderBR {BR} at (467,28) size 0x17
      RenderTextControl {INPUT} at (2,88) size 423x82 [bgcolor=#FFFFFF] [border: (2px inset #000000)]
      RenderBR {BR} at (427,114) size 0x17
      RenderTextControl {INPUT} at (2,172) size 241x25 [bgcolor=#FFFFFF] [border: (2px inset #000000)]
        RenderFlexibleBox {DIV} at (6,1) size 229x23
          RenderBlock {DIV} at (0,11) size 0x0
          RenderBlock {DIV} at (0,0) size 209x23
layer at (13,13) size 417x47
  RenderBlock {DIV} at (0,0) size 417x47
    RenderText {#text} at (0,1) size 337x45
      text run at (0,1) width 337: "value jgq not clipped"
layer at (13,99) size 417x47
  RenderBlock {DIV} at (3,3) size 417x47
    RenderText {#text} at (0,1) size 337x45
      text run at (0,1) width 337: "value jgq not clipped"
layer at (16,181) size 209x23
  RenderBlock {DIV} at (0,0) size 209x23
    RenderText {#text} at (0,0) size 109x22
      text run at (0,0) width 109: "Sample Input"
layer at (430,17) size 40x40
  RenderBlock {DIV} at (417,3) size 40x41 [bgcolor=#000000]
layer at (225,183) size 20x20
  RenderBlock {DIV} at (209,1) size 20x21 [bgcolor=#000000]
