layer at (0,0) size 800x600
  RenderView at (0,0) size 800x600
layer at (0,0) size 800x272
  RenderBlock {HTML} at (0,0) size 800x272
    RenderBody {BODY} at (8,12) size 784x248
      RenderBlock {P} at (0,0) size 784x30
        RenderText {#text} at (0,0) size 775x29
          text run at (0,0) width 775: "This test verifies that line height is determined solely by a box's primary font, not by its fallback fonts. The following two lines should have a solid, unbroken red"
          text run at (0,15) width 81: "line below them:"
      RenderBlock {DIV} at (0,42) size 784x97
        RenderBlock {UL} at (0,0) size 567x97
          RenderBlock (floating) {LI} at (40,0) size 58x31 [border: none (1px solid #FF0000) none]
            RenderInline {A} at (0,0) size 36x15
              RenderText {#text} at (12,7) size 36x15
                text run at (12,7) width 36: "\x{6EE8}\x{5D0E}\x{6B65}"
          RenderBlock (floating) {LI} at (97,0) size 77x31 [border: none (1px solid #FF0000) none]
            RenderInline {A} at (0,0) size 54x20
              RenderText {#text} at (12,5) size 54x20
                text run at (12,5) width 54: "\x{8521}\x{4F9D}\x{6797}"
          RenderBlock (floating) {LI} at (173,0) size 79x31 [border: none (1px solid #FF0000) none]
            RenderInline {A} at (0,0) size 57x26
              RenderText {#text} at (12,2) size 57x26
                text run at (12,2) width 57: "\x{9648}\x{7EEE}\x{8D1E}"
          RenderBlock (floating) {LI} at (251,0) size 73x31 [border: none (1px solid #FF0000) none]
            RenderInline {A} at (0,0) size 51x20
              RenderText {#text} at (12,5) size 51x20
                text run at (12,5) width 51: "\x{9648}\x{5955}\x{8FC5}"
          RenderBlock (floating) {LI} at (323,0) size 54x31 [border: none (1px solid #FF0000) none]
            RenderInline {A} at (0,0) size 31x14
              RenderText {#text} at (12,8) size 31x14
                text run at (12,8) width 31: "\x{9ED1}\x{9E2D}\x{5B50}"
          RenderBlock (floating) {LI} at (376,0) size 65x31 [border: none (1px solid #FF0000) none]
            RenderInline {A} at (0,0) size 42x15
              RenderText {#text} at (12,7) size 42x15
                text run at (12,7) width 42: "\x{674E}\x{5B87}\x{6625}"
          RenderBlock (floating) {LI} at (440,0) size 65x31 [border: none (1px solid #FF0000) none]
            RenderInline {A} at (0,0) size 42x15
              RenderText {#text} at (12,7) size 42x15
                text run at (12,7) width 42: "\x{6881}\x{9759}\x{8339}"
      RenderBlock {DIV} at (0,151) size 784x97
        RenderBlock {UL} at (0,0) size 567x97
          RenderBlock (floating) {LI} at (40,0) size 58x31 [border: none (1px solid #FF0000) none]
            RenderText {#text} at (12,7) size 36x15
              text run at (12,7) width 36: "\x{6EE8}\x{5D0E}\x{6B65}"
          RenderBlock (floating) {LI} at (97,0) size 77x31 [border: none (1px solid #FF0000) none]
            RenderText {#text} at (12,5) size 54x20
              text run at (12,5) width 54: "\x{8521}\x{4F9D}\x{6797}"
          RenderBlock (floating) {LI} at (173,0) size 79x31 [border: none (1px solid #FF0000) none]
            RenderText {#text} at (12,2) size 57x26
              text run at (12,2) width 57: "\x{9648}\x{7EEE}\x{8D1E}"
          RenderBlock (floating) {LI} at (251,0) size 73x31 [border: none (1px solid #FF0000) none]
            RenderText {#text} at (12,5) size 51x20
              text run at (12,5) width 51: "\x{9648}\x{5955}\x{8FC5}"
          RenderBlock (floating) {LI} at (323,0) size 54x31 [border: none (1px solid #FF0000) none]
            RenderText {#text} at (12,8) size 31x14
              text run at (12,8) width 31: "\x{9ED1}\x{9E2D}\x{5B50}"
          RenderBlock (floating) {LI} at (376,0) size 65x31 [border: none (1px solid #FF0000) none]
            RenderText {#text} at (12,7) size 42x15
              text run at (12,7) width 42: "\x{674E}\x{5B87}\x{6625}"
          RenderBlock (floating) {LI} at (440,0) size 65x31 [border: none (1px solid #FF0000) none]
            RenderText {#text} at (12,7) size 42x15
              text run at (12,7) width 42: "\x{6881}\x{9759}\x{8339}"
