layer at (0,0) size 800x600
  RenderView at (0,0) size 800x600
layer at (0,0) size 800x600
  RenderBlock {HTML} at (0,0) size 800x600
    RenderBody {BODY} at (8,8) size 784x576
      RenderBlock {H1} at (0,0) size 784x37
        RenderText {#text} at (0,0) size 254x36
          text run at (0,0) width 254: "setAttribute() Test"
      RenderBlock {P} at (0,58) size 784x19 [color=#008000]
        RenderText {#text} at (0,0) size 468x17
          text run at (0,0) width 468: "This element's Class attribute is set using setAttribute(). It should be green."
      RenderBlock {P} at (0,92) size 784x19 [color=#008000]
        RenderText {#text} at (0,0) size 451x17
          text run at (0,0) width 451: "This element's ID attribute is set using setAttribute(). It should be green."
      RenderBlock {P} at (0,126) size 784x19 [color=#008000]
        RenderText {#text} at (0,0) size 463x17
          text run at (0,0) width 463: "This element's Title attribute is set using setAttribute(). It should be green."
      RenderBlock {P} at (0,160) size 784x19 [color=#008000]
        RenderText {#text} at (0,0) size 392x17
          text run at (0,0) width 392: "This element's Title attribute is hard-coded. It should be green."
      RenderBlock {P} at (0,194) size 784x19 [color=#008000]
        RenderText {#text} at (0,0) size 467x17
          text run at (0,0) width 467: "This element's Lang attribute is set using setAttribute(). It should be green."
