layer at (0,0) size 800x600
  RenderView at (0,0) size 800x600
layer at (0,0) size 800x490
  RenderBlock {HTML} at (0,0) size 800x490
    RenderBody {BODY} at (8,8) size 784x474
      RenderBlock (anonymous) at (0,0) size 784x18
        RenderText {#text} at (0,0) size 664x17
          text run at (0,0) width 664: "The text in the button, popup menu and list box should have the same case as in the accompanying text."
      RenderBlock {DIV} at (0,18) size 784x76
        RenderMenuList {SELECT} at (0,46) size 87x30 [bgcolor=#FFFFFF] [border: (1px solid #000000)]
          RenderBlock (anonymous) at (1,1) size 85x28
            RenderText at (5,5) size 53x17
              text run at (5,5) width 53: "HELLO"
        RenderText {#text} at (87,52) size 4x17
          text run at (87,52) width 4: " "
        RenderListBox {SELECT} at (91,0) size 80x73 [bgcolor=#FFFFFF] [border: (1px inset #808080)]
        RenderText {#text} at (171,52) size 4x17
          text run at (171,52) width 4: " "
        RenderInline {SPAN} at (0,0) size 116x17
          RenderText {#text} at (175,52) size 116x17
            text run at (175,52) width 116: "HELLO WORLD"
        RenderText {#text} at (0,0) size 0x0
      RenderBlock {DIV} at (0,94) size 784x76
        RenderMenuList {SELECT} at (0,46) size 79x30 [bgcolor=#FFFFFF] [border: (1px solid #000000)]
          RenderBlock (anonymous) at (1,1) size 77x28
            RenderText at (5,5) size 47x17
              text run at (5,5) width 47: "HeLLo"
        RenderText {#text} at (79,52) size 4x17
          text run at (79,52) width 4: " "
        RenderListBox {SELECT} at (83,0) size 72x73 [bgcolor=#FFFFFF] [border: (1px inset #808080)]
        RenderText {#text} at (155,52) size 4x17
          text run at (155,52) width 4: " "
        RenderInline {SPAN} at (0,0) size 101x17
          RenderText {#text} at (159,52) size 101x17
            text run at (159,52) width 101: "HeLLo WoRLd"
        RenderText {#text} at (0,0) size 0x0
      RenderBlock {DIV} at (0,170) size 784x76
        RenderMenuList {SELECT} at (0,46) size 66x30 [bgcolor=#FFFFFF] [border: (1px solid #000000)]
          RenderBlock (anonymous) at (1,1) size 64x28
            RenderText at (5,5) size 32x17
              text run at (5,5) width 32: "hello"
        RenderText {#text} at (66,52) size 4x17
          text run at (66,52) width 4: " "
        RenderListBox {SELECT} at (70,0) size 59x73 [bgcolor=#FFFFFF] [border: (1px inset #808080)]
        RenderText {#text} at (129,52) size 4x17
          text run at (129,52) width 4: " "
        RenderInline {SPAN} at (0,0) size 74x17
          RenderText {#text} at (133,52) size 74x17
            text run at (133,52) width 74: "hello world"
        RenderText {#text} at (0,0) size 0x0
      RenderBlock {DIV} at (0,246) size 784x76
        RenderMenuList {SELECT} at (0,46) size 64x30 [bgcolor=#FFFFFF] [border: (1px solid #000000)]
          RenderBlock (anonymous) at (1,1) size 62x28
            RenderText at (5,5) size 18x17
              text run at (5,5) width 18: "SS"
        RenderText {#text} at (64,52) size 4x17
          text run at (64,52) width 4: " "
        RenderListBox {SELECT} at (68,0) size 57x73 [bgcolor=#FFFFFF] [border: (1px inset #808080)]
        RenderText {#text} at (125,52) size 4x17
          text run at (125,52) width 4: " "
        RenderInline {SPAN} at (0,0) size 58x17
          RenderText {#text} at (129,52) size 58x17
            text run at (129,52) width 58: "SS SSSS"
        RenderText {#text} at (0,0) size 0x0
      RenderBlock {DIV} at (0,322) size 784x76
        RenderMenuList {SELECT} at (0,46) size 44x30 [bgcolor=#FFFFFF] [border: (1px solid #000000)]
          RenderBlock (anonymous) at (1,1) size 42x28
            RenderText at (5,5) size 8x17
              text run at (5,5) width 8: "\x{DF}"
        RenderText {#text} at (44,52) size 4x17
          text run at (44,52) width 4: " "
        RenderListBox {SELECT} at (48,0) size 37x73 [bgcolor=#FFFFFF] [border: (1px inset #808080)]
        RenderText {#text} at (85,52) size 4x17
          text run at (85,52) width 4: " "
        RenderInline {SPAN} at (0,0) size 28x17
          RenderText {#text} at (89,52) size 28x17
            text run at (89,52) width 28: "\x{DF} \x{DF}\x{DF}"
        RenderText {#text} at (0,0) size 0x0
      RenderBlock {DIV} at (0,398) size 784x76
        RenderMenuList {SELECT} at (0,46) size 44x30 [bgcolor=#FFFFFF] [border: (1px solid #000000)]
          RenderBlock (anonymous) at (1,1) size 42x28
            RenderText at (5,5) size 8x17
              text run at (5,5) width 8: "\x{DF}"
        RenderText {#text} at (44,52) size 4x17
          text run at (44,52) width 4: " "
        RenderListBox {SELECT} at (48,0) size 37x73 [bgcolor=#FFFFFF] [border: (1px inset #808080)]
        RenderText {#text} at (85,52) size 4x17
          text run at (85,52) width 4: " "
        RenderInline {SPAN} at (0,0) size 28x17
          RenderText {#text} at (89,52) size 28x17
            text run at (89,52) width 28: "\x{DF} \x{DF}\x{DF}"
        RenderText {#text} at (0,0) size 0x0
