layer at (0,0) size 800x600
  RenderView at (0,0) size 800x600
layer at (0,0) size 800x392
  RenderBlock {HTML} at (0,0) size 800x392
    RenderBody {BODY} at (8,16) size 784x360
      RenderBlock {P} at (0,0) size 784x18
        RenderText {#text} at (0,0) size 314x17
          text run at (0,0) width 314: "This test is a basic check for using text-overflow."
      RenderBlock {P} at (0,34) size 784x114
        RenderText {#text} at (0,0) size 490x17
          text run at (0,0) width 490: "Apply \"text-overflow:clip\" to inputs. The following input should be clipped:"
        RenderBR {BR} at (489,0) size 1x17
        RenderTextControl {INPUT} at (0,18) size 173x24 [bgcolor=#FFFFFF] [border: (2px inset #000000)]
        RenderText {#text} at (173,21) size 4x17
          text run at (173,21) width 4: " "
        RenderTextControl {INPUT} at (177,18) size 173x24 [bgcolor=#FFFFFF] [border: (2px inset #000000)]
          RenderFlexibleBox {DIV} at (3,3) size 167x18
            RenderBlock {DIV} at (0,9) size 0x0
            RenderBlock {DIV} at (0,0) size 151x18
        RenderText {#text} at (350,21) size 4x17
          text run at (350,21) width 4: " "
        RenderTextControl {INPUT} at (354,18) size 173x24 [bgcolor=#FFFFFF] [border: (2px inset #000000)]
        RenderText {#text} at (527,21) size 4x17
          text run at (527,21) width 4: " "
        RenderTextControl {INPUT} at (531,18) size 173x24 [bgcolor=#FFFFFF] [border: (2px inset #000000)]
          RenderFlexibleBox {DIV} at (3,3) size 167x18
            RenderBlock {DIV} at (0,9) size 0x0
            RenderBlock {DIV} at (0,0) size 151x18
        RenderText {#text} at (0,0) size 0x0
        RenderTextControl {INPUT} at (0,42) size 173x24 [bgcolor=#FFFFFF] [border: (2px inset #000000)]
          RenderFlexibleBox {DIV} at (3,3) size 167x18
            RenderBlock {DIV} at (0,0) size 167x18
        RenderBR {BR} at (173,45) size 0x17
        RenderTextControl {INPUT} at (0,66) size 172x24 [bgcolor=#FFFFFF] [border: (2px inset #000000)]
        RenderText {#text} at (172,69) size 4x17
          text run at (172,69) width 4: " "
        RenderTextControl {INPUT} at (176,66) size 172x24 [bgcolor=#FFFFFF] [border: (2px inset #000000)]
          RenderFlexibleBox {DIV} at (3,3) size 166x18
            RenderBlock {DIV} at (166,9) size 0x0
            RenderBlock {DIV} at (16,0) size 150x18
        RenderText {#text} at (348,69) size 4x17
          text run at (348,69) width 4: " "
        RenderTextControl {INPUT} at (352,66) size 172x24 [bgcolor=#FFFFFF] [border: (2px inset #000000)]
        RenderText {#text} at (524,69) size 4x17
          text run at (524,69) width 4: " "
        RenderTextControl {INPUT} at (528,66) size 172x24 [bgcolor=#FFFFFF] [border: (2px inset #000000)]
          RenderFlexibleBox {DIV} at (3,3) size 166x18
            RenderBlock {DIV} at (166,9) size 0x0
            RenderBlock {DIV} at (16,0) size 150x18
        RenderText {#text} at (0,0) size 0x0
        RenderTextControl {INPUT} at (0,90) size 172x24 [bgcolor=#FFFFFF] [border: (2px inset #000000)]
          RenderFlexibleBox {DIV} at (3,3) size 166x18
            RenderBlock {DIV} at (0,0) size 166x18
        RenderText {#text} at (0,0) size 0x0
      RenderBlock {P} at (0,164) size 784x114
        RenderText {#text} at (0,0) size 547x17
          text run at (0,0) width 547: "Apply \"text-overflow:ellipsis\" to inputs. The following input should show an ellipsis:"
        RenderBR {BR} at (546,0) size 1x17
        RenderTextControl {INPUT} at (0,18) size 173x24 [bgcolor=#FFFFFF] [border: (2px inset #000000)]
        RenderText {#text} at (173,21) size 4x17
          text run at (173,21) width 4: " "
        RenderTextControl {INPUT} at (177,18) size 173x24 [bgcolor=#FFFFFF] [border: (2px inset #000000)]
          RenderFlexibleBox {DIV} at (3,3) size 167x18
            RenderBlock {DIV} at (0,9) size 0x0
            RenderBlock {DIV} at (0,0) size 151x18
        RenderText {#text} at (350,21) size 4x17
          text run at (350,21) width 4: " "
        RenderTextControl {INPUT} at (354,18) size 173x24 [bgcolor=#FFFFFF] [border: (2px inset #000000)]
        RenderText {#text} at (527,21) size 4x17
          text run at (527,21) width 4: " "
        RenderTextControl {INPUT} at (531,18) size 173x24 [bgcolor=#FFFFFF] [border: (2px inset #000000)]
          RenderFlexibleBox {DIV} at (3,3) size 167x18
            RenderBlock {DIV} at (0,9) size 0x0
            RenderBlock {DIV} at (0,0) size 151x18
        RenderText {#text} at (0,0) size 0x0
        RenderTextControl {INPUT} at (0,42) size 173x24 [bgcolor=#FFFFFF] [border: (2px inset #000000)]
          RenderFlexibleBox {DIV} at (3,3) size 167x18
            RenderBlock {DIV} at (0,0) size 167x18
        RenderBR {BR} at (173,45) size 0x17
        RenderTextControl {INPUT} at (0,66) size 172x24 [bgcolor=#FFFFFF] [border: (2px inset #000000)]
        RenderText {#text} at (172,69) size 4x17
          text run at (172,69) width 4: " "
        RenderTextControl {INPUT} at (176,66) size 172x24 [bgcolor=#FFFFFF] [border: (2px inset #000000)]
          RenderFlexibleBox {DIV} at (3,3) size 166x18
            RenderBlock {DIV} at (166,9) size 0x0
            RenderBlock {DIV} at (16,0) size 150x18
        RenderText {#text} at (348,69) size 4x17
          text run at (348,69) width 4: " "
        RenderTextControl {INPUT} at (352,66) size 172x24 [bgcolor=#FFFFFF] [border: (2px inset #000000)]
        RenderText {#text} at (524,69) size 4x17
          text run at (524,69) width 4: " "
        RenderTextControl {INPUT} at (528,66) size 172x24 [bgcolor=#FFFFFF] [border: (2px inset #000000)]
          RenderFlexibleBox {DIV} at (3,3) size 166x18
            RenderBlock {DIV} at (166,9) size 0x0
            RenderBlock {DIV} at (16,0) size 150x18
        RenderText {#text} at (0,0) size 0x0
        RenderTextControl {INPUT} at (0,90) size 172x24 [bgcolor=#FFFFFF] [border: (2px inset #000000)]
          RenderFlexibleBox {DIV} at (3,3) size 166x18
            RenderBlock {DIV} at (0,0) size 166x18
        RenderText {#text} at (0,0) size 0x0
      RenderBlock {P} at (0,294) size 784x66
        RenderText {#text} at (0,0) size 238x17
          text run at (0,0) width 238: "Dynamic style change text-overflow:"
        RenderBR {BR} at (237,0) size 1x17
        RenderText {#text} at (0,21) size 247x17
          text run at (0,21) width 247: "Clip to ellipsis (should show ellipsis): "
        RenderTextControl {INPUT} at (246,18) size 174x24 [bgcolor=#FFFFFF] [border: (2px inset #000000)]
        RenderText {#text} at (419,21) size 5x17
          text run at (419,21) width 5: " "
        RenderTextControl {INPUT} at (423,18) size 174x24 [bgcolor=#FFFFFF] [border: (2px inset #000000)]
        RenderText {#text} at (0,0) size 0x0
        RenderBR {BR} at (596,21) size 1x17
        RenderText {#text} at (0,45) size 270x17
          text run at (0,45) width 270: "Ellipsis to clip (should not show ellipsis): "
        RenderTextControl {INPUT} at (269,42) size 174x24 [bgcolor=#FFFFFF] [border: (2px inset #000000)]
        RenderText {#text} at (442,45) size 5x17
          text run at (442,45) width 5: " "
        RenderTextControl {INPUT} at (446,42) size 174x24 [bgcolor=#FFFFFF] [border: (2px inset #000000)]
        RenderText {#text} at (0,0) size 0x0
        RenderBR {BR} at (619,45) size 1x17
layer at (11,71) size 167x18 scrollWidth 353
  RenderBlock {DIV} at (3,3) size 167x18 [color=#A9A9A9]
    RenderText {#text} at (0,0) size 353x17
      text run at (0,0) width 353: "Lorem ipsum dolor sit amet, consectetur adipiscing elit"
layer at (11,71) size 167x18
  RenderBlock {DIV} at (3,3) size 167x18
layer at (188,71) size 151x18 scrollWidth 353
  RenderBlock {DIV} at (3,3) size 151x18 [color=#A9A9A9]
    RenderText {#text} at (0,0) size 353x17
      text run at (0,0) width 353: "Lorem ipsum dolor sit amet, consectetur adipiscing elit"
layer at (188,71) size 151x18
  RenderBlock {DIV} at (0,0) size 151x18
layer at (365,71) size 167x18 scrollWidth 354
  RenderBlock {DIV} at (3,3) size 167x18
    RenderText {#text} at (0,0) size 353x17
      text run at (0,0) width 353: "Lorem ipsum dolor sit amet, consectetur adipiscing elit"
layer at (542,71) size 151x18 scrollWidth 354
  RenderBlock {DIV} at (0,0) size 151x18
    RenderText {#text} at (0,0) size 353x17
      text run at (0,0) width 353: "Lorem ipsum dolor sit amet, consectetur adipiscing elit"
layer at (11,95) size 167x18 scrollWidth 309
  RenderBlock {DIV} at (0,0) size 167x18
    RenderText {#text} at (0,0) size 309x17
      text run at (0,0) width 309: "\x{2022}\x{2022}\x{2022}\x{2022}\x{2022}\x{2022}\x{2022}\x{2022}\x{2022}\x{2022}\x{2022}\x{2022}\x{2022}\x{2022}\x{2022}\x{2022}\x{2022}\x{2022}\x{2022}\x{2022}\x{2022}\x{2022}\x{2022}\x{2022}\x{2022}\x{2022}\x{2022}\x{2022}\x{2022}\x{2022}\x{2022}\x{2022}\x{2022}\x{2022}\x{2022}\x{2022}\x{2022}\x{2022}\x{2022}\x{2022}\x{2022}\x{2022}\x{2022}\x{2022}\x{2022}\x{2022}\x{2022}\x{2022}\x{2022}\x{2022}\x{2022}\x{2022}\x{2022}\x{2022}\x{2022}"
layer at (11,119) size 166x18 scrollX 187 scrollWidth 353
  RenderBlock {DIV} at (3,3) size 166x18 [color=#A9A9A9]
    RenderText {#text} at (-186,0) size 353x17
      text run at (-186,0) width 42: "Lorem"
      text run at (-144,0) width 4: " "
      text run at (-140,0) width 39: "ipsum"
      text run at (-101,0) width 4: " "
      text run at (-97,0) width 34: "dolor"
      text run at (-63,0) width 4: " "
      text run at (-59,0) width 15: "sit"
      text run at (-44,0) width 4: " "
      text run at (-40,0) width 35: "amet,"
      text run at (-5,0) width 4: " "
      text run at (-1,0) width 73: "consectetur"
      text run at (71,0) width 5: " "
      text run at (75,0) width 67: "adipiscing"
      text run at (141,0) width 5: " "
      text run at (145,0) width 21: "elit"
layer at (11,119) size 166x18
  RenderBlock {DIV} at (3,3) size 166x18
layer at (203,119) size 150x18 scrollX 203 scrollWidth 353
  RenderBlock {DIV} at (19,3) size 150x18 [color=#A9A9A9]
    RenderText {#text} at (-202,0) size 353x17
      text run at (-202,0) width 42: "Lorem"
      text run at (-160,0) width 4: " "
      text run at (-156,0) width 39: "ipsum"
      text run at (-117,0) width 4: " "
      text run at (-113,0) width 34: "dolor"
      text run at (-79,0) width 4: " "
      text run at (-75,0) width 15: "sit"
      text run at (-60,0) width 4: " "
      text run at (-56,0) width 35: "amet,"
      text run at (-21,0) width 4: " "
      text run at (-17,0) width 73: "consectetur"
      text run at (55,0) width 5: " "
      text run at (59,0) width 67: "adipiscing"
      text run at (125,0) width 5: " "
      text run at (129,0) width 21: "elit"
layer at (203,119) size 150x18
  RenderBlock {DIV} at (0,0) size 150x18
layer at (363,119) size 166x18 scrollX 187 scrollWidth 353
  RenderBlock {DIV} at (3,3) size 166x18
    RenderText {#text} at (-186,0) size 353x17
      text run at (-186,0) width 42: "Lorem"
      text run at (-144,0) width 4: " "
      text run at (-140,0) width 39: "ipsum"
      text run at (-101,0) width 4: " "
      text run at (-97,0) width 34: "dolor"
      text run at (-63,0) width 4: " "
      text run at (-59,0) width 15: "sit"
      text run at (-44,0) width 4: " "
      text run at (-40,0) width 35: "amet,"
      text run at (-5,0) width 4: " "
      text run at (-1,0) width 73: "consectetur"
      text run at (71,0) width 5: " "
      text run at (75,0) width 67: "adipiscing"
      text run at (141,0) width 5: " "
      text run at (145,0) width 21: "elit"
layer at (555,119) size 150x18 scrollX 203 scrollWidth 353
  RenderBlock {DIV} at (0,0) size 150x18
    RenderText {#text} at (-202,0) size 353x17
      text run at (-202,0) width 42: "Lorem"
      text run at (-160,0) width 4: " "
      text run at (-156,0) width 39: "ipsum"
      text run at (-117,0) width 4: " "
      text run at (-113,0) width 34: "dolor"
      text run at (-79,0) width 4: " "
      text run at (-75,0) width 15: "sit"
      text run at (-60,0) width 4: " "
      text run at (-56,0) width 35: "amet,"
      text run at (-21,0) width 4: " "
      text run at (-17,0) width 73: "consectetur"
      text run at (55,0) width 5: " "
      text run at (59,0) width 67: "adipiscing"
      text run at (125,0) width 5: " "
      text run at (129,0) width 21: "elit"
layer at (11,143) size 166x18 scrollX 142 scrollWidth 308
  RenderBlock {DIV} at (0,0) size 166x18
    RenderText {#text} at (-142,0) size 309x17
      text run at (-142,0) width 308 RTL: "\x{2022}\x{2022}\x{2022}\x{2022}\x{2022}\x{2022}\x{2022}\x{2022}\x{2022}\x{2022}\x{2022}\x{2022}\x{2022}\x{2022}\x{2022}\x{2022}\x{2022}\x{2022}\x{2022}\x{2022}\x{2022}\x{2022}\x{2022}\x{2022}\x{2022}\x{2022}\x{2022}\x{2022}\x{2022}\x{2022}\x{2022}\x{2022}\x{2022}\x{2022}\x{2022}\x{2022}\x{2022}\x{2022}\x{2022}\x{2022}\x{2022}\x{2022}\x{2022}\x{2022}\x{2022}\x{2022}\x{2022}\x{2022}\x{2022}\x{2022}\x{2022}\x{2022}\x{2022}\x{2022}\x{2022}"
layer at (11,201) size 167x18 scrollWidth 353
  RenderBlock {DIV} at (3,3) size 167x18 [color=#A9A9A9]
    RenderText {#text} at (0,0) size 353x17
      text run at (0,0) width 353: "Lorem ipsum dolor sit amet, consectetur adipiscing elit"
layer at (11,201) size 167x18
  RenderBlock {DIV} at (3,3) size 167x18
layer at (188,201) size 151x18 scrollWidth 353
  RenderBlock {DIV} at (3,3) size 151x18 [color=#A9A9A9]
    RenderText {#text} at (0,0) size 353x17
      text run at (0,0) width 353: "Lorem ipsum dolor sit amet, consectetur adipiscing elit"
layer at (188,201) size 151x18
  RenderBlock {DIV} at (0,0) size 151x18
layer at (365,201) size 167x18 scrollWidth 354
  RenderBlock {DIV} at (3,3) size 167x18
    RenderText {#text} at (0,0) size 353x17
      text run at (0,0) width 353: "Lorem ipsum dolor sit amet, consectetur adipiscing elit"
layer at (542,201) size 151x18 scrollWidth 354
  RenderBlock {DIV} at (0,0) size 151x18
    RenderText {#text} at (0,0) size 353x17
      text run at (0,0) width 353: "Lorem ipsum dolor sit amet, consectetur adipiscing elit"
layer at (11,225) size 167x18 scrollWidth 309
  RenderBlock {DIV} at (0,0) size 167x18
    RenderText {#text} at (0,0) size 309x17
      text run at (0,0) width 309: "\x{2022}\x{2022}\x{2022}\x{2022}\x{2022}\x{2022}\x{2022}\x{2022}\x{2022}\x{2022}\x{2022}\x{2022}\x{2022}\x{2022}\x{2022}\x{2022}\x{2022}\x{2022}\x{2022}\x{2022}\x{2022}\x{2022}\x{2022}\x{2022}\x{2022}\x{2022}\x{2022}\x{2022}\x{2022}\x{2022}\x{2022}\x{2022}\x{2022}\x{2022}\x{2022}\x{2022}\x{2022}\x{2022}\x{2022}\x{2022}\x{2022}\x{2022}\x{2022}\x{2022}\x{2022}\x{2022}\x{2022}\x{2022}\x{2022}\x{2022}\x{2022}\x{2022}\x{2022}\x{2022}\x{2022}"
layer at (11,249) size 166x18 scrollX 187 scrollWidth 353
  RenderBlock {DIV} at (3,3) size 166x18 [color=#A9A9A9]
    RenderText {#text} at (-186,0) size 353x17
      text run at (-186,0) width 42: "Lorem"
      text run at (-144,0) width 4: " "
      text run at (-140,0) width 39: "ipsum"
      text run at (-101,0) width 4: " "
      text run at (-97,0) width 34: "dolor"
      text run at (-63,0) width 4: " "
      text run at (-59,0) width 15: "sit"
      text run at (-44,0) width 4: " "
      text run at (-40,0) width 35: "amet,"
      text run at (-5,0) width 4: " "
      text run at (-1,0) width 73: "consectetur"
      text run at (71,0) width 5: " "
      text run at (75,0) width 67: "adipiscing"
      text run at (141,0) width 5: " "
      text run at (145,0) width 21: "elit"
layer at (11,249) size 166x18
  RenderBlock {DIV} at (3,3) size 166x18
layer at (203,249) size 150x18 scrollX 203 scrollWidth 353
  RenderBlock {DIV} at (19,3) size 150x18 [color=#A9A9A9]
    RenderText {#text} at (-202,0) size 353x17
      text run at (-202,0) width 42: "Lorem"
      text run at (-160,0) width 4: " "
      text run at (-156,0) width 39: "ipsum"
      text run at (-117,0) width 4: " "
      text run at (-113,0) width 34: "dolor"
      text run at (-79,0) width 4: " "
      text run at (-75,0) width 15: "sit"
      text run at (-60,0) width 4: " "
      text run at (-56,0) width 35: "amet,"
      text run at (-21,0) width 4: " "
      text run at (-17,0) width 73: "consectetur"
      text run at (55,0) width 5: " "
      text run at (59,0) width 67: "adipiscing"
      text run at (125,0) width 5: " "
      text run at (129,0) width 21: "elit"
layer at (203,249) size 150x18
  RenderBlock {DIV} at (0,0) size 150x18
layer at (363,249) size 166x18 scrollX 187 scrollWidth 353
  RenderBlock {DIV} at (3,3) size 166x18
    RenderText {#text} at (-186,0) size 353x17
      text run at (-186,0) width 42: "Lorem"
      text run at (-144,0) width 4: " "
      text run at (-140,0) width 39: "ipsum"
      text run at (-101,0) width 4: " "
      text run at (-97,0) width 34: "dolor"
      text run at (-63,0) width 4: " "
      text run at (-59,0) width 15: "sit"
      text run at (-44,0) width 4: " "
      text run at (-40,0) width 35: "amet,"
      text run at (-5,0) width 4: " "
      text run at (-1,0) width 73: "consectetur"
      text run at (71,0) width 5: " "
      text run at (75,0) width 67: "adipiscing"
      text run at (141,0) width 5: " "
      text run at (145,0) width 21: "elit"
layer at (555,249) size 150x18 scrollX 203 scrollWidth 353
  RenderBlock {DIV} at (0,0) size 150x18
    RenderText {#text} at (-202,0) size 353x17
      text run at (-202,0) width 42: "Lorem"
      text run at (-160,0) width 4: " "
      text run at (-156,0) width 39: "ipsum"
      text run at (-117,0) width 4: " "
      text run at (-113,0) width 34: "dolor"
      text run at (-79,0) width 4: " "
      text run at (-75,0) width 15: "sit"
      text run at (-60,0) width 4: " "
      text run at (-56,0) width 35: "amet,"
      text run at (-21,0) width 4: " "
      text run at (-17,0) width 73: "consectetur"
      text run at (55,0) width 5: " "
      text run at (59,0) width 67: "adipiscing"
      text run at (125,0) width 5: " "
      text run at (129,0) width 21: "elit"
layer at (11,273) size 166x18 scrollX 142 scrollWidth 308
  RenderBlock {DIV} at (0,0) size 166x18
    RenderText {#text} at (-142,0) size 309x17
      text run at (-142,0) width 308 RTL: "\x{2022}\x{2022}\x{2022}\x{2022}\x{2022}\x{2022}\x{2022}\x{2022}\x{2022}\x{2022}\x{2022}\x{2022}\x{2022}\x{2022}\x{2022}\x{2022}\x{2022}\x{2022}\x{2022}\x{2022}\x{2022}\x{2022}\x{2022}\x{2022}\x{2022}\x{2022}\x{2022}\x{2022}\x{2022}\x{2022}\x{2022}\x{2022}\x{2022}\x{2022}\x{2022}\x{2022}\x{2022}\x{2022}\x{2022}\x{2022}\x{2022}\x{2022}\x{2022}\x{2022}\x{2022}\x{2022}\x{2022}\x{2022}\x{2022}\x{2022}\x{2022}\x{2022}\x{2022}\x{2022}\x{2022}"
layer at (257,331) size 167x18 scrollWidth 353
  RenderBlock {DIV} at (3,3) size 167x18 [color=#A9A9A9]
    RenderText {#text} at (0,0) size 353x17
      text run at (0,0) width 353: "Lorem ipsum dolor sit amet, consectetur adipiscing elit"
layer at (257,331) size 167x18
  RenderBlock {DIV} at (3,3) size 167x18
layer at (434,331) size 167x18 scrollWidth 354
  RenderBlock {DIV} at (3,3) size 167x18
    RenderText {#text} at (0,0) size 353x17
      text run at (0,0) width 353: "Lorem ipsum dolor sit amet, consectetur adipiscing elit"
layer at (281,355) size 167x18 scrollWidth 353
  RenderBlock {DIV} at (3,3) size 167x18 [color=#A9A9A9]
    RenderText {#text} at (0,0) size 353x17
      text run at (0,0) width 353: "Lorem ipsum dolor sit amet, consectetur adipiscing elit"
layer at (281,355) size 167x18
  RenderBlock {DIV} at (3,3) size 167x18
layer at (458,355) size 167x18 scrollWidth 354
  RenderBlock {DIV} at (3,3) size 167x18
    RenderText {#text} at (0,0) size 353x17
      text run at (0,0) width 353: "Lorem ipsum dolor sit amet, consectetur adipiscing elit"
layer at (339,72) size 16x16
  RenderBlock {DIV} at (151,1) size 16x16 [bgcolor=#000000]
layer at (693,72) size 16x16
  RenderBlock {DIV} at (151,1) size 16x16 [bgcolor=#000000]
layer at (187,120) size 16x16
  RenderBlock {DIV} at (0,1) size 16x16 [bgcolor=#000000]
layer at (539,120) size 16x16
  RenderBlock {DIV} at (0,1) size 16x16 [bgcolor=#000000]
layer at (339,202) size 16x16
  RenderBlock {DIV} at (151,1) size 16x16 [bgcolor=#000000]
layer at (693,202) size 16x16
  RenderBlock {DIV} at (151,1) size 16x16 [bgcolor=#000000]
layer at (187,250) size 16x16
  RenderBlock {DIV} at (0,1) size 16x16 [bgcolor=#000000]
layer at (539,250) size 16x16
  RenderBlock {DIV} at (0,1) size 16x16 [bgcolor=#000000]
