layer at (0,0) size 785x876
  RenderView at (0,0) size 785x600
layer at (0,0) size 785x876
  RenderBlock {HTML} at (0,0) size 785x877
    RenderBody {BODY} at (8,8) size 769x849
      RenderBlock {P} at (0,0) size 769x18
        RenderText {#text} at (0,0) size 542x17
          text run at (0,0) width 542: "This test checks that text with text-overflow:ellipsis follows 'text-align: right' correctly."
      RenderBlock {P} at (0,34) size 769x18
        RenderText {#text} at (0,0) size 502x17
          text run at (0,0) width 502: "The text in all boxes should be right aligned, sticking to the right side of the box"
      RenderBlock {H3} at (0,70) size 769x23
        RenderText {#text} at (0,0) size 84x21
          text run at (0,0) width 84: "Single line"
      RenderBlock {H3} at (0,151) size 769x23
        RenderText {#text} at (0,0) size 79x21
          text run at (0,0) width 79: "Multi line"
      RenderBlock {H3} at (0,286) size 769x23
        RenderText {#text} at (0,0) size 232x21
          text run at (0,0) width 232: "Containing replaced content"
      RenderBlock {H3} at (0,377) size 769x23
        RenderText {#text} at (0,0) size 396x21
          text run at (0,0) width 396: "Containing replaced content blocking the ellipsis"
      RenderBlock {H3} at (0,469) size 769x23
        RenderText {#text} at (0,0) size 199x21
          text run at (0,0) width 199: "Right-To-Left single line"
      RenderBlock {H3} at (0,550) size 769x23
        RenderText {#text} at (0,0) size 198x21
          text run at (0,0) width 198: "Right-To-Left Multi line"
      RenderBlock {H3} at (0,685) size 769x23
        RenderText {#text} at (0,0) size 345x21
          text run at (0,0) width 345: "Right-To-Left containing replaced content"
      RenderBlock {H3} at (0,776) size 769x23
        RenderText {#text} at (0,0) size 509x21
          text run at (0,0) width 509: "Right-To-Left containing replaced content blocking the ellipsis"
layer at (8,119) size 310x20 clip at (9,120) size 308x18 scrollWidth 724
  RenderBlock {DIV} at (0,111) size 310x21 [border: (1px solid #000000)]
    RenderText {#text} at (6,1) size 719x17
      text run at (6,1) width 719: "Lorem ipsum dolor sit amet, consectetur adipiscing elit. Vivamus vitae eros non libero faucibus sagittis sed ut eros."
layer at (8,200) size 310x74 clip at (9,201) size 308x72 scrollWidth 724
  RenderBlock {DIV} at (0,192) size 310x75 [border: (1px solid #000000)]
    RenderText {#text} at (6,1) size 719x17
      text run at (6,1) width 719: "Lorem ipsum dolor sit amet, consectetur adipiscing elit. Vivamus vitae eros non libero faucibus sagittis sed ut eros."
    RenderBR {BR} at (0,0) size 0x0
    RenderText {#text} at (3,19) size 709x17
      text run at (3,19) width 709: "orem ipsum dolor sit amet, consectetur adipiscing elit. Vivamus vitae eros non libero faucibus sagittis sed ut eros."
    RenderBR {BR} at (0,0) size 0x0
    RenderText {#text} at (7,37) size 701x17
      text run at (7,37) width 701: "rem ipsum dolor sit amet, consectetur adipiscing elit. Vivamus vitae eros non libero faucibus sagittis sed ut eros."
    RenderBR {BR} at (0,0) size 0x0
    RenderText {#text} at (4,55) size 696x17
      text run at (4,55) width 696: "em ipsum dolor sit amet, consectetur adipiscing elit. Vivamus vitae eros non libero faucibus sagittis sed ut eros."
    RenderBR {BR} at (0,0) size 0x0
layer at (8,335) size 310x31 clip at (9,336) size 308x29 scrollWidth 755
  RenderBlock {DIV} at (0,326) size 310x32 [border: (1px solid #000000)]
    RenderText {#text} at (8,12) size 181x17
      text run at (8,12) width 181: "Lorem ipsum dolor sit amet, "
    RenderImage {IMG} at (189,1) size 25x25
    RenderText {#text} at (214,12) size 542x17
      text run at (214,12) width 542: " consectetur adipiscing elit. Vivamus vitae eros non libero faucibus sagittis sed ut eros."
layer at (8,427) size 310x31 clip at (9,428) size 308x29 scrollWidth 744
  RenderBlock {DIV} at (0,418) size 310x32 [border: (1px solid #000000)]
    RenderText {#text} at (1,12) size 271x17
      text run at (1,12) width 271: "Lorem ipsum dolor sit amet, consectetur ad"
    RenderImage {IMG} at (272,1) size 25x25
    RenderText {#text} at (297,12) size 448x17
      text run at (297,12) width 448: "ipiscing elit. Vivamus vitae eros non libero faucibus sagittis sed ut eros."
layer at (8,518) size 310x20 clip at (9,519) size 308x18 scrollX 411 scrollWidth 719
  RenderBlock {DIV} at (0,510) size 310x21 [border: (1px solid #000000)]
    RenderText {#text} at (-410,1) size 719x17
      text run at (-410,1) width 719 RTL: "Lorem ipsum dolor sit amet, consectetur adipiscing elit. Vivamus vitae eros non libero faucibus sagittis sed ut eros."
layer at (8,599) size 310x74 clip at (9,600) size 308x72 scrollX 411 scrollWidth 719
  RenderBlock {DIV} at (0,591) size 310x75 [border: (1px solid #000000)]
    RenderText {#text} at (-410,1) size 719x17
      text run at (-410,1) width 719 RTL: "Lorem ipsum dolor sit amet, consectetur adipiscing elit. Vivamus vitae eros non libero faucibus sagittis sed ut eros."
    RenderBR {BR} at (0,0) size 0x0
    RenderText {#text} at (-400,19) size 709x17
      text run at (-400,19) width 709 RTL: "orem ipsum dolor sit amet, consectetur adipiscing elit. Vivamus vitae eros non libero faucibus sagittis sed ut eros."
    RenderBR {BR} at (0,0) size 0x0
    RenderText {#text} at (-392,37) size 701x17
      text run at (-392,37) width 701 RTL: "rem ipsum dolor sit amet, consectetur adipiscing elit. Vivamus vitae eros non libero faucibus sagittis sed ut eros."
    RenderBR {BR} at (0,0) size 0x0
    RenderText {#text} at (-387,55) size 696x17
      text run at (-387,55) width 696 RTL: "em ipsum dolor sit amet, consectetur adipiscing elit. Vivamus vitae eros non libero faucibus sagittis sed ut eros."
    RenderBR {BR} at (0,0) size 0x0
layer at (8,734) size 310x31 clip at (9,735) size 308x29 scrollX 440 scrollWidth 748
  RenderBlock {DIV} at (0,725) size 310x32 [border: (1px solid #000000)]
    RenderText {#text} at (128,12) size 181x17
      text run at (128,12) width 181 RTL: "Lorem ipsum dolor sit amet, "
    RenderImage {IMG} at (103,1) size 25x25
    RenderText {#text} at (-439,12) size 542x17
      text run at (-439,12) width 542 RTL: " consectetur adipiscing elit. Vivamus vitae eros non libero faucibus sagittis sed ut eros."
layer at (8,825) size 310x31 clip at (9,826) size 308x29 scrollX 436 scrollWidth 744
  RenderBlock {DIV} at (0,817) size 310x32 [border: (1px solid #000000)]
    RenderText {#text} at (38,12) size 271x17
      text run at (38,12) width 271 RTL: "Lorem ipsum dolor sit amet, consectetur ad"
    RenderImage {IMG} at (13,1) size 25x25
    RenderText {#text} at (-435,12) size 448x17
      text run at (-435,12) width 448 RTL: "ipiscing elit. Vivamus vitae eros non libero faucibus sagittis sed ut eros."
