layer at (0,0) size 2046x2400
  RenderView at (0,0) size 785x585
layer at (0,0) size 785x2400
  RenderBlock {HTML} at (0,0) size 785x2401
    RenderBody {BODY} at (8,8) size 769x2385
      RenderBlock {H2} at (0,0) size 769x27
        RenderText {#text} at (0,0) size 138x26
          text run at (0,0) width 138: "word-spacing"
      RenderBlock (floating) {PRE} at (0,59) size 1004x169
        RenderBlock {H3} at (0,15) size 1004x18
          RenderText {#text} at (0,0) size 204x17
            text run at (0,0) width 18: "In"
            text run at (38,0) width 18: " a"
            text run at (76,0) width 72: " floated"
            text run at (168,0) width 36: " pre"
        RenderBlock (anonymous) at (0,47) size 1004x121
          RenderText {#text} at (0,0) size 260x30
            text run at (0,0) width 0: " "
            text run at (0,15) width 32: "Word"
            text run at (52,15) width 120: "   spacing"
            text run at (192,15) width 40: " test"
            text run at (252,15) width 8: " "
          RenderInline {EM} at (0,0) size 24x15
            RenderText {#text} at (260,15) size 24x15
              text run at (260,15) width 24: "for"
          RenderText {#text} at (304,15) size 8x15
            text run at (304,15) width 8: " "
          RenderInline {STRONG} at (0,0) size 64x15
            RenderText {#text} at (312,15) size 64x15
              text run at (312,15) width 64: "elements"
          RenderText {#text} at (396,15) size 8x15
            text run at (396,15) width 8: " "
          RenderInline {TT} at (0,0) size 48x15
            RenderText {#text} at (404,15) size 48x15
              text run at (404,15) width 48: "within"
          RenderText {#text} at (472,15) size 604x30
            text run at (472,15) width 72: " elements"
            text run at (564,15) width 40: " too."
            text run at (604,15) width 0: " "
            text run at (0,30) width 32: "Word"
            text run at (52,30) width 120: "   spacing"
            text run at (192,30) width 40: " test"
            text run at (252,30) width 8: " "
          RenderInline {EM} at (0,0) size 24x15
            RenderText {#text} at (260,30) size 24x15
              text run at (260,30) width 24: "for"
          RenderText {#text} at (304,30) size 8x15
            text run at (304,30) width 8: " "
          RenderInline {STRONG} at (0,0) size 64x15
            RenderText {#text} at (312,30) size 64x15
              text run at (312,30) width 64: "elements"
          RenderText {#text} at (396,30) size 8x15
            text run at (396,30) width 8: " "
          RenderInline {TT} at (0,0) size 48x15
            RenderText {#text} at (404,30) size 48x15
              text run at (404,30) width 48: "within"
          RenderText {#text} at (472,30) size 100x15
            text run at (472,30) width 72: " elements"
            text run at (564,30) width 8: " "
          RenderText {#text} at (592,30) size 1072x30
            text run at (592,30) width 40: " too."
            text run at (652,30) width 48: " (with"
            text run at (720,30) width 64: " comment"
            text run at (804,30) width 64: " between"
            text run at (888,30) width 72: " elements"
            text run at (980,30) width 32: " and"
            text run at (1032,30) width 40: " too)"
            text run at (1072,30) width 0: " "
            text run at (0,45) width 32: "Word"
            text run at (52,45) width 120: "   spacing"
            text run at (192,45) width 40: " test"
            text run at (252,45) width 8: " "
          RenderInline {EM} at (0,0) size 24x15
            RenderText {#text} at (260,45) size 24x15
              text run at (260,45) width 24: "for"
          RenderText {#text} at (304,45) size 8x15
            text run at (304,45) width 8: " "
          RenderInline {STRONG} at (0,0) size 64x15
            RenderText {#text} at (312,45) size 64x15
              text run at (312,45) width 64: "elements"
          RenderText {#text} at (396,45) size 8x15
            text run at (396,45) width 8: " "
          RenderInline {TT} at (0,0) size 48x15
            RenderText {#text} at (404,45) size 48x15
              text run at (404,45) width 48: "within"
          RenderText {#text} at (472,45) size 72x15
            text run at (472,45) width 72: " elements"
          RenderText {#text} at (564,45) size 1280x30
            text run at (564,45) width 40: " too."
            text run at (624,45) width 48: " (with"
            text run at (692,45) width 64: " comment"
            text run at (776,45) width 32: " (no"
            text run at (828,45) width 88: " preceeding"
            text run at (936,45) width 56: " space)"
            text run at (1012,45) width 64: " between"
            text run at (1096,45) width 72: " elements"
            text run at (1188,45) width 32: " and"
            text run at (1240,45) width 40: " too)"
            text run at (1280,45) width 0: " "
            text run at (0,60) width 32: "Word"
            text run at (52,60) width 120: "   spacing"
            text run at (192,60) width 40: " test"
            text run at (252,60) width 8: " "
          RenderInline {EM} at (0,0) size 24x15
            RenderText {#text} at (260,60) size 24x15
              text run at (260,60) width 24: "for"
          RenderText {#text} at (304,60) size 8x15
            text run at (304,60) width 8: " "
          RenderInline {STRONG} at (0,0) size 64x15
            RenderText {#text} at (312,60) size 64x15
              text run at (312,60) width 64: "elements"
          RenderText {#text} at (396,60) size 8x15
            text run at (396,60) width 8: " "
          RenderInline {TT} at (0,0) size 48x15
            RenderText {#text} at (404,60) size 48x15
              text run at (404,60) width 48: "within"
          RenderText {#text} at (472,60) size 100x15
            text run at (472,60) width 72: " elements"
            text run at (564,60) width 8: " "
          RenderText {#text} at (572,60) size 692x15
            text run at (572,60) width 32: "too."
            text run at (624,60) width 48: " (with"
            text run at (692,60) width 64: " comment"
            text run at (776,60) width 32: " (no"
            text run at (828,60) width 72: " trailing"
            text run at (920,60) width 56: " space)"
            text run at (996,60) width 64: " between"
            text run at (1080,60) width 72: " elements"
            text run at (1172,60) width 32: " and"
            text run at (1224,60) width 40: " too)"
            text run at (1264,60) width 0: " "
          RenderInline {SPAN} at (0,0) size 376x15
            RenderText {#text} at (0,75) size 260x15
              text run at (0,75) width 32: "Word"
              text run at (52,75) width 120: "   spacing"
              text run at (192,75) width 40: " test"
              text run at (252,75) width 8: " "
            RenderInline {EM} at (0,0) size 24x15
              RenderText {#text} at (260,75) size 24x15
                text run at (260,75) width 24: "for"
            RenderText {#text} at (304,75) size 8x15
              text run at (304,75) width 8: " "
            RenderInline {STRONG} at (0,0) size 64x15
              RenderText {#text} at (312,75) size 64x15
                text run at (312,75) width 64: "elements"
          RenderText {#text} at (396,75) size 8x15
            text run at (396,75) width 8: " "
          RenderInline {TT} at (0,0) size 48x15
            RenderText {#text} at (404,75) size 48x15
              text run at (404,75) width 48: "within"
          RenderText {#text} at (472,75) size 1096x30
            text run at (472,75) width 72: " elements"
            text run at (564,75) width 40: " too."
            text run at (624,75) width 48: " (with"
            text run at (692,75) width 80: " monospace"
            text run at (792,75) width 40: " font"
            text run at (852,75) width 40: " from"
            text run at (912,75) width 40: " Word"
            text run at (972,75) width 24: " to"
            text run at (1016,75) width 80: " elements)"
            text run at (1096,75) width 0: " "
            text run at (0,90) width 32: "Word"
            text run at (52,90) width 120: "   spacing"
            text run at (192,90) width 40: " test"
            text run at (252,90) width 8: " "
          RenderInline {SPAN} at (0,0) size 192x15
            RenderInline {EM} at (0,0) size 24x15
              RenderText {#text} at (260,90) size 24x15
                text run at (260,90) width 24: "for"
            RenderText {#text} at (304,90) size 8x15
              text run at (304,90) width 8: " "
            RenderInline {STRONG} at (0,0) size 64x15
              RenderText {#text} at (312,90) size 64x15
                text run at (312,90) width 64: "elements"
            RenderText {#text} at (396,90) size 8x15
              text run at (396,90) width 8: " "
            RenderInline {TT} at (0,0) size 48x15
              RenderText {#text} at (404,90) size 48x15
                text run at (404,90) width 48: "within"
          RenderText {#text} at (472,90) size 1072x30
            text run at (472,90) width 72: " elements"
            text run at (564,90) width 40: " too."
            text run at (624,90) width 48: " (with"
            text run at (692,90) width 80: " monospace"
            text run at (792,90) width 40: " font"
            text run at (852,90) width 40: " from"
            text run at (912,90) width 32: " for"
            text run at (964,90) width 24: " to"
            text run at (1008,90) width 64: " within)"
            text run at (1072,90) width 0: " "
            text run at (0,105) width 32: "Word"
            text run at (52,105) width 120: "   spacing"
            text run at (192,105) width 40: " test"
            text run at (252,105) width 8: " "
          RenderInline {EM} at (0,0) size 24x15
            RenderText {#text} at (260,105) size 24x15
              text run at (260,105) width 24: "for"
          RenderText {#text} at (304,105) size 8x15
            text run at (304,105) width 8: " "
          RenderInline {STRONG} at (0,0) size 64x15
            RenderText {#text} at (312,105) size 64x15
              text run at (312,105) width 64: "elements"
          RenderText {#text} at (396,105) size 8x15
            text run at (396,105) width 8: " "
          RenderInline {SPAN} at (0,0) size 192x15
            RenderInline {TT} at (0,0) size 48x15
              RenderText {#text} at (404,105) size 48x15
                text run at (404,105) width 48: "within"
            RenderText {#text} at (472,105) size 124x15
              text run at (472,105) width 72: " elements"
              text run at (564,105) width 32: " too"
          RenderText {#text} at (596,105) size 492x15
            text run at (596,105) width 8: "."
            text run at (624,105) width 48: " (with"
            text run at (692,105) width 80: " monospace"
            text run at (792,105) width 40: " font"
            text run at (852,105) width 40: " from"
            text run at (912,105) width 72: " elements"
            text run at (1004,105) width 24: " to"
            text run at (1048,105) width 40: " too)"
            text run at (1088,105) width 0: " "
      RenderBlock (anonymous) at (0,46) size 769x194
        RenderBR {BR} at (1004,0) size 0x17
      RenderBlock {PRE} at (0,255) size 769x153
        RenderBlock {H3} at (0,0) size 769x17
          RenderText {#text} at (0,0) size 240x17
            text run at (0,0) width 18: "In"
            text run at (38,0) width 27: " an"
            text run at (85,0) width 99: " un-floated"
            text run at (204,0) width 36: " pre"
        RenderBlock (anonymous) at (0,32) size 769x121
          RenderText {#text} at (0,0) size 260x30
            text run at (0,0) width 0: " "
            text run at (0,15) width 32: "Word"
            text run at (52,15) width 120: "   spacing"
            text run at (192,15) width 40: " test"
            text run at (252,15) width 8: " "
          RenderInline {EM} at (0,0) size 24x15
            RenderText {#text} at (260,15) size 24x15
              text run at (260,15) width 24: "for"
          RenderText {#text} at (304,15) size 8x15
            text run at (304,15) width 8: " "
          RenderInline {STRONG} at (0,0) size 64x15
            RenderText {#text} at (312,15) size 64x15
              text run at (312,15) width 64: "elements"
          RenderText {#text} at (396,15) size 8x15
            text run at (396,15) width 8: " "
          RenderInline {TT} at (0,0) size 48x15
            RenderText {#text} at (404,15) size 48x15
              text run at (404,15) width 48: "within"
          RenderText {#text} at (472,15) size 604x30
            text run at (472,15) width 72: " elements"
            text run at (564,15) width 40: " too."
            text run at (604,15) width 0: " "
            text run at (0,30) width 32: "Word"
            text run at (52,30) width 120: "   spacing"
            text run at (192,30) width 40: " test"
            text run at (252,30) width 8: " "
          RenderInline {EM} at (0,0) size 24x15
            RenderText {#text} at (260,30) size 24x15
              text run at (260,30) width 24: "for"
          RenderText {#text} at (304,30) size 8x15
            text run at (304,30) width 8: " "
          RenderInline {STRONG} at (0,0) size 64x15
            RenderText {#text} at (312,30) size 64x15
              text run at (312,30) width 64: "elements"
          RenderText {#text} at (396,30) size 8x15
            text run at (396,30) width 8: " "
          RenderInline {TT} at (0,0) size 48x15
            RenderText {#text} at (404,30) size 48x15
              text run at (404,30) width 48: "within"
          RenderText {#text} at (472,30) size 100x15
            text run at (472,30) width 72: " elements"
            text run at (564,30) width 8: " "
          RenderText {#text} at (592,30) size 1072x30
            text run at (592,30) width 40: " too."
            text run at (652,30) width 48: " (with"
            text run at (720,30) width 64: " comment"
            text run at (804,30) width 64: " between"
            text run at (888,30) width 72: " elements"
            text run at (980,30) width 32: " and"
            text run at (1032,30) width 40: " too)"
            text run at (1072,30) width 0: " "
            text run at (0,45) width 32: "Word"
            text run at (52,45) width 120: "   spacing"
            text run at (192,45) width 40: " test"
            text run at (252,45) width 8: " "
          RenderInline {EM} at (0,0) size 24x15
            RenderText {#text} at (260,45) size 24x15
              text run at (260,45) width 24: "for"
          RenderText {#text} at (304,45) size 8x15
            text run at (304,45) width 8: " "
          RenderInline {STRONG} at (0,0) size 64x15
            RenderText {#text} at (312,45) size 64x15
              text run at (312,45) width 64: "elements"
          RenderText {#text} at (396,45) size 8x15
            text run at (396,45) width 8: " "
          RenderInline {TT} at (0,0) size 48x15
            RenderText {#text} at (404,45) size 48x15
              text run at (404,45) width 48: "within"
          RenderText {#text} at (472,45) size 72x15
            text run at (472,45) width 72: " elements"
          RenderText {#text} at (564,45) size 1280x30
            text run at (564,45) width 40: " too."
            text run at (624,45) width 48: " (with"
            text run at (692,45) width 64: " comment"
            text run at (776,45) width 32: " (no"
            text run at (828,45) width 88: " preceeding"
            text run at (936,45) width 56: " space)"
            text run at (1012,45) width 64: " between"
            text run at (1096,45) width 72: " elements"
            text run at (1188,45) width 32: " and"
            text run at (1240,45) width 40: " too)"
            text run at (1280,45) width 0: " "
            text run at (0,60) width 32: "Word"
            text run at (52,60) width 120: "   spacing"
            text run at (192,60) width 40: " test"
            text run at (252,60) width 8: " "
          RenderInline {EM} at (0,0) size 24x15
            RenderText {#text} at (260,60) size 24x15
              text run at (260,60) width 24: "for"
          RenderText {#text} at (304,60) size 8x15
            text run at (304,60) width 8: " "
          RenderInline {STRONG} at (0,0) size 64x15
            RenderText {#text} at (312,60) size 64x15
              text run at (312,60) width 64: "elements"
          RenderText {#text} at (396,60) size 8x15
            text run at (396,60) width 8: " "
          RenderInline {TT} at (0,0) size 48x15
            RenderText {#text} at (404,60) size 48x15
              text run at (404,60) width 48: "within"
          RenderText {#text} at (472,60) size 100x15
            text run at (472,60) width 72: " elements"
            text run at (564,60) width 8: " "
          RenderText {#text} at (572,60) size 692x15
            text run at (572,60) width 32: "too."
            text run at (624,60) width 48: " (with"
            text run at (692,60) width 64: " comment"
            text run at (776,60) width 32: " (no"
            text run at (828,60) width 72: " trailing"
            text run at (920,60) width 56: " space)"
            text run at (996,60) width 64: " between"
            text run at (1080,60) width 72: " elements"
            text run at (1172,60) width 32: " and"
            text run at (1224,60) width 40: " too)"
            text run at (1264,60) width 0: " "
          RenderInline {SPAN} at (0,0) size 376x15
            RenderText {#text} at (0,75) size 260x15
              text run at (0,75) width 32: "Word"
              text run at (52,75) width 120: "   spacing"
              text run at (192,75) width 40: " test"
              text run at (252,75) width 8: " "
            RenderInline {EM} at (0,0) size 24x15
              RenderText {#text} at (260,75) size 24x15
                text run at (260,75) width 24: "for"
            RenderText {#text} at (304,75) size 8x15
              text run at (304,75) width 8: " "
            RenderInline {STRONG} at (0,0) size 64x15
              RenderText {#text} at (312,75) size 64x15
                text run at (312,75) width 64: "elements"
          RenderText {#text} at (396,75) size 8x15
            text run at (396,75) width 8: " "
          RenderInline {TT} at (0,0) size 48x15
            RenderText {#text} at (404,75) size 48x15
              text run at (404,75) width 48: "within"
          RenderText {#text} at (472,75) size 1096x30
            text run at (472,75) width 72: " elements"
            text run at (564,75) width 40: " too."
            text run at (624,75) width 48: " (with"
            text run at (692,75) width 80: " monospace"
            text run at (792,75) width 40: " font"
            text run at (852,75) width 40: " from"
            text run at (912,75) width 40: " Word"
            text run at (972,75) width 24: " to"
            text run at (1016,75) width 80: " elements)"
            text run at (1096,75) width 0: " "
            text run at (0,90) width 32: "Word"
            text run at (52,90) width 120: "   spacing"
            text run at (192,90) width 40: " test"
            text run at (252,90) width 8: " "
          RenderInline {SPAN} at (0,0) size 192x15
            RenderInline {EM} at (0,0) size 24x15
              RenderText {#text} at (260,90) size 24x15
                text run at (260,90) width 24: "for"
            RenderText {#text} at (304,90) size 8x15
              text run at (304,90) width 8: " "
            RenderInline {STRONG} at (0,0) size 64x15
              RenderText {#text} at (312,90) size 64x15
                text run at (312,90) width 64: "elements"
            RenderText {#text} at (396,90) size 8x15
              text run at (396,90) width 8: " "
            RenderInline {TT} at (0,0) size 48x15
              RenderText {#text} at (404,90) size 48x15
                text run at (404,90) width 48: "within"
          RenderText {#text} at (472,90) size 1072x30
            text run at (472,90) width 72: " elements"
            text run at (564,90) width 40: " too."
            text run at (624,90) width 48: " (with"
            text run at (692,90) width 80: " monospace"
            text run at (792,90) width 40: " font"
            text run at (852,90) width 40: " from"
            text run at (912,90) width 32: " for"
            text run at (964,90) width 24: " to"
            text run at (1008,90) width 64: " within)"
            text run at (1072,90) width 0: " "
            text run at (0,105) width 32: "Word"
            text run at (52,105) width 120: "   spacing"
            text run at (192,105) width 40: " test"
            text run at (252,105) width 8: " "
          RenderInline {EM} at (0,0) size 24x15
            RenderText {#text} at (260,105) size 24x15
              text run at (260,105) width 24: "for"
          RenderText {#text} at (304,105) size 8x15
            text run at (304,105) width 8: " "
          RenderInline {STRONG} at (0,0) size 64x15
            RenderText {#text} at (312,105) size 64x15
              text run at (312,105) width 64: "elements"
          RenderText {#text} at (396,105) size 8x15
            text run at (396,105) width 8: " "
          RenderInline {SPAN} at (0,0) size 192x15
            RenderInline {TT} at (0,0) size 48x15
              RenderText {#text} at (404,105) size 48x15
                text run at (404,105) width 48: "within"
            RenderText {#text} at (472,105) size 124x15
              text run at (472,105) width 72: " elements"
              text run at (564,105) width 32: " too"
          RenderText {#text} at (596,105) size 492x15
            text run at (596,105) width 8: "."
            text run at (624,105) width 48: " (with"
            text run at (692,105) width 80: " monospace"
            text run at (792,105) width 40: " font"
            text run at (852,105) width 40: " from"
            text run at (912,105) width 72: " elements"
            text run at (1004,105) width 24: " to"
            text run at (1048,105) width 40: " too)"
            text run at (1088,105) width 0: " "
      RenderBlock (anonymous) at (0,420) size 769x0
        RenderInline {SPAN} at (0,0) size 0x0
          RenderText {#text} at (0,0) size 0x0
      RenderBlock (anonymous) at (0,426) size 769x23
        RenderBlock {H3} at (0,0) size 769x22
          RenderText {#text} at (0,0) size 117x21
            text run at (0,0) width 18: "In"
            text run at (38,0) width 15: " a"
            text run at (73,0) width 44: " span"
      RenderBlock (anonymous) at (0,466) size 769x271
        RenderInline {SPAN} at (0,0) size 753x233
          RenderText {#text} at (0,0) size 177x17
            text run at (0,0) width 36: "Word"
            text run at (56,0) width 4: " "
            text run at (60,0) width 48: "spacing"
            text run at (128,0) width 25: " test"
            text run at (173,0) width 4: " "
          RenderInline {EM} at (0,0) size 18x17
            RenderText {#text} at (177,0) size 18x17
              text run at (177,0) width 18: "for"
          RenderText {#text} at (215,0) size 4x17
            text run at (215,0) width 4: " "
          RenderInline {STRONG} at (0,0) size 58x17
            RenderText {#text} at (219,0) size 58x17
              text run at (219,0) width 58: "elements"
          RenderText {#text} at (297,0) size 4x17
            text run at (297,0) width 4: " "
          RenderInline {TT} at (0,0) size 48x15
            RenderText {#text} at (301,3) size 48x15
              text run at (301,3) width 48: "within"
          RenderText {#text} at (369,0) size 107x17
            text run at (369,0) width 59: " elements"
            text run at (448,0) width 28: " too."
          RenderBR {BR} at (476,0) size 0x17
          RenderText {#text} at (0,18) size 177x17
            text run at (0,18) width 36: "Word"
            text run at (56,18) width 4: " "
            text run at (60,18) width 48: "spacing"
            text run at (128,18) width 25: " test"
            text run at (173,18) width 4: " "
          RenderInline {EM} at (0,0) size 18x17
            RenderText {#text} at (177,18) size 18x17
              text run at (177,18) width 18: "for"
          RenderText {#text} at (215,18) size 4x17
            text run at (215,18) width 4: " "
          RenderInline {STRONG} at (0,0) size 58x17
            RenderText {#text} at (219,18) size 58x17
              text run at (219,18) width 58: "elements"
          RenderText {#text} at (297,18) size 4x17
            text run at (297,18) width 4: " "
          RenderInline {TT} at (0,0) size 48x15
            RenderText {#text} at (301,21) size 48x15
              text run at (301,21) width 48: "within"
          RenderText {#text} at (369,18) size 83x17
            text run at (369,18) width 59: " elements"
            text run at (448,18) width 4: " "
          RenderText {#text} at (452,18) size 692x35
            text run at (452,18) width 24: "too."
            text run at (496,18) width 37: " (with"
            text run at (553,18) width 62: " comment"
            text run at (635,18) width 57: " between"
            text run at (0,36) width 55: "elements"
            text run at (75,36) width 27: " and"
            text run at (122,36) width 29: " too)"
          RenderBR {BR} at (151,36) size 0x17
          RenderText {#text} at (0,54) size 177x17
            text run at (0,54) width 36: "Word"
            text run at (56,54) width 4: " "
            text run at (60,54) width 48: "spacing"
            text run at (128,54) width 25: " test"
            text run at (173,54) width 4: " "
          RenderInline {EM} at (0,0) size 18x17
            RenderText {#text} at (177,54) size 18x17
              text run at (177,54) width 18: "for"
          RenderText {#text} at (215,54) size 4x17
            text run at (215,54) width 4: " "
          RenderInline {STRONG} at (0,0) size 58x17
            RenderText {#text} at (219,54) size 58x17
              text run at (219,54) width 58: "elements"
          RenderText {#text} at (297,54) size 4x17
            text run at (297,54) width 4: " "
          RenderInline {TT} at (0,0) size 48x15
            RenderText {#text} at (301,57) size 48x15
              text run at (301,57) width 48: "within"
          RenderText {#text} at (369,54) size 59x17
            text run at (369,54) width 59: " elements"
          RenderText {#text} at (448,54) size 753x35
            text run at (448,54) width 28: " too."
            text run at (496,54) width 37: " (with"
            text run at (553,54) width 62: " comment"
            text run at (635,54) width 25: " (no"
            text run at (680,54) width 73: " preceeding"
            text run at (0,72) width 40: "space)"
            text run at (60,72) width 57: " between"
            text run at (137,72) width 59: " elements"
            text run at (216,72) width 27: " and"
            text run at (263,72) width 29: " too)"
          RenderBR {BR} at (292,72) size 0x17
          RenderText {#text} at (0,90) size 177x17
            text run at (0,90) width 36: "Word"
            text run at (56,90) width 4: " "
            text run at (60,90) width 48: "spacing"
            text run at (128,90) width 25: " test"
            text run at (173,90) width 4: " "
          RenderInline {EM} at (0,0) size 18x17
            RenderText {#text} at (177,90) size 18x17
              text run at (177,90) width 18: "for"
          RenderText {#text} at (215,90) size 4x17
            text run at (215,90) width 4: " "
          RenderInline {STRONG} at (0,0) size 58x17
            RenderText {#text} at (219,90) size 58x17
              text run at (219,90) width 58: "elements"
          RenderText {#text} at (297,90) size 4x17
            text run at (297,90) width 4: " "
          RenderInline {TT} at (0,0) size 48x15
            RenderText {#text} at (301,93) size 48x15
              text run at (301,93) width 48: "within"
          RenderText {#text} at (369,90) size 83x17
            text run at (369,90) width 59: " elements"
            text run at (448,90) width 4: " "
          RenderText {#text} at (452,90) size 728x35
            text run at (452,90) width 24: "too."
            text run at (496,90) width 37: " (with"
            text run at (553,90) width 62: " comment"
            text run at (635,90) width 25: " (no"
            text run at (680,90) width 48: " trailing"
            text run at (0,108) width 40: "space)"
            text run at (60,108) width 57: " between"
            text run at (137,108) width 59: " elements"
            text run at (216,108) width 27: " and"
            text run at (263,108) width 29: " too)"
          RenderBR {BR} at (292,108) size 0x17
          RenderInline {SPAN} at (0,0) size 320x15
            RenderText {#text} at (0,129) size 204x15
              text run at (0,129) width 32: "Word"
              text run at (52,129) width 8: " "
              text run at (60,129) width 56: "spacing"
              text run at (136,129) width 40: " test"
              text run at (196,129) width 8: " "
            RenderInline {EM} at (0,0) size 24x15
              RenderText {#text} at (204,129) size 24x15
                text run at (204,129) width 24: "for"
            RenderText {#text} at (248,129) size 8x15
              text run at (248,129) width 8: " "
            RenderInline {STRONG} at (0,0) size 64x15
              RenderText {#text} at (256,129) size 64x15
                text run at (256,129) width 64: "elements"
          RenderText {#text} at (340,126) size 4x17
            text run at (340,126) width 4: " "
          RenderInline {TT} at (0,0) size 48x15
            RenderText {#text} at (344,129) size 48x15
              text run at (344,129) width 48: "within"
          RenderText {#text} at (412,126) size 720x35
            text run at (412,126) width 59: " elements"
            text run at (491,126) width 28: " too."
            text run at (539,126) width 37: " (with"
            text run at (596,126) width 75: " monospace"
            text run at (691,126) width 29: " font"
            text run at (0,144) width 30: "from"
            text run at (50,144) width 40: " Word"
            text run at (110,144) width 16: " to"
            text run at (146,144) width 64: " elements)"
          RenderBR {BR} at (210,144) size 0x17
          RenderText {#text} at (0,162) size 177x17
            text run at (0,162) width 36: "Word"
            text run at (56,162) width 4: " "
            text run at (60,162) width 48: "spacing"
            text run at (128,162) width 25: " test"
            text run at (173,162) width 4: " "
          RenderInline {SPAN} at (0,0) size 192x15
            RenderInline {EM} at (0,0) size 24x15
              RenderText {#text} at (177,165) size 24x15
                text run at (177,165) width 24: "for"
            RenderText {#text} at (221,165) size 8x15
              text run at (221,165) width 8: " "
            RenderInline {STRONG} at (0,0) size 64x15
              RenderText {#text} at (229,165) size 64x15
                text run at (229,165) width 64: "elements"
            RenderText {#text} at (313,165) size 8x15
              text run at (313,165) width 8: " "
            RenderInline {TT} at (0,0) size 48x15
              RenderText {#text} at (321,165) size 48x15
                text run at (321,165) width 48: "within"
          RenderText {#text} at (389,162) size 751x35
            text run at (389,162) width 59: " elements"
            text run at (468,162) width 28: " too."
            text run at (516,162) width 37: " (with"
            text run at (573,162) width 75: " monospace"
            text run at (668,162) width 29: " font"
            text run at (717,162) width 34: " from"
            text run at (0,180) width 18: "for"
            text run at (38,180) width 16: " to"
            text run at (74,180) width 49: " within)"
          RenderBR {BR} at (123,180) size 0x17
          RenderText {#text} at (0,198) size 177x17
            text run at (0,198) width 36: "Word"
            text run at (56,198) width 4: " "
            text run at (60,198) width 48: "spacing"
            text run at (128,198) width 25: " test"
            text run at (173,198) width 4: " "
          RenderInline {EM} at (0,0) size 18x17
            RenderText {#text} at (177,198) size 18x17
              text run at (177,198) width 18: "for"
          RenderText {#text} at (215,198) size 4x17
            text run at (215,198) width 4: " "
          RenderInline {STRONG} at (0,0) size 58x17
            RenderText {#text} at (219,198) size 58x17
              text run at (219,198) width 58: "elements"
          RenderText {#text} at (297,198) size 4x17
            text run at (297,198) width 4: " "
          RenderInline {SPAN} at (0,0) size 192x15
            RenderInline {TT} at (0,0) size 48x15
              RenderText {#text} at (301,201) size 48x15
                text run at (301,201) width 48: "within"
            RenderText {#text} at (369,201) size 124x15
              text run at (369,201) width 72: " elements"
              text run at (461,201) width 32: " too"
          RenderText {#text} at (493,198) size 752x35
            text run at (493,198) width 4: "."
            text run at (517,198) width 37: " (with"
            text run at (574,198) width 75: " monospace"
            text run at (669,198) width 29: " font"
            text run at (718,198) width 34: " from"
            text run at (0,216) width 55: "elements"
            text run at (75,216) width 16: " to"
            text run at (111,216) width 29: " too)"
            text run at (160,216) width 4: " "
        RenderText {#text} at (0,0) size 0x0
        RenderBR {BR} at (164,216) size 0x17
        RenderBR {BR} at (0,234) size 0x17
        RenderBR {BR} at (0,252) size 0x17
      RenderBlock {H2} at (0,756) size 769x28
        RenderText {#text} at (0,0) size 141x26
          text run at (0,0) width 141: "letter-spacing"
      RenderBlock (floating) {PRE} at (0,816) size 1209x168
        RenderBlock {H3} at (0,15) size 1209x18
          RenderText {#text} at (0,0) size 224x17
            text run at (0,0) width 224: "In a floated pre"
        RenderBlock (anonymous) at (0,47) size 1209x121
          RenderText {#text} at (0,0) size 286x30
            text run at (0,0) width 0: " "
            text run at (0,15) width 286: "Letter   spacing test "
          RenderInline {EM} at (0,0) size 39x15
            RenderText {#text} at (286,15) size 39x15
              text run at (286,15) width 39: "for"
          RenderText {#text} at (325,15) size 13x15
            text run at (325,15) width 13: " "
          RenderInline {STRONG} at (0,0) size 104x15
            RenderText {#text} at (338,15) size 104x15
              text run at (338,15) width 104: "elements"
          RenderText {#text} at (442,15) size 13x15
            text run at (442,15) width 13: " "
          RenderInline {TT} at (0,0) size 78x15
            RenderText {#text} at (455,15) size 78x15
              text run at (455,15) width 78: "within"
          RenderText {#text} at (533,15) size 715x30
            text run at (533,15) width 182: " elements too."
            text run at (715,15) width 0: " "
            text run at (0,30) width 286: "Letter   spacing test "
          RenderInline {EM} at (0,0) size 39x15
            RenderText {#text} at (286,30) size 39x15
              text run at (286,30) width 39: "for"
          RenderText {#text} at (325,30) size 13x15
            text run at (325,30) width 13: " "
          RenderInline {STRONG} at (0,0) size 104x15
            RenderText {#text} at (338,30) size 104x15
              text run at (338,30) width 104: "elements"
          RenderText {#text} at (442,30) size 13x15
            text run at (442,30) width 13: " "
          RenderInline {TT} at (0,0) size 78x15
            RenderText {#text} at (455,30) size 78x15
              text run at (455,30) width 78: "within"
          RenderText {#text} at (533,30) size 130x15
            text run at (533,30) width 130: " elements "
          RenderText {#text} at (663,30) size 1248x30
            text run at (663,30) width 585: " too. (with comment between elements and too)"
            text run at (1248,30) width 0: " "
            text run at (0,45) width 286: "Letter   spacing test "
          RenderInline {EM} at (0,0) size 39x15
            RenderText {#text} at (286,45) size 39x15
              text run at (286,45) width 39: "for"
          RenderText {#text} at (325,45) size 13x15
            text run at (325,45) width 13: " "
          RenderInline {STRONG} at (0,0) size 104x15
            RenderText {#text} at (338,45) size 104x15
              text run at (338,45) width 104: "elements"
          RenderText {#text} at (442,45) size 13x15
            text run at (442,45) width 13: " "
          RenderInline {TT} at (0,0) size 78x15
            RenderText {#text} at (455,45) size 78x15
              text run at (455,45) width 78: "within"
          RenderText {#text} at (533,45) size 117x15
            text run at (533,45) width 117: " elements"
          RenderText {#text} at (650,45) size 1521x30
            text run at (650,45) width 871: " too. (with comment (no preceeding space) between elements and too)"
            text run at (1521,45) width 0: " "
            text run at (0,60) width 286: "Letter   spacing test "
          RenderInline {EM} at (0,0) size 39x15
            RenderText {#text} at (286,60) size 39x15
              text run at (286,60) width 39: "for"
          RenderText {#text} at (325,60) size 13x15
            text run at (325,60) width 13: " "
          RenderInline {STRONG} at (0,0) size 104x15
            RenderText {#text} at (338,60) size 104x15
              text run at (338,60) width 104: "elements"
          RenderText {#text} at (442,60) size 13x15
            text run at (442,60) width 13: " "
          RenderInline {TT} at (0,0) size 78x15
            RenderText {#text} at (455,60) size 78x15
              text run at (455,60) width 78: "within"
          RenderText {#text} at (533,60) size 130x15
            text run at (533,60) width 130: " elements "
          RenderText {#text} at (663,60) size 832x15
            text run at (663,60) width 832: "too. (with comment (no trailing space) between elements and too)"
            text run at (1495,60) width 0: " "
          RenderInline {SPAN} at (0,0) size 442x15
            RenderText {#text} at (0,75) size 286x15
              text run at (0,75) width 286: "Letter   spacing test "
            RenderInline {EM} at (0,0) size 39x15
              RenderText {#text} at (286,75) size 39x15
                text run at (286,75) width 39: "for"
            RenderText {#text} at (325,75) size 13x15
              text run at (325,75) width 13: " "
            RenderInline {STRONG} at (0,0) size 104x15
              RenderText {#text} at (338,75) size 104x15
                text run at (338,75) width 104: "elements"
          RenderText {#text} at (442,75) size 13x15
            text run at (442,75) width 13: " "
          RenderInline {TT} at (0,0) size 78x15
            RenderText {#text} at (455,75) size 78x15
              text run at (455,75) width 78: "within"
          RenderText {#text} at (533,75) size 1313x30
            text run at (533,75) width 780: " elements too. (with monospace font from Letter to elements)"
            text run at (1313,75) width 0: " "
            text run at (0,90) width 286: "Letter   spacing test "
          RenderInline {SPAN} at (0,0) size 247x15
            RenderInline {EM} at (0,0) size 39x15
              RenderText {#text} at (286,90) size 39x15
                text run at (286,90) width 39: "for"
            RenderText {#text} at (325,90) size 13x15
              text run at (325,90) width 13: " "
            RenderInline {STRONG} at (0,0) size 104x15
              RenderText {#text} at (338,90) size 104x15
                text run at (338,90) width 104: "elements"
            RenderText {#text} at (442,90) size 13x15
              text run at (442,90) width 13: " "
            RenderInline {TT} at (0,0) size 78x15
              RenderText {#text} at (455,90) size 78x15
                text run at (455,90) width 78: "within"
          RenderText {#text} at (533,90) size 1248x30
            text run at (533,90) width 715: " elements too. (with monospace font from for to within)"
            text run at (1248,90) width 0: " "
            text run at (0,105) width 286: "Letter   spacing test "
          RenderInline {EM} at (0,0) size 39x15
            RenderText {#text} at (286,105) size 39x15
              text run at (286,105) width 39: "for"
          RenderText {#text} at (325,105) size 13x15
            text run at (325,105) width 13: " "
          RenderInline {STRONG} at (0,0) size 104x15
            RenderText {#text} at (338,105) size 104x15
              text run at (338,105) width 104: "elements"
          RenderText {#text} at (442,105) size 13x15
            text run at (442,105) width 13: " "
          RenderInline {SPAN} at (0,0) size 247x15
            RenderInline {TT} at (0,0) size 78x15
              RenderText {#text} at (455,105) size 78x15
                text run at (455,105) width 78: "within"
            RenderText {#text} at (533,105) size 169x15
              text run at (533,105) width 169: " elements too"
          RenderText {#text} at (702,105) size 572x15
            text run at (702,105) width 572: ". (with monospace font from elements to too)"
            text run at (1274,105) width 0: " "
      RenderBlock (anonymous) at (0,803) size 769x194
        RenderBR {BR} at (1209,0) size 0x17
      RenderBlock {PRE} at (0,1011) size 769x153
        RenderBlock {H3} at (0,0) size 769x17
          RenderText {#text} at (0,0) size 280x17
            text run at (0,0) width 280: "In an un-floated pre"
        RenderBlock (anonymous) at (0,32) size 769x121
          RenderText {#text} at (0,0) size 286x30
            text run at (0,0) width 0: " "
            text run at (0,15) width 286: "Letter   spacing test "
          RenderInline {EM} at (0,0) size 39x15
            RenderText {#text} at (286,15) size 39x15
              text run at (286,15) width 39: "for"
          RenderText {#text} at (325,15) size 13x15
            text run at (325,15) width 13: " "
          RenderInline {STRONG} at (0,0) size 104x15
            RenderText {#text} at (338,15) size 104x15
              text run at (338,15) width 104: "elements"
          RenderText {#text} at (442,15) size 13x15
            text run at (442,15) width 13: " "
          RenderInline {TT} at (0,0) size 78x15
            RenderText {#text} at (455,15) size 78x15
              text run at (455,15) width 78: "within"
          RenderText {#text} at (533,15) size 715x30
            text run at (533,15) width 182: " elements too."
            text run at (715,15) width 0: " "
            text run at (0,30) width 286: "Letter   spacing test "
          RenderInline {EM} at (0,0) size 39x15
            RenderText {#text} at (286,30) size 39x15
              text run at (286,30) width 39: "for"
          RenderText {#text} at (325,30) size 13x15
            text run at (325,30) width 13: " "
          RenderInline {STRONG} at (0,0) size 104x15
            RenderText {#text} at (338,30) size 104x15
              text run at (338,30) width 104: "elements"
          RenderText {#text} at (442,30) size 13x15
            text run at (442,30) width 13: " "
          RenderInline {TT} at (0,0) size 78x15
            RenderText {#text} at (455,30) size 78x15
              text run at (455,30) width 78: "within"
          RenderText {#text} at (533,30) size 130x15
            text run at (533,30) width 130: " elements "
          RenderText {#text} at (663,30) size 1248x30
            text run at (663,30) width 585: " too. (with comment between elements and too)"
            text run at (1248,30) width 0: " "
            text run at (0,45) width 286: "Letter   spacing test "
          RenderInline {EM} at (0,0) size 39x15
            RenderText {#text} at (286,45) size 39x15
              text run at (286,45) width 39: "for"
          RenderText {#text} at (325,45) size 13x15
            text run at (325,45) width 13: " "
          RenderInline {STRONG} at (0,0) size 104x15
            RenderText {#text} at (338,45) size 104x15
              text run at (338,45) width 104: "elements"
          RenderText {#text} at (442,45) size 13x15
            text run at (442,45) width 13: " "
          RenderInline {TT} at (0,0) size 78x15
            RenderText {#text} at (455,45) size 78x15
              text run at (455,45) width 78: "within"
          RenderText {#text} at (533,45) size 117x15
            text run at (533,45) width 117: " elements"
          RenderText {#text} at (650,45) size 1521x30
            text run at (650,45) width 871: " too. (with comment (no preceeding space) between elements and too)"
            text run at (1521,45) width 0: " "
            text run at (0,60) width 286: "Letter   spacing test "
          RenderInline {EM} at (0,0) size 39x15
            RenderText {#text} at (286,60) size 39x15
              text run at (286,60) width 39: "for"
          RenderText {#text} at (325,60) size 13x15
            text run at (325,60) width 13: " "
          RenderInline {STRONG} at (0,0) size 104x15
            RenderText {#text} at (338,60) size 104x15
              text run at (338,60) width 104: "elements"
          RenderText {#text} at (442,60) size 13x15
            text run at (442,60) width 13: " "
          RenderInline {TT} at (0,0) size 78x15
            RenderText {#text} at (455,60) size 78x15
              text run at (455,60) width 78: "within"
          RenderText {#text} at (533,60) size 130x15
            text run at (533,60) width 130: " elements "
          RenderText {#text} at (663,60) size 832x15
            text run at (663,60) width 832: "too. (with comment (no trailing space) between elements and too)"
            text run at (1495,60) width 0: " "
          RenderInline {SPAN} at (0,0) size 442x15
            RenderText {#text} at (0,75) size 286x15
              text run at (0,75) width 286: "Letter   spacing test "
            RenderInline {EM} at (0,0) size 39x15
              RenderText {#text} at (286,75) size 39x15
                text run at (286,75) width 39: "for"
            RenderText {#text} at (325,75) size 13x15
              text run at (325,75) width 13: " "
            RenderInline {STRONG} at (0,0) size 104x15
              RenderText {#text} at (338,75) size 104x15
                text run at (338,75) width 104: "elements"
          RenderText {#text} at (442,75) size 13x15
            text run at (442,75) width 13: " "
          RenderInline {TT} at (0,0) size 78x15
            RenderText {#text} at (455,75) size 78x15
              text run at (455,75) width 78: "within"
          RenderText {#text} at (533,75) size 1313x30
            text run at (533,75) width 780: " elements too. (with monospace font from Letter to elements)"
            text run at (1313,75) width 0: " "
            text run at (0,90) width 286: "Letter   spacing test "
          RenderInline {SPAN} at (0,0) size 247x15
            RenderInline {EM} at (0,0) size 39x15
              RenderText {#text} at (286,90) size 39x15
                text run at (286,90) width 39: "for"
            RenderText {#text} at (325,90) size 13x15
              text run at (325,90) width 13: " "
            RenderInline {STRONG} at (0,0) size 104x15
              RenderText {#text} at (338,90) size 104x15
                text run at (338,90) width 104: "elements"
            RenderText {#text} at (442,90) size 13x15
              text run at (442,90) width 13: " "
            RenderInline {TT} at (0,0) size 78x15
              RenderText {#text} at (455,90) size 78x15
                text run at (455,90) width 78: "within"
          RenderText {#text} at (533,90) size 1248x30
            text run at (533,90) width 715: " elements too. (with monospace font from for to within)"
            text run at (1248,90) width 0: " "
            text run at (0,105) width 286: "Letter   spacing test "
          RenderInline {EM} at (0,0) size 39x15
            RenderText {#text} at (286,105) size 39x15
              text run at (286,105) width 39: "for"
          RenderText {#text} at (325,105) size 13x15
            text run at (325,105) width 13: " "
          RenderInline {STRONG} at (0,0) size 104x15
            RenderText {#text} at (338,105) size 104x15
              text run at (338,105) width 104: "elements"
          RenderText {#text} at (442,105) size 13x15
            text run at (442,105) width 13: " "
          RenderInline {SPAN} at (0,0) size 247x15
            RenderInline {TT} at (0,0) size 78x15
              RenderText {#text} at (455,105) size 78x15
                text run at (455,105) width 78: "within"
            RenderText {#text} at (533,105) size 169x15
              text run at (533,105) width 169: " elements too"
          RenderText {#text} at (702,105) size 572x15
            text run at (702,105) width 572: ". (with monospace font from elements to too)"
            text run at (1274,105) width 0: " "
      RenderBlock (anonymous) at (0,1176) size 769x19
        RenderBR {BR} at (0,0) size 0x17
        RenderInline {SPAN} at (0,0) size 0x17
          RenderText {#text} at (0,0) size 0x0
      RenderBlock (anonymous) at (0,1213) size 769x23
        RenderBlock {H3} at (0,0) size 769x22
          RenderText {#text} at (0,0) size 122x21
            text run at (0,0) width 122: "In a span"
      RenderBlock (anonymous) at (0,1254) size 769x271
        RenderInline {SPAN} at (0,0) size 727x233
          RenderText {#text} at (0,0) size 218x17
            text run at (0,0) width 76: "Letter "
            text run at (76,0) width 142: "spacing test "
          RenderInline {EM} at (0,0) size 33x17
            RenderText {#text} at (218,0) size 33x17
              text run at (218,0) width 33: "for"
          RenderText {#text} at (251,0) size 9x17
            text run at (251,0) width 9: " "
          RenderInline {STRONG} at (0,0) size 98x17
            RenderText {#text} at (260,0) size 98x17
              text run at (260,0) width 98: "elements"
          RenderText {#text} at (358,0) size 9x17
            text run at (358,0) width 9: " "
          RenderInline {TT} at (0,0) size 78x15
            RenderText {#text} at (367,3) size 78x15
              text run at (367,3) width 78: "within"
          RenderText {#text} at (445,0) size 157x17
            text run at (445,0) width 157: " elements too."
          RenderBR {BR} at (602,0) size 0x17
          RenderText {#text} at (0,18) size 218x17
            text run at (0,18) width 76: "Letter "
            text run at (76,18) width 142: "spacing test "
          RenderInline {EM} at (0,0) size 33x17
            RenderText {#text} at (218,18) size 33x17
              text run at (218,18) width 33: "for"
          RenderText {#text} at (251,18) size 9x17
            text run at (251,18) width 9: " "
          RenderInline {STRONG} at (0,0) size 98x17
            RenderText {#text} at (260,18) size 98x17
              text run at (260,18) width 98: "elements"
          RenderText {#text} at (358,18) size 9x17
            text run at (358,18) width 9: " "
          RenderInline {TT} at (0,0) size 78x15
            RenderText {#text} at (367,21) size 78x15
              text run at (367,21) width 78: "within"
          RenderText {#text} at (445,18) size 113x17
            text run at (445,18) width 113: " elements "
          RenderText {#text} at (558,18) size 669x35
            text run at (558,18) width 111: "too. (with"
            text run at (0,36) width 395: "comment between elements and too)"
          RenderBR {BR} at (395,36) size 0x17
          RenderText {#text} at (0,54) size 218x17
            text run at (0,54) width 76: "Letter "
            text run at (76,54) width 142: "spacing test "
          RenderInline {EM} at (0,0) size 33x17
            RenderText {#text} at (218,54) size 33x17
              text run at (218,54) width 33: "for"
          RenderText {#text} at (251,54) size 9x17
            text run at (251,54) width 9: " "
          RenderInline {STRONG} at (0,0) size 98x17
            RenderText {#text} at (260,54) size 98x17
              text run at (260,54) width 98: "elements"
          RenderText {#text} at (358,54) size 9x17
            text run at (358,54) width 9: " "
          RenderInline {TT} at (0,0) size 78x15
            RenderText {#text} at (367,57) size 78x15
              text run at (367,57) width 78: "within"
          RenderText {#text} at (445,54) size 104x17
            text run at (445,54) width 104: " elements"
          RenderText {#text} at (549,54) size 669x35
            text run at (549,54) width 120: " too. (with"
            text run at (0,72) width 647: "comment (no preceeding space) between elements and too)"
          RenderBR {BR} at (647,72) size 0x17
          RenderText {#text} at (0,90) size 218x17
            text run at (0,90) width 76: "Letter "
            text run at (76,90) width 142: "spacing test "
          RenderInline {EM} at (0,0) size 33x17
            RenderText {#text} at (218,90) size 33x17
              text run at (218,90) width 33: "for"
          RenderText {#text} at (251,90) size 9x17
            text run at (251,90) width 9: " "
          RenderInline {STRONG} at (0,0) size 98x17
            RenderText {#text} at (260,90) size 98x17
              text run at (260,90) width 98: "elements"
          RenderText {#text} at (358,90) size 9x17
            text run at (358,90) width 9: " "
          RenderInline {TT} at (0,0) size 78x15
            RenderText {#text} at (367,93) size 78x15
              text run at (367,93) width 78: "within"
          RenderText {#text} at (445,90) size 113x17
            text run at (445,90) width 113: " elements "
          RenderText {#text} at (558,90) size 669x35
            text run at (558,90) width 111: "too. (with"
            text run at (0,108) width 612: "comment (no trailing space) between elements and too)"
          RenderBR {BR} at (612,108) size 0x17
          RenderInline {SPAN} at (0,0) size 416x15
            RenderText {#text} at (0,129) size 260x15
              text run at (0,129) width 91: "Letter "
              text run at (91,129) width 169: "spacing test "
            RenderInline {EM} at (0,0) size 39x15
              RenderText {#text} at (260,129) size 39x15
                text run at (260,129) width 39: "for"
            RenderText {#text} at (299,129) size 13x15
              text run at (299,129) width 13: " "
            RenderInline {STRONG} at (0,0) size 104x15
              RenderText {#text} at (312,129) size 104x15
                text run at (312,129) width 104: "elements"
          RenderText {#text} at (416,126) size 9x17
            text run at (416,126) width 9: " "
          RenderInline {TT} at (0,0) size 78x15
            RenderText {#text} at (425,129) size 78x15
              text run at (425,129) width 78: "within"
          RenderText {#text} at (503,126) size 727x35
            text run at (503,126) width 224: " elements too. (with"
            text run at (0,144) width 450: "monospace font from Letter to elements)"
          RenderBR {BR} at (450,144) size 0x17
          RenderText {#text} at (0,162) size 218x17
            text run at (0,162) width 76: "Letter "
            text run at (76,162) width 142: "spacing test "
          RenderInline {SPAN} at (0,0) size 247x15
            RenderInline {EM} at (0,0) size 39x15
              RenderText {#text} at (218,165) size 39x15
                text run at (218,165) width 39: "for"
            RenderText {#text} at (257,165) size 13x15
              text run at (257,165) width 13: " "
            RenderInline {STRONG} at (0,0) size 104x15
              RenderText {#text} at (270,165) size 104x15
                text run at (270,165) width 104: "elements"
            RenderText {#text} at (374,165) size 13x15
              text run at (374,165) width 13: " "
            RenderInline {TT} at (0,0) size 78x15
              RenderText {#text} at (387,165) size 78x15
                text run at (387,165) width 78: "within"
          RenderText {#text} at (465,162) size 689x35
            text run at (465,162) width 224: " elements too. (with"
            text run at (0,180) width 391: "monospace font from for to within)"
          RenderBR {BR} at (391,180) size 0x17
          RenderText {#text} at (0,198) size 218x17
            text run at (0,198) width 76: "Letter "
            text run at (76,198) width 142: "spacing test "
          RenderInline {EM} at (0,0) size 33x17
            RenderText {#text} at (218,198) size 33x17
              text run at (218,198) width 33: "for"
          RenderText {#text} at (251,198) size 9x17
            text run at (251,198) width 9: " "
          RenderInline {STRONG} at (0,0) size 98x17
            RenderText {#text} at (260,198) size 98x17
              text run at (260,198) width 98: "elements"
          RenderText {#text} at (358,198) size 9x17
            text run at (358,198) width 9: " "
          RenderInline {SPAN} at (0,0) size 247x15
            RenderInline {TT} at (0,0) size 78x15
              RenderText {#text} at (367,201) size 78x15
                text run at (367,201) width 78: "within"
            RenderText {#text} at (445,201) size 169x15
              text run at (445,201) width 169: " elements too"
          RenderText {#text} at (614,198) size 690x35
            text run at (614,198) width 76: ". (with"
            text run at (0,216) width 427: "monospace font from elements to too) "
        RenderText {#text} at (0,0) size 0x0
        RenderBR {BR} at (427,216) size 0x17
        RenderBR {BR} at (0,234) size 0x17
        RenderBR {BR} at (0,252) size 0x17
      RenderBlock {H2} at (0,1544) size 769x28
        RenderText {#text} at (0,0) size 131x26
          text run at (0,0) width 131: "both-spacing"
      RenderBlock (floating) {PRE} at (0,1604) size 1469x168
        RenderBlock {H3} at (0,15) size 1469x18
          RenderText {#text} at (0,0) size 284x17
            text run at (0,0) width 28: "In"
            text run at (48,0) width 28: " a"
            text run at (96,0) width 112: " floated"
            text run at (228,0) width 56: " pre"
        RenderBlock (anonymous) at (0,47) size 1469x121
          RenderText {#text} at (0,0) size 543x30
            text run at (0,0) width 0: " "
            text run at (0,15) width 52: "Word"
            text run at (72,15) width 52: " and"
            text run at (144,15) width 91: " letter"
            text run at (255,15) width 170: "   spacing"
            text run at (445,15) width 65: " test"
            text run at (530,15) width 13: " "
          RenderInline {EM} at (0,0) size 39x15
            RenderText {#text} at (543,15) size 39x15
              text run at (543,15) width 39: "for"
          RenderText {#text} at (602,15) size 13x15
            text run at (602,15) width 13: " "
          RenderInline {STRONG} at (0,0) size 104x15
            RenderText {#text} at (615,15) size 104x15
              text run at (615,15) width 104: "elements"
          RenderText {#text} at (739,15) size 13x15
            text run at (739,15) width 13: " "
          RenderInline {TT} at (0,0) size 78x15
            RenderText {#text} at (752,15) size 78x15
              text run at (752,15) width 78: "within"
          RenderText {#text} at (850,15) size 1052x30
            text run at (850,15) width 117: " elements"
            text run at (987,15) width 65: " too."
            text run at (1052,15) width 0: " "
            text run at (0,30) width 52: "Word"
            text run at (72,30) width 52: " and"
            text run at (144,30) width 91: " letter"
            text run at (255,30) width 170: "   spacing"
            text run at (445,30) width 65: " test"
            text run at (530,30) width 13: " "
          RenderInline {EM} at (0,0) size 39x15
            RenderText {#text} at (543,30) size 39x15
              text run at (543,30) width 39: "for"
          RenderText {#text} at (602,30) size 13x15
            text run at (602,30) width 13: " "
          RenderInline {STRONG} at (0,0) size 104x15
            RenderText {#text} at (615,30) size 104x15
              text run at (615,30) width 104: "elements"
          RenderText {#text} at (739,30) size 13x15
            text run at (739,30) width 13: " "
          RenderInline {TT} at (0,0) size 78x15
            RenderText {#text} at (752,30) size 78x15
              text run at (752,30) width 78: "within"
          RenderText {#text} at (850,30) size 150x15
            text run at (850,30) width 117: " elements"
            text run at (987,30) width 13: " "
          RenderText {#text} at (1020,30) size 1725x30
            text run at (1020,30) width 65: " too."
            text run at (1105,30) width 78: " (with"
            text run at (1203,30) width 104: " comment"
            text run at (1327,30) width 104: " between"
            text run at (1451,30) width 117: " elements"
            text run at (1588,30) width 52: " and"
            text run at (1660,30) width 65: " too)"
            text run at (1725,30) width 0: " "
            text run at (0,45) width 52: "Word"
            text run at (72,45) width 52: " and"
            text run at (144,45) width 91: " letter"
            text run at (255,45) width 170: "   spacing"
            text run at (445,45) width 65: " test"
            text run at (530,45) width 13: " "
          RenderInline {EM} at (0,0) size 39x15
            RenderText {#text} at (543,45) size 39x15
              text run at (543,45) width 39: "for"
          RenderText {#text} at (602,45) size 13x15
            text run at (602,45) width 13: " "
          RenderInline {STRONG} at (0,0) size 104x15
            RenderText {#text} at (615,45) size 104x15
              text run at (615,45) width 104: "elements"
          RenderText {#text} at (739,45) size 13x15
            text run at (739,45) width 13: " "
          RenderInline {TT} at (0,0) size 78x15
            RenderText {#text} at (752,45) size 78x15
              text run at (752,45) width 78: "within"
          RenderText {#text} at (850,45) size 117x15
            text run at (850,45) width 117: " elements"
          RenderText {#text} at (987,45) size 2038x30
            text run at (987,45) width 65: " too."
            text run at (1072,45) width 78: " (with"
            text run at (1170,45) width 104: " comment"
            text run at (1294,45) width 52: " (no"
            text run at (1366,45) width 143: " preceeding"
            text run at (1529,45) width 91: " space)"
            text run at (1640,45) width 104: " between"
            text run at (1764,45) width 117: " elements"
            text run at (1901,45) width 52: " and"
            text run at (1973,45) width 65: " too)"
            text run at (2038,45) width 0: " "
            text run at (0,60) width 52: "Word"
            text run at (72,60) width 52: " and"
            text run at (144,60) width 91: " letter"
            text run at (255,60) width 170: "   spacing"
            text run at (445,60) width 65: " test"
            text run at (530,60) width 13: " "
          RenderInline {EM} at (0,0) size 39x15
            RenderText {#text} at (543,60) size 39x15
              text run at (543,60) width 39: "for"
          RenderText {#text} at (602,60) size 13x15
            text run at (602,60) width 13: " "
          RenderInline {STRONG} at (0,0) size 104x15
            RenderText {#text} at (615,60) size 104x15
              text run at (615,60) width 104: "elements"
          RenderText {#text} at (739,60) size 13x15
            text run at (739,60) width 13: " "
          RenderInline {TT} at (0,0) size 78x15
            RenderText {#text} at (752,60) size 78x15
              text run at (752,60) width 78: "within"
          RenderText {#text} at (850,60) size 150x15
            text run at (850,60) width 117: " elements"
            text run at (987,60) width 13: " "
          RenderText {#text} at (1000,60) size 1012x15
            text run at (1000,60) width 52: "too."
            text run at (1072,60) width 78: " (with"
            text run at (1170,60) width 104: " comment"
            text run at (1294,60) width 52: " (no"
            text run at (1366,60) width 117: " trailing"
            text run at (1503,60) width 91: " space)"
            text run at (1614,60) width 104: " between"
            text run at (1738,60) width 117: " elements"
            text run at (1875,60) width 52: " and"
            text run at (1947,60) width 65: " too)"
            text run at (2012,60) width 0: " "
          RenderInline {SPAN} at (0,0) size 719x15
            RenderText {#text} at (0,75) size 543x15
              text run at (0,75) width 52: "Word"
              text run at (72,75) width 52: " and"
              text run at (144,75) width 91: " letter"
              text run at (255,75) width 170: "   spacing"
              text run at (445,75) width 65: " test"
              text run at (530,75) width 13: " "
            RenderInline {EM} at (0,0) size 39x15
              RenderText {#text} at (543,75) size 39x15
                text run at (543,75) width 39: "for"
            RenderText {#text} at (602,75) size 13x15
              text run at (602,75) width 13: " "
            RenderInline {STRONG} at (0,0) size 104x15
              RenderText {#text} at (615,75) size 104x15
                text run at (615,75) width 104: "elements"
          RenderText {#text} at (739,75) size 13x15
            text run at (739,75) width 13: " "
          RenderInline {TT} at (0,0) size 78x15
            RenderText {#text} at (752,75) size 78x15
              text run at (752,75) width 78: "within"
          RenderText {#text} at (850,75) size 1764x30
            text run at (850,75) width 117: " elements"
            text run at (987,75) width 65: " too."
            text run at (1072,75) width 78: " (with"
            text run at (1170,75) width 130: " monospace"
            text run at (1320,75) width 65: " font"
            text run at (1405,75) width 65: " from"
            text run at (1490,75) width 65: " Word"
            text run at (1575,75) width 39: " to"
            text run at (1634,75) width 130: " elements)"
            text run at (1764,75) width 0: " "
            text run at (0,90) width 52: "Word"
            text run at (72,90) width 52: " and"
            text run at (144,90) width 91: " letter"
            text run at (255,90) width 170: "   spacing"
            text run at (445,90) width 65: " test"
            text run at (530,90) width 13: " "
          RenderInline {SPAN} at (0,0) size 287x15
            RenderInline {EM} at (0,0) size 39x15
              RenderText {#text} at (543,90) size 39x15
                text run at (543,90) width 39: "for"
            RenderText {#text} at (602,90) size 13x15
              text run at (602,90) width 13: " "
            RenderInline {STRONG} at (0,0) size 104x15
              RenderText {#text} at (615,90) size 104x15
                text run at (615,90) width 104: "elements"
            RenderText {#text} at (739,90) size 13x15
              text run at (739,90) width 13: " "
            RenderInline {TT} at (0,0) size 78x15
              RenderText {#text} at (752,90) size 78x15
                text run at (752,90) width 78: "within"
          RenderText {#text} at (850,90) size 1725x30
            text run at (850,90) width 117: " elements"
            text run at (987,90) width 65: " too."
            text run at (1072,90) width 78: " (with"
            text run at (1170,90) width 130: " monospace"
            text run at (1320,90) width 65: " font"
            text run at (1405,90) width 65: " from"
            text run at (1490,90) width 52: " for"
            text run at (1562,90) width 39: " to"
            text run at (1621,90) width 104: " within)"
            text run at (1725,90) width 0: " "
            text run at (0,105) width 52: "Word"
            text run at (72,105) width 52: " and"
            text run at (144,105) width 91: " letter"
            text run at (255,105) width 170: "   spacing"
            text run at (445,105) width 65: " test"
            text run at (530,105) width 13: " "
          RenderInline {EM} at (0,0) size 39x15
            RenderText {#text} at (543,105) size 39x15
              text run at (543,105) width 39: "for"
          RenderText {#text} at (602,105) size 13x15
            text run at (602,105) width 13: " "
          RenderInline {STRONG} at (0,0) size 104x15
            RenderText {#text} at (615,105) size 104x15
              text run at (615,105) width 104: "elements"
          RenderText {#text} at (739,105) size 13x15
            text run at (739,105) width 13: " "
          RenderInline {SPAN} at (0,0) size 287x15
            RenderInline {TT} at (0,0) size 78x15
              RenderText {#text} at (752,105) size 78x15
                text run at (752,105) width 78: "within"
            RenderText {#text} at (850,105) size 189x15
              text run at (850,105) width 117: " elements"
              text run at (987,105) width 52: " too"
          RenderText {#text} at (1039,105) size 712x15
            text run at (1039,105) width 13: "."
            text run at (1072,105) width 78: " (with"
            text run at (1170,105) width 130: " monospace"
            text run at (1320,105) width 65: " font"
            text run at (1405,105) width 65: " from"
            text run at (1490,105) width 117: " elements"
            text run at (1627,105) width 39: " to"
            text run at (1686,105) width 65: " too)"
            text run at (1751,105) width 0: " "
      RenderBlock (anonymous) at (0,1591) size 769x194
        RenderBR {BR} at (1469,0) size 0x17
      RenderBlock {PRE} at (0,1799) size 769x153
        RenderBlock {H3} at (0,0) size 769x17
          RenderText {#text} at (0,0) size 340x17
            text run at (0,0) width 28: "In"
            text run at (48,0) width 42: " an"
            text run at (110,0) width 154: " un-floated"
            text run at (284,0) width 56: " pre"
        RenderBlock (anonymous) at (0,32) size 769x121
          RenderText {#text} at (0,0) size 543x30
            text run at (0,0) width 0: " "
            text run at (0,15) width 52: "Word"
            text run at (72,15) width 52: " and"
            text run at (144,15) width 91: " letter"
            text run at (255,15) width 170: "   spacing"
            text run at (445,15) width 65: " test"
            text run at (530,15) width 13: " "
          RenderInline {EM} at (0,0) size 39x15
            RenderText {#text} at (543,15) size 39x15
              text run at (543,15) width 39: "for"
          RenderText {#text} at (602,15) size 13x15
            text run at (602,15) width 13: " "
          RenderInline {STRONG} at (0,0) size 104x15
            RenderText {#text} at (615,15) size 104x15
              text run at (615,15) width 104: "elements"
          RenderText {#text} at (739,15) size 13x15
            text run at (739,15) width 13: " "
          RenderInline {TT} at (0,0) size 78x15
            RenderText {#text} at (752,15) size 78x15
              text run at (752,15) width 78: "within"
          RenderText {#text} at (850,15) size 1052x30
            text run at (850,15) width 117: " elements"
            text run at (987,15) width 65: " too."
            text run at (1052,15) width 0: " "
            text run at (0,30) width 52: "Word"
            text run at (72,30) width 52: " and"
            text run at (144,30) width 91: " letter"
            text run at (255,30) width 170: "   spacing"
            text run at (445,30) width 65: " test"
            text run at (530,30) width 13: " "
          RenderInline {EM} at (0,0) size 39x15
            RenderText {#text} at (543,30) size 39x15
              text run at (543,30) width 39: "for"
          RenderText {#text} at (602,30) size 13x15
            text run at (602,30) width 13: " "
          RenderInline {STRONG} at (0,0) size 104x15
            RenderText {#text} at (615,30) size 104x15
              text run at (615,30) width 104: "elements"
          RenderText {#text} at (739,30) size 13x15
            text run at (739,30) width 13: " "
          RenderInline {TT} at (0,0) size 78x15
            RenderText {#text} at (752,30) size 78x15
              text run at (752,30) width 78: "within"
          RenderText {#text} at (850,30) size 150x15
            text run at (850,30) width 117: " elements"
            text run at (987,30) width 13: " "
          RenderText {#text} at (1020,30) size 1725x30
            text run at (1020,30) width 65: " too."
            text run at (1105,30) width 78: " (with"
            text run at (1203,30) width 104: " comment"
            text run at (1327,30) width 104: " between"
            text run at (1451,30) width 117: " elements"
            text run at (1588,30) width 52: " and"
            text run at (1660,30) width 65: " too)"
            text run at (1725,30) width 0: " "
            text run at (0,45) width 52: "Word"
            text run at (72,45) width 52: " and"
            text run at (144,45) width 91: " letter"
            text run at (255,45) width 170: "   spacing"
            text run at (445,45) width 65: " test"
            text run at (530,45) width 13: " "
          RenderInline {EM} at (0,0) size 39x15
            RenderText {#text} at (543,45) size 39x15
              text run at (543,45) width 39: "for"
          RenderText {#text} at (602,45) size 13x15
            text run at (602,45) width 13: " "
          RenderInline {STRONG} at (0,0) size 104x15
            RenderText {#text} at (615,45) size 104x15
              text run at (615,45) width 104: "elements"
          RenderText {#text} at (739,45) size 13x15
            text run at (739,45) width 13: " "
          RenderInline {TT} at (0,0) size 78x15
            RenderText {#text} at (752,45) size 78x15
              text run at (752,45) width 78: "within"
          RenderText {#text} at (850,45) size 117x15
            text run at (850,45) width 117: " elements"
          RenderText {#text} at (987,45) size 2038x30
            text run at (987,45) width 65: " too."
            text run at (1072,45) width 78: " (with"
            text run at (1170,45) width 104: " comment"
            text run at (1294,45) width 52: " (no"
            text run at (1366,45) width 143: " preceeding"
            text run at (1529,45) width 91: " space)"
            text run at (1640,45) width 104: " between"
            text run at (1764,45) width 117: " elements"
            text run at (1901,45) width 52: " and"
            text run at (1973,45) width 65: " too)"
            text run at (2038,45) width 0: " "
            text run at (0,60) width 52: "Word"
            text run at (72,60) width 52: " and"
            text run at (144,60) width 91: " letter"
            text run at (255,60) width 170: "   spacing"
            text run at (445,60) width 65: " test"
            text run at (530,60) width 13: " "
          RenderInline {EM} at (0,0) size 39x15
            RenderText {#text} at (543,60) size 39x15
              text run at (543,60) width 39: "for"
          RenderText {#text} at (602,60) size 13x15
            text run at (602,60) width 13: " "
          RenderInline {STRONG} at (0,0) size 104x15
            RenderText {#text} at (615,60) size 104x15
              text run at (615,60) width 104: "elements"
          RenderText {#text} at (739,60) size 13x15
            text run at (739,60) width 13: " "
          RenderInline {TT} at (0,0) size 78x15
            RenderText {#text} at (752,60) size 78x15
              text run at (752,60) width 78: "within"
          RenderText {#text} at (850,60) size 150x15
            text run at (850,60) width 117: " elements"
            text run at (987,60) width 13: " "
          RenderText {#text} at (1000,60) size 1012x15
            text run at (1000,60) width 52: "too."
            text run at (1072,60) width 78: " (with"
            text run at (1170,60) width 104: " comment"
            text run at (1294,60) width 52: " (no"
            text run at (1366,60) width 117: " trailing"
            text run at (1503,60) width 91: " space)"
            text run at (1614,60) width 104: " between"
            text run at (1738,60) width 117: " elements"
            text run at (1875,60) width 52: " and"
            text run at (1947,60) width 65: " too)"
            text run at (2012,60) width 0: " "
          RenderInline {SPAN} at (0,0) size 719x15
            RenderText {#text} at (0,75) size 543x15
              text run at (0,75) width 52: "Word"
              text run at (72,75) width 52: " and"
              text run at (144,75) width 91: " letter"
              text run at (255,75) width 170: "   spacing"
              text run at (445,75) width 65: " test"
              text run at (530,75) width 13: " "
            RenderInline {EM} at (0,0) size 39x15
              RenderText {#text} at (543,75) size 39x15
                text run at (543,75) width 39: "for"
            RenderText {#text} at (602,75) size 13x15
              text run at (602,75) width 13: " "
            RenderInline {STRONG} at (0,0) size 104x15
              RenderText {#text} at (615,75) size 104x15
                text run at (615,75) width 104: "elements"
          RenderText {#text} at (739,75) size 13x15
            text run at (739,75) width 13: " "
          RenderInline {TT} at (0,0) size 78x15
            RenderText {#text} at (752,75) size 78x15
              text run at (752,75) width 78: "within"
          RenderText {#text} at (850,75) size 1764x30
            text run at (850,75) width 117: " elements"
            text run at (987,75) width 65: " too."
            text run at (1072,75) width 78: " (with"
            text run at (1170,75) width 130: " monospace"
            text run at (1320,75) width 65: " font"
            text run at (1405,75) width 65: " from"
            text run at (1490,75) width 65: " Word"
            text run at (1575,75) width 39: " to"
            text run at (1634,75) width 130: " elements)"
            text run at (1764,75) width 0: " "
            text run at (0,90) width 52: "Word"
            text run at (72,90) width 52: " and"
            text run at (144,90) width 91: " letter"
            text run at (255,90) width 170: "   spacing"
            text run at (445,90) width 65: " test"
            text run at (530,90) width 13: " "
          RenderInline {SPAN} at (0,0) size 287x15
            RenderInline {EM} at (0,0) size 39x15
              RenderText {#text} at (543,90) size 39x15
                text run at (543,90) width 39: "for"
            RenderText {#text} at (602,90) size 13x15
              text run at (602,90) width 13: " "
            RenderInline {STRONG} at (0,0) size 104x15
              RenderText {#text} at (615,90) size 104x15
                text run at (615,90) width 104: "elements"
            RenderText {#text} at (739,90) size 13x15
              text run at (739,90) width 13: " "
            RenderInline {TT} at (0,0) size 78x15
              RenderText {#text} at (752,90) size 78x15
                text run at (752,90) width 78: "within"
          RenderText {#text} at (850,90) size 1725x30
            text run at (850,90) width 117: " elements"
            text run at (987,90) width 65: " too."
            text run at (1072,90) width 78: " (with"
            text run at (1170,90) width 130: " monospace"
            text run at (1320,90) width 65: " font"
            text run at (1405,90) width 65: " from"
            text run at (1490,90) width 52: " for"
            text run at (1562,90) width 39: " to"
            text run at (1621,90) width 104: " within)"
            text run at (1725,90) width 0: " "
            text run at (0,105) width 52: "Word"
            text run at (72,105) width 52: " and"
            text run at (144,105) width 91: " letter"
            text run at (255,105) width 170: "   spacing"
            text run at (445,105) width 65: " test"
            text run at (530,105) width 13: " "
          RenderInline {EM} at (0,0) size 39x15
            RenderText {#text} at (543,105) size 39x15
              text run at (543,105) width 39: "for"
          RenderText {#text} at (602,105) size 13x15
            text run at (602,105) width 13: " "
          RenderInline {STRONG} at (0,0) size 104x15
            RenderText {#text} at (615,105) size 104x15
              text run at (615,105) width 104: "elements"
          RenderText {#text} at (739,105) size 13x15
            text run at (739,105) width 13: " "
          RenderInline {SPAN} at (0,0) size 287x15
            RenderInline {TT} at (0,0) size 78x15
              RenderText {#text} at (752,105) size 78x15
                text run at (752,105) width 78: "within"
            RenderText {#text} at (850,105) size 189x15
              text run at (850,105) width 117: " elements"
              text run at (987,105) width 52: " too"
          RenderText {#text} at (1039,105) size 712x15
            text run at (1039,105) width 13: "."
            text run at (1072,105) width 78: " (with"
            text run at (1170,105) width 130: " monospace"
            text run at (1320,105) width 65: " font"
            text run at (1405,105) width 65: " from"
            text run at (1490,105) width 117: " elements"
            text run at (1627,105) width 39: " to"
            text run at (1686,105) width 65: " too)"
            text run at (1751,105) width 0: " "
      RenderBlock (anonymous) at (0,1964) size 769x19
        RenderBR {BR} at (0,0) size 0x17
        RenderInline {SPAN} at (0,0) size 0x17
          RenderText {#text} at (0,0) size 0x0
      RenderBlock (anonymous) at (0,2001) size 769x23
        RenderBlock {H3} at (0,0) size 769x22
          RenderText {#text} at (0,0) size 162x21
            text run at (0,0) width 28: "In"
            text run at (48,0) width 25: " a"
            text run at (93,0) width 69: " span"
      RenderBlock (anonymous) at (0,2042) size 769x343
        RenderInline {SPAN} at (0,0) size 760x341
          RenderText {#text} at (0,0) size 424x17
            text run at (0,0) width 56: "Word"
            text run at (76,0) width 47: " and"
            text run at (143,0) width 70: " letter"
            text run at (233,0) width 9: " "
            text run at (242,0) width 83: "spacing"
            text run at (345,0) width 50: " test"
            text run at (415,0) width 9: " "
          RenderInline {EM} at (0,0) size 33x17
            RenderText {#text} at (424,0) size 33x17
              text run at (424,0) width 33: "for"
          RenderText {#text} at (477,0) size 9x17
            text run at (477,0) width 9: " "
          RenderInline {STRONG} at (0,0) size 98x17
            RenderText {#text} at (486,0) size 98x17
              text run at (486,0) width 98: "elements"
          RenderText {#text} at (604,0) size 9x17
            text run at (604,0) width 9: " "
          RenderInline {TT} at (0,0) size 78x15
            RenderText {#text} at (613,3) size 78x15
              text run at (613,3) width 78: "within"
          RenderText {#text} at (0,18) size 168x17
            text run at (0,18) width 95: "elements"
            text run at (115,18) width 53: " too."
          RenderBR {BR} at (168,18) size 0x17
          RenderText {#text} at (0,36) size 424x17
            text run at (0,36) width 56: "Word"
            text run at (76,36) width 47: " and"
            text run at (143,36) width 70: " letter"
            text run at (233,36) width 9: " "
            text run at (242,36) width 83: "spacing"
            text run at (345,36) width 50: " test"
            text run at (415,36) width 9: " "
          RenderInline {EM} at (0,0) size 33x17
            RenderText {#text} at (424,36) size 33x17
              text run at (424,36) width 33: "for"
          RenderText {#text} at (477,36) size 9x17
            text run at (477,36) width 9: " "
          RenderInline {STRONG} at (0,0) size 98x17
            RenderText {#text} at (486,36) size 98x17
              text run at (486,36) width 98: "elements"
          RenderText {#text} at (604,36) size 9x17
            text run at (604,36) width 9: " "
          RenderInline {TT} at (0,0) size 78x15
            RenderText {#text} at (613,39) size 78x15
              text run at (613,39) width 78: "within"
          RenderText {#text} at (0,54) size 124x17
            text run at (0,54) width 95: "elements"
            text run at (115,54) width 9: " "
          RenderText {#text} at (124,54) size 635x17
            text run at (124,54) width 44: "too."
            text run at (188,54) width 67: " (with"
            text run at (275,54) width 102: " comment"
            text run at (397,54) width 97: " between"
            text run at (514,54) width 104: " elements"
            text run at (638,54) width 47: " and"
            text run at (705,54) width 54: " too)"
          RenderBR {BR} at (759,54) size 0x17
          RenderText {#text} at (0,72) size 424x17
            text run at (0,72) width 56: "Word"
            text run at (76,72) width 47: " and"
            text run at (143,72) width 70: " letter"
            text run at (233,72) width 9: " "
            text run at (242,72) width 83: "spacing"
            text run at (345,72) width 50: " test"
            text run at (415,72) width 9: " "
          RenderInline {EM} at (0,0) size 33x17
            RenderText {#text} at (424,72) size 33x17
              text run at (424,72) width 33: "for"
          RenderText {#text} at (477,72) size 9x17
            text run at (477,72) width 9: " "
          RenderInline {STRONG} at (0,0) size 98x17
            RenderText {#text} at (486,72) size 98x17
              text run at (486,72) width 98: "elements"
          RenderText {#text} at (604,72) size 9x17
            text run at (604,72) width 9: " "
          RenderInline {TT} at (0,0) size 78x15
            RenderText {#text} at (613,75) size 78x15
              text run at (613,75) width 78: "within"
          RenderText {#text} at (0,90) size 95x17
            text run at (0,90) width 95: "elements"
          RenderText {#text} at (115,90) size 689x35
            text run at (115,90) width 53: " too."
            text run at (188,90) width 67: " (with"
            text run at (275,90) width 102: " comment"
            text run at (397,90) width 45: " (no"
            text run at (462,90) width 128: " preceeding"
            text run at (610,90) width 79: " space)"
            text run at (0,108) width 88: "between"
            text run at (108,108) width 104: " elements"
            text run at (232,108) width 47: " and"
            text run at (299,108) width 54: " too)"
          RenderBR {BR} at (353,108) size 0x17
          RenderText {#text} at (0,126) size 424x17
            text run at (0,126) width 56: "Word"
            text run at (76,126) width 47: " and"
            text run at (143,126) width 70: " letter"
            text run at (233,126) width 9: " "
            text run at (242,126) width 83: "spacing"
            text run at (345,126) width 50: " test"
            text run at (415,126) width 9: " "
          RenderInline {EM} at (0,0) size 33x17
            RenderText {#text} at (424,126) size 33x17
              text run at (424,126) width 33: "for"
          RenderText {#text} at (477,126) size 9x17
            text run at (477,126) width 9: " "
          RenderInline {STRONG} at (0,0) size 98x17
            RenderText {#text} at (486,126) size 98x17
              text run at (486,126) width 98: "elements"
          RenderText {#text} at (604,126) size 9x17
            text run at (604,126) width 9: " "
          RenderInline {TT} at (0,0) size 78x15
            RenderText {#text} at (613,129) size 78x15
              text run at (613,129) width 78: "within"
          RenderText {#text} at (0,144) size 124x17
            text run at (0,144) width 95: "elements"
            text run at (115,144) width 9: " "
          RenderText {#text} at (124,144) size 654x35
            text run at (124,144) width 44: "too."
            text run at (188,144) width 67: " (with"
            text run at (275,144) width 102: " comment"
            text run at (397,144) width 45: " (no"
            text run at (462,144) width 93: " trailing"
            text run at (575,144) width 79: " space)"
            text run at (0,162) width 88: "between"
            text run at (108,162) width 104: " elements"
            text run at (232,162) width 47: " and"
            text run at (299,162) width 54: " too)"
          RenderBR {BR} at (353,162) size 0x17
          RenderInline {SPAN} at (0,0) size 653x15
            RenderText {#text} at (0,183) size 477x15
              text run at (0,183) width 52: "Word"
              text run at (72,183) width 52: " and"
              text run at (144,183) width 91: " letter"
              text run at (255,183) width 13: " "
              text run at (268,183) width 91: "spacing"
              text run at (379,183) width 65: " test"
              text run at (464,183) width 13: " "
            RenderInline {EM} at (0,0) size 39x15
              RenderText {#text} at (477,183) size 39x15
                text run at (477,183) width 39: "for"
            RenderText {#text} at (536,183) size 13x15
              text run at (536,183) width 13: " "
            RenderInline {STRONG} at (0,0) size 104x15
              RenderText {#text} at (549,183) size 104x15
                text run at (549,183) width 104: "elements"
          RenderText {#text} at (673,180) size 9x17
            text run at (673,180) width 9: " "
          RenderInline {TT} at (0,0) size 78x15
            RenderText {#text} at (682,183) size 78x15
              text run at (682,183) width 78: "within"
          RenderText {#text} at (0,198) size 689x35
            text run at (0,198) width 95: "elements"
            text run at (115,198) width 53: " too."
            text run at (188,198) width 67: " (with"
            text run at (275,198) width 125: " monospace"
            text run at (420,198) width 54: " font"
            text run at (494,198) width 59: " from"
            text run at (573,198) width 65: " Word"
            text run at (658,198) width 31: " to"
            text run at (0,216) width 105: "elements)"
          RenderBR {BR} at (105,216) size 0x17
          RenderText {#text} at (0,234) size 424x17
            text run at (0,234) width 56: "Word"
            text run at (76,234) width 47: " and"
            text run at (143,234) width 70: " letter"
            text run at (233,234) width 9: " "
            text run at (242,234) width 83: "spacing"
            text run at (345,234) width 50: " test"
            text run at (415,234) width 9: " "
          RenderInline {SPAN} at (0,0) size 287x15
            RenderInline {EM} at (0,0) size 39x15
              RenderText {#text} at (424,237) size 39x15
                text run at (424,237) width 39: "for"
            RenderText {#text} at (483,237) size 13x15
              text run at (483,237) width 13: " "
            RenderInline {STRONG} at (0,0) size 104x15
              RenderText {#text} at (496,237) size 104x15
                text run at (496,237) width 104: "elements"
            RenderText {#text} at (620,237) size 13x15
              text run at (620,237) width 13: " "
            RenderInline {TT} at (0,0) size 78x15
              RenderText {#text} at (633,237) size 78x15
                text run at (633,237) width 78: "within"
          RenderText {#text} at (0,252) size 666x35
            text run at (0,252) width 95: "elements"
            text run at (115,252) width 53: " too."
            text run at (188,252) width 67: " (with"
            text run at (275,252) width 125: " monospace"
            text run at (420,252) width 54: " font"
            text run at (494,252) width 59: " from"
            text run at (573,252) width 42: " for"
            text run at (635,252) width 31: " to"
            text run at (0,270) width 80: "within)"
          RenderBR {BR} at (80,270) size 0x17
          RenderText {#text} at (0,288) size 424x17
            text run at (0,288) width 56: "Word"
            text run at (76,288) width 47: " and"
            text run at (143,288) width 70: " letter"
            text run at (233,288) width 9: " "
            text run at (242,288) width 83: "spacing"
            text run at (345,288) width 50: " test"
            text run at (415,288) width 9: " "
          RenderInline {EM} at (0,0) size 33x17
            RenderText {#text} at (424,288) size 33x17
              text run at (424,288) width 33: "for"
          RenderText {#text} at (477,288) size 9x17
            text run at (477,288) width 9: " "
          RenderInline {STRONG} at (0,0) size 98x17
            RenderText {#text} at (486,288) size 98x17
              text run at (486,288) width 98: "elements"
          RenderText {#text} at (604,288) size 9x17
            text run at (604,288) width 9: " "
          RenderInline {SPAN} at (0,0) size 691x33
            RenderInline {TT} at (0,0) size 78x15
              RenderText {#text} at (613,291) size 78x15
                text run at (613,291) width 78: "within"
            RenderText {#text} at (0,309) size 176x15
              text run at (0,309) width 104: "elements"
              text run at (124,309) width 52: " too"
          RenderText {#text} at (176,306) size 745x35
            text run at (176,306) width 9: "."
            text run at (205,306) width 67: " (with"
            text run at (292,306) width 125: " monospace"
            text run at (437,306) width 54: " font"
            text run at (511,306) width 59: " from"
            text run at (590,306) width 104: " elements"
            text run at (714,306) width 31: " to"
            text run at (0,324) width 45: "too)"
        RenderText {#text} at (0,0) size 0x0
