layer at (0,0) size 800x600
  RenderView at (0,0) size 800x600
layer at (0,0) size 800x600
  RenderBlock {HTML} at (0,0) size 800x600
    RenderBody {BODY} at (8,8) size 784x584
      RenderBlock {P} at (0,0) size 784x40
        RenderText {#text} at (0,0) size 218x19
          text run at (0,0) width 218: "This tests for a regression against "
        RenderInline {I} at (0,0) size 742x39
          RenderInline {A} at (0,0) size 354x19 [color=#0000EE]
            RenderText {#text} at (217,0) size 354x19
              text run at (217,0) width 354: "http://bugzilla.opendarwin.org/show_bug.cgi?id=7054"
          RenderText {#text} at (570,0) size 742x39
            text run at (570,0) width 5: " "
            text run at (574,0) width 168: "Vertical scroll bars do not"
            text run at (0,20) width 222: "appear or do not scroll completely"
        RenderText {#text} at (221,20) size 5x19
          text run at (221,20) width 5: "."
      RenderBlock {P} at (0,56) size 784x20
        RenderText {#text} at (0,0) size 660x19
          text run at (0,0) width 660: "The top two boxes should have horizontal scroll bars. The bottom box should have a vertical scroll bar."
      RenderBlock {HR} at (0,92) size 784x2 [border: (1px inset #000000)]
      RenderBlock (anonymous) at (0,204) size 784x20
        RenderBR {BR} at (0,0) size 0x19
      RenderBlock (anonymous) at (0,326) size 784x20
        RenderBR {BR} at (0,0) size 0x19
layer at (8,110) size 102x102 clip at (9,111) size 100x100 scrollWidth 133
  RenderBlock {DIV} at (0,102) size 102x102 [border: (1px solid #0000FF)]
    RenderTable {TABLE} at (1,1) size 6x6
      RenderTableSection {TBODY} at (0,0) size 6x6
        RenderTableRow {TR} at (0,2) size 6x2
          RenderTableCell {TD} at (2,2) size 2x2 [r=0 c=0 rs=1 cs=1]
layer at (8,232) size 102x102 clip at (9,233) size 100x100 scrollX 33 scrollWidth 133
  RenderBlock {DIV} at (0,224) size 102x102 [border: (1px solid #0000FF)]
    RenderTable {TABLE} at (95,1) size 6x6
      RenderTableSection {TBODY} at (0,0) size 6x6
        RenderTableRow {TR} at (0,2) size 6x2
          RenderTableCell {TD} at (2,2) size 2x2 [r=0 c=0 rs=1 cs=1]
layer at (8,354) size 102x102 clip at (9,355) size 100x100 scrollHeight 133
  RenderBlock {DIV} at (0,346) size 102x102 [border: (1px solid #0000FF)]
    RenderTable {TABLE} at (1,1) size 6x6
      RenderTableSection {TBODY} at (0,0) size 6x6
        RenderTableRow {TR} at (0,2) size 6x2
          RenderTableCell {TD} at (2,2) size 2x2 [r=0 c=0 rs=1 cs=1]
layer at (82,114) size 60x60 backgroundClip at (9,111) size 100x100 clip at (9,111) size 100x100
  RenderBlock (positioned) {DIV} at (70,0) size 60x60 [bgcolor=#C0C0C0]
layer at (-24,236) size 60x60 backgroundClip at (9,233) size 100x100 clip at (9,233) size 100x100
  RenderBlock (positioned) {DIV} at (-130,0) size 60x60 [bgcolor=#C0C0C0]
layer at (12,428) size 60x60 backgroundClip at (9,355) size 100x100 clip at (9,355) size 100x100
  RenderBlock (positioned) {DIV} at (0,70) size 60x60 [bgcolor=#C0C0C0]
