layer at (0,0) size 800x600
  RenderView at (0,0) size 800x600
layer at (0,0) size 800x600
  RenderBlock {HTML} at (0,0) size 800x600
    RenderBody {BODY} at (8,8) size 784x584
      RenderTable {TABLE} at (0,0) size 212x312 [border: (2px outset #808080)]
        RenderTableSection {TBODY} at (2,2) size 208x308
          RenderTableRow {TR} at (0,2) size 208x304
            RenderTableCell {TD} at (2,2) size 204x304 [border: (1px inset #808080)] [r=0 c=0 rs=1 cs=1]
layer at (14,14) size 200x300 clip at (14,14) size 185x300 scrollHeight 480
  RenderBlock {DIV} at (2,2) size 200x300
    RenderText {#text} at (0,0) size 140x19
      text run at (0,0) width 140: "Lots of overflow text."
    RenderBR {BR} at (139,0) size 1x19
    RenderText {#text} at (0,20) size 140x19
      text run at (0,20) width 140: "Lots of overflow text."
    RenderBR {BR} at (139,20) size 1x19
    RenderText {#text} at (0,40) size 140x19
      text run at (0,40) width 140: "Lots of overflow text."
    RenderBR {BR} at (139,40) size 1x19
    RenderText {#text} at (0,60) size 140x19
      text run at (0,60) width 140: "Lots of overflow text."
    RenderBR {BR} at (139,60) size 1x19
    RenderText {#text} at (0,80) size 140x19
      text run at (0,80) width 140: "Lots of overflow text."
    RenderBR {BR} at (139,80) size 1x19
    RenderText {#text} at (0,100) size 140x19
      text run at (0,100) width 140: "Lots of overflow text."
    RenderBR {BR} at (139,100) size 1x19
    RenderText {#text} at (0,120) size 140x19
      text run at (0,120) width 140: "Lots of overflow text."
    RenderBR {BR} at (139,120) size 1x19
    RenderText {#text} at (0,140) size 140x19
      text run at (0,140) width 140: "Lots of overflow text."
    RenderBR {BR} at (139,140) size 1x19
    RenderText {#text} at (0,160) size 140x19
      text run at (0,160) width 140: "Lots of overflow text."
    RenderBR {BR} at (139,160) size 1x19
    RenderText {#text} at (0,180) size 140x19
      text run at (0,180) width 140: "Lots of overflow text."
    RenderBR {BR} at (139,180) size 1x19
    RenderText {#text} at (0,200) size 140x19
      text run at (0,200) width 140: "Lots of overflow text."
    RenderBR {BR} at (139,200) size 1x19
    RenderText {#text} at (0,220) size 140x19
      text run at (0,220) width 140: "Lots of overflow text."
    RenderBR {BR} at (139,220) size 1x19
    RenderText {#text} at (0,240) size 140x19
      text run at (0,240) width 140: "Lots of overflow text."
    RenderBR {BR} at (139,240) size 1x19
    RenderText {#text} at (0,260) size 140x19
      text run at (0,260) width 140: "Lots of overflow text."
    RenderBR {BR} at (139,260) size 1x19
    RenderText {#text} at (0,280) size 140x19
      text run at (0,280) width 140: "Lots of overflow text."
    RenderBR {BR} at (139,280) size 1x19
    RenderText {#text} at (0,300) size 140x19
      text run at (0,300) width 140: "Lots of overflow text."
    RenderBR {BR} at (139,300) size 1x19
    RenderText {#text} at (0,320) size 140x19
      text run at (0,320) width 140: "Lots of overflow text."
    RenderBR {BR} at (139,320) size 1x19
    RenderText {#text} at (0,340) size 140x19
      text run at (0,340) width 140: "Lots of overflow text."
    RenderBR {BR} at (139,340) size 1x19
    RenderText {#text} at (0,360) size 140x19
      text run at (0,360) width 140: "Lots of overflow text."
    RenderBR {BR} at (139,360) size 1x19
    RenderText {#text} at (0,380) size 140x19
      text run at (0,380) width 140: "Lots of overflow text."
    RenderBR {BR} at (139,380) size 1x19
    RenderText {#text} at (0,400) size 140x19
      text run at (0,400) width 140: "Lots of overflow text."
    RenderBR {BR} at (139,400) size 1x19
    RenderText {#text} at (0,420) size 140x19
      text run at (0,420) width 140: "Lots of overflow text."
    RenderBR {BR} at (139,420) size 1x19
    RenderText {#text} at (0,440) size 140x19
      text run at (0,440) width 140: "Lots of overflow text."
    RenderBR {BR} at (139,440) size 1x19
    RenderText {#text} at (0,460) size 140x19
      text run at (0,460) width 140: "Lots of overflow text."
    RenderBR {BR} at (139,460) size 1x19
