layer at (0,0) size 800x1099
  RenderView at (0,0) size 800x600
layer at (0,0) size 800x600
  RenderBlock {HTML} at (0,0) size 800x600
    RenderBody {BODY} at (0,0) size 800x600
      RenderText {#text} at (0,0) size 424x19
        text run at (0,0) width 424: "ffffffffffffffffffffffffffffffffffffffffffffffffffffffffffffffffffffffffffffffffffff"
      RenderBR {BR} at (423,0) size 1x19
      RenderText {#text} at (0,20) size 424x19
        text run at (0,20) width 424: "ffffffffffffffffffffffffffffffffffffffffffffffffffffffffffffffffffffffffffffffffffff"
      RenderBR {BR} at (423,20) size 1x19
      RenderText {#text} at (0,40) size 424x19
        text run at (0,40) width 424: "ffffffffffffffffffffffffffffffffffffffffffffffffffffffffffffffffffffffffffffffffffff"
      RenderBR {BR} at (423,40) size 1x19
      RenderText {#text} at (0,60) size 424x19
        text run at (0,60) width 424: "ffffffffffffffffffffffffffffffffffffffffffffffffffffffffffffffffffffffffffffffffffff"
      RenderBR {BR} at (423,60) size 1x19
      RenderText {#text} at (0,80) size 424x19
        text run at (0,80) width 424: "ffffffffffffffffffffffffffffffffffffffffffffffffffffffffffffffffffffffffffffffffffff"
      RenderBR {BR} at (423,80) size 1x19
      RenderText {#text} at (0,100) size 424x19
        text run at (0,100) width 424: "ffffffffffffffffffffffffffffffffffffffffffffffffffffffffffffffffffffffffffffffffffff"
      RenderBR {BR} at (423,100) size 1x19
      RenderText {#text} at (0,120) size 424x19
        text run at (0,120) width 424: "ffffffffffffffffffffffffffffffffffffffffffffffffffffffffffffffffffffffffffffffffffff"
      RenderBR {BR} at (423,120) size 1x19
      RenderText {#text} at (0,140) size 424x19
        text run at (0,140) width 424: "ffffffffffffffffffffffffffffffffffffffffffffffffffffffffffffffffffffffffffffffffffff"
      RenderBR {BR} at (423,140) size 1x19
      RenderText {#text} at (0,160) size 424x19
        text run at (0,160) width 424: "ffffffffffffffffffffffffffffffffffffffffffffffffffffffffffffffffffffffffffffffffffff"
      RenderBR {BR} at (423,160) size 1x19
      RenderText {#text} at (0,180) size 424x19
        text run at (0,180) width 424: "ffffffffffffffffffffffffffffffffffffffffffffffffffffffffffffffffffffffffffffffffffff"
      RenderBR {BR} at (423,180) size 1x19
      RenderText {#text} at (0,200) size 424x19
        text run at (0,200) width 424: "ffffffffffffffffffffffffffffffffffffffffffffffffffffffffffffffffffffffffffffffffffff"
      RenderBR {BR} at (423,200) size 1x19
      RenderText {#text} at (0,220) size 424x19
        text run at (0,220) width 424: "ffffffffffffffffffffffffffffffffffffffffffffffffffffffffffffffffffffffffffffffffffff"
      RenderBR {BR} at (423,220) size 1x19
      RenderText {#text} at (0,240) size 424x19
        text run at (0,240) width 424: "ffffffffffffffffffffffffffffffffffffffffffffffffffffffffffffffffffffffffffffffffffff"
      RenderBR {BR} at (423,240) size 1x19
      RenderText {#text} at (0,260) size 424x19
        text run at (0,260) width 424: "ffffffffffffffffffffffffffffffffffffffffffffffffffffffffffffffffffffffffffffffffffff"
      RenderBR {BR} at (423,260) size 1x19
      RenderText {#text} at (0,280) size 424x19
        text run at (0,280) width 424: "ffffffffffffffffffffffffffffffffffffffffffffffffffffffffffffffffffffffffffffffffffff"
      RenderBR {BR} at (423,280) size 1x19
      RenderText {#text} at (0,300) size 424x19
        text run at (0,300) width 424: "ffffffffffffffffffffffffffffffffffffffffffffffffffffffffffffffffffffffffffffffffffff"
      RenderBR {BR} at (423,300) size 1x19
      RenderText {#text} at (0,320) size 424x19
        text run at (0,320) width 424: "ffffffffffffffffffffffffffffffffffffffffffffffffffffffffffffffffffffffffffffffffffff"
      RenderBR {BR} at (423,320) size 1x19
      RenderText {#text} at (0,340) size 424x19
        text run at (0,340) width 424: "ffffffffffffffffffffffffffffffffffffffffffffffffffffffffffffffffffffffffffffffffffff"
      RenderBR {BR} at (423,340) size 1x19
      RenderText {#text} at (0,360) size 424x19
        text run at (0,360) width 424: "ffffffffffffffffffffffffffffffffffffffffffffffffffffffffffffffffffffffffffffffffffff"
      RenderBR {BR} at (423,360) size 1x19
      RenderText {#text} at (0,380) size 424x19
        text run at (0,380) width 424: "ffffffffffffffffffffffffffffffffffffffffffffffffffffffffffffffffffffffffffffffffffff"
      RenderBR {BR} at (423,380) size 1x19
      RenderText {#text} at (0,400) size 424x19
        text run at (0,400) width 424: "ffffffffffffffffffffffffffffffffffffffffffffffffffffffffffffffffffffffffffffffffffff"
      RenderBR {BR} at (423,400) size 1x19
      RenderText {#text} at (0,420) size 424x19
        text run at (0,420) width 424: "ffffffffffffffffffffffffffffffffffffffffffffffffffffffffffffffffffffffffffffffffffff"
      RenderBR {BR} at (423,420) size 1x19
      RenderText {#text} at (0,440) size 424x19
        text run at (0,440) width 424: "ffffffffffffffffffffffffffffffffffffffffffffffffffffffffffffffffffffffffffffffffffff"
      RenderBR {BR} at (423,440) size 1x19
      RenderText {#text} at (0,460) size 424x19
        text run at (0,460) width 424: "ffffffffffffffffffffffffffffffffffffffffffffffffffffffffffffffffffffffffffffffffffff"
      RenderBR {BR} at (423,460) size 1x19
      RenderText {#text} at (0,480) size 424x19
        text run at (0,480) width 424: "ffffffffffffffffffffffffffffffffffffffffffffffffffffffffffffffffffffffffffffffffffff"
      RenderBR {BR} at (423,480) size 1x19
      RenderText {#text} at (0,500) size 424x19
        text run at (0,500) width 424: "ffffffffffffffffffffffffffffffffffffffffffffffffffffffffffffffffffffffffffffffffffff"
      RenderBR {BR} at (423,500) size 1x19
      RenderText {#text} at (0,520) size 424x19
        text run at (0,520) width 424: "ffffffffffffffffffffffffffffffffffffffffffffffffffffffffffffffffffffffffffffffffffff"
      RenderBR {BR} at (423,520) size 1x19
      RenderText {#text} at (0,540) size 424x19
        text run at (0,540) width 424: "ffffffffffffffffffffffffffffffffffffffffffffffffffffffffffffffffffffffffffffffffffff"
      RenderBR {BR} at (423,540) size 1x19
      RenderText {#text} at (0,560) size 424x19
        text run at (0,560) width 424: "ffffffffffffffffffffffffffffffffffffffffffffffffffffffffffffffffffffffffffffffffffff"
      RenderBR {BR} at (423,560) size 1x19
      RenderText {#text} at (0,580) size 424x19
        text run at (0,580) width 424: "ffffffffffffffffffffffffffffffffffffffffffffffffffffffffffffffffffffffffffffffffffff"
      RenderBR {BR} at (423,580) size 1x19
      RenderText {#text} at (0,600) size 424x19
        text run at (0,600) width 424: "ffffffffffffffffffffffffffffffffffffffffffffffffffffffffffffffffffffffffffffffffffff"
      RenderBR {BR} at (423,600) size 1x19
      RenderText {#text} at (0,620) size 424x19
        text run at (0,620) width 424: "ffffffffffffffffffffffffffffffffffffffffffffffffffffffffffffffffffffffffffffffffffff"
      RenderBR {BR} at (423,620) size 1x19
      RenderText {#text} at (0,640) size 424x19
        text run at (0,640) width 424: "ffffffffffffffffffffffffffffffffffffffffffffffffffffffffffffffffffffffffffffffffffff"
      RenderBR {BR} at (423,640) size 1x19
      RenderText {#text} at (0,660) size 424x19
        text run at (0,660) width 424: "ffffffffffffffffffffffffffffffffffffffffffffffffffffffffffffffffffffffffffffffffffff"
      RenderBR {BR} at (423,660) size 1x19
      RenderText {#text} at (0,680) size 424x19
        text run at (0,680) width 424: "ffffffffffffffffffffffffffffffffffffffffffffffffffffffffffffffffffffffffffffffffffff"
      RenderBR {BR} at (423,680) size 1x19
      RenderText {#text} at (0,700) size 424x19
        text run at (0,700) width 424: "ffffffffffffffffffffffffffffffffffffffffffffffffffffffffffffffffffffffffffffffffffff"
      RenderBR {BR} at (423,700) size 1x19
      RenderText {#text} at (0,720) size 424x19
        text run at (0,720) width 424: "ffffffffffffffffffffffffffffffffffffffffffffffffffffffffffffffffffffffffffffffffffff"
      RenderBR {BR} at (423,720) size 1x19
      RenderText {#text} at (0,740) size 424x19
        text run at (0,740) width 424: "ffffffffffffffffffffffffffffffffffffffffffffffffffffffffffffffffffffffffffffffffffff"
      RenderBR {BR} at (423,740) size 1x19
      RenderText {#text} at (0,760) size 424x19
        text run at (0,760) width 424: "ffffffffffffffffffffffffffffffffffffffffffffffffffffffffffffffffffffffffffffffffffff"
      RenderBR {BR} at (423,760) size 1x19
      RenderText {#text} at (0,780) size 424x19
        text run at (0,780) width 424: "ffffffffffffffffffffffffffffffffffffffffffffffffffffffffffffffffffffffffffffffffffff"
      RenderBR {BR} at (423,780) size 1x19
      RenderText {#text} at (0,800) size 424x19
        text run at (0,800) width 424: "ffffffffffffffffffffffffffffffffffffffffffffffffffffffffffffffffffffffffffffffffffff"
      RenderBR {BR} at (423,800) size 1x19
      RenderText {#text} at (0,820) size 424x19
        text run at (0,820) width 424: "ffffffffffffffffffffffffffffffffffffffffffffffffffffffffffffffffffffffffffffffffffff"
      RenderBR {BR} at (423,820) size 1x19
      RenderText {#text} at (0,840) size 424x19
        text run at (0,840) width 424: "ffffffffffffffffffffffffffffffffffffffffffffffffffffffffffffffffffffffffffffffffffff"
      RenderBR {BR} at (423,840) size 1x19
      RenderText {#text} at (0,860) size 424x19
        text run at (0,860) width 424: "ffffffffffffffffffffffffffffffffffffffffffffffffffffffffffffffffffffffffffffffffffff"
      RenderBR {BR} at (423,860) size 1x19
      RenderText {#text} at (0,880) size 424x19
        text run at (0,880) width 424: "ffffffffffffffffffffffffffffffffffffffffffffffffffffffffffffffffffffffffffffffffffff"
      RenderBR {BR} at (423,880) size 1x19
      RenderText {#text} at (0,900) size 424x19
        text run at (0,900) width 424: "ffffffffffffffffffffffffffffffffffffffffffffffffffffffffffffffffffffffffffffffffffff"
      RenderBR {BR} at (423,900) size 1x19
      RenderText {#text} at (0,920) size 424x19
        text run at (0,920) width 424: "ffffffffffffffffffffffffffffffffffffffffffffffffffffffffffffffffffffffffffffffffffff"
      RenderBR {BR} at (423,920) size 1x19
      RenderText {#text} at (0,940) size 424x19
        text run at (0,940) width 424: "ffffffffffffffffffffffffffffffffffffffffffffffffffffffffffffffffffffffffffffffffffff"
      RenderBR {BR} at (423,940) size 1x19
      RenderText {#text} at (0,960) size 424x19
        text run at (0,960) width 424: "ffffffffffffffffffffffffffffffffffffffffffffffffffffffffffffffffffffffffffffffffffff"
      RenderBR {BR} at (423,960) size 1x19
      RenderText {#text} at (0,980) size 424x19
        text run at (0,980) width 424: "ffffffffffffffffffffffffffffffffffffffffffffffffffffffffffffffffffffffffffffffffffff"
      RenderBR {BR} at (423,980) size 1x19
      RenderText {#text} at (0,1000) size 424x19
        text run at (0,1000) width 424: "ffffffffffffffffffffffffffffffffffffffffffffffffffffffffffffffffffffffffffffffffffff"
      RenderBR {BR} at (423,1000) size 1x19
      RenderText {#text} at (0,1020) size 424x19
        text run at (0,1020) width 424: "ffffffffffffffffffffffffffffffffffffffffffffffffffffffffffffffffffffffffffffffffffff"
      RenderBR {BR} at (423,1020) size 1x19
      RenderText {#text} at (0,1040) size 424x19
        text run at (0,1040) width 424: "ffffffffffffffffffffffffffffffffffffffffffffffffffffffffffffffffffffffffffffffffffff"
      RenderBR {BR} at (423,1040) size 1x19
      RenderText {#text} at (0,1060) size 424x19
        text run at (0,1060) width 424: "ffffffffffffffffffffffffffffffffffffffffffffffffffffffffffffffffffffffffffffffffffff"
      RenderBR {BR} at (423,1060) size 1x19
      RenderText {#text} at (0,1080) size 424x19
        text run at (0,1080) width 424: "ffffffffffffffffffffffffffffffffffffffffffffffffffffffffffffffffffffffffffffffffffff"
      RenderBR {BR} at (423,1080) size 1x19
