layer at (0,0) size 800x600
  RenderView at (0,0) size 800x600
layer at (0,0) size 800x388
  RenderBlock {HTML} at (0,0) size 800x388
    RenderBody {BODY} at (32,32) size 736x324 [bgcolor=#CCCCCC]
layer at (143,32) size 514x146 clip at (144,33) size 512x144 scrollHeight 317
  RenderBlock {DIV} at (111,0) size 514x146 [bgcolor=#FFFFFF] [border: (1px solid #999999)]
    RenderBlock {P} at (17,17) size 480x80
      RenderText {#text} at (0,0) size 225x19
        text run at (0,0) width 225: "This page is to test the behavior of "
      RenderInline {CODE} at (224,2) size 134x17
        RenderText {#text} at (224,2) size 134x17
          text run at (224,2) width 134: "position:absolute"
      RenderText {#text} at (0,0) size 478x39
        text run at (357,0) width 121: " content which is a"
        text run at (0,20) width 269: "child of an overflowed parent object with "
      RenderInline {CODE} at (268,22) size 103x17
        RenderText {#text} at (268,22) size 103x17
          text run at (268,22) width 103: "overflow:auto"
      RenderText {#text} at (0,20) size 470x39
        text run at (370,20) width 100: ", both when the"
        text run at (0,40) width 114: "parent element is "
      RenderInline {CODE} at (113,42) size 118x17
        RenderText {#text} at (113,42) size 118x17
          text run at (113,42) width 118: "position:static"
      RenderText {#text} at (230,40) size 99x19
        text run at (230,40) width 99: " (top case) and "
      RenderInline {CODE} at (328,42) size 134x17
        RenderText {#text} at (328,42) size 134x17
          text run at (328,42) width 134: "position:relative"
      RenderText {#text} at (0,60) size 92x19
        text run at (0,60) width 92: "(bottom case)."
    RenderBlock {P} at (17,113) size 480x176 [color=#999999]
      RenderText {#text} at (0,0) size 480x175
        text run at (0,0) width 442: "Following extra content exists to ensure that the parent box overflows properly. Sed ut"
        text run at (0,16) width 476: "perspiciatis unde omnis iste natus error sit voluptatem accusantium doloremque laudantium,"
        text run at (0,32) width 456: "totam rem aperiam, eaque ipsa quae ab illo inventore veritatis et quasi architecto beatae"
        text run at (0,48) width 480: "vitae dicta sunt explicabo. Nemo enim ipsam voluptatem quia voluptas sit aspernatur aut odit"
        text run at (0,64) width 461: "aut fugit, sed quia consequuntur magni dolores eos qui ratione voluptatem sequi nesciunt."
        text run at (0,80) width 477: "Neque porro quisquam est, qui dolorem ipsum quia dolor sit amet, consectetur, adipisci velit,"
        text run at (0,96) width 454: "sed quia non numquam eius modi tempora incidunt ut labore et dolore magnam aliquam"
        text run at (0,112) width 476: "quaerat voluptatem. Ut enim ad minima veniam, quis nostrum exercitationem ullam corporis"
        text run at (0,128) width 459: "suscipit laboriosam, nisi ut aliquid ex ea commodi consequatur? Quis autem vel eum iure"
        text run at (0,144) width 465: "reprehenderit qui in ea voluptate velit esse quam nihil molestiae consequatur, vel illum qui"
        text run at (0,160) width 251: "dolorem eum fugiat quo voluptas nulla pariatur?"
layer at (0,0) size 40x36
  RenderBlock (positioned) {P} at (0,0) size 41x36 [bgcolor=#FF0000]
    RenderText {#text} at (8,8) size 25x19
      text run at (8,8) width 25: "hi 1"
layer at (143,210) size 514x146 clip at (144,211) size 512x144 scrollHeight 373
  RenderBlock (relative positioned) {DIV} at (111,178) size 514x146 [bgcolor=#FFFFFF] [border: (1px solid #999999)]
    RenderBlock {P} at (17,17) size 480x40
      RenderText {#text} at (0,0) size 474x39
        text run at (0,0) width 474: "Safari v1.2.2 incorrectly scrolls the 'hi 1' div when its parent is scrolled. If"
        text run at (0,20) width 336: "you resize the page even a little, this bug fixes itself."
    RenderBlock {P} at (17,73) size 480x80
      RenderText {#text} at (0,0) size 410x19
        text run at (0,0) width 410: "Safari v1.2.2 also (really odd) causes the entire second div to be"
      RenderInline {CODE} at (0,22) size 87x17
        RenderText {#text} at (0,22) size 87x17
          text run at (0,22) width 87: "opacity:0.5"
      RenderText {#text} at (0,20) size 479x59
        text run at (86,20) width 393: ", despite the fact that this property is only applied to the child"
        text run at (0,40) width 478: "item. This problem fixes itself if you resize the window and then scroll the"
        text run at (0,60) width 24: "div."
    RenderBlock {P} at (17,169) size 480x176 [color=#999999]
      RenderText {#text} at (0,0) size 480x175
        text run at (0,0) width 442: "Following extra content exists to ensure that the parent box overflows properly. Sed ut"
        text run at (0,16) width 476: "perspiciatis unde omnis iste natus error sit voluptatem accusantium doloremque laudantium,"
        text run at (0,32) width 456: "totam rem aperiam, eaque ipsa quae ab illo inventore veritatis et quasi architecto beatae"
        text run at (0,48) width 480: "vitae dicta sunt explicabo. Nemo enim ipsam voluptatem quia voluptas sit aspernatur aut odit"
        text run at (0,64) width 461: "aut fugit, sed quia consequuntur magni dolores eos qui ratione voluptatem sequi nesciunt."
        text run at (0,80) width 477: "Neque porro quisquam est, qui dolorem ipsum quia dolor sit amet, consectetur, adipisci velit,"
        text run at (0,96) width 454: "sed quia non numquam eius modi tempora incidunt ut labore et dolore magnam aliquam"
        text run at (0,112) width 476: "quaerat voluptatem. Ut enim ad minima veniam, quis nostrum exercitationem ullam corporis"
        text run at (0,128) width 459: "suscipit laboriosam, nisi ut aliquid ex ea commodi consequatur? Quis autem vel eum iure"
        text run at (0,144) width 465: "reprehenderit qui in ea voluptate velit esse quam nihil molestiae consequatur, vel illum qui"
        text run at (0,160) width 251: "dolorem eum fugiat quo voluptas nulla pariatur?"
layer at (144,211) size 40x36
  RenderBlock (positioned) {P} at (1,1) size 41x36 [bgcolor=#FF0000]
    RenderText {#text} at (8,8) size 25x19
      text run at (8,8) width 25: "hi 2"
