layer at (0,0) size 800x600
  RenderView at (0,0) size 800x600
layer at (0,0) size 800x8
  RenderBlock {HTML} at (0,0) size 800x8
    RenderBody {BODY} at (8,8) size 784x0
layer at (8,8) size 300x300 scrollHeight 840
  RenderBlock (positioned) {DIV} at (8,8) size 300x300
    RenderText {#text} at (0,0) size 300x839
      text run at (0,0) width 259: "Lorem ipsum dolor sit amet, consectetur"
      text run at (0,20) width 252: "adipisicing elit, sed do eiusmod tempor"
      text run at (0,40) width 300: "incididunt ut labore et dolore magna aliqua. Ut"
      text run at (0,60) width 235: "enim ad minim veniam, quis nostrud"
      text run at (0,80) width 290: "exercitation ullamco laboris nisi ut aliquip ex"
      text run at (0,100) width 292: "ea commodo consequat. Duis aute irure dolor"
      text run at (0,120) width 290: "in reprehenderit in voluptate velit esse cillum"
      text run at (0,140) width 291: "dolore eu fugiat nulla pariatur. Excepteur sint"
      text run at (0,160) width 293: "occaecat cupidatat non proident, sunt in culpa"
      text run at (0,180) width 241: "qui officia deserunt mollit anim id est"
      text run at (0,200) width 244: "laborum. Lorem ipsum dolor sit amet,"
      text run at (0,220) width 280: "consectetur adipisicing elit, sed do eiusmod"
      text run at (0,240) width 282: "tempor incididunt ut labore et dolore magna"
      text run at (0,260) width 250: "aliqua. Ut enim ad minim veniam, quis"
      text run at (0,280) width 275: "nostrud exercitation ullamco laboris nisi ut"
      text run at (0,300) width 287: "aliquip ex ea commodo consequat. Duis aute"
      text run at (0,320) width 287: "irure dolor in reprehenderit in voluptate velit"
      text run at (0,340) width 270: "esse cillum dolore eu fugiat nulla pariatur."
      text run at (0,360) width 242: "Excepteur sint occaecat cupidatat non"
      text run at (0,380) width 272: "proident, sunt in culpa qui officia deserunt"
      text run at (0,400) width 264: "mollit anim id est laborum. Lorem ipsum"
      text run at (0,420) width 297: "dolor sit amet, consectetur adipisicing elit, sed"
      text run at (0,440) width 269: "do eiusmod tempor incididunt ut labore et"
      text run at (0,460) width 256: "dolore magna aliqua. Ut enim ad minim"
      text run at (0,480) width 269: "veniam, quis nostrud exercitation ullamco"
      text run at (0,500) width 241: "laboris nisi ut aliquip ex ea commodo"
      text run at (0,520) width 222: "consequat. Duis aute irure dolor in"
      text run at (0,540) width 274: "reprehenderit in voluptate velit esse cillum"
      text run at (0,560) width 291: "dolore eu fugiat nulla pariatur. Excepteur sint"
      text run at (0,580) width 293: "occaecat cupidatat non proident, sunt in culpa"
      text run at (0,600) width 241: "qui officia deserunt mollit anim id est"
      text run at (0,620) width 240: "laborum.Lorem ipsum dolor sit amet,"
      text run at (0,640) width 280: "consectetur adipisicing elit, sed do eiusmod"
      text run at (0,660) width 282: "tempor incididunt ut labore et dolore magna"
      text run at (0,680) width 250: "aliqua. Ut enim ad minim veniam, quis"
      text run at (0,700) width 275: "nostrud exercitation ullamco laboris nisi ut"
      text run at (0,720) width 287: "aliquip ex ea commodo consequat. Duis aute"
      text run at (0,740) width 287: "irure dolor in reprehenderit in voluptate velit"
      text run at (0,760) width 270: "esse cillum dolore eu fugiat nulla pariatur."
      text run at (0,780) width 242: "Excepteur sint occaecat cupidatat non"
      text run at (0,800) width 272: "proident, sunt in culpa qui officia deserunt"
      text run at (0,820) width 174: "mollit anim id est laborum."
