layer at (0,0) size 800x600
  RenderView at (0,0) size 800x600
layer at (0,0) size 800x600
  RenderBlock {HTML} at (0,0) size 800x600
    RenderBody {BODY} at (8,8) size 784x584
      RenderBlock (anonymous) at (0,0) size 784x20
        RenderText {#text} at (0,0) size 641x19
          text run at (0,0) width 641: "This tests that the scrollbar and resize corner are not visible on an element that has visibility:hidden."
layer at (8,28) size 50x70 scrollHeight 100
  RenderBlock {DIV} at (0,20) size 50x70
    RenderText {#text} at (0,0) size 45x99
      text run at (0,0) width 26: "You"
      text run at (0,20) width 43: "should"
      text run at (0,40) width 45: "not see"
      text run at (0,60) width 24: "this"
      text run at (0,80) width 24: "text"
