layer at (0,0) size 800x600
  RenderView at (0,0) size 800x600
layer at (0,0) size 800x600
  RenderBlock {HTML} at (0,0) size 800x600
    RenderBody {BODY} at (8,8) size 784x584
layer at (8,8) size 43x19
  RenderBlock (floating) {DIV} at (0,0) size 43x19
    RenderBlock (floating) {LABEL} at (0,0) size 23x19
      RenderText {#text} at (0,0) size 23x19
        text run at (0,0) width 23: "foo"
    RenderInline {SPAN} at (22,0) size 21x19
      RenderText {#text} at (22,0) size 21x19
        text run at (22,0) width 21: "bar"
    RenderText {#text} at (0,0) size 0x0
