layer at (0,0) size 800x600
  RenderView at (0,0) size 800x600
layer at (0,0) size 800x457
  RenderBlock {HTML} at (0,0) size 800x457
    RenderBody {BODY} at (8,16) size 784x433
      RenderBlock {P} at (0,0) size 784x40
        RenderText {#text} at (0,0) size 139x19
          text run at (0,0) width 139: "This is a test case for "
        RenderInline {I} at (0,0) size 774x39
          RenderText {#text} at (138,0) size 774x39
            text run at (138,0) width 636: "http://bugzilla.opendarwin.org/show_bug.cgi?id=5826 Blocks with direction:rtl and overflow:auto"
            text run at (0,20) width 219: "or scroll have incorrect scrollbars"
        RenderText {#text} at (218,20) size 5x19
          text run at (218,20) width 5: "."
      RenderBlock (anonymous) at (0,56) size 784x20
        RenderText {#text} at (0,0) size 469x19
          text run at (0,0) width 469: "The right column should be a mirror-image of the left column in terms of"
      RenderBlock {UL} at (0,92) size 784x80
        RenderListItem {LI} at (40,0) size 744x20
          RenderListMarker at (-18,0) size 7x19: bullet
          RenderText {#text} at (0,0) size 168x19
            text run at (0,0) width 168: "the presence of a scrollbar"
        RenderListItem {LI} at (40,20) size 744x20
          RenderListMarker at (-18,0) size 7x19: bullet
          RenderText {#text} at (0,0) size 242x19
            text run at (0,0) width 242: "the initial position of the scroll thumb"
        RenderListItem {LI} at (40,40) size 744x20
          RenderListMarker at (-18,0) size 7x19: bullet
          RenderText {#text} at (0,0) size 462x19
            text run at (0,0) width 462: "which letters are visible initially and when you scroll (in the top 3 rows)"
        RenderListItem {LI} at (40,60) size 744x20
          RenderListMarker at (-18,0) size 7x19: bullet
          RenderText {#text} at (0,0) size 591x19
            text run at (0,0) width 591: "the position of the blue and olive boxes, initially and when you scroll (in the bottom 2 rows)"
      RenderTable {TABLE} at (0,188) size 256x245
        RenderTableSection {TBODY} at (0,0) size 256x245
          RenderTableRow {TR} at (0,2) size 256x241
            RenderTableCell {TD} at (2,2) size 125x241 [r=0 c=0 rs=1 cs=1]
            RenderTableCell {TD} at (129,2) size 125x241 [r=0 c=1 rs=1 cs=1]
layer at (15,211) size 115x43 clip at (25,211) size 100x28 scrollWidth 191
  RenderBlock {DIV} at (5,5) size 115x43 [bgcolor=#FFFF00] [border: none (5px solid #008000) none (10px solid #FF0000)]
    RenderText {#text} at (10,0) size 192x19
      text run at (10,0) width 192: "abcdefghijklmnopqrstuvwxyz"
layer at (15,258) size 115x43 clip at (25,258) size 100x43
  RenderBlock {DIV} at (5,51) size 115x44 [bgcolor=#FFFF00] [border: none (5px solid #008000) none (10px solid #FF0000)]
    RenderBlock {DIV} at (10,0) size 100x20 [bgcolor=#D3D3D3]
      RenderText {#text} at (-91,0) size 192x19
        text run at (-91,0) width 191: "abcdefghijklmnopqrstuvwxyz"
layer at (15,305) size 115x43 clip at (25,305) size 100x28 scrollWidth 191
  RenderBlock {DIV} at (5,98) size 115x44 [bgcolor=#FFFF00] [border: none (5px solid #008000) none (10px solid #FF0000)]
    RenderBlock {DIV} at (10,0) size 100x20 [bgcolor=#D3D3D3]
      RenderText {#text} at (0,0) size 192x19
        text run at (0,0) width 192: "abcdefghijklmnopqrstuvwxyz"
layer at (142,211) size 115x43 clip at (147,211) size 100x28 scrollX 91 scrollWidth 191
  RenderBlock {DIV} at (5,5) size 115x43 [bgcolor=#FFFF00] [border: none (10px solid #FF0000) none (5px solid #008000)]
    RenderText {#text} at (-86,0) size 192x19
      text run at (-86,0) width 191: "zyxwvutsrqponmlkjihgfedcba"
layer at (142,258) size 115x43 clip at (147,258) size 100x43
  RenderBlock {DIV} at (5,51) size 115x44 [bgcolor=#FFFF00] [border: none (10px solid #FF0000) none (5px solid #008000)]
    RenderBlock {DIV} at (5,0) size 100x20 [bgcolor=#D3D3D3]
      RenderText {#text} at (0,0) size 192x19
        text run at (0,0) width 192: "zyxwvutsrqponmlkjihgfedcba"
layer at (142,305) size 115x43 clip at (147,305) size 100x28 scrollX 91 scrollWidth 191
  RenderBlock {DIV} at (5,98) size 115x44 [bgcolor=#FFFF00] [border: none (10px solid #FF0000) none (5px solid #008000)]
    RenderBlock {DIV} at (5,0) size 100x20 [bgcolor=#D3D3D3]
      RenderText {#text} at (-91,0) size 192x19
        text run at (-91,0) width 191: "zyxwvutsrqponmlkjihgfedcba"
layer at (15,352) size 115x43 clip at (25,352) size 100x43
  RenderBlock (relative positioned) {DIV} at (5,145) size 115x44 [bgcolor=#FFFF00] [border: none (5px solid #008000) none (10px solid #FF0000)]
layer at (71,372) size 8x4
  RenderBlock (positioned) {DIV} at (56,20) size 8x4 [bgcolor=#0000FF]
layer at (-25,352) size 70x20 backgroundClip at (25,352) size 100x43 clip at (25,352) size 100x43
  RenderBlock (positioned) {DIV} at (-40,0) size 70x20 [bgcolor=#808000]
layer at (15,399) size 115x43 clip at (25,399) size 100x28 scrollWidth 150
  RenderBlock (relative positioned) {DIV} at (5,192) size 115x44 [bgcolor=#FFFF00] [border: none (5px solid #008000) none (10px solid #FF0000)]
layer at (71,419) size 8x4
  RenderBlock (positioned) {DIV} at (56,20) size 8x4 [bgcolor=#0000FF]
layer at (105,399) size 70x20 backgroundClip at (25,399) size 100x28 clip at (25,399) size 100x28
  RenderBlock (positioned) {DIV} at (90,0) size 70x20 [bgcolor=#808000]
layer at (142,352) size 115x43 clip at (147,352) size 100x43
  RenderBlock (relative positioned) {DIV} at (5,145) size 115x44 [bgcolor=#FFFF00] [border: none (10px solid #FF0000) none (5px solid #008000)]
layer at (193,372) size 8x4
  RenderBlock (positioned) {DIV} at (51,20) size 8x4 [bgcolor=#0000FF]
layer at (227,352) size 70x20 backgroundClip at (147,352) size 100x43 clip at (147,352) size 100x43
  RenderBlock (positioned) {DIV} at (85,0) size 70x20 [bgcolor=#808000]
layer at (142,399) size 115x43 clip at (147,399) size 100x28 scrollX 50 scrollWidth 150
  RenderBlock (relative positioned) {DIV} at (5,192) size 115x44 [bgcolor=#FFFF00] [border: none (10px solid #FF0000) none (5px solid #008000)]
layer at (193,419) size 8x4
  RenderBlock (positioned) {DIV} at (51,20) size 8x4 [bgcolor=#0000FF]
layer at (97,399) size 70x20 backgroundClip at (147,399) size 100x28 clip at (147,399) size 100x28
  RenderBlock (positioned) {DIV} at (-45,0) size 70x20 [bgcolor=#808000]
