layer at (0,0) size 800x600
  RenderView at (0,0) size 800x600
layer at (0,0) size 800x600
  RenderBlock {HTML} at (0,0) size 800x600
    RenderBody {BODY} at (8,8) size 784x584
      RenderBlock {P} at (0,0) size 784x40
        RenderText {#text} at (0,0) size 218x19
          text run at (0,0) width 218: "This tests for a regression against "
        RenderInline {I} at (0,0) size 730x39
          RenderInline {A} at (0,0) size 354x19 [color=#0000EE]
            RenderText {#text} at (217,0) size 354x19
              text run at (217,0) width 354: "http://bugzilla.opendarwin.org/show_bug.cgi?id=6618"
          RenderText {#text} at (570,0) size 730x39
            text run at (570,0) width 5: " "
            text run at (574,0) width 156: "Inline in RTL block with"
            text run at (0,20) width 349: "overflow:auto and left border makes scroll bar appear"
        RenderText {#text} at (348,20) size 5x19
          text run at (348,20) width 5: "."
      RenderBlock {HR} at (0,56) size 784x2 [border: (1px inset #000000)]
layer at (8,74) size 784x20 clip at (18,74) size 774x20
  RenderBlock {DIV} at (0,66) size 784x20 [border: none (10px solid #0000FF)]
    RenderText {#text} at (462,0) size 322x19
      text run at (462,0) width 120: "This block should "
      text run at (780,0) width 4 RTL: "."
    RenderInline {EM} at (0,0) size 21x19
      RenderText {#text} at (581,0) size 21x19
        text run at (581,0) width 21: "not"
    RenderText {#text} at (601,0) size 179x19
      text run at (601,0) width 179: " have a horizontal scroll bar"
