layer at (0,0) size 800x1800
  RenderView at (0,0) size 800x600
    RenderMultiColumnSet at (0,0) size 800x600
layer at (0,0) size 800x1228
  RenderMultiColumnFlowThread at (0,0) size 800x1228
layer at (0,0) size 800x1228
  RenderBlock {HTML} at (0,0) size 800x1228
    RenderBody {BODY} at (8,8) size 784x1212
      RenderText {#text} at (0,0) size 784x1211
        text run at (0,0) width 759: "Lorem ipsum dolor sit amet, consectetur adipiscing elit. Maecenas lacinia massa in lectus pretium vulputate. Curabitur"
        text run at (0,20) width 784: "viverra augue in leo faucibus congue. Vestibulum ligula neque, commodo eget blandit sit amet, facilisis vitae mi. Vivamus"
        text run at (0,40) width 754: "pretium lorem a quam imperdiet in placerat purus sagittis. Aliquam ut dui nibh. Cras faucibus imperdiet pellentesque."
        text run at (0,60) width 777: "Curabitur vel tortor quam, ut pharetra eros. Mauris euismod, justo in mattis ultricies, risus velit pretium ligula, eu sodales"
        text run at (0,80) width 753: "libero dolor et massa. Phasellus eros quam, faucibus sed consectetur et, elementum ut erat. Morbi fringilla, lorem non"
        text run at (0,100) width 738: "fermentum vulputate, quam metus ullamcorper quam, eu porttitor diam metus eget augue. Donec non lorem et arcu"
        text run at (0,120) width 763: "adipiscing suscipit. Donec porta euismod magna a fermentum. Suspendisse vestibulum rhoncus bibendum. Nam in nisi"
        text run at (0,140) width 776: "eget nulla vestibulum rutrum. Aenean eu libero turpis. Lorem ipsum dolor sit amet, consectetur adipiscing elit. Maecenas"
        text run at (0,160) width 738: "lacinia massa in lectus pretium vulputate. Curabitur viverra augue in leo faucibus congue. Vestibulum ligula neque,"
        text run at (0,180) width 751: "commodo eget blandit sit amet, facilisis vitae mi. Vivamus pretium lorem a quam imperdiet in placerat purus sagittis."
        text run at (0,200) width 770: "Aliquam ut dui nibh. Cras faucibus imperdiet pellentesque. Curabitur vel tortor quam, ut pharetra eros. Mauris euismod,"
        text run at (0,220) width 750: "justo in mattis ultricies, risus velit pretium ligula, eu sodales libero dolor et massa. Phasellus eros quam, faucibus sed"
        text run at (0,240) width 757: "consectetur et, elementum ut erat. Morbi fringilla, lorem non fermentum vulputate, quam metus ullamcorper quam, eu"
        text run at (0,260) width 774: "porttitor diam metus eget augue. Donec non lorem et arcu adipiscing suscipit. Donec porta euismod magna a fermentum."
        text run at (0,280) width 757: "Suspendisse vestibulum rhoncus bibendum. Nam in nisi eget nulla vestibulum rutrum. Aenean eu libero turpis. Lorem"
        text run at (0,300) width 762: "ipsum dolor sit amet, consectetur adipiscing elit. Maecenas lacinia massa in lectus pretium vulputate. Curabitur viverra"
        text run at (0,320) width 734: "augue in leo faucibus congue. Vestibulum ligula neque, commodo eget blandit sit amet, facilisis vitae mi. Vivamus"
        text run at (0,340) width 754: "pretium lorem a quam imperdiet in placerat purus sagittis. Aliquam ut dui nibh. Cras faucibus imperdiet pellentesque."
        text run at (0,360) width 777: "Curabitur vel tortor quam, ut pharetra eros. Mauris euismod, justo in mattis ultricies, risus velit pretium ligula, eu sodales"
        text run at (0,380) width 753: "libero dolor et massa. Phasellus eros quam, faucibus sed consectetur et, elementum ut erat. Morbi fringilla, lorem non"
        text run at (0,400) width 738: "fermentum vulputate, quam metus ullamcorper quam, eu porttitor diam metus eget augue. Donec non lorem et arcu"
        text run at (0,420) width 763: "adipiscing suscipit. Donec porta euismod magna a fermentum. Suspendisse vestibulum rhoncus bibendum. Nam in nisi"
        text run at (0,440) width 776: "eget nulla vestibulum rutrum. Aenean eu libero turpis. Lorem ipsum dolor sit amet, consectetur adipiscing elit. Maecenas"
        text run at (0,460) width 738: "lacinia massa in lectus pretium vulputate. Curabitur viverra augue in leo faucibus congue. Vestibulum ligula neque,"
        text run at (0,480) width 751: "commodo eget blandit sit amet, facilisis vitae mi. Vivamus pretium lorem a quam imperdiet in placerat purus sagittis."
        text run at (0,500) width 770: "Aliquam ut dui nibh. Cras faucibus imperdiet pellentesque. Curabitur vel tortor quam, ut pharetra eros. Mauris euismod,"
        text run at (0,520) width 750: "justo in mattis ultricies, risus velit pretium ligula, eu sodales libero dolor et massa. Phasellus eros quam, faucibus sed"
        text run at (0,540) width 757: "consectetur et, elementum ut erat. Morbi fringilla, lorem non fermentum vulputate, quam metus ullamcorper quam, eu"
        text run at (0,560) width 774: "porttitor diam metus eget augue. Donec non lorem et arcu adipiscing suscipit. Donec porta euismod magna a fermentum."
        text run at (0,592) width 757: "Suspendisse vestibulum rhoncus bibendum. Nam in nisi eget nulla vestibulum rutrum. Aenean eu libero turpis. Lorem"
        text run at (0,612) width 762: "ipsum dolor sit amet, consectetur adipiscing elit. Maecenas lacinia massa in lectus pretium vulputate. Curabitur viverra"
        text run at (0,632) width 734: "augue in leo faucibus congue. Vestibulum ligula neque, commodo eget blandit sit amet, facilisis vitae mi. Vivamus"
        text run at (0,652) width 754: "pretium lorem a quam imperdiet in placerat purus sagittis. Aliquam ut dui nibh. Cras faucibus imperdiet pellentesque."
        text run at (0,672) width 777: "Curabitur vel tortor quam, ut pharetra eros. Mauris euismod, justo in mattis ultricies, risus velit pretium ligula, eu sodales"
        text run at (0,692) width 753: "libero dolor et massa. Phasellus eros quam, faucibus sed consectetur et, elementum ut erat. Morbi fringilla, lorem non"
        text run at (0,712) width 738: "fermentum vulputate, quam metus ullamcorper quam, eu porttitor diam metus eget augue. Donec non lorem et arcu"
        text run at (0,732) width 763: "adipiscing suscipit. Donec porta euismod magna a fermentum. Suspendisse vestibulum rhoncus bibendum. Nam in nisi"
        text run at (0,752) width 776: "eget nulla vestibulum rutrum. Aenean eu libero turpis. Lorem ipsum dolor sit amet, consectetur adipiscing elit. Maecenas"
        text run at (0,772) width 738: "lacinia massa in lectus pretium vulputate. Curabitur viverra augue in leo faucibus congue. Vestibulum ligula neque,"
        text run at (0,792) width 751: "commodo eget blandit sit amet, facilisis vitae mi. Vivamus pretium lorem a quam imperdiet in placerat purus sagittis."
        text run at (0,812) width 770: "Aliquam ut dui nibh. Cras faucibus imperdiet pellentesque. Curabitur vel tortor quam, ut pharetra eros. Mauris euismod,"
        text run at (0,832) width 750: "justo in mattis ultricies, risus velit pretium ligula, eu sodales libero dolor et massa. Phasellus eros quam, faucibus sed"
        text run at (0,852) width 757: "consectetur et, elementum ut erat. Morbi fringilla, lorem non fermentum vulputate, quam metus ullamcorper quam, eu"
        text run at (0,872) width 774: "porttitor diam metus eget augue. Donec non lorem et arcu adipiscing suscipit. Donec porta euismod magna a fermentum."
        text run at (0,892) width 757: "Suspendisse vestibulum rhoncus bibendum. Nam in nisi eget nulla vestibulum rutrum. Aenean eu libero turpis. Lorem"
        text run at (0,912) width 762: "ipsum dolor sit amet, consectetur adipiscing elit. Maecenas lacinia massa in lectus pretium vulputate. Curabitur viverra"
        text run at (0,932) width 734: "augue in leo faucibus congue. Vestibulum ligula neque, commodo eget blandit sit amet, facilisis vitae mi. Vivamus"
        text run at (0,952) width 754: "pretium lorem a quam imperdiet in placerat purus sagittis. Aliquam ut dui nibh. Cras faucibus imperdiet pellentesque."
        text run at (0,972) width 777: "Curabitur vel tortor quam, ut pharetra eros. Mauris euismod, justo in mattis ultricies, risus velit pretium ligula, eu sodales"
        text run at (0,992) width 753: "libero dolor et massa. Phasellus eros quam, faucibus sed consectetur et, elementum ut erat. Morbi fringilla, lorem non"
        text run at (0,1012) width 738: "fermentum vulputate, quam metus ullamcorper quam, eu porttitor diam metus eget augue. Donec non lorem et arcu"
        text run at (0,1032) width 763: "adipiscing suscipit. Donec porta euismod magna a fermentum. Suspendisse vestibulum rhoncus bibendum. Nam in nisi"
        text run at (0,1052) width 776: "eget nulla vestibulum rutrum. Aenean eu libero turpis. Lorem ipsum dolor sit amet, consectetur adipiscing elit. Maecenas"
        text run at (0,1072) width 738: "lacinia massa in lectus pretium vulputate. Curabitur viverra augue in leo faucibus congue. Vestibulum ligula neque,"
        text run at (0,1092) width 751: "commodo eget blandit sit amet, facilisis vitae mi. Vivamus pretium lorem a quam imperdiet in placerat purus sagittis."
        text run at (0,1112) width 770: "Aliquam ut dui nibh. Cras faucibus imperdiet pellentesque. Curabitur vel tortor quam, ut pharetra eros. Mauris euismod,"
        text run at (0,1132) width 750: "justo in mattis ultricies, risus velit pretium ligula, eu sodales libero dolor et massa. Phasellus eros quam, faucibus sed"
        text run at (0,1152) width 757: "consectetur et, elementum ut erat. Morbi fringilla, lorem non fermentum vulputate, quam metus ullamcorper quam, eu"
        text run at (0,1172) width 774: "porttitor diam metus eget augue. Donec non lorem et arcu adipiscing suscipit. Donec porta euismod magna a fermentum."
        text run at (0,1192) width 710: "Suspendisse vestibulum rhoncus bibendum. Nam in nisi eget nulla vestibulum rutrum. Aenean eu libero turpis."
