layer at (0,0) size 800x600
  RenderView at (0,0) size 800x600
layer at (0,0) size 800x600
  RenderBlock {HTML} at (0,0) size 800x600
    RenderBody {BODY} at (8,8) size 784x584
layer at (8,8) size 404x404 clip at (10,10) size 400x385 scrollX 200 scrollWidth 3400
  RenderBlock {DIV} at (0,0) size 404x404 [border: (2px solid #000000)]
    RenderMultiColumnSet at (2,2) size 400x385
layer at (-190,10) size 400x2450 backgroundClip at (10,10) size 400x385 clip at (10,10) size 400x385
  RenderMultiColumnFlowThread at (2,2) size 400x2450
    RenderText {#text} at (0,0) size 399x2449
      text run at (0,0) width 357: "Lorem ipsum dolor sit amet, consectetur adipiscing elit."
      text run at (0,20) width 399: "Maecenas lacinia massa in lectus pretium vulputate. Curabitur"
      text run at (0,40) width 358: "viverra augue in leo faucibus congue. Vestibulum ligula"
      text run at (0,60) width 362: "neque, commodo eget blandit sit amet, facilisis vitae mi."
      text run at (0,80) width 379: "Vivamus pretium lorem a quam imperdiet in placerat purus"
      text run at (0,100) width 344: "sagittis. Aliquam ut dui nibh. Cras faucibus imperdiet"
      text run at (0,120) width 364: "pellentesque. Curabitur vel tortor quam, ut pharetra eros."
      text run at (0,140) width 383: "Mauris euismod, justo in mattis ultricies, risus velit pretium"
      text run at (0,160) width 392: "ligula, eu sodales libero dolor et massa. Phasellus eros quam,"
      text run at (0,180) width 344: "faucibus sed consectetur et, elementum ut erat. Morbi"
      text run at (0,200) width 349: "fringilla, lorem non fermentum vulputate, quam metus"
      text run at (0,220) width 398: "ullamcorper quam, eu porttitor diam metus eget augue. Donec"
      text run at (0,240) width 380: "non lorem et arcu adipiscing suscipit. Donec porta euismod"
      text run at (0,260) width 344: "magna a fermentum. Suspendisse vestibulum rhoncus"
      text run at (0,280) width 393: "bibendum. Nam in nisi eget nulla vestibulum rutrum. Aenean"
      text run at (0,300) width 364: "eu libero turpis. Lorem ipsum dolor sit amet, consectetur"
      text run at (0,320) width 364: "adipiscing elit. Maecenas lacinia massa in lectus pretium"
      text run at (0,340) width 373: "vulputate. Curabitur viverra augue in leo faucibus congue."
      text run at (0,360) width 365: "Vestibulum ligula neque, commodo eget blandit sit amet,"
      text run at (0,385) width 399: "facilisis vitae mi. Vivamus pretium lorem a quam imperdiet in"
      text run at (0,405) width 373: "placerat purus sagittis. Aliquam ut dui nibh. Cras faucibus"
      text run at (0,425) width 395: "imperdiet pellentesque. Curabitur vel tortor quam, ut pharetra"
      text run at (0,445) width 364: "eros. Mauris euismod, justo in mattis ultricies, risus velit"
      text run at (0,465) width 371: "pretium ligula, eu sodales libero dolor et massa. Phasellus"
      text run at (0,485) width 374: "eros quam, faucibus sed consectetur et, elementum ut erat."
      text run at (0,505) width 393: "Morbi fringilla, lorem non fermentum vulputate, quam metus"
      text run at (0,525) width 398: "ullamcorper quam, eu porttitor diam metus eget augue. Donec"
      text run at (0,545) width 380: "non lorem et arcu adipiscing suscipit. Donec porta euismod"
      text run at (0,565) width 344: "magna a fermentum. Suspendisse vestibulum rhoncus"
      text run at (0,585) width 393: "bibendum. Nam in nisi eget nulla vestibulum rutrum. Aenean"
      text run at (0,605) width 364: "eu libero turpis. Lorem ipsum dolor sit amet, consectetur"
      text run at (0,625) width 364: "adipiscing elit. Maecenas lacinia massa in lectus pretium"
      text run at (0,645) width 373: "vulputate. Curabitur viverra augue in leo faucibus congue."
      text run at (0,665) width 365: "Vestibulum ligula neque, commodo eget blandit sit amet,"
      text run at (0,685) width 399: "facilisis vitae mi. Vivamus pretium lorem a quam imperdiet in"
      text run at (0,705) width 373: "placerat purus sagittis. Aliquam ut dui nibh. Cras faucibus"
      text run at (0,725) width 395: "imperdiet pellentesque. Curabitur vel tortor quam, ut pharetra"
      text run at (0,745) width 364: "eros. Mauris euismod, justo in mattis ultricies, risus velit"
      text run at (0,770) width 371: "pretium ligula, eu sodales libero dolor et massa. Phasellus"
      text run at (0,790) width 374: "eros quam, faucibus sed consectetur et, elementum ut erat."
      text run at (0,810) width 393: "Morbi fringilla, lorem non fermentum vulputate, quam metus"
      text run at (0,830) width 398: "ullamcorper quam, eu porttitor diam metus eget augue. Donec"
      text run at (0,850) width 380: "non lorem et arcu adipiscing suscipit. Donec porta euismod"
      text run at (0,870) width 344: "magna a fermentum. Suspendisse vestibulum rhoncus"
      text run at (0,890) width 393: "bibendum. Nam in nisi eget nulla vestibulum rutrum. Aenean"
      text run at (0,910) width 364: "eu libero turpis. Lorem ipsum dolor sit amet, consectetur"
      text run at (0,930) width 364: "adipiscing elit. Maecenas lacinia massa in lectus pretium"
      text run at (0,950) width 373: "vulputate. Curabitur viverra augue in leo faucibus congue."
      text run at (0,970) width 365: "Vestibulum ligula neque, commodo eget blandit sit amet,"
      text run at (0,990) width 399: "facilisis vitae mi. Vivamus pretium lorem a quam imperdiet in"
      text run at (0,1010) width 373: "placerat purus sagittis. Aliquam ut dui nibh. Cras faucibus"
      text run at (0,1030) width 395: "imperdiet pellentesque. Curabitur vel tortor quam, ut pharetra"
      text run at (0,1050) width 364: "eros. Mauris euismod, justo in mattis ultricies, risus velit"
      text run at (0,1070) width 371: "pretium ligula, eu sodales libero dolor et massa. Phasellus"
      text run at (0,1090) width 374: "eros quam, faucibus sed consectetur et, elementum ut erat."
      text run at (0,1110) width 393: "Morbi fringilla, lorem non fermentum vulputate, quam metus"
      text run at (0,1130) width 398: "ullamcorper quam, eu porttitor diam metus eget augue. Donec"
      text run at (0,1155) width 380: "non lorem et arcu adipiscing suscipit. Donec porta euismod"
      text run at (0,1175) width 344: "magna a fermentum. Suspendisse vestibulum rhoncus"
      text run at (0,1195) width 393: "bibendum. Nam in nisi eget nulla vestibulum rutrum. Aenean"
      text run at (0,1215) width 364: "eu libero turpis. Lorem ipsum dolor sit amet, consectetur"
      text run at (0,1235) width 364: "adipiscing elit. Maecenas lacinia massa in lectus pretium"
      text run at (0,1255) width 373: "vulputate. Curabitur viverra augue in leo faucibus congue."
      text run at (0,1275) width 365: "Vestibulum ligula neque, commodo eget blandit sit amet,"
      text run at (0,1295) width 399: "facilisis vitae mi. Vivamus pretium lorem a quam imperdiet in"
      text run at (0,1315) width 373: "placerat purus sagittis. Aliquam ut dui nibh. Cras faucibus"
      text run at (0,1335) width 395: "imperdiet pellentesque. Curabitur vel tortor quam, ut pharetra"
      text run at (0,1355) width 364: "eros. Mauris euismod, justo in mattis ultricies, risus velit"
      text run at (0,1375) width 371: "pretium ligula, eu sodales libero dolor et massa. Phasellus"
      text run at (0,1395) width 374: "eros quam, faucibus sed consectetur et, elementum ut erat."
      text run at (0,1415) width 393: "Morbi fringilla, lorem non fermentum vulputate, quam metus"
      text run at (0,1435) width 398: "ullamcorper quam, eu porttitor diam metus eget augue. Donec"
      text run at (0,1455) width 380: "non lorem et arcu adipiscing suscipit. Donec porta euismod"
      text run at (0,1475) width 344: "magna a fermentum. Suspendisse vestibulum rhoncus"
      text run at (0,1495) width 393: "bibendum. Nam in nisi eget nulla vestibulum rutrum. Aenean"
      text run at (0,1515) width 364: "eu libero turpis. Lorem ipsum dolor sit amet, consectetur"
      text run at (0,1540) width 364: "adipiscing elit. Maecenas lacinia massa in lectus pretium"
      text run at (0,1560) width 373: "vulputate. Curabitur viverra augue in leo faucibus congue."
      text run at (0,1580) width 365: "Vestibulum ligula neque, commodo eget blandit sit amet,"
      text run at (0,1600) width 399: "facilisis vitae mi. Vivamus pretium lorem a quam imperdiet in"
      text run at (0,1620) width 373: "placerat purus sagittis. Aliquam ut dui nibh. Cras faucibus"
      text run at (0,1640) width 395: "imperdiet pellentesque. Curabitur vel tortor quam, ut pharetra"
      text run at (0,1660) width 364: "eros. Mauris euismod, justo in mattis ultricies, risus velit"
      text run at (0,1680) width 371: "pretium ligula, eu sodales libero dolor et massa. Phasellus"
      text run at (0,1700) width 374: "eros quam, faucibus sed consectetur et, elementum ut erat."
      text run at (0,1720) width 393: "Morbi fringilla, lorem non fermentum vulputate, quam metus"
      text run at (0,1740) width 398: "ullamcorper quam, eu porttitor diam metus eget augue. Donec"
      text run at (0,1760) width 380: "non lorem et arcu adipiscing suscipit. Donec porta euismod"
      text run at (0,1780) width 344: "magna a fermentum. Suspendisse vestibulum rhoncus"
      text run at (0,1800) width 393: "bibendum. Nam in nisi eget nulla vestibulum rutrum. Aenean"
      text run at (0,1820) width 364: "eu libero turpis. Lorem ipsum dolor sit amet, consectetur"
      text run at (0,1840) width 364: "adipiscing elit. Maecenas lacinia massa in lectus pretium"
      text run at (0,1860) width 373: "vulputate. Curabitur viverra augue in leo faucibus congue."
      text run at (0,1880) width 365: "Vestibulum ligula neque, commodo eget blandit sit amet,"
      text run at (0,1900) width 399: "facilisis vitae mi. Vivamus pretium lorem a quam imperdiet in"
      text run at (0,1925) width 373: "placerat purus sagittis. Aliquam ut dui nibh. Cras faucibus"
      text run at (0,1945) width 395: "imperdiet pellentesque. Curabitur vel tortor quam, ut pharetra"
      text run at (0,1965) width 364: "eros. Mauris euismod, justo in mattis ultricies, risus velit"
      text run at (0,1985) width 371: "pretium ligula, eu sodales libero dolor et massa. Phasellus"
      text run at (0,2005) width 374: "eros quam, faucibus sed consectetur et, elementum ut erat."
      text run at (0,2025) width 393: "Morbi fringilla, lorem non fermentum vulputate, quam metus"
      text run at (0,2045) width 398: "ullamcorper quam, eu porttitor diam metus eget augue. Donec"
      text run at (0,2065) width 380: "non lorem et arcu adipiscing suscipit. Donec porta euismod"
      text run at (0,2085) width 344: "magna a fermentum. Suspendisse vestibulum rhoncus"
      text run at (0,2105) width 393: "bibendum. Nam in nisi eget nulla vestibulum rutrum. Aenean"
      text run at (0,2125) width 364: "eu libero turpis. Lorem ipsum dolor sit amet, consectetur"
      text run at (0,2145) width 364: "adipiscing elit. Maecenas lacinia massa in lectus pretium"
      text run at (0,2165) width 373: "vulputate. Curabitur viverra augue in leo faucibus congue."
      text run at (0,2185) width 365: "Vestibulum ligula neque, commodo eget blandit sit amet,"
      text run at (0,2205) width 399: "facilisis vitae mi. Vivamus pretium lorem a quam imperdiet in"
      text run at (0,2225) width 373: "placerat purus sagittis. Aliquam ut dui nibh. Cras faucibus"
      text run at (0,2245) width 395: "imperdiet pellentesque. Curabitur vel tortor quam, ut pharetra"
      text run at (0,2265) width 364: "eros. Mauris euismod, justo in mattis ultricies, risus velit"
      text run at (0,2285) width 371: "pretium ligula, eu sodales libero dolor et massa. Phasellus"
      text run at (0,2310) width 374: "eros quam, faucibus sed consectetur et, elementum ut erat."
      text run at (0,2330) width 393: "Morbi fringilla, lorem non fermentum vulputate, quam metus"
      text run at (0,2350) width 398: "ullamcorper quam, eu porttitor diam metus eget augue. Donec"
      text run at (0,2370) width 380: "non lorem et arcu adipiscing suscipit. Donec porta euismod"
      text run at (0,2390) width 344: "magna a fermentum. Suspendisse vestibulum rhoncus"
      text run at (0,2410) width 393: "bibendum. Nam in nisi eget nulla vestibulum rutrum. Aenean"
      text run at (0,2430) width 101: "eu libero turpis."
