layer at (0,0) size 800x600
  RenderView at (0,0) size 800x600
layer at (0,0) size 800x600
  RenderBlock {HTML} at (0,0) size 800x600
    RenderBody {BODY} at (8,8) size 784x584
      RenderBlock {DIV} at (0,0) size 784x195 [border: (2px solid #FF0000)]
        RenderBlock (anonymous) at (2,2) size 780x20
          RenderInline {I} at (0,0) size 234x19
            RenderText {#text} at (0,0) size 96x19
              text run at (0,0) width 96: "Start of a line. "
            RenderInline {FONT} at (0,0) size 138x19 [color=#FF0000]
              RenderText {#text} at (96,0) size 138x19
                text run at (96,0) width 138: "More red on this line:"
        RenderBlock (anonymous) at (2,40) size 780x73 [color=#FF0000]
          RenderBlock {H3} at (0,0) size 780x23
            RenderText {#text} at (0,0) size 213x22
              text run at (0,0) width 213: "Suddenly a block appears!"
          RenderBlock {H2} at (0,42) size 780x30
            RenderText {#text} at (0,0) size 192x28
              text run at (0,0) width 192: "And another block!"
        RenderBlock (anonymous) at (2,132) size 780x61
          RenderInline {I} at (0,0) size 297x39
            RenderInline {FONT} at (0,0) size 100x39 [color=#FF0000]
              RenderText {#text} at (0,0) size 100x19
                text run at (0,0) width 100: "Now more text."
              RenderBR {BR} at (100,15) size 0x0
              RenderText {#text} at (0,20) size 66x19
                text run at (0,20) width 66: "This is red"
            RenderText {#text} at (66,20) size 231x19
              text run at (66,20) width 231: " but now only italic on the same line"
          RenderBR {BR} at (297,35) size 0x0
          RenderText {#text} at (0,40) size 120x19
            text run at (0,40) width 120: "Plain line at the end."
