layer at (0,0) size 800x600
  RenderView at (0,0) size 800x600
layer at (0,0) size 800x294
  RenderBlock {HTML} at (0,0) size 800x295
    RenderBody {BODY} at (8,16) size 784x263
      RenderBlock {P} at (0,0) size 784x20
        RenderText {#text} at (0,0) size 231x19
          text run at (0,0) width 231: "These <h1>s should all be left-aligned:"
      RenderBlock {H1} at (0,41) size 784x44 [border: (3px solid #FF0000)]
        RenderText {#text} at (3,3) size 96x36
          text run at (3,3) width 96: "sample"
      RenderBlock {H1} at (0,105) size 326x44 [border: (3px solid #FF0000)]
        RenderText {#text} at (3,3) size 96x36
          text run at (3,3) width 96: "sample"
      RenderBlock {P} at (0,170) size 784x21
        RenderText {#text} at (0,0) size 266x19
          text run at (0,0) width 266: "These <p>s should be (and are) left-aligned:"
      RenderBlock {P} at (0,206) size 784x21
        RenderText {#text} at (0,0) size 42x19
          text run at (0,0) width 42: "sample"
      RenderBlock {P} at (0,242) size 160x21
        RenderText {#text} at (0,0) size 42x19
          text run at (0,0) width 42: "sample"
