layer at (0,0) size 800x600
  RenderView at (0,0) size 800x600
layer at (0,0) size 800x600
  RenderBlock {HTML} at (0,0) size 800x600
    RenderBody {BODY} at (8,8) size 784x584
      RenderBlock {P} at (0,0) size 784x40
        RenderText {#text} at (0,0) size 99x19
          text run at (0,0) width 99: "This is a test for "
        RenderInline {I} at (0,0) size 778x39
          RenderInline {A} at (0,0) size 311x19 [color=#0000EE]
            RenderText {#text} at (99,0) size 311x19
              text run at (99,0) width 311: "https://bugs.webkit.org/show_bug.cgi?id=18809"
          RenderText {#text} at (410,0) size 778x39
            text run at (410,0) width 4: " "
            text run at (414,0) width 364: "Forms with block level generated content and absolutely"
            text run at (0,20) width 342: "positioned labels break inline layout (fixed on reflow)"
        RenderText {#text} at (342,20) size 4x19
          text run at (342,20) width 4: "."
      RenderBlock {DIV} at (0,56) size 784x40
        RenderBlock (anonymous) at (0,0) size 784x20
          RenderText {#text} at (0,0) size 91x19
            text run at (0,0) width 91: "This should be "
          RenderText {#text} at (91,0) size 72x19
            text run at (91,0) width 72: "a single line."
        RenderBlock (generated) at (0,20) size 784x20
          RenderText at (0,0) size 184x19
            text run at (0,0) width 184: "This should be the second line."
      RenderBlock {DIV} at (0,96) size 784x20
        RenderBlock {DIV} at (0,0) size 784x0
        RenderBlock (anonymous) at (0,0) size 784x20
          RenderText {#text} at (0,0) size 91x19
            text run at (0,0) width 91: "This should be "
          RenderText {#text} at (91,0) size 72x19
            text run at (91,0) width 72: "a single line."
      RenderBlock {DIV} at (0,116) size 784x20
        RenderBlock {DIV} at (0,0) size 784x0
        RenderBlock (anonymous) at (0,0) size 784x20
          RenderText {#text} at (91,0) size 72x19
            text run at (91,0) width 72: "a single line."
          RenderBlock (floating) {SPAN} at (0,0) size 91x20
            RenderText {#text} at (0,0) size 91x19
              text run at (0,0) width 91: "This should be "
