layer at (0,0) size 800x600
  RenderView at (0,0) size 800x600
layer at (0,0) size 800x600
  RenderBlock {HTML} at (0,0) size 800x600
    RenderBody {BODY} at (8,8) size 784x584
layer at (8,8) size 84x80
  RenderBlock (positioned) {DIV} at (0,0) size 84x80 [bgcolor=#ADD8E6]
    RenderBlock (floating) {SPAN} at (4,0) size 80x16 [color=#0000FF]
      RenderText {#text} at (0,0) size 80x16
        text run at (0,0) width 80: "float"
    RenderBlock (floating) {SPAN} at (4,16) size 64x16 [color=#0000FF]
      RenderText {#text} at (0,0) size 64x16
        text run at (0,0) width 64: "floa"
    RenderText {#text} at (0,32) size 64x16
      text run at (0,32) width 64: "word"
    RenderBlock (floating) {SPAN} at (4,48) size 48x16 [color=#0000FF]
      RenderText {#text} at (0,0) size 48x16
        text run at (0,0) width 48: "flo"
    RenderText {#text} at (0,0) size 0x0
    RenderBlock (floating) {SPAN} at (4,64) size 32x16 [color=#0000FF]
      RenderText {#text} at (0,0) size 32x16
        text run at (0,0) width 32: "fl"
    RenderText {#text} at (0,0) size 0x0
layer at (8,104) size 96x80
  RenderBlock (positioned) {DIV} at (0,0) size 96x80 [bgcolor=#ADD8E6]
    RenderBlock (floating) {SPAN} at (4,0) size 80x16 [color=#0000FF]
      RenderText {#text} at (0,0) size 80x16
        text run at (0,0) width 80: "float"
    RenderBlock (floating) {SPAN} at (4,16) size 64x16 [color=#0000FF]
      RenderText {#text} at (0,0) size 64x16
        text run at (0,0) width 64: "floa"
    RenderText {#text} at (0,32) size 96x32
      text run at (0,32) width 96: "longer"
      text run at (0,48) width 64: "word"
    RenderBlock (floating) {SPAN} at (4,64) size 48x16 [color=#0000FF]
      RenderText {#text} at (0,0) size 48x16
        text run at (0,0) width 48: "flo"
    RenderText {#text} at (0,0) size 0x0
    RenderBlock (floating) {SPAN} at (56,64) size 32x16 [color=#0000FF]
      RenderText {#text} at (0,0) size 32x16
        text run at (0,0) width 32: "fl"
    RenderText {#text} at (0,0) size 0x0
