layer at (0,0) size 800x600
  RenderView at (0,0) size 800x600
layer at (0,0) size 800x260
  RenderBlock {HTML} at (0,0) size 800x260
    RenderBody {BODY} at (8,16) size 784x236
      RenderBlock {P} at (0,0) size 784x20
        RenderText {#text} at (0,0) size 292x19
          text run at (0,0) width 292: "There must be a green square below and no red."
layer at (8,52) size 784x200
  RenderBlock (relative positioned) {DIV} at (0,36) size 784x200
    RenderBlock (anonymous) at (0,0) size 784x20
      RenderText {#text} at (100,0) size 4x19
        text run at (100,0) width 4: " "
    RenderBlock {DIV} at (0,20) size 784x0
layer at (8,52) size 100x100
  RenderBlock (positioned) {DIV} at (0,0) size 100x100 [bgcolor=#FF0000]
layer at (8,52) size 100x100
  RenderBlock (floating) {DIV} at (0,0) size 100x100 [bgcolor=#008000]
