layer at (0,0) size 800x585
  RenderView at (0,0) size 800x585
layer at (0,0) size 800x242
  RenderBlock {HTML} at (0,0) size 800x242
    RenderBody {BODY} at (8,16) size 784x218
      RenderBlock {P} at (0,0) size 784x60
        RenderText {#text} at (0,0) size 242x19
          text run at (0,0) width 242: "This test checks for a regression against "
        RenderInline {I} at (0,0) size 720x39
          RenderInline {A} at (0,0) size 311x19 [color=#0000EE]
            RenderText {#text} at (242,0) size 311x19
              text run at (242,0) width 311: "https://bugs.webkit.org/show_bug.cgi?id=24118"
          RenderText {#text} at (553,0) size 720x39
            text run at (553,0) width 167: " RTL: Truncation behaves"
            text run at (0,20) width 186: "differently than IE/FF/Opera"
        RenderText {#text} at (186,20) size 4x19
          text run at (186,20) width 4: "."
        RenderBR {BR} at (190,20) size 0x19
        RenderText {#text} at (0,40) size 398x19
          text run at (0,40) width 398: "This test passes if the red block below is truncated on the left side."
      RenderBlock {DIV} at (-218,76) size 1002x142 [border: (1px solid #FF0000)]
        RenderText {#text} at (65,1) size 993x139
          text run at (65,1) width 936: "Lorem ipsum dolor sit amet, consectetur adipiscing elit. Nunc et nisl tellus. Vivamus aliquam elit non arcu scelerisque eget dapibus nunc vulputate. Maecenas"
          text run at (25,21) width 976: "scelerisque egestas purus, id bibendum magna venenatis vel. Vestibulum bibendum volutpat aliquam. Cum sociis natoque penatibus et magnis dis parturient montes,"
          text run at (10,41) width 991: "nascetur ridiculus mus. Vestibulum eget risus sodales mi tristique dignissim et sed lectus. Cras convallis, nibh ut dapibus gravida, enim mauris molestie elit, eget fringilla"
          text run at (56,61) width 945: "augue est nec est. Curabitur eu quam non purus sodales pulvinar. Donec ultrices dui eget dolor lobortis in porta quam rutrum. Nulla risus lacus, adipiscing quis"
          text run at (46,81) width 955: "ullamcorper vestibulum, condimentum sed lacus. Sed in nunc dolor, quis egestas turpis. Integer arcu tellus, posuere sit amet pellentesque a, molestie at mi. Nulla"
          text run at (8,101) width 993: "blandit, mi et euismod imperdiet, augue arcu ornare felis, nec viverra lacus ligula ut metus. Proin ut leo ante, at consectetur sem. Nullam non nunc ligula. Proin sed ante"
          text run at (874,121) width 4 RTL: "."
          text run at (878,121) width 123: "sem, id rutrum purus"
