layer at (0,0) size 800x600
  RenderView at (0,0) size 800x600
layer at (0,0) size 800x600
  RenderBlock {HTML} at (0,0) size 800x600
    RenderBody {BODY} at (8,8) size 784x576
      RenderBlock {P} at (0,0) size 784x45 [border: (2px solid #0000FF)]
        RenderInline (generated) at (0,0) size 32x41 [color=#800000]
          RenderText at (2,2) size 32x41
            text run at (2,2) width 32: "M"
        RenderText {#text} at (34,20) size 178x18
          text run at (34,20) width 178: "aroon on the first letter only."
