layer at (0,0) size 800x600
  RenderView at (0,0) size 800x600
layer at (0,0) size 800x600
  RenderBlock {HTML} at (0,0) size 800x600
    RenderBody {BODY} at (8,8) size 784x576
      RenderBlock {P} at (0,0) size 784x28
        RenderInline (generated) at (0,0) size 17x28 [color=#FF0000]
          RenderText at (0,0) size 17x28
            text run at (0,0) width 17: "A"
        RenderText {#text} at (17,8) size 405x18
          text run at (17,8) width 405: " The \"A\" should be big and red and ignore the position: relative."
