layer at (0,0) size 800x600
  RenderView at (0,0) size 800x600
layer at (0,0) size 800x600
  RenderBlock {HTML} at (0,0) size 800x600
    RenderBody {BODY} at (8,8) size 784x584
      RenderImage {IMG} at (643,10) size 121x84
      RenderInline {A} at (0,0) size 386x19 [color=#0000EE]
        RenderText {#text} at (0,0) size 386x19
          text run at (0,0) width 386: "http://www.apple.com/pr/library/2003/jan/02ical_isync.html"
      RenderBR {BR} at (386,0) size 0x19
      RenderInline {A} at (0,0) size 175x19 [color=#0000EE]
        RenderText {#text} at (0,20) size 175x19
          text run at (0,20) width 175: "http://www.apple.com/ical/"
      RenderBR {BR} at (174,20) size 1x19
      RenderInline {A} at (0,0) size 185x19 [color=#0000EE]
        RenderText {#text} at (0,40) size 185x19
          text run at (0,40) width 185: "http://www.apple.com/isync/"
