layer at (0,0) size 800x600
  RenderView at (0,0) size 800x600
layer at (0,0) size 800x152
  RenderBlock {HTML} at (0,0) size 800x152
    RenderBody {BODY} at (8,8) size 784x128
      RenderBlock {DIV} at (0,0) size 784x128
        RenderBlock {DIV} at (0,0) size 784x2
        RenderBlock (floating) {DIV} at (0,2) size 60x45
          RenderImage {IMG} at (0,0) size 60x45
        RenderBlock {UL} at (15,47) size 769x81 [bgcolor=#FF0000]
          RenderListItem {LI} at (0,8) size 769x20
            RenderListMarker at (-18,0) size 7x19: bullet
            RenderText {#text} at (0,0) size 127x19
              text run at (0,0) width 127: "Classroom Training"
          RenderListItem {LI} at (0,44) size 769x20
            RenderListMarker at (-18,0) size 7x19: bullet
            RenderText {#text} at (0,0) size 80x19
              text run at (0,0) width 80: "Find a Class"
