layer at (0,0) size 812x600
  RenderView at (0,0) size 800x600
layer at (0,0) size 800x148
  RenderBlock {HTML} at (0,0) size 800x148
    RenderBody {BODY} at (8,8) size 784x132
      RenderBlock {DIV} at (0,0) size 800x54
        RenderBlock (floating) {DIV} at (0,0) size 554x24 [border: (2px solid #FF0000)]
          RenderText {#text} at (2,2) size 508x19
            text run at (2,2) width 508: "(Parent DIV have no border set) There should be a green table below this block"
        RenderTable {TABLE} at (0,24) size 800x30 [border: (2px solid #008000)]
          RenderTableSection {TBODY} at (2,2) size 796x26
            RenderTableRow {TR} at (0,2) size 796x22
              RenderTableCell {TD} at (2,2) size 792x22 [r=0 c=0 rs=1 cs=1]
                RenderText {#text} at (1,1) size 23x19
                  text run at (1,1) width 23: "test"
      RenderBlock (anonymous) at (0,54) size 784x20
        RenderBR {BR} at (0,0) size 0x19
      RenderBlock {DIV} at (0,74) size 804x58 [border: (2px solid #0000FF)]
        RenderBlock (floating) {DIV} at (2,2) size 554x24 [border: (2px solid #FF0000)]
          RenderText {#text} at (2,2) size 548x19
            text run at (2,2) width 249: "(Parent DIV have 2px blue border set) "
            text run at (250,2) width 300: "There should be a green table below this block"
        RenderTable {TABLE} at (2,26) size 800x30 [border: (2px solid #008000)]
          RenderTableSection {TBODY} at (2,2) size 796x26
            RenderTableRow {TR} at (0,2) size 796x22
              RenderTableCell {TD} at (2,2) size 792x22 [r=0 c=0 rs=1 cs=1]
                RenderText {#text} at (1,1) size 23x19
                  text run at (1,1) width 23: "test"
