layer at (0,0) size 800x600
  RenderView at (0,0) size 800x600
layer at (0,0) size 800x600
  RenderBlock {HTML} at (0,0) size 800x600
    RenderBody {BODY} at (8,8) size 784x584
      RenderBlock {DIV} at (0,0) size 784x40
        RenderText {#text} at (0,0) size 255x19
          text run at (0,0) width 255: "This test checks for regressions against "
        RenderInline {A} at (0,0) size 744x39 [color=#0000EE]
          RenderText {#text} at (254,0) size 744x39
            text run at (254,0) width 490: "Radar 4279765: REGRESSION: \"More...\" links on flickr groups pages have"
            text run at (0,20) width 159: "hover issues (flickr.com)"
        RenderText {#text} at (158,20) size 604x19
          text run at (158,20) width 604: ", or rather, a related painting issue. The word \"PASS\" should appear below in translucent blue."
layer at (8,48) size 784x125
  RenderBlock {DIV} at (0,40) size 784x125
    RenderBlock (floating) {DIV} at (0,0) size 100x125
      RenderImage {IMG} at (0,0) size 100x100
      RenderBR {BR} at (100,85) size 0x19
      RenderBlock (floating) {H1} at (24,121) size 76x39
        RenderInline {A} at (0,0) size 76x36 [color=#0000EE]
          RenderText {#text} at (0,1) size 76x36
            text run at (0,1) width 76: "PASS"
      RenderText {#text} at (0,0) size 0x0
    RenderBR {BR} at (100,0) size 0x19
