layer at (0,0) size 800x600
  RenderView at (0,0) size 800x600
layer at (0,0) size 800x600
  RenderBlock {HTML} at (0,0) size 800x600
    RenderBody {BODY} at (8,8) size 784x584
      RenderBlock {DIV} at (0,0) size 15x200
        RenderBlock (anonymous) at (0,200) size 15x0
          RenderInline {A} at (0,0) size 0x0
            RenderText {#text} at (0,0) size 0x0
      RenderBlock (anonymous) at (0,200) size 784x0
        RenderInline {A} at (0,0) size 0x0
          RenderText {#text} at (0,0) size 0x0
layer at (8,8) size 15x200
  RenderBlock (relative positioned) {DIV} at (0,0) size 15x200
    RenderBlock (anonymous) at (0,200) size 15x0
      RenderInline {A} at (0,0) size 0x0
        RenderText {#text} at (0,0) size 0x0
layer at (8,8) size 15x200
  RenderBlock {DIV} at (0,0) size 15x200
    RenderMultiColumnSet at (0,0) size 15x200
layer at (8,8) size 0x200
  RenderMultiColumnFlowThread at (0,0) size 0x200
    RenderImage {IMG} at (0,0) size 15x200 [bgcolor=#C0C0C0]
layer at (8,208) size 16x100
  RenderBlock (positioned) {DIV} at (0,200) size 16x100
    RenderBlock (anonymous) at (0,0) size 16x0
      RenderInline {A} at (0,0) size 0x0
    RenderBlock (anonymous) at (0,16) size 16x68
      RenderBlock {P} at (0,0) size 16x68
        RenderText {#text} at (0,0) size 16x68
          text run at (0,0) width 16: "A"
          text run at (0,17) width 16: "B"
          text run at (0,34) width 16: "C"
          text run at (0,51) width 16: "D"
    RenderBlock (anonymous) at (0,100) size 16x0
      RenderInline {A} at (0,0) size 0x0
