layer at (0,0) size 800x600
  RenderView at (0,0) size 800x600
layer at (0,0) size 800x600
  RenderBlock {HTML} at (0,0) size 800x600
    RenderBody {BODY} at (8,8) size 784x576
      RenderBlock {P} at (0,0) size 784x40
        RenderText {#text} at (0,0) size 144x19
          text run at (0,0) width 144: "This is a pixel test for "
        RenderInline {I} at (0,0) size 774x39
          RenderInline {A} at (0,0) size 353x19 [color=#0000EE]
            RenderText {#text} at (143,0) size 353x19
              text run at (143,0) width 353: "http://bugzilla.opendarwin.org/show_bug.cgi?id=4334"
          RenderText {#text} at (495,0) size 774x39
            text run at (495,0) width 5: " "
            text run at (499,0) width 275: "REGRESSION: Flickering when css-hover"
            text run at (0,20) width 278: "should change opacity on floating elements"
        RenderText {#text} at (277,20) size 5x19
          text run at (277,20) width 5: "."
      RenderBlock {P} at (0,56) size 784x20
        RenderText {#text} at (0,0) size 499x19
          text run at (0,0) width 499: "There should be a solid green square below mixed in with a paragraph of text."
      RenderBlock {HR} at (0,92) size 784x2 [border: (1px inset #000000)]
      RenderBlock {DIV} at (0,112) size 784x143
        RenderBlock {DIV} at (0,0) size 784x142
          RenderBlock (floating) {DIV} at (3,3) size 75x75 [bgcolor=#008000]
          RenderBlock {H3} at (0,0) size 784x23
            RenderText {#text} at (81,0) size 162x22
              text run at (81,0) width 162: "Stanley Park Forest"
          RenderBlock {P} at (0,41) size 784x101
            RenderText {#text} at (81,0) size 770x99
              text run at (81,0) width 689: "The forest is primarily second and third growth. The area was saved from development because of its status"
              text run at (81,20) width 677: "as a federal military reserve; it occupied a strategic location for defending the former provincial capital of"
              text run at (0,40) width 741: "New Westminster in the case of an American naval invasion. Nevertheless, the federal government allowed logging"
              text run at (0,60) width 766: "operations there in the mid-nineteenth century. Large swathes of the park were also deforested by natural causes on two"
              text run at (0,80) width 190: "occasions in the 20th century."
