layer at (0,0) size 800x600
  RenderView at (0,0) size 800x600
layer at (0,0) size 800x600
  RenderBlock {HTML} at (0,0) size 800x600
    RenderBody {BODY} at (8,8) size 784x584
      RenderBlock (floating) {P} at (242,16) size 542x20
        RenderText {#text} at (0,0) size 542x19
          text run at (0,0) width 542: "The 'hr' below should span the width of the page, not just to the left edge of this text."
      RenderBlock {HR} at (0,52) size 784x2 [border: (1px inset #000000)]
      RenderBlock (floating) {P} at (230,78) size 554x20
        RenderText {#text} at (0,0) size 554x19
          text run at (0,0) width 554: "The table below should span the width of the page, not just to the left edge of this text."
      RenderTable {TABLE} at (0,114) size 784x68 [border: (10px outset #808080)]
        RenderTableSection {TBODY} at (10,10) size 764x48
          RenderTableRow {TR} at (0,2) size 764x44
            RenderTableCell {TD} at (2,2) size 760x44 [border: (1px inset #808080)] [r=0 c=0 rs=1 cs=1]
              RenderText {#text} at (2,2) size 737x39
                text run at (2,2) width 375: "This is a table that should fill the entire width of the page. "
                text run at (376,2) width 363: "It should clear the float and then take up the width of the"
                text run at (2,22) width 208: "page. If it doesn't then it's a bug."
      RenderBlock (floating) {P} at (350,198) size 434x20
        RenderText {#text} at (0,0) size 434x19
          text run at (0,0) width 434: "The overflow auto section below should span the width of the page."
layer at (8,242) size 784x40
  RenderBlock {DIV} at (0,234) size 784x40
    RenderText {#text} at (0,0) size 779x39
      text run at (0,0) width 364: "This is a div that should fill the entire width of the page. "
      text run at (363,0) width 416: "It should clear the float and then take up the width of the page. If"
      text run at (0,20) width 155: "it doesn't then it's a bug."
