layer at (0,0) size 800x622
  RenderView at (0,0) size 800x600
layer at (0,0) size 800x622
  RenderBlock {HTML} at (0,0) size 800x622
    RenderBody {BODY} at (8,8) size 784x598
      RenderBlock {P} at (0,0) size 784x598
        RenderTable {TABLE} at (0,0) size 282x158 [border: (2.50px solid #FFFF00)]
          RenderTableCol {COLGROUP} at (0,0) size 0x0
            RenderTableCol {COL} at (0,0) size 0x0 [border: (3px solid #000000)]
            RenderTableCol {COL} at (0,0) size 0x0
            RenderTableCol {COL} at (0,0) size 0x0
          RenderTableSection {TBODY} at (2,2) size 278x154
            RenderTableRow {TR} at (0,0) size 57x153
              RenderTableCell {TD} at (0,1) size 57x50 [border: (2.50px solid #FF0000)] [r=0 c=0 rs=1 cs=1]
                RenderText {#text} at (19,17) size 20x9
                  text run at (19,17) width 9: "1"
              RenderTableCell {TD} at (0,52) size 57x50 [border: (1.50px solid #FF0000)] [r=0 c=1 rs=1 cs=1]
                RenderText {#text} at (18,17) size 20x9
                  text run at (18,17) width 9: "2"
              RenderTableCell {TD} at (0,102) size 57x51 [border: (0.50px solid #FF0000)] [r=0 c=2 rs=1 cs=1]
                RenderText {#text} at (18,16) size 20x9
                  text run at (18,16) width 9: "3"
            RenderTableRow {TR} at (57,0) size 57x153
              RenderTableCell {TD} at (57,2) size 57x48 [border: (2.50px solid #FF0000)] [r=1 c=0 rs=1 cs=1]
                RenderText {#text} at (18,16) size 20x9
                  text run at (18,16) width 9: "4"
              RenderTableCell {TD} at (57,52) size 57x50 [border: (2.50px dashed #0000FF)] [r=1 c=1 rs=1 cs=1]
                RenderText {#text} at (18,18) size 20x9
                  text run at (18,18) width 9: "5"
              RenderTableCell {TD} at (57,102) size 57x51 [border: (2.50px solid #008000)] [r=1 c=2 rs=1 cs=1]
                RenderText {#text} at (18,18) size 20x9
                  text run at (18,18) width 9: "6"
            RenderTableRow {TR} at (114,0) size 55x153
              RenderTableCell {TD} at (114,1) size 55x50 [border: (2.50px solid #FF0000)] [r=2 c=0 rs=1 cs=1]
                RenderText {#text} at (17,17) size 20x9
                  text run at (17,17) width 9: "7"
              RenderTableCell {TD} at (114,52) size 55x50 [border: (1.50px solid #FF0000)] [r=2 c=1 rs=1 cs=1]
                RenderText {#text} at (18,17) size 20x9
                  text run at (18,17) width 9: "8"
              RenderTableCell {TD} at (114,102) size 55x51 [border: (0.50px solid #FF0000)] [r=2 c=2 rs=1 cs=1]
                RenderText {#text} at (18,16) size 20x9
                  text run at (18,16) width 9: "9"
            RenderTableRow {TR} at (169,0) size 53x153
              RenderTableCell {TD} at (169,0) size 53x52 [border: (2.50px solid #FF0000)] [r=3 c=0 rs=1 cs=1]
                RenderText {#text} at (16,18) size 20x17
                  text run at (16,18) width 17: "10"
              RenderTableCell {TD} at (169,52) size 53x50 [border: (1.50px solid #FF0000)] [r=3 c=1 rs=1 cs=1]
                RenderText {#text} at (16,17) size 20x16
                  text run at (16,17) width 16: "11"
              RenderTableCell {TD} at (169,102) size 53x51 [border: (0.50px solid #FF0000)] [r=3 c=2 rs=1 cs=1]
                RenderText {#text} at (16,16) size 20x17
                  text run at (16,16) width 17: "12"
            RenderTableRow {TR} at (222,0) size 55x153
              RenderTableCell {TD} at (222,0) size 55x52 [border: (2.50px solid #FF0000)] [r=4 c=0 rs=1 cs=1]
                RenderText {#text} at (16,18) size 20x17
                  text run at (16,18) width 17: "13"
              RenderTableCell {TD} at (222,52) size 55x50 [border: (1.50px solid #FF0000)] [r=4 c=1 rs=1 cs=1]
                RenderText {#text} at (16,17) size 20x17
                  text run at (16,17) width 17: "14"
              RenderTableCell {TD} at (222,102) size 55x51 [border: (0.50px solid #FF0000)] [r=4 c=2 rs=1 cs=1]
                RenderText {#text} at (16,16) size 20x17
                  text run at (16,16) width 17: "15"
        RenderTable {TABLE} at (0,158) size 282x158 [border: (2.50px solid #FFFF00)]
          RenderTableCol {COLGROUP} at (0,0) size 0x0
            RenderTableCol {COL} at (0,0) size 0x0 [border: (3px solid #000000)]
            RenderTableCol {COL} at (0,0) size 0x0
            RenderTableCol {COL} at (0,0) size 0x0
          RenderTableSection {TBODY} at (2,2) size 278x154
            RenderTableRow {TR} at (0,0) size 57x153
              RenderTableCell {TD} at (0,1) size 57x50 [border: (2.50px solid #FF0000)] [r=0 c=0 rs=1 cs=1]
                RenderText {#text} at (20,17) size 20x9
                  text run at (20,17) width 9: "1"
              RenderTableCell {TD} at (0,52) size 57x50 [border: (1.50px solid #FF0000)] [r=0 c=1 rs=1 cs=1]
                RenderText {#text} at (19,17) size 20x9
                  text run at (19,17) width 9: "2"
              RenderTableCell {TD} at (0,102) size 57x51 [border: (0.50px solid #FF0000)] [r=0 c=2 rs=1 cs=1]
                RenderText {#text} at (19,16) size 20x9
                  text run at (19,16) width 9: "3"
            RenderTableRow {TR} at (57,0) size 57x153
              RenderTableCell {TD} at (57,2) size 57x48 [border: (2.50px solid #FF0000)] [r=1 c=0 rs=1 cs=1]
                RenderText {#text} at (19,16) size 20x9
                  text run at (19,16) width 9: "4"
              RenderTableCell {TD} at (57,52) size 57x50 [border: (2.50px dashed #0000FF)] [r=1 c=1 rs=1 cs=1]
                RenderText {#text} at (19,18) size 20x9
                  text run at (19,18) width 9: "5"
              RenderTableCell {TD} at (57,102) size 57x51 [border: (2.50px solid #008000)] [r=1 c=2 rs=1 cs=1]
                RenderText {#text} at (19,18) size 20x9
                  text run at (19,18) width 9: "6"
            RenderTableRow {TR} at (114,0) size 55x153
              RenderTableCell {TD} at (114,1) size 55x50 [border: (2.50px solid #FF0000)] [r=2 c=0 rs=1 cs=1]
                RenderText {#text} at (18,17) size 20x9
                  text run at (18,17) width 9: "7"
              RenderTableCell {TD} at (114,52) size 55x50 [border: (1.50px solid #FF0000)] [r=2 c=1 rs=1 cs=1]
                RenderText {#text} at (19,17) size 20x9
                  text run at (19,17) width 9: "8"
              RenderTableCell {TD} at (114,102) size 55x51 [border: (0.50px solid #FF0000)] [r=2 c=2 rs=1 cs=1]
                RenderText {#text} at (19,16) size 20x9
                  text run at (19,16) width 9: "9"
            RenderTableRow {TR} at (169,0) size 53x153
              RenderTableCell {TD} at (169,0) size 53x52 [border: (2.50px solid #FF0000)] [r=3 c=0 rs=1 cs=1]
                RenderText {#text} at (17,18) size 20x17
                  text run at (17,18) width 17: "10"
              RenderTableCell {TD} at (169,52) size 53x50 [border: (1.50px solid #FF0000)] [r=3 c=1 rs=1 cs=1]
                RenderText {#text} at (17,17) size 20x16
                  text run at (17,17) width 16: "11"
              RenderTableCell {TD} at (169,102) size 53x51 [border: (0.50px solid #FF0000)] [r=3 c=2 rs=1 cs=1]
                RenderText {#text} at (17,16) size 20x17
                  text run at (17,16) width 17: "12"
            RenderTableRow {TR} at (222,0) size 55x153
              RenderTableCell {TD} at (222,0) size 55x52 [border: (2.50px solid #FF0000)] [r=4 c=0 rs=1 cs=1]
                RenderText {#text} at (17,18) size 20x17
                  text run at (17,18) width 17: "13"
              RenderTableCell {TD} at (222,52) size 55x50 [border: (1.50px solid #FF0000)] [r=4 c=1 rs=1 cs=1]
                RenderText {#text} at (17,17) size 20x17
                  text run at (17,17) width 17: "14"
              RenderTableCell {TD} at (222,102) size 55x51 [border: (0.50px solid #FF0000)] [r=4 c=2 rs=1 cs=1]
                RenderText {#text} at (17,16) size 20x17
                  text run at (17,16) width 17: "15"
        RenderTable {TABLE} at (0,316) size 158x282 [border: (2.50px solid #FFFF00)]
          RenderTableCol {COLGROUP} at (0,0) size 0x0
            RenderTableCol {COL} at (0,0) size 0x0 [border: (3px solid #000000)]
            RenderTableCol {COL} at (0,0) size 0x0
            RenderTableCol {COL} at (0,0) size 0x0
          RenderTableSection {TBODY} at (2,2) size 154x278
            RenderTableRow {TR} at (0,0) size 153x57
              RenderTableCell {TD} at (0,1) size 52x55 [border: (0.50px solid #FF0000)] [r=0 c=0 rs=1 cs=1]
                RenderText {#text} at (18,17) size 9x20
                  text run at (18,17) width 9: "1"
              RenderTableCell {TD} at (52,0) size 50x57 [border: (2.50px solid #FF0000)] [r=0 c=1 rs=1 cs=1]
                RenderText {#text} at (17,19) size 9x20
                  text run at (17,19) width 9: "2"
              RenderTableCell {TD} at (102,0) size 51x57 [border: (2.50px solid #FF0000)] [r=0 c=2 rs=1 cs=1]
                RenderText {#text} at (16,19) size 9x20
                  text run at (16,19) width 9: "3"
            RenderTableRow {TR} at (0,57) size 153x57
              RenderTableCell {TD} at (0,59) size 52x53 [border: (0.50px solid #FF0000)] [r=1 c=0 rs=1 cs=1]
                RenderText {#text} at (18,17) size 9x20
                  text run at (18,17) width 9: "4"
              RenderTableCell {TD} at (52,57) size 50x57 [border: (2.50px dashed #0000FF)] [r=1 c=1 rs=1 cs=1]
                RenderText {#text} at (18,19) size 9x20
                  text run at (18,19) width 9: "5"
              RenderTableCell {TD} at (102,57) size 51x57 [border: (2.50px solid #008000)] [r=1 c=2 rs=1 cs=1]
                RenderText {#text} at (18,19) size 9x20
                  text run at (18,19) width 9: "6"
            RenderTableRow {TR} at (0,114) size 153x55
              RenderTableCell {TD} at (0,115) size 52x53 [border: (0.50px solid #FF0000)] [r=2 c=0 rs=1 cs=1]
                RenderText {#text} at (18,17) size 9x20
                  text run at (18,17) width 9: "7"
              RenderTableCell {TD} at (52,114) size 50x55 [border: (0.50px solid #FF0000)] [r=2 c=1 rs=1 cs=1]
                RenderText {#text} at (17,17) size 9x20
                  text run at (17,17) width 9: "8"
              RenderTableCell {TD} at (102,114) size 51x55 [border: (0.50px solid #FF0000)] [r=2 c=2 rs=1 cs=1]
                RenderText {#text} at (16,17) size 9x20
                  text run at (16,17) width 9: "9"
            RenderTableRow {TR} at (0,169) size 153x53
              RenderTableCell {TD} at (0,169) size 52x53 [border: (0.50px solid #FF0000)] [r=3 c=0 rs=1 cs=1]
                RenderText {#text} at (18,17) size 17x20
                  text run at (18,17) width 17: "10"
              RenderTableCell {TD} at (52,169) size 50x53 [border: (0.50px solid #FF0000)] [r=3 c=1 rs=1 cs=1]
                RenderText {#text} at (17,17) size 16x20
                  text run at (17,17) width 16: "11"
              RenderTableCell {TD} at (102,169) size 51x53 [border: (0.50px solid #FF0000)] [r=3 c=2 rs=1 cs=1]
                RenderText {#text} at (16,17) size 17x20
                  text run at (16,17) width 17: "12"
            RenderTableRow {TR} at (0,222) size 153x55
              RenderTableCell {TD} at (0,222) size 52x55 [border: (2.50px solid #FF0000)] [r=4 c=0 rs=1 cs=1]
                RenderText {#text} at (18,19) size 17x20
                  text run at (18,19) width 17: "13"
              RenderTableCell {TD} at (52,222) size 50x55 [border: (2.50px solid #FF0000)] [r=4 c=1 rs=1 cs=1]
                RenderText {#text} at (17,19) size 17x20
                  text run at (17,19) width 17: "14"
              RenderTableCell {TD} at (102,222) size 51x55 [border: (2.50px solid #FF0000)] [r=4 c=2 rs=1 cs=1]
                RenderText {#text} at (16,19) size 17x20
                  text run at (16,19) width 17: "15"
