layer at (0,0) size 800x600
  RenderView at (0,0) size 800x600
layer at (0,0) size 800x600
  RenderBlock {HTML} at (0,0) size 800x600
    RenderBody {BODY} at (8,8) size 784x584
      RenderBlock {P} at (0,0) size 784x18
        RenderText {#text} at (0,0) size 360x17
          text run at (0,0) width 360: "Test dynamic removal of transformed and reflected video"
      RenderBlock (anonymous) at (0,34) size 784x338
        RenderText {#text} at (0,0) size 4x17
          text run at (0,0) width 4: " "
        RenderBR {BR} at (4,0) size 0x17
        RenderText {#text} at (0,160) size 4x17
          text run at (0,160) width 4: " "
        RenderBR {BR} at (210,160) size 0x17
        RenderText {#text} at (0,320) size 4x17
          text run at (0,320) width 4: " "
        RenderBR {BR} at (210,320) size 0x17
layer at (12,60) size 206x156
  RenderVideo {VIDEO} at (4,18) size 206x156 [border: (3px solid #FF0000)]
layer at (12,220) size 206x156
  RenderVideo {VIDEO} at (4,178) size 206x156 [border: (3px solid #FF0000)]
