layer at (0,0) size 800x5277
  RenderView at (0,0) size 800x600
layer at (0,0) size 800x5277 layerType: background only
layer at (84,1485) size 200x200
  RenderBlock (positioned) zI: -3000000 {P} at (60,60) size 200x200 [color=#FFFFFF] [bgcolor=#990066]
    RenderText zI: -3000000 {#text} at (71,41) size 58x98
      text run at (71,41) width 58: "8"
layer at (34,1635) size 200x200
  RenderBlock (positioned) zI: -2000000 {P} at (10,210) size 200x200 [color=#FFFFFF] [bgcolor=#660099]
    RenderText zI: -2000000 {#text} at (71,41) size 58x98
      text run at (71,41) width 58: "7"
layer at (84,1785) size 200x200
  RenderBlock (positioned) zI: -1000000 {P} at (60,360) size 200x200 [color=#FFFFFF] [bgcolor=#0000FF]
    RenderText zI: -1000000 {#text} at (71,41) size 58x98
      text run at (71,41) width 58: "6"
layer at (84,2121) size 200x200
  RenderBlock (positioned) zI: -40 {P} at (60,60) size 200x200 [color=#FFFFFF] [bgcolor=#990066]
    RenderText zI: -40 {#text} at (71,41) size 58x98
      text run at (71,41) width 58: "8"
layer at (34,2271) size 200x200
  RenderBlock (positioned) zI: -30 {P} at (10,210) size 200x200 [color=#FFFFFF] [bgcolor=#660099]
    RenderText zI: -30 {#text} at (71,41) size 58x98
      text run at (71,41) width 58: "7"
layer at (84,849) size 200x200
  RenderBlock (positioned) zI: -3 {P} at (60,60) size 200x200 [color=#FFFFFF] [bgcolor=#990066]
    RenderText zI: -3 {#text} at (50,41) size 471x98
      text run at (50,41) width 471: " 8 hide me"
layer at (84,2757) size 200x200
  RenderBlock (positioned) zI: -3 {P} at (60,60) size 200x200 [color=#FFFFFF] [bgcolor=#990066]
    RenderText zI: -3 {#text} at (71,41) size 58x98
      text run at (71,41) width 58: "8"
layer at (34,2907) size 200x200
  RenderBlock (positioned) zI: -3 {P} at (10,210) size 200x200 [color=#FFFFFF] [bgcolor=#660099]
    RenderText zI: -3 {#text} at (71,41) size 58x98
      text run at (71,41) width 58: "7"
layer at (84,3393) size 200x200
  RenderBlock (positioned) zI: -3 {P} at (60,60) size 200x200 [color=#FFFFFF] [bgcolor=#990066]
    RenderText zI: -3 {#text} at (71,41) size 58x98
      text run at (71,41) width 58: "8"
layer at (84,4029) size 200x200
  RenderBlock (positioned) zI: -3 {P} at (60,60) size 200x200 [color=#FFFFFF] [bgcolor=#990066]
    RenderText zI: -3 {#text} at (71,41) size 58x98
      text run at (71,41) width 58: "8"
layer at (84,4701) size 200x200
  RenderBlock (positioned) zI: -3 {P} at (60,60) size 200x200 [color=#FFFFFF] [bgcolor=#990066]
    RenderText zI: -3 {#text} at (71,41) size 58x98
      text run at (71,41) width 58: "8"
layer at (34,999) size 200x200
  RenderBlock (positioned) zI: -2 {P} at (10,210) size 200x200 [color=#FFFFFF] [bgcolor=#660099]
    RenderText zI: -2 {#text} at (71,41) size 58x98
      text run at (71,41) width 58: "7"
layer at (84,2421) size 200x200
  RenderBlock (positioned) zI: -2 {P} at (60,360) size 200x200 [color=#FFFFFF] [bgcolor=#0000FF]
    RenderText zI: -2 {#text} at (71,41) size 58x98
      text run at (71,41) width 58: "6"
layer at (234,2471) size 200x200
  RenderBlock (positioned) zI: -2 {P} at (210,410) size 200x200 [color=#FFFFFF] [bgcolor=#009999]
    RenderText zI: -2 {#text} at (71,41) size 58x98
      text run at (71,41) width 58: "5"
layer at (34,3543) size 200x200
  RenderBlock (positioned) zI: -2 {P} at (10,210) size 200x200 [color=#FFFFFF] [bgcolor=#660099]
    RenderText zI: -2 {#text} at (71,41) size 58x98
      text run at (71,41) width 58: "7"
layer at (34,4179) size 200x200
  RenderBlock (positioned) zI: -2 {P} at (0,200) size 200x200 [color=#FFFFFF] [bgcolor=#660099]
    RenderText zI: -2 {#text} at (71,41) size 58x98
      text run at (71,41) width 58: "7"
layer at (34,4851) size 200x200
  RenderBlock (positioned) zI: -2 {P} at (0,200) size 200x200 [color=#FFFFFF] [bgcolor=#660099]
    RenderText zI: -2 {#text} at (71,41) size 58x98
      text run at (71,41) width 58: "7"
layer at (84,1149) size 200x200
  RenderBlock (positioned) zI: -1 {P} at (60,360) size 200x200 [color=#FFFFFF] [bgcolor=#0000FF]
    RenderText zI: -1 {#text} at (71,41) size 58x98
      text run at (71,41) width 58: "6"
layer at (84,4329) size 200x200
  RenderBlock (positioned) zI: -1 {P} at (60,360) size 200x200 [color=#FFFFFF] [bgcolor=#0000FF]
    RenderText zI: -1 {#text} at (71,41) size 58x98
      text run at (71,41) width 58: "6"
layer at (84,5001) size 200x200
  RenderBlock (positioned) zI: -1 {P} at (60,360) size 200x200 [color=#FFFFFF] [bgcolor=#0000FF]
    RenderText zI: -1 {#text} at (71,41) size 58x98
      text run at (71,41) width 58: "6"
layer at (0,0) size 800x5277 layerType: foreground only
  RenderBlock {HTML} at (0,0) size 800x5277
    RenderBody {BODY} at (8,21) size 784x5240
      RenderBlock {H1} at (0,0) size 784x38
        RenderText {#text} at (0,1) size 293x36
          text run at (0,1) width 293: "Layered Presentation"
      RenderBlock {P} at (0,59) size 784x21
        RenderText {#text} at (0,0) size 750x19
          text run at (0,0) width 407: "Robert O'Callahan pointed out to me some mistakes in this test "
          text run at (406,0) width 344: "that I have not yet had the time to examine or correct."
      RenderBlock {P} at (0,95) size 784x21
        RenderText {#text} at (0,0) size 472x19
          text run at (0,0) width 472: "In each of the following, 1 should be the top layer and 8 the bottom layer:"
      RenderBlock {P} at (0,4583) size 784x21
        RenderText {#text} at (0,0) size 357x19
          text run at (0,0) width 357: "Using assumed default value of z-index (may not pass):"
layer at (24,153) size 620x620
  RenderBlock (relative positioned) {DIV} at (16,131) size 620x621 [border: (10px solid #000000)]
layer at (84,213) size 200x200
  RenderBlock (positioned) {P} at (60,60) size 200x200 [color=#FFFFFF] [bgcolor=#990066]
    RenderText {#text} at (50,41) size 471x98
      text run at (50,41) width 471: " 8 hide me"
layer at (34,363) size 200x200
  RenderBlock (positioned) {P} at (10,210) size 200x200 [color=#FFFFFF] [bgcolor=#660099]
    RenderText {#text} at (71,41) size 58x98
      text run at (71,41) width 58: "7"
layer at (84,513) size 200x200
  RenderBlock (positioned) {P} at (60,360) size 200x200 [color=#FFFFFF] [bgcolor=#0000FF]
    RenderText {#text} at (71,41) size 58x98
      text run at (71,41) width 58: "6"
layer at (234,563) size 200x200
  RenderBlock (positioned) {P} at (210,410) size 200x200 [color=#FFFFFF] [bgcolor=#009999]
    RenderText {#text} at (71,41) size 58x98
      text run at (71,41) width 58: "5"
layer at (384,513) size 200x200
  RenderBlock (positioned) {P} at (360,360) size 200x200 [color=#FFFFFF] [bgcolor=#00CC00]
    RenderText {#text} at (71,41) size 58x98
      text run at (71,41) width 58: "4"
layer at (434,363) size 200x200
  RenderBlock (positioned) {P} at (410,210) size 200x200 [color=#FFFFFF] [bgcolor=#CCCC00]
    RenderText {#text} at (71,41) size 58x98
      text run at (71,41) width 58: "3"
layer at (384,213) size 200x200
  RenderBlock (positioned) {P} at (360,60) size 200x200 [color=#FFFFFF] [bgcolor=#FF9900]
    RenderText {#text} at (71,41) size 58x98
      text run at (71,41) width 58: "2"
layer at (234,163) size 200x200
  RenderBlock (positioned) {P} at (210,10) size 200x200 [color=#FFFFFF] [bgcolor=#FF0000]
    RenderText {#text} at (71,41) size 58x98
      text run at (71,41) width 58: "1"
layer at (24,789) size 620x620
  RenderBlock (relative positioned) {DIV} at (16,767) size 620x621 [border: (10px solid #000000)]
layer at (234,1199) size 200x200
  RenderBlock (positioned) {P} at (210,410) size 200x200 [color=#FFFFFF] [bgcolor=#009999]
    RenderText {#text} at (71,41) size 58x98
      text run at (71,41) width 58: "5"
layer at (24,1425) size 620x620
  RenderBlock (relative positioned) {DIV} at (16,1403) size 620x621 [border: (10px solid #000000)]
layer at (234,1835) size 200x200
  RenderBlock (positioned) {P} at (210,410) size 200x200 [color=#FFFFFF] [bgcolor=#009999]
    RenderText {#text} at (71,41) size 58x98
      text run at (71,41) width 58: "5"
layer at (24,2061) size 620x620
  RenderBlock (relative positioned) {DIV} at (16,2039) size 620x621 [border: (10px solid #000000)]
layer at (384,2421) size 200x200
  RenderBlock (positioned) {P} at (360,360) size 200x200 [color=#FFFFFF] [bgcolor=#00CC00]
    RenderText {#text} at (71,41) size 58x98
      text run at (71,41) width 58: "4"
layer at (434,2271) size 200x200
  RenderBlock (positioned) {P} at (410,210) size 200x200 [color=#FFFFFF] [bgcolor=#CCCC00]
    RenderText {#text} at (71,41) size 58x98
      text run at (71,41) width 58: "3"
layer at (24,2697) size 620x620
  RenderBlock (relative positioned) {DIV} at (16,2675) size 620x621 [border: (10px solid #000000)]
layer at (84,3057) size 200x200
  RenderBlock (positioned) {P} at (60,360) size 200x200 [color=#FFFFFF] [bgcolor=#0000FF]
    RenderText {#text} at (71,41) size 58x98
      text run at (71,41) width 58: "6"
layer at (234,3107) size 200x200
  RenderBlock (positioned) {P} at (210,410) size 200x200 [color=#FFFFFF] [bgcolor=#009999]
    RenderText {#text} at (71,41) size 58x98
      text run at (71,41) width 58: "5"
layer at (384,3057) size 200x200
  RenderBlock (positioned) {P} at (360,360) size 200x200 [color=#FFFFFF] [bgcolor=#00CC00]
    RenderText {#text} at (71,41) size 58x98
      text run at (71,41) width 58: "4"
layer at (24,3333) size 620x620
  RenderBlock (relative positioned) {DIV} at (16,3311) size 620x621 [border: (10px solid #000000)]
layer at (34,3343) size 600x600 layerType: background only
layer at (84,3693) size 200x200
  RenderBlock (positioned) zI: -9 {P} at (50,350) size 200x200 [color=#FFFFFF] [bgcolor=#0000FF]
    RenderText zI: -9 {#text} at (71,41) size 58x98
      text run at (71,41) width 58: "6"
layer at (34,3343) size 600x600 layerType: foreground only
  RenderBlock (positioned) {DIV} at (10,10) size 600x600
layer at (234,3743) size 200x200
  RenderBlock (positioned) {P} at (200,400) size 200x200 [color=#FFFFFF] [bgcolor=#009999]
    RenderText {#text} at (71,41) size 58x98
      text run at (71,41) width 58: "5"
layer at (384,3693) size 200x200
  RenderBlock (positioned) zI: 9 {P} at (350,350) size 200x200 [color=#FFFFFF] [bgcolor=#00CC00]
    RenderText zI: 9 {#text} at (71,41) size 58x98
      text run at (71,41) width 58: "4"
layer at (24,3969) size 620x620
  RenderBlock (relative positioned) {DIV} at (16,3947) size 620x621 [border: (10px solid #000000)]
layer at (34,3979) size 600x600
  RenderBlock (positioned) {DIV} at (10,10) size 600x600
layer at (234,4379) size 200x200
  RenderBlock (positioned) {P} at (210,410) size 200x200 [color=#FFFFFF] [bgcolor=#009999]
    RenderText {#text} at (71,41) size 58x98
      text run at (71,41) width 58: "5"
layer at (24,4641) size 620x620
  RenderBlock (relative positioned) {DIV} at (16,4619) size 620x621 [border: (10px solid #000000)]
layer at (34,4651) size 600x600
  RenderBlock (positioned) {DIV} at (10,10) size 600x600
layer at (234,5051) size 200x200
  RenderBlock (positioned) {P} at (210,410) size 200x200 [color=#FFFFFF] [bgcolor=#009999]
    RenderText {#text} at (71,41) size 58x98
      text run at (71,41) width 58: "5"
layer at (384,1149) size 200x200
  RenderBlock (positioned) zI: 1 {P} at (360,360) size 200x200 [color=#FFFFFF] [bgcolor=#00CC00]
    RenderText zI: 1 {#text} at (71,41) size 58x98
      text run at (71,41) width 58: "4"
layer at (384,4329) size 200x200
  RenderBlock (positioned) zI: 1 {P} at (350,350) size 200x200 [color=#FFFFFF] [bgcolor=#00CC00]
    RenderText zI: 1 {#text} at (71,41) size 58x98
      text run at (71,41) width 58: "4"
layer at (384,5001) size 200x200
  RenderBlock (positioned) zI: 1 {P} at (350,350) size 200x200 [color=#FFFFFF] [bgcolor=#00CC00]
    RenderText zI: 1 {#text} at (71,41) size 58x98
      text run at (71,41) width 58: "4"
layer at (434,999) size 200x200
  RenderBlock (positioned) zI: 2 {P} at (410,210) size 200x200 [color=#FFFFFF] [bgcolor=#CCCC00]
    RenderText zI: 2 {#text} at (71,41) size 58x98
      text run at (71,41) width 58: "3"
layer at (384,2121) size 200x200
  RenderBlock (positioned) zI: 2 {P} at (360,60) size 200x200 [color=#FFFFFF] [bgcolor=#FF9900]
    RenderText zI: 2 {#text} at (71,41) size 58x98
      text run at (71,41) width 58: "2"
layer at (434,3543) size 200x200
  RenderBlock (positioned) zI: 2 {P} at (410,210) size 200x200 [color=#FFFFFF] [bgcolor=#CCCC00]
    RenderText zI: 2 {#text} at (71,41) size 58x98
      text run at (71,41) width 58: "3"
layer at (434,4179) size 200x200
  RenderBlock (positioned) zI: 2 {P} at (410,210) size 200x200 [color=#FFFFFF] [bgcolor=#CCCC00]
    RenderText zI: 2 {#text} at (71,41) size 58x98
      text run at (71,41) width 58: "3"
layer at (434,4851) size 200x200
  RenderBlock (positioned) zI: 2 {P} at (410,210) size 200x200 [color=#FFFFFF] [bgcolor=#CCCC00]
    RenderText zI: 2 {#text} at (71,41) size 58x98
      text run at (71,41) width 58: "3"
layer at (384,849) size 200x200
  RenderBlock (positioned) zI: 3 {P} at (360,60) size 200x200 [color=#FFFFFF] [bgcolor=#FF9900]
    RenderText zI: 3 {#text} at (71,41) size 58x98
      text run at (71,41) width 58: "2"
layer at (234,2071) size 200x200
  RenderBlock (positioned) zI: 3 {P} at (210,10) size 200x200 [color=#FFFFFF] [bgcolor=#FF0000]
    RenderText zI: 3 {#text} at (71,41) size 58x98
      text run at (71,41) width 58: "1"
layer at (384,3393) size 200x200
  RenderBlock (positioned) zI: 3 {P} at (360,60) size 200x200 [color=#FFFFFF] [bgcolor=#FF9900]
    RenderText zI: 3 {#text} at (71,41) size 58x98
      text run at (71,41) width 58: "2"
layer at (384,4029) size 200x200
  RenderBlock (positioned) zI: 3 {P} at (350,50) size 200x200 [color=#FFFFFF] [bgcolor=#FF9900]
    RenderText zI: 3 {#text} at (71,41) size 58x98
      text run at (71,41) width 58: "2"
layer at (384,4701) size 200x200
  RenderBlock (positioned) zI: 3 {P} at (350,50) size 200x200 [color=#FFFFFF] [bgcolor=#FF9900]
    RenderText zI: 3 {#text} at (71,41) size 58x98
      text run at (71,41) width 58: "2"
layer at (234,799) size 200x200
  RenderBlock (positioned) zI: 4 {P} at (210,10) size 200x200 [color=#FFFFFF] [bgcolor=#FF0000]
    RenderText zI: 4 {#text} at (71,41) size 58x98
      text run at (71,41) width 58: "1"
layer at (434,2907) size 200x200
  RenderBlock (positioned) zI: 4 {P} at (410,210) size 200x200 [color=#FFFFFF] [bgcolor=#CCCC00]
    RenderText zI: 4 {#text} at (71,41) size 58x98
      text run at (71,41) width 58: "3"
layer at (384,2757) size 200x200
  RenderBlock (positioned) zI: 4 {P} at (360,60) size 200x200 [color=#FFFFFF] [bgcolor=#FF9900]
    RenderText zI: 4 {#text} at (71,41) size 58x98
      text run at (71,41) width 58: "2"
layer at (234,2707) size 200x200
  RenderBlock (positioned) zI: 4 {P} at (210,10) size 200x200 [color=#FFFFFF] [bgcolor=#FF0000]
    RenderText zI: 4 {#text} at (71,41) size 58x98
      text run at (71,41) width 58: "1"
layer at (234,3343) size 200x200
  RenderBlock (positioned) zI: 4 {P} at (210,10) size 200x200 [color=#FFFFFF] [bgcolor=#FF0000]
    RenderText zI: 4 {#text} at (71,41) size 58x98
      text run at (71,41) width 58: "1"
layer at (234,3979) size 200x200
  RenderBlock (positioned) zI: 4 {P} at (210,10) size 200x200 [color=#FFFFFF] [bgcolor=#FF0000]
    RenderText zI: 4 {#text} at (71,41) size 58x98
      text run at (71,41) width 58: "1"
layer at (234,4651) size 200x200
  RenderBlock (positioned) zI: 4 {P} at (210,10) size 200x200 [color=#FFFFFF] [bgcolor=#FF0000]
    RenderText zI: 4 {#text} at (71,41) size 58x98
      text run at (71,41) width 58: "1"
layer at (384,1785) size 200x200
  RenderBlock (positioned) zI: 1000000 {P} at (360,360) size 200x200 [color=#FFFFFF] [bgcolor=#00CC00]
    RenderText zI: 1000000 {#text} at (71,41) size 58x98
      text run at (71,41) width 58: "4"
layer at (434,1635) size 200x200
  RenderBlock (positioned) zI: 2000000 {P} at (410,210) size 200x200 [color=#FFFFFF] [bgcolor=#CCCC00]
    RenderText zI: 2000000 {#text} at (71,41) size 58x98
      text run at (71,41) width 58: "3"
layer at (384,1485) size 200x200
  RenderBlock (positioned) zI: 3000000 {P} at (360,60) size 200x200 [color=#FFFFFF] [bgcolor=#FF9900]
    RenderText zI: 3000000 {#text} at (71,41) size 58x98
      text run at (71,41) width 58: "2"
layer at (234,1435) size 200x200
  RenderBlock (positioned) zI: 4000000 {P} at (210,10) size 200x200 [color=#FFFFFF] [bgcolor=#FF0000]
    RenderText zI: 4000000 {#text} at (71,41) size 58x98
      text run at (71,41) width 58: "1"
