layer at (0,0) size 800x2408
  RenderView at (0,0) size 800x600
layer at (0,0) size 800x600
  RenderBlock {HTML} at (0,0) size 800x600
    RenderBody {BODY} at (8,8) size 784x584
      RenderBlock (anonymous) at (0,0) size 784x20
        RenderText {#text} at (0,0) size 121x19
          text run at (0,0) width 121: "Content at the end."
layer at (8,8) size 16x2400
  RenderBlock (positioned) {DIV} at (0,0) size 16x2400
    RenderText {#text} at (0,0) size 8x19
      text run at (0,0) width 8: "1"
    RenderBR {BR} at (8,0) size 0x19
    RenderText {#text} at (0,20) size 8x19
      text run at (0,20) width 8: "2"
    RenderBR {BR} at (8,20) size 0x19
    RenderText {#text} at (0,40) size 8x19
      text run at (0,40) width 8: "3"
    RenderBR {BR} at (8,40) size 0x19
    RenderText {#text} at (0,60) size 8x19
      text run at (0,60) width 8: "4"
    RenderBR {BR} at (8,60) size 0x19
    RenderText {#text} at (0,80) size 8x19
      text run at (0,80) width 8: "5"
    RenderBR {BR} at (8,80) size 0x19
    RenderText {#text} at (0,100) size 8x19
      text run at (0,100) width 8: "6"
    RenderBR {BR} at (8,100) size 0x19
    RenderText {#text} at (0,120) size 8x19
      text run at (0,120) width 8: "7"
    RenderBR {BR} at (8,120) size 0x19
    RenderText {#text} at (0,140) size 8x19
      text run at (0,140) width 8: "8"
    RenderBR {BR} at (8,140) size 0x19
    RenderText {#text} at (0,160) size 8x19
      text run at (0,160) width 8: "9"
    RenderBR {BR} at (8,160) size 0x19
    RenderText {#text} at (0,180) size 16x19
      text run at (0,180) width 16: "10"
    RenderBR {BR} at (16,180) size 0x19
    RenderText {#text} at (0,200) size 16x19
      text run at (0,200) width 16: "11"
    RenderBR {BR} at (15,200) size 1x19
    RenderText {#text} at (0,220) size 16x19
      text run at (0,220) width 16: "12"
    RenderBR {BR} at (16,220) size 0x19
    RenderText {#text} at (0,240) size 16x19
      text run at (0,240) width 16: "13"
    RenderBR {BR} at (16,240) size 0x19
    RenderText {#text} at (0,260) size 16x19
      text run at (0,260) width 16: "14"
    RenderBR {BR} at (16,260) size 0x19
    RenderText {#text} at (0,280) size 16x19
      text run at (0,280) width 16: "15"
    RenderBR {BR} at (16,280) size 0x19
    RenderText {#text} at (0,300) size 16x19
      text run at (0,300) width 16: "16"
    RenderBR {BR} at (16,300) size 0x19
    RenderText {#text} at (0,320) size 16x19
      text run at (0,320) width 16: "17"
    RenderBR {BR} at (16,320) size 0x19
    RenderText {#text} at (0,340) size 16x19
      text run at (0,340) width 16: "18"
    RenderBR {BR} at (16,340) size 0x19
    RenderText {#text} at (0,360) size 16x19
      text run at (0,360) width 16: "19"
    RenderBR {BR} at (16,360) size 0x19
    RenderText {#text} at (0,380) size 16x19
      text run at (0,380) width 16: "20"
    RenderBR {BR} at (16,380) size 0x19
    RenderText {#text} at (0,400) size 8x19
      text run at (0,400) width 8: "1"
    RenderBR {BR} at (8,400) size 0x19
    RenderText {#text} at (0,420) size 8x19
      text run at (0,420) width 8: "2"
    RenderBR {BR} at (8,420) size 0x19
    RenderText {#text} at (0,440) size 8x19
      text run at (0,440) width 8: "3"
    RenderBR {BR} at (8,440) size 0x19
    RenderText {#text} at (0,460) size 8x19
      text run at (0,460) width 8: "4"
    RenderBR {BR} at (8,460) size 0x19
    RenderText {#text} at (0,480) size 8x19
      text run at (0,480) width 8: "5"
    RenderBR {BR} at (8,480) size 0x19
    RenderText {#text} at (0,500) size 8x19
      text run at (0,500) width 8: "6"
    RenderBR {BR} at (8,500) size 0x19
    RenderText {#text} at (0,520) size 8x19
      text run at (0,520) width 8: "7"
    RenderBR {BR} at (8,520) size 0x19
    RenderText {#text} at (0,540) size 8x19
      text run at (0,540) width 8: "8"
    RenderBR {BR} at (8,540) size 0x19
    RenderText {#text} at (0,560) size 8x19
      text run at (0,560) width 8: "9"
    RenderBR {BR} at (8,560) size 0x19
    RenderText {#text} at (0,580) size 16x19
      text run at (0,580) width 16: "10"
    RenderBR {BR} at (16,580) size 0x19
    RenderText {#text} at (0,600) size 16x19
      text run at (0,600) width 16: "11"
    RenderBR {BR} at (15,600) size 1x19
    RenderText {#text} at (0,620) size 16x19
      text run at (0,620) width 16: "12"
    RenderBR {BR} at (16,620) size 0x19
    RenderText {#text} at (0,640) size 16x19
      text run at (0,640) width 16: "13"
    RenderBR {BR} at (16,640) size 0x19
    RenderText {#text} at (0,660) size 16x19
      text run at (0,660) width 16: "14"
    RenderBR {BR} at (16,660) size 0x19
    RenderText {#text} at (0,680) size 16x19
      text run at (0,680) width 16: "15"
    RenderBR {BR} at (16,680) size 0x19
    RenderText {#text} at (0,700) size 16x19
      text run at (0,700) width 16: "16"
    RenderBR {BR} at (16,700) size 0x19
    RenderText {#text} at (0,720) size 16x19
      text run at (0,720) width 16: "17"
    RenderBR {BR} at (16,720) size 0x19
    RenderText {#text} at (0,740) size 16x19
      text run at (0,740) width 16: "18"
    RenderBR {BR} at (16,740) size 0x19
    RenderText {#text} at (0,760) size 16x19
      text run at (0,760) width 16: "19"
    RenderBR {BR} at (16,760) size 0x19
    RenderText {#text} at (0,780) size 16x19
      text run at (0,780) width 16: "20"
    RenderBR {BR} at (16,780) size 0x19
    RenderText {#text} at (0,800) size 8x19
      text run at (0,800) width 8: "1"
    RenderBR {BR} at (8,800) size 0x19
    RenderText {#text} at (0,820) size 8x19
      text run at (0,820) width 8: "2"
    RenderBR {BR} at (8,820) size 0x19
    RenderText {#text} at (0,840) size 8x19
      text run at (0,840) width 8: "3"
    RenderBR {BR} at (8,840) size 0x19
    RenderText {#text} at (0,860) size 8x19
      text run at (0,860) width 8: "4"
    RenderBR {BR} at (8,860) size 0x19
    RenderText {#text} at (0,880) size 8x19
      text run at (0,880) width 8: "5"
    RenderBR {BR} at (8,880) size 0x19
    RenderText {#text} at (0,900) size 8x19
      text run at (0,900) width 8: "6"
    RenderBR {BR} at (8,900) size 0x19
    RenderText {#text} at (0,920) size 8x19
      text run at (0,920) width 8: "7"
    RenderBR {BR} at (8,920) size 0x19
    RenderText {#text} at (0,940) size 8x19
      text run at (0,940) width 8: "8"
    RenderBR {BR} at (8,940) size 0x19
    RenderText {#text} at (0,960) size 8x19
      text run at (0,960) width 8: "9"
    RenderBR {BR} at (8,960) size 0x19
    RenderText {#text} at (0,980) size 16x19
      text run at (0,980) width 16: "10"
    RenderBR {BR} at (16,980) size 0x19
    RenderText {#text} at (0,1000) size 16x19
      text run at (0,1000) width 16: "11"
    RenderBR {BR} at (15,1000) size 1x19
    RenderText {#text} at (0,1020) size 16x19
      text run at (0,1020) width 16: "12"
    RenderBR {BR} at (16,1020) size 0x19
    RenderText {#text} at (0,1040) size 16x19
      text run at (0,1040) width 16: "13"
    RenderBR {BR} at (16,1040) size 0x19
    RenderText {#text} at (0,1060) size 16x19
      text run at (0,1060) width 16: "14"
    RenderBR {BR} at (16,1060) size 0x19
    RenderText {#text} at (0,1080) size 16x19
      text run at (0,1080) width 16: "15"
    RenderBR {BR} at (16,1080) size 0x19
    RenderText {#text} at (0,1100) size 16x19
      text run at (0,1100) width 16: "16"
    RenderBR {BR} at (16,1100) size 0x19
    RenderText {#text} at (0,1120) size 16x19
      text run at (0,1120) width 16: "17"
    RenderBR {BR} at (16,1120) size 0x19
    RenderText {#text} at (0,1140) size 16x19
      text run at (0,1140) width 16: "18"
    RenderBR {BR} at (16,1140) size 0x19
    RenderText {#text} at (0,1160) size 16x19
      text run at (0,1160) width 16: "19"
    RenderBR {BR} at (16,1160) size 0x19
    RenderText {#text} at (0,1180) size 16x19
      text run at (0,1180) width 16: "20"
    RenderBR {BR} at (16,1180) size 0x19
    RenderText {#text} at (0,1200) size 8x19
      text run at (0,1200) width 8: "1"
    RenderBR {BR} at (8,1200) size 0x19
    RenderText {#text} at (0,1220) size 8x19
      text run at (0,1220) width 8: "2"
    RenderBR {BR} at (8,1220) size 0x19
    RenderText {#text} at (0,1240) size 8x19
      text run at (0,1240) width 8: "3"
    RenderBR {BR} at (8,1240) size 0x19
    RenderText {#text} at (0,1260) size 8x19
      text run at (0,1260) width 8: "4"
    RenderBR {BR} at (8,1260) size 0x19
    RenderText {#text} at (0,1280) size 8x19
      text run at (0,1280) width 8: "5"
    RenderBR {BR} at (8,1280) size 0x19
    RenderText {#text} at (0,1300) size 8x19
      text run at (0,1300) width 8: "6"
    RenderBR {BR} at (8,1300) size 0x19
    RenderText {#text} at (0,1320) size 8x19
      text run at (0,1320) width 8: "7"
    RenderBR {BR} at (8,1320) size 0x19
    RenderText {#text} at (0,1340) size 8x19
      text run at (0,1340) width 8: "8"
    RenderBR {BR} at (8,1340) size 0x19
    RenderText {#text} at (0,1360) size 8x19
      text run at (0,1360) width 8: "9"
    RenderBR {BR} at (8,1360) size 0x19
    RenderText {#text} at (0,1380) size 16x19
      text run at (0,1380) width 16: "10"
    RenderBR {BR} at (16,1380) size 0x19
    RenderText {#text} at (0,1400) size 16x19
      text run at (0,1400) width 16: "11"
    RenderBR {BR} at (15,1400) size 1x19
    RenderText {#text} at (0,1420) size 16x19
      text run at (0,1420) width 16: "12"
    RenderBR {BR} at (16,1420) size 0x19
    RenderText {#text} at (0,1440) size 16x19
      text run at (0,1440) width 16: "13"
    RenderBR {BR} at (16,1440) size 0x19
    RenderText {#text} at (0,1460) size 16x19
      text run at (0,1460) width 16: "14"
    RenderBR {BR} at (16,1460) size 0x19
    RenderText {#text} at (0,1480) size 16x19
      text run at (0,1480) width 16: "15"
    RenderBR {BR} at (16,1480) size 0x19
    RenderText {#text} at (0,1500) size 16x19
      text run at (0,1500) width 16: "16"
    RenderBR {BR} at (16,1500) size 0x19
    RenderText {#text} at (0,1520) size 16x19
      text run at (0,1520) width 16: "17"
    RenderBR {BR} at (16,1520) size 0x19
    RenderText {#text} at (0,1540) size 16x19
      text run at (0,1540) width 16: "18"
    RenderBR {BR} at (16,1540) size 0x19
    RenderText {#text} at (0,1560) size 16x19
      text run at (0,1560) width 16: "19"
    RenderBR {BR} at (16,1560) size 0x19
    RenderText {#text} at (0,1580) size 16x19
      text run at (0,1580) width 16: "20"
    RenderBR {BR} at (16,1580) size 0x19
    RenderText {#text} at (0,1600) size 8x19
      text run at (0,1600) width 8: "1"
    RenderBR {BR} at (8,1600) size 0x19
    RenderText {#text} at (0,1620) size 8x19
      text run at (0,1620) width 8: "2"
    RenderBR {BR} at (8,1620) size 0x19
    RenderText {#text} at (0,1640) size 8x19
      text run at (0,1640) width 8: "3"
    RenderBR {BR} at (8,1640) size 0x19
    RenderText {#text} at (0,1660) size 8x19
      text run at (0,1660) width 8: "4"
    RenderBR {BR} at (8,1660) size 0x19
    RenderText {#text} at (0,1680) size 8x19
      text run at (0,1680) width 8: "5"
    RenderBR {BR} at (8,1680) size 0x19
    RenderText {#text} at (0,1700) size 8x19
      text run at (0,1700) width 8: "6"
    RenderBR {BR} at (8,1700) size 0x19
    RenderText {#text} at (0,1720) size 8x19
      text run at (0,1720) width 8: "7"
    RenderBR {BR} at (8,1720) size 0x19
    RenderText {#text} at (0,1740) size 8x19
      text run at (0,1740) width 8: "8"
    RenderBR {BR} at (8,1740) size 0x19
    RenderText {#text} at (0,1760) size 8x19
      text run at (0,1760) width 8: "9"
    RenderBR {BR} at (8,1760) size 0x19
    RenderText {#text} at (0,1780) size 16x19
      text run at (0,1780) width 16: "10"
    RenderBR {BR} at (16,1780) size 0x19
    RenderText {#text} at (0,1800) size 16x19
      text run at (0,1800) width 16: "11"
    RenderBR {BR} at (15,1800) size 1x19
    RenderText {#text} at (0,1820) size 16x19
      text run at (0,1820) width 16: "12"
    RenderBR {BR} at (16,1820) size 0x19
    RenderText {#text} at (0,1840) size 16x19
      text run at (0,1840) width 16: "13"
    RenderBR {BR} at (16,1840) size 0x19
    RenderText {#text} at (0,1860) size 16x19
      text run at (0,1860) width 16: "14"
    RenderBR {BR} at (16,1860) size 0x19
    RenderText {#text} at (0,1880) size 16x19
      text run at (0,1880) width 16: "15"
    RenderBR {BR} at (16,1880) size 0x19
    RenderText {#text} at (0,1900) size 16x19
      text run at (0,1900) width 16: "16"
    RenderBR {BR} at (16,1900) size 0x19
    RenderText {#text} at (0,1920) size 16x19
      text run at (0,1920) width 16: "17"
    RenderBR {BR} at (16,1920) size 0x19
    RenderText {#text} at (0,1940) size 16x19
      text run at (0,1940) width 16: "18"
    RenderBR {BR} at (16,1940) size 0x19
    RenderText {#text} at (0,1960) size 16x19
      text run at (0,1960) width 16: "19"
    RenderBR {BR} at (16,1960) size 0x19
    RenderText {#text} at (0,1980) size 16x19
      text run at (0,1980) width 16: "20"
    RenderBR {BR} at (16,1980) size 0x19
    RenderText {#text} at (0,2000) size 8x19
      text run at (0,2000) width 8: "1"
    RenderBR {BR} at (8,2000) size 0x19
    RenderText {#text} at (0,2020) size 8x19
      text run at (0,2020) width 8: "2"
    RenderBR {BR} at (8,2020) size 0x19
    RenderText {#text} at (0,2040) size 8x19
      text run at (0,2040) width 8: "3"
    RenderBR {BR} at (8,2040) size 0x19
    RenderText {#text} at (0,2060) size 8x19
      text run at (0,2060) width 8: "4"
    RenderBR {BR} at (8,2060) size 0x19
    RenderText {#text} at (0,2080) size 8x19
      text run at (0,2080) width 8: "5"
    RenderBR {BR} at (8,2080) size 0x19
    RenderText {#text} at (0,2100) size 8x19
      text run at (0,2100) width 8: "6"
    RenderBR {BR} at (8,2100) size 0x19
    RenderText {#text} at (0,2120) size 8x19
      text run at (0,2120) width 8: "7"
    RenderBR {BR} at (8,2120) size 0x19
    RenderText {#text} at (0,2140) size 8x19
      text run at (0,2140) width 8: "8"
    RenderBR {BR} at (8,2140) size 0x19
    RenderText {#text} at (0,2160) size 8x19
      text run at (0,2160) width 8: "9"
    RenderBR {BR} at (8,2160) size 0x19
    RenderText {#text} at (0,2180) size 16x19
      text run at (0,2180) width 16: "10"
    RenderBR {BR} at (16,2180) size 0x19
    RenderText {#text} at (0,2200) size 16x19
      text run at (0,2200) width 16: "11"
    RenderBR {BR} at (15,2200) size 1x19
    RenderText {#text} at (0,2220) size 16x19
      text run at (0,2220) width 16: "12"
    RenderBR {BR} at (16,2220) size 0x19
    RenderText {#text} at (0,2240) size 16x19
      text run at (0,2240) width 16: "13"
    RenderBR {BR} at (16,2240) size 0x19
    RenderText {#text} at (0,2260) size 16x19
      text run at (0,2260) width 16: "14"
    RenderBR {BR} at (16,2260) size 0x19
    RenderText {#text} at (0,2280) size 16x19
      text run at (0,2280) width 16: "15"
    RenderBR {BR} at (16,2280) size 0x19
    RenderText {#text} at (0,2300) size 16x19
      text run at (0,2300) width 16: "16"
    RenderBR {BR} at (16,2300) size 0x19
    RenderText {#text} at (0,2320) size 16x19
      text run at (0,2320) width 16: "17"
    RenderBR {BR} at (16,2320) size 0x19
    RenderText {#text} at (0,2340) size 16x19
      text run at (0,2340) width 16: "18"
    RenderBR {BR} at (16,2340) size 0x19
    RenderText {#text} at (0,2360) size 16x19
      text run at (0,2360) width 16: "19"
    RenderBR {BR} at (16,2360) size 0x19
    RenderText {#text} at (0,2380) size 16x19
      text run at (0,2380) width 16: "20"
    RenderBR {BR} at (16,2380) size 0x19
