layer at (0,0) size 800x600
  RenderView at (0,0) size 800x600
layer at (0,0) size 800x600
  RenderBlock {HTML} at (0,0) size 800x600
    RenderBody {BODY} at (8,8) size 784x576
      RenderBlock {P} at (0,0) size 784x20
        RenderText {#text} at (0,0) size 98x19
          text run at (0,0) width 98: "First paragraph"
      RenderBlock {P} at (0,36) size 784x40
        RenderText {#text} at (0,0) size 233x19
          text run at (0,0) width 233: "Here is some regular paragraph text "
        RenderText {#text} at (76,20) size 106x19
          text run at (76,20) width 106: "Some more text."
      RenderBlock {P} at (0,92) size 784x20
        RenderText {#text} at (0,0) size 546x19
          text run at (0,0) width 546: "The image gets erroneously positioned to the top/left corner of the paragraph instead."
layer at (8,44) size 755x39
  RenderInline (relative positioned) {SPAN} at (0,0) size 755x39 [bgcolor=#90EE90]
    RenderText {#text} at (232,0) size 755x39
      text run at (232,0) width 523: "The image (found or not) should be positioned at the top/left corner of this green-"
      text run at (0,20) width 77: "shaded text "
layer at (241,44) size 42x42
  RenderImage {IMG} at (0,0) size 42x42 [border: (1px solid #000000)]
