layer at (0,0) size 800x600
  RenderView at (0,0) size 800x600
layer at (0,0) size 800x600
  RenderBlock {HTML} at (0,0) size 800x600
    RenderBody {BODY} at (8,8) size 784x584
      RenderBlock {P} at (0,0) size 784x20
        RenderText {#text} at (0,0) size 331x19
          text run at (0,0) width 331: "The black outline box should stretch from the right "
        RenderInline {SPAN} at (0,0) size 28x19 [color=#0000FF]
          RenderText {#text} at (330,0) size 28x19
            text run at (330,0) width 28: "blue"
        RenderText {#text} at (357,0) size 222x19
          text run at (357,0) width 222: " border on the first line, to the left "
        RenderInline {SPAN} at (0,0) size 44x19 [color=#FFA500]
          RenderText {#text} at (578,0) size 44x19
            text run at (578,0) width 44: "orange"
        RenderText {#text} at (621,0) size 157x19
          text run at (621,0) width 157: " border on the third line."
      RenderBlock {DIV} at (0,36) size 600x80
        RenderText {#text} at (408,0) size 192x19
          text run at (408,0) width 192 RTL: "ILorem ipsum dolor sit amet, "
        RenderText {#text} at (21,40) size 579x39
          text run at (21,40) width 28 RTL: "duis"
          text run at (279,60) width 321 RTL: "aute irure dolor in reprehenderit in voluptate velit."
layer at (8,44) size 576x61
  RenderInline (relative positioned) {SPAN} at (0,0) size 576x61 [bgcolor=#008000] [border: (1px solid #808080) (20px solid #0000FF) (1px solid #808080) (20px solid #FFA500)]
    RenderText {#text} at (32,0) size 568x39
      text run at (32,0) width 337 RTL: "con a pariatur. Excepteur sint occaecat cupidatat non"
      text run at (224,20) width 376 RTL: "proident, sunt in culp qui officia deserunt mollit animequs "
    RenderText {#text} at (24,20) size 576x39
      text run at (24,20) width 201 RTL: "ILOREM ipsum dol sDuis aute"
      text run at (88,40) width 512 RTL: "irure dolor in reprehenderit in voluptate velit esse cillum dolore eu fugiat nullat "
layer at (87,44) size 301x59
  RenderBlock (positioned) {DIV} at (46,1) size 301x59
