layer at (0,0) size 800x600
  RenderView at (0,0) size 800x600
layer at (0,0) size 800x600
  RenderBlock {HTML} at (0,0) size 800x600
    RenderBody {BODY} at (8,8) size 784x584
      RenderText {#text} at (0,0) size 360x19
        text run at (0,0) width 360: "All of the boxes below should look identical to this one:"
      RenderBR {BR} at (359,0) size 1x19
      RenderBR {BR} at (72,73) size 0x19
      RenderText {#text} at (0,88) size 97x19
        text run at (0,88) width 97: "The test boxes:"
      RenderBR {BR} at (96,88) size 1x19
      RenderText {#text} at (72,161) size 4x19
        text run at (72,161) width 4: " "
      RenderText {#text} at (148,161) size 4x19
        text run at (148,161) width 4: " "
      RenderText {#text} at (224,161) size 4x19
        text run at (224,161) width 4: " "
      RenderBR {BR} at (300,161) size 0x19
      RenderText {#text} at (72,234) size 4x19
        text run at (72,234) width 4: " "
      RenderText {#text} at (148,234) size 4x19
        text run at (148,234) width 4: " "
      RenderText {#text} at (224,234) size 4x19
        text run at (224,234) width 4: " "
      RenderBR {BR} at (300,234) size 0x19
      RenderText {#text} at (72,307) size 4x19
        text run at (72,307) width 4: " "
      RenderText {#text} at (148,307) size 4x19
        text run at (148,307) width 4: " "
      RenderText {#text} at (224,307) size 4x19
        text run at (224,307) width 4: " "
      RenderBR {BR} at (300,307) size 0x19
      RenderText {#text} at (72,380) size 4x19
        text run at (72,380) width 4: " "
      RenderText {#text} at (148,380) size 4x19
        text run at (148,380) width 4: " "
      RenderText {#text} at (224,380) size 4x19
        text run at (224,380) width 4: " "
      RenderText {#text} at (0,0) size 0x0
layer at (13,33) size 62x58
  RenderBlock (relative positioned) {DIV} at (5,25) size 62x58 [border: (1px solid #000000) (2px solid #000000) (3px solid #000000) (4px solid #000000)]
layer at (17,34) size 20x20
  RenderImage {IMG} at (4,1) size 20x20 [bgcolor=#008000]
layer at (53,34) size 20x20
  RenderImage {IMG} at (40,1) size 20x20 [bgcolor=#008000]
layer at (17,68) size 20x20
  RenderImage {IMG} at (4,35) size 20x20 [bgcolor=#008000]
layer at (53,68) size 20x20
  RenderImage {IMG} at (40,35) size 20x20 [bgcolor=#008000]
layer at (13,121) size 62x58
  RenderBlock (relative positioned) {DIV} at (5,113) size 62x58 [border: (1px solid #000000) (2px solid #000000) (3px solid #000000) (4px solid #000000)]
layer at (17,122) size 20x20
  RenderImage {IMG} at (4,1) size 20x20 [bgcolor=#008000]
layer at (53,122) size 20x20
  RenderImage {IMG} at (40,1) size 20x20 [bgcolor=#008000]
layer at (17,156) size 20x20
  RenderImage {IMG} at (4,35) size 20x20 [bgcolor=#008000]
layer at (53,156) size 20x20
  RenderImage {IMG} at (40,35) size 20x20 [bgcolor=#008000]
layer at (89,121) size 62x58
  RenderBlock (relative positioned) {DIV} at (81,113) size 62x58 [border: (1px solid #000000) (2px solid #000000) (3px solid #000000) (4px solid #000000)]
layer at (93,122) size 20x20
  RenderImage {IMG} at (4,1) size 20x20 [bgcolor=#008000]
layer at (129,122) size 20x20
  RenderImage {IMG} at (40,1) size 20x20 [bgcolor=#008000]
layer at (93,156) size 20x20
  RenderImage {IMG} at (4,35) size 20x20 [bgcolor=#008000]
layer at (129,156) size 20x20
  RenderImage {IMG} at (40,35) size 20x20 [bgcolor=#008000]
layer at (165,121) size 62x58
  RenderBlock (relative positioned) {DIV} at (157,113) size 62x58 [border: (1px solid #000000) (2px solid #000000) (3px solid #000000) (4px solid #000000)]
layer at (169,122) size 20x20
  RenderImage {IMG} at (4,37) size 20x20 [bgcolor=#008000]
layer at (205,122) size 20x20
  RenderImage {IMG} at (40,37) size 20x20 [bgcolor=#008000]
layer at (169,156) size 20x20
  RenderImage {IMG} at (4,3) size 20x20 [bgcolor=#008000]
layer at (205,156) size 20x20
  RenderImage {IMG} at (40,3) size 20x20 [bgcolor=#008000]
layer at (241,121) size 62x58
  RenderBlock (relative positioned) {DIV} at (233,113) size 62x58 [border: (1px solid #000000) (2px solid #000000) (3px solid #000000) (4px solid #000000)]
layer at (245,122) size 20x20
  RenderImage {IMG} at (38,1) size 20x20 [bgcolor=#008000]
layer at (281,122) size 20x20
  RenderImage {IMG} at (2,1) size 20x20 [bgcolor=#008000]
layer at (245,156) size 20x20
  RenderImage {IMG} at (38,35) size 20x20 [bgcolor=#008000]
layer at (281,156) size 20x20
  RenderImage {IMG} at (2,35) size 20x20 [bgcolor=#008000]
layer at (13,194) size 62x58
  RenderBlock (relative positioned) {DIV} at (5,186) size 62x58 [border: (1px solid #000000) (2px solid #000000) (3px solid #000000) (4px solid #000000)]
layer at (53,195) size 20x20
  RenderImage {IMG} at (40,1) size 20x20 [bgcolor=#008000]
layer at (17,229) size 20x20
  RenderImage {IMG} at (4,35) size 20x20 [bgcolor=#008000]
layer at (53,229) size 20x20
  RenderImage {IMG} at (40,35) size 20x20 [bgcolor=#008000]
layer at (17,195) size 20x20
  RenderImage {IMG} at (4,1) size 20x20 [bgcolor=#008000]
layer at (89,194) size 62x58
  RenderBlock (relative positioned) {DIV} at (81,186) size 62x58 [border: (1px solid #000000) (2px solid #000000) (3px solid #000000) (4px solid #000000)]
layer at (129,195) size 20x20
  RenderImage {IMG} at (40,1) size 20x20 [bgcolor=#008000]
layer at (93,229) size 20x20
  RenderImage {IMG} at (4,35) size 20x20 [bgcolor=#008000]
layer at (129,229) size 20x20
  RenderImage {IMG} at (40,35) size 20x20 [bgcolor=#008000]
layer at (93,195) size 20x20
  RenderImage {IMG} at (4,1) size 20x20 [bgcolor=#008000]
layer at (165,194) size 62x58
  RenderBlock (relative positioned) {DIV} at (157,186) size 62x58 [border: (1px solid #000000) (2px solid #000000) (3px solid #000000) (4px solid #000000)]
layer at (205,195) size 20x20
  RenderImage {IMG} at (40,37) size 20x20 [bgcolor=#008000]
layer at (169,229) size 20x20
  RenderImage {IMG} at (4,3) size 20x20 [bgcolor=#008000]
layer at (205,229) size 20x20
  RenderImage {IMG} at (40,3) size 20x20 [bgcolor=#008000]
layer at (169,195) size 20x20
  RenderImage {IMG} at (4,37) size 20x20 [bgcolor=#008000]
layer at (241,194) size 62x58
  RenderBlock (relative positioned) {DIV} at (233,186) size 62x58 [border: (1px solid #000000) (2px solid #000000) (3px solid #000000) (4px solid #000000)]
layer at (281,195) size 20x20
  RenderImage {IMG} at (2,1) size 20x20 [bgcolor=#008000]
layer at (245,229) size 20x20
  RenderImage {IMG} at (38,35) size 20x20 [bgcolor=#008000]
layer at (281,229) size 20x20
  RenderImage {IMG} at (2,35) size 20x20 [bgcolor=#008000]
layer at (245,195) size 20x20
  RenderImage {IMG} at (38,1) size 20x20 [bgcolor=#008000]
layer at (13,267) size 62x58
  RenderBlock (relative positioned) {DIV} at (5,259) size 62x58 [border: (1px solid #000000) (2px solid #000000) (3px solid #000000) (4px solid #000000)]
layer at (17,302) size 20x20
  RenderImage {IMG} at (4,35) size 20x20 [bgcolor=#008000]
layer at (53,302) size 20x20
  RenderImage {IMG} at (40,35) size 20x20 [bgcolor=#008000]
layer at (17,268) size 20x20
  RenderImage {IMG} at (4,1) size 20x20 [bgcolor=#008000]
layer at (53,268) size 20x20
  RenderImage {IMG} at (40,1) size 20x20 [bgcolor=#008000]
layer at (89,267) size 62x58
  RenderBlock (relative positioned) {DIV} at (81,259) size 62x58 [border: (1px solid #000000) (2px solid #000000) (3px solid #000000) (4px solid #000000)]
layer at (93,302) size 20x20
  RenderImage {IMG} at (4,35) size 20x20 [bgcolor=#008000]
layer at (129,302) size 20x20
  RenderImage {IMG} at (40,35) size 20x20 [bgcolor=#008000]
layer at (93,268) size 20x20
  RenderImage {IMG} at (4,1) size 20x20 [bgcolor=#008000]
layer at (129,268) size 20x20
  RenderImage {IMG} at (40,1) size 20x20 [bgcolor=#008000]
layer at (165,267) size 62x58
  RenderBlock (relative positioned) {DIV} at (157,259) size 62x58 [border: (1px solid #000000) (2px solid #000000) (3px solid #000000) (4px solid #000000)]
layer at (169,302) size 20x20
  RenderImage {IMG} at (4,3) size 20x20 [bgcolor=#008000]
layer at (205,302) size 20x20
  RenderImage {IMG} at (40,3) size 20x20 [bgcolor=#008000]
layer at (169,268) size 20x20
  RenderImage {IMG} at (4,37) size 20x20 [bgcolor=#008000]
layer at (205,268) size 20x20
  RenderImage {IMG} at (40,37) size 20x20 [bgcolor=#008000]
layer at (241,267) size 62x58
  RenderBlock (relative positioned) {DIV} at (233,259) size 62x58 [border: (1px solid #000000) (2px solid #000000) (3px solid #000000) (4px solid #000000)]
layer at (245,302) size 20x20
  RenderImage {IMG} at (38,35) size 20x20 [bgcolor=#008000]
layer at (281,302) size 20x20
  RenderImage {IMG} at (2,35) size 20x20 [bgcolor=#008000]
layer at (245,268) size 20x20
  RenderImage {IMG} at (38,1) size 20x20 [bgcolor=#008000]
layer at (281,268) size 20x20
  RenderImage {IMG} at (2,1) size 20x20 [bgcolor=#008000]
layer at (13,340) size 62x58
  RenderBlock (relative positioned) {DIV} at (5,332) size 62x58 [border: (1px solid #000000) (2px solid #000000) (3px solid #000000) (4px solid #000000)]
layer at (53,375) size 20x20
  RenderImage {IMG} at (40,35) size 20x20 [bgcolor=#008000]
layer at (17,341) size 20x20
  RenderImage {IMG} at (4,1) size 20x20 [bgcolor=#008000]
layer at (53,341) size 20x20
  RenderImage {IMG} at (40,1) size 20x20 [bgcolor=#008000]
layer at (17,375) size 20x20
  RenderImage {IMG} at (4,35) size 20x20 [bgcolor=#008000]
layer at (89,340) size 62x58
  RenderBlock (relative positioned) {DIV} at (81,332) size 62x58 [border: (1px solid #000000) (2px solid #000000) (3px solid #000000) (4px solid #000000)]
layer at (129,375) size 20x20
  RenderImage {IMG} at (40,35) size 20x20 [bgcolor=#008000]
layer at (93,341) size 20x20
  RenderImage {IMG} at (4,1) size 20x20 [bgcolor=#008000]
layer at (129,341) size 20x20
  RenderImage {IMG} at (40,1) size 20x20 [bgcolor=#008000]
layer at (93,375) size 20x20
  RenderImage {IMG} at (4,35) size 20x20 [bgcolor=#008000]
layer at (165,340) size 62x58
  RenderBlock (relative positioned) {DIV} at (157,332) size 62x58 [border: (1px solid #000000) (2px solid #000000) (3px solid #000000) (4px solid #000000)]
layer at (205,375) size 20x20
  RenderImage {IMG} at (40,3) size 20x20 [bgcolor=#008000]
layer at (169,341) size 20x20
  RenderImage {IMG} at (4,37) size 20x20 [bgcolor=#008000]
layer at (205,341) size 20x20
  RenderImage {IMG} at (40,37) size 20x20 [bgcolor=#008000]
layer at (169,375) size 20x20
  RenderImage {IMG} at (4,3) size 20x20 [bgcolor=#008000]
layer at (241,340) size 62x58
  RenderBlock (relative positioned) {DIV} at (233,332) size 62x58 [border: (1px solid #000000) (2px solid #000000) (3px solid #000000) (4px solid #000000)]
layer at (281,375) size 20x20
  RenderImage {IMG} at (2,35) size 20x20 [bgcolor=#008000]
layer at (245,341) size 20x20
  RenderImage {IMG} at (38,1) size 20x20 [bgcolor=#008000]
layer at (281,341) size 20x20
  RenderImage {IMG} at (2,1) size 20x20 [bgcolor=#008000]
layer at (245,375) size 20x20
  RenderImage {IMG} at (38,35) size 20x20 [bgcolor=#008000]
