layer at (0,0) size 800x600
  RenderView at (0,0) size 800x600
layer at (0,0) size 800x40
  RenderBlock {HTML} at (0,0) size 800x40
    RenderBody {BODY} at (8,8) size 784x24
      RenderText {#text} at (0,0) size 0x0
layer at (8,10) size 100x20
  RenderButton {BUTTON} at (0,2) size 100x20 [color=#007AFF] [bgcolor=#E9E9EA]
    RenderBlock (anonymous) at (11,3) size 78x14
      RenderText {#text} at (16,0) size 46x14
        text run at (16,0) width 46: "Click Me"
layer at (90,27) size 23x14
  RenderBlock (positioned) {DIV} at (81,17) size 24x14
    RenderText {#text} at (0,0) size 24x14
      text run at (0,0) width 24: "Now"
