layer at (0,0) size 800x600
  RenderView at (0,0) size 800x600
layer at (0,0) size 800x600
  RenderBlock {HTML} at (0,0) size 800x600
    RenderBody {BODY} at (8,8) size 784x584
      RenderBlock {P} at (0,0) size 784x40
        RenderText {#text} at (0,0) size 218x19
          text run at (0,0) width 218: "This tests for a regression against "
        RenderInline {I} at (0,0) size 770x39
          RenderInline {A} at (0,0) size 354x19 [color=#0000EE]
            RenderText {#text} at (217,0) size 354x19
              text run at (217,0) width 354: "http://bugzilla.opendarwin.org/show_bug.cgi?id=5813"
          RenderText {#text} at (570,0) size 770x39
            text run at (570,0) width 5: " "
            text run at (574,0) width 196: "positioned blocks don't update"
            text run at (0,20) width 230: "when resizing the window vertically"
        RenderText {#text} at (229,20) size 5x19
          text run at (229,20) width 5: "."
      RenderBlock {P} at (0,56) size 784x20
        RenderText {#text} at (0,0) size 293x19
          text run at (0,0) width 293: "The two squares below should be solid green."
      RenderBlock {HR} at (0,92) size 784x2 [border: (1px inset #000000)]
      RenderBlock (anonymous) at (0,102) size 784x109
        RenderIFrame {IFRAME} at (0,0) size 104x104 [border: (2px inset #000000)]
          layer at (0,0) size 100x100
            RenderView at (0,0) size 100x100
          layer at (0,0) size 100x8
            RenderBlock {HTML} at (0,0) size 100x8
              RenderBody {BODY} at (8,8) size 84x0 [bgcolor=#FF0000]
          layer at (0,0) size 100x100
            RenderBlock (positioned) {DIV} at (0,0) size 100x100 [bgcolor=#008000]
        RenderText {#text} at (104,89) size 4x19
          text run at (104,89) width 4: " "
        RenderIFrame {IFRAME} at (108,0) size 104x104 [border: (2px inset #000000)]
          layer at (0,0) size 100x100
            RenderView at (0,0) size 100x100
          layer at (0,0) size 100x16
            RenderDeprecatedFlexibleBox {HTML} at (0,0) size 100x16
              RenderBody {BODY} at (8,8) size 0x0 [bgcolor=#FF0000]
          layer at (0,0) size 100x100
            RenderBlock (positioned) {DIV} at (0,0) size 100x100 [bgcolor=#008000]
        RenderText {#text} at (0,0) size 0x0
