layer at (0,0) size 800x600
  RenderView at (0,0) size 800x600
layer at (0,0) size 800x600
  RenderBlock {HTML} at (0,0) size 800x600
    RenderBody {BODY} at (8,8) size 784x584
      RenderBlock (anonymous) at (0,0) size 784x18
        RenderText {#text} at (0,0) size 187x17
          text run at (0,0) width 187: "outer width=400 align=center"
      RenderTable {TABLE} at (192,18) size 400x60 [border: (1px outset #808080)]
        RenderTableSection {TBODY} at (1,1) size 398x58
          RenderTableRow {TR} at (0,2) size 398x54
            RenderTableCell {TD} at (2,2) size 394x54 [border: (1px inset #808080)] [r=0 c=0 rs=1 cs=1]
              RenderBlock {FORM} at (2,2) size 390x34
                RenderMenuList {SELECT} at (2,2) size 58x30 [bgcolor=#FFFFFF] [border: (1px solid #000000)]
                  RenderBlock (anonymous) at (1,1) size 56x28
                    RenderText at (5,5) size 30x17
                      text run at (5,5) width 30: "Test"
                RenderText {#text} at (0,0) size 0x0
      RenderBlock (anonymous) at (0,78) size 784x18
        RenderText {#text} at (0,0) size 296x17
          text run at (0,0) width 296: "outer width=400 inner width=200 align=center"
      RenderTable {TABLE} at (0,96) size 400x40 [border: (2px outset #808080)]
        RenderTableSection {TBODY} at (2,2) size 396x36
          RenderTableRow {TR} at (0,2) size 396x32
            RenderTableCell {TD} at (2,2) size 392x32 [border: (1px inset #808080)] [r=0 c=0 rs=1 cs=1]
              RenderTable {TABLE} at (96,2) size 200x28 [border: (1px outset #808080)]
                RenderTableSection {TBODY} at (1,1) size 198x26
                  RenderTableRow {TR} at (0,2) size 198x22
                    RenderTableCell {TD} at (2,2) size 194x22 [border: (1px inset #808080)] [r=0 c=0 rs=1 cs=1]
                      RenderText {#text} at (2,2) size 21x17
                        text run at (2,2) width 21: "foo"
      RenderBlock (anonymous) at (0,136) size 784x18
        RenderText {#text} at (0,0) size 181x17
          text run at (0,0) width 181: "outer auto inner align=center"
      RenderTable {TABLE} at (0,154) size 43x40 [border: (2px outset #808080)]
        RenderTableSection {TBODY} at (2,2) size 39x36
          RenderTableRow {TR} at (0,2) size 39x32
            RenderTableCell {TD} at (2,2) size 35x32 [border: (1px inset #808080)] [r=0 c=0 rs=1 cs=1]
              RenderTable {TABLE} at (2,2) size 31x28 [border: (1px outset #808080)]
                RenderTableSection {TBODY} at (1,1) size 29x26
                  RenderTableRow {TR} at (0,2) size 29x22
                    RenderTableCell {TD} at (2,2) size 25x22 [border: (1px inset #808080)] [r=0 c=0 rs=1 cs=1]
                      RenderText {#text} at (2,2) size 21x17
                        text run at (2,2) width 21: "foo"
      RenderBlock (anonymous) at (0,194) size 784x18
        RenderText {#text} at (0,0) size 215x17
          text run at (0,0) width 215: "outer width=50 inner align=center"
      RenderTable {TABLE} at (0,212) size 43x40 [border: (2px outset #808080)]
        RenderTableSection {TBODY} at (2,2) size 39x36
          RenderTableRow {TR} at (0,2) size 39x32
            RenderTableCell {TD} at (2,2) size 35x32 [border: (1px inset #808080)] [r=0 c=0 rs=1 cs=1]
              RenderTable {TABLE} at (2,2) size 31x28 [border: (1px outset #808080)]
                RenderTableSection {TBODY} at (1,1) size 29x26
                  RenderTableRow {TR} at (0,2) size 29x22
                    RenderTableCell {TD} at (2,2) size 25x22 [border: (1px inset #808080)] [r=0 c=0 rs=1 cs=1]
                      RenderText {#text} at (2,2) size 21x17
                        text run at (2,2) width 21: "foo"
      RenderBlock (anonymous) at (0,252) size 784x18
        RenderText {#text} at (0,0) size 226x17
          text run at (0,0) width 226: "outer width=50 inner margin-left:50"
      RenderTable {TABLE} at (0,270) size 93x40 [border: (2px outset #808080)]
        RenderTableSection {TBODY} at (2,2) size 89x36
          RenderTableRow {TR} at (0,2) size 89x32
            RenderTableCell {TD} at (2,2) size 85x32 [border: (1px inset #808080)] [r=0 c=0 rs=1 cs=1]
              RenderTable {TABLE} at (52,2) size 31x28 [border: (1px outset #808080)]
                RenderTableSection {TBODY} at (1,1) size 29x26
                  RenderTableRow {TR} at (0,2) size 29x22
                    RenderTableCell {TD} at (2,2) size 25x22 [border: (1px inset #808080)] [r=0 c=0 rs=1 cs=1]
                      RenderText {#text} at (2,2) size 21x17
                        text run at (2,2) width 21: "foo"
      RenderBlock (anonymous) at (0,310) size 784x18
        RenderText {#text} at (0,0) size 223x17
          text run at (0,0) width 223: "outer width=400 inner align=center"
      RenderTable {TABLE} at (0,328) size 400x40 [border: (2px outset #808080)]
        RenderTableSection {TBODY} at (2,2) size 396x36
          RenderTableRow {TR} at (0,2) size 396x32
            RenderTableCell {TD} at (2,2) size 115x32 [border: (1px inset #808080)] [r=0 c=0 rs=1 cs=1]
              RenderTable {TABLE} at (41,2) size 32x28 [border: (1px outset #808080)]
                RenderTableSection {TBODY} at (1,1) size 29x26
                  RenderTableRow {TR} at (0,2) size 29x22
                    RenderTableCell {TD} at (2,2) size 25x22 [border: (1px inset #808080)] [r=0 c=0 rs=1 cs=1]
                      RenderText {#text} at (2,2) size 21x17
                        text run at (2,2) width 21: "foo"
            RenderTableCell {TD} at (118,7) size 277x22 [border: (1px inset #808080)] [r=0 c=1 rs=1 cs=1]
              RenderText {#text} at (2,2) size 80x17
                text run at (2,2) width 80: "x x x x x x x"
      RenderBlock (anonymous) at (0,368) size 784x18
        RenderText {#text} at (0,0) size 223x17
          text run at (0,0) width 223: "outer width=400 inner align=center"
      RenderTable {TABLE} at (0,386) size 400x40 [border: (2px outset #808080)]
        RenderTableSection {TBODY} at (2,2) size 396x36
          RenderTableRow {TR} at (0,2) size 396x32
            RenderTableCell {TD} at (2,2) size 169x32 [border: (1px inset #808080)] [r=0 c=0 rs=1 cs=1]
              RenderTable {TABLE} at (54,2) size 61x28 [border: (1px outset #808080)]
                RenderTableSection {TBODY} at (1,1) size 58x26
                  RenderTableRow {TR} at (0,2) size 58x22
                    RenderTableCell {TD} at (2,2) size 54x22 [border: (1px inset #808080)] [r=0 c=0 rs=1 cs=1]
                      RenderText {#text} at (2,2) size 16x17
                        text run at (2,2) width 16: "50"
            RenderTableCell {TD} at (172,7) size 223x22 [border: (1px inset #808080)] [r=0 c=1 rs=1 cs=1]
              RenderText {#text} at (2,2) size 80x17
                text run at (2,2) width 80: "x x x x x x x"
      RenderBlock (anonymous) at (0,426) size 784x18
        RenderText {#text} at (0,0) size 19x17
          text run at (0,0) width 19: "-->"
