layer at (0,0) size 800x600
  RenderView at (0,0) size 800x600
layer at (0,0) size 800x600
  RenderBlock {HTML} at (0,0) size 800x600
    RenderBody {BODY} at (7,7) size 786x586
      RenderBlock {P} at (0,0) size 786x32
        RenderText {#text} at (0,0) size 299x15
          text run at (0,0) width 299: "Tests that these functions account for full page zoom."
        RenderBR {BR} at (298,0) size 1x15
        RenderText {#text} at (0,16) size 174x15
          text run at (0,16) width 174: "There should be no red visible."
      RenderTable {TABLE} at (0,46) size 786x22
        RenderTableSection {TBODY} at (0,0) size 786x22
          RenderTableRow {TR} at (0,1) size 786x19
            RenderTableCell {TD} at (1,1) size 183x19 [r=0 c=0 rs=1 cs=1]
              RenderText {#text} at (0,0) size 147x16
                text run at (0,0) width 147: "getClientBoundingRect():"
              RenderText {#text} at (0,0) size 0x0
              RenderText {#text} at (0,0) size 0x0
              RenderText {#text} at (0,0) size 0x0
            RenderTableCell {TD} at (185,1) size 599x19 [r=0 c=1 rs=1 cs=1]
              RenderText {#text} at (0,0) size 97x16
                text run at (0,0) width 97: "getClientRects():"
              RenderText {#text} at (0,0) size 0x0
              RenderText {#text} at (0,0) size 0x0
              RenderText {#text} at (0,0) size 0x0
layer at (90,90) size 90x90
  RenderBlock (positioned) {DIV} at (90,90) size 90x90 [bgcolor=#FF0000]
layer at (90,90) size 90x90
  RenderBlock (positioned) {DIV} at (90,90) size 90x90 [bgcolor=#008000]
layer at (9,198) size 33x16
  RenderBlock (positioned) {DIV} at (9,198) size 34x16
    RenderInline {SPAN} at (0,0) size 34x15 [color=#008000]
      RenderInline {B} at (0,0) size 34x15
        RenderText {#text} at (0,0) size 34x15
          text run at (0,0) width 34: "PASS"
layer at (270,90) size 90x90
  RenderBlock (positioned) {DIV} at (270,90) size 90x90 [bgcolor=#FF0000]
layer at (270,90) size 90x90
  RenderBlock (positioned) {DIV} at (270,90) size 90x90 [bgcolor=#008000]
layer at (198,198) size 33x16
  RenderBlock (positioned) {DIV} at (198,198) size 34x16
    RenderInline {SPAN} at (0,0) size 34x15 [color=#008000]
      RenderInline {B} at (0,0) size 34x15
        RenderText {#text} at (0,0) size 34x15
          text run at (0,0) width 34: "PASS"
