layer at (0,0) size 800x600
  RenderView at (0,0) size 800x600
layer at (0,0) size 800x600
  RenderBlock {HTML} at (0,0) size 800x600
    RenderBody {BODY} at (8,8) size 784x576
      RenderTable {TABLE} at (0,0) size 92x83 [border: (1px solid #000000)]
        RenderTableSection {TBODY} at (1,1) size 89x80
          RenderTableRow {TR} at (0,0) size 89x40
            RenderTableCell {TD} at (0,0) size 45x40 [border: (2px none #000000)] [r=0 c=0 rs=1 cs=1]
              RenderText {#text} at (3,3) size 40x36
                text run at (3,3) width 40: "foo"
            RenderTableCell {TD} at (45,0) size 44x40 [border: (2px solid #000000)] [r=0 c=1 rs=1 cs=1]
              RenderText {#text} at (3,3) size 39x35
                text run at (3,3) width 39: "bar"
          RenderTableRow {TR} at (0,40) size 89x40
            RenderTableCell {TD} at (0,41) size 45x38 [border: none] [r=1 c=0 rs=1 cs=1]
              RenderText {#text} at (3,2) size 40x35
                text run at (3,1) width 40: "foo"
            RenderTableCell {TD} at (45,40) size 44x40 [border: (2px solid #000000)] [r=1 c=1 rs=1 cs=1]
              RenderText {#text} at (3,3) size 39x35
                text run at (3,3) width 39: "bar"
      RenderBlock {P} at (0,99) size 784x127
        RenderTable {TABLE} at (0,0) size 136x127 [border: (12px solid #000000)]
          RenderTableSection {TBODY} at (12,12) size 111x102
            RenderTableRow {TR} at (0,0) size 111x51
              RenderTableCell {TD} at (0,0) size 56x51 [border: (13px none #000000)] [r=0 c=0 rs=1 cs=1]
                RenderText {#text} at (14,14) size 40x36
                  text run at (14,14) width 40: "foo"
              RenderTableCell {TD} at (56,0) size 55x51 [border: (13px solid #000000)] [r=0 c=1 rs=1 cs=1]
                RenderText {#text} at (3,14) size 39x35
                  text run at (3,14) width 39: "bar"
            RenderTableRow {TR} at (0,51) size 111x51
              RenderTableCell {TD} at (0,52) size 56x49 [border: none] [r=1 c=0 rs=1 cs=1]
                RenderText {#text} at (14,2) size 40x35
                  text run at (14,1) width 40: "foo"
              RenderTableCell {TD} at (56,51) size 55x51 [border: (2px solid #000000)] [r=1 c=1 rs=1 cs=1]
                RenderText {#text} at (3,3) size 39x35
                  text run at (3,3) width 39: "bar"
      RenderBlock {P} at (0,242) size 784x177
        RenderTable {TABLE} at (0,0) size 186x177 [border: (25px solid #000000)]
          RenderTableSection {TBODY} at (25,25) size 136x127
            RenderTableRow {TR} at (0,0) size 136x63
              RenderTableCell {TD} at (0,0) size 68x63 [border: (25px none #000000)] [r=0 c=0 rs=1 cs=1]
                RenderText {#text} at (26,26) size 40x36
                  text run at (26,26) width 40: "foo"
              RenderTableCell {TD} at (68,0) size 68x63 [border: (25px solid #000000)] [r=0 c=1 rs=1 cs=1]
                RenderText {#text} at (3,26) size 39x35
                  text run at (3,26) width 39: "bar"
            RenderTableRow {TR} at (0,63) size 136x64
              RenderTableCell {TD} at (0,64) size 68x62 [border: none] [r=1 c=0 rs=1 cs=1]
                RenderText {#text} at (26,2) size 40x35
                  text run at (26,1) width 40: "foo"
              RenderTableCell {TD} at (68,63) size 68x64 [border: (2px solid #000000)] [r=1 c=1 rs=1 cs=1]
                RenderText {#text} at (3,3) size 39x35
                  text run at (3,3) width 39: "bar"
