layer at (0,0) size 800x600
  RenderView at (0,0) size 800x600
layer at (0,0) size 800x600
  RenderBlock {HTML} at (0,0) size 800x600
    RenderBody {BODY} at (8,8) size 784x576
      RenderBlock {CENTER} at (0,0) size 784x140
        RenderTable {TABLE} at (339,0) size 106x80
          RenderTableSection {THEAD} at (0,0) size 105x20
            RenderTableRow {TR} at (0,0) size 105x20
              RenderTableCell {TD} at (0,0) size 35x20 [r=0 c=0 rs=1 cs=1]
                RenderText {#text} at (1,1) size 29x18
                  text run at (1,1) width 29: "EST"
              RenderTableCell {TD} at (34,0) size 32x20 [border: none none none (1px solid #808080)] [r=0 c=1 rs=1 cs=1]
                RenderText {#text} at (2,1) size 28x18
                  text run at (2,1) width 28: "1am"
              RenderTableCell {TD} at (65,0) size 40x20 [border: none none none (1px solid #808080)] [r=0 c=2 rs=1 cs=1]
                RenderText {#text} at (2,1) size 29x18
                  text run at (2,1) width 29: "8pm"
          RenderTableSection {TBODY} at (0,20) size 105x40
            RenderTableRow {TR} at (0,0) size 105x20
              RenderTableCell {TD} at (0,0) size 35x20 [r=0 c=0 rs=1 cs=1]
                RenderText {#text} at (1,1) size 30x18
                  text run at (1,1) width 30: "CST"
              RenderTableCell {TD} at (34,0) size 32x20 [border: none none none (1px solid #808080)] [r=0 c=1 rs=1 cs=1]
                RenderText {#text} at (2,1) size 28x18
                  text run at (2,1) width 28: "2am"
              RenderTableCell {TD} at (65,0) size 40x20 [border: none none none (1px solid #808080)] [r=0 c=2 rs=1 cs=1]
                RenderText {#text} at (2,1) size 29x18
                  text run at (2,1) width 29: "9pm"
            RenderTableRow {TR} at (0,20) size 105x20
              RenderTableCell {TD} at (0,20) size 35x20 [r=1 c=0 rs=1 cs=1]
                RenderText {#text} at (1,1) size 33x18
                  text run at (1,1) width 33: "MST"
              RenderTableCell {TD} at (34,20) size 32x20 [border: none none none (1px solid #808080)] [r=1 c=1 rs=1 cs=1]
                RenderText {#text} at (2,1) size 28x18
                  text run at (2,1) width 28: "3am"
              RenderTableCell {TD} at (65,20) size 40x20 [border: none none none (1px solid #808080)] [r=1 c=2 rs=1 cs=1]
                RenderText {#text} at (2,1) size 37x18
                  text run at (2,1) width 37: "10pm"
          RenderTableSection {TFOOT} at (0,60) size 105x20
            RenderTableRow {TR} at (0,0) size 105x20
              RenderTableCell {TD} at (0,0) size 35x20 [r=0 c=0 rs=1 cs=1]
                RenderText {#text} at (1,1) size 28x18
                  text run at (1,1) width 28: "PST"
              RenderTableCell {TD} at (34,0) size 32x20 [border: none none none (1px solid #808080)] [r=0 c=1 rs=1 cs=1]
                RenderText {#text} at (2,1) size 28x18
                  text run at (2,1) width 28: "4am"
              RenderTableCell {TD} at (65,0) size 40x20 [border: none none none (1px solid #808080)] [r=0 c=2 rs=1 cs=1]
                RenderText {#text} at (2,1) size 36x18
                  text run at (2,1) width 36: "11pm"
        RenderBlock {P} at (0,96) size 784x44
          RenderButton {BUTTON} at (266,2) size 76x18 [color=#000000D8] [bgcolor=#C0C0C0] [border: none (2px outset #C0C0C0) none (2px outset #C0C0C0)]
            RenderBlock (anonymous) at (8,2) size 59x13
              RenderText {#text} at (0,0) size 59x13
                text run at (0,0) width 18: "No "
                text run at (17,0) width 42: "borders"
          RenderButton {BUTTON} at (345,2) size 96x18 [color=#000000D8] [bgcolor=#C0C0C0] [border: none (2px outset #C0C0C0) none (2px outset #C0C0C0)]
            RenderBlock (anonymous) at (8,2) size 79x13
              RenderText {#text} at (0,0) size 79x13
                text run at (0,0) width 44: "Exterior "
                text run at (43,0) width 36: "border"
          RenderButton {BUTTON} at (444,2) size 74x18 [color=#000000D8] [bgcolor=#C0C0C0] [border: none (2px outset #C0C0C0) none (2px outset #C0C0C0)]
            RenderBlock (anonymous) at (8,2) size 57x13
              RenderText {#text} at (0,0) size 57x13
                text run at (0,0) width 17: "All "
                text run at (16,0) width 41: "borders"
          RenderBR {BR} at (519,1) size 1x18
          RenderButton {BUTTON} at (234,24) size 100x18 [color=#000000D8] [bgcolor=#C0C0C0] [border: none (2px outset #C0C0C0) none (2px outset #C0C0C0)]
            RenderBlock (anonymous) at (8,2) size 84x13
              RenderText {#text} at (0,0) size 84x13
                text run at (0,0) width 44: "Column "
                text run at (43,0) width 41: "borders"
          RenderButton {BUTTON} at (337,24) size 99x18 [color=#000000D8] [bgcolor=#C0C0C0] [border: none (2px outset #C0C0C0) none (2px outset #C0C0C0)]
            RenderBlock (anonymous) at (8,2) size 82x13
              RenderText {#text} at (0,0) size 82x13
                text run at (0,0) width 42: "Groups "
                text run at (41,0) width 41: "borders"
          RenderButton {BUTTON} at (439,24) size 111x18 [color=#000000D8] [bgcolor=#C0C0C0] [border: none (2px outset #C0C0C0) none (2px outset #C0C0C0)]
            RenderBlock (anonymous) at (8,2) size 95x13
              RenderText {#text} at (0,0) size 95x13
                text run at (0,0) width 32: "Table "
                text run at (31,0) width 64: "row borders"
          RenderText {#text} at (0,0) size 0x0
