layer at (0,0) size 800x600
  RenderView at (0,0) size 800x600
layer at (0,0) size 800x332
  RenderBlock {HTML} at (0,0) size 800x332
    RenderBody {BODY} at (8,8) size 784x316
      RenderIFrame {IFRAME} at (0,0) size 304x154 [border: (2px inset #000000)]
        layer at (0,0) size 300x150
          RenderView at (0,0) size 300x150
        layer at (0,0) size 300x34
          RenderBlock {HTML} at (0,0) size 300x34
            RenderBody {BODY} at (8,8) size 284x18
              RenderText {#text} at (0,0) size 37x18
                text run at (0,0) width 37: "PASS"
      RenderText {#text} at (304,140) size 4x18
        text run at (304,140) width 4: " "
      RenderIFrame {IFRAME} at (308,0) size 304x154 [border: (2px inset #000000)]
        layer at (0,0) size 300x150
          RenderView at (0,0) size 300x150
        layer at (0,0) size 300x34
          RenderBlock {HTML} at (0,0) size 300x34
            RenderBody {BODY} at (8,8) size 284x18
              RenderText {#text} at (0,0) size 37x18
                text run at (0,0) width 37: "PASS"
      RenderText {#text} at (0,0) size 0x0
      RenderIFrame {IFRAME} at (0,158) size 304x154 [border: (2px inset #000000)]
        layer at (0,0) size 300x150
          RenderView at (0,0) size 300x150
        layer at (0,0) size 300x34
          RenderBlock {HTML} at (0,0) size 300x34
            RenderBody {BODY} at (8,8) size 284x18
              RenderText {#text} at (0,0) size 9x18
                text run at (0,0) width 9: "P"
              RenderInline {B} at (0,0) size 22x18
                RenderText {#text} at (8,0) size 22x18
                  text run at (8,0) width 22: "AS"
              RenderText {#text} at (29,0) size 10x18
                text run at (29,0) width 10: "S"
      RenderText {#text} at (0,0) size 0x0
