layer at (0,0) size 800x600
  RenderView at (0,0) size 800x600
layer at (0,0) size 800x600
  RenderBlock {HTML} at (0,0) size 800x600
    RenderBody {BODY} at (8,8) size 784x584
      RenderInline {SPAN} at (0,0) size 13x19
        RenderText {#text} at (0,5) size 13x19
          text run at (0,5) width 13: "\x{F8FF}"
      RenderText {#text} at (12,5) size 5x19
        text run at (12,5) width 5: " "
      RenderInline {SPAN} at (0,0) size 17x23
        RenderText {#text} at (16,2) size 17x23
          text run at (16,2) width 17: "\x{F8FF}"
      RenderText {#text} at (32,5) size 5x19
        text run at (32,5) width 5: " "
      RenderInline {SPAN} at (0,0) size 14x19
        RenderText {#text} at (36,5) size 14x19
          text run at (36,5) width 14: "\x{F8FF}"
      RenderText {#text} at (49,5) size 5x19
        text run at (49,5) width 5: " "
      RenderInline {SPAN} at (0,0) size 16x23
        RenderText {#text} at (53,2) size 16x23
          text run at (53,2) width 16: "\x{F8FF}"
      RenderText {#text} at (68,5) size 5x19
        text run at (68,5) width 5: " "
      RenderInline {SPAN} at (0,0) size 14x19
        RenderText {#text} at (72,5) size 14x19
          text run at (72,5) width 14: "\x{F8FF}"
      RenderText {#text} at (85,5) size 5x19
        text run at (85,5) width 5: " "
      RenderInline {SPAN} at (0,0) size 14x19
        RenderText {#text} at (89,5) size 14x19
          text run at (89,5) width 14: "\x{F8FF}"
      RenderText {#text} at (102,5) size 5x19
        text run at (102,5) width 5: " "
      RenderInline {SPAN} at (0,0) size 16x23
        RenderText {#text} at (106,2) size 16x23
          text run at (106,2) width 16: "\x{F8FF}"
      RenderText {#text} at (121,5) size 5x19
        text run at (121,5) width 5: " "
      RenderInline {SPAN} at (0,0) size 16x20
        RenderText {#text} at (125,4) size 16x20
          text run at (125,4) width 16: "\x{F8FF}"
      RenderText {#text} at (140,5) size 5x19
        text run at (140,5) width 5: " "
      RenderInline {SPAN} at (0,0) size 20x25
        RenderText {#text} at (144,0) size 20x25
          text run at (144,0) width 20: "\x{F8FF}"
      RenderText {#text} at (163,5) size 5x19
        text run at (163,5) width 5: " "
      RenderInline {SPAN} at (0,0) size 20x25
        RenderText {#text} at (167,0) size 20x25
          text run at (167,0) width 20: "\x{F8FF}"
      RenderText {#text} at (186,5) size 5x19
        text run at (186,5) width 5: " "
      RenderInline {SPAN} at (0,0) size 16x25
        RenderText {#text} at (190,0) size 16x25
          text run at (190,0) width 16: "\x{F8FF}"
      RenderText {#text} at (0,0) size 0x0
