layer at (0,0) size 320x360
  RenderView at (0,0) size 320x240
layer at (0,0) size 320x360
  RenderBlock {HTML} at (0,0) size 320x360
    RenderBody {BODY} at (8,8) size 304x344
      RenderBlock {P} at (0,0) size 304x20
        RenderText {#text} at (0,0) size 98x19
          text run at (0,0) width 98: "This is a\x{E227}test"
      RenderBlock {P} at (0,20) size 304x20
        RenderText {#text} at (0,0) size 98x19
          text run at (0,0) width 98: "This is a\x{E105}test"
      RenderBlock {P} at (0,40) size 304x22
        RenderText {#text} at (0,0) size 107x21
          text run at (0,0) width 107: "This is a\x{E101}test"
      RenderBlock {P} at (0,62) size 304x22
        RenderText {#text} at (0,0) size 107x21
          text run at (0,0) width 107: "This is a\x{E110}test"
      RenderBlock {P} at (0,84) size 304x30
        RenderText {#text} at (0,1) size 136x28
          text run at (0,1) width 136: "This is a\x{E109}test"
      RenderBlock {P} at (0,114) size 304x30
        RenderText {#text} at (0,1) size 136x28
          text run at (0,1) width 136: "This is a\x{E220}test"
      RenderBlock {P} at (0,144) size 304x43
        RenderText {#text} at (0,1) size 193x41
          text run at (0,1) width 193: "This is a\x{E215}test"
      RenderBlock {P} at (0,187) size 304x43
        RenderText {#text} at (0,1) size 193x41
          text run at (0,1) width 193: "This is a\x{E122}test"
      RenderBlock {P} at (0,230) size 304x57
        RenderText {#text} at (0,1) size 251x54
          text run at (0,1) width 251: "This is a\x{E22F}test"
      RenderBlock {P} at (0,287) size 304x57
        RenderText {#text} at (0,1) size 251x54
          text run at (0,1) width 251: "This is a\x{E231}test"
