layer at (0,0) size 800x629
  RenderView at (0,0) size 800x600
layer at (0,0) size 800x629
  RenderBlock {HTML} at (0,0) size 800x629
    RenderBody {BODY} at (8,15) size 784x606
      RenderBlock {DIV} at (0,0) size 784x24
        RenderText {#text} at (0,1) size 106x22
          text run at (0,1) width 106: "H1 / Headline"
      RenderBlock {DIV} at (0,39) size 784x16
        RenderText {#text} at (0,0) size 56x15
          text run at (0,0) width 56: "T0 / Title0"
      RenderBlock {DIV} at (0,70) size 784x35
        RenderText {#text} at (0,0) size 113x34
          text run at (0,0) width 113: "T1 / Title1"
      RenderBlock {DIV} at (0,120) size 784x29
        RenderText {#text} at (0,1) size 99x27
          text run at (0,1) width 99: "T2 / Title2"
      RenderBlock {DIV} at (0,164) size 784x26
        RenderText {#text} at (0,0) size 92x25
          text run at (0,0) width 92: "T3 / Title3"
      RenderBlock {DIV} at (0,205) size 784x16
        RenderText {#text} at (0,0) size 56x15
          text run at (0,0) width 56: "T4 / Title4"
      RenderBlock {DIV} at (0,236) size 784x24
        RenderText {#text} at (0,1) size 707x22
          text run at (0,1) width 707: "Body Text: Lorem ipsum dolor sit amet, consectetur adipiscing elit. Quisque ornare ornare mi"
      RenderBlock {DIV} at (0,275) size 784x26
        RenderText {#text} at (0,2) size 737x22
          text run at (0,2) width 737: "Tall Body Text: Lorem ipsum dolor sit amet, consectetur adipiscing elit. Quisque ornare ornare mi"
      RenderBlock {DIV} at (0,316) size 784x22
        RenderText {#text} at (0,1) size 85x19
          text run at (0,1) width 85: "Subheadline"
      RenderBlock {DIV} at (0,353) size 784x20
        RenderText {#text} at (0,1) size 83x17
          text run at (0,1) width 83: "FN / Footnote"
      RenderBlock {DIV} at (0,388) size 784x17
        RenderText {#text} at (0,1) size 96x15
          text run at (0,1) width 96: "Cap 1 / Caption 1"
      RenderBlock {DIV} at (0,420) size 784x14
        RenderText {#text} at (0,0) size 92x14
          text run at (0,0) width 92: "Cap 2 / Caption 2"
      RenderBlock {DIV} at (0,449) size 784x22
        RenderText {#text} at (0,0) size 154x22
          text run at (0,0) width 154: "Short H1 / Headline"
      RenderBlock {DIV} at (0,486) size 784x22
        RenderText {#text} at (0,0) size 753x22
          text run at (0,0) width 753: "Short Body Text: Lorem ipsum dolor sit amet, consectetur adipiscing elit. Quisque ornare ornare mi"
      RenderBlock {DIV} at (0,523) size 784x20
        RenderText {#text} at (0,0) size 127x19
          text run at (0,0) width 127: "Short Subheadline"
      RenderBlock {DIV} at (0,558) size 784x18
        RenderText {#text} at (0,0) size 120x17
          text run at (0,0) width 120: "Short FN / Footnote"
      RenderBlock {DIV} at (0,591) size 784x15
        RenderText {#text} at (0,0) size 130x15
          text run at (0,0) width 130: "Short Cap 1 / Caption 1"
