layer at (0,0) size 800x844
  RenderView at (0,0) size 800x600
layer at (0,0) size 800x844
  RenderBlock {HTML} at (0,0) size 800x844
    RenderBody {BODY} at (8,8) size 784x820
      RenderBlock {H2} at (0,0) size 784x24
        RenderText {#text} at (0,1) size 118x22
          text run at (0,1) width 118: "Normal Weight"
      RenderBlock {P} at (0,40) size 784x20
        RenderText {#text} at (0,0) size 670x20
          text run at (0,0) width 670: "Body Text: Lorem ipsum dolor sit amet, consectetur adipiscing elit. Quisque ornare ornare mi"
      RenderBlock {H2} at (0,76) size 784x24
        RenderText {#text} at (0,1) size 90x22
          text run at (0,1) width 90: "100 Weight"
      RenderBlock {P} at (0,116) size 784x20
        RenderText {#text} at (0,0) size 647x20
          text run at (0,0) width 647: "Body Text: Lorem ipsum dolor sit amet, consectetur adipiscing elit. Quisque ornare ornare mi"
      RenderBlock {H2} at (0,152) size 784x24
        RenderText {#text} at (0,1) size 93x22
          text run at (0,1) width 93: "200 Weight"
      RenderBlock {P} at (0,192) size 784x20
        RenderText {#text} at (0,0) size 655x20
          text run at (0,0) width 655: "Body Text: Lorem ipsum dolor sit amet, consectetur adipiscing elit. Quisque ornare ornare mi"
      RenderBlock {H2} at (0,228) size 784x24
        RenderText {#text} at (0,1) size 93x22
          text run at (0,1) width 93: "300 Weight"
      RenderBlock {P} at (0,268) size 784x20
        RenderText {#text} at (0,0) size 662x20
          text run at (0,0) width 662: "Body Text: Lorem ipsum dolor sit amet, consectetur adipiscing elit. Quisque ornare ornare mi"
      RenderBlock {H2} at (0,304) size 784x24
        RenderText {#text} at (0,1) size 93x22
          text run at (0,1) width 93: "400 Weight"
      RenderBlock {P} at (0,344) size 784x20
        RenderText {#text} at (0,0) size 670x20
          text run at (0,0) width 670: "Body Text: Lorem ipsum dolor sit amet, consectetur adipiscing elit. Quisque ornare ornare mi"
      RenderBlock {H2} at (0,380) size 784x24
        RenderText {#text} at (0,1) size 93x22
          text run at (0,1) width 93: "500 Weight"
      RenderBlock {P} at (0,420) size 784x20
        RenderText {#text} at (0,0) size 685x20
          text run at (0,0) width 685: "Body Text: Lorem ipsum dolor sit amet, consectetur adipiscing elit. Quisque ornare ornare mi"
      RenderBlock {H2} at (0,456) size 784x24
        RenderText {#text} at (0,1) size 96x22
          text run at (0,1) width 96: "Bold Weight"
      RenderBlock {P} at (0,496) size 784x20
        RenderText {#text} at (0,0) size 716x20
          text run at (0,0) width 716: "Body Text: Lorem ipsum dolor sit amet, consectetur adipiscing elit. Quisque ornare ornare mi"
      RenderBlock {H2} at (0,532) size 784x24
        RenderText {#text} at (0,1) size 93x22
          text run at (0,1) width 93: "600 Weight"
      RenderBlock {P} at (0,572) size 784x20
        RenderText {#text} at (0,0) size 701x20
          text run at (0,0) width 701: "Body Text: Lorem ipsum dolor sit amet, consectetur adipiscing elit. Quisque ornare ornare mi"
      RenderBlock {H2} at (0,608) size 784x24
        RenderText {#text} at (0,1) size 92x22
          text run at (0,1) width 92: "700 Weight"
      RenderBlock {P} at (0,648) size 784x20
        RenderText {#text} at (0,0) size 716x20
          text run at (0,0) width 716: "Body Text: Lorem ipsum dolor sit amet, consectetur adipiscing elit. Quisque ornare ornare mi"
      RenderBlock {H2} at (0,684) size 784x24
        RenderText {#text} at (0,1) size 93x22
          text run at (0,1) width 93: "800 Weight"
      RenderBlock {P} at (0,724) size 784x20
        RenderText {#text} at (0,0) size 732x20
          text run at (0,0) width 732: "Body Text: Lorem ipsum dolor sit amet, consectetur adipiscing elit. Quisque ornare ornare mi"
      RenderBlock {H2} at (0,760) size 784x24
        RenderText {#text} at (0,1) size 93x22
          text run at (0,1) width 93: "900 Weight"
      RenderBlock {P} at (0,800) size 784x20
        RenderText {#text} at (0,0) size 747x20
          text run at (0,0) width 747: "Body Text: Lorem ipsum dolor sit amet, consectetur adipiscing elit. Quisque ornare ornare mi"
