layer at (0,0) size 320x487
  RenderView at (0,0) size 320x240
layer at (0,0) size 320x487
  RenderBlock {HTML} at (0,0) size 320x487
    RenderBody {BODY} at (8,8) size 304x471
      RenderBlock {H1} at (0,0) size 304x172
        RenderText {#text} at (0,0) size 247x171
          text run at (0,0) width 202: "This is an H1"
          text run at (0,43) width 201: "element with"
          text run at (0,86) width 247: "multiple lines of"
          text run at (0,129) width 70: "text."
      RenderBlock {DIV} at (0,194) size 304x277
        RenderText {#text} at (0,1) size 264x59
          text run at (0,1) width 264: "This is body text spanning multiple"
          text run at (0,38) width 98: "lines. This is "
        RenderInline {SPAN} at (0,0) size 276x119
          RenderText {#text} at (97,24) size 276x119
            text run at (97,24) width 179: "font-size xx-"
            text run at (0,64) width 211: "large spanning"
            text run at (0,104) width 205: "multiple lines. "
        RenderText {#text} at (204,118) size 297x73
          text run at (204,118) width 93: "This is body"
          text run at (0,145) width 265: "text spanning multiple lines. This is"
          text run at (0,169) width 255: "body text spanning multiple lines."
        RenderInline {SPAN} at (0,0) size 302x34
          RenderText {#text} at (254,178) size 302x34
            text run at (254,178) width 48: " This is some"
            text run at (0,202) width 167: "text with 8px font size that spans multiple lines"
        RenderText {#text} at (166,193) size 290x46
          text run at (166,193) width 124: ". The rest of this"
          text run at (0,217) width 267: "text is back to apple system body. "
        RenderInline {SPAN} at (0,0) size 303x54
          RenderText {#text} at (266,221) size 303x54
            text run at (266,221) width 37: "Finally"
            text run at (0,240) width 256: "some text that has fontsize small that spans"
            text run at (0,258) width 80: "multiple lines."
        RenderText {#text} at (0,0) size 0x0
