layer at (0,0) size 800x600
  RenderView at (0,0) size 800x600
layer at (0,0) size 800x284
  RenderBlock {HTML} at (0,0) size 800x284
    RenderBody {BODY} at (8,8) size 784x268
      RenderBlock {P} at (0,0) size 784x20
        RenderText {#text} at (0,0) size 135x20
          text run at (0,0) width 135: "font-size is default"
      RenderBlock {P} at (0,20) size 784x10
        RenderText {#text} at (0,0) size 62x10
          text run at (0,0) width 62: "font-size is 8px"
      RenderBlock {P} at (0,30) size 784x15
        RenderText {#text} at (0,0) size 93x15
          text run at (0,0) width 93: "font-size is 12px"
      RenderBlock {P} at (0,45) size 784x20
        RenderText {#text} at (0,0) size 119x20
          text run at (0,0) width 119: "font-size is 16px"
      RenderBlock {P} at (0,65) size 784x25
        RenderText {#text} at (0,0) size 149x25
          text run at (0,0) width 149: "font-size is 20px"
      RenderBlock {P} at (0,90) size 784x29
        RenderText {#text} at (0,0) size 177x29
          text run at (0,0) width 177: "font-size is 24px"
      RenderBlock {P} at (0,119) size 784x39
        RenderText {#text} at (0,0) size 234x39
          text run at (0,0) width 234: "font-size is 32px"
      RenderBlock {P} at (0,158) size 784x49
        RenderText {#text} at (0,0) size 293x49
          text run at (0,0) width 293: "font-size is 40px"
      RenderBlock {P} at (0,207) size 784x61
        RenderText {#text} at (0,0) size 363x61
          text run at (0,0) width 363: "font-size is 50px"
