layer at (0,0) size 785x687
  RenderView at (0,0) size 785x600
layer at (0,0) size 785x687
  RenderBlock {HTML} at (0,0) size 785x687
    RenderBody {BODY} at (8,8) size 769x652
      RenderBlock (anonymous) at (0,0) size 769x150
        RenderInline {SPAN} at (0,0) size 252x129 [border: (5px solid #000000)]
          RenderText {#text} at (5,15) size 51x19
            text run at (5,15) width 51: "This text"
          RenderBR {BR} at (56,15) size 0x19
          RenderText {#text} at (0,65) size 71x19
            text run at (0,65) width 71: "should have"
          RenderBR {BR} at (71,65) size 0x19
          RenderText {#text} at (0,115) size 247x19
            text run at (0,115) width 247: "a multi-line shadow with a border-radius."
        RenderText {#text} at (0,0) size 0x0
      RenderBlock {DIV} at (0,150) size 120x120 [border: (10px solid #000000)]
        RenderText {#text} at (10,10) size 100x39
          text run at (10,10) width 33: "50% "
          text run at (43,10) width 67: "transparent"
          text run at (10,30) width 84: "black shadow"
      RenderTable {TABLE} at (0,270) size 178x270
        RenderTableSection {TBODY} at (0,0) size 178x270
          RenderTableRow {TR} at (0,10) size 178x42
            RenderTableCell {TD} at (10,10) size 46x42 [border: (1px solid #000000)] [r=0 c=0 rs=1 cs=1]
              RenderText {#text} at (11,11) size 24x19
                text run at (11,11) width 24: "Cell"
            RenderTableCell {TD} at (66,10) size 46x42 [border: (1px solid #000000)] [r=0 c=1 rs=1 cs=1]
              RenderText {#text} at (11,11) size 24x19
                text run at (11,11) width 24: "Cell"
            RenderTableCell {TD} at (122,10) size 46x42 [border: (1px solid #000000)] [r=0 c=2 rs=1 cs=1]
              RenderText {#text} at (11,11) size 24x19
                text run at (11,11) width 24: "Cell"
          RenderTableRow {TR} at (0,62) size 178x42
            RenderTableCell {TD} at (10,62) size 46x42 [border: (1px solid #000000)] [r=1 c=0 rs=1 cs=1]
              RenderText {#text} at (11,11) size 24x19
                text run at (11,11) width 24: "Cell"
            RenderTableCell {TD} at (66,62) size 46x42 [border: (1px solid #000000)] [r=1 c=1 rs=1 cs=1]
              RenderText {#text} at (11,11) size 24x19
                text run at (11,11) width 24: "Cell"
            RenderTableCell {TD} at (122,62) size 46x42 [border: (1px solid #000000)] [r=1 c=2 rs=1 cs=1]
              RenderText {#text} at (11,11) size 24x19
                text run at (11,11) width 24: "Cell"
          RenderTableRow {TR} at (0,114) size 178x42
            RenderTableCell {TD} at (10,114) size 46x42 [border: (1px solid #000000)] [r=2 c=0 rs=1 cs=1]
              RenderText {#text} at (11,11) size 24x19
                text run at (11,11) width 24: "Cell"
            RenderTableCell {TD} at (66,114) size 46x42 [border: (1px solid #000000)] [r=2 c=1 rs=1 cs=1]
              RenderText {#text} at (11,11) size 24x19
                text run at (11,11) width 24: "Cell"
            RenderTableCell {TD} at (122,114) size 46x42 [border: (1px solid #000000)] [r=2 c=2 rs=1 cs=1]
              RenderText {#text} at (11,11) size 24x19
                text run at (11,11) width 24: "Cell"
          RenderTableRow {TR} at (0,166) size 178x42
            RenderTableCell {TD} at (10,166) size 46x42 [border: (1px solid #000000)] [r=3 c=0 rs=1 cs=1]
              RenderText {#text} at (11,11) size 24x19
                text run at (11,11) width 24: "Cell"
            RenderTableCell {TD} at (66,166) size 46x42 [border: (1px solid #000000)] [r=3 c=1 rs=1 cs=1]
              RenderText {#text} at (11,11) size 24x19
                text run at (11,11) width 24: "Cell"
            RenderTableCell {TD} at (122,166) size 46x42 [border: (1px solid #000000)] [r=3 c=2 rs=1 cs=1]
              RenderText {#text} at (11,11) size 24x19
                text run at (11,11) width 24: "Cell"
          RenderTableRow {TR} at (0,218) size 178x42
            RenderTableCell {TD} at (10,218) size 46x42 [border: (1px solid #000000)] [r=4 c=0 rs=1 cs=1]
              RenderText {#text} at (11,11) size 24x19
                text run at (11,11) width 24: "Cell"
            RenderTableCell {TD} at (66,218) size 46x42 [border: (1px solid #000000)] [r=4 c=1 rs=1 cs=1]
              RenderText {#text} at (11,11) size 24x19
                text run at (11,11) width 24: "Cell"
            RenderTableCell {TD} at (122,218) size 46x42 [border: (1px solid #000000)] [r=4 c=2 rs=1 cs=1]
              RenderText {#text} at (11,11) size 24x19
                text run at (11,11) width 24: "Cell"
      RenderBlock {P} at (0,556) size 769x40
        RenderText {#text} at (0,0) size 335x19
          text run at (0,0) width 335: "The first line of this div should have a box-shadow on it."
        RenderBR {BR} at (335,0) size 0x19
        RenderText {#text} at (0,20) size 166x19
          text run at (0,20) width 166: "This second line should not."
      RenderBlock {P} at (0,612) size 769x40
        RenderBlock (floating) at (0,0) size 39x67 [bgcolor=#EEEEEE] [border: (1px solid #000000)]
          RenderText at (5,6) size 29x55
            text run at (5,6) width 29: "T"
        RenderText {#text} at (43,0) size 467x19
          text run at (43,0) width 467: "he first letter of this paragraph should have a border and a nice shadow effect."
        RenderBR {BR} at (510,0) size 0x19
        RenderText {#text} at (43,20) size 156x19
          text run at (43,20) width 156: "It should look pretty cool."
