layer at (0,0) size 800x600
  RenderView at (0,0) size 800x600
layer at (0,0) size 800x600
  RenderBlock {HTML} at (0,0) size 800x600
    RenderBody {BODY} at (8,8) size 784x552
      RenderBlock {P} at (0,0) size 784x20
        RenderText {#text} at (0,0) size 422x19
          text run at (0,0) width 422: "You should see a circle with a shadow above a square with a shadow."
      RenderBlock {DIV} at (40,60) size 60x60 [bgcolor=#008000]
      RenderBlock {DIV} at (40,160) size 60x60 [bgcolor=#008000]
