layer at (0,0) size 800x600
  RenderView at (0,0) size 800x600
layer at (0,0) size 800x574
  RenderBlock {HTML} at (0,0) size 800x574
    RenderBody {BODY} at (8,8) size 784x558
      RenderText {#text} at (222,168) size 4x17
        text run at (222,168) width 4: " "
      RenderText {#text} at (448,168) size 4x17
        text run at (448,168) width 4: " "
      RenderBR {BR} at (674,168) size 0x17
      RenderText {#text} at (222,354) size 4x17
        text run at (222,354) width 4: " "
      RenderText {#text} at (448,354) size 4x17
        text run at (448,354) width 4: " "
      RenderBR {BR} at (674,354) size 0x17
      RenderText {#text} at (222,540) size 4x17
        text run at (222,540) width 4: " "
      RenderText {#text} at (448,540) size 4x17
        text run at (448,540) width 4: " "
      RenderText {#text} at (0,0) size 0x0
layer at (18,18) size 202x162
  RenderBlock (relative positioned) {DIV} at (10,10) size 202x162 [border: (1px solid #000000)]
layer at (244,18) size 202x162
  RenderBlock (relative positioned) {DIV} at (236,10) size 202x162 [border: (1px solid #000000)]
layer at (470,18) size 202x162
  RenderBlock (relative positioned) {DIV} at (462,10) size 202x162 [border: (1px solid #000000)]
layer at (18,204) size 202x162
  RenderBlock (relative positioned) {DIV} at (10,196) size 202x162 [border: (1px solid #000000)]
layer at (244,204) size 202x162
  RenderBlock (relative positioned) {DIV} at (236,196) size 202x162 [border: (1px solid #000000)]
layer at (470,204) size 202x162
  RenderBlock (relative positioned) {DIV} at (462,196) size 202x162 [border: (1px solid #000000)]
layer at (18,390) size 202x162
  RenderBlock (relative positioned) {DIV} at (10,382) size 202x162 [border: (1px solid #000000)]
layer at (244,390) size 202x162
  RenderBlock (relative positioned) {DIV} at (236,382) size 202x162 [border: (1px solid #000000)]
layer at (470,390) size 202x162
  RenderBlock (relative positioned) {DIV} at (462,382) size 202x162 [border: (1px solid #000000)]
