layer at (0,0) size 800x600
  RenderView at (0,0) size 800x600
layer at (0,0) size 800x600
  RenderBlock {HTML} at (0,0) size 800x600
    RenderBody {BODY} at (8,8) size 784x584
      RenderBlock {P} at (0,0) size 784x20
        RenderText {#text} at (0,0) size 339x19
          text run at (0,0) width 339: "There should not be any non-white pixels inside this box:"
      RenderBlock {DIV} at (0,36) size 206x206 [border: (3px solid #000000)]
layer at (61,97) size 100x100
  RenderBlock {DIV} at (53,53) size 100x100
