layer at (0,0) size 800x600
  RenderView at (0,0) size 800x600
layer at (0,0) size 800x600
  RenderBlock {HTML} at (0,0) size 800x600
    RenderBody {BODY} at (8,8) size 784x584
      RenderBlock {P} at (0,0) size 784x36
        RenderText {#text} at (0,0) size 781x36
          text run at (0,0) width 781: "This tests that calling dataTransfer.setData('URL', aFileURL) sets NSFilenamesPboardType type data on the pasteboard if"
          text run at (0,18) width 230: "and only if this page is a local page."
      RenderBlock {P} at (0,52) size 784x36
        RenderText {#text} at (0,0) size 764x36
          text run at (0,0) width 764: "This test cannot be run manually, as it is not possible to tell whether or not NSFilenamesPboardType type data is on the"
          text run at (0,18) width 272: "pasteboard, without Objective-C bindings."
      RenderBlock (anonymous) at (0,104) size 784x103
        RenderImage {IMG} at (0,0) size 76x103
        RenderText {#text} at (0,0) size 0x0
