layer at (0,0) size 800x600
  RenderView at (0,0) size 800x600
layer at (0,0) size 800x250
  RenderBlock {HTML} at (0,0) size 800x250
    RenderBody {BODY} at (8,16) size 784x218 [color=#0000FF]
      RenderBlock {P} at (0,0) size 784x38
        RenderText {#text} at (0,16) size 489x17
          text run at (0,16) width 489: "There should be a solid blue line to the right of every occurance of the word \""
        RenderInline {SPAN} at (0,0) size 141x36 [border: none (2px solid #0000FF) none]
          RenderText {#text} at (489,1) size 139x36
            text run at (489,1) width 139: "THERE \x{2799}"
        RenderText {#text} at (630,16) size 11x17
          text run at (630,16) width 11: "\"."
      RenderTable {TABLE} at (0,54) size 300x130
        RenderTableSection {TBODY} at (0,0) size 300x130
          RenderTableRow {TR} at (0,2) size 300x40
            RenderTableCell {TD} at (2,2) size 296x40 [border: none (2px solid #0000FF) none] [r=0 c=0 rs=1 cs=2]
              RenderText {#text} at (154,2) size 139x36
                text run at (154,2) width 139: "THERE \x{2799}"
          RenderTableRow {TR} at (0,44) size 300x84
            RenderTableCell {TD} at (2,66) size 143x40 [border: none (2px solid #0000FF) none] [r=1 c=0 rs=1 cs=1]
              RenderText {#text} at (1,2) size 139x36
                text run at (1,2) width 139: "THERE \x{2799}"
            RenderTableCell {TD} at (147,44) size 151x84 [border: none (2px solid #0000FF) none] [r=1 c=1 rs=1 cs=1]
              RenderBlock (anonymous) at (1,1) size 147x38
                RenderText {#text} at (8,1) size 139x36
                  text run at (8,1) width 139: "THERE \x{2798}"
              RenderTable {TABLE} at (1,39) size 147x44
                RenderTableSection {TBODY} at (0,0) size 147x44
                  RenderTableRow {TR} at (0,2) size 147x40
                    RenderTableCell {TD} at (2,2) size 143x40 [border: none (2px solid #0000FF) none] [r=0 c=0 rs=1 cs=1]
                      RenderText {#text} at (1,2) size 139x36
                        text run at (1,2) width 139: "THERE \x{2799}"
      RenderBlock {P} at (0,200) size 784x18
        RenderText {#text} at (0,0) size 337x17
          text run at (0,0) width 337: "There should be 3 short lines and 2 long lines in total."
