layer at (0,0) size 800x600
  RenderView at (0,0) size 800x600
layer at (0,0) size 800x230
  RenderBlock {HTML} at (0,0) size 800x230
    RenderBody {BODY} at (8,16) size 784x198
      RenderBlock {P} at (0,0) size 764x91 [color=#0000FF] [border: none (10px double #0000FF) none]
        RenderText {#text} at (0,1) size 363x17
          text run at (0,1) width 363: "This paragraph should have two blue lines on its right. \x{21E8} "
        RenderInline {SPAN} at (0,0) size 754x89 [color=#C0C0C0]
          RenderText {#text} at (363,1) size 754x89
            text run at (363,1) width 391: "dummy text dummy text dummy text dummy text dummy text"
            text run at (0,19) width 52: "dummy "
            text run at (52,19) width 474: "text dummy text dummy text dummy text dummy text dummy text dummy "
            text run at (526,19) width 181: "text dummy text dummy text"
            text run at (0,37) width 289: "dummy text dummy text dummy text dummy "
            text run at (289,37) width 418: "text dummy text dummy text dummy text dummy text dummy text"
            text run at (0,55) width 52: "dummy "
            text run at (52,55) width 474: "text dummy text dummy text dummy text dummy text dummy text dummy "
            text run at (526,55) width 181: "text dummy text dummy text"
            text run at (0,73) width 154: "dummy text dummy text"
        RenderText {#text} at (0,0) size 0x0
      RenderBlock {P} at (0,107) size 764x91 [color=#0000FF] [border: none (1px solid #0000FF) none]
        RenderText {#text} at (0,1) size 368x17
          text run at (0,1) width 368: "This paragraph should have a thin blue line on its right. \x{21E8} "
        RenderInline {SPAN} at (0,0) size 759x89 [color=#C0C0C0]
          RenderText {#text} at (368,1) size 759x89
            text run at (368,1) width 391: "dummy text dummy text dummy text dummy text dummy text"
            text run at (0,19) width 52: "dummy "
            text run at (52,19) width 474: "text dummy text dummy text dummy text dummy text dummy text dummy "
            text run at (526,19) width 233: "text dummy text dummy text dummy"
            text run at (0,37) width 237: "text dummy text dummy text dummy "
            text run at (237,37) width 474: "text dummy text dummy text dummy text dummy text dummy text dummy "
            text run at (711,37) width 23: "text"
            text run at (0,55) width 447: "dummy text dummy text dummy text dummy text dummy text dummy "
            text run at (447,55) width 312: "text dummy text dummy text dummy text dummy"
            text run at (0,73) width 23: "text"
        RenderText {#text} at (0,0) size 0x0
