layer at (0,0) size 800x600
  RenderView at (0,0) size 800x600
layer at (0,0) size 800x294
  RenderBlock {HTML} at (0,0) size 800x294
    RenderBody {BODY} at (8,8) size 784x278
      RenderBlock (floating) {DIV} at (0,0) size 196x280 [color=#FFFFFF] [bgcolor=#000080]
        RenderBlock {P} at (0,0) size 196x280
          RenderText {#text} at (0,2) size 185x277
            text run at (0,2) width 137: "\x{21E6} This"
            text run at (0,58) width 166: "blue box"
            text run at (0,114) width 185: "should be"
            text run at (0,170) width 118: "on the"
            text run at (0,226) width 75: "left."
      RenderBlock (floating) {DIV} at (588,0) size 196x276 [color=#FFFFFF] [bgcolor=#008080]
        RenderBlock {P} at (0,0) size 196x276
          RenderText {#text} at (0,1) size 185x274
            text run at (0,1) width 165: "This teal"
            text run at (0,56) width 72: "box"
            text run at (0,111) width 185: "should be"
            text run at (0,166) width 118: "on the"
            text run at (0,222) width 154: "right. \x{21E8}"
      RenderBlock {P} at (0,0) size 784x278
        RenderText {#text} at (196,1) size 365x276
          text run at (196,1) width 365: "This text should be"
          text run at (196,56) width 335: "in between a blue"
          text run at (196,112) width 317: "box on the \x{21E6}left"
          text run at (196,168) width 326: "and a teal box on"
          text run at (196,224) width 212: "the right\x{21E8}."
