layer at (0,0) size 800x600
  RenderView at (0,0) size 800x600
layer at (0,0) size 800x134
  RenderBlock {HTML} at (0,0) size 800x134
    RenderBody {BODY} at (8,8) size 784x118
      RenderBlock {DIV} at (0,0) size 784x118 [color=#FFFFFF] [bgcolor=#000080] [border: (3px solid #0000FF) (96px solid #0000FF) (3px solid #0000FF)]
        RenderBlock (floating) {DIV} at (421,11) size 352x68 [bgcolor=#008080]
          RenderBlock {P} at (16,16) size 320x36
            RenderText {#text} at (0,0) size 313x35
              text run at (0,0) width 313: "This teal box should start inside the dark blue box"
              text run at (0,18) width 81: "and spill out "
              text run at (81,18) width 171: "onto the blue area below it."
        RenderBlock {P} at (3,3) size 778x19
          RenderText {#text} at (0,1) size 255x17
            text run at (0,1) width 255: "You should see a teal box to the right. \x{21E8}"
