layer at (0,0) size 800x600
  RenderView at (0,0) size 800x600
layer at (0,0) size 800x261
  RenderBlock {HTML} at (0,0) size 800x261
    RenderBody {BODY} at (8,8) size 784x0
      RenderBlock (floating) {DIV} at (0,0) size 588x253 [color=#FFFFFF] [bgcolor=#000080]
        RenderBlock (floating) {DIV} at (277,0) size 294x73 [color=#00FFFF] [bgcolor=#008080]
          RenderBlock {P} at (0,0) size 294x73
            RenderText {#text} at (0,0) size 294x72
              text run at (0,0) width 294: "To the right of this teal box there should be a"
              text run at (0,18) width 94: "purple square, "
              text run at (94,18) width 200: "tightly squeezed in between the"
              text run at (0,36) width 194: "edge of the teal box and the "
              text run at (193,36) width 101: "outside edge of"
              text run at (0,55) width 110: "the blue block. \x{21E8}"
        RenderBlock {P} at (0,0) size 588x253
          RenderText {#text} at (0,0) size 277x36
            text run at (0,0) width 277: "Inside this blue block on the right there"
            text run at (0,19) width 163: "should be a teal box. \x{21E8} "
          RenderInline {SPAN} at (0,0) size 588x233 [color=#000080]
            RenderText {#text} at (162,19) size 588x233
              text run at (162,19) width 115: "FAIL FAIL FAIL"
              text run at (0,37) width 277: "FAIL FAIL FAIL FAIL FAIL FAIL FAIL"
              text run at (0,55) width 81: "FAIL FAIL "
              text run at (80,55) width 197: "FAIL FAIL FAIL FAIL FAIL"
              text run at (0,73) width 277: "FAIL FAIL FAIL FAIL FAIL FAIL FAIL "
              text run at (276,73) width 312: "FAIL FAIL FAIL FAIL FAIL FAIL FAIL FAIL"
              text run at (0,91) width 159: "FAIL FAIL FAIL FAIL "
              text run at (158,91) width 430: "FAIL FAIL FAIL FAIL FAIL FAIL FAIL FAIL FAIL FAIL FAIL"
              text run at (0,109) width 40: "FAIL "
              text run at (39,109) width 475: "FAIL FAIL FAIL FAIL FAIL FAIL FAIL FAIL FAIL FAIL FAIL FAIL "
              text run at (513,109) width 75: "FAIL FAIL"
              text run at (0,127) width 396: "FAIL FAIL FAIL FAIL FAIL FAIL FAIL FAIL FAIL FAIL "
              text run at (395,127) width 193: "FAIL FAIL FAIL FAIL FAIL"
              text run at (0,145) width 277: "FAIL FAIL FAIL FAIL FAIL FAIL FAIL "
              text run at (276,145) width 312: "FAIL FAIL FAIL FAIL FAIL FAIL FAIL FAIL"
              text run at (0,163) width 159: "FAIL FAIL FAIL FAIL "
              text run at (158,163) width 430: "FAIL FAIL FAIL FAIL FAIL FAIL FAIL FAIL FAIL FAIL FAIL"
              text run at (0,181) width 40: "FAIL "
              text run at (39,181) width 475: "FAIL FAIL FAIL FAIL FAIL FAIL FAIL FAIL FAIL FAIL FAIL FAIL "
              text run at (513,181) width 75: "FAIL FAIL"
              text run at (0,199) width 396: "FAIL FAIL FAIL FAIL FAIL FAIL FAIL FAIL FAIL FAIL "
              text run at (395,199) width 193: "FAIL FAIL FAIL FAIL FAIL"
              text run at (0,217) width 277: "FAIL FAIL FAIL FAIL FAIL FAIL FAIL "
              text run at (276,217) width 312: "FAIL FAIL FAIL FAIL FAIL FAIL FAIL FAIL"
              text run at (0,235) width 150: "FAIL FAIL FAIL FAIL"
          RenderText {#text} at (0,0) size 0x0
