layer at (0,0) size 800x600
  RenderView at (0,0) size 800x600
layer at (0,0) size 800x468
  RenderBlock {HTML} at (0,0) size 800x468
    RenderBody {BODY} at (8,18) size 784x432
      RenderBlock {P} at (0,0) size 784x432
        RenderInline {SPAN} at (0,0) size 769x398 [color=#FFFFFF] [bgcolor=#000080]
          RenderText {#text} at (0,17) size 758x74
            text run at (0,17) width 465: "This text should be 18px sans-serif, in small-caps, italicized, "
            text run at (464,17) width 294: "and very light. There should be a 36px"
            text run at (0,71) width 199: "gap betwen each line. The "
            text run at (199,71) width 436: "text should have a blue background, the gap should not. "
          RenderInline {SPAN} at (0,0) size 769x344 [color=#0000FF]
            RenderText {#text} at (634,71) size 769x344
              text run at (634,71) width 135: "dummy text dummy"
              text run at (0,125) width 352: "text dummy text dummy text dummy text dummy "
              text run at (352,125) width 384: "text dummy text dummy text dummy text dummy text"
              text run at (0,179) width 139: "dummy text dummy "
              text run at (139,179) width 528: "text dummy text dummy text dummy text dummy text dummy text dummy "
              text run at (667,179) width 83: "text dummy"
              text run at (0,233) width 440: "text dummy text dummy text dummy text dummy text dummy "
              text run at (440,233) width 296: "text dummy text dummy text dummy text"
              text run at (0,287) width 227: "dummy text dummy text dummy "
              text run at (227,287) width 523: "text dummy text dummy text dummy text dummy text dummy text dummy"
              text run at (0,341) width 528: "text dummy text dummy text dummy text dummy text dummy text dummy "
              text run at (528,341) width 208: "text dummy text dummy text"
              text run at (0,395) width 259: "dummy text dummy text dummy text"
          RenderText {#text} at (0,0) size 0x0
        RenderText {#text} at (0,0) size 0x0
