layer at (0,0) size 800x600
  RenderView at (0,0) size 800x600
layer at (0,0) size 800x600
  RenderBlock {HTML} at (0,0) size 800x600
    RenderBody {BODY} at (8,8) size 784x584
      RenderImage {IMG} at (0,0) size 479x150
      RenderText {#text} at (0,0) size 0x0
      RenderInline {MAP} at (0,0) size 479x31
        RenderBR {BR} at (479,136) size 0x17
        RenderInline {A} at (0,0) size 92x17 [color=#0000EE]
          RenderText {#text} at (0,150) size 92x17
            text run at (0,150) width 92: "John Hancock"
        RenderText {#text} at (91,150) size 12x17
          text run at (91,150) width 12: " | "
        RenderInline {A} at (0,0) size 40x17 [color=#0000EE]
          RenderText {#text} at (102,150) size 40x17
            text run at (102,150) width 40: "Nokia"
        RenderText {#text} at (141,150) size 12x17
          text run at (141,150) width 12: " | "
        RenderInline {A} at (0,0) size 72x17 [color=#0000EE]
          RenderText {#text} at (152,150) size 72x17
            text run at (152,150) width 72: "Downtown"
        RenderText {#text} at (0,0) size 0x0
      RenderText {#text} at (0,0) size 0x0
