layer at (0,0) size 800x600
  RenderView at (0,0) size 800x600
layer at (0,0) size 800x418
  RenderBlock {HTML} at (0,0) size 800x418
    RenderBody {BODY} at (8,16) size 784x322
      RenderBlock {P} at (0,0) size 784x40
        RenderText {#text} at (0,0) size 371x19
          text run at (0,0) width 371: "The caret should render correctly in transformed elements"
        RenderBR {BR} at (370,0) size 1x19
        RenderInline {A} at (0,0) size 310x19 [color=#0000EE]
          RenderText {#text} at (0,20) size 310x19
            text run at (0,20) width 310: "https://bugs.webkit.org/show_bug.cgi?id=15671"
layer at (88,136) size 302x202
  RenderBlock {DIV} at (80,120) size 302x202 [border: (1px solid #000000)]
    RenderText {#text} at (1,3) size 174x90
      text run at (1,3) width 174: "Caret"
caret: position 6 of child 0 {#text} of child 3 {DIV} of body
