CONSOLE MESSAGE: A VideoFrame was destroyed without having been closed explicitly
CONSOLE MESSAGE: A VideoFrame was destroyed without having been closed explicitly
CONSOLE MESSAGE: Unhandled Promise Rejection: OperationError: popErrorScope failed
CONSOLE MESSAGE: A VideoFrame was destroyed without having been closed explicitly
CONSOLE MESSAGE: A VideoFrame was destroyed without having been closed explicitly
CONSOLE MESSAGE: A VideoFrame was destroyed without having been closed explicitly
CONSOLE MESSAGE: A VideoFrame was destroyed without having been closed explicitly
CONSOLE MESSAGE: A VideoFrame was destroyed without having been closed explicitly
CONSOLE MESSAGE: A VideoFrame was destroyed without having been closed explicitly
CONSOLE MESSAGE: A VideoFrame was destroyed without having been closed explicitly
CONSOLE MESSAGE: A VideoFrame was destroyed without having been closed explicitly
CONSOLE MESSAGE: A VideoFrame was destroyed without having been closed explicitly
CONSOLE MESSAGE: A VideoFrame was destroyed without having been closed explicitly
CONSOLE MESSAGE: A VideoFrame was destroyed without having been closed explicitly
CONSOLE MESSAGE: A VideoFrame was destroyed without having been closed explicitly
CONSOLE MESSAGE: A VideoFrame was destroyed without having been closed explicitly
CONSOLE MESSAGE: A VideoFrame was destroyed without having been closed explicitly
CONSOLE MESSAGE: A VideoFrame was destroyed without having been closed explicitly
CONSOLE MESSAGE: A VideoFrame was destroyed without having been closed explicitly
CONSOLE MESSAGE: A VideoFrame was destroyed without having been closed explicitly
CONSOLE MESSAGE: A VideoFrame was destroyed without having been closed explicitly
CONSOLE MESSAGE: A VideoFrame was destroyed without having been closed explicitly
CONSOLE MESSAGE: A VideoFrame was destroyed without having been closed explicitly
CONSOLE MESSAGE: A VideoFrame was destroyed without having been closed explicitly
CONSOLE MESSAGE: A VideoFrame was destroyed without having been closed explicitly
CONSOLE MESSAGE: There are too many active WebGL contexts on this page, the oldest context will be lost.
CONSOLE MESSAGE: A VideoFrame was destroyed without having been closed explicitly
CONSOLE MESSAGE: A VideoFrame was destroyed without having been closed explicitly
CONSOLE MESSAGE: A VideoFrame was destroyed without having been closed explicitly
layer at (0,0) size 982x5202
  RenderView at (0,0) size 785x585
layer at (0,0) size 785x5202
  RenderBlock {HTML} at (0,0) size 785x5202 [color=#99DDBBCC] [bgcolor=#102030E0]
    RenderBody {BODY} at (8,8) size 769x5186
      RenderText {#text} at (32,137) size 26x17
        text run at (32,137) width 26: "\x{C1AA}\x{C94}"
      RenderText {#text} at (57,137) size 87x17
        text run at (57,137) width 87: "\x{4F78}\x{D83F}\x{DE8B}\x{D83F}\x{DDDC}\x{9E7}\x{C52}\x{63A9}\x{77E1}"
      RenderText {#text} at (443,137) size 62x17
        text run at (443,137) width 62: "\x{910F}\x{742A}\x{B92}\x{D83D}\x{DE81}"
      RenderText {#text} at (504,137) size 65x17
        text run at (504,137) width 65: "\x{D75}\x{BE26}\x{D83E}\x{DED9}\x{2ABB}"
      RenderText {#text} at (568,137) size 98x17
        text run at (568,137) width 98: "\x{A76}\x{44CD}\x{DF6}\x{4F0}\x{1C62}\x{FD8}\x{235A}\x{173E}\x{D83F}\x{DED7}"
      RenderText {#text} at (665,137) size 72x17
        text run at (665,137) width 72: "\x{D83E}\x{DD5B}\x{200B}\x{D83D}\x{DFEA}\x{1A46}\x{AB6F}\x{D83F}\x{DF12}"
      RenderText {#text} at (300,296) size 63x17
        text run at (300,296) width 15: "\x{34E5}"
        text run at (315,296) width 11 RTL: "\x{85D}"
        text run at (325,296) width 38: "\x{F632}\x{B956}\x{FFC}"
      RenderText {#text} at (362,296) size 123x17
        text run at (362,296) width 123: "\x{4E06}\x{CECA}\x{D83F}\x{DED1}\x{E430}\x{96AB}\x{85DD}\x{575E}\x{1D9}\x{879E}"
      RenderText {#text} at (484,296) size 79x17
        text run at (484,296) width 79: "\x{D83E}\x{DCE2}\x{AD5}\x{8870}\x{20C7}\x{B348}\x{AD31}"
      RenderText {#text} at (562,296) size 45x17
        text run at (562,296) width 35: "\x{C6E8}\x{D83E}\x{DC2A}\x{A026}"
        text run at (596,296) width 11 RTL: "\x{7DA}"
      RenderText {#text} at (606,296) size 82x17
        text run at (606,296) width 16: "\x{3FBE}"
        text run at (621,296) width 10 RTL: "\x{72F}\x{82B}"
        text run at (630,296) width 58: "\x{91B1}\x{1F7}\x{D83F}\x{DC56}\x{ED0}\x{77B4}"
      RenderText {#text} at (600,454) size 70x17
        text run at (600,454) width 70: "\x{9AA}\x{4946}\x{4B32}\x{D83E}\x{DCA5}\x{908}\x{D83F}\x{DF1A}"
      RenderImage {IMG} at (284,592) size 21x165
      RenderText {#text} at (305,744) size 80x17
        text run at (305,744) width 80: "\x{3091}\x{9AD}\x{ABA2}\x{CFD}\x{D83D}\x{DF95}\x{B13}\x{4B0E}"
      RenderText {#text} at (384,744) size 154x17
        text run at (384,744) width 63: "\x{C22}\x{4C66}\x{A99C}\x{D83E}\x{DEB0}"
        text run at (446,744) width 15 RTL: "\x{6FA}"
        text run at (460,744) width 78: "\x{F675}\x{5712}\x{E343}\x{A88A}\x{4B4}\x{608C}"
      RenderText {#text} at (553,744) size 36x17
        text run at (553,744) width 36: "\x{55A7}\x{D83F}\x{DF2E}\x{2DD8}"
      RenderText {#text} at (588,744) size 107x17
        text run at (588,744) width 60: "\x{D83E}\x{DC95}\x{16CF}\x{C63A}\x{82D}\x{A2F8}\x{D83D}\x{DFD8}"
        text run at (647,744) width 12 RTL: "\x{86B}"
        text run at (658,744) width 37: "\x{A737}\x{D83F}\x{DF22}\x{D83F}\x{DFBF}"
      RenderText {#text} at (0,744) size 762x181
        text run at (694,744) width 68: "\x{1401}\x{CD2}\x{B6E4}\x{8940}\x{AF27}"
        text run at (0,908) width 57: "\x{CAE4}\x{90}\x{8DB9}\x{1EC8}\x{FF00}"
      RenderText {#text} at (72,908) size 37x17
        text run at (72,908) width 27: "\x{B66D}\x{592}\x{D83F}\x{DEDD}"
        text run at (98,908) width 11 RTL: "\x{64A}"
      RenderText {#text} at (457,908) size 94x17
        text run at (457,908) width 94: "\x{5D93}\x{D7F}\x{5957}\x{D83E}\x{DE78}\x{51B}\x{E8D}\x{D7C}"
      RenderText {#text} at (550,908) size 120x17
        text run at (550,908) width 120: "\x{7195}\x{556F}\x{D83E}\x{DCAE}\x{ED7}\x{D83F}\x{DC74}\x{D83F}\x{DC9A}\x{D83F}\x{DF3F}\x{D83E}\x{DE67}\x{C08D}\x{2E51}"
      RenderText {#text} at (0,908) size 755x175
        text run at (669,908) width 86: "\x{D83E}\x{DF48}\x{25CA}\x{5554}\x{4281}\x{D83F}\x{DF60}\x{E4EE}\x{434E}"
        text run at (0,1066) width 20 RTL: "\x{FD79}"
        text run at (19,1066) width 26: "\x{CAA}\x{C890}"
      RenderText {#text} at (44,1066) size 42x17
        text run at (44,1066) width 42: "\x{C93}\x{D83D}\x{DE93}\x{995}"
      RenderText {#text} at (385,1066) size 99x17
        text run at (385,1066) width 99: "\x{140}\x{30B}\x{D83F}\x{DD8B}\x{E03E}\x{D83E}\x{DF2B}\x{75AD}\x{D83E}\x{DCE1}\x{E7C2}\x{CF21}\x{420}"
      RenderText {#text} at (483,1066) size 22x17
        text run at (483,1066) width 22: "\x{D83E}\x{DF49}\x{6}"
      RenderText {#text} at (504,1066) size 108x17
        text run at (504,1066) width 108: "\x{C24}\x{4EF}\x{D83F}\x{DED8}\x{30C9}\x{6D71}\x{40B1}\x{D83E}\x{DEF4}\x{F888}"
      RenderText {#text} at (611,1066) size 115x17
        text run at (611,1066) width 115: "\x{6EDD}\x{D83E}\x{DD93}\x{929}\x{6982}\x{C1A}\x{E97}\x{4E1}\x{2813}\x{3ED}\x{585}"
      RenderText {#text} at (0,1066) size 751x42
        text run at (725,1066) width 26: "\x{EFCC}\x{4DA1}"
        text run at (0,1091) width 44: "\x{13B}\x{D83E}\x{DC1C}\x{55D6}\x{A35}"
      RenderText {#text} at (0,1501) size 86x17
        text run at (0,1501) width 8: "\x{663}"
        text run at (7,1501) width 79: "\x{73A6}\x{D83D}\x{DF18}\x{F3F}\x{B3C}\x{38BB}\x{B45}\x{823}\x{D83F}\x{DC95}"
      RenderText {#text} at (85,1501) size 63x17
        text run at (85,1501) width 63: "\x{4592}\x{21E7}\x{8DB}\x{B90B}\x{499}"
      RenderText {#text} at (147,1501) size 107x17
        text run at (147,1501) width 22: "\x{D83F}\x{DD08}\x{D840}"
        text run at (168,1501) width 15 RTL: "\x{8BE}"
        text run at (182,1501) width 72: "\x{6A31}\x{407}\x{975}\x{D83F}\x{DFC9}\x{8716}\x{D83F}\x{DE6D}"
      RenderText {#text} at (253,1501) size 32x17
        text run at (253,1501) width 32: "\x{2D8F}\x{F772}"
      RenderText {#text} at (284,1501) size 11x17
        text run at (284,1501) width 11: "\x{517}\x{343}"
      RenderText {#text} at (294,1501) size 42x17
        text run at (294,1501) width 42: "\x{DDBE}\x{5A81}\x{8744}"
      RenderText {#text} at (335,1501) size 29x17
        text run at (335,1501) width 29: "\x{A2C5}\x{B79D}\x{B9}"
      RenderText {#text} at (363,1501) size 72x17
        text run at (363,1501) width 72: "\x{B3A7}\x{E810}\x{AFF5}\x{B583}\x{46FD}"
      RenderText {#text} at (434,1501) size 81x17
        text run at (434,1501) width 81: "\x{1A23}\x{991C}\x{FD7}\x{D83F}\x{DEE9}\x{D83E}\x{DC87}\x{BEF1}\x{D83E}\x{DF30}"
      RenderText {#text} at (514,1501) size 72x17
        text run at (514,1501) width 72: "\x{BC91}\x{AD3}\x{D4C}\x{95A}\x{C81E}\x{90A}"
      RenderText {#text} at (585,1501) size 108x17
        text run at (585,1501) width 37: "\x{648D}\x{D83E}\x{DCFE}\x{EED5}"
        text run at (621,1501) width 9 RTL: "\x{7D6}"
        text run at (629,1501) width 64: "\x{FE45}\x{1A75}\x{EBF6}\x{5997}\x{1B95}\x{C3C}"
      RenderText {#text} at (213,2180) size 110x17
        text run at (213,2180) width 15: "\x{730E}"
        text run at (228,2180) width 22 RTL: "\x{893}\x{63B}"
        text run at (249,2180) width 74: "\x{37B0}\x{D83D}\x{DF13}\x{7144}\x{A748}\x{D83D}\x{DEA3}\x{654}"
      RenderHTMLCanvas {CANVAS} at (322,1523) size 301x670
      RenderText {#text} at (622,2180) size 53x17
        text run at (622,2180) width 23: "\x{EAD5}\x{D5A}"
        text run at (644,2180) width 24 RTL: "\x{8B8}\x{FBA}"
        text run at (667,2180) width 8: "\x{FF}"
      RenderText {#text} at (674,2180) size 46x17
        text run at (674,2180) width 46: "\x{4E04}\x{4715}\x{2ED7}"
      RenderText {#text} at (0,2180) size 739x45
        text run at (719,2180) width 20: "\x{EDB}\x{A016}"
        text run at (0,2208) width 51: "\x{4EE}\x{D83D}\x{DF66}\x{E14F}\x{25B}\x{F27C}"
      RenderText {#text} at (50,2208) size 123x17
        text run at (50,2208) width 12 RTL: "\x{88F}"
        text run at (61,2208) width 66: "\x{56DE}\x{75E3}\x{8FF1}\x{D83E}\x{DDF9}"
        text run at (126,2208) width 11 RTL: "\x{803}"
        text run at (136,2208) width 37: "\x{185E}\x{4350}\x{295}\x{D83D}\x{DF2A}"
      RenderText {#text} at (172,2208) size 70x17
        text run at (172,2208) width 51: "\x{2AF}\x{34CD}\x{725A}\x{D83D}\x{DE76}"
        text run at (222,2208) width 20 RTL: "\x{FD02}"
      RenderText {#text} at (241,2208) size 126x17
        text run at (241,2208) width 38: "\x{D665}\x{9AD8}\x{296}"
        text run at (278,2208) width 12 RTL: "\x{FB37}"
        text run at (289,2208) width 67: "\x{BEE8}\x{D83F}\x{DE77}\x{D359}\x{9A67}\x{D83F}\x{DE37}"
        text run at (355,2208) width 12 RTL: "\x{5FC}"
      RenderText {#text} at (366,2208) size 57x17
        text run at (366,2208) width 57: "\x{A5ED}\x{C406}\x{162E}\x{9661}"
      RenderText {#text} at (422,2208) size 64x17
        text run at (422,2208) width 64: "\x{FFE}\x{3ACD}\x{4A37}\x{EEAE}\x{D83E}\x{DC79}"
      RenderText {#text} at (485,2208) size 124x17
        text run at (485,2208) width 124: "\x{A1}\x{55C}\x{F41D}\x{AA95}\x{3A64}\x{F68F}\x{D83D}\x{DF3B}\x{DA00}\x{855B}\x{C24D}\x{447D}"
      RenderText {#text} at (608,2208) size 122x17
        text run at (608,2208) width 122: "\x{F315}\x{41E}\x{DD54}\x{D83E}\x{DDE2}\x{D83D}\x{DEE9}\x{5B24}\x{BBB7}\x{A8A2}\x{24F}"
      RenderText {#text} at (0,2208) size 760x224
        text run at (729,2208) width 31: "\x{9C9D}\x{BB35}"
        text run at (0,2415) width 52: "\x{431F}\x{D83E}\x{DFBF}\x{9FE}\x{4545}"
      RenderText {#text} at (51,2415) size 138x17
        text run at (51,2415) width 71: "\x{B606}\x{C420}\x{C27D}\x{308}\x{886E}\x{563}"
        text run at (121,2415) width 14 RTL: "\x{77D}"
        text run at (134,2415) width 55: "\x{3948}\x{5EF4}\x{A28E}\x{BAB6}"
      RenderText {#text} at (204,2415) size 114x17
        text run at (204,2415) width 114: "\x{CFC9}\x{AB02}\x{BFB0}\x{D83F}\x{DE32}\x{3CC0}\x{8AD8}\x{2711}\x{4D25}"
      RenderText {#text} at (317,2415) size 104x17
        text run at (317,2415) width 104: "\x{19EE}\x{9E44}\x{E64A}\x{D83E}\x{DC17}\x{D83E}\x{DE59}\x{62A1}\x{1F7}\x{7F8F}"
      RenderText {#text} at (420,2415) size 46x17
        text run at (420,2415) width 46: "\x{2458}\x{D83E}\x{DDEF}\x{27C8}"
      RenderText {#text} at (465,2415) size 28x17
        text run at (465,2415) width 28: "\x{C985}\x{1645}"
      RenderImage {IMG} at (492,2227) size 182x201
      RenderText {#text} at (673,2415) size 61x17
        text run at (673,2415) width 61: "\x{D83F}\x{DE63}\x{D83D}\x{DEC6}\x{3355}\x{D83E}\x{DF0E}\x{17A6}"
      RenderText {#text} at (290,2554) size 67x17
        text run at (290,2554) width 67: "\x{89}\x{4AC3}\x{9A87}\x{E4F1}\x{8154}"
      RenderText {#text} at (356,2554) size 120x17
        text run at (356,2554) width 72: "\x{D83E}\x{DE82}\x{1D98}\x{629D}\x{AE61}\x{7BCB}"
        text run at (427,2554) width 14 RTL: "\x{852}"
        text run at (440,2554) width 36: "\x{B2BB}\x{28EC}\x{29B1}"
      RenderText {#text} at (475,2554) size 51x17
        text run at (475,2554) width 51: "\x{D83D}\x{DF4E}\x{D83F}\x{DC12}\x{634B}\x{6008}"
      RenderText {#text} at (525,2554) size 118x17
        text run at (525,2554) width 118: "\x{278}\x{4C70}\x{905}\x{D83E}\x{DD64}\x{D83E}\x{DED5}\x{A441}\x{D83F}\x{DE86}\x{D83E}\x{DFDA}\x{D83F}\x{DFAB}"
      RenderText {#text} at (0,2554) size 767x175
        text run at (642,2554) width 71: "\x{2F6C}\x{9192}\x{586B}\x{291}\x{4D45}"
        text run at (712,2554) width 25 RTL: "\x{FD21}"
        text run at (736,2554) width 31: "\x{CF1C}\x{8A0B}"
        text run at (0,2712) width 11: "\x{E4C8}"
      RenderImage {IMG} at (10,2573) size 295x152
      RenderText {#text} at (304,2712) size 88x17
        text run at (304,2712) width 40: "\x{A78E}\x{63A3}\x{C4AF}"
        text run at (343,2712) width 10 RTL: "\x{843}"
        text run at (352,2712) width 40: "\x{30B2}\x{AE1B}\x{A810}"
      RenderText {#text} at (391,2712) size 26x17
        text run at (391,2712) width 26: "\x{D83D}\x{DEED}\x{98D1}"
      RenderText {#text} at (416,2712) size 103x17
        text run at (416,2712) width 103: "\x{C934}\x{C655}\x{1CA}\x{ACA}\x{D83E}\x{DC1C}'\x{D83E}\x{DD9D}\x{D83F}\x{DC62}"
      RenderText {#text} at (518,2712) size 81x17
        text run at (518,2712) width 27: "\x{BCE}\x{3CEB}"
        text run at (544,2712) width 9 RTL: "\x{5E8}"
        text run at (552,2712) width 47: "\x{397B}\x{F98}\x{A58}\x{2104}"
      RenderImage {IMG} at (300,2765) size 26x233
      RenderText {#text} at (626,2985) size 70x17
        text run at (626,2985) width 55: "\x{D83D}\x{DEF7}\x{83C5}\x{D83E}\x{DDE1}"
        text run at (681,2985) width 15 RTL: "\x{5D4}\x{846}"
      RenderText {#text} at (0,2985) size 756x252
        text run at (695,2985) width 61: "\x{D8E}\x{9EB9}\x{9FD5}\x{D83F}\x{DE5F}"
        text run at (0,3220) width 53: "\x{88DA}\x{655}\x{D83F}\x{DF38}\x{B757}\x{3D8}\x{FE2A}"
      RenderText {#text} at (52,3220) size 48x17
        text run at (52,3220) width 48: "\x{2602}\x{5A15}\x{1797}\x{A38}"
      RenderText {#text} at (99,3220) size 52x17
        text run at (99,3220) width 52: "\x{DA07}\x{547E}\x{D83D}\x{DF3C}\x{8CAF}"
      RenderImage {IMG} at (150,3004) size 247x229
      RenderText {#text} at (396,3220) size 47x17
        text run at (396,3220) width 47: "\x{D83F}\x{DC3E}\x{262}\x{3E0D}\x{E7E9}"
      RenderText {#text} at (442,3220) size 103x17
        text run at (442,3220) width 27: "\x{D851}\x{5F41}"
        text run at (468,3220) width 20 RTL: "\x{837}"
        text run at (487,3220) width 58: "\x{B48}\x{D83E}\x{DCB0}\x{BDCB}\x{B8EC}"
      RenderText {#text} at (544,3220) size 46x17
        text run at (544,3220) width 46: "\x{7A6}\x{90EE}\x{548D}\x{B538}"
      RenderText {#text} at (589,3220) size 60x17
        text run at (589,3220) width 8: "\x{31F}"
        text run at (596,3220) width 8 RTL: "\x{676}"
        text run at (603,3220) width 46: "\x{7053}\x{2F9B}\x{305}\x{657A}"
      RenderText {#text} at (648,3220) size 105x17
        text run at (648,3220) width 63: "\x{A6B}\x{AA0}\x{4013}\x{8F6E}\x{A9D1}\x{6DB}"
        text run at (710,3220) width 6 RTL: "\x{FE97}"
        text run at (715,3220) width 38: "\x{7754}\x{2FAF}\x{D83D}\x{DF4C}"
      RenderText {#text} at (0,3220) size 764x47
        text run at (752,3220) width 12: "\x{2EF8}"
        text run at (0,3250) width 15: "\x{37A9}"
      RenderText {#text} at (0,3421) size 56x17
        text run at (0,3421) width 56: "\x{D83F}\x{DC0D}\x{67DC}\x{6EA3}\x{3A79}"
      RenderText {#text} at (55,3421) size 67x17
        text run at (55,3421) width 67: "\x{1}\x{CA89}\x{7852}\x{BDBC}\x{BED}"
      RenderText {#text} at (0,3834) size 55x17
        text run at (0,3834) width 55: "\x{3EA}\x{5659}\x{B224}\x{5A3A}"
      RenderImage {IMG} at (54,3788) size 47x59
      RenderText {#text} at (100,3834) size 93x17
        text run at (100,3834) width 93: "\x{7D65}\x{4D20}\x{898}\x{D83F}\x{DE70}\x{B767}\x{90C}\x{4CCF}"
      RenderText {#text} at (527,3834) size 122x17
        text run at (527,3834) width 122: "\x{8AA4}\x{A3E}\x{B9F}\x{1F10}\x{E49}\x{D83F}\x{DF44}\x{B78}\x{CE88}\x{19F5}\x{D83D}\x{DEC0}"
      RenderText {#text} at (648,3834) size 93x17
        text run at (648,3834) width 67: "\x{DAB}\x{B758}\x{E82}\x{339}\x{D754}\x{98B}"
        text run at (714,3834) width 12 RTL: "\x{895}"
        text run at (725,3834) width 16: "\x{B544}"
      RenderText {#text} at (0,3973) size 117x17
        text run at (0,3973) width 117: "\x{5DE9}\x{BAC7}\x{615A}\x{443}\x{D83E}\x{DC0B}\x{5AE9}\x{FB8}\x{3E2D}\x{45A8}"
      RenderImage {IMG} at (116,3920) size 156x66
      RenderText {#text} at (271,3973) size 111x17
        text run at (271,3973) width 111: "\x{4456}\x{763D}\x{6858}\x{3197}\x{7B4A}\x{A6C5}\x{13D1}\x{AE2C}"
      RenderText {#text} at (381,3973) size 82x17
        text run at (381,3973) width 82: "\x{4907}\x{B652}\x{D83E}\x{DE43}\x{CBD5}\x{C520}\x{459}"
      RenderImage {IMG} at (462,3859) size 288x127
      RenderText {#text} at (0,4001) size 120x17
        text run at (0,4001) width 120: "\x{D83F}\x{DDA7}\x{363}\x{D83E}\x{DC47}\x{5E75}\x{D83F}\x{DE23}\x{1AE}\x{A8E5}\x{D83F}\x{DEF3}\x{48DF}\x{5107}"
      RenderText {#text} at (119,4001) size 27x17
        text run at (119,4001) width 27: "\x{E95D}\x{BA46}"
      RenderText {#text} at (145,4001) size 110x17
        text run at (145,4001) width 99: "\x{6D9B}\x{D83D}\x{DE24}\x{8BA2}\x{6CE6}\x{E9B}\x{D83E}\x{DFA8}\x{1361}\x{22DE}"
        text run at (243,4001) width 12 RTL: "\x{621}\x{709}"
      RenderText {#text} at (254,4001) size 35x17
        text run at (254,4001) width 35: "\x{D83F}\x{DD69}\x{5660}\x{A0E6}"
      RenderText {#text} at (288,4001) size 84x17
        text run at (288,4001) width 84: "\x{6B8D}\x{CD3F}{\x{BA63}\x{D83F}\x{DC58}\x{D83E}\x{DE79}"
      RenderText {#text} at (371,4001) size 79x17
        text run at (371,4001) width 79: "\x{6BB9}\x{D83F}\x{DEA4}\x{2C97}\x{2972}\x{1BF}\x{DE85}\x{CFE7}"
      RenderText {#text} at (449,4001) size 67x17
        text run at (449,4001) width 67: "\x{EF1}\x{B007}\x{3F51}\x{261D}\x{D83F}\x{DC63}"
      RenderText {#text} at (515,4001) size 76x17
        text run at (515,4001) width 44: "\x{98B8}\x{29B}\x{9DD}\x{D83E}\x{DF77}"
        text run at (558,4001) width 12 RTL: "\x{812}"
        text run at (569,4001) width 22: "\x{970}\x{4E6C}"
      RenderText {#text} at (590,4001) size 140x17
        text run at (590,4001) width 140: "\x{D83D}\x{DFE5}\x{D83E}\x{DC26}\x{61CA}\x{D83E}\x{DE1C}\x{D83E}\x{DC4B}\x{8674}\x{3056}\x{1992}\x{37B8}\x{8F24}"
      RenderImage {IMG} at (0,4272) size 76x41
      RenderText {#text} at (76,4300) size 26x17
        text run at (76,4300) width 26: "\x{E444}\x{8A50}"
      RenderText {#text} at (101,4300) size 123x17
        text run at (101,4300) width 123: "\x{6E4}\x{312}\x{D83E}\x{DDBF}\x{D3EF}\x{2A01}\x{8F1B}\x{24D5}\x{D83F}\x{DD89}\x{CE5}\x{4551}"
      RenderImage {IMG} at (223,4251) size 56x62
      RenderText {#text} at (278,4300) size 31x17
        text run at (278,4300) width 31: "\x{D70}\x{3846}"
      RenderText {#text} at (308,4300) size 81x17
        text run at (308,4300) width 81: "\x{9AA4}\x{116F}\x{D83F}\x{DCB4}\x{2376}\x{D945}\x{F70C}\x{907}"
      RenderText {#text} at (388,4300) size 69x17
        text run at (388,4300) width 7 RTL: "\x{692}"
        text run at (394,4300) width 63: "\x{D83E}\x{DF0B}\x{996}\x{4A8}\x{D7}\x{EABE}\x{AAB0}"
      RenderImage {IMG} at (0,4363) size 298x170
      RenderText {#text} at (298,4520) size 103x17
        text run at (298,4520) width 103: "\x{CAD}\x{D94}\x{4B88}\x{816}\x{394D}\x{F0ED}\x{36A2}\x{A98}\x{3A3E}"
      RenderText {#text} at (438,4520) size 100x17
        text run at (438,4520) width 100: "\x{D83F}\x{DEC6}\x{D55E}\x{402}\x{D83F}\x{DF7B}\x{8A4E}\x{CADE}\x{B7B1}\x{1E61}"
      RenderText {#text} at (537,4520) size 117x17
        text run at (537,4520) width 32: "\x{B25}\x{D83F}\x{DC03}\x{D83F}\x{DD50}"
        text run at (568,4520) width 10 RTL: "\x{79B}"
        text run at (577,4520) width 77: "\x{D83E}\x{DDC3}\x{576}\x{E20F}\x{280}\x{4DEE}\x{13A}\x{F0F9}"
      RenderImage {IMG} at (0,4540) size 292x253
      RenderText {#text} at (292,4780) size 103x17
        text run at (292,4780) width 103: "\x{24DD}\x{1788}\x{D83E}\x{DE55}\x{6EB}\x{103}\x{D83E}\x{DE5C}\x{D83E}\x{DDEB}\x{DB9}"
      RenderText {#text} at (394,4780) size 105x17
        text run at (394,4780) width 105: "\x{10D}\x{BA96}\x{12FD}\x{D83E}\x{DE2D}\x{965}\x{9671}\x{1C5}\x{4E8F}"
      RenderText {#text} at (498,4780) size 102x17
        text run at (498,4780) width 102: "\x{52B}\x{D83E}\x{DEB4}\x{6B33}\x{6575}\x{2DB}\x{F261}\x{9F9}\x{7167}"
      RenderText {#text} at (599,4780) size 116x17
        text run at (599,4780) width 116: "\x{1FA5}\x{D272}\x{923B}\x{658}\x{65F1}\x{BE17}\x{2CD9}\x{C06}\x{E310}\x{D83F}\x{DCED}"
      RenderText {#text} at (0,4811) size 34x17
        text run at (0,4811) width 34: "\x{123E}\x{D83E}\x{DCAA}\x{D83E}\x{DF0C}"
      RenderText {#text} at (33,4811) size 120x17
        text run at (33,4811) width 26: "\x{24BF}\x{B00}"
        text run at (58,4811) width 12 RTL: "\x{5FF}"
        text run at (69,4811) width 14: "\x{2FA}\x{B13}"
        text run at (82,4811) width 11 RTL: "\x{8BC}"
        text run at (92,4811) width 61: "\x{B7B}\x{FD1}\x{D83F}\x{DF3C}\x{CEF8}\x{9508}"
      RenderText {#text} at (152,4811) size 88x17
        text run at (152,4811) width 88: "\x{7A2A}\x{F372}\x{8321}\x{EC39}\x{9A92}\x{F10}\x{BD6D}"
      RenderText {#text} at (239,4811) size 88x17
        text run at (239,4811) width 88: "\x{115}\x{6749}\x{D83D}\x{DEAA}\x{BB6A}\x{C0F2}\x{52EF}"
      RenderText {#text} at (326,4811) size 22x17
        text run at (326,4811) width 22: "\x{D83E}\x{DF52}\x{D83E}\x{DE24}"
      RenderText {#text} at (347,4811) size 111x17
        text run at (347,4811) width 111: "\x{C403}\x{ED76}\x{F09D}\x{D83E}\x{DCC4}\x{DE85}\x{356}\x{96C6}\x{E0BE}\x{BF7}"
      RenderText {#text} at (457,4811) size 79x17
        text run at (457,4811) width 79: "\x{ECB8}\x{68FB}\x{7337}\x{C07}\x{FE0}\x{8A1C}"
      RenderText {#text} at (535,4811) size 85x17
        text run at (535,4811) width 85: "\x{B050}\x{7756}\x{372}\x{D83D}\x{DFF3}\x{D22}\x{12C}\x{29B8}"
      RenderText {#text} at (619,4811) size 100x17
        text run at (619,4811) width 80: "\x{D83F}\x{DD83}\x{D83F}\x{DD58}\x{6EE2}\x{47A3}\x{10B}\x{2CC7}\x{BC62}"
        text run at (698,4811) width 10 RTL: "\x{67F}"
        text run at (707,4811) width 12: "\x{D83F}\x{DC12}"
      RenderText {#text} at (0,4811) size 752x45
        text run at (718,4811) width 34: "\x{F24}\x{A756}\x{4864}"
        text run at (0,4839) width 116: "\x{D83D}\x{DF2C}\x{D83E}\x{DD04}\x{D83D}\x{DFF9}\x{D83E}\x{DD6D}\x{D83D}\x{DF33}\x{9AA9}\x{FF4C}\x{D83E}\x{DEAD}"
      RenderText {#text} at (115,4839) size 52x17
        text run at (115,4839) width 27: "\x{84E2}\x{D83E}\x{DCB2}"
        text run at (141,4839) width 11 RTL: "\x{793}"
        text run at (151,4839) width 16: "\x{812B}"
      RenderText {#text} at (166,4839) size 119x17
        text run at (166,4839) width 119: "\x{CD98}\x{D83E}\x{DEF8}\x{D83E}\x{DDA7}\x{AF08}\x{4EB8}\x{1243}\x{B2E}\x{FF7}"
      RenderText {#text} at (284,4839) size 96x17
        text run at (284,4839) width 96: "\x{1E56}\x{DB7F}\x{3BE0}\x{9F86}\x{4C4D}\x{D83F}\x{DCB1}\x{D83E}\x{DD9F}"
      RenderText {#text} at (379,4839) size 60x17
        text run at (379,4839) width 16: "\x{AC6C}"
        text run at (394,4839) width 15 RTL: "\x{84C}"
        text run at (408,4839) width 31: "\x{3CFB}\x{C01}"
      RenderText {#text} at (438,4839) size 84x17
        text run at (438,4839) width 84: "\x{C96F}\x{CFE}\x{D83E}\x{DD4C}\x{2EB1}\x{BFB}\x{D83F}\x{DFDA}"
      RenderText {#text} at (521,4839) size 74x17
        text run at (521,4839) width 74: "\x{966}\x{D83D}\x{DE44}\x{F51D}\x{D83E}\x{DF45}\x{F91}\x{2772}\x{D83F}\x{DF3B}"
      RenderText {#text} at (594,4839) size 89x17
        text run at (594,4839) width 67: "\x{94A5}\x{8A96}\x{6D75}\x{D83F}\x{DC81}\x{180}"
        text run at (660,4839) width 12 RTL: "\x{6A6}"
        text run at (671,4839) width 12: "\x{D83F}\x{DC37}"
      RenderText {#text} at (682,4839) size 78x17
        text run at (682,4839) width 58: "\x{EA1}\x{FB1}\x{A34}\x{5543}\x{D83F}\x{DF64}"
        text run at (739,4839) width 13 RTL: "\x{801}"
        text run at (751,4839) width 9: "\x{2EE1}"
      RenderText {#text} at (0,4865) size 34x17
        text run at (0,4865) width 34: "\x{1498}\x{D83F}\x{DE40}\x{D83E}\x{DC29}"
      RenderText {#text} at (33,4865) size 23x17
        text run at (33,4865) width 23: "\x{3040}\x{D83E}\x{DE44}"
      RenderText {#text} at (55,4865) size 74x17
        text run at (55,4865) width 74: "\x{D83F}\x{DF07}\x{DE60}\x{958}\x{D83F}\x{DD30}\x{4AC5}\x{3F37}"
      RenderText {#text} at (128,4865) size 133x17
        text run at (128,4865) width 133: "\x{7F0}\x{9CF}\x{C47A}\x{D74}\x{161C}\x{1F13}\x{97BB}\x{4FF7}\x{3AEF}\x{D83E}\x{DC98}\x{DDA}"
      RenderText {#text} at (260,4865) size 111x17
        text run at (260,4865) width 111: "\x{E60A}\x{5E72}\x{FAFC}\x{A318}\x{960}\x{9825}\x{265E}\x{6633}\x{6C91}"
      RenderText {#text} at (370,4865) size 109x17
        text run at (370,4865) width 61: "\x{739A}\x{2679}\x{24C2}\x{4019}"
        text run at (430,4865) width 12 RTL: "\x{5C9}"
        text run at (441,4865) width 38: "\x{CEE6}\x{D83E}\x{DF11}\x{A44}"
      RenderText {#text} at (478,4865) size 32x17
        text run at (478,4865) width 32: "\x{A89}\x{D83E}\x{DE59}\x{D83E}\x{DE6F}"
      RenderText {#text} at (509,4865) size 83x17
        text run at (509,4865) width 68: "\x{C1D6}\x{DC6A}\x{6930}\x{9921}\x{432}\x{ED}"
        text run at (576,4865) width 5 RTL: "\x{701}"
        text run at (580,4865) width 12: "\x{C84}"
      RenderText {#text} at (591,4865) size 98x17
        text run at (591,4865) width 98: "\x{D83D}\x{DE53}\x{D83F}\x{DC79}\x{C460}\x{BEF2}\x{4C04}\x{156}\x{372}\x{47A}"
      RenderText {#text} at (688,4865) size 23x17
        text run at (688,4865) width 23: "\x{D83E}\x{DC7C}\x{D83F}\x{DC5B}"
      RenderText {#text} at (0,4865) size 756x43
        text run at (710,4865) width 46: "\x{37FE}\x{9416}\x{9668}"
        text run at (0,4891) width 54: "\x{E6B0}\x{F1F}\x{E27B}\x{B1B}\x{6F8B}"
      RenderText {#text} at (53,4891) size 89x17
        text run at (53,4891) width 89: "\x{533}\x{D83F}\x{DDD9}\x{C481}\x{C5EC}\x{A889}\x{49D9}\x{D83F}\x{DEBB}"
      RenderText {#text} at (141,4891) size 120x17
        text run at (141,4891) width 16: "\x{589C}"
        text run at (156,4891) width 12 RTL: "\x{5CC}"
        text run at (167,4891) width 49: "\x{1FF}\x{8296}\x{D83F}\x{DD87}\x{C9CD}"
        text run at (215,4891) width 11 RTL: "\x{5E1}"
        text run at (225,4891) width 12: "\x{EB97}"
        text run at (236,4891) width 14 RTL: "\x{8B6}"
        text run at (249,4891) width 12: "\x{D83E}\x{DE33}"
      RenderText {#text} at (260,4891) size 70x17
        text run at (260,4891) width 70: "\x{29E}\x{3AD8}\x{911F}\x{4170}\x{89AC}"
      RenderText {#text} at (329,4891) size 127x17
        text run at (329,4891) width 127: "\x{DAE}\x{D83E}\x{DFD0}\x{D676}\x{7A82}\x{D83F}\x{DC92}\x{D33}\x{99C8}\x{D83E}\x{DD52}\x{8FDE}\x{140}"
      RenderText {#text} at (455,4891) size 145x17
        text run at (455,4891) width 128: "\x{D83E}\x{DCB1}\x{D83E}\x{DCB7}\x{D83F}\x{DDE3}\x{B97C}\x{C855}\x{CD5B}\x{CF1}\x{C54C}\x{4043}\x{1535}"
        text run at (587,4891) width 13 RTL: "\x{83D}"
      RenderText {#text} at (582,4891) size 84x17
        text run at (582,4891) width 6 RTL: "\x{5D5}"
        text run at (599,4891) width 67: "\x{5E92}\x{1E8A}\x{9A39}\x{D29}\x{D83F}\x{DEBA}"
      RenderText {#text} at (665,4891) size 31x17
        text run at (665,4891) width 31: "\x{47B5}\x{8C8D}"
      RenderText {#text} at (0,4891) size 764x45
        text run at (695,4891) width 69: "\x{275C}\x{145}\x{C5C7}\x{F654}\x{DAD7}\x{BDD7}"
        text run at (0,4919) width 19: "n\x{F047}"
      RenderText {#text} at (18,4919) size 120x17
        text run at (18,4919) width 28: "\x{ABB4}\x{AACB}\x{A19}"
        text run at (45,4919) width 15 RTL: "\x{717}"
        text run at (59,4919) width 79: "\x{E620}\x{D83E}\x{DC2C}\x{D83D}\x{DE54}\x{2C3}\x{BD07}\x{536}\x{4AFF}"
      RenderText {#text} at (137,4919) size 63x17
        text run at (137,4919) width 32: "\x{D83E}\x{DDCC}\x{D83E}\x{DC21}"
        text run at (168,4919) width 17 RTL: "\x{6BE}\x{769}"
        text run at (184,4919) width 16: "\x{41BE}"
      RenderText {#text} at (199,4919) size 41x17
        text run at (199,4919) width 15 RTL: "\x{808}"
        text run at (213,4919) width 27: "\x{D83E}\x{DE4B}\x{4961}"
      RenderText {#text} at (239,4919) size 48x17
        text run at (239,4919) width 48: "\x{2CE9}\x{E5A6}\x{7C86}\x{10}"
      RenderText {#text} at (286,4919) size 140x17
        text run at (286,4919) width 140: "\x{D83F}\x{DE92}\x{E10B}\x{E644}\x{346D}\x{DD9}\x{EC1}\x{1D39}\x{BAE0}\x{CCC}\x{D0A}\x{272D}"
      RenderText {#text} at (425,4919) size 144x17
        text run at (425,4919) width 144: "\x{8E33}\x{F5F6}\x{D83E}\x{DD52}\x{542C}\x{AE0C}\x{33F}\x{B49F}\x{D83E}\x{DCA8}\x{DA4}\x{D83F}\x{DC82}\x{6138}"
      RenderText {#text} at (568,4919) size 102x17
        text run at (568,4919) width 33: "\x{D83F}\x{DF2D}\x{F4A7}\x{E7C6}"
        text run at (600,4919) width 10 RTL: "\x{639}"
        text run at (609,4919) width 27: "\x{FDD}\x{8C02}"
        text run at (635,4919) width 5 RTL: "\x{627}"
        text run at (639,4919) width 31: "\x{64C5}\x{3878}"
      RenderText {#text} at (0,4919) size 768x44
        text run at (669,4919) width 99: "\x{911D}\x{B0A}\x{D83E}\x{DF5D}\x{530D}\x{D6F0}\x{302}\x{9DF7}\x{D18}"
        text run at (0,4946) width 15: "\x{B088}\x{EC9}"
      RenderText {#text} at (14,4946) size 27x17
        text run at (14,4946) width 12: "\x{D83F}\x{DDBE}"
        text run at (35,4946) width 6 RTL: "\x{6C0}"
      RenderText {#text} at (25,4946) size 76x17
        text run at (25,4946) width 11 RTL: "\x{6D1}"
        text run at (40,4946) width 61: "\x{B7EC}\x{DC39}\x{73EF}\x{1F90}\x{D83E}\x{DFE6}"
      RenderText {#text} at (100,4946) size 132x17
        text run at (100,4946) width 111: "\x{326D}\x{F53}\x{D83E}\x{DCAB}\x{482}\x{D83E}\x{DFFE}\x{B32F}\x{D83F}\x{DD03}\x{5C3E}\x{3D9C}"
        text run at (210,4946) width 22 RTL: "\x{FCFC}"
      RenderText {#text} at (231,4946) size 102x17
        text run at (231,4946) width 77: "\x{8950}\x{4E2A}\x{EDC}\x{D83E}\x{DCD7}\x{D83F}\x{DD84}\x{44E}"
        text run at (307,4946) width 11 RTL: "\x{848}"
        text run at (317,4946) width 16: "\x{AF80}"
      RenderText {#text} at (332,4946) size 129x17
        text run at (332,4946) width 129: "\x{54D7}\x{E79C}\x{8C16}\x{63C6}\x{F54D}\x{8CEB}\x{8E6}\x{D83E}\x{DD1E}\x{F5BB}\x{AD09}"
      RenderText {#text} at (460,4946) size 95x17
        text run at (460,4946) width 95: "\x{D07B}\x{D83D}\x{DEBF}\x{C5}\x{D83E}\x{DCF7}\x{F8}\x{4AC9}\x{6E8E}"
      RenderText {#text} at (554,4946) size 112x17
        text run at (554,4946) width 112: "\x{C7FE}\x{AE4D}\x{4827}\x{BA55}\x{62AD}\x{FBA}\x{6065}\x{4EFC}"
      RenderText {#text} at (0,4946) size 755x45
        text run at (665,4946) width 90: "\x{10C6}\x{4BF}\x{BBE4}\x{D3B}\x{A0A}\x{B8E}\x{1487}\x{D83F}\x{DC7C}"
        text run at (0,4974) width 32: "\x{23D}\x{1AA}\x{8F3F}"
      RenderText {#text} at (31,4974) size 36x17
        text run at (31,4974) width 36: "\x{328}\x{E96}\x{D83F}\x{DF71}\x{F10F}"
      RenderText {#text} at (66,4974) size 88x17
        text run at (66,4974) width 88: "\x{614A}\x{C870}\x{E997}\x{D83F}\x{DE46}\x{2D8B}\x{B80}\x{EFC4}"
      RenderText {#text} at (153,4974) size 140x17
        text run at (153,4974) width 140: "\x{496B}\x{D83F}\x{DE84}\x{D3D8}\x{D83D}\x{DF44}\x{1244}\x{D83E}\x{DD7C}\x{3C8A}\x{D73F}\x{E6DF}\x{D83F}\x{DD5E}"
      RenderText {#text} at (292,4974) size 11x17
        text run at (292,4974) width 11: "\x{2995}\x{F7D}"
      RenderText {#text} at (302,4974) size 60x17
        text run at (302,4974) width 60: "\x{515D}\x{DEA}k\x{D83F}\x{DDE9}\x{D099}"
      RenderText {#text} at (361,4974) size 83x17
        text run at (361,4974) width 83: "\x{4936}\x{A04}\x{D83D}\x{DE68}\x{7F8E}\x{5145}\x{3B80}"
      RenderText {#text} at (443,4974) size 42x17
        text run at (443,4974) width 42: "\x{B92B}\x{B663}\x{D83F}\x{DF52}"
      RenderText {#text} at (484,4974) size 32x17
        text run at (484,4974) width 32: "\x{D83F}\x{DD45}\x{4C8}\x{1500}"
      RenderText {#text} at (515,4974) size 103x17
        text run at (515,4974) width 11 RTL: "\x{649}"
        text run at (525,4974) width 93: "Y\x{E2}\x{D83D}\x{DFCF}\x{BE7}\x{E856}\x{D83D}\x{DF5D}\x{96CF}\x{76BA}"
      RenderText {#text} at (617,4974) size 71x17
        text run at (617,4974) width 71: "\x{3190}\x{B978}\x{898}\x{AD2C}\x{CF05}"
      RenderText {#text} at (687,4974) size 49x17
        text run at (687,4974) width 49: "\x{D83F}\x{DC2C}\x{DDE0}\x{2E3F}\x{3B9A}"
      RenderText {#text} at (0,5002) size 78x17
        text run at (0,5002) width 31: "\x{D83E}\x{DE42}\x{A6E}\x{D9FC}"
        text run at (30,5002) width 18 RTL: "\x{FC17}"
        text run at (47,5002) width 31: "\x{24A9}\x{5434}"
      RenderText {#text} at (77,5002) size 138x17
        text run at (77,5002) width 138: "\x{8EB0}\x{D83F}\x{DCBB}\x{8B92}\x{4961}\x{D83F}\x{DE5F}\x{815F}\x{1496}\x{75DF}\x{F135}\x{D83E}\x{DCAE}\x{AB94}"
      RenderText {#text} at (214,5002) size 119x17
        text run at (214,5002) width 119: "\x{7}\x{F4E}\x{E9C5}\x{D83E}\x{DD16}\x{FF4}\x{C8B2}\x{8885}\x{1181}\x{D83F}\x{DDD6}"
      RenderText {#text} at (332,5002) size 138x17
        text run at (332,5002) width 138: "\x{F40D}\x{D83E}\x{DE7B}\x{D83F}\x{DE68}\x{481}\x{1242}\x{BA41}\x{8A50}\x{D83F}\x{DD54}\x{2F2A}\x{D83D}\x{DE49}"
      RenderText {#text} at (469,5002) size 137x17
        text run at (469,5002) width 137: "\x{884F}\x{146B}\x{D9C5}\x{D83E}\x{DF3C}\x{40EA}\x{BCD5}\x{5E1B}\x{A59}\x{D83E}\x{DCDD}\x{D83F}\x{DDF0}\x{7C60}"
      RenderText {#text} at (605,5002) size 119x17
        text run at (605,5002) width 119: "\x{5BB}\x{D83D}\x{DF58}\x{994}\x{D6F}\x{D83F}\x{DCBF}\x{1E35}\x{DD08}\x{90FE}\x{16AD}\x{B0D1}\x{5E87}"
      RenderText {#text} at (0,5002) size 758x45
        text run at (723,5002) width 35: "\x{78F9}\x{D83F}\x{DC10}\x{A0E3}"
        text run at (0,5030) width 15: "\x{5AFC}"
      RenderText {#text} at (15,5030) size 130x17
        text run at (15,5030) width 130: "\x{5084}\x{BECB}\x{6B64}\x{D83E}\x{DC65}\x{D72B}\x{7CD8}\x{D83F}\x{DC17}\x{9C6}\x{D83F}\x{DEF6}\x{7A6}"
      RenderText {#text} at (144,5030) size 67x17
        text run at (144,5030) width 67: "\x{21AA}\x{C3A9}\x{32C1}\x{1E22}\x{D00}"
      RenderText {#text} at (210,5030) size 111x17
        text run at (210,5030) width 10 RTL: "\x{682}"
        text run at (219,5030) width 102: "\x{78A3}\x{E49}\x{B61}\x{C2}\x{E55}\x{555}\x{3F5}\x{A4E9}\x{34EC}\x{D83E}\x{DE4D}"
      RenderText {#text} at (320,5030) size 96x17
        text run at (320,5030) width 42: "\x{5699}\x{8FFA}\x{F786}"
        text run at (361,5030) width 9 RTL: "\x{685}"
        text run at (369,5030) width 47: "\x{1D3F}\x{DB6B}\x{BF05}\x{4083}"
      RenderText {#text} at (415,5030) size 35x17
        text run at (415,5030) width 31: "\x{7F14}\x{9D87}"
        text run at (445,5030) width 5 RTL: "\x{627}"
      RenderText {#text} at (449,5030) size 53x17
        text run at (449,5030) width 53: "\x{D83F}\x{DD01}\x{4ED3}\x{60F4}\x{2C4D}"
      RenderText {#text} at (501,5030) size 52x17
        text run at (501,5030) width 52: "\x{D404}\x{ADEF}\x{558}\x{D83F}\x{DC9A}"
      RenderText {#text} at (552,5030) size 73x17
        text run at (552,5030) width 12: "\x{D83E}\x{DF0D}"
        text run at (563,5030) width 12 RTL: "\x{5EA}"
        text run at (574,5030) width 51: "\x{1211}\x{EE55}\x{1C8A}\x{D83F}\x{DEAD}"
      RenderText {#text} at (0,5030) size 744x42
        text run at (624,5030) width 120: "\x{D83E}\x{DE97}\x{AFC9}\x{D83F}\x{DC32}\x{D83F}\x{DD2F}\x{20A}\x{F3F1}\x{D83E}\x{DD8F}\x{2E70}\x{3838}"
        text run at (0,5055) width 11: "\x{D83E}\x{DF9C}"
      RenderText {#text} at (10,5055) size 121x17
        text run at (10,5055) width 121: "\x{D83E}\x{DC74}\x{D83D}\x{DF80}\x{FAE}\x{EA64}\x{525}\x{D83F}\x{DF92}\x{D83E}\x{DE4A}\x{4F6}\x{D83F}\x{DE5D}\x{D83E}\x{DF5C}\x{88DC}"
      RenderText {#text} at (130,5055) size 38x17
        text run at (130,5055) width 38: "\x{6B58}\x{CF96}\x{168B}"
      RenderText {#text} at (167,5055) size 108x17
        text run at (167,5055) width 50: "\x{B850}\x{D83D}\x{DF15}\x{850E}\x{C90}"
        text run at (216,5055) width 8 RTL: "\x{6C1}"
        text run at (223,5055) width 52: "\x{D83F}\x{DF5B}\x{6949}\x{4E7E}\x{9BA}"
      RenderText {#text} at (274,5055) size 110x17
        text run at (274,5055) width 12: "\x{D83E}\x{DC0E}"
        text run at (285,5055) width 10 RTL: "\x{7D5}"
        text run at (294,5055) width 90: "\x{3ADE}\x{D83D}\x{DFBF}\x{55B}\x{D83E}\x{DFD0}\x{F3C9}\x{AFC}\x{D83F}\x{DEA7}\x{FD5}\x{B6C}"
      RenderText {#text} at (383,5055) size 57x17
        text run at (383,5055) width 57: "\x{945}\x{5DA4}\x{D83E}\x{DDEE}\x{53A}"
      RenderText {#text} at (439,5055) size 107x17
        text run at (439,5055) width 107: "\x{81F7}\x{48AB}\x{2610}\x{6F92}\x{D83E}\x{DC73}\x{8881}\x{45F}\x{F920}"
      RenderText {#text} at (545,5055) size 128x17
        text run at (545,5055) width 128: "\x{E4B}\x{DD7}\x{736}\x{F5A}\x{7373}\x{532}\x{D83E}\x{DC9E}\x{D83E}\x{DE64}\x{274A}\x{CBF1}\x{6AA5}"
      RenderText {#text} at (0,5055) size 751x45
        text run at (672,5055) width 79: "\x{DEDD}\x{DC4D}\x{D83F}\x{DEBA}\x{D83F}\x{DE46}\x{F56F}\x{141D}\x{BA38}"
        text run at (0,5083) width 48: "\x{E100}\x{E5A4}\x{E4D8}\x{6679}"
      RenderText {#text} at (47,5083) size 51x17
        text run at (47,5083) width 51: "\x{8AC3}\x{5294}\x{E15}\x{F006}"
      RenderText {#text} at (97,5083) size 123x17
        text run at (97,5083) width 123: "\x{F769}\x{D83E}\x{DCA1}\x{D83E}\x{DDF9}\x{25AE}\x{72E5}\x{D83E}\x{DCCF}\x{4A8C}\x{D1F0}\x{D83E}\x{DC81}\x{1C7A}"
      RenderText {#text} at (219,5083) size 118x17
        text run at (219,5083) width 22: "\x{D83F}\x{DEF5}\x{F8EC}"
        text run at (240,5083) width 11 RTL: "\x{6D0}"
        text run at (250,5083) width 16: "\x{487A}"
        text run at (265,5083) width 7 RTL: "\x{693}"
        text run at (271,5083) width 66: "\x{F3C}\x{9485}\x{673D}\x{D83E}\x{DCAB}\x{81DF}"
      RenderText {#text} at (336,5083) size 130x17
        text run at (336,5083) width 109: "\x{4A16}\x{82C6}\x{643C}\x{D83D}\x{DEB5}\x{135B}\x{DB59}\x{D83F}\x{DF91}\x{EA82}"
        text run at (444,5083) width 11 RTL: "\x{752}"
        text run at (454,5083) width 12: "\x{D83E}\x{DC78}"
      RenderText {#text} at (465,5083) size 22x17
        text run at (465,5083) width 22: "\x{94EA}\x{227}"
      RenderText {#text} at (486,5083) size 124x17
        text run at (486,5083) width 66: "\x{BA4}\x{1557}\x{E7B2}\x{E3DF}\x{D83D}\x{DE1A}"
        text run at (551,5083) width 18 RTL: "\x{FCFA}"
        text run at (568,5083) width 42: "\x{82F5}\x{A7BB}\x{C572}"
      RenderText {#text} at (609,5083) size 105x17
        text run at (609,5083) width 105: "\x{EDFC}\x{EFEA}\x{99D}\x{BD3D}\x{A907}\x{CBD}\x{D83F}\x{DF12}\x{918}\x{53F}\x{F1}"
      RenderText {#text} at (713,5083) size 30x17
        text run at (713,5083) width 23: "\x{AF5}\x{DCE}"
        text run at (735,5083) width 8 RTL: "\x{84B}"
      RenderText {#text} at (0,5083) size 758x45
        text run at (742,5083) width 16: "\x{D83D}\x{DF05}"
        text run at (0,5111) width 102: "\x{6B6B}\x{A57}\x{D83F}\x{DE71}\x{A8A}\x{FAB9}\x{2E87}\x{E26D}\x{9DC0}"
      RenderText {#text} at (101,5111) size 127x17
        text run at (101,5111) width 127: "\x{C1F9}\x{D83F}\x{DE33}\x{F143}\x{815B}\x{D83E}\x{DCFB}\x{AE3E}\x{4D6}\x{246}\x{D83D}\x{DF03}\x{B53D}"
      RenderText {#text} at (227,5111) size 128x17
        text run at (227,5111) width 128: "\x{D83E}\x{DCCB}\x{A4F7}\x{3F2}\x{4A5}\x{F49}\x{6D02}\x{2BE1}\x{1DAF}\x{D83E}\x{DE79}\x{3F1D}\x{B2D}"
      RenderText {#text} at (354,5111) size 44x17
        text run at (354,5111) width 44: "\x{E6FD}\x{D83E}\x{DCEA}\x{C86}\x{D83D}\x{DFB6}"
      RenderText {#text} at (397,5111) size 94x17
        text run at (397,5111) width 94: "\x{8550}\x{315}\x{D83F}\x{DEBE}\x{9D59}\x{A8E0}\x{D29}\x{DD57}\x{3736}"
      RenderText {#text} at (490,5111) size 40x17
        text run at (490,5111) width 40: "\x{978}\x{16F}\x{A1C}\x{9FCF}"
      RenderText {#text} at (529,5111) size 121x17
        text run at (529,5111) width 121: "\x{445}\x{C7E}\x{49B4}\x{F256}\x{9EB}\x{E2B3}\x{7D5D}\x{D83D}\x{DF3A}\x{D83F}\x{DDB5}\x{F993}"
      RenderText {#text} at (649,5111) size 90x17
        text run at (649,5111) width 90: "\x{203}\x{799B}\x{D83F}\x{DF95}\x{6834}\x{4A6E}\x{D83F}\x{DEEA}\x{634E}"
      RenderText {#text} at (0,5111) size 754x45
        text run at (738,5111) width 16: "\x{B821}"
        text run at (0,5139) width 48: "\x{A615}\x{1D6}\x{4E7}\x{E06C}q"
      RenderText {#text} at (47,5139) size 57x17
        text run at (47,5139) width 57: "\x{D83E}\x{DEC0}\x{FAA}\x{D83D}\x{DED3}\x{474A}"
      RenderText {#text} at (103,5139) size 117x17
        text run at (103,5139) width 117: "\x{F198}\x{27BB}\x{5D7A}\x{AA7}\x{AF9C}\x{1EE4}\x{23C2}\x{35DA}\x{E551}"
      RenderText {#text} at (219,5139) size 27x17
        text run at (219,5139) width 27: "\x{5A8F}\x{D67}"
      RenderText {#text} at (245,5139) size 25x17
        text run at (245,5139) width 25: "\x{422F}\x{F34}"
      RenderText {#text} at (269,5139) size 113x17
        text run at (269,5139) width 113: "\x{4E0B}\x{AD32}\x{9EF}\x{92F2}\x{6147}\x{A0D8}\x{D83E}\x{DDCE}\x{D63F}"
      RenderText {#text} at (381,5139) size 97x17
        text run at (381,5139) width 16: "\x{D83E}\x{DF77}\x{2D42}"
        text run at (396,5139) width 15 RTL: "\x{FC9D}"
        text run at (410,5139) width 68: "\x{56AB}\x{38D3}\x{32E0}\x{1EF}\x{D6B}"
      RenderText {#text} at (477,5139) size 20x17
        text run at (477,5139) width 20: "\x{10}\x{E8A}"
      RenderText {#text} at (496,5139) size 122x17
        text run at (496,5139) width 23: "\x{D83E}\x{DC7F}\x{E324}"
        text run at (518,5139) width 12 RTL: "\x{88A}"
        text run at (529,5139) width 89: "\x{F2E}\x{9192}\x{B089}\x{E52B}\x{D83E}\x{DE89}\x{D83D}\x{DFBF}\x{8FA8}"
      RenderText {#text} at (617,5139) size 77x17
        text run at (617,5139) width 77: "\x{BAB5}\x{D028}\x{E7E}\x{D83F}\x{DC2F}\x{E14}\x{38B9}"
      RenderText {#text} at (693,5139) size 50x17
        text run at (693,5139) width 50: "\x{34E}\x{A22F}\x{24F}\x{D83E}\x{DC0E}\x{7F63}"
      RenderText {#text} at (0,5139) size 758x42
        text run at (742,5139) width 16: "\x{725E}"
        text run at (0,5164) width 52: "\x{3512}\x{89F2}\x{E971}\x{F91}"
        text run at (51,5164) width 10 RTL: "\x{5E4}"
      RenderText {#text} at (60,5164) size 46x17
        text run at (60,5164) width 46: "\x{F2C1}\x{570}\x{178}\x{91C7}"
layer at (8,142) size 16x16
  RenderVideo {VIDEO} at (0,134) size 16x16
layer at (24,142) size 16x16
  RenderVideo {VIDEO} at (16,134) size 16x16
layer at (151,8) size 300x150
  RenderHTMLCanvas {CANVAS} at (143,0) size 300x150
layer at (8,167) size 300x150
  RenderHTMLCanvas {CANVAS} at (0,159) size 300x150
layer at (8,325) size 300x150
  RenderHTMLCanvas {CANVAS} at (0,317) size 300x150
layer at (308,325) size 300x150
  RenderHTMLCanvas {CANVAS} at (300,317) size 300x150
layer at (8,481) size 284x284
  RenderVideo {VIDEO} at (0,473) size 284x284
layer at (546,749) size 16x16
  RenderVideo {VIDEO} at (537,741) size 17x16
layer at (65,913) size 16x16
  RenderVideo {VIDEO} at (56,905) size 17x16
layer at (116,779) size 349x150
  RenderHTMLCanvas {CANVAS} at (108,771) size 350x150
layer at (93,937) size 300x150
  RenderHTMLCanvas {CANVAS} at (85,929) size 301x150
layer at (8,1120) size 885x385
  RenderHTMLCanvas {CANVAS} at (0,1112) size 885x385
layer at (8,1988) size 213x213
  RenderVideo {VIDEO} at (0,1980) size 213x213
layer at (196,2420) size 16x16
  RenderVideo {VIDEO} at (188,2412) size 17x16
layer at (8,2448) size 290x127
  RenderHTMLCanvas {CANVAS} at (0,2440) size 290x127
layer at (8,2856) size 300x150
  RenderHTMLCanvas {CANVAS} at (0,2848) size 300x150
layer at (334,2739) size 300x267
  RenderHTMLCanvas {CANVAS} at (326,2731) size 300x267
layer at (8,3276) size 974x150
  RenderHTMLCanvas {CANVAS} at (0,3268) size 974x150
layer at (8,3447) size 905x349
  RenderHTMLCanvas {CANVAS} at (0,3439) size 905x349
layer at (200,3832) size 335x23
  RenderHTMLCanvas {CANVAS} at (192,3824) size 336x23
layer at (748,3839) size 16x16
  RenderVideo {VIDEO} at (740,3831) size 17x16
layer at (465,4030) size 291x291
  RenderVideo {VIDEO} at (456,4022) size 292x291
layer at (408,4328) size 38x213
  RenderVideo {VIDEO} at (400,4320) size 39x213
