CONSOLE MESSAGE: A VideoFrame was destroyed without having been closed explicitly
CONSOLE MESSAGE: A VideoFrame was destroyed without having been closed explicitly
CONSOLE MESSAGE: A VideoFrame was destroyed without having been closed explicitly
CONSOLE MESSAGE: A VideoFrame was destroyed without having been closed explicitly
CONSOLE MESSAGE: A VideoFrame was destroyed without having been closed explicitly
CONSOLE MESSAGE: A VideoFrame was destroyed without having been closed explicitly
CONSOLE MESSAGE: A VideoFrame was destroyed without having been closed explicitly
CONSOLE MESSAGE: A VideoFrame was destroyed without having been closed explicitly
CONSOLE MESSAGE: A VideoFrame was destroyed without having been closed explicitly
CONSOLE MESSAGE: A VideoFrame was destroyed without having been closed explicitly
CONSOLE MESSAGE: Unhandled Promise Rejection: OperationError: popErrorScope failed
CONSOLE MESSAGE: A VideoFrame was destroyed without having been closed explicitly
CONSOLE MESSAGE: A VideoFrame was destroyed without having been closed explicitly
CONSOLE MESSAGE: A VideoFrame was destroyed without having been closed explicitly
CONSOLE MESSAGE: A VideoFrame was destroyed without having been closed explicitly
CONSOLE MESSAGE: A VideoFrame was destroyed without having been closed explicitly
CONSOLE MESSAGE: A VideoFrame was destroyed without having been closed explicitly
CONSOLE MESSAGE: A VideoFrame was destroyed without having been closed explicitly
CONSOLE MESSAGE: A VideoFrame was destroyed without having been closed explicitly
CONSOLE MESSAGE: A VideoFrame was destroyed without having been closed explicitly
CONSOLE MESSAGE: A VideoFrame was destroyed without having been closed explicitly
CONSOLE MESSAGE: A VideoFrame was destroyed without having been closed explicitly
CONSOLE MESSAGE: A VideoFrame was destroyed without having been closed explicitly
CONSOLE MESSAGE: A VideoFrame was destroyed without having been closed explicitly
CONSOLE MESSAGE: A VideoFrame was destroyed without having been closed explicitly
CONSOLE MESSAGE: A VideoFrame was destroyed without having been closed explicitly
CONSOLE MESSAGE: A VideoFrame was destroyed without having been closed explicitly
CONSOLE MESSAGE: There are too many active WebGL contexts on this page, the oldest context will be lost.
CONSOLE MESSAGE: There are too many active WebGL contexts on this page, the oldest context will be lost.
CONSOLE MESSAGE: There are too many active WebGL contexts on this page, the oldest context will be lost.
CONSOLE MESSAGE: A VideoFrame was destroyed without having been closed explicitly
CONSOLE MESSAGE: A VideoFrame was destroyed without having been closed explicitly
CONSOLE MESSAGE: A VideoFrame was destroyed without having been closed explicitly
CONSOLE MESSAGE: A VideoFrame was destroyed without having been closed explicitly
CONSOLE MESSAGE: A VideoFrame was destroyed without having been closed explicitly
layer at (0,0) size 873x7523
  RenderView at (0,0) size 785x585
layer at (0,0) size 785x7523
  RenderBlock {HTML} at (0,0) size 785x7523 [color=#99DDBBCC] [bgcolor=#102030E0]
    RenderBody {BODY} at (8,8) size 769x7507
      RenderText {#text} at (0,6) size 116x17
        text run at (0,6) width 61: "\x{E311}\x{1B}\x{D83F}\x{DF87}\x{399}\x{D2A}\x{DE1}"
        text run at (60,6) width 11 RTL: "\x{8BD}"
        text run at (70,6) width 46: "\x{B71}\x{AA1}\x{3CD8}\x{3C6F}"
      RenderText {#text} at (131,6) size 130x17
        text run at (131,6) width 104: "\x{D83E}\x{DFFB}\x{244}\x{65AD}\x{BDFC}\x{5F4E}\x{772F}\x{3FE}\x{E8A}"
        text run at (234,6) width 5 RTL: "\x{719}"
        text run at (238,6) width 23: "\x{E62}\x{D83E}\x{DE69}"
      RenderText {#text} at (260,6) size 106x17
        text run at (260,6) width 64: "\x{D83E}\x{DE03}\x{6F01}\x{D83E}\x{DC85}\x{D83F}\x{DD0B}\x{3606}"
        text run at (323,6) width 13 RTL: "\x{804}"
        text run at (335,6) width 31: "\x{FE18}\x{6623}"
      RenderText {#text} at (365,6) size 94x17
        text run at (365,6) width 71: "\x{931}\x{D83E}\x{DD29}\x{1DF}\x{D83F}\x{DC56}\x{D83D}\x{DF50}\x{5B7}\x{D83F}\x{DFCF}"
        text run at (435,6) width 9 RTL: "\x{677}"
        text run at (443,6) width 16: "\x{61E3}"
      RenderText {#text} at (458,6) size 129x17
        text run at (458,6) width 129: "\x{919E}\x{6EF6}\x{41E9}\x{A4BB}\x{D83F}\x{DFAA}\x{34D}\x{D83D}\x{DF6E}\x{D83D}\x{DEB4}\x{8D60}\x{434}"
      RenderText {#text} at (586,6) size 30x17
        text run at (586,6) width 30: "\x{D83F}\x{DF71}\x{1F5}\x{D83F}\x{DD2F}"
      RenderText {#text} at (300,164) size 84x17
        text run at (300,164) width 48: "\x{7F94}\x{D83F}\x{DFC3}\x{B5A}\x{EE8}"
        text run at (347,164) width 5 RTL: "\x{7CA}"
        text run at (351,164) width 33: "\x{19E7}\x{D83E}\x{DD9E}"
      RenderText {#text} at (399,164) size 78x17
        text run at (399,164) width 58: "\x{640B}\x{9BB0}\x{DF}\x{D83E}\x{DD65}"
        text run at (456,164) width 21 RTL: "\x{635}\x{68E}"
      RenderText {#text} at (476,164) size 107x17
        text run at (476,164) width 28: "\x{7FBA}\x{C26}"
        text run at (503,164) width 14 RTL: "\x{804}"
        text run at (516,164) width 67: "\x{13F9}\x{D83F}\x{DEFB}\x{3B7}\x{D83E}\x{DFEF}\x{D83F}\x{DCF8}\x{466A}"
      RenderText {#text} at (582,164) size 89x17
        text run at (582,164) width 89: "\x{418C}\x{A84}\x{8AAA}\x{D42}\x{D83D}\x{DE9F}\x{482D}"
      RenderImage {IMG} at (670,107) size 44x70
      RenderText {#text} at (0,164) size 729x179
        text run at (713,164) width 16: "\x{D55D}"
        text run at (0,326) width 28: "\x{1F8E}\x{F1EB}"
        text run at (27,326) width 9 RTL: "\x{78D}"
        text run at (35,326) width 80: "\x{1B41}\x{18A}\x{BE6}\x{CDEE}\x{48A}\x{1D8}"
      RenderText {#text} at (114,326) size 126x17
        text run at (114,326) width 7 RTL: "\x{68D}"
        text run at (120,326) width 120: "\x{D83E}\x{DFB8}\x{D83F}\x{DCA0}\x{5DDA}\x{58C0}\x{541}\x{4BC6}\x{D83E}\x{DCE8}G\x{154}\x{FA76}"
      RenderText {#text} at (239,326) size 95x17
        text run at (239,326) width 95: "\x{D83D}\x{DFFE}\x{D83E}\x{DC02}\x{93D}\x{51D}\x{7F9B}\x{A7B2}\x{9662}\x{B206}\x{323}"
      RenderText {#text} at (333,326) size 106x17
        text run at (333,326) width 106: "\x{4D00}\x{D83F}\x{DCD9}\x{BF1}\x{D83E}\x{DEDA}\x{70AD}\x{D83E}\x{DFD9}\x{E7F3}\x{F846}"
      RenderText {#text} at (738,326) size 31x17
        text run at (738,326) width 31: "\x{72D9}\x{5978}\x{817}"
      RenderText {#text} at (0,487) size 40x17
        text run at (0,487) width 40: "\x{A8A}\x{32D}\x{8613}\x{D83F}\x{DFD4}"
      RenderText {#text} at (455,487) size 30x17
        text run at (455,487) width 30: "\x{8FB2}\x{D83D}\x{DF60}"
      RenderText {#text} at (484,487) size 140x17
        text run at (484,487) width 140: "\x{50B}\x{F003}\x{DAC}\x{F2FA}\x{939C}\x{8D26}\x{D83D}\x{DF08}\x{A4DE}\x{D83E}\x{DF94}\x{C9E}\x{D83E}\x{DD95}"
      RenderText {#text} at (623,487) size 42x17
        text run at (623,487) width 42: "\x{AA1E}\x{DA2}\x{D83F}\x{DCF3}"
      RenderText {#text} at (0,487) size 752x187
        text run at (664,487) width 12 RTL: "\x{61D}"
        text run at (675,487) width 77: "\x{1535}\x{B7A5}\x{4D5}\x{946A}\x{823F}\x{302B}\x{936}"
        text run at (0,657) width 15: "\x{B10A}"
      RenderText {#text} at (14,657) size 86x17
        text run at (14,657) width 15: "\x{A3F}"
        text run at (28,657) width 11 RTL: "\x{7DA}"
        text run at (38,657) width 62: "\x{52E}\x{D83D}\x{DF28}\x{F707}\x{3B7}\x{D83F}\x{DEF5}\x{3E3}"
      RenderText {#text} at (99,657) size 79x17
        text run at (99,657) width 79: "\x{C28}\x{84F4}\x{99}\x{DC6}\x{5322}\x{C4BB}"
      RenderText {#text} at (177,657) size 46x17
        text run at (177,657) width 46: "\x{7790}\x{7812}\x{31ED}f"
      RenderText {#text} at (222,657) size 52x17
        text run at (222,657) width 52: "\x{D83F}\x{DE16}\x{DB7F}\x{F14}\x{8107}\x{15A}"
      RenderText {#text} at (273,657) size 109x17
        text run at (273,657) width 109: "\x{3FE7}\x{22F}\x{83D1}\x{BE84}\x{D83E}\x{DFAD}\x{7AA1}\x{D83F}\x{DE92}\x{A35E}\x{E6F}"
      RenderImage {IMG} at (381,507) size 162x163
      RenderText {#text} at (543,657) size 83x17
        text run at (543,657) width 83: "\x{72AB}\x{10}\x{D83E}\x{DDE3}\x{76BB}\x{D83D}\x{DF84}\x{D83F}\x{DE09}"
      RenderText {#text} at (625,657) size 103x17
        text run at (625,657) width 69: "\x{D83F}\x{DE6A}\x{8645}\x{1F91}\x{E811}\x{1432}\x{D83E}\x{DE02}"
        text run at (693,657) width 10 RTL: "\x{6FC}"
        text run at (702,657) width 26: "B\x{CFDA}"
      RenderText {#text} at (0,657) size 762x725
        text run at (743,657) width 19: "\x{2E1}\x{B373}"
        text run at (0,1365) width 30: "\x{8EB4}\x{C41E}"
      RenderText {#text} at (29,1365) size 36x17
        text run at (29,1365) width 36: "\x{D83F}\x{DE82}\x{D41F}\x{2E16}"
      RenderText {#text} at (364,1365) size 46x17
        text run at (364,1365) width 46: "\x{4E50}\x{D294}\x{320D}"
      RenderText {#text} at (409,1365) size 103x17
        text run at (409,1365) width 75: "\x{4375}\x{C96}\x{E568}\x{D4EB}\x{994}\x{D83F}\x{DFA9}"
        text run at (483,1365) width 14 RTL: "\x{833}"
        text run at (496,1365) width 16: "\x{CB52}"
      RenderText {#text} at (527,1365) size 108x17
        text run at (527,1365) width 108: "\x{110E}S\x{D83F}\x{DE78}\x{D83F}\x{DEA9}\x{4285}\x{D83E}\x{DEE5}\x{5190}\x{2DF}\x{A023}"
      RenderText {#text} at (634,1365) size 119x17
        text run at (634,1365) width 11: "\x{141}"
        text run at (644,1365) width 11 RTL: "\x{7CB}"
        text run at (654,1365) width 60: "\x{3D72}\x{D83D}\x{DEE8}\x{379}\x{A3E1}\x{91C7}"
        text run at (713,1365) width 14 RTL: "\x{77E}"
        text run at (726,1365) width 27: "\x{E642}\x{6861}"
      RenderText {#text} at (0,1612) size 41x17
        text run at (0,1612) width 32: "\x{D06}\x{D83E}\x{DC6A}"
        text run at (31,1612) width 10 RTL: "\x{792}"
      RenderText {#text} at (40,1612) size 38x17
        text run at (40,1612) width 38: "\x{D83F}\x{DE0C}\x{AD4}\x{67CE}"
      RenderText {#text} at (77,1612) size 36x17
        text run at (77,1612) width 36: "\x{DCD}\x{1FC}\x{D83F}\x{DE47}"
      RenderText {#text} at (112,1612) size 128x17
        text run at (112,1612) width 128: "\x{538}\x{A45}\x{2BD0}\x{F52}\x{53BD}\x{38C7}\x{D83E}\x{DFA4}\x{56A}\x{DBC9}\x{17}\x{5EF4}"
      RenderText {#text} at (239,1612) size 97x17
        text run at (239,1612) width 65: "\x{A574}\x{2919}\x{21A9}\x{6ED}\x{4AA}\x{D83F}\x{DE31}\x{2ED}"
        text run at (303,1612) width 9 RTL: "\x{5D1}"
        text run at (311,1612) width 25: "\x{3873}\x{A194}"
      RenderImage {IMG} at (335,1384) size 288x241
      RenderText {#text} at (622,1612) size 130x17
        text run at (622,1612) width 130: "\x{8805}\x{C9A9}\x{1FB}\x{1E}\x{4803}\x{F52A}\x{8F3C}\x{1F}\x{11C3}\x{6A7B}"
      RenderText {#text} at (600,1850) size 56x17
        text run at (600,1850) width 56: "\x{C105}\x{D83E}\x{DCF0}\x{73A7}\x{9121}"
      RenderImage {IMG} at (655,1634) size 55x229
      RenderText {#text} at (0,1850) size 739x42
        text run at (709,1850) width 12: "\x{EC5}"
        text run at (720,1850) width 11 RTL: "\x{7D2}"
        text run at (730,1850) width 9: "\x{666}"
        text run at (0,1875) width 15: "\x{8949}"
      RenderText {#text} at (15,1875) size 109x17
        text run at (15,1875) width 45: "\x{309C}\x{232A}\x{715B}"
        text run at (60,1875) width 10 RTL: "\x{6CC}"
        text run at (69,1875) width 55: "\x{8EDF}\x{18B}\x{3E7C}\x{4008}"
      RenderText {#text} at (123,1875) size 79x17
        text run at (123,1875) width 79: "\x{FF9}\x{8E5}\x{9F6}\x{1C1}\x{6243}\x{57CF}\x{D83F}\x{DCB8}"
      RenderText {#text} at (201,1875) size 127x17
        text run at (201,1875) width 12: "\x{A7CF}"
        text run at (212,1875) width 14 RTL: "\x{75C}"
        text run at (225,1875) width 73: "\x{5E03}\x{D83F}\x{DFE6}\x{380}\x{D83D}\x{DEA7}\x{9821}"
        text run at (297,1875) width 9: "\x{667}"
        text run at (305,1875) width 23: "\x{4D27}\x{22D}"
      RenderText {#text} at (327,1875) size 127x17
        text run at (327,1875) width 127: "\x{D83F}\x{DDC0}\x{7}\x{D83E}\x{DF90}\x{CBC}\x{2DA}\x{8C65}\x{88B1}\x{D83E}\x{DE11}\x{303}\x{8702}\x{D83F}\x{DC7D}"
      RenderText {#text} at (453,1875) size 20x17
        text run at (453,1875) width 12: "\x{54D}"
        text run at (464,1875) width 9 RTL: "\x{5DC}"
      RenderText {#text} at (300,2590) size 86x17
        text run at (300,2590) width 86: "\x{AABF}\x{2800}\x{C20}\x{D83E}\x{DFF5}\x{D83F}\x{DD02}\x{86FF}\x{D83D}\x{DEFC}"
      RenderText {#text} at (385,2590) size 117x17
        text run at (385,2590) width 117: "\x{D83E}\x{DFAD}\x{D83D}\x{DE6F}\x{6C35}\x{C958}\x{419E}\x{25D5}\x{D83F}\x{DC3C}\x{5A86}\x{4DB6}"
      RenderText {#text} at (664,2590) size 21x17
        text run at (664,2590) width 21: "\x{494}\x{963}"
      RenderText {#text} at (684,2590) size 63x17
        text run at (684,2590) width 63: "\x{7429}\x{D83D}\x{DF8E}\x{AA31}\x{EC5F}\x{699F}"
      RenderImage {IMG} at (226,3107) size 155x232
      RenderText {#text} at (381,3326) size 87x17
        text run at (381,3326) width 87: "\x{D83E}\x{DC02}\x{3258}\x{D83F}\x{DCBD}\x{B46D}\x{82B}\x{BA08}\x{E7DA}\x{1CB9}"
      RenderText {#text} at (467,3326) size 113x17
        text run at (467,3326) width 113: "\x{DAE6}\x{B88E}\x{653}\x{661F}\x{D83E}\x{DE61}\x{C9A5}\x{33B5}\x{8000}\x{238D}"
      RenderText {#text} at (579,3326) size 83x17
        text run at (579,3326) width 83: "\x{D83D}\x{DE5A}\x{8930}\x{B4C8}\x{64D1}\x{1854}\x{F6A4}\x{1EA4}"
      RenderText {#text} at (585,3852) size 102x17
        text run at (585,3852) width 102: "\x{85}\x{EC1}\x{DD94}\x{5371}\x{3963}\x{4C2}\x{5B0C}\x{8D72}"
      RenderText {#text} at (0,3852) size 762x322
        text run at (686,3852) width 76: "\x{4F0D}\x{28BF}\x{5F14}\x{F33D}\x{D83D}\x{DF1D}\x{2F0A}"
        text run at (0,4157) width 15: "\x{9306}"
        text run at (15,4157) width 10 RTL: "\x{63D}"
        text run at (24,4157) width 34: "\x{D83D}\x{DF88}\x{D83D}\x{DF0B}\x{AB6}"
      RenderText {#text} at (57,4157) size 84x17
        text run at (57,4157) width 84: "\x{D83E}\x{DC6E}\x{D83D}\x{DF23}\x{3CBC}\x{F3C6}\x{62D9}\x{CBC}\x{5C4B}"
      RenderText {#text} at (140,4157) size 102x17
        text run at (140,4157) width 33: "\x{D83F}\x{DE2B}\x{AAF8}\x{D83F}\x{DC38}"
        text run at (172,4157) width 11 RTL: "\x{78B}"
        text run at (182,4157) width 60: "\x{E7D}\x{DA79}\x{5414}\x{A69}\x{C06E}"
      RenderText {#text} at (241,4157) size 107x17
        text run at (241,4157) width 107: "\x{D83D}\x{DFE7}\x{C3BE}\x{D83F}\x{DDBE}\x{D83F}\x{DD59}\x{D83E}\x{DCA9}\x{9A2}\x{D83D}\x{DFD7}\x{D82}\x{2E82}"
      RenderText {#text} at (347,4157) size 37x17
        text run at (347,4157) width 23: "\x{D83F}\x{DC5E}\x{D83F}\x{DE50}"
        text run at (369,4157) width 8 RTL: "\x{842}"
        text run at (376,4157) width 8: "\x{29FF}"
      RenderImage {IMG} at (383,3873) size 120x297
      RenderText {#text} at (502,4157) size 134x17
        text run at (502,4157) width 72: "\x{B0AA}\x{2B16}\x{DC36}\x{211F}\x{D83F}\x{DECD}\x{66C2}"
        text run at (573,4157) width 12 RTL: "\x{864}"
        text run at (584,4157) width 52: "\x{DB5}\x{D83F}\x{DE67}\x{7ACB}\x{5C9C}"
      RenderText {#text} at (635,4157) size 99x17
        text run at (635,4157) width 50: "\x{A0D7}\x{C68A}\x{D83F}\x{DCFD}\x{895D}"
        text run at (684,4157) width 15 RTL: "\x{69A}"
        text run at (698,4157) width 36: "\x{31CE}\x{D83E}\x{DE83}"
      RenderText {#text} at (0,4157) size 755x275
        text run at (733,4157) width 22: "\x{A04}\x{D83E}\x{DF0A}"
        text run at (0,4415) width 68: "\x{C1FF}\x{CB55}\x{A6C5}\x{D83E}\x{DC51}\x{D83F}\x{DC4A}\x{2C3B}"
      RenderImage {IMG} at (67,4178) size 234x250
      RenderText {#text} at (300,4415) size 26x17
        text run at (300,4415) width 26: "\x{25D2}\x{1025}"
      RenderText {#text} at (325,4415) size 31x17
        text run at (325,4415) width 31: "\x{58FE}\x{394F}"
      RenderText {#text} at (0,4815) size 33x17
        text run at (0,4815) width 33: "\x{D83E}\x{DC7C}\x{AB5A}\x{256A}"
      RenderText {#text} at (97,4815) size 18x17
        text run at (97,4815) width 18: "\x{EEF8}\x{2F5}"
      RenderImage {IMG} at (414,4726) size 56x102
      RenderText {#text} at (308,4970) size 107x17
        text run at (308,4970) width 107: "\x{2FC9}\x{E28F}\x{3F3}\x{220}\x{81F9}\x{ACD}\x{AD6F}\x{CAE}\x{902}\x{34F}"
      RenderText {#text} at (414,4970) size 71x17
        text run at (414,4970) width 71: "\x{F66}\x{357}\x{F57}\x{FA75}\x{1CE}\x{D83D}\x{DE2E}\x{B10C}"
      RenderText {#text} at (484,4970) size 119x17
        text run at (484,4970) width 119: "\x{D83E}\x{DC56}\x{D83F}\x{DC4C}\x{28D}\x{EC0}\x{6E54}\x{6248}\x{58D9}\x{D83E}\x{DD17}\x{B910}"
      RenderText {#text} at (602,4970) size 78x17
        text run at (602,4970) width 78: "\x{E639}\x{BB4F}\x{E234}\x{4D95}\x{D83F}\x{DD4E}\x{8937}"
      RenderText {#text} at (0,4970) size 766x43
        text run at (679,4970) width 87: "\x{8102}\x{CF7F}\x{6776}\x{D83E}\x{DF9A}\x{65FF}\x{431A}"
        text run at (0,4996) width 59: "\x{456B}\x{9AA}\x{9587}\x{E4C}\x{E8EC}"
      RenderText {#text} at (58,4996) size 115x17
        text run at (58,4996) width 115: "\x{9A73}\x{2669}\x{D83D}\x{DF76}\x{E94B}\x{8233}\x{D83F}\x{DE54}\x{D83F}\x{DC5A}\x{D83E}\x{DC4B}\x{B471}"
      RenderImage {IMG} at (172,4999) size 247x10
      RenderText {#text} at (418,4996) size 112x17
        text run at (418,4996) width 60: "\x{B600}\x{C6B}\x{D83F}\x{DC84}\x{43EC}\x{C87}"
        text run at (477,4996) width 8 RTL: "\x{FEA9}"
        text run at (484,4996) width 46: "\x{6ABA}\x{9301}\x{5878}"
      RenderText {#text} at (529,4996) size 87x17
        text run at (529,4996) width 16: "\x{911E}"
        text run at (544,4996) width 14 RTL: "\x{854}"
        text run at (557,4996) width 59: "\x{585F}\x{DF32}\x{4F7}\x{BCB}"
      RenderText {#text} at (615,4996) size 27x17
        text run at (615,4996) width 27: "\x{8974}\x{D83F}\x{DD6E}"
      RenderText {#text} at (641,4996) size 21x17
        text run at (641,4996) width 21: "\x{E328}\x{BAA}"
      RenderText {#text} at (661,4996) size 49x17
        text run at (661,4996) width 22: "\x{DC5}\x{D83F}\x{DDDC}"
        text run at (682,4996) width 8 RTL: "\x{765}"
        text run at (689,4996) width 21: "\x{128}\x{327}\x{9B91}"
      RenderText {#text} at (714,4996) size 19x17
        text run at (714,4996) width 19: "\x{EB28}\x{F1B}"
      RenderText {#text} at (732,4996) size 23x17
        text run at (732,4996) width 23: "\x{4194}\x{1899}"
      RenderText {#text} at (0,4996) size 766x224
        text run at (754,4996) width 12: "\x{EDBE}"
        text run at (0,5203) width 20: "\x{D83E}\x{DD94}"
        text run at (20,5203) width 20 RTL: "\x{FCCC}\x{80F}"
        text run at (39,5203) width 41: "\x{8EDF}\x{39C2}\x{D83F}\x{DD03}"
      RenderImage {IMG} at (79,5018) size 217x198
      RenderText {#text} at (295,5203) size 61x17
        text run at (295,5203) width 61: "\x{B002}\x{3FA7}\x{C8EF}\x{4B0C}"
      RenderImage {IMG} at (355,5026) size 140x190
      RenderText {#text} at (494,5203) size 44x17
        text run at (494,5203) width 9 RTL: "\x{FEA6}"
        text run at (502,5203) width 36: "\x{B85}\x{D83E}\x{DE61}\x{94F}"
      RenderText {#text} at (537,5203) size 107x17
        text run at (537,5203) width 107: "\x{1126}\x{605C}\x{667A}\x{5D95}\x{51FD}\x{D83F}\x{DC4A}\x{D83E}\x{DDD6}"
      RenderText {#text} at (643,5203) size 46x17
        text run at (643,5203) width 46: "\x{4ED5}\x{78BE}\x{B9D5}"
      RenderText {#text} at (0,5203) size 760x1001
        text run at (688,5203) width 72: "\x{73A4}\x{D83F}\x{DC61}\x{FA5}\x{A351}\x{D83E}\x{DFDD}\x{B12B}"
        text run at (0,6187) width 15: "\x{BC41}"
      RenderText {#text} at (14,6187) size 63x17
        text run at (14,6187) width 63: "\x{818E}\x{D83E}\x{DC51}\x{DF9}\x{3165}\x{944}"
      RenderHTMLCanvas {CANVAS} at (76,5225) size 301x975
      RenderText {#text} at (471,6343) size 69x17
        text run at (471,6343) width 69: "\x{A25C}\x{5315}\x{416}\x{956}\x{F53}\x{4884}"
      RenderText {#text} at (539,6343) size 16x17
        text run at (539,6343) width 16: "\x{658}\x{C017}"
      RenderText {#text} at (554,6343) size 32x17
        text run at (554,6343) width 32: "\x{D83E}\x{DFFA}\x{D83E}\x{DE7A}"
      RenderText {#text} at (585,6343) size 55x17
        text run at (585,6343) width 55: "\x{A4BC}\x{D83F}\x{DE97}\x{E9FC}\x{2ABB}\x{D83F}\x{DCBA}"
      RenderText {#text} at (639,6343) size 45x17
        text run at (639,6343) width 16: "\x{F944}"
        text run at (654,6343) width 7 RTL: "\x{6C6}"
        text run at (660,6343) width 24: "\x{D1E6}\x{AA2}"
      RenderText {#text} at (683,6343) size 49x17
        text run at (683,6343) width 49: "\x{928}\x{E241}\x{D83D}\x{DE23}\x{BC0}"
      RenderText {#text} at (0,6343) size 739x107
        text run at (731,6343) width 8: "_"
        text run at (0,6433) width 109: "\x{D83E}\x{DDB1}\x{FE5E}\x{D68}\x{175F}\x{D83F}\x{DF37}\x{8B77}\x{BE52}\x{F089}"
      RenderText {#text} at (108,6433) size 131x17
        text run at (108,6433) width 131: "\x{2FA}\x{6125}\x{11E3}\x{C1E}\x{CEB}\x{FC7}\x{28C}\x{D83F}\x{DF7E}\x{548C}\x{D83D}\x{DFD3}\x{7013}"
      RenderText {#text} at (238,6433) size 70x17
        text run at (238,6433) width 70: "\x{C261}\x{D83D}\x{DE25}\x{D6A2}\x{EED}\x{A008}"
      RenderText {#text} at (307,6433) size 93x17
        text run at (307,6433) width 93: "\x{869E}\x{D83F}\x{DC5C}\x{88BC}\x{CAA}\x{10D6}\x{D83E}\x{DEE3}\x{D83D}\x{DF85}"
      RenderText {#text} at (399,6433) size 93x17
        text run at (399,6433) width 12 RTL: "\x{FCEF}"
        text run at (410,6433) width 71: "\x{D83E}\x{DECB}\x{D83F}\x{DC09}\x{B05}\x{D83E}\x{DE00}\x{E034}\x{2D53}\x{E0D}"
        text run at (480,6433) width 12 RTL: "\x{FC12}"
      RenderText {#text} at (491,6433) size 20x17
        text run at (491,6433) width 20: "\x{471}\x{2697}"
      RenderText {#text} at (510,6433) size 161x17
        text run at (510,6433) width 161: "\x{B2A6}\x{4366}\x{D64A}\x{9E1B}\x{E4FD}\x{CAE9}\x{D516}\x{87F1}\x{1FC}\x{D83D}\x{DFE2}\x{2AE3}"
      RenderText {#text} at (0,6433) size 756x252
        text run at (734,6433) width 22: "\x{D83F}\x{DF01}\x{D83F}\x{DD7B}"
        text run at (0,6668) width 24 RTL: "\x{FD24}"
        text run at (23,6668) width 68: "\x{D83F}\x{DF47}\x{A8E}\x{B776}\x{B94A}\x{1D68}\x{1692}"
      RenderText {#text} at (90,6668) size 41x17
        text run at (90,6668) width 36: "\x{5A7B}\x{D83E}\x{DE97}"
        text run at (125,6668) width 6 RTL: "\x{773}"
      RenderText {#text} at (130,6668) size 93x17
        text run at (130,6668) width 93: "\x{2EF2}\x{E025}\x{865E}\x{1A7}\x{56E}\x{267A}\x{E6BD}\x{980}"
      RenderText {#text} at (222,6668) size 108x17
        text run at (222,6668) width 108: "\x{CCF}\x{7706}\x{5B61}\x{B30B}\x{D83F}\x{DC9D}\x{4A90}\x{5E97}\x{1C0D}"
      RenderText {#text} at (329,6668) size 147x17
        text run at (329,6668) width 147: "\x{D83F}\x{DCEB}\x{CE92}\x{9F0}\x{D83E}\x{DD42}\x{568}\x{106D}\x{908F}\x{7465}\x{D83D}\x{DEE7}\x{7204}\x{18D3}"
      RenderImage {IMG} at (475,6620) size 31x61
      RenderText {#text} at (662,6668) size 70x17
        text run at (662,6668) width 43: "\x{8EC9}\x{19E2}\x{9C36}"
        text run at (704,6668) width 23 RTL: "\x{86B}\x{20DC}"
        text run at (726,6668) width 6: "\x{EC4}"
      RenderText {#text} at (731,6668) size 20x17
        text run at (731,6668) width 20: "\x{A217}\x{16}"
      RenderText {#text} at (0,6668) size 766x335
        text run at (750,6668) width 16: "\x{711A}"
        text run at (0,6986) width 10: "\x{29B}"
      RenderText {#text} at (9,6986) size 134x17
        text run at (9,6986) width 134: "\x{D83E}\x{DEE5}\x{1AE}\x{49F}\x{E378}\x{D10}\x{2353}\x{2E3}\x{D83F}\x{DCA4}\x{D83D}\x{DF79}\x{505}\x{E57}"
      RenderText {#text} at (142,6986) size 69x17
        text run at (142,6986) width 7: "\x{2E8}"
        text run at (148,6986) width 11 RTL: "\x{754}"
        text run at (158,6986) width 53: "\x{897B}\x{D83E}\x{DCA5}\x{AA0C}\x{C35}"
      RenderText {#text} at (210,6986) size 60x17
        text run at (210,6986) width 37: "\x{F01E}\x{8944}\x{EA26}"
        text run at (246,6986) width 9 RTL: "\x{7DE}"
        text run at (254,6986) width 16: "\x{B51E}"
      RenderText {#text} at (269,6986) size 39x17
        text run at (269,6986) width 39: "\x{AFE1}\x{E8A6}\x{C38}"
      RenderImage {IMG} at (307,6700) size 156x299
      RenderText {#text} at (462,6986) size 67x17
        text run at (462,6986) width 67: "\x{FA31}\x{69D6}\x{E706}\x{A981}\x{5604}"
      RenderText {#text} at (528,6986) size 108x17
        text run at (528,6986) width 27: "\x{F3D5}\x{74D5}"
        text run at (554,6986) width 9 RTL: "\x{716}"
        text run at (562,6986) width 27: "\x{42A}\x{9195}"
        text run at (588,6986) width 11 RTL: "\x{718}"
        text run at (598,6986) width 38: "\x{3916}\x{607}\x{D83D}\x{DF21}"
      RenderText {#text} at (635,6986) size 94x17
        text run at (635,6986) width 94: "\x{8550}\x{3C92}\x{E75A}\x{6E4}\x{4F72}\x{B1C1}\x{E694}"
      RenderText {#text} at (728,6986) size 36x17
        text run at (728,6986) width 36: "\x{1D9C}\x{C707}\x{EA0}"
      RenderText {#text} at (0,7019) size 51x17
        text run at (0,7019) width 40: "\x{7AF7}\x{501}\x{7965}"
        text run at (39,7019) width 12 RTL: "\x{5CB}"
      RenderText {#text} at (50,7019) size 107x17
        text run at (50,7019) width 107: "\x{BBF}\x{DEF2}\x{D6E1}\x{33D}\x{9C4C}\x{1}\x{17C9}\x{D83E}\x{DE74}\x{D68}"
      RenderText {#text} at (156,7019) size 33x17
        text run at (156,7019) width 33: "\x{E65C}\x{983}\x{E247}"
      RenderText {#text} at (188,7019) size 56x17
        text run at (188,7019) width 16: "\x{3B2B}"
        text run at (203,7019) width 15 RTL: "\x{8A1}"
        text run at (217,7019) width 27: "\x{59B4}\x{5BD}\x{D83F}\x{DF00}"
      RenderText {#text} at (243,7019) size 28x17
        text run at (243,7019) width 28: "\x{D83E}\x{DF70}\x{1079}"
      RenderText {#text} at (270,7019) size 77x17
        text run at (270,7019) width 77: "\x{D83F}\x{DFCA}\x{310}\x{A04}\x{D83D}\x{DF87}\x{A1DC}\x{36A2}\x{D942}"
      RenderText {#text} at (346,7019) size 89x17
        text run at (346,7019) width 89: "\x{11B3}\x{C51F}\x{D80}\x{D83F}\x{DEFC}\x{D83E}\x{DE3A}\x{5FF6}\x{E223}"
      RenderText {#text} at (434,7019) size 139x17
        text run at (434,7019) width 139: "\x{52A2}\x{EF2B}\x{EDBA}\x{D83E}\x{DD60}\x{E19}\x{D26}\x{6558}\x{126}\x{2A8D}\x{1B33}\x{D4F}"
      RenderText {#text} at (572,7019) size 57x17
        text run at (572,7019) width 57: "\x{FA85}\x{D83F}\x{DDE0}\x{D83E}\x{DD89}\x{CE2F}"
      RenderText {#text} at (628,7019) size 118x17
        text run at (628,7019) width 118: "\x{443C}\x{D83D}\x{DEBA}\x{D23}\x{D83F}\x{DDD9}\x{5093}\x{4203}\x{D83E}\x{DFFF}\x{4EA}"
      RenderText {#text} at (0,7019) size 757x55
        text run at (745,7019) width 12: "\x{4F4}"
        text run at (0,7057) width 72: "\x{82E2}\x{1B3}\x{F091}\x{D83F}\x{DF1E}\x{B6C1}\x{10E}"
      RenderText {#text} at (71,7057) size 94x17
        text run at (71,7057) width 94: "\x{D83D}\x{DEDA}\x{A4F4}\x{5BFF}\x{4F3}\x{CDA5}\x{32F2}\x{124F}\x{22FE}"
      RenderText {#text} at (164,7057) size 60x17
        text run at (164,7057) width 60: "\x{D83D}\x{DEB5}\x{38F6}\x{88D6}\x{EA5}"
      RenderText {#text} at (223,7057) size 57x17
        text run at (223,7057) width 57: "\x{3A02}\x{B53}\x{5FA6}\x{81F7}"
      RenderText {#text} at (279,7057) size 135x17
        text run at (279,7057) width 135: "\x{35E5}\x{E53F}\x{13D6}\x{A885}\x{1022}\x{EDAE}\x{901A}\x{5DA3}\x{41F}\x{D83E}\x{DEE1}"
      RenderText {#text} at (413,7057) size 107x17
        text run at (413,7057) width 75: "\x{B38}\x{D83F}\x{DD67}\x{CE3E}\x{BB97}\x{5F37}\x{26E}"
        text run at (487,7057) width 14 RTL: "\x{8B6}\x{DD4}"
        text run at (500,7057) width 20: "\x{575}\x{D117}"
      RenderText {#text} at (519,7057) size 53x17
        text run at (519,7057) width 53: "\x{C45}\x{D83D}\x{DF71}\x{662B}\x{C834}"
      RenderText {#text} at (571,7057) size 111x17
        text run at (571,7057) width 111: "\x{1F2B}\x{539E}\x{D83D}\x{DE86}\x{D83F}\x{DD9B}\x{89E}\x{B5F}\x{13E3}\x{55C4}"
      RenderText {#text} at (0,7057) size 762x55
        text run at (681,7057) width 23: "\x{FF08}\x{969}\x{654}"
        text run at (703,7057) width 14 RTL: "\x{841}"
        text run at (716,7057) width 46: "\x{35DF}\x{D0BC}\x{482A}"
        text run at (0,7095) width 25: "\x{267E}\x{87AD}"
      RenderText {#text} at (24,7095) size 79x17
        text run at (24,7095) width 79: "\x{CE9E}\x{A910}\x{4ABC}\x{88DB}\x{2F29}\x{442}"
      RenderText {#text} at (102,7095) size 43x17
        text run at (102,7095) width 43: "\x{EF55}\x{D83D}\x{DE17}\x{D83E}\x{DF61}"
      RenderText {#text} at (144,7095) size 75x17
        text run at (144,7095) width 75: "\x{4C3C}\x{D83D}\x{DE89}\x{FAE5}\x{3ABE}\x{2A37}"
      RenderText {#text} at (218,7095) size 127x17
        text run at (218,7095) width 90: "\x{8546}\x{43A5}\x{9E6}\x{51C}\x{29E2}\x{D83E}\x{DDD0}\x{90A}"
        text run at (307,7095) width 23 RTL: "\x{FC2D}\x{85E}"
        text run at (329,7095) width 16: "\x{C1B1}"
      RenderText {#text} at (344,7095) size 103x17
        text run at (344,7095) width 103: "\x{ECDF}\x{7D93}\x{D83F}\x{DE94}\x{2010}\x{3567}\x{D83E}\x{DF94}\x{17B}\x{39B5}\x{DA8}"
      RenderText {#text} at (446,7095) size 38x17
        text run at (446,7095) width 38: "\x{6F7C}\x{2EF}\x{2AE0}\x{E0A}"
      RenderText {#text} at (483,7095) size 90x17
        text run at (483,7095) width 90: "\x{F9A4}\x{D83F}\x{DDB2}\x{2B59}\x{D83E}\x{DFB3}\x{4EB2}\x{ECF4}\x{328C}"
      RenderText {#text} at (572,7095) size 49x17
        text run at (572,7095) width 16: "\x{573D}"
        text run at (587,7095) width 12 RTL: "\x{8A3}"
        text run at (598,7095) width 23: "\x{D83F}\x{DCB3}\x{ADC}"
      RenderText {#text} at (620,7095) size 121x17
        text run at (620,7095) width 121: "\x{D83F}\x{DCE5}\x{585D}\x{D83E}\x{DFBA}\x{2462}\x{D83D}\x{DE18}\x{1E66}\x{F397}\x{5CC5}\x{3875}"
      RenderText {#text} at (0,7095) size 767x41
        text run at (740,7095) width 12 RTL: "\x{784}"
        text run at (751,7095) width 16: "\x{2662}"
        text run at (0,7119) width 30: "\x{8081}\x{89F5}"
      RenderText {#text} at (30,7119) size 148x17
        text run at (30,7119) width 128: "\x{5253}\x{FFF}\x{72CB}\x{5973}\x{DC65}\x{6BF3}\x{C8E6}\x{D83F}\x{DCD8}\x{FB4}\x{3D9}"
        text run at (157,7119) width 21 RTL: "\x{FD2D}"
      RenderText {#text} at (177,7119) size 87x17
        text run at (177,7119) width 87: "\x{5972}\x{6846}\x{D83D}\x{DF0E}\x{D83F}\x{DF80}\x{B98D}\x{D83E}\x{DCDD}\x{ECD0}"
      RenderText {#text} at (263,7119) size 121x17
        text run at (263,7119) width 121: "\x{D83F}\x{DD65}\x{F317}\x{3C72}\x{7414}\x{F0BD}\x{3A99}\x{49B}\x{D83E}\x{DE44}\x{D83D}\x{DF0E}\x{326C}"
      RenderText {#text} at (383,7119) size 63x17
        text run at (383,7119) width 63: "\x{D83E}\x{DF4E}\x{F13}\x{D83F}\x{DEA0}\x{980}\x{D7}\x{D289}"
      RenderText {#text} at (445,7119) size 86x17
        text run at (445,7119) width 86: "\x{2A6F}\x{8396}\x{2DF3}\x{D83F}\x{DD11}\x{4977}\x{AAD0}\x{F2B4}\x{BEE}"
      RenderText {#text} at (530,7119) size 26x17
        text run at (530,7119) width 26: "\x{481}\x{D83E}\x{DF33}\x{1E9}"
      RenderText {#text} at (555,7119) size 24x17
        text run at (555,7119) width 24: "\x{2AC9}\x{30FB}"
      RenderText {#text} at (578,7119) size 99x17
        text run at (578,7119) width 99: "\x{BC84}\x{92B}\x{D83F}\x{DECF}\x{365}\x{D83D}\x{DFD8}\x{94C1}\x{DD2}\x{75A0}"
      RenderText {#text} at (676,7119) size 31x17
        text run at (676,7119) width 31: "\x{BBE1}\x{596}\x{26D}\x{F75B}"
      RenderText {#text} at (0,7119) size 763x45
        text run at (706,7119) width 57: "\x{7444}\x{D83F}\x{DF2E}\x{A850}]\x{B69F}"
        text run at (0,7147) width 69: "\x{A440}\x{D83E}\x{DEE1}\x{DB5F}\x{656A}\x{C9F7}"
      RenderText {#text} at (68,7147) size 52x17
        text run at (68,7147) width 52: "\x{2BA6}\x{1D5D}\x{1F6C}\x{F7AC}\x{D83D}\x{DF42}"
      RenderText {#text} at (119,7147) size 26x17
        text run at (119,7147) width 26: "\x{278F}\x{4DC6}"
      RenderText {#text} at (144,7147) size 56x17
        text run at (144,7147) width 56: "\x{173F}\x{F02}\x{D83F}\x{DD19}\x{193}\x{A07D}"
      RenderText {#text} at (199,7147) size 130x17
        text run at (199,7147) width 7 RTL: "\x{778}"
        text run at (205,7147) width 124: "\x{5AA0}\x{10E}\x{D83F}\x{DD91}\x{D83F}\x{DECD}\x{631E}\x{5907}\x{D83E}\x{DD4A}\x{5A7D}\x{D83F}\x{DFC5}"
      RenderText {#text} at (328,7147) size 57x17
        text run at (328,7147) width 57: "\x{1C30}\x{36A2}\x{A127}\x{D83E}\x{DC62}\x{9613}"
      RenderText {#text} at (384,7147) size 84x17
        text run at (384,7147) width 61: "\x{FA94}\x{61DE}\x{6551}\x{A806}\x{F31}\x{D83F}\x{DDEE}"
        text run at (444,7147) width 9 RTL: "\x{639}"
        text run at (452,7147) width 16: "\x{5CB9}"
      RenderText {#text} at (467,7147) size 123x17
        text run at (467,7147) width 105: "\x{60D0}\x{6DB6}\x{D95C}\x{522D}\x{2A0}\x{B3}\x{7EE}\x{8405}\x{4E1}"
        text run at (571,7147) width 8: "\x{663}"
        text run at (578,7147) width 12: "\x{E675}"
      RenderText {#text} at (589,7147) size 127x17
        text run at (589,7147) width 46: "\x{4D1B}\x{C2E4}\x{5114}"
        text run at (634,7147) width 11 RTL: "\x{62B}"
        text run at (644,7147) width 72: "\x{C2AB}\x{94FF}\x{D83F}\x{DCE2}\x{82F6}\x{5BA9}\x{81E}"
      RenderText {#text} at (0,7147) size 765x45
        text run at (715,7147) width 50: "\x{46EE}\x{A414}\x{A45}\x{AFE1}"
        text run at (0,7175) width 15: "\x{B18C}"
      RenderText {#text} at (14,7175) size 32x17
        text run at (14,7175) width 32: "\x{D83E}\x{DED6}\x{E6B1}"
      RenderText {#text} at (45,7175) size 64x17
        text run at (45,7175) width 27: "\x{9CB3}\x{B5A}"
        text run at (71,7175) width 12: "\x{D83E}\x{DFF6}"
        text run at (82,7175) width 12 RTL: "\x{6CD}"
        text run at (93,7175) width 16: "\x{53E4}"
      RenderText {#text} at (108,7175) size 33x17
        text run at (108,7175) width 33: "\x{F5BE}\x{A5F}\x{D83E}\x{DC76}"
      RenderText {#text} at (140,7175) size 127x17
        text run at (140,7175) width 106: "\x{EFDB}\x{FF2}\x{408}\x{EB97}\x{F1C3}\x{93BE}\x{D83E}\x{DF1D}\x{6A1E}\x{4B63}"
        text run at (245,7175) width 11 RTL: "\x{5D0}"
        text run at (255,7175) width 12: "\x{A7D}"
      RenderText {#text} at (266,7175) size 149x17
        text run at (266,7175) width 149: "\x{BD5E}\x{4AE}\x{D05}\x{D83E}\x{DEC1}\x{5883}\x{A07}\x{D83F}\x{DC88}\x{1AC0}\x{52F9}\x{6223}\x{2DB}"
      RenderText {#text} at (414,7175) size 30x17
        text run at (414,7175) width 30: "\x{24F}\x{2273}\x{D931}"
      RenderText {#text} at (443,7175) size 77x17
        text run at (443,7175) width 77: "\x{8C4B}\x{5088}\x{1C05}\x{E266}\x{AFA5}\x{312C}"
      RenderText {#text} at (519,7175) size 24x17
        text run at (519,7175) width 24: "\x{B39E}\x{463}"
      RenderText {#text} at (542,7175) size 53x17
        text run at (542,7175) width 53: "\x{70CE}X\x{40BD}\x{D83F}\x{DC97}"
      RenderText {#text} at (594,7175) size 66x17
        text run at (594,7175) width 66: "\x{2E8}\x{D6AF}\x{917}\x{D83F}\x{DD2C}\x{7513}\x{D83E}\x{DCD3}"
      RenderText {#text} at (659,7175) size 36x17
        text run at (659,7175) width 36: "\x{A0F4}\x{6A47}\x{1BFB}"
      RenderText {#text} at (0,7175) size 764x45
        text run at (694,7175) width 70: "\x{1CCF}\x{F78}\x{E12B}\x{B48}\x{EC7}\x{9B42}"
        text run at (0,7203) width 66: "\x{C894}\x{C25}\x{9CE}\x{6B51}\x{5BD0}"
      RenderText {#text} at (65,7203) size 111x17
        text run at (65,7203) width 26: "\x{5300}\x{D64}"
        text run at (90,7203) width 12 RTL: "\x{887}"
        text run at (101,7203) width 53: "\x{D83E}\x{DC4A}\x{13E6}\x{F28}\x{EA3}\x{7037}"
        text run at (153,7203) width 12 RTL: "\x{80A}"
        text run at (164,7203) width 12: "\x{D83F}\x{DF0D}"
      RenderText {#text} at (175,7203) size 31x17
        text run at (175,7203) width 31: "r\x{36D6}\x{EB6}\x{A4B}"
      RenderText {#text} at (205,7203) size 53x17
        text run at (205,7203) width 53: "\x{D83E}\x{DCEA}\x{D83E}\x{DC89}\x{B86E}\x{4D2D}"
      RenderText {#text} at (257,7203) size 79x17
        text run at (257,7203) width 49: "\x{9FA9}\x{EC0C}\x{3165}9"
        text run at (305,7203) width 9 RTL: "\x{7D1}"
        text run at (313,7203) width 23: "\x{F701}\x{619}"
      RenderText {#text} at (335,7203) size 123x17
        text run at (335,7203) width 42: "\x{5E54}\x{DF9C}\x{5EBE}"
        text run at (376,7203) width 11 RTL: "\x{887}"
        text run at (386,7203) width 72: "\x{C3}\x{D83F}\x{DD25}\x{D83F}\x{DEBD}\x{C26}\x{5272}\x{D83D}\x{DEE7}"
      RenderText {#text} at (457,7203) size 126x17
        text run at (457,7203) width 126: "\x{7E4A}\x{8E32}\x{E6}\x{549E}\x{D83E}\x{DFFF}\x{DF85}\x{70FC}\x{30FA}\x{A4F}\x{2CD0}"
      RenderText {#text} at (582,7203) size 61x17
        text run at (582,7203) width 61: "\x{D83F}\x{DCA1}\x{7D06}\x{96B}\x{F25D}\x{CB3E}"
      RenderText {#text} at (0,7203) size 766x45
        text run at (642,7203) width 124: "\x{D83E}\x{DCEA}\x{D83F}\x{DE52}\x{1128}\x{B29}\x{D83E}\x{DD9F}\x{D83E}\x{DCA8}\x{BF60}\x{854F}\x{735B}"
        text run at (0,7231) width 10: "\x{259A}"
      RenderText {#text} at (9,7231) size 115x17
        text run at (9,7231) width 115: "\x{F75B}\x{1C68}\x{379}\x{CC03}\x{49B}\x{D83F}\x{DCE1}\x{1979}\x{C0C}\x{E031}\x{D40E}"
      RenderText {#text} at (123,7231) size 41x17
        text run at (123,7231) width 41: "\x{D83E}\x{DE9F}\x{D83D}\x{DE2E}"
      RenderText {#text} at (163,7231) size 115x17
        text run at (163,7231) width 115: "\x{D83F}\x{DE10}\x{D83F}\x{DD14}\x{D643}\x{A23}\x{D83D}\x{DE22}\x{A477}\x{34F}\x{D16F}\x{D83F}\x{DC20}\x{43F5}"
      RenderText {#text} at (277,7231) size 127x17
        text run at (277,7231) width 116: "\x{CAF9}\x{D3E}\x{998}\x{A33}\x{D83E}\x{DC19}\x{D83E}\x{DE3C}\x{E7E5}\x{F6DC}\x{D83E}\x{DD01}\x{D83F}\x{DFC9}"
        text run at (392,7231) width 12 RTL: "\x{7B6}"
      RenderText {#text} at (403,7231) size 132x17
        text run at (403,7231) width 132: "\x{4A3E}\x{D83F}\x{DD04}\x{AC54}\x{AF6}\x{50C}\x{B80}\x{AFB}\x{3798}\x{2FA}\x{AC53}\x{D83D}\x{DF1B}"
      RenderText {#text} at (534,7231) size 86x17
        text run at (534,7231) width 21: "\x{D83D}\x{DF48}\x{196}"
        text run at (554,7231) width 15 RTL: "\x{815}"
        text run at (568,7231) width 52: "\x{AE08}\x{F0DE}\x{316}\x{3575}"
      RenderText {#text} at (619,7231) size 118x17
        text run at (619,7231) width 118: "\x{4898}\x{CCB1}\x{606F}\x{E7ED}\x{8BAA}\x{D83F}\x{DD60}\x{CD54}\x{D83D}\x{DEE5}"
      RenderText {#text} at (736,7231) size 27x17
        text run at (736,7231) width 27: "\x{5669}\x{F70F}"
      RenderText {#text} at (0,7258) size 128x17
        text run at (0,7258) width 128: "\x{CCDB}\x{7183}\x{22F4}\x{B721}\x{E7AD}\x{7B64}\x{CD8}>\x{E19}\x{D83E}\x{DE92}"
      RenderText {#text} at (127,7258) size 33x17
        text run at (127,7258) width 33: "\x{DECC}\x{D7D7}\x{1937}"
      RenderText {#text} at (159,7258) size 121x17
        text run at (159,7258) width 121: "\x{1418}\x{D83E}\x{DE74}\x{89DA}\x{C43}\x{D014}\x{C130}\x{E22C}\x{AE80}"
      RenderText {#text} at (279,7258) size 110x17
        text run at (279,7258) width 110: "\x{8465}\x{D83F}\x{DFEE}\x{667E}\x{850C}\x{454E}\x{D88}\x{3F19}\x{35F}\x{D83E}\x{DC3C}"
      RenderText {#text} at (388,7258) size 84x17
        text run at (388,7258) width 16: "\x{574C}"
        text run at (403,7258) width 15 RTL: "\x{69A}"
        text run at (417,7258) width 55: "\x{D83F}\x{DDA7}\x{A4BF}\x{95B}\x{A46}\x{3470}"
      RenderText {#text} at (471,7258) size 31x17
        text run at (471,7258) width 31: "\x{300C}\x{9CFB}"
      RenderText {#text} at (501,7258) size 89x17
        text run at (501,7258) width 17 RTL: "\x{79D}"
        text run at (517,7258) width 73: "\x{581}\x{C45}\x{6B36}\x{D19}\x{4D5F}\x{BA}\x{387}"
      RenderText {#text} at (589,7258) size 86x17
        text run at (589,7258) width 86: "\x{D83F}\x{DC9F}\x{D83D}\x{DE75}\x{31D}\x{929}\x{2556}\x{D83E}\x{DDBC}\x{38F2}"
      RenderText {#text} at (674,7258) size 85x17
        text run at (674,7258) width 85: "\x{D83E}\x{DF17}\x{D83F}\x{DEC6}\x{D83E}\x{DC31}\x{D83E}\x{DDD1}\x{D83E}\x{DF08}\x{D83E}\x{DD96}"
      RenderText {#text} at (0,7283) size 87x17
        text run at (0,7283) width 87: "\x{D83F}\x{DE20}\x{A9B}\x{52A9}\x{D83D}\x{DE30}\x{F51}\x{87D1}\x{2078}"
      RenderText {#text} at (86,7283) size 76x17
        text run at (86,7283) width 76: "\x{BC5}\x{D83D}\x{DF7C}\x{7ADA}\x{D83D}\x{DF1F}\x{5F57}\x{4807}"
      RenderText {#text} at (161,7283) size 49x17
        text run at (161,7283) width 49: "\x{B1A}\x{583}\x{28D3}\x{8951}"
      RenderText {#text} at (209,7283) size 128x17
        text run at (209,7283) width 92: "\x{399C}\x{2942}\x{96E0}\x{2568}\x{375}\x{9548}\x{D83E}\x{DD1A}"
        text run at (300,7283) width 10 RTL: "\x{FB4E}"
        text run at (309,7283) width 28: "\x{BB6E}\x{D83D}\x{DF5C}"
      RenderText {#text} at (336,7283) size 67x17
        text run at (336,7283) width 67: "\x{7EC0}\x{D83E}\x{DDE5}\x{A7D5}\x{D83E}\x{DDD1}"
      RenderText {#text} at (402,7283) size 29x17
        text run at (402,7283) width 21: "\x{C2D}\x{FF9B}"
        text run at (422,7283) width 9 RTL: "\x{716}"
      RenderText {#text} at (430,7283) size 77x17
        text run at (430,7283) width 77: "\x{8268}\x{CD47}\x{D83E}\x{DDE9}\x{C7A3}\x{D83F}\x{DF95}"
      RenderText {#text} at (506,7283) size 83x17
        text run at (506,7283) width 40: "\x{7741}\x{336}\x{705A}\x{18B}\x{364}"
        text run at (545,7283) width 9 RTL: "\x{840}"
        text run at (553,7283) width 36: "\x{CF3}\x{CE2F}\x{7F0}"
      RenderText {#text} at (588,7283) size 33x17
        text run at (588,7283) width 33: "\x{F30}\x{ECA}\x{4780}\x{F2}"
      RenderText {#text} at (620,7283) size 121x17
        text run at (620,7283) width 27: "\x{DA9D}\x{CBB7}"
        text run at (646,7283) width 12 RTL: "\x{897}"
        text run at (657,7283) width 84: "\x{D83E}\x{DC9B}\x{37C0}\x{DE0}\x{DB10}\x{AFD}\x{6018}\x{F30}"
      RenderText {#text} at (0,7283) size 750x45
        text run at (740,7283) width 10: "\x{918}"
        text run at (0,7311) width 135: "\x{D83E}\x{DD55}\x{EBD0}\x{E0B0}\x{AA31}\x{6925}\x{8780}\x{3102}\x{9048}\x{D83F}\x{DDCC}\x{50E7}"
      RenderText {#text} at (134,7311) size 41x17
        text run at (134,7311) width 41: "\x{A8D9}\x{D83F}\x{DF66}\x{D83E}\x{DC15}\x{ED64}"
      RenderText {#text} at (174,7311) size 17x17
        text run at (174,7311) width 17: "\x{E6E3}\x{2D1}"
      RenderText {#text} at (190,7311) size 144x17
        text run at (190,7311) width 144: "\x{9131}\x{FCB}\x{BFAD}\x{E2D3}\x{D83F}\x{DE59}\x{E2C6}\x{5ECC}\x{CF59}\x{D83E}\x{DECC}\x{3E99}\x{A016}"
      RenderText {#text} at (333,7311) size 27x17
        text run at (333,7311) width 27: "\x{4445}\x{D83E}\x{DE48}"
      RenderText {#text} at (359,7311) size 102x17
        text run at (359,7311) width 102: "\x{D83F}\x{DD09}\x{D83E}\x{DDB1}\x{60C0}\x{B82A}\x{C487}\x{D83D}\x{DEEE}\x{F29}\x{A76B}"
      RenderText {#text} at (460,7311) size 58x17
        text run at (460,7311) width 27: "\x{601}"
        text run at (486,7311) width 32: "\x{41D4}\x{2B5}\x{D83F}\x{DE16}"
      RenderText {#text} at (517,7311) size 81x17
        text run at (517,7311) width 81: "\x{D83D}\x{DE41}\x{2FB6}\x{50D1}\x{B18F}\x{61AA}"
      RenderText {#text} at (597,7311) size 26x17
        text run at (597,7311) width 26: "\x{DF5B}\x{913F}"
      RenderText {#text} at (622,7311) size 66x17
        text run at (622,7311) width 66: "\x{A77D}\x{D83F}\x{DDA2}\x{34F}\x{6A84}\x{B2E0}\x{9088}"
      RenderText {#text} at (0,7311) size 758x45
        text run at (687,7311) width 64: "\x{62BA}\x{2A5}\x{37F5}\x{D3DB}"
        text run at (750,7311) width 8 RTL: "\x{84B}"
        text run at (0,7339) width 60: "\x{BA54}\x{D83F}\x{DD26}\x{A344}\x{1CC4}"
      RenderText {#text} at (59,7339) size 74x17
        text run at (59,7339) width 74: "\x{4DD8}\x{BC1}\x{6D2D}\x{59D9}\x{99E}"
      RenderText {#text} at (132,7339) size 115x17
        text run at (132,7339) width 23: "\x{EF27}\x{D83E}\x{DC87}"
        text run at (154,7339) width 11 RTL: "\x{877}"
        text run at (164,7339) width 83: "\x{43A2}\x{EAEC}\x{FA3}\x{D13D}\x{823D}\x{8A33}"
      RenderText {#text} at (246,7339) size 48x17
        text run at (246,7339) width 48: "\x{C016}\x{D83F}\x{DFB1}\x{D83F}\x{DE82}\x{D83F}\x{DFF4}"
      RenderText {#text} at (293,7339) size 125x17
        text run at (293,7339) width 125: "\x{F451}\x{142D}\x{D83D}\x{DE0E}\x{D83E}\x{DFA6}\x{E255}\x{D83D}\x{DF66}\x{D83E}\x{DD25}\x{FAC4}\x{55F3}"
      RenderText {#text} at (683,7339) size 86x17
        text run at (683,7339) width 86 RTL: "\x{69B}\x{6BC}\x{202E}\x{CC07}\x{67E}\x{E35B}\x{B7EB}\x{8F7C}"
      RenderText {#text} at (587,7339) size 97x17
        text run at (587,7339) width 97 RTL: "\x{203}\x{4153}\x{F18}\x{8AA8}\x{35A2}\x{D83F}\x{DE2B}\x{CA4D}\x{D4F}"
      RenderText {#text} at (444,7339) size 144x17
        text run at (444,7339) width 144 RTL: "\x{6EA2}\x{D83E}\x{DD54}\x{7032}\x{D83E}\x{DFD2}\x{D83D}\x{DE8B}\x{588}\x{565}\x{D83D}\x{DE17}\x{7FC}\x{AE}"
      RenderText {#text} at (417,7339) size 352x45
        text run at (417,7339) width 28 RTL: "\x{38A2}\x{A96}"
        text run at (738,7367) width 31 RTL: "\x{41D0}\x{D013}"
      RenderText {#text} at (656,7367) size 83x17
        text run at (656,7367) width 83 RTL: "\x{D83F}\x{DEAC}\x{603C}\x{9B39}\x{C4AA}\x{D83F}\x{DF7B}\x{98FE}"
      RenderText {#text} at (636,7367) size 21x17
        text run at (636,7367) width 21 RTL: "\x{D83F}\x{DDFE}\x{3D1}"
      RenderText {#text} at (547,7367) size 90x17
        text run at (547,7367) width 90 RTL: "\x{D83E}\x{DDEE}\x{4A72}\x{6D37}\x{FD91}\x{D83F}\x{DC37}\x{23A0}\x{271C}"
      RenderText {#text} at (446,7367) size 102x17
        text run at (446,7367) width 102 RTL: "\x{F9C4}\x{85DB}\x{130}\x{5F74}\x{171}\x{AB7A}\x{9599}\x{17B}\x{D83E}\x{DECA}"
      RenderText {#text} at (327,7367) size 120x17
        text run at (327,7367) width 120 RTL: "\x{76FE}\x{2775}\x{C23}\x{D83F}\x{DE0B}\x{C012}\x{D83E}\x{DCD5}\x{D83E}\x{DD2A}\x{9E24}\x{9E2B}"
      RenderText {#text} at (292,7367) size 36x17
        text run at (292,7367) width 36 RTL: "\x{DDE}\x{8E9}\x{4745}"
      RenderText {#text} at (199,7367) size 94x17
        text run at (199,7367) width 94 RTL: "\x{5A92}\x{D83D}\x{DE0D}\x{BBD}\x{A85}\x{9842}\x{D8E1}\x{E36}"
      RenderText {#text} at (109,7367) size 91x17
        text run at (109,7367) width 91 RTL: "\x{9C76}\x{A628}\x{668}\x{D83F}\x{DF85}\x{D83E}\x{DFC4}\x{88E}\x{7A90}\x{E777}"
      RenderText {#text} at (15,7367) size 95x17
        text run at (15,7367) width 95 RTL: "\x{14D}\x{9DE9}\x{774}\x{CF8}\x{E564}\x{D83E}\x{DE93}\x{EED}\x{49D4}"
      RenderText {#text} at (0,7367) size 763x43
        text run at (0,7367) width 15 RTL: "\x{11E8}"
        text run at (718,7393) width 45 RTL: "\x{675}\x{BACC}\x{F8B}\x{90C}"
      RenderText {#text} at (677,7393) size 42x17
        text run at (677,7393) width 42 RTL: "\x{683E}\x{D83F}\x{DEF3}\x{3C93}"
      RenderText {#text} at (637,7393) size 41x17
        text run at (637,7393) width 41 RTL: "\x{78F5}\x{7F78}\x{D83F}\x{DF83}"
      RenderText {#text} at (518,7393) size 120x17
        text run at (518,7393) width 120 RTL: "\x{D83D}\x{DE09}\x{796}\x{D83F}\x{DCBC}D\x{19C2}\x{6A17}\x{7B70}\x{D83D}\x{DEEB}\x{A174}\x{34C}"
      RenderText {#text} at (488,7393) size 31x17
        text run at (488,7393) width 31 RTL: "\x{56F3}\x{6FCC}"
      RenderText {#text} at (418,7393) size 71x17
        text run at (418,7393) width 71 RTL: "\x{FE70}\x{521C}\x{AA06}\x{84E8}\x{D83E}\x{DF45}\x{D83F}\x{DE37}"
      RenderText {#text} at (294,7393) size 125x17
        text run at (294,7393) width 125 RTL: "\x{8CD}\x{B3D3}\x{D80F}\x{16B}\x{E08}\x{232}\x{B97}\x{D83E}\x{DE69}\x{1F3C}\x{488B}\x{8A11}"
      RenderText {#text} at (198,7393) size 97x17
        text run at (198,7393) width 97 RTL: "\x{4A5}\x{E74}\x{CAF4}\x{D34}\x{D83E}\x{DF1B}\x{4B6}\x{2BD}\x{9A45}\x{D83F}\x{DE1D}"
      RenderText {#text} at (85,7393) size 114x17
        text run at (85,7393) width 114 RTL: "\x{BAF5}\x{5E12}\x{B80}\x{89BF}\x{B118}\x{63C}\x{A084}\x{F6D}\x{63D}\x{77C}"
      RenderText {#text} at (0,7393) size 728x45
        text run at (0,7393) width 86 RTL: "\x{7EA2}\x{5644}\x{BE3F}\x{556}\x{181E}\x{7889}"
        text run at (662,7421) width 66 RTL: "\x{CF5}\x{887E}\x{C83}\x{93F9}\x{D83E}\x{DE2E}"
      RenderText {#text} at (542,7421) size 121x17
        text run at (542,7421) width 121 RTL: "\x{D83F}\x{DFEC}\x{CEA0}\x{D83E}\x{DF45}\x{CFC}\x{5A89}\x{D83F}\x{DEC3}\x{7A7C}\x{54A4}\x{E65}\x{9F2}"
      RenderText {#text} at (498,7421) size 45x17
        text run at (498,7421) width 45 RTL: "\x{FDF3}\x{9EA}\x{9412}"
      RenderText {#text} at (442,7421) size 57x17
        text run at (442,7421) width 57 RTL: "\x{44B}\x{3CB2}\x{D83F}\x{DF31}\x{DE4E}\x{E2E}"
      RenderText {#text} at (325,7421) size 118x17
        text run at (325,7421) width 118 RTL: "\x{5144}\x{8AB}\x{196}\x{D83F}\x{DDBD}\x{D83E}\x{DEB9}\x{F091}\x{A9E}\x{D83F}\x{DFC5}\x{D83F}\x{DCE9}\x{8787}"
      RenderText {#text} at (208,7421) size 118x17
        text run at (208,7421) width 118 RTL: "\x{C2A5}\x{800}\x{9F46}\x{CF1}\x{F21}\x{66E7}\x{BF55}\x{A0FF}\x{BD8}\x{15}"
      RenderText {#text} at (123,7421) size 86x17
        text run at (123,7421) width 86 RTL: "\x{87F3}\x{A73D}\x{5D3C}\x{9312}\x{F4DD}\x{BA3}"
      RenderText {#text} at (25,7421) size 99x17
        text run at (25,7421) width 99 RTL: "\x{D83F}\x{DEE2}\x{46D}\x{4AD}\x{841}\x{6ECB}\x{7C9E}\x{E5CD}\x{82F}"
      RenderText {#text} at (0,7421) size 26x17
        text run at (0,7421) width 26 RTL: "\x{1AEB}\x{3AAB}"
      RenderText {#text} at (665,7449) size 95x17
        text run at (665,7449) width 95 RTL: "\x{2959}\x{1942}\x{D9F}\x{BCD}\x{A4B}\x{8BB5}\x{D83D}\x{DE88}\x{D83E}\x{DF26}"
      RenderText {#text} at (592,7449) size 74x17
        text run at (592,7449) width 74 RTL: "\x{3DFB}\x{E853}\x{902F}\x{784}\x{13E}\x{3133}"
      RenderText {#text} at (557,7449) size 36x17
        text run at (557,7449) width 36 RTL: "\x{FB8}\x{7912}\x{EC9E}"
      RenderText {#text} at (523,7449) size 35x17
        text run at (523,7449) width 35 RTL: "\x{504B}\x{D91A}\x{236}"
      RenderText {#text} at (462,7449) size 62x17
        text run at (462,7449) width 62 RTL: "\x{AAA}\x{F7DF}\x{384}\x{B4EC}\x{C45}\x{DC4}\x{E05E}"
      RenderText {#text} at (365,7449) size 98x17
        text run at (365,7449) width 98 RTL: "\x{D83D}\x{DE6C}\x{6645}\x{453}\x{D83F}\x{DF03}\x{F67}\x{FA0}\x{D83F}\x{DF1E}\x{D83E}\x{DF2C}\x{7162}"
      RenderText {#text} at (336,7449) size 30x17
        text run at (336,7449) width 30 RTL: "\x{89E5}\x{A3E}"
      RenderText {#text} at (213,7449) size 124x17
        text run at (213,7449) width 124 RTL: "\x{C8B8}\x{D04F}\x{4599}\x{3FFD}\x{61AF}\x{8B27}\x{D291}\x{EE6}\x{769}"
      RenderText {#text} at (156,7449) size 58x17
        text run at (156,7449) width 58 RTL: "\x{E85A}\x{9E6}\x{B96}\x{CC8}\x{541C}"
      RenderText {#text} at (71,7449) size 86x17
        text run at (71,7449) width 86 RTL: "\x{902}\x{E280}\x{4174}\x{F7E4}\x{7D6E}\x{2F9B}\x{687}"
      RenderText {#text} at (0,7449) size 507x53
        text run at (0,7449) width 72 RTL: "\x{C66}\x{C57C}\x{F094}\x{AA6F}\x{19B}\x{D150}"
        text run at (466,7485) width 41 RTL: "\x{D83D}\x{DFEE}\x{645}\x{443}\x{C2B5}"
      RenderText {#text} at (368,7485) size 99x17
        text run at (368,7485) width 99 RTL: "\x{F89}\x{20D}\x{545C}\x{CDE9}\x{6ACF}\x{F15F}\x{D83F}\x{DF0F}\x{30A7}"
      RenderText {#text} at (289,7485) size 80x17
        text run at (289,7485) width 80 RTL: "\x{93EA}\x{329D}\x{9F1}\x{484}\x{A2E0}\x{D83F}\x{DD32}\x{DB2C}\x{F512}"
      RenderText {#text} at (209,7485) size 81x17
        text run at (209,7485) width 81 RTL: "\x{851D}\x{11BD}\x{D83F}\x{DDAF}\x{47B7}\x{3D2A}\x{A86D}"
      RenderText {#text} at (83,7485) size 127x17
        text run at (83,7485) width 127 RTL: "\x{E1F2}\x{4E8}\x{FA6}\x{D83F}\x{DE0B}\x{501B}\x{405D}\x{981}\x{492}\x{54B8}\x{D83E}\x{DE64}\x{313}"
      RenderText {#text} at (67,7485) size 17x17
        text run at (67,7485) width 17 RTL: "\x{F680}\x{1D6A}"
      RenderText {#text} at (0,7485) size 68x17
        text run at (0,7485) width 68 RTL: "\x{E09}\x{F66F}\x{684}\x{EC1}\x{717D}\x{CD50}\x{8D5}"
layer at (124,11) size 16x16
  RenderVideo {VIDEO} at (115,3) size 17x16
layer at (8,35) size 300x150
  RenderHTMLCanvas {CANVAS} at (0,27) size 300x150
layer at (391,169) size 16x16
  RenderVideo {VIDEO} at (383,161) size 17x16
layer at (446,197) size 300x150
  RenderHTMLCanvas {CANVAS} at (438,189) size 301x150
layer at (47,492) size 16x16
  RenderVideo {VIDEO} at (39,484) size 17x16
layer at (63,358) size 100x150
  RenderHTMLCanvas {CANVAS} at (55,350) size 101x150
layer at (163,358) size 300x150
  RenderHTMLCanvas {CANVAS} at (155,350) size 301x150
layer at (736,662) size 16x16
  RenderVideo {VIDEO} at (727,654) size 17x16
layer at (73,687) size 300x699
  RenderHTMLCanvas {CANVAS} at (64,679) size 301x699
layer at (520,1370) size 16x16
  RenderVideo {VIDEO} at (511,1362) size 17x16
layer at (8,1721) size 300x150
  RenderHTMLCanvas {CANVAS} at (0,1713) size 300x150
layer at (308,1721) size 300x150
  RenderHTMLCanvas {CANVAS} at (300,1713) size 300x150
layer at (8,1903) size 300x708
  RenderHTMLCanvas {CANVAS} at (0,1895) size 300x708
layer at (510,2448) size 163x163
  RenderVideo {VIDEO} at (501,2440) size 164x163
layer at (8,2617) size 210x730
  RenderHTMLCanvas {CANVAS} at (0,2609) size 210x730
layer at (218,3331) size 16x16
  RenderVideo {VIDEO} at (210,3323) size 16x16
layer at (8,3354) size 585x519
  RenderHTMLCanvas {CANVAS} at (0,3346) size 585x519
layer at (8,4455) size 865x150
  RenderHTMLCanvas {CANVAS} at (0,4447) size 865x150
layer at (40,4605) size 65x231
  RenderVideo {VIDEO} at (32,4597) size 66x231
layer at (123,4686) size 300x150
  RenderHTMLCanvas {CANVAS} at (114,4678) size 301x150
layer at (8,4841) size 308x150
  RenderHTMLCanvas {CANVAS} at (0,4833) size 308x150
layer at (717,5012) size 5x5
  RenderVideo {VIDEO} at (709,5004) size 6x5
layer at (8,6214) size 471x150
  RenderHTMLCanvas {CANVAS} at (0,6206) size 471x150
layer at (678,6373) size 64x81
  RenderVideo {VIDEO} at (670,6365) size 65x81
layer at (514,6463) size 157x226
  RenderVideo {VIDEO} at (505,6455) size 158x226
