layer at (0,0) size 1000x270
  RenderView at (0,0) size 1000x270
layer at (0,0) size 1000x270
  RenderBlock {HTML} at (0,0) size 1000x270
    RenderBody {BODY} at (8,16) size 984x244
      RenderBlock {P} at (0,0) size 984x18
        RenderText {#text} at (0,0) size 448x18
          text run at (0,0) width 448: "You should see two green squares below on screen, and when printed."
      RenderBlock {DIV} at (10,34) size 100x100 [bgcolor=#008000]
layer at (18,160) size 100x100
  RenderBlock {DIV} at (10,144) size 100x100 [bgcolor=#008000]
