layer at (0,0) size 800x600
  RenderView at (0,0) size 800x600
layer at (0,0) size 800x280
  RenderBlock {html} at (0,0) size 800x280
    RenderBody {body} at (8,16) size 784x256
      RenderBlock {p} at (0,0) size 784x72
        RenderText {#text} at (0,0) size 782x71
          text run at (0,0) width 782: "This is a test to check if the loading of a stylesheet is properly cancelled (count of pending style sheets is decremented) when"
          text run at (0,18) width 552: "its link tag is changed through the DOM after the link tag is appended to the document. "
          text run at (552,18) width 227: "When the div with style is moved, it"
          text run at (0,36) width 776: "appears on the screen if the style was loaded properly, and doesn't appear when there are out-standing stylesheets according"
          text run at (0,54) width 119: "to the DocLoader. "
          text run at (118,54) width 28: "See "
        RenderInline {a} at (0,0) size 33x17 [color=#0000EE]
          RenderText {#text} at (145,54) size 33x17
            text run at (145,54) width 33: "6999"
      RenderBlock {p} at (0,88) size 784x18
        RenderInline {span} at (0,0) size 32x17 [color=#FF0000]
          RenderText {#text} at (0,0) size 32x17
            text run at (0,0) width 32: "Fails"
        RenderText {#text} at (32,0) size 52x17
          text run at (32,0) width 52: " if there "
        RenderInline {span} at (0,0) size 31x17 [color=#FF0000]
          RenderText {#text} at (84,0) size 31x17
            text run at (84,0) width 31: "is no"
        RenderText {#text} at (115,0) size 151x17
          text run at (115,0) width 151: " pink box on the screen."
      RenderBlock {p} at (0,122) size 784x18
        RenderInline {span} at (0,0) size 43x17 [color=#008000]
          RenderText {#text} at (0,0) size 43x17
            text run at (0,0) width 43: "Passes"
        RenderText {#text} at (43,0) size 52x17
          text run at (43,0) width 52: " if there "
        RenderInline {span} at (0,0) size 10x17 [color=#008000]
          RenderText {#text} at (95,0) size 10x17
            text run at (95,0) width 10: "is"
        RenderText {#text} at (105,0) size 162x17
          text run at (105,0) width 162: " a pink box on the screen."
      RenderBlock {div} at (0,156) size 100x100 [bgcolor=#FFCCFF]
