layer at (0,0) size 800x600
  RenderView at (0,0) size 800x600
layer at (0,0) size 800x41
  RenderBlock {HTML} at (0,0) size 800x41
    RenderBody {BODY} at (8,13) size 784x15
      RenderBlock {PRE} at (0,0) size 784x15
        RenderText {#text} at (0,0) size 336x15
          text run at (0,0) width 336: "{\"error\": {\"code\": 404, \"message\": \"404\"}}"
