layer at (0,0) size 800x600
  RenderView at (0,0) size 800x600
layer at (0,0) size 800x152
  RenderBlock {HTML} at (0,0) size 800x152
    RenderBody {BODY} at (8,8) size 784x136
      RenderBlock (anonymous) at (0,0) size 784x18
        RenderInline {DIV} at (0,2) size 528x16 [color=#FFFFFF] [bgcolor=#FF0000]
          RenderText {#text} at (0,2) size 528x16
            text run at (0,2) width 528: "Ahem_font_required_for_this_test."
        RenderText {#text} at (0,0) size 0x0
      RenderTable {TABLE} at (0,18) size 342x118
        RenderTableSection {TBODY} at (0,0) size 342x118
          RenderTableRow {TR} at (0,2) size 342x114
            RenderTableCell {TD} at (2,2) size 338x114 [r=0 c=0 rs=1 cs=1]
              RenderBlock {DIV} at (1,1) size 336x112 [color=#00FF00] [bgcolor=#008000]
                RenderText {#text} at (0,1) size 336x112
                  text run at (0,1) width 336: "                     "
                  text run at (336,1) width 0: " "
                  text run at (0,17) width 336: " xxxx xxxx xxxx xxxx "
                  text run at (336,17) width 0: " "
                  text run at (0,33) width 336: " x  x x  x x    x    "
                  text run at (336,33) width 0: " "
                  text run at (0,49) width 320: " xxxx xxxx xxxx xxxx"
                  text run at (320,49) width 0: " "
                  text run at (0,65) width 336: " x    x  x    x    x "
                  text run at (336,65) width 0: " "
                  text run at (0,81) width 336: " x    x  x xxxx xxxx "
                  text run at (336,81) width 0: " "
                  text run at (0,97) width 336: "                     "
