layer at (0,0) size 800x600
  RenderView at (0,0) size 800x600
layer at (0,0) size 800x600
  RenderBlock {HTML} at (0,0) size 800x600
    RenderBody {BODY} at (8,8) size 784x566
      RenderBlock {PRE} at (0,0) size 784x60
        RenderText {#text} at (0,1) size 240x60
          text run at (0,1) width 240: "This is a test."
          text run at (240,1) width 0: " "
          text run at (0,31) width 224: "Big font size?"
          text run at (224,31) width 0: " "
