layer at (0,0) size 800x600
  RenderView at (0,0) size 800x600
layer at (0,0) size 800x600
  RenderBlock {HTML} at (0,0) size 800x600
    RenderBody {BODY} at (8,8) size 784x579
      RenderBlock {PRE} at (0,0) size 784x164
        RenderText {#text} at (0,50) size 24x15
          text run at (0,50) width 24: "One"
        RenderInline {SPAN} at (0,1) size 129x163
          RenderText {#text} at (0,1) size 129x164
            text run at (24,1) width 0: " "
            text run at (0,83) width 129: "Two"
