layer at (0,0) size 785x662
  RenderView at (0,0) size 785x600
layer at (0,0) size 785x662
  RenderBlock {html} at (0,0) size 785x662
    RenderBody {body} at (8,8) size 769x646
      RenderBlock {div} at (0,0) size 769x216
        RenderBlock {div} at (0,0) size 70x146 [border: (1px solid #FF0000)]
          RenderText {#text} at (7,1) size 56x48
            text run at (7,1) width 49: "\x{70BA}"
          RenderInline {ruby} at (7,49) size 56x48
            RenderInline (generated) at (7,49) size 56x48
              RenderText {#text} at (7,49) size 56x48
                text run at (7,49) width 49: "\x{6AFB}"
          RenderText {#text} at (7,97) size 56x48
            text run at (7,97) width 49: "\x{7530}"
        RenderBlock {div} at (0,146) size 769x70 [border: (1px solid #008000)]
          RenderText {#text} at (1,8) size 48x56
            text run at (1,8) width 48: "\x{70BA}"
          RenderInline {ruby} at (49,8) size 48x56
            RenderInline (generated) at (49,8) size 48x56
              RenderText {#text} at (49,8) size 48x56
                text run at (49,8) width 48: "\x{6AFB}"
          RenderText {#text} at (97,8) size 48x56
            text run at (97,8) width 48: "\x{7530}"
      RenderBlock {div} at (0,215) size 769x216
        RenderBlock {div} at (0,0) size 70x146 [border: (1px solid #FF0000)]
          RenderText {#text} at (7,1) size 56x48
            text run at (7,1) width 49: "\x{70BA}"
          RenderInline {ruby} at (7,49) size 56x48
            RenderInline (generated) at (7,49) size 56x48
              RenderText {#text} at (7,49) size 56x48
                text run at (7,49) width 49: "\x{6AFB}"
          RenderText {#text} at (7,97) size 56x48
            text run at (7,97) width 49: "\x{7530}"
        RenderBlock {div} at (0,146) size 769x70 [border: (1px solid #008000)]
          RenderText {#text} at (1,8) size 48x56
            text run at (1,8) width 48: "\x{70BA}"
          RenderInline {ruby} at (49,8) size 48x56
            RenderInline (generated) at (49,8) size 48x56
              RenderText {#text} at (49,8) size 48x56
                text run at (49,8) width 48: "\x{6AFB}"
          RenderText {#text} at (97,8) size 48x56
            text run at (97,8) width 48: "\x{7530}"
      RenderBlock {div} at (0,430) size 769x216
        RenderBlock {div} at (0,0) size 70x146 [border: (1px solid #FF0000)]
          RenderText {#text} at (7,1) size 56x48
            text run at (7,1) width 49: "\x{70BA}"
          RenderInline {ruby} at (7,49) size 56x48
            RenderInline (generated) at (7,49) size 56x48
              RenderText {#text} at (7,49) size 56x48
                text run at (7,49) width 49: "\x{6AFB}"
          RenderText {#text} at (7,97) size 56x48
            text run at (7,97) width 49: "\x{7530}"
        RenderBlock {div} at (0,146) size 769x70 [border: (1px solid #008000)]
          RenderText {#text} at (1,8) size 48x56
            text run at (1,8) width 48: "\x{70BA}"
          RenderInline {ruby} at (49,8) size 48x56
            RenderInline (generated) at (49,8) size 48x56
              RenderText {#text} at (49,8) size 48x56
                text run at (49,8) width 48: "\x{6AFB}"
          RenderText {#text} at (97,8) size 48x56
            text run at (97,8) width 48: "\x{7530}"
