layer at (0,0) size 800x600
  RenderView at (0,0) size 800x600
layer at (0,0) size 800x208
  RenderBlock {HTML} at (0,0) size 800x208
    RenderBody {BODY} at (8,8) size 784x184
      RenderBlock (anonymous) at (0,0) size 784x18
        RenderText {#text} at (0,0) size 499x18
          text run at (0,0) width 261: "You should see a green rectangle below. "
          text run at (260,0) width 239: "If you see any red, the test has failed."
      RenderBlock {P} at (0,164) size 784x20 [border: (1px solid #000000)]
        RenderText {#text} at (1,1) size 189x18
          text run at (1,1) width 189: "This line should look normal."
layer at (8,26) size 384x130
  RenderBlock {DIV} at (0,18) size 384x130 [bgcolor=#FF0000]
    RenderInline {SPAN} at (0,0) size 320x64 [color=#008000]
      RenderText {#text} at (0,1) size 320x64
        text run at (0,1) width 320: "xxxxx"
    RenderInline {SPAN} at (0,0) size 64x128 [bgcolor=#008000]
    RenderBR {BR} at (384,1) size 0x64
    RenderBlock {DIV} at (0,2) size 64x128 [bgcolor=#008000]
    RenderInline {SPAN} at (0,0) size 320x64 [color=#008000]
      RenderText {#text} at (64,66) size 320x64
        text run at (64,66) width 320: "xxxxx"
    RenderText {#text} at (0,0) size 0x0
