EDITING DELEGATE: shouldBeginEditingInDOMRange:range from 0 of DIV > BODY > HTML > #document to 3 of DIV > BODY > HTML > #document
EDITING DELEGATE: shouldEndEditingInDOMRange:range from 0 of DIV > BODY > HTML > #document to 3 of DIV > BODY > HTML > #document
EDITING DELEGATE: webViewDidChangeSelection:WebViewDidChangeSelectionNotification
EDITING DELEGATE: webViewDidEndEditing:WebViewDidEndEditingNotification
EDITING DELEGATE: webViewDidChangeSelection:WebViewDidChangeSelectionNotification
layer at (0,0) size 800x600
  RenderView at (0,0) size 800x600
layer at (0,0) size 800x600
  RenderBlock {HTML} at (0,0) size 800x600
    RenderBody {BODY} at (8,8) size 784x584
      RenderBlock {P} at (0,0) size 784x20
        RenderText {#text} at (0,0) size 321x19
          text run at (0,0) width 321: "This tests RebalanceWhitespace's ability to Undo."
      RenderBlock {P} at (0,36) size 784x20
        RenderText {#text} at (0,0) size 333x19
          text run at (0,0) width 333: "You should see \"( this is a test. )\", minus the quotes."
      RenderBlock {HR} at (0,72) size 784x2 [border: (1px inset #000000)]
      RenderBlock {DIV} at (0,82) size 784x28 [border: (2px solid #FFAAAA)]
        RenderBlock {DIV} at (2,2) size 780x24 [border: (2px solid #AAAAFF)]
          RenderText {#text} at (2,2) size 15x19
            text run at (2,2) width 15: "( )"
