EDITING DELEGATE: shouldBeginEditingInDOMRange:range from 0 of DIV > BODY > HTML > #document to 3 of DIV > BODY > HTML > #document
EDITING DELEGATE: webViewDidBeginEditing:WebViewDidBeginEditingNotification
EDITING DELEGATE: webViewDidChangeSelection:WebViewDidChangeSelectionNotification
EDITING DELEGATE: shouldDeleteDOMRange:range from 0 of #text > B > SPAN > DIV > BODY > HTML > #document to 1 of #text > B > SPAN > DIV > BODY > HTML > #document
EDITING DELEGATE: webViewDidChangeSelection:WebViewDidChangeSelectionNotification
EDITING DELEGATE: webViewDidChangeSelection:WebViewDidChangeSelectionNotification
EDITING DELEGATE: webViewDidChangeSelection:WebViewDidChangeSelectionNotification
EDITING DELEGATE: webViewDidChangeSelection:WebViewDidChangeSelectionNotification
EDITING DELEGATE: webViewDidChangeSelection:WebViewDidChangeSelectionNotification
EDITING DELEGATE: shouldChangeSelectedDOMRange:range from 7 of #text > SPAN > DIV > BODY > HTML > #document to 7 of #text > SPAN > DIV > BODY > HTML > #document toDOMRange:range from 7 of #text > SPAN > DIV > BODY > HTML > #document to 7 of #text > SPAN > DIV > BODY > HTML > #document affinity:NSSelectionAffinityDownstream stillSelecting:FALSE
EDITING DELEGATE: webViewDidChangeSelection:WebViewDidChangeSelectionNotification
EDITING DELEGATE: webViewDidChange:WebViewDidChangeNotification
EDITING DELEGATE: shouldDeleteDOMRange:range from 6 of #text > SPAN > DIV > BODY > HTML > #document to 7 of #text > SPAN > DIV > BODY > HTML > #document
EDITING DELEGATE: webViewDidChangeSelection:WebViewDidChangeSelectionNotification
EDITING DELEGATE: shouldDeleteDOMRange:range from 0 of #text > B > SPAN > DIV > BODY > HTML > #document to 1 of #text > B > SPAN > DIV > BODY > HTML > #document
EDITING DELEGATE: webViewDidChangeSelection:WebViewDidChangeSelectionNotification
EDITING DELEGATE: webViewDidChange:WebViewDidChangeNotification
EDITING DELEGATE: shouldDeleteDOMRange:range from 0 of #text > B > SPAN > DIV > BODY > HTML > #document to 1 of #text > B > SPAN > DIV > BODY > HTML > #document
EDITING DELEGATE: webViewDidChangeSelection:WebViewDidChangeSelectionNotification
EDITING DELEGATE: webViewDidChange:WebViewDidChangeNotification
EDITING DELEGATE: webViewDidChangeSelection:WebViewDidChangeSelectionNotification
EDITING DELEGATE: webViewDidChange:WebViewDidChangeNotification
layer at (0,0) size 800x600
  RenderView at (0,0) size 800x600
layer at (0,0) size 800x600
  RenderBlock {HTML} at (0,0) size 800x600
    RenderBody {BODY} at (8,8) size 784x584
      RenderBlock {DIV} at (0,0) size 784x88 [border: (2px solid #FF0000)]
        RenderInline {SPAN} at (0,0) size 719x58
          RenderText {#text} at (14,15) size 66x28
            text run at (14,15) width 66: "This w"
          RenderText {#text} at (80,15) size 719x58
            text run at (80,15) width 647: "should be selected, since the test deleted it a character at a time and"
            text run at (726,15) width 7: " "
            text run at (14,45) width 167: "then did an undo."
        RenderText {#text} at (0,0) size 0x0
caret: position 6 of child 0 {#text} of child 1 {SPAN} of child 1 {DIV} of body
