layer at (0,0) size 800x600
  RenderView at (0,0) size 800x600
layer at (0,0) size 800x292
  RenderBlock {HTML} at (0,0) size 800x292
    RenderBody {BODY} at (8,16) size 784x268
      RenderBlock {P} at (0,0) size 784x40
        RenderText {#text} at (0,0) size 762x39
          text run at (0,0) width 762: "The following text should be rendered as 3 lines with justification. The spaces are evenly distributed over (the first line"
          text run at (0,20) width 51: "of) text."
      RenderBlock {DIV} at (0,56) size 100x72
        RenderText {#text} at (0,1) size 100x67
          text run at (0,1) width 100 RTL: "\x{648}\x{644}\x{64A} \x{627}\x{644}\x{639}\x{647}\x{62F} \x{64A}\x{648}\x{62C}\x{647}"
          text run at (0,25) width 100 RTL: "\x{628}\x{62A}\x{643}\x{631}\x{64A}\x{645} \x{645}\x{648}\x{627}\x{637}\x{646}"
          text run at (40,49) width 60 RTL: "\x{648}\x{645}\x{642}\x{64A}\x{645} \x{623}\x{646}\x{642}\x{630}\x{627}"
      RenderBlock (anonymous) at (0,128) size 784x20
        RenderBR {BR} at (0,0) size 0x19
      RenderBlock {P} at (0,164) size 784x40
        RenderText {#text} at (0,0) size 770x39
          text run at (0,0) width 770: "The following text should be rendered as 2 lines with justification. The 1st line should be totally justified ( which means"
          text run at (0,20) width 596: "aligned with the 2nd line at right side) and there should be no text overlapping in the 1st line."
      RenderBlock {DIV} at (0,220) size 250x48
        RenderText {#text} at (0,1) size 250x43
          text run at (0,1) width 250 RTL: "\x{627}\x{644}\x{62E}\x{645}\x{64A}\x{633}. \x{648}\x{642}\x{627}\x{644} \x{627}\x{644}\x{645}\x{62A}\x{62D}\x{62F}\x{62B} \x{627}\x{62D}\x{645}\x{62F} \x{641}\x{648}\x{632}\x{64A} \"\x{645}\x{627} \x{646}\x{62A}\x{648}\x{642}\x{639}\x{647}"
          text run at (190,25) width 60 RTL: "\x{641}\x{64A} \x{627}\x{644}\x{639}\x{627}\x{634}\x{631}"
