layer at (0,0) size 800x600
  RenderView at (0,0) size 800x600
layer at (0,0) size 800x551
  RenderBlock {HTML} at (0,0) size 800x551
    RenderBody {BODY} at (8,16) size 784x519
      RenderBlock {P} at (0,0) size 784x63
        RenderText {#text} at (0,0) size 774x63
          text run at (0,0) width 757: "In each line, reading from left to right, the bracket should appear before the parenthesis. The"
          text run at (0,21) width 774: "bracket should be a left bracket and the parenthesis should be a right parenthesis. In each line,"
          text run at (0,42) width 615: "Roman characters and digits should be in increasing order from left to right."
      RenderBlock {P} at (0,79) size 784x23
        RenderText {#text} at (0,0) size 61x21
          text run at (0,0) width 25 RTL: "\x{5D0}\x{5D1}\x{5D2}"
          text run at (24,0) width 37: " def "
        RenderInline {SPAN} at (0,0) size 41x21
          RenderText {#text} at (60,0) size 41x21
            text run at (60,0) width 41 RTL: "(\x{5D6}\x{5D7}\x{5D8}]"
        RenderText {#text} at (100,0) size 26x21
          text run at (100,0) width 26: " jkl"
      RenderBlock {P} at (0,118) size 784x23
        RenderText {#text} at (0,0) size 61x21
          text run at (0,0) width 25 RTL: "\x{5D0}\x{5D1}\x{5D2}"
          text run at (24,0) width 37: " def "
        RenderInline {SPAN} at (0,0) size 40x21
          RenderText {#text} at (60,0) size 40x21
            text run at (60,0) width 8 RTL: "]"
            text run at (67,0) width 26: "ghi"
            text run at (92,0) width 8 RTL: "("
        RenderText {#text} at (99,0) size 26x21
          text run at (99,0) width 26: " jkl"
      RenderBlock {P} at (0,157) size 784x21
        RenderText {#text} at (0,0) size 34x21
          text run at (0,0) width 34: "abc "
        RenderInline {SPAN} at (0,0) size 62x21
          RenderText {#text} at (33,0) size 62x21
            text run at (33,0) width 8 RTL: "]"
            text run at (40,0) width 22: "23"
            text run at (61,0) width 6 RTL: " "
            text run at (66,0) width 22: "45"
            text run at (87,0) width 8 RTL: "("
        RenderText {#text} at (94,0) size 32x21
          text run at (94,0) width 32: " fgh"
      RenderBlock {P} at (0,194) size 784x21
        RenderText {#text} at (0,0) size 126x21
          text run at (0,0) width 34: "abc "
          text run at (33,0) width 8 RTL: "]"
          text run at (40,0) width 22: "23"
          text run at (61,0) width 6 RTL: " "
          text run at (66,0) width 22: "45"
          text run at (87,0) width 8 RTL: "\x{202B}("
          text run at (94,0) width 32: "\x{202C} fgh"
      RenderBlock {P} at (0,231) size 784x21
        RenderText {#text} at (0,0) size 115x21
          text run at (0,0) width 34: "abc "
          text run at (33,0) width 8 RTL: "]"
          text run at (40,0) width 42: "de fg"
          text run at (81,0) width 8 RTL: "\x{202B}("
          text run at (88,0) width 27: "\x{202C} hij"
      RenderBlock {P} at (0,268) size 784x21
        RenderText {#text} at (0,0) size 11x21
          text run at (0,0) width 11: "1"
        RenderInline {SPAN} at (0,0) size 59x21
          RenderText {#text} at (10,0) size 59x21
            text run at (10,0) width 8 RTL: "]"
            text run at (17,0) width 44: "ab cd"
            text run at (60,0) width 9 RTL: "("
        RenderText {#text} at (0,0) size 0x0
      RenderBlock {P} at (0,305) size 784x23
        RenderText {#text} at (0,0) size 11x21
          text run at (0,0) width 11: "1"
        RenderInline {SPAN} at (0,0) size 55x21
          RenderText {#text} at (10,0) size 55x21
            text run at (10,0) width 28 RTL: " \x{5D2}\x{5D3}]"
            text run at (37,0) width 21: "ab"
            text run at (57,0) width 8 RTL: "("
        RenderText {#text} at (0,0) size 0x0
      RenderBlock {P} at (0,344) size 784x21
        RenderText {#text} at (0,0) size 11x21
          text run at (0,0) width 11: "1"
        RenderInline {SPAN} at (0,0) size 25x21
          RenderText {#text} at (10,0) size 25x21
            text run at (10,0) width 8 RTL: "]"
            text run at (17,0) width 11: "2"
            text run at (27,0) width 8 RTL: "\x{202B}("
            text run at (34,0) width 1: "\x{202C}"
        RenderText {#text} at (0,0) size 0x0
      RenderBlock {P} at (0,381) size 784x21
        RenderText {#text} at (0,0) size 11x21
          text run at (0,0) width 11: "1"
        RenderInline {SPAN} at (0,0) size 25x21
          RenderText {#text} at (10,0) size 25x21
            text run at (10,0) width 8 RTL: "]"
            text run at (17,0) width 11: "a"
            text run at (27,0) width 8 RTL: "\x{202B}("
            text run at (34,0) width 1: "\x{202C}"
        RenderText {#text} at (0,0) size 0x0
      RenderBlock {P} at (0,418) size 784x23
        RenderText {#text} at (0,0) size 65x21
          text run at (0,0) width 11: "1"
          text run at (10,0) width 28 RTL: " \x{5D2}\x{5D3}]"
          text run at (37,0) width 21: "ab"
          text run at (57,0) width 8 RTL: "\x{202B}("
          text run at (64,0) width 1: "\x{202C}"
      RenderBlock {P} at (0,457) size 784x23
        RenderInline {SPAN} at (0,0) size 103x21
          RenderText {#text} at (0,0) size 103x21
            text run at (0,0) width 8 RTL: "]"
            text run at (7,0) width 29: "abc"
            text run at (35,0) width 36 RTL: " \x{5D0}\x{5D1}\x{5D2} "
            text run at (70,0) width 26: "def"
            text run at (95,0) width 8 RTL: "("
        RenderText {#text} at (0,0) size 0x0
      RenderBlock {P} at (0,496) size 784x23
        RenderText {#text} at (0,0) size 103x21
          text run at (0,0) width 8 RTL: "]"
          text run at (7,0) width 29: "abc"
          text run at (35,0) width 36 RTL: " \x{5D0}\x{5D1}\x{5D2} "
          text run at (70,0) width 26: "def"
          text run at (95,0) width 8 RTL: "\x{202B}("
          text run at (102,0) width 1: "\x{202C}"
