layer at (0,0) size 800x600
  RenderView at (0,0) size 800x600
layer at (0,0) size 800x124
  RenderBlock {HTML} at (0,0) size 800x124
    RenderBody {BODY} at (8,8) size 784x100
      RenderBlock (anonymous) at (0,0) size 784x20
        RenderText {#text} at (0,0) size 284x19
          text run at (0,0) width 284: "The following two lines should be the same:"
      RenderBlock {P} at (0,36) size 784x24
        RenderText {#text} at (0,1) size 68x19
          text run at (0,1) width 68: "abc\x{5D2}\x{5D1}\x{5D0}\x{661}\x{662}\x{663}"
      RenderBlock {P} at (0,76) size 784x24
        RenderText {#text} at (0,1) size 68x19
          text run at (0,1) width 23: "abc"
          text run at (22,1) width 21 RTL: "\x{5D0}\x{5D1}\x{5D2}"
          text run at (42,1) width 26: "\x{661}\x{662}\x{663}"
