layer at (0,0) size 800x600
  RenderView at (0,0) size 800x600
layer at (0,0) size 800x600
  RenderBlock {HTML} at (0,0) size 800x600
    RenderBody {BODY} at (8,8) size 784x576
      RenderBlock (anonymous) at (0,0) size 784x40
        RenderText {#text} at (0,0) size 771x39
          text run at (0,0) width 473: "The following tests text iteration over RTL text embedded with LTR text. "
          text run at (472,0) width 299: "TextIterators are used for find, spellcheck, and"
          text run at (0,20) width 66: ".innerText"
      RenderBlock {HR} at (0,48) size 784x2 [border: (1px inset #000000)]
      RenderBlock (anonymous) at (0,58) size 784x20
        RenderText {#text} at (0,0) size 136x19
          text run at (0,0) width 136: "Embedded Numbers:"
      RenderBlock {DIV} at (0,78) size 784x20 [color=#0000FF]
        RenderText {#text} at (0,0) size 109x19
          text run at (0,0) width 57: "Testing ("
          text run at (56,0) width 13 RTL: "\x{5DF}\x{5DE}"
          text run at (68,0) width 9: "3"
          text run at (76,0) width 27 RTL: "\x{5D7}\x{5D5}\x{5D3}\x{5D0}"
          text run at (102,0) width 7: ")"
      RenderBlock (anonymous) at (0,98) size 784x20
        RenderText {#text} at (0,0) size 106x19
          text run at (0,0) width 106: "Embedded LTR:"
      RenderBlock {DIV} at (0,118) size 784x20 [color=#0000FF]
        RenderText {#text} at (0,0) size 133x19
          text run at (0,0) width 57: "Testing ("
          text run at (56,0) width 27 RTL: "\x{5D7}\x{5D5}\x{5D3}\x{5D0}"
          text run at (82,0) width 33: "hello"
          text run at (114,0) width 13 RTL: "\x{5DF}\x{5DE}"
          text run at (126,0) width 7: ")"
      RenderBlock (anonymous) at (0,138) size 784x20
        RenderText {#text} at (0,0) size 191x19
          text run at (0,0) width 191: "Embedded Numbers and LTR"
      RenderBlock {DIV} at (0,158) size 784x20 [color=#0000FF]
        RenderText {#text} at (0,0) size 128x19
          text run at (0,0) width 57: "Testing ("
          text run at (56,0) width 23 RTL: "\x{5E7}\x{5E7}\x{5E8}"
          text run at (78,0) width 9: "3"
          text run at (86,0) width 28 RTL: "\x{5D9}\x{5E7}\x{5DD}\x{5DC}"
          text run at (113,0) width 15: "h)"
      RenderBlock (anonymous) at (0,178) size 784x20
        RenderText {#text} at (0,0) size 221x19
          text run at (0,0) width 221: "Embedded Numbers with spacing:"
      RenderBlock {DIV} at (0,198) size 784x20 [color=#0000FF]
        RenderText {#text} at (0,0) size 234x19
          text run at (0,0) width 57: "Testing ("
          text run at (56,0) width 31 RTL: " \x{5D7}\x{5D5}\x{5D3}\x{5D0}"
          text run at (86,0) width 25: "300"
          text run at (110,0) width 44 RTL: "\x{5D7}\x{5D5}\x{5D3}\x{5D0}\x{5DF}\x{5DE} "
          text run at (153,0) width 41: "34023"
          text run at (193,0) width 35 RTL: "\x{5D9}\x{5E7}\x{5DA}\x{5DA}\x{5DD}"
          text run at (227,0) width 7: ")"
      RenderBlock (anonymous) at (0,218) size 784x20
        RenderText {#text} at (0,0) size 71x19
          text run at (0,0) width 71: "Plain LTR:"
      RenderBlock {DIV} at (0,238) size 784x20 [color=#0000FF]
        RenderText {#text} at (0,0) size 94x19
          text run at (0,0) width 94: "Testing (hello)"
      RenderBlock (anonymous) at (0,258) size 784x20
        RenderText {#text} at (0,0) size 191x19
          text run at (0,0) width 191: "Embedded LTR with spacing:"
      RenderBlock {DIV} at (0,278) size 784x20 [color=#0000FF]
        RenderText {#text} at (0,0) size 172x19
          text run at (0,0) width 57: "Testing ("
          text run at (56,0) width 54 RTL: "\x{5D7}\x{5D5}\x{5D3}\x{5D9}\x{5E7}\x{5DA}\x{5DA}\x{5DD}"
          text run at (109,0) width 41: " hello "
          text run at (149,0) width 17 RTL: "\x{5DF}\x{5DE}\x{5D9}"
          text run at (165,0) width 7: ")"
      RenderBlock (anonymous) at (0,298) size 784x20
        RenderText {#text} at (0,0) size 165x19
          text run at (0,0) width 165: "Mixed but not embedded:"
      RenderBlock {DIV} at (0,318) size 784x20 [color=#0000FF]
        RenderText {#text} at (0,0) size 125x19
          text run at (0,0) width 89: "Testing (hello"
          text run at (88,0) width 32 RTL: "\x{5D7}\x{5D5}\x{5D3}\x{5DF}\x{5DE}"
          text run at (119,0) width 6: ")"
      RenderBlock (anonymous) at (0,338) size 784x20
        RenderText {#text} at (0,0) size 165x19
          text run at (0,0) width 165: "Mixed but not embedded:"
      RenderBlock {DIV} at (0,358) size 784x20 [color=#0000FF]
        RenderText {#text} at (0,0) size 125x19
          text run at (0,0) width 57: "Testing ("
          text run at (56,0) width 32 RTL: "\x{5D7}\x{5D5}\x{5D3}\x{5DF}\x{5DE}"
          text run at (87,0) width 38: "hello)"
      RenderBlock {OL} at (0,394) size 784x0
