layer at (0,0) size 800x600
  RenderView at (0,0) size 800x600
layer at (0,0) size 800x600
  RenderBlock {HTML} at (0,0) size 800x600
    RenderBody {BODY} at (8,8) size 784x584
      RenderBlock {P} at (0,0) size 784x60
        RenderText {#text} at (0,0) size 458x19
          text run at (0,0) width 458: "This tests that bidirectional text is correctly rendered in popup controls."
        RenderBR {BR} at (457,0) size 1x19
        RenderText {#text} at (0,20) size 773x39
          text run at (0,20) width 773: "The order of the text below each popup button should match the order of the select's option text, and the order of the text"
          text run at (0,40) width 124: "in the popup menu."
      RenderBlock (anonymous) at (0,76) size 784x40
        RenderText {#text} at (0,0) size 286x19
          text run at (0,0) width 286: "1) direction: rtl; -webkit-rtl-ordering: logical"
        RenderBR {BR} at (285,0) size 1x19
        RenderMenuList {SELECT} at (0,20) size 100x20 [color=#007AFF] [bgcolor=#E9E9EA] [border: (1px solid #FFFFFF)]
          RenderBlock (anonymous) at (6,3) size 88x14
            RenderText at (27,0) size 61x14
              text run at (27,0) width 42 RTL: "\x{5D0}\x{5E4}\x{5E8}\x{5E1}\x{5DE}\x{5D5}\x{5DF}"
              text run at (68,0) width 20: "abc"
        RenderBR {BR} at (100,19) size 0x19
      RenderBlock {DIV} at (0,116) size 100x20
        RenderText {#text} at (0,0) size 69x19
          text run at (0,0) width 23: "abc"
          text run at (22,0) width 47 RTL: "\x{5D0}\x{5E4}\x{5E8}\x{5E1}\x{5DE}\x{5D5}\x{5DF}"
      RenderBlock (anonymous) at (0,136) size 784x60
        RenderBR {BR} at (0,0) size 0x19
        RenderText {#text} at (0,20) size 118x19
          text run at (0,20) width 118: "2) text-align: right"
        RenderBR {BR} at (117,20) size 1x19
        RenderMenuList {SELECT} at (0,40) size 200x20 [color=#007AFF] [bgcolor=#E9E9EA] [border: (1px solid #FFFFFF)]
          RenderBlock (anonymous) at (6,3) size 188x14
            RenderText at (0,0) size 61x14
              text run at (0,0) width 20: "abc"
              text run at (19,0) width 42 RTL: "\x{5D0}\x{5E4}\x{5E8}\x{5E1}\x{5DE}\x{5D5}\x{5DF}"
        RenderBR {BR} at (200,39) size 0x19
      RenderBlock {DIV} at (0,196) size 200x20
        RenderText {#text} at (0,0) size 69x19
          text run at (0,0) width 23: "abc"
          text run at (22,0) width 47 RTL: "\x{5D0}\x{5E4}\x{5E8}\x{5E1}\x{5DE}\x{5D5}\x{5DF}"
      RenderBlock (anonymous) at (0,216) size 784x60
        RenderBR {BR} at (0,0) size 0x19
        RenderText {#text} at (0,20) size 72x19
          text run at (0,20) width 72: "3) No style"
        RenderBR {BR} at (71,20) size 1x19
        RenderMenuList {SELECT} at (0,40) size 100x20 [color=#007AFF] [bgcolor=#E9E9EA] [border: (1px solid #FFFFFF)]
          RenderBlock (anonymous) at (6,3) size 88x14
            RenderText at (0,0) size 61x14
              text run at (0,0) width 20: "abc"
              text run at (19,0) width 42 RTL: "\x{5D0}\x{5E4}\x{5E8}\x{5E1}\x{5DE}\x{5D5}\x{5DF}"
        RenderBR {BR} at (100,39) size 0x19
      RenderBlock {DIV} at (0,276) size 100x20
        RenderText {#text} at (0,0) size 69x19
          text run at (0,0) width 23: "abc"
          text run at (22,0) width 47 RTL: "\x{5D0}\x{5E4}\x{5E8}\x{5E1}\x{5DE}\x{5D5}\x{5DF}"
      RenderBlock (anonymous) at (0,296) size 784x20
        RenderBR {BR} at (0,0) size 0x19
