layer at (0,0) size 800x600
  RenderView at (0,0) size 800x600
layer at (0,0) size 800x600
  RenderBlock {HTML} at (0,0) size 800x600
    RenderBody {BODY} at (8,8) size 784x584
      RenderBlock {P} at (0,0) size 784x20
        RenderText {#text} at (0,0) size 54x19
          text run at (0,0) width 54: "Test for "
        RenderInline {I} at (0,0) size 399x19
          RenderInline {A} at (0,0) size 156x19 [color=#0000EE]
            RenderText {#text} at (53,0) size 156x19
              text run at (53,0) width 156: "rdar://problem/6020930"
          RenderText {#text} at (208,0) size 244x19
            text run at (208,0) width 244: " Bidi Problem When Resizing Window"
        RenderText {#text} at (451,0) size 5x19
          text run at (451,0) width 5: "."
      RenderBlock {P} at (0,36) size 784x20
        RenderText {#text} at (0,0) size 324x19
          text run at (0,0) width 324: "The boxes below should be identical to each other."
      RenderBlock {DIV} at (0,72) size 90x58 [border: (1px solid #0000FF)]
        RenderText {#text} at (5,6) size 60x43
          text run at (5,6) width 56 RTL: "\x{627}\x{644}\x{645}\x{627}\x{626}\x{629} \x{645}\x{644}\x{64A}\x{627}\x{631}"
          text run at (60,6) width 5: " "
          text run at (5,30) width 20 RTL: " \x{645}\x{646}"
          text run at (24,30) width 41: "12345"
      RenderBlock {DIV} at (0,130) size 90x58 [border: (1px solid #0000FF)]
        RenderText {#text} at (5,6) size 60x43
          text run at (5,6) width 56 RTL: "\x{627}\x{644}\x{645}\x{627}\x{626}\x{629} \x{645}\x{644}\x{64A}\x{627}\x{631}"
          text run at (5,30) width 20 RTL: " \x{645}\x{646}"
          text run at (24,30) width 41: "12345"
