layer at (0,0) size 800x600
  RenderView at (0,0) size 800x600
layer at (0,0) size 800x356
  RenderBlock {HTML} at (0,0) size 800x356
    RenderBody {BODY} at (8,16) size 784x332
      RenderBlock {P} at (0,0) size 784x20
        RenderText {#text} at (0,0) size 316x19
          text run at (0,0) width 316: "All rows should be identical to the reference row."
      RenderTable {TABLE} at (0,36) size 524x117 [border: (0.50px none #808080)]
        RenderTableSection {TBODY} at (0,0) size 524x117
          RenderTableRow {TR} at (0,0) size 523x29
            RenderTableCell {TD} at (0,0) size 98x29 [border: (0.50px solid #008000)] [r=0 c=0 rs=1 cs=1]
              RenderText {#text} at (28,4) size 66x20
                text run at (28,4) width 66: "Reference"
            RenderTableCell {TD} at (97,0) size 214x29 [border: (0.50px solid #008000)] [r=0 c=1 rs=1 cs=1]
              RenderText {#text} at (4,4) size 204x20
                text run at (4,4) width 44: "abcdef"
                text run at (47,4) width 21 RTL: "\x{5D0}\x{5D1}\x{5D2}"
                text run at (67,4) width 42: "ghijkl "
                text run at (108,4) width 39 RTL: "\x{5D6}\x{5D7}\x{5D8}\x{5D9}\x{5DB}\x{5DC}"
                text run at (146,4) width 23: "abc"
                text run at (168,4) width 40 RTL: "\x{5D0}\x{5D1}\x{5D2}\x{5D3}\x{5D4}\x{5D5}"
            RenderTableCell {TD} at (310,0) size 213x29 [border: (0.50px solid #008000)] [r=0 c=2 rs=1 cs=1]
              RenderText {#text} at (4,4) size 204x20
                text run at (4,4) width 39 RTL: "\x{5D6}\x{5D7}\x{5D8}\x{5D9}\x{5DB}\x{5DC}"
                text run at (42,4) width 23: "abc"
                text run at (64,4) width 40 RTL: "\x{5D0}\x{5D1}\x{5D2}\x{5D3}\x{5D4}\x{5D5}"
                text run at (103,4) width 5 RTL: " "
                text run at (107,4) width 44: "abcdef"
                text run at (150,4) width 21 RTL: "\x{5D0}\x{5D1}\x{5D2}"
                text run at (170,4) width 38: "ghijkl"
          RenderTableRow {TR} at (0,29) size 523x29
            RenderTableCell {TD} at (0,29) size 98x29 [border: (0.50px solid #008000)] [r=1 c=0 rs=1 cs=1]
              RenderText {#text} at (7,4) size 87x20
                text run at (7,4) width 87: "CSS, siblings"
            RenderTableCell {TD} at (97,29) size 214x29 [border: (0.50px solid #008000)] [r=1 c=1 rs=1 cs=1]
              RenderText {#text} at (4,4) size 23x20
                text run at (4,4) width 23: "abc"
              RenderInline {SPAN} at (26,4) size 62x20
                RenderText {#text} at (26,4) size 62x20
                  text run at (26,4) width 62 RTL: "ihg\x{5D0}\x{5D1}\x{5D2}fed"
              RenderText {#text} at (87,4) size 121x20
                text run at (87,4) width 22: "jkl "
                text run at (187,4) width 21 RTL: "\x{5D0}\x{5D1}\x{5D2}"
              RenderInline {SPAN} at (126,4) size 62x20
                RenderText {#text} at (126,4) size 62x20
                  text run at (126,4) width 62: "\x{5D8}\x{5D7}\x{5D6}abc\x{5D5}\x{5D4}\x{5D3}"
              RenderText {#text} at (108,4) size 19x20
                text run at (108,4) width 19 RTL: "\x{5D9}\x{5DB}\x{5DC}"
            RenderTableCell {TD} at (310,29) size 213x29 [border: (0.50px solid #008000)] [r=1 c=2 rs=1 cs=1]
              RenderText {#text} at (107,4) size 23x20
                text run at (107,4) width 23: "abc"
              RenderInline {SPAN} at (129,4) size 63x20
                RenderText {#text} at (129,4) size 63x20
                  text run at (129,4) width 63 RTL: "ihg\x{5D0}\x{5D1}\x{5D2}fed"
              RenderText {#text} at (83,4) size 125x20
                text run at (83,4) width 25 RTL: " \x{5D0}\x{5D1}\x{5D2}"
                text run at (191,4) width 17: "jkl"
              RenderInline {SPAN} at (22,4) size 62x20
                RenderText {#text} at (22,4) size 62x20
                  text run at (22,4) width 62: "\x{5D8}\x{5D7}\x{5D6}abc\x{5D5}\x{5D4}\x{5D3}"
              RenderText {#text} at (4,4) size 19x20
                text run at (4,4) width 19 RTL: "\x{5D9}\x{5DB}\x{5DC}"
          RenderTableRow {TR} at (0,58) size 523x29
            RenderTableCell {TD} at (0,58) size 98x29 [border: (0.50px solid #008000)] [r=2 c=0 rs=1 cs=1]
              RenderText {#text} at (4,4) size 90x20
                text run at (4,4) width 90: "CSS, children"
            RenderTableCell {TD} at (97,58) size 214x29 [border: (0.50px solid #008000)] [r=2 c=1 rs=1 cs=1]
              RenderInline {SPAN} at (4,4) size 101x20
                RenderText {#text} at (4,4) size 23x20
                  text run at (4,4) width 23: "abc"
                RenderInline {SPAN} at (26,4) size 62x20
                  RenderText {#text} at (26,4) size 62x20
                    text run at (26,4) width 62 RTL: "ihg\x{5D0}\x{5D1}\x{5D2}fed"
                RenderText {#text} at (87,4) size 18x20
                  text run at (87,4) width 18: "jkl"
              RenderText {#text} at (104,4) size 5x20
                text run at (104,4) width 5: " "
              RenderInline {SPAN} at (108,4) size 100x20
                RenderText {#text} at (187,4) size 21x20
                  text run at (187,4) width 21 RTL: "\x{5D0}\x{5D1}\x{5D2}"
                RenderInline {SPAN} at (126,4) size 62x20
                  RenderText {#text} at (126,4) size 62x20
                    text run at (126,4) width 62: "\x{5D8}\x{5D7}\x{5D6}abc\x{5D5}\x{5D4}\x{5D3}"
                RenderText {#text} at (108,4) size 19x20
                  text run at (108,4) width 19 RTL: "\x{5D9}\x{5DB}\x{5DC}"
            RenderTableCell {TD} at (310,58) size 213x29 [border: (0.50px solid #008000)] [r=2 c=2 rs=1 cs=1]
              RenderInline {SPAN} at (107,4) size 101x20
                RenderText {#text} at (107,4) size 23x20
                  text run at (107,4) width 23: "abc"
                RenderInline {SPAN} at (129,4) size 63x20
                  RenderText {#text} at (129,4) size 63x20
                    text run at (129,4) width 63 RTL: "ihg\x{5D0}\x{5D1}\x{5D2}fed"
                RenderText {#text} at (191,4) size 17x20
                  text run at (191,4) width 17: "jkl"
              RenderText {#text} at (103,4) size 5x20
                text run at (103,4) width 5 RTL: " "
              RenderInline {SPAN} at (4,4) size 100x20
                RenderText {#text} at (83,4) size 21x20
                  text run at (83,4) width 21 RTL: "\x{5D0}\x{5D1}\x{5D2}"
                RenderInline {SPAN} at (22,4) size 62x20
                  RenderText {#text} at (22,4) size 62x20
                    text run at (22,4) width 62: "\x{5D8}\x{5D7}\x{5D6}abc\x{5D5}\x{5D4}\x{5D3}"
                RenderText {#text} at (4,4) size 19x20
                  text run at (4,4) width 19 RTL: "\x{5D9}\x{5DB}\x{5DC}"
          RenderTableRow {TR} at (0,87) size 523x29
            RenderTableCell {TD} at (0,87) size 98x29 [border: (0.50px solid #008000)] [r=3 c=0 rs=1 cs=1]
              RenderText {#text} at (39,4) size 55x20
                text run at (39,4) width 55: "Unicode"
            RenderTableCell {TD} at (97,87) size 214x29 [border: (0.50px solid #008000)] [r=3 c=1 rs=1 cs=1]
              RenderText {#text} at (4,4) size 204x20
                text run at (4,4) width 23: "abc"
                text run at (26,4) width 62 RTL: "\x{202E}ihg\x{5D0}\x{5D1}\x{5D2}fed"
                text run at (87,4) width 22: "\x{202C}jkl "
                text run at (108,4) width 19 RTL: "\x{202C}\x{5D9}\x{5DB}\x{5DC}"
                text run at (126,4) width 62: "\x{202D}\x{5D8}\x{5D7}\x{5D6}abc\x{5D5}\x{5D4}\x{5D3}"
                text run at (187,4) width 21 RTL: "\x{5D0}\x{5D1}\x{5D2}"
            RenderTableCell {TD} at (310,87) size 213x29 [border: (0.50px solid #008000)] [r=3 c=2 rs=1 cs=1]
              RenderText {#text} at (4,4) size 204x20
                text run at (4,4) width 19 RTL: "\x{202C}\x{5D9}\x{5DB}\x{5DC}"
                text run at (22,4) width 62: "\x{202D}\x{5D8}\x{5D7}\x{5D6}abc\x{5D5}\x{5D4}\x{5D3}"
                text run at (83,4) width 21 RTL: "\x{5D0}\x{5D1}\x{5D2}"
                text run at (103,4) width 5 RTL: " "
                text run at (107,4) width 23: "abc"
                text run at (129,4) width 63 RTL: "\x{202E}ihg\x{5D0}\x{5D1}\x{5D2}fed"
                text run at (191,4) width 17: "\x{202C}jkl"
      RenderBlock {P} at (0,169) size 784x20
        RenderText {#text} at (0,0) size 394x19
          text run at (0,0) width 394: "The CSS column should be identical to the reference column."
      RenderTable {TABLE} at (0,205) size 220x127 [border: (0.50px none #808080)]
        RenderTableSection {TBODY} at (0,0) size 220x127
          RenderTableRow {TR} at (0,0) size 219x29
            RenderTableCell {TD} at (0,0) size 110x29 [border: (0.50px solid #008000)] [r=0 c=0 rs=1 cs=1]
              RenderText {#text} at (22,4) size 66x20
                text run at (22,4) width 66: "Reference"
            RenderTableCell {TD} at (109,0) size 110x29 [border: (0.50px solid #008000)] [r=0 c=1 rs=1 cs=1]
              RenderText {#text} at (40,4) size 29x20
                text run at (40,4) width 29: "CSS"
          RenderTableRow {TR} at (0,29) size 219x97
            RenderTableCell {TD} at (0,29) size 110x97 [border: (0.50px solid #008000)] [r=1 c=0 rs=1 cs=1]
              RenderBlock {P} at (4,20) size 101x21
                RenderText {#text} at (0,0) size 101x19
                  text run at (0,0) width 43: "abcdef"
                  text run at (42,0) width 21 RTL: "\x{5D0}\x{5D1}\x{5D2}"
                  text run at (62,0) width 39: "ghijkl"
              RenderBlock {P} at (4,56) size 101x21
                RenderText {#text} at (0,0) size 100x19
                  text run at (0,0) width 39 RTL: "\x{5D6}\x{5D7}\x{5D8}\x{5D9}\x{5DB}\x{5DC}"
                  text run at (38,0) width 23: "abc"
                  text run at (60,0) width 40 RTL: "\x{5D0}\x{5D1}\x{5D2}\x{5D3}\x{5D4}\x{5D5}"
            RenderTableCell {TD} at (109,29) size 110x97 [border: (0.50px solid #008000)] [r=1 c=1 rs=1 cs=1]
              RenderBlock {P} at (4,20) size 101x21
                RenderText {#text} at (0,0) size 101x19
                  text run at (0,0) width 101 RTL: "lkjihg\x{5D0}\x{5D1}\x{5D2}fedcba"
              RenderBlock {P} at (4,56) size 101x21
                RenderText {#text} at (0,0) size 100x19
                  text run at (0,0) width 100: "\x{5DC}\x{5DB}\x{5D9}\x{5D8}\x{5D7}\x{5D6}abc\x{5D5}\x{5D4}\x{5D3}\x{5D2}\x{5D1}\x{5D0}"
