layer at (0,0) size 800x600
  RenderView at (0,0) size 800x600
layer at (0,0) size 800x144
  RenderBlock {HTML} at (0,0) size 800x144
    RenderBody {BODY} at (8,16) size 784x112
      RenderBlock {P} at (0,0) size 784x40
        RenderText {#text} at (0,0) size 772x39
          text run at (0,0) width 772: "This HTML tests if the 'while-space' property controls the behavors of line-break characters (U+000A and U+000D) in a"
          text run at (0,20) width 88: "complex text."
      RenderBlock {P} at (0,56) size 784x20
        RenderText {#text} at (0,0) size 478x19
          text run at (0,0) width 298: "If this test succeeds, you can see three words \""
          text run at (297,0) width 30 RTL: "\x{5E9}\x{5D5}\x{5BC}\x{5E8}\x{5D4}"
          text run at (326,0) width 152: "\", separated with space."
      RenderBlock {P} at (0,92) size 784x20
        RenderText {#text} at (0,0) size 92x19
          text run at (0,0) width 92 RTL: "\x{5E9}\x{5D5}\x{5BC}\x{5E8}\x{5D4} \x{5E9}\x{5D5}\x{5BC}\x{5E8}\x{5D4}\x{D}\x{5E9}\x{5D5}\x{5BC}\x{5E8}\x{5D4}"
