layer at (0,0) size 800x6796
  RenderView at (0,0) size 800x600
layer at (0,0) size 800x6796
  RenderBlock {HTML} at (0,0) size 800x6796
    RenderBody {BODY} at (8,8) size 784x6772
      RenderBlock {P} at (0,0) size 784x20
        RenderText {#text} at (0,0) size 306x19
          text run at (0,0) width 306: "Tests the resolved level of runs of neutral types."
      RenderBlock {DIV} at (0,36) size 784x3360
        RenderBlock {P} at (0,0) size 784x20
          RenderText {#text} at (0,0) size 44x19
            text run at (0,0) width 44: "ab(^cd"
        RenderBlock {P} at (0,36) size 784x20
          RenderText {#text} at (0,0) size 43x19
            text run at (0,0) width 15 RTL: "\x{5D0}\x{5D1}"
            text run at (14,0) width 29: "(^cd"
        RenderBlock {P} at (0,72) size 784x24
          RenderText {#text} at (0,1) size 43x19
            text run at (0,1) width 15 RTL: "\x{627}\x{628}"
            text run at (14,1) width 29: "(^cd"
        RenderBlock {P} at (0,112) size 784x20
          RenderText {#text} at (0,0) size 60x19
            text run at (0,0) width 60: "ab12(^cd"
        RenderBlock {P} at (0,148) size 784x20
          RenderText {#text} at (0,0) size 59x19
            text run at (0,0) width 16: "12"
            text run at (16,0) width 15 RTL: "\x{5D0}\x{5D1}"
            text run at (30,0) width 29: "(^cd"
        RenderBlock {P} at (0,184) size 784x24
          RenderText {#text} at (0,1) size 59x19
            text run at (0,1) width 16: "12"
            text run at (16,1) width 15 RTL: "\x{627}\x{628}"
            text run at (30,1) width 29: "(^cd"
        RenderBlock {P} at (0,224) size 784x24
          RenderText {#text} at (0,1) size 60x19
            text run at (0,1) width 60: "ab\x{661}\x{662}(^cd"
        RenderBlock {P} at (0,264) size 784x24
          RenderText {#text} at (0,1) size 60x19
            text run at (0,1) width 17: "\x{661}\x{662}"
            text run at (16,1) width 16 RTL: "\x{5D0}\x{5D1}"
            text run at (31,1) width 29: "(^cd"
        RenderBlock {P} at (0,304) size 784x24
          RenderText {#text} at (0,1) size 60x19
            text run at (0,1) width 17: "\x{661}\x{662}"
            text run at (16,1) width 16 RTL: "\x{627}\x{628}"
            text run at (31,1) width 29: "(^cd"
        RenderBlock {P} at (0,344) size 784x20
          RenderText {#text} at (0,0) size 36x19
            text run at (0,0) width 36: "\x{202A}?\x{202C}(^cd"
        RenderBlock {P} at (0,380) size 784x20
          RenderText {#text} at (0,0) size 36x19
            text run at (0,0) width 8 RTL: "\x{202B}?"
            text run at (7,0) width 29: "\x{202C}(^cd"
        RenderBlock {P} at (0,416) size 784x20
          RenderText {#text} at (0,0) size 41x19
            text run at (0,0) width 28: "ab(^"
            text run at (27,0) width 14 RTL: "\x{5D2}\x{5D3}"
        RenderBlock {P} at (0,452) size 784x20
          RenderText {#text} at (0,0) size 40x19
            text run at (0,0) width 40 RTL: "\x{5D0}\x{5D1}(^\x{5D2}\x{5D3}"
        RenderBlock {P} at (0,488) size 784x24
          RenderText {#text} at (0,1) size 40x19
            text run at (0,1) width 40 RTL: "\x{627}\x{628}(^\x{5D2}\x{5D3}"
        RenderBlock {P} at (0,528) size 784x20
          RenderText {#text} at (0,0) size 57x19
            text run at (0,0) width 44: "ab12(^"
            text run at (43,0) width 14 RTL: "\x{5D2}\x{5D3}"
        RenderBlock {P} at (0,564) size 784x20
          RenderText {#text} at (0,0) size 56x19
            text run at (0,0) width 25 RTL: "(^\x{5D2}\x{5D3}"
            text run at (24,0) width 17: "12"
            text run at (40,0) width 16 RTL: "\x{5D0}\x{5D1}"
        RenderBlock {P} at (0,600) size 784x24
          RenderText {#text} at (0,1) size 56x19
            text run at (0,1) width 25 RTL: "(^\x{5D2}\x{5D3}"
            text run at (24,1) width 17: "12"
            text run at (40,1) width 16 RTL: "\x{627}\x{628}"
        RenderBlock {P} at (0,640) size 784x24
          RenderText {#text} at (0,1) size 57x19
            text run at (0,1) width 16: "ab"
            text run at (15,1) width 26 RTL: "(^\x{5D2}\x{5D3}"
            text run at (40,1) width 17: "\x{661}\x{662}"
        RenderBlock {P} at (0,680) size 784x24
          RenderText {#text} at (0,1) size 57x19
            text run at (0,1) width 25 RTL: "(^\x{5D2}\x{5D3}"
            text run at (24,1) width 18: "\x{661}\x{662}"
            text run at (41,1) width 16 RTL: "\x{5D0}\x{5D1}"
        RenderBlock {P} at (0,720) size 784x24
          RenderText {#text} at (0,1) size 57x19
            text run at (0,1) width 25 RTL: "(^\x{5D2}\x{5D3}"
            text run at (24,1) width 18: "\x{661}\x{662}"
            text run at (41,1) width 16 RTL: "\x{627}\x{628}"
        RenderBlock {P} at (0,760) size 784x20
          RenderText {#text} at (0,0) size 33x19
            text run at (0,0) width 8: "\x{202A}?"
            text run at (7,0) width 13: "\x{202C}(^"
            text run at (19,0) width 14 RTL: "\x{5D2}\x{5D3}"
        RenderBlock {P} at (0,796) size 784x20
          RenderText {#text} at (0,0) size 33x19
            text run at (0,0) width 33 RTL: "\x{202B}?\x{202C}(^\x{5D2}\x{5D3}"
        RenderBlock {P} at (0,832) size 784x24
          RenderText {#text} at (0,1) size 45x19
            text run at (0,1) width 28: "ab(^"
            text run at (27,1) width 18 RTL: "\x{62C}\x{62F}"
        RenderBlock {P} at (0,872) size 784x24
          RenderText {#text} at (0,1) size 45x19
            text run at (0,1) width 45 RTL: "\x{5D0}\x{5D1}(^\x{62C}\x{62F}"
        RenderBlock {P} at (0,912) size 784x24
          RenderText {#text} at (0,1) size 45x19
            text run at (0,1) width 45 RTL: "\x{627}\x{628}(^\x{62C}\x{62F}"
        RenderBlock {P} at (0,952) size 784x24
          RenderText {#text} at (0,1) size 61x19
            text run at (0,1) width 44: "ab12(^"
            text run at (43,1) width 18 RTL: "\x{62C}\x{62F}"
        RenderBlock {P} at (0,992) size 784x24
          RenderText {#text} at (0,1) size 61x19
            text run at (0,1) width 30 RTL: "(^\x{62C}\x{62F}"
            text run at (29,1) width 17: "12"
            text run at (45,1) width 16 RTL: "\x{5D0}\x{5D1}"
        RenderBlock {P} at (0,1032) size 784x24
          RenderText {#text} at (0,1) size 61x19
            text run at (0,1) width 30 RTL: "(^\x{62C}\x{62F}"
            text run at (29,1) width 17: "12"
            text run at (45,1) width 16 RTL: "\x{627}\x{628}"
        RenderBlock {P} at (0,1072) size 784x24
          RenderText {#text} at (0,1) size 62x19
            text run at (0,1) width 16: "ab"
            text run at (15,1) width 30 RTL: "(^\x{62C}\x{62F}"
            text run at (44,1) width 18: "\x{661}\x{662}"
        RenderBlock {P} at (0,1112) size 784x24
          RenderText {#text} at (0,1) size 61x19
            text run at (0,1) width 30 RTL: "(^\x{62C}\x{62F}"
            text run at (29,1) width 18: "\x{661}\x{662}"
            text run at (46,1) width 15 RTL: "\x{5D0}\x{5D1}"
        RenderBlock {P} at (0,1152) size 784x24
          RenderText {#text} at (0,1) size 61x19
            text run at (0,1) width 30 RTL: "(^\x{62C}\x{62F}"
            text run at (29,1) width 18: "\x{661}\x{662}"
            text run at (46,1) width 15 RTL: "\x{627}\x{628}"
        RenderBlock {P} at (0,1192) size 784x24
          RenderText {#text} at (0,1) size 37x19
            text run at (0,1) width 8: "\x{202A}?"
            text run at (7,1) width 13: "\x{202C}(^"
            text run at (19,1) width 18 RTL: "\x{62C}\x{62F}"
        RenderBlock {P} at (0,1232) size 784x24
          RenderText {#text} at (0,1) size 37x19
            text run at (0,1) width 37 RTL: "\x{202B}?\x{202C}(^\x{62C}\x{62F}"
        RenderBlock {P} at (0,1272) size 784x20
          RenderText {#text} at (0,0) size 61x19
            text run at (0,0) width 44: "ab(^34"
            text run at (43,0) width 11 RTL: "\x{5E9}"
            text run at (53,0) width 8: "z"
        RenderBlock {P} at (0,1308) size 784x20
          RenderText {#text} at (0,0) size 61x19
            text run at (0,0) width 10 RTL: "\x{5E9}"
            text run at (9,0) width 17: "34"
            text run at (25,0) width 29 RTL: "\x{5D0}\x{5D1}(^"
            text run at (53,0) width 8: "z"
        RenderBlock {P} at (0,1344) size 784x24
          RenderText {#text} at (0,1) size 61x19
            text run at (0,1) width 10 RTL: "\x{5E9}"
            text run at (9,1) width 17: "34"
            text run at (25,1) width 29 RTL: "\x{627}\x{628}(^"
            text run at (53,1) width 8: "z"
        RenderBlock {P} at (0,1384) size 784x20
          RenderText {#text} at (0,0) size 77x19
            text run at (0,0) width 60: "ab12(^34"
            text run at (59,0) width 11 RTL: "\x{5E9}"
            text run at (69,0) width 8: "z"
        RenderBlock {P} at (0,1420) size 784x20
          RenderText {#text} at (0,0) size 77x19
            text run at (0,0) width 10 RTL: "\x{5E9}"
            text run at (9,0) width 17: "34"
            text run at (25,0) width 14 RTL: "(^"
            text run at (38,0) width 17: "12"
            text run at (54,0) width 16 RTL: "\x{5D0}\x{5D1}"
            text run at (69,0) width 8: "z"
        RenderBlock {P} at (0,1456) size 784x24
          RenderText {#text} at (0,1) size 77x19
            text run at (0,1) width 10 RTL: "\x{5E9}"
            text run at (9,1) width 17: "34"
            text run at (25,1) width 14 RTL: "(^"
            text run at (38,1) width 17: "12"
            text run at (54,1) width 16 RTL: "\x{627}\x{628}"
            text run at (69,1) width 8: "z"
        RenderBlock {P} at (0,1496) size 784x24
          RenderText {#text} at (0,1) size 78x19
            text run at (0,1) width 16: "ab"
            text run at (15,1) width 17: "\x{661}\x{662}"
            text run at (31,1) width 30: "(^34"
            text run at (60,1) width 11 RTL: "\x{5E9}"
            text run at (70,1) width 8: "z"
        RenderBlock {P} at (0,1536) size 784x24
          RenderText {#text} at (0,1) size 78x19
            text run at (0,1) width 10 RTL: "\x{5E9}"
            text run at (9,1) width 17: "34"
            text run at (25,1) width 14 RTL: "(^"
            text run at (38,1) width 18: "\x{661}\x{662}"
            text run at (55,1) width 16 RTL: "\x{5D0}\x{5D1}"
            text run at (70,1) width 8: "z"
        RenderBlock {P} at (0,1576) size 784x24
          RenderText {#text} at (0,1) size 78x19
            text run at (0,1) width 10 RTL: "\x{5E9}"
            text run at (9,1) width 17: "34"
            text run at (25,1) width 14 RTL: "(^"
            text run at (38,1) width 18: "\x{661}\x{662}"
            text run at (55,1) width 16 RTL: "\x{627}\x{628}"
            text run at (70,1) width 8: "z"
        RenderBlock {P} at (0,1616) size 784x20
          RenderText {#text} at (0,0) size 53x19
            text run at (0,0) width 8: "\x{202A}?"
            text run at (7,0) width 29: "\x{202C}(^34"
            text run at (35,0) width 11 RTL: "\x{5E9}"
            text run at (45,0) width 8: "z"
        RenderBlock {P} at (0,1652) size 784x20
          RenderText {#text} at (0,0) size 53x19
            text run at (0,0) width 10 RTL: "\x{5E9}"
            text run at (9,0) width 17: "34"
            text run at (25,0) width 21 RTL: "\x{202B}?\x{202C}(^"
            text run at (45,0) width 8: "z"
        RenderBlock {P} at (0,1688) size 784x24
          RenderText {#text} at (0,1) size 62x19
            text run at (0,1) width 28: "ab(^"
            text run at (27,1) width 11 RTL: "\x{5E9}"
            text run at (37,1) width 18: "\x{663}\x{664}"
            text run at (54,1) width 8: "z"
        RenderBlock {P} at (0,1728) size 784x24
          RenderText {#text} at (0,1) size 62x19
            text run at (0,1) width 10 RTL: "\x{5E9}"
            text run at (9,1) width 18: "\x{663}\x{664}"
            text run at (26,1) width 29 RTL: "\x{5D0}\x{5D1}(^"
            text run at (54,1) width 8: "z"
        RenderBlock {P} at (0,1768) size 784x24
          RenderText {#text} at (0,1) size 62x19
            text run at (0,1) width 10 RTL: "\x{5E9}"
            text run at (9,1) width 18: "\x{663}\x{664}"
            text run at (26,1) width 29 RTL: "\x{627}\x{628}(^"
            text run at (54,1) width 8: "z"
        RenderBlock {P} at (0,1808) size 784x24
          RenderText {#text} at (0,1) size 78x19
            text run at (0,1) width 44: "ab12(^"
            text run at (43,1) width 11 RTL: "\x{5E9}"
            text run at (53,1) width 18: "\x{663}\x{664}"
            text run at (70,1) width 8: "z"
        RenderBlock {P} at (0,1848) size 784x24
          RenderText {#text} at (0,1) size 78x19
            text run at (0,1) width 10 RTL: "\x{5E9}"
            text run at (9,1) width 18: "\x{663}\x{664}"
            text run at (26,1) width 14 RTL: "(^"
            text run at (39,1) width 17: "12"
            text run at (55,1) width 16 RTL: "\x{5D0}\x{5D1}"
            text run at (70,1) width 8: "z"
        RenderBlock {P} at (0,1888) size 784x24
          RenderText {#text} at (0,1) size 78x19
            text run at (0,1) width 10 RTL: "\x{5E9}"
            text run at (9,1) width 18: "\x{663}\x{664}"
            text run at (26,1) width 14 RTL: "(^"
            text run at (39,1) width 17: "12"
            text run at (55,1) width 16 RTL: "\x{627}\x{628}"
            text run at (70,1) width 8: "z"
        RenderBlock {P} at (0,1928) size 784x24
          RenderText {#text} at (0,1) size 79x19
            text run at (0,1) width 16: "ab"
            text run at (15,1) width 10 RTL: "\x{5E9}"
            text run at (24,1) width 18: "\x{663}\x{664}"
            text run at (41,1) width 14 RTL: "(^"
            text run at (54,1) width 18: "\x{661}\x{662}"
            text run at (71,1) width 8: "z"
        RenderBlock {P} at (0,1968) size 784x24
          RenderText {#text} at (0,1) size 79x19
            text run at (0,1) width 10 RTL: "\x{5E9}"
            text run at (9,1) width 18: "\x{663}\x{664}"
            text run at (26,1) width 14 RTL: "(^"
            text run at (39,1) width 18: "\x{661}\x{662}"
            text run at (56,1) width 16 RTL: "\x{5D0}\x{5D1}"
            text run at (71,1) width 8: "z"
        RenderBlock {P} at (0,2008) size 784x24
          RenderText {#text} at (0,1) size 79x19
            text run at (0,1) width 10 RTL: "\x{5E9}"
            text run at (9,1) width 18: "\x{663}\x{664}"
            text run at (26,1) width 14 RTL: "(^"
            text run at (39,1) width 18: "\x{661}\x{662}"
            text run at (56,1) width 16 RTL: "\x{627}\x{628}"
            text run at (71,1) width 8: "z"
        RenderBlock {P} at (0,2048) size 784x24
          RenderText {#text} at (0,1) size 54x19
            text run at (0,1) width 8: "\x{202A}?"
            text run at (7,1) width 13: "\x{202C}(^"
            text run at (19,1) width 11 RTL: "\x{5E9}"
            text run at (29,1) width 18: "\x{663}\x{664}"
            text run at (46,1) width 8: "z"
        RenderBlock {P} at (0,2088) size 784x24
          RenderText {#text} at (0,1) size 54x19
            text run at (0,1) width 10 RTL: "\x{5E9}"
            text run at (9,1) width 18: "\x{663}\x{664}"
            text run at (26,1) width 21 RTL: "\x{202B}?\x{202C}(^"
            text run at (46,1) width 8: "z"
        RenderBlock {P} at (0,2128) size 784x20
          RenderText {#text} at (0,0) size 34x19
            text run at (0,0) width 34: "ab(^\x{202A}!\x{202C}"
        RenderBlock {P} at (0,2164) size 784x20
          RenderText {#text} at (0,0) size 34x19
            text run at (0,0) width 15 RTL: "\x{5D0}\x{5D1}"
            text run at (14,0) width 14: "(^"
            text run at (27,0) width 7: "\x{202A}!"
            text run at (33,0) width 1: "\x{202C}"
        RenderBlock {P} at (0,2200) size 784x24
          RenderText {#text} at (0,1) size 34x19
            text run at (0,1) width 15 RTL: "\x{627}\x{628}"
            text run at (14,1) width 14: "(^"
            text run at (27,1) width 7: "\x{202A}!"
            text run at (33,1) width 1: "\x{202C}"
        RenderBlock {P} at (0,2240) size 784x20
          RenderText {#text} at (0,0) size 50x19
            text run at (0,0) width 50: "ab12(^\x{202A}!\x{202C}"
        RenderBlock {P} at (0,2276) size 784x20
          RenderText {#text} at (0,0) size 50x19
            text run at (0,0) width 16: "12"
            text run at (16,0) width 15 RTL: "\x{5D0}\x{5D1}"
            text run at (30,0) width 14: "(^"
            text run at (43,0) width 7: "\x{202A}!"
            text run at (49,0) width 1: "\x{202C}"
        RenderBlock {P} at (0,2312) size 784x24
          RenderText {#text} at (0,1) size 50x19
            text run at (0,1) width 16: "12"
            text run at (16,1) width 15 RTL: "\x{627}\x{628}"
            text run at (30,1) width 14: "(^"
            text run at (43,1) width 7: "\x{202A}!"
            text run at (49,1) width 1: "\x{202C}"
        RenderBlock {P} at (0,2352) size 784x24
          RenderText {#text} at (0,1) size 51x19
            text run at (0,1) width 16: "ab"
            text run at (15,1) width 17: "\x{661}\x{662}"
            text run at (31,1) width 14: "(^"
            text run at (44,1) width 7: "\x{202A}!"
            text run at (50,1) width 1: "\x{202C}"
        RenderBlock {P} at (0,2392) size 784x24
          RenderText {#text} at (0,1) size 50x19
            text run at (0,1) width 17: "\x{661}\x{662}"
            text run at (16,1) width 16 RTL: "\x{5D0}\x{5D1}"
            text run at (31,1) width 14: "(^"
            text run at (44,1) width 6: "\x{202A}!"
            text run at (49,1) width 1: "\x{202C}"
        RenderBlock {P} at (0,2432) size 784x24
          RenderText {#text} at (0,1) size 50x19
            text run at (0,1) width 17: "\x{661}\x{662}"
            text run at (16,1) width 16 RTL: "\x{627}\x{628}"
            text run at (31,1) width 14: "(^"
            text run at (44,1) width 6: "\x{202A}!"
            text run at (49,1) width 1: "\x{202C}"
        RenderBlock {P} at (0,2472) size 784x20
          RenderText {#text} at (0,0) size 26x19
            text run at (0,0) width 26: "\x{202A}?\x{202C}(^\x{202A}!\x{202C}"
        RenderBlock {P} at (0,2508) size 784x20
          RenderText {#text} at (0,0) size 26x19
            text run at (0,0) width 8 RTL: "\x{202B}?"
            text run at (7,0) width 13: "\x{202C}(^"
            text run at (19,0) width 7: "\x{202A}!"
            text run at (25,0) width 1: "\x{202C}"
        RenderBlock {P} at (0,2544) size 784x20
          RenderText {#text} at (0,0) size 34x19
            text run at (0,0) width 28: "ab(^"
            text run at (27,0) width 7 RTL: "\x{202B}!"
            text run at (33,0) width 1: "\x{202C}"
        RenderBlock {P} at (0,2580) size 784x20
          RenderText {#text} at (0,0) size 34x19
            text run at (0,0) width 34 RTL: "\x{5D0}\x{5D1}(^\x{202B}!"
            text run at (33,0) width 1: "\x{202C}"
        RenderBlock {P} at (0,2616) size 784x24
          RenderText {#text} at (0,1) size 34x19
            text run at (0,1) width 34 RTL: "\x{627}\x{628}(^\x{202B}!"
            text run at (33,1) width 1: "\x{202C}"
        RenderBlock {P} at (0,2656) size 784x20
          RenderText {#text} at (0,0) size 50x19
            text run at (0,0) width 44: "ab12(^"
            text run at (43,0) width 7 RTL: "\x{202B}!"
            text run at (49,0) width 1: "\x{202C}"
        RenderBlock {P} at (0,2692) size 784x20
          RenderText {#text} at (0,0) size 50x19
            text run at (0,0) width 19 RTL: "(^\x{202B}!"
            text run at (18,0) width 17: "12"
            text run at (34,0) width 16 RTL: "\x{5D0}\x{5D1}"
            text run at (49,0) width 1: "\x{202C}"
        RenderBlock {P} at (0,2728) size 784x24
          RenderText {#text} at (0,1) size 50x19
            text run at (0,1) width 19 RTL: "(^\x{202B}!"
            text run at (18,1) width 17: "12"
            text run at (34,1) width 16 RTL: "\x{627}\x{628}"
            text run at (49,1) width 1: "\x{202C}"
        RenderBlock {P} at (0,2768) size 784x24
          RenderText {#text} at (0,1) size 51x19
            text run at (0,1) width 16: "ab"
            text run at (15,1) width 19 RTL: "(^\x{202B}!"
            text run at (33,1) width 18: "\x{661}\x{662}"
            text run at (50,1) width 1: "\x{202C}"
        RenderBlock {P} at (0,2808) size 784x24
          RenderText {#text} at (0,1) size 50x19
            text run at (0,1) width 19 RTL: "(^\x{202B}!"
            text run at (18,1) width 17: "\x{661}\x{662}"
            text run at (34,1) width 16 RTL: "\x{5D0}\x{5D1}"
            text run at (49,1) width 1: "\x{202C}"
        RenderBlock {P} at (0,2848) size 784x24
          RenderText {#text} at (0,1) size 50x19
            text run at (0,1) width 19 RTL: "(^\x{202B}!"
            text run at (18,1) width 17: "\x{661}\x{662}"
            text run at (34,1) width 16 RTL: "\x{627}\x{628}"
            text run at (49,1) width 1: "\x{202C}"
        RenderBlock {P} at (0,2888) size 784x20
          RenderText {#text} at (0,0) size 26x19
            text run at (0,0) width 8: "\x{202A}?"
            text run at (7,0) width 13: "\x{202C}(^"
            text run at (19,0) width 7 RTL: "\x{202B}!"
            text run at (25,0) width 1: "\x{202C}"
        RenderBlock {P} at (0,2924) size 784x20
          RenderText {#text} at (0,0) size 26x19
            text run at (0,0) width 26 RTL: "\x{202B}?\x{202C}(^\x{202B}!"
            text run at (25,0) width 1: "\x{202C}"
        RenderBlock {P} at (0,2960) size 784x20
          RenderText {#text} at (0,0) size 28x19
            text run at (0,0) width 28: "\x{202A}ab(^\x{202C}"
        RenderBlock {P} at (0,2996) size 784x20
          RenderText {#text} at (0,0) size 28x19
            text run at (0,0) width 15 RTL: "\x{202A}\x{5D0}\x{5D1}"
            text run at (14,0) width 14: "(^"
            text run at (27,0) width 1: "\x{202C}"
        RenderBlock {P} at (0,3032) size 784x24
          RenderText {#text} at (0,1) size 28x19
            text run at (0,1) width 15 RTL: "\x{202A}\x{627}\x{628}"
            text run at (14,1) width 14: "(^"
            text run at (27,1) width 1: "\x{202C}"
        RenderBlock {P} at (0,3072) size 784x20
          RenderText {#text} at (0,0) size 44x19
            text run at (0,0) width 44: "\x{202A}ab12(^\x{202C}"
        RenderBlock {P} at (0,3108) size 784x20
          RenderText {#text} at (0,0) size 44x19
            text run at (0,0) width 16: "12"
            text run at (16,0) width 15 RTL: "\x{202A}\x{5D0}\x{5D1}"
            text run at (30,0) width 14: "(^"
            text run at (43,0) width 1: "\x{202C}"
        RenderBlock {P} at (0,3144) size 784x24
          RenderText {#text} at (0,1) size 44x19
            text run at (0,1) width 16: "12"
            text run at (16,1) width 15 RTL: "\x{202A}\x{627}\x{628}"
            text run at (30,1) width 14: "(^"
            text run at (43,1) width 1: "\x{202C}"
        RenderBlock {P} at (0,3184) size 784x24
          RenderText {#text} at (0,1) size 45x19
            text run at (0,1) width 16: "\x{202A}ab"
            text run at (15,1) width 17: "\x{661}\x{662}"
            text run at (31,1) width 14: "(^"
            text run at (44,1) width 1: "\x{202C}"
        RenderBlock {P} at (0,3224) size 784x24
          RenderText {#text} at (0,1) size 45x19
            text run at (0,1) width 17: "\x{661}\x{662}"
            text run at (16,1) width 16 RTL: "\x{202A}\x{5D0}\x{5D1}"
            text run at (31,1) width 14: "(^"
            text run at (44,1) width 1: "\x{202C}"
        RenderBlock {P} at (0,3264) size 784x24
          RenderText {#text} at (0,1) size 45x19
            text run at (0,1) width 17: "\x{661}\x{662}"
            text run at (16,1) width 16 RTL: "\x{202A}\x{627}\x{628}"
            text run at (31,1) width 14: "(^"
            text run at (44,1) width 1: "\x{202C}"
        RenderBlock {P} at (0,3304) size 784x20
          RenderText {#text} at (0,0) size 20x19
            text run at (0,0) width 20: "\x{202A}\x{202A}?\x{202C}(^\x{202C}"
        RenderBlock {P} at (0,3340) size 784x20
          RenderText {#text} at (0,0) size 20x19
            text run at (0,0) width 8 RTL: "\x{202A}\x{202B}?"
            text run at (7,0) width 13: "\x{202C}(^"
            text run at (19,0) width 1: "\x{202C}"
      RenderBlock {DIV} at (0,3412) size 784x3360
        RenderBlock {P} at (0,0) size 784x20
          RenderText {#text} at (0,0) size 44x19
            text run at (0,0) width 44: "ab(^cd"
        RenderBlock {P} at (0,36) size 784x20
          RenderText {#text} at (0,0) size 43x19
            text run at (0,0) width 16: "cd"
            text run at (15,0) width 28 RTL: "\x{5D0}\x{5D1}(^"
        RenderBlock {P} at (0,72) size 784x24
          RenderText {#text} at (0,1) size 43x19
            text run at (0,1) width 16: "cd"
            text run at (15,1) width 28 RTL: "\x{627}\x{628}(^"
        RenderBlock {P} at (0,112) size 784x20
          RenderText {#text} at (0,0) size 60x19
            text run at (0,0) width 60: "ab12(^cd"
        RenderBlock {P} at (0,148) size 784x20
          RenderText {#text} at (0,0) size 59x19
            text run at (0,0) width 16: "cd"
            text run at (15,0) width 13 RTL: "(^"
            text run at (27,0) width 17: "12"
            text run at (43,0) width 16 RTL: "\x{5D0}\x{5D1}"
        RenderBlock {P} at (0,184) size 784x24
          RenderText {#text} at (0,1) size 59x19
            text run at (0,1) width 16: "cd"
            text run at (15,1) width 13 RTL: "(^"
            text run at (27,1) width 17: "12"
            text run at (43,1) width 16 RTL: "\x{627}\x{628}"
        RenderBlock {P} at (0,224) size 784x24
          RenderText {#text} at (0,1) size 60x19
            text run at (0,1) width 16: "cd"
            text run at (15,1) width 13 RTL: "(^"
            text run at (27,1) width 33: "ab\x{661}\x{662}"
        RenderBlock {P} at (0,264) size 784x24
          RenderText {#text} at (0,1) size 60x19
            text run at (0,1) width 16: "cd"
            text run at (15,1) width 13 RTL: "(^"
            text run at (27,1) width 18: "\x{661}\x{662}"
            text run at (44,1) width 16 RTL: "\x{5D0}\x{5D1}"
        RenderBlock {P} at (0,304) size 784x24
          RenderText {#text} at (0,1) size 60x19
            text run at (0,1) width 16: "cd"
            text run at (15,1) width 13 RTL: "(^"
            text run at (27,1) width 18: "\x{661}\x{662}"
            text run at (44,1) width 16 RTL: "\x{627}\x{628}"
        RenderBlock {P} at (0,344) size 784x20
          RenderText {#text} at (0,0) size 36x19
            text run at (0,0) width 36: "\x{202A}?\x{202C}(^cd"
        RenderBlock {P} at (0,380) size 784x20
          RenderText {#text} at (0,0) size 36x19
            text run at (0,0) width 16: "cd"
            text run at (15,0) width 13 RTL: "\x{202C}(^"
            text run at (27,0) width 9 RTL: "\x{202B}?"
        RenderBlock {P} at (0,416) size 784x20
          RenderText {#text} at (0,0) size 41x19
            text run at (0,0) width 25 RTL: "(^\x{5D2}\x{5D3}"
            text run at (24,0) width 17: "ab"
        RenderBlock {P} at (0,452) size 784x20
          RenderText {#text} at (0,0) size 40x19
            text run at (0,0) width 40 RTL: "\x{5D0}\x{5D1}(^\x{5D2}\x{5D3}"
        RenderBlock {P} at (0,488) size 784x24
          RenderText {#text} at (0,1) size 40x19
            text run at (0,1) width 40 RTL: "\x{627}\x{628}(^\x{5D2}\x{5D3}"
        RenderBlock {P} at (0,528) size 784x20
          RenderText {#text} at (0,0) size 57x19
            text run at (0,0) width 25 RTL: "(^\x{5D2}\x{5D3}"
            text run at (24,0) width 33: "ab12"
        RenderBlock {P} at (0,564) size 784x20
          RenderText {#text} at (0,0) size 56x19
            text run at (0,0) width 25 RTL: "(^\x{5D2}\x{5D3}"
            text run at (24,0) width 17: "12"
            text run at (40,0) width 16 RTL: "\x{5D0}\x{5D1}"
        RenderBlock {P} at (0,600) size 784x24
          RenderText {#text} at (0,1) size 56x19
            text run at (0,1) width 25 RTL: "(^\x{5D2}\x{5D3}"
            text run at (24,1) width 17: "12"
            text run at (40,1) width 16 RTL: "\x{627}\x{628}"
        RenderBlock {P} at (0,640) size 784x24
          RenderText {#text} at (0,1) size 57x19
            text run at (0,1) width 25 RTL: "(^\x{5D2}\x{5D3}"
            text run at (24,1) width 33: "ab\x{661}\x{662}"
        RenderBlock {P} at (0,680) size 784x24
          RenderText {#text} at (0,1) size 57x19
            text run at (0,1) width 25 RTL: "(^\x{5D2}\x{5D3}"
            text run at (24,1) width 18: "\x{661}\x{662}"
            text run at (41,1) width 16 RTL: "\x{5D0}\x{5D1}"
        RenderBlock {P} at (0,720) size 784x24
          RenderText {#text} at (0,1) size 57x19
            text run at (0,1) width 25 RTL: "(^\x{5D2}\x{5D3}"
            text run at (24,1) width 18: "\x{661}\x{662}"
            text run at (41,1) width 16 RTL: "\x{627}\x{628}"
        RenderBlock {P} at (0,760) size 784x20
          RenderText {#text} at (0,0) size 33x19
            text run at (0,0) width 25 RTL: "\x{202C}(^\x{5D2}\x{5D3}"
            text run at (24,0) width 9: "\x{202A}?"
        RenderBlock {P} at (0,796) size 784x20
          RenderText {#text} at (0,0) size 33x19
            text run at (0,0) width 33 RTL: "\x{202B}?\x{202C}(^\x{5D2}\x{5D3}"
        RenderBlock {P} at (0,832) size 784x24
          RenderText {#text} at (0,1) size 45x19
            text run at (0,1) width 30 RTL: "(^\x{62C}\x{62F}"
            text run at (29,1) width 16: "ab"
        RenderBlock {P} at (0,872) size 784x24
          RenderText {#text} at (0,1) size 45x19
            text run at (0,1) width 45 RTL: "\x{5D0}\x{5D1}(^\x{62C}\x{62F}"
        RenderBlock {P} at (0,912) size 784x24
          RenderText {#text} at (0,1) size 45x19
            text run at (0,1) width 45 RTL: "\x{627}\x{628}(^\x{62C}\x{62F}"
        RenderBlock {P} at (0,952) size 784x24
          RenderText {#text} at (0,1) size 61x19
            text run at (0,1) width 30 RTL: "(^\x{62C}\x{62F}"
            text run at (29,1) width 32: "ab12"
        RenderBlock {P} at (0,992) size 784x24
          RenderText {#text} at (0,1) size 61x19
            text run at (0,1) width 30 RTL: "(^\x{62C}\x{62F}"
            text run at (29,1) width 17: "12"
            text run at (45,1) width 16 RTL: "\x{5D0}\x{5D1}"
        RenderBlock {P} at (0,1032) size 784x24
          RenderText {#text} at (0,1) size 61x19
            text run at (0,1) width 30 RTL: "(^\x{62C}\x{62F}"
            text run at (29,1) width 17: "12"
            text run at (45,1) width 16 RTL: "\x{627}\x{628}"
        RenderBlock {P} at (0,1072) size 784x24
          RenderText {#text} at (0,1) size 62x19
            text run at (0,1) width 30 RTL: "(^\x{62C}\x{62F}"
            text run at (29,1) width 33: "ab\x{661}\x{662}"
        RenderBlock {P} at (0,1112) size 784x24
          RenderText {#text} at (0,1) size 61x19
            text run at (0,1) width 30 RTL: "(^\x{62C}\x{62F}"
            text run at (29,1) width 18: "\x{661}\x{662}"
            text run at (46,1) width 15 RTL: "\x{5D0}\x{5D1}"
        RenderBlock {P} at (0,1152) size 784x24
          RenderText {#text} at (0,1) size 61x19
            text run at (0,1) width 30 RTL: "(^\x{62C}\x{62F}"
            text run at (29,1) width 18: "\x{661}\x{662}"
            text run at (46,1) width 15 RTL: "\x{627}\x{628}"
        RenderBlock {P} at (0,1192) size 784x24
          RenderText {#text} at (0,1) size 37x19
            text run at (0,1) width 30 RTL: "\x{202C}(^\x{62C}\x{62F}"
            text run at (29,1) width 8: "\x{202A}?"
        RenderBlock {P} at (0,1232) size 784x24
          RenderText {#text} at (0,1) size 37x19
            text run at (0,1) width 37 RTL: "\x{202B}?\x{202C}(^\x{62C}\x{62F}"
        RenderBlock {P} at (0,1272) size 784x20
          RenderText {#text} at (0,0) size 61x19
            text run at (0,0) width 8: "z"
            text run at (7,0) width 10 RTL: "\x{5E9}"
            text run at (16,0) width 45: "ab(^34"
        RenderBlock {P} at (0,1308) size 784x20
          RenderText {#text} at (0,0) size 61x19
            text run at (0,0) width 8: "z"
            text run at (7,0) width 10 RTL: "\x{5E9}"
            text run at (16,0) width 17: "34"
            text run at (32,0) width 29 RTL: "\x{5D0}\x{5D1}(^"
        RenderBlock {P} at (0,1344) size 784x24
          RenderText {#text} at (0,1) size 61x19
            text run at (0,1) width 8: "z"
            text run at (7,1) width 10 RTL: "\x{5E9}"
            text run at (16,1) width 17: "34"
            text run at (32,1) width 29 RTL: "\x{627}\x{628}(^"
        RenderBlock {P} at (0,1384) size 784x20
          RenderText {#text} at (0,0) size 77x19
            text run at (0,0) width 8: "z"
            text run at (7,0) width 10 RTL: "\x{5E9}"
            text run at (16,0) width 61: "ab12(^34"
        RenderBlock {P} at (0,1420) size 784x20
          RenderText {#text} at (0,0) size 77x19
            text run at (0,0) width 8: "z"
            text run at (7,0) width 10 RTL: "\x{5E9}"
            text run at (16,0) width 17: "34"
            text run at (32,0) width 14 RTL: "(^"
            text run at (45,0) width 17: "12"
            text run at (61,0) width 16 RTL: "\x{5D0}\x{5D1}"
        RenderBlock {P} at (0,1456) size 784x24
          RenderText {#text} at (0,1) size 77x19
            text run at (0,1) width 8: "z"
            text run at (7,1) width 10 RTL: "\x{5E9}"
            text run at (16,1) width 17: "34"
            text run at (32,1) width 14 RTL: "(^"
            text run at (45,1) width 17: "12"
            text run at (61,1) width 16 RTL: "\x{627}\x{628}"
        RenderBlock {P} at (0,1496) size 784x24
          RenderText {#text} at (0,1) size 78x19
            text run at (0,1) width 8: "z"
            text run at (7,1) width 10 RTL: "\x{5E9}"
            text run at (16,1) width 17: "34"
            text run at (32,1) width 14 RTL: "(^"
            text run at (45,1) width 33: "ab\x{661}\x{662}"
        RenderBlock {P} at (0,1536) size 784x24
          RenderText {#text} at (0,1) size 78x19
            text run at (0,1) width 8: "z"
            text run at (7,1) width 10 RTL: "\x{5E9}"
            text run at (16,1) width 17: "34"
            text run at (32,1) width 14 RTL: "(^"
            text run at (45,1) width 18: "\x{661}\x{662}"
            text run at (62,1) width 16 RTL: "\x{5D0}\x{5D1}"
        RenderBlock {P} at (0,1576) size 784x24
          RenderText {#text} at (0,1) size 78x19
            text run at (0,1) width 8: "z"
            text run at (7,1) width 10 RTL: "\x{5E9}"
            text run at (16,1) width 17: "34"
            text run at (32,1) width 14 RTL: "(^"
            text run at (45,1) width 18: "\x{661}\x{662}"
            text run at (62,1) width 16 RTL: "\x{627}\x{628}"
        RenderBlock {P} at (0,1616) size 784x20
          RenderText {#text} at (0,0) size 53x19
            text run at (0,0) width 8: "z"
            text run at (7,0) width 10 RTL: "\x{5E9}"
            text run at (16,0) width 37: "\x{202A}?\x{202C}(^34"
        RenderBlock {P} at (0,1652) size 784x20
          RenderText {#text} at (0,0) size 53x19
            text run at (0,0) width 8: "z"
            text run at (7,0) width 10 RTL: "\x{5E9}"
            text run at (16,0) width 17: "34"
            text run at (32,0) width 14 RTL: "\x{202C}(^"
            text run at (45,0) width 8 RTL: "\x{202B}?"
        RenderBlock {P} at (0,1688) size 784x24
          RenderText {#text} at (0,1) size 62x19
            text run at (0,1) width 8: "z"
            text run at (7,1) width 10 RTL: "\x{5E9}"
            text run at (16,1) width 18: "\x{663}\x{664}"
            text run at (33,1) width 14 RTL: "(^"
            text run at (46,1) width 16: "ab"
        RenderBlock {P} at (0,1728) size 784x24
          RenderText {#text} at (0,1) size 62x19
            text run at (0,1) width 8: "z"
            text run at (7,1) width 10 RTL: "\x{5E9}"
            text run at (16,1) width 18: "\x{663}\x{664}"
            text run at (33,1) width 29 RTL: "\x{5D0}\x{5D1}(^"
        RenderBlock {P} at (0,1768) size 784x24
          RenderText {#text} at (0,1) size 62x19
            text run at (0,1) width 8: "z"
            text run at (7,1) width 10 RTL: "\x{5E9}"
            text run at (16,1) width 18: "\x{663}\x{664}"
            text run at (33,1) width 29 RTL: "\x{627}\x{628}(^"
        RenderBlock {P} at (0,1808) size 784x24
          RenderText {#text} at (0,1) size 78x19
            text run at (0,1) width 8: "z"
            text run at (7,1) width 10 RTL: "\x{5E9}"
            text run at (16,1) width 18: "\x{663}\x{664}"
            text run at (33,1) width 14 RTL: "(^"
            text run at (46,1) width 32: "ab12"
        RenderBlock {P} at (0,1848) size 784x24
          RenderText {#text} at (0,1) size 78x19
            text run at (0,1) width 8: "z"
            text run at (7,1) width 10 RTL: "\x{5E9}"
            text run at (16,1) width 18: "\x{663}\x{664}"
            text run at (33,1) width 14 RTL: "(^"
            text run at (46,1) width 17: "12"
            text run at (62,1) width 16 RTL: "\x{5D0}\x{5D1}"
        RenderBlock {P} at (0,1888) size 784x24
          RenderText {#text} at (0,1) size 78x19
            text run at (0,1) width 8: "z"
            text run at (7,1) width 10 RTL: "\x{5E9}"
            text run at (16,1) width 18: "\x{663}\x{664}"
            text run at (33,1) width 14 RTL: "(^"
            text run at (46,1) width 17: "12"
            text run at (62,1) width 16 RTL: "\x{627}\x{628}"
        RenderBlock {P} at (0,1928) size 784x24
          RenderText {#text} at (0,1) size 79x19
            text run at (0,1) width 8: "z"
            text run at (7,1) width 10 RTL: "\x{5E9}"
            text run at (16,1) width 18: "\x{663}\x{664}"
            text run at (33,1) width 14 RTL: "(^"
            text run at (46,1) width 33: "ab\x{661}\x{662}"
        RenderBlock {P} at (0,1968) size 784x24
          RenderText {#text} at (0,1) size 79x19
            text run at (0,1) width 8: "z"
            text run at (7,1) width 10 RTL: "\x{5E9}"
            text run at (16,1) width 18: "\x{663}\x{664}"
            text run at (33,1) width 14 RTL: "(^"
            text run at (46,1) width 18: "\x{661}\x{662}"
            text run at (63,1) width 16 RTL: "\x{5D0}\x{5D1}"
        RenderBlock {P} at (0,2008) size 784x24
          RenderText {#text} at (0,1) size 79x19
            text run at (0,1) width 8: "z"
            text run at (7,1) width 10 RTL: "\x{5E9}"
            text run at (16,1) width 18: "\x{663}\x{664}"
            text run at (33,1) width 14 RTL: "(^"
            text run at (46,1) width 18: "\x{661}\x{662}"
            text run at (63,1) width 16 RTL: "\x{627}\x{628}"
        RenderBlock {P} at (0,2048) size 784x24
          RenderText {#text} at (0,1) size 54x19
            text run at (0,1) width 8: "z"
            text run at (7,1) width 10 RTL: "\x{5E9}"
            text run at (16,1) width 18: "\x{663}\x{664}"
            text run at (33,1) width 14 RTL: "\x{202C}(^"
            text run at (46,1) width 8: "\x{202A}?"
        RenderBlock {P} at (0,2088) size 784x24
          RenderText {#text} at (0,1) size 54x19
            text run at (0,1) width 8: "z"
            text run at (7,1) width 10 RTL: "\x{5E9}"
            text run at (16,1) width 18: "\x{663}\x{664}"
            text run at (33,1) width 14 RTL: "\x{202C}(^"
            text run at (46,1) width 8 RTL: "\x{202B}?"
        RenderBlock {P} at (0,2128) size 784x20
          RenderText {#text} at (0,0) size 34x19
            text run at (0,0) width 0 RTL: "\x{202C}"
            text run at (0,0) width 34: "ab(^\x{202A}!"
        RenderBlock {P} at (0,2164) size 784x20
          RenderText {#text} at (0,0) size 34x19
            text run at (0,0) width 0 RTL: "\x{202C}"
            text run at (0,0) width 6: "\x{202A}!"
            text run at (5,0) width 29 RTL: "\x{5D0}\x{5D1}(^"
        RenderBlock {P} at (0,2200) size 784x24
          RenderText {#text} at (0,1) size 34x19
            text run at (0,1) width 0 RTL: "\x{202C}"
            text run at (0,1) width 6: "\x{202A}!"
            text run at (5,1) width 29 RTL: "\x{627}\x{628}(^"
        RenderBlock {P} at (0,2240) size 784x20
          RenderText {#text} at (0,0) size 50x19
            text run at (0,0) width 0 RTL: "\x{202C}"
            text run at (0,0) width 50: "ab12(^\x{202A}!"
        RenderBlock {P} at (0,2276) size 784x20
          RenderText {#text} at (0,0) size 50x19
            text run at (0,0) width 0 RTL: "\x{202C}"
            text run at (0,0) width 6: "\x{202A}!"
            text run at (5,0) width 14 RTL: "(^"
            text run at (18,0) width 17: "12"
            text run at (34,0) width 16 RTL: "\x{5D0}\x{5D1}"
        RenderBlock {P} at (0,2312) size 784x24
          RenderText {#text} at (0,1) size 50x19
            text run at (0,1) width 0 RTL: "\x{202C}"
            text run at (0,1) width 6: "\x{202A}!"
            text run at (5,1) width 14 RTL: "(^"
            text run at (18,1) width 17: "12"
            text run at (34,1) width 16 RTL: "\x{627}\x{628}"
        RenderBlock {P} at (0,2352) size 784x24
          RenderText {#text} at (0,1) size 51x19
            text run at (0,1) width 0 RTL: "\x{202C}"
            text run at (0,1) width 6: "\x{202A}!"
            text run at (5,1) width 14 RTL: "(^"
            text run at (18,1) width 33: "ab\x{661}\x{662}"
        RenderBlock {P} at (0,2392) size 784x24
          RenderText {#text} at (0,1) size 50x19
            text run at (0,1) width 0 RTL: "\x{202C}"
            text run at (0,1) width 6: "\x{202A}!"
            text run at (5,1) width 14 RTL: "(^"
            text run at (18,1) width 17: "\x{661}\x{662}"
            text run at (34,1) width 16 RTL: "\x{5D0}\x{5D1}"
        RenderBlock {P} at (0,2432) size 784x24
          RenderText {#text} at (0,1) size 50x19
            text run at (0,1) width 0 RTL: "\x{202C}"
            text run at (0,1) width 6: "\x{202A}!"
            text run at (5,1) width 14 RTL: "(^"
            text run at (18,1) width 17: "\x{661}\x{662}"
            text run at (34,1) width 16 RTL: "\x{627}\x{628}"
        RenderBlock {P} at (0,2472) size 784x20
          RenderText {#text} at (0,0) size 26x19
            text run at (0,0) width 0 RTL: "\x{202C}"
            text run at (0,0) width 26: "\x{202A}?\x{202C}(^\x{202A}!"
        RenderBlock {P} at (0,2508) size 784x20
          RenderText {#text} at (0,0) size 26x19
            text run at (0,0) width 0 RTL: "\x{202C}"
            text run at (0,0) width 6: "\x{202A}!"
            text run at (5,0) width 14 RTL: "\x{202C}(^"
            text run at (18,0) width 8 RTL: "\x{202B}?"
        RenderBlock {P} at (0,2544) size 784x20
          RenderText {#text} at (0,0) size 34x19
            text run at (0,0) width 0 RTL: "\x{202C}"
            text run at (0,0) width 6 RTL: "\x{202B}!"
            text run at (5,0) width 14 RTL: "(^"
            text run at (18,0) width 16: "ab"
        RenderBlock {P} at (0,2580) size 784x20
          RenderText {#text} at (0,0) size 34x19
            text run at (0,0) width 34 RTL: "\x{5D0}\x{5D1}(^\x{202B}!\x{202C}"
        RenderBlock {P} at (0,2616) size 784x24
          RenderText {#text} at (0,1) size 34x19
            text run at (0,1) width 34 RTL: "\x{627}\x{628}(^\x{202B}!\x{202C}"
        RenderBlock {P} at (0,2656) size 784x20
          RenderText {#text} at (0,0) size 50x19
            text run at (0,0) width 0 RTL: "\x{202C}"
            text run at (0,0) width 6 RTL: "\x{202B}!"
            text run at (5,0) width 14 RTL: "(^"
            text run at (18,0) width 32: "ab12"
        RenderBlock {P} at (0,2692) size 784x20
          RenderText {#text} at (0,0) size 50x19
            text run at (0,0) width 0 RTL: "\x{202C}"
            text run at (0,0) width 6 RTL: "\x{202B}!"
            text run at (5,0) width 14 RTL: "(^"
            text run at (18,0) width 17: "12"
            text run at (34,0) width 16 RTL: "\x{5D0}\x{5D1}"
        RenderBlock {P} at (0,2728) size 784x24
          RenderText {#text} at (0,1) size 50x19
            text run at (0,1) width 0 RTL: "\x{202C}"
            text run at (0,1) width 6 RTL: "\x{202B}!"
            text run at (5,1) width 14 RTL: "(^"
            text run at (18,1) width 17: "12"
            text run at (34,1) width 16 RTL: "\x{627}\x{628}"
        RenderBlock {P} at (0,2768) size 784x24
          RenderText {#text} at (0,1) size 51x19
            text run at (0,1) width 0 RTL: "\x{202C}"
            text run at (0,1) width 6 RTL: "\x{202B}!"
            text run at (5,1) width 14 RTL: "(^"
            text run at (18,1) width 33: "ab\x{661}\x{662}"
        RenderBlock {P} at (0,2808) size 784x24
          RenderText {#text} at (0,1) size 50x19
            text run at (0,1) width 0 RTL: "\x{202C}"
            text run at (0,1) width 6 RTL: "\x{202B}!"
            text run at (5,1) width 14 RTL: "(^"
            text run at (18,1) width 17: "\x{661}\x{662}"
            text run at (34,1) width 16 RTL: "\x{5D0}\x{5D1}"
        RenderBlock {P} at (0,2848) size 784x24
          RenderText {#text} at (0,1) size 50x19
            text run at (0,1) width 0 RTL: "\x{202C}"
            text run at (0,1) width 6 RTL: "\x{202B}!"
            text run at (5,1) width 14 RTL: "(^"
            text run at (18,1) width 17: "\x{661}\x{662}"
            text run at (34,1) width 16 RTL: "\x{627}\x{628}"
        RenderBlock {P} at (0,2888) size 784x20
          RenderText {#text} at (0,0) size 26x19
            text run at (0,0) width 0 RTL: "\x{202C}"
            text run at (0,0) width 6 RTL: "\x{202B}!"
            text run at (5,0) width 14 RTL: "\x{202C}(^"
            text run at (18,0) width 8: "\x{202A}?"
        RenderBlock {P} at (0,2924) size 784x20
          RenderText {#text} at (0,0) size 26x19
            text run at (0,0) width 26 RTL: "\x{202B}?\x{202C}(^\x{202B}!\x{202C}"
        RenderBlock {P} at (0,2960) size 784x20
          RenderText {#text} at (0,0) size 28x19
            text run at (0,0) width 0 RTL: "\x{202C}"
            text run at (0,0) width 28: "\x{202A}ab(^"
        RenderBlock {P} at (0,2996) size 784x20
          RenderText {#text} at (0,0) size 28x19
            text run at (0,0) width 0 RTL: "\x{202C}"
            text run at (0,0) width 15 RTL: "\x{202A}\x{5D0}\x{5D1}"
            text run at (14,0) width 14: "(^"
        RenderBlock {P} at (0,3032) size 784x24
          RenderText {#text} at (0,1) size 28x19
            text run at (0,1) width 0 RTL: "\x{202C}"
            text run at (0,1) width 15 RTL: "\x{202A}\x{627}\x{628}"
            text run at (14,1) width 14: "(^"
        RenderBlock {P} at (0,3072) size 784x20
          RenderText {#text} at (0,0) size 44x19
            text run at (0,0) width 0 RTL: "\x{202C}"
            text run at (0,0) width 44: "\x{202A}ab12(^"
        RenderBlock {P} at (0,3108) size 784x20
          RenderText {#text} at (0,0) size 44x19
            text run at (0,0) width 0 RTL: "\x{202C}"
            text run at (0,0) width 16: "12"
            text run at (16,0) width 15 RTL: "\x{202A}\x{5D0}\x{5D1}"
            text run at (30,0) width 14: "(^"
        RenderBlock {P} at (0,3144) size 784x24
          RenderText {#text} at (0,1) size 44x19
            text run at (0,1) width 0 RTL: "\x{202C}"
            text run at (0,1) width 16: "12"
            text run at (16,1) width 15 RTL: "\x{202A}\x{627}\x{628}"
            text run at (30,1) width 14: "(^"
        RenderBlock {P} at (0,3184) size 784x24
          RenderText {#text} at (0,1) size 45x19
            text run at (0,1) width 0 RTL: "\x{202C}"
            text run at (0,1) width 16: "\x{202A}ab"
            text run at (15,1) width 17: "\x{661}\x{662}"
            text run at (31,1) width 14: "(^"
        RenderBlock {P} at (0,3224) size 784x24
          RenderText {#text} at (0,1) size 45x19
            text run at (0,1) width 0 RTL: "\x{202C}"
            text run at (0,1) width 17: "\x{661}\x{662}"
            text run at (16,1) width 16 RTL: "\x{202A}\x{5D0}\x{5D1}"
            text run at (31,1) width 14: "(^"
        RenderBlock {P} at (0,3264) size 784x24
          RenderText {#text} at (0,1) size 45x19
            text run at (0,1) width 0 RTL: "\x{202C}"
            text run at (0,1) width 17: "\x{661}\x{662}"
            text run at (16,1) width 16 RTL: "\x{202A}\x{627}\x{628}"
            text run at (31,1) width 14: "(^"
        RenderBlock {P} at (0,3304) size 784x20
          RenderText {#text} at (0,0) size 20x19
            text run at (0,0) width 0 RTL: "\x{202C}"
            text run at (0,0) width 8: "\x{202A}\x{202A}?"
            text run at (7,0) width 13: "\x{202C}(^"
        RenderBlock {P} at (0,3340) size 784x20
          RenderText {#text} at (0,0) size 20x19
            text run at (0,0) width 0 RTL: "\x{202C}"
            text run at (0,0) width 8 RTL: "\x{202A}\x{202B}?"
            text run at (7,0) width 13: "\x{202C}(^"
