layer at (0,0) size 800x600
  RenderView at (0,0) size 800x600
layer at (0,0) size 800x108
  RenderBlock {HTML} at (0,0) size 800x108
    RenderBody {BODY} at (8,16) size 784x76
      RenderBlock {P} at (0,0) size 784x40
        RenderText {#text} at (0,0) size 745x39
          text run at (0,0) width 745: "The three boxes should be the same. The order in each box should be: Roman letters, Hebrew letters, digits, Hebrew"
          text run at (0,20) width 141: "letters, Roman letters."
      RenderBlock {P} at (0,56) size 784x20
        RenderInline {SPAN} at (0,0) size 124x21 [border: (1px solid #008000)]
          RenderText {#text} at (1,0) size 122x19
            text run at (1,0) width 27: "abc "
            text run at (27,0) width 23 RTL: " \x{5D3}\x{5D4}\x{5D5}"
            text run at (49,0) width 25: "123"
            text run at (73,0) width 26 RTL: "\x{5D0}\x{5D1}\x{5D2} "
            text run at (98,0) width 25: " def"
        RenderText {#text} at (123,0) size 5x19
          text run at (123,0) width 5: " "
        RenderInline {SPAN} at (0,0) size 125x21 [border: (1px solid #008000)]
          RenderText {#text} at (128,0) size 123x19
            text run at (128,0) width 27: "abc "
            text run at (154,0) width 24 RTL: " \x{5D3}\x{5D4}\x{5D5}"
            text run at (177,0) width 25: "123"
            text run at (201,0) width 25 RTL: "\x{5D0}\x{5D1}\x{5D2} "
            text run at (225,0) width 26: " def"
        RenderText {#text} at (251,0) size 5x19
          text run at (251,0) width 5: " "
        RenderInline {SPAN} at (0,0) size 125x21 [border: (1px solid #008000)]
          RenderText {#text} at (256,0) size 123x19
            text run at (256,0) width 27: "abc "
            text run at (282,0) width 24 RTL: " \x{5D3}\x{5D4}\x{5D5}"
            text run at (305,0) width 25: "123"
            text run at (329,0) width 25 RTL: "\x{5D0}\x{5D1}\x{5D2} "
            text run at (353,0) width 26: " def"
        RenderText {#text} at (0,0) size 0x0
