layer at (0,0) size 800x600
  RenderView at (0,0) size 800x600
layer at (0,0) size 800x600
  RenderBlock {HTML} at (0,0) size 800x600
    RenderBody {BODY} at (8,8) size 784x576
      RenderBlock {P} at (0,0) size 784x40
        RenderText {#text} at (0,0) size 108x19
          text run at (0,0) width 108: "This is a test for "
        RenderInline {I} at (0,0) size 776x39
          RenderText {#text} at (107,0) size 776x39
            text run at (107,0) width 669: "http://bugzilla.opendarwin.org/show_bug.cgi?id=5980 Bidi properties of an inline container whose first"
            text run at (0,20) width 251: "child is an inline container are ignored"
        RenderText {#text} at (250,20) size 5x19
          text run at (250,20) width 5: "."
      RenderBlock {P} at (0,74) size 784x20
        RenderText {#text} at (0,0) size 318x19
          text run at (0,0) width 318: "The following lines should read \x{201C}ABCDEFGHI\x{201D}:"
      RenderBlock {P} at (0,110) size 784x20
        RenderText {#text} at (0,0) size 33x19
          text run at (0,0) width 33: "ABC"
        RenderInline {SPAN} at (0,0) size 32x19
          RenderText {#text} at (32,0) size 32x19
            text run at (32,0) width 32 RTL: "FED"
        RenderText {#text} at (63,0) size 29x19
          text run at (63,0) width 29: "GHI"
      RenderBlock {P} at (0,146) size 784x20
        RenderText {#text} at (0,0) size 33x19
          text run at (0,0) width 33: "ABC"
        RenderInline {SPAN} at (0,0) size 32x19
          RenderInline {SPAN} at (0,0) size 32x19
            RenderText {#text} at (32,0) size 32x19
              text run at (32,0) width 32 RTL: "FED"
        RenderText {#text} at (63,0) size 29x19
          text run at (63,0) width 29: "GHI"
      RenderBlock {P} at (0,182) size 784x20
        RenderText {#text} at (0,0) size 33x19
          text run at (0,0) width 33: "ABC"
        RenderInline {SPAN} at (0,0) size 32x19
          RenderText {#text} at (54,0) size 10x19
            text run at (54,0) width 10 RTL: "F"
          RenderInline {SPAN} at (0,0) size 23x19
            RenderText {#text} at (32,0) size 23x19
              text run at (32,0) width 23 RTL: "ED"
        RenderText {#text} at (63,0) size 29x19
          text run at (63,0) width 29: "GHI"
      RenderBlock {P} at (0,218) size 784x20
        RenderText {#text} at (0,0) size 33x19
          text run at (0,0) width 33: "ABC"
        RenderInline {SPAN} at (0,0) size 32x19
          RenderText {#text} at (54,0) size 10x19
            text run at (54,0) width 10 RTL: "F"
          RenderInline {SPAN} at (0,0) size 11x19
            RenderText {#text} at (44,0) size 11x19
              text run at (44,0) width 11 RTL: "E"
          RenderText {#text} at (32,0) size 13x19
            text run at (32,0) width 13 RTL: "D"
        RenderText {#text} at (63,0) size 29x19
          text run at (63,0) width 29: "GHI"
      RenderBlock {P} at (0,254) size 784x20
        RenderText {#text} at (0,0) size 33x19
          text run at (0,0) width 33: "ABC"
        RenderInline {SPAN} at (0,0) size 32x19
          RenderInline {SPAN} at (0,0) size 20x19
            RenderText {#text} at (44,0) size 20x19
              text run at (44,0) width 20 RTL: "FE"
          RenderText {#text} at (32,0) size 13x19
            text run at (32,0) width 13 RTL: "D"
        RenderText {#text} at (63,0) size 29x19
          text run at (63,0) width 29: "GHI"
      RenderBlock {P} at (0,290) size 784x20
        RenderInline {SPAN} at (0,0) size 92x19
          RenderText {#text} at (0,0) size 92x19
            text run at (0,0) width 92 RTL: "IHGFEDCBA"
        RenderText {#text} at (0,0) size 0x0
      RenderBlock {P} at (0,326) size 784x20
        RenderInline {SPAN} at (0,0) size 92x19
          RenderText {#text} at (0,0) size 92x19
            text run at (0,0) width 92 RTL: "IHGFEDCBA"
        RenderText {#text} at (0,0) size 0x0
      RenderBlock (anonymous) at (0,372) size 784x20
        RenderText {#text} at (0,0) size 255x19
          text run at (0,0) width 255: "The following lines should be identical:"
      RenderBlock {P} at (0,408) size 784x20
        RenderText {#text} at (0,0) size 50x19
          text run at (0,0) width 50 RTL: "\x{5D3}\x{5D4}\x{5D5}([\x{202A}\x{202C}\x{5D0}\x{5D1}\x{5D2}"
      RenderBlock {P} at (0,444) size 784x20
        RenderText {#text} at (20,0) size 30x19
          text run at (20,0) width 30 RTL: "\x{5D3}\x{5D4}\x{5D5}(["
        RenderInline {SPAN} at (0,0) size 0x19
        RenderText {#text} at (0,0) size 21x19
          text run at (0,0) width 21 RTL: "\x{5D0}\x{5D1}\x{5D2}"
      RenderBlock {P} at (0,480) size 784x20
        RenderText {#text} at (20,0) size 30x19
          text run at (20,0) width 30 RTL: "\x{5D3}\x{5D4}\x{5D5}(["
        RenderInline {SPAN} at (0,0) size 0x19
          RenderInline {SPAN} at (0,0) size 0x0
        RenderText {#text} at (0,0) size 21x19
          text run at (0,0) width 21 RTL: "\x{5D0}\x{5D1}\x{5D2}"
      RenderBlock {P} at (0,516) size 784x20
        RenderText {#text} at (20,0) size 30x19
          text run at (20,0) width 30 RTL: "\x{5D3}\x{5D4}\x{5D5}(["
        RenderInline {SPAN} at (0,0) size 0x19
          RenderInline {SPAN} at (0,0) size 0x0
        RenderText {#text} at (0,0) size 21x19
          text run at (0,0) width 21 RTL: "\x{5D0}\x{5D1}\x{5D2}"
layer at (8,64) size 784x2 clip at (0,0) size 0x0
  RenderBlock {HR} at (0,56) size 784x2 [border: (1px inset #000000)]
layer at (8,370) size 784x2 clip at (0,0) size 0x0
  RenderBlock {HR} at (0,362) size 784x2 [border: (1px inset #000000)]
