layer at (0,0) size 800x600
  RenderView at (0,0) size 800x600
layer at (0,0) size 800x600
  RenderBlock {HTML} at (0,0) size 800x600
    RenderBody {BODY} at (8,8) size 784x584
      RenderBlock {P} at (0,0) size 784x40
        RenderText {#text} at (0,0) size 465x19
          text run at (0,0) width 465: "This tests that bidirectional text is correctly rendered in list box controls."
        RenderBR {BR} at (464,0) size 1x19
        RenderText {#text} at (0,20) size 578x19
          text run at (0,20) width 578: "The order of the text below each list box should match the order of the select's option text."
      RenderBlock (anonymous) at (0,56) size 784x44
        RenderText {#text} at (0,0) size 102x19
          text run at (0,0) width 102: "1) direction: rtl;"
        RenderBR {BR} at (101,0) size 1x19
        RenderMenuList {SELECT} at (2,22) size 80x20 [color=#007AFF] [bgcolor=#E9E9EA] [border: (1px solid #FFFFFF)]
          RenderBlock (anonymous) at (6,3) size 68x14
            RenderText at (68,0) size 0x14
              text run at (68,0) width 0 RTL: " "
        RenderBR {BR} at (84,21) size 0x19
      RenderBlock {DIV} at (0,100) size 100x20
        RenderText {#text} at (31,0) size 69x19
          text run at (31,0) width 47 RTL: "\x{5D0}\x{5E4}\x{5E8}\x{5E1}\x{5DE}\x{5D5}\x{5DF}"
          text run at (77,0) width 23: "abc"
      RenderBlock (anonymous) at (0,120) size 784x64
        RenderBR {BR} at (0,0) size 0x19
        RenderText {#text} at (0,20) size 102x19
          text run at (0,20) width 102: "2) direction: ltr;"
        RenderBR {BR} at (101,20) size 1x19
        RenderMenuList {SELECT} at (2,42) size 80x20 [color=#007AFF] [bgcolor=#E9E9EA] [border: (1px solid #FFFFFF)]
          RenderBlock (anonymous) at (6,3) size 68x14
            RenderText at (0,0) size 0x14
              text run at (0,0) width 0: " "
        RenderBR {BR} at (84,41) size 0x19
      RenderBlock {DIV} at (0,184) size 100x20
        RenderText {#text} at (0,0) size 69x19
          text run at (0,0) width 23: "abc"
          text run at (22,0) width 47 RTL: "\x{5D0}\x{5E4}\x{5E8}\x{5E1}\x{5DE}\x{5D5}\x{5DF}"
      RenderBlock (anonymous) at (0,204) size 784x64
        RenderBR {BR} at (0,0) size 0x19
        RenderText {#text} at (0,20) size 72x19
          text run at (0,20) width 72: "3) No style"
        RenderBR {BR} at (71,20) size 1x19
        RenderMenuList {SELECT} at (2,42) size 80x20 [color=#007AFF] [bgcolor=#E9E9EA] [border: (1px solid #FFFFFF)]
          RenderBlock (anonymous) at (6,3) size 68x14
            RenderText at (0,0) size 0x14
              text run at (0,0) width 0: " "
        RenderBR {BR} at (84,41) size 0x19
      RenderBlock {DIV} at (0,268) size 100x20
        RenderText {#text} at (0,0) size 69x19
          text run at (0,0) width 23: "abc"
          text run at (22,0) width 47 RTL: "\x{5D0}\x{5E4}\x{5E8}\x{5E1}\x{5DE}\x{5D5}\x{5DF}"
      RenderBlock (anonymous) at (0,288) size 784x20
        RenderBR {BR} at (0,0) size 0x19
