layer at (0,0) size 800x600
  RenderView at (0,0) size 800x600
layer at (0,0) size 800x600
  RenderBlock {HTML} at (0,0) size 800x600
    RenderBody {BODY} at (8,8) size 784x576
      RenderBlock {P} at (0,0) size 784x40
        RenderText {#text} at (0,0) size 772x39
          text run at (0,0) width 772: "This HTML tests if the 'while-space' property controls the behavors of line-break characters (U+000A and U+000D) in a"
          text run at (0,20) width 139: "complex text (Hindi)."
      RenderBlock {P} at (0,56) size 784x45
        RenderText {#text} at (0,3) size 732x41
          text run at (0,3) width 732: "If this test succeeds, you can see this Hindi word \"\x{935}\x{93F}\x{937}\x{92F}\x{94B}\x{902}\" repeated three times separated by a space in the first two"
          text run at (0,25) width 503: "paragraphs. In the third paragraphs, it'll be shown three times in separate lines."
      RenderBlock {P} at (0,117) size 784x25
        RenderText {#text} at (0,3) size 130x19
          text run at (0,3) width 130: "1. \x{935}\x{93F}\x{937}\x{92F}\x{94B}\x{902} \x{935}\x{93F}\x{937}\x{92F}\x{94B}\x{902}\x{D}\x{935}\x{93F}\x{937}\x{92F}\x{94B}\x{902}"
      RenderBlock {P} at (0,158) size 784x25
        RenderText {#text} at (0,3) size 130x19
          text run at (0,3) width 130: "2. \x{935}\x{93F}\x{937}\x{92F}\x{94B}\x{902} \x{935}\x{93F}\x{937}\x{92F}\x{94B}\x{902}\x{D}\x{935}\x{93F}\x{937}\x{92F}\x{94B}\x{902}"
      RenderBlock {P} at (0,199) size 784x70
        RenderText {#text} at (0,0) size 73x67
          text run at (0,0) width 12: "3."
          text run at (12,0) width 0: " "
          text run at (0,23) width 37: "\x{935}\x{93F}\x{937}\x{92F}\x{94B}\x{902}"
          text run at (36,23) width 1: " "
          text run at (0,48) width 73: "\x{935}\x{93F}\x{937}\x{92F}\x{94B}\x{902}\x{D}\x{935}\x{93F}\x{937}\x{92F}\x{94B}\x{902}"
