layer at (0,0) size 800x600
  RenderView at (0,0) size 800x600
layer at (0,0) size 800x600
  RenderBlock {HTML} at (0,0) size 800x600
    RenderBody {BODY} at (8,8) size 784x584
      RenderText {#text} at (0,0) size 769x59
        text run at (0,0) width 769: "This tests the width of a breaking space after a Hindi character to ensure that it's measured properly and enough space is"
        text run at (0,20) width 761: "left for it. Neither the Hindi on the button below nor the same text on two lines below that should be truncated at either"
        text run at (0,40) width 28: "end."
      RenderBR {BR} at (27,40) size 1x19
      RenderButton {INPUT} at (2,62) size 108x20 [color=#007AFF] [bgcolor=#E9E9EA] [border: (1px solid #FFFFFF)]
        RenderBlock (anonymous) at (12,1) size 84x18
          RenderText at (0,2) size 84x14
            text run at (0,2) width 84: "\x{915}\x{93F}\x{938}\x{940} \x{92D}\x{940} \x{924}\x{930}\x{939} \x{906}\x{917}\x{947} \x{92C}"
      RenderBR {BR} at (111,61) size 1x19
      RenderInline {SPAN} at (0,0) size 120x19
        RenderText {#text} at (0,87) size 120x19
          text run at (0,87) width 120: "\x{915}\x{93F}\x{938}\x{940} \x{92D}\x{940} \x{924}\x{930}\x{939} \x{906}\x{917}\x{947} \x{92C}"
      RenderText {#text} at (119,87) size 25x19
        text run at (119,87) width 25: "Foo"
      RenderBR {BR} at (143,87) size 1x19
      RenderInline {SPAN} at (0,0) size 120x19
        RenderText {#text} at (0,112) size 120x19
          text run at (0,112) width 120: "\x{915}\x{93F}\x{938}\x{940} \x{92D}\x{940} \x{924}\x{930}\x{939} \x{906}\x{917}\x{947} \x{92C}"
      RenderText {#text} at (119,112) size 25x19
        text run at (119,112) width 25: "Foo"
      RenderBR {BR} at (143,112) size 1x19
