layer at (0,0) size 800x600
  RenderView at (0,0) size 800x600
layer at (0,0) size 800x600
  RenderBlock {HTML} at (0,0) size 800x600
    RenderBody {BODY} at (8,8) size 784x584
      RenderBlock {P} at (0,0) size 784x60
        RenderText {#text} at (0,0) size 54x19
          text run at (0,0) width 54: "Test for "
        RenderInline {A} at (0,0) size 69x19 [color=#0000EE]
          RenderText {#text} at (53,0) size 69x19
            text run at (53,0) width 69: "bug 35605"
        RenderText {#text} at (121,0) size 771x59
          text run at (121,0) width 639: ": Two lines below have one character from CJK Ideograph, one from CJK Ext A (both in BMP) and"
          text run at (0,20) width 771: "three characters from CJK Ext B (plane 2). The last group of characters are covered by Japanese fonts on Mac as well as"
          text run at (0,40) width 334: "two Chinese fonts for Ext B shipped with Windows."
      RenderBlock {DIV} at (0,76) size 784x90
        RenderBlock {DIV} at (0,0) size 784x45
          RenderText {#text} at (0,5) size 176x36
            text run at (0,5) width 176: "\x{4E00} \x{3400} \x{D867}\x{DE8A}\x{D867}\x{DE49}\x{D867}\x{DEDB}"
        RenderBlock {DIV} at (0,45) size 784x45
          RenderText {#text} at (0,5) size 176x36
            text run at (0,5) width 176: "\x{4E00} \x{3400} \x{D867}\x{DE8A}\x{D867}\x{DE49}\x{D867}\x{DEDB}"
