layer at (0,0) size 800x634
  RenderView at (0,0) size 800x600
layer at (0,0) size 800x634
  RenderBlock {HTML} at (0,0) size 800x634
    RenderBody {BODY} at (8,16) size 784x610
      RenderBlock {P} at (0,0) size 784x20
        RenderText {#text} at (0,0) size 709x19
          text run at (0,0) width 497: "Verify that the alignment and writing direction of each selected item matches "
          text run at (496,0) width 213: "the one below the pop-up button."
      RenderBlock {DIV} at (0,36) size 784x286
        RenderMenuList {SELECT} at (0,0) size 500x29 [color=#007AFF] [bgcolor=#EBF5FF]
          RenderBlock (anonymous) at (8,3) size 484x23
            RenderText at (0,0) size 196x20
              text run at (0,0) width 39: "First "
              text run at (38,0) width 57 RTL: ") \x{5E8}\x{5D1}\x{5D9}\x{5E2}\x{5D9}\x{5EA}"
              text run at (94,0) width 22: "03"
              text run at (115,0) width 44 RTL: "\x{5E9}\x{5E0}\x{5D9}\x{5D4} ("
              text run at (158,0) width 38: " fifth"
        RenderBlock {DIV} at (0,31) size 470x39
          RenderText {#text} at (10,10) size 162x17
            text run at (10,10) width 34: "First "
            text run at (43,10) width 46 RTL: ") \x{5E8}\x{5D1}\x{5D9}\x{5E2}\x{5D9}\x{5EA}"
            text run at (88,10) width 18: "03"
            text run at (105,10) width 36 RTL: "\x{5E9}\x{5E0}\x{5D9}\x{5D4} ("
            text run at (140,10) width 32: " fifth"
        RenderMenuList {SELECT} at (0,72) size 500x29 [color=#007AFF] [bgcolor=#EBF5FF]
          RenderBlock (anonymous) at (8,3) size 484x23
            RenderText at (0,0) size 196x20
              text run at (0,0) width 34: "fifth"
              text run at (33,0) width 61 RTL: ") \x{5E8}\x{5D1}\x{5D9}\x{5E2}\x{5D9}\x{5EA} "
              text run at (93,0) width 22: "03"
              text run at (114,0) width 47 RTL: " \x{5E9}\x{5E0}\x{5D9}\x{5D4} ("
              text run at (160,0) width 36: "First"
        RenderBlock {DIV} at (0,103) size 470x39
          RenderText {#text} at (10,10) size 162x17
            text run at (10,10) width 27: "fifth"
            text run at (36,10) width 51 RTL: ") \x{5E8}\x{5D1}\x{5D9}\x{5E2}\x{5D9}\x{5EA} "
            text run at (86,10) width 17: "03"
            text run at (102,10) width 41 RTL: " \x{5E9}\x{5E0}\x{5D9}\x{5D4} ("
            text run at (142,10) width 30: "First"
        RenderMenuList {SELECT} at (0,144) size 500x29 [color=#007AFF] [bgcolor=#EBF5FF]
          RenderBlock (anonymous) at (8,3) size 484x23
            RenderText at (0,0) size 196x20
              text run at (0,0) width 196 LTR override: "First \x{5E9}\x{5E0}\x{5D9}\x{5D4} (03) \x{5E8}\x{5D1}\x{5D9}\x{5E2}\x{5D9}\x{5EA} fifth"
        RenderBlock {DIV} at (0,175) size 470x39
          RenderText {#text} at (10,10) size 162x17
            text run at (10,10) width 162 LTR override: "First \x{5E9}\x{5E0}\x{5D9}\x{5D4} (03) \x{5E8}\x{5D1}\x{5D9}\x{5E2}\x{5D9}\x{5EA} fifth"
        RenderMenuList {SELECT} at (0,216) size 500x29 [color=#007AFF] [bgcolor=#EBF5FF]
          RenderBlock (anonymous) at (8,3) size 484x23
            RenderText at (0,0) size 196x20
              text run at (0,0) width 196 RTL override: "First \x{5E9}\x{5E0}\x{5D9}\x{5D4} (03) \x{5E8}\x{5D1}\x{5D9}\x{5E2}\x{5D9}\x{5EA} fifth"
        RenderBlock {DIV} at (0,247) size 470x39
          RenderText {#text} at (10,10) size 162x17
            text run at (10,10) width 162 RTL override: "First \x{5E9}\x{5E0}\x{5D9}\x{5D4} (03) \x{5E8}\x{5D1}\x{5D9}\x{5E2}\x{5D9}\x{5EA} fifth"
      RenderBlock {DIV} at (0,324) size 784x286
        RenderMenuList {SELECT} at (0,0) size 500x29 [color=#007AFF] [bgcolor=#EBF5FF]
          RenderBlock (anonymous) at (8,3) size 484x23
            RenderText at (288,0) size 196x20
              text run at (288,0) width 40: "First "
              text run at (327,0) width 57 RTL: ") \x{5E8}\x{5D1}\x{5D9}\x{5E2}\x{5D9}\x{5EA}"
              text run at (383,0) width 22: "03"
              text run at (404,0) width 43 RTL: "\x{5E9}\x{5E0}\x{5D9}\x{5D4} ("
              text run at (446,0) width 38: " fifth"
        RenderBlock {DIV} at (0,31) size 470x39
          RenderText {#text} at (298,10) size 162x17
            text run at (298,10) width 34: "First "
            text run at (331,10) width 47 RTL: ") \x{5E8}\x{5D1}\x{5D9}\x{5E2}\x{5D9}\x{5EA}"
            text run at (377,10) width 18: "03"
            text run at (394,10) width 36 RTL: "\x{5E9}\x{5E0}\x{5D9}\x{5D4} ("
            text run at (429,10) width 31: " fifth"
        RenderMenuList {SELECT} at (0,72) size 500x29 [color=#007AFF] [bgcolor=#EBF5FF]
          RenderBlock (anonymous) at (8,3) size 484x23
            RenderText at (288,0) size 196x20
              text run at (288,0) width 35: "fifth"
              text run at (322,0) width 61 RTL: ") \x{5E8}\x{5D1}\x{5D9}\x{5E2}\x{5D9}\x{5EA} "
              text run at (382,0) width 22: "03"
              text run at (403,0) width 47 RTL: " \x{5E9}\x{5E0}\x{5D9}\x{5D4} ("
              text run at (449,0) width 35: "First"
        RenderBlock {DIV} at (0,103) size 470x39
          RenderText {#text} at (298,10) size 162x17
            text run at (298,10) width 27: "fifth"
            text run at (324,10) width 52 RTL: ") \x{5E8}\x{5D1}\x{5D9}\x{5E2}\x{5D9}\x{5EA} "
            text run at (375,10) width 17: "03"
            text run at (391,10) width 41 RTL: " \x{5E9}\x{5E0}\x{5D9}\x{5D4} ("
            text run at (431,10) width 29: "First"
        RenderMenuList {SELECT} at (0,144) size 500x29 [color=#007AFF] [bgcolor=#EBF5FF]
          RenderBlock (anonymous) at (8,3) size 484x23
            RenderText at (288,0) size 196x20
              text run at (288,0) width 196 LTR override: "First \x{5E9}\x{5E0}\x{5D9}\x{5D4} (03) \x{5E8}\x{5D1}\x{5D9}\x{5E2}\x{5D9}\x{5EA} fifth"
        RenderBlock {DIV} at (0,175) size 470x39
          RenderText {#text} at (298,10) size 162x17
            text run at (298,10) width 162 LTR override: "First \x{5E9}\x{5E0}\x{5D9}\x{5D4} (03) \x{5E8}\x{5D1}\x{5D9}\x{5E2}\x{5D9}\x{5EA} fifth"
        RenderMenuList {SELECT} at (0,216) size 500x29 [color=#007AFF] [bgcolor=#EBF5FF]
          RenderBlock (anonymous) at (8,3) size 484x23
            RenderText at (288,0) size 196x20
              text run at (288,0) width 196 RTL override: "First \x{5E9}\x{5E0}\x{5D9}\x{5D4} (03) \x{5E8}\x{5D1}\x{5D9}\x{5E2}\x{5D9}\x{5EA} fifth"
        RenderBlock {DIV} at (0,247) size 470x39
          RenderText {#text} at (298,10) size 162x17
            text run at (298,10) width 162 RTL override: "First \x{5E9}\x{5E0}\x{5D9}\x{5D4} (03) \x{5E8}\x{5D1}\x{5D9}\x{5E2}\x{5D9}\x{5EA} fifth"
