layer at (0,0) size 800x600
  RenderView at (0,0) size 800x600
layer at (160,0) size 640x600
  RenderBlock {HTML} at (0,0) size 640x600
    RenderBody {BODY} at (8,8) size 600x584
      RenderBlock {HR} at (0,0) size 2x584 [border: (1px inset #000000)]
      RenderBlock (anonymous) at (10,0) size 49x584
        RenderInline {SPAN} at (0,0) size 33x466
          RenderText {#text} at (8,0) size 33x466
            text run at (8,0) width 466: "OFF=\x{897F}\x{66A6}2010\x{5E74}1\x{6708}20\x{65E5}365\x{56DE}"
        RenderText {#text} at (0,0) size 0x0
      RenderBlock {HR} at (67,0) size 2x584 [border: (1px inset #000000)]
      RenderBlock (anonymous) at (77,0) size 49x584
        RenderInline {SPAN} at (0,0) size 33x374
          RenderInline {SPAN} at (0,0) size 33x32
            RenderCombineText {#text} at (8,0) size 33x32
              text run at (8,0) width 32: "\x{FFFC}"
          RenderText {#text} at (8,32) size 33x86
            text run at (8,32) width 86: "=\x{897F}\x{66A6}"
          RenderInline {SPAN} at (0,0) size 33x33
            RenderCombineText {#text} at (8,117) size 33x33
              text run at (8,117) width 32: "\x{FFFC}"
          RenderText {#text} at (8,149) size 33x33
            text run at (8,149) width 32: "\x{5E74}"
          RenderInline {SPAN} at (0,0) size 33x33
            RenderCombineText {#text} at (8,181) size 33x33
              text run at (8,181) width 32: "\x{FFFC}"
          RenderText {#text} at (8,213) size 33x33
            text run at (8,213) width 32: "\x{6708}"
          RenderInline {SPAN} at (0,0) size 33x33
            RenderCombineText {#text} at (8,245) size 33x33
              text run at (8,245) width 32: "\x{FFFC}"
          RenderText {#text} at (8,277) size 33x33
            text run at (8,277) width 32: "\x{65E5}"
          RenderInline {SPAN} at (0,0) size 33x33
            RenderCombineText {#text} at (8,309) size 33x33
              text run at (8,309) width 32: "\x{FFFC}"
          RenderText {#text} at (8,341) size 33x33
            text run at (8,341) width 32: "\x{56DE}"
        RenderText {#text} at (0,0) size 0x0
      RenderBlock {HR} at (134,0) size 2x584 [border: (1px inset #000000)]
      RenderBlock (anonymous) at (144,0) size 45x584
        RenderInline {SPAN} at (0,0) size 36x465
          RenderInline {SPAN} at (0,0) size 36x79
            RenderCombineText {#text} at (5,0) size 36x79
              text run at (5,0) width 79: "Times"
          RenderText {#text} at (5,78) size 36x83
            text run at (5,78) width 83: "=\x{897F}\x{66A6}"
          RenderInline {SPAN} at (0,0) size 36x65
            RenderCombineText {#text} at (5,160) size 36x65
              text run at (5,160) width 64: "2010"
          RenderText {#text} at (5,224) size 36x33
            text run at (5,224) width 32: "\x{5E74}"
          RenderInline {SPAN} at (0,0) size 36x33
            RenderCombineText {#text} at (5,256) size 36x33
              text run at (5,256) width 32: "\x{FFFC}"
          RenderText {#text} at (5,288) size 36x33
            text run at (5,288) width 32: "\x{6708}"
          RenderInline {SPAN} at (0,0) size 36x33
            RenderCombineText {#text} at (5,320) size 36x33
              text run at (5,320) width 32: "\x{FFFC}"
          RenderText {#text} at (5,352) size 36x33
            text run at (5,352) width 32: "\x{65E5}"
          RenderInline {SPAN} at (0,0) size 36x49
            RenderCombineText {#text} at (5,384) size 36x49
              text run at (5,384) width 48: "365"
          RenderText {#text} at (5,432) size 36x33
            text run at (5,432) width 32: "\x{56DE}"
        RenderText {#text} at (0,0) size 0x0
      RenderBlock {HR} at (197,0) size 2x584 [border: (1px inset #000000)]
      RenderBlock (anonymous) at (207,0) size 98x584
        RenderInline {SPAN} at (0,0) size 33x232
          RenderText {#text} at (8,0) size 33x232
            text run at (8,0) width 232: "OFF=\x{5B57}\x{3042}\x{FF21}A%"
        RenderBR {BR} at (15,231) size 19x1
        RenderInline {SPAN} at (0,0) size 33x214
          RenderInline {SPAN} at (0,0) size 33x32
            RenderCombineText {#text} at (57,0) size 33x32
              text run at (57,0) width 32: "\x{FFFC}"
          RenderText {#text} at (57,32) size 33x22
            text run at (57,32) width 22: "="
          RenderInline {SPAN} at (0,0) size 33x33
            RenderCombineText {#text} at (57,53) size 33x33
              text run at (57,53) width 32: "\x{FFFC}"
          RenderInline {SPAN} at (0,0) size 33x33
            RenderCombineText {#text} at (57,85) size 33x33
              text run at (57,85) width 32: "\x{FFFC}"
          RenderInline {SPAN} at (0,0) size 33x33
            RenderCombineText {#text} at (57,117) size 33x33
              text run at (57,117) width 32: "\x{FFFC}"
          RenderInline {SPAN} at (0,0) size 33x33
            RenderCombineText {#text} at (57,149) size 33x33
              text run at (57,149) width 32: "\x{FFFC}"
          RenderInline {SPAN} at (0,0) size 33x33
            RenderCombineText {#text} at (57,181) size 33x33
              text run at (57,181) width 32: "\x{FFFC}"
          RenderText {#text} at (0,0) size 0x0
      RenderBlock (anonymous) at (321,0) size 279x584
        RenderBlock {HR} at (0,0) size 2x584 [border: (1px inset #000000)]
        RenderBlock {P} at (34,0) size 245x584
          RenderBlock (floating) {SPAN} at (0,320) size 76x264 [border: (1px solid #FF0000)]
            RenderText {#text} at (7,1) size 25x118
              text run at (7,1) width 118: "float:right:"
            RenderInline {SPAN} at (0,0) size 25x25
              RenderCombineText {#text} at (7,118) size 25x25
                text run at (7,118) width 24: "\x{FFFC}"
            RenderText {#text} at (7,142) size 25x25
              text run at (7,142) width 24: "\x{5E74}"
            RenderInline {SPAN} at (0,0) size 25x25
              RenderCombineText {#text} at (7,166) size 25x25
                text run at (7,166) width 24: "\x{FFFC}"
            RenderText {#text} at (44,1) size 25x24
              text run at (44,1) width 24: "\x{6708}"
            RenderInline {SPAN} at (0,0) size 25x24
              RenderCombineText {#text} at (44,25) size 25x24
                text run at (44,25) width 24: "\x{FFFC}"
            RenderText {#text} at (44,49) size 25x24
              text run at (44,49) width 24: "\x{65E5}"
          RenderInline {SPAN} at (0,0) size 213x576
            RenderText {#text} at (16,0) size 213x576
              text run at (16,0) width 320: "\x{305D}\x{306E}\x{5973}\x{304C}\x{306D}\x{304B}\x{3057}\x{3064}\x{3051}\x{306B}\x{6765}\x{3066}\x{304F}\x{308C}\x{308B}\x{307E}\x{3067}\x{3001}\x{308F}\x{305F}"
              text run at (65,0) width 320: "\x{3057}\x{306F}\x{3051}\x{3063}\x{3057}\x{3066}\x{306D}\x{3069}\x{3053}\x{306B}\x{306F}\x{306F}\x{3044}\x{3089}\x{306A}\x{304B}\x{3063}\x{305F}\x{3002}\x{51AC}"
              text run at (114,0) width 576: "\x{306E}\x{3042}\x{3089}\x{3057}\x{304C}\x{3060}\x{3093}\x{3054}\x{306E}\x{3088}\x{3046}\x{306A}\x{96EA}\x{3092}\x{3075}\x{304D}\x{3064}\x{3051}\x{3066}\x{7A93}\x{30AC}\x{30E9}\x{30B9}\x{3092}\x{767D}\x{304F}\x{3059}\x{308B}\x{3058}\x{3076}\x{3093}\x{306B}\x{306A}\x{308B}\x{3068}\x{3001}"
              text run at (163,0) width 576: "\x{3053}\x{306E}\x{5973}\x{306E}\x{4EBA}\x{306F}\x{4E21}\x{624B}\x{306E}\x{9593}\x{306B}\x{308F}\x{305F}\x{3057}\x{306E}\x{8DB3}\x{3092}\x{304A}\x{3055}\x{3048}\x{3066}\x{3001}\x{6B4C}\x{3092}\x{6B4C}\x{3044}\x{306A}\x{304C}\x{3089}\x{6696}\x{3081}\x{3066}\x{304F}\x{308C}\x{305F}\x{3002}"
              text run at (212,0) width 320: "\x{305D}\x{306E}\x{6B4C}\x{306E}\x{7BC0}\x{3082}\x{6587}\x{53E5}\x{3082}\x{3001}\x{3044}\x{307E}\x{306B}\x{5FD8}\x{308C}\x{305A}\x{306B}\x{3044}\x{308B}\x{3002}"
          RenderText {#text} at (0,0) size 0x0
      RenderBlock (anonymous) at (632,0) size 0x584
        RenderInline {SPAN} at (0,0) size 0x0
