layer at (0,0) size 800x32076
  RenderView at (0,0) size 800x600
layer at (0,0) size 800x600
  RenderBlock {HTML} at (0,0) size 800x600
    RenderBody {BODY} at (8,8) size 784x576
      RenderBlock {P} at (0,0) size 784x80
        RenderText {#text} at (0,0) size 778x79
          text run at (0,0) width 778: "The column on the right has explicit spaces. Line breaks should be roughly the same if Thai line breaks are working well."
          text run at (0,20) width 773: "The original source of this text was ICU, and the test program said \"by it's very nature, Thai word breaking is not exact\","
          text run at (0,40) width 774: "so the columns don't match exactly. In a future version we might decide to tweak the right column to match our expected"
          text run at (0,60) width 60: "behavior."
layer at (240,104) size 1x30432
  RenderBlock (positioned) {DIV} at (240,104) size 1x30432
    RenderText {#text} at (0,4) size 83x30427
      text run at (0,4) width 21: "\x{E1A}\x{E17}"
      text run at (0,28) width 49: "\x{E17}\x{E35}\x{E48}\x{E51}\x{E1E}\x{E32}\x{E22}\x{E38}"
      text run at (0,52) width 54: "\x{E44}\x{E0B}\x{E42}\x{E04}\x{E25}\x{E19}"
      text run at (0,76) width 19: "\x{E42}\x{E14}"
      text run at (0,100) width 25: "\x{E42}\x{E23}\x{E18}\x{E35}"
      text run at (0,124) width 38: "\x{E2D}\x{E32}\x{E28}\x{E31}\x{E22}"
      text run at (0,148) width 20: "\x{E2D}\x{E22}\x{E39}\x{E48}"
      text run at (0,172) width 63: "\x{E17}\x{E48}\x{E32}\x{E21}\x{E01}\x{E25}\x{E32}\x{E07}"
      text run at (0,196) width 50: "\x{E17}\x{E38}\x{E48}\x{E07}\x{E43}\x{E2B}\x{E0D}\x{E48}"
      text run at (0,220) width 19: "\x{E43}\x{E19}"
      text run at (0,244) width 49: "\x{E41}\x{E04}\x{E19}\x{E0B}\x{E31}\x{E2A}"
      text run at (0,268) width 21: "\x{E01}\x{E31}\x{E1A}"
      text run at (0,292) width 17: "\x{E25}\x{E38}\x{E07}"
      text run at (0,316) width 15: "\x{E40}\x{E2E}"
      text run at (0,340) width 18: "\x{E19}\x{E23}\x{E35}"
      text run at (0,364) width 41: "\x{E0A}\x{E32}\x{E27}\x{E44}\x{E23}\x{E48}"
      text run at (0,388) width 26: "\x{E41}\x{E25}\x{E30}"
      text run at (0,412) width 19: "\x{E1B}\x{E49}\x{E32}"
      text run at (0,436) width 25: "\x{E40}\x{E2D}\x{E47}\x{E21}"
      text run at (0,460) width 44: "\x{E20}\x{E23}\x{E23}\x{E22}\x{E32}"
      text run at (0,484) width 41: "\x{E0A}\x{E32}\x{E27}\x{E44}\x{E23}\x{E48}"
      text run at (0,508) width 29: "\x{E1A}\x{E49}\x{E32}\x{E19}"
      text run at (0,532) width 27: "\x{E02}\x{E2D}\x{E07}"
      text run at (0,556) width 29: "\x{E1E}\x{E27}\x{E01}"
      text run at (0,580) width 23: "\x{E40}\x{E02}\x{E32}"
      text run at (0,604) width 28: "\x{E2B}\x{E25}\x{E31}\x{E07}"
      text run at (0,628) width 24: "\x{E40}\x{E25}\x{E47}\x{E01}"
      text run at (0,652) width 39: "\x{E40}\x{E1E}\x{E23}\x{E32}\x{E30}"
      text run at (0,676) width 17: "\x{E44}\x{E21}\x{E49}"
      text run at (0,700) width 33: "\x{E2A}\x{E23}\x{E49}\x{E32}\x{E07}"
      text run at (0,724) width 29: "\x{E1A}\x{E49}\x{E32}\x{E19}"
      text run at (0,748) width 27: "\x{E15}\x{E49}\x{E2D}\x{E07}"
      text run at (0,772) width 20: "\x{E02}\x{E19}"
      text run at (0,796) width 19: "\x{E21}\x{E32}"
      text run at (0,820) width 29: "\x{E14}\x{E49}\x{E27}\x{E22}"
      text run at (0,844) width 43: "\x{E40}\x{E01}\x{E27}\x{E35}\x{E22}\x{E19}"
      text run at (0,868) width 26: "\x{E40}\x{E1B}\x{E47}\x{E19}"
      text run at (0,892) width 32: "\x{E23}\x{E30}\x{E22}\x{E30}"
      text run at (0,916) width 26: "\x{E17}\x{E32}\x{E07}"
      text run at (0,940) width 38: "\x{E2B}\x{E25}\x{E32}\x{E22}"
      text run at (0,964) width 27: "\x{E44}\x{E21}\x{E25}\x{E4C}"
      text run at (0,988) width 29: "\x{E1A}\x{E49}\x{E32}\x{E19}"
      text run at (0,1012) width 11: "\x{E21}\x{E35}"
      text run at (0,1036) width 10: "\x{E2A}\x{E35}\x{E48}"
      text run at (0,1060) width 18: "\x{E1D}\x{E32}"
      text run at (0,1084) width 11: "\x{E21}\x{E35}"
      text run at (0,1108) width 21: "\x{E1E}\x{E37}\x{E49}\x{E19}"
      text run at (0,1132) width 21: "\x{E01}\x{E31}\x{E1A}"
      text run at (0,1156) width 46: "\x{E2B}\x{E25}\x{E31}\x{E07}\x{E04}\x{E32}"
      text run at (0,1180) width 26: "\x{E23}\x{E27}\x{E21}"
      text run at (0,1204) width 19: "\x{E17}\x{E33}"
      text run at (0,1228) width 26: "\x{E40}\x{E1B}\x{E47}\x{E19}"
      text run at (0,1252) width 27: "\x{E2B}\x{E49}\x{E2D}\x{E07}"
      text run at (0,1276) width 34: "\x{E40}\x{E14}\x{E35}\x{E22}\x{E27}"
      text run at (0,1300) width 19: "\x{E43}\x{E19}"
      text run at (0,1324) width 27: "\x{E2B}\x{E49}\x{E2D}\x{E07}"
      text run at (0,1348) width 11: "\x{E21}\x{E35}"
      text run at (0,1372) width 18: "\x{E17}\x{E31}\x{E49}\x{E07}"
      text run at (0,1396) width 24: "\x{E40}\x{E15}\x{E32}"
      text run at (0,1420) width 18: "\x{E2B}\x{E38}\x{E07}"
      text run at (0,1444) width 21: "\x{E15}\x{E49}\x{E21}"
      text run at (0,1468) width 11: "\x{E17}\x{E35}\x{E48}"
      text run at (0,1492) width 30: "\x{E2A}\x{E19}\x{E34}\x{E21}"
      text run at (0,1516) width 11: "\x{E14}\x{E39}"
      text run at (0,1540) width 20: "\x{E02}\x{E36}\x{E49}\x{E19}"
      text run at (0,1564) width 31: "\x{E40}\x{E25}\x{E2D}\x{E30}"
      text run at (0,1588) width 11: "\x{E21}\x{E35}"
      text run at (0,1612) width 11: "\x{E15}\x{E39}\x{E49}"
      text run at (0,1636) width 19: "\x{E43}\x{E2A}\x{E48}"
      text run at (0,1660) width 28: "\x{E16}\x{E49}\x{E27}\x{E22}"
      text run at (0,1684) width 28: "\x{E0A}\x{E32}\x{E21}"
      text run at (0,1708) width 26: "\x{E42}\x{E15}\x{E4A}\x{E30}"
      text run at (0,1732) width 33: "\x{E40}\x{E01}\x{E49}\x{E32}\x{E2D}\x{E35}\x{E49}"
      text run at (0,1756) width 28: "\x{E2A}\x{E32}\x{E21}"
      text run at (0,1780) width 28: "\x{E2B}\x{E23}\x{E37}\x{E2D}"
      text run at (0,1804) width 10: "\x{E2A}\x{E35}\x{E48}"
      text run at (0,1828) width 19: "\x{E15}\x{E31}\x{E27}"
      text run at (0,1852) width 27: "\x{E41}\x{E25}\x{E49}\x{E27}"
      text run at (0,1876) width 10: "\x{E01}\x{E47}"
      text run at (0,1900) width 11: "\x{E21}\x{E35}"
      text run at (0,1924) width 33: "\x{E40}\x{E15}\x{E35}\x{E22}\x{E07}"
      text run at (0,1948) width 30: "\x{E19}\x{E2D}\x{E19}"
      text run at (0,1972) width 17: "\x{E25}\x{E38}\x{E07}"
      text run at (0,1996) width 15: "\x{E40}\x{E2E}"
      text run at (0,2020) width 18: "\x{E19}\x{E23}\x{E35}"
      text run at (0,2044) width 21: "\x{E01}\x{E31}\x{E1A}"
      text run at (0,2068) width 19: "\x{E1B}\x{E49}\x{E32}"
      text run at (0,2092) width 25: "\x{E40}\x{E2D}\x{E47}\x{E21}"
      text run at (0,2116) width 11: "\x{E21}\x{E35}"
      text run at (0,2140) width 33: "\x{E40}\x{E15}\x{E35}\x{E22}\x{E07}"
      text run at (0,2164) width 30: "\x{E19}\x{E2D}\x{E19}"
      text run at (0,2188) width 33: "\x{E43}\x{E2B}\x{E0D}\x{E48}"
      text run at (0,2212) width 20: "\x{E2D}\x{E22}\x{E39}\x{E48}"
      text run at (0,2236) width 11: "\x{E17}\x{E35}\x{E48}"
      text run at (0,2260) width 21: "\x{E21}\x{E38}\x{E21}"
      text run at (0,2284) width 28: "\x{E2B}\x{E19}\x{E36}\x{E48}\x{E07}"
      text run at (0,2308) width 28: "\x{E2A}\x{E48}\x{E27}\x{E19}"
      text run at (0,2332) width 19: "\x{E42}\x{E14}"
      text run at (0,2356) width 16: "\x{E42}\x{E23}"
      text run at (0,2380) width 19: "\x{E18}\x{E35}\x{E21}\x{E35}"
      text run at (0,2404) width 33: "\x{E40}\x{E15}\x{E35}\x{E22}\x{E07}"
      text run at (0,2428) width 24: "\x{E40}\x{E25}\x{E47}\x{E01}"
      text run at (0,2452) width 19: "\x{E2D}\x{E35}\x{E01}"
      text run at (0,2476) width 11: "\x{E17}\x{E35}\x{E48}"
      text run at (0,2500) width 21: "\x{E21}\x{E38}\x{E21}"
      text run at (0,2524) width 28: "\x{E2B}\x{E19}\x{E36}\x{E48}\x{E07}"
      text run at (0,2548) width 27: "\x{E44}\x{E21}\x{E48}\x{E21}\x{E35}"
      text run at (0,2572) width 27: "\x{E2B}\x{E49}\x{E2D}\x{E07}"
      text run at (0,2596) width 19: "\x{E43}\x{E15}\x{E49}"
      text run at (0,2620) width 44: "\x{E40}\x{E1E}\x{E14}\x{E32}\x{E19}"
      text run at (0,2644) width 25: "\x{E40}\x{E25}\x{E22}"
      text run at (0,2668) width 27: "\x{E2B}\x{E49}\x{E2D}\x{E07}"
      text run at (0,2692) width 39: "\x{E43}\x{E15}\x{E49}\x{E16}\x{E38}\x{E19}"
      text run at (0,2716) width 10: "\x{E01}\x{E47}"
      text run at (0,2740) width 27: "\x{E44}\x{E21}\x{E48}\x{E21}\x{E35}"
      text run at (0,2764) width 24: "\x{E40}\x{E27}\x{E49}\x{E19}"
      text run at (0,2788) width 20: "\x{E41}\x{E15}\x{E48}"
      text run at (0,2812) width 11: "\x{E21}\x{E35}"
      text run at (0,2836) width 19: "\x{E42}\x{E1E}"
      text run at (0,2860) width 16: "\x{E23}\x{E07}"
      text run at (0,2884) width 34: "\x{E40}\x{E25}\x{E47}\x{E01}\x{E46}"
      text run at (0,2908) width 11: "\x{E17}\x{E35}\x{E48}"
      text run at (0,2932) width 20: "\x{E02}\x{E38}\x{E14}"
      text run at (0,2956) width 18: "\x{E44}\x{E1B}"
      text run at (0,2980) width 19: "\x{E43}\x{E15}\x{E49}"
      text run at (0,3004) width 21: "\x{E1E}\x{E37}\x{E49}\x{E19}"
      text run at (0,3028) width 33: "\x{E40}\x{E23}\x{E35}\x{E22}\x{E01}"
      text run at (0,3052) width 17: "\x{E27}\x{E48}\x{E32}"
      text run at (0,3076) width 41: "\"\x{E42}\x{E1E}\x{E23}\x{E07}"
      text run at (0,3100) width 61: "\x{E44}\x{E0B}\x{E42}\x{E04}\x{E25}\x{E19}\""
      text run at (0,3124) width 26: "\x{E40}\x{E1B}\x{E47}\x{E19}"
      text run at (0,3148) width 11: "\x{E17}\x{E35}\x{E48}"
      text run at (0,3172) width 64: "\x{E04}\x{E23}\x{E2D}\x{E1A}\x{E04}\x{E23}\x{E31}\x{E27}"
      text run at (0,3196) width 10: "\x{E19}\x{E35}\x{E49}"
      text run at (0,3220) width 16: "\x{E08}\x{E30}"
      text run at (0,3244) width 21: "\x{E21}\x{E38}\x{E14}"
      text run at (0,3268) width 40: "\x{E40}\x{E02}\x{E49}\x{E32}\x{E44}\x{E1B}"
      text run at (0,3292) width 25: "\x{E40}\x{E21}\x{E37}\x{E48}\x{E2D}"
      text run at (0,3316) width 25: "\x{E40}\x{E01}\x{E34}\x{E14}"
      text run at (0,3340) width 20: "\x{E25}\x{E21}"
      text run at (0,3364) width 29: "\x{E21}\x{E2B}\x{E32}"
      text run at (0,3388) width 21: "\x{E20}\x{E31}\x{E22}"
      text run at (0,3412) width 18: "\x{E0B}\x{E36}\x{E48}\x{E07}"
      text run at (0,3436) width 52: "\x{E01}\x{E23}\x{E30}\x{E42}\x{E0A}\x{E01}"
      text run at (0,3460) width 25: "\x{E41}\x{E23}\x{E07}"
      text run at (0,3484) width 19: "\x{E08}\x{E19}"
      text run at (0,3508) width 40: "\x{E1A}\x{E14}\x{E02}\x{E22}\x{E35}\x{E49}"
      text run at (0,3532) width 18: "\x{E2A}\x{E34}\x{E48}\x{E07}"
      text run at (0,3556) width 19: "\x{E01}\x{E48}\x{E2D}"
      text run at (0,3580) width 33: "\x{E2A}\x{E23}\x{E49}\x{E32}\x{E07}"
      text run at (0,3604) width 29: "\x{E43}\x{E14}\x{E46}"
      text run at (0,3628) width 11: "\x{E17}\x{E35}\x{E48}"
      text run at (0,3652) width 34: "\x{E02}\x{E27}\x{E32}\x{E07}"
      text run at (0,3676) width 26: "\x{E17}\x{E32}\x{E07}"
      text run at (0,3700) width 20: "\x{E21}\x{E31}\x{E19}"
      text run at (0,3724) width 17: "\x{E44}\x{E14}\x{E49}"
      text run at (0,3748) width 26: "\x{E15}\x{E23}\x{E07}"
      text run at (0,3772) width 35: "\x{E01}\x{E25}\x{E32}\x{E07}"
      text run at (0,3796) width 21: "\x{E1E}\x{E37}\x{E49}\x{E19}"
      text run at (0,3820) width 11: "\x{E21}\x{E35}"
      text run at (0,3844) width 18: "\x{E1D}\x{E32}"
      text run at (0,3868) width 26: "\x{E40}\x{E1B}\x{E34}\x{E14}"
      text run at (0,3892) width 40: "\x{E40}\x{E02}\x{E49}\x{E32}\x{E44}\x{E1B}"
      text run at (0,3916) width 27: "\x{E08}\x{E32}\x{E01}"
      text run at (0,3940) width 20: "\x{E19}\x{E31}\x{E49}\x{E19}"
      text run at (0,3964) width 11: "\x{E21}\x{E35}"
      text run at (0,3988) width 38: "\x{E1A}\x{E31}\x{E19}\x{E44}\x{E14}"
      text run at (0,4012) width 17: "\x{E25}\x{E07}"
      text run at (0,4036) width 18: "\x{E44}\x{E1B}"
      text run at (0,4060) width 18: "\x{E16}\x{E36}\x{E07}"
      text run at (0,4084) width 35: "\x{E42}\x{E1E}\x{E23}\x{E07}"
      text run at (0,4108) width 21: "\x{E21}\x{E37}\x{E14}"
      text run at (0,4132) width 34: "\x{E40}\x{E25}\x{E47}\x{E01}\x{E46}"
      text run at (0,4156) width 25: "\x{E40}\x{E21}\x{E37}\x{E48}\x{E2D}"
      text run at (0,4180) width 19: "\x{E42}\x{E14}"
      text run at (0,4204) width 25: "\x{E42}\x{E23}\x{E18}\x{E35}"
      text run at (0,4228) width 20: "\x{E22}\x{E37}\x{E19}"
      text run at (0,4252) width 11: "\x{E17}\x{E35}\x{E48}"
      text run at (0,4276) width 29: "\x{E1B}\x{E32}\x{E01}"
      text run at (0,4300) width 36: "\x{E1B}\x{E23}\x{E30}\x{E15}\x{E39}"
      text run at (0,4324) width 26: "\x{E41}\x{E25}\x{E30}"
      text run at (0,4348) width 27: "\x{E21}\x{E2D}\x{E07}"
      text run at (0,4372) width 18: "\x{E44}\x{E1B}"
      text run at (0,4396) width 37: "\x{E23}\x{E2D}\x{E1A}\x{E46}"
      text run at (0,4420) width 24: "\x{E40}\x{E18}\x{E2D}"
      text run at (0,4444) width 17: "\x{E44}\x{E21}\x{E48}"
      text run at (0,4468) width 26: "\x{E40}\x{E2B}\x{E47}\x{E19}"
      text run at (0,4492) width 31: "\x{E2D}\x{E30}\x{E44}\x{E23}"
      text run at (0,4516) width 55: "\x{E19}\x{E2D}\x{E01}\x{E08}\x{E32}\x{E01}"
      text run at (0,4540) width 27: "\x{E17}\x{E49}\x{E2D}\x{E07}"
      text run at (0,4564) width 18: "\x{E17}\x{E38}\x{E48}\x{E07}"
      text run at (0,4588) width 34: "\x{E01}\x{E27}\x{E49}\x{E32}\x{E07}"
      text run at (0,4612) width 10: "\x{E2A}\x{E35}"
      text run at (0,4636) width 24: "\x{E40}\x{E17}\x{E32}"
      text run at (0,4660) width 31: "\x{E2B}\x{E21}\x{E48}\x{E19}"
      text run at (0,4684) width 19: "\x{E17}\x{E31}\x{E48}\x{E27}"
      text run at (0,4708) width 20: "\x{E17}\x{E38}\x{E01}"
      text run at (0,4732) width 29: "\x{E14}\x{E49}\x{E32}\x{E19}"
      text run at (0,4756) width 27: "\x{E44}\x{E21}\x{E48}\x{E21}\x{E35}"
      text run at (0,4780) width 20: "\x{E41}\x{E21}\x{E49}"
      text run at (0,4804) width 37: "\x{E15}\x{E49}\x{E19}\x{E44}\x{E21}\x{E49}"
      text run at (0,4828) width 20: "\x{E2A}\x{E31}\x{E01}"
      text run at (0,4852) width 20: "\x{E15}\x{E49}\x{E19}"
      text run at (0,4876) width 28: "\x{E2B}\x{E23}\x{E37}\x{E2D}"
      text run at (0,4900) width 29: "\x{E1A}\x{E49}\x{E32}\x{E19}"
      text run at (0,4924) width 20: "\x{E2A}\x{E31}\x{E01}"
      text run at (0,4948) width 28: "\x{E2B}\x{E25}\x{E31}\x{E07}"
      text run at (0,4972) width 11: "\x{E17}\x{E35}\x{E48}"
      text run at (0,4996) width 28: "\x{E42}\x{E1C}\x{E25}\x{E48}"
      text run at (0,5020) width 21: "\x{E1E}\x{E49}\x{E19}"
      text run at (0,5044) width 71: "\x{E20}\x{E39}\x{E21}\x{E34}\x{E1B}\x{E23}\x{E30}\x{E40}\x{E17}\x{E28}"
      text run at (0,5068) width 20: "\x{E2D}\x{E31}\x{E19}"
      text run at (0,5092) width 27: "\x{E23}\x{E32}\x{E1A}"
      text run at (0,5116) width 33: "\x{E40}\x{E23}\x{E35}\x{E22}\x{E1A}"
      text run at (0,5140) width 19: "\x{E41}\x{E1C}\x{E48}"
      text run at (0,5164) width 18: "\x{E44}\x{E1B}"
      text run at (0,5188) width 26: "\x{E44}\x{E01}\x{E25}"
      text run at (0,5212) width 19: "\x{E08}\x{E19}"
      text run at (0,5236) width 19: "\x{E08}\x{E14}"
      text run at (0,5260) width 29: "\x{E02}\x{E2D}\x{E1A}"
      text run at (0,5284) width 19: "\x{E1F}\x{E49}\x{E32}"
      text run at (0,5308) width 19: "\x{E17}\x{E31}\x{E48}\x{E27}"
      text run at (0,5332) width 20: "\x{E17}\x{E38}\x{E01}"
      text run at (0,5356) width 21: "\x{E17}\x{E34}\x{E28}"
      text run at (0,5380) width 62: "\x{E14}\x{E27}\x{E07}\x{E15}\x{E30}\x{E27}\x{E31}\x{E19}"
      text run at (0,5404) width 23: "\x{E40}\x{E1C}\x{E32}"
      text run at (0,5428) width 20: "\x{E1C}\x{E37}\x{E19}"
      text run at (0,5452) width 20: "\x{E14}\x{E34}\x{E19}"
      text run at (0,5476) width 11: "\x{E17}\x{E35}\x{E48}"
      text run at (0,5500) width 17: "\x{E44}\x{E16}"
      text run at (0,5524) width 27: "\x{E41}\x{E25}\x{E49}\x{E27}"
      text run at (0,5548) width 19: "\x{E08}\x{E19}"
      text run at (0,5572) width 37: "\x{E01}\x{E25}\x{E32}\x{E22}"
      text run at (0,5596) width 26: "\x{E40}\x{E1B}\x{E47}\x{E19}"
      text run at (0,5620) width 29: "\x{E41}\x{E1C}\x{E48}\x{E19}"
      text run at (0,5644) width 39: "\x{E21}\x{E2B}\x{E36}\x{E21}\x{E32}"
      text run at (0,5668) width 10: "\x{E2A}\x{E35}"
      text run at (0,5692) width 19: "\x{E14}\x{E33}"
      text run at (0,5716) width 11: "\x{E21}\x{E35}"
      text run at (0,5740) width 27: "\x{E23}\x{E2D}\x{E22}"
      text run at (0,5764) width 29: "\x{E41}\x{E15}\x{E01}"
      text run at (0,5788) width 42: "\x{E23}\x{E30}\x{E41}\x{E2B}\x{E07}"
      text run at (0,5812) width 20: "\x{E2D}\x{E22}\x{E39}\x{E48}"
      text run at (0,5836) width 39: "\x{E15}\x{E25}\x{E2D}\x{E14}"
      text run at (0,5860) width 39: "\x{E41}\x{E21}\x{E49}\x{E41}\x{E15}\x{E48}"
      text run at (0,5884) width 32: "\x{E2B}\x{E0D}\x{E49}\x{E32}"
      text run at (0,5908) width 10: "\x{E01}\x{E47}"
      text run at (0,5932) width 17: "\x{E44}\x{E21}\x{E48}"
      text run at (0,5956) width 33: "\x{E40}\x{E02}\x{E35}\x{E22}\x{E27}"
      text run at (0,5980) width 39: "\x{E40}\x{E1E}\x{E23}\x{E32}\x{E30}"
      text run at (0,6004) width 62: "\x{E14}\x{E27}\x{E07}\x{E15}\x{E30}\x{E27}\x{E31}\x{E19}"
      text run at (0,6028) width 23: "\x{E40}\x{E1C}\x{E32}"
      text run at (0,6052) width 30: "\x{E22}\x{E2D}\x{E14}"
      text run at (0,6076) width 20: "\x{E43}\x{E1A}"
      text run at (0,6100) width 27: "\x{E22}\x{E32}\x{E27}"
      text run at (0,6124) width 25: "\x{E40}\x{E2A}\x{E35}\x{E22}"
      text run at (0,6148) width 19: "\x{E08}\x{E19}"
      text run at (0,6172) width 26: "\x{E40}\x{E1B}\x{E47}\x{E19}"
      text run at (0,6196) width 10: "\x{E2A}\x{E35}"
      text run at (0,6220) width 24: "\x{E40}\x{E17}\x{E32}"
      text run at (0,6244) width 31: "\x{E2B}\x{E21}\x{E48}\x{E19}"
      text run at (0,6268) width 27: "\x{E21}\x{E2D}\x{E07}"
      text run at (0,6292) width 26: "\x{E40}\x{E2B}\x{E47}\x{E19}"
      text run at (0,6316) width 20: "\x{E2D}\x{E22}\x{E39}\x{E48}"
      text run at (0,6340) width 36: "\x{E17}\x{E31}\x{E48}\x{E27}\x{E44}\x{E1B}"
      text run at (0,6364) width 26: "\x{E04}\x{E23}\x{E31}\x{E49}\x{E07}"
      text run at (0,6388) width 28: "\x{E2B}\x{E19}\x{E36}\x{E48}\x{E07}"
      text run at (0,6412) width 26: "\x{E40}\x{E04}\x{E22}"
      text run at (0,6436) width 28: "\x{E17}\x{E32}\x{E2A}\x{E35}"
      text run at (0,6460) width 29: "\x{E1A}\x{E49}\x{E32}\x{E19}"
      text run at (0,6484) width 23: "\x{E40}\x{E2D}\x{E32}"
      text run at (0,6508) width 15: "\x{E44}\x{E27}\x{E49}"
      text run at (0,6532) width 20: "\x{E41}\x{E15}\x{E48}"
      text run at (0,6556) width 10: "\x{E01}\x{E47}"
      text run at (0,6580) width 20: "\x{E16}\x{E39}\x{E01}"
      text run at (0,6604) width 62: "\x{E14}\x{E27}\x{E07}\x{E15}\x{E30}\x{E27}\x{E31}\x{E19}"
      text run at (0,6628) width 23: "\x{E40}\x{E1C}\x{E32}"
      text run at (0,6652) width 25: "\x{E40}\x{E2A}\x{E35}\x{E22}"
      text run at (0,6676) width 19: "\x{E08}\x{E19}"
      text run at (0,6700) width 10: "\x{E2A}\x{E35}"
      text run at (0,6724) width 28: "\x{E1E}\x{E2D}\x{E07}"
      text run at (0,6748) width 27: "\x{E41}\x{E25}\x{E49}\x{E27}"
      text run at (0,6772) width 20: "\x{E1D}\x{E19}"
      text run at (0,6796) width 10: "\x{E01}\x{E47}"
      text run at (0,6820) width 17: "\x{E0A}\x{E30}"
      text run at (0,6844) width 20: "\x{E21}\x{E31}\x{E19}"
      text run at (0,6868) width 30: "\x{E2B}\x{E25}\x{E38}\x{E14}"
      text run at (0,6892) width 18: "\x{E44}\x{E1B}"
      text run at (0,6916) width 19: "\x{E08}\x{E19}"
      text run at (0,6940) width 31: "\x{E2B}\x{E21}\x{E14}"
      text run at (0,6964) width 26: "\x{E41}\x{E25}\x{E30}"
      text run at (0,6988) width 30: "\x{E15}\x{E2D}\x{E19}"
      text run at (0,7012) width 10: "\x{E19}\x{E35}\x{E49}"
      text run at (0,7036) width 29: "\x{E1A}\x{E49}\x{E32}\x{E19}"
      text run at (0,7060) width 17: "\x{E08}\x{E36}\x{E07}"
      text run at (0,7084) width 11: "\x{E14}\x{E39}"
      text run at (0,7108) width 68: "\x{E2B}\x{E21}\x{E48}\x{E19}\x{E2B}\x{E21}\x{E2D}\x{E07}"
      text run at (0,7132) width 26: "\x{E40}\x{E1B}\x{E47}\x{E19}"
      text run at (0,7156) width 10: "\x{E2A}\x{E35}"
      text run at (0,7180) width 24: "\x{E40}\x{E17}\x{E32}"
      text run at (0,7204) width 45: "\x{E40}\x{E2B}\x{E21}\x{E37}\x{E2D}\x{E19}"
      text run at (0,7228) width 18: "\x{E2A}\x{E34}\x{E48}\x{E07}"
      text run at (0,7252) width 29: "\x{E2D}\x{E37}\x{E48}\x{E19}\x{E46}"
      text run at (0,7276) width 29: "\x{E14}\x{E49}\x{E27}\x{E22}"
      text run at (0,7300) width 30: "\x{E15}\x{E2D}\x{E19}"
      text run at (0,7324) width 11: "\x{E17}\x{E35}\x{E48}"
      text run at (0,7348) width 19: "\x{E1B}\x{E49}\x{E32}"
      text run at (0,7372) width 25: "\x{E40}\x{E2D}\x{E47}\x{E21}"
      text run at (0,7396) width 28: "\x{E22}\x{E49}\x{E32}\x{E22}"
      text run at (0,7420) width 19: "\x{E21}\x{E32}"
      text run at (0,7444) width 20: "\x{E2D}\x{E22}\x{E39}\x{E48}"
      text run at (0,7468) width 11: "\x{E17}\x{E35}\x{E48}"
      text run at (0,7492) width 10: "\x{E19}\x{E35}\x{E48}"
      text run at (0,7516) width 24: "\x{E40}\x{E18}\x{E2D}"
      text run at (0,7540) width 18: "\x{E22}\x{E31}\x{E07}"
      text run at (0,7564) width 26: "\x{E2A}\x{E32}\x{E27}"
      text run at (0,7588) width 26: "\x{E40}\x{E1B}\x{E47}\x{E19}"
      text run at (0,7612) width 44: "\x{E20}\x{E23}\x{E23}\x{E22}\x{E32}"
      text run at (0,7636) width 11: "\x{E17}\x{E35}\x{E48}"
      text run at (0,7660) width 44: "\x{E07}\x{E14}\x{E07}\x{E32}\x{E21}"
      text run at (0,7684) width 27: "\x{E41}\x{E25}\x{E49}\x{E27}"
      text run at (0,7708) width 30: "\x{E41}\x{E14}\x{E14}"
      text run at (0,7732) width 26: "\x{E41}\x{E25}\x{E30}"
      text run at (0,7756) width 20: "\x{E25}\x{E21}"
      text run at (0,7780) width 27: "\x{E01}\x{E47}\x{E44}\x{E14}\x{E49}"
      text run at (0,7804) width 45: "\x{E40}\x{E1B}\x{E25}\x{E35}\x{E48}\x{E22}\x{E19}"
      text run at (0,7828) width 24: "\x{E40}\x{E18}\x{E2D}"
      text run at (0,7852) width 18: "\x{E44}\x{E1B}"
      text run at (0,7876) width 23: "\x{E40}\x{E2D}\x{E32}"
      text run at (0,7900) width 53: "\x{E1B}\x{E23}\x{E30}\x{E01}\x{E32}\x{E22}"
      text run at (0,7924) width 18: "\x{E44}\x{E1B}"
      text run at (0,7948) width 27: "\x{E08}\x{E32}\x{E01}"
      text run at (0,7972) width 45: "\x{E14}\x{E27}\x{E07}\x{E15}\x{E32}"
      text run at (0,7996) width 24: "\x{E40}\x{E18}\x{E2D}"
      text run at (0,8020) width 39: "\x{E1B}\x{E25}\x{E48}\x{E2D}\x{E22}"
      text run at (0,8044) width 15: "\x{E44}\x{E27}\x{E49}"
      text run at (0,8068) width 20: "\x{E41}\x{E15}\x{E48}"
      text run at (0,8092) width 37: "\x{E04}\x{E27}\x{E32}\x{E21}"
      text run at (0,8116) width 29: "\x{E2A}\x{E38}\x{E02}\x{E38}\x{E21}"
      text run at (0,8140) width 35: "\x{E2D}\x{E22}\x{E48}\x{E32}\x{E07}"
      text run at (0,8164) width 68: "\x{E2B}\x{E21}\x{E48}\x{E19}\x{E2B}\x{E21}\x{E2D}\x{E07}"
      text run at (0,8188) width 23: "\x{E40}\x{E2D}\x{E32}"
      text run at (0,8212) width 10: "\x{E2A}\x{E35}"
      text run at (0,8236) width 27: "\x{E41}\x{E14}\x{E07}"
      text run at (0,8260) width 27: "\x{E08}\x{E32}\x{E01}"
      text run at (0,8284) width 29: "\x{E41}\x{E01}\x{E49}\x{E21}"
      text run at (0,8308) width 26: "\x{E41}\x{E25}\x{E30}"
      text run at (0,8332) width 18: "\x{E23}\x{E34}\x{E21}"
      text run at (0,8356) width 38: "\x{E1D}\x{E35}\x{E1B}\x{E32}\x{E01}"
      text run at (0,8380) width 24: "\x{E40}\x{E18}\x{E2D}"
      text run at (0,8404) width 18: "\x{E44}\x{E1B}"
      text run at (0,8428) width 37: "\x{E01}\x{E25}\x{E32}\x{E22}"
      text run at (0,8452) width 26: "\x{E40}\x{E1B}\x{E47}\x{E19}"
      text run at (0,8476) width 10: "\x{E2A}\x{E35}"
      text run at (0,8500) width 40: "\x{E2B}\x{E21}\x{E48}\x{E19}\x{E46}"
      text run at (0,8524) width 45: "\x{E40}\x{E2B}\x{E21}\x{E37}\x{E2D}\x{E19}"
      text run at (0,8548) width 20: "\x{E01}\x{E31}\x{E19}"
      text run at (0,8572) width 24: "\x{E40}\x{E18}\x{E2D}"
      text run at (0,8596) width 29: "\x{E1C}\x{E2D}\x{E21}"
      text run at (0,8620) width 26: "\x{E41}\x{E25}\x{E30}"
      text run at (0,8644) width 28: "\x{E2B}\x{E25}\x{E31}\x{E07}"
      text run at (0,8668) width 27: "\x{E42}\x{E04}\x{E49}\x{E07}"
      text run at (0,8692) width 26: "\x{E41}\x{E25}\x{E30}"
      text run at (0,8716) width 34: "\x{E40}\x{E14}\x{E35}\x{E4B}\x{E22}\x{E27}"
      text run at (0,8740) width 10: "\x{E19}\x{E35}\x{E49}"
      text run at (0,8764) width 17: "\x{E44}\x{E21}\x{E48}"
      text run at (0,8788) width 26: "\x{E40}\x{E04}\x{E22}"
      text run at (0,8812) width 20: "\x{E22}\x{E34}\x{E49}\x{E21}"
      text run at (0,8836) width 25: "\x{E40}\x{E25}\x{E22}"
      text run at (0,8860) width 25: "\x{E40}\x{E21}\x{E37}\x{E48}\x{E2D}"
      text run at (0,8884) width 19: "\x{E42}\x{E14}"
      text run at (0,8908) width 25: "\x{E42}\x{E23}\x{E18}\x{E35}"
      text run at (0,8932) width 18: "\x{E0B}\x{E36}\x{E48}\x{E07}"
      text run at (0,8956) width 26: "\x{E40}\x{E1B}\x{E47}\x{E19}"
      text run at (0,8980) width 25: "\x{E40}\x{E14}\x{E47}\x{E01}"
      text run at (0,9004) width 45: "\x{E01}\x{E33}\x{E1E}\x{E23}\x{E49}\x{E32}"
      text run at (0,9028) width 19: "\x{E21}\x{E32}"
      text run at (0,9052) width 20: "\x{E2D}\x{E22}\x{E39}\x{E48}"
      text run at (0,9076) width 21: "\x{E01}\x{E31}\x{E1A}"
      text run at (0,9100) width 24: "\x{E40}\x{E18}\x{E2D}"
      text run at (0,9124) width 30: "\x{E15}\x{E2D}\x{E19}"
      text run at (0,9148) width 27: "\x{E41}\x{E23}\x{E01}"
      text run at (0,9172) width 19: "\x{E1B}\x{E49}\x{E32}"
      text run at (0,9196) width 25: "\x{E40}\x{E2D}\x{E47}\x{E21}"
      text run at (0,9220) width 20: "\x{E15}\x{E37}\x{E48}\x{E19}"
      text run at (0,9244) width 26: "\x{E40}\x{E15}\x{E49}\x{E19}"
      text run at (0,9268) width 21: "\x{E01}\x{E31}\x{E1A}"
      text run at (0,9292) width 32: "\x{E40}\x{E2A}\x{E35}\x{E22}\x{E07}"
      text run at (0,9316) width 47: "\x{E2B}\x{E31}\x{E27}\x{E40}\x{E23}\x{E32}\x{E30}"
      text run at (0,9340) width 27: "\x{E02}\x{E2D}\x{E07}"
      text run at (0,9364) width 25: "\x{E40}\x{E14}\x{E47}\x{E01}"
      text run at (0,9388) width 29: "\x{E19}\x{E49}\x{E2D}\x{E22}"
      text run at (0,9412) width 28: "\x{E21}\x{E32}\x{E01}"
      text run at (0,9436) width 24: "\x{E40}\x{E18}\x{E2D}"
      text run at (0,9460) width 16: "\x{E08}\x{E30}"
      text run at (0,9484) width 18: "\x{E2A}\x{E48}\x{E07}"
      text run at (0,9508) width 32: "\x{E40}\x{E2A}\x{E35}\x{E22}\x{E07}"
      text run at (0,9532) width 25: "\x{E23}\x{E49}\x{E2D}\x{E07}"
      text run at (0,9556) width 27: "\x{E41}\x{E25}\x{E49}\x{E27}"
      text run at (0,9580) width 23: "\x{E40}\x{E2D}\x{E32}"
      text run at (0,9604) width 20: "\x{E21}\x{E37}\x{E2D}"
      text run at (0,9628) width 29: "\x{E17}\x{E32}\x{E1A}"
      text run at (0,9652) width 19: "\x{E2D}\x{E01}"
      text run at (0,9676) width 20: "\x{E17}\x{E38}\x{E01}"
      text run at (0,9700) width 26: "\x{E04}\x{E23}\x{E31}\x{E49}\x{E07}"
      text run at (0,9724) width 11: "\x{E17}\x{E35}\x{E48}"
      text run at (0,9748) width 32: "\x{E40}\x{E2A}\x{E35}\x{E22}\x{E07}"
      text run at (0,9772) width 20: "\x{E2D}\x{E31}\x{E19}"
      text run at (0,9796) width 37: "\x{E23}\x{E48}\x{E32}\x{E40}\x{E23}\x{E34}\x{E07}"
      text run at (0,9820) width 27: "\x{E02}\x{E2D}\x{E07}"
      text run at (0,9844) width 19: "\x{E42}\x{E14}"
      text run at (0,9868) width 25: "\x{E42}\x{E23}\x{E18}\x{E35}"
      text run at (0,9892) width 33: "\x{E40}\x{E02}\x{E49}\x{E32}\x{E2B}\x{E39}"
      text run at (0,9916) width 24: "\x{E40}\x{E18}\x{E2D}"
      text run at (0,9940) width 26: "\x{E41}\x{E25}\x{E30}"
      text run at (0,9964) width 24: "\x{E40}\x{E18}\x{E2D}"
      text run at (0,9988) width 23: "\x{E40}\x{E1D}\x{E49}\x{E32}"
      text run at (0,10012) width 27: "\x{E21}\x{E2D}\x{E07}"
      text run at (0,10036) width 25: "\x{E40}\x{E14}\x{E47}\x{E01}"
      text run at (0,10060) width 31: "\x{E2B}\x{E0D}\x{E34}\x{E07}"
      text run at (0,10084) width 39: "\x{E19}\x{E49}\x{E2D}\x{E22}\x{E46}"
      text run at (0,10108) width 29: "\x{E14}\x{E49}\x{E27}\x{E22}"
      text run at (0,10132) width 37: "\x{E04}\x{E27}\x{E32}\x{E21}"
      text run at (0,10156) width 63: "\x{E1B}\x{E23}\x{E30}\x{E2B}\x{E25}\x{E32}\x{E14}"
      text run at (0,10180) width 18: "\x{E43}\x{E08}"
      text run at (0,10204) width 29: "\x{E14}\x{E49}\x{E27}\x{E22}"
      text run at (0,10228) width 18: "\x{E22}\x{E31}\x{E07}"
      text run at (0,10252) width 19: "\x{E2B}\x{E32}"
      text run at (0,10276) width 31: "\x{E2D}\x{E30}\x{E44}\x{E23}"
      text run at (0,10300) width 19: "\x{E21}\x{E32}"
      text run at (0,10324) width 26: "\x{E40}\x{E1B}\x{E47}\x{E19}"
      text run at (0,10348) width 30: "\x{E40}\x{E23}\x{E37}\x{E48}\x{E2D}\x{E07}"
      text run at (0,10372) width 47: "\x{E2B}\x{E31}\x{E27}\x{E40}\x{E23}\x{E32}\x{E30}"
      text run at (0,10396) width 17: "\x{E44}\x{E14}\x{E49}"
      text run at (0,10420) width 17: "\x{E25}\x{E38}\x{E07}"
      text run at (0,10444) width 15: "\x{E40}\x{E2E}"
      text run at (0,10468) width 18: "\x{E19}\x{E23}\x{E35}"
      text run at (0,10492) width 17: "\x{E44}\x{E21}\x{E48}"
      text run at (0,10516) width 26: "\x{E40}\x{E04}\x{E22}"
      text run at (0,10540) width 47: "\x{E2B}\x{E31}\x{E27}\x{E40}\x{E23}\x{E32}\x{E30}"
      text run at (0,10564) width 17: "\x{E25}\x{E38}\x{E07}"
      text run at (0,10588) width 45: "\x{E17}\x{E33}\x{E07}\x{E32}\x{E19}"
      text run at (0,10612) width 30: "\x{E2B}\x{E19}\x{E31}\x{E01}"
      text run at (0,10636) width 27: "\x{E08}\x{E32}\x{E01}"
      text run at (0,10660) width 23: "\x{E40}\x{E0A}\x{E49}\x{E32}"
      text run at (0,10684) width 20: "\x{E22}\x{E31}\x{E19}"
      text run at (0,10708) width 19: "\x{E04}\x{E48}\x{E33}"
      text run at (0,10732) width 26: "\x{E41}\x{E25}\x{E30}"
      text run at (0,10756) width 17: "\x{E44}\x{E21}\x{E48}"
      text run at (0,10780) width 26: "\x{E40}\x{E04}\x{E22}"
      text run at (0,10804) width 26: "\x{E23}\x{E39}\x{E49}\x{E08}\x{E31}\x{E01}"
      text run at (0,10828) width 17: "\x{E27}\x{E48}\x{E32}"
      text run at (0,10852) width 37: "\x{E04}\x{E27}\x{E32}\x{E21}"
      text run at (0,10876) width 37: "\x{E23}\x{E48}\x{E32}\x{E40}\x{E23}\x{E34}\x{E07}"
      text run at (0,10900) width 20: "\x{E04}\x{E37}\x{E2D}"
      text run at (0,10924) width 31: "\x{E2D}\x{E30}\x{E44}\x{E23}"
      text run at (0,10948) width 17: "\x{E25}\x{E38}\x{E07}"
      text run at (0,10972) width 11: "\x{E14}\x{E39}"
      text run at (0,10996) width 68: "\x{E2B}\x{E21}\x{E48}\x{E19}\x{E2B}\x{E21}\x{E2D}\x{E07}"
      text run at (0,11020) width 18: "\x{E44}\x{E1B}"
      text run at (0,11044) width 31: "\x{E2B}\x{E21}\x{E14}"
      text run at (0,11068) width 38: "\x{E15}\x{E31}\x{E49}\x{E07}\x{E41}\x{E15}\x{E48}"
      text run at (0,11092) width 32: "\x{E40}\x{E04}\x{E23}\x{E32}"
      text run at (0,11116) width 27: "\x{E22}\x{E32}\x{E27}"
      text run at (0,11140) width 19: "\x{E08}\x{E19}"
      text run at (0,11164) width 19: "\x{E08}\x{E14}"
      text run at (0,11188) width 48: "\x{E23}\x{E2D}\x{E07}\x{E40}\x{E17}\x{E49}\x{E32}"
      text run at (0,11212) width 21: "\x{E1A}\x{E39}\x{E15}"
      text run at (0,11236) width 20: "\x{E2D}\x{E31}\x{E19}"
      text run at (0,11260) width 39: "\x{E2B}\x{E22}\x{E32}\x{E1A}"
      text run at (0,11284) width 27: "\x{E41}\x{E25}\x{E49}\x{E27}"
      text run at (0,11308) width 17: "\x{E25}\x{E38}\x{E07}"
      text run at (0,11332) width 10: "\x{E01}\x{E47}"
      text run at (0,11356) width 11: "\x{E14}\x{E39}"
      text run at (0,11380) width 58: "\x{E40}\x{E04}\x{E23}\x{E48}\x{E07}\x{E02}\x{E23}\x{E36}\x{E21}"
      text run at (0,11404) width 19: "\x{E19}\x{E48}\x{E32}"
      text run at (0,11428) width 30: "\x{E40}\x{E01}\x{E23}\x{E07}"
      text run at (0,11452) width 28: "\x{E02}\x{E32}\x{E21}"
      text run at (0,11476) width 17: "\x{E44}\x{E21}\x{E48}"
      text run at (0,11500) width 30: "\x{E04}\x{E48}\x{E2D}\x{E22}"
      text run at (0,11524) width 16: "\x{E08}\x{E30}"
      text run at (0,11548) width 21: "\x{E1E}\x{E39}\x{E14}"
      text run at (0,11572) width 11: "\x{E21}\x{E35}"
      text run at (0,11596) width 19: "\x{E42}\x{E15}"
      text run at (0,11620) width 19: "\x{E42}\x{E15}\x{E49}"
      text run at (0,11644) width 11: "\x{E17}\x{E35}\x{E48}"
      text run at (0,11668) width 38: "\x{E17}\x{E33}\x{E43}\x{E2B}\x{E49}"
      text run at (0,11692) width 19: "\x{E42}\x{E14}"
      text run at (0,11716) width 25: "\x{E42}\x{E23}\x{E18}\x{E35}"
      text run at (0,11740) width 47: "\x{E2B}\x{E31}\x{E27}\x{E40}\x{E23}\x{E32}\x{E30}"
      text run at (0,11764) width 17: "\x{E44}\x{E14}\x{E49}"
      text run at (0,11788) width 26: "\x{E41}\x{E25}\x{E30}"
      text run at (0,11812) width 28: "\x{E0A}\x{E48}\x{E27}\x{E22}"
      text run at (0,11836) width 24: "\x{E40}\x{E18}\x{E2D}"
      text run at (0,11860) width 19: "\x{E43}\x{E2B}\x{E49}"
      text run at (0,11884) width 21: "\x{E1E}\x{E49}\x{E19}"
      text run at (0,11908) width 27: "\x{E08}\x{E32}\x{E01}"
      text run at (0,11932) width 35: "\x{E01}\x{E32}\x{E23}\x{E01}"
      text run at (0,11956) width 28: "\x{E25}\x{E32}\x{E22}"
      text run at (0,11980) width 26: "\x{E40}\x{E1B}\x{E47}\x{E19}"
      text run at (0,12004) width 10: "\x{E2A}\x{E35}"
      text run at (0,12028) width 24: "\x{E40}\x{E17}\x{E32}"
      text run at (0,12052) width 31: "\x{E2B}\x{E21}\x{E48}\x{E19}"
      text run at (0,12076) width 45: "\x{E40}\x{E2B}\x{E21}\x{E37}\x{E2D}\x{E19}"
      text run at (0,12100) width 21: "\x{E01}\x{E31}\x{E1A}"
      text run at (0,12124) width 18: "\x{E2A}\x{E34}\x{E48}\x{E07}"
      text run at (0,12148) width 28: "\x{E23}\x{E2D}\x{E1A}"
      text run at (0,12172) width 19: "\x{E15}\x{E31}\x{E27}"
      text run at (0,12196) width 29: "\x{E2D}\x{E37}\x{E48}\x{E19}\x{E46}"
      text run at (0,12220) width 19: "\x{E42}\x{E15}"
      text run at (0,12244) width 19: "\x{E42}\x{E15}\x{E49}"
      text run at (0,12268) width 10: "\x{E2A}\x{E35}"
      text run at (0,12292) width 17: "\x{E44}\x{E21}\x{E48}"
      text run at (0,12316) width 24: "\x{E40}\x{E17}\x{E32}"
      text run at (0,12340) width 31: "\x{E2B}\x{E21}\x{E48}\x{E19}"
      text run at (0,12364) width 20: "\x{E41}\x{E15}\x{E48}"
      text run at (0,12388) width 20: "\x{E21}\x{E31}\x{E19}"
      text run at (0,12412) width 26: "\x{E40}\x{E1B}\x{E47}\x{E19}"
      text run at (0,12436) width 29: "\x{E2B}\x{E21}\x{E32}"
      text run at (0,12460) width 10: "\x{E2A}\x{E35}"
      text run at (0,12484) width 19: "\x{E14}\x{E33}"
      text run at (0,12508) width 19: "\x{E15}\x{E31}\x{E27}"
      text run at (0,12532) width 39: "\x{E19}\x{E49}\x{E2D}\x{E22}\x{E46}"
      text run at (0,12556) width 20: "\x{E02}\x{E19}"
      text run at (0,12580) width 27: "\x{E22}\x{E32}\x{E27}"
      text run at (0,12604) width 21: "\x{E1B}\x{E38}\x{E22}"
      text run at (0,12628) width 44: "\x{E23}\x{E32}\x{E27}\x{E01}\x{E31}\x{E1A}"
      text run at (0,12652) width 27: "\x{E44}\x{E2B}\x{E21}"
      text run at (0,12676) width 11: "\x{E21}\x{E35}"
      text run at (0,12700) width 19: "\x{E15}\x{E32}"
      text run at (0,12724) width 19: "\x{E14}\x{E33}"
      text run at (0,12748) width 24: "\x{E40}\x{E25}\x{E47}\x{E01}"
      text run at (0,12772) width 26: "\x{E40}\x{E1B}\x{E47}\x{E19}"
      text run at (0,12796) width 53: "\x{E1B}\x{E23}\x{E30}\x{E01}\x{E32}\x{E22}"
      text run at (0,12820) width 38: "\x{E23}\x{E37}\x{E48}\x{E19}\x{E40}\x{E23}\x{E34}\x{E07}"
      text run at (0,12844) width 20: "\x{E2D}\x{E22}\x{E39}\x{E48}"
      text run at (0,12868) width 27: "\x{E2A}\x{E2D}\x{E07}"
      text run at (0,12892) width 25: "\x{E02}\x{E49}\x{E32}\x{E07}"
      text run at (0,12916) width 29: "\x{E08}\x{E21}\x{E39}\x{E01}"
      text run at (0,12940) width 24: "\x{E40}\x{E25}\x{E47}\x{E01}"
      text run at (0,12964) width 20: "\x{E2D}\x{E31}\x{E19}"
      text run at (0,12988) width 19: "\x{E19}\x{E48}\x{E32}"
      text run at (0,13012) width 20: "\x{E02}\x{E31}\x{E19}"
      text run at (0,13036) width 27: "\x{E02}\x{E2D}\x{E07}"
      text run at (0,13060) width 20: "\x{E21}\x{E31}\x{E19}"
      text run at (0,13084) width 19: "\x{E42}\x{E15}"
      text run at (0,13108) width 19: "\x{E42}\x{E15}\x{E49}"
      text run at (0,13132) width 25: "\x{E40}\x{E25}\x{E48}\x{E19}"
      text run at (0,13156) width 18: "\x{E17}\x{E31}\x{E49}\x{E07}"
      text run at (0,13180) width 19: "\x{E27}\x{E31}\x{E19}"
      text run at (0,13204) width 26: "\x{E41}\x{E25}\x{E30}"
      text run at (0,13228) width 19: "\x{E42}\x{E14}"
      text run at (0,13252) width 25: "\x{E42}\x{E23}\x{E18}\x{E35}"
      text run at (0,13276) width 10: "\x{E01}\x{E47}"
      text run at (0,13300) width 25: "\x{E40}\x{E25}\x{E48}\x{E19}"
      text run at (0,13324) width 21: "\x{E01}\x{E31}\x{E1A}"
      text run at (0,13348) width 20: "\x{E21}\x{E31}\x{E19}"
      text run at (0,13372) width 26: "\x{E41}\x{E25}\x{E30}"
      text run at (0,13396) width 18: "\x{E23}\x{E31}\x{E01}"
      text run at (0,13420) width 20: "\x{E21}\x{E31}\x{E19}"
      text run at (0,13444) width 34: "\x{E40}\x{E2B}\x{E25}\x{E37}\x{E2D}"
      text run at (0,13468) width 25: "\x{E40}\x{E01}\x{E34}\x{E19}"
      text run at (0,13492) width 50: "\x{E2D}\x{E22}\x{E48}\x{E32}\x{E07}\x{E44}\x{E23}"
      text run at (0,13516) width 38: "\x{E01}\x{E47}\x{E15}\x{E32}\x{E21}"
      text run at (0,13540) width 19: "\x{E27}\x{E31}\x{E19}"
      text run at (0,13564) width 10: "\x{E19}\x{E35}\x{E49}"
      text run at (0,13588) width 18: "\x{E17}\x{E31}\x{E49}\x{E07}"
      text run at (0,13612) width 11: "\x{E04}\x{E39}\x{E48}"
      text run at (0,13636) width 17: "\x{E44}\x{E21}\x{E48}"
      text run at (0,13660) width 17: "\x{E44}\x{E14}\x{E49}"
      text run at (0,13684) width 25: "\x{E40}\x{E25}\x{E48}\x{E19}"
      text run at (0,13708) width 17: "\x{E25}\x{E38}\x{E07}"
      text run at (0,13732) width 15: "\x{E40}\x{E2E}"
      text run at (0,13756) width 18: "\x{E19}\x{E23}\x{E35}"
      text run at (0,13780) width 18: "\x{E19}\x{E31}\x{E48}\x{E07}"
      text run at (0,13804) width 20: "\x{E2D}\x{E22}\x{E39}\x{E48}"
      text run at (0,13828) width 11: "\x{E17}\x{E35}\x{E48}"
      text run at (0,13852) width 38: "\x{E1A}\x{E31}\x{E19}\x{E44}\x{E14}"
      text run at (0,13876) width 36: "\x{E1B}\x{E23}\x{E30}\x{E15}\x{E39}"
      text run at (0,13900) width 26: "\x{E41}\x{E25}\x{E30}"
      text run at (0,13924) width 23: "\x{E40}\x{E1D}\x{E49}\x{E32}"
      text run at (0,13948) width 35: "\x{E01}\x{E31}\x{E07}\x{E27}\x{E25}"
      text run at (0,13972) width 26: "\x{E08}\x{E49}\x{E2D}\x{E07}"
      text run at (0,13996) width 11: "\x{E14}\x{E39}"
      text run at (0,14020) width 46: "\x{E17}\x{E49}\x{E2D}\x{E07}\x{E1F}\x{E49}\x{E32}"
      text run at (0,14044) width 10: "\x{E2A}\x{E35}"
      text run at (0,14068) width 24: "\x{E40}\x{E17}\x{E32}"
      text run at (0,14092) width 31: "\x{E2B}\x{E21}\x{E48}\x{E19}"
      text run at (0,14116) width 20: "\x{E1C}\x{E34}\x{E14}"
      text run at (0,14140) width 31: "\x{E1B}\x{E01}\x{E15}\x{E34}"
      text run at (0,14164) width 19: "\x{E42}\x{E14}"
      text run at (0,14188) width 25: "\x{E42}\x{E23}\x{E18}\x{E35}"
      text run at (0,14212) width 20: "\x{E22}\x{E37}\x{E19}"
      text run at (0,14236) width 11: "\x{E17}\x{E35}\x{E48}"
      text run at (0,14260) width 36: "\x{E1B}\x{E23}\x{E30}\x{E15}\x{E39}"
      text run at (0,14284) width 29: "\x{E01}\x{E2D}\x{E14}"
      text run at (0,14308) width 19: "\x{E42}\x{E15}"
      text run at (0,14332) width 19: "\x{E42}\x{E15}\x{E49}"
      text run at (0,14356) width 15: "\x{E44}\x{E27}\x{E49}"
      text run at (0,14380) width 19: "\x{E43}\x{E19}"
      text run at (0,14404) width 29: "\x{E2D}\x{E49}\x{E2D}\x{E21}"
      text run at (0,14428) width 29: "\x{E41}\x{E02}\x{E19}"
      text run at (0,14452) width 26: "\x{E41}\x{E25}\x{E30}"
      text run at (0,14476) width 10: "\x{E01}\x{E47}"
      text run at (0,14500) width 27: "\x{E21}\x{E2D}\x{E07}"
      text run at (0,14524) width 11: "\x{E14}\x{E39}"
      text run at (0,14548) width 46: "\x{E17}\x{E49}\x{E2D}\x{E07}\x{E1F}\x{E49}\x{E32}"
      text run at (0,14572) width 20: "\x{E2D}\x{E22}\x{E39}\x{E48}"
      text run at (0,14596) width 45: "\x{E40}\x{E2B}\x{E21}\x{E37}\x{E2D}\x{E19}"
      text run at (0,14620) width 20: "\x{E01}\x{E31}\x{E19}"
      text run at (0,14644) width 19: "\x{E1B}\x{E49}\x{E32}"
      text run at (0,14668) width 15: "\x{E40}\x{E2D}\x{E47}"
      text run at (0,14692) width 28: "\x{E21}\x{E01}\x{E33}"
      text run at (0,14716) width 17: "\x{E25}\x{E31}\x{E07}"
      text run at (0,14740) width 26: "\x{E25}\x{E49}\x{E32}\x{E07}"
      text run at (0,14764) width 28: "\x{E0A}\x{E32}\x{E21}"
      text run at (0,14788) width 20: "\x{E2D}\x{E22}\x{E39}\x{E48}"
      text run at (0,14812) width 27: "\x{E08}\x{E32}\x{E01}"
      text run at (0,14836) width 29: "\x{E14}\x{E49}\x{E32}\x{E19}"
      text run at (0,14860) width 35: "\x{E40}\x{E2B}\x{E19}\x{E37}\x{E2D}"
      text run at (0,14884) width 26: "\x{E44}\x{E01}\x{E25}"
      text run at (0,14908) width 29: "\x{E2D}\x{E2D}\x{E01}"
      text run at (0,14932) width 18: "\x{E44}\x{E1B}"
      text run at (0,14956) width 11: "\x{E21}\x{E35}"
      text run at (0,14980) width 32: "\x{E40}\x{E2A}\x{E35}\x{E22}\x{E07}"
      text run at (0,15004) width 20: "\x{E25}\x{E21}"
      text run at (0,15028) width 34: "\x{E04}\x{E23}\x{E32}\x{E07}"
      text run at (0,15052) width 27: "\x{E41}\x{E1C}\x{E48}\x{E27}"
      text run at (0,15076) width 24: "\x{E40}\x{E1A}\x{E32}"
      text run at (0,15100) width 37: "\x{E44}\x{E14}\x{E49}\x{E22}\x{E34}\x{E19}"
      text run at (0,15124) width 19: "\x{E21}\x{E32}"
      text run at (0,15148) width 17: "\x{E25}\x{E38}\x{E07}"
      text run at (0,15172) width 15: "\x{E40}\x{E2E}"
      text run at (0,15196) width 18: "\x{E19}\x{E23}\x{E35}"
      text run at (0,15220) width 26: "\x{E41}\x{E25}\x{E30}"
      text run at (0,15244) width 19: "\x{E42}\x{E14}"
      text run at (0,15268) width 25: "\x{E42}\x{E23}\x{E18}\x{E35}"
      text run at (0,15292) width 26: "\x{E40}\x{E2B}\x{E47}\x{E19}"
      text run at (0,15316) width 20: "\x{E15}\x{E49}\x{E19}"
      text run at (0,15340) width 32: "\x{E2B}\x{E0D}\x{E49}\x{E32}"
      text run at (0,15364) width 18: "\x{E2A}\x{E39}\x{E07}"
      text run at (0,15388) width 25: "\x{E40}\x{E2D}\x{E19}"
      text run at (0,15412) width 26: "\x{E40}\x{E1B}\x{E47}\x{E19}"
      text run at (0,15436) width 30: "\x{E04}\x{E25}\x{E37}\x{E48}\x{E19}"
      text run at (0,15460) width 29: "\x{E01}\x{E48}\x{E2D}\x{E19}"
      text run at (0,15484) width 11: "\x{E17}\x{E35}\x{E48}"
      text run at (0,15508) width 29: "\x{E1E}\x{E32}\x{E22}\x{E38}"
      text run at (0,15532) width 16: "\x{E08}\x{E30}"
      text run at (0,15556) width 19: "\x{E21}\x{E32}"
      text run at (0,15580) width 18: "\x{E16}\x{E36}\x{E07}"
      text run at (0,15604) width 27: "\x{E41}\x{E25}\x{E49}\x{E27}"
      text run at (0,15628) width 10: "\x{E01}\x{E47}"
      text run at (0,15652) width 11: "\x{E21}\x{E35}"
      text run at (0,15676) width 32: "\x{E40}\x{E2A}\x{E35}\x{E22}\x{E07}"
      text run at (0,15700) width 29: "\x{E2B}\x{E27}\x{E35}\x{E14}"
      text run at (0,15724) width 27: "\x{E2B}\x{E27}\x{E34}\x{E27}"
      text run at (0,15748) width 43: "\x{E0A}\x{E31}\x{E14}\x{E40}\x{E08}\x{E19}"
      text run at (0,15772) width 19: "\x{E21}\x{E32}"
      text run at (0,15796) width 27: "\x{E08}\x{E32}\x{E01}"
      text run at (0,15820) width 72: "\x{E1A}\x{E23}\x{E23}\x{E22}\x{E32}\x{E01}\x{E32}\x{E28}"
      text run at (0,15844) width 26: "\x{E17}\x{E32}\x{E07}"
      text run at (0,15868) width 19: "\x{E43}\x{E15}\x{E49}"
      text run at (0,15892) width 26: "\x{E41}\x{E25}\x{E30}"
      text run at (0,15916) width 25: "\x{E40}\x{E21}\x{E37}\x{E48}\x{E2D}"
      text run at (0,15940) width 45: "\x{E40}\x{E2B}\x{E25}\x{E37}\x{E2D}\x{E1A}"
      text run at (0,15964) width 19: "\x{E15}\x{E32}"
      text run at (0,15988) width 18: "\x{E44}\x{E1B}"
      text run at (0,16012) width 26: "\x{E17}\x{E32}\x{E07}"
      text run at (0,16036) width 29: "\x{E14}\x{E49}\x{E32}\x{E19}"
      text run at (0,16060) width 20: "\x{E19}\x{E31}\x{E49}\x{E19}"
      text run at (0,16084) width 10: "\x{E01}\x{E47}"
      text run at (0,16108) width 26: "\x{E40}\x{E2B}\x{E47}\x{E19}"
      text run at (0,16132) width 30: "\x{E04}\x{E25}\x{E37}\x{E48}\x{E19}"
      text run at (0,16156) width 32: "\x{E2B}\x{E0D}\x{E49}\x{E32}"
      text run at (0,16180) width 19: "\x{E21}\x{E32}"
      text run at (0,16204) width 26: "\x{E17}\x{E32}\x{E07}"
      text run at (0,16228) width 29: "\x{E14}\x{E49}\x{E32}\x{E19}"
      text run at (0,16252) width 20: "\x{E19}\x{E31}\x{E49}\x{E19}"
      text run at (0,16276) width 29: "\x{E14}\x{E49}\x{E27}\x{E22}"
      text run at (0,16300) width 17: "\x{E25}\x{E38}\x{E07}"
      text run at (0,16324) width 15: "\x{E40}\x{E2E}"
      text run at (0,16348) width 18: "\x{E19}\x{E23}\x{E35}"
      text run at (0,16372) width 20: "\x{E1C}\x{E38}\x{E14}"
      text run at (0,16396) width 19: "\x{E25}\x{E38}\x{E01}"
      text run at (0,16420) width 20: "\x{E02}\x{E36}\x{E49}\x{E19}"
      text run at (0,16444) width 39: "\x{E17}\x{E31}\x{E19}\x{E43}\x{E14}"
      text run at (0,16468) width 26: "\"\x{E25}\x{E21}"
      text run at (0,16492) width 54: "\x{E44}\x{E0B}\x{E42}\x{E04}\x{E25}\x{E19}"
      text run at (0,16516) width 19: "\x{E21}\x{E32}"
      text run at (0,16540) width 31: "\x{E40}\x{E2D}\x{E47}\x{E21}\""
      text run at (0,16564) width 17: "\x{E25}\x{E38}\x{E07}"
      text run at (0,16588) width 25: "\x{E23}\x{E49}\x{E2D}\x{E07}"
      text run at (0,16612) width 30: "\x{E1A}\x{E2D}\x{E01}"
      text run at (0,16636) width 44: "\x{E20}\x{E23}\x{E23}\x{E22}\x{E32}"
      text run at (0,16660) width 24: "\"\x{E02}\x{E49}\x{E32}"
      text run at (0,16684) width 16: "\x{E08}\x{E30}"
      text run at (0,16708) width 18: "\x{E44}\x{E1B}"
      text run at (0,16732) width 11: "\x{E14}\x{E39}"
      text run at (0,16756) width 28: "\x{E2A}\x{E31}\x{E15}\x{E27}\x{E4C}"
      text run at (0,16780) width 32: "\x{E40}\x{E25}\x{E35}\x{E49}\x{E22}\x{E07}"
      text run at (0,16804) width 46: "\x{E2B}\x{E19}\x{E48}\x{E2D}\x{E22}\""
      text run at (0,16828) width 27: "\x{E41}\x{E25}\x{E49}\x{E27}"
      text run at (0,16852) width 17: "\x{E25}\x{E38}\x{E07}"
      text run at (0,16876) width 10: "\x{E01}\x{E47}"
      text run at (0,16900) width 16: "\x{E27}\x{E34}\x{E48}\x{E07}"
      text run at (0,16924) width 18: "\x{E44}\x{E1B}"
      text run at (0,16948) width 18: "\x{E22}\x{E31}\x{E07}"
      text run at (0,16972) width 24: "\x{E40}\x{E1E}\x{E34}\x{E07}"
      text run at (0,16996) width 11: "\x{E17}\x{E35}\x{E48}"
      text run at (0,17020) width 17: "\x{E27}\x{E31}\x{E27}"
      text run at (0,17044) width 26: "\x{E41}\x{E25}\x{E30}"
      text run at (0,17068) width 19: "\x{E21}\x{E49}\x{E32}"
      text run at (0,17092) width 38: "\x{E2D}\x{E32}\x{E28}\x{E31}\x{E22}"
      text run at (0,17116) width 20: "\x{E2D}\x{E22}\x{E39}\x{E48}"
      text run at (0,17140) width 19: "\x{E1B}\x{E49}\x{E32}"
      text run at (0,17164) width 25: "\x{E40}\x{E2D}\x{E47}\x{E21}"
      text run at (0,17188) width 30: "\x{E2B}\x{E22}\x{E38}\x{E14}"
      text run at (0,17212) width 45: "\x{E17}\x{E33}\x{E07}\x{E32}\x{E19}"
      text run at (0,17236) width 26: "\x{E41}\x{E25}\x{E30}"
      text run at (0,17260) width 19: "\x{E21}\x{E32}"
      text run at (0,17284) width 11: "\x{E17}\x{E35}\x{E48}"
      text run at (0,17308) width 36: "\x{E1B}\x{E23}\x{E30}\x{E15}\x{E39}"
      text run at (0,17332) width 34: "\x{E40}\x{E1E}\x{E35}\x{E22}\x{E07}"
      text run at (0,17356) width 46: "\x{E0A}\x{E32}\x{E22}\x{E15}\x{E32}"
      text run at (0,17380) width 27: "\x{E21}\x{E2D}\x{E07}"
      text run at (0,17404) width 19: "\x{E1B}\x{E49}\x{E32}"
      text run at (0,17428) width 10: "\x{E01}\x{E47}"
      text run at (0,17452) width 30: "\x{E1A}\x{E2D}\x{E01}"
      text run at (0,17476) width 17: "\x{E44}\x{E14}\x{E49}"
      text run at (0,17500) width 17: "\x{E27}\x{E48}\x{E32}"
      text run at (0,17524) width 55: "\x{E2D}\x{E31}\x{E19}\x{E15}\x{E23}\x{E32}\x{E22}"
      text run at (0,17548) width 19: "\x{E21}\x{E32}"
      text run at (0,17572) width 18: "\x{E16}\x{E36}\x{E07}"
      text run at (0,17596) width 27: "\x{E41}\x{E25}\x{E49}\x{E27}"
      text run at (0,17620) width 28: "\"\x{E40}\x{E23}\x{E47}\x{E27}"
      text run at (0,17644) width 19: "\x{E42}\x{E14}"
      text run at (0,17668) width 37: "\x{E42}\x{E23}\x{E18}\x{E35}!\""
      text run at (0,17692) width 19: "\x{E1B}\x{E49}\x{E32}"
      text run at (0,17716) width 45: "\x{E15}\x{E30}\x{E42}\x{E01}\x{E19}"
      text run at (0,17740) width 23: "\"\x{E27}\x{E34}\x{E48}\x{E07}"
      text run at (0,17764) width 18: "\x{E44}\x{E1B}"
      text run at (0,17788) width 27: "\x{E2B}\x{E49}\x{E2D}\x{E07}"
      text run at (0,17812) width 45: "\x{E43}\x{E15}\x{E49}\x{E16}\x{E38}\x{E19}\""
      text run at (0,17836) width 19: "\x{E42}\x{E15}"
      text run at (0,17860) width 19: "\x{E42}\x{E15}\x{E49}"
      text run at (0,17884) width 29: "\x{E1C}\x{E25}\x{E38}\x{E19}"
      text run at (0,17908) width 53: "\x{E01}\x{E23}\x{E30}\x{E42}\x{E14}\x{E14}"
      text run at (0,17932) width 17: "\x{E25}\x{E07}"
      text run at (0,17956) width 27: "\x{E08}\x{E32}\x{E01}"
      text run at (0,17980) width 29: "\x{E2D}\x{E49}\x{E2D}\x{E21}"
      text run at (0,18004) width 29: "\x{E41}\x{E02}\x{E19}"
      text run at (0,18028) width 19: "\x{E42}\x{E14}"
      text run at (0,18052) width 25: "\x{E42}\x{E23}\x{E18}\x{E35}"
      text run at (0,18076) width 27: "\x{E41}\x{E25}\x{E49}\x{E27}"
      text run at (0,18100) width 40: "\x{E40}\x{E02}\x{E49}\x{E32}\x{E44}\x{E1B}"
      text run at (0,18124) width 29: "\x{E0B}\x{E48}\x{E2D}\x{E19}"
      text run at (0,18148) width 20: "\x{E2D}\x{E22}\x{E39}\x{E48}"
      text run at (0,18172) width 19: "\x{E43}\x{E15}\x{E49}"
      text run at (0,18196) width 33: "\x{E40}\x{E15}\x{E35}\x{E22}\x{E07}"
      text run at (0,18220) width 25: "\x{E40}\x{E14}\x{E47}\x{E01}"
      text run at (0,18244) width 31: "\x{E2B}\x{E0D}\x{E34}\x{E07}"
      text run at (0,18268) width 29: "\x{E19}\x{E49}\x{E2D}\x{E22}"
      text run at (0,18292) width 40: "\x{E40}\x{E02}\x{E49}\x{E32}\x{E44}\x{E1B}"
      text run at (0,18316) width 18: "\x{E14}\x{E36}\x{E07}"
      text run at (0,18340) width 20: "\x{E21}\x{E31}\x{E19}"
      text run at (0,18364) width 29: "\x{E2D}\x{E2D}\x{E01}"
      text run at (0,18388) width 19: "\x{E21}\x{E32}"
      text run at (0,18412) width 19: "\x{E1B}\x{E49}\x{E32}"
      text run at (0,18436) width 15: "\x{E40}\x{E2D}\x{E47}"
      text run at (0,18460) width 20: "\x{E21}\x{E01}"
      text run at (0,18484) width 15: "\x{E23}\x{E30}"
      text run at (0,18508) width 28: "\x{E0A}\x{E32}\x{E01}"
      text run at (0,18532) width 18: "\x{E1D}\x{E32}"
      text run at (0,18556) width 11: "\x{E17}\x{E35}\x{E48}"
      text run at (0,18580) width 21: "\x{E1E}\x{E37}\x{E49}\x{E19}"
      text run at (0,18604) width 29: "\x{E2D}\x{E2D}\x{E01}"
      text run at (0,18628) width 35: "\x{E2D}\x{E22}\x{E48}\x{E32}\x{E07}"
      text run at (0,18652) width 19: "\x{E2D}\x{E01}"
      text run at (0,18676) width 20: "\x{E2A}\x{E31}\x{E48}\x{E19}"
      text run at (0,18700) width 31: "\x{E02}\x{E27}\x{E31}\x{E0D}"
      text run at (0,18724) width 28: "\x{E2B}\x{E32}\x{E22}"
      text run at (0,18748) width 21: "\x{E1B}\x{E35}\x{E19}"
      text run at (0,18772) width 38: "\x{E1A}\x{E31}\x{E19}\x{E44}\x{E14}"
      text run at (0,18796) width 17: "\x{E44}\x{E21}\x{E49}"
      text run at (0,18820) width 17: "\x{E25}\x{E07}"
      text run at (0,18844) width 18: "\x{E44}\x{E1B}"
      text run at (0,18868) width 19: "\x{E43}\x{E19}"
      text run at (0,18892) width 35: "\x{E42}\x{E1E}\x{E23}\x{E07}"
      text run at (0,18916) width 24: "\x{E40}\x{E25}\x{E47}\x{E01}"
      text run at (0,18940) width 20: "\x{E2D}\x{E31}\x{E19}"
      text run at (0,18964) width 21: "\x{E21}\x{E37}\x{E14}"
      text run at (0,18988) width 21: "\x{E17}\x{E36}\x{E1A}"
      text run at (0,19012) width 19: "\x{E42}\x{E14}"
      text run at (0,19036) width 25: "\x{E42}\x{E23}\x{E18}\x{E35}"
      text run at (0,19060) width 19: "\x{E08}\x{E31}\x{E1A}"
      text run at (0,19084) width 19: "\x{E42}\x{E15}"
      text run at (0,19108) width 19: "\x{E42}\x{E15}\x{E49}"
      text run at (0,19132) width 17: "\x{E44}\x{E14}\x{E49}"
      text run at (0,19156) width 19: "\x{E43}\x{E19}"
      text run at (0,19180) width 30: "\x{E17}\x{E35}\x{E48}\x{E2A}\x{E38}\x{E14}"
      text run at (0,19204) width 26: "\x{E41}\x{E25}\x{E30}"
      text run at (0,19228) width 16: "\x{E27}\x{E34}\x{E48}\x{E07}"
      text run at (0,19252) width 29: "\x{E15}\x{E32}\x{E21}"
      text run at (0,19276) width 19: "\x{E1B}\x{E49}\x{E32}"
      text run at (0,19300) width 24: "\x{E40}\x{E18}\x{E2D}"
      text run at (0,19324) width 18: "\x{E44}\x{E1B}"
      text run at (0,19348) width 25: "\x{E40}\x{E21}\x{E37}\x{E48}\x{E2D}"
      text run at (0,19372) width 24: "\x{E40}\x{E18}\x{E2D}"
      text run at (0,19396) width 19: "\x{E21}\x{E32}"
      text run at (0,19420) width 17: "\x{E44}\x{E14}\x{E49}"
      text run at (0,19444) width 26: "\x{E04}\x{E23}\x{E36}\x{E48}\x{E07}"
      text run at (0,19468) width 27: "\x{E2B}\x{E49}\x{E2D}\x{E07}"
      text run at (0,19492) width 10: "\x{E01}\x{E47}"
      text run at (0,19516) width 11: "\x{E21}\x{E35}"
      text run at (0,19540) width 32: "\x{E40}\x{E2A}\x{E35}\x{E22}\x{E07}"
      text run at (0,19564) width 29: "\x{E2B}\x{E27}\x{E35}\x{E14}"
      text run at (0,19588) width 28: "\x{E2B}\x{E27}\x{E37}\x{E2D}"
      text run at (0,19612) width 28: "\x{E2A}\x{E48}\x{E27}\x{E19}"
      text run at (0,19636) width 29: "\x{E1A}\x{E49}\x{E32}\x{E19}"
      text run at (0,19660) width 10: "\x{E01}\x{E47}"
      text run at (0,19684) width 20: "\x{E2A}\x{E31}\x{E48}\x{E19}"
      text run at (0,19708) width 35: "\x{E2D}\x{E22}\x{E48}\x{E32}\x{E07}"
      text run at (0,19732) width 25: "\x{E41}\x{E23}\x{E07}"
      text run at (0,19756) width 19: "\x{E08}\x{E19}"
      text run at (0,19780) width 24: "\x{E40}\x{E18}\x{E2D}"
      text run at (0,19804) width 20: "\x{E2B}\x{E01}"
      text run at (0,19828) width 36: "\x{E04}\x{E30}\x{E21}\x{E33}"
      text run at (0,19852) width 18: "\x{E19}\x{E31}\x{E48}\x{E07}"
      text run at (0,19876) width 41: "\x{E08}\x{E49}\x{E33}\x{E40}\x{E1A}\x{E49}\x{E32}"
      text run at (0,19900) width 20: "\x{E2D}\x{E22}\x{E39}\x{E48}"
      text run at (0,19924) width 21: "\x{E01}\x{E31}\x{E1A}"
      text run at (0,19948) width 21: "\x{E1E}\x{E37}\x{E49}\x{E19}"
      text run at (0,19972) width 27: "\x{E41}\x{E25}\x{E49}\x{E27}"
      text run at (0,19996) width 18: "\x{E2A}\x{E34}\x{E48}\x{E07}"
      text run at (0,20020) width 63: "\x{E1B}\x{E23}\x{E30}\x{E2B}\x{E25}\x{E32}\x{E14}"
      text run at (0,20044) width 10: "\x{E01}\x{E47}"
      text run at (0,20068) width 25: "\x{E40}\x{E01}\x{E34}\x{E14}"
      text run at (0,20092) width 20: "\x{E02}\x{E36}\x{E49}\x{E19}"
      text run at (0,20116) width 29: "\x{E1A}\x{E49}\x{E32}\x{E19}"
      text run at (0,20140) width 31: "\x{E2B}\x{E21}\x{E38}\x{E19}"
      text run at (0,20164) width 18: "\x{E44}\x{E1B}"
      text run at (0,20188) width 31: "\x{E2B}\x{E21}\x{E38}\x{E19}"
      text run at (0,20212) width 28: "\x{E21}\x{E32}\x{E2A}"
      text run at (0,20236) width 17: "\x{E2D}\x{E07}"
      text run at (0,20260) width 28: "\x{E2A}\x{E32}\x{E21}"
      text run at (0,20284) width 28: "\x{E23}\x{E2D}\x{E1A}"
      text run at (0,20308) width 27: "\x{E41}\x{E25}\x{E49}\x{E27}"
      text run at (0,20332) width 10: "\x{E01}\x{E47}"
      text run at (0,20356) width 29: "\x{E25}\x{E2D}\x{E22}"
      text run at (0,20380) width 20: "\x{E02}\x{E36}\x{E49}\x{E19}"
      text run at (0,20404) width 10: "\x{E2A}\x{E39}\x{E48}"
      text run at (0,20428) width 46: "\x{E2D}\x{E32}\x{E01}\x{E32}\x{E28}"
      text run at (0,20452) width 35: "\x{E2D}\x{E22}\x{E48}\x{E32}\x{E07}"
      text run at (0,20476) width 28: "\x{E0A}\x{E49}\x{E32}\x{E46}"
      text run at (0,20500) width 19: "\x{E42}\x{E14}"
      text run at (0,20524) width 16: "\x{E42}\x{E23}"
      text run at (0,20548) width 17: "\x{E18}\x{E35}\x{E23}\x{E39}\x{E49}"
      text run at (0,20572) width 20: "\x{E2A}\x{E36}\x{E01}"
      text run at (0,20596) width 44: "\x{E23}\x{E32}\x{E27}\x{E01}\x{E31}\x{E1A}"
      text run at (0,20620) width 17: "\x{E27}\x{E48}\x{E32}"
      text run at (0,20644) width 24: "\x{E40}\x{E18}\x{E2D}"
      text run at (0,20668) width 17: "\x{E44}\x{E14}\x{E49}"
      text run at (0,20692) width 20: "\x{E02}\x{E36}\x{E49}\x{E19}"
      text run at (0,20716) width 18: "\x{E44}\x{E1B}"
      text run at (0,20740) width 21: "\x{E01}\x{E31}\x{E1A}"
      text run at (0,20764) width 19: "\x{E25}\x{E39}\x{E01}"
      text run at (0,20788) width 49: "\x{E1A}\x{E2D}\x{E25}\x{E25}\x{E39}\x{E19}"
      text run at (0,20812) width 29: "\x{E1E}\x{E32}\x{E22}\x{E38}"
      text run at (0,20836) width 35: "\x{E40}\x{E2B}\x{E19}\x{E37}\x{E2D}"
      text run at (0,20860) width 21: "\x{E01}\x{E31}\x{E1A}"
      text run at (0,20884) width 29: "\x{E1E}\x{E32}\x{E22}\x{E38}"
      text run at (0,20908) width 19: "\x{E43}\x{E15}\x{E49}"
      text run at (0,20932) width 19: "\x{E21}\x{E32}"
      text run at (0,20956) width 22: "\x{E1E}\x{E1A}"
      text run at (0,20980) width 20: "\x{E01}\x{E31}\x{E19}"
      text run at (0,21004) width 26: "\x{E15}\x{E23}\x{E07}"
      text run at (0,21028) width 11: "\x{E17}\x{E35}\x{E48}"
      text run at (0,21052) width 29: "\x{E1A}\x{E49}\x{E32}\x{E19}"
      text run at (0,21076) width 31: "\x{E1E}\x{E2D}\x{E14}\x{E35}"
      text run at (0,21100) width 26: "\x{E41}\x{E25}\x{E30}"
      text run at (0,21124) width 38: "\x{E17}\x{E33}\x{E43}\x{E2B}\x{E49}"
      text run at (0,21148) width 26: "\x{E15}\x{E23}\x{E07}"
      text run at (0,21172) width 20: "\x{E19}\x{E31}\x{E49}\x{E19}"
      text run at (0,21196) width 26: "\x{E40}\x{E1B}\x{E47}\x{E19}"
      text run at (0,21220) width 83: "\x{E08}\x{E38}\x{E14}\x{E28}\x{E39}\x{E19}\x{E22}\x{E4C}\x{E01}\x{E25}\x{E32}\x{E07}"
      text run at (0,21244) width 27: "\x{E02}\x{E2D}\x{E07}"
      text run at (0,21268) width 29: "\x{E1E}\x{E32}\x{E22}\x{E38}"
      text run at (0,21292) width 54: "\x{E44}\x{E0B}\x{E42}\x{E04}\x{E25}\x{E19}"
      text run at (0,21316) width 29: "\x{E15}\x{E32}\x{E21}"
      text run at (0,21340) width 31: "\x{E1B}\x{E01}\x{E15}\x{E34}"
      text run at (0,21364) width 26: "\x{E15}\x{E23}\x{E07}"
      text run at (0,21388) width 35: "\x{E01}\x{E25}\x{E32}\x{E07}"
      text run at (0,21412) width 29: "\x{E1E}\x{E32}\x{E22}\x{E38}"
      text run at (0,21436) width 54: "\x{E44}\x{E0B}\x{E42}\x{E04}\x{E25}\x{E19}"
      text run at (0,21460) width 46: "\x{E2D}\x{E32}\x{E01}\x{E32}\x{E28}"
      text run at (0,21484) width 16: "\x{E08}\x{E30}"
      text run at (0,21508) width 18: "\x{E19}\x{E34}\x{E48}\x{E07}"
      text run at (0,21532) width 20: "\x{E41}\x{E15}\x{E48}"
      text run at (0,21556) width 37: "\x{E04}\x{E27}\x{E32}\x{E21}"
      text run at (0,21580) width 40: "\x{E01}\x{E14}\x{E14}\x{E31}\x{E19}"
      text run at (0,21604) width 35: "\x{E2D}\x{E22}\x{E48}\x{E32}\x{E07}"
      text run at (0,21628) width 30: "\x{E2B}\x{E19}\x{E31}\x{E01}"
      text run at (0,21652) width 27: "\x{E02}\x{E2D}\x{E07}"
      text run at (0,21676) width 20: "\x{E25}\x{E21}"
      text run at (0,21700) width 20: "\x{E17}\x{E38}\x{E01}"
      text run at (0,21724) width 29: "\x{E14}\x{E49}\x{E32}\x{E19}"
      text run at (0,21748) width 28: "\x{E23}\x{E2D}\x{E1A}"
      text run at (0,21772) width 29: "\x{E1A}\x{E49}\x{E32}\x{E19}"
      text run at (0,21796) width 38: "\x{E17}\x{E33}\x{E43}\x{E2B}\x{E49}"
      text run at (0,21820) width 29: "\x{E1A}\x{E49}\x{E32}\x{E19}"
      text run at (0,21844) width 29: "\x{E25}\x{E2D}\x{E22}"
      text run at (0,21868) width 18: "\x{E2A}\x{E39}\x{E07}"
      text run at (0,21892) width 29: "\x{E02}\x{E36}\x{E49}\x{E19}\x{E46}"
      text run at (0,21916) width 19: "\x{E08}\x{E19}"
      text run at (0,21940) width 42: "\x{E01}\x{E23}\x{E30}\x{E17}\x{E31}\x{E48}\x{E07}"
      text run at (0,21964) width 20: "\x{E02}\x{E36}\x{E49}\x{E19}"
      text run at (0,21988) width 18: "\x{E44}\x{E1B}"
      text run at (0,22012) width 20: "\x{E2D}\x{E22}\x{E39}\x{E48}"
      text run at (0,22036) width 20: "\x{E2A}\x{E38}\x{E14}"
      text run at (0,22060) width 30: "\x{E22}\x{E2D}\x{E14}"
      text run at (0,22084) width 27: "\x{E02}\x{E2D}\x{E07}"
      text run at (0,22108) width 29: "\x{E1E}\x{E32}\x{E22}\x{E38}"
      text run at (0,22132) width 54: "\x{E44}\x{E0B}\x{E42}\x{E04}\x{E25}\x{E19}"
      text run at (0,22156) width 26: "\x{E41}\x{E25}\x{E30}"
      text run at (0,22180) width 27: "\x{E08}\x{E32}\x{E01}"
      text run at (0,22204) width 26: "\x{E15}\x{E23}\x{E07}"
      text run at (0,22228) width 20: "\x{E19}\x{E31}\x{E49}\x{E19}"
      text run at (0,22252) width 10: "\x{E01}\x{E47}"
      text run at (0,22276) width 20: "\x{E16}\x{E39}\x{E01}"
      text run at (0,22300) width 30: "\x{E2B}\x{E2D}\x{E1A}"
      text run at (0,22324) width 18: "\x{E44}\x{E1B}"
      text run at (0,22348) width 38: "\x{E2B}\x{E25}\x{E32}\x{E22}"
      text run at (0,22372) width 27: "\x{E44}\x{E21}\x{E25}\x{E4C}"
      text run at (0,22396) width 54: "\x{E07}\x{E48}\x{E32}\x{E22}\x{E14}\x{E32}\x{E22}"
      text run at (0,22420) width 44: "\x{E23}\x{E32}\x{E27}\x{E01}\x{E31}\x{E1A}"
      text run at (0,22444) width 30: "\x{E2B}\x{E2D}\x{E1A}"
      text run at (0,22468) width 20: "\x{E02}\x{E19}"
      text run at (0,22492) width 20: "\x{E19}\x{E01}"
      text run at (0,22516) width 21: "\x{E21}\x{E37}\x{E14}"
      text run at (0,22540) width 28: "\x{E21}\x{E32}\x{E01}"
      text run at (0,22564) width 27: "\x{E41}\x{E25}\x{E49}\x{E27}"
      text run at (0,22588) width 20: "\x{E25}\x{E21}"
      text run at (0,22612) width 18: "\x{E22}\x{E31}\x{E07}"
      text run at (0,22636) width 18: "\x{E2A}\x{E48}\x{E07}"
      text run at (0,22660) width 32: "\x{E40}\x{E2A}\x{E35}\x{E22}\x{E07}"
      text run at (0,22684) width 29: "\x{E2B}\x{E27}\x{E35}\x{E14}"
      text run at (0,22708) width 28: "\x{E2B}\x{E27}\x{E37}\x{E2D}"
      text run at (0,22732) width 19: "\x{E19}\x{E48}\x{E32}"
      text run at (0,22756) width 28: "\x{E01}\x{E25}\x{E31}\x{E27}"
      text run at (0,22780) width 20: "\x{E2D}\x{E22}\x{E39}\x{E48}"
      text run at (0,22804) width 28: "\x{E23}\x{E2D}\x{E1A}"
      text run at (0,22828) width 19: "\x{E15}\x{E31}\x{E27}"
      text run at (0,22852) width 24: "\x{E40}\x{E18}\x{E2D}"
      text run at (0,22876) width 20: "\x{E41}\x{E15}\x{E48}"
      text run at (0,22900) width 19: "\x{E42}\x{E14}"
      text run at (0,22924) width 25: "\x{E42}\x{E23}\x{E18}\x{E35}"
      text run at (0,22948) width 26: "\x{E40}\x{E2B}\x{E47}\x{E19}"
      text run at (0,22972) width 17: "\x{E27}\x{E48}\x{E32}"
      text run at (0,22996) width 24: "\x{E40}\x{E18}\x{E2D}"
      text run at (0,23020) width 54: "\x{E2A}\x{E32}\x{E21}\x{E32}\x{E23}\x{E16}"
      text run at (0,23044) width 18: "\x{E19}\x{E31}\x{E48}\x{E07}"
      text run at (0,23068) width 18: "\x{E44}\x{E1B}"
      text run at (0,23092) width 17: "\x{E44}\x{E14}\x{E49}"
      text run at (0,23116) width 35: "\x{E2D}\x{E22}\x{E48}\x{E32}\x{E07}"
      text run at (0,23140) width 54: "\x{E07}\x{E48}\x{E32}\x{E22}\x{E14}\x{E32}\x{E22}"
      text run at (0,23164) width 20: "\x{E19}\x{E31}\x{E01}"
      text run at (0,23188) width 26: "\x{E04}\x{E23}\x{E31}\x{E49}\x{E07}"
      text run at (0,23212) width 28: "\x{E2B}\x{E19}\x{E36}\x{E48}\x{E07}"
      text run at (0,23236) width 28: "\x{E2B}\x{E25}\x{E31}\x{E07}"
      text run at (0,23260) width 27: "\x{E08}\x{E32}\x{E01}"
      text run at (0,23284) width 11: "\x{E17}\x{E35}\x{E48}"
      text run at (0,23308) width 29: "\x{E1A}\x{E49}\x{E32}\x{E19}"
      text run at (0,23332) width 37: "\x{E2A}\x{E30}\x{E14}\x{E38}\x{E14}"
      text run at (0,23356) width 35: "\x{E2D}\x{E22}\x{E48}\x{E32}\x{E07}"
      text run at (0,23380) width 25: "\x{E41}\x{E23}\x{E07}"
      text run at (0,23404) width 26: "\x{E41}\x{E25}\x{E30}"
      text run at (0,23428) width 31: "\x{E2B}\x{E21}\x{E38}\x{E19}"
      text run at (0,23452) width 18: "\x{E44}\x{E1B}"
      text run at (0,23476) width 37: "\x{E23}\x{E2D}\x{E1A}\x{E46}"
      text run at (0,23500) width 27: "\x{E2A}\x{E2D}\x{E07}"
      text run at (0,23524) width 28: "\x{E2A}\x{E32}\x{E21}"
      text run at (0,23548) width 26: "\x{E04}\x{E23}\x{E31}\x{E49}\x{E07}"
      text run at (0,23572) width 19: "\x{E43}\x{E19}"
      text run at (0,23596) width 30: "\x{E15}\x{E2D}\x{E19}"
      text run at (0,23620) width 27: "\x{E41}\x{E23}\x{E01}"
      text run at (0,23644) width 24: "\x{E40}\x{E18}\x{E2D}"
      text run at (0,23668) width 10: "\x{E01}\x{E47}"
      text run at (0,23692) width 27: "\x{E23}\x{E39}\x{E49}\x{E2A}\x{E36}\x{E01}"
      text run at (0,23716) width 17: "\x{E27}\x{E48}\x{E32}"
      text run at (0,23740) width 19: "\x{E15}\x{E31}\x{E27}"
      text run at (0,23764) width 22: "\x{E40}\x{E2D}\x{E07}"
      text run at (0,23788) width 20: "\x{E16}\x{E39}\x{E01}"
      text run at (0,23812) width 35: "\x{E41}\x{E01}\x{E27}\x{E48}\x{E07}"
      text run at (0,23836) width 35: "\x{E2D}\x{E22}\x{E48}\x{E32}\x{E07}"
      text run at (0,23860) width 27: "\x{E41}\x{E1C}\x{E48}\x{E27}"
      text run at (0,23884) width 24: "\x{E40}\x{E1A}\x{E32}"
      text run at (0,23908) width 24: "\x{E23}\x{E32}\x{E27}"
      text run at (0,23932) width 36: "\x{E17}\x{E32}\x{E23}\x{E01}"
      text run at (0,23956) width 19: "\x{E43}\x{E19}"
      text run at (0,23980) width 25: "\x{E40}\x{E1B}\x{E25}"
      text run at (0,24004) width 19: "\x{E42}\x{E15}"
      text run at (0,24028) width 19: "\x{E42}\x{E15}\x{E49}"
      text run at (0,24052) width 17: "\x{E44}\x{E21}\x{E48}"
      text run at (0,24076) width 47: "\x{E0A}\x{E2D}\x{E1A}\x{E43}\x{E08}"
      text run at (0,24100) width 25: "\x{E40}\x{E25}\x{E22}"
      text run at (0,24124) width 20: "\x{E21}\x{E31}\x{E19}"
      text run at (0,24148) width 16: "\x{E27}\x{E34}\x{E48}\x{E07}"
      text run at (0,24172) width 18: "\x{E44}\x{E1B}"
      text run at (0,24196) width 16: "\x{E27}\x{E34}\x{E48}\x{E07}"
      text run at (0,24220) width 26: "\x{E21}\x{E32}\x{E23}"
      text run at (0,24244) width 20: "\x{E2D}\x{E1A}"
      text run at (0,24268) width 27: "\x{E2B}\x{E49}\x{E2D}\x{E07}"
      text run at (0,24292) width 26: "\x{E17}\x{E32}\x{E07}"
      text run at (0,24316) width 28: "\x{E42}\x{E19}\x{E49}\x{E19}"
      text run at (0,24340) width 11: "\x{E17}\x{E35}"
      text run at (0,24364) width 26: "\x{E17}\x{E32}\x{E07}"
      text run at (0,24388) width 10: "\x{E19}\x{E35}\x{E49}"
      text run at (0,24412) width 11: "\x{E17}\x{E35}"
      text run at (0,24436) width 18: "\x{E2A}\x{E48}\x{E07}"
      text run at (0,24460) width 32: "\x{E40}\x{E2A}\x{E35}\x{E22}\x{E07}"
      text run at (0,24484) width 24: "\x{E40}\x{E2B}\x{E48}\x{E32}"
      text run at (0,24508) width 18: "\x{E14}\x{E31}\x{E07}"
      text run at (0,24532) width 27: "\x{E01}\x{E49}\x{E2D}\x{E07}"
      text run at (0,24556) width 20: "\x{E41}\x{E15}\x{E48}"
      text run at (0,24580) width 19: "\x{E42}\x{E14}"
      text run at (0,24604) width 25: "\x{E42}\x{E23}\x{E18}\x{E35}"
      text run at (0,24628) width 18: "\x{E19}\x{E31}\x{E48}\x{E07}"
      text run at (0,24652) width 18: "\x{E19}\x{E34}\x{E48}\x{E07}"
      text run at (0,24676) width 20: "\x{E2D}\x{E22}\x{E39}\x{E48}"
      text run at (0,24700) width 21: "\x{E1A}\x{E19}"
      text run at (0,24724) width 21: "\x{E1E}\x{E37}\x{E49}\x{E19}"
      text run at (0,24748) width 23: "\x{E40}\x{E1D}\x{E49}\x{E32}"
      text run at (0,24772) width 30: "\x{E04}\x{E2D}\x{E22}"
      text run at (0,24796) width 11: "\x{E14}\x{E39}"
      text run at (0,24820) width 17: "\x{E27}\x{E48}\x{E32}"
      text run at (0,24844) width 16: "\x{E08}\x{E30}"
      text run at (0,24868) width 25: "\x{E40}\x{E01}\x{E34}\x{E14}"
      text run at (0,24892) width 31: "\x{E2D}\x{E30}\x{E44}\x{E23}"
      text run at (0,24916) width 20: "\x{E02}\x{E36}\x{E49}\x{E19}"
      text run at (0,24940) width 26: "\x{E04}\x{E23}\x{E31}\x{E49}\x{E07}"
      text run at (0,24964) width 28: "\x{E2B}\x{E19}\x{E36}\x{E48}\x{E07}"
      text run at (0,24988) width 19: "\x{E42}\x{E15}"
      text run at (0,25012) width 19: "\x{E42}\x{E15}\x{E49}"
      text run at (0,25036) width 40: "\x{E40}\x{E02}\x{E49}\x{E32}\x{E44}\x{E1B}"
      text run at (0,25060) width 28: "\x{E43}\x{E01}\x{E25}\x{E49}"
      text run at (0,25084) width 18: "\x{E1D}\x{E32}"
      text run at (0,25108) width 11: "\x{E17}\x{E35}\x{E48}"
      text run at (0,25132) width 21: "\x{E1E}\x{E37}\x{E49}\x{E19}"
      text run at (0,25156) width 28: "\x{E21}\x{E32}\x{E01}"
      text run at (0,25180) width 18: "\x{E44}\x{E1B}"
      text run at (0,25204) width 25: "\x{E40}\x{E25}\x{E22}"
      text run at (0,25228) width 31: "\x{E1E}\x{E25}\x{E31}\x{E14}"
      text run at (0,25252) width 37: "\x{E15}\x{E01}\x{E25}\x{E07}"
      text run at (0,25276) width 18: "\x{E44}\x{E1B}"
      text run at (0,25300) width 11: "\x{E17}\x{E35}"
      text run at (0,25324) width 27: "\x{E41}\x{E23}\x{E01}"
      text run at (0,25348) width 25: "\x{E40}\x{E14}\x{E47}\x{E01}"
      text run at (0,25372) width 31: "\x{E2B}\x{E0D}\x{E34}\x{E07}"
      text run at (0,25396) width 21: "\x{E04}\x{E34}\x{E14}"
      text run at (0,25420) width 17: "\x{E27}\x{E48}\x{E32}"
      text run at (0,25444) width 24: "\x{E40}\x{E18}\x{E2D}"
      text run at (0,25468) width 16: "\x{E08}\x{E30}"
      text run at (0,25492) width 23: "\x{E2A}\x{E39}\x{E0D}"
      text run at (0,25516) width 25: "\x{E40}\x{E2A}\x{E35}\x{E22}"
      text run at (0,25540) width 20: "\x{E21}\x{E31}\x{E19}"
      text run at (0,25564) width 18: "\x{E44}\x{E1B}"
      text run at (0,25588) width 25: "\x{E40}\x{E2A}\x{E35}\x{E22}"
      text run at (0,25612) width 27: "\x{E41}\x{E25}\x{E49}\x{E27}"
      text run at (0,25636) width 20: "\x{E41}\x{E15}\x{E48}"
      text run at (0,25660) width 18: "\x{E0A}\x{E31}\x{E48}\x{E27}"
      text run at (0,25684) width 18: "\x{E04}\x{E23}\x{E39}\x{E48}"
      text run at (0,25708) width 24: "\x{E40}\x{E18}\x{E2D}"
      text run at (0,25732) width 10: "\x{E01}\x{E47}"
      text run at (0,25756) width 26: "\x{E40}\x{E2B}\x{E47}\x{E19}"
      text run at (0,25780) width 11: "\x{E2B}\x{E39}"
      text run at (0,25804) width 27: "\x{E02}\x{E2D}\x{E07}"
      text run at (0,25828) width 20: "\x{E21}\x{E31}\x{E19}"
      text run at (0,25852) width 28: "\x{E42}\x{E1C}\x{E25}\x{E48}"
      text run at (0,25876) width 20: "\x{E02}\x{E36}\x{E49}\x{E19}"
      text run at (0,25900) width 19: "\x{E21}\x{E32}"
      text run at (0,25924) width 27: "\x{E08}\x{E32}\x{E01}"
      text run at (0,25948) width 27: "\x{E0A}\x{E48}\x{E2D}\x{E07}"
      text run at (0,25972) width 20: "\x{E19}\x{E31}\x{E49}\x{E19}"
      text run at (0,25996) width 28: "\x{E17}\x{E31}\x{E49}\x{E07}\x{E19}\x{E35}\x{E49}"
      text run at (0,26020) width 39: "\x{E40}\x{E1E}\x{E23}\x{E32}\x{E30}"
      text run at (0,26044) width 25: "\x{E41}\x{E23}\x{E07}"
      text run at (0,26068) width 20: "\x{E01}\x{E14}"
      text run at (0,26092) width 35: "\x{E2D}\x{E22}\x{E48}\x{E32}\x{E07}"
      text run at (0,26116) width 30: "\x{E2B}\x{E19}\x{E31}\x{E01}"
      text run at (0,26140) width 27: "\x{E02}\x{E2D}\x{E07}"
      text run at (0,26164) width 46: "\x{E2D}\x{E32}\x{E01}\x{E32}\x{E28}"
      text run at (0,26188) width 38: "\x{E17}\x{E33}\x{E43}\x{E2B}\x{E49}"
      text run at (0,26212) width 19: "\x{E42}\x{E15}"
      text run at (0,26236) width 19: "\x{E42}\x{E15}\x{E49}"
      text run at (0,26260) width 17: "\x{E44}\x{E21}\x{E48}"
      text run at (0,26284) width 37: "\x{E15}\x{E01}\x{E25}\x{E07}"
      text run at (0,26308) width 18: "\x{E44}\x{E1B}"
      text run at (0,26332) width 25: "\x{E02}\x{E49}\x{E32}\x{E07}"
      text run at (0,26356) width 26: "\x{E25}\x{E48}\x{E32}\x{E07}"
      text run at (0,26380) width 19: "\x{E42}\x{E14}"
      text run at (0,26404) width 25: "\x{E42}\x{E23}\x{E18}\x{E35}"
      text run at (0,26428) width 38: "\x{E04}\x{E25}\x{E32}\x{E19}"
      text run at (0,26452) width 18: "\x{E44}\x{E1B}"
      text run at (0,26476) width 11: "\x{E17}\x{E35}\x{E48}"
      text run at (0,26500) width 27: "\x{E0A}\x{E48}\x{E2D}\x{E07}"
      text run at (0,26524) width 20: "\x{E19}\x{E31}\x{E49}\x{E19}"
      text run at (0,26548) width 19: "\x{E08}\x{E31}\x{E1A}"
      text run at (0,26572) width 11: "\x{E2B}\x{E39}"
      text run at (0,26596) width 19: "\x{E42}\x{E15}"
      text run at (0,26620) width 19: "\x{E42}\x{E15}\x{E49}"
      text run at (0,26644) width 15: "\x{E44}\x{E27}\x{E49}"
      text run at (0,26668) width 17: "\x{E44}\x{E14}\x{E49}"
      text run at (0,26692) width 26: "\x{E41}\x{E25}\x{E30}"
      text run at (0,26716) width 28: "\x{E25}\x{E32}\x{E01}"
      text run at (0,26740) width 20: "\x{E21}\x{E31}\x{E19}"
      text run at (0,26764) width 19: "\x{E21}\x{E32}"
      text run at (0,26788) width 11: "\x{E17}\x{E35}\x{E48}"
      text run at (0,26812) width 27: "\x{E2B}\x{E49}\x{E2D}\x{E07}"
      text run at (0,26836) width 19: "\x{E2D}\x{E35}\x{E01}"
      text run at (0,26860) width 28: "\x{E2B}\x{E25}\x{E31}\x{E07}"
      text run at (0,26884) width 27: "\x{E08}\x{E32}\x{E01}"
      text run at (0,26908) width 20: "\x{E19}\x{E31}\x{E49}\x{E19}"
      text run at (0,26932) width 10: "\x{E01}\x{E47}"
      text run at (0,26956) width 21: "\x{E1B}\x{E34}\x{E14}"
      text run at (0,26980) width 18: "\x{E1D}\x{E32}"
      text run at (0,27004) width 21: "\x{E1E}\x{E37}\x{E49}\x{E19}"
      text run at (0,27028) width 26: "\x{E40}\x{E1E}\x{E37}\x{E48}\x{E2D}"
      text run at (0,27052) width 16: "\x{E08}\x{E30}"
      text run at (0,27076) width 17: "\x{E44}\x{E14}\x{E49}"
      text run at (0,27100) width 17: "\x{E44}\x{E21}\x{E48}"
      text run at (0,27124) width 25: "\x{E40}\x{E01}\x{E34}\x{E14}"
      text run at (0,27148) width 55: "\x{E2D}\x{E38}\x{E1A}\x{E31}\x{E15}\x{E34}\x{E40}\x{E2B}\x{E15}\x{E38}"
      text run at (0,27172) width 19: "\x{E2D}\x{E35}\x{E01}"
      text run at (0,27196) width 44: "\x{E0A}\x{E31}\x{E48}\x{E27}\x{E42}\x{E21}\x{E07}"
      text run at (0,27220) width 27: "\x{E41}\x{E25}\x{E49}\x{E27}"
      text run at (0,27244) width 44: "\x{E0A}\x{E31}\x{E48}\x{E27}\x{E42}\x{E21}\x{E07}"
      text run at (0,27268) width 23: "\x{E40}\x{E25}\x{E48}\x{E32}"
      text run at (0,27292) width 28: "\x{E1C}\x{E48}\x{E32}\x{E19}"
      text run at (0,27316) width 18: "\x{E44}\x{E1B}"
      text run at (0,27340) width 19: "\x{E42}\x{E14}"
      text run at (0,27364) width 25: "\x{E42}\x{E23}\x{E18}\x{E35}"
      text run at (0,27388) width 39: "\x{E04}\x{E48}\x{E2D}\x{E22}\x{E46}"
      text run at (0,27412) width 28: "\x{E2B}\x{E32}\x{E22}"
      text run at (0,27436) width 28: "\x{E01}\x{E25}\x{E31}\x{E27}"
      text run at (0,27460) width 20: "\x{E41}\x{E15}\x{E48}"
      text run at (0,27484) width 24: "\x{E40}\x{E18}\x{E2D}"
      text run at (0,27508) width 27: "\x{E23}\x{E39}\x{E49}\x{E2A}\x{E36}\x{E01}"
      text run at (0,27532) width 31: "\x{E40}\x{E2B}\x{E07}\x{E32}"
      text run at (0,27556) width 34: "\x{E40}\x{E2B}\x{E25}\x{E37}\x{E2D}"
      text run at (0,27580) width 25: "\x{E40}\x{E01}\x{E34}\x{E19}"
      text run at (0,27604) width 26: "\x{E41}\x{E25}\x{E30}"
      text run at (0,27628) width 20: "\x{E25}\x{E21}"
      text run at (0,27652) width 10: "\x{E01}\x{E47}"
      text run at (0,27676) width 18: "\x{E2A}\x{E48}\x{E07}"
      text run at (0,27700) width 32: "\x{E40}\x{E2A}\x{E35}\x{E22}\x{E07}"
      text run at (0,27724) width 29: "\x{E2B}\x{E27}\x{E35}\x{E14}"
      text run at (0,27748) width 28: "\x{E2B}\x{E27}\x{E37}\x{E2D}"
      text run at (0,27772) width 18: "\x{E14}\x{E31}\x{E07}"
      text run at (0,27796) width 25: "\x{E40}\x{E2A}\x{E35}\x{E22}"
      text run at (0,27820) width 19: "\x{E08}\x{E19}"
      text run at (0,27844) width 24: "\x{E40}\x{E18}\x{E2D}"
      text run at (0,27868) width 30: "\x{E41}\x{E17}\x{E1A}"
      text run at (0,27892) width 16: "\x{E08}\x{E30}"
      text run at (0,27916) width 11: "\x{E2B}\x{E39}"
      text run at (0,27940) width 38: "\x{E2B}\x{E19}\x{E27}\x{E01}"
      text run at (0,27964) width 11: "\x{E17}\x{E35}"
      text run at (0,27988) width 27: "\x{E41}\x{E23}\x{E01}"
      text run at (0,28012) width 24: "\x{E40}\x{E18}\x{E2D}"
      text run at (0,28036) width 37: "\x{E2A}\x{E07}\x{E2A}\x{E31}\x{E22}"
      text run at (0,28060) width 17: "\x{E27}\x{E48}\x{E32}"
      text run at (0,28084) width 34: "\x{E04}\x{E07}\x{E08}\x{E30}"
      text run at (0,28108) width 20: "\x{E16}\x{E39}\x{E01}"
      text run at (0,28132) width 20: "\x{E09}\x{E35}\x{E01}"
      text run at (0,28156) width 52: "\x{E01}\x{E23}\x{E30}\x{E0A}\x{E32}\x{E01}"
      text run at (0,28180) width 29: "\x{E2D}\x{E2D}\x{E01}"
      text run at (0,28204) width 26: "\x{E40}\x{E1B}\x{E47}\x{E19}"
      text run at (0,28228) width 20: "\x{E0A}\x{E34}\x{E49}\x{E19}"
      text run at (0,28252) width 24: "\x{E40}\x{E25}\x{E47}\x{E01}"
      text run at (0,28276) width 20: "\x{E0A}\x{E34}\x{E49}\x{E19}"
      text run at (0,28300) width 29: "\x{E19}\x{E49}\x{E2D}\x{E22}"
      text run at (0,28324) width 25: "\x{E40}\x{E21}\x{E37}\x{E48}\x{E2D}"
      text run at (0,28348) width 29: "\x{E1A}\x{E49}\x{E32}\x{E19}"
      text run at (0,28372) width 25: "\x{E40}\x{E2D}\x{E19}"
      text run at (0,28396) width 20: "\x{E25}\x{E49}\x{E21}"
      text run at (0,28420) width 17: "\x{E25}\x{E07}"
      text run at (0,28444) width 19: "\x{E2D}\x{E35}\x{E01}"
      text run at (0,28468) width 26: "\x{E04}\x{E23}\x{E31}\x{E49}\x{E07}"
      text run at (0,28492) width 20: "\x{E41}\x{E15}\x{E48}"
      text run at (0,28516) width 38: "\x{E2B}\x{E25}\x{E32}\x{E22}"
      text run at (0,28540) width 44: "\x{E0A}\x{E31}\x{E48}\x{E27}\x{E42}\x{E21}\x{E07}"
      text run at (0,28564) width 28: "\x{E1C}\x{E48}\x{E32}\x{E19}"
      text run at (0,28588) width 18: "\x{E44}\x{E1B}"
      text run at (0,28612) width 10: "\x{E01}\x{E47}"
      text run at (0,28636) width 27: "\x{E44}\x{E21}\x{E48}\x{E21}\x{E35}"
      text run at (0,28660) width 31: "\x{E2D}\x{E30}\x{E44}\x{E23}"
      text run at (0,28684) width 25: "\x{E40}\x{E01}\x{E34}\x{E14}"
      text run at (0,28708) width 20: "\x{E02}\x{E36}\x{E49}\x{E19}"
      text run at (0,28732) width 24: "\x{E40}\x{E18}\x{E2D}"
      text run at (0,28756) width 25: "\x{E40}\x{E25}\x{E22}"
      text run at (0,28780) width 24: "\x{E40}\x{E25}\x{E34}\x{E01}"
      text run at (0,28804) width 28: "\x{E27}\x{E34}\x{E15}\x{E01}"
      text run at (0,28828) width 26: "\x{E41}\x{E25}\x{E30}"
      text run at (0,28852) width 40: "\x{E15}\x{E31}\x{E14}\x{E2A}\x{E34}\x{E19}"
      text run at (0,28876) width 18: "\x{E43}\x{E08}"
      text run at (0,28900) width 30: "\x{E04}\x{E2D}\x{E22}"
      text run at (0,28924) width 11: "\x{E14}\x{E39}"
      text run at (0,28948) width 35: "\x{E2D}\x{E22}\x{E48}\x{E32}\x{E07}"
      text run at (0,28972) width 28: "\x{E2A}\x{E07}\x{E1A}"
      text run at (0,28996) width 26: "\x{E41}\x{E25}\x{E30}"
      text run at (0,29020) width 17: "\x{E23}\x{E2D}"
      text run at (0,29044) width 17: "\x{E27}\x{E48}\x{E32}"
      text run at (0,29068) width 48: "\x{E2D}\x{E19}\x{E32}\x{E04}\x{E15}"
      text run at (0,29092) width 16: "\x{E08}\x{E30}"
      text run at (0,29116) width 26: "\x{E40}\x{E1B}\x{E47}\x{E19}"
      text run at (0,29140) width 50: "\x{E2D}\x{E22}\x{E48}\x{E32}\x{E07}\x{E44}\x{E23}"
      text run at (0,29164) width 19: "\x{E43}\x{E19}"
      text run at (0,29188) width 30: "\x{E17}\x{E35}\x{E48}\x{E2A}\x{E38}\x{E14}"
      text run at (0,29212) width 24: "\x{E40}\x{E18}\x{E2D}"
      text run at (0,29236) width 38: "\x{E04}\x{E25}\x{E32}\x{E19}"
      text run at (0,29260) width 27: "\x{E08}\x{E32}\x{E01}"
      text run at (0,29284) width 21: "\x{E1E}\x{E37}\x{E49}\x{E19}"
      text run at (0,29308) width 27: "\x{E2B}\x{E49}\x{E2D}\x{E07}"
      text run at (0,29332) width 11: "\x{E17}\x{E35}\x{E48}"
      text run at (0,29356) width 28: "\x{E42}\x{E22}\x{E01}"
      text run at (0,29380) width 18: "\x{E44}\x{E1B}"
      text run at (0,29404) width 19: "\x{E21}\x{E32}"
      text run at (0,29428) width 20: "\x{E02}\x{E36}\x{E49}\x{E19}"
      text run at (0,29452) width 18: "\x{E44}\x{E1B}"
      text run at (0,29476) width 21: "\x{E1A}\x{E19}"
      text run at (0,29500) width 33: "\x{E40}\x{E15}\x{E35}\x{E22}\x{E07}"
      text run at (0,29524) width 27: "\x{E41}\x{E25}\x{E49}\x{E27}"
      text run at (0,29548) width 10: "\x{E01}\x{E47}"
      text run at (0,29572) width 30: "\x{E19}\x{E2D}\x{E19}"
      text run at (0,29596) width 17: "\x{E25}\x{E07}"
      text run at (0,29620) width 19: "\x{E42}\x{E15}"
      text run at (0,29644) width 19: "\x{E42}\x{E15}\x{E49}"
      text run at (0,29668) width 29: "\x{E15}\x{E32}\x{E21}"
      text run at (0,29692) width 21: "\x{E15}\x{E34}\x{E14}"
      text run at (0,29716) width 19: "\x{E21}\x{E32}"
      text run at (0,29740) width 30: "\x{E19}\x{E2D}\x{E19}"
      text run at (0,29764) width 17: "\x{E25}\x{E07}"
      text run at (0,29788) width 38: "\x{E43}\x{E01}\x{E25}\x{E49}\x{E46}"
      text run at (0,29812) width 24: "\x{E40}\x{E18}\x{E2D}"
      text run at (0,29836) width 17: "\x{E44}\x{E21}\x{E48}"
      text run at (0,29860) width 18: "\x{E0A}\x{E49}\x{E32}"
      text run at (0,29884) width 19: "\x{E42}\x{E14}"
      text run at (0,29908) width 25: "\x{E42}\x{E23}\x{E18}\x{E35}"
      text run at (0,29932) width 10: "\x{E01}\x{E47}"
      text run at (0,29956) width 21: "\x{E1B}\x{E34}\x{E14}"
      text run at (0,29980) width 19: "\x{E15}\x{E32}"
      text run at (0,30004) width 17: "\x{E25}\x{E07}"
      text run at (0,30028) width 30: "\x{E2B}\x{E25}\x{E31}\x{E1A}"
      text run at (0,30052) width 38: "\x{E1C}\x{E25}\x{E47}\x{E2D}\x{E22}"
      text run at (0,30076) width 18: "\x{E44}\x{E1B}"
      text run at (0,30100) width 35: "\x{E2D}\x{E22}\x{E48}\x{E32}\x{E07}"
      text run at (0,30124) width 30: "\x{E2A}\x{E19}\x{E34}\x{E17}"
      text run at (0,30148) width 28: "\x{E17}\x{E31}\x{E49}\x{E07}\x{E46}"
      text run at (0,30172) width 11: "\x{E17}\x{E35}\x{E48}"
      text run at (0,30196) width 29: "\x{E1A}\x{E49}\x{E32}\x{E19}"
      text run at (0,30220) width 28: "\x{E42}\x{E22}\x{E01}"
      text run at (0,30244) width 18: "\x{E44}\x{E1B}"
      text run at (0,30268) width 19: "\x{E21}\x{E32}"
      text run at (0,30292) width 26: "\x{E41}\x{E25}\x{E30}"
      text run at (0,30316) width 20: "\x{E25}\x{E21}"
      text run at (0,30340) width 10: "\x{E01}\x{E47}"
      text run at (0,30364) width 34: "\x{E04}\x{E23}\x{E32}\x{E07}"
      text run at (0,30388) width 29: "\x{E2B}\x{E27}\x{E35}\x{E14}"
      text run at (0,30412) width 28: "\x{E2B}\x{E27}\x{E37}\x{E2D}"
layer at (480,104) size 1x31972
  RenderBlock (positioned) {DIV} at (480,104) size 1x31972
    RenderText {#text} at (0,4) size 72x31967
      text run at (0,4) width 21: "\x{E1A}\x{E17}"
      text run at (0,28) width 11: "\x{E17}\x{E35}\x{E48}"
      text run at (0,52) width 10: "\x{E51}"
      text run at (0,76) width 29: "\x{E1E}\x{E32}\x{E22}\x{E38}"
      text run at (0,100) width 54: "\x{E44}\x{E0B}\x{E42}\x{E04}\x{E25}\x{E19}"
      text run at (0,124) width 19: "\x{E42}\x{E14}"
      text run at (0,148) width 25: "\x{E42}\x{E23}\x{E18}\x{E35}"
      text run at (0,172) width 38: "\x{E2D}\x{E32}\x{E28}\x{E31}\x{E22}"
      text run at (0,196) width 20: "\x{E2D}\x{E22}\x{E39}\x{E48}"
      text run at (0,220) width 29: "\x{E17}\x{E48}\x{E32}\x{E21}"
      text run at (0,244) width 35: "\x{E01}\x{E25}\x{E32}\x{E07}"
      text run at (0,268) width 18: "\x{E17}\x{E38}\x{E48}\x{E07}"
      text run at (0,292) width 33: "\x{E43}\x{E2B}\x{E0D}\x{E48}"
      text run at (0,316) width 19: "\x{E43}\x{E19}"
      text run at (0,340) width 49: "\x{E41}\x{E04}\x{E19}\x{E0B}\x{E31}\x{E2A}"
      text run at (0,364) width 21: "\x{E01}\x{E31}\x{E1A}"
      text run at (0,388) width 17: "\x{E25}\x{E38}\x{E07}"
      text run at (0,412) width 15: "\x{E40}\x{E2E}"
      text run at (0,436) width 18: "\x{E19}\x{E23}\x{E35}"
      text run at (0,460) width 26: "\x{E0A}\x{E32}\x{E27}"
      text run at (0,484) width 15: "\x{E44}\x{E23}\x{E48}"
      text run at (0,508) width 26: "\x{E41}\x{E25}\x{E30}"
      text run at (0,532) width 19: "\x{E1B}\x{E49}\x{E32}"
      text run at (0,556) width 25: "\x{E40}\x{E2D}\x{E47}\x{E21}"
      text run at (0,580) width 44: "\x{E20}\x{E23}\x{E23}\x{E22}\x{E32}"
      text run at (0,604) width 41: "\x{E0A}\x{E32}\x{E27}\x{E44}\x{E23}\x{E48}"
      text run at (0,628) width 29: "\x{E1A}\x{E49}\x{E32}\x{E19}"
      text run at (0,652) width 27: "\x{E02}\x{E2D}\x{E07}"
      text run at (0,676) width 29: "\x{E1E}\x{E27}\x{E01}"
      text run at (0,700) width 23: "\x{E40}\x{E02}\x{E32}"
      text run at (0,724) width 28: "\x{E2B}\x{E25}\x{E31}\x{E07}"
      text run at (0,748) width 24: "\x{E40}\x{E25}\x{E47}\x{E01}"
      text run at (0,772) width 39: "\x{E40}\x{E1E}\x{E23}\x{E32}\x{E30}"
      text run at (0,796) width 17: "\x{E44}\x{E21}\x{E49}"
      text run at (0,820) width 33: "\x{E2A}\x{E23}\x{E49}\x{E32}\x{E07}"
      text run at (0,844) width 29: "\x{E1A}\x{E49}\x{E32}\x{E19}"
      text run at (0,868) width 27: "\x{E15}\x{E49}\x{E2D}\x{E07}"
      text run at (0,892) width 20: "\x{E02}\x{E19}"
      text run at (0,916) width 19: "\x{E21}\x{E32}"
      text run at (0,940) width 29: "\x{E14}\x{E49}\x{E27}\x{E22}"
      text run at (0,964) width 43: "\x{E40}\x{E01}\x{E27}\x{E35}\x{E22}\x{E19}"
      text run at (0,988) width 26: "\x{E40}\x{E1B}\x{E47}\x{E19}"
      text run at (0,1012) width 32: "\x{E23}\x{E30}\x{E22}\x{E30}"
      text run at (0,1036) width 26: "\x{E17}\x{E32}\x{E07}"
      text run at (0,1060) width 38: "\x{E2B}\x{E25}\x{E32}\x{E22}"
      text run at (0,1084) width 27: "\x{E44}\x{E21}\x{E25}\x{E4C}"
      text run at (0,1108) width 29: "\x{E1A}\x{E49}\x{E32}\x{E19}"
      text run at (0,1132) width 11: "\x{E21}\x{E35}"
      text run at (0,1156) width 10: "\x{E2A}\x{E35}\x{E48}"
      text run at (0,1180) width 18: "\x{E1D}\x{E32}"
      text run at (0,1204) width 11: "\x{E21}\x{E35}"
      text run at (0,1228) width 21: "\x{E1E}\x{E37}\x{E49}\x{E19}"
      text run at (0,1252) width 21: "\x{E01}\x{E31}\x{E1A}"
      text run at (0,1276) width 46: "\x{E2B}\x{E25}\x{E31}\x{E07}\x{E04}\x{E32}"
      text run at (0,1300) width 26: "\x{E23}\x{E27}\x{E21}"
      text run at (0,1324) width 19: "\x{E17}\x{E33}"
      text run at (0,1348) width 26: "\x{E40}\x{E1B}\x{E47}\x{E19}"
      text run at (0,1372) width 27: "\x{E2B}\x{E49}\x{E2D}\x{E07}"
      text run at (0,1396) width 34: "\x{E40}\x{E14}\x{E35}\x{E22}\x{E27}"
      text run at (0,1420) width 19: "\x{E43}\x{E19}"
      text run at (0,1444) width 27: "\x{E2B}\x{E49}\x{E2D}\x{E07}"
      text run at (0,1468) width 11: "\x{E21}\x{E35}"
      text run at (0,1492) width 18: "\x{E17}\x{E31}\x{E49}\x{E07}"
      text run at (0,1516) width 24: "\x{E40}\x{E15}\x{E32}"
      text run at (0,1540) width 18: "\x{E2B}\x{E38}\x{E07}"
      text run at (0,1564) width 21: "\x{E15}\x{E49}\x{E21}"
      text run at (0,1588) width 11: "\x{E17}\x{E35}\x{E48}"
      text run at (0,1612) width 30: "\x{E2A}\x{E19}\x{E34}\x{E21}"
      text run at (0,1636) width 11: "\x{E14}\x{E39}"
      text run at (0,1660) width 20: "\x{E02}\x{E36}\x{E49}\x{E19}"
      text run at (0,1684) width 31: "\x{E40}\x{E25}\x{E2D}\x{E30}"
      text run at (0,1708) width 11: "\x{E21}\x{E35}"
      text run at (0,1732) width 11: "\x{E15}\x{E39}\x{E49}"
      text run at (0,1756) width 19: "\x{E43}\x{E2A}\x{E48}"
      text run at (0,1780) width 28: "\x{E16}\x{E49}\x{E27}\x{E22}"
      text run at (0,1804) width 28: "\x{E0A}\x{E32}\x{E21}"
      text run at (0,1828) width 26: "\x{E42}\x{E15}\x{E4A}\x{E30}"
      text run at (0,1852) width 33: "\x{E40}\x{E01}\x{E49}\x{E32}\x{E2D}\x{E35}\x{E49}"
      text run at (0,1876) width 28: "\x{E2A}\x{E32}\x{E21}"
      text run at (0,1900) width 28: "\x{E2B}\x{E23}\x{E37}\x{E2D}"
      text run at (0,1924) width 10: "\x{E2A}\x{E35}\x{E48}"
      text run at (0,1948) width 19: "\x{E15}\x{E31}\x{E27}"
      text run at (0,1972) width 27: "\x{E41}\x{E25}\x{E49}\x{E27}"
      text run at (0,1996) width 10: "\x{E01}\x{E47}"
      text run at (0,2020) width 11: "\x{E21}\x{E35}"
      text run at (0,2044) width 33: "\x{E40}\x{E15}\x{E35}\x{E22}\x{E07}"
      text run at (0,2068) width 30: "\x{E19}\x{E2D}\x{E19}"
      text run at (0,2092) width 17: "\x{E25}\x{E38}\x{E07}"
      text run at (0,2116) width 15: "\x{E40}\x{E2E}"
      text run at (0,2140) width 18: "\x{E19}\x{E23}\x{E35}"
      text run at (0,2164) width 21: "\x{E01}\x{E31}\x{E1A}"
      text run at (0,2188) width 19: "\x{E1B}\x{E49}\x{E32}"
      text run at (0,2212) width 25: "\x{E40}\x{E2D}\x{E47}\x{E21}"
      text run at (0,2236) width 11: "\x{E21}\x{E35}"
      text run at (0,2260) width 33: "\x{E40}\x{E15}\x{E35}\x{E22}\x{E07}"
      text run at (0,2284) width 30: "\x{E19}\x{E2D}\x{E19}"
      text run at (0,2308) width 33: "\x{E43}\x{E2B}\x{E0D}\x{E48}"
      text run at (0,2332) width 20: "\x{E2D}\x{E22}\x{E39}\x{E48}"
      text run at (0,2356) width 11: "\x{E17}\x{E35}\x{E48}"
      text run at (0,2380) width 21: "\x{E21}\x{E38}\x{E21}"
      text run at (0,2404) width 28: "\x{E2B}\x{E19}\x{E36}\x{E48}\x{E07}"
      text run at (0,2428) width 28: "\x{E2A}\x{E48}\x{E27}\x{E19}"
      text run at (0,2452) width 19: "\x{E42}\x{E14}"
      text run at (0,2476) width 25: "\x{E42}\x{E23}\x{E18}\x{E35}"
      text run at (0,2500) width 11: "\x{E21}\x{E35}"
      text run at (0,2524) width 33: "\x{E40}\x{E15}\x{E35}\x{E22}\x{E07}"
      text run at (0,2548) width 24: "\x{E40}\x{E25}\x{E47}\x{E01}"
      text run at (0,2572) width 19: "\x{E2D}\x{E35}\x{E01}"
      text run at (0,2596) width 11: "\x{E17}\x{E35}\x{E48}"
      text run at (0,2620) width 21: "\x{E21}\x{E38}\x{E21}"
      text run at (0,2644) width 28: "\x{E2B}\x{E19}\x{E36}\x{E48}\x{E07}"
      text run at (0,2668) width 17: "\x{E44}\x{E21}\x{E48}"
      text run at (0,2692) width 11: "\x{E21}\x{E35}"
      text run at (0,2716) width 27: "\x{E2B}\x{E49}\x{E2D}\x{E07}"
      text run at (0,2740) width 19: "\x{E43}\x{E15}\x{E49}"
      text run at (0,2764) width 44: "\x{E40}\x{E1E}\x{E14}\x{E32}\x{E19}"
      text run at (0,2788) width 25: "\x{E40}\x{E25}\x{E22}"
      text run at (0,2812) width 27: "\x{E2B}\x{E49}\x{E2D}\x{E07}"
      text run at (0,2836) width 39: "\x{E43}\x{E15}\x{E49}\x{E16}\x{E38}\x{E19}"
      text run at (0,2860) width 10: "\x{E01}\x{E47}"
      text run at (0,2884) width 17: "\x{E44}\x{E21}\x{E48}"
      text run at (0,2908) width 11: "\x{E21}\x{E35}"
      text run at (0,2932) width 24: "\x{E40}\x{E27}\x{E49}\x{E19}"
      text run at (0,2956) width 20: "\x{E41}\x{E15}\x{E48}"
      text run at (0,2980) width 11: "\x{E21}\x{E35}"
      text run at (0,3004) width 35: "\x{E42}\x{E1E}\x{E23}\x{E07}"
      text run at (0,3028) width 34: "\x{E40}\x{E25}\x{E47}\x{E01}\x{E46}"
      text run at (0,3052) width 11: "\x{E17}\x{E35}\x{E48}"
      text run at (0,3076) width 20: "\x{E02}\x{E38}\x{E14}"
      text run at (0,3100) width 18: "\x{E44}\x{E1B}"
      text run at (0,3124) width 19: "\x{E43}\x{E15}\x{E49}"
      text run at (0,3148) width 21: "\x{E1E}\x{E37}\x{E49}\x{E19}"
      text run at (0,3172) width 33: "\x{E40}\x{E23}\x{E35}\x{E22}\x{E01}"
      text run at (0,3196) width 17: "\x{E27}\x{E48}\x{E32}"
      text run at (0,3216) width 7: "\""
      text run at (0,3240) width 35: "\x{E42}\x{E1E}\x{E23}\x{E07}"
      text run at (0,3264) width 54: "\x{E44}\x{E0B}\x{E42}\x{E04}\x{E25}\x{E19}"
      text run at (0,3284) width 7: "\""
      text run at (0,3308) width 26: "\x{E40}\x{E1B}\x{E47}\x{E19}"
      text run at (0,3332) width 11: "\x{E17}\x{E35}\x{E48}"
      text run at (0,3356) width 64: "\x{E04}\x{E23}\x{E2D}\x{E1A}\x{E04}\x{E23}\x{E31}\x{E27}"
      text run at (0,3380) width 10: "\x{E19}\x{E35}\x{E49}"
      text run at (0,3404) width 16: "\x{E08}\x{E30}"
      text run at (0,3428) width 21: "\x{E21}\x{E38}\x{E14}"
      text run at (0,3452) width 23: "\x{E40}\x{E02}\x{E49}\x{E32}"
      text run at (0,3476) width 18: "\x{E44}\x{E1B}"
      text run at (0,3500) width 25: "\x{E40}\x{E21}\x{E37}\x{E48}\x{E2D}"
      text run at (0,3524) width 25: "\x{E40}\x{E01}\x{E34}\x{E14}"
      text run at (0,3548) width 20: "\x{E25}\x{E21}"
      text run at (0,3572) width 29: "\x{E21}\x{E2B}\x{E32}"
      text run at (0,3596) width 21: "\x{E20}\x{E31}\x{E22}"
      text run at (0,3620) width 18: "\x{E0B}\x{E36}\x{E48}\x{E07}"
      text run at (0,3644) width 52: "\x{E01}\x{E23}\x{E30}\x{E42}\x{E0A}\x{E01}"
      text run at (0,3668) width 25: "\x{E41}\x{E23}\x{E07}"
      text run at (0,3692) width 19: "\x{E08}\x{E19}"
      text run at (0,3716) width 21: "\x{E1A}\x{E14}"
      text run at (0,3740) width 19: "\x{E02}\x{E22}\x{E35}\x{E49}"
      text run at (0,3764) width 18: "\x{E2A}\x{E34}\x{E48}\x{E07}"
      text run at (0,3788) width 19: "\x{E01}\x{E48}\x{E2D}"
      text run at (0,3812) width 33: "\x{E2A}\x{E23}\x{E49}\x{E32}\x{E07}"
      text run at (0,3836) width 19: "\x{E43}\x{E14}"
      text run at (0,3860) width 10: "\x{E46}"
      text run at (0,3884) width 11: "\x{E17}\x{E35}\x{E48}"
      text run at (0,3908) width 34: "\x{E02}\x{E27}\x{E32}\x{E07}"
      text run at (0,3932) width 26: "\x{E17}\x{E32}\x{E07}"
      text run at (0,3956) width 20: "\x{E21}\x{E31}\x{E19}"
      text run at (0,3980) width 17: "\x{E44}\x{E14}\x{E49}"
      text run at (0,4004) width 26: "\x{E15}\x{E23}\x{E07}"
      text run at (0,4028) width 35: "\x{E01}\x{E25}\x{E32}\x{E07}"
      text run at (0,4052) width 21: "\x{E1E}\x{E37}\x{E49}\x{E19}"
      text run at (0,4076) width 11: "\x{E21}\x{E35}"
      text run at (0,4100) width 18: "\x{E1D}\x{E32}"
      text run at (0,4124) width 26: "\x{E40}\x{E1B}\x{E34}\x{E14}"
      text run at (0,4148) width 23: "\x{E40}\x{E02}\x{E49}\x{E32}"
      text run at (0,4172) width 18: "\x{E44}\x{E1B}"
      text run at (0,4196) width 27: "\x{E08}\x{E32}\x{E01}"
      text run at (0,4220) width 20: "\x{E19}\x{E31}\x{E49}\x{E19}"
      text run at (0,4244) width 11: "\x{E21}\x{E35}"
      text run at (0,4268) width 38: "\x{E1A}\x{E31}\x{E19}\x{E44}\x{E14}"
      text run at (0,4292) width 17: "\x{E25}\x{E07}"
      text run at (0,4316) width 18: "\x{E44}\x{E1B}"
      text run at (0,4340) width 18: "\x{E16}\x{E36}\x{E07}"
      text run at (0,4364) width 35: "\x{E42}\x{E1E}\x{E23}\x{E07}"
      text run at (0,4388) width 21: "\x{E21}\x{E37}\x{E14}"
      text run at (0,4412) width 24: "\x{E40}\x{E25}\x{E47}\x{E01}"
      text run at (0,4436) width 10: "\x{E46}"
      text run at (0,4460) width 25: "\x{E40}\x{E21}\x{E37}\x{E48}\x{E2D}"
      text run at (0,4484) width 19: "\x{E42}\x{E14}"
      text run at (0,4508) width 25: "\x{E42}\x{E23}\x{E18}\x{E35}"
      text run at (0,4532) width 20: "\x{E22}\x{E37}\x{E19}"
      text run at (0,4556) width 11: "\x{E17}\x{E35}\x{E48}"
      text run at (0,4580) width 29: "\x{E1B}\x{E32}\x{E01}"
      text run at (0,4604) width 36: "\x{E1B}\x{E23}\x{E30}\x{E15}\x{E39}"
      text run at (0,4628) width 26: "\x{E41}\x{E25}\x{E30}"
      text run at (0,4652) width 27: "\x{E21}\x{E2D}\x{E07}"
      text run at (0,4676) width 18: "\x{E44}\x{E1B}"
      text run at (0,4700) width 28: "\x{E23}\x{E2D}\x{E1A}"
      text run at (0,4724) width 10: "\x{E46}"
      text run at (0,4748) width 24: "\x{E40}\x{E18}\x{E2D}"
      text run at (0,4772) width 17: "\x{E44}\x{E21}\x{E48}"
      text run at (0,4796) width 26: "\x{E40}\x{E2B}\x{E47}\x{E19}"
      text run at (0,4820) width 31: "\x{E2D}\x{E30}\x{E44}\x{E23}"
      text run at (0,4844) width 29: "\x{E19}\x{E2D}\x{E01}"
      text run at (0,4868) width 27: "\x{E08}\x{E32}\x{E01}"
      text run at (0,4892) width 27: "\x{E17}\x{E49}\x{E2D}\x{E07}"
      text run at (0,4916) width 18: "\x{E17}\x{E38}\x{E48}\x{E07}"
      text run at (0,4940) width 34: "\x{E01}\x{E27}\x{E49}\x{E32}\x{E07}"
      text run at (0,4964) width 10: "\x{E2A}\x{E35}"
      text run at (0,4988) width 24: "\x{E40}\x{E17}\x{E32}"
      text run at (0,5012) width 31: "\x{E2B}\x{E21}\x{E48}\x{E19}"
      text run at (0,5036) width 19: "\x{E17}\x{E31}\x{E48}\x{E27}"
      text run at (0,5060) width 20: "\x{E17}\x{E38}\x{E01}"
      text run at (0,5084) width 29: "\x{E14}\x{E49}\x{E32}\x{E19}"
      text run at (0,5108) width 17: "\x{E44}\x{E21}\x{E48}"
      text run at (0,5132) width 11: "\x{E21}\x{E35}"
      text run at (0,5156) width 20: "\x{E41}\x{E21}\x{E49}"
      text run at (0,5180) width 37: "\x{E15}\x{E49}\x{E19}\x{E44}\x{E21}\x{E49}"
      text run at (0,5204) width 20: "\x{E2A}\x{E31}\x{E01}"
      text run at (0,5228) width 20: "\x{E15}\x{E49}\x{E19}"
      text run at (0,5252) width 28: "\x{E2B}\x{E23}\x{E37}\x{E2D}"
      text run at (0,5276) width 29: "\x{E1A}\x{E49}\x{E32}\x{E19}"
      text run at (0,5300) width 20: "\x{E2A}\x{E31}\x{E01}"
      text run at (0,5324) width 28: "\x{E2B}\x{E25}\x{E31}\x{E07}"
      text run at (0,5348) width 11: "\x{E17}\x{E35}\x{E48}"
      text run at (0,5372) width 28: "\x{E42}\x{E1C}\x{E25}\x{E48}"
      text run at (0,5396) width 21: "\x{E1E}\x{E49}\x{E19}"
      text run at (0,5420) width 21: "\x{E20}\x{E39}\x{E21}\x{E34}"
      text run at (0,5444) width 51: "\x{E1B}\x{E23}\x{E30}\x{E40}\x{E17}\x{E28}"
      text run at (0,5468) width 20: "\x{E2D}\x{E31}\x{E19}"
      text run at (0,5492) width 27: "\x{E23}\x{E32}\x{E1A}"
      text run at (0,5516) width 33: "\x{E40}\x{E23}\x{E35}\x{E22}\x{E1A}"
      text run at (0,5540) width 19: "\x{E41}\x{E1C}\x{E48}"
      text run at (0,5564) width 18: "\x{E44}\x{E1B}"
      text run at (0,5588) width 26: "\x{E44}\x{E01}\x{E25}"
      text run at (0,5612) width 19: "\x{E08}\x{E19}"
      text run at (0,5636) width 19: "\x{E08}\x{E14}"
      text run at (0,5660) width 29: "\x{E02}\x{E2D}\x{E1A}"
      text run at (0,5684) width 19: "\x{E1F}\x{E49}\x{E32}"
      text run at (0,5708) width 19: "\x{E17}\x{E31}\x{E48}\x{E27}"
      text run at (0,5732) width 20: "\x{E17}\x{E38}\x{E01}"
      text run at (0,5756) width 21: "\x{E17}\x{E34}\x{E28}"
      text run at (0,5780) width 26: "\x{E14}\x{E27}\x{E07}"
      text run at (0,5804) width 36: "\x{E15}\x{E30}\x{E27}\x{E31}\x{E19}"
      text run at (0,5828) width 23: "\x{E40}\x{E1C}\x{E32}"
      text run at (0,5852) width 20: "\x{E1C}\x{E37}\x{E19}"
      text run at (0,5876) width 20: "\x{E14}\x{E34}\x{E19}"
      text run at (0,5900) width 11: "\x{E17}\x{E35}\x{E48}"
      text run at (0,5924) width 17: "\x{E44}\x{E16}"
      text run at (0,5948) width 27: "\x{E41}\x{E25}\x{E49}\x{E27}"
      text run at (0,5972) width 19: "\x{E08}\x{E19}"
      text run at (0,5996) width 37: "\x{E01}\x{E25}\x{E32}\x{E22}"
      text run at (0,6020) width 26: "\x{E40}\x{E1B}\x{E47}\x{E19}"
      text run at (0,6044) width 29: "\x{E41}\x{E1C}\x{E48}\x{E19}"
      text run at (0,6068) width 39: "\x{E21}\x{E2B}\x{E36}\x{E21}\x{E32}"
      text run at (0,6092) width 10: "\x{E2A}\x{E35}"
      text run at (0,6116) width 19: "\x{E14}\x{E33}"
      text run at (0,6140) width 11: "\x{E21}\x{E35}"
      text run at (0,6164) width 27: "\x{E23}\x{E2D}\x{E22}"
      text run at (0,6188) width 29: "\x{E41}\x{E15}\x{E01}"
      text run at (0,6212) width 42: "\x{E23}\x{E30}\x{E41}\x{E2B}\x{E07}"
      text run at (0,6236) width 20: "\x{E2D}\x{E22}\x{E39}\x{E48}"
      text run at (0,6260) width 39: "\x{E15}\x{E25}\x{E2D}\x{E14}"
      text run at (0,6284) width 39: "\x{E41}\x{E21}\x{E49}\x{E41}\x{E15}\x{E48}"
      text run at (0,6308) width 32: "\x{E2B}\x{E0D}\x{E49}\x{E32}"
      text run at (0,6332) width 10: "\x{E01}\x{E47}"
      text run at (0,6356) width 17: "\x{E44}\x{E21}\x{E48}"
      text run at (0,6380) width 33: "\x{E40}\x{E02}\x{E35}\x{E22}\x{E27}"
      text run at (0,6404) width 39: "\x{E40}\x{E1E}\x{E23}\x{E32}\x{E30}"
      text run at (0,6428) width 26: "\x{E14}\x{E27}\x{E07}"
      text run at (0,6452) width 36: "\x{E15}\x{E30}\x{E27}\x{E31}\x{E19}"
      text run at (0,6476) width 23: "\x{E40}\x{E1C}\x{E32}"
      text run at (0,6500) width 30: "\x{E22}\x{E2D}\x{E14}"
      text run at (0,6524) width 20: "\x{E43}\x{E1A}"
      text run at (0,6548) width 27: "\x{E22}\x{E32}\x{E27}"
      text run at (0,6572) width 25: "\x{E40}\x{E2A}\x{E35}\x{E22}"
      text run at (0,6596) width 19: "\x{E08}\x{E19}"
      text run at (0,6620) width 26: "\x{E40}\x{E1B}\x{E47}\x{E19}"
      text run at (0,6644) width 10: "\x{E2A}\x{E35}"
      text run at (0,6668) width 24: "\x{E40}\x{E17}\x{E32}"
      text run at (0,6692) width 31: "\x{E2B}\x{E21}\x{E48}\x{E19}"
      text run at (0,6716) width 27: "\x{E21}\x{E2D}\x{E07}"
      text run at (0,6740) width 26: "\x{E40}\x{E2B}\x{E47}\x{E19}"
      text run at (0,6764) width 20: "\x{E2D}\x{E22}\x{E39}\x{E48}"
      text run at (0,6788) width 19: "\x{E17}\x{E31}\x{E48}\x{E27}"
      text run at (0,6812) width 18: "\x{E44}\x{E1B}"
      text run at (0,6836) width 26: "\x{E04}\x{E23}\x{E31}\x{E49}\x{E07}"
      text run at (0,6860) width 28: "\x{E2B}\x{E19}\x{E36}\x{E48}\x{E07}"
      text run at (0,6884) width 26: "\x{E40}\x{E04}\x{E22}"
      text run at (0,6908) width 19: "\x{E17}\x{E32}"
      text run at (0,6932) width 10: "\x{E2A}\x{E35}"
      text run at (0,6956) width 29: "\x{E1A}\x{E49}\x{E32}\x{E19}"
      text run at (0,6980) width 23: "\x{E40}\x{E2D}\x{E32}"
      text run at (0,7004) width 15: "\x{E44}\x{E27}\x{E49}"
      text run at (0,7028) width 20: "\x{E41}\x{E15}\x{E48}"
      text run at (0,7052) width 10: "\x{E01}\x{E47}"
      text run at (0,7076) width 20: "\x{E16}\x{E39}\x{E01}"
      text run at (0,7100) width 26: "\x{E14}\x{E27}\x{E07}"
      text run at (0,7124) width 36: "\x{E15}\x{E30}\x{E27}\x{E31}\x{E19}"
      text run at (0,7148) width 23: "\x{E40}\x{E1C}\x{E32}"
      text run at (0,7172) width 25: "\x{E40}\x{E2A}\x{E35}\x{E22}"
      text run at (0,7196) width 19: "\x{E08}\x{E19}"
      text run at (0,7220) width 10: "\x{E2A}\x{E35}"
      text run at (0,7244) width 28: "\x{E1E}\x{E2D}\x{E07}"
      text run at (0,7268) width 27: "\x{E41}\x{E25}\x{E49}\x{E27}"
      text run at (0,7292) width 20: "\x{E1D}\x{E19}"
      text run at (0,7316) width 10: "\x{E01}\x{E47}"
      text run at (0,7340) width 17: "\x{E0A}\x{E30}"
      text run at (0,7364) width 20: "\x{E21}\x{E31}\x{E19}"
      text run at (0,7388) width 30: "\x{E2B}\x{E25}\x{E38}\x{E14}"
      text run at (0,7412) width 18: "\x{E44}\x{E1B}"
      text run at (0,7436) width 19: "\x{E08}\x{E19}"
      text run at (0,7460) width 31: "\x{E2B}\x{E21}\x{E14}"
      text run at (0,7484) width 26: "\x{E41}\x{E25}\x{E30}"
      text run at (0,7508) width 30: "\x{E15}\x{E2D}\x{E19}"
      text run at (0,7532) width 10: "\x{E19}\x{E35}\x{E49}"
      text run at (0,7556) width 29: "\x{E1A}\x{E49}\x{E32}\x{E19}"
      text run at (0,7580) width 17: "\x{E08}\x{E36}\x{E07}"
      text run at (0,7604) width 11: "\x{E14}\x{E39}"
      text run at (0,7628) width 68: "\x{E2B}\x{E21}\x{E48}\x{E19}\x{E2B}\x{E21}\x{E2D}\x{E07}"
      text run at (0,7652) width 26: "\x{E40}\x{E1B}\x{E47}\x{E19}"
      text run at (0,7676) width 10: "\x{E2A}\x{E35}"
      text run at (0,7700) width 24: "\x{E40}\x{E17}\x{E32}"
      text run at (0,7724) width 45: "\x{E40}\x{E2B}\x{E21}\x{E37}\x{E2D}\x{E19}"
      text run at (0,7748) width 18: "\x{E2A}\x{E34}\x{E48}\x{E07}"
      text run at (0,7772) width 20: "\x{E2D}\x{E37}\x{E48}\x{E19}"
      text run at (0,7796) width 10: "\x{E46}"
      text run at (0,7820) width 29: "\x{E14}\x{E49}\x{E27}\x{E22}"
      text run at (0,7844) width 30: "\x{E15}\x{E2D}\x{E19}"
      text run at (0,7868) width 11: "\x{E17}\x{E35}\x{E48}"
      text run at (0,7892) width 19: "\x{E1B}\x{E49}\x{E32}"
      text run at (0,7916) width 25: "\x{E40}\x{E2D}\x{E47}\x{E21}"
      text run at (0,7940) width 28: "\x{E22}\x{E49}\x{E32}\x{E22}"
      text run at (0,7964) width 19: "\x{E21}\x{E32}"
      text run at (0,7988) width 20: "\x{E2D}\x{E22}\x{E39}\x{E48}"
      text run at (0,8012) width 11: "\x{E17}\x{E35}\x{E48}"
      text run at (0,8036) width 10: "\x{E19}\x{E35}\x{E48}"
      text run at (0,8060) width 24: "\x{E40}\x{E18}\x{E2D}"
      text run at (0,8084) width 18: "\x{E22}\x{E31}\x{E07}"
      text run at (0,8108) width 26: "\x{E2A}\x{E32}\x{E27}"
      text run at (0,8132) width 26: "\x{E40}\x{E1B}\x{E47}\x{E19}"
      text run at (0,8156) width 44: "\x{E20}\x{E23}\x{E23}\x{E22}\x{E32}"
      text run at (0,8180) width 11: "\x{E17}\x{E35}\x{E48}"
      text run at (0,8204) width 44: "\x{E07}\x{E14}\x{E07}\x{E32}\x{E21}"
      text run at (0,8228) width 27: "\x{E41}\x{E25}\x{E49}\x{E27}"
      text run at (0,8252) width 30: "\x{E41}\x{E14}\x{E14}"
      text run at (0,8276) width 26: "\x{E41}\x{E25}\x{E30}"
      text run at (0,8300) width 20: "\x{E25}\x{E21}"
      text run at (0,8324) width 10: "\x{E01}\x{E47}"
      text run at (0,8348) width 17: "\x{E44}\x{E14}\x{E49}"
      text run at (0,8372) width 45: "\x{E40}\x{E1B}\x{E25}\x{E35}\x{E48}\x{E22}\x{E19}"
      text run at (0,8396) width 24: "\x{E40}\x{E18}\x{E2D}"
      text run at (0,8420) width 18: "\x{E44}\x{E1B}"
      text run at (0,8444) width 23: "\x{E40}\x{E2D}\x{E32}"
      text run at (0,8468) width 53: "\x{E1B}\x{E23}\x{E30}\x{E01}\x{E32}\x{E22}"
      text run at (0,8492) width 18: "\x{E44}\x{E1B}"
      text run at (0,8516) width 27: "\x{E08}\x{E32}\x{E01}"
      text run at (0,8540) width 45: "\x{E14}\x{E27}\x{E07}\x{E15}\x{E32}"
      text run at (0,8564) width 24: "\x{E40}\x{E18}\x{E2D}"
      text run at (0,8588) width 39: "\x{E1B}\x{E25}\x{E48}\x{E2D}\x{E22}"
      text run at (0,8612) width 15: "\x{E44}\x{E27}\x{E49}"
      text run at (0,8636) width 20: "\x{E41}\x{E15}\x{E48}"
      text run at (0,8660) width 37: "\x{E04}\x{E27}\x{E32}\x{E21}"
      text run at (0,8684) width 29: "\x{E2A}\x{E38}\x{E02}\x{E38}\x{E21}"
      text run at (0,8708) width 35: "\x{E2D}\x{E22}\x{E48}\x{E32}\x{E07}"
      text run at (0,8732) width 68: "\x{E2B}\x{E21}\x{E48}\x{E19}\x{E2B}\x{E21}\x{E2D}\x{E07}"
      text run at (0,8756) width 23: "\x{E40}\x{E2D}\x{E32}"
      text run at (0,8780) width 10: "\x{E2A}\x{E35}"
      text run at (0,8804) width 27: "\x{E41}\x{E14}\x{E07}"
      text run at (0,8828) width 27: "\x{E08}\x{E32}\x{E01}"
      text run at (0,8852) width 29: "\x{E41}\x{E01}\x{E49}\x{E21}"
      text run at (0,8876) width 26: "\x{E41}\x{E25}\x{E30}"
      text run at (0,8900) width 18: "\x{E23}\x{E34}\x{E21}"
      text run at (0,8924) width 38: "\x{E1D}\x{E35}\x{E1B}\x{E32}\x{E01}"
      text run at (0,8948) width 24: "\x{E40}\x{E18}\x{E2D}"
      text run at (0,8972) width 18: "\x{E44}\x{E1B}"
      text run at (0,8996) width 37: "\x{E01}\x{E25}\x{E32}\x{E22}"
      text run at (0,9020) width 26: "\x{E40}\x{E1B}\x{E47}\x{E19}"
      text run at (0,9044) width 10: "\x{E2A}\x{E35}"
      text run at (0,9068) width 31: "\x{E2B}\x{E21}\x{E48}\x{E19}"
      text run at (0,9092) width 10: "\x{E46}"
      text run at (0,9116) width 45: "\x{E40}\x{E2B}\x{E21}\x{E37}\x{E2D}\x{E19}"
      text run at (0,9140) width 20: "\x{E01}\x{E31}\x{E19}"
      text run at (0,9164) width 24: "\x{E40}\x{E18}\x{E2D}"
      text run at (0,9188) width 29: "\x{E1C}\x{E2D}\x{E21}"
      text run at (0,9212) width 26: "\x{E41}\x{E25}\x{E30}"
      text run at (0,9236) width 28: "\x{E2B}\x{E25}\x{E31}\x{E07}"
      text run at (0,9260) width 27: "\x{E42}\x{E04}\x{E49}\x{E07}"
      text run at (0,9284) width 26: "\x{E41}\x{E25}\x{E30}"
      text run at (0,9308) width 34: "\x{E40}\x{E14}\x{E35}\x{E4B}\x{E22}\x{E27}"
      text run at (0,9332) width 10: "\x{E19}\x{E35}\x{E49}"
      text run at (0,9356) width 17: "\x{E44}\x{E21}\x{E48}"
      text run at (0,9380) width 26: "\x{E40}\x{E04}\x{E22}"
      text run at (0,9404) width 20: "\x{E22}\x{E34}\x{E49}\x{E21}"
      text run at (0,9428) width 25: "\x{E40}\x{E25}\x{E22}"
      text run at (0,9452) width 25: "\x{E40}\x{E21}\x{E37}\x{E48}\x{E2D}"
      text run at (0,9476) width 19: "\x{E42}\x{E14}"
      text run at (0,9500) width 25: "\x{E42}\x{E23}\x{E18}\x{E35}"
      text run at (0,9524) width 18: "\x{E0B}\x{E36}\x{E48}\x{E07}"
      text run at (0,9548) width 26: "\x{E40}\x{E1B}\x{E47}\x{E19}"
      text run at (0,9572) width 25: "\x{E40}\x{E14}\x{E47}\x{E01}"
      text run at (0,9596) width 45: "\x{E01}\x{E33}\x{E1E}\x{E23}\x{E49}\x{E32}"
      text run at (0,9620) width 19: "\x{E21}\x{E32}"
      text run at (0,9644) width 20: "\x{E2D}\x{E22}\x{E39}\x{E48}"
      text run at (0,9668) width 21: "\x{E01}\x{E31}\x{E1A}"
      text run at (0,9692) width 24: "\x{E40}\x{E18}\x{E2D}"
      text run at (0,9716) width 30: "\x{E15}\x{E2D}\x{E19}"
      text run at (0,9740) width 27: "\x{E41}\x{E23}\x{E01}"
      text run at (0,9764) width 19: "\x{E1B}\x{E49}\x{E32}"
      text run at (0,9788) width 25: "\x{E40}\x{E2D}\x{E47}\x{E21}"
      text run at (0,9812) width 20: "\x{E15}\x{E37}\x{E48}\x{E19}"
      text run at (0,9836) width 26: "\x{E40}\x{E15}\x{E49}\x{E19}"
      text run at (0,9860) width 21: "\x{E01}\x{E31}\x{E1A}"
      text run at (0,9884) width 32: "\x{E40}\x{E2A}\x{E35}\x{E22}\x{E07}"
      text run at (0,9908) width 47: "\x{E2B}\x{E31}\x{E27}\x{E40}\x{E23}\x{E32}\x{E30}"
      text run at (0,9932) width 27: "\x{E02}\x{E2D}\x{E07}"
      text run at (0,9956) width 25: "\x{E40}\x{E14}\x{E47}\x{E01}"
      text run at (0,9980) width 29: "\x{E19}\x{E49}\x{E2D}\x{E22}"
      text run at (0,10004) width 28: "\x{E21}\x{E32}\x{E01}"
      text run at (0,10028) width 24: "\x{E40}\x{E18}\x{E2D}"
      text run at (0,10052) width 16: "\x{E08}\x{E30}"
      text run at (0,10076) width 18: "\x{E2A}\x{E48}\x{E07}"
      text run at (0,10100) width 32: "\x{E40}\x{E2A}\x{E35}\x{E22}\x{E07}"
      text run at (0,10124) width 25: "\x{E23}\x{E49}\x{E2D}\x{E07}"
      text run at (0,10148) width 27: "\x{E41}\x{E25}\x{E49}\x{E27}"
      text run at (0,10172) width 23: "\x{E40}\x{E2D}\x{E32}"
      text run at (0,10196) width 20: "\x{E21}\x{E37}\x{E2D}"
      text run at (0,10220) width 29: "\x{E17}\x{E32}\x{E1A}"
      text run at (0,10244) width 19: "\x{E2D}\x{E01}"
      text run at (0,10268) width 20: "\x{E17}\x{E38}\x{E01}"
      text run at (0,10292) width 26: "\x{E04}\x{E23}\x{E31}\x{E49}\x{E07}"
      text run at (0,10316) width 11: "\x{E17}\x{E35}\x{E48}"
      text run at (0,10340) width 32: "\x{E40}\x{E2A}\x{E35}\x{E22}\x{E07}"
      text run at (0,10364) width 20: "\x{E2D}\x{E31}\x{E19}"
      text run at (0,10388) width 37: "\x{E23}\x{E48}\x{E32}\x{E40}\x{E23}\x{E34}\x{E07}"
      text run at (0,10412) width 27: "\x{E02}\x{E2D}\x{E07}"
      text run at (0,10436) width 19: "\x{E42}\x{E14}"
      text run at (0,10460) width 25: "\x{E42}\x{E23}\x{E18}\x{E35}"
      text run at (0,10484) width 23: "\x{E40}\x{E02}\x{E49}\x{E32}"
      text run at (0,10508) width 11: "\x{E2B}\x{E39}"
      text run at (0,10532) width 24: "\x{E40}\x{E18}\x{E2D}"
      text run at (0,10556) width 26: "\x{E41}\x{E25}\x{E30}"
      text run at (0,10580) width 24: "\x{E40}\x{E18}\x{E2D}"
      text run at (0,10604) width 23: "\x{E40}\x{E1D}\x{E49}\x{E32}"
      text run at (0,10628) width 27: "\x{E21}\x{E2D}\x{E07}"
      text run at (0,10652) width 25: "\x{E40}\x{E14}\x{E47}\x{E01}"
      text run at (0,10676) width 31: "\x{E2B}\x{E0D}\x{E34}\x{E07}"
      text run at (0,10700) width 29: "\x{E19}\x{E49}\x{E2D}\x{E22}"
      text run at (0,10724) width 10: "\x{E46}"
      text run at (0,10748) width 29: "\x{E14}\x{E49}\x{E27}\x{E22}"
      text run at (0,10772) width 37: "\x{E04}\x{E27}\x{E32}\x{E21}"
      text run at (0,10796) width 63: "\x{E1B}\x{E23}\x{E30}\x{E2B}\x{E25}\x{E32}\x{E14}"
      text run at (0,10820) width 18: "\x{E43}\x{E08}"
      text run at (0,10844) width 29: "\x{E14}\x{E49}\x{E27}\x{E22}"
      text run at (0,10868) width 18: "\x{E22}\x{E31}\x{E07}"
      text run at (0,10892) width 19: "\x{E2B}\x{E32}"
      text run at (0,10916) width 31: "\x{E2D}\x{E30}\x{E44}\x{E23}"
      text run at (0,10940) width 19: "\x{E21}\x{E32}"
      text run at (0,10964) width 26: "\x{E40}\x{E1B}\x{E47}\x{E19}"
      text run at (0,10988) width 30: "\x{E40}\x{E23}\x{E37}\x{E48}\x{E2D}\x{E07}"
      text run at (0,11012) width 47: "\x{E2B}\x{E31}\x{E27}\x{E40}\x{E23}\x{E32}\x{E30}"
      text run at (0,11036) width 17: "\x{E44}\x{E14}\x{E49}"
      text run at (0,11060) width 17: "\x{E25}\x{E38}\x{E07}"
      text run at (0,11084) width 15: "\x{E40}\x{E2E}"
      text run at (0,11108) width 18: "\x{E19}\x{E23}\x{E35}"
      text run at (0,11132) width 17: "\x{E44}\x{E21}\x{E48}"
      text run at (0,11156) width 26: "\x{E40}\x{E04}\x{E22}"
      text run at (0,11180) width 47: "\x{E2B}\x{E31}\x{E27}\x{E40}\x{E23}\x{E32}\x{E30}"
      text run at (0,11204) width 17: "\x{E25}\x{E38}\x{E07}"
      text run at (0,11228) width 45: "\x{E17}\x{E33}\x{E07}\x{E32}\x{E19}"
      text run at (0,11252) width 30: "\x{E2B}\x{E19}\x{E31}\x{E01}"
      text run at (0,11276) width 27: "\x{E08}\x{E32}\x{E01}"
      text run at (0,11300) width 23: "\x{E40}\x{E0A}\x{E49}\x{E32}"
      text run at (0,11324) width 20: "\x{E22}\x{E31}\x{E19}"
      text run at (0,11348) width 19: "\x{E04}\x{E48}\x{E33}"
      text run at (0,11372) width 26: "\x{E41}\x{E25}\x{E30}"
      text run at (0,11396) width 17: "\x{E44}\x{E21}\x{E48}"
      text run at (0,11420) width 26: "\x{E40}\x{E04}\x{E22}"
      text run at (0,11444) width 26: "\x{E23}\x{E39}\x{E49}\x{E08}\x{E31}\x{E01}"
      text run at (0,11468) width 17: "\x{E27}\x{E48}\x{E32}"
      text run at (0,11492) width 37: "\x{E04}\x{E27}\x{E32}\x{E21}"
      text run at (0,11516) width 37: "\x{E23}\x{E48}\x{E32}\x{E40}\x{E23}\x{E34}\x{E07}"
      text run at (0,11540) width 20: "\x{E04}\x{E37}\x{E2D}"
      text run at (0,11564) width 31: "\x{E2D}\x{E30}\x{E44}\x{E23}"
      text run at (0,11588) width 17: "\x{E25}\x{E38}\x{E07}"
      text run at (0,11612) width 11: "\x{E14}\x{E39}"
      text run at (0,11636) width 68: "\x{E2B}\x{E21}\x{E48}\x{E19}\x{E2B}\x{E21}\x{E2D}\x{E07}"
      text run at (0,11660) width 18: "\x{E44}\x{E1B}"
      text run at (0,11684) width 31: "\x{E2B}\x{E21}\x{E14}"
      text run at (0,11708) width 18: "\x{E15}\x{E31}\x{E49}\x{E07}"
      text run at (0,11732) width 20: "\x{E41}\x{E15}\x{E48}"
      text run at (0,11756) width 32: "\x{E40}\x{E04}\x{E23}\x{E32}"
      text run at (0,11780) width 27: "\x{E22}\x{E32}\x{E27}"
      text run at (0,11804) width 19: "\x{E08}\x{E19}"
      text run at (0,11828) width 19: "\x{E08}\x{E14}"
      text run at (0,11852) width 48: "\x{E23}\x{E2D}\x{E07}\x{E40}\x{E17}\x{E49}\x{E32}"
      text run at (0,11876) width 21: "\x{E1A}\x{E39}\x{E15}"
      text run at (0,11900) width 20: "\x{E2D}\x{E31}\x{E19}"
      text run at (0,11924) width 39: "\x{E2B}\x{E22}\x{E32}\x{E1A}"
      text run at (0,11948) width 27: "\x{E41}\x{E25}\x{E49}\x{E27}"
      text run at (0,11972) width 17: "\x{E25}\x{E38}\x{E07}"
      text run at (0,11996) width 10: "\x{E01}\x{E47}"
      text run at (0,12020) width 11: "\x{E14}\x{E39}"
      text run at (0,12044) width 58: "\x{E40}\x{E04}\x{E23}\x{E48}\x{E07}\x{E02}\x{E23}\x{E36}\x{E21}"
      text run at (0,12068) width 19: "\x{E19}\x{E48}\x{E32}"
      text run at (0,12092) width 30: "\x{E40}\x{E01}\x{E23}\x{E07}"
      text run at (0,12116) width 28: "\x{E02}\x{E32}\x{E21}"
      text run at (0,12140) width 17: "\x{E44}\x{E21}\x{E48}"
      text run at (0,12164) width 30: "\x{E04}\x{E48}\x{E2D}\x{E22}"
      text run at (0,12188) width 16: "\x{E08}\x{E30}"
      text run at (0,12212) width 21: "\x{E1E}\x{E39}\x{E14}"
      text run at (0,12236) width 11: "\x{E21}\x{E35}"
      text run at (0,12260) width 19: "\x{E42}\x{E15}"
      text run at (0,12284) width 19: "\x{E42}\x{E15}\x{E49}"
      text run at (0,12308) width 11: "\x{E17}\x{E35}\x{E48}"
      text run at (0,12332) width 19: "\x{E17}\x{E33}"
      text run at (0,12356) width 19: "\x{E43}\x{E2B}\x{E49}"
      text run at (0,12380) width 19: "\x{E42}\x{E14}"
      text run at (0,12404) width 25: "\x{E42}\x{E23}\x{E18}\x{E35}"
      text run at (0,12428) width 47: "\x{E2B}\x{E31}\x{E27}\x{E40}\x{E23}\x{E32}\x{E30}"
      text run at (0,12452) width 17: "\x{E44}\x{E14}\x{E49}"
      text run at (0,12476) width 26: "\x{E41}\x{E25}\x{E30}"
      text run at (0,12500) width 28: "\x{E0A}\x{E48}\x{E27}\x{E22}"
      text run at (0,12524) width 24: "\x{E40}\x{E18}\x{E2D}"
      text run at (0,12548) width 19: "\x{E43}\x{E2B}\x{E49}"
      text run at (0,12572) width 21: "\x{E1E}\x{E49}\x{E19}"
      text run at (0,12596) width 27: "\x{E08}\x{E32}\x{E01}"
      text run at (0,12620) width 26: "\x{E01}\x{E32}\x{E23}"
      text run at (0,12644) width 37: "\x{E01}\x{E25}\x{E32}\x{E22}"
      text run at (0,12668) width 26: "\x{E40}\x{E1B}\x{E47}\x{E19}"
      text run at (0,12692) width 10: "\x{E2A}\x{E35}"
      text run at (0,12716) width 24: "\x{E40}\x{E17}\x{E32}"
      text run at (0,12740) width 31: "\x{E2B}\x{E21}\x{E48}\x{E19}"
      text run at (0,12764) width 45: "\x{E40}\x{E2B}\x{E21}\x{E37}\x{E2D}\x{E19}"
      text run at (0,12788) width 21: "\x{E01}\x{E31}\x{E1A}"
      text run at (0,12812) width 18: "\x{E2A}\x{E34}\x{E48}\x{E07}"
      text run at (0,12836) width 28: "\x{E23}\x{E2D}\x{E1A}"
      text run at (0,12860) width 19: "\x{E15}\x{E31}\x{E27}"
      text run at (0,12884) width 20: "\x{E2D}\x{E37}\x{E48}\x{E19}"
      text run at (0,12908) width 10: "\x{E46}"
      text run at (0,12932) width 19: "\x{E42}\x{E15}"
      text run at (0,12956) width 19: "\x{E42}\x{E15}\x{E49}"
      text run at (0,12980) width 10: "\x{E2A}\x{E35}"
      text run at (0,13004) width 17: "\x{E44}\x{E21}\x{E48}"
      text run at (0,13028) width 24: "\x{E40}\x{E17}\x{E32}"
      text run at (0,13052) width 31: "\x{E2B}\x{E21}\x{E48}\x{E19}"
      text run at (0,13076) width 20: "\x{E41}\x{E15}\x{E48}"
      text run at (0,13100) width 20: "\x{E21}\x{E31}\x{E19}"
      text run at (0,13124) width 26: "\x{E40}\x{E1B}\x{E47}\x{E19}"
      text run at (0,13148) width 29: "\x{E2B}\x{E21}\x{E32}"
      text run at (0,13172) width 10: "\x{E2A}\x{E35}"
      text run at (0,13196) width 19: "\x{E14}\x{E33}"
      text run at (0,13220) width 19: "\x{E15}\x{E31}\x{E27}"
      text run at (0,13244) width 29: "\x{E19}\x{E49}\x{E2D}\x{E22}"
      text run at (0,13268) width 10: "\x{E46}"
      text run at (0,13292) width 20: "\x{E02}\x{E19}"
      text run at (0,13316) width 27: "\x{E22}\x{E32}\x{E27}"
      text run at (0,13340) width 21: "\x{E1B}\x{E38}\x{E22}"
      text run at (0,13364) width 24: "\x{E23}\x{E32}\x{E27}"
      text run at (0,13388) width 21: "\x{E01}\x{E31}\x{E1A}"
      text run at (0,13412) width 27: "\x{E44}\x{E2B}\x{E21}"
      text run at (0,13436) width 11: "\x{E21}\x{E35}"
      text run at (0,13460) width 19: "\x{E15}\x{E32}"
      text run at (0,13484) width 19: "\x{E14}\x{E33}"
      text run at (0,13508) width 24: "\x{E40}\x{E25}\x{E47}\x{E01}"
      text run at (0,13532) width 26: "\x{E40}\x{E1B}\x{E47}\x{E19}"
      text run at (0,13556) width 53: "\x{E1B}\x{E23}\x{E30}\x{E01}\x{E32}\x{E22}"
      text run at (0,13580) width 38: "\x{E23}\x{E37}\x{E48}\x{E19}\x{E40}\x{E23}\x{E34}\x{E07}"
      text run at (0,13604) width 20: "\x{E2D}\x{E22}\x{E39}\x{E48}"
      text run at (0,13628) width 27: "\x{E2A}\x{E2D}\x{E07}"
      text run at (0,13652) width 25: "\x{E02}\x{E49}\x{E32}\x{E07}"
      text run at (0,13676) width 29: "\x{E08}\x{E21}\x{E39}\x{E01}"
      text run at (0,13700) width 24: "\x{E40}\x{E25}\x{E47}\x{E01}"
      text run at (0,13724) width 20: "\x{E2D}\x{E31}\x{E19}"
      text run at (0,13748) width 19: "\x{E19}\x{E48}\x{E32}"
      text run at (0,13772) width 20: "\x{E02}\x{E31}\x{E19}"
      text run at (0,13796) width 27: "\x{E02}\x{E2D}\x{E07}"
      text run at (0,13820) width 20: "\x{E21}\x{E31}\x{E19}"
      text run at (0,13844) width 19: "\x{E42}\x{E15}"
      text run at (0,13868) width 19: "\x{E42}\x{E15}\x{E49}"
      text run at (0,13892) width 25: "\x{E40}\x{E25}\x{E48}\x{E19}"
      text run at (0,13916) width 18: "\x{E17}\x{E31}\x{E49}\x{E07}"
      text run at (0,13940) width 19: "\x{E27}\x{E31}\x{E19}"
      text run at (0,13964) width 26: "\x{E41}\x{E25}\x{E30}"
      text run at (0,13988) width 19: "\x{E42}\x{E14}"
      text run at (0,14012) width 25: "\x{E42}\x{E23}\x{E18}\x{E35}"
      text run at (0,14036) width 10: "\x{E01}\x{E47}"
      text run at (0,14060) width 25: "\x{E40}\x{E25}\x{E48}\x{E19}"
      text run at (0,14084) width 21: "\x{E01}\x{E31}\x{E1A}"
      text run at (0,14108) width 20: "\x{E21}\x{E31}\x{E19}"
      text run at (0,14132) width 26: "\x{E41}\x{E25}\x{E30}"
      text run at (0,14156) width 18: "\x{E23}\x{E31}\x{E01}"
      text run at (0,14180) width 20: "\x{E21}\x{E31}\x{E19}"
      text run at (0,14204) width 34: "\x{E40}\x{E2B}\x{E25}\x{E37}\x{E2D}"
      text run at (0,14228) width 25: "\x{E40}\x{E01}\x{E34}\x{E19}"
      text run at (0,14252) width 50: "\x{E2D}\x{E22}\x{E48}\x{E32}\x{E07}\x{E44}\x{E23}"
      text run at (0,14276) width 10: "\x{E01}\x{E47}"
      text run at (0,14300) width 29: "\x{E15}\x{E32}\x{E21}"
      text run at (0,14324) width 19: "\x{E27}\x{E31}\x{E19}"
      text run at (0,14348) width 10: "\x{E19}\x{E35}\x{E49}"
      text run at (0,14372) width 18: "\x{E17}\x{E31}\x{E49}\x{E07}"
      text run at (0,14396) width 11: "\x{E04}\x{E39}\x{E48}"
      text run at (0,14420) width 17: "\x{E44}\x{E21}\x{E48}"
      text run at (0,14444) width 17: "\x{E44}\x{E14}\x{E49}"
      text run at (0,14468) width 25: "\x{E40}\x{E25}\x{E48}\x{E19}"
      text run at (0,14492) width 17: "\x{E25}\x{E38}\x{E07}"
      text run at (0,14516) width 15: "\x{E40}\x{E2E}"
      text run at (0,14540) width 18: "\x{E19}\x{E23}\x{E35}"
      text run at (0,14564) width 18: "\x{E19}\x{E31}\x{E48}\x{E07}"
      text run at (0,14588) width 20: "\x{E2D}\x{E22}\x{E39}\x{E48}"
      text run at (0,14612) width 11: "\x{E17}\x{E35}\x{E48}"
      text run at (0,14636) width 38: "\x{E1A}\x{E31}\x{E19}\x{E44}\x{E14}"
      text run at (0,14660) width 36: "\x{E1B}\x{E23}\x{E30}\x{E15}\x{E39}"
      text run at (0,14684) width 26: "\x{E41}\x{E25}\x{E30}"
      text run at (0,14708) width 23: "\x{E40}\x{E1D}\x{E49}\x{E32}"
      text run at (0,14732) width 35: "\x{E01}\x{E31}\x{E07}\x{E27}\x{E25}"
      text run at (0,14756) width 26: "\x{E08}\x{E49}\x{E2D}\x{E07}"
      text run at (0,14780) width 11: "\x{E14}\x{E39}"
      text run at (0,14804) width 27: "\x{E17}\x{E49}\x{E2D}\x{E07}"
      text run at (0,14828) width 19: "\x{E1F}\x{E49}\x{E32}"
      text run at (0,14852) width 10: "\x{E2A}\x{E35}"
      text run at (0,14876) width 24: "\x{E40}\x{E17}\x{E32}"
      text run at (0,14900) width 31: "\x{E2B}\x{E21}\x{E48}\x{E19}"
      text run at (0,14924) width 20: "\x{E1C}\x{E34}\x{E14}"
      text run at (0,14948) width 31: "\x{E1B}\x{E01}\x{E15}\x{E34}"
      text run at (0,14972) width 19: "\x{E42}\x{E14}"
      text run at (0,14996) width 25: "\x{E42}\x{E23}\x{E18}\x{E35}"
      text run at (0,15020) width 20: "\x{E22}\x{E37}\x{E19}"
      text run at (0,15044) width 11: "\x{E17}\x{E35}\x{E48}"
      text run at (0,15068) width 36: "\x{E1B}\x{E23}\x{E30}\x{E15}\x{E39}"
      text run at (0,15092) width 29: "\x{E01}\x{E2D}\x{E14}"
      text run at (0,15116) width 19: "\x{E42}\x{E15}"
      text run at (0,15140) width 19: "\x{E42}\x{E15}\x{E49}"
      text run at (0,15164) width 15: "\x{E44}\x{E27}\x{E49}"
      text run at (0,15188) width 19: "\x{E43}\x{E19}"
      text run at (0,15212) width 29: "\x{E2D}\x{E49}\x{E2D}\x{E21}"
      text run at (0,15236) width 29: "\x{E41}\x{E02}\x{E19}"
      text run at (0,15260) width 26: "\x{E41}\x{E25}\x{E30}"
      text run at (0,15284) width 10: "\x{E01}\x{E47}"
      text run at (0,15308) width 27: "\x{E21}\x{E2D}\x{E07}"
      text run at (0,15332) width 11: "\x{E14}\x{E39}"
      text run at (0,15356) width 27: "\x{E17}\x{E49}\x{E2D}\x{E07}"
      text run at (0,15380) width 19: "\x{E1F}\x{E49}\x{E32}"
      text run at (0,15404) width 20: "\x{E2D}\x{E22}\x{E39}\x{E48}"
      text run at (0,15428) width 45: "\x{E40}\x{E2B}\x{E21}\x{E37}\x{E2D}\x{E19}"
      text run at (0,15452) width 20: "\x{E01}\x{E31}\x{E19}"
      text run at (0,15476) width 19: "\x{E1B}\x{E49}\x{E32}"
      text run at (0,15500) width 25: "\x{E40}\x{E2D}\x{E47}\x{E21}"
      text run at (0,15524) width 35: "\x{E01}\x{E33}\x{E25}\x{E31}\x{E07}"
      text run at (0,15548) width 26: "\x{E25}\x{E49}\x{E32}\x{E07}"
      text run at (0,15572) width 28: "\x{E0A}\x{E32}\x{E21}"
      text run at (0,15596) width 20: "\x{E2D}\x{E22}\x{E39}\x{E48}"
      text run at (0,15620) width 27: "\x{E08}\x{E32}\x{E01}"
      text run at (0,15644) width 29: "\x{E14}\x{E49}\x{E32}\x{E19}"
      text run at (0,15668) width 35: "\x{E40}\x{E2B}\x{E19}\x{E37}\x{E2D}"
      text run at (0,15692) width 26: "\x{E44}\x{E01}\x{E25}"
      text run at (0,15716) width 29: "\x{E2D}\x{E2D}\x{E01}"
      text run at (0,15740) width 18: "\x{E44}\x{E1B}"
      text run at (0,15764) width 11: "\x{E21}\x{E35}"
      text run at (0,15788) width 32: "\x{E40}\x{E2A}\x{E35}\x{E22}\x{E07}"
      text run at (0,15812) width 20: "\x{E25}\x{E21}"
      text run at (0,15836) width 34: "\x{E04}\x{E23}\x{E32}\x{E07}"
      text run at (0,15860) width 27: "\x{E41}\x{E1C}\x{E48}\x{E27}"
      text run at (0,15884) width 24: "\x{E40}\x{E1A}\x{E32}"
      text run at (0,15908) width 37: "\x{E44}\x{E14}\x{E49}\x{E22}\x{E34}\x{E19}"
      text run at (0,15932) width 19: "\x{E21}\x{E32}"
      text run at (0,15956) width 17: "\x{E25}\x{E38}\x{E07}"
      text run at (0,15980) width 15: "\x{E40}\x{E2E}"
      text run at (0,16004) width 18: "\x{E19}\x{E23}\x{E35}"
      text run at (0,16028) width 26: "\x{E41}\x{E25}\x{E30}"
      text run at (0,16052) width 19: "\x{E42}\x{E14}"
      text run at (0,16076) width 25: "\x{E42}\x{E23}\x{E18}\x{E35}"
      text run at (0,16100) width 26: "\x{E40}\x{E2B}\x{E47}\x{E19}"
      text run at (0,16124) width 20: "\x{E15}\x{E49}\x{E19}"
      text run at (0,16148) width 32: "\x{E2B}\x{E0D}\x{E49}\x{E32}"
      text run at (0,16172) width 18: "\x{E2A}\x{E39}\x{E07}"
      text run at (0,16196) width 25: "\x{E40}\x{E2D}\x{E19}"
      text run at (0,16220) width 26: "\x{E40}\x{E1B}\x{E47}\x{E19}"
      text run at (0,16244) width 30: "\x{E04}\x{E25}\x{E37}\x{E48}\x{E19}"
      text run at (0,16268) width 29: "\x{E01}\x{E48}\x{E2D}\x{E19}"
      text run at (0,16292) width 11: "\x{E17}\x{E35}\x{E48}"
      text run at (0,16316) width 29: "\x{E1E}\x{E32}\x{E22}\x{E38}"
      text run at (0,16340) width 16: "\x{E08}\x{E30}"
      text run at (0,16364) width 19: "\x{E21}\x{E32}"
      text run at (0,16388) width 18: "\x{E16}\x{E36}\x{E07}"
      text run at (0,16412) width 27: "\x{E41}\x{E25}\x{E49}\x{E27}"
      text run at (0,16436) width 10: "\x{E01}\x{E47}"
      text run at (0,16460) width 11: "\x{E21}\x{E35}"
      text run at (0,16484) width 32: "\x{E40}\x{E2A}\x{E35}\x{E22}\x{E07}"
      text run at (0,16508) width 29: "\x{E2B}\x{E27}\x{E35}\x{E14}"
      text run at (0,16532) width 27: "\x{E2B}\x{E27}\x{E34}\x{E27}"
      text run at (0,16556) width 43: "\x{E0A}\x{E31}\x{E14}\x{E40}\x{E08}\x{E19}"
      text run at (0,16580) width 19: "\x{E21}\x{E32}"
      text run at (0,16604) width 27: "\x{E08}\x{E32}\x{E01}"
      text run at (0,16628) width 72: "\x{E1A}\x{E23}\x{E23}\x{E22}\x{E32}\x{E01}\x{E32}\x{E28}"
      text run at (0,16652) width 26: "\x{E17}\x{E32}\x{E07}"
      text run at (0,16676) width 19: "\x{E43}\x{E15}\x{E49}"
      text run at (0,16700) width 26: "\x{E41}\x{E25}\x{E30}"
      text run at (0,16724) width 25: "\x{E40}\x{E21}\x{E37}\x{E48}\x{E2D}"
      text run at (0,16748) width 45: "\x{E40}\x{E2B}\x{E25}\x{E37}\x{E2D}\x{E1A}"
      text run at (0,16772) width 19: "\x{E15}\x{E32}"
      text run at (0,16796) width 18: "\x{E44}\x{E1B}"
      text run at (0,16820) width 26: "\x{E17}\x{E32}\x{E07}"
      text run at (0,16844) width 29: "\x{E14}\x{E49}\x{E32}\x{E19}"
      text run at (0,16868) width 20: "\x{E19}\x{E31}\x{E49}\x{E19}"
      text run at (0,16892) width 10: "\x{E01}\x{E47}"
      text run at (0,16916) width 26: "\x{E40}\x{E2B}\x{E47}\x{E19}"
      text run at (0,16940) width 30: "\x{E04}\x{E25}\x{E37}\x{E48}\x{E19}"
      text run at (0,16964) width 32: "\x{E2B}\x{E0D}\x{E49}\x{E32}"
      text run at (0,16988) width 19: "\x{E21}\x{E32}"
      text run at (0,17012) width 26: "\x{E17}\x{E32}\x{E07}"
      text run at (0,17036) width 29: "\x{E14}\x{E49}\x{E32}\x{E19}"
      text run at (0,17060) width 20: "\x{E19}\x{E31}\x{E49}\x{E19}"
      text run at (0,17084) width 29: "\x{E14}\x{E49}\x{E27}\x{E22}"
      text run at (0,17108) width 17: "\x{E25}\x{E38}\x{E07}"
      text run at (0,17132) width 15: "\x{E40}\x{E2E}"
      text run at (0,17156) width 18: "\x{E19}\x{E23}\x{E35}"
      text run at (0,17180) width 20: "\x{E1C}\x{E38}\x{E14}"
      text run at (0,17204) width 19: "\x{E25}\x{E38}\x{E01}"
      text run at (0,17228) width 20: "\x{E02}\x{E36}\x{E49}\x{E19}"
      text run at (0,17252) width 20: "\x{E17}\x{E31}\x{E19}"
      text run at (0,17276) width 19: "\x{E43}\x{E14}"
      text run at (0,17296) width 7: "\""
      text run at (0,17320) width 20: "\x{E25}\x{E21}"
      text run at (0,17344) width 54: "\x{E44}\x{E0B}\x{E42}\x{E04}\x{E25}\x{E19}"
      text run at (0,17368) width 19: "\x{E21}\x{E32}"
      text run at (0,17392) width 25: "\x{E40}\x{E2D}\x{E47}\x{E21}"
      text run at (0,17412) width 7: "\""
      text run at (0,17436) width 17: "\x{E25}\x{E38}\x{E07}"
      text run at (0,17460) width 25: "\x{E23}\x{E49}\x{E2D}\x{E07}"
      text run at (0,17484) width 30: "\x{E1A}\x{E2D}\x{E01}"
      text run at (0,17508) width 44: "\x{E20}\x{E23}\x{E23}\x{E22}\x{E32}"
      text run at (0,17528) width 7: "\""
      text run at (0,17552) width 18: "\x{E02}\x{E49}\x{E32}"
      text run at (0,17576) width 16: "\x{E08}\x{E30}"
      text run at (0,17600) width 18: "\x{E44}\x{E1B}"
      text run at (0,17624) width 11: "\x{E14}\x{E39}"
      text run at (0,17648) width 28: "\x{E2A}\x{E31}\x{E15}\x{E27}\x{E4C}"
      text run at (0,17672) width 32: "\x{E40}\x{E25}\x{E35}\x{E49}\x{E22}\x{E07}"
      text run at (0,17696) width 40: "\x{E2B}\x{E19}\x{E48}\x{E2D}\x{E22}"
      text run at (0,17716) width 7: "\""
      text run at (0,17740) width 27: "\x{E41}\x{E25}\x{E49}\x{E27}"
      text run at (0,17764) width 17: "\x{E25}\x{E38}\x{E07}"
      text run at (0,17788) width 10: "\x{E01}\x{E47}"
      text run at (0,17812) width 16: "\x{E27}\x{E34}\x{E48}\x{E07}"
      text run at (0,17836) width 18: "\x{E44}\x{E1B}"
      text run at (0,17860) width 18: "\x{E22}\x{E31}\x{E07}"
      text run at (0,17884) width 24: "\x{E40}\x{E1E}\x{E34}\x{E07}"
      text run at (0,17908) width 11: "\x{E17}\x{E35}\x{E48}"
      text run at (0,17932) width 17: "\x{E27}\x{E31}\x{E27}"
      text run at (0,17956) width 26: "\x{E41}\x{E25}\x{E30}"
      text run at (0,17980) width 19: "\x{E21}\x{E49}\x{E32}"
      text run at (0,18004) width 38: "\x{E2D}\x{E32}\x{E28}\x{E31}\x{E22}"
      text run at (0,18028) width 20: "\x{E2D}\x{E22}\x{E39}\x{E48}"
      text run at (0,18052) width 19: "\x{E1B}\x{E49}\x{E32}"
      text run at (0,18076) width 25: "\x{E40}\x{E2D}\x{E47}\x{E21}"
      text run at (0,18100) width 30: "\x{E2B}\x{E22}\x{E38}\x{E14}"
      text run at (0,18124) width 45: "\x{E17}\x{E33}\x{E07}\x{E32}\x{E19}"
      text run at (0,18148) width 26: "\x{E41}\x{E25}\x{E30}"
      text run at (0,18172) width 19: "\x{E21}\x{E32}"
      text run at (0,18196) width 11: "\x{E17}\x{E35}\x{E48}"
      text run at (0,18220) width 36: "\x{E1B}\x{E23}\x{E30}\x{E15}\x{E39}"
      text run at (0,18244) width 34: "\x{E40}\x{E1E}\x{E35}\x{E22}\x{E07}"
      text run at (0,18268) width 46: "\x{E0A}\x{E32}\x{E22}\x{E15}\x{E32}"
      text run at (0,18292) width 27: "\x{E21}\x{E2D}\x{E07}"
      text run at (0,18316) width 19: "\x{E1B}\x{E49}\x{E32}"
      text run at (0,18340) width 10: "\x{E01}\x{E47}"
      text run at (0,18364) width 30: "\x{E1A}\x{E2D}\x{E01}"
      text run at (0,18388) width 17: "\x{E44}\x{E14}\x{E49}"
      text run at (0,18412) width 17: "\x{E27}\x{E48}\x{E32}"
      text run at (0,18436) width 55: "\x{E2D}\x{E31}\x{E19}\x{E15}\x{E23}\x{E32}\x{E22}"
      text run at (0,18460) width 19: "\x{E21}\x{E32}"
      text run at (0,18484) width 18: "\x{E16}\x{E36}\x{E07}"
      text run at (0,18508) width 27: "\x{E41}\x{E25}\x{E49}\x{E27}"
      text run at (0,18528) width 7: "\""
      text run at (0,18552) width 21: "\x{E40}\x{E23}\x{E47}\x{E27}"
      text run at (0,18576) width 19: "\x{E42}\x{E14}"
      text run at (0,18600) width 25: "\x{E42}\x{E23}\x{E18}\x{E35}"
      text run at (0,18620) width 6: "!"
      text run at (0,18640) width 7: "\""
      text run at (0,18664) width 19: "\x{E1B}\x{E49}\x{E32}"
      text run at (0,18688) width 45: "\x{E15}\x{E30}\x{E42}\x{E01}\x{E19}"
      text run at (0,18708) width 7: "\""
      text run at (0,18732) width 16: "\x{E27}\x{E34}\x{E48}\x{E07}"
      text run at (0,18756) width 18: "\x{E44}\x{E1B}"
      text run at (0,18780) width 27: "\x{E2B}\x{E49}\x{E2D}\x{E07}"
      text run at (0,18804) width 39: "\x{E43}\x{E15}\x{E49}\x{E16}\x{E38}\x{E19}"
      text run at (0,18824) width 7: "\""
      text run at (0,18848) width 19: "\x{E42}\x{E15}"
      text run at (0,18872) width 19: "\x{E42}\x{E15}\x{E49}"
      text run at (0,18896) width 29: "\x{E1C}\x{E25}\x{E38}\x{E19}"
      text run at (0,18920) width 53: "\x{E01}\x{E23}\x{E30}\x{E42}\x{E14}\x{E14}"
      text run at (0,18944) width 17: "\x{E25}\x{E07}"
      text run at (0,18968) width 27: "\x{E08}\x{E32}\x{E01}"
      text run at (0,18992) width 29: "\x{E2D}\x{E49}\x{E2D}\x{E21}"
      text run at (0,19016) width 29: "\x{E41}\x{E02}\x{E19}"
      text run at (0,19040) width 19: "\x{E42}\x{E14}"
      text run at (0,19064) width 25: "\x{E42}\x{E23}\x{E18}\x{E35}"
      text run at (0,19088) width 27: "\x{E41}\x{E25}\x{E49}\x{E27}"
      text run at (0,19112) width 23: "\x{E40}\x{E02}\x{E49}\x{E32}"
      text run at (0,19136) width 18: "\x{E44}\x{E1B}"
      text run at (0,19160) width 29: "\x{E0B}\x{E48}\x{E2D}\x{E19}"
      text run at (0,19184) width 20: "\x{E2D}\x{E22}\x{E39}\x{E48}"
      text run at (0,19208) width 19: "\x{E43}\x{E15}\x{E49}"
      text run at (0,19232) width 33: "\x{E40}\x{E15}\x{E35}\x{E22}\x{E07}"
      text run at (0,19256) width 25: "\x{E40}\x{E14}\x{E47}\x{E01}"
      text run at (0,19280) width 31: "\x{E2B}\x{E0D}\x{E34}\x{E07}"
      text run at (0,19304) width 29: "\x{E19}\x{E49}\x{E2D}\x{E22}"
      text run at (0,19328) width 23: "\x{E40}\x{E02}\x{E49}\x{E32}"
      text run at (0,19352) width 18: "\x{E44}\x{E1B}"
      text run at (0,19376) width 18: "\x{E14}\x{E36}\x{E07}"
      text run at (0,19400) width 20: "\x{E21}\x{E31}\x{E19}"
      text run at (0,19424) width 29: "\x{E2D}\x{E2D}\x{E01}"
      text run at (0,19448) width 19: "\x{E21}\x{E32}"
      text run at (0,19472) width 19: "\x{E1B}\x{E49}\x{E32}"
      text run at (0,19496) width 25: "\x{E40}\x{E2D}\x{E47}\x{E21}"
      text run at (0,19520) width 52: "\x{E01}\x{E23}\x{E30}\x{E0A}\x{E32}\x{E01}"
      text run at (0,19544) width 18: "\x{E1D}\x{E32}"
      text run at (0,19568) width 11: "\x{E17}\x{E35}\x{E48}"
      text run at (0,19592) width 21: "\x{E1E}\x{E37}\x{E49}\x{E19}"
      text run at (0,19616) width 29: "\x{E2D}\x{E2D}\x{E01}"
      text run at (0,19640) width 35: "\x{E2D}\x{E22}\x{E48}\x{E32}\x{E07}"
      text run at (0,19664) width 19: "\x{E2D}\x{E01}"
      text run at (0,19688) width 20: "\x{E2A}\x{E31}\x{E48}\x{E19}"
      text run at (0,19712) width 31: "\x{E02}\x{E27}\x{E31}\x{E0D}"
      text run at (0,19736) width 28: "\x{E2B}\x{E32}\x{E22}"
      text run at (0,19760) width 21: "\x{E1B}\x{E35}\x{E19}"
      text run at (0,19784) width 38: "\x{E1A}\x{E31}\x{E19}\x{E44}\x{E14}"
      text run at (0,19808) width 17: "\x{E44}\x{E21}\x{E49}"
      text run at (0,19832) width 17: "\x{E25}\x{E07}"
      text run at (0,19856) width 18: "\x{E44}\x{E1B}"
      text run at (0,19880) width 19: "\x{E43}\x{E19}"
      text run at (0,19904) width 35: "\x{E42}\x{E1E}\x{E23}\x{E07}"
      text run at (0,19928) width 24: "\x{E40}\x{E25}\x{E47}\x{E01}"
      text run at (0,19952) width 20: "\x{E2D}\x{E31}\x{E19}"
      text run at (0,19976) width 21: "\x{E21}\x{E37}\x{E14}"
      text run at (0,20000) width 21: "\x{E17}\x{E36}\x{E1A}"
      text run at (0,20024) width 19: "\x{E42}\x{E14}"
      text run at (0,20048) width 25: "\x{E42}\x{E23}\x{E18}\x{E35}"
      text run at (0,20072) width 19: "\x{E08}\x{E31}\x{E1A}"
      text run at (0,20096) width 19: "\x{E42}\x{E15}"
      text run at (0,20120) width 19: "\x{E42}\x{E15}\x{E49}"
      text run at (0,20144) width 17: "\x{E44}\x{E14}\x{E49}"
      text run at (0,20168) width 19: "\x{E43}\x{E19}"
      text run at (0,20192) width 11: "\x{E17}\x{E35}\x{E48}"
      text run at (0,20216) width 20: "\x{E2A}\x{E38}\x{E14}"
      text run at (0,20240) width 26: "\x{E41}\x{E25}\x{E30}"
      text run at (0,20264) width 16: "\x{E27}\x{E34}\x{E48}\x{E07}"
      text run at (0,20288) width 29: "\x{E15}\x{E32}\x{E21}"
      text run at (0,20312) width 19: "\x{E1B}\x{E49}\x{E32}"
      text run at (0,20336) width 24: "\x{E40}\x{E18}\x{E2D}"
      text run at (0,20360) width 18: "\x{E44}\x{E1B}"
      text run at (0,20384) width 25: "\x{E40}\x{E21}\x{E37}\x{E48}\x{E2D}"
      text run at (0,20408) width 24: "\x{E40}\x{E18}\x{E2D}"
      text run at (0,20432) width 19: "\x{E21}\x{E32}"
      text run at (0,20456) width 17: "\x{E44}\x{E14}\x{E49}"
      text run at (0,20480) width 26: "\x{E04}\x{E23}\x{E36}\x{E48}\x{E07}"
      text run at (0,20504) width 27: "\x{E2B}\x{E49}\x{E2D}\x{E07}"
      text run at (0,20528) width 10: "\x{E01}\x{E47}"
      text run at (0,20552) width 11: "\x{E21}\x{E35}"
      text run at (0,20576) width 32: "\x{E40}\x{E2A}\x{E35}\x{E22}\x{E07}"
      text run at (0,20600) width 29: "\x{E2B}\x{E27}\x{E35}\x{E14}"
      text run at (0,20624) width 28: "\x{E2B}\x{E27}\x{E37}\x{E2D}"
      text run at (0,20648) width 28: "\x{E2A}\x{E48}\x{E27}\x{E19}"
      text run at (0,20672) width 29: "\x{E1A}\x{E49}\x{E32}\x{E19}"
      text run at (0,20696) width 10: "\x{E01}\x{E47}"
      text run at (0,20720) width 20: "\x{E2A}\x{E31}\x{E48}\x{E19}"
      text run at (0,20744) width 35: "\x{E2D}\x{E22}\x{E48}\x{E32}\x{E07}"
      text run at (0,20768) width 25: "\x{E41}\x{E23}\x{E07}"
      text run at (0,20792) width 19: "\x{E08}\x{E19}"
      text run at (0,20816) width 24: "\x{E40}\x{E18}\x{E2D}"
      text run at (0,20840) width 20: "\x{E2B}\x{E01}"
      text run at (0,20864) width 36: "\x{E04}\x{E30}\x{E21}\x{E33}"
      text run at (0,20888) width 18: "\x{E19}\x{E31}\x{E48}\x{E07}"
      text run at (0,20912) width 41: "\x{E08}\x{E49}\x{E33}\x{E40}\x{E1A}\x{E49}\x{E32}"
      text run at (0,20936) width 20: "\x{E2D}\x{E22}\x{E39}\x{E48}"
      text run at (0,20960) width 21: "\x{E01}\x{E31}\x{E1A}"
      text run at (0,20984) width 21: "\x{E1E}\x{E37}\x{E49}\x{E19}"
      text run at (0,21008) width 27: "\x{E41}\x{E25}\x{E49}\x{E27}"
      text run at (0,21032) width 18: "\x{E2A}\x{E34}\x{E48}\x{E07}"
      text run at (0,21056) width 63: "\x{E1B}\x{E23}\x{E30}\x{E2B}\x{E25}\x{E32}\x{E14}"
      text run at (0,21080) width 10: "\x{E01}\x{E47}"
      text run at (0,21104) width 25: "\x{E40}\x{E01}\x{E34}\x{E14}"
      text run at (0,21128) width 20: "\x{E02}\x{E36}\x{E49}\x{E19}"
      text run at (0,21152) width 29: "\x{E1A}\x{E49}\x{E32}\x{E19}"
      text run at (0,21176) width 31: "\x{E2B}\x{E21}\x{E38}\x{E19}"
      text run at (0,21200) width 18: "\x{E44}\x{E1B}"
      text run at (0,21224) width 31: "\x{E2B}\x{E21}\x{E38}\x{E19}"
      text run at (0,21248) width 19: "\x{E21}\x{E32}"
      text run at (0,21272) width 27: "\x{E2A}\x{E2D}\x{E07}"
      text run at (0,21296) width 28: "\x{E2A}\x{E32}\x{E21}"
      text run at (0,21320) width 28: "\x{E23}\x{E2D}\x{E1A}"
      text run at (0,21344) width 27: "\x{E41}\x{E25}\x{E49}\x{E27}"
      text run at (0,21368) width 10: "\x{E01}\x{E47}"
      text run at (0,21392) width 29: "\x{E25}\x{E2D}\x{E22}"
      text run at (0,21416) width 20: "\x{E02}\x{E36}\x{E49}\x{E19}"
      text run at (0,21440) width 10: "\x{E2A}\x{E39}\x{E48}"
      text run at (0,21464) width 46: "\x{E2D}\x{E32}\x{E01}\x{E32}\x{E28}"
      text run at (0,21488) width 35: "\x{E2D}\x{E22}\x{E48}\x{E32}\x{E07}"
      text run at (0,21512) width 18: "\x{E0A}\x{E49}\x{E32}"
      text run at (0,21536) width 10: "\x{E46}"
      text run at (0,21560) width 19: "\x{E42}\x{E14}"
      text run at (0,21584) width 25: "\x{E42}\x{E23}\x{E18}\x{E35}"
      text run at (0,21608) width 27: "\x{E23}\x{E39}\x{E49}\x{E2A}\x{E36}\x{E01}"
      text run at (0,21632) width 24: "\x{E23}\x{E32}\x{E27}"
      text run at (0,21656) width 21: "\x{E01}\x{E31}\x{E1A}"
      text run at (0,21680) width 17: "\x{E27}\x{E48}\x{E32}"
      text run at (0,21704) width 24: "\x{E40}\x{E18}\x{E2D}"
      text run at (0,21728) width 17: "\x{E44}\x{E14}\x{E49}"
      text run at (0,21752) width 20: "\x{E02}\x{E36}\x{E49}\x{E19}"
      text run at (0,21776) width 18: "\x{E44}\x{E1B}"
      text run at (0,21800) width 21: "\x{E01}\x{E31}\x{E1A}"
      text run at (0,21824) width 19: "\x{E25}\x{E39}\x{E01}"
      text run at (0,21848) width 49: "\x{E1A}\x{E2D}\x{E25}\x{E25}\x{E39}\x{E19}"
      text run at (0,21872) width 29: "\x{E1E}\x{E32}\x{E22}\x{E38}"
      text run at (0,21896) width 35: "\x{E40}\x{E2B}\x{E19}\x{E37}\x{E2D}"
      text run at (0,21920) width 21: "\x{E01}\x{E31}\x{E1A}"
      text run at (0,21944) width 29: "\x{E1E}\x{E32}\x{E22}\x{E38}"
      text run at (0,21968) width 19: "\x{E43}\x{E15}\x{E49}"
      text run at (0,21992) width 19: "\x{E21}\x{E32}"
      text run at (0,22016) width 22: "\x{E1E}\x{E1A}"
      text run at (0,22040) width 20: "\x{E01}\x{E31}\x{E19}"
      text run at (0,22064) width 26: "\x{E15}\x{E23}\x{E07}"
      text run at (0,22088) width 11: "\x{E17}\x{E35}\x{E48}"
      text run at (0,22112) width 29: "\x{E1A}\x{E49}\x{E32}\x{E19}"
      text run at (0,22136) width 20: "\x{E1E}\x{E2D}"
      text run at (0,22160) width 11: "\x{E14}\x{E35}"
      text run at (0,22184) width 26: "\x{E41}\x{E25}\x{E30}"
      text run at (0,22208) width 19: "\x{E17}\x{E33}"
      text run at (0,22232) width 19: "\x{E43}\x{E2B}\x{E49}"
      text run at (0,22256) width 26: "\x{E15}\x{E23}\x{E07}"
      text run at (0,22280) width 20: "\x{E19}\x{E31}\x{E49}\x{E19}"
      text run at (0,22304) width 26: "\x{E40}\x{E1B}\x{E47}\x{E19}"
      text run at (0,22328) width 19: "\x{E08}\x{E38}\x{E14}"
      text run at (0,22352) width 30: "\x{E28}\x{E39}\x{E19}\x{E22}\x{E4C}"
      text run at (0,22376) width 35: "\x{E01}\x{E25}\x{E32}\x{E07}"
      text run at (0,22400) width 27: "\x{E02}\x{E2D}\x{E07}"
      text run at (0,22424) width 29: "\x{E1E}\x{E32}\x{E22}\x{E38}"
      text run at (0,22448) width 54: "\x{E44}\x{E0B}\x{E42}\x{E04}\x{E25}\x{E19}"
      text run at (0,22472) width 29: "\x{E15}\x{E32}\x{E21}"
      text run at (0,22496) width 31: "\x{E1B}\x{E01}\x{E15}\x{E34}"
      text run at (0,22520) width 26: "\x{E15}\x{E23}\x{E07}"
      text run at (0,22544) width 35: "\x{E01}\x{E25}\x{E32}\x{E07}"
      text run at (0,22568) width 29: "\x{E1E}\x{E32}\x{E22}\x{E38}"
      text run at (0,22592) width 54: "\x{E44}\x{E0B}\x{E42}\x{E04}\x{E25}\x{E19}"
      text run at (0,22616) width 46: "\x{E2D}\x{E32}\x{E01}\x{E32}\x{E28}"
      text run at (0,22640) width 16: "\x{E08}\x{E30}"
      text run at (0,22664) width 18: "\x{E19}\x{E34}\x{E48}\x{E07}"
      text run at (0,22688) width 20: "\x{E41}\x{E15}\x{E48}"
      text run at (0,22712) width 37: "\x{E04}\x{E27}\x{E32}\x{E21}"
      text run at (0,22736) width 40: "\x{E01}\x{E14}\x{E14}\x{E31}\x{E19}"
      text run at (0,22760) width 35: "\x{E2D}\x{E22}\x{E48}\x{E32}\x{E07}"
      text run at (0,22784) width 30: "\x{E2B}\x{E19}\x{E31}\x{E01}"
      text run at (0,22808) width 27: "\x{E02}\x{E2D}\x{E07}"
      text run at (0,22832) width 20: "\x{E25}\x{E21}"
      text run at (0,22856) width 20: "\x{E17}\x{E38}\x{E01}"
      text run at (0,22880) width 29: "\x{E14}\x{E49}\x{E32}\x{E19}"
      text run at (0,22904) width 28: "\x{E23}\x{E2D}\x{E1A}"
      text run at (0,22928) width 29: "\x{E1A}\x{E49}\x{E32}\x{E19}"
      text run at (0,22952) width 19: "\x{E17}\x{E33}"
      text run at (0,22976) width 19: "\x{E43}\x{E2B}\x{E49}"
      text run at (0,23000) width 29: "\x{E1A}\x{E49}\x{E32}\x{E19}"
      text run at (0,23024) width 29: "\x{E25}\x{E2D}\x{E22}"
      text run at (0,23048) width 18: "\x{E2A}\x{E39}\x{E07}"
      text run at (0,23072) width 20: "\x{E02}\x{E36}\x{E49}\x{E19}"
      text run at (0,23096) width 10: "\x{E46}"
      text run at (0,23120) width 19: "\x{E08}\x{E19}"
      text run at (0,23144) width 42: "\x{E01}\x{E23}\x{E30}\x{E17}\x{E31}\x{E48}\x{E07}"
      text run at (0,23168) width 20: "\x{E02}\x{E36}\x{E49}\x{E19}"
      text run at (0,23192) width 18: "\x{E44}\x{E1B}"
      text run at (0,23216) width 20: "\x{E2D}\x{E22}\x{E39}\x{E48}"
      text run at (0,23240) width 20: "\x{E2A}\x{E38}\x{E14}"
      text run at (0,23264) width 30: "\x{E22}\x{E2D}\x{E14}"
      text run at (0,23288) width 27: "\x{E02}\x{E2D}\x{E07}"
      text run at (0,23312) width 29: "\x{E1E}\x{E32}\x{E22}\x{E38}"
      text run at (0,23336) width 54: "\x{E44}\x{E0B}\x{E42}\x{E04}\x{E25}\x{E19}"
      text run at (0,23360) width 26: "\x{E41}\x{E25}\x{E30}"
      text run at (0,23384) width 27: "\x{E08}\x{E32}\x{E01}"
      text run at (0,23408) width 26: "\x{E15}\x{E23}\x{E07}"
      text run at (0,23432) width 20: "\x{E19}\x{E31}\x{E49}\x{E19}"
      text run at (0,23456) width 10: "\x{E01}\x{E47}"
      text run at (0,23480) width 20: "\x{E16}\x{E39}\x{E01}"
      text run at (0,23504) width 30: "\x{E2B}\x{E2D}\x{E1A}"
      text run at (0,23528) width 18: "\x{E44}\x{E1B}"
      text run at (0,23552) width 38: "\x{E2B}\x{E25}\x{E32}\x{E22}"
      text run at (0,23576) width 27: "\x{E44}\x{E21}\x{E25}\x{E4C}"
      text run at (0,23600) width 26: "\x{E07}\x{E48}\x{E32}\x{E22}"
      text run at (0,23624) width 28: "\x{E14}\x{E32}\x{E22}"
      text run at (0,23648) width 24: "\x{E23}\x{E32}\x{E27}"
      text run at (0,23672) width 21: "\x{E01}\x{E31}\x{E1A}"
      text run at (0,23696) width 30: "\x{E2B}\x{E2D}\x{E1A}"
      text run at (0,23720) width 20: "\x{E02}\x{E19}"
      text run at (0,23744) width 20: "\x{E19}\x{E01}"
      text run at (0,23768) width 21: "\x{E21}\x{E37}\x{E14}"
      text run at (0,23792) width 28: "\x{E21}\x{E32}\x{E01}"
      text run at (0,23816) width 27: "\x{E41}\x{E25}\x{E49}\x{E27}"
      text run at (0,23840) width 20: "\x{E25}\x{E21}"
      text run at (0,23864) width 18: "\x{E22}\x{E31}\x{E07}"
      text run at (0,23888) width 18: "\x{E2A}\x{E48}\x{E07}"
      text run at (0,23912) width 32: "\x{E40}\x{E2A}\x{E35}\x{E22}\x{E07}"
      text run at (0,23936) width 29: "\x{E2B}\x{E27}\x{E35}\x{E14}"
      text run at (0,23960) width 28: "\x{E2B}\x{E27}\x{E37}\x{E2D}"
      text run at (0,23984) width 19: "\x{E19}\x{E48}\x{E32}"
      text run at (0,24008) width 28: "\x{E01}\x{E25}\x{E31}\x{E27}"
      text run at (0,24032) width 20: "\x{E2D}\x{E22}\x{E39}\x{E48}"
      text run at (0,24056) width 28: "\x{E23}\x{E2D}\x{E1A}"
      text run at (0,24080) width 19: "\x{E15}\x{E31}\x{E27}"
      text run at (0,24104) width 24: "\x{E40}\x{E18}\x{E2D}"
      text run at (0,24128) width 20: "\x{E41}\x{E15}\x{E48}"
      text run at (0,24152) width 19: "\x{E42}\x{E14}"
      text run at (0,24176) width 25: "\x{E42}\x{E23}\x{E18}\x{E35}"
      text run at (0,24200) width 26: "\x{E40}\x{E2B}\x{E47}\x{E19}"
      text run at (0,24224) width 17: "\x{E27}\x{E48}\x{E32}"
      text run at (0,24248) width 24: "\x{E40}\x{E18}\x{E2D}"
      text run at (0,24272) width 54: "\x{E2A}\x{E32}\x{E21}\x{E32}\x{E23}\x{E16}"
      text run at (0,24296) width 18: "\x{E19}\x{E31}\x{E48}\x{E07}"
      text run at (0,24320) width 18: "\x{E44}\x{E1B}"
      text run at (0,24344) width 17: "\x{E44}\x{E14}\x{E49}"
      text run at (0,24368) width 28: "\x{E2D}\x{E22}\x{E48}\x{E32}"
      text run at (0,24392) width 34: "\x{E07}\x{E07}\x{E48}\x{E32}\x{E22}"
      text run at (0,24416) width 28: "\x{E14}\x{E32}\x{E22}"
      text run at (0,24440) width 20: "\x{E19}\x{E31}\x{E01}"
      text run at (0,24464) width 26: "\x{E04}\x{E23}\x{E31}\x{E49}\x{E07}"
      text run at (0,24488) width 28: "\x{E2B}\x{E19}\x{E36}\x{E48}\x{E07}"
      text run at (0,24512) width 28: "\x{E2B}\x{E25}\x{E31}\x{E07}"
      text run at (0,24536) width 27: "\x{E08}\x{E32}\x{E01}"
      text run at (0,24560) width 11: "\x{E17}\x{E35}\x{E48}"
      text run at (0,24584) width 29: "\x{E1A}\x{E49}\x{E32}\x{E19}"
      text run at (0,24608) width 37: "\x{E2A}\x{E30}\x{E14}\x{E38}\x{E14}"
      text run at (0,24632) width 35: "\x{E2D}\x{E22}\x{E48}\x{E32}\x{E07}"
      text run at (0,24656) width 25: "\x{E41}\x{E23}\x{E07}"
      text run at (0,24680) width 26: "\x{E41}\x{E25}\x{E30}"
      text run at (0,24704) width 31: "\x{E2B}\x{E21}\x{E38}\x{E19}"
      text run at (0,24728) width 18: "\x{E44}\x{E1B}"
      text run at (0,24752) width 28: "\x{E23}\x{E2D}\x{E1A}"
      text run at (0,24776) width 10: "\x{E46}"
      text run at (0,24800) width 27: "\x{E2A}\x{E2D}\x{E07}"
      text run at (0,24824) width 28: "\x{E2A}\x{E32}\x{E21}"
      text run at (0,24848) width 26: "\x{E04}\x{E23}\x{E31}\x{E49}\x{E07}"
      text run at (0,24872) width 19: "\x{E43}\x{E19}"
      text run at (0,24896) width 30: "\x{E15}\x{E2D}\x{E19}"
      text run at (0,24920) width 27: "\x{E41}\x{E23}\x{E01}"
      text run at (0,24944) width 24: "\x{E40}\x{E18}\x{E2D}"
      text run at (0,24968) width 10: "\x{E01}\x{E47}"
      text run at (0,24992) width 27: "\x{E23}\x{E39}\x{E49}\x{E2A}\x{E36}\x{E01}"
      text run at (0,25016) width 17: "\x{E27}\x{E48}\x{E32}"
      text run at (0,25040) width 19: "\x{E15}\x{E31}\x{E27}"
      text run at (0,25064) width 22: "\x{E40}\x{E2D}\x{E07}"
      text run at (0,25088) width 20: "\x{E16}\x{E39}\x{E01}"
      text run at (0,25112) width 35: "\x{E41}\x{E01}\x{E27}\x{E48}\x{E07}"
      text run at (0,25136) width 35: "\x{E2D}\x{E22}\x{E48}\x{E32}\x{E07}"
      text run at (0,25160) width 27: "\x{E41}\x{E1C}\x{E48}\x{E27}"
      text run at (0,25184) width 24: "\x{E40}\x{E1A}\x{E32}"
      text run at (0,25208) width 24: "\x{E23}\x{E32}\x{E27}"
      text run at (0,25232) width 36: "\x{E17}\x{E32}\x{E23}\x{E01}"
      text run at (0,25256) width 19: "\x{E43}\x{E19}"
      text run at (0,25280) width 25: "\x{E40}\x{E1B}\x{E25}"
      text run at (0,25304) width 19: "\x{E42}\x{E15}"
      text run at (0,25328) width 19: "\x{E42}\x{E15}\x{E49}"
      text run at (0,25352) width 17: "\x{E44}\x{E21}\x{E48}"
      text run at (0,25376) width 30: "\x{E0A}\x{E2D}\x{E1A}"
      text run at (0,25400) width 18: "\x{E43}\x{E08}"
      text run at (0,25424) width 25: "\x{E40}\x{E25}\x{E22}"
      text run at (0,25448) width 20: "\x{E21}\x{E31}\x{E19}"
      text run at (0,25472) width 16: "\x{E27}\x{E34}\x{E48}\x{E07}"
      text run at (0,25496) width 18: "\x{E44}\x{E1B}"
      text run at (0,25520) width 16: "\x{E27}\x{E34}\x{E48}\x{E07}"
      text run at (0,25544) width 19: "\x{E21}\x{E32}"
      text run at (0,25568) width 28: "\x{E23}\x{E2D}\x{E1A}"
      text run at (0,25592) width 27: "\x{E2B}\x{E49}\x{E2D}\x{E07}"
      text run at (0,25616) width 26: "\x{E17}\x{E32}\x{E07}"
      text run at (0,25640) width 28: "\x{E42}\x{E19}\x{E49}\x{E19}"
      text run at (0,25664) width 11: "\x{E17}\x{E35}"
      text run at (0,25688) width 26: "\x{E17}\x{E32}\x{E07}"
      text run at (0,25712) width 10: "\x{E19}\x{E35}\x{E49}"
      text run at (0,25736) width 11: "\x{E17}\x{E35}"
      text run at (0,25760) width 18: "\x{E2A}\x{E48}\x{E07}"
      text run at (0,25784) width 32: "\x{E40}\x{E2A}\x{E35}\x{E22}\x{E07}"
      text run at (0,25808) width 24: "\x{E40}\x{E2B}\x{E48}\x{E32}"
      text run at (0,25832) width 18: "\x{E14}\x{E31}\x{E07}"
      text run at (0,25856) width 27: "\x{E01}\x{E49}\x{E2D}\x{E07}"
      text run at (0,25880) width 20: "\x{E41}\x{E15}\x{E48}"
      text run at (0,25904) width 19: "\x{E42}\x{E14}"
      text run at (0,25928) width 25: "\x{E42}\x{E23}\x{E18}\x{E35}"
      text run at (0,25952) width 18: "\x{E19}\x{E31}\x{E48}\x{E07}"
      text run at (0,25976) width 18: "\x{E19}\x{E34}\x{E48}\x{E07}"
      text run at (0,26000) width 20: "\x{E2D}\x{E22}\x{E39}\x{E48}"
      text run at (0,26024) width 21: "\x{E1A}\x{E19}"
      text run at (0,26048) width 21: "\x{E1E}\x{E37}\x{E49}\x{E19}"
      text run at (0,26072) width 23: "\x{E40}\x{E1D}\x{E49}\x{E32}"
      text run at (0,26096) width 30: "\x{E04}\x{E2D}\x{E22}"
      text run at (0,26120) width 11: "\x{E14}\x{E39}"
      text run at (0,26144) width 17: "\x{E27}\x{E48}\x{E32}"
      text run at (0,26168) width 16: "\x{E08}\x{E30}"
      text run at (0,26192) width 25: "\x{E40}\x{E01}\x{E34}\x{E14}"
      text run at (0,26216) width 31: "\x{E2D}\x{E30}\x{E44}\x{E23}"
      text run at (0,26240) width 20: "\x{E02}\x{E36}\x{E49}\x{E19}"
      text run at (0,26264) width 26: "\x{E04}\x{E23}\x{E31}\x{E49}\x{E07}"
      text run at (0,26288) width 28: "\x{E2B}\x{E19}\x{E36}\x{E48}\x{E07}"
      text run at (0,26312) width 19: "\x{E42}\x{E15}"
      text run at (0,26336) width 19: "\x{E42}\x{E15}\x{E49}"
      text run at (0,26360) width 23: "\x{E40}\x{E02}\x{E49}\x{E32}"
      text run at (0,26384) width 18: "\x{E44}\x{E1B}"
      text run at (0,26408) width 28: "\x{E43}\x{E01}\x{E25}\x{E49}"
      text run at (0,26432) width 18: "\x{E1D}\x{E32}"
      text run at (0,26456) width 11: "\x{E17}\x{E35}\x{E48}"
      text run at (0,26480) width 21: "\x{E1E}\x{E37}\x{E49}\x{E19}"
      text run at (0,26504) width 28: "\x{E21}\x{E32}\x{E01}"
      text run at (0,26528) width 18: "\x{E44}\x{E1B}"
      text run at (0,26552) width 25: "\x{E40}\x{E25}\x{E22}"
      text run at (0,26576) width 31: "\x{E1E}\x{E25}\x{E31}\x{E14}"
      text run at (0,26600) width 37: "\x{E15}\x{E01}\x{E25}\x{E07}"
      text run at (0,26624) width 18: "\x{E44}\x{E1B}"
      text run at (0,26648) width 11: "\x{E17}\x{E35}"
      text run at (0,26672) width 27: "\x{E41}\x{E23}\x{E01}"
      text run at (0,26696) width 25: "\x{E40}\x{E14}\x{E47}\x{E01}"
      text run at (0,26720) width 31: "\x{E2B}\x{E0D}\x{E34}\x{E07}"
      text run at (0,26744) width 21: "\x{E04}\x{E34}\x{E14}"
      text run at (0,26768) width 17: "\x{E27}\x{E48}\x{E32}"
      text run at (0,26792) width 24: "\x{E40}\x{E18}\x{E2D}"
      text run at (0,26816) width 16: "\x{E08}\x{E30}"
      text run at (0,26840) width 23: "\x{E2A}\x{E39}\x{E0D}"
      text run at (0,26864) width 25: "\x{E40}\x{E2A}\x{E35}\x{E22}"
      text run at (0,26888) width 20: "\x{E21}\x{E31}\x{E19}"
      text run at (0,26912) width 18: "\x{E44}\x{E1B}"
      text run at (0,26936) width 25: "\x{E40}\x{E2A}\x{E35}\x{E22}"
      text run at (0,26960) width 27: "\x{E41}\x{E25}\x{E49}\x{E27}"
      text run at (0,26984) width 20: "\x{E41}\x{E15}\x{E48}"
      text run at (0,27008) width 18: "\x{E0A}\x{E31}\x{E48}\x{E27}"
      text run at (0,27032) width 18: "\x{E04}\x{E23}\x{E39}\x{E48}"
      text run at (0,27056) width 24: "\x{E40}\x{E18}\x{E2D}"
      text run at (0,27080) width 10: "\x{E01}\x{E47}"
      text run at (0,27104) width 26: "\x{E40}\x{E2B}\x{E47}\x{E19}"
      text run at (0,27128) width 11: "\x{E2B}\x{E39}"
      text run at (0,27152) width 27: "\x{E02}\x{E2D}\x{E07}"
      text run at (0,27176) width 20: "\x{E21}\x{E31}\x{E19}"
      text run at (0,27200) width 28: "\x{E42}\x{E1C}\x{E25}\x{E48}"
      text run at (0,27224) width 20: "\x{E02}\x{E36}\x{E49}\x{E19}"
      text run at (0,27248) width 19: "\x{E21}\x{E32}"
      text run at (0,27272) width 27: "\x{E08}\x{E32}\x{E01}"
      text run at (0,27296) width 27: "\x{E0A}\x{E48}\x{E2D}\x{E07}"
      text run at (0,27320) width 20: "\x{E19}\x{E31}\x{E49}\x{E19}"
      text run at (0,27344) width 18: "\x{E17}\x{E31}\x{E49}\x{E07}"
      text run at (0,27368) width 10: "\x{E19}\x{E35}\x{E49}"
      text run at (0,27392) width 39: "\x{E40}\x{E1E}\x{E23}\x{E32}\x{E30}"
      text run at (0,27416) width 25: "\x{E41}\x{E23}\x{E07}"
      text run at (0,27440) width 20: "\x{E01}\x{E14}"
      text run at (0,27464) width 35: "\x{E2D}\x{E22}\x{E48}\x{E32}\x{E07}"
      text run at (0,27488) width 30: "\x{E2B}\x{E19}\x{E31}\x{E01}"
      text run at (0,27512) width 27: "\x{E02}\x{E2D}\x{E07}"
      text run at (0,27536) width 46: "\x{E2D}\x{E32}\x{E01}\x{E32}\x{E28}"
      text run at (0,27560) width 19: "\x{E17}\x{E33}"
      text run at (0,27584) width 19: "\x{E43}\x{E2B}\x{E49}"
      text run at (0,27608) width 19: "\x{E42}\x{E15}"
      text run at (0,27632) width 19: "\x{E42}\x{E15}\x{E49}"
      text run at (0,27656) width 17: "\x{E44}\x{E21}\x{E48}"
      text run at (0,27680) width 37: "\x{E15}\x{E01}\x{E25}\x{E07}"
      text run at (0,27704) width 18: "\x{E44}\x{E1B}"
      text run at (0,27728) width 25: "\x{E02}\x{E49}\x{E32}\x{E07}"
      text run at (0,27752) width 26: "\x{E25}\x{E48}\x{E32}\x{E07}"
      text run at (0,27776) width 19: "\x{E42}\x{E14}"
      text run at (0,27800) width 25: "\x{E42}\x{E23}\x{E18}\x{E35}"
      text run at (0,27824) width 38: "\x{E04}\x{E25}\x{E32}\x{E19}"
      text run at (0,27848) width 18: "\x{E44}\x{E1B}"
      text run at (0,27872) width 11: "\x{E17}\x{E35}\x{E48}"
      text run at (0,27896) width 27: "\x{E0A}\x{E48}\x{E2D}\x{E07}"
      text run at (0,27920) width 20: "\x{E19}\x{E31}\x{E49}\x{E19}"
      text run at (0,27944) width 19: "\x{E08}\x{E31}\x{E1A}"
      text run at (0,27968) width 11: "\x{E2B}\x{E39}"
      text run at (0,27992) width 19: "\x{E42}\x{E15}"
      text run at (0,28016) width 19: "\x{E42}\x{E15}\x{E49}"
      text run at (0,28040) width 15: "\x{E44}\x{E27}\x{E49}"
      text run at (0,28064) width 17: "\x{E44}\x{E14}\x{E49}"
      text run at (0,28088) width 26: "\x{E41}\x{E25}\x{E30}"
      text run at (0,28112) width 28: "\x{E25}\x{E32}\x{E01}"
      text run at (0,28136) width 20: "\x{E21}\x{E31}\x{E19}"
      text run at (0,28160) width 19: "\x{E21}\x{E32}"
      text run at (0,28184) width 11: "\x{E17}\x{E35}\x{E48}"
      text run at (0,28208) width 27: "\x{E2B}\x{E49}\x{E2D}\x{E07}"
      text run at (0,28232) width 19: "\x{E2D}\x{E35}\x{E01}"
      text run at (0,28256) width 28: "\x{E2B}\x{E25}\x{E31}\x{E07}"
      text run at (0,28280) width 27: "\x{E08}\x{E32}\x{E01}"
      text run at (0,28304) width 20: "\x{E19}\x{E31}\x{E49}\x{E19}"
      text run at (0,28328) width 10: "\x{E01}\x{E47}"
      text run at (0,28352) width 21: "\x{E1B}\x{E34}\x{E14}"
      text run at (0,28376) width 18: "\x{E1D}\x{E32}"
      text run at (0,28400) width 21: "\x{E1E}\x{E37}\x{E49}\x{E19}"
      text run at (0,28424) width 26: "\x{E40}\x{E1E}\x{E37}\x{E48}\x{E2D}"
      text run at (0,28448) width 16: "\x{E08}\x{E30}"
      text run at (0,28472) width 17: "\x{E44}\x{E14}\x{E49}"
      text run at (0,28496) width 17: "\x{E44}\x{E21}\x{E48}"
      text run at (0,28520) width 25: "\x{E40}\x{E01}\x{E34}\x{E14}"
      text run at (0,28544) width 55: "\x{E2D}\x{E38}\x{E1A}\x{E31}\x{E15}\x{E34}\x{E40}\x{E2B}\x{E15}\x{E38}"
      text run at (0,28568) width 19: "\x{E2D}\x{E35}\x{E01}"
      text run at (0,28592) width 44: "\x{E0A}\x{E31}\x{E48}\x{E27}\x{E42}\x{E21}\x{E07}"
      text run at (0,28616) width 27: "\x{E41}\x{E25}\x{E49}\x{E27}"
      text run at (0,28640) width 44: "\x{E0A}\x{E31}\x{E48}\x{E27}\x{E42}\x{E21}\x{E07}"
      text run at (0,28664) width 23: "\x{E40}\x{E25}\x{E48}\x{E32}"
      text run at (0,28688) width 28: "\x{E1C}\x{E48}\x{E32}\x{E19}"
      text run at (0,28712) width 18: "\x{E44}\x{E1B}"
      text run at (0,28736) width 19: "\x{E42}\x{E14}"
      text run at (0,28760) width 25: "\x{E42}\x{E23}\x{E18}\x{E35}"
      text run at (0,28784) width 30: "\x{E04}\x{E48}\x{E2D}\x{E22}"
      text run at (0,28808) width 10: "\x{E46}"
      text run at (0,28832) width 28: "\x{E2B}\x{E32}\x{E22}"
      text run at (0,28856) width 28: "\x{E01}\x{E25}\x{E31}\x{E27}"
      text run at (0,28880) width 20: "\x{E41}\x{E15}\x{E48}"
      text run at (0,28904) width 24: "\x{E40}\x{E18}\x{E2D}"
      text run at (0,28928) width 27: "\x{E23}\x{E39}\x{E49}\x{E2A}\x{E36}\x{E01}"
      text run at (0,28952) width 31: "\x{E40}\x{E2B}\x{E07}\x{E32}"
      text run at (0,28976) width 34: "\x{E40}\x{E2B}\x{E25}\x{E37}\x{E2D}"
      text run at (0,29000) width 25: "\x{E40}\x{E01}\x{E34}\x{E19}"
      text run at (0,29024) width 26: "\x{E41}\x{E25}\x{E30}"
      text run at (0,29048) width 20: "\x{E25}\x{E21}"
      text run at (0,29072) width 10: "\x{E01}\x{E47}"
      text run at (0,29096) width 18: "\x{E2A}\x{E48}\x{E07}"
      text run at (0,29120) width 32: "\x{E40}\x{E2A}\x{E35}\x{E22}\x{E07}"
      text run at (0,29144) width 29: "\x{E2B}\x{E27}\x{E35}\x{E14}"
      text run at (0,29168) width 28: "\x{E2B}\x{E27}\x{E37}\x{E2D}"
      text run at (0,29192) width 18: "\x{E14}\x{E31}\x{E07}"
      text run at (0,29216) width 25: "\x{E40}\x{E2A}\x{E35}\x{E22}"
      text run at (0,29240) width 19: "\x{E08}\x{E19}"
      text run at (0,29264) width 24: "\x{E40}\x{E18}\x{E2D}"
      text run at (0,29288) width 30: "\x{E41}\x{E17}\x{E1A}"
      text run at (0,29312) width 16: "\x{E08}\x{E30}"
      text run at (0,29336) width 11: "\x{E2B}\x{E39}"
      text run at (0,29360) width 38: "\x{E2B}\x{E19}\x{E27}\x{E01}"
      text run at (0,29384) width 11: "\x{E17}\x{E35}"
      text run at (0,29408) width 27: "\x{E41}\x{E23}\x{E01}"
      text run at (0,29432) width 24: "\x{E40}\x{E18}\x{E2D}"
      text run at (0,29456) width 37: "\x{E2A}\x{E07}\x{E2A}\x{E31}\x{E22}"
      text run at (0,29480) width 17: "\x{E27}\x{E48}\x{E32}"
      text run at (0,29504) width 18: "\x{E04}\x{E07}"
      text run at (0,29528) width 16: "\x{E08}\x{E30}"
      text run at (0,29552) width 20: "\x{E16}\x{E39}\x{E01}"
      text run at (0,29576) width 20: "\x{E09}\x{E35}\x{E01}"
      text run at (0,29600) width 52: "\x{E01}\x{E23}\x{E30}\x{E0A}\x{E32}\x{E01}"
      text run at (0,29624) width 29: "\x{E2D}\x{E2D}\x{E01}"
      text run at (0,29648) width 26: "\x{E40}\x{E1B}\x{E47}\x{E19}"
      text run at (0,29672) width 20: "\x{E0A}\x{E34}\x{E49}\x{E19}"
      text run at (0,29696) width 24: "\x{E40}\x{E25}\x{E47}\x{E01}"
      text run at (0,29720) width 20: "\x{E0A}\x{E34}\x{E49}\x{E19}"
      text run at (0,29744) width 29: "\x{E19}\x{E49}\x{E2D}\x{E22}"
      text run at (0,29768) width 25: "\x{E40}\x{E21}\x{E37}\x{E48}\x{E2D}"
      text run at (0,29792) width 29: "\x{E1A}\x{E49}\x{E32}\x{E19}"
      text run at (0,29816) width 25: "\x{E40}\x{E2D}\x{E19}"
      text run at (0,29840) width 20: "\x{E25}\x{E49}\x{E21}"
      text run at (0,29864) width 17: "\x{E25}\x{E07}"
      text run at (0,29888) width 19: "\x{E2D}\x{E35}\x{E01}"
      text run at (0,29912) width 26: "\x{E04}\x{E23}\x{E31}\x{E49}\x{E07}"
      text run at (0,29936) width 20: "\x{E41}\x{E15}\x{E48}"
      text run at (0,29960) width 38: "\x{E2B}\x{E25}\x{E32}\x{E22}"
      text run at (0,29984) width 44: "\x{E0A}\x{E31}\x{E48}\x{E27}\x{E42}\x{E21}\x{E07}"
      text run at (0,30008) width 28: "\x{E1C}\x{E48}\x{E32}\x{E19}"
      text run at (0,30032) width 18: "\x{E44}\x{E1B}"
      text run at (0,30056) width 10: "\x{E01}\x{E47}"
      text run at (0,30080) width 17: "\x{E44}\x{E21}\x{E48}"
      text run at (0,30104) width 11: "\x{E21}\x{E35}"
      text run at (0,30128) width 31: "\x{E2D}\x{E30}\x{E44}\x{E23}"
      text run at (0,30152) width 25: "\x{E40}\x{E01}\x{E34}\x{E14}"
      text run at (0,30176) width 20: "\x{E02}\x{E36}\x{E49}\x{E19}"
      text run at (0,30200) width 24: "\x{E40}\x{E18}\x{E2D}"
      text run at (0,30224) width 25: "\x{E40}\x{E25}\x{E22}"
      text run at (0,30248) width 24: "\x{E40}\x{E25}\x{E34}\x{E01}"
      text run at (0,30272) width 28: "\x{E27}\x{E34}\x{E15}\x{E01}"
      text run at (0,30296) width 26: "\x{E41}\x{E25}\x{E30}"
      text run at (0,30320) width 40: "\x{E15}\x{E31}\x{E14}\x{E2A}\x{E34}\x{E19}"
      text run at (0,30344) width 18: "\x{E43}\x{E08}"
      text run at (0,30368) width 30: "\x{E04}\x{E2D}\x{E22}"
      text run at (0,30392) width 11: "\x{E14}\x{E39}"
      text run at (0,30416) width 35: "\x{E2D}\x{E22}\x{E48}\x{E32}\x{E07}"
      text run at (0,30440) width 28: "\x{E2A}\x{E07}\x{E1A}"
      text run at (0,30464) width 26: "\x{E41}\x{E25}\x{E30}"
      text run at (0,30488) width 17: "\x{E23}\x{E2D}"
      text run at (0,30512) width 17: "\x{E27}\x{E48}\x{E32}"
      text run at (0,30536) width 48: "\x{E2D}\x{E19}\x{E32}\x{E04}\x{E15}"
      text run at (0,30560) width 16: "\x{E08}\x{E30}"
      text run at (0,30584) width 26: "\x{E40}\x{E1B}\x{E47}\x{E19}"
      text run at (0,30608) width 50: "\x{E2D}\x{E22}\x{E48}\x{E32}\x{E07}\x{E44}\x{E23}"
      text run at (0,30632) width 19: "\x{E43}\x{E19}"
      text run at (0,30656) width 11: "\x{E17}\x{E35}\x{E48}"
      text run at (0,30680) width 20: "\x{E2A}\x{E38}\x{E14}"
      text run at (0,30704) width 24: "\x{E40}\x{E18}\x{E2D}"
      text run at (0,30728) width 38: "\x{E04}\x{E25}\x{E32}\x{E19}"
      text run at (0,30752) width 27: "\x{E08}\x{E32}\x{E01}"
      text run at (0,30776) width 21: "\x{E1E}\x{E37}\x{E49}\x{E19}"
      text run at (0,30800) width 27: "\x{E2B}\x{E49}\x{E2D}\x{E07}"
      text run at (0,30824) width 11: "\x{E17}\x{E35}\x{E48}"
      text run at (0,30848) width 28: "\x{E42}\x{E22}\x{E01}"
      text run at (0,30872) width 18: "\x{E44}\x{E1B}"
      text run at (0,30896) width 19: "\x{E21}\x{E32}"
      text run at (0,30920) width 20: "\x{E02}\x{E36}\x{E49}\x{E19}"
      text run at (0,30944) width 18: "\x{E44}\x{E1B}"
      text run at (0,30968) width 21: "\x{E1A}\x{E19}"
      text run at (0,30992) width 33: "\x{E40}\x{E15}\x{E35}\x{E22}\x{E07}"
      text run at (0,31016) width 27: "\x{E41}\x{E25}\x{E49}\x{E27}"
      text run at (0,31040) width 10: "\x{E01}\x{E47}"
      text run at (0,31064) width 30: "\x{E19}\x{E2D}\x{E19}"
      text run at (0,31088) width 17: "\x{E25}\x{E07}"
      text run at (0,31112) width 19: "\x{E42}\x{E15}"
      text run at (0,31136) width 19: "\x{E42}\x{E15}\x{E49}"
      text run at (0,31160) width 29: "\x{E15}\x{E32}\x{E21}"
      text run at (0,31184) width 21: "\x{E15}\x{E34}\x{E14}"
      text run at (0,31208) width 19: "\x{E21}\x{E32}"
      text run at (0,31232) width 30: "\x{E19}\x{E2D}\x{E19}"
      text run at (0,31256) width 17: "\x{E25}\x{E07}"
      text run at (0,31280) width 28: "\x{E43}\x{E01}\x{E25}\x{E49}"
      text run at (0,31304) width 10: "\x{E46}"
      text run at (0,31328) width 24: "\x{E40}\x{E18}\x{E2D}"
      text run at (0,31352) width 17: "\x{E44}\x{E21}\x{E48}"
      text run at (0,31376) width 18: "\x{E0A}\x{E49}\x{E32}"
      text run at (0,31400) width 19: "\x{E42}\x{E14}"
      text run at (0,31424) width 25: "\x{E42}\x{E23}\x{E18}\x{E35}"
      text run at (0,31448) width 10: "\x{E01}\x{E47}"
      text run at (0,31472) width 21: "\x{E1B}\x{E34}\x{E14}"
      text run at (0,31496) width 19: "\x{E15}\x{E32}"
      text run at (0,31520) width 17: "\x{E25}\x{E07}"
      text run at (0,31544) width 30: "\x{E2B}\x{E25}\x{E31}\x{E1A}"
      text run at (0,31568) width 38: "\x{E1C}\x{E25}\x{E47}\x{E2D}\x{E22}"
      text run at (0,31592) width 18: "\x{E44}\x{E1B}"
      text run at (0,31616) width 35: "\x{E2D}\x{E22}\x{E48}\x{E32}\x{E07}"
      text run at (0,31640) width 30: "\x{E2A}\x{E19}\x{E34}\x{E17}"
      text run at (0,31664) width 18: "\x{E17}\x{E31}\x{E49}\x{E07}"
      text run at (0,31688) width 10: "\x{E46}"
      text run at (0,31712) width 11: "\x{E17}\x{E35}\x{E48}"
      text run at (0,31736) width 29: "\x{E1A}\x{E49}\x{E32}\x{E19}"
      text run at (0,31760) width 28: "\x{E42}\x{E22}\x{E01}"
      text run at (0,31784) width 18: "\x{E44}\x{E1B}"
      text run at (0,31808) width 19: "\x{E21}\x{E32}"
      text run at (0,31832) width 26: "\x{E41}\x{E25}\x{E30}"
      text run at (0,31856) width 20: "\x{E25}\x{E21}"
      text run at (0,31880) width 10: "\x{E01}\x{E47}"
      text run at (0,31904) width 34: "\x{E04}\x{E23}\x{E32}\x{E07}"
      text run at (0,31928) width 29: "\x{E2B}\x{E27}\x{E35}\x{E14}"
      text run at (0,31952) width 28: "\x{E2B}\x{E27}\x{E37}\x{E2D}"
