layer at (0,0) size 800x600
  RenderView at (0,0) size 800x600
layer at (0,0) size 800x324
  RenderBlock {HTML} at (0,0) size 800x324
    RenderBody {BODY} at (8,8) size 784x308
      RenderBlock {DIV} at (0,0) size 784x308
        RenderBlock (anonymous) at (0,0) size 784x40
          RenderText {#text} at (0,0) size 778x39
            text run at (0,0) width 778: "In all four cases below, the exclamation mark should be on the left side of the first line and on the right side of the second"
            text run at (0,20) width 28: "line."
        RenderBlock {DIV} at (0,40) size 784x268
          RenderBR {BR} at (363,47) size 0x19
          RenderBR {BR} at (363,114) size 0x19
          RenderBR {BR} at (363,181) size 0x19
          RenderText {#text} at (0,0) size 0x0
layer at (8,48) size 363x62 clip at (9,49) size 361x60
  RenderTextControl {TEXTAREA} at (0,0) size 363x62 [bgcolor=#FFFFFF] [border: (1px solid #3C3C4399)]
    RenderBlock {DIV} at (6,3) size 351x42
      RenderText {#text} at (0,0) size 350x28
        text run at (321,0) width 29 RTL: "\x{5E9}\x{5DC}\x{5D5}\x{5DD}!"
        text run at (350,0) width 0: " "
        text run at (0,14) width 29: "hello!"
        text run at (28,14) width 1: " "
      RenderBR {BR} at (0,28) size 0x14
layer at (8,115) size 363x62 clip at (9,116) size 361x60
  RenderTextControl {TEXTAREA} at (0,67) size 363x62 [bgcolor=#FFFFFF] [border: (1px solid #3C3C4399)]
    RenderBlock {DIV} at (6,3) size 351x42
      RenderText {#text} at (0,0) size 350x28
        text run at (321,0) width 29 RTL: "\x{5E9}\x{5DC}\x{5D5}\x{5DD}!"
        text run at (350,0) width 0: " "
        text run at (0,14) width 29: "hello!"
        text run at (28,14) width 1: " "
      RenderBR {BR} at (0,28) size 0x14
layer at (8,182) size 363x62 clip at (9,183) size 361x60
  RenderTextControl {TEXTAREA} at (0,134) size 363x62 [bgcolor=#FFFFFF] [border: (1px solid #3C3C4399)]
    RenderBlock {DIV} at (6,3) size 351x42
      RenderText {#text} at (0,0) size 350x28
        text run at (321,0) width 29 RTL: "\x{5E9}\x{5DC}\x{5D5}\x{5DD}!"
        text run at (350,0) width 0: " "
        text run at (0,14) width 29: "hello!"
        text run at (28,14) width 1: " "
      RenderBR {BR} at (0,28) size 0x14
layer at (8,249) size 363x62 clip at (9,250) size 361x60
  RenderTextControl {TEXTAREA} at (0,201) size 363x62 [bgcolor=#FFFFFF] [border: (1px solid #3C3C4399)]
    RenderBlock {DIV} at (6,3) size 351x42
      RenderText {#text} at (0,0) size 350x28
        text run at (321,0) width 29 RTL: "\x{5E9}\x{5DC}\x{5D5}\x{5DD}!"
        text run at (350,0) width 0: " "
        text run at (0,14) width 29: "hello!"
        text run at (28,14) width 1: " "
      RenderBR {BR} at (0,28) size 0x14
