layer at (0,0) size 785x879
  RenderView at (0,0) size 785x600
layer at (0,0) size 785x879
  RenderBlock {HTML} at (0,0) size 785x880
    RenderBody {BODY} at (8,8) size 769x851
layer at (8,8) size 512x850
  RenderBlock (relative positioned) {DIV} at (0,0) size 512x851
    RenderBlock {H2} at (0,0) size 512x30
      RenderText {#text} at (0,-4) size 89x37
        text run at (0,-3) width 89: "Bug 1"
    RenderBlock {P} at (0,55) size 512x236
      RenderText {#text} at (0,2) size 504x143
        text run at (0,2) width 456: "Safari public beta does not support CSS absolute"
        text run at (0,31) width 504: "positioning correctly (if at all). Immediately following"
        text run at (0,61) width 459: "the text position marked by the dagger, there is a"
        text run at (0,90) width 491: "<span> element that is positioned to the right of the"
        text run at (0,119) width 394: "<div> block that contains this paragraph\x{2020}"
      RenderText {#text} at (0,119) size 501x114
        text run at (393,119) width 99: ". In IE 5.x,"
        text run at (0,149) width 470: "Mozilla 1.2, and Chimera 0.6+, the contents of the"
        text run at (0,178) width 501: "<span> element appears in the margin directly to the"
        text run at (0,207) width 180: "right of the dagger."
    RenderBlock {P} at (0,311) size 512x89
      RenderText {#text} at (0,2) size 507x84
        text run at (0,2) width 507: "I should note that Chimera 0.6 rendered this test with"
        text run at (0,31) width 487: "the marginal note shifted down by one line; this has"
        text run at (0,61) width 303: "been fixed in subsequent builds."
    RenderBlock {H2} at (0,426) size 512x30
      RenderText {#text} at (0,-4) size 93x37
        text run at (0,-3) width 93: "Bug 2"
    RenderBlock {P} at (0,482) size 512x59
      RenderText {#text} at (0,7) size 504x45
        text run at (0,7) width 504: "Fonts also render substantially smaller than other browsers, which is not a good thing"
        text run at (0,36) width 484: "when you consider that most sites specify fonts that are too small in the first place."
    RenderBlock {P} at (0,562) size 512x89
      RenderText {#text} at (0,2) size 511x84
        text run at (0,2) width 511: "At the very least, the preferences panel needs a default"
        text run at (0,31) width 488: "text-zoom setting to enable compatibility with other"
        text run at (0,61) width 92: "browsers."
    RenderBlock {H2} at (0,676) size 512x31
      RenderText {#text} at (0,-4) size 93x37
        text run at (0,-3) width 93: "Bug 3"
    RenderBlock {P} at (0,732) size 512x119
      RenderText {#text} at (0,2) size 72x25
        text run at (0,2) width 72: "Worse, "
      RenderInline {I} at (0,2) size 490x55
        RenderText {#text} at (0,2) size 490x55
          text run at (71,2) width 419: "the \"make text bigger\" button does not scale"
          text run at (0,31) width 328: "line-height when it scales font-size"
      RenderText {#text} at (0,31) size 497x84
        text run at (327,31) width 170: " (hit it a few times"
        text run at (0,61) width 490: "on this page). This is a crippling flaw for people who"
        text run at (0,90) width 429: "need to enlarge the fonts to read comfortably."
layer at (547,181) size 200x48
  RenderBlock (positioned) {SPAN} at (538,173) size 201x49
    RenderText {#text} at (0,-2) size 200x52
      text run at (0,-1) width 200: "\x{2190} this should be to the right of"
      text run at (0,14) width 177: "the paragraph, lining up with"
      text run at (0,30) width 68: "the dagger"
