layer at (0,0) size 785x2168
  RenderView at (0,0) size 785x600
layer at (0,0) size 785x600
  RenderBlock {HTML} at (0,0) size 785x600
    RenderBody {BODY} at (8,8) size 769x584
      RenderBlock (anonymous) at (0,0) size 769x18
        RenderText {#text} at (0,0) size 121x18
          text run at (0,0) width 121: "Content at the end."
layer at (8,8) size 16x2160
  RenderBlock (positioned) {DIV} at (0,0) size 16x2160
    RenderText {#text} at (0,0) size 8x18
      text run at (0,0) width 8: "1"
    RenderBR {BR} at (8,0) size 0x18
    RenderText {#text} at (0,18) size 8x18
      text run at (0,18) width 8: "2"
    RenderBR {BR} at (8,18) size 0x18
    RenderText {#text} at (0,36) size 8x18
      text run at (0,36) width 8: "3"
    RenderBR {BR} at (8,36) size 0x18
    RenderText {#text} at (0,54) size 8x18
      text run at (0,54) width 8: "4"
    RenderBR {BR} at (8,54) size 0x18
    RenderText {#text} at (0,72) size 8x18
      text run at (0,72) width 8: "5"
    RenderBR {BR} at (8,72) size 0x18
    RenderText {#text} at (0,90) size 8x18
      text run at (0,90) width 8: "6"
    RenderBR {BR} at (8,90) size 0x18
    RenderText {#text} at (0,108) size 8x18
      text run at (0,108) width 8: "7"
    RenderBR {BR} at (8,108) size 0x18
    RenderText {#text} at (0,126) size 8x18
      text run at (0,126) width 8: "8"
    RenderBR {BR} at (8,126) size 0x18
    RenderText {#text} at (0,144) size 8x18
      text run at (0,144) width 8: "9"
    RenderBR {BR} at (8,144) size 0x18
    RenderText {#text} at (0,162) size 16x18
      text run at (0,162) width 16: "10"
    RenderBR {BR} at (16,162) size 0x18
    RenderText {#text} at (0,180) size 16x18
      text run at (0,180) width 16: "11"
    RenderBR {BR} at (15,180) size 1x18
    RenderText {#text} at (0,198) size 16x18
      text run at (0,198) width 16: "12"
    RenderBR {BR} at (16,198) size 0x18
    RenderText {#text} at (0,216) size 16x18
      text run at (0,216) width 16: "13"
    RenderBR {BR} at (16,216) size 0x18
    RenderText {#text} at (0,234) size 16x18
      text run at (0,234) width 16: "14"
    RenderBR {BR} at (16,234) size 0x18
    RenderText {#text} at (0,252) size 16x18
      text run at (0,252) width 16: "15"
    RenderBR {BR} at (16,252) size 0x18
    RenderText {#text} at (0,270) size 16x18
      text run at (0,270) width 16: "16"
    RenderBR {BR} at (16,270) size 0x18
    RenderText {#text} at (0,288) size 16x18
      text run at (0,288) width 16: "17"
    RenderBR {BR} at (16,288) size 0x18
    RenderText {#text} at (0,306) size 16x18
      text run at (0,306) width 16: "18"
    RenderBR {BR} at (16,306) size 0x18
    RenderText {#text} at (0,324) size 16x18
      text run at (0,324) width 16: "19"
    RenderBR {BR} at (16,324) size 0x18
    RenderText {#text} at (0,342) size 16x18
      text run at (0,342) width 16: "20"
    RenderBR {BR} at (16,342) size 0x18
    RenderText {#text} at (0,360) size 8x18
      text run at (0,360) width 8: "1"
    RenderBR {BR} at (8,360) size 0x18
    RenderText {#text} at (0,378) size 8x18
      text run at (0,378) width 8: "2"
    RenderBR {BR} at (8,378) size 0x18
    RenderText {#text} at (0,396) size 8x18
      text run at (0,396) width 8: "3"
    RenderBR {BR} at (8,396) size 0x18
    RenderText {#text} at (0,414) size 8x18
      text run at (0,414) width 8: "4"
    RenderBR {BR} at (8,414) size 0x18
    RenderText {#text} at (0,432) size 8x18
      text run at (0,432) width 8: "5"
    RenderBR {BR} at (8,432) size 0x18
    RenderText {#text} at (0,450) size 8x18
      text run at (0,450) width 8: "6"
    RenderBR {BR} at (8,450) size 0x18
    RenderText {#text} at (0,468) size 8x18
      text run at (0,468) width 8: "7"
    RenderBR {BR} at (8,468) size 0x18
    RenderText {#text} at (0,486) size 8x18
      text run at (0,486) width 8: "8"
    RenderBR {BR} at (8,486) size 0x18
    RenderText {#text} at (0,504) size 8x18
      text run at (0,504) width 8: "9"
    RenderBR {BR} at (8,504) size 0x18
    RenderText {#text} at (0,522) size 16x18
      text run at (0,522) width 16: "10"
    RenderBR {BR} at (16,522) size 0x18
    RenderText {#text} at (0,540) size 16x18
      text run at (0,540) width 16: "11"
    RenderBR {BR} at (15,540) size 1x18
    RenderText {#text} at (0,558) size 16x18
      text run at (0,558) width 16: "12"
    RenderBR {BR} at (16,558) size 0x18
    RenderText {#text} at (0,576) size 16x18
      text run at (0,576) width 16: "13"
    RenderBR {BR} at (16,576) size 0x18
    RenderText {#text} at (0,594) size 16x18
      text run at (0,594) width 16: "14"
    RenderBR {BR} at (16,594) size 0x18
    RenderText {#text} at (0,612) size 16x18
      text run at (0,612) width 16: "15"
    RenderBR {BR} at (16,612) size 0x18
    RenderText {#text} at (0,630) size 16x18
      text run at (0,630) width 16: "16"
    RenderBR {BR} at (16,630) size 0x18
    RenderText {#text} at (0,648) size 16x18
      text run at (0,648) width 16: "17"
    RenderBR {BR} at (16,648) size 0x18
    RenderText {#text} at (0,666) size 16x18
      text run at (0,666) width 16: "18"
    RenderBR {BR} at (16,666) size 0x18
    RenderText {#text} at (0,684) size 16x18
      text run at (0,684) width 16: "19"
    RenderBR {BR} at (16,684) size 0x18
    RenderText {#text} at (0,702) size 16x18
      text run at (0,702) width 16: "20"
    RenderBR {BR} at (16,702) size 0x18
    RenderText {#text} at (0,720) size 8x18
      text run at (0,720) width 8: "1"
    RenderBR {BR} at (8,720) size 0x18
    RenderText {#text} at (0,738) size 8x18
      text run at (0,738) width 8: "2"
    RenderBR {BR} at (8,738) size 0x18
    RenderText {#text} at (0,756) size 8x18
      text run at (0,756) width 8: "3"
    RenderBR {BR} at (8,756) size 0x18
    RenderText {#text} at (0,774) size 8x18
      text run at (0,774) width 8: "4"
    RenderBR {BR} at (8,774) size 0x18
    RenderText {#text} at (0,792) size 8x18
      text run at (0,792) width 8: "5"
    RenderBR {BR} at (8,792) size 0x18
    RenderText {#text} at (0,810) size 8x18
      text run at (0,810) width 8: "6"
    RenderBR {BR} at (8,810) size 0x18
    RenderText {#text} at (0,828) size 8x18
      text run at (0,828) width 8: "7"
    RenderBR {BR} at (8,828) size 0x18
    RenderText {#text} at (0,846) size 8x18
      text run at (0,846) width 8: "8"
    RenderBR {BR} at (8,846) size 0x18
    RenderText {#text} at (0,864) size 8x18
      text run at (0,864) width 8: "9"
    RenderBR {BR} at (8,864) size 0x18
    RenderText {#text} at (0,882) size 16x18
      text run at (0,882) width 16: "10"
    RenderBR {BR} at (16,882) size 0x18
    RenderText {#text} at (0,900) size 16x18
      text run at (0,900) width 16: "11"
    RenderBR {BR} at (15,900) size 1x18
    RenderText {#text} at (0,918) size 16x18
      text run at (0,918) width 16: "12"
    RenderBR {BR} at (16,918) size 0x18
    RenderText {#text} at (0,936) size 16x18
      text run at (0,936) width 16: "13"
    RenderBR {BR} at (16,936) size 0x18
    RenderText {#text} at (0,954) size 16x18
      text run at (0,954) width 16: "14"
    RenderBR {BR} at (16,954) size 0x18
    RenderText {#text} at (0,972) size 16x18
      text run at (0,972) width 16: "15"
    RenderBR {BR} at (16,972) size 0x18
    RenderText {#text} at (0,990) size 16x18
      text run at (0,990) width 16: "16"
    RenderBR {BR} at (16,990) size 0x18
    RenderText {#text} at (0,1008) size 16x18
      text run at (0,1008) width 16: "17"
    RenderBR {BR} at (16,1008) size 0x18
    RenderText {#text} at (0,1026) size 16x18
      text run at (0,1026) width 16: "18"
    RenderBR {BR} at (16,1026) size 0x18
    RenderText {#text} at (0,1044) size 16x18
      text run at (0,1044) width 16: "19"
    RenderBR {BR} at (16,1044) size 0x18
    RenderText {#text} at (0,1062) size 16x18
      text run at (0,1062) width 16: "20"
    RenderBR {BR} at (16,1062) size 0x18
    RenderText {#text} at (0,1080) size 8x18
      text run at (0,1080) width 8: "1"
    RenderBR {BR} at (8,1080) size 0x18
    RenderText {#text} at (0,1098) size 8x18
      text run at (0,1098) width 8: "2"
    RenderBR {BR} at (8,1098) size 0x18
    RenderText {#text} at (0,1116) size 8x18
      text run at (0,1116) width 8: "3"
    RenderBR {BR} at (8,1116) size 0x18
    RenderText {#text} at (0,1134) size 8x18
      text run at (0,1134) width 8: "4"
    RenderBR {BR} at (8,1134) size 0x18
    RenderText {#text} at (0,1152) size 8x18
      text run at (0,1152) width 8: "5"
    RenderBR {BR} at (8,1152) size 0x18
    RenderText {#text} at (0,1170) size 8x18
      text run at (0,1170) width 8: "6"
    RenderBR {BR} at (8,1170) size 0x18
    RenderText {#text} at (0,1188) size 8x18
      text run at (0,1188) width 8: "7"
    RenderBR {BR} at (8,1188) size 0x18
    RenderText {#text} at (0,1206) size 8x18
      text run at (0,1206) width 8: "8"
    RenderBR {BR} at (8,1206) size 0x18
    RenderText {#text} at (0,1224) size 8x18
      text run at (0,1224) width 8: "9"
    RenderBR {BR} at (8,1224) size 0x18
    RenderText {#text} at (0,1242) size 16x18
      text run at (0,1242) width 16: "10"
    RenderBR {BR} at (16,1242) size 0x18
    RenderText {#text} at (0,1260) size 16x18
      text run at (0,1260) width 16: "11"
    RenderBR {BR} at (15,1260) size 1x18
    RenderText {#text} at (0,1278) size 16x18
      text run at (0,1278) width 16: "12"
    RenderBR {BR} at (16,1278) size 0x18
    RenderText {#text} at (0,1296) size 16x18
      text run at (0,1296) width 16: "13"
    RenderBR {BR} at (16,1296) size 0x18
    RenderText {#text} at (0,1314) size 16x18
      text run at (0,1314) width 16: "14"
    RenderBR {BR} at (16,1314) size 0x18
    RenderText {#text} at (0,1332) size 16x18
      text run at (0,1332) width 16: "15"
    RenderBR {BR} at (16,1332) size 0x18
    RenderText {#text} at (0,1350) size 16x18
      text run at (0,1350) width 16: "16"
    RenderBR {BR} at (16,1350) size 0x18
    RenderText {#text} at (0,1368) size 16x18
      text run at (0,1368) width 16: "17"
    RenderBR {BR} at (16,1368) size 0x18
    RenderText {#text} at (0,1386) size 16x18
      text run at (0,1386) width 16: "18"
    RenderBR {BR} at (16,1386) size 0x18
    RenderText {#text} at (0,1404) size 16x18
      text run at (0,1404) width 16: "19"
    RenderBR {BR} at (16,1404) size 0x18
    RenderText {#text} at (0,1422) size 16x18
      text run at (0,1422) width 16: "20"
    RenderBR {BR} at (16,1422) size 0x18
    RenderText {#text} at (0,1440) size 8x18
      text run at (0,1440) width 8: "1"
    RenderBR {BR} at (8,1440) size 0x18
    RenderText {#text} at (0,1458) size 8x18
      text run at (0,1458) width 8: "2"
    RenderBR {BR} at (8,1458) size 0x18
    RenderText {#text} at (0,1476) size 8x18
      text run at (0,1476) width 8: "3"
    RenderBR {BR} at (8,1476) size 0x18
    RenderText {#text} at (0,1494) size 8x18
      text run at (0,1494) width 8: "4"
    RenderBR {BR} at (8,1494) size 0x18
    RenderText {#text} at (0,1512) size 8x18
      text run at (0,1512) width 8: "5"
    RenderBR {BR} at (8,1512) size 0x18
    RenderText {#text} at (0,1530) size 8x18
      text run at (0,1530) width 8: "6"
    RenderBR {BR} at (8,1530) size 0x18
    RenderText {#text} at (0,1548) size 8x18
      text run at (0,1548) width 8: "7"
    RenderBR {BR} at (8,1548) size 0x18
    RenderText {#text} at (0,1566) size 8x18
      text run at (0,1566) width 8: "8"
    RenderBR {BR} at (8,1566) size 0x18
    RenderText {#text} at (0,1584) size 8x18
      text run at (0,1584) width 8: "9"
    RenderBR {BR} at (8,1584) size 0x18
    RenderText {#text} at (0,1602) size 16x18
      text run at (0,1602) width 16: "10"
    RenderBR {BR} at (16,1602) size 0x18
    RenderText {#text} at (0,1620) size 16x18
      text run at (0,1620) width 16: "11"
    RenderBR {BR} at (15,1620) size 1x18
    RenderText {#text} at (0,1638) size 16x18
      text run at (0,1638) width 16: "12"
    RenderBR {BR} at (16,1638) size 0x18
    RenderText {#text} at (0,1656) size 16x18
      text run at (0,1656) width 16: "13"
    RenderBR {BR} at (16,1656) size 0x18
    RenderText {#text} at (0,1674) size 16x18
      text run at (0,1674) width 16: "14"
    RenderBR {BR} at (16,1674) size 0x18
    RenderText {#text} at (0,1692) size 16x18
      text run at (0,1692) width 16: "15"
    RenderBR {BR} at (16,1692) size 0x18
    RenderText {#text} at (0,1710) size 16x18
      text run at (0,1710) width 16: "16"
    RenderBR {BR} at (16,1710) size 0x18
    RenderText {#text} at (0,1728) size 16x18
      text run at (0,1728) width 16: "17"
    RenderBR {BR} at (16,1728) size 0x18
    RenderText {#text} at (0,1746) size 16x18
      text run at (0,1746) width 16: "18"
    RenderBR {BR} at (16,1746) size 0x18
    RenderText {#text} at (0,1764) size 16x18
      text run at (0,1764) width 16: "19"
    RenderBR {BR} at (16,1764) size 0x18
    RenderText {#text} at (0,1782) size 16x18
      text run at (0,1782) width 16: "20"
    RenderBR {BR} at (16,1782) size 0x18
    RenderText {#text} at (0,1800) size 8x18
      text run at (0,1800) width 8: "1"
    RenderBR {BR} at (8,1800) size 0x18
    RenderText {#text} at (0,1818) size 8x18
      text run at (0,1818) width 8: "2"
    RenderBR {BR} at (8,1818) size 0x18
    RenderText {#text} at (0,1836) size 8x18
      text run at (0,1836) width 8: "3"
    RenderBR {BR} at (8,1836) size 0x18
    RenderText {#text} at (0,1854) size 8x18
      text run at (0,1854) width 8: "4"
    RenderBR {BR} at (8,1854) size 0x18
    RenderText {#text} at (0,1872) size 8x18
      text run at (0,1872) width 8: "5"
    RenderBR {BR} at (8,1872) size 0x18
    RenderText {#text} at (0,1890) size 8x18
      text run at (0,1890) width 8: "6"
    RenderBR {BR} at (8,1890) size 0x18
    RenderText {#text} at (0,1908) size 8x18
      text run at (0,1908) width 8: "7"
    RenderBR {BR} at (8,1908) size 0x18
    RenderText {#text} at (0,1926) size 8x18
      text run at (0,1926) width 8: "8"
    RenderBR {BR} at (8,1926) size 0x18
    RenderText {#text} at (0,1944) size 8x18
      text run at (0,1944) width 8: "9"
    RenderBR {BR} at (8,1944) size 0x18
    RenderText {#text} at (0,1962) size 16x18
      text run at (0,1962) width 16: "10"
    RenderBR {BR} at (16,1962) size 0x18
    RenderText {#text} at (0,1980) size 16x18
      text run at (0,1980) width 16: "11"
    RenderBR {BR} at (15,1980) size 1x18
    RenderText {#text} at (0,1998) size 16x18
      text run at (0,1998) width 16: "12"
    RenderBR {BR} at (16,1998) size 0x18
    RenderText {#text} at (0,2016) size 16x18
      text run at (0,2016) width 16: "13"
    RenderBR {BR} at (16,2016) size 0x18
    RenderText {#text} at (0,2034) size 16x18
      text run at (0,2034) width 16: "14"
    RenderBR {BR} at (16,2034) size 0x18
    RenderText {#text} at (0,2052) size 16x18
      text run at (0,2052) width 16: "15"
    RenderBR {BR} at (16,2052) size 0x18
    RenderText {#text} at (0,2070) size 16x18
      text run at (0,2070) width 16: "16"
    RenderBR {BR} at (16,2070) size 0x18
    RenderText {#text} at (0,2088) size 16x18
      text run at (0,2088) width 16: "17"
    RenderBR {BR} at (16,2088) size 0x18
    RenderText {#text} at (0,2106) size 16x18
      text run at (0,2106) width 16: "18"
    RenderBR {BR} at (16,2106) size 0x18
    RenderText {#text} at (0,2124) size 16x18
      text run at (0,2124) width 16: "19"
    RenderBR {BR} at (16,2124) size 0x18
    RenderText {#text} at (0,2142) size 16x18
      text run at (0,2142) width 16: "20"
    RenderBR {BR} at (16,2142) size 0x18
