layer at (0,0) size 800x600
  RenderView at (0,0) size 800x600
layer at (0,0) size 800x600
  RenderBlock {HTML} at (0,0) size 800x600
    RenderBody {BODY} at (8,8) size 784x576
      RenderBlock {P} at (0,0) size 784x18
        RenderText {#text} at (0,0) size 98x18
          text run at (0,0) width 98: "First paragraph"
      RenderBlock {P} at (0,34) size 784x36
        RenderText {#text} at (0,0) size 233x18
          text run at (0,0) width 233: "Here is some regular paragraph text "
        RenderText {#text} at (76,18) size 106x18
          text run at (76,18) width 106: "Some more text."
      RenderBlock {P} at (0,86) size 784x18
        RenderText {#text} at (0,0) size 546x18
          text run at (0,0) width 546: "The image gets erroneously positioned to the top/left corner of the paragraph instead."
layer at (8,42) size 755x36
  RenderInline (relative positioned) {SPAN} at (0,0) size 755x36 [bgcolor=#90EE90]
    RenderText {#text} at (232,0) size 755x36
      text run at (232,0) width 523: "The image (found or not) should be positioned at the top/left corner of this green-"
      text run at (0,18) width 77: "shaded text "
layer at (241,42) size 42x42
  RenderImage {IMG} at (0,0) size 42x42 [border: (1px solid #000000)]
