layer at (0,0) size 800x600
  RenderView at (0,0) size 800x600
layer at (0,0) size 800x0
  RenderBlock {HTML} at (0,0) size 800x0
layer at (8,8) size 784x54
  RenderBody {BODY} at (8,8) size 784x54
    RenderBlock {DIV} at (0,0) size 784x54
      RenderText {#text} at (0,0) size 130x18
        text run at (0,0) width 130: "You should see two "
      RenderInline {I} at (0,0) size 113x18
        RenderText {#text} at (129,0) size 113x18
          text run at (129,0) width 113: "vertically stacked"
      RenderText {#text} at (241,0) size 781x54
        text run at (241,0) width 159: " green rectangles below. "
        text run at (399,0) width 184: "Each one is 100 pixels wide "
        text run at (582,0) width 119: "and 50 pixels tall. "
        text run at (700,0) width 63: "If the two"
        text run at (0,18) width 396: "green rectangles are on the same line, then the test has failed. "
        text run at (395,18) width 269: "This is a test of section 10.3.7 in CSS2.1. "
        text run at (663,18) width 118: "In particular it is a"
        text run at (0,36) width 223: "test of the shrink-to-fit algorithm's "
        text run at (222,36) width 255: "preferred minimum width computation."
layer at (8,62) size 100x108
  RenderBlock (positioned) {DIV} at (0,0) size 100x108
    RenderBlock {SPAN} at (0,0) size 100x50 [bgcolor=#008000]
    RenderText {#text} at (0,0) size 0x0
    RenderBlock {SPAN} at (0,54) size 100x50 [bgcolor=#008000]
    RenderText {#text} at (0,0) size 0x0
