layer at (0,0) size 800x600
  RenderView at (0,0) size 800x600
layer at (0,0) size 800x600
  RenderBlock {HTML} at (0,0) size 800x600
    RenderBody {BODY} at (8,8) size 784x584
      RenderBlock {P} at (0,0) size 784x18
        RenderText {#text} at (0,0) size 331x18
          text run at (0,0) width 331: "The black outline box should stretch from the right "
        RenderInline {SPAN} at (0,0) size 28x18 [color=#0000FF]
          RenderText {#text} at (330,0) size 28x18
            text run at (330,0) width 28: "blue"
        RenderText {#text} at (357,0) size 221x18
          text run at (357,0) width 221: " border on the first line, to the left "
        RenderInline {SPAN} at (0,0) size 44x18 [color=#FFA500]
          RenderText {#text} at (577,0) size 44x18
            text run at (577,0) width 44: "orange"
        RenderText {#text} at (620,0) size 157x18
          text run at (620,0) width 157: " border on the third line."
      RenderBlock {DIV} at (0,34) size 600x72
        RenderText {#text} at (408,0) size 192x18
          text run at (408,0) width 192 RTL: "ILorem ipsum dolor sit amet, "
        RenderText {#text} at (21,36) size 579x36
          text run at (21,36) width 28 RTL: "duis"
          text run at (279,54) width 321 RTL: "aute irure dolor in reprehenderit in voluptate velit."
layer at (8,42) size 576x56
  RenderInline (relative positioned) {SPAN} at (0,0) size 576x56 [bgcolor=#008000] [border: (1px solid #808080) (20px solid #0000FF) (1px solid #808080) (20px solid #FFA500)]
    RenderText {#text} at (32,0) size 568x36
      text run at (32,0) width 337 RTL: "con a pariatur. Excepteur sint occaecat cupidatat non"
      text run at (224,18) width 376 RTL: "proident, sunt in culp qui officia deserunt mollit animequs "
    RenderText {#text} at (24,18) size 576x36
      text run at (24,18) width 201 RTL: "ILOREM ipsum dol sDuis aute"
      text run at (88,36) width 512 RTL: "irure dolor in reprehenderit in voluptate velit esse cillum dolore eu fugiat nullat "
layer at (87,42) size 301x54
  RenderBlock (positioned) {DIV} at (46,1) size 301x54
