layer at (0,0) size 800x600
  RenderView at (0,0) size 800x600
layer at (0,0) size 800x600
  RenderBlock {HTML} at (0,0) size 800x600
    RenderBody {BODY} at (8,8) size 784x584
      RenderBlock {P} at (0,0) size 784x18
        RenderText {#text} at (0,0) size 331x18
          text run at (0,0) width 331: "The black outline box should stretch from the right "
        RenderInline {SPAN} at (330,0) size 28x18 [color=#0000FF]
          RenderText {#text} at (330,0) size 28x18
            text run at (330,0) width 28: "blue"
        RenderText {#text} at (357,0) size 120x18
          text run at (357,0) width 120: " border, to the left "
        RenderInline {SPAN} at (476,0) size 44x18 [color=#FFA500]
          RenderText {#text} at (476,0) size 44x18
            text run at (476,0) width 44: "orange"
        RenderText {#text} at (519,0) size 50x18
          text run at (519,0) width 50: " border."
      RenderBlock {DIV} at (0,34) size 600x36
        RenderText {#text} at (408,0) size 192x18
          text run at (408,0) width 192 RTL: "ILorem ipsum dolor sit amet, "
        RenderText {#text} at (88,0) size 512x36
          text run at (88,0) width 85 RTL: "irure dolor in"
          text run at (510,18) width 90 RTL: "reprehenderit."
layer at (8,42) size 217x20
  RenderInline (relative positioned) {SPAN} at (182,-1) size 217x20 [bgcolor=#008000] [border: (1px solid #808080) (20px solid #0000FF) (1px solid #808080) (20px solid #FFA500)]
    RenderText {#text} at (273,0) size 96x18
      text run at (273,0) width 96 RTL: "con a pariatur. "
    RenderText {#text} at (212,0) size 62x18
      text run at (212,0) width 62 RTL: "duis aute "
layer at (211,42) size 176x18
  RenderBlock (positioned) {DIV} at (20,1) size 177x18
