layer at (0,0) size 800x600
  RenderView at (0,0) size 800x600
layer at (0,0) size 800x600
  RenderBlock {HTML} at (0,0) size 800x600
    RenderBody {BODY} at (8,8) size 784x584
      RenderBlock {P} at (0,0) size 784x36
        RenderText {#text} at (0,0) size 633x18
          text run at (0,0) width 633: "The black outline box should be a 50px by 50px square with its top left corner anchored to the left "
        RenderInline {SPAN} at (0,0) size 29x18 [color=#0000FF]
          RenderText {#text} at (632,0) size 29x18
            text run at (632,0) width 29: "blue"
        RenderText {#text} at (660,0) size 779x36
          text run at (660,0) width 119: " border on the first"
          text run at (0,18) width 28: "line."
      RenderBlock {DIV} at (0,52) size 600x72
        RenderText {#text} at (0,0) size 192x18
          text run at (0,0) width 192: "ILorem ipsum dolor sit amet, "
        RenderText {#text} at (551,36) size 579x36
          text run at (551,36) width 28: "duis"
          text run at (0,54) width 321: "aute irure dolor in reprehenderit in voluptate velit."
layer at (8,60) size 576x56
  RenderInline (relative positioned) {SPAN} at (0,0) size 576x56 [bgcolor=#008000] [border: (1px solid #808080) (20px solid #FFA500) (1px solid #808080) (20px solid #0000FF)]
    RenderText {#text} at (231,0) size 568x36
      text run at (231,0) width 337: "con a pariatur. Excepteur sint occaecat cupidatat non"
      text run at (0,18) width 376: "proident, sunt in culp qui officia deserunt mollit animequs "
    RenderText {#text} at (375,18) size 576x36
      text run at (375,18) width 201: "ILOREM ipsum dol sDuis aute"
      text run at (0,36) width 512: "irure dolor in reprehenderit in voluptate velit esse cillum dolore eu fugiat nullat "
layer at (229,60) size 50x50
  RenderBlock (positioned) {DIV} at (20,1) size 50x50
