layer at (0,0) size 800x600
  RenderView at (0,0) size 800x600
layer at (0,0) size 800x38
  RenderBlock {HTML} at (0,0) size 800x38
    RenderBody {BODY} at (8,8) size 784x22
      RenderText {#text} at (0,0) size 0x0
layer at (8,10) size 100x18
  RenderButton {BUTTON} at (0,2) size 100x18 [color=#000000D8] [bgcolor=#C0C0C0] [border: none (2px outset #C0C0C0) none (2px outset #C0C0C0)]
    RenderBlock (anonymous) at (8,2) size 84x13
      RenderText {#text} at (19,0) size 46x13
        text run at (19,0) width 46: "Click Me"
layer at (88,25) size 23x13
  RenderBlock (positioned) {DIV} at (79,15) size 24x13
    RenderText {#text} at (0,0) size 24x13
      text run at (0,0) width 24: "Now"
