layer at (0,0) size 785x677
  RenderView at (0,0) size 785x600
layer at (0,0) size 785x677
  RenderBlock {HTML} at (0,0) size 785x677
    RenderBody {BODY} at (8,8) size 769x653 [color=#333333] [bgcolor=#FFFFFF]
      RenderTable {TABLE} at (0,0) size 636x624 [border: (1px outset #808080)]
        RenderTableSection {TBODY} at (1,1) size 634x622
          RenderTableRow {TR} at (0,0) size 634x24
            RenderTableCell {TD} at (0,0) size 148x622 [bgcolor=#660000] [border: (1px inset #808080)] [r=0 c=0 rs=6 cs=1]
              RenderInline {B} at (0,0) size 63x19
                RenderInline {A} at (0,0) size 63x19
                  RenderInline {FONT} at (0,0) size 63x15 [color=#FFFFFF]
                    RenderText {#text} at (4,4) size 63x15
                      text run at (4,4) width 63: "MARKETS"
                  RenderBR {BR} at (67,16) size 0x0
              RenderText {#text} at (0,0) size 0x0
              RenderInline {A} at (0,0) size 32x19
                RenderInline {FONT} at (0,0) size 32x15 [color=#FFFFFF]
                  RenderText {#text} at (4,19) size 32x15
                    text run at (4,19) width 32: "News"
                RenderBR {BR} at (36,31) size 0x0
              RenderText {#text} at (0,0) size 0x0
              RenderInline {A} at (0,0) size 41x19
                RenderInline {FONT} at (0,0) size 41x15 [color=#FFFFFF]
                  RenderText {#text} at (4,34) size 41x15
                    text run at (4,34) width 41: "Stocks"
                RenderBR {BR} at (45,46) size 0x0
              RenderText {#text} at (0,0) size 0x0
              RenderInline {A} at (0,0) size 73x19
                RenderInline {FONT} at (0,0) size 73x15 [color=#FFFFFF]
                  RenderText {#text} at (4,49) size 73x15
                    text run at (4,49) width 73: "Tech Stocks"
                RenderBR {BR} at (77,61) size 0x0
              RenderText {#text} at (0,0) size 0x0
              RenderInline {A} at (0,0) size 115x19
                RenderInline {FONT} at (0,0) size 115x15 [color=#FFFFFF]
                  RenderText {#text} at (4,64) size 115x15
                    text run at (4,64) width 115: "Stocks on the Move"
                RenderBR {BR} at (119,76) size 0x0
              RenderText {#text} at (0,0) size 0x0
              RenderInline {A} at (0,0) size 64x19
                RenderInline {FONT} at (0,0) size 64x15 [color=#FFFFFF]
                  RenderText {#text} at (4,79) size 64x15
                    text run at (4,79) width 64: "IPO Center"
                RenderBR {BR} at (68,91) size 0x0
              RenderText {#text} at (0,0) size 0x0
              RenderInline {A} at (0,0) size 79x19
                RenderInline {FONT} at (0,0) size 79x15 [color=#FFFFFF]
                  RenderText {#text} at (4,94) size 79x15
                    text run at (4,94) width 79: "World Indices"
                RenderBR {BR} at (83,106) size 0x0
              RenderText {#text} at (0,0) size 0x0
              RenderInline {A} at (0,0) size 88x19
                RenderInline {FONT} at (0,0) size 88x15 [color=#FFFFFF]
                  RenderInline {NOBR} at (0,0) size 88x15
                    RenderText {#text} at (4,109) size 88x15
                      text run at (4,109) width 88: "Rates & Bonds"
                RenderBR {BR} at (92,121) size 0x0
              RenderText {#text} at (0,0) size 0x0
              RenderInline {A} at (0,0) size 90x19
                RenderInline {FONT} at (0,0) size 90x15 [color=#FFFFFF]
                  RenderText {#text} at (4,124) size 90x15
                    text run at (4,124) width 90: "U.S. Treasuries"
                RenderBR {BR} at (94,136) size 0x0
              RenderText {#text} at (0,0) size 0x0
              RenderInline {A} at (0,0) size 62x19
                RenderInline {FONT} at (0,0) size 62x15 [color=#FFFFFF]
                  RenderText {#text} at (4,139) size 62x15
                    text run at (4,139) width 62: "Currencies"
                RenderBR {BR} at (66,151) size 0x0
              RenderText {#text} at (0,0) size 0x0
              RenderInline {A} at (0,0) size 114x19
                RenderInline {FONT} at (0,0) size 114x15 [color=#FFFFFF]
                  RenderText {#text} at (4,154) size 114x15
                    text run at (4,154) width 114: "Currency Calculator"
                RenderBR {BR} at (118,166) size 0x0
              RenderText {#text} at (0,0) size 0x0
              RenderInline {A} at (0,0) size 76x19
                RenderInline {FONT} at (0,0) size 76x15 [color=#FFFFFF]
                  RenderText {#text} at (4,169) size 76x15
                    text run at (4,169) width 76: "Commodities"
                RenderBR {BR} at (80,181) size 0x0
              RenderText {#text} at (0,0) size 0x0
              RenderBR {BR} at (4,184) size 0x19
              RenderInline {B} at (0,0) size 46x19
                RenderInline {A} at (0,0) size 46x19
                  RenderInline {FONT} at (0,0) size 46x15 [color=#FFFFFF]
                    RenderText {#text} at (4,203) size 46x15
                      text run at (4,203) width 46: "MONEY"
                  RenderBR {BR} at (50,215) size 0x0
              RenderText {#text} at (0,0) size 0x0
              RenderInline {A} at (0,0) size 79x19
                RenderInline {FONT} at (0,0) size 79x15 [color=#FFFFFF]
                  RenderText {#text} at (4,218) size 79x15
                    text run at (4,218) width 79: "Mutual Funds"
                RenderBR {BR} at (83,230) size 0x0
              RenderText {#text} at (0,0) size 0x0
              RenderInline {A} at (0,0) size 47x19
                RenderInline {FONT} at (0,0) size 47x15 [color=#FFFFFF]
                  RenderText {#text} at (4,233) size 47x15
                    text run at (4,233) width 47: "Portfolio"
                RenderBR {BR} at (51,245) size 0x0
              RenderText {#text} at (0,0) size 0x0
              RenderInline {A} at (0,0) size 70x19
                RenderInline {FONT} at (0,0) size 70x15 [color=#FFFFFF]
                  RenderText {#text} at (4,248) size 70x15
                    text run at (4,248) width 70: "Loan Center"
                RenderBR {BR} at (74,260) size 0x0
              RenderText {#text} at (0,0) size 0x0
              RenderInline {A} at (0,0) size 116x19
                RenderInline {FONT} at (0,0) size 116x15 [color=#FFFFFF]
                  RenderText {#text} at (4,263) size 116x15
                    text run at (4,263) width 116: "Mortgage Calculator"
                RenderBR {BR} at (120,275) size 0x0
              RenderText {#text} at (0,0) size 0x0
              RenderInline {A} at (0,0) size 50x19
                RenderInline {FONT} at (0,0) size 50x15 [color=#FFFFFF]
                  RenderText {#text} at (4,278) size 50x15
                    text run at (4,278) width 50: "Investing"
                RenderBR {BR} at (54,290) size 0x0
              RenderText {#text} at (0,0) size 0x0
              RenderInline {A} at (0,0) size 63x19
                RenderInline {FONT} at (0,0) size 63x15 [color=#FFFFFF]
                  RenderText {#text} at (4,293) size 63x15
                    text run at (4,293) width 63: "Retirement"
                RenderBR {BR} at (67,305) size 0x0
              RenderText {#text} at (0,0) size 0x0
              RenderInline {A} at (0,0) size 120x19
                RenderInline {FONT} at (0,0) size 120x15 [color=#FFFFFF]
                  RenderText {#text} at (4,308) size 120x15
                    text run at (4,308) width 120: "Negocios Bloomberg"
                RenderBR {BR} at (124,320) size 0x0
              RenderText {#text} at (0,0) size 0x0
              RenderBR {BR} at (4,323) size 0x19
              RenderInline {B} at (0,0) size 76x19
                RenderInline {A} at (0,0) size 76x19
                  RenderInline {FONT} at (0,0) size 76x15 [color=#FFFFFF]
                    RenderText {#text} at (4,342) size 76x15
                      text run at (4,342) width 76: "MAGAZINES"
                  RenderBR {BR} at (80,354) size 0x0
              RenderText {#text} at (0,0) size 0x0
              RenderInline {A} at (0,0) size 101x19
                RenderInline {FONT} at (0,0) size 101x15 [color=#FFFFFF]
                  RenderText {#text} at (4,357) size 101x15
                    text run at (4,357) width 101: "Personal Finance"
                RenderBR {BR} at (105,369) size 0x0
              RenderText {#text} at (0,0) size 0x0
              RenderInline {A} at (0,0) size 95x19
                RenderInline {FONT} at (0,0) size 95x15 [color=#FFFFFF]
                  RenderText {#text} at (4,372) size 95x15
                    text run at (4,372) width 95: "Wealth Manager"
                RenderBR {BR} at (99,384) size 0x0
              RenderText {#text} at (0,0) size 0x0
              RenderBR {BR} at (4,387) size 0x19
              RenderInline {FONT} at (0,0) size 121x15 [color=#FFFFFF]
                RenderInline {B} at (0,0) size 121x15
                  RenderText {#text} at (4,406) size 121x15
                    text run at (4,406) width 121: "BUSINESS CENTER"
                RenderBR {BR} at (125,418) size 0x0
              RenderText {#text} at (0,0) size 0x0
              RenderInline {A} at (0,0) size 91x19
                RenderInline {FONT} at (0,0) size 91x15 [color=#FFFFFF]
                  RenderText {#text} at (4,421) size 91x15
                    text run at (4,421) width 91: "Small Business"
                RenderBR {BR} at (95,433) size 0x0
              RenderText {#text} at (0,0) size 0x0
              RenderBR {BR} at (4,436) size 0x19
              RenderInline {B} at (0,0) size 61x19
                RenderInline {A} at (0,0) size 61x19
                  RenderInline {FONT} at (0,0) size 61x15 [color=#FFFFFF]
                    RenderText {#text} at (4,455) size 61x15
                      text run at (4,455) width 61: "CAREERS"
                  RenderBR {BR} at (65,467) size 0x0
              RenderText {#text} at (0,0) size 0x0
              RenderBR {BR} at (4,470) size 0x19
              RenderInline {B} at (0,0) size 28x19
                RenderInline {A} at (0,0) size 28x19
                  RenderInline {FONT} at (0,0) size 28x15 [color=#FFFFFF]
                    RenderText {#text} at (4,489) size 28x15
                      text run at (4,489) width 28: "LIFE"
                  RenderBR {BR} at (32,501) size 0x0
              RenderText {#text} at (0,0) size 0x0
              RenderInline {A} at (0,0) size 96x19
                RenderInline {FONT} at (0,0) size 96x15 [color=#FFFFFF]
                  RenderText {#text} at (4,504) size 96x15
                    text run at (4,504) width 96: "The Finer Things"
                RenderBR {BR} at (100,516) size 0x0
              RenderText {#text} at (0,0) size 0x0
              RenderInline {A} at (0,0) size 38x19
                RenderInline {FONT} at (0,0) size 38x15 [color=#FFFFFF]
                  RenderText {#text} at (4,519) size 38x15
                    text run at (4,519) width 38: "Sports"
                RenderBR {BR} at (42,531) size 0x0
              RenderText {#text} at (0,0) size 0x0
              RenderInline {A} at (0,0) size 74x19
                RenderInline {FONT} at (0,0) size 74x15 [color=#FFFFFF]
                  RenderText {#text} at (4,534) size 74x15
                    text run at (4,534) width 74: "Charlie Rose"
                RenderBR {BR} at (78,546) size 0x0
              RenderText {#text} at (0,0) size 0x0
              RenderInline {A} at (0,0) size 76x19
                RenderInline {FONT} at (0,0) size 76x15 [color=#FFFFFF]
                  RenderText {#text} at (4,549) size 76x15
                    text run at (4,549) width 76: "B-Commerce"
                RenderBR {BR} at (80,561) size 0x0
              RenderBR {BR} at (4,564) size 0x19
              RenderImage {IMG} at (4,583) size 140x1
              RenderBR {BR} at (144,584) size 0x0
              RenderInline {A} at (0,0) size 71x19
                RenderInline {FONT} at (0,0) size 71x15 [color=#FFFFFF]
                  RenderText {#text} at (4,584) size 71x15
                    text run at (4,584) width 71: "To Advertise"
                RenderBR {BR} at (75,596) size 0x0
              RenderBR {BR} at (4,599) size 0x19
            RenderTableCell {TD} at (148,0) size 486x24 [bgcolor=#660000] [border: (1px inset #808080)] [r=0 c=1 rs=1 cs=3]
              RenderImage {IMG} at (10,4) size 466x16
          RenderTableRow {TR} at (0,24) size 634x69
            RenderTableCell {TD} at (148,24) size 128x69 [border: (1px inset #808080)] [r=1 c=1 rs=1 cs=1]
              RenderInline {A} at (0,0) size 120x19
                RenderText {#text} at (0,0) size 0x0
                RenderImage {IMG} at (4,4) size 120x60
              RenderText {#text} at (0,0) size 0x0
              RenderText {#text} at (0,0) size 0x0
              RenderImage {IMG} at (4,64) size 120x1
            RenderTableCell {TD} at (276,24) size 175x69 [border: (1px inset #808080)] [r=1 c=2 rs=1 cs=1]
              RenderInline {A} at (0,0) size 167x19
                RenderText {#text} at (0,0) size 0x0
                RenderImage {IMG} at (4,4) size 167x60
              RenderText {#text} at (0,0) size 0x0
              RenderText {#text} at (0,0) size 0x0
              RenderImage {IMG} at (4,64) size 167x1
            RenderTableCell {TD} at (451,24) size 183x527 [bgcolor=#CCCC99] [border: (1px inset #808080)] [r=1 c=3 rs=6 cs=1]
              RenderBlock (anonymous) at (4,4) size 175x28
                RenderInline {FONT} at (0,0) size 147x12
                  RenderInline {FONT} at (0,0) size 147x13
                    RenderInline {SPAN} at (0,0) size 147x13
                      RenderText {#text} at (14,0) size 147x13
                        text run at (14,0) width 147: "Tue, 27 Jul 1999, 2:47pm EDT"
                      RenderBR {BR} at (161,10) size 0x0
                RenderText {#text} at (0,0) size 0x0
                RenderInline {FONT} at (0,0) size 107x15 [color=#000000]
                  RenderInline {B} at (0,0) size 107x15
                    RenderInline {SPAN} at (0,0) size 107x15
                      RenderText {#text} at (34,13) size 107x15
                        text run at (34,13) width 107: "Market Snapshot"
                      RenderBR {BR} at (140,25) size 1x0
                RenderText {#text} at (0,0) size 0x0
              RenderBlock {CENTER} at (4,32) size 175x491
                RenderInline {A} at (0,0) size 175x19
                  RenderImage {IMG} at (0,0) size 175x270
                RenderText {#text} at (0,0) size 0x0
                RenderText {#text} at (0,0) size 0x0
                RenderInline {A} at (0,0) size 161x19
                  RenderText {#text} at (0,0) size 0x0
                  RenderImage {IMG} at (7,270) size 161x30
                RenderText {#text} at (0,0) size 0x0
                RenderText {#text} at (0,0) size 0x0
                RenderInline {FONT} at (0,0) size 155x15 [color=#000000]
                  RenderInline {B} at (0,0) size 155x15
                    RenderInline {SPAN} at (0,0) size 155x15
                      RenderText {#text} at (10,300) size 155x15
                        text run at (10,300) width 155: "Financial Market Update"
                      RenderBR {BR} at (165,312) size 0x0
                RenderText {#text} at (0,0) size 0x0
                RenderInline {FONT} at (0,0) size 85x13
                  RenderInline {A} at (0,0) size 32x13
                    RenderText {#text} at (45,315) size 32x13
                      text run at (45,315) width 32: "AUDIO"
                  RenderText {#text} at (77,315) size 18x13
                    text run at (77,315) width 18: "  |   "
                  RenderInline {A} at (0,0) size 32x13
                    RenderText {#text} at (95,315) size 32x13
                      text run at (95,315) width 32: "VIDEO"
                  RenderText {#text} at (127,315) size 3x13
                    text run at (127,315) width 3: " "
                RenderText {#text} at (0,0) size 0x0
                RenderBR {BR} at (0,0) size 0x0
                RenderBR {BR} at (87,328) size 1x19
                RenderBR {BR} at (87,347) size 1x19
                RenderInline {A} at (0,0) size 125x19
                  RenderText {#text} at (0,0) size 0x0
                  RenderImage {IMG} at (25,366) size 125x125
                RenderText {#text} at (0,0) size 0x0
                RenderText {#text} at (0,0) size 0x0
          RenderTableRow {TR} at (0,93) size 634x122
            RenderTableCell {TD} at (148,93) size 303x122 [bgcolor=#FFFFFF] [border: (1px inset #808080)] [r=2 c=1 rs=1 cs=2]
              RenderInline {A} at (0,0) size 0x0
                RenderImage {IMG} at (4,4) size 288x26
              RenderBR {BR} at (295,4) size 0x19
              RenderBR {BR} at (295,23) size 0x19
              RenderInline {A} at (0,0) size 284x57
                RenderInline {SPAN} at (0,0) size 284x57
                  RenderText {#text} at (4,42) size 284x57
                    text run at (4,42) width 284: "Looking for a new approach to investing? How"
                    text run at (4,61) width 260: "about a portfolio where every holding has a"
                    text run at (4,80) width 165: "word for its stock symbol? "
              RenderBR {BR} at (0,0) size 0x0
              RenderInline {SPAN} at (0,0) size 46x19
                RenderInline {A} at (0,0) size 46x19
                  RenderText {#text} at (4,99) size 46x19
                    text run at (4,99) width 46: "More..."
              RenderText {#text} at (0,0) size 0x0
          RenderTableRow {TR} at (0,215) size 634x407
            RenderTableCell {TD} at (148,215) size 303x313 [bgcolor=#C0C0C0] [border: (1px inset #808080)] [r=3 c=1 rs=1 cs=2]
              RenderImage {IMG} at (4,4) size 290x35
              RenderBR {BR} at (294,39) size 0x0
              RenderInline {A} at (0,0) size 248x19
                RenderInline {FONT} at (0,0) size 248x15
                  RenderInline {SPAN} at (0,0) size 248x15
                    RenderInline {STRON} at (0,0) size 248x15
                      RenderInline {U} at (0,0) size 248x15
                        RenderText {#text} at (4,39) size 248x15
                          text run at (4,39) width 248: "Use BLOOMBERG.com to Find a New Job"
              RenderBR {BR} at (252,51) size 0x0
              RenderInline {FONT} at (0,0) size 280x60
                RenderInline {SPAN} at (0,0) size 280x60
                  RenderText {#text} at (4,54) size 280x60
                    text run at (4,54) width 280: "Whether you know what you're looking for or just"
                    text run at (4,69) width 273: "know you're looking, the new career page offers"
                    text run at (4,84) width 280: "better searches, news, and calculators than ever"
                    text run at (4,99) width 39: "before."
              RenderBR {BR} at (43,111) size 0x0
              RenderInline {A} at (0,0) size 218x19
                RenderInline {FONT} at (0,0) size 218x15
                  RenderInline {SPAN} at (0,0) size 218x15
                    RenderInline {STRONG} at (0,0) size 218x15
                      RenderInline {U} at (0,0) size 218x15
                        RenderText {#text} at (4,114) size 218x15
                          text run at (4,114) width 218: "Bloomberg News on Rocket eBook"
              RenderBR {BR} at (222,126) size 0x0
              RenderInline {FONT} at (0,0) size 292x75
                RenderInline {SPAN} at (0,0) size 292x75
                  RenderText {#text} at (4,129) size 292x75
                    text run at (4,129) width 282: "Bloomberg's Top Financial News is now available"
                    text run at (4,144) width 234: "for download on your Rocket eBook. Get"
                    text run at (4,159) width 292: "tomorrow's news today with Bloomberg's summary"
                    text run at (4,174) width 232: "of the day's top stories. Bloomberg daily"
                    text run at (4,189) width 259: "RocketEditions are FREE until September 1."
              RenderBR {BR} at (263,201) size 0x0
              RenderInline {A} at (0,0) size 145x19
                RenderInline {FONT} at (0,0) size 145x15
                  RenderInline {SPAN} at (0,0) size 145x15
                    RenderInline {STRONG} at (0,0) size 145x15
                      RenderInline {U} at (0,0) size 145x15
                        RenderText {#text} at (4,204) size 145x15
                          text run at (4,204) width 145: "Bloomberg News to Go"
              RenderBR {BR} at (149,216) size 0x0
              RenderInline {FONT} at (0,0) size 291x45
                RenderInline {SPAN} at (0,0) size 291x45
                  RenderText {#text} at (4,219) size 291x45
                    text run at (4,219) width 165: "Get tomorrow's news today. "
                    text run at (169,219) width 125: "FREE weekday email"
                    text run at (4,234) width 291: "report of the top stories in business & finance from"
                    text run at (4,249) width 205: "BLOOMBERG NEWS at 5pm EST."
              RenderBR {BR} at (209,261) size 0x0
              RenderInline {A} at (0,0) size 182x19
                RenderInline {FONT} at (0,0) size 182x15
                  RenderInline {SPAN} at (0,0) size 182x15
                    RenderInline {STRONG} at (0,0) size 182x15
                      RenderInline {U} at (0,0) size 182x15
                        RenderText {#text} at (4,264) size 182x15
                          text run at (4,264) width 182: "Bloomberg Year 2000 Letters"
              RenderBR {BR} at (186,276) size 0x0
              RenderInline {FONT} at (0,0) size 283x30
                RenderInline {SPAN} at (0,0) size 283x30
                  RenderText {#text} at (4,279) size 283x30
                    text run at (4,279) width 283: "For Y2K information on BLOOMBERG, download"
                    text run at (4,294) width 147: "our customer letters now."
              RenderBR {BR} at (151,306) size 0x0
      RenderBlock {P} at (0,640) size 769x13
        RenderInline {FONT} at (0,0) size 435x13
          RenderText {#text} at (0,0) size 200x13
            text run at (0,0) width 200: "\x{A9}1999 Bloomberg L.P. All rights reserved. "
          RenderInline {A} at (0,0) size 80x13
            RenderText {#text} at (200,0) size 80x13
              text run at (200,0) width 80: "Terms of Service"
          RenderText {#text} at (280,0) size 6x13
            text run at (280,0) width 6: ", "
          RenderInline {A} at (0,0) size 68x13
            RenderText {#text} at (286,0) size 68x13
              text run at (286,0) width 68: "Privacy Policy"
          RenderText {#text} at (354,0) size 24x13
            text run at (354,0) width 24: " and "
          RenderInline {A} at (0,0) size 54x13
            RenderText {#text} at (378,0) size 54x13
              text run at (378,0) width 54: "Trademarks"
          RenderText {#text} at (432,0) size 3x13
            text run at (432,0) width 3: "."
        RenderText {#text} at (0,0) size 0x0
