EDITING DELEGATE: shouldBeginEditingInDOMRange:range from 0 of DIV > BODY > HTML > #document to 3 of DIV > BODY > HTML > #document
EDITING DELEGATE: webViewDidBeginEditing:WebViewDidBeginEditingNotification
EDITING DELEGATE: webViewDidChangeSelection:WebViewDidChangeSelectionNotification
EDITING DELEGATE: webViewDidChangeSelection:WebViewDidChangeSelectionNotification
EDITING DELEGATE: webViewDidChangeSelection:WebViewDidChangeSelectionNotification
EDITING DELEGATE: webViewDidChangeSelection:WebViewDidChangeSelectionNotification
EDITING DELEGATE: webViewDidChangeSelection:WebViewDidChangeSelectionNotification
EDITING DELEGATE: shouldDeleteDOMRange:range from 6 of #text > SPAN > DIV > BODY > HTML > #document to 7 of #text > SPAN > DIV > BODY > HTML > #document
EDITING DELEGATE: webViewDidChangeSelection:WebViewDidChangeSelectionNotification
EDITING DELEGATE: webViewDidChangeSelection:WebViewDidChangeSelectionNotification
EDITING DELEGATE: webViewDidChange:WebViewDidChangeNotification
EDITING DELEGATE: shouldDeleteDOMRange:range from 5 of #text > SPAN > DIV > BODY > HTML > #document to 6 of #text > SPAN > DIV > BODY > HTML > #document
EDITING DELEGATE: webViewDidChangeSelection:WebViewDidChangeSelectionNotification
EDITING DELEGATE: webViewDidChangeSelection:WebViewDidChangeSelectionNotification
EDITING DELEGATE: webViewDidChange:WebViewDidChangeNotification
EDITING DELEGATE: shouldDeleteDOMRange:range from 0 of #text > B > SPAN > DIV > BODY > HTML > #document to 1 of #text > B > SPAN > DIV > BODY > HTML > #document
EDITING DELEGATE: webViewDidChangeSelection:WebViewDidChangeSelectionNotification
EDITING DELEGATE: webViewDidChange:WebViewDidChangeNotification
EDITING DELEGATE: shouldDeleteDOMRange:range from 0 of #text > B > SPAN > DIV > BODY > HTML > #document to 1 of #text > B > SPAN > DIV > BODY > HTML > #document
EDITING DELEGATE: webViewDidChangeSelection:WebViewDidChangeSelectionNotification
EDITING DELEGATE: webViewDidChange:WebViewDidChangeNotification
EDITING DELEGATE: shouldChangeSelectedDOMRange:range from 5 of #text > SPAN > DIV > BODY > HTML > #document to 5 of #text > SPAN > DIV > BODY > HTML > #document toDOMRange:range from 5 of #text > SPAN > DIV > BODY > HTML > #document to 2 of #text > B > SPAN > DIV > BODY > HTML > #document affinity:NSSelectionAffinityDownstream stillSelecting:FALSE
EDITING DELEGATE: webViewDidChangeSelection:WebViewDidChangeSelectionNotification
EDITING DELEGATE: webViewDidChange:WebViewDidChangeNotification
layer at (0,0) size 800x600
  RenderView at (0,0) size 800x600
layer at (0,0) size 800x600
  RenderBlock {HTML} at (0,0) size 800x600
    RenderBody {BODY} at (8,8) size 784x584
      RenderBlock {DIV} at (0,0) size 784x84 [border: (2px solid #FF0000)]
        RenderInline {SPAN} at (0,0) size 731x56
          RenderText {#text} at (14,14) size 78x28
            text run at (14,14) width 78: "This wo"
          RenderInline {B} at (0,0) size 30x28
            RenderText {#text} at (92,14) size 30x28
              text run at (92,14) width 30: "rd "
          RenderText {#text} at (122,14) size 731x56
            text run at (122,14) width 617: "should be selected, since the test deleted it a character at a time"
            text run at (739,14) width 6: " "
            text run at (14,42) width 209: "and then did an undo."
        RenderText {#text} at (0,0) size 0x0
selection start: position 5 of child 0 {#text} of child 1 {SPAN} of child 1 {DIV} of body
selection end:   position 2 of child 0 {#text} of child 1 {B} of child 1 {SPAN} of child 1 {DIV} of body
