layer at (0,0) size 800x600
  RenderView at (0,0) size 800x600
layer at (0,0) size 800x70
  RenderBlock {HTML} at (0,0) size 800x70
    RenderBody {BODY} at (8,8) size 784x54
      RenderBlock {PROGRESS} at (0,1) size 160x16 [border: (2px solid #0000FF)]
        RenderProgress {DIV} at (2,2) size 156x12
          RenderBlock {DIV} at (0,0) size 156x12 [bgcolor=#808080]
            RenderBlock {DIV} at (0,0) size 0x12 [bgcolor=#008000]
      RenderText {#text} at (160,0) size 4x18
        text run at (160,0) width 4: " "
      RenderBR {BR} at (164,0) size 0x18
      RenderBlock {PROGRESS} at (0,19) size 160x16 [border: (2px solid #0000FF)]
        RenderProgress {DIV} at (2,2) size 156x12
          RenderBlock {DIV} at (0,0) size 156x12 [bgcolor=#808080]
            RenderBlock {DIV} at (0,0) size 0x12 [bgcolor=#008000]
      RenderText {#text} at (160,18) size 4x18
        text run at (160,18) width 4: " "
      RenderBR {BR} at (164,18) size 0x18
      RenderBlock {PROGRESS} at (0,37) size 160x16 [border: (2px solid #FF0000)]
        RenderProgress {DIV} at (2,2) size 156x12
          RenderBlock {DIV} at (0,0) size 156x12 [bgcolor=#808080]
            RenderBlock {DIV} at (0,0) size 78x12 [bgcolor=#008000]
      RenderText {#text} at (0,0) size 0x0
