layer at (0,0) size 800x600
  RenderView at (0,0) size 800x600
layer at (0,0) size 800x106
  RenderBlock {HTML} at (0,0) size 800x106
    RenderBody {BODY} at (8,16) size 784x74
      RenderBlock {P} at (0,0) size 784x18
        RenderText {#text} at (0,0) size 360x18
          text run at (0,0) width 360: "Test passes if following bars are filled 30% with a color."
      RenderBlock {P} at (0,34) size 784x40
        RenderProgress {PROGRESS} at (0,0) size 160x21
        RenderBR {BR} at (160,4) size 0x18
        RenderBlock {PROGRESS} at (0,22) size 160x17
          RenderProgress {DIV} at (0,0) size 160x16
            RenderBlock {DIV} at (0,0) size 160x16 [bgcolor=#808080]
              RenderBlock {DIV} at (0,0) size 48x16 [bgcolor=#008000]
        RenderText {#text} at (0,0) size 0x0
