layer at (0,0) size 800x600
  RenderView at (0,0) size 800x600
layer at (0,0) size 800x354
  RenderBlock {HTML} at (0,0) size 800x355
    RenderBody {BODY} at (5,5) size 790x344
      RenderTable {TABLE} at (0,0) size 463x344
        RenderTableSection {TBODY} at (0,0) size 463x344
          RenderTableRow {TR} at (0,1) size 463x15
            RenderTableCell {TH} at (1,1) size 65x15 [bgcolor=#DDDD99] [r=0 c=0 rs=1 cs=1]
              RenderText {#text} at (6,0) size 52x14
                text run at (6,0) width 52: "viewBox?"
            RenderTableCell {TH} at (66,1) size 112x15 [bgcolor=#DDDD99] [r=0 c=1 rs=1 cs=1]
              RenderText {#text} at (0,0) size 111x14
                text run at (0,0) width 111: "preserve\x{AD}Aspect\x{AD}Ratio"
            RenderTableCell {TH} at (179,1) size 141x15 [bgcolor=#DDDD99] [r=0 c=2 rs=1 cs=1]
              RenderText {#text} at (53,0) size 34x14
                text run at (53,0) width 34: "<img>"
            RenderTableCell {TH} at (320,1) size 142x15 [bgcolor=#DDDD99] [r=0 c=3 rs=1 cs=1]
              RenderText {#text} at (47,0) size 46x14
                text run at (47,0) width 46: "<object>"
          RenderTableRow {TR} at (0,17) size 463x40
            RenderTableCell {TH} at (1,90) size 65x16 [bgcolor=#DDDD99] [r=1 c=0 rs=4 cs=1]
              RenderText {#text} at (0,0) size 64x15
                text run at (0,1) width 64: "No viewBox"
            RenderTableCell {TH} at (66,36) size 112x2 [bgcolor=#DDDD99] [r=1 c=1 rs=1 cs=1]
            RenderTableCell {TD} at (179,17) size 141x40 [r=1 c=2 rs=1 cs=1]
              RenderImage {IMG} at (0,0) size 140x36 [border: (1px dashed #800000)]
              RenderText {#text} at (0,0) size 0x0
            RenderTableCell {TD} at (320,17) size 142x40 [r=1 c=3 rs=1 cs=1]
              RenderEmbeddedObject {OBJECT} at (0,0) size 140x36 [border: (1px dashed #008000)]
                layer at (0,0) size 133x29
                  RenderView at (0,0) size 133x29
                layer at (0,0) size 133x29 scrollWidth 192 scrollHeight 42
                  RenderSVGRoot {svg} at (0,0) size 133x29
                layer at (0,0) size 133x29
                  RenderSVGViewportContainer at (0,0) size 133x29
                layer at (0,0) size 220x220 backgroundClip at (0,0) size 133x29 clip at (0,0) size 133x29
                  RenderSVGEllipse {circle} at (0,0) size 220x220 [stroke={[type=SOLID] [color=#000000]}] [fill={[type=SOLID] [color=#D9BB7A] [fill rule=EVEN-ODD]}] [cx=110.00] [cy=110.00] [r=110.00]
              RenderText {#text} at (0,0) size 0x0
          RenderTableRow {TR} at (0,57) size 463x41
            RenderTableCell {TH} at (66,70) size 112x15 [bgcolor=#DDDD99] [r=2 c=1 rs=1 cs=1]
              RenderText {#text} at (42,0) size 27x15
                text run at (42,1) width 27: "none"
            RenderTableCell {TD} at (179,57) size 141x41 [r=2 c=2 rs=1 cs=1]
              RenderImage {IMG} at (0,0) size 140x36 [border: (1px dashed #800000)]
              RenderText {#text} at (0,0) size 0x0
            RenderTableCell {TD} at (320,57) size 142x41 [r=2 c=3 rs=1 cs=1]
              RenderEmbeddedObject {OBJECT} at (0,0) size 140x36 [border: (1px dashed #008000)]
                layer at (0,0) size 133x29
                  RenderView at (0,0) size 133x29
                layer at (0,0) size 133x29 scrollWidth 192 scrollHeight 42
                  RenderSVGRoot {svg} at (0,0) size 133x29
                layer at (0,0) size 133x29
                  RenderSVGViewportContainer at (0,0) size 133x29
              RenderText {#text} at (0,0) size 0x0
          RenderTableRow {TR} at (0,98) size 463x40
            RenderTableCell {TH} at (66,111) size 112x15 [bgcolor=#DDDD99] [r=3 c=1 rs=1 cs=1]
              RenderText {#text} at (42,0) size 27x15
                text run at (42,1) width 27: "meet"
            RenderTableCell {TD} at (179,98) size 141x40 [r=3 c=2 rs=1 cs=1]
              RenderImage {IMG} at (0,0) size 140x36 [border: (1px dashed #800000)]
              RenderText {#text} at (0,0) size 0x0
            RenderTableCell {TD} at (320,98) size 142x40 [r=3 c=3 rs=1 cs=1]
              RenderEmbeddedObject {OBJECT} at (0,0) size 140x36 [border: (1px dashed #008000)]
                layer at (0,0) size 133x29
                  RenderView at (0,0) size 133x29
                layer at (0,0) size 133x29 scrollWidth 192 scrollHeight 42
                  RenderSVGRoot {svg} at (0,0) size 133x29
                layer at (0,0) size 133x29
                  RenderSVGViewportContainer at (0,0) size 133x29
              RenderText {#text} at (0,0) size 0x0
          RenderTableRow {TR} at (0,139) size 463x40
            RenderTableCell {TH} at (66,151) size 112x16 [bgcolor=#DDDD99] [r=4 c=1 rs=1 cs=1]
              RenderText {#text} at (43,0) size 25x15
                text run at (43,1) width 25: "slice"
            RenderTableCell {TD} at (179,139) size 141x40 [r=4 c=2 rs=1 cs=1]
              RenderImage {IMG} at (0,0) size 140x36 [border: (1px dashed #800000)]
              RenderText {#text} at (0,0) size 0x0
            RenderTableCell {TD} at (320,139) size 142x40 [r=4 c=3 rs=1 cs=1]
              RenderEmbeddedObject {OBJECT} at (0,0) size 140x36 [border: (1px dashed #008000)]
                layer at (0,0) size 133x29
                  RenderView at (0,0) size 133x29
                layer at (0,0) size 133x29 scrollWidth 192 scrollHeight 42
                  RenderSVGRoot {svg} at (0,0) size 133x29
                layer at (0,0) size 133x29
                  RenderSVGViewportContainer at (0,0) size 133x29
              RenderText {#text} at (0,0) size 0x0
          RenderTableRow {TR} at (0,180) size 463x40
            RenderTableCell {TH} at (1,253) size 65x16 [bgcolor=#DDDD99] [r=5 c=0 rs=4 cs=1]
              RenderText {#text} at (9,0) size 46x15
                text run at (9,1) width 46: "viewBox"
            RenderTableCell {TH} at (66,199) size 112x2 [bgcolor=#DDDD99] [r=5 c=1 rs=1 cs=1]
            RenderTableCell {TD} at (179,180) size 141x40 [r=5 c=2 rs=1 cs=1]
              RenderImage {IMG} at (0,0) size 140x36 [border: (1px dashed #800000)]
              RenderText {#text} at (0,0) size 0x0
            RenderTableCell {TD} at (320,180) size 142x40 [r=5 c=3 rs=1 cs=1]
              RenderEmbeddedObject {OBJECT} at (0,0) size 140x36 [border: (1px dashed #008000)]
                layer at (0,0) size 133x29
                  RenderView at (0,0) size 133x29
                layer at (0,0) size 133x29 scrollWidth 192 scrollHeight 42
                  RenderSVGRoot {svg} at (0,0) size 133x29
                layer at (0,0) size 133x29
                  RenderSVGViewportContainer at (0,0) size 133x29
              RenderText {#text} at (0,0) size 0x0
          RenderTableRow {TR} at (0,220) size 463x41
            RenderTableCell {TH} at (66,233) size 112x15 [bgcolor=#DDDD99] [r=6 c=1 rs=1 cs=1]
              RenderText {#text} at (42,0) size 27x15
                text run at (42,1) width 27: "none"
            RenderTableCell {TD} at (179,220) size 141x41 [r=6 c=2 rs=1 cs=1]
              RenderImage {IMG} at (0,0) size 140x36 [border: (1px dashed #800000)]
              RenderText {#text} at (0,0) size 0x0
            RenderTableCell {TD} at (320,220) size 142x41 [r=6 c=3 rs=1 cs=1]
              RenderEmbeddedObject {OBJECT} at (0,0) size 140x36 [border: (1px dashed #008000)]
                layer at (0,0) size 133x29
                  RenderView at (0,0) size 133x29
                layer at (0,0) size 133x29 scrollWidth 192 scrollHeight 42
                  RenderSVGRoot {svg} at (0,0) size 133x29
                layer at (0,0) size 133x29
                  RenderSVGViewportContainer at (0,0) size 133x29
              RenderText {#text} at (0,0) size 0x0
          RenderTableRow {TR} at (0,261) size 463x40
            RenderTableCell {TH} at (66,274) size 112x15 [bgcolor=#DDDD99] [r=7 c=1 rs=1 cs=1]
              RenderText {#text} at (42,0) size 27x15
                text run at (42,1) width 27: "meet"
            RenderTableCell {TD} at (179,261) size 141x40 [r=7 c=2 rs=1 cs=1]
              RenderImage {IMG} at (0,0) size 140x36 [border: (1px dashed #800000)]
              RenderText {#text} at (0,0) size 0x0
            RenderTableCell {TD} at (320,261) size 142x40 [r=7 c=3 rs=1 cs=1]
              RenderEmbeddedObject {OBJECT} at (0,0) size 140x36 [border: (1px dashed #008000)]
                layer at (0,0) size 133x29
                  RenderView at (0,0) size 133x29
                layer at (0,0) size 133x29 scrollWidth 192 scrollHeight 42
                  RenderSVGRoot {svg} at (0,0) size 133x29
                layer at (0,0) size 133x29
                  RenderSVGViewportContainer at (0,0) size 133x29
              RenderText {#text} at (0,0) size 0x0
          RenderTableRow {TR} at (0,302) size 463x40
            RenderTableCell {TH} at (66,314) size 112x16 [bgcolor=#DDDD99] [r=8 c=1 rs=1 cs=1]
              RenderText {#text} at (43,0) size 25x15
                text run at (43,1) width 25: "slice"
            RenderTableCell {TD} at (179,302) size 141x40 [r=8 c=2 rs=1 cs=1]
              RenderImage {IMG} at (0,0) size 140x36 [border: (1px dashed #800000)]
              RenderText {#text} at (0,0) size 0x0
            RenderTableCell {TD} at (320,302) size 142x40 [r=8 c=3 rs=1 cs=1]
              RenderEmbeddedObject {OBJECT} at (0,0) size 140x36 [border: (1px dashed #008000)]
                layer at (0,0) size 133x29
                  RenderView at (0,0) size 133x29
                layer at (0,0) size 133x29 scrollWidth 192 scrollHeight 42
                  RenderSVGRoot {svg} at (0,0) size 133x29
                layer at (0,0) size 133x29
                  RenderSVGViewportContainer at (0,0) size 133x29
              RenderText {#text} at (0,0) size 0x0
