layer at (0,0) size 800x600
  RenderView at (0,0) size 800x600
layer at (0,0) size 800x600
  RenderBlock {HTML} at (0,0) size 800x600
    RenderBody {BODY} at (0,0) size 800x600
      RenderBlock (anonymous) at (0,0) size 800x18
        RenderText {#text} at (0,0) size 55x18
          text run at (0,0) width 55: "e\x{300}e\x{300}e\x{300}e\x{300}e\x{300}e\x{300}X"
      RenderBlock {HR} at (0,26) size 800x2 [border: (1px inset #000000)]
      RenderBlock (anonymous) at (0,36) size 800x36
        RenderText {#text} at (0,0) size 213x18
          text run at (0,0) width 213: "This tests for regressions against "
        RenderInline {I} at (0,0) size 792x36
          RenderText {#text} at (212,0) size 792x36
            text run at (212,0) width 580: "http://bugzilla.opendarwin.org/show_bug.cgi?id=5878 pointToOffset always takes the CG"
            text run at (0,18) width 63: "code path"
        RenderText {#text} at (62,18) size 648x18
          text run at (62,18) width 648: " by clicking the X and verifying that the correct caret position (13) is reported to the editing delegate."
caret: position 11 of child 2 {#text} of body
