layer at (0,0) size 800x600
  RenderView at (0,0) size 800x600
layer at (0,0) size 800x372
  RenderBlock {HTML} at (0,0) size 800x372
    RenderBody {BODY} at (8,16) size 784x348
      RenderBlock {P} at (0,0) size 784x36
        RenderText {#text} at (0,0) size 179x18
          text run at (0,0) width 179: "Test for regressions against "
        RenderInline {I} at (0,0) size 772x36
          RenderInline {A} at (0,0) size 354x18 [color=#0000EE]
            RenderText {#text} at (178,0) size 354x18
              text run at (178,0) width 354: "http://bugzilla.opendarwin.org/show_bug.cgi?id=3922"
          RenderText {#text} at (531,0) size 772x36
            text run at (531,0) width 241: " Variable word/letter spacing and full"
            text run at (0,18) width 327: "justification not supported for ATSUI-rendered text"
        RenderText {#text} at (326,18) size 5x18
          text run at (326,18) width 5: "."
      RenderBlock (anonymous) at (0,52) size 784x18
        RenderText {#text} at (0,0) size 517x18
          text run at (0,0) width 517: "Each green box should be identical to the blue box it follows, except for accents."
      RenderBlock {HR} at (0,78) size 784x2 [border: (1px inset #000000)]
      RenderTable {TABLE} at (0,88) size 620x260
        RenderTableSection {TBODY} at (0,0) size 620x260
          RenderTableRow {TR} at (0,2) size 620x20
            RenderTableCell {TD} at (2,2) size 204x20 [r=0 c=0 rs=1 cs=1]
              RenderText {#text} at (57,1) size 90x18
                text run at (57,1) width 90: "Word spacing"
            RenderTableCell {TD} at (208,2) size 204x20 [r=0 c=1 rs=1 cs=1]
              RenderText {#text} at (56,1) size 92x18
                text run at (56,1) width 92: "Letter spacing"
            RenderTableCell {TD} at (414,2) size 204x20 [r=0 c=2 rs=1 cs=1]
              RenderText {#text} at (63,1) size 78x18
                text run at (63,1) width 78: "Justification"
          RenderTableRow {TR} at (0,24) size 620x234
            RenderTableCell {TD} at (2,24) size 204x180 [r=1 c=0 rs=1 cs=1]
              RenderBlock {DIV} at (1,1) size 202x178
                RenderBlock {DIV} at (0,0) size 202x56 [border: (1px solid #0000FF)]
                  RenderText {#text} at (52,1) size 192x54
                    text run at (52,1) width 149 RTL: "\x{5D9}\x{5B0}\x{5D4}\x{5B4}\x{5D9}, \x{5D0}\x{5B8}\x{5D7}\x{5B4}\x{5D9}, \x{5DC}\x{5B0}\x{5DA}\x{5B8} \x{5E1}\x{5B5}\x{5E4}\x{5B6}\x{5E8}"
                    text run at (9,19) width 54 RTL: "\x{5E6}\x{5B0}\x{5DE}\x{5B4}\x{5D9}\x{5EA}\x{5D5}\x{5BC}\x{5EA}"
                    text run at (62,19) width 139 RTL: "\x{5E9}\x{5C1}\x{5B0}\x{5DC}\x{5B7}\x{5D7}\x{5B0}\x{5EA}\x{5BC}\x{5B4}\x{5D9}\x{5D5} \x{5D5}\x{5BC}\x{5DE}\x{5B4}\x{5DE}\x{5B0}\x{5DB}\x{5BC}\x{5B6}\x{5E8}\x{5B6}\x{5EA} "
                    text run at (114,37) width 87 RTL: "\x{5DC}\x{5B8}\x{5DA}\x{5B0} \x{5DE}\x{5B0}\x{5DB}\x{5B7}\x{5E8}\x{5B0}\x{5EA}\x{5BC}\x{5B4}\x{5D9}\x{5D5}."
                RenderBlock {DIV} at (0,61) size 202x56 [border: (1px solid #0000FF)]
                  RenderText {#text} at (1,1) size 173x54
                    text run at (1,1) width 173: "Lore\x{300}m ipsum dolor sit"
                    text run at (1,19) width 130: "ame\x{300}t, consectetuer"
                    text run at (1,37) width 105: "adipiscing e\x{300}lit."
                RenderBlock {DIV} at (0,122) size 202x56 [border: (1px solid #008000)]
                  RenderText {#text} at (1,1) size 173x54
                    text run at (1,1) width 43: "Lorem"
                    text run at (53,1) width 44: " ipsum"
                    text run at (106,1) width 39: " dolor"
                    text run at (154,1) width 20: " sit"
                    text run at (1,19) width 36: "amet,"
                    text run at (46,19) width 85: " consectetuer"
                    text run at (1,37) width 66: "adipiscing"
                    text run at (76,37) width 30: " elit."
            RenderTableCell {TD} at (208,24) size 204x234 [r=1 c=1 rs=1 cs=1]
              RenderBlock {DIV} at (1,1) size 202x232
                RenderBlock {DIV} at (0,0) size 202x74 [border: (1px solid #0000FF)]
                  RenderText {#text} at (2,1) size 199x72
                    text run at (2,1) width 199 RTL: "\x{5D9}\x{5B0}\x{5D4}\x{5B4}\x{5D9}, \x{5D0}\x{5B8}\x{5D7}\x{5B4}\x{5D9}, \x{5DC}\x{5B0}\x{5DA}\x{5B8} \x{5E1}\x{5B5}\x{5E4}\x{5B6}\x{5E8}"
                    text run at (22,19) width 179 RTL: "\x{5E9}\x{5C1}\x{5B0}\x{5DC}\x{5B7}\x{5D7}\x{5B0}\x{5EA}\x{5BC}\x{5B4}\x{5D9}\x{5D5} \x{5D5}\x{5BC}\x{5DE}\x{5B4}\x{5DE}\x{5B0}\x{5DB}\x{5BC}\x{5B6}\x{5E8}\x{5B6}\x{5EA}"
                    text run at (81,37) width 120 RTL: "\x{5E6}\x{5B0}\x{5DE}\x{5B4}\x{5D9}\x{5EA}\x{5D5}\x{5BC}\x{5EA} \x{5DC}\x{5B8}\x{5DA}\x{5B0}"
                    text run at (111,55) width 90 RTL: "\x{5DE}\x{5B0}\x{5DB}\x{5B7}\x{5E8}\x{5B0}\x{5EA}\x{5BC}\x{5B4}\x{5D9}\x{5D5}."
                RenderBlock {DIV} at (0,79) size 202x74 [border: (1px solid #0000FF)]
                  RenderText {#text} at (1,1) size 175x72
                    text run at (1,1) width 141: "Lore\x{300}m ipsum"
                    text run at (1,19) width 167: "dolor sit ame\x{300}t,"
                    text run at (1,37) width 140: "consectetue\x{300}r"
                    text run at (1,55) width 175: "adipiscing e\x{300}lit."
                RenderBlock {DIV} at (0,158) size 202x74 [border: (1px solid #008000)]
                  RenderText {#text} at (1,1) size 175x72
                    text run at (1,1) width 141: "Lorem ipsum"
                    text run at (1,19) width 167: "dolor sit amet,"
                    text run at (1,37) width 140: "consectetuer"
                    text run at (1,55) width 175: "adipiscing elit."
            RenderTableCell {TD} at (414,24) size 204x126 [r=1 c=2 rs=1 cs=1]
              RenderBlock {DIV} at (1,1) size 202x124
                RenderBlock {DIV} at (0,0) size 202x38 [border: (1px solid #0000FF)]
                  RenderText {#text} at (1,1) size 200x36
                    text run at (1,1) width 200 RTL: "\x{5D9}\x{5B0}\x{5D4}\x{5B4}\x{5D9}, \x{5D0}\x{5B8}\x{5D7}\x{5B4}\x{5D9}, \x{5DC}\x{5B0}\x{5DA}\x{5B8} \x{5E1}\x{5B5}\x{5E4}\x{5B6}\x{5E8} \x{5E9}\x{5C1}\x{5B0}\x{5DC}\x{5B7}\x{5D7}\x{5B0}\x{5EA}\x{5BC}\x{5B4}\x{5D9}\x{5D5}"
                    text run at (1,19) width 138 RTL: "\x{5E6}\x{5B0}\x{5DE}\x{5B4}\x{5D9}\x{5EA}\x{5D5}\x{5BC}\x{5EA} \x{5DC}\x{5B8}\x{5DA}\x{5B0} \x{5DE}\x{5B0}\x{5DB}\x{5B7}\x{5E8}\x{5B0}\x{5EA}\x{5BC}\x{5B4}\x{5D9}\x{5D5}."
                    text run at (138,19) width 63 RTL: "\x{5D5}\x{5BC}\x{5DE}\x{5B4}\x{5DE}\x{5B0}\x{5DB}\x{5BC}\x{5B6}\x{5E8}\x{5B6}\x{5EA} "
                RenderBlock {DIV} at (0,43) size 202x38 [border: (1px solid #0000FF)]
                  RenderText {#text} at (1,1) size 200x36
                    text run at (1,1) width 200: "Lore\x{300}m ipsum dolor sit ame\x{300}t,"
                    text run at (1,19) width 179: "consectetue\x{300}r adipiscing e\x{300}lit."
                RenderBlock {DIV} at (0,86) size 202x38 [border: (1px solid #008000)]
                  RenderText {#text} at (1,1) size 200x36
                    text run at (1,1) width 200: "Lorem ipsum dolor sit amet,"
                    text run at (1,19) width 179: "consectetuer adipiscing elit."
