layer at (0,0) size 800x600
  RenderView at (0,0) size 800x600
layer at (0,0) size 800x246
  RenderBlock {HTML} at (0,0) size 800x246
    RenderBody {BODY} at (8,16) size 784x222
      RenderBlock {P} at (0,0) size 784x18
        RenderText {#text} at (0,0) size 378x18
          text run at (0,0) width 378: "Test for negative spacing values in complex text rendering."
      RenderBlock (anonymous) at (0,34) size 784x18
        RenderText {#text} at (0,0) size 517x18
          text run at (0,0) width 517: "Each green box should be identical to the blue box it follows, except for accents."
      RenderBlock {HR} at (0,60) size 784x2 [border: (1px inset #000000)]
      RenderTable {TABLE} at (0,70) size 414x152
        RenderTableSection {TBODY} at (0,0) size 414x152
          RenderTableRow {TR} at (0,2) size 414x20
            RenderTableCell {TD} at (2,2) size 204x20 [r=0 c=0 rs=1 cs=1]
              RenderText {#text} at (57,1) size 90x18
                text run at (57,1) width 90: "Word spacing"
            RenderTableCell {TD} at (208,2) size 204x20 [r=0 c=1 rs=1 cs=1]
              RenderText {#text} at (56,1) size 92x18
                text run at (56,1) width 92: "Letter spacing"
          RenderTableRow {TR} at (0,24) size 414x126
            RenderTableCell {TD} at (2,24) size 204x126 [r=1 c=0 rs=1 cs=1]
              RenderBlock {DIV} at (1,1) size 202x124
                RenderBlock {DIV} at (0,0) size 202x38 [border: (1px solid #0000FF)]
                  RenderText {#text} at (32,1) size 190x36
                    text run at (32,1) width 169 RTL: "\x{5D9}\x{5B0}\x{5D4}\x{5B4}\x{5D9}, \x{5D0}\x{5B8}\x{5D7}\x{5B4}\x{5D9}, \x{5DC}\x{5B0}\x{5DA}\x{5B8} \x{5E1}\x{5B5}\x{5E4}\x{5B6}\x{5E8} \x{5E9}\x{5C1}\x{5B0}\x{5DC}\x{5B7}\x{5D7}\x{5B0}\x{5EA}\x{5BC}\x{5B4}\x{5D9}\x{5D5}"
                    text run at (11,19) width 132 RTL: "\x{5E6}\x{5B0}\x{5DE}\x{5B4}\x{5D9}\x{5EA}\x{5D5}\x{5BC}\x{5EA} \x{5DC}\x{5B8}\x{5DA}\x{5B0} \x{5DE}\x{5B0}\x{5DB}\x{5B7}\x{5E8}\x{5B0}\x{5EA}\x{5BC}\x{5B4}\x{5D9}\x{5D5}."
                    text run at (142,19) width 59 RTL: "\x{5D5}\x{5BC}\x{5DE}\x{5B4}\x{5DE}\x{5B0}\x{5DB}\x{5BC}\x{5B6}\x{5E8}\x{5B6}\x{5EA} "
                RenderBlock {DIV} at (0,43) size 202x38 [border: (1px solid #0000FF)]
                  RenderText {#text} at (1,1) size 175x36
                    text run at (1,1) width 174: "Lore\x{300}m ipsum dolor sit ame\x{300}t,"
                    text run at (1,19) width 175: "consectetuer adipiscing e\x{300}lit."
                RenderBlock {DIV} at (0,86) size 202x38 [border: (1px solid #008000)]
                  RenderText {#text} at (1,1) size 175x36
                    text run at (1,1) width 43: "Lorem"
                    text run at (41,1) width 44: " ipsum"
                    text run at (82,1) width 39: " dolor"
                    text run at (118,1) width 20: " sit"
                    text run at (135,1) width 40: " amet,"
                    text run at (1,19) width 80: "consectetuer"
                    text run at (78,19) width 71: " adipiscing"
                    text run at (146,19) width 30: " elit."
            RenderTableCell {TD} at (208,24) size 204x126 [r=1 c=1 rs=1 cs=1]
              RenderBlock {DIV} at (1,1) size 202x124
                RenderBlock {DIV} at (0,0) size 202x38 [border: (1px solid #0000FF)]
                  RenderText {#text} at (47,1) size 172x36
                    text run at (47,1) width 154 RTL: "\x{5D9}\x{5B0}\x{5D4}\x{5B4}\x{5D9}, \x{5D0}\x{5B8}\x{5D7}\x{5B4}\x{5D9}, \x{5DC}\x{5B0}\x{5DA}\x{5B8} \x{5E1}\x{5B5}\x{5E4}\x{5B6}\x{5E8} \x{5E9}\x{5C1}\x{5B0}\x{5DC}\x{5B7}\x{5D7}\x{5B0}\x{5EA}\x{5BC}\x{5B4}\x{5D9}\x{5D5}"
                    text run at (29,19) width 119 RTL: "\x{5E6}\x{5B0}\x{5DE}\x{5B4}\x{5D9}\x{5EA}\x{5D5}\x{5BC}\x{5EA} \x{5DC}\x{5B8}\x{5DA}\x{5B0} \x{5DE}\x{5B0}\x{5DB}\x{5B7}\x{5E8}\x{5B0}\x{5EA}\x{5BC}\x{5B4}\x{5D9}\x{5D5}."
                    text run at (147,19) width 54 RTL: "\x{5D5}\x{5BC}\x{5DE}\x{5B4}\x{5DE}\x{5B0}\x{5DB}\x{5BC}\x{5B6}\x{5E8}\x{5B6}\x{5EA} "
                RenderBlock {DIV} at (0,43) size 202x38 [border: (1px solid #0000FF)]
                  RenderText {#text} at (1,1) size 155x36
                    text run at (1,1) width 155: "Lore\x{300}m ipsum dolor sit ame\x{300}t,"
                    text run at (1,19) width 150: "consectetue\x{300}r adipiscing e\x{300}lit."
                RenderBlock {DIV} at (0,86) size 202x38 [border: (1px solid #008000)]
                  RenderText {#text} at (1,1) size 155x36
                    text run at (1,1) width 155: "Lorem ipsum dolor sit amet,"
                    text run at (1,19) width 150: "consectetuer adipiscing elit."
