layer at (0,0) size 800x600
  RenderView at (0,0) size 800x600
layer at (0,0) size 800x272
  RenderBlock {HTML} at (0,0) size 800x272
    RenderBody {BODY} at (8,8) size 784x256
      RenderBlock {DIV} at (0,0) size 784x18
        RenderText {#text} at (0,0) size 320x18
          text run at (0,0) width 320: "No font is specified. expected: backslash, actual: \\"
      RenderBlock {DIV} at (0,18) size 784x18
        RenderText {#text} at (0,0) size 355x18
          text run at (0,0) width 355: "Using font \"MS PGothic\". expected: yen sign, actual: \x{A5}"
      RenderBlock {DIV} at (0,36) size 784x18
        RenderText {#text} at (0,0) size 346x18
          text run at (0,0) width 346: "Using font \"MS Gothic\". expected: yen sign, actual: \x{A5}"
      RenderBlock {DIV} at (0,54) size 784x18
        RenderText {#text} at (0,0) size 361x18
          text run at (0,0) width 361: "Using font \"MS PMincho\". expected: yen sign, actual: \x{A5}"
      RenderBlock {DIV} at (0,72) size 784x18
        RenderText {#text} at (0,0) size 352x18
          text run at (0,0) width 352: "Using font \"MS Mincho\". expected: yen sign, actual: \x{A5}"
      RenderBlock {DIV} at (0,90) size 784x18
        RenderText {#text} at (0,0) size 322x18
          text run at (0,0) width 322: "Using font \"Meiryo\". expected: yen sign, actual: \x{A5}"
      RenderBlock {DIV} at (0,108) size 784x23
        RenderText {#text} at (0,2) size 391x19
          text run at (0,2) width 391: "Using font \"\x{FF2D}\x{FF33} \x{FF30}\x{30B4}\x{30B7}\x{30C3}\x{30AF}\". expected: yen sign, actual: \x{A5}"
      RenderBlock {DIV} at (0,130) size 784x23
        RenderText {#text} at (0,2) size 375x19
          text run at (0,2) width 375: "Using font \"\x{FF2D}\x{FF33} \x{30B4}\x{30B7}\x{30C3}\x{30AF}\". expected: yen sign, actual: \x{A5}"
      RenderBlock {DIV} at (0,152) size 784x24
        RenderText {#text} at (0,2) size 359x19
          text run at (0,2) width 359: "Using font \"\x{FF2D}\x{FF33} \x{FF30}\x{660E}\x{671D}\". expected: yen sign, actual: \x{A5}"
      RenderBlock {DIV} at (0,175) size 784x23
        RenderText {#text} at (0,2) size 343x19
          text run at (0,2) width 343: "Using font \"\x{FF2D}\x{FF33} \x{660E}\x{671D}\". expected: yen sign, actual: \x{A5}"
      RenderBlock {DIV} at (0,197) size 784x23
        RenderText {#text} at (0,2) size 339x19
          text run at (0,2) width 339: "Using font \"\x{30E1}\x{30A4}\x{30EA}\x{30AA}\". expected: yen sign, actual: \x{A5}"
      RenderBlock {DIV} at (0,219) size 784x19
        RenderText {#text} at (0,0) size 320x18
          text run at (0,0) width 320: "Using font \"Times\". expected: backslash, actual: \\"
      RenderBlock {DIV} at (0,237) size 784x19
        RenderText {#text} at (0,0) size 322x18
          text run at (0,0) width 322: "Using font \"foobar\". expected: backslash, actual: \\"
