layer at (0,0) size 800x600
  RenderView at (0,0) size 800x600
layer at (0,0) size 800x600
  RenderBlock {HTML} at (0,0) size 800x600
    RenderBody {BODY} at (8,8) size 784x584
      RenderBlock {P} at (0,0) size 784x36
        RenderText {#text} at (0,0) size 54x18
          text run at (0,0) width 54: "Test for "
        RenderInline {I} at (0,0) size 748x36
          RenderInline {A} at (0,0) size 305x18 [color=#0000EE]
            RenderText {#text} at (53,0) size 305x18
              text run at (53,0) width 305: "http://bugs.webkit.org/show_bug.cgi?id=12726"
          RenderText {#text} at (357,0) size 748x36
            text run at (357,0) width 5: " "
            text run at (361,0) width 387: "REGRESSION (r12073): Text wraps in the middle of a word"
            text run at (0,18) width 313: "instead of wrapping at the space before the word"
        RenderText {#text} at (312,18) size 5x18
          text run at (312,18) width 5: "."
      RenderBlock {P} at (0,52) size 784x18
        RenderText {#text} at (0,0) size 388x18
          text run at (0,0) width 388: "\x{201C}onelongwrodwithnobreaks\x{201D} should not break in the middle."
      RenderBlock {DIV} at (0,86) size 200x26 [bgcolor=#FFFF00]
        RenderText {#text} at (0,0) size 175x26
          text run at (0,0) width 175: "lllllllllllllllllllllllllllllllllllllllllllllllllllllll"
          text run at (0,13) width 142: "onelongwrodwithnobreaks"
