layer at (0,0) size 800x600
  RenderView at (0,0) size 800x600
layer at (0,0) size 800x374
  RenderBlock {HTML} at (0,0) size 800x374
    RenderBody {BODY} at (8,8) size 784x358
      RenderBlock {DIV} at (0,0) size 784x182
        RenderBlock {P} at (4,0) size 776x27
          RenderInline {SPAN} at (0,0) size 282x29 [border: (1px solid #FF0000)]
            RenderText {#text} at (1,0) size 280x27
              text run at (1,0) width 280: "mmm mmm mmm mmm"
          RenderText {#text} at (0,0) size 0x0
        RenderBlock {P} at (4,31) size 776x27
          RenderInline {SPAN} at (0,0) size 282x29 [border: (1px solid #FF0000)]
            RenderText {#text} at (1,0) size 280x27
              text run at (1,0) width 280: "mmm mmm\x{300} mmm mmm"
          RenderText {#text} at (0,0) size 0x0
        RenderBlock {P} at (4,62) size 776x27
          RenderInline {SPAN} at (0,0) size 280x27
            RenderText {#text} at (0,0) size 280x27
              text run at (0,0) width 280: "mmm mmm\x{300} mmm mmm"
          RenderText {#text} at (279,0) size 288x27
            text run at (279,0) width 288: " mmm mmm mmm mmm"
        RenderBlock {P} at (4,93) size 776x27
          RenderInline {SPAN} at (0,0) size 423x27
            RenderText {#text} at (0,0) size 423x27
              text run at (0,0) width 423: "mmm mmm\x{300} mmm mmm mmm mmm"
          RenderText {#text} at (422,0) size 145x27
            text run at (422,0) width 145: " mmm mmm"
        RenderBlock {P} at (4,124) size 776x27
          RenderInline {SPAN} at (0,0) size 280x27
            RenderText {#text} at (0,0) size 280x27
              text run at (0,0) width 280: "mmm mmm mmm mmm"
          RenderText {#text} at (279,0) size 288x27
            text run at (279,0) width 288: " mmm mmm mmm mmm"
        RenderBlock {P} at (4,155) size 776x27
          RenderInline {SPAN} at (0,0) size 423x27
            RenderText {#text} at (0,0) size 423x27
              text run at (0,0) width 423: "mmm mmm mmm mmm mmm mmm"
          RenderText {#text} at (422,0) size 145x27
            text run at (422,0) width 145: " mmm mmm"
      RenderBlock {HR} at (0,190) size 784x2 [border: (1px inset #000000)]
      RenderBlock {DIV} at (0,200) size 784x158
        RenderBlock {P} at (4,0) size 776x23
          RenderInline {SPAN} at (0,0) size 219x25 [border: (1px solid #008000)]
            RenderText {#text} at (1,0) size 217x23
              text run at (1,0) width 217: "mmm mmm mmm mmm"
          RenderText {#text} at (0,0) size 0x0
        RenderBlock {P} at (4,27) size 776x23
          RenderInline {SPAN} at (0,0) size 219x25 [border: (1px solid #008000)]
            RenderText {#text} at (1,0) size 217x23
              text run at (1,0) width 217: "mmm mmm\x{300} mmm mmm"
          RenderText {#text} at (0,0) size 0x0
        RenderBlock {P} at (4,54) size 776x23
          RenderInline {SPAN} at (0,0) size 217x23
            RenderText {#text} at (0,0) size 217x23
              text run at (0,0) width 217: "mmm mmm\x{300} mmm mmm"
          RenderText {#text} at (216,0) size 223x23
            text run at (216,0) width 223: " mmm mmm mmm mmm"
        RenderBlock {P} at (4,81) size 776x23
          RenderInline {SPAN} at (0,0) size 328x23
            RenderText {#text} at (0,0) size 328x23
              text run at (0,0) width 328: "mmm mmm\x{300} mmm mmm mmm mmm"
          RenderText {#text} at (327,0) size 112x23
            text run at (327,0) width 112: " mmm mmm"
        RenderBlock {P} at (4,108) size 776x23
          RenderInline {SPAN} at (0,0) size 217x23
            RenderText {#text} at (0,0) size 217x23
              text run at (0,0) width 217: "mmm mmm mmm mmm"
          RenderText {#text} at (216,0) size 223x23
            text run at (216,0) width 223: " mmm mmm mmm mmm"
        RenderBlock {P} at (4,135) size 776x23
          RenderInline {SPAN} at (0,0) size 328x23
            RenderText {#text} at (0,0) size 328x23
              text run at (0,0) width 328: "mmm mmm mmm mmm mmm mmm"
          RenderText {#text} at (327,0) size 112x23
            text run at (327,0) width 112: " mmm mmm"
