layer at (0,0) size 785x610
  RenderView at (0,0) size 785x600
layer at (0,0) size 785x610
  RenderBlock {HTML} at (0,0) size 785x610
    RenderBody {BODY} at (8,8) size 769x594
      RenderBlock {P} at (0,0) size 769x18
        RenderText {#text} at (0,0) size 326x18
          text run at (0,0) width 326: "Each blue box should match the black box above it."
      RenderBlock {DIV} at (0,34) size 769x80 [border: (3px solid #000000)]
        RenderInline {SPAN} at (0,0) size 96x56
          RenderText {#text} at (27,11) size 96x56
            text run at (27,11) width 96: "1\x{20E3}2\x{20E3}"
        RenderText {#text} at (123,14) size 93x55
          text run at (123,14) width 93: " and "
        RenderInline {SPAN} at (0,0) size 46x56
          RenderText {#text} at (216,11) size 46x56
            text run at (216,11) width 46: "a\x{20E3}"
        RenderText {#text} at (0,0) size 0x0
      RenderBlock {DIV} at (0,122) size 769x80 [border: (3px solid #0000FF)]
        RenderText {#text} at (27,14) size 235x55
          text run at (27,14) width 235: "1\x{20E3}2\x{20E3} and a\x{20E3}"
      RenderBlock {DIV} at (0,210) size 769x85 [border: (3px solid #000000)]
        RenderInline {SPAN} at (0,0) size 97x63
          RenderText {#text} at (27,11) size 97x63
            text run at (27,11) width 97: "1\x{20E3}2\x{20E3}"
        RenderText {#text} at (123,16) size 94x55
          text run at (123,16) width 94: " and "
        RenderInline {SPAN} at (0,0) size 46x56
          RenderText {#text} at (216,13) size 46x56
            text run at (216,13) width 46: "a\x{20E3}"
        RenderText {#text} at (0,0) size 0x0
      RenderBlock {DIV} at (0,303) size 769x85 [border: (3px solid #0000FF)]
        RenderText {#text} at (27,16) size 235x55
          text run at (27,16) width 235: "1\x{20E3}2\x{20E3} and a\x{20E3}"
      RenderBlock {P} at (0,404) size 769x18
        RenderText {#text} at (0,0) size 370x18
          text run at (0,0) width 370: "The combining marks should be centered above the letters."
      RenderBlock {DIV} at (0,438) size 769x74
        RenderText {#text} at (24,8) size 151x58
          text run at (24,8) width 151: "i\x{302} and i\x{33F}"
      RenderBlock {DIV} at (0,520) size 769x74
        RenderText {#text} at (24,8) size 136x58
          text run at (24,8) width 136: "i\x{302} and i\x{33F}"
