layer at (0,0) size 800x600
  RenderView at (0,0) size 800x600
layer at (0,0) size 800x600
  RenderBlock {HTML} at (0,0) size 800x600
    RenderBody {BODY} at (8,8) size 784x584
      RenderBlock (anonymous) at (0,0) size 784x18
        RenderText {#text} at (0,0) size 429x18
          text run at (0,0) width 429: "Pixel test for complex text rendering with opacity (Chromium bug "
        RenderInline {A} at (428,0) size 33x18 [color=#0000EE]
          RenderText {#text} at (428,0) size 33x18
            text run at (428,0) width 33: "8768"
        RenderText {#text} at (460,0) size 10x18
          text run at (460,0) width 10: ")."
      RenderBlock {P} at (0,34) size 784x0
      RenderBlock {DIV} at (0,34) size 784x38
        RenderInline {SPAN} at (0,4) size 43x30
          RenderText {#text} at (0,4) size 43x30
            text run at (0,4) width 43: "\x{916}\x{94B}\x{91C}\x{947}\x{902}"
        RenderText {#text} at (42,4) size 7x30
          text run at (42,4) width 7: " "
        RenderText {#text} at (91,4) size 7x30
          text run at (91,4) width 7: " "
        RenderText {#text} at (139,4) size 7x30
          text run at (139,4) width 7: " "
        RenderText {#text} at (188,4) size 7x30
          text run at (188,4) width 7: " "
        RenderText {#text} at (236,4) size 8x30
          text run at (236,4) width 8: " "
        RenderText {#text} at (285,4) size 7x30
          text run at (285,4) width 7: " "
        RenderText {#text} at (334,4) size 7x30
          text run at (334,4) width 7: " "
        RenderText {#text} at (382,4) size 8x30
          text run at (382,4) width 8: " "
        RenderText {#text} at (431,4) size 7x30
          text run at (431,4) width 7: " "
        RenderText {#text} at (480,4) size 7x30
          text run at (480,4) width 7: " "
        RenderText {#text} at (0,0) size 0x0
      RenderBlock {DIV} at (0,71) size 784x35
        RenderInline {SPAN} at (562,1) size 51x30
          RenderText {#text} at (562,1) size 51x30
            text run at (562,1) width 51 RTL: "\x{64A}\x{624}\x{644}\x{645}\x{646}\x{64A}"
        RenderText {#text} at (556,1) size 7x30
          text run at (556,1) width 7 RTL: " "
        RenderText {#text} at (500,1) size 7x30
          text run at (500,1) width 7 RTL: " "
        RenderText {#text} at (443,1) size 7x30
          text run at (443,1) width 7 RTL: " "
        RenderText {#text} at (387,1) size 7x30
          text run at (387,1) width 7 RTL: " "
        RenderText {#text} at (331,1) size 7x30
          text run at (331,1) width 7 RTL: " "
        RenderText {#text} at (275,1) size 7x30
          text run at (275,1) width 7 RTL: " "
        RenderText {#text} at (218,1) size 7x30
          text run at (218,1) width 7 RTL: " "
        RenderText {#text} at (162,1) size 7x30
          text run at (162,1) width 7 RTL: " "
        RenderText {#text} at (106,1) size 7x30
          text run at (106,1) width 7 RTL: " "
        RenderText {#text} at (50,1) size 7x30
          text run at (50,1) width 7 RTL: " "
        RenderText {#text} at (0,0) size 0x0
layer at (8,42) size 44x30
  RenderInline {SPAN} at (48,4) size 44x30
    RenderText {#text} at (48,4) size 44x30
      text run at (48,4) width 44: "\x{916}\x{94B}\x{91C}\x{947}\x{902}"
layer at (8,42) size 43x30
  RenderInline {SPAN} at (97,4) size 43x30
    RenderText {#text} at (97,4) size 43x30
      text run at (97,4) width 43: "\x{916}\x{94B}\x{91C}\x{947}\x{902}"
layer at (8,42) size 44x30
  RenderInline {SPAN} at (145,4) size 44x30
    RenderText {#text} at (145,4) size 44x30
      text run at (145,4) width 44: "\x{916}\x{94B}\x{91C}\x{947}\x{902}"
layer at (8,42) size 43x30
  RenderInline {SPAN} at (194,4) size 43x30
    RenderText {#text} at (194,4) size 43x30
      text run at (194,4) width 43: "\x{916}\x{94B}\x{91C}\x{947}\x{902}"
layer at (8,42) size 43x30
  RenderInline {SPAN} at (243,4) size 43x30
    RenderText {#text} at (243,4) size 43x30
      text run at (243,4) width 43: "\x{916}\x{94B}\x{91C}\x{947}\x{902}"
layer at (8,42) size 44x30
  RenderInline {SPAN} at (291,4) size 44x30
    RenderText {#text} at (291,4) size 44x30
      text run at (291,4) width 44: "\x{916}\x{94B}\x{91C}\x{947}\x{902}"
layer at (8,42) size 43x30
  RenderInline {SPAN} at (340,4) size 43x30
    RenderText {#text} at (340,4) size 43x30
      text run at (340,4) width 43: "\x{916}\x{94B}\x{91C}\x{947}\x{902}"
layer at (8,42) size 43x30
  RenderInline {SPAN} at (389,4) size 43x30
    RenderText {#text} at (389,4) size 43x30
      text run at (389,4) width 43: "\x{916}\x{94B}\x{91C}\x{947}\x{902}"
layer at (8,42) size 44x30
  RenderInline {SPAN} at (437,4) size 44x30
    RenderText {#text} at (437,4) size 44x30
      text run at (437,4) width 44: "\x{916}\x{94B}\x{91C}\x{947}\x{902}"
layer at (8,42) size 43x30
  RenderInline {SPAN} at (486,4) size 43x30
    RenderText {#text} at (486,4) size 43x30
      text run at (486,4) width 43: "\x{916}\x{94B}\x{91C}\x{947}\x{902}"
layer at (8,80) size 51x30
  RenderInline {SPAN} at (506,1) size 51x30
    RenderText {#text} at (506,1) size 51x30
      text run at (506,1) width 51 RTL: "\x{64A}\x{624}\x{644}\x{645}\x{646}\x{64A}"
layer at (8,80) size 50x30
  RenderInline {SPAN} at (450,1) size 50x30
    RenderText {#text} at (450,1) size 50x30
      text run at (450,1) width 50 RTL: "\x{64A}\x{624}\x{644}\x{645}\x{646}\x{64A}"
layer at (8,80) size 51x30
  RenderInline {SPAN} at (393,1) size 51x30
    RenderText {#text} at (393,1) size 51x30
      text run at (393,1) width 51 RTL: "\x{64A}\x{624}\x{644}\x{645}\x{646}\x{64A}"
layer at (8,80) size 51x30
  RenderInline {SPAN} at (337,1) size 51x30
    RenderText {#text} at (337,1) size 51x30
      text run at (337,1) width 51 RTL: "\x{64A}\x{624}\x{644}\x{645}\x{646}\x{64A}"
layer at (8,80) size 51x30
  RenderInline {SPAN} at (281,1) size 51x30
    RenderText {#text} at (281,1) size 51x30
      text run at (281,1) width 51 RTL: "\x{64A}\x{624}\x{644}\x{645}\x{646}\x{64A}"
layer at (8,80) size 50x30
  RenderInline {SPAN} at (225,1) size 50x30
    RenderText {#text} at (225,1) size 50x30
      text run at (225,1) width 50 RTL: "\x{64A}\x{624}\x{644}\x{645}\x{646}\x{64A}"
layer at (8,80) size 51x30
  RenderInline {SPAN} at (168,1) size 51x30
    RenderText {#text} at (168,1) size 51x30
      text run at (168,1) width 51 RTL: "\x{64A}\x{624}\x{644}\x{645}\x{646}\x{64A}"
layer at (8,80) size 51x30
  RenderInline {SPAN} at (112,1) size 51x30
    RenderText {#text} at (112,1) size 51x30
      text run at (112,1) width 51 RTL: "\x{64A}\x{624}\x{644}\x{645}\x{646}\x{64A}"
layer at (8,80) size 51x30
  RenderInline {SPAN} at (56,1) size 51x30
    RenderText {#text} at (56,1) size 51x30
      text run at (56,1) width 51 RTL: "\x{64A}\x{624}\x{644}\x{645}\x{646}\x{64A}"
layer at (8,80) size 50x30
  RenderInline {SPAN} at (0,1) size 50x30
    RenderText {#text} at (0,1) size 50x30
      text run at (0,1) width 50 RTL: "\x{64A}\x{624}\x{644}\x{645}\x{646}\x{64A}"
