layer at (0,0) size 800x600
  RenderView at (0,0) size 800x600
layer at (0,0) size 800x600
  RenderBlock {HTML} at (0,0) size 800x600
    RenderBody {BODY} at (8,8) size 782x584
      RenderBlock {DIV} at (0,0) size 82x584
        RenderBlock {DIV} at (0,0) size 36x584
          RenderText {#text} at (5,0) size 26x72
            text run at (5,0) width 73: "\x{305D}\x{306E}\x{5973}"
          RenderInline {SPAN} at (5,72) size 26x24 [color=#0000FF]
            RenderCombineText {#text} at (5,72) size 26x24
              text run at (5,72) width 25: "\x{FFFC}"
          RenderText {#text} at (5,96) size 26x48
            text run at (5,96) width 49: "\x{304C}\x{306D}"
          RenderInline {SPAN} at (5,144) size 26x24 [color=#0000FF]
            RenderCombineText {#text} at (5,144) size 26x24
              text run at (5,144) width 25: "\x{FFFC}"
          RenderText {#text} at (5,168) size 26x120
            text run at (5,168) width 121: "\x{304B}\x{3057}\x{3064}\x{3051}\x{306B}"
          RenderInline {SPAN} at (5,288) size 26x24 [color=#0000FF]
            RenderCombineText {#text} at (5,288) size 26x24
              text run at (5,288) width 25: "\x{FFFC}"
          RenderText {#text} at (5,312) size 26x168
            text run at (5,312) width 169: "\x{6765}\x{3066}\x{304F}\x{308C}\x{308B}\x{307E}\x{3067}"
        RenderBlock {DIV} at (46,0) size 36x584
          RenderText {#text} at (5,0) size 26x72
            text run at (5,0) width 73: "\x{305D}\x{306E}\x{5973}"
          RenderInline {SPAN} at (5,72) size 26x24 [color=#0000FF]
            RenderCombineText {#text} at (5,72) size 26x24
              text run at (5,72) width 25: "\x{FFFC}"
          RenderText {#text} at (5,96) size 26x48
            text run at (5,96) width 49: "\x{304C}\x{306D}"
          RenderInline {SPAN} at (5,144) size 26x24 [color=#0000FF]
            RenderCombineText {#text} at (5,144) size 26x24
              text run at (5,144) width 25: "\x{FFFC}"
          RenderText {#text} at (5,168) size 26x120
            text run at (5,168) width 121: "\x{304B}\x{3057}\x{3064}\x{3051}\x{306B}"
          RenderInline {SPAN} at (5,288) size 26x24 [color=#0000FF]
            RenderCombineText {#text} at (5,288) size 26x24
              text run at (5,288) width 25: "\x{FFFC}"
          RenderText {#text} at (5,312) size 26x168
            text run at (5,312) width 169: "\x{6765}\x{3066}\x{304F}\x{308C}\x{308B}\x{307E}\x{3067}"
      RenderBlock {DIV} at (92,0) size 82x584
        RenderBlock {DIV} at (0,0) size 36x584
          RenderText {#text} at (5,0) size 26x72
            text run at (5,0) width 73: "\x{305D}\x{306E}\x{5973}"
          RenderInline {SPAN} at (5,72) size 26x24 [color=#0000FF]
            RenderCombineText {#text} at (5,72) size 26x24
              text run at (5,72) width 25: "\x{FFFC}"
          RenderText {#text} at (5,96) size 26x48
            text run at (5,96) width 49: "\x{304C}\x{306D}"
          RenderInline {SPAN} at (5,144) size 26x24 [color=#0000FF]
            RenderCombineText {#text} at (5,144) size 26x24
              text run at (5,144) width 25: "\x{FFFC}"
          RenderText {#text} at (5,168) size 26x120
            text run at (5,168) width 121: "\x{304B}\x{3057}\x{3064}\x{3051}\x{306B}"
          RenderInline {SPAN} at (5,288) size 26x24 [color=#0000FF]
            RenderCombineText {#text} at (5,288) size 26x24
              text run at (5,288) width 25: "\x{FFFC}"
          RenderText {#text} at (5,312) size 26x168
            text run at (5,312) width 169: "\x{6765}\x{3066}\x{304F}\x{308C}\x{308B}\x{307E}\x{3067}"
        RenderBlock {DIV} at (46,0) size 36x584
          RenderText {#text} at (5,0) size 26x72
            text run at (5,0) width 73: "\x{305D}\x{306E}\x{5973}"
          RenderInline {SPAN} at (5,72) size 26x24 [color=#0000FF]
            RenderCombineText {#text} at (5,72) size 26x24
              text run at (5,72) width 25: "\x{FFFC}"
          RenderText {#text} at (5,96) size 26x48
            text run at (5,96) width 49: "\x{304C}\x{306D}"
          RenderInline {SPAN} at (5,144) size 26x24 [color=#0000FF]
            RenderCombineText {#text} at (5,144) size 26x24
              text run at (5,144) width 25: "\x{FFFC}"
          RenderText {#text} at (5,168) size 26x120
            text run at (5,168) width 121: "\x{304B}\x{3057}\x{3064}\x{3051}\x{306B}"
          RenderInline {SPAN} at (5,288) size 26x24 [color=#0000FF]
            RenderCombineText {#text} at (5,288) size 26x24
              text run at (5,288) width 25: "\x{FFFC}"
          RenderText {#text} at (5,312) size 26x168
            text run at (5,312) width 169: "\x{6765}\x{3066}\x{304F}\x{308C}\x{308B}\x{307E}\x{3067}"
      RenderBlock {DIV} at (184,0) size 82x584
        RenderBlock {DIV} at (0,0) size 36x584
          RenderText {#text} at (5,0) size 26x72
            text run at (5,0) width 73: "\x{305D}\x{306E}\x{5973}"
          RenderInline {SPAN} at (5,72) size 26x24 [color=#0000FF]
            RenderCombineText {#text} at (5,72) size 26x24
              text run at (5,72) width 25: "\x{FFFC}"
          RenderText {#text} at (5,96) size 26x48
            text run at (5,96) width 49: "\x{304C}\x{306D}"
          RenderInline {SPAN} at (5,144) size 26x24 [color=#0000FF]
            RenderCombineText {#text} at (5,144) size 26x24
              text run at (5,144) width 25: "\x{FFFC}"
          RenderText {#text} at (5,168) size 26x120
            text run at (5,168) width 121: "\x{304B}\x{3057}\x{3064}\x{3051}\x{306B}"
          RenderInline {SPAN} at (5,288) size 26x24 [color=#0000FF]
            RenderCombineText {#text} at (5,288) size 26x24
              text run at (5,288) width 25: "\x{FFFC}"
          RenderText {#text} at (5,312) size 26x168
            text run at (5,312) width 169: "\x{6765}\x{3066}\x{304F}\x{308C}\x{308B}\x{307E}\x{3067}"
        RenderBlock {DIV} at (46,0) size 36x584
          RenderText {#text} at (5,0) size 26x72
            text run at (5,0) width 73: "\x{305D}\x{306E}\x{5973}"
          RenderInline {SPAN} at (5,72) size 26x24 [color=#0000FF]
            RenderCombineText {#text} at (5,72) size 26x24
              text run at (5,72) width 25: "\x{FFFC}"
          RenderText {#text} at (5,96) size 26x48
            text run at (5,96) width 49: "\x{304C}\x{306D}"
          RenderInline {SPAN} at (5,144) size 26x24 [color=#0000FF]
            RenderCombineText {#text} at (5,144) size 26x24
              text run at (5,144) width 25: "\x{FFFC}"
          RenderText {#text} at (5,168) size 26x120
            text run at (5,168) width 121: "\x{304B}\x{3057}\x{3064}\x{3051}\x{306B}"
          RenderInline {SPAN} at (5,288) size 26x24 [color=#0000FF]
            RenderCombineText {#text} at (5,288) size 26x24
              text run at (5,288) width 25: "\x{FFFC}"
          RenderText {#text} at (5,312) size 26x168
            text run at (5,312) width 169: "\x{6765}\x{3066}\x{304F}\x{308C}\x{308B}\x{307E}\x{3067}"
      RenderBlock {DIV} at (276,0) size 98x584
        RenderBlock {DIV} at (0,0) size 44x584
          RenderText {#text} at (13,0) size 25x72
            text run at (13,0) width 73: "\x{305D}\x{306E}\x{5973}"
          RenderInline {SPAN} at (13,72) size 25x24 [color=#0000FF]
            RenderCombineText {#text} at (13,72) size 25x24
              text run at (13,72) width 25: "\x{FFFC}"
          RenderText {#text} at (13,96) size 25x48
            text run at (13,96) width 49: "\x{304C}\x{306D}"
          RenderInline {SPAN} at (13,144) size 25x24 [color=#0000FF]
            RenderCombineText {#text} at (13,144) size 25x24
              text run at (13,144) width 25: "\x{FFFC}"
          RenderText {#text} at (13,168) size 25x120
            text run at (13,168) width 121: "\x{304B}\x{3057}\x{3064}\x{3051}\x{306B}"
          RenderInline {SPAN} at (13,288) size 25x24 [color=#0000FF]
            RenderCombineText {#text} at (13,288) size 25x24
              text run at (13,288) width 25: "\x{FFFC}"
          RenderText {#text} at (13,312) size 25x168
            text run at (13,312) width 169: "\x{6765}\x{3066}\x{304F}\x{308C}\x{308B}\x{307E}\x{3067}"
        RenderBlock {DIV} at (53,0) size 45x584
          RenderText {#text} at (13,0) size 25x72
            text run at (13,0) width 73: "\x{305D}\x{306E}\x{5973}"
          RenderInline {SPAN} at (13,72) size 25x24 [color=#0000FF]
            RenderCombineText {#text} at (13,72) size 25x24
              text run at (13,72) width 25: "\x{FFFC}"
          RenderText {#text} at (13,96) size 25x48
            text run at (13,96) width 49: "\x{304C}\x{306D}"
          RenderInline {SPAN} at (13,144) size 25x24 [color=#0000FF]
            RenderCombineText {#text} at (13,144) size 25x24
              text run at (13,144) width 25: "\x{FFFC}"
          RenderText {#text} at (13,168) size 25x120
            text run at (13,168) width 121: "\x{304B}\x{3057}\x{3064}\x{3051}\x{306B}"
          RenderInline {SPAN} at (13,288) size 25x24 [color=#0000FF]
            RenderCombineText {#text} at (13,288) size 25x24
              text run at (13,288) width 25: "\x{FFFC}"
          RenderText {#text} at (13,312) size 25x168
            text run at (13,312) width 169: "\x{6765}\x{3066}\x{304F}\x{308C}\x{308B}\x{307E}\x{3067}"
