layer at (0,0) size 800x600
  RenderView at (0,0) size 800x600
layer at (0,0) size 800x600
  RenderBlock {HTML} at (0,0) size 800x600
    RenderBody {BODY} at (8,8) size 784x584
      RenderBlock {P} at (0,0) size 784x36
        RenderText {#text} at (0,0) size 54x18
          text run at (0,0) width 54: "Test for "
        RenderInline {I} at (0,0) size 677x36
          RenderInline {A} at (0,0) size 305x18 [color=#0000EE]
            RenderText {#text} at (53,0) size 305x18
              text run at (53,0) width 305: "http://bugs.webkit.org/show_bug.cgi?id=10144"
          RenderText {#text} at (357,0) size 677x36
            text run at (357,0) width 5: " "
            text run at (361,0) width 316: "REGRESSION: Reproducible assertion failure in"
            text run at (0,18) width 293: "DeleteSelectionCommand::fixupWhitespace()"
        RenderText {#text} at (292,18) size 5x18
          text run at (292,18) width 5: "."
      RenderBlock {DIV} at (0,52) size 784x100
        RenderText {#text} at (0,0) size 0x18
          text run at (0,0) width 0: " "
        RenderBR {BR} at (0,18) size 0x18
caret: position 0 of child 1 {BR} of child 3 {DIV} of body
