layer at (0,0) size 800x600
  RenderView at (0,0) size 800x600
layer at (0,0) size 800x600
  RenderBlock {HTML} at (0,0) size 800x600
    RenderBody {BODY} at (8,8) size 784x584
      RenderBlock {P} at (0,0) size 784x18
        RenderText {#text} at (0,0) size 262x18
          text run at (0,0) width 262: "The following boxes should be identical."
      RenderBlock {DIV} at (0,34) size 80x46 [border: (1px solid #000000)]
        RenderText {#text} at (5,5) size 71x36
          text run at (5,5) width 71: "Lorem......."
          text run at (5,23) width 4: " "
        RenderInline {SPAN} at (0,0) size 40x18
          RenderText {#text} at (9,23) size 40x18
            text run at (9,23) width 40 RTL: "muspi"
        RenderText {#text} at (48,23) size 1x18
          text run at (48,23) width 1: " "
      RenderBlock {DIV} at (0,88) size 80x46 [border: (1px solid #000000)]
        RenderText {#text} at (5,5) size 71x36
          text run at (5,5) width 71: "Lorem......."
          text run at (5,23) width 44: " ipsum"
          text run at (48,23) width 1: " "
