layer at (0,0) size 800x600
  RenderView at (0,0) size 800x600
layer at (26,0) size 774x600
  RenderBlock {HTML} at (0,0) size 774x600
    RenderBody {BODY} at (8,8) size 0x584
      RenderBlock (floating) {DIV} at (8,8) size 169x366 [border: (3px solid #000000)]
        RenderText {#text} at (13,3) size 20x270
          text run at (13,3) width 271: "\x{305B}\x{3063}\x{304B}\x{304F}\x{898B}\x{3064}\x{3051}\x{305F}\x{3059}\x{3070}\x{3089}\x{3057}\x{3044}\x{8A18}\x{4E8B}"
        RenderInline {SPAN} at (13,3) size 54x342
          RenderText {#text} at (13,3) size 54x342
            text run at (13,273) width 73: "\x{304C}\x{3069}\x{3053}\x{306B}"
            text run at (47,3) width 163: "\x{3042}\x{3063}\x{305F}\x{304B}\x{5FD8}\x{308C}\x{3066}\x{3057}\x{307E}"
        RenderText {#text} at (47,165) size 20x180
          text run at (47,165) width 181: "\x{3063}\x{305F}\x{7D4C}\x{9A13}\x{306F}\x{3042}\x{308A}\x{307E}\x{3059}\x{304B}"
        RenderInline {SPAN} at (47,3) size 54x360
          RenderText {#text} at (47,3) size 54x360
            text run at (47,345) width 19: "\x{306A}"
            text run at (81,3) width 289: "\x{3089}\x{30BF}\x{30A4}\x{30C8}\x{30EB}\x{3068}\x{30A2}\x{30C9}\x{30EC}\x{30B9}\x{3060}\x{3051}\x{3067}\x{306A}\x{304F}\x{3001}"
        RenderText {#text} at (81,3) size 81x360
          text run at (81,291) width 73: "\x{8A2A}\x{554F}\x{3057}\x{305F}"
          text run at (115,3) width 361: "\x{30A6}\x{30A7}\x{30D6}\x{30DA}\x{30FC}\x{30B8}\x{306E}\x{30B3}\x{30F3}\x{30C6}\x{30F3}\x{30C4}\x{304B}\x{3089}\x{3082}\x{691C}\x{7D22}\x{3059}\x{308B}\x{3053}"
          text run at (142,3) width 127: "\x{3068}\x{304C}\x{3067}\x{304D}\x{307E}\x{3059}\x{3002}"
      RenderBlock (floating) {DIV} at (192,8) size 170x366 [border: (3px solid #000000)]
        RenderText {#text} at (13,3) size 20x54
          text run at (13,3) width 55: "\x{305B}\x{3063}\x{304B}"
        RenderInline {SPAN} at (13,57) size 20x108
          RenderText {#text} at (13,57) size 20x108
            text run at (13,57) width 109: "\x{304F}\x{898B}\x{3064}\x{3051}\x{305F}\x{3059}"
        RenderInline {SPAN} at (13,165) size 20x72
          RenderText {#text} at (13,165) size 20x72
            text run at (13,165) width 73: "\x{3070}\x{3089}\x{3057}\x{3044}"
        RenderInline {SPAN} at (13,237) size 20x72
          RenderText {#text} at (13,237) size 20x72
            text run at (13,237) width 73: "\x{8A18}\x{4E8B}\x{304C}\x{3069}"
        RenderInline {SPAN} at (13,3) size 54x342
          RenderText {#text} at (13,3) size 54x342
            text run at (13,309) width 37: "\x{3053}\x{306B}"
            text run at (47,3) width 37: "\x{3042}\x{3063}"
        RenderInline {SPAN} at (47,39) size 20x108
          RenderText {#text} at (47,39) size 20x108
            text run at (47,39) width 109: "\x{305F}\x{304B}\x{5FD8}\x{308C}\x{3066}\x{3057}"
        RenderInline {SPAN} at (47,147) size 20x90
          RenderText {#text} at (47,147) size 20x90
            text run at (47,147) width 91: "\x{307E}\x{3063}\x{305F}\x{7D4C}\x{9A13}"
        RenderInline {SPAN} at (47,237) size 20x108
          RenderText {#text} at (47,237) size 20x108
            text run at (47,237) width 109: "\x{306F}\x{3042}\x{308A}\x{307E}\x{3059}\x{304B}"
        RenderInline {SPAN} at (47,3) size 54x360
          RenderText {#text} at (47,3) size 54x360
            text run at (47,345) width 19: "\x{306A}"
            text run at (81,3) width 109: "\x{3089}\x{30BF}\x{30A4}\x{30C8}\x{30EB}\x{3068}"
        RenderInline {SPAN} at (81,111) size 20x144
          RenderText {#text} at (81,111) size 20x144
            text run at (81,111) width 145: "\x{30A2}\x{30C9}\x{30EC}\x{30B9}\x{3060}\x{3051}\x{3067}\x{306A}"
        RenderInline {SPAN} at (81,3) size 54x360
          RenderText {#text} at (81,3) size 54x360
            text run at (81,255) width 109: "\x{304F}\x{3001}\x{8A2A}\x{554F}\x{3057}\x{305F}"
            text run at (115,3) width 19: "\x{30A6}"
        RenderInline {SPAN} at (115,21) size 20x162
          RenderText {#text} at (115,21) size 20x162
            text run at (115,21) width 163: "\x{30A7}\x{30D6}\x{30DA}\x{30FC}\x{30B8}\x{306E}\x{30B3}\x{30F3}\x{30C6}"
        RenderText {#text} at (115,3) size 47x360
          text run at (115,183) width 181: "\x{30F3}\x{30C4}\x{304B}\x{3089}\x{3082}\x{691C}\x{7D22}\x{3059}\x{308B}\x{3053}"
          text run at (142,3) width 127: "\x{3068}\x{304C}\x{3067}\x{304D}\x{307E}\x{3059}\x{3002}"
      RenderBlock (floating) {DIV} at (377,8) size 170x366 [border: (3px solid #000000)]
        RenderText {#text} at (6,3) size 20x54
          text run at (6,3) width 55: "\x{305B}\x{3063}\x{304B}"
        RenderInline {SPAN} at (13,57) size 20x108
          RenderText {#text} at (6,57) size 20x108
            text run at (6,57) width 109: "\x{304F}\x{898B}\x{3064}\x{3051}\x{305F}\x{3059}"
        RenderInline {SPAN} at (13,165) size 20x72
          RenderText {#text} at (6,165) size 20x72
            text run at (6,165) width 73: "\x{3070}\x{3089}\x{3057}\x{3044}"
        RenderInline {SPAN} at (13,237) size 20x72
          RenderText {#text} at (6,237) size 20x72
            text run at (6,237) width 73: "\x{8A18}\x{4E8B}\x{304C}\x{3069}"
        RenderInline {SPAN} at (13,3) size 54x342
          RenderText {#text} at (6,3) size 54x342
            text run at (6,309) width 37: "\x{3053}\x{306B}"
            text run at (40,3) width 37: "\x{3042}\x{3063}"
        RenderInline {SPAN} at (47,39) size 20x108
          RenderText {#text} at (40,39) size 20x108
            text run at (40,39) width 109: "\x{305F}\x{304B}\x{5FD8}\x{308C}\x{3066}\x{3057}"
        RenderInline {SPAN} at (47,147) size 20x90
          RenderText {#text} at (40,147) size 20x90
            text run at (40,147) width 91: "\x{307E}\x{3063}\x{305F}\x{7D4C}\x{9A13}"
        RenderInline {SPAN} at (47,237) size 20x108
          RenderText {#text} at (40,237) size 20x108
            text run at (40,237) width 109: "\x{306F}\x{3042}\x{308A}\x{307E}\x{3059}\x{304B}"
        RenderInline {SPAN} at (47,3) size 54x360
          RenderText {#text} at (40,3) size 54x360
            text run at (40,345) width 19: "\x{306A}"
            text run at (74,3) width 109: "\x{3089}\x{30BF}\x{30A4}\x{30C8}\x{30EB}\x{3068}"
        RenderInline {SPAN} at (81,111) size 20x144
          RenderText {#text} at (74,111) size 20x144
            text run at (74,111) width 145: "\x{30A2}\x{30C9}\x{30EC}\x{30B9}\x{3060}\x{3051}\x{3067}\x{306A}"
        RenderInline {SPAN} at (81,3) size 54x360
          RenderText {#text} at (74,3) size 54x360
            text run at (74,255) width 109: "\x{304F}\x{3001}\x{8A2A}\x{554F}\x{3057}\x{305F}"
            text run at (108,3) width 19: "\x{30A6}"
        RenderInline {SPAN} at (115,21) size 20x162
          RenderText {#text} at (108,21) size 20x162
            text run at (108,21) width 163: "\x{30A7}\x{30D6}\x{30DA}\x{30FC}\x{30B8}\x{306E}\x{30B3}\x{30F3}\x{30C6}"
        RenderText {#text} at (108,3) size 54x360
          text run at (108,183) width 181: "\x{30F3}\x{30C4}\x{304B}\x{3089}\x{3082}\x{691C}\x{7D22}\x{3059}\x{308B}\x{3053}"
          text run at (142,3) width 127: "\x{3068}\x{304C}\x{3067}\x{304D}\x{307E}\x{3059}\x{3002}"
      RenderBlock (floating) {DIV} at (562,8) size 196x366 [border: (3px solid #000000)]
        RenderText {#text} at (13,3) size 20x270
          text run at (13,3) width 271: "\x{305B}\x{3063}\x{304B}\x{304F}\x{898B}\x{3064}\x{3051}\x{305F}\x{3059}\x{3070}\x{3089}\x{3057}\x{3044}\x{8A18}\x{4E8B}"
        RenderInline {SPAN} at (13,3) size 59x342
          RenderText {#text} at (13,3) size 59x342
            text run at (13,273) width 73: "\x{304C}\x{3069}\x{3053}\x{306B}"
            text run at (52,3) width 163: "\x{3042}\x{3063}\x{305F}\x{304B}\x{5FD8}\x{308C}\x{3066}\x{3057}\x{307E}"
        RenderText {#text} at (52,165) size 20x180
          text run at (52,165) width 181: "\x{3063}\x{305F}\x{7D4C}\x{9A13}\x{306F}\x{3042}\x{308A}\x{307E}\x{3059}\x{304B}"
        RenderInline {SPAN} at (52,3) size 58x360
          RenderText {#text} at (52,3) size 58x360
            text run at (52,345) width 19: "\x{306A}"
            text run at (90,3) width 289: "\x{3089}\x{30BF}\x{30A4}\x{30C8}\x{30EB}\x{3068}\x{30A2}\x{30C9}\x{30EC}\x{30B9}\x{3060}\x{3051}\x{3067}\x{306A}\x{304F}\x{3001}"
        RenderText {#text} at (90,3) size 94x360
          text run at (90,291) width 73: "\x{8A2A}\x{554F}\x{3057}\x{305F}"
          text run at (128,3) width 361: "\x{30A6}\x{30A7}\x{30D6}\x{30DA}\x{30FC}\x{30B8}\x{306E}\x{30B3}\x{30F3}\x{30C6}\x{30F3}\x{30C4}\x{304B}\x{3089}\x{3082}\x{691C}\x{7D22}\x{3059}\x{308B}\x{3053}"
          text run at (164,3) width 127: "\x{3068}\x{304C}\x{3067}\x{304D}\x{307E}\x{3059}\x{3002}"
