layer at (0,0) size 800x600
  RenderView at (0,0) size 800x600
layer at (0,0) size 800x570
  RenderBlock {HTML} at (0,0) size 800x571
    RenderBody {BODY} at (8,8) size 784x0
      RenderBlock (floating) {DIV} at (8,8) size 366x146 [border: (3px solid #000000)]
        RenderText {#text} at (3,3) size 273x28
          text run at (3,3) width 273: "Lorem ipsum dolor sit amet,"
        RenderInline {SPAN} at (3,45) size 214x28
          RenderText {#text} at (3,45) size 214x28
            text run at (3,45) width 214: "consectetur adipiscing"
        RenderText {#text} at (216,45) size 134x28
          text run at (216,45) width 7: " "
          text run at (222,45) width 128: "elit. Aliquam"
        RenderInline {SPAN} at (3,73) size 110x28
          RenderText {#text} at (3,73) size 110x28
            text run at (3,73) width 110: "odio sapien"
        RenderText {#text} at (3,73) size 334x70
          text run at (112,73) width 13: ", "
          text run at (124,73) width 213: "lobortis eu iaculis vel,"
          text run at (3,115) width 208: "scelerisque nec dolor."
      RenderBlock (floating) {DIV} at (390,8) size 366x146 [border: (3px solid #000000)]
        RenderText {#text} at (3,3) size 273x28
          text run at (3,3) width 273: "Lorem ipsum dolor sit amet,"
        RenderInline {SPAN} at (3,45) size 214x28
          RenderText {#text} at (3,45) size 214x28
            text run at (3,45) width 214: "consectetur adipiscing"
        RenderText {#text} at (216,45) size 134x28
          text run at (216,45) width 7: " "
          text run at (222,45) width 128: "elit. Aliquam"
        RenderInline {SPAN} at (3,73) size 110x28
          RenderText {#text} at (3,73) size 110x28
            text run at (3,73) width 110: "odio sa\x{300}pien"
        RenderText {#text} at (3,73) size 334x70
          text run at (112,73) width 13: ", "
          text run at (124,73) width 213: "lobortis eu iaculis vel,"
          text run at (3,115) width 208: "scelerisque nec dolor."
      RenderBlock (floating) {DIV} at (8,170) size 366x163 [border: (3px solid #000000)]
        RenderText {#text} at (3,17) size 70x28
          text run at (3,17) width 70: "Lorem "
        RenderInline {SPAN} at (72,17) size 60x28
          RenderText {#text} at (72,17) size 60x28
            text run at (72,17) width 60: "ipsum"
        RenderText {#text} at (131,17) size 7x28
          text run at (131,17) width 7: " "
        RenderInline {SPAN} at (137,17) size 52x28
          RenderText {#text} at (137,17) size 52x28
            text run at (137,17) width 52: "dolor"
        RenderText {#text} at (188,17) size 7x28
          text run at (188,17) width 7: " "
        RenderInline {SPAN} at (194,17) size 23x28
          RenderText {#text} at (194,17) size 23x28
            text run at (194,17) width 23: "sit"
        RenderText {#text} at (216,17) size 7x28
          text run at (216,17) width 7: " "
        RenderInline {SPAN} at (222,17) size 48x28
          RenderText {#text} at (222,17) size 48x28
            text run at (222,17) width 48: "amet"
        RenderText {#text} at (269,17) size 7x28
          text run at (269,17) width 7: ","
        RenderInline {SPAN} at (3,58) size 110x29
          RenderText {#text} at (3,58) size 110x29
            text run at (3,58) width 110: "consectetur"
        RenderText {#text} at (112,58) size 7x29
          text run at (112,58) width 7: " "
        RenderInline {SPAN} at (118,58) size 99x29
          RenderText {#text} at (118,58) size 99x29
            text run at (118,58) width 99: "adipiscing"
        RenderText {#text} at (216,58) size 7x29
          text run at (216,58) width 7: " "
        RenderInline {SPAN} at (222,58) size 32x29
          RenderText {#text} at (222,58) size 32x29
            text run at (222,58) width 32: "elit"
        RenderText {#text} at (253,58) size 13x29
          text run at (253,58) width 13: ". "
        RenderInline {SPAN} at (265,58) size 85x29
          RenderText {#text} at (265,58) size 85x29
            text run at (265,58) width 85: "Aliquam"
        RenderText {#text} at (349,58) size 7x29
          text run at (349,58) width 7: ","
        RenderInline {SPAN} at (3,103) size 43x29
          RenderText {#text} at (3,103) size 43x29
            text run at (3,103) width 43: "odio"
        RenderText {#text} at (45,103) size 7x29
          text run at (45,103) width 7: " "
        RenderInline {SPAN} at (51,103) size 62x29
          RenderText {#text} at (51,103) size 62x29
            text run at (51,103) width 62: "sapien"
        RenderText {#text} at (112,103) size 13x29
          text run at (112,103) width 13: ", "
        RenderInline {SPAN} at (124,103) size 75x29
          RenderText {#text} at (124,103) size 75x29
            text run at (124,103) width 75: "lobortis"
        RenderText {#text} at (3,103) size 334x57
          text run at (198,103) width 7: " "
          text run at (204,103) width 133: "eu iaculis vel,"
          text run at (3,131) width 208: "scelerisque nec dolor."
      RenderBlock (floating) {DIV} at (390,170) size 366x163 [border: (3px solid #000000)]
        RenderText {#text} at (3,3) size 70x28
          text run at (3,3) width 70: "Lorem "
        RenderInline {SPAN} at (72,17) size 60x28
          RenderText {#text} at (72,3) size 60x28
            text run at (72,3) width 60: "ipsum"
        RenderText {#text} at (131,3) size 7x28
          text run at (131,3) width 7: " "
        RenderInline {SPAN} at (137,17) size 52x28
          RenderText {#text} at (137,3) size 52x28
            text run at (137,3) width 52: "dolor"
        RenderText {#text} at (188,3) size 7x28
          text run at (188,3) width 7: " "
        RenderInline {SPAN} at (194,17) size 23x28
          RenderText {#text} at (194,3) size 23x28
            text run at (194,3) width 23: "sit"
        RenderText {#text} at (216,3) size 7x28
          text run at (216,3) width 7: " "
        RenderInline {SPAN} at (222,17) size 48x28
          RenderText {#text} at (222,3) size 48x28
            text run at (222,3) width 48: "amet"
        RenderText {#text} at (269,3) size 7x28
          text run at (269,3) width 7: ","
        RenderInline {SPAN} at (3,58) size 110x29
          RenderText {#text} at (3,45) size 110x28
            text run at (3,45) width 110: "consectetur"
        RenderText {#text} at (112,45) size 7x28
          text run at (112,45) width 7: " "
        RenderInline {SPAN} at (118,58) size 99x29
          RenderText {#text} at (118,45) size 99x28
            text run at (118,45) width 99: "adipiscing"
        RenderText {#text} at (216,45) size 7x28
          text run at (216,45) width 7: " "
        RenderInline {SPAN} at (222,58) size 32x29
          RenderText {#text} at (222,45) size 32x28
            text run at (222,45) width 32: "elit"
        RenderText {#text} at (253,45) size 13x28
          text run at (253,45) width 13: ". "
        RenderInline {SPAN} at (265,58) size 85x29
          RenderText {#text} at (265,45) size 85x28
            text run at (265,45) width 85: "Aliquam"
        RenderText {#text} at (349,45) size 7x28
          text run at (349,45) width 7: ","
        RenderInline {SPAN} at (3,103) size 43x29
          RenderText {#text} at (3,86) size 43x29
            text run at (3,86) width 43: "odio"
        RenderText {#text} at (45,86) size 7x29
          text run at (45,86) width 7: " "
        RenderInline {SPAN} at (51,103) size 62x29
          RenderText {#text} at (51,86) size 62x29
            text run at (51,86) width 62: "sapien"
        RenderText {#text} at (112,86) size 13x29
          text run at (112,86) width 13: ", "
        RenderInline {SPAN} at (124,103) size 75x29
          RenderText {#text} at (124,86) size 75x29
            text run at (124,86) width 75: "lobortis"
        RenderText {#text} at (3,86) size 334x74
          text run at (198,86) width 7: " "
          text run at (204,86) width 133: "eu iaculis vel,"
          text run at (3,131) width 208: "scelerisque nec dolor."
      RenderBlock (floating) {DIV} at (8,348) size 366x207 [border: (3px solid #000000)]
        RenderText {#text} at (3,13) size 273x28
          text run at (3,13) width 273: "Lorem ipsum dolor sit amet,"
        RenderInline {SPAN} at (3,65) size 214x28
          RenderText {#text} at (3,65) size 214x28
            text run at (3,65) width 214: "consectetur adipiscing"
        RenderText {#text} at (216,65) size 134x28
          text run at (216,65) width 7: " "
          text run at (222,65) width 128: "elit. Aliquam"
        RenderInline {SPAN} at (3,113) size 110x28
          RenderText {#text} at (3,113) size 110x28
            text run at (3,113) width 110: "odio sapien"
        RenderText {#text} at (3,113) size 334x80
          text run at (112,113) width 13: ", "
          text run at (124,113) width 213: "lobortis eu iaculis vel,"
          text run at (3,165) width 208: "scelerisque nec dolor."
      RenderBlock (floating) {DIV} at (390,348) size 366x147 [border: (3px solid #000000)]
        RenderText {#text} at (3,3) size 273x28
          text run at (3,3) width 273: "Lorem ipsum dolor sit amet,"
        RenderInline {SPAN} at (3,45) size 214x28
          RenderText {#text} at (3,45) size 214x28
            text run at (3,45) width 214: "consectetur adipiscing"
        RenderText {#text} at (216,45) size 134x28
          text run at (216,45) width 7: " "
          text run at (222,45) width 128: "elit. Aliquam"
        RenderInline {SPAN} at (3,73) size 110x28
          RenderText {#text} at (3,73) size 110x28
            text run at (3,73) width 110: "odio sapien"
        RenderText {#text} at (3,73) size 334x70
          text run at (112,73) width 13: ", "
          text run at (124,73) width 213: "lobortis eu iaculis vel,"
          text run at (3,115) width 208: "scelerisque nec dolor."
selection start: position 10 of child 0 {#text} of child 1 {SPAN} of child 10 {DIV} of body
selection end:   position 7 of child 0 {#text} of child 3 {SPAN} of child 10 {DIV} of body
