layer at (0,0) size 800x600
  RenderView at (0,0) size 800x600
layer at (0,0) size 800x600
  RenderBlock {HTML} at (0,0) size 800x600
    RenderBody {BODY} at (8,8) size 784x576
      RenderBlock {P} at (0,0) size 784x18
        RenderText {#text} at (0,0) size 54x18
          text run at (0,0) width 54: "Test for "
        RenderInline {I} at (0,0) size 512x18
          RenderInline {A} at (0,0) size 156x18 [color=#0000EE]
            RenderText {#text} at (53,0) size 156x18
              text run at (53,0) width 156: "rdar://problem/9528843"
          RenderText {#text} at (208,0) size 357x18
            text run at (208,0) width 5: " "
            text run at (212,0) width 353: "STIX glyphs not rendered on this stackoverflow answer"
        RenderText {#text} at (564,0) size 5x18
          text run at (564,0) width 5: "."
      RenderBlock {P} at (0,34) size 784x42
        RenderText {#text} at (0,18) size 98x18
          text run at (0,18) width 98: "A black circle: "
        RenderInline {SPAN} at (0,0) size 33x37
          RenderText {#text} at (97,3) size 33x37
            text run at (97,3) width 33: "\x{26AB}"
        RenderText {#text} at (0,0) size 0x0
      RenderBlock {P} at (0,92) size 784x42
        RenderText {#text} at (0,18) size 140x18
          text run at (0,18) width 140: "Another black circle: "
        RenderInline {SPAN} at (0,0) size 33x37
          RenderText {#text} at (139,3) size 33x37
            text run at (139,3) width 33: "\x{26AB}"
        RenderText {#text} at (0,0) size 0x0
