layer at (0,0) size 785x6879
  RenderView at (0,0) size 785x600
layer at (0,0) size 785x6879
  RenderBlock {HTML} at (0,0) size 785x6880
    RenderBody {BODY} at (8,8) size 769x6864
      RenderBlock (anonymous) at (0,0) size 769x144
        RenderText {#text} at (0,0) size 769x72
          text run at (0,0) width 746: "This test is designed to test the interaction between font-family and font-weight. In particular, our implementation of"
          text run at (0,18) width 759: "font-family accepts PostScript names, which may name a font with a particular weight. However, there is another CSS"
          text run at (0,36) width 769: "property, font-weight, in which the author may also name a particular weight. Our font selection algorithm takes both of"
          text run at (0,54) width 305: "these signals into account when choosing fonts."
        RenderBR {BR} at (304,54) size 1x18
        RenderBR {BR} at (0,72) size 0x18
        RenderText {#text} at (0,90) size 767x54
          text run at (0,90) width 767: "There is currently no good way in JavaScript to find the actual font chosen for some text. Therefore, the best way to test"
          text run at (0,108) width 732: "this aspect of the font selection algorithm is to dump the render tree, therefore testing glyph advances (which are a"
          text run at (0,126) width 159: "property of font weight)."
      RenderBlock {DIV} at (0,144) size 769x19
        RenderText {#text} at (0,0) size 303x19
          text run at (0,0) width 303: "Font: Helvetica Neue Weight: 100 Style: normal"
      RenderBlock {DIV} at (0,162) size 769x21
        RenderText {#text} at (0,0) size 315x20
          text run at (0,0) width 315: "Font: Helvetica Neue Weight: 200 Style: normal"
      RenderBlock {DIV} at (0,182) size 769x20
        RenderText {#text} at (0,0) size 325x20
          text run at (0,0) width 325: "Font: Helvetica Neue Weight: 300 Style: normal"
      RenderBlock {DIV} at (0,201) size 769x20
        RenderText {#text} at (0,0) size 337x19
          text run at (0,0) width 337: "Font: Helvetica Neue Weight: 400 Style: normal"
      RenderBlock {DIV} at (0,220) size 769x21
        RenderText {#text} at (0,0) size 347x20
          text run at (0,0) width 347: "Font: Helvetica Neue Weight: 500 Style: normal"
      RenderBlock {DIV} at (0,240) size 769x20
        RenderText {#text} at (0,0) size 355x20
          text run at (0,0) width 355: "Font: Helvetica Neue Weight: 600 Style: normal"
      RenderBlock {DIV} at (0,259) size 769x21
        RenderText {#text} at (0,0) size 355x20
          text run at (0,0) width 355: "Font: Helvetica Neue Weight: 700 Style: normal"
      RenderBlock {DIV} at (0,279) size 769x20
        RenderText {#text} at (0,0) size 355x20
          text run at (0,0) width 355: "Font: Helvetica Neue Weight: 800 Style: normal"
      RenderBlock {DIV} at (0,298) size 769x21
        RenderText {#text} at (0,0) size 355x20
          text run at (0,0) width 355: "Font: Helvetica Neue Weight: 900 Style: normal"
      RenderBlock {DIV} at (0,318) size 769x19
        RenderText {#text} at (0,0) size 362x19
          text run at (0,0) width 362: "Font: HelveticaNeue-UltraLight Weight: 100 Style: normal"
      RenderBlock {DIV} at (0,336) size 769x20
        RenderText {#text} at (0,0) size 362x19
          text run at (0,0) width 362: "Font: HelveticaNeue-UltraLight Weight: 200 Style: normal"
      RenderBlock {DIV} at (0,355) size 769x20
        RenderText {#text} at (0,0) size 362x19
          text run at (0,0) width 362: "Font: HelveticaNeue-UltraLight Weight: 300 Style: normal"
      RenderBlock {DIV} at (0,374) size 769x20
        RenderText {#text} at (0,0) size 362x19
          text run at (0,0) width 362: "Font: HelveticaNeue-UltraLight Weight: 400 Style: normal"
      RenderBlock {DIV} at (0,393) size 769x19
        RenderText {#text} at (0,0) size 362x19
          text run at (0,0) width 362: "Font: HelveticaNeue-UltraLight Weight: 500 Style: normal"
      RenderBlock {DIV} at (0,411) size 769x21
        RenderText {#text} at (0,0) size 433x20
          text run at (0,0) width 433: "Font: HelveticaNeue-UltraLight Weight: 600 Style: normal"
      RenderBlock {DIV} at (0,431) size 769x20
        RenderText {#text} at (0,0) size 433x20
          text run at (0,0) width 433: "Font: HelveticaNeue-UltraLight Weight: 700 Style: normal"
      RenderBlock {DIV} at (0,450) size 769x21
        RenderText {#text} at (0,0) size 433x20
          text run at (0,0) width 433: "Font: HelveticaNeue-UltraLight Weight: 800 Style: normal"
      RenderBlock {DIV} at (0,470) size 769x20
        RenderText {#text} at (0,0) size 433x20
          text run at (0,0) width 433: "Font: HelveticaNeue-UltraLight Weight: 900 Style: normal"
      RenderBlock {DIV} at (0,489) size 769x21
        RenderText {#text} at (0,0) size 361x20
          text run at (0,0) width 361: "Font: HelveticaNeue-Light Weight: 100 Style: normal"
      RenderBlock {DIV} at (0,509) size 769x20
        RenderText {#text} at (0,0) size 361x20
          text run at (0,0) width 361: "Font: HelveticaNeue-Light Weight: 200 Style: normal"
      RenderBlock {DIV} at (0,528) size 769x20
        RenderText {#text} at (0,0) size 361x20
          text run at (0,0) width 361: "Font: HelveticaNeue-Light Weight: 300 Style: normal"
      RenderBlock {DIV} at (0,547) size 769x21
        RenderText {#text} at (0,0) size 361x20
          text run at (0,0) width 361: "Font: HelveticaNeue-Light Weight: 400 Style: normal"
      RenderBlock {DIV} at (0,567) size 769x20
        RenderText {#text} at (0,0) size 361x20
          text run at (0,0) width 361: "Font: HelveticaNeue-Light Weight: 500 Style: normal"
      RenderBlock {DIV} at (0,586) size 769x21
        RenderText {#text} at (0,0) size 396x20
          text run at (0,0) width 396: "Font: HelveticaNeue-Light Weight: 600 Style: normal"
      RenderBlock {DIV} at (0,606) size 769x20
        RenderText {#text} at (0,0) size 396x20
          text run at (0,0) width 396: "Font: HelveticaNeue-Light Weight: 700 Style: normal"
      RenderBlock {DIV} at (0,625) size 769x21
        RenderText {#text} at (0,0) size 396x20
          text run at (0,0) width 396: "Font: HelveticaNeue-Light Weight: 800 Style: normal"
      RenderBlock {DIV} at (0,645) size 769x20
        RenderText {#text} at (0,0) size 396x20
          text run at (0,0) width 396: "Font: HelveticaNeue-Light Weight: 900 Style: normal"
      RenderBlock {DIV} at (0,664) size 769x20
        RenderText {#text} at (0,0) size 333x19
          text run at (0,0) width 333: "Font: HelveticaNeue Weight: 100 Style: normal"
      RenderBlock {DIV} at (0,683) size 769x20
        RenderText {#text} at (0,0) size 333x19
          text run at (0,0) width 333: "Font: HelveticaNeue Weight: 200 Style: normal"
      RenderBlock {DIV} at (0,702) size 769x21
        RenderText {#text} at (0,0) size 333x19
          text run at (0,0) width 333: "Font: HelveticaNeue Weight: 300 Style: normal"
      RenderBlock {DIV} at (0,722) size 769x20
        RenderText {#text} at (0,0) size 333x19
          text run at (0,0) width 333: "Font: HelveticaNeue Weight: 400 Style: normal"
      RenderBlock {DIV} at (0,741) size 769x20
        RenderText {#text} at (0,0) size 333x19
          text run at (0,0) width 333: "Font: HelveticaNeue Weight: 500 Style: normal"
      RenderBlock {DIV} at (0,760) size 769x20
        RenderText {#text} at (0,0) size 351x20
          text run at (0,0) width 351: "Font: HelveticaNeue Weight: 600 Style: normal"
      RenderBlock {DIV} at (0,779) size 769x21
        RenderText {#text} at (0,0) size 351x20
          text run at (0,0) width 351: "Font: HelveticaNeue Weight: 700 Style: normal"
      RenderBlock {DIV} at (0,799) size 769x20
        RenderText {#text} at (0,0) size 351x20
          text run at (0,0) width 351: "Font: HelveticaNeue Weight: 800 Style: normal"
      RenderBlock {DIV} at (0,818) size 769x21
        RenderText {#text} at (0,0) size 351x20
          text run at (0,0) width 351: "Font: HelveticaNeue Weight: 900 Style: normal"
      RenderBlock {DIV} at (0,838) size 769x20
        RenderText {#text} at (0,0) size 409x20
          text run at (0,0) width 409: "Font: HelveticaNeue-Medium Weight: 100 Style: normal"
      RenderBlock {DIV} at (0,857) size 769x21
        RenderText {#text} at (0,0) size 409x20
          text run at (0,0) width 409: "Font: HelveticaNeue-Medium Weight: 200 Style: normal"
      RenderBlock {DIV} at (0,877) size 769x20
        RenderText {#text} at (0,0) size 409x20
          text run at (0,0) width 409: "Font: HelveticaNeue-Medium Weight: 300 Style: normal"
      RenderBlock {DIV} at (0,896) size 769x21
        RenderText {#text} at (0,0) size 409x20
          text run at (0,0) width 409: "Font: HelveticaNeue-Medium Weight: 400 Style: normal"
      RenderBlock {DIV} at (0,916) size 769x20
        RenderText {#text} at (0,0) size 409x20
          text run at (0,0) width 409: "Font: HelveticaNeue-Medium Weight: 500 Style: normal"
      RenderBlock {DIV} at (0,935) size 769x21
        RenderText {#text} at (0,0) size 419x20
          text run at (0,0) width 419: "Font: HelveticaNeue-Medium Weight: 600 Style: normal"
      RenderBlock {DIV} at (0,955) size 769x21
        RenderText {#text} at (0,0) size 419x20
          text run at (0,0) width 419: "Font: HelveticaNeue-Medium Weight: 700 Style: normal"
      RenderBlock {DIV} at (0,975) size 769x20
        RenderText {#text} at (0,0) size 419x20
          text run at (0,0) width 419: "Font: HelveticaNeue-Medium Weight: 800 Style: normal"
      RenderBlock {DIV} at (0,994) size 769x21
        RenderText {#text} at (0,0) size 419x20
          text run at (0,0) width 419: "Font: HelveticaNeue-Medium Weight: 900 Style: normal"
      RenderBlock {DIV} at (0,1014) size 769x20
        RenderText {#text} at (0,0) size 392x20
          text run at (0,0) width 392: "Font: HelveticaNeue-Bold Weight: 100 Style: normal"
      RenderBlock {DIV} at (0,1033) size 769x21
        RenderText {#text} at (0,0) size 392x20
          text run at (0,0) width 392: "Font: HelveticaNeue-Bold Weight: 200 Style: normal"
      RenderBlock {DIV} at (0,1053) size 769x20
        RenderText {#text} at (0,0) size 392x20
          text run at (0,0) width 392: "Font: HelveticaNeue-Bold Weight: 300 Style: normal"
      RenderBlock {DIV} at (0,1072) size 769x21
        RenderText {#text} at (0,0) size 392x20
          text run at (0,0) width 392: "Font: HelveticaNeue-Bold Weight: 400 Style: normal"
      RenderBlock {DIV} at (0,1092) size 769x20
        RenderText {#text} at (0,0) size 392x20
          text run at (0,0) width 392: "Font: HelveticaNeue-Bold Weight: 500 Style: normal"
      RenderBlock {DIV} at (0,1111) size 769x21
        RenderText {#text} at (0,0) size 392x20
          text run at (0,0) width 392: "Font: HelveticaNeue-Bold Weight: 600 Style: normal"
      RenderBlock {DIV} at (0,1131) size 769x20
        RenderText {#text} at (0,0) size 392x20
          text run at (0,0) width 392: "Font: HelveticaNeue-Bold Weight: 700 Style: normal"
      RenderBlock {DIV} at (0,1150) size 769x21
        RenderText {#text} at (0,0) size 392x20
          text run at (0,0) width 392: "Font: HelveticaNeue-Bold Weight: 800 Style: normal"
      RenderBlock {DIV} at (0,1170) size 769x20
        RenderText {#text} at (0,0) size 392x20
          text run at (0,0) width 392: "Font: HelveticaNeue-Bold Weight: 900 Style: normal"
      RenderBlock {DIV} at (0,1189) size 769x20
        RenderText {#text} at (0,0) size 388x19
          text run at (0,0) width 388: "Font: HelveticaNeue-UltraLightItalic Weight: 100 Style: normal"
      RenderBlock {DIV} at (0,1208) size 769x20
        RenderText {#text} at (0,0) size 388x19
          text run at (0,0) width 388: "Font: HelveticaNeue-UltraLightItalic Weight: 200 Style: normal"
      RenderBlock {DIV} at (0,1227) size 769x20
        RenderText {#text} at (0,0) size 388x19
          text run at (0,0) width 388: "Font: HelveticaNeue-UltraLightItalic Weight: 300 Style: normal"
      RenderBlock {DIV} at (0,1246) size 769x19
        RenderText {#text} at (0,0) size 388x19
          text run at (0,0) width 388: "Font: HelveticaNeue-UltraLightItalic Weight: 400 Style: normal"
      RenderBlock {DIV} at (0,1264) size 769x20
        RenderText {#text} at (0,0) size 388x19
          text run at (0,0) width 388: "Font: HelveticaNeue-UltraLightItalic Weight: 500 Style: normal"
      RenderBlock {DIV} at (0,1283) size 769x21
        RenderText {#text} at (0,0) size 470x20
          text run at (0,0) width 470: "Font: HelveticaNeue-UltraLightItalic Weight: 600 Style: normal"
      RenderBlock {DIV} at (0,1303) size 769x20
        RenderText {#text} at (0,0) size 470x20
          text run at (0,0) width 470: "Font: HelveticaNeue-UltraLightItalic Weight: 700 Style: normal"
      RenderBlock {DIV} at (0,1322) size 769x21
        RenderText {#text} at (0,0) size 470x20
          text run at (0,0) width 470: "Font: HelveticaNeue-UltraLightItalic Weight: 800 Style: normal"
      RenderBlock {DIV} at (0,1342) size 769x20
        RenderText {#text} at (0,0) size 470x20
          text run at (0,0) width 470: "Font: HelveticaNeue-UltraLightItalic Weight: 900 Style: normal"
      RenderBlock {DIV} at (0,1361) size 769x20
        RenderText {#text} at (0,0) size 391x19
          text run at (0,0) width 391: "Font: HelveticaNeue-LightItalic Weight: 100 Style: normal"
      RenderBlock {DIV} at (0,1380) size 769x20
        RenderText {#text} at (0,0) size 391x19
          text run at (0,0) width 391: "Font: HelveticaNeue-LightItalic Weight: 200 Style: normal"
      RenderBlock {DIV} at (0,1399) size 769x20
        RenderText {#text} at (0,0) size 391x19
          text run at (0,0) width 391: "Font: HelveticaNeue-LightItalic Weight: 300 Style: normal"
      RenderBlock {DIV} at (0,1418) size 769x20
        RenderText {#text} at (0,0) size 391x19
          text run at (0,0) width 391: "Font: HelveticaNeue-LightItalic Weight: 400 Style: normal"
      RenderBlock {DIV} at (0,1437) size 769x20
        RenderText {#text} at (0,0) size 391x19
          text run at (0,0) width 391: "Font: HelveticaNeue-LightItalic Weight: 500 Style: normal"
      RenderBlock {DIV} at (0,1456) size 769x21
        RenderText {#text} at (0,0) size 433x20
          text run at (0,0) width 433: "Font: HelveticaNeue-LightItalic Weight: 600 Style: normal"
      RenderBlock {DIV} at (0,1476) size 769x21
        RenderText {#text} at (0,0) size 433x20
          text run at (0,0) width 433: "Font: HelveticaNeue-LightItalic Weight: 700 Style: normal"
      RenderBlock {DIV} at (0,1496) size 769x20
        RenderText {#text} at (0,0) size 433x20
          text run at (0,0) width 433: "Font: HelveticaNeue-LightItalic Weight: 800 Style: normal"
      RenderBlock {DIV} at (0,1515) size 769x21
        RenderText {#text} at (0,0) size 433x20
          text run at (0,0) width 433: "Font: HelveticaNeue-LightItalic Weight: 900 Style: normal"
      RenderBlock {DIV} at (0,1535) size 769x20
        RenderText {#text} at (0,0) size 371x19
          text run at (0,0) width 371: "Font: HelveticaNeue-Italic Weight: 100 Style: normal"
      RenderBlock {DIV} at (0,1554) size 769x20
        RenderText {#text} at (0,0) size 371x19
          text run at (0,0) width 371: "Font: HelveticaNeue-Italic Weight: 200 Style: normal"
      RenderBlock {DIV} at (0,1573) size 769x20
        RenderText {#text} at (0,0) size 371x19
          text run at (0,0) width 371: "Font: HelveticaNeue-Italic Weight: 300 Style: normal"
      RenderBlock {DIV} at (0,1592) size 769x20
        RenderText {#text} at (0,0) size 371x19
          text run at (0,0) width 371: "Font: HelveticaNeue-Italic Weight: 400 Style: normal"
      RenderBlock {DIV} at (0,1611) size 769x20
        RenderText {#text} at (0,0) size 371x19
          text run at (0,0) width 371: "Font: HelveticaNeue-Italic Weight: 500 Style: normal"
      RenderBlock {DIV} at (0,1630) size 769x21
        RenderText {#text} at (0,0) size 394x20
          text run at (0,0) width 394: "Font: HelveticaNeue-Italic Weight: 600 Style: normal"
      RenderBlock {DIV} at (0,1650) size 769x20
        RenderText {#text} at (0,0) size 394x20
          text run at (0,0) width 394: "Font: HelveticaNeue-Italic Weight: 700 Style: normal"
      RenderBlock {DIV} at (0,1669) size 769x21
        RenderText {#text} at (0,0) size 394x20
          text run at (0,0) width 394: "Font: HelveticaNeue-Italic Weight: 800 Style: normal"
      RenderBlock {DIV} at (0,1689) size 769x21
        RenderText {#text} at (0,0) size 394x20
          text run at (0,0) width 394: "Font: HelveticaNeue-Italic Weight: 900 Style: normal"
      RenderBlock {DIV} at (0,1709) size 769x20
        RenderText {#text} at (0,0) size 431x20
          text run at (0,0) width 431: "Font: HelveticaNeue-BoldItalic Weight: 100 Style: normal"
      RenderBlock {DIV} at (0,1728) size 769x21
        RenderText {#text} at (0,0) size 431x20
          text run at (0,0) width 431: "Font: HelveticaNeue-BoldItalic Weight: 200 Style: normal"
      RenderBlock {DIV} at (0,1748) size 769x20
        RenderText {#text} at (0,0) size 431x20
          text run at (0,0) width 431: "Font: HelveticaNeue-BoldItalic Weight: 300 Style: normal"
      RenderBlock {DIV} at (0,1767) size 769x21
        RenderText {#text} at (0,0) size 431x20
          text run at (0,0) width 431: "Font: HelveticaNeue-BoldItalic Weight: 400 Style: normal"
      RenderBlock {DIV} at (0,1787) size 769x20
        RenderText {#text} at (0,0) size 431x20
          text run at (0,0) width 431: "Font: HelveticaNeue-BoldItalic Weight: 500 Style: normal"
      RenderBlock {DIV} at (0,1806) size 769x21
        RenderText {#text} at (0,0) size 431x20
          text run at (0,0) width 431: "Font: HelveticaNeue-BoldItalic Weight: 600 Style: normal"
      RenderBlock {DIV} at (0,1826) size 769x20
        RenderText {#text} at (0,0) size 431x20
          text run at (0,0) width 431: "Font: HelveticaNeue-BoldItalic Weight: 700 Style: normal"
      RenderBlock {DIV} at (0,1845) size 769x21
        RenderText {#text} at (0,0) size 431x20
          text run at (0,0) width 431: "Font: HelveticaNeue-BoldItalic Weight: 800 Style: normal"
      RenderBlock {DIV} at (0,1865) size 769x20
        RenderText {#text} at (0,0) size 431x20
          text run at (0,0) width 431: "Font: HelveticaNeue-BoldItalic Weight: 900 Style: normal"
      RenderBlock {DIV} at (0,1884) size 769x20
        RenderText {#text} at (0,0) size 287x19
          text run at (0,0) width 287: "Font: Helvetica Neue Weight: 100 Style: italic"
      RenderBlock {DIV} at (0,1903) size 769x20
        RenderText {#text} at (0,0) size 299x20
          text run at (0,0) width 299: "Font: Helvetica Neue Weight: 200 Style: italic"
      RenderBlock {DIV} at (0,1922) size 769x20
        RenderText {#text} at (0,0) size 308x19
          text run at (0,0) width 308: "Font: Helvetica Neue Weight: 300 Style: italic"
      RenderBlock {DIV} at (0,1941) size 769x21
        RenderText {#text} at (0,0) size 320x19
          text run at (0,0) width 320: "Font: Helvetica Neue Weight: 400 Style: italic"
      RenderBlock {DIV} at (0,1961) size 769x20
        RenderText {#text} at (0,0) size 329x20
          text run at (0,0) width 329: "Font: Helvetica Neue Weight: 500 Style: italic"
      RenderBlock {DIV} at (0,1980) size 769x21
        RenderText {#text} at (0,0) size 340x20
          text run at (0,0) width 340: "Font: Helvetica Neue Weight: 600 Style: italic"
      RenderBlock {DIV} at (0,2000) size 769x20
        RenderText {#text} at (0,0) size 340x20
          text run at (0,0) width 340: "Font: Helvetica Neue Weight: 700 Style: italic"
      RenderBlock {DIV} at (0,2019) size 769x21
        RenderText {#text} at (0,0) size 340x20
          text run at (0,0) width 340: "Font: Helvetica Neue Weight: 800 Style: italic"
      RenderBlock {DIV} at (0,2039) size 769x20
        RenderText {#text} at (0,0) size 340x20
          text run at (0,0) width 340: "Font: Helvetica Neue Weight: 900 Style: italic"
      RenderBlock {DIV} at (0,2058) size 769x20
        RenderText {#text} at (0,0) size 345x19
          text run at (0,0) width 345: "Font: HelveticaNeue-UltraLight Weight: 100 Style: italic"
      RenderBlock {DIV} at (0,2077) size 769x20
        RenderText {#text} at (0,0) size 361x20
          text run at (0,0) width 361: "Font: HelveticaNeue-UltraLight Weight: 200 Style: italic"
      RenderBlock {DIV} at (0,2096) size 769x20
        RenderText {#text} at (0,0) size 376x19
          text run at (0,0) width 376: "Font: HelveticaNeue-UltraLight Weight: 300 Style: italic"
      RenderBlock {DIV} at (0,2115) size 769x21
        RenderText {#text} at (0,0) size 391x19
          text run at (0,0) width 391: "Font: HelveticaNeue-UltraLight Weight: 400 Style: italic"
      RenderBlock {DIV} at (0,2135) size 769x20
        RenderText {#text} at (0,0) size 404x20
          text run at (0,0) width 404: "Font: HelveticaNeue-UltraLight Weight: 500 Style: italic"
      RenderBlock {DIV} at (0,2154) size 769x21
        RenderText {#text} at (0,0) size 418x20
          text run at (0,0) width 418: "Font: HelveticaNeue-UltraLight Weight: 600 Style: italic"
      RenderBlock {DIV} at (0,2174) size 769x20
        RenderText {#text} at (0,0) size 418x20
          text run at (0,0) width 418: "Font: HelveticaNeue-UltraLight Weight: 700 Style: italic"
      RenderBlock {DIV} at (0,2193) size 769x21
        RenderText {#text} at (0,0) size 418x20
          text run at (0,0) width 418: "Font: HelveticaNeue-UltraLight Weight: 800 Style: italic"
      RenderBlock {DIV} at (0,2213) size 769x20
        RenderText {#text} at (0,0) size 418x20
          text run at (0,0) width 418: "Font: HelveticaNeue-UltraLight Weight: 900 Style: italic"
      RenderBlock {DIV} at (0,2232) size 769x20
        RenderText {#text} at (0,0) size 317x19
          text run at (0,0) width 317: "Font: HelveticaNeue-Light Weight: 100 Style: italic"
      RenderBlock {DIV} at (0,2251) size 769x20
        RenderText {#text} at (0,0) size 331x20
          text run at (0,0) width 331: "Font: HelveticaNeue-Light Weight: 200 Style: italic"
      RenderBlock {DIV} at (0,2270) size 769x20
        RenderText {#text} at (0,0) size 344x19
          text run at (0,0) width 344: "Font: HelveticaNeue-Light Weight: 300 Style: italic"
      RenderBlock {DIV} at (0,2289) size 769x20
        RenderText {#text} at (0,0) size 357x19
          text run at (0,0) width 357: "Font: HelveticaNeue-Light Weight: 400 Style: italic"
      RenderBlock {DIV} at (0,2309) size 769x20
        RenderText {#text} at (0,0) size 368x20
          text run at (0,0) width 368: "Font: HelveticaNeue-Light Weight: 500 Style: italic"
      RenderBlock {DIV} at (0,2328) size 769x21
        RenderText {#text} at (0,0) size 381x20
          text run at (0,0) width 381: "Font: HelveticaNeue-Light Weight: 600 Style: italic"
      RenderBlock {DIV} at (0,2348) size 769x20
        RenderText {#text} at (0,0) size 381x20
          text run at (0,0) width 381: "Font: HelveticaNeue-Light Weight: 700 Style: italic"
      RenderBlock {DIV} at (0,2367) size 769x21
        RenderText {#text} at (0,0) size 381x20
          text run at (0,0) width 381: "Font: HelveticaNeue-Light Weight: 800 Style: italic"
      RenderBlock {DIV} at (0,2387) size 769x20
        RenderText {#text} at (0,0) size 381x20
          text run at (0,0) width 381: "Font: HelveticaNeue-Light Weight: 900 Style: italic"
      RenderBlock {DIV} at (0,2406) size 769x20
        RenderText {#text} at (0,0) size 282x19
          text run at (0,0) width 282: "Font: HelveticaNeue Weight: 100 Style: italic"
      RenderBlock {DIV} at (0,2425) size 769x20
        RenderText {#text} at (0,0) size 294x20
          text run at (0,0) width 294: "Font: HelveticaNeue Weight: 200 Style: italic"
      RenderBlock {DIV} at (0,2444) size 769x20
        RenderText {#text} at (0,0) size 304x19
          text run at (0,0) width 304: "Font: HelveticaNeue Weight: 300 Style: italic"
      RenderBlock {DIV} at (0,2463) size 769x20
        RenderText {#text} at (0,0) size 315x19
          text run at (0,0) width 315: "Font: HelveticaNeue Weight: 400 Style: italic"
      RenderBlock {DIV} at (0,2482) size 769x21
        RenderText {#text} at (0,0) size 325x20
          text run at (0,0) width 325: "Font: HelveticaNeue Weight: 500 Style: italic"
      RenderBlock {DIV} at (0,2502) size 769x21
        RenderText {#text} at (0,0) size 336x20
          text run at (0,0) width 336: "Font: HelveticaNeue Weight: 600 Style: italic"
      RenderBlock {DIV} at (0,2522) size 769x20
        RenderText {#text} at (0,0) size 336x20
          text run at (0,0) width 336: "Font: HelveticaNeue Weight: 700 Style: italic"
      RenderBlock {DIV} at (0,2541) size 769x21
        RenderText {#text} at (0,0) size 336x20
          text run at (0,0) width 336: "Font: HelveticaNeue Weight: 800 Style: italic"
      RenderBlock {DIV} at (0,2561) size 769x20
        RenderText {#text} at (0,0) size 336x20
          text run at (0,0) width 336: "Font: HelveticaNeue Weight: 900 Style: italic"
      RenderBlock {DIV} at (0,2580) size 769x20
        RenderText {#text} at (0,0) size 339x19
          text run at (0,0) width 339: "Font: HelveticaNeue-Medium Weight: 100 Style: italic"
      RenderBlock {DIV} at (0,2599) size 769x20
        RenderText {#text} at (0,0) size 354x20
          text run at (0,0) width 354: "Font: HelveticaNeue-Medium Weight: 200 Style: italic"
      RenderBlock {DIV} at (0,2618) size 769x20
        RenderText {#text} at (0,0) size 366x19
          text run at (0,0) width 366: "Font: HelveticaNeue-Medium Weight: 300 Style: italic"
      RenderBlock {DIV} at (0,2637) size 769x20
        RenderText {#text} at (0,0) size 379x19
          text run at (0,0) width 379: "Font: HelveticaNeue-Medium Weight: 400 Style: italic"
      RenderBlock {DIV} at (0,2656) size 769x21
        RenderText {#text} at (0,0) size 391x20
          text run at (0,0) width 391: "Font: HelveticaNeue-Medium Weight: 500 Style: italic"
      RenderBlock {DIV} at (0,2676) size 769x20
        RenderText {#text} at (0,0) size 404x20
          text run at (0,0) width 404: "Font: HelveticaNeue-Medium Weight: 600 Style: italic"
      RenderBlock {DIV} at (0,2695) size 769x21
        RenderText {#text} at (0,0) size 404x20
          text run at (0,0) width 404: "Font: HelveticaNeue-Medium Weight: 700 Style: italic"
      RenderBlock {DIV} at (0,2715) size 769x21
        RenderText {#text} at (0,0) size 404x20
          text run at (0,0) width 404: "Font: HelveticaNeue-Medium Weight: 800 Style: italic"
      RenderBlock {DIV} at (0,2735) size 769x20
        RenderText {#text} at (0,0) size 404x20
          text run at (0,0) width 404: "Font: HelveticaNeue-Medium Weight: 900 Style: italic"
      RenderBlock {DIV} at (0,2754) size 769x20
        RenderText {#text} at (0,0) size 316x19
          text run at (0,0) width 316: "Font: HelveticaNeue-Bold Weight: 100 Style: italic"
      RenderBlock {DIV} at (0,2773) size 769x20
        RenderText {#text} at (0,0) size 330x20
          text run at (0,0) width 330: "Font: HelveticaNeue-Bold Weight: 200 Style: italic"
      RenderBlock {DIV} at (0,2792) size 769x20
        RenderText {#text} at (0,0) size 342x19
          text run at (0,0) width 342: "Font: HelveticaNeue-Bold Weight: 300 Style: italic"
      RenderBlock {DIV} at (0,2811) size 769x20
        RenderText {#text} at (0,0) size 355x19
          text run at (0,0) width 355: "Font: HelveticaNeue-Bold Weight: 400 Style: italic"
      RenderBlock {DIV} at (0,2830) size 769x21
        RenderText {#text} at (0,0) size 365x20
          text run at (0,0) width 365: "Font: HelveticaNeue-Bold Weight: 500 Style: italic"
      RenderBlock {DIV} at (0,2850) size 769x20
        RenderText {#text} at (0,0) size 377x20
          text run at (0,0) width 377: "Font: HelveticaNeue-Bold Weight: 600 Style: italic"
      RenderBlock {DIV} at (0,2869) size 769x21
        RenderText {#text} at (0,0) size 377x20
          text run at (0,0) width 377: "Font: HelveticaNeue-Bold Weight: 700 Style: italic"
      RenderBlock {DIV} at (0,2889) size 769x20
        RenderText {#text} at (0,0) size 377x20
          text run at (0,0) width 377: "Font: HelveticaNeue-Bold Weight: 800 Style: italic"
      RenderBlock {DIV} at (0,2908) size 769x21
        RenderText {#text} at (0,0) size 377x20
          text run at (0,0) width 377: "Font: HelveticaNeue-Bold Weight: 900 Style: italic"
      RenderBlock {DIV} at (0,2928) size 769x20
        RenderText {#text} at (0,0) size 372x19
          text run at (0,0) width 372: "Font: HelveticaNeue-UltraLightItalic Weight: 100 Style: italic"
      RenderBlock {DIV} at (0,2947) size 769x19
        RenderText {#text} at (0,0) size 372x19
          text run at (0,0) width 372: "Font: HelveticaNeue-UltraLightItalic Weight: 200 Style: italic"
      RenderBlock {DIV} at (0,2965) size 769x20
        RenderText {#text} at (0,0) size 372x19
          text run at (0,0) width 372: "Font: HelveticaNeue-UltraLightItalic Weight: 300 Style: italic"
      RenderBlock {DIV} at (0,2984) size 769x20
        RenderText {#text} at (0,0) size 372x19
          text run at (0,0) width 372: "Font: HelveticaNeue-UltraLightItalic Weight: 400 Style: italic"
      RenderBlock {DIV} at (0,3003) size 769x20
        RenderText {#text} at (0,0) size 372x19
          text run at (0,0) width 372: "Font: HelveticaNeue-UltraLightItalic Weight: 500 Style: italic"
      RenderBlock {DIV} at (0,3022) size 769x20
        RenderText {#text} at (0,0) size 455x20
          text run at (0,0) width 455: "Font: HelveticaNeue-UltraLightItalic Weight: 600 Style: italic"
      RenderBlock {DIV} at (0,3041) size 769x21
        RenderText {#text} at (0,0) size 455x20
          text run at (0,0) width 455: "Font: HelveticaNeue-UltraLightItalic Weight: 700 Style: italic"
      RenderBlock {DIV} at (0,3061) size 769x20
        RenderText {#text} at (0,0) size 455x20
          text run at (0,0) width 455: "Font: HelveticaNeue-UltraLightItalic Weight: 800 Style: italic"
      RenderBlock {DIV} at (0,3080) size 769x21
        RenderText {#text} at (0,0) size 455x20
          text run at (0,0) width 455: "Font: HelveticaNeue-UltraLightItalic Weight: 900 Style: italic"
      RenderBlock {DIV} at (0,3100) size 769x20
        RenderText {#text} at (0,0) size 375x19
          text run at (0,0) width 375: "Font: HelveticaNeue-LightItalic Weight: 100 Style: italic"
      RenderBlock {DIV} at (0,3119) size 769x20
        RenderText {#text} at (0,0) size 375x19
          text run at (0,0) width 375: "Font: HelveticaNeue-LightItalic Weight: 200 Style: italic"
      RenderBlock {DIV} at (0,3138) size 769x20
        RenderText {#text} at (0,0) size 375x19
          text run at (0,0) width 375: "Font: HelveticaNeue-LightItalic Weight: 300 Style: italic"
      RenderBlock {DIV} at (0,3157) size 769x20
        RenderText {#text} at (0,0) size 375x19
          text run at (0,0) width 375: "Font: HelveticaNeue-LightItalic Weight: 400 Style: italic"
      RenderBlock {DIV} at (0,3176) size 769x20
        RenderText {#text} at (0,0) size 375x19
          text run at (0,0) width 375: "Font: HelveticaNeue-LightItalic Weight: 500 Style: italic"
      RenderBlock {DIV} at (0,3195) size 769x21
        RenderText {#text} at (0,0) size 418x20
          text run at (0,0) width 418: "Font: HelveticaNeue-LightItalic Weight: 600 Style: italic"
      RenderBlock {DIV} at (0,3215) size 769x20
        RenderText {#text} at (0,0) size 418x20
          text run at (0,0) width 418: "Font: HelveticaNeue-LightItalic Weight: 700 Style: italic"
      RenderBlock {DIV} at (0,3234) size 769x21
        RenderText {#text} at (0,0) size 418x20
          text run at (0,0) width 418: "Font: HelveticaNeue-LightItalic Weight: 800 Style: italic"
      RenderBlock {DIV} at (0,3254) size 769x20
        RenderText {#text} at (0,0) size 418x20
          text run at (0,0) width 418: "Font: HelveticaNeue-LightItalic Weight: 900 Style: italic"
      RenderBlock {DIV} at (0,3273) size 769x20
        RenderText {#text} at (0,0) size 355x19
          text run at (0,0) width 355: "Font: HelveticaNeue-Italic Weight: 100 Style: italic"
      RenderBlock {DIV} at (0,3292) size 769x21
        RenderText {#text} at (0,0) size 355x19
          text run at (0,0) width 355: "Font: HelveticaNeue-Italic Weight: 200 Style: italic"
      RenderBlock {DIV} at (0,3312) size 769x20
        RenderText {#text} at (0,0) size 355x19
          text run at (0,0) width 355: "Font: HelveticaNeue-Italic Weight: 300 Style: italic"
      RenderBlock {DIV} at (0,3331) size 769x20
        RenderText {#text} at (0,0) size 355x19
          text run at (0,0) width 355: "Font: HelveticaNeue-Italic Weight: 400 Style: italic"
      RenderBlock {DIV} at (0,3350) size 769x20
        RenderText {#text} at (0,0) size 355x19
          text run at (0,0) width 355: "Font: HelveticaNeue-Italic Weight: 500 Style: italic"
      RenderBlock {DIV} at (0,3369) size 769x21
        RenderText {#text} at (0,0) size 379x20
          text run at (0,0) width 379: "Font: HelveticaNeue-Italic Weight: 600 Style: italic"
      RenderBlock {DIV} at (0,3389) size 769x20
        RenderText {#text} at (0,0) size 379x20
          text run at (0,0) width 379: "Font: HelveticaNeue-Italic Weight: 700 Style: italic"
      RenderBlock {DIV} at (0,3408) size 769x21
        RenderText {#text} at (0,0) size 379x20
          text run at (0,0) width 379: "Font: HelveticaNeue-Italic Weight: 800 Style: italic"
      RenderBlock {DIV} at (0,3428) size 769x20
        RenderText {#text} at (0,0) size 379x20
          text run at (0,0) width 379: "Font: HelveticaNeue-Italic Weight: 900 Style: italic"
      RenderBlock {DIV} at (0,3447) size 769x21
        RenderText {#text} at (0,0) size 414x20
          text run at (0,0) width 414: "Font: HelveticaNeue-BoldItalic Weight: 100 Style: italic"
      RenderBlock {DIV} at (0,3467) size 769x20
        RenderText {#text} at (0,0) size 414x20
          text run at (0,0) width 414: "Font: HelveticaNeue-BoldItalic Weight: 200 Style: italic"
      RenderBlock {DIV} at (0,3486) size 769x21
        RenderText {#text} at (0,0) size 414x20
          text run at (0,0) width 414: "Font: HelveticaNeue-BoldItalic Weight: 300 Style: italic"
      RenderBlock {DIV} at (0,3506) size 769x20
        RenderText {#text} at (0,0) size 414x20
          text run at (0,0) width 414: "Font: HelveticaNeue-BoldItalic Weight: 400 Style: italic"
      RenderBlock {DIV} at (0,3525) size 769x21
        RenderText {#text} at (0,0) size 414x20
          text run at (0,0) width 414: "Font: HelveticaNeue-BoldItalic Weight: 500 Style: italic"
      RenderBlock {DIV} at (0,3545) size 769x20
        RenderText {#text} at (0,0) size 414x20
          text run at (0,0) width 414: "Font: HelveticaNeue-BoldItalic Weight: 600 Style: italic"
      RenderBlock {DIV} at (0,3564) size 769x21
        RenderText {#text} at (0,0) size 414x20
          text run at (0,0) width 414: "Font: HelveticaNeue-BoldItalic Weight: 700 Style: italic"
      RenderBlock {DIV} at (0,3584) size 769x20
        RenderText {#text} at (0,0) size 414x20
          text run at (0,0) width 414: "Font: HelveticaNeue-BoldItalic Weight: 800 Style: italic"
      RenderBlock {DIV} at (0,3603) size 769x21
        RenderText {#text} at (0,0) size 414x20
          text run at (0,0) width 414: "Font: HelveticaNeue-BoldItalic Weight: 900 Style: italic"
      RenderBlock {DIV} at (0,3623) size 769x19
        RenderText {#text} at (0,0) size 254x18
          text run at (0,0) width 254: "Font: Avenir Weight: 100 Style: normal"
      RenderBlock {DIV} at (0,3641) size 769x19
        RenderText {#text} at (0,0) size 254x18
          text run at (0,0) width 254: "Font: Avenir Weight: 200 Style: normal"
      RenderBlock {DIV} at (0,3659) size 769x19
        RenderText {#text} at (0,0) size 254x18
          text run at (0,0) width 254: "Font: Avenir Weight: 300 Style: normal"
      RenderBlock {DIV} at (0,3677) size 769x19
        RenderText {#text} at (0,0) size 254x18
          text run at (0,0) width 254: "Font: Avenir Weight: 400 Style: normal"
      RenderBlock {DIV} at (0,3695) size 769x19
        RenderText {#text} at (0,0) size 254x18
          text run at (0,0) width 254: "Font: Avenir Weight: 500 Style: normal"
      RenderBlock {DIV} at (0,3713) size 769x19
        RenderText {#text} at (0,0) size 271x18
          text run at (0,0) width 271: "Font: Avenir Weight: 600 Style: normal"
      RenderBlock {DIV} at (0,3731) size 769x19
        RenderText {#text} at (0,0) size 271x18
          text run at (0,0) width 271: "Font: Avenir Weight: 700 Style: normal"
      RenderBlock {DIV} at (0,3749) size 769x19
        RenderText {#text} at (0,0) size 271x18
          text run at (0,0) width 271: "Font: Avenir Weight: 800 Style: normal"
      RenderBlock {DIV} at (0,3767) size 769x19
        RenderText {#text} at (0,0) size 271x18
          text run at (0,0) width 271: "Font: Avenir Weight: 900 Style: normal"
      RenderBlock {DIV} at (0,3785) size 769x19
        RenderText {#text} at (0,0) size 294x18
          text run at (0,0) width 294: "Font: Avenir-Light Weight: 100 Style: normal"
      RenderBlock {DIV} at (0,3803) size 769x19
        RenderText {#text} at (0,0) size 294x18
          text run at (0,0) width 294: "Font: Avenir-Light Weight: 200 Style: normal"
      RenderBlock {DIV} at (0,3821) size 769x19
        RenderText {#text} at (0,0) size 294x18
          text run at (0,0) width 294: "Font: Avenir-Light Weight: 300 Style: normal"
      RenderBlock {DIV} at (0,3839) size 769x19
        RenderText {#text} at (0,0) size 294x18
          text run at (0,0) width 294: "Font: Avenir-Light Weight: 400 Style: normal"
      RenderBlock {DIV} at (0,3857) size 769x19
        RenderText {#text} at (0,0) size 294x18
          text run at (0,0) width 294: "Font: Avenir-Light Weight: 500 Style: normal"
      RenderBlock {DIV} at (0,3875) size 769x19
        RenderText {#text} at (0,0) size 313x18
          text run at (0,0) width 313: "Font: Avenir-Light Weight: 600 Style: normal"
      RenderBlock {DIV} at (0,3893) size 769x19
        RenderText {#text} at (0,0) size 313x18
          text run at (0,0) width 313: "Font: Avenir-Light Weight: 700 Style: normal"
      RenderBlock {DIV} at (0,3911) size 769x19
        RenderText {#text} at (0,0) size 313x18
          text run at (0,0) width 313: "Font: Avenir-Light Weight: 800 Style: normal"
      RenderBlock {DIV} at (0,3929) size 769x19
        RenderText {#text} at (0,0) size 313x18
          text run at (0,0) width 313: "Font: Avenir-Light Weight: 900 Style: normal"
      RenderBlock {DIV} at (0,3947) size 769x19
        RenderText {#text} at (0,0) size 294x18
          text run at (0,0) width 294: "Font: Avenir-Book Weight: 100 Style: normal"
      RenderBlock {DIV} at (0,3965) size 769x19
        RenderText {#text} at (0,0) size 294x18
          text run at (0,0) width 294: "Font: Avenir-Book Weight: 200 Style: normal"
      RenderBlock {DIV} at (0,3983) size 769x19
        RenderText {#text} at (0,0) size 294x18
          text run at (0,0) width 294: "Font: Avenir-Book Weight: 300 Style: normal"
      RenderBlock {DIV} at (0,4001) size 769x19
        RenderText {#text} at (0,0) size 294x18
          text run at (0,0) width 294: "Font: Avenir-Book Weight: 400 Style: normal"
      RenderBlock {DIV} at (0,4019) size 769x19
        RenderText {#text} at (0,0) size 294x18
          text run at (0,0) width 294: "Font: Avenir-Book Weight: 500 Style: normal"
      RenderBlock {DIV} at (0,4037) size 769x19
        RenderText {#text} at (0,0) size 311x18
          text run at (0,0) width 311: "Font: Avenir-Book Weight: 600 Style: normal"
      RenderBlock {DIV} at (0,4055) size 769x19
        RenderText {#text} at (0,0) size 311x18
          text run at (0,0) width 311: "Font: Avenir-Book Weight: 700 Style: normal"
      RenderBlock {DIV} at (0,4073) size 769x19
        RenderText {#text} at (0,0) size 311x18
          text run at (0,0) width 311: "Font: Avenir-Book Weight: 800 Style: normal"
      RenderBlock {DIV} at (0,4091) size 769x19
        RenderText {#text} at (0,0) size 311x18
          text run at (0,0) width 311: "Font: Avenir-Book Weight: 900 Style: normal"
      RenderBlock {DIV} at (0,4109) size 769x19
        RenderText {#text} at (0,0) size 314x18
          text run at (0,0) width 314: "Font: Avenir-Medium Weight: 100 Style: normal"
      RenderBlock {DIV} at (0,4127) size 769x19
        RenderText {#text} at (0,0) size 314x18
          text run at (0,0) width 314: "Font: Avenir-Medium Weight: 200 Style: normal"
      RenderBlock {DIV} at (0,4145) size 769x19
        RenderText {#text} at (0,0) size 314x18
          text run at (0,0) width 314: "Font: Avenir-Medium Weight: 300 Style: normal"
      RenderBlock {DIV} at (0,4163) size 769x19
        RenderText {#text} at (0,0) size 314x18
          text run at (0,0) width 314: "Font: Avenir-Medium Weight: 400 Style: normal"
      RenderBlock {DIV} at (0,4181) size 769x19
        RenderText {#text} at (0,0) size 314x18
          text run at (0,0) width 314: "Font: Avenir-Medium Weight: 500 Style: normal"
      RenderBlock {DIV} at (0,4199) size 769x19
        RenderText {#text} at (0,0) size 333x18
          text run at (0,0) width 333: "Font: Avenir-Medium Weight: 600 Style: normal"
      RenderBlock {DIV} at (0,4217) size 769x19
        RenderText {#text} at (0,0) size 333x18
          text run at (0,0) width 333: "Font: Avenir-Medium Weight: 700 Style: normal"
      RenderBlock {DIV} at (0,4235) size 769x19
        RenderText {#text} at (0,0) size 333x18
          text run at (0,0) width 333: "Font: Avenir-Medium Weight: 800 Style: normal"
      RenderBlock {DIV} at (0,4253) size 769x19
        RenderText {#text} at (0,0) size 333x18
          text run at (0,0) width 333: "Font: Avenir-Medium Weight: 900 Style: normal"
      RenderBlock {DIV} at (0,4271) size 769x19
        RenderText {#text} at (0,0) size 297x18
          text run at (0,0) width 297: "Font: Avenir-Black Weight: 100 Style: normal"
      RenderBlock {DIV} at (0,4289) size 769x19
        RenderText {#text} at (0,0) size 297x18
          text run at (0,0) width 297: "Font: Avenir-Black Weight: 200 Style: normal"
      RenderBlock {DIV} at (0,4307) size 769x19
        RenderText {#text} at (0,0) size 297x18
          text run at (0,0) width 297: "Font: Avenir-Black Weight: 300 Style: normal"
      RenderBlock {DIV} at (0,4325) size 769x19
        RenderText {#text} at (0,0) size 297x18
          text run at (0,0) width 297: "Font: Avenir-Black Weight: 400 Style: normal"
      RenderBlock {DIV} at (0,4343) size 769x19
        RenderText {#text} at (0,0) size 297x18
          text run at (0,0) width 297: "Font: Avenir-Black Weight: 500 Style: normal"
      RenderBlock {DIV} at (0,4361) size 769x19
        RenderText {#text} at (0,0) size 315x18
          text run at (0,0) width 315: "Font: Avenir-Black Weight: 600 Style: normal"
      RenderBlock {DIV} at (0,4379) size 769x19
        RenderText {#text} at (0,0) size 315x18
          text run at (0,0) width 315: "Font: Avenir-Black Weight: 700 Style: normal"
      RenderBlock {DIV} at (0,4397) size 769x19
        RenderText {#text} at (0,0) size 315x18
          text run at (0,0) width 315: "Font: Avenir-Black Weight: 800 Style: normal"
      RenderBlock {DIV} at (0,4415) size 769x19
        RenderText {#text} at (0,0) size 315x18
          text run at (0,0) width 315: "Font: Avenir-Black Weight: 900 Style: normal"
      RenderBlock {DIV} at (0,4433) size 769x19
        RenderText {#text} at (0,0) size 301x18
          text run at (0,0) width 301: "Font: Avenir-Heavy Weight: 100 Style: normal"
      RenderBlock {DIV} at (0,4451) size 769x19
        RenderText {#text} at (0,0) size 301x18
          text run at (0,0) width 301: "Font: Avenir-Heavy Weight: 200 Style: normal"
      RenderBlock {DIV} at (0,4469) size 769x19
        RenderText {#text} at (0,0) size 301x18
          text run at (0,0) width 301: "Font: Avenir-Heavy Weight: 300 Style: normal"
      RenderBlock {DIV} at (0,4487) size 769x19
        RenderText {#text} at (0,0) size 301x18
          text run at (0,0) width 301: "Font: Avenir-Heavy Weight: 400 Style: normal"
      RenderBlock {DIV} at (0,4505) size 769x19
        RenderText {#text} at (0,0) size 301x18
          text run at (0,0) width 301: "Font: Avenir-Heavy Weight: 500 Style: normal"
      RenderBlock {DIV} at (0,4523) size 769x19
        RenderText {#text} at (0,0) size 319x18
          text run at (0,0) width 319: "Font: Avenir-Heavy Weight: 600 Style: normal"
      RenderBlock {DIV} at (0,4541) size 769x19
        RenderText {#text} at (0,0) size 319x18
          text run at (0,0) width 319: "Font: Avenir-Heavy Weight: 700 Style: normal"
      RenderBlock {DIV} at (0,4559) size 769x19
        RenderText {#text} at (0,0) size 319x18
          text run at (0,0) width 319: "Font: Avenir-Heavy Weight: 800 Style: normal"
      RenderBlock {DIV} at (0,4577) size 769x19
        RenderText {#text} at (0,0) size 319x18
          text run at (0,0) width 319: "Font: Avenir-Heavy Weight: 900 Style: normal"
      RenderBlock {DIV} at (0,4595) size 769x19
        RenderText {#text} at (0,0) size 346x18
          text run at (0,0) width 346: "Font: Avenir-LightOblique Weight: 100 Style: normal"
      RenderBlock {DIV} at (0,4613) size 769x19
        RenderText {#text} at (0,0) size 346x18
          text run at (0,0) width 346: "Font: Avenir-LightOblique Weight: 200 Style: normal"
      RenderBlock {DIV} at (0,4631) size 769x19
        RenderText {#text} at (0,0) size 346x18
          text run at (0,0) width 346: "Font: Avenir-LightOblique Weight: 300 Style: normal"
      RenderBlock {DIV} at (0,4649) size 769x19
        RenderText {#text} at (0,0) size 346x18
          text run at (0,0) width 346: "Font: Avenir-LightOblique Weight: 400 Style: normal"
      RenderBlock {DIV} at (0,4667) size 769x19
        RenderText {#text} at (0,0) size 346x18
          text run at (0,0) width 346: "Font: Avenir-LightOblique Weight: 500 Style: normal"
      RenderBlock {DIV} at (0,4685) size 769x19
        RenderText {#text} at (0,0) size 368x18
          text run at (0,0) width 368: "Font: Avenir-LightOblique Weight: 600 Style: normal"
      RenderBlock {DIV} at (0,4703) size 769x19
        RenderText {#text} at (0,0) size 368x18
          text run at (0,0) width 368: "Font: Avenir-LightOblique Weight: 700 Style: normal"
      RenderBlock {DIV} at (0,4721) size 769x19
        RenderText {#text} at (0,0) size 368x18
          text run at (0,0) width 368: "Font: Avenir-LightOblique Weight: 800 Style: normal"
      RenderBlock {DIV} at (0,4739) size 769x19
        RenderText {#text} at (0,0) size 368x18
          text run at (0,0) width 368: "Font: Avenir-LightOblique Weight: 900 Style: normal"
      RenderBlock {DIV} at (0,4757) size 769x19
        RenderText {#text} at (0,0) size 346x18
          text run at (0,0) width 346: "Font: Avenir-BookOblique Weight: 100 Style: normal"
      RenderBlock {DIV} at (0,4775) size 769x19
        RenderText {#text} at (0,0) size 346x18
          text run at (0,0) width 346: "Font: Avenir-BookOblique Weight: 200 Style: normal"
      RenderBlock {DIV} at (0,4793) size 769x19
        RenderText {#text} at (0,0) size 346x18
          text run at (0,0) width 346: "Font: Avenir-BookOblique Weight: 300 Style: normal"
      RenderBlock {DIV} at (0,4811) size 769x19
        RenderText {#text} at (0,0) size 346x18
          text run at (0,0) width 346: "Font: Avenir-BookOblique Weight: 400 Style: normal"
      RenderBlock {DIV} at (0,4829) size 769x19
        RenderText {#text} at (0,0) size 346x18
          text run at (0,0) width 346: "Font: Avenir-BookOblique Weight: 500 Style: normal"
      RenderBlock {DIV} at (0,4847) size 769x19
        RenderText {#text} at (0,0) size 366x18
          text run at (0,0) width 366: "Font: Avenir-BookOblique Weight: 600 Style: normal"
      RenderBlock {DIV} at (0,4865) size 769x19
        RenderText {#text} at (0,0) size 366x18
          text run at (0,0) width 366: "Font: Avenir-BookOblique Weight: 700 Style: normal"
      RenderBlock {DIV} at (0,4883) size 769x19
        RenderText {#text} at (0,0) size 366x18
          text run at (0,0) width 366: "Font: Avenir-BookOblique Weight: 800 Style: normal"
      RenderBlock {DIV} at (0,4901) size 769x19
        RenderText {#text} at (0,0) size 366x18
          text run at (0,0) width 366: "Font: Avenir-BookOblique Weight: 900 Style: normal"
      RenderBlock {DIV} at (0,4919) size 769x19
        RenderText {#text} at (0,0) size 365x18
          text run at (0,0) width 365: "Font: Avenir-MediumOblique Weight: 100 Style: normal"
      RenderBlock {DIV} at (0,4937) size 769x19
        RenderText {#text} at (0,0) size 365x18
          text run at (0,0) width 365: "Font: Avenir-MediumOblique Weight: 200 Style: normal"
      RenderBlock {DIV} at (0,4955) size 769x19
        RenderText {#text} at (0,0) size 365x18
          text run at (0,0) width 365: "Font: Avenir-MediumOblique Weight: 300 Style: normal"
      RenderBlock {DIV} at (0,4973) size 769x19
        RenderText {#text} at (0,0) size 365x18
          text run at (0,0) width 365: "Font: Avenir-MediumOblique Weight: 400 Style: normal"
      RenderBlock {DIV} at (0,4991) size 769x19
        RenderText {#text} at (0,0) size 365x18
          text run at (0,0) width 365: "Font: Avenir-MediumOblique Weight: 500 Style: normal"
      RenderBlock {DIV} at (0,5009) size 769x19
        RenderText {#text} at (0,0) size 388x18
          text run at (0,0) width 388: "Font: Avenir-MediumOblique Weight: 600 Style: normal"
      RenderBlock {DIV} at (0,5027) size 769x19
        RenderText {#text} at (0,0) size 388x18
          text run at (0,0) width 388: "Font: Avenir-MediumOblique Weight: 700 Style: normal"
      RenderBlock {DIV} at (0,5045) size 769x19
        RenderText {#text} at (0,0) size 388x18
          text run at (0,0) width 388: "Font: Avenir-MediumOblique Weight: 800 Style: normal"
      RenderBlock {DIV} at (0,5063) size 769x19
        RenderText {#text} at (0,0) size 388x18
          text run at (0,0) width 388: "Font: Avenir-MediumOblique Weight: 900 Style: normal"
      RenderBlock {DIV} at (0,5081) size 769x19
        RenderText {#text} at (0,0) size 348x18
          text run at (0,0) width 348: "Font: Avenir-BlackOblique Weight: 100 Style: normal"
      RenderBlock {DIV} at (0,5099) size 769x19
        RenderText {#text} at (0,0) size 348x18
          text run at (0,0) width 348: "Font: Avenir-BlackOblique Weight: 200 Style: normal"
      RenderBlock {DIV} at (0,5117) size 769x19
        RenderText {#text} at (0,0) size 348x18
          text run at (0,0) width 348: "Font: Avenir-BlackOblique Weight: 300 Style: normal"
      RenderBlock {DIV} at (0,5135) size 769x19
        RenderText {#text} at (0,0) size 348x18
          text run at (0,0) width 348: "Font: Avenir-BlackOblique Weight: 400 Style: normal"
      RenderBlock {DIV} at (0,5153) size 769x19
        RenderText {#text} at (0,0) size 348x18
          text run at (0,0) width 348: "Font: Avenir-BlackOblique Weight: 500 Style: normal"
      RenderBlock {DIV} at (0,5171) size 769x19
        RenderText {#text} at (0,0) size 370x18
          text run at (0,0) width 370: "Font: Avenir-BlackOblique Weight: 600 Style: normal"
      RenderBlock {DIV} at (0,5189) size 769x19
        RenderText {#text} at (0,0) size 370x18
          text run at (0,0) width 370: "Font: Avenir-BlackOblique Weight: 700 Style: normal"
      RenderBlock {DIV} at (0,5207) size 769x19
        RenderText {#text} at (0,0) size 370x18
          text run at (0,0) width 370: "Font: Avenir-BlackOblique Weight: 800 Style: normal"
      RenderBlock {DIV} at (0,5225) size 769x19
        RenderText {#text} at (0,0) size 370x18
          text run at (0,0) width 370: "Font: Avenir-BlackOblique Weight: 900 Style: normal"
      RenderBlock {DIV} at (0,5243) size 769x19
        RenderText {#text} at (0,0) size 240x18
          text run at (0,0) width 240: "Font: Avenir Weight: 100 Style: italic"
      RenderBlock {DIV} at (0,5261) size 769x19
        RenderText {#text} at (0,0) size 240x18
          text run at (0,0) width 240: "Font: Avenir Weight: 200 Style: italic"
      RenderBlock {DIV} at (0,5279) size 769x19
        RenderText {#text} at (0,0) size 240x18
          text run at (0,0) width 240: "Font: Avenir Weight: 300 Style: italic"
      RenderBlock {DIV} at (0,5297) size 769x19
        RenderText {#text} at (0,0) size 240x18
          text run at (0,0) width 240: "Font: Avenir Weight: 400 Style: italic"
      RenderBlock {DIV} at (0,5315) size 769x19
        RenderText {#text} at (0,0) size 240x18
          text run at (0,0) width 240: "Font: Avenir Weight: 500 Style: italic"
      RenderBlock {DIV} at (0,5333) size 769x19
        RenderText {#text} at (0,0) size 247x18
          text run at (0,0) width 247: "Font: Avenir Weight: 600 Style: italic"
      RenderBlock {DIV} at (0,5351) size 769x19
        RenderText {#text} at (0,0) size 247x18
          text run at (0,0) width 247: "Font: Avenir Weight: 700 Style: italic"
      RenderBlock {DIV} at (0,5369) size 769x19
        RenderText {#text} at (0,0) size 247x18
          text run at (0,0) width 247: "Font: Avenir Weight: 800 Style: italic"
      RenderBlock {DIV} at (0,5387) size 769x19
        RenderText {#text} at (0,0) size 247x18
          text run at (0,0) width 247: "Font: Avenir Weight: 900 Style: italic"
      RenderBlock {DIV} at (0,5405) size 769x19
        RenderText {#text} at (0,0) size 279x18
          text run at (0,0) width 279: "Font: Avenir-Light Weight: 100 Style: italic"
      RenderBlock {DIV} at (0,5423) size 769x19
        RenderText {#text} at (0,0) size 279x18
          text run at (0,0) width 279: "Font: Avenir-Light Weight: 200 Style: italic"
      RenderBlock {DIV} at (0,5441) size 769x19
        RenderText {#text} at (0,0) size 279x18
          text run at (0,0) width 279: "Font: Avenir-Light Weight: 300 Style: italic"
      RenderBlock {DIV} at (0,5459) size 769x19
        RenderText {#text} at (0,0) size 279x18
          text run at (0,0) width 279: "Font: Avenir-Light Weight: 400 Style: italic"
      RenderBlock {DIV} at (0,5477) size 769x19
        RenderText {#text} at (0,0) size 279x18
          text run at (0,0) width 279: "Font: Avenir-Light Weight: 500 Style: italic"
      RenderBlock {DIV} at (0,5495) size 769x19
        RenderText {#text} at (0,0) size 287x18
          text run at (0,0) width 287: "Font: Avenir-Light Weight: 600 Style: italic"
      RenderBlock {DIV} at (0,5513) size 769x19
        RenderText {#text} at (0,0) size 287x18
          text run at (0,0) width 287: "Font: Avenir-Light Weight: 700 Style: italic"
      RenderBlock {DIV} at (0,5531) size 769x19
        RenderText {#text} at (0,0) size 287x18
          text run at (0,0) width 287: "Font: Avenir-Light Weight: 800 Style: italic"
      RenderBlock {DIV} at (0,5549) size 769x19
        RenderText {#text} at (0,0) size 287x18
          text run at (0,0) width 287: "Font: Avenir-Light Weight: 900 Style: italic"
      RenderBlock {DIV} at (0,5567) size 769x19
        RenderText {#text} at (0,0) size 278x18
          text run at (0,0) width 278: "Font: Avenir-Book Weight: 100 Style: italic"
      RenderBlock {DIV} at (0,5585) size 769x19
        RenderText {#text} at (0,0) size 278x18
          text run at (0,0) width 278: "Font: Avenir-Book Weight: 200 Style: italic"
      RenderBlock {DIV} at (0,5603) size 769x19
        RenderText {#text} at (0,0) size 278x18
          text run at (0,0) width 278: "Font: Avenir-Book Weight: 300 Style: italic"
      RenderBlock {DIV} at (0,5621) size 769x19
        RenderText {#text} at (0,0) size 278x18
          text run at (0,0) width 278: "Font: Avenir-Book Weight: 400 Style: italic"
      RenderBlock {DIV} at (0,5639) size 769x19
        RenderText {#text} at (0,0) size 278x18
          text run at (0,0) width 278: "Font: Avenir-Book Weight: 500 Style: italic"
      RenderBlock {DIV} at (0,5657) size 769x19
        RenderText {#text} at (0,0) size 287x18
          text run at (0,0) width 287: "Font: Avenir-Book Weight: 600 Style: italic"
      RenderBlock {DIV} at (0,5675) size 769x19
        RenderText {#text} at (0,0) size 287x18
          text run at (0,0) width 287: "Font: Avenir-Book Weight: 700 Style: italic"
      RenderBlock {DIV} at (0,5693) size 769x19
        RenderText {#text} at (0,0) size 287x18
          text run at (0,0) width 287: "Font: Avenir-Book Weight: 800 Style: italic"
      RenderBlock {DIV} at (0,5711) size 769x19
        RenderText {#text} at (0,0) size 287x18
          text run at (0,0) width 287: "Font: Avenir-Book Weight: 900 Style: italic"
      RenderBlock {DIV} at (0,5729) size 769x19
        RenderText {#text} at (0,0) size 298x18
          text run at (0,0) width 298: "Font: Avenir-Medium Weight: 100 Style: italic"
      RenderBlock {DIV} at (0,5747) size 769x19
        RenderText {#text} at (0,0) size 298x18
          text run at (0,0) width 298: "Font: Avenir-Medium Weight: 200 Style: italic"
      RenderBlock {DIV} at (0,5765) size 769x19
        RenderText {#text} at (0,0) size 298x18
          text run at (0,0) width 298: "Font: Avenir-Medium Weight: 300 Style: italic"
      RenderBlock {DIV} at (0,5783) size 769x19
        RenderText {#text} at (0,0) size 298x18
          text run at (0,0) width 298: "Font: Avenir-Medium Weight: 400 Style: italic"
      RenderBlock {DIV} at (0,5801) size 769x19
        RenderText {#text} at (0,0) size 298x18
          text run at (0,0) width 298: "Font: Avenir-Medium Weight: 500 Style: italic"
      RenderBlock {DIV} at (0,5819) size 769x19
        RenderText {#text} at (0,0) size 307x18
          text run at (0,0) width 307: "Font: Avenir-Medium Weight: 600 Style: italic"
      RenderBlock {DIV} at (0,5837) size 769x19
        RenderText {#text} at (0,0) size 307x18
          text run at (0,0) width 307: "Font: Avenir-Medium Weight: 700 Style: italic"
      RenderBlock {DIV} at (0,5855) size 769x19
        RenderText {#text} at (0,0) size 307x18
          text run at (0,0) width 307: "Font: Avenir-Medium Weight: 800 Style: italic"
      RenderBlock {DIV} at (0,5873) size 769x19
        RenderText {#text} at (0,0) size 307x18
          text run at (0,0) width 307: "Font: Avenir-Medium Weight: 900 Style: italic"
      RenderBlock {DIV} at (0,5891) size 769x19
        RenderText {#text} at (0,0) size 282x18
          text run at (0,0) width 282: "Font: Avenir-Black Weight: 100 Style: italic"
      RenderBlock {DIV} at (0,5909) size 769x19
        RenderText {#text} at (0,0) size 282x18
          text run at (0,0) width 282: "Font: Avenir-Black Weight: 200 Style: italic"
      RenderBlock {DIV} at (0,5927) size 769x19
        RenderText {#text} at (0,0) size 282x18
          text run at (0,0) width 282: "Font: Avenir-Black Weight: 300 Style: italic"
      RenderBlock {DIV} at (0,5945) size 769x19
        RenderText {#text} at (0,0) size 282x18
          text run at (0,0) width 282: "Font: Avenir-Black Weight: 400 Style: italic"
      RenderBlock {DIV} at (0,5963) size 769x19
        RenderText {#text} at (0,0) size 282x18
          text run at (0,0) width 282: "Font: Avenir-Black Weight: 500 Style: italic"
      RenderBlock {DIV} at (0,5981) size 769x19
        RenderText {#text} at (0,0) size 290x18
          text run at (0,0) width 290: "Font: Avenir-Black Weight: 600 Style: italic"
      RenderBlock {DIV} at (0,5999) size 769x19
        RenderText {#text} at (0,0) size 290x18
          text run at (0,0) width 290: "Font: Avenir-Black Weight: 700 Style: italic"
      RenderBlock {DIV} at (0,6017) size 769x19
        RenderText {#text} at (0,0) size 290x18
          text run at (0,0) width 290: "Font: Avenir-Black Weight: 800 Style: italic"
      RenderBlock {DIV} at (0,6035) size 769x19
        RenderText {#text} at (0,0) size 290x18
          text run at (0,0) width 290: "Font: Avenir-Black Weight: 900 Style: italic"
      RenderBlock {DIV} at (0,6053) size 769x19
        RenderText {#text} at (0,0) size 286x18
          text run at (0,0) width 286: "Font: Avenir-Heavy Weight: 100 Style: italic"
      RenderBlock {DIV} at (0,6071) size 769x19
        RenderText {#text} at (0,0) size 286x18
          text run at (0,0) width 286: "Font: Avenir-Heavy Weight: 200 Style: italic"
      RenderBlock {DIV} at (0,6089) size 769x19
        RenderText {#text} at (0,0) size 286x18
          text run at (0,0) width 286: "Font: Avenir-Heavy Weight: 300 Style: italic"
      RenderBlock {DIV} at (0,6107) size 769x19
        RenderText {#text} at (0,0) size 286x18
          text run at (0,0) width 286: "Font: Avenir-Heavy Weight: 400 Style: italic"
      RenderBlock {DIV} at (0,6125) size 769x19
        RenderText {#text} at (0,0) size 286x18
          text run at (0,0) width 286: "Font: Avenir-Heavy Weight: 500 Style: italic"
      RenderBlock {DIV} at (0,6143) size 769x19
        RenderText {#text} at (0,0) size 294x18
          text run at (0,0) width 294: "Font: Avenir-Heavy Weight: 600 Style: italic"
      RenderBlock {DIV} at (0,6161) size 769x19
        RenderText {#text} at (0,0) size 294x18
          text run at (0,0) width 294: "Font: Avenir-Heavy Weight: 700 Style: italic"
      RenderBlock {DIV} at (0,6179) size 769x19
        RenderText {#text} at (0,0) size 294x18
          text run at (0,0) width 294: "Font: Avenir-Heavy Weight: 800 Style: italic"
      RenderBlock {DIV} at (0,6197) size 769x19
        RenderText {#text} at (0,0) size 294x18
          text run at (0,0) width 294: "Font: Avenir-Heavy Weight: 900 Style: italic"
      RenderBlock {DIV} at (0,6215) size 769x19
        RenderText {#text} at (0,0) size 331x18
          text run at (0,0) width 331: "Font: Avenir-LightOblique Weight: 100 Style: italic"
      RenderBlock {DIV} at (0,6233) size 769x19
        RenderText {#text} at (0,0) size 331x18
          text run at (0,0) width 331: "Font: Avenir-LightOblique Weight: 200 Style: italic"
      RenderBlock {DIV} at (0,6251) size 769x19
        RenderText {#text} at (0,0) size 331x18
          text run at (0,0) width 331: "Font: Avenir-LightOblique Weight: 300 Style: italic"
      RenderBlock {DIV} at (0,6269) size 769x19
        RenderText {#text} at (0,0) size 331x18
          text run at (0,0) width 331: "Font: Avenir-LightOblique Weight: 400 Style: italic"
      RenderBlock {DIV} at (0,6287) size 769x19
        RenderText {#text} at (0,0) size 331x18
          text run at (0,0) width 331: "Font: Avenir-LightOblique Weight: 500 Style: italic"
      RenderBlock {DIV} at (0,6305) size 769x19
        RenderText {#text} at (0,0) size 340x18
          text run at (0,0) width 340: "Font: Avenir-LightOblique Weight: 600 Style: italic"
      RenderBlock {DIV} at (0,6323) size 769x19
        RenderText {#text} at (0,0) size 340x18
          text run at (0,0) width 340: "Font: Avenir-LightOblique Weight: 700 Style: italic"
      RenderBlock {DIV} at (0,6341) size 769x19
        RenderText {#text} at (0,0) size 340x18
          text run at (0,0) width 340: "Font: Avenir-LightOblique Weight: 800 Style: italic"
      RenderBlock {DIV} at (0,6359) size 769x19
        RenderText {#text} at (0,0) size 340x18
          text run at (0,0) width 340: "Font: Avenir-LightOblique Weight: 900 Style: italic"
      RenderBlock {DIV} at (0,6377) size 769x19
        RenderText {#text} at (0,0) size 330x18
          text run at (0,0) width 330: "Font: Avenir-BookOblique Weight: 100 Style: italic"
      RenderBlock {DIV} at (0,6395) size 769x19
        RenderText {#text} at (0,0) size 330x18
          text run at (0,0) width 330: "Font: Avenir-BookOblique Weight: 200 Style: italic"
      RenderBlock {DIV} at (0,6413) size 769x19
        RenderText {#text} at (0,0) size 330x18
          text run at (0,0) width 330: "Font: Avenir-BookOblique Weight: 300 Style: italic"
      RenderBlock {DIV} at (0,6431) size 769x19
        RenderText {#text} at (0,0) size 330x18
          text run at (0,0) width 330: "Font: Avenir-BookOblique Weight: 400 Style: italic"
      RenderBlock {DIV} at (0,6449) size 769x19
        RenderText {#text} at (0,0) size 330x18
          text run at (0,0) width 330: "Font: Avenir-BookOblique Weight: 500 Style: italic"
      RenderBlock {DIV} at (0,6467) size 769x19
        RenderText {#text} at (0,0) size 339x18
          text run at (0,0) width 339: "Font: Avenir-BookOblique Weight: 600 Style: italic"
      RenderBlock {DIV} at (0,6485) size 769x19
        RenderText {#text} at (0,0) size 339x18
          text run at (0,0) width 339: "Font: Avenir-BookOblique Weight: 700 Style: italic"
      RenderBlock {DIV} at (0,6503) size 769x19
        RenderText {#text} at (0,0) size 339x18
          text run at (0,0) width 339: "Font: Avenir-BookOblique Weight: 800 Style: italic"
      RenderBlock {DIV} at (0,6521) size 769x19
        RenderText {#text} at (0,0) size 339x18
          text run at (0,0) width 339: "Font: Avenir-BookOblique Weight: 900 Style: italic"
      RenderBlock {DIV} at (0,6539) size 769x19
        RenderText {#text} at (0,0) size 349x18
          text run at (0,0) width 349: "Font: Avenir-MediumOblique Weight: 100 Style: italic"
      RenderBlock {DIV} at (0,6557) size 769x19
        RenderText {#text} at (0,0) size 349x18
          text run at (0,0) width 349: "Font: Avenir-MediumOblique Weight: 200 Style: italic"
      RenderBlock {DIV} at (0,6575) size 769x19
        RenderText {#text} at (0,0) size 349x18
          text run at (0,0) width 349: "Font: Avenir-MediumOblique Weight: 300 Style: italic"
      RenderBlock {DIV} at (0,6593) size 769x19
        RenderText {#text} at (0,0) size 349x18
          text run at (0,0) width 349: "Font: Avenir-MediumOblique Weight: 400 Style: italic"
      RenderBlock {DIV} at (0,6611) size 769x19
        RenderText {#text} at (0,0) size 349x18
          text run at (0,0) width 349: "Font: Avenir-MediumOblique Weight: 500 Style: italic"
      RenderBlock {DIV} at (0,6629) size 769x19
        RenderText {#text} at (0,0) size 359x18
          text run at (0,0) width 359: "Font: Avenir-MediumOblique Weight: 600 Style: italic"
      RenderBlock {DIV} at (0,6647) size 769x19
        RenderText {#text} at (0,0) size 359x18
          text run at (0,0) width 359: "Font: Avenir-MediumOblique Weight: 700 Style: italic"
      RenderBlock {DIV} at (0,6665) size 769x19
        RenderText {#text} at (0,0) size 359x18
          text run at (0,0) width 359: "Font: Avenir-MediumOblique Weight: 800 Style: italic"
      RenderBlock {DIV} at (0,6683) size 769x19
        RenderText {#text} at (0,0) size 359x18
          text run at (0,0) width 359: "Font: Avenir-MediumOblique Weight: 900 Style: italic"
      RenderBlock {DIV} at (0,6701) size 769x19
        RenderText {#text} at (0,0) size 333x18
          text run at (0,0) width 333: "Font: Avenir-BlackOblique Weight: 100 Style: italic"
      RenderBlock {DIV} at (0,6719) size 769x19
        RenderText {#text} at (0,0) size 333x18
          text run at (0,0) width 333: "Font: Avenir-BlackOblique Weight: 200 Style: italic"
      RenderBlock {DIV} at (0,6737) size 769x19
        RenderText {#text} at (0,0) size 333x18
          text run at (0,0) width 333: "Font: Avenir-BlackOblique Weight: 300 Style: italic"
      RenderBlock {DIV} at (0,6755) size 769x19
        RenderText {#text} at (0,0) size 333x18
          text run at (0,0) width 333: "Font: Avenir-BlackOblique Weight: 400 Style: italic"
      RenderBlock {DIV} at (0,6773) size 769x19
        RenderText {#text} at (0,0) size 333x18
          text run at (0,0) width 333: "Font: Avenir-BlackOblique Weight: 500 Style: italic"
      RenderBlock {DIV} at (0,6791) size 769x19
        RenderText {#text} at (0,0) size 343x18
          text run at (0,0) width 343: "Font: Avenir-BlackOblique Weight: 600 Style: italic"
      RenderBlock {DIV} at (0,6809) size 769x19
        RenderText {#text} at (0,0) size 343x18
          text run at (0,0) width 343: "Font: Avenir-BlackOblique Weight: 700 Style: italic"
      RenderBlock {DIV} at (0,6827) size 769x19
        RenderText {#text} at (0,0) size 343x18
          text run at (0,0) width 343: "Font: Avenir-BlackOblique Weight: 800 Style: italic"
      RenderBlock {DIV} at (0,6845) size 769x19
        RenderText {#text} at (0,0) size 343x18
          text run at (0,0) width 343: "Font: Avenir-BlackOblique Weight: 900 Style: italic"
