layer at (0,0) size 785x15195
  RenderView at (0,0) size 785x600
layer at (0,0) size 785x15195
  RenderBlock {HTML} at (0,0) size 785x15195
    RenderBody {BODY} at (8,8) size 769x15179
      RenderBlock (anonymous) at (0,0) size 769x144
        RenderText {#text} at (0,0) size 769x72
          text run at (0,0) width 746: "This test is designed to test the interaction between font-family and font-weight. In particular, our implementation of"
          text run at (0,18) width 759: "font-family accepts PostScript names, which may name a font with a particular weight. However, there is another CSS"
          text run at (0,36) width 769: "property, font-weight, in which the author may also name a particular weight. Our font selection algorithm takes both of"
          text run at (0,54) width 305: "these signals into account when choosing fonts."
        RenderBR {BR} at (304,54) size 1x18
        RenderBR {BR} at (0,72) size 0x18
        RenderText {#text} at (0,90) size 767x54
          text run at (0,90) width 767: "There is currently no good way in JavaScript to find the actual font chosen for some text. Therefore, the best way to test"
          text run at (0,108) width 732: "this aspect of the font selection algorithm is to dump the render tree, therefore testing glyph advances (which are a"
          text run at (0,126) width 159: "property of font weight)."
      RenderBlock {DIV} at (0,144) size 769x18
        RenderText {#text} at (0,0) size 267x18
          text run at (0,0) width 267: "Font: Heiti SC Weight: 100 Style: normal"
      RenderBlock {DIV} at (0,162) size 769x17
        RenderText {#text} at (0,0) size 144x17
          text run at (0,0) width 144: "\x{679C}\x{57CE}\x{7684}\x{7F8E}\x{8B7D}\x{3002}\x{4E2D}\x{56FD}\x{53E4}"
      RenderBlock {DIV} at (0,178) size 769x19
        RenderText {#text} at (0,0) size 267x18
          text run at (0,0) width 267: "Font: Heiti SC Weight: 200 Style: normal"
      RenderBlock {DIV} at (0,196) size 769x17
        RenderText {#text} at (0,0) size 144x17
          text run at (0,0) width 144: "\x{679C}\x{57CE}\x{7684}\x{7F8E}\x{8B7D}\x{3002}\x{4E2D}\x{56FD}\x{53E4}"
      RenderBlock {DIV} at (0,212) size 769x19
        RenderText {#text} at (0,0) size 267x18
          text run at (0,0) width 267: "Font: Heiti SC Weight: 300 Style: normal"
      RenderBlock {DIV} at (0,230) size 769x18
        RenderText {#text} at (0,0) size 144x17
          text run at (0,0) width 144: "\x{679C}\x{57CE}\x{7684}\x{7F8E}\x{8B7D}\x{3002}\x{4E2D}\x{56FD}\x{53E4}"
      RenderBlock {DIV} at (0,247) size 769x19
        RenderText {#text} at (0,0) size 267x18
          text run at (0,0) width 267: "Font: Heiti SC Weight: 400 Style: normal"
      RenderBlock {DIV} at (0,265) size 769x17
        RenderText {#text} at (0,0) size 144x17
          text run at (0,0) width 144: "\x{679C}\x{57CE}\x{7684}\x{7F8E}\x{8B7D}\x{3002}\x{4E2D}\x{56FD}\x{53E4}"
      RenderBlock {DIV} at (0,281) size 769x19
        RenderText {#text} at (0,0) size 267x18
          text run at (0,0) width 267: "Font: Heiti SC Weight: 500 Style: normal"
      RenderBlock {DIV} at (0,299) size 769x18
        RenderText {#text} at (0,0) size 144x17
          text run at (0,0) width 144: "\x{679C}\x{57CE}\x{7684}\x{7F8E}\x{8B7D}\x{3002}\x{4E2D}\x{56FD}\x{53E4}"
      RenderBlock {DIV} at (0,316) size 769x19
        RenderText {#text} at (0,0) size 267x18
          text run at (0,0) width 267: "Font: Heiti SC Weight: 600 Style: normal"
      RenderBlock {DIV} at (0,334) size 769x17
        RenderText {#text} at (0,0) size 144x17
          text run at (0,0) width 144: "\x{679C}\x{57CE}\x{7684}\x{7F8E}\x{8B7D}\x{3002}\x{4E2D}\x{56FD}\x{53E4}"
      RenderBlock {DIV} at (0,350) size 769x19
        RenderText {#text} at (0,0) size 267x18
          text run at (0,0) width 267: "Font: Heiti SC Weight: 700 Style: normal"
      RenderBlock {DIV} at (0,368) size 769x18
        RenderText {#text} at (0,0) size 144x17
          text run at (0,0) width 144: "\x{679C}\x{57CE}\x{7684}\x{7F8E}\x{8B7D}\x{3002}\x{4E2D}\x{56FD}\x{53E4}"
      RenderBlock {DIV} at (0,385) size 769x19
        RenderText {#text} at (0,0) size 267x18
          text run at (0,0) width 267: "Font: Heiti SC Weight: 800 Style: normal"
      RenderBlock {DIV} at (0,403) size 769x17
        RenderText {#text} at (0,0) size 144x17
          text run at (0,0) width 144: "\x{679C}\x{57CE}\x{7684}\x{7F8E}\x{8B7D}\x{3002}\x{4E2D}\x{56FD}\x{53E4}"
      RenderBlock {DIV} at (0,419) size 769x19
        RenderText {#text} at (0,0) size 267x18
          text run at (0,0) width 267: "Font: Heiti SC Weight: 900 Style: normal"
      RenderBlock {DIV} at (0,437) size 769x18
        RenderText {#text} at (0,0) size 144x17
          text run at (0,0) width 144: "\x{679C}\x{57CE}\x{7684}\x{7F8E}\x{8B7D}\x{3002}\x{4E2D}\x{56FD}\x{53E4}"
      RenderBlock {DIV} at (0,454) size 769x19
        RenderText {#text} at (0,0) size 321x18
          text run at (0,0) width 321: "Font: STHeitiSC-Light Weight: 100 Style: normal"
      RenderBlock {DIV} at (0,472) size 769x17
        RenderText {#text} at (0,0) size 144x17
          text run at (0,0) width 144: "\x{679C}\x{57CE}\x{7684}\x{7F8E}\x{8B7D}\x{3002}\x{4E2D}\x{56FD}\x{53E4}"
      RenderBlock {DIV} at (0,488) size 769x19
        RenderText {#text} at (0,0) size 321x18
          text run at (0,0) width 321: "Font: STHeitiSC-Light Weight: 200 Style: normal"
      RenderBlock {DIV} at (0,506) size 769x18
        RenderText {#text} at (0,0) size 144x17
          text run at (0,0) width 144: "\x{679C}\x{57CE}\x{7684}\x{7F8E}\x{8B7D}\x{3002}\x{4E2D}\x{56FD}\x{53E4}"
      RenderBlock {DIV} at (0,523) size 769x19
        RenderText {#text} at (0,0) size 321x18
          text run at (0,0) width 321: "Font: STHeitiSC-Light Weight: 300 Style: normal"
      RenderBlock {DIV} at (0,541) size 769x17
        RenderText {#text} at (0,0) size 144x17
          text run at (0,0) width 144: "\x{679C}\x{57CE}\x{7684}\x{7F8E}\x{8B7D}\x{3002}\x{4E2D}\x{56FD}\x{53E4}"
      RenderBlock {DIV} at (0,557) size 769x19
        RenderText {#text} at (0,0) size 321x18
          text run at (0,0) width 321: "Font: STHeitiSC-Light Weight: 400 Style: normal"
      RenderBlock {DIV} at (0,575) size 769x18
        RenderText {#text} at (0,0) size 144x17
          text run at (0,0) width 144: "\x{679C}\x{57CE}\x{7684}\x{7F8E}\x{8B7D}\x{3002}\x{4E2D}\x{56FD}\x{53E4}"
      RenderBlock {DIV} at (0,592) size 769x19
        RenderText {#text} at (0,0) size 321x18
          text run at (0,0) width 321: "Font: STHeitiSC-Light Weight: 500 Style: normal"
      RenderBlock {DIV} at (0,610) size 769x17
        RenderText {#text} at (0,0) size 144x17
          text run at (0,0) width 144: "\x{679C}\x{57CE}\x{7684}\x{7F8E}\x{8B7D}\x{3002}\x{4E2D}\x{56FD}\x{53E4}"
      RenderBlock {DIV} at (0,626) size 769x19
        RenderText {#text} at (0,0) size 321x18
          text run at (0,0) width 321: "Font: STHeitiSC-Light Weight: 600 Style: normal"
      RenderBlock {DIV} at (0,644) size 769x18
        RenderText {#text} at (0,0) size 144x17
          text run at (0,0) width 144: "\x{679C}\x{57CE}\x{7684}\x{7F8E}\x{8B7D}\x{3002}\x{4E2D}\x{56FD}\x{53E4}"
      RenderBlock {DIV} at (0,661) size 769x19
        RenderText {#text} at (0,0) size 321x18
          text run at (0,0) width 321: "Font: STHeitiSC-Light Weight: 700 Style: normal"
      RenderBlock {DIV} at (0,679) size 769x17
        RenderText {#text} at (0,0) size 144x17
          text run at (0,0) width 144: "\x{679C}\x{57CE}\x{7684}\x{7F8E}\x{8B7D}\x{3002}\x{4E2D}\x{56FD}\x{53E4}"
      RenderBlock {DIV} at (0,695) size 769x19
        RenderText {#text} at (0,0) size 321x18
          text run at (0,0) width 321: "Font: STHeitiSC-Light Weight: 800 Style: normal"
      RenderBlock {DIV} at (0,713) size 769x17
        RenderText {#text} at (0,0) size 144x17
          text run at (0,0) width 144: "\x{679C}\x{57CE}\x{7684}\x{7F8E}\x{8B7D}\x{3002}\x{4E2D}\x{56FD}\x{53E4}"
      RenderBlock {DIV} at (0,729) size 769x19
        RenderText {#text} at (0,0) size 321x18
          text run at (0,0) width 321: "Font: STHeitiSC-Light Weight: 900 Style: normal"
      RenderBlock {DIV} at (0,747) size 769x18
        RenderText {#text} at (0,0) size 144x17
          text run at (0,0) width 144: "\x{679C}\x{57CE}\x{7684}\x{7F8E}\x{8B7D}\x{3002}\x{4E2D}\x{56FD}\x{53E4}"
      RenderBlock {DIV} at (0,764) size 769x19
        RenderText {#text} at (0,0) size 341x18
          text run at (0,0) width 341: "Font: STHeitiSC-Medium Weight: 100 Style: normal"
      RenderBlock {DIV} at (0,782) size 769x17
        RenderText {#text} at (0,0) size 144x17
          text run at (0,0) width 144: "\x{679C}\x{57CE}\x{7684}\x{7F8E}\x{8B7D}\x{3002}\x{4E2D}\x{56FD}\x{53E4}"
      RenderBlock {DIV} at (0,798) size 769x19
        RenderText {#text} at (0,0) size 341x18
          text run at (0,0) width 341: "Font: STHeitiSC-Medium Weight: 200 Style: normal"
      RenderBlock {DIV} at (0,816) size 769x18
        RenderText {#text} at (0,0) size 144x17
          text run at (0,0) width 144: "\x{679C}\x{57CE}\x{7684}\x{7F8E}\x{8B7D}\x{3002}\x{4E2D}\x{56FD}\x{53E4}"
      RenderBlock {DIV} at (0,833) size 769x19
        RenderText {#text} at (0,0) size 341x18
          text run at (0,0) width 341: "Font: STHeitiSC-Medium Weight: 300 Style: normal"
      RenderBlock {DIV} at (0,851) size 769x17
        RenderText {#text} at (0,0) size 144x17
          text run at (0,0) width 144: "\x{679C}\x{57CE}\x{7684}\x{7F8E}\x{8B7D}\x{3002}\x{4E2D}\x{56FD}\x{53E4}"
      RenderBlock {DIV} at (0,867) size 769x19
        RenderText {#text} at (0,0) size 341x18
          text run at (0,0) width 341: "Font: STHeitiSC-Medium Weight: 400 Style: normal"
      RenderBlock {DIV} at (0,885) size 769x18
        RenderText {#text} at (0,0) size 144x17
          text run at (0,0) width 144: "\x{679C}\x{57CE}\x{7684}\x{7F8E}\x{8B7D}\x{3002}\x{4E2D}\x{56FD}\x{53E4}"
      RenderBlock {DIV} at (0,902) size 769x19
        RenderText {#text} at (0,0) size 341x18
          text run at (0,0) width 341: "Font: STHeitiSC-Medium Weight: 500 Style: normal"
      RenderBlock {DIV} at (0,920) size 769x17
        RenderText {#text} at (0,0) size 144x17
          text run at (0,0) width 144: "\x{679C}\x{57CE}\x{7684}\x{7F8E}\x{8B7D}\x{3002}\x{4E2D}\x{56FD}\x{53E4}"
      RenderBlock {DIV} at (0,936) size 769x19
        RenderText {#text} at (0,0) size 341x18
          text run at (0,0) width 341: "Font: STHeitiSC-Medium Weight: 600 Style: normal"
      RenderBlock {DIV} at (0,954) size 769x18
        RenderText {#text} at (0,0) size 144x17
          text run at (0,0) width 144: "\x{679C}\x{57CE}\x{7684}\x{7F8E}\x{8B7D}\x{3002}\x{4E2D}\x{56FD}\x{53E4}"
      RenderBlock {DIV} at (0,971) size 769x19
        RenderText {#text} at (0,0) size 341x18
          text run at (0,0) width 341: "Font: STHeitiSC-Medium Weight: 700 Style: normal"
      RenderBlock {DIV} at (0,989) size 769x17
        RenderText {#text} at (0,0) size 144x17
          text run at (0,0) width 144: "\x{679C}\x{57CE}\x{7684}\x{7F8E}\x{8B7D}\x{3002}\x{4E2D}\x{56FD}\x{53E4}"
      RenderBlock {DIV} at (0,1005) size 769x19
        RenderText {#text} at (0,0) size 341x18
          text run at (0,0) width 341: "Font: STHeitiSC-Medium Weight: 800 Style: normal"
      RenderBlock {DIV} at (0,1023) size 769x18
        RenderText {#text} at (0,0) size 144x17
          text run at (0,0) width 144: "\x{679C}\x{57CE}\x{7684}\x{7F8E}\x{8B7D}\x{3002}\x{4E2D}\x{56FD}\x{53E4}"
      RenderBlock {DIV} at (0,1040) size 769x19
        RenderText {#text} at (0,0) size 341x18
          text run at (0,0) width 341: "Font: STHeitiSC-Medium Weight: 900 Style: normal"
      RenderBlock {DIV} at (0,1058) size 769x17
        RenderText {#text} at (0,0) size 144x17
          text run at (0,0) width 144: "\x{679C}\x{57CE}\x{7684}\x{7F8E}\x{8B7D}\x{3002}\x{4E2D}\x{56FD}\x{53E4}"
      RenderBlock {DIV} at (0,1074) size 769x19
        RenderText {#text} at (0,0) size 253x18
          text run at (0,0) width 253: "Font: Heiti SC Weight: 100 Style: italic"
      RenderBlock {DIV} at (0,1092) size 769x18
        RenderText {#text} at (0,0) size 144x17
          text run at (0,0) width 144: "\x{679C}\x{57CE}\x{7684}\x{7F8E}\x{8B7D}\x{3002}\x{4E2D}\x{56FD}\x{53E4}"
      RenderBlock {DIV} at (0,1109) size 769x19
        RenderText {#text} at (0,0) size 253x18
          text run at (0,0) width 253: "Font: Heiti SC Weight: 200 Style: italic"
      RenderBlock {DIV} at (0,1127) size 769x17
        RenderText {#text} at (0,0) size 144x17
          text run at (0,0) width 144: "\x{679C}\x{57CE}\x{7684}\x{7F8E}\x{8B7D}\x{3002}\x{4E2D}\x{56FD}\x{53E4}"
      RenderBlock {DIV} at (0,1143) size 769x19
        RenderText {#text} at (0,0) size 253x18
          text run at (0,0) width 253: "Font: Heiti SC Weight: 300 Style: italic"
      RenderBlock {DIV} at (0,1161) size 769x18
        RenderText {#text} at (0,0) size 144x17
          text run at (0,0) width 144: "\x{679C}\x{57CE}\x{7684}\x{7F8E}\x{8B7D}\x{3002}\x{4E2D}\x{56FD}\x{53E4}"
      RenderBlock {DIV} at (0,1178) size 769x19
        RenderText {#text} at (0,0) size 253x18
          text run at (0,0) width 253: "Font: Heiti SC Weight: 400 Style: italic"
      RenderBlock {DIV} at (0,1196) size 769x17
        RenderText {#text} at (0,0) size 144x17
          text run at (0,0) width 144: "\x{679C}\x{57CE}\x{7684}\x{7F8E}\x{8B7D}\x{3002}\x{4E2D}\x{56FD}\x{53E4}"
      RenderBlock {DIV} at (0,1212) size 769x19
        RenderText {#text} at (0,0) size 253x18
          text run at (0,0) width 253: "Font: Heiti SC Weight: 500 Style: italic"
      RenderBlock {DIV} at (0,1230) size 769x17
        RenderText {#text} at (0,0) size 144x17
          text run at (0,0) width 144: "\x{679C}\x{57CE}\x{7684}\x{7F8E}\x{8B7D}\x{3002}\x{4E2D}\x{56FD}\x{53E4}"
      RenderBlock {DIV} at (0,1247) size 769x18
        RenderText {#text} at (0,0) size 253x18
          text run at (0,0) width 253: "Font: Heiti SC Weight: 600 Style: italic"
      RenderBlock {DIV} at (0,1265) size 769x17
        RenderText {#text} at (0,0) size 144x17
          text run at (0,0) width 144: "\x{679C}\x{57CE}\x{7684}\x{7F8E}\x{8B7D}\x{3002}\x{4E2D}\x{56FD}\x{53E4}"
      RenderBlock {DIV} at (0,1281) size 769x19
        RenderText {#text} at (0,0) size 253x18
          text run at (0,0) width 253: "Font: Heiti SC Weight: 700 Style: italic"
      RenderBlock {DIV} at (0,1299) size 769x17
        RenderText {#text} at (0,0) size 144x17
          text run at (0,0) width 144: "\x{679C}\x{57CE}\x{7684}\x{7F8E}\x{8B7D}\x{3002}\x{4E2D}\x{56FD}\x{53E4}"
      RenderBlock {DIV} at (0,1315) size 769x19
        RenderText {#text} at (0,0) size 253x18
          text run at (0,0) width 253: "Font: Heiti SC Weight: 800 Style: italic"
      RenderBlock {DIV} at (0,1333) size 769x18
        RenderText {#text} at (0,0) size 144x17
          text run at (0,0) width 144: "\x{679C}\x{57CE}\x{7684}\x{7F8E}\x{8B7D}\x{3002}\x{4E2D}\x{56FD}\x{53E4}"
      RenderBlock {DIV} at (0,1350) size 769x19
        RenderText {#text} at (0,0) size 253x18
          text run at (0,0) width 253: "Font: Heiti SC Weight: 900 Style: italic"
      RenderBlock {DIV} at (0,1368) size 769x17
        RenderText {#text} at (0,0) size 144x17
          text run at (0,0) width 144: "\x{679C}\x{57CE}\x{7684}\x{7F8E}\x{8B7D}\x{3002}\x{4E2D}\x{56FD}\x{53E4}"
      RenderBlock {DIV} at (0,1384) size 769x19
        RenderText {#text} at (0,0) size 308x18
          text run at (0,0) width 308: "Font: STHeitiSC-Light Weight: 100 Style: italic"
      RenderBlock {DIV} at (0,1402) size 769x18
        RenderText {#text} at (0,0) size 144x17
          text run at (0,0) width 144: "\x{679C}\x{57CE}\x{7684}\x{7F8E}\x{8B7D}\x{3002}\x{4E2D}\x{56FD}\x{53E4}"
      RenderBlock {DIV} at (0,1419) size 769x19
        RenderText {#text} at (0,0) size 308x18
          text run at (0,0) width 308: "Font: STHeitiSC-Light Weight: 200 Style: italic"
      RenderBlock {DIV} at (0,1437) size 769x17
        RenderText {#text} at (0,0) size 144x17
          text run at (0,0) width 144: "\x{679C}\x{57CE}\x{7684}\x{7F8E}\x{8B7D}\x{3002}\x{4E2D}\x{56FD}\x{53E4}"
      RenderBlock {DIV} at (0,1453) size 769x19
        RenderText {#text} at (0,0) size 308x18
          text run at (0,0) width 308: "Font: STHeitiSC-Light Weight: 300 Style: italic"
      RenderBlock {DIV} at (0,1471) size 769x18
        RenderText {#text} at (0,0) size 144x17
          text run at (0,0) width 144: "\x{679C}\x{57CE}\x{7684}\x{7F8E}\x{8B7D}\x{3002}\x{4E2D}\x{56FD}\x{53E4}"
      RenderBlock {DIV} at (0,1488) size 769x19
        RenderText {#text} at (0,0) size 308x18
          text run at (0,0) width 308: "Font: STHeitiSC-Light Weight: 400 Style: italic"
      RenderBlock {DIV} at (0,1506) size 769x17
        RenderText {#text} at (0,0) size 144x17
          text run at (0,0) width 144: "\x{679C}\x{57CE}\x{7684}\x{7F8E}\x{8B7D}\x{3002}\x{4E2D}\x{56FD}\x{53E4}"
      RenderBlock {DIV} at (0,1522) size 769x19
        RenderText {#text} at (0,0) size 308x18
          text run at (0,0) width 308: "Font: STHeitiSC-Light Weight: 500 Style: italic"
      RenderBlock {DIV} at (0,1540) size 769x18
        RenderText {#text} at (0,0) size 144x17
          text run at (0,0) width 144: "\x{679C}\x{57CE}\x{7684}\x{7F8E}\x{8B7D}\x{3002}\x{4E2D}\x{56FD}\x{53E4}"
      RenderBlock {DIV} at (0,1557) size 769x19
        RenderText {#text} at (0,0) size 308x18
          text run at (0,0) width 308: "Font: STHeitiSC-Light Weight: 600 Style: italic"
      RenderBlock {DIV} at (0,1575) size 769x17
        RenderText {#text} at (0,0) size 144x17
          text run at (0,0) width 144: "\x{679C}\x{57CE}\x{7684}\x{7F8E}\x{8B7D}\x{3002}\x{4E2D}\x{56FD}\x{53E4}"
      RenderBlock {DIV} at (0,1591) size 769x19
        RenderText {#text} at (0,0) size 308x18
          text run at (0,0) width 308: "Font: STHeitiSC-Light Weight: 700 Style: italic"
      RenderBlock {DIV} at (0,1609) size 769x18
        RenderText {#text} at (0,0) size 144x17
          text run at (0,0) width 144: "\x{679C}\x{57CE}\x{7684}\x{7F8E}\x{8B7D}\x{3002}\x{4E2D}\x{56FD}\x{53E4}"
      RenderBlock {DIV} at (0,1626) size 769x19
        RenderText {#text} at (0,0) size 308x18
          text run at (0,0) width 308: "Font: STHeitiSC-Light Weight: 800 Style: italic"
      RenderBlock {DIV} at (0,1644) size 769x17
        RenderText {#text} at (0,0) size 144x17
          text run at (0,0) width 144: "\x{679C}\x{57CE}\x{7684}\x{7F8E}\x{8B7D}\x{3002}\x{4E2D}\x{56FD}\x{53E4}"
      RenderBlock {DIV} at (0,1660) size 769x19
        RenderText {#text} at (0,0) size 308x18
          text run at (0,0) width 308: "Font: STHeitiSC-Light Weight: 900 Style: italic"
      RenderBlock {DIV} at (0,1678) size 769x18
        RenderText {#text} at (0,0) size 144x17
          text run at (0,0) width 144: "\x{679C}\x{57CE}\x{7684}\x{7F8E}\x{8B7D}\x{3002}\x{4E2D}\x{56FD}\x{53E4}"
      RenderBlock {DIV} at (0,1695) size 769x19
        RenderText {#text} at (0,0) size 328x18
          text run at (0,0) width 328: "Font: STHeitiSC-Medium Weight: 100 Style: italic"
      RenderBlock {DIV} at (0,1713) size 769x17
        RenderText {#text} at (0,0) size 144x17
          text run at (0,0) width 144: "\x{679C}\x{57CE}\x{7684}\x{7F8E}\x{8B7D}\x{3002}\x{4E2D}\x{56FD}\x{53E4}"
      RenderBlock {DIV} at (0,1729) size 769x19
        RenderText {#text} at (0,0) size 328x18
          text run at (0,0) width 328: "Font: STHeitiSC-Medium Weight: 200 Style: italic"
      RenderBlock {DIV} at (0,1747) size 769x18
        RenderText {#text} at (0,0) size 144x17
          text run at (0,0) width 144: "\x{679C}\x{57CE}\x{7684}\x{7F8E}\x{8B7D}\x{3002}\x{4E2D}\x{56FD}\x{53E4}"
      RenderBlock {DIV} at (0,1764) size 769x19
        RenderText {#text} at (0,0) size 328x18
          text run at (0,0) width 328: "Font: STHeitiSC-Medium Weight: 300 Style: italic"
      RenderBlock {DIV} at (0,1782) size 769x17
        RenderText {#text} at (0,0) size 144x17
          text run at (0,0) width 144: "\x{679C}\x{57CE}\x{7684}\x{7F8E}\x{8B7D}\x{3002}\x{4E2D}\x{56FD}\x{53E4}"
      RenderBlock {DIV} at (0,1798) size 769x19
        RenderText {#text} at (0,0) size 328x18
          text run at (0,0) width 328: "Font: STHeitiSC-Medium Weight: 400 Style: italic"
      RenderBlock {DIV} at (0,1816) size 769x17
        RenderText {#text} at (0,0) size 144x17
          text run at (0,0) width 144: "\x{679C}\x{57CE}\x{7684}\x{7F8E}\x{8B7D}\x{3002}\x{4E2D}\x{56FD}\x{53E4}"
      RenderBlock {DIV} at (0,1832) size 769x19
        RenderText {#text} at (0,0) size 328x18
          text run at (0,0) width 328: "Font: STHeitiSC-Medium Weight: 500 Style: italic"
      RenderBlock {DIV} at (0,1850) size 769x18
        RenderText {#text} at (0,0) size 144x17
          text run at (0,0) width 144: "\x{679C}\x{57CE}\x{7684}\x{7F8E}\x{8B7D}\x{3002}\x{4E2D}\x{56FD}\x{53E4}"
      RenderBlock {DIV} at (0,1867) size 769x19
        RenderText {#text} at (0,0) size 328x18
          text run at (0,0) width 328: "Font: STHeitiSC-Medium Weight: 600 Style: italic"
      RenderBlock {DIV} at (0,1885) size 769x17
        RenderText {#text} at (0,0) size 144x17
          text run at (0,0) width 144: "\x{679C}\x{57CE}\x{7684}\x{7F8E}\x{8B7D}\x{3002}\x{4E2D}\x{56FD}\x{53E4}"
      RenderBlock {DIV} at (0,1901) size 769x19
        RenderText {#text} at (0,0) size 328x18
          text run at (0,0) width 328: "Font: STHeitiSC-Medium Weight: 700 Style: italic"
      RenderBlock {DIV} at (0,1919) size 769x18
        RenderText {#text} at (0,0) size 144x17
          text run at (0,0) width 144: "\x{679C}\x{57CE}\x{7684}\x{7F8E}\x{8B7D}\x{3002}\x{4E2D}\x{56FD}\x{53E4}"
      RenderBlock {DIV} at (0,1936) size 769x19
        RenderText {#text} at (0,0) size 328x18
          text run at (0,0) width 328: "Font: STHeitiSC-Medium Weight: 800 Style: italic"
      RenderBlock {DIV} at (0,1954) size 769x17
        RenderText {#text} at (0,0) size 144x17
          text run at (0,0) width 144: "\x{679C}\x{57CE}\x{7684}\x{7F8E}\x{8B7D}\x{3002}\x{4E2D}\x{56FD}\x{53E4}"
      RenderBlock {DIV} at (0,1970) size 769x19
        RenderText {#text} at (0,0) size 328x18
          text run at (0,0) width 328: "Font: STHeitiSC-Medium Weight: 900 Style: italic"
      RenderBlock {DIV} at (0,1988) size 769x18
        RenderText {#text} at (0,0) size 144x17
          text run at (0,0) width 144: "\x{679C}\x{57CE}\x{7684}\x{7F8E}\x{8B7D}\x{3002}\x{4E2D}\x{56FD}\x{53E4}"
      RenderBlock {DIV} at (0,2005) size 769x19
        RenderText {#text} at (0,0) size 277x18
          text run at (0,0) width 277: "Font: Songti SC Weight: 100 Style: normal"
      RenderBlock {DIV} at (0,2023) size 769x23
        RenderText {#text} at (0,0) size 144x23
          text run at (0,0) width 144: "\x{679C}\x{57CE}\x{7684}\x{7F8E}\x{8B7D}\x{3002}\x{4E2D}\x{56FD}\x{53E4}"
      RenderBlock {DIV} at (0,2045) size 769x19
        RenderText {#text} at (0,0) size 277x18
          text run at (0,0) width 277: "Font: Songti SC Weight: 200 Style: normal"
      RenderBlock {DIV} at (0,2063) size 769x24
        RenderText {#text} at (0,0) size 144x23
          text run at (0,0) width 144: "\x{679C}\x{57CE}\x{7684}\x{7F8E}\x{8B7D}\x{3002}\x{4E2D}\x{56FD}\x{53E4}"
      RenderBlock {DIV} at (0,2086) size 769x19
        RenderText {#text} at (0,0) size 277x18
          text run at (0,0) width 277: "Font: Songti SC Weight: 300 Style: normal"
      RenderBlock {DIV} at (0,2104) size 769x23
        RenderText {#text} at (0,0) size 144x23
          text run at (0,0) width 144: "\x{679C}\x{57CE}\x{7684}\x{7F8E}\x{8B7D}\x{3002}\x{4E2D}\x{56FD}\x{53E4}"
      RenderBlock {DIV} at (0,2126) size 769x19
        RenderText {#text} at (0,0) size 277x18
          text run at (0,0) width 277: "Font: Songti SC Weight: 400 Style: normal"
      RenderBlock {DIV} at (0,2144) size 769x23
        RenderText {#text} at (0,0) size 144x23
          text run at (0,0) width 144: "\x{679C}\x{57CE}\x{7684}\x{7F8E}\x{8B7D}\x{3002}\x{4E2D}\x{56FD}\x{53E4}"
      RenderBlock {DIV} at (0,2166) size 769x19
        RenderText {#text} at (0,0) size 277x18
          text run at (0,0) width 277: "Font: Songti SC Weight: 500 Style: normal"
      RenderBlock {DIV} at (0,2184) size 769x24
        RenderText {#text} at (0,0) size 144x23
          text run at (0,0) width 144: "\x{679C}\x{57CE}\x{7684}\x{7F8E}\x{8B7D}\x{3002}\x{4E2D}\x{56FD}\x{53E4}"
      RenderBlock {DIV} at (0,2207) size 769x19
        RenderText {#text} at (0,0) size 277x18
          text run at (0,0) width 277: "Font: Songti SC Weight: 600 Style: normal"
      RenderBlock {DIV} at (0,2225) size 769x23
        RenderText {#text} at (0,0) size 144x23
          text run at (0,0) width 144: "\x{679C}\x{57CE}\x{7684}\x{7F8E}\x{8B7D}\x{3002}\x{4E2D}\x{56FD}\x{53E4}"
      RenderBlock {DIV} at (0,2247) size 769x19
        RenderText {#text} at (0,0) size 277x18
          text run at (0,0) width 277: "Font: Songti SC Weight: 700 Style: normal"
      RenderBlock {DIV} at (0,2265) size 769x24
        RenderText {#text} at (0,0) size 144x23
          text run at (0,0) width 144: "\x{679C}\x{57CE}\x{7684}\x{7F8E}\x{8B7D}\x{3002}\x{4E2D}\x{56FD}\x{53E4}"
      RenderBlock {DIV} at (0,2288) size 769x19
        RenderText {#text} at (0,0) size 277x18
          text run at (0,0) width 277: "Font: Songti SC Weight: 800 Style: normal"
      RenderBlock {DIV} at (0,2306) size 769x23
        RenderText {#text} at (0,0) size 144x23
          text run at (0,0) width 144: "\x{679C}\x{57CE}\x{7684}\x{7F8E}\x{8B7D}\x{3002}\x{4E2D}\x{56FD}\x{53E4}"
      RenderBlock {DIV} at (0,2328) size 769x19
        RenderText {#text} at (0,0) size 277x18
          text run at (0,0) width 277: "Font: Songti SC Weight: 900 Style: normal"
      RenderBlock {DIV} at (0,2346) size 769x23
        RenderText {#text} at (0,0) size 144x23
          text run at (0,0) width 144: "\x{679C}\x{57CE}\x{7684}\x{7F8E}\x{8B7D}\x{3002}\x{4E2D}\x{56FD}\x{53E4}"
      RenderBlock {DIV} at (0,2368) size 769x19
        RenderText {#text} at (0,0) size 353x18
          text run at (0,0) width 353: "Font: STSongti-SC-Regular Weight: 100 Style: normal"
      RenderBlock {DIV} at (0,2386) size 769x24
        RenderText {#text} at (0,0) size 144x23
          text run at (0,0) width 144: "\x{679C}\x{57CE}\x{7684}\x{7F8E}\x{8B7D}\x{3002}\x{4E2D}\x{56FD}\x{53E4}"
      RenderBlock {DIV} at (0,2409) size 769x19
        RenderText {#text} at (0,0) size 353x18
          text run at (0,0) width 353: "Font: STSongti-SC-Regular Weight: 200 Style: normal"
      RenderBlock {DIV} at (0,2427) size 769x23
        RenderText {#text} at (0,0) size 144x23
          text run at (0,0) width 144: "\x{679C}\x{57CE}\x{7684}\x{7F8E}\x{8B7D}\x{3002}\x{4E2D}\x{56FD}\x{53E4}"
      RenderBlock {DIV} at (0,2449) size 769x19
        RenderText {#text} at (0,0) size 353x18
          text run at (0,0) width 353: "Font: STSongti-SC-Regular Weight: 300 Style: normal"
      RenderBlock {DIV} at (0,2467) size 769x23
        RenderText {#text} at (0,0) size 144x23
          text run at (0,0) width 144: "\x{679C}\x{57CE}\x{7684}\x{7F8E}\x{8B7D}\x{3002}\x{4E2D}\x{56FD}\x{53E4}"
      RenderBlock {DIV} at (0,2490) size 769x18
        RenderText {#text} at (0,0) size 353x18
          text run at (0,0) width 353: "Font: STSongti-SC-Regular Weight: 400 Style: normal"
      RenderBlock {DIV} at (0,2508) size 769x23
        RenderText {#text} at (0,0) size 144x23
          text run at (0,0) width 144: "\x{679C}\x{57CE}\x{7684}\x{7F8E}\x{8B7D}\x{3002}\x{4E2D}\x{56FD}\x{53E4}"
      RenderBlock {DIV} at (0,2530) size 769x19
        RenderText {#text} at (0,0) size 353x18
          text run at (0,0) width 353: "Font: STSongti-SC-Regular Weight: 500 Style: normal"
      RenderBlock {DIV} at (0,2548) size 769x23
        RenderText {#text} at (0,0) size 144x23
          text run at (0,0) width 144: "\x{679C}\x{57CE}\x{7684}\x{7F8E}\x{8B7D}\x{3002}\x{4E2D}\x{56FD}\x{53E4}"
      RenderBlock {DIV} at (0,2570) size 769x19
        RenderText {#text} at (0,0) size 353x18
          text run at (0,0) width 353: "Font: STSongti-SC-Regular Weight: 600 Style: normal"
      RenderBlock {DIV} at (0,2588) size 769x24
        RenderText {#text} at (0,0) size 144x23
          text run at (0,0) width 144: "\x{679C}\x{57CE}\x{7684}\x{7F8E}\x{8B7D}\x{3002}\x{4E2D}\x{56FD}\x{53E4}"
      RenderBlock {DIV} at (0,2611) size 769x19
        RenderText {#text} at (0,0) size 353x18
          text run at (0,0) width 353: "Font: STSongti-SC-Regular Weight: 700 Style: normal"
      RenderBlock {DIV} at (0,2629) size 769x23
        RenderText {#text} at (0,0) size 144x23
          text run at (0,0) width 144: "\x{679C}\x{57CE}\x{7684}\x{7F8E}\x{8B7D}\x{3002}\x{4E2D}\x{56FD}\x{53E4}"
      RenderBlock {DIV} at (0,2651) size 769x19
        RenderText {#text} at (0,0) size 353x18
          text run at (0,0) width 353: "Font: STSongti-SC-Regular Weight: 800 Style: normal"
      RenderBlock {DIV} at (0,2669) size 769x23
        RenderText {#text} at (0,0) size 144x23
          text run at (0,0) width 144: "\x{679C}\x{57CE}\x{7684}\x{7F8E}\x{8B7D}\x{3002}\x{4E2D}\x{56FD}\x{53E4}"
      RenderBlock {DIV} at (0,2691) size 769x19
        RenderText {#text} at (0,0) size 353x18
          text run at (0,0) width 353: "Font: STSongti-SC-Regular Weight: 900 Style: normal"
      RenderBlock {DIV} at (0,2709) size 769x24
        RenderText {#text} at (0,0) size 144x23
          text run at (0,0) width 144: "\x{679C}\x{57CE}\x{7684}\x{7F8E}\x{8B7D}\x{3002}\x{4E2D}\x{56FD}\x{53E4}"
      RenderBlock {DIV} at (0,2732) size 769x19
        RenderText {#text} at (0,0) size 337x18
          text run at (0,0) width 337: "Font: STSongti-SC-Light Weight: 100 Style: normal"
      RenderBlock {DIV} at (0,2750) size 769x23
        RenderText {#text} at (0,0) size 144x23
          text run at (0,0) width 144: "\x{679C}\x{57CE}\x{7684}\x{7F8E}\x{8B7D}\x{3002}\x{4E2D}\x{56FD}\x{53E4}"
      RenderBlock {DIV} at (0,2772) size 769x19
        RenderText {#text} at (0,0) size 337x18
          text run at (0,0) width 337: "Font: STSongti-SC-Light Weight: 200 Style: normal"
      RenderBlock {DIV} at (0,2790) size 769x24
        RenderText {#text} at (0,0) size 144x23
          text run at (0,0) width 144: "\x{679C}\x{57CE}\x{7684}\x{7F8E}\x{8B7D}\x{3002}\x{4E2D}\x{56FD}\x{53E4}"
      RenderBlock {DIV} at (0,2813) size 769x19
        RenderText {#text} at (0,0) size 337x18
          text run at (0,0) width 337: "Font: STSongti-SC-Light Weight: 300 Style: normal"
      RenderBlock {DIV} at (0,2831) size 769x23
        RenderText {#text} at (0,0) size 144x23
          text run at (0,0) width 144: "\x{679C}\x{57CE}\x{7684}\x{7F8E}\x{8B7D}\x{3002}\x{4E2D}\x{56FD}\x{53E4}"
      RenderBlock {DIV} at (0,2853) size 769x19
        RenderText {#text} at (0,0) size 337x18
          text run at (0,0) width 337: "Font: STSongti-SC-Light Weight: 400 Style: normal"
      RenderBlock {DIV} at (0,2871) size 769x23
        RenderText {#text} at (0,0) size 144x23
          text run at (0,0) width 144: "\x{679C}\x{57CE}\x{7684}\x{7F8E}\x{8B7D}\x{3002}\x{4E2D}\x{56FD}\x{53E4}"
      RenderBlock {DIV} at (0,2893) size 769x19
        RenderText {#text} at (0,0) size 337x18
          text run at (0,0) width 337: "Font: STSongti-SC-Light Weight: 500 Style: normal"
      RenderBlock {DIV} at (0,2911) size 769x24
        RenderText {#text} at (0,0) size 144x23
          text run at (0,0) width 144: "\x{679C}\x{57CE}\x{7684}\x{7F8E}\x{8B7D}\x{3002}\x{4E2D}\x{56FD}\x{53E4}"
      RenderBlock {DIV} at (0,2934) size 769x19
        RenderText {#text} at (0,0) size 337x18
          text run at (0,0) width 337: "Font: STSongti-SC-Light Weight: 600 Style: normal"
      RenderBlock {DIV} at (0,2952) size 769x23
        RenderText {#text} at (0,0) size 144x23
          text run at (0,0) width 144: "\x{679C}\x{57CE}\x{7684}\x{7F8E}\x{8B7D}\x{3002}\x{4E2D}\x{56FD}\x{53E4}"
      RenderBlock {DIV} at (0,2974) size 769x19
        RenderText {#text} at (0,0) size 337x18
          text run at (0,0) width 337: "Font: STSongti-SC-Light Weight: 700 Style: normal"
      RenderBlock {DIV} at (0,2992) size 769x24
        RenderText {#text} at (0,0) size 144x23
          text run at (0,0) width 144: "\x{679C}\x{57CE}\x{7684}\x{7F8E}\x{8B7D}\x{3002}\x{4E2D}\x{56FD}\x{53E4}"
      RenderBlock {DIV} at (0,3015) size 769x19
        RenderText {#text} at (0,0) size 337x18
          text run at (0,0) width 337: "Font: STSongti-SC-Light Weight: 800 Style: normal"
      RenderBlock {DIV} at (0,3033) size 769x23
        RenderText {#text} at (0,0) size 144x23
          text run at (0,0) width 144: "\x{679C}\x{57CE}\x{7684}\x{7F8E}\x{8B7D}\x{3002}\x{4E2D}\x{56FD}\x{53E4}"
      RenderBlock {DIV} at (0,3055) size 769x19
        RenderText {#text} at (0,0) size 337x18
          text run at (0,0) width 337: "Font: STSongti-SC-Light Weight: 900 Style: normal"
      RenderBlock {DIV} at (0,3073) size 769x23
        RenderText {#text} at (0,0) size 144x23
          text run at (0,0) width 144: "\x{679C}\x{57CE}\x{7684}\x{7F8E}\x{8B7D}\x{3002}\x{4E2D}\x{56FD}\x{53E4}"
      RenderBlock {DIV} at (0,3095) size 769x19
        RenderText {#text} at (0,0) size 333x18
          text run at (0,0) width 333: "Font: STSongti-SC-Bold Weight: 100 Style: normal"
      RenderBlock {DIV} at (0,3113) size 769x24
        RenderText {#text} at (0,0) size 144x23
          text run at (0,0) width 144: "\x{679C}\x{57CE}\x{7684}\x{7F8E}\x{8B7D}\x{3002}\x{4E2D}\x{56FD}\x{53E4}"
      RenderBlock {DIV} at (0,3136) size 769x19
        RenderText {#text} at (0,0) size 333x18
          text run at (0,0) width 333: "Font: STSongti-SC-Bold Weight: 200 Style: normal"
      RenderBlock {DIV} at (0,3154) size 769x23
        RenderText {#text} at (0,0) size 144x23
          text run at (0,0) width 144: "\x{679C}\x{57CE}\x{7684}\x{7F8E}\x{8B7D}\x{3002}\x{4E2D}\x{56FD}\x{53E4}"
      RenderBlock {DIV} at (0,3176) size 769x19
        RenderText {#text} at (0,0) size 333x18
          text run at (0,0) width 333: "Font: STSongti-SC-Bold Weight: 300 Style: normal"
      RenderBlock {DIV} at (0,3194) size 769x24
        RenderText {#text} at (0,0) size 144x23
          text run at (0,0) width 144: "\x{679C}\x{57CE}\x{7684}\x{7F8E}\x{8B7D}\x{3002}\x{4E2D}\x{56FD}\x{53E4}"
      RenderBlock {DIV} at (0,3217) size 769x19
        RenderText {#text} at (0,0) size 333x18
          text run at (0,0) width 333: "Font: STSongti-SC-Bold Weight: 400 Style: normal"
      RenderBlock {DIV} at (0,3235) size 769x23
        RenderText {#text} at (0,0) size 144x23
          text run at (0,0) width 144: "\x{679C}\x{57CE}\x{7684}\x{7F8E}\x{8B7D}\x{3002}\x{4E2D}\x{56FD}\x{53E4}"
      RenderBlock {DIV} at (0,3257) size 769x19
        RenderText {#text} at (0,0) size 333x18
          text run at (0,0) width 333: "Font: STSongti-SC-Bold Weight: 500 Style: normal"
      RenderBlock {DIV} at (0,3275) size 769x23
        RenderText {#text} at (0,0) size 144x23
          text run at (0,0) width 144: "\x{679C}\x{57CE}\x{7684}\x{7F8E}\x{8B7D}\x{3002}\x{4E2D}\x{56FD}\x{53E4}"
      RenderBlock {DIV} at (0,3297) size 769x19
        RenderText {#text} at (0,0) size 333x18
          text run at (0,0) width 333: "Font: STSongti-SC-Bold Weight: 600 Style: normal"
      RenderBlock {DIV} at (0,3315) size 769x24
        RenderText {#text} at (0,0) size 144x23
          text run at (0,0) width 144: "\x{679C}\x{57CE}\x{7684}\x{7F8E}\x{8B7D}\x{3002}\x{4E2D}\x{56FD}\x{53E4}"
      RenderBlock {DIV} at (0,3338) size 769x19
        RenderText {#text} at (0,0) size 333x18
          text run at (0,0) width 333: "Font: STSongti-SC-Bold Weight: 700 Style: normal"
      RenderBlock {DIV} at (0,3356) size 769x23
        RenderText {#text} at (0,0) size 144x23
          text run at (0,0) width 144: "\x{679C}\x{57CE}\x{7684}\x{7F8E}\x{8B7D}\x{3002}\x{4E2D}\x{56FD}\x{53E4}"
      RenderBlock {DIV} at (0,3378) size 769x19
        RenderText {#text} at (0,0) size 333x18
          text run at (0,0) width 333: "Font: STSongti-SC-Bold Weight: 800 Style: normal"
      RenderBlock {DIV} at (0,3396) size 769x23
        RenderText {#text} at (0,0) size 144x23
          text run at (0,0) width 144: "\x{679C}\x{57CE}\x{7684}\x{7F8E}\x{8B7D}\x{3002}\x{4E2D}\x{56FD}\x{53E4}"
      RenderBlock {DIV} at (0,3418) size 769x19
        RenderText {#text} at (0,0) size 333x18
          text run at (0,0) width 333: "Font: STSongti-SC-Bold Weight: 900 Style: normal"
      RenderBlock {DIV} at (0,3436) size 769x24
        RenderText {#text} at (0,0) size 144x23
          text run at (0,0) width 144: "\x{679C}\x{57CE}\x{7684}\x{7F8E}\x{8B7D}\x{3002}\x{4E2D}\x{56FD}\x{53E4}"
      RenderBlock {DIV} at (0,3459) size 769x19
        RenderText {#text} at (0,0) size 339x18
          text run at (0,0) width 339: "Font: STSongti-SC-Black Weight: 100 Style: normal"
      RenderBlock {DIV} at (0,3477) size 769x23
        RenderText {#text} at (0,0) size 144x23
          text run at (0,0) width 144: "\x{679C}\x{57CE}\x{7684}\x{7F8E}\x{8B7D}\x{3002}\x{4E2D}\x{56FD}\x{53E4}"
      RenderBlock {DIV} at (0,3499) size 769x19
        RenderText {#text} at (0,0) size 339x18
          text run at (0,0) width 339: "Font: STSongti-SC-Black Weight: 200 Style: normal"
      RenderBlock {DIV} at (0,3517) size 769x24
        RenderText {#text} at (0,0) size 144x23
          text run at (0,0) width 144: "\x{679C}\x{57CE}\x{7684}\x{7F8E}\x{8B7D}\x{3002}\x{4E2D}\x{56FD}\x{53E4}"
      RenderBlock {DIV} at (0,3540) size 769x19
        RenderText {#text} at (0,0) size 339x18
          text run at (0,0) width 339: "Font: STSongti-SC-Black Weight: 300 Style: normal"
      RenderBlock {DIV} at (0,3558) size 769x23
        RenderText {#text} at (0,0) size 144x23
          text run at (0,0) width 144: "\x{679C}\x{57CE}\x{7684}\x{7F8E}\x{8B7D}\x{3002}\x{4E2D}\x{56FD}\x{53E4}"
      RenderBlock {DIV} at (0,3580) size 769x19
        RenderText {#text} at (0,0) size 339x18
          text run at (0,0) width 339: "Font: STSongti-SC-Black Weight: 400 Style: normal"
      RenderBlock {DIV} at (0,3598) size 769x23
        RenderText {#text} at (0,0) size 144x23
          text run at (0,0) width 144: "\x{679C}\x{57CE}\x{7684}\x{7F8E}\x{8B7D}\x{3002}\x{4E2D}\x{56FD}\x{53E4}"
      RenderBlock {DIV} at (0,3620) size 769x19
        RenderText {#text} at (0,0) size 339x18
          text run at (0,0) width 339: "Font: STSongti-SC-Black Weight: 500 Style: normal"
      RenderBlock {DIV} at (0,3638) size 769x24
        RenderText {#text} at (0,0) size 144x23
          text run at (0,0) width 144: "\x{679C}\x{57CE}\x{7684}\x{7F8E}\x{8B7D}\x{3002}\x{4E2D}\x{56FD}\x{53E4}"
      RenderBlock {DIV} at (0,3661) size 769x19
        RenderText {#text} at (0,0) size 339x18
          text run at (0,0) width 339: "Font: STSongti-SC-Black Weight: 600 Style: normal"
      RenderBlock {DIV} at (0,3679) size 769x23
        RenderText {#text} at (0,0) size 144x23
          text run at (0,0) width 144: "\x{679C}\x{57CE}\x{7684}\x{7F8E}\x{8B7D}\x{3002}\x{4E2D}\x{56FD}\x{53E4}"
      RenderBlock {DIV} at (0,3701) size 769x19
        RenderText {#text} at (0,0) size 339x18
          text run at (0,0) width 339: "Font: STSongti-SC-Black Weight: 700 Style: normal"
      RenderBlock {DIV} at (0,3719) size 769x24
        RenderText {#text} at (0,0) size 144x23
          text run at (0,0) width 144: "\x{679C}\x{57CE}\x{7684}\x{7F8E}\x{8B7D}\x{3002}\x{4E2D}\x{56FD}\x{53E4}"
      RenderBlock {DIV} at (0,3742) size 769x19
        RenderText {#text} at (0,0) size 339x18
          text run at (0,0) width 339: "Font: STSongti-SC-Black Weight: 800 Style: normal"
      RenderBlock {DIV} at (0,3760) size 769x23
        RenderText {#text} at (0,0) size 144x23
          text run at (0,0) width 144: "\x{679C}\x{57CE}\x{7684}\x{7F8E}\x{8B7D}\x{3002}\x{4E2D}\x{56FD}\x{53E4}"
      RenderBlock {DIV} at (0,3782) size 769x19
        RenderText {#text} at (0,0) size 339x18
          text run at (0,0) width 339: "Font: STSongti-SC-Black Weight: 900 Style: normal"
      RenderBlock {DIV} at (0,3800) size 769x23
        RenderText {#text} at (0,0) size 144x23
          text run at (0,0) width 144: "\x{679C}\x{57CE}\x{7684}\x{7F8E}\x{8B7D}\x{3002}\x{4E2D}\x{56FD}\x{53E4}"
      RenderBlock {DIV} at (0,3822) size 769x19
        RenderText {#text} at (0,0) size 263x18
          text run at (0,0) width 263: "Font: Songti SC Weight: 100 Style: italic"
      RenderBlock {DIV} at (0,3840) size 769x24
        RenderText {#text} at (0,0) size 144x23
          text run at (0,0) width 144: "\x{679C}\x{57CE}\x{7684}\x{7F8E}\x{8B7D}\x{3002}\x{4E2D}\x{56FD}\x{53E4}"
      RenderBlock {DIV} at (0,3863) size 769x19
        RenderText {#text} at (0,0) size 263x18
          text run at (0,0) width 263: "Font: Songti SC Weight: 200 Style: italic"
      RenderBlock {DIV} at (0,3881) size 769x23
        RenderText {#text} at (0,0) size 144x23
          text run at (0,0) width 144: "\x{679C}\x{57CE}\x{7684}\x{7F8E}\x{8B7D}\x{3002}\x{4E2D}\x{56FD}\x{53E4}"
      RenderBlock {DIV} at (0,3903) size 769x19
        RenderText {#text} at (0,0) size 263x18
          text run at (0,0) width 263: "Font: Songti SC Weight: 300 Style: italic"
      RenderBlock {DIV} at (0,3921) size 769x24
        RenderText {#text} at (0,0) size 144x23
          text run at (0,0) width 144: "\x{679C}\x{57CE}\x{7684}\x{7F8E}\x{8B7D}\x{3002}\x{4E2D}\x{56FD}\x{53E4}"
      RenderBlock {DIV} at (0,3944) size 769x19
        RenderText {#text} at (0,0) size 263x18
          text run at (0,0) width 263: "Font: Songti SC Weight: 400 Style: italic"
      RenderBlock {DIV} at (0,3962) size 769x23
        RenderText {#text} at (0,0) size 144x23
          text run at (0,0) width 144: "\x{679C}\x{57CE}\x{7684}\x{7F8E}\x{8B7D}\x{3002}\x{4E2D}\x{56FD}\x{53E4}"
      RenderBlock {DIV} at (0,3984) size 769x19
        RenderText {#text} at (0,0) size 263x18
          text run at (0,0) width 263: "Font: Songti SC Weight: 500 Style: italic"
      RenderBlock {DIV} at (0,4002) size 769x23
        RenderText {#text} at (0,0) size 144x23
          text run at (0,0) width 144: "\x{679C}\x{57CE}\x{7684}\x{7F8E}\x{8B7D}\x{3002}\x{4E2D}\x{56FD}\x{53E4}"
      RenderBlock {DIV} at (0,4024) size 769x19
        RenderText {#text} at (0,0) size 263x18
          text run at (0,0) width 263: "Font: Songti SC Weight: 600 Style: italic"
      RenderBlock {DIV} at (0,4042) size 769x24
        RenderText {#text} at (0,0) size 144x23
          text run at (0,0) width 144: "\x{679C}\x{57CE}\x{7684}\x{7F8E}\x{8B7D}\x{3002}\x{4E2D}\x{56FD}\x{53E4}"
      RenderBlock {DIV} at (0,4065) size 769x19
        RenderText {#text} at (0,0) size 263x18
          text run at (0,0) width 263: "Font: Songti SC Weight: 700 Style: italic"
      RenderBlock {DIV} at (0,4083) size 769x23
        RenderText {#text} at (0,0) size 144x23
          text run at (0,0) width 144: "\x{679C}\x{57CE}\x{7684}\x{7F8E}\x{8B7D}\x{3002}\x{4E2D}\x{56FD}\x{53E4}"
      RenderBlock {DIV} at (0,4105) size 769x19
        RenderText {#text} at (0,0) size 263x18
          text run at (0,0) width 263: "Font: Songti SC Weight: 800 Style: italic"
      RenderBlock {DIV} at (0,4123) size 769x24
        RenderText {#text} at (0,0) size 144x23
          text run at (0,0) width 144: "\x{679C}\x{57CE}\x{7684}\x{7F8E}\x{8B7D}\x{3002}\x{4E2D}\x{56FD}\x{53E4}"
      RenderBlock {DIV} at (0,4146) size 769x19
        RenderText {#text} at (0,0) size 263x18
          text run at (0,0) width 263: "Font: Songti SC Weight: 900 Style: italic"
      RenderBlock {DIV} at (0,4164) size 769x23
        RenderText {#text} at (0,0) size 144x23
          text run at (0,0) width 144: "\x{679C}\x{57CE}\x{7684}\x{7F8E}\x{8B7D}\x{3002}\x{4E2D}\x{56FD}\x{53E4}"
      RenderBlock {DIV} at (0,4186) size 769x19
        RenderText {#text} at (0,0) size 339x18
          text run at (0,0) width 339: "Font: STSongti-SC-Regular Weight: 100 Style: italic"
      RenderBlock {DIV} at (0,4204) size 769x23
        RenderText {#text} at (0,0) size 144x23
          text run at (0,0) width 144: "\x{679C}\x{57CE}\x{7684}\x{7F8E}\x{8B7D}\x{3002}\x{4E2D}\x{56FD}\x{53E4}"
      RenderBlock {DIV} at (0,4226) size 769x19
        RenderText {#text} at (0,0) size 339x18
          text run at (0,0) width 339: "Font: STSongti-SC-Regular Weight: 200 Style: italic"
      RenderBlock {DIV} at (0,4244) size 769x24
        RenderText {#text} at (0,0) size 144x23
          text run at (0,0) width 144: "\x{679C}\x{57CE}\x{7684}\x{7F8E}\x{8B7D}\x{3002}\x{4E2D}\x{56FD}\x{53E4}"
      RenderBlock {DIV} at (0,4267) size 769x19
        RenderText {#text} at (0,0) size 339x18
          text run at (0,0) width 339: "Font: STSongti-SC-Regular Weight: 300 Style: italic"
      RenderBlock {DIV} at (0,4285) size 769x23
        RenderText {#text} at (0,0) size 144x23
          text run at (0,0) width 144: "\x{679C}\x{57CE}\x{7684}\x{7F8E}\x{8B7D}\x{3002}\x{4E2D}\x{56FD}\x{53E4}"
      RenderBlock {DIV} at (0,4307) size 769x19
        RenderText {#text} at (0,0) size 339x18
          text run at (0,0) width 339: "Font: STSongti-SC-Regular Weight: 400 Style: italic"
      RenderBlock {DIV} at (0,4325) size 769x23
        RenderText {#text} at (0,0) size 144x23
          text run at (0,0) width 144: "\x{679C}\x{57CE}\x{7684}\x{7F8E}\x{8B7D}\x{3002}\x{4E2D}\x{56FD}\x{53E4}"
      RenderBlock {DIV} at (0,4347) size 769x19
        RenderText {#text} at (0,0) size 339x18
          text run at (0,0) width 339: "Font: STSongti-SC-Regular Weight: 500 Style: italic"
      RenderBlock {DIV} at (0,4365) size 769x24
        RenderText {#text} at (0,0) size 144x23
          text run at (0,0) width 144: "\x{679C}\x{57CE}\x{7684}\x{7F8E}\x{8B7D}\x{3002}\x{4E2D}\x{56FD}\x{53E4}"
      RenderBlock {DIV} at (0,4388) size 769x19
        RenderText {#text} at (0,0) size 339x18
          text run at (0,0) width 339: "Font: STSongti-SC-Regular Weight: 600 Style: italic"
      RenderBlock {DIV} at (0,4406) size 769x23
        RenderText {#text} at (0,0) size 144x23
          text run at (0,0) width 144: "\x{679C}\x{57CE}\x{7684}\x{7F8E}\x{8B7D}\x{3002}\x{4E2D}\x{56FD}\x{53E4}"
      RenderBlock {DIV} at (0,4428) size 769x19
        RenderText {#text} at (0,0) size 339x18
          text run at (0,0) width 339: "Font: STSongti-SC-Regular Weight: 700 Style: italic"
      RenderBlock {DIV} at (0,4446) size 769x24
        RenderText {#text} at (0,0) size 144x23
          text run at (0,0) width 144: "\x{679C}\x{57CE}\x{7684}\x{7F8E}\x{8B7D}\x{3002}\x{4E2D}\x{56FD}\x{53E4}"
      RenderBlock {DIV} at (0,4469) size 769x19
        RenderText {#text} at (0,0) size 339x18
          text run at (0,0) width 339: "Font: STSongti-SC-Regular Weight: 800 Style: italic"
      RenderBlock {DIV} at (0,4487) size 769x23
        RenderText {#text} at (0,0) size 144x23
          text run at (0,0) width 144: "\x{679C}\x{57CE}\x{7684}\x{7F8E}\x{8B7D}\x{3002}\x{4E2D}\x{56FD}\x{53E4}"
      RenderBlock {DIV} at (0,4509) size 769x19
        RenderText {#text} at (0,0) size 339x18
          text run at (0,0) width 339: "Font: STSongti-SC-Regular Weight: 900 Style: italic"
      RenderBlock {DIV} at (0,4527) size 769x23
        RenderText {#text} at (0,0) size 144x23
          text run at (0,0) width 144: "\x{679C}\x{57CE}\x{7684}\x{7F8E}\x{8B7D}\x{3002}\x{4E2D}\x{56FD}\x{53E4}"
      RenderBlock {DIV} at (0,4549) size 769x19
        RenderText {#text} at (0,0) size 323x18
          text run at (0,0) width 323: "Font: STSongti-SC-Light Weight: 100 Style: italic"
      RenderBlock {DIV} at (0,4567) size 769x24
        RenderText {#text} at (0,0) size 144x23
          text run at (0,0) width 144: "\x{679C}\x{57CE}\x{7684}\x{7F8E}\x{8B7D}\x{3002}\x{4E2D}\x{56FD}\x{53E4}"
      RenderBlock {DIV} at (0,4590) size 769x19
        RenderText {#text} at (0,0) size 323x18
          text run at (0,0) width 323: "Font: STSongti-SC-Light Weight: 200 Style: italic"
      RenderBlock {DIV} at (0,4608) size 769x23
        RenderText {#text} at (0,0) size 144x23
          text run at (0,0) width 144: "\x{679C}\x{57CE}\x{7684}\x{7F8E}\x{8B7D}\x{3002}\x{4E2D}\x{56FD}\x{53E4}"
      RenderBlock {DIV} at (0,4630) size 769x19
        RenderText {#text} at (0,0) size 323x18
          text run at (0,0) width 323: "Font: STSongti-SC-Light Weight: 300 Style: italic"
      RenderBlock {DIV} at (0,4648) size 769x24
        RenderText {#text} at (0,0) size 144x23
          text run at (0,0) width 144: "\x{679C}\x{57CE}\x{7684}\x{7F8E}\x{8B7D}\x{3002}\x{4E2D}\x{56FD}\x{53E4}"
      RenderBlock {DIV} at (0,4671) size 769x19
        RenderText {#text} at (0,0) size 323x18
          text run at (0,0) width 323: "Font: STSongti-SC-Light Weight: 400 Style: italic"
      RenderBlock {DIV} at (0,4689) size 769x23
        RenderText {#text} at (0,0) size 144x23
          text run at (0,0) width 144: "\x{679C}\x{57CE}\x{7684}\x{7F8E}\x{8B7D}\x{3002}\x{4E2D}\x{56FD}\x{53E4}"
      RenderBlock {DIV} at (0,4711) size 769x19
        RenderText {#text} at (0,0) size 323x18
          text run at (0,0) width 323: "Font: STSongti-SC-Light Weight: 500 Style: italic"
      RenderBlock {DIV} at (0,4729) size 769x23
        RenderText {#text} at (0,0) size 144x23
          text run at (0,0) width 144: "\x{679C}\x{57CE}\x{7684}\x{7F8E}\x{8B7D}\x{3002}\x{4E2D}\x{56FD}\x{53E4}"
      RenderBlock {DIV} at (0,4751) size 769x19
        RenderText {#text} at (0,0) size 323x18
          text run at (0,0) width 323: "Font: STSongti-SC-Light Weight: 600 Style: italic"
      RenderBlock {DIV} at (0,4769) size 769x24
        RenderText {#text} at (0,0) size 144x23
          text run at (0,0) width 144: "\x{679C}\x{57CE}\x{7684}\x{7F8E}\x{8B7D}\x{3002}\x{4E2D}\x{56FD}\x{53E4}"
      RenderBlock {DIV} at (0,4792) size 769x19
        RenderText {#text} at (0,0) size 323x18
          text run at (0,0) width 323: "Font: STSongti-SC-Light Weight: 700 Style: italic"
      RenderBlock {DIV} at (0,4810) size 769x23
        RenderText {#text} at (0,0) size 144x23
          text run at (0,0) width 144: "\x{679C}\x{57CE}\x{7684}\x{7F8E}\x{8B7D}\x{3002}\x{4E2D}\x{56FD}\x{53E4}"
      RenderBlock {DIV} at (0,4832) size 769x19
        RenderText {#text} at (0,0) size 323x18
          text run at (0,0) width 323: "Font: STSongti-SC-Light Weight: 800 Style: italic"
      RenderBlock {DIV} at (0,4850) size 769x24
        RenderText {#text} at (0,0) size 144x23
          text run at (0,0) width 144: "\x{679C}\x{57CE}\x{7684}\x{7F8E}\x{8B7D}\x{3002}\x{4E2D}\x{56FD}\x{53E4}"
      RenderBlock {DIV} at (0,4873) size 769x19
        RenderText {#text} at (0,0) size 323x18
          text run at (0,0) width 323: "Font: STSongti-SC-Light Weight: 900 Style: italic"
      RenderBlock {DIV} at (0,4891) size 769x23
        RenderText {#text} at (0,0) size 144x23
          text run at (0,0) width 144: "\x{679C}\x{57CE}\x{7684}\x{7F8E}\x{8B7D}\x{3002}\x{4E2D}\x{56FD}\x{53E4}"
      RenderBlock {DIV} at (0,4913) size 769x19
        RenderText {#text} at (0,0) size 320x18
          text run at (0,0) width 320: "Font: STSongti-SC-Bold Weight: 100 Style: italic"
      RenderBlock {DIV} at (0,4931) size 769x23
        RenderText {#text} at (0,0) size 144x23
          text run at (0,0) width 144: "\x{679C}\x{57CE}\x{7684}\x{7F8E}\x{8B7D}\x{3002}\x{4E2D}\x{56FD}\x{53E4}"
      RenderBlock {DIV} at (0,4953) size 769x19
        RenderText {#text} at (0,0) size 320x18
          text run at (0,0) width 320: "Font: STSongti-SC-Bold Weight: 200 Style: italic"
      RenderBlock {DIV} at (0,4971) size 769x24
        RenderText {#text} at (0,0) size 144x23
          text run at (0,0) width 144: "\x{679C}\x{57CE}\x{7684}\x{7F8E}\x{8B7D}\x{3002}\x{4E2D}\x{56FD}\x{53E4}"
      RenderBlock {DIV} at (0,4994) size 769x19
        RenderText {#text} at (0,0) size 320x18
          text run at (0,0) width 320: "Font: STSongti-SC-Bold Weight: 300 Style: italic"
      RenderBlock {DIV} at (0,5012) size 769x23
        RenderText {#text} at (0,0) size 144x23
          text run at (0,0) width 144: "\x{679C}\x{57CE}\x{7684}\x{7F8E}\x{8B7D}\x{3002}\x{4E2D}\x{56FD}\x{53E4}"
      RenderBlock {DIV} at (0,5034) size 769x19
        RenderText {#text} at (0,0) size 320x18
          text run at (0,0) width 320: "Font: STSongti-SC-Bold Weight: 400 Style: italic"
      RenderBlock {DIV} at (0,5052) size 769x23
        RenderText {#text} at (0,0) size 144x23
          text run at (0,0) width 144: "\x{679C}\x{57CE}\x{7684}\x{7F8E}\x{8B7D}\x{3002}\x{4E2D}\x{56FD}\x{53E4}"
      RenderBlock {DIV} at (0,5075) size 769x18
        RenderText {#text} at (0,0) size 320x18
          text run at (0,0) width 320: "Font: STSongti-SC-Bold Weight: 500 Style: italic"
      RenderBlock {DIV} at (0,5093) size 769x23
        RenderText {#text} at (0,0) size 144x23
          text run at (0,0) width 144: "\x{679C}\x{57CE}\x{7684}\x{7F8E}\x{8B7D}\x{3002}\x{4E2D}\x{56FD}\x{53E4}"
      RenderBlock {DIV} at (0,5115) size 769x19
        RenderText {#text} at (0,0) size 320x18
          text run at (0,0) width 320: "Font: STSongti-SC-Bold Weight: 600 Style: italic"
      RenderBlock {DIV} at (0,5133) size 769x23
        RenderText {#text} at (0,0) size 144x23
          text run at (0,0) width 144: "\x{679C}\x{57CE}\x{7684}\x{7F8E}\x{8B7D}\x{3002}\x{4E2D}\x{56FD}\x{53E4}"
      RenderBlock {DIV} at (0,5155) size 769x19
        RenderText {#text} at (0,0) size 320x18
          text run at (0,0) width 320: "Font: STSongti-SC-Bold Weight: 700 Style: italic"
      RenderBlock {DIV} at (0,5173) size 769x24
        RenderText {#text} at (0,0) size 144x23
          text run at (0,0) width 144: "\x{679C}\x{57CE}\x{7684}\x{7F8E}\x{8B7D}\x{3002}\x{4E2D}\x{56FD}\x{53E4}"
      RenderBlock {DIV} at (0,5196) size 769x19
        RenderText {#text} at (0,0) size 320x18
          text run at (0,0) width 320: "Font: STSongti-SC-Bold Weight: 800 Style: italic"
      RenderBlock {DIV} at (0,5214) size 769x23
        RenderText {#text} at (0,0) size 144x23
          text run at (0,0) width 144: "\x{679C}\x{57CE}\x{7684}\x{7F8E}\x{8B7D}\x{3002}\x{4E2D}\x{56FD}\x{53E4}"
      RenderBlock {DIV} at (0,5236) size 769x19
        RenderText {#text} at (0,0) size 320x18
          text run at (0,0) width 320: "Font: STSongti-SC-Bold Weight: 900 Style: italic"
      RenderBlock {DIV} at (0,5254) size 769x23
        RenderText {#text} at (0,0) size 144x23
          text run at (0,0) width 144: "\x{679C}\x{57CE}\x{7684}\x{7F8E}\x{8B7D}\x{3002}\x{4E2D}\x{56FD}\x{53E4}"
      RenderBlock {DIV} at (0,5276) size 769x19
        RenderText {#text} at (0,0) size 326x18
          text run at (0,0) width 326: "Font: STSongti-SC-Black Weight: 100 Style: italic"
      RenderBlock {DIV} at (0,5294) size 769x24
        RenderText {#text} at (0,0) size 144x23
          text run at (0,0) width 144: "\x{679C}\x{57CE}\x{7684}\x{7F8E}\x{8B7D}\x{3002}\x{4E2D}\x{56FD}\x{53E4}"
      RenderBlock {DIV} at (0,5317) size 769x19
        RenderText {#text} at (0,0) size 326x18
          text run at (0,0) width 326: "Font: STSongti-SC-Black Weight: 200 Style: italic"
      RenderBlock {DIV} at (0,5335) size 769x23
        RenderText {#text} at (0,0) size 144x23
          text run at (0,0) width 144: "\x{679C}\x{57CE}\x{7684}\x{7F8E}\x{8B7D}\x{3002}\x{4E2D}\x{56FD}\x{53E4}"
      RenderBlock {DIV} at (0,5357) size 769x19
        RenderText {#text} at (0,0) size 326x18
          text run at (0,0) width 326: "Font: STSongti-SC-Black Weight: 300 Style: italic"
      RenderBlock {DIV} at (0,5375) size 769x24
        RenderText {#text} at (0,0) size 144x23
          text run at (0,0) width 144: "\x{679C}\x{57CE}\x{7684}\x{7F8E}\x{8B7D}\x{3002}\x{4E2D}\x{56FD}\x{53E4}"
      RenderBlock {DIV} at (0,5398) size 769x19
        RenderText {#text} at (0,0) size 326x18
          text run at (0,0) width 326: "Font: STSongti-SC-Black Weight: 400 Style: italic"
      RenderBlock {DIV} at (0,5416) size 769x23
        RenderText {#text} at (0,0) size 144x23
          text run at (0,0) width 144: "\x{679C}\x{57CE}\x{7684}\x{7F8E}\x{8B7D}\x{3002}\x{4E2D}\x{56FD}\x{53E4}"
      RenderBlock {DIV} at (0,5438) size 769x19
        RenderText {#text} at (0,0) size 326x18
          text run at (0,0) width 326: "Font: STSongti-SC-Black Weight: 500 Style: italic"
      RenderBlock {DIV} at (0,5456) size 769x23
        RenderText {#text} at (0,0) size 144x23
          text run at (0,0) width 144: "\x{679C}\x{57CE}\x{7684}\x{7F8E}\x{8B7D}\x{3002}\x{4E2D}\x{56FD}\x{53E4}"
      RenderBlock {DIV} at (0,5478) size 769x19
        RenderText {#text} at (0,0) size 326x18
          text run at (0,0) width 326: "Font: STSongti-SC-Black Weight: 600 Style: italic"
      RenderBlock {DIV} at (0,5496) size 769x24
        RenderText {#text} at (0,0) size 144x23
          text run at (0,0) width 144: "\x{679C}\x{57CE}\x{7684}\x{7F8E}\x{8B7D}\x{3002}\x{4E2D}\x{56FD}\x{53E4}"
      RenderBlock {DIV} at (0,5519) size 769x19
        RenderText {#text} at (0,0) size 326x18
          text run at (0,0) width 326: "Font: STSongti-SC-Black Weight: 700 Style: italic"
      RenderBlock {DIV} at (0,5537) size 769x23
        RenderText {#text} at (0,0) size 144x23
          text run at (0,0) width 144: "\x{679C}\x{57CE}\x{7684}\x{7F8E}\x{8B7D}\x{3002}\x{4E2D}\x{56FD}\x{53E4}"
      RenderBlock {DIV} at (0,5559) size 769x19
        RenderText {#text} at (0,0) size 326x18
          text run at (0,0) width 326: "Font: STSongti-SC-Black Weight: 800 Style: italic"
      RenderBlock {DIV} at (0,5577) size 769x24
        RenderText {#text} at (0,0) size 144x23
          text run at (0,0) width 144: "\x{679C}\x{57CE}\x{7684}\x{7F8E}\x{8B7D}\x{3002}\x{4E2D}\x{56FD}\x{53E4}"
      RenderBlock {DIV} at (0,5600) size 769x19
        RenderText {#text} at (0,0) size 326x18
          text run at (0,0) width 326: "Font: STSongti-SC-Black Weight: 900 Style: italic"
      RenderBlock {DIV} at (0,5618) size 769x23
        RenderText {#text} at (0,0) size 144x23
          text run at (0,0) width 144: "\x{679C}\x{57CE}\x{7684}\x{7F8E}\x{8B7D}\x{3002}\x{4E2D}\x{56FD}\x{53E4}"
      RenderBlock {DIV} at (0,5640) size 769x19
        RenderText {#text} at (0,0) size 392x18
          text run at (0,0) width 392: "Font: Hiragino Kaku Gothic ProN Weight: 100 Style: normal"
      RenderBlock {DIV} at (0,5658) size 769x25
        RenderText {#text} at (0,3) size 144x18
          text run at (0,3) width 144: "\x{679C}\x{57CE}\x{7684}\x{7F8E}\x{8B7D}\x{3002}\x{4E2D}\x{56FD}\x{53E4}"
      RenderBlock {DIV} at (0,5682) size 769x19
        RenderText {#text} at (0,0) size 392x18
          text run at (0,0) width 392: "Font: Hiragino Kaku Gothic ProN Weight: 200 Style: normal"
      RenderBlock {DIV} at (0,5700) size 769x25
        RenderText {#text} at (0,3) size 144x18
          text run at (0,3) width 144: "\x{679C}\x{57CE}\x{7684}\x{7F8E}\x{8B7D}\x{3002}\x{4E2D}\x{56FD}\x{53E4}"
      RenderBlock {DIV} at (0,5724) size 769x19
        RenderText {#text} at (0,0) size 392x18
          text run at (0,0) width 392: "Font: Hiragino Kaku Gothic ProN Weight: 300 Style: normal"
      RenderBlock {DIV} at (0,5742) size 769x25
        RenderText {#text} at (0,3) size 144x18
          text run at (0,3) width 144: "\x{679C}\x{57CE}\x{7684}\x{7F8E}\x{8B7D}\x{3002}\x{4E2D}\x{56FD}\x{53E4}"
      RenderBlock {DIV} at (0,5766) size 769x19
        RenderText {#text} at (0,0) size 392x18
          text run at (0,0) width 392: "Font: Hiragino Kaku Gothic ProN Weight: 400 Style: normal"
      RenderBlock {DIV} at (0,5784) size 769x25
        RenderText {#text} at (0,3) size 144x18
          text run at (0,3) width 144: "\x{679C}\x{57CE}\x{7684}\x{7F8E}\x{8B7D}\x{3002}\x{4E2D}\x{56FD}\x{53E4}"
      RenderBlock {DIV} at (0,5808) size 769x19
        RenderText {#text} at (0,0) size 392x18
          text run at (0,0) width 392: "Font: Hiragino Kaku Gothic ProN Weight: 500 Style: normal"
      RenderBlock {DIV} at (0,5826) size 769x25
        RenderText {#text} at (0,3) size 144x18
          text run at (0,3) width 144: "\x{679C}\x{57CE}\x{7684}\x{7F8E}\x{8B7D}\x{3002}\x{4E2D}\x{56FD}\x{53E4}"
      RenderBlock {DIV} at (0,5850) size 769x19
        RenderText {#text} at (0,0) size 392x18
          text run at (0,0) width 392: "Font: Hiragino Kaku Gothic ProN Weight: 600 Style: normal"
      RenderBlock {DIV} at (0,5868) size 769x25
        RenderText {#text} at (0,3) size 144x18
          text run at (0,3) width 144: "\x{679C}\x{57CE}\x{7684}\x{7F8E}\x{8B7D}\x{3002}\x{4E2D}\x{56FD}\x{53E4}"
      RenderBlock {DIV} at (0,5892) size 769x19
        RenderText {#text} at (0,0) size 392x18
          text run at (0,0) width 392: "Font: Hiragino Kaku Gothic ProN Weight: 700 Style: normal"
      RenderBlock {DIV} at (0,5910) size 769x25
        RenderText {#text} at (0,3) size 144x18
          text run at (0,3) width 144: "\x{679C}\x{57CE}\x{7684}\x{7F8E}\x{8B7D}\x{3002}\x{4E2D}\x{56FD}\x{53E4}"
      RenderBlock {DIV} at (0,5934) size 769x19
        RenderText {#text} at (0,0) size 392x18
          text run at (0,0) width 392: "Font: Hiragino Kaku Gothic ProN Weight: 800 Style: normal"
      RenderBlock {DIV} at (0,5952) size 769x25
        RenderText {#text} at (0,3) size 144x18
          text run at (0,3) width 144: "\x{679C}\x{57CE}\x{7684}\x{7F8E}\x{8B7D}\x{3002}\x{4E2D}\x{56FD}\x{53E4}"
      RenderBlock {DIV} at (0,5976) size 769x19
        RenderText {#text} at (0,0) size 392x18
          text run at (0,0) width 392: "Font: Hiragino Kaku Gothic ProN Weight: 900 Style: normal"
      RenderBlock {DIV} at (0,5994) size 769x25
        RenderText {#text} at (0,3) size 144x18
          text run at (0,3) width 144: "\x{679C}\x{57CE}\x{7684}\x{7F8E}\x{8B7D}\x{3002}\x{4E2D}\x{56FD}\x{53E4}"
      RenderBlock {DIV} at (0,6018) size 769x19
        RenderText {#text} at (0,0) size 337x18
          text run at (0,0) width 337: "Font: HiraKakuProN-W3 Weight: 100 Style: normal"
      RenderBlock {DIV} at (0,6036) size 769x25
        RenderText {#text} at (0,3) size 144x18
          text run at (0,3) width 144: "\x{679C}\x{57CE}\x{7684}\x{7F8E}\x{8B7D}\x{3002}\x{4E2D}\x{56FD}\x{53E4}"
      RenderBlock {DIV} at (0,6060) size 769x19
        RenderText {#text} at (0,0) size 337x18
          text run at (0,0) width 337: "Font: HiraKakuProN-W3 Weight: 200 Style: normal"
      RenderBlock {DIV} at (0,6078) size 769x25
        RenderText {#text} at (0,3) size 144x18
          text run at (0,3) width 144: "\x{679C}\x{57CE}\x{7684}\x{7F8E}\x{8B7D}\x{3002}\x{4E2D}\x{56FD}\x{53E4}"
      RenderBlock {DIV} at (0,6102) size 769x19
        RenderText {#text} at (0,0) size 337x18
          text run at (0,0) width 337: "Font: HiraKakuProN-W3 Weight: 300 Style: normal"
      RenderBlock {DIV} at (0,6120) size 769x25
        RenderText {#text} at (0,3) size 144x18
          text run at (0,3) width 144: "\x{679C}\x{57CE}\x{7684}\x{7F8E}\x{8B7D}\x{3002}\x{4E2D}\x{56FD}\x{53E4}"
      RenderBlock {DIV} at (0,6144) size 769x19
        RenderText {#text} at (0,0) size 337x18
          text run at (0,0) width 337: "Font: HiraKakuProN-W3 Weight: 400 Style: normal"
      RenderBlock {DIV} at (0,6162) size 769x25
        RenderText {#text} at (0,3) size 144x18
          text run at (0,3) width 144: "\x{679C}\x{57CE}\x{7684}\x{7F8E}\x{8B7D}\x{3002}\x{4E2D}\x{56FD}\x{53E4}"
      RenderBlock {DIV} at (0,6186) size 769x19
        RenderText {#text} at (0,0) size 337x18
          text run at (0,0) width 337: "Font: HiraKakuProN-W3 Weight: 500 Style: normal"
      RenderBlock {DIV} at (0,6204) size 769x25
        RenderText {#text} at (0,3) size 144x18
          text run at (0,3) width 144: "\x{679C}\x{57CE}\x{7684}\x{7F8E}\x{8B7D}\x{3002}\x{4E2D}\x{56FD}\x{53E4}"
      RenderBlock {DIV} at (0,6228) size 769x19
        RenderText {#text} at (0,0) size 337x18
          text run at (0,0) width 337: "Font: HiraKakuProN-W3 Weight: 600 Style: normal"
      RenderBlock {DIV} at (0,6246) size 769x25
        RenderText {#text} at (0,3) size 144x18
          text run at (0,3) width 144: "\x{679C}\x{57CE}\x{7684}\x{7F8E}\x{8B7D}\x{3002}\x{4E2D}\x{56FD}\x{53E4}"
      RenderBlock {DIV} at (0,6270) size 769x19
        RenderText {#text} at (0,0) size 337x18
          text run at (0,0) width 337: "Font: HiraKakuProN-W3 Weight: 700 Style: normal"
      RenderBlock {DIV} at (0,6288) size 769x25
        RenderText {#text} at (0,3) size 144x18
          text run at (0,3) width 144: "\x{679C}\x{57CE}\x{7684}\x{7F8E}\x{8B7D}\x{3002}\x{4E2D}\x{56FD}\x{53E4}"
      RenderBlock {DIV} at (0,6312) size 769x19
        RenderText {#text} at (0,0) size 337x18
          text run at (0,0) width 337: "Font: HiraKakuProN-W3 Weight: 800 Style: normal"
      RenderBlock {DIV} at (0,6330) size 769x25
        RenderText {#text} at (0,3) size 144x18
          text run at (0,3) width 144: "\x{679C}\x{57CE}\x{7684}\x{7F8E}\x{8B7D}\x{3002}\x{4E2D}\x{56FD}\x{53E4}"
      RenderBlock {DIV} at (0,6354) size 769x19
        RenderText {#text} at (0,0) size 337x18
          text run at (0,0) width 337: "Font: HiraKakuProN-W3 Weight: 900 Style: normal"
      RenderBlock {DIV} at (0,6372) size 769x25
        RenderText {#text} at (0,3) size 144x18
          text run at (0,3) width 144: "\x{679C}\x{57CE}\x{7684}\x{7F8E}\x{8B7D}\x{3002}\x{4E2D}\x{56FD}\x{53E4}"
      RenderBlock {DIV} at (0,6396) size 769x19
        RenderText {#text} at (0,0) size 337x18
          text run at (0,0) width 337: "Font: HiraKakuProN-W6 Weight: 100 Style: normal"
      RenderBlock {DIV} at (0,6414) size 769x25
        RenderText {#text} at (0,3) size 144x18
          text run at (0,3) width 144: "\x{679C}\x{57CE}\x{7684}\x{7F8E}\x{8B7D}\x{3002}\x{4E2D}\x{56FD}\x{53E4}"
      RenderBlock {DIV} at (0,6438) size 769x19
        RenderText {#text} at (0,0) size 337x18
          text run at (0,0) width 337: "Font: HiraKakuProN-W6 Weight: 200 Style: normal"
      RenderBlock {DIV} at (0,6456) size 769x25
        RenderText {#text} at (0,3) size 144x18
          text run at (0,3) width 144: "\x{679C}\x{57CE}\x{7684}\x{7F8E}\x{8B7D}\x{3002}\x{4E2D}\x{56FD}\x{53E4}"
      RenderBlock {DIV} at (0,6480) size 769x19
        RenderText {#text} at (0,0) size 337x18
          text run at (0,0) width 337: "Font: HiraKakuProN-W6 Weight: 300 Style: normal"
      RenderBlock {DIV} at (0,6498) size 769x25
        RenderText {#text} at (0,3) size 144x18
          text run at (0,3) width 144: "\x{679C}\x{57CE}\x{7684}\x{7F8E}\x{8B7D}\x{3002}\x{4E2D}\x{56FD}\x{53E4}"
      RenderBlock {DIV} at (0,6522) size 769x19
        RenderText {#text} at (0,0) size 337x18
          text run at (0,0) width 337: "Font: HiraKakuProN-W6 Weight: 400 Style: normal"
      RenderBlock {DIV} at (0,6540) size 769x25
        RenderText {#text} at (0,3) size 144x18
          text run at (0,3) width 144: "\x{679C}\x{57CE}\x{7684}\x{7F8E}\x{8B7D}\x{3002}\x{4E2D}\x{56FD}\x{53E4}"
      RenderBlock {DIV} at (0,6564) size 769x19
        RenderText {#text} at (0,0) size 337x18
          text run at (0,0) width 337: "Font: HiraKakuProN-W6 Weight: 500 Style: normal"
      RenderBlock {DIV} at (0,6582) size 769x25
        RenderText {#text} at (0,3) size 144x18
          text run at (0,3) width 144: "\x{679C}\x{57CE}\x{7684}\x{7F8E}\x{8B7D}\x{3002}\x{4E2D}\x{56FD}\x{53E4}"
      RenderBlock {DIV} at (0,6606) size 769x19
        RenderText {#text} at (0,0) size 337x18
          text run at (0,0) width 337: "Font: HiraKakuProN-W6 Weight: 600 Style: normal"
      RenderBlock {DIV} at (0,6624) size 769x25
        RenderText {#text} at (0,3) size 144x18
          text run at (0,3) width 144: "\x{679C}\x{57CE}\x{7684}\x{7F8E}\x{8B7D}\x{3002}\x{4E2D}\x{56FD}\x{53E4}"
      RenderBlock {DIV} at (0,6648) size 769x19
        RenderText {#text} at (0,0) size 337x18
          text run at (0,0) width 337: "Font: HiraKakuProN-W6 Weight: 700 Style: normal"
      RenderBlock {DIV} at (0,6666) size 769x25
        RenderText {#text} at (0,3) size 144x18
          text run at (0,3) width 144: "\x{679C}\x{57CE}\x{7684}\x{7F8E}\x{8B7D}\x{3002}\x{4E2D}\x{56FD}\x{53E4}"
      RenderBlock {DIV} at (0,6690) size 769x19
        RenderText {#text} at (0,0) size 337x18
          text run at (0,0) width 337: "Font: HiraKakuProN-W6 Weight: 800 Style: normal"
      RenderBlock {DIV} at (0,6708) size 769x25
        RenderText {#text} at (0,3) size 144x18
          text run at (0,3) width 144: "\x{679C}\x{57CE}\x{7684}\x{7F8E}\x{8B7D}\x{3002}\x{4E2D}\x{56FD}\x{53E4}"
      RenderBlock {DIV} at (0,6732) size 769x19
        RenderText {#text} at (0,0) size 337x18
          text run at (0,0) width 337: "Font: HiraKakuProN-W6 Weight: 900 Style: normal"
      RenderBlock {DIV} at (0,6750) size 769x25
        RenderText {#text} at (0,3) size 144x18
          text run at (0,3) width 144: "\x{679C}\x{57CE}\x{7684}\x{7F8E}\x{8B7D}\x{3002}\x{4E2D}\x{56FD}\x{53E4}"
      RenderBlock {DIV} at (0,6774) size 769x19
        RenderText {#text} at (0,0) size 379x18
          text run at (0,0) width 379: "Font: Hiragino Kaku Gothic ProN Weight: 100 Style: italic"
      RenderBlock {DIV} at (0,6792) size 769x25
        RenderText {#text} at (0,3) size 144x18
          text run at (0,3) width 144: "\x{679C}\x{57CE}\x{7684}\x{7F8E}\x{8B7D}\x{3002}\x{4E2D}\x{56FD}\x{53E4}"
      RenderBlock {DIV} at (0,6816) size 769x19
        RenderText {#text} at (0,0) size 379x18
          text run at (0,0) width 379: "Font: Hiragino Kaku Gothic ProN Weight: 200 Style: italic"
      RenderBlock {DIV} at (0,6834) size 769x25
        RenderText {#text} at (0,3) size 144x18
          text run at (0,3) width 144: "\x{679C}\x{57CE}\x{7684}\x{7F8E}\x{8B7D}\x{3002}\x{4E2D}\x{56FD}\x{53E4}"
      RenderBlock {DIV} at (0,6858) size 769x19
        RenderText {#text} at (0,0) size 379x18
          text run at (0,0) width 379: "Font: Hiragino Kaku Gothic ProN Weight: 300 Style: italic"
      RenderBlock {DIV} at (0,6876) size 769x25
        RenderText {#text} at (0,3) size 144x18
          text run at (0,3) width 144: "\x{679C}\x{57CE}\x{7684}\x{7F8E}\x{8B7D}\x{3002}\x{4E2D}\x{56FD}\x{53E4}"
      RenderBlock {DIV} at (0,6900) size 769x19
        RenderText {#text} at (0,0) size 379x18
          text run at (0,0) width 379: "Font: Hiragino Kaku Gothic ProN Weight: 400 Style: italic"
      RenderBlock {DIV} at (0,6918) size 769x25
        RenderText {#text} at (0,3) size 144x18
          text run at (0,3) width 144: "\x{679C}\x{57CE}\x{7684}\x{7F8E}\x{8B7D}\x{3002}\x{4E2D}\x{56FD}\x{53E4}"
      RenderBlock {DIV} at (0,6942) size 769x19
        RenderText {#text} at (0,0) size 379x18
          text run at (0,0) width 379: "Font: Hiragino Kaku Gothic ProN Weight: 500 Style: italic"
      RenderBlock {DIV} at (0,6960) size 769x25
        RenderText {#text} at (0,3) size 144x18
          text run at (0,3) width 144: "\x{679C}\x{57CE}\x{7684}\x{7F8E}\x{8B7D}\x{3002}\x{4E2D}\x{56FD}\x{53E4}"
      RenderBlock {DIV} at (0,6984) size 769x19
        RenderText {#text} at (0,0) size 379x18
          text run at (0,0) width 379: "Font: Hiragino Kaku Gothic ProN Weight: 600 Style: italic"
      RenderBlock {DIV} at (0,7002) size 769x25
        RenderText {#text} at (0,3) size 144x18
          text run at (0,3) width 144: "\x{679C}\x{57CE}\x{7684}\x{7F8E}\x{8B7D}\x{3002}\x{4E2D}\x{56FD}\x{53E4}"
      RenderBlock {DIV} at (0,7026) size 769x19
        RenderText {#text} at (0,0) size 379x18
          text run at (0,0) width 379: "Font: Hiragino Kaku Gothic ProN Weight: 700 Style: italic"
      RenderBlock {DIV} at (0,7044) size 769x25
        RenderText {#text} at (0,3) size 144x18
          text run at (0,3) width 144: "\x{679C}\x{57CE}\x{7684}\x{7F8E}\x{8B7D}\x{3002}\x{4E2D}\x{56FD}\x{53E4}"
      RenderBlock {DIV} at (0,7068) size 769x19
        RenderText {#text} at (0,0) size 379x18
          text run at (0,0) width 379: "Font: Hiragino Kaku Gothic ProN Weight: 800 Style: italic"
      RenderBlock {DIV} at (0,7086) size 769x25
        RenderText {#text} at (0,3) size 144x18
          text run at (0,3) width 144: "\x{679C}\x{57CE}\x{7684}\x{7F8E}\x{8B7D}\x{3002}\x{4E2D}\x{56FD}\x{53E4}"
      RenderBlock {DIV} at (0,7110) size 769x19
        RenderText {#text} at (0,0) size 379x18
          text run at (0,0) width 379: "Font: Hiragino Kaku Gothic ProN Weight: 900 Style: italic"
      RenderBlock {DIV} at (0,7128) size 769x25
        RenderText {#text} at (0,3) size 144x18
          text run at (0,3) width 144: "\x{679C}\x{57CE}\x{7684}\x{7F8E}\x{8B7D}\x{3002}\x{4E2D}\x{56FD}\x{53E4}"
      RenderBlock {DIV} at (0,7152) size 769x19
        RenderText {#text} at (0,0) size 323x18
          text run at (0,0) width 323: "Font: HiraKakuProN-W3 Weight: 100 Style: italic"
      RenderBlock {DIV} at (0,7170) size 769x25
        RenderText {#text} at (0,3) size 144x18
          text run at (0,3) width 144: "\x{679C}\x{57CE}\x{7684}\x{7F8E}\x{8B7D}\x{3002}\x{4E2D}\x{56FD}\x{53E4}"
      RenderBlock {DIV} at (0,7194) size 769x19
        RenderText {#text} at (0,0) size 323x18
          text run at (0,0) width 323: "Font: HiraKakuProN-W3 Weight: 200 Style: italic"
      RenderBlock {DIV} at (0,7212) size 769x25
        RenderText {#text} at (0,3) size 144x18
          text run at (0,3) width 144: "\x{679C}\x{57CE}\x{7684}\x{7F8E}\x{8B7D}\x{3002}\x{4E2D}\x{56FD}\x{53E4}"
      RenderBlock {DIV} at (0,7236) size 769x19
        RenderText {#text} at (0,0) size 323x18
          text run at (0,0) width 323: "Font: HiraKakuProN-W3 Weight: 300 Style: italic"
      RenderBlock {DIV} at (0,7254) size 769x25
        RenderText {#text} at (0,3) size 144x18
          text run at (0,3) width 144: "\x{679C}\x{57CE}\x{7684}\x{7F8E}\x{8B7D}\x{3002}\x{4E2D}\x{56FD}\x{53E4}"
      RenderBlock {DIV} at (0,7278) size 769x19
        RenderText {#text} at (0,0) size 323x18
          text run at (0,0) width 323: "Font: HiraKakuProN-W3 Weight: 400 Style: italic"
      RenderBlock {DIV} at (0,7296) size 769x25
        RenderText {#text} at (0,3) size 144x18
          text run at (0,3) width 144: "\x{679C}\x{57CE}\x{7684}\x{7F8E}\x{8B7D}\x{3002}\x{4E2D}\x{56FD}\x{53E4}"
      RenderBlock {DIV} at (0,7320) size 769x19
        RenderText {#text} at (0,0) size 323x18
          text run at (0,0) width 323: "Font: HiraKakuProN-W3 Weight: 500 Style: italic"
      RenderBlock {DIV} at (0,7338) size 769x25
        RenderText {#text} at (0,3) size 144x18
          text run at (0,3) width 144: "\x{679C}\x{57CE}\x{7684}\x{7F8E}\x{8B7D}\x{3002}\x{4E2D}\x{56FD}\x{53E4}"
      RenderBlock {DIV} at (0,7362) size 769x19
        RenderText {#text} at (0,0) size 323x18
          text run at (0,0) width 323: "Font: HiraKakuProN-W3 Weight: 600 Style: italic"
      RenderBlock {DIV} at (0,7380) size 769x25
        RenderText {#text} at (0,3) size 144x18
          text run at (0,3) width 144: "\x{679C}\x{57CE}\x{7684}\x{7F8E}\x{8B7D}\x{3002}\x{4E2D}\x{56FD}\x{53E4}"
      RenderBlock {DIV} at (0,7404) size 769x19
        RenderText {#text} at (0,0) size 323x18
          text run at (0,0) width 323: "Font: HiraKakuProN-W3 Weight: 700 Style: italic"
      RenderBlock {DIV} at (0,7422) size 769x25
        RenderText {#text} at (0,3) size 144x18
          text run at (0,3) width 144: "\x{679C}\x{57CE}\x{7684}\x{7F8E}\x{8B7D}\x{3002}\x{4E2D}\x{56FD}\x{53E4}"
      RenderBlock {DIV} at (0,7446) size 769x19
        RenderText {#text} at (0,0) size 323x18
          text run at (0,0) width 323: "Font: HiraKakuProN-W3 Weight: 800 Style: italic"
      RenderBlock {DIV} at (0,7464) size 769x25
        RenderText {#text} at (0,3) size 144x18
          text run at (0,3) width 144: "\x{679C}\x{57CE}\x{7684}\x{7F8E}\x{8B7D}\x{3002}\x{4E2D}\x{56FD}\x{53E4}"
      RenderBlock {DIV} at (0,7488) size 769x19
        RenderText {#text} at (0,0) size 323x18
          text run at (0,0) width 323: "Font: HiraKakuProN-W3 Weight: 900 Style: italic"
      RenderBlock {DIV} at (0,7506) size 769x25
        RenderText {#text} at (0,3) size 144x18
          text run at (0,3) width 144: "\x{679C}\x{57CE}\x{7684}\x{7F8E}\x{8B7D}\x{3002}\x{4E2D}\x{56FD}\x{53E4}"
      RenderBlock {DIV} at (0,7530) size 769x19
        RenderText {#text} at (0,0) size 323x18
          text run at (0,0) width 323: "Font: HiraKakuProN-W6 Weight: 100 Style: italic"
      RenderBlock {DIV} at (0,7548) size 769x25
        RenderText {#text} at (0,3) size 144x18
          text run at (0,3) width 144: "\x{679C}\x{57CE}\x{7684}\x{7F8E}\x{8B7D}\x{3002}\x{4E2D}\x{56FD}\x{53E4}"
      RenderBlock {DIV} at (0,7572) size 769x19
        RenderText {#text} at (0,0) size 323x18
          text run at (0,0) width 323: "Font: HiraKakuProN-W6 Weight: 200 Style: italic"
      RenderBlock {DIV} at (0,7590) size 769x25
        RenderText {#text} at (0,3) size 144x18
          text run at (0,3) width 144: "\x{679C}\x{57CE}\x{7684}\x{7F8E}\x{8B7D}\x{3002}\x{4E2D}\x{56FD}\x{53E4}"
      RenderBlock {DIV} at (0,7614) size 769x19
        RenderText {#text} at (0,0) size 323x18
          text run at (0,0) width 323: "Font: HiraKakuProN-W6 Weight: 300 Style: italic"
      RenderBlock {DIV} at (0,7632) size 769x25
        RenderText {#text} at (0,3) size 144x18
          text run at (0,3) width 144: "\x{679C}\x{57CE}\x{7684}\x{7F8E}\x{8B7D}\x{3002}\x{4E2D}\x{56FD}\x{53E4}"
      RenderBlock {DIV} at (0,7656) size 769x19
        RenderText {#text} at (0,0) size 323x18
          text run at (0,0) width 323: "Font: HiraKakuProN-W6 Weight: 400 Style: italic"
      RenderBlock {DIV} at (0,7674) size 769x25
        RenderText {#text} at (0,3) size 144x18
          text run at (0,3) width 144: "\x{679C}\x{57CE}\x{7684}\x{7F8E}\x{8B7D}\x{3002}\x{4E2D}\x{56FD}\x{53E4}"
      RenderBlock {DIV} at (0,7698) size 769x19
        RenderText {#text} at (0,0) size 323x18
          text run at (0,0) width 323: "Font: HiraKakuProN-W6 Weight: 500 Style: italic"
      RenderBlock {DIV} at (0,7716) size 769x25
        RenderText {#text} at (0,3) size 144x18
          text run at (0,3) width 144: "\x{679C}\x{57CE}\x{7684}\x{7F8E}\x{8B7D}\x{3002}\x{4E2D}\x{56FD}\x{53E4}"
      RenderBlock {DIV} at (0,7740) size 769x19
        RenderText {#text} at (0,0) size 323x18
          text run at (0,0) width 323: "Font: HiraKakuProN-W6 Weight: 600 Style: italic"
      RenderBlock {DIV} at (0,7758) size 769x25
        RenderText {#text} at (0,3) size 144x18
          text run at (0,3) width 144: "\x{679C}\x{57CE}\x{7684}\x{7F8E}\x{8B7D}\x{3002}\x{4E2D}\x{56FD}\x{53E4}"
      RenderBlock {DIV} at (0,7782) size 769x19
        RenderText {#text} at (0,0) size 323x18
          text run at (0,0) width 323: "Font: HiraKakuProN-W6 Weight: 700 Style: italic"
      RenderBlock {DIV} at (0,7800) size 769x25
        RenderText {#text} at (0,3) size 144x18
          text run at (0,3) width 144: "\x{679C}\x{57CE}\x{7684}\x{7F8E}\x{8B7D}\x{3002}\x{4E2D}\x{56FD}\x{53E4}"
      RenderBlock {DIV} at (0,7824) size 769x19
        RenderText {#text} at (0,0) size 323x18
          text run at (0,0) width 323: "Font: HiraKakuProN-W6 Weight: 800 Style: italic"
      RenderBlock {DIV} at (0,7842) size 769x25
        RenderText {#text} at (0,3) size 144x18
          text run at (0,3) width 144: "\x{679C}\x{57CE}\x{7684}\x{7F8E}\x{8B7D}\x{3002}\x{4E2D}\x{56FD}\x{53E4}"
      RenderBlock {DIV} at (0,7866) size 769x19
        RenderText {#text} at (0,0) size 323x18
          text run at (0,0) width 323: "Font: HiraKakuProN-W6 Weight: 900 Style: italic"
      RenderBlock {DIV} at (0,7884) size 769x25
        RenderText {#text} at (0,3) size 144x18
          text run at (0,3) width 144: "\x{679C}\x{57CE}\x{7684}\x{7F8E}\x{8B7D}\x{3002}\x{4E2D}\x{56FD}\x{53E4}"
      RenderBlock {DIV} at (0,7908) size 769x19
        RenderText {#text} at (0,0) size 353x18
          text run at (0,0) width 353: "Font: Apple SD Gothic Neo Weight: 100 Style: normal"
      RenderBlock {DIV} at (0,7926) size 769x23
        RenderText {#text} at (0,2) size 144x19
          text run at (0,2) width 144: "\x{679C}\x{57CE}\x{7684}\x{7F8E}\x{8B7D}\x{3002}\x{4E2D}\x{56FD}\x{53E4}"
      RenderBlock {DIV} at (0,7948) size 769x19
        RenderText {#text} at (0,0) size 353x18
          text run at (0,0) width 353: "Font: Apple SD Gothic Neo Weight: 200 Style: normal"
      RenderBlock {DIV} at (0,7966) size 769x24
        RenderText {#text} at (0,2) size 144x19
          text run at (0,2) width 144: "\x{679C}\x{57CE}\x{7684}\x{7F8E}\x{8B7D}\x{3002}\x{4E2D}\x{56FD}\x{53E4}"
      RenderBlock {DIV} at (0,7989) size 769x19
        RenderText {#text} at (0,0) size 353x18
          text run at (0,0) width 353: "Font: Apple SD Gothic Neo Weight: 300 Style: normal"
      RenderBlock {DIV} at (0,8007) size 769x23
        RenderText {#text} at (0,2) size 144x19
          text run at (0,2) width 144: "\x{679C}\x{57CE}\x{7684}\x{7F8E}\x{8B7D}\x{3002}\x{4E2D}\x{56FD}\x{53E4}"
      RenderBlock {DIV} at (0,8029) size 769x19
        RenderText {#text} at (0,0) size 353x18
          text run at (0,0) width 353: "Font: Apple SD Gothic Neo Weight: 400 Style: normal"
      RenderBlock {DIV} at (0,8047) size 769x24
        RenderText {#text} at (0,2) size 144x19
          text run at (0,2) width 144: "\x{679C}\x{57CE}\x{7684}\x{7F8E}\x{8B7D}\x{3002}\x{4E2D}\x{56FD}\x{53E4}"
      RenderBlock {DIV} at (0,8070) size 769x19
        RenderText {#text} at (0,0) size 353x18
          text run at (0,0) width 353: "Font: Apple SD Gothic Neo Weight: 500 Style: normal"
      RenderBlock {DIV} at (0,8088) size 769x23
        RenderText {#text} at (0,2) size 144x19
          text run at (0,2) width 144: "\x{679C}\x{57CE}\x{7684}\x{7F8E}\x{8B7D}\x{3002}\x{4E2D}\x{56FD}\x{53E4}"
      RenderBlock {DIV} at (0,8110) size 769x19
        RenderText {#text} at (0,0) size 353x18
          text run at (0,0) width 353: "Font: Apple SD Gothic Neo Weight: 600 Style: normal"
      RenderBlock {DIV} at (0,8128) size 769x23
        RenderText {#text} at (0,2) size 144x19
          text run at (0,2) width 144: "\x{679C}\x{57CE}\x{7684}\x{7F8E}\x{8B7D}\x{3002}\x{4E2D}\x{56FD}\x{53E4}"
      RenderBlock {DIV} at (0,8150) size 769x19
        RenderText {#text} at (0,0) size 353x18
          text run at (0,0) width 353: "Font: Apple SD Gothic Neo Weight: 700 Style: normal"
      RenderBlock {DIV} at (0,8168) size 769x24
        RenderText {#text} at (0,2) size 144x19
          text run at (0,2) width 144: "\x{679C}\x{57CE}\x{7684}\x{7F8E}\x{8B7D}\x{3002}\x{4E2D}\x{56FD}\x{53E4}"
      RenderBlock {DIV} at (0,8191) size 769x19
        RenderText {#text} at (0,0) size 353x18
          text run at (0,0) width 353: "Font: Apple SD Gothic Neo Weight: 800 Style: normal"
      RenderBlock {DIV} at (0,8209) size 769x23
        RenderText {#text} at (0,2) size 144x19
          text run at (0,2) width 144: "\x{679C}\x{57CE}\x{7684}\x{7F8E}\x{8B7D}\x{3002}\x{4E2D}\x{56FD}\x{53E4}"
      RenderBlock {DIV} at (0,8231) size 769x19
        RenderText {#text} at (0,0) size 353x18
          text run at (0,0) width 353: "Font: Apple SD Gothic Neo Weight: 900 Style: normal"
      RenderBlock {DIV} at (0,8249) size 769x23
        RenderText {#text} at (0,2) size 144x19
          text run at (0,2) width 144: "\x{679C}\x{57CE}\x{7684}\x{7F8E}\x{8B7D}\x{3002}\x{4E2D}\x{56FD}\x{53E4}"
      RenderBlock {DIV} at (0,8271) size 769x19
        RenderText {#text} at (0,0) size 397x18
          text run at (0,0) width 397: "Font: AppleSDGothicNeo-Regular Weight: 100 Style: normal"
      RenderBlock {DIV} at (0,8289) size 769x24
        RenderText {#text} at (0,2) size 144x19
          text run at (0,2) width 144: "\x{679C}\x{57CE}\x{7684}\x{7F8E}\x{8B7D}\x{3002}\x{4E2D}\x{56FD}\x{53E4}"
      RenderBlock {DIV} at (0,8312) size 769x19
        RenderText {#text} at (0,0) size 397x18
          text run at (0,0) width 397: "Font: AppleSDGothicNeo-Regular Weight: 200 Style: normal"
      RenderBlock {DIV} at (0,8330) size 769x23
        RenderText {#text} at (0,2) size 144x19
          text run at (0,2) width 144: "\x{679C}\x{57CE}\x{7684}\x{7F8E}\x{8B7D}\x{3002}\x{4E2D}\x{56FD}\x{53E4}"
      RenderBlock {DIV} at (0,8352) size 769x19
        RenderText {#text} at (0,0) size 397x18
          text run at (0,0) width 397: "Font: AppleSDGothicNeo-Regular Weight: 300 Style: normal"
      RenderBlock {DIV} at (0,8370) size 769x24
        RenderText {#text} at (0,2) size 144x19
          text run at (0,2) width 144: "\x{679C}\x{57CE}\x{7684}\x{7F8E}\x{8B7D}\x{3002}\x{4E2D}\x{56FD}\x{53E4}"
      RenderBlock {DIV} at (0,8393) size 769x19
        RenderText {#text} at (0,0) size 397x18
          text run at (0,0) width 397: "Font: AppleSDGothicNeo-Regular Weight: 400 Style: normal"
      RenderBlock {DIV} at (0,8411) size 769x23
        RenderText {#text} at (0,2) size 144x19
          text run at (0,2) width 144: "\x{679C}\x{57CE}\x{7684}\x{7F8E}\x{8B7D}\x{3002}\x{4E2D}\x{56FD}\x{53E4}"
      RenderBlock {DIV} at (0,8433) size 769x19
        RenderText {#text} at (0,0) size 397x18
          text run at (0,0) width 397: "Font: AppleSDGothicNeo-Regular Weight: 500 Style: normal"
      RenderBlock {DIV} at (0,8451) size 769x23
        RenderText {#text} at (0,2) size 144x19
          text run at (0,2) width 144: "\x{679C}\x{57CE}\x{7684}\x{7F8E}\x{8B7D}\x{3002}\x{4E2D}\x{56FD}\x{53E4}"
      RenderBlock {DIV} at (0,8473) size 769x19
        RenderText {#text} at (0,0) size 397x18
          text run at (0,0) width 397: "Font: AppleSDGothicNeo-Regular Weight: 600 Style: normal"
      RenderBlock {DIV} at (0,8491) size 769x24
        RenderText {#text} at (0,2) size 144x19
          text run at (0,2) width 144: "\x{679C}\x{57CE}\x{7684}\x{7F8E}\x{8B7D}\x{3002}\x{4E2D}\x{56FD}\x{53E4}"
      RenderBlock {DIV} at (0,8514) size 769x19
        RenderText {#text} at (0,0) size 397x18
          text run at (0,0) width 397: "Font: AppleSDGothicNeo-Regular Weight: 700 Style: normal"
      RenderBlock {DIV} at (0,8532) size 769x23
        RenderText {#text} at (0,2) size 144x19
          text run at (0,2) width 144: "\x{679C}\x{57CE}\x{7684}\x{7F8E}\x{8B7D}\x{3002}\x{4E2D}\x{56FD}\x{53E4}"
      RenderBlock {DIV} at (0,8554) size 769x19
        RenderText {#text} at (0,0) size 397x18
          text run at (0,0) width 397: "Font: AppleSDGothicNeo-Regular Weight: 800 Style: normal"
      RenderBlock {DIV} at (0,8572) size 769x24
        RenderText {#text} at (0,2) size 144x19
          text run at (0,2) width 144: "\x{679C}\x{57CE}\x{7684}\x{7F8E}\x{8B7D}\x{3002}\x{4E2D}\x{56FD}\x{53E4}"
      RenderBlock {DIV} at (0,8595) size 769x19
        RenderText {#text} at (0,0) size 397x18
          text run at (0,0) width 397: "Font: AppleSDGothicNeo-Regular Weight: 900 Style: normal"
      RenderBlock {DIV} at (0,8613) size 769x23
        RenderText {#text} at (0,2) size 144x19
          text run at (0,2) width 144: "\x{679C}\x{57CE}\x{7684}\x{7F8E}\x{8B7D}\x{3002}\x{4E2D}\x{56FD}\x{53E4}"
      RenderBlock {DIV} at (0,8635) size 769x19
        RenderText {#text} at (0,0) size 401x18
          text run at (0,0) width 401: "Font: AppleSDGothicNeo-Medium Weight: 100 Style: normal"
      RenderBlock {DIV} at (0,8653) size 769x23
        RenderText {#text} at (0,2) size 144x19
          text run at (0,2) width 144: "\x{679C}\x{57CE}\x{7684}\x{7F8E}\x{8B7D}\x{3002}\x{4E2D}\x{56FD}\x{53E4}"
      RenderBlock {DIV} at (0,8675) size 769x19
        RenderText {#text} at (0,0) size 401x18
          text run at (0,0) width 401: "Font: AppleSDGothicNeo-Medium Weight: 200 Style: normal"
      RenderBlock {DIV} at (0,8693) size 769x24
        RenderText {#text} at (0,2) size 144x19
          text run at (0,2) width 144: "\x{679C}\x{57CE}\x{7684}\x{7F8E}\x{8B7D}\x{3002}\x{4E2D}\x{56FD}\x{53E4}"
      RenderBlock {DIV} at (0,8716) size 769x19
        RenderText {#text} at (0,0) size 401x18
          text run at (0,0) width 401: "Font: AppleSDGothicNeo-Medium Weight: 300 Style: normal"
      RenderBlock {DIV} at (0,8734) size 769x23
        RenderText {#text} at (0,2) size 144x19
          text run at (0,2) width 144: "\x{679C}\x{57CE}\x{7684}\x{7F8E}\x{8B7D}\x{3002}\x{4E2D}\x{56FD}\x{53E4}"
      RenderBlock {DIV} at (0,8756) size 769x19
        RenderText {#text} at (0,0) size 401x18
          text run at (0,0) width 401: "Font: AppleSDGothicNeo-Medium Weight: 400 Style: normal"
      RenderBlock {DIV} at (0,8774) size 769x24
        RenderText {#text} at (0,2) size 144x19
          text run at (0,2) width 144: "\x{679C}\x{57CE}\x{7684}\x{7F8E}\x{8B7D}\x{3002}\x{4E2D}\x{56FD}\x{53E4}"
      RenderBlock {DIV} at (0,8797) size 769x19
        RenderText {#text} at (0,0) size 401x18
          text run at (0,0) width 401: "Font: AppleSDGothicNeo-Medium Weight: 500 Style: normal"
      RenderBlock {DIV} at (0,8815) size 769x23
        RenderText {#text} at (0,2) size 144x19
          text run at (0,2) width 144: "\x{679C}\x{57CE}\x{7684}\x{7F8E}\x{8B7D}\x{3002}\x{4E2D}\x{56FD}\x{53E4}"
      RenderBlock {DIV} at (0,8837) size 769x19
        RenderText {#text} at (0,0) size 401x18
          text run at (0,0) width 401: "Font: AppleSDGothicNeo-Medium Weight: 600 Style: normal"
      RenderBlock {DIV} at (0,8855) size 769x23
        RenderText {#text} at (0,2) size 144x19
          text run at (0,2) width 144: "\x{679C}\x{57CE}\x{7684}\x{7F8E}\x{8B7D}\x{3002}\x{4E2D}\x{56FD}\x{53E4}"
      RenderBlock {DIV} at (0,8877) size 769x19
        RenderText {#text} at (0,0) size 401x18
          text run at (0,0) width 401: "Font: AppleSDGothicNeo-Medium Weight: 700 Style: normal"
      RenderBlock {DIV} at (0,8895) size 769x24
        RenderText {#text} at (0,2) size 144x19
          text run at (0,2) width 144: "\x{679C}\x{57CE}\x{7684}\x{7F8E}\x{8B7D}\x{3002}\x{4E2D}\x{56FD}\x{53E4}"
      RenderBlock {DIV} at (0,8918) size 769x19
        RenderText {#text} at (0,0) size 401x18
          text run at (0,0) width 401: "Font: AppleSDGothicNeo-Medium Weight: 800 Style: normal"
      RenderBlock {DIV} at (0,8936) size 769x23
        RenderText {#text} at (0,2) size 144x19
          text run at (0,2) width 144: "\x{679C}\x{57CE}\x{7684}\x{7F8E}\x{8B7D}\x{3002}\x{4E2D}\x{56FD}\x{53E4}"
      RenderBlock {DIV} at (0,8958) size 769x19
        RenderText {#text} at (0,0) size 401x18
          text run at (0,0) width 401: "Font: AppleSDGothicNeo-Medium Weight: 900 Style: normal"
      RenderBlock {DIV} at (0,8976) size 769x24
        RenderText {#text} at (0,2) size 144x19
          text run at (0,2) width 144: "\x{679C}\x{57CE}\x{7684}\x{7F8E}\x{8B7D}\x{3002}\x{4E2D}\x{56FD}\x{53E4}"
      RenderBlock {DIV} at (0,8999) size 769x19
        RenderText {#text} at (0,0) size 381x18
          text run at (0,0) width 381: "Font: AppleSDGothicNeo-Light Weight: 100 Style: normal"
      RenderBlock {DIV} at (0,9017) size 769x23
        RenderText {#text} at (0,2) size 144x19
          text run at (0,2) width 144: "\x{679C}\x{57CE}\x{7684}\x{7F8E}\x{8B7D}\x{3002}\x{4E2D}\x{56FD}\x{53E4}"
      RenderBlock {DIV} at (0,9039) size 769x19
        RenderText {#text} at (0,0) size 381x18
          text run at (0,0) width 381: "Font: AppleSDGothicNeo-Light Weight: 200 Style: normal"
      RenderBlock {DIV} at (0,9057) size 769x23
        RenderText {#text} at (0,2) size 144x19
          text run at (0,2) width 144: "\x{679C}\x{57CE}\x{7684}\x{7F8E}\x{8B7D}\x{3002}\x{4E2D}\x{56FD}\x{53E4}"
      RenderBlock {DIV} at (0,9079) size 769x19
        RenderText {#text} at (0,0) size 381x18
          text run at (0,0) width 381: "Font: AppleSDGothicNeo-Light Weight: 300 Style: normal"
      RenderBlock {DIV} at (0,9097) size 769x24
        RenderText {#text} at (0,2) size 144x19
          text run at (0,2) width 144: "\x{679C}\x{57CE}\x{7684}\x{7F8E}\x{8B7D}\x{3002}\x{4E2D}\x{56FD}\x{53E4}"
      RenderBlock {DIV} at (0,9120) size 769x19
        RenderText {#text} at (0,0) size 381x18
          text run at (0,0) width 381: "Font: AppleSDGothicNeo-Light Weight: 400 Style: normal"
      RenderBlock {DIV} at (0,9138) size 769x23
        RenderText {#text} at (0,2) size 144x19
          text run at (0,2) width 144: "\x{679C}\x{57CE}\x{7684}\x{7F8E}\x{8B7D}\x{3002}\x{4E2D}\x{56FD}\x{53E4}"
      RenderBlock {DIV} at (0,9160) size 769x19
        RenderText {#text} at (0,0) size 381x18
          text run at (0,0) width 381: "Font: AppleSDGothicNeo-Light Weight: 500 Style: normal"
      RenderBlock {DIV} at (0,9178) size 769x23
        RenderText {#text} at (0,2) size 144x19
          text run at (0,2) width 144: "\x{679C}\x{57CE}\x{7684}\x{7F8E}\x{8B7D}\x{3002}\x{4E2D}\x{56FD}\x{53E4}"
      RenderBlock {DIV} at (0,9200) size 769x19
        RenderText {#text} at (0,0) size 381x18
          text run at (0,0) width 381: "Font: AppleSDGothicNeo-Light Weight: 600 Style: normal"
      RenderBlock {DIV} at (0,9218) size 769x24
        RenderText {#text} at (0,2) size 144x19
          text run at (0,2) width 144: "\x{679C}\x{57CE}\x{7684}\x{7F8E}\x{8B7D}\x{3002}\x{4E2D}\x{56FD}\x{53E4}"
      RenderBlock {DIV} at (0,9241) size 769x19
        RenderText {#text} at (0,0) size 381x18
          text run at (0,0) width 381: "Font: AppleSDGothicNeo-Light Weight: 700 Style: normal"
      RenderBlock {DIV} at (0,9259) size 769x23
        RenderText {#text} at (0,2) size 144x19
          text run at (0,2) width 144: "\x{679C}\x{57CE}\x{7684}\x{7F8E}\x{8B7D}\x{3002}\x{4E2D}\x{56FD}\x{53E4}"
      RenderBlock {DIV} at (0,9281) size 769x19
        RenderText {#text} at (0,0) size 381x18
          text run at (0,0) width 381: "Font: AppleSDGothicNeo-Light Weight: 800 Style: normal"
      RenderBlock {DIV} at (0,9299) size 769x24
        RenderText {#text} at (0,2) size 144x19
          text run at (0,2) width 144: "\x{679C}\x{57CE}\x{7684}\x{7F8E}\x{8B7D}\x{3002}\x{4E2D}\x{56FD}\x{53E4}"
      RenderBlock {DIV} at (0,9322) size 769x19
        RenderText {#text} at (0,0) size 381x18
          text run at (0,0) width 381: "Font: AppleSDGothicNeo-Light Weight: 900 Style: normal"
      RenderBlock {DIV} at (0,9340) size 769x23
        RenderText {#text} at (0,2) size 144x19
          text run at (0,2) width 144: "\x{679C}\x{57CE}\x{7684}\x{7F8E}\x{8B7D}\x{3002}\x{4E2D}\x{56FD}\x{53E4}"
      RenderBlock {DIV} at (0,9362) size 769x19
        RenderText {#text} at (0,0) size 414x18
          text run at (0,0) width 414: "Font: AppleSDGothicNeo-UltraLight Weight: 100 Style: normal"
      RenderBlock {DIV} at (0,9380) size 769x23
        RenderText {#text} at (0,2) size 144x19
          text run at (0,2) width 144: "\x{679C}\x{57CE}\x{7684}\x{7F8E}\x{8B7D}\x{3002}\x{4E2D}\x{56FD}\x{53E4}"
      RenderBlock {DIV} at (0,9402) size 769x19
        RenderText {#text} at (0,0) size 414x18
          text run at (0,0) width 414: "Font: AppleSDGothicNeo-UltraLight Weight: 200 Style: normal"
      RenderBlock {DIV} at (0,9420) size 769x24
        RenderText {#text} at (0,2) size 144x19
          text run at (0,2) width 144: "\x{679C}\x{57CE}\x{7684}\x{7F8E}\x{8B7D}\x{3002}\x{4E2D}\x{56FD}\x{53E4}"
      RenderBlock {DIV} at (0,9443) size 769x19
        RenderText {#text} at (0,0) size 414x18
          text run at (0,0) width 414: "Font: AppleSDGothicNeo-UltraLight Weight: 300 Style: normal"
      RenderBlock {DIV} at (0,9461) size 769x23
        RenderText {#text} at (0,2) size 144x19
          text run at (0,2) width 144: "\x{679C}\x{57CE}\x{7684}\x{7F8E}\x{8B7D}\x{3002}\x{4E2D}\x{56FD}\x{53E4}"
      RenderBlock {DIV} at (0,9483) size 769x19
        RenderText {#text} at (0,0) size 414x18
          text run at (0,0) width 414: "Font: AppleSDGothicNeo-UltraLight Weight: 400 Style: normal"
      RenderBlock {DIV} at (0,9501) size 769x24
        RenderText {#text} at (0,2) size 144x19
          text run at (0,2) width 144: "\x{679C}\x{57CE}\x{7684}\x{7F8E}\x{8B7D}\x{3002}\x{4E2D}\x{56FD}\x{53E4}"
      RenderBlock {DIV} at (0,9524) size 769x19
        RenderText {#text} at (0,0) size 414x18
          text run at (0,0) width 414: "Font: AppleSDGothicNeo-UltraLight Weight: 500 Style: normal"
      RenderBlock {DIV} at (0,9542) size 769x23
        RenderText {#text} at (0,2) size 144x19
          text run at (0,2) width 144: "\x{679C}\x{57CE}\x{7684}\x{7F8E}\x{8B7D}\x{3002}\x{4E2D}\x{56FD}\x{53E4}"
      RenderBlock {DIV} at (0,9564) size 769x19
        RenderText {#text} at (0,0) size 414x18
          text run at (0,0) width 414: "Font: AppleSDGothicNeo-UltraLight Weight: 600 Style: normal"
      RenderBlock {DIV} at (0,9582) size 769x23
        RenderText {#text} at (0,2) size 144x19
          text run at (0,2) width 144: "\x{679C}\x{57CE}\x{7684}\x{7F8E}\x{8B7D}\x{3002}\x{4E2D}\x{56FD}\x{53E4}"
      RenderBlock {DIV} at (0,9604) size 769x19
        RenderText {#text} at (0,0) size 414x18
          text run at (0,0) width 414: "Font: AppleSDGothicNeo-UltraLight Weight: 700 Style: normal"
      RenderBlock {DIV} at (0,9622) size 769x24
        RenderText {#text} at (0,2) size 144x19
          text run at (0,2) width 144: "\x{679C}\x{57CE}\x{7684}\x{7F8E}\x{8B7D}\x{3002}\x{4E2D}\x{56FD}\x{53E4}"
      RenderBlock {DIV} at (0,9645) size 769x19
        RenderText {#text} at (0,0) size 414x18
          text run at (0,0) width 414: "Font: AppleSDGothicNeo-UltraLight Weight: 800 Style: normal"
      RenderBlock {DIV} at (0,9663) size 769x23
        RenderText {#text} at (0,2) size 144x19
          text run at (0,2) width 144: "\x{679C}\x{57CE}\x{7684}\x{7F8E}\x{8B7D}\x{3002}\x{4E2D}\x{56FD}\x{53E4}"
      RenderBlock {DIV} at (0,9685) size 769x19
        RenderText {#text} at (0,0) size 414x18
          text run at (0,0) width 414: "Font: AppleSDGothicNeo-UltraLight Weight: 900 Style: normal"
      RenderBlock {DIV} at (0,9703) size 769x24
        RenderText {#text} at (0,2) size 144x19
          text run at (0,2) width 144: "\x{679C}\x{57CE}\x{7684}\x{7F8E}\x{8B7D}\x{3002}\x{4E2D}\x{56FD}\x{53E4}"
      RenderBlock {DIV} at (0,9726) size 769x19
        RenderText {#text} at (0,0) size 377x18
          text run at (0,0) width 377: "Font: AppleSDGothicNeo-Thin Weight: 100 Style: normal"
      RenderBlock {DIV} at (0,9744) size 769x23
        RenderText {#text} at (0,2) size 144x19
          text run at (0,2) width 144: "\x{679C}\x{57CE}\x{7684}\x{7F8E}\x{8B7D}\x{3002}\x{4E2D}\x{56FD}\x{53E4}"
      RenderBlock {DIV} at (0,9766) size 769x19
        RenderText {#text} at (0,0) size 377x18
          text run at (0,0) width 377: "Font: AppleSDGothicNeo-Thin Weight: 200 Style: normal"
      RenderBlock {DIV} at (0,9784) size 769x23
        RenderText {#text} at (0,2) size 144x19
          text run at (0,2) width 144: "\x{679C}\x{57CE}\x{7684}\x{7F8E}\x{8B7D}\x{3002}\x{4E2D}\x{56FD}\x{53E4}"
      RenderBlock {DIV} at (0,9806) size 769x19
        RenderText {#text} at (0,0) size 377x18
          text run at (0,0) width 377: "Font: AppleSDGothicNeo-Thin Weight: 300 Style: normal"
      RenderBlock {DIV} at (0,9824) size 769x24
        RenderText {#text} at (0,2) size 144x19
          text run at (0,2) width 144: "\x{679C}\x{57CE}\x{7684}\x{7F8E}\x{8B7D}\x{3002}\x{4E2D}\x{56FD}\x{53E4}"
      RenderBlock {DIV} at (0,9847) size 769x19
        RenderText {#text} at (0,0) size 377x18
          text run at (0,0) width 377: "Font: AppleSDGothicNeo-Thin Weight: 400 Style: normal"
      RenderBlock {DIV} at (0,9865) size 769x23
        RenderText {#text} at (0,2) size 144x19
          text run at (0,2) width 144: "\x{679C}\x{57CE}\x{7684}\x{7F8E}\x{8B7D}\x{3002}\x{4E2D}\x{56FD}\x{53E4}"
      RenderBlock {DIV} at (0,9887) size 769x19
        RenderText {#text} at (0,0) size 377x18
          text run at (0,0) width 377: "Font: AppleSDGothicNeo-Thin Weight: 500 Style: normal"
      RenderBlock {DIV} at (0,9905) size 769x23
        RenderText {#text} at (0,2) size 144x19
          text run at (0,2) width 144: "\x{679C}\x{57CE}\x{7684}\x{7F8E}\x{8B7D}\x{3002}\x{4E2D}\x{56FD}\x{53E4}"
      RenderBlock {DIV} at (0,9928) size 769x18
        RenderText {#text} at (0,0) size 377x18
          text run at (0,0) width 377: "Font: AppleSDGothicNeo-Thin Weight: 600 Style: normal"
      RenderBlock {DIV} at (0,9946) size 769x23
        RenderText {#text} at (0,2) size 144x19
          text run at (0,2) width 144: "\x{679C}\x{57CE}\x{7684}\x{7F8E}\x{8B7D}\x{3002}\x{4E2D}\x{56FD}\x{53E4}"
      RenderBlock {DIV} at (0,9968) size 769x19
        RenderText {#text} at (0,0) size 377x18
          text run at (0,0) width 377: "Font: AppleSDGothicNeo-Thin Weight: 700 Style: normal"
      RenderBlock {DIV} at (0,9986) size 769x23
        RenderText {#text} at (0,2) size 144x19
          text run at (0,2) width 144: "\x{679C}\x{57CE}\x{7684}\x{7F8E}\x{8B7D}\x{3002}\x{4E2D}\x{56FD}\x{53E4}"
      RenderBlock {DIV} at (0,10008) size 769x19
        RenderText {#text} at (0,0) size 377x18
          text run at (0,0) width 377: "Font: AppleSDGothicNeo-Thin Weight: 800 Style: normal"
      RenderBlock {DIV} at (0,10026) size 769x24
        RenderText {#text} at (0,2) size 144x19
          text run at (0,2) width 144: "\x{679C}\x{57CE}\x{7684}\x{7F8E}\x{8B7D}\x{3002}\x{4E2D}\x{56FD}\x{53E4}"
      RenderBlock {DIV} at (0,10049) size 769x19
        RenderText {#text} at (0,0) size 377x18
          text run at (0,0) width 377: "Font: AppleSDGothicNeo-Thin Weight: 900 Style: normal"
      RenderBlock {DIV} at (0,10067) size 769x23
        RenderText {#text} at (0,2) size 144x19
          text run at (0,2) width 144: "\x{679C}\x{57CE}\x{7684}\x{7F8E}\x{8B7D}\x{3002}\x{4E2D}\x{56FD}\x{53E4}"
      RenderBlock {DIV} at (0,10089) size 769x19
        RenderText {#text} at (0,0) size 410x18
          text run at (0,0) width 410: "Font: AppleSDGothicNeo-SemiBold Weight: 100 Style: normal"
      RenderBlock {DIV} at (0,10107) size 769x23
        RenderText {#text} at (0,2) size 144x19
          text run at (0,2) width 144: "\x{679C}\x{57CE}\x{7684}\x{7F8E}\x{8B7D}\x{3002}\x{4E2D}\x{56FD}\x{53E4}"
      RenderBlock {DIV} at (0,10129) size 769x19
        RenderText {#text} at (0,0) size 410x18
          text run at (0,0) width 410: "Font: AppleSDGothicNeo-SemiBold Weight: 200 Style: normal"
      RenderBlock {DIV} at (0,10147) size 769x24
        RenderText {#text} at (0,2) size 144x19
          text run at (0,2) width 144: "\x{679C}\x{57CE}\x{7684}\x{7F8E}\x{8B7D}\x{3002}\x{4E2D}\x{56FD}\x{53E4}"
      RenderBlock {DIV} at (0,10170) size 769x19
        RenderText {#text} at (0,0) size 410x18
          text run at (0,0) width 410: "Font: AppleSDGothicNeo-SemiBold Weight: 300 Style: normal"
      RenderBlock {DIV} at (0,10188) size 769x23
        RenderText {#text} at (0,2) size 144x19
          text run at (0,2) width 144: "\x{679C}\x{57CE}\x{7684}\x{7F8E}\x{8B7D}\x{3002}\x{4E2D}\x{56FD}\x{53E4}"
      RenderBlock {DIV} at (0,10210) size 769x19
        RenderText {#text} at (0,0) size 410x18
          text run at (0,0) width 410: "Font: AppleSDGothicNeo-SemiBold Weight: 400 Style: normal"
      RenderBlock {DIV} at (0,10228) size 769x24
        RenderText {#text} at (0,2) size 144x19
          text run at (0,2) width 144: "\x{679C}\x{57CE}\x{7684}\x{7F8E}\x{8B7D}\x{3002}\x{4E2D}\x{56FD}\x{53E4}"
      RenderBlock {DIV} at (0,10251) size 769x19
        RenderText {#text} at (0,0) size 410x18
          text run at (0,0) width 410: "Font: AppleSDGothicNeo-SemiBold Weight: 500 Style: normal"
      RenderBlock {DIV} at (0,10269) size 769x23
        RenderText {#text} at (0,2) size 144x19
          text run at (0,2) width 144: "\x{679C}\x{57CE}\x{7684}\x{7F8E}\x{8B7D}\x{3002}\x{4E2D}\x{56FD}\x{53E4}"
      RenderBlock {DIV} at (0,10291) size 769x19
        RenderText {#text} at (0,0) size 410x18
          text run at (0,0) width 410: "Font: AppleSDGothicNeo-SemiBold Weight: 600 Style: normal"
      RenderBlock {DIV} at (0,10309) size 769x23
        RenderText {#text} at (0,2) size 144x19
          text run at (0,2) width 144: "\x{679C}\x{57CE}\x{7684}\x{7F8E}\x{8B7D}\x{3002}\x{4E2D}\x{56FD}\x{53E4}"
      RenderBlock {DIV} at (0,10331) size 769x19
        RenderText {#text} at (0,0) size 410x18
          text run at (0,0) width 410: "Font: AppleSDGothicNeo-SemiBold Weight: 700 Style: normal"
      RenderBlock {DIV} at (0,10349) size 769x24
        RenderText {#text} at (0,2) size 144x19
          text run at (0,2) width 144: "\x{679C}\x{57CE}\x{7684}\x{7F8E}\x{8B7D}\x{3002}\x{4E2D}\x{56FD}\x{53E4}"
      RenderBlock {DIV} at (0,10372) size 769x19
        RenderText {#text} at (0,0) size 410x18
          text run at (0,0) width 410: "Font: AppleSDGothicNeo-SemiBold Weight: 800 Style: normal"
      RenderBlock {DIV} at (0,10390) size 769x23
        RenderText {#text} at (0,2) size 144x19
          text run at (0,2) width 144: "\x{679C}\x{57CE}\x{7684}\x{7F8E}\x{8B7D}\x{3002}\x{4E2D}\x{56FD}\x{53E4}"
      RenderBlock {DIV} at (0,10412) size 769x19
        RenderText {#text} at (0,0) size 410x18
          text run at (0,0) width 410: "Font: AppleSDGothicNeo-SemiBold Weight: 900 Style: normal"
      RenderBlock {DIV} at (0,10430) size 769x24
        RenderText {#text} at (0,2) size 144x19
          text run at (0,2) width 144: "\x{679C}\x{57CE}\x{7684}\x{7F8E}\x{8B7D}\x{3002}\x{4E2D}\x{56FD}\x{53E4}"
      RenderBlock {DIV} at (0,10453) size 769x19
        RenderText {#text} at (0,0) size 377x18
          text run at (0,0) width 377: "Font: AppleSDGothicNeo-Bold Weight: 100 Style: normal"
      RenderBlock {DIV} at (0,10471) size 769x23
        RenderText {#text} at (0,2) size 144x19
          text run at (0,2) width 144: "\x{679C}\x{57CE}\x{7684}\x{7F8E}\x{8B7D}\x{3002}\x{4E2D}\x{56FD}\x{53E4}"
      RenderBlock {DIV} at (0,10493) size 769x19
        RenderText {#text} at (0,0) size 377x18
          text run at (0,0) width 377: "Font: AppleSDGothicNeo-Bold Weight: 200 Style: normal"
      RenderBlock {DIV} at (0,10511) size 769x23
        RenderText {#text} at (0,2) size 144x19
          text run at (0,2) width 144: "\x{679C}\x{57CE}\x{7684}\x{7F8E}\x{8B7D}\x{3002}\x{4E2D}\x{56FD}\x{53E4}"
      RenderBlock {DIV} at (0,10533) size 769x19
        RenderText {#text} at (0,0) size 377x18
          text run at (0,0) width 377: "Font: AppleSDGothicNeo-Bold Weight: 300 Style: normal"
      RenderBlock {DIV} at (0,10551) size 769x24
        RenderText {#text} at (0,2) size 144x19
          text run at (0,2) width 144: "\x{679C}\x{57CE}\x{7684}\x{7F8E}\x{8B7D}\x{3002}\x{4E2D}\x{56FD}\x{53E4}"
      RenderBlock {DIV} at (0,10574) size 769x19
        RenderText {#text} at (0,0) size 377x18
          text run at (0,0) width 377: "Font: AppleSDGothicNeo-Bold Weight: 400 Style: normal"
      RenderBlock {DIV} at (0,10592) size 769x23
        RenderText {#text} at (0,2) size 144x19
          text run at (0,2) width 144: "\x{679C}\x{57CE}\x{7684}\x{7F8E}\x{8B7D}\x{3002}\x{4E2D}\x{56FD}\x{53E4}"
      RenderBlock {DIV} at (0,10614) size 769x19
        RenderText {#text} at (0,0) size 377x18
          text run at (0,0) width 377: "Font: AppleSDGothicNeo-Bold Weight: 500 Style: normal"
      RenderBlock {DIV} at (0,10632) size 769x24
        RenderText {#text} at (0,2) size 144x19
          text run at (0,2) width 144: "\x{679C}\x{57CE}\x{7684}\x{7F8E}\x{8B7D}\x{3002}\x{4E2D}\x{56FD}\x{53E4}"
      RenderBlock {DIV} at (0,10655) size 769x19
        RenderText {#text} at (0,0) size 377x18
          text run at (0,0) width 377: "Font: AppleSDGothicNeo-Bold Weight: 600 Style: normal"
      RenderBlock {DIV} at (0,10673) size 769x23
        RenderText {#text} at (0,2) size 144x19
          text run at (0,2) width 144: "\x{679C}\x{57CE}\x{7684}\x{7F8E}\x{8B7D}\x{3002}\x{4E2D}\x{56FD}\x{53E4}"
      RenderBlock {DIV} at (0,10695) size 769x19
        RenderText {#text} at (0,0) size 377x18
          text run at (0,0) width 377: "Font: AppleSDGothicNeo-Bold Weight: 700 Style: normal"
      RenderBlock {DIV} at (0,10713) size 769x23
        RenderText {#text} at (0,2) size 144x19
          text run at (0,2) width 144: "\x{679C}\x{57CE}\x{7684}\x{7F8E}\x{8B7D}\x{3002}\x{4E2D}\x{56FD}\x{53E4}"
      RenderBlock {DIV} at (0,10735) size 769x19
        RenderText {#text} at (0,0) size 377x18
          text run at (0,0) width 377: "Font: AppleSDGothicNeo-Bold Weight: 800 Style: normal"
      RenderBlock {DIV} at (0,10753) size 769x24
        RenderText {#text} at (0,2) size 144x19
          text run at (0,2) width 144: "\x{679C}\x{57CE}\x{7684}\x{7F8E}\x{8B7D}\x{3002}\x{4E2D}\x{56FD}\x{53E4}"
      RenderBlock {DIV} at (0,10776) size 769x19
        RenderText {#text} at (0,0) size 377x18
          text run at (0,0) width 377: "Font: AppleSDGothicNeo-Bold Weight: 900 Style: normal"
      RenderBlock {DIV} at (0,10794) size 769x23
        RenderText {#text} at (0,2) size 144x19
          text run at (0,2) width 144: "\x{679C}\x{57CE}\x{7684}\x{7F8E}\x{8B7D}\x{3002}\x{4E2D}\x{56FD}\x{53E4}"
      RenderBlock {DIV} at (0,10816) size 769x19
        RenderText {#text} at (0,0) size 412x18
          text run at (0,0) width 412: "Font: AppleSDGothicNeo-ExtraBold Weight: 100 Style: normal"
      RenderBlock {DIV} at (0,10834) size 769x23
        RenderText {#text} at (0,2) size 144x19
          text run at (0,2) width 144: "\x{679C}\x{57CE}\x{7684}\x{7F8E}\x{8B7D}\x{3002}\x{4E2D}\x{56FD}\x{53E4}"
      RenderBlock {DIV} at (0,10856) size 769x19
        RenderText {#text} at (0,0) size 412x18
          text run at (0,0) width 412: "Font: AppleSDGothicNeo-ExtraBold Weight: 200 Style: normal"
      RenderBlock {DIV} at (0,10874) size 769x24
        RenderText {#text} at (0,2) size 144x19
          text run at (0,2) width 144: "\x{679C}\x{57CE}\x{7684}\x{7F8E}\x{8B7D}\x{3002}\x{4E2D}\x{56FD}\x{53E4}"
      RenderBlock {DIV} at (0,10897) size 769x19
        RenderText {#text} at (0,0) size 412x18
          text run at (0,0) width 412: "Font: AppleSDGothicNeo-ExtraBold Weight: 300 Style: normal"
      RenderBlock {DIV} at (0,10915) size 769x23
        RenderText {#text} at (0,2) size 144x19
          text run at (0,2) width 144: "\x{679C}\x{57CE}\x{7684}\x{7F8E}\x{8B7D}\x{3002}\x{4E2D}\x{56FD}\x{53E4}"
      RenderBlock {DIV} at (0,10937) size 769x19
        RenderText {#text} at (0,0) size 412x18
          text run at (0,0) width 412: "Font: AppleSDGothicNeo-ExtraBold Weight: 400 Style: normal"
      RenderBlock {DIV} at (0,10955) size 769x24
        RenderText {#text} at (0,2) size 144x19
          text run at (0,2) width 144: "\x{679C}\x{57CE}\x{7684}\x{7F8E}\x{8B7D}\x{3002}\x{4E2D}\x{56FD}\x{53E4}"
      RenderBlock {DIV} at (0,10978) size 769x19
        RenderText {#text} at (0,0) size 412x18
          text run at (0,0) width 412: "Font: AppleSDGothicNeo-ExtraBold Weight: 500 Style: normal"
      RenderBlock {DIV} at (0,10996) size 769x23
        RenderText {#text} at (0,2) size 144x19
          text run at (0,2) width 144: "\x{679C}\x{57CE}\x{7684}\x{7F8E}\x{8B7D}\x{3002}\x{4E2D}\x{56FD}\x{53E4}"
      RenderBlock {DIV} at (0,11018) size 769x19
        RenderText {#text} at (0,0) size 412x18
          text run at (0,0) width 412: "Font: AppleSDGothicNeo-ExtraBold Weight: 600 Style: normal"
      RenderBlock {DIV} at (0,11036) size 769x23
        RenderText {#text} at (0,2) size 144x19
          text run at (0,2) width 144: "\x{679C}\x{57CE}\x{7684}\x{7F8E}\x{8B7D}\x{3002}\x{4E2D}\x{56FD}\x{53E4}"
      RenderBlock {DIV} at (0,11058) size 769x19
        RenderText {#text} at (0,0) size 412x18
          text run at (0,0) width 412: "Font: AppleSDGothicNeo-ExtraBold Weight: 700 Style: normal"
      RenderBlock {DIV} at (0,11076) size 769x24
        RenderText {#text} at (0,2) size 144x19
          text run at (0,2) width 144: "\x{679C}\x{57CE}\x{7684}\x{7F8E}\x{8B7D}\x{3002}\x{4E2D}\x{56FD}\x{53E4}"
      RenderBlock {DIV} at (0,11099) size 769x19
        RenderText {#text} at (0,0) size 412x18
          text run at (0,0) width 412: "Font: AppleSDGothicNeo-ExtraBold Weight: 800 Style: normal"
      RenderBlock {DIV} at (0,11117) size 769x23
        RenderText {#text} at (0,2) size 144x19
          text run at (0,2) width 144: "\x{679C}\x{57CE}\x{7684}\x{7F8E}\x{8B7D}\x{3002}\x{4E2D}\x{56FD}\x{53E4}"
      RenderBlock {DIV} at (0,11139) size 769x19
        RenderText {#text} at (0,0) size 412x18
          text run at (0,0) width 412: "Font: AppleSDGothicNeo-ExtraBold Weight: 900 Style: normal"
      RenderBlock {DIV} at (0,11157) size 769x24
        RenderText {#text} at (0,2) size 144x19
          text run at (0,2) width 144: "\x{679C}\x{57CE}\x{7684}\x{7F8E}\x{8B7D}\x{3002}\x{4E2D}\x{56FD}\x{53E4}"
      RenderBlock {DIV} at (0,11180) size 769x19
        RenderText {#text} at (0,0) size 388x18
          text run at (0,0) width 388: "Font: AppleSDGothicNeo-Heavy Weight: 100 Style: normal"
      RenderBlock {DIV} at (0,11198) size 769x23
        RenderText {#text} at (0,2) size 144x19
          text run at (0,2) width 144: "\x{679C}\x{57CE}\x{7684}\x{7F8E}\x{8B7D}\x{3002}\x{4E2D}\x{56FD}\x{53E4}"
      RenderBlock {DIV} at (0,11220) size 769x19
        RenderText {#text} at (0,0) size 388x18
          text run at (0,0) width 388: "Font: AppleSDGothicNeo-Heavy Weight: 200 Style: normal"
      RenderBlock {DIV} at (0,11238) size 769x23
        RenderText {#text} at (0,2) size 144x19
          text run at (0,2) width 144: "\x{679C}\x{57CE}\x{7684}\x{7F8E}\x{8B7D}\x{3002}\x{4E2D}\x{56FD}\x{53E4}"
      RenderBlock {DIV} at (0,11260) size 769x19
        RenderText {#text} at (0,0) size 388x18
          text run at (0,0) width 388: "Font: AppleSDGothicNeo-Heavy Weight: 300 Style: normal"
      RenderBlock {DIV} at (0,11278) size 769x24
        RenderText {#text} at (0,2) size 144x19
          text run at (0,2) width 144: "\x{679C}\x{57CE}\x{7684}\x{7F8E}\x{8B7D}\x{3002}\x{4E2D}\x{56FD}\x{53E4}"
      RenderBlock {DIV} at (0,11301) size 769x19
        RenderText {#text} at (0,0) size 388x18
          text run at (0,0) width 388: "Font: AppleSDGothicNeo-Heavy Weight: 400 Style: normal"
      RenderBlock {DIV} at (0,11319) size 769x23
        RenderText {#text} at (0,2) size 144x19
          text run at (0,2) width 144: "\x{679C}\x{57CE}\x{7684}\x{7F8E}\x{8B7D}\x{3002}\x{4E2D}\x{56FD}\x{53E4}"
      RenderBlock {DIV} at (0,11341) size 769x19
        RenderText {#text} at (0,0) size 388x18
          text run at (0,0) width 388: "Font: AppleSDGothicNeo-Heavy Weight: 500 Style: normal"
      RenderBlock {DIV} at (0,11359) size 769x24
        RenderText {#text} at (0,2) size 144x19
          text run at (0,2) width 144: "\x{679C}\x{57CE}\x{7684}\x{7F8E}\x{8B7D}\x{3002}\x{4E2D}\x{56FD}\x{53E4}"
      RenderBlock {DIV} at (0,11382) size 769x19
        RenderText {#text} at (0,0) size 388x18
          text run at (0,0) width 388: "Font: AppleSDGothicNeo-Heavy Weight: 600 Style: normal"
      RenderBlock {DIV} at (0,11400) size 769x23
        RenderText {#text} at (0,2) size 144x19
          text run at (0,2) width 144: "\x{679C}\x{57CE}\x{7684}\x{7F8E}\x{8B7D}\x{3002}\x{4E2D}\x{56FD}\x{53E4}"
      RenderBlock {DIV} at (0,11422) size 769x19
        RenderText {#text} at (0,0) size 388x18
          text run at (0,0) width 388: "Font: AppleSDGothicNeo-Heavy Weight: 700 Style: normal"
      RenderBlock {DIV} at (0,11440) size 769x23
        RenderText {#text} at (0,2) size 144x19
          text run at (0,2) width 144: "\x{679C}\x{57CE}\x{7684}\x{7F8E}\x{8B7D}\x{3002}\x{4E2D}\x{56FD}\x{53E4}"
      RenderBlock {DIV} at (0,11462) size 769x19
        RenderText {#text} at (0,0) size 388x18
          text run at (0,0) width 388: "Font: AppleSDGothicNeo-Heavy Weight: 800 Style: normal"
      RenderBlock {DIV} at (0,11480) size 769x24
        RenderText {#text} at (0,2) size 144x19
          text run at (0,2) width 144: "\x{679C}\x{57CE}\x{7684}\x{7F8E}\x{8B7D}\x{3002}\x{4E2D}\x{56FD}\x{53E4}"
      RenderBlock {DIV} at (0,11503) size 769x19
        RenderText {#text} at (0,0) size 388x18
          text run at (0,0) width 388: "Font: AppleSDGothicNeo-Heavy Weight: 900 Style: normal"
      RenderBlock {DIV} at (0,11521) size 769x23
        RenderText {#text} at (0,2) size 144x19
          text run at (0,2) width 144: "\x{679C}\x{57CE}\x{7684}\x{7F8E}\x{8B7D}\x{3002}\x{4E2D}\x{56FD}\x{53E4}"
      RenderBlock {DIV} at (0,11543) size 769x19
        RenderText {#text} at (0,0) size 340x18
          text run at (0,0) width 340: "Font: Apple SD Gothic Neo Weight: 100 Style: italic"
      RenderBlock {DIV} at (0,11561) size 769x24
        RenderText {#text} at (0,2) size 144x19
          text run at (0,2) width 144: "\x{679C}\x{57CE}\x{7684}\x{7F8E}\x{8B7D}\x{3002}\x{4E2D}\x{56FD}\x{53E4}"
      RenderBlock {DIV} at (0,11584) size 769x19
        RenderText {#text} at (0,0) size 340x18
          text run at (0,0) width 340: "Font: Apple SD Gothic Neo Weight: 200 Style: italic"
      RenderBlock {DIV} at (0,11602) size 769x23
        RenderText {#text} at (0,2) size 144x19
          text run at (0,2) width 144: "\x{679C}\x{57CE}\x{7684}\x{7F8E}\x{8B7D}\x{3002}\x{4E2D}\x{56FD}\x{53E4}"
      RenderBlock {DIV} at (0,11624) size 769x19
        RenderText {#text} at (0,0) size 340x18
          text run at (0,0) width 340: "Font: Apple SD Gothic Neo Weight: 300 Style: italic"
      RenderBlock {DIV} at (0,11642) size 769x23
        RenderText {#text} at (0,2) size 144x19
          text run at (0,2) width 144: "\x{679C}\x{57CE}\x{7684}\x{7F8E}\x{8B7D}\x{3002}\x{4E2D}\x{56FD}\x{53E4}"
      RenderBlock {DIV} at (0,11664) size 769x19
        RenderText {#text} at (0,0) size 340x18
          text run at (0,0) width 340: "Font: Apple SD Gothic Neo Weight: 400 Style: italic"
      RenderBlock {DIV} at (0,11682) size 769x24
        RenderText {#text} at (0,2) size 144x19
          text run at (0,2) width 144: "\x{679C}\x{57CE}\x{7684}\x{7F8E}\x{8B7D}\x{3002}\x{4E2D}\x{56FD}\x{53E4}"
      RenderBlock {DIV} at (0,11705) size 769x19
        RenderText {#text} at (0,0) size 340x18
          text run at (0,0) width 340: "Font: Apple SD Gothic Neo Weight: 500 Style: italic"
      RenderBlock {DIV} at (0,11723) size 769x23
        RenderText {#text} at (0,2) size 144x19
          text run at (0,2) width 144: "\x{679C}\x{57CE}\x{7684}\x{7F8E}\x{8B7D}\x{3002}\x{4E2D}\x{56FD}\x{53E4}"
      RenderBlock {DIV} at (0,11745) size 769x19
        RenderText {#text} at (0,0) size 340x18
          text run at (0,0) width 340: "Font: Apple SD Gothic Neo Weight: 600 Style: italic"
      RenderBlock {DIV} at (0,11763) size 769x23
        RenderText {#text} at (0,2) size 144x19
          text run at (0,2) width 144: "\x{679C}\x{57CE}\x{7684}\x{7F8E}\x{8B7D}\x{3002}\x{4E2D}\x{56FD}\x{53E4}"
      RenderBlock {DIV} at (0,11785) size 769x19
        RenderText {#text} at (0,0) size 340x18
          text run at (0,0) width 340: "Font: Apple SD Gothic Neo Weight: 700 Style: italic"
      RenderBlock {DIV} at (0,11803) size 769x24
        RenderText {#text} at (0,2) size 144x19
          text run at (0,2) width 144: "\x{679C}\x{57CE}\x{7684}\x{7F8E}\x{8B7D}\x{3002}\x{4E2D}\x{56FD}\x{53E4}"
      RenderBlock {DIV} at (0,11826) size 769x19
        RenderText {#text} at (0,0) size 340x18
          text run at (0,0) width 340: "Font: Apple SD Gothic Neo Weight: 800 Style: italic"
      RenderBlock {DIV} at (0,11844) size 769x23
        RenderText {#text} at (0,2) size 144x19
          text run at (0,2) width 144: "\x{679C}\x{57CE}\x{7684}\x{7F8E}\x{8B7D}\x{3002}\x{4E2D}\x{56FD}\x{53E4}"
      RenderBlock {DIV} at (0,11866) size 769x19
        RenderText {#text} at (0,0) size 340x18
          text run at (0,0) width 340: "Font: Apple SD Gothic Neo Weight: 900 Style: italic"
      RenderBlock {DIV} at (0,11884) size 769x24
        RenderText {#text} at (0,2) size 144x19
          text run at (0,2) width 144: "\x{679C}\x{57CE}\x{7684}\x{7F8E}\x{8B7D}\x{3002}\x{4E2D}\x{56FD}\x{53E4}"
      RenderBlock {DIV} at (0,11907) size 769x19
        RenderText {#text} at (0,0) size 384x18
          text run at (0,0) width 384: "Font: AppleSDGothicNeo-Regular Weight: 100 Style: italic"
      RenderBlock {DIV} at (0,11925) size 769x23
        RenderText {#text} at (0,2) size 144x19
          text run at (0,2) width 144: "\x{679C}\x{57CE}\x{7684}\x{7F8E}\x{8B7D}\x{3002}\x{4E2D}\x{56FD}\x{53E4}"
      RenderBlock {DIV} at (0,11947) size 769x19
        RenderText {#text} at (0,0) size 384x18
          text run at (0,0) width 384: "Font: AppleSDGothicNeo-Regular Weight: 200 Style: italic"
      RenderBlock {DIV} at (0,11965) size 769x23
        RenderText {#text} at (0,2) size 144x19
          text run at (0,2) width 144: "\x{679C}\x{57CE}\x{7684}\x{7F8E}\x{8B7D}\x{3002}\x{4E2D}\x{56FD}\x{53E4}"
      RenderBlock {DIV} at (0,11987) size 769x19
        RenderText {#text} at (0,0) size 384x18
          text run at (0,0) width 384: "Font: AppleSDGothicNeo-Regular Weight: 300 Style: italic"
      RenderBlock {DIV} at (0,12005) size 769x24
        RenderText {#text} at (0,2) size 144x19
          text run at (0,2) width 144: "\x{679C}\x{57CE}\x{7684}\x{7F8E}\x{8B7D}\x{3002}\x{4E2D}\x{56FD}\x{53E4}"
      RenderBlock {DIV} at (0,12028) size 769x19
        RenderText {#text} at (0,0) size 384x18
          text run at (0,0) width 384: "Font: AppleSDGothicNeo-Regular Weight: 400 Style: italic"
      RenderBlock {DIV} at (0,12046) size 769x23
        RenderText {#text} at (0,2) size 144x19
          text run at (0,2) width 144: "\x{679C}\x{57CE}\x{7684}\x{7F8E}\x{8B7D}\x{3002}\x{4E2D}\x{56FD}\x{53E4}"
      RenderBlock {DIV} at (0,12068) size 769x19
        RenderText {#text} at (0,0) size 384x18
          text run at (0,0) width 384: "Font: AppleSDGothicNeo-Regular Weight: 500 Style: italic"
      RenderBlock {DIV} at (0,12086) size 769x24
        RenderText {#text} at (0,2) size 144x19
          text run at (0,2) width 144: "\x{679C}\x{57CE}\x{7684}\x{7F8E}\x{8B7D}\x{3002}\x{4E2D}\x{56FD}\x{53E4}"
      RenderBlock {DIV} at (0,12109) size 769x19
        RenderText {#text} at (0,0) size 384x18
          text run at (0,0) width 384: "Font: AppleSDGothicNeo-Regular Weight: 600 Style: italic"
      RenderBlock {DIV} at (0,12127) size 769x23
        RenderText {#text} at (0,2) size 144x19
          text run at (0,2) width 144: "\x{679C}\x{57CE}\x{7684}\x{7F8E}\x{8B7D}\x{3002}\x{4E2D}\x{56FD}\x{53E4}"
      RenderBlock {DIV} at (0,12149) size 769x19
        RenderText {#text} at (0,0) size 384x18
          text run at (0,0) width 384: "Font: AppleSDGothicNeo-Regular Weight: 700 Style: italic"
      RenderBlock {DIV} at (0,12167) size 769x23
        RenderText {#text} at (0,2) size 144x19
          text run at (0,2) width 144: "\x{679C}\x{57CE}\x{7684}\x{7F8E}\x{8B7D}\x{3002}\x{4E2D}\x{56FD}\x{53E4}"
      RenderBlock {DIV} at (0,12189) size 769x19
        RenderText {#text} at (0,0) size 384x18
          text run at (0,0) width 384: "Font: AppleSDGothicNeo-Regular Weight: 800 Style: italic"
      RenderBlock {DIV} at (0,12207) size 769x24
        RenderText {#text} at (0,2) size 144x19
          text run at (0,2) width 144: "\x{679C}\x{57CE}\x{7684}\x{7F8E}\x{8B7D}\x{3002}\x{4E2D}\x{56FD}\x{53E4}"
      RenderBlock {DIV} at (0,12230) size 769x19
        RenderText {#text} at (0,0) size 384x18
          text run at (0,0) width 384: "Font: AppleSDGothicNeo-Regular Weight: 900 Style: italic"
      RenderBlock {DIV} at (0,12248) size 769x23
        RenderText {#text} at (0,2) size 144x19
          text run at (0,2) width 144: "\x{679C}\x{57CE}\x{7684}\x{7F8E}\x{8B7D}\x{3002}\x{4E2D}\x{56FD}\x{53E4}"
      RenderBlock {DIV} at (0,12270) size 769x19
        RenderText {#text} at (0,0) size 387x18
          text run at (0,0) width 387: "Font: AppleSDGothicNeo-Medium Weight: 100 Style: italic"
      RenderBlock {DIV} at (0,12288) size 769x24
        RenderText {#text} at (0,2) size 144x19
          text run at (0,2) width 144: "\x{679C}\x{57CE}\x{7684}\x{7F8E}\x{8B7D}\x{3002}\x{4E2D}\x{56FD}\x{53E4}"
      RenderBlock {DIV} at (0,12311) size 769x19
        RenderText {#text} at (0,0) size 387x18
          text run at (0,0) width 387: "Font: AppleSDGothicNeo-Medium Weight: 200 Style: italic"
      RenderBlock {DIV} at (0,12329) size 769x23
        RenderText {#text} at (0,2) size 144x19
          text run at (0,2) width 144: "\x{679C}\x{57CE}\x{7684}\x{7F8E}\x{8B7D}\x{3002}\x{4E2D}\x{56FD}\x{53E4}"
      RenderBlock {DIV} at (0,12351) size 769x19
        RenderText {#text} at (0,0) size 387x18
          text run at (0,0) width 387: "Font: AppleSDGothicNeo-Medium Weight: 300 Style: italic"
      RenderBlock {DIV} at (0,12369) size 769x23
        RenderText {#text} at (0,2) size 144x19
          text run at (0,2) width 144: "\x{679C}\x{57CE}\x{7684}\x{7F8E}\x{8B7D}\x{3002}\x{4E2D}\x{56FD}\x{53E4}"
      RenderBlock {DIV} at (0,12391) size 769x19
        RenderText {#text} at (0,0) size 387x18
          text run at (0,0) width 387: "Font: AppleSDGothicNeo-Medium Weight: 400 Style: italic"
      RenderBlock {DIV} at (0,12409) size 769x24
        RenderText {#text} at (0,2) size 144x19
          text run at (0,2) width 144: "\x{679C}\x{57CE}\x{7684}\x{7F8E}\x{8B7D}\x{3002}\x{4E2D}\x{56FD}\x{53E4}"
      RenderBlock {DIV} at (0,12432) size 769x19
        RenderText {#text} at (0,0) size 387x18
          text run at (0,0) width 387: "Font: AppleSDGothicNeo-Medium Weight: 500 Style: italic"
      RenderBlock {DIV} at (0,12450) size 769x23
        RenderText {#text} at (0,2) size 144x19
          text run at (0,2) width 144: "\x{679C}\x{57CE}\x{7684}\x{7F8E}\x{8B7D}\x{3002}\x{4E2D}\x{56FD}\x{53E4}"
      RenderBlock {DIV} at (0,12472) size 769x19
        RenderText {#text} at (0,0) size 387x18
          text run at (0,0) width 387: "Font: AppleSDGothicNeo-Medium Weight: 600 Style: italic"
      RenderBlock {DIV} at (0,12490) size 769x23
        RenderText {#text} at (0,2) size 144x19
          text run at (0,2) width 144: "\x{679C}\x{57CE}\x{7684}\x{7F8E}\x{8B7D}\x{3002}\x{4E2D}\x{56FD}\x{53E4}"
      RenderBlock {DIV} at (0,12513) size 769x18
        RenderText {#text} at (0,0) size 387x18
          text run at (0,0) width 387: "Font: AppleSDGothicNeo-Medium Weight: 700 Style: italic"
      RenderBlock {DIV} at (0,12531) size 769x23
        RenderText {#text} at (0,2) size 144x19
          text run at (0,2) width 144: "\x{679C}\x{57CE}\x{7684}\x{7F8E}\x{8B7D}\x{3002}\x{4E2D}\x{56FD}\x{53E4}"
      RenderBlock {DIV} at (0,12553) size 769x19
        RenderText {#text} at (0,0) size 387x18
          text run at (0,0) width 387: "Font: AppleSDGothicNeo-Medium Weight: 800 Style: italic"
      RenderBlock {DIV} at (0,12571) size 769x23
        RenderText {#text} at (0,2) size 144x19
          text run at (0,2) width 144: "\x{679C}\x{57CE}\x{7684}\x{7F8E}\x{8B7D}\x{3002}\x{4E2D}\x{56FD}\x{53E4}"
      RenderBlock {DIV} at (0,12593) size 769x19
        RenderText {#text} at (0,0) size 387x18
          text run at (0,0) width 387: "Font: AppleSDGothicNeo-Medium Weight: 900 Style: italic"
      RenderBlock {DIV} at (0,12611) size 769x24
        RenderText {#text} at (0,2) size 144x19
          text run at (0,2) width 144: "\x{679C}\x{57CE}\x{7684}\x{7F8E}\x{8B7D}\x{3002}\x{4E2D}\x{56FD}\x{53E4}"
      RenderBlock {DIV} at (0,12634) size 769x19
        RenderText {#text} at (0,0) size 368x18
          text run at (0,0) width 368: "Font: AppleSDGothicNeo-Light Weight: 100 Style: italic"
      RenderBlock {DIV} at (0,12652) size 769x23
        RenderText {#text} at (0,2) size 144x19
          text run at (0,2) width 144: "\x{679C}\x{57CE}\x{7684}\x{7F8E}\x{8B7D}\x{3002}\x{4E2D}\x{56FD}\x{53E4}"
      RenderBlock {DIV} at (0,12674) size 769x19
        RenderText {#text} at (0,0) size 368x18
          text run at (0,0) width 368: "Font: AppleSDGothicNeo-Light Weight: 200 Style: italic"
      RenderBlock {DIV} at (0,12692) size 769x23
        RenderText {#text} at (0,2) size 144x19
          text run at (0,2) width 144: "\x{679C}\x{57CE}\x{7684}\x{7F8E}\x{8B7D}\x{3002}\x{4E2D}\x{56FD}\x{53E4}"
      RenderBlock {DIV} at (0,12714) size 769x19
        RenderText {#text} at (0,0) size 368x18
          text run at (0,0) width 368: "Font: AppleSDGothicNeo-Light Weight: 300 Style: italic"
      RenderBlock {DIV} at (0,12732) size 769x24
        RenderText {#text} at (0,2) size 144x19
          text run at (0,2) width 144: "\x{679C}\x{57CE}\x{7684}\x{7F8E}\x{8B7D}\x{3002}\x{4E2D}\x{56FD}\x{53E4}"
      RenderBlock {DIV} at (0,12755) size 769x19
        RenderText {#text} at (0,0) size 368x18
          text run at (0,0) width 368: "Font: AppleSDGothicNeo-Light Weight: 400 Style: italic"
      RenderBlock {DIV} at (0,12773) size 769x23
        RenderText {#text} at (0,2) size 144x19
          text run at (0,2) width 144: "\x{679C}\x{57CE}\x{7684}\x{7F8E}\x{8B7D}\x{3002}\x{4E2D}\x{56FD}\x{53E4}"
      RenderBlock {DIV} at (0,12795) size 769x19
        RenderText {#text} at (0,0) size 368x18
          text run at (0,0) width 368: "Font: AppleSDGothicNeo-Light Weight: 500 Style: italic"
      RenderBlock {DIV} at (0,12813) size 769x24
        RenderText {#text} at (0,2) size 144x19
          text run at (0,2) width 144: "\x{679C}\x{57CE}\x{7684}\x{7F8E}\x{8B7D}\x{3002}\x{4E2D}\x{56FD}\x{53E4}"
      RenderBlock {DIV} at (0,12836) size 769x19
        RenderText {#text} at (0,0) size 368x18
          text run at (0,0) width 368: "Font: AppleSDGothicNeo-Light Weight: 600 Style: italic"
      RenderBlock {DIV} at (0,12854) size 769x23
        RenderText {#text} at (0,2) size 144x19
          text run at (0,2) width 144: "\x{679C}\x{57CE}\x{7684}\x{7F8E}\x{8B7D}\x{3002}\x{4E2D}\x{56FD}\x{53E4}"
      RenderBlock {DIV} at (0,12876) size 769x19
        RenderText {#text} at (0,0) size 368x18
          text run at (0,0) width 368: "Font: AppleSDGothicNeo-Light Weight: 700 Style: italic"
      RenderBlock {DIV} at (0,12894) size 769x23
        RenderText {#text} at (0,2) size 144x19
          text run at (0,2) width 144: "\x{679C}\x{57CE}\x{7684}\x{7F8E}\x{8B7D}\x{3002}\x{4E2D}\x{56FD}\x{53E4}"
      RenderBlock {DIV} at (0,12916) size 769x19
        RenderText {#text} at (0,0) size 368x18
          text run at (0,0) width 368: "Font: AppleSDGothicNeo-Light Weight: 800 Style: italic"
      RenderBlock {DIV} at (0,12934) size 769x24
        RenderText {#text} at (0,2) size 144x19
          text run at (0,2) width 144: "\x{679C}\x{57CE}\x{7684}\x{7F8E}\x{8B7D}\x{3002}\x{4E2D}\x{56FD}\x{53E4}"
      RenderBlock {DIV} at (0,12957) size 769x19
        RenderText {#text} at (0,0) size 368x18
          text run at (0,0) width 368: "Font: AppleSDGothicNeo-Light Weight: 900 Style: italic"
      RenderBlock {DIV} at (0,12975) size 769x23
        RenderText {#text} at (0,2) size 144x19
          text run at (0,2) width 144: "\x{679C}\x{57CE}\x{7684}\x{7F8E}\x{8B7D}\x{3002}\x{4E2D}\x{56FD}\x{53E4}"
      RenderBlock {DIV} at (0,12997) size 769x19
        RenderText {#text} at (0,0) size 400x18
          text run at (0,0) width 400: "Font: AppleSDGothicNeo-UltraLight Weight: 100 Style: italic"
      RenderBlock {DIV} at (0,13015) size 769x24
        RenderText {#text} at (0,2) size 144x19
          text run at (0,2) width 144: "\x{679C}\x{57CE}\x{7684}\x{7F8E}\x{8B7D}\x{3002}\x{4E2D}\x{56FD}\x{53E4}"
      RenderBlock {DIV} at (0,13038) size 769x19
        RenderText {#text} at (0,0) size 400x18
          text run at (0,0) width 400: "Font: AppleSDGothicNeo-UltraLight Weight: 200 Style: italic"
      RenderBlock {DIV} at (0,13056) size 769x23
        RenderText {#text} at (0,2) size 144x19
          text run at (0,2) width 144: "\x{679C}\x{57CE}\x{7684}\x{7F8E}\x{8B7D}\x{3002}\x{4E2D}\x{56FD}\x{53E4}"
      RenderBlock {DIV} at (0,13078) size 769x19
        RenderText {#text} at (0,0) size 400x18
          text run at (0,0) width 400: "Font: AppleSDGothicNeo-UltraLight Weight: 300 Style: italic"
      RenderBlock {DIV} at (0,13096) size 769x23
        RenderText {#text} at (0,2) size 144x19
          text run at (0,2) width 144: "\x{679C}\x{57CE}\x{7684}\x{7F8E}\x{8B7D}\x{3002}\x{4E2D}\x{56FD}\x{53E4}"
      RenderBlock {DIV} at (0,13118) size 769x19
        RenderText {#text} at (0,0) size 400x18
          text run at (0,0) width 400: "Font: AppleSDGothicNeo-UltraLight Weight: 400 Style: italic"
      RenderBlock {DIV} at (0,13136) size 769x24
        RenderText {#text} at (0,2) size 144x19
          text run at (0,2) width 144: "\x{679C}\x{57CE}\x{7684}\x{7F8E}\x{8B7D}\x{3002}\x{4E2D}\x{56FD}\x{53E4}"
      RenderBlock {DIV} at (0,13159) size 769x19
        RenderText {#text} at (0,0) size 400x18
          text run at (0,0) width 400: "Font: AppleSDGothicNeo-UltraLight Weight: 500 Style: italic"
      RenderBlock {DIV} at (0,13177) size 769x23
        RenderText {#text} at (0,2) size 144x19
          text run at (0,2) width 144: "\x{679C}\x{57CE}\x{7684}\x{7F8E}\x{8B7D}\x{3002}\x{4E2D}\x{56FD}\x{53E4}"
      RenderBlock {DIV} at (0,13199) size 769x19
        RenderText {#text} at (0,0) size 400x18
          text run at (0,0) width 400: "Font: AppleSDGothicNeo-UltraLight Weight: 600 Style: italic"
      RenderBlock {DIV} at (0,13217) size 769x24
        RenderText {#text} at (0,2) size 144x19
          text run at (0,2) width 144: "\x{679C}\x{57CE}\x{7684}\x{7F8E}\x{8B7D}\x{3002}\x{4E2D}\x{56FD}\x{53E4}"
      RenderBlock {DIV} at (0,13240) size 769x19
        RenderText {#text} at (0,0) size 400x18
          text run at (0,0) width 400: "Font: AppleSDGothicNeo-UltraLight Weight: 700 Style: italic"
      RenderBlock {DIV} at (0,13258) size 769x23
        RenderText {#text} at (0,2) size 144x19
          text run at (0,2) width 144: "\x{679C}\x{57CE}\x{7684}\x{7F8E}\x{8B7D}\x{3002}\x{4E2D}\x{56FD}\x{53E4}"
      RenderBlock {DIV} at (0,13280) size 769x19
        RenderText {#text} at (0,0) size 400x18
          text run at (0,0) width 400: "Font: AppleSDGothicNeo-UltraLight Weight: 800 Style: italic"
      RenderBlock {DIV} at (0,13298) size 769x23
        RenderText {#text} at (0,2) size 144x19
          text run at (0,2) width 144: "\x{679C}\x{57CE}\x{7684}\x{7F8E}\x{8B7D}\x{3002}\x{4E2D}\x{56FD}\x{53E4}"
      RenderBlock {DIV} at (0,13320) size 769x19
        RenderText {#text} at (0,0) size 400x18
          text run at (0,0) width 400: "Font: AppleSDGothicNeo-UltraLight Weight: 900 Style: italic"
      RenderBlock {DIV} at (0,13338) size 769x24
        RenderText {#text} at (0,2) size 144x19
          text run at (0,2) width 144: "\x{679C}\x{57CE}\x{7684}\x{7F8E}\x{8B7D}\x{3002}\x{4E2D}\x{56FD}\x{53E4}"
      RenderBlock {DIV} at (0,13361) size 769x19
        RenderText {#text} at (0,0) size 363x18
          text run at (0,0) width 363: "Font: AppleSDGothicNeo-Thin Weight: 100 Style: italic"
      RenderBlock {DIV} at (0,13379) size 769x23
        RenderText {#text} at (0,2) size 144x19
          text run at (0,2) width 144: "\x{679C}\x{57CE}\x{7684}\x{7F8E}\x{8B7D}\x{3002}\x{4E2D}\x{56FD}\x{53E4}"
      RenderBlock {DIV} at (0,13401) size 769x19
        RenderText {#text} at (0,0) size 363x18
          text run at (0,0) width 363: "Font: AppleSDGothicNeo-Thin Weight: 200 Style: italic"
      RenderBlock {DIV} at (0,13419) size 769x23
        RenderText {#text} at (0,2) size 144x19
          text run at (0,2) width 144: "\x{679C}\x{57CE}\x{7684}\x{7F8E}\x{8B7D}\x{3002}\x{4E2D}\x{56FD}\x{53E4}"
      RenderBlock {DIV} at (0,13441) size 769x19
        RenderText {#text} at (0,0) size 363x18
          text run at (0,0) width 363: "Font: AppleSDGothicNeo-Thin Weight: 300 Style: italic"
      RenderBlock {DIV} at (0,13459) size 769x24
        RenderText {#text} at (0,2) size 144x19
          text run at (0,2) width 144: "\x{679C}\x{57CE}\x{7684}\x{7F8E}\x{8B7D}\x{3002}\x{4E2D}\x{56FD}\x{53E4}"
      RenderBlock {DIV} at (0,13482) size 769x19
        RenderText {#text} at (0,0) size 363x18
          text run at (0,0) width 363: "Font: AppleSDGothicNeo-Thin Weight: 400 Style: italic"
      RenderBlock {DIV} at (0,13500) size 769x23
        RenderText {#text} at (0,2) size 144x19
          text run at (0,2) width 144: "\x{679C}\x{57CE}\x{7684}\x{7F8E}\x{8B7D}\x{3002}\x{4E2D}\x{56FD}\x{53E4}"
      RenderBlock {DIV} at (0,13522) size 769x19
        RenderText {#text} at (0,0) size 363x18
          text run at (0,0) width 363: "Font: AppleSDGothicNeo-Thin Weight: 500 Style: italic"
      RenderBlock {DIV} at (0,13540) size 769x24
        RenderText {#text} at (0,2) size 144x19
          text run at (0,2) width 144: "\x{679C}\x{57CE}\x{7684}\x{7F8E}\x{8B7D}\x{3002}\x{4E2D}\x{56FD}\x{53E4}"
      RenderBlock {DIV} at (0,13563) size 769x19
        RenderText {#text} at (0,0) size 363x18
          text run at (0,0) width 363: "Font: AppleSDGothicNeo-Thin Weight: 600 Style: italic"
      RenderBlock {DIV} at (0,13581) size 769x23
        RenderText {#text} at (0,2) size 144x19
          text run at (0,2) width 144: "\x{679C}\x{57CE}\x{7684}\x{7F8E}\x{8B7D}\x{3002}\x{4E2D}\x{56FD}\x{53E4}"
      RenderBlock {DIV} at (0,13603) size 769x19
        RenderText {#text} at (0,0) size 363x18
          text run at (0,0) width 363: "Font: AppleSDGothicNeo-Thin Weight: 700 Style: italic"
      RenderBlock {DIV} at (0,13621) size 769x23
        RenderText {#text} at (0,2) size 144x19
          text run at (0,2) width 144: "\x{679C}\x{57CE}\x{7684}\x{7F8E}\x{8B7D}\x{3002}\x{4E2D}\x{56FD}\x{53E4}"
      RenderBlock {DIV} at (0,13643) size 769x19
        RenderText {#text} at (0,0) size 363x18
          text run at (0,0) width 363: "Font: AppleSDGothicNeo-Thin Weight: 800 Style: italic"
      RenderBlock {DIV} at (0,13661) size 769x24
        RenderText {#text} at (0,2) size 144x19
          text run at (0,2) width 144: "\x{679C}\x{57CE}\x{7684}\x{7F8E}\x{8B7D}\x{3002}\x{4E2D}\x{56FD}\x{53E4}"
      RenderBlock {DIV} at (0,13684) size 769x19
        RenderText {#text} at (0,0) size 363x18
          text run at (0,0) width 363: "Font: AppleSDGothicNeo-Thin Weight: 900 Style: italic"
      RenderBlock {DIV} at (0,13702) size 769x23
        RenderText {#text} at (0,2) size 144x19
          text run at (0,2) width 144: "\x{679C}\x{57CE}\x{7684}\x{7F8E}\x{8B7D}\x{3002}\x{4E2D}\x{56FD}\x{53E4}"
      RenderBlock {DIV} at (0,13724) size 769x19
        RenderText {#text} at (0,0) size 397x18
          text run at (0,0) width 397: "Font: AppleSDGothicNeo-SemiBold Weight: 100 Style: italic"
      RenderBlock {DIV} at (0,13742) size 769x24
        RenderText {#text} at (0,2) size 144x19
          text run at (0,2) width 144: "\x{679C}\x{57CE}\x{7684}\x{7F8E}\x{8B7D}\x{3002}\x{4E2D}\x{56FD}\x{53E4}"
      RenderBlock {DIV} at (0,13765) size 769x19
        RenderText {#text} at (0,0) size 397x18
          text run at (0,0) width 397: "Font: AppleSDGothicNeo-SemiBold Weight: 200 Style: italic"
      RenderBlock {DIV} at (0,13783) size 769x23
        RenderText {#text} at (0,2) size 144x19
          text run at (0,2) width 144: "\x{679C}\x{57CE}\x{7684}\x{7F8E}\x{8B7D}\x{3002}\x{4E2D}\x{56FD}\x{53E4}"
      RenderBlock {DIV} at (0,13805) size 769x19
        RenderText {#text} at (0,0) size 397x18
          text run at (0,0) width 397: "Font: AppleSDGothicNeo-SemiBold Weight: 300 Style: italic"
      RenderBlock {DIV} at (0,13823) size 769x23
        RenderText {#text} at (0,2) size 144x19
          text run at (0,2) width 144: "\x{679C}\x{57CE}\x{7684}\x{7F8E}\x{8B7D}\x{3002}\x{4E2D}\x{56FD}\x{53E4}"
      RenderBlock {DIV} at (0,13845) size 769x19
        RenderText {#text} at (0,0) size 397x18
          text run at (0,0) width 397: "Font: AppleSDGothicNeo-SemiBold Weight: 400 Style: italic"
      RenderBlock {DIV} at (0,13863) size 769x24
        RenderText {#text} at (0,2) size 144x19
          text run at (0,2) width 144: "\x{679C}\x{57CE}\x{7684}\x{7F8E}\x{8B7D}\x{3002}\x{4E2D}\x{56FD}\x{53E4}"
      RenderBlock {DIV} at (0,13886) size 769x19
        RenderText {#text} at (0,0) size 397x18
          text run at (0,0) width 397: "Font: AppleSDGothicNeo-SemiBold Weight: 500 Style: italic"
      RenderBlock {DIV} at (0,13904) size 769x23
        RenderText {#text} at (0,2) size 144x19
          text run at (0,2) width 144: "\x{679C}\x{57CE}\x{7684}\x{7F8E}\x{8B7D}\x{3002}\x{4E2D}\x{56FD}\x{53E4}"
      RenderBlock {DIV} at (0,13926) size 769x19
        RenderText {#text} at (0,0) size 397x18
          text run at (0,0) width 397: "Font: AppleSDGothicNeo-SemiBold Weight: 600 Style: italic"
      RenderBlock {DIV} at (0,13944) size 769x24
        RenderText {#text} at (0,2) size 144x19
          text run at (0,2) width 144: "\x{679C}\x{57CE}\x{7684}\x{7F8E}\x{8B7D}\x{3002}\x{4E2D}\x{56FD}\x{53E4}"
      RenderBlock {DIV} at (0,13967) size 769x19
        RenderText {#text} at (0,0) size 397x18
          text run at (0,0) width 397: "Font: AppleSDGothicNeo-SemiBold Weight: 700 Style: italic"
      RenderBlock {DIV} at (0,13985) size 769x23
        RenderText {#text} at (0,2) size 144x19
          text run at (0,2) width 144: "\x{679C}\x{57CE}\x{7684}\x{7F8E}\x{8B7D}\x{3002}\x{4E2D}\x{56FD}\x{53E4}"
      RenderBlock {DIV} at (0,14007) size 769x19
        RenderText {#text} at (0,0) size 397x18
          text run at (0,0) width 397: "Font: AppleSDGothicNeo-SemiBold Weight: 800 Style: italic"
      RenderBlock {DIV} at (0,14025) size 769x23
        RenderText {#text} at (0,2) size 144x19
          text run at (0,2) width 144: "\x{679C}\x{57CE}\x{7684}\x{7F8E}\x{8B7D}\x{3002}\x{4E2D}\x{56FD}\x{53E4}"
      RenderBlock {DIV} at (0,14047) size 769x19
        RenderText {#text} at (0,0) size 397x18
          text run at (0,0) width 397: "Font: AppleSDGothicNeo-SemiBold Weight: 900 Style: italic"
      RenderBlock {DIV} at (0,14065) size 769x24
        RenderText {#text} at (0,2) size 144x19
          text run at (0,2) width 144: "\x{679C}\x{57CE}\x{7684}\x{7F8E}\x{8B7D}\x{3002}\x{4E2D}\x{56FD}\x{53E4}"
      RenderBlock {DIV} at (0,14088) size 769x19
        RenderText {#text} at (0,0) size 364x18
          text run at (0,0) width 364: "Font: AppleSDGothicNeo-Bold Weight: 100 Style: italic"
      RenderBlock {DIV} at (0,14106) size 769x23
        RenderText {#text} at (0,2) size 144x19
          text run at (0,2) width 144: "\x{679C}\x{57CE}\x{7684}\x{7F8E}\x{8B7D}\x{3002}\x{4E2D}\x{56FD}\x{53E4}"
      RenderBlock {DIV} at (0,14128) size 769x19
        RenderText {#text} at (0,0) size 364x18
          text run at (0,0) width 364: "Font: AppleSDGothicNeo-Bold Weight: 200 Style: italic"
      RenderBlock {DIV} at (0,14146) size 769x24
        RenderText {#text} at (0,2) size 144x19
          text run at (0,2) width 144: "\x{679C}\x{57CE}\x{7684}\x{7F8E}\x{8B7D}\x{3002}\x{4E2D}\x{56FD}\x{53E4}"
      RenderBlock {DIV} at (0,14169) size 769x19
        RenderText {#text} at (0,0) size 364x18
          text run at (0,0) width 364: "Font: AppleSDGothicNeo-Bold Weight: 300 Style: italic"
      RenderBlock {DIV} at (0,14187) size 769x23
        RenderText {#text} at (0,2) size 144x19
          text run at (0,2) width 144: "\x{679C}\x{57CE}\x{7684}\x{7F8E}\x{8B7D}\x{3002}\x{4E2D}\x{56FD}\x{53E4}"
      RenderBlock {DIV} at (0,14209) size 769x19
        RenderText {#text} at (0,0) size 364x18
          text run at (0,0) width 364: "Font: AppleSDGothicNeo-Bold Weight: 400 Style: italic"
      RenderBlock {DIV} at (0,14227) size 769x23
        RenderText {#text} at (0,2) size 144x19
          text run at (0,2) width 144: "\x{679C}\x{57CE}\x{7684}\x{7F8E}\x{8B7D}\x{3002}\x{4E2D}\x{56FD}\x{53E4}"
      RenderBlock {DIV} at (0,14249) size 769x19
        RenderText {#text} at (0,0) size 364x18
          text run at (0,0) width 364: "Font: AppleSDGothicNeo-Bold Weight: 500 Style: italic"
      RenderBlock {DIV} at (0,14267) size 769x24
        RenderText {#text} at (0,2) size 144x19
          text run at (0,2) width 144: "\x{679C}\x{57CE}\x{7684}\x{7F8E}\x{8B7D}\x{3002}\x{4E2D}\x{56FD}\x{53E4}"
      RenderBlock {DIV} at (0,14290) size 769x19
        RenderText {#text} at (0,0) size 364x18
          text run at (0,0) width 364: "Font: AppleSDGothicNeo-Bold Weight: 600 Style: italic"
      RenderBlock {DIV} at (0,14308) size 769x23
        RenderText {#text} at (0,2) size 144x19
          text run at (0,2) width 144: "\x{679C}\x{57CE}\x{7684}\x{7F8E}\x{8B7D}\x{3002}\x{4E2D}\x{56FD}\x{53E4}"
      RenderBlock {DIV} at (0,14330) size 769x19
        RenderText {#text} at (0,0) size 364x18
          text run at (0,0) width 364: "Font: AppleSDGothicNeo-Bold Weight: 700 Style: italic"
      RenderBlock {DIV} at (0,14348) size 769x23
        RenderText {#text} at (0,2) size 144x19
          text run at (0,2) width 144: "\x{679C}\x{57CE}\x{7684}\x{7F8E}\x{8B7D}\x{3002}\x{4E2D}\x{56FD}\x{53E4}"
      RenderBlock {DIV} at (0,14370) size 769x19
        RenderText {#text} at (0,0) size 364x18
          text run at (0,0) width 364: "Font: AppleSDGothicNeo-Bold Weight: 800 Style: italic"
      RenderBlock {DIV} at (0,14388) size 769x24
        RenderText {#text} at (0,2) size 144x19
          text run at (0,2) width 144: "\x{679C}\x{57CE}\x{7684}\x{7F8E}\x{8B7D}\x{3002}\x{4E2D}\x{56FD}\x{53E4}"
      RenderBlock {DIV} at (0,14411) size 769x19
        RenderText {#text} at (0,0) size 364x18
          text run at (0,0) width 364: "Font: AppleSDGothicNeo-Bold Weight: 900 Style: italic"
      RenderBlock {DIV} at (0,14429) size 769x23
        RenderText {#text} at (0,2) size 144x19
          text run at (0,2) width 144: "\x{679C}\x{57CE}\x{7684}\x{7F8E}\x{8B7D}\x{3002}\x{4E2D}\x{56FD}\x{53E4}"
      RenderBlock {DIV} at (0,14451) size 769x19
        RenderText {#text} at (0,0) size 399x18
          text run at (0,0) width 399: "Font: AppleSDGothicNeo-ExtraBold Weight: 100 Style: italic"
      RenderBlock {DIV} at (0,14469) size 769x24
        RenderText {#text} at (0,2) size 144x19
          text run at (0,2) width 144: "\x{679C}\x{57CE}\x{7684}\x{7F8E}\x{8B7D}\x{3002}\x{4E2D}\x{56FD}\x{53E4}"
      RenderBlock {DIV} at (0,14492) size 769x19
        RenderText {#text} at (0,0) size 399x18
          text run at (0,0) width 399: "Font: AppleSDGothicNeo-ExtraBold Weight: 200 Style: italic"
      RenderBlock {DIV} at (0,14510) size 769x23
        RenderText {#text} at (0,2) size 144x19
          text run at (0,2) width 144: "\x{679C}\x{57CE}\x{7684}\x{7F8E}\x{8B7D}\x{3002}\x{4E2D}\x{56FD}\x{53E4}"
      RenderBlock {DIV} at (0,14532) size 769x19
        RenderText {#text} at (0,0) size 399x18
          text run at (0,0) width 399: "Font: AppleSDGothicNeo-ExtraBold Weight: 300 Style: italic"
      RenderBlock {DIV} at (0,14550) size 769x23
        RenderText {#text} at (0,2) size 144x19
          text run at (0,2) width 144: "\x{679C}\x{57CE}\x{7684}\x{7F8E}\x{8B7D}\x{3002}\x{4E2D}\x{56FD}\x{53E4}"
      RenderBlock {DIV} at (0,14572) size 769x19
        RenderText {#text} at (0,0) size 399x18
          text run at (0,0) width 399: "Font: AppleSDGothicNeo-ExtraBold Weight: 400 Style: italic"
      RenderBlock {DIV} at (0,14590) size 769x24
        RenderText {#text} at (0,2) size 144x19
          text run at (0,2) width 144: "\x{679C}\x{57CE}\x{7684}\x{7F8E}\x{8B7D}\x{3002}\x{4E2D}\x{56FD}\x{53E4}"
      RenderBlock {DIV} at (0,14613) size 769x19
        RenderText {#text} at (0,0) size 399x18
          text run at (0,0) width 399: "Font: AppleSDGothicNeo-ExtraBold Weight: 500 Style: italic"
      RenderBlock {DIV} at (0,14631) size 769x23
        RenderText {#text} at (0,2) size 144x19
          text run at (0,2) width 144: "\x{679C}\x{57CE}\x{7684}\x{7F8E}\x{8B7D}\x{3002}\x{4E2D}\x{56FD}\x{53E4}"
      RenderBlock {DIV} at (0,14653) size 769x19
        RenderText {#text} at (0,0) size 399x18
          text run at (0,0) width 399: "Font: AppleSDGothicNeo-ExtraBold Weight: 600 Style: italic"
      RenderBlock {DIV} at (0,14671) size 769x24
        RenderText {#text} at (0,2) size 144x19
          text run at (0,2) width 144: "\x{679C}\x{57CE}\x{7684}\x{7F8E}\x{8B7D}\x{3002}\x{4E2D}\x{56FD}\x{53E4}"
      RenderBlock {DIV} at (0,14694) size 769x19
        RenderText {#text} at (0,0) size 399x18
          text run at (0,0) width 399: "Font: AppleSDGothicNeo-ExtraBold Weight: 700 Style: italic"
      RenderBlock {DIV} at (0,14712) size 769x23
        RenderText {#text} at (0,2) size 144x19
          text run at (0,2) width 144: "\x{679C}\x{57CE}\x{7684}\x{7F8E}\x{8B7D}\x{3002}\x{4E2D}\x{56FD}\x{53E4}"
      RenderBlock {DIV} at (0,14734) size 769x19
        RenderText {#text} at (0,0) size 399x18
          text run at (0,0) width 399: "Font: AppleSDGothicNeo-ExtraBold Weight: 800 Style: italic"
      RenderBlock {DIV} at (0,14752) size 769x23
        RenderText {#text} at (0,2) size 144x19
          text run at (0,2) width 144: "\x{679C}\x{57CE}\x{7684}\x{7F8E}\x{8B7D}\x{3002}\x{4E2D}\x{56FD}\x{53E4}"
      RenderBlock {DIV} at (0,14774) size 769x19
        RenderText {#text} at (0,0) size 399x18
          text run at (0,0) width 399: "Font: AppleSDGothicNeo-ExtraBold Weight: 900 Style: italic"
      RenderBlock {DIV} at (0,14792) size 769x24
        RenderText {#text} at (0,2) size 144x19
          text run at (0,2) width 144: "\x{679C}\x{57CE}\x{7684}\x{7F8E}\x{8B7D}\x{3002}\x{4E2D}\x{56FD}\x{53E4}"
      RenderBlock {DIV} at (0,14815) size 769x19
        RenderText {#text} at (0,0) size 375x18
          text run at (0,0) width 375: "Font: AppleSDGothicNeo-Heavy Weight: 100 Style: italic"
      RenderBlock {DIV} at (0,14833) size 769x23
        RenderText {#text} at (0,2) size 144x19
          text run at (0,2) width 144: "\x{679C}\x{57CE}\x{7684}\x{7F8E}\x{8B7D}\x{3002}\x{4E2D}\x{56FD}\x{53E4}"
      RenderBlock {DIV} at (0,14855) size 769x19
        RenderText {#text} at (0,0) size 375x18
          text run at (0,0) width 375: "Font: AppleSDGothicNeo-Heavy Weight: 200 Style: italic"
      RenderBlock {DIV} at (0,14873) size 769x24
        RenderText {#text} at (0,2) size 144x19
          text run at (0,2) width 144: "\x{679C}\x{57CE}\x{7684}\x{7F8E}\x{8B7D}\x{3002}\x{4E2D}\x{56FD}\x{53E4}"
      RenderBlock {DIV} at (0,14896) size 769x19
        RenderText {#text} at (0,0) size 375x18
          text run at (0,0) width 375: "Font: AppleSDGothicNeo-Heavy Weight: 300 Style: italic"
      RenderBlock {DIV} at (0,14914) size 769x23
        RenderText {#text} at (0,2) size 144x19
          text run at (0,2) width 144: "\x{679C}\x{57CE}\x{7684}\x{7F8E}\x{8B7D}\x{3002}\x{4E2D}\x{56FD}\x{53E4}"
      RenderBlock {DIV} at (0,14936) size 769x19
        RenderText {#text} at (0,0) size 375x18
          text run at (0,0) width 375: "Font: AppleSDGothicNeo-Heavy Weight: 400 Style: italic"
      RenderBlock {DIV} at (0,14954) size 769x23
        RenderText {#text} at (0,2) size 144x19
          text run at (0,2) width 144: "\x{679C}\x{57CE}\x{7684}\x{7F8E}\x{8B7D}\x{3002}\x{4E2D}\x{56FD}\x{53E4}"
      RenderBlock {DIV} at (0,14976) size 769x19
        RenderText {#text} at (0,0) size 375x18
          text run at (0,0) width 375: "Font: AppleSDGothicNeo-Heavy Weight: 500 Style: italic"
      RenderBlock {DIV} at (0,14994) size 769x24
        RenderText {#text} at (0,2) size 144x19
          text run at (0,2) width 144: "\x{679C}\x{57CE}\x{7684}\x{7F8E}\x{8B7D}\x{3002}\x{4E2D}\x{56FD}\x{53E4}"
      RenderBlock {DIV} at (0,15017) size 769x19
        RenderText {#text} at (0,0) size 375x18
          text run at (0,0) width 375: "Font: AppleSDGothicNeo-Heavy Weight: 600 Style: italic"
      RenderBlock {DIV} at (0,15035) size 769x23
        RenderText {#text} at (0,2) size 144x19
          text run at (0,2) width 144: "\x{679C}\x{57CE}\x{7684}\x{7F8E}\x{8B7D}\x{3002}\x{4E2D}\x{56FD}\x{53E4}"
      RenderBlock {DIV} at (0,15057) size 769x19
        RenderText {#text} at (0,0) size 375x18
          text run at (0,0) width 375: "Font: AppleSDGothicNeo-Heavy Weight: 700 Style: italic"
      RenderBlock {DIV} at (0,15075) size 769x23
        RenderText {#text} at (0,2) size 144x19
          text run at (0,2) width 144: "\x{679C}\x{57CE}\x{7684}\x{7F8E}\x{8B7D}\x{3002}\x{4E2D}\x{56FD}\x{53E4}"
      RenderBlock {DIV} at (0,15098) size 769x18
        RenderText {#text} at (0,0) size 375x18
          text run at (0,0) width 375: "Font: AppleSDGothicNeo-Heavy Weight: 800 Style: italic"
      RenderBlock {DIV} at (0,15116) size 769x23
        RenderText {#text} at (0,2) size 144x19
          text run at (0,2) width 144: "\x{679C}\x{57CE}\x{7684}\x{7F8E}\x{8B7D}\x{3002}\x{4E2D}\x{56FD}\x{53E4}"
      RenderBlock {DIV} at (0,15138) size 769x19
        RenderText {#text} at (0,0) size 375x18
          text run at (0,0) width 375: "Font: AppleSDGothicNeo-Heavy Weight: 900 Style: italic"
      RenderBlock {DIV} at (0,15156) size 769x23
        RenderText {#text} at (0,2) size 144x19
          text run at (0,2) width 144: "\x{679C}\x{57CE}\x{7684}\x{7F8E}\x{8B7D}\x{3002}\x{4E2D}\x{56FD}\x{53E4}"
