layer at (0,0) size 800x600
  RenderView at (0,0) size 800x600
layer at (0,0) size 800x600
  RenderBlock {HTML} at (0,0) size 800x600
    RenderBody {BODY} at (8,8) size 784x584
      RenderBlock (floating) {DIV} at (4,0) size 344x232
        RenderBlock {P} at (0,16) size 344x18
          RenderText {#text} at (0,0) size 208x18
            text run at (0,0) width 208: "The initial value (should be like "
          RenderInline {TT} at (207,1) size 33x17
            RenderText {#text} at (207,1) size 33x17
              text run at (207,1) width 33: "auto"
          RenderText {#text} at (239,0) size 6x18
            text run at (239,0) width 6: ")"
        RenderBlock {DIV} at (0,50) size 344x182 [border: (3px solid #000000)]
          RenderBlock (floating) {DIV} at (262,7) size 75x90 [bgcolor=#F0F8FF]
          RenderText {#text} at (7,7) size 330x168
            text run at (7,7) width 245: "The chief difficulty Alice found"
            text run at (7,28) width 245: "at first was in managing her"
            text run at (7,49) width 245: "flamingo: she succeeded in get" + hyphen string "\x{2010}"
            text run at (7,70) width 209: "ting its body tucked away, "
            text run at (215,70) width 37: "com" + hyphen string "\x{2010}"
            text run at (7,91) width 245: "fortably enough, under her arm,"
            text run at (7,112) width 228: "with its legs hanging down, "
            text run at (234,112) width 103: "but generally,"
            text run at (7,133) width 330: "just as she had got its neck nicely straight" + hyphen string "\x{2010}"
            text run at (7,154) width 39: "ened."
      RenderBlock (floating) {DIV} at (356,0) size 344x232
        RenderBlock {P} at (0,16) size 344x18
          RenderText {#text} at (0,0) size 83x18
            text run at (0,0) width 83: "The default ("
          RenderInline {TT} at (82,1) size 197x17
            RenderText {#text} at (82,1) size 197x17
              text run at (82,1) width 197: "hyphenate-character: auto"
          RenderText {#text} at (278,0) size 6x18
            text run at (278,0) width 6: ")"
        RenderBlock {DIV} at (0,50) size 344x182 [border: (3px solid #000000)]
          RenderBlock (floating) {DIV} at (262,7) size 75x90 [bgcolor=#F0F8FF]
          RenderText {#text} at (7,7) size 330x168
            text run at (7,7) width 245: "The chief difficulty Alice found"
            text run at (7,28) width 245: "at first was in managing her"
            text run at (7,49) width 245: "flamingo: she succeeded in get" + hyphen string "\x{2010}"
            text run at (7,70) width 209: "ting its body tucked away, "
            text run at (215,70) width 37: "com" + hyphen string "\x{2010}"
            text run at (7,91) width 245: "fortably enough, under her arm,"
            text run at (7,112) width 228: "with its legs hanging down, "
            text run at (234,112) width 103: "but generally,"
            text run at (7,133) width 330: "just as she had got its neck nicely straight" + hyphen string "\x{2010}"
            text run at (7,154) width 39: "ened."
      RenderBlock (floating) {DIV} at (4,232) size 344x232
        RenderBlock {P} at (0,16) size 344x18
          RenderText {#text} at (0,0) size 49x18
            text run at (0,0) width 49: "Bullet ("
          RenderInline {TT} at (48,1) size 220x17
            RenderText {#text} at (48,1) size 220x17
              text run at (48,1) width 220: "hyphenate-character: \"\\2022\""
          RenderText {#text} at (267,0) size 6x18
            text run at (267,0) width 6: ")"
        RenderBlock {DIV} at (0,50) size 344x182 [border: (3px solid #000000)]
          RenderBlock (floating) {DIV} at (262,7) size 75x90 [bgcolor=#F0F8FF]
          RenderText {#text} at (7,7) size 330x168
            text run at (7,7) width 245: "The chief difficulty Alice found"
            text run at (7,28) width 245: "at first was in managing her"
            text run at (7,49) width 245: "flamingo: she succeeded in get" + hyphen string "\x{2022}"
            text run at (7,70) width 208: "ting its body tucked away, "
            text run at (214,70) width 38: "com" + hyphen string "\x{2022}"
            text run at (7,91) width 245: "fortably enough, under her arm,"
            text run at (7,112) width 228: "with its legs hanging down, "
            text run at (234,112) width 103: "but generally,"
            text run at (7,133) width 330: "just as she had got its neck nicely straight" + hyphen string "\x{2022}"
            text run at (7,154) width 39: "ened."
      RenderBlock (floating) {DIV} at (356,232) size 357x232
        RenderBlock {P} at (0,16) size 357x18
          RenderText {#text} at (0,0) size 140x18
            text run at (0,0) width 140: "Middle dot and tilde ("
          RenderInline {TT} at (139,1) size 212x17
            RenderText {#text} at (139,1) size 212x17
              text run at (139,1) width 212: "hyphenate-character: \"\\B7~\""
          RenderText {#text} at (350,0) size 7x18
            text run at (350,0) width 7: ")"
        RenderBlock {DIV} at (0,50) size 344x182 [border: (3px solid #000000)]
          RenderBlock (floating) {DIV} at (262,7) size 75x90 [bgcolor=#F0F8FF]
          RenderText {#text} at (7,7) size 330x168
            text run at (7,7) width 245: "The chief difficulty Alice found"
            text run at (7,28) width 245: "at first was in managing her"
            text run at (7,49) width 245: "flamingo: she succeeded in get" + hyphen string "\x{B7}~"
            text run at (7,70) width 200: "ting its body tucked away, "
            text run at (206,70) width 46: "com" + hyphen string "\x{B7}~"
            text run at (7,91) width 245: "fortably enough, under her arm,"
            text run at (7,112) width 228: "with its legs hanging down, "
            text run at (234,112) width 103: "but generally,"
            text run at (7,133) width 330: "just as she had got its neck nicely straight" + hyphen string "\x{B7}~"
            text run at (7,154) width 39: "ened."
