layer at (0,0) size 785x672
  RenderView at (0,0) size 785x600
layer at (0,0) size 785x672
  RenderBlock {HTML} at (0,0) size 785x672
    RenderBody {BODY} at (8,8) size 769x656
      RenderBlock {DIV} at (0,0) size 130x328
        RenderBlock {DIV} at (0,0) size 130x41
          RenderText {#text} at (0,0) size 158x41
            text run at (0,0) width 158: "throughout"
        RenderBlock {DIV} at (0,41) size 130x82
          RenderText {#text} at (0,0) size 124x82
            text run at (0,0) width 124: "through" + hyphen string "\x{2010}"
            text run at (0,41) width 47: "out"
        RenderBlock {DIV} at (0,123) size 130x82
          RenderText {#text} at (0,0) size 124x82
            text run at (0,0) width 124: "through" + hyphen string "\x{2010}"
            text run at (0,41) width 47: "out"
        RenderBlock {DIV} at (0,205) size 130x82
          RenderText {#text} at (0,0) size 124x82
            text run at (0,0) width 124: "through" + hyphen string "\x{2010}"
            text run at (0,41) width 47: "out"
        RenderBlock {DIV} at (0,287) size 130x41
          RenderText {#text} at (0,0) size 158x41
            text run at (0,0) width 158: "throughout"
      RenderBlock {DIV} at (0,328) size 135x328
        RenderBlock {DIV} at (0,0) size 135x41
          RenderText {#text} at (0,0) size 156x41
            text run at (0,0) width 156: "reciprocity"
        RenderBlock {DIV} at (0,41) size 135x82
          RenderText {#text} at (0,0) size 102x82
            text run at (0,0) width 66: "reci" + hyphen string "\x{2010}"
            text run at (0,41) width 102: "procity"
        RenderBlock {DIV} at (0,123) size 135x82
          RenderText {#text} at (0,0) size 102x82
            text run at (0,0) width 66: "reci" + hyphen string "\x{2010}"
            text run at (0,41) width 102: "procity"
        RenderBlock {DIV} at (0,205) size 135x82
          RenderText {#text} at (0,0) size 128x82
            text run at (0,0) width 40: "re" + hyphen string "\x{2010}"
            text run at (0,41) width 128: "ciprocity"
        RenderBlock {DIV} at (0,287) size 135x41
          RenderText {#text} at (0,0) size 156x41
            text run at (0,0) width 156: "reciprocity"
