layer at (0,0) size 800x600
  RenderView at (0,0) size 800x600
layer at (0,0) size 800x600
  RenderBlock {HTML} at (0,0) size 800x600
    RenderBody {BODY} at (8,8) size 784x584
      RenderBlock {P} at (0,0) size 784x18
        RenderText {#text} at (0,0) size 109x18
          text run at (0,0) width 109: "Test for revision "
        RenderInline {A} at (0,0) size 49x18 [color=#0000EE]
          RenderText {#text} at (108,0) size 49x18
            text run at (108,0) width 49: "#20574"
        RenderText {#text} at (156,0) size 5x18
          text run at (156,0) width 5: "."
      RenderBlock {P} at (0,34) size 784x18
        RenderText {#text} at (0,0) size 255x18
          text run at (0,0) width 255: "The two blue boxes should be identical."
      RenderBlock {DIV} at (0,68) size 106x42 [border: (3px solid #0000FF)]
        RenderText {#text} at (3,3) size 10x18
          text run at (3,3) width 10: "L"
        RenderInline {SPAN} at (0,0) size 41x18 [color=#008000] [bgcolor=#FFFF00]
          RenderText {#text} at (12,3) size 41x18
            text run at (12,3) width 41: "o r"
        RenderText {#text} at (52,3) size 100x36
          text run at (52,3) width 51: "e mi"
          text run at (3,21) width 69: "psumdolor"
      RenderBlock (anonymous) at (0,110) size 784x18
        RenderBR {BR} at (0,0) size 0x18
      RenderBlock {DIV} at (0,128) size 106x42 [border: (3px solid #0000FF)]
        RenderText {#text} at (3,3) size 100x36
          text run at (3,3) width 100: "Lo re mi"
          text run at (3,21) width 69: "psumdolor"
selection start: position 1 of child 0 {#text} of child 8 {DIV} of body
selection end:   position 4 of child 0 {#text} of child 8 {DIV} of body
