layer at (0,0) size 800x600
  RenderView at (0,0) size 800x600
layer at (0,0) size 800x220
  RenderBlock {HTML} at (0,0) size 800x220
    RenderBody {BODY} at (8,8) size 784x192
      RenderBlock (anonymous) at (0,0) size 784x18
        RenderText {#text} at (0,0) size 84x18
          text run at (0,0) width 84: "This is good:"
      RenderBlock {DIV} at (0,38) size 200x48
        RenderBlock {P} at (0,0) size 200x48 [border: (1px solid #008000)]
          RenderText {#text} at (1,1) size 190x46
            text run at (1,1) width 190: "lorem ipsum dolor sit??"
            text run at (1,24) width 39: "amet"
      RenderBlock (anonymous) at (0,106) size 784x18
        RenderText {#text} at (0,0) size 253x18
          text run at (0,0) width 253: "The following should look like \x{201C}good\x{201D}:"
      RenderBlock {DIV} at (0,144) size 200x48
        RenderBlock {P} at (0,0) size 200x48 [border: (1px solid #008000)]
          RenderText {#text} at (1,1) size 190x46
            text run at (1,1) width 190: "lorem ipsum dolor sit??"
            text run at (1,24) width 39: "amet"
