layer at (0,0) size 800x600
  RenderView at (0,0) size 800x600
layer at (0,0) size 800x494
  RenderBlock {HTML} at (0,0) size 800x494
    RenderBody {BODY} at (8,8) size 784x465
      RenderBlock (anonymous) at (0,0) size 784x18
        RenderText {#text} at (0,0) size 84x18
          text run at (0,0) width 84: "This is good:"
      RenderBlock {DIV} at (0,39) size 100x53
        RenderBlock {P} at (0,0) size 100x53 [border: (1px solid #008000)]
          RenderText {#text} at (33,1) size 66x51
            text run at (33,1) width 66: "Lorem"
            text run at (35,26) width 64: "ipsum"
      RenderBlock (anonymous) at (0,112) size 784x19
        RenderText {#text} at (0,0) size 289x18
          text run at (0,0) width 289: "The following three should look like \x{201C}good\x{201D}:"
      RenderBlock {DIV} at (0,152) size 100x200
        RenderBlock {P} at (0,0) size 100x53 [border: (1px solid #0000FF)]
          RenderText {#text} at (33,1) size 66x51
            text run at (33,1) width 66: "Lorem"
            text run at (35,26) width 64: "\x{131}psum"
        RenderBlock {P} at (0,73) size 100x53 [border: (1px solid #0000FF)]
          RenderText {#text} at (33,1) size 66x51
            text run at (33,1) width 66: "Lorem"
            text run at (35,26) width 64: "\x{131}psum"
        RenderBlock {P} at (0,147) size 100x53 [border: (1px solid #0000FF)]
          RenderText {#text} at (33,1) size 66x51
            text run at (33,1) width 66: "Lore\x{1E3F}"
            text run at (35,26) width 64: "ipsum"
      RenderBlock (anonymous) at (0,372) size 784x19
        RenderText {#text} at (0,0) size 75x18
          text run at (0,0) width 75: "This is bad:"
      RenderBlock {DIV} at (0,412) size 100x53
        RenderBlock {P} at (0,0) size 100x53 [border: (1px solid #FF0000)]
          RenderText {#text} at (27,1) size 72x51
            text run at (27,1) width 72: "Lorem "
            text run at (35,26) width 64: "ipsum"
