layer at (0,0) size 800x600
  RenderView at (0,0) size 800x600
layer at (0,0) size 800x600
  RenderBlock {HTML} at (0,0) size 800x600
    RenderBody {BODY} at (8,8) size 784x582
      RenderBlock {P} at (0,0) size 784x36
        RenderText {#text} at (0,0) size 54x18
          text run at (0,0) width 54: "Test for "
        RenderInline {I} at (0,0) size 772x36
          RenderInline {A} at (0,0) size 312x18 [color=#0000EE]
            RenderText {#text} at (53,0) size 312x18
              text run at (53,0) width 312: "https://bugs.webkit.org/show_bug.cgi?id=32794"
          RenderText {#text} at (364,0) size 772x36
            text run at (364,0) width 5: " "
            text run at (368,0) width 404: "With text-rendering: optimizelegibility, sometimes lines run too"
            text run at (0,18) width 29: "long"
        RenderText {#text} at (28,18) size 5x18
          text run at (28,18) width 5: "."
      RenderBlock {P} at (0,52) size 784x18
        RenderText {#text} at (0,0) size 580x18
          text run at (0,0) width 428: "Text should not overflow any of these boxes. The terminal of the f "
          text run at (427,0) width 153: "may overlap the border."
      RenderBlock {DIV} at (0,86) size 251x42 [border: (3px solid #0000FF)]
        RenderText {#text} at (3,3) size 245x36
          text run at (3,3) width 245: "maintenance of the balance of power"
          text run at (3,21) width 13: "in"
      RenderBlock {DIV} at (0,138) size 251x42 [border: (3px solid #FF0000)]
        RenderText {#text} at (3,3) size 245x36
          text run at (3,3) width 245: "maintenance of the balance of power"
          text run at (3,21) width 13: "in"
      RenderBlock {DIV} at (0,190) size 251x42 [border: (3px solid #0000FF)]
        RenderText {#text} at (3,3) size 242x36
          text run at (3,3) width 242: "maintenance of the balance of power"
          text run at (3,21) width 13: "in"
      RenderBlock {DIV} at (0,242) size 251x42 [border: (3px solid #FF0000)]
        RenderText {#text} at (3,3) size 242x36
          text run at (3,3) width 242: "maintenance of the balance of power"
          text run at (3,21) width 13: "in"
      RenderBlock {DIV} at (0,294) size 251x42 [border: (3px solid #0000FF)]
        RenderText {#text} at (3,3) size 241x36
          text run at (3,3) width 241: "f f f f f f f f f f f f f f f f f f f f f f f"
          text run at (3,21) width 79: "f f f f f f f f"
      RenderBlock {DIV} at (0,346) size 251x42 [border: (3px solid #FF0000)]
        RenderText {#text} at (3,3) size 241x36
          text run at (3,3) width 241: "f f f f f f f f f f f f f f f f f f f f f f f"
          text run at (3,21) width 79: "f f f f f f f f"
