layer at (0,0) size 800x600
  RenderView at (0,0) size 800x600
layer at (0,0) size 800x600
  RenderBlock {HTML} at (0,0) size 800x600
    RenderBody {BODY} at (8,8) size 784x584
      RenderBlock {P} at (0,0) size 784x36
        RenderText {#text} at (0,0) size 177x18
          text run at (0,0) width 177: "This is a regression test for "
        RenderInline {I} at (0,0) size 724x36
          RenderInline {A} at (0,0) size 354x18 [color=#0000EE]
            RenderText {#text} at (176,0) size 354x18
              text run at (176,0) width 354: "http://bugzilla.opendarwin.org/show_bug.cgi?id=8485"
          RenderText {#text} at (529,0) size 724x36
            text run at (529,0) width 5: " "
            text run at (533,0) width 191: "iExploder(#11705): Freeze in"
            text run at (0,18) width 144: "RenderBlock::layout()"
        RenderText {#text} at (143,18) size 5x18
          text run at (143,18) width 5: "."
      RenderBlock {HR} at (0,52) size 784x2 [border: (1px inset #000000)]
      RenderBlock {DIV} at (0,62) size 30x276
        RenderText {#text} at (0,0) size 87x276
          text run at (0,0) width 0: " "
          text run at (0,138) width 87: "A"
