layer at (0,0) size 800x600
  RenderView at (0,0) size 800x600
layer at (0,0) size 800x600
  RenderBlock {HTML} at (0,0) size 800x600
    RenderBody {BODY} at (8,8) size 784x584
      RenderBlock {DIV} at (0,0) size 186x92 [border: (3px solid #0000FF)]
        RenderText {#text} at (3,3) size 170x84
          text run at (3,3) width 170: "\x{D834}\x{DD10}\x{D834}\x{DD10}\x{D834}\x{DD10}\x{D834}\x{DD10}\x{D834}\x{DD10}\x{D834}\x{DD10}\x{D834}\x{DD10}"
          text run at (3,46) width 73: "\x{D834}\x{DD10}\x{D834}\x{DD10}\x{D834}\x{DD10}"
