layer at (0,0) size 800x600
  RenderView at (0,0) size 800x600
layer at (0,0) size 800x600
  RenderBlock {HTML} at (0,0) size 800x600
    RenderBody {BODY} at (8,8) size 784x584
      RenderBlock {DIV} at (0,0) size 784x36
        RenderText {#text} at (0,5) size 159x26
          text run at (0,5) width 159: "\x{653B}\x{6BBB}\x{2307}\x{30FC}\x{FF1C}\x{FF1D}4"
      RenderBlock {DIV} at (0,36) size 144x188
        RenderBlock {DIV} at (0,10) size 36x168
          RenderText {#text} at (5,0) size 26x159
            text run at (5,0) width 160: "\x{653B}\x{6BBB}\x{2307}\x{30FC}\x{FF1C}\x{FF1D}4"
        RenderBlock {DIV} at (36,10) size 36x168 [color=#0000FF]
          RenderText {#text} at (5,0) size 26x168
            text run at (5,0) width 169: "\x{653B}\x{6BBB}\x{2307}\x{30FC}\x{FF1C}\x{FF1D}4"
        RenderBlock {DIV} at (72,10) size 36x168 [color=#008080]
          RenderText {#text} at (5,0) size 26x159
            text run at (5,0) width 160: "\x{653B}\x{6BBB}\x{2307}\x{30FC}\x{FF1C}\x{FF1D}4"
        RenderBlock {DIV} at (108,10) size 36x168 [color=#A52A2A]
          RenderText {#text} at (5,0) size 26x159
            text run at (5,0) width 160: "\x{653B}\x{6BBB}\x{2307}\x{30FC}\x{FF1C}\x{FF1D}4"
      RenderBlock {DIV} at (0,224) size 144x188
        RenderBlock {DIV} at (0,10) size 36x168
          RenderText {#text} at (4,0) size 29x156
            text run at (4,0) width 157: "\x{653B}\x{6BBB}\x{2307}\x{30FC}\x{FF1C}\x{FF1D}4"
        RenderBlock {DIV} at (36,10) size 36x168 [color=#0000FF]
          RenderText {#text} at (4,0) size 29x168
            text run at (4,0) width 169: "\x{653B}\x{6BBB}\x{2307}\x{30FC}\x{FF1C}\x{FF1D}4"
        RenderBlock {DIV} at (72,10) size 36x168 [color=#008080]
          RenderText {#text} at (5,0) size 29x156
            text run at (5,0) width 157: "\x{653B}\x{6BBB}\x{2307}\x{30FC}\x{FF1C}\x{FF1D}4"
        RenderBlock {DIV} at (108,10) size 36x168 [color=#A52A2A]
          RenderText {#text} at (5,0) size 29x156
            text run at (5,0) width 157: "\x{653B}\x{6BBB}\x{2307}\x{30FC}\x{FF1C}\x{FF1D}4"
      RenderBlock {DIV} at (0,412) size 144x168
        RenderBlock {DIV} at (0,0) size 36x168
          RenderText {#text} at (5,0) size 26x159
            text run at (5,0) width 160: "\x{653B}\x{6BBB}\x{2307}\x{30FC}\x{FF1C}\x{FF1D}4"
        RenderBlock {DIV} at (36,0) size 36x168 [color=#0000FF]
          RenderText {#text} at (5,0) size 26x168
            text run at (5,0) width 169: "\x{653B}\x{6BBB}\x{2307}\x{30FC}\x{FF1C}\x{FF1D}4"
        RenderBlock {DIV} at (72,0) size 36x168 [color=#008080]
          RenderText {#text} at (5,0) size 26x159
            text run at (5,0) width 160: "\x{653B}\x{6BBB}\x{2307}\x{30FC}\x{FF1C}\x{FF1D}4"
        RenderBlock {DIV} at (108,0) size 36x168 [color=#A52A2A]
          RenderText {#text} at (5,0) size 26x159
            text run at (5,0) width 160: "\x{653B}\x{6BBB}\x{2307}\x{30FC}\x{FF1C}\x{FF1D}4"
