layer at (0,0) size 800x600
  RenderView at (0,0) size 800x600
layer at (0,0) size 800x600
  RenderBlock {HTML} at (0,0) size 800x600
    RenderBody {BODY} at (8,8) size 784x584
      RenderBlock {P} at (0,0) size 784x18
        RenderText {#text} at (0,0) size 54x18
          text run at (0,0) width 54: "Test for "
        RenderInline {I} at (0,0) size 714x18
          RenderInline {A} at (0,0) size 305x18 [color=#0000EE]
            RenderText {#text} at (53,0) size 305x18
              text run at (53,0) width 305: "http://bugs.webkit.org/show_bug.cgi?id=14758"
          RenderText {#text} at (357,0) size 410x18
            text run at (357,0) width 5: " "
            text run at (361,0) width 406: "REGRESSION: Repeated text after line break on facebook.com"
        RenderText {#text} at (766,0) size 5x18
          text run at (766,0) width 5: "."
      RenderBlock {P} at (0,34) size 784x18
        RenderText {#text} at (0,0) size 237x18
          text run at (0,0) width 237: "These two boxes should be identical:"
      RenderBlock {DIV} at (0,68) size 76x60 [border: (3px solid #000000)]
        RenderBlock (anonymous) at (3,3) size 70x36
          RenderText {#text} at (0,0) size 43x18
            text run at (0,0) width 43: "Lorem"
          RenderInline {SPAN} at (0,0) size 40x18
            RenderText {#text} at (0,18) size 40x18
              text run at (0,18) width 40: "ipsum"
          RenderText {#text} at (0,0) size 0x0
        RenderBlock {DIV} at (3,39) size 70x18
          RenderText {#text} at (0,0) size 34x18
            text run at (0,0) width 34: "dolor"
      RenderBlock (anonymous) at (0,128) size 784x18
        RenderBR {BR} at (0,0) size 0x18
      RenderBlock {DIV} at (0,146) size 76x60 [border: (3px solid #000000)]
        RenderBlock (anonymous) at (3,3) size 70x36
          RenderText {#text} at (0,0) size 43x36
            text run at (0,0) width 43: "Lorem"
            text run at (0,18) width 40: "ipsum"
        RenderBlock {DIV} at (3,39) size 70x18
          RenderText {#text} at (0,0) size 34x18
            text run at (0,0) width 34: "dolor"
