layer at (0,0) size 800x600
  RenderView at (0,0) size 800x600
layer at (0,0) size 800x600
  RenderBlock {HTML} at (0,0) size 800x600
    RenderBody {BODY} at (8,8) size 784x584
layer at (8,8) size 100x117
  RenderBlock {DIV} at (0,0) size 100x117 [color=#00000000]
    RenderText {#text} at (0,0) size 100x117
      text run at (0,0) width 7: "i "
      text run at (6,0) width 11: "x "
      text run at (16,0) width 15: "m "
      text run at (30,0) width 11: "n "
      text run at (40,0) width 12: "o "
      text run at (51,0) width 11: "p "
      text run at (61,0) width 11: "q "
      text run at (71,0) width 9: "r "
      text run at (79,0) width 11: "s "
      text run at (89,0) width 5: "t"
      text run at (0,12) width 11: "u "
      text run at (10,12) width 10: "v "
      text run at (19,12) width 13: "w "
      text run at (31,12) width 11: "x "
      text run at (41,12) width 10: "y "
      text run at (50,12) width 11: "z "
      text run at (60,12) width 8: "i "
      text run at (67,12) width 11: "x "
      text run at (77,12) width 15: "m "
      text run at (91,12) width 8: "n"
      text run at (0,25) width 11: "o "
      text run at (10,25) width 11: "p "
      text run at (20,25) width 12: "q "
      text run at (31,25) width 9: "r "
      text run at (39,25) width 10: "s "
      text run at (48,25) width 8: "t "
      text run at (55,25) width 12: "u "
      text run at (66,25) width 10: "v "
      text run at (75,25) width 13: "w "
      text run at (87,25) width 7: "x"
      text run at (0,38) width 10: "y "
      text run at (9,38) width 11: "z "
      text run at (19,38) width 7: "i "
      text run at (25,38) width 11: "x "
      text run at (35,38) width 15: "m "
      text run at (49,38) width 11: "n "
      text run at (59,38) width 12: "o "
      text run at (70,38) width 11: "p "
      text run at (80,38) width 12: "q "
      text run at (91,38) width 5: "r"
      text run at (0,51) width 10: "s "
      text run at (9,51) width 8: "t "
      text run at (16,51) width 11: "u "
      text run at (26,51) width 11: "v "
      text run at (36,51) width 13: "w "
      text run at (48,51) width 11: "x "
      text run at (58,51) width 10: "y "
      text run at (67,51) width 11: "z "
      text run at (77,51) width 8: "i "
      text run at (84,51) width 7: "x"
      text run at (0,64) width 14: "m "
      text run at (13,64) width 12: "n "
      text run at (24,64) width 11: "o "
      text run at (34,64) width 11: "p "
      text run at (44,64) width 12: "q "
      text run at (55,64) width 9: "r "
      text run at (63,64) width 10: "s "
      text run at (72,64) width 8: "t "
      text run at (79,64) width 12: "u "
      text run at (90,64) width 6: "v"
      text run at (0,77) width 12: "w "
      text run at (11,77) width 12: "x "
      text run at (22,77) width 10: "y "
      text run at (31,77) width 11: "z "
      text run at (41,77) width 7: "i "
      text run at (47,77) width 12: "x "
      text run at (58,77) width 14: "m "
      text run at (71,77) width 12: "n "
      text run at (82,77) width 11: "o "
      text run at (92,77) width 8: "p"
      text run at (0,90) width 11: "q "
      text run at (10,90) width 9: "r "
      text run at (18,90) width 10: "s "
      text run at (27,90) width 9: "t "
      text run at (35,90) width 11: "u "
      text run at (45,90) width 10: "v "
      text run at (54,90) width 13: "w "
      text run at (66,90) width 11: "x "
      text run at (76,90) width 10: "y "
      text run at (85,90) width 11: "z "
      text run at (95,90) width 4: "i"
      text run at (0,103) width 11: "x "
      text run at (10,103) width 14: "m "
      text run at (23,103) width 12: "n "
      text run at (34,103) width 11: "o "
      text run at (44,103) width 11: "p "
      text run at (54,103) width 12: "q "
      text run at (65,103) width 9: "r "
      text run at (73,103) width 10: "s "
      text run at (82,103) width 8: "t "
      text run at (89,103) width 8: "u"
selection start: position 0 of child 0 {#text} of child 0 {DIV} of body
selection end:   position 271 of child 0 {#text} of child 0 {DIV} of body
