layer at (0,0) size 800x600
  RenderView at (0,0) size 800x600
layer at (0,0) size 800x600
  RenderBlock {HTML} at (0,0) size 800x600
    RenderBody {BODY} at (8,8) size 784x584
      RenderBlock {DIV} at (0,0) size 784x283 [color=#00000080]
        RenderBlock {DIV} at (0,0) size 784x57
          RenderText {#text} at (0,0) size 298x57
            text run at (0,0) width 298: "Text shadow"
        RenderBlock {DIV} at (0,56) size 784x58
          RenderText {#text} at (0,0) size 298x57
            text run at (0,0) width 298: "Text shadow"
        RenderBlock {DIV} at (0,113) size 784x57
          RenderText {#text} at (0,0) size 298x57
            text run at (0,0) width 298: "Text shadow"
        RenderBlock {DIV} at (0,169) size 784x58
          RenderText {#text} at (0,0) size 298x57
            text run at (0,0) width 298: "Text shadow"
        RenderBlock {DIV} at (0,226) size 784x57
          RenderText {#text} at (0,0) size 298x57
            text run at (0,0) width 298: "Text shadow"
