layer at (0,0) size 800x600
  RenderView at (0,0) size 800x600
layer at (0,0) size 800x246
  RenderBlock {HTML} at (0,0) size 800x246
    RenderBody {BODY} at (8,8) size 784x230
      RenderBlock {DIV} at (0,0) size 784x230
        RenderBlock {DIV} at (0,0) size 784x115
          RenderText {#text} at (0,0) size 256x115
            text run at (0,0) width 256: "\x{E001} a \x{E001}"
        RenderBlock {DIV} at (0,115) size 784x115
          RenderText {#text} at (0,0) size 73x115
            text run at (0,0) width 73: "\x{E001}"
