layer at (0,0) size 800x600
  RenderView at (0,0) size 800x600
layer at (0,0) size 800x600
  RenderBlock {HTML} at (0,0) size 800x600
    RenderBody {BODY} at (8,8) size 784x584
      RenderBlock {DIV} at (0,0) size 784x148 [textFillColor=#800080] [textStrokeWidth=2.00]
        RenderText {#text} at (0,0) size 761x148
          text run at (0,0) width 614: "Purple\x{300} fill, black stroke,"
          text run at (0,74) width 761: "complex text, black underline"
      RenderBlock {DIV} at (0,148) size 784x148 [textStrokeColor=#FFA500] [textStrokeWidth=1.33]
        RenderText {#text} at (0,0) size 635x148
          text run at (0,0) width 635: "Orange stroke, black fill,"
          text run at (0,74) width 416: "orange overline."
      RenderBlock {DIV} at (0,296) size 784x148 [textFillColor=#0000FF] [textStrokeWidth=1.33]
        RenderText {#text} at (0,0) size 594x148
          text run at (0,0) width 594: "No stroke, blue fill, red"
          text run at (0,74) width 592: "shadow, blue underline"
