layer at (0,0) size 800x600
  RenderView at (0,0) size 800x600
layer at (0,0) size 800x600
  RenderBlock {HTML} at (0,0) size 800x600
    RenderBody {BODY} at (8,8) size 784x584
      RenderBlock {DIV} at (0,0) size 230x88
        RenderText {#text} at (0,0) size 207x35
          text run at (0,0) width 207: "This is a test of kerning when"
          text run at (0,18) width 153: "using SVG web fonts."
        RenderBR {BR} at (152,18) size 1x17
        RenderBR {BR} at (0,36) size 0x17
        RenderText {#text} at (0,53) size 230x35
          text run at (0,53) width 230: "Wow, The V/A Team's Task Was"
          text run at (0,71) width 85: "on Youtube."
