layer at (0,0) size 785x2198
  RenderView at (0,0) size 785x600
layer at (0,0) size 785x2198
  RenderBlock {HTML} at (0,0) size 785x2198
    RenderBody {BODY} at (8,8) size 769x2182
      RenderBlock {DIV} at (0,0) size 769x897
        RenderBlock {DIV} at (0,0) size 769x28
          RenderText {#text} at (0,0) size 438x28
            text run at (0,0) width 438: "This is a test for -webkit-system-font font"
        RenderBlock {DIV} at (0,28) size 769x35
          RenderText {#text} at (0,0) size 547x35
            text run at (0,0) width 547: "This is a test for -webkit-system-font font"
        RenderBlock {DIV} at (0,63) size 769x35
          RenderText {#text} at (0,0) size 547x35
            text run at (0,0) width 547: "This is a test for -webkit-system-font font"
        RenderBlock {DIV} at (0,98) size 769x43
          RenderInline {B} at (0,0) size 706x43
            RenderText {#text} at (0,0) size 706x43
              text run at (0,0) width 706: "This is a test for -webkit-system-font font"
        RenderBlock {DIV} at (0,141) size 769x50
          RenderInline {I} at (0,0) size 766x50
            RenderText {#text} at (0,0) size 766x50
              text run at (0,0) width 766: "This is a test for -webkit-system-font font"
        RenderBlock {DIV} at (0,191) size 769x112
          RenderText {#text} at (0,0) size 697x112
            text run at (0,0) width 697: "This is a test for -webkit-system-"
            text run at (0,56) width 179: "font font"
        RenderBlock {DIV} at (0,303) size 769x126
          RenderText {#text} at (0,0) size 591x126
            text run at (0,0) width 591: "This is a test for -webkit-"
            text run at (0,63) width 394: "system-font font"
        RenderBlock {DIV} at (0,429) size 769x142
          RenderText {#text} at (0,0) size 657x142
            text run at (0,0) width 657: "This is a test for -webkit-"
            text run at (0,71) width 437: "system-font font"
        RenderBlock {DIV} at (0,571) size 769x156
          RenderText {#text} at (0,0) size 723x156
            text run at (0,0) width 723: "This is a test for -webkit-"
            text run at (0,78) width 481: "system-font font"
        RenderBlock {DIV} at (0,727) size 769x170
          RenderText {#text} at (0,0) size 762x170
            text run at (0,0) width 551: "This is a test for -"
            text run at (0,85) width 762: "webkit-system-font font"
      RenderBlock {DIV} at (0,897) size 769x841
        RenderBlock {DIV} at (0,0) size 769x28
          RenderText {#text} at (0,0) size 376x28
            text run at (0,0) width 376: "This is a test for -apple-system font"
        RenderBlock {DIV} at (0,28) size 769x35
          RenderText {#text} at (0,0) size 470x35
            text run at (0,0) width 470: "This is a test for -apple-system font"
        RenderBlock {DIV} at (0,63) size 769x35
          RenderText {#text} at (0,0) size 470x35
            text run at (0,0) width 470: "This is a test for -apple-system font"
        RenderBlock {DIV} at (0,98) size 769x43
          RenderInline {B} at (0,0) size 604x43
            RenderText {#text} at (0,0) size 604x43
              text run at (0,0) width 604: "This is a test for -apple-system font"
        RenderBlock {DIV} at (0,141) size 769x50
          RenderInline {I} at (0,0) size 658x50
            RenderText {#text} at (0,0) size 658x50
              text run at (0,0) width 658: "This is a test for -apple-system font"
        RenderBlock {DIV} at (0,191) size 769x56
          RenderText {#text} at (0,0) size 752x56
            text run at (0,0) width 752: "This is a test for -apple-system font"
        RenderBlock {DIV} at (0,247) size 769x126
          RenderText {#text} at (0,0) size 739x126
            text run at (0,0) width 739: "This is a test for -apple-system"
            text run at (0,63) width 93: "font"
        RenderBlock {DIV} at (0,373) size 769x142
          RenderText {#text} at (0,0) size 630x142
            text run at (0,0) width 630: "This is a test for -apple-"
            text run at (0,71) width 311: "system font"
        RenderBlock {DIV} at (0,515) size 769x156
          RenderText {#text} at (0,0) size 693x156
            text run at (0,0) width 693: "This is a test for -apple-"
            text run at (0,78) width 342: "system font"
        RenderBlock {DIV} at (0,671) size 769x170
          RenderText {#text} at (0,0) size 756x170
            text run at (0,0) width 756: "This is a test for -apple-"
            text run at (0,85) width 373: "system font"
      RenderBlock {DIV} at (0,1738) size 769x162
        RenderBlock {DIV} at (0,0) size 769x18
          RenderText {#text} at (0,0) size 302x18
            text run at (0,0) width 302: "This is a font weight test for -apple-system font"
        RenderBlock {DIV} at (0,18) size 769x18
          RenderText {#text} at (0,0) size 316x18
            text run at (0,0) width 316: "This is a font weight test for -apple-system font"
        RenderBlock {DIV} at (0,36) size 769x18
          RenderText {#text} at (0,0) size 335x18
            text run at (0,0) width 335: "This is a font weight test for -apple-system font"
        RenderBlock {DIV} at (0,54) size 769x18
          RenderText {#text} at (0,0) size 350x18
            text run at (0,0) width 350: "This is a font weight test for -apple-system font"
        RenderBlock {DIV} at (0,72) size 769x18
          RenderText {#text} at (0,0) size 362x18
            text run at (0,0) width 362: "This is a font weight test for -apple-system font"
        RenderBlock {DIV} at (0,90) size 769x18
          RenderText {#text} at (0,0) size 374x18
            text run at (0,0) width 374: "This is a font weight test for -apple-system font"
        RenderBlock {DIV} at (0,108) size 769x18
          RenderText {#text} at (0,0) size 374x18
            text run at (0,0) width 374: "This is a font weight test for -apple-system font"
        RenderBlock {DIV} at (0,126) size 769x18
          RenderText {#text} at (0,0) size 396x18
            text run at (0,0) width 396: "This is a font weight test for -apple-system font"
        RenderBlock {DIV} at (0,144) size 769x18
          RenderText {#text} at (0,0) size 396x18
            text run at (0,0) width 396: "This is a font weight test for -apple-system font"
      RenderBlock {DIV} at (0,1900) size 769x282
        RenderBlock {DIV} at (0,0) size 769x56
          RenderText {#text} at (0,0) size 644x56
            text run at (0,0) width 644: "This is a test for -apple-system-monospaced-numbers font -"
            text run at (0,28) width 126: "00:11:22:33"
        RenderBlock {DIV} at (0,56) size 769x70
          RenderText {#text} at (0,0) size 726x70
            text run at (0,0) width 726: "This is a test for -apple-system-monospaced-numbers"
            text run at (0,35) width 237: "font - 00:11:22:33"
        RenderBlock {DIV} at (0,126) size 769x70
          RenderText {#text} at (0,0) size 726x70
            text run at (0,0) width 726: "This is a test for -apple-system-monospaced-numbers"
            text run at (0,35) width 237: "font - 00:11:22:33"
        RenderBlock {DIV} at (0,196) size 769x86
          RenderText {#text} at (0,0) size 730x86
            text run at (0,0) width 730: "This is a test for -apple-system-monospaced-"
            text run at (0,43) width 434: "numbers font - 00:11:22:33"
