layer at (0,0) size 9600208x1728
  RenderView at (0,0) size 785x585
layer at (0,0) size 785x1728
  RenderBlock {HTML} at (0,0) size 785x1728
    RenderBody {BODY} at (8,16) size 769x1696
      RenderBlock {P} at (0,0) size 769x90 [bgcolor=#FFFFFF]
        RenderText {#text} at (0,0) size 764x90
          text run at (0,0) width 764: "The following lines test various combinations of letter-spacing (especially negative values) and opacity. All of the lines"
          text run at (0,18) width 764: "should say \"Hello, world\" but the spacing and background shading will vary from test to test. The W3C specs are fairly"
          text run at (0,36) width 761: "silent on how user agents should handle unusual values of letter-spacing, especially negative ones, which are explicitly"
          text run at (0,54) width 736: "implementation-dependent. Different browsers will render these differently, but hopefully the WebKit ports will be"
          text run at (0,72) width 121: "consistent, at least."
      RenderBlock {P} at (0,106) size 769x18 [bgcolor=#FFFFFF]
        RenderText {#text} at (0,0) size 261x18
          text run at (0,0) width 261: "The first line should be normally spaced."
      RenderBlock {P} at (0,140) size 769x18 [bgcolor=#EEEEEE]
        RenderInline {SPAN} at (0,0) size 81x18
          RenderText {#text} at (160,0) size 81x18
            text run at (160,0) width 81: "Hello, world"
      RenderBlock {P} at (0,174) size 769x18 [bgcolor=#FFFFFF]
        RenderText {#text} at (0,0) size 669x18
          text run at (0,0) width 669: "The next line tests a slight positive letter spacing, and should be slightly spaced out (wider than normal)."
      RenderBlock {P} at (0,208) size 769x18 [bgcolor=#EEEEEE]
        RenderInline {SPAN} at (0,0) size 177x18
          RenderText {#text} at (160,0) size 177x18
            text run at (160,0) width 177: "Hello, world"
      RenderBlock {P} at (0,242) size 769x36 [bgcolor=#FFFFFF]
        RenderText {#text} at (0,0) size 752x36
          text run at (0,0) width 752: "The next line tests a large positive letter spacing, and should be *very* spaced out. You may only see an 'H' and a 'w',"
          text run at (0,18) width 54: "perhaps "
          text run at (53,18) width 363: "on two different lines, unless you scroll way to the right."
      RenderBlock {P} at (0,294) size 769x36 [bgcolor=#EEEEEE]
        RenderInline {SPAN} at (0,0) size 19400x36
          RenderText {#text} at (160,0) size 19400x36
            text run at (160,0) width 19240: "Hello,"
            text run at (0,18) width 16038: "world"
      RenderBlock {P} at (0,346) size 769x36 [bgcolor=#FFFFFF]
        RenderText {#text} at (0,0) size 751x36
          text run at (0,0) width 751: "The next line tests a very large positive letter spacing, and should also be *very* spaced out. You may only see an 'H'"
          text run at (0,18) width 64: "and a 'w', "
          text run at (63,18) width 416: "perhaps on two different lines, unless you scroll way to the right."
      RenderBlock {P} at (0,398) size 769x36 [bgcolor=#EEEEEE]
        RenderInline {SPAN} at (0,0) size 9600200x36
          RenderText {#text} at (160,0) size 9600200x36
            text run at (160,0) width 9600040: "Hello,"
            text run at (0,18) width 8000038: "world"
      RenderBlock {P} at (0,450) size 769x18 [bgcolor=#FFFFFF]
        RenderText {#text} at (0,0) size 539x18
          text run at (0,0) width 539: "The next line tests a small negative line spacing, and should be crammed backwards"
      RenderBlock {P} at (0,484) size 769x18 [bgcolor=#EEEEEE]
        RenderInline {SPAN} at (0,0) size 0x18
          RenderText {#text} at (160,0) size -15x18
            text run at (160,0) width -15: "Hello, world"
      RenderBlock {P} at (0,518) size 769x18 [bgcolor=#FFFFFF]
        RenderText {#text} at (0,0) size 518x18
          text run at (0,0) width 518: "The next line tests a large negative line spacing, and should be just display an 'H'"
      RenderBlock {P} at (0,552) size 769x18 [bgcolor=#EEEEEE]
        RenderInline {SPAN} at (0,0) size 0x18
          RenderText {#text} at (160,0) size -38319x18
            text run at (160,0) width -38319: "Hello, world"
      RenderBlock {P} at (0,586) size 769x18 [bgcolor=#FFFFFF]
        RenderText {#text} at (0,0) size 519x18
          text run at (0,0) width 519: "The next line tests a very large negative line spacing, and should just have an 'H'."
      RenderBlock {P} at (0,620) size 769x18 [bgcolor=#EEEEEE]
        RenderInline {SPAN} at (0,0) size 0x18
          RenderText {#text} at (160,0) size -1919919x18
            text run at (160,0) width -1919919: "Hello, world"
      RenderBlock {P} at (0,654) size 769x36 [bgcolor=#FFFFFF]
        RenderText {#text} at (0,0) size 750x36
          text run at (0,0) width 727: "The next few lines test the interaction with opacity. The first line should be normally spaced out, slightly opaque, "
          text run at (726,0) width 24: "and"
          text run at (0,18) width 232: "on a differently-colored background"
      RenderBlock {P} at (0,706) size 769x18 [bgcolor=#EEEEEE]
      RenderBlock {P} at (0,740) size 769x18 [bgcolor=#FFFFFF]
        RenderText {#text} at (0,0) size 723x18
          text run at (0,0) width 338: "The next line tests a small positive line spacing, and "
          text run at (337,0) width 386: "should be slightly spaced out, opaque, and on a background."
      RenderBlock {P} at (0,774) size 769x18 [bgcolor=#EEEEEE]
      RenderBlock {P} at (0,808) size 769x18 [bgcolor=#FFFFFF]
        RenderText {#text} at (0,0) size 643x18
          text run at (0,0) width 643: "The next line tests a large positive line spacing, and should be very widely spaced, on a background."
      RenderBlock {P} at (0,842) size 769x36 [bgcolor=#EEEEEE]
      RenderBlock {P} at (0,894) size 769x18 [bgcolor=#FFFFFF]
        RenderText {#text} at (0,0) size 766x18
          text run at (0,0) width 340: "The next line tests a very large positive line spacing, "
          text run at (339,0) width 427: "and should be very widely spaced but blank, and on a background."
      RenderBlock {P} at (0,928) size 769x36 [bgcolor=#EEEEEE]
      RenderBlock {P} at (0,980) size 769x18 [bgcolor=#FFFFFF]
        RenderText {#text} at (0,0) size 447x18
          text run at (0,0) width 447: "The next line tests a small negative line spacing, and should be blank."
      RenderBlock {P} at (0,1014) size 769x18 [bgcolor=#EEEEEE]
      RenderBlock {P} at (0,1048) size 769x18 [bgcolor=#FFFFFF]
        RenderText {#text} at (0,0) size 444x18
          text run at (0,0) width 444: "The next line tests a large negative line spacing, and should be blank."
      RenderBlock {P} at (0,1082) size 769x18 [bgcolor=#EEEEEE]
      RenderBlock {P} at (0,1116) size 769x18 [bgcolor=#FFFFFF]
        RenderText {#text} at (0,0) size 476x18
          text run at (0,0) width 476: "The next line tests a very large negative line spacing, and should be blank."
      RenderBlock {P} at (0,1150) size 769x18 [bgcolor=#EEEEEE]
      RenderBlock {P} at (0,1184) size 769x18 [bgcolor=#FFFFFF]
        RenderText {#text} at (0,0) size 266x18
          text run at (0,0) width 266: "Now we do a few basic right-to-left tests:"
      RenderBlock {P} at (0,1218) size 769x18 [bgcolor=#FFFFFF]
        RenderText {#text} at (0,0) size 261x18
          text run at (0,0) width 261: "The first line should be normally spaced."
      RenderBlock {P} at (0,1252) size 769x18 [bgcolor=#EEEEEE]
        RenderInline {SPAN} at (0,0) size 81x18
          RenderText {#text} at (160,0) size 81x18
            text run at (160,0) width 81 RTL override: "Hello, world"
      RenderBlock {P} at (0,1286) size 769x18 [bgcolor=#FFFFFF]
        RenderText {#text} at (0,0) size 411x18
          text run at (0,0) width 411: "The next line should be slightly spaced out (wider than normal)."
      RenderBlock {P} at (0,1320) size 769x18 [bgcolor=#EEEEEE]
        RenderInline {SPAN} at (0,0) size 177x18
          RenderText {#text} at (160,0) size 177x18
            text run at (160,0) width 177 RTL override: "Hello, world"
      RenderBlock {P} at (0,1354) size 769x18 [bgcolor=#FFFFFF]
        RenderText {#text} at (0,0) size 485x18
          text run at (0,0) width 353: "The next line should be crammed backwards, just as if "
          text run at (352,0) width 133: "it wasn't right-to-left"
      RenderBlock {P} at (0,1388) size 769x18 [bgcolor=#EEEEEE]
        RenderInline {SPAN} at (0,0) size 0x18
          RenderText {#text} at (160,0) size 0x18
            text run at (160,0) width 0 RTL override: "Hello, world"
      RenderBlock {P} at (0,1422) size 769x18 [bgcolor=#FFFFFF]
        RenderText {#text} at (0,0) size 471x18
          text run at (0,0) width 338: "The next line tests a large negative line spacing, and "
          text run at (337,0) width 134: "should just print a 'd'"
      RenderBlock {P} at (0,1456) size 769x18 [bgcolor=#EEEEEE]
        RenderInline {SPAN} at (0,0) size 0x18
          RenderText {#text} at (160,0) size 0x18
            text run at (160,0) width 0 RTL override: "Hello, world"
      RenderBlock {P} at (0,1490) size 769x36 [bgcolor=#FFFFFF]
        RenderText {#text} at (0,0) size 745x36
          text run at (0,0) width 148: "Now, opacity as well - "
          text run at (147,0) width 408: "The next line should be printed right to left, slightly spaced out "
          text run at (554,0) width 191: "(wider than normal), and on a"
          text run at (0,18) width 80: "background."
      RenderBlock {P} at (0,1542) size 769x18 [bgcolor=#EEEEEE]
      RenderBlock {P} at (0,1576) size 769x18 [bgcolor=#FFFFFF]
        RenderText {#text} at (0,0) size 447x18
          text run at (0,0) width 447: "The next line tests a small negative line spacing, and should be blank."
      RenderBlock {P} at (0,1610) size 769x18 [bgcolor=#EEEEEE]
      RenderBlock {P} at (0,1644) size 769x18 [bgcolor=#FFFFFF]
        RenderText {#text} at (0,0) size 457x18
          text run at (0,0) width 457: "The next line tests a large negative line spacing, and it should be blank."
      RenderBlock {P} at (0,1678) size 769x18 [bgcolor=#EEEEEE]
layer at (8,722) size 81x18
  RenderInline {SPAN} at (0,0) size 81x18 [bgcolor=#CCCCFF]
    RenderText {#text} at (160,0) size 81x18
      text run at (160,0) width 81: "Hello, world"
layer at (8,790) size 177x18
  RenderInline {SPAN} at (0,0) size 177x18 [bgcolor=#CCCCFF]
    RenderText {#text} at (160,0) size 177x18
      text run at (160,0) width 177: "Hello, world"
layer at (8,858) size 19400x36
  RenderInline {SPAN} at (0,0) size 19400x36 [bgcolor=#CCCCFF]
    RenderText {#text} at (160,0) size 19400x36
      text run at (160,0) width 19240: "Hello,"
      text run at (0,18) width 16038: "world"
layer at (8,944) size 9600200x36
  RenderInline {SPAN} at (0,0) size 9600200x36 [bgcolor=#CCCCFF]
    RenderText {#text} at (160,0) size 9600200x36
      text run at (160,0) width 9600040: "Hello,"
      text run at (0,18) width 8000038: "world"
layer at (8,1030) size 0x18
  RenderInline {SPAN} at (0,0) size 0x18 [bgcolor=#CCCCFF]
    RenderText {#text} at (160,0) size 0x18
      text run at (160,0) width 0: "Hello, world"
layer at (8,1098) size 0x18
  RenderInline {SPAN} at (0,0) size 0x18 [bgcolor=#CCCCFF]
    RenderText {#text} at (160,0) size 0x18
      text run at (160,0) width 0: "Hello, world"
layer at (8,1166) size 0x18
  RenderInline {SPAN} at (0,0) size 0x18 [bgcolor=#CCCCFF]
    RenderText {#text} at (160,0) size 0x18
      text run at (160,0) width 0: "Hello, world"
layer at (8,1558) size 177x18
  RenderInline {SPAN} at (0,0) size 177x18 [bgcolor=#CCCCFF]
    RenderText {#text} at (160,0) size 177x18
      text run at (160,0) width 177 RTL override: "Hello, world"
layer at (8,1626) size 0x18
  RenderInline {SPAN} at (0,0) size 0x18 [bgcolor=#CCCCFF]
    RenderText {#text} at (160,0) size 0x18
      text run at (160,0) width 0 RTL override: "Hello, world"
layer at (8,1694) size 0x18
  RenderInline {SPAN} at (0,0) size 0x18 [bgcolor=#CCCCFF]
    RenderText {#text} at (160,0) size 0x18
      text run at (160,0) width 0 RTL override: "Hello, world"
