layer at (0,0) size 800x600
  RenderView at (0,0) size 800x600
layer at (0,0) size 800x600
  RenderBlock {HTML} at (0,0) size 800x600
    RenderBody {BODY} at (8,8) size 784x584
      RenderBlock {CENTER} at (0,0) size 784x53
        RenderBlock {FORM} at (0,0) size 784x19
          RenderTable {TABLE} at (46,0) size 692x19
            RenderTableSection {TBODY} at (0,0) size 692x19
              RenderTableRow {TR} at (0,0) size 692x19
                RenderTableCell {TD} at (0,0) size 150x19 [r=0 c=0 rs=2 cs=1]
                  RenderText {#text} at (0,-1) size 4x20
                    text run at (0,0) width 4: " "
                RenderTableCell {TD} at (150,0) size 287x19 [r=0 c=1 rs=1 cs=1]
                  RenderTextControl {INPUT} at (0,0) size 287x19 [bgcolor=#FFFFFF] [border: (2px inset #000000)]
                  RenderText {#text} at (0,0) size 0x0
                RenderTableCell {TD} at (436,0) size 96x19 [r=0 c=2 rs=1 cs=1]
                  RenderButton {INPUT} at (0,0) size 96x18 [color=#000000D8] [bgcolor=#C0C0C0] [border: none (2px outset #C0C0C0) none (2px outset #C0C0C0)]
                    RenderBlock (anonymous) at (8,2) size 80x13
                      RenderText at (0,0) size 80x13
                        text run at (0,0) width 80: "Search Froogle"
                  RenderText {#text} at (0,0) size 0x0
                RenderTableCell {TD} at (531,0) size 161x19 [r=0 c=3 rs=2 cs=1]
                  RenderInline {LABEL} at (0,0) size 115x14
                    RenderText {#text} at (0,0) size 0x0
                    RenderBlock {INPUT} at (12,3) size 12x12
                    RenderText {#text} at (26,2) size 99x15
                      text run at (26,3) width 99: " Remember this location"
                  RenderText {#text} at (0,0) size 0x0
        RenderBlock (anonymous) at (0,35) size 784x18
          RenderBR {BR} at (392,0) size 0x18
layer at (207,11) size 281x13
  RenderBlock {DIV} at (3,3) size 281x13
caret: position 1 of child 0 {#text} of child 1 {TD} of child 0 {TR} of child 1 {TBODY} of child 1 {TABLE} of child 1 {FORM} of child 1 {CENTER} of body
