layer at (0,0) size 800x600
  RenderView at (0,0) size 800x600
layer at (0,0) size 800x600
  RenderBlock {HTML} at (0,0) size 800x600
    RenderBody {BODY} at (8,8) size 776x584
      RenderBlock {P} at (0,0) size 18x584
        RenderText {#text} at (0,0) size 18x48
          text run at (0,0) width 48: "Times: "
        RenderInline {SPAN} at (0,0) size 18x17
          RenderCombineText {#text} at (0,47) size 18x17
            text run at (0,47) width 16: "\x{FFFC}"
      RenderBlock {P} at (34,0) size 24x584
        RenderText {#text} at (3,0) size 17x170
          text run at (3,0) width 170: "Hiragino Mincho Pro: "
        RenderInline {SPAN} at (0,0) size 17x17
          RenderCombineText {#text} at (3,169) size 17x17
            text run at (3,169) width 16: "\x{FFFC}"
      RenderBlock {P} at (74,0) size 16x584
        RenderText {#text} at (0,0) size 16x120
          text run at (0,0) width 120: "STHeitiSC-Light: "
        RenderInline {SPAN} at (0,0) size 16x17
          RenderCombineText {#text} at (0,119) size 16x17
            text run at (0,119) width 16: "\x{FFFC}"
