layer at (0,0) size 800x600
  RenderView at (0,0) size 800x600
layer at (0,0) size 800x600
  RenderBlock {HTML} at (0,0) size 800x600
    RenderBody {BODY} at (8,8) size 784x584
      RenderBlock (floating) {DIV} at (8,8) size 200x48 [bgcolor=#FFFFE0]
        RenderText {#text} at (0,0) size 191x48
          text run at (0,0) width 191: "Lorem ipsum dolor "
          text run at (0,23) width 79: "sit amet"
      RenderBlock (floating) {DIV} at (224,8) size 200x48 [bgcolor=#FFFFE0]
        RenderText {#text} at (4,0) size 192x48
          text run at (4,0) width 192: "Lorem ipsum dolor "
          text run at (60,23) width 80: "sit amet"
      RenderBlock (floating) {DIV} at (440,8) size 200x48 [bgcolor=#FFFFE0]
        RenderText {#text} at (9,0) size 191x48
          text run at (9,0) width 191: "Lorem ipsum dolor "
          text run at (121,23) width 79: "sit amet"
      RenderBlock (floating) {DIV} at (8,71) size 200x48 [bgcolor=#FFFFE0]
        RenderText {#text} at (0,0) size 200x48
          text run at (0,0) width 200: "Lorem ipsum dolor "
          text run at (0,23) width 79: "sit amet"
      RenderBlock (floating) {DIV} at (224,71) size 200x48 [bgcolor=#FFFFE0]
        RenderText {#text} at (0,0) size 191x48
          text run at (0,0) width 7 RTL: " "
          text run at (6,0) width 185: "Lorem ipsum dolor"
          text run at (0,23) width 79: "sit amet"
      RenderBlock (floating) {DIV} at (440,71) size 200x48 [bgcolor=#FFFFE0]
        RenderText {#text} at (4,0) size 192x48
          text run at (4,0) width 7 RTL: " "
          text run at (10,0) width 186: "Lorem ipsum dolor"
          text run at (60,23) width 80: "sit amet"
      RenderBlock (floating) {DIV} at (8,134) size 200x48 [bgcolor=#FFFFE0]
        RenderText {#text} at (9,0) size 191x48
          text run at (9,0) width 7 RTL: " "
          text run at (15,0) width 185: "Lorem ipsum dolor"
          text run at (121,23) width 79: "sit amet"
      RenderBlock (floating) {DIV} at (224,134) size 200x48 [bgcolor=#FFFFE0]
        RenderText {#text} at (0,0) size 200x48
          text run at (0,0) width 7 RTL: " "
          text run at (6,0) width 194: "Lorem ipsum dolor"
          text run at (121,23) width 79: "sit amet"
      RenderBlock (floating) {DIV} at (440,134) size 200x48 [bgcolor=#FFFFE0]
        RenderText {#text} at (0,0) size 185x48
          text run at (0,0) width 134: "Lorem ipsum "
          text run at (133,0) width 45 RTL: "\x{5D0}\x{5E0}\x{5D8}\x{5E3}"
          text run at (177,0) width 8: " "
          text run at (0,23) width 40 RTL: "\x{5E9}\x{5DC}\x{5D2}\x{5D9}"
          text run at (39,23) width 56: " amet"
      RenderBlock (floating) {DIV} at (8,197) size 200x48 [bgcolor=#FFFFE0]
        RenderText {#text} at (7,0) size 186x48
          text run at (7,0) width 135: "Lorem ipsum "
          text run at (141,0) width 45 RTL: "\x{5D0}\x{5E0}\x{5D8}\x{5E3}"
          text run at (185,0) width 8: " "
          text run at (52,23) width 41 RTL: "\x{5E9}\x{5DC}\x{5D2}\x{5D9}"
          text run at (92,23) width 56: " amet"
      RenderBlock (floating) {DIV} at (224,197) size 200x48 [bgcolor=#FFFFE0]
        RenderText {#text} at (15,0) size 185x48
          text run at (15,0) width 135: "Lorem ipsum "
          text run at (149,0) width 45 RTL: "\x{5D0}\x{5E0}\x{5D8}\x{5E3}"
          text run at (193,0) width 7: " "
          text run at (105,23) width 41 RTL: "\x{5E9}\x{5DC}\x{5D2}\x{5D9}"
          text run at (145,23) width 55: " amet"
      RenderBlock (floating) {DIV} at (440,197) size 200x48 [bgcolor=#FFFFE0]
        RenderText {#text} at (0,0) size 200x48
          text run at (0,0) width 150: "Lorem ipsum "
          text run at (149,0) width 45 RTL: "\x{5D0}\x{5E0}\x{5D8}\x{5E3}"
          text run at (193,0) width 7: " "
          text run at (0,23) width 40 RTL: "\x{5E9}\x{5DC}\x{5D2}\x{5D9}"
          text run at (39,23) width 56: " amet"
      RenderBlock (floating) {DIV} at (8,260) size 200x48 [bgcolor=#FFFFE0]
        RenderText {#text} at (0,0) size 185x48
          text run at (0,0) width 58 RTL: " \x{5D0}\x{5E0}\x{5D8}\x{5E3} "
          text run at (57,0) width 128: "Lorem ipsum"
          text run at (0,23) width 49: "amet"
          text run at (48,23) width 47 RTL: "\x{5E9}\x{5DC}\x{5D2}\x{5D9} "
      RenderBlock (floating) {DIV} at (224,260) size 200x48 [bgcolor=#FFFFE0]
        RenderText {#text} at (7,0) size 186x48
          text run at (7,0) width 59 RTL: " \x{5D0}\x{5E0}\x{5D8}\x{5E3} "
          text run at (65,0) width 128: "Lorem ipsum"
          text run at (52,23) width 50: "amet"
          text run at (101,23) width 47 RTL: "\x{5E9}\x{5DC}\x{5D2}\x{5D9} "
      RenderBlock (floating) {DIV} at (440,260) size 200x48 [bgcolor=#FFFFE0]
        RenderText {#text} at (15,0) size 185x48
          text run at (15,0) width 59 RTL: " \x{5D0}\x{5E0}\x{5D8}\x{5E3} "
          text run at (73,0) width 127: "Lorem ipsum"
          text run at (105,23) width 49: "amet"
          text run at (153,23) width 47 RTL: "\x{5E9}\x{5DC}\x{5D2}\x{5D9} "
      RenderBlock (floating) {DIV} at (8,323) size 200x48 [bgcolor=#FFFFE0]
        RenderText {#text} at (0,0) size 200x48
          text run at (0,0) width 66 RTL: " \x{5D0}\x{5E0}\x{5D8}\x{5E3} "
          text run at (65,0) width 135: "Lorem ipsum"
          text run at (105,23) width 49: "amet"
          text run at (153,23) width 47 RTL: "\x{5E9}\x{5DC}\x{5D2}\x{5D9} "
