layer at (0,0) size 785x942
  RenderView at (0,0) size 785x600
layer at (0,0) size 785x942
  RenderBlock {HTML} at (0,0) size 785x942
    RenderBody {BODY} at (8,8) size 769x926
      RenderBlock {DIV} at (0,0) size 769x424 [border: (1px solid #FF0000)]
        RenderText {#text} at (1,1) size 274x28
          text run at (1,1) width 274: "\x{A7}\x{A9}\x{AE}\x{FF1B}\x{B6}\x{BC}\x{BD}\x{BE}"
        RenderBR {BR} at (274,24) size 1x0
        RenderText {#text} at (1,29) size 170x28
          text run at (1,29) width 170: "\x{2E5}\x{2E6}\x{2E7}\x{2E8}\x{2E9}\x{2EA}\x{2EB}"
        RenderBR {BR} at (170,52) size 1x0
        RenderText {#text} at (1,60) size 185x28
          text run at (1,60) width 185: "\x{1100}\x{1101}\x{1401}\x{1402}\x{1800}\x{1801}"
        RenderBR {BR} at (186,83) size 0x0
        RenderText {#text} at (1,90) size 222x28
          text run at (1,90) width 222: "\x{2016}\x{2018}\x{2019}\x{2020}\x{2021}\x{2030}\x{2031}"
        RenderBR {BR} at (222,113) size 1x0
        RenderText {#text} at (1,118) size 247x28
          text run at (1,118) width 247: "\x{203B}\x{203C}\x{203D}\x{2042}\x{2044}\x{2047}\x{2048}\x{2049}\x{2051}"
        RenderBR {BR} at (247,141) size 1x0
        RenderText {#text} at (1,149) size 398x28
          text run at (1,149) width 398: "\x{2100}\x{2101}\x{2116}\x{2117}\x{2119}\x{211A}\x{2130}\x{2131}\x{2133}\x{2134}\x{213E}\x{213F}"
        RenderBR {BR} at (398,172) size 1x0
        RenderText {#text} at (1,185) size 150x28
          text run at (1,185) width 150: "\x{2145}\x{2146}\x{2149}\x{214A}\x{214D}"
        RenderBR {BR} at (150,208) size 1x0
        RenderText {#text} at (1,223) size 568x28
          text run at (1,223) width 282: "\x{2300}\x{2307}\x{230C}\x{231F}\x{2322}\x{232B}\x{237D}\x{239A} "
          text run at (282,223) width 287: "\x{23B4}\x{23B6}\x{23BA}\x{23CF}\x{23D1}\x{23DB}\x{23E2}\x{24FF}"
        RenderBR {BR} at (568,246) size 1x0
        RenderText {#text} at (1,260) size 319x28
          text run at (1,260) width 319: "\x{25A0}\x{2619}\x{2620}\x{2767}\x{2776}\x{2793}\x{2B12}\x{2B2F}\x{2E80}\x{2007}"
        RenderBR {BR} at (319,283) size 1x0
        RenderText {#text} at (1,298) size 329x28
          text run at (1,298) width 329: "\x{3012}\x{3013}\x{3020}\x{302F}\x{3031}\x{309F}\x{30A1}\x{30FB}\x{30FD}"
        RenderBR {BR} at (329,321) size 1x0
        RenderText {#text} at (1,332) size 312x28
          text run at (1,332) width 312: "\x{FE10}\x{FE30}\x{FE48}\x{FE50}\x{FE57}\x{FE5F}\x{FE62}\x{FE6}"
        RenderBR {BR} at (313,355) size 0x0
        RenderText {#text} at (1,363) size 390x28
          text run at (1,363) width 390: "\x{FF01}\x{FF07}\x{FF0A}\x{FF0C}\x{FF0E}\x{FF19}\x{FF1F}\x{FF3A}\x{FF3C}\x{FF3E}"
        RenderBR {BR} at (391,386) size 0x0
        RenderText {#text} at (1,392) size 348x28
          text run at (1,392) width 348: "\x{FF40}\x{FF5A}\x{FFE0}\x{FFE2}\x{FFE4}\x{FFFD}\x{D834}\x{DF00}\x{D83D}\x{DE4F}\x{D83D}\x{DE80}"
        RenderBR {BR} at (349,415) size 0x0
      RenderBlock {DIV} at (0,424) size 420x502 [border: (1px solid #0000FF)]
        RenderText {#text} at (1,1) size 28x295
          text run at (1,1) width 295: "\x{A7}\x{A9}\x{AE}\x{FF1B}\x{B6}\x{BC}\x{BD}\x{BE}"
        RenderBR {BR} at (6,295) size 0x1
        RenderText {#text} at (29,1) size 28x219
          text run at (29,1) width 219: "\x{2E5}\x{2E6}\x{2E7}\x{2E8}\x{2E9}\x{2EA}\x{2EB}"
        RenderBR {BR} at (34,219) size 0x1
        RenderText {#text} at (59,1) size 28x202
          text run at (59,1) width 202: "\x{1100}\x{1101}\x{1401}\x{1402}\x{1800}\x{1801}"
        RenderBR {BR} at (73,203) size 0x0
        RenderText {#text} at (89,1) size 28x223
          text run at (89,1) width 223: "\x{2016}\x{2018}\x{2019}\x{2020}\x{2021}\x{2030}\x{2031}"
        RenderBR {BR} at (94,223) size 0x1
        RenderText {#text} at (117,1) size 28x293
          text run at (117,1) width 293: "\x{203B}\x{203C}\x{203D}\x{2042}\x{2044}\x{2047}\x{2048}\x{2049}\x{2051}"
        RenderBR {BR} at (122,293) size 0x1
        RenderText {#text} at (148,1) size 28x407
          text run at (148,1) width 407: "\x{2100}\x{2101}\x{2116}\x{2117}\x{2119}\x{211A}\x{2130}\x{2131}\x{2133}\x{2134}\x{213E}\x{213F}"
        RenderBR {BR} at (153,407) size 0x1
        RenderText {#text} at (184,1) size 28x170
          text run at (184,1) width 170: "\x{2145}\x{2146}\x{2149}\x{214A}\x{214D}"
        RenderBR {BR} at (189,170) size 0x1
        RenderText {#text} at (222,1) size 28x500
          text run at (222,1) width 267: "\x{2300}\x{2307}\x{230C}\x{231F}\x{2322}\x{232B}\x{237D}\x{239A} "
          text run at (222,267) width 234: "\x{23B4}\x{23B6}\x{23BA}\x{23CF}\x{23D1}\x{23DB}\x{23E2}\x{24FF}"
        RenderBR {BR} at (236,500) size 0x1
        RenderText {#text} at (258,1) size 28x320
          text run at (258,1) width 320: "\x{25A0}\x{2619}\x{2620}\x{2767}\x{2776}\x{2793}\x{2B12}\x{2B2F}\x{2E80}\x{2007}"
        RenderBR {BR} at (272,320) size 0x1
        RenderText {#text} at (294,1) size 28x350
          text run at (294,1) width 350: "\x{3012}\x{3013}\x{3020}\x{302F}\x{3031}\x{309F}\x{30A1}\x{30FB}\x{30FD}"
        RenderBR {BR} at (308,351) size 0x0
        RenderText {#text} at (329,1) size 28x312
          text run at (329,1) width 312: "\x{FE10}\x{FE30}\x{FE48}\x{FE50}\x{FE57}\x{FE5F}\x{FE62}\x{FE6}"
        RenderBR {BR} at (343,313) size 0x0
        RenderText {#text} at (359,1) size 28x390
          text run at (359,1) width 390: "\x{FF01}\x{FF07}\x{FF0A}\x{FF0C}\x{FF0E}\x{FF19}\x{FF1F}\x{FF3A}\x{FF3C}\x{FF3E}"
        RenderBR {BR} at (373,391) size 0x0
        RenderText {#text} at (389,1) size 28x334
          text run at (389,1) width 334: "\x{FF40}\x{FF5A}\x{FFE0}\x{FFE2}\x{FFE4}\x{FFFD}\x{D834}\x{DF00}\x{D83D}\x{DE4F}\x{D83D}\x{DE80}"
        RenderBR {BR} at (403,334) size 0x1
