layer at (0,0) size 800x600
  RenderView at (0,0) size 800x600
layer at (0,0) size 800x600
  RenderBlock {HTML} at (0,0) size 800x600
    RenderBody {BODY} at (8,8) size 784x584
      RenderBlock {P} at (0,0) size 784x36
        RenderText {#text} at (0,0) size 54x18
          text run at (0,0) width 54: "Test for "
        RenderInline {I} at (0,0) size 738x36
          RenderInline {A} at (0,0) size 305x18 [color=#0000EE]
            RenderText {#text} at (53,0) size 305x18
              text run at (53,0) width 305: "http://bugs.webkit.org/show_bug.cgi?id=17464"
          RenderText {#text} at (357,0) size 738x36
            text run at (357,0) width 5: " "
            text run at (361,0) width 377: "REGRESSION: Crash in RenderBlock::findNextLineBreak"
            text run at (0,18) width 253: "reading r30444 commit email in GMail"
        RenderText {#text} at (252,18) size 5x18
          text run at (252,18) width 5: "."
      RenderBlock {P} at (0,52) size 784x18
        RenderText {#text} at (0,0) size 159x18
          text run at (0,0) width 159: "No crash means success."
      RenderBlock {DIV} at (0,86) size 100x36
        RenderText {#text} at (0,0) size 86x18
          text run at (0,0) width 86: "Lorem ipsum"
        RenderWordBreak {WBR} at (0,0) size 0x0
        RenderText {#text} at (0,18) size 88x18
          text run at (0,18) width 88: "dolor sit amet"
