layer at (0,0) size 785x680
  RenderView at (0,0) size 785x600
layer at (0,0) size 785x680
  RenderBlock {HTML} at (0,0) size 785x680
    RenderBody {BODY} at (8,8) size 769x662
      RenderBlock {P} at (0,0) size 769x18
        RenderText {#text} at (0,0) size 174x18
          text run at (0,0) width 174: "Two words with no spaces."
      RenderBlock {DIV} at (0,34) size 302x20 [border: (1px solid #0000FF)]
        RenderText {#text} at (1,1) size 484x18
          text run at (1,1) width 484: "aaaaaaaaaaaaaaaaaaaaaaaaaaaaaaaabbbbbbbbbbbbbbbbbbbbbbbbbbbbbbbb"
      RenderTable {TABLE} at (0,64) size 769x20
        RenderTableSection {TBODY} at (0,0) size 769x20
          RenderTableRow {TR} at (0,0) size 769x20
            RenderTableCell {TD} at (0,0) size 486x20 [border: (1px solid #008000)] [r=0 c=0 rs=1 cs=1]
              RenderText {#text} at (1,1) size 484x18
                text run at (1,1) width 484: "aaaaaaaaaaaaaaaaaaaaaaaaaaaaaaaabbbbbbbbbbbbbbbbbbbbbbbbbbbbbbbb"
            RenderTableCell {TD} at (485,10) size 284x0 [r=0 c=1 rs=1 cs=1]
      RenderBlock {P} at (0,100) size 769x18
        RenderText {#text} at (0,0) size 189x18
          text run at (0,0) width 189: "Using <wbr> to break words."
      RenderBlock {DIV} at (0,134) size 302x38 [border: (1px solid #0000FF)]
        RenderText {#text} at (1,1) size 228x18
          text run at (1,1) width 228: "aaaaaaaaaaaaaaaaaaaaaaaaaaaaaaaa"
        RenderWordBreak {WBR} at (0,0) size 0x0
        RenderText {#text} at (1,19) size 256x18
          text run at (1,19) width 256: "bbbbbbbbbbbbbbbbbbbbbbbbbbbbbbbb"
      RenderTable {TABLE} at (0,182) size 769x38
        RenderTableSection {TBODY} at (0,0) size 769x38
          RenderTableRow {TR} at (0,0) size 769x38
            RenderTableCell {TD} at (0,0) size 258x38 [border: (1px solid #008000)] [r=0 c=0 rs=1 cs=1]
              RenderText {#text} at (1,1) size 228x18
                text run at (1,1) width 228: "aaaaaaaaaaaaaaaaaaaaaaaaaaaaaaaa"
              RenderWordBreak {WBR} at (0,0) size 0x0
              RenderText {#text} at (1,19) size 256x18
                text run at (1,19) width 256: "bbbbbbbbbbbbbbbbbbbbbbbbbbbbbbbb"
            RenderTableCell {TD} at (258,19) size 511x0 [r=0 c=1 rs=1 cs=1]
      RenderBlock {P} at (0,236) size 769x18
        RenderText {#text} at (0,0) size 285x18
          text run at (0,0) width 285: "Using <wbr> within <nobr> to break words."
      RenderBlock {DIV} at (0,270) size 302x20 [border: (1px solid #0000FF)]
        RenderInline {NOBR} at (0,0) size 484x18
          RenderText {#text} at (1,1) size 228x18
            text run at (1,1) width 228: "aaaaaaaaaaaaaaaaaaaaaaaaaaaaaaaa"
          RenderWordBreak {WBR} at (0,0) size 0x0
          RenderText {#text} at (228,1) size 257x18
            text run at (228,1) width 257: "bbbbbbbbbbbbbbbbbbbbbbbbbbbbbbbb"
      RenderTable {TABLE} at (0,300) size 769x20
        RenderTableSection {TBODY} at (0,0) size 769x20
          RenderTableRow {TR} at (0,0) size 769x20
            RenderTableCell {TD} at (0,0) size 258x20 [border: (1px solid #008000)] [r=0 c=0 rs=1 cs=1]
              RenderInline {NOBR} at (0,0) size 484x18
                RenderText {#text} at (1,1) size 228x18
                  text run at (1,1) width 228: "aaaaaaaaaaaaaaaaaaaaaaaaaaaaaaaa"
                RenderWordBreak {WBR} at (0,0) size 0x0
                RenderText {#text} at (228,1) size 257x18
                  text run at (228,1) width 257: "bbbbbbbbbbbbbbbbbbbbbbbbbbbbbbbb"
            RenderTableCell {TD} at (258,10) size 511x0 [r=0 c=1 rs=1 cs=1]
      RenderBlock {P} at (0,336) size 769x18
        RenderText {#text} at (0,0) size 225x18
          text run at (0,0) width 225: "Using <wbr> to break three words."
      RenderBlock {DIV} at (0,370) size 302x56 [border: (1px solid #0000FF)]
        RenderText {#text} at (1,1) size 171x18
          text run at (1,1) width 171: "aaaaaaaaaaaaaaaaaaaaaaaa"
        RenderWordBreak {WBR} at (0,0) size 0x0
        RenderText {#text} at (1,19) size 192x18
          text run at (1,19) width 192: "bbbbbbbbbbbbbbbbbbbbbbbb"
        RenderWordBreak {WBR} at (0,0) size 0x0
        RenderText {#text} at (1,37) size 171x18
          text run at (1,37) width 171: "cccccccccccccccccccccccc"
      RenderTable {TABLE} at (0,436) size 769x56
        RenderTableSection {TBODY} at (0,0) size 769x56
          RenderTableRow {TR} at (0,0) size 769x56
            RenderTableCell {TD} at (0,0) size 194x56 [border: (1px solid #008000)] [r=0 c=0 rs=1 cs=1]
              RenderText {#text} at (1,1) size 171x18
                text run at (1,1) width 171: "aaaaaaaaaaaaaaaaaaaaaaaa"
              RenderWordBreak {WBR} at (0,0) size 0x0
              RenderText {#text} at (1,19) size 192x18
                text run at (1,19) width 192: "bbbbbbbbbbbbbbbbbbbbbbbb"
              RenderWordBreak {WBR} at (0,0) size 0x0
              RenderText {#text} at (1,37) size 171x18
                text run at (1,37) width 171: "cccccccccccccccccccccccc"
            RenderTableCell {TD} at (194,28) size 575x0 [r=0 c=1 rs=1 cs=1]
      RenderBlock {P} at (0,508) size 769x18
        RenderText {#text} at (0,0) size 321x18
          text run at (0,0) width 321: "Using <wbr> within <nobr> to break three words."
      RenderBlock {DIV} at (0,542) size 302x20 [border: (1px solid #0000FF)]
        RenderInline {NOBR} at (0,0) size 533x18
          RenderText {#text} at (1,1) size 171x18
            text run at (1,1) width 171: "aaaaaaaaaaaaaaaaaaaaaaaa"
          RenderWordBreak {WBR} at (0,0) size 0x0
          RenderText {#text} at (171,1) size 193x18
            text run at (171,1) width 193: "bbbbbbbbbbbbbbbbbbbbbbbb"
          RenderWordBreak {WBR} at (0,0) size 0x0
          RenderText {#text} at (363,1) size 171x18
            text run at (363,1) width 171: "cccccccccccccccccccccccc"
      RenderTable {TABLE} at (0,572) size 769x20
        RenderTableSection {TBODY} at (0,0) size 769x20
          RenderTableRow {TR} at (0,0) size 769x20
            RenderTableCell {TD} at (0,0) size 194x20 [border: (1px solid #008000)] [r=0 c=0 rs=1 cs=1]
              RenderInline {NOBR} at (0,0) size 533x18
                RenderText {#text} at (1,1) size 171x18
                  text run at (1,1) width 171: "aaaaaaaaaaaaaaaaaaaaaaaa"
                RenderWordBreak {WBR} at (0,0) size 0x0
                RenderText {#text} at (171,1) size 193x18
                  text run at (171,1) width 193: "bbbbbbbbbbbbbbbbbbbbbbbb"
                RenderWordBreak {WBR} at (0,0) size 0x0
                RenderText {#text} at (363,1) size 171x18
                  text run at (363,1) width 171: "cccccccccccccccccccccccc"
            RenderTableCell {TD} at (194,10) size 575x0 [r=0 c=1 rs=1 cs=1]
      RenderBlock {P} at (0,608) size 769x18
        RenderText {#text} at (0,0) size 443x18
          text run at (0,0) width 443: "Spaces both before and after <wbr> to check for collapsing behavior."
      RenderBlock {DIV} at (0,642) size 302x20 [border: (1px solid #0000FF)]
        RenderText {#text} at (1,1) size 26x18
          text run at (1,1) width 26: "aaa "
        RenderWordBreak {WBR} at (0,0) size 0x0
        RenderText {#text} at (26,1) size 25x18
          text run at (26,1) width 25: "bbb"
