layer at (0,0) size 800x600
  RenderView at (0,0) size 800x600
layer at (0,0) size 800x600
  RenderBlock {HTML} at (0,0) size 800x600
    RenderBody {BODY} at (8,8) size 784x584
      RenderBlock {P} at (0,0) size 784x18
        RenderText {#text} at (0,0) size 54x18
          text run at (0,0) width 54: "Test for "
        RenderInline {I} at (53,0) size 609x18
          RenderInline {A} at (53,0) size 305x18 [color=#0000EE]
            RenderText {#text} at (53,0) size 305x18
              text run at (53,0) width 305: "http://bugs.webkit.org/show_bug.cgi?id=13178"
          RenderText {#text} at (357,0) size 305x18
            text run at (357,0) width 5: " "
            text run at (361,0) width 301: "Helvetica zero-width space has non-zero width"
        RenderText {#text} at (661,0) size 5x18
          text run at (661,0) width 5: "."
      RenderBlock {DIV} at (0,34) size 784x41
        RenderText {#text} at (0,0) size 409x41
          text run at (0,0) width 409: "Lor\x{E9}m\x{200B}ipsum\x{200E}dolor\x{1F}sit"
      RenderBlock {DIV} at (0,75) size 784x41
        RenderText {#text} at (0,0) size 409x41
          text run at (0,0) width 409: "Lore\x{301}m\x{200B}ipsum\x{200E}dolor\x{1F}sit"
      RenderBlock {DIV} at (0,116) size 784x41
        RenderText {#text} at (0,0) size 387x41
          text run at (0,0) width 387: "Lor\x{E9}mipsumdolorsit"
