EDITING DELEGATE: webViewDidChangeSelection:WebViewDidChangeSelectionNotification
EDITING DELEGATE: webViewDidChangeSelection:WebViewDidChangeSelectionNotification
EDITING DELEGATE: shouldChangeSelectedDOMRange:range from 1 of #text > DIV > #document-fragment to 1 of #text > DIV > #document-fragment toDOMRange:range from 1 of #text > DIV > #document-fragment to 1 of #text > DIV > #document-fragment affinity:NSSelectionAffinityDownstream stillSelecting:FALSE
EDITING DELEGATE: webViewDidChangeSelection:WebViewDidChangeSelectionNotification
EDITING DELEGATE: webViewDidChange:WebViewDidChangeNotification
EDITING DELEGATE: webViewDidChangeSelection:WebViewDidChangeSelectionNotification
EDITING DELEGATE: shouldChangeSelectedDOMRange:range from 0 of DIV > #document-fragment to 0 of DIV > #document-fragment toDOMRange:range from 6 of #text > DIV > #document-fragment to 6 of #text > DIV > #document-fragment affinity:NSSelectionAffinityDownstream stillSelecting:FALSE
EDITING DELEGATE: webViewDidChangeSelection:WebViewDidChangeSelectionNotification
EDITING DELEGATE: webViewDidChange:WebViewDidChangeNotification
EDITING DELEGATE: webViewDidChangeSelection:WebViewDidChangeSelectionNotification
EDITING DELEGATE: shouldChangeSelectedDOMRange:range from 7 of #text > DIV > #document-fragment to 7 of #text > DIV > #document-fragment toDOMRange:range from 8 of #text > DIV > #document-fragment to 8 of #text > DIV > #document-fragment affinity:NSSelectionAffinityDownstream stillSelecting:FALSE
EDITING DELEGATE: webViewDidChangeSelection:WebViewDidChangeSelectionNotification
EDITING DELEGATE: webViewDidChange:WebViewDidChangeNotification
layer at (0,0) size 800x600
  RenderView at (0,0) size 800x600
layer at (0,0) size 800x600
  RenderBlock {HTML} at (0,0) size 800x600
    RenderBody {BODY} at (8,8) size 784x584
      RenderBlock {DIV} at (0,0) size 784x36
        RenderText {#text} at (0,0) size 782x36
          text run at (0,0) width 782: "The test verified that autocorrection does not occur when user starts typing a word. You should see the phrase \"mesage m\""
          text run at (0,18) width 203: "with red underline on \"mesage\""
      RenderBlock {P} at (0,52) size 784x54 [color=#008000]
        RenderText {#text} at (0,0) size 784x54
          text run at (0,0) width 784: "Note, this test can fail due to user specific spell checking data. If the user has previously dismissed 'message' as the correct"
          text run at (0,18) width 747: "spelling of 'mesage' several times, the spell checker will not provide 'notational' as a suggestion anymore. To fix this,"
          text run at (0,36) width 242: "remove all files in ~/Library/Spelling."
      RenderBlock (anonymous) at (0,122) size 784x140
        RenderText {#text} at (0,0) size 0x0
        RenderText {#text} at (0,0) size 0x0
layer at (10,132) size 543x136 clip at (11,133) size 541x134
  RenderTextControl {TEXTAREA} at (2,2) size 543x136 [bgcolor=#FFFFFF] [border: (1px solid #000000)]
    RenderBlock {DIV} at (3,3) size 537x13
      RenderText {#text} at (0,0) size 55x13
        text run at (0,0) width 55: "mesage m"
caret: position 8 of child 0 {#text} of child 0 {DIV} of {#document-fragment} of child 5 {TEXTAREA} of body
