layer at (0,0) size 800x600
  RenderView at (0,0) size 800x600
layer at (0,0) size 800x43
  RenderBlock {html} at (0,0) size 800x43
    RenderBody {body} at (8,8) size 784x27
      RenderText {#text} at (0,0) size 0x0
layer at (8,8) size 100x27
  RenderButton {button} at (0,0) size 100x27 [color=#000000CC] [bgcolor=#C0C0C0] [border: (2px outset #C0C0C0)]
    RenderBlock (anonymous) at (8,4) size 84x18
      RenderText {#text} at (12,0) size 60x17
        text run at (12,0) width 60: "Click Me"
layer at (79,30) size 32x18
  RenderBlock (positioned) {div} at (71,22) size 32x18
    RenderText {#text} at (0,0) size 32x17
      text run at (0,0) width 32: "Now"
