layer at (0,0) size 800x600
  RenderView at (0,0) size 800x600
layer at (0,0) size 800x514
  RenderBlock {HTML} at (0,0) size 800x514
    RenderBody {BODY} at (8,8) size 784x498
      RenderTable {TABLE} at (0,0) size 670x498
        RenderTableSection {TBODY} at (0,0) size 670x498
          RenderTableRow {TR} at (0,2) size 670x22
            RenderTableCell {TH} at (2,2) size 94x22 [bgcolor=#DDDD99] [r=0 c=0 rs=1 cs=1]
              RenderText {#text} at (9,1) size 76x19
                text run at (9,1) width 76: "viewBox?"
            RenderTableCell {TH} at (98,2) size 162x22 [bgcolor=#DDDD99] [r=0 c=1 rs=1 cs=1]
              RenderText {#text} at (1,1) size 160x19
                text run at (1,1) width 160: "preserve\x{AD}Aspect\x{AD}Ratio"
            RenderTableCell {TH} at (262,2) size 202x22 [bgcolor=#DDDD99] [r=0 c=2 rs=1 cs=1]
              RenderText {#text} at (78,1) size 46x19
                text run at (78,1) width 46: "<img>"
            RenderTableCell {TH} at (466,2) size 202x22 [bgcolor=#DDDD99] [r=0 c=3 rs=1 cs=1]
              RenderText {#text} at (80,1) size 42x19
                text run at (80,1) width 42: "<div>"
          RenderTableRow {TR} at (0,26) size 670x57
            RenderTableCell {TH} at (2,132) size 94x22 [bgcolor=#DDDD99] [r=1 c=0 rs=4 cs=1]
              RenderText {#text} at (1,1) size 92x19
                text run at (1,1) width 92: "No viewBox"
            RenderTableCell {TH} at (98,53) size 162x3 [bgcolor=#DDDD99] [r=1 c=1 rs=1 cs=1]
            RenderTableCell {TD} at (262,26) size 202x57 [r=1 c=2 rs=1 cs=1]
              RenderImage {IMG} at (1,1) size 200x50 [border: (2px dashed #800000)]
              RenderText {#text} at (0,0) size 0x0
            RenderTableCell {TD} at (466,28) size 202x53 [r=1 c=3 rs=1 cs=1]
              RenderBlock {DIV} at (1,1) size 200x50 [border: (2px dashed #800000)]
          RenderTableRow {TR} at (0,85) size 670x57
            RenderTableCell {TH} at (98,102) size 162x23 [bgcolor=#DDDD99] [r=2 c=1 rs=1 cs=1]
              RenderText {#text} at (61,1) size 40x20
                text run at (61,2) width 40: "none"
            RenderTableCell {TD} at (262,85) size 202x57 [r=2 c=2 rs=1 cs=1]
              RenderImage {IMG} at (1,1) size 200x50 [border: (2px dashed #800000)]
              RenderText {#text} at (0,0) size 0x0
            RenderTableCell {TD} at (466,87) size 202x53 [r=2 c=3 rs=1 cs=1]
              RenderBlock {DIV} at (1,1) size 200x50 [border: (2px dashed #800000)]
          RenderTableRow {TR} at (0,144) size 670x57
            RenderTableCell {TH} at (98,161) size 162x23 [bgcolor=#DDDD99] [r=3 c=1 rs=1 cs=1]
              RenderText {#text} at (62,1) size 38x20
                text run at (62,2) width 38: "meet"
            RenderTableCell {TD} at (262,144) size 202x57 [r=3 c=2 rs=1 cs=1]
              RenderImage {IMG} at (1,1) size 200x50 [border: (2px dashed #800000)]
              RenderText {#text} at (0,0) size 0x0
            RenderTableCell {TD} at (466,146) size 202x53 [r=3 c=3 rs=1 cs=1]
              RenderBlock {DIV} at (1,1) size 200x50 [border: (2px dashed #800000)]
          RenderTableRow {TR} at (0,203) size 670x57
            RenderTableCell {TH} at (98,220) size 162x23 [bgcolor=#DDDD99] [r=4 c=1 rs=1 cs=1]
              RenderText {#text} at (63,1) size 36x20
                text run at (63,2) width 36: "slice"
            RenderTableCell {TD} at (262,203) size 202x57 [r=4 c=2 rs=1 cs=1]
              RenderImage {IMG} at (1,1) size 200x50 [border: (2px dashed #800000)]
              RenderText {#text} at (0,0) size 0x0
            RenderTableCell {TD} at (466,205) size 202x53 [r=4 c=3 rs=1 cs=1]
              RenderBlock {DIV} at (1,1) size 200x50 [border: (2px dashed #800000)]
          RenderTableRow {TR} at (0,262) size 670x57
            RenderTableCell {TH} at (2,368) size 94x22 [bgcolor=#DDDD99] [r=5 c=0 rs=4 cs=1]
              RenderText {#text} at (14,1) size 66x19
                text run at (14,1) width 66: "viewBox"
            RenderTableCell {TH} at (98,289) size 162x3 [bgcolor=#DDDD99] [r=5 c=1 rs=1 cs=1]
            RenderTableCell {TD} at (262,262) size 202x57 [r=5 c=2 rs=1 cs=1]
              RenderImage {IMG} at (1,1) size 200x50 [border: (2px dashed #800000)]
              RenderText {#text} at (0,0) size 0x0
            RenderTableCell {TD} at (466,264) size 202x53 [r=5 c=3 rs=1 cs=1]
              RenderBlock {DIV} at (1,1) size 200x50 [border: (2px dashed #800000)]
          RenderTableRow {TR} at (0,321) size 670x57
            RenderTableCell {TH} at (98,338) size 162x23 [bgcolor=#DDDD99] [r=6 c=1 rs=1 cs=1]
              RenderText {#text} at (61,1) size 40x20
                text run at (61,2) width 40: "none"
            RenderTableCell {TD} at (262,321) size 202x57 [r=6 c=2 rs=1 cs=1]
              RenderImage {IMG} at (1,1) size 200x50 [border: (2px dashed #800000)]
              RenderText {#text} at (0,0) size 0x0
            RenderTableCell {TD} at (466,323) size 202x53 [r=6 c=3 rs=1 cs=1]
              RenderBlock {DIV} at (1,1) size 200x50 [border: (2px dashed #800000)]
          RenderTableRow {TR} at (0,380) size 670x57
            RenderTableCell {TH} at (98,397) size 162x23 [bgcolor=#DDDD99] [r=7 c=1 rs=1 cs=1]
              RenderText {#text} at (62,1) size 38x20
                text run at (62,2) width 38: "meet"
            RenderTableCell {TD} at (262,380) size 202x57 [r=7 c=2 rs=1 cs=1]
              RenderImage {IMG} at (1,1) size 200x50 [border: (2px dashed #800000)]
              RenderText {#text} at (0,0) size 0x0
            RenderTableCell {TD} at (466,382) size 202x53 [r=7 c=3 rs=1 cs=1]
              RenderBlock {DIV} at (1,1) size 200x50 [border: (2px dashed #800000)]
          RenderTableRow {TR} at (0,439) size 670x57
            RenderTableCell {TH} at (98,456) size 162x23 [bgcolor=#DDDD99] [r=8 c=1 rs=1 cs=1]
              RenderText {#text} at (63,1) size 36x20
                text run at (63,2) width 36: "slice"
            RenderTableCell {TD} at (262,439) size 202x57 [r=8 c=2 rs=1 cs=1]
              RenderImage {IMG} at (1,1) size 200x50 [border: (2px dashed #800000)]
              RenderText {#text} at (0,0) size 0x0
            RenderTableCell {TD} at (466,441) size 202x53 [r=8 c=3 rs=1 cs=1]
              RenderBlock {DIV} at (1,1) size 200x50 [border: (2px dashed #800000)]
