layer at (0,0) size 800x600
  RenderView at (0,0) size 800x600
layer at (0,0) size 800x258
  RenderBlock {HTML} at (0,0) size 800x258
    RenderBody {BODY} at (8,16) size 784x234
      RenderBlock {P} at (0,0) size 784x18
        RenderText {#text} at (0,0) size 667x18
          text run at (0,0) width 667: "You should continue see a full blue circle when part of the element is redrawn (hover to test interactively)."
layer at (8,50) size 200x200
  RenderBlock (relative positioned) {DIV} at (0,34) size 200x200 [border: (1px solid #000000)]
