layer at (0,0) size 785x671
  RenderView at (0,0) size 785x600
layer at (0,0) size 785x671
  RenderBlock {HTML} at (0,0) size 785x671
    RenderBody {BODY} at (8,8) size 769x634
      RenderBlock (anonymous) at (0,0) size 769x150
        RenderInline {SPAN} at (0,0) size 270x127 [border: (5px solid #000000)]
          RenderText {#text} at (5,16) size 57x17
            text run at (5,16) width 57: "This text"
          RenderBR {BR} at (61,16) size 1x17
          RenderText {#text} at (0,66) size 77x17
            text run at (0,66) width 77: "should have"
          RenderBR {BR} at (76,66) size 1x17
          RenderText {#text} at (0,116) size 265x17
            text run at (0,116) width 265: "a multi-line shadow with a border-radius."
        RenderText {#text} at (0,0) size 0x0
      RenderBlock {DIV} at (0,150) size 120x120 [border: (10px solid #000000)]
        RenderText {#text} at (10,10) size 88x53
          text run at (10,10) width 30: "50%"
          text run at (10,28) width 72: "transparent"
          text run at (10,46) width 88: "black shadow"
      RenderTable {TABLE} at (0,270) size 187x260
        RenderTableSection {TBODY} at (0,0) size 187x260
          RenderTableRow {TR} at (0,10) size 187x40
            RenderTableCell {TD} at (10,10) size 49x40 [border: (1px solid #000000)] [r=0 c=0 rs=1 cs=1]
              RenderText {#text} at (11,11) size 27x17
                text run at (11,11) width 27: "Cell"
            RenderTableCell {TD} at (68,10) size 50x40 [border: (1px solid #000000)] [r=0 c=1 rs=1 cs=1]
              RenderText {#text} at (11,11) size 27x17
                text run at (11,11) width 27: "Cell"
            RenderTableCell {TD} at (127,10) size 50x40 [border: (1px solid #000000)] [r=0 c=2 rs=1 cs=1]
              RenderText {#text} at (11,11) size 27x17
                text run at (11,11) width 27: "Cell"
          RenderTableRow {TR} at (0,60) size 187x40
            RenderTableCell {TD} at (10,60) size 49x40 [border: (1px solid #000000)] [r=1 c=0 rs=1 cs=1]
              RenderText {#text} at (11,11) size 27x17
                text run at (11,11) width 27: "Cell"
            RenderTableCell {TD} at (68,60) size 50x40 [border: (1px solid #000000)] [r=1 c=1 rs=1 cs=1]
              RenderText {#text} at (11,11) size 27x17
                text run at (11,11) width 27: "Cell"
            RenderTableCell {TD} at (127,60) size 50x40 [border: (1px solid #000000)] [r=1 c=2 rs=1 cs=1]
              RenderText {#text} at (11,11) size 27x17
                text run at (11,11) width 27: "Cell"
          RenderTableRow {TR} at (0,110) size 187x40
            RenderTableCell {TD} at (10,110) size 49x40 [border: (1px solid #000000)] [r=2 c=0 rs=1 cs=1]
              RenderText {#text} at (11,11) size 27x17
                text run at (11,11) width 27: "Cell"
            RenderTableCell {TD} at (68,110) size 50x40 [border: (1px solid #000000)] [r=2 c=1 rs=1 cs=1]
              RenderText {#text} at (11,11) size 27x17
                text run at (11,11) width 27: "Cell"
            RenderTableCell {TD} at (127,110) size 50x40 [border: (1px solid #000000)] [r=2 c=2 rs=1 cs=1]
              RenderText {#text} at (11,11) size 27x17
                text run at (11,11) width 27: "Cell"
          RenderTableRow {TR} at (0,160) size 187x40
            RenderTableCell {TD} at (10,160) size 49x40 [border: (1px solid #000000)] [r=3 c=0 rs=1 cs=1]
              RenderText {#text} at (11,11) size 27x17
                text run at (11,11) width 27: "Cell"
            RenderTableCell {TD} at (68,160) size 50x40 [border: (1px solid #000000)] [r=3 c=1 rs=1 cs=1]
              RenderText {#text} at (11,11) size 27x17
                text run at (11,11) width 27: "Cell"
            RenderTableCell {TD} at (127,160) size 50x40 [border: (1px solid #000000)] [r=3 c=2 rs=1 cs=1]
              RenderText {#text} at (11,11) size 27x17
                text run at (11,11) width 27: "Cell"
          RenderTableRow {TR} at (0,210) size 187x40
            RenderTableCell {TD} at (10,210) size 49x40 [border: (1px solid #000000)] [r=4 c=0 rs=1 cs=1]
              RenderText {#text} at (11,11) size 27x17
                text run at (11,11) width 27: "Cell"
            RenderTableCell {TD} at (68,210) size 50x40 [border: (1px solid #000000)] [r=4 c=1 rs=1 cs=1]
              RenderText {#text} at (11,11) size 27x17
                text run at (11,11) width 27: "Cell"
            RenderTableCell {TD} at (127,210) size 50x40 [border: (1px solid #000000)] [r=4 c=2 rs=1 cs=1]
              RenderText {#text} at (11,11) size 27x17
                text run at (11,11) width 27: "Cell"
      RenderBlock {P} at (0,546) size 769x36
        RenderText {#text} at (0,0) size 363x17
          text run at (0,0) width 363: "The first line of this div should have a box-shadow on it."
        RenderBR {BR} at (362,0) size 1x17
        RenderText {#text} at (0,18) size 180x17
          text run at (0,18) width 180: "This second line should not."
      RenderBlock {P} at (0,598) size 769x36
        RenderBlock (floating) at (0,0) size 40x65 [bgcolor=#EEEEEE] [border: (1px solid #000000)]
          RenderText at (5,6) size 30x53
            text run at (5,6) width 30: "T"
        RenderText {#text} at (43,0) size 499x17
          text run at (43,0) width 499: "he first letter of this paragraph should have a border and a nice shadow effect."
        RenderBR {BR} at (541,0) size 1x17
        RenderText {#text} at (43,18) size 167x17
          text run at (43,18) width 167: "It should look pretty cool."
