layer at (0,0) size 800x600
  RenderView at (0,0) size 800x600
layer at (0,0) size 800x600
  RenderBlock {HTML} at (0,0) size 800x600
    RenderBody {BODY} at (8,8) size 784x584
      RenderBlock {DIV} at (0,0) size 784x124
        RenderBlock {DIV} at (10,10) size 100x100 [bgcolor=#FFFFE0] [border: (10px solid #008000)]
        RenderText {#text} at (120,106) size 4x17
          text run at (120,106) width 4: " "
        RenderBlock {DIV} at (134,10) size 100x100 [bgcolor=#FFFFE0] [border: (10px solid #008000)]
        RenderText {#text} at (244,106) size 4x17
          text run at (244,106) width 4: " "
        RenderBlock {DIV} at (258,10) size 100x100 [bgcolor=#FFFFE0] [border: (10px solid #008000)]
        RenderText {#text} at (368,106) size 4x17
          text run at (368,106) width 4: " "
        RenderBlock {DIV} at (382,10) size 100x100 [bgcolor=#FFFFE0] [border: (10px solid #008000)]
        RenderText {#text} at (492,106) size 4x17
          text run at (492,106) width 4: " "
        RenderBlock {DIV} at (506,10) size 100x100 [bgcolor=#FFFFE0] [border: (10px solid #008000)]
        RenderText {#text} at (0,0) size 0x0
      RenderBlock {DIV} at (0,124) size 784x124
        RenderBlock {DIV} at (10,10) size 100x100 [bgcolor=#FFFFE0] [border: (10px solid #008000)]
        RenderText {#text} at (120,106) size 4x17
          text run at (120,106) width 4: " "
        RenderBlock {DIV} at (134,10) size 100x100 [bgcolor=#FFFFE0] [border: (10px solid #008000)]
        RenderText {#text} at (244,106) size 4x17
          text run at (244,106) width 4: " "
        RenderBlock {DIV} at (258,10) size 100x100 [bgcolor=#FFFFE0] [border: (10px solid #008000)]
        RenderText {#text} at (368,106) size 4x17
          text run at (368,106) width 4: " "
        RenderBlock {DIV} at (382,10) size 100x100 [bgcolor=#FFFFE0] [border: (10px solid #008000)]
        RenderText {#text} at (492,106) size 4x17
          text run at (492,106) width 4: " "
        RenderBlock {DIV} at (506,10) size 100x100 [bgcolor=#FFFFE0] [border: (10px dashed #008000)]
        RenderText {#text} at (0,0) size 0x0
      RenderBlock {DIV} at (0,248) size 600x324
        RenderInline {SPAN} at (0,0) size 590x306 [bgcolor=#FFFFE0] [border: (5px solid #008000)]
          RenderText {#text} at (25,14) size 570x296
            text run at (25,14) width 570: "This sentence is too"
            text run at (88,122) width 424: "long to fit on a"
            text run at (132,230) width 316: "single line."
        RenderText {#text} at (0,0) size 0x0
