layer at (0,0) size 800x600
  RenderView at (0,0) size 800x600
layer at (0,0) size 800x600
  RenderBlock {HTML} at (0,0) size 800x600
    RenderBody {BODY} at (8,8) size 784x584 [color=#008000]
      RenderBlock (anonymous) at (0,0) size 784x37
        RenderText {#text} at (0,0) size 404x37
          text run at (0,0) width 404: "This is fixed pitch. "
        RenderInline {FONT} at (403,20) size 49x12
          RenderText {#text} at (403,20) size 49x12
            text run at (403,20) width 49: "This is not."
      RenderBlock (anonymous) at (0,37) size 784x31
        RenderTable {TABLE} at (0,0) size 124x31 [border: (2px outset #808080)]
          RenderTableSection {TBODY} at (2,2) size 120x27
            RenderTableRow {TR} at (0,2) size 120x23
              RenderTableCell {TD} at (2,2) size 116x23 [border: (1px inset #808080)] [r=0 c=0 rs=1 cs=1]
                RenderText {#text} at (2,2) size 112x19
                  text run at (2,2) width 112: "This is also not."
      RenderBlock (anonymous) at (0,67) size 784x38
        RenderInline {FONT} at (0,20) size 42x12
          RenderText {#text} at (0,20) size 42x12
            text run at (0,20) width 42: "More text"
        RenderText {#text} at (41,0) size 155x37
          text run at (41,0) width 155: " Ending."
