layer at (0,0) size 800x600
  RenderView at (0,0) size 800x600
layer at (0,0) size 800x600
  RenderBlock {HTML} at (0,0) size 800x600
    RenderBody {BODY} at (8,8) size 784x584
      RenderBlock (floating) {DIV} at (0,0) size 263x22 [border: (2px solid #008000)]
        RenderText {#text} at (2,2) size 259x18
          text run at (2,2) width 42: "Words"
          text run at (38,2) width 48: " should"
          text run at (80,2) width 35: " have"
          text run at (109,2) width 12: " a"
          text run at (115,2) width 59: " negative"
          text run at (168,2) width 54: " spacing"
          text run at (216,2) width 18: " of"
          text run at (228,2) width 33: " 5px."
