layer at (0,0) size 800x600
  RenderView at (0,0) size 800x600
layer at (0,0) size 800x600
  RenderBlock {HTML} at (0,0) size 800x600
    RenderBody {BODY} at (8,8) size 784x584
      RenderBlock {DIV} at (0,0) size 784x36
        RenderText {#text} at (0,0) size 752x18
          text run at (0,0) width 102: "This is a test of "
          text run at (101,0) width 187: "some code to make sure that "
          text run at (287,0) width 226: "white-space gets properly ignored. "
          text run at (512,0) width 240: "If it does, then this should render the "
        RenderInline {A} at (0,0) size 28x18 [color=#0000EE]
          RenderText {#text} at (751,0) size 28x18
            text run at (751,0) width 28: "way"
        RenderText {#text} at (0,18) size 370x18
          text run at (0,18) width 121: "one would expect. "
          text run at (120,18) width 250: "Hopefully it does render the way we w"
        RenderInline {I} at (0,0) size 9x18
          RenderText {#text} at (369,18) size 9x18
            text run at (369,18) width 9: "a"
        RenderInline {B} at (0,0) size 10x18
          RenderText {#text} at (377,18) size 10x18
            text run at (377,18) width 10: "n"
        RenderText {#text} at (386,18) size 287x18
          text run at (386,18) width 42: "t it to. "
          text run at (427,18) width 87: "If it does not "
          text run at (513,18) width 92: "that would be "
          text run at (604,18) width 69: "a problem."
