layer at (0,0) size 800x600
  RenderView at (0,0) size 800x600
layer at (0,0) size 800x142
  RenderBlock {HTML} at (0,0) size 800x142
    RenderBody {BODY} at (8,8) size 784x126
      RenderBlock {DIV} at (0,0) size 784x36
        RenderText {#text} at (0,0) size 103x18
          text run at (0,0) width 103: "Select this text. "
        RenderInline {FONT} at (0,0) size 752x31
          RenderText {#text} at (102,4) size 752x31
            text run at (102,4) width 82: "I am teeny and tiny. "
            text run at (183,4) width 292: "I am going to have lots of text but each line should retain the big height. "
            text run at (474,4) width 278: "If the lines shrink, it means that the root line box's height is not being"
            text run at (0,22) width 114: "considered and that's wrong."
        RenderText {#text} at (0,0) size 0x0
      RenderBlock {P} at (0,52) size 784x0
      RenderBlock {DIV} at (0,52) size 784x74
        RenderInline {FONT} at (0,0) size 772x74
          RenderText {#text} at (0,0) size 432x37
            text run at (0,0) width 432: "This text is absolutely enormous. "
          RenderInline {FONT} at (0,0) size 772x50
            RenderText {#text} at (431,19) size 772x50
              text run at (431,19) width 83: "I am teeny and tiny. "
              text run at (513,19) width 259: "I am going to have lots of text but each line should retain the big"
              text run at (0,56) width 30: "height. "
              text run at (29,56) width 403: "If the lines shrink, it means that the span's line box's height is not being considered and that's wrong."
          RenderText {#text} at (0,0) size 0x0
