layer at (0,0) size 800x600
  RenderView at (0,0) size 800x600
layer at (0,0) size 800x268
  RenderBlock {HTML} at (0,0) size 800x268
    RenderBody {BODY} at (8,21) size 784x231
      RenderBlock {H1} at (0,0) size 784x37
        RenderText {#text} at (0,0) size 528x37
          text run at (0,0) width 528: "Letter spacing lost for emphasized text"
      RenderBlock {P} at (0,58) size 784x37
        RenderText {#text} at (0,0) size 289x18
          text run at (0,0) width 289: "This example demonstrates that text inside a "
        RenderInline {CODE} at (0,0) size 9x15
          RenderText {#text} at (288,2) size 9x15
            text run at (288,2) width 9: "b"
        RenderText {#text} at (296,0) size 9x18
          text run at (296,0) width 9: ", "
        RenderInline {CODE} at (0,0) size 8x15
          RenderText {#text} at (304,2) size 8x15
            text run at (304,2) width 8: "i"
        RenderText {#text} at (311,0) size 9x18
          text run at (311,0) width 9: ", "
        RenderInline {CODE} at (0,0) size 48x15
          RenderText {#text} at (319,2) size 48x15
            text run at (319,2) width 48: "strong"
        RenderText {#text} at (366,0) size 23x18
          text run at (366,0) width 23: " or "
        RenderInline {CODE} at (0,0) size 16x15
          RenderText {#text} at (388,2) size 16x15
            text run at (388,2) width 16: "em"
        RenderText {#text} at (403,0) size 115x18
          text run at (403,0) width 115: " element loses its "
        RenderInline {CODE} at (0,0) size 110x15
          RenderText {#text} at (517,2) size 110x15
            text run at (517,2) width 110: "letter-spacing"
        RenderText {#text} at (626,0) size 745x36
          text run at (626,0) width 119: " CSS attribute that"
          text run at (0,18) width 348: "should be inherited. This was discovered in Safari 1.0."
      RenderBlock {DIV} at (0,110) size 784x121
        RenderBlock {P} at (0,0) size 784x18
          RenderText {#text} at (0,0) size 133x18
            text run at (0,0) width 133: "Text inside "
          RenderInline {B} at (0,0) size 50x18
            RenderText {#text} at (132,0) size 50x18
              text run at (132,0) width 50: "bold"
          RenderText {#text} at (181,0) size 103x18
            text run at (181,0) width 103: " element."
        RenderBlock {P} at (0,34) size 784x18
          RenderText {#text} at (0,0) size 133x18
            text run at (0,0) width 133: "Text inside "
          RenderInline {STRONG} at (0,0) size 73x18
            RenderText {#text} at (132,0) size 73x18
              text run at (132,0) width 73: "strong"
          RenderText {#text} at (204,0) size 102x18
            text run at (204,0) width 102: " element."
        RenderBlock {P} at (0,68) size 784x18
          RenderText {#text} at (0,0) size 133x18
            text run at (0,0) width 133: "Text inside "
          RenderInline {I} at (0,0) size 62x18
            RenderText {#text} at (132,0) size 62x18
              text run at (132,0) width 62: "italic"
          RenderText {#text} at (193,0) size 103x18
            text run at (193,0) width 103: " element."
        RenderBlock {P} at (0,102) size 784x18
          RenderText {#text} at (0,0) size 133x18
            text run at (0,0) width 133: "Text inside "
          RenderInline {EM} at (0,0) size 98x18
            RenderText {#text} at (132,0) size 98x18
              text run at (132,0) width 98: "emphasis"
          RenderText {#text} at (229,0) size 103x18
            text run at (229,0) width 103: " element."
