layer at (0,0) size 800x600
  RenderView at (0,0) size 800x600
layer at (0,0) size 800x600
  RenderBlock {HTML} at (0,0) size 800x600
    RenderBody {BODY} at (8,8) size 784x576
      RenderBlock {DIV} at (0,0) size 396x198 [border: (2px solid #FF0000)]
        RenderBlock {P} at (2,18) size 392x37
          RenderText {#text} at (0,0) size 364x37
            text run at (0,0) width 364: "I\x{2019}m told this is the longest word in the English language:"
            text run at (0,19) width 190: "anti\x{AD}dis\x{AD}est\x{AD}ab\x{AD}lish\x{AD}ment\x{AD}arian\x{AD}ism."
        RenderBlock {P} at (2,71) size 392x37
          RenderText {#text} at (0,0) size 364x37
            text run at (0,0) width 364: "I\x{2019}m told this is the longest word in the English language:"
            text run at (0,19) width 190: "anti\x{AD}dis\x{AD}est\x{AD}ab\x{AD}lish\x{AD}ment\x{AD}arian\x{AD}ism."
        RenderBlock {P} at (2,124) size 392x56
          RenderText {#text} at (0,0) size 364x37
            text run at (0,0) width 364: "I\x{2019}m told this is the longest word in the English language:"
            text run at (0,19) width 76: "anti\x{AD}dis\x{AD}est\x{AD}ab\x{AD}"
          RenderBR {BR} at (75,19) size 1x18
          RenderText {#text} at (0,38) size 115x18
            text run at (0,38) width 115: "lish\x{AD}ment\x{AD}arian\x{AD}ism."
      RenderBlock {P} at (0,214) size 784x0
      RenderBlock (floating) {DIV} at (0,214) size 562x144 [border: (2px solid #FF0000)]
        RenderBlock {P} at (2,18) size 558x19
          RenderText {#text} at (0,1) size 558x18
            text run at (0,1) width 558: "I\x{2019}m told this is the longest word in the English language: anti\x{AD}dis\x{AD}est\x{AD}ab\x{AD}lish\x{AD}ment\x{AD}arian\x{AD}ism."
        RenderBlock {P} at (2,53) size 558x19
          RenderText {#text} at (0,1) size 558x18
            text run at (0,1) width 558: "I\x{2019}m told this is the longest word in the English language: anti\x{AD}dis\x{AD}est\x{AD}ab\x{AD}lish\x{AD}ment\x{AD}arian\x{AD}ism."
        RenderBlock {P} at (2,88) size 558x38
          RenderText {#text} at (0,1) size 444x18
            text run at (0,1) width 444: "I\x{2019}m told this is the longest word in the English language: anti\x{AD}dis\x{AD}est\x{AD}ab\x{AD}"
          RenderBR {BR} at (443,1) size 1x18
          RenderText {#text} at (0,20) size 115x18
            text run at (0,20) width 115: "lish\x{AD}ment\x{AD}arian\x{AD}ism."
