layer at (0,0) size 800x600
  RenderView at (0,0) size 800x600
layer at (0,0) size 800x600
  RenderBlock {HTML} at (0,0) size 800x600
    RenderBody {BODY} at (8,8) size 784x584
      RenderBlock {H3} at (0,0) size 784x23
        RenderText {#text} at (0,0) size 491x23
          text run at (0,0) width 491: "tt's, font-family inheriting and font-size: a bug"
      RenderTable {TABLE} at (0,41) size 784x382
        RenderTableSection {TBODY} at (0,0) size 784x381
          RenderTableRow {TR} at (0,10) size 784x216
            RenderTableCell {TD} at (10,10) size 764x216 [r=0 c=0 rs=1 cs=2]
              RenderText {#text} at (1,1) size 336x20
                text run at (1,1) width 336: "The css in the head of this file is like this:"
              RenderBR {BR} at (336,1) size 1x20
              RenderBR {BR} at (1,20) size 0x20
              RenderText {#text} at (1,39) size 103x21
                text run at (1,39) width 103: "html, body {"
              RenderBR {BR} at (103,39) size 1x21
              RenderText {#text} at (1,59) size 198x20
                text run at (1,59) width 198: "    font-family: Verdana;"
              RenderBR {BR} at (198,59) size 1x20
              RenderText {#text} at (1,78) size 11x21
                text run at (1,78) width 11: "}"
              RenderBR {BR} at (11,78) size 1x21
              RenderText {#text} at (1,98) size 78x20
                text run at (1,98) width 78: "tt, span {"
              RenderBR {BR} at (78,98) size 1x20
              RenderText {#text} at (1,117) size 164x21
                text run at (1,117) width 164: "    font-size: 0.8em;"
              RenderBR {BR} at (164,117) size 1x21
              RenderText {#text} at (1,137) size 11x20
                text run at (1,137) width 11: "}"
              RenderBR {BR} at (11,137) size 1x20
              RenderBR {BR} at (1,156) size 0x21
              RenderText {#text} at (1,176) size 739x39
                text run at (1,176) width 739: "The two columns below show that inheriting the font does not correctly inherit the font-size"
                text run at (1,195) width 136: "for a <tt> block."
              RenderBR {BR} at (136,195) size 1x20
          RenderTableRow {TR} at (0,235) size 784x23
            RenderTableCell {TH} at (10,235) size 377x23 [r=1 c=0 rs=1 cs=1]
              RenderText {#text} at (167,1) size 43x20
                text run at (167,1) width 43: "<tt>"
            RenderTableCell {TH} at (397,235) size 377x23 [r=1 c=1 rs=1 cs=1]
              RenderText {#text} at (153,1) size 71x20
                text run at (153,1) width 71: "<span>"
          RenderTableRow {TR} at (0,267) size 784x18
            RenderTableCell {TD} at (10,267) size 377x18 [r=2 c=0 rs=1 cs=1]
              RenderInline {TT} at (1,1) size 258x16
                RenderText {#text} at (1,1) size 258x16
                  text run at (1,1) width 258: "font-family: Verdana; font-size: 0.8em;"
              RenderText {#text} at (0,0) size 0x0
            RenderTableCell {TD} at (397,267) size 377x18 [r=2 c=1 rs=1 cs=1]
              RenderInline {SPAN} at (1,1) size 258x16
                RenderText {#text} at (1,1) size 258x16
                  text run at (1,1) width 258: "font-family: Verdana; font-size: 0.8em;"
              RenderText {#text} at (0,0) size 0x0
          RenderTableRow {TR} at (0,294) size 784x19
            RenderTableCell {TD} at (10,294) size 377x19 [r=3 c=0 rs=1 cs=1]
              RenderInline {TT} at (1,1) size 315x16
                RenderText {#text} at (1,1) size 315x16
                  text run at (1,1) width 315: "font-family: inherit (Verdana); font-size: 0.8em;"
              RenderText {#text} at (0,0) size 0x0
            RenderTableCell {TD} at (397,294) size 377x19 [r=3 c=1 rs=1 cs=1]
              RenderInline {SPAN} at (1,1) size 246x16
                RenderText {#text} at (1,1) size 246x16
                  text run at (1,1) width 246: "font-family: inherit; font-size: 0.8em;"
              RenderText {#text} at (0,0) size 0x0
          RenderTableRow {TR} at (0,322) size 784x22
            RenderTableCell {TD} at (10,322) size 377x22 [r=4 c=0 rs=1 cs=1]
              RenderInline {TT} at (1,1) size 322x20
                RenderText {#text} at (1,1) size 322x20
                  text run at (1,1) width 322: "font-family: Verdana; font-size: 1.0em;"
              RenderText {#text} at (0,0) size 0x0
            RenderTableCell {TD} at (397,322) size 377x22 [r=4 c=1 rs=1 cs=1]
              RenderInline {SPAN} at (1,1) size 322x20
                RenderText {#text} at (1,1) size 322x20
                  text run at (1,1) width 322: "font-family: Verdana; font-size: 1.0em;"
              RenderText {#text} at (0,0) size 0x0
          RenderTableRow {TR} at (0,353) size 784x18
            RenderTableCell {TD} at (10,355) size 377x15 [r=5 c=0 rs=1 cs=1]
              RenderInline {TT} at (1,2) size 194x13
                RenderText {#text} at (1,2) size 194x13
                  text run at (1,1) width 194: "default font; font-size: 0.8em;"
              RenderText {#text} at (0,0) size 0x0
            RenderTableCell {TD} at (397,353) size 377x18 [r=5 c=1 rs=1 cs=1]
              RenderInline {SPAN} at (1,0) size 300x16
                RenderText {#text} at (1,0) size 300x16
                  text run at (1,0) width 300: "font-family: courier; font-size: 0.8em;"
              RenderText {#text} at (0,0) size 0x0
