layer at (0,0) size 800x600
  RenderView at (0,0) size 800x600
layer at (0,0) size 800x70
  RenderBlock {HTML} at (0,0) size 800x70
    RenderBody {BODY} at (8,8) size 784x54
      RenderText {#text} at (0,0) size 752x54
        text run at (0,0) width 304: "You should see a 100x100 green square below. "
        text run at (303,0) width 373: "If you see nothing at all or see any red, the test has failed. "
        text run at (675,0) width 71: "This test is"
        text run at (0,18) width 297: "checking to make sure overflow is done using "
        text run at (296,18) width 456: "a containing block model, and that a fixed positioned element inside an"
        text run at (0,36) width 355: "absolute positioned element is not considered overflow."
      RenderText {#text} at (0,0) size 0x0
layer at (8,62) size 100x100
  RenderBlock (positioned) {DIV} at (8,62) size 100x100
layer at (100,100) size 100x100
  RenderBlock (positioned) {DIV} at (100,100) size 100x100
layer at (200,200) size 100x100
  RenderBlock {DIV} at (100,100) size 100x100 [bgcolor=#008000]
