layer at (0,0) size 800x600
  RenderView at (0,0) size 800x600
layer at (0,0) size 800x600
  RenderBlock {HTML} at (0,0) size 800x600
    RenderBody {BODY} at (8,8) size 784x584
      RenderText {#text} at (0,0) size 780x36
        text run at (0,0) width 215: "This tests clipping of the outline. "
        text run at (214,0) width 293: "It should not be clipped by the overflow rect. "
        text run at (506,0) width 274: "The inner div has a green outline and a red"
        text run at (0,18) width 45: "border."
      RenderText {#text} at (0,0) size 0x0
layer at (8,44) size 304x204 backgroundClip at (83,44) size 229x204 clip at (83,44) size 229x204
  RenderBlock (positioned) {DIV} at (8,44) size 304x204 [border: (2px solid #0000FF)]
    RenderText {#text} at (2,2) size 102x18
      text run at (2,2) width 102: "text in outer div"
    RenderText {#text} at (0,0) size 0x0
layer at (60,64) size 108x24 backgroundClip at (83,61) size 88x30 clip at (83,67) size 82x18 scrollWidth 103
  RenderBlock (positioned) {DIV} at (52,20) size 108x24 [bgcolor=#EEEEEE] [border: (3px solid #FF0000)]
    RenderText {#text} at (3,3) size 102x18
      text run at (3,3) width 102: "text in inner div"
      text run at (104,3) width 1: " "
