layer at (0,0) size 800x600
  RenderView at (0,0) size 800x600
layer at (0,0) size 800x600
  RenderBlock {HTML} at (0,0) size 800x600
    RenderBody {BODY} at (8,8) size 784x584
      RenderBlock (anonymous) at (0,0) size 784x18
        RenderText {#text} at (0,0) size 610x18
          text run at (0,0) width 610: "The div below should be rounded. You should see a rounded green square or the test has failed."
        RenderText {#text} at (0,0) size 0x0
      RenderBlock {P} at (0,148) size 784x18
        RenderText {#text} at (0,0) size 573x18
          text run at (0,0) width 573: "This div should not be rounded. You should see a solid green square or the test has failed."
      RenderBlock {P} at (0,298) size 784x18
        RenderText {#text} at (0,0) size 570x18
          text run at (0,0) width 570: "This div should be rounded. You should see a rounded green square or the test has failed."
layer at (8,190) size 100x100
  RenderBlock {DIV} at (0,182) size 100x100
layer at (8,26) size 100x100
  RenderBlock (positioned) {DIV} at (8,26) size 100x100
layer at (8,26) size 100x100
  RenderBlock (relative positioned) {DIV} at (0,0) size 100x100 [bgcolor=#008000]
layer at (8,190) size 100x100
  RenderBlock (positioned) {DIV} at (8,190) size 100x100 [bgcolor=#008000]
layer at (8,340) size 100x100
  RenderBlock (relative positioned) {DIV} at (0,332) size 100x100
layer at (8,340) size 100x100
  RenderBlock {DIV} at (0,0) size 100x100
layer at (8,340) size 100x100
  RenderBlock (positioned) {DIV} at (0,0) size 100x100 [bgcolor=#008000]
