layer at (0,0) size 800x600
  RenderView at (0,0) size 800x600
layer at (0,0) size 800x600
  RenderBlock {HTML} at (0,0) size 800x600
    RenderBody {BODY} at (8,8) size 784x584 [bgcolor=#CCCCCC]
      RenderBlock {P} at (0,0) size 784x18
        RenderText {#text} at (0,0) size 355x18
          text run at (0,0) width 355: "The style declarations which apply to the text below are:"
      RenderBlock {PRE} at (0,34) size 784x45
        RenderText {#text} at (0,0) size 408x45
          text run at (0,0) width 408: ".one {border-top-width: 25px; border-style: solid;}"
          text run at (408,0) width 0: " "
          text run at (0,15) width 408: ".two {border-top-width: thin; border-style: solid;}"
          text run at (408,15) width 0: " "
          text run at (0,30) width 256: ".three {border-top-width: 25px;}"
          text run at (256,30) width 0: " "
      RenderBlock {HR} at (0,92) size 784x2 [border: (1px inset #000000)]
      RenderBlock {P} at (0,110) size 784x82 [border: (25px solid #000000) (3px solid #000000)]
        RenderText {#text} at (3,25) size 172x18
          text run at (3,25) width 172: "This element has a class of "
        RenderInline {TT} at (0,0) size 24x15
          RenderText {#text} at (175,27) size 24x15
            text run at (175,27) width 24: "one"
        RenderText {#text} at (199,25) size 162x18
          text run at (199,25) width 8: ". "
          text run at (207,25) width 154: "However, it contains an "
        RenderInline {SPAN} at (0,0) size 173x22 [border: (1px solid #000000) (3px solid #000000)]
          RenderText {#text} at (364,25) size 143x18
            text run at (364,25) width 143: "inline element of class "
          RenderInline {TT} at (0,0) size 24x15
            RenderText {#text} at (507,27) size 24x15
              text run at (507,27) width 24: "two"
        RenderText {#text} at (534,25) size 772x54
          text run at (534,25) width 220: ", which should result in a thin solid"
          text run at (3,43) width 692: "border on the top side of each box in the inline element (and the UA's default border on the other three sides). "
          text run at (695,43) width 80: "There is also"
          text run at (3,61) width 19: "an "
        RenderInline {SPAN} at (0,0) size 183x18
          RenderText {#text} at (22,61) size 143x18
            text run at (22,61) width 143: "inline element of class "
          RenderInline {TT} at (0,0) size 40x15
            RenderText {#text} at (165,63) size 40x15
              text run at (165,63) width 40: "three"
        RenderText {#text} at (205,61) size 569x18
          text run at (205,61) width 569: ", which should have no top border width or visible border because no border style was set."
      RenderTable {TABLE} at (0,208) size 784x136 [border: (1px outset #808080)]
        RenderTableSection {TBODY} at (1,1) size 782x134
          RenderTableRow {TR} at (0,0) size 782x26
            RenderTableCell {TD} at (0,0) size 782x26 [bgcolor=#C0C0C0] [border: (1px inset #808080)] [r=0 c=0 rs=1 cs=2]
              RenderInline {STRONG} at (0,0) size 163x18
                RenderText {#text} at (4,4) size 163x18
                  text run at (4,4) width 163: "TABLE Testing Section"
          RenderTableRow {TR} at (0,26) size 782x108
            RenderTableCell {TD} at (0,67) size 12x26 [bgcolor=#C0C0C0] [border: (1px inset #808080)] [r=1 c=0 rs=1 cs=1]
              RenderText {#text} at (4,4) size 4x18
                text run at (4,4) width 4: " "
            RenderTableCell {TD} at (12,26) size 770x108 [border: (1px inset #808080)] [r=1 c=1 rs=1 cs=1]
              RenderBlock {P} at (4,4) size 762x100 [border: (25px solid #000000) (3px solid #000000)]
                RenderText {#text} at (3,25) size 172x18
                  text run at (3,25) width 172: "This element has a class of "
                RenderInline {TT} at (0,0) size 24x15
                  RenderText {#text} at (175,27) size 24x15
                    text run at (175,27) width 24: "one"
                RenderText {#text} at (199,25) size 162x18
                  text run at (199,25) width 8: ". "
                  text run at (207,25) width 154: "However, it contains an "
                RenderInline {SPAN} at (0,0) size 173x22 [border: (1px solid #000000) (3px solid #000000)]
                  RenderText {#text} at (364,25) size 143x18
                    text run at (364,25) width 143: "inline element of class "
                  RenderInline {TT} at (0,0) size 24x15
                    RenderText {#text} at (507,27) size 24x15
                      text run at (507,27) width 24: "two"
                RenderText {#text} at (534,25) size 751x54
                  text run at (534,25) width 220: ", which should result in a thin solid"
                  text run at (3,43) width 692: "border on the top side of each box in the inline element (and the UA's default border on the other three sides). "
                  text run at (695,43) width 51: "There is"
                  text run at (3,61) width 48: "also an "
                RenderInline {SPAN} at (0,0) size 183x18
                  RenderText {#text} at (51,61) size 143x18
                    text run at (51,61) width 143: "inline element of class "
                  RenderInline {TT} at (0,0) size 40x15
                    RenderText {#text} at (194,63) size 40x15
                      text run at (194,63) width 40: "three"
                RenderText {#text} at (234,61) size 746x36
                  text run at (234,61) width 515: ", which should have no top border width or visible border because no border style"
                  text run at (3,79) width 50: "was set."
