layer at (0,0) size 800x600
  RenderView at (0,0) size 800x600
layer at (0,0) size 800x600
  RenderBlock {HTML} at (0,0) size 800x600
    RenderBody {BODY} at (8,8) size 784x584 [bgcolor=#CCCCCC]
      RenderBlock {P} at (20,0) size 764x18
        RenderText {#text} at (0,0) size 355x18
          text run at (0,0) width 355: "The style declarations which apply to the text below are:"
      RenderBlock {PRE} at (0,34) size 784x60
        RenderText {#text} at (0,0) size 312x60
          text run at (0,0) width 176: "P {margin-left: 20px;}"
          text run at (176,0) width 0: " "
          text run at (0,15) width 312: ".one {border-left: purple double 10px;}"
          text run at (312,15) width 0: " "
          text run at (0,30) width 304: ".two {border-left: purple thin solid;}"
          text run at (304,30) width 0: " "
          text run at (0,45) width 0: " "
      RenderBlock {HR} at (0,107) size 784x2 [border: (1px inset #000000)]
      RenderBlock {P} at (20,125) size 764x54 [bgcolor=#C0C0C0]
        RenderText {#text} at (0,0) size 760x18
          text run at (0,0) width 760: "This paragraph has a background color of silver and a 20-pixel left margin, and it contains inline elements with classes of"
        RenderInline {SPAN} at (0,0) size 67x18 [border: none (10px double #800080)]
          RenderText {#text} at (10,18) size 57x18
            text run at (10,18) width 57: "class one"
        RenderText {#text} at (67,18) size 389x18
          text run at (67,18) width 389: ", which should have a 10-pixel purple double left border; and "
        RenderInline {SPAN} at (0,0) size 59x18 [border: none (1px solid #800080)]
          RenderText {#text} at (457,18) size 58x18
            text run at (457,18) width 58: "class two"
        RenderText {#text} at (515,18) size 759x36
          text run at (515,18) width 244: ", which should have a thin solid purple"
          text run at (0,36) width 73: "left border. "
          text run at (73,36) width 429: "The line-height of the parent element should not change on any line."
      RenderTable {TABLE} at (0,195) size 784x90 [border: (1px outset #808080)]
        RenderTableSection {TBODY} at (1,1) size 782x88
          RenderTableRow {TR} at (0,0) size 782x26
            RenderTableCell {TD} at (0,0) size 782x26 [bgcolor=#C0C0C0] [border: (1px inset #808080)] [r=0 c=0 rs=1 cs=2]
              RenderInline {STRONG} at (0,0) size 163x18
                RenderText {#text} at (4,4) size 163x18
                  text run at (4,4) width 163: "TABLE Testing Section"
          RenderTableRow {TR} at (0,26) size 782x62
            RenderTableCell {TD} at (0,44) size 12x26 [bgcolor=#C0C0C0] [border: (1px inset #808080)] [r=1 c=0 rs=1 cs=1]
              RenderText {#text} at (4,4) size 4x18
                text run at (4,4) width 4: " "
            RenderTableCell {TD} at (12,26) size 770x62 [border: (1px inset #808080)] [r=1 c=1 rs=1 cs=1]
              RenderBlock {P} at (24,4) size 742x54 [bgcolor=#C0C0C0]
                RenderText {#text} at (0,0) size 696x36
                  text run at (0,0) width 696: "This paragraph has a background color of silver and a 20-pixel left margin, and it contains inline elements with"
                  text run at (0,18) width 64: "classes of "
                RenderInline {SPAN} at (0,0) size 67x18 [border: none (10px double #800080)]
                  RenderText {#text} at (74,18) size 57x18
                    text run at (74,18) width 57: "class one"
                RenderText {#text} at (131,18) size 389x18
                  text run at (131,18) width 389: ", which should have a 10-pixel purple double left border; and "
                RenderInline {SPAN} at (0,0) size 59x18 [border: none (1px solid #800080)]
                  RenderText {#text} at (521,18) size 58x18
                    text run at (521,18) width 58: "class two"
                RenderText {#text} at (579,18) size 717x36
                  text run at (579,18) width 138: ", which should have a"
                  text run at (0,36) width 179: "thin solid purple left border. "
                  text run at (179,36) width 429: "The line-height of the parent element should not change on any line."
