layer at (0,0) size 785x959
  RenderView at (0,0) size 785x600
layer at (0,0) size 785x959
  RenderBlock {HTML} at (0,0) size 785x959
    RenderBody {BODY} at (8,8) size 769x943 [bgcolor=#CCCCCC]
      RenderBlock {P} at (0,0) size 769x18
        RenderText {#text} at (0,0) size 355x18
          text run at (0,0) width 355: "The style declarations which apply to the text below are:"
      RenderBlock {PRE} at (0,34) size 769x60
        RenderText {#text} at (0,0) size 320x60
          text run at (0,0) width 304: ".one {border-top: purple double 10px;}"
          text run at (304,0) width 0: " "
          text run at (0,15) width 296: ".two {border-top: purple thin solid;}"
          text run at (296,15) width 0: " "
          text run at (0,30) width 320: ".three {border-top: black medium solid;}"
          text run at (320,30) width 0: " "
          text run at (0,45) width 264: "TD {border-top: green 2px solid;}"
          text run at (264,45) width 0: " "
      RenderBlock {HR} at (0,107) size 769x2 [border: (1px inset #000000)]
      RenderBlock {P} at (0,125) size 769x36
        RenderText {#text} at (0,0) size 755x36
          text run at (0,0) width 634: "Note that all table cells on this page should have a two-pixel solid green border along their top sides. "
          text run at (634,0) width 121: "This border applies"
          text run at (0,18) width 317: "only to the cells, not the rows which contain them."
      RenderBlock {P} at (0,177) size 769x28 [border: (10px double #800080) none]
        RenderText {#text} at (0,10) size 414x18
          text run at (0,10) width 414: "This paragraph should have a purple, double, 10-pixel top border."
      RenderBlock {P} at (0,221) size 769x19 [border: (1px solid #800080) none]
        RenderText {#text} at (0,1) size 331x18
          text run at (0,1) width 331: "This paragraph should have a thin purple top border."
      RenderTable {TABLE} at (0,256) size 769x110 [border: (1px outset #808080)]
        RenderTableSection {TBODY} at (1,1) size 767x108
          RenderTableRow {TR} at (0,5) size 767x41
            RenderTableCell {TD} at (5,5) size 758x41 [border: (2px solid #008000) (1px inset #808080)] [r=0 c=0 rs=1 cs=2]
              RenderText {#text} at (2,3) size 735x36
                text run at (2,3) width 429: "Every cell in this table should have a 2-pixel solid green top border. "
                text run at (431,3) width 306: "This is also true of the table-testing section in the"
                text run at (2,21) width 175: "second half of the test page."
          RenderTableRow {TR} at (0,51) size 767x52
            RenderTableCell {TD} at (5,65) size 194x24 [border: (2px solid #008000) (1px inset #808080)] [r=1 c=0 rs=1 cs=1]
              RenderText {#text} at (2,3) size 53x19
                text run at (2,4) width 53: "Cell one"
            RenderTableCell {TD} at (203,51) size 560x52 [border: (2px solid #008000) (1px inset #808080)] [r=1 c=1 rs=1 cs=1]
              RenderBlock (anonymous) at (2,3) size 555x18
                RenderText {#text} at (0,0) size 54x18
                  text run at (0,0) width 54: "Cell two"
              RenderTable {TABLE} at (2,21) size 161x29 [border: (1px outset #808080)]
                RenderTableSection {TBODY} at (1,1) size 159x27
                  RenderTableRow {TR} at (0,2) size 159x23
                    RenderTableCell {TD} at (2,2) size 155x23 [border: (2px solid #008000) (1px inset #808080)] [r=0 c=0 rs=1 cs=1]
                      RenderText {#text} at (2,3) size 151x18
                        text run at (2,3) width 151: "Nested single-cell table!"
      RenderBlock {UL} at (0,382) size 769x117
        RenderListItem {LI} at (40,0) size 729x75 [border: (3px solid #000000) none]
          RenderBlock (anonymous) at (0,3) size 729x18
            RenderListMarker at (-17,0) size 7x18: bullet
            RenderText {#text} at (0,0) size 118x18
              text run at (0,0) width 118: "This is a list item..."
          RenderBlock {UL} at (0,21) size 729x54
            RenderListItem {LI} at (40,0) size 689x18
              RenderListMarker at (-17,0) size 7x18: white bullet
              RenderText {#text} at (0,0) size 73x18
                text run at (0,0) width 73: "...and this..."
            RenderListItem {LI} at (40,18) size 689x18
              RenderListMarker at (-17,0) size 7x18: white bullet
              RenderText {#text} at (0,0) size 115x18
                text run at (0,0) width 115: "...is a second list..."
            RenderListItem {LI} at (40,36) size 689x18
              RenderListMarker at (-17,0) size 7x18: white bullet
              RenderText {#text} at (0,0) size 176x18
                text run at (0,0) width 176: "...nested within the list item."
        RenderListItem {LI} at (40,75) size 729x21 [border: (3px solid #000000) none]
          RenderListMarker at (-17,3) size 7x18: bullet
          RenderText {#text} at (0,3) size 158x18
            text run at (0,3) width 158: "This is a second list item."
        RenderListItem {LI} at (40,96) size 729x21 [border: (3px solid #000000) none]
          RenderListMarker at (-17,3) size 7x18: bullet
          RenderText {#text} at (0,3) size 480x18
            text run at (0,3) width 480: "Each list item in this list should have a medium-width black border at its top."
      RenderTable {TABLE} at (0,515) size 769x428 [border: (1px outset #808080)]
        RenderTableSection {TBODY} at (1,1) size 767x426
          RenderTableRow {TR} at (0,0) size 767x27
            RenderTableCell {TD} at (0,0) size 767x27 [bgcolor=#C0C0C0] [border: (2px solid #008000) (1px inset #808080)] [r=0 c=0 rs=1 cs=2]
              RenderInline {STRONG} at (0,0) size 163x18
                RenderText {#text} at (4,5) size 163x18
                  text run at (4,5) width 163: "TABLE Testing Section"
          RenderTableRow {TR} at (0,27) size 767x399
            RenderTableCell {TD} at (0,213) size 12x27 [bgcolor=#C0C0C0] [border: (2px solid #008000) (1px inset #808080)] [r=1 c=0 rs=1 cs=1]
              RenderText {#text} at (4,5) size 4x18
                text run at (4,5) width 4: " "
            RenderTableCell {TD} at (12,27) size 755x399 [border: (2px solid #008000) (1px inset #808080)] [r=1 c=1 rs=1 cs=1]
              RenderBlock {P} at (4,5) size 747x36
                RenderText {#text} at (0,0) size 707x36
                  text run at (0,0) width 634: "Note that all table cells on this page should have a two-pixel solid green border along their top sides. "
                  text run at (634,0) width 73: "This border"
                  text run at (0,18) width 365: "applies only to the cells, not the rows which contain them."
              RenderBlock {P} at (4,57) size 747x28 [border: (10px double #800080) none]
                RenderText {#text} at (0,10) size 414x18
                  text run at (0,10) width 414: "This paragraph should have a purple, double, 10-pixel top border."
              RenderBlock {P} at (4,101) size 747x19 [border: (1px solid #800080) none]
                RenderText {#text} at (0,1) size 331x18
                  text run at (0,1) width 331: "This paragraph should have a thin purple top border."
              RenderTable {TABLE} at (4,136) size 747x110 [border: (1px outset #808080)]
                RenderTableSection {TBODY} at (1,1) size 745x108
                  RenderTableRow {TR} at (0,5) size 745x41
                    RenderTableCell {TD} at (5,5) size 736x41 [border: (2px solid #008000) (1px inset #808080)] [r=0 c=0 rs=1 cs=2]
                      RenderText {#text} at (2,3) size 712x36
                        text run at (2,3) width 429: "Every cell in this table should have a 2-pixel solid green top border. "
                        text run at (431,3) width 283: "This is also true of the table-testing section in"
                        text run at (2,21) width 198: "the second half of the test page."
                  RenderTableRow {TR} at (0,51) size 745x52
                    RenderTableCell {TD} at (5,65) size 188x24 [border: (2px solid #008000) (1px inset #808080)] [r=1 c=0 rs=1 cs=1]
                      RenderText {#text} at (2,3) size 53x19
                        text run at (2,4) width 53: "Cell one"
                    RenderTableCell {TD} at (197,51) size 544x52 [border: (2px solid #008000) (1px inset #808080)] [r=1 c=1 rs=1 cs=1]
                      RenderBlock (anonymous) at (2,3) size 539x18
                        RenderText {#text} at (0,0) size 54x18
                          text run at (0,0) width 54: "Cell two"
                      RenderTable {TABLE} at (2,21) size 161x29 [border: (1px outset #808080)]
                        RenderTableSection {TBODY} at (1,1) size 159x27
                          RenderTableRow {TR} at (0,2) size 159x23
                            RenderTableCell {TD} at (2,2) size 155x23 [border: (2px solid #008000) (1px inset #808080)] [r=0 c=0 rs=1 cs=1]
                              RenderText {#text} at (2,3) size 151x18
                                text run at (2,3) width 151: "Nested single-cell table!"
              RenderBlock {UL} at (4,262) size 747x117
                RenderListItem {LI} at (40,0) size 707x75 [border: (3px solid #000000) none]
                  RenderBlock (anonymous) at (0,3) size 707x18
                    RenderListMarker at (-17,0) size 7x18: bullet
                    RenderText {#text} at (0,0) size 118x18
                      text run at (0,0) width 118: "This is a list item..."
                  RenderBlock {UL} at (0,21) size 707x54
                    RenderListItem {LI} at (40,0) size 667x18
                      RenderListMarker at (-17,0) size 7x18: white bullet
                      RenderText {#text} at (0,0) size 73x18
                        text run at (0,0) width 73: "...and this..."
                    RenderListItem {LI} at (40,18) size 667x18
                      RenderListMarker at (-17,0) size 7x18: white bullet
                      RenderText {#text} at (0,0) size 115x18
                        text run at (0,0) width 115: "...is a second list..."
                    RenderListItem {LI} at (40,36) size 667x18
                      RenderListMarker at (-17,0) size 7x18: white bullet
                      RenderText {#text} at (0,0) size 176x18
                        text run at (0,0) width 176: "...nested within the list item."
                RenderListItem {LI} at (40,75) size 707x21 [border: (3px solid #000000) none]
                  RenderListMarker at (-17,3) size 7x18: bullet
                  RenderText {#text} at (0,3) size 158x18
                    text run at (0,3) width 158: "This is a second list item."
                RenderListItem {LI} at (40,96) size 707x21 [border: (3px solid #000000) none]
                  RenderListMarker at (-17,3) size 7x18: bullet
                  RenderText {#text} at (0,3) size 480x18
                    text run at (0,3) width 480: "Each list item in this list should have a medium-width black border at its top."
