layer at (0,0) size 800x600
  RenderView at (0,0) size 800x600
layer at (0,0) size 800x600
  RenderBlock {HTML} at (0,0) size 800x600
    RenderBody {BODY} at (8,8) size 784x584 [bgcolor=#CCCCCC]
      RenderBlock {P} at (0,0) size 784x18
        RenderText {#text} at (0,0) size 355x18
          text run at (0,0) width 355: "The style declarations which apply to the text below are:"
      RenderBlock {PRE} at (0,34) size 784x30
        RenderText {#text} at (0,0) size 400x30
          text run at (0,0) width 392: ".one {margin-left: 25px; background-color: aqua;}"
          text run at (392,0) width 0: " "
          text run at (0,15) width 400: ".two {margin-left: -10px; background-color: aqua;}"
          text run at (400,15) width 0: " "
      RenderBlock {HR} at (0,77) size 784x2 [border: (1px inset #000000)]
      RenderBlock {P} at (0,95) size 784x36 [bgcolor=#808080]
        RenderText {#text} at (0,0) size 543x18
          text run at (0,0) width 389: "This element is unstyled save for a background color of gray. "
          text run at (389,0) width 154: "However, it contains an "
        RenderInline {SPAN} at (0,0) size 167x18 [bgcolor=#00FFFF]
          RenderText {#text} at (568,0) size 143x18
            text run at (568,0) width 143: "inline element of class "
          RenderInline {TT} at (0,0) size 24x15
            RenderText {#text} at (711,2) size 24x15
              text run at (711,2) width 24: "one"
        RenderText {#text} at (735,0) size 782x36
          text run at (735,0) width 47: ", which"
          text run at (0,18) width 299: "should result in 25-pixel left margin only in the "
        RenderInline {STRONG} at (0,0) size 27x18
          RenderText {#text} at (299,18) size 27x18
            text run at (299,18) width 27: "first"
        RenderText {#text} at (326,18) size 232x18
          text run at (326,18) width 232: " line in which the inline box appears."
      RenderBlock {P} at (0,147) size 784x36 [bgcolor=#808080]
        RenderText {#text} at (0,0) size 543x18
          text run at (0,0) width 389: "This element is unstyled save for a background color of gray. "
          text run at (389,0) width 154: "However, it contains an "
        RenderInline {SPAN} at (0,0) size 167x18 [bgcolor=#00FFFF]
          RenderText {#text} at (533,0) size 143x18
            text run at (533,0) width 143: "inline element of class "
          RenderInline {TT} at (0,0) size 24x15
            RenderText {#text} at (676,2) size 24x15
              text run at (676,2) width 24: "two"
        RenderText {#text} at (700,0) size 747x36
          text run at (700,0) width 47: ", which"
          text run at (0,18) width 284: "should result in -10px left margin only in the "
        RenderInline {STRONG} at (0,0) size 27x18
          RenderText {#text} at (284,18) size 27x18
            text run at (284,18) width 27: "first"
        RenderText {#text} at (311,18) size 232x18
          text run at (311,18) width 232: " line in which the inline box appears."
      RenderTable {TABLE} at (0,199) size 784x124 [border: (1px outset #808080)]
        RenderTableSection {TBODY} at (1,1) size 782x122
          RenderTableRow {TR} at (0,0) size 782x26
            RenderTableCell {TD} at (0,0) size 782x26 [bgcolor=#C0C0C0] [border: (1px inset #808080)] [r=0 c=0 rs=1 cs=2]
              RenderInline {STRONG} at (0,0) size 163x18
                RenderText {#text} at (4,4) size 163x18
                  text run at (4,4) width 163: "TABLE Testing Section"
          RenderTableRow {TR} at (0,26) size 782x96
            RenderTableCell {TD} at (0,61) size 12x26 [bgcolor=#C0C0C0] [border: (1px inset #808080)] [r=1 c=0 rs=1 cs=1]
              RenderText {#text} at (4,4) size 4x18
                text run at (4,4) width 4: " "
            RenderTableCell {TD} at (12,26) size 770x96 [border: (1px inset #808080)] [r=1 c=1 rs=1 cs=1]
              RenderBlock {P} at (4,4) size 762x36 [bgcolor=#808080]
                RenderText {#text} at (0,0) size 543x18
                  text run at (0,0) width 389: "This element is unstyled save for a background color of gray. "
                  text run at (389,0) width 154: "However, it contains an "
                RenderInline {SPAN} at (0,0) size 167x18 [bgcolor=#00FFFF]
                  RenderText {#text} at (568,0) size 143x18
                    text run at (568,0) width 143: "inline element of class "
                  RenderInline {TT} at (0,0) size 24x15
                    RenderText {#text} at (711,2) size 24x15
                      text run at (711,2) width 24: "one"
                RenderText {#text} at (735,0) size 739x36
                  text run at (735,0) width 4: ","
                  text run at (0,18) width 342: "which should result in 25-pixel left margin only in the "
                RenderInline {STRONG} at (0,0) size 27x18
                  RenderText {#text} at (342,18) size 27x18
                    text run at (342,18) width 27: "first"
                RenderText {#text} at (369,18) size 232x18
                  text run at (369,18) width 232: " line in which the inline box appears."
              RenderBlock {P} at (4,56) size 762x36 [bgcolor=#808080]
                RenderText {#text} at (0,0) size 543x18
                  text run at (0,0) width 389: "This element is unstyled save for a background color of gray. "
                  text run at (389,0) width 154: "However, it contains an "
                RenderInline {SPAN} at (0,0) size 167x18 [bgcolor=#00FFFF]
                  RenderText {#text} at (533,0) size 143x18
                    text run at (533,0) width 143: "inline element of class "
                  RenderInline {TT} at (0,0) size 24x15
                    RenderText {#text} at (676,2) size 24x15
                      text run at (676,2) width 24: "two"
                RenderText {#text} at (700,0) size 747x36
                  text run at (700,0) width 47: ", which"
                  text run at (0,18) width 284: "should result in -10px left margin only in the "
                RenderInline {STRONG} at (0,0) size 27x18
                  RenderText {#text} at (284,18) size 27x18
                    text run at (284,18) width 27: "first"
                RenderText {#text} at (311,18) size 232x18
                  text run at (311,18) width 232: " line in which the inline box appears."
