layer at (0,0) size 800x600
  RenderView at (0,0) size 800x600
layer at (0,0) size 800x600
  RenderBlock {HTML} at (0,0) size 800x600
    RenderBody {BODY} at (8,8) size 784x584 [bgcolor=#CCCCCC]
      RenderBlock {P} at (0,0) size 784x18
        RenderText {#text} at (0,0) size 355x18
          text run at (0,0) width 355: "The style declarations which apply to the text below are:"
      RenderBlock {PRE} at (0,34) size 784x45
        RenderText {#text} at (0,0) size 408x45
          text run at (0,0) width 400: ".one {padding-left: 25px; background-color: aqua;}"
          text run at (400,0) width 0: " "
          text run at (0,15) width 408: ".two {padding-left: -10px; background-color: aqua;}"
          text run at (408,15) width 0: " "
          text run at (0,30) width 0: " "
      RenderBlock {HR} at (0,92) size 784x2 [border: (1px inset #000000)]
      RenderBlock {P} at (0,110) size 784x54 [bgcolor=#808080]
        RenderText {#text} at (0,0) size 543x18
          text run at (0,0) width 389: "This element is unstyled save for a background color of gray. "
          text run at (389,0) width 154: "However, it contains an "
        RenderInline {SPAN} at (0,0) size 192x18 [bgcolor=#00FFFF]
          RenderText {#text} at (568,0) size 143x18
            text run at (568,0) width 143: "inline element of class "
          RenderInline {TT} at (0,0) size 24x15
            RenderText {#text} at (711,2) size 24x15
              text run at (711,2) width 24: "one"
        RenderText {#text} at (735,0) size 778x36
          text run at (735,0) width 43: " which"
          text run at (0,18) width 527: "should result in 25-pixel left padding (which should also be a light blue) only in the "
        RenderInline {STRONG} at (0,0) size 27x18
          RenderText {#text} at (527,18) size 27x18
            text run at (527,18) width 27: "first"
        RenderText {#text} at (554,18) size 730x36
          text run at (554,18) width 176: " line in which the inline box"
          text run at (0,36) width 52: "appears."
      RenderBlock {P} at (0,180) size 784x36 [bgcolor=#808080]
        RenderText {#text} at (0,0) size 543x18
          text run at (0,0) width 389: "This element is unstyled save for a background color of gray. "
          text run at (389,0) width 154: "However, it contains an "
        RenderInline {SPAN} at (0,0) size 167x18 [bgcolor=#00FFFF]
          RenderText {#text} at (543,0) size 143x18
            text run at (543,0) width 143: "inline element of class "
          RenderInline {TT} at (0,0) size 24x15
            RenderText {#text} at (686,2) size 24x15
              text run at (686,2) width 24: "two"
        RenderText {#text} at (710,0) size 753x36
          text run at (710,0) width 43: " which"
          text run at (0,18) width 512: "should result in -10px left padding (which should also be a light blue) only in the "
        RenderInline {STRONG} at (0,0) size 27x18
          RenderText {#text} at (512,18) size 27x18
            text run at (512,18) width 27: "first"
        RenderText {#text} at (539,18) size 232x18
          text run at (539,18) width 232: " line in which the inline box appears."
      RenderTable {TABLE} at (0,232) size 784x160 [border: (1px outset #808080)]
        RenderTableSection {TBODY} at (1,1) size 782x158
          RenderTableRow {TR} at (0,0) size 782x26
            RenderTableCell {TD} at (0,0) size 782x26 [bgcolor=#C0C0C0] [border: (1px inset #808080)] [r=0 c=0 rs=1 cs=2]
              RenderInline {STRONG} at (0,0) size 163x18
                RenderText {#text} at (4,4) size 163x18
                  text run at (4,4) width 163: "TABLE Testing Section"
          RenderTableRow {TR} at (0,26) size 782x132
            RenderTableCell {TD} at (0,79) size 12x26 [bgcolor=#C0C0C0] [border: (1px inset #808080)] [r=1 c=0 rs=1 cs=1]
              RenderText {#text} at (4,4) size 4x18
                text run at (4,4) width 4: " "
            RenderTableCell {TD} at (12,26) size 770x132 [border: (1px inset #808080)] [r=1 c=1 rs=1 cs=1]
              RenderBlock {P} at (4,4) size 762x54 [bgcolor=#808080]
                RenderText {#text} at (0,0) size 543x18
                  text run at (0,0) width 389: "This element is unstyled save for a background color of gray. "
                  text run at (389,0) width 154: "However, it contains an "
                RenderInline {SPAN} at (0,0) size 192x18 [bgcolor=#00FFFF]
                  RenderText {#text} at (568,0) size 143x18
                    text run at (568,0) width 143: "inline element of class "
                  RenderInline {TT} at (0,0) size 24x15
                    RenderText {#text} at (711,2) size 24x15
                      text run at (711,2) width 24: "one"
                RenderText {#text} at (0,18) size 570x18
                  text run at (0,18) width 570: "which should result in 25-pixel left padding (which should also be a light blue) only in the "
                RenderInline {STRONG} at (0,0) size 27x18
                  RenderText {#text} at (570,18) size 27x18
                    text run at (570,18) width 27: "first"
                RenderText {#text} at (597,18) size 745x36
                  text run at (597,18) width 148: " line in which the inline"
                  text run at (0,36) width 80: "box appears."
              RenderBlock {P} at (4,74) size 762x54 [bgcolor=#808080]
                RenderText {#text} at (0,0) size 543x18
                  text run at (0,0) width 389: "This element is unstyled save for a background color of gray. "
                  text run at (389,0) width 154: "However, it contains an "
                RenderInline {SPAN} at (0,0) size 167x18 [bgcolor=#00FFFF]
                  RenderText {#text} at (543,0) size 143x18
                    text run at (543,0) width 143: "inline element of class "
                  RenderInline {TT} at (0,0) size 24x15
                    RenderText {#text} at (686,2) size 24x15
                      text run at (686,2) width 24: "two"
                RenderText {#text} at (710,0) size 753x36
                  text run at (710,0) width 43: " which"
                  text run at (0,18) width 512: "should result in -10px left padding (which should also be a light blue) only in the "
                RenderInline {STRONG} at (0,0) size 27x18
                  RenderText {#text} at (512,18) size 27x18
                    text run at (512,18) width 27: "first"
                RenderText {#text} at (539,18) size 715x36
                  text run at (539,18) width 176: " line in which the inline box"
                  text run at (0,36) width 52: "appears."
