layer at (0,0) size 785x2307
  RenderView at (0,0) size 785x600
layer at (0,0) size 785x2307
  RenderBlock {HTML} at (0,0) size 785x2307
    RenderBody {BODY} at (8,8) size 769x2291 [bgcolor=#CCCCCC]
      RenderBlock {P} at (0,0) size 769x18
        RenderText {#text} at (0,0) size 355x17
          text run at (0,0) width 355: "The style declarations which apply to the text below are:"
      RenderBlock {PRE} at (0,34) size 769x270
        RenderText {#text} at (0,0) size 535x270
          text run at (0,0) width 344: "P.one {font-size: 14px; line-height: 20px;}"
          text run at (343,0) width 1: " "
          text run at (0,15) width 304: "IMG.onea {vertical-align: text-bottom;"
          text run at (303,15) width 1: " "
          text run at (0,30) width 271: "     width: 200px; height: 200px;}"
          text run at (270,30) width 1: " "
          text run at (0,45) width 519: "IMG.oneb {vertical-align: text-top; width: 200px; height: 200px;}"
          text run at (518,45) width 1: " "
          text run at (0,60) width 0: " "
          text run at (0,75) width 344: "P.two {font-size: 14px; line-height: 20px;}"
          text run at (343,75) width 1: " "
          text run at (0,90) width 535: "IMG.twoa {vertical-align: text-bottom; width: 100px; height: 100px;"
          text run at (534,90) width 1: " "
          text run at (0,105) width 311: "     padding: 5px; border-style: solid;"
          text run at (310,105) width 1: " "
          text run at (0,120) width 311: "     border-width: 10px; margin: 15px;}"
          text run at (310,120) width 1: " "
          text run at (0,135) width 280: "IMG.twob {vertical-align: text-top;"
          text run at (279,135) width 1: " "
          text run at (0,150) width 302: "          width: 100px; height: 100px;"
          text run at (301,150) width 1: " "
          text run at (0,165) width 311: "     padding: 5px; border-style: solid;"
          text run at (310,165) width 1: " "
          text run at (0,180) width 311: "     border-width: 10px; margin: 15px;}"
          text run at (310,180) width 1: " "
          text run at (0,195) width 0: " "
          text run at (0,210) width 479: "IMG.twoc {vertical-align: middle; width: 50px; height: 50px;"
          text run at (478,210) width 1: " "
          text run at (0,225) width 311: "     padding: 5px; border-style: solid;"
          text run at (310,225) width 1: " "
          text run at (0,240) width 319: "     border-width: 10px; margin: -10px;}"
          text run at (318,240) width 1: " "
          text run at (0,255) width 0: " "
      RenderBlock {P} at (0,333) size 769x445
        RenderText {#text} at (0,2) size 767x238
          text run at (0,2) width 413: "This paragraph should have a font size of 14px and a line height of 20px. "
          text run at (412,2) width 343: "This means that the lines of text within it should be separated"
          text run at (0,22) width 367: "by six pixels, three of which are part of the line-box of each line. "
          text run at (367,22) width 400: "Any images within the paragraph should increase the height of the line-"
          text run at (0,225) width 265: "box so that they fit within the line box, such as "
        RenderImage {IMG} at (264,40) size 201x200
        RenderText {#text} at (464,225) size 28x15
          text run at (464,225) width 28: " and "
        RenderImage {IMG} at (491,225) size 201x200
        RenderText {#text} at (691,225) size 767x217
          text run at (691,225) width 8: ". "
          text run at (699,225) width 38: "This is"
          text run at (0,427) width 767: "additional text to make sure that there is enough room left below the image so that this line does not hit the image that is text-top aligned."
      RenderBlock {P} at (0,792) size 769x485
        RenderText {#text} at (0,2) size 759x198
          text run at (0,2) width 413: "This paragraph should have a font size of 14px and a line height of 20px. "
          text run at (412,2) width 343: "This means that the lines of text within it should be separated"
          text run at (0,22) width 78: "by six pixels. "
          text run at (77,22) width 682: "Any images within the paragraph should increase the height of the line-box so that they fit, including their padding (5px),"
          text run at (0,185) width 351: "border (10px) and margins (15px) within the line box, such as "
        RenderImage {IMG} at (365,55) size 131x130 [border: (10px solid #000000)]
        RenderText {#text} at (510,185) size 28x15
          text run at (510,185) width 28: " and "
        RenderImage {IMG} at (552,200) size 131x130 [border: (10px solid #000000)]
        RenderText {#text} at (697,185) size 767x257
          text run at (697,185) width 8: ". "
          text run at (705,185) width 38: "This is"
          text run at (0,347) width 767: "additional text to make sure that there is enough room left below the image so that this line does not hit the image that is text-top aligned."
          text run at (0,367) width 735: "It is the outer edge of the margin that should be text-bottom and text-top aligned in this paragraph, so for the first image the bottom"
          text run at (0,387) width 752: "border of the image should begin 15px above the bottom of the text, and for the second image the top border should begin 15px below"
          text run at (0,426) width 103: "the top of the text "
        RenderImage {IMG} at (92,395) size 81x80 [border: (10px solid #000000)]
        RenderText {#text} at (162,426) size 735x56
          text run at (162,426) width 8: ". "
          text run at (170,426) width 565: "The last image in this paragraph has -10px margins set on it, so that should pull the text in toward the"
          text run at (0,467) width 374: "image in the vertical direction, and also in the horizontal direction."
      RenderTable {TABLE} at (0,1291) size 769x1000 [border: (1px outset #808080)]
        RenderTableSection {TBODY} at (1,1) size 767x998
          RenderTableRow {TR} at (0,0) size 767x26
            RenderTableCell {TD} at (0,0) size 767x26 [bgcolor=#C0C0C0] [border: (1px inset #808080)] [r=0 c=0 rs=1 cs=2]
              RenderInline {STRONG} at (0,0) size 160x17
                RenderText {#text} at (4,4) size 160x17
                  text run at (4,4) width 160: "TABLE Testing Section"
          RenderTableRow {TR} at (0,26) size 767x972
            RenderTableCell {TD} at (0,499) size 12x26 [bgcolor=#C0C0C0] [border: (1px inset #808080)] [r=1 c=0 rs=1 cs=1]
              RenderText {#text} at (4,4) size 4x17
                text run at (4,4) width 4: " "
            RenderTableCell {TD} at (12,26) size 755x972 [border: (1px inset #808080)] [r=1 c=1 rs=1 cs=1]
              RenderBlock {P} at (4,4) size 747x465
                RenderText {#text} at (0,2) size 718x238
                  text run at (0,2) width 413: "This paragraph should have a font size of 14px and a line height of 20px. "
                  text run at (412,2) width 287: "This means that the lines of text within it should be"
                  text run at (0,22) width 423: "separated by six pixels, three of which are part of the line-box of each line. "
                  text run at (422,22) width 296: "Any images within the paragraph should increase the"
                  text run at (0,225) width 365: "height of the line-box so that they fit within the line box, such as "
                RenderImage {IMG} at (365,40) size 200x200
                RenderText {#text} at (565,225) size 24x15
                  text run at (565,225) width 24: " and"
                RenderImage {IMG} at (0,245) size 200x200
                RenderText {#text} at (200,245) size 732x217
                  text run at (200,245) width 8: ". "
                  text run at (207,245) width 525: "This is additional text to make sure that there is enough room left below the image so that this"
                  text run at (0,447) width 281: "line does not hit the image that is text-top aligned."
              RenderBlock {P} at (4,483) size 747x485
                RenderText {#text} at (0,2) size 728x198
                  text run at (0,2) width 413: "This paragraph should have a font size of 14px and a line height of 20px. "
                  text run at (412,2) width 287: "This means that the lines of text within it should be"
                  text run at (0,22) width 133: "separated by six pixels. "
                  text run at (133,22) width 595: "Any images within the paragraph should increase the height of the line-box so that they fit, including their"
                  text run at (0,185) width 438: "padding (5px), border (10px) and margins (15px) within the line box, such as "
                RenderImage {IMG} at (452,55) size 131x130 [border: (10px solid #000000)]
                RenderText {#text} at (597,185) size 24x15
                  text run at (597,185) width 24: " and"
                RenderImage {IMG} at (15,220) size 130x130 [border: (10px solid #000000)]
                RenderText {#text} at (160,205) size 745x237
                  text run at (160,205) width 8: ". "
                  text run at (167,205) width 578: "This is additional text to make sure that there is enough room left below the image so that this line does"
                  text run at (0,367) width 231: "not hit the image that is text-top aligned. "
                  text run at (231,367) width 487: "It is the outer edge of the margin that should be text-bottom and text-top aligned in this"
                  text run at (0,387) width 736: "paragraph, so for the first image the bottom border of the image should begin 15px above the bottom of the text, and for the second"
                  text run at (0,426) width 367: "image the top border should begin 15px below the top of the text "
                RenderImage {IMG} at (356,395) size 81x80 [border: (10px solid #000000)]
                RenderText {#text} at (426,426) size 738x56
                  text run at (426,426) width 8: ". "
                  text run at (434,426) width 304: "The last image in this paragraph has -10px margins set"
                  text run at (0,467) width 636: "on it, so that should pull the text in toward the image in the vertical direction, and also in the horizontal direction."
layer at (8,325) size 769x2 clip at (0,0) size 0x0
  RenderBlock {HR} at (0,317) size 769x2 [color=#808080] [border: (1px inset #808080)]
