layer at (0,0) size 785x788
  RenderView at (0,0) size 785x600
layer at (0,0) size 785x788
  RenderBlock {HTML} at (0,0) size 785x788
    RenderBody {BODY} at (8,8) size 769x764 [bgcolor=#CCCCCC]
      RenderBlock {P} at (10,0) size 759x20
        RenderText {#text} at (0,0) size 286x19
          text run at (0,0) width 286: "This paragraph should be indented ten pixels."
      RenderBlock {DIV} at (10,36) size 759x20
        RenderBlock {P} at (10,0) size 749x20
          RenderText {#text} at (0,0) size 570x19
            text run at (0,0) width 570: "This paragraph should be indented twenty pixels, since horizontal margins do not collapse."
      RenderBlock {P} at (0,72) size 385x120 [bgcolor=#808080]
        RenderText {#text} at (0,0) size 375x119
          text run at (0,0) width 362: "This element has a width of 50%, and due to 'auto' values"
          text run at (0,20) width 335: "applied to the right margin, the element should be left"
          text run at (0,40) width 163: "justified within its parent. "
          text run at (163,40) width 164: "The gray rectangle should"
          text run at (0,60) width 358: "therefore appear on the left edge of the viewport (e.g. the"
          text run at (0,80) width 375: "browser window). The text inside the gray rectangle should"
          text run at (0,100) width 100: "not be centered."
      RenderBlock {P} at (192,208) size 385x120 [bgcolor=#808080]
        RenderText {#text} at (0,0) size 375x119
          text run at (0,0) width 362: "This element has a width of 50%, and due to 'auto' values"
          text run at (0,20) width 368: "applied to the left and right margins, the element should be"
          text run at (0,40) width 166: "centered within its parent. "
          text run at (166,40) width 164: "The gray rectangle should"
          text run at (0,60) width 343: "therefore appear in the middle of the viewport (e.g. the"
          text run at (0,80) width 375: "browser window). The text inside the gray rectangle should"
          text run at (0,100) width 100: "not be centered."
      RenderBlock {P} at (384,344) size 385x120 [bgcolor=#808080]
        RenderText {#text} at (0,0) size 375x119
          text run at (0,0) width 362: "This element has a width of 50%, and due to 'auto' values"
          text run at (0,20) width 335: "applied to the left margin, the element should be right"
          text run at (0,40) width 163: "justified within its parent. "
          text run at (163,40) width 164: "The gray rectangle should"
          text run at (0,60) width 367: "therefore appear on the right edge of the viewport (e.g. the"
          text run at (0,80) width 375: "browser window). The text inside the gray rectangle should"
          text run at (0,100) width 100: "not be centered."
      RenderBlock {P} at (0,480) size 769x40 [bgcolor=#808080]
        RenderText {#text} at (0,0) size 762x39
          text run at (0,0) width 762: "Since the width is \"auto,\" the margins that are set to \"auto\" become zero and this paragraph should have width 100% and"
          text run at (0,20) width 193: "the text should be left justified."
      RenderBlock {P} at (0,536) size 769x40 [bgcolor=#808080]
        RenderText {#text} at (0,0) size 762x39
          text run at (0,0) width 762: "Since the width is \"auto,\" the margins that are set to \"auto\" become zero and this paragraph should have width 100% and"
          text run at (0,20) width 193: "the text should be left justified."
      RenderBlock {P} at (0,592) size 769x40 [bgcolor=#808080]
        RenderText {#text} at (0,0) size 762x39
          text run at (0,0) width 762: "Since the width is \"auto,\" the margins that are set to \"auto\" become zero and this paragraph should have width 100% and"
          text run at (0,20) width 193: "the text should be left justified."
      RenderBlock {P} at (0,648) size 385x80 [bgcolor=#808080]
        RenderText {#text} at (0,0) size 370x39
          text run at (0,0) width 370: "Since auto is an invalid value for padding, the right-margin"
          text run at (0,20) width 224: "of this paragraph should be reset to "
        RenderInline {CODE} at (0,0) size 32x16
          RenderText {#text} at (224,23) size 32x16
            text run at (224,23) width 32: "auto"
        RenderText {#text} at (256,20) size 369x59
          text run at (256,20) width 76: " and thus be"
          text run at (0,40) width 369: "expanded to 50% and it should only occupy the left half of"
          text run at (0,60) width 83: "the viewport."
      RenderBlock {P} at (0,744) size 769x20 [bgcolor=#808080]
        RenderText {#text} at (0,0) size 632x19
          text run at (0,0) width 632: "Because this paragraph has width 100%, the auto margins become zero, so it should not be centered."
