layer at (0,0) size 800x600
  RenderView at (0,0) size 800x600
layer at (0,0) size 800x600
  RenderBlock {HTML} at (0,0) size 800x600
    RenderBody {BODY} at (8,8) size 784x584
      RenderBlock {H3} at (0,0) size 784x22
        RenderText {#text} at (0,0) size 164x21
          text run at (0,0) width 164: "Default Appearance"
      RenderBlock (anonymous) at (0,40) size 784x42
        RenderText {#text} at (0,0) size 453x17
          text run at (0,0) width 453: "List color controls have different appearance if ENABLE(DATALIST)."
        RenderBR {BR} at (452,0) size 1x17
        RenderBlock {INPUT} at (0,18) size 44x23 [bgcolor=#FFFFFF] [border: (2px inset #000000)]
          RenderFlexibleBox {DIV} at (3,3) size 38x17
            RenderBlock {DIV} at (2,4) size 34x8 [bgcolor=#000000]
        RenderBlock {INPUT} at (44,18) size 44x23 [bgcolor=#FFFFFF] [border: (2px inset #000000)]
          RenderFlexibleBox {DIV} at (3,3) size 38x17
            RenderBlock {DIV} at (2,4) size 34x8 [bgcolor=#000000]
        RenderText {#text} at (0,0) size 0x0
      RenderBlock {H3} at (0,100) size 784x23
        RenderText {#text} at (0,0) size 160x21
          text run at (0,0) width 160: "Different Font Sizes"
      RenderBlock (anonymous) at (0,141) size 784x42
        RenderText {#text} at (0,0) size 577x17
          text run at (0,0) width 577: "List color controls have different sizes depending on font sizes. Normal color controls don't."
        RenderBR {BR} at (576,0) size 1x17
        RenderBlock {INPUT} at (0,18) size 44x23 [bgcolor=#FFFFFF] [border: (2px inset #000000)]
          RenderFlexibleBox {DIV} at (3,3) size 38x17
            RenderBlock {DIV} at (2,4) size 34x8 [bgcolor=#00FF00]
        RenderText {#text} at (44,19) size 4x17
          text run at (44,19) width 4: " "
        RenderBlock {INPUT} at (48,18) size 44x23 [bgcolor=#FFFFFF] [border: (2px inset #000000)]
          RenderFlexibleBox {DIV} at (3,3) size 38x17
            RenderBlock {DIV} at (2,4) size 34x8 [bgcolor=#00FF00]
        RenderText {#text} at (92,19) size 4x17
          text run at (92,19) width 4: " "
        RenderBlock {INPUT} at (96,18) size 44x23 [bgcolor=#FFFFFF] [border: (2px inset #000000)]
          RenderFlexibleBox {DIV} at (3,3) size 38x17
            RenderBlock {DIV} at (2,4) size 34x8 [bgcolor=#00FF00]
        RenderText {#text} at (140,19) size 4x17
          text run at (140,19) width 4: " "
        RenderBlock {INPUT} at (144,18) size 44x23 [bgcolor=#FFFFFF] [border: (2px inset #000000)]
          RenderFlexibleBox {DIV} at (3,3) size 38x17
            RenderBlock {DIV} at (2,4) size 34x8 [bgcolor=#00FF00]
        RenderText {#text} at (188,19) size 4x17
          text run at (188,19) width 4: " "
        RenderBlock {INPUT} at (192,18) size 44x23 [bgcolor=#FFFFFF] [border: (2px inset #000000)]
          RenderFlexibleBox {DIV} at (3,3) size 38x17
            RenderBlock {DIV} at (2,4) size 34x8 [bgcolor=#00FF00]
        RenderText {#text} at (236,19) size 4x17
          text run at (236,19) width 4: " "
        RenderBlock {INPUT} at (240,18) size 44x23 [bgcolor=#FFFFFF] [border: (2px inset #000000)]
          RenderFlexibleBox {DIV} at (3,3) size 38x17
            RenderBlock {DIV} at (2,4) size 34x8 [bgcolor=#00FF00]
        RenderText {#text} at (0,0) size 0x0
      RenderBlock {H3} at (0,200) size 784x23
        RenderText {#text} at (0,0) size 123x21
          text run at (0,0) width 123: "Various Colors"
      RenderBlock (anonymous) at (0,241) size 784x24
        RenderBlock {INPUT} at (0,0) size 44x23 [bgcolor=#FFFFFF] [border: (2px inset #000000)]
          RenderFlexibleBox {DIV} at (3,3) size 38x17
            RenderBlock {DIV} at (2,4) size 34x8 [bgcolor=#FF0000]
        RenderText {#text} at (44,1) size 4x17
          text run at (44,1) width 4: " "
        RenderBlock {INPUT} at (48,0) size 44x23 [bgcolor=#FFFFFF] [border: (2px inset #000000)]
          RenderFlexibleBox {DIV} at (3,3) size 38x17
            RenderBlock {DIV} at (2,4) size 34x8 [bgcolor=#00FF00]
        RenderText {#text} at (92,1) size 4x17
          text run at (92,1) width 4: " "
        RenderBlock {INPUT} at (96,0) size 44x23 [bgcolor=#FFFFFF] [border: (2px inset #000000)]
          RenderFlexibleBox {DIV} at (3,3) size 38x17
            RenderBlock {DIV} at (2,4) size 34x8 [bgcolor=#0000FF]
        RenderText {#text} at (140,1) size 4x17
          text run at (140,1) width 4: " "
        RenderBlock {INPUT} at (144,0) size 44x23 [bgcolor=#FFFFFF] [border: (2px inset #000000)]
          RenderFlexibleBox {DIV} at (3,3) size 38x17
            RenderBlock {DIV} at (2,4) size 34x8 [bgcolor=#EC008C]
        RenderText {#text} at (188,1) size 4x17
          text run at (188,1) width 4: " "
        RenderBlock {INPUT} at (192,0) size 44x23 [bgcolor=#FFFFFF] [border: (2px inset #000000)]
          RenderFlexibleBox {DIV} at (3,3) size 38x17
            RenderBlock {DIV} at (2,4) size 34x8 [bgcolor=#40E0D0]
        RenderText {#text} at (236,1) size 4x17
          text run at (236,1) width 4: " "
        RenderBlock {INPUT} at (240,0) size 44x23 [bgcolor=#FFFFFF] [border: (2px inset #000000)]
          RenderFlexibleBox {DIV} at (3,3) size 38x17
            RenderBlock {DIV} at (2,4) size 34x8 [bgcolor=#FF0000]
        RenderText {#text} at (284,1) size 4x17
          text run at (284,1) width 4: " "
        RenderBlock {INPUT} at (288,0) size 44x23 [bgcolor=#FFFFFF] [border: (2px inset #000000)]
          RenderFlexibleBox {DIV} at (3,3) size 38x17
            RenderBlock {DIV} at (2,4) size 34x8 [bgcolor=#00FF00]
        RenderText {#text} at (332,1) size 4x17
          text run at (332,1) width 4: " "
        RenderBlock {INPUT} at (336,0) size 44x23 [bgcolor=#FFFFFF] [border: (2px inset #000000)]
          RenderFlexibleBox {DIV} at (3,3) size 38x17
            RenderBlock {DIV} at (2,4) size 34x8 [bgcolor=#0000FF]
        RenderText {#text} at (380,1) size 4x17
          text run at (380,1) width 4: " "
        RenderBlock {INPUT} at (384,0) size 44x23 [bgcolor=#FFFFFF] [border: (2px inset #000000)]
          RenderFlexibleBox {DIV} at (3,3) size 38x17
            RenderBlock {DIV} at (2,4) size 34x8 [bgcolor=#EC008C]
        RenderText {#text} at (428,1) size 4x17
          text run at (428,1) width 4: " "
        RenderBlock {INPUT} at (432,0) size 44x23 [bgcolor=#FFFFFF] [border: (2px inset #000000)]
          RenderFlexibleBox {DIV} at (3,3) size 38x17
            RenderBlock {DIV} at (2,4) size 34x8 [bgcolor=#40E0D0]
        RenderText {#text} at (0,0) size 0x0
      RenderBlock {H3} at (0,283) size 784x23
        RenderText {#text} at (0,0) size 117x21
          text run at (0,0) width 117: "Arbitrary Size"
      RenderBlock (anonymous) at (0,324) size 784x31
        RenderBlock {INPUT} at (0,0) size 100x30 [bgcolor=#FFFFFF] [border: (2px inset #000000)]
          RenderFlexibleBox {DIV} at (3,3) size 94x24
            RenderBlock {DIV} at (2,4) size 90x15 [bgcolor=#FF0000]
