layer at (0,0) size 800x600
  RenderView at (0,0) size 800x600
layer at (0,0) size 800x100
  RenderBlock {HTML} at (0,0) size 800x100
    RenderBody {BODY} at (100,100) size 600x0 [bgcolor=#FF0000]
layer at (0,0) size 800x600
  RenderBlock (positioned) {DIV} at (0,0) size 800x600 [color=#008000] [bgcolor=#FFFFFF]
    RenderText {#text} at (0,0) size 230x17
      text run at (0,0) width 230: "There should be no red on this page."
