layer at (0,0) size 800x600
  RenderView at (0,0) size 800x600
layer at (0,0) size 800x468
  RenderBlock {HTML} at (0,0) size 800x468
    RenderBody {BODY} at (8,18) size 784x432 [color=#000080]
      RenderBlock {P} at (0,0) size 784x432
        RenderText {#text} at (0,17) size 749x74
          text run at (0,17) width 749: "This text should be 18px sans-serif, in small-caps, italicized, and very light. There should be a"
          text run at (0,71) width 226: "36px gap between each line. "
        RenderInline {SPAN} at (0,0) size 779x344 [color=#C0C0C0]
          RenderText {#text} at (226,71) size 779x344
            text run at (226,71) width 519: "dummy text dummy text dummy text dummy text dummy text dummy "
            text run at (745,71) width 34: "text"
            text run at (0,125) width 519: "dummy text dummy text dummy text dummy text dummy text dummy "
            text run at (519,125) width 220: "text dummy text dummy text"
            text run at (0,179) width 333: "dummy text dummy text dummy text dummy "
            text run at (333,179) width 406: "text dummy text dummy text dummy text dummy text"
            text run at (0,233) width 147: "dummy text dummy "
            text run at (147,233) width 558: "text dummy text dummy text dummy text dummy text dummy text dummy "
            text run at (705,233) width 34: "text"
            text run at (0,287) width 519: "dummy text dummy text dummy text dummy text dummy text dummy "
            text run at (519,287) width 220: "text dummy text dummy text"
            text run at (0,341) width 333: "dummy text dummy text dummy text dummy "
            text run at (333,341) width 406: "text dummy text dummy text dummy text dummy text"
            text run at (0,395) width 88: "dummy text"
        RenderText {#text} at (0,0) size 0x0
