layer at (0,0) size 800x600
  RenderView at (0,0) size 800x600
layer at (0,0) size 800x156
  RenderBlock {HTML} at (0,0) size 800x156
    RenderBody {BODY} at (8,13) size 784x130 [color=#000080]
      RenderBlock {P} at (0,0) size 784x130
        RenderText {#text} at (0,6) size 347x15
          text run at (0,6) width 347: "This text should be small and cursive, with double line spacing. "
        RenderInline {SPAN} at (0,6) size 752x118 [color=#C0C0C0]
          RenderText {#text} at (0,6) size 752x119
            text run at (347,6) width 384: "dummy text dummy text dummy text dummy text dummy text dummy "
            text run at (731,6) width 21: "text"
            text run at (0,32) width 384: "dummy text dummy text dummy text dummy text dummy text dummy "
            text run at (384,32) width 361: "text dummy text dummy text dummy text dummy text dummy text"
            text run at (0,58) width 44: "dummy "
            text run at (44,58) width 408: "text dummy text dummy text dummy text dummy text dummy text dummy "
            text run at (452,58) width 293: "text dummy text dummy text dummy text dummy text"
            text run at (0,84) width 112: "dummy text dummy "
            text run at (112,84) width 408: "text dummy text dummy text dummy text dummy text dummy text dummy "
            text run at (520,84) width 225: "text dummy text dummy text dummy text"
            text run at (0,110) width 180: "dummy text dummy text dummy "
            text run at (180,110) width 361: "text dummy text dummy text dummy text dummy text dummy text"
        RenderText {#text} at (0,0) size 0x0
