layer at (0,0) size 800x600
  RenderView at (0,0) size 800x600
layer at (0,0) size 800x119
  RenderBlock {HTML} at (0,0) size 800x120
    RenderBody {BODY} at (8,9) size 784x101 [color=#000080]
      RenderBlock {P} at (0,0) size 784x100
        RenderText {#text} at (0,7) size 448x11
          text run at (0,7) width 448: "This test should be about 10px, sans-serif, and light. There should be about 15px between each line. "
        RenderInline {SPAN} at (0,0) size 772x86 [color=#C0C0C0]
          RenderText {#text} at (447,7) size 772x86
            text run at (447,7) width 309: "dummy text dummy text dummy text dummy text dummy text dummy "
            text run at (755,7) width 17: "text"
            text run at (0,32) width 308: "dummy text dummy text dummy text dummy text dummy text dummy "
            text run at (307,32) width 328: "text dummy text dummy text dummy text dummy text dummy text dummy "
            text run at (634,32) width 126: "text dummy text dummy text"
            text run at (0,57) width 199: "dummy text dummy text dummy text dummy "
            text run at (198,57) width 328: "text dummy text dummy text dummy text dummy text dummy text dummy "
            text run at (525,57) width 235: "text dummy text dummy text dummy text dummy text"
            text run at (0,82) width 91: "dummy text dummy "
            text run at (90,82) width 327: "text dummy text dummy text dummy text dummy text dummy text dummy "
            text run at (416,82) width 290: "text dummy text dummy text dummy text dummy text dummy text"
        RenderText {#text} at (0,0) size 0x0
