layer at (0,0) size 800x600
  RenderView at (0,0) size 800x600
layer at (0,0) size 800x324
  RenderBlock {HTML} at (0,0) size 800x324
    RenderBody {BODY} at (8,18) size 784x288 [color=#000080]
      RenderBlock {P} at (0,0) size 784x288
        RenderText {#text} at (0,8) size 783x56
          text run at (0,8) width 783: "This text should be 18px sans-serif, in small-caps, oblique, and bold. There should be a 9px"
          text run at (0,44) width 201: "gap between each line. "
        RenderInline {SPAN} at (0,0) size 737x236 [color=#C0C0C0]
          RenderText {#text} at (201,44) size 737x236
            text run at (201,44) width 525: "dummy text dummy text dummy text dummy text dummy text"
            text run at (0,80) width 69: "dummy "
            text run at (69,80) width 636: "text dummy text dummy text dummy text dummy text dummy text dummy "
            text run at (705,80) width 32: "text"
            text run at (0,116) width 599: "dummy text dummy text dummy text dummy text dummy text dummy "
            text run at (599,116) width 138: "text dummy text"
            text run at (0,152) width 493: "dummy text dummy text dummy text dummy text dummy "
            text run at (493,152) width 244: "text dummy text dummy text"
            text run at (0,188) width 387: "dummy text dummy text dummy text dummy "
            text run at (387,188) width 350: "text dummy text dummy text dummy text"
            text run at (0,224) width 281: "dummy text dummy text dummy "
            text run at (281,224) width 456: "text dummy text dummy text dummy text dummy text"
            text run at (0,260) width 175: "dummy text dummy "
            text run at (175,260) width 562: "text dummy text dummy text dummy text dummy text dummy text"
        RenderText {#text} at (0,0) size 0x0
