layer at (0,0) size 800x600
  RenderView at (0,0) size 800x600
layer at (0,0) size 800x225
  RenderBlock {HTML} at (0,0) size 800x225
    RenderBody {BODY} at (8,18) size 784x189 [color=#000080]
      RenderBlock {P} at (0,0) size 784x189
        RenderText {#text} at (0,3) size 662x20
          text run at (0,3) width 662: "This text should be 18px sans-serif. There should be a 9px gap between each line. "
        RenderInline {SPAN} at (0,0) size 779x182 [color=#C0C0C0]
          RenderText {#text} at (662,3) size 779x182
            text run at (662,3) width 93: "dummy text"
            text run at (0,30) width 456: "dummy text dummy text dummy text dummy text dummy "
            text run at (456,30) width 323: "text dummy text dummy text dummy text"
            text run at (0,57) width 260: "dummy text dummy text dummy "
            text run at (260,57) width 519: "text dummy text dummy text dummy text dummy text dummy text"
            text run at (0,84) width 64: "dummy "
            text run at (64,84) width 588: "text dummy text dummy text dummy text dummy text dummy text dummy "
            text run at (652,84) width 127: "text dummy text"
            text run at (0,111) width 456: "dummy text dummy text dummy text dummy text dummy "
            text run at (456,111) width 323: "text dummy text dummy text dummy text"
            text run at (0,138) width 260: "dummy text dummy text dummy "
            text run at (260,138) width 519: "text dummy text dummy text dummy text dummy text dummy text"
            text run at (0,165) width 64: "dummy "
            text run at (64,165) width 519: "text dummy text dummy text dummy text dummy text dummy text"
        RenderText {#text} at (0,0) size 0x0
