layer at (0,0) size 800x600
  RenderView at (0,0) size 800x600
layer at (0,0) size 800x600
  RenderBlock {HTML} at (0,0) size 800x600
    RenderBody {BODY} at (8,8) size 784x584
      RenderBlock {H1} at (0,0) size 784x38
        RenderText {#text} at (0,1) size 273x36
          text run at (0,1) width 273: "Zooming Menu List"
      RenderBlock (anonymous) at (0,59) size 784x73
        RenderMenuList {SELECT} at (6,6) size 157x60 [color=#007AFF] [bgcolor=#E9E9EA] [border: (3px solid #FFFFFF)]
          RenderBlock (anonymous) at (19,10) size 119x40
            RenderText at (0,0) size 60x40
              text run at (0,0) width 60: "One"
        RenderText {#text} at (0,0) size 0x0
