layer at (0,0) size 1000x74
  RenderView at (0,0) size 1000x74
layer at (1,1) size 998x72
  RenderBlock {HTML} at (1,1) size 998x72
    RenderBody {BODY} at (1,1) size 996x70
      RenderBlock {DIV} at (1,0) size 994x70 [border: (1px solid #000000)]
        RenderBlock (anonymous) at (1,1) size 992x20
          RenderText {#text} at (0,0) size 39x19
            text run at (0,0) width 39: "DIV 1"
        RenderBlock {DIV} at (2,22) size 990x46 [border: (1px solid #000000)]
          RenderBlock (anonymous) at (1,1) size 988x20
            RenderText {#text} at (0,0) size 39x19
              text run at (0,0) width 39: "DIV 2"
          RenderBlock {DIV} at (2,22) size 986x22 [border: (1px solid #000000)]
            RenderText {#text} at (1,1) size 297x19
              text run at (1,1) width 297: "The margins of divs should remain 1px in printing."
