layer at (0,0) size 800x600
  RenderView at (0,0) size 800x600
layer at (0,0) size 800x600
  RenderBlock {HTML} at (0,0) size 800x600
    RenderBody {BODY} at (8,8) size 784x584
      RenderBlock {P} at (0,0) size 784x20
        RenderText {#text} at (0,0) size 351x19
          text run at (0,0) width 351: "Images should redraw correctly when SVG animation runs"
      RenderBlock (anonymous) at (0,36) size 784x548
        RenderImage {IMG} at (10,10) size 354x254 [border: (2px solid #000000)]
        RenderBR {BR} at (374,274) size 0x0
        RenderImage {IMG} at (10,284) size 354x254 [border: (2px solid #000000)]
        RenderText {#text} at (0,0) size 0x0
