layer at (0,0) size 785x1717
  RenderView at (0,0) size 785x600
layer at (0,0) size 785x1717
  RenderBlock {HTML} at (0,0) size 785x1717
    RenderBody {BODY} at (8,8) size 769x1701 [bgcolor=#CCCCCC]
      RenderBlock {P} at (0,0) size 769x18
        RenderText {#text} at (0,0) size 363x18
          text run at (0,0) width 363: "The style declarations which apply to the text below are:"
      RenderBlock {PRE} at (0,34) size 769x180
        RenderText {#text} at (0,0) size 281x180
          text run at (0,0) width 157: "BODY {color: black;}"
          text run at (156,0) width 1: " "
          text run at (0,15) width 149: ".one {color: #080;}"
          text run at (148,15) width 1: " "
          text run at (0,30) width 172: ".two {color: #008000;}"
          text run at (171,30) width 1: " "
          text run at (0,45) width 227: ".three {color: rgb(0,128,0);}"
          text run at (226,45) width 1: " "
          text run at (0,60) width 235: ".four {color: rgb(0%,50%,0%);}"
          text run at (234,60) width 1: " "
          text run at (0,75) width 281: ".five {color: rgb(0.0%,50.0%,0.0%);}"
          text run at (280,75) width 1: " "
          text run at (0,90) width 157: ".six {color: green;}"
          text run at (156,90) width 1: " "
          text run at (0,105) width 227: ".seven {color: invalidValue;}"
          text run at (226,105) width 1: " "
          text run at (0,120) width 250: ".eight {color: rgb(0,128,1280);}"
          text run at (249,120) width 1: " "
          text run at (0,135) width 235: ".nine {color: rgb(0,128,255);}"
          text run at (234,135) width 1: " "
          text run at (0,150) width 258: ".ten {color: rgb(50%,-500%,60%);}"
          text run at (257,150) width 1: " "
          text run at (0,165) width 258: ".eleven {color: rgb(50%,0%,60%);}"
          text run at (257,165) width 1: " "
      RenderBlock {HR} at (0,227) size 769x2 [border: (1px inset #000000)]
      RenderBlock {P} at (0,245) size 769x18
        RenderText {#text} at (0,0) size 196x18
          text run at (0,0) width 196: "This sentence should be black."
      RenderBlock {P} at (0,279) size 769x18 [color=#008800]
        RenderText {#text} at (0,0) size 518x18
          text run at (0,0) width 518: "This sentence should be green, although slightly different from those that follow."
      RenderBlock {P} at (0,313) size 769x18 [color=#008000]
        RenderText {#text} at (0,0) size 197x18
          text run at (0,0) width 197: "This sentence should be green."
      RenderBlock {P} at (0,347) size 769x18 [color=#008000]
        RenderText {#text} at (0,0) size 197x18
          text run at (0,0) width 197: "This sentence should be green."
      RenderBlock {P} at (0,381) size 769x18 [color=#008000]
        RenderText {#text} at (0,0) size 197x18
          text run at (0,0) width 197: "This sentence should be green."
      RenderBlock {P} at (0,415) size 769x18 [color=#008000]
        RenderText {#text} at (0,0) size 197x18
          text run at (0,0) width 197: "This sentence should be green."
      RenderBlock {P} at (0,449) size 769x18 [color=#008000]
        RenderText {#text} at (0,0) size 197x18
          text run at (0,0) width 197: "This sentence should be green."
      RenderBlock {P} at (0,483) size 769x18
        RenderText {#text} at (0,0) size 415x18
          text run at (0,0) width 415: "This sentence should be black, because the value given for class "
        RenderInline {CODE} at (0,0) size 47x15
          RenderText {#text} at (414,2) size 47x15
            text run at (414,2) width 47: ".seven"
        RenderText {#text} at (460,0) size 68x18
          text run at (460,0) width 68: " is invalid."
      RenderBlock {P} at (0,517) size 769x36 [color=#0080FF]
        RenderText {#text} at (0,0) size 737x36
          text run at (0,0) width 737: "This sentence should be a shade of blue-green which, on a typical RGB computer display, exactly matches the next"
          text run at (0,18) width 68: "paragraph."
      RenderBlock {P} at (0,569) size 769x36 [color=#0080FF]
        RenderText {#text} at (0,0) size 765x36
          text run at (0,0) width 765: "This sentence should be a shade of blue-green which, on a typical RGB computer display, exactly matches the previous"
          text run at (0,18) width 68: "paragraph."
      RenderBlock {P} at (0,621) size 769x36 [color=#800099]
        RenderText {#text} at (0,0) size 709x36
          text run at (0,0) width 709: "This sentence should be a shade of purple which, on a typical RGB computer display, exactly matches the next"
          text run at (0,18) width 68: "paragraph."
      RenderBlock {P} at (0,673) size 769x36 [color=#800099]
        RenderText {#text} at (0,0) size 737x36
          text run at (0,0) width 737: "This sentence should be a shade of purple which, on a typical RGB computer display, exactly matches the previous"
          text run at (0,18) width 68: "paragraph."
      RenderBlock {P} at (0,725) size 769x18
        RenderText {#text} at (0,0) size 196x18
          text run at (0,0) width 196: "This sentence should be black."
      RenderBlock {P} at (0,759) size 769x18 [color=#008800]
        RenderText {#text} at (0,0) size 407x18
          text run at (0,0) width 407: "This sentence should be a slightly different green, and used the "
        RenderInline {TT} at (0,0) size 40x15
          RenderText {#text} at (406,2) size 40x15
            text run at (406,2) width 40: "style"
        RenderText {#text} at (445,0) size 63x18
          text run at (445,0) width 63: " attribute."
      RenderBlock {P} at (0,793) size 769x18 [color=#008000]
        RenderText {#text} at (0,0) size 285x18
          text run at (0,0) width 285: "This sentence should be green, and used the "
        RenderInline {TT} at (0,0) size 40x15
          RenderText {#text} at (284,2) size 40x15
            text run at (284,2) width 40: "style"
        RenderText {#text} at (323,0) size 63x18
          text run at (323,0) width 63: " attribute."
      RenderBlock {P} at (0,827) size 769x18 [color=#008000]
        RenderText {#text} at (0,0) size 285x18
          text run at (0,0) width 285: "This sentence should be green, and used the "
        RenderInline {TT} at (0,0) size 40x15
          RenderText {#text} at (284,2) size 40x15
            text run at (284,2) width 40: "style"
        RenderText {#text} at (323,0) size 63x18
          text run at (323,0) width 63: " attribute."
      RenderBlock {P} at (0,861) size 769x18 [color=#008000]
        RenderText {#text} at (0,0) size 285x18
          text run at (0,0) width 285: "This sentence should be green, and used the "
        RenderInline {TT} at (0,0) size 40x15
          RenderText {#text} at (284,2) size 40x15
            text run at (284,2) width 40: "style"
        RenderText {#text} at (323,0) size 63x18
          text run at (323,0) width 63: " attribute."
      RenderBlock {P} at (0,895) size 769x18 [color=#008000]
        RenderText {#text} at (0,0) size 285x18
          text run at (0,0) width 285: "This sentence should be green, and used the "
        RenderInline {TT} at (0,0) size 40x15
          RenderText {#text} at (284,2) size 40x15
            text run at (284,2) width 40: "style"
        RenderText {#text} at (323,0) size 63x18
          text run at (323,0) width 63: " attribute."
      RenderBlock {P} at (0,929) size 769x18 [color=#008000]
        RenderText {#text} at (0,0) size 285x18
          text run at (0,0) width 285: "This sentence should be green, and used the "
        RenderInline {TT} at (0,0) size 40x15
          RenderText {#text} at (284,2) size 40x15
            text run at (284,2) width 40: "style"
        RenderText {#text} at (323,0) size 63x18
          text run at (323,0) width 63: " attribute."
      RenderTable {TABLE} at (0,963) size 769x738 [border: (1px outset #808080)]
        RenderTableSection {TBODY} at (1,1) size 767x736
          RenderTableRow {TR} at (0,0) size 767x26
            RenderTableCell {TD} at (0,0) size 767x26 [bgcolor=#C0C0C0] [border: (1px inset #808080)] [r=0 c=0 rs=1 cs=2]
              RenderInline {STRONG} at (0,0) size 161x18
                RenderText {#text} at (4,4) size 161x18
                  text run at (4,4) width 161: "TABLE Testing Section"
          RenderTableRow {TR} at (0,26) size 767x710
            RenderTableCell {TD} at (0,368) size 12x26 [bgcolor=#C0C0C0] [border: (1px inset #808080)] [r=1 c=0 rs=1 cs=1]
              RenderText {#text} at (4,4) size 4x18
                text run at (4,4) width 4: " "
            RenderTableCell {TD} at (12,26) size 755x710 [border: (1px inset #808080)] [r=1 c=1 rs=1 cs=1]
              RenderBlock {P} at (4,4) size 747x18
                RenderText {#text} at (0,0) size 196x18
                  text run at (0,0) width 196: "This sentence should be black."
              RenderBlock {P} at (4,38) size 747x18 [color=#008800]
                RenderText {#text} at (0,0) size 518x18
                  text run at (0,0) width 518: "This sentence should be green, although slightly different from those that follow."
              RenderBlock {P} at (4,72) size 747x18 [color=#008000]
                RenderText {#text} at (0,0) size 197x18
                  text run at (0,0) width 197: "This sentence should be green."
              RenderBlock {P} at (4,106) size 747x18 [color=#008000]
                RenderText {#text} at (0,0) size 197x18
                  text run at (0,0) width 197: "This sentence should be green."
              RenderBlock {P} at (4,140) size 747x18 [color=#008000]
                RenderText {#text} at (0,0) size 197x18
                  text run at (0,0) width 197: "This sentence should be green."
              RenderBlock {P} at (4,174) size 747x18 [color=#008000]
                RenderText {#text} at (0,0) size 197x18
                  text run at (0,0) width 197: "This sentence should be green."
              RenderBlock {P} at (4,208) size 747x18 [color=#008000]
                RenderText {#text} at (0,0) size 197x18
                  text run at (0,0) width 197: "This sentence should be green."
              RenderBlock {P} at (4,242) size 747x18
                RenderText {#text} at (0,0) size 415x18
                  text run at (0,0) width 415: "This sentence should be black, because the value given for class "
                RenderInline {CODE} at (0,0) size 47x15
                  RenderText {#text} at (414,2) size 47x15
                    text run at (414,2) width 47: ".seven"
                RenderText {#text} at (460,0) size 68x18
                  text run at (460,0) width 68: " is invalid."
              RenderBlock {P} at (4,276) size 747x36 [color=#0080FF]
                RenderText {#text} at (0,0) size 737x36
                  text run at (0,0) width 737: "This sentence should be a shade of blue-green which, on a typical RGB computer display, exactly matches the next"
                  text run at (0,18) width 68: "paragraph."
              RenderBlock {P} at (4,328) size 747x36 [color=#0080FF]
                RenderText {#text} at (0,0) size 705x36
                  text run at (0,0) width 705: "This sentence should be a shade of blue-green which, on a typical RGB computer display, exactly matches the"
                  text run at (0,18) width 128: "previous paragraph."
              RenderBlock {P} at (4,380) size 747x36 [color=#800099]
                RenderText {#text} at (0,0) size 709x36
                  text run at (0,0) width 709: "This sentence should be a shade of purple which, on a typical RGB computer display, exactly matches the next"
                  text run at (0,18) width 68: "paragraph."
              RenderBlock {P} at (4,432) size 747x36 [color=#800099]
                RenderText {#text} at (0,0) size 737x36
                  text run at (0,0) width 737: "This sentence should be a shade of purple which, on a typical RGB computer display, exactly matches the previous"
                  text run at (0,18) width 68: "paragraph."
              RenderBlock {P} at (4,484) size 747x18
                RenderText {#text} at (0,0) size 196x18
                  text run at (0,0) width 196: "This sentence should be black."
              RenderBlock {P} at (4,518) size 747x18 [color=#008800]
                RenderText {#text} at (0,0) size 407x18
                  text run at (0,0) width 407: "This sentence should be a slightly different green, and used the "
                RenderInline {TT} at (0,0) size 40x15
                  RenderText {#text} at (406,2) size 40x15
                    text run at (406,2) width 40: "style"
                RenderText {#text} at (445,0) size 63x18
                  text run at (445,0) width 63: " attribute."
              RenderBlock {P} at (4,552) size 747x18 [color=#008000]
                RenderText {#text} at (0,0) size 285x18
                  text run at (0,0) width 285: "This sentence should be green, and used the "
                RenderInline {TT} at (0,0) size 40x15
                  RenderText {#text} at (284,2) size 40x15
                    text run at (284,2) width 40: "style"
                RenderText {#text} at (323,0) size 63x18
                  text run at (323,0) width 63: " attribute."
              RenderBlock {P} at (4,586) size 747x18 [color=#008000]
                RenderText {#text} at (0,0) size 285x18
                  text run at (0,0) width 285: "This sentence should be green, and used the "
                RenderInline {TT} at (0,0) size 40x15
                  RenderText {#text} at (284,2) size 40x15
                    text run at (284,2) width 40: "style"
                RenderText {#text} at (323,0) size 63x18
                  text run at (323,0) width 63: " attribute."
              RenderBlock {P} at (4,620) size 747x18 [color=#008000]
                RenderText {#text} at (0,0) size 285x18
                  text run at (0,0) width 285: "This sentence should be green, and used the "
                RenderInline {TT} at (0,0) size 40x15
                  RenderText {#text} at (284,2) size 40x15
                    text run at (284,2) width 40: "style"
                RenderText {#text} at (323,0) size 63x18
                  text run at (323,0) width 63: " attribute."
              RenderBlock {P} at (4,654) size 747x18 [color=#008000]
                RenderText {#text} at (0,0) size 285x18
                  text run at (0,0) width 285: "This sentence should be green, and used the "
                RenderInline {TT} at (0,0) size 40x15
                  RenderText {#text} at (284,2) size 40x15
                    text run at (284,2) width 40: "style"
                RenderText {#text} at (323,0) size 63x18
                  text run at (323,0) width 63: " attribute."
              RenderBlock {P} at (4,688) size 747x18 [color=#008000]
                RenderText {#text} at (0,0) size 285x18
                  text run at (0,0) width 285: "This sentence should be green, and used the "
                RenderInline {TT} at (0,0) size 40x15
                  RenderText {#text} at (284,2) size 40x15
                    text run at (284,2) width 40: "style"
                RenderText {#text} at (323,0) size 63x18
                  text run at (323,0) width 63: " attribute."
