layer at (0,0) size 800x600
  RenderView at (0,0) size 800x600
layer at (0,0) size 800x436
  RenderBlock {html} at (0,0) size 800x436
    RenderBody {body} at (8,16) size 784x412
      RenderBlock {p} at (0,0) size 784x18
        RenderText {#text} at (0,0) size 302x17
          text run at (0,0) width 302: "Test passes if there is no red visible on the page."
      RenderBlock {div} at (0,34) size 379x379 [border: (25px double #000000)]
      RenderBlock {div} at (0,33) size 379x379 [border: (25px double #000000)]
