layer at (0,0) size 800x600
  RenderView at (0,0) size 800x600
layer at (0,0) size 800x348
  RenderBlock {html} at (0,0) size 800x348
    RenderBody {body} at (8,16) size 784x324
      RenderBlock {p} at (0,0) size 784x18
        RenderText {#text} at (0,0) size 262x17
          text run at (0,0) width 262: "Test passes if green is visible on the page."
      RenderBlock {div} at (0,34) size 290x290 [bgcolor=#008000]
        RenderBlock {div} at (0,0) size 290x290 [bgcolor=#000000] [border: (10px dashed #800080)]
