layer at (0,0) size 800x600
  RenderView at (0,0) size 800x600
layer at (0,0) size 800x298
  RenderBlock {html} at (0,0) size 800x298
    RenderBody {body} at (8,16) size 784x274
      RenderBlock {p} at (0,0) size 784x18
        RenderText {#text} at (0,0) size 475x17
          text run at (0,0) width 475: "Test passes if there is a box below with double border and rounded corners."
      RenderBlock {div} at (0,34) size 340x240 [border: (70px double #000000)]
