layer at (0,0) size 800x600
  RenderView at (0,0) size 800x600
layer at (0,0) size 800x338
  RenderBlock {html} at (0,0) size 800x338
    RenderBody {body} at (8,16) size 784x312
      RenderBlock {p} at (0,0) size 784x18
        RenderText {#text} at (0,0) size 259x17
          text run at (0,0) width 259: "Test passes if the two boxes are identical."
      RenderBlock {div} at (10,34) size 134x134 [border: (19px solid #000000)]
      RenderBlock {div} at (10,178) size 134x134 [border: (19px solid #000000)]
