layer at (0,0) size 800x600
  RenderView at (0,0) size 800x600
layer at (0,0) size 800x160
  RenderBlock {html} at (0,0) size 800x160
    RenderBody {body} at (8,16) size 784x136
      RenderBlock {p} at (0,0) size 784x18
        RenderText {#text} at (0,0) size 410x17
          text run at (0,0) width 410: "Test passes if there is a box with sharp or rounded corners below."
      RenderTable {div} at (0,34) size 102x102 [border: (1px none #000000)]
        RenderTableCol at (0,0) size 0x0
          RenderTableCol {div} at (0,0) size 0x0 [border: (3px solid #008000)]
        RenderTableSection (anonymous) at (1,1) size 99x99
          RenderTableRow {div} at (0,0) size 99x99
            RenderTableCell {div} at (0,0) size 99x3 [border: (2px none #000000)] [r=0 c=0 rs=1 cs=1]
