layer at (0,0) size 800x600
  RenderView at (0,0) size 800x600
layer at (0,0) size 800x160
  RenderBlock {html} at (0,0) size 800x160
    RenderBody {body} at (8,16) size 784x136
      RenderBlock {p} at (0,0) size 784x18
        RenderText {#text} at (0,0) size 516x17
          text run at (0,0) width 516: "Test passes if the 'Filler Text' below is clipped to the curve of the rounded corners."
layer at (8,50) size 198x102 clip at (11,53) size 192x96 scrollHeight 144
  RenderBlock {div} at (0,34) size 198x102 [border: (3px solid #000000)]
    RenderText {#text} at (3,3) size 179x143
      text run at (3,3) width 146: "Filler Text. Filler Text. "
      text run at (148,3) width 34: "Filler"
      text run at (3,21) width 109: "Text. Filler Text. "
      text run at (111,21) width 70: "Filler Text."
      text run at (3,39) width 73: "Filler Text. "
      text run at (75,39) width 107: "Filler Text. Filler"
      text run at (3,57) width 36: "Text. "
      text run at (38,57) width 143: "Filler Text. Filler Text."
      text run at (3,75) width 146: "Filler Text. Filler Text. "
      text run at (148,75) width 34: "Filler"
      text run at (3,93) width 109: "Text. Filler Text. "
      text run at (111,93) width 70: "Filler Text."
      text run at (3,111) width 73: "Filler Text. "
      text run at (75,111) width 107: "Filler Text. Filler"
      text run at (3,129) width 32: "Text."
