layer at (0,0) size 800x600
  RenderView at (0,0) size 800x600
layer at (0,0) size 800x352
  RenderBlock {html} at (0,0) size 800x352
    RenderBody {body} at (10,10) size 780x326
      RenderBlock {div} at (0,0) size 388x292 [border: (2px solid #000000)]
      RenderBlock {p} at (0,308) size 780x18
        RenderText {#text} at (0,0) size 396x17
          text run at (0,0) width 396: "Test passes if the two blue lines are radii of the rounded corner."
layer at (10,10) size 52x82
  RenderBlock (positioned) {div} at (10,10) size 52x82 [border: none (2px solid #0000FF) none]
