layer at (0,0) size 800x600
  RenderView at (0,0) size 800x600
layer at (0,0) size 800x350
  RenderBlock {html} at (0,0) size 800x350
    RenderBody {body} at (8,16) size 784x326
      RenderBlock {p} at (0,0) size 784x18
        RenderText {#text} at (0,0) size 649x17
          text run at (0,0) width 649: "Test passes if the top-left corner of the box has a rounded corner and there is no red visible on the page."
      RenderBlock {div} at (0,34) size 388x292 [border: (2px solid #FF0000)]
      RenderBlock {div} at (0,34) size 388x292 [border: (2px solid #000000)]
