layer at (0,0) size 800x600
  RenderView at (0,0) size 800x600
layer at (0,0) size 800x362
  RenderBlock {html} at (0,0) size 800x362
    RenderBody {body} at (8,16) size 784x338
      RenderBlock {p} at (0,0) size 784x18
        RenderText {#text} at (0,0) size 261x17
          text run at (0,0) width 261: "Test passes if the four boxes are identical."
      RenderTable {table} at (0,34) size 318x304
        RenderTableSection (anonymous) at (0,0) size 318x304
          RenderTableRow (anonymous) at (0,2) size 318x300
            RenderTableCell {td} at (2,2) size 156x300 [r=0 c=0 rs=1 cs=1]
              RenderBlock {div} at (11,11) size 134x134 [border: (19px solid #000000)]
              RenderBlock {div} at (11,155) size 134x134 [border: (19px solid #000000)]
            RenderTableCell {td} at (160,2) size 156x300 [r=0 c=1 rs=1 cs=1]
              RenderBlock {div} at (11,11) size 134x134 [border: (19px solid #000000)]
              RenderBlock {div} at (11,155) size 134x134 [border: (19px solid #000000)]
