layer at (0,0) size 800x600
  RenderView at (0,0) size 800x600
layer at (0,0) size 800x158
  RenderBlock {html} at (0,0) size 800x158
    RenderBody {body} at (8,16) size 784x134
      RenderBlock {p} at (0,0) size 784x18
        RenderText {#text} at (0,0) size 302x17
          text run at (0,0) width 302: "Test passes if there is no red visible on the page."
      RenderBlock {div} at (40,34) size 120x120 [bgcolor=#FF0000]
      RenderBlock {div} at (0,34) size 100x100 [bgcolor=#000000]
