layer at (0,0) size 800x600
  RenderView at (0,0) size 800x600
layer at (0,0) size 800x308
  RenderBlock {html} at (0,0) size 800x308
    RenderBody {body} at (8,16) size 784x284
      RenderBlock {p} at (0,0) size 784x18
        RenderText {#text} at (0,0) size 481x17
          text run at (0,0) width 481: "Test passes if blue, orange and white boxes are visible on a larger black box."
      RenderBlock {div} at (0,34) size 250x250 [bgcolor=#000000]
