layer at (0,0) size 785x4414
  RenderView at (0,0) size 785x600
layer at (0,0) size 785x4414
  RenderBlock {HTML} at (0,0) size 785x4415
    RenderBody {BODY} at (8,8) size 769x4399 [bgcolor=#CCCCCC]
      RenderBlock {P} at (0,0) size 769x18
        RenderText {#text} at (0,0) size 355x17
          text run at (0,0) width 355: "The style declarations which apply to the text below are:"
      RenderBlock {PRE} at (0,34) size 769x270
        RenderText {#text} at (0,1) size 512x270
          text run at (0,1) width 160: "P {font-size: 12pt;}"
          text run at (160,1) width 0: " "
          text run at (0,16) width 216: ".one {vertical-align: sub;}"
          text run at (216,16) width 0: " "
          text run at (0,31) width 232: ".two {vertical-align: super;}"
          text run at (232,31) width 0: " "
          text run at (0,46) width 368: ".three {vertical-align: top; font-size: 12pt;}"
          text run at (368,46) width 0: " "
          text run at (0,61) width 400: ".four {vertical-align: text-top; font-size: 12pt;}"
          text run at (400,61) width 0: " "
          text run at (0,76) width 384: ".five {vertical-align: middle; font-size: 12pt;}"
          text run at (384,76) width 0: " "
          text run at (0,91) width 376: ".six {vertical-align: bottom; font-size: 12pt;}"
          text run at (376,91) width 0: " "
          text run at (0,106) width 432: ".seven {vertical-align: text-bottom; font-size: 12pt;}"
          text run at (432,106) width 0: " "
          text run at (0,121) width 408: ".eight {vertical-align: baseline; font-size: 12pt;}"
          text run at (408,121) width 0: " "
          text run at (0,136) width 512: ".nine {vertical-align: 50%; font-size: 12px; line-height: 16px;}"
          text run at (512,136) width 0: " "
          text run at (0,151) width 0: " "
          text run at (0,166) width 224: "P.example {font-size: 14pt;}"
          text run at (224,166) width 0: " "
          text run at (0,181) width 176: "BIG {font-size: 16pt;}"
          text run at (176,181) width 0: " "
          text run at (0,196) width 192: "SMALL {font-size: 12pt;}"
          text run at (192,196) width 0: " "
          text run at (0,211) width 304: ".ttopalign {vertical-align: text-top;}"
          text run at (304,211) width 0: " "
          text run at (0,226) width 256: ".topalign {vertical-align: top;}"
          text run at (256,226) width 0: " "
          text run at (0,241) width 280: ".midalign {vertical-align: middle;}"
          text run at (280,241) width 0: " "
          text run at (0,256) width 0: " "
      RenderBlock {P} at (0,335) size 769x77
        RenderImage {IMG} at (0,0) size 15x50
        RenderInline {SPAN} at (15,40) size 126x19
          RenderText {#text} at (15,40) size 126x18
            text run at (15,40) width 126: "The first four words"
        RenderText {#text} at (0,36) size 750x40
          text run at (141,36) width 284: " in this sentence should be subscript-aligned. "
          text run at (425,36) width 325: "The font size of the superscripted text should not be"
          text run at (0,58) width 254: "different from that of the parent element."
      RenderBlock {P} at (0,427) size 769x73
        RenderImage {IMG} at (0,0) size 15x50
        RenderInline {SPAN} at (15,29) size 126x19
          RenderText {#text} at (15,29) size 126x18
            text run at (15,29) width 126: "The first four words"
        RenderText {#text} at (0,36) size 750x35
          text run at (141,36) width 296: " in this sentence should be superscript-aligned. "
          text run at (437,36) width 313: "The font size of the subscripted text should not be"
          text run at (0,54) width 254: "different from that of the parent element."
      RenderBlock {P} at (0,515) size 769x73
        RenderImage {IMG} at (0,0) size 15x50
        RenderInline {SPAN} at (15,0) size 126x18
          RenderText {#text} at (15,0) size 126x17
            text run at (15,0) width 126: "The first four words"
        RenderText {#text} at (0,36) size 765x35
          text run at (141,36) width 624: " in this sentence should be top-aligned, which will align their tops with the top of the tallest element"
          text run at (0,54) width 267: "in the line (probably the orange rectangle)."
      RenderBlock {P} at (0,603) size 769x133
        RenderImage {IMG} at (0,0) size 15x50
        RenderText {#text} at (15,36) size 4x17
          text run at (15,36) width 4: " "
        RenderInline {SPAN} at (0,22) size 754x109
          RenderText {#text} at (0,0) size 0x0
          RenderInline {SPAN} at (19,22) size 126x18
            RenderText {#text} at (19,22) size 126x17
              text run at (19,22) width 126: "The first four words"
          RenderText {#text} at (0,22) size 754x110
            text run at (145,22) width 556: " in this sentence should be text-top-aligned,"
            text run at (0,59) width 754: "which should align their tops with the top of the tallest text"
            text run at (0,96) width 136: "in the line."
        RenderText {#text} at (0,0) size 0x0
      RenderBlock {P} at (0,751) size 769x69
        RenderImage {IMG} at (0,0) size 15x50
        RenderText {#text} at (0,14) size 739x53
          text run at (15,14) width 724: " The image at the beginning of this sentence should be middle-aligned, which should align its middle with the point"
          text run at (0,50) width 310: "defined as the text baseline plus half the x-height."
      RenderBlock {P} at (0,835) size 769x125
        RenderImage {IMG} at (0,0) size 15x50
        RenderText {#text} at (15,15) size 4x17
          text run at (15,15) width 4: " "
        RenderInline {SPAN} at (0,1) size 733x122
          RenderText {#text} at (0,0) size 0x0
          RenderInline {SPAN} at (19,32) size 126x18
            RenderText {#text} at (19,32) size 126x17
              text run at (19,32) width 126: "The first four words"
          RenderText {#text} at (0,1) size 733x123
            text run at (145,1) width 544: " in this sentence should be 12pt in size and"
            text run at (0,51) width 733: "bottom-aligned, which should align their bottom with the"
            text run at (0,88) width 517: "bottom of the lowest element in the line."
        RenderText {#text} at (0,0) size 0x0
      RenderBlock {P} at (0,975) size 769x162
        RenderImage {IMG} at (0,0) size 15x50
        RenderText {#text} at (15,15) size 4x17
          text run at (15,15) width 4: " "
        RenderInline {SPAN} at (0,1) size 745x159
          RenderText {#text} at (0,0) size 0x0
          RenderInline {SPAN} at (19,18) size 293x18
            RenderText {#text} at (19,18) size 293x17
              text run at (19,18) width 293: "The first eight words (\"eight\" has a descender)"
          RenderText {#text} at (0,1) size 745x160
            text run at (312,1) width 433: " in this sentence should be 12pt in"
            text run at (0,51) width 692: "size and text-bottom-aligned, which should align their"
            text run at (0,88) width 671: "bottom with the bottom of the lowest text (including"
            text run at (0,125) width 294: "descenders) in the line."
        RenderText {#text} at (0,0) size 0x0
      RenderBlock {P} at (0,1152) size 769x133
        RenderImage {IMG} at (0,0) size 15x50
        RenderText {#text} at (15,36) size 4x17
          text run at (15,36) width 4: " "
        RenderInline {SPAN} at (0,22) size 759x109
          RenderText {#text} at (0,0) size 0x0
          RenderInline {SPAN} at (19,36) size 126x18
            RenderText {#text} at (19,36) size 126x17
              text run at (19,36) width 126: "The first four words"
          RenderText {#text} at (0,22) size 759x110
            text run at (145,22) width 544: " in this sentence should be 12pt in size and"
            text run at (0,59) width 759: "baseline-aligned, which should align their baseline with the"
            text run at (0,96) width 522: "baseline of the rest of the text in the line."
        RenderText {#text} at (0,0) size 0x0
      RenderBlock {P} at (0,1300) size 769x73
        RenderImage {IMG} at (0,0) size 15x50
        RenderInline {SPAN} at (15,32) size 96x13
          RenderText {#text} at (15,32) size 96x14
            text run at (15,32) width 96: "The first four words"
        RenderText {#text} at (0,36) size 750x35
          text run at (110,36) width 640: " in this sentence should have a font-size of 12px and a line-height of 16px; they are also 50%-aligned,"
          text run at (0,54) width 376: "which should raise them 8px relative to the natural baseline."
      RenderBlock {P} at (0,1388) size 769x37
        RenderText {#text} at (0,0) size 742x35
          text run at (0,0) width 742: "In the following paragraph, all images should be aligned with the top of the 14-point text, which is identical to the first"
          text run at (0,18) width 661: "section of text, whereas any size text should be aligned with the text baseline (which is the default value)."
      RenderBlock {P} at (0,1442) size 769x327
        RenderText {#text} at (0,27) size 114x21
          text run at (0,27) width 114: "This paragraph "
        RenderImage {IMG} at (114,27) size 9x30
        RenderText {#text} at (123,27) size 5x21
          text run at (123,27) width 5: " "
        RenderInline {SPAN} at (128,2) size 414x52
          RenderText {#text} at (128,2) size 414x52
            text run at (128,2) width 414: "contains many images"
        RenderText {#text} at (541,27) size 6x21
          text run at (541,27) width 6: " "
        RenderImage {IMG} at (546,27) size 16x50
        RenderText {#text} at (561,27) size 6x21
          text run at (561,27) width 6: " "
        RenderInline {BIG} at (566,24) size 157x24
          RenderText {#text} at (566,24) size 157x24
            text run at (566,24) width 157: "of varying heights"
        RenderText {#text} at (722,27) size 6x21
          text run at (722,27) width 6: " "
        RenderImage {IMG} at (727,27) size 4x10
        RenderText {#text} at (730,27) size 6x21
          text run at (730,27) width 6: " "
        RenderInline {SMALL} at (0,29) size 759x115
          RenderText {#text} at (0,29) size 759x114
            text run at (735,29) width 24: "and"
            text run at (0,126) width 42: "widths"
        RenderText {#text} at (42,124) size 5x21
          text run at (42,124) width 5: " "
        RenderImage {IMG} at (47,124) size 6x20
        RenderText {#text} at (53,124) size 97x21
          text run at (53,124) width 97: " all of which "
        RenderImage {IMG} at (150,124) size 20x65
        RenderText {#text} at (169,124) size 6x21
          text run at (169,124) width 6: " "
        RenderInline {SPAN} at (174,107) size 267x42
          RenderText {#text} at (174,107) size 267x41
            text run at (174,107) width 267: "should be aligned"
        RenderText {#text} at (440,124) size 6x21
          text run at (440,124) width 6: " "
        RenderImage {IMG} at (445,124) size 11x35
        RenderText {#text} at (456,124) size 117x21
          text run at (456,124) width 117: " with the top of "
        RenderImage {IMG} at (573,124) size 9x30
        RenderText {#text} at (582,124) size 5x21
          text run at (582,124) width 5: " "
        RenderInline {SPAN} at (0,116) size 699x143
          RenderText {#text} at (587,116) size 19x31
            text run at (587,116) width 19: "a "
          RenderInline {SPAN} at (0,78) size 699x190
            RenderText {#text} at (0,78) size 699x189
              text run at (606,78) width 93: "14-"
              text run at (0,190) width 143: "point"
          RenderText {#text} at (143,228) size 144x31
            text run at (143,228) width 144: " text element"
        RenderText {#text} at (287,236) size 5x21
          text run at (287,236) width 5: " "
        RenderImage {IMG} at (292,236) size 15x50
        RenderText {#text} at (307,236) size 5x21
          text run at (307,236) width 5: " "
        RenderInline {SMALL} at (312,238) size 189x18
          RenderText {#text} at (312,238) size 189x17
            text run at (312,238) width 189: "regardless of the line in which"
        RenderText {#text} at (501,236) size 5x21
          text run at (501,236) width 5: " "
        RenderImage {IMG} at (506,236) size 5x15
        RenderText {#text} at (510,236) size 6x21
          text run at (510,236) width 6: " "
        RenderInline {BIG} at (515,233) size 157x24
          RenderText {#text} at (515,233) size 157x24
            text run at (515,233) width 157: "the images appear."
        RenderText {#text} at (671,236) size 6x21
          text run at (671,236) width 6: " "
        RenderImage {IMG} at (676,236) size 28x90
        RenderText {#text} at (0,0) size 0x0
      RenderBlock {P} at (0,1787) size 769x37
        RenderText {#text} at (0,0) size 749x35
          text run at (0,0) width 749: "In the following paragraph, all images should be aligned with the middle of the default text, whereas any text should be"
          text run at (0,18) width 362: "aligned with the text baseline (which is the default value)."
      RenderBlock {P} at (0,1839) size 769x232
        RenderText {#text} at (0,23) size 99x17
          text run at (0,23) width 99: "This paragraph "
        RenderImage {IMG} at (99,18) size 9x31
        RenderText {#text} at (108,23) size 4x17
          text run at (108,23) width 4: " "
        RenderInline {SPAN} at (112,2) size 357x44
          RenderText {#text} at (112,2) size 357x45
            text run at (112,2) width 357: "contains many images"
        RenderText {#text} at (469,23) size 4x17
          text run at (469,23) width 4: " "
        RenderImage {IMG} at (473,8) size 15x51
        RenderText {#text} at (488,23) size 122x17
          text run at (488,23) width 122: " of varying heights "
        RenderImage {IMG} at (610,28) size 3x11
        RenderText {#text} at (613,23) size 4x17
          text run at (613,23) width 4: " "
        RenderInline {SMALL} at (617,23) size 69x18
          RenderText {#text} at (617,23) size 69x17
            text run at (617,23) width 69: "and widths"
        RenderText {#text} at (686,23) size 4x17
          text run at (686,23) width 4: " "
        RenderImage {IMG} at (690,23) size 6x21
        RenderText {#text} at (0,23) size 732x93
          text run at (696,23) width 36: " all of"
          text run at (0,98) width 43: "which "
        RenderImage {IMG} at (43,76) size 20x66
        RenderText {#text} at (62,98) size 120x18
          text run at (62,98) width 120: " should be aligned "
        RenderImage {IMG} at (181,91) size 11x36
        RenderText {#text} at (192,98) size 4x18
          text run at (192,98) width 4: " "
        RenderInline {SPAN} at (196,84) size 236x36
          RenderText {#text} at (196,84) size 236x37
            text run at (196,84) width 236: "with the middle of"
        RenderText {#text} at (432,98) size 4x18
          text run at (432,98) width 4: " "
        RenderImage {IMG} at (436,83) size 15x51
        RenderText {#text} at (451,98) size 4x18
          text run at (451,98) width 4: " "
        RenderInline {SPAN} at (0,91) size 719x105
          RenderText {#text} at (455,91) size 17x27
            text run at (455,91) width 17: "a "
          RenderInline {SPAN} at (472,59) size 204x67
            RenderText {#text} at (472,59) size 204x67
              text run at (472,59) width 204: "14-point"
          RenderText {#text} at (0,91) size 719x104
            text run at (676,91) width 43: " text"
            text run at (0,168) width 78: "element"
        RenderText {#text} at (77,175) size 5x18
          text run at (77,175) width 5: " "
        RenderImage {IMG} at (81,161) size 16x51
        RenderText {#text} at (96,175) size 5x18
          text run at (96,175) width 5: " "
        RenderInline {SMALL} at (100,175) size 190x19
          RenderText {#text} at (100,175) size 190x18
            text run at (100,175) width 190: "regardless of the line in which"
        RenderText {#text} at (289,175) size 5x18
          text run at (289,175) width 5: " "
        RenderImage {IMG} at (293,178) size 6x16
        RenderText {#text} at (298,175) size 5x18
          text run at (298,175) width 5: " "
        RenderInline {BIG} at (302,170) size 157x25
          RenderText {#text} at (302,170) size 157x25
            text run at (302,170) width 157: "the images appear."
        RenderText {#text} at (458,175) size 5x18
          text run at (458,175) width 5: " "
        RenderImage {IMG} at (462,141) size 28x91
        RenderText {#text} at (0,0) size 0x0
      RenderBlock {P} at (0,2086) size 769x37
        RenderText {#text} at (0,0) size 733x35
          text run at (0,0) width 733: "In the following paragraph, all elements should be aligned with the top of the tallest element on the line, whether that"
          text run at (0,18) width 173: "element is an image or not. "
          text run at (173,18) width 554: "Each fragment of text has been SPANned appropriately in order to cause this to happen."
      RenderBlock {P} at (0,2138) size 769x203
        RenderInline {SPAN} at (0,0) size 95x18
          RenderText {#text} at (0,0) size 95x17
            text run at (0,0) width 95: "This paragraph"
        RenderText {#text} at (95,0) size 4x17
          text run at (95,0) width 4: " "
        RenderImage {IMG} at (99,0) size 3x10
        RenderText {#text} at (102,0) size 4x17
          text run at (102,0) width 4: " "
        RenderInline {SPAN} at (106,2) size 357x44
          RenderText {#text} at (106,2) size 357x45
            text run at (106,2) width 357: "contains many images"
        RenderText {#text} at (463,0) size 4x17
          text run at (463,0) width 4: " "
        RenderImage {IMG} at (467,0) size 3x10
        RenderText {#text} at (470,0) size 4x17
          text run at (470,0) width 4: " "
        RenderInline {SPAN} at (474,0) size 87x18
          RenderText {#text} at (474,0) size 87x17
            text run at (474,0) width 87: "and some text"
        RenderText {#text} at (561,0) size 4x17
          text run at (561,0) width 4: " "
        RenderImage {IMG} at (565,0) size 3x10
        RenderText {#text} at (568,0) size 4x17
          text run at (568,0) width 4: " "
        RenderInline {SPAN} at (572,0) size 114x18
          RenderText {#text} at (572,0) size 114x17
            text run at (572,0) width 114: "of varying heights"
        RenderText {#text} at (686,0) size 4x17
          text run at (686,0) width 4: " "
        RenderImage {IMG} at (690,0) size 3x10
        RenderText {#text} at (693,0) size 4x17
          text run at (693,0) width 4: " "
        RenderInline {BIG} at (0,0) size 728x71
          RenderText {#text} at (0,0) size 728x71
            text run at (697,0) width 31: "and"
            text run at (0,47) width 57: "widths"
        RenderText {#text} at (56,47) size 5x17
          text run at (56,47) width 5: " "
        RenderImage {IMG} at (60,47) size 7x20
        RenderText {#text} at (66,47) size 5x17
          text run at (66,47) width 5: " "
        RenderInline {SPAN} at (70,47) size 76x18
          RenderText {#text} at (70,47) size 76x17
            text run at (70,47) width 76: "all of which"
        RenderText {#text} at (145,47) size 5x17
          text run at (145,47) width 5: " "
        RenderImage {IMG} at (149,47) size 21x65
        RenderText {#text} at (169,47) size 5x17
          text run at (169,47) width 5: " "
        RenderInline {SPAN} at (173,47) size 112x18
          RenderText {#text} at (173,47) size 112x17
            text run at (173,47) width 112: "should be aligned"
        RenderText {#text} at (284,47) size 5x17
          text run at (284,47) width 5: " "
        RenderImage {IMG} at (288,47) size 11x35
        RenderText {#text} at (298,47) size 5x17
          text run at (298,47) width 5: " "
        RenderInline {SPAN} at (302,48) size 189x35
          RenderText {#text} at (302,48) size 189x36
            text run at (302,48) width 189: "with the top of"
        RenderText {#text} at (490,47) size 5x17
          text run at (490,47) width 5: " "
        RenderImage {IMG} at (494,47) size 16x50
        RenderText {#text} at (509,47) size 5x17
          text run at (509,47) width 5: " "
        RenderInline {SPAN} at (514,47) size 128x18
          RenderText {#text} at (514,47) size 128x17
            text run at (514,47) width 128: "the tallest element in"
        RenderText {#text} at (642,47) size 4x17
          text run at (642,47) width 4: " "
        RenderImage {IMG} at (646,47) size 5x15
        RenderText {#text} at (650,47) size 5x17
          text run at (650,47) width 5: " "
        RenderInline {BIG} at (0,47) size 743x89
          RenderText {#text} at (0,47) size 743x89
            text run at (654,47) width 89: "whichever"
            text run at (0,112) width 208: "line the elements appear."
        RenderText {#text} at (207,112) size 5x17
          text run at (207,112) width 5: " "
        RenderImage {IMG} at (211,112) size 28x90
        RenderText {#text} at (0,0) size 0x0
      RenderTable {TABLE} at (0,2356) size 769x2043 [border: (1px outset #808080)]
        RenderTableSection {TBODY} at (1,1) size 767x2040
          RenderTableRow {TR} at (0,0) size 767x26
            RenderTableCell {TD} at (0,0) size 767x26 [bgcolor=#C0C0C0] [border: (1px inset #808080)] [r=0 c=0 rs=1 cs=2]
              RenderInline {STRONG} at (4,4) size 161x18
                RenderText {#text} at (4,4) size 161x17
                  text run at (4,4) width 161: "TABLE Testing Section"
          RenderTableRow {TR} at (0,26) size 767x2014
            RenderTableCell {TD} at (0,1019) size 12x27 [bgcolor=#C0C0C0] [border: (1px inset #808080)] [r=1 c=0 rs=1 cs=1]
              RenderText {#text} at (4,997) size 4x18
                text run at (4,4) width 4: " "
            RenderTableCell {TD} at (12,26) size 755x2014 [border: (1px inset #808080)] [r=1 c=1 rs=1 cs=1]
              RenderBlock {P} at (4,4) size 747x77
                RenderImage {IMG} at (0,0) size 15x50
                RenderInline {SPAN} at (15,40) size 126x19
                  RenderText {#text} at (15,40) size 126x18
                    text run at (15,40) width 126: "The first four words"
                RenderText {#text} at (0,36) size 731x40
                  text run at (141,36) width 284: " in this sentence should be subscript-aligned. "
                  text run at (425,36) width 306: "The font size of the superscripted text should not"
                  text run at (0,58) width 273: "be different from that of the parent element."
              RenderBlock {P} at (4,96) size 747x73
                RenderImage {IMG} at (0,0) size 15x50
                RenderInline {SPAN} at (15,29) size 126x19
                  RenderText {#text} at (15,29) size 126x18
                    text run at (15,29) width 126: "The first four words"
                RenderText {#text} at (0,36) size 731x35
                  text run at (141,36) width 296: " in this sentence should be superscript-aligned. "
                  text run at (437,36) width 294: "The font size of the subscripted text should not"
                  text run at (0,54) width 273: "be different from that of the parent element."
              RenderBlock {P} at (4,184) size 747x73
                RenderImage {IMG} at (0,0) size 15x50
                RenderInline {SPAN} at (15,0) size 126x18
                  RenderText {#text} at (15,0) size 126x17
                    text run at (15,0) width 126: "The first four words"
                RenderText {#text} at (0,36) size 712x35
                  text run at (141,36) width 571: " in this sentence should be top-aligned, which will align their tops with the top of the tallest"
                  text run at (0,54) width 320: "element in the line (probably the orange rectangle)."
              RenderBlock {P} at (4,272) size 747x133
                RenderImage {IMG} at (0,0) size 15x50
                RenderText {#text} at (15,36) size 4x17
                  text run at (15,36) width 4: " "
                RenderInline {SPAN} at (0,22) size 701x109
                  RenderText {#text} at (0,0) size 0x0
                  RenderInline {SPAN} at (19,22) size 126x18
                    RenderText {#text} at (19,22) size 126x17
                      text run at (19,22) width 126: "The first four words"
                  RenderText {#text} at (0,22) size 701x110
                    text run at (145,22) width 556: " in this sentence should be text-top-aligned,"
                    text run at (0,59) width 698: "which should align their tops with the top of the tallest"
                    text run at (0,96) width 192: "text in the line."
                RenderText {#text} at (0,0) size 0x0
              RenderBlock {P} at (4,420) size 747x69
                RenderImage {IMG} at (0,0) size 15x50
                RenderText {#text} at (0,14) size 739x53
                  text run at (15,14) width 724: " The image at the beginning of this sentence should be middle-aligned, which should align its middle with the point"
                  text run at (0,50) width 310: "defined as the text baseline plus half the x-height."
              RenderBlock {P} at (4,504) size 747x125
                RenderImage {IMG} at (0,0) size 15x50
                RenderText {#text} at (15,15) size 4x17
                  text run at (15,15) width 4: " "
                RenderInline {SPAN} at (0,1) size 733x122
                  RenderText {#text} at (0,0) size 0x0
                  RenderInline {SPAN} at (19,32) size 126x18
                    RenderText {#text} at (19,32) size 126x17
                      text run at (19,32) width 126: "The first four words"
                  RenderText {#text} at (0,1) size 733x123
                    text run at (145,1) width 544: " in this sentence should be 12pt in size and"
                    text run at (0,51) width 733: "bottom-aligned, which should align their bottom with the"
                    text run at (0,88) width 517: "bottom of the lowest element in the line."
                RenderText {#text} at (0,0) size 0x0
              RenderBlock {P} at (4,644) size 747x162
                RenderImage {IMG} at (0,0) size 15x50
                RenderText {#text} at (15,15) size 4x17
                  text run at (15,15) width 4: " "
                RenderInline {SPAN} at (0,1) size 745x159
                  RenderText {#text} at (0,0) size 0x0
                  RenderInline {SPAN} at (19,18) size 293x18
                    RenderText {#text} at (19,18) size 293x17
                      text run at (19,18) width 293: "The first eight words (\"eight\" has a descender)"
                  RenderText {#text} at (0,1) size 745x160
                    text run at (312,1) width 433: " in this sentence should be 12pt in"
                    text run at (0,51) width 692: "size and text-bottom-aligned, which should align their"
                    text run at (0,88) width 671: "bottom with the bottom of the lowest text (including"
                    text run at (0,125) width 294: "descenders) in the line."
                RenderText {#text} at (0,0) size 0x0
              RenderBlock {P} at (4,821) size 747x133
                RenderImage {IMG} at (0,0) size 15x50
                RenderText {#text} at (15,36) size 4x17
                  text run at (15,36) width 4: " "
                RenderInline {SPAN} at (0,22) size 712x109
                  RenderText {#text} at (0,0) size 0x0
                  RenderInline {SPAN} at (19,36) size 126x18
                    RenderText {#text} at (19,36) size 126x17
                      text run at (19,36) width 126: "The first four words"
                  RenderText {#text} at (0,22) size 712x110
                    text run at (145,22) width 544: " in this sentence should be 12pt in size and"
                    text run at (0,59) width 712: "baseline-aligned, which should align their baseline with"
                    text run at (0,96) width 569: "the baseline of the rest of the text in the line."
                RenderText {#text} at (0,0) size 0x0
              RenderBlock {P} at (4,969) size 747x73
                RenderImage {IMG} at (0,0) size 15x50
                RenderInline {SPAN} at (15,32) size 96x13
                  RenderText {#text} at (15,32) size 96x14
                    text run at (15,32) width 96: "The first four words"
                RenderText {#text} at (0,36) size 700x35
                  text run at (110,36) width 590: " in this sentence should have a font-size of 12px and a line-height of 16px; they are also 50%-"
                  text run at (0,54) width 430: "aligned, which should raise them 8px relative to the natural baseline."
              RenderBlock {P} at (4,1057) size 747x37
                RenderText {#text} at (0,0) size 742x35
                  text run at (0,0) width 742: "In the following paragraph, all images should be aligned with the top of the 14-point text, which is identical to the first"
                  text run at (0,18) width 661: "section of text, whereas any size text should be aligned with the text baseline (which is the default value)."
              RenderBlock {P} at (4,1111) size 747x327
                RenderText {#text} at (0,27) size 114x21
                  text run at (0,27) width 114: "This paragraph "
                RenderImage {IMG} at (114,27) size 9x30
                RenderText {#text} at (123,27) size 5x21
                  text run at (123,27) width 5: " "
                RenderInline {SPAN} at (128,2) size 414x52
                  RenderText {#text} at (128,2) size 414x52
                    text run at (128,2) width 414: "contains many images"
                RenderText {#text} at (541,27) size 6x21
                  text run at (541,27) width 6: " "
                RenderImage {IMG} at (546,27) size 16x50
                RenderText {#text} at (561,27) size 6x21
                  text run at (561,27) width 6: " "
                RenderInline {BIG} at (566,24) size 157x24
                  RenderText {#text} at (566,24) size 157x24
                    text run at (566,24) width 157: "of varying heights"
                RenderText {#text} at (722,27) size 6x21
                  text run at (722,27) width 6: " "
                RenderImage {IMG} at (727,27) size 4x10
                RenderText {#text} at (0,0) size 0x0
                RenderInline {SMALL} at (0,126) size 69x18
                  RenderText {#text} at (0,126) size 69x17
                    text run at (0,126) width 69: "and widths"
                RenderText {#text} at (69,124) size 5x21
                  text run at (69,124) width 5: " "
                RenderImage {IMG} at (74,124) size 6x20
                RenderText {#text} at (80,124) size 97x21
                  text run at (80,124) width 97: " all of which "
                RenderImage {IMG} at (177,124) size 20x65
                RenderText {#text} at (196,124) size 6x21
                  text run at (196,124) width 6: " "
                RenderInline {SPAN} at (201,107) size 267x42
                  RenderText {#text} at (201,107) size 267x41
                    text run at (201,107) width 267: "should be aligned"
                RenderText {#text} at (467,124) size 6x21
                  text run at (467,124) width 6: " "
                RenderImage {IMG} at (472,124) size 11x35
                RenderText {#text} at (483,124) size 117x21
                  text run at (483,124) width 117: " with the top of "
                RenderImage {IMG} at (600,124) size 9x30
                RenderText {#text} at (609,124) size 5x21
                  text run at (609,124) width 5: " "
                RenderInline {SPAN} at (0,116) size 726x143
                  RenderText {#text} at (614,116) size 19x31
                    text run at (614,116) width 19: "a "
                  RenderInline {SPAN} at (0,78) size 726x190
                    RenderText {#text} at (0,78) size 726x189
                      text run at (633,78) width 93: "14-"
                      text run at (0,190) width 143: "point"
                  RenderText {#text} at (143,228) size 144x31
                    text run at (143,228) width 144: " text element"
                RenderText {#text} at (287,236) size 5x21
                  text run at (287,236) width 5: " "
                RenderImage {IMG} at (292,236) size 15x50
                RenderText {#text} at (307,236) size 5x21
                  text run at (307,236) width 5: " "
                RenderInline {SMALL} at (312,238) size 189x18
                  RenderText {#text} at (312,238) size 189x17
                    text run at (312,238) width 189: "regardless of the line in which"
                RenderText {#text} at (501,236) size 5x21
                  text run at (501,236) width 5: " "
                RenderImage {IMG} at (506,236) size 5x15
                RenderText {#text} at (510,236) size 6x21
                  text run at (510,236) width 6: " "
                RenderInline {BIG} at (515,233) size 157x24
                  RenderText {#text} at (515,233) size 157x24
                    text run at (515,233) width 157: "the images appear."
                RenderText {#text} at (671,236) size 6x21
                  text run at (671,236) width 6: " "
                RenderImage {IMG} at (676,236) size 28x90
                RenderText {#text} at (0,0) size 0x0
              RenderBlock {P} at (4,1456) size 747x37
                RenderText {#text} at (0,0) size 730x35
                  text run at (0,0) width 730: "In the following paragraph, all images should be aligned with the middle of the default text, whereas any text should"
                  text run at (0,18) width 381: "be aligned with the text baseline (which is the default value)."
              RenderBlock {P} at (4,1508) size 747x232
                RenderText {#text} at (0,23) size 99x17
                  text run at (0,23) width 99: "This paragraph "
                RenderImage {IMG} at (99,18) size 9x31
                RenderText {#text} at (108,23) size 4x17
                  text run at (108,23) width 4: " "
                RenderInline {SPAN} at (112,2) size 357x44
                  RenderText {#text} at (112,2) size 357x45
                    text run at (112,2) width 357: "contains many images"
                RenderText {#text} at (469,23) size 4x17
                  text run at (469,23) width 4: " "
                RenderImage {IMG} at (473,8) size 15x51
                RenderText {#text} at (488,23) size 122x17
                  text run at (488,23) width 122: " of varying heights "
                RenderImage {IMG} at (610,28) size 3x11
                RenderText {#text} at (613,23) size 4x17
                  text run at (613,23) width 4: " "
                RenderInline {SMALL} at (617,23) size 69x18
                  RenderText {#text} at (617,23) size 69x17
                    text run at (617,23) width 69: "and widths"
                RenderText {#text} at (686,23) size 4x17
                  text run at (686,23) width 4: " "
                RenderImage {IMG} at (690,23) size 6x21
                RenderText {#text} at (0,23) size 732x93
                  text run at (696,23) width 36: " all of"
                  text run at (0,98) width 43: "which "
                RenderImage {IMG} at (43,76) size 20x66
                RenderText {#text} at (62,98) size 120x18
                  text run at (62,98) width 120: " should be aligned "
                RenderImage {IMG} at (181,91) size 11x36
                RenderText {#text} at (192,98) size 4x18
                  text run at (192,98) width 4: " "
                RenderInline {SPAN} at (196,84) size 236x36
                  RenderText {#text} at (196,84) size 236x37
                    text run at (196,84) width 236: "with the middle of"
                RenderText {#text} at (432,98) size 4x18
                  text run at (432,98) width 4: " "
                RenderImage {IMG} at (436,83) size 15x51
                RenderText {#text} at (451,98) size 4x18
                  text run at (451,98) width 4: " "
                RenderInline {SPAN} at (0,91) size 719x105
                  RenderText {#text} at (455,91) size 17x27
                    text run at (455,91) width 17: "a "
                  RenderInline {SPAN} at (472,59) size 204x67
                    RenderText {#text} at (472,59) size 204x67
                      text run at (472,59) width 204: "14-point"
                  RenderText {#text} at (0,91) size 719x104
                    text run at (676,91) width 43: " text"
                    text run at (0,168) width 78: "element"
                RenderText {#text} at (77,175) size 5x18
                  text run at (77,175) width 5: " "
                RenderImage {IMG} at (81,161) size 16x51
                RenderText {#text} at (96,175) size 5x18
                  text run at (96,175) width 5: " "
                RenderInline {SMALL} at (100,175) size 190x19
                  RenderText {#text} at (100,175) size 190x18
                    text run at (100,175) width 190: "regardless of the line in which"
                RenderText {#text} at (289,175) size 5x18
                  text run at (289,175) width 5: " "
                RenderImage {IMG} at (293,178) size 6x16
                RenderText {#text} at (298,175) size 5x18
                  text run at (298,175) width 5: " "
                RenderInline {BIG} at (302,170) size 157x25
                  RenderText {#text} at (302,170) size 157x25
                    text run at (302,170) width 157: "the images appear."
                RenderText {#text} at (458,175) size 5x18
                  text run at (458,175) width 5: " "
                RenderImage {IMG} at (462,141) size 28x91
                RenderText {#text} at (0,0) size 0x0
              RenderBlock {P} at (4,1755) size 747x37
                RenderText {#text} at (0,0) size 733x35
                  text run at (0,0) width 733: "In the following paragraph, all elements should be aligned with the top of the tallest element on the line, whether that"
                  text run at (0,18) width 173: "element is an image or not. "
                  text run at (173,18) width 554: "Each fragment of text has been SPANned appropriately in order to cause this to happen."
              RenderBlock {P} at (4,1807) size 747x203
                RenderInline {SPAN} at (0,0) size 95x18
                  RenderText {#text} at (0,0) size 95x17
                    text run at (0,0) width 95: "This paragraph"
                RenderText {#text} at (95,0) size 4x17
                  text run at (95,0) width 4: " "
                RenderImage {IMG} at (99,0) size 3x10
                RenderText {#text} at (102,0) size 4x17
                  text run at (102,0) width 4: " "
                RenderInline {SPAN} at (106,2) size 357x44
                  RenderText {#text} at (106,2) size 357x45
                    text run at (106,2) width 357: "contains many images"
                RenderText {#text} at (463,0) size 4x17
                  text run at (463,0) width 4: " "
                RenderImage {IMG} at (467,0) size 3x10
                RenderText {#text} at (470,0) size 4x17
                  text run at (470,0) width 4: " "
                RenderInline {SPAN} at (474,0) size 87x18
                  RenderText {#text} at (474,0) size 87x17
                    text run at (474,0) width 87: "and some text"
                RenderText {#text} at (561,0) size 4x17
                  text run at (561,0) width 4: " "
                RenderImage {IMG} at (565,0) size 3x10
                RenderText {#text} at (568,0) size 4x17
                  text run at (568,0) width 4: " "
                RenderInline {SPAN} at (572,0) size 114x18
                  RenderText {#text} at (572,0) size 114x17
                    text run at (572,0) width 114: "of varying heights"
                RenderText {#text} at (686,0) size 4x17
                  text run at (686,0) width 4: " "
                RenderImage {IMG} at (690,0) size 3x10
                RenderText {#text} at (693,0) size 4x17
                  text run at (693,0) width 4: " "
                RenderInline {BIG} at (0,0) size 728x71
                  RenderText {#text} at (0,0) size 728x71
                    text run at (697,0) width 31: "and"
                    text run at (0,47) width 57: "widths"
                RenderText {#text} at (56,47) size 5x17
                  text run at (56,47) width 5: " "
                RenderImage {IMG} at (60,47) size 7x20
                RenderText {#text} at (66,47) size 5x17
                  text run at (66,47) width 5: " "
                RenderInline {SPAN} at (70,47) size 76x18
                  RenderText {#text} at (70,47) size 76x17
                    text run at (70,47) width 76: "all of which"
                RenderText {#text} at (145,47) size 5x17
                  text run at (145,47) width 5: " "
                RenderImage {IMG} at (149,47) size 21x65
                RenderText {#text} at (169,47) size 5x17
                  text run at (169,47) width 5: " "
                RenderInline {SPAN} at (173,47) size 112x18
                  RenderText {#text} at (173,47) size 112x17
                    text run at (173,47) width 112: "should be aligned"
                RenderText {#text} at (284,47) size 5x17
                  text run at (284,47) width 5: " "
                RenderImage {IMG} at (288,47) size 11x35
                RenderText {#text} at (298,47) size 5x17
                  text run at (298,47) width 5: " "
                RenderInline {SPAN} at (302,48) size 189x35
                  RenderText {#text} at (302,48) size 189x36
                    text run at (302,48) width 189: "with the top of"
                RenderText {#text} at (490,47) size 5x17
                  text run at (490,47) width 5: " "
                RenderImage {IMG} at (494,47) size 16x50
                RenderText {#text} at (509,47) size 5x17
                  text run at (509,47) width 5: " "
                RenderInline {SPAN} at (514,47) size 128x18
                  RenderText {#text} at (514,47) size 128x17
                    text run at (514,47) width 128: "the tallest element in"
                RenderText {#text} at (642,47) size 4x17
                  text run at (642,47) width 4: " "
                RenderImage {IMG} at (646,47) size 5x15
                RenderText {#text} at (650,47) size 5x17
                  text run at (650,47) width 5: " "
                RenderInline {BIG} at (0,47) size 743x89
                  RenderText {#text} at (0,47) size 743x89
                    text run at (654,47) width 89: "whichever"
                    text run at (0,112) width 208: "line the elements appear."
                RenderText {#text} at (207,112) size 5x17
                  text run at (207,112) width 5: " "
                RenderImage {IMG} at (211,112) size 28x90
                RenderText {#text} at (0,0) size 0x0
layer at (8,325) size 769x2 clip at (0,0) size 0x0
  RenderBlock {HR} at (0,317) size 769x2 [color=#808080] [border: (1px inset #808080)]
