layer at (0,0) size 800x600
  RenderView at (0,0) size 800x600
layer at (0,0) size 800x600
  RenderSVGRoot {svg} at (0,0) size 800x600
layer at (0,0) size 800x600
  RenderSVGViewportContainer at (0,0) size 800x600
layer at (0,0) size 250x200
  RenderSVGForeignObject {foreignObject} at (0,0) size 250x200
    RenderBlock {xhtml:div} at (0,0) size 250x18
      RenderText {#text} at (0,0) size 83x18
        text run at (0,0) width 83: "This is a text"
    RenderBlock (anonymous) at (0,18) size 250x18
      RenderInline {xhtml:a} at (0,0) size 68x18 [color=#0000EE]
        RenderText {#text} at (0,0) size 68x18
          text run at (0,0) width 68: "and a link."
      RenderBR {xhtml:br} at (67,0) size 1x18
    RenderBlock {xhtml:div} at (0,36) size 250x18
      RenderText {#text} at (0,0) size 56x18
        text run at (0,0) width 56: "[HTML]"
layer at (0,0) size 250x200
  RenderSVGRect {rect} at (0,0) size 250x200 [stroke={[type=SOLID] [color=#008000]}] [x=0.00] [y=0.00] [width=250.00] [height=200.00]
layer at (260,0) size 250x200 scrollHeight 204
  RenderSVGForeignObject {foreignObject} at (260,0) size 250x200
    RenderText {#text} at (0,0) size 0x0
layer at (260,0) size 250x200
  RenderSVGRoot {svg} at (0,0) size 250x200
layer at (260,0) size 250x200
  RenderSVGViewportContainer at (0,0) size 250x200
layer at (260,1.67) size 83x59
  RenderSVGTransformableContainer {g} at (0,1.67) size 82.22x58.33
layer at (260,1.67) size 82x18
  RenderSVGText {text} at (0,0) size 83x19 contains 1 chunk(s)
    RenderSVGInlineText {#text} at (0,0) size 83x19
      chunk 1 text run 1 at (0.00,16.00) startOffset 0 endOffset 14 width 82.21: "This is a text"
layer at (260,20.67) size 68x19
  RenderSVGTransformableContainer {a} at (0,19) size 67.09x18.33
layer at (260,20.67) size 67x18
  RenderSVGText {text} at (0,0) size 68x19 contains 1 chunk(s)
    RenderSVGInlineText {#text} at (0,0) size 68x19
      chunk 1 text run 1 at (0.00,35.00) startOffset 0 endOffset 11 width 67.09: "and a link."
layer at (260,41.67) size 43x18
  RenderSVGText {text} at (0,40) size 43x19 contains 1 chunk(s)
    RenderSVGInlineText {#text} at (0,0) size 43x19
      chunk 1 text run 1 at (0.00,56.00) startOffset 0 endOffset 5 width 42.66: "[SVG]"
layer at (260,0) size 250x200
  RenderSVGRect {rect} at (260,0) size 250x200 [stroke={[type=SOLID] [color=#008000]}] [x=260.00] [y=0.00] [width=250.00] [height=200.00]
