layer at (0,0) size 800x600
  RenderView at (0,0) size 800x600
layer at (0,0) size 800x24
  RenderBlock {HTML} at (0,0) size 800x24
    RenderBody {BODY} at (8,16) size 784x0
      RenderBlock {P} at (0,0) size 784x20
        RenderText {#text} at (0,0) size 373x19
          text run at (0,0) width 373: "The entire canvas should be green and there should be no red."
