layer at (0,0) size 800x600
  RenderView at (0,0) size 800x600
layer at (50,50) size 700x156
  RenderBlock {HTML} at (50,50) size 700x156 [border: (1px solid #000000)]
    RenderBody {BODY} at (51,51) size 598x54 [color=#000080] [border: (1px solid #000080)]
      RenderBlock {P} at (1,17) size 596x20
        RenderText {#text} at (0,0) size 345x19
          text run at (0,0) width 345: "There should be a yellow square in the top-left corner, "
        RenderInline {EM} at (0,0) size 52x19
          RenderText {#text} at (345,0) size 52x19
            text run at (345,0) width 52: "between"
        RenderText {#text} at (397,0) size 78x19
          text run at (397,0) width 78: " the borders."
