layer at (0,0) size 800x600
  RenderView at (0,0) size 800x600
layer at (50,50) size 700x156
  RenderBlock {HTML} at (50,50) size 700x156 [bgcolor=#FFFFFF] [border: (1px solid #000000)]
    RenderBody {BODY} at (51,51) size 598x54 [color=#000080] [border: (1px solid #000080)]
      RenderBlock {P} at (1,17) size 596x20
        RenderText {#text} at (0,0) size 330x19
          text run at (0,0) width 330: "There should be a yellow square in the top-left corner, "
        RenderInline {EM} at (0,0) size 37x19
          RenderText {#text} at (330,0) size 37x19
            text run at (330,0) width 37: "inside"
        RenderText {#text} at (367,0) size 104x19
          text run at (367,0) width 104: " the inner border."
