layer at (0,0) size 800x600
  RenderView at (0,0) size 800x600
layer at (0,0) size 800x115
  RenderBlock {HTML} at (0,0) size 800x115
    RenderBody {BODY} at (8,8) size 784x99
      RenderBlock (anonymous) at (0,0) size 784x40
        RenderText {#text} at (0,0) size 773x39
          text run at (0,0) width 773: "This test makes sure punctuation laid out with the system font does not use vertical glyphs. The test passes if the semicolon below"
          text run at (0,20) width 383: "looks like a regular horizontal semicolon (;) and is not sideways."
      RenderBlock {DIV} at (0,40) size 784x59
        RenderText {#text} at (0,1) size 13x57
          text run at (0,1) width 13: ";"
