layer at (0,0) size 800x600
  RenderView at (0,0) size 800x600
layer at (0,0) size 800x128
  RenderBlock {HTML} at (0,0) size 800x128
    RenderBody {BODY} at (8,8) size 784x112
layer at (8,8) size 80x112
  RenderBlock (relative positioned) {DIV} at (0,0) size 80x112 [bgcolor=#D3D3D3]
    RenderNamedFlowFragment at (0,16) size 80x96
layer at (8,8) size 66x18
  RenderBlock (positioned) at (0,0) size 66x18
    RenderText at (0,0) size 66x18
      text run at (0,0) width 66: "BEFORE"
layer at (34,102) size 54x18
  RenderBlock (positioned) at (25,94) size 55x18
    RenderText at (0,0) size 55x18
      text run at (0,0) width 55: "AFTER"
Named flows
  Named flow 'namedFlow'
    layer at (0,0) size 80x96
      RenderNamedFlowThread at (0,0) size 80x96
        RenderBlock {P} at (0,16) size 80x36
          RenderText {#text} at (0,0) size 79x36
            text run at (0,0) width 79: "some text to"
            text run at (0,18) width 29: "flow"
    Regions for named flow 'namedFlow'
      RenderNamedFlowFragment (anonymous child of {DIV} #region)
