layer at (0,0) size 800x600
  RenderView at (0,0) size 800x600
layer at (0,0) size 800x600
  RenderBlock {HTML} at (0,0) size 800x600
    RenderBody {BODY} at (8,8) size 784x584
      RenderBlock {P} at (0,0) size 784x40
        RenderText {#text} at (0,0) size 776x39
          text run at (0,0) width 276: "You should see a green 100x100 box below. "
          text run at (276,0) width 500: "If you see a red box, then the inner block is not properly growing to fill the height of"
          text run at (0,20) width 108: "the enclosing box."
      RenderDeprecatedFlexibleBox {DIV} at (0,56) size 100x100 [bgcolor=#FF0000]
        RenderBlock {DIV} at (0,0) size 100x100 [bgcolor=#008000]
