layer at (0,0) size 800x600
  RenderView at (0,0) size 800x600
layer at (0,0) size 800x600
  RenderBlock {HTML} at (0,0) size 800x600
    RenderBody {BODY} at (8,8) size 784x584
      RenderBlock (anonymous) at (0,0) size 784x40
        RenderText {#text} at (0,0) size 765x39
          text run at (0,0) width 624: "You should see a green rectangle below that is 100 pixels tall and that fills the width of the content area. "
          text run at (624,0) width 141: "If you see any red, then"
          text run at (0,20) width 107: "the test has failed."
      RenderBlock {DIV} at (0,40) size 784x100 [bgcolor=#FF0000]
        RenderDeprecatedFlexibleBox {DIV} at (0,0) size 784x100 [bgcolor=#008000]
