layer at (0,0) size 800x600
  RenderView at (0,0) size 800x600
layer at (0,0) size 800x600
  RenderBlock {HTML} at (0,0) size 800x600
    RenderBody {BODY} at (8,8) size 784x584
      RenderBlock {P} at (0,0) size 784x80
        RenderText {#text} at (0,0) size 764x79
          text run at (0,0) width 431: "You should see a black box below that is the width of the content area. "
          text run at (431,0) width 243: "It contains alternating struts and springs. "
          text run at (674,0) width 82: "The struts are"
          text run at (0,20) width 220: "bordered in green and are inflexible. "
          text run at (220,20) width 544: "The springs are bordered in purple and should grow and shrink as you resize your browser"
          text run at (0,40) width 56: "window. "
          text run at (56,40) width 686: "The black box should get taller when you make your window wider and get shorter when you shrink your browser"
          text run at (0,60) width 52: "window."
      RenderDeprecatedFlexibleBox {DIV} at (0,96) size 784x56 [border: (2px solid #000000)]
        RenderDeprecatedFlexibleBox {DIV} at (6,6) size 38x44 [border: (2px solid #008000)]
          RenderBlock (anonymous) at (2,2) size 34x40
            RenderText {#text} at (0,0) size 34x19
              text run at (0,0) width 34: "Fixed"
        RenderDeprecatedFlexibleBox {DIV} at (48,6) size 199x44 [border: (2px solid #800080)]
          RenderBlock (anonymous) at (2,2) size 195x40
            RenderText {#text} at (0,0) size 181x39
              text run at (0,0) width 174: "This is a flexible block, and it"
              text run at (0,20) width 181: "will shrink or grow as needed."
        RenderDeprecatedFlexibleBox {DIV} at (250,6) size 39x44 [border: (2px solid #008000)]
          RenderBlock (anonymous) at (2,2) size 34x40
            RenderText {#text} at (0,0) size 34x19
              text run at (0,0) width 34: "Fixed"
        RenderDeprecatedFlexibleBox {DIV} at (292,6) size 200x44 [border: (2px solid #800080)]
          RenderBlock (anonymous) at (2,2) size 195x40
            RenderText {#text} at (0,0) size 181x39
              text run at (0,0) width 174: "This is a flexible block, and it"
              text run at (0,20) width 181: "will shrink or grow as needed."
        RenderDeprecatedFlexibleBox {DIV} at (495,6) size 39x44 [border: (2px solid #008000)]
          RenderBlock (anonymous) at (2,2) size 34x40
            RenderText {#text} at (0,0) size 34x19
              text run at (0,0) width 34: "Fixed"
        RenderDeprecatedFlexibleBox {DIV} at (537,6) size 199x44 [border: (2px solid #800080)]
          RenderBlock (anonymous) at (2,2) size 195x40
            RenderText {#text} at (0,0) size 181x39
              text run at (0,0) width 174: "This is a flexible block, and it"
              text run at (0,20) width 181: "will shrink or grow as needed."
        RenderDeprecatedFlexibleBox {DIV} at (740,6) size 38x44 [border: (2px solid #008000)]
          RenderBlock (anonymous) at (2,2) size 34x40
            RenderText {#text} at (0,0) size 34x19
              text run at (0,0) width 34: "Fixed"
