layer at (0,0) size 800x600
  RenderView at (0,0) size 800x600
layer at (0,0) size 800x600
  RenderBlock {HTML} at (0,0) size 800x600
    RenderBody {BODY} at (8,8) size 784x584
      RenderBlock {P} at (0,0) size 784x20
        RenderText {#text} at (0,0) size 582x19
          text run at (0,0) width 582: "You should see a single 100x100 green square below. If you see any red, then the test has failed."
      RenderDeprecatedFlexibleBox {DIV} at (0,36) size 300x100
        RenderDeprecatedFlexibleBox {DIV} at (0,0) size 100x100 [bgcolor=#FF0000]
          RenderDeprecatedFlexibleBox {DIV} at (0,0) size 0x100
          RenderBlock {DIV} at (0,0) size 100x100 [bgcolor=#008000]
          RenderDeprecatedFlexibleBox {DIV} at (100,0) size 0x100
