layer at (0,0) size 800x600
  RenderView at (0,0) size 800x600
layer at (0,0) size 800x600
  RenderBlock {HTML} at (0,0) size 800x600
    RenderBody {BODY} at (8,8) size 784x584
      RenderBlock {P} at (0,0) size 784x40
        RenderText {#text} at (0,0) size 764x39
          text run at (0,0) width 293: "You should see a 100x100 green square below. "
          text run at (293,0) width 227: "If you see any red, the test has failed. "
          text run at (520,0) width 244: "This test is checking for visibility:collapse"
          text run at (0,20) width 50: "support."
      RenderDeprecatedFlexibleBox {DIV} at (0,56) size 100x100 [bgcolor=#FF0000]
        RenderDeprecatedFlexibleBox {DIV} at (0,0) size 50x100
        RenderDeprecatedFlexibleBox {DIV} at (0,0) size 100x100 [bgcolor=#008000]
