EDITING DELEGATE: shouldBeginEditingInDOMRange:range from 0 of DIV > BODY > HTML > #document to 3 of DIV > BODY > HTML > #document
EDITING DELEGATE: shouldEndEditingInDOMRange:range from 0 of DIV > BODY > HTML > #document to 3 of DIV > BODY > HTML > #document
EDITING DELEGATE: webViewDidChangeSelection:WebViewDidChangeSelectionNotification
EDITING DELEGATE: webViewDidEndEditing:WebViewDidEndEditingNotification
EDITING DELEGATE: webViewDidChangeSelection:WebViewDidChangeSelectionNotification
layer at (0,0) size 800x600
  RenderView at (0,0) size 800x600
layer at (0,0) size 800x600
  RenderBlock {HTML} at (0,0) size 800x600
    RenderBody {BODY} at (8,8) size 784x584
      RenderBlock {DIV} at (0,0) size 784x254 [border: (4px solid #0000FF)]
        RenderBlock {DIV} at (20,20) size 744x74
          RenderText {#text} at (0,1) size 66x28
            text run at (0,1) width 66: "Tests: "
          RenderBR {BR} at (0,0) size 0x0
          RenderText {#text} at (0,30) size 655x21
            text run at (0,30) width 655: "Our ability to \"edit around\" content the HTML editing code does not yet handle very well. "
          RenderBR {BR} at (654,47) size 1x0
          RenderInline {I} at (0,0) size 98x21
            RenderText {#text} at (0,52) size 98x21
              text run at (0,52) width 98: "For this test: "
          RenderText {#text} at (97,52) size 388x21
            text run at (97,52) width 388: "Select and delete a list and some surrounding content."
        RenderBlock (anonymous) at (20,94) size 744x22
          RenderBR {BR} at (0,0) size 0x21
        RenderBlock {DIV} at (20,116) size 744x118
          RenderText {#text} at (0,1) size 190x28
            text run at (0,1) width 190: "Expected Results: "
          RenderBR {BR} at (189,23) size 1x0
          RenderText {#text} at (0,30) size 700x43
            text run at (0,30) width 700: "The content in the red box must exactly match the content in the green box (except for the border"
            text run at (0,52) width 52: "color). "
          RenderBR {BR} at (51,69) size 1x0
          RenderInline {I} at (0,0) size 98x21
            RenderText {#text} at (0,74) size 98x21
              text run at (0,74) width 98: "For this test: "
          RenderText {#text} at (97,74) size 736x43
            text run at (97,74) width 301: "Only selected content should get deleted. "
            text run at (397,74) width 339: "Surrounding content that is not selected should"
            text run at (0,96) width 199: "(obviously) not be affected."
      RenderBlock {DIV} at (0,264) size 784x34 [border: (2px solid #008000)]
        RenderText {#text} at (2,3) size 44x28
          text run at (2,3) width 44: "after"
      RenderBlock {DIV} at (0,308) size 784x202
        RenderBlock {DIV} at (0,0) size 784x202 [border: (2px solid #FF0000)]
          RenderBlock (anonymous) at (2,2) size 780x30
            RenderText {#text} at (0,1) size 62x28
              text run at (0,1) width 62: "before"
          RenderBlock {UL} at (2,56) size 780x90
            RenderListItem {LI} at (40,0) size 740x30
              RenderListMarker at (-22,1) size 9x28: bullet
              RenderText {#text} at (0,1) size 77x28
                text run at (0,1) width 77: "line one"
            RenderListItem {LI} at (40,30) size 740x30
              RenderListMarker at (-22,1) size 9x28: bullet
              RenderText {#text} at (0,1) size 78x28
                text run at (0,1) width 78: "line two"
            RenderListItem {LI} at (40,60) size 740x30
              RenderListMarker at (-22,1) size 9x28: bullet
              RenderText {#text} at (0,1) size 90x28
                text run at (0,1) width 90: "line three"
          RenderBlock (anonymous) at (2,170) size 780x30
            RenderText {#text} at (0,1) size 44x28
              text run at (0,1) width 44: "after"
