layer at (0,0) size 800x600
  RenderView at (0,0) size 800x600
layer at (0,0) size 800x39
  RenderBlock {HTML} at (0,0) size 800x39
    RenderBody {BODY} at (8,8) size 784x23
      RenderBlock {FORM} at (0,0) size 784x23
        RenderTextControl {INPUT} at (2,2) size 146x19 [bgcolor=#FFFFFF] [border: (2px inset #000000)]
          RenderFlexibleBox {DIV} at (3,3) size 140x13
            RenderBlock {DIV} at (0,0) size 140x13
        RenderText {#text} at (149,2) size 5x18
          text run at (149,2) width 5: " "
        RenderButton {INPUT} at (155,3) size 54x18 [bgcolor=#C0C0C0]
          RenderBlock (anonymous) at (8,2) size 37x13
            RenderText at (0,0) size 37x13
              text run at (0,0) width 37: "Submit"
        RenderText {#text} at (0,0) size 0x0
layer at (13,13) size 140x13
  RenderBlock {DIV} at (0,0) size 140x13
layer at (10,29) size 220x100
  RenderBlock (positioned) zI: 2147483647 {DIV} at (10,29) size 220x100
layer at (10,29) size 220x16 scrollHeight 25
  RenderBlock {DIV} at (0,0) size 220x16
layer at (10,41) size 220x84
  RenderFlexibleBox zI: 2147483644 {DIV} at (0,16) size 220x84 [border: (2px solid #440000)]
    RenderBlock {DIV} at (10,10) size 0x64
    RenderBlock {DIV} at (10,10) size 200x64
      RenderBlock {DIV} at (0,0) size 200x16
        RenderText {#text} at (0,0) size 104x16
          text run at (0,0) width 104: "Fill out this field"
      RenderBlock {DIV} at (0,16) size 200x48
        RenderText {#text} at (0,0) size 145x16
          text run at (0,0) width 145: "Needs at least 8 letters."
        RenderBR {BR} at (144,0) size 1x16
        RenderText {#text} at (0,16) size 192x32
          text run at (0,16) width 192: "Should not be identical with the"
          text run at (0,32) width 110: "current password."
layer at (42,29) size 18x18 backgroundClip at (10,29) size 220x16 clip at (10,29) size 220x16
  RenderBlock (relative positioned) zI: 2147483645 {DIV} at (0,0) size 18x18 [bgcolor=#F8ECEC] [border: (2px solid #440000) none (2px solid #440000)]
caret: position 0 of child 0 {DIV} of child 0 {DIV} of child 0 {DIV} of {#document-fragment} of child 1 {INPUT} of child 0 {FORM} of body
