EDITING DELEGATE: shouldBeginEditingInDOMRange:range from 0 of DIV > BODY > HTML > #document to 1 of DIV > BODY > HTML > #document
EDITING DELEGATE: webViewDidBeginEditing:WebViewDidBeginEditingNotification
EDITING DELEGATE: webViewDidChangeSelection:WebViewDidChangeSelectionNotification
EDITING DELEGATE: webViewDidChangeSelection:WebViewDidChangeSelectionNotification
EDITING DELEGATE: webViewDidChange:WebViewDidChangeNotification
layer at (0,0) size 800x600
  RenderView at (0,0) size 800x600
layer at (0,0) size 800x600
  RenderBlock {HTML} at (0,0) size 800x600
    RenderBody {BODY} at (8,8) size 784x584
      RenderBlock {P} at (0,0) size 784x40
        RenderText {#text} at (0,0) size 750x39
          text run at (0,0) width 362: "This tests inserting a paragraph separator before a table. "
          text run at (361,0) width 389: "There should be an empty paragraph before the table and the"
          text run at (0,20) width 232: "caret should be just before the table."
      RenderBlock {DIV} at (0,56) size 784x50
        RenderBlock (anonymous) at (0,0) size 784x20
          RenderBR {BR} at (0,0) size 0x19
        RenderTable {TABLE} at (0,20) size 32x30 [border: (1px outset #808080)]
          RenderTableSection {TBODY} at (1,1) size 30x28
            RenderTableRow {TR} at (0,2) size 30x24
              RenderTableCell {TD} at (2,2) size 26x24 [border: (1px inset #808080)] [r=0 c=0 rs=1 cs=1]
                RenderText {#text} at (2,2) size 22x19
                  text run at (2,2) width 22: "foo"
caret: position 0 of child 1 {TABLE} of child 2 {DIV} of body
