EDITING DELEGATE: shouldBeginEditingInDOMRange:range from 0 of BODY > HTML > #document to 8 of BODY > HTML > #document
EDITING DELEGATE: webViewDidBeginEditing:WebViewDidBeginEditingNotification
EDITING DELEGATE: webViewDidChangeSelection:WebViewDidChangeSelectionNotification
EDITING DELEGATE: webViewDidChangeSelection:WebViewDidChangeSelectionNotification
EDITING DELEGATE: webViewDidChangeSelection:WebViewDidChangeSelectionNotification
EDITING DELEGATE: webViewDidChangeSelection:WebViewDidChangeSelectionNotification
EDITING DELEGATE: webViewDidChangeSelection:WebViewDidChangeSelectionNotification
EDITING DELEGATE: webViewDidChangeSelection:WebViewDidChangeSelectionNotification
EDITING DELEGATE: webViewDidChange:WebViewDidChangeNotification
layer at (0,0) size 800x600
  RenderView at (0,0) size 800x600
layer at (0,0) size 800x600
  RenderBlock {HTML} at (0,0) size 800x600
    RenderBody {BODY} at (8,8) size 784x568
      RenderBlock (anonymous) at (0,0) size 784x60
        RenderText {#text} at (0,1) size 745x58
          text run at (0,1) width 739: "Test inserting paragraphs: should see an empty blue box above an empty line"
          text run at (738,1) width 7: " "
          text run at (0,31) width 235: "between \"foo\" and \"bar\""
      RenderBlock {DIV} at (0,60) size 784x36
      RenderBlock {P} at (0,120) size 784x58 [border: (2px solid #FF0000)]
        RenderText {#text} at (14,15) size 32x28
          text run at (14,15) width 32: "foo"
      RenderBlock {DIV} at (0,202) size 784x58 [border: (2px solid #0000FF)]
        RenderBR {BR} at (14,15) size 0x28
      RenderBlock (anonymous) at (0,260) size 784x30
        RenderBR {BR} at (0,1) size 0x28
      RenderBlock {P} at (0,314) size 784x58 [border: (2px solid #FF0000)]
        RenderText {#text} at (14,15) size 31x28
          text run at (14,15) width 31: "bar"
caret: position 0 of child 5 {BR} of body
