layer at (0,0) size 800x600
  RenderView at (0,0) size 800x600
layer at (0,0) size 800x600
  RenderBlock {HTML} at (0,0) size 800x600
    RenderBody {BODY} at (8,8) size 784x584
      RenderBlock {P} at (0,0) size 784x84
        RenderInline {RUBY} at (0,24) size 144x48
          RenderInline (generated) at (0,24) size 144x48
            RenderText {#text} at (12,24) size 120x48
              text run at (12,24) width 120: "\x{653B}\x{6BBB}"
          RenderBlock {RT} at (0,0) size 144x24
            RenderText {#text} at (0,0) size 144x24
              text run at (0,0) width 144: "\x{304D}\x{3069}\x{3046}\x{305F}\x{3044}\x{304D}"
          RenderInline (generated) at (144,24) size 0x48
            RenderText {#text} at (0,0) size 0x0
        RenderText {#text} at (0,0) size 0x0
      RenderBlock {P} at (0,100) size 784x84
        RenderInline {RUBY} at (0,24) size 192x48
          RenderInline (generated) at (0,24) size 192x48
            RenderText {#text} at (8,24) size 176x48
              text run at (8,24) width 176: "\x{6A5F}\x{52D5}\x{968A}"
          RenderBlock {RT} at (0,0) size 192x24
            RenderText {#text} at (0,0) size 192x24
              text run at (0,0) width 192: "\x{304D}\x{3069}\x{3046}\x{305F}\x{3044}\x{304D}\x{3069}\x{3046}"
          RenderInline (generated) at (192,24) size 0x48
            RenderText {#text} at (0,0) size 0x0
        RenderText {#text} at (0,0) size 0x0
      RenderBlock {DIV} at (0,200) size 216x292
        RenderBlock {P} at (16,0) size 84x292
          RenderInline {RUBY} at (24,0) size 48x144
            RenderInline (generated) at (24,0) size 48x144
              RenderText {#text} at (24,12) size 48x120
                text run at (24,12) width 120: "\x{653B}\x{6BBB}"
            RenderBlock {RT} at (0,0) size 24x144
              RenderText {#text} at (0,0) size 24x144
                text run at (0,0) width 144: "\x{304D}\x{3069}\x{3046}\x{305F}\x{3044}\x{304D}"
            RenderInline (generated) at (24,144) size 48x0
              RenderText {#text} at (0,0) size 0x0
          RenderText {#text} at (0,0) size 0x0
        RenderBlock {P} at (116,0) size 84x292
          RenderInline {RUBY} at (24,0) size 48x192
            RenderInline (generated) at (24,0) size 48x192
              RenderText {#text} at (24,8) size 48x176
                text run at (24,8) width 176: "\x{6A5F}\x{52D5}\x{968A}"
            RenderBlock {RT} at (0,0) size 24x192
              RenderText {#text} at (0,0) size 24x192
                text run at (0,0) width 192: "\x{304D}\x{3069}\x{3046}\x{305F}\x{3044}\x{304D}\x{3069}\x{3046}"
            RenderInline (generated) at (24,192) size 48x0
              RenderText {#text} at (0,0) size 0x0
          RenderText {#text} at (0,0) size 0x0
