layer at (0,0) size 800x600
  RenderView at (0,0) size 800x600
layer at (0,0) size 800x64
  RenderBlock {HTML} at (0,0) size 800x64
    RenderBody {BODY} at (8,8) size 784x48
      RenderInline {RUBY} at (0,5) size 499x38
        RenderInline (generated) at (0,5) size 52x38
          RenderText {#text} at (0,5) size 32x38
            text run at (0,5) width 32: "\x{4E16}"
        RenderBlock {RT} at (32,20) size 20x8
          RenderInline {RUBY} at (9,0) size 10x8
            RenderInline (generated) at (9,0) size 10x8
              RenderText {#text} at (1,0) size 10x8
                text run at (1,0) width 9: "\x{3115}"
            RenderBlock {RT} at (10,0) size 10x8
              RenderText {#text} at (0,2) size 10x4
                text run at (0,2) width 3: "\x{2CB}"
        RenderInline (generated) at (51,5) size 53x38
          RenderText {#text} at (51,5) size 33x38
            text run at (51,5) width 33: "\x{4E0A}"
        RenderBlock {RT} at (83,16) size 21x16
          RenderInline {RUBY} at (9,0) size 10x16
            RenderInline (generated) at (9,0) size 10x16
              RenderText {#text} at (1,0) size 10x16
                text run at (1,0) width 17: "\x{3115}\x{3124}"
            RenderBlock {RT} at (10,0) size 10x16
              RenderText {#text} at (0,6) size 10x4
                text run at (0,6) width 3: "\x{2CB}"
        RenderInline (generated) at (103,5) size 52x38
          RenderText {#text} at (103,5) size 33x38
            text run at (103,5) width 33: "\x{7121}"
        RenderBlock {RT} at (135,20) size 20x8
          RenderInline {RUBY} at (9,0) size 10x8
            RenderInline (generated) at (9,0) size 10x8
              RenderText {#text} at (1,0) size 10x8
                text run at (1,0) width 9: "\x{3128}"
            RenderBlock {RT} at (10,0) size 10x8
              RenderText {#text} at (0,2) size 10x4
                text run at (0,2) width 3: "\x{2CA}"
        RenderInline (generated) at (154,5) size 53x38
          RenderText {#text} at (154,5) size 33x38
            text run at (154,5) width 33: "\x{96E3}"
        RenderBlock {RT} at (186,16) size 21x16
          RenderInline {RUBY} at (9,0) size 10x16
            RenderInline (generated) at (9,0) size 10x16
              RenderText {#text} at (1,0) size 10x16
                text run at (1,0) width 17: "\x{310B}\x{3122}"
            RenderBlock {RT} at (10,0) size 10x16
              RenderText {#text} at (0,6) size 10x4
                text run at (0,6) width 3: "\x{2CA}"
        RenderInline (generated) at (206,5) size 52x38
          RenderText {#text} at (206,5) size 33x38
            text run at (206,5) width 33: "\x{4E8B}"
        RenderBlock {RT} at (238,20) size 20x8
          RenderInline {RUBY} at (9,0) size 10x8
            RenderInline (generated) at (9,0) size 10x8
              RenderText {#text} at (1,0) size 10x8
                text run at (1,0) width 9: "\x{3115}"
            RenderBlock {RT} at (10,0) size 10x8
              RenderText {#text} at (0,2) size 10x4
                text run at (0,2) width 3: "\x{2CB}"
        RenderInline (generated) at (257,5) size 44x38
          RenderText {#text} at (257,5) size 33x38
            text run at (257,5) width 33: "\x{53EA}"
        RenderBlock {RT} at (289,18) size 12x12
          RenderText {#text} at (1,0) size 10x11
            text run at (1,0) width 11: "\x{3113}\x{2C7}"
        RenderInline (generated) at (300,5) size 53x38
          RenderText {#text} at (300,5) size 33x38
            text run at (300,5) width 33: "\x{6015}"
        RenderBlock {RT} at (332,16) size 21x16
          RenderInline {RUBY} at (9,0) size 10x16
            RenderInline (generated) at (9,0) size 10x16
              RenderText {#text} at (1,0) size 10x16
                text run at (1,0) width 17: "\x{3106}\x{311A}"
            RenderBlock {RT} at (10,0) size 10x16
              RenderText {#text} at (0,6) size 10x4
                text run at (0,6) width 3: "\x{2CB}"
        RenderInline (generated) at (352,5) size 52x38
          RenderText {#text} at (352,5) size 33x38
            text run at (352,5) width 33: "\x{6709}"
        RenderBlock {RT} at (384,16) size 20x16
          RenderInline {RUBY} at (9,0) size 9x16
            RenderInline (generated) at (9,0) size 9x16
              RenderText {#text} at (1,0) size 10x16
                text run at (1,0) width 17: "\x{3127}\x{3121}"
            RenderBlock {RT} at (10,0) size 10x16
              RenderText {#text} at (0,6) size 9x4
                text run at (0,6) width 3: "\x{2C7}"
        RenderInline (generated) at (403,5) size 44x38
          RenderText {#text} at (403,5) size 33x38
            text run at (403,5) width 33: "\x{5FC3}"
        RenderBlock {RT} at (435,12) size 12x24
          RenderText {#text} at (1,0) size 10x24
            text run at (1,0) width 25: "\x{3112}\x{3127}\x{3123}"
        RenderInline (generated) at (446,5) size 53x38
          RenderText {#text} at (446,5) size 33x38
            text run at (446,5) width 33: "\x{4EBA}"
        RenderBlock {RT} at (478,16) size 21x16
          RenderInline {RUBY} at (9,0) size 10x16
            RenderInline (generated) at (9,0) size 10x16
              RenderText {#text} at (1,0) size 10x16
                text run at (1,0) width 17: "\x{3116}\x{3123}"
            RenderBlock {RT} at (10,0) size 10x16
              RenderText {#text} at (0,6) size 10x4
                text run at (0,6) width 3: "\x{2CA}"
