layer at (0,0) size 800x600
  RenderView at (0,0) size 800x600
layer at (0,0) size 800x600
  RenderBlock {HTML} at (0,0) size 800x600
    RenderBody {BODY} at (8,8) size 784x584
      RenderText {#text} at (0,0) size 765x36
        text run at (0,0) width 765: "This is a initial test for simple ruby. There should be 2 ruby annotations on below line, one with a ruby text shorter than"
        text run at (0,18) width 60: "the base, "
        text run at (59,18) width 293: "and one with a ruby text longer than the base."
      RenderBR {BR} at (351,18) size 1x18
      RenderBR {BR} at (0,36) size 0x18
      RenderText {#text} at (0,64) size 158x18
        text run at (0,64) width 158: "<ruby> is defined in the "
      RenderInline {RUBY} at (157,64) size 186x18
        RenderInline (generated) at (157,64) size 186x18
          RenderText {#text} at (157,64) size 186x18
            text run at (157,64) width 186: "Hypertext Markup Language"
        RenderBlock {RT} at (157,54) size 186x10
          RenderText {#text} at (77,0) size 31x10
            text run at (77,0) width 31: "HTML5"
      RenderText {#text} at (342,64) size 32x18
        text run at (342,64) width 32: " and "
      RenderInline {RUBY} at (373,64) size 85x18
        RenderInline (generated) at (369,64) size 85x18
          RenderText {#text} at (393,64) size 37x18
            text run at (393,64) width 37: "CSS3"
        RenderBlock {RT} at (369,54) size 85x10
          RenderText {#text} at (0,0) size 84x10
            text run at (0,0) width 84: "Cascading Style Sheets"
      RenderText {#text} at (448,64) size 44x18
        text run at (448,64) width 44: " specs."
