layer at (0,0) size 800x600
  RenderView at (0,0) size 800x600
layer at (0,0) size 800x600
  RenderBlock {HTML} at (0,0) size 800x600
    RenderBody {BODY} at (8,8) size 784x576
      RenderBlock {P} at (0,0) size 784x18
        RenderText {#text} at (0,0) size 505x18
          text run at (0,0) width 505: "The following is a test for having non-text inline elements as base in a <ruby>."
      RenderBlock {P} at (0,34) size 784x28
        RenderText {#text} at (0,10) size 158x18
          text run at (0,10) width 158: "<ruby> is defined in the "
        RenderInline {RUBY} at (157,10) size 129x18
          RenderInline (generated) at (152,10) size 40x18
            RenderInline {SPAN} at (161,10) size 22x18
              RenderText {#text} at (161,10) size 22x18
                text run at (161,10) width 22: "HT"
          RenderBlock {RT} at (152,0) size 40x10
            RenderText {#text} at (0,0) size 39x10
              text run at (0,0) width 39: "Hyper-text"
          RenderInline (generated) at (191,10) size 91x18
            RenderInline {SPAN} at (220,10) size 15x18
              RenderText {#text} at (220,10) size 15x18
                text run at (220,10) width 15: "M"
            RenderInline {SPAN} at (234,10) size 11x18
              RenderText {#text} at (234,10) size 11x18
                text run at (234,10) width 11: "L"
            RenderInline {SPAN} at (244,10) size 9x18
              RenderText {#text} at (244,10) size 9x18
                text run at (244,10) width 9: "5"
          RenderBlock {RT} at (191,0) size 91x10
            RenderText {#text} at (0,0) size 90x10
              text run at (0,0) width 90: "Markup Language Lvl. 5"
        RenderText {#text} at (276,10) size 38x18
          text run at (276,10) width 38: " spec."
