layer at (0,0) size 800x600
  RenderView at (0,0) size 800x600
layer at (0,0) size 800x600
  RenderBlock {HTML} at (0,0) size 800x600
    RenderBody {BODY} at (8,8) size 784x576
      RenderBlock (anonymous) at (0,0) size 784x36
        RenderText {#text} at (0,0) size 230x18
          text run at (0,0) width 230: "This is a test for multiple ruby runs."
        RenderBR {BR} at (229,0) size 1x18
        RenderBR {BR} at (0,18) size 0x18
      RenderBlock {P} at (0,52) size 784x28
        RenderText {#text} at (0,10) size 158x18
          text run at (0,10) width 158: "<ruby> is defined in the "
        RenderInline {RUBY} at (0,0) size 130x18
          RenderInline (generated) at (0,0) size 23x18
            RenderText {#text} at (158,10) size 12x18
              text run at (158,10) width 12: "H"
          RenderBlock {RT} at (152,0) size 24x10
            RenderText {#text} at (0,0) size 23x10
              text run at (0,0) width 23: "Hyper"
          RenderInline (generated) at (0,0) size 17x18
            RenderText {#text} at (178,10) size 10x18
              text run at (178,10) width 10: "T"
          RenderBlock {RT} at (175,0) size 16x10
            RenderText {#text} at (0,0) size 16x10
              text run at (0,0) width 16: "Text"
          RenderInline (generated) at (0,0) size 30x18
            RenderText {#text} at (198,10) size 15x18
              text run at (198,10) width 15: "M"
          RenderBlock {RT} at (191,0) size 29x10
            RenderText {#text} at (0,0) size 29x10
              text run at (0,0) width 29: "Markup"
          RenderInline (generated) at (0,0) size 36x18
            RenderText {#text} at (232,10) size 11x18
              text run at (232,10) width 11: "L"
          RenderBlock {RT} at (219,0) size 36x10
            RenderText {#text} at (0,0) size 36x10
              text run at (0,0) width 36: "Language"
          RenderInline (generated) at (0,0) size 28x18
            RenderText {#text} at (264,10) size 9x18
              text run at (264,10) width 9: "5"
          RenderBlock {RT} at (255,0) size 28x10
            RenderText {#text} at (0,0) size 28x10
              text run at (0,0) width 28: "Level 5"
        RenderText {#text} at (277,10) size 44x18
          text run at (277,10) width 44: " specs."
