layer at (0,0) size 800x600
  RenderView at (0,0) size 800x600
layer at (0,0) size 800x600
  RenderBlock {HTML} at (0,0) size 800x600
    RenderBody {BODY} at (8,8) size 784x576
      RenderBlock {P} at (0,0) size 784x18
        RenderText {#text} at (0,0) size 670x18
          text run at (0,0) width 670: "The following is a test for DOM manipulation within <ruby>: Inserting a new text before a <rt> element"
      RenderBlock {P} at (0,34) size 784x18
        RenderText {#text} at (0,0) size 448x18
          text run at (0,0) width 448: "Both lines should look identical (the first line is the one manipulated)."
      RenderBlock (anonymous) at (0,68) size 784x36
        RenderBR {BR} at (0,0) size 0x18
        RenderBR {BR} at (0,18) size 0x18
      RenderBlock {P} at (0,120) size 784x28
        RenderText {#text} at (0,10) size 158x18
          text run at (0,10) width 158: "<ruby> is defined in the "
        RenderInline {RUBY} at (0,0) size 114x18
          RenderInline (generated) at (0,0) size 40x18
            RenderText {#text} at (161,10) size 22x18
              text run at (161,10) width 22: "HT"
          RenderBlock {RT} at (152,0) size 40x10
            RenderText {#text} at (0,0) size 39x10
              text run at (0,0) width 39: "Hyper-text"
          RenderInline (generated) at (0,0) size 67x18
            RenderText {#text} at (212,10) size 25x18
              text run at (212,10) width 25: "ML"
          RenderBlock {RT} at (191,0) size 67x10
            RenderText {#text} at (0,0) size 67x10
              text run at (0,0) width 67: "Markup Language"
          RenderInline (generated) at (0,0) size 9x18
            RenderText {#text} at (257,10) size 9x18
              text run at (257,10) width 9: "5"
        RenderText {#text} at (265,10) size 38x18
          text run at (265,10) width 38: " spec."
      RenderBlock {P} at (0,164) size 784x28
        RenderText {#text} at (0,10) size 158x18
          text run at (0,10) width 158: "<ruby> is defined in the "
        RenderInline {RUBY} at (0,0) size 114x18
          RenderInline (generated) at (0,0) size 40x18
            RenderText {#text} at (161,10) size 22x18
              text run at (161,10) width 22: "HT"
          RenderBlock {RT} at (152,0) size 40x10
            RenderText {#text} at (0,0) size 39x10
              text run at (0,0) width 39: "Hyper-text"
          RenderInline (generated) at (0,0) size 67x18
            RenderText {#text} at (212,10) size 25x18
              text run at (212,10) width 25: "ML"
          RenderBlock {RT} at (191,0) size 67x10
            RenderText {#text} at (0,0) size 67x10
              text run at (0,0) width 67: "Markup Language"
          RenderInline (generated) at (0,0) size 9x18
            RenderText {#text} at (257,10) size 9x18
              text run at (257,10) width 9: "5"
        RenderText {#text} at (265,10) size 38x18
          text run at (265,10) width 38: " spec."
