layer at (0,0) size 800x600
  RenderView at (0,0) size 800x600
layer at (0,0) size 800x600
  RenderBlock {HTML} at (0,0) size 800x600
    RenderBody {BODY} at (8,8) size 784x584
      RenderBlock (anonymous) at (0,0) size 784x54
        RenderText {#text} at (0,0) size 772x36
          text run at (0,0) width 772: "Test that <ruby> rendered as inline-table (or somesuch) is not affected by ruby rendering. Both <div> below should look"
          text run at (0,18) width 61: "the same."
        RenderBR {BR} at (60,18) size 1x18
        RenderBR {BR} at (0,36) size 0x18
      RenderBlock {DIV} at (3,57) size 778x47 [bgcolor=#FFFFDD] [border: (1px solid #000000)]
        RenderText {#text} at (9,19) size 227x18
          text run at (9,19) width 227: "This is some XHTML1.1 text with "
        RenderTable {SPAN} at (235,9) size 39x28
          RenderTableSection {SPAN} at (0,10) size 39x18
            RenderTableRow (anonymous) at (0,0) size 39x18
              RenderTableCell (anonymous) at (0,0) size 39x18 [r=0 c=0 rs=1 cs=1]
                RenderText {#text} at (1,0) size 36x18
                  text run at (1,0) width 36: "Ruby"
          RenderTableSection {SPAN} at (0,0) size 39x10
            RenderTableRow (anonymous) at (0,0) size 39x10
              RenderTableCell (anonymous) at (0,0) size 39x10 [r=0 c=0 rs=1 cs=1]
                RenderText {#text} at (0,0) size 39x10
                  text run at (0,0) width 39: "guide text"
        RenderText {#text} at (273,19) size 58x18
          text run at (273,19) width 58: " markup."
      RenderBlock (anonymous) at (0,106) size 784x19
        RenderBR {BR} at (0,0) size 0x18
      RenderBlock {DIV} at (3,127) size 778x47 [bgcolor=#FFFFDD] [border: (1px solid #000000)]
        RenderText {#text} at (9,19) size 227x18
          text run at (9,19) width 227: "This is some XHTML1.1 text with "
        RenderTable {RUBY} at (235,9) size 39x28
          RenderTableSection {RB} at (0,10) size 39x18
            RenderTableRow (anonymous) at (0,0) size 39x18
              RenderTableCell (anonymous) at (0,0) size 39x18 [r=0 c=0 rs=1 cs=1]
                RenderText {#text} at (1,0) size 36x18
                  text run at (1,0) width 36: "Ruby"
          RenderTableSection {RT} at (0,0) size 39x10
            RenderTableRow (anonymous) at (0,0) size 39x10
              RenderTableCell (anonymous) at (0,0) size 39x10 [r=0 c=0 rs=1 cs=1]
                RenderText {#text} at (0,0) size 39x10
                  text run at (0,0) width 39: "guide text"
        RenderText {#text} at (273,19) size 58x18
          text run at (273,19) width 58: " markup."
