layer at (0,0) size 800x600
  RenderView at (0,0) size 800x600
layer at (0,0) size 800x600
  RenderBlock {HTML} at (0,0) size 800x600
    RenderBody {BODY} at (8,8) size 784x584
      RenderBlock (anonymous) at (0,0) size 784x72
        RenderText {#text} at (0,0) size 784x54
          text run at (0,0) width 767: "This is a test for multiple ruby runs and line breaks. There is a div with a blue border and 10px padding. This contains a"
          text run at (0,18) width 507: "single <ruby> markup in the text contained in the block, broken across 2 lines. "
          text run at (506,18) width 278: "Part of it should be on the first line, the rest"
          text run at (0,36) width 109: "on the other line."
        RenderBR {BR} at (108,36) size 1x18
        RenderBR {BR} at (0,54) size 0x18
      RenderBlock {DIV} at (0,72) size 284x80 [border: (2px solid #0000FF)]
        RenderText {#text} at (12,22) size 158x18
          text run at (12,22) width 158: "<ruby> is defined in the "
        RenderInline {RUBY} at (12,22) size 279x46
          RenderInline (generated) at (164,22) size 24x18
            RenderText {#text} at (170,22) size 12x18
              text run at (170,22) width 12: "H"
          RenderBlock {RT} at (164,12) size 24x10
            RenderText {#text} at (0,0) size 23x10
              text run at (0,0) width 23: "Hyper"
          RenderInline (generated) at (187,22) size 16x18
            RenderText {#text} at (190,22) size 10x18
              text run at (190,22) width 10: "T"
          RenderBlock {RT} at (187,12) size 16x10
            RenderText {#text} at (0,0) size 16x10
              text run at (0,0) width 16: "Text"
          RenderInline (generated) at (203,22) size 29x18
            RenderText {#text} at (210,22) size 15x18
              text run at (210,22) width 15: "M"
          RenderBlock {RT} at (203,12) size 29x10
            RenderText {#text} at (0,0) size 29x10
              text run at (0,0) width 29: "Markup"
          RenderInline (generated) at (231,22) size 36x18
            RenderText {#text} at (244,22) size 11x18
              text run at (244,22) width 11: "L"
          RenderBlock {RT} at (231,12) size 36x10
            RenderText {#text} at (0,0) size 36x10
              text run at (0,0) width 36: "Language"
          RenderInline (generated) at (12,50) size 28x18
            RenderText {#text} at (21,50) size 9x18
              text run at (21,50) width 9: "5"
          RenderBlock {RT} at (12,40) size 28x10
            RenderText {#text} at (0,0) size 28x10
              text run at (0,0) width 28: "Level 5"
        RenderText {#text} at (34,50) size 44x18
          text run at (34,50) width 44: " specs."
