layer at (0,0) size 800x600
  RenderView at (0,0) size 800x600
layer at (0,0) size 800x600
  RenderBlock {HTML} at (0,0) size 800x600
    RenderBody {BODY} at (8,8) size 784x576
      RenderBlock {P} at (0,0) size 784x18
        RenderText {#text} at (0,0) size 745x18
          text run at (0,0) width 745: "The following is a test for DOM manipulation within <ruby>: Removing a ruby base object, leaving the base empty."
      RenderBlock {P} at (0,34) size 784x18
        RenderText {#text} at (0,0) size 448x18
          text run at (0,0) width 448: "Both lines should look identical (the first line is the one manipulated)."
      RenderBlock (anonymous) at (0,68) size 784x36
        RenderBR {BR} at (0,0) size 0x18
        RenderBR {BR} at (0,18) size 0x18
      RenderBlock {P} at (0,120) size 784x18
        RenderText {#text} at (0,0) size 158x18
          text run at (0,0) width 158: "<ruby> is defined in the "
        RenderRuby (inline) {RUBY} at (0,0) size 116x18
          RenderRubyRun (anonymous) at (157,16) size 108x0
            RenderRubyText {RT} at (0,-10) size 108x10
              RenderText {#text} at (0,0) size 108x10
                text run at (0,0) width 108: "Hyper-text Markup Language"
            RenderRubyBase (anonymous) at (0,0) size 108x0
          RenderRubyRun (anonymous) at (264,0) size 9x18
            RenderRubyBase (anonymous) at (0,0) size 8x18
              RenderText {#text} at (0,0) size 8x18
                text run at (0,0) width 8: "5"
        RenderText {#text} at (272,0) size 37x18
          text run at (272,0) width 37: " spec."
      RenderBlock {P} at (0,154) size 784x18
        RenderText {#text} at (0,0) size 158x18
          text run at (0,0) width 158: "<ruby> is defined in the "
        RenderRuby (inline) {RUBY} at (0,0) size 116x18
          RenderRubyRun (anonymous) at (157,16) size 108x0
            RenderRubyText {RT} at (0,-10) size 108x10
              RenderText {#text} at (0,0) size 108x10
                text run at (0,0) width 108: "Hyper-text Markup Language"
          RenderRubyRun (anonymous) at (264,0) size 9x18
            RenderRubyBase (anonymous) at (0,0) size 8x18
              RenderText {#text} at (0,0) size 8x18
                text run at (0,0) width 8: "5"
        RenderText {#text} at (272,0) size 37x18
          text run at (272,0) width 37: " spec."
