layer at (0,0) size 800x600
  RenderView at (0,0) size 800x600
layer at (0,0) size 800x600
  RenderBlock {HTML} at (0,0) size 800x600
    RenderBody {BODY} at (8,8) size 784x584
      RenderBlock {DIV} at (2,2) size 80x194 [border: (1px solid #000000)]
        RenderText {#text} at (3,10) size 64x18
          text run at (3,10) width 64: "Line One."
        RenderBR {BR} at (67,24) size 0x0
        RenderText {#text} at (3,42) size 67x18
          text run at (3,42) width 67: "Line Two."
        RenderBR {BR} at (70,56) size 0x0
        RenderRuby (inline) {RUBY} at (0,0) size 74x18
          RenderRubyRun (anonymous) at (3,81) size 74x32
            RenderRubyText {RT} at (0,-21) size 74x28
              RenderText {#text} at (31,0) size 12x28
                text run at (31,0) width 12: "3"
            RenderRubyBase (anonymous) at (0,0) size 74x32
              RenderText {#text} at (0,7) size 74x18
                text run at (0,7) width 74: "Line Three."
        RenderBR {BR} at (77,102) size 0x0
        RenderRuby (inline) {RUBY} at (0,0) size 67x18
          RenderRubyRun (anonymous) at (3,127) size 67x32
            RenderRubyText {RT} at (0,-21) size 67x28
              RenderText {#text} at (27,0) size 12x28
                text run at (27,0) width 12: "4"
            RenderRubyBase (anonymous) at (0,0) size 67x32
              RenderText {#text} at (0,7) size 67x18
                text run at (0,7) width 67: "Line Four."
        RenderBR {BR} at (70,148) size 0x0
        RenderText {#text} at (3,166) size 65x18
          text run at (3,166) width 65: "Line Five."
      RenderText {#text} at (0,0) size 0x0
