layer at (0,0) size 800x600
  RenderView at (0,0) size 800x600
layer at (0,0) size 800x600
  RenderBlock {HTML} at (0,0) size 800x600
    RenderBody {BODY} at (8,8) size 784x576
      RenderBlock {P} at (0,0) size 784x18
        RenderText {#text} at (0,0) size 462x18
          text run at (0,0) width 462: "The following is a test for having a <rt> immediately following another."
      RenderBlock (anonymous) at (0,34) size 784x36
        RenderBR {BR} at (0,0) size 0x18
        RenderBR {BR} at (0,18) size 0x18
      RenderBlock {P} at (0,86) size 784x28
        RenderText {#text} at (0,10) size 83x18
          text run at (0,10) width 83: "<ruby> uses "
        RenderInline {RUBY} at (82,10) size 43x18
          RenderInline (generated) at (82,10) size 29x18
            RenderText {#text} at (82,10) size 29x18
              text run at (82,10) width 29: "<rt>"
          RenderBlock {RT} at (82,0) size 29x10
            RenderText {#text} at (5,0) size 18x10
              text run at (5,0) width 18: "ruby"
          RenderInline (generated) at (110,10) size 15x18
          RenderBlock {RT} at (110,0) size 15x10
            RenderText {#text} at (0,0) size 14x10
              text run at (0,0) width 14: "text"
        RenderText {#text} at (124,10) size 167x18
          text run at (124,10) width 167: " to contain the annotation."
