layer at (0,0) size 800x600
  RenderView at (0,0) size 800x600
layer at (0,0) size 800x87
  RenderBlock {HTML} at (0,0) size 800x87
    RenderBody {BODY} at (16,16) size 768x55 [color=#0000FF]
      RenderRuby (inline) {RUBY} at (0,0) size 209x37
        RenderRubyRun (anonymous) at (0,18) size 187x37
          RenderRubyText {RT} at (0,-18) size 187x18
            RenderInline (generated) at (0,0) size 62x18
              RenderText at (0,0) size 62x18
                text run at (0,0) width 62: "BEFORE"
            RenderText {#text} at (61,0) size 75x18
              text run at (61,0) width 75: "CONTENT"
            RenderInline (generated) at (0,0) size 51x18
              RenderText at (136,0) size 51x18
                text run at (136,0) width 51: "AFTER"
          RenderRubyBase (anonymous) at (0,0) size 187x37
            RenderText {#text} at (81,0) size 24x37
              text run at (81,0) width 24: "A"
        RenderRubyRun (anonymous) at (186,18) size 23x37
          RenderRubyBase (anonymous) at (0,0) size 22x37
            RenderText {#text} at (0,0) size 22x37
              text run at (0,0) width 22: "B"
      RenderText {#text} at (0,0) size 0x0
      RenderText {#text} at (0,0) size 0x0
