layer at (0,0) size 800x600
  RenderView at (0,0) size 800x600
layer at (0,0) size 800x600
  RenderBlock {HTML} at (0,0) size 800x600
    RenderBody {BODY} at (8,8) size 784x576
      RenderBlock {P} at (0,0) size 784x18
        RenderText {#text} at (0,0) size 775x18
          text run at (0,0) width 775: "The following is a test for DOM manipulation within <ruby>: Removing a ruby base object, leaving the base non-empty."
      RenderBlock {P} at (0,34) size 784x18
        RenderText {#text} at (0,0) size 448x18
          text run at (0,0) width 448: "Both lines should look identical (the first line is the one manipulated)."
      RenderBlock (anonymous) at (0,68) size 784x36
        RenderBR {BR} at (0,0) size 0x18
        RenderBR {BR} at (0,18) size 0x18
      RenderBlock {P} at (0,120) size 784x28
        RenderText {#text} at (0,10) size 158x18
          text run at (0,10) width 158: "<ruby> is defined in the "
        RenderInline {RUBY} at (0,0) size 116x18
          RenderInline (generated) at (0,0) size 108x18
            RenderInline {SPAN} at (0,0) size 46x18
              RenderText {#text} at (183,10) size 46x18
                text run at (183,10) width 46: "HTML"
          RenderBlock {RT} at (152,0) size 108x10
            RenderText {#text} at (0,0) size 108x10
              text run at (0,0) width 108: "Hyper-text Markup Language"
          RenderInline (generated) at (0,0) size 9x18
            RenderText {#text} at (259,10) size 9x18
              text run at (259,10) width 9: "5"
        RenderText {#text} at (267,10) size 38x18
          text run at (267,10) width 38: " spec."
      RenderBlock {P} at (0,164) size 784x28
        RenderText {#text} at (0,10) size 158x18
          text run at (0,10) width 158: "<ruby> is defined in the "
        RenderInline {RUBY} at (0,0) size 116x18
          RenderInline (generated) at (0,0) size 108x18
            RenderInline {SPAN} at (0,0) size 46x18
              RenderText {#text} at (183,10) size 46x18
                text run at (183,10) width 46: "HTML"
          RenderBlock {RT} at (152,0) size 108x10
            RenderText {#text} at (0,0) size 108x10
              text run at (0,0) width 108: "Hyper-text Markup Language"
          RenderInline (generated) at (0,0) size 9x18
            RenderText {#text} at (259,10) size 9x18
              text run at (259,10) width 9: "5"
        RenderText {#text} at (267,10) size 38x18
          text run at (267,10) width 38: " spec."
