layer at (0,0) size 800x600
  RenderView at (0,0) size 800x600
layer at (0,0) size 800x90
  RenderBlock {HTML} at (0,0) size 800x90
    RenderBody {BODY} at (8,16) size 784x58
      RenderBlock {UL} at (0,0) size 784x58
        RenderListItem {LI} at (40,0) size 744x58
          RenderBlock {FORM} at (0,0) size 744x24
            RenderBlock {P} at (0,0) size 744x24
              RenderListMarker at (-17,3) size 7x17: bullet
              RenderTextControl {INPUT} at (0,0) size 333x24 [bgcolor=#FFFFFF] [border: (2px inset #000000)]
              RenderText {#text} at (0,0) size 0x0
          RenderBlock {P} at (0,40) size 744x18
            RenderText {#text} at (0,0) size 332x17
              text run at (0,0) width 332: "There should be an input field above this line of text."
layer at (51,19) size 327x18
  RenderBlock {DIV} at (3,3) size 327x18
    RenderText {#text} at (0,0) size 67x17
      text run at (0,0) width 67: "blah blubb"
