layer at (0,0) size 800x600
  RenderView at (0,0) size 800x600
layer at (0,0) size 800x600
  RenderBlock {HTML} at (0,0) size 800x600
    RenderBody {BODY} at (8,8) size 784x584
layer at (44,8) size 748x584
  RenderBlock {DIV} at (0,0) size 748x584 [border: (5px solid #000000)]
    RenderMultiColumnSet at (5,15) size 738x554
layer at (-1409,23) size 2196x174 backgroundClip at (0,0) size 800x600 clip at (0,0) size 800x600
  RenderMultiColumnFlowThread at (5,15) size 2196x174
    RenderText {#text} at (0,0) size 2196x174
      text run at (0,0) width 139: "Lorem ipsum dolor sit"
      text run at (18,0) width 116: "amet, consectetuer"
      text run at (36,0) width 172: "adipiscing elit. Nulla varius"
      text run at (54,0) width 137: "enim ac mi. Curabitur"
      text run at (72,0) width 173: "sollicitudin felis quis lectus."
      text run at (90,0) width 121: "Quisque adipiscing"
      text run at (108,0) width 156: "rhoncus sem. Proin nulla"
      text run at (126,0) width 170: "purus, vulputate vel, varius"
      text run at (144,0) width 150: "ut, euismod et, nisi. Sed"
      text run at (162,0) width 158: "vitae felis vel orci sagittis"
      text run at (180,0) width 147: "aliquam. Cras convallis"
      text run at (198,0) width 132: "adipiscing sem. Nam"
      text run at (216,0) width 154: "nonummy enim. Nullam"
      text run at (234,0) width 160: "bibendum lobortis neque."
      text run at (252,0) width 136: "Vestibulum velit orci,"
      text run at (270,0) width 158: "tempus euismod, pretium"
      text run at (288,0) width 167: "quis, interdum vitae, nulla."
      text run at (306,0) width 172: "Phasellus eget ante et tortor"
      text run at (324,0) width 163: "condimentum vestibulum."
      text run at (342,0) width 137: "Suspendisse hendrerit"
      text run at (360,0) width 165: "quam nec felis. Sed varius"
      text run at (378,0) width 153: "turpis vitae pede. Lorem"
      text run at (396,0) width 131: "ipsum dolor sit amet,"
      text run at (414,0) width 173: "consectetuer adipiscing elit."
      text run at (432,0) width 153: "Proin bibendum justo ac"
      text run at (450,0) width 149: "enim. Class aptent taciti"
      text run at (468,0) width 166: "sociosqu ad litora torquent"
      text run at (486,0) width 144: "per conubia nostra, per"
      text run at (504,0) width 159: "inceptos hymenaeos. Sed"
      text run at (522,0) width 174: "leo nulla, rutrum eu, dictum"
      text run at (540,0) width 166: "ut, posuere vel, arcu. Nam"
      text run at (558,0) width 115: "libero. Morbi orci."
      text run at (576,0) width 149: "Maecenas pellentesque."
      text run at (594,0) width 118: "Curabitur erat erat,"
      text run at (612,0) width 145: "ullamcorper at, gravida"
      text run at (630,0) width 143: "vitae, iaculis vitae, elit."
      text run at (648,0) width 147: "Nullam quam. Quisque"
      text run at (666,0) width 170: "orci lectus, ullamcorper eu,"
      text run at (684,0) width 173: "imperdiet sed, accumsan et,"
      text run at (702,0) width 138: "ligula. Duis diam nisl,"
      text run at (720,0) width 164: "sagittis a, blandit volutpat,"
      text run at (738,0) width 120: "interdum sed, velit."
      text run at (756,0) width 166: "Vestibulum quam. Nulla a"
      text run at (774,0) width 151: "purus. Phasellus semper"
      text run at (792,0) width 128: "semper lectus. Nulla"
      text run at (810,0) width 138: "porttitor, dolor dictum"
      text run at (828,0) width 145: "scelerisque luctus, velit"
      text run at (846,0) width 157: "ipsum lobortis mauris, ac"
      text run at (864,0) width 141: "pretium enim nunc vel"
      text run at (882,0) width 158: "risus. Proin gravida mi ut"
      text run at (900,0) width 155: "sem cursus mattis. Fusce"
      text run at (918,0) width 143: "laoreet, nisi quis luctus"
      text run at (936,0) width 120: "volutpat, arcu pede"
      text run at (954,0) width 120: "tincidunt enim, nec"
      text run at (972,0) width 143: "malesuada urna nisl eu"
      text run at (990,0) width 138: "enim. Vivamus varius"
      text run at (1008,0) width 99: "augue ac purus."
      text run at (1026,0) width 150: "Vestibulum vestibulum."
      text run at (1044,0) width 159: "Phasellus et est vitae ante"
      text run at (1062,0) width 163: "accumsan rhoncus. Morbi"
      text run at (1080,0) width 166: "convallis, arcu at hendrerit"
      text run at (1098,0) width 115: "gravida, sem diam"
      text run at (1116,0) width 168: "dignissim risus, sed aliquet"
      text run at (1134,0) width 166: "erat mi ut mi. Nunc cursus"
      text run at (1152,0) width 137: "lacinia elit. Nunc nisi."
      text run at (1170,0) width 99: "Quisque at erat."
      text run at (1188,0) width 159: "Vestibulum dictum quam"
      text run at (1206,0) width 169: "vitae nibh. Nunc vitae ante"
      text run at (1224,0) width 167: "non odio interdum blandit."
      text run at (1242,0) width 126: "Curabitur leo quam,"
      text run at (1260,0) width 164: "fermentum sed, feugiat in,"
      text run at (1278,0) width 131: "ullamcorper id, nibh."
      text run at (1296,0) width 155: "Suspendisse ac turpis. In"
      text run at (1314,0) width 141: "iaculis sollicitudin dui."
      text run at (1332,0) width 157: "Aenean vitae lectus vitae"
      text run at (1350,0) width 113: "nulla pellentesque"
      text run at (1368,0) width 163: "sollicitudin. Nunc gravida"
      text run at (1386,0) width 172: "pharetra lectus. Etiam lacus"
      text run at (1404,0) width 159: "ligula, placerat ut, dictum"
      text run at (1422,0) width 147: "vitae, tempus vel, risus."
      text run at (1440,0) width 144: "Cras rhoncus. Praesent"
      text run at (1458,0) width 169: "varius ultricies orci. Donec"
      text run at (1476,0) width 143: "mattis, neque ut ornare"
      text run at (1494,0) width 168: "fringilla, ante urna placerat"
      text run at (1512,0) width 146: "eros, vel commodo nisi"
      text run at (1530,0) width 143: "tortor ut mauris. Morbi"
      text run at (1548,0) width 173: "magna dui, sagittis sit amet,"
      text run at (1566,0) width 147: "tincidunt et, elementum"
      text run at (1584,0) width 170: "eget, quam. Fusce molestie"
      text run at (1602,0) width 174: "nisl vitae nisi. Vestibulum a"
      text run at (1620,0) width 137: "sapien. Phasellus ante"
      text run at (1638,0) width 169: "lacus, vehicula non, cursus"
      text run at (1656,0) width 129: "a, tempor ut, magna."
      text run at (1674,0) width 169: "Suspendisse potenti. Fusce"
      text run at (1692,0) width 126: "aliquet, odio viverra"
      text run at (1710,0) width 144: "vulputate dictum, enim"
      text run at (1728,0) width 128: "odio luctus purus, ut"
      text run at (1746,0) width 171: "scelerisque quam nulla non"
      text run at (1764,0) width 137: "est. Donec eros lacus,"
      text run at (1782,0) width 162: "egestas vitae, lacinia quis,"
      text run at (1800,0) width 159: "tempor quis, pede. Morbi"
      text run at (1818,0) width 163: "orci erat, iaculis id, ornare"
      text run at (1836,0) width 143: "ac, elementum at, sem."
      text run at (1854,0) width 159: "Nunc ornare sodales nisi."
      text run at (1872,0) width 166: "Morbi interdum commodo"
      text run at (1890,0) width 155: "nisl. Fusce eget eros non"
      text run at (1908,0) width 149: "nisi ornare facilisis. Sed"
      text run at (1926,0) width 155: "placerat, est non posuere"
      text run at (1944,0) width 121: "posuere, purus sem"
      text run at (1962,0) width 163: "dignissim libero, a viverra"
      text run at (1980,0) width 170: "tellus dolor vel lorem. Cras"
      text run at (1998,0) width 136: "augue. Etiam ultricies"
      text run at (2016,0) width 165: "consequat odio. Mauris ac"
      text run at (2034,0) width 138: "libero. Etiam posuere,"
      text run at (2052,0) width 127: "libero vitae euismod"
      text run at (2070,0) width 169: "gravida, urna elit imperdiet"
      text run at (2088,0) width 166: "magna, vel cursus elit felis"
      text run at (2106,0) width 148: "non mauris. Donec orci"
      text run at (2124,0) width 167: "erat, porta id, dignissim ut,"
      text run at (2142,0) width 127: "posuere dictum, leo."
      text run at (2160,0) width 150: "Suspendisse scelerisque"
      text run at (2178,0) width 84: "egestas nulla."
