layer at (0,0) size 785x1508
  RenderView at (0,0) size 785x600
layer at (429,0) size 356x600
  RenderBlock {HTML} at (0,0) size 356x600
layer at (437,8) size 340x1500
  RenderBody {BODY} at (8,8) size 340x1500
    RenderMultiColumnSet at (0,0) size 340x1500
layer at (-243,8) size 1020x479 backgroundClip at (0,0) size 785x1508 clip at (0,0) size 785x1508
  RenderMultiColumnFlowThread at (0,0) size 1020x479
    RenderBlock {DIV} at (19,0) size 57x479 [bgcolor=#00FFFF]
      RenderBlock (floating) {DIV} at (4,4) size 521x241 [bgcolor=#FFFF00]
        RenderImage {IMG} at (0,0) size 133x70
        RenderText {#text} at (0,70) size 144x167
          text run at (0,70) width 96: "You've already"
          text run at (18,70) width 153: "downloaded a build. All"
          text run at (36,70) width 162: "you have to do is use it as"
          text run at (54,70) width 146: "your everyday browser"
          text run at (72,70) width 152: "and mail/news reader. If"
          text run at (90,70) width 153: "you downloaded a build"
          text run at (108,70) width 167: "with Talkback, please turn"
          text run at (126,70) width 114: "it on when it asks."
        RenderBlock (floating) {DIV} at (144,157) size 376x83 [bgcolor=#FF0000]
          RenderBlock {P} at (16,0) size 18x82
            RenderText {#text} at (0,0) size 18x74
              text run at (0,0) width 74: "Hola hola 1"
          RenderBlock {P} at (50,0) size 18x82
            RenderText {#text} at (0,0) size 18x74
              text run at (0,0) width 74: "Hola hola 2"
          RenderBlock {P} at (84,0) size 18x82
            RenderText {#text} at (0,0) size 18x74
              text run at (0,0) width 74: "Hola hola 3"
          RenderBlock {P} at (118,0) size 18x82
            RenderText {#text} at (0,0) size 18x74
              text run at (0,0) width 74: "Hola hola 4"
          RenderBlock {P} at (152,0) size 18x82
            RenderText {#text} at (0,0) size 18x74
              text run at (0,0) width 74: "Hola hola 5"
          RenderBlock {P} at (171,0) size 19x82
            RenderText {#text} at (0,0) size 18x74
              text run at (0,0) width 74: "Hola hola 6"
          RenderBlock {P} at (205,0) size 19x82
            RenderText {#text} at (0,0) size 18x74
              text run at (0,0) width 74: "Hola hola 7"
          RenderBlock {P} at (239,0) size 19x82
            RenderText {#text} at (0,0) size 18x74
              text run at (0,0) width 74: "Hola hola 8"
          RenderBlock {P} at (273,0) size 19x82
            RenderText {#text} at (0,0) size 18x74
              text run at (0,0) width 74: "Hola hola 9"
          RenderBlock {P} at (307,0) size 19x82
            RenderText {#text} at (0,0) size 18x82
              text run at (0,0) width 82: "Hola hola 10"
          RenderBlock {P} at (341,0) size 19x82
            RenderText {#text} at (0,0) size 18x82
              text run at (0,0) width 82: "Hola hola 11"
        RenderText {#text} at (144,0) size 108x155
          text run at (144,0) width 155: "Talkback reports give us"
          text run at (162,0) width 142: "really valuable data on"
          text run at (180,0) width 135: "which crashes are the"
          text run at (198,0) width 141: "most serious, and how"
          text run at (216,0) width 101: "often people are"
          text run at (234,0) width 121: "encountering them."
      RenderBlock (floating) {DIV} at (0,395) size 322x84 [bgcolor=#FF00FF]
        RenderBlock {P} at (16,0) size 18x83
          RenderText {#text} at (0,0) size 18x83
            text run at (0,0) width 83: "Hello Kitty 1"
        RenderBlock {P} at (50,0) size 18x83
          RenderText {#text} at (0,0) size 18x83
            text run at (0,0) width 83: "Hello Kitty 2"
        RenderBlock {P} at (84,0) size 18x83
          RenderText {#text} at (0,0) size 18x83
            text run at (0,0) width 83: "Hello Kitty 3"
        RenderBlock {P} at (118,0) size 18x83
          RenderText {#text} at (0,0) size 18x83
            text run at (0,0) width 83: "Hello Kitty 4"
        RenderBlock {P} at (152,0) size 18x83
          RenderText {#text} at (0,0) size 18x83
            text run at (0,0) width 83: "Hello Kitty 5"
        RenderBlock {P} at (186,0) size 18x83
          RenderText {#text} at (0,0) size 18x83
            text run at (0,0) width 83: "Hello Kitty 6"
        RenderBlock {P} at (220,0) size 18x83
          RenderText {#text} at (0,0) size 18x83
            text run at (0,0) width 83: "Hello Kitty 7"
        RenderBlock {P} at (254,0) size 18x83
          RenderText {#text} at (0,0) size 18x83
            text run at (0,0) width 83: "Hello Kitty 8"
        RenderBlock {P} at (288,0) size 18x83
          RenderText {#text} at (0,0) size 18x83
            text run at (0,0) width 83: "Hello Kitty 9"
      RenderBlock {H2} at (0,0) size 56x479
        RenderText {#text} at (0,248) size 56x133
          text run at (0,248) width 124: "What Needs"
          text run at (28,248) width 132: "To Be Done?"
    RenderBlock (floating) {DIV} at (95,248) size 381x83 [bgcolor=#808080]
      RenderBlock {P} at (16,0) size 18x82
        RenderText {#text} at (0,0) size 18x74
          text run at (0,0) width 74: "Hola hola 1"
      RenderBlock {P} at (50,0) size 18x82
        RenderText {#text} at (0,0) size 18x74
          text run at (0,0) width 74: "Hola hola 2"
      RenderBlock {P} at (84,0) size 18x82
        RenderText {#text} at (0,0) size 18x74
          text run at (0,0) width 74: "Hola hola 3"
      RenderBlock {P} at (118,0) size 18x82
        RenderText {#text} at (0,0) size 18x74
          text run at (0,0) width 74: "Hola hola 4"
      RenderBlock {P} at (152,0) size 18x82
        RenderText {#text} at (0,0) size 18x74
          text run at (0,0) width 74: "Hola hola 5"
      RenderBlock {P} at (186,0) size 18x82
        RenderText {#text} at (0,0) size 18x74
          text run at (0,0) width 74: "Hola hola 6"
      RenderBlock {P} at (220,0) size 18x82
        RenderText {#text} at (0,0) size 18x74
          text run at (0,0) width 74: "Hola hola 7"
      RenderBlock {P} at (244,0) size 19x82
        RenderText {#text} at (0,0) size 18x74
          text run at (0,0) width 74: "Hola hola 8"
      RenderBlock {P} at (278,0) size 19x82
        RenderText {#text} at (0,0) size 18x74
          text run at (0,0) width 74: "Hola hola 9"
      RenderBlock {P} at (312,0) size 19x82
        RenderText {#text} at (0,0) size 18x82
          text run at (0,0) width 82: "Hola hola 10"
      RenderBlock {P} at (346,0) size 19x82
        RenderText {#text} at (0,0) size 18x82
          text run at (0,0) width 82: "Hola hola 11"
    RenderBlock {DL} at (95,0) size 675x479
      RenderBlock {DT} at (0,0) size 36x479
        RenderText {#text} at (0,330) size 36x44
          text run at (0,330) width 43: "Report"
          text run at (18,330) width 33: "Bugs"
      RenderBlock {DD} at (52,40) size 465x439
        RenderBlock {P} at (0,0) size 465x439
          RenderText {#text} at (0,290) size 320x147
            text run at (0,290) width 46: "You've"
            text run at (18,290) width 46: "already"
            text run at (194,290) width 129: "downloaded a build."
            text run at (212,290) width 132: "All you have to do is"
            text run at (230,290) width 37: "use it "
            text run at (230,327) width 17: "as "
            text run at (230,344) width 91: "your everyday"
            text run at (248,290) width 146: "browser and mail/news"
            text run at (266,290) width 85: "reader. If you"
            text run at (284,290) width 125: "downloaded a build"
            text run at (302,290) width 32: "with "
            text run at (302,322) width 67: "Talkback, "
          RenderInline {EM} at (0,0) size 36x140
            RenderText {#text} at (302,389) size 36x140
              text run at (302,389) width 40: "please"
              text run at (320,290) width 58: "turn it on"
          RenderText {#text} at (320,348) size 126x436
            text run at (320,348) width 86: " when it asks."
            text run at (338,208) width 141: "Talkback reports give "
            text run at (338,349) width 53: "us really"
            text run at (356,208) width 87: "valuable data "
            text run at (356,295) width 132: "on which crashes are"
            text run at (374,208) width 168: "the most serious, and how "
            text run at (374,376) width 32: "often"
            text run at (392,208) width 155: "people are encountering "
            text run at (392,363) width 67: "them. And"
            text run at (410,0) width 211: "all you have to do is click \"OK\". "
            text run at (410,211) width 225: "If you find something you think is a"
            text run at (428,0) width 221: "bug, check to see if it's not already "
          RenderInline {A} at (0,0) size 18x83 [color=#0000EE]
            RenderText {#text} at (428,221) size 18x83
              text run at (428,221) width 83: "known about"
          RenderText {#text} at (428,304) size 36x409
            text run at (428,304) width 105: ", and then please"
            text run at (446,0) width 68: "follow the "
          RenderInline {A} at (0,0) size 18x165 [color=#0000EE]
            RenderText {#text} at (446,68) size 18x165
              text run at (446,68) width 165: "bug submission procedure"
          RenderText {#text} at (446,233) size 18x4
            text run at (446,233) width 4: "."
      RenderBlock (floating) {DIV} at (532,0) size 393x82 [bgcolor=#008000]
        RenderBlock {P} at (16,0) size 18x82
          RenderText {#text} at (0,0) size 18x74
            text run at (0,0) width 74: "Hola hola 1"
        RenderBlock {P} at (52,0) size 19x82
          RenderText {#text} at (0,0) size 18x74
            text run at (0,0) width 74: "Hola hola 2"
        RenderBlock {P} at (86,0) size 19x82
          RenderText {#text} at (0,0) size 18x74
            text run at (0,0) width 74: "Hola hola 3"
        RenderBlock {P} at (120,0) size 19x82
          RenderText {#text} at (0,0) size 18x74
            text run at (0,0) width 74: "Hola hola 4"
        RenderBlock {P} at (154,0) size 19x82
          RenderText {#text} at (0,0) size 18x74
            text run at (0,0) width 74: "Hola hola 5"
        RenderBlock {P} at (188,0) size 19x82
          RenderText {#text} at (0,0) size 18x74
            text run at (0,0) width 74: "Hola hola 6"
        RenderBlock {P} at (222,0) size 19x82
          RenderText {#text} at (0,0) size 18x74
            text run at (0,0) width 74: "Hola hola 7"
        RenderBlock {P} at (256,0) size 19x82
          RenderText {#text} at (0,0) size 18x74
            text run at (0,0) width 74: "Hola hola 8"
        RenderBlock {P} at (290,0) size 19x82
          RenderText {#text} at (0,0) size 18x74
            text run at (0,0) width 74: "Hola hola 9"
        RenderBlock {P} at (324,0) size 19x82
          RenderText {#text} at (0,0) size 18x82
            text run at (0,0) width 82: "Hola hola 10"
        RenderBlock {P} at (358,0) size 19x82
          RenderText {#text} at (0,0) size 18x82
            text run at (0,0) width 82: "Hola hola 11"
      RenderBlock {DT} at (532,0) size 19x479
        RenderText {#text} at (0,82) size 18x117
          text run at (0,82) width 117: "Quality Assurance"
      RenderBlock {DD} at (566,40) size 109x439
        RenderBlock {P} at (0,0) size 109x439
          RenderInline {A} at (0,0) size 18x76 [color=#0000EE]
            RenderText {#text} at (0,42) size 18x76
              text run at (0,42) width 76: "Mozilla QA"
          RenderText {#text} at (0,118) size 18x40
            text run at (0,118) width 4: " "
            text run at (0,122) width 36: "has a "
          RenderInline {A} at (0,0) size 18x30 [color=#0000EE]
            RenderText {#text} at (0,158) size 18x30
              text run at (0,158) width 30: "page"
          RenderText {#text} at (0,188) size 108x393
            text run at (0,188) width 4: " "
            text run at (0,192) width 243: "dedicated to ways to get involved with"
            text run at (18,42) width 187: "helping. This doesn't involve "
            text run at (18,228) width 202: "knowing how to code, although"
            text run at (36,42) width 291: "a little knowledge of HTML is helpful. Being "
            text run at (36,333) width 87: "involved with"
            text run at (54,42) width 42: "QA is "
            text run at (54,84) width 314: "good for people wanting to get more familiar with"
            text run at (72,42) width 383: "Mozilla, and there's a strong community. A particularly good"
            text run at (90,42) width 129: "way to get involved "
            text run at (90,171) width 81: "is to join the "
          RenderInline {A} at (0,0) size 18x73 [color=#0000EE]
            RenderText {#text} at (90,252) size 18x73
              text run at (90,252) width 73: "BugAThon"
          RenderText {#text} at (90,325) size 18x4
            text run at (90,325) width 4: "."
