layer at (0,0) size 785x758
  RenderView at (0,0) size 785x600
layer at (0,0) size 785x600
  RenderBlock {HTML} at (0,0) size 785x600
layer at (277,8) size 500x750
  RenderBody {BODY} at (8,8) size 500x750
    RenderMultiColumnSet at (0,0) size 500x750
layer at (-207,8) size 984x367 backgroundClip at (0,0) size 785x758 clip at (0,0) size 785x758
  RenderMultiColumnFlowThread at (0,0) size 984x367
    RenderBlock {H1} at (21,0) size 38x367
      RenderText {#text} at (0,0) size 37x166
        text run at (0,0) width 166: "Header One"
    RenderBlock (anonymous) at (79,0) size 199x367
      RenderText {#text} at (0,0) size 198x362
        text run at (0,0) width 354: "Lorem ipsum dolor sit amet, consectetuer adipiscing elit."
        text run at (18,0) width 351: "Nulla varius enim ac mi. Curabitur sollicitudin felis quis"
        text run at (36,0) width 325: "lectus. Quisque adipiscing rhoncus sem. Proin nulla"
        text run at (54,0) width 358: "purus, vulputate vel, varius ut, euismod et, nisi. Sed vitae"
        text run at (72,0) width 343: "felis vel orci sagittis aliquam. Cras convallis adipiscing"
        text run at (90,0) width 340: "sem. Nam nonummy enim. Nullam bibendum lobortis"
        text run at (108,0) width 344: "neque. Vestibulum velit orci, tempus euismod, pretium"
        text run at (126,0) width 343: "quis, interdum vitae, nulla. Phasellus eget ante et tortor"
        text run at (144,0) width 343: "condimentum vestibulum. Suspendisse hendrerit quam"
        text run at (162,0) width 362: "nec felis. Sed varius turpis vitae pede. Lorem ipsum dolor"
        text run at (180,0) width 229: "sit amet, consectetuer adipiscing elit."
    RenderBlock {H1} at (299,0) size 38x367
      RenderText {#text} at (0,0) size 37x169
        text run at (0,0) width 169: "Header Two"
    RenderBlock (anonymous) at (357,0) size 215x367
      RenderText {#text} at (0,0) size 214x362
        text run at (0,0) width 354: "Lorem ipsum dolor sit amet, consectetuer adipiscing elit."
        text run at (18,0) width 351: "Nulla varius enim ac mi. Curabitur sollicitudin felis quis"
        text run at (36,0) width 325: "lectus. Quisque adipiscing rhoncus sem. Proin nulla"
        text run at (54,0) width 358: "purus, vulputate vel, varius ut, euismod et, nisi. Sed vitae"
        text run at (72,0) width 343: "felis vel orci sagittis aliquam. Cras convallis adipiscing"
        text run at (90,0) width 340: "sem. Nam nonummy enim. Nullam bibendum lobortis"
        text run at (108,0) width 344: "neque. Vestibulum velit orci, tempus euismod, pretium"
        text run at (142,0) width 344: "quis, interdum vitae, nulla. Phasellus eget ante et tortor"
        text run at (160,0) width 343: "condimentum vestibulum. Suspendisse hendrerit quam"
        text run at (178,0) width 362: "nec felis. Sed varius turpis vitae pede. Lorem ipsum dolor"
        text run at (196,0) width 229: "sit amet, consectetuer adipiscing elit."
    RenderBlock {H1} at (593,0) size 38x367
      RenderText {#text} at (0,0) size 37x190
        text run at (0,0) width 190: "Header Three"
    RenderBlock {H1} at (889,0) size 38x367
      RenderText {#text} at (0,0) size 37x177
        text run at (0,0) width 177: "Header Four"
    RenderBlock (anonymous) at (947,0) size 37x367
      RenderText {#text} at (0,0) size 36x354
        text run at (0,0) width 354: "Lorem ipsum dolor sit amet, consectetuer adipiscing elit."
        text run at (18,0) width 154: "Nulla varius enim ac mi."
layer at (-91,8) size 216x367 backgroundClip at (0,0) size 785x758 clip at (0,0) size 785x758
  RenderBlock {DIV} at (651,0) size 217x367
    RenderMultiColumnSet at (0,0) size 216x367
layer at (-307,8) size 432x176 backgroundClip at (0,0) size 785x758 clip at (0,0) size 785x758
  RenderMultiColumnFlowThread at (0,0) size 432x176
    RenderText {#text} at (0,0) size 396x175
      text run at (0,0) width 139: "Lorem ipsum dolor sit"
      text run at (18,0) width 116: "amet, consectetuer"
      text run at (36,0) width 172: "adipiscing elit. Nulla varius"
      text run at (54,0) width 137: "enim ac mi. Curabitur"
      text run at (72,0) width 173: "sollicitudin felis quis lectus."
      text run at (90,0) width 175: "Quisque adipiscing rhoncus"
      text run at (108,0) width 145: "sem. Proin nulla purus,"
      text run at (126,0) width 147: "vulputate vel, varius ut,"
      text run at (144,0) width 164: "euismod et, nisi. Sed vitae"
      text run at (162,0) width 124: "felis vel orci sagittis"
      text run at (180,0) width 147: "aliquam. Cras convallis"
      text run at (198,0) width 132: "adipiscing sem. Nam"
      text run at (216,0) width 154: "nonummy enim. Nullam"
      text run at (234,0) width 160: "bibendum lobortis neque."
      text run at (252,0) width 136: "Vestibulum velit orci,"
      text run at (270,0) width 158: "tempus euismod, pretium"
      text run at (288,0) width 167: "quis, interdum vitae, nulla."
      text run at (306,0) width 172: "Phasellus eget ante et tortor"
      text run at (324,0) width 163: "condimentum vestibulum."
      text run at (342,0) width 137: "Suspendisse hendrerit"
      text run at (360,0) width 165: "quam nec felis. Sed varius"
      text run at (378,0) width 111: "turpis vitae pede. "
    RenderText {#text} at (0,0) size 0x0
