layer at (0,0) size 800x600
  RenderView at (0,0) size 800x600
layer at (0,0) size 800x600
  RenderBlock {HTML} at (0,0) size 800x600
    RenderBody {BODY} at (8,10) size 784x582
      RenderBlock {DIV} at (10,0) size 206x206 [border: (3px none #000000)]
      RenderBlock {DIV} at (10,216) size 206x206 [border: (3px none #000000)]
      RenderBlock {DIV} at (0,432) size 784x40
        RenderText {#text} at (0,0) size 569x19
          text run at (0,0) width 569: "PASS - \"border-image-source\" property for \"box\" element at 0.5s saw something close to: 0.5"
        RenderBR {BR} at (569,15) size 0x0
        RenderText {#text} at (0,20) size 631x19
          text run at (0,20) width 631: "PASS - \"border-image-source\" property for \"boxShorthand\" element at 0.5s saw something close to: 0.5"
        RenderBR {BR} at (631,35) size 0x0
