layer at (0,0) size 800x600
  RenderView at (0,0) size 800x600
layer at (0,0) size 800x256
  RenderBlock {HTML} at (0,0) size 800x256
    RenderBody {BODY} at (8,8) size 784x240
      RenderBlock {DIV} at (0,200) size 784x40
        RenderText {#text} at (0,0) size 463x19
          text run at (0,0) width 463: "PASS - \"left\" property for \"box\" element at 0.5s saw something close to: 322"
        RenderBR {BR} at (463,0) size 0x19
        RenderText {#text} at (0,20) size 575x19
          text run at (0,20) width 575: "PASS - \"-webkit-transform.4\" property for \"box2\" element at 0.5s saw something close to: 322"
        RenderBR {BR} at (575,20) size 0x19
layer at (8,8) size 784x200
  RenderBlock (relative positioned) {DIV} at (0,0) size 784x200
layer at (330,8) size 100x200
  RenderBlock (positioned) {DIV} at (322,0) size 100x200 [bgcolor=#FF0000]
layer at (329,8) size 100x100
  RenderBlock (relative positioned) {DIV} at (0,0) size 100x100 [bgcolor=#008000]
layer at (8,108) size 100x100
  RenderBlock (relative positioned) {DIV} at (0,100) size 100x100 [bgcolor=#008000]
