CONSOLE MESSAGE: SyntaxError: Invalid character '\u2a2f'
layer at (0,0) size 785x1754
  RenderView at (0,0) size 785x600
layer at (0,0) size 785x1754
  RenderBlock {HTML} at (0,0) size 785x1754
    RenderBody {BODY} at (8,8) size 769x1738
      RenderIFrame {IFRAME} at (0,0) size 304x154 [border: (2px inset #000000)]
        layer at (0,0) size 300x150
          RenderView at (0,0) size 300x150
        layer at (0,0) size 300x118
          RenderBlock {HTML} at (0,0) size 300x118
            RenderBody {BODY} at (8,16) size 284x86
              RenderBlock {P} at (0,0) size 284x18
                RenderText {#text} at (0,0) size 18x18
                  text run at (0,0) width 18: "In "
                RenderInline {CODE} at (0,0) size 32x15
                  RenderText {#text} at (17,2) size 32x15
                    text run at (17,2) width 32: "head"
                RenderText {#text} at (48,0) size 128x18
                  text run at (48,0) width 128: ", after first kilobyte."
              RenderBlock {P} at (0,34) size 284x18
                RenderText {#text} at (0,0) size 47x18
                  text run at (0,0) width 47: "Test: \x{436}"
              RenderBlock {P} at (0,68) size 284x18
                RenderText {#text} at (0,0) size 143x18
                  text run at (0,0) width 143: "If \x{436}, meta takes effect"
      RenderText {#text} at (304,140) size 4x18
        text run at (304,140) width 4: " "
      RenderIFrame {IFRAME} at (308,0) size 304x154 [border: (2px inset #000000)]
        layer at (0,0) size 4520x256
          RenderView at (0,0) size 285x135
        layer at (0,0) size 285x256
          RenderBlock {HTML} at (0,0) size 285x256
            RenderBody {BODY} at (8,8) size 269x240
              RenderText {#text} at (0,4) size 4512x235
                text run at (0,4) width 264: "\x{213C}\x{4F44}\x{5443}\x{5059}\x{2045}\x{7468}\x{6C6D}\x{A3E}\x{683C}\x{6165}\x{3E64}\x{3C0A}\x{696C}\x{6B6E}\x{7220}\x{6C65}\x{223D}\x{696D}"
                text run at (0,30) width 255: "\x{6D73}\x{7461}\x{6863}\x{2022}\x{7268}\x{6665}\x{223D}\x{6572}\x{6566}\x{6572}\x{636E}\x{7365}\x{612F}\x{7466}\x{7265}\x{622D}\x{676F}"
                text run at (0,52) width 156: "\x{7375}\x{612D}\x{7466}\x{7265}\x{312D}\x{626B}\x{722D}\x{6665}\x{682E}\x{6D74}"
                text run at (0,75) width 4512: "\x{226C}\x{A3E}\x{A0A}\x{A0A}\x{A0A}\x{A0A}\x{A0A}\x{A0A}\x{A0A}\x{A0A}\x{A0A}\x{A0A}\x{A0A}\x{A0A}\x{A0A}\x{A0A}\x{A0A}\x{A0A}\x{A0A}\x{A0A}\x{A0A}\x{A0A}\x{A0A}\x{A0A}\x{A0A}\x{A0A}\x{A0A}\x{A0A}\x{A0A}\x{A0A}\x{A0A}\x{A0A}\x{A0A}\x{A0A}\x{A0A}\x{A0A}\x{A0A}\x{A0A}\x{A0A}\x{A0A}\x{A0A}\x{A0A}\x{A0A}\x{A0A}\x{A0A}\x{A0A}\x{A0A}\x{A0A}\x{A0A}\x{A0A}\x{A0A}\x{A0A}\x{A0A}\x{A0A}\x{A0A}\x{A0A}\x{A0A}\x{A0A}\x{A0A}\x{A0A}\x{A0A}\x{A0A}\x{A0A}\x{A0A}\x{A0A}\x{A0A}\x{A0A}\x{A0A}\x{A0A}\x{A0A}\x{A0A}\x{A0A}\x{A0A}\x{A0A}\x{A0A}\x{A0A}\x{A0A}\x{A0A}\x{A0A}\x{A0A}\x{A0A}\x{A0A}\x{A0A}\x{A0A}\x{A0A}\x{A0A}\x{A0A}\x{A0A}\x{A0A}\x{A0A}\x{A0A}\x{A0A}\x{A0A}\x{A0A}\x{A0A}\x{A0A}\x{A0A}\x{A0A}\x{A0A}\x{A0A}\x{A0A}\x{A0A}\x{A0A}\x{A0A}\x{A0A}\x{A0A}\x{A0A}\x{A0A}\x{A0A}\x{A0A}\x{A0A}\x{A0A}\x{A0A}\x{A0A}\x{A0A}\x{A0A}\x{A0A}\x{A0A}\x{A0A}\x{A0A}\x{A0A}\x{A0A}\x{A0A}\x{A0A}\x{A0A}\x{A0A}\x{A0A}\x{A0A}\x{A0A}\x{A0A}\x{A0A}\x{A0A}\x{A0A}\x{A0A}\x{A0A}\x{A0A}\x{A0A}\x{A0A}\x{A0A}\x{A0A}\x{A0A}\x{A0A}\x{A0A}\x{A0A}\x{A0A}\x{A0A}\x{A0A}\x{A0A}\x{A0A}\x{A0A}\x{A0A}\x{A0A}\x{A0A}\x{A0A}\x{A0A}\x{A0A}\x{A0A}\x{A0A}\x{A0A}\x{A0A}\x{A0A}\x{A0A}\x{A0A}\x{A0A}\x{A0A}\x{A0A}\x{A0A}\x{A0A}\x{A0A}\x{A0A}\x{A0A}\x{A0A}\x{A0A}\x{A0A}\x{A0A}\x{A0A}\x{A0A}\x{A0A}\x{A0A}\x{A0A}\x{A0A}\x{A0A}\x{A0A}\x{A0A}\x{A0A}\x{A0A}\x{A0A}\x{A0A}\x{A0A}\x{A0A}\x{A0A}\x{A0A}\x{A0A}\x{A0A}\x{A0A}\x{A0A}\x{A0A}\x{A0A}\x{A0A}\x{A0A}\x{A0A}\x{A0A}\x{A0A}\x{A0A}\x{A0A}\x{A0A}\x{A0A}\x{A0A}\x{A0A}\x{A0A}\x{A0A}\x{A0A}\x{A0A}\x{A0A}\x{A0A}\x{A0A}\x{A0A}\x{A0A}\x{A0A}\x{A0A}\x{A0A}\x{A0A}\x{A0A}\x{A0A}\x{A0A}\x{A0A}\x{A0A}\x{A0A}\x{A0A}\x{A0A}\x{A0A}\x{A0A}\x{A0A}\x{A0A}\x{A0A}\x{A0A}\x{A0A}\x{A0A}\x{A0A}\x{A0A}\x{A0A}\x{A0A}\x{A0A}\x{A0A}\x{A0A}\x{A0A}\x{A0A}\x{A0A}\x{A0A}\x{A0A}\x{A0A}\x{A0A}\x{A0A}\x{A0A}\x{A0A}\x{A0A}\x{A0A}\x{A0A}\x{A0A}\x{A0A}\x{A0A}\x{A0A}\x{A0A}\x{A0A}\x{A0A}\x{A0A}\x{A0A}\x{A0A}\x{A0A}\x{A0A}\x{A0A}\x{A0A}\x{A0A}\x{A0A}\x{A0A}\x{A0A}\x{A0A}\x{A0A}\x{A0A}\x{A0A}\x{A0A}\x{A0A}\x{A0A}\x{A0A}\x{A0A}\x{A0A}\x{A0A}\x{A0A}\x{A0A}\x{A0A}\x{A0A}\x{A0A}\x{A0A}\x{A0A}\x{A0A}\x{A0A}\x{A0A}\x{A0A}\x{A0A}\x{A0A}\x{A0A}\x{A0A}\x{A0A}\x{A0A}\x{A0A}\x{A0A}\x{A0A}\x{A0A}\x{A0A}\x{A0A}\x{A0A}\x{A0A}\x{A0A}\x{A0A}\x{A0A}\x{A0A}\x{A0A}\x{A0A}\x{A0A}\x{A0A}\x{A0A}\x{A0A}\x{A0A}\x{A0A}\x{A0A}\x{A0A}\x{A0A}\x{A0A}\x{A0A}\x{A0A}\x{A0A}\x{A0A}\x{A0A}\x{A0A}\x{A0A}\x{A0A}\x{A0A}\x{A0A}\x{A0A}\x{A0A}\x{A0A}\x{A0A}\x{A0A}\x{A0A}\x{A0A}\x{A0A}\x{A0A}\x{A0A}\x{A0A}\x{A0A}\x{A0A}\x{A0A}\x{A0A}\x{A0A}\x{A0A}\x{A0A}\x{A0A}\x{A0A}\x{A0A}\x{A0A}\x{A0A}\x{A0A}\x{A0A}\x{A0A}\x{A0A}\x{A0A}\x{A0A}\x{A0A}\x{A0A}\x{A0A}\x{A0A}\x{A0A}\x{A0A}\x{A0A}\x{A0A}\x{A0A}\x{A0A}\x{A0A}\x{A0A}\x{A0A}\x{A0A}\x{A0A}\x{A0A}\x{A0A}\x{A0A}\x{A0A}\x{A0A}\x{A0A}\x{A0A}\x{A0A}\x{A0A}\x{A0A}\x{A0A}\x{A0A}\x{A0A}\x{A0A}\x{A0A}\x{A0A}\x{A0A}\x{A0A}\x{A0A}\x{A0A}\x{A0A}\x{A0A}\x{A0A}\x{A0A}\x{A0A}\x{A0A}\x{A0A}\x{A0A}\x{A0A}\x{A0A}\x{A0A}\x{A0A}\x{A0A}\x{A0A}\x{A0A}\x{A0A}\x{A0A}\x{A0A}\x{A0A}\x{A0A}\x{A0A}\x{A0A}\x{A0A}\x{A0A}\x{A0A}\x{A0A}\x{A0A}\x{A0A}\x{A0A}\x{A0A}\x{A0A}\x{A0A}\x{A0A}\x{A0A}\x{A0A}\x{A0A}\x{A0A}\x{A0A}\x{A0A}\x{A0A}\x{A0A}\x{A0A}\x{A0A}\x{A0A}\x{A0A}\x{A0A}\x{A0A}\x{A0A}\x{A0A}\x{A0A}\x{A0A}\x{A0A}\x{A0A}\x{A0A}\x{A0A}\x{A0A}\x{A0A}\x{A0A}\x{A0A}\x{A0A}\x{A0A}"
                text run at (0,101) width 252: "\x{3C0A}\x{6F62}\x{7567}\x{3E73}\x{6D3C}\x{7465}\x{2061}\x{6863}\x{7261}\x{6573}\x{3D74}\x{7722}\x{6E69}\x{6F64}\x{7377}\x{312D}\x{3532}"
                text run at (0,124) width 259: "\x{2231}\x{A3E}\x{2F3C}\x{6568}\x{6461}\x{A3E}\x{623C}\x{646F}\x{3E79}\x{3C0A}\x{3E70}\x{6641}\x{6574}\x{2072}\x{633C}\x{646F}\x{3E65}"
                text run at (0,150) width 256: "\x{6F62}\x{7567}\x{3C73}\x{632F}\x{646F}\x{3E65}\x{202C}\x{6562}\x{6F66}\x{6572}\x{3C20}\x{6F63}\x{6564}\x{683E}\x{6165}\x{3C64}\x{632F}"
                text run at (0,172) width 259: "\x{646F}\x{3E65}\x{6520}\x{646E}\x{7420}\x{6761}\x{202C}\x{6661}\x{6574}\x{2072}\x{6966}\x{7372}\x{2074}\x{696B}\x{6F6C}\x{7962}\x{6574}\x{3C2E}"
                text run at (0,195) width 268: "\x{702F}\x{A3E}\x{703C}\x{543E}\x{7365}\x{3A74}\x{E620}\x{2F3C}\x{3E70}\x{3C0A}\x{3E70}\x{6649}\x{2620}\x{7823}\x{3430}\x{3633}\x{2C3B}\x{6D20}"
                text run at (0,221) width 220: "\x{7465}\x{2061}\x{6174}\x{656B}\x{2073}\x{6665}\x{6566}\x{7463}\x{2F3C}\x{3E70}\x{3C0A}\x{622F}\x{646F}\x{3E79}\x{FFFD}"
      RenderText {#text} at (0,0) size 0x0
      RenderIFrame {IFRAME} at (0,158) size 304x154 [border: (2px inset #000000)]
        layer at (0,0) size 300x150
          RenderView at (0,0) size 300x150
        layer at (0,0) size 300x118
          RenderBlock {HTML} at (0,0) size 300x118
            RenderBody {BODY} at (8,16) size 284x86
              RenderBlock (anonymous) at (0,0) size 284x0
                RenderInline {BOGUS} at (0,0) size 0x0
                  RenderText {#text} at (0,0) size 0x0
              RenderBlock (anonymous) at (0,0) size 284x86
                RenderBlock {P} at (0,0) size 284x18
                  RenderText {#text} at (0,0) size 71x18
                    text run at (0,0) width 71: "Meta after "
                  RenderInline {CODE} at (0,0) size 40x15
                    RenderText {#text} at (70,2) size 40x15
                      text run at (70,2) width 40: "bogus"
                  RenderText {#text} at (109,0) size 5x18
                    text run at (109,0) width 5: "."
                RenderBlock {P} at (0,34) size 284x18
                  RenderText {#text} at (0,0) size 47x18
                    text run at (0,0) width 47: "Test: \x{436}"
                RenderBlock {P} at (0,68) size 284x18
                  RenderText {#text} at (0,0) size 143x18
                    text run at (0,0) width 143: "If \x{436}, meta takes effect"
              RenderBlock (anonymous) at (0,102) size 284x0
                RenderInline {BOGUS} at (0,0) size 0x0
      RenderText {#text} at (304,298) size 4x18
        text run at (304,298) width 4: " "
      RenderIFrame {IFRAME} at (308,158) size 304x154 [border: (2px inset #000000)]
        layer at (0,0) size 4502x283
          RenderView at (0,0) size 285x135
        layer at (0,0) size 285x283
          RenderBlock {HTML} at (0,0) size 285x283
            RenderBody {BODY} at (8,8) size 269x267
              RenderText {#text} at (0,4) size 4495x262
                text run at (0,4) width 264: "\x{213C}\x{4F44}\x{5443}\x{5059}\x{2045}\x{7468}\x{6C6D}\x{A3E}\x{683C}\x{6165}\x{3E64}\x{3C0A}\x{696C}\x{6B6E}\x{7220}\x{6C65}\x{223D}\x{696D}"
                text run at (0,30) width 262: "\x{6D73}\x{7461}\x{6863}\x{2022}\x{7268}\x{6665}\x{223D}\x{6572}\x{6566}\x{6572}\x{636E}\x{7365}\x{612F}\x{7466}\x{7265}\x{682D}\x{6165}\x{2D64}"
                text run at (0,52) width 164: "\x{6661}\x{6574}\x{2D72}\x{6B31}\x{2D62}\x{7263}\x{666C}\x{722D}\x{6665}\x{682E}\x{6D74}"
                text run at (0,75) width 4495: "\x{226C}\x{D3E}\x{A0A}\x{A0A}\x{A0A}\x{A0A}\x{A0A}\x{A0A}\x{A0A}\x{A0A}\x{A0A}\x{A0A}\x{A0A}\x{A0A}\x{A0A}\x{A0A}\x{A0A}\x{A0A}\x{A0A}\x{A0A}\x{A0A}\x{A0A}\x{A0A}\x{A0A}\x{A0A}\x{A0A}\x{A0A}\x{A0A}\x{A0A}\x{A0A}\x{A0A}\x{A0A}\x{A0A}\x{A0A}\x{A0A}\x{A0A}\x{A0A}\x{A0A}\x{A0A}\x{A0A}\x{A0A}\x{A0A}\x{A0A}\x{A0A}\x{A0A}\x{A0A}\x{A0A}\x{A0A}\x{A0A}\x{A0A}\x{A0A}\x{A0A}\x{A0A}\x{A0A}\x{A0A}\x{A0A}\x{A0A}\x{A0A}\x{A0A}\x{A0A}\x{A0A}\x{A0A}\x{A0A}\x{A0A}\x{A0A}\x{A0A}\x{A0A}\x{A0A}\x{A0A}\x{A0A}\x{A0A}\x{A0A}\x{A0A}\x{A0A}\x{A0A}\x{A0A}\x{A0A}\x{A0A}\x{A0A}\x{A0A}\x{A0A}\x{A0A}\x{A0A}\x{A0A}\x{A0A}\x{A0A}\x{A0A}\x{A0A}\x{A0A}\x{A0A}\x{A0A}\x{A0A}\x{A0A}\x{A0A}\x{A0A}\x{A0A}\x{A0A}\x{A0A}\x{A0A}\x{A0A}\x{A0A}\x{A0A}\x{A0A}\x{A0A}\x{A0A}\x{A0A}\x{A0A}\x{A0A}\x{A0A}\x{A0A}\x{A0A}\x{A0A}\x{A0A}\x{A0A}\x{A0A}\x{A0A}\x{A0A}\x{A0A}\x{A0A}\x{A0A}\x{A0A}\x{A0A}\x{A0A}\x{A0A}\x{A0A}\x{A0A}\x{A0A}\x{A0A}\x{A0A}\x{A0A}\x{A0A}\x{A0A}\x{A0A}\x{A0A}\x{A0A}\x{A0A}\x{A0A}\x{A0A}\x{A0A}\x{A0A}\x{A0A}\x{A0A}\x{A0A}\x{A0A}\x{A0A}\x{A0A}\x{A0A}\x{A0A}\x{A0A}\x{A0A}\x{A0A}\x{A0A}\x{A0A}\x{A0A}\x{A0A}\x{A0A}\x{A0A}\x{A0A}\x{A0A}\x{A0A}\x{A0A}\x{A0A}\x{A0A}\x{A0A}\x{A0A}\x{A0A}\x{A0A}\x{A0A}\x{A0A}\x{A0A}\x{A0A}\x{A0A}\x{A0A}\x{A0A}\x{A0A}\x{A0A}\x{A0A}\x{A0A}\x{A0A}\x{A0A}\x{A0A}\x{A0A}\x{A0A}\x{A0A}\x{A0A}\x{A0A}\x{A0A}\x{A0A}\x{A0A}\x{A0A}\x{A0A}\x{A0A}\x{A0A}\x{A0A}\x{A0A}\x{A0A}\x{A0A}\x{A0A}\x{A0A}\x{A0A}\x{A0A}\x{A0A}\x{A0A}\x{A0A}\x{A0A}\x{A0A}\x{A0A}\x{A0A}\x{A0A}\x{A0A}\x{A0A}\x{A0A}\x{A0A}\x{A0A}\x{A0A}\x{A0A}\x{A0A}\x{A0A}\x{A0A}\x{A0A}\x{A0A}\x{A0A}\x{A0A}\x{A0A}\x{A0A}\x{A0A}\x{A0A}\x{A0A}\x{A0A}\x{A0A}\x{A0A}\x{A0A}\x{A0A}\x{A0A}\x{A0A}\x{A0A}\x{A0A}\x{A0A}\x{A0A}\x{A0A}\x{A0A}\x{A0A}\x{A0A}\x{A0A}\x{A0A}\x{A0A}\x{A0A}\x{A0A}\x{A0A}\x{A0A}\x{A0A}\x{A0A}\x{A0A}\x{A0A}\x{A0A}\x{A0A}\x{A0A}\x{A0A}\x{A0A}\x{A0A}\x{A0A}\x{A0A}\x{A0A}\x{A0A}\x{A0A}\x{A0A}\x{A0A}\x{A0A}\x{A0A}\x{A0A}\x{A0A}\x{A0A}\x{A0A}\x{A0A}\x{A0A}\x{A0A}\x{A0A}\x{A0A}\x{A0A}\x{A0A}\x{A0A}\x{A0A}\x{A0A}\x{A0A}\x{A0A}\x{A0A}\x{A0A}\x{A0A}\x{A0A}\x{A0A}\x{A0A}\x{A0A}\x{A0A}\x{A0A}\x{A0A}\x{A0A}\x{A0A}\x{A0A}\x{A0A}\x{A0A}\x{A0A}\x{A0A}\x{A0A}\x{A0A}\x{A0A}\x{A0A}\x{A0A}\x{A0A}\x{A0A}\x{A0A}\x{A0A}\x{A0A}\x{A0A}\x{A0A}\x{A0A}\x{A0A}\x{A0A}\x{A0A}\x{A0A}\x{A0A}\x{A0A}\x{A0A}\x{A0A}\x{A0A}\x{A0A}\x{A0A}\x{A0A}\x{A0A}\x{A0A}\x{A0A}\x{A0A}\x{A0A}\x{A0A}\x{A0A}\x{A0A}\x{A0A}\x{A0A}\x{A0A}\x{A0A}\x{A0A}\x{A0A}\x{A0A}\x{A0A}\x{A0A}\x{A0A}\x{A0A}\x{A0A}\x{A0A}\x{A0A}\x{A0A}\x{A0A}\x{A0A}\x{A0A}\x{A0A}\x{A0A}\x{A0A}\x{A0A}\x{A0A}\x{A0A}\x{A0A}\x{A0A}\x{A0A}\x{A0A}\x{A0A}\x{A0A}\x{A0A}\x{A0A}\x{A0A}\x{A0A}\x{A0A}\x{A0A}\x{A0A}\x{A0A}\x{A0A}\x{A0A}\x{A0A}\x{A0A}\x{A0A}\x{A0A}\x{A0A}\x{A0A}\x{A0A}\x{A0A}\x{A0A}\x{A0A}\x{A0A}\x{A0A}\x{A0A}\x{A0A}\x{A0A}\x{A0A}\x{A0A}\x{A0A}\x{A0A}\x{A0A}\x{A0A}\x{A0A}\x{A0A}\x{A0A}\x{A0A}\x{A0A}\x{A0A}\x{A0A}\x{A0A}\x{A0A}\x{A0A}\x{A0A}\x{A0A}\x{A0A}\x{A0A}\x{A0A}\x{A0A}\x{A0A}\x{A0A}\x{A0A}\x{A0A}\x{A0A}\x{A0A}\x{A0A}\x{A0A}\x{A0A}\x{A0A}\x{A0A}\x{A0A}\x{A0A}\x{A0A}\x{A0A}\x{A0A}\x{A0A}\x{A0A}\x{A0A}\x{A0A}\x{A0A}\x{A0A}\x{A0A}\x{A0A}\x{A0A}\x{A0A}\x{A0A}\x{A0A}\x{A0A}\x{A0A}\x{A0A}\x{A0A}\x{A0A}\x{A0A}\x{A0A}\x{A0A}\x{A0A}\x{A0A}\x{A0A}\x{A0A}\x{A0A}\x{A0A}\x{A0A}\x{A0A}\x{A0A}\x{A0A}\x{A0A}\x{A0A}\x{A0A}"
                text run at (0,102) width 251: "\x{2F3C}\x{6568}\x{6461}\x{A3E}\x{6D3C}\x{7465}\x{2061}\x{6863}\x{7261}\x{6573}\x{3D74}\x{7722}\x{6E69}\x{6F64}\x{7377}\x{312D}\x{3532}"
                text run at (0,129) width 260: "\x{2231}\x{A3E}\x{623C}\x{646F}\x{3E79}\x{3C0A}\x{3E70}\x{6641}\x{6574}\x{2072}\x{633C}\x{646F}\x{3E65}\x{6568}\x{6461}\x{2F3C}\x{6F63}"
                text run at (0,155) width 252: "\x{6564}\x{2C3E}\x{6220}\x{6665}\x{726F}\x{2065}\x{633C}\x{646F}\x{3E65}\x{6F62}\x{7964}\x{2F3C}\x{6F63}\x{6564}\x{2C3E}\x{6120}\x{7466}"
                text run at (0,177) width 233: "\x{7265}\x{6620}\x{7269}\x{7473}\x{6B20}\x{6C69}\x{626F}\x{7479}\x{2C65}\x{7720}\x{7469}\x{2068}\x{2061}\x{5243}\x{464C}\x{6920}\x{206E}\x{6874}\x{2065}"
                text run at (0,200) width 257: "\x{6966}\x{7372}\x{2074}\x{696B}\x{6F6C}\x{7962}\x{6574}\x{3C2E}\x{702F}\x{A3E}\x{703C}\x{543E}\x{7365}\x{3A74}\x{E620}\x{2F3C}\x{3E70}"
                text run at (0,226) width 269: "\x{3C0A}\x{3E70}\x{6649}\x{2620}\x{7823}\x{3430}\x{3633}\x{2C3B}\x{6D20}\x{7465}\x{2061}\x{6174}\x{656B}\x{2073}\x{6665}\x{6566}\x{7463}\x{2F3C}\x{3E70}"
                text run at (0,248) width 80: "\x{3C0A}\x{622F}\x{646F}\x{3E79}\x{FFFD}"
      RenderText {#text} at (0,0) size 0x0
      RenderIFrame {IFRAME} at (0,316) size 304x154 [border: (2px inset #000000)]
        layer at (0,0) size 4509x266
          RenderView at (0,0) size 285x135
        layer at (0,0) size 285x266
          RenderBlock {HTML} at (0,0) size 285x266
            RenderBody {BODY} at (8,8) size 269x250
              RenderText {#text} at (0,4) size 4502x241
                text run at (0,4) width 264: "\x{213C}\x{4F44}\x{5443}\x{5059}\x{2045}\x{7468}\x{6C6D}\x{A3E}\x{683C}\x{6165}\x{3E64}\x{3C0A}\x{696C}\x{6B6E}\x{7220}\x{6C65}\x{223D}\x{696D}"
                text run at (0,30) width 262: "\x{6D73}\x{7461}\x{6863}\x{2022}\x{7268}\x{6665}\x{223D}\x{6572}\x{6566}\x{6572}\x{636E}\x{7365}\x{612F}\x{7466}\x{7265}\x{682D}\x{6165}\x{2D64}"
                text run at (0,52) width 143: "\x{6661}\x{6574}\x{2D72}\x{6B31}\x{2D62}\x{6572}\x{2E66}\x{7468}\x{6C6D}\x{3E22}"
                text run at (0,75) width 4502: "\x{A0A}\x{A0A}\x{A0A}\x{A0A}\x{A0A}\x{A0A}\x{A0A}\x{A0A}\x{A0A}\x{A0A}\x{A0A}\x{A0A}\x{A0A}\x{A0A}\x{A0A}\x{A0A}\x{A0A}\x{A0A}\x{A0A}\x{A0A}\x{A0A}\x{A0A}\x{A0A}\x{A0A}\x{A0A}\x{A0A}\x{A0A}\x{A0A}\x{A0A}\x{A0A}\x{A0A}\x{A0A}\x{A0A}\x{A0A}\x{A0A}\x{A0A}\x{A0A}\x{A0A}\x{A0A}\x{A0A}\x{A0A}\x{A0A}\x{A0A}\x{A0A}\x{A0A}\x{A0A}\x{A0A}\x{A0A}\x{A0A}\x{A0A}\x{A0A}\x{A0A}\x{A0A}\x{A0A}\x{A0A}\x{A0A}\x{A0A}\x{A0A}\x{A0A}\x{A0A}\x{A0A}\x{A0A}\x{A0A}\x{A0A}\x{A0A}\x{A0A}\x{A0A}\x{A0A}\x{A0A}\x{A0A}\x{A0A}\x{A0A}\x{A0A}\x{A0A}\x{A0A}\x{A0A}\x{A0A}\x{A0A}\x{A0A}\x{A0A}\x{A0A}\x{A0A}\x{A0A}\x{A0A}\x{A0A}\x{A0A}\x{A0A}\x{A0A}\x{A0A}\x{A0A}\x{A0A}\x{A0A}\x{A0A}\x{A0A}\x{A0A}\x{A0A}\x{A0A}\x{A0A}\x{A0A}\x{A0A}\x{A0A}\x{A0A}\x{A0A}\x{A0A}\x{A0A}\x{A0A}\x{A0A}\x{A0A}\x{A0A}\x{A0A}\x{A0A}\x{A0A}\x{A0A}\x{A0A}\x{A0A}\x{A0A}\x{A0A}\x{A0A}\x{A0A}\x{A0A}\x{A0A}\x{A0A}\x{A0A}\x{A0A}\x{A0A}\x{A0A}\x{A0A}\x{A0A}\x{A0A}\x{A0A}\x{A0A}\x{A0A}\x{A0A}\x{A0A}\x{A0A}\x{A0A}\x{A0A}\x{A0A}\x{A0A}\x{A0A}\x{A0A}\x{A0A}\x{A0A}\x{A0A}\x{A0A}\x{A0A}\x{A0A}\x{A0A}\x{A0A}\x{A0A}\x{A0A}\x{A0A}\x{A0A}\x{A0A}\x{A0A}\x{A0A}\x{A0A}\x{A0A}\x{A0A}\x{A0A}\x{A0A}\x{A0A}\x{A0A}\x{A0A}\x{A0A}\x{A0A}\x{A0A}\x{A0A}\x{A0A}\x{A0A}\x{A0A}\x{A0A}\x{A0A}\x{A0A}\x{A0A}\x{A0A}\x{A0A}\x{A0A}\x{A0A}\x{A0A}\x{A0A}\x{A0A}\x{A0A}\x{A0A}\x{A0A}\x{A0A}\x{A0A}\x{A0A}\x{A0A}\x{A0A}\x{A0A}\x{A0A}\x{A0A}\x{A0A}\x{A0A}\x{A0A}\x{A0A}\x{A0A}\x{A0A}\x{A0A}\x{A0A}\x{A0A}\x{A0A}\x{A0A}\x{A0A}\x{A0A}\x{A0A}\x{A0A}\x{A0A}\x{A0A}\x{A0A}\x{A0A}\x{A0A}\x{A0A}\x{A0A}\x{A0A}\x{A0A}\x{A0A}\x{A0A}\x{A0A}\x{A0A}\x{A0A}\x{A0A}\x{A0A}\x{A0A}\x{A0A}\x{A0A}\x{A0A}\x{A0A}\x{A0A}\x{A0A}\x{A0A}\x{A0A}\x{A0A}\x{A0A}\x{A0A}\x{A0A}\x{A0A}\x{A0A}\x{A0A}\x{A0A}\x{A0A}\x{A0A}\x{A0A}\x{A0A}\x{A0A}\x{A0A}\x{A0A}\x{A0A}\x{A0A}\x{A0A}\x{A0A}\x{A0A}\x{A0A}\x{A0A}\x{A0A}\x{A0A}\x{A0A}\x{A0A}\x{A0A}\x{A0A}\x{A0A}\x{A0A}\x{A0A}\x{A0A}\x{A0A}\x{A0A}\x{A0A}\x{A0A}\x{A0A}\x{A0A}\x{A0A}\x{A0A}\x{A0A}\x{A0A}\x{A0A}\x{A0A}\x{A0A}\x{A0A}\x{A0A}\x{A0A}\x{A0A}\x{A0A}\x{A0A}\x{A0A}\x{A0A}\x{A0A}\x{A0A}\x{A0A}\x{A0A}\x{A0A}\x{A0A}\x{A0A}\x{A0A}\x{A0A}\x{A0A}\x{A0A}\x{A0A}\x{A0A}\x{A0A}\x{A0A}\x{A0A}\x{A0A}\x{A0A}\x{A0A}\x{A0A}\x{A0A}\x{A0A}\x{A0A}\x{A0A}\x{A0A}\x{A0A}\x{A0A}\x{A0A}\x{A0A}\x{A0A}\x{A0A}\x{A0A}\x{A0A}\x{A0A}\x{A0A}\x{A0A}\x{A0A}\x{A0A}\x{A0A}\x{A0A}\x{A0A}\x{A0A}\x{A0A}\x{A0A}\x{A0A}\x{A0A}\x{A0A}\x{A0A}\x{A0A}\x{A0A}\x{A0A}\x{A0A}\x{A0A}\x{A0A}\x{A0A}\x{A0A}\x{A0A}\x{A0A}\x{A0A}\x{A0A}\x{A0A}\x{A0A}\x{A0A}\x{A0A}\x{A0A}\x{A0A}\x{A0A}\x{A0A}\x{A0A}\x{A0A}\x{A0A}\x{A0A}\x{A0A}\x{A0A}\x{A0A}\x{A0A}\x{A0A}\x{A0A}\x{A0A}\x{A0A}\x{A0A}\x{A0A}\x{A0A}\x{A0A}\x{A0A}\x{A0A}\x{A0A}\x{A0A}\x{A0A}\x{A0A}\x{A0A}\x{A0A}\x{A0A}\x{A0A}\x{A0A}\x{A0A}\x{A0A}\x{A0A}\x{A0A}\x{A0A}\x{A0A}\x{A0A}\x{A0A}\x{A0A}\x{A0A}\x{A0A}\x{A0A}\x{A0A}\x{A0A}\x{A0A}\x{A0A}\x{A0A}\x{A0A}\x{A0A}\x{A0A}\x{A0A}\x{A0A}\x{A0A}\x{A0A}\x{A0A}\x{A0A}\x{A0A}\x{A0A}\x{A0A}\x{A0A}\x{A0A}\x{A0A}\x{A0A}\x{A0A}\x{A0A}\x{A0A}\x{A0A}\x{A0A}\x{A0A}\x{A0A}\x{A0A}\x{A0A}\x{A0A}\x{A0A}\x{A0A}\x{A0A}\x{A0A}\x{A0A}\x{A0A}\x{A0A}\x{A0A}\x{A0A}\x{A0A}\x{A0A}\x{A0A}\x{A0A}\x{A0A}\x{A0A}\x{A0A}\x{A0A}\x{A0A}\x{A0A}\x{A0A}\x{A0A}\x{A0A}\x{A0A}\x{A0A}\x{A0A}\x{A0A}\x{A0A}\x{A0A}\x{A0A}\x{A0A}\x{A0A}\x{A0A}\x{A0A}\x{A0A}\x{A0A}\x{A0A}\x{A0A}\x{A0A}"
                text run at (0,102) width 251: "\x{2F3C}\x{6568}\x{6461}\x{A3E}\x{6D3C}\x{7465}\x{2061}\x{6863}\x{7261}\x{6573}\x{3D74}\x{7722}\x{6E69}\x{6F64}\x{7377}\x{312D}\x{3532}"
                text run at (0,129) width 260: "\x{2231}\x{A3E}\x{623C}\x{646F}\x{3E79}\x{3C0A}\x{3E70}\x{6641}\x{6574}\x{2072}\x{633C}\x{646F}\x{3E65}\x{6568}\x{6461}\x{2F3C}\x{6F63}"
                text run at (0,155) width 252: "\x{6564}\x{2C3E}\x{6220}\x{6665}\x{726F}\x{2065}\x{633C}\x{646F}\x{3E65}\x{6F62}\x{7964}\x{2F3C}\x{6F63}\x{6564}\x{2C3E}\x{6120}\x{7466}"
                text run at (0,177) width 257: "\x{7265}\x{6620}\x{7269}\x{7473}\x{6B20}\x{6C69}\x{626F}\x{7479}\x{2E65}\x{2F3C}\x{3E70}\x{3C0A}\x{3E70}\x{6554}\x{7473}\x{203A}\x{3CE6}"
                text run at (0,200) width 254: "\x{702F}\x{A3E}\x{703C}\x{493E}\x{2066}\x{2326}\x{3078}\x{3334}\x{3B36}\x{202C}\x{656D}\x{6174}\x{7420}\x{6B61}\x{7365}\x{6520}\x{6666}"
                text run at (0,227) width 126: "\x{6365}\x{3C74}\x{702F}\x{A3E}\x{2F3C}\x{6F62}\x{7964}\x{A3E}"
      RenderText {#text} at (304,456) size 4x18
        text run at (304,456) width 4: " "
      RenderIFrame {IFRAME} at (308,316) size 304x154 [border: (2px inset #000000)]
        layer at (0,0) size 285x154
          RenderView at (0,0) size 285x150
        layer at (0,0) size 285x154
          RenderBlock {HTML} at (0,0) size 285x154
            RenderBody {BODY} at (8,16) size 269x122
              RenderBlock {P} at (0,0) size 269x54
                RenderText {#text} at (0,0) size 38x18
                  text run at (0,0) width 38: "After "
                RenderInline {CODE} at (0,0) size 32x15
                  RenderText {#text} at (37,2) size 32x15
                    text run at (37,2) width 32: "head"
                RenderText {#text} at (68,0) size 54x18
                  text run at (68,0) width 54: ", before "
                RenderInline {CODE} at (0,0) size 33x15
                  RenderText {#text} at (121,2) size 33x15
                    text run at (121,2) width 33: "body"
                RenderText {#text} at (153,0) size 231x54
                  text run at (153,0) width 78: ", within first"
                  text run at (0,18) width 213: "kilobyte, with a CRLF in the first"
                  text run at (0,36) width 57: "kilobyte."
              RenderBlock {P} at (0,70) size 269x18
                RenderText {#text} at (0,0) size 47x18
                  text run at (0,0) width 47: "Test: \x{436}"
              RenderBlock {P} at (0,104) size 269x18
                RenderText {#text} at (0,0) size 143x18
                  text run at (0,0) width 143: "If \x{436}, meta takes effect"
      RenderText {#text} at (0,0) size 0x0
      RenderIFrame {IFRAME} at (0,474) size 304x154 [border: (2px inset #000000)]
        layer at (0,0) size 300x150
          RenderView at (0,0) size 300x150
        layer at (0,0) size 300x136
          RenderBlock {HTML} at (0,0) size 300x136
            RenderBody {BODY} at (8,16) size 284x104
              RenderBlock {P} at (0,0) size 284x36
                RenderText {#text} at (0,0) size 38x18
                  text run at (0,0) width 38: "After "
                RenderInline {CODE} at (0,0) size 32x15
                  RenderText {#text} at (37,2) size 32x15
                    text run at (37,2) width 32: "head"
                RenderText {#text} at (68,0) size 54x18
                  text run at (68,0) width 54: ", before "
                RenderInline {CODE} at (0,0) size 33x15
                  RenderText {#text} at (121,2) size 33x15
                    text run at (121,2) width 33: "body"
                RenderText {#text} at (153,0) size 231x36
                  text run at (153,0) width 78: ", within first"
                  text run at (0,18) width 57: "kilobyte."
              RenderBlock {P} at (0,52) size 284x18
                RenderText {#text} at (0,0) size 47x18
                  text run at (0,0) width 47: "Test: \x{436}"
              RenderBlock {P} at (0,86) size 284x18
                RenderText {#text} at (0,0) size 143x18
                  text run at (0,0) width 143: "If \x{436}, meta takes effect"
      RenderText {#text} at (304,614) size 4x18
        text run at (304,614) width 4: " "
      RenderIFrame {IFRAME} at (308,474) size 304x154 [border: (2px inset #000000)]
        layer at (0,0) size 300x150
          RenderView at (0,0) size 300x150
        layer at (0,0) size 300x118
          RenderBlock {HTML} at (0,0) size 300x118
            RenderBody {BODY} at (8,16) size 284x86
              RenderBlock {P} at (0,0) size 284x18
                RenderText {#text} at (0,0) size 88x18
                  text run at (0,0) width 88: "Normal meta."
              RenderBlock {P} at (0,34) size 284x18
                RenderText {#text} at (0,0) size 47x18
                  text run at (0,0) width 47: "Test: \x{436}"
              RenderBlock {P} at (0,68) size 284x18
                RenderText {#text} at (0,0) size 143x18
                  text run at (0,0) width 143: "If \x{436}, meta takes effect"
      RenderText {#text} at (0,0) size 0x0
      RenderIFrame {IFRAME} at (0,632) size 304x154 [border: (2px inset #000000)]
        layer at (0,0) size 285x273
          RenderView at (0,0) size 285x150
        layer at (0,0) size 285x273
          RenderBlock {HTML} at (0,0) size 285x273
            RenderBody {BODY} at (8,8) size 269x257
              RenderText {#text} at (0,4) size 266x252
                text run at (0,4) width 264: "\x{213C}\x{4F44}\x{5443}\x{5059}\x{2045}\x{7468}\x{6C6D}\x{A3E}\x{683C}\x{6165}\x{3E64}\x{3C0A}\x{696C}\x{6B6E}\x{7220}\x{6C65}\x{223D}\x{696D}"
                text run at (0,30) width 266: "\x{6D73}\x{7461}\x{6863}\x{2022}\x{7268}\x{6665}\x{223D}\x{6572}\x{6566}\x{6572}\x{636E}\x{7365}\x{642F}\x{636F}\x{6D75}\x{6E65}\x{2D74}\x{7277}"
                text run at (0,52) width 261: "\x{7469}\x{2D65}\x{6572}\x{2E66}\x{7468}\x{6C6D}\x{3E22}\x{3C0A}\x{6373}\x{6972}\x{7470}\x{643E}\x{636F}\x{6D75}\x{6E65}\x{2E74}\x{7277}"
                text run at (0,74) width 255: "\x{7469}\x{2865}\x{3C27}\x{656D}\x{6174}\x{6320}\x{6168}\x{2772}\x{2B20}\x{2720}\x{6573}\x{3D74}\x{7722}\x{6E69}\x{6F64}\x{7377}\x{312D}\x{3532}"
                text run at (0,97) width 259: "\x{2231}\x{273E}\x{3B29}\x{2F3C}\x{6373}\x{6972}\x{7470}\x{A3E}\x{2F3C}\x{6568}\x{6461}\x{A3E}\x{623C}\x{646F}\x{3E79}\x{3C0A}\x{3E70}"
                text run at (0,123) width 256: "\x{654D}\x{6174}\x{6620}\x{6F72}\x{206D}\x{633C}\x{646F}\x{3E65}\x{6F64}\x{7563}\x{656D}\x{746E}\x{772E}\x{6972}\x{6574}\x{2F3C}\x{6F63}"
                text run at (0,145) width 248: "\x{6564}\x{203E}\x{7728}\x{7469}\x{2068}\x{6F63}\x{636E}\x{7461}\x{6E65}\x{7461}\x{6F69}\x{206E}\x{6E69}\x{7420}\x{6568}\x{6D20}\x{6469}\x{6C64}"
                text run at (0,167) width 248: "\x{2065}\x{666F}\x{3C20}\x{6F63}\x{6564}\x{633E}\x{6168}\x{7372}\x{7465}\x{2F3C}\x{6F63}\x{6564}\x{203E}\x{6F74}\x{7220}\x{7165}\x{6975}"
                text run at (0,190) width 266: "\x{6572}\x{6520}\x{6578}\x{7563}\x{6974}\x{6E6F}\x{6620}\x{726F}\x{6520}\x{6666}\x{6365}\x{2974}\x{3C2E}\x{702F}\x{A3E}\x{703C}\x{543E}"
                text run at (0,216) width 265: "\x{7365}\x{3A74}\x{E620}\x{2F3C}\x{3E70}\x{3C0A}\x{3E70}\x{6649}\x{2620}\x{7823}\x{3430}\x{3633}\x{2C3B}\x{6D20}\x{7465}\x{2061}\x{6174}\x{656B}\x{2073}"
                text run at (0,238) width 160: "\x{6665}\x{6566}\x{7463}\x{2F3C}\x{3E70}\x{3C0A}\x{622F}\x{646F}\x{3E79}\x{FFFD}"
      RenderText {#text} at (304,772) size 4x18
        text run at (304,772) width 4: " "
      RenderIFrame {IFRAME} at (308,632) size 304x154 [border: (2px inset #000000)]
        layer at (0,0) size 285x190
          RenderView at (0,0) size 285x150
        layer at (0,0) size 285x190
          RenderBlock {HTML} at (0,0) size 285x190
            RenderBody {BODY} at (8,8) size 269x174
              RenderText {#text} at (0,4) size 264x165
                text run at (0,4) width 264: "\x{213C}\x{4F44}\x{5443}\x{5059}\x{2045}\x{7468}\x{6C6D}\x{A3E}\x{683C}\x{6165}\x{3E64}\x{3C0A}\x{696C}\x{6B6E}\x{7220}\x{6C65}\x{223D}\x{696D}"
                text run at (0,30) width 262: "\x{6D73}\x{7461}\x{6863}\x{2022}\x{7268}\x{6665}\x{223D}\x{6572}\x{6566}\x{6572}\x{636E}\x{7365}\x{692F}\x{2D6E}\x{6F63}\x{6D6D}\x{6E65}\x{2D74}"
                text run at (0,52) width 256: "\x{6572}\x{2E66}\x{7468}\x{6C6D}\x{3E22}\x{3C0A}\x{2D21}\x{3C2D}\x{656D}\x{6174}\x{6320}\x{6168}\x{7372}\x{7465}\x{223D}\x{6977}\x{646E}"
                text run at (0,75) width 258: "\x{776F}\x{2D73}\x{3231}\x{3135}\x{3E22}\x{2D2D}\x{A3E}\x{2F3C}\x{6568}\x{6461}\x{A3E}\x{623C}\x{646F}\x{3E79}\x{3C0A}\x{3E70}\x{654D}"
                text run at (0,101) width 241: "\x{6174}\x{6920}\x{736E}\x{6469}\x{2065}\x{6F63}\x{6D6D}\x{6E65}\x{2E74}\x{2F3C}\x{3E70}\x{3C0A}\x{3E70}\x{6554}\x{7473}\x{203A}\x{3CE6}"
                text run at (0,124) width 254: "\x{702F}\x{A3E}\x{703C}\x{493E}\x{2066}\x{2326}\x{3078}\x{3334}\x{3B36}\x{202C}\x{656D}\x{6174}\x{7420}\x{6B61}\x{7365}\x{6520}\x{6666}"
                text run at (0,151) width 126: "\x{6365}\x{3C74}\x{702F}\x{A3E}\x{2F3C}\x{6F62}\x{7964}\x{A3E}"
      RenderText {#text} at (0,0) size 0x0
      RenderIFrame {IFRAME} at (0,790) size 304x154 [border: (2px inset #000000)]
        layer at (0,0) size 4315x327
          RenderView at (0,0) size 285x135
        layer at (0,0) size 285x327
          RenderBlock {HTML} at (0,0) size 285x327
            RenderBody {BODY} at (8,8) size 269x311
              RenderText {#text} at (0,4) size 4307x302
                text run at (0,4) width 264: "\x{213C}\x{4F44}\x{5443}\x{5059}\x{2045}\x{7468}\x{6C6D}\x{A3E}\x{683C}\x{6165}\x{3E64}\x{3C0A}\x{696C}\x{6B6E}\x{7220}\x{6C65}\x{223D}\x{696D}"
                text run at (0,30) width 266: "\x{6D73}\x{7461}\x{6863}\x{2022}\x{7268}\x{6665}\x{223D}\x{6572}\x{6566}\x{6572}\x{636E}\x{7365}\x{692F}\x{2D6E}\x{6F6E}\x{6373}\x{6972}\x{7470}"
                text run at (0,52) width 269: "\x{612D}\x{7466}\x{7265}\x{742D}\x{6D65}\x{6C70}\x{7461}\x{2D65}\x{6661}\x{6574}\x{2D72}\x{6B31}\x{2D62}\x{6572}\x{2E66}\x{7468}\x{6C6D}\x{3E22}"
                text run at (0,74) width 256: "\x{3C0A}\x{6F6E}\x{6373}\x{6972}\x{7470}\x{3C3E}\x{6574}\x{706D}\x{616C}\x{6574}\x{3C3E}\x{742F}\x{6D65}\x{6C70}\x{7461}\x{3E65}"
                text run at (0,97) width 4307: "\x{A0A}\x{A0A}\x{A0A}\x{A0A}\x{A0A}\x{A0A}\x{A0A}\x{A0A}\x{A0A}\x{A0A}\x{A0A}\x{A0A}\x{A0A}\x{A0A}\x{A0A}\x{A0A}\x{A0A}\x{A0A}\x{A0A}\x{A0A}\x{A0A}\x{A0A}\x{A0A}\x{A0A}\x{A0A}\x{A0A}\x{A0A}\x{A0A}\x{A0A}\x{A0A}\x{A0A}\x{A0A}\x{A0A}\x{A0A}\x{A0A}\x{A0A}\x{A0A}\x{A0A}\x{A0A}\x{A0A}\x{A0A}\x{A0A}\x{A0A}\x{A0A}\x{A0A}\x{A0A}\x{A0A}\x{A0A}\x{A0A}\x{A0A}\x{A0A}\x{A0A}\x{A0A}\x{A0A}\x{A0A}\x{A0A}\x{A0A}\x{A0A}\x{A0A}\x{A0A}\x{A0A}\x{A0A}\x{A0A}\x{A0A}\x{A0A}\x{A0A}\x{A0A}\x{A0A}\x{A0A}\x{A0A}\x{A0A}\x{A0A}\x{A0A}\x{A0A}\x{A0A}\x{A0A}\x{A0A}\x{A0A}\x{A0A}\x{A0A}\x{A0A}\x{A0A}\x{A0A}\x{A0A}\x{A0A}\x{A0A}\x{A0A}\x{A0A}\x{A0A}\x{A0A}\x{A0A}\x{A0A}\x{A0A}\x{A0A}\x{A0A}\x{A0A}\x{A0A}\x{A0A}\x{A0A}\x{A0A}\x{A0A}\x{A0A}\x{A0A}\x{A0A}\x{A0A}\x{A0A}\x{A0A}\x{A0A}\x{A0A}\x{A0A}\x{A0A}\x{A0A}\x{A0A}\x{A0A}\x{A0A}\x{A0A}\x{A0A}\x{A0A}\x{A0A}\x{A0A}\x{A0A}\x{A0A}\x{A0A}\x{A0A}\x{A0A}\x{A0A}\x{A0A}\x{A0A}\x{A0A}\x{A0A}\x{A0A}\x{A0A}\x{A0A}\x{A0A}\x{A0A}\x{A0A}\x{A0A}\x{A0A}\x{A0A}\x{A0A}\x{A0A}\x{A0A}\x{A0A}\x{A0A}\x{A0A}\x{A0A}\x{A0A}\x{A0A}\x{A0A}\x{A0A}\x{A0A}\x{A0A}\x{A0A}\x{A0A}\x{A0A}\x{A0A}\x{A0A}\x{A0A}\x{A0A}\x{A0A}\x{A0A}\x{A0A}\x{A0A}\x{A0A}\x{A0A}\x{A0A}\x{A0A}\x{A0A}\x{A0A}\x{A0A}\x{A0A}\x{A0A}\x{A0A}\x{A0A}\x{A0A}\x{A0A}\x{A0A}\x{A0A}\x{A0A}\x{A0A}\x{A0A}\x{A0A}\x{A0A}\x{A0A}\x{A0A}\x{A0A}\x{A0A}\x{A0A}\x{A0A}\x{A0A}\x{A0A}\x{A0A}\x{A0A}\x{A0A}\x{A0A}\x{A0A}\x{A0A}\x{A0A}\x{A0A}\x{A0A}\x{A0A}\x{A0A}\x{A0A}\x{A0A}\x{A0A}\x{A0A}\x{A0A}\x{A0A}\x{A0A}\x{A0A}\x{A0A}\x{A0A}\x{A0A}\x{A0A}\x{A0A}\x{A0A}\x{A0A}\x{A0A}\x{A0A}\x{A0A}\x{A0A}\x{A0A}\x{A0A}\x{A0A}\x{A0A}\x{A0A}\x{A0A}\x{A0A}\x{A0A}\x{A0A}\x{A0A}\x{A0A}\x{A0A}\x{A0A}\x{A0A}\x{A0A}\x{A0A}\x{A0A}\x{A0A}\x{A0A}\x{A0A}\x{A0A}\x{A0A}\x{A0A}\x{A0A}\x{A0A}\x{A0A}\x{A0A}\x{A0A}\x{A0A}\x{A0A}\x{A0A}\x{A0A}\x{A0A}\x{A0A}\x{A0A}\x{A0A}\x{A0A}\x{A0A}\x{A0A}\x{A0A}\x{A0A}\x{A0A}\x{A0A}\x{A0A}\x{A0A}\x{A0A}\x{A0A}\x{A0A}\x{A0A}\x{A0A}\x{A0A}\x{A0A}\x{A0A}\x{A0A}\x{A0A}\x{A0A}\x{A0A}\x{A0A}\x{A0A}\x{A0A}\x{A0A}\x{A0A}\x{A0A}\x{A0A}\x{A0A}\x{A0A}\x{A0A}\x{A0A}\x{A0A}\x{A0A}\x{A0A}\x{A0A}\x{A0A}\x{A0A}\x{A0A}\x{A0A}\x{A0A}\x{A0A}\x{A0A}\x{A0A}\x{A0A}\x{A0A}\x{A0A}\x{A0A}\x{A0A}\x{A0A}\x{A0A}\x{A0A}\x{A0A}\x{A0A}\x{A0A}\x{A0A}\x{A0A}\x{A0A}\x{A0A}\x{A0A}\x{A0A}\x{A0A}\x{A0A}\x{A0A}\x{A0A}\x{A0A}\x{A0A}\x{A0A}\x{A0A}\x{A0A}\x{A0A}\x{A0A}\x{A0A}\x{A0A}\x{A0A}\x{A0A}\x{A0A}\x{A0A}\x{A0A}\x{A0A}\x{A0A}\x{A0A}\x{A0A}\x{A0A}\x{A0A}\x{A0A}\x{A0A}\x{A0A}\x{A0A}\x{A0A}\x{A0A}\x{A0A}\x{A0A}\x{A0A}\x{A0A}\x{A0A}\x{A0A}\x{A0A}\x{A0A}\x{A0A}\x{A0A}\x{A0A}\x{A0A}\x{A0A}\x{A0A}\x{A0A}\x{A0A}\x{A0A}\x{A0A}\x{A0A}\x{A0A}\x{A0A}\x{A0A}\x{A0A}\x{A0A}\x{A0A}\x{A0A}\x{A0A}\x{A0A}\x{A0A}\x{A0A}\x{A0A}\x{A0A}\x{A0A}\x{A0A}\x{A0A}\x{A0A}\x{A0A}\x{A0A}\x{A0A}\x{A0A}\x{A0A}\x{A0A}\x{A0A}\x{A0A}\x{A0A}\x{A0A}\x{A0A}\x{A0A}\x{A0A}\x{A0A}\x{A0A}\x{A0A}\x{A0A}\x{A0A}\x{A0A}\x{A0A}\x{A0A}\x{A0A}\x{A0A}\x{A0A}\x{A0A}\x{A0A}\x{A0A}\x{A0A}\x{A0A}\x{A0A}\x{A0A}\x{A0A}\x{A0A}\x{A0A}\x{A0A}\x{A0A}\x{A0A}\x{A0A}\x{A0A}\x{A0A}\x{A0A}\x{A0A}\x{A0A}\x{A0A}\x{A0A}\x{A0A}\x{A0A}\x{A0A}\x{A0A}\x{A0A}\x{A0A}\x{A0A}\x{A0A}\x{A0A}\x{A0A}\x{A0A}\x{A0A}\x{A0A}"
                text run at (0,123) width 262: "\x{6D3C}\x{7465}\x{2061}\x{6863}\x{7261}\x{6573}\x{3D74}\x{7722}\x{6E69}\x{6F64}\x{7377}\x{312D}\x{3532}\x{2231}\x{3C3E}\x{6E2F}\x{736F}\x{7263}"
                text run at (0,146) width 255: "\x{7069}\x{3E74}\x{3C0A}\x{682F}\x{6165}\x{3E64}\x{3C0A}\x{6F62}\x{7964}\x{A3E}\x{703C}\x{4D3E}\x{7465}\x{2061}\x{6E69}\x{3C20}\x{6F63}"
                text run at (0,172) width 256: "\x{6564}\x{6E3E}\x{736F}\x{7263}\x{7069}\x{3C74}\x{632F}\x{646F}\x{3E65}\x{6120}\x{7466}\x{7265}\x{3C20}\x{6F63}\x{6564}\x{743E}"
                text run at (0,194) width 251: "\x{6D65}\x{6C70}\x{7461}\x{3C65}\x{632F}\x{646F}\x{3E65}\x{2820}\x{6877}\x{6369}\x{2068}\x{7369}\x{6120}\x{736C}\x{206F}\x{6E69}\x{6973}\x{6564}"
                text run at (0,216) width 268: "\x{7420}\x{6568}\x{3C20}\x{6F63}\x{6564}\x{6E3E}\x{736F}\x{7263}\x{7069}\x{3C74}\x{632F}\x{646F}\x{3E65}\x{2029}\x{6661}\x{6574}\x{2072}\x{6B31}\x{2062}"
                text run at (0,238) width 268: "\x{666F}\x{7020}\x{6461}\x{6964}\x{676E}\x{6620}\x{6C6F}\x{6F6C}\x{6977}\x{676E}\x{7420}\x{6568}\x{7420}\x{6D65}\x{6C70}\x{7461}\x{2E65}"
                text run at (0,261) width 259: "\x{2F3C}\x{3E70}\x{3C0A}\x{3E70}\x{6554}\x{7473}\x{203A}\x{3CE6}\x{702F}\x{A3E}\x{703C}\x{493E}\x{2066}\x{2326}\x{3078}\x{3334}\x{3B36}\x{202C}"
                text run at (0,288) width 238: "\x{656D}\x{6174}\x{7420}\x{6B61}\x{7365}\x{6520}\x{6666}\x{6365}\x{3C74}\x{702F}\x{A3E}\x{2F3C}\x{6F62}\x{7964}\x{A3E}"
      RenderText {#text} at (304,930) size 4x18
        text run at (304,930) width 4: " "
      RenderIFrame {IFRAME} at (308,790) size 304x154 [border: (2px inset #000000)]
        layer at (0,0) size 300x150
          RenderView at (0,0) size 300x150
        layer at (0,0) size 300x118
          RenderBlock {HTML} at (0,0) size 300x118
            RenderBody {BODY} at (8,16) size 284x86
              RenderBlock (anonymous) at (0,0) size 284x0
                RenderInline {OBJECT} at (0,0) size 0x0
                RenderText {#text} at (0,0) size 0x0
              RenderBlock {P} at (0,0) size 284x18
                RenderText {#text} at (0,0) size 54x18
                  text run at (0,0) width 54: "Meta in "
                RenderInline {CODE} at (0,0) size 48x15
                  RenderText {#text} at (53,2) size 48x15
                    text run at (53,2) width 48: "object"
                RenderText {#text} at (100,0) size 5x18
                  text run at (100,0) width 5: "."
              RenderBlock {P} at (0,34) size 284x18
                RenderText {#text} at (0,0) size 47x18
                  text run at (0,0) width 47: "Test: \x{436}"
              RenderBlock {P} at (0,68) size 284x18
                RenderText {#text} at (0,0) size 143x18
                  text run at (0,0) width 143: "If \x{436}, meta takes effect"
      RenderText {#text} at (0,0) size 0x0
      RenderIFrame {IFRAME} at (0,948) size 304x154 [border: (2px inset #000000)]
        layer at (0,0) size 285x190
          RenderView at (0,0) size 285x150
        layer at (0,0) size 285x190
          RenderBlock {HTML} at (0,0) size 285x190
            RenderBody {BODY} at (8,8) size 269x174
              RenderText {#text} at (0,4) size 268x169
                text run at (0,4) width 264: "\x{213C}\x{4F44}\x{5443}\x{5059}\x{2045}\x{7468}\x{6C6D}\x{A3E}\x{683C}\x{6165}\x{3E64}\x{3C0A}\x{696C}\x{6B6E}\x{7220}\x{6C65}\x{223D}\x{696D}"
                text run at (0,30) width 266: "\x{6D73}\x{7461}\x{6863}\x{2022}\x{7268}\x{6665}\x{223D}\x{6572}\x{6566}\x{6572}\x{636E}\x{7365}\x{692F}\x{2D6E}\x{6373}\x{6972}\x{7470}\x{722D}"
                text run at (0,53) width 261: "\x{6665}\x{682E}\x{6D74}\x{226C}\x{A3E}\x{733C}\x{7263}\x{7069}\x{3E74}\x{6D3C}\x{7465}\x{2061}\x{6863}\x{7261}\x{6573}\x{3D74}\x{7722}\x{6E69}"
                text run at (0,79) width 246: "\x{6F64}\x{7377}\x{312D}\x{3532}\x{2231}\x{3C3E}\x{732F}\x{7263}\x{7069}\x{3E74}\x{3C0A}\x{682F}\x{6165}\x{3E64}\x{3C0A}\x{6F62}"
                text run at (0,102) width 255: "\x{7964}\x{A3E}\x{703C}\x{4D3E}\x{7465}\x{2061}\x{6E69}\x{3C20}\x{6F63}\x{6564}\x{733E}\x{7263}\x{7069}\x{3C74}\x{632F}\x{646F}\x{3E65}"
                text run at (0,129) width 268: "\x{3C2E}\x{702F}\x{A3E}\x{703C}\x{543E}\x{7365}\x{3A74}\x{E620}\x{2F3C}\x{3E70}\x{3C0A}\x{3E70}\x{6649}\x{2620}\x{7823}\x{3430}\x{3633}\x{2C3B}"
                text run at (0,155) width 236: "\x{6D20}\x{7465}\x{2061}\x{6174}\x{656B}\x{2073}\x{6665}\x{6566}\x{7463}\x{2F3C}\x{3E70}\x{3C0A}\x{622F}\x{646F}\x{3E79}\x{FFFD}"
      RenderText {#text} at (304,1088) size 4x18
        text run at (304,1088) width 4: " "
      RenderIFrame {IFRAME} at (308,948) size 304x154 [border: (2px inset #000000)]
        layer at (0,0) size 285x185
          RenderView at (0,0) size 285x150
        layer at (0,0) size 285x185
          RenderBlock {HTML} at (0,0) size 285x185
            RenderBody {BODY} at (8,8) size 269x169
              RenderText {#text} at (0,4) size 269x164
                text run at (0,4) width 264: "\x{213C}\x{4F44}\x{5443}\x{5059}\x{2045}\x{7468}\x{6C6D}\x{A3E}\x{683C}\x{6165}\x{3E64}\x{3C0A}\x{696C}\x{6B6E}\x{7220}\x{6C65}\x{223D}\x{696D}"
                text run at (0,30) width 264: "\x{6D73}\x{7461}\x{6863}\x{2022}\x{7268}\x{6665}\x{223D}\x{6572}\x{6566}\x{6572}\x{636E}\x{7365}\x{692F}\x{2D6E}\x{7473}\x{6C79}\x{2D65}\x{6572}"
                text run at (0,52) width 268: "\x{2E66}\x{7468}\x{6C6D}\x{3E22}\x{3C0A}\x{7473}\x{6C79}\x{3E65}\x{6D3C}\x{7465}\x{2061}\x{6863}\x{7261}\x{6573}\x{3D74}\x{7722}\x{6E69}\x{6F64}"
                text run at (0,75) width 259: "\x{7377}\x{312D}\x{3532}\x{2231}\x{3C3E}\x{732F}\x{7974}\x{656C}\x{A3E}\x{2F3C}\x{6568}\x{6461}\x{A3E}\x{623C}\x{646F}\x{3E79}\x{3C0A}"
                text run at (0,102) width 255: "\x{3E70}\x{654D}\x{6174}\x{6920}\x{206E}\x{633C}\x{646F}\x{3E65}\x{7473}\x{6C79}\x{3C65}\x{632F}\x{646F}\x{3E65}\x{3C2E}\x{702F}\x{A3E}"
                text run at (0,128) width 269: "\x{703C}\x{543E}\x{7365}\x{3A74}\x{E620}\x{2F3C}\x{3E70}\x{3C0A}\x{3E70}\x{6649}\x{2620}\x{7823}\x{3430}\x{3633}\x{2C3B}\x{6D20}\x{7465}\x{2061}\x{6174}"
                text run at (0,150) width 188: "\x{656B}\x{2073}\x{6665}\x{6566}\x{7463}\x{2F3C}\x{3E70}\x{3C0A}\x{622F}\x{646F}\x{3E79}\x{FFFD}"
      RenderText {#text} at (0,0) size 0x0
      RenderIFrame {IFRAME} at (0,1106) size 304x154 [border: (2px inset #000000)]
        layer at (0,0) size 308x280
          RenderView at (0,0) size 285x135
        layer at (0,0) size 285x280
          RenderBlock {HTML} at (0,0) size 285x280
            RenderBody {BODY} at (8,8) size 269x256
              RenderBlock (anonymous) at (0,0) size 269x154
                RenderSVGRoot {svg} at (8,8) size 0x0
                RenderText {#text} at (0,0) size 0x0
              RenderBlock {P} at (0,170) size 269x18
                RenderText {#text} at (0,0) size 132x18
                  text run at (0,0) width 132: "In SVG (after head)."
              RenderBlock {P} at (0,204) size 269x18
                RenderText {#text} at (0,0) size 47x18
                  text run at (0,0) width 47: "Test: \x{436}"
              RenderBlock {P} at (0,238) size 269x18
                RenderText {#text} at (0,0) size 143x18
                  text run at (0,0) width 143: "If \x{436}, meta takes effect"
      RenderText {#text} at (304,1246) size 4x18
        text run at (304,1246) width 4: " "
      RenderIFrame {IFRAME} at (308,1106) size 304x154 [border: (2px inset #000000)]
        layer at (0,0) size 285x221
          RenderView at (0,0) size 285x150
        layer at (0,0) size 285x221
          RenderBlock {HTML} at (0,0) size 285x221
            RenderBody {BODY} at (8,8) size 269x205
              RenderText {#text} at (0,4) size 264x196
                text run at (0,4) width 264: "\x{213C}\x{4F44}\x{5443}\x{5059}\x{2045}\x{7468}\x{6C6D}\x{A3E}\x{683C}\x{6165}\x{3E64}\x{3C0A}\x{696C}\x{6B6E}\x{7220}\x{6C65}\x{223D}\x{696D}"
                text run at (0,30) width 263: "\x{6D73}\x{7461}\x{6863}\x{2022}\x{7268}\x{6665}\x{223D}\x{6572}\x{6566}\x{6572}\x{636E}\x{7365}\x{692F}\x{2D6E}\x{7673}\x{2D67}\x{6E69}\x{632D}"
                text run at (0,53) width 259: "\x{6164}\x{6174}\x{722D}\x{6665}\x{682E}\x{6D74}\x{226C}\x{A3E}\x{2F3C}\x{6568}\x{6461}\x{A3E}\x{623C}\x{646F}\x{3E79}\x{3C0A}\x{7673}"
                text run at (0,79) width 256: "\x{3E67}\x{213C}\x{435B}\x{4144}\x{4154}\x{3C5B}\x{656D}\x{6174}\x{6320}\x{6168}\x{7372}\x{7465}\x{223D}\x{6977}\x{646E}\x{776F}\x{2D73}"
                text run at (0,104) width 263: "\x{3231}\x{3135}\x{3E22}\x{5D5D}\x{3C3E}\x{732F}\x{6776}\x{A3E}\x{703C}\x{493E}\x{206E}\x{5653}\x{2047}\x{6E69}\x{4320}\x{4144}\x{4154}\x{2820}"
                text run at (0,131) width 250: "\x{6661}\x{6574}\x{2072}\x{6568}\x{6461}\x{2E29}\x{2F3C}\x{3E70}\x{3C0A}\x{3E70}\x{6554}\x{7473}\x{203A}\x{3CE6}\x{702F}\x{A3E}\x{703C}"
                text run at (0,157) width 228: "\x{493E}\x{2066}\x{2326}\x{3078}\x{3334}\x{3B36}\x{202C}\x{656D}\x{6174}\x{7420}\x{6B61}\x{7365}\x{6520}\x{6666}\x{6365}\x{3C74}"
                text run at (0,182) width 94: "\x{702F}\x{A3E}\x{2F3C}\x{6F62}\x{7964}\x{A3E}"
      RenderText {#text} at (0,0) size 0x0
      RenderIFrame {IFRAME} at (0,1264) size 304x154 [border: (2px inset #000000)]
        layer at (0,0) size 5075x288
          RenderView at (0,0) size 285x135
        layer at (0,0) size 285x288
          RenderBlock {HTML} at (0,0) size 285x288
            RenderBody {BODY} at (8,8) size 269x272
              RenderText {#text} at (0,4) size 5068x263
                text run at (0,4) width 264: "\x{213C}\x{4F44}\x{5443}\x{5059}\x{2045}\x{7468}\x{6C6D}\x{A3E}\x{683C}\x{6165}\x{3E64}\x{3C0A}\x{696C}\x{6B6E}\x{7220}\x{6C65}\x{223D}\x{696D}"
                text run at (0,30) width 266: "\x{6D73}\x{7461}\x{6863}\x{2022}\x{7268}\x{6665}\x{223D}\x{6572}\x{6566}\x{6572}\x{636E}\x{7365}\x{692F}\x{2D6E}\x{6574}\x{706D}\x{616C}\x{6574}"
                text run at (0,52) width 140: "\x{612D}\x{7466}\x{7265}\x{312D}\x{626B}\x{722D}\x{6665}\x{682E}\x{6D74}"
                text run at (0,75) width 5068: "\x{226C}\x{A3E}\x{A0A}\x{A0A}\x{A0A}\x{A0A}\x{A0A}\x{A0A}\x{A0A}\x{A0A}\x{A0A}\x{A0A}\x{A0A}\x{A0A}\x{A0A}\x{A0A}\x{A0A}\x{A0A}\x{A0A}\x{A0A}\x{A0A}\x{A0A}\x{A0A}\x{A0A}\x{A0A}\x{A0A}\x{A0A}\x{A0A}\x{A0A}\x{A0A}\x{A0A}\x{A0A}\x{A0A}\x{A0A}\x{A0A}\x{A0A}\x{A0A}\x{A0A}\x{A0A}\x{A0A}\x{A0A}\x{A0A}\x{A0A}\x{A0A}\x{A0A}\x{A0A}\x{A0A}\x{A0A}\x{A0A}\x{A0A}\x{A0A}\x{A0A}\x{A0A}\x{A0A}\x{A0A}\x{A0A}\x{A0A}\x{A0A}\x{A0A}\x{A0A}\x{A0A}\x{A0A}\x{A0A}\x{A0A}\x{A0A}\x{A0A}\x{A0A}\x{A0A}\x{A0A}\x{A0A}\x{A0A}\x{A0A}\x{A0A}\x{A0A}\x{A0A}\x{A0A}\x{A0A}\x{A0A}\x{A0A}\x{A0A}\x{A0A}\x{A0A}\x{A0A}\x{A0A}\x{A0A}\x{A0A}\x{A0A}\x{A0A}\x{A0A}\x{A0A}\x{A0A}\x{A0A}\x{A0A}\x{A0A}\x{A0A}\x{A0A}\x{A0A}\x{A0A}\x{A0A}\x{A0A}\x{A0A}\x{A0A}\x{A0A}\x{A0A}\x{A0A}\x{A0A}\x{A0A}\x{A0A}\x{A0A}\x{A0A}\x{A0A}\x{A0A}\x{A0A}\x{A0A}\x{A0A}\x{A0A}\x{A0A}\x{A0A}\x{A0A}\x{A0A}\x{A0A}\x{A0A}\x{A0A}\x{A0A}\x{A0A}\x{A0A}\x{A0A}\x{A0A}\x{A0A}\x{A0A}\x{A0A}\x{A0A}\x{A0A}\x{A0A}\x{A0A}\x{A0A}\x{A0A}\x{A0A}\x{A0A}\x{A0A}\x{A0A}\x{A0A}\x{A0A}\x{A0A}\x{A0A}\x{A0A}\x{A0A}\x{A0A}\x{A0A}\x{A0A}\x{A0A}\x{A0A}\x{A0A}\x{A0A}\x{A0A}\x{A0A}\x{A0A}\x{A0A}\x{A0A}\x{A0A}\x{A0A}\x{A0A}\x{A0A}\x{A0A}\x{A0A}\x{A0A}\x{A0A}\x{A0A}\x{A0A}\x{A0A}\x{A0A}\x{A0A}\x{A0A}\x{A0A}\x{A0A}\x{A0A}\x{A0A}\x{A0A}\x{A0A}\x{A0A}\x{A0A}\x{A0A}\x{A0A}\x{A0A}\x{A0A}\x{A0A}\x{A0A}\x{A0A}\x{A0A}\x{A0A}\x{A0A}\x{A0A}\x{A0A}\x{A0A}\x{A0A}\x{A0A}\x{A0A}\x{A0A}\x{A0A}\x{A0A}\x{A0A}\x{A0A}\x{A0A}\x{A0A}\x{A0A}\x{A0A}\x{A0A}\x{A0A}\x{A0A}\x{A0A}\x{A0A}\x{A0A}\x{A0A}\x{A0A}\x{A0A}\x{A0A}\x{A0A}\x{A0A}\x{A0A}\x{A0A}\x{A0A}\x{A0A}\x{A0A}\x{A0A}\x{A0A}\x{A0A}\x{A0A}\x{A0A}\x{A0A}\x{A0A}\x{A0A}\x{A0A}\x{A0A}\x{A0A}\x{A0A}\x{A0A}\x{A0A}\x{A0A}\x{A0A}\x{A0A}\x{A0A}\x{A0A}\x{A0A}\x{A0A}\x{A0A}\x{A0A}\x{A0A}\x{A0A}\x{A0A}\x{A0A}\x{A0A}\x{A0A}\x{A0A}\x{A0A}\x{A0A}\x{A0A}\x{A0A}\x{A0A}\x{A0A}\x{A0A}\x{A0A}\x{A0A}\x{A0A}\x{A0A}\x{A0A}\x{A0A}\x{A0A}\x{A0A}\x{A0A}\x{A0A}\x{A0A}\x{A0A}\x{A0A}\x{A0A}\x{A0A}\x{A0A}\x{A0A}\x{A0A}\x{A0A}\x{A0A}\x{A0A}\x{A0A}\x{A0A}\x{A0A}\x{A0A}\x{A0A}\x{A0A}\x{A0A}\x{A0A}\x{A0A}\x{A0A}\x{A0A}\x{A0A}\x{A0A}\x{A0A}\x{A0A}\x{A0A}\x{A0A}\x{A0A}\x{A0A}\x{A0A}\x{A0A}\x{A0A}\x{A0A}\x{A0A}\x{A0A}\x{A0A}\x{A0A}\x{A0A}\x{A0A}\x{A0A}\x{A0A}\x{A0A}\x{A0A}\x{A0A}\x{A0A}\x{A0A}\x{A0A}\x{A0A}\x{A0A}\x{A0A}\x{A0A}\x{A0A}\x{A0A}\x{A0A}\x{A0A}\x{A0A}\x{A0A}\x{A0A}\x{A0A}\x{A0A}\x{A0A}\x{A0A}\x{A0A}\x{A0A}\x{A0A}\x{A0A}\x{A0A}\x{A0A}\x{A0A}\x{A0A}\x{A0A}\x{A0A}\x{A0A}\x{A0A}\x{A0A}\x{A0A}\x{A0A}\x{A0A}\x{A0A}\x{A0A}\x{A0A}\x{A0A}\x{A0A}\x{A0A}\x{A0A}\x{A0A}\x{A0A}\x{A0A}\x{A0A}\x{A0A}\x{A0A}\x{A0A}\x{A0A}\x{A0A}\x{A0A}\x{A0A}\x{A0A}\x{A0A}\x{A0A}\x{A0A}\x{A0A}\x{A0A}\x{A0A}\x{A0A}\x{A0A}\x{A0A}\x{A0A}\x{A0A}\x{A0A}\x{A0A}\x{A0A}\x{A0A}\x{A0A}\x{A0A}\x{A0A}\x{A0A}\x{A0A}\x{A0A}\x{A0A}\x{A0A}\x{A0A}\x{A0A}\x{A0A}\x{A0A}\x{A0A}\x{A0A}\x{A0A}\x{A0A}\x{A0A}\x{A0A}\x{A0A}\x{A0A}\x{A0A}\x{A0A}\x{A0A}\x{A0A}\x{A0A}\x{A0A}\x{A0A}\x{A0A}\x{A0A}\x{A0A}\x{A0A}\x{A0A}\x{A0A}\x{A0A}\x{A0A}\x{A0A}\x{A0A}\x{A0A}\x{A0A}\x{A0A}\x{A0A}\x{A0A}\x{A0A}\x{A0A}\x{A0A}\x{A0A}\x{A0A}\x{A0A}\x{A0A}\x{A0A}\x{A0A}\x{A0A}\x{A0A}\x{A0A}\x{A0A}\x{A0A}\x{A0A}\x{A0A}\x{A0A}\x{A0A}\x{A0A}\x{A0A}\x{A0A}\x{A0A}\x{A0A}\x{A0A}\x{A0A}\x{A0A}\x{A0A}\x{A0A}\x{A0A}\x{A0A}\x{A0A}\x{A0A}\x{A0A}\x{A0A}\x{A0A}\x{A0A}\x{A0A}\x{A0A}\x{A0A}\x{A0A}\x{A0A}\x{A0A}\x{A0A}\x{A0A}\x{A0A}\x{A0A}\x{A0A}\x{A0A}\x{A0A}\x{A0A}\x{A0A}\x{A0A}\x{A0A}\x{A0A}\x{A0A}\x{A0A}\x{A0A}\x{A0A}\x{A0A}\x{A0A}\x{A0A}\x{A0A}\x{A0A}\x{A0A}\x{A0A}\x{A0A}\x{A0A}\x{A0A}\x{A0A}\x{A0A}\x{A0A}\x{A0A}\x{A0A}\x{A0A}\x{A0A}\x{A0A}\x{A0A}\x{A0A}\x{A0A}\x{A0A}\x{A0A}\x{A0A}\x{A0A}\x{A0A}\x{A0A}\x{A0A}\x{A0A}\x{A0A}\x{A0A}\x{A0A}\x{A0A}\x{A0A}\x{A0A}\x{A0A}\x{A0A}"
                text run at (0,101) width 268: "\x{743C}\x{6D65}\x{6C70}\x{7461}\x{3E65}\x{6D3C}\x{7465}\x{2061}\x{6863}\x{7261}\x{6573}\x{3D74}\x{7722}\x{6E69}\x{6F64}\x{7377}\x{312D}\x{3532}"
                text run at (0,124) width 265: "\x{2231}\x{3C3E}\x{742F}\x{6D65}\x{6C70}\x{7461}\x{3E65}\x{3C0A}\x{682F}\x{6165}\x{3E64}\x{3C0A}\x{6F62}\x{7964}\x{A3E}\x{703C}\x{493E}\x{206E}"
                text run at (0,150) width 254: "\x{633C}\x{646F}\x{3E65}\x{6574}\x{706D}\x{616C}\x{6574}\x{2F3C}\x{6F63}\x{6564}\x{2C3E}\x{6220}\x{6665}\x{726F}\x{2065}\x{633C}\x{646F}"
                text run at (0,172) width 261: "\x{3E65}\x{6568}\x{6461}\x{2F3C}\x{6F63}\x{6564}\x{203E}\x{6E65}\x{2064}\x{6174}\x{2C67}\x{6120}\x{7466}\x{7265}\x{6620}\x{7269}\x{7473}\x{6B20}"
                text run at (0,195) width 252: "\x{6C69}\x{626F}\x{7479}\x{2E65}\x{2F3C}\x{3E70}\x{3C0A}\x{3E70}\x{6554}\x{7473}\x{203A}\x{3CE6}\x{702F}\x{A3E}\x{703C}\x{493E}\x{2066}"
                text run at (0,222) width 259: "\x{2326}\x{3078}\x{3334}\x{3B36}\x{202C}\x{656D}\x{6174}\x{7420}\x{6B61}\x{7365}\x{6520}\x{6666}\x{6365}\x{3C74}\x{702F}\x{A3E}\x{2F3C}"
                text run at (0,249) width 47: "\x{6F62}\x{7964}\x{A3E}"
      RenderText {#text} at (304,1404) size 4x18
        text run at (304,1404) width 4: " "
      RenderIFrame {IFRAME} at (308,1264) size 304x154 [border: (2px inset #000000)]
        layer at (0,0) size 300x150
          RenderView at (0,0) size 300x150
        layer at (0,0) size 300x118
          RenderBlock {HTML} at (0,0) size 300x118
            RenderBody {BODY} at (8,16) size 284x86
              RenderBlock {P} at (0,0) size 284x18
                RenderText {#text} at (0,0) size 54x18
                  text run at (0,0) width 54: "Meta in "
                RenderInline {CODE} at (0,0) size 63x15
                  RenderText {#text} at (53,2) size 63x15
                    text run at (53,2) width 63: "template"
                RenderText {#text} at (115,0) size 5x18
                  text run at (115,0) width 5: "."
              RenderBlock {P} at (0,34) size 284x18
                RenderText {#text} at (0,0) size 47x18
                  text run at (0,0) width 47: "Test: \x{436}"
              RenderBlock {P} at (0,68) size 284x18
                RenderText {#text} at (0,0) size 143x18
                  text run at (0,0) width 143: "If \x{436}, meta takes effect"
      RenderText {#text} at (0,0) size 0x0
      RenderIFrame {IFRAME} at (0,1422) size 304x154 [border: (2px inset #000000)]
        layer at (0,0) size 285x185
          RenderView at (0,0) size 285x150
        layer at (0,0) size 285x185
          RenderBlock {HTML} at (0,0) size 285x185
            RenderBody {BODY} at (8,8) size 269x169
              RenderText {#text} at (0,4) size 269x164
                text run at (0,4) width 264: "\x{213C}\x{4F44}\x{5443}\x{5059}\x{2045}\x{7468}\x{6C6D}\x{A3E}\x{683C}\x{6165}\x{3E64}\x{3C0A}\x{696C}\x{6B6E}\x{7220}\x{6C65}\x{223D}\x{696D}"
                text run at (0,30) width 264: "\x{6D73}\x{7461}\x{6863}\x{2022}\x{7268}\x{6665}\x{223D}\x{6572}\x{6566}\x{6572}\x{636E}\x{7365}\x{692F}\x{2D6E}\x{6974}\x{6C74}\x{2D65}\x{6572}"
                text run at (0,52) width 268: "\x{2E66}\x{7468}\x{6C6D}\x{3E22}\x{3C0A}\x{6974}\x{6C74}\x{3E65}\x{6D3C}\x{7465}\x{2061}\x{6863}\x{7261}\x{6573}\x{3D74}\x{7722}\x{6E69}\x{6F64}"
                text run at (0,75) width 259: "\x{7377}\x{312D}\x{3532}\x{2231}\x{3C3E}\x{742F}\x{7469}\x{656C}\x{A3E}\x{2F3C}\x{6568}\x{6461}\x{A3E}\x{623C}\x{646F}\x{3E79}\x{3C0A}"
                text run at (0,102) width 255: "\x{3E70}\x{654D}\x{6174}\x{6920}\x{206E}\x{633C}\x{646F}\x{3E65}\x{6974}\x{6C74}\x{3C65}\x{632F}\x{646F}\x{3E65}\x{3C2E}\x{702F}\x{A3E}"
                text run at (0,128) width 269: "\x{703C}\x{543E}\x{7365}\x{3A74}\x{E620}\x{2F3C}\x{3E70}\x{3C0A}\x{3E70}\x{6649}\x{2620}\x{7823}\x{3430}\x{3633}\x{2C3B}\x{6D20}\x{7465}\x{2061}\x{6174}"
                text run at (0,150) width 188: "\x{656B}\x{2073}\x{6665}\x{6566}\x{7463}\x{2F3C}\x{3E70}\x{3C0A}\x{622F}\x{646F}\x{3E79}\x{FFFD}"
      RenderText {#text} at (304,1562) size 4x18
        text run at (304,1562) width 4: " "
      RenderIFrame {IFRAME} at (308,1422) size 304x154 [border: (2px inset #000000)]
        layer at (0,0) size 300x150
          RenderView at (0,0) size 300x150
        layer at (0,0) size 300x118
          RenderBlock {HTML} at (0,0) size 300x118
            RenderBody {BODY} at (8,16) size 284x86
              RenderBlock {P} at (0,0) size 284x18
                RenderText {#text} at (0,0) size 152x18
                  text run at (0,0) width 152: "NCR in encoding label."
              RenderBlock {P} at (0,34) size 284x18
                RenderText {#text} at (0,0) size 47x18
                  text run at (0,0) width 47: "Test: \x{436}"
              RenderBlock {P} at (0,68) size 284x18
                RenderText {#text} at (0,0) size 143x18
                  text run at (0,0) width 143: "If \x{436}, meta takes effect"
      RenderText {#text} at (0,0) size 0x0
      RenderIFrame {IFRAME} at (0,1580) size 304x154 [border: (2px inset #000000)]
        layer at (0,0) size 300x150
          RenderView at (0,0) size 300x150
        layer at (0,0) size 300x136
          RenderBlock {HTML} at (0,0) size 300x136
            RenderBody {BODY} at (8,16) size 284x104
              RenderBlock {P} at (0,0) size 284x36
                RenderText {#text} at (0,0) size 247x36
                  text run at (0,0) width 247: "Normal meta. Non-ASCII in comment"
                  text run at (0,18) width 45: "before."
              RenderBlock {P} at (0,52) size 284x18
                RenderText {#text} at (0,0) size 47x18
                  text run at (0,0) width 47: "Test: \x{436}"
              RenderBlock {P} at (0,86) size 284x18
                RenderText {#text} at (0,0) size 143x18
                  text run at (0,0) width 143: "If \x{436}, meta takes effect"
      RenderText {#text} at (304,1720) size 4x18
        text run at (304,1720) width 4: " "
      RenderIFrame {IFRAME} at (308,1580) size 304x154 [border: (2px inset #000000)]
        layer at (0,0) size 300x150
          RenderView at (0,0) size 300x150
        layer at (0,0) size 300x118
          RenderBlock {HTML} at (0,0) size 300x118
            RenderBody {BODY} at (8,16) size 284x86
              RenderBlock {P} at (0,0) size 284x18
                RenderText {#text} at (0,0) size 261x18
                  text run at (0,0) width 261: "Normal meta. Non-ASCII in title before."
              RenderBlock {P} at (0,34) size 284x18
                RenderText {#text} at (0,0) size 47x18
                  text run at (0,0) width 47: "Test: \x{436}"
              RenderBlock {P} at (0,68) size 284x18
                RenderText {#text} at (0,0) size 143x18
                  text run at (0,0) width 143: "If \x{436}, meta takes effect"
      RenderText {#text} at (0,0) size 0x0
