layer at (0,0) size 800x600
  RenderView at (0,0) size 800x600
layer at (0,0) size 800x68
  RenderBlock {HTML} at (0,0) size 800x68
    RenderBody {BODY} at (8,16) size 784x36
      RenderBlock {P} at (0,0) size 784x36
        RenderMathMLMath {math} at (0,7) size 48x18
          RenderMathMLRow {mstyle} at (0,0) size 48x18
            RenderMathMLUnderOver {mover} at (0,0) size 48x11
              RenderMathMLOperator {mo} at (0,5) size 48x6
                RenderBlock (anonymous) at (0,0) size 8x13
                  RenderText {#text} at (0,-44) size 8x106
                    text run at (0,-44) width 8: "\x{23DE}"
              RenderMathMLSpace {mspace} at (0,0) size 48x2 [bgcolor=#FF0000]
        RenderText {#text} at (48,11) size 4x17
          text run at (48,11) width 4: " "
        RenderMathMLMath {math} at (52,7) size 64x19
          RenderMathMLRow {mstyle} at (0,0) size 64x19
            RenderMathMLUnderOver {mover} at (0,0) size 64x19
              RenderMathMLSpace {mspace} at (0,16) size 64x3 [bgcolor=#FF0000]
              RenderMathMLOperator {mo} at (0,0) size 64x11
                RenderBlock (anonymous) at (0,0) size 6x10
                  RenderText {#text} at (0,-33) size 6x80
                    text run at (0,-33) width 6: "\x{23DE}"
        RenderText {#text} at (116,11) size 4x17
          text run at (116,11) width 4: " "
        RenderMathMLMath {math} at (120,12) size 48x15
          RenderMathMLRow {mstyle} at (0,0) size 48x15
            RenderMathMLUnderOver {munder} at (0,0) size 48x15
              RenderMathMLOperator {mo} at (0,0) size 48x6
                RenderBlock (anonymous) at (0,0) size 8x13
                  RenderText {#text} at (0,-44) size 8x106
                    text run at (0,-44) width 8: "\x{23DE}"
              RenderMathMLSpace {mspace} at (0,13) size 48x2 [bgcolor=#FF0000]
        RenderText {#text} at (168,11) size 4x17
          text run at (168,11) width 4: " "
        RenderMathMLMath {math} at (172,7) size 64x29
          RenderMathMLRow {mstyle} at (0,0) size 64x29
            RenderMathMLUnderOver {munderover} at (0,0) size 64x29
              RenderMathMLSpace {mspace} at (0,16) size 64x3 [bgcolor=#FF0000]
              RenderMathMLOperator {mo} at (0,18) size 64x11
                RenderBlock (anonymous) at (0,0) size 6x10
                  RenderText {#text} at (0,-33) size 6x80
                    text run at (0,-33) width 6: "\x{23DE}"
              RenderMathMLOperator {mo} at (0,0) size 64x11
                RenderBlock (anonymous) at (0,0) size 6x10
                  RenderText {#text} at (0,-33) size 6x80
                    text run at (0,-33) width 6: "\x{23DE}"
        RenderText {#text} at (236,11) size 4x17
          text run at (236,11) width 4: " "
        RenderMathMLMath {math} at (240,0) size 49x27
          RenderMathMLRow {mstyle} at (0,0) size 49x27
            RenderMathMLUnderOver {munderover} at (0,0) size 49x27
              RenderMathMLOperator {mo} at (0,11) size 49x7
                RenderBlock (anonymous) at (0,0) size 8x13
                  RenderText {#text} at (0,-44) size 8x106
                    text run at (0,-44) width 8: "\x{23DE}"
              RenderMathMLSpace {mspace} at (0,24) size 49x3 [bgcolor=#FF0000]
              RenderMathMLOperator {mo} at (0,0) size 49x5
                RenderBlock (anonymous) at (0,0) size 6x10
                  RenderText {#text} at (0,-33) size 6x80
                    text run at (0,-33) width 6: "\x{23DE}"
        RenderText {#text} at (288,11) size 5x17
          text run at (288,11) width 5: " "
        RenderMathMLMath {math} at (292,7) size 49x18
          RenderMathMLRow {mstyle} at (0,0) size 49x18
            RenderMathMLUnderOver {munderover} at (0,0) size 49x18
              RenderMathMLOperator {mo} at (0,5) size 49x6
                RenderBlock (anonymous) at (0,0) size 8x13
                  RenderText {#text} at (0,-44) size 8x106
                    text run at (0,-44) width 8: "\x{23DE}"
              RenderMathMLOperator {mo} at (0,13) size 49x5
                RenderBlock (anonymous) at (0,0) size 6x10
                  RenderText {#text} at (0,-33) size 6x80
                    text run at (0,-33) width 6: "\x{23DE}"
              RenderMathMLSpace {mspace} at (0,0) size 49x2 [bgcolor=#FF0000]
        RenderText {#text} at (340,11) size 5x17
          text run at (340,11) width 5: " "
        RenderMathMLMath {math} at (344,7) size 49x18
          RenderMathMLRow {mstyle} at (0,0) size 49x18
            RenderMathMLUnderOver {munder} at (0,0) size 49x18
              RenderMathMLUnderOver {mover} at (0,0) size 49x11
                RenderMathMLOperator {mo} at (0,5) size 48x6
                  RenderBlock (anonymous) at (0,0) size 8x13
                    RenderText {#text} at (0,-44) size 8x106
                      text run at (0,-44) width 8: "\x{23DE}"
                RenderMathMLSpace {mspace} at (0,0) size 48x2 [bgcolor=#FF0000]
              RenderMathMLOperator {mo} at (0,13) size 49x5
                RenderBlock (anonymous) at (0,0) size 6x10
                  RenderText {#text} at (0,-33) size 6x80
                    text run at (0,-33) width 6: "\x{23DE}"
        RenderText {#text} at (0,0) size 0x0
