layer at (0,0) size 800x600
  RenderView at (0,0) size 800x600
layer at (0,0) size 800x189
  RenderBlock {HTML} at (0,0) size 800x189
    RenderBody {BODY} at (8,16) size 784x157
      RenderBlock {P} at (0,0) size 784x21
        RenderMathMLMath {math} at (0,3) size 29x15
          RenderMathMLUnderOver {mover} at (0,0) size 29x15
            RenderMathMLSpace {mspace} at (3,12) size 23x3 [bgcolor=#0000FF]
            RenderMathMLOperator {mo} at (0,0) size 29x7
              RenderBlock (anonymous) at (0,0) size 12x8
                RenderText {#text} at (0,-36) size 12x80
                  text run at (0,-36) width 12: "\x{2190}"
        RenderText {#text} at (28,3) size 5x17
          text run at (28,3) width 5: " "
        RenderMathMLMath {math} at (32,3) size 30x15
          RenderMathMLUnderOver {mover} at (0,0) size 29x15
            RenderMathMLSpace {mspace} at (3,12) size 23x3 [bgcolor=#0000FF]
            RenderMathMLOperator {mo} at (0,0) size 29x7
              RenderBlock (anonymous) at (0,0) size 12x8
                RenderText {#text} at (0,-36) size 12x80
                  text run at (0,-36) width 12: "\x{2192}"
        RenderText {#text} at (61,3) size 5x17
          text run at (61,3) width 5: " "
        RenderMathMLMath {math} at (65,3) size 29x15
          RenderMathMLUnderOver {mover} at (0,0) size 29x15
            RenderMathMLSpace {mspace} at (3,12) size 23x3 [bgcolor=#0000FF]
            RenderMathMLOperator {mo} at (0,0) size 29x7
              RenderBlock (anonymous) at (0,0) size 12x8
                RenderText {#text} at (0,-36) size 12x80
                  text run at (0,-36) width 12: "\x{2194}"
        RenderText {#text} at (93,3) size 5x17
          text run at (93,3) width 5: " "
        RenderMathMLMath {math} at (97,3) size 30x15
          RenderMathMLUnderOver {mover} at (0,0) size 29x15
            RenderMathMLSpace {mspace} at (3,12) size 23x3 [bgcolor=#0000FF]
            RenderMathMLOperator {mo} at (0,0) size 29x8
              RenderBlock (anonymous) at (0,0) size 12x8
                RenderText {#text} at (0,-36) size 12x80
                  text run at (0,-36) width 12: "\x{21A4}"
        RenderText {#text} at (126,3) size 5x17
          text run at (126,3) width 5: " "
        RenderMathMLMath {math} at (130,3) size 30x15
          RenderMathMLUnderOver {mover} at (0,0) size 29x15
            RenderMathMLSpace {mspace} at (3,12) size 23x3 [bgcolor=#0000FF]
            RenderMathMLOperator {mo} at (0,0) size 29x8
              RenderBlock (anonymous) at (0,0) size 12x8
                RenderText {#text} at (0,-36) size 12x80
                  text run at (0,-36) width 12: "\x{21A6}"
        RenderText {#text} at (159,3) size 5x17
          text run at (159,3) width 5: " "
        RenderMathMLMath {math} at (163,3) size 29x14
          RenderMathMLUnderOver {mover} at (0,0) size 29x14
            RenderMathMLSpace {mspace} at (3,11) size 23x3 [bgcolor=#0000FF]
            RenderMathMLOperator {mo} at (0,0) size 29x7
              RenderBlock (anonymous) at (0,0) size 12x7
                RenderText {#text} at (0,-36) size 12x80
                  text run at (0,-36) width 12: "\x{21BC}"
        RenderText {#text} at (191,3) size 5x17
          text run at (191,3) width 5: " "
        RenderMathMLMath {math} at (195,6) size 30x12
          RenderMathMLUnderOver {mover} at (0,0) size 29x12
            RenderMathMLSpace {mspace} at (3,9) size 23x3 [bgcolor=#0000FF]
            RenderMathMLOperator {mo} at (0,0) size 29x4
              RenderBlock (anonymous) at (0,0) size 13x5
                RenderText {#text} at (0,-39) size 13x80
                  text run at (0,-39) width 13: "\x{21BD}"
        RenderText {#text} at (224,3) size 5x17
          text run at (224,3) width 5: " "
        RenderMathMLMath {math} at (228,3) size 30x14
          RenderMathMLUnderOver {mover} at (0,0) size 29x14
            RenderMathMLSpace {mspace} at (3,11) size 23x3 [bgcolor=#0000FF]
            RenderMathMLOperator {mo} at (0,0) size 29x7
              RenderBlock (anonymous) at (0,0) size 12x7
                RenderText {#text} at (0,-36) size 12x80
                  text run at (0,-36) width 12: "\x{21C0}"
        RenderText {#text} at (257,3) size 5x17
          text run at (257,3) width 5: " "
        RenderMathMLMath {math} at (261,3) size 29x15
          RenderMathMLUnderOver {mover} at (0,0) size 29x15
            RenderMathMLSpace {mspace} at (3,12) size 23x3 [bgcolor=#0000FF]
            RenderMathMLOperator {mo} at (0,0) size 29x8
              RenderBlock (anonymous) at (0,0) size 12x8
                RenderText {#text} at (0,-36) size 12x80
                  text run at (0,-36) width 12: "\x{21D0}"
        RenderText {#text} at (289,3) size 5x17
          text run at (289,3) width 5: " "
        RenderMathMLMath {math} at (293,3) size 30x15
          RenderMathMLUnderOver {mover} at (0,0) size 29x15
            RenderMathMLSpace {mspace} at (3,12) size 23x3 [bgcolor=#0000FF]
            RenderMathMLOperator {mo} at (0,0) size 29x8
              RenderBlock (anonymous) at (0,0) size 12x8
                RenderText {#text} at (0,-36) size 12x80
                  text run at (0,-36) width 12: "\x{21D2}"
        RenderText {#text} at (322,3) size 5x17
          text run at (322,3) width 5: " "
        RenderMathMLMath {math} at (326,3) size 30x15
          RenderMathMLUnderOver {mover} at (0,0) size 29x15
            RenderMathMLSpace {mspace} at (3,12) size 23x3 [bgcolor=#0000FF]
            RenderMathMLOperator {mo} at (0,0) size 29x8
              RenderBlock (anonymous) at (0,0) size 12x8
                RenderText {#text} at (0,-36) size 12x80
                  text run at (0,-36) width 12: "\x{21D4}"
        RenderText {#text} at (355,3) size 5x17
          text run at (355,3) width 5: " "
        RenderMathMLMath {math} at (359,0) size 29x17
          RenderMathMLUnderOver {mover} at (0,0) size 29x17
            RenderMathMLSpace {mspace} at (3,14) size 23x3 [bgcolor=#0000FF]
            RenderMathMLOperator {mo} at (0,0) size 29x10
              RenderBlock (anonymous) at (0,0) size 13x10
                RenderText {#text} at (0,-35) size 13x80
                  text run at (0,-35) width 13: "\x{21DA}"
        RenderText {#text} at (387,3) size 5x17
          text run at (387,3) width 5: " "
        RenderMathMLMath {math} at (391,0) size 30x17
          RenderMathMLUnderOver {mover} at (0,0) size 29x17
            RenderMathMLSpace {mspace} at (3,14) size 23x3 [bgcolor=#0000FF]
            RenderMathMLOperator {mo} at (0,0) size 29x10
              RenderBlock (anonymous) at (0,0) size 13x10
                RenderText {#text} at (0,-35) size 13x80
                  text run at (0,-35) width 13: "\x{21DB}"
        RenderText {#text} at (420,3) size 5x17
          text run at (420,3) width 5: " "
        RenderMathMLMath {math} at (424,6) size 23x11
          RenderMathMLUnderOver {mover} at (0,0) size 23x11
            RenderMathMLSpace {mspace} at (0,8) size 23x3 [bgcolor=#0000FF]
            RenderMathMLOperator {mo} at (0,0) size 23x4
              RenderBlock (anonymous) at (0,0) size 5x9
                RenderText {#text} at (0,-34) size 5x80
                  text run at (0,-34) width 5: "\x{23B4}"
        RenderText {#text} at (446,3) size 5x17
          text run at (446,3) width 5: " "
        RenderMathMLMath {math} at (450,7) size 24x11
          RenderMathMLUnderOver {mover} at (0,0) size 23x11
            RenderMathMLSpace {mspace} at (0,8) size 23x3 [bgcolor=#0000FF]
            RenderMathMLOperator {mo} at (0,0) size 23x4
              RenderBlock (anonymous) at (0,0) size 5x4
                RenderText {#text} at (0,-43) size 5x80
                  text run at (0,-43) width 5: "\x{23B5}"
        RenderText {#text} at (473,3) size 5x17
          text run at (473,3) width 5: " "
        RenderMathMLMath {math} at (477,6) size 25x11
          RenderMathMLUnderOver {mover} at (0,0) size 25x11
            RenderMathMLSpace {mspace} at (1,8) size 23x3 [bgcolor=#0000FF]
            RenderMathMLOperator {mo} at (0,0) size 25x4
              RenderBlock (anonymous) at (0,0) size 7x9
                RenderText {#text} at (0,-34) size 7x80
                  text run at (0,-34) width 7: "\x{23DC}"
        RenderText {#text} at (501,3) size 5x17
          text run at (501,3) width 5: " "
        RenderMathMLMath {math} at (505,6) size 25x11
          RenderMathMLUnderOver {mover} at (0,0) size 25x11
            RenderMathMLSpace {mspace} at (1,8) size 23x3 [bgcolor=#0000FF]
            RenderMathMLOperator {mo} at (0,0) size 25x4
              RenderBlock (anonymous) at (0,0) size 7x4
                RenderText {#text} at (0,-43) size 7x80
                  text run at (0,-43) width 7: "\x{23DD}"
        RenderText {#text} at (529,3) size 5x17
          text run at (529,3) width 5: " "
        RenderMathMLMath {math} at (533,5) size 25x12
          RenderMathMLUnderOver {mover} at (0,0) size 24x12
            RenderMathMLSpace {mspace} at (0,9) size 23x3 [bgcolor=#0000FF]
            RenderMathMLOperator {mo} at (0,0) size 24x5
              RenderBlock (anonymous) at (0,0) size 6x10
                RenderText {#text} at (0,-33) size 6x80
                  text run at (0,-33) width 6: "\x{23DE}"
        RenderText {#text} at (557,3) size 5x17
          text run at (557,3) width 5: " "
        RenderMathMLMath {math} at (561,5) size 25x12
          RenderMathMLUnderOver {mover} at (0,0) size 24x12
            RenderMathMLSpace {mspace} at (0,9) size 23x3 [bgcolor=#0000FF]
            RenderMathMLOperator {mo} at (0,0) size 24x5
              RenderBlock (anonymous) at (0,0) size 6x5
                RenderText {#text} at (0,-43) size 6x80
                  text run at (0,-43) width 6: "\x{23DF}"
        RenderText {#text} at (0,0) size 0x0
      RenderBlock {P} at (0,37) size 784x43
        RenderMathMLMath {math} at (0,3) size 57x15
          RenderMathMLUnderOver {mover} at (0,0) size 57x15
            RenderMathMLSpace {mspace} at (3,12) size 51x3 [bgcolor=#008000]
            RenderMathMLOperator {mo} at (0,0) size 57x7
              RenderBlock (anonymous) at (0,0) size 12x8
                RenderText {#text} at (0,-36) size 12x80
                  text run at (0,-36) width 12: "\x{2190}"
        RenderText {#text} at (56,3) size 5x17
          text run at (56,3) width 5: " "
        RenderMathMLMath {math} at (60,3) size 58x15
          RenderMathMLUnderOver {mover} at (0,0) size 57x15
            RenderMathMLSpace {mspace} at (3,12) size 51x3 [bgcolor=#008000]
            RenderMathMLOperator {mo} at (0,0) size 57x7
              RenderBlock (anonymous) at (0,0) size 12x8
                RenderText {#text} at (0,-36) size 12x80
                  text run at (0,-36) width 12: "\x{2192}"
        RenderText {#text} at (117,3) size 5x17
          text run at (117,3) width 5: " "
        RenderMathMLMath {math} at (121,3) size 57x15
          RenderMathMLUnderOver {mover} at (0,0) size 57x15
            RenderMathMLSpace {mspace} at (3,12) size 51x3 [bgcolor=#008000]
            RenderMathMLOperator {mo} at (0,0) size 57x7
              RenderBlock (anonymous) at (0,0) size 12x8
                RenderText {#text} at (0,-36) size 12x80
                  text run at (0,-36) width 12: "\x{2194}"
        RenderText {#text} at (177,3) size 5x17
          text run at (177,3) width 5: " "
        RenderMathMLMath {math} at (181,3) size 58x15
          RenderMathMLUnderOver {mover} at (0,0) size 57x15
            RenderMathMLSpace {mspace} at (3,12) size 51x3 [bgcolor=#008000]
            RenderMathMLOperator {mo} at (0,0) size 57x8
              RenderBlock (anonymous) at (0,0) size 12x8
                RenderText {#text} at (0,-36) size 12x80
                  text run at (0,-36) width 12: "\x{21A4}"
        RenderText {#text} at (238,3) size 5x17
          text run at (238,3) width 5: " "
        RenderMathMLMath {math} at (242,3) size 58x15
          RenderMathMLUnderOver {mover} at (0,0) size 57x15
            RenderMathMLSpace {mspace} at (3,12) size 51x3 [bgcolor=#008000]
            RenderMathMLOperator {mo} at (0,0) size 57x8
              RenderBlock (anonymous) at (0,0) size 12x8
                RenderText {#text} at (0,-36) size 12x80
                  text run at (0,-36) width 12: "\x{21A6}"
        RenderText {#text} at (299,3) size 5x17
          text run at (299,3) width 5: " "
        RenderMathMLMath {math} at (303,3) size 57x14
          RenderMathMLUnderOver {mover} at (0,0) size 57x14
            RenderMathMLSpace {mspace} at (3,11) size 51x3 [bgcolor=#008000]
            RenderMathMLOperator {mo} at (0,0) size 57x7
              RenderBlock (anonymous) at (0,0) size 12x7
                RenderText {#text} at (0,-36) size 12x80
                  text run at (0,-36) width 12: "\x{21BC}"
        RenderText {#text} at (359,3) size 5x17
          text run at (359,3) width 5: " "
        RenderMathMLMath {math} at (363,6) size 58x12
          RenderMathMLUnderOver {mover} at (0,0) size 57x12
            RenderMathMLSpace {mspace} at (3,9) size 51x3 [bgcolor=#008000]
            RenderMathMLOperator {mo} at (0,0) size 57x4
              RenderBlock (anonymous) at (0,0) size 13x5
                RenderText {#text} at (0,-39) size 13x80
                  text run at (0,-39) width 13: "\x{21BD}"
        RenderText {#text} at (420,3) size 5x17
          text run at (420,3) width 5: " "
        RenderMathMLMath {math} at (424,3) size 58x14
          RenderMathMLUnderOver {mover} at (0,0) size 57x14
            RenderMathMLSpace {mspace} at (3,11) size 51x3 [bgcolor=#008000]
            RenderMathMLOperator {mo} at (0,0) size 57x7
              RenderBlock (anonymous) at (0,0) size 12x7
                RenderText {#text} at (0,-36) size 12x80
                  text run at (0,-36) width 12: "\x{21C0}"
        RenderText {#text} at (481,3) size 5x17
          text run at (481,3) width 5: " "
        RenderMathMLMath {math} at (485,3) size 57x15
          RenderMathMLUnderOver {mover} at (0,0) size 57x15
            RenderMathMLSpace {mspace} at (3,12) size 51x3 [bgcolor=#008000]
            RenderMathMLOperator {mo} at (0,0) size 57x8
              RenderBlock (anonymous) at (0,0) size 12x8
                RenderText {#text} at (0,-36) size 12x80
                  text run at (0,-36) width 12: "\x{21D0}"
        RenderText {#text} at (541,3) size 5x17
          text run at (541,3) width 5: " "
        RenderMathMLMath {math} at (545,3) size 58x15
          RenderMathMLUnderOver {mover} at (0,0) size 57x15
            RenderMathMLSpace {mspace} at (3,12) size 51x3 [bgcolor=#008000]
            RenderMathMLOperator {mo} at (0,0) size 57x8
              RenderBlock (anonymous) at (0,0) size 12x8
                RenderText {#text} at (0,-36) size 12x80
                  text run at (0,-36) width 12: "\x{21D2}"
        RenderText {#text} at (602,3) size 5x17
          text run at (602,3) width 5: " "
        RenderMathMLMath {math} at (606,3) size 58x15
          RenderMathMLUnderOver {mover} at (0,0) size 57x15
            RenderMathMLSpace {mspace} at (3,12) size 51x3 [bgcolor=#008000]
            RenderMathMLOperator {mo} at (0,0) size 57x8
              RenderBlock (anonymous) at (0,0) size 12x8
                RenderText {#text} at (0,-36) size 12x80
                  text run at (0,-36) width 12: "\x{21D4}"
        RenderText {#text} at (663,3) size 5x17
          text run at (663,3) width 5: " "
        RenderMathMLMath {math} at (667,0) size 57x17
          RenderMathMLUnderOver {mover} at (0,0) size 57x17
            RenderMathMLSpace {mspace} at (3,14) size 51x3 [bgcolor=#008000]
            RenderMathMLOperator {mo} at (0,0) size 57x10
              RenderBlock (anonymous) at (0,0) size 13x10
                RenderText {#text} at (0,-35) size 13x80
                  text run at (0,-35) width 13: "\x{21DA}"
        RenderText {#text} at (0,0) size 0x0
        RenderMathMLMath {math} at (0,22) size 57x17
          RenderMathMLUnderOver {mover} at (0,0) size 57x17
            RenderMathMLSpace {mspace} at (3,14) size 51x3 [bgcolor=#008000]
            RenderMathMLOperator {mo} at (0,0) size 57x10
              RenderBlock (anonymous) at (0,0) size 13x10
                RenderText {#text} at (0,-35) size 13x80
                  text run at (0,-35) width 13: "\x{21DB}"
        RenderText {#text} at (56,25) size 5x17
          text run at (56,25) width 5: " "
        RenderMathMLMath {math} at (60,22) size 51x18
          RenderMathMLUnderOver {mover} at (0,0) size 50x18
            RenderMathMLSpace {mspace} at (0,15) size 50x3 [bgcolor=#008000]
            RenderMathMLOperator {mo} at (0,0) size 50x10
              RenderBlock (anonymous) at (0,0) size 5x9
                RenderText {#text} at (0,-34) size 5x80
                  text run at (0,-34) width 5: "\x{23B4}"
        RenderText {#text} at (110,25) size 5x17
          text run at (110,25) width 5: " "
        RenderMathMLMath {math} at (114,27) size 51x12
          RenderMathMLUnderOver {mover} at (0,0) size 50x12
            RenderMathMLSpace {mspace} at (0,9) size 50x3 [bgcolor=#008000]
            RenderMathMLOperator {mo} at (0,0) size 50x5
              RenderBlock (anonymous) at (0,0) size 5x4
                RenderText {#text} at (0,-43) size 5x80
                  text run at (0,-43) width 5: "\x{23B5}"
        RenderText {#text} at (164,25) size 5x17
          text run at (164,25) width 5: " "
        RenderMathMLMath {math} at (168,22) size 51x18
          RenderMathMLUnderOver {mover} at (0,0) size 50x18
            RenderMathMLSpace {mspace} at (0,15) size 50x3 [bgcolor=#008000]
            RenderMathMLOperator {mo} at (0,0) size 50x11
              RenderBlock (anonymous) at (0,0) size 7x9
                RenderText {#text} at (0,-34) size 7x80
                  text run at (0,-34) width 7: "\x{23DC}"
        RenderText {#text} at (218,25) size 5x17
          text run at (218,25) width 5: " "
        RenderMathMLMath {math} at (222,27) size 51x13
          RenderMathMLUnderOver {mover} at (0,0) size 50x13
            RenderMathMLSpace {mspace} at (0,10) size 50x3 [bgcolor=#008000]
            RenderMathMLOperator {mo} at (0,0) size 50x6
              RenderBlock (anonymous) at (0,0) size 7x4
                RenderText {#text} at (0,-43) size 7x80
                  text run at (0,-43) width 7: "\x{23DD}"
        RenderText {#text} at (272,25) size 5x17
          text run at (272,25) width 5: " "
        RenderMathMLMath {math} at (276,21) size 51x19
          RenderMathMLUnderOver {mover} at (0,0) size 50x19
            RenderMathMLSpace {mspace} at (0,16) size 50x3 [bgcolor=#008000]
            RenderMathMLOperator {mo} at (0,0) size 50x11
              RenderBlock (anonymous) at (0,0) size 6x10
                RenderText {#text} at (0,-33) size 6x80
                  text run at (0,-33) width 6: "\x{23DE}"
        RenderText {#text} at (326,25) size 5x17
          text run at (326,25) width 5: " "
        RenderMathMLMath {math} at (330,26) size 51x13
          RenderMathMLUnderOver {mover} at (0,0) size 50x13
            RenderMathMLSpace {mspace} at (0,10) size 50x3 [bgcolor=#008000]
            RenderMathMLOperator {mo} at (0,0) size 50x6
              RenderBlock (anonymous) at (0,0) size 6x5
                RenderText {#text} at (0,-43) size 6x80
                  text run at (0,-43) width 6: "\x{23DF}"
        RenderText {#text} at (0,0) size 0x0
      RenderBlock {P} at (0,96) size 784x61
        RenderMathMLMath {math} at (0,0) size 107x15
          RenderMathMLUnderOver {mover} at (0,0) size 107x15
            RenderMathMLSpace {mspace} at (3,12) size 101x3 [bgcolor=#FF0000]
            RenderMathMLOperator {mo} at (0,0) size 107x7
              RenderBlock (anonymous) at (0,0) size 12x8
                RenderText {#text} at (0,-36) size 12x80
                  text run at (0,-36) width 12: "\x{2190}"
        RenderText {#text} at (106,0) size 5x17
          text run at (106,0) width 5: " "
        RenderMathMLMath {math} at (110,0) size 108x15
          RenderMathMLUnderOver {mover} at (0,0) size 107x15
            RenderMathMLSpace {mspace} at (3,12) size 101x3 [bgcolor=#FF0000]
            RenderMathMLOperator {mo} at (0,0) size 107x7
              RenderBlock (anonymous) at (0,0) size 12x8
                RenderText {#text} at (0,-36) size 12x80
                  text run at (0,-36) width 12: "\x{2192}"
        RenderText {#text} at (217,0) size 5x17
          text run at (217,0) width 5: " "
        RenderMathMLMath {math} at (221,0) size 107x15
          RenderMathMLUnderOver {mover} at (0,0) size 107x15
            RenderMathMLSpace {mspace} at (3,12) size 101x3 [bgcolor=#FF0000]
            RenderMathMLOperator {mo} at (0,0) size 107x7
              RenderBlock (anonymous) at (0,0) size 12x8
                RenderText {#text} at (0,-36) size 12x80
                  text run at (0,-36) width 12: "\x{2194}"
        RenderText {#text} at (327,0) size 5x17
          text run at (327,0) width 5: " "
        RenderMathMLMath {math} at (331,0) size 108x15
          RenderMathMLUnderOver {mover} at (0,0) size 107x15
            RenderMathMLSpace {mspace} at (3,12) size 101x3 [bgcolor=#FF0000]
            RenderMathMLOperator {mo} at (0,0) size 107x8
              RenderBlock (anonymous) at (0,0) size 12x8
                RenderText {#text} at (0,-36) size 12x80
                  text run at (0,-36) width 12: "\x{21A4}"
        RenderText {#text} at (438,0) size 5x17
          text run at (438,0) width 5: " "
        RenderMathMLMath {math} at (442,0) size 108x15
          RenderMathMLUnderOver {mover} at (0,0) size 107x15
            RenderMathMLSpace {mspace} at (3,12) size 101x3 [bgcolor=#FF0000]
            RenderMathMLOperator {mo} at (0,0) size 107x8
              RenderBlock (anonymous) at (0,0) size 12x8
                RenderText {#text} at (0,-36) size 12x80
                  text run at (0,-36) width 12: "\x{21A6}"
        RenderText {#text} at (549,0) size 5x17
          text run at (549,0) width 5: " "
        RenderMathMLMath {math} at (553,0) size 107x14
          RenderMathMLUnderOver {mover} at (0,0) size 107x14
            RenderMathMLSpace {mspace} at (3,11) size 101x3 [bgcolor=#FF0000]
            RenderMathMLOperator {mo} at (0,0) size 107x7
              RenderBlock (anonymous) at (0,0) size 12x7
                RenderText {#text} at (0,-36) size 12x80
                  text run at (0,-36) width 12: "\x{21BC}"
        RenderText {#text} at (659,0) size 5x17
          text run at (659,0) width 5: " "
        RenderMathMLMath {math} at (663,3) size 108x12
          RenderMathMLUnderOver {mover} at (0,0) size 107x12
            RenderMathMLSpace {mspace} at (3,9) size 101x3 [bgcolor=#FF0000]
            RenderMathMLOperator {mo} at (0,0) size 107x4
              RenderBlock (anonymous) at (0,0) size 13x5
                RenderText {#text} at (0,-39) size 13x80
                  text run at (0,-39) width 13: "\x{21BD}"
        RenderText {#text} at (0,0) size 0x0
        RenderMathMLMath {math} at (0,21) size 107x14
          RenderMathMLUnderOver {mover} at (0,0) size 107x14
            RenderMathMLSpace {mspace} at (3,11) size 101x3 [bgcolor=#FF0000]
            RenderMathMLOperator {mo} at (0,0) size 107x7
              RenderBlock (anonymous) at (0,0) size 12x7
                RenderText {#text} at (0,-36) size 12x80
                  text run at (0,-36) width 12: "\x{21C0}"
        RenderText {#text} at (106,21) size 5x17
          text run at (106,21) width 5: " "
        RenderMathMLMath {math} at (110,21) size 108x15
          RenderMathMLUnderOver {mover} at (0,0) size 107x15
            RenderMathMLSpace {mspace} at (3,12) size 101x3 [bgcolor=#FF0000]
            RenderMathMLOperator {mo} at (0,0) size 107x8
              RenderBlock (anonymous) at (0,0) size 12x8
                RenderText {#text} at (0,-36) size 12x80
                  text run at (0,-36) width 12: "\x{21D0}"
        RenderText {#text} at (217,21) size 5x17
          text run at (217,21) width 5: " "
        RenderMathMLMath {math} at (221,21) size 107x15
          RenderMathMLUnderOver {mover} at (0,0) size 107x15
            RenderMathMLSpace {mspace} at (3,12) size 101x3 [bgcolor=#FF0000]
            RenderMathMLOperator {mo} at (0,0) size 107x8
              RenderBlock (anonymous) at (0,0) size 12x8
                RenderText {#text} at (0,-36) size 12x80
                  text run at (0,-36) width 12: "\x{21D2}"
        RenderText {#text} at (327,21) size 5x17
          text run at (327,21) width 5: " "
        RenderMathMLMath {math} at (331,21) size 108x15
          RenderMathMLUnderOver {mover} at (0,0) size 107x15
            RenderMathMLSpace {mspace} at (3,12) size 101x3 [bgcolor=#FF0000]
            RenderMathMLOperator {mo} at (0,0) size 107x8
              RenderBlock (anonymous) at (0,0) size 12x8
                RenderText {#text} at (0,-36) size 12x80
                  text run at (0,-36) width 12: "\x{21D4}"
        RenderText {#text} at (438,21) size 5x17
          text run at (438,21) width 5: " "
        RenderMathMLMath {math} at (442,18) size 108x17
          RenderMathMLUnderOver {mover} at (0,0) size 107x17
            RenderMathMLSpace {mspace} at (3,14) size 101x3 [bgcolor=#FF0000]
            RenderMathMLOperator {mo} at (0,0) size 107x10
              RenderBlock (anonymous) at (0,0) size 13x10
                RenderText {#text} at (0,-35) size 13x80
                  text run at (0,-35) width 13: "\x{21DA}"
        RenderText {#text} at (549,21) size 5x17
          text run at (549,21) width 5: " "
        RenderMathMLMath {math} at (553,18) size 107x17
          RenderMathMLUnderOver {mover} at (0,0) size 107x17
            RenderMathMLSpace {mspace} at (3,14) size 101x3 [bgcolor=#FF0000]
            RenderMathMLOperator {mo} at (0,0) size 107x10
              RenderBlock (anonymous) at (0,0) size 13x10
                RenderText {#text} at (0,-35) size 13x80
                  text run at (0,-35) width 13: "\x{21DB}"
        RenderText {#text} at (659,21) size 5x17
          text run at (659,21) width 5: " "
        RenderMathMLMath {math} at (663,18) size 101x18
          RenderMathMLUnderOver {mover} at (0,0) size 100x18
            RenderMathMLSpace {mspace} at (0,15) size 100x3 [bgcolor=#FF0000]
            RenderMathMLOperator {mo} at (0,0) size 100x10
              RenderBlock (anonymous) at (0,0) size 5x9
                RenderText {#text} at (0,-34) size 5x80
                  text run at (0,-34) width 5: "\x{23B4}"
        RenderText {#text} at (0,0) size 0x0
        RenderMathMLMath {math} at (0,45) size 100x12
          RenderMathMLUnderOver {mover} at (0,0) size 100x12
            RenderMathMLSpace {mspace} at (0,9) size 100x3 [bgcolor=#FF0000]
            RenderMathMLOperator {mo} at (0,0) size 100x5
              RenderBlock (anonymous) at (0,0) size 5x4
                RenderText {#text} at (0,-43) size 5x80
                  text run at (0,-43) width 5: "\x{23B5}"
        RenderText {#text} at (100,43) size 4x17
          text run at (100,43) width 4: " "
        RenderMathMLMath {math} at (104,40) size 100x18
          RenderMathMLUnderOver {mover} at (0,0) size 100x18
            RenderMathMLSpace {mspace} at (0,15) size 100x3 [bgcolor=#FF0000]
            RenderMathMLOperator {mo} at (0,0) size 100x11
              RenderBlock (anonymous) at (0,0) size 7x9
                RenderText {#text} at (0,-34) size 7x80
                  text run at (0,-34) width 7: "\x{23DC}"
        RenderText {#text} at (204,43) size 4x17
          text run at (204,43) width 4: " "
        RenderMathMLMath {math} at (208,45) size 100x13
          RenderMathMLUnderOver {mover} at (0,0) size 100x13
            RenderMathMLSpace {mspace} at (0,10) size 100x3 [bgcolor=#FF0000]
            RenderMathMLOperator {mo} at (0,0) size 100x6
              RenderBlock (anonymous) at (0,0) size 7x4
                RenderText {#text} at (0,-43) size 7x80
                  text run at (0,-43) width 7: "\x{23DD}"
        RenderText {#text} at (308,43) size 4x17
          text run at (308,43) width 4: " "
        RenderMathMLMath {math} at (312,39) size 100x19
          RenderMathMLUnderOver {mover} at (0,0) size 100x19
            RenderMathMLSpace {mspace} at (0,16) size 100x3 [bgcolor=#FF0000]
            RenderMathMLOperator {mo} at (0,0) size 100x11
              RenderBlock (anonymous) at (0,0) size 6x10
                RenderText {#text} at (0,-33) size 6x80
                  text run at (0,-33) width 6: "\x{23DE}"
        RenderText {#text} at (412,43) size 4x17
          text run at (412,43) width 4: " "
        RenderMathMLMath {math} at (416,44) size 100x13
          RenderMathMLUnderOver {mover} at (0,0) size 100x13
            RenderMathMLSpace {mspace} at (0,10) size 100x3 [bgcolor=#FF0000]
            RenderMathMLOperator {mo} at (0,0) size 100x6
              RenderBlock (anonymous) at (0,0) size 6x5
                RenderText {#text} at (0,-43) size 6x80
                  text run at (0,-43) width 6: "\x{23DF}"
        RenderText {#text} at (0,0) size 0x0
