layer at (0,0) size 800x600
  RenderView at (0,0) size 800x600
layer at (0,0) size 800x373
  RenderBlock {HTML} at (0,0) size 800x373
    RenderBody {BODY} at (8,16) size 784x341
      RenderBlock {P} at (0,0) size 784x21
        RenderMathMLMath {math} at (0,0) size 101x18
          RenderMathMLOperator {mo} at (0,1) size 5x16
            RenderBlock (anonymous) at (0,0) size 5x16
              RenderText {#text} at (0,-45) size 5x106
                text run at (0,-45) width 5: "["
          RenderMathMLOperator {mo} at (4,1) size 5x16
            RenderBlock (anonymous) at (0,0) size 5x16
              RenderText {#text} at (0,-45) size 5x106
                text run at (0,-45) width 5: "]"
          RenderMathMLOperator {mo} at (8,1) size 9x16
            RenderBlock (anonymous) at (0,0) size 8x16
              RenderText {#text} at (0,-45) size 8x106
                text run at (0,-45) width 8: "{"
          RenderMathMLOperator {mo} at (16,1) size 9x16
            RenderBlock (anonymous) at (0,0) size 8x16
              RenderText {#text} at (0,-45) size 8x106
                text run at (0,-45) width 8: "}"
          RenderMathMLOperator {mo} at (24,0) size 8x18
            RenderBlock (anonymous) at (0,0) size 7x16
              RenderText {#text} at (0,-45) size 7x106
                text run at (0,-45) width 7: "("
          RenderMathMLOperator {mo} at (31,0) size 8x18
            RenderBlock (anonymous) at (0,0) size 7x16
              RenderText {#text} at (0,-45) size 7x106
                text run at (0,-45) width 7: ")"
          RenderMathMLOperator {mo} at (38,1) size 9x16
            RenderBlock (anonymous) at (0,0) size 5x16
              RenderText {#text} at (0,-45) size 5x106
                text run at (0,-45) width 5: "|"
          RenderMathMLOperator {mo} at (46,1) size 8x16
            RenderBlock (anonymous) at (0,0) size 8x16
              RenderText {#text} at (0,-45) size 8x106
                text run at (0,-45) width 8: "\x{2308}"
          RenderMathMLOperator {mo} at (53,1) size 8x16
            RenderBlock (anonymous) at (0,0) size 8x16
              RenderText {#text} at (0,-45) size 8x106
                text run at (0,-45) width 8: "\x{2309}"
          RenderMathMLOperator {mo} at (60,1) size 8x16
            RenderBlock (anonymous) at (0,0) size 8x16
              RenderText {#text} at (0,-45) size 8x106
                text run at (0,-45) width 8: "\x{230A}"
          RenderMathMLOperator {mo} at (67,1) size 8x16
            RenderBlock (anonymous) at (0,0) size 8x16
              RenderText {#text} at (0,-45) size 8x106
                text run at (0,-45) width 8: "\x{230B}"
          RenderMathMLOperator {mo} at (74,1) size 8x16
            RenderBlock (anonymous) at (0,0) size 7x16
              RenderText {#text} at (0,-45) size 7x106
                text run at (0,-45) width 7: "\x{27E6}"
          RenderMathMLOperator {mo} at (81,1) size 7x16
            RenderBlock (anonymous) at (0,0) size 7x16
              RenderText {#text} at (0,-45) size 7x106
                text run at (0,-45) width 7: "\x{27E7}"
          RenderMathMLOperator {mo} at (87,1) size 8x16
            RenderBlock (anonymous) at (0,0) size 7x16
              RenderText {#text} at (0,-45) size 7x106
                text run at (0,-45) width 7: "\x{27E8}"
          RenderMathMLOperator {mo} at (94,1) size 7x16
            RenderBlock (anonymous) at (0,0) size 7x16
              RenderText {#text} at (0,-45) size 7x106
                text run at (0,-45) width 7: "\x{27E9}"
          RenderMathMLSpace {mspace} at (100,9) size 0x8
        RenderText {#text} at (0,0) size 0x0
      RenderBlock {P} at (0,37) size 784x30
        RenderMathMLMath {math} at (0,1) size 138x29
          RenderMathMLOperator {mo} at (0,0) size 8x29
            RenderBlock (anonymous) at (0,0) size 5x16
              RenderText {#text} at (0,-45) size 5x106
                text run at (0,-45) width 5: "["
          RenderMathMLOperator {mo} at (7,0) size 9x29
            RenderBlock (anonymous) at (0,0) size 5x16
              RenderText {#text} at (0,-45) size 5x106
                text run at (0,-45) width 5: "]"
          RenderMathMLOperator {mo} at (15,0) size 11x29
            RenderBlock (anonymous) at (0,0) size 8x16
              RenderText {#text} at (0,-45) size 8x106
                text run at (0,-45) width 8: "{"
          RenderMathMLOperator {mo} at (25,0) size 12x29
            RenderBlock (anonymous) at (0,0) size 8x16
              RenderText {#text} at (0,-45) size 8x106
                text run at (0,-45) width 8: "}"
          RenderMathMLOperator {mo} at (36,0) size 10x29
            RenderBlock (anonymous) at (0,0) size 7x16
              RenderText {#text} at (0,-45) size 7x106
                text run at (0,-45) width 7: "("
          RenderMathMLOperator {mo} at (45,0) size 11x29
            RenderBlock (anonymous) at (0,0) size 7x16
              RenderText {#text} at (0,-45) size 7x106
                text run at (0,-45) width 7: ")"
          RenderMathMLOperator {mo} at (55,0) size 9x28
            RenderBlock (anonymous) at (0,0) size 5x16
              RenderText {#text} at (0,-45) size 5x106
                text run at (0,-45) width 5: "|"
          RenderMathMLOperator {mo} at (63,0) size 9x29
            RenderBlock (anonymous) at (0,0) size 8x16
              RenderText {#text} at (0,-45) size 8x106
                text run at (0,-45) width 8: "\x{2308}"
          RenderMathMLOperator {mo} at (71,0) size 10x29
            RenderBlock (anonymous) at (0,0) size 8x16
              RenderText {#text} at (0,-45) size 8x106
                text run at (0,-45) width 8: "\x{2309}"
          RenderMathMLOperator {mo} at (80,0) size 9x29
            RenderBlock (anonymous) at (0,0) size 8x16
              RenderText {#text} at (0,-45) size 8x106
                text run at (0,-45) width 8: "\x{230A}"
          RenderMathMLOperator {mo} at (88,0) size 10x29
            RenderBlock (anonymous) at (0,0) size 8x16
              RenderText {#text} at (0,-45) size 8x106
                text run at (0,-45) width 8: "\x{230B}"
          RenderMathMLOperator {mo} at (97,0) size 11x29
            RenderBlock (anonymous) at (0,0) size 7x16
              RenderText {#text} at (0,-45) size 7x106
                text run at (0,-45) width 7: "\x{27E6}"
          RenderMathMLOperator {mo} at (107,0) size 12x29
            RenderBlock (anonymous) at (0,0) size 7x16
              RenderText {#text} at (0,-45) size 7x106
                text run at (0,-45) width 7: "\x{27E7}"
          RenderMathMLOperator {mo} at (118,0) size 11x29
            RenderBlock (anonymous) at (0,0) size 7x16
              RenderText {#text} at (0,-45) size 7x106
                text run at (0,-45) width 7: "\x{27E8}"
          RenderMathMLOperator {mo} at (128,0) size 10x29
            RenderBlock (anonymous) at (0,0) size 7x16
              RenderText {#text} at (0,-45) size 7x106
                text run at (0,-45) width 7: "\x{27E9}"
          RenderMathMLSpace {mspace} at (137,2) size 0x16
        RenderText {#text} at (137,5) size 5x17
          text run at (137,5) width 5: " "
        RenderMathMLMath {math} at (141,0) size 212x23
          RenderMathMLOperator {mo} at (0,0) size 17x22
            RenderBlock (anonymous) at (0,0) size 8x15
              RenderText {#text} at (0,-46) size 8x106
                text run at (0,-46) width 8: "\x{2191}"
          RenderMathMLOperator {mo} at (16,0) size 18x22
            RenderBlock (anonymous) at (0,0) size 8x15
              RenderText {#text} at (0,-45) size 8x106
                text run at (0,-45) width 8: "\x{2193}"
          RenderMathMLOperator {mo} at (33,3) size 18x17
            RenderBlock (anonymous) at (0,0) size 8x18
              RenderText {#text} at (0,-44) size 8x106
                text run at (0,-44) width 8: "\x{2195}"
          RenderMathMLOperator {mo} at (50,0) size 20x22
            RenderBlock (anonymous) at (0,0) size 11x14
              RenderText {#text} at (0,-46) size 11x106
                text run at (0,-46) width 11: "\x{21A5}"
          RenderMathMLOperator {mo} at (69,0) size 20x22
            RenderBlock (anonymous) at (0,0) size 11x14
              RenderText {#text} at (0,-46) size 11x106
                text run at (0,-46) width 11: "\x{21A7}"
          RenderMathMLOperator {mo} at (88,0) size 17x22
            RenderBlock (anonymous) at (0,0) size 8x16
              RenderText {#text} at (0,-45) size 8x106
                text run at (0,-45) width 8: "\x{21BE}"
          RenderMathMLOperator {mo} at (104,0) size 17x22
            RenderBlock (anonymous) at (0,0) size 8x16
              RenderText {#text} at (0,-45) size 8x106
                text run at (0,-45) width 8: "\x{21C2}"
          RenderMathMLOperator {mo} at (120,0) size 17x22
            RenderBlock (anonymous) at (0,0) size 8x16
              RenderText {#text} at (0,-45) size 8x106
                text run at (0,-45) width 8: "\x{21BF}"
          RenderMathMLOperator {mo} at (136,0) size 17x22
            RenderBlock (anonymous) at (0,0) size 8x16
              RenderText {#text} at (0,-45) size 8x106
                text run at (0,-45) width 8: "\x{21C3}"
          RenderMathMLOperator {mo} at (152,0) size 20x22
            RenderBlock (anonymous) at (0,0) size 10x15
              RenderText {#text} at (0,-46) size 10x106
                text run at (0,-46) width 10: "\x{21D1}"
          RenderMathMLOperator {mo} at (171,0) size 20x22
            RenderBlock (anonymous) at (0,0) size 10x15
              RenderText {#text} at (0,-45) size 10x106
                text run at (0,-45) width 10: "\x{21D3}"
          RenderMathMLOperator {mo} at (190,0) size 21x23
            RenderBlock (anonymous) at (0,0) size 10x16
              RenderText {#text} at (0,-45) size 10x106
                text run at (0,-45) width 10: "\x{21D5}"
          RenderMathMLSpace {mspace} at (210,3) size 0x16
        RenderText {#text} at (0,0) size 0x0
      RenderBlock {P} at (0,83) size 784x48
        RenderMathMLMath {math} at (0,0) size 188x48
          RenderMathMLOperator {mo} at (0,0) size 11x48
            RenderBlock (anonymous) at (0,0) size 5x16
              RenderText {#text} at (0,-45) size 5x106
                text run at (0,-45) width 5: "["
          RenderMathMLOperator {mo} at (10,0) size 12x48
            RenderBlock (anonymous) at (0,0) size 5x16
              RenderText {#text} at (0,-45) size 5x106
                text run at (0,-45) width 5: "]"
          RenderMathMLOperator {mo} at (21,0) size 15x48
            RenderBlock (anonymous) at (0,0) size 8x16
              RenderText {#text} at (0,-45) size 8x106
                text run at (0,-45) width 8: "{"
          RenderMathMLOperator {mo} at (35,0) size 16x48
            RenderBlock (anonymous) at (0,0) size 8x16
              RenderText {#text} at (0,-45) size 8x106
                text run at (0,-45) width 8: "}"
          RenderMathMLOperator {mo} at (50,0) size 15x48
            RenderBlock (anonymous) at (0,0) size 7x16
              RenderText {#text} at (0,-45) size 7x106
                text run at (0,-45) width 7: "("
          RenderMathMLOperator {mo} at (64,0) size 15x48
            RenderBlock (anonymous) at (0,0) size 7x16
              RenderText {#text} at (0,-45) size 7x106
                text run at (0,-45) width 7: ")"
          RenderMathMLOperator {mo} at (78,4) size 9x41
            RenderBlock (anonymous) at (0,0) size 5x16
              RenderText {#text} at (0,-45) size 5x106
                text run at (0,-45) width 5: "|"
          RenderMathMLOperator {mo} at (86,0) size 11x48
            RenderBlock (anonymous) at (0,0) size 8x16
              RenderText {#text} at (0,-45) size 8x106
                text run at (0,-45) width 8: "\x{2308}"
          RenderMathMLOperator {mo} at (96,0) size 11x48
            RenderBlock (anonymous) at (0,0) size 8x16
              RenderText {#text} at (0,-45) size 8x106
                text run at (0,-45) width 8: "\x{2309}"
          RenderMathMLOperator {mo} at (106,0) size 11x48
            RenderBlock (anonymous) at (0,0) size 8x16
              RenderText {#text} at (0,-45) size 8x106
                text run at (0,-45) width 8: "\x{230A}"
          RenderMathMLOperator {mo} at (116,0) size 10x48
            RenderBlock (anonymous) at (0,0) size 8x16
              RenderText {#text} at (0,-45) size 8x106
                text run at (0,-45) width 8: "\x{230B}"
          RenderMathMLOperator {mo} at (125,0) size 18x48
            RenderBlock (anonymous) at (0,0) size 7x16
              RenderText {#text} at (0,-45) size 7x106
                text run at (0,-45) width 7: "\x{27E6}"
          RenderMathMLOperator {mo} at (142,0) size 17x48
            RenderBlock (anonymous) at (0,0) size 7x16
              RenderText {#text} at (0,-45) size 7x106
                text run at (0,-45) width 7: "\x{27E7}"
          RenderMathMLOperator {mo} at (158,0) size 15x48
            RenderBlock (anonymous) at (0,0) size 7x16
              RenderText {#text} at (0,-45) size 7x106
                text run at (0,-45) width 7: "\x{27E8}"
          RenderMathMLOperator {mo} at (172,0) size 16x48
            RenderBlock (anonymous) at (0,0) size 7x16
              RenderText {#text} at (0,-45) size 7x106
                text run at (0,-45) width 7: "\x{27E9}"
          RenderMathMLSpace {mspace} at (187,4) size 0x24
        RenderText {#text} at (0,0) size 0x0
      RenderBlock {P} at (0,147) size 784x58
        RenderMathMLMath {math} at (0,0) size 191x58
          RenderMathMLOperator {mo} at (0,1) size 11x56
            RenderBlock (anonymous) at (0,0) size 5x16
              RenderText {#text} at (0,-45) size 5x106
                text run at (0,-45) width 5: "["
          RenderMathMLOperator {mo} at (10,1) size 12x56
            RenderBlock (anonymous) at (0,0) size 5x16
              RenderText {#text} at (0,-45) size 5x106
                text run at (0,-45) width 5: "]"
          RenderMathMLOperator {mo} at (21,1) size 15x56
            RenderBlock (anonymous) at (0,0) size 8x16
              RenderText {#text} at (0,-45) size 8x106
                text run at (0,-45) width 8: "{"
          RenderMathMLOperator {mo} at (35,1) size 16x56
            RenderBlock (anonymous) at (0,0) size 8x16
              RenderText {#text} at (0,-45) size 8x106
                text run at (0,-45) width 8: "}"
          RenderMathMLOperator {mo} at (50,1) size 15x56
            RenderBlock (anonymous) at (0,0) size 7x16
              RenderText {#text} at (0,-45) size 7x106
                text run at (0,-45) width 7: "("
          RenderMathMLOperator {mo} at (64,1) size 15x56
            RenderBlock (anonymous) at (0,0) size 7x16
              RenderText {#text} at (0,-45) size 7x106
                text run at (0,-45) width 7: ")"
          RenderMathMLOperator {mo} at (78,0) size 9x58
            RenderBlock (anonymous) at (0,0) size 5x16
              RenderText {#text} at (0,-45) size 5x106
                text run at (0,-45) width 5: "|"
          RenderMathMLOperator {mo} at (86,1) size 11x56
            RenderBlock (anonymous) at (0,0) size 8x16
              RenderText {#text} at (0,-45) size 8x106
                text run at (0,-45) width 8: "\x{2308}"
          RenderMathMLOperator {mo} at (96,1) size 12x56
            RenderBlock (anonymous) at (0,0) size 8x16
              RenderText {#text} at (0,-45) size 8x106
                text run at (0,-45) width 8: "\x{2309}"
          RenderMathMLOperator {mo} at (107,1) size 12x56
            RenderBlock (anonymous) at (0,0) size 8x16
              RenderText {#text} at (0,-45) size 8x106
                text run at (0,-45) width 8: "\x{230A}"
          RenderMathMLOperator {mo} at (118,1) size 11x56
            RenderBlock (anonymous) at (0,0) size 8x16
              RenderText {#text} at (0,-45) size 8x106
                text run at (0,-45) width 8: "\x{230B}"
          RenderMathMLOperator {mo} at (128,1) size 17x56
            RenderBlock (anonymous) at (0,0) size 7x16
              RenderText {#text} at (0,-45) size 7x106
                text run at (0,-45) width 7: "\x{27E6}"
          RenderMathMLOperator {mo} at (144,1) size 18x56
            RenderBlock (anonymous) at (0,0) size 7x16
              RenderText {#text} at (0,-45) size 7x106
                text run at (0,-45) width 7: "\x{27E7}"
          RenderMathMLOperator {mo} at (161,5) size 15x48
            RenderBlock (anonymous) at (0,0) size 7x16
              RenderText {#text} at (0,-45) size 7x106
                text run at (0,-45) width 7: "\x{27E8}"
          RenderMathMLOperator {mo} at (175,5) size 16x48
            RenderBlock (anonymous) at (0,0) size 7x16
              RenderText {#text} at (0,-45) size 7x106
                text run at (0,-45) width 7: "\x{27E9}"
          RenderMathMLSpace {mspace} at (190,1) size 0x32
        RenderText {#text} at (190,19) size 5x17
          text run at (190,19) width 5: " "
        RenderMathMLMath {math} at (194,1) size 212x32
          RenderMathMLOperator {mo} at (0,0) size 17x32
            RenderBlock (anonymous) at (0,0) size 8x15
              RenderText {#text} at (0,-46) size 8x106
                text run at (0,-46) width 8: "\x{2191}"
          RenderMathMLOperator {mo} at (16,0) size 18x32
            RenderBlock (anonymous) at (0,0) size 8x15
              RenderText {#text} at (0,-45) size 8x106
                text run at (0,-45) width 8: "\x{2193}"
          RenderMathMLOperator {mo} at (33,0) size 19x32
            RenderBlock (anonymous) at (0,0) size 8x18
              RenderText {#text} at (0,-44) size 8x106
                text run at (0,-44) width 8: "\x{2195}"
          RenderMathMLOperator {mo} at (51,0) size 20x32
            RenderBlock (anonymous) at (0,0) size 11x14
              RenderText {#text} at (0,-46) size 11x106
                text run at (0,-46) width 11: "\x{21A5}"
          RenderMathMLOperator {mo} at (70,0) size 20x32
            RenderBlock (anonymous) at (0,0) size 11x14
              RenderText {#text} at (0,-46) size 11x106
                text run at (0,-46) width 11: "\x{21A7}"
          RenderMathMLOperator {mo} at (89,0) size 17x32
            RenderBlock (anonymous) at (0,0) size 8x16
              RenderText {#text} at (0,-45) size 8x106
                text run at (0,-45) width 8: "\x{21BE}"
          RenderMathMLOperator {mo} at (105,0) size 17x32
            RenderBlock (anonymous) at (0,0) size 8x16
              RenderText {#text} at (0,-45) size 8x106
                text run at (0,-45) width 8: "\x{21C2}"
          RenderMathMLOperator {mo} at (121,0) size 17x32
            RenderBlock (anonymous) at (0,0) size 8x16
              RenderText {#text} at (0,-45) size 8x106
                text run at (0,-45) width 8: "\x{21BF}"
          RenderMathMLOperator {mo} at (137,0) size 17x32
            RenderBlock (anonymous) at (0,0) size 8x16
              RenderText {#text} at (0,-45) size 8x106
                text run at (0,-45) width 8: "\x{21C3}"
          RenderMathMLOperator {mo} at (153,0) size 20x32
            RenderBlock (anonymous) at (0,0) size 10x15
              RenderText {#text} at (0,-46) size 10x106
                text run at (0,-46) width 10: "\x{21D1}"
          RenderMathMLOperator {mo} at (172,0) size 21x32
            RenderBlock (anonymous) at (0,0) size 10x15
              RenderText {#text} at (0,-45) size 10x106
                text run at (0,-45) width 10: "\x{21D3}"
          RenderMathMLOperator {mo} at (192,0) size 20x32
            RenderBlock (anonymous) at (0,0) size 10x16
              RenderText {#text} at (0,-45) size 10x106
                text run at (0,-45) width 10: "\x{21D5}"
          RenderMathMLSpace {mspace} at (211,0) size 0x32
        RenderText {#text} at (0,0) size 0x0
      RenderBlock {P} at (0,221) size 784x120
        RenderMathMLMath {math} at (0,0) size 191x120
          RenderMathMLOperator {mo} at (0,0) size 11x120
            RenderBlock (anonymous) at (0,0) size 5x16
              RenderText {#text} at (0,-45) size 5x106
                text run at (0,-45) width 5: "["
          RenderMathMLOperator {mo} at (10,0) size 12x120
            RenderBlock (anonymous) at (0,0) size 5x16
              RenderText {#text} at (0,-45) size 5x106
                text run at (0,-45) width 5: "]"
          RenderMathMLOperator {mo} at (21,0) size 15x120
            RenderBlock (anonymous) at (0,0) size 8x16
              RenderText {#text} at (0,-45) size 8x106
                text run at (0,-45) width 8: "{"
          RenderMathMLOperator {mo} at (35,0) size 16x120
            RenderBlock (anonymous) at (0,0) size 8x16
              RenderText {#text} at (0,-45) size 8x106
                text run at (0,-45) width 8: "}"
          RenderMathMLOperator {mo} at (50,0) size 15x120
            RenderBlock (anonymous) at (0,0) size 7x16
              RenderText {#text} at (0,-45) size 7x106
                text run at (0,-45) width 7: "("
          RenderMathMLOperator {mo} at (64,0) size 15x120
            RenderBlock (anonymous) at (0,0) size 7x16
              RenderText {#text} at (0,-45) size 7x106
                text run at (0,-45) width 7: ")"
          RenderMathMLOperator {mo} at (78,0) size 9x120
            RenderBlock (anonymous) at (0,0) size 5x16
              RenderText {#text} at (0,-45) size 5x106
                text run at (0,-45) width 5: "|"
          RenderMathMLOperator {mo} at (86,0) size 11x120
            RenderBlock (anonymous) at (0,0) size 8x16
              RenderText {#text} at (0,-45) size 8x106
                text run at (0,-45) width 8: "\x{2308}"
          RenderMathMLOperator {mo} at (96,0) size 12x120
            RenderBlock (anonymous) at (0,0) size 8x16
              RenderText {#text} at (0,-45) size 8x106
                text run at (0,-45) width 8: "\x{2309}"
          RenderMathMLOperator {mo} at (107,0) size 12x120
            RenderBlock (anonymous) at (0,0) size 8x16
              RenderText {#text} at (0,-45) size 8x106
                text run at (0,-45) width 8: "\x{230A}"
          RenderMathMLOperator {mo} at (118,0) size 11x120
            RenderBlock (anonymous) at (0,0) size 8x16
              RenderText {#text} at (0,-45) size 8x106
                text run at (0,-45) width 8: "\x{230B}"
          RenderMathMLOperator {mo} at (128,0) size 17x120
            RenderBlock (anonymous) at (0,0) size 7x16
              RenderText {#text} at (0,-45) size 7x106
                text run at (0,-45) width 7: "\x{27E6}"
          RenderMathMLOperator {mo} at (144,0) size 18x120
            RenderBlock (anonymous) at (0,0) size 7x16
              RenderText {#text} at (0,-45) size 7x106
                text run at (0,-45) width 7: "\x{27E7}"
          RenderMathMLOperator {mo} at (161,36) size 15x48
            RenderBlock (anonymous) at (0,0) size 7x16
              RenderText {#text} at (0,-45) size 7x106
                text run at (0,-45) width 7: "\x{27E8}"
          RenderMathMLOperator {mo} at (175,36) size 16x48
            RenderBlock (anonymous) at (0,0) size 7x16
              RenderText {#text} at (0,-45) size 7x106
                text run at (0,-45) width 7: "\x{27E9}"
          RenderMathMLSpace {mspace} at (190,0) size 0x64
        RenderText {#text} at (190,50) size 5x17
          text run at (190,50) width 5: " "
        RenderMathMLMath {math} at (194,0) size 212x64
          RenderMathMLOperator {mo} at (0,0) size 17x64
            RenderBlock (anonymous) at (0,0) size 8x15
              RenderText {#text} at (0,-46) size 8x106
                text run at (0,-46) width 8: "\x{2191}"
          RenderMathMLOperator {mo} at (16,0) size 18x64
            RenderBlock (anonymous) at (0,0) size 8x15
              RenderText {#text} at (0,-45) size 8x106
                text run at (0,-45) width 8: "\x{2193}"
          RenderMathMLOperator {mo} at (33,0) size 19x64
            RenderBlock (anonymous) at (0,0) size 8x18
              RenderText {#text} at (0,-44) size 8x106
                text run at (0,-44) width 8: "\x{2195}"
          RenderMathMLOperator {mo} at (51,0) size 20x64
            RenderBlock (anonymous) at (0,0) size 11x14
              RenderText {#text} at (0,-46) size 11x106
                text run at (0,-46) width 11: "\x{21A5}"
          RenderMathMLOperator {mo} at (70,0) size 20x64
            RenderBlock (anonymous) at (0,0) size 11x14
              RenderText {#text} at (0,-46) size 11x106
                text run at (0,-46) width 11: "\x{21A7}"
          RenderMathMLOperator {mo} at (89,0) size 17x64
            RenderBlock (anonymous) at (0,0) size 8x16
              RenderText {#text} at (0,-45) size 8x106
                text run at (0,-45) width 8: "\x{21BE}"
          RenderMathMLOperator {mo} at (105,0) size 17x64
            RenderBlock (anonymous) at (0,0) size 8x16
              RenderText {#text} at (0,-45) size 8x106
                text run at (0,-45) width 8: "\x{21C2}"
          RenderMathMLOperator {mo} at (121,0) size 17x64
            RenderBlock (anonymous) at (0,0) size 8x16
              RenderText {#text} at (0,-45) size 8x106
                text run at (0,-45) width 8: "\x{21BF}"
          RenderMathMLOperator {mo} at (137,0) size 17x64
            RenderBlock (anonymous) at (0,0) size 8x16
              RenderText {#text} at (0,-45) size 8x106
                text run at (0,-45) width 8: "\x{21C3}"
          RenderMathMLOperator {mo} at (153,0) size 20x64
            RenderBlock (anonymous) at (0,0) size 10x15
              RenderText {#text} at (0,-46) size 10x106
                text run at (0,-46) width 10: "\x{21D1}"
          RenderMathMLOperator {mo} at (172,0) size 21x64
            RenderBlock (anonymous) at (0,0) size 10x15
              RenderText {#text} at (0,-45) size 10x106
                text run at (0,-45) width 10: "\x{21D3}"
          RenderMathMLOperator {mo} at (192,0) size 20x64
            RenderBlock (anonymous) at (0,0) size 10x16
              RenderText {#text} at (0,-45) size 10x106
                text run at (0,-45) width 10: "\x{21D5}"
          RenderMathMLSpace {mspace} at (211,0) size 0x64
        RenderText {#text} at (0,0) size 0x0
