layer at (0,0) size 785x677
  RenderView at (0,0) size 785x600
layer at (0,0) size 785x677
  RenderBlock {HTML} at (0,0) size 785x677
    RenderBody {BODY} at (8,8) size 769x661
      RenderBlock (anonymous) at (0,0) size 769x18
        RenderText {#text} at (0,0) size 252x18
          text run at (0,0) width 252: "This tests minMaxWidth for text fields."
      RenderBlock {P} at (0,34) size 769x18
        RenderText {#text} at (0,0) size 70x18
          text run at (0,0) width 70: "Test case 1"
      RenderTable {TABLE} at (0,68) size 118x37 [border: (3px solid #0000FF)]
        RenderTableSection {TBODY} at (3,3) size 112x31
          RenderTableRow {TR} at (0,2) size 112x27
            RenderTableCell {TD} at (2,2) size 108x27 [border: (3px solid #FF0000)] [r=0 c=0 rs=1 cs=1]
              RenderTextControl {INPUT} at (4,4) size 100x19 [bgcolor=#FFFFFF] [border: (2px inset #808080)]
      RenderBlock {P} at (0,121) size 769x18
        RenderText {#text} at (0,0) size 70x18
          text run at (0,0) width 70: "Test case 2"
      RenderTable {TABLE} at (0,155) size 167x66 [border: (3px solid #0000FF)]
        RenderTableSection {TBODY} at (3,3) size 161x60
          RenderTableRow {TR} at (0,2) size 161x27
            RenderTableCell {TD} at (2,5) size 47x21 [r=0 c=0 rs=1 cs=1]
              RenderText {#text} at (1,0) size 25x20
                text run at (1,1) width 25: "first"
            RenderTableCell {TD} at (50,2) size 109x27 [border: (3px solid #FF0000)] [r=0 c=1 rs=1 cs=1]
              RenderTextControl {INPUT} at (4,4) size 100x19 [bgcolor=#FFFFFF] [border: (2px inset #808080)]
          RenderTableRow {TR} at (0,31) size 161x27
            RenderTableCell {TD} at (2,34) size 47x21 [r=1 c=0 rs=1 cs=1]
              RenderText {#text} at (1,0) size 45x20
                text run at (1,1) width 45: "second"
            RenderTableCell {TD} at (50,31) size 109x27 [border: (3px solid #FF0000)] [r=1 c=1 rs=1 cs=1]
              RenderTextControl {INPUT} at (4,4) size 100x19 [bgcolor=#FFFFFF] [border: (2px inset #808080)]
      RenderBlock {P} at (0,237) size 769x18
        RenderText {#text} at (0,0) size 70x18
          text run at (0,0) width 70: "Test case 3"
      RenderTable {TABLE} at (0,271) size 55x73 [border: (3px solid #0000FF)]
        RenderTableSection {TBODY} at (3,3) size 49x67
          RenderTableRow {TR} at (0,2) size 49x63
            RenderTableCell {TD} at (2,2) size 45x63 [border: (3px solid #FF0000)] [r=0 c=0 rs=1 cs=1]
              RenderText {#text} at (4,4) size 37x36
                text run at (4,4) width 37: "width"
                text run at (4,22) width 32: "30px"
              RenderTextControl {INPUT} at (4,40) size 30x19 [bgcolor=#FFFFFF] [border: (2px inset #808080)]
      RenderBlock {P} at (0,360) size 769x18
        RenderText {#text} at (0,0) size 70x18
          text run at (0,0) width 70: "Test case 4"
      RenderTable {TABLE} at (0,394) size 218x65 [border: (3px solid #0000FF)]
        RenderTableSection {TBODY} at (3,3) size 212x59
          RenderTableRow {TR} at (0,2) size 212x27
            RenderTableCell {TD} at (2,2) size 208x27 [border: (3px solid #FF0000)] [r=0 c=0 rs=1 cs=1]
              RenderTextControl {INPUT} at (4,4) size 200x19 [bgcolor=#FFFFFF] [border: (2px inset #808080)]
          RenderTableRow {TR} at (0,31) size 212x26
            RenderTableCell {TD} at (2,31) size 208x26 [border: (3px solid #FF0000)] [r=1 c=0 rs=1 cs=1]
              RenderBlock {DIV} at (4,4) size 200x18
                RenderText {#text} at (0,0) size 40x18
                  text run at (0,0) width 40: "200px"
      RenderBlock {P} at (0,475) size 769x18
        RenderText {#text} at (0,0) size 70x18
          text run at (0,0) width 70: "Test case 5"
      RenderTable {TABLE} at (0,509) size 88x37 [border: (3px solid #0000FF)]
        RenderTableSection {TBODY} at (3,3) size 82x31
          RenderTableRow {TR} at (0,2) size 82x27
            RenderTableCell {TD} at (2,2) size 78x27 [border: (3px solid #FF0000)] [r=0 c=0 rs=1 cs=1]
              RenderTextControl {INPUT} at (4,4) size 70x19 [bgcolor=#FFFFFF] [border: (2px inset #808080)]
      RenderBlock {P} at (0,562) size 769x18
        RenderText {#text} at (0,0) size 70x18
          text run at (0,0) width 70: "Test case 6"
      RenderTable {TABLE} at (0,596) size 165x65 [border: (3px solid #0000FF)]
        RenderTableSection {TBODY} at (3,3) size 159x59
          RenderTableRow {TR} at (0,2) size 159x27
            RenderTableCell {TD} at (2,2) size 155x27 [border: (3px solid #FF0000)] [r=0 c=0 rs=1 cs=1]
              RenderTextControl {INPUT} at (4,4) size 147x19 [bgcolor=#FFFFFF] [border: (2px inset #808080)]
          RenderTableRow {TR} at (0,31) size 159x26
            RenderTableCell {TD} at (2,31) size 155x26 [border: (3px solid #FF0000)] [r=1 c=0 rs=1 cs=1]
              RenderBlock {DIV} at (4,4) size 70x18
                RenderText {#text} at (0,0) size 32x18
                  text run at (0,0) width 32: "70px"
layer at (20,88) size 94x13
  RenderBlock {DIV} at (3,3) size 94x13
layer at (68,175) size 94x13
  RenderBlock {DIV} at (3,3) size 94x13
layer at (68,204) size 94x13
  RenderBlock {DIV} at (3,3) size 94x13
layer at (20,327) size 24x13
  RenderBlock {DIV} at (3,3) size 24x13
layer at (20,414) size 194x13
  RenderBlock {DIV} at (3,3) size 194x13
    RenderText {#text} at (0,0) size 62x13
      text run at (0,0) width 62: "width 100%"
layer at (20,529) size 64x13
  RenderBlock {DIV} at (3,3) size 64x13
    RenderText {#text} at (0,0) size 51x13
      text run at (0,0) width 51: "max 70px"
layer at (20,616) size 141x13
  RenderBlock {DIV} at (3,3) size 141x13
    RenderText {#text} at (0,0) size 88x13
      text run at (0,0) width 88: "min-width 100px"
