layer at (0,0) size 800x600
  RenderView at (0,0) size 800x600
layer at (0,0) size 800x600
  RenderBlock {HTML} at (0,0) size 800x600
    RenderBody {BODY} at (8,8) size 784x584
      RenderText {#text} at (0,0) size 574x18
        text run at (0,0) width 574: "This tests that background color and background images can be set on the new text fields."
      RenderBR {BR} at (573,0) size 1x18
      RenderTextControl {INPUT} at (0,18) size 147x19 [bgcolor=#FFC0CB] [border: (2px inset #808080)]
      RenderBR {BR} at (146,18) size 1x18
      RenderTextControl {INPUT} at (0,37) size 147x19 [bgcolor=#FFFFFF] [border: (2px inset #808080)]
      RenderText {#text} at (0,0) size 0x0
layer at (11,29) size 141x13
  RenderBlock {DIV} at (3,3) size 141x13
    RenderText {#text} at (0,0) size 106x13
      text run at (0,0) width 106: "This should be pink."
layer at (11,48) size 141x13
  RenderBlock {DIV} at (3,3) size 141x13
