layer at (0,0) size 800x600
  RenderView at (0,0) size 800x600
layer at (0,0) size 800x600
  RenderBlock {HTML} at (0,0) size 800x600
    RenderBody {BODY} at (8,8) size 784x584
      RenderBlock {P} at (0,0) size 784x18
        RenderText {#text} at (0,0) size 245x18
          text run at (0,0) width 245: "Test appearances of outer-spin-button."
      RenderBlock {DIV} at (0,34) size 784x0
      RenderBlock {DIV} at (0,34) size 784x470
        RenderTable {TABLE} at (0,0) size 489x470
          RenderTableSection {TBODY} at (0,0) size 489x470
            RenderTableRow {TR} at (0,2) size 489x466
              RenderTableCell {TD} at (2,77) size 194x316 [r=0 c=0 rs=1 cs=1]
                RenderBlock {DIV} at (1,76) size 192x32
                  RenderTextControl {INPUT} at (0,0) size 112x16 [bgcolor=#FFFFFF] [border: (2px inset #808080)]
                  RenderBR {BR} at (111,-4) size 1x19
                  RenderTextControl {INPUT} at (0,15) size 112x16 [bgcolor=#FFFFFF] [border: (2px inset #808080)]
                    RenderFlexibleBox {DIV} at (3,0) size 106x16
                      RenderBlock {DIV} at (0,2) size 93x11
                RenderBlock {DIV} at (1,107) size 192x34
                  RenderTextControl {INPUT} at (0,0) size 124x17 [bgcolor=#FFFFFF] [border: (2px inset #808080)]
                  RenderBR {BR} at (123,-3) size 1x19
                  RenderTextControl {INPUT} at (0,16) size 124x18 [bgcolor=#FFFFFF] [border: (2px inset #808080)]
                    RenderFlexibleBox {DIV} at (3,0) size 118x16
                      RenderBlock {DIV} at (0,2) size 105x11
                RenderBlock {DIV} at (1,140) size 192x36
                  RenderTextControl {INPUT} at (0,0) size 136x18 [bgcolor=#FFFFFF] [border: (2px inset #808080)]
                  RenderBR {BR} at (135,-2) size 1x19
                  RenderTextControl {INPUT} at (0,17) size 136x19 [bgcolor=#FFFFFF] [border: (2px inset #808080)]
                    RenderFlexibleBox {DIV} at (3,1) size 130x16
                      RenderBlock {DIV} at (0,1) size 117x13
                RenderBlock {DIV} at (1,176) size 192x38
                  RenderTextControl {INPUT} at (0,0) size 147x19 [bgcolor=#FFFFFF] [border: (2px inset #808080)]
                  RenderBR {BR} at (146,-1) size 1x19
                  RenderTextControl {INPUT} at (0,18) size 147x20 [bgcolor=#FFFFFF] [border: (2px inset #808080)]
                    RenderFlexibleBox {DIV} at (3,1) size 141x17
                      RenderBlock {DIV} at (0,1) size 128x14
                RenderBlock {DIV} at (1,213) size 192x42
                  RenderTextControl {INPUT} at (0,0) size 159x21 [bgcolor=#FFFFFF] [border: (2px inset #808080)]
                  RenderBR {BR} at (158,0) size 1x19
                  RenderTextControl {INPUT} at (0,20) size 159x21 [bgcolor=#FFFFFF] [border: (2px inset #808080)]
                    RenderFlexibleBox {DIV} at (3,1) size 153x19
                      RenderBlock {DIV} at (0,1) size 140x16
                RenderBlock {DIV} at (1,254) size 192x43
                  RenderTextControl {INPUT} at (0,0) size 170x22 [bgcolor=#FFFFFF] [border: (2px inset #808080)]
                  RenderBR {BR} at (169,1) size 1x19
                  RenderTextControl {INPUT} at (0,21) size 170x22 [bgcolor=#FFFFFF] [border: (2px inset #808080)]
                    RenderFlexibleBox {DIV} at (3,0) size 164x21
                      RenderBlock {DIV} at (0,2) size 149x16
                RenderBlock {DIV} at (1,296) size 192x46
                  RenderTextControl {INPUT} at (0,0) size 181x23 [bgcolor=#FFFFFF] [border: (2px inset #808080)]
                  RenderBR {BR} at (180,2) size 1x19
                  RenderTextControl {INPUT} at (0,22) size 181x23 [bgcolor=#FFFFFF] [border: (2px inset #808080)]
                    RenderFlexibleBox {DIV} at (3,0) size 175x22
                      RenderBlock {DIV} at (0,2) size 160x17
                RenderBlock {DIV} at (1,341) size 192x49
                  RenderTextControl {INPUT} at (0,0) size 192x24 [bgcolor=#FFFFFF] [border: (2px inset #808080)]
                  RenderBR {BR} at (191,3) size 1x19
                  RenderTextControl {INPUT} at (0,23) size 192x25 [bgcolor=#FFFFFF] [border: (2px inset #808080)]
                    RenderFlexibleBox {DIV} at (3,0) size 186x24
                      RenderBlock {DIV} at (0,2) size 171x19
              RenderTableCell {TD} at (197,2) size 290x466 [r=0 c=1 rs=1 cs=1]
                RenderBlock {DIV} at (1,1) size 288x50
                  RenderTextControl {INPUT} at (0,0) size 203x25 [bgcolor=#FFFFFF] [border: (2px inset #808080)]
                  RenderBR {BR} at (202,4) size 1x19
                  RenderTextControl {INPUT} at (0,24) size 203x26 [bgcolor=#FFFFFF] [border: (2px inset #808080)]
                    RenderFlexibleBox {DIV} at (3,0) size 197x25
                      RenderBlock {DIV} at (0,2) size 182x20
                RenderBlock {DIV} at (1,50) size 288x53
                  RenderTextControl {INPUT} at (0,0) size 213x27 [bgcolor=#FFFFFF] [border: (2px inset #808080)]
                  RenderBR {BR} at (212,5) size 1x19
                  RenderTextControl {INPUT} at (0,26) size 213x27 [bgcolor=#FFFFFF] [border: (2px inset #808080)]
                    RenderFlexibleBox {DIV} at (3,0) size 207x26
                      RenderBlock {DIV} at (0,2) size 192x21
                RenderBlock {DIV} at (1,102) size 288x56
                  RenderTextControl {INPUT} at (0,0) size 225x28 [bgcolor=#FFFFFF] [border: (2px inset #808080)]
                  RenderBR {BR} at (224,6) size 1x19
                  RenderTextControl {INPUT} at (0,27) size 225x28 [bgcolor=#FFFFFF] [border: (2px inset #808080)]
                    RenderFlexibleBox {DIV} at (3,0) size 219x28
                      RenderBlock {DIV} at (0,2) size 200x23
                RenderBlock {DIV} at (1,157) size 288x57
                  RenderTextControl {INPUT} at (0,0) size 237x29 [bgcolor=#FFFFFF] [border: (2px inset #808080)]
                  RenderBR {BR} at (236,7) size 1x19
                  RenderTextControl {INPUT} at (0,28) size 237x29 [bgcolor=#FFFFFF] [border: (2px inset #808080)]
                    RenderFlexibleBox {DIV} at (3,0) size 231x29
                      RenderBlock {DIV} at (0,3) size 212x23
                RenderBlock {DIV} at (1,213) size 288x61
                  RenderTextControl {INPUT} at (0,0) size 248x30 [bgcolor=#FFFFFF] [border: (2px inset #808080)]
                  RenderBR {BR} at (247,8) size 1x19
                  RenderTextControl {INPUT} at (0,29) size 248x31 [bgcolor=#FFFFFF] [border: (2px inset #808080)]
                    RenderFlexibleBox {DIV} at (3,0) size 242x30
                      RenderBlock {DIV} at (0,3) size 223x24
                RenderBlock {DIV} at (1,273) size 288x62
                  RenderTextControl {INPUT} at (0,0) size 261x31 [bgcolor=#FFFFFF] [border: (2px inset #808080)]
                  RenderBR {BR} at (260,9) size 1x19
                  RenderTextControl {INPUT} at (0,30) size 261x32 [bgcolor=#FFFFFF] [border: (2px inset #808080)]
                    RenderFlexibleBox {DIV} at (3,0) size 255x31
                      RenderBlock {DIV} at (0,3) size 236x25
                RenderBlock {DIV} at (1,334) size 288x65
                  RenderTextControl {INPUT} at (0,0) size 274x32 [bgcolor=#FFFFFF] [border: (2px inset #808080)]
                  RenderBR {BR} at (273,10) size 1x19
                  RenderTextControl {INPUT} at (0,31) size 274x33 [bgcolor=#FFFFFF] [border: (2px inset #808080)]
                    RenderFlexibleBox {DIV} at (3,0) size 268x32
                      RenderBlock {DIV} at (0,3) size 249x26
                RenderBlock {DIV} at (1,398) size 288x67
                  RenderTextControl {INPUT} at (0,0) size 288x34 [bgcolor=#FFFFFF] [border: (2px inset #808080)]
                  RenderBR {BR} at (287,11) size 1x19
                  RenderTextControl {INPUT} at (0,33) size 288x34 [bgcolor=#FFFFFF] [border: (2px inset #808080)]
                    RenderFlexibleBox {DIV} at (3,0) size 282x34
                      RenderBlock {DIV} at (0,3) size 263x28
layer at (14,123) size 106x9
  RenderBlock {DIV} at (3,3) size 106x10
layer at (14,139) size 93x9
  RenderBlock {DIV} at (0,0) size 93x10
layer at (14,154) size 118x11
  RenderBlock {DIV} at (3,3) size 118x11
layer at (14,171) size 105x11 backgroundClip at (14,171) size 105x10 clip at (14,171) size 105x10
  RenderBlock {DIV} at (0,0) size 105x11
layer at (14,187) size 129x12
  RenderBlock {DIV} at (3,3) size 130x12
layer at (14,205) size 116x12
  RenderBlock {DIV} at (0,0) size 117x12
layer at (14,223) size 141x13
  RenderBlock {DIV} at (3,3) size 141x13
layer at (14,242) size 128x13
  RenderBlock {DIV} at (0,0) size 128x13
layer at (14,261) size 152x14
  RenderBlock {DIV} at (3,3) size 153x15
layer at (14,281) size 139x14
  RenderBlock {DIV} at (0,0) size 140x15
layer at (14,301) size 163x15
  RenderBlock {DIV} at (3,3) size 164x16
layer at (14,323) size 148x15
  RenderBlock {DIV} at (0,0) size 149x16
layer at (14,344) size 174x17 backgroundClip at (14,344) size 174x16 clip at (14,344) size 174x16
  RenderBlock {DIV} at (3,3) size 175x17
layer at (14,366) size 159x17
  RenderBlock {DIV} at (0,0) size 160x17
layer at (14,389) size 185x18
  RenderBlock {DIV} at (3,3) size 186x18
layer at (14,413) size 170x18 backgroundClip at (14,413) size 170x17 clip at (14,413) size 170x17
  RenderBlock {DIV} at (0,0) size 171x18
layer at (209,48) size 196x19
  RenderBlock {DIV} at (3,3) size 197x19
layer at (209,73) size 181x19
  RenderBlock {DIV} at (0,0) size 182x19
layer at (209,98) size 207x20
  RenderBlock {DIV} at (3,3) size 207x21
layer at (209,124) size 192x20
  RenderBlock {DIV} at (0,0) size 192x21
layer at (209,150) size 219x21
  RenderBlock {DIV} at (3,3) size 219x22
layer at (209,177) size 200x21
  RenderBlock {DIV} at (0,0) size 200x22
layer at (209,204) size 231x22
  RenderBlock {DIV} at (3,3) size 231x23
layer at (209,233) size 212x22
  RenderBlock {DIV} at (0,0) size 212x23
layer at (209,261) size 242x24
  RenderBlock {DIV} at (3,3) size 242x24
layer at (209,291) size 223x24 backgroundClip at (209,291) size 223x23 clip at (209,291) size 223x23
  RenderBlock {DIV} at (0,0) size 223x24
layer at (209,320) size 255x25
  RenderBlock {DIV} at (3,3) size 255x25
layer at (209,351) size 236x25
  RenderBlock {DIV} at (0,0) size 236x25
layer at (209,382) size 268x26 backgroundClip at (209,382) size 268x25 clip at (209,382) size 268x25
  RenderBlock {DIV} at (3,3) size 268x26
layer at (209,413) size 249x26
  RenderBlock {DIV} at (0,0) size 249x26
layer at (209,445) size 281x27
  RenderBlock {DIV} at (3,3) size 282x28
layer at (209,478) size 262x27
  RenderBlock {DIV} at (0,0) size 263x28
layer at (107,136) size 13x15
  RenderBlock (relative positioned) {DIV} at (92,0) size 14x15
layer at (119,169) size 13x15
  RenderBlock (relative positioned) {DIV} at (104,0) size 14x15
layer at (130,204) size 13x15
  RenderBlock (relative positioned) {DIV} at (116,0) size 14x15
layer at (142,240) size 13x17
  RenderBlock (relative positioned) {DIV} at (127,0) size 14x17
layer at (153,279) size 13x18
  RenderBlock (relative positioned) {DIV} at (139,0) size 14x18
layer at (162,320) size 15x20
  RenderBlock (relative positioned) {DIV} at (148,0) size 16x20
layer at (173,364) size 15x21
  RenderBlock (relative positioned) {DIV} at (159,0) size 16x21
layer at (184,410) size 15x23
  RenderBlock (relative positioned) {DIV} at (170,0) size 16x23
layer at (391,70) size 15x24
  RenderBlock (relative positioned) {DIV} at (181,0) size 16x24
layer at (401,121) size 15x26
  RenderBlock (relative positioned) {DIV} at (191,0) size 16x26
layer at (409,174) size 19x27
  RenderBlock (relative positioned) {DIV} at (199,0) size 20x27
layer at (421,230) size 19x28
  RenderBlock (relative positioned) {DIV} at (211,-1) size 20x30
layer at (432,287) size 19x30
  RenderBlock (relative positioned) {DIV} at (222,-1) size 20x31
layer at (445,347) size 19x31
  RenderBlock (relative positioned) {DIV} at (235,-1) size 20x33
layer at (458,410) size 19x33
  RenderBlock (relative positioned) {DIV} at (248,-1) size 20x34
layer at (472,475) size 19x35
  RenderBlock (relative positioned) {DIV} at (262,-1) size 20x35
