layer at (0,0) size 800x600
  RenderView at (0,0) size 800x600
layer at (0,0) size 800x600
  RenderBlock {HTML} at (0,0) size 800x600
    RenderBody {BODY} at (8,8) size 784x584
      RenderTextControl {INPUT} at (0,0) size 147x19 [bgcolor=#FFFFFF] [border: (2px inset #000000)]
        RenderFlexibleBox {DIV} at (3,0) size 141x19
          RenderBlock {DIV} at (0,0) size 8x19
          RenderBlock {DIV} at (8,3) size 114x13
          RenderBlock {DIV} at (121,0) size 20x19
      RenderBR {BR} at (146,-1) size 1x19
      RenderTextControl {INPUT} at (0,19) size 147x19 [bgcolor=#FFFFFF] [border: (2px inset #808080)]
      RenderBR {BR} at (146,18) size 1x19
      RenderTextControl {INPUT} at (0,37) size 146x20 [bgcolor=#FFFFFF] [border: (2px inset #000000)]
        RenderFlexibleBox {DIV} at (3,0) size 140x19
          RenderBlock {DIV} at (131,0) size 9x19
          RenderBlock {DIV} at (19,3) size 113x13
          RenderBlock {DIV} at (0,0) size 19x19
      RenderBR {BR} at (145,37) size 1x19
      RenderTextControl {INPUT} at (0,56) size 147x20 [bgcolor=#FFFFFF] [border: (2px inset #000000)]
        RenderFlexibleBox {DIV} at (3,0) size 141x19
          RenderBlock {DIV} at (0,0) size 22x19
          RenderBlock {DIV} at (22,3) size 100x13
          RenderBlock {DIV} at (121,0) size 20x19
      RenderBR {BR} at (146,56) size 1x19
      RenderBR {BR} at (161,93) size 0x19
      RenderTextControl {INPUT} at (0,107) size 147x34 [bgcolor=#FFFFFF] [border: (2px inset #808080)]
      RenderBR {BR} at (146,107) size 1x19
      RenderBR {BR} at (161,171) size 0x19
      RenderTextControl {INPUT} at (5,190) size 198x31 [bgcolor=#FFFFFF] [border: (5px solid #000000)]
      RenderBR {BR} at (207,197) size 1x19
      RenderTextControl {INPUT} at (0,225) size 147x32 [bgcolor=#FFFFFF] [border: (2px inset #808080)]
      RenderText {#text} at (146,231) size 5x19
        text run at (146,231) width 5: " "
      RenderTextControl {INPUT} at (150,225) size 148x32 [bgcolor=#FFFFFF] [border: (2px inset #808080)]
      RenderText {#text} at (0,0) size 0x0
      RenderBR {BR} at (297,231) size 1x19
      RenderTextControl {INPUT} at (0,256) size 147x20 [bgcolor=#FFFFFF] [border: (2px inset #808080)]
      RenderText {#text} at (146,256) size 5x19
        text run at (146,256) width 5: " "
      RenderTextControl {INPUT} at (150,256) size 148x20 [bgcolor=#FFFFFF] [border: (2px inset #808080)]
      RenderText {#text} at (297,256) size 5x19
        text run at (297,256) width 5: " "
      RenderTextControl {INPUT} at (301,256) size 148x20 [bgcolor=#FFFFFF] [border: (2px inset #808080)]
      RenderText {#text} at (0,0) size 0x0
      RenderBR {BR} at (448,256) size 1x19
      RenderBR {BR} at (146,289) size 1x19
layer at (19,11) size 114x13
  RenderBlock {DIV} at (11,3) size 114x13 [color=#A9A9A9]
    RenderText {#text} at (0,0) size 62x13
      text run at (0,0) width 62: "placeholder"
layer at (19,11) size 114x13
  RenderBlock {DIV} at (0,0) size 114x13
layer at (11,30) size 141x13
  RenderBlock {DIV} at (3,3) size 141x13 [color=#A9A9A9]
    RenderText {#text} at (0,0) size 62x13
      text run at (0,0) width 62: "placeholder"
layer at (11,30) size 141x13
  RenderBlock {DIV} at (3,3) size 141x13
layer at (30,49) size 113x13
  RenderBlock {DIV} at (22,3) size 113x13 [color=#A9A9A9]
    RenderText {#text} at (51,0) size 62x13
      text run at (51,0) width 62: "placeholder"
layer at (30,49) size 113x13
  RenderBlock {DIV} at (0,0) size 113x13
layer at (33,68) size 100x13
  RenderBlock {DIV} at (25,3) size 100x13 [color=#A9A9A9]
    RenderText {#text} at (0,0) size 62x13
      text run at (0,0) width 62: "placeholder"
layer at (33,68) size 100x13
  RenderBlock {DIV} at (0,0) size 100x13
layer at (8,84) size 161x32 clip at (9,85) size 159x30
  RenderTextControl {TEXTAREA} at (0,75) size 161x33 [bgcolor=#FFFFFF] [border: (1px solid #000000)]
    RenderBlock {DIV} at (3,3) size 155x13
    RenderBlock {DIV} at (3,3) size 155x13 [color=#A9A9A9]
      RenderText {#text} at (0,0) size 62x13
        text run at (0,0) width 62: "placeholder"
layer at (11,119) size 141x13
  RenderBlock {DIV} at (3,3) size 141x13 [color=#A9A9A9]
    RenderText {#text} at (0,0) size 62x13
      text run at (0,0) width 62: "placeholder"
layer at (11,119) size 141x13
  RenderBlock {DIV} at (3,3) size 141x13
layer at (8,149) size 161x45 clip at (9,150) size 159x43
  RenderTextControl {TEXTAREA} at (0,140) size 161x46 [bgcolor=#FFFFFF] [border: (1px solid #000000)]
    RenderBlock {DIV} at (3,16) size 155x13
    RenderBlock {DIV} at (3,16) size 155x13 [color=#A9A9A9]
      RenderText {#text} at (0,0) size 62x13
        text run at (0,0) width 62: "placeholder"
layer at (19,205) size 185x18 backgroundClip at (19,205) size 185x17 clip at (19,205) size 185x17
  RenderBlock {DIV} at (6,6) size 186x18 [color=#A9A9A9]
    RenderText {#text} at (0,0) size 81x18
      text run at (0,0) width 81: "placeholder"
layer at (19,205) size 185x18 backgroundClip at (19,205) size 185x17 clip at (19,205) size 185x17
  RenderBlock {DIV} at (6,6) size 186x18
layer at (11,236) size 141x25
  RenderBlock {DIV} at (3,3) size 141x25
    RenderText {#text} at (0,6) size 29x13
      text run at (0,6) width 29: "Value"
layer at (162,243) size 141x13 backgroundClip at (162,243) size 141x12 clip at (162,243) size 141x12
  RenderBlock {DIV} at (3,9) size 141x13 [color=#A9A9A9]
    RenderText {#text} at (0,0) size 62x13
      text run at (0,0) width 62: "placeholder"
layer at (162,236) size 141x25
  RenderBlock {DIV} at (3,3) size 141x25
layer at (11,268) size 141x13
  RenderBlock {DIV} at (3,3) size 141x13
    RenderText {#text} at (56,0) size 29x13
      text run at (56,0) width 29: "Value"
layer at (162,268) size 141x13
  RenderBlock {DIV} at (3,3) size 141x13 [color=#A9A9A9]
    RenderText {#text} at (39,0) size 63x13
      text run at (39,0) width 63: "placeholder"
layer at (162,268) size 141x13
  RenderBlock {DIV} at (3,3) size 141x13
layer at (313,268) size 141x13
  RenderBlock {DIV} at (3,3) size 141x13 [color=#A9A9A9]
    RenderText {#text} at (39,0) size 63x13
      text run at (39,0) width 63: "placeholder"
layer at (313,268) size 141x13
  RenderBlock {DIV} at (3,3) size 141x13
layer at (8,284) size 147x33
  RenderTextControl {INPUT} at (0,275) size 147x34 [bgcolor=#FFFFFF] [border: (2px inset #808080)]
layer at (11,301) size 141x13
  RenderBlock {DIV} at (3,17) size 141x13 [color=#A9A9A9]
    RenderText {#text} at (0,0) size 62x13
      text run at (0,0) width 62: "placeholder"
layer at (11,301) size 141x13
  RenderBlock {DIV} at (3,17) size 141x13
