layer at (0,0) size 800x600
  RenderView at (0,0) size 800x600
layer at (0,0) size 800x600
  RenderBlock {HTML} at (0,0) size 800x600
    RenderBody {BODY} at (8,8) size 784x584
      RenderBlock {P} at (0,0) size 784x36
        RenderText {#text} at (0,0) size 54x18
          text run at (0,0) width 54: "Test for "
        RenderInline {I} at (0,0) size 716x36
          RenderInline {A} at (0,0) size 305x18 [color=#0000EE]
            RenderText {#text} at (53,0) size 305x18
              text run at (53,0) width 305: "http://bugs.webkit.org/show_bug.cgi?id=13775"
          RenderText {#text} at (357,0) size 716x36
            text run at (357,0) width 5: " "
            text run at (361,0) width 355: "REGRESSION: Popup button text should use \"natural\""
            text run at (0,18) width 330: "directionality to match the items in the popup menu"
        RenderText {#text} at (329,18) size 5x18
          text run at (329,18) width 5: "."
      RenderBlock {DIV} at (0,52) size 784x38
        RenderBlock {DIV} at (0,0) size 784x19
          RenderMenuList {SELECT} at (0,1) size 70x18 [bgcolor=#FFFFFF]
            RenderBlock (anonymous) at (0,0) size 70x18
              RenderText at (8,2) size 15x13
                text run at (8,2) width 8 RTL: "\x{5D0}"
                text run at (15,2) width 8: "A"
          RenderText {#text} at (70,0) size 4x18
            text run at (70,0) width 4: " "
          RenderMenuList {SELECT} at (74,1) size 70x18 [bgcolor=#FFFFFF]
            RenderBlock (anonymous) at (0,0) size 70x18
              RenderText at (8,2) size 15x13
                text run at (8,2) width 8: "A"
                text run at (15,2) width 8 RTL: "\x{5D0}"
          RenderText {#text} at (144,0) size 4x18
            text run at (144,0) width 4: " "
          RenderMenuList {SELECT} at (148,1) size 70x18 [bgcolor=#FFFFFF]
            RenderBlock (anonymous) at (0,0) size 70x18
              RenderText at (8,2) size 19x13
                text run at (8,2) width 5: "("
                text run at (12,2) width 8 RTL: "\x{5D0}"
                text run at (19,2) width 8: "A"
          RenderText {#text} at (218,0) size 4x18
            text run at (218,0) width 4: " "
          RenderMenuList {SELECT} at (222,1) size 70x18 [bgcolor=#FFFFFF]
            RenderBlock (anonymous) at (0,0) size 70x18
              RenderText at (8,2) size 19x13
                text run at (8,2) width 12: "(A"
                text run at (19,2) width 8 RTL: "\x{5D0}"
          RenderText {#text} at (0,0) size 0x0
        RenderBlock {DIV} at (0,19) size 784x19
          RenderMenuList {SELECT} at (492,1) size 70x18 [bgcolor=#FFFFFF]
            RenderBlock (anonymous) at (0,0) size 70x18
              RenderText at (8,2) size 15x13
                text run at (8,2) width 8 RTL: "\x{5D0}"
                text run at (15,2) width 8: "A"
          RenderText {#text} at (562,0) size 4x18
            text run at (562,0) width 4: " "
          RenderMenuList {SELECT} at (566,1) size 70x18 [bgcolor=#FFFFFF]
            RenderBlock (anonymous) at (0,0) size 70x18
              RenderText at (8,2) size 15x13
                text run at (8,2) width 8: "A"
                text run at (15,2) width 8 RTL: "\x{5D0}"
          RenderText {#text} at (636,0) size 4x18
            text run at (636,0) width 4: " "
          RenderMenuList {SELECT} at (640,1) size 70x18 [bgcolor=#FFFFFF]
            RenderBlock (anonymous) at (0,0) size 70x18
              RenderText at (8,2) size 19x13
                text run at (8,2) width 5: "("
                text run at (12,2) width 8 RTL: "\x{5D0}"
                text run at (19,2) width 8: "A"
          RenderText {#text} at (710,0) size 4x18
            text run at (710,0) width 4: " "
          RenderMenuList {SELECT} at (714,1) size 70x18 [bgcolor=#FFFFFF]
            RenderBlock (anonymous) at (0,0) size 70x18
              RenderText at (8,2) size 19x13
                text run at (8,2) width 12: "(A"
                text run at (19,2) width 8 RTL: "\x{5D0}"
          RenderText {#text} at (0,0) size 0x0
      RenderBlock {DIV} at (0,90) size 784x38
        RenderBlock {DIV} at (0,0) size 784x19
          RenderMenuList {SELECT} at (222,1) size 70x18 [bgcolor=#FFFFFF]
            RenderBlock (anonymous) at (0,0) size 70x18
              RenderText at (47,2) size 15x13
                text run at (47,2) width 8: "A"
                text run at (54,2) width 8 RTL: "\x{5D0}"
          RenderText {#text} at (218,0) size 4x18
            text run at (218,0) width 4 RTL: " "
          RenderMenuList {SELECT} at (148,1) size 70x18 [bgcolor=#FFFFFF]
            RenderBlock (anonymous) at (0,0) size 70x18
              RenderText at (47,2) size 15x13
                text run at (47,2) width 8 RTL: "\x{5D0}"
                text run at (54,2) width 8: "A"
          RenderText {#text} at (144,0) size 4x18
            text run at (144,0) width 4 RTL: " "
          RenderMenuList {SELECT} at (74,1) size 70x18 [bgcolor=#FFFFFF]
            RenderBlock (anonymous) at (0,0) size 70x18
              RenderText at (43,2) size 19x13
                text run at (43,2) width 8: "A"
                text run at (50,2) width 12 RTL: "(\x{5D0}"
          RenderText {#text} at (70,0) size 4x18
            text run at (70,0) width 4 RTL: " "
          RenderMenuList {SELECT} at (0,1) size 70x18 [bgcolor=#FFFFFF]
            RenderBlock (anonymous) at (0,0) size 70x18
              RenderText at (43,2) size 19x13
                text run at (43,2) width 8 RTL: "\x{5D0}"
                text run at (50,2) width 8: "A"
                text run at (57,2) width 5 RTL: "("
          RenderText {#text} at (0,0) size 0x0
        RenderBlock {DIV} at (0,19) size 784x19
          RenderMenuList {SELECT} at (714,1) size 70x18 [bgcolor=#FFFFFF]
            RenderBlock (anonymous) at (0,0) size 70x18
              RenderText at (47,2) size 15x13
                text run at (47,2) width 8: "A"
                text run at (54,2) width 8 RTL: "\x{5D0}"
          RenderText {#text} at (710,0) size 4x18
            text run at (710,0) width 4 RTL: " "
          RenderMenuList {SELECT} at (640,1) size 70x18 [bgcolor=#FFFFFF]
            RenderBlock (anonymous) at (0,0) size 70x18
              RenderText at (47,2) size 15x13
                text run at (47,2) width 8 RTL: "\x{5D0}"
                text run at (54,2) width 8: "A"
          RenderText {#text} at (636,0) size 4x18
            text run at (636,0) width 4 RTL: " "
          RenderMenuList {SELECT} at (566,1) size 70x18 [bgcolor=#FFFFFF]
            RenderBlock (anonymous) at (0,0) size 70x18
              RenderText at (43,2) size 19x13
                text run at (43,2) width 8: "A"
                text run at (50,2) width 12 RTL: "(\x{5D0}"
          RenderText {#text} at (562,0) size 4x18
            text run at (562,0) width 4 RTL: " "
          RenderMenuList {SELECT} at (492,1) size 70x18 [bgcolor=#FFFFFF]
            RenderBlock (anonymous) at (0,0) size 70x18
              RenderText at (43,2) size 19x13
                text run at (43,2) width 8 RTL: "\x{5D0}"
                text run at (50,2) width 8: "A"
                text run at (57,2) width 5 RTL: "("
          RenderText {#text} at (0,0) size 0x0
