layer at (0,0) size 800x4256
  RenderView at (0,0) size 800x600
layer at (0,0) size 800x4256
  RenderBlock {HTML} at (0,0) size 800x4256
    RenderBody {BODY} at (8,8) size 784x4238
      RenderBlock {DIV} at (0,0) size 784x112
        RenderBlock (anonymous) at (0,0) size 784x40
          RenderText {#text} at (0,0) size 749x39
            text run at (0,0) width 588: "Test how many resize events are emitted during page load and dynamic content generation. "
            text run at (587,0) width 162: "Do not resize the page. It"
            text run at (0,20) width 124: "invalidates the test."
        RenderBlock {P} at (0,56) size 784x56
          RenderBlock (anonymous) at (0,0) size 784x20
            RenderText {#text} at (10,0) size 185x19
              text run at (10,0) width 185: "Resize events (should be 0): "
            RenderInline {SPAN} at (0,0) size 9x19
              RenderText {#text} at (194,0) size 9x19
                text run at (194,0) width 9: "0"
            RenderText {#text} at (0,0) size 0x0
          RenderBlock {P} at (0,36) size 784x20 [color=#008000]
            RenderText {#text} at (10,0) size 37x19
              text run at (10,0) width 37: "PASS"
      RenderBlock {DIV} at (0,128) size 784x4110
        RenderBlock {DIV} at (10,0) size 764x402 [border: (1px solid #000000)]
        RenderBlock {DIV} at (10,412) size 764x402 [border: (1px solid #000000)]
        RenderBlock {DIV} at (10,824) size 764x402 [border: (1px solid #000000)]
        RenderBlock {DIV} at (10,1236) size 764x402 [border: (1px solid #000000)]
        RenderBlock {DIV} at (10,1648) size 764x402 [border: (1px solid #000000)]
        RenderBlock {DIV} at (10,2060) size 764x402 [border: (1px solid #000000)]
        RenderBlock {DIV} at (10,2472) size 764x402 [border: (1px solid #000000)]
        RenderBlock {DIV} at (10,2884) size 764x402 [border: (1px solid #000000)]
        RenderBlock {DIV} at (10,3296) size 764x402 [border: (1px solid #000000)]
        RenderBlock {DIV} at (10,3708) size 764x402 [border: (1px solid #000000)]
