layer at (0,0) size 800x600
  RenderView at (0,0) size 800x600
layer at (0,0) size 800x600
  RenderBlock {HTML} at (0,0) size 800x600
    RenderBody {BODY} at (8,8) size 784x584
      RenderTextControl {INPUT} at (2,2) size 196x43 [bgcolor=#FFFFFF] [border: (2px inset #000000)]
        RenderFlexibleBox {DIV} at (12,12) size 172x19
          RenderBlock {DIV} at (0,0) size 22x19
          RenderBlock {DIV} at (22,3) size 131x13
          RenderBlock {DIV} at (152,0) size 20x19
      RenderText {#text} at (0,0) size 0x0
layer at (44,25) size 130x13
  RenderBlock {DIV} at (0,0) size 131x13
    RenderText {#text} at (0,0) size 20x13
      text run at (0,0) width 20: "test"
