layer at (0,0) size 800x600
  RenderView at (0,0) size 800x600
layer at (0,0) size 800x177
  RenderBlock {HTML} at (0,0) size 800x177
    RenderBody {BODY} at (8,8) size 784x161
      RenderTextControl {INPUT} at (2,2) size 144x19 [bgcolor=#FFFFFF] [border: (2px inset #000000)]
        RenderFlexibleBox {DIV} at (3,3) size 138x13
          RenderBlock {DIV} at (0,1) size 8x11
          RenderBlock {DIV} at (8,0) size 117x13
          RenderBlock {DIV} at (125,1) size 13x11
      RenderText {#text} at (148,2) size 4x18
        text run at (148,2) width 4: " "
      RenderBR {BR} at (0,0) size 0x0
      RenderTextControl {INPUT} at (2,25) size 144x19 [bgcolor=#FFFFFF] [border: (2px inset #000000)]
        RenderFlexibleBox {DIV} at (3,3) size 138x13
          RenderBlock {DIV} at (0,1) size 8x11
          RenderBlock {DIV} at (8,0) size 117x13
          RenderBlock {DIV} at (125,1) size 13x11
      RenderText {#text} at (148,25) size 4x18
        text run at (148,25) width 4: " "
      RenderBR {BR} at (0,0) size 0x0
      RenderTextControl {INPUT} at (2,48) size 153x19 [bgcolor=#FFFFFF] [border: (2px inset #000000)]
        RenderFlexibleBox {DIV} at (3,3) size 147x13
          RenderBlock {DIV} at (0,1) size 17x11
          RenderBlock {DIV} at (17,0) size 117x13
          RenderBlock {DIV} at (134,1) size 13x11
      RenderText {#text} at (157,48) size 4x18
        text run at (157,48) width 4: " "
      RenderBR {BR} at (0,0) size 0x0
      RenderTextControl {INPUT} at (2,71) size 153x19 [bgcolor=#FFFFFF] [border: (2px inset #000000)]
        RenderFlexibleBox {DIV} at (3,3) size 147x13
          RenderBlock {DIV} at (0,1) size 17x11
          RenderBlock {DIV} at (17,0) size 117x13
          RenderBlock {DIV} at (134,1) size 13x11
      RenderText {#text} at (157,71) size 4x18
        text run at (157,71) width 4: " "
      RenderBR {BR} at (0,0) size 0x0
      RenderTextControl {INPUT} at (2,94) size 158x19 [bgcolor=#FFFFFF] [border: (2px inset #000000)]
        RenderFlexibleBox {DIV} at (3,3) size 152x13
          RenderBlock {DIV} at (0,1) size 22x11
          RenderBlock {DIV} at (22,0) size 117x13
          RenderBlock {DIV} at (139,1) size 13x11
      RenderText {#text} at (162,94) size 4x18
        text run at (162,94) width 4: " "
      RenderBR {BR} at (0,0) size 0x0
      RenderTextControl {INPUT} at (2,117) size 158x19 [bgcolor=#FFFFFF] [border: (2px inset #000000)]
        RenderFlexibleBox {DIV} at (3,3) size 152x13
          RenderBlock {DIV} at (0,1) size 22x11
          RenderBlock {DIV} at (22,0) size 117x13
          RenderBlock {DIV} at (139,1) size 13x11
      RenderText {#text} at (162,117) size 4x18
        text run at (162,117) width 4: " "
      RenderBR {BR} at (0,0) size 0x0
      RenderTextControl {INPUT} at (2,140) size 258x19 [bgcolor=#FFFFFF] [border: (2px inset #000000)]
        RenderFlexibleBox {DIV} at (3,3) size 252x13
          RenderBlock {DIV} at (0,1) size 22x11
          RenderBlock {DIV} at (22,0) size 217x13
          RenderBlock {DIV} at (239,1) size 13x11
      RenderText {#text} at (0,0) size 0x0
layer at (21,13) size 117x13
  RenderBlock {DIV} at (0,0) size 117x13
layer at (21,36) size 117x13 scrollWidth 141
  RenderBlock {DIV} at (0,0) size 117x13
    RenderText {#text} at (0,0) size 140x13
      text run at (0,0) width 140: "12345678901234567890"
layer at (30,59) size 117x13
  RenderBlock {DIV} at (0,0) size 117x13
layer at (30,82) size 117x13 scrollWidth 141
  RenderBlock {DIV} at (0,0) size 117x13
    RenderText {#text} at (0,0) size 140x13
      text run at (0,0) width 140: "12345678901234567890"
layer at (35,105) size 117x13
  RenderBlock {DIV} at (0,0) size 117x13
layer at (35,128) size 117x13 scrollWidth 141
  RenderBlock {DIV} at (0,0) size 117x13
    RenderText {#text} at (0,0) size 140x13
      text run at (0,0) width 140: "12345678901234567890"
layer at (35,151) size 217x13 scrollWidth 280
  RenderBlock {DIV} at (0,0) size 217x13
    RenderText {#text} at (0,0) size 279x13
      text run at (0,0) width 279: "1234567890123456789012345678901234567890"
