layer at (0,0) size 1586x585
  RenderView at (0,0) size 800x585
layer at (0,0) size 800x585
  RenderBlock {HTML} at (0,0) size 800x585
    RenderBody {BODY} at (8,8) size 784x569
layer at (8,8) size 784x504
  RenderBlock {DIV} at (0,0) size 784x504 [border: (2px solid #FF0000)]
    RenderMultiColumnSet at (2,2) size 780x500
layer at (10,10) size 382x1580 backgroundClip at (0,0) size 1586x585 clip at (0,0) size 1586x585
  RenderMultiColumnFlowThread at (2,2) size 382x1580
    RenderBlock {DIV} at (0,0) size 382x1580
      RenderBlock {DIV} at (0,0) size 382x373
        RenderText {#text} at (0,19) size 352x101
          text run at (0,19) width 350: "All of this text even though it's smaller should be on the"
          text run at (0,61) width 352: "36px grid. The grid should reset at the top of the second"
          text run at (0,103) width 51: "column."
        RenderBR {BR} at (51,103) size 0x17
        RenderText {#text} at (0,145) size 352x101
          text run at (0,145) width 350: "All of this text even though it's smaller should be on the"
          text run at (0,187) width 352: "36px grid. The grid should reset at the top of the second"
          text run at (0,229) width 51: "column."
        RenderBR {BR} at (51,229) size 0x17
        RenderText {#text} at (0,271) size 352x101
          text run at (0,271) width 350: "All of this text even though it's smaller should be on the"
          text run at (0,313) width 352: "36px grid. The grid should reset at the top of the second"
          text run at (0,355) width 51: "column."
        RenderBR {BR} at (51,355) size 0x17
      RenderBlock {DIV} at (0,373) size 382x544
        RenderText {#text} at (0,17) size 377x190
          text run at (0,17) width 377: "All of this text even though it's smaller"
          text run at (0,59) width 353: "should be on the 36px grid. The grid"
          text run at (0,139) width 348: "should reset at the top of the second"
          text run at (0,181) width 79: "column."
        RenderBR {BR} at (79,181) size 0x26
        RenderText {#text} at (0,223) size 377x152
          text run at (0,223) width 377: "All of this text even though it's smaller"
          text run at (0,265) width 353: "should be on the 36px grid. The grid"
          text run at (0,307) width 348: "should reset at the top of the second"
          text run at (0,349) width 79: "column."
        RenderBR {BR} at (79,349) size 0x26
        RenderText {#text} at (0,391) size 377x152
          text run at (0,391) width 377: "All of this text even though it's smaller"
          text run at (0,433) width 353: "should be on the 36px grid. The grid"
          text run at (0,475) width 348: "should reset at the top of the second"
          text run at (0,517) width 79: "column."
        RenderBR {BR} at (79,517) size 0x26
      RenderBlock {DIV} at (0,917) size 382x244
        RenderText {#text} at (0,27) size 372x53
          text run at (0,27) width 372: "All of this text even though it's smaller should be on the 36px grid. The grid should reset at"
          text run at (0,69) width 120: "the top of the second column."
        RenderBR {BR} at (120,69) size 0x11
        RenderText {#text} at (0,107) size 372x53
          text run at (0,107) width 372: "All of this text even though it's smaller should be on the 36px grid. The grid should reset at"
          text run at (0,149) width 120: "the top of the second column."
        RenderBR {BR} at (120,149) size 0x11
        RenderText {#text} at (0,191) size 372x53
          text run at (0,191) width 372: "All of this text even though it's smaller should be on the 36px grid. The grid should reset at"
          text run at (0,233) width 120: "the top of the second column."
        RenderBR {BR} at (120,233) size 0x11
      RenderBlock {DIV} at (0,1161) size 382x419
        RenderText {#text} at (0,24) size 381x104
          text run at (0,24) width 381: "All of this text even though it's smaller should be on"
          text run at (0,66) width 381: "the 36px grid. The grid should reset at the top of the"
          text run at (0,108) width 114: "second column."
        RenderBR {BR} at (114,108) size 0x20
        RenderText {#text} at (0,150) size 381x104
          text run at (0,150) width 381: "All of this text even though it's smaller should be on"
          text run at (0,192) width 381: "the 36px grid. The grid should reset at the top of the"
          text run at (0,234) width 114: "second column."
        RenderBR {BR} at (114,234) size 0x20
        RenderText {#text} at (0,276) size 381x142
          text run at (0,276) width 381: "All of this text even though it's smaller should be on"
          text run at (0,356) width 381: "the 36px grid. The grid should reset at the top of the"
          text run at (0,398) width 114: "second column."
        RenderBR {BR} at (114,398) size 0x20
