layer at (0,0) size 800x600
  RenderView at (0,0) size 800x600
layer at (0,0) size 800x600
  RenderBlock {HTML} at (0,0) size 800x600
    RenderBody {BODY} at (8,8) size 784x584
layer at (8,8) size 200x200 clip at (8,8) size 183x200 scrollHeight 882
  RenderBlock {DIV} at (0,0) size 200x200
    RenderText {#text} at (0,0) size 36x18
      text run at (0,0) width 36: "Hello"
    RenderBR {BR} at (35,0) size 1x18
    RenderText {#text} at (0,18) size 36x18
      text run at (0,18) width 36: "Hello"
    RenderBR {BR} at (35,18) size 1x18
    RenderText {#text} at (0,36) size 36x18
      text run at (0,36) width 36: "Hello"
    RenderBR {BR} at (35,36) size 1x18
    RenderText {#text} at (0,54) size 36x18
      text run at (0,54) width 36: "Hello"
    RenderBR {BR} at (35,54) size 1x18
    RenderText {#text} at (0,72) size 36x18
      text run at (0,72) width 36: "Hello"
    RenderBR {BR} at (35,72) size 1x18
    RenderText {#text} at (0,90) size 36x18
      text run at (0,90) width 36: "Hello"
    RenderBR {BR} at (35,90) size 1x18
    RenderText {#text} at (0,108) size 36x18
      text run at (0,108) width 36: "Hello"
    RenderBR {BR} at (35,108) size 1x18
    RenderText {#text} at (0,126) size 36x18
      text run at (0,126) width 36: "Hello"
    RenderBR {BR} at (35,126) size 1x18
    RenderText {#text} at (0,144) size 36x18
      text run at (0,144) width 36: "Hello"
    RenderBR {BR} at (35,144) size 1x18
    RenderText {#text} at (0,162) size 36x18
      text run at (0,162) width 36: "Hello"
    RenderBR {BR} at (35,162) size 1x18
    RenderText {#text} at (0,180) size 36x18
      text run at (0,180) width 36: "Hello"
    RenderBR {BR} at (35,180) size 1x18
    RenderText {#text} at (0,198) size 36x18
      text run at (0,198) width 36: "Hello"
    RenderBR {BR} at (35,198) size 1x18
    RenderText {#text} at (0,216) size 36x18
      text run at (0,216) width 36: "Hello"
    RenderBR {BR} at (35,216) size 1x18
    RenderText {#text} at (0,234) size 36x18
      text run at (0,234) width 36: "Hello"
    RenderBR {BR} at (35,234) size 1x18
    RenderText {#text} at (0,252) size 36x18
      text run at (0,252) width 36: "Hello"
    RenderBR {BR} at (35,252) size 1x18
    RenderText {#text} at (0,270) size 36x18
      text run at (0,270) width 36: "Hello"
    RenderBR {BR} at (35,270) size 1x18
    RenderText {#text} at (0,288) size 36x18
      text run at (0,288) width 36: "Hello"
    RenderBR {BR} at (35,288) size 1x18
    RenderText {#text} at (0,306) size 36x18
      text run at (0,306) width 36: "Hello"
    RenderBR {BR} at (35,306) size 1x18
    RenderText {#text} at (0,324) size 36x18
      text run at (0,324) width 36: "Hello"
    RenderBR {BR} at (35,324) size 1x18
    RenderText {#text} at (0,342) size 36x18
      text run at (0,342) width 36: "Hello"
    RenderBR {BR} at (35,342) size 1x18
    RenderText {#text} at (0,360) size 36x18
      text run at (0,360) width 36: "Hello"
    RenderBR {BR} at (35,360) size 1x18
    RenderText {#text} at (0,378) size 36x18
      text run at (0,378) width 36: "Hello"
    RenderBR {BR} at (35,378) size 1x18
    RenderText {#text} at (0,396) size 36x18
      text run at (0,396) width 36: "Hello"
    RenderBR {BR} at (35,396) size 1x18
    RenderText {#text} at (0,414) size 36x18
      text run at (0,414) width 36: "Hello"
    RenderBR {BR} at (35,414) size 1x18
    RenderText {#text} at (0,432) size 36x18
      text run at (0,432) width 36: "Hello"
    RenderBR {BR} at (35,432) size 1x18
    RenderText {#text} at (0,450) size 36x18
      text run at (0,450) width 36: "Hello"
    RenderBR {BR} at (35,450) size 1x18
    RenderText {#text} at (0,468) size 36x18
      text run at (0,468) width 36: "Hello"
    RenderBR {BR} at (35,468) size 1x18
    RenderText {#text} at (0,486) size 36x18
      text run at (0,486) width 36: "Hello"
    RenderBR {BR} at (35,486) size 1x18
    RenderText {#text} at (0,504) size 36x18
      text run at (0,504) width 36: "Hello"
    RenderBR {BR} at (35,504) size 1x18
    RenderText {#text} at (0,522) size 36x18
      text run at (0,522) width 36: "Hello"
    RenderBR {BR} at (35,522) size 1x18
    RenderText {#text} at (0,540) size 36x18
      text run at (0,540) width 36: "Hello"
    RenderBR {BR} at (35,540) size 1x18
    RenderText {#text} at (0,558) size 36x18
      text run at (0,558) width 36: "Hello"
    RenderBR {BR} at (35,558) size 1x18
    RenderText {#text} at (0,576) size 36x18
      text run at (0,576) width 36: "Hello"
    RenderBR {BR} at (35,576) size 1x18
    RenderText {#text} at (0,594) size 36x18
      text run at (0,594) width 36: "Hello"
    RenderBR {BR} at (35,594) size 1x18
    RenderText {#text} at (0,612) size 36x18
      text run at (0,612) width 36: "Hello"
    RenderBR {BR} at (35,612) size 1x18
    RenderText {#text} at (0,630) size 36x18
      text run at (0,630) width 36: "Hello"
    RenderBR {BR} at (35,630) size 1x18
    RenderText {#text} at (0,648) size 36x18
      text run at (0,648) width 36: "Hello"
    RenderBR {BR} at (35,648) size 1x18
    RenderText {#text} at (0,666) size 36x18
      text run at (0,666) width 36: "Hello"
    RenderBR {BR} at (35,666) size 1x18
    RenderText {#text} at (0,684) size 36x18
      text run at (0,684) width 36: "Hello"
    RenderBR {BR} at (35,684) size 1x18
    RenderText {#text} at (0,702) size 36x18
      text run at (0,702) width 36: "Hello"
    RenderBR {BR} at (35,702) size 1x18
    RenderText {#text} at (0,720) size 36x18
      text run at (0,720) width 36: "Hello"
    RenderBR {BR} at (35,720) size 1x18
    RenderText {#text} at (0,738) size 36x18
      text run at (0,738) width 36: "Hello"
    RenderBR {BR} at (35,738) size 1x18
    RenderText {#text} at (0,756) size 36x18
      text run at (0,756) width 36: "Hello"
    RenderBR {BR} at (35,756) size 1x18
    RenderText {#text} at (0,774) size 36x18
      text run at (0,774) width 36: "Hello"
    RenderBR {BR} at (35,774) size 1x18
    RenderText {#text} at (0,792) size 36x18
      text run at (0,792) width 36: "Hello"
    RenderBR {BR} at (35,792) size 1x18
    RenderText {#text} at (0,810) size 36x18
      text run at (0,810) width 36: "Hello"
    RenderBR {BR} at (35,810) size 1x18
    RenderText {#text} at (0,828) size 36x18
      text run at (0,828) width 36: "Hello"
    RenderBR {BR} at (35,828) size 1x18
    RenderText {#text} at (0,846) size 36x18
      text run at (0,846) width 36: "Hello"
    RenderBR {BR} at (35,846) size 1x18
    RenderText {#text} at (0,864) size 36x18
      text run at (0,864) width 36: "Hello"
    RenderBR {BR} at (35,864) size 1x18
