layer at (0,0) size 800x600
  RenderView at (0,0) size 800x600
layer at (0,0) size 800x600
  RenderBlock {HTML} at (0,0) size 800x600
    RenderBody {BODY} at (8,8) size 784x584
      RenderText {#text} at (165,0) size 4x18
        text run at (165,0) width 4: " "
      RenderText {#text} at (334,0) size 4x18
        text run at (334,0) width 4: " "
      RenderText {#text} at (503,0) size 4x18
        text run at (503,0) width 4: " "
      RenderText {#text} at (0,0) size 0x0
      RenderText {#text} at (165,140) size 4x18
        text run at (165,140) width 4: " "
      RenderText {#text} at (334,140) size 4x18
        text run at (334,140) width 4: " "
      RenderText {#text} at (503,140) size 4x18
        text run at (503,140) width 4: " "
      RenderText {#text} at (0,0) size 0x0
      RenderText {#text} at (165,280) size 4x18
        text run at (165,280) width 4: " "
      RenderText {#text} at (334,280) size 4x18
        text run at (334,280) width 4: " "
      RenderText {#text} at (503,280) size 4x18
        text run at (503,280) width 4: " "
      RenderText {#text} at (0,0) size 0x0
      RenderText {#text} at (165,420) size 4x18
        text run at (165,420) width 4: " "
      RenderText {#text} at (334,420) size 4x18
        text run at (334,420) width 4: " "
      RenderText {#text} at (0,0) size 0x0
layer at (28,28) size 125x100 clip at (29,29) size 110x85 scrollHeight 2076
  RenderBlock {DIV} at (20,20) size 125x100 [color=#DCDCDC] [bgcolor=#718D93] [border: (1px solid #D3D3D3)]
    RenderText {#text} at (11,11) size 89x788
      text run at (11,11) width 79: "Lorem ipsum"
      text run at (11,25) width 89: "dolor sit amet,"
      text run at (11,40) width 78: "consectetuer"
      text run at (11,54) width 87: "adipiscing elit."
      text run at (11,69) width 75: "Morbi et nisi"
      text run at (11,83) width 35: "ut est"
      text run at (11,98) width 59: "venenatis"
      text run at (11,113) width 47: "viverra."
      text run at (11,127) width 79: "Aenean pede"
      text run at (11,142) width 72: "orci, blandit"
      text run at (11,156) width 84: "quis, faucibus"
      text run at (11,171) width 80: "quis, egestas"
      text run at (11,186) width 41: "ut, mi."
      text run at (11,200) width 77: "Pellentesque"
      text run at (11,215) width 73: "enim purus,"
      text run at (11,229) width 59: "venenatis"
      text run at (11,244) width 61: "dignissim,"
      text run at (11,258) width 69: "tincidunt a,"
      text run at (11,273) width 72: "ullamcorper"
      text run at (11,288) width 66: "eget, nibh."
      text run at (11,302) width 88: "Nullam ut sem"
      text run at (11,317) width 86: "adipiscing orci"
      text run at (11,331) width 50: "vehicula"
      text run at (11,346) width 59: "interdum."
      text run at (11,361) width 81: "Proin a enim."
      text run at (11,375) width 56: "Phasellus"
      text run at (11,390) width 69: "sollicitudin,"
      text run at (11,404) width 75: "magna vitae"
      text run at (11,419) width 67: "vestibulum"
      text run at (11,433) width 85: "facilisis, tellus"
      text run at (11,448) width 71: "nunc iaculis"
      text run at (11,463) width 46: "arcu, in"
      text run at (11,477) width 81: "molestie sem"
      text run at (11,492) width 75: "velit tempus"
      text run at (11,506) width 40: "est. In"
      text run at (11,521) width 78: "eleifend velit"
      text run at (11,536) width 42: "at sem"
      text run at (11,550) width 60: "adipiscing"
      text run at (11,565) width 84: "sodales. Nunc"
      text run at (11,579) width 72: "sapien felis,"
      text run at (11,594) width 69: "aliquam et,"
      text run at (11,608) width 50: "volutpat"
      text run at (11,623) width 53: "rhoncus,"
      text run at (11,638) width 83: "condimentum"
      text run at (11,652) width 60: "ut, tortor."
      text run at (11,667) width 71: "Integer est."
      text run at (11,681) width 49: "Quisque"
      text run at (11,696) width 47: "viverra."
      text run at (11,711) width 78: "Praesent sed"
      text run at (11,725) width 31: "arcu."
      text run at (11,740) width 74: "Maecenas id"
      text run at (11,754) width 68: "lorem a leo"
      text run at (11,769) width 45: "lobortis"
      text run at (11,783) width 87: "condimentum."
    RenderBR {BR} at (97,783) size 1x16
    RenderBR {BR} at (11,798) size 0x16
    RenderText {#text} at (11,813) size 89x715
      text run at (11,813) width 27: "Cras"
      text run at (11,827) width 59: "commodo"
      text run at (11,842) width 88: "rutrum augue."
      text run at (11,856) width 52: "Vivamus"
      text run at (11,871) width 88: "iaculis. Nullam"
      text run at (11,886) width 86: "est. Maecenas"
      text run at (11,900) width 66: "consequat."
      text run at (11,915) width 65: "Sed id dui."
      text run at (11,929) width 63: "Vivamus a"
      text run at (11,944) width 67: "nisl. Donec"
      text run at (11,958) width 48: "pretium"
      text run at (11,973) width 79: "sapien. Proin"
      text run at (11,988) width 65: "et ligula et"
      text run at (11,1002) width 85: "ligula placerat"
      text run at (11,1017) width 54: "pulvinar."
      text run at (11,1031) width 78: "Aliquam erat"
      text run at (11,1046) width 89: "volutpat. Proin"
      text run at (11,1061) width 38: "id est."
      text run at (11,1075) width 75: "Suspendisse"
      text run at (11,1090) width 89: "cursus, magna"
      text run at (11,1104) width 72: "at hendrerit"
      text run at (11,1119) width 66: "consequat,"
      text run at (11,1133) width 64: "mauris est"
      text run at (11,1148) width 58: "imperdiet"
      text run at (11,1163) width 53: "neque, a"
      text run at (11,1177) width 75: "ultrices arcu"
      text run at (11,1192) width 55: "urna non"
      text run at (11,1206) width 87: "nunc. Quisque"
      text run at (11,1221) width 72: "tellus. Nulla"
      text run at (11,1236) width 68: "nulla justo,"
      text run at (11,1250) width 80: "vehicula nec,"
      text run at (11,1265) width 77: "pellentesque"
      text run at (11,1279) width 81: "eu, iaculis et,"
      text run at (11,1294) width 37: "ligula."
      text run at (11,1308) width 53: "Praesent"
      text run at (11,1323) width 69: "mattis ante"
      text run at (11,1338) width 52: "vel sem."
      text run at (11,1352) width 75: "Suspendisse"
      text run at (11,1367) width 84: "porta rhoncus"
      text run at (11,1381) width 32: "urna."
      text run at (11,1396) width 89: "Phasellus felis."
      text run at (11,1411) width 53: "Praesent"
      text run at (11,1425) width 43: "viverra"
      text run at (11,1440) width 52: "convallis"
      text run at (11,1454) width 38: "libero."
      text run at (11,1469) width 86: "Maecenas non"
      text run at (11,1483) width 84: "augue. Donec"
      text run at (11,1498) width 56: "hendrerit"
      text run at (11,1513) width 89: "lectus id enim."
    RenderBR {BR} at (99,1513) size 1x15
    RenderBR {BR} at (11,1527) size 0x16
    RenderText {#text} at (11,1542) size 90x526
      text run at (11,1542) width 67: "Nulla ligula"
      text run at (11,1556) width 78: "dui, euismod"
      text run at (11,1571) width 66: "et, sodales"
      text run at (11,1586) width 29: "quis,"
      text run at (11,1600) width 64: "sollicitudin"
      text run at (11,1615) width 73: "quis, elit. In"
      text run at (11,1629) width 82: "adipiscing est"
      text run at (11,1644) width 60: "sed enim."
      text run at (11,1658) width 51: "Fusce at"
      text run at (11,1673) width 73: "massa vitae"
      text run at (11,1688) width 87: "metus semper"
      text run at (11,1702) width 60: "hendrerit."
      text run at (11,1717) width 78: "Integer vitae"
      text run at (11,1731) width 67: "urna. Nulla"
      text run at (11,1746) width 68: "eget ligula."
      text run at (11,1761) width 77: "Etiam libero."
      text run at (11,1775) width 84: "Maecenas nisi"
      text run at (11,1790) width 87: "nibh, convallis"
      text run at (11,1804) width 58: "a, feugiat"
      text run at (11,1819) width 87: "vitae, pulvinar"
      text run at (11,1833) width 40: "et, mi."
      text run at (11,1848) width 87: "Curabitur arcu"
      text run at (11,1863) width 34: "pede,"
      text run at (11,1877) width 90: "adipiscing sed,"
      text run at (11,1892) width 76: "egestas nec,"
      text run at (11,1906) width 79: "commodo in,"
      text run at (11,1921) width 58: "elit. Nulla"
      text run at (11,1936) width 77: "facilisi. Proin"
      text run at (11,1950) width 87: "varius pede et"
      text run at (11,1965) width 61: "dui lacinia"
      text run at (11,1979) width 89: "dapibus. Morbi"
      text run at (11,1994) width 67: "nec augue."
      text run at (11,2009) width 31: "Proin"
      text run at (11,2023) width 58: "imperdiet"
      text run at (11,2038) width 50: "lacus eu"
      text run at (11,2052) width 37: "tellus."
layer at (197,28) size 125x100 clip at (198,29) size 110x98 scrollHeight 2076
  RenderBlock {DIV} at (189,20) size 125x100 [color=#DCDCDC] [bgcolor=#718D93] [border: (1px solid #D3D3D3)]
    RenderText {#text} at (11,11) size 89x788
      text run at (11,11) width 79: "Lorem ipsum"
      text run at (11,25) width 89: "dolor sit amet,"
      text run at (11,40) width 78: "consectetuer"
      text run at (11,54) width 87: "adipiscing elit."
      text run at (11,69) width 75: "Morbi et nisi"
      text run at (11,83) width 35: "ut est"
      text run at (11,98) width 59: "venenatis"
      text run at (11,113) width 47: "viverra."
      text run at (11,127) width 79: "Aenean pede"
      text run at (11,142) width 72: "orci, blandit"
      text run at (11,156) width 84: "quis, faucibus"
      text run at (11,171) width 80: "quis, egestas"
      text run at (11,186) width 41: "ut, mi."
      text run at (11,200) width 77: "Pellentesque"
      text run at (11,215) width 73: "enim purus,"
      text run at (11,229) width 59: "venenatis"
      text run at (11,244) width 61: "dignissim,"
      text run at (11,258) width 69: "tincidunt a,"
      text run at (11,273) width 72: "ullamcorper"
      text run at (11,288) width 66: "eget, nibh."
      text run at (11,302) width 88: "Nullam ut sem"
      text run at (11,317) width 86: "adipiscing orci"
      text run at (11,331) width 50: "vehicula"
      text run at (11,346) width 59: "interdum."
      text run at (11,361) width 81: "Proin a enim."
      text run at (11,375) width 56: "Phasellus"
      text run at (11,390) width 69: "sollicitudin,"
      text run at (11,404) width 75: "magna vitae"
      text run at (11,419) width 67: "vestibulum"
      text run at (11,433) width 85: "facilisis, tellus"
      text run at (11,448) width 71: "nunc iaculis"
      text run at (11,463) width 46: "arcu, in"
      text run at (11,477) width 81: "molestie sem"
      text run at (11,492) width 75: "velit tempus"
      text run at (11,506) width 40: "est. In"
      text run at (11,521) width 78: "eleifend velit"
      text run at (11,536) width 42: "at sem"
      text run at (11,550) width 60: "adipiscing"
      text run at (11,565) width 84: "sodales. Nunc"
      text run at (11,579) width 72: "sapien felis,"
      text run at (11,594) width 69: "aliquam et,"
      text run at (11,608) width 50: "volutpat"
      text run at (11,623) width 53: "rhoncus,"
      text run at (11,638) width 83: "condimentum"
      text run at (11,652) width 60: "ut, tortor."
      text run at (11,667) width 71: "Integer est."
      text run at (11,681) width 49: "Quisque"
      text run at (11,696) width 47: "viverra."
      text run at (11,711) width 78: "Praesent sed"
      text run at (11,725) width 31: "arcu."
      text run at (11,740) width 74: "Maecenas id"
      text run at (11,754) width 68: "lorem a leo"
      text run at (11,769) width 45: "lobortis"
      text run at (11,783) width 87: "condimentum."
    RenderBR {BR} at (97,783) size 1x16
    RenderBR {BR} at (11,798) size 0x16
    RenderText {#text} at (11,813) size 89x715
      text run at (11,813) width 27: "Cras"
      text run at (11,827) width 59: "commodo"
      text run at (11,842) width 88: "rutrum augue."
      text run at (11,856) width 52: "Vivamus"
      text run at (11,871) width 88: "iaculis. Nullam"
      text run at (11,886) width 86: "est. Maecenas"
      text run at (11,900) width 66: "consequat."
      text run at (11,915) width 65: "Sed id dui."
      text run at (11,929) width 63: "Vivamus a"
      text run at (11,944) width 67: "nisl. Donec"
      text run at (11,958) width 48: "pretium"
      text run at (11,973) width 79: "sapien. Proin"
      text run at (11,988) width 65: "et ligula et"
      text run at (11,1002) width 85: "ligula placerat"
      text run at (11,1017) width 54: "pulvinar."
      text run at (11,1031) width 78: "Aliquam erat"
      text run at (11,1046) width 89: "volutpat. Proin"
      text run at (11,1061) width 38: "id est."
      text run at (11,1075) width 75: "Suspendisse"
      text run at (11,1090) width 89: "cursus, magna"
      text run at (11,1104) width 72: "at hendrerit"
      text run at (11,1119) width 66: "consequat,"
      text run at (11,1133) width 64: "mauris est"
      text run at (11,1148) width 58: "imperdiet"
      text run at (11,1163) width 53: "neque, a"
      text run at (11,1177) width 75: "ultrices arcu"
      text run at (11,1192) width 55: "urna non"
      text run at (11,1206) width 87: "nunc. Quisque"
      text run at (11,1221) width 72: "tellus. Nulla"
      text run at (11,1236) width 68: "nulla justo,"
      text run at (11,1250) width 80: "vehicula nec,"
      text run at (11,1265) width 77: "pellentesque"
      text run at (11,1279) width 81: "eu, iaculis et,"
      text run at (11,1294) width 37: "ligula."
      text run at (11,1308) width 53: "Praesent"
      text run at (11,1323) width 69: "mattis ante"
      text run at (11,1338) width 52: "vel sem."
      text run at (11,1352) width 75: "Suspendisse"
      text run at (11,1367) width 84: "porta rhoncus"
      text run at (11,1381) width 32: "urna."
      text run at (11,1396) width 89: "Phasellus felis."
      text run at (11,1411) width 53: "Praesent"
      text run at (11,1425) width 43: "viverra"
      text run at (11,1440) width 52: "convallis"
      text run at (11,1454) width 38: "libero."
      text run at (11,1469) width 86: "Maecenas non"
      text run at (11,1483) width 84: "augue. Donec"
      text run at (11,1498) width 56: "hendrerit"
      text run at (11,1513) width 89: "lectus id enim."
    RenderBR {BR} at (99,1513) size 1x15
    RenderBR {BR} at (11,1527) size 0x16
    RenderText {#text} at (11,1542) size 90x526
      text run at (11,1542) width 67: "Nulla ligula"
      text run at (11,1556) width 78: "dui, euismod"
      text run at (11,1571) width 66: "et, sodales"
      text run at (11,1586) width 29: "quis,"
      text run at (11,1600) width 64: "sollicitudin"
      text run at (11,1615) width 73: "quis, elit. In"
      text run at (11,1629) width 82: "adipiscing est"
      text run at (11,1644) width 60: "sed enim."
      text run at (11,1658) width 51: "Fusce at"
      text run at (11,1673) width 73: "massa vitae"
      text run at (11,1688) width 87: "metus semper"
      text run at (11,1702) width 60: "hendrerit."
      text run at (11,1717) width 78: "Integer vitae"
      text run at (11,1731) width 67: "urna. Nulla"
      text run at (11,1746) width 68: "eget ligula."
      text run at (11,1761) width 77: "Etiam libero."
      text run at (11,1775) width 84: "Maecenas nisi"
      text run at (11,1790) width 87: "nibh, convallis"
      text run at (11,1804) width 58: "a, feugiat"
      text run at (11,1819) width 87: "vitae, pulvinar"
      text run at (11,1833) width 40: "et, mi."
      text run at (11,1848) width 87: "Curabitur arcu"
      text run at (11,1863) width 34: "pede,"
      text run at (11,1877) width 90: "adipiscing sed,"
      text run at (11,1892) width 76: "egestas nec,"
      text run at (11,1906) width 79: "commodo in,"
      text run at (11,1921) width 58: "elit. Nulla"
      text run at (11,1936) width 77: "facilisi. Proin"
      text run at (11,1950) width 87: "varius pede et"
      text run at (11,1965) width 61: "dui lacinia"
      text run at (11,1979) width 89: "dapibus. Morbi"
      text run at (11,1994) width 67: "nec augue."
      text run at (11,2009) width 31: "Proin"
      text run at (11,2023) width 58: "imperdiet"
      text run at (11,2038) width 50: "lacus eu"
      text run at (11,2052) width 37: "tellus."
layer at (366,28) size 125x100 clip at (367,29) size 110x85 scrollWidth 420 scrollHeight 443
  RenderBlock {DIV} at (358,20) size 125x100 [color=#DCDCDC] [bgcolor=#718D93] [border: (1px solid #D3D3D3)]
    RenderBlock {DIV} at (1,1) size 420x443
      RenderText {#text} at (10,10) size 398x161
        text run at (10,10) width 397: "Lorem ipsum dolor sit amet, consectetuer adipiscing elit. Morbi et"
        text run at (10,24) width 364: "nisi ut est venenatis viverra. Aenean pede orci, blandit quis,"
        text run at (10,39) width 398: "faucibus quis, egestas ut, mi. Pellentesque enim purus, venenatis"
        text run at (10,53) width 371: "dignissim, tincidunt a, ullamcorper eget, nibh. Nullam ut sem"
        text run at (10,68) width 348: "adipiscing orci vehicula interdum. Proin a enim. Phasellus"
        text run at (10,82) width 381: "sollicitudin, magna vitae vestibulum facilisis, tellus nunc iaculis"
        text run at (10,97) width 380: "arcu, in molestie sem velit tempus est. In eleifend velit at sem"
        text run at (10,112) width 350: "adipiscing sodales. Nunc sapien felis, aliquam et, volutpat"
        text run at (10,126) width 382: "rhoncus, condimentum ut, tortor. Integer est. Quisque viverra."
        text run at (10,141) width 312: "Praesent sed arcu. Maecenas id lorem a leo lobortis"
        text run at (10,155) width 87: "condimentum."
      RenderBR {BR} at (96,155) size 1x16
      RenderBR {BR} at (10,170) size 0x16
      RenderText {#text} at (10,185) size 398x132
        text run at (10,185) width 357: "Cras commodo rutrum augue. Vivamus iaculis. Nullam est."
        text run at (10,199) width 387: "Maecenas consequat. Sed id dui. Vivamus a nisl. Donec pretium"
        text run at (10,214) width 375: "sapien. Proin et ligula et ligula placerat pulvinar. Aliquam erat"
        text run at (10,228) width 378: "volutpat. Proin id est. Suspendisse cursus, magna at hendrerit"
        text run at (10,243) width 389: "consequat, mauris est imperdiet neque, a ultrices arcu urna non"
        text run at (10,257) width 398: "nunc. Quisque tellus. Nulla nulla justo, vehicula nec, pellentesque"
        text run at (10,272) width 386: "eu, iaculis et, ligula. Praesent mattis ante vel sem. Suspendisse"
        text run at (10,287) width 372: "porta rhoncus urna. Phasellus felis. Praesent viverra convallis"
        text run at (10,301) width 368: "libero. Maecenas non augue. Donec hendrerit lectus id enim."
      RenderBR {BR} at (377,301) size 1x16
      RenderBR {BR} at (10,316) size 0x15
      RenderText {#text} at (10,330) size 397x103
        text run at (10,330) width 397: "Nulla ligula dui, euismod et, sodales quis, sollicitudin quis, elit. In"
        text run at (10,345) width 368: "adipiscing est sed enim. Fusce at massa vitae metus semper"
        text run at (10,360) width 365: "hendrerit. Integer vitae urna. Nulla eget ligula. Etiam libero."
        text run at (10,374) width 371: "Maecenas nisi nibh, convallis a, feugiat vitae, pulvinar et, mi."
        text run at (10,389) width 381: "Curabitur arcu pede, adipiscing sed, egestas nec, commodo in,"
        text run at (10,403) width 386: "elit. Nulla facilisi. Proin varius pede et dui lacinia dapibus. Morbi"
        text run at (10,418) width 258: "nec augue. Proin imperdiet lacus eu tellus."
layer at (535,28) size 125x100 clip at (536,29) size 110x85 scrollHeight 2076
  RenderBlock {DIV} at (527,20) size 125x100 [color=#DCDCDC] [bgcolor=#718D93] [border: (1px solid #D3D3D3)]
    RenderText {#text} at (11,11) size 89x788
      text run at (11,11) width 79: "Lorem ipsum"
      text run at (11,25) width 89: "dolor sit amet,"
      text run at (11,40) width 78: "consectetuer"
      text run at (11,54) width 87: "adipiscing elit."
      text run at (11,69) width 75: "Morbi et nisi"
      text run at (11,83) width 35: "ut est"
      text run at (11,98) width 59: "venenatis"
      text run at (11,113) width 47: "viverra."
      text run at (11,127) width 79: "Aenean pede"
      text run at (11,142) width 72: "orci, blandit"
      text run at (11,156) width 84: "quis, faucibus"
      text run at (11,171) width 80: "quis, egestas"
      text run at (11,186) width 41: "ut, mi."
      text run at (11,200) width 77: "Pellentesque"
      text run at (11,215) width 73: "enim purus,"
      text run at (11,229) width 59: "venenatis"
      text run at (11,244) width 61: "dignissim,"
      text run at (11,258) width 69: "tincidunt a,"
      text run at (11,273) width 72: "ullamcorper"
      text run at (11,288) width 66: "eget, nibh."
      text run at (11,302) width 88: "Nullam ut sem"
      text run at (11,317) width 86: "adipiscing orci"
      text run at (11,331) width 50: "vehicula"
      text run at (11,346) width 59: "interdum."
      text run at (11,361) width 81: "Proin a enim."
      text run at (11,375) width 56: "Phasellus"
      text run at (11,390) width 69: "sollicitudin,"
      text run at (11,404) width 75: "magna vitae"
      text run at (11,419) width 67: "vestibulum"
      text run at (11,433) width 85: "facilisis, tellus"
      text run at (11,448) width 71: "nunc iaculis"
      text run at (11,463) width 46: "arcu, in"
      text run at (11,477) width 81: "molestie sem"
      text run at (11,492) width 75: "velit tempus"
      text run at (11,506) width 40: "est. In"
      text run at (11,521) width 78: "eleifend velit"
      text run at (11,536) width 42: "at sem"
      text run at (11,550) width 60: "adipiscing"
      text run at (11,565) width 84: "sodales. Nunc"
      text run at (11,579) width 72: "sapien felis,"
      text run at (11,594) width 69: "aliquam et,"
      text run at (11,608) width 50: "volutpat"
      text run at (11,623) width 53: "rhoncus,"
      text run at (11,638) width 83: "condimentum"
      text run at (11,652) width 60: "ut, tortor."
      text run at (11,667) width 71: "Integer est."
      text run at (11,681) width 49: "Quisque"
      text run at (11,696) width 47: "viverra."
      text run at (11,711) width 78: "Praesent sed"
      text run at (11,725) width 31: "arcu."
      text run at (11,740) width 74: "Maecenas id"
      text run at (11,754) width 68: "lorem a leo"
      text run at (11,769) width 45: "lobortis"
      text run at (11,783) width 87: "condimentum."
    RenderBR {BR} at (97,783) size 1x16
    RenderBR {BR} at (11,798) size 0x16
    RenderText {#text} at (11,813) size 89x715
      text run at (11,813) width 27: "Cras"
      text run at (11,827) width 59: "commodo"
      text run at (11,842) width 88: "rutrum augue."
      text run at (11,856) width 52: "Vivamus"
      text run at (11,871) width 88: "iaculis. Nullam"
      text run at (11,886) width 86: "est. Maecenas"
      text run at (11,900) width 66: "consequat."
      text run at (11,915) width 65: "Sed id dui."
      text run at (11,929) width 63: "Vivamus a"
      text run at (11,944) width 67: "nisl. Donec"
      text run at (11,958) width 48: "pretium"
      text run at (11,973) width 79: "sapien. Proin"
      text run at (11,988) width 65: "et ligula et"
      text run at (11,1002) width 85: "ligula placerat"
      text run at (11,1017) width 54: "pulvinar."
      text run at (11,1031) width 78: "Aliquam erat"
      text run at (11,1046) width 89: "volutpat. Proin"
      text run at (11,1061) width 38: "id est."
      text run at (11,1075) width 75: "Suspendisse"
      text run at (11,1090) width 89: "cursus, magna"
      text run at (11,1104) width 72: "at hendrerit"
      text run at (11,1119) width 66: "consequat,"
      text run at (11,1133) width 64: "mauris est"
      text run at (11,1148) width 58: "imperdiet"
      text run at (11,1163) width 53: "neque, a"
      text run at (11,1177) width 75: "ultrices arcu"
      text run at (11,1192) width 55: "urna non"
      text run at (11,1206) width 87: "nunc. Quisque"
      text run at (11,1221) width 72: "tellus. Nulla"
      text run at (11,1236) width 68: "nulla justo,"
      text run at (11,1250) width 80: "vehicula nec,"
      text run at (11,1265) width 77: "pellentesque"
      text run at (11,1279) width 81: "eu, iaculis et,"
      text run at (11,1294) width 37: "ligula."
      text run at (11,1308) width 53: "Praesent"
      text run at (11,1323) width 69: "mattis ante"
      text run at (11,1338) width 52: "vel sem."
      text run at (11,1352) width 75: "Suspendisse"
      text run at (11,1367) width 84: "porta rhoncus"
      text run at (11,1381) width 32: "urna."
      text run at (11,1396) width 89: "Phasellus felis."
      text run at (11,1411) width 53: "Praesent"
      text run at (11,1425) width 43: "viverra"
      text run at (11,1440) width 52: "convallis"
      text run at (11,1454) width 38: "libero."
      text run at (11,1469) width 86: "Maecenas non"
      text run at (11,1483) width 84: "augue. Donec"
      text run at (11,1498) width 56: "hendrerit"
      text run at (11,1513) width 89: "lectus id enim."
    RenderBR {BR} at (99,1513) size 1x15
    RenderBR {BR} at (11,1527) size 0x16
    RenderText {#text} at (11,1542) size 90x526
      text run at (11,1542) width 67: "Nulla ligula"
      text run at (11,1556) width 78: "dui, euismod"
      text run at (11,1571) width 66: "et, sodales"
      text run at (11,1586) width 29: "quis,"
      text run at (11,1600) width 64: "sollicitudin"
      text run at (11,1615) width 73: "quis, elit. In"
      text run at (11,1629) width 82: "adipiscing est"
      text run at (11,1644) width 60: "sed enim."
      text run at (11,1658) width 51: "Fusce at"
      text run at (11,1673) width 73: "massa vitae"
      text run at (11,1688) width 87: "metus semper"
      text run at (11,1702) width 60: "hendrerit."
      text run at (11,1717) width 78: "Integer vitae"
      text run at (11,1731) width 67: "urna. Nulla"
      text run at (11,1746) width 68: "eget ligula."
      text run at (11,1761) width 77: "Etiam libero."
      text run at (11,1775) width 84: "Maecenas nisi"
      text run at (11,1790) width 87: "nibh, convallis"
      text run at (11,1804) width 58: "a, feugiat"
      text run at (11,1819) width 87: "vitae, pulvinar"
      text run at (11,1833) width 40: "et, mi."
      text run at (11,1848) width 87: "Curabitur arcu"
      text run at (11,1863) width 34: "pede,"
      text run at (11,1877) width 90: "adipiscing sed,"
      text run at (11,1892) width 76: "egestas nec,"
      text run at (11,1906) width 79: "commodo in,"
      text run at (11,1921) width 58: "elit. Nulla"
      text run at (11,1936) width 77: "facilisi. Proin"
      text run at (11,1950) width 87: "varius pede et"
      text run at (11,1965) width 61: "dui lacinia"
      text run at (11,1979) width 89: "dapibus. Morbi"
      text run at (11,1994) width 67: "nec augue."
      text run at (11,2009) width 31: "Proin"
      text run at (11,2023) width 58: "imperdiet"
      text run at (11,2038) width 50: "lacus eu"
      text run at (11,2052) width 37: "tellus."
layer at (28,168) size 125x100 clip at (29,169) size 110x98 scrollHeight 2076
  RenderBlock {DIV} at (20,160) size 125x100 [color=#DCDCDC] [bgcolor=#718D93] [border: (1px solid #D3D3D3)]
    RenderText {#text} at (11,11) size 89x788
      text run at (11,11) width 79: "Lorem ipsum"
      text run at (11,25) width 89: "dolor sit amet,"
      text run at (11,40) width 78: "consectetuer"
      text run at (11,54) width 87: "adipiscing elit."
      text run at (11,69) width 75: "Morbi et nisi"
      text run at (11,83) width 35: "ut est"
      text run at (11,98) width 59: "venenatis"
      text run at (11,113) width 47: "viverra."
      text run at (11,127) width 79: "Aenean pede"
      text run at (11,142) width 72: "orci, blandit"
      text run at (11,156) width 84: "quis, faucibus"
      text run at (11,171) width 80: "quis, egestas"
      text run at (11,186) width 41: "ut, mi."
      text run at (11,200) width 77: "Pellentesque"
      text run at (11,215) width 73: "enim purus,"
      text run at (11,229) width 59: "venenatis"
      text run at (11,244) width 61: "dignissim,"
      text run at (11,258) width 69: "tincidunt a,"
      text run at (11,273) width 72: "ullamcorper"
      text run at (11,288) width 66: "eget, nibh."
      text run at (11,302) width 88: "Nullam ut sem"
      text run at (11,317) width 86: "adipiscing orci"
      text run at (11,331) width 50: "vehicula"
      text run at (11,346) width 59: "interdum."
      text run at (11,361) width 81: "Proin a enim."
      text run at (11,375) width 56: "Phasellus"
      text run at (11,390) width 69: "sollicitudin,"
      text run at (11,404) width 75: "magna vitae"
      text run at (11,419) width 67: "vestibulum"
      text run at (11,433) width 85: "facilisis, tellus"
      text run at (11,448) width 71: "nunc iaculis"
      text run at (11,463) width 46: "arcu, in"
      text run at (11,477) width 81: "molestie sem"
      text run at (11,492) width 75: "velit tempus"
      text run at (11,506) width 40: "est. In"
      text run at (11,521) width 78: "eleifend velit"
      text run at (11,536) width 42: "at sem"
      text run at (11,550) width 60: "adipiscing"
      text run at (11,565) width 84: "sodales. Nunc"
      text run at (11,579) width 72: "sapien felis,"
      text run at (11,594) width 69: "aliquam et,"
      text run at (11,608) width 50: "volutpat"
      text run at (11,623) width 53: "rhoncus,"
      text run at (11,638) width 83: "condimentum"
      text run at (11,652) width 60: "ut, tortor."
      text run at (11,667) width 71: "Integer est."
      text run at (11,681) width 49: "Quisque"
      text run at (11,696) width 47: "viverra."
      text run at (11,711) width 78: "Praesent sed"
      text run at (11,725) width 31: "arcu."
      text run at (11,740) width 74: "Maecenas id"
      text run at (11,754) width 68: "lorem a leo"
      text run at (11,769) width 45: "lobortis"
      text run at (11,783) width 87: "condimentum."
    RenderBR {BR} at (97,783) size 1x16
    RenderBR {BR} at (11,798) size 0x16
    RenderText {#text} at (11,813) size 89x715
      text run at (11,813) width 27: "Cras"
      text run at (11,827) width 59: "commodo"
      text run at (11,842) width 88: "rutrum augue."
      text run at (11,856) width 52: "Vivamus"
      text run at (11,871) width 88: "iaculis. Nullam"
      text run at (11,886) width 86: "est. Maecenas"
      text run at (11,900) width 66: "consequat."
      text run at (11,915) width 65: "Sed id dui."
      text run at (11,929) width 63: "Vivamus a"
      text run at (11,944) width 67: "nisl. Donec"
      text run at (11,958) width 48: "pretium"
      text run at (11,973) width 79: "sapien. Proin"
      text run at (11,988) width 65: "et ligula et"
      text run at (11,1002) width 85: "ligula placerat"
      text run at (11,1017) width 54: "pulvinar."
      text run at (11,1031) width 78: "Aliquam erat"
      text run at (11,1046) width 89: "volutpat. Proin"
      text run at (11,1061) width 38: "id est."
      text run at (11,1075) width 75: "Suspendisse"
      text run at (11,1090) width 89: "cursus, magna"
      text run at (11,1104) width 72: "at hendrerit"
      text run at (11,1119) width 66: "consequat,"
      text run at (11,1133) width 64: "mauris est"
      text run at (11,1148) width 58: "imperdiet"
      text run at (11,1163) width 53: "neque, a"
      text run at (11,1177) width 75: "ultrices arcu"
      text run at (11,1192) width 55: "urna non"
      text run at (11,1206) width 87: "nunc. Quisque"
      text run at (11,1221) width 72: "tellus. Nulla"
      text run at (11,1236) width 68: "nulla justo,"
      text run at (11,1250) width 80: "vehicula nec,"
      text run at (11,1265) width 77: "pellentesque"
      text run at (11,1279) width 81: "eu, iaculis et,"
      text run at (11,1294) width 37: "ligula."
      text run at (11,1308) width 53: "Praesent"
      text run at (11,1323) width 69: "mattis ante"
      text run at (11,1338) width 52: "vel sem."
      text run at (11,1352) width 75: "Suspendisse"
      text run at (11,1367) width 84: "porta rhoncus"
      text run at (11,1381) width 32: "urna."
      text run at (11,1396) width 89: "Phasellus felis."
      text run at (11,1411) width 53: "Praesent"
      text run at (11,1425) width 43: "viverra"
      text run at (11,1440) width 52: "convallis"
      text run at (11,1454) width 38: "libero."
      text run at (11,1469) width 86: "Maecenas non"
      text run at (11,1483) width 84: "augue. Donec"
      text run at (11,1498) width 56: "hendrerit"
      text run at (11,1513) width 89: "lectus id enim."
    RenderBR {BR} at (99,1513) size 1x15
    RenderBR {BR} at (11,1527) size 0x16
    RenderText {#text} at (11,1542) size 90x526
      text run at (11,1542) width 67: "Nulla ligula"
      text run at (11,1556) width 78: "dui, euismod"
      text run at (11,1571) width 66: "et, sodales"
      text run at (11,1586) width 29: "quis,"
      text run at (11,1600) width 64: "sollicitudin"
      text run at (11,1615) width 73: "quis, elit. In"
      text run at (11,1629) width 82: "adipiscing est"
      text run at (11,1644) width 60: "sed enim."
      text run at (11,1658) width 51: "Fusce at"
      text run at (11,1673) width 73: "massa vitae"
      text run at (11,1688) width 87: "metus semper"
      text run at (11,1702) width 60: "hendrerit."
      text run at (11,1717) width 78: "Integer vitae"
      text run at (11,1731) width 67: "urna. Nulla"
      text run at (11,1746) width 68: "eget ligula."
      text run at (11,1761) width 77: "Etiam libero."
      text run at (11,1775) width 84: "Maecenas nisi"
      text run at (11,1790) width 87: "nibh, convallis"
      text run at (11,1804) width 58: "a, feugiat"
      text run at (11,1819) width 87: "vitae, pulvinar"
      text run at (11,1833) width 40: "et, mi."
      text run at (11,1848) width 87: "Curabitur arcu"
      text run at (11,1863) width 34: "pede,"
      text run at (11,1877) width 90: "adipiscing sed,"
      text run at (11,1892) width 76: "egestas nec,"
      text run at (11,1906) width 79: "commodo in,"
      text run at (11,1921) width 58: "elit. Nulla"
      text run at (11,1936) width 77: "facilisi. Proin"
      text run at (11,1950) width 87: "varius pede et"
      text run at (11,1965) width 61: "dui lacinia"
      text run at (11,1979) width 89: "dapibus. Morbi"
      text run at (11,1994) width 67: "nec augue."
      text run at (11,2009) width 31: "Proin"
      text run at (11,2023) width 58: "imperdiet"
      text run at (11,2038) width 50: "lacus eu"
      text run at (11,2052) width 37: "tellus."
layer at (197,168) size 125x100 clip at (198,169) size 110x85 scrollWidth 420 scrollHeight 443
  RenderBlock {DIV} at (189,160) size 125x100 [color=#DCDCDC] [bgcolor=#718D93] [border: (1px solid #D3D3D3)]
    RenderBlock {DIV} at (1,1) size 420x443
      RenderText {#text} at (10,10) size 398x161
        text run at (10,10) width 397: "Lorem ipsum dolor sit amet, consectetuer adipiscing elit. Morbi et"
        text run at (10,24) width 364: "nisi ut est venenatis viverra. Aenean pede orci, blandit quis,"
        text run at (10,39) width 398: "faucibus quis, egestas ut, mi. Pellentesque enim purus, venenatis"
        text run at (10,53) width 371: "dignissim, tincidunt a, ullamcorper eget, nibh. Nullam ut sem"
        text run at (10,68) width 348: "adipiscing orci vehicula interdum. Proin a enim. Phasellus"
        text run at (10,82) width 381: "sollicitudin, magna vitae vestibulum facilisis, tellus nunc iaculis"
        text run at (10,97) width 380: "arcu, in molestie sem velit tempus est. In eleifend velit at sem"
        text run at (10,112) width 350: "adipiscing sodales. Nunc sapien felis, aliquam et, volutpat"
        text run at (10,126) width 382: "rhoncus, condimentum ut, tortor. Integer est. Quisque viverra."
        text run at (10,141) width 312: "Praesent sed arcu. Maecenas id lorem a leo lobortis"
        text run at (10,155) width 87: "condimentum."
      RenderBR {BR} at (96,155) size 1x16
      RenderBR {BR} at (10,170) size 0x16
      RenderText {#text} at (10,185) size 398x132
        text run at (10,185) width 357: "Cras commodo rutrum augue. Vivamus iaculis. Nullam est."
        text run at (10,199) width 387: "Maecenas consequat. Sed id dui. Vivamus a nisl. Donec pretium"
        text run at (10,214) width 375: "sapien. Proin et ligula et ligula placerat pulvinar. Aliquam erat"
        text run at (10,228) width 378: "volutpat. Proin id est. Suspendisse cursus, magna at hendrerit"
        text run at (10,243) width 389: "consequat, mauris est imperdiet neque, a ultrices arcu urna non"
        text run at (10,257) width 398: "nunc. Quisque tellus. Nulla nulla justo, vehicula nec, pellentesque"
        text run at (10,272) width 386: "eu, iaculis et, ligula. Praesent mattis ante vel sem. Suspendisse"
        text run at (10,287) width 372: "porta rhoncus urna. Phasellus felis. Praesent viverra convallis"
        text run at (10,301) width 368: "libero. Maecenas non augue. Donec hendrerit lectus id enim."
      RenderBR {BR} at (377,301) size 1x16
      RenderBR {BR} at (10,316) size 0x15
      RenderText {#text} at (10,330) size 397x103
        text run at (10,330) width 397: "Nulla ligula dui, euismod et, sodales quis, sollicitudin quis, elit. In"
        text run at (10,345) width 368: "adipiscing est sed enim. Fusce at massa vitae metus semper"
        text run at (10,360) width 365: "hendrerit. Integer vitae urna. Nulla eget ligula. Etiam libero."
        text run at (10,374) width 371: "Maecenas nisi nibh, convallis a, feugiat vitae, pulvinar et, mi."
        text run at (10,389) width 381: "Curabitur arcu pede, adipiscing sed, egestas nec, commodo in,"
        text run at (10,403) width 386: "elit. Nulla facilisi. Proin varius pede et dui lacinia dapibus. Morbi"
        text run at (10,418) width 258: "nec augue. Proin imperdiet lacus eu tellus."
layer at (366,168) size 125x100 clip at (367,169) size 110x98 scrollHeight 2076
  RenderBlock {DIV} at (358,160) size 125x100 [color=#DCDCDC] [bgcolor=#718D93] [border: (1px solid #D3D3D3)]
    RenderText {#text} at (11,11) size 89x788
      text run at (11,11) width 79: "Lorem ipsum"
      text run at (11,25) width 89: "dolor sit amet,"
      text run at (11,40) width 78: "consectetuer"
      text run at (11,54) width 87: "adipiscing elit."
      text run at (11,69) width 75: "Morbi et nisi"
      text run at (11,83) width 35: "ut est"
      text run at (11,98) width 59: "venenatis"
      text run at (11,113) width 47: "viverra."
      text run at (11,127) width 79: "Aenean pede"
      text run at (11,142) width 72: "orci, blandit"
      text run at (11,156) width 84: "quis, faucibus"
      text run at (11,171) width 80: "quis, egestas"
      text run at (11,186) width 41: "ut, mi."
      text run at (11,200) width 77: "Pellentesque"
      text run at (11,215) width 73: "enim purus,"
      text run at (11,229) width 59: "venenatis"
      text run at (11,244) width 61: "dignissim,"
      text run at (11,258) width 69: "tincidunt a,"
      text run at (11,273) width 72: "ullamcorper"
      text run at (11,288) width 66: "eget, nibh."
      text run at (11,302) width 88: "Nullam ut sem"
      text run at (11,317) width 86: "adipiscing orci"
      text run at (11,331) width 50: "vehicula"
      text run at (11,346) width 59: "interdum."
      text run at (11,361) width 81: "Proin a enim."
      text run at (11,375) width 56: "Phasellus"
      text run at (11,390) width 69: "sollicitudin,"
      text run at (11,404) width 75: "magna vitae"
      text run at (11,419) width 67: "vestibulum"
      text run at (11,433) width 85: "facilisis, tellus"
      text run at (11,448) width 71: "nunc iaculis"
      text run at (11,463) width 46: "arcu, in"
      text run at (11,477) width 81: "molestie sem"
      text run at (11,492) width 75: "velit tempus"
      text run at (11,506) width 40: "est. In"
      text run at (11,521) width 78: "eleifend velit"
      text run at (11,536) width 42: "at sem"
      text run at (11,550) width 60: "adipiscing"
      text run at (11,565) width 84: "sodales. Nunc"
      text run at (11,579) width 72: "sapien felis,"
      text run at (11,594) width 69: "aliquam et,"
      text run at (11,608) width 50: "volutpat"
      text run at (11,623) width 53: "rhoncus,"
      text run at (11,638) width 83: "condimentum"
      text run at (11,652) width 60: "ut, tortor."
      text run at (11,667) width 71: "Integer est."
      text run at (11,681) width 49: "Quisque"
      text run at (11,696) width 47: "viverra."
      text run at (11,711) width 78: "Praesent sed"
      text run at (11,725) width 31: "arcu."
      text run at (11,740) width 74: "Maecenas id"
      text run at (11,754) width 68: "lorem a leo"
      text run at (11,769) width 45: "lobortis"
      text run at (11,783) width 87: "condimentum."
    RenderBR {BR} at (97,783) size 1x16
    RenderBR {BR} at (11,798) size 0x16
    RenderText {#text} at (11,813) size 89x715
      text run at (11,813) width 27: "Cras"
      text run at (11,827) width 59: "commodo"
      text run at (11,842) width 88: "rutrum augue."
      text run at (11,856) width 52: "Vivamus"
      text run at (11,871) width 88: "iaculis. Nullam"
      text run at (11,886) width 86: "est. Maecenas"
      text run at (11,900) width 66: "consequat."
      text run at (11,915) width 65: "Sed id dui."
      text run at (11,929) width 63: "Vivamus a"
      text run at (11,944) width 67: "nisl. Donec"
      text run at (11,958) width 48: "pretium"
      text run at (11,973) width 79: "sapien. Proin"
      text run at (11,988) width 65: "et ligula et"
      text run at (11,1002) width 85: "ligula placerat"
      text run at (11,1017) width 54: "pulvinar."
      text run at (11,1031) width 78: "Aliquam erat"
      text run at (11,1046) width 89: "volutpat. Proin"
      text run at (11,1061) width 38: "id est."
      text run at (11,1075) width 75: "Suspendisse"
      text run at (11,1090) width 89: "cursus, magna"
      text run at (11,1104) width 72: "at hendrerit"
      text run at (11,1119) width 66: "consequat,"
      text run at (11,1133) width 64: "mauris est"
      text run at (11,1148) width 58: "imperdiet"
      text run at (11,1163) width 53: "neque, a"
      text run at (11,1177) width 75: "ultrices arcu"
      text run at (11,1192) width 55: "urna non"
      text run at (11,1206) width 87: "nunc. Quisque"
      text run at (11,1221) width 72: "tellus. Nulla"
      text run at (11,1236) width 68: "nulla justo,"
      text run at (11,1250) width 80: "vehicula nec,"
      text run at (11,1265) width 77: "pellentesque"
      text run at (11,1279) width 81: "eu, iaculis et,"
      text run at (11,1294) width 37: "ligula."
      text run at (11,1308) width 53: "Praesent"
      text run at (11,1323) width 69: "mattis ante"
      text run at (11,1338) width 52: "vel sem."
      text run at (11,1352) width 75: "Suspendisse"
      text run at (11,1367) width 84: "porta rhoncus"
      text run at (11,1381) width 32: "urna."
      text run at (11,1396) width 89: "Phasellus felis."
      text run at (11,1411) width 53: "Praesent"
      text run at (11,1425) width 43: "viverra"
      text run at (11,1440) width 52: "convallis"
      text run at (11,1454) width 38: "libero."
      text run at (11,1469) width 86: "Maecenas non"
      text run at (11,1483) width 84: "augue. Donec"
      text run at (11,1498) width 56: "hendrerit"
      text run at (11,1513) width 89: "lectus id enim."
    RenderBR {BR} at (99,1513) size 1x15
    RenderBR {BR} at (11,1527) size 0x16
    RenderText {#text} at (11,1542) size 90x526
      text run at (11,1542) width 67: "Nulla ligula"
      text run at (11,1556) width 78: "dui, euismod"
      text run at (11,1571) width 66: "et, sodales"
      text run at (11,1586) width 29: "quis,"
      text run at (11,1600) width 64: "sollicitudin"
      text run at (11,1615) width 73: "quis, elit. In"
      text run at (11,1629) width 82: "adipiscing est"
      text run at (11,1644) width 60: "sed enim."
      text run at (11,1658) width 51: "Fusce at"
      text run at (11,1673) width 73: "massa vitae"
      text run at (11,1688) width 87: "metus semper"
      text run at (11,1702) width 60: "hendrerit."
      text run at (11,1717) width 78: "Integer vitae"
      text run at (11,1731) width 67: "urna. Nulla"
      text run at (11,1746) width 68: "eget ligula."
      text run at (11,1761) width 77: "Etiam libero."
      text run at (11,1775) width 84: "Maecenas nisi"
      text run at (11,1790) width 87: "nibh, convallis"
      text run at (11,1804) width 58: "a, feugiat"
      text run at (11,1819) width 87: "vitae, pulvinar"
      text run at (11,1833) width 40: "et, mi."
      text run at (11,1848) width 87: "Curabitur arcu"
      text run at (11,1863) width 34: "pede,"
      text run at (11,1877) width 90: "adipiscing sed,"
      text run at (11,1892) width 76: "egestas nec,"
      text run at (11,1906) width 79: "commodo in,"
      text run at (11,1921) width 58: "elit. Nulla"
      text run at (11,1936) width 77: "facilisi. Proin"
      text run at (11,1950) width 87: "varius pede et"
      text run at (11,1965) width 61: "dui lacinia"
      text run at (11,1979) width 89: "dapibus. Morbi"
      text run at (11,1994) width 67: "nec augue."
      text run at (11,2009) width 31: "Proin"
      text run at (11,2023) width 58: "imperdiet"
      text run at (11,2038) width 50: "lacus eu"
      text run at (11,2052) width 37: "tellus."
layer at (535,168) size 125x100 clip at (536,169) size 123x85 scrollWidth 420 scrollHeight 180
  RenderBlock {DIV} at (527,160) size 125x100 [color=#DCDCDC] [bgcolor=#718D93] [border: (1px solid #D3D3D3)]
    RenderBlock {DIV} at (1,1) size 420x181
      RenderText {#text} at (10,10) size 398x161
        text run at (10,10) width 397: "Lorem ipsum dolor sit amet, consectetuer adipiscing elit. Morbi et"
        text run at (10,24) width 364: "nisi ut est venenatis viverra. Aenean pede orci, blandit quis,"
        text run at (10,39) width 398: "faucibus quis, egestas ut, mi. Pellentesque enim purus, venenatis"
        text run at (10,53) width 371: "dignissim, tincidunt a, ullamcorper eget, nibh. Nullam ut sem"
        text run at (10,68) width 348: "adipiscing orci vehicula interdum. Proin a enim. Phasellus"
        text run at (10,82) width 381: "sollicitudin, magna vitae vestibulum facilisis, tellus nunc iaculis"
        text run at (10,97) width 380: "arcu, in molestie sem velit tempus est. In eleifend velit at sem"
        text run at (10,112) width 350: "adipiscing sodales. Nunc sapien felis, aliquam et, volutpat"
        text run at (10,126) width 382: "rhoncus, condimentum ut, tortor. Integer est. Quisque viverra."
        text run at (10,141) width 312: "Praesent sed arcu. Maecenas id lorem a leo lobortis"
        text run at (10,155) width 87: "condimentum."
layer at (28,308) size 125x100 clip at (29,309) size 110x98 scrollHeight 2076
  RenderBlock {DIV} at (20,300) size 125x100 [color=#DCDCDC] [bgcolor=#718D93] [border: (1px solid #D3D3D3)]
    RenderText {#text} at (11,11) size 89x788
      text run at (11,11) width 79: "Lorem ipsum"
      text run at (11,25) width 89: "dolor sit amet,"
      text run at (11,40) width 78: "consectetuer"
      text run at (11,54) width 87: "adipiscing elit."
      text run at (11,69) width 75: "Morbi et nisi"
      text run at (11,83) width 35: "ut est"
      text run at (11,98) width 59: "venenatis"
      text run at (11,113) width 47: "viverra."
      text run at (11,127) width 79: "Aenean pede"
      text run at (11,142) width 72: "orci, blandit"
      text run at (11,156) width 84: "quis, faucibus"
      text run at (11,171) width 80: "quis, egestas"
      text run at (11,186) width 41: "ut, mi."
      text run at (11,200) width 77: "Pellentesque"
      text run at (11,215) width 73: "enim purus,"
      text run at (11,229) width 59: "venenatis"
      text run at (11,244) width 61: "dignissim,"
      text run at (11,258) width 69: "tincidunt a,"
      text run at (11,273) width 72: "ullamcorper"
      text run at (11,288) width 66: "eget, nibh."
      text run at (11,302) width 88: "Nullam ut sem"
      text run at (11,317) width 86: "adipiscing orci"
      text run at (11,331) width 50: "vehicula"
      text run at (11,346) width 59: "interdum."
      text run at (11,361) width 81: "Proin a enim."
      text run at (11,375) width 56: "Phasellus"
      text run at (11,390) width 69: "sollicitudin,"
      text run at (11,404) width 75: "magna vitae"
      text run at (11,419) width 67: "vestibulum"
      text run at (11,433) width 85: "facilisis, tellus"
      text run at (11,448) width 71: "nunc iaculis"
      text run at (11,463) width 46: "arcu, in"
      text run at (11,477) width 81: "molestie sem"
      text run at (11,492) width 75: "velit tempus"
      text run at (11,506) width 40: "est. In"
      text run at (11,521) width 78: "eleifend velit"
      text run at (11,536) width 42: "at sem"
      text run at (11,550) width 60: "adipiscing"
      text run at (11,565) width 84: "sodales. Nunc"
      text run at (11,579) width 72: "sapien felis,"
      text run at (11,594) width 69: "aliquam et,"
      text run at (11,608) width 50: "volutpat"
      text run at (11,623) width 53: "rhoncus,"
      text run at (11,638) width 83: "condimentum"
      text run at (11,652) width 60: "ut, tortor."
      text run at (11,667) width 71: "Integer est."
      text run at (11,681) width 49: "Quisque"
      text run at (11,696) width 47: "viverra."
      text run at (11,711) width 78: "Praesent sed"
      text run at (11,725) width 31: "arcu."
      text run at (11,740) width 74: "Maecenas id"
      text run at (11,754) width 68: "lorem a leo"
      text run at (11,769) width 45: "lobortis"
      text run at (11,783) width 87: "condimentum."
    RenderBR {BR} at (97,783) size 1x16
    RenderBR {BR} at (11,798) size 0x16
    RenderText {#text} at (11,813) size 89x715
      text run at (11,813) width 27: "Cras"
      text run at (11,827) width 59: "commodo"
      text run at (11,842) width 88: "rutrum augue."
      text run at (11,856) width 52: "Vivamus"
      text run at (11,871) width 88: "iaculis. Nullam"
      text run at (11,886) width 86: "est. Maecenas"
      text run at (11,900) width 66: "consequat."
      text run at (11,915) width 65: "Sed id dui."
      text run at (11,929) width 63: "Vivamus a"
      text run at (11,944) width 67: "nisl. Donec"
      text run at (11,958) width 48: "pretium"
      text run at (11,973) width 79: "sapien. Proin"
      text run at (11,988) width 65: "et ligula et"
      text run at (11,1002) width 85: "ligula placerat"
      text run at (11,1017) width 54: "pulvinar."
      text run at (11,1031) width 78: "Aliquam erat"
      text run at (11,1046) width 89: "volutpat. Proin"
      text run at (11,1061) width 38: "id est."
      text run at (11,1075) width 75: "Suspendisse"
      text run at (11,1090) width 89: "cursus, magna"
      text run at (11,1104) width 72: "at hendrerit"
      text run at (11,1119) width 66: "consequat,"
      text run at (11,1133) width 64: "mauris est"
      text run at (11,1148) width 58: "imperdiet"
      text run at (11,1163) width 53: "neque, a"
      text run at (11,1177) width 75: "ultrices arcu"
      text run at (11,1192) width 55: "urna non"
      text run at (11,1206) width 87: "nunc. Quisque"
      text run at (11,1221) width 72: "tellus. Nulla"
      text run at (11,1236) width 68: "nulla justo,"
      text run at (11,1250) width 80: "vehicula nec,"
      text run at (11,1265) width 77: "pellentesque"
      text run at (11,1279) width 81: "eu, iaculis et,"
      text run at (11,1294) width 37: "ligula."
      text run at (11,1308) width 53: "Praesent"
      text run at (11,1323) width 69: "mattis ante"
      text run at (11,1338) width 52: "vel sem."
      text run at (11,1352) width 75: "Suspendisse"
      text run at (11,1367) width 84: "porta rhoncus"
      text run at (11,1381) width 32: "urna."
      text run at (11,1396) width 89: "Phasellus felis."
      text run at (11,1411) width 53: "Praesent"
      text run at (11,1425) width 43: "viverra"
      text run at (11,1440) width 52: "convallis"
      text run at (11,1454) width 38: "libero."
      text run at (11,1469) width 86: "Maecenas non"
      text run at (11,1483) width 84: "augue. Donec"
      text run at (11,1498) width 56: "hendrerit"
      text run at (11,1513) width 89: "lectus id enim."
    RenderBR {BR} at (99,1513) size 1x15
    RenderBR {BR} at (11,1527) size 0x16
    RenderText {#text} at (11,1542) size 90x526
      text run at (11,1542) width 67: "Nulla ligula"
      text run at (11,1556) width 78: "dui, euismod"
      text run at (11,1571) width 66: "et, sodales"
      text run at (11,1586) width 29: "quis,"
      text run at (11,1600) width 64: "sollicitudin"
      text run at (11,1615) width 73: "quis, elit. In"
      text run at (11,1629) width 82: "adipiscing est"
      text run at (11,1644) width 60: "sed enim."
      text run at (11,1658) width 51: "Fusce at"
      text run at (11,1673) width 73: "massa vitae"
      text run at (11,1688) width 87: "metus semper"
      text run at (11,1702) width 60: "hendrerit."
      text run at (11,1717) width 78: "Integer vitae"
      text run at (11,1731) width 67: "urna. Nulla"
      text run at (11,1746) width 68: "eget ligula."
      text run at (11,1761) width 77: "Etiam libero."
      text run at (11,1775) width 84: "Maecenas nisi"
      text run at (11,1790) width 87: "nibh, convallis"
      text run at (11,1804) width 58: "a, feugiat"
      text run at (11,1819) width 87: "vitae, pulvinar"
      text run at (11,1833) width 40: "et, mi."
      text run at (11,1848) width 87: "Curabitur arcu"
      text run at (11,1863) width 34: "pede,"
      text run at (11,1877) width 90: "adipiscing sed,"
      text run at (11,1892) width 76: "egestas nec,"
      text run at (11,1906) width 79: "commodo in,"
      text run at (11,1921) width 58: "elit. Nulla"
      text run at (11,1936) width 77: "facilisi. Proin"
      text run at (11,1950) width 87: "varius pede et"
      text run at (11,1965) width 61: "dui lacinia"
      text run at (11,1979) width 89: "dapibus. Morbi"
      text run at (11,1994) width 67: "nec augue."
      text run at (11,2009) width 31: "Proin"
      text run at (11,2023) width 58: "imperdiet"
      text run at (11,2038) width 50: "lacus eu"
      text run at (11,2052) width 37: "tellus."
layer at (197,308) size 125x100 clip at (198,309) size 123x85 scrollWidth 420 scrollHeight 180
  RenderBlock {DIV} at (189,300) size 125x100 [color=#DCDCDC] [bgcolor=#718D93] [border: (1px solid #D3D3D3)]
    RenderBlock {DIV} at (1,1) size 420x181
      RenderText {#text} at (10,10) size 398x161
        text run at (10,10) width 397: "Lorem ipsum dolor sit amet, consectetuer adipiscing elit. Morbi et"
        text run at (10,24) width 364: "nisi ut est venenatis viverra. Aenean pede orci, blandit quis,"
        text run at (10,39) width 398: "faucibus quis, egestas ut, mi. Pellentesque enim purus, venenatis"
        text run at (10,53) width 371: "dignissim, tincidunt a, ullamcorper eget, nibh. Nullam ut sem"
        text run at (10,68) width 348: "adipiscing orci vehicula interdum. Proin a enim. Phasellus"
        text run at (10,82) width 381: "sollicitudin, magna vitae vestibulum facilisis, tellus nunc iaculis"
        text run at (10,97) width 380: "arcu, in molestie sem velit tempus est. In eleifend velit at sem"
        text run at (10,112) width 350: "adipiscing sodales. Nunc sapien felis, aliquam et, volutpat"
        text run at (10,126) width 382: "rhoncus, condimentum ut, tortor. Integer est. Quisque viverra."
        text run at (10,141) width 312: "Praesent sed arcu. Maecenas id lorem a leo lobortis"
        text run at (10,155) width 87: "condimentum."
layer at (366,308) size 125x100 clip at (367,309) size 110x85 scrollWidth 420 scrollHeight 443
  RenderBlock {DIV} at (358,300) size 125x100 [color=#DCDCDC] [bgcolor=#718D93] [border: (1px solid #D3D3D3)]
    RenderBlock {DIV} at (1,1) size 420x443
      RenderText {#text} at (10,10) size 398x161
        text run at (10,10) width 397: "Lorem ipsum dolor sit amet, consectetuer adipiscing elit. Morbi et"
        text run at (10,24) width 364: "nisi ut est venenatis viverra. Aenean pede orci, blandit quis,"
        text run at (10,39) width 398: "faucibus quis, egestas ut, mi. Pellentesque enim purus, venenatis"
        text run at (10,53) width 371: "dignissim, tincidunt a, ullamcorper eget, nibh. Nullam ut sem"
        text run at (10,68) width 348: "adipiscing orci vehicula interdum. Proin a enim. Phasellus"
        text run at (10,82) width 381: "sollicitudin, magna vitae vestibulum facilisis, tellus nunc iaculis"
        text run at (10,97) width 380: "arcu, in molestie sem velit tempus est. In eleifend velit at sem"
        text run at (10,112) width 350: "adipiscing sodales. Nunc sapien felis, aliquam et, volutpat"
        text run at (10,126) width 382: "rhoncus, condimentum ut, tortor. Integer est. Quisque viverra."
        text run at (10,141) width 312: "Praesent sed arcu. Maecenas id lorem a leo lobortis"
        text run at (10,155) width 87: "condimentum."
      RenderBR {BR} at (96,155) size 1x16
      RenderBR {BR} at (10,170) size 0x16
      RenderText {#text} at (10,185) size 398x132
        text run at (10,185) width 357: "Cras commodo rutrum augue. Vivamus iaculis. Nullam est."
        text run at (10,199) width 387: "Maecenas consequat. Sed id dui. Vivamus a nisl. Donec pretium"
        text run at (10,214) width 375: "sapien. Proin et ligula et ligula placerat pulvinar. Aliquam erat"
        text run at (10,228) width 378: "volutpat. Proin id est. Suspendisse cursus, magna at hendrerit"
        text run at (10,243) width 389: "consequat, mauris est imperdiet neque, a ultrices arcu urna non"
        text run at (10,257) width 398: "nunc. Quisque tellus. Nulla nulla justo, vehicula nec, pellentesque"
        text run at (10,272) width 386: "eu, iaculis et, ligula. Praesent mattis ante vel sem. Suspendisse"
        text run at (10,287) width 372: "porta rhoncus urna. Phasellus felis. Praesent viverra convallis"
        text run at (10,301) width 368: "libero. Maecenas non augue. Donec hendrerit lectus id enim."
      RenderBR {BR} at (377,301) size 1x16
      RenderBR {BR} at (10,316) size 0x15
      RenderText {#text} at (10,330) size 397x103
        text run at (10,330) width 397: "Nulla ligula dui, euismod et, sodales quis, sollicitudin quis, elit. In"
        text run at (10,345) width 368: "adipiscing est sed enim. Fusce at massa vitae metus semper"
        text run at (10,360) width 365: "hendrerit. Integer vitae urna. Nulla eget ligula. Etiam libero."
        text run at (10,374) width 371: "Maecenas nisi nibh, convallis a, feugiat vitae, pulvinar et, mi."
        text run at (10,389) width 381: "Curabitur arcu pede, adipiscing sed, egestas nec, commodo in,"
        text run at (10,403) width 386: "elit. Nulla facilisi. Proin varius pede et dui lacinia dapibus. Morbi"
        text run at (10,418) width 258: "nec augue. Proin imperdiet lacus eu tellus."
layer at (535,308) size 125x100 clip at (536,309) size 110x85 scrollWidth 420 scrollHeight 443
  RenderBlock {DIV} at (527,300) size 125x100 [color=#DCDCDC] [bgcolor=#718D93] [border: (1px solid #D3D3D3)]
    RenderBlock {DIV} at (1,1) size 420x443
      RenderText {#text} at (10,10) size 398x161
        text run at (10,10) width 397: "Lorem ipsum dolor sit amet, consectetuer adipiscing elit. Morbi et"
        text run at (10,24) width 364: "nisi ut est venenatis viverra. Aenean pede orci, blandit quis,"
        text run at (10,39) width 398: "faucibus quis, egestas ut, mi. Pellentesque enim purus, venenatis"
        text run at (10,53) width 371: "dignissim, tincidunt a, ullamcorper eget, nibh. Nullam ut sem"
        text run at (10,68) width 348: "adipiscing orci vehicula interdum. Proin a enim. Phasellus"
        text run at (10,82) width 381: "sollicitudin, magna vitae vestibulum facilisis, tellus nunc iaculis"
        text run at (10,97) width 380: "arcu, in molestie sem velit tempus est. In eleifend velit at sem"
        text run at (10,112) width 350: "adipiscing sodales. Nunc sapien felis, aliquam et, volutpat"
        text run at (10,126) width 382: "rhoncus, condimentum ut, tortor. Integer est. Quisque viverra."
        text run at (10,141) width 312: "Praesent sed arcu. Maecenas id lorem a leo lobortis"
        text run at (10,155) width 87: "condimentum."
      RenderBR {BR} at (96,155) size 1x16
      RenderBR {BR} at (10,170) size 0x16
      RenderText {#text} at (10,185) size 398x132
        text run at (10,185) width 357: "Cras commodo rutrum augue. Vivamus iaculis. Nullam est."
        text run at (10,199) width 387: "Maecenas consequat. Sed id dui. Vivamus a nisl. Donec pretium"
        text run at (10,214) width 375: "sapien. Proin et ligula et ligula placerat pulvinar. Aliquam erat"
        text run at (10,228) width 378: "volutpat. Proin id est. Suspendisse cursus, magna at hendrerit"
        text run at (10,243) width 389: "consequat, mauris est imperdiet neque, a ultrices arcu urna non"
        text run at (10,257) width 398: "nunc. Quisque tellus. Nulla nulla justo, vehicula nec, pellentesque"
        text run at (10,272) width 386: "eu, iaculis et, ligula. Praesent mattis ante vel sem. Suspendisse"
        text run at (10,287) width 372: "porta rhoncus urna. Phasellus felis. Praesent viverra convallis"
        text run at (10,301) width 368: "libero. Maecenas non augue. Donec hendrerit lectus id enim."
      RenderBR {BR} at (377,301) size 1x16
      RenderBR {BR} at (10,316) size 0x15
      RenderText {#text} at (10,330) size 397x103
        text run at (10,330) width 397: "Nulla ligula dui, euismod et, sodales quis, sollicitudin quis, elit. In"
        text run at (10,345) width 368: "adipiscing est sed enim. Fusce at massa vitae metus semper"
        text run at (10,360) width 365: "hendrerit. Integer vitae urna. Nulla eget ligula. Etiam libero."
        text run at (10,374) width 371: "Maecenas nisi nibh, convallis a, feugiat vitae, pulvinar et, mi."
        text run at (10,389) width 381: "Curabitur arcu pede, adipiscing sed, egestas nec, commodo in,"
        text run at (10,403) width 386: "elit. Nulla facilisi. Proin varius pede et dui lacinia dapibus. Morbi"
        text run at (10,418) width 258: "nec augue. Proin imperdiet lacus eu tellus."
layer at (28,448) size 125x100 clip at (29,449) size 110x85 scrollWidth 420 scrollHeight 443
  RenderBlock {DIV} at (20,440) size 125x100 [color=#DCDCDC] [bgcolor=#718D93] [border: (1px solid #D3D3D3)]
    RenderBlock {DIV} at (1,1) size 420x443
      RenderText {#text} at (10,10) size 398x161
        text run at (10,10) width 397: "Lorem ipsum dolor sit amet, consectetuer adipiscing elit. Morbi et"
        text run at (10,24) width 364: "nisi ut est venenatis viverra. Aenean pede orci, blandit quis,"
        text run at (10,39) width 398: "faucibus quis, egestas ut, mi. Pellentesque enim purus, venenatis"
        text run at (10,53) width 371: "dignissim, tincidunt a, ullamcorper eget, nibh. Nullam ut sem"
        text run at (10,68) width 348: "adipiscing orci vehicula interdum. Proin a enim. Phasellus"
        text run at (10,82) width 381: "sollicitudin, magna vitae vestibulum facilisis, tellus nunc iaculis"
        text run at (10,97) width 380: "arcu, in molestie sem velit tempus est. In eleifend velit at sem"
        text run at (10,112) width 350: "adipiscing sodales. Nunc sapien felis, aliquam et, volutpat"
        text run at (10,126) width 382: "rhoncus, condimentum ut, tortor. Integer est. Quisque viverra."
        text run at (10,141) width 312: "Praesent sed arcu. Maecenas id lorem a leo lobortis"
        text run at (10,155) width 87: "condimentum."
      RenderBR {BR} at (96,155) size 1x16
      RenderBR {BR} at (10,170) size 0x16
      RenderText {#text} at (10,185) size 398x132
        text run at (10,185) width 357: "Cras commodo rutrum augue. Vivamus iaculis. Nullam est."
        text run at (10,199) width 387: "Maecenas consequat. Sed id dui. Vivamus a nisl. Donec pretium"
        text run at (10,214) width 375: "sapien. Proin et ligula et ligula placerat pulvinar. Aliquam erat"
        text run at (10,228) width 378: "volutpat. Proin id est. Suspendisse cursus, magna at hendrerit"
        text run at (10,243) width 389: "consequat, mauris est imperdiet neque, a ultrices arcu urna non"
        text run at (10,257) width 398: "nunc. Quisque tellus. Nulla nulla justo, vehicula nec, pellentesque"
        text run at (10,272) width 386: "eu, iaculis et, ligula. Praesent mattis ante vel sem. Suspendisse"
        text run at (10,287) width 372: "porta rhoncus urna. Phasellus felis. Praesent viverra convallis"
        text run at (10,301) width 368: "libero. Maecenas non augue. Donec hendrerit lectus id enim."
      RenderBR {BR} at (377,301) size 1x16
      RenderBR {BR} at (10,316) size 0x15
      RenderText {#text} at (10,330) size 397x103
        text run at (10,330) width 397: "Nulla ligula dui, euismod et, sodales quis, sollicitudin quis, elit. In"
        text run at (10,345) width 368: "adipiscing est sed enim. Fusce at massa vitae metus semper"
        text run at (10,360) width 365: "hendrerit. Integer vitae urna. Nulla eget ligula. Etiam libero."
        text run at (10,374) width 371: "Maecenas nisi nibh, convallis a, feugiat vitae, pulvinar et, mi."
        text run at (10,389) width 381: "Curabitur arcu pede, adipiscing sed, egestas nec, commodo in,"
        text run at (10,403) width 386: "elit. Nulla facilisi. Proin varius pede et dui lacinia dapibus. Morbi"
        text run at (10,418) width 258: "nec augue. Proin imperdiet lacus eu tellus."
layer at (197,448) size 125x100 clip at (198,449) size 110x85 scrollWidth 420 scrollHeight 443
  RenderBlock {DIV} at (189,440) size 125x100 [color=#DCDCDC] [bgcolor=#718D93] [border: (1px solid #D3D3D3)]
    RenderBlock {DIV} at (1,1) size 420x443
      RenderText {#text} at (10,10) size 398x161
        text run at (10,10) width 397: "Lorem ipsum dolor sit amet, consectetuer adipiscing elit. Morbi et"
        text run at (10,24) width 364: "nisi ut est venenatis viverra. Aenean pede orci, blandit quis,"
        text run at (10,39) width 398: "faucibus quis, egestas ut, mi. Pellentesque enim purus, venenatis"
        text run at (10,53) width 371: "dignissim, tincidunt a, ullamcorper eget, nibh. Nullam ut sem"
        text run at (10,68) width 348: "adipiscing orci vehicula interdum. Proin a enim. Phasellus"
        text run at (10,82) width 381: "sollicitudin, magna vitae vestibulum facilisis, tellus nunc iaculis"
        text run at (10,97) width 380: "arcu, in molestie sem velit tempus est. In eleifend velit at sem"
        text run at (10,112) width 350: "adipiscing sodales. Nunc sapien felis, aliquam et, volutpat"
        text run at (10,126) width 382: "rhoncus, condimentum ut, tortor. Integer est. Quisque viverra."
        text run at (10,141) width 312: "Praesent sed arcu. Maecenas id lorem a leo lobortis"
        text run at (10,155) width 87: "condimentum."
      RenderBR {BR} at (96,155) size 1x16
      RenderBR {BR} at (10,170) size 0x16
      RenderText {#text} at (10,185) size 398x132
        text run at (10,185) width 357: "Cras commodo rutrum augue. Vivamus iaculis. Nullam est."
        text run at (10,199) width 387: "Maecenas consequat. Sed id dui. Vivamus a nisl. Donec pretium"
        text run at (10,214) width 375: "sapien. Proin et ligula et ligula placerat pulvinar. Aliquam erat"
        text run at (10,228) width 378: "volutpat. Proin id est. Suspendisse cursus, magna at hendrerit"
        text run at (10,243) width 389: "consequat, mauris est imperdiet neque, a ultrices arcu urna non"
        text run at (10,257) width 398: "nunc. Quisque tellus. Nulla nulla justo, vehicula nec, pellentesque"
        text run at (10,272) width 386: "eu, iaculis et, ligula. Praesent mattis ante vel sem. Suspendisse"
        text run at (10,287) width 372: "porta rhoncus urna. Phasellus felis. Praesent viverra convallis"
        text run at (10,301) width 368: "libero. Maecenas non augue. Donec hendrerit lectus id enim."
      RenderBR {BR} at (377,301) size 1x16
      RenderBR {BR} at (10,316) size 0x15
      RenderText {#text} at (10,330) size 397x103
        text run at (10,330) width 397: "Nulla ligula dui, euismod et, sodales quis, sollicitudin quis, elit. In"
        text run at (10,345) width 368: "adipiscing est sed enim. Fusce at massa vitae metus semper"
        text run at (10,360) width 365: "hendrerit. Integer vitae urna. Nulla eget ligula. Etiam libero."
        text run at (10,374) width 371: "Maecenas nisi nibh, convallis a, feugiat vitae, pulvinar et, mi."
        text run at (10,389) width 381: "Curabitur arcu pede, adipiscing sed, egestas nec, commodo in,"
        text run at (10,403) width 386: "elit. Nulla facilisi. Proin varius pede et dui lacinia dapibus. Morbi"
        text run at (10,418) width 258: "nec augue. Proin imperdiet lacus eu tellus."
layer at (366,448) size 125x100 clip at (367,449) size 110x85 scrollWidth 420 scrollHeight 443
  RenderBlock {DIV} at (358,440) size 125x100 [color=#DCDCDC] [bgcolor=#718D93] [border: (1px solid #D3D3D3)]
    RenderBlock {DIV} at (1,1) size 420x443
      RenderText {#text} at (10,10) size 398x161
        text run at (10,10) width 397: "Lorem ipsum dolor sit amet, consectetuer adipiscing elit. Morbi et"
        text run at (10,24) width 364: "nisi ut est venenatis viverra. Aenean pede orci, blandit quis,"
        text run at (10,39) width 398: "faucibus quis, egestas ut, mi. Pellentesque enim purus, venenatis"
        text run at (10,53) width 371: "dignissim, tincidunt a, ullamcorper eget, nibh. Nullam ut sem"
        text run at (10,68) width 348: "adipiscing orci vehicula interdum. Proin a enim. Phasellus"
        text run at (10,82) width 381: "sollicitudin, magna vitae vestibulum facilisis, tellus nunc iaculis"
        text run at (10,97) width 380: "arcu, in molestie sem velit tempus est. In eleifend velit at sem"
        text run at (10,112) width 350: "adipiscing sodales. Nunc sapien felis, aliquam et, volutpat"
        text run at (10,126) width 382: "rhoncus, condimentum ut, tortor. Integer est. Quisque viverra."
        text run at (10,141) width 312: "Praesent sed arcu. Maecenas id lorem a leo lobortis"
        text run at (10,155) width 87: "condimentum."
      RenderBR {BR} at (96,155) size 1x16
      RenderBR {BR} at (10,170) size 0x16
      RenderText {#text} at (10,185) size 398x132
        text run at (10,185) width 357: "Cras commodo rutrum augue. Vivamus iaculis. Nullam est."
        text run at (10,199) width 387: "Maecenas consequat. Sed id dui. Vivamus a nisl. Donec pretium"
        text run at (10,214) width 375: "sapien. Proin et ligula et ligula placerat pulvinar. Aliquam erat"
        text run at (10,228) width 378: "volutpat. Proin id est. Suspendisse cursus, magna at hendrerit"
        text run at (10,243) width 389: "consequat, mauris est imperdiet neque, a ultrices arcu urna non"
        text run at (10,257) width 398: "nunc. Quisque tellus. Nulla nulla justo, vehicula nec, pellentesque"
        text run at (10,272) width 386: "eu, iaculis et, ligula. Praesent mattis ante vel sem. Suspendisse"
        text run at (10,287) width 372: "porta rhoncus urna. Phasellus felis. Praesent viverra convallis"
        text run at (10,301) width 368: "libero. Maecenas non augue. Donec hendrerit lectus id enim."
      RenderBR {BR} at (377,301) size 1x16
      RenderBR {BR} at (10,316) size 0x15
      RenderText {#text} at (10,330) size 397x103
        text run at (10,330) width 397: "Nulla ligula dui, euismod et, sodales quis, sollicitudin quis, elit. In"
        text run at (10,345) width 368: "adipiscing est sed enim. Fusce at massa vitae metus semper"
        text run at (10,360) width 365: "hendrerit. Integer vitae urna. Nulla eget ligula. Etiam libero."
        text run at (10,374) width 371: "Maecenas nisi nibh, convallis a, feugiat vitae, pulvinar et, mi."
        text run at (10,389) width 381: "Curabitur arcu pede, adipiscing sed, egestas nec, commodo in,"
        text run at (10,403) width 386: "elit. Nulla facilisi. Proin varius pede et dui lacinia dapibus. Morbi"
        text run at (10,418) width 258: "nec augue. Proin imperdiet lacus eu tellus."
