layer at (0,0) size 800x600
  RenderView at (0,0) size 800x600
layer at (0,0) size 800x290
  RenderBlock {HTML} at (0,0) size 800x290
    RenderBody {BODY} at (8,16) size 784x242
      RenderBlock {P} at (0,0) size 784x18
        RenderText {#text} at (0,0) size 512x17
          text run at (0,0) width 497: "The following two blocks should be identical, including overflow. (Force bidi: "
          text run at (496,0) width 11 RTL: "\x{5D0}"
          text run at (506,0) width 6: ")"
      RenderBlock {DIV} at (32,50) size 720x80 [color=#FFFF00] [bgcolor=#000000]
        RenderTable at (24,24) size 261x32
          RenderTableSection (anonymous) at (0,0) size 261x32
            RenderTableRow {P} at (0,0) size 261x32
              RenderTableCell (anonymous) at (0,0) size 261x32 [r=0 c=0 rs=1 cs=1]
                RenderInline {SPAN} at (0,-1) size 14x35
                  RenderText {#text} at (0,-1) size 14x36
                    text run at (0,-1) width 14: "a"
                RenderInline {SPAN} at (30,-8) size 19x49 [color=#FF00FF] [border: (3px solid #FF00FF) none (3px solid #FF00FF)]
                  RenderText {#text} at (33,-1) size 16x36
                    text run at (33,-1) width 16: "b"
                RenderInline {SPAN} at (65,-8) size 17x49 [color=#00FFFF] [border: (3px solid #00FFFF) none (3px solid #00FFFF)]
                  RenderText {#text} at (68,-1) size 14x36
                    text run at (68,-1) width 14: "c"
                RenderInline {SPAN} at (82,-8) size 16x49 [color=#FF00FF] [border: (3px solid #FF00FF) none (3px solid #FF00FF) none]
                  RenderText {#text} at (82,-1) size 16x36
                    text run at (82,-1) width 16: "d"
                RenderInline {SPAN} at (98,-8) size 14x49 [color=#00FFFF] [border: (3px solid #00FFFF) none (3px solid #00FFFF) none]
                  RenderText {#text} at (98,-1) size 14x36
                    text run at (98,-1) width 14: "e"
                RenderInline {SPAN} at (112,-1) size 11x35
                  RenderText {#text} at (112,-1) size 11x36
                    text run at (112,-1) width 11: "f"
                RenderInline {SPAN} at (123,-1) size 16x35
                  RenderText {#text} at (123,-1) size 16x36
                    text run at (123,-1) width 16: "g"
                RenderInline {SPAN} at (139,-1) size 16x35
                  RenderText {#text} at (139,-1) size 16x36
                    text run at (139,-1) width 16: "h"
                RenderInline {SPAN} at (155,-8) size 9x49 [color=#FF00FF] [border: (3px solid #FF00FF) none (3px solid #FF00FF) none]
                  RenderText {#text} at (155,-1) size 9x36
                    text run at (155,-1) width 9: "i"
                RenderInline {SPAN} at (164,-8) size 12x49 [color=#00FFFF] [border: (3px solid #00FFFF) none]
                  RenderText {#text} at (164,-1) size 9x36
                    text run at (164,-1) width 9: "j"
                RenderInline {SPAN} at (192,-8) size 19x49 [color=#FF00FF] [border: (3px solid #FF00FF) none]
                  RenderText {#text} at (192,-1) size 16x36
                    text run at (192,-1) width 16: "k"
                RenderInline {SPAN} at (227,-1) size 9x35
                  RenderText {#text} at (227,-1) size 9x36
                    text run at (227,-1) width 9: "l"
                RenderInline {SPAN} at (236,-1) size 25x35
                  RenderText {#text} at (236,-1) size 25x36
                    text run at (236,-1) width 25: "m"
      RenderBlock {DIV} at (32,162) size 720x80 [color=#FFFF00] [bgcolor=#000000]
        RenderTable at (24,24) size 261x32
          RenderTableSection (anonymous) at (0,0) size 261x32
            RenderTableRow {P} at (0,0) size 261x32
              RenderTableCell (anonymous) at (0,0) size 261x32 [r=0 c=0 rs=1 cs=1]
                RenderText {#text} at (0,-1) size 236x36
                  text run at (0,-1) width 14: "a"
                  text run at (49,-1) width 0: "\x{202D}"
                  text run at (227,-1) width 9 RTL: "\x{202E}l"
                RenderInline {SPAN} at (65,-8) size 111x49 [color=#00FFFF] [border: (3px solid #00FFFF)]
                  RenderText {#text} at (68,-1) size 105x36
                    text run at (68,-1) width 14: "c"
                    text run at (98,-1) width 14: "\x{202D}e"
                    text run at (155,-1) width 0 RTL: "\x{202E}"
                    text run at (164,-1) width 9 RTL: "\x{202E}j"
                RenderText {#text} at (112,-1) size 43x36
                  text run at (112,-1) width 11 RTL: "\x{202C}f"
                  text run at (123,-1) width 16: "\x{202D}g"
                  text run at (139,-1) width 16 RTL: "h"
                RenderInline {SPAN} at (30,-8) size 181x49 [color=#FF00FF] [border: (3px solid #FF00FF)]
                  RenderText {#text} at (33,-1) size 175x36
                    text run at (33,-1) width 16 RTL: "\x{202C}b"
                    text run at (82,-1) width 16 RTL: "\x{202C}d"
                    text run at (155,-1) width 9: "\x{202C}i"
                    text run at (192,-1) width 16: "\x{202C}k"
                RenderText {#text} at (236,-1) size 25x36
                  text run at (236,-1) width 25: "\x{202C}m"
