layer at (0,0) size 800x600
  RenderView at (0,0) size 800x600
layer at (0,0) size 800x600
  RenderBlock {HTML} at (0,0) size 800x600
    RenderBody {BODY} at (8,8) size 784x584
      RenderBlock {DIV} at (0,0) size 784x132
        RenderBlock {SPAN} at (4,4) size 120x120 [border: (40px ridge #FF0000)]
        RenderText {#text} at (128,114) size 4x17
          text run at (128,114) width 4: " "
        RenderBlock {SPAN} at (136,4) size 120x120 [border: (40px ridge #FF0000)]
        RenderText {#text} at (260,114) size 4x17
          text run at (260,114) width 4: " "
        RenderBlock {SPAN} at (268,4) size 120x120 [border: (40px ridge #FF0000)]
        RenderText {#text} at (392,114) size 4x17
          text run at (392,114) width 4: " "
        RenderBlock {SPAN} at (400,4) size 120x120 [border: (40px ridge #FF0000)]
        RenderText {#text} at (524,114) size 4x17
          text run at (524,114) width 4: " "
        RenderBlock {SPAN} at (532,4) size 120x120 [border: (40px ridge #FF0000)]
        RenderText {#text} at (0,0) size 0x0
      RenderBlock {DIV} at (0,132) size 784x132
        RenderBlock {SPAN} at (4,4) size 120x120 [border: (40px outset #FF0000)]
        RenderText {#text} at (128,114) size 4x17
          text run at (128,114) width 4: " "
        RenderBlock {SPAN} at (136,4) size 120x120 [border: (40px outset #FF0000)]
        RenderText {#text} at (260,114) size 4x17
          text run at (260,114) width 4: " "
        RenderBlock {SPAN} at (268,4) size 120x120 [border: (40px outset #FF0000)]
        RenderText {#text} at (392,114) size 4x17
          text run at (392,114) width 4: " "
        RenderBlock {SPAN} at (400,4) size 120x120 [border: (40px outset #FF0000)]
        RenderText {#text} at (524,114) size 4x17
          text run at (524,114) width 4: " "
        RenderBlock {SPAN} at (532,4) size 120x120 [border: (40px outset #FF0000)]
        RenderText {#text} at (0,0) size 0x0
