layer at (0,0) size 809x706
  RenderView at (0,0) size 785x585
layer at (0,0) size 785x585
  RenderBlock {HTML} at (0,0) size 785x585
layer at (8,8) size 769x569
  RenderBody {BODY} at (8,8) size 769x569
    RenderBlock {DIV} at (10,10) size 126x126 [border: (21px solid #000000) (30px solid #000000) (21px solid #000000)]
    RenderText {#text} at (146,132) size 4x17
      text run at (146,132) width 4: " "
    RenderBlock {DIV} at (160,10) size 126x126 [border: (21px solid #000000) (30px solid #000000) (21px solid #000000)]
    RenderBR {BR} at (296,132) size 0x17
    RenderBlock {DIV} at (10,160) size 126x126 [border: (21px solid #000000) (30px solid #000000) (21px solid #000000)]
    RenderText {#text} at (146,282) size 4x17
      text run at (146,282) width 4: " "
    RenderBlock {DIV} at (160,160) size 126x126 [border: (21px solid #000000) (30px solid #000000) (21px solid #000000)]
    RenderText {#text} at (0,0) size 0x0
