layer at (0,0) size 800x600
  RenderView at (0,0) size 800x600
layer at (0,0) size 800x600
  RenderBlock {HTML} at (0,0) size 800x600
    RenderBody {BODY} at (8,8) size 784x582
      RenderBlock {P} at (0,0) size 784x36
        RenderText {#text} at (0,0) size 83x17
          text run at (0,0) width 83: "Pixel test for "
        RenderInline {I} at (0,0) size 560x35
          RenderInline {A} at (0,0) size 301x17 [color=#0000EE]
            RenderText {#text} at (83,0) size 301x17
              text run at (83,0) width 301: "http://bugs.webkit.org/show_bug.cgi?id=12043"
          RenderText {#text} at (383,0) size 560x35
            text run at (383,0) width 5: " "
            text run at (387,0) width 173: "Another assertion failure in"
            text run at (0,18) width 244: "WebCore::RenderObject::drawBorder"
        RenderText {#text} at (243,18) size 5x17
          text run at (243,18) width 5: "."
      RenderBlock {P} at (0,52) size 784x18
        RenderText {#text} at (0,0) size 303x17
          text run at (0,0) width 303: "There should be three squres and a circle below."
      RenderBlock {DIV} at (0,86) size 56x56 [bgcolor=#C0C0C0] [border: (3px solid #000000)]
      RenderBlock {DIV} at (0,152) size 56x56 [bgcolor=#C0C0C0] [border: (3px solid #000000)]
      RenderBlock {DIV} at (0,218) size 56x56 [bgcolor=#C0C0C0] [border: (3px solid #000000)]
      RenderBlock {DIV} at (0,284) size 56x56 [bgcolor=#C0C0C0] [border: (3px solid #000000)]
