layer at (0,0) size 800x600
  RenderView at (0,0) size 800x600
layer at (0,0) size 800x600
  RenderBlock {HTML} at (0,0) size 800x600
    RenderBody {BODY} at (8,8) size 784x584
      RenderBlock {DIV} at (0,0) size 350x584
        RenderInline {SPAN} at (0,0) size 228x37 [border: (21px solid #000000) (30px solid #000000) (21px solid #000000)]
          RenderText {#text} at (86,46) size 27x7
            text run at (86,46) width 7: " "
          RenderBR {BR} at (86,52) size 27x1
          RenderText {#text} at (236,25) size 27x7
            text run at (236,25) width 7: " "
