layer at (0,0) size 785x1848
  RenderView at (0,0) size 785x600
layer at (0,0) size 785x1848
  RenderBlock {HTML} at (0,0) size 785x1848
    RenderBody {BODY} at (8,8) size 769x1832
      RenderText {#text} at (0,0) size 0x0
layer at (8,8) size 611x1824
  RenderInline {SPAN} at (0,0) size 611x1824 [bgcolor=#800000]
    RenderText {#text} at (0,4) size 611x1824
      text run at (0,4) width 356: "This"
      text run at (0,233) width 589: "content"
      text run at (0,462) width 534: "should"
      text run at (0,691) width 189: "be"
      text run at (0,920) width 611: "masked"
      text run at (0,1149) width 495: "with a"
      text run at (0,1378) width 300: "soft"
      text run at (0,1607) width 438: "glow."
