layer at (0,0) size 800x600
  RenderView at (0,0) size 800x600
layer at (0,0) size 800x490
  RenderBlock {HTML} at (0,0) size 800x490
    RenderBody {BODY} at (8,8) size 784x474
      RenderBlock {DIV} at (10,10) size 150x150 [border: (50px solid #00000080)]
      RenderText {#text} at (170,156) size 4x17
        text run at (170,156) width 4: " "
      RenderBlock {DIV} at (184,10) size 150x150 [border: (50px solid #00000080)]
      RenderText {#text} at (344,156) size 4x17
        text run at (344,156) width 4: " "
      RenderBlock {DIV} at (358,10) size 150x150 [border: (50px solid #00000080) (50px double #00000080) (50px solid #00000080)]
      RenderText {#text} at (518,156) size 4x17
        text run at (518,156) width 4: " "
      RenderBlock {DIV} at (532,10) size 150x150 [border: (50px solid #00000080) none (50px solid #00000080)]
      RenderBR {BR} at (692,156) size 0x17
      RenderBlock {DIV} at (10,184) size 150x150 [border: (50px solid #00000080) (50px solid #00000000) (50px solid #00000080)]
      RenderText {#text} at (170,330) size 4x17
        text run at (170,330) width 4: " "
      RenderBlock {DIV} at (184,184) size 150x150 [border: (50px solid #00000080) (50px solid #00000000) (50px solid #00000080)]
      RenderText {#text} at (344,330) size 4x17
        text run at (344,330) width 4: " "
      RenderBlock {DIV} at (358,184) size 150x150 [border: (50px solid #00000080) none (50px solid #00000000) (50px solid #00000080)]
      RenderText {#text} at (518,330) size 4x17
        text run at (518,330) width 4: " "
      RenderBlock {DIV} at (532,184) size 150x150 [border: (50px solid #00000080) none (50px solid #00000080)]
      RenderBR {BR} at (692,330) size 0x17
      RenderBlock {DIV} at (10,358) size 150x102 [border: (50px solid #00000080)]
      RenderText {#text} at (170,456) size 4x17
        text run at (170,456) width 4: " "
      RenderBlock {DIV} at (184,358) size 150x102 [border: (50px solid #00000080) (50px double #00000080) (50px solid #00000080)]
      RenderText {#text} at (344,456) size 4x17
        text run at (344,456) width 4: " "
      RenderBlock {DIV} at (358,358) size 150x102 [border: (50px solid #00000080) none (50px solid #00000000) (50px solid #00000080)]
      RenderText {#text} at (518,456) size 4x17
        text run at (518,456) width 4: " "
      RenderBlock {DIV} at (532,358) size 150x102 [border: (50px solid #00000080)]
      RenderText {#text} at (0,0) size 0x0
