layer at (0,0) size 800x600
  RenderView at (0,0) size 800x600
layer at (0,0) size 800x460
  RenderBlock {HTML} at (0,0) size 800x460
    RenderBody {BODY} at (8,8) size 784x444
      RenderBlock {DIV} at (0,0) size 784x444 [border: (1px solid #000000)]
        RenderBlock {P} at (6,22) size 772x128
          RenderText {#text} at (213,7) size 559x17
            text run at (213,7) width 95 RTL: "\x{5D1}\x{5D7}\x{5D5}\x{5E5} \x{5D4}\x{5D9}\x{5D4} \x{5E7}\x{5D5}\x{5E8} "
            text run at (307,7) width 228 RTL: "\x{5DE}\x{5D4}\x{5DC}\x{5DA} \x{5D4}\x{5D9}\x{5D9}\x{5EA}\x{5D9} \x{5D1}\x{5E9}\x{5E2}\x{5EA} \x{5E2}\x{5E8}\x{5D1}\x{5D9}\x{5EA} \x{5D1}\x{5E8}\x{5D7}\x{5D5}\x{5D1}. "
            text run at (534,7) width 238 RTL: "\x{5DC}\x{5DE}\x{5D4} \x{5E2}\x{5E9}\x{5D9}\x{5EA}\x{5D9} \x{5D6}\x{5D0}\x{5EA} \x{2013} \x{5D0}\x{5D9}\x{5E0}\x{5D9} \x{5D9}\x{5D5}\x{5D3}\x{5E2} \x{5D1}\x{5E2}\x{5E6}\x{5DE}\x{5D9}. "
          RenderInline {SPAN} at (0,0) size 768x83 [border: (1px solid #0000FF) (10px solid #FFA500) (1px solid #0000FF) (10px solid #008000)]
            RenderText {#text} at (4,7) size 768x81
              text run at (4,7) width 165 RTL: "\x{5D5}\x{5D8}\x{5D7}\x{5D1}, \x{5D2}\x{5E9}\x{5DD} \x{5E9}\x{5DC} \x{5D1}\x{5E6}\x{5D9}\x{5E8} \x{5D3}\x{5E7},"
              text run at (15,39) width 757 RTL: "\x{5E7}\x{5E8}, \x{5E2}\x{5D2}\x{5D5}\x{5DD} \x{5D5}\x{5DE}\x{5DE}\x{5D5}\x{5E9}\x{5DA} \x{5D4}\x{5E1}\x{5EA}\x{5E0}\x{5DF} \x{5D1}\x{5DC}\x{5D9} \x{5D4}\x{5E4}\x{5E1}\x{5E7} \x{5DE}\x{5DC}\x{5DE}\x{5E2}\x{5DC}\x{5D4}, \x{5DB}\x{5DE}\x{5D5} \x{5DE}\x{5EA}\x{5D5}\x{5DA} \x{5E0}\x{5E4}\x{5D4} \x{5D3}\x{5E7}\x{5D4}, \x{5D5}\x{5DE}\x{5DC}\x{5DE}\x{5D8}\x{5D4} \x{5D4}\x{5EA}\x{5D1}\x{5D5}\x{5E1}\x{5E1} \x{5E8}\x{5E4}\x{5E9} \x{5D3}\x{5E7} \x{5DC}\x{5DB}\x{5DC} \x{5DE}\x{5D3}\x{5E8}\x{5DA} \x{5DB}\x{5E3} \x{5E8}\x{5D2}\x{5DC}..."
              text run at (485,71) width 287 RTL: "\x{5DC}\x{5E9}\x{5D4}\x{5D5}\x{5EA} \x{5D9}\x{5D5}\x{5EA}\x{5E8} \x{5D1}\x{5D7}\x{5D5}\x{5E5} \x{5DC}\x{5D0} \x{5D4}\x{5D9}\x{5D4} \x{5E0}\x{5E2}\x{5D9}\x{5DD} \x{5DB}\x{5DC}\x{5DC}, \x{5D5}\x{5D1}\x{5D1}\x{5D9}\x{5EA} "
          RenderText {#text} at (1,71) size 771x49
            text run at (1,71) width 440 RTL: "\x{5D4}\x{5D9}\x{5D5} \x{5E6}\x{5E4}\x{5D5}\x{5D9}\x{5D9}\x{5DD} \x{5DC}\x{5D9} \x{5D0}\x{5E8}\x{5D1}\x{5E2}\x{5EA} \x{5DB}\x{5EA}\x{5DC}\x{5D9} \x{5D7}\x{5D3}\x{5E8}\x{5D9} \x{5D4}\x{5E7}\x{5D5}\x{5D3}\x{5E8}\x{5D9}\x{5DD} \x{5D5}\x{5D4}\x{5D0}\x{5DC}\x{5DE}\x{5D9}\x{5DD} \x{5D9}\x{5D7}\x{5D3} \x{5E2}\x{5DD} \x{5D1}\x{5D3}\x{5D9}\x{5D3}\x{5D5}\x{5EA}"
            text run at (682,103) width 90 RTL: "\x{5DB}\x{5D1}\x{5D3}\x{5D4} \x{5D5}\x{5DE}\x{5E2}\x{5D9}\x{5E7}\x{5D4}"
        RenderBlock {P} at (6,166) size 772x256
          RenderText {#text} at (20,7) size 752x49
            text run at (20,7) width 752: "Lorem ipsum dolor sit amet, consectetur adipisicing elit, sed do eiusmod tempor incididunt ut"
            text run at (35,39) width 737: "labore et dolore magna aliqua. Ut enim ad minim veniam, quis nostrud exercitation ullamco"
          RenderInline {SPAN} at (0,0) size 771x83 [border: (1px solid #0000FF) (10px solid #FFA500) (1px solid #0000FF) (10px solid #008000)]
            RenderText {#text} at (10,71) size 762x81
              text run at (10,71) width 717: "laboris nisi ut aliquip ex ea commodo consequat. Duis aute irure dolor in reprehenderit in"
              text run at (35,103) width 737: "voluptate velit esse cillum dolore eu fugiat nulla pariatur. Excepteur sint occaecat cupidatat"
              text run at (21,135) width 751: "non proident, sunt in culpa qui officia deserunt mollit anim id est laborum. Lorem ipsum dolor"
          RenderText {#text} at (43,167) size 729x81
            text run at (43,167) width 729: "sit amet, consectetur adipisicing elit, sed do eiusmod tempor incididunt ut labore et dolore"
            text run at (54,199) width 718: "magna aliqua. Ut enim ad minim veniam, quis nostrud exercitation ullamco laboris nisi ut"
            text run at (713,231) width 6 RTL: "."
            text run at (718,231) width 54: "aliquip"
