layer at (0,0) size 785x1395
  RenderView at (0,0) size 785x600
layer at (0,0) size 785x1395
  RenderBlock {HTML} at (0,0) size 785x1395
    RenderBody {BODY} at (8,8) size 769x1379 [bgcolor=#CCCCCC]
      RenderBlock {P} at (0,0) size 769x20
        RenderText {#text} at (0,0) size 337x19
          text run at (0,0) width 337: "The style declarations which apply to the text below are:"
      RenderBlock {PRE} at (0,36) size 769x144
        RenderText {#text} at (0,0) size 272x144
          text run at (0,0) width 272: ".one {border: medium black solid;}"
          text run at (272,0) width 0: " "
          text run at (0,16) width 264: ".two {border: thin maroon ridge;}"
          text run at (264,16) width 0: " "
          text run at (0,32) width 272: ".three {border: 10px teal outset;}"
          text run at (272,32) width 0: " "
          text run at (0,48) width 264: ".four {border: 10px olive inset;}"
          text run at (264,48) width 0: " "
          text run at (0,64) width 224: ".five {border: 10px maroon;}"
          text run at (224,64) width 0: " "
          text run at (0,80) width 232: ".six {border: maroon double;}"
          text run at (232,80) width 0: " "
          text run at (0,96) width 256: ".seven {border: left red solid;}"
          text run at (256,96) width 0: " "
          text run at (0,112) width 168: ".eight {border: 0px;}"
          text run at (168,112) width 0: " "
          text run at (0,128) width 232: "TD {border: 2px solid green;}"
          text run at (232,128) width 0: " "
      RenderBlock {HR} at (0,193) size 769x2 [border: (1px inset #000000)]
      RenderBlock {P} at (0,211) size 769x40
        RenderText {#text} at (0,0) size 758x39
          text run at (0,0) width 597: "Note that all table cells on this page should have a two-pixel solid green border along all four sides. "
          text run at (597,0) width 161: "This border applies only to"
          text run at (0,20) width 254: "the cells, not the rows which contain them."
      RenderBlock {P} at (0,267) size 769x26 [border: (3px solid #000000)]
        RenderText {#text} at (3,3) size 459x19
          text run at (3,3) width 459: "This paragraph should have a medium black solid border all the way around."
      RenderBlock {P} at (0,309) size 769x22 [border: (1px ridge #800000)]
        RenderText {#text} at (1,1) size 456x19
          text run at (1,1) width 456: "This paragraph should have a thin maroon ridged border all the way around."
      RenderBlock {P} at (0,347) size 769x40 [border: (10px outset #008080)]
        RenderText {#text} at (10,10) size 495x19
          text run at (10,10) width 495: "This paragraph should have a ten-pixel-wide teal outset border all the way around."
      RenderBlock {P} at (0,403) size 769x40 [border: (10px inset #808000)]
        RenderText {#text} at (10,10) size 493x19
          text run at (10,10) width 493: "This paragraph should have a ten-pixel-wide olive inset border all the way around."
      RenderBlock {P} at (0,459) size 769x20
        RenderText {#text} at (0,0) size 333x19
          text run at (0,0) width 333: "This paragraph should have no border around it, as the "
        RenderInline {TT} at (0,0) size 96x16
          RenderText {#text} at (333,3) size 96x16
            text run at (333,3) width 96: "border-style"
        RenderText {#text} at (429,0) size 307x19
          text run at (429,0) width 307: " was not set, and it should not be offset in any way."
      RenderBlock {P} at (0,495) size 769x26 [border: (3px double #800000)]
        RenderText {#text} at (3,3) size 508x19
          text run at (3,3) width 508: "This paragraph should have a medium maroon double border around it, even though "
        RenderInline {CODE} at (0,0) size 96x16
          RenderText {#text} at (511,6) size 96x16
            text run at (511,6) width 96: "border-width"
        RenderText {#text} at (607,3) size 132x19
          text run at (607,3) width 132: " was not explicitly set."
      RenderBlock {P} at (0,537) size 769x20
        RenderText {#text} at (0,0) size 590x19
          text run at (0,0) width 590: "This paragraph should have no border around it, as its declaration is invalid and should be ignored."
      RenderBlock {P} at (0,573) size 769x20
        RenderInline {A} at (0,0) size 23x19
          RenderText {#text} at (0,0) size 23x19
            text run at (0,0) width 23: "The"
        RenderText {#text} at (23,0) size 677x19
          text run at (23,0) width 677: " following image is also an anchor which points to a target on this page, but it should not have a border around it: "
        RenderInline {A} at (0,0) size 15x19 [color=#0000FF]
          RenderImage {IMG} at (700,0) size 15x15
        RenderText {#text} at (715,0) size 4x19
          text run at (715,0) width 4: "."
      RenderTable {TABLE} at (0,609) size 769x121 [border: (1px outset #808080)]
        RenderTableSection {TBODY} at (1,1) size 767x119
          RenderTableRow {TR} at (0,5) size 767x46
            RenderTableCell {TD} at (5,5) size 758x46 [border: (2px solid #008000)] [r=0 c=0 rs=1 cs=2]
              RenderText {#text} at (3,3) size 746x39
                text run at (3,3) width 384: "Every cell in this table should have a 2-pixel solid green border. "
                text run at (387,3) width 362: "This is also true of the table-testing section in the second half"
                text run at (3,23) width 96: "of the test page."
          RenderTableRow {TR} at (0,56) size 767x58
            RenderTableCell {TD} at (5,72) size 193x26 [border: (2px solid #008000)] [r=1 c=0 rs=1 cs=1]
              RenderText {#text} at (3,3) size 50x19
                text run at (3,3) width 50: "Cell one"
            RenderTableCell {TD} at (202,56) size 561x58 [border: (2px solid #008000)] [r=1 c=1 rs=1 cs=1]
              RenderBlock (anonymous) at (3,3) size 554x20
                RenderText {#text} at (0,0) size 51x19
                  text run at (0,0) width 51: "Cell two"
              RenderTable {TABLE} at (3,23) size 157x32 [border: (1px outset #808080)]
                RenderTableSection {TBODY} at (1,1) size 155x30
                  RenderTableRow {TR} at (0,2) size 155x26
                    RenderTableCell {TD} at (2,2) size 151x26 [border: (2px solid #008000)] [r=0 c=0 rs=1 cs=1]
                      RenderText {#text} at (3,3) size 145x19
                        text run at (3,3) width 145: "Nested single-cell table!"
      RenderBlock {P} at (0,746) size 769x20
        RenderText {#text} at (0,0) size 163x19
          text run at (0,0) width 163: "This is an unstyled element."
      RenderTable {TABLE} at (0,782) size 769x597 [border: (1px outset #808080)]
        RenderTableSection {TBODY} at (1,1) size 767x595
          RenderTableRow {TR} at (0,0) size 767x30
            RenderTableCell {TD} at (0,0) size 767x30 [bgcolor=#C0C0C0] [border: (2px solid #008000)] [r=0 c=0 rs=1 cs=2]
              RenderInline {STRONG} at (0,0) size 159x19
                RenderText {#text} at (5,5) size 159x19
                  text run at (5,5) width 159: "TABLE Testing Section"
          RenderTableRow {TR} at (0,30) size 767x565
            RenderTableCell {TD} at (0,297) size 14x31 [bgcolor=#C0C0C0] [border: (2px solid #008000)] [r=1 c=0 rs=1 cs=1]
              RenderText {#text} at (5,4) size 4x21
                text run at (5,5) width 4: " "
            RenderTableCell {TD} at (14,30) size 753x565 [border: (2px solid #008000)] [r=1 c=1 rs=1 cs=1]
              RenderBlock {P} at (5,5) size 743x40
                RenderText {#text} at (0,0) size 742x39
                  text run at (0,0) width 597: "Note that all table cells on this page should have a two-pixel solid green border along all four sides. "
                  text run at (597,0) width 145: "This border applies only"
                  text run at (0,20) width 270: "to the cells, not the rows which contain them."
              RenderBlock {P} at (5,61) size 743x26 [border: (3px solid #000000)]
                RenderText {#text} at (3,3) size 459x19
                  text run at (3,3) width 459: "This paragraph should have a medium black solid border all the way around."
              RenderBlock {P} at (5,103) size 743x22 [border: (1px ridge #800000)]
                RenderText {#text} at (1,1) size 456x19
                  text run at (1,1) width 456: "This paragraph should have a thin maroon ridged border all the way around."
              RenderBlock {P} at (5,141) size 743x40 [border: (10px outset #008080)]
                RenderText {#text} at (10,10) size 495x19
                  text run at (10,10) width 495: "This paragraph should have a ten-pixel-wide teal outset border all the way around."
              RenderBlock {P} at (5,197) size 743x40 [border: (10px inset #808000)]
                RenderText {#text} at (10,10) size 493x19
                  text run at (10,10) width 493: "This paragraph should have a ten-pixel-wide olive inset border all the way around."
              RenderBlock {P} at (5,253) size 743x20
                RenderText {#text} at (0,0) size 333x19
                  text run at (0,0) width 333: "This paragraph should have no border around it, as the "
                RenderInline {TT} at (0,0) size 96x16
                  RenderText {#text} at (333,3) size 96x16
                    text run at (333,3) width 96: "border-style"
                RenderText {#text} at (429,0) size 307x19
                  text run at (429,0) width 307: " was not set, and it should not be offset in any way."
              RenderBlock {P} at (5,289) size 743x26 [border: (3px double #800000)]
                RenderText {#text} at (3,3) size 508x19
                  text run at (3,3) width 508: "This paragraph should have a medium maroon double border around it, even though "
                RenderInline {CODE} at (0,0) size 96x16
                  RenderText {#text} at (511,6) size 96x16
                    text run at (511,6) width 96: "border-width"
                RenderText {#text} at (607,3) size 132x19
                  text run at (607,3) width 132: " was not explicitly set."
              RenderBlock {P} at (5,331) size 743x20
                RenderText {#text} at (0,0) size 590x19
                  text run at (0,0) width 590: "This paragraph should have no border around it, as its declaration is invalid and should be ignored."
              RenderBlock {P} at (5,367) size 743x20
                RenderInline {A} at (0,0) size 23x19
                  RenderText {#text} at (0,0) size 23x19
                    text run at (0,0) width 23: "The"
                RenderText {#text} at (23,0) size 677x19
                  text run at (23,0) width 677: " following image is also an anchor which points to a target on this page, but it should not have a border around it: "
                RenderInline {A} at (0,0) size 15x19 [color=#0000FF]
                  RenderImage {IMG} at (700,0) size 15x15
                RenderText {#text} at (715,0) size 4x19
                  text run at (715,0) width 4: "."
              RenderTable {TABLE} at (5,403) size 743x121 [border: (1px outset #808080)]
                RenderTableSection {TBODY} at (1,1) size 741x119
                  RenderTableRow {TR} at (0,5) size 741x46
                    RenderTableCell {TD} at (5,5) size 732x46 [border: (2px solid #008000)] [r=0 c=0 rs=1 cs=2]
                      RenderText {#text} at (3,3) size 721x39
                        text run at (3,3) width 384: "Every cell in this table should have a 2-pixel solid green border. "
                        text run at (387,3) width 337: "This is also true of the table-testing section in the second"
                        text run at (3,23) width 121: "half of the test page."
                  RenderTableRow {TR} at (0,56) size 741x58
                    RenderTableCell {TD} at (5,72) size 186x26 [border: (2px solid #008000)] [r=1 c=0 rs=1 cs=1]
                      RenderText {#text} at (3,3) size 50x19
                        text run at (3,3) width 50: "Cell one"
                    RenderTableCell {TD} at (195,56) size 542x58 [border: (2px solid #008000)] [r=1 c=1 rs=1 cs=1]
                      RenderBlock (anonymous) at (3,3) size 535x20
                        RenderText {#text} at (0,0) size 51x19
                          text run at (0,0) width 51: "Cell two"
                      RenderTable {TABLE} at (3,23) size 157x32 [border: (1px outset #808080)]
                        RenderTableSection {TBODY} at (1,1) size 155x30
                          RenderTableRow {TR} at (0,2) size 155x26
                            RenderTableCell {TD} at (2,2) size 151x26 [border: (2px solid #008000)] [r=0 c=0 rs=1 cs=1]
                              RenderText {#text} at (3,3) size 145x19
                                text run at (3,3) width 145: "Nested single-cell table!"
              RenderBlock {P} at (5,540) size 743x20
                RenderText {#text} at (0,0) size 163x19
                  text run at (0,0) width 163: "This is an unstyled element."
