layer at (0,0) size 785x1063
  RenderView at (0,0) size 785x600
layer at (0,0) size 785x1063
  RenderBlock {HTML} at (0,0) size 785x1063
    RenderBody {BODY} at (8,8) size 769x1047 [bgcolor=#CCCCCC]
      RenderBlock {P} at (0,0) size 769x20
        RenderText {#text} at (0,0) size 355x19
          text run at (0,0) width 355: "The style declarations which apply to the text below are:"
      RenderBlock {PRE} at (0,36) size 769x64
        RenderText {#text} at (0,0) size 344x64
          text run at (0,0) width 328: ".one {border-bottom: purple double 10px;}"
          text run at (328,0) width 0: " "
          text run at (0,16) width 320: ".two {border-bottom: purple thin solid;}"
          text run at (320,16) width 0: " "
          text run at (0,32) width 344: ".three {border-bottom: black medium solid;}"
          text run at (344,32) width 0: " "
          text run at (0,48) width 288: "TD {border-bottom: green 2px solid;}"
          text run at (288,48) width 0: " "
      RenderBlock {P} at (0,131) size 769x40
        RenderText {#text} at (0,0) size 731x39
          text run at (0,0) width 658: "Note that all table cells on this page should have a two-pixel solid green border along their bottom sides. "
          text run at (658,0) width 73: "This border"
          text run at (0,20) width 365: "applies only to the cells, not the rows which contain them."
      RenderBlock {P} at (0,187) size 769x30 [border: none (10px double #800080) none]
        RenderText {#text} at (0,0) size 437x19
          text run at (0,0) width 437: "This paragraph should have a purple, double, 10-pixel bottom border."
      RenderBlock {P} at (0,233) size 769x21 [border: none (1px solid #800080) none]
        RenderText {#text} at (0,0) size 354x19
          text run at (0,0) width 354: "This paragraph should have a thin purple bottom border."
      RenderTable {TABLE} at (0,270) size 769x118 [border: (1px outset #808080)]
        RenderTableSection {TBODY} at (1,1) size 767x116
          RenderTableRow {TR} at (0,5) size 767x45
            RenderTableCell {TD} at (5,5) size 758x45 [border: (1px inset #808080) (2px solid #008000) (1px inset #808080)] [r=0 c=0 rs=1 cs=2]
              RenderText {#text} at (2,2) size 735x39
                text run at (2,2) width 452: "Every cell in this table should have a 2-pixel solid green bottom border. "
                text run at (454,2) width 283: "This is also true of the table-testing section in"
                text run at (2,22) width 198: "the second half of the test page."
          RenderTableRow {TR} at (0,55) size 767x56
            RenderTableCell {TD} at (5,70) size 194x26 [border: (1px inset #808080) (2px solid #008000) (1px inset #808080)] [r=1 c=0 rs=1 cs=1]
              RenderText {#text} at (2,1) size 53x21
                text run at (2,2) width 53: "Cell one"
            RenderTableCell {TD} at (203,55) size 560x56 [border: (1px inset #808080) (2px solid #008000) (1px inset #808080)] [r=1 c=1 rs=1 cs=1]
              RenderBlock (anonymous) at (2,2) size 555x20
                RenderText {#text} at (0,0) size 54x19
                  text run at (0,0) width 54: "Cell two"
              RenderTable {TABLE} at (2,22) size 161x31 [border: (1px outset #808080)]
                RenderTableSection {TBODY} at (1,1) size 159x29
                  RenderTableRow {TR} at (0,2) size 159x25
                    RenderTableCell {TD} at (2,2) size 155x25 [border: (1px inset #808080) (2px solid #008000) (1px inset #808080)] [r=0 c=0 rs=1 cs=1]
                      RenderText {#text} at (2,2) size 151x19
                        text run at (2,2) width 151: "Nested single-cell table!"
      RenderBlock {UL} at (0,404) size 769x149
        RenderListItem {LI} at (40,0) size 729x83 [border: none (3px solid #000000) none]
          RenderBlock (anonymous) at (0,0) size 729x20
            RenderListMarker at (-18,0) size 7x19: bullet
            RenderText {#text} at (0,0) size 118x19
              text run at (0,0) width 118: "This is a list item..."
          RenderBlock {UL} at (0,20) size 729x60
            RenderListItem {LI} at (40,0) size 689x20
              RenderListMarker at (-18,0) size 7x19: white bullet
              RenderText {#text} at (0,0) size 73x19
                text run at (0,0) width 73: "...and this..."
            RenderListItem {LI} at (40,20) size 689x20
              RenderListMarker at (-18,0) size 7x19: white bullet
              RenderText {#text} at (0,0) size 115x19
                text run at (0,0) width 115: "...is a second list..."
            RenderListItem {LI} at (40,40) size 689x20
              RenderListMarker at (-18,0) size 7x19: white bullet
              RenderText {#text} at (0,0) size 176x19
                text run at (0,0) width 176: "...nested within the list item."
        RenderListItem {LI} at (40,83) size 729x23 [border: none (3px solid #000000) none]
          RenderListMarker at (-18,0) size 7x19: bullet
          RenderText {#text} at (0,0) size 158x19
            text run at (0,0) width 158: "This is a second list item."
        RenderListItem {LI} at (40,106) size 729x43 [border: none (3px solid #000000) none]
          RenderListMarker at (-18,0) size 7x19: bullet
          RenderText {#text} at (0,0) size 722x39
            text run at (0,0) width 722: "Each list item in this list should have a medium-width black border at its bottom, which for the first item means that"
            text run at (0,20) width 104: "it should appear "
          RenderInline {EM} at (0,0) size 50x19
            RenderText {#text} at (104,20) size 50x19
              text run at (104,20) width 50: "beneath"
          RenderText {#text} at (154,20) size 390x19
            text run at (154,20) width 390: " the nested list (below the line \"...nested within the list item.\")."
      RenderTable {TABLE} at (0,569) size 769x478 [border: (1px outset #808080)]
        RenderTableSection {TBODY} at (1,1) size 767x476
          RenderTableRow {TR} at (0,0) size 767x29
            RenderTableCell {TD} at (0,0) size 767x29 [bgcolor=#C0C0C0] [border: (1px inset #808080) (2px solid #008000) (1px inset #808080)] [r=0 c=0 rs=1 cs=2]
              RenderInline {STRONG} at (0,0) size 160x19
                RenderText {#text} at (4,4) size 160x19
                  text run at (4,4) width 160: "TABLE Testing Section"
          RenderTableRow {TR} at (0,29) size 767x447
            RenderTableCell {TD} at (0,238) size 12x29 [bgcolor=#C0C0C0] [border: (1px inset #808080) (2px solid #008000) (1px inset #808080)] [r=1 c=0 rs=1 cs=1]
              RenderText {#text} at (4,4) size 4x19
                text run at (4,4) width 4: " "
            RenderTableCell {TD} at (12,29) size 755x447 [border: (1px inset #808080) (2px solid #008000) (1px inset #808080)] [r=1 c=1 rs=1 cs=1]
              RenderBlock {P} at (4,4) size 747x40
                RenderText {#text} at (0,0) size 731x39
                  text run at (0,0) width 658: "Note that all table cells on this page should have a two-pixel solid green border along their bottom sides. "
                  text run at (658,0) width 73: "This border"
                  text run at (0,20) width 365: "applies only to the cells, not the rows which contain them."
              RenderBlock {P} at (4,60) size 747x30 [border: none (10px double #800080) none]
                RenderText {#text} at (0,0) size 437x19
                  text run at (0,0) width 437: "This paragraph should have a purple, double, 10-pixel bottom border."
              RenderBlock {P} at (4,106) size 747x21 [border: none (1px solid #800080) none]
                RenderText {#text} at (0,0) size 354x19
                  text run at (0,0) width 354: "This paragraph should have a thin purple bottom border."
              RenderTable {TABLE} at (4,143) size 747x118 [border: (1px outset #808080)]
                RenderTableSection {TBODY} at (1,1) size 745x116
                  RenderTableRow {TR} at (0,5) size 745x45
                    RenderTableCell {TD} at (5,5) size 736x45 [border: (1px inset #808080) (2px solid #008000) (1px inset #808080)] [r=0 c=0 rs=1 cs=2]
                      RenderText {#text} at (2,2) size 719x39
                        text run at (2,2) width 452: "Every cell in this table should have a 2-pixel solid green bottom border. "
                        text run at (454,2) width 267: "This is also true of the table-testing section"
                        text run at (2,22) width 214: "in the second half of the test page."
                  RenderTableRow {TR} at (0,55) size 745x56
                    RenderTableCell {TD} at (5,70) size 188x26 [border: (1px inset #808080) (2px solid #008000) (1px inset #808080)] [r=1 c=0 rs=1 cs=1]
                      RenderText {#text} at (2,1) size 53x21
                        text run at (2,2) width 53: "Cell one"
                    RenderTableCell {TD} at (197,55) size 544x56 [border: (1px inset #808080) (2px solid #008000) (1px inset #808080)] [r=1 c=1 rs=1 cs=1]
                      RenderBlock (anonymous) at (2,2) size 539x20
                        RenderText {#text} at (0,0) size 54x19
                          text run at (0,0) width 54: "Cell two"
                      RenderTable {TABLE} at (2,22) size 161x31 [border: (1px outset #808080)]
                        RenderTableSection {TBODY} at (1,1) size 159x29
                          RenderTableRow {TR} at (0,2) size 159x25
                            RenderTableCell {TD} at (2,2) size 155x25 [border: (1px inset #808080) (2px solid #008000) (1px inset #808080)] [r=0 c=0 rs=1 cs=1]
                              RenderText {#text} at (2,2) size 151x19
                                text run at (2,2) width 151: "Nested single-cell table!"
              RenderBlock {UL} at (4,277) size 747x149
                RenderListItem {LI} at (40,0) size 707x83 [border: none (3px solid #000000) none]
                  RenderBlock (anonymous) at (0,0) size 707x20
                    RenderListMarker at (-18,0) size 7x19: bullet
                    RenderText {#text} at (0,0) size 118x19
                      text run at (0,0) width 118: "This is a list item..."
                  RenderBlock {UL} at (0,20) size 707x60
                    RenderListItem {LI} at (40,0) size 667x20
                      RenderListMarker at (-18,0) size 7x19: white bullet
                      RenderText {#text} at (0,0) size 73x19
                        text run at (0,0) width 73: "...and this..."
                    RenderListItem {LI} at (40,20) size 667x20
                      RenderListMarker at (-18,0) size 7x19: white bullet
                      RenderText {#text} at (0,0) size 115x19
                        text run at (0,0) width 115: "...is a second list..."
                    RenderListItem {LI} at (40,40) size 667x20
                      RenderListMarker at (-18,0) size 7x19: white bullet
                      RenderText {#text} at (0,0) size 176x19
                        text run at (0,0) width 176: "...nested within the list item."
                RenderListItem {LI} at (40,83) size 707x23 [border: none (3px solid #000000) none]
                  RenderListMarker at (-18,0) size 7x19: bullet
                  RenderText {#text} at (0,0) size 158x19
                    text run at (0,0) width 158: "This is a second list item."
                RenderListItem {LI} at (40,106) size 707x43 [border: none (3px solid #000000) none]
                  RenderListMarker at (-18,0) size 7x19: bullet
                  RenderText {#text} at (0,0) size 695x39
                    text run at (0,0) width 695: "Each list item in this list should have a medium-width black border at its bottom, which for the first item means"
                    text run at (0,20) width 131: "that it should appear "
                  RenderInline {EM} at (0,0) size 50x19
                    RenderText {#text} at (131,20) size 50x19
                      text run at (131,20) width 50: "beneath"
                  RenderText {#text} at (181,20) size 390x19
                    text run at (181,20) width 390: " the nested list (below the line \"...nested within the list item.\")."
layer at (8,121) size 769x2 clip at (0,0) size 0x0
  RenderBlock {HR} at (0,113) size 769x2 [border: (1px inset #000000)]
