layer at (0,0) size 800x600
  RenderView at (0,0) size 800x600
layer at (0,0) size 800x600
  RenderBlock {HTML} at (0,0) size 800x600
    RenderBody {BODY} at (8,8) size 784x584 [bgcolor=#CCCCCC]
      RenderBlock {P} at (0,0) size 784x20
        RenderText {#text} at (0,0) size 355x19
          text run at (0,0) width 355: "The style declarations which apply to the text below are:"
      RenderBlock {PRE} at (0,36) size 784x48
        RenderText {#text} at (0,0) size 376x48
          text run at (0,0) width 376: ".one {border-width: 25px; border-style: solid;}"
          text run at (376,0) width 0: " "
          text run at (0,16) width 376: ".two {border-width: thin; border-style: solid;}"
          text run at (376,16) width 0: " "
          text run at (0,32) width 224: ".three {border-width: 25px;}"
          text run at (224,32) width 0: " "
      RenderBlock {P} at (0,115) size 784x110 [border: (25px solid #000000)]
        RenderText {#text} at (25,25) size 172x19
          text run at (25,25) width 172: "This element has a class of "
        RenderInline {TT} at (0,0) size 24x16
          RenderText {#text} at (197,28) size 24x16
            text run at (197,28) width 24: "one"
        RenderText {#text} at (221,25) size 162x19
          text run at (221,25) width 8: ". "
          text run at (229,25) width 154: "However, it contains an "
        RenderInline {SPAN} at (0,0) size 169x21 [border: (1px solid #000000)]
          RenderText {#text} at (384,25) size 143x19
            text run at (384,25) width 143: "inline element of class "
          RenderInline {TT} at (0,0) size 24x16
            RenderText {#text} at (527,28) size 24x16
              text run at (527,28) width 24: "two"
        RenderText {#text} at (552,25) size 713x39
          text run at (552,25) width 186: ", which should result in a thin"
          text run at (25,45) width 374: "solid border on each side of each box in the inline element. "
          text run at (399,45) width 103: "There is also an "
        RenderInline {SPAN} at (0,0) size 183x19
          RenderText {#text} at (502,45) size 143x19
            text run at (502,45) width 143: "inline element of class "
          RenderInline {TT} at (0,0) size 40x16
            RenderText {#text} at (645,48) size 40x16
              text run at (645,48) width 40: "three"
        RenderText {#text} at (685,45) size 707x39
          text run at (685,45) width 47: ", which"
          text run at (25,65) width 387: "should have no border width because no border style was set."
      RenderTable {TABLE} at (0,241) size 784x148 [border: (1px outset #808080)]
        RenderTableSection {TBODY} at (1,1) size 782x146
          RenderTableRow {TR} at (0,0) size 782x28
            RenderTableCell {TD} at (0,0) size 782x28 [bgcolor=#C0C0C0] [border: (1px inset #808080)] [r=0 c=0 rs=1 cs=2]
              RenderInline {STRONG} at (0,0) size 160x19
                RenderText {#text} at (4,4) size 160x19
                  text run at (4,4) width 160: "TABLE Testing Section"
          RenderTableRow {TR} at (0,28) size 782x118
            RenderTableCell {TD} at (0,73) size 12x28 [bgcolor=#C0C0C0] [border: (1px inset #808080)] [r=1 c=0 rs=1 cs=1]
              RenderText {#text} at (4,4) size 4x19
                text run at (4,4) width 4: " "
            RenderTableCell {TD} at (12,28) size 770x118 [border: (1px inset #808080)] [r=1 c=1 rs=1 cs=1]
              RenderBlock {P} at (4,4) size 762x110 [border: (25px solid #000000)]
                RenderText {#text} at (25,25) size 172x19
                  text run at (25,25) width 172: "This element has a class of "
                RenderInline {TT} at (0,0) size 24x16
                  RenderText {#text} at (197,28) size 24x16
                    text run at (197,28) width 24: "one"
                RenderText {#text} at (221,25) size 162x19
                  text run at (221,25) width 8: ". "
                  text run at (229,25) width 154: "However, it contains an "
                RenderInline {SPAN} at (0,0) size 169x21 [border: (1px solid #000000)]
                  RenderText {#text} at (384,25) size 143x19
                    text run at (384,25) width 143: "inline element of class "
                  RenderInline {TT} at (0,0) size 24x16
                    RenderText {#text} at (527,28) size 24x16
                      text run at (527,28) width 24: "two"
                RenderText {#text} at (552,25) size 685x39
                  text run at (552,25) width 158: ", which should result in a"
                  text run at (25,45) width 402: "thin solid border on each side of each box in the inline element. "
                  text run at (427,45) width 103: "There is also an "
                RenderInline {SPAN} at (0,0) size 183x19
                  RenderText {#text} at (530,45) size 143x19
                    text run at (530,45) width 143: "inline element of class "
                  RenderInline {TT} at (0,0) size 40x16
                    RenderText {#text} at (673,48) size 40x16
                      text run at (673,48) width 40: "three"
                RenderText {#text} at (713,45) size 692x39
                  text run at (713,45) width 4: ","
                  text run at (25,65) width 430: "which should have no border width because no border style was set."
layer at (8,105) size 784x2 clip at (0,0) size 0x0
  RenderBlock {HR} at (0,97) size 784x2 [border: (1px inset #000000)]
