layer at (0,0) size 785x941
  RenderView at (0,0) size 785x600
layer at (0,0) size 785x941
  RenderBlock {HTML} at (0,0) size 785x941
    RenderBody {BODY} at (8,8) size 769x925 [bgcolor=#CCCCCC]
      RenderBlock {P} at (0,0) size 769x20
        RenderText {#text} at (0,0) size 355x19
          text run at (0,0) width 355: "The style declarations which apply to the text below are:"
      RenderBlock {PRE} at (0,36) size 769x96
        RenderText {#text} at (0,0) size 408x96
          text run at (0,0) width 400: ".zero {background-color: silver; border-width: 0;}"
          text run at (400,0) width 0: " "
          text run at (0,16) width 376: ".one {border-width: 50px; border-style: solid;}"
          text run at (376,16) width 0: " "
          text run at (0,32) width 384: ".two {border-width: thick; border-style: solid;}"
          text run at (384,32) width 0: " "
          text run at (0,48) width 408: ".three {border-width: medium; border-style: solid;}"
          text run at (408,48) width 0: " "
          text run at (0,64) width 384: ".four {border-width: thin; border-style: solid;}"
          text run at (384,64) width 0: " "
          text run at (0,80) width 216: ".five {border-width: 25px;}"
          text run at (216,80) width 0: " "
      RenderBlock {P} at (0,163) size 769x20
        RenderText {#text} at (0,0) size 157x19
          text run at (0,0) width 157: "(These will only work if "
        RenderInline {CODE} at (0,0) size 96x16
          RenderText {#text} at (157,3) size 96x16
            text run at (157,3) width 96: "border-style"
        RenderText {#text} at (253,0) size 89x19
          text run at (253,0) width 89: " is supported.)"
      RenderBlock {P} at (0,199) size 769x20 [bgcolor=#C0C0C0]
        RenderText {#text} at (0,0) size 203x19
          text run at (0,0) width 203: "This element has a class of zero."
      RenderBlock {P} at (0,235) size 769x120 [border: (50px solid #000000)]
        RenderText {#text} at (50,50) size 394x19
          text run at (50,50) width 394: "This element should have an overall border width of 50 pixels."
      RenderBlock {P} at (0,371) size 769x30 [border: (5px solid #000000)]
        RenderText {#text} at (5,5) size 343x19
          text run at (5,5) width 343: "This element should have a thick overall border width."
      RenderBlock {P} at (0,417) size 769x26 [border: (3px solid #000000)]
        RenderText {#text} at (3,3) size 363x19
          text run at (3,3) width 363: "This element should have a medium overall border width."
      RenderBlock {P} at (0,459) size 769x22 [border: (1px solid #000000)]
        RenderText {#text} at (1,1) size 336x19
          text run at (1,1) width 336: "This element should have a thin overall border width."
      RenderBlock {P} at (0,497) size 769x20
        RenderText {#text} at (0,0) size 498x19
          text run at (0,0) width 498: "This element should have no border and no extra \"padding\" on any side, as no "
        RenderInline {CODE} at (0,0) size 96x16
          RenderText {#text} at (498,3) size 96x16
            text run at (498,3) width 96: "border-style"
        RenderText {#text} at (594,0) size 54x19
          text run at (594,0) width 54: " was set."
      RenderTable {TABLE} at (0,533) size 670x392 [border: (1px outset #808080)]
        RenderTableSection {TBODY} at (1,1) size 668x390
          RenderTableRow {TR} at (0,0) size 668x28
            RenderTableCell {TD} at (0,0) size 668x28 [bgcolor=#C0C0C0] [border: (1px inset #808080)] [r=0 c=0 rs=1 cs=2]
              RenderInline {STRONG} at (0,0) size 160x19
                RenderText {#text} at (4,4) size 160x19
                  text run at (4,4) width 160: "TABLE Testing Section"
          RenderTableRow {TR} at (0,28) size 668x362
            RenderTableCell {TD} at (0,195) size 12x28 [bgcolor=#C0C0C0] [border: (1px inset #808080)] [r=1 c=0 rs=1 cs=1]
              RenderText {#text} at (4,4) size 4x19
                text run at (4,4) width 4: " "
            RenderTableCell {TD} at (12,28) size 656x362 [border: (1px inset #808080)] [r=1 c=1 rs=1 cs=1]
              RenderBlock {P} at (4,4) size 648x20
                RenderText {#text} at (0,0) size 157x19
                  text run at (0,0) width 157: "(These will only work if "
                RenderInline {CODE} at (0,0) size 96x16
                  RenderText {#text} at (157,3) size 96x16
                    text run at (157,3) width 96: "border-style"
                RenderText {#text} at (253,0) size 89x19
                  text run at (253,0) width 89: " is supported.)"
              RenderBlock {P} at (4,40) size 648x20 [bgcolor=#C0C0C0]
                RenderText {#text} at (0,0) size 203x19
                  text run at (0,0) width 203: "This element has a class of zero."
              RenderBlock {P} at (4,76) size 648x120 [border: (50px solid #000000)]
                RenderText {#text} at (50,50) size 394x19
                  text run at (50,50) width 394: "This element should have an overall border width of 50 pixels."
              RenderBlock {P} at (4,212) size 648x30 [border: (5px solid #000000)]
                RenderText {#text} at (5,5) size 343x19
                  text run at (5,5) width 343: "This element should have a thick overall border width."
              RenderBlock {P} at (4,258) size 648x26 [border: (3px solid #000000)]
                RenderText {#text} at (3,3) size 363x19
                  text run at (3,3) width 363: "This element should have a medium overall border width."
              RenderBlock {P} at (4,300) size 648x22 [border: (1px solid #000000)]
                RenderText {#text} at (1,1) size 336x19
                  text run at (1,1) width 336: "This element should have a thin overall border width."
              RenderBlock {P} at (4,338) size 648x20
                RenderText {#text} at (0,0) size 498x19
                  text run at (0,0) width 498: "This element should have no border and no extra \"padding\" on any side, as no "
                RenderInline {CODE} at (0,0) size 96x16
                  RenderText {#text} at (498,3) size 96x16
                    text run at (498,3) width 96: "border-style"
                RenderText {#text} at (594,0) size 54x19
                  text run at (594,0) width 54: " was set."
layer at (8,153) size 769x2 clip at (0,0) size 0x0
  RenderBlock {HR} at (0,145) size 769x2 [border: (1px inset #000000)]
