layer at (0,0) size 800x600
  RenderView at (0,0) size 800x600
layer at (0,0) size 800x600
  RenderBlock {HTML} at (0,0) size 800x600
    RenderBody {BODY} at (8,8) size 784x584 [bgcolor=#CCCCCC]
      RenderBlock {P} at (0,0) size 784x20
        RenderText {#text} at (0,0) size 355x19
          text run at (0,0) width 355: "The style declarations which apply to the text below are:"
      RenderBlock {PRE} at (0,36) size 784x48
        RenderText {#text} at (0,0) size 416x48
          text run at (0,0) width 416: ".one {border-left-width: 25px; border-style: solid;}"
          text run at (416,0) width 0: " "
          text run at (0,16) width 416: ".two {border-left-width: thin; border-style: solid;}"
          text run at (416,16) width 0: " "
          text run at (0,32) width 264: ".three {border-left-width: 25px;}"
          text run at (264,32) width 0: " "
      RenderBlock {P} at (0,115) size 784x86 [border: (3px solid #000000) (25px solid #000000)]
        RenderText {#text} at (25,3) size 172x19
          text run at (25,3) width 172: "This element has a class of "
        RenderInline {TT} at (0,0) size 24x16
          RenderText {#text} at (197,6) size 24x16
            text run at (197,6) width 24: "one"
        RenderText {#text} at (221,3) size 162x19
          text run at (221,3) width 8: ". "
          text run at (229,3) width 154: "However, it contains an "
        RenderInline {SPAN} at (0,0) size 171x25 [border: (3px solid #000000) (1px solid #000000)]
          RenderText {#text} at (384,3) size 143x19
            text run at (384,3) width 143: "inline element of class "
          RenderInline {TT} at (0,0) size 24x16
            RenderText {#text} at (527,6) size 24x16
              text run at (527,6) width 24: "two"
        RenderText {#text} at (554,3) size 749x39
          text run at (554,3) width 220: ", which should result in a thin solid"
          text run at (25,23) width 181: "border on the left side of the "
        RenderInline {STRONG} at (0,0) size 27x19
          RenderText {#text} at (206,23) size 27x19
            text run at (206,23) width 27: "first"
        RenderText {#text} at (233,23) size 750x39
          text run at (233,23) width 505: " box in the inline element (and the UA's default border on the other three sides). "
          text run at (738,23) width 37: "There"
          text run at (25,43) width 62: "is also an "
        RenderInline {SPAN} at (0,0) size 183x19
          RenderText {#text} at (87,43) size 143x19
            text run at (87,43) width 143: "inline element of class "
          RenderInline {TT} at (0,0) size 40x16
            RenderText {#text} at (230,46) size 40x16
              text run at (230,46) width 40: "three"
        RenderText {#text} at (270,43) size 727x39
          text run at (270,43) width 482: ", which should have no left border width or visible border because no border"
          text run at (25,63) width 83: "style was set."
      RenderTable {TABLE} at (0,217) size 784x124 [border: (1px outset #808080)]
        RenderTableSection {TBODY} at (1,1) size 782x122
          RenderTableRow {TR} at (0,0) size 782x28
            RenderTableCell {TD} at (0,0) size 782x28 [bgcolor=#C0C0C0] [border: (1px inset #808080)] [r=0 c=0 rs=1 cs=2]
              RenderInline {STRONG} at (0,0) size 160x19
                RenderText {#text} at (4,4) size 160x19
                  text run at (4,4) width 160: "TABLE Testing Section"
          RenderTableRow {TR} at (0,28) size 782x94
            RenderTableCell {TD} at (0,61) size 12x28 [bgcolor=#C0C0C0] [border: (1px inset #808080)] [r=1 c=0 rs=1 cs=1]
              RenderText {#text} at (4,4) size 4x19
                text run at (4,4) width 4: " "
            RenderTableCell {TD} at (12,28) size 770x94 [border: (1px inset #808080)] [r=1 c=1 rs=1 cs=1]
              RenderBlock {P} at (4,4) size 762x86 [border: (3px solid #000000) (25px solid #000000)]
                RenderText {#text} at (25,3) size 172x19
                  text run at (25,3) width 172: "This element has a class of "
                RenderInline {TT} at (0,0) size 24x16
                  RenderText {#text} at (197,6) size 24x16
                    text run at (197,6) width 24: "one"
                RenderText {#text} at (221,3) size 162x19
                  text run at (221,3) width 8: ". "
                  text run at (229,3) width 154: "However, it contains an "
                RenderInline {SPAN} at (0,0) size 171x25 [border: (3px solid #000000) (1px solid #000000)]
                  RenderText {#text} at (384,3) size 143x19
                    text run at (384,3) width 143: "inline element of class "
                  RenderInline {TT} at (0,0) size 24x16
                    RenderText {#text} at (527,6) size 24x16
                      text run at (527,6) width 24: "two"
                RenderText {#text} at (554,3) size 715x39
                  text run at (554,3) width 186: ", which should result in a thin"
                  text run at (25,23) width 215: "solid border on the left side of the "
                RenderInline {STRONG} at (0,0) size 27x19
                  RenderText {#text} at (240,23) size 27x19
                    text run at (240,23) width 27: "first"
                RenderText {#text} at (267,23) size 699x39
                  text run at (267,23) width 457: " box in the inline element (and the UA's default border on the other three"
                  text run at (25,43) width 44: "sides). "
                  text run at (69,43) width 103: "There is also an "
                RenderInline {SPAN} at (0,0) size 183x19
                  RenderText {#text} at (172,43) size 143x19
                    text run at (172,43) width 143: "inline element of class "
                  RenderInline {TT} at (0,0) size 40x16
                    RenderText {#text} at (315,46) size 40x16
                      text run at (315,46) width 40: "three"
                RenderText {#text} at (355,43) size 693x39
                  text run at (355,43) width 363: ", which should have no left border width or visible border"
                  text run at (25,63) width 202: "because no border style was set."
layer at (8,105) size 784x2 clip at (0,0) size 0x0
  RenderBlock {HR} at (0,97) size 784x2 [border: (1px inset #000000)]
