layer at (0,0) size 800x600
  RenderView at (0,0) size 800x600
layer at (0,0) size 800x600
  RenderBlock {HTML} at (0,0) size 800x600
    RenderBody {BODY} at (8,8) size 784x584 [bgcolor=#CCCCCC]
      RenderBlock {P} at (0,0) size 784x20
        RenderText {#text} at (0,0) size 337x19
          text run at (0,0) width 337: "The style declarations which apply to the text below are:"
      RenderBlock {PRE} at (0,36) size 784x48
        RenderText {#text} at (0,0) size 728x48
          text run at (0,0) width 392: ".one {border-color: purple; border-style: solid;}"
          text run at (392,0) width 0: " "
          text run at (0,16) width 568: ".two {border-color: purple; border-width: medium; border-style: solid;}"
          text run at (568,16) width 0: " "
          text run at (0,32) width 728: ".three {border-color: purple green blue yellow; border-width: medium; border-style: solid;}"
          text run at (728,32) width 0: " "
      RenderBlock {HR} at (0,97) size 784x2 [border: (1px inset #000000)]
      RenderBlock {P} at (0,115) size 784x26 [border: (3px solid #800080)]
        RenderText {#text} at (3,3) size 337x19
          text run at (3,3) width 337: "This element should have a purple border surrounding it."
      RenderBlock {P} at (0,157) size 784x26 [border: (3px solid #800080)]
        RenderText {#text} at (3,3) size 427x19
          text run at (3,3) width 427: "This element should have a medium-width purple border surrounding it."
      RenderBlock {P} at (0,199) size 784x46 [border: (3px solid #800080) (3px solid #008000) (3px solid #0000FF) (3px solid #FFFF00)]
        RenderText {#text} at (3,3) size 774x39
          text run at (3,3) width 774: "This element should be surrounded by a medium width border which is purple on top, green on the right side, blue on the bottom,"
          text run at (3,23) width 160: "and yellow on the left side."
      RenderTable {TABLE} at (0,261) size 784x168 [border: (1px outset #808080)]
        RenderTableSection {TBODY} at (1,1) size 782x166
          RenderTableRow {TR} at (0,0) size 782x28
            RenderTableCell {TD} at (0,0) size 782x28 [bgcolor=#C0C0C0] [border: (1px inset #808080)] [r=0 c=0 rs=1 cs=2]
              RenderInline {STRONG} at (0,0) size 159x19
                RenderText {#text} at (4,4) size 159x19
                  text run at (4,4) width 159: "TABLE Testing Section"
          RenderTableRow {TR} at (0,28) size 782x138
            RenderTableCell {TD} at (0,83) size 12x28 [bgcolor=#C0C0C0] [border: (1px inset #808080)] [r=1 c=0 rs=1 cs=1]
              RenderText {#text} at (4,4) size 4x19
                text run at (4,4) width 4: " "
            RenderTableCell {TD} at (12,28) size 770x138 [border: (1px inset #808080)] [r=1 c=1 rs=1 cs=1]
              RenderBlock {P} at (4,4) size 762x26 [border: (3px solid #800080)]
                RenderText {#text} at (3,3) size 337x19
                  text run at (3,3) width 337: "This element should have a purple border surrounding it."
              RenderBlock {P} at (4,46) size 762x26 [border: (3px solid #800080)]
                RenderText {#text} at (3,3) size 427x19
                  text run at (3,3) width 427: "This element should have a medium-width purple border surrounding it."
              RenderBlock {P} at (4,88) size 762x46 [border: (3px solid #800080) (3px solid #008000) (3px solid #0000FF) (3px solid #FFFF00)]
                RenderText {#text} at (3,3) size 723x39
                  text run at (3,3) width 723: "This element should be surrounded by a medium width border which is purple on top, green on the right side, blue on the"
                  text run at (3,23) width 211: "bottom, and yellow on the left side."
