layer at (0,0) size 785x1077
  RenderView at (0,0) size 785x600
layer at (0,0) size 785x1077
  RenderBlock {HTML} at (0,0) size 785x1077
    RenderBody {BODY} at (8,8) size 769x1061 [bgcolor=#CCCCCC]
      RenderBlock {P} at (0,0) size 769x20
        RenderText {#text} at (0,0) size 355x19
          text run at (0,0) width 355: "The style declarations which apply to the text below are:"
      RenderBlock {PRE} at (0,36) size 769x96
        RenderText {#text} at (0,0) size 408x96
          text run at (0,0) width 392: ".zero {background-color: silver; margin-left: 0;}"
          text run at (392,0) width 0: " "
          text run at (0,16) width 400: ".one {margin-left: 0.5in; background-color: aqua;}"
          text run at (400,16) width 0: " "
          text run at (0,32) width 392: ".two {margin-left: 25px; background-color: aqua;}"
          text run at (392,32) width 0: " "
          text run at (0,48) width 400: ".three {margin-left: 5em; background-color: aqua;}"
          text run at (400,48) width 0: " "
          text run at (0,64) width 392: ".four {margin-left: 25%; background-color: aqua;}"
          text run at (392,64) width 0: " "
          text run at (0,80) width 408: ".five {margin-left: -10px; background-color: aqua;}"
          text run at (408,80) width 0: " "
      RenderBlock {P} at (0,163) size 769x20 [bgcolor=#C0C0C0]
        RenderText {#text} at (0,0) size 203x19
          text run at (0,0) width 203: "This element has a class of zero."
      RenderBlock {P} at (48,199) size 721x20 [bgcolor=#00FFFF]
        RenderText {#text} at (0,0) size 348x19
          text run at (0,0) width 348: "This sentence should have a left margin of half an inch."
      RenderBlock {P} at (25,235) size 744x20 [bgcolor=#00FFFF]
        RenderText {#text} at (0,0) size 331x19
          text run at (0,0) width 331: "This sentence should have a left margin of 25 pixels."
      RenderBlock {P} at (80,271) size 689x20 [bgcolor=#00FFFF]
        RenderText {#text} at (0,0) size 305x19
          text run at (0,0) width 305: "This sentence should have a left margin of 5 em."
      RenderBlock {P} at (192,307) size 577x40 [bgcolor=#00FFFF]
        RenderText {#text} at (0,0) size 546x39
          text run at (0,0) width 546: "This sentence should have a left margin of 25%, which is calculated with respect to the"
          text run at (0,20) width 176: "width of the parent element."
      RenderBlock {UL} at (25,363) size 744x100 [bgcolor=#808080]
        RenderListItem {LI} at (40,0) size 704x20
          RenderListMarker at (-18,0) size 7x19: bullet
          RenderText {#text} at (0,0) size 685x19
            text run at (0,0) width 685: "The left margin on this unordered list has been set to 25 pixels, and its background color has been set to gray."
        RenderListItem {LI} at (65,20) size 679x60 [bgcolor=#FFFFFF]
          RenderListMarker at (-18,0) size 7x19: bullet
          RenderText {#text} at (0,0) size 668x59
            text run at (0,0) width 656: "Another list item might not be such a bad idea, either, considering that such things do need to be double-"
            text run at (0,20) width 60: "checked. "
            text run at (60,20) width 608: "This list item has its left margin also set to 25 pixels, which should combine with the list's margin"
            text run at (0,40) width 479: "to make 50 pixels of margin, and its background color has been set to white."
        RenderListItem {LI} at (40,80) size 704x20
          RenderListMarker at (-18,0) size 7x19: bullet
          RenderText {#text} at (0,0) size 179x19
            text run at (0,0) width 179: "This is an unclassed list item"
      RenderBlock {P} at (0,479) size 769x20 [bgcolor=#C0C0C0]
        RenderText {#text} at (0,0) size 203x19
          text run at (0,0) width 203: "This element has a class of zero."
      RenderBlock {P} at (-10,515) size 779x60 [bgcolor=#00FFFF]
        RenderText {#text} at (0,0) size 778x59
          text run at (0,0) width 758: "This paragraph has a left margin of -10px, which should cause it to be wider than it might otherwise be, and it has a light"
          text run at (0,20) width 114: "blue background. "
          text run at (114,20) width 386: "In all other respects, however, the element should be normal. "
          text run at (500,20) width 278: "No styles have been applied to it besides the"
          text run at (0,40) width 293: "negative left margin and the background color."
      RenderTable {TABLE} at (0,591) size 769x470 [border: (1px outset #808080)]
        RenderTableSection {TBODY} at (1,1) size 767x468
          RenderTableRow {TR} at (0,0) size 767x28
            RenderTableCell {TD} at (0,0) size 767x28 [bgcolor=#C0C0C0] [border: (1px inset #808080)] [r=0 c=0 rs=1 cs=2]
              RenderInline {STRONG} at (0,0) size 160x19
                RenderText {#text} at (4,4) size 160x19
                  text run at (4,4) width 160: "TABLE Testing Section"
          RenderTableRow {TR} at (0,28) size 767x440
            RenderTableCell {TD} at (0,234) size 12x28 [bgcolor=#C0C0C0] [border: (1px inset #808080)] [r=1 c=0 rs=1 cs=1]
              RenderText {#text} at (4,4) size 4x19
                text run at (4,4) width 4: " "
            RenderTableCell {TD} at (12,28) size 755x440 [border: (1px inset #808080)] [r=1 c=1 rs=1 cs=1]
              RenderBlock {P} at (4,4) size 747x20 [bgcolor=#C0C0C0]
                RenderText {#text} at (0,0) size 203x19
                  text run at (0,0) width 203: "This element has a class of zero."
              RenderBlock {P} at (52,40) size 699x20 [bgcolor=#00FFFF]
                RenderText {#text} at (0,0) size 348x19
                  text run at (0,0) width 348: "This sentence should have a left margin of half an inch."
              RenderBlock {P} at (29,76) size 722x20 [bgcolor=#00FFFF]
                RenderText {#text} at (0,0) size 331x19
                  text run at (0,0) width 331: "This sentence should have a left margin of 25 pixels."
              RenderBlock {P} at (84,112) size 667x20 [bgcolor=#00FFFF]
                RenderText {#text} at (0,0) size 305x19
                  text run at (0,0) width 305: "This sentence should have a left margin of 5 em."
              RenderBlock {P} at (190,148) size 561x40 [bgcolor=#00FFFF]
                RenderText {#text} at (0,0) size 546x39
                  text run at (0,0) width 546: "This sentence should have a left margin of 25%, which is calculated with respect to the"
                  text run at (0,20) width 176: "width of the parent element."
              RenderBlock {UL} at (29,204) size 722x120 [bgcolor=#808080]
                RenderListItem {LI} at (40,0) size 682x40
                  RenderListMarker at (-18,0) size 7x19: bullet
                  RenderText {#text} at (0,0) size 650x39
                    text run at (0,0) width 650: "The left margin on this unordered list has been set to 25 pixels, and its background color has been set to"
                    text run at (0,20) width 31: "gray."
                RenderListItem {LI} at (65,40) size 657x60 [bgcolor=#FFFFFF]
                  RenderListMarker at (-18,0) size 7x19: bullet
                  RenderText {#text} at (0,0) size 656x59
                    text run at (0,0) width 656: "Another list item might not be such a bad idea, either, considering that such things do need to be double-"
                    text run at (0,20) width 60: "checked. "
                    text run at (60,20) width 560: "This list item has its left margin also set to 25 pixels, which should combine with the list's"
                    text run at (0,40) width 527: "margin to make 50 pixels of margin, and its background color has been set to white."
                RenderListItem {LI} at (40,100) size 682x20
                  RenderListMarker at (-18,0) size 7x19: bullet
                  RenderText {#text} at (0,0) size 179x19
                    text run at (0,0) width 179: "This is an unclassed list item"
              RenderBlock {P} at (4,340) size 747x20 [bgcolor=#C0C0C0]
                RenderText {#text} at (0,0) size 203x19
                  text run at (0,0) width 203: "This element has a class of zero."
              RenderBlock {P} at (-6,376) size 757x60 [bgcolor=#00FFFF]
                RenderText {#text} at (0,0) size 737x59
                  text run at (0,0) width 726: "This paragraph has a left margin of -10px, which should cause it to be wider than it might otherwise be, and it has a"
                  text run at (0,20) width 146: "light blue background. "
                  text run at (146,20) width 386: "In all other respects, however, the element should be normal. "
                  text run at (532,20) width 205: "No styles have been applied to it"
                  text run at (0,40) width 366: "besides the negative left margin and the background color."
layer at (8,153) size 769x2 clip at (0,0) size 0x0
  RenderBlock {HR} at (0,145) size 769x2 [border: (1px inset #000000)]
