layer at (0,0) size 785x1703
  RenderView at (0,0) size 785x600
layer at (0,0) size 785x1703
  RenderBlock {HTML} at (0,0) size 785x1703
    RenderBody {BODY} at (8,8) size 769x1687 [bgcolor=#CCCCCC]
      RenderBlock {P} at (0,0) size 769x20
        RenderText {#text} at (0,0) size 337x19
          text run at (0,0) width 337: "The style declarations which apply to the text below are:"
      RenderBlock {PRE} at (0,33) size 769x128
        RenderText {#text} at (0,0) size 392x128
          text run at (0,0) width 384: ".zero {background-color: silver; margin-top: 0;}"
          text run at (384,0) width 0: " "
          text run at (0,16) width 392: ".one {margin-top: 0.5in; background-color: aqua;}"
          text run at (392,16) width 0: " "
          text run at (0,32) width 384: ".two {margin-top: 25px; background-color: aqua;}"
          text run at (384,32) width 0: " "
          text run at (0,48) width 392: ".three {margin-top: 5em; background-color: aqua;}"
          text run at (392,48) width 0: " "
          text run at (0,64) width 384: ".four {margin-top: 25%; background-color: aqua;}"
          text run at (384,64) width 0: " "
          text run at (0,80) width 200: ".five {margin-top: 25px;}"
          text run at (200,80) width 0: " "
          text run at (0,96) width 392: ".six {margin-top: -10px; background-color: aqua;}"
          text run at (392,96) width 0: " "
          text run at (0,112) width 200: "P, UL {margin-bottom: 0;}"
          text run at (200,112) width 0: " "
      RenderBlock {P} at (0,184) size 769x20 [bgcolor=#C0C0C0]
        RenderText {#text} at (0,0) size 193x19
          text run at (0,0) width 193: "This element has a class of zero."
      RenderBlock {P} at (0,204) size 769x20 [bgcolor=#C0C0C0]
        RenderText {#text} at (0,0) size 221x19
          text run at (0,0) width 221: "This element also has a class of zero."
      RenderBlock {P} at (0,272) size 769x40 [bgcolor=#00FFFF]
        RenderText {#text} at (0,0) size 741x39
          text run at (0,0) width 741: "This element should have a top margin of half an inch, which will require extra text in order to make sure that the margin isn't"
          text run at (0,20) width 120: "applied to each line."
      RenderBlock {P} at (0,337) size 769x40 [bgcolor=#00FFFF]
        RenderText {#text} at (0,0) size 728x39
          text run at (0,0) width 728: "This element should have a top margin of 25 pixels, which will require extra text in order to make sure that the margin isn't"
          text run at (0,20) width 120: "applied to each line."
      RenderBlock {P} at (0,457) size 769x40 [bgcolor=#00FFFF]
        RenderText {#text} at (0,0) size 768x39
          text run at (0,0) width 768: "This element should have a top margin of 5 em, which will require extra text in order to make sure that the margin isn't applied to"
          text run at (0,20) width 56: "each line."
      RenderBlock {P} at (0,689) size 769x41 [bgcolor=#00FFFF]
        RenderText {#text} at (0,0) size 737x39
          text run at (0,0) width 688: "This element should have a top margin of 25%, which is calculated with respect to the width of the parent element. "
          text run at (688,0) width 49: "This will"
          text run at (0,20) width 198: "require extra text in order to test."
      RenderBlock {UL} at (0,754) size 769x106 [bgcolor=#00FFFF]
        RenderListItem {LI} at (40,0) size 729x20
          RenderListMarker at (-18,0) size 7x19: bullet
          RenderText {#text} at (0,0) size 379x19
            text run at (0,0) width 379: "This list has a margin-top of 25px, and a light blue background."
        RenderListItem {LI} at (40,20) size 729x20
          RenderListMarker at (-18,0) size 7x19: bullet
          RenderText {#text} at (0,0) size 249x19
            text run at (0,0) width 249: "Therefore, it ought to have such a margin."
        RenderListItem {LI} at (40,65) size 729x20
          RenderListMarker at (-18,0) size 7x19: bullet
          RenderText {#text} at (0,0) size 535x19
            text run at (0,0) width 535: "This list item has a top margin of 25px, which should cause it to be offset in some fashion."
        RenderListItem {LI} at (40,85) size 729x20
          RenderListMarker at (-18,0) size 7x19: bullet
          RenderText {#text} at (0,0) size 278x19
            text run at (0,0) width 278: "This list item has no special styles applied to it."
      RenderBlock {P} at (0,859) size 769x21 [bgcolor=#C0C0C0]
        RenderText {#text} at (0,0) size 193x19
          text run at (0,0) width 193: "This element has a class of zero."
      RenderBlock {P} at (0,869) size 769x41 [bgcolor=#00FFFF]
        RenderText {#text} at (0,0) size 750x39
          text run at (0,0) width 730: "This element has a top margin of -10px, which should cause it to be shifted \"upward\" on the page, and no bottom margin. "
          text run at (730,0) width 20: "No"
          text run at (0,20) width 444: "other styles have been applied to it besides a light blue background color. "
          text run at (444,20) width 305: "In all other respects, the element should be normal."
      RenderTable {TABLE} at (0,909) size 769x778 [border: (1px outset #808080)]
        RenderTableSection {TBODY} at (1,1) size 767x776
          RenderTableRow {TR} at (0,0) size 767x28
            RenderTableCell {TD} at (0,0) size 767x28 [bgcolor=#C0C0C0] [border: (1px inset #808080)] [r=0 c=0 rs=1 cs=2]
              RenderInline {STRONG} at (0,0) size 159x19
                RenderText {#text} at (4,4) size 159x19
                  text run at (4,4) width 159: "TABLE Testing Section"
          RenderTableRow {TR} at (0,28) size 767x748
            RenderTableCell {TD} at (0,387) size 12x29 [bgcolor=#C0C0C0] [border: (1px inset #808080)] [r=1 c=0 rs=1 cs=1]
              RenderText {#text} at (4,3) size 4x21
                text run at (4,4) width 4: " "
            RenderTableCell {TD} at (12,28) size 755x748 [border: (1px inset #808080)] [r=1 c=1 rs=1 cs=1]
              RenderBlock {P} at (4,4) size 747x20 [bgcolor=#C0C0C0]
                RenderText {#text} at (0,0) size 193x19
                  text run at (0,0) width 193: "This element has a class of zero."
              RenderBlock {P} at (4,24) size 747x20 [bgcolor=#C0C0C0]
                RenderText {#text} at (0,0) size 221x19
                  text run at (0,0) width 221: "This element also has a class of zero."
              RenderBlock {P} at (4,92) size 747x40 [bgcolor=#00FFFF]
                RenderText {#text} at (0,0) size 741x39
                  text run at (0,0) width 741: "This element should have a top margin of half an inch, which will require extra text in order to make sure that the margin isn't"
                  text run at (0,20) width 120: "applied to each line."
              RenderBlock {P} at (4,157) size 747x40 [bgcolor=#00FFFF]
                RenderText {#text} at (0,0) size 728x39
                  text run at (0,0) width 728: "This element should have a top margin of 25 pixels, which will require extra text in order to make sure that the margin isn't"
                  text run at (0,20) width 120: "applied to each line."
              RenderBlock {P} at (4,277) size 747x40 [bgcolor=#00FFFF]
                RenderText {#text} at (0,0) size 704x39
                  text run at (0,0) width 704: "This element should have a top margin of 5 em, which will require extra text in order to make sure that the margin isn't"
                  text run at (0,20) width 120: "applied to each line."
              RenderBlock {P} at (4,503) size 747x41 [bgcolor=#00FFFF]
                RenderText {#text} at (0,0) size 737x39
                  text run at (0,0) width 688: "This element should have a top margin of 25%, which is calculated with respect to the width of the parent element. "
                  text run at (688,0) width 49: "This will"
                  text run at (0,20) width 198: "require extra text in order to test."
              RenderBlock {UL} at (4,568) size 747x106 [bgcolor=#00FFFF]
                RenderListItem {LI} at (40,0) size 707x20
                  RenderListMarker at (-18,0) size 7x19: bullet
                  RenderText {#text} at (0,0) size 379x19
                    text run at (0,0) width 379: "This list has a margin-top of 25px, and a light blue background."
                RenderListItem {LI} at (40,20) size 707x20
                  RenderListMarker at (-18,0) size 7x19: bullet
                  RenderText {#text} at (0,0) size 249x19
                    text run at (0,0) width 249: "Therefore, it ought to have such a margin."
                RenderListItem {LI} at (40,65) size 707x20
                  RenderListMarker at (-18,0) size 7x19: bullet
                  RenderText {#text} at (0,0) size 535x19
                    text run at (0,0) width 535: "This list item has a top margin of 25px, which should cause it to be offset in some fashion."
                RenderListItem {LI} at (40,85) size 707x20
                  RenderListMarker at (-18,0) size 7x19: bullet
                  RenderText {#text} at (0,0) size 278x19
                    text run at (0,0) width 278: "This list item has no special styles applied to it."
              RenderBlock {P} at (4,673) size 747x21 [bgcolor=#C0C0C0]
                RenderText {#text} at (0,0) size 193x19
                  text run at (0,0) width 193: "This element has a class of zero."
              RenderBlock {P} at (4,683) size 747x61 [bgcolor=#00FFFF]
                RenderText {#text} at (0,0) size 726x59
                  text run at (0,0) width 726: "This element has a top margin of -10px, which should cause it to be shifted \"upward\" on the page, and no bottom margin."
                  text run at (0,20) width 468: "No other styles have been applied to it besides a light blue background color. "
                  text run at (468,20) width 256: "In all other respects, the element should be"
                  text run at (0,40) width 45: "normal."
layer at (8,182) size 769x2 clip at (0,0) size 0x0
  RenderBlock {HR} at (0,174) size 769x2 [border: (1px inset #000000)]
