layer at (0,0) size 800x600
  RenderView at (0,0) size 800x600
layer at (0,0) size 800x600
  RenderBlock {HTML} at (0,0) size 800x600
    RenderBody {BODY} at (8,8) size 784x584 [bgcolor=#CCCCCC]
      RenderBlock {P} at (0,0) size 784x20
        RenderText {#text} at (0,0) size 355x19
          text run at (0,0) width 355: "The style declarations which apply to the text below are:"
      RenderBlock {PRE} at (0,36) size 784x32
        RenderText {#text} at (0,0) size 552x32
          text run at (0,0) width 552: ".one {margin-right: 25px; text-align: right; background-color: aqua;}"
          text run at (552,0) width 0: " "
          text run at (0,16) width 408: ".two {margin-right: -10px; background-color: aqua;}"
          text run at (408,16) width 0: " "
      RenderBlock {P} at (0,99) size 784x40 [bgcolor=#808080]
        RenderText {#text} at (0,0) size 542x19
          text run at (0,0) width 388: "This element is unstyled save for a background color of gray. "
          text run at (388,0) width 154: "However, it contains an "
        RenderInline {SPAN} at (0,0) size 167x19 [bgcolor=#00FFFF]
          RenderText {#text} at (542,0) size 143x19
            text run at (542,0) width 143: "inline element of class "
          RenderInline {TT} at (0,0) size 24x16
            RenderText {#text} at (685,3) size 24x16
              text run at (685,3) width 24: "one"
        RenderText {#text} at (734,0) size 781x39
          text run at (734,0) width 47: ", which"
          text run at (0,20) width 308: "should result in 25-pixel right margin only in the "
        RenderInline {STRONG} at (0,0) size 23x19
          RenderText {#text} at (308,20) size 23x19
            text run at (308,20) width 23: "last"
        RenderText {#text} at (331,20) size 232x19
          text run at (331,20) width 232: " line in which the inline box appears."
      RenderBlock {P} at (0,155) size 784x40 [bgcolor=#808080]
        RenderText {#text} at (0,0) size 542x19
          text run at (0,0) width 388: "This element is unstyled save for a background color of gray. "
          text run at (388,0) width 154: "However, it contains an "
        RenderInline {SPAN} at (0,0) size 167x19 [bgcolor=#00FFFF]
          RenderText {#text} at (542,0) size 143x19
            text run at (542,0) width 143: "inline element of class "
          RenderInline {TT} at (0,0) size 24x16
            RenderText {#text} at (685,3) size 24x16
              text run at (685,3) width 24: "two"
        RenderText {#text} at (699,0) size 746x39
          text run at (699,0) width 47: ", which"
          text run at (0,20) width 293: "should result in -10px right margin only in the "
        RenderInline {STRONG} at (0,0) size 23x19
          RenderText {#text} at (293,20) size 23x19
            text run at (293,20) width 23: "last"
        RenderText {#text} at (316,20) size 232x19
          text run at (316,20) width 232: " line in which the inline box appears."
      RenderTable {TABLE} at (0,211) size 784x134 [border: (1px outset #808080)]
        RenderTableSection {TBODY} at (1,1) size 782x132
          RenderTableRow {TR} at (0,0) size 782x28
            RenderTableCell {TD} at (0,0) size 782x28 [bgcolor=#C0C0C0] [border: (1px inset #808080)] [r=0 c=0 rs=1 cs=2]
              RenderInline {STRONG} at (0,0) size 160x19
                RenderText {#text} at (4,4) size 160x19
                  text run at (4,4) width 160: "TABLE Testing Section"
          RenderTableRow {TR} at (0,28) size 782x104
            RenderTableCell {TD} at (0,66) size 12x28 [bgcolor=#C0C0C0] [border: (1px inset #808080)] [r=1 c=0 rs=1 cs=1]
              RenderText {#text} at (4,4) size 4x19
                text run at (4,4) width 4: " "
            RenderTableCell {TD} at (12,28) size 770x104 [border: (1px inset #808080)] [r=1 c=1 rs=1 cs=1]
              RenderBlock {P} at (4,4) size 762x40 [bgcolor=#808080]
                RenderText {#text} at (0,0) size 542x19
                  text run at (0,0) width 388: "This element is unstyled save for a background color of gray. "
                  text run at (388,0) width 154: "However, it contains an "
                RenderInline {SPAN} at (0,0) size 167x19 [bgcolor=#00FFFF]
                  RenderText {#text} at (542,0) size 143x19
                    text run at (542,0) width 143: "inline element of class "
                  RenderInline {TT} at (0,0) size 24x16
                    RenderText {#text} at (685,3) size 24x16
                      text run at (685,3) width 24: "one"
                RenderText {#text} at (734,0) size 738x39
                  text run at (734,0) width 4: ","
                  text run at (0,20) width 351: "which should result in 25-pixel right margin only in the "
                RenderInline {STRONG} at (0,0) size 23x19
                  RenderText {#text} at (351,20) size 23x19
                    text run at (351,20) width 23: "last"
                RenderText {#text} at (374,20) size 232x19
                  text run at (374,20) width 232: " line in which the inline box appears."
              RenderBlock {P} at (4,60) size 762x40 [bgcolor=#808080]
                RenderText {#text} at (0,0) size 542x19
                  text run at (0,0) width 388: "This element is unstyled save for a background color of gray. "
                  text run at (388,0) width 154: "However, it contains an "
                RenderInline {SPAN} at (0,0) size 167x19 [bgcolor=#00FFFF]
                  RenderText {#text} at (542,0) size 143x19
                    text run at (542,0) width 143: "inline element of class "
                  RenderInline {TT} at (0,0) size 24x16
                    RenderText {#text} at (685,3) size 24x16
                      text run at (685,3) width 24: "two"
                RenderText {#text} at (699,0) size 746x39
                  text run at (699,0) width 47: ", which"
                  text run at (0,20) width 293: "should result in -10px right margin only in the "
                RenderInline {STRONG} at (0,0) size 23x19
                  RenderText {#text} at (293,20) size 23x19
                    text run at (293,20) width 23: "last"
                RenderText {#text} at (316,20) size 232x19
                  text run at (316,20) width 232: " line in which the inline box appears."
layer at (8,89) size 784x2 clip at (0,0) size 0x0
  RenderBlock {HR} at (0,81) size 784x2 [border: (1px inset #000000)]
