layer at (0,0) size 785x1822
  RenderView at (0,0) size 785x600
layer at (0,0) size 785x1822
  RenderBlock {HTML} at (0,0) size 785x1822
    RenderBody {BODY} at (8,8) size 769x1806 [bgcolor=#CCCCCC]
      RenderBlock {P} at (0,0) size 769x20
        RenderText {#text} at (0,0) size 355x19
          text run at (0,0) width 355: "The style declarations which apply to the text below are:"
      RenderBlock {PRE} at (0,36) size 769x144
        RenderText {#text} at (0,0) size 416x144
          text run at (0,0) width 408: ".zero {background-color: silver; margin-bottom: 0;}"
          text run at (408,0) width 0: " "
          text run at (0,16) width 416: ".one {margin-bottom: 0.5in; background-color: aqua;}"
          text run at (416,16) width 0: " "
          text run at (0,32) width 408: ".two {margin-bottom: 25px; background-color: aqua;}"
          text run at (408,32) width 0: " "
          text run at (0,48) width 416: ".three {margin-bottom: 5em; background-color: aqua;}"
          text run at (416,48) width 0: " "
          text run at (0,64) width 408: ".four {margin-bottom: 25%; background-color: aqua;}"
          text run at (408,64) width 0: " "
          text run at (0,80) width 224: ".five {margin-bottom: 25px;}"
          text run at (224,80) width 0: " "
          text run at (0,96) width 416: ".six {margin-bottom: -10px; background-color: aqua;}"
          text run at (416,96) width 0: " "
          text run at (0,112) width 176: "P, UL {margin-top: 0;}"
          text run at (176,112) width 0: " "
          text run at (0,128) width 0: " "
      RenderBlock {P} at (0,203) size 769x20 [bgcolor=#C0C0C0]
        RenderText {#text} at (0,0) size 203x19
          text run at (0,0) width 203: "This element has a class of zero."
      RenderBlock {P} at (0,223) size 769x40 [bgcolor=#00FFFF]
        RenderText {#text} at (0,0) size 740x39
          text run at (0,0) width 740: "This sentence should have a bottom margin of half an inch, which will require extra text in order to make sure that the"
          text run at (0,20) width 203: "margin isn't applied to each line."
      RenderBlock {P} at (0,311) size 769x40 [bgcolor=#00FFFF]
        RenderText {#text} at (0,0) size 723x39
          text run at (0,0) width 723: "This sentence should have a bottom margin of 25 pixels, which will require extra text in order to make sure that the"
          text run at (0,20) width 203: "margin isn't applied to each line."
      RenderBlock {P} at (0,376) size 769x40 [bgcolor=#00FFFF]
        RenderText {#text} at (0,0) size 745x39
          text run at (0,0) width 745: "This sentence should have a bottom margin of 5 em, which will require extra text in order to make sure that the margin"
          text run at (0,20) width 155: "isn't applied to each line."
      RenderBlock {P} at (0,496) size 769x40 [bgcolor=#00FFFF]
        RenderText {#text} at (0,0) size 767x39
          text run at (0,0) width 767: "This element should have a bottom margin of 25%, which will require extra text in order to make sure that the margin isn't"
          text run at (0,20) width 126: "applied to each line."
      RenderBlock {P} at (0,728) size 769x21 [bgcolor=#C0C0C0]
        RenderText {#text} at (0,0) size 203x19
          text run at (0,0) width 203: "This element has a class of zero."
      RenderBlock {P} at (0,748) size 769x21 [bgcolor=#C0C0C0]
        RenderText {#text} at (0,0) size 232x19
          text run at (0,0) width 232: "This element also has a class of zero."
      RenderBlock {UL} at (0,768) size 769x106 [bgcolor=#00FFFF]
        RenderListItem {LI} at (40,0) size 729x20
          RenderListMarker at (-18,0) size 7x19: bullet
          RenderText {#text} at (0,0) size 424x19
            text run at (0,0) width 424: "This list has a margin-bottom of 25px, and a light blue background."
        RenderListItem {LI} at (40,20) size 729x20
          RenderListMarker at (-18,0) size 7x19: bullet
          RenderText {#text} at (0,0) size 264x19
            text run at (0,0) width 264: "Therefore, it ought to have such a margin."
        RenderListItem {LI} at (40,40) size 729x20
          RenderListMarker at (-18,0) size 7x19: bullet
          RenderText {#text} at (0,0) size 591x19
            text run at (0,0) width 591: "This list item has a bottom margin of 25px, which should cause it to be offset in some fashion."
        RenderListItem {LI} at (40,85) size 729x20
          RenderListMarker at (-18,0) size 7x19: bullet
          RenderText {#text} at (0,0) size 294x19
            text run at (0,0) width 294: "This list item has no special styles applied to it."
      RenderBlock {P} at (0,898) size 769x61 [bgcolor=#00FFFF]
        RenderText {#text} at (0,0) size 759x59
          text run at (0,0) width 748: "This paragraph has a bottom margin of -10px, which should cause elements after it to be shifted \"upward\" on the page,"
          text run at (0,20) width 123: "and no top margin. "
          text run at (123,20) width 487: "No other styles have been applied to it besides a light blue background color. "
          text run at (610,20) width 149: "In all other respects, the"
          text run at (0,40) width 166: "element should be normal."
      RenderBlock {P} at (0,948) size 769x21 [bgcolor=#C0C0C0]
        RenderText {#text} at (0,0) size 203x19
          text run at (0,0) width 203: "This element has a class of zero."
      RenderBlock {P} at (0,968) size 769x21 [bgcolor=#C0C0C0]
        RenderText {#text} at (0,0) size 232x19
          text run at (0,0) width 232: "This element also has a class of zero."
      RenderTable {TABLE} at (0,988) size 769x818 [border: (1px outset #808080)]
        RenderTableSection {TBODY} at (1,1) size 767x816
          RenderTableRow {TR} at (0,0) size 767x28
            RenderTableCell {TD} at (0,0) size 767x28 [bgcolor=#C0C0C0] [border: (1px inset #808080)] [r=0 c=0 rs=1 cs=2]
              RenderInline {STRONG} at (0,0) size 160x19
                RenderText {#text} at (4,4) size 160x19
                  text run at (4,4) width 160: "TABLE Testing Section"
          RenderTableRow {TR} at (0,28) size 767x788
            RenderTableCell {TD} at (0,407) size 12x29 [bgcolor=#C0C0C0] [border: (1px inset #808080)] [r=1 c=0 rs=1 cs=1]
              RenderText {#text} at (4,3) size 4x21
                text run at (4,4) width 4: " "
            RenderTableCell {TD} at (12,28) size 755x788 [border: (1px inset #808080)] [r=1 c=1 rs=1 cs=1]
              RenderBlock {P} at (4,4) size 747x20 [bgcolor=#C0C0C0]
                RenderText {#text} at (0,0) size 203x19
                  text run at (0,0) width 203: "This element has a class of zero."
              RenderBlock {P} at (4,24) size 747x40 [bgcolor=#00FFFF]
                RenderText {#text} at (0,0) size 740x39
                  text run at (0,0) width 740: "This sentence should have a bottom margin of half an inch, which will require extra text in order to make sure that the"
                  text run at (0,20) width 203: "margin isn't applied to each line."
              RenderBlock {P} at (4,112) size 747x40 [bgcolor=#00FFFF]
                RenderText {#text} at (0,0) size 723x39
                  text run at (0,0) width 723: "This sentence should have a bottom margin of 25 pixels, which will require extra text in order to make sure that the"
                  text run at (0,20) width 203: "margin isn't applied to each line."
              RenderBlock {P} at (4,177) size 747x40 [bgcolor=#00FFFF]
                RenderText {#text} at (0,0) size 745x39
                  text run at (0,0) width 745: "This sentence should have a bottom margin of 5 em, which will require extra text in order to make sure that the margin"
                  text run at (0,20) width 155: "isn't applied to each line."
              RenderBlock {P} at (4,297) size 747x40 [bgcolor=#00FFFF]
                RenderText {#text} at (0,0) size 738x39
                  text run at (0,0) width 738: "This element should have a bottom margin of 25%, which will require extra text in order to make sure that the margin"
                  text run at (0,20) width 155: "isn't applied to each line."
              RenderBlock {P} at (4,523) size 747x21 [bgcolor=#C0C0C0]
                RenderText {#text} at (0,0) size 203x19
                  text run at (0,0) width 203: "This element has a class of zero."
              RenderBlock {P} at (4,543) size 747x21 [bgcolor=#C0C0C0]
                RenderText {#text} at (0,0) size 232x19
                  text run at (0,0) width 232: "This element also has a class of zero."
              RenderBlock {UL} at (4,563) size 747x106 [bgcolor=#00FFFF]
                RenderListItem {LI} at (40,0) size 707x20
                  RenderListMarker at (-18,0) size 7x19: bullet
                  RenderText {#text} at (0,0) size 424x19
                    text run at (0,0) width 424: "This list has a margin-bottom of 25px, and a light blue background."
                RenderListItem {LI} at (40,20) size 707x20
                  RenderListMarker at (-18,0) size 7x19: bullet
                  RenderText {#text} at (0,0) size 264x19
                    text run at (0,0) width 264: "Therefore, it ought to have such a margin."
                RenderListItem {LI} at (40,40) size 707x20
                  RenderListMarker at (-18,0) size 7x19: bullet
                  RenderText {#text} at (0,0) size 591x19
                    text run at (0,0) width 591: "This list item has a bottom margin of 25px, which should cause it to be offset in some fashion."
                RenderListItem {LI} at (40,85) size 707x20
                  RenderListMarker at (-18,0) size 7x19: bullet
                  RenderText {#text} at (0,0) size 294x19
                    text run at (0,0) width 294: "This list item has no special styles applied to it."
              RenderBlock {P} at (4,693) size 747x61 [bgcolor=#00FFFF]
                RenderText {#text} at (0,0) size 716x59
                  text run at (0,0) width 710: "This paragraph has a bottom margin of -10px, which should cause elements after it to be shifted \"upward\" on the"
                  text run at (0,20) width 161: "page, and no top margin. "
                  text run at (161,20) width 487: "No other styles have been applied to it besides a light blue background color. "
                  text run at (648,20) width 68: "In all other"
                  text run at (0,40) width 247: "respects, the element should be normal."
              RenderBlock {P} at (4,743) size 747x21 [bgcolor=#C0C0C0]
                RenderText {#text} at (0,0) size 203x19
                  text run at (0,0) width 203: "This element has a class of zero."
              RenderBlock {P} at (4,763) size 747x21 [bgcolor=#C0C0C0]
                RenderText {#text} at (0,0) size 232x19
                  text run at (0,0) width 232: "This element also has a class of zero."
layer at (8,201) size 769x2 clip at (0,0) size 0x0
  RenderBlock {HR} at (0,193) size 769x2 [border: (1px inset #000000)]
