layer at (0,0) size 785x809
  RenderView at (0,0) size 785x600
layer at (0,0) size 785x809
  RenderBlock {HTML} at (0,0) size 785x809
    RenderBody {BODY} at (8,8) size 769x793 [bgcolor=#CCCCCC]
      RenderBlock {P} at (0,0) size 769x20
        RenderText {#text} at (0,0) size 337x19
          text run at (0,0) width 337: "The style declarations which apply to the text below are:"
      RenderBlock {PRE} at (0,36) size 769x64
        RenderText {#text} at (0,0) size 368x64
          text run at (0,0) width 360: ".zero {background-color: silver; padding: 0;}"
          text run at (360,0) width 0: " "
          text run at (0,16) width 360: ".one {padding: 25px; background-color: aqua;}"
          text run at (360,16) width 0: " "
          text run at (0,32) width 368: ".two {padding: -10px; background-color: aqua;}"
          text run at (368,32) width 0: " "
          text run at (0,48) width 0: " "
      RenderBlock {HR} at (0,113) size 769x2 [border: (1px inset #000000)]
      RenderBlock {P} at (0,131) size 769x20 [bgcolor=#C0C0C0]
        RenderText {#text} at (0,0) size 193x19
          text run at (0,0) width 193: "This element has a class of zero."
      RenderBlock {P} at (0,167) size 769x120 [bgcolor=#808080]
        RenderText {#text} at (0,0) size 453x19
          text run at (0,0) width 369: "This element is unstyled save for a background color of gray. "
          text run at (369,0) width 84: "It contains an "
        RenderInline {SPAN} at (0,0) size 739x89 [bgcolor=#00FFFF]
          RenderText {#text} at (478,0) size 133x19
            text run at (478,0) width 133: "inline element of class "
          RenderInline {TT} at (0,0) size 24x16
            RenderText {#text} at (611,3) size 24x16
              text run at (611,3) width 24: "one"
          RenderText {#text} at (635,0) size 739x39
            text run at (635,0) width 104: ", giving it an aqua"
            text run at (0,20) width 196: "background and a 25px padding"
        RenderText {#text} at (221,20) size 739x99
          text run at (221,20) width 8: ". "
          text run at (229,20) width 496: "Padding on inline elements does not affect line-height calculations, so all lines in this"
          text run at (0,40) width 251: "element should have the same line-height. "
          text run at (251,40) width 488: "There may be implementation-specific limits on how much of the padding the user"
          text run at (0,60) width 308: "agent is able to display above and below each line. "
          text run at (308,60) width 431: "However, there should be at least 25px of padding to the left side of the"
          text run at (0,80) width 720: "inline box in the first line it appears, and 25px of padding to the right side of the inline element box in the last line where it"
          text run at (0,100) width 52: "appears."
      RenderBlock {P} at (0,303) size 769x20 [bgcolor=#C0C0C0]
        RenderText {#text} at (0,0) size 193x19
          text run at (0,0) width 193: "This element has a class of zero."
      RenderBlock {P} at (0,339) size 769x60 [bgcolor=#808080]
        RenderText {#text} at (0,0) size 453x19
          text run at (0,0) width 369: "This element is unstyled save for a background color of gray. "
          text run at (369,0) width 84: "It contains an "
        RenderInline {SPAN} at (0,0) size 714x39 [bgcolor=#00FFFF]
          RenderText {#text} at (453,0) size 133x19
            text run at (453,0) width 133: "inline element of class "
          RenderInline {TT} at (0,0) size 24x16
            RenderText {#text} at (586,3) size 24x16
              text run at (586,3) width 24: "two"
          RenderText {#text} at (610,0) size 714x39
            text run at (610,0) width 104: ", giving it an aqua"
            text run at (0,20) width 450: "background and no padding, since negative padding values are not allowed"
        RenderText {#text} at (450,20) size 739x39
          text run at (450,20) width 8: ". "
          text run at (458,20) width 281: "Padding on inline elements does not affect line-"
          text run at (0,40) width 466: "height calculations, so all lines in this element should have the same line-height."
      RenderBlock {P} at (0,415) size 769x20 [bgcolor=#C0C0C0]
        RenderText {#text} at (0,0) size 193x19
          text run at (0,0) width 193: "This element has a class of zero."
      RenderTable {TABLE} at (0,451) size 769x342 [border: (1px outset #808080)]
        RenderTableSection {TBODY} at (1,1) size 767x340
          RenderTableRow {TR} at (0,0) size 767x28
            RenderTableCell {TD} at (0,0) size 767x28 [bgcolor=#C0C0C0] [border: (1px inset #808080)] [r=0 c=0 rs=1 cs=2]
              RenderInline {STRONG} at (0,0) size 159x19
                RenderText {#text} at (4,4) size 159x19
                  text run at (4,4) width 159: "TABLE Testing Section"
          RenderTableRow {TR} at (0,28) size 767x312
            RenderTableCell {TD} at (0,170) size 12x28 [bgcolor=#C0C0C0] [border: (1px inset #808080)] [r=1 c=0 rs=1 cs=1]
              RenderText {#text} at (4,4) size 4x19
                text run at (4,4) width 4: " "
            RenderTableCell {TD} at (12,28) size 755x312 [border: (1px inset #808080)] [r=1 c=1 rs=1 cs=1]
              RenderBlock {P} at (4,4) size 747x20 [bgcolor=#C0C0C0]
                RenderText {#text} at (0,0) size 193x19
                  text run at (0,0) width 193: "This element has a class of zero."
              RenderBlock {P} at (4,40) size 747x120 [bgcolor=#808080]
                RenderText {#text} at (0,0) size 453x19
                  text run at (0,0) width 369: "This element is unstyled save for a background color of gray. "
                  text run at (369,0) width 84: "It contains an "
                RenderInline {SPAN} at (0,0) size 739x89 [bgcolor=#00FFFF]
                  RenderText {#text} at (478,0) size 133x19
                    text run at (478,0) width 133: "inline element of class "
                  RenderInline {TT} at (0,0) size 24x16
                    RenderText {#text} at (611,3) size 24x16
                      text run at (611,3) width 24: "one"
                  RenderText {#text} at (635,0) size 739x39
                    text run at (635,0) width 104: ", giving it an aqua"
                    text run at (0,20) width 196: "background and a 25px padding"
                RenderText {#text} at (221,20) size 739x99
                  text run at (221,20) width 8: ". "
                  text run at (229,20) width 496: "Padding on inline elements does not affect line-height calculations, so all lines in this"
                  text run at (0,40) width 251: "element should have the same line-height. "
                  text run at (251,40) width 488: "There may be implementation-specific limits on how much of the padding the user"
                  text run at (0,60) width 308: "agent is able to display above and below each line. "
                  text run at (308,60) width 431: "However, there should be at least 25px of padding to the left side of the"
                  text run at (0,80) width 720: "inline box in the first line it appears, and 25px of padding to the right side of the inline element box in the last line where it"
                  text run at (0,100) width 52: "appears."
              RenderBlock {P} at (4,176) size 747x20 [bgcolor=#C0C0C0]
                RenderText {#text} at (0,0) size 193x19
                  text run at (0,0) width 193: "This element has a class of zero."
              RenderBlock {P} at (4,212) size 747x60 [bgcolor=#808080]
                RenderText {#text} at (0,0) size 453x19
                  text run at (0,0) width 369: "This element is unstyled save for a background color of gray. "
                  text run at (369,0) width 84: "It contains an "
                RenderInline {SPAN} at (0,0) size 714x39 [bgcolor=#00FFFF]
                  RenderText {#text} at (453,0) size 133x19
                    text run at (453,0) width 133: "inline element of class "
                  RenderInline {TT} at (0,0) size 24x16
                    RenderText {#text} at (586,3) size 24x16
                      text run at (586,3) width 24: "two"
                  RenderText {#text} at (610,0) size 714x39
                    text run at (610,0) width 104: ", giving it an aqua"
                    text run at (0,20) width 450: "background and no padding, since negative padding values are not allowed"
                RenderText {#text} at (450,20) size 739x39
                  text run at (450,20) width 8: ". "
                  text run at (458,20) width 281: "Padding on inline elements does not affect line-"
                  text run at (0,40) width 466: "height calculations, so all lines in this element should have the same line-height."
              RenderBlock {P} at (4,288) size 747x20 [bgcolor=#C0C0C0]
                RenderText {#text} at (0,0) size 193x19
                  text run at (0,0) width 193: "This element has a class of zero."
