layer at (0,0) size 800x600
  RenderView at (0,0) size 800x600
layer at (0,0) size 800x600
  RenderBlock {HTML} at (0,0) size 800x600
    RenderBody {BODY} at (8,8) size 784x584 [bgcolor=#CCCCCC]
      RenderBlock {P} at (0,0) size 784x20
        RenderText {#text} at (0,0) size 355x19
          text run at (0,0) width 355: "The style declarations which apply to the text below are:"
      RenderBlock {PRE} at (0,36) size 784x48
        RenderText {#text} at (0,0) size 424x48
          text run at (0,0) width 416: ".one {padding-bottom: 25px; background-color: aqua;}"
          text run at (416,0) width 0: " "
          text run at (0,16) width 424: ".two {padding-bottom: -10px; background-color: aqua;}"
          text run at (424,16) width 0: " "
          text run at (0,32) width 0: " "
      RenderBlock {P} at (0,115) size 784x80 [bgcolor=#808080]
        RenderText {#text} at (0,0) size 476x19
          text run at (0,0) width 388: "This element is unstyled save for a background color of gray. "
          text run at (388,0) width 88: "It contains an "
        RenderInline {SPAN} at (0,0) size 756x64 [bgcolor=#00FFFF]
          RenderText {#text} at (476,0) size 143x19
            text run at (476,0) width 143: "inline element of class "
          RenderInline {TT} at (0,0) size 24x16
            RenderText {#text} at (619,3) size 24x16
              text run at (619,3) width 24: "one"
          RenderText {#text} at (643,0) size 756x39
            text run at (643,0) width 113: ", giving it an aqua"
            text run at (0,20) width 252: "background and a 25px bottom padding"
        RenderText {#text} at (252,20) size 781x59
          text run at (252,20) width 8: ". "
          text run at (260,20) width 505: "Padding on inline elements does not affect line-height calculations, so all lines in"
          text run at (0,40) width 293: "this element should have the same line-height. "
          text run at (293,40) width 488: "There may be implementation-specific limits on how much of the padding the"
          text run at (0,60) width 176: "user agent is able to display."
      RenderBlock {P} at (0,211) size 784x60 [bgcolor=#808080]
        RenderText {#text} at (0,0) size 476x19
          text run at (0,0) width 388: "This element is unstyled save for a background color of gray. "
          text run at (388,0) width 88: "It contains an "
        RenderInline {SPAN} at (0,0) size 756x39 [bgcolor=#00FFFF]
          RenderText {#text} at (476,0) size 143x19
            text run at (476,0) width 143: "inline element of class "
          RenderInline {TT} at (0,0) size 24x16
            RenderText {#text} at (619,3) size 24x16
              text run at (619,3) width 24: "two"
          RenderText {#text} at (643,0) size 756x39
            text run at (643,0) width 113: ", giving it an aqua"
            text run at (0,20) width 522: "background and no bottom padding, since negative padding values are not allowed"
        RenderText {#text} at (522,20) size 757x39
          text run at (522,20) width 8: ". "
          text run at (530,20) width 227: "Padding on inline elements does not"
          text run at (0,40) width 567: "affect line-height calculations, so all lines in this element should have the same line-height."
      RenderTable {TABLE} at (0,287) size 784x194 [border: (1px outset #808080)]
        RenderTableSection {TBODY} at (1,1) size 782x192
          RenderTableRow {TR} at (0,0) size 782x28
            RenderTableCell {TD} at (0,0) size 782x28 [bgcolor=#C0C0C0] [border: (1px inset #808080)] [r=0 c=0 rs=1 cs=2]
              RenderInline {STRONG} at (0,0) size 160x19
                RenderText {#text} at (4,4) size 160x19
                  text run at (4,4) width 160: "TABLE Testing Section"
          RenderTableRow {TR} at (0,28) size 782x164
            RenderTableCell {TD} at (0,96) size 12x28 [bgcolor=#C0C0C0] [border: (1px inset #808080)] [r=1 c=0 rs=1 cs=1]
              RenderText {#text} at (4,4) size 4x19
                text run at (4,4) width 4: " "
            RenderTableCell {TD} at (12,28) size 770x164 [border: (1px inset #808080)] [r=1 c=1 rs=1 cs=1]
              RenderBlock {P} at (4,4) size 762x80 [bgcolor=#808080]
                RenderText {#text} at (0,0) size 476x19
                  text run at (0,0) width 388: "This element is unstyled save for a background color of gray. "
                  text run at (388,0) width 88: "It contains an "
                RenderInline {SPAN} at (0,0) size 756x64 [bgcolor=#00FFFF]
                  RenderText {#text} at (476,0) size 143x19
                    text run at (476,0) width 143: "inline element of class "
                  RenderInline {TT} at (0,0) size 24x16
                    RenderText {#text} at (619,3) size 24x16
                      text run at (619,3) width 24: "one"
                  RenderText {#text} at (643,0) size 756x39
                    text run at (643,0) width 113: ", giving it an aqua"
                    text run at (0,20) width 252: "background and a 25px bottom padding"
                RenderText {#text} at (252,20) size 749x59
                  text run at (252,20) width 8: ". "
                  text run at (260,20) width 489: "Padding on inline elements does not affect line-height calculations, so all lines"
                  text run at (0,40) width 309: "in this element should have the same line-height. "
                  text run at (309,40) width 410: "There may be implementation-specific limits on how much of the"
                  text run at (0,60) width 254: "padding the user agent is able to display."
              RenderBlock {P} at (4,100) size 762x60 [bgcolor=#808080]
                RenderText {#text} at (0,0) size 476x19
                  text run at (0,0) width 388: "This element is unstyled save for a background color of gray. "
                  text run at (388,0) width 88: "It contains an "
                RenderInline {SPAN} at (0,0) size 756x39 [bgcolor=#00FFFF]
                  RenderText {#text} at (476,0) size 143x19
                    text run at (476,0) width 143: "inline element of class "
                  RenderInline {TT} at (0,0) size 24x16
                    RenderText {#text} at (619,3) size 24x16
                      text run at (619,3) width 24: "two"
                  RenderText {#text} at (643,0) size 756x39
                    text run at (643,0) width 113: ", giving it an aqua"
                    text run at (0,20) width 522: "background and no bottom padding, since negative padding values are not allowed"
                RenderText {#text} at (522,20) size 757x39
                  text run at (522,20) width 8: ". "
                  text run at (530,20) width 227: "Padding on inline elements does not"
                  text run at (0,40) width 567: "affect line-height calculations, so all lines in this element should have the same line-height."
layer at (8,105) size 784x2 clip at (0,0) size 0x0
  RenderBlock {HR} at (0,97) size 784x2 [border: (1px inset #000000)]
