layer at (0,0) size 785x1065
  RenderView at (0,0) size 785x600
layer at (0,0) size 785x1065
  RenderBlock {HTML} at (0,0) size 785x1065
    RenderBody {BODY} at (8,8) size 769x1049 [bgcolor=#CCCCCC]
      RenderBlock {P} at (0,0) size 769x20
        RenderText {#text} at (0,0) size 355x19
          text run at (0,0) width 355: "The style declarations which apply to the text below are:"
      RenderBlock {PRE} at (0,36) size 769x96
        RenderText {#text} at (0,0) size 416x96
          text run at (0,0) width 400: ".zero {background-color: silver; padding-left: 0;}"
          text run at (400,0) width 0: " "
          text run at (0,16) width 408: ".one {padding-left: 0.5in; background-color: aqua;}"
          text run at (408,16) width 0: " "
          text run at (0,32) width 400: ".two {padding-left: 25px; background-color: aqua;}"
          text run at (400,32) width 0: " "
          text run at (0,48) width 408: ".three {padding-left: 5em; background-color: aqua;}"
          text run at (408,48) width 0: " "
          text run at (0,64) width 400: ".four {padding-left: 25%; background-color: aqua;}"
          text run at (400,64) width 0: " "
          text run at (0,80) width 416: ".five {padding-left: -20px; background-color: aqua;}"
          text run at (416,80) width 0: " "
      RenderBlock {P} at (0,163) size 769x20 [bgcolor=#C0C0C0]
        RenderText {#text} at (0,0) size 203x19
          text run at (0,0) width 203: "This element has a class of zero."
      RenderBlock {P} at (0,199) size 769x40 [bgcolor=#00FFFF]
        RenderText {#text} at (48,0) size 687x39
          text run at (48,0) width 633: "This element should have a left padding of half an inch, which will require extra text in order to test. "
          text run at (681,0) width 54: "Both the"
          text run at (48,20) width 406: "content background and the padding should be aqua (light blue)."
      RenderBlock {P} at (0,255) size 769x40 [bgcolor=#00FFFF]
        RenderText {#text} at (25,0) size 720x39
          text run at (25,0) width 616: "This element should have a left padding of 25 pixels, which will require extra text in order to test. "
          text run at (641,0) width 104: "Both the content"
          text run at (25,20) width 356: "background and the padding should be aqua (light blue)."
      RenderBlock {P} at (0,311) size 769x40 [bgcolor=#00FFFF]
        RenderText {#text} at (80,0) size 640x39
          text run at (80,0) width 586: "This element should have a left padding of 5em, which will require extra text in order to test. "
          text run at (666,0) width 54: "Both the"
          text run at (80,20) width 406: "content background and the padding should be aqua (light blue)."
      RenderBlock {P} at (0,367) size 769x60 [bgcolor=#00FFFF]
        RenderText {#text} at (192,0) size 568x59
          text run at (192,0) width 549: "This element should have a left padding of 25%, which is calculated with respect to the"
          text run at (192,20) width 181: "width of the parent element. "
          text run at (372,20) width 388: "Both the content background and the padding should be aqua"
          text run at (192,40) width 74: "(light blue)."
      RenderBlock {UL} at (0,443) size 769x80 [bgcolor=#808080]
        RenderListItem {LI} at (25,0) size 744x20
          RenderListMarker at (-18,0) size 7x19: bullet
          RenderText {#text} at (0,0) size 715x19
            text run at (0,0) width 715: "The left padding on this unordered list has been set to 25 pixels, which will require some extra test in order to test."
        RenderListItem {LI} at (25,20) size 744x60 [bgcolor=#FFFFFF]
          RenderListMarker at (-18,0) size 7x19: bullet
          RenderText {#text} at (25,0) size 712x59
            text run at (25,0) width 712: "Another list item might not be such a bad idea, either, considering that such things do need to be double-checked."
            text run at (25,20) width 696: "This list item has its left padding also set to 25 pixels, which should combine with the list's padding to make 50"
            text run at (25,40) width 106: "pixels of margin."
      RenderBlock {P} at (0,539) size 769x40 [bgcolor=#00FFFF]
        RenderText {#text} at (0,0) size 748x39
          text run at (0,0) width 565: "This element should have no left padding, since negative padding values are not allowed. "
          text run at (565,0) width 183: "Both the content background"
          text run at (0,20) width 325: "and the normal padding should be aqua (light blue)."
      RenderTable {TABLE} at (0,595) size 769x454 [border: (1px outset #808080)]
        RenderTableSection {TBODY} at (1,1) size 767x452
          RenderTableRow {TR} at (0,0) size 767x28
            RenderTableCell {TD} at (0,0) size 767x28 [bgcolor=#C0C0C0] [border: (1px inset #808080)] [r=0 c=0 rs=1 cs=2]
              RenderInline {STRONG} at (0,0) size 160x19
                RenderText {#text} at (4,4) size 160x19
                  text run at (4,4) width 160: "TABLE Testing Section"
          RenderTableRow {TR} at (0,28) size 767x424
            RenderTableCell {TD} at (0,226) size 12x28 [bgcolor=#C0C0C0] [border: (1px inset #808080)] [r=1 c=0 rs=1 cs=1]
              RenderText {#text} at (4,4) size 4x19
                text run at (4,4) width 4: " "
            RenderTableCell {TD} at (12,28) size 755x424 [border: (1px inset #808080)] [r=1 c=1 rs=1 cs=1]
              RenderBlock {P} at (4,4) size 747x20 [bgcolor=#C0C0C0]
                RenderText {#text} at (0,0) size 203x19
                  text run at (0,0) width 203: "This element has a class of zero."
              RenderBlock {P} at (4,40) size 747x40 [bgcolor=#00FFFF]
                RenderText {#text} at (48,0) size 687x39
                  text run at (48,0) width 633: "This element should have a left padding of half an inch, which will require extra text in order to test. "
                  text run at (681,0) width 54: "Both the"
                  text run at (48,20) width 406: "content background and the padding should be aqua (light blue)."
              RenderBlock {P} at (4,96) size 747x40 [bgcolor=#00FFFF]
                RenderText {#text} at (25,0) size 720x39
                  text run at (25,0) width 616: "This element should have a left padding of 25 pixels, which will require extra text in order to test. "
                  text run at (641,0) width 104: "Both the content"
                  text run at (25,20) width 356: "background and the padding should be aqua (light blue)."
              RenderBlock {P} at (4,152) size 747x40 [bgcolor=#00FFFF]
                RenderText {#text} at (80,0) size 640x39
                  text run at (80,0) width 586: "This element should have a left padding of 5em, which will require extra text in order to test. "
                  text run at (666,0) width 54: "Both the"
                  text run at (80,20) width 406: "content background and the padding should be aqua (light blue)."
              RenderBlock {P} at (4,208) size 747x60 [bgcolor=#00FFFF]
                RenderText {#text} at (186,0) size 549x59
                  text run at (186,0) width 549: "This element should have a left padding of 25%, which is calculated with respect to the"
                  text run at (186,20) width 181: "width of the parent element. "
                  text run at (366,20) width 354: "Both the content background and the padding should be"
                  text run at (186,40) width 108: "aqua (light blue)."
              RenderBlock {UL} at (4,284) size 747x80 [bgcolor=#808080]
                RenderListItem {LI} at (25,0) size 722x20
                  RenderListMarker at (-18,0) size 7x19: bullet
                  RenderText {#text} at (0,0) size 715x19
                    text run at (0,0) width 715: "The left padding on this unordered list has been set to 25 pixels, which will require some extra test in order to test."
                RenderListItem {LI} at (25,20) size 722x60 [bgcolor=#FFFFFF]
                  RenderListMarker at (-18,0) size 7x19: bullet
                  RenderText {#text} at (25,0) size 682x59
                    text run at (25,0) width 656: "Another list item might not be such a bad idea, either, considering that such things do need to be double-"
                    text run at (25,20) width 60: "checked. "
                    text run at (85,20) width 622: "This list item has its left padding also set to 25 pixels, which should combine with the list's padding"
                    text run at (25,40) width 180: "to make 50 pixels of margin."
              RenderBlock {P} at (4,380) size 747x40 [bgcolor=#00FFFF]
                RenderText {#text} at (0,0) size 669x39
                  text run at (0,0) width 565: "This element should have no left padding, since negative padding values are not allowed. "
                  text run at (565,0) width 104: "Both the content"
                  text run at (0,20) width 404: "background and the normal padding should be aqua (light blue)."
layer at (8,153) size 769x2 clip at (0,0) size 0x0
  RenderBlock {HR} at (0,145) size 769x2 [border: (1px inset #000000)]
