layer at (0,0) size 785x1245
  RenderView at (0,0) size 785x600
layer at (0,0) size 785x1245
  RenderBlock {HTML} at (0,0) size 785x1245
    RenderBody {BODY} at (8,8) size 769x1229 [bgcolor=#CCCCCC]
      RenderBlock {P} at (0,0) size 769x20
        RenderText {#text} at (0,0) size 355x19
          text run at (0,0) width 355: "The style declarations which apply to the text below are:"
      RenderBlock {PRE} at (0,36) size 769x96
        RenderText {#text} at (0,0) size 576x96
          text run at (0,0) width 408: ".zero {background-color: silver; padding-right: 0;}"
          text run at (408,0) width 0: " "
          text run at (0,16) width 568: ".one {padding-right: 0.5in; text-align: right; background-color: aqua;}"
          text run at (568,16) width 0: " "
          text run at (0,32) width 560: ".two {padding-right: 25px; text-align: right; background-color: aqua;}"
          text run at (560,32) width 0: " "
          text run at (0,48) width 568: ".three {padding-right: 5em; text-align: right; background-color: aqua;}"
          text run at (568,48) width 0: " "
          text run at (0,64) width 560: ".four {padding-right: 25%; text-align: right; background-color: aqua;}"
          text run at (560,64) width 0: " "
          text run at (0,80) width 576: ".five {padding-right: -20px; text-align: right; background-color: aqua;}"
          text run at (576,80) width 0: " "
      RenderBlock {P} at (0,163) size 769x20 [bgcolor=#C0C0C0]
        RenderText {#text} at (0,0) size 203x19
          text run at (0,0) width 203: "This element has a class of zero."
      RenderBlock {P} at (0,199) size 769x60 [bgcolor=#00FFFF]
        RenderText {#text} at (25,0) size 712x59
          text run at (25,0) width 642: "This element should have a right padding of half an inch, which will require extra text in order to test. "
          text run at (667,0) width 54: "Both the"
          text run at (9,20) width 410: "content background and the padding should be aqua (light blue). "
          text run at (419,20) width 302: "The text has been right-aligned in order to make"
          text run at (530,40) width 191: "the right padding easier to see."
      RenderBlock {P} at (0,275) size 769x60 [bgcolor=#00FFFF]
        RenderText {#text} at (15,0) size 729x59
          text run at (15,0) width 625: "This element should have a right padding of 25 pixels, which will require extra text in order to test. "
          text run at (640,0) width 104: "Both the content"
          text run at (26,20) width 360: "background and the padding should be aqua (light blue). "
          text run at (386,20) width 358: "The text has been right-aligned in order to make the right"
          text run at (609,40) width 135: "padding easier to see."
      RenderBlock {P} at (0,351) size 769x60 [bgcolor=#00FFFF]
        RenderText {#text} at (36,0) size 674x59
          text run at (36,0) width 599: "This element should have a right padding of 5 em, which will require extra text in order to test. "
          text run at (635,0) width 54: "Both the"
          text run at (15,20) width 410: "content background and the padding should be aqua (light blue). "
          text run at (425,20) width 264: "The text has been right-aligned in order to"
          text run at (460,40) width 229: "make the right padding easier to see."
      RenderBlock {P} at (0,427) size 769x60 [bgcolor=#00FFFF]
        RenderText {#text} at (19,0) size 575x59
          text run at (19,0) width 558: "This element should have a right padding of 25%, which is calculated with respect to the"
          text run at (9,20) width 181: "width of the parent element. "
          text run at (189,20) width 388: "Both the content background and the padding should be aqua"
          text run at (2,40) width 78: "(light blue). "
          text run at (79,40) width 498: "The text has been right-aligned in order to make the right padding easier to see."
      RenderBlock {UL} at (0,503) size 769x80 [bgcolor=#808080]
        RenderListItem {LI} at (40,0) size 704x40
          RenderListMarker at (-18,0) size 7x19: bullet
          RenderText {#text} at (7,0) size 697x39
            text run at (7,0) width 697: "The right padding on this unordered list has been set to 25 pixels, which will require some extra text in order to"
            text run at (679,20) width 25: "test."
        RenderListItem {LI} at (40,40) size 704x40 [bgcolor=#FFFFFF]
          RenderListMarker at (-18,0) size 7x19: bullet
          RenderText {#text} at (20,0) size 659x39
            text run at (20,0) width 659: "This list item has a right padding of 25 pixels, which will appear to the left of the gray padding of the UL"
            text run at (626,20) width 53: "element."
      RenderBlock {P} at (0,599) size 769x60 [bgcolor=#00FFFF]
        RenderText {#text} at (12,0) size 757x59
          text run at (12,0) width 574: "This element should have no right padding, since negative padding values are not allowed. "
          text run at (586,0) width 183: "Both the content background"
          text run at (35,20) width 329: "and the normal padding should be aqua (light blue). "
          text run at (364,20) width 405: "The text has been right-aligned in order to make the lack of right"
          text run at (634,40) width 135: "padding easier to see."
      RenderTable {TABLE} at (0,675) size 769x554 [border: (1px outset #808080)]
        RenderTableSection {TBODY} at (1,1) size 767x552
          RenderTableRow {TR} at (0,0) size 767x28
            RenderTableCell {TD} at (0,0) size 767x28 [bgcolor=#C0C0C0] [border: (1px inset #808080)] [r=0 c=0 rs=1 cs=2]
              RenderInline {STRONG} at (0,0) size 160x19
                RenderText {#text} at (4,4) size 160x19
                  text run at (4,4) width 160: "TABLE Testing Section"
          RenderTableRow {TR} at (0,28) size 767x524
            RenderTableCell {TD} at (0,276) size 12x28 [bgcolor=#C0C0C0] [border: (1px inset #808080)] [r=1 c=0 rs=1 cs=1]
              RenderText {#text} at (4,4) size 4x19
                text run at (4,4) width 4: " "
            RenderTableCell {TD} at (12,28) size 755x524 [border: (1px inset #808080)] [r=1 c=1 rs=1 cs=1]
              RenderBlock {P} at (4,4) size 747x20 [bgcolor=#C0C0C0]
                RenderText {#text} at (0,0) size 203x19
                  text run at (0,0) width 203: "This element has a class of zero."
              RenderBlock {P} at (4,40) size 747x60 [bgcolor=#00FFFF]
                RenderText {#text} at (3,0) size 696x59
                  text run at (3,0) width 642: "This element should have a right padding of half an inch, which will require extra text in order to test. "
                  text run at (645,0) width 54: "Both the"
                  text run at (25,20) width 410: "content background and the padding should be aqua (light blue). "
                  text run at (435,20) width 264: "The text has been right-aligned in order to"
                  text run at (470,40) width 229: "make the right padding easier to see."
              RenderBlock {P} at (4,116) size 747x60 [bgcolor=#00FFFF]
                RenderText {#text} at (43,0) size 712x59
                  text run at (43,0) width 625: "This element should have a right padding of 25 pixels, which will require extra text in order to test. "
                  text run at (668,0) width 54: "Both the"
                  text run at (10,20) width 410: "content background and the padding should be aqua (light blue). "
                  text run at (420,20) width 302: "The text has been right-aligned in order to make"
                  text run at (531,40) width 191: "the right padding easier to see."
              RenderBlock {P} at (4,192) size 747x60 [bgcolor=#00FFFF]
                RenderText {#text} at (14,0) size 658x59
                  text run at (14,0) width 599: "This element should have a right padding of 5 em, which will require extra text in order to test. "
                  text run at (613,0) width 54: "Both the"
                  text run at (9,20) width 410: "content background and the padding should be aqua (light blue). "
                  text run at (419,20) width 248: "The text has been right-aligned in order"
                  text run at (422,40) width 245: "to make the right padding easier to see."
              RenderBlock {P} at (4,268) size 747x80 [bgcolor=#00FFFF]
                RenderText {#text} at (3,0) size 558x79
                  text run at (3,0) width 558: "This element should have a right padding of 25%, which is calculated with respect to the"
                  text run at (27,20) width 181: "width of the parent element. "
                  text run at (207,20) width 354: "Both the content background and the padding should be"
                  text run at (36,40) width 112: "aqua (light blue). "
                  text run at (147,40) width 414: "The text has been right-aligned in order to make the right padding"
                  text run at (480,60) width 81: "easier to see."
              RenderBlock {UL} at (4,364) size 747x80 [bgcolor=#808080]
                RenderListItem {LI} at (40,0) size 682x40
                  RenderListMarker at (-18,0) size 7x19: bullet
                  RenderText {#text} at (1,0) size 681x39
                    text run at (1,0) width 681: "The right padding on this unordered list has been set to 25 pixels, which will require some extra text in order"
                    text run at (641,20) width 41: "to test."
                RenderListItem {LI} at (40,40) size 682x40 [bgcolor=#FFFFFF]
                  RenderListMarker at (-18,0) size 7x19: bullet
                  RenderText {#text} at (23,0) size 634x39
                    text run at (23,0) width 634: "This list item has a right padding of 25 pixels, which will appear to the left of the gray padding of the"
                    text run at (579,20) width 78: "UL element."
              RenderBlock {P} at (4,460) size 747x60 [bgcolor=#00FFFF]
                RenderText {#text} at (69,0) size 733x59
                  text run at (69,0) width 574: "This element should have no right padding, since negative padding values are not allowed. "
                  text run at (643,0) width 104: "Both the content"
                  text run at (14,20) width 408: "background and the normal padding should be aqua (light blue). "
                  text run at (422,20) width 325: "The text has been right-aligned in order to make the"
                  text run at (532,40) width 215: "lack of right padding easier to see."
layer at (8,153) size 769x2 clip at (0,0) size 0x0
  RenderBlock {HR} at (0,145) size 769x2 [border: (1px inset #000000)]
