layer at (0,0) size 800x600
  RenderView at (0,0) size 800x600
layer at (0,0) size 800x94
  RenderBlock {HTML} at (0,0) size 800x94
    RenderBody {BODY} at (8,16) size 784x70
      RenderBlock {P} at (0,0) size 784x18
        RenderText {#text} at (0,0) size 298x17
          text run at (0,0) width 298: "Test passes if both the lines below are identical."
      RenderFlexibleBox {DIV} at (0,34) size 48x18
        RenderBlock {SPAN} at (0,0) size 16x18
          RenderText {#text} at (0,0) size 12x17
            text run at (0,0) width 12: "A"
        RenderBlock {SPAN} at (16,0) size 16x18
          RenderText {#text} at (0,0) size 11x17
            text run at (0,0) width 11: "B"
        RenderBlock {SPAN} at (32,0) size 16x18
          RenderText {#text} at (0,0) size 11x17
            text run at (0,0) width 11: "C"
      RenderFlexibleBox {DIV} at (0,52) size 48x18
        RenderBlock {SPAN} at (32,0) size 16x18
          RenderText {#text} at (0,0) size 11x17
            text run at (0,0) width 11: "C"
        RenderBlock {SPAN} at (16,0) size 16x18
          RenderText {#text} at (0,0) size 11x17
            text run at (0,0) width 11: "B"
        RenderBlock {SPAN} at (0,0) size 16x18
          RenderText {#text} at (0,0) size 12x17
            text run at (0,0) width 12: "A"
