layer at (0,0) size 800x600
  RenderView at (0,0) size 800x600
layer at (0,0) size 800x178
  RenderBlock {HTML} at (0,0) size 800x178
layer at (8,8) size 162x162 clip at (9,9) size 145x145 scrollHeight 256
  RenderBody {BODY} at (8,8) size 162x162 [color=#000080] [border: (1px solid #000080)]
    RenderBlock {P} at (1,17) size 145x80
      RenderText {#text} at (0,0) size 140x79
        text run at (0,0) width 104: "There should be"
        text run at (0,20) width 140: "scrollbars for this box"
        text run at (0,40) width 82: "-- not for the"
        text run at (0,60) width 61: "viewport."
    RenderBlock {P} at (1,113) size 145x20 [color=#808080]
      RenderText {#text} at (0,0) size 111x19
        text run at (0,0) width 111: "This is filler text."
    RenderBlock {P} at (1,149) size 145x20 [color=#808080]
      RenderText {#text} at (0,0) size 111x19
        text run at (0,0) width 111: "This is filler text."
    RenderBlock {P} at (1,185) size 145x20 [color=#808080]
      RenderText {#text} at (0,0) size 111x19
        text run at (0,0) width 111: "This is filler text."
    RenderBlock {P} at (1,221) size 145x20 [color=#808080]
      RenderText {#text} at (0,0) size 111x19
        text run at (0,0) width 111: "This is filler text."
