layer at (0,0) size 800x600
  RenderView at (0,0) size 800x600
layer at (0,0) size 800x340
  RenderBlock {html} at (0,0) size 800x340
    RenderBody {body} at (8,170) size 162x162 [color=#000080] [border: (1px solid #000080)]
      RenderBlock {p} at (1,17) size 160x140
        RenderText {#text} at (0,0) size 158x139
          text run at (0,0) width 104: "There should be"
          text run at (0,20) width 109: "scrollbars for the"
          text run at (0,40) width 146: "viewport -- not for this"
          text run at (0,60) width 158: "box. (Additionally, there"
          text run at (0,80) width 144: "should be a box above"
          text run at (0,100) width 92: "that does have"
          text run at (0,120) width 72: "scrollbars.)"
      RenderBlock {p} at (1,173) size 160x20 [color=#808080]
        RenderText {#text} at (0,0) size 111x19
          text run at (0,0) width 111: "This is filler text."
      RenderBlock {p} at (1,209) size 160x20 [color=#808080]
        RenderText {#text} at (0,0) size 111x19
          text run at (0,0) width 111: "This is filler text."
      RenderBlock {p} at (1,245) size 160x20 [color=#808080]
        RenderText {#text} at (0,0) size 111x19
          text run at (0,0) width 111: "This is filler text."
      RenderBlock {p} at (1,281) size 160x20 [color=#808080]
        RenderText {#text} at (0,0) size 111x19
          text run at (0,0) width 111: "This is filler text."
layer at (0,0) size 162x162 clip at (1,1) size 145x145
  RenderBlock {body} at (0,0) size 162x162 [color=#000080] [border: (1px solid #000080)]
