layer at (0,0) size 785x840
  RenderView at (0,0) size 785x600
layer at (0,0) size 785x600
  RenderBlock {HTML} at (0,0) size 785x600
    RenderBody {BODY} at (0,0) size 785x600 [border: (1px solid #000000)]
layer at (30,500) size 329x340
  RenderBlock (positioned) {DIV} at (30,500) size 329x340
    RenderInline {SPAN} at (0,0) size 289x19 [color=#008000]
      RenderText {#text} at (0,0) size 289x19
        text run at (0,0) width 289: "PASS: event at (44, 44) hit box1 at offset (2, 2)"
    RenderBR {BR} at (289,0) size 0x19
    RenderInline {SPAN} at (0,0) size 289x19 [color=#008000]
      RenderText {#text} at (0,20) size 289x19
        text run at (0,20) width 289: "PASS: event at (74, 68) hit box2 at offset (2, 2)"
    RenderBR {BR} at (289,20) size 0x19
    RenderInline {SPAN} at (0,0) size 321x19 [color=#008000]
      RenderText {#text} at (0,40) size 321x19
        text run at (0,40) width 321: "PASS: event at (157, 164) hit box2 at offset (98, 98)"
    RenderBR {BR} at (321,40) size 0x19
    RenderInline {SPAN} at (0,0) size 297x19 [color=#008000]
      RenderText {#text} at (0,60) size 297x19
        text run at (0,60) width 297: "PASS: event at (320, 68) hit box4 at offset (2, 2)"
    RenderBR {BR} at (297,60) size 0x19
    RenderInline {SPAN} at (0,0) size 297x19 [color=#008000]
      RenderText {#text} at (0,80) size 297x19
        text run at (0,80) width 297: "PASS: event at (336, 87) hit box5 at offset (2, 2)"
    RenderBR {BR} at (297,80) size 0x19
    RenderInline {SPAN} at (0,0) size 297x19 [color=#008000]
      RenderText {#text} at (0,100) size 297x19
        text run at (0,100) width 297: "PASS: event at (582, 87) hit box8 at offset (2, 2)"
    RenderBR {BR} at (297,100) size 0x19
    RenderInline {SPAN} at (0,0) size 321x19 [color=#008000]
      RenderText {#text} at (0,120) size 321x19
        text run at (0,120) width 321: "PASS: event at (658, 174) hit box8 at offset (86, 86)"
    RenderBR {BR} at (321,120) size 0x19
    RenderInline {SPAN} at (0,0) size 305x19 [color=#008000]
      RenderText {#text} at (0,140) size 305x19
        text run at (0,140) width 305: "PASS: event at (74, 314) hit box10 at offset (2, 2)"
    RenderBR {BR} at (305,140) size 0x19
    RenderInline {SPAN} at (0,0) size 305x19 [color=#008000]
      RenderText {#text} at (0,160) size 305x19
        text run at (0,160) width 305: "PASS: event at (91, 351) hit box11 at offset (2, 2)"
    RenderBR {BR} at (305,160) size 0x19
    RenderInline {SPAN} at (0,0) size 313x19 [color=#008000]
      RenderText {#text} at (0,180) size 313x19
        text run at (0,180) width 313: "PASS: event at (320, 314) hit box13 at offset (2, 2)"
    RenderBR {BR} at (313,180) size 0x19
    RenderInline {SPAN} at (0,0) size 313x19 [color=#008000]
      RenderText {#text} at (0,200) size 313x19
        text run at (0,200) width 313: "PASS: event at (343, 351) hit box14 at offset (2, 2)"
    RenderBR {BR} at (313,200) size 0x19
    RenderInline {SPAN} at (0,0) size 313x19 [color=#008000]
      RenderText {#text} at (0,220) size 313x19
        text run at (0,220) width 313: "PASS: event at (365, 375) hit box15 at offset (2, 2)"
    RenderBR {BR} at (313,220) size 0x19
    RenderInline {SPAN} at (0,0) size 313x19 [color=#008000]
      RenderText {#text} at (0,240) size 313x19
        text run at (0,240) width 313: "PASS: event at (566, 314) hit box17 at offset (2, 2)"
    RenderBR {BR} at (313,240) size 0x19
    RenderInline {SPAN} at (0,0) size 313x19 [color=#008000]
      RenderText {#text} at (0,260) size 313x19
        text run at (0,260) width 313: "PASS: event at (587, 352) hit box18 at offset (2, 2)"
    RenderBR {BR} at (313,260) size 0x19
    RenderInline {SPAN} at (0,0) size 313x19 [color=#008000]
      RenderText {#text} at (0,280) size 313x19
        text run at (0,280) width 313: "PASS: event at (629, 401) hit box19 at offset (2, 2)"
    RenderBR {BR} at (313,280) size 0x19
    RenderInline {SPAN} at (0,0) size 313x19 [color=#008000]
      RenderText {#text} at (0,300) size 313x19
        text run at (0,300) width 313: "PASS: event at (653, 422) hit box20 at offset (2, 2)"
    RenderBR {BR} at (313,300) size 0x19
    RenderInline {SPAN} at (0,0) size 329x19 [color=#008000]
      RenderText {#text} at (0,320) size 329x19
        text run at (0,320) width 329: "PASS: event at (745, 505) hit box20 at offset (86, 87)"
    RenderBR {BR} at (329,320) size 0x19
layer at (21,21) size 202x202
  RenderBlock (positioned) {DIV} at (21,21) size 202x202 [border: (1px solid #000000)]
layer at (42,42) size 140x140
  RenderBlock {DIV} at (21,21) size 140x140 [bgcolor=#DDDDDD] [border: (1px solid #000000)]
layer at (63,63) size 100x100
  RenderBlock (relative positioned) {DIV} at (21,21) size 100x100 [bgcolor=#81AA8A] [border: (1px solid #000000)]
layer at (267,21) size 202x202
  RenderBlock (positioned) {DIV} at (267,21) size 202x202 [border: (1px solid #000000)]
layer at (288,42) size 140x140
  RenderBlock {DIV} at (21,21) size 140x140 [bgcolor=#DDDDDD] [border: (1px solid #000000)]
layer at (309,63) size 100x100
  RenderBlock (relative positioned) {DIV} at (21,21) size 100x100 [bgcolor=#81AA8A] [border: (1px solid #000000)]
    RenderBlock {DIV} at (21,21) size 90x90 [bgcolor=#0000FF] [border: (1px solid #000000)]
layer at (513,21) size 202x202
  RenderBlock (positioned) {DIV} at (513,21) size 202x202 [border: (1px solid #000000)]
layer at (534,42) size 140x140
  RenderBlock {DIV} at (21,21) size 140x140 [bgcolor=#DDDDDD] [border: (1px solid #000000)]
layer at (555,63) size 100x100
  RenderBlock (relative positioned) {DIV} at (21,21) size 100x100 [bgcolor=#81AA8A] [border: (1px solid #000000)]
layer at (576,84) size 90x90
  RenderBlock (relative positioned) {DIV} at (21,21) size 90x90 [bgcolor=#0000FF] [border: (1px solid #000000)]
layer at (21,267) size 202x202
  RenderBlock (positioned) {DIV} at (21,267) size 202x202 [border: (1px solid #000000)]
layer at (42,288) size 140x140
  RenderBlock {DIV} at (21,21) size 140x140 [bgcolor=#DDDDDD] [border: (1px solid #000000)]
layer at (63,309) size 100x100
  RenderBlock (relative positioned) {DIV} at (21,21) size 100x100 [bgcolor=#81AA8A] [border: (1px solid #000000)]
layer at (104,350) size 100x100
  RenderBlock (relative positioned) {DIV} at (41,41) size 100x100 [border: (1px solid #000000)]
layer at (267,267) size 202x202
  RenderBlock (positioned) {DIV} at (267,267) size 202x202 [border: (1px solid #000000)]
layer at (288,288) size 140x140
  RenderBlock {DIV} at (21,21) size 140x140 [bgcolor=#DDDDDD] [border: (1px solid #000000)]
layer at (309,309) size 100x100
  RenderBlock (relative positioned) {DIV} at (21,21) size 100x100 [bgcolor=#81AA8A] [border: (1px solid #000000)]
layer at (350,350) size 100x100
  RenderBlock (relative positioned) {DIV} at (41,41) size 100x100 [border: (1px solid #000000)]
    RenderBlock {DIV} at (21,21) size 90x90 [bgcolor=#0000FF] [border: (1px solid #000000)]
layer at (513,267) size 202x202
  RenderBlock (positioned) {DIV} at (513,267) size 202x202 [border: (1px solid #000000)]
layer at (534,288) size 140x140
  RenderBlock {DIV} at (21,21) size 140x140 [bgcolor=#DDDDDD] [border: (1px solid #000000)]
layer at (555,309) size 100x100
  RenderBlock (relative positioned) {DIV} at (21,21) size 100x100 [bgcolor=#81AA8A] [border: (1px solid #000000)]
layer at (596,350) size 100x100
  RenderBlock (relative positioned) {DIV} at (41,41) size 100x100 [border: (1px solid #000000)]
layer at (637,391) size 100x100
  RenderBlock (relative positioned) {DIV} at (41,41) size 100x100 [bgcolor=#AA7994] [border: (1px solid #000000)]
    RenderBlock {DIV} at (21,21) size 90x90 [bgcolor=#0000FF] [border: (1px solid #000000)]
