layer at (0,0) size 785x810
  RenderView at (0,0) size 785x600
layer at (0,0) size 785x600
  RenderBlock {HTML} at (0,0) size 785x600
    RenderBody {BODY} at (0,0) size 785x600 [border: (1px solid #000000)]
      RenderBlock {DIV} at (21,21) size 402x402 [border: (1px solid #000000)]
      RenderText {#text} at (0,0) size 0x0
      RenderText {#text} at (0,0) size 0x0
      RenderText {#text} at (0,0) size 0x0
layer at (42,42) size 340x340
  RenderBlock {DIV} at (21,21) size 340x340 [bgcolor=#DDDDDD] [border: (1px solid #000000)]
layer at (63,63) size 300x300
  RenderBlock {DIV} at (21,21) size 300x300 [bgcolor=#81AA8A] [border: (1px solid #000000)]
layer at (104,104) size 300x300
  RenderBlock {DIV} at (41,41) size 300x300 [border: (1px solid #000000)]
layer at (145,145) size 300x300
  RenderBlock {DIV} at (41,41) size 300x300 [bgcolor=#AA7994] [border: (1px solid #000000)]
layer at (186,186) size 300x300
  RenderBlock {DIV} at (41,41) size 300x300 [border: (1px solid #000000)]
layer at (227,227) size 300x300
  RenderBlock {DIV} at (41,41) size 300x300 [bgcolor=#81AA8A] [border: (1px solid #000000)]
layer at (268,268) size 300x300
  RenderBlock {DIV} at (41,41) size 300x300 [border: (1px solid #000000)]
    RenderBlock {DIV} at (61,61) size 90x90 [bgcolor=#0000FF]
layer at (30,650) size 500x160
  RenderBlock (positioned) {DIV} at (30,650) size 500x160
    RenderInline {SPAN} at (0,0) size 289x19 [color=#008000]
      RenderText {#text} at (0,0) size 289x19
        text run at (0,0) width 289: "PASS: event at (45, 45) hit box1 at offset (3, 3)"
    RenderBR {BR} at (289,0) size 0x19
    RenderInline {SPAN} at (0,0) size 289x19 [color=#008000]
      RenderText {#text} at (0,20) size 289x19
        text run at (0,20) width 289: "PASS: event at (54, 44) hit box2 at offset (2, 2)"
    RenderBR {BR} at (289,20) size 0x19
    RenderInline {SPAN} at (0,0) size 297x19 [color=#008000]
      RenderText {#text} at (0,40) size 297x19
        text run at (0,40) width 297: "PASS: event at (104, 93) hit box3 at offset (2, 2)"
    RenderBR {BR} at (297,40) size 0x19
    RenderInline {SPAN} at (0,0) size 305x19 [color=#008000]
      RenderText {#text} at (0,60) size 305x19
        text run at (0,60) width 305: "PASS: event at (175, 137) hit box4 at offset (2, 2)"
    RenderBR {BR} at (305,60) size 0x19
    RenderInline {SPAN} at (0,0) size 321x19 [color=#008000]
      RenderText {#text} at (0,80) size 321x19
        text run at (0,80) width 321: "PASS: event at (167, 528) hit box4 at offset (2, 296)"
    RenderBR {BR} at (321,80) size 0x19
    RenderInline {SPAN} at (0,0) size 305x19 [color=#008000]
      RenderText {#text} at (0,100) size 305x19
        text run at (0,100) width 305: "PASS: event at (227, 197) hit box5 at offset (2, 2)"
    RenderBR {BR} at (305,100) size 0x19
    RenderInline {SPAN} at (0,0) size 337x19 [color=#008000]
      RenderText {#text} at (0,120) size 337x19
        text run at (0,120) width 337: "PASS: event at (539, 569) hit box7 at offset (296, 296)"
    RenderBR {BR} at (337,120) size 0x19
    RenderInline {SPAN} at (0,0) size 500x19 [color=#FF0000]
      RenderText {#text} at (0,140) size 500x19
        text run at (0,140) width 500: "FAIL: event at (431, 441) expected to hit box8 at (85, 85) but hit box8 at (92, 94)"
    RenderBR {BR} at (500,140) size 0x19
