layer at (0,0) size 785x1338
  RenderView at (0,0) size 785x600
layer at (0,0) size 785x1338
  RenderBlock {HTML} at (0,0) size 785x1339
    RenderBody {BODY} at (8,17) size 769x1314 [color=#00FF00] [bgcolor=#333333]
      RenderBlock {H1} at (0,0) size 769x30
        RenderText {#text} at (0,0) size 515x30
          text run at (0,0) width 515: "CSS2 Table Backgrounds Test Suite"
      RenderBlock {H2} at (0,47) size 769x24
        RenderText {#text} at (0,0) size 277x23
          text run at (0,0) width 277: "Part A: Background Area"
      RenderBlock {H3} at (0,86) size 769x18
        RenderText {#text} at (0,0) size 280x17
          text run at (0,0) width 280: "Background on 'table-row-group'"
      RenderBlock {P} at (0,118) size 769x16
        RenderText {#text} at (0,0) size 414x15
          text run at (0,0) width 375: "The styled row group spans the second and third "
          text run at (374,0) width 40: "rows."
      RenderBlock {P} at (0,146) size 769x46
        RenderText {#text} at (0,0) size 765x45
          text run at (0,0) width 383: "The table row group background should be visible "
          text run at (382,0) width 367: "within the border edge of each cell originating"
          text run at (0,15) width 141: "in the row group. "
          text run at (140,15) width 477: "All stripes should line up as if the cells were cutouts in a "
          text run at (616,15) width 149: "stencil placed over"
          text run at (0,30) width 196: "the row group background."
      RenderBlock {P} at (0,204) size 769x46
        RenderText {#text} at (0,0) size 749x45
          text run at (0,0) width 352: "A red band should align with the left border "
          text run at (351,0) width 391: "edge of the first cells in each of the row group's"
          text run at (0,15) width 125: "rows. An orange "
          text run at (124,15) width 501: "stripe should align a few pixels above the bottom border of the "
          text run at (624,15) width 125: "cells in the row"
          text run at (0,30) width 133: "group's last row."
      RenderBlock {DL} at (0,262) size 769x91
        RenderBlock {DT} at (0,0) size 769x15
          RenderText {#text} at (0,0) size 32x15
            text run at (0,0) width 32: "next"
        RenderBlock {DD} at (40,15) size 729x15
          RenderInline {A} at (0,0) size 398x15 [color=#FFFF00]
            RenderText {#text} at (0,0) size 398x15
              text run at (0,0) width 398: "Background Area: Background on 'table-column-group'"
          RenderText {#text} at (0,0) size 0x0
        RenderBlock {DT} at (0,30) size 769x15
          RenderText {#text} at (0,0) size 63x15
            text run at (0,0) width 63: "previous"
        RenderBlock {DD} at (40,45) size 729x15
          RenderInline {A} at (0,0) size 297x15 [color=#FFFF00]
            RenderText {#text} at (0,0) size 297x15
              text run at (0,0) width 297: "Background Area: Background on 'table'"
          RenderText {#text} at (0,0) size 0x0
        RenderBlock {DT} at (0,60) size 769x15
          RenderText {#text} at (0,0) size 63x15
            text run at (0,0) width 63: "contents"
        RenderBlock {DD} at (40,75) size 729x15
          RenderInline {A} at (0,0) size 133x15 [color=#FFFF00]
            RenderText {#text} at (0,0) size 133x15
              text run at (0,0) width 133: "Table of Contents"
          RenderText {#text} at (0,0) size 0x0
      RenderTable {TABLE} at (0,365) size 618x467 [color=#FFFFFF] [border: (1px dotted #FFFFFF)]
        RenderBlock {CAPTION} at (0,0) size 618x22
          RenderText {#text} at (165,0) size 288x22
            text run at (165,0) width 288: "With 'border-collapse: separate'"
        RenderTableCol {COLGROUP} at (0,0) size 0x0
          RenderTableCol {COL} at (0,0) size 0x0
          RenderTableCol {COL} at (0,0) size 0x0
          RenderTableCol {COL} at (0,0) size 0x0
        RenderTableCol {COLGROUP} at (0,0) size 0x0
          RenderTableCol {COL} at (0,0) size 0x0
        RenderTableSection {THEAD} at (1,23) size 616x114
          RenderTableRow {TR} at (0,7) size 616x100
            RenderTableCell {TH} at (7,44) size 130x26 [border: (1px dotted #FFFFFF)] [r=0 c=0 rs=1 cs=1]
              RenderText {#text} at (42,2) size 46x22
                text run at (42,2) width 46: "TH A"
            RenderTableCell {TH} at (144,32) size 220x50 [border: (13px dotted #FFFFFF)] [r=0 c=1 rs=1 cs=1]
              RenderText {#text} at (87,14) size 46x22
                text run at (87,14) width 46: "TH B"
            RenderTableCell {TH} at (371,44) size 118x26 [border: (1px dotted #FFFFFF)] [r=0 c=2 rs=1 cs=1]
              RenderText {#text} at (36,2) size 46x22
                text run at (36,2) width 46: "TH C"
            RenderTableCell {TH} at (496,44) size 113x26 [border: (1px dotted #FFFFFF)] [r=0 c=3 rs=1 cs=1]
              RenderText {#text} at (34,2) size 45x22
                text run at (34,2) width 45: "TH D"
        RenderTableSection {TFOOT} at (1,343) size 616x122
          RenderTableRow {TR} at (0,0) size 616x115
            RenderTableCell {TD} at (7,44) size 357x27 [border: (1px dotted #FFFFFF)] [r=0 c=0 rs=1 cs=2]
              RenderText {#text} at (2,1) size 47x24
                text run at (2,2) width 47: "TD M"
            RenderTableCell {TD} at (371,44) size 118x27 [border: (1px dotted #FFFFFF)] [r=0 c=2 rs=1 cs=1]
              RenderText {#text} at (2,1) size 46x24
                text run at (2,2) width 46: "TD O"
            RenderTableCell {TD} at (496,44) size 113x27 [border: (1px dotted #FFFFFF)] [r=0 c=3 rs=1 cs=1]
              RenderText {#text} at (2,1) size 44x24
                text run at (2,2) width 44: "TD P"
        RenderTableSection {TBODY} at (1,137) size 616x206 [bgcolor=#000000]
          RenderTableRow {TR} at (0,0) size 616x108
            RenderTableCell {TD} at (7,74) size 130x51 [border: (13px dotted #FFFFFF)] [r=0 c=0 rs=2 cs=1]
              RenderText {#text} at (14,13) size 44x24
                text run at (14,14) width 44: "TD E"
            RenderTableCell {TD} at (144,41) size 220x26 [border: (1px dotted #FFFFFF)] [r=0 c=1 rs=1 cs=1]
              RenderText {#text} at (2,2) size 43x22
                text run at (2,2) width 43: "TD F"
            RenderTableCell {TD} at (371,41) size 118x26 [border: (1px dotted #FFFFFF)] [r=0 c=2 rs=1 cs=1]
              RenderText {#text} at (2,2) size 46x22
                text run at (2,2) width 46: "TD G"
            RenderTableCell {TD} at (496,41) size 113x26 [border: (1px dotted #FFFFFF)] [r=0 c=3 rs=1 cs=1]
              RenderText {#text} at (2,2) size 45x22
                text run at (2,2) width 45: "TD H"
          RenderTableRow {TR} at (0,115) size 616x84
            RenderTableCell {TD} at (144,144) size 220x26 [border: (1px dotted #FFFFFF)] [r=1 c=1 rs=1 cs=1]
              RenderText {#text} at (2,2) size 42x22
                text run at (2,2) width 42: "TD J"
            RenderTableCell {TD} at (371,144) size 118x26 [border: (1px dotted #FFFFFF)] [r=1 c=2 rs=1 cs=1]
              RenderText {#text} at (2,2) size 45x22
                text run at (2,2) width 45: "TD K"
            RenderTableCell {TD} at (496,144) size 113x26 [border: (1px dotted #FFFFFF)] [r=1 c=3 rs=1 cs=1]
              RenderText {#text} at (2,2) size 43x22
                text run at (2,2) width 43: "TD L"
      RenderTable {TABLE} at (0,831) size 578x433 [color=#FFFFFF] [border: (6px dotted #FFFFFF)]
        RenderBlock {CAPTION} at (0,0) size 578x22
          RenderText {#text} at (146,0) size 286x22
            text run at (146,0) width 286: "With 'border-collapse: collapse'"
        RenderTableCol {COLGROUP} at (0,0) size 0x0
          RenderTableCol {COL} at (0,0) size 0x0
          RenderTableCol {COL} at (0,0) size 0x0
          RenderTableCol {COL} at (0,0) size 0x0
        RenderTableCol {COLGROUP} at (0,0) size 0x0
          RenderTableCol {COL} at (0,0) size 0x0
        RenderTableSection {THEAD} at (0,28) size 577x99
          RenderTableRow {TR} at (0,0) size 577x99
            RenderTableCell {TH} at (0,34) size 135x31 [border: (1px dotted #FFFFFF)] [r=0 c=0 rs=1 cs=1]
              RenderText {#text} at (42,2) size 46x22
                text run at (42,2) width 46: "TH A"
            RenderTableCell {TH} at (135,31) size 207x37 [border: (7px dotted #FFFFFF)] [r=0 c=1 rs=1 cs=1]
              RenderText {#text} at (81,8) size 46x22
                text run at (81,8) width 46: "TH B"
            RenderTableCell {TH} at (342,37) size 123x25 [border: (1px dotted #FFFFFF)] [r=0 c=2 rs=1 cs=1]
              RenderText {#text} at (42,2) size 46x22
                text run at (42,2) width 46: "TH C"
            RenderTableCell {TH} at (465,37) size 112x25 [border: (1px dotted #FFFFFF)] [r=0 c=3 rs=1 cs=1]
              RenderText {#text} at (34,2) size 45x22
                text run at (34,2) width 45: "TH D"
        RenderTableSection {TFOOT} at (0,317) size 577x114
          RenderTableRow {TR} at (0,0) size 577x114
            RenderTableCell {TD} at (0,41) size 342x32 [border: (7px dotted #FFFFFF)] [r=0 c=0 rs=1 cs=2]
              RenderText {#text} at (2,7) size 47x24
                text run at (2,8) width 47: "TD M"
            RenderTableCell {TD} at (342,44) size 123x26 [border: (1px dotted #FFFFFF)] [r=0 c=2 rs=1 cs=1]
              RenderText {#text} at (2,1) size 46x24
                text run at (2,2) width 46: "TD O"
            RenderTableCell {TD} at (465,44) size 112x26 [border: (1px dotted #FFFFFF)] [r=0 c=3 rs=1 cs=1]
              RenderText {#text} at (2,1) size 44x24
                text run at (2,2) width 44: "TD P"
        RenderTableSection {TBODY} at (0,127) size 577x190 [bgcolor=#000000]
          RenderTableRow {TR} at (0,0) size 577x107
            RenderTableCell {TD} at (0,76) size 135x38 [border: (7px dotted #FFFFFF)] [r=0 c=0 rs=2 cs=1]
              RenderText {#text} at (8,7) size 44x24
                text run at (8,8) width 44: "TD E"
            RenderTableCell {TD} at (135,38) size 207x31 [border: (7px dotted #FFFFFF)] [r=0 c=1 rs=1 cs=1]
              RenderText {#text} at (8,8) size 43x22
                text run at (8,8) width 43: "TD F"
            RenderTableCell {TD} at (342,41) size 123x25 [border: (1px dotted #FFFFFF)] [r=0 c=2 rs=1 cs=1]
              RenderText {#text} at (2,2) size 46x22
                text run at (2,2) width 46: "TD G"
            RenderTableCell {TD} at (465,41) size 112x25 [border: (1px dotted #FFFFFF)] [r=0 c=3 rs=1 cs=1]
              RenderText {#text} at (2,2) size 45x22
                text run at (2,2) width 45: "TD H"
          RenderTableRow {TR} at (0,107) size 577x83
            RenderTableCell {TD} at (135,136) size 207x25 [border: (1px dotted #FFFFFF)] [r=1 c=1 rs=1 cs=1]
              RenderText {#text} at (8,2) size 42x22
                text run at (8,2) width 42: "TD J"
            RenderTableCell {TD} at (342,136) size 123x25 [border: (1px dotted #FFFFFF)] [r=1 c=2 rs=1 cs=1]
              RenderText {#text} at (2,2) size 45x22
                text run at (2,2) width 45: "TD K"
            RenderTableCell {TD} at (465,136) size 112x25 [border: (1px dotted #FFFFFF)] [r=1 c=3 rs=1 cs=1]
              RenderText {#text} at (2,2) size 43x22
                text run at (2,2) width 43: "TD L"
      RenderBlock {DIV} at (0,1263) size 769x35
        RenderInline {A} at (0,0) size 88x15 [color=#FFFF00]
          RenderImage {IMG} at (0,0) size 88x31
        RenderText {#text} at (0,0) size 0x0
      RenderBlock {ADDRESS} at (0,1297) size 769x16
        RenderText {#text} at (0,0) size 687x15
          text run at (0,0) width 687: "CSS2 Table Backgrounds Test Suite designed and written by fantasai <fantasai@escape.com>"
