layer at (0,0) size 827x1715
  RenderView at (0,0) size 785x585
layer at (0,0) size 785x1715
  RenderBlock {HTML} at (0,0) size 785x1716
    RenderBody {BODY} at (8,17) size 769x1686 [color=#00FF00] [bgcolor=#333333]
      RenderBlock {H1} at (0,0) size 769x30
        RenderText {#text} at (0,0) size 515x30
          text run at (0,0) width 515: "CSS2 Table Backgrounds Test Suite"
      RenderBlock {H2} at (0,47) size 769x24
        RenderText {#text} at (0,0) size 61x23
          text run at (0,0) width 61: "Notes"
      RenderBlock {P} at (0,86) size 769x76
        RenderText {#text} at (0,0) size 710x30
          text run at (0,0) width 710: "This test suite is not endorsed or approved by the W3C or anyone besides fantasai. It tests"
          text run at (0,15) width 203: "conformance to fantasai's "
        RenderInline {A} at (0,0) size 306x15 [color=#FFFF00]
          RenderText {#text} at (202,15) size 306x15
            text run at (202,15) width 306: "table background clarification proposal"
        RenderText {#text} at (507,15) size 757x60
          text run at (507,15) width 180: ", not the official CSS2"
          text run at (0,30) width 687: "specification. The intent is to demonstrate the proposal's effects under various styling"
          text run at (0,45) width 757: "conditions and to clarify any ambiguity in the proposal in preparation for a better-worded errata"
          text run at (0,60) width 570: "suggestion. It's not particularly well-designed, but it is comprehensive."
      RenderBlock {P} at (0,174) size 769x46
        RenderText {#text} at (0,0) size 757x45
          text run at (0,0) width 695: "This test suite (this page and all pages linked from the table of contents below) and its"
          text run at (0,15) width 757: "background images (listed below) are in the public domain by assertion of their author. No rights"
          text run at (0,30) width 71: "reserved."
      RenderBlock {P} at (0,232) size 769x16
        RenderText {#text} at (0,0) size 383x15
          text run at (0,0) width 383: "The images used as backgrounds are the following:"
      RenderBlock {UL} at (0,260) size 769x731
        RenderListItem {LI} at (40,0) size 729x33
          RenderListMarker at (-16,18) size 6x15: bullet
          RenderImage {IMG} at (0,0) size 80x30
          RenderText {#text} at (0,0) size 0x0
        RenderListItem {LI} at (40,33) size 729x83
          RenderListMarker at (-16,68) size 6x15: bullet
          RenderImage {IMG} at (0,0) size 30x80
          RenderText {#text} at (0,0) size 0x0
        RenderListItem {LI} at (40,116) size 729x614
          RenderListMarker at (-16,599) size 6x15: bullet
          RenderImage {IMG} at (0,0) size 779x611
          RenderText {#text} at (0,0) size 0x0
      RenderBlock {P} at (0,1003) size 769x16
        RenderText {#text} at (0,0) size 328x15
          text run at (0,0) width 328: "They are in GIF format, with transparency."
      RenderBlock {P} at (0,1031) size 769x31
        RenderText {#text} at (0,0) size 765x30
          text run at (0,0) width 765: "Each color band in the rainbow backgrounds is 20 pixels wide. Each stripe within the color band is"
          text run at (0,15) width 125: "two pixels wide."
      RenderBlock {P} at (0,1074) size 769x16
        RenderText {#text} at (0,0) size 710x15
          text run at (0,0) width 710: "The aqua and purple band is 10 pixels wide. Each stripe within the band is two pixels wide."
      RenderBlock {P} at (0,1102) size 769x16
        RenderText {#text} at (0,0) size 726x15
          text run at (0,0) width 726: "Many image background rules in this test suite are backed up with a 'black' background color."
      RenderBlock {P} at (0,1130) size 769x46
        RenderText {#text} at (0,0) size 227x15
          text run at (0,0) width 227: "This test suite assumes that "
        RenderInline {STRONG} at (0,0) size 765x30
          RenderText {#text} at (226,0) size 765x30
            text run at (226,0) width 539: "the border edge for a table element in a table with collapsed borders"
            text run at (0,15) width 55: "is the "
          RenderInline {EM} at (0,0) size 48x15
            RenderText {#text} at (54,15) size 48x15
              text run at (54,15) width 48: "middle"
          RenderText {#text} at (101,15) size 492x15
            text run at (101,15) width 492: " of the border around the element, not the outer or inner edge."
        RenderText {#text} at (592,15) size 749x30
          text run at (592,15) width 157: " (This also needs to"
          text run at (0,30) width 656: "be addressed by CSS2.1.) It also assumes support for proper ordering of tables with "
        RenderInline {CODE} at (0,0) size 55x15
          RenderText {#text} at (655,30) size 55x15
            text run at (655,30) width 55: "<tfoot>"
        RenderText {#text} at (709,30) size 9x15
          text run at (709,30) width 9: "."
      RenderBlock {H2} at (0,1191) size 769x24
        RenderText {#text} at (0,0) size 205x23
          text run at (0,0) width 205: "Table of Contents"
      RenderBlock {OL} at (0,1230) size 769x455
        RenderListItem {LI} at (40,0) size 729x105
          RenderBlock (anonymous) at (0,0) size 729x15
            RenderListMarker at (-28,0) size 24x15: "A"
            RenderText {#text} at (0,0) size 118x15
              text run at (0,0) width 118: "Background Area"
          RenderBlock {OL} at (0,15) size 729x90
            RenderListItem {LI} at (40,0) size 689x15
              RenderListMarker at (-28,0) size 24x15: "1"
              RenderInline {A} at (0,0) size 164x15 [color=#FFFF00]
                RenderText {#text} at (0,0) size 164x15
                  text run at (0,0) width 164: "Background on 'table'"
              RenderText {#text} at (0,0) size 0x0
            RenderListItem {LI} at (40,15) size 689x15
              RenderListMarker at (-28,0) size 24x15: "2"
              RenderInline {A} at (0,0) size 242x15 [color=#FFFF00]
                RenderText {#text} at (0,0) size 242x15
                  text run at (0,0) width 242: "Background on 'table-row-group'"
              RenderText {#text} at (0,0) size 0x0
            RenderListItem {LI} at (40,30) size 689x15
              RenderListMarker at (-28,0) size 24x15: "3"
              RenderInline {A} at (0,0) size 266x15 [color=#FFFF00]
                RenderText {#text} at (0,0) size 266x15
                  text run at (0,0) width 266: "Background on 'table-column-group'"
              RenderText {#text} at (0,0) size 0x0
            RenderListItem {LI} at (40,45) size 689x15
              RenderListMarker at (-28,0) size 24x15: "4"
              RenderInline {A} at (0,0) size 196x15 [color=#FFFF00]
                RenderText {#text} at (0,0) size 196x15
                  text run at (0,0) width 196: "Background on 'table-row'"
              RenderText {#text} at (0,0) size 0x0
            RenderListItem {LI} at (40,60) size 689x15
              RenderListMarker at (-28,0) size 24x15: "5"
              RenderInline {A} at (0,0) size 219x15 [color=#FFFF00]
                RenderText {#text} at (0,0) size 219x15
                  text run at (0,0) width 219: "Background on 'table-column'"
              RenderText {#text} at (0,0) size 0x0
            RenderListItem {LI} at (40,75) size 689x15
              RenderListMarker at (-28,0) size 24x15: "6"
              RenderInline {A} at (0,0) size 203x15 [color=#FFFF00]
                RenderText {#text} at (0,0) size 203x15
                  text run at (0,0) width 203: "Background on 'table-cell'"
              RenderText {#text} at (0,0) size 0x0
        RenderListItem {LI} at (40,105) size 729x105
          RenderBlock (anonymous) at (0,0) size 729x15
            RenderListMarker at (-28,0) size 24x15: "B"
            RenderText {#text} at (0,0) size 149x15
              text run at (0,0) width 149: "Background Position"
          RenderBlock {OL} at (0,15) size 729x90
            RenderListItem {LI} at (40,0) size 689x15
              RenderListMarker at (-28,0) size 24x15: "1"
              RenderInline {A} at (0,0) size 164x15 [color=#FFFF00]
                RenderText {#text} at (0,0) size 164x15
                  text run at (0,0) width 164: "Background on 'table'"
              RenderText {#text} at (0,0) size 0x0
            RenderListItem {LI} at (40,15) size 689x15
              RenderListMarker at (-28,0) size 24x15: "2"
              RenderInline {A} at (0,0) size 242x15 [color=#FFFF00]
                RenderText {#text} at (0,0) size 242x15
                  text run at (0,0) width 242: "Background on 'table-row-group'"
              RenderText {#text} at (0,0) size 0x0
            RenderListItem {LI} at (40,30) size 689x15
              RenderListMarker at (-28,0) size 24x15: "3"
              RenderInline {A} at (0,0) size 266x15 [color=#FFFF00]
                RenderText {#text} at (0,0) size 266x15
                  text run at (0,0) width 266: "Background on 'table-column-group'"
              RenderText {#text} at (0,0) size 0x0
            RenderListItem {LI} at (40,45) size 689x15
              RenderListMarker at (-28,0) size 24x15: "4"
              RenderInline {A} at (0,0) size 196x15 [color=#FFFF00]
                RenderText {#text} at (0,0) size 196x15
                  text run at (0,0) width 196: "Background on 'table-row'"
              RenderText {#text} at (0,0) size 0x0
            RenderListItem {LI} at (40,60) size 689x15
              RenderListMarker at (-28,0) size 24x15: "5"
              RenderInline {A} at (0,0) size 219x15 [color=#FFFF00]
                RenderText {#text} at (0,0) size 219x15
                  text run at (0,0) width 219: "Background on 'table-column'"
              RenderText {#text} at (0,0) size 0x0
            RenderListItem {LI} at (40,75) size 689x15
              RenderListMarker at (-28,0) size 24x15: "6"
              RenderInline {A} at (0,0) size 203x15 [color=#FFFF00]
                RenderText {#text} at (0,0) size 203x15
                  text run at (0,0) width 203: "Background on 'table-cell'"
              RenderText {#text} at (0,0) size 0x0
        RenderListItem {LI} at (40,210) size 729x45
          RenderBlock (anonymous) at (0,0) size 729x15
            RenderListMarker at (-28,0) size 24x15: "C"
            RenderText {#text} at (0,0) size 133x15
              text run at (0,0) width 133: "Background Layers"
          RenderBlock {OL} at (0,15) size 729x30
            RenderListItem {LI} at (40,0) size 689x15
              RenderListMarker at (-28,0) size 24x15: "1"
              RenderInline {A} at (0,0) size 133x15 [color=#FFFF00]
                RenderText {#text} at (0,0) size 133x15
                  text run at (0,0) width 133: "empty-cells: show"
              RenderText {#text} at (0,0) size 0x0
            RenderListItem {LI} at (40,15) size 689x15
              RenderListMarker at (-28,0) size 24x15: "2"
              RenderInline {A} at (0,0) size 133x15 [color=#FFFF00]
                RenderText {#text} at (0,0) size 133x15
                  text run at (0,0) width 133: "empty-cells: hide"
              RenderText {#text} at (0,0) size 0x0
        RenderListItem {LI} at (40,255) size 729x199
          RenderBlock (anonymous) at (0,0) size 729x15
            RenderListMarker at (-28,0) size 24x15: "D"
            RenderText {#text} at (0,0) size 180x15
              text run at (0,0) width 180: "Background with Borders"
          RenderBlock {OL} at (0,15) size 729x135
            RenderListItem {LI} at (40,0) size 689x15
              RenderListMarker at (-28,0) size 24x15: "1"
              RenderInline {A} at (0,0) size 164x15 [color=#FFFF00]
                RenderText {#text} at (0,0) size 164x15
                  text run at (0,0) width 164: "Background on 'table'"
              RenderText {#text} at (0,0) size 0x0
            RenderListItem {LI} at (40,15) size 689x15
              RenderListMarker at (-28,0) size 24x15: "2"
              RenderInline {A} at (0,0) size 242x15 [color=#FFFF00]
                RenderText {#text} at (0,0) size 242x15
                  text run at (0,0) width 242: "Background on 'table-row-group'"
              RenderText {#text} at (0,0) size 0x0
            RenderListItem {LI} at (40,30) size 689x15
              RenderListMarker at (-28,0) size 24x15: "3"
              RenderInline {A} at (0,0) size 266x15 [color=#FFFF00]
                RenderText {#text} at (0,0) size 266x15
                  text run at (0,0) width 266: "Background on 'table-column-group'"
              RenderText {#text} at (0,0) size 0x0
            RenderListItem {LI} at (40,45) size 689x15
              RenderListMarker at (-28,0) size 24x15: "4"
              RenderInline {A} at (0,0) size 196x15 [color=#FFFF00]
                RenderText {#text} at (0,0) size 196x15
                  text run at (0,0) width 196: "Background on 'table-row'"
              RenderText {#text} at (0,0) size 0x0
            RenderListItem {LI} at (40,60) size 689x15
              RenderListMarker at (-28,0) size 24x15: "5"
              RenderInline {A} at (0,0) size 219x15 [color=#FFFF00]
                RenderText {#text} at (0,0) size 219x15
                  text run at (0,0) width 219: "Background on 'table-column'"
              RenderText {#text} at (0,0) size 0x0
            RenderListItem {LI} at (40,75) size 689x15
              RenderListMarker at (-28,0) size 24x15: "6"
              RenderInline {A} at (0,0) size 203x15 [color=#FFFF00]
                RenderText {#text} at (0,0) size 203x15
                  text run at (0,0) width 203: "Background on 'table-cell'"
              RenderText {#text} at (0,0) size 0x0
            RenderListItem {LI} at (40,90) size 689x45
              RenderBlock (anonymous) at (0,0) size 689x15
                RenderListMarker at (-28,0) size 24x15: "7"
                RenderText {#text} at (0,0) size 102x15
                  text run at (0,0) width 102: "Special Tests"
              RenderBlock {OL} at (0,15) size 689x30
                RenderListItem {LI} at (40,0) size 649x15
                  RenderListMarker at (-28,0) size 24x15: "1"
                  RenderInline {A} at (0,0) size 55x15 [color=#FFFF00]
                    RenderText {#text} at (0,0) size 55x15
                      text run at (0,0) width 55: "Opacity"
                  RenderText {#text} at (0,0) size 0x0
                RenderListItem {LI} at (40,15) size 649x15
                  RenderListMarker at (-28,0) size 24x15: "2"
                  RenderInline {A} at (0,0) size 133x15 [color=#FFFF00]
                    RenderText {#text} at (0,0) size 133x15
                      text run at (0,0) width 133: "Fixed Backgrounds"
                  RenderText {#text} at (0,0) size 0x0
          RenderBlock {DIV} at (0,150) size 729x34
            RenderInline {A} at (0,0) size 88x15 [color=#FFFF00]
              RenderImage {IMG} at (0,0) size 88x31
            RenderText {#text} at (0,0) size 0x0
          RenderBlock {ADDRESS} at (0,184) size 729x15
            RenderText {#text} at (0,0) size 687x15
              text run at (0,0) width 687: "CSS2 Table Backgrounds Test Suite designed and written by fantasai <fantasai@escape.com>"
