layer at (0,0) size 800x600
  RenderView at (0,0) size 800x600
layer at (0,0) size 800x600
  RenderBlock {HTML} at (0,0) size 800x600
    RenderBody {BODY} at (8,8) size 784x584
      RenderBlock {P} at (0,0) size 784x54
        RenderText {#text} at (0,0) size 758x54
          text run at (0,0) width 758: "Colgroups are used to identify column groups. The table below has two distinct column groups; 'Airport Location' and"
          text run at (0,18) width 740: "'Car Rental Information'. The first column group contains two columns and the second column group contains three"
          text run at (0,36) width 59: "columns."
      RenderBlock {P} at (0,70) size 784x18
        RenderText {#text} at (0,0) size 353x18
          text run at (0,0) width 353: "In this test case, the cell text should be bottom-aligned."
      RenderTable {TABLE} at (0,104) size 499x368 [border: (1px outset #808080)]
        RenderTableCol {COLGROUP} at (0,0) size 0x0
        RenderTableCol {COLGROUP} at (0,0) size 0x0
        RenderTableSection {TBODY} at (1,1) size 497x366
          RenderTableRow {TR} at (0,2) size 497x50
            RenderTableCell {TH} at (2,16) size 162x22 [border: (1px inset #808080)] [r=0 c=0 rs=1 cs=2]
              RenderText {#text} at (22,2) size 118x18
                text run at (22,2) width 118: "Airport Location"
            RenderTableCell {TH} at (165,16) size 330x22 [border: (1px inset #808080)] [r=0 c=2 rs=1 cs=3]
              RenderText {#text} at (83,2) size 162x18
                text run at (83,2) width 162: "Car Rental information"
          RenderTableRow {TR} at (0,54) size 497x50
            RenderTableCell {TH} at (2,68) size 82x22 [border: (1px inset #808080)] [r=1 c=0 rs=1 cs=1]
              RenderText {#text} at (11,2) size 59x18
                text run at (11,2) width 59: "Country"
            RenderTableCell {TH} at (85,68) size 79x22 [border: (1px inset #808080)] [r=1 c=1 rs=1 cs=1]
              RenderText {#text} at (24,2) size 30x18
                text run at (24,2) width 30: "City"
            RenderTableCell {TH} at (165,68) size 110x22 [border: (1px inset #808080)] [r=1 c=2 rs=1 cs=1]
              RenderText {#text} at (2,2) size 105x18
                text run at (2,2) width 105: "ABC Company"
            RenderTableCell {TH} at (276,68) size 109x22 [border: (1px inset #808080)] [r=1 c=3 rs=1 cs=1]
              RenderText {#text} at (2,2) size 104x18
                text run at (2,2) width 104: "EFG Company"
            RenderTableCell {TH} at (386,68) size 109x22 [border: (1px inset #808080)] [r=1 c=4 rs=1 cs=1]
              RenderText {#text} at (2,2) size 105x18
                text run at (2,2) width 105: "XYZ Company"
          RenderTableRow {TR} at (0,106) size 497x50
            RenderTableCell {TD} at (2,120) size 82x22 [border: (1px inset #808080)] [r=2 c=0 rs=1 cs=1]
              RenderText {#text} at (2,2) size 44x18
                text run at (2,2) width 44: "France"
            RenderTableCell {TD} at (85,120) size 79x22 [border: (1px inset #808080)] [r=2 c=1 rs=1 cs=1]
              RenderText {#text} at (2,2) size 32x18
                text run at (2,2) width 32: "Paris"
            RenderTableCell {TD} at (165,120) size 110x22 [border: (1px inset #808080)] [r=2 c=2 rs=1 cs=1]
              RenderText {#text} at (2,2) size 22x18
                text run at (2,2) width 22: "yes"
            RenderTableCell {TD} at (276,120) size 109x22 [border: (1px inset #808080)] [r=2 c=3 rs=1 cs=1]
              RenderText {#text} at (2,2) size 22x18
                text run at (2,2) width 22: "yes"
            RenderTableCell {TD} at (386,120) size 109x22 [border: (1px inset #808080)] [r=2 c=4 rs=1 cs=1]
              RenderText {#text} at (2,2) size 22x18
                text run at (2,2) width 22: "yes"
          RenderTableRow {TR} at (0,158) size 497x50
            RenderTableCell {TD} at (2,172) size 82x22 [border: (1px inset #808080)] [r=3 c=0 rs=1 cs=1]
              RenderText {#text} at (2,2) size 60x18
                text run at (2,2) width 60: "Germany"
            RenderTableCell {TD} at (85,172) size 79x22 [border: (1px inset #808080)] [r=3 c=1 rs=1 cs=1]
              RenderText {#text} at (2,2) size 61x18
                text run at (2,2) width 61: "Frankfurt"
            RenderTableCell {TD} at (165,172) size 110x22 [border: (1px inset #808080)] [r=3 c=2 rs=1 cs=1]
              RenderText {#text} at (2,2) size 22x18
                text run at (2,2) width 22: "yes"
            RenderTableCell {TD} at (276,172) size 109x22 [border: (1px inset #808080)] [r=3 c=3 rs=1 cs=1]
              RenderText {#text} at (2,2) size 22x18
                text run at (2,2) width 22: "yes"
            RenderTableCell {TD} at (386,172) size 109x22 [border: (1px inset #808080)] [r=3 c=4 rs=1 cs=1]
              RenderText {#text} at (2,2) size 22x18
                text run at (2,2) width 22: "yes"
          RenderTableRow {TR} at (0,210) size 497x50
            RenderTableCell {TD} at (2,224) size 82x22 [border: (1px inset #808080)] [r=4 c=0 rs=1 cs=1]
              RenderText {#text} at (2,2) size 54x18
                text run at (2,2) width 54: "England"
            RenderTableCell {TD} at (85,224) size 79x22 [border: (1px inset #808080)] [r=4 c=1 rs=1 cs=1]
              RenderText {#text} at (2,2) size 50x18
                text run at (2,2) width 50: "London"
            RenderTableCell {TD} at (165,224) size 110x22 [border: (1px inset #808080)] [r=4 c=2 rs=1 cs=1]
              RenderText {#text} at (2,2) size 22x18
                text run at (2,2) width 22: "yes"
            RenderTableCell {TD} at (276,224) size 109x22 [border: (1px inset #808080)] [r=4 c=3 rs=1 cs=1]
              RenderText {#text} at (2,2) size 22x18
                text run at (2,2) width 22: "yes"
            RenderTableCell {TD} at (386,224) size 109x22 [border: (1px inset #808080)] [r=4 c=4 rs=1 cs=1]
              RenderText {#text} at (2,2) size 22x18
                text run at (2,2) width 22: "yes"
          RenderTableRow {TR} at (0,262) size 497x50
            RenderTableCell {TD} at (2,276) size 82x22 [border: (1px inset #808080)] [r=5 c=0 rs=1 cs=1]
              RenderText {#text} at (2,2) size 78x18
                text run at (2,2) width 78: "Netherlands"
            RenderTableCell {TD} at (85,276) size 79x22 [border: (1px inset #808080)] [r=5 c=1 rs=1 cs=1]
              RenderText {#text} at (2,2) size 75x18
                text run at (2,2) width 75: "Amsterdam"
            RenderTableCell {TD} at (165,276) size 110x22 [border: (1px inset #808080)] [r=5 c=2 rs=1 cs=1]
              RenderText {#text} at (2,2) size 22x18
                text run at (2,2) width 22: "yes"
            RenderTableCell {TD} at (276,276) size 109x22 [border: (1px inset #808080)] [r=5 c=3 rs=1 cs=1]
              RenderText {#text} at (2,2) size 22x18
                text run at (2,2) width 22: "yes"
            RenderTableCell {TD} at (386,276) size 109x22 [border: (1px inset #808080)] [r=5 c=4 rs=1 cs=1]
              RenderText {#text} at (2,2) size 22x18
                text run at (2,2) width 22: "yes"
          RenderTableRow {TR} at (0,314) size 497x50
            RenderTableCell {TD} at (2,328) size 82x22 [border: (1px inset #808080)] [r=6 c=0 rs=1 cs=1]
              RenderText {#text} at (2,2) size 33x18
                text run at (2,2) width 33: "USA"
            RenderTableCell {TD} at (85,328) size 79x22 [border: (1px inset #808080)] [r=6 c=1 rs=1 cs=1]
              RenderText {#text} at (2,2) size 66x18
                text run at (2,2) width 66: "New York"
            RenderTableCell {TD} at (165,328) size 110x22 [border: (1px inset #808080)] [r=6 c=2 rs=1 cs=1]
              RenderText {#text} at (2,2) size 22x18
                text run at (2,2) width 22: "yes"
            RenderTableCell {TD} at (276,328) size 109x22 [border: (1px inset #808080)] [r=6 c=3 rs=1 cs=1]
              RenderText {#text} at (2,2) size 22x18
                text run at (2,2) width 22: "yes"
            RenderTableCell {TD} at (386,328) size 109x22 [border: (1px inset #808080)] [r=6 c=4 rs=1 cs=1]
              RenderText {#text} at (2,2) size 22x18
                text run at (2,2) width 22: "yes"
