layer at (0,0) size 800x600
  RenderView at (0,0) size 800x600
layer at (0,0) size 800x600
  RenderBlock {HTML} at (0,0) size 800x600
    RenderBody {BODY} at (8,8) size 784x584
      RenderBlock {P} at (0,0) size 784x36
        RenderText {#text} at (0,0) size 781x36
          text run at (0,0) width 781: "Colgroups are used to identify column groups. This table has two distinct column groups titled 'Airport Location' and 'Car"
          text run at (0,18) width 597: "Rental Information'. The first has a width of 200 pixels; the second has a width of 400 pixels."
      RenderTable {TABLE} at (0,52) size 784x190 [border: (1px outset #808080)]
        RenderTableCol {COLGROUP} at (0,0) size 0x0
        RenderTableCol {COLGROUP} at (0,0) size 0x0
        RenderTableSection {TBODY} at (1,1) size 782x188
          RenderTableRow {TR} at (0,2) size 782x22
            RenderTableCell {TH} at (2,2) size 560x22 [border: (1px inset #808080)] [r=0 c=0 rs=1 cs=2]
              RenderText {#text} at (221,2) size 118x18
                text run at (221,2) width 118: "Airport Location"
            RenderTableCell {TH} at (563,2) size 218x22 [border: (1px inset #808080)] [r=0 c=2 rs=1 cs=3]
              RenderText {#text} at (26,2) size 164x18
                text run at (26,2) width 164: "Car Rental Information"
          RenderTableRow {TR} at (0,26) size 782x40
            RenderTableCell {TH} at (2,35) size 189x22 [border: (1px inset #808080)] [r=1 c=0 rs=1 cs=1]
              RenderText {#text} at (65,2) size 59x18
                text run at (65,2) width 59: "Country"
            RenderTableCell {TH} at (192,35) size 370x22 [border: (1px inset #808080)] [r=1 c=1 rs=1 cs=1]
              RenderText {#text} at (169,2) size 31x18
                text run at (169,2) width 31: "City"
            RenderTableCell {TH} at (563,26) size 72x40 [border: (1px inset #808080)] [r=1 c=2 rs=1 cs=1]
              RenderText {#text} at (18,2) size 67x36
                text run at (18,2) width 35: "ABC"
                text run at (2,20) width 67: "Company"
            RenderTableCell {TH} at (636,26) size 72x40 [border: (1px inset #808080)] [r=1 c=3 rs=1 cs=1]
              RenderText {#text} at (18,2) size 67x36
                text run at (18,2) width 34: "EFG"
                text run at (2,20) width 67: "Company"
            RenderTableCell {TH} at (709,26) size 72x40 [border: (1px inset #808080)] [r=1 c=4 rs=1 cs=1]
              RenderText {#text} at (18,2) size 67x36
                text run at (18,2) width 35: "XYZ"
                text run at (2,20) width 67: "Company"
          RenderTableRow {TR} at (0,68) size 782x22
            RenderTableCell {TD} at (2,68) size 189x22 [border: (1px inset #808080)] [r=2 c=0 rs=1 cs=1]
              RenderText {#text} at (2,2) size 44x18
                text run at (2,2) width 44: "France"
            RenderTableCell {TD} at (192,68) size 370x22 [border: (1px inset #808080)] [r=2 c=1 rs=1 cs=1]
              RenderText {#text} at (2,2) size 32x18
                text run at (2,2) width 32: "Paris"
            RenderTableCell {TD} at (563,68) size 72x22 [border: (1px inset #808080)] [r=2 c=2 rs=1 cs=1]
              RenderText {#text} at (2,2) size 22x18
                text run at (2,2) width 22: "yes"
            RenderTableCell {TD} at (636,68) size 72x22 [border: (1px inset #808080)] [r=2 c=3 rs=1 cs=1]
              RenderText {#text} at (2,2) size 22x18
                text run at (2,2) width 22: "yes"
            RenderTableCell {TD} at (709,68) size 72x22 [border: (1px inset #808080)] [r=2 c=4 rs=1 cs=1]
              RenderText {#text} at (2,2) size 22x18
                text run at (2,2) width 22: "yes"
          RenderTableRow {TR} at (0,92) size 782x22
            RenderTableCell {TD} at (2,92) size 189x22 [border: (1px inset #808080)] [r=3 c=0 rs=1 cs=1]
              RenderText {#text} at (2,2) size 60x18
                text run at (2,2) width 60: "Germany"
            RenderTableCell {TD} at (192,92) size 370x22 [border: (1px inset #808080)] [r=3 c=1 rs=1 cs=1]
              RenderText {#text} at (2,2) size 61x18
                text run at (2,2) width 61: "Frankfurt"
            RenderTableCell {TD} at (563,92) size 72x22 [border: (1px inset #808080)] [r=3 c=2 rs=1 cs=1]
              RenderText {#text} at (2,2) size 22x18
                text run at (2,2) width 22: "yes"
            RenderTableCell {TD} at (636,92) size 72x22 [border: (1px inset #808080)] [r=3 c=3 rs=1 cs=1]
              RenderText {#text} at (2,2) size 22x18
                text run at (2,2) width 22: "yes"
            RenderTableCell {TD} at (709,92) size 72x22 [border: (1px inset #808080)] [r=3 c=4 rs=1 cs=1]
              RenderText {#text} at (2,2) size 22x18
                text run at (2,2) width 22: "yes"
          RenderTableRow {TR} at (0,116) size 782x22
            RenderTableCell {TD} at (2,116) size 189x22 [border: (1px inset #808080)] [r=4 c=0 rs=1 cs=1]
              RenderText {#text} at (2,2) size 54x18
                text run at (2,2) width 54: "England"
            RenderTableCell {TD} at (192,116) size 370x22 [border: (1px inset #808080)] [r=4 c=1 rs=1 cs=1]
              RenderText {#text} at (2,2) size 50x18
                text run at (2,2) width 50: "London"
            RenderTableCell {TD} at (563,116) size 72x22 [border: (1px inset #808080)] [r=4 c=2 rs=1 cs=1]
              RenderText {#text} at (2,2) size 22x18
                text run at (2,2) width 22: "yes"
            RenderTableCell {TD} at (636,116) size 72x22 [border: (1px inset #808080)] [r=4 c=3 rs=1 cs=1]
              RenderText {#text} at (2,2) size 22x18
                text run at (2,2) width 22: "yes"
            RenderTableCell {TD} at (709,116) size 72x22 [border: (1px inset #808080)] [r=4 c=4 rs=1 cs=1]
              RenderText {#text} at (2,2) size 22x18
                text run at (2,2) width 22: "yes"
          RenderTableRow {TR} at (0,140) size 782x22
            RenderTableCell {TD} at (2,140) size 189x22 [border: (1px inset #808080)] [r=5 c=0 rs=1 cs=1]
              RenderText {#text} at (2,2) size 78x18
                text run at (2,2) width 78: "Netherlands"
            RenderTableCell {TD} at (192,140) size 370x22 [border: (1px inset #808080)] [r=5 c=1 rs=1 cs=1]
              RenderText {#text} at (2,2) size 75x18
                text run at (2,2) width 75: "Amsterdam"
            RenderTableCell {TD} at (563,140) size 72x22 [border: (1px inset #808080)] [r=5 c=2 rs=1 cs=1]
              RenderText {#text} at (2,2) size 22x18
                text run at (2,2) width 22: "yes"
            RenderTableCell {TD} at (636,140) size 72x22 [border: (1px inset #808080)] [r=5 c=3 rs=1 cs=1]
              RenderText {#text} at (2,2) size 22x18
                text run at (2,2) width 22: "yes"
            RenderTableCell {TD} at (709,140) size 72x22 [border: (1px inset #808080)] [r=5 c=4 rs=1 cs=1]
              RenderText {#text} at (2,2) size 22x18
                text run at (2,2) width 22: "yes"
          RenderTableRow {TR} at (0,164) size 782x22
            RenderTableCell {TD} at (2,164) size 189x22 [border: (1px inset #808080)] [r=6 c=0 rs=1 cs=1]
              RenderText {#text} at (2,2) size 33x18
                text run at (2,2) width 33: "USA"
            RenderTableCell {TD} at (192,164) size 370x22 [border: (1px inset #808080)] [r=6 c=1 rs=1 cs=1]
              RenderText {#text} at (2,2) size 66x18
                text run at (2,2) width 66: "New York"
            RenderTableCell {TD} at (563,164) size 72x22 [border: (1px inset #808080)] [r=6 c=2 rs=1 cs=1]
              RenderText {#text} at (2,2) size 22x18
                text run at (2,2) width 22: "yes"
            RenderTableCell {TD} at (636,164) size 72x22 [border: (1px inset #808080)] [r=6 c=3 rs=1 cs=1]
              RenderText {#text} at (2,2) size 22x18
                text run at (2,2) width 22: "yes"
            RenderTableCell {TD} at (709,164) size 72x22 [border: (1px inset #808080)] [r=6 c=4 rs=1 cs=1]
              RenderText {#text} at (2,2) size 22x18
                text run at (2,2) width 22: "yes"
