layer at (0,0) size 800x600
  RenderView at (0,0) size 800x600
layer at (0,0) size 800x600
  RenderBlock {HTML} at (0,0) size 800x600
    RenderBody {BODY} at (8,8) size 784x584
      RenderBlock {P} at (0,0) size 784x36
        RenderText {#text} at (0,0) size 734x36
          text run at (0,0) width 734: "CELLPADDING specifies the amount of space between the border of the cell and its contents. The first table has a"
          text run at (0,18) width 451: "cellpadding value of 20%; the second table does not have cellpadding."
      RenderTable {TABLE} at (0,52) size 208x128 [border: (1px outset #808080)]
        RenderTableSection {TBODY} at (1,1) size 206x126
          RenderTableRow {TR} at (0,2) size 206x60
            RenderTableCell {TD} at (2,2) size 66x60 [border: (1px inset #808080)] [r=0 c=0 rs=1 cs=1]
              RenderText {#text} at (21,21) size 24x18
                text run at (21,21) width 24: "text"
            RenderTableCell {TD} at (70,2) size 66x60 [border: (1px inset #808080)] [r=0 c=1 rs=1 cs=1]
              RenderText {#text} at (21,21) size 24x18
                text run at (21,21) width 24: "text"
            RenderTableCell {TD} at (138,2) size 66x60 [border: (1px inset #808080)] [r=0 c=2 rs=1 cs=1]
              RenderText {#text} at (21,21) size 24x18
                text run at (21,21) width 24: "text"
          RenderTableRow {TR} at (0,64) size 206x60
            RenderTableCell {TD} at (2,64) size 66x60 [border: (1px inset #808080)] [r=1 c=0 rs=1 cs=1]
              RenderText {#text} at (21,21) size 24x18
                text run at (21,21) width 24: "text"
            RenderTableCell {TD} at (70,64) size 66x60 [border: (1px inset #808080)] [r=1 c=1 rs=1 cs=1]
              RenderText {#text} at (21,21) size 24x18
                text run at (21,21) width 24: "text"
            RenderTableCell {TD} at (138,64) size 66x60 [border: (1px inset #808080)] [r=1 c=2 rs=1 cs=1]
              RenderText {#text} at (21,21) size 24x18
                text run at (21,21) width 24: "text"
      RenderBlock (anonymous) at (0,180) size 784x36
        RenderBR {BR} at (0,0) size 0x18
        RenderBR {BR} at (0,18) size 0x18
      RenderTable {TABLE} at (0,216) size 94x52 [border: (1px outset #808080)]
        RenderTableSection {TBODY} at (1,1) size 92x50
          RenderTableRow {TR} at (0,2) size 92x22
            RenderTableCell {TD} at (2,2) size 28x22 [border: (1px inset #808080)] [r=0 c=0 rs=1 cs=1]
              RenderText {#text} at (2,2) size 24x18
                text run at (2,2) width 24: "text"
            RenderTableCell {TD} at (32,2) size 28x22 [border: (1px inset #808080)] [r=0 c=1 rs=1 cs=1]
              RenderText {#text} at (2,2) size 24x18
                text run at (2,2) width 24: "text"
            RenderTableCell {TD} at (62,2) size 28x22 [border: (1px inset #808080)] [r=0 c=2 rs=1 cs=1]
              RenderText {#text} at (2,2) size 24x18
                text run at (2,2) width 24: "text"
          RenderTableRow {TR} at (0,26) size 92x22
            RenderTableCell {TD} at (2,26) size 28x22 [border: (1px inset #808080)] [r=1 c=0 rs=1 cs=1]
              RenderText {#text} at (2,2) size 24x18
                text run at (2,2) width 24: "text"
            RenderTableCell {TD} at (32,26) size 28x22 [border: (1px inset #808080)] [r=1 c=1 rs=1 cs=1]
              RenderText {#text} at (2,2) size 24x18
                text run at (2,2) width 24: "text"
            RenderTableCell {TD} at (62,26) size 28x22 [border: (1px inset #808080)] [r=1 c=2 rs=1 cs=1]
              RenderText {#text} at (2,2) size 24x18
                text run at (2,2) width 24: "text"
