layer at (0,0) size 800x600
  RenderView at (0,0) size 800x600
layer at (0,0) size 800x600
  RenderBlock {HTML} at (0,0) size 800x600
    RenderBody {BODY} at (8,8) size 784x584
      RenderBlock (anonymous) at (0,0) size 784x36
        RenderText {#text} at (0,0) size 737x36
          text run at (0,0) width 737: "The table heading (The EggPlant Exchange) should not wrap when window is resized. However, the cell below the"
          text run at (0,18) width 210: "heading will wrap atuomatically."
        RenderBR {BR} at (209,18) size 1x18
      RenderTable {TABLE} at (0,36) size 254x52 [border: (1px outset #808080)]
        RenderTableSection {TBODY} at (1,1) size 252x50
          RenderTableRow {TR} at (0,2) size 252x22
            RenderTableCell {TH} at (2,2) size 242x22 [border: (1px inset #808080)] [r=0 c=0 rs=1 cs=1]
              RenderText {#text} at (39,2) size 164x18
                text run at (39,2) width 164: "The Eggplant Exchange"
            RenderTableCell {TH} at (245,11) size 5x4 [border: (1px inset #808080)] [r=0 c=1 rs=1 cs=1]
          RenderTableRow {TR} at (0,26) size 252x22
            RenderTableCell {TD} at (2,26) size 242x22 [border: (1px inset #808080)] [r=1 c=0 rs=1 cs=1]
              RenderText {#text} at (2,2) size 238x18
                text run at (2,2) width 238: "Lots of Recipies for Eggplant Lovers"
