layer at (0,0) size 800x600
  RenderView at (0,0) size 800x600
layer at (0,0) size 800x600
  RenderBlock {HTML} at (0,0) size 800x600
    RenderBody {BODY} at (8,8) size 784x584
      RenderBlock (anonymous) at (0,0) size 784x36
        RenderText {#text} at (0,0) size 767x36
          text run at (0,0) width 696: "This test case shows how WIDTH can set the width of the table to a fixed size using PERCENT. PERCENT "
          text run at (695,0) width 72: "is based on"
          text run at (0,18) width 454: "the percentage of the space between the current left and right margins. "
          text run at (453,18) width 259: "This first table has a width of 80 percent"
      RenderTable {TABLE} at (0,36) size 628x46
        RenderTableSection {TBODY} at (0,0) size 628x46
          RenderTableRow {TR} at (0,2) size 628x20
            RenderTableCell {TD} at (2,2) size 209x20 [r=0 c=0 rs=1 cs=1]
              RenderText {#text} at (1,1) size 64x18
                text run at (1,1) width 64: "Navigator"
            RenderTableCell {TD} at (212,2) size 220x20 [r=0 c=1 rs=1 cs=1]
              RenderText {#text} at (1,1) size 70x18
                text run at (1,1) width 70: "Messenger"
            RenderTableCell {TD} at (433,2) size 193x20 [r=0 c=2 rs=1 cs=1]
              RenderText {#text} at (1,1) size 56x18
                text run at (1,1) width 56: "Collabra"
          RenderTableRow {TR} at (0,24) size 628x20
            RenderTableCell {TD} at (2,24) size 209x20 [r=1 c=0 rs=1 cs=1]
              RenderText {#text} at (1,1) size 66x18
                text run at (1,1) width 66: "Composer"
            RenderTableCell {TD} at (212,24) size 220x20 [r=1 c=1 rs=1 cs=1]
              RenderText {#text} at (1,1) size 58x18
                text run at (1,1) width 58: "Calendar"
            RenderTableCell {TD} at (433,24) size 193x20 [r=1 c=2 rs=1 cs=1]
              RenderText {#text} at (1,1) size 61x18
                text run at (1,1) width 61: "Netcaster"
      RenderBlock (anonymous) at (0,82) size 784x36
        RenderBR {BR} at (0,0) size 0x18
        RenderText {#text} at (0,18) size 320x18
          text run at (0,18) width 320: "While, this second table has a width of 50 percent"
      RenderTable {TABLE} at (0,118) size 392x46
        RenderTableSection {TBODY} at (0,0) size 392x46
          RenderTableRow {TR} at (0,2) size 392x20
            RenderTableCell {TD} at (2,2) size 130x20 [r=0 c=0 rs=1 cs=1]
              RenderText {#text} at (1,1) size 64x18
                text run at (1,1) width 64: "Navigator"
            RenderTableCell {TD} at (133,2) size 137x20 [r=0 c=1 rs=1 cs=1]
              RenderText {#text} at (1,1) size 70x18
                text run at (1,1) width 70: "Messenger"
            RenderTableCell {TD} at (271,2) size 120x20 [r=0 c=2 rs=1 cs=1]
              RenderText {#text} at (1,1) size 56x18
                text run at (1,1) width 56: "Collabra"
          RenderTableRow {TR} at (0,24) size 392x20
            RenderTableCell {TD} at (2,24) size 130x20 [r=1 c=0 rs=1 cs=1]
              RenderText {#text} at (1,1) size 66x18
                text run at (1,1) width 66: "Composer"
            RenderTableCell {TD} at (133,24) size 137x20 [r=1 c=1 rs=1 cs=1]
              RenderText {#text} at (1,1) size 58x18
                text run at (1,1) width 58: "Calendar"
            RenderTableCell {TD} at (271,24) size 120x20 [r=1 c=2 rs=1 cs=1]
              RenderText {#text} at (1,1) size 61x18
                text run at (1,1) width 61: "Netcaster"
