layer at (0,0) size 800x600
  RenderView at (0,0) size 800x600
layer at (0,0) size 800x600
  RenderBlock {HTML} at (0,0) size 800x600
    RenderBody {BODY} at (8,8) size 784x584
      RenderBlock (anonymous) at (0,0) size 784x72
        RenderText {#text} at (0,0) size 777x54
          text run at (0,0) width 606: "CELLPADDING controls the padding in pixels between the border of each cells and the cell's "
          text run at (605,0) width 172: "contents.The first table has"
          text run at (0,18) width 383: "a cellpadding of 8 pixels. The second table is not using cell "
          text run at (382,18) width 386: "padding. Notice the difference. There should be a larger gap"
          text run at (0,36) width 203: "between the cell border and it's "
          text run at (202,36) width 163: "contents in the first table."
        RenderBR {BR} at (364,36) size 1x18
        RenderBR {BR} at (0,54) size 0x18
      RenderTable {TABLE} at (0,72) size 262x82 [border: (2px outset #808080)]
        RenderTableSection {TBODY} at (2,2) size 258x78
          RenderTableRow {TR} at (0,2) size 258x36
            RenderTableCell {TD} at (2,2) size 84x36 [border: (1px inset #808080)] [r=0 c=0 rs=1 cs=1]
              RenderText {#text} at (9,9) size 64x18
                text run at (9,9) width 64: "Navigator"
            RenderTableCell {TD} at (87,2) size 89x36 [border: (1px inset #808080)] [r=0 c=1 rs=1 cs=1]
              RenderText {#text} at (9,9) size 70x18
                text run at (9,9) width 70: "Messenger"
            RenderTableCell {TD} at (177,2) size 79x36 [border: (1px inset #808080)] [r=0 c=2 rs=1 cs=1]
              RenderText {#text} at (9,9) size 56x18
                text run at (9,9) width 56: "Collabra"
          RenderTableRow {TR} at (0,40) size 258x36
            RenderTableCell {TD} at (2,40) size 84x36 [border: (1px inset #808080)] [r=1 c=0 rs=1 cs=1]
              RenderText {#text} at (9,9) size 66x18
                text run at (9,9) width 66: "Composer"
            RenderTableCell {TD} at (87,40) size 89x36 [border: (1px inset #808080)] [r=1 c=1 rs=1 cs=1]
              RenderText {#text} at (9,9) size 58x18
                text run at (9,9) width 58: "Calendar"
            RenderTableCell {TD} at (177,40) size 79x36 [border: (1px inset #808080)] [r=1 c=2 rs=1 cs=1]
              RenderText {#text} at (9,9) size 61x18
                text run at (9,9) width 61: "Netcaster"
      RenderBlock (anonymous) at (0,154) size 784x54
        RenderBR {BR} at (0,0) size 0x18
        RenderBR {BR} at (0,18) size 0x18
        RenderText {#text} at (0,36) size 224x18
          text run at (0,36) width 224: "This table contains no cellpadding."
      RenderTable {TABLE} at (0,208) size 220x54 [border: (2px outset #808080)]
        RenderTableSection {TBODY} at (2,2) size 216x50
          RenderTableRow {TR} at (0,2) size 216x22
            RenderTableCell {TD} at (2,2) size 70x22 [border: (1px inset #808080)] [r=0 c=0 rs=1 cs=1]
              RenderText {#text} at (2,2) size 64x18
                text run at (2,2) width 64: "Navigator"
            RenderTableCell {TD} at (73,2) size 75x22 [border: (1px inset #808080)] [r=0 c=1 rs=1 cs=1]
              RenderText {#text} at (2,2) size 70x18
                text run at (2,2) width 70: "Messenger"
            RenderTableCell {TD} at (149,2) size 65x22 [border: (1px inset #808080)] [r=0 c=2 rs=1 cs=1]
              RenderText {#text} at (2,2) size 56x18
                text run at (2,2) width 56: "Collabra"
          RenderTableRow {TR} at (0,26) size 216x22
            RenderTableCell {TD} at (2,26) size 70x22 [border: (1px inset #808080)] [r=1 c=0 rs=1 cs=1]
              RenderText {#text} at (2,2) size 66x18
                text run at (2,2) width 66: "Composer"
            RenderTableCell {TD} at (73,26) size 75x22 [border: (1px inset #808080)] [r=1 c=1 rs=1 cs=1]
              RenderText {#text} at (2,2) size 58x18
                text run at (2,2) width 58: "Calendar"
            RenderTableCell {TD} at (149,26) size 65x22 [border: (1px inset #808080)] [r=1 c=2 rs=1 cs=1]
              RenderText {#text} at (2,2) size 61x18
                text run at (2,2) width 61: "Netcaster"
