layer at (0,0) size 800x600
  RenderView at (0,0) size 800x600
layer at (0,0) size 800x600
  RenderBlock {HTML} at (0,0) size 800x600
    RenderBody {BODY} at (8,8) size 784x584
      RenderTable {TABLE} at (0,0) size 492x152
        RenderBlock {CAPTION} at (0,0) size 492x18
          RenderText {#text} at (47,0) size 397x18
            text run at (47,0) width 397: "Communicator 4.5 Installers for Mac and Windows Platforms"
        RenderTableCol {COLGROUP} at (0,0) size 0x0
        RenderTableSection {THEAD} at (0,18) size 492x24
          RenderTableRow {TR} at (0,2) size 492x20
            RenderTableCell {TD} at (2,2) size 195x20 [r=0 c=0 rs=1 cs=1]
              RenderText {#text} at (1,1) size 193x18
                text run at (1,1) width 193: "This is the header information"
        RenderTableSection {TFOOT} at (0,130) size 492x22
          RenderTableRow {TR} at (0,0) size 492x20
            RenderTableCell {TD} at (2,0) size 195x20 [r=0 c=0 rs=1 cs=1]
              RenderText {#text} at (1,1) size 189x18
                text run at (1,1) width 189: "This is the footer information"
        RenderTableSection {TBODY} at (0,42) size 492x88
          RenderTableRow {TR} at (0,0) size 492x20
            RenderTableCell {TH} at (2,9) size 195x2 [r=0 c=0 rs=1 cs=1]
            RenderTableCell {TH} at (198,0) size 110x20 [r=0 c=1 rs=1 cs=1]
              RenderText {#text} at (1,1) size 108x18
                text run at (1,1) width 108: "Macintosh PPC"
            RenderTableCell {TH} at (309,0) size 87x20 [r=0 c=2 rs=1 cs=1]
              RenderText {#text} at (1,1) size 84x18
                text run at (1,1) width 84: "Windows 95"
            RenderTableCell {TH} at (397,0) size 93x20 [r=0 c=3 rs=1 cs=1]
              RenderText {#text} at (1,1) size 90x18
                text run at (1,1) width 90: "Windows NT"
          RenderTableRow {TR} at (0,22) size 492x20
            RenderTableCell {TD} at (2,22) size 195x20 [r=1 c=0 rs=1 cs=1]
              RenderText {#text} at (1,1) size 76x18
                text run at (1,1) width 76: "Base Install"
            RenderTableCell {TD} at (198,22) size 110x20 [r=1 c=1 rs=1 cs=1]
              RenderText {#text} at (1,1) size 22x18
                text run at (1,1) width 22: "yes"
            RenderTableCell {TD} at (309,22) size 87x20 [r=1 c=2 rs=1 cs=1]
              RenderText {#text} at (1,1) size 22x18
                text run at (1,1) width 22: "yes"
            RenderTableCell {TD} at (397,22) size 93x20 [r=1 c=3 rs=1 cs=1]
              RenderText {#text} at (1,1) size 22x18
                text run at (1,1) width 22: "yes"
          RenderTableRow {TR} at (0,44) size 492x20
            RenderTableCell {TD} at (2,44) size 195x20 [r=2 c=0 rs=1 cs=1]
              RenderText {#text} at (1,1) size 107x18
                text run at (1,1) width 107: "Complete Install"
            RenderTableCell {TD} at (198,44) size 110x20 [r=2 c=1 rs=1 cs=1]
              RenderText {#text} at (1,1) size 22x18
                text run at (1,1) width 22: "yes"
            RenderTableCell {TD} at (309,44) size 87x20 [r=2 c=2 rs=1 cs=1]
              RenderText {#text} at (1,1) size 22x18
                text run at (1,1) width 22: "yes"
            RenderTableCell {TD} at (397,44) size 93x20 [r=2 c=3 rs=1 cs=1]
              RenderText {#text} at (1,1) size 22x18
                text run at (1,1) width 22: "yes"
          RenderTableRow {TR} at (0,66) size 492x20
            RenderTableCell {TD} at (2,66) size 195x20 [r=3 c=0 rs=1 cs=1]
              RenderText {#text} at (1,1) size 118x18
                text run at (1,1) width 118: "Pro Edition Install"
            RenderTableCell {TD} at (198,66) size 110x20 [r=3 c=1 rs=1 cs=1]
              RenderText {#text} at (1,1) size 22x18
                text run at (1,1) width 22: "yes"
            RenderTableCell {TD} at (309,66) size 87x20 [r=3 c=2 rs=1 cs=1]
              RenderText {#text} at (1,1) size 22x18
                text run at (1,1) width 22: "yes"
            RenderTableCell {TD} at (397,66) size 93x20 [r=3 c=3 rs=1 cs=1]
              RenderText {#text} at (1,1) size 22x18
                text run at (1,1) width 22: "yes"
