layer at (0,0) size 800x600
  RenderView at (0,0) size 800x600
layer at (0,0) size 800x600
  RenderBlock {HTML} at (0,0) size 800x600
    RenderBody {BODY} at (8,8) size 784x584
      RenderBlock (anonymous) at (0,0) size 784x18
        RenderText {#text} at (0,0) size 472x18
          text run at (0,0) width 472: "The TD tag uses the HEIGTH attribute. The TD has been set to 80 pixels."
        RenderBR {BR} at (471,0) size 1x18
      RenderTable {TABLE} at (0,18) size 291x110 [border: (1px outset #808080)]
        RenderTableSection {TBODY} at (1,1) size 289x108
          RenderTableRow {TR} at (0,2) size 289x80
            RenderTableCell {TD} at (2,31) size 285x22 [border: (1px inset #808080)] [r=0 c=0 rs=1 cs=1]
              RenderText {#text} at (2,2) size 159x18
                text run at (2,2) width 159: "Netscape Communicator"
          RenderTableRow {TR} at (0,84) size 289x22
            RenderTableCell {TD} at (2,84) size 285x22 [border: (1px inset #808080)] [r=1 c=0 rs=1 cs=1]
              RenderText {#text} at (2,2) size 281x18
                text run at (2,2) width 281: "Available on the Mac/PC/UNIX platforms !"
