layer at (0,0) size 800x600
  RenderView at (0,0) size 800x600
layer at (0,0) size 800x600
  RenderBlock {HTML} at (0,0) size 800x600
    RenderBody {BODY} at (8,8) size 784x584
      RenderBlock (anonymous) at (0,0) size 784x54
        RenderText {#text} at (0,0) size 776x54
          text run at (0,0) width 306: "CELLSPACING controls the distance in pixels "
          text run at (305,0) width 436: "between each cell in the table. The first table has a cellspacing of 15"
          text run at (0,18) width 303: "pixels; the second table isn't using cellspacing. "
          text run at (302,18) width 474: "Notice the difference here. The first table should be rendered with a wider"
          text run at (0,36) width 142: "gap between the cells."
        RenderBR {BR} at (141,36) size 1x18
      RenderTable {TABLE} at (0,54) size 262x85
        RenderTableSection {TBODY} at (0,0) size 262x85
          RenderTableRow {TR} at (0,15) size 262x20
            RenderTableCell {TD} at (15,15) size 68x20 [r=0 c=0 rs=1 cs=1]
              RenderText {#text} at (1,1) size 64x18
                text run at (1,1) width 64: "Navigator"
            RenderTableCell {TD} at (97,15) size 73x20 [r=0 c=1 rs=1 cs=1]
              RenderText {#text} at (1,1) size 70x18
                text run at (1,1) width 70: "Messenger"
            RenderTableCell {TD} at (184,15) size 63x20 [r=0 c=2 rs=1 cs=1]
              RenderText {#text} at (1,1) size 56x18
                text run at (1,1) width 56: "Collabra"
          RenderTableRow {TR} at (0,50) size 262x20
            RenderTableCell {TD} at (15,50) size 68x20 [r=1 c=0 rs=1 cs=1]
              RenderText {#text} at (1,1) size 66x18
                text run at (1,1) width 66: "Composer"
            RenderTableCell {TD} at (97,50) size 73x20 [r=1 c=1 rs=1 cs=1]
              RenderText {#text} at (1,1) size 58x18
                text run at (1,1) width 58: "Calendar"
            RenderTableCell {TD} at (184,50) size 63x20 [r=1 c=2 rs=1 cs=1]
              RenderText {#text} at (1,1) size 61x18
                text run at (1,1) width 61: "Netcaster"
      RenderBlock (anonymous) at (0,139) size 784x54
        RenderBR {BR} at (0,0) size 0x18
        RenderBR {BR} at (0,18) size 0x18
        RenderText {#text} at (0,36) size 221x18
          text run at (0,36) width 221: "This table contains no cellspacing."
      RenderTable {TABLE} at (0,193) size 210x46
        RenderTableSection {TBODY} at (0,0) size 210x46
          RenderTableRow {TR} at (0,2) size 210x20
            RenderTableCell {TD} at (2,2) size 68x20 [r=0 c=0 rs=1 cs=1]
              RenderText {#text} at (1,1) size 64x18
                text run at (1,1) width 64: "Navigator"
            RenderTableCell {TD} at (71,2) size 73x20 [r=0 c=1 rs=1 cs=1]
              RenderText {#text} at (1,1) size 70x18
                text run at (1,1) width 70: "Messenger"
            RenderTableCell {TD} at (145,2) size 63x20 [r=0 c=2 rs=1 cs=1]
              RenderText {#text} at (1,1) size 56x18
                text run at (1,1) width 56: "Collabra"
          RenderTableRow {TR} at (0,24) size 210x20
            RenderTableCell {TD} at (2,24) size 68x20 [r=1 c=0 rs=1 cs=1]
              RenderText {#text} at (1,1) size 66x18
                text run at (1,1) width 66: "Composer"
            RenderTableCell {TD} at (71,24) size 73x20 [r=1 c=1 rs=1 cs=1]
              RenderText {#text} at (1,1) size 58x18
                text run at (1,1) width 58: "Calendar"
            RenderTableCell {TD} at (145,24) size 63x20 [r=1 c=2 rs=1 cs=1]
              RenderText {#text} at (1,1) size 61x18
                text run at (1,1) width 61: "Netcaster"
