layer at (0,0) size 800x600
  RenderView at (0,0) size 800x600
layer at (0,0) size 800x600
  RenderBlock {HTML} at (0,0) size 800x600
    RenderBody {BODY} at (8,8) size 784x584
      RenderBlock (anonymous) at (0,0) size 784x36
        RenderText {#text} at (0,0) size 755x36
          text run at (0,0) width 536: "The table displayed is two rows by three columns. Each table row has been aligned "
          text run at (535,0) width 220: "left. The table has been assigned a"
          text run at (0,18) width 284: "width and border value so that it is easier to "
          text run at (283,18) width 117: "see the alignment."
        RenderBR {BR} at (399,18) size 1x18
      RenderTable {TABLE} at (0,36) size 300x52 [border: (1px outset #808080)]
        RenderTableSection {TBODY} at (1,1) size 298x50
          RenderTableRow {TR} at (0,2) size 298x22
            RenderTableCell {TD} at (2,2) size 98x22 [border: (1px inset #808080)] [r=0 c=0 rs=1 cs=1]
              RenderText {#text} at (2,2) size 64x18
                text run at (2,2) width 64: "Navigator"
            RenderTableCell {TD} at (101,2) size 103x22 [border: (1px inset #808080)] [r=0 c=1 rs=1 cs=1]
              RenderText {#text} at (2,2) size 70x18
                text run at (2,2) width 70: "Messenger"
            RenderTableCell {TD} at (206,2) size 91x22 [border: (1px inset #808080)] [r=0 c=2 rs=1 cs=1]
              RenderText {#text} at (2,2) size 56x18
                text run at (2,2) width 56: "Collabra"
          RenderTableRow {TR} at (0,26) size 298x22
            RenderTableCell {TD} at (2,26) size 98x22 [border: (1px inset #808080)] [r=1 c=0 rs=1 cs=1]
              RenderText {#text} at (2,2) size 66x18
                text run at (2,2) width 66: "Composer"
            RenderTableCell {TD} at (101,26) size 103x22 [border: (1px inset #808080)] [r=1 c=1 rs=1 cs=1]
              RenderText {#text} at (2,2) size 58x18
                text run at (2,2) width 58: "Calendar"
            RenderTableCell {TD} at (206,26) size 91x22 [border: (1px inset #808080)] [r=1 c=2 rs=1 cs=1]
              RenderText {#text} at (2,2) size 61x18
                text run at (2,2) width 61: "Netcaster"
