layer at (0,0) size 800x600
  RenderView at (0,0) size 800x600
layer at (0,0) size 800x600
  RenderBlock {HTML} at (0,0) size 800x600
    RenderBody {BODY} at (8,8) size 784x584
      RenderBlock (anonymous) at (0,0) size 784x18
        RenderText {#text} at (0,0) size 543x18
          text run at (0,0) width 543: "The TH tag uses the WIDTH attribute. The first table's TH width is set to 500 pixels."
        RenderBR {BR} at (542,0) size 1x18
      RenderTable {TABLE} at (0,18) size 610x52 [border: (1px outset #808080)]
        RenderTableSection {TBODY} at (1,1) size 608x50
          RenderTableRow {TR} at (0,2) size 608x22
            RenderTableCell {TH} at (2,2) size 604x22 [border: (1px inset #808080)] [r=0 c=0 rs=1 cs=1]
              RenderText {#text} at (171,2) size 262x18
                text run at (171,2) width 262: "Netscape Communicator Version 4.0.6"
          RenderTableRow {TR} at (0,26) size 608x22
            RenderTableCell {TD} at (2,26) size 604x22 [border: (1px inset #808080)] [r=1 c=0 rs=1 cs=1]
              RenderText {#text} at (2,2) size 63x18
                text run at (2,2) width 63: "Platforms"
      RenderBlock (anonymous) at (0,70) size 784x36
        RenderBR {BR} at (0,0) size 0x18
        RenderText {#text} at (0,18) size 314x18
          text run at (0,18) width 314: "This second table's TH width is set to 200 pixels."
        RenderBR {BR} at (313,18) size 1x18
      RenderTable {TABLE} at (0,106) size 210x70 [border: (1px outset #808080)]
        RenderTableSection {TBODY} at (1,1) size 208x68
          RenderTableRow {TR} at (0,2) size 208x40
            RenderTableCell {TH} at (2,2) size 204x40 [border: (1px inset #808080)] [r=0 c=0 rs=1 cs=1]
              RenderText {#text} at (17,2) size 170x36
                text run at (17,2) width 170: "Netscape Communicator"
                text run at (58,20) width 88: "Version 4.0.6"
          RenderTableRow {TR} at (0,44) size 208x22
            RenderTableCell {TD} at (2,44) size 204x22 [border: (1px inset #808080)] [r=1 c=0 rs=1 cs=1]
              RenderText {#text} at (2,2) size 63x18
                text run at (2,2) width 63: "Platforms"
