layer at (0,0) size 800x600
  RenderView at (0,0) size 800x600
layer at (0,0) size 800x600
  RenderBlock {HTML} at (0,0) size 800x600
    RenderBody {BODY} at (8,8) size 784x584
      RenderBlock (anonymous) at (0,0) size 784x18
        RenderText {#text} at (0,0) size 440x18
          text run at (0,0) width 440: "The table displayed is two rows by three columns with a border of 0."
        RenderBR {BR} at (439,0) size 1x18
      RenderTable {TABLE} at (0,18) size 210x46
        RenderTableSection {TBODY} at (0,0) size 210x46
          RenderTableRow {TR} at (0,2) size 210x20
            RenderTableCell {TD} at (2,2) size 68x20 [r=0 c=0 rs=1 cs=1]
              RenderText {#text} at (1,1) size 64x18
                text run at (1,1) width 64: "Navigator"
            RenderTableCell {TD} at (71,2) size 73x20 [r=0 c=1 rs=1 cs=1]
              RenderText {#text} at (1,1) size 70x18
                text run at (1,1) width 70: "Messenger"
            RenderTableCell {TD} at (145,2) size 63x20 [r=0 c=2 rs=1 cs=1]
              RenderText {#text} at (1,1) size 56x18
                text run at (1,1) width 56: "Collabra"
          RenderTableRow {TR} at (0,24) size 210x20
            RenderTableCell {TD} at (2,24) size 68x20 [r=1 c=0 rs=1 cs=1]
              RenderText {#text} at (1,1) size 66x18
                text run at (1,1) width 66: "Composer"
            RenderTableCell {TD} at (71,24) size 73x20 [r=1 c=1 rs=1 cs=1]
              RenderText {#text} at (1,1) size 58x18
                text run at (1,1) width 58: "Calendar"
            RenderTableCell {TD} at (145,24) size 63x20 [r=1 c=2 rs=1 cs=1]
              RenderText {#text} at (1,1) size 61x18
                text run at (1,1) width 61: "Netcaster"
