layer at (0,0) size 800x600
  RenderView at (0,0) size 800x600
layer at (0,0) size 800x600
  RenderBlock {HTML} at (0,0) size 800x600
    RenderBody {BODY} at (8,8) size 784x584
      RenderBlock (anonymous) at (0,0) size 784x36
        RenderText {#text} at (0,0) size 739x36
          text run at (0,0) width 739: "The TD tag uses the ALIGN attribute. The contents in the first TD tag (Netscape Communicator) should be aligned"
          text run at (0,18) width 43: "center."
      RenderTable {TABLE} at (0,36) size 291x52 [border: (1px outset #808080)]
        RenderTableSection {TBODY} at (1,1) size 289x50
          RenderTableRow {TR} at (0,2) size 289x22
            RenderTableCell {TD} at (2,2) size 285x22 [border: (1px inset #808080)] [r=0 c=0 rs=1 cs=1]
              RenderText {#text} at (62,2) size 160x18
                text run at (62,2) width 160: "Netscape Communicator"
          RenderTableRow {TR} at (0,26) size 289x22
            RenderTableCell {TD} at (2,26) size 285x22 [border: (1px inset #808080)] [r=1 c=0 rs=1 cs=1]
              RenderText {#text} at (2,2) size 281x18
                text run at (2,2) width 281: "Available on the Mac/PC/UNIX platforms !"
