layer at (0,0) size 800x600
  RenderView at (0,0) size 800x600
layer at (0,0) size 800x600
  RenderBlock {HTML} at (0,0) size 800x600
    RenderBody {BODY} at (8,8) size 784x584
      RenderBlock (anonymous) at (0,0) size 784x18
        RenderText {#text} at (0,0) size 575x18
          text run at (0,0) width 575: "The TH tag uses the ALIGN attribute. The contents in the TH tag should be right aligned."
        RenderBR {BR} at (574,0) size 1x18
      RenderTable {TABLE} at (0,18) size 297x52 [border: (1px outset #808080)]
        RenderTableSection {TBODY} at (1,1) size 295x50
          RenderTableRow {TR} at (0,2) size 295x22
            RenderTableCell {TH} at (2,2) size 285x22 [border: (1px inset #808080)] [r=0 c=0 rs=1 cs=1]
              RenderText {#text} at (112,2) size 171x18
                text run at (112,2) width 171: "Netscape Communicator"
            RenderTableCell {TH} at (288,11) size 5x4 [border: (1px inset #808080)] [r=0 c=1 rs=1 cs=1]
          RenderTableRow {TR} at (0,26) size 295x22
            RenderTableCell {TD} at (2,26) size 285x22 [border: (1px inset #808080)] [r=1 c=0 rs=1 cs=1]
              RenderText {#text} at (2,2) size 281x18
                text run at (2,2) width 281: "Available on the Mac/PC/UNIX platforms !"
