layer at (0,0) size 800x600
  RenderView at (0,0) size 800x600
layer at (0,0) size 800x600
  RenderBlock {HTML} at (0,0) size 800x600
    RenderBody {BODY} at (8,8) size 784x584
      RenderBlock (anonymous) at (0,0) size 784x36
        RenderText {#text} at (0,0) size 774x36
          text run at (0,0) width 605: "This test case shows how WIDTH can set the width of the table to a fixed size using PIXELS. "
          text run at (604,0) width 170: "This first table has a width"
          text run at (0,18) width 88: "of 400 pixels."
      RenderTable {TABLE} at (0,36) size 400x46
        RenderTableSection {TBODY} at (0,0) size 400x46
          RenderTableRow {TR} at (0,2) size 400x20
            RenderTableCell {TD} at (2,2) size 132x20 [r=0 c=0 rs=1 cs=1]
              RenderText {#text} at (1,1) size 64x18
                text run at (1,1) width 64: "Navigator"
            RenderTableCell {TD} at (135,2) size 140x20 [r=0 c=1 rs=1 cs=1]
              RenderText {#text} at (1,1) size 70x18
                text run at (1,1) width 70: "Messenger"
            RenderTableCell {TD} at (276,2) size 123x20 [r=0 c=2 rs=1 cs=1]
              RenderText {#text} at (1,1) size 56x18
                text run at (1,1) width 56: "Collabra"
          RenderTableRow {TR} at (0,24) size 400x20
            RenderTableCell {TD} at (2,24) size 132x20 [r=1 c=0 rs=1 cs=1]
              RenderText {#text} at (1,1) size 66x18
                text run at (1,1) width 66: "Composer"
            RenderTableCell {TD} at (135,24) size 140x20 [r=1 c=1 rs=1 cs=1]
              RenderText {#text} at (1,1) size 58x18
                text run at (1,1) width 58: "Calendar"
            RenderTableCell {TD} at (276,24) size 123x20 [r=1 c=2 rs=1 cs=1]
              RenderText {#text} at (1,1) size 61x18
                text run at (1,1) width 61: "Netcaster"
      RenderBlock (anonymous) at (0,82) size 784x36
        RenderBR {BR} at (0,0) size 0x18
        RenderText {#text} at (0,18) size 323x18
          text run at (0,18) width 323: "While, this second table has a width of 300 pixels."
      RenderTable {TABLE} at (0,118) size 300x46
        RenderTableSection {TBODY} at (0,0) size 300x46
          RenderTableRow {TR} at (0,2) size 300x20
            RenderTableCell {TD} at (2,2) size 99x20 [r=0 c=0 rs=1 cs=1]
              RenderText {#text} at (1,1) size 64x18
                text run at (1,1) width 64: "Navigator"
            RenderTableCell {TD} at (102,2) size 104x20 [r=0 c=1 rs=1 cs=1]
              RenderText {#text} at (1,1) size 70x18
                text run at (1,1) width 70: "Messenger"
            RenderTableCell {TD} at (207,2) size 92x20 [r=0 c=2 rs=1 cs=1]
              RenderText {#text} at (1,1) size 56x18
                text run at (1,1) width 56: "Collabra"
          RenderTableRow {TR} at (0,24) size 300x20
            RenderTableCell {TD} at (2,24) size 99x20 [r=1 c=0 rs=1 cs=1]
              RenderText {#text} at (1,1) size 66x18
                text run at (1,1) width 66: "Composer"
            RenderTableCell {TD} at (102,24) size 104x20 [r=1 c=1 rs=1 cs=1]
              RenderText {#text} at (1,1) size 58x18
                text run at (1,1) width 58: "Calendar"
            RenderTableCell {TD} at (207,24) size 92x20 [r=1 c=2 rs=1 cs=1]
              RenderText {#text} at (1,1) size 61x18
                text run at (1,1) width 61: "Netcaster"
