layer at (0,0) size 800x600
  RenderView at (0,0) size 800x600
layer at (0,0) size 800x600
  RenderBlock {HTML} at (0,0) size 800x600
    RenderBody {BODY} at (8,8) size 784x584
      RenderTable {TABLE} at (0,0) size 784x46 [bgcolor=#00FF00] [border: (1px outset #808080)]
        RenderTableSection {TBODY} at (1,1) size 782x44
          RenderTableRow {TR} at (0,2) size 782x40
            RenderTableCell {TD} at (2,2) size 388x40 [border: (1px inset #808080)] [r=0 c=0 rs=1 cs=1]
              RenderText {#text} at (2,2) size 331x36
                text run at (2,2) width 331: "Here is a table with a lime background using the ID"
                text run at (2,20) width 58: "attribute."
            RenderTableCell {TD} at (392,2) size 388x40 [border: (1px inset #808080)] [r=0 c=1 rs=1 cs=1]
              RenderText {#text} at (2,2) size 331x36
                text run at (2,2) width 331: "Here is a table with a lime background using the ID"
                text run at (2,20) width 58: "attribute."
      RenderBlock (anonymous) at (0,46) size 784x36
        RenderBR {BR} at (0,0) size 0x18
        RenderBR {BR} at (0,18) size 0x18
      RenderTable {TABLE} at (0,82) size 547x28 [border: (1px outset #808080)]
        RenderTableSection {TBODY} at (1,1) size 545x26
          RenderTableRow {TR} at (0,2) size 545x22
            RenderTableCell {TD} at (2,2) size 270x22 [border: (1px inset #808080)] [r=0 c=0 rs=1 cs=1]
              RenderText {#text} at (2,2) size 266x18
                text run at (2,2) width 266: "Here is a table with no ID attribute value."
            RenderTableCell {TD} at (273,2) size 270x22 [border: (1px inset #808080)] [r=0 c=1 rs=1 cs=1]
              RenderText {#text} at (2,2) size 266x18
                text run at (2,2) width 266: "Here is a table with no ID attribute value."
