layer at (0,0) size 785x1640
  RenderView at (0,0) size 785x600
layer at (0,0) size 785x1640
  RenderBlock {html} at (0,0) size 785x1640
    RenderBody {body} at (8,16) size 769x1616 [bgcolor=#FFFFFF]
      RenderBlock {p} at (0,0) size 769x18
        RenderText {#text} at (0,0) size 272x18
          text run at (0,0) width 272: "Black table with a white body background"
      RenderTable {table} at (0,34) size 432x52 [bgcolor=#000000] [border: (1px outset #808080)]
        RenderTableSection (anonymous) at (1,1) size 430x50
          RenderTableRow {tr} at (0,2) size 430x22
            RenderTableCell {td} at (2,2) size 141x22 [border: (1px inset #808080)] [r=0 c=0 rs=1 cs=1]
              RenderText {#text} at (2,2) size 137x18
                text run at (2,2) width 137: "table table table table"
            RenderTableCell {td} at (144,2) size 141x22 [border: (1px inset #808080)] [r=0 c=1 rs=1 cs=1]
              RenderText {#text} at (2,2) size 137x18
                text run at (2,2) width 137: "table table table table"
            RenderTableCell {td} at (286,2) size 142x22 [border: (1px inset #808080)] [r=0 c=2 rs=1 cs=1]
              RenderText {#text} at (2,2) size 137x18
                text run at (2,2) width 137: "table table table table"
          RenderTableRow {tr} at (0,26) size 430x22
            RenderTableCell {td} at (2,26) size 141x22 [border: (1px inset #808080)] [r=1 c=0 rs=1 cs=1]
              RenderText {#text} at (2,2) size 137x18
                text run at (2,2) width 137: "table table table table"
            RenderTableCell {td} at (144,26) size 141x22 [border: (1px inset #808080)] [r=1 c=1 rs=1 cs=1]
              RenderText {#text} at (2,2) size 137x18
                text run at (2,2) width 137: "table table table table"
            RenderTableCell {td} at (286,26) size 142x22 [border: (1px inset #808080)] [r=1 c=2 rs=1 cs=1]
              RenderText {#text} at (2,2) size 137x18
                text run at (2,2) width 137: "table table table table"
      RenderBlock {p} at (0,102) size 769x18
        RenderText {#text} at (0,0) size 272x18
          text run at (0,0) width 272: "Silver table with a white body background"
      RenderTable {table} at (0,136) size 432x52 [bgcolor=#C0C0C0] [border: (1px outset #808080)]
        RenderTableSection (anonymous) at (1,1) size 430x50
          RenderTableRow {tr} at (0,2) size 430x22
            RenderTableCell {td} at (2,2) size 141x22 [border: (1px inset #808080)] [r=0 c=0 rs=1 cs=1]
              RenderText {#text} at (2,2) size 137x18
                text run at (2,2) width 137: "table table table table"
            RenderTableCell {td} at (144,2) size 141x22 [border: (1px inset #808080)] [r=0 c=1 rs=1 cs=1]
              RenderText {#text} at (2,2) size 137x18
                text run at (2,2) width 137: "table table table table"
            RenderTableCell {td} at (286,2) size 142x22 [border: (1px inset #808080)] [r=0 c=2 rs=1 cs=1]
              RenderText {#text} at (2,2) size 137x18
                text run at (2,2) width 137: "table table table table"
          RenderTableRow {tr} at (0,26) size 430x22
            RenderTableCell {td} at (2,26) size 141x22 [border: (1px inset #808080)] [r=1 c=0 rs=1 cs=1]
              RenderText {#text} at (2,2) size 137x18
                text run at (2,2) width 137: "table table table table"
            RenderTableCell {td} at (144,26) size 141x22 [border: (1px inset #808080)] [r=1 c=1 rs=1 cs=1]
              RenderText {#text} at (2,2) size 137x18
                text run at (2,2) width 137: "table table table table"
            RenderTableCell {td} at (286,26) size 142x22 [border: (1px inset #808080)] [r=1 c=2 rs=1 cs=1]
              RenderText {#text} at (2,2) size 137x18
                text run at (2,2) width 137: "table table table table"
      RenderBlock {p} at (0,204) size 769x18
        RenderText {#text} at (0,0) size 266x18
          text run at (0,0) width 266: "Gray table with a white body background"
      RenderTable {table} at (0,238) size 432x52 [bgcolor=#808080] [border: (1px outset #808080)]
        RenderTableSection (anonymous) at (1,1) size 430x50
          RenderTableRow {tr} at (0,2) size 430x22
            RenderTableCell {td} at (2,2) size 141x22 [border: (1px inset #808080)] [r=0 c=0 rs=1 cs=1]
              RenderText {#text} at (2,2) size 137x18
                text run at (2,2) width 137: "table table table table"
            RenderTableCell {td} at (144,2) size 141x22 [border: (1px inset #808080)] [r=0 c=1 rs=1 cs=1]
              RenderText {#text} at (2,2) size 137x18
                text run at (2,2) width 137: "table table table table"
            RenderTableCell {td} at (286,2) size 142x22 [border: (1px inset #808080)] [r=0 c=2 rs=1 cs=1]
              RenderText {#text} at (2,2) size 137x18
                text run at (2,2) width 137: "table table table table"
          RenderTableRow {tr} at (0,26) size 430x22
            RenderTableCell {td} at (2,26) size 141x22 [border: (1px inset #808080)] [r=1 c=0 rs=1 cs=1]
              RenderText {#text} at (2,2) size 137x18
                text run at (2,2) width 137: "table table table table"
            RenderTableCell {td} at (144,26) size 141x22 [border: (1px inset #808080)] [r=1 c=1 rs=1 cs=1]
              RenderText {#text} at (2,2) size 137x18
                text run at (2,2) width 137: "table table table table"
            RenderTableCell {td} at (286,26) size 142x22 [border: (1px inset #808080)] [r=1 c=2 rs=1 cs=1]
              RenderText {#text} at (2,2) size 137x18
                text run at (2,2) width 137: "table table table table"
      RenderBlock {p} at (0,306) size 769x18
        RenderText {#text} at (0,0) size 273x18
          text run at (0,0) width 273: "White table with a white body background"
      RenderTable {table} at (0,340) size 432x52 [border: (1px outset #808080)]
        RenderTableSection (anonymous) at (1,1) size 430x50
          RenderTableRow {tr} at (0,2) size 430x22
            RenderTableCell {td} at (2,2) size 141x22 [border: (1px inset #808080)] [r=0 c=0 rs=1 cs=1]
              RenderText {#text} at (2,2) size 137x18
                text run at (2,2) width 137: "table table table table"
            RenderTableCell {td} at (144,2) size 141x22 [border: (1px inset #808080)] [r=0 c=1 rs=1 cs=1]
              RenderText {#text} at (2,2) size 137x18
                text run at (2,2) width 137: "table table table table"
            RenderTableCell {td} at (286,2) size 142x22 [border: (1px inset #808080)] [r=0 c=2 rs=1 cs=1]
              RenderText {#text} at (2,2) size 137x18
                text run at (2,2) width 137: "table table table table"
          RenderTableRow {tr} at (0,26) size 430x22
            RenderTableCell {td} at (2,26) size 141x22 [border: (1px inset #808080)] [r=1 c=0 rs=1 cs=1]
              RenderText {#text} at (2,2) size 137x18
                text run at (2,2) width 137: "table table table table"
            RenderTableCell {td} at (144,26) size 141x22 [border: (1px inset #808080)] [r=1 c=1 rs=1 cs=1]
              RenderText {#text} at (2,2) size 137x18
                text run at (2,2) width 137: "table table table table"
            RenderTableCell {td} at (286,26) size 142x22 [border: (1px inset #808080)] [r=1 c=2 rs=1 cs=1]
              RenderText {#text} at (2,2) size 137x18
                text run at (2,2) width 137: "table table table table"
      RenderBlock {p} at (0,408) size 769x18
        RenderText {#text} at (0,0) size 285x18
          text run at (0,0) width 285: "Maroon table with a white body background"
      RenderTable {table} at (0,442) size 432x52 [bgcolor=#800000] [border: (1px outset #808080)]
        RenderTableSection (anonymous) at (1,1) size 430x50
          RenderTableRow {tr} at (0,2) size 430x22
            RenderTableCell {td} at (2,2) size 141x22 [border: (1px inset #808080)] [r=0 c=0 rs=1 cs=1]
              RenderText {#text} at (2,2) size 137x18
                text run at (2,2) width 137: "table table table table"
            RenderTableCell {td} at (144,2) size 141x22 [border: (1px inset #808080)] [r=0 c=1 rs=1 cs=1]
              RenderText {#text} at (2,2) size 137x18
                text run at (2,2) width 137: "table table table table"
            RenderTableCell {td} at (286,2) size 142x22 [border: (1px inset #808080)] [r=0 c=2 rs=1 cs=1]
              RenderText {#text} at (2,2) size 137x18
                text run at (2,2) width 137: "table table table table"
          RenderTableRow {tr} at (0,26) size 430x22
            RenderTableCell {td} at (2,26) size 141x22 [border: (1px inset #808080)] [r=1 c=0 rs=1 cs=1]
              RenderText {#text} at (2,2) size 137x18
                text run at (2,2) width 137: "table table table table"
            RenderTableCell {td} at (144,26) size 141x22 [border: (1px inset #808080)] [r=1 c=1 rs=1 cs=1]
              RenderText {#text} at (2,2) size 137x18
                text run at (2,2) width 137: "table table table table"
            RenderTableCell {td} at (286,26) size 142x22 [border: (1px inset #808080)] [r=1 c=2 rs=1 cs=1]
              RenderText {#text} at (2,2) size 137x18
                text run at (2,2) width 137: "table table table table"
      RenderBlock {p} at (0,510) size 769x18
        RenderText {#text} at (0,0) size 260x18
          text run at (0,0) width 260: "Red table with a white body background"
      RenderTable {table} at (0,544) size 432x52 [bgcolor=#FF0000] [border: (1px outset #808080)]
        RenderTableSection (anonymous) at (1,1) size 430x50
          RenderTableRow {tr} at (0,2) size 430x22
            RenderTableCell {td} at (2,2) size 141x22 [border: (1px inset #808080)] [r=0 c=0 rs=1 cs=1]
              RenderText {#text} at (2,2) size 137x18
                text run at (2,2) width 137: "table table table table"
            RenderTableCell {td} at (144,2) size 141x22 [border: (1px inset #808080)] [r=0 c=1 rs=1 cs=1]
              RenderText {#text} at (2,2) size 137x18
                text run at (2,2) width 137: "table table table table"
            RenderTableCell {td} at (286,2) size 142x22 [border: (1px inset #808080)] [r=0 c=2 rs=1 cs=1]
              RenderText {#text} at (2,2) size 137x18
                text run at (2,2) width 137: "table table table table"
          RenderTableRow {tr} at (0,26) size 430x22
            RenderTableCell {td} at (2,26) size 141x22 [border: (1px inset #808080)] [r=1 c=0 rs=1 cs=1]
              RenderText {#text} at (2,2) size 137x18
                text run at (2,2) width 137: "table table table table"
            RenderTableCell {td} at (144,26) size 141x22 [border: (1px inset #808080)] [r=1 c=1 rs=1 cs=1]
              RenderText {#text} at (2,2) size 137x18
                text run at (2,2) width 137: "table table table table"
            RenderTableCell {td} at (286,26) size 142x22 [border: (1px inset #808080)] [r=1 c=2 rs=1 cs=1]
              RenderText {#text} at (2,2) size 137x18
                text run at (2,2) width 137: "table table table table"
      RenderBlock {p} at (0,612) size 769x18
        RenderText {#text} at (0,0) size 276x18
          text run at (0,0) width 276: "Purple table with a white body background"
      RenderTable {table} at (0,646) size 432x52 [bgcolor=#800080] [border: (1px outset #808080)]
        RenderTableSection (anonymous) at (1,1) size 430x50
          RenderTableRow {tr} at (0,2) size 430x22
            RenderTableCell {td} at (2,2) size 141x22 [border: (1px inset #808080)] [r=0 c=0 rs=1 cs=1]
              RenderText {#text} at (2,2) size 137x18
                text run at (2,2) width 137: "table table table table"
            RenderTableCell {td} at (144,2) size 141x22 [border: (1px inset #808080)] [r=0 c=1 rs=1 cs=1]
              RenderText {#text} at (2,2) size 137x18
                text run at (2,2) width 137: "table table table table"
            RenderTableCell {td} at (286,2) size 142x22 [border: (1px inset #808080)] [r=0 c=2 rs=1 cs=1]
              RenderText {#text} at (2,2) size 137x18
                text run at (2,2) width 137: "table table table table"
          RenderTableRow {tr} at (0,26) size 430x22
            RenderTableCell {td} at (2,26) size 141x22 [border: (1px inset #808080)] [r=1 c=0 rs=1 cs=1]
              RenderText {#text} at (2,2) size 137x18
                text run at (2,2) width 137: "table table table table"
            RenderTableCell {td} at (144,26) size 141x22 [border: (1px inset #808080)] [r=1 c=1 rs=1 cs=1]
              RenderText {#text} at (2,2) size 137x18
                text run at (2,2) width 137: "table table table table"
            RenderTableCell {td} at (286,26) size 142x22 [border: (1px inset #808080)] [r=1 c=2 rs=1 cs=1]
              RenderText {#text} at (2,2) size 137x18
                text run at (2,2) width 137: "table table table table"
      RenderBlock {p} at (0,714) size 769x18
        RenderText {#text} at (0,0) size 284x18
          text run at (0,0) width 284: "Fuchsia table with a white body background"
      RenderTable {table} at (0,748) size 432x52 [bgcolor=#FF00FF] [border: (1px outset #808080)]
        RenderTableSection (anonymous) at (1,1) size 430x50
          RenderTableRow {tr} at (0,2) size 430x22
            RenderTableCell {td} at (2,2) size 141x22 [border: (1px inset #808080)] [r=0 c=0 rs=1 cs=1]
              RenderText {#text} at (2,2) size 137x18
                text run at (2,2) width 137: "table table table table"
            RenderTableCell {td} at (144,2) size 141x22 [border: (1px inset #808080)] [r=0 c=1 rs=1 cs=1]
              RenderText {#text} at (2,2) size 137x18
                text run at (2,2) width 137: "table table table table"
            RenderTableCell {td} at (286,2) size 142x22 [border: (1px inset #808080)] [r=0 c=2 rs=1 cs=1]
              RenderText {#text} at (2,2) size 137x18
                text run at (2,2) width 137: "table table table table"
          RenderTableRow {tr} at (0,26) size 430x22
            RenderTableCell {td} at (2,26) size 141x22 [border: (1px inset #808080)] [r=1 c=0 rs=1 cs=1]
              RenderText {#text} at (2,2) size 137x18
                text run at (2,2) width 137: "table table table table"
            RenderTableCell {td} at (144,26) size 141x22 [border: (1px inset #808080)] [r=1 c=1 rs=1 cs=1]
              RenderText {#text} at (2,2) size 137x18
                text run at (2,2) width 137: "table table table table"
            RenderTableCell {td} at (286,26) size 142x22 [border: (1px inset #808080)] [r=1 c=2 rs=1 cs=1]
              RenderText {#text} at (2,2) size 137x18
                text run at (2,2) width 137: "table table table table"
      RenderBlock {p} at (0,816) size 769x18
        RenderText {#text} at (0,0) size 273x18
          text run at (0,0) width 273: "Green table with a white body background"
      RenderTable {table} at (0,850) size 432x52 [bgcolor=#008000] [border: (1px outset #808080)]
        RenderTableSection (anonymous) at (1,1) size 430x50
          RenderTableRow {tr} at (0,2) size 430x22
            RenderTableCell {td} at (2,2) size 141x22 [border: (1px inset #808080)] [r=0 c=0 rs=1 cs=1]
              RenderText {#text} at (2,2) size 137x18
                text run at (2,2) width 137: "table table table table"
            RenderTableCell {td} at (144,2) size 141x22 [border: (1px inset #808080)] [r=0 c=1 rs=1 cs=1]
              RenderText {#text} at (2,2) size 137x18
                text run at (2,2) width 137: "table table table table"
            RenderTableCell {td} at (286,2) size 142x22 [border: (1px inset #808080)] [r=0 c=2 rs=1 cs=1]
              RenderText {#text} at (2,2) size 137x18
                text run at (2,2) width 137: "table table table table"
          RenderTableRow {tr} at (0,26) size 430x22
            RenderTableCell {td} at (2,26) size 141x22 [border: (1px inset #808080)] [r=1 c=0 rs=1 cs=1]
              RenderText {#text} at (2,2) size 137x18
                text run at (2,2) width 137: "table table table table"
            RenderTableCell {td} at (144,26) size 141x22 [border: (1px inset #808080)] [r=1 c=1 rs=1 cs=1]
              RenderText {#text} at (2,2) size 137x18
                text run at (2,2) width 137: "table table table table"
            RenderTableCell {td} at (286,26) size 142x22 [border: (1px inset #808080)] [r=1 c=2 rs=1 cs=1]
              RenderText {#text} at (2,2) size 137x18
                text run at (2,2) width 137: "table table table table"
      RenderBlock {p} at (0,918) size 769x18
        RenderText {#text} at (0,0) size 268x18
          text run at (0,0) width 268: "Lime table with a white body background"
      RenderTable {table} at (0,952) size 432x52 [bgcolor=#00FF00] [border: (1px outset #808080)]
        RenderTableSection (anonymous) at (1,1) size 430x50
          RenderTableRow {tr} at (0,2) size 430x22
            RenderTableCell {td} at (2,2) size 141x22 [border: (1px inset #808080)] [r=0 c=0 rs=1 cs=1]
              RenderText {#text} at (2,2) size 137x18
                text run at (2,2) width 137: "table table table table"
            RenderTableCell {td} at (144,2) size 141x22 [border: (1px inset #808080)] [r=0 c=1 rs=1 cs=1]
              RenderText {#text} at (2,2) size 137x18
                text run at (2,2) width 137: "table table table table"
            RenderTableCell {td} at (286,2) size 142x22 [border: (1px inset #808080)] [r=0 c=2 rs=1 cs=1]
              RenderText {#text} at (2,2) size 137x18
                text run at (2,2) width 137: "table table table table"
          RenderTableRow {tr} at (0,26) size 430x22
            RenderTableCell {td} at (2,26) size 141x22 [border: (1px inset #808080)] [r=1 c=0 rs=1 cs=1]
              RenderText {#text} at (2,2) size 137x18
                text run at (2,2) width 137: "table table table table"
            RenderTableCell {td} at (144,26) size 141x22 [border: (1px inset #808080)] [r=1 c=1 rs=1 cs=1]
              RenderText {#text} at (2,2) size 137x18
                text run at (2,2) width 137: "table table table table"
            RenderTableCell {td} at (286,26) size 142x22 [border: (1px inset #808080)] [r=1 c=2 rs=1 cs=1]
              RenderText {#text} at (2,2) size 137x18
                text run at (2,2) width 137: "table table table table"
      RenderBlock {p} at (0,1020) size 769x18
        RenderText {#text} at (0,0) size 270x18
          text run at (0,0) width 270: "Olive table with a white body background"
      RenderTable {table} at (0,1054) size 432x52 [bgcolor=#808000] [border: (1px outset #808080)]
        RenderTableSection (anonymous) at (1,1) size 430x50
          RenderTableRow {tr} at (0,2) size 430x22
            RenderTableCell {td} at (2,2) size 141x22 [border: (1px inset #808080)] [r=0 c=0 rs=1 cs=1]
              RenderText {#text} at (2,2) size 137x18
                text run at (2,2) width 137: "table table table table"
            RenderTableCell {td} at (144,2) size 141x22 [border: (1px inset #808080)] [r=0 c=1 rs=1 cs=1]
              RenderText {#text} at (2,2) size 137x18
                text run at (2,2) width 137: "table table table table"
            RenderTableCell {td} at (286,2) size 142x22 [border: (1px inset #808080)] [r=0 c=2 rs=1 cs=1]
              RenderText {#text} at (2,2) size 137x18
                text run at (2,2) width 137: "table table table table"
          RenderTableRow {tr} at (0,26) size 430x22
            RenderTableCell {td} at (2,26) size 141x22 [border: (1px inset #808080)] [r=1 c=0 rs=1 cs=1]
              RenderText {#text} at (2,2) size 137x18
                text run at (2,2) width 137: "table table table table"
            RenderTableCell {td} at (144,26) size 141x22 [border: (1px inset #808080)] [r=1 c=1 rs=1 cs=1]
              RenderText {#text} at (2,2) size 137x18
                text run at (2,2) width 137: "table table table table"
            RenderTableCell {td} at (286,26) size 142x22 [border: (1px inset #808080)] [r=1 c=2 rs=1 cs=1]
              RenderText {#text} at (2,2) size 137x18
                text run at (2,2) width 137: "table table table table"
      RenderBlock {p} at (0,1122) size 769x18
        RenderText {#text} at (0,0) size 280x18
          text run at (0,0) width 280: "Yellow table with a white body background"
      RenderTable {table} at (0,1156) size 432x52 [bgcolor=#FFFF00] [border: (1px outset #808080)]
        RenderTableSection (anonymous) at (1,1) size 430x50
          RenderTableRow {tr} at (0,2) size 430x22
            RenderTableCell {td} at (2,2) size 141x22 [border: (1px inset #808080)] [r=0 c=0 rs=1 cs=1]
              RenderText {#text} at (2,2) size 137x18
                text run at (2,2) width 137: "table table table table"
            RenderTableCell {td} at (144,2) size 141x22 [border: (1px inset #808080)] [r=0 c=1 rs=1 cs=1]
              RenderText {#text} at (2,2) size 137x18
                text run at (2,2) width 137: "table table table table"
            RenderTableCell {td} at (286,2) size 142x22 [border: (1px inset #808080)] [r=0 c=2 rs=1 cs=1]
              RenderText {#text} at (2,2) size 137x18
                text run at (2,2) width 137: "table table table table"
          RenderTableRow {tr} at (0,26) size 430x22
            RenderTableCell {td} at (2,26) size 141x22 [border: (1px inset #808080)] [r=1 c=0 rs=1 cs=1]
              RenderText {#text} at (2,2) size 137x18
                text run at (2,2) width 137: "table table table table"
            RenderTableCell {td} at (144,26) size 141x22 [border: (1px inset #808080)] [r=1 c=1 rs=1 cs=1]
              RenderText {#text} at (2,2) size 137x18
                text run at (2,2) width 137: "table table table table"
            RenderTableCell {td} at (286,26) size 142x22 [border: (1px inset #808080)] [r=1 c=2 rs=1 cs=1]
              RenderText {#text} at (2,2) size 137x18
                text run at (2,2) width 137: "table table table table"
      RenderBlock {p} at (0,1224) size 769x18
        RenderText {#text} at (0,0) size 269x18
          text run at (0,0) width 269: "Navy table with a white body background"
      RenderTable {table} at (0,1258) size 432x52 [bgcolor=#000080] [border: (1px outset #808080)]
        RenderTableSection (anonymous) at (1,1) size 430x50
          RenderTableRow {tr} at (0,2) size 430x22
            RenderTableCell {td} at (2,2) size 141x22 [border: (1px inset #808080)] [r=0 c=0 rs=1 cs=1]
              RenderText {#text} at (2,2) size 137x18
                text run at (2,2) width 137: "table table table table"
            RenderTableCell {td} at (144,2) size 141x22 [border: (1px inset #808080)] [r=0 c=1 rs=1 cs=1]
              RenderText {#text} at (2,2) size 137x18
                text run at (2,2) width 137: "table table table table"
            RenderTableCell {td} at (286,2) size 142x22 [border: (1px inset #808080)] [r=0 c=2 rs=1 cs=1]
              RenderText {#text} at (2,2) size 137x18
                text run at (2,2) width 137: "table table table table"
          RenderTableRow {tr} at (0,26) size 430x22
            RenderTableCell {td} at (2,26) size 141x22 [border: (1px inset #808080)] [r=1 c=0 rs=1 cs=1]
              RenderText {#text} at (2,2) size 137x18
                text run at (2,2) width 137: "table table table table"
            RenderTableCell {td} at (144,26) size 141x22 [border: (1px inset #808080)] [r=1 c=1 rs=1 cs=1]
              RenderText {#text} at (2,2) size 137x18
                text run at (2,2) width 137: "table table table table"
            RenderTableCell {td} at (286,26) size 142x22 [border: (1px inset #808080)] [r=1 c=2 rs=1 cs=1]
              RenderText {#text} at (2,2) size 137x18
                text run at (2,2) width 137: "table table table table"
      RenderBlock {p} at (0,1326) size 769x18
        RenderText {#text} at (0,0) size 264x18
          text run at (0,0) width 264: "Blue table with a white body background"
      RenderTable {table} at (0,1360) size 432x52 [bgcolor=#0000FF] [border: (1px outset #808080)]
        RenderTableSection (anonymous) at (1,1) size 430x50
          RenderTableRow {tr} at (0,2) size 430x22
            RenderTableCell {td} at (2,2) size 141x22 [border: (1px inset #808080)] [r=0 c=0 rs=1 cs=1]
              RenderText {#text} at (2,2) size 137x18
                text run at (2,2) width 137: "table table table table"
            RenderTableCell {td} at (144,2) size 141x22 [border: (1px inset #808080)] [r=0 c=1 rs=1 cs=1]
              RenderText {#text} at (2,2) size 137x18
                text run at (2,2) width 137: "table table table table"
            RenderTableCell {td} at (286,2) size 142x22 [border: (1px inset #808080)] [r=0 c=2 rs=1 cs=1]
              RenderText {#text} at (2,2) size 137x18
                text run at (2,2) width 137: "table table table table"
          RenderTableRow {tr} at (0,26) size 430x22
            RenderTableCell {td} at (2,26) size 141x22 [border: (1px inset #808080)] [r=1 c=0 rs=1 cs=1]
              RenderText {#text} at (2,2) size 137x18
                text run at (2,2) width 137: "table table table table"
            RenderTableCell {td} at (144,26) size 141x22 [border: (1px inset #808080)] [r=1 c=1 rs=1 cs=1]
              RenderText {#text} at (2,2) size 137x18
                text run at (2,2) width 137: "table table table table"
            RenderTableCell {td} at (286,26) size 142x22 [border: (1px inset #808080)] [r=1 c=2 rs=1 cs=1]
              RenderText {#text} at (2,2) size 137x18
                text run at (2,2) width 137: "table table table table"
      RenderBlock {p} at (0,1428) size 769x18
        RenderText {#text} at (0,0) size 262x18
          text run at (0,0) width 262: "Teal table with a white body background"
      RenderTable {table} at (0,1462) size 432x52 [bgcolor=#008080] [border: (1px outset #808080)]
        RenderTableSection (anonymous) at (1,1) size 430x50
          RenderTableRow {tr} at (0,2) size 430x22
            RenderTableCell {td} at (2,2) size 141x22 [border: (1px inset #808080)] [r=0 c=0 rs=1 cs=1]
              RenderText {#text} at (2,2) size 137x18
                text run at (2,2) width 137: "table table table table"
            RenderTableCell {td} at (144,2) size 141x22 [border: (1px inset #808080)] [r=0 c=1 rs=1 cs=1]
              RenderText {#text} at (2,2) size 137x18
                text run at (2,2) width 137: "table table table table"
            RenderTableCell {td} at (286,2) size 142x22 [border: (1px inset #808080)] [r=0 c=2 rs=1 cs=1]
              RenderText {#text} at (2,2) size 137x18
                text run at (2,2) width 137: "table table table table"
          RenderTableRow {tr} at (0,26) size 430x22
            RenderTableCell {td} at (2,26) size 141x22 [border: (1px inset #808080)] [r=1 c=0 rs=1 cs=1]
              RenderText {#text} at (2,2) size 137x18
                text run at (2,2) width 137: "table table table table"
            RenderTableCell {td} at (144,26) size 141x22 [border: (1px inset #808080)] [r=1 c=1 rs=1 cs=1]
              RenderText {#text} at (2,2) size 137x18
                text run at (2,2) width 137: "table table table table"
            RenderTableCell {td} at (286,26) size 142x22 [border: (1px inset #808080)] [r=1 c=2 rs=1 cs=1]
              RenderText {#text} at (2,2) size 137x18
                text run at (2,2) width 137: "table table table table"
      RenderBlock {p} at (0,1530) size 769x18
        RenderText {#text} at (0,0) size 269x18
          text run at (0,0) width 269: "Aqua table with a white body background"
      RenderTable {table} at (0,1564) size 432x52 [bgcolor=#00FFFF] [border: (1px outset #808080)]
        RenderTableSection (anonymous) at (1,1) size 430x50
          RenderTableRow {tr} at (0,2) size 430x22
            RenderTableCell {td} at (2,2) size 141x22 [border: (1px inset #808080)] [r=0 c=0 rs=1 cs=1]
              RenderText {#text} at (2,2) size 137x18
                text run at (2,2) width 137: "table table table table"
            RenderTableCell {td} at (144,2) size 141x22 [border: (1px inset #808080)] [r=0 c=1 rs=1 cs=1]
              RenderText {#text} at (2,2) size 137x18
                text run at (2,2) width 137: "table table table table"
            RenderTableCell {td} at (286,2) size 142x22 [border: (1px inset #808080)] [r=0 c=2 rs=1 cs=1]
              RenderText {#text} at (2,2) size 137x18
                text run at (2,2) width 137: "table table table table"
          RenderTableRow {tr} at (0,26) size 430x22
            RenderTableCell {td} at (2,26) size 141x22 [border: (1px inset #808080)] [r=1 c=0 rs=1 cs=1]
              RenderText {#text} at (2,2) size 137x18
                text run at (2,2) width 137: "table table table table"
            RenderTableCell {td} at (144,26) size 141x22 [border: (1px inset #808080)] [r=1 c=1 rs=1 cs=1]
              RenderText {#text} at (2,2) size 137x18
                text run at (2,2) width 137: "table table table table"
            RenderTableCell {td} at (286,26) size 142x22 [border: (1px inset #808080)] [r=1 c=2 rs=1 cs=1]
              RenderText {#text} at (2,2) size 137x18
                text run at (2,2) width 137: "table table table table"
