layer at (0,0) size 800x600
  RenderView at (0,0) size 800x600
layer at (0,0) size 800x326
  RenderBlock {html} at (0,0) size 800x326
    RenderBody {body} at (8,16) size 784x302
      RenderBlock {p} at (0,0) size 784x18
        RenderText {#text} at (0,0) size 279x18
          text run at (0,0) width 279: "The table below should have the following:"
      RenderBlock {ol} at (0,34) size 784x108
        RenderListItem {li} at (40,0) size 744x18
          RenderListMarker at (-20,0) size 16x18: "1"
          RenderText {#text} at (0,0) size 119x18
            text run at (0,0) width 119: "a caption 'TABLE'"
        RenderListItem {li} at (40,18) size 744x18
          RenderListMarker at (-20,0) size 16x18: "2"
          RenderText {#text} at (0,0) size 62x18
            text run at (0,0) width 62: "no border"
        RenderListItem {li} at (40,36) size 744x18
          RenderListMarker at (-20,0) size 16x18: "3"
          RenderText {#text} at (0,0) size 224x18
            text run at (0,0) width 224: "3 colgroups, each with one column"
        RenderListItem {li} at (40,54) size 744x18
          RenderListMarker at (-20,0) size 16x18: "4"
          RenderText {#text} at (0,0) size 154x18
            text run at (0,0) width 154: "a THEAD with one row"
        RenderListItem {li} at (40,72) size 744x18
          RenderListMarker at (-20,0) size 16x18: "5"
          RenderText {#text} at (0,0) size 162x18
            text run at (0,0) width 162: "a TBODY with two rows"
        RenderListItem {li} at (40,90) size 744x18
          RenderListMarker at (-20,0) size 16x18: "6"
          RenderText {#text} at (0,0) size 151x18
            text run at (0,0) width 151: "a TFOOT with one row"
      RenderBlock (anonymous) at (0,158) size 784x36
        RenderBR {br} at (0,0) size 0x18
        RenderBR {br} at (0,18) size 0x18
      RenderTable {table} at (0,194) size 185x108
        RenderBlock {caption} at (0,0) size 185x18
          RenderText {#text} at (67,0) size 51x18
            text run at (67,0) width 51: "TABLE"
        RenderTableCol {colgroup} at (0,0) size 0x0
          RenderTableCol {col} at (0,0) size 0x0
        RenderTableCol {colgroup} at (0,0) size 0x0
          RenderTableCol {col} at (0,0) size 0x0
        RenderTableCol {colgroup} at (0,0) size 0x0
          RenderTableCol {col} at (0,0) size 0x0
        RenderTableSection {thead} at (0,18) size 185x24
          RenderTableRow {tr} at (0,2) size 185x20
            RenderTableCell {th} at (2,2) size 59x20 [r=0 c=0 rs=1 cs=1]
              RenderText {#text} at (1,1) size 57x18
                text run at (1,1) width 57: "THEAD"
            RenderTableCell {th} at (62,2) size 60x20 [r=0 c=1 rs=1 cs=1]
              RenderText {#text} at (1,1) size 57x18
                text run at (1,1) width 57: "THEAD"
            RenderTableCell {th} at (123,2) size 60x20 [r=0 c=2 rs=1 cs=1]
              RenderText {#text} at (1,1) size 57x18
                text run at (1,1) width 57: "THEAD"
        RenderTableSection {tfoot} at (0,86) size 185x22
          RenderTableRow {tr} at (0,0) size 185x20
            RenderTableCell {td} at (2,0) size 59x20 [r=0 c=0 rs=1 cs=1]
              RenderText {#text} at (1,1) size 52x18
                text run at (1,1) width 52: "TFOOT"
            RenderTableCell {td} at (62,0) size 60x20 [r=0 c=1 rs=1 cs=1]
              RenderText {#text} at (1,1) size 52x18
                text run at (1,1) width 52: "TFOOT"
            RenderTableCell {td} at (123,0) size 60x20 [r=0 c=2 rs=1 cs=1]
              RenderText {#text} at (1,1) size 52x18
                text run at (1,1) width 52: "TFOOT"
        RenderTableSection {tbody} at (0,42) size 185x44
          RenderTableRow {tr} at (0,0) size 185x20
            RenderTableCell {td} at (2,0) size 59x20 [r=0 c=0 rs=1 cs=1]
              RenderText {#text} at (1,1) size 56x18
                text run at (1,1) width 56: "TBODY"
            RenderTableCell {td} at (62,0) size 60x20 [r=0 c=1 rs=1 cs=1]
              RenderText {#text} at (1,1) size 56x18
                text run at (1,1) width 56: "TBODY"
            RenderTableCell {td} at (123,0) size 60x20 [r=0 c=2 rs=1 cs=1]
              RenderText {#text} at (1,1) size 56x18
                text run at (1,1) width 56: "TBODY"
          RenderTableRow {tr} at (0,22) size 185x20
            RenderTableCell {td} at (2,22) size 59x20 [r=1 c=0 rs=1 cs=1]
              RenderText {#text} at (1,1) size 56x18
                text run at (1,1) width 56: "TBODY"
            RenderTableCell {td} at (62,22) size 60x20 [r=1 c=1 rs=1 cs=1]
              RenderText {#text} at (1,1) size 56x18
                text run at (1,1) width 56: "TBODY"
            RenderTableCell {td} at (123,22) size 60x20 [r=1 c=2 rs=1 cs=1]
              RenderText {#text} at (1,1) size 56x18
                text run at (1,1) width 56: "TBODY"
