layer at (0,0) size 800x600
  RenderView at (0,0) size 800x600
layer at (0,0) size 800x158
  RenderBlock {html} at (0,0) size 800x158
    RenderBody {body} at (8,16) size 784x134
      RenderBlock {p} at (0,0) size 784x18
        RenderText {#text} at (0,0) size 737x18
          text run at (0,0) width 411: "No 'number' specification is given for border. There should be a "
          text run at (411,0) width 326: "2 pixel border around the frame of the table below."
      RenderTable {table} at (0,34) size 193x100 [border: (1px outset #808080)]
        RenderTableCol {colgroup} at (0,0) size 0x0
          RenderTableCol {col} at (0,0) size 0x0
        RenderTableCol {colgroup} at (0,0) size 0x0
          RenderTableCol {col} at (0,0) size 0x0
        RenderTableCol {colgroup} at (0,0) size 0x0
          RenderTableCol {col} at (0,0) size 0x0
        RenderTableSection {thead} at (1,1) size 191x26
          RenderTableRow {tr} at (0,2) size 191x22
            RenderTableCell {th} at (2,2) size 61x22 [border: (1px inset #808080)] [r=0 c=0 rs=1 cs=1]
              RenderText {#text} at (2,2) size 57x18
                text run at (2,2) width 57: "THEAD"
            RenderTableCell {th} at (64,2) size 62x22 [border: (1px inset #808080)] [r=0 c=1 rs=1 cs=1]
              RenderText {#text} at (2,2) size 57x18
                text run at (2,2) width 57: "THEAD"
            RenderTableCell {th} at (127,2) size 62x22 [border: (1px inset #808080)] [r=0 c=2 rs=1 cs=1]
              RenderText {#text} at (2,2) size 57x18
                text run at (2,2) width 57: "THEAD"
        RenderTableSection {tfoot} at (1,75) size 191x24
          RenderTableRow {tr} at (0,0) size 191x22
            RenderTableCell {td} at (2,0) size 61x22 [border: (1px inset #808080)] [r=0 c=0 rs=1 cs=1]
              RenderText {#text} at (2,2) size 52x18
                text run at (2,2) width 52: "TFOOT"
            RenderTableCell {td} at (64,0) size 62x22 [border: (1px inset #808080)] [r=0 c=1 rs=1 cs=1]
              RenderText {#text} at (2,2) size 52x18
                text run at (2,2) width 52: "TFOOT"
            RenderTableCell {td} at (127,0) size 62x22 [border: (1px inset #808080)] [r=0 c=2 rs=1 cs=1]
              RenderText {#text} at (2,2) size 52x18
                text run at (2,2) width 52: "TFOOT"
        RenderTableSection {tbody} at (1,27) size 191x48
          RenderTableRow {tr} at (0,0) size 191x22
            RenderTableCell {td} at (2,0) size 61x22 [border: (1px inset #808080)] [r=0 c=0 rs=1 cs=1]
              RenderText {#text} at (2,2) size 56x18
                text run at (2,2) width 56: "TBODY"
            RenderTableCell {td} at (64,0) size 62x22 [border: (1px inset #808080)] [r=0 c=1 rs=1 cs=1]
              RenderText {#text} at (2,2) size 56x18
                text run at (2,2) width 56: "TBODY"
            RenderTableCell {td} at (127,0) size 62x22 [border: (1px inset #808080)] [r=0 c=2 rs=1 cs=1]
              RenderText {#text} at (2,2) size 56x18
                text run at (2,2) width 56: "TBODY"
          RenderTableRow {tr} at (0,24) size 191x22
            RenderTableCell {td} at (2,24) size 61x22 [border: (1px inset #808080)] [r=1 c=0 rs=1 cs=1]
              RenderText {#text} at (2,2) size 56x18
                text run at (2,2) width 56: "TBODY"
            RenderTableCell {td} at (64,24) size 62x22 [border: (1px inset #808080)] [r=1 c=1 rs=1 cs=1]
              RenderText {#text} at (2,2) size 56x18
                text run at (2,2) width 56: "TBODY"
            RenderTableCell {td} at (127,24) size 62x22 [border: (1px inset #808080)] [r=1 c=2 rs=1 cs=1]
              RenderText {#text} at (2,2) size 56x18
                text run at (2,2) width 56: "TBODY"
