layer at (0,0) size 800x600
  RenderView at (0,0) size 800x600
layer at (0,0) size 800x142
  RenderBlock {html} at (0,0) size 800x142
    RenderBody {body} at (8,16) size 784x118
      RenderBlock {p} at (0,0) size 784x18
        RenderText {#text} at (0,0) size 491x18
          text run at (0,0) width 414: "There should be rules around each row and column group in the "
          text run at (413,0) width 78: "table below."
      RenderTable {table} at (0,34) size 181x84 [border: none]
        RenderTableCol {colgroup} at (0,0) size 0x0 [border: none (1px solid #000000) none (1px solid #000000)]
          RenderTableCol {col} at (0,0) size 0x0
        RenderTableCol {colgroup} at (0,0) size 0x0 [border: none (1px solid #000000) none (1px solid #000000)]
          RenderTableCol {col} at (0,0) size 0x0
        RenderTableCol {colgroup} at (0,0) size 0x0 [border: none (1px solid #000000) none (1px solid #000000)]
          RenderTableCol {col} at (0,0) size 0x0
        RenderTableSection {thead} at (0,0) size 180x21 [border: (1px solid #808080) none (1px solid #808080) none]
          RenderTableRow {tr} at (0,0) size 180x21
            RenderTableCell {th} at (0,0) size 60x21 [border: (1px none #000000)] [r=0 c=0 rs=1 cs=1]
              RenderText {#text} at (2,2) size 57x18
                text run at (2,2) width 57: "THEAD"
            RenderTableCell {th} at (59,0) size 61x21 [border: (1px none #000000)] [r=0 c=1 rs=1 cs=1]
              RenderText {#text} at (2,2) size 57x18
                text run at (2,2) width 57: "THEAD"
            RenderTableCell {th} at (119,0) size 61x21 [border: (1px none #000000)] [r=0 c=2 rs=1 cs=1]
              RenderText {#text} at (2,2) size 57x18
                text run at (2,2) width 57: "THEAD"
        RenderTableSection {tfoot} at (0,62) size 180x21 [border: (1px solid #808080) none (1px solid #808080) none]
          RenderTableRow {tr} at (0,0) size 180x21
            RenderTableCell {td} at (0,0) size 60x21 [border: (1px none #000000)] [r=0 c=0 rs=1 cs=1]
              RenderText {#text} at (2,2) size 52x18
                text run at (2,2) width 52: "TFOOT"
            RenderTableCell {td} at (59,0) size 61x21 [border: (1px none #000000)] [r=0 c=1 rs=1 cs=1]
              RenderText {#text} at (2,2) size 52x18
                text run at (2,2) width 52: "TFOOT"
            RenderTableCell {td} at (119,0) size 61x21 [border: (1px none #000000)] [r=0 c=2 rs=1 cs=1]
              RenderText {#text} at (2,2) size 52x18
                text run at (2,2) width 52: "TFOOT"
        RenderTableSection {tbody} at (0,21) size 180x41 [border: (1px solid #808080) none (1px solid #808080) none]
          RenderTableRow {tr} at (0,0) size 180x21
            RenderTableCell {td} at (0,0) size 60x21 [border: (1px none #000000)] [r=0 c=0 rs=1 cs=1]
              RenderText {#text} at (2,2) size 56x18
                text run at (2,2) width 56: "TBODY"
            RenderTableCell {td} at (59,0) size 61x21 [border: (1px none #000000)] [r=0 c=1 rs=1 cs=1]
              RenderText {#text} at (2,2) size 56x18
                text run at (2,2) width 56: "TBODY"
            RenderTableCell {td} at (119,0) size 61x21 [border: (1px none #000000)] [r=0 c=2 rs=1 cs=1]
              RenderText {#text} at (2,2) size 56x18
                text run at (2,2) width 56: "TBODY"
          RenderTableRow {tr} at (0,21) size 180x20
            RenderTableCell {td} at (0,21) size 60x20 [border: none] [r=1 c=0 rs=1 cs=1]
              RenderText {#text} at (2,1) size 56x18
                text run at (2,1) width 56: "TBODY"
            RenderTableCell {td} at (59,21) size 61x20 [border: none] [r=1 c=1 rs=1 cs=1]
              RenderText {#text} at (2,1) size 56x18
                text run at (2,1) width 56: "TBODY"
            RenderTableCell {td} at (119,21) size 61x20 [border: none] [r=1 c=2 rs=1 cs=1]
              RenderText {#text} at (2,1) size 56x18
                text run at (2,1) width 56: "TBODY"
