layer at (0,0) size 800x600
  RenderView at (0,0) size 800x600
layer at (0,0) size 800x62
  RenderBlock {html} at (0,0) size 800x62
    RenderBody {body} at (8,8) size 784x46
      RenderTable {table} at (0,0) size 547x46 [border: (1px outset #808080)]
        RenderTableSection (anonymous) at (1,1) size 545x44
          RenderTableRow {tr} at (0,2) size 545x40
            RenderTableCell {td} at (2,2) size 270x40 [border: (1px inset #808080)] [r=0 c=0 rs=1 cs=1]
              RenderText {#text} at (11,11) size 248x18
                text run at (11,11) width 248: "This cell should have an 10px padding"
            RenderTableCell {td} at (273,2) size 270x40 [border: (1px inset #808080)] [r=0 c=1 rs=1 cs=1]
              RenderText {#text} at (11,11) size 248x18
                text run at (11,11) width 248: "This cell should have an 10px padding"
