layer at (0,0) size 800x600
  RenderView at (0,0) size 800x600
layer at (0,0) size 800x134
  RenderBlock {html} at (0,0) size 800x134
    RenderBody {body} at (8,16) size 784x110
      RenderBlock {p} at (0,0) size 784x18
        RenderText {#text} at (0,0) size 345x18
          text run at (0,0) width 345: "In this test, the TBODY text should be center aligned."
      RenderTable {table} at (0,34) size 180x76 [border: (1px outset #808080)]
        RenderTableSection {thead} at (1,1) size 178x26
          RenderTableRow {tr} at (0,2) size 178x22
            RenderTableCell {td} at (2,2) size 174x22 [border: (1px inset #808080)] [r=0 c=0 rs=1 cs=1]
              RenderText {#text} at (2,2) size 170x18
                text run at (2,2) width 170: "This text is in the THEAD"
        RenderTableSection {tfoot} at (1,51) size 178x24
          RenderTableRow {tr} at (0,0) size 178x22
            RenderTableCell {td} at (2,0) size 174x22 [border: (1px inset #808080)] [r=0 c=0 rs=1 cs=1]
              RenderText {#text} at (2,2) size 167x18
                text run at (2,2) width 167: "This text is in the TFOOT"
        RenderTableSection {tbody} at (1,27) size 178x24
          RenderTableRow {tr} at (0,0) size 178x22
            RenderTableCell {td} at (2,0) size 174x22 [border: (1px inset #808080)] [r=0 c=0 rs=1 cs=1]
              RenderText {#text} at (59,2) size 56x18
                text run at (59,2) width 56: "TBODY"
