layer at (0,0) size 800x600
  RenderView at (0,0) size 800x600
layer at (0,0) size 800x298
  RenderBlock {html} at (0,0) size 800x298
    RenderBody {body} at (8,16) size 784x274
      RenderBlock {p} at (0,0) size 784x18
        RenderText {#text} at (0,0) size 171x18
          text run at (0,0) width 171: "TD VALIGN=BASELINE"
      RenderTable {table} at (0,34) size 784x240 [border: (1px outset #808080)]
        RenderTableSection (anonymous) at (1,1) size 782x238
          RenderTableRow {tr} at (0,2) size 782x234
            RenderTableCell {td} at (2,24) size 218x94 [border: (1px inset #808080)] [r=0 c=0 rs=1 cs=1]
              RenderText {#text} at (2,2) size 212x90
                text run at (2,2) width 209: "Compare the baseline of the first"
                text run at (2,20) width 46: "line of "
                text run at (47,20) width 151: "text in this cell with the"
                text run at (2,38) width 212: "baseline of the first line of text in"
                text run at (2,56) width 180: "the next cell: they should be"
                text run at (2,74) width 112: "vertically aligned"
            RenderTableCell {td} at (221,2) size 560x234 [border: (1px inset #808080)] [r=0 c=1 rs=1 cs=1]
              RenderText {#text} at (2,2) size 530x230
                text run at (2,2) width 357: "Compare the baseline "
                text run at (358,2) width 165: "of the first"
                text run at (2,48) width 490: "line of text in this cell with the"
                text run at (2,94) width 244: "baseline of the "
                text run at (245,94) width 287: "first line of text in"
                text run at (2,140) width 519: "the previous cell: they should be"
                text run at (2,186) width 162: "vertically "
                text run at (163,186) width 118: "aligned"
