layer at (0,0) size 800x600
  RenderView at (0,0) size 800x600
layer at (0,0) size 800x258
  RenderBlock {html} at (0,0) size 800x258
    RenderBody {body} at (8,16) size 784x234
      RenderBlock {p} at (0,0) size 784x18
        RenderText {#text} at (0,0) size 147x18
          text run at (0,0) width 147: "TEST: td align=\"right\""
      RenderBlock {p} at (0,34) size 784x36
        RenderInline {b} at (0,0) size 77x18
          RenderText {#text} at (0,0) size 77x18
            text run at (0,0) width 77: "Example 1."
        RenderBR {br} at (76,0) size 1x18
        RenderText {#text} at (0,18) size 123x18
          text run at (0,18) width 123: "Table width=100%"
      RenderTable {table} at (0,86) size 784x28 [border: (1px outset #808080)]
        RenderTableSection (anonymous) at (1,1) size 782x26
          RenderTableRow {tr} at (0,2) size 782x22
            RenderTableCell {td} at (2,2) size 778x22 [border: (1px inset #808080)] [r=0 c=0 rs=1 cs=1]
              RenderText {#text} at (570,2) size 206x18
                text run at (570,2) width 206: "Cell text should be right aligned"
      RenderBlock {p} at (0,130) size 784x36
        RenderInline {b} at (0,0) size 77x18
          RenderText {#text} at (0,0) size 77x18
            text run at (0,0) width 77: "Example 2."
        RenderBR {br} at (76,0) size 1x18
        RenderText {#text} at (0,18) size 432x18
          text run at (0,18) width 407: "No specific table width; text in second row exceeds text in first "
          text run at (406,18) width 26: "row"
      RenderTable {table} at (0,182) size 566x52 [border: (1px outset #808080)]
        RenderTableSection (anonymous) at (1,1) size 564x50
          RenderTableRow {tr} at (0,2) size 564x22
            RenderTableCell {td} at (2,2) size 560x22 [border: (1px inset #808080)] [r=0 c=0 rs=1 cs=1]
              RenderText {#text} at (352,2) size 206x18
                text run at (352,2) width 206: "Cell text should be right aligned"
          RenderTableRow {tr} at (0,26) size 564x22
            RenderTableCell {td} at (2,26) size 560x22 [border: (1px inset #808080)] [r=1 c=0 rs=1 cs=1]
              RenderText {#text} at (2,2) size 556x18
                text run at (2,2) width 448: "xxx xxx xxx xxx xxx xxx xxx xxx xxx xxx xxx xxx xxx xxx xxx xxx "
                text run at (450,2) width 108: "xxx xxx xxx xxx"
