layer at (0,0) size 800x600
  RenderView at (0,0) size 800x600
layer at (0,0) size 800x68
  RenderBlock {html} at (0,0) size 800x68
    RenderBody {body} at (8,8) size 784x52
      RenderTable {table} at (0,0) size 227x52 [border: (1px outset #808080)]
        RenderTableSection (anonymous) at (1,1) size 225x50
          RenderTableRow {tr} at (0,2) size 225x22
            RenderTableCell {td} at (2,14) size 163x22 [border: (1px inset #808080)] [r=0 c=0 rs=2 cs=1]
              RenderText {#text} at (2,2) size 159x18
                text run at (2,2) width 159: "This cell spans two rows"
            RenderTableCell {td} at (166,2) size 57x22 [border: (1px inset #808080)] [r=0 c=1 rs=1 cs=1]
              RenderText {#text} at (2,2) size 52x18
                text run at (2,2) width 52: "xxx xxx"
          RenderTableRow {tr} at (0,26) size 225x22
            RenderTableCell {td} at (166,26) size 57x22 [border: (1px inset #808080)] [r=1 c=1 rs=1 cs=1]
              RenderText {#text} at (2,2) size 52x18
                text run at (2,2) width 52: "xxx xxx"
