layer at (0,0) size 800x600
  RenderView at (0,0) size 800x600
layer at (0,0) size 800x320
  RenderBlock {html} at (0,0) size 800x320
    RenderBody {body} at (8,16) size 784x296
      RenderBlock {p} at (0,0) size 784x18
        RenderText {#text} at (0,0) size 189x18
          text run at (0,0) width 189: "THEAD VALIGN=MIDDLE"
      RenderTable {table} at (0,34) size 627x262 [border: (1px outset #808080)]
        RenderTableSection {thead} at (1,1) size 625x212
          RenderTableRow {tr} at (0,2) size 625x208
            RenderTableCell {td} at (2,2) size 204x208 [border: (1px inset #808080)] [r=0 c=0 rs=1 cs=1]
              RenderImage {img} at (2,2) size 200x200
            RenderTableCell {td} at (208,95) size 415x22 [border: (1px inset #808080)] [r=0 c=1 rs=1 cs=1]
              RenderText {#text} at (2,2) size 411x18
                text run at (2,2) width 372: "This text should be vertically aligned to the middle of the "
                text run at (373,2) width 40: "image"
        RenderTableSection {tfoot} at (1,237) size 625x24
          RenderTableRow {tr} at (0,0) size 625x22
            RenderTableCell {td} at (2,0) size 204x22 [border: (1px inset #808080)] [r=0 c=0 rs=1 cs=1]
              RenderText {#text} at (2,2) size 52x18
                text run at (2,2) width 52: "TFOOT"
            RenderTableCell {td} at (208,0) size 415x22 [border: (1px inset #808080)] [r=0 c=1 rs=1 cs=1]
              RenderText {#text} at (2,2) size 52x18
                text run at (2,2) width 52: "TFOOT"
        RenderTableSection {tbody} at (1,213) size 625x24
          RenderTableRow {tr} at (0,0) size 625x22
            RenderTableCell {td} at (2,0) size 204x22 [border: (1px inset #808080)] [r=0 c=0 rs=1 cs=1]
              RenderText {#text} at (2,2) size 56x18
                text run at (2,2) width 56: "TBODY"
            RenderTableCell {td} at (208,0) size 415x22 [border: (1px inset #808080)] [r=0 c=1 rs=1 cs=1]
              RenderText {#text} at (2,2) size 56x18
                text run at (2,2) width 56: "TBODY"
