layer at (0,0) size 800x600
  RenderView at (0,0) size 800x600
layer at (0,0) size 800x346
  RenderBlock {html} at (0,0) size 800x346
    RenderBody {body} at (8,16) size 784x322
      RenderBlock {p} at (0,0) size 784x18
        RenderText {#text} at (0,0) size 204x18
          text run at (0,0) width 204: "THEAD VALIGN=BASELINE"
      RenderTable {table} at (0,34) size 784x288 [border: (1px outset #808080)]
        RenderTableSection {thead} at (1,1) size 782x238
          RenderTableRow {tr} at (0,2) size 782x234
            RenderTableCell {td} at (2,24) size 218x94 [border: (1px inset #808080)] [r=0 c=0 rs=1 cs=1]
              RenderText {#text} at (2,2) size 212x90
                text run at (2,2) width 209: "Compare the baseline of the first"
                text run at (2,20) width 144: "line of text in this cell "
                text run at (145,20) width 53: "with the"
                text run at (2,38) width 212: "baseline of the first line of text in"
                text run at (2,56) width 119: "the next cell: they "
                text run at (120,56) width 62: "should be"
                text run at (2,74) width 112: "vertically aligned"
            RenderTableCell {td} at (221,2) size 560x234 [border: (1px inset #808080)] [r=0 c=1 rs=1 cs=1]
              RenderText {#text} at (2,2) size 530x230
                text run at (2,2) width 521: "Compare the baseline of the first"
                text run at (2,48) width 70: "line "
                text run at (71,48) width 421: "of text in this cell with the"
                text run at (2,94) width 530: "baseline of the first line of text in"
                text run at (2,140) width 519: "the previous cell: they should be"
                text run at (2,186) width 279: "vertically aligned"
        RenderTableSection {tfoot} at (1,263) size 782x24
          RenderTableRow {tr} at (0,0) size 782x22
            RenderTableCell {td} at (2,0) size 218x22 [border: (1px inset #808080)] [r=0 c=0 rs=1 cs=1]
              RenderText {#text} at (2,2) size 52x18
                text run at (2,2) width 52: "TFOOT"
            RenderTableCell {td} at (221,0) size 560x22 [border: (1px inset #808080)] [r=0 c=1 rs=1 cs=1]
              RenderText {#text} at (2,2) size 52x18
                text run at (2,2) width 52: "TFOOT"
        RenderTableSection {tbody} at (1,239) size 782x24
          RenderTableRow {tr} at (0,0) size 782x22
            RenderTableCell {td} at (2,0) size 218x22 [border: (1px inset #808080)] [r=0 c=0 rs=1 cs=1]
              RenderText {#text} at (2,2) size 56x18
                text run at (2,2) width 56: "TBODY"
            RenderTableCell {td} at (221,0) size 560x22 [border: (1px inset #808080)] [r=0 c=1 rs=1 cs=1]
              RenderText {#text} at (2,2) size 56x18
                text run at (2,2) width 56: "TBODY"
