layer at (0,0) size 800x600
  RenderView at (0,0) size 800x600
layer at (0,0) size 800x44
  RenderBlock {html} at (0,0) size 800x44
    RenderBody {body} at (8,8) size 784x28
      RenderTable {table} at (0,0) size 682x28 [border: (1px outset #808080)]
        RenderTableSection (anonymous) at (1,1) size 680x26
          RenderTableRow {tr} at (0,2) size 680x22
            RenderTableCell {th} at (2,2) size 337x22 [bgcolor=#00FF00] [border: (1px inset #808080)] [r=0 c=0 rs=1 cs=1]
              RenderText {#text} at (2,2) size 333x18
                text run at (2,2) width 217: "This heading cell should have a "
                text run at (218,2) width 117: "lime background"
            RenderTableCell {th} at (340,2) size 338x22 [bgcolor=#00FF00] [border: (1px inset #808080)] [r=0 c=1 rs=1 cs=1]
              RenderText {#text} at (2,2) size 333x18
                text run at (2,2) width 217: "This heading cell should have a "
                text run at (218,2) width 117: "lime background"
