layer at (0,0) size 951x585
  RenderView at (0,0) size 800x585
layer at (0,0) size 800x68
  RenderBlock {html} at (0,0) size 800x68
    RenderBody {body} at (8,8) size 784x52
      RenderTable {table} at (0,0) size 944x52 [border: (1px outset #808080)]
        RenderTableSection (anonymous) at (1,1) size 942x50
          RenderTableRow {tr} at (0,2) size 942x22
            RenderTableCell {th} at (2,2) size 938x22 [border: (1px inset #808080)] [r=0 c=0 rs=1 cs=1]
              RenderText {#text} at (2,2) size 934x18
                text run at (2,2) width 285: "The text in the cell should not wrap upon "
                text run at (286,2) width 267: "window resizing    x-fill x-fill x-fill x-fill "
                text run at (552,2) width 317: "x-fill x-fill x-fill x-fill x-fill x-fill x-fill x-fill x-fill "
                text run at (868,2) width 68: "x-fill x-fill"
          RenderTableRow {tr} at (0,26) size 942x22
            RenderTableCell {th} at (2,26) size 938x22 [border: (1px inset #808080)] [r=1 c=0 rs=1 cs=1]
              RenderText {#text} at (2,2) size 934x18
                text run at (2,2) width 285: "The text in the cell should not wrap upon "
                text run at (286,2) width 267: "window resizing    x-fill x-fill x-fill x-fill "
                text run at (552,2) width 317: "x-fill x-fill x-fill x-fill x-fill x-fill x-fill x-fill x-fill "
                text run at (868,2) width 68: "x-fill x-fill"
