layer at (0,0) size 800x600
  RenderView at (0,0) size 800x600
layer at (0,0) size 800x98
  RenderBlock {html} at (0,0) size 800x98
    RenderBody {body} at (8,8) size 784x82
      RenderTable {table} at (0,0) size 784x82 [border: (1px outset #808080)]
        RenderTableSection (anonymous) at (1,1) size 782x80
          RenderTableRow {tr} at (0,2) size 782x76
            RenderTableCell {th} at (2,2) size 389x76 [border: (1px inset #808080)] [r=0 c=0 rs=1 cs=1]
              RenderText {#text} at (2,2) size 385x72
                text run at (2,2) width 233: "This cell text should be justified "
                text run at (234,2) width 153: "which means that the"
                text run at (2,20) width 303: "right and left margins should line up, no "
                text run at (304,20) width 83: "matter how"
                text run at (2,38) width 385: "long the content becomes (except the last line which"
                text run at (2,56) width 151: "should be left aligned)"
            RenderTableCell {th} at (392,29) size 389x22 [border: (1px inset #808080)] [r=0 c=1 rs=1 cs=1]
              RenderText {#text} at (2,2) size 242x18
                text run at (2,2) width 187: "This cell text should be left "
                text run at (188,2) width 56: "justified"
