layer at (0,0) size 800x600
  RenderView at (0,0) size 800x600
layer at (0,0) size 800x298
  RenderBlock {html} at (0,0) size 800x298
    RenderBody {body} at (8,16) size 784x274
      RenderBlock {p} at (0,0) size 784x18
        RenderText {#text} at (0,0) size 171x18
          text run at (0,0) width 171: "TH VALIGN=BASELINE"
      RenderTable {table} at (0,34) size 784x240 [border: (1px outset #808080)]
        RenderTableSection (anonymous) at (1,1) size 782x238
          RenderTableRow {tr} at (0,2) size 782x234
            RenderTableCell {th} at (2,24) size 218x94 [border: (1px inset #808080)] [r=0 c=0 rs=1 cs=1]
              RenderText {#text} at (13,2) size 212x90
                text run at (13,2) width 192: "Compare the baseline of the"
                text run at (3,20) width 78: "first line of "
                text run at (80,20) width 135: "text in this cell with"
                text run at (8,38) width 202: "the baseline of the first line of"
                text run at (24,56) width 49: "text in "
                text run at (72,56) width 121: "the next cell: they"
                text run at (15,74) width 188: "should be vertically aligned"
            RenderTableCell {th} at (221,2) size 560x234 [border: (1px inset #808080)] [r=0 c=1 rs=1 cs=1]
              RenderText {#text} at (40,2) size 529x230
                text run at (40,2) width 382: "Compare the baseline "
                text run at (421,2) width 97: "of the"
                text run at (15,48) width 529: "first line of text in this cell with"
                text run at (28,94) width 318: "the baseline of the "
                text run at (345,94) width 186: "first line of"
                text run at (33,140) width 492: "text in the previous cell: they"
                text run at (45,186) width 344: "should be vertically "
                text run at (388,186) width 126: "aligned"
