layer at (0,0) size 800x600
  RenderView at (0,0) size 800x600
layer at (0,0) size 800x272
  RenderBlock {html} at (0,0) size 800x272
    RenderBody {body} at (8,16) size 784x248
      RenderBlock {p} at (0,0) size 784x18
        RenderText {#text} at (0,0) size 155x18
          text run at (0,0) width 155: "TR VALIGN=MIDDLE"
      RenderTable {table} at (0,34) size 627x214 [border: (1px outset #808080)]
        RenderTableSection (anonymous) at (1,1) size 625x212
          RenderTableRow {tr} at (0,2) size 625x208
            RenderTableCell {td} at (2,2) size 204x208 [border: (1px inset #808080)] [r=0 c=0 rs=1 cs=1]
              RenderImage {img} at (2,2) size 200x200
            RenderTableCell {td} at (208,95) size 415x22 [border: (1px inset #808080)] [r=0 c=1 rs=1 cs=1]
              RenderText {#text} at (2,2) size 411x18
                text run at (2,2) width 372: "This text should be vertically aligned to the middle of the "
                text run at (373,2) width 40: "image"
