layer at (0,0) size 800x600
  RenderView at (0,0) size 800x600
layer at (0,0) size 800x600
  RenderBlock {HTML} at (0,0) size 800x600
    RenderBody {BODY} at (8,8) size 784x584
      RenderTable {TABLE} at (0,0) size 106x213
        RenderTableSection {TBODY} at (0,0) size 106x213
          RenderTableRow {TR} at (0,2) size 106x100
            RenderTableCell {TD} at (2,51) size 102x2 [r=0 c=0 rs=1 cs=1]
          RenderTableRow {TR} at (0,104) size 106x107
            RenderTableCell {TD} at (2,104) size 102x107 [bgcolor=#008000] [r=1 c=0 rs=1 cs=1]
              RenderText {#text} at (1,86) size 4x19
                text run at (1,86) width 4: " "
              RenderBlock {DIV} at (5,1) size 10x100
