layer at (0,0) size 785x3016
  RenderView at (0,0) size 785x600
layer at (0,0) size 785x3016 layerType: background only
layer at (10,270) size 100x100
  RenderBlock (positioned) zI: -5 {DIV} at (10,270) size 100x100 [bgcolor=#FFFF00]
layer at (0,0) size 785x3016 layerType: foreground only
  RenderBlock {HTML} at (0,0) size 785x3016
    RenderBody {BODY} at (8,8) size 769x3000
      RenderBlock {DIV} at (0,0) size 769x0
layer at (8,226) size 506x20
  RenderBlock (positioned) {P} at (8,226) size 506x20
    RenderText {#text} at (0,0) size 506x19
      text run at (0,0) width 506: "You should see a yellow rect on the left, and a green one on the right. No red pixels."
layer at (150,270) size 100x100
  RenderBlock (positioned) {DIV} at (150,70) size 100x100 [bgcolor=#008000]
scrolled to 0,200
