layer at (0,0) size 800x600
  RenderView at (0,0) size 800x600
layer at (0,0) size 800x600
  RenderBlock {HTML} at (0,0) size 800x600
    RenderBody {BODY} at (8,8) size 784x576
      RenderBlock {P} at (0,0) size 784x40
        RenderText {#text} at (0,0) size 51x19
          text run at (0,0) width 51: "Test for "
        RenderInline {I} at (0,0) size 732x39
          RenderInline {A} at (0,0) size 305x19 [color=#0000EE]
            RenderText {#text} at (51,0) size 305x19
              text run at (51,0) width 305: "http://bugs.webkit.org/show_bug.cgi?id=12910"
          RenderText {#text} at (356,0) size 732x39
            text run at (356,0) width 4: " "
            text run at (360,0) width 372: "REGRESSION (r18756-r18765): list-bullet doesn't redraw"
            text run at (0,20) width 374: "properly when changing the list's content using JavaScript"
        RenderText {#text} at (374,20) size 4x19
          text run at (374,20) width 4: "."
      RenderBlock {UL} at (0,56) size 784x20
        RenderListItem {LI} at (40,0) size 744x20
          RenderBlock (anonymous) at (0,0) size 744x20
            RenderListMarker at (-18,0) size 7x19: bullet
            RenderText {#text} at (0,0) size 20x19
              text run at (0,0) width 20: "foo"
          RenderBlock {DIV} at (10,30) size 724x0
      RenderBlock {UL} at (0,92) size 784x20
        RenderListItem {LI} at (40,0) size 744x20
          RenderBlock (anonymous) at (0,0) size 744x20
            RenderListMarker at (-1,0) size 7x19: bullet
            RenderText {#text} at (15,0) size 20x19
              text run at (15,0) width 20: "bar"
          RenderBlock {DIV} at (10,30) size 724x0
      RenderBlock {UL} at (0,128) size 784x20
        RenderListItem {LI} at (0,0) size 744x20
          RenderBlock (anonymous) at (0,0) size 744x20
            RenderListMarker at (755,0) size 7x19: bullet
            RenderText {#text} at (724,0) size 20x19
              text run at (724,0) width 20: "foo"
          RenderBlock {DIV} at (10,30) size 724x0
      RenderBlock {UL} at (0,164) size 784x20
        RenderListItem {LI} at (0,0) size 744x20
          RenderBlock (anonymous) at (0,0) size 744x20
            RenderListMarker at (738,0) size 7x19: bullet
            RenderText {#text} at (709,0) size 20x19
              text run at (709,0) width 20: "bar"
          RenderBlock {DIV} at (10,30) size 724x0
