layer at (0,0) size 800x600
  RenderView at (0,0) size 800x600
layer at (0,0) size 800x600
  RenderBlock {HTML} at (0,0) size 800x600
    RenderBody {BODY} at (8,8) size 784x584
      RenderBlock {P} at (0,0) size 784x40
        RenderText {#text} at (0,0) size 96x19
          text run at (0,0) width 96: "Repaint test for "
        RenderInline {I} at (0,0) size 773x39
          RenderInline {A} at (0,0) size 305x19 [color=#0000EE]
            RenderText {#text} at (96,0) size 305x19
              text run at (96,0) width 305: "http://bugs.webkit.org/show_bug.cgi?id=15838"
          RenderText {#text} at (401,0) size 773x39
            text run at (401,0) width 372: " Incomplete repaint toggling \"How you know this person\""
            text run at (0,20) width 84: "on Facebook"
        RenderText {#text} at (84,20) size 4x19
          text run at (84,20) width 4: "."
      RenderBlock {DIV} at (0,56) size 784x280
        RenderBlock (anonymous) at (0,0) size 784x100
          RenderText {#text} at (0,0) size 40x19
            text run at (0,0) width 40: "Word,"
          RenderBR {BR} at (40,15) size 0x0
          RenderText {#text} at (0,20) size 42x19
            text run at (0,20) width 42: "words,"
          RenderBR {BR} at (42,35) size 0x0
          RenderText {#text} at (0,40) size 77x19
            text run at (0,40) width 77: "more words."
          RenderBR {BR} at (77,55) size 0x0
          RenderText {#text} at (0,60) size 42x19
            text run at (0,60) width 42: "I could"
          RenderBR {BR} at (42,75) size 0x0
          RenderText {#text} at (0,80) size 77x19
            text run at (0,80) width 77: "write a book"
          RenderBR {BR} at (77,95) size 0x0
        RenderBlock {DIV} at (0,100) size 10x100 [bgcolor=#FFFF00]
        RenderBlock (anonymous) at (0,200) size 784x80
          RenderText {#text} at (0,0) size 102x19
            text run at (0,0) width 102: "about all the stuff"
          RenderBR {BR} at (102,15) size 0x0
          RenderText {#text} at (0,20) size 65x19
            text run at (0,20) width 65: "that comes"
          RenderBR {BR} at (65,35) size 0x0
          RenderText {#text} at (0,40) size 27x19
            text run at (0,40) width 27: "after"
          RenderBR {BR} at (27,55) size 0x0
          RenderText {#text} at (0,60) size 61x19
            text run at (0,60) width 61: "the break."
