layer at (0,0) size 800x600
  RenderView at (0,0) size 800x600
layer at (0,0) size 800x524
  RenderBlock {HTML} at (0,0) size 800x524
    RenderBody {BODY} at (8,16) size 784x500
      RenderBlock {P} at (0,0) size 784x20
        RenderInline {B} at (0,0) size 61x19
          RenderText {#text} at (0,0) size 61x19
            text run at (0,0) width 61: "BUG ID:"
        RenderText {#text} at (61,0) size 4x19
          text run at (61,0) width 4: " "
        RenderInline {A} at (0,0) size 108x19 [color=#0000EE]
          RenderText {#text} at (65,0) size 108x19
            text run at (65,0) width 108: "Bugzilla bug 8032"
        RenderText {#text} at (173,0) size 496x19
          text run at (173,0) width 496: " REGRESSION: Focus ring not completely redrawn after a Delete changes its size"
      RenderBlock {P} at (0,36) size 784x20
        RenderText {#text} at (0,0) size 354x19
          text run at (0,0) width 354: "Note that this bug (and the test) are just outline versions of "
        RenderInline {A} at (0,0) size 108x19 [color=#0000EE]
          RenderText {#text} at (354,0) size 108x19
            text run at (354,0) width 108: "Bugzilla bug 6301"
        RenderText {#text} at (462,0) size 55x19
          text run at (462,0) width 55: " and test "
        RenderInline {A} at (0,0) size 154x19 [color=#0000EE]
          RenderText {#text} at (517,0) size 154x19
            text run at (517,0) width 154: "border-repaint-glitch.html"
        RenderText {#text} at (0,0) size 0x0
      RenderBlock {P} at (0,72) size 784x26 [bgcolor=#98FB98]
        RenderInline {B} at (0,0) size 86x19
          RenderText {#text} at (3,3) size 86x19
            text run at (3,3) width 86: "TEST PASS:"
        RenderText {#text} at (89,3) size 412x19
          text run at (89,3) width 4: " "
          text run at (93,3) width 408: "The boxes will resize, maintaining their solid red rectangular outlines."
      RenderBlock {P} at (0,114) size 784x66 [bgcolor=#FF3300]
        RenderInline {B} at (0,0) size 84x19
          RenderText {#text} at (3,3) size 84x19
            text run at (3,3) width 84: "TEST FAIL:"
        RenderText {#text} at (87,3) size 771x59
          text run at (87,3) width 4: " "
          text run at (91,3) width 683: "The boxes will resize, but the outlines will break. The first box will be missing small segments from either side of its"
          text run at (3,23) width 766: "bottom outline. The second box will have small red horizontal segments protruding inwards from both sides of the outline, where"
          text run at (3,43) width 183: "the bottom outline was before."
      RenderBlock {DIV} at (0,196) size 222x142 [border: (1px solid #0000FF)]
        RenderBlock {DIV} at (11,21) size 200x40 [bgcolor=#008080]
          RenderBlock {DIV} at (10,0) size 180x40 [bgcolor=#C0C0C0]
      RenderBlock (anonymous) at (0,338) size 784x20
        RenderBR {BR} at (0,0) size 0x19
      RenderBlock {DIV} at (0,358) size 222x142 [border: (1px solid #0000FF)]
        RenderBlock {DIV} at (11,21) size 200x60 [bgcolor=#008080]
          RenderBlock {DIV} at (10,0) size 180x60 [bgcolor=#C0C0C0]
