layer at (0,0) size 800x600
  RenderView at (0,0) size 800x600
layer at (584,0) size 216x600
  RenderBlock {HTML} at (0,0) size 216x600
    RenderBody {BODY} at (8,8) size 200x584
      RenderInline {SPAN} at (0,0) size 19x134
        RenderText {#text} at (0,0) size 19x134
          text run at (0,0) width 134: "Testing both hit testing"
      RenderText {#text} at (0,134) size 19x152
        text run at (0,134) width 152: " and painting of selection."
      RenderBR {BR} at (0,286) size 19x0
      RenderText {#text} at (20,0) size 19x286
        text run at (20,0) width 286: "Testing both hit testing and painting of selection."
      RenderBR {BR} at (20,286) size 19x0
      RenderText {#text} at (40,0) size 19x286
        text run at (40,0) width 286: "Testing both hit testing and painting of selection."
      RenderBR {BR} at (40,286) size 19x0
      RenderText {#text} at (60,0) size 19x286
        text run at (60,0) width 286: "Testing both hit testing and painting of selection."
      RenderBR {BR} at (60,286) size 19x0
      RenderText {#text} at (80,0) size 19x286
        text run at (80,0) width 286: "Testing both hit testing and painting of selection."
      RenderBR {BR} at (80,286) size 19x0
      RenderText {#text} at (100,0) size 19x286
        text run at (100,0) width 286: "Testing both hit testing and painting of selection."
      RenderBR {BR} at (100,286) size 19x0
      RenderText {#text} at (120,0) size 19x286
        text run at (120,0) width 286: "Testing both hit testing and painting of selection."
      RenderBR {BR} at (120,286) size 19x0
      RenderText {#text} at (140,0) size 19x286
        text run at (140,0) width 286: "Testing both hit testing and painting of selection."
      RenderBR {BR} at (140,286) size 19x0
      RenderText {#text} at (160,0) size 19x286
        text run at (160,0) width 286: "Testing both hit testing and painting of selection."
      RenderBR {BR} at (160,286) size 19x0
      RenderText {#text} at (180,0) size 19x286
        text run at (180,0) width 286: "Testing both hit testing and painting of selection."
      RenderBR {BR} at (180,286) size 19x0
selection start: position 5 of child 0 {#text} of child 1 {SPAN} of body
selection end:   position 20 of child 0 {#text} of child 1 {SPAN} of body
