layer at (0,0) size 800x600
  RenderView at (0,0) size 800x600
layer at (0,0) size 800x600
  RenderBlock {HTML} at (0,0) size 800x600
    RenderBody {BODY} at (8,20) size 784x480
      RenderBlock {DIV} at (20,0) size 744x57
        RenderInline {SPAN} at (0,0) size 290x55
          RenderText {#text} at (0,1) size 290x55
            text run at (0,1) width 290: "      multiple    "
        RenderText {#text} at (290,1) size 305x55
          text run at (290,1) width 305: "     shadows      "
      RenderBlock {DIV} at (100,157) size 100x100
