layer at (0,0) size 800x600
  RenderView at (0,0) size 800x600
layer at (0,0) size 800x262
  RenderBlock {HTML} at (0,0) size 800x262
    RenderBody {BODY} at (8,16) size 784x238
      RenderBlock {P} at (0,0) size 784x20
        RenderText {#text} at (0,0) size 51x19
          text run at (0,0) width 51: "Test for "
        RenderInline {A} at (0,0) size 291x19 [color=#0000EE]
          RenderText {#text} at (51,0) size 291x19
            text run at (51,0) width 291: "https://bugs.webkit.org/show_bug.cgi?id=17840"
        RenderText {#text} at (342,0) size 282x19
          text run at (342,0) width 282: ". The rotated box should be correctly redrawn."
layer at (108,152) size 202x202
  RenderBlock (relative positioned) {DIV} at (0,36) size 202x202 [bgcolor=#CCCCCC] [border: (1px solid #000000)]
