layer at (0,0) size 800x600
  RenderView at (0,0) size 800x600
layer at (0,0) size 800x600
  RenderBlock {HTML} at (0,0) size 800x600
    RenderBody {BODY} at (8,8) size 784x584
      RenderBlock {H1} at (0,0) size 784x37
        RenderText {#text} at (0,0) size 363x36
          text run at (0,0) width 363: "Repaint test for bug 15719"
layer at (8,66) size 106x106
  RenderBlock {DIV} at (0,58) size 106x107 [bgcolor=#FFFF00] [border: (3px solid #000000)]
