layer at (0,0) size 800x600
  RenderView at (0,0) size 800x600
layer at (0,0) size 800x592
  RenderBlock {HTML} at (0,0) size 800x592
    RenderBody {BODY} at (8,16) size 784x560 [color=#008000]
      RenderBlock {P} at (0,0) size 784x20
        RenderText {#text} at (0,0) size 152x19
          text run at (0,0) width 152: "This line should be green."
      RenderBlock {P} at (0,36) size 784x20
        RenderText {#text} at (0,0) size 152x19
          text run at (0,0) width 152: "This line should be green."
      RenderBlock {P} at (0,72) size 784x20
        RenderText {#text} at (0,0) size 152x19
          text run at (0,0) width 152: "This line should be green."
      RenderBlock {P} at (0,108) size 784x20
        RenderText {#text} at (0,0) size 152x19
          text run at (0,0) width 152: "This line should be green."
      RenderBlock {OL} at (0,144) size 784x20
        RenderListItem {LI} at (40,0) size 744x20
          RenderListMarker at (-21,0) size 16x19: "1"
          RenderText {#text} at (0,0) size 152x19
            text run at (0,0) width 152: "This line should be green."
      RenderBlock {P} at (0,180) size 784x20
        RenderText {#text} at (0,0) size 152x19
          text run at (0,0) width 152: "This line should be green."
      RenderBlock {UL} at (0,216) size 784x20
        RenderListItem {LI} at (40,0) size 744x20
          RenderListMarker at (-18,0) size 7x19: bullet
          RenderText {#text} at (0,0) size 152x19
            text run at (0,0) width 152: "This line should be green."
      RenderBlock {BLOCKQUOTE} at (40,252) size 704x20
        RenderBlock {P} at (0,0) size 704x20
          RenderText {#text} at (0,0) size 152x19
            text run at (0,0) width 152: "This line should be green."
      RenderBlock {P} at (0,288) size 784x20
        RenderInline {ACRONYM} at (0,0) size 152x19
          RenderText {#text} at (0,0) size 152x19
            text run at (0,0) width 152: "This line should be green."
        RenderText {#text} at (0,0) size 0x0
      RenderBlock {ADDRESS} at (0,324) size 784x20
        RenderText {#text} at (0,0) size 163x19
          text run at (0,0) width 163: "This line should be green."
      RenderBlock {P} at (0,360) size 784x20
        RenderInline {SPAN} at (0,0) size 152x19
          RenderText {#text} at (0,0) size 152x19
            text run at (0,0) width 152: "This line should be green."
        RenderText {#text} at (0,0) size 0x0
      RenderBlock {P} at (0,396) size 784x20
        RenderText {#text} at (0,0) size 152x19
          text run at (0,0) width 152: "This line should be green."
      RenderBlock {P} at (0,432) size 784x20
        RenderText {#text} at (0,0) size 152x19
          text run at (0,0) width 152: "This line should be green."
      RenderBlock {P} at (0,468) size 784x20
        RenderText {#text} at (0,0) size 152x19
          text run at (0,0) width 152: "This line should be green."
      RenderBlock {P} at (0,504) size 784x20
        RenderText {#text} at (48,0) size 152x19
          text run at (48,0) width 152: "This line should be green."
      RenderBlock {P} at (0,540) size 784x20
        RenderText {#text} at (0,0) size 152x19
          text run at (0,0) width 152: "This line should be green."
