layer at (0,0) size 800x600
  RenderView at (0,0) size 800x600
layer at (0,0) size 800x88
  RenderBlock {HTML} at (0,0) size 800x88
    RenderBody {BODY} at (8,16) size 784x56
      RenderBlock {P} at (0,0) size 784x20 [color=#FF0000] [bgcolor=#FFFFFF]
        RenderText {#text} at (0,0) size 128x19
          text run at (0,0) width 128: "This should be green."
      RenderBlock {P} at (0,36) size 784x20 [color=#FF0000] [bgcolor=#FFFFFF]
        RenderText {#text} at (0,0) size 128x19
          text run at (0,0) width 128: "This should be green."
