layer at (0,0) size 800x600
  RenderView at (0,0) size 800x600
layer at (0,0) size 800x120
  RenderBlock {HTML} at (0,0) size 800x120
    RenderBody {BODY} at (8,16) size 784x88
      RenderBlock {P} at (0,0) size 784x20 [color=#000080]
        RenderText {#text} at (0,0) size 310x19
          text run at (0,0) width 310: "The two blocks below should have the same height."
      RenderTable {TABLE} at (80,36) size 102x52
        RenderTableSection {TBODY} at (0,0) size 102x52
          RenderTableRow {TR} at (0,2) size 102x48
            RenderTableCell {TD} at (2,2) size 48x48 [r=0 c=0 rs=1 cs=1]
              RenderBlock {DIV} at (4,4) size 40x40 [color=#000080]
                RenderText {#text} at (0,0) size 40x40
                  text run at (0,0) width 40: "\x{C9}"
            RenderTableCell {TD} at (52,2) size 48x40 [r=0 c=1 rs=1 cs=1]
              RenderBlock {DIV} at (4,4) size 40x32 [border: (32px solid #000080) none]
