layer at (0,0) size 800x600
  RenderView at (0,0) size 800x600
layer at (0,0) size 800x160
  RenderBlock {HTML} at (0,0) size 800x160
    RenderBody {BODY} at (8,16) size 784x128
      RenderBlock {P} at (0,0) size 784x20
        RenderText {#text} at (0,0) size 243x19
          text run at (0,0) width 243: "There should be three green lines below."
      RenderBlock {P} at (0,36) size 784x20 [color=#FFFFFF] [bgcolor=#FF0000]
        RenderText {#text} at (0,0) size 152x19
          text run at (0,0) width 152: "This line should be green."
      RenderBlock {P} at (0,72) size 784x20 [color=#FFFFFF] [bgcolor=#FF0000]
        RenderText {#text} at (0,0) size 152x19
          text run at (0,0) width 152: "This line should be green."
      RenderBlock {P} at (0,108) size 784x20 [color=#FFFFFF] [bgcolor=#FF0000]
        RenderText {#text} at (0,0) size 152x19
          text run at (0,0) width 152: "This line should be green."
