layer at (0,0) size 800x600
  RenderView at (0,0) size 800x600
layer at (0,0) size 800x136
  RenderBlock {HTML} at (0,0) size 800x136
    RenderBody {BODY} at (8,16) size 784x104
      RenderBlock {P} at (0,0) size 784x20
        RenderText {#text} at (0,0) size 280x19
          text run at (0,0) width 280: "The next two paragraphs should look identical:"
      RenderBlock {P} at (0,36) size 166x26 [border: (3px solid #000000)]
        RenderText {#text} at (3,3) size 30x19
          text run at (3,3) width 30: "Test."
      RenderBlock {P} at (0,78) size 166x26 [border: (3px solid #000000)]
        RenderText {#text} at (3,3) size 30x19
          text run at (3,3) width 30: "Test."
