layer at (0,0) size 800x600
  RenderView at (0,0) size 800x600
layer at (0,0) size 800x340
  RenderBlock {HTML} at (0,0) size 800x340
    RenderBody {BODY} at (8,16) size 784x308
      RenderBlock {P} at (0,0) size 784x20 [color=#008000]
        RenderText {#text} at (0,0) size 152x19
          text run at (0,0) width 152: "This line should be green."
      RenderBlock {P} at (0,36) size 784x20 [color=#008000]
        RenderText {#text} at (0,0) size 152x19
          text run at (0,0) width 152: "This line should be green."
      RenderBlock {DIV} at (0,72) size 784x20 [color=#008000] [bgcolor=#FFFFFF]
        RenderBlock {P} at (0,0) size 784x20
          RenderText {#text} at (0,0) size 152x19
            text run at (0,0) width 152: "This line should be green."
      RenderBlock {P} at (0,108) size 784x20 [color=#008000]
        RenderText {#text} at (0,0) size 152x19
          text run at (0,0) width 152: "This line should be green."
      RenderBlock {P} at (0,144) size 784x20 [color=#008000]
        RenderText {#text} at (0,0) size 152x19
          text run at (0,0) width 152: "This line should be green."
      RenderBlock {P} at (0,180) size 784x20 [color=#008000]
        RenderText {#text} at (0,0) size 152x19
          text run at (0,0) width 152: "This line should be green."
      RenderBlock {P} at (0,216) size 784x20 [color=#008000]
        RenderText {#text} at (0,0) size 152x19
          text run at (0,0) width 152: "This line should be green."
      RenderBlock {P} at (0,252) size 784x20 [color=#008000]
        RenderText {#text} at (0,0) size 152x19
          text run at (0,0) width 152: "This line should be green."
      RenderBlock {P} at (0,288) size 784x20 [color=#008000]
        RenderText {#text} at (0,0) size 152x19
          text run at (0,0) width 152: "This line should be green."
