layer at (0,0) size 800x600
  RenderView at (0,0) size 800x600
layer at (0,0) size 800x88
  RenderBlock {HTML} at (0,0) size 800x88
    RenderBody {BODY} at (8,16) size 784x56
      RenderBlock {DIV} at (0,0) size 784x20
        RenderBlock {P} at (0,0) size 784x20 [color=#008000]
          RenderText {#text} at (0,0) size 163x19
            text run at (0,0) width 163: "This line should be green."
      RenderBlock {UL} at (0,36) size 784x20 [color=#008000]
        RenderListItem {LI} at (40,0) size 744x20
          RenderListMarker at (-18,0) size 7x19: bullet
          RenderInline {SPAN} at (0,0) size 0x19 [color=#FF0000]
            RenderText {#text} at (0,0) size 0x0
          RenderText {#text} at (0,0) size 163x19
            text run at (0,0) width 163: "This line should be green."
