layer at (0,0) size 800x600
  RenderView at (0,0) size 800x600
layer at (0,0) size 800x108
  RenderBlock {HTML} at (0,0) size 800x108
    RenderBody {BODY} at (8,16) size 784x76 [color=#FF0000]
      RenderBlock {P} at (0,0) size 784x20 [color=#008000]
        RenderText {#text} at (0,0) size 152x19
          text run at (0,0) width 152: "This line should be green."
      RenderBlock {UL} at (0,36) size 784x40
        RenderListItem {LI} at (40,0) size 744x40
          RenderBlock (anonymous) at (0,0) size 744x20
            RenderInline {SPAN} at (0,0) size 152x19 [color=#008000]
              RenderText {#text} at (0,0) size 152x19
                text run at (0,0) width 152: "This line should be green."
            RenderText {#text} at (0,0) size 0x0
          RenderBlock {UL} at (0,20) size 744x20
            RenderListItem {LI} at (40,0) size 704x20 [color=#008000]
              RenderText {#text} at (0,0) size 152x19
                text run at (0,0) width 152: "This line should be green."
