layer at (0,0) size 800x600
  RenderView at (0,0) size 800x600
layer at (0,0) size 800x120
  RenderBlock {HTML} at (0,0) size 800x120
    RenderBody {BODY} at (8,16) size 784x88 [color=#008000]
      RenderBlock {P} at (0,0) size 784x20 [color=#FF0000]
        RenderInline {SPAN} at (0,0) size 152x19 [color=#008000]
          RenderText {#text} at (0,0) size 152x19
            text run at (0,0) width 152: "This line should be green."
        RenderText {#text} at (0,0) size 0x0
      RenderBlock {PRE} at (0,36) size 784x16
        RenderText {#text} at (0,0) size 224x16
          text run at (0,0) width 224: " This line should be green. "
      RenderBlock {UL} at (0,68) size 784x20
        RenderListItem {LI} at (40,0) size 744x20
          RenderListMarker at (-18,0) size 7x19: bullet
          RenderText {#text} at (0,0) size 152x19
            text run at (0,0) width 152: "This line should be green."
