layer at (0,0) size 800x600
  RenderView at (0,0) size 800x600
layer at (0,0) size 800x228
  RenderBlock {HTML} at (0,0) size 800x228
    RenderBody {BODY} at (8,16) size 784x196 [color=#FF0000]
      RenderBlock {P} at (0,0) size 784x20 [color=#008000]
        RenderText {#text} at (0,0) size 184x19
          text run at (0,0) width 184: "This sentence should be green."
      RenderBlock {DIV} at (0,36) size 784x20 [color=#008000]
        RenderBlock {P} at (0,0) size 784x20
          RenderText {#text} at (0,0) size 184x19
            text run at (0,0) width 184: "This sentence should be green."
      RenderBlock {P} at (0,72) size 784x20 [color=#008000]
        RenderText {#text} at (0,0) size 184x19
          text run at (0,0) width 184: "This sentence should be green."
      RenderBlock {P} at (0,108) size 784x20 [color=#008000]
        RenderText {#text} at (0,0) size 184x19
          text run at (0,0) width 184: "This sentence should be green."
      RenderBlock {DIV} at (0,144) size 784x16 [color=#008000]
        RenderBlock {PRE} at (0,0) size 784x16
          RenderText {#text} at (0,0) size 240x16
            text run at (0,0) width 240: "This sentence should be green."
      RenderBlock {DIV} at (0,176) size 784x20 [color=#008000]
        RenderBlock {UL} at (0,0) size 784x20
          RenderListItem {LI} at (40,0) size 744x20
            RenderListMarker at (-18,0) size 7x19: bullet
            RenderText {#text} at (0,0) size 184x19
              text run at (0,0) width 184: "This sentence should be green."
