layer at (0,0) size 800x600
  RenderView at (0,0) size 800x600
layer at (0,0) size 800x76
  RenderBlock {HTML} at (0,0) size 800x76
    RenderBody {BODY} at (8,8) size 784x60
      RenderBlock {DIV} at (0,0) size 784x40
        RenderBlock (anonymous) at (0,0) size 784x20
          RenderText {#text} at (0,0) size 170x19
            text run at (0,0) width 170: "Dummy text. Dummy text."
        RenderBlock {DIV} at (0,20) size 784x20
          RenderInline {SPAN} at (0,0) size 496x19
            RenderText {#text} at (0,0) size 496x19
              text run at (0,0) width 101: "Hover this text, "
              text run at (101,0) width 168: "then wait till it disappears. "
              text run at (269,0) width 227: "At that point there should be no red."
          RenderText {#text} at (0,0) size 0x0
      RenderBlock {DIV} at (0,40) size 784x20 [color=#008000]
        RenderText {#text} at (0,0) size 170x19
          text run at (0,0) width 170: "Dummy text. Dummy text."
