layer at (0,0) size 800x600
  RenderView at (0,0) size 800x600
layer at (0,0) size 800x52
  RenderBlock {HTML} at (0,0) size 800x52
    RenderBody {BODY} at (8,16) size 784x20
      RenderBlock {P} at (0,0) size 784x20
        RenderInline {A} at (0,0) size 337x19 [color=#0000FF]
          RenderText {#text} at (0,0) size 337x19
            text run at (0,0) width 337: "While you are hovering over this link, it should go green."
