layer at (0,0) size 800x600
  RenderView at (0,0) size 800x600
layer at (0,0) size 800x479
  RenderBlock {HTML} at (0,0) size 800x479
    RenderBody {BODY} at (8,16) size 784x455 [color=#0000FF]
      RenderBlock {P} at (0,0) size 784x250
        RenderInline (generated) at (0,0) size 88x164 [color=#00FFFF]
          RenderText at (0,3) size 88x164
            text run at (0,3) width 88: "T"
        RenderText {#text} at (88,89) size 57x55
          text run at (88,89) width 57: "he "
        RenderInline {STRONG} at (0,0) size 205x55
          RenderText {#text} at (145,88) size 205x55
            text run at (145,88) width 205: "first letter"
        RenderText {#text} at (350,89) size 779x100
          text run at (350,89) width 429: " of this paragraph, and"
          text run at (0,170) width 59: "only that "
          text run at (59,170) width 96: "one, should be "
        RenderInline {STRONG} at (0,0) size 87x19
          RenderText {#text} at (155,170) size 87x19
            text run at (155,170) width 87: "600% bigger"
        RenderText {#text} at (242,170) size 513x19
          text run at (242,170) width 133: " than the normal text "
          text run at (375,170) width 380: "(300% bigger than the rest of first line of this paragraph) and"
        RenderInline {STRONG} at (0,0) size 34x19
          RenderText {#text} at (0,190) size 34x19
            text run at (0,190) width 34: "aqua"
        RenderText {#text} at (34,190) size 109x19
          text run at (34,190) width 109: ", while the entire "
        RenderInline {STRONG} at (0,0) size 55x19
          RenderText {#text} at (143,190) size 55x19
            text run at (143,190) width 55: "first line"
        RenderText {#text} at (198,190) size 69x19
          text run at (198,190) width 4: " "
          text run at (202,190) width 65: "should be "
        RenderInline {STRONG} at (0,0) size 87x19
          RenderText {#text} at (267,190) size 87x19
            text run at (267,190) width 87: "300% bigger"
        RenderText {#text} at (354,190) size 110x19
          text run at (354,190) width 110: " than normal and "
        RenderInline {STRONG} at (0,0) size 24x19
          RenderText {#text} at (464,190) size 24x19
            text run at (464,190) width 24: "teal"
        RenderText {#text} at (488,190) size 779x59
          text run at (488,190) width 274: ". If this precise combination does not occur,"
          text run at (0,210) width 410: "then the user agent has failed this test. Remember that in order to "
          text run at (410,210) width 369: "ensure a complete test, the paragraph must be displayed on"
          text run at (0,230) width 36: "more "
          text run at (36,230) width 146: "than one line. (TEST1)"
      RenderBlock {P} at (0,266) size 784x77
        RenderInline (generated) at (0,0) size 33x36 [color=#00FFFF]
          RenderText at (0,0) size 33x36
            text run at (0,0) width 33: "\"T"
        RenderText {#text} at (33,13) size 98x19
          text run at (33,13) width 98: "est\": The first "
        RenderInline {STRONG} at (0,0) size 108x19
          RenderText {#text} at (131,13) size 108x19
            text run at (131,13) width 108: "two characters"
        RenderText {#text} at (239,13) size 446x19
          text run at (239,13) width 118: " in this paragraph "
          text run at (357,13) width 328: "(a double-quote mark and a capital 'T') should be "
        RenderInline {STRONG} at (0,0) size 88x19
          RenderText {#text} at (685,13) size 88x19
            text run at (685,13) width 44: "200% "
            text run at (729,13) width 44: "bigger"
        RenderText {#text} at (0,37) size 218x19
          text run at (0,37) width 218: "than the rest of the paragraph, and "
        RenderInline {STRONG} at (0,0) size 34x19
          RenderText {#text} at (218,37) size 34x19
            text run at (218,37) width 34: "aqua"
        RenderText {#text} at (252,37) size 146x19
          text run at (252,37) width 146: ". In addition, the entire "
        RenderInline {STRONG} at (0,0) size 55x19
          RenderText {#text} at (398,37) size 55x19
            text run at (398,37) width 31: "first "
            text run at (429,37) width 24: "line"
        RenderText {#text} at (453,37) size 96x19
          text run at (453,37) width 96: " should be in a "
        RenderInline {STRONG} at (0,0) size 159x19
          RenderText {#text} at (549,37) size 159x19
            text run at (549,37) width 135: "small-caps font and "
            text run at (684,37) width 24: "teal"
        RenderText {#text} at (708,37) size 724x39
          text run at (708,37) width 4: "."
          text run at (0,57) width 315: "Remember that in order to ensure a complete test, "
          text run at (315,57) width 409: "the paragraph must be displayed on more than one line. (TEST2)"
      RenderBlock {P} at (0,359) size 784x60
        RenderInline (generated) at (0,0) size 9x19 [color=#00FFFF]
          RenderText at (0,0) size 9x19
            text run at (0,0) width 9: "T"
        RenderText {#text} at (9,0) size 19x19
          text run at (9,0) width 19: "he "
        RenderInline {STRONG} at (0,0) size 66x19
          RenderText {#text} at (28,0) size 66x19
            text run at (28,0) width 66: "first letter"
        RenderText {#text} at (94,0) size 300x19
          text run at (94,0) width 204: " of this paragraph, and only that "
          text run at (298,0) width 96: "one, should be "
        RenderInline {STRONG} at (0,0) size 34x19
          RenderText {#text} at (394,0) size 34x19
            text run at (394,0) width 34: "aqua"
        RenderText {#text} at (428,0) size 109x19
          text run at (428,0) width 109: ", while the entire "
        RenderInline {STRONG} at (0,0) size 55x19
          RenderText {#text} at (537,0) size 55x19
            text run at (537,0) width 55: "first line"
        RenderText {#text} at (592,0) size 69x19
          text run at (592,0) width 69: " should be "
        RenderInline {STRONG} at (0,0) size 24x19
          RenderText {#text} at (661,0) size 24x19
            text run at (661,0) width 24: "teal"
        RenderText {#text} at (685,0) size 777x59
          text run at (685,0) width 22: ". If "
          text run at (707,0) width 70: "this precise"
          text run at (0,20) width 329: "combination does not occur, then the user agent has "
          text run at (329,20) width 409: "failed this test. Remember that in order to ensure a complete test, "
          text run at (738,20) width 19: "the"
          text run at (0,40) width 386: "paragraph must be displayed on more than one line. (TEST3)"
      RenderBlock {DIV} at (0,435) size 784x20
        RenderText {#text} at (0,0) size 166x19
          text run at (0,0) width 166: "You should see the words "
        RenderInline {STRONG} at (0,0) size 68x19
          RenderText {#text} at (166,0) size 68x19
            text run at (166,0) width 68: "\"TEST1\""
        RenderText {#text} at (234,0) size 8x19
          text run at (234,0) width 8: ", "
        RenderInline {STRONG} at (0,0) size 68x19
          RenderText {#text} at (242,0) size 68x19
            text run at (242,0) width 68: "\"TEST2\""
        RenderText {#text} at (310,0) size 35x19
          text run at (310,0) width 35: ", and "
        RenderInline {STRONG} at (0,0) size 68x19
          RenderText {#text} at (345,0) size 68x19
            text run at (345,0) width 68: "\"TEST3\""
        RenderText {#text} at (413,0) size 236x19
          text run at (413,0) width 86: " at the end of "
          text run at (499,0) width 150: "three paragraphs above."
