layer at (0,0) size 800x600
  RenderView at (0,0) size 800x600
layer at (0,0) size 800x442
  RenderBlock {HTML} at (0,0) size 800x442
    RenderBody {BODY} at (8,16) size 784x410 [color=#0000FF]
      RenderBlock {P} at (0,0) size 784x120
        RenderText {#text} at (0,0) size 29x19
          text run at (0,0) width 29: "The "
        RenderInline {STRONG} at (0,0) size 55x19
          RenderText {#text} at (29,0) size 55x19
            text run at (29,0) width 55: "first line"
        RenderText {#text} at (84,0) size 300x19
          text run at (84,0) width 204: " of this paragraph, and only that "
          text run at (288,0) width 96: "one, should be "
        RenderInline {STRONG} at (0,0) size 38x19
          RenderText {#text} at (384,0) size 38x19
            text run at (384,0) width 38: "green"
        RenderText {#text} at (422,0) size 780x119
          text run at (422,0) width 178: ". If this precise combination "
          text run at (600,0) width 180: "does not occur, then the user"
          text run at (0,20) width 230: "agent has failed this test. Remember "
          text run at (230,20) width 385: "that in order to ensure a complete test, the paragraph must be "
          text run at (615,20) width 147: "displayed on more than"
          text run at (0,40) width 288: "one line. Dummy text. Dummy text. Dummy "
          text run at (288,40) width 462: "text. Dummy text. Dummy text. Dummy text. Dummy text. Dummy text."
          text run at (0,60) width 491: "Dummy text. Dummy text. Dummy text. Dummy text. Dummy text. Dummy "
          text run at (491,60) width 288: "text. Dummy text. Dummy text. Dummy text."
          text run at (0,80) width 174: "Dummy text. Dummy text. "
          text run at (174,80) width 491: "Dummy text. Dummy text. Dummy text. Dummy text. Dummy text. Dummy "
          text run at (665,80) width 114: "text. Dummy text."
          text run at (0,100) width 170: "Dummy text. Dummy text."
      RenderBlock {P} at (0,136) size 784x138
        RenderText {#text} at (0,1) size 58x36
          text run at (0,1) width 58: "The "
        RenderInline {STRONG} at (0,0) size 115x36
          RenderText {#text} at (58,0) size 115x36
            text run at (58,0) width 115: "first line"
        RenderText {#text} at (173,1) size 774x56
          text run at (173,1) width 416: " of this paragraph, and only that "
          text run at (589,1) width 185: "one, should be"
          text run at (0,38) width 11: "a "
        RenderInline {STRONG} at (0,0) size 41x19
          RenderText {#text} at (11,38) size 41x19
            text run at (11,38) width 41: "larger"
        RenderText {#text} at (52,38) size 126x19
          text run at (52,38) width 126: " font size as well as "
        RenderInline {STRONG} at (0,0) size 38x19
          RenderText {#text} at (178,38) size 38x19
            text run at (178,38) width 38: "green"
        RenderText {#text} at (216,38) size 779x99
          text run at (216,38) width 278: ". If this precise combination does not occur, "
          text run at (494,38) width 237: "then the user agent has failed this test."
          text run at (0,58) width 169: "Remember that in order to "
          text run at (169,58) width 409: "ensure a complete test, the paragraph must be displayed on more "
          text run at (578,58) width 172: "than one line. Dummy text."
          text run at (0,78) width 261: "Dummy text. Dummy text. Dummy text. "
          text run at (261,78) width 491: "Dummy text. Dummy text. Dummy text. Dummy text. Dummy text. Dummy "
          text run at (752,78) width 27: "text."
          text run at (0,98) width 435: "Dummy text. Dummy text. Dummy text. Dummy text. Dummy text. "
          text run at (435,98) width 344: "Dummy text. Dummy text. Dummy text. Dummy text."
          text run at (0,118) width 143: "Dummy text. Dummy "
          text run at (143,118) width 466: "text. Dummy text. Dummy text. Dummy text. Dummy text. Dummy text. "
          text run at (609,118) width 170: "Dummy text. Dummy text."
      RenderBlock {P} at (0,290) size 784x120
        RenderText {#text} at (0,0) size 29x19
          text run at (0,0) width 29: "The "
        RenderInline {STRONG} at (0,0) size 62x19
          RenderText {#text} at (29,0) size 62x19
            text run at (29,0) width 62: "first line"
        RenderText {#text} at (91,0) size 398x19
          text run at (91,0) width 219: " of this paragraph, and only that "
          text run at (310,0) width 179: "one, should be displayed in "
        RenderInline {STRONG} at (0,0) size 73x19
          RenderText {#text} at (489,0) size 73x19
            text run at (489,0) width 73: "small-caps"
        RenderText {#text} at (562,0) size 115x19
          text run at (562,0) width 61: " style as "
          text run at (623,0) width 54: "well as "
        RenderInline {STRONG} at (0,0) size 39x19
          RenderText {#text} at (677,0) size 39x19
            text run at (677,0) width 39: "green"
        RenderText {#text} at (716,0) size 784x119
          text run at (716,0) width 58: ". Thus, if"
          text run at (0,20) width 132: "the first line is not in "
          text run at (132,20) width 341: "small-caps style, or if the entire paragraph turns out in "
          text run at (473,20) width 311: "small-caps, then the user agent has failed this test."
          text run at (0,40) width 87: "Dummy text. "
          text run at (87,40) width 491: "Dummy text. Dummy text. Dummy text. Dummy text. Dummy text. Dummy "
          text run at (578,40) width 201: "text. Dummy text. Dummy text."
          text run at (0,60) width 261: "Dummy text. Dummy text. Dummy text. "
          text run at (261,60) width 491: "Dummy text. Dummy text. Dummy text. Dummy text. Dummy text. Dummy "
          text run at (752,60) width 27: "text."
          text run at (0,80) width 435: "Dummy text. Dummy text. Dummy text. Dummy text. Dummy text. "
          text run at (435,80) width 344: "Dummy text. Dummy text. Dummy text. Dummy text."
          text run at (0,100) width 83: "Dummy text."
