layer at (0,0) size 800x600
  RenderView at (0,0) size 800x600
layer at (0,0) size 800x236
  RenderBlock {HTML} at (0,0) size 800x236
    RenderBody {BODY} at (8,8) size 784x220
      RenderBlock {UL} at (0,0) size 784x160 [color=#FF0000]
        RenderListItem {LI} at (0,0) size 784x20
          RenderInline {SPAN} at (0,0) size 128x19 [color=#008000]
            RenderText {#text} at (0,0) size 128x19
              text run at (0,0) width 128: "This should be green."
          RenderText {#text} at (0,0) size 0x0
        RenderListItem {LI} at (0,20) size 784x80
          RenderBlock (anonymous) at (0,0) size 784x20
            RenderInline {SPAN} at (0,0) size 128x19 [color=#008000]
              RenderText {#text} at (0,0) size 128x19
                text run at (0,0) width 128: "This should be green."
            RenderText {#text} at (0,0) size 0x0
          RenderBlock {UL} at (0,20) size 784x60
            RenderListItem {LI} at (0,0) size 784x20
              RenderInline {SPAN} at (0,0) size 128x19 [color=#008000]
                RenderText {#text} at (0,0) size 128x19
                  text run at (0,0) width 128: "This should be green."
              RenderText {#text} at (0,0) size 0x0
            RenderListItem {LI} at (0,20) size 784x20
              RenderInline {SPAN} at (0,0) size 128x19 [color=#008000]
                RenderText {#text} at (0,0) size 128x19
                  text run at (0,0) width 128: "This should be green."
              RenderText {#text} at (0,0) size 0x0
            RenderListItem {LI} at (0,40) size 784x20
              RenderInline {SPAN} at (0,0) size 128x19 [color=#008000]
                RenderText {#text} at (0,0) size 128x19
                  text run at (0,0) width 128: "This should be green."
              RenderText {#text} at (0,0) size 0x0
        RenderListItem {LI} at (0,100) size 784x20
          RenderInline {SPAN} at (0,0) size 128x19 [color=#008000]
            RenderText {#text} at (0,0) size 128x19
              text run at (0,0) width 128: "This should be green."
          RenderText {#text} at (0,0) size 0x0
        RenderListItem {LI} at (0,120) size 784x20
          RenderInline {SPAN} at (0,0) size 128x19 [color=#008000]
            RenderText {#text} at (0,0) size 128x19
              text run at (0,0) width 128: "This should be green."
          RenderText {#text} at (0,0) size 0x0
        RenderListItem {LI} at (0,140) size 784x20
          RenderInline {SPAN} at (0,0) size 128x19 [color=#008000]
            RenderText {#text} at (0,0) size 128x19
              text run at (0,0) width 128: "This should be green."
          RenderText {#text} at (0,0) size 0x0
      RenderBlock {P} at (0,160) size 784x20 [color=#008000]
        RenderText {#text} at (0,0) size 128x19
          text run at (0,0) width 128: "This should be green."
      RenderBlock {P} at (0,180) size 784x20 [color=#008000]
        RenderText {#text} at (0,0) size 128x19
          text run at (0,0) width 128: "This should be green."
      RenderBlock {P} at (0,200) size 784x20 [color=#008000]
        RenderText {#text} at (0,0) size 128x19
          text run at (0,0) width 128: "This should be green."
