layer at (0,0) size 800x600
  RenderView at (0,0) size 800x600
layer at (0,0) size 800x160
  RenderBlock {HTML} at (0,0) size 800x160
    RenderBody {BODY} at (8,16) size 784x128 [color=#008000]
      RenderBlock {P} at (0,0) size 784x20
        RenderText {#text} at (0,0) size 194x19
          text run at (0,0) width 194: "This sentence should be green."
      RenderBlock {P} at (0,36) size 784x20 [color=#FFFFFF] [bgcolor=#008000]
        RenderText {#text} at (0,0) size 90x19
          text run at (0,0) width 90: "This sentence "
        RenderInline {SPAN} at (0,0) size 61x19
          RenderText {#text} at (90,0) size 61x19
            text run at (90,0) width 61: "should be"
        RenderText {#text} at (151,0) size 102x19
          text run at (151,0) width 102: " white on green."
      RenderBlock {P} at (0,72) size 784x20 [color=#FFFFFF]
        RenderInline {EM} at (0,0) size 34x19 [color=#008000]
          RenderText {#text} at (0,0) size 34x19
            text run at (0,0) width 34: "PASS"
        RenderText {#text} at (34,0) size 4x19
          text run at (34,0) width 4: " "
        RenderInline {STRONG} at (0,0) size 38x19
          RenderText {#text} at (38,0) size 38x19
            text run at (38,0) width 38: "FAIL"
        RenderText {#text} at (0,0) size 0x0
      RenderBlock {P} at (0,108) size 784x20
        RenderText {#text} at (0,0) size 41x19
          text run at (0,0) width 41: "PASS "
        RenderInline {DFN} at (0,0) size 32x19 [color=#FFFFFF]
          RenderText {#text} at (41,0) size 32x19
            text run at (41,0) width 32: "FAIL"
        RenderText {#text} at (0,0) size 0x0
