layer at (0,0) size 800x600
  RenderView at (0,0) size 800x600
layer at (0,0) size 800x52
  RenderBlock {HTML} at (0,0) size 800x52
    RenderBody {BODY} at (8,16) size 784x20
      RenderBlock {P} at (0,0) size 784x20
        RenderInline {A} at (0,0) size 297x19 [color=#008000]
          RenderText {#text} at (0,0) size 297x19
            text run at (0,0) width 297: "Whatever you do to this link, it should stay green."
        RenderText {#text} at (297,0) size 187x19
          text run at (297,0) width 187: " (hover, focus, activate, follow)"
