layer at (0,0) size 800x600
  RenderView at (0,0) size 800x600
layer at (0,0) size 800x178
  RenderBlock {HTML} at (0,0) size 800x178
    RenderBody {BODY} at (8,16) size 784x146
      RenderBlock {P} at (0,0) size 784x20
        RenderText {#text} at (0,0) size 425x19
          text run at (0,0) width 425: "The three boxes below should have progressively thinner right borders."
      RenderBlock {P} at (0,36) size 784x26 [border: (3px solid #000000) (5px solid #000000) (3px solid #000000)]
        RenderText {#text} at (3,3) size 11x19
          text run at (3,3) width 11: "A"
      RenderBlock {P} at (0,78) size 784x26 [border: (3px solid #000000)]
        RenderText {#text} at (3,3) size 10x19
          text run at (3,3) width 10: "B"
      RenderBlock {P} at (0,120) size 784x26 [border: (3px solid #000000) (1px solid #000000) (3px solid #000000)]
        RenderText {#text} at (3,3) size 11x19
          text run at (3,3) width 11: "C"
