layer at (0,0) size 800x600
  RenderView at (0,0) size 800x600
layer at (0,0) size 800x99
  RenderBlock {HTML} at (0,0) size 800x99
    RenderBody {BODY} at (8,16) size 784x67
      RenderBlock {P} at (0,0) size 784x30 [color=#0000FF] [border: (10px double #0000FF) none]
        RenderText {#text} at (0,10) size 355x19
          text run at (0,10) width 355: "This paragraph should have two blue lines directly above it."
      RenderBlock {P} at (0,46) size 784x21 [color=#0000FF] [border: (1px solid #0000FF) none]
        RenderText {#text} at (0,1) size 395x19
          text run at (0,1) width 395: "This paragraph should have a single thin blue line directly above it."
