layer at (0,0) size 800x600
  RenderView at (0,0) size 800x600
layer at (0,0) size 800x42
  RenderBlock {HTML} at (0,0) size 800x42
    RenderBody {BODY} at (8,8) size 784x26
      RenderBlock {DIV} at (0,0) size 784x26
        RenderBlock {DIV} at (0,0) size 784x26 [color=#008000] [border: (3px solid #008000) (15px solid #008000)]
          RenderText {#text} at (15,3) size 220x19
            text run at (15,3) width 220: "There should be no red on this page."
