layer at (0,0) size 800x600
  RenderView at (0,0) size 800x600
layer at (0,0) size 800x348
  RenderBlock {HTML} at (0,0) size 800x348
    RenderBody {BODY} at (8,8) size 784x332
      RenderBlock {DIV} at (0,0) size 784x20
        RenderText {#text} at (0,0) size 341x19
          text run at (0,0) width 341: "The blue bits of text should be decorated as described."
      RenderBlock {P} at (0,36) size 784x260 [color=#C0C0C0]
        RenderText {#text} at (0,0) size 759x79
          text run at (0,0) width 474: "dummy text dummy text dummy text dummy text dummy text dummy text "
          text run at (474,0) width 285: "dummy text dummy text dummy text dummy"
          text run at (0,20) width 185: "text dummy text dummy text "
          text run at (185,20) width 474: "dummy text dummy text dummy text dummy text dummy text dummy text "
          text run at (659,20) width 75: "dummy text"
          text run at (0,40) width 395: "dummy text dummy text dummy text dummy text dummy text "
          text run at (395,40) width 364: "dummy text dummy text dummy text dummy text dummy"
          text run at (0,60) width 106: "text dummy text "
          text run at (106,60) width 474: "dummy text dummy text dummy text dummy text dummy text dummy text "
        RenderInline {SPAN} at (0,0) size 130x29 [color=#0000FF] [border: (10px double #0000FF) none]
          RenderText {#text} at (580,60) size 130x19
            text run at (580,60) width 130: "two blue lines above"
        RenderText {#text} at (710,60) size 762x119
          text run at (710,60) width 52: " dummy"
          text run at (0,80) width 106: "text dummy text "
          text run at (106,80) width 474: "dummy text dummy text dummy text dummy text dummy text dummy text "
          text run at (580,80) width 154: "dummy text dummy text"
          text run at (0,100) width 316: "dummy text dummy text dummy text dummy text "
          text run at (316,100) width 443: "dummy text dummy text dummy text dummy text dummy text dummy"
          text run at (0,120) width 27: "text "
          text run at (27,120) width 474: "dummy text dummy text dummy text dummy text dummy text dummy text "
          text run at (501,120) width 233: "dummy text dummy text dummy text"
          text run at (0,140) width 237: "dummy text dummy text dummy text "
          text run at (237,140) width 474: "dummy text dummy text dummy text dummy text dummy text dummy text "
          text run at (711,140) width 48: "dummy"
          text run at (0,160) width 106: "text dummy text "
        RenderInline {SPAN} at (0,0) size 151x20 [color=#0000FF] [border: (1px solid #0000FF) none]
          RenderText {#text} at (106,160) size 151x19
            text run at (106,160) width 113: "one thin blue line "
            text run at (219,160) width 38: "above"
        RenderText {#text} at (257,160) size 783x99
          text run at (257,160) width 399: " dummy text dummy text dummy text dummy text dummy text "
          text run at (656,160) width 127: "dummy text dummy"
          text run at (0,180) width 343: "text dummy text dummy text dummy text dummy text "
          text run at (343,180) width 391: "dummy text dummy text dummy text dummy text dummy text"
          text run at (0,200) width 79: "dummy text "
          text run at (79,200) width 474: "dummy text dummy text dummy text dummy text dummy text dummy text "
          text run at (553,200) width 206: "dummy text dummy text dummy"
          text run at (0,220) width 264: "text dummy text dummy text dummy text "
          text run at (264,220) width 470: "dummy text dummy text dummy text dummy text dummy text dummy text"
          text run at (0,240) width 312: "dummy text dummy text dummy text dummy text"
      RenderBlock {DIV} at (0,312) size 784x20
        RenderText {#text} at (0,0) size 416x19
          text run at (0,0) width 416: "(All the lines of text in the block above should be equally spaced.)"
