layer at (0,0) size 800x600
  RenderView at (0,0) size 800x600
layer at (0,0) size 800x348
  RenderBlock {HTML} at (0,0) size 800x348
    RenderBody {BODY} at (8,8) size 784x332
      RenderBlock {DIV} at (0,0) size 784x20
        RenderText {#text} at (0,0) size 341x19
          text run at (0,0) width 341: "The blue bits of text should be decorated as described."
      RenderBlock {P} at (0,36) size 784x260 [color=#C0C0C0]
        RenderText {#text} at (0,0) size 759x59
          text run at (0,0) width 474: "dummy text dummy text dummy text dummy text dummy text dummy text "
          text run at (474,0) width 285: "dummy text dummy text dummy text dummy"
          text run at (0,20) width 185: "text dummy text dummy text "
          text run at (185,20) width 474: "dummy text dummy text dummy text dummy text dummy text dummy text "
          text run at (659,20) width 75: "dummy text"
          text run at (0,40) width 395: "dummy text dummy text dummy text dummy text dummy text "
        RenderInline {SPAN} at (0,0) size 759x39 [color=#0000FF] [border: none (10px double #0000FF) none]
          RenderInline {SPAN} at (0,0) size 759x39 [color=#C0C0C0]
            RenderText {#text} at (395,40) size 759x39
              text run at (395,40) width 316: "dummy text dummy text dummy text dummy text "
              text run at (711,40) width 48: "dummy"
              text run at (0,60) width 422: "text dummy text dummy text dummy text dummy text dummy text "
              text run at (422,60) width 154: "dummy text dummy text"
          RenderText {#text} at (576,60) size 131x19
            text run at (576,60) width 131: " two blue lines here: "
        RenderText {#text} at (717,60) size 765x119
          text run at (717,60) width 48: "dummy"
          text run at (0,80) width 474: "text dummy text dummy text dummy text dummy text dummy text dummy "
          text run at (474,80) width 260: "text dummy text dummy text dummy text"
          text run at (0,100) width 210: "dummy text dummy text dummy "
          text run at (210,100) width 474: "text dummy text dummy text dummy text dummy text dummy text dummy "
          text run at (684,100) width 75: "text dummy"
          text run at (0,120) width 395: "text dummy text dummy text dummy text dummy text dummy "
          text run at (395,120) width 339: "text dummy text dummy text dummy text dummy text"
          text run at (0,140) width 131: "dummy text dummy "
          text run at (131,140) width 474: "text dummy text dummy text dummy text dummy text dummy text dummy "
          text run at (605,140) width 154: "text dummy text dummy"
          text run at (0,160) width 106: "text dummy text "
        RenderInline {SPAN} at (0,0) size 149x19 [color=#0000FF] [border: none (1px solid #0000FF) none]
          RenderText {#text} at (106,160) size 148x19
            text run at (106,160) width 55: "one thin "
            text run at (161,160) width 93: "blue line here: "
        RenderText {#text} at (255,160) size 777x99
          text run at (255,160) width 316: "dummy text dummy text dummy text dummy text "
          text run at (571,160) width 206: "dummy text dummy text dummy"
          text run at (0,180) width 264: "text dummy text dummy text dummy text "
          text run at (264,180) width 470: "dummy text dummy text dummy text dummy text dummy text dummy text"
          text run at (0,200) width 474: "dummy text dummy text dummy text dummy text dummy text dummy text "
          text run at (474,200) width 285: "dummy text dummy text dummy text dummy"
          text run at (0,220) width 185: "text dummy text dummy text "
          text run at (185,220) width 474: "dummy text dummy text dummy text dummy text dummy text dummy text "
          text run at (659,220) width 75: "dummy text"
          text run at (0,240) width 312: "dummy text dummy text dummy text dummy text"
      RenderBlock {DIV} at (0,312) size 784x20
        RenderText {#text} at (0,0) size 416x19
          text run at (0,0) width 416: "(All the lines of text in the block above should be equally spaced.)"
