layer at (0,0) size 800x600
  RenderView at (0,0) size 800x600
layer at (0,0) size 800x42
  RenderBlock {HTML} at (0,0) size 800x42
    RenderBody {BODY} at (8,8) size 784x26
      RenderBlock {DIV} at (0,0) size 784x26 [color=#000080]
        RenderBlock {DIV} at (0,0) size 784x26 [border: (3px solid #000080) none]
          RenderText {#text} at (0,3) size 252x19
            text run at (0,3) width 252: "This box should be open ended at the left."
