layer at (0,0) size 800x600
  RenderView at (0,0) size 800x600
layer at (0,0) size 800x252
  RenderBlock {HTML} at (0,0) size 800x252
    RenderBody {BODY} at (8,48) size 784x156
      RenderBlock {P} at (48,0) size 688x20
        RenderInline {SPAN} at (0,0) size 230x25 [border: (3px solid #008000)]
          RenderText {#text} at (3,0) size 224x19
            text run at (3,0) width 224: "This box should have a green border."
        RenderText {#text} at (0,0) size 0x0
      RenderBlock {P} at (48,68) size 688x20
        RenderInline {SPAN} at (0,0) size 230x25 [border: (3px solid #008000)]
          RenderText {#text} at (3,0) size 224x19
            text run at (3,0) width 224: "This box should have a green border."
        RenderText {#text} at (0,0) size 0x0
      RenderBlock {P} at (48,136) size 688x20
        RenderInline {SPAN} at (0,0) size 570x83 [border: (32px solid #800080) (32px solid #008000) (32px solid #0000FF) (32px solid #FFFF00)]
          RenderText {#text} at (32,0) size 506x19
            text run at (32,0) width 506: "Clockwise from top, the borders should be: PURPLE, GREEN, BLUE, YELLOW."
        RenderText {#text} at (0,0) size 0x0
