layer at (0,0) size 800x600
  RenderView at (0,0) size 800x600
layer at (0,0) size 800x328
  RenderBlock {HTML} at (0,0) size 800x328
    RenderBody {BODY} at (8,8) size 784x312
      RenderBlock {DIV} at (0,0) size 784x20
        RenderText {#text} at (0,0) size 341x19
          text run at (0,0) width 341: "The blue bits of text should be decorated as described."
      RenderBlock {P} at (0,36) size 784x240 [color=#C0C0C0]
        RenderText {#text} at (0,0) size 759x59
          text run at (0,0) width 474: "dummy text dummy text dummy text dummy text dummy text dummy text "
          text run at (474,0) width 285: "dummy text dummy text dummy text dummy"
          text run at (0,20) width 185: "text dummy text dummy text "
          text run at (185,20) width 474: "dummy text dummy text dummy text dummy text dummy text dummy text "
          text run at (659,20) width 75: "dummy text"
          text run at (0,40) width 395: "dummy text dummy text dummy text dummy text dummy text "
        RenderInline {SPAN} at (0,0) size 259x39 [color=#0000FF] [border: (10px double #0000FF)]
          RenderText {#text} at (405,40) size 239x19
            text run at (405,40) width 239: "two blue lines all around this blue text"
        RenderText {#text} at (654,40) size 759x119
          text run at (654,40) width 4: " "
          text run at (658,40) width 75: "dummy text"
          text run at (0,60) width 395: "dummy text dummy text dummy text dummy text dummy text "
          text run at (395,60) width 364: "dummy text dummy text dummy text dummy text dummy"
          text run at (0,80) width 106: "text dummy text "
          text run at (106,80) width 474: "dummy text dummy text dummy text dummy text dummy text dummy text "
          text run at (580,80) width 154: "dummy text dummy text"
          text run at (0,100) width 316: "dummy text dummy text dummy text dummy text "
          text run at (316,100) width 443: "dummy text dummy text dummy text dummy text dummy text dummy"
          text run at (0,120) width 27: "text "
          text run at (27,120) width 474: "dummy text dummy text dummy text dummy text dummy text dummy text "
          text run at (501,120) width 233: "dummy text dummy text dummy text"
          text run at (0,140) width 79: "dummy text "
        RenderInline {SPAN} at (0,0) size 234x21 [color=#0000FF] [border: (1px solid #0000FF)]
          RenderText {#text} at (80,140) size 232x19
            text run at (80,140) width 27: "one "
            text run at (107,140) width 205: "blue line all around this blue text"
        RenderText {#text} at (313,140) size 760x99
          text run at (313,140) width 162: " dummy text dummy text "
          text run at (475,140) width 285: "dummy text dummy text dummy text dummy"
          text run at (0,160) width 185: "text dummy text dummy text "
          text run at (185,160) width 474: "dummy text dummy text dummy text dummy text dummy text dummy text "
          text run at (659,160) width 75: "dummy text"
          text run at (0,180) width 395: "dummy text dummy text dummy text dummy text dummy text "
          text run at (395,180) width 364: "dummy text dummy text dummy text dummy text dummy"
          text run at (0,200) width 106: "text dummy text "
          text run at (106,200) width 474: "dummy text dummy text dummy text dummy text dummy text dummy text "
          text run at (580,200) width 154: "dummy text dummy text"
          text run at (0,220) width 316: "dummy text dummy text dummy text dummy text "
          text run at (316,220) width 75: "dummy text"
      RenderBlock {DIV} at (0,292) size 784x20
        RenderText {#text} at (0,0) size 416x19
          text run at (0,0) width 416: "(All the lines of text in the block above should be equally spaced.)"
