layer at (0,0) size 800x600
  RenderView at (0,0) size 800x600
layer at (0,0) size 800x368
  RenderBlock {HTML} at (0,0) size 800x368
    RenderBody {BODY} at (8,16) size 784x336 [color=#0000FF]
      RenderBlock {P} at (0,0) size 784x20
        RenderText {#text} at (0,0) size 747x19
          text run at (0,0) width 363: "There should be a solid line to the right of the text below, "
          text run at (363,0) width 384: "having three segments each of a different colour as indicated."
      RenderBlock {UL} at (0,36) size 588x300
        RenderListItem {LI} at (40,0) size 548x80 [border: none (3px solid #FFA500) none]
          RenderBlock (anonymous) at (0,0) size 545x20
            RenderListMarker at (-18,0) size 7x19: bullet
            RenderText {#text} at (0,0) size 106x19
              text run at (0,0) width 106: "Orange orange..."
          RenderBlock {UL} at (0,20) size 409x60
            RenderListItem {LI} at (40,0) size 369x20
              RenderListMarker at (-18,0) size 7x19: white bullet
              RenderText {#text} at (0,0) size 114x19
                text run at (0,0) width 114: "...orange orange..."
            RenderListItem {LI} at (40,20) size 369x20
              RenderListMarker at (-18,0) size 7x19: white bullet
              RenderText {#text} at (0,0) size 114x19
                text run at (0,0) width 114: "...orange orange..."
            RenderListItem {LI} at (40,40) size 369x20
              RenderListMarker at (-18,0) size 7x19: white bullet
              RenderText {#text} at (0,0) size 106x19
                text run at (0,0) width 106: "...orange orange."
        RenderListItem {LI} at (40,80) size 548x20 [border: none (3px solid #00FF00) none]
          RenderListMarker at (-18,0) size 7x19: bullet
          RenderText {#text} at (0,0) size 37x19
            text run at (0,0) width 37: "Lime."
        RenderListItem {LI} at (40,100) size 548x200 [border: none (3px solid #FFFF00) none]
          RenderListMarker at (-18,0) size 7x19: bullet
          RenderText {#text} at (0,0) size 515x199
            text run at (0,0) width 331: "Yellow yellow yellow yellow yellow yellow yellow "
            text run at (331,0) width 184: "yellow yellow yellow yellow"
            text run at (0,20) width 235: "yellow yellow yellow yellow yellow "
            text run at (235,20) width 278: "yellow yellow yellow yellow yellow yellow"
            text run at (0,40) width 141: "yellow yellow yellow "
            text run at (141,40) width 372: "yellow yellow yellow yellow yellow yellow yellow yellow"
            text run at (0,60) width 47: "yellow "
            text run at (47,60) width 423: "yellow yellow yellow yellow yellow yellow yellow yellow yellow "
            text run at (470,60) width 43: "yellow"
            text run at (0,80) width 376: "yellow yellow yellow yellow yellow yellow yellow yellow "
            text run at (376,80) width 137: "yellow yellow yellow"
            text run at (0,100) width 282: "yellow yellow yellow yellow yellow yellow "
            text run at (282,100) width 231: "yellow yellow yellow yellow yellow"
            text run at (0,120) width 188: "yellow yellow yellow yellow "
            text run at (188,120) width 325: "yellow yellow yellow yellow yellow yellow yellow"
            text run at (0,140) width 94: "yellow yellow "
            text run at (94,140) width 419: "yellow yellow yellow yellow yellow yellow yellow yellow yellow"
            text run at (0,160) width 423: "yellow yellow yellow yellow yellow yellow yellow yellow yellow "
            text run at (423,160) width 90: "yellow yellow"
            text run at (0,180) width 281: "yellow yellow yellow yellow yellow yellow."
