layer at (0,0) size 800x600
  RenderView at (0,0) size 800x600
layer at (0,0) size 800x308
  RenderBlock {HTML} at (0,0) size 800x308
    RenderBody {BODY} at (8,16) size 784x276 [color=#0000FF]
      RenderBlock {P} at (0,0) size 784x20
        RenderText {#text} at (0,0) size 738x19
          text run at (0,0) width 354: "There should be a solid line to the left of the text below, "
          text run at (354,0) width 384: "having three segments each of a different colour as indicated."
      RenderBlock {UL} at (0,36) size 784x240
        RenderListItem {LI} at (40,0) size 744x80 [border: none (3px solid #FFA500)]
          RenderBlock (anonymous) at (3,0) size 741x20
            RenderListMarker at (-21,0) size 7x19: bullet
            RenderText {#text} at (0,0) size 106x19
              text run at (0,0) width 106: "Orange orange..."
          RenderBlock {UL} at (3,20) size 741x60
            RenderListItem {LI} at (40,0) size 701x20
              RenderListMarker at (-18,0) size 7x19: white bullet
              RenderText {#text} at (0,0) size 114x19
                text run at (0,0) width 114: "...orange orange..."
            RenderListItem {LI} at (40,20) size 701x20
              RenderListMarker at (-18,0) size 7x19: white bullet
              RenderText {#text} at (0,0) size 114x19
                text run at (0,0) width 114: "...orange orange..."
            RenderListItem {LI} at (40,40) size 701x20
              RenderListMarker at (-18,0) size 7x19: white bullet
              RenderText {#text} at (0,0) size 106x19
                text run at (0,0) width 106: "...orange orange."
        RenderListItem {LI} at (40,80) size 744x20 [border: none (3px solid #00FF00)]
          RenderListMarker at (-18,0) size 7x19: bullet
          RenderText {#text} at (3,0) size 37x19
            text run at (3,0) width 37: "Lime."
        RenderListItem {LI} at (40,100) size 744x140 [border: none (3px solid #FFFF00)]
          RenderListMarker at (-18,0) size 7x19: bullet
          RenderText {#text} at (3,0) size 704x139
            text run at (3,0) width 331: "Yellow yellow yellow yellow yellow yellow yellow "
            text run at (334,0) width 372: "yellow yellow yellow yellow yellow yellow yellow yellow"
            text run at (3,20) width 47: "yellow "
            text run at (50,20) width 423: "yellow yellow yellow yellow yellow yellow yellow yellow yellow "
            text run at (473,20) width 231: "yellow yellow yellow yellow yellow"
            text run at (3,40) width 188: "yellow yellow yellow yellow "
            text run at (191,40) width 423: "yellow yellow yellow yellow yellow yellow yellow yellow yellow "
            text run at (614,40) width 90: "yellow yellow"
            text run at (3,60) width 329: "yellow yellow yellow yellow yellow yellow yellow "
            text run at (332,60) width 372: "yellow yellow yellow yellow yellow yellow yellow yellow"
            text run at (3,80) width 47: "yellow "
            text run at (50,80) width 423: "yellow yellow yellow yellow yellow yellow yellow yellow yellow "
            text run at (473,80) width 231: "yellow yellow yellow yellow yellow"
            text run at (3,100) width 188: "yellow yellow yellow yellow "
            text run at (191,100) width 423: "yellow yellow yellow yellow yellow yellow yellow yellow yellow "
            text run at (614,100) width 90: "yellow yellow"
            text run at (3,120) width 329: "yellow yellow yellow yellow yellow yellow yellow "
            text run at (332,120) width 375: "yellow yellow yellow yellow yellow yellow yellow yellow."
