layer at (0,0) size 800x600
  RenderView at (0,0) size 800x600
layer at (0,0) size 800x406
  RenderBlock {HTML} at (0,0) size 800x406
    RenderBody {BODY} at (8,16) size 784x374
      RenderBlock {P} at (0,0) size 784x20 [color=#0000FF]
        RenderText {#text} at (0,0) size 226x19
          text run at (0,0) width 226: "The borders should be as described."
      RenderBlock {P} at (0,36) size 784x26 [color=#0000FF] [border: (3px solid #FFA500)]
        RenderText {#text} at (3,3) size 112x19
          text run at (3,3) width 112: "Orange and solid."
      RenderBlock {P} at (0,78) size 784x30 [color=#0000FF] [border: (5px outset #FFA500)]
        RenderText {#text} at (5,5) size 119x19
          text run at (5,5) width 119: "Orange and outset."
      RenderBlock {P} at (0,124) size 784x30 [color=#0000FF] [border: (5px inset #FFA500)]
        RenderText {#text} at (5,5) size 111x19
          text run at (5,5) width 111: "Orange and inset."
      RenderBlock {P} at (0,170) size 784x40 [color=#0000FF] [border: (10px ridge #FFA500)]
        RenderText {#text} at (10,10) size 122x19
          text run at (10,10) width 122: "Orange and ridged."
      RenderBlock {P} at (0,226) size 784x40 [color=#0000FF] [border: (10px double #FFA500)]
        RenderText {#text} at (10,10) size 125x19
          text run at (10,10) width 125: "Orange and double."
      RenderBlock {P} at (0,282) size 784x20 [color=#0000FF]
        RenderText {#text} at (0,0) size 68x19
          text run at (0,0) width 68: "No border."
      RenderBlock {P} at (0,318) size 784x20 [color=#0000FF]
        RenderText {#text} at (0,0) size 68x19
          text run at (0,0) width 68: "No border."
      RenderBlock {P} at (0,354) size 784x20 [color=#0000FF]
        RenderText {#text} at (0,0) size 68x19
          text run at (0,0) width 68: "No border."
