layer at (0,0) size 800x600
  RenderView at (0,0) size 800x600
layer at (0,0) size 800x112
  RenderBlock {HTML} at (0,0) size 800x112
    RenderBody {BODY} at (8,16) size 784x81
      RenderBlock {P} at (0,0) size 784x20
        RenderText {#text} at (0,0) size 213x19
          text run at (0,0) width 213: "There should be a green bar below:"
      RenderBlock {DIV} at (15,36) size 195x45 [bgcolor=#008000]
        RenderBlock {P} at (0,0) size 195x30 [color=#FFFFFF] [bgcolor=#FFFFFF]
          RenderText {#text} at (0,0) size 30x15
            text run at (0,0) width 30: "x "
          RenderInline {SPAN} at (0,0) size 135x30
            RenderText {#text} at (30,0) size 105x30
              text run at (30,0) width 75: "xxxxx"
              text run at (0,15) width 75: "xxxxx"
          RenderText {#text} at (135,15) size 30x15
            text run at (135,15) width 30: " x"
