layer at (0,0) size 800x600
  RenderView at (0,0) size 800x600
layer at (0,0) size 800x126
  RenderBlock {HTML} at (0,0) size 800x126
    RenderBody {BODY} at (8,16) size 784x102
      RenderBlock {P} at (0,0) size 784x20
        RenderText {#text} at (0,0) size 442x19
          text run at (0,0) width 442: "The three boxes below should have progressively thinner bottom borders."
      RenderTable {TABLE} at (0,36) size 64x66 [color=#000080]
        RenderTableSection {TBODY} at (0,0) size 64x66
          RenderTableRow {TR} at (0,2) size 64x62
            RenderTableCell {TD} at (2,2) size 19x62 [r=0 c=0 rs=1 cs=1]
              RenderBlock {P} at (1,17) size 17x28 [border: (3px solid #000080) (5px solid #000080) (3px solid #000080)]
                RenderText {#text} at (3,3) size 11x19
                  text run at (3,3) width 11: "A"
            RenderTableCell {TD} at (23,2) size 18x60 [r=0 c=1 rs=1 cs=1]
              RenderBlock {P} at (1,17) size 16x26 [border: (3px solid #000080)]
                RenderText {#text} at (3,3) size 10x19
                  text run at (3,3) width 10: "B"
            RenderTableCell {TD} at (43,2) size 19x58 [r=0 c=2 rs=1 cs=1]
              RenderBlock {P} at (1,17) size 17x24 [border: (3px solid #000080) (1px solid #000080) (3px solid #000080)]
                RenderText {#text} at (3,3) size 11x19
                  text run at (3,3) width 11: "C"
