layer at (0,0) size 800x600
  RenderView at (0,0) size 800x600
layer at (0,0) size 800x332
  RenderBlock {HTML} at (0,0) size 800x332
    RenderBody {BODY} at (8,8) size 784x316
      RenderBlock {DIV} at (0,0) size 784x18
        RenderText {#text} at (0,0) size 341x17
          text run at (0,0) width 341: "The blue bits of text should be decorated as described."
      RenderBlock {P} at (0,34) size 784x248 [color=#C0C0C0]
        RenderText {#text} at (0,0) size 759x57
          text run at (0,0) width 474: "dummy text dummy text dummy text dummy text dummy text dummy text "
          text run at (474,0) width 285: "dummy text dummy text dummy text dummy"
          text run at (0,18) width 185: "text dummy text dummy text "
          text run at (185,18) width 474: "dummy text dummy text dummy text dummy text dummy text dummy text "
          text run at (659,18) width 75: "dummy text"
          text run at (0,40) width 395: "dummy text dummy text dummy text dummy text dummy text "
        RenderInline {SPAN} at (0,0) size 759x56 [color=#0000FF] [border: none (10px double #0000FF)]
          RenderText {#text} at (405,40) size 174x17
            text run at (405,40) width 174: "\x{21E6} two blue lines to the left "
          RenderInline {SPAN} at (0,0) size 759x56 [color=#C0C0C0]
            RenderText {#text} at (579,40) size 759x56
              text run at (579,40) width 52: "dummy "
              text run at (631,40) width 102: "text dummy text"
              text run at (0,61) width 368: "dummy text dummy text dummy text dummy text dummy "
              text run at (368,61) width 391: "text dummy text dummy text dummy text dummy text dummy"
              text run at (0,79) width 23: "text"
          RenderText {#text} at (23,79) size 4x17
            text run at (23,79) width 4: " "
        RenderText {#text} at (27,79) size 759x93
          text run at (27,79) width 395: "dummy text dummy text dummy text dummy text dummy text "
          text run at (422,79) width 312: "dummy text dummy text dummy text dummy text"
          text run at (0,97) width 158: "dummy text dummy text "
          text run at (158,97) width 474: "dummy text dummy text dummy text dummy text dummy text dummy text "
          text run at (632,97) width 127: "dummy text dummy"
          text run at (0,115) width 343: "text dummy text dummy text dummy text dummy text "
          text run at (343,115) width 391: "dummy text dummy text dummy text dummy text dummy text"
          text run at (0,133) width 79: "dummy text "
          text run at (79,133) width 474: "dummy text dummy text dummy text dummy text dummy text dummy text "
          text run at (553,133) width 206: "dummy text dummy text dummy"
          text run at (0,155) width 185: "text dummy text dummy text "
        RenderInline {SPAN} at (0,0) size 196x17 [color=#0000FF] [border: none (1px solid #0000FF)]
          RenderText {#text} at (186,155) size 195x17
            text run at (186,155) width 195: "\x{21E6} one thin blue line to the left "
        RenderText {#text} at (381,155) size 772x92
          text run at (381,155) width 52: "dummy "
          text run at (433,155) width 339: "text dummy text dummy text dummy text dummy text"
          text run at (0,176) width 131: "dummy text dummy "
          text run at (131,176) width 474: "text dummy text dummy text dummy text dummy text dummy text dummy "
          text run at (605,176) width 154: "text dummy text dummy"
          text run at (0,194) width 316: "text dummy text dummy text dummy text dummy "
          text run at (316,194) width 418: "text dummy text dummy text dummy text dummy text dummy text"
          text run at (0,212) width 52: "dummy "
          text run at (52,212) width 474: "text dummy text dummy text dummy text dummy text dummy text dummy "
          text run at (526,212) width 233: "text dummy text dummy text dummy"
          text run at (0,230) width 237: "text dummy text dummy text dummy "
          text run at (237,230) width 181: "text dummy text dummy text"
      RenderBlock {DIV} at (0,298) size 784x18
        RenderText {#text} at (0,0) size 416x17
          text run at (0,0) width 416: "(All the lines of text in the block above should be equally spaced.)"
