layer at (0,0) size 800x600
  RenderView at (0,0) size 800x600
layer at (0,0) size 800x88
  RenderBlock {HTML} at (0,0) size 800x88
    RenderBody {BODY} at (8,16) size 784x56
      RenderBlock {P} at (0,0) size 784x20
        RenderInline {SPAN} at (0,0) size 225x21 [border: (1px solid #000000)]
          RenderText {#text} at (1,0) size 223x19
            text run at (1,0) width 223: "This box should have a thin border."
        RenderText {#text} at (0,0) size 0x0
      RenderBlock {P} at (0,36) size 784x20
        RenderText {#text} at (0,0) size 227x19
          text run at (0,0) width 227: "There should be no red on this line. "
        RenderInline {SPAN} at (0,0) size 12x19 [color=#FF0000]
          RenderText {#text} at (227,0) size 12x19
            text run at (227,0) width 12: "   "
        RenderText {#text} at (0,0) size 0x0
