layer at (0,0) size 800x600
  RenderView at (0,0) size 800x600
layer at (0,0) size 800x84
  RenderBlock {HTML} at (0,0) size 800x84
    RenderBody {BODY} at (8,8) size 784x68 [color=#0000FF]
      RenderTable {TABLE} at (0,0) size 708x68
        RenderTableSection {TBODY} at (0,0) size 708x68
          RenderTableRow {TR} at (0,2) size 708x26
            RenderTableCell {TD} at (2,2) size 704x26 [border: (2px solid #0000FF)] [r=0 c=0 rs=1 cs=2]
              RenderText {#text} at (3,3) size 325x19
                text run at (3,3) width 325: "There should be a blue border around this sentence."
          RenderTableRow {TR} at (0,30) size 708x36
            RenderTableCell {TD} at (2,35) size 331x26 [border: (2px solid #0000FF)] [r=1 c=0 rs=1 cs=1]
              RenderText {#text} at (3,3) size 325x19
                text run at (3,3) width 325: "There should be a blue border around this sentence."
            RenderTableCell {TD} at (335,30) size 371x36 [border: (2px solid #0000FF)] [r=1 c=1 rs=1 cs=1]
              RenderTable {TABLE} at (3,3) size 365x30
                RenderTableSection {TBODY} at (0,0) size 365x30
                  RenderTableRow {TR} at (0,2) size 365x26
                    RenderTableCell {TD} at (2,2) size 361x26 [border: (2px solid #0000FF)] [r=0 c=0 rs=1 cs=1]
                      RenderText {#text} at (3,3) size 106x19
                        text run at (3,3) width 106: "There should be "
                      RenderInline {STRONG} at (0,0) size 113x19
                        RenderInline {EM} at (0,0) size 23x19
                          RenderText {#text} at (109,3) size 23x19
                            text run at (109,3) width 23: "two"
                        RenderText {#text} at (132,3) size 90x19
                          text run at (132,3) width 90: " blue borders"
                      RenderText {#text} at (222,3) size 136x19
                        text run at (222,3) width 136: " around this sentence."
