layer at (0,0) size 800x600
  RenderView at (0,0) size 800x600
layer at (0,0) size 800x39
  RenderBlock {HTML} at (0,0) size 800x39
    RenderBody {BODY} at (8,8) size 784x23
      RenderBlock {DIV} at (0,0) size 784x23 [color=#000080]
        RenderBlock {DIV} at (0,0) size 784x23 [border: none (3px solid #000080)]
          RenderText {#text} at (3,0) size 254x19
            text run at (3,0) width 254: "This box should be open ended at the top."
