layer at (0,0) size 800x600
  RenderView at (0,0) size 800x600
layer at (0,0) size 800x240
  RenderBlock {HTML} at (0,0) size 800x240
    RenderBody {BODY} at (8,16) size 784x216 [color=#000080]
      RenderBlock {P} at (0,0) size 784x20
        RenderText {#text} at (0,0) size 271x19
          text run at (0,0) width 271: "The five \"matches\" below should be identical "
        RenderInline {STRONG} at (0,0) size 126x19
          RenderText {#text} at (271,0) size 126x19
            text run at (271,0) width 126: "and equally spaced"
        RenderText {#text} at (397,0) size 4x19
          text run at (397,0) width 4: "."
      RenderBlock {DIV} at (0,36) size 200x180 [color=#FFA500]
        RenderBlock {P} at (0,0) size 200x10 [bgcolor=#A52A2A]
          RenderImage {IMG} at (0,0) size 24x10
          RenderText {#text} at (24,0) size 10x10
            text run at (24,0) width 10: "x"
          RenderImage {IMG} at (34,0) size 142x10
          RenderImage {IMG} at (176,0) size 24x10
          RenderText {#text} at (0,0) size 0x0
        RenderBlock {P} at (24,34) size 152x10 [bgcolor=#A52A2A]
          RenderText {#text} at (0,0) size 10x10
            text run at (0,0) width 10: "x"
        RenderBlock {P} at (24,68) size 152x10 [bgcolor=#A52A2A]
          RenderText {#text} at (0,0) size 10x10
            text run at (0,0) width 10: "x"
        RenderBlock {P} at (24,102) size 152x10 [bgcolor=#A52A2A]
          RenderText {#text} at (0,0) size 10x10
            text run at (0,0) width 10: "x"
        RenderBlock {P} at (24,136) size 152x10 [bgcolor=#A52A2A]
          RenderText {#text} at (0,0) size 10x10
            text run at (0,0) width 10: "x"
        RenderBlock {P} at (0,170) size 200x10 [bgcolor=#A52A2A]
          RenderImage {IMG} at (0,0) size 24x10
          RenderText {#text} at (24,0) size 10x10
            text run at (24,0) width 10: "x"
          RenderImage {IMG} at (34,0) size 142x10
          RenderImage {IMG} at (176,0) size 24x10
          RenderText {#text} at (0,0) size 0x0
