layer at (0,0) size 800x600
  RenderView at (0,0) size 800x600
layer at (0,0) size 800x433
  RenderBlock {HTML} at (0,0) size 800x433 [color=#FFFFFF] [bgcolor=#0000FF]
    RenderBody {BODY} at (15,15) size 490x403 [bgcolor=#FFFFFF] [border: (5px solid #000000)]
      RenderBlock {DL} at (5,5) size 480x10
        RenderBlock (floating) {DT} at (5,5) size 80x310 [bgcolor=#CC0000] [border: (5px solid #000000)]
          RenderText {#text} at (15,14) size 35x12
            text run at (15,14) width 35: "toggle"
        RenderBlock (floating) {DD} at (95,5) size 380x310 [border: (10px solid #000000)]
          RenderBlock {UL} at (20,20) size 340x0
            RenderBlock (floating) {LI} at (0,0) size 80x120 [color=#000000] [bgcolor=#FFCC00] [border: (5px solid #000000)]
              RenderText {#text} at (15,14) size 42x12
                text run at (15,14) width 42: "the way"
            RenderBlock (floating) {LI} at (90,0) size 160x110 [bgcolor=#000000]
              RenderBlock {P} at (10,10) size 140x10
                RenderText {#text} at (0,-1) size 81x12
                  text run at (0,-1) width 81: "the world ends"
              RenderBlock (anonymous) at (10,20) size 140x0
                RenderInline {FORM} at (0,0) size 0x0
                  RenderText {#text} at (0,0) size 0x0
              RenderBlock (anonymous) at (10,20) size 140x44
                RenderBlock {P} at (0,0) size 140x22
                  RenderText {#text} at (0,6) size 32x12
                    text run at (0,6) width 32: "bang "
                  RenderBlock {INPUT} at (37,3) size 13x13 [color=#000000]
                  RenderText {#text} at (0,0) size 0x0
                RenderBlock {P} at (0,22) size 140x22
                  RenderText {#text} at (0,6) size 50x12
                    text run at (0,6) width 50: "whimper "
                  RenderBlock {INPUT} at (55,3) size 13x13 [color=#000000]
                  RenderText {#text} at (0,0) size 0x0
              RenderBlock (anonymous) at (10,64) size 140x0
                RenderInline {FORM} at (0,0) size 0x0
                RenderText {#text} at (0,0) size 0x0
            RenderBlock (floating) {LI} at (259,0) size 81x120 [color=#000000] [bgcolor=#FFCC00] [border: (5px solid #000000)]
              RenderText {#text} at (15,14) size 32x22
                text run at (15,14) width 32: "i grow"
                text run at (15,24) width 17: "old"
            RenderBlock (floating) {LI} at (0,130) size 120x120 [bgcolor=#000000]
              RenderText {#text} at (10,9) size 34x12
                text run at (10,9) width 34: "pluot?"
          RenderBlock (floating) {BLOCKQUOTE} at (160,150) size 70x140 [color=#000000] [bgcolor=#FFCC00] [border: (10px solid #000000) (15px solid #000000) (20px solid #000000) (5px solid #000000)]
            RenderBlock {ADDRESS} at (5,20) size 50x20
              RenderText {#text} at (0,-1) size 38x22
                text run at (0,-1) width 18: "bar"
                text run at (0,9) width 38: "maids,"
          RenderBlock (floating) {H1} at (240,150) size 120x120 [bgcolor=#000000]
            RenderText {#text} at (10,9) size 73x22
              text run at (10,9) width 64: "sing to me,"
              text run at (10,19) width 73: "erbarme dich"
      RenderBlock {P} at (5,320) size 480x78 [color=#000000]
        RenderText {#text} at (0,0) size 479x38
          text run at (0,0) width 419: "This is a nonsensical document, but syntactically valid HTML 4.0. All 100%-"
          text run at (0,13) width 479: "conformant CSS1 agents should be able to render the document elements above this"
          text run at (0,26) width 290: "paragraph indistinguishably (to the pixel) from this "
        RenderInline {A} at (0,0) size 113x12 [color=#999999]
          RenderText {#text} at (290,26) size 113x12
            text run at (290,26) width 113: "reference rendering,"
        RenderText {#text} at (403,26) size 475x38
          text run at (403,26) width 4: " "
          text run at (407,26) width 68: "(except font"
          text run at (0,39) width 435: "rasterization and form widgets). All discrepancies should be traceable to CSS1"
          text run at (0,52) width 174: "implementation shortcomings. "
          text run at (174,52) width 41: "Please "
        RenderInline {A} at (0,0) size 93x12 [color=#CC0000]
          RenderText {#text} at (215,52) size 93x12
            text run at (215,52) width 93: "report any errors"
        RenderText {#text} at (308,52) size 480x25
          text run at (308,52) width 172: " you find between the CSS and"
          text run at (0,65) width 135: "the reference rendering."
