layer at (0,0) size 800x600
  RenderView at (0,0) size 800x600
layer at (0,0) size 800x184
  RenderBlock {HTML} at (0,0) size 800x184
    RenderBody {BODY} at (8,16) size 784x152
      RenderBlock {P} at (0,0) size 784x20 [color=#000080]
        RenderText {#text} at (0,0) size 589x19
          text run at (0,0) width 371: "In the following test, the teal blocks must be just inside the "
          text run at (371,0) width 218: "top and sides of the blue rectangle."
      RenderBlock {DIV} at (0,36) size 784x116
        RenderBlock {DIV} at (16,0) size 752x116 [color=#0000FF] [bgcolor=#000080] [border: (8px solid #0000FF) none (8px solid #0000FF)]
          RenderBlock (floating) {P} at (8,8) size 176x96 [color=#00FFFF] [bgcolor=#008080] [border: (4px solid #00FFFF)]
            RenderText {#text} at (8,8) size 144x79
              text run at (8,8) width 144: "Teal block. Teal block."
              text run at (8,28) width 144: "Teal block. Teal block."
              text run at (8,48) width 144: "Teal block. Teal block."
              text run at (8,68) width 144: "Teal block. Teal block."
          RenderBlock (floating) {P} at (568,8) size 176x96 [color=#00FFFF] [bgcolor=#008080] [border: (4px solid #00FFFF)]
            RenderText {#text} at (8,8) size 144x79
              text run at (8,8) width 144: "Teal block. Teal block."
              text run at (8,28) width 144: "Teal block. Teal block."
              text run at (8,48) width 144: "Teal block. Teal block."
              text run at (8,68) width 144: "Teal block. Teal block."
          RenderText {#text} at (184,8) size 358x99
            text run at (184,8) width 327: "Blue rectangle. Blue rectangle. Blue rectangle. Blue"
            text run at (184,28) width 358: "rectangle. Blue rectangle. Blue rectangle. Blue rectangle."
            text run at (184,48) width 99: "Blue rectangle. "
            text run at (283,48) width 228: "Blue rectangle. Blue rectangle. Blue"
            text run at (184,68) width 358: "rectangle. Blue rectangle. Blue rectangle. Blue rectangle."
            text run at (184,88) width 194: "Blue rectangle. Blue rectangle."
