layer at (0,0) size 800x600
  RenderView at (0,0) size 800x600
layer at (0,0) size 800x490
  RenderBlock {HTML} at (0,0) size 800x490
    RenderBody {BODY} at (8,16) size 784x458
      RenderBlock {P} at (0,0) size 784x60 [color=#000080]
        RenderText {#text} at (0,0) size 778x59
          text run at (0,0) width 408: "The big coloured boxes should be level with the top of the small "
          text run at (408,0) width 329: "coloured boxes of the same color (unless there is not"
          text run at (0,20) width 88: "enough room "
          text run at (88,20) width 398: "for the big box to fit on the small box's line after the small box, "
          text run at (486,20) width 292: "in which case the big box should be level with"
          text run at (0,40) width 111: "the bottom of the "
          text run at (111,40) width 137: "respective small box)."
      RenderBlock {DIV} at (16,76) size 752x382 [color=#C0C0C0] [border: (5px solid #800080)]
        RenderText {#text} at (171,21) size 474x19
          text run at (171,21) width 474: "dummy text dummy text dummy text dummy text dummy text dummy text "
        RenderInline {SPAN} at (0,0) size 17x25 [color=#FFFFFF] [bgcolor=#008080] [border: (3px solid #00FFFF)]
          RenderText {#text} at (648,21) size 11x19
            text run at (648,21) width 11: "A"
        RenderText {#text} at (662,21) size 4x19
          text run at (662,21) width 4: " "
        RenderBlock (floating) {P} at (21,21) size 150x58 [color=#FFFFFF] [bgcolor=#008080] [border: (3px solid #00FFFF)]
          RenderText {#text} at (19,19) size 48x19
            text run at (19,19) width 48: "AAAA"
        RenderText {#text} at (666,21) size 543x39
          text run at (666,21) width 48: "dummy"
          text run at (171,41) width 422: "text dummy text dummy text dummy text dummy text dummy text "
        RenderInline {SPAN} at (0,0) size 16x25 [color=#FFFFFF] [bgcolor=#800080] [border: (3px solid #FF00FF)]
          RenderText {#text} at (596,41) size 10x19
            text run at (596,41) width 10: "B"
        RenderText {#text} at (609,41) size 4x19
          text run at (609,41) width 4: " "
        RenderBlock (floating) {P} at (581,61) size 150x58 [color=#FFFFFF] [bgcolor=#800080] [border: (3px solid #FF00FF)]
          RenderText {#text} at (19,19) size 44x19
            text run at (19,19) width 44: "BBBB"
        RenderText {#text} at (613,41) size 707x319
          text run at (613,41) width 75: "dummy text"
          text run at (171,61) width 391: "dummy text dummy text dummy text dummy text dummy text"
          text run at (21,81) width 474: "dummy text dummy text dummy text dummy text dummy text dummy text "
          text run at (495,81) width 75: "dummy text"
          text run at (21,101) width 395: "dummy text dummy text dummy text dummy text dummy text "
          text run at (416,101) width 154: "dummy text dummy text"
          text run at (21,121) width 316: "dummy text dummy text dummy text dummy text "
          text run at (337,121) width 391: "dummy text dummy text dummy text dummy text dummy text"
          text run at (21,141) width 79: "dummy text "
          text run at (100,141) width 474: "dummy text dummy text dummy text dummy text dummy text dummy text "
          text run at (574,141) width 154: "dummy text dummy text"
          text run at (21,161) width 316: "dummy text dummy text dummy text dummy text "
          text run at (337,161) width 391: "dummy text dummy text dummy text dummy text dummy text"
          text run at (21,181) width 79: "dummy text "
          text run at (100,181) width 474: "dummy text dummy text dummy text dummy text dummy text dummy text "
          text run at (574,181) width 154: "dummy text dummy text"
          text run at (21,201) width 316: "dummy text dummy text dummy text dummy text "
          text run at (337,201) width 391: "dummy text dummy text dummy text dummy text dummy text"
          text run at (21,221) width 79: "dummy text "
          text run at (100,221) width 474: "dummy text dummy text dummy text dummy text dummy text dummy text "
          text run at (574,221) width 154: "dummy text dummy text"
          text run at (21,241) width 316: "dummy text dummy text dummy text dummy text "
          text run at (337,241) width 391: "dummy text dummy text dummy text dummy text dummy text"
          text run at (21,261) width 79: "dummy text "
          text run at (100,261) width 474: "dummy text dummy text dummy text dummy text dummy text dummy text "
          text run at (574,261) width 154: "dummy text dummy text"
          text run at (21,281) width 316: "dummy text dummy text dummy text dummy text "
          text run at (337,281) width 391: "dummy text dummy text dummy text dummy text dummy text"
          text run at (21,301) width 79: "dummy text "
          text run at (100,301) width 474: "dummy text dummy text dummy text dummy text dummy text dummy text "
          text run at (574,301) width 154: "dummy text dummy text"
          text run at (21,321) width 316: "dummy text dummy text dummy text dummy text "
          text run at (337,321) width 391: "dummy text dummy text dummy text dummy text dummy text"
          text run at (21,341) width 75: "dummy text"
