layer at (0,0) size 785x841
  RenderView at (0,0) size 785x600
layer at (0,0) size 785x841
  RenderBlock {HTML} at (0,0) size 785x841
    RenderBody {BODY} at (8,32) size 769x777
      RenderBlock {P} at (32,0) size 705x115 [color=#000080]
        RenderText {#text} at (0,4) size 671x110
          text run at (0,4) width 671: "\x{21E9} The following blue box should be exactly half the"
          text run at (0,41) width 81: "width "
          text run at (81,41) width 560: "of the viewport, on the left of the 50% ruler"
          text run at (0,78) width 74: "mark."
      RenderBlock (floating) {DIV} at (0,147) size 385x380 [color=#FFFFFF] [bgcolor=#0000FF]
        RenderText {#text} at (0,0) size 385x379
          text run at (0,0) width 385: "ignore this float text ignore this float text ignore this"
          text run at (0,20) width 42: "float "
          text run at (41,20) width 344: "text ignore this float text ignore this float text"
          text run at (0,40) width 80: "ignore this "
          text run at (79,40) width 306: "float text ignore this float text ignore this"
          text run at (0,60) width 126: "float text ignore "
          text run at (125,60) width 260: "this float text ignore this float text"
          text run at (0,80) width 156: "ignore this float text "
          text run at (155,80) width 230: "ignore this float text ignore this"
          text run at (0,100) width 199: "float text ignore this float "
          text run at (198,100) width 187: "text ignore this float text"
          text run at (0,120) width 235: "ignore this float text ignore this "
          text run at (235,120) width 150: "float text ignore this"
          text run at (0,140) width 283: "float text ignore this float text ignore "
          text run at (282,140) width 103: "this float text"
          text run at (0,160) width 312: "ignore this float text ignore this float text "
          text run at (311,160) width 74: "ignore this"
          text run at (0,180) width 356: "float text ignore this float text ignore this float "
          text run at (355,180) width 30: "text"
          text run at (0,200) width 385: "ignore this float text ignore this float text ignore this"
          text run at (0,220) width 385: "float text ignore this float text ignore this float text"
          text run at (0,240) width 49: "ignore "
          text run at (48,240) width 337: "this float text ignore this float text ignore this"
          text run at (0,260) width 77: "float text "
          text run at (77,260) width 308: "ignore this float text ignore this float text"
          text run at (0,280) width 121: "ignore this float "
          text run at (120,280) width 265: "text ignore this float text ignore this"
          text run at (0,300) width 157: "float text ignore this "
          text run at (157,300) width 228: "float text ignore this float text"
          text run at (0,320) width 204: "ignore this float text ignore "
          text run at (203,320) width 182: "this float text ignore this"
          text run at (0,340) width 234: "float text ignore this float text "
          text run at (234,340) width 151: "ignore this float text"
          text run at (0,360) width 257: "ignore this float text ignore this float"
      RenderBlock {DIV} at (0,147) size 769x520 [color=#C0C0C0]
        RenderText {#text} at (384,0) size 770x519
          text run at (384,0) width 385: "this is some dummy text this is some dummy text this is"
          text run at (384,20) width 98: "some dummy "
          text run at (481,20) width 288: "text this is some dummy text this is some"
          text run at (384,40) width 169: "dummy text this is some "
          text run at (552,40) width 217: "dummy text this is some dummy"
          text run at (384,60) width 230: "text this is some dummy text this is "
          text run at (613,60) width 156: "some dummy text this is"
          text run at (384,80) width 305: "some dummy text this is some dummy text "
          text run at (688,80) width 81: "this is some"
          text run at (384,100) width 385: "dummy text this is some dummy text this is some dummy"
          text run at (384,120) width 385: "text this is some dummy text this is some dummy text this is"
          text run at (384,140) width 42: "some "
          text run at (425,140) width 344: "dummy text this is some dummy text this is some"
          text run at (384,160) width 130: "dummy text this is "
          text run at (513,160) width 256: "some dummy text this is some dummy"
          text run at (384,180) width 189: "text this is some dummy text "
          text run at (572,180) width 197: "this is some dummy text this is"
          text run at (384,200) width 274: "some dummy text this is some dummy "
          text run at (657,200) width 112: "text this is some"
          text run at (384,220) width 337: "dummy text this is some dummy text this is some "
          text run at (721,220) width 48: "dummy"
          text run at (384,240) width 385: "text this is some dummy text this is some dummy text this is"
          text run at (384,260) width 385: "some dummy text this is some dummy text this is some"
          text run at (384,280) width 85: "dummy text "
          text run at (468,280) width 301: "this is some dummy text this is some dummy"
          text run at (384,300) width 161: "text this is some dummy "
          text run at (544,300) width 225: "text this is some dummy text this is"
          text run at (384,320) width 218: "some dummy text this is some "
          text run at (601,320) width 168: "dummy text this is some"
          text run at (384,340) width 298: "dummy text this is some dummy text this is "
          text run at (681,340) width 88: "some dummy"
          text run at (384,360) width 349: "text this is some dummy text this is some dummy text "
          text run at (732,360) width 38: "this is"
          text run at (0,380) width 405: "some dummy text this is some dummy text this is some dummy "
          text run at (404,380) width 365: "text this is some dummy text this is some dummy text this"
          text run at (0,400) width 53: "is some "
          text run at (52,400) width 444: "dummy text this is some dummy text this is some dummy text this is "
          text run at (495,400) width 274: "some dummy text this is some dummy text"
          text run at (0,420) width 161: "this is some dummy text "
          text run at (160,420) width 454: "this is some dummy text this is some dummy text this is some dummy "
          text run at (613,420) width 156: "text this is some dummy"
          text run at (0,440) width 278: "text this is some dummy text this is some "
          text run at (277,440) width 459: "dummy text this is some dummy text this is some dummy text this is "
          text run at (736,440) width 33: "some"
          text run at (0,460) width 407: "dummy text this is some dummy text this is some dummy text "
          text run at (406,460) width 363: "this is some dummy text this is some dummy text this is"
          text run at (0,480) width 90: "some dummy "
          text run at (89,480) width 421: "text this is some dummy text this is some dummy text this is some "
          text run at (509,480) width 260: "dummy text this is some dummy text this"
          text run at (0,500) width 170: "is some dummy text this is "
          text run at (170,500) width 268: "some dummy text this is some dummy text"
      RenderBlock {P} at (32,699) size 705x78 [color=#000080]
        RenderText {#text} at (19,0) size 686x77
          text run at (19,0) width 686: "The above gray text should flow around the blue box."
          text run at (680,41) width 25: "\x{21E7}"
