layer at (0,0) size 785x621
  RenderView at (0,0) size 785x600
layer at (0,0) size 785x621
  RenderBlock {HTML} at (0,0) size 785x621
    RenderBody {BODY} at (8,16) size 769x597
      RenderBlock {P} at (0,0) size 769x20
        RenderText {#text} at (0,0) size 314x19
          text run at (0,0) width 314: "There should be a tall green box below, with no red."
      RenderBlock {DIV} at (0,36) size 126x561 [color=#008000] [bgcolor=#FF0000] [border: (3px solid #000000)]
        RenderBlock {P} at (18,18) size 90x45
          RenderText {#text} at (0,0) size 90x45
            text run at (0,0) width 75: "x x x"
            text run at (0,15) width 90: "xx x x"
            text run at (0,30) width 15: "x"
        RenderBlock {P} at (18,78) size 90x60
          RenderImage {IMG} at (0,0) size 45x45 [color=#FF0000]
          RenderText {#text} at (45,0) size 90x60
            text run at (45,0) width 45: "x x"
            text run at (45,15) width 15: "x"
            text run at (45,30) width 30: "xx"
            text run at (0,45) width 75: "x x x"
        RenderBlock {P} at (18,153) size 90x105
          RenderImage {IMG} at (30,30) size 45x45 [color=#FF0000]
          RenderText {#text} at (75,0) size 90x105
            text run at (75,0) width 15: "x"
            text run at (75,15) width 15: "x"
            text run at (75,30) width 15: "x"
            text run at (0,75) width 90: "xx x x"
            text run at (0,90) width 15: "x"
        RenderBlock {P} at (48,303) size 60x60
          RenderImage {IMG} at (-30,-30) size 45x45 [color=#FF0000]
          RenderText {#text} at (15,0) size 60x60
            text run at (15,0) width 45: "x x"
            text run at (0,15) width 60: "x xx"
            text run at (0,30) width 45: "x x"
            text run at (0,45) width 15: "x"
        RenderBlock {P} at (18,378) size 90x105
          RenderImage {IMG} at (0,0) size 45x45 [color=#FF0000]
          RenderText {#text} at (75,0) size 90x105
            text run at (75,0) width 15: "x"
            text run at (75,15) width 15: "x"
            text run at (75,30) width 15: "x"
            text run at (0,75) width 90: "xx x x"
            text run at (0,90) width 15: "x"
        RenderBlock {P} at (18,498) size 90x45
          RenderImage {IMG} at (0,0) size 45x45 [color=#FF0000]
          RenderText {#text} at (15,0) size 90x45
            text run at (15,0) width 75: "x x x"
            text run at (0,15) width 90: "xx x x"
            text run at (0,30) width 15: "x"
