layer at (0,0) size 800x600
  RenderView at (0,0) size 800x600
layer at (0,0) size 800x264
  RenderBlock {HTML} at (0,0) size 800x264
    RenderBody {BODY} at (8,16) size 784x232
      RenderBlock {P} at (0,0) size 784x20 [color=#000080]
        RenderText {#text} at (0,0) size 381x19
          text run at (0,0) width 381: "The word \"fail\" should not appear below, just a green block."
      RenderBlock {DIV} at (16,36) size 240x196 [color=#FFFFFF] [bgcolor=#FFFFFF]
        RenderImage {IMG} at (0,0) size 1x1
        RenderImage {IMG} at (0,1) size 240x112
        RenderInline {SPAN} at (0,0) size 188x211
          RenderText {#text} at (0,113) size 188x83
            text run at (0,113) width 188: "FAIL"
        RenderText {#text} at (0,0) size 0x0
