layer at (0,0) size 785x711
  RenderView at (0,0) size 785x600
layer at (0,0) size 785x711
  RenderBlock {HTML} at (0,0) size 785x711
    RenderBody {BODY} at (8,16) size 769x687
      RenderBlock {P} at (0,0) size 769x20
        RenderText {#text} at (0,0) size 239x19
          text run at (0,0) width 239: "There should be a big green box below."
      RenderBlock {DIV} at (0,36) size 306x651 [color=#008000] [bgcolor=#FF0000] [border: (3px solid #000000)]
        RenderImage {IMG} at (3,3) size 50x50
        RenderBlock {P} at (3,18) size 300x90
          RenderText {#text} at (50,0) size 290x90
            text run at (50,0) width 210: "xxxxx xxxx xxx"
            text run at (50,15) width 240: "xx x xx xxx xxxx"
            text run at (50,30) width 210: "xxxxx xxxx xxx"
            text run at (0,45) width 240: "xx x xx xxx xxxx"
            text run at (0,60) width 285: "xxxxx xxxx xxx xx x"
            text run at (0,75) width 165: "xx xxx xxxx"
        RenderImage {IMG} at (3,123) size 50x50
        RenderBlock {P} at (3,173) size 300x60
          RenderText {#text} at (0,0) size 300x60
            text run at (0,0) width 285: "xxxxx xxxx xxx xx x"
            text run at (0,15) width 180: "xx xxx xxxx "
            text run at (180,15) width 75: "xxxxx"
            text run at (0,30) width 300: "xxxx xxx xx x xx xxx"
            text run at (0,45) width 60: "xxxx"
        RenderImage {IMG} at (253,248) size 50x50
        RenderBlock {P} at (3,298) size 300x60
          RenderText {#text} at (0,0) size 300x60
            text run at (0,0) width 285: "xxxxx xxxx xxx xx x"
            text run at (0,15) width 180: "xx xxx xxxx "
            text run at (180,15) width 75: "xxxxx"
            text run at (0,30) width 300: "xxxx xxx xx x xx xxx"
            text run at (0,45) width 60: "xxxx"
        RenderImage {IMG} at (3,373) size 50x50
        RenderImage {IMG} at (253,373) size 50x50
        RenderBlock {P} at (3,423) size 300x60
          RenderText {#text} at (0,0) size 300x60
            text run at (0,0) width 285: "xxxxx xxxx xxx xx x"
            text run at (0,15) width 180: "xx xxx xxxx "
            text run at (180,15) width 75: "xxxxx"
            text run at (0,30) width 300: "xxxx xxx xx x xx xxx"
            text run at (0,45) width 60: "xxxx"
        RenderImage {IMG} at (3,498) size 50x50
        RenderImage {IMG} at (253,498) size 50x50
        RenderBlock {P} at (3,498) size 300x135
          RenderText {#text} at (50,0) size 300x135
            text run at (50,0) width 150: "xxxxx xxxx"
            text run at (50,15) width 165: "xxx xx x xx"
            text run at (50,30) width 120: "xxx xxxx"
            text run at (50,45) width 150: "xxxxx xxxx"
            text run at (0,60) width 300: "xxx xx x xx xxx xxxx"
            text run at (0,75) width 285: "xxxxx xxxx xxx xx x"
            text run at (0,90) width 180: "xx xxx xxxx "
            text run at (180,90) width 75: "xxxxx"
            text run at (0,105) width 300: "xxxx xxx xx x xx xxx"
            text run at (0,120) width 60: "xxxx"
