layer at (0,0) size 800x600
  RenderView at (0,0) size 800x600
layer at (0,0) size 800x180
  RenderBlock {HTML} at (0,0) size 800x180
    RenderBody {BODY} at (8,16) size 784x108
      RenderBlock {P} at (0,0) size 784x20 [color=#000080]
        RenderText {#text} at (0,0) size 386x19
          text run at (0,0) width 386: "The two patterns below should be identical, with no red present."
      RenderBlock {DIV} at (0,36) size 784x72
        RenderBlock {DIV} at (16,16) size 160x20 [color=#FFFF00] [bgcolor=#000080]
          RenderText {#text} at (0,0) size 12x19
            text run at (0,0) width 12: " *"
        RenderBlock {DIV} at (96,36) size 160x20 [color=#FFFF00] [bgcolor=#000080]
          RenderText {#text} at (148,0) size 12x19
            text run at (148,0) width 12: "* "
      RenderBlock {DIV} at (16,124) size 240x0
        RenderBlock {DIV} at (0,0) size 240x0 [bgcolor=#FF0000]
          RenderBlock (floating) {P} at (0,0) size 160x20 [color=#FFFF00] [bgcolor=#000080]
            RenderText {#text} at (0,0) size 12x19
              text run at (0,0) width 12: " *"
          RenderBlock (floating) {P} at (80,20) size 160x20 [color=#FFFF00] [bgcolor=#000080]
            RenderText {#text} at (148,0) size 12x19
              text run at (148,0) width 12: "* "
