layer at (0,0) size 800x600
  RenderView at (0,0) size 800x600
layer at (0,0) size 800x140
  RenderBlock {HTML} at (0,0) size 800x140
    RenderBody {BODY} at (8,16) size 784x114
      RenderBlock {P} at (0,0) size 784x20 [color=#000080]
        RenderText {#text} at (0,0) size 648x19
          text run at (0,0) width 648: "There should be five numbers, in numerical order, below: on the first line 1, 2 and 3, on the second, 4 and 5."
      RenderBlock {DIV} at (10,36) size 262x78 [color=#000080] [border: (3px solid #0000FF)]
        RenderBlock (floating) {P} at (19,19) size 80x20
          RenderText {#text} at (0,0) size 8x19
            text run at (0,0) width 8: "1"
        RenderBlock (floating) {P} at (99,19) size 80x20
          RenderText {#text} at (0,0) size 8x19
            text run at (0,0) width 8: "2"
        RenderBlock (floating) {P} at (19,39) size 80x20
          RenderText {#text} at (0,0) size 8x19
            text run at (0,0) width 8: "4"
        RenderText {#text} at (179,19) size 88x39
          text run at (179,19) width 8: "3"
          text run at (99,39) width 88: "5                    "
