layer at (0,0) size 800x600
  RenderView at (0,0) size 800x600
layer at (0,0) size 800x290
  RenderBlock {HTML} at (0,0) size 800x290
    RenderBody {BODY} at (8,8) size 784x0
      RenderBlock (floating) {DIV} at (0,0) size 588x282 [color=#FFFFFF] [bgcolor=#000080]
        RenderBlock (floating) {DIV} at (277,0) size 294x82 [color=#00FFFF] [bgcolor=#008080]
          RenderBlock {P} at (0,0) size 294x82
            RenderText {#text} at (0,0) size 294x81
              text run at (0,0) width 294: "To the right of this teal box there should be a"
              text run at (0,20) width 94: "purple square, "
              text run at (94,20) width 200: "tightly squeezed in between the"
              text run at (0,40) width 194: "edge of the teal box and the "
              text run at (193,40) width 101: "outside edge of"
              text run at (0,62) width 112: "the blue block. \x{21E8}"
        RenderBlock {P} at (0,0) size 588x282
          RenderText {#text} at (0,0) size 277x41
            text run at (0,0) width 277: "Inside this blue block on the right there"
            text run at (0,22) width 164: "should be a teal box. \x{21E8} "
          RenderInline {SPAN} at (0,0) size 588x259 [color=#000080]
            RenderText {#text} at (163,22) size 588x259
              text run at (163,22) width 114: "FAIL FAIL FAIL"
              text run at (0,42) width 277: "FAIL FAIL FAIL FAIL FAIL FAIL FAIL"
              text run at (0,62) width 82: "FAIL FAIL "
              text run at (81,62) width 196: "FAIL FAIL FAIL FAIL FAIL"
              text run at (0,82) width 278: "FAIL FAIL FAIL FAIL FAIL FAIL FAIL "
              text run at (277,82) width 311: "FAIL FAIL FAIL FAIL FAIL FAIL FAIL FAIL"
              text run at (0,102) width 159: "FAIL FAIL FAIL FAIL "
              text run at (159,102) width 429: "FAIL FAIL FAIL FAIL FAIL FAIL FAIL FAIL FAIL FAIL FAIL"
              text run at (0,122) width 41: "FAIL "
              text run at (40,122) width 475: "FAIL FAIL FAIL FAIL FAIL FAIL FAIL FAIL FAIL FAIL FAIL FAIL "
              text run at (514,122) width 74: "FAIL FAIL"
              text run at (0,142) width 396: "FAIL FAIL FAIL FAIL FAIL FAIL FAIL FAIL FAIL FAIL "
              text run at (396,142) width 192: "FAIL FAIL FAIL FAIL FAIL"
              text run at (0,162) width 278: "FAIL FAIL FAIL FAIL FAIL FAIL FAIL "
              text run at (277,162) width 311: "FAIL FAIL FAIL FAIL FAIL FAIL FAIL FAIL"
              text run at (0,182) width 159: "FAIL FAIL FAIL FAIL "
              text run at (159,182) width 429: "FAIL FAIL FAIL FAIL FAIL FAIL FAIL FAIL FAIL FAIL FAIL"
              text run at (0,202) width 41: "FAIL "
              text run at (40,202) width 475: "FAIL FAIL FAIL FAIL FAIL FAIL FAIL FAIL FAIL FAIL FAIL FAIL "
              text run at (514,202) width 74: "FAIL FAIL"
              text run at (0,222) width 396: "FAIL FAIL FAIL FAIL FAIL FAIL FAIL FAIL FAIL FAIL "
              text run at (396,222) width 192: "FAIL FAIL FAIL FAIL FAIL"
              text run at (0,242) width 278: "FAIL FAIL FAIL FAIL FAIL FAIL FAIL "
              text run at (277,242) width 311: "FAIL FAIL FAIL FAIL FAIL FAIL FAIL FAIL"
              text run at (0,262) width 149: "FAIL FAIL FAIL FAIL"
          RenderText {#text} at (0,0) size 0x0
