layer at (0,0) size 800x600
  RenderView at (0,0) size 800x600
layer at (0,0) size 800x120
  RenderBlock {HTML} at (0,0) size 800x120
    RenderBody {BODY} at (8,16) size 784x96
      RenderBlock {P} at (0,0) size 784x20
        RenderText {#text} at (0,0) size 341x19
          text run at (0,0) width 341: "There should be no red below, only green lines and dots."
      RenderBlock {DIV} at (0,36) size 200x60 [color=#008000]
        RenderText {#text} at (0,1) size 40x10
          text run at (0,1) width 40: "z z "
        RenderInline {EM} at (0,0) size 190x22 [color=#FF0000]
          RenderText {#text} at (40,1) size 190x22
            text run at (40,1) width 150: "x x x x x x x x"
            text run at (0,13) width 40: "x x "
        RenderText {#text} at (0,0) size 0x0
        RenderInline {SPAN} at (0,0) size 190x58 [border: (10px solid #00FF00)]
          RenderText {#text} at (0,0) size 0x0
          RenderInline {EM} at (0,0) size 190x22 [color=#FF0000]
            RenderText {#text} at (60,13) size 190x22
              text run at (60,13) width 130: "x x x x x x x"
              text run at (0,25) width 60: "x x x "
              text run at (60,25) width 60: "x x x "
          RenderText {#text} at (120,25) size 190x22
            text run at (120,25) width 70: "y y y y"
            text run at (0,37) width 100: "y y y y y "
        RenderText {#text} at (120,37) size 190x22
          text run at (120,37) width 70: "y y y y"
          text run at (0,49) width 190: "y y y y y y z z z z"
