layer at (0,0) size 800x600
  RenderView at (0,0) size 800x600
layer at (0,0) size 800x166
  RenderBlock {HTML} at (0,0) size 800x166
    RenderBody {BODY} at (8,16) size 784x142
      RenderBlock {P} at (0,0) size 784x20
        RenderText {#text} at (0,0) size 437x19
          text run at (0,0) width 437: "There should be stripes of dark green and light green below, with no red."
      RenderBlock {DIV} at (0,36) size 81x106 [color=#00FF00] [bgcolor=#008000] [border: (3px solid #000000)]
        RenderInline {SPAN} at (0,0) size 75x75 [bgcolor=#FF0000]
          RenderText {#text} at (3,15) size 75x75
            text run at (3,15) width 75: "xxx"
            text run at (3,65) width 75: "xxx"
        RenderText {#text} at (0,0) size 0x0
