layer at (0,0) size 800x600
  RenderView at (0,0) size 800x600
layer at (0,0) size 800x600
  RenderBlock (relative positioned) {HTML} at (0,0) size 800x600
    RenderBody {BODY} at (160,100) size 480x0 [bgcolor=#FF0000]
layer at (0,0) size 800x600
  RenderBlock (positioned) {DIV} at (0,0) size 800x600 [color=#008000] [bgcolor=#FFFFFF]
    RenderText {#text} at (0,0) size 220x19
      text run at (0,0) width 220: "There should be no red on this page."
