layer at (0,0) size 785x660
  RenderView at (0,0) size 785x600
layer at (0,0) size 785x660
  RenderBlock {HTML} at (0,0) size 785x660
    RenderBody {BODY} at (8,16) size 769x636
      RenderBlock {P} at (0,0) size 769x20
        RenderText {#text} at (0,0) size 416x19
          text run at (0,0) width 374: "The blue text should not go past the 50% mark on the ruler "
          text run at (374,0) width 42: "below."
      RenderBlock {DIV} at (0,36) size 385x560 [color=#0000FF]
        RenderText {#text} at (0,0) size 377x559
          text run at (0,0) width 377: "a bit of dummy text a bit of dummy text a bit of dummy text"
          text run at (0,20) width 11: "a "
          text run at (11,20) width 366: "bit of dummy text a bit of dummy text a bit of dummy text"
          text run at (0,40) width 48: "a bit of "
          text run at (48,40) width 329: "dummy text a bit of dummy text a bit of dummy text"
          text run at (0,60) width 100: "a bit of dummy "
          text run at (100,60) width 277: "text a bit of dummy text a bit of dummy text"
          text run at (0,80) width 138: "a bit of dummy text a "
          text run at (138,80) width 239: "bit of dummy text a bit of dummy text"
          text run at (0,100) width 175: "a bit of dummy text a bit of "
          text run at (175,100) width 202: "dummy text a bit of dummy text"
          text run at (0,120) width 227: "a bit of dummy text a bit of dummy "
          text run at (227,120) width 150: "text a bit of dummy text"
          text run at (0,140) width 265: "a bit of dummy text a bit of dummy text a "
          text run at (265,140) width 112: "bit of dummy text"
          text run at (0,160) width 302: "a bit of dummy text a bit of dummy text a bit of "
          text run at (302,160) width 75: "dummy text"
          text run at (0,180) width 354: "a bit of dummy text a bit of dummy text a bit of dummy "
          text run at (354,180) width 23: "text"
          text run at (0,200) width 377: "a bit of dummy text a bit of dummy text a bit of dummy text"
          text run at (0,220) width 11: "a "
          text run at (11,220) width 366: "bit of dummy text a bit of dummy text a bit of dummy text"
          text run at (0,240) width 48: "a bit of "
          text run at (48,240) width 329: "dummy text a bit of dummy text a bit of dummy text"
          text run at (0,260) width 100: "a bit of dummy "
          text run at (100,260) width 277: "text a bit of dummy text a bit of dummy text"
          text run at (0,280) width 138: "a bit of dummy text a "
          text run at (138,280) width 239: "bit of dummy text a bit of dummy text"
          text run at (0,300) width 175: "a bit of dummy text a bit of "
          text run at (175,300) width 202: "dummy text a bit of dummy text"
          text run at (0,320) width 227: "a bit of dummy text a bit of dummy "
          text run at (227,320) width 150: "text a bit of dummy text"
          text run at (0,340) width 265: "a bit of dummy text a bit of dummy text a "
          text run at (265,340) width 112: "bit of dummy text"
          text run at (0,360) width 302: "a bit of dummy text a bit of dummy text a bit of "
          text run at (302,360) width 75: "dummy text"
          text run at (0,380) width 354: "a bit of dummy text a bit of dummy text a bit of dummy "
          text run at (354,380) width 23: "text"
          text run at (0,400) width 377: "a bit of dummy text a bit of dummy text a bit of dummy text"
          text run at (0,420) width 11: "a "
          text run at (11,420) width 366: "bit of dummy text a bit of dummy text a bit of dummy text"
          text run at (0,440) width 48: "a bit of "
          text run at (48,440) width 329: "dummy text a bit of dummy text a bit of dummy text"
          text run at (0,460) width 100: "a bit of dummy "
          text run at (100,460) width 277: "text a bit of dummy text a bit of dummy text"
          text run at (0,480) width 138: "a bit of dummy text a "
          text run at (138,480) width 239: "bit of dummy text a bit of dummy text"
          text run at (0,500) width 175: "a bit of dummy text a bit of "
          text run at (175,500) width 202: "dummy text a bit of dummy text"
          text run at (0,520) width 227: "a bit of dummy text a bit of dummy "
          text run at (227,520) width 150: "text a bit of dummy text"
          text run at (0,540) width 227: "a bit of dummy text a bit of dummy "
          text run at (227,540) width 23: "text"
