layer at (0,0) size 800x600
  RenderView at (0,0) size 800x600
layer at (0,0) size 800x216
  RenderBlock {HTML} at (0,0) size 800x216
    RenderBody {BODY} at (8,16) size 784x192
      RenderBlock {P} at (0,0) size 784x20
        RenderText {#text} at (0,0) size 378x19
          text run at (0,0) width 378: "The square below should be exactly 50 pixels high on the ruler."
      RenderBlock {DIV} at (0,36) size 784x156
        RenderImage {IMG} at (45,0) size 50x50
