layer at (0,0) size 800x600
  RenderView at (0,0) size 800x600
layer at (0,0) size 800x96
  RenderBlock {HTML} at (0,0) size 800x96
    RenderBody {BODY} at (8,16) size 784x72
      RenderBlock {P} at (0,0) size 784x18
        RenderText {#text} at (0,0) size 292x17
          text run at (0,0) width 292: "The following two lines should look the same:"
      RenderBlock {DIV} at (0,34) size 784x19
        RenderInline {SPAN} at (0,0) size 9x17
          RenderInline (generated) at (0,0) size 9x17
            RenderCounter at (0,1) size 9x17
              text run at (0,1) width 9: "\x{10D0}"
        RenderText {#text} at (8,1) size 5x17
          text run at (8,1) width 5: " "
        RenderInline {SPAN} at (0,0) size 10x17
          RenderInline (generated) at (0,0) size 10x17
            RenderCounter at (12,1) size 10x17
              text run at (12,1) width 10: "\x{10D1}"
        RenderText {#text} at (21,1) size 5x17
          text run at (21,1) width 5: " "
        RenderInline {SPAN} at (0,0) size 10x17
          RenderInline (generated) at (0,0) size 10x17
            RenderCounter at (25,1) size 10x17
              text run at (25,1) width 10: "\x{10D2}"
        RenderText {#text} at (34,1) size 5x17
          text run at (34,1) width 5: " "
        RenderInline {SPAN} at (0,0) size 16x17
          RenderInline (generated) at (0,0) size 16x17
            RenderCounter at (38,1) size 16x17
              text run at (38,1) width 16: "\x{10D3}"
        RenderText {#text} at (53,1) size 5x17
          text run at (53,1) width 5: " "
        RenderInline {SPAN} at (0,0) size 9x17
          RenderInline (generated) at (0,0) size 9x17
            RenderCounter at (57,1) size 9x17
              text run at (57,1) width 9: "\x{10D4}"
        RenderText {#text} at (65,1) size 5x17
          text run at (65,1) width 5: " "
        RenderInline {SPAN} at (0,0) size 9x17
          RenderInline (generated) at (0,0) size 9x17
            RenderCounter at (69,1) size 9x17
              text run at (69,1) width 9: "\x{10D5}"
        RenderText {#text} at (77,1) size 5x17
          text run at (77,1) width 5: " "
        RenderInline {SPAN} at (0,0) size 13x17
          RenderInline (generated) at (0,0) size 13x17
            RenderCounter at (81,1) size 13x17
              text run at (81,1) width 13: "\x{10D6}"
        RenderText {#text} at (93,1) size 5x17
          text run at (93,1) width 5: " "
        RenderInline {SPAN} at (0,0) size 10x17
          RenderInline (generated) at (0,0) size 10x17
            RenderCounter at (97,1) size 10x17
              text run at (97,1) width 10: "\x{10F1}"
        RenderText {#text} at (106,1) size 5x17
          text run at (106,1) width 5: " "
        RenderInline {SPAN} at (0,0) size 16x17
          RenderInline (generated) at (0,0) size 16x17
            RenderCounter at (110,1) size 16x17
              text run at (110,1) width 16: "\x{10D7}"
        RenderText {#text} at (125,1) size 5x17
          text run at (125,1) width 5: " "
        RenderInline {SPAN} at (0,0) size 9x17
          RenderInline (generated) at (0,0) size 9x17
            RenderCounter at (129,1) size 9x17
              text run at (129,1) width 9: "\x{10D8}"
        RenderText {#text} at (137,1) size 5x17
          text run at (137,1) width 5: " "
        RenderInline {SPAN} at (0,0) size 18x17
          RenderInline (generated) at (0,0) size 18x17
            RenderCounter at (141,1) size 18x17
              text run at (141,1) width 18: "\x{10D8}\x{10D0}"
        RenderText {#text} at (158,1) size 5x17
          text run at (158,1) width 5: " "
        RenderInline {SPAN} at (0,0) size 19x17
          RenderInline (generated) at (0,0) size 19x17
            RenderCounter at (162,1) size 19x17
              text run at (162,1) width 19: "\x{10D8}\x{10D1}"
        RenderText {#text} at (180,1) size 5x17
          text run at (180,1) width 5: " "
        RenderInline {SPAN} at (0,0) size 7x17
          RenderInline (generated) at (0,0) size 7x17
            RenderCounter at (184,1) size 7x17
              text run at (184,1) width 7: "\x{10D9}"
        RenderText {#text} at (190,1) size 5x17
          text run at (190,1) width 5: " "
        RenderInline {SPAN} at (0,0) size 18x17
          RenderInline (generated) at (0,0) size 18x17
            RenderCounter at (194,1) size 18x17
              text run at (194,1) width 18: "\x{10DA}"
        RenderText {#text} at (211,1) size 5x17
          text run at (211,1) width 5: " "
        RenderInline {SPAN} at (0,0) size 10x17
          RenderInline (generated) at (0,0) size 10x17
            RenderCounter at (215,1) size 10x17
              text run at (215,1) width 10: "\x{10DB}"
        RenderText {#text} at (224,1) size 5x17
          text run at (224,1) width 5: " "
        RenderInline {SPAN} at (0,0) size 10x17
          RenderInline (generated) at (0,0) size 10x17
            RenderCounter at (228,1) size 10x17
              text run at (228,1) width 10: "\x{10DC}"
        RenderText {#text} at (237,1) size 5x17
          text run at (237,1) width 5: " "
        RenderInline {SPAN} at (0,0) size 10x17
          RenderInline (generated) at (0,0) size 10x17
            RenderCounter at (241,1) size 10x17
              text run at (241,1) width 10: "\x{10F2}"
        RenderText {#text} at (250,1) size 5x17
          text run at (250,1) width 5: " "
        RenderInline {SPAN} at (0,0) size 13x17
          RenderInline (generated) at (0,0) size 13x17
            RenderCounter at (254,1) size 13x17
              text run at (254,1) width 13: "\x{10DD}"
        RenderText {#text} at (266,1) size 5x17
          text run at (266,1) width 5: " "
        RenderInline {SPAN} at (0,0) size 8x17
          RenderInline (generated) at (0,0) size 8x17
            RenderCounter at (270,1) size 8x17
              text run at (270,1) width 8: "\x{10DE}"
        RenderText {#text} at (277,1) size 5x17
          text run at (277,1) width 5: " "
        RenderInline {SPAN} at (0,0) size 11x17
          RenderInline (generated) at (0,0) size 11x17
            RenderCounter at (281,1) size 11x17
              text run at (281,1) width 11: "\x{10DF}"
        RenderText {#text} at (291,1) size 5x17
          text run at (291,1) width 5: " "
        RenderInline {SPAN} at (0,0) size 13x17
          RenderInline (generated) at (0,0) size 13x17
            RenderCounter at (295,1) size 13x17
              text run at (295,1) width 13: "\x{10E0}"
        RenderText {#text} at (307,1) size 5x17
          text run at (307,1) width 5: " "
        RenderInline {SPAN} at (0,0) size 10x17
          RenderInline (generated) at (0,0) size 10x17
            RenderCounter at (311,1) size 10x17
              text run at (311,1) width 10: "\x{10E1}"
        RenderText {#text} at (320,1) size 5x17
          text run at (320,1) width 5: " "
        RenderInline {SPAN} at (0,0) size 13x17
          RenderInline (generated) at (0,0) size 13x17
            RenderCounter at (324,1) size 13x17
              text run at (324,1) width 13: "\x{10E2}"
        RenderText {#text} at (336,1) size 5x17
          text run at (336,1) width 5: " "
        RenderInline {SPAN} at (0,0) size 9x17
          RenderInline (generated) at (0,0) size 9x17
            RenderCounter at (340,1) size 9x17
              text run at (340,1) width 9: "\x{10F3}"
        RenderText {#text} at (348,1) size 5x17
          text run at (348,1) width 5: " "
        RenderInline {SPAN} at (0,0) size 15x17
          RenderInline (generated) at (0,0) size 15x17
            RenderCounter at (352,1) size 15x17
              text run at (352,1) width 15: "\x{10E4}"
        RenderText {#text} at (366,1) size 5x17
          text run at (366,1) width 5: " "
        RenderInline {SPAN} at (0,0) size 8x17
          RenderInline (generated) at (0,0) size 8x17
            RenderCounter at (370,1) size 8x17
              text run at (370,1) width 8: "\x{10E5}"
        RenderText {#text} at (377,1) size 5x17
          text run at (377,1) width 5: " "
        RenderInline {SPAN} at (0,0) size 12x17
          RenderInline (generated) at (0,0) size 12x17
            RenderCounter at (381,1) size 12x17
              text run at (381,1) width 12: "\x{10E6}"
        RenderText {#text} at (392,1) size 5x17
          text run at (392,1) width 5: " "
        RenderInline {SPAN} at (0,0) size 10x17
          RenderInline (generated) at (0,0) size 10x17
            RenderCounter at (396,1) size 10x17
              text run at (396,1) width 10: "\x{10E7}"
        RenderText {#text} at (405,1) size 5x17
          text run at (405,1) width 5: " "
        RenderInline {SPAN} at (0,0) size 10x17
          RenderInline (generated) at (0,0) size 10x17
            RenderCounter at (409,1) size 10x17
              text run at (409,1) width 10: "\x{10E8}"
        RenderText {#text} at (418,1) size 5x17
          text run at (418,1) width 5: " "
        RenderInline {SPAN} at (0,0) size 10x17
          RenderInline (generated) at (0,0) size 10x17
            RenderCounter at (422,1) size 10x17
              text run at (422,1) width 10: "\x{10E9}"
        RenderText {#text} at (431,1) size 5x17
          text run at (431,1) width 5: " "
        RenderInline {SPAN} at (0,0) size 10x17
          RenderInline (generated) at (0,0) size 10x17
            RenderCounter at (435,1) size 10x17
              text run at (435,1) width 10: "\x{10EA}"
        RenderText {#text} at (444,1) size 5x17
          text run at (444,1) width 5: " "
        RenderInline {SPAN} at (0,0) size 10x17
          RenderInline (generated) at (0,0) size 10x17
            RenderCounter at (448,1) size 10x17
              text run at (448,1) width 10: "\x{10EB}"
        RenderText {#text} at (457,1) size 5x17
          text run at (457,1) width 5: " "
        RenderInline {SPAN} at (0,0) size 9x17
          RenderInline (generated) at (0,0) size 9x17
            RenderCounter at (461,1) size 9x17
              text run at (461,1) width 9: "\x{10EC}"
        RenderText {#text} at (469,1) size 5x17
          text run at (469,1) width 5: " "
        RenderInline {SPAN} at (0,0) size 9x17
          RenderInline (generated) at (0,0) size 9x17
            RenderCounter at (473,1) size 9x17
              text run at (473,1) width 9: "\x{10ED}"
        RenderText {#text} at (481,1) size 5x17
          text run at (481,1) width 5: " "
        RenderInline {SPAN} at (0,0) size 10x17
          RenderInline (generated) at (0,0) size 10x17
            RenderCounter at (485,1) size 10x17
              text run at (485,1) width 10: "\x{10EE}"
        RenderText {#text} at (494,1) size 5x17
          text run at (494,1) width 5: " "
        RenderInline {SPAN} at (0,0) size 8x17
          RenderInline (generated) at (0,0) size 8x17
            RenderCounter at (498,1) size 8x17
              text run at (498,1) width 8: "\x{10F4}"
        RenderText {#text} at (505,1) size 5x17
          text run at (505,1) width 5: " "
        RenderInline {SPAN} at (0,0) size 12x17
          RenderInline (generated) at (0,0) size 12x17
            RenderCounter at (509,1) size 12x17
              text run at (509,1) width 12: "\x{10EF}"
        RenderText {#text} at (520,1) size 5x17
          text run at (520,1) width 5: " "
        RenderInline {SPAN} at (0,0) size 8x17
          RenderInline (generated) at (0,0) size 8x17
            RenderCounter at (524,1) size 8x17
              text run at (524,1) width 8: "\x{10F0}"
        RenderText {#text} at (531,1) size 5x17
          text run at (531,1) width 5: " "
        RenderInline {SPAN} at (0,0) size 10x17
          RenderInline (generated) at (0,0) size 10x17
            RenderCounter at (535,1) size 10x17
              text run at (535,1) width 10: "\x{10F5}"
        RenderText {#text} at (544,1) size 5x17
          text run at (544,1) width 5: " "
        RenderInline {SPAN} at (0,0) size 49x17
          RenderInline (generated) at (0,0) size 49x17
            RenderCounter at (548,1) size 49x17
              text run at (548,1) width 49: "\x{10F5}\x{10F0}\x{10E8}\x{10DF}\x{10D7}"
        RenderText {#text} at (0,0) size 0x0
      RenderBlock {DIV} at (0,53) size 784x19
        RenderText {#text} at (0,1) size 597x17
          text run at (0,1) width 13: "\x{10D0} "
          text run at (12,1) width 14: "\x{10D1} "
          text run at (25,1) width 14: "\x{10D2} "
          text run at (38,1) width 20: "\x{10D3} "
          text run at (57,1) width 13: "\x{10D4} "
          text run at (69,1) width 13: "\x{10D5} "
          text run at (81,1) width 17: "\x{10D6} "
          text run at (97,1) width 14: "\x{10F1} "
          text run at (110,1) width 20: "\x{10D7} "
          text run at (129,1) width 13: "\x{10D8} "
          text run at (141,1) width 22: "\x{10D8}\x{10D0} "
          text run at (162,1) width 23: "\x{10D8}\x{10D1} "
          text run at (184,1) width 11: "\x{10D9} "
          text run at (194,1) width 22: "\x{10DA} "
          text run at (215,1) width 14: "\x{10DB} "
          text run at (228,1) width 14: "\x{10DC} "
          text run at (241,1) width 14: "\x{10F2} "
          text run at (254,1) width 17: "\x{10DD} "
          text run at (270,1) width 12: "\x{10DE} "
          text run at (281,1) width 15: "\x{10DF} "
          text run at (295,1) width 17: "\x{10E0} "
          text run at (311,1) width 14: "\x{10E1} "
          text run at (324,1) width 17: "\x{10E2} "
          text run at (340,1) width 13: "\x{10F3} "
          text run at (352,1) width 19: "\x{10E4} "
          text run at (370,1) width 12: "\x{10E5} "
          text run at (381,1) width 16: "\x{10E6} "
          text run at (396,1) width 14: "\x{10E7} "
          text run at (409,1) width 14: "\x{10E8} "
          text run at (422,1) width 14: "\x{10E9} "
          text run at (435,1) width 14: "\x{10EA} "
          text run at (448,1) width 14: "\x{10EB} "
          text run at (461,1) width 13: "\x{10EC} "
          text run at (473,1) width 13: "\x{10ED} "
          text run at (485,1) width 14: "\x{10EE} "
          text run at (498,1) width 12: "\x{10F4} "
          text run at (509,1) width 16: "\x{10EF} "
          text run at (524,1) width 12: "\x{10F0} "
          text run at (535,1) width 14: "\x{10F5} "
          text run at (548,1) width 49: "\x{10F5}\x{10F0}\x{10E8}\x{10DF}\x{10D7}"
