layer at (0,0) size 800x600
  RenderView at (0,0) size 800x600
layer at (0,0) size 800x100
  RenderBlock {HTML} at (0,0) size 800x100
    RenderBody {BODY} at (8,16) size 784x76
      RenderBlock {P} at (0,0) size 784x20
        RenderText {#text} at (0,0) size 272x19
          text run at (0,0) width 272: "The following two lines should look the same:"
      RenderBlock {DIV} at (0,36) size 784x20
        RenderInline {SPAN} at (0,0) size 11x19
          RenderInline (generated) at (0,0) size 11x19
            RenderCounter at (0,0) size 11x19
              text run at (0,0) width 11: "A"
        RenderText {#text} at (11,0) size 4x19
          text run at (11,0) width 4: " "
        RenderInline {SPAN} at (0,0) size 10x19
          RenderInline (generated) at (0,0) size 10x19
            RenderCounter at (15,0) size 10x19
              text run at (15,0) width 10: "B"
        RenderText {#text} at (25,0) size 4x19
          text run at (25,0) width 4: " "
        RenderInline {SPAN} at (0,0) size 11x19
          RenderInline (generated) at (0,0) size 11x19
            RenderCounter at (29,0) size 11x19
              text run at (29,0) width 11: "C"
        RenderText {#text} at (40,0) size 4x19
          text run at (40,0) width 4: " "
        RenderInline {SPAN} at (0,0) size 11x19
          RenderInline (generated) at (0,0) size 11x19
            RenderCounter at (44,0) size 11x19
              text run at (44,0) width 11: "D"
        RenderText {#text} at (55,0) size 4x19
          text run at (55,0) width 4: " "
        RenderInline {SPAN} at (0,0) size 9x19
          RenderInline (generated) at (0,0) size 9x19
            RenderCounter at (59,0) size 9x19
              text run at (59,0) width 9: "E"
        RenderText {#text} at (68,0) size 4x19
          text run at (68,0) width 4: " "
        RenderInline {SPAN} at (0,0) size 9x19
          RenderInline (generated) at (0,0) size 9x19
            RenderCounter at (72,0) size 9x19
              text run at (72,0) width 9: "F"
        RenderText {#text} at (81,0) size 4x19
          text run at (81,0) width 4: " "
        RenderInline {SPAN} at (0,0) size 11x19
          RenderInline (generated) at (0,0) size 11x19
            RenderCounter at (85,0) size 11x19
              text run at (85,0) width 11: "G"
        RenderText {#text} at (96,0) size 4x19
          text run at (96,0) width 4: " "
        RenderInline {SPAN} at (0,0) size 11x19
          RenderInline (generated) at (0,0) size 11x19
            RenderCounter at (100,0) size 11x19
              text run at (100,0) width 11: "H"
        RenderText {#text} at (111,0) size 4x19
          text run at (111,0) width 4: " "
        RenderInline {SPAN} at (0,0) size 5x19
          RenderInline (generated) at (0,0) size 5x19
            RenderCounter at (115,0) size 5x19
              text run at (115,0) width 5: "I"
        RenderText {#text} at (120,0) size 4x19
          text run at (120,0) width 4: " "
        RenderInline {SPAN} at (0,0) size 6x19
          RenderInline (generated) at (0,0) size 6x19
            RenderCounter at (124,0) size 6x19
              text run at (124,0) width 6: "J"
        RenderText {#text} at (130,0) size 4x19
          text run at (130,0) width 4: " "
        RenderInline {SPAN} at (0,0) size 12x19
          RenderInline (generated) at (0,0) size 12x19
            RenderCounter at (134,0) size 12x19
              text run at (134,0) width 12: "K"
        RenderText {#text} at (146,0) size 4x19
          text run at (146,0) width 4: " "
        RenderInline {SPAN} at (0,0) size 9x19
          RenderInline (generated) at (0,0) size 9x19
            RenderCounter at (150,0) size 9x19
              text run at (150,0) width 9: "L"
        RenderText {#text} at (0,0) size 0x0
      RenderBlock {DIV} at (0,56) size 784x20
        RenderText {#text} at (0,0) size 159x19
          text run at (0,0) width 15: "A "
          text run at (15,0) width 14: "B "
          text run at (29,0) width 15: "C "
          text run at (44,0) width 15: "D "
          text run at (59,0) width 13: "E "
          text run at (72,0) width 13: "F "
          text run at (85,0) width 15: "G "
          text run at (100,0) width 15: "H "
          text run at (115,0) width 9: "I "
          text run at (124,0) width 10: "J "
          text run at (134,0) width 16: "K "
          text run at (150,0) width 9: "L"
