layer at (0,0) size 800x600
  RenderView at (0,0) size 800x600
layer at (0,0) size 800x102
  RenderBlock {HTML} at (0,0) size 800x102
    RenderBody {BODY} at (8,16) size 784x78
      RenderBlock {P} at (0,0) size 784x20
        RenderText {#text} at (0,0) size 233x19
          text run at (0,0) width 233: "The following two lines should look "
        RenderInline {EM} at (0,0) size 91x19
          RenderText {#text} at (233,0) size 91x19
            text run at (233,0) width 91: "approximately"
        RenderText {#text} at (324,0) size 63x19
          text run at (324,0) width 63: " the same:"
      RenderBlock {DIV} at (0,36) size 784x20
        RenderInline {SPAN} at (0,0) size 24x19
          RenderInline (generated) at (0,0) size 24x19
            RenderCounter at (0,0) size 24x19
              text run at (0,0) width 24: "\x{25A0}.\x{25A0}"
        RenderText {#text} at (24,0) size 4x19
          text run at (24,0) width 4: " "
        RenderInline {SPAN} at (0,0) size 24x19
          RenderInline (generated) at (0,0) size 24x19
            RenderCounter at (28,0) size 24x19
              text run at (28,0) width 24: "\x{25A0}.\x{25A0}"
        RenderText {#text} at (52,0) size 4x19
          text run at (52,0) width 4: " "
        RenderInline {SPAN} at (0,0) size 24x19
          RenderInline (generated) at (0,0) size 24x19
            RenderCounter at (56,0) size 24x19
              text run at (56,0) width 24: "\x{25A0}.\x{25A0}"
        RenderText {#text} at (80,0) size 4x19
          text run at (80,0) width 4: " "
        RenderInline {SPAN} at (0,0) size 24x19
          RenderInline (generated) at (0,0) size 24x19
            RenderCounter at (84,0) size 24x19
              text run at (84,0) width 24: "\x{25A0}.\x{25A0}"
        RenderText {#text} at (108,0) size 4x19
          text run at (108,0) width 4: " "
        RenderInline {SPAN} at (0,0) size 24x19
          RenderInline (generated) at (0,0) size 24x19
            RenderCounter at (112,0) size 24x19
              text run at (112,0) width 24: "\x{25A0}.\x{25A0}"
        RenderText {#text} at (136,0) size 4x19
          text run at (136,0) width 4: " "
        RenderInline {SPAN} at (0,0) size 24x19
          RenderInline (generated) at (0,0) size 24x19
            RenderCounter at (140,0) size 24x19
              text run at (140,0) width 24: "\x{25A0}.\x{25A0}"
        RenderText {#text} at (164,0) size 4x19
          text run at (164,0) width 4: " "
        RenderInline {SPAN} at (0,0) size 24x19
          RenderInline (generated) at (0,0) size 24x19
            RenderCounter at (168,0) size 24x19
              text run at (168,0) width 24: "\x{25A0}.\x{25A0}"
        RenderText {#text} at (192,0) size 4x19
          text run at (192,0) width 4: " "
        RenderInline {SPAN} at (0,0) size 24x19
          RenderInline (generated) at (0,0) size 24x19
            RenderCounter at (196,0) size 24x19
              text run at (196,0) width 24: "\x{25A0}.\x{25A0}"
        RenderText {#text} at (220,0) size 4x19
          text run at (220,0) width 4: " "
        RenderInline {SPAN} at (0,0) size 24x19
          RenderInline (generated) at (0,0) size 24x19
            RenderCounter at (224,0) size 24x19
              text run at (224,0) width 24: "\x{25A0}.\x{25A0}"
        RenderText {#text} at (248,0) size 4x19
          text run at (248,0) width 4: " "
        RenderInline {SPAN} at (0,0) size 24x19
          RenderInline (generated) at (0,0) size 24x19
            RenderCounter at (252,0) size 24x19
              text run at (252,0) width 24: "\x{25A0}.\x{25A0}"
        RenderText {#text} at (276,0) size 4x19
          text run at (276,0) width 4: " "
        RenderInline {SPAN} at (0,0) size 24x19
          RenderInline (generated) at (0,0) size 24x19
            RenderCounter at (280,0) size 24x19
              text run at (280,0) width 24: "\x{25A0}.\x{25A0}"
        RenderText {#text} at (304,0) size 4x19
          text run at (304,0) width 4: " "
        RenderInline {SPAN} at (0,0) size 24x19
          RenderInline (generated) at (0,0) size 24x19
            RenderCounter at (308,0) size 24x19
              text run at (308,0) width 24: "\x{25A0}.\x{25A0}"
        RenderText {#text} at (0,0) size 0x0
      RenderBlock {DIV} at (0,56) size 784x22
        RenderText {#text} at (0,2) size 428x19
          text run at (0,2) width 36: "\x{25FE}.\x{25FE} "
          text run at (36,2) width 36: "\x{25FE}.\x{25FE} "
          text run at (72,2) width 36: "\x{25FE}.\x{25FE} "
          text run at (108,2) width 36: "\x{25FE}.\x{25FE} "
          text run at (144,2) width 36: "\x{25FE}.\x{25FE} "
          text run at (180,2) width 36: "\x{25FE}.\x{25FE} "
          text run at (216,2) width 36: "\x{25FE}.\x{25FE} "
          text run at (252,2) width 36: "\x{25FE}.\x{25FE} "
          text run at (288,2) width 36: "\x{25FE}.\x{25FE} "
          text run at (324,2) width 36: "\x{25FE}.\x{25FE} "
          text run at (360,2) width 36: "\x{25FE}.\x{25FE} "
          text run at (396,2) width 32: "\x{25FE}.\x{25FE}"
