layer at (0,0) size 800x600
  RenderView at (0,0) size 800x600
layer at (0,0) size 800x100
  RenderBlock {HTML} at (0,0) size 800x100
    RenderBody {BODY} at (8,16) size 784x76
      RenderBlock {P} at (0,0) size 784x20
        RenderText {#text} at (0,0) size 256x19
          text run at (0,0) width 256: "The following two lines should be identical:"
      RenderBlock {DIV} at (0,36) size 784x20
        RenderInline {SPAN} at (0,0) size 12x19
          RenderInline (generated) at (0,0) size 12x19
            RenderCounter at (0,0) size 8x19
              text run at (0,0) width 8: "0"
            RenderText at (8,0) size 4x19
              text run at (8,0) width 4: " "
        RenderInline {SPAN} at (0,0) size 8x19
          RenderInline {SPAN} at (0,0) size 8x19
            RenderInline (generated) at (0,0) size 8x19
              RenderCounter at (12,0) size 8x19
                text run at (12,0) width 8: "1"
              RenderText at (0,0) size 0x0
      RenderBlock {DIV} at (0,56) size 784x20
        RenderText {#text} at (0,0) size 20x19
          text run at (0,0) width 20: "0 1"
