layer at (0,0) size 800x600
  RenderView at (0,0) size 800x600
layer at (0,0) size 800x100
  RenderBlock {HTML} at (0,0) size 800x100
    RenderBody {BODY} at (8,16) size 784x76
      RenderBlock {P} at (0,0) size 784x20
        RenderText {#text} at (0,0) size 260x19
          text run at (0,0) width 260: "The following two lines should be the same:"
      RenderBlock {DIV} at (0,36) size 784x20
        RenderInline {SPAN} at (0,0) size 195x19
          RenderInline (generated) at (0,0) size 24x19
            RenderText at (0,0) size 10x19
              text run at (0,0) width 10: "B"
            RenderCounter at (10,0) size 8x19
              text run at (10,0) width 8: "1"
            RenderText at (18,0) size 6x19
              text run at (18,0) width 6: "-"
          RenderInline {SPAN} at (0,0) size 146x19
            RenderInline (generated) at (0,0) size 36x19
              RenderText at (24,0) size 10x19
                text run at (24,0) width 10: "B"
              RenderCounter at (34,0) size 20x19
                text run at (34,0) width 20: "1.1"
              RenderText at (54,0) size 6x19
                text run at (54,0) width 6: "-"
            RenderInline {SPAN} at (0,0) size 73x19
              RenderInline (generated) at (0,0) size 36x19
                RenderText at (60,0) size 10x19
                  text run at (60,0) width 10: "B"
                RenderCounter at (70,0) size 20x19
                  text run at (70,0) width 20: "1.2"
                RenderText at (90,0) size 6x19
                  text run at (90,0) width 6: "-"
              RenderInline (generated) at (0,0) size 37x19
                RenderText at (96,0) size 11x19
                  text run at (96,0) width 11: "A"
                RenderCounter at (107,0) size 20x19
                  text run at (107,0) width 20: "1.3"
                RenderText at (127,0) size 6x19
                  text run at (127,0) width 6: "-"
            RenderInline (generated) at (0,0) size 37x19
              RenderText at (133,0) size 11x19
                text run at (133,0) width 11: "A"
              RenderCounter at (144,0) size 20x19
                text run at (144,0) width 20: "1.4"
              RenderText at (164,0) size 6x19
                text run at (164,0) width 6: "-"
          RenderInline (generated) at (0,0) size 25x19
            RenderText at (170,0) size 11x19
              text run at (170,0) width 11: "A"
            RenderCounter at (181,0) size 8x19
              text run at (181,0) width 8: "2"
            RenderText at (189,0) size 6x19
              text run at (189,0) width 6: "-"
      RenderBlock {DIV} at (0,56) size 784x20
        RenderText {#text} at (0,0) size 195x19
          text run at (0,0) width 195: "B1-B1.1-B1.2-A1.3-A1.4-A2-"
