layer at (0,0) size 800x600
  RenderView at (0,0) size 800x600
layer at (0,0) size 800x100
  RenderBlock {HTML} at (0,0) size 800x100
    RenderBody {BODY} at (8,16) size 784x76
      RenderBlock {P} at (0,0) size 784x20
        RenderText {#text} at (0,0) size 272x19
          text run at (0,0) width 272: "The following two lines should look the same:"
      RenderBlock {DIV} at (0,36) size 784x20
        RenderInline {SPAN} at (0,0) size 8x19
          RenderInline (generated) at (0,0) size 8x19
            RenderCounter at (0,0) size 8x19
              text run at (0,0) width 8: "1"
        RenderText {#text} at (8,0) size 4x19
          text run at (8,0) width 4: " "
        RenderInline {SPAN} at (0,0) size 8x19
          RenderInline (generated) at (0,0) size 8x19
            RenderCounter at (12,0) size 8x19
              text run at (12,0) width 8: "2"
        RenderText {#text} at (20,0) size 4x19
          text run at (20,0) width 4: " "
        RenderInline {SPAN} at (0,0) size 8x19
          RenderInline (generated) at (0,0) size 8x19
            RenderCounter at (24,0) size 8x19
              text run at (24,0) width 8: "3"
        RenderText {#text} at (32,0) size 4x19
          text run at (32,0) width 4: " "
        RenderInline {SPAN} at (0,0) size 8x19
          RenderInline (generated) at (0,0) size 8x19
            RenderCounter at (36,0) size 8x19
              text run at (36,0) width 8: "4"
        RenderText {#text} at (44,0) size 4x19
          text run at (44,0) width 4: " "
        RenderInline {SPAN} at (0,0) size 8x19
          RenderInline (generated) at (0,0) size 8x19
            RenderCounter at (48,0) size 8x19
              text run at (48,0) width 8: "5"
        RenderText {#text} at (56,0) size 4x19
          text run at (56,0) width 4: " "
        RenderInline {SPAN} at (0,0) size 8x19
          RenderInline (generated) at (0,0) size 8x19
            RenderCounter at (60,0) size 8x19
              text run at (60,0) width 8: "6"
        RenderText {#text} at (68,0) size 4x19
          text run at (68,0) width 4: " "
        RenderInline {SPAN} at (0,0) size 8x19
          RenderInline (generated) at (0,0) size 8x19
            RenderCounter at (72,0) size 8x19
              text run at (72,0) width 8: "7"
        RenderText {#text} at (80,0) size 4x19
          text run at (80,0) width 4: " "
        RenderInline {SPAN} at (0,0) size 8x19
          RenderInline (generated) at (0,0) size 8x19
            RenderCounter at (84,0) size 8x19
              text run at (84,0) width 8: "8"
        RenderText {#text} at (92,0) size 4x19
          text run at (92,0) width 4: " "
        RenderInline {SPAN} at (0,0) size 8x19
          RenderInline (generated) at (0,0) size 8x19
            RenderCounter at (96,0) size 8x19
              text run at (96,0) width 8: "9"
        RenderText {#text} at (104,0) size 4x19
          text run at (104,0) width 4: " "
        RenderInline {SPAN} at (0,0) size 16x19
          RenderInline (generated) at (0,0) size 16x19
            RenderCounter at (108,0) size 16x19
              text run at (108,0) width 16: "10"
        RenderText {#text} at (124,0) size 4x19
          text run at (124,0) width 4: " "
        RenderInline {SPAN} at (0,0) size 16x19
          RenderInline (generated) at (0,0) size 16x19
            RenderCounter at (128,0) size 16x19
              text run at (128,0) width 16: "11"
        RenderText {#text} at (144,0) size 4x19
          text run at (144,0) width 4: " "
        RenderInline {SPAN} at (0,0) size 16x19
          RenderInline (generated) at (0,0) size 16x19
            RenderCounter at (148,0) size 16x19
              text run at (148,0) width 16: "12"
        RenderText {#text} at (0,0) size 0x0
      RenderBlock {DIV} at (0,56) size 784x20
        RenderText {#text} at (0,0) size 164x19
          text run at (0,0) width 12: "1 "
          text run at (12,0) width 12: "2 "
          text run at (24,0) width 12: "3 "
          text run at (36,0) width 12: "4 "
          text run at (48,0) width 12: "5 "
          text run at (60,0) width 12: "6 "
          text run at (72,0) width 12: "7 "
          text run at (84,0) width 12: "8 "
          text run at (96,0) width 12: "9 "
          text run at (108,0) width 20: "10 "
          text run at (128,0) width 20: "11 "
          text run at (148,0) width 16: "12"
