layer at (0,0) size 800x600
  RenderView at (0,0) size 800x600
layer at (0,0) size 800x100
  RenderBlock {HTML} at (0,0) size 800x100
    RenderBody {BODY} at (8,16) size 784x76
      RenderBlock {P} at (0,0) size 784x20
        RenderText {#text} at (0,0) size 272x19
          text run at (0,0) width 272: "The following two lines should look the same:"
      RenderBlock {DIV} at (0,36) size 784x20
        RenderInline {SPAN} at (0,0) size 20x19
          RenderInline (generated) at (0,0) size 20x19
            RenderCounter at (0,0) size 20x19
              text run at (0,0) width 20: "\x{3B1}.\x{3B1}"
        RenderText {#text} at (20,0) size 4x19
          text run at (20,0) width 4: " "
        RenderInline {SPAN} at (0,0) size 20x19
          RenderInline (generated) at (0,0) size 20x19
            RenderCounter at (24,0) size 20x19
              text run at (24,0) width 20: "\x{3B1}.\x{3B2}"
        RenderText {#text} at (44,0) size 4x19
          text run at (44,0) width 4: " "
        RenderInline {SPAN} at (0,0) size 19x19
          RenderInline (generated) at (0,0) size 19x19
            RenderCounter at (48,0) size 19x19
              text run at (48,0) width 19: "\x{3B1}.\x{3B3}"
        RenderText {#text} at (67,0) size 4x19
          text run at (67,0) width 4: " "
        RenderInline {SPAN} at (0,0) size 20x19
          RenderInline (generated) at (0,0) size 20x19
            RenderCounter at (71,0) size 20x19
              text run at (71,0) width 20: "\x{3B1}.\x{3B4}"
        RenderText {#text} at (91,0) size 4x19
          text run at (91,0) width 4: " "
        RenderInline {SPAN} at (0,0) size 19x19
          RenderInline (generated) at (0,0) size 19x19
            RenderCounter at (95,0) size 19x19
              text run at (95,0) width 19: "\x{3B1}.\x{3B5}"
        RenderText {#text} at (114,0) size 4x19
          text run at (114,0) width 4: " "
        RenderInline {SPAN} at (0,0) size 19x19
          RenderInline (generated) at (0,0) size 19x19
            RenderCounter at (118,0) size 19x19
              text run at (118,0) width 19: "\x{3B1}.\x{3B6}"
        RenderText {#text} at (137,0) size 4x19
          text run at (137,0) width 4: " "
        RenderInline {SPAN} at (0,0) size 20x19
          RenderInline (generated) at (0,0) size 20x19
            RenderCounter at (141,0) size 20x19
              text run at (141,0) width 20: "\x{3B1}.\x{3B7}"
        RenderText {#text} at (161,0) size 4x19
          text run at (161,0) width 4: " "
        RenderInline {SPAN} at (0,0) size 20x19
          RenderInline (generated) at (0,0) size 20x19
            RenderCounter at (165,0) size 20x19
              text run at (165,0) width 20: "\x{3B1}.\x{3B8}"
        RenderText {#text} at (185,0) size 4x19
          text run at (185,0) width 4: " "
        RenderInline {SPAN} at (0,0) size 16x19
          RenderInline (generated) at (0,0) size 16x19
            RenderCounter at (189,0) size 16x19
              text run at (189,0) width 16: "\x{3B1}.\x{3B9}"
        RenderText {#text} at (205,0) size 4x19
          text run at (205,0) width 4: " "
        RenderInline {SPAN} at (0,0) size 20x19
          RenderInline (generated) at (0,0) size 20x19
            RenderCounter at (209,0) size 20x19
              text run at (209,0) width 20: "\x{3B1}.\x{3BA}"
        RenderText {#text} at (229,0) size 4x19
          text run at (229,0) width 4: " "
        RenderInline {SPAN} at (0,0) size 20x19
          RenderInline (generated) at (0,0) size 20x19
            RenderCounter at (233,0) size 20x19
              text run at (233,0) width 20: "\x{3B1}.\x{3BB}"
        RenderText {#text} at (253,0) size 4x19
          text run at (253,0) width 4: " "
        RenderInline {SPAN} at (0,0) size 21x19
          RenderInline (generated) at (0,0) size 21x19
            RenderCounter at (257,0) size 21x19
              text run at (257,0) width 21: "\x{3B1}.\x{3BC}"
        RenderText {#text} at (0,0) size 0x0
      RenderBlock {DIV} at (0,56) size 784x20
        RenderText {#text} at (0,0) size 278x19
          text run at (0,0) width 24: "\x{3B1}.\x{3B1} "
          text run at (24,0) width 24: "\x{3B1}.\x{3B2} "
          text run at (48,0) width 23: "\x{3B1}.\x{3B3} "
          text run at (71,0) width 24: "\x{3B1}.\x{3B4} "
          text run at (95,0) width 23: "\x{3B1}.\x{3B5} "
          text run at (118,0) width 23: "\x{3B1}.\x{3B6} "
          text run at (141,0) width 24: "\x{3B1}.\x{3B7} "
          text run at (165,0) width 24: "\x{3B1}.\x{3B8} "
          text run at (189,0) width 20: "\x{3B1}.\x{3B9} "
          text run at (209,0) width 24: "\x{3B1}.\x{3BA} "
          text run at (233,0) width 24: "\x{3B1}.\x{3BB} "
          text run at (257,0) width 21: "\x{3B1}.\x{3BC}"
