layer at (0,0) size 800x600
  RenderView at (0,0) size 800x600
layer at (0,0) size 800x100
  RenderBlock {HTML} at (0,0) size 800x100
    RenderBody {BODY} at (8,16) size 784x76
      RenderBlock {P} at (0,0) size 784x20
        RenderText {#text} at (0,0) size 216x19
          text run at (0,0) width 216: "The following two lines should look "
        RenderInline {EM} at (0,0) size 93x19
          RenderText {#text} at (216,0) size 93x19
            text run at (216,0) width 93: "approximately"
        RenderText {#text} at (309,0) size 60x19
          text run at (309,0) width 60: " the same:"
      RenderBlock {DIV} at (0,36) size 784x20
        RenderInline {SPAN} at (0,0) size 10x19
          RenderInline (generated) at (0,0) size 10x19
            RenderCounter at (0,0) size 4x19
              text run at (0,0) width 4: "."
            RenderText at (4,0) size 6x19
              text run at (4,0) width 6: "z"
        RenderText {#text} at (10,0) size 4x19
          text run at (10,0) width 4: " "
        RenderInline {SPAN} at (0,0) size 10x19
          RenderInline (generated) at (0,0) size 10x19
            RenderCounter at (14,0) size 4x19
              text run at (14,0) width 4: "."
            RenderText at (18,0) size 6x19
              text run at (18,0) width 6: "z"
        RenderText {#text} at (24,0) size 4x19
          text run at (24,0) width 4: " "
        RenderInline {SPAN} at (0,0) size 10x19
          RenderInline (generated) at (0,0) size 10x19
            RenderCounter at (28,0) size 4x19
              text run at (28,0) width 4: "."
            RenderText at (32,0) size 6x19
              text run at (32,0) width 6: "z"
        RenderText {#text} at (38,0) size 4x19
          text run at (38,0) width 4: " "
        RenderInline {SPAN} at (0,0) size 10x19
          RenderInline (generated) at (0,0) size 10x19
            RenderCounter at (42,0) size 4x19
              text run at (42,0) width 4: "."
            RenderText at (46,0) size 6x19
              text run at (46,0) width 6: "z"
        RenderText {#text} at (52,0) size 4x19
          text run at (52,0) width 4: " "
        RenderInline {SPAN} at (0,0) size 10x19
          RenderInline (generated) at (0,0) size 10x19
            RenderCounter at (56,0) size 4x19
              text run at (56,0) width 4: "."
            RenderText at (60,0) size 6x19
              text run at (60,0) width 6: "z"
        RenderText {#text} at (66,0) size 4x19
          text run at (66,0) width 4: " "
        RenderInline {SPAN} at (0,0) size 10x19
          RenderInline (generated) at (0,0) size 10x19
            RenderCounter at (70,0) size 4x19
              text run at (70,0) width 4: "."
            RenderText at (74,0) size 6x19
              text run at (74,0) width 6: "z"
        RenderText {#text} at (80,0) size 4x19
          text run at (80,0) width 4: " "
        RenderInline {SPAN} at (0,0) size 10x19
          RenderInline (generated) at (0,0) size 10x19
            RenderCounter at (84,0) size 4x19
              text run at (84,0) width 4: "."
            RenderText at (88,0) size 6x19
              text run at (88,0) width 6: "z"
        RenderText {#text} at (94,0) size 4x19
          text run at (94,0) width 4: " "
        RenderInline {SPAN} at (0,0) size 10x19
          RenderInline (generated) at (0,0) size 10x19
            RenderCounter at (98,0) size 4x19
              text run at (98,0) width 4: "."
            RenderText at (102,0) size 6x19
              text run at (102,0) width 6: "z"
        RenderText {#text} at (108,0) size 4x19
          text run at (108,0) width 4: " "
        RenderInline {SPAN} at (0,0) size 10x19
          RenderInline (generated) at (0,0) size 10x19
            RenderCounter at (112,0) size 4x19
              text run at (112,0) width 4: "."
            RenderText at (116,0) size 6x19
              text run at (116,0) width 6: "z"
        RenderText {#text} at (122,0) size 4x19
          text run at (122,0) width 4: " "
        RenderInline {SPAN} at (0,0) size 10x19
          RenderInline (generated) at (0,0) size 10x19
            RenderCounter at (126,0) size 4x19
              text run at (126,0) width 4: "."
            RenderText at (130,0) size 6x19
              text run at (130,0) width 6: "z"
        RenderText {#text} at (136,0) size 4x19
          text run at (136,0) width 4: " "
        RenderInline {SPAN} at (0,0) size 10x19
          RenderInline (generated) at (0,0) size 10x19
            RenderCounter at (140,0) size 4x19
              text run at (140,0) width 4: "."
            RenderText at (144,0) size 6x19
              text run at (144,0) width 6: "z"
        RenderText {#text} at (150,0) size 4x19
          text run at (150,0) width 4: " "
        RenderInline {SPAN} at (0,0) size 10x19
          RenderInline (generated) at (0,0) size 10x19
            RenderCounter at (154,0) size 4x19
              text run at (154,0) width 4: "."
            RenderText at (158,0) size 6x19
              text run at (158,0) width 6: "z"
        RenderText {#text} at (0,0) size 0x0
      RenderBlock {DIV} at (0,56) size 784x20
        RenderText {#text} at (0,0) size 164x19
          text run at (0,0) width 14: ".z "
          text run at (14,0) width 14: ".z "
          text run at (28,0) width 14: ".z "
          text run at (42,0) width 14: ".z "
          text run at (56,0) width 14: ".z "
          text run at (70,0) width 14: ".z "
          text run at (84,0) width 14: ".z "
          text run at (98,0) width 14: ".z "
          text run at (112,0) width 14: ".z "
          text run at (126,0) width 14: ".z "
          text run at (140,0) width 14: ".z "
          text run at (154,0) width 10: ".z"
