layer at (0,0) size 800x600
  RenderView at (0,0) size 800x600
layer at (0,0) size 800x100
  RenderBlock {HTML} at (0,0) size 800x100
    RenderBody {BODY} at (8,16) size 784x76
      RenderBlock {P} at (0,0) size 784x20
        RenderText {#text} at (0,0) size 292x19
          text run at (0,0) width 292: "The following two lines should look the same:"
      RenderBlock {DIV} at (0,36) size 784x20
        RenderInline {SPAN} at (0,0) size 5x19
          RenderInline (generated) at (0,0) size 5x19
            RenderCounter at (0,0) size 5x19
              text run at (0,0) width 5: "I"
        RenderText {#text} at (5,0) size 4x19
          text run at (5,0) width 4: " "
        RenderInline {SPAN} at (0,0) size 10x19
          RenderInline (generated) at (0,0) size 10x19
            RenderCounter at (9,0) size 10x19
              text run at (9,0) width 10: "II"
        RenderText {#text} at (19,0) size 4x19
          text run at (19,0) width 4: " "
        RenderInline {SPAN} at (0,0) size 15x19
          RenderInline (generated) at (0,0) size 15x19
            RenderCounter at (23,0) size 15x19
              text run at (23,0) width 15: "III"
        RenderText {#text} at (38,0) size 4x19
          text run at (38,0) width 4: " "
        RenderInline {SPAN} at (0,0) size 17x19
          RenderInline (generated) at (0,0) size 17x19
            RenderCounter at (42,0) size 17x19
              text run at (42,0) width 17: "IV"
        RenderText {#text} at (59,0) size 4x19
          text run at (59,0) width 4: " "
        RenderInline {SPAN} at (0,0) size 11x19
          RenderInline (generated) at (0,0) size 11x19
            RenderCounter at (63,0) size 11x19
              text run at (63,0) width 11: "V"
        RenderText {#text} at (74,0) size 4x19
          text run at (74,0) width 4: " "
        RenderInline {SPAN} at (0,0) size 17x19
          RenderInline (generated) at (0,0) size 17x19
            RenderCounter at (78,0) size 17x19
              text run at (78,0) width 17: "VI"
        RenderText {#text} at (95,0) size 4x19
          text run at (95,0) width 4: " "
        RenderInline {SPAN} at (0,0) size 22x19
          RenderInline (generated) at (0,0) size 22x19
            RenderCounter at (99,0) size 22x19
              text run at (99,0) width 22: "VII"
        RenderText {#text} at (121,0) size 4x19
          text run at (121,0) width 4: " "
        RenderInline {SPAN} at (0,0) size 27x19
          RenderInline (generated) at (0,0) size 27x19
            RenderCounter at (125,0) size 27x19
              text run at (125,0) width 27: "VIII"
        RenderText {#text} at (152,0) size 4x19
          text run at (152,0) width 4: " "
        RenderInline {SPAN} at (0,0) size 17x19
          RenderInline (generated) at (0,0) size 17x19
            RenderCounter at (156,0) size 17x19
              text run at (156,0) width 17: "IX"
        RenderText {#text} at (173,0) size 4x19
          text run at (173,0) width 4: " "
        RenderInline {SPAN} at (0,0) size 11x19
          RenderInline (generated) at (0,0) size 11x19
            RenderCounter at (177,0) size 11x19
              text run at (177,0) width 11: "X"
        RenderText {#text} at (188,0) size 4x19
          text run at (188,0) width 4: " "
        RenderInline {SPAN} at (0,0) size 17x19
          RenderInline (generated) at (0,0) size 17x19
            RenderCounter at (192,0) size 17x19
              text run at (192,0) width 17: "XI"
        RenderText {#text} at (209,0) size 4x19
          text run at (209,0) width 4: " "
        RenderInline {SPAN} at (0,0) size 22x19
          RenderInline (generated) at (0,0) size 22x19
            RenderCounter at (213,0) size 22x19
              text run at (213,0) width 22: "XII"
        RenderText {#text} at (235,0) size 4x19
          text run at (235,0) width 4: " "
        RenderInline {SPAN} at (0,0) size 39x19
          RenderInline (generated) at (0,0) size 39x19
            RenderCounter at (239,0) size 39x19
              text run at (239,0) width 39: "XLIX"
        RenderText {#text} at (278,0) size 4x19
          text run at (278,0) width 4: " "
        RenderInline {SPAN} at (0,0) size 9x19
          RenderInline (generated) at (0,0) size 9x19
            RenderCounter at (282,0) size 9x19
              text run at (282,0) width 9: "L"
        RenderText {#text} at (291,0) size 4x19
          text run at (291,0) width 4: " "
        RenderInline {SPAN} at (0,0) size 96x19
          RenderInline (generated) at (0,0) size 96x19
            RenderCounter at (295,0) size 96x19
              text run at (295,0) width 96: "CCCLXXXIX"
        RenderText {#text} at (391,0) size 4x19
          text run at (391,0) width 4: " "
        RenderInline {SPAN} at (0,0) size 56x19
          RenderInline (generated) at (0,0) size 56x19
            RenderCounter at (395,0) size 56x19
              text run at (395,0) width 56: "CCCXC"
        RenderText {#text} at (451,0) size 4x19
          text run at (451,0) width 4: " "
        RenderInline {SPAN} at (0,0) size 128x19
          RenderInline (generated) at (0,0) size 128x19
            RenderCounter at (455,0) size 128x19
              text run at (455,0) width 128: "MMMCDLXXXIX"
        RenderText {#text} at (583,0) size 4x19
          text run at (583,0) width 4: " "
        RenderInline {SPAN} at (0,0) size 88x19
          RenderInline (generated) at (0,0) size 88x19
            RenderCounter at (587,0) size 88x19
              text run at (587,0) width 88: "MMMCDXC"
        RenderText {#text} at (675,0) size 4x19
          text run at (675,0) width 4: " "
        RenderInline {SPAN} at (0,0) size 93x19
          RenderInline (generated) at (0,0) size 93x19
            RenderCounter at (679,0) size 93x19
              text run at (679,0) width 93: "MMMCDXCI"
        RenderText {#text} at (0,0) size 0x0
      RenderBlock {DIV} at (0,56) size 784x20
        RenderText {#text} at (0,0) size 772x19
          text run at (0,0) width 9: "I "
          text run at (9,0) width 14: "II "
          text run at (23,0) width 19: "III "
          text run at (42,0) width 21: "IV "
          text run at (63,0) width 15: "V "
          text run at (78,0) width 21: "VI "
          text run at (99,0) width 26: "VII "
          text run at (125,0) width 31: "VIII "
          text run at (156,0) width 21: "IX "
          text run at (177,0) width 15: "X "
          text run at (192,0) width 21: "XI "
          text run at (213,0) width 26: "XII "
          text run at (239,0) width 43: "XLIX "
          text run at (282,0) width 13: "L "
          text run at (295,0) width 100: "CCCLXXXIX "
          text run at (395,0) width 60: "CCCXC "
          text run at (455,0) width 132: "MMMCDLXXXIX "
          text run at (587,0) width 92: "MMMCDXC "
          text run at (679,0) width 93: "MMMCDXCI"
