layer at (0,0) size 800x600
  RenderView at (0,0) size 800x600
layer at (0,0) size 800x100
  RenderBlock {HTML} at (0,0) size 800x100
    RenderBody {BODY} at (8,16) size 784x76
      RenderBlock {P} at (0,0) size 784x20
        RenderText {#text} at (0,0) size 272x19
          text run at (0,0) width 272: "The following two lines should look the same:"
      RenderBlock {DIV} at (0,36) size 784x20
        RenderInline {SPAN} at (0,0) size 20x19
          RenderInline (generated) at (0,0) size 20x19
            RenderCounter at (0,0) size 20x19
              text run at (0,0) width 20: "1.1"
        RenderText {#text} at (20,0) size 4x19
          text run at (20,0) width 4: " "
        RenderInline {SPAN} at (0,0) size 20x19
          RenderInline (generated) at (0,0) size 20x19
            RenderCounter at (24,0) size 20x19
              text run at (24,0) width 20: "1.2"
        RenderText {#text} at (44,0) size 4x19
          text run at (44,0) width 4: " "
        RenderInline {SPAN} at (0,0) size 20x19
          RenderInline (generated) at (0,0) size 20x19
            RenderCounter at (48,0) size 20x19
              text run at (48,0) width 20: "1.3"
        RenderText {#text} at (68,0) size 4x19
          text run at (68,0) width 4: " "
        RenderInline {SPAN} at (0,0) size 20x19
          RenderInline (generated) at (0,0) size 20x19
            RenderCounter at (72,0) size 20x19
              text run at (72,0) width 20: "1.4"
        RenderText {#text} at (92,0) size 4x19
          text run at (92,0) width 4: " "
        RenderInline {SPAN} at (0,0) size 20x19
          RenderInline (generated) at (0,0) size 20x19
            RenderCounter at (96,0) size 20x19
              text run at (96,0) width 20: "1.5"
        RenderText {#text} at (116,0) size 4x19
          text run at (116,0) width 4: " "
        RenderInline {SPAN} at (0,0) size 20x19
          RenderInline (generated) at (0,0) size 20x19
            RenderCounter at (120,0) size 20x19
              text run at (120,0) width 20: "1.6"
        RenderText {#text} at (140,0) size 4x19
          text run at (140,0) width 4: " "
        RenderInline {SPAN} at (0,0) size 20x19
          RenderInline (generated) at (0,0) size 20x19
            RenderCounter at (144,0) size 20x19
              text run at (144,0) width 20: "1.7"
        RenderText {#text} at (164,0) size 4x19
          text run at (164,0) width 4: " "
        RenderInline {SPAN} at (0,0) size 20x19
          RenderInline (generated) at (0,0) size 20x19
            RenderCounter at (168,0) size 20x19
              text run at (168,0) width 20: "1.8"
        RenderText {#text} at (188,0) size 4x19
          text run at (188,0) width 4: " "
        RenderInline {SPAN} at (0,0) size 20x19
          RenderInline (generated) at (0,0) size 20x19
            RenderCounter at (192,0) size 20x19
              text run at (192,0) width 20: "1.9"
        RenderText {#text} at (212,0) size 4x19
          text run at (212,0) width 4: " "
        RenderInline {SPAN} at (0,0) size 28x19
          RenderInline (generated) at (0,0) size 28x19
            RenderCounter at (216,0) size 28x19
              text run at (216,0) width 28: "1.10"
        RenderText {#text} at (244,0) size 4x19
          text run at (244,0) width 4: " "
        RenderInline {SPAN} at (0,0) size 28x19
          RenderInline (generated) at (0,0) size 28x19
            RenderCounter at (248,0) size 28x19
              text run at (248,0) width 28: "1.11"
        RenderText {#text} at (276,0) size 4x19
          text run at (276,0) width 4: " "
        RenderInline {SPAN} at (0,0) size 28x19
          RenderInline (generated) at (0,0) size 28x19
            RenderCounter at (280,0) size 28x19
              text run at (280,0) width 28: "1.12"
        RenderText {#text} at (0,0) size 0x0
      RenderBlock {DIV} at (0,56) size 784x20
        RenderText {#text} at (0,0) size 308x19
          text run at (0,0) width 24: "1.1 "
          text run at (24,0) width 24: "1.2 "
          text run at (48,0) width 24: "1.3 "
          text run at (72,0) width 24: "1.4 "
          text run at (96,0) width 24: "1.5 "
          text run at (120,0) width 24: "1.6 "
          text run at (144,0) width 24: "1.7 "
          text run at (168,0) width 24: "1.8 "
          text run at (192,0) width 24: "1.9 "
          text run at (216,0) width 32: "1.10 "
          text run at (248,0) width 32: "1.11 "
          text run at (280,0) width 28: "1.12"
