layer at (0,0) size 800x600
  RenderView at (0,0) size 800x600
layer at (0,0) size 800x100
  RenderBlock {HTML} at (0,0) size 800x100
    RenderBody {BODY} at (8,16) size 784x76
      RenderBlock {P} at (0,0) size 784x20
        RenderText {#text} at (0,0) size 292x19
          text run at (0,0) width 292: "The following two lines should look the same:"
      RenderBlock {DIV} at (0,36) size 784x20
        RenderInline {SPAN} at (0,0) size 33x19
          RenderInline (generated) at (0,0) size 33x19
            RenderCounter at (0,0) size 20x19
              text run at (0,0) width 20: "1.1"
            RenderText at (20,0) size 13x19
              text run at (20,0) width 13: " - "
        RenderInline {SPAN} at (0,0) size 29x19
          RenderInline (generated) at (0,0) size 29x19
            RenderCounter at (33,0) size 16x19
              text run at (33,0) width 16: "12"
            RenderText at (49,0) size 13x19
              text run at (49,0) width 13: " - "
        RenderInline {SPAN} at (0,0) size 127x19
          RenderInline (generated) at (0,0) size 127x19
            RenderCounter at (62,0) size 20x19
              text run at (62,0) width 20: "1.3"
            RenderText at (82,0) size 51x19
              text run at (82,0) width 51: "--       --"
            RenderCounter at (133,0) size 56x19
              text run at (133,0) width 56: "1-------3"
      RenderBlock {DIV} at (0,56) size 784x20
        RenderText {#text} at (0,0) size 187x19
          text run at (0,0) width 187: "1.1 - 12 - 1.3--       --1-------3"
