layer at (0,0) size 800x600
  RenderView at (0,0) size 800x600
layer at (0,0) size 800x118
  RenderBlock {HTML} at (0,0) size 800x118
    RenderBody {BODY} at (8,16) size 784x87
      RenderBlock {P} at (0,0) size 784x20
        RenderText {#text} at (0,0) size 185x19
          text run at (0,0) width 185: "There should be no red below."
      RenderBlock {UL} at (75,36) size 96x51 [color=#00FF00] [bgcolor=#FF0000] [border: (3px solid #000000)]
        RenderListItem {LI} at (3,3) size 90x45
          RenderListMarker at (0,0) size 45x15: "A"
          RenderText {#text} at (45,0) size 90x45
            text run at (45,0) width 45: "x x"
            text run at (0,15) width 75: "xx xx"
            text run at (0,30) width 45: "x x"
