layer at (0,0) size 800x600
  RenderView at (0,0) size 800x600
layer at (0,0) size 800x88
  RenderBlock {HTML} at (0,0) size 800x88
    RenderBody {BODY} at (8,16) size 784x56
      RenderBlock {P} at (0,0) size 784x20
        RenderText {#text} at (0,0) size 163x19
          text run at (0,0) width 163: "This line should be green."
      RenderBlock {P} at (0,36) size 784x20
        RenderText {#text} at (0,0) size 59x19
          text run at (0,0) width 59: "This line "
        RenderInline {SPAN} at (0,0) size 100x19
          RenderText {#text} at (59,0) size 100x19
            text run at (59,0) width 100: "should be green"
        RenderText {#text} at (159,0) size 28x19
          text run at (159,0) width 28: " too."
