layer at (0,0) size 785x3248
  RenderView at (0,0) size 785x600
layer at (0,0) size 785x3248
  RenderBlock {HTML} at (0,0) size 785x3248
    RenderBody {BODY} at (8,8) size 769x3232
      RenderBlock {DIV} at (0,0) size 769x20 [color=#C0C0C0]
        RenderText {#text} at (0,0) size 77x19
          text run at (0,0) width 77: "Dummy text."
      RenderBlock {DIV} at (0,20) size 769x20 [color=#C0C0C0]
        RenderText {#text} at (0,0) size 77x19
          text run at (0,0) width 77: "Dummy text."
      RenderBlock {DIV} at (0,40) size 769x20 [color=#C0C0C0]
        RenderText {#text} at (0,0) size 77x19
          text run at (0,0) width 77: "Dummy text."
      RenderBlock {P} at (0,76) size 769x20
        RenderText {#text} at (0,0) size 584x19
          text run at (0,0) width 374: "Scroll this document. A line of blue should remain stuck at the "
          text run at (374,0) width 210: "top of the viewport the whole time."
      RenderBlock {DIV} at (0,112) size 769x20 [color=#C0C0C0]
        RenderText {#text} at (0,0) size 77x19
          text run at (0,0) width 77: "Dummy text."
      RenderBlock {DIV} at (0,132) size 769x20 [color=#C0C0C0]
        RenderText {#text} at (0,0) size 77x19
          text run at (0,0) width 77: "Dummy text."
      RenderBlock {DIV} at (0,152) size 769x20 [color=#C0C0C0]
        RenderText {#text} at (0,0) size 77x19
          text run at (0,0) width 77: "Dummy text."
      RenderBlock {DIV} at (0,172) size 769x20 [color=#C0C0C0]
        RenderText {#text} at (0,0) size 77x19
          text run at (0,0) width 77: "Dummy text."
      RenderBlock {DIV} at (0,192) size 769x20 [color=#C0C0C0]
        RenderText {#text} at (0,0) size 77x19
          text run at (0,0) width 77: "Dummy text."
      RenderBlock {DIV} at (0,212) size 769x20 [color=#C0C0C0]
        RenderText {#text} at (0,0) size 77x19
          text run at (0,0) width 77: "Dummy text."
      RenderBlock {DIV} at (0,232) size 769x20 [color=#C0C0C0]
        RenderText {#text} at (0,0) size 77x19
          text run at (0,0) width 77: "Dummy text."
      RenderBlock {DIV} at (0,252) size 769x20 [color=#C0C0C0]
        RenderText {#text} at (0,0) size 77x19
          text run at (0,0) width 77: "Dummy text."
      RenderBlock {DIV} at (0,272) size 769x20 [color=#C0C0C0]
        RenderText {#text} at (0,0) size 77x19
          text run at (0,0) width 77: "Dummy text."
      RenderBlock {DIV} at (0,292) size 769x20 [color=#C0C0C0]
        RenderText {#text} at (0,0) size 77x19
          text run at (0,0) width 77: "Dummy text."
      RenderBlock {DIV} at (0,312) size 769x20 [color=#C0C0C0]
        RenderText {#text} at (0,0) size 77x19
          text run at (0,0) width 77: "Dummy text."
      RenderBlock {DIV} at (0,332) size 769x20 [color=#C0C0C0]
        RenderText {#text} at (0,0) size 77x19
          text run at (0,0) width 77: "Dummy text."
      RenderBlock {DIV} at (0,352) size 769x20 [color=#C0C0C0]
        RenderText {#text} at (0,0) size 77x19
          text run at (0,0) width 77: "Dummy text."
      RenderBlock {DIV} at (0,372) size 769x20 [color=#C0C0C0]
        RenderText {#text} at (0,0) size 77x19
          text run at (0,0) width 77: "Dummy text."
      RenderBlock {DIV} at (0,392) size 769x20 [color=#C0C0C0]
        RenderText {#text} at (0,0) size 77x19
          text run at (0,0) width 77: "Dummy text."
      RenderBlock {DIV} at (0,412) size 769x20 [color=#C0C0C0]
        RenderText {#text} at (0,0) size 77x19
          text run at (0,0) width 77: "Dummy text."
      RenderBlock {DIV} at (0,432) size 769x20 [color=#C0C0C0]
        RenderText {#text} at (0,0) size 77x19
          text run at (0,0) width 77: "Dummy text."
      RenderBlock {DIV} at (0,452) size 769x20 [color=#C0C0C0]
        RenderText {#text} at (0,0) size 77x19
          text run at (0,0) width 77: "Dummy text."
      RenderBlock {DIV} at (0,472) size 769x20 [color=#C0C0C0]
        RenderText {#text} at (0,0) size 77x19
          text run at (0,0) width 77: "Dummy text."
      RenderBlock {DIV} at (0,492) size 769x20 [color=#C0C0C0]
        RenderText {#text} at (0,0) size 77x19
          text run at (0,0) width 77: "Dummy text."
      RenderBlock {DIV} at (0,512) size 769x20 [color=#C0C0C0]
        RenderText {#text} at (0,0) size 77x19
          text run at (0,0) width 77: "Dummy text."
      RenderBlock {DIV} at (0,532) size 769x20 [color=#C0C0C0]
        RenderText {#text} at (0,0) size 77x19
          text run at (0,0) width 77: "Dummy text."
      RenderBlock {DIV} at (0,552) size 769x20 [color=#C0C0C0]
        RenderText {#text} at (0,0) size 77x19
          text run at (0,0) width 77: "Dummy text."
      RenderBlock {DIV} at (0,572) size 769x20 [color=#C0C0C0]
        RenderText {#text} at (0,0) size 77x19
          text run at (0,0) width 77: "Dummy text."
      RenderBlock {DIV} at (0,592) size 769x20 [color=#C0C0C0]
        RenderText {#text} at (0,0) size 77x19
          text run at (0,0) width 77: "Dummy text."
      RenderBlock {DIV} at (0,612) size 769x20 [color=#C0C0C0]
        RenderText {#text} at (0,0) size 77x19
          text run at (0,0) width 77: "Dummy text."
      RenderBlock {DIV} at (0,632) size 769x20 [color=#C0C0C0]
        RenderText {#text} at (0,0) size 77x19
          text run at (0,0) width 77: "Dummy text."
      RenderBlock {DIV} at (0,652) size 769x20 [color=#C0C0C0]
        RenderText {#text} at (0,0) size 77x19
          text run at (0,0) width 77: "Dummy text."
      RenderBlock {DIV} at (0,672) size 769x20 [color=#C0C0C0]
        RenderText {#text} at (0,0) size 77x19
          text run at (0,0) width 77: "Dummy text."
      RenderBlock {DIV} at (0,692) size 769x20 [color=#C0C0C0]
        RenderText {#text} at (0,0) size 77x19
          text run at (0,0) width 77: "Dummy text."
      RenderBlock {DIV} at (0,712) size 769x20 [color=#C0C0C0]
        RenderText {#text} at (0,0) size 77x19
          text run at (0,0) width 77: "Dummy text."
      RenderBlock {DIV} at (0,732) size 769x20 [color=#C0C0C0]
        RenderText {#text} at (0,0) size 77x19
          text run at (0,0) width 77: "Dummy text."
      RenderBlock {DIV} at (0,752) size 769x20 [color=#C0C0C0]
        RenderText {#text} at (0,0) size 77x19
          text run at (0,0) width 77: "Dummy text."
      RenderBlock {DIV} at (0,772) size 769x20 [color=#C0C0C0]
        RenderText {#text} at (0,0) size 77x19
          text run at (0,0) width 77: "Dummy text."
      RenderBlock {DIV} at (0,792) size 769x20 [color=#C0C0C0]
        RenderText {#text} at (0,0) size 77x19
          text run at (0,0) width 77: "Dummy text."
      RenderBlock {DIV} at (0,812) size 769x20 [color=#C0C0C0]
        RenderText {#text} at (0,0) size 77x19
          text run at (0,0) width 77: "Dummy text."
      RenderBlock {DIV} at (0,832) size 769x20 [color=#C0C0C0]
        RenderText {#text} at (0,0) size 77x19
          text run at (0,0) width 77: "Dummy text."
      RenderBlock {DIV} at (0,852) size 769x20 [color=#C0C0C0]
        RenderText {#text} at (0,0) size 77x19
          text run at (0,0) width 77: "Dummy text."
      RenderBlock {DIV} at (0,872) size 769x20 [color=#C0C0C0]
        RenderText {#text} at (0,0) size 77x19
          text run at (0,0) width 77: "Dummy text."
      RenderBlock {DIV} at (0,892) size 769x20 [color=#C0C0C0]
        RenderText {#text} at (0,0) size 77x19
          text run at (0,0) width 77: "Dummy text."
      RenderBlock {DIV} at (0,912) size 769x20 [color=#C0C0C0]
        RenderText {#text} at (0,0) size 77x19
          text run at (0,0) width 77: "Dummy text."
      RenderBlock {DIV} at (0,932) size 769x20 [color=#C0C0C0]
        RenderText {#text} at (0,0) size 77x19
          text run at (0,0) width 77: "Dummy text."
      RenderBlock {DIV} at (0,952) size 769x20 [color=#C0C0C0]
        RenderText {#text} at (0,0) size 77x19
          text run at (0,0) width 77: "Dummy text."
      RenderBlock {DIV} at (0,972) size 769x20 [color=#C0C0C0]
        RenderText {#text} at (0,0) size 77x19
          text run at (0,0) width 77: "Dummy text."
      RenderBlock {DIV} at (0,992) size 769x20 [color=#C0C0C0]
        RenderText {#text} at (0,0) size 77x19
          text run at (0,0) width 77: "Dummy text."
      RenderBlock {DIV} at (0,1012) size 769x20 [color=#C0C0C0]
        RenderText {#text} at (0,0) size 77x19
          text run at (0,0) width 77: "Dummy text."
      RenderBlock {DIV} at (0,1032) size 769x20 [color=#C0C0C0]
        RenderText {#text} at (0,0) size 77x19
          text run at (0,0) width 77: "Dummy text."
      RenderBlock {DIV} at (0,1052) size 769x20 [color=#C0C0C0]
        RenderText {#text} at (0,0) size 77x19
          text run at (0,0) width 77: "Dummy text."
      RenderBlock {DIV} at (0,1072) size 769x20 [color=#C0C0C0]
        RenderText {#text} at (0,0) size 77x19
          text run at (0,0) width 77: "Dummy text."
      RenderBlock {DIV} at (0,1092) size 769x20 [color=#C0C0C0]
        RenderText {#text} at (0,0) size 77x19
          text run at (0,0) width 77: "Dummy text."
      RenderBlock {DIV} at (0,1112) size 769x20 [color=#C0C0C0]
        RenderText {#text} at (0,0) size 77x19
          text run at (0,0) width 77: "Dummy text."
      RenderBlock {DIV} at (0,1132) size 769x20 [color=#C0C0C0]
        RenderText {#text} at (0,0) size 77x19
          text run at (0,0) width 77: "Dummy text."
      RenderBlock {DIV} at (0,1152) size 769x20 [color=#C0C0C0]
        RenderText {#text} at (0,0) size 77x19
          text run at (0,0) width 77: "Dummy text."
      RenderBlock {DIV} at (0,1172) size 769x20 [color=#C0C0C0]
        RenderText {#text} at (0,0) size 77x19
          text run at (0,0) width 77: "Dummy text."
      RenderBlock {DIV} at (0,1192) size 769x20 [color=#C0C0C0]
        RenderText {#text} at (0,0) size 77x19
          text run at (0,0) width 77: "Dummy text."
      RenderBlock {DIV} at (0,1212) size 769x20 [color=#C0C0C0]
        RenderText {#text} at (0,0) size 77x19
          text run at (0,0) width 77: "Dummy text."
      RenderBlock {DIV} at (0,1232) size 769x20 [color=#C0C0C0]
        RenderText {#text} at (0,0) size 77x19
          text run at (0,0) width 77: "Dummy text."
      RenderBlock {DIV} at (0,1252) size 769x20 [color=#C0C0C0]
        RenderText {#text} at (0,0) size 77x19
          text run at (0,0) width 77: "Dummy text."
      RenderBlock {DIV} at (0,1272) size 769x20 [color=#C0C0C0]
        RenderText {#text} at (0,0) size 77x19
          text run at (0,0) width 77: "Dummy text."
      RenderBlock {DIV} at (0,1292) size 769x20 [color=#C0C0C0]
        RenderText {#text} at (0,0) size 77x19
          text run at (0,0) width 77: "Dummy text."
      RenderBlock {DIV} at (0,1312) size 769x20 [color=#C0C0C0]
        RenderText {#text} at (0,0) size 77x19
          text run at (0,0) width 77: "Dummy text."
      RenderBlock {DIV} at (0,1332) size 769x20 [color=#C0C0C0]
        RenderText {#text} at (0,0) size 77x19
          text run at (0,0) width 77: "Dummy text."
      RenderBlock {DIV} at (0,1352) size 769x20 [color=#C0C0C0]
        RenderText {#text} at (0,0) size 77x19
          text run at (0,0) width 77: "Dummy text."
      RenderBlock {DIV} at (0,1372) size 769x20 [color=#C0C0C0]
        RenderText {#text} at (0,0) size 77x19
          text run at (0,0) width 77: "Dummy text."
      RenderBlock {DIV} at (0,1392) size 769x20 [color=#C0C0C0]
        RenderText {#text} at (0,0) size 77x19
          text run at (0,0) width 77: "Dummy text."
      RenderBlock {DIV} at (0,1412) size 769x20 [color=#C0C0C0]
        RenderText {#text} at (0,0) size 77x19
          text run at (0,0) width 77: "Dummy text."
      RenderBlock {DIV} at (0,1432) size 769x20 [color=#C0C0C0]
        RenderText {#text} at (0,0) size 77x19
          text run at (0,0) width 77: "Dummy text."
      RenderBlock {DIV} at (0,1452) size 769x20 [color=#C0C0C0]
        RenderText {#text} at (0,0) size 77x19
          text run at (0,0) width 77: "Dummy text."
      RenderBlock {DIV} at (0,1472) size 769x20 [color=#C0C0C0]
        RenderText {#text} at (0,0) size 77x19
          text run at (0,0) width 77: "Dummy text."
      RenderBlock {DIV} at (0,1492) size 769x20 [color=#C0C0C0]
        RenderText {#text} at (0,0) size 77x19
          text run at (0,0) width 77: "Dummy text."
      RenderBlock {DIV} at (0,1512) size 769x20 [color=#C0C0C0]
        RenderText {#text} at (0,0) size 77x19
          text run at (0,0) width 77: "Dummy text."
      RenderBlock {DIV} at (0,1532) size 769x20 [color=#C0C0C0]
        RenderText {#text} at (0,0) size 77x19
          text run at (0,0) width 77: "Dummy text."
      RenderBlock {DIV} at (0,1552) size 769x20 [color=#C0C0C0]
        RenderText {#text} at (0,0) size 77x19
          text run at (0,0) width 77: "Dummy text."
      RenderBlock {DIV} at (0,1572) size 769x20 [color=#C0C0C0]
        RenderText {#text} at (0,0) size 77x19
          text run at (0,0) width 77: "Dummy text."
      RenderBlock {DIV} at (0,1592) size 769x20 [color=#C0C0C0]
        RenderText {#text} at (0,0) size 77x19
          text run at (0,0) width 77: "Dummy text."
      RenderBlock {DIV} at (0,1612) size 769x20 [color=#C0C0C0]
        RenderText {#text} at (0,0) size 77x19
          text run at (0,0) width 77: "Dummy text."
      RenderBlock {DIV} at (0,1632) size 769x20 [color=#C0C0C0]
        RenderText {#text} at (0,0) size 77x19
          text run at (0,0) width 77: "Dummy text."
      RenderBlock {DIV} at (0,1652) size 769x20 [color=#C0C0C0]
        RenderText {#text} at (0,0) size 77x19
          text run at (0,0) width 77: "Dummy text."
      RenderBlock {DIV} at (0,1672) size 769x20 [color=#C0C0C0]
        RenderText {#text} at (0,0) size 77x19
          text run at (0,0) width 77: "Dummy text."
      RenderBlock {DIV} at (0,1692) size 769x20 [color=#C0C0C0]
        RenderText {#text} at (0,0) size 77x19
          text run at (0,0) width 77: "Dummy text."
      RenderBlock {DIV} at (0,1712) size 769x20 [color=#C0C0C0]
        RenderText {#text} at (0,0) size 77x19
          text run at (0,0) width 77: "Dummy text."
      RenderBlock {DIV} at (0,1732) size 769x20 [color=#C0C0C0]
        RenderText {#text} at (0,0) size 77x19
          text run at (0,0) width 77: "Dummy text."
      RenderBlock {DIV} at (0,1752) size 769x20 [color=#C0C0C0]
        RenderText {#text} at (0,0) size 77x19
          text run at (0,0) width 77: "Dummy text."
      RenderBlock {DIV} at (0,1772) size 769x20 [color=#C0C0C0]
        RenderText {#text} at (0,0) size 77x19
          text run at (0,0) width 77: "Dummy text."
      RenderBlock {DIV} at (0,1792) size 769x20 [color=#C0C0C0]
        RenderText {#text} at (0,0) size 77x19
          text run at (0,0) width 77: "Dummy text."
      RenderBlock {DIV} at (0,1812) size 769x20 [color=#C0C0C0]
        RenderText {#text} at (0,0) size 77x19
          text run at (0,0) width 77: "Dummy text."
      RenderBlock {DIV} at (0,1832) size 769x20 [color=#C0C0C0]
        RenderText {#text} at (0,0) size 77x19
          text run at (0,0) width 77: "Dummy text."
      RenderBlock {DIV} at (0,1852) size 769x20 [color=#C0C0C0]
        RenderText {#text} at (0,0) size 77x19
          text run at (0,0) width 77: "Dummy text."
      RenderBlock {DIV} at (0,1872) size 769x20 [color=#C0C0C0]
        RenderText {#text} at (0,0) size 77x19
          text run at (0,0) width 77: "Dummy text."
      RenderBlock {DIV} at (0,1892) size 769x20 [color=#C0C0C0]
        RenderText {#text} at (0,0) size 77x19
          text run at (0,0) width 77: "Dummy text."
      RenderBlock {DIV} at (0,1912) size 769x20 [color=#C0C0C0]
        RenderText {#text} at (0,0) size 77x19
          text run at (0,0) width 77: "Dummy text."
      RenderBlock {DIV} at (0,1932) size 769x20 [color=#C0C0C0]
        RenderText {#text} at (0,0) size 77x19
          text run at (0,0) width 77: "Dummy text."
      RenderBlock {DIV} at (0,1952) size 769x20 [color=#C0C0C0]
        RenderText {#text} at (0,0) size 77x19
          text run at (0,0) width 77: "Dummy text."
      RenderBlock {DIV} at (0,1972) size 769x20 [color=#C0C0C0]
        RenderText {#text} at (0,0) size 77x19
          text run at (0,0) width 77: "Dummy text."
      RenderBlock {DIV} at (0,1992) size 769x20 [color=#C0C0C0]
        RenderText {#text} at (0,0) size 77x19
          text run at (0,0) width 77: "Dummy text."
      RenderBlock {DIV} at (0,2012) size 769x20 [color=#C0C0C0]
        RenderText {#text} at (0,0) size 77x19
          text run at (0,0) width 77: "Dummy text."
      RenderBlock {DIV} at (0,2032) size 769x20 [color=#C0C0C0]
        RenderText {#text} at (0,0) size 77x19
          text run at (0,0) width 77: "Dummy text."
      RenderBlock {DIV} at (0,2052) size 769x20 [color=#C0C0C0]
        RenderText {#text} at (0,0) size 77x19
          text run at (0,0) width 77: "Dummy text."
      RenderBlock {DIV} at (0,2072) size 769x20 [color=#C0C0C0]
        RenderText {#text} at (0,0) size 77x19
          text run at (0,0) width 77: "Dummy text."
      RenderBlock {DIV} at (0,2092) size 769x20 [color=#C0C0C0]
        RenderText {#text} at (0,0) size 77x19
          text run at (0,0) width 77: "Dummy text."
      RenderBlock {DIV} at (0,2112) size 769x20 [color=#C0C0C0]
        RenderText {#text} at (0,0) size 77x19
          text run at (0,0) width 77: "Dummy text."
      RenderBlock {DIV} at (0,2132) size 769x20 [color=#C0C0C0]
        RenderText {#text} at (0,0) size 77x19
          text run at (0,0) width 77: "Dummy text."
      RenderBlock {DIV} at (0,2152) size 769x20 [color=#C0C0C0]
        RenderText {#text} at (0,0) size 77x19
          text run at (0,0) width 77: "Dummy text."
      RenderBlock {DIV} at (0,2172) size 769x20 [color=#C0C0C0]
        RenderText {#text} at (0,0) size 77x19
          text run at (0,0) width 77: "Dummy text."
      RenderBlock {DIV} at (0,2192) size 769x20 [color=#C0C0C0]
        RenderText {#text} at (0,0) size 77x19
          text run at (0,0) width 77: "Dummy text."
      RenderBlock {DIV} at (0,2212) size 769x20 [color=#C0C0C0]
        RenderText {#text} at (0,0) size 77x19
          text run at (0,0) width 77: "Dummy text."
      RenderBlock {DIV} at (0,2232) size 769x20 [color=#C0C0C0]
        RenderText {#text} at (0,0) size 77x19
          text run at (0,0) width 77: "Dummy text."
      RenderBlock {DIV} at (0,2252) size 769x20 [color=#C0C0C0]
        RenderText {#text} at (0,0) size 77x19
          text run at (0,0) width 77: "Dummy text."
      RenderBlock {DIV} at (0,2272) size 769x20 [color=#C0C0C0]
        RenderText {#text} at (0,0) size 77x19
          text run at (0,0) width 77: "Dummy text."
      RenderBlock {DIV} at (0,2292) size 769x20 [color=#C0C0C0]
        RenderText {#text} at (0,0) size 77x19
          text run at (0,0) width 77: "Dummy text."
      RenderBlock {DIV} at (0,2312) size 769x20 [color=#C0C0C0]
        RenderText {#text} at (0,0) size 77x19
          text run at (0,0) width 77: "Dummy text."
      RenderBlock {DIV} at (0,2332) size 769x20 [color=#C0C0C0]
        RenderText {#text} at (0,0) size 77x19
          text run at (0,0) width 77: "Dummy text."
      RenderBlock {DIV} at (0,2352) size 769x20 [color=#C0C0C0]
        RenderText {#text} at (0,0) size 77x19
          text run at (0,0) width 77: "Dummy text."
      RenderBlock {DIV} at (0,2372) size 769x20 [color=#C0C0C0]
        RenderText {#text} at (0,0) size 77x19
          text run at (0,0) width 77: "Dummy text."
      RenderBlock {DIV} at (0,2392) size 769x20 [color=#C0C0C0]
        RenderText {#text} at (0,0) size 77x19
          text run at (0,0) width 77: "Dummy text."
      RenderBlock {DIV} at (0,2412) size 769x20 [color=#C0C0C0]
        RenderText {#text} at (0,0) size 77x19
          text run at (0,0) width 77: "Dummy text."
      RenderBlock {DIV} at (0,2432) size 769x20 [color=#C0C0C0]
        RenderText {#text} at (0,0) size 77x19
          text run at (0,0) width 77: "Dummy text."
      RenderBlock {DIV} at (0,2452) size 769x20 [color=#C0C0C0]
        RenderText {#text} at (0,0) size 77x19
          text run at (0,0) width 77: "Dummy text."
      RenderBlock {DIV} at (0,2472) size 769x20 [color=#C0C0C0]
        RenderText {#text} at (0,0) size 77x19
          text run at (0,0) width 77: "Dummy text."
      RenderBlock {DIV} at (0,2492) size 769x20 [color=#C0C0C0]
        RenderText {#text} at (0,0) size 77x19
          text run at (0,0) width 77: "Dummy text."
      RenderBlock {DIV} at (0,2512) size 769x20 [color=#C0C0C0]
        RenderText {#text} at (0,0) size 77x19
          text run at (0,0) width 77: "Dummy text."
      RenderBlock {DIV} at (0,2532) size 769x20 [color=#C0C0C0]
        RenderText {#text} at (0,0) size 77x19
          text run at (0,0) width 77: "Dummy text."
      RenderBlock {DIV} at (0,2552) size 769x20 [color=#C0C0C0]
        RenderText {#text} at (0,0) size 77x19
          text run at (0,0) width 77: "Dummy text."
      RenderBlock {DIV} at (0,2572) size 769x20 [color=#C0C0C0]
        RenderText {#text} at (0,0) size 77x19
          text run at (0,0) width 77: "Dummy text."
      RenderBlock {DIV} at (0,2592) size 769x20 [color=#C0C0C0]
        RenderText {#text} at (0,0) size 77x19
          text run at (0,0) width 77: "Dummy text."
      RenderBlock {DIV} at (0,2612) size 769x20 [color=#C0C0C0]
        RenderText {#text} at (0,0) size 77x19
          text run at (0,0) width 77: "Dummy text."
      RenderBlock {DIV} at (0,2632) size 769x20 [color=#C0C0C0]
        RenderText {#text} at (0,0) size 77x19
          text run at (0,0) width 77: "Dummy text."
      RenderBlock {DIV} at (0,2652) size 769x20 [color=#C0C0C0]
        RenderText {#text} at (0,0) size 77x19
          text run at (0,0) width 77: "Dummy text."
      RenderBlock {DIV} at (0,2672) size 769x20 [color=#C0C0C0]
        RenderText {#text} at (0,0) size 77x19
          text run at (0,0) width 77: "Dummy text."
      RenderBlock {DIV} at (0,2692) size 769x20 [color=#C0C0C0]
        RenderText {#text} at (0,0) size 77x19
          text run at (0,0) width 77: "Dummy text."
      RenderBlock {DIV} at (0,2712) size 769x20 [color=#C0C0C0]
        RenderText {#text} at (0,0) size 77x19
          text run at (0,0) width 77: "Dummy text."
      RenderBlock {DIV} at (0,2732) size 769x20 [color=#C0C0C0]
        RenderText {#text} at (0,0) size 77x19
          text run at (0,0) width 77: "Dummy text."
      RenderBlock {DIV} at (0,2752) size 769x20 [color=#C0C0C0]
        RenderText {#text} at (0,0) size 77x19
          text run at (0,0) width 77: "Dummy text."
      RenderBlock {DIV} at (0,2772) size 769x20 [color=#C0C0C0]
        RenderText {#text} at (0,0) size 77x19
          text run at (0,0) width 77: "Dummy text."
      RenderBlock {DIV} at (0,2792) size 769x20 [color=#C0C0C0]
        RenderText {#text} at (0,0) size 77x19
          text run at (0,0) width 77: "Dummy text."
      RenderBlock {DIV} at (0,2812) size 769x20 [color=#C0C0C0]
        RenderText {#text} at (0,0) size 77x19
          text run at (0,0) width 77: "Dummy text."
      RenderBlock {DIV} at (0,2832) size 769x20 [color=#C0C0C0]
        RenderText {#text} at (0,0) size 77x19
          text run at (0,0) width 77: "Dummy text."
      RenderBlock {DIV} at (0,2852) size 769x20 [color=#C0C0C0]
        RenderText {#text} at (0,0) size 77x19
          text run at (0,0) width 77: "Dummy text."
      RenderBlock {DIV} at (0,2872) size 769x20 [color=#C0C0C0]
        RenderText {#text} at (0,0) size 77x19
          text run at (0,0) width 77: "Dummy text."
      RenderBlock {DIV} at (0,2892) size 769x20 [color=#C0C0C0]
        RenderText {#text} at (0,0) size 77x19
          text run at (0,0) width 77: "Dummy text."
      RenderBlock {DIV} at (0,2912) size 769x20 [color=#C0C0C0]
        RenderText {#text} at (0,0) size 77x19
          text run at (0,0) width 77: "Dummy text."
      RenderBlock {DIV} at (0,2932) size 769x20 [color=#C0C0C0]
        RenderText {#text} at (0,0) size 77x19
          text run at (0,0) width 77: "Dummy text."
      RenderBlock {DIV} at (0,2952) size 769x20 [color=#C0C0C0]
        RenderText {#text} at (0,0) size 77x19
          text run at (0,0) width 77: "Dummy text."
      RenderBlock {DIV} at (0,2972) size 769x20 [color=#C0C0C0]
        RenderText {#text} at (0,0) size 77x19
          text run at (0,0) width 77: "Dummy text."
      RenderBlock {DIV} at (0,2992) size 769x20 [color=#C0C0C0]
        RenderText {#text} at (0,0) size 77x19
          text run at (0,0) width 77: "Dummy text."
      RenderBlock {DIV} at (0,3012) size 769x20 [color=#C0C0C0]
        RenderText {#text} at (0,0) size 77x19
          text run at (0,0) width 77: "Dummy text."
      RenderBlock {DIV} at (0,3032) size 769x20 [color=#C0C0C0]
        RenderText {#text} at (0,0) size 77x19
          text run at (0,0) width 77: "Dummy text."
      RenderBlock {DIV} at (0,3052) size 769x20 [color=#C0C0C0]
        RenderText {#text} at (0,0) size 77x19
          text run at (0,0) width 77: "Dummy text."
      RenderBlock {DIV} at (0,3072) size 769x20 [color=#C0C0C0]
        RenderText {#text} at (0,0) size 77x19
          text run at (0,0) width 77: "Dummy text."
      RenderBlock {DIV} at (0,3092) size 769x20 [color=#C0C0C0]
        RenderText {#text} at (0,0) size 77x19
          text run at (0,0) width 77: "Dummy text."
      RenderBlock {DIV} at (0,3112) size 769x20 [color=#C0C0C0]
        RenderText {#text} at (0,0) size 77x19
          text run at (0,0) width 77: "Dummy text."
      RenderBlock {DIV} at (0,3132) size 769x20 [color=#C0C0C0]
        RenderText {#text} at (0,0) size 77x19
          text run at (0,0) width 77: "Dummy text."
      RenderBlock {DIV} at (0,3152) size 769x20 [color=#C0C0C0]
        RenderText {#text} at (0,0) size 77x19
          text run at (0,0) width 77: "Dummy text."
      RenderBlock {DIV} at (0,3172) size 769x20 [color=#C0C0C0]
        RenderText {#text} at (0,0) size 77x19
          text run at (0,0) width 77: "Dummy text."
      RenderBlock {DIV} at (0,3192) size 769x20 [color=#C0C0C0]
        RenderText {#text} at (0,0) size 77x19
          text run at (0,0) width 77: "Dummy text."
      RenderBlock {DIV} at (0,3212) size 769x20 [color=#C0C0C0]
        RenderText {#text} at (0,0) size 77x19
          text run at (0,0) width 77: "Dummy text."
