layer at (0,0) size 785x2041
  RenderView at (0,0) size 785x600
layer at (0,0) size 785x2041
  RenderBlock {HTML} at (0,0) size 785x2041
    RenderBody {BODY} at (8,16) size 769x2009
      RenderBlock {P} at (0,0) size 769x20 [color=#C0C0C0]
        RenderText {#text} at (0,0) size 77x19
          text run at (0,0) width 77: "Dummy text."
      RenderBlock {P} at (0,36) size 769x20 [color=#C0C0C0]
        RenderText {#text} at (0,0) size 77x19
          text run at (0,0) width 77: "Dummy text."
      RenderBlock {P} at (0,72) size 769x20 [color=#C0C0C0]
        RenderText {#text} at (0,0) size 77x19
          text run at (0,0) width 77: "Dummy text."
      RenderBlock {P} at (0,108) size 769x40
        RenderText {#text} at (0,0) size 749x39
          text run at (0,0) width 374: "Scroll this document. A line of blue should remain stuck at the "
          text run at (374,0) width 375: "top of the viewport the whole time, and there should be no red"
          text run at (0,20) width 172: "below, just a block of green."
      RenderBlock {DIV} at (30,164) size 165x75 [color=#008000] [bgcolor=#008000]
        RenderText {#text} at (0,0) size 165x75
          text run at (0,0) width 165: "          X"
          text run at (0,15) width 165: "          X"
          text run at (0,30) width 165: "          X"
          text run at (0,45) width 165: "          X"
          text run at (0,60) width 165: "          X"
      RenderBlock {DIV} at (30,239) size 165x75 [color=#008000] [bgcolor=#008000]
        RenderText {#text} at (0,0) size 165x75
          text run at (0,0) width 165: "     X     "
          text run at (0,15) width 165: "     X     "
          text run at (0,30) width 165: "     X     "
          text run at (0,45) width 165: "     X     "
          text run at (0,60) width 165: "     X     "
      RenderBlock {DIV} at (30,314) size 165x75 [color=#008000] [bgcolor=#008000]
        RenderText {#text} at (0,0) size 165x75
          text run at (0,0) width 165: "XXXXXXXXXXX"
          text run at (0,15) width 165: "           "
          text run at (0,30) width 165: "           "
          text run at (0,45) width 165: "           "
          text run at (0,60) width 165: "           "
      RenderBlock {P} at (0,405) size 769x20 [color=#C0C0C0]
        RenderText {#text} at (0,0) size 77x19
          text run at (0,0) width 77: "Dummy text."
      RenderBlock {P} at (0,441) size 769x20 [color=#C0C0C0]
        RenderText {#text} at (0,0) size 77x19
          text run at (0,0) width 77: "Dummy text."
      RenderBlock {P} at (0,477) size 769x20 [color=#C0C0C0]
        RenderText {#text} at (0,0) size 77x19
          text run at (0,0) width 77: "Dummy text."
      RenderBlock {P} at (0,513) size 769x20 [color=#C0C0C0]
        RenderText {#text} at (0,0) size 77x19
          text run at (0,0) width 77: "Dummy text."
      RenderBlock {P} at (0,549) size 769x20 [color=#C0C0C0]
        RenderText {#text} at (0,0) size 77x19
          text run at (0,0) width 77: "Dummy text."
      RenderBlock {P} at (0,585) size 769x20 [color=#C0C0C0]
        RenderText {#text} at (0,0) size 77x19
          text run at (0,0) width 77: "Dummy text."
      RenderBlock {P} at (0,621) size 769x20 [color=#C0C0C0]
        RenderText {#text} at (0,0) size 77x19
          text run at (0,0) width 77: "Dummy text."
      RenderBlock {P} at (0,657) size 769x20 [color=#C0C0C0]
        RenderText {#text} at (0,0) size 77x19
          text run at (0,0) width 77: "Dummy text."
      RenderBlock {P} at (0,693) size 769x20 [color=#C0C0C0]
        RenderText {#text} at (0,0) size 77x19
          text run at (0,0) width 77: "Dummy text."
      RenderBlock {P} at (0,729) size 769x20 [color=#C0C0C0]
        RenderText {#text} at (0,0) size 77x19
          text run at (0,0) width 77: "Dummy text."
      RenderBlock {P} at (0,765) size 769x20 [color=#C0C0C0]
        RenderText {#text} at (0,0) size 77x19
          text run at (0,0) width 77: "Dummy text."
      RenderBlock {P} at (0,801) size 769x20 [color=#C0C0C0]
        RenderText {#text} at (0,0) size 77x19
          text run at (0,0) width 77: "Dummy text."
      RenderBlock {P} at (0,837) size 769x20 [color=#C0C0C0]
        RenderText {#text} at (0,0) size 77x19
          text run at (0,0) width 77: "Dummy text."
      RenderBlock {P} at (0,873) size 769x20 [color=#C0C0C0]
        RenderText {#text} at (0,0) size 77x19
          text run at (0,0) width 77: "Dummy text."
      RenderBlock {P} at (0,909) size 769x20 [color=#C0C0C0]
        RenderText {#text} at (0,0) size 77x19
          text run at (0,0) width 77: "Dummy text."
      RenderBlock {P} at (0,945) size 769x20 [color=#C0C0C0]
        RenderText {#text} at (0,0) size 77x19
          text run at (0,0) width 77: "Dummy text."
      RenderBlock {P} at (0,981) size 769x20 [color=#C0C0C0]
        RenderText {#text} at (0,0) size 77x19
          text run at (0,0) width 77: "Dummy text."
      RenderBlock {P} at (0,1017) size 769x20 [color=#C0C0C0]
        RenderText {#text} at (0,0) size 77x19
          text run at (0,0) width 77: "Dummy text."
      RenderBlock {P} at (0,1053) size 769x20 [color=#C0C0C0]
        RenderText {#text} at (0,0) size 77x19
          text run at (0,0) width 77: "Dummy text."
      RenderBlock {P} at (0,1089) size 769x20 [color=#C0C0C0]
        RenderText {#text} at (0,0) size 77x19
          text run at (0,0) width 77: "Dummy text."
      RenderBlock {P} at (0,1125) size 769x20 [color=#C0C0C0]
        RenderText {#text} at (0,0) size 77x19
          text run at (0,0) width 77: "Dummy text."
      RenderBlock {P} at (0,1161) size 769x20 [color=#C0C0C0]
        RenderText {#text} at (0,0) size 77x19
          text run at (0,0) width 77: "Dummy text."
      RenderBlock {P} at (0,1197) size 769x20 [color=#C0C0C0]
        RenderText {#text} at (0,0) size 77x19
          text run at (0,0) width 77: "Dummy text."
      RenderBlock {P} at (0,1233) size 769x20 [color=#C0C0C0]
        RenderText {#text} at (0,0) size 77x19
          text run at (0,0) width 77: "Dummy text."
      RenderBlock {P} at (0,1269) size 769x20 [color=#C0C0C0]
        RenderText {#text} at (0,0) size 77x19
          text run at (0,0) width 77: "Dummy text."
      RenderBlock {P} at (0,1305) size 769x20 [color=#C0C0C0]
        RenderText {#text} at (0,0) size 77x19
          text run at (0,0) width 77: "Dummy text."
      RenderBlock {P} at (0,1341) size 769x20 [color=#C0C0C0]
        RenderText {#text} at (0,0) size 77x19
          text run at (0,0) width 77: "Dummy text."
      RenderBlock {P} at (0,1377) size 769x20 [color=#C0C0C0]
        RenderText {#text} at (0,0) size 77x19
          text run at (0,0) width 77: "Dummy text."
      RenderBlock {P} at (0,1413) size 769x20 [color=#C0C0C0]
        RenderText {#text} at (0,0) size 77x19
          text run at (0,0) width 77: "Dummy text."
      RenderBlock {P} at (0,1449) size 769x20 [color=#C0C0C0]
        RenderText {#text} at (0,0) size 77x19
          text run at (0,0) width 77: "Dummy text."
      RenderBlock {P} at (0,1485) size 769x20 [color=#C0C0C0]
        RenderText {#text} at (0,0) size 77x19
          text run at (0,0) width 77: "Dummy text."
      RenderBlock {P} at (0,1521) size 769x20 [color=#C0C0C0]
        RenderText {#text} at (0,0) size 77x19
          text run at (0,0) width 77: "Dummy text."
      RenderBlock {P} at (0,1557) size 769x20 [color=#C0C0C0]
        RenderText {#text} at (0,0) size 77x19
          text run at (0,0) width 77: "Dummy text."
      RenderBlock {P} at (0,1593) size 769x20 [color=#C0C0C0]
        RenderText {#text} at (0,0) size 77x19
          text run at (0,0) width 77: "Dummy text."
      RenderBlock {P} at (0,1629) size 769x20 [color=#C0C0C0]
        RenderText {#text} at (0,0) size 77x19
          text run at (0,0) width 77: "Dummy text."
      RenderBlock {P} at (0,1665) size 769x20 [color=#C0C0C0]
        RenderText {#text} at (0,0) size 77x19
          text run at (0,0) width 77: "Dummy text."
      RenderBlock {P} at (0,1701) size 769x20 [color=#C0C0C0]
        RenderText {#text} at (0,0) size 77x19
          text run at (0,0) width 77: "Dummy text."
      RenderBlock {P} at (0,1737) size 769x20 [color=#C0C0C0]
        RenderText {#text} at (0,0) size 77x19
          text run at (0,0) width 77: "Dummy text."
      RenderBlock {P} at (0,1773) size 769x20 [color=#C0C0C0]
        RenderText {#text} at (0,0) size 77x19
          text run at (0,0) width 77: "Dummy text."
      RenderBlock {P} at (0,1809) size 769x20 [color=#C0C0C0]
        RenderText {#text} at (0,0) size 77x19
          text run at (0,0) width 77: "Dummy text."
      RenderBlock {P} at (0,1845) size 769x20 [color=#C0C0C0]
        RenderText {#text} at (0,0) size 77x19
          text run at (0,0) width 77: "Dummy text."
      RenderBlock {P} at (0,1881) size 769x20 [color=#C0C0C0]
        RenderText {#text} at (0,0) size 77x19
          text run at (0,0) width 77: "Dummy text."
      RenderBlock {P} at (0,1917) size 769x20 [color=#C0C0C0]
        RenderText {#text} at (0,0) size 77x19
          text run at (0,0) width 77: "Dummy text."
      RenderBlock {P} at (0,1953) size 769x20 [color=#C0C0C0]
        RenderText {#text} at (0,0) size 77x19
          text run at (0,0) width 77: "Dummy text."
      RenderBlock {P} at (0,1989) size 769x20 [color=#C0C0C0]
        RenderText {#text} at (0,0) size 77x19
          text run at (0,0) width 77: "Dummy text."
