layer at (0,0) size 800x600
  RenderView at (0,0) size 800x600
layer at (0,0) size 800x276
  RenderBlock {HTML} at (0,0) size 800x276
    RenderBody {BODY} at (8,8) size 784x260
      RenderBlock {DIV} at (0,0) size 784x113
        RenderBlock {P} at (0,0) size 784x18 [color=#000080]
          RenderText {#text} at (0,0) size 242x17
            text run at (0,0) width 242: "This sentence should be in a serif font."
        RenderBlock {P} at (0,18) size 784x18 [color=#000080]
          RenderText {#text} at (0,0) size 242x17
            text run at (0,0) width 242: "This sentence should be in a serif font."
        RenderBlock {P} at (0,36) size 784x19 [color=#000080]
          RenderText {#text} at (0,0) size 315x18
            text run at (0,0) width 315: "This sentence should be in a sans-serif font."
        RenderBlock {P} at (0,55) size 784x18 [color=#000080]
          RenderText {#text} at (0,0) size 260x17
            text run at (0,0) width 260: "This sentence should be in a cursive font."
        RenderBlock {P} at (0,73) size 784x25 [color=#000080]
          RenderText {#text} at (0,0) size 280x25
            text run at (0,0) width 280: "This sentence should be in a fantasy font."
        RenderBlock {P} at (0,98) size 784x15 [color=#000080]
          RenderText {#text} at (0,0) size 351x15
            text run at (0,0) width 351: "This sentence should be in a monospace font."
      RenderBlock {P} at (0,113) size 784x19 [color=#000080]
        RenderText {#text} at (0,0) size 315x18
          text run at (0,0) width 315: "This sentence should be in a sans-serif font."
      RenderBlock {P} at (0,132) size 784x18 [color=#000080]
        RenderText {#text} at (0,0) size 438x18
          text run at (0,0) width 438: "This sentence should be in a monospace font."
      RenderBlock {DIV} at (0,150) size 784x110
        RenderBlock {P} at (0,0) size 784x15 [color=#000080]
          RenderText {#text} at (0,0) size 351x15
            text run at (0,0) width 351: "This sentence should be in a monospace font."
        RenderBlock {P} at (0,15) size 784x18 [color=#000080]
          RenderText {#text} at (0,0) size 242x17
            text run at (0,0) width 242: "This sentence should be in a serif font."
        RenderBlock {P} at (0,33) size 784x19 [color=#000080]
          RenderText {#text} at (0,0) size 315x18
            text run at (0,0) width 315: "This sentence should be in a sans-serif font."
        RenderBlock {P} at (0,52) size 784x18 [color=#000080]
          RenderText {#text} at (0,0) size 260x17
            text run at (0,0) width 260: "This sentence should be in a cursive font."
        RenderBlock {P} at (0,70) size 784x25 [color=#000080]
          RenderText {#text} at (0,0) size 280x25
            text run at (0,0) width 280: "This sentence should be in a fantasy font."
        RenderBlock {P} at (0,95) size 784x15 [color=#000080]
          RenderText {#text} at (0,0) size 351x15
            text run at (0,0) width 351: "This sentence should be in a monospace font."
