layer at (0,0) size 800x600
  RenderView at (0,0) size 800x600
layer at (0,0) size 800x106
  RenderBlock {HTML} at (0,0) size 800x106
    RenderBody {BODY} at (8,13) size 784x80 [color=#000080]
      RenderBlock {P} at (0,0) size 784x80
        RenderText {#text} at (0,0) size 636x16
          text run at (0,0) width 636: "This text should be 13px Helvetica in small-caps and italicized. There should be a small gap between each line. "
        RenderInline {SPAN} at (0,0) size 784x80 [color=#C0C0C0]
          RenderText {#text} at (636,0) size 784x80
            text run at (636,0) width 132: "dummy text dummy text"
            text run at (0,16) width 244: "dummy text dummy text dummy text dummy "
            text run at (244,16) width 408: "text dummy text dummy text dummy text dummy text dummy text dummy "
            text run at (652,16) width 132: "text dummy text dummy"
            text run at (0,32) width 272: "text dummy text dummy text dummy text dummy "
            text run at (272,32) width 408: "text dummy text dummy text dummy text dummy text dummy text dummy "
            text run at (680,32) width 92: "text dummy text"
            text run at (0,48) width 312: "dummy text dummy text dummy text dummy text dummy "
            text run at (312,48) width 408: "text dummy text dummy text dummy text dummy text dummy text dummy "
            text run at (720,48) width 64: "text dummy"
            text run at (0,64) width 340: "text dummy text dummy text dummy text dummy text dummy "
            text run at (340,64) width 364: "text dummy text dummy text dummy text dummy text dummy text"
        RenderText {#text} at (0,0) size 0x0
