layer at (0,0) size 785x708
  RenderView at (0,0) size 785x600
layer at (0,0) size 785x708
  RenderBlock {HTML} at (0,0) size 785x708
    RenderBody {BODY} at (8,18) size 769x672 [color=#000080]
      RenderBlock {P} at (0,0) size 769x672
        RenderText {#text} at (0,38) size 757x20
          text run at (0,38) width 757: "This text should be 18px sans-serif, in small-caps and italicized. The lines should be one inch apart."
        RenderInline {SPAN} at (0,0) size 769x500 [color=#C0C0C0]
          RenderText {#text} at (0,134) size 769x500
            text run at (0,134) width 504: "dummy text dummy text dummy text dummy text dummy text dummy "
            text run at (503,134) width 266: "text dummy text dummy text dummy"
            text run at (0,230) width 271: "text dummy text dummy text dummy "
            text run at (270,230) width 483: "text dummy text dummy text dummy text dummy text dummy text"
            text run at (0,326) width 54: "dummy "
            text run at (53,326) width 541: "text dummy text dummy text dummy text dummy text dummy text dummy "
            text run at (593,326) width 176: "text dummy text dummy"
            text run at (0,422) width 361: "text dummy text dummy text dummy text dummy "
            text run at (360,422) width 393: "text dummy text dummy text dummy text dummy text"
            text run at (0,518) width 144: "dummy text dummy "
            text run at (143,518) width 541: "text dummy text dummy text dummy text dummy text dummy text dummy "
            text run at (683,518) width 86: "text dummy"
            text run at (0,614) width 393: "text dummy text dummy text dummy text dummy text"
        RenderText {#text} at (0,0) size 0x0
