layer at (0,0) size 800x600
  RenderView at (0,0) size 800x600
layer at (0,0) size 800x414
  RenderBlock {HTML} at (0,0) size 800x414
    RenderBody {BODY} at (8,18) size 784x378 [color=#000080]
      RenderBlock {P} at (0,0) size 784x378
        RenderText {#text} at (0,16) size 759x76
          text run at (0,16) width 759: "This text should be 18px sans-serif, in small-caps, italicized, and very light. There should be a 36px"
          text run at (0,70) width 174: "gap between each line. "
        RenderInline {SPAN} at (0,0) size 768x292 [color=#C0C0C0]
          RenderText {#text} at (174,70) size 768x292
            text run at (174,70) width 503: "dummy text dummy text dummy text dummy text dummy text dummy "
            text run at (677,70) width 85: "text dummy"
            text run at (0,124) width 450: "text dummy text dummy text dummy text dummy text dummy "
            text run at (450,124) width 302: "text dummy text dummy text dummy text"
            text run at (0,178) width 233: "dummy text dummy text dummy "
            text run at (233,178) width 535: "text dummy text dummy text dummy text dummy text dummy text dummy"
            text run at (0,232) width 540: "text dummy text dummy text dummy text dummy text dummy text dummy "
            text run at (540,232) width 212: "text dummy text dummy text"
            text run at (0,286) width 323: "dummy text dummy text dummy text dummy "
            text run at (323,286) width 445: "text dummy text dummy text dummy text dummy text dummy"
            text run at (0,340) width 90: "text dummy "
            text run at (90,340) width 482: "text dummy text dummy text dummy text dummy text dummy text"
        RenderText {#text} at (0,0) size 0x0
