layer at (0,0) size 800x600
  RenderView at (0,0) size 800x600
layer at (0,0) size 800x157
  RenderBlock {HTML} at (0,0) size 800x157
    RenderBody {BODY} at (8,16) size 784x133
      RenderBlock {P} at (0,0) size 784x20
        RenderText {#text} at (0,0) size 445x19
          text run at (0,0) width 445: "There should be a solid single uninterrupted smooth column of blue below."
      RenderBlock {DIV} at (0,36) size 784x97 [color=#000080]
        RenderBlock {DIV} at (0,0) size 784x32
          RenderText {#text} at (0,0) size 32x32
            text run at (0,0) width 32: "x"
        RenderBlock {DIV} at (0,32) size 784x33
          RenderText {#text} at (0,0) size 33x33
            text run at (0,0) width 33: "x"
        RenderBlock {DIV} at (0,65) size 784x32
          RenderText {#text} at (0,0) size 32x32
            text run at (0,0) width 32: "x"
