layer at (0,0) size 800x600
  RenderView at (0,0) size 800x600
layer at (0,0) size 800x464
  RenderBlock {HTML} at (0,0) size 800x464
    RenderBody {BODY} at (8,16) size 784x432
      RenderBlock {P} at (0,0) size 784x20 [color=#000080]
        RenderText {#text} at (0,0) size 203x19
          text run at (0,0) width 203: "This sentence should be normal."
      RenderBlock {P} at (0,36) size 784x20 [color=#000080]
        RenderText {#text} at (0,0) size 300x19
          text run at (0,0) width 300: "This sentence should be bolder than normal."
      RenderBlock {P} at (0,72) size 784x20 [color=#000080]
        RenderText {#text} at (0,0) size 198x19
          text run at (0,0) width 198: "This sentence should be bold."
      RenderBlock {H4} at (0,113) size 784x21 [color=#000080]
        RenderText {#text} at (0,0) size 202x19
          text run at (0,0) width 202: "Whatever this line looks like..."
      RenderBlock {H4} at (0,154) size 784x21 [color=#000080]
        RenderText {#text} at (0,0) size 290x19
          text run at (0,0) width 290: "...this line should look bolder (or the same)."
      RenderBlock {P} at (0,195) size 784x21 [color=#000080]
        RenderInline {B} at (0,0) size 203x19
          RenderText {#text} at (0,0) size 203x19
            text run at (0,0) width 203: "This sentence should be normal."
        RenderText {#text} at (0,0) size 0x0
      RenderBlock {P} at (0,231) size 784x21 [color=#000080]
        RenderText {#text} at (0,0) size 219x19
          text run at (0,0) width 219: "This sentence should be very light."
      RenderBlock {P} at (0,267) size 784x21 [color=#000080]
        RenderText {#text} at (0,0) size 335x19
          text run at (0,0) width 335: "This sentence should be slightly bolder (or the same)."
      RenderBlock {P} at (0,303) size 784x21 [color=#000080]
        RenderText {#text} at (0,0) size 373x19
          text run at (0,0) width 373: "This sentence should be slightly bolder again (or the same)."
      RenderBlock {P} at (0,339) size 784x21 [color=#000080]
        RenderText {#text} at (0,0) size 417x19
          text run at (0,0) width 417: "This sentence should be slightly bolder still (but not the same)."
      RenderBlock {P} at (0,375) size 784x21 [color=#000080]
        RenderText {#text} at (0,0) size 509x19
          text run at (0,0) width 509: "This sentence should be the most bold (and maybe the same as the last one)."
      RenderBlock {P} at (0,411) size 784x21 [color=#000080]
        RenderText {#text} at (0,0) size 202x19
          text run at (0,0) width 202: "This sentence should be bold. "
        RenderInline {SPAN} at (0,0) size 203x19
          RenderText {#text} at (202,0) size 203x19
            text run at (202,0) width 203: "This sentence should be normal."
        RenderText {#text} at (0,0) size 0x0
