layer at (0,0) size 800x600
  RenderView at (0,0) size 800x600
layer at (0,0) size 800x156
  RenderBlock {HTML} at (0,0) size 800x156
    RenderBody {BODY} at (8,13) size 784x130 [color=#000080]
      RenderBlock {P} at (0,0) size 784x130
        RenderText {#text} at (0,5) size 339x15
          text run at (0,5) width 339: "This text should be small and cursive, with double line spacing. "
        RenderInline {SPAN} at (0,0) size 784x119 [color=#C0C0C0]
          RenderText {#text} at (339,5) size 784x119
            text run at (339,5) width 362: "dummy text dummy text dummy text dummy text dummy text dummy "
            text run at (701,5) width 83: "text dummy text"
            text run at (0,31) width 298: "dummy text dummy text dummy text dummy text dummy "
            text run at (298,31) width 384: "text dummy text dummy text dummy text dummy text dummy text dummy "
            text run at (682,31) width 83: "text dummy text"
            text run at (0,57) width 298: "dummy text dummy text dummy text dummy text dummy "
            text run at (298,57) width 384: "text dummy text dummy text dummy text dummy text dummy text dummy "
            text run at (682,57) width 83: "text dummy text"
            text run at (0,83) width 298: "dummy text dummy text dummy text dummy text dummy "
            text run at (298,83) width 384: "text dummy text dummy text dummy text dummy text dummy text dummy "
            text run at (682,83) width 83: "text dummy text"
            text run at (0,109) width 253: "dummy text dummy text dummy text dummy text"
        RenderText {#text} at (0,0) size 0x0
