layer at (0,0) size 800x600
  RenderView at (0,0) size 800x600
layer at (0,0) size 800x324
  RenderBlock {HTML} at (0,0) size 800x324
    RenderBody {BODY} at (8,18) size 784x288 [color=#000080]
      RenderBlock {P} at (0,0) size 784x288
        RenderText {#text} at (0,7) size 783x57
          text run at (0,7) width 783: "This text should be 18px sans-serif, in small-caps, oblique, and bold. There should be a 9px"
          text run at (0,43) width 201: "gap between each line. "
        RenderInline {SPAN} at (0,0) size 737x237 [color=#C0C0C0]
          RenderText {#text} at (201,43) size 737x237
            text run at (201,43) width 525: "dummy text dummy text dummy text dummy text dummy text"
            text run at (0,79) width 69: "dummy "
            text run at (69,79) width 636: "text dummy text dummy text dummy text dummy text dummy text dummy "
            text run at (705,79) width 32: "text"
            text run at (0,115) width 599: "dummy text dummy text dummy text dummy text dummy text dummy "
            text run at (599,115) width 138: "text dummy text"
            text run at (0,151) width 493: "dummy text dummy text dummy text dummy text dummy "
            text run at (493,151) width 244: "text dummy text dummy text"
            text run at (0,187) width 387: "dummy text dummy text dummy text dummy "
            text run at (387,187) width 350: "text dummy text dummy text dummy text"
            text run at (0,223) width 281: "dummy text dummy text dummy "
            text run at (281,223) width 456: "text dummy text dummy text dummy text dummy text"
            text run at (0,259) width 175: "dummy text dummy "
            text run at (175,259) width 562: "text dummy text dummy text dummy text dummy text dummy text"
        RenderText {#text} at (0,0) size 0x0
