layer at (0,0) size 800x600
  RenderView at (0,0) size 800x600
layer at (0,0) size 800x225
  RenderBlock {HTML} at (0,0) size 800x225
    RenderBody {BODY} at (8,18) size 784x189 [color=#000080]
      RenderBlock {P} at (0,0) size 784x189
        RenderText {#text} at (0,3) size 760x48
          text run at (0,3) width 760: "This text should be 18px sans-serif, in small-caps, italicized, and very bold. There should be a 9px"
          text run at (0,30) width 178: "gap between each line. "
        RenderInline {SPAN} at (0,0) size 768x156 [color=#C0C0C0]
          RenderText {#text} at (178,30) size 768x156
            text run at (178,30) width 503: "dummy text dummy text dummy text dummy text dummy text dummy "
            text run at (681,30) width 85: "text dummy"
            text run at (0,57) width 450: "text dummy text dummy text dummy text dummy text dummy "
            text run at (450,57) width 302: "text dummy text dummy text dummy text"
            text run at (0,84) width 233: "dummy text dummy text dummy "
            text run at (233,84) width 535: "text dummy text dummy text dummy text dummy text dummy text dummy"
            text run at (0,111) width 540: "text dummy text dummy text dummy text dummy text dummy text dummy "
            text run at (540,111) width 212: "text dummy text dummy text"
            text run at (0,138) width 323: "dummy text dummy text dummy text dummy "
            text run at (323,138) width 445: "text dummy text dummy text dummy text dummy text dummy"
            text run at (0,165) width 90: "text dummy "
            text run at (90,165) width 482: "text dummy text dummy text dummy text dummy text dummy text"
        RenderText {#text} at (0,0) size 0x0
