layer at (0,0) size 800x600
  RenderView at (0,0) size 800x600
layer at (0,0) size 800x236
  RenderBlock {HTML} at (0,0) size 800x236
    RenderBody {BODY} at (8,16) size 784x212
      RenderBlock {P} at (0,0) size 784x40 [bgcolor=#00FFFF]
        RenderText {#text} at (392,0) size 751x39
          text run at (392,0) width 359: "The first line of this sentence should be indented halfway"
          text run at (0,20) width 66: "across the "
          text run at (66,20) width 415: "page, but the rest of it should be flush with the normal left margin "
          text run at (481,20) width 74: "of the page."
      RenderBlock {P} at (0,56) size 784x80 [bgcolor=#00FFFF]
        RenderText {#text} at (80,0) size 211x19
          text run at (80,0) width 211: "Only the first line of this sentence"
        RenderBR {BR} at (291,0) size 0x19
        RenderText {#text} at (0,20) size 123x19
          text run at (0,20) width 123: "should be indented,"
        RenderBR {BR} at (123,20) size 0x19
        RenderText {#text} at (0,40) size 145x19
          text run at (0,40) width 145: "the others should all be"
        RenderBR {BR} at (145,40) size 0x19
        RenderInline {EM} at (0,0) size 113x19
          RenderText {#text} at (0,60) size 113x19
            text run at (0,60) width 113: "aligned on the left"
        RenderText {#text} at (113,60) size 99x19
          text run at (113,60) width 99: " of the window."
      RenderBlock {DIV} at (0,152) size 196x60 [bgcolor=#00FFFF]
        RenderText {#text} at (98,0) size 178x59
          text run at (98,0) width 77: "X The X on"
          text run at (0,20) width 169: "the previous line should be"
          text run at (0,40) width 178: "centered across the window."
