layer at (0,0) size 800x600
  RenderView at (0,0) size 800x600
layer at (0,0) size 800x156
  RenderBlock {HTML} at (0,0) size 800x156
    RenderBody {BODY} at (8,16) size 784x132
      RenderBlock {P} at (0,0) size 784x20
        RenderText {#text} at (0,0) size 265x19
          text run at (0,0) width 265: "There should be a single green block below."
      RenderBlock {DIV} at (0,36) size 231x96 [color=#008000] [bgcolor=#FF0000] [border: (3px solid #000000)]
        RenderBlock {P} at (3,3) size 225x45
          RenderText {#text} at (0,0) size 165x45
            text run at (0,0) width 120: "x  x   x"
            text run at (120,0) width 0: " "
            text run at (0,15) width 165: " x    x   x"
            text run at (165,15) width 0: " "
            text run at (0,30) width 135: "    x   x"
        RenderBlock {P} at (3,48) size 225x15
          RenderText {#text} at (0,0) size 225x15
            text run at (0,0) width 30: "x "
            text run at (30,0) width 30: "x "
            text run at (60,0) width 30: "x "
            text run at (90,0) width 30: "x "
            text run at (120,0) width 30: "x "
            text run at (150,0) width 30: "x "
            text run at (180,0) width 30: "x "
            text run at (210,0) width 15: "x"
        RenderBlock {P} at (3,63) size 225x30
          RenderText {#text} at (0,0) size 120x30
            text run at (0,0) width 120: "x  x   x"
            text run at (120,0) width 0: " "
            text run at (0,15) width 90: " x    "
          RenderInline {SPAN} at (0,0) size 105x15
            RenderText {#text} at (90,15) size 105x15
              text run at (90,15) width 30: "x "
              text run at (120,15) width 30: "x "
              text run at (150,15) width 30: "x "
              text run at (180,15) width 15: "x"
