layer at (0,0) size 800x600
  RenderView at (0,0) size 800x600
layer at (0,0) size 800x420
  RenderBlock {HTML} at (0,0) size 800x420
    RenderBody {BODY} at (8,16) size 784x388
      RenderBlock {P} at (0,0) size 784x20 [color=#000080]
        RenderText {#text} at (0,0) size 234x19
          text run at (0,0) width 234: "This sentence should be left-justified."
      RenderBlock {P} at (0,36) size 784x20 [color=#000080]
        RenderText {#text} at (541,0) size 243x19
          text run at (541,0) width 243: "This sentence should be right-justified."
      RenderBlock {P} at (0,72) size 784x20 [color=#000080]
        RenderText {#text} at (286,0) size 212x19
          text run at (286,0) width 212: "This sentence should be centered."
      RenderBlock {P} at (0,108) size 784x280 [color=#000080]
        RenderText {#text} at (0,0) size 498x19
          text run at (0,0) width 393: "This paragraph should be justified (the right and left margins "
          text run at (392,0) width 106: "should line up). "
        RenderInline {SPAN} at (0,0) size 784x279 [color=#C0C0C0]
          RenderText {#text} at (497,0) size 784x279
            text run at (497,0) width 287: "This is just lovely dummy text. Dummy text."
            text run at (0,20) width 57: "Dummy "
            text run at (56,20) width 530: "text. This is just lovely dummy text. This is just lovely dummy text. Dummy text. "
            text run at (585,20) width 199: "This is just lovely dummy text."
            text run at (0,40) width 350: "This is just lovely dummy text. Dummy text. Dummy "
            text run at (349,40) width 435: "text. This is just lovely dummy text. This is just lovely dummy text."
            text run at (0,60) width 89: "Dummy text. "
            text run at (88,60) width 551: "This is just lovely dummy text. This is just lovely dummy text. Dummy text. Dummy "
            text run at (638,60) width 146: "text. This is just lovely"
            text run at (0,80) width 380: "dummy text. This is just lovely dummy text. Dummy text. "
            text run at (379,80) width 405: "This is just lovely dummy text. This is just lovely dummy text."
            text run at (0,100) width 146: "Dummy text. Dummy "
            text run at (145,100) width 526: "text. This is just lovely dummy text. This is just lovely dummy text. Dummy text. "
            text run at (670,100) width 114: "This is just lovely"
            text run at (0,120) width 435: "dummy text. This is just lovely dummy text. Dummy text. Dummy "
            text run at (434,120) width 350: "text. This is just lovely dummy text. This is just lovely"
            text run at (0,140) width 171: "dummy text. Dummy text. "
            text run at (170,140) width 541: "This is just lovely dummy text. This is just lovely dummy text. Dummy text. Dummy "
            text run at (710,140) width 74: "text. This is"
            text run at (0,160) width 459: "just lovely dummy text. This is just lovely dummy text. Dummy text. "
            text run at (458,160) width 326: "This is just lovely dummy text. This is just lovely"
            text run at (0,180) width 227: "dummy text. Dummy text. Dummy "
            text run at (226,180) width 516: "text. This is just lovely dummy text. This is just lovely dummy text. Dummy text. "
            text run at (741,180) width 43: "This is"
            text run at (0,200) width 506: "just lovely dummy text. This is just lovely dummy text. Dummy text. Dummy "
            text run at (505,200) width 279: "text. This is just lovely dummy text. This is"
            text run at (0,220) width 242: "just lovely dummy text. Dummy text. "
            text run at (242,220) width 542: "This is just lovely dummy text. This is just lovely dummy text. Dummy text. Dummy"
            text run at (0,240) width 517: "text. This is just lovely dummy text. This is just lovely dummy text. Dummy text. "
            text run at (516,240) width 268: "This is just lovely dummy text. This is just"
            text run at (0,260) width 269: "lovely dummy text. Dummy text. Dummy "
            text run at (269,260) width 118: "text. Dummy text. "
        RenderText {#text} at (387,260) size 381x19
          text run at (387,260) width 260: "This sentence should be at the end of the "
          text run at (647,260) width 121: "block, not justified."
