layer at (0,0) size 800x600
  RenderView at (0,0) size 800x600
layer at (0,0) size 800x240
  RenderBlock {HTML} at (0,0) size 800x240
    RenderBody {BODY} at (8,16) size 784x216
      RenderBlock {P} at (0,0) size 784x20
        RenderText {#text} at (0,0) size 317x19
          text run at (0,0) width 317: "There should be no red borders on the table below"
      RenderTable {TABLE} at (0,36) size 157x180 [border: (2px none #808080)]
        RenderTableSection {TBODY} at (2,2) size 152x175
          RenderTableRow {TR} at (0,0) size 152x58
            RenderTableCell {TD} at (0,15) size 49x28 [border: (3px dotted #00FF00)] [r=0 c=0 rs=1 cs=1]
              RenderText {#text} at (4,3) size 39x21
                text run at (4,4) width 39: "dotted"
            RenderTableCell {TD} at (49,14) size 55x30 [border: (3px dotted #00FF00) (5px dotted #FF0000) (3px dotted #00FF00)] [r=0 c=1 rs=1 cs=1]
              RenderText {#text} at (4,4) size 39x19
                text run at (4,4) width 39: "dotted"
            RenderTableCell {TD} at (104,15) size 48x28 [border: (3px dotted #00FF00)] [r=0 c=2 rs=1 cs=1]
              RenderText {#text} at (4,3) size 39x21
                text run at (4,4) width 39: "dotted"
          RenderTableRow {TR} at (0,58) size 152x60
            RenderTableCell {TD} at (0,74) size 49x28 [border: (3px dotted #00FF00) (5px dotted #FF0000) (2px dotted #00FF00)] [r=1 c=0 rs=1 cs=1]
              RenderText {#text} at (4,3) size 39x21
                text run at (4,4) width 39: "dotted"
            RenderTableCell {TD} at (49,72) size 55x32 [border: (5px double #00FF00)] [r=1 c=1 rs=1 cs=1]
              RenderText {#text} at (6,6) size 43x19
                text run at (6,6) width 43: "double"
            RenderTableCell {TD} at (104,74) size 48x28 [border: (3px dotted #00FF00) (5px dotted #FF0000)] [r=1 c=2 rs=1 cs=1]
              RenderText {#text} at (6,3) size 39x21
                text run at (6,4) width 39: "dotted"
          RenderTableRow {TR} at (0,118) size 152x57
            RenderTableCell {TD} at (0,133) size 49x27 [border: (3px dotted #00FF00)] [r=2 c=0 rs=1 cs=1]
              RenderText {#text} at (4,4) size 39x19
                text run at (4,4) width 39: "dotted"
            RenderTableCell {TD} at (49,132) size 55x29 [border: (5px dotted #FF0000) (2px dotted #00FF00)] [r=2 c=1 rs=1 cs=1]
              RenderText {#text} at (4,6) size 39x19
                text run at (4,6) width 39: "dotted"
            RenderTableCell {TD} at (104,133) size 48x27 [border: (3px dotted #00FF00)] [r=2 c=2 rs=1 cs=1]
              RenderText {#text} at (4,4) size 39x19
                text run at (4,4) width 39: "dotted"
