layer at (0,0) size 800x600
  RenderView at (0,0) size 800x600
layer at (0,0) size 800x230
  RenderBlock {HTML} at (0,0) size 800x230
    RenderBody {BODY} at (8,16) size 784x206
      RenderBlock {P} at (0,0) size 784x20
        RenderText {#text} at (0,0) size 306x19
          text run at (0,0) width 306: "There should be no red borders on the table below"
      RenderTable {TABLE} at (0,36) size 109x170 [border: (2px none #808080)]
        RenderTableSection {TBODY} at (2,2) size 104x165
          RenderTableRow {TR} at (0,0) size 104x55
            RenderTableCell {TD} at (0,14) size 34x27 [border: (3px inset #00FF00)] [r=0 c=0 rs=1 cs=1]
              RenderText {#text} at (4,4) size 27x19
                text run at (4,4) width 27: "inset"
            RenderTableCell {TD} at (34,14) size 36x27 [border: (3px inset #00FF00)] [r=0 c=1 rs=1 cs=1]
              RenderText {#text} at (4,4) size 27x19
                text run at (4,4) width 27: "inset"
            RenderTableCell {TD} at (70,14) size 34x27 [border: (3px inset #00FF00)] [r=0 c=2 rs=1 cs=1]
              RenderText {#text} at (4,4) size 27x19
                text run at (4,4) width 27: "inset"
          RenderTableRow {TR} at (0,55) size 104x55
            RenderTableCell {TD} at (0,69) size 34x27 [border: (3px inset #00FF00)] [r=1 c=0 rs=1 cs=1]
              RenderText {#text} at (4,4) size 27x19
                text run at (4,4) width 27: "inset"
            RenderTableCell {TD} at (34,69) size 36x27 [border: (3px none #FF0000)] [r=1 c=1 rs=1 cs=1]
              RenderText {#text} at (4,4) size 29x19
                text run at (4,4) width 29: "none"
            RenderTableCell {TD} at (70,69) size 34x27 [border: (3px inset #00FF00)] [r=1 c=2 rs=1 cs=1]
              RenderText {#text} at (4,4) size 27x19
                text run at (4,4) width 27: "inset"
          RenderTableRow {TR} at (0,110) size 104x55
            RenderTableCell {TD} at (0,124) size 34x27 [border: (3px inset #00FF00)] [r=2 c=0 rs=1 cs=1]
              RenderText {#text} at (4,4) size 27x19
                text run at (4,4) width 27: "inset"
            RenderTableCell {TD} at (34,124) size 36x27 [border: (3px inset #00FF00)] [r=2 c=1 rs=1 cs=1]
              RenderText {#text} at (4,4) size 27x19
                text run at (4,4) width 27: "inset"
            RenderTableCell {TD} at (70,124) size 34x27 [border: (3px inset #00FF00)] [r=2 c=2 rs=1 cs=1]
              RenderText {#text} at (4,4) size 27x19
                text run at (4,4) width 27: "inset"
