layer at (0,0) size 800x600
  RenderView at (0,0) size 800x600
layer at (0,0) size 800x210
  RenderBlock {HTML} at (0,0) size 800x210
    RenderBody {BODY} at (8,16) size 784x186
      RenderBlock {P} at (0,0) size 784x20
        RenderText {#text} at (0,0) size 306x19
          text run at (0,0) width 306: "There should be no red borders on the table below"
      RenderTable {TABLE} at (0,36) size 104x150
        RenderTableSection {TBODY} at (0,0) size 104x150
          RenderTableRow {TR} at (0,0) size 104x50
            RenderTableCell {TD} at (0,14) size 31x22 [r=0 c=0 rs=1 cs=1]
              RenderText {#text} at (1,1) size 29x19
                text run at (1,1) width 29: "none"
            RenderTableCell {TD} at (31,14) size 42x22 [r=0 c=1 rs=1 cs=1]
              RenderText {#text} at (1,1) size 29x19
                text run at (1,1) width 29: "none"
            RenderTableCell {TD} at (73,14) size 31x22 [r=0 c=2 rs=1 cs=1]
              RenderText {#text} at (1,1) size 29x19
                text run at (1,1) width 29: "none"
          RenderTableRow {TR} at (0,50) size 104x50
            RenderTableCell {TD} at (0,64) size 31x22 [r=1 c=0 rs=1 cs=1]
              RenderText {#text} at (1,1) size 29x19
                text run at (1,1) width 29: "none"
            RenderTableCell {TD} at (31,64) size 42x22 [r=1 c=1 rs=1 cs=1]
              RenderText {#text} at (1,1) size 40x19
                text run at (1,1) width 40: "hidden"
            RenderTableCell {TD} at (73,64) size 31x22 [r=1 c=2 rs=1 cs=1]
              RenderText {#text} at (1,1) size 29x19
                text run at (1,1) width 29: "none"
          RenderTableRow {TR} at (0,100) size 104x50
            RenderTableCell {TD} at (0,114) size 31x22 [r=2 c=0 rs=1 cs=1]
              RenderText {#text} at (1,1) size 29x19
                text run at (1,1) width 29: "none"
            RenderTableCell {TD} at (31,114) size 42x22 [r=2 c=1 rs=1 cs=1]
              RenderText {#text} at (1,1) size 29x19
                text run at (1,1) width 29: "none"
            RenderTableCell {TD} at (73,114) size 31x22 [r=2 c=2 rs=1 cs=1]
              RenderText {#text} at (1,1) size 29x19
                text run at (1,1) width 29: "none"
