layer at (0,0) size 800x600
  RenderView at (0,0) size 800x600
layer at (0,0) size 800x230
  RenderBlock {HTML} at (0,0) size 800x230
    RenderBody {BODY} at (8,16) size 784x206
      RenderBlock {P} at (0,0) size 784x20
        RenderText {#text} at (0,0) size 306x19
          text run at (0,0) width 306: "There should be no red borders on the table below"
      RenderTable {TABLE} at (0,36) size 115x170 [border: (2px none #808080)]
        RenderTableSection {TBODY} at (2,2) size 110x165
          RenderTableRow {TR} at (0,0) size 110x55
            RenderTableCell {TD} at (0,14) size 34x27 [border: (3px inset #00FF00)] [r=0 c=0 rs=1 cs=1]
              RenderText {#text} at (4,4) size 27x19
                text run at (4,4) width 27: "inset"
            RenderTableCell {TD} at (34,15) size 42x25 [border: (3px inset #00FF00) none (3px inset #00FF00)] [r=0 c=1 rs=1 cs=1]
              RenderText {#text} at (4,4) size 27x19
                text run at (4,4) width 27: "inset"
            RenderTableCell {TD} at (76,14) size 34x27 [border: (3px inset #00FF00)] [r=0 c=2 rs=1 cs=1]
              RenderText {#text} at (4,4) size 27x19
                text run at (4,4) width 27: "inset"
          RenderTableRow {TR} at (0,55) size 110x55
            RenderTableCell {TD} at (0,69) size 34x27 [border: (3px inset #00FF00) none (2px inset #00FF00)] [r=1 c=0 rs=1 cs=1]
              RenderText {#text} at (4,4) size 27x19
                text run at (4,4) width 27: "inset"
            RenderTableCell {TD} at (34,71) size 42x23 [r=1 c=1 rs=1 cs=1]
              RenderText {#text} at (1,0) size 40x21
                text run at (1,1) width 40: "hidden"
            RenderTableCell {TD} at (76,69) size 34x27 [border: (3px inset #00FF00) none] [r=1 c=2 rs=1 cs=1]
              RenderText {#text} at (1,4) size 27x19
                text run at (1,4) width 27: "inset"
          RenderTableRow {TR} at (0,110) size 110x55
            RenderTableCell {TD} at (0,124) size 34x27 [border: (3px inset #00FF00)] [r=2 c=0 rs=1 cs=1]
              RenderText {#text} at (4,4) size 27x19
                text run at (4,4) width 27: "inset"
            RenderTableCell {TD} at (34,125) size 42x25 [border: none (2px inset #00FF00)] [r=2 c=1 rs=1 cs=1]
              RenderText {#text} at (4,0) size 27x21
                text run at (4,1) width 27: "inset"
            RenderTableCell {TD} at (76,124) size 34x27 [border: (3px inset #00FF00)] [r=2 c=2 rs=1 cs=1]
              RenderText {#text} at (4,4) size 27x19
                text run at (4,4) width 27: "inset"
