layer at (0,0) size 800x600
  RenderView at (0,0) size 800x600
layer at (0,0) size 800x240
  RenderBlock {HTML} at (0,0) size 800x240
    RenderBody {BODY} at (8,16) size 784x216
      RenderBlock {P} at (0,0) size 784x20
        RenderText {#text} at (0,0) size 306x19
          text run at (0,0) width 306: "There should be no red borders on the table below"
      RenderTable {TABLE} at (0,36) size 138x180 [border: (2px none #808080)]
        RenderTableSection {TBODY} at (2,2) size 133x175
          RenderTableRow {TR} at (0,0) size 133x58
            RenderTableCell {TD} at (0,15) size 40x28 [border: (3px ridge #00FF00)] [r=0 c=0 rs=1 cs=1]
              RenderText {#text} at (4,3) size 30x21
                text run at (4,4) width 30: "ridge"
            RenderTableCell {TD} at (40,14) size 54x30 [border: (3px ridge #00FF00) (5px ridge #FF0000) (3px ridge #00FF00)] [r=0 c=1 rs=1 cs=1]
              RenderText {#text} at (4,4) size 30x19
                text run at (4,4) width 30: "ridge"
            RenderTableCell {TD} at (94,15) size 39x28 [border: (3px ridge #00FF00)] [r=0 c=2 rs=1 cs=1]
              RenderText {#text} at (4,3) size 30x21
                text run at (4,4) width 30: "ridge"
          RenderTableRow {TR} at (0,58) size 133x60
            RenderTableCell {TD} at (0,74) size 40x28 [border: (3px ridge #00FF00) (5px ridge #FF0000) (2px ridge #00FF00)] [r=1 c=0 rs=1 cs=1]
              RenderText {#text} at (4,3) size 30x21
                text run at (4,4) width 30: "ridge"
            RenderTableCell {TD} at (40,72) size 54x32 [border: (5px groove #00FF00)] [r=1 c=1 rs=1 cs=1]
              RenderText {#text} at (6,6) size 42x19
                text run at (6,6) width 42: "groove"
            RenderTableCell {TD} at (94,74) size 39x28 [border: (3px ridge #00FF00) (5px ridge #FF0000)] [r=1 c=2 rs=1 cs=1]
              RenderText {#text} at (6,3) size 30x21
                text run at (6,4) width 30: "ridge"
          RenderTableRow {TR} at (0,118) size 133x57
            RenderTableCell {TD} at (0,133) size 40x27 [border: (3px ridge #00FF00)] [r=2 c=0 rs=1 cs=1]
              RenderText {#text} at (4,4) size 30x19
                text run at (4,4) width 30: "ridge"
            RenderTableCell {TD} at (40,132) size 54x29 [border: (5px ridge #FF0000) (2px ridge #00FF00)] [r=2 c=1 rs=1 cs=1]
              RenderText {#text} at (4,6) size 30x19
                text run at (4,6) width 30: "ridge"
            RenderTableCell {TD} at (94,133) size 39x27 [border: (3px ridge #00FF00)] [r=2 c=2 rs=1 cs=1]
              RenderText {#text} at (4,4) size 30x19
                text run at (4,4) width 30: "ridge"
