layer at (0,0) size 800x600
  RenderView at (0,0) size 800x600
layer at (0,0) size 800x230
  RenderBlock {HTML} at (0,0) size 800x230
    RenderBody {BODY} at (8,16) size 784x206
      RenderBlock {P} at (0,0) size 784x20
        RenderText {#text} at (0,0) size 317x19
          text run at (0,0) width 317: "There should be no red borders on the table below"
      RenderTable {TABLE} at (0,36) size 155x170 [border: (2px none #808080)]
        RenderTableSection {TBODY} at (2,2) size 150x165
          RenderTableRow {TR} at (0,0) size 150x55
            RenderTableCell {TD} at (0,14) size 50x27 [border: (3px double #00FF00)] [r=0 c=0 rs=1 cs=1]
              RenderText {#text} at (4,4) size 43x19
                text run at (4,4) width 43: "double"
            RenderTableCell {TD} at (50,15) size 50x25 [border: (3px double #00FF00) none (3px double #00FF00)] [r=0 c=1 rs=1 cs=1]
              RenderText {#text} at (4,4) size 43x19
                text run at (4,4) width 43: "double"
            RenderTableCell {TD} at (100,14) size 50x27 [border: (3px double #00FF00)] [r=0 c=2 rs=1 cs=1]
              RenderText {#text} at (4,4) size 43x19
                text run at (4,4) width 43: "double"
          RenderTableRow {TR} at (0,55) size 150x55
            RenderTableCell {TD} at (0,69) size 50x27 [border: (3px double #00FF00) none (2px double #00FF00)] [r=1 c=0 rs=1 cs=1]
              RenderText {#text} at (4,4) size 43x19
                text run at (4,4) width 43: "double"
            RenderTableCell {TD} at (50,71) size 50x23 [r=1 c=1 rs=1 cs=1]
              RenderText {#text} at (1,0) size 43x21
                text run at (1,1) width 43: "hidden"
            RenderTableCell {TD} at (100,69) size 50x27 [border: (3px double #00FF00) none] [r=1 c=2 rs=1 cs=1]
              RenderText {#text} at (1,4) size 43x19
                text run at (1,4) width 43: "double"
          RenderTableRow {TR} at (0,110) size 150x55
            RenderTableCell {TD} at (0,124) size 50x27 [border: (3px double #00FF00)] [r=2 c=0 rs=1 cs=1]
              RenderText {#text} at (4,4) size 43x19
                text run at (4,4) width 43: "double"
            RenderTableCell {TD} at (50,125) size 50x25 [border: none (2px double #00FF00)] [r=2 c=1 rs=1 cs=1]
              RenderText {#text} at (4,0) size 43x21
                text run at (4,1) width 43: "double"
            RenderTableCell {TD} at (100,124) size 50x27 [border: (3px double #00FF00)] [r=2 c=2 rs=1 cs=1]
              RenderText {#text} at (4,4) size 43x19
                text run at (4,4) width 43: "double"
