layer at (0,0) size 800x600
  RenderView at (0,0) size 800x600
layer at (0,0) size 800x240
  RenderBlock {HTML} at (0,0) size 800x240
    RenderBody {BODY} at (8,16) size 784x216
      RenderBlock {P} at (0,0) size 784x20
        RenderText {#text} at (0,0) size 306x19
          text run at (0,0) width 306: "There should be no red borders on the table below"
      RenderTable {TABLE} at (0,36) size 132x180 [border: (2px none #808080)]
        RenderTableSection {TBODY} at (2,2) size 127x175
          RenderTableRow {TR} at (0,0) size 127x58
            RenderTableCell {TD} at (0,15) size 37x28 [border: (3px inset #00FF00)] [r=0 c=0 rs=1 cs=1]
              RenderText {#text} at (4,3) size 27x21
                text run at (4,4) width 27: "inset"
            RenderTableCell {TD} at (37,14) size 54x30 [border: (3px inset #00FF00) (5px inset #FF0000) (3px inset #00FF00)] [r=0 c=1 rs=1 cs=1]
              RenderText {#text} at (4,4) size 27x19
                text run at (4,4) width 27: "inset"
            RenderTableCell {TD} at (91,15) size 36x28 [border: (3px inset #00FF00)] [r=0 c=2 rs=1 cs=1]
              RenderText {#text} at (4,3) size 27x21
                text run at (4,4) width 27: "inset"
          RenderTableRow {TR} at (0,58) size 127x60
            RenderTableCell {TD} at (0,74) size 37x28 [border: (3px inset #00FF00) (5px inset #FF0000) (2px inset #00FF00)] [r=1 c=0 rs=1 cs=1]
              RenderText {#text} at (4,3) size 27x21
                text run at (4,4) width 27: "inset"
            RenderTableCell {TD} at (37,72) size 54x32 [border: (5px groove #00FF00)] [r=1 c=1 rs=1 cs=1]
              RenderText {#text} at (6,6) size 42x19
                text run at (6,6) width 42: "groove"
            RenderTableCell {TD} at (91,74) size 36x28 [border: (3px inset #00FF00) (5px inset #FF0000)] [r=1 c=2 rs=1 cs=1]
              RenderText {#text} at (6,3) size 27x21
                text run at (6,4) width 27: "inset"
          RenderTableRow {TR} at (0,118) size 127x57
            RenderTableCell {TD} at (0,133) size 37x27 [border: (3px inset #00FF00)] [r=2 c=0 rs=1 cs=1]
              RenderText {#text} at (4,4) size 27x19
                text run at (4,4) width 27: "inset"
            RenderTableCell {TD} at (37,132) size 54x29 [border: (5px inset #FF0000) (2px inset #00FF00)] [r=2 c=1 rs=1 cs=1]
              RenderText {#text} at (4,6) size 27x19
                text run at (4,6) width 27: "inset"
            RenderTableCell {TD} at (91,133) size 36x27 [border: (3px inset #00FF00)] [r=2 c=2 rs=1 cs=1]
              RenderText {#text} at (4,4) size 27x19
                text run at (4,4) width 27: "inset"
