layer at (0,0) size 800x600
  RenderView at (0,0) size 800x600
layer at (0,0) size 800x230
  RenderBlock {HTML} at (0,0) size 800x230
    RenderBody {BODY} at (8,16) size 784x206
      RenderBlock {P} at (0,0) size 784x20
        RenderText {#text} at (0,0) size 306x19
          text run at (0,0) width 306: "There should be no red borders on the table below"
      RenderTable {TABLE} at (0,36) size 120x170
        RenderTableSection {TBODY} at (0,0) size 120x170
          RenderTableRow {TR} at (0,0) size 120x55
            RenderTableCell {TD} at (0,16) size 36x23 [r=0 c=0 rs=1 cs=1]
              RenderText {#text} at (1,0) size 29x21
                text run at (1,1) width 29: "none"
            RenderTableCell {TD} at (36,14) size 48x27 [border: none] [r=0 c=1 rs=1 cs=1]
              RenderText {#text} at (1,1) size 29x19
                text run at (1,1) width 29: "none"
            RenderTableCell {TD} at (84,16) size 36x23 [r=0 c=2 rs=1 cs=1]
              RenderText {#text} at (1,0) size 29x21
                text run at (1,1) width 29: "none"
          RenderTableRow {TR} at (0,55) size 120x60
            RenderTableCell {TD} at (0,74) size 36x22 [border: none] [r=1 c=0 rs=1 cs=1]
              RenderText {#text} at (1,1) size 29x19
                text run at (1,1) width 29: "none"
            RenderTableCell {TD} at (36,69) size 48x32 [border: (5px outset #00FF00)] [r=1 c=1 rs=1 cs=1]
              RenderText {#text} at (6,6) size 36x19
                text run at (6,6) width 36: "outset"
            RenderTableCell {TD} at (84,74) size 36x22 [border: none] [r=1 c=2 rs=1 cs=1]
              RenderText {#text} at (6,1) size 29x19
                text run at (6,1) width 29: "none"
          RenderTableRow {TR} at (0,115) size 120x55
            RenderTableCell {TD} at (0,131) size 36x23 [r=2 c=0 rs=1 cs=1]
              RenderText {#text} at (1,0) size 29x21
                text run at (1,1) width 29: "none"
            RenderTableCell {TD} at (36,129) size 48x27 [border: (5px none #FF0000)] [r=2 c=1 rs=1 cs=1]
              RenderText {#text} at (1,6) size 29x19
                text run at (1,6) width 29: "none"
            RenderTableCell {TD} at (84,131) size 36x23 [r=2 c=2 rs=1 cs=1]
              RenderText {#text} at (1,0) size 29x21
                text run at (1,1) width 29: "none"
