layer at (0,0) size 800x600
  RenderView at (0,0) size 800x600
layer at (0,0) size 800x240
  RenderBlock {HTML} at (0,0) size 800x240
    RenderBody {BODY} at (8,16) size 784x216
      RenderBlock {P} at (0,0) size 784x20
        RenderText {#text} at (0,0) size 306x19
          text run at (0,0) width 306: "There should be no red borders on the table below"
      RenderTable {TABLE} at (0,36) size 157x180 [border: (2px none #808080)]
        RenderTableSection {TBODY} at (2,2) size 152x175
          RenderTableRow {TR} at (0,0) size 152x58
            RenderTableCell {TD} at (0,15) size 52x28 [border: (3px groove #00FF00)] [r=0 c=0 rs=1 cs=1]
              RenderText {#text} at (4,3) size 42x21
                text run at (4,4) width 42: "groove"
            RenderTableCell {TD} at (52,14) size 49x30 [border: (3px groove #00FF00) (5px groove #FF0000) (3px groove #00FF00)] [r=0 c=1 rs=1 cs=1]
              RenderText {#text} at (4,4) size 42x19
                text run at (4,4) width 42: "groove"
            RenderTableCell {TD} at (101,15) size 51x28 [border: (3px groove #00FF00)] [r=0 c=2 rs=1 cs=1]
              RenderText {#text} at (4,3) size 42x21
                text run at (4,4) width 42: "groove"
          RenderTableRow {TR} at (0,58) size 152x60
            RenderTableCell {TD} at (0,74) size 52x28 [border: (3px groove #00FF00) (5px groove #FF0000) (2px groove #00FF00)] [r=1 c=0 rs=1 cs=1]
              RenderText {#text} at (4,3) size 42x21
                text run at (4,4) width 42: "groove"
            RenderTableCell {TD} at (52,72) size 49x32 [border: (5px solid #00FF00)] [r=1 c=1 rs=1 cs=1]
              RenderText {#text} at (6,6) size 28x19
                text run at (6,6) width 28: "solid"
            RenderTableCell {TD} at (101,74) size 51x28 [border: (3px groove #00FF00) (5px groove #FF0000)] [r=1 c=2 rs=1 cs=1]
              RenderText {#text} at (6,3) size 42x21
                text run at (6,4) width 42: "groove"
          RenderTableRow {TR} at (0,118) size 152x57
            RenderTableCell {TD} at (0,133) size 52x27 [border: (3px groove #00FF00)] [r=2 c=0 rs=1 cs=1]
              RenderText {#text} at (4,4) size 42x19
                text run at (4,4) width 42: "groove"
            RenderTableCell {TD} at (52,132) size 49x29 [border: (5px groove #FF0000) (2px groove #00FF00)] [r=2 c=1 rs=1 cs=1]
              RenderText {#text} at (4,6) size 42x19
                text run at (4,6) width 42: "groove"
            RenderTableCell {TD} at (101,133) size 51x27 [border: (3px groove #00FF00)] [r=2 c=2 rs=1 cs=1]
              RenderText {#text} at (4,4) size 42x19
                text run at (4,4) width 42: "groove"
