layer at (0,0) size 785x724
  RenderView at (0,0) size 785x600
layer at (0,0) size 785x724
  RenderBlock {HTML} at (0,0) size 785x724
    RenderBody {BODY} at (8,8) size 769x708
layer at (8,8) size 769x708
  RenderBlock {DIV} at (0,0) size 769x708
    RenderIFrame {IFRAME} at (0,0) size 704x704 [border: (2px inset #000000)]
      layer at (0,0) size 700x700
        RenderView at (0,0) size 700x700
      layer at (0,0) size 700x700
        RenderBlock {HTML} at (0,0) size 700x700
          RenderBody {BODY} at (8,8) size 684x684
            RenderBlock {DIV} at (0,0) size 684x36
              RenderText {#text} at (0,0) size 359x18
                text run at (0,0) width 359: "Each line of this test should match its style description ("
              RenderInline {I} at (0,0) size 180x18
                RenderText {#text} at (358,0) size 180x18
                  text run at (358,0) width 180: "-webkit-text-decoration-line"
              RenderText {#text} at (537,0) size 46x18
                text run at (537,0) width 46: " resets "
              RenderInline {I} at (0,0) size 98x18
                RenderText {#text} at (582,0) size 98x18
                  text run at (582,0) width 98: "text-decoration"
              RenderText {#text} at (679,0) size 684x36
                text run at (679,0) width 5: ","
                text run at (0,18) width 199: "except when the latter is set as "
              RenderInline {I} at (0,0) size 64x18
                RenderText {#text} at (198,18) size 64x18
                  text run at (198,18) width 64: "important"
              RenderText {#text} at (261,18) size 11x18
                text run at (261,18) width 11: "):"
            RenderBlock (anonymous) at (0,36) size 684x18
              RenderBR {BR} at (0,0) size 0x18
            RenderBlock {DIV} at (0,54) size 684x18
              RenderText {#text} at (0,0) size 148x18
                text run at (0,0) width 148: "This text is underlined "
              RenderInline {SPAN} at (0,0) size 117x18
                RenderText {#text} at (147,0) size 117x18
                  text run at (147,0) width 117: "(also inside span)."
            RenderBlock (anonymous) at (0,72) size 684x18
              RenderBR {BR} at (0,0) size 0x18
            RenderBlock {DIV} at (0,90) size 684x18
              RenderText {#text} at (0,0) size 140x18
                text run at (0,0) width 140: "This text is overlined "
              RenderInline {SPAN} at (0,0) size 117x18
                RenderText {#text} at (139,0) size 117x18
                  text run at (139,0) width 117: "(also inside span)."
            RenderBlock (anonymous) at (0,108) size 684x18
              RenderBR {BR} at (0,0) size 0x18
            RenderBlock {DIV} at (0,126) size 684x18
              RenderText {#text} at (0,0) size 180x18
                text run at (0,0) width 180: "This text has a line-through "
              RenderInline {SPAN} at (0,0) size 117x18
                RenderText {#text} at (179,0) size 117x18
                  text run at (179,0) width 117: "(also inside span)."
            RenderBlock (anonymous) at (0,144) size 684x18
              RenderBR {BR} at (0,0) size 0x18
            RenderBlock {DIV} at (0,162) size 684x18
              RenderText {#text} at (0,0) size 216x18
                text run at (0,0) width 216: "This text contains no decorations."
            RenderBlock (anonymous) at (0,180) size 684x18
              RenderBR {BR} at (0,0) size 0x18
            RenderBlock {DIV} at (0,198) size 684x18
              RenderText {#text} at (0,0) size 148x18
                text run at (0,0) width 148: "This text is underlined."
            RenderBlock (anonymous) at (0,216) size 684x18
              RenderBR {BR} at (0,0) size 0x18
            RenderBlock {DIV} at (0,234) size 684x18
              RenderText {#text} at (0,0) size 216x18
                text run at (0,0) width 216: "This text contains no decorations."
            RenderBlock (anonymous) at (0,252) size 684x18
              RenderBR {BR} at (0,0) size 0x18
            RenderBlock {DIV} at (0,270) size 684x18
              RenderText {#text} at (0,0) size 140x18
                text run at (0,0) width 140: "This text is overlined."
            RenderBlock (anonymous) at (0,288) size 684x18
              RenderBR {BR} at (0,0) size 0x18
            RenderBlock {DIV} at (0,306) size 684x18
              RenderText {#text} at (0,0) size 216x18
                text run at (0,0) width 216: "This text contains no decorations."
            RenderBlock (anonymous) at (0,324) size 684x18
              RenderBR {BR} at (0,0) size 0x18
            RenderBlock {DIV} at (0,342) size 684x18
              RenderText {#text} at (0,0) size 180x18
                text run at (0,0) width 180: "This text has a line-through."
            RenderBlock (anonymous) at (0,360) size 684x18
              RenderBR {BR} at (0,0) size 0x18
            RenderBlock {DIV} at (0,378) size 684x18
              RenderText {#text} at (0,0) size 216x18
                text run at (0,0) width 216: "This text contains no decorations."
            RenderBlock (anonymous) at (0,396) size 684x18
              RenderBR {BR} at (0,0) size 0x18
            RenderBlock {DIV} at (0,414) size 684x18
              RenderText {#text} at (0,0) size 363x18
                text run at (0,0) width 363: "This text is underlined, overlined and has a line-through."
            RenderBlock (anonymous) at (0,432) size 684x18
              RenderBR {BR} at (0,0) size 0x18
            RenderBlock {DIV} at (0,450) size 684x18
              RenderText {#text} at (0,0) size 216x18
                text run at (0,0) width 216: "This text contains no decorations."
            RenderBlock (anonymous) at (0,468) size 684x18
              RenderBR {BR} at (0,0) size 0x18
            RenderBlock {DIV} at (0,486) size 684x18
              RenderText {#text} at (0,0) size 140x18
                text run at (0,0) width 140: "This text is overlined."
            RenderBlock (anonymous) at (0,504) size 684x18
              RenderBR {BR} at (0,0) size 0x18
            RenderBlock {DIV} at (0,522) size 684x18
              RenderText {#text} at (0,0) size 140x18
                text run at (0,0) width 140: "This text is overlined."
            RenderBlock (anonymous) at (0,540) size 684x18
              RenderBR {BR} at (0,0) size 0x18
            RenderBlock {DIV} at (0,558) size 684x18
              RenderText {#text} at (0,0) size 148x18
                text run at (0,0) width 148: "This text is underlined."
    RenderText {#text} at (0,0) size 0x0
