layer at (0,0) size 800x600
  RenderView at (0,0) size 800x600
layer at (0,0) size 800x600
  RenderBlock {HTML} at (0,0) size 800x600
    RenderBody {BODY} at (8,8) size 784x584
      RenderBlock (anonymous) at (0,0) size 784x40
        RenderText {#text} at (0,0) size 737x39
          text run at (0,0) width 448: "You should see a green cross below (300 pixels wide and 300 pixels tall). "
          text run at (448,0) width 289: "This is a test to ensure that boxes don't obey the"
          text run at (0,20) width 615: "overconstraint correction (margin-top/bottom should not be corrected when a box is overconstrained)."
      RenderBlock {DIV} at (0,40) size 784x300
        RenderDeprecatedFlexibleBox {DIV} at (0,200) size 300x100 [bgcolor=#008000]
          RenderBlock {DIV} at (100,-100) size 100x300
