layer at (0,0) size 800x600
  RenderView at (0,0) size 800x600
layer at (0,0) size 800x600
  RenderBlock {HTML} at (0,0) size 800x600
    RenderBody {BODY} at (8,8) size 784x584
      RenderBlock {P} at (0,0) size 784x36
        RenderText {#text} at (0,0) size 752x36
          text run at (0,0) width 482: "You should see a 100x100 green square below enclosed by an olive border. "
          text run at (482,0) width 270: "If you see any red, the test has failed. If the"
          text run at (0,18) width 440: "border does not fully enclose the green square, then the test has failed."
      RenderBlock {P} at (0,52) size 784x36
        RenderText {#text} at (0,0) size 776x36
          text run at (0,0) width 776: "This test is checking to make sure blocks with auto height that are children of boxes will expand to encompass overhanging"
          text run at (0,18) width 38: "floats."
      RenderBlock {DIV} at (0,104) size 100x100 [bgcolor=#FF0000]
        RenderDeprecatedFlexibleBox {DIV} at (0,0) size 100x100 [border: (4px solid #808000)]
          RenderBlock {DIV} at (4,4) size 92x92
            RenderBlock (floating) {DIV} at (0,0) size 92x92 [bgcolor=#008000]
