layer at (0,0) size 800x600
  RenderView at (0,0) size 800x600
layer at (0,0) size 800x600
  RenderBlock {HTML} at (0,0) size 800x600
    RenderBody {BODY} at (8,8) size 784x584
      RenderBlock {P} at (0,0) size 784x36
        RenderText {#text} at (0,0) size 767x36
          text run at (0,0) width 316: "You should see identical rows of numbers below. "
          text run at (316,0) width 451: "Every row should look exactly the same. If any objects are out of order,"
          text run at (0,18) width 143: "then the test has failed."
      RenderDeprecatedFlexibleBox {DIV} at (0,52) size 784x190
        RenderDeprecatedFlexibleBox {DIV} at (0,0) size 784x38
          RenderBlock {DIV} at (4,4) size 20x30 [border: (2px solid #000000)]
            RenderText {#text} at (6,6) size 8x18
              text run at (6,6) width 8: "1"
          RenderBlock {DIV} at (32,4) size 20x30 [border: (2px solid #000000)]
            RenderText {#text} at (6,6) size 8x18
              text run at (6,6) width 8: "2"
          RenderBlock {DIV} at (60,4) size 20x30 [border: (2px solid #000000)]
            RenderText {#text} at (6,6) size 8x18
              text run at (6,6) width 8: "3"
          RenderBlock {DIV} at (88,4) size 20x30 [border: (2px solid #000000)]
            RenderText {#text} at (6,6) size 8x18
              text run at (6,6) width 8: "4"
          RenderBlock {DIV} at (116,4) size 20x30 [border: (2px solid #000000)]
            RenderText {#text} at (6,6) size 8x18
              text run at (6,6) width 8: "5"
        RenderDeprecatedFlexibleBox {DIV} at (0,38) size 784x38
          RenderBlock {DIV} at (116,4) size 20x30 [border: (2px solid #000000)]
            RenderText {#text} at (6,6) size 8x18
              text run at (6,6) width 8: "5"
          RenderBlock {DIV} at (88,4) size 20x30 [border: (2px solid #000000)]
            RenderText {#text} at (6,6) size 8x18
              text run at (6,6) width 8: "4"
          RenderBlock {DIV} at (60,4) size 20x30 [border: (2px solid #000000)]
            RenderText {#text} at (6,6) size 8x18
              text run at (6,6) width 8: "3"
          RenderBlock {DIV} at (32,4) size 20x30 [border: (2px solid #000000)]
            RenderText {#text} at (6,6) size 8x18
              text run at (6,6) width 8: "2"
          RenderBlock {DIV} at (4,4) size 20x30 [border: (2px solid #000000)]
            RenderText {#text} at (6,6) size 8x18
              text run at (6,6) width 8: "1"
        RenderDeprecatedFlexibleBox {DIV} at (0,76) size 784x38
          RenderBlock {DIV} at (4,4) size 20x30 [border: (2px solid #000000)]
            RenderText {#text} at (6,6) size 8x18
              text run at (6,6) width 8: "1"
          RenderBlock {DIV} at (32,4) size 20x30 [border: (2px solid #000000)]
            RenderText {#text} at (6,6) size 8x18
              text run at (6,6) width 8: "2"
          RenderBlock {DIV} at (60,4) size 20x30 [border: (2px solid #000000)]
            RenderText {#text} at (6,6) size 8x18
              text run at (6,6) width 8: "3"
          RenderBlock {DIV} at (88,4) size 20x30 [border: (2px solid #000000)]
            RenderText {#text} at (6,6) size 8x18
              text run at (6,6) width 8: "4"
          RenderBlock {DIV} at (116,4) size 20x30 [border: (2px solid #000000)]
            RenderText {#text} at (6,6) size 8x18
              text run at (6,6) width 8: "5"
        RenderDeprecatedFlexibleBox {DIV} at (0,114) size 784x38
          RenderBlock {DIV} at (60,4) size 20x30 [border: (2px solid #000000)]
            RenderText {#text} at (6,6) size 8x18
              text run at (6,6) width 8: "3"
          RenderBlock {DIV} at (4,4) size 20x30 [border: (2px solid #000000)]
            RenderText {#text} at (6,6) size 8x18
              text run at (6,6) width 8: "1"
          RenderBlock {DIV} at (88,4) size 20x30 [border: (2px solid #000000)]
            RenderText {#text} at (6,6) size 8x18
              text run at (6,6) width 8: "4"
          RenderBlock {DIV} at (32,4) size 20x30 [border: (2px solid #000000)]
            RenderText {#text} at (6,6) size 8x18
              text run at (6,6) width 8: "2"
          RenderBlock {DIV} at (116,4) size 20x30 [border: (2px solid #000000)]
            RenderText {#text} at (6,6) size 8x18
              text run at (6,6) width 8: "5"
        RenderDeprecatedFlexibleBox {DIV} at (0,152) size 784x38
          RenderBlock {DIV} at (60,4) size 20x30 [border: (2px solid #000000)]
            RenderText {#text} at (6,6) size 8x18
              text run at (6,6) width 8: "3"
          RenderBlock {DIV} at (4,4) size 20x30 [border: (2px solid #000000)]
            RenderText {#text} at (6,6) size 8x18
              text run at (6,6) width 8: "1"
          RenderBlock {DIV} at (88,4) size 20x30 [border: (2px solid #000000)]
            RenderText {#text} at (6,6) size 8x18
              text run at (6,6) width 8: "4"
          RenderBlock {DIV} at (32,4) size 20x30 [border: (2px solid #000000)]
            RenderText {#text} at (6,6) size 8x18
              text run at (6,6) width 8: "2"
          RenderBlock {DIV} at (116,4) size 20x30 [border: (2px solid #000000)]
            RenderText {#text} at (6,6) size 8x18
              text run at (6,6) width 8: "5"
