layer at (0,0) size 800x600
  RenderView at (0,0) size 800x600
layer at (0,0) size 800x41
  RenderBlock {HTML} at (0,0) size 800x41
    RenderDeprecatedFlexibleBox {BODY} at (8,8) size 784x25
      RenderBlock (anonymous) at (0,0) size 24x25
        RenderText {#text} at (10,3) size 4x18
          text run at (10,3) width 4: " "
        RenderBlock {SPAN} at (14,7) size 10x10 [bgcolor=#FF0000]
        RenderText {#text} at (0,0) size 0x0
layer at (8,8) size 10x25 clip at (0,0) size 0x0 scrollWidth 1
  RenderMenuList {SELECT} at (0,0) size 10x25 [bgcolor=#FFFFFF] [border: (5px solid #000000)]
    RenderBlock (anonymous) at (5,5) size 0x15
      RenderText at (-9999,0) size 0x15
        text run at (-9999,0) width 0: " "
