layer at (0,0) size 800x600
  RenderView at (0,0) size 800x600
layer at (0,0) size 800x353
  RenderBlock {html} at (0,0) size 800x353
    RenderBody {body} at (8,10) size 784x333
      RenderBlock {p} at (0,0) size 784x27 [color=#000080]
        RenderText {#text} at (0,0) size 664x26
          text run at (0,0) width 664: "The word \"TEST \" should appear twice below, the same size each time."
      RenderBlock (anonymous) at (0,37) size 784x146
        RenderSVGRoot {svg} at (8,47) size 400x140
          RenderSVGRect {rect} at (8,47) size 400x140 [transform={m=((10.00,0.00)(0.00,10.00)) t=(0.00,0.00)}] [fill={[type=SOLID] [color=#EEEEEE]}] [x=0.00] [y=0.00] [width=60.00] [height=14.00]
          RenderSVGForeignObject {foreignObject} at (0,0) size 60x14
            RenderBlock {div} at (0,0) size 60x17 [color=#000080]
              RenderText {#text} at (0,0) size 35x16
                text run at (0,0) width 35: "TEST"
        RenderText {#text} at (0,0) size 0x0
      RenderBlock {div} at (0,193) size 400x140 [color=#000080] [bgcolor=#EEEEEE]
        RenderText {#text} at (0,3) size 344x159
          text run at (0,3) width 344: "TEST"
