layer at (0,0) size 800x600
  RenderView at (0,0) size 800x600
layer at (0,0) size 800x600
  RenderBlock {HTML} at (0,0) size 800x600
    RenderBody {BODY} at (8,8) size 784x584
      RenderTextControl {INPUT} at (2,2) size 173x24 [bgcolor=#FFFFFF] [border: (2px inset #000000)]
      RenderText {#text} at (0,0) size 0x0
      RenderText {#text} at (0,0) size 0x0
layer at (13,13) size 167x18
  RenderBlock {DIV} at (3,3) size 167x18
    RenderText {#text} at (0,0) size 108x17
      text run at (0,0) width 108: "some sample text"
selection start: position 5 of child 0 {#text} of child 0 {DIV} of {#document-fragment} of child 1 {INPUT} of body
selection end:   position 15 of child 0 {#text} of child 0 {DIV} of {#document-fragment} of child 1 {INPUT} of body
