CONSOLE MESSAGE: TypeError: undefined is not an object (evaluating 'img.width')
FAIL: Timed out waiting for notifyDone to be called

layer at (0,0) size 800x600
  RenderView at (0,0) size 800x600
layer at (0,0) size 800x600
  RenderBlock {HTML} at (0,0) size 800x600
    RenderFrameSet {FRAMESET} at (0,0) size 800x600
      RenderFrame {FRAME} at (0,0) size 800x100
        layer at (0,0) size 785x102
          RenderView at (0,0) size 785x100
        layer at (0,0) size 785x102
          RenderBlock {HTML} at (0,0) size 785x102
            RenderBody {BODY} at (0,0) size 785x102
              RenderBlock {DIV} at (0,0) size 785x102 [border: (1px solid #000000)]
                RenderText {#text} at (1,1) size 688x17
                  text run at (1,1) width 688: "This layout test is checks that we don't crash when a stand alone image is dragged into a content editable div. "
                RenderBR {BR} at (688,1) size 1x17
                RenderInline {A} at (1,19) size 149x17 [color=#0000EE]
                  RenderText {#text} at (1,19) size 149x17
                    text run at (1,19) width 149: "rdar://problem/5021127"
                RenderText {#text} at (0,0) size 0x0
      RenderFrame {FRAME} at (0,106) size 800x100
        layer at (0,0) size 800x100
          RenderView at (0,0) size 800x100
        layer at (0,0) size 800x100
          RenderBlock {HTML} at (0,0) size 800x100
            RenderBody {BODY} at (0,0) size 800x100
              RenderImage {IMG} at (0,0) size 25x25
