layer at (0,0) size 800x1019
  RenderView at (0,0) size 800x600
layer at (0,0) size 800x1019
  RenderBlock {HTML} at (0,0) size 800x1019
    RenderBody {BODY} at (8,8) size 784x584
      RenderBlock (floating) {DIV} at (0,0) size 352x824 [border: (1px solid #FF0000)]
        RenderBlock (anonymous) at (1,1) size 350x14
          RenderText {#text} at (0,-2) size 179x17
            text run at (0,-2) width 179: "Plain textarea with little content"
        RenderBlock {DIV} at (1,15) size 352x39 [border: (1px solid #FF0000)]
          RenderText {#text} at (1,22) size 14x17
            text run at (1,22) width 14: "A "
          RenderText {#text} at (167,22) size 14x17
            text run at (167,22) width 14: " B"
        RenderBlock (anonymous) at (1,54) size 350x14
          RenderText {#text} at (0,-2) size 77x17
            text run at (0,-2) width 77: "Plain textarea"
        RenderBlock {DIV} at (1,68) size 352x39 [border: (1px solid #FF0000)]
          RenderText {#text} at (1,22) size 14x17
            text run at (1,22) width 14: "A "
          RenderText {#text} at (167,22) size 14x17
            text run at (167,22) width 14: " B"
        RenderBlock (anonymous) at (1,107) size 350x14
          RenderText {#text} at (0,-2) size 98x17
            text run at (0,-2) width 98: "Disabled textarea"
        RenderBlock {DIV} at (1,121) size 352x39 [border: (1px solid #FF0000)]
          RenderText {#text} at (1,22) size 14x17
            text run at (1,22) width 14: "A "
          RenderText {#text} at (167,22) size 14x17
            text run at (167,22) width 14: " B"
        RenderBlock (anonymous) at (1,160) size 350x14
          RenderText {#text} at (0,-2) size 123x17
            text run at (0,-2) width 123: "style=\"padding:10px\""
        RenderBlock {DIV} at (1,174) size 352x55 [border: (1px solid #FF0000)]
          RenderText {#text} at (1,38) size 14x17
            text run at (1,38) width 14: "A "
          RenderText {#text} at (176,38) size 14x17
            text run at (176,38) width 14: " B"
        RenderBlock (anonymous) at (1,229) size 350x14
          RenderText {#text} at (0,-2) size 116x17
            text run at (0,-2) width 116: "style=\"padding:0px\""
        RenderBlock {DIV} at (1,243) size 352x35 [border: (1px solid #FF0000)]
          RenderText {#text} at (1,18) size 14x17
            text run at (1,18) width 14: "A "
          RenderText {#text} at (156,18) size 14x17
            text run at (156,18) width 14: " B"
        RenderBlock (anonymous) at (1,278) size 350x14
          RenderText {#text} at (0,-2) size 118x17
            text run at (0,-2) width 118: "style=\"margin:10px\""
        RenderBlock {DIV} at (1,292) size 352x59 [border: (1px solid #FF0000)]
          RenderText {#text} at (1,42) size 14x17
            text run at (1,42) width 14: "A "
          RenderText {#text} at (187,42) size 14x17
            text run at (187,42) width 14: " B"
        RenderBlock (anonymous) at (1,351) size 350x14
          RenderText {#text} at (0,-2) size 111x17
            text run at (0,-2) width 111: "style=\"margin:0px\""
        RenderBlock {DIV} at (1,365) size 352x39 [border: (1px solid #FF0000)]
          RenderText {#text} at (1,22) size 14x17
            text run at (1,22) width 14: "A "
          RenderText {#text} at (167,22) size 14x17
            text run at (167,22) width 14: " B"
        RenderBlock (anonymous) at (1,404) size 350x14
          RenderText {#text} at (0,-2) size 38x17
            text run at (0,-2) width 38: "cols=3"
        RenderBlock {DIV} at (1,418) size 352x39 [border: (1px solid #FF0000)]
          RenderText {#text} at (1,22) size 14x17
            text run at (1,22) width 14: "A "
          RenderText {#text} at (48,22) size 14x17
            text run at (48,22) width 14: " B"
        RenderBlock (anonymous) at (1,457) size 350x14
          RenderText {#text} at (0,-2) size 43x17
            text run at (0,-2) width 43: "rows=3"
        RenderBlock {DIV} at (1,471) size 352x53 [border: (1px solid #FF0000)]
          RenderText {#text} at (1,36) size 14x17
            text run at (1,36) width 14: "A "
          RenderText {#text} at (167,36) size 14x17
            text run at (167,36) width 14: " B"
        RenderBlock (anonymous) at (1,524) size 350x14
          RenderText {#text} at (0,-2) size 45x17
            text run at (0,-2) width 45: "cols=10"
        RenderBlock {DIV} at (1,538) size 352x39 [border: (1px solid #FF0000)]
          RenderText {#text} at (1,22) size 14x17
            text run at (1,22) width 14: "A "
          RenderText {#text} at (97,22) size 14x17
            text run at (97,22) width 14: " B"
        RenderBlock (anonymous) at (1,577) size 350x14
          RenderText {#text} at (0,-2) size 50x17
            text run at (0,-2) width 50: "rows=10"
        RenderBlock {DIV} at (1,591) size 352x151 [border: (1px solid #FF0000)]
          RenderText {#text} at (1,134) size 14x17
            text run at (1,134) width 14: "A "
          RenderText {#text} at (167,134) size 14x17
            text run at (167,134) width 14: " B"
        RenderBlock (anonymous) at (1,742) size 350x14
          RenderText {#text} at (0,-2) size 84x17
            text run at (0,-2) width 84: "cols=5 rows=4"
        RenderBlock {DIV} at (1,756) size 352x67 [border: (1px solid #FF0000)]
          RenderText {#text} at (1,50) size 14x17
            text run at (1,50) width 14: "A "
          RenderText {#text} at (62,50) size 14x17
            text run at (62,50) width 14: " B"
      RenderBlock (floating) {DIV} at (352,0) size 352x1011 [border: (1px solid #FF0000)]
        RenderBlock (anonymous) at (1,1) size 350x14
          RenderText {#text} at (0,-2) size 110x17
            text run at (0,-2) width 110: "style=\"width:60px\""
        RenderBlock {DIV} at (1,15) size 352x39 [border: (1px solid #FF0000)]
          RenderText {#text} at (1,22) size 14x17
            text run at (1,22) width 14: "A "
          RenderText {#text} at (74,22) size 14x17
            text run at (74,22) width 14: " B"
        RenderBlock (anonymous) at (1,54) size 350x14
          RenderText {#text} at (0,-2) size 191x17
            text run at (0,-2) width 191: "style=\"width:60px;padding:20px\""
        RenderBlock {DIV} at (1,68) size 352x75 [border: (1px solid #FF0000)]
          RenderText {#text} at (1,58) size 14x17
            text run at (1,58) width 14: "A "
          RenderText {#text} at (74,58) size 14x17
            text run at (74,58) width 14: " B"
        RenderBlock (anonymous) at (1,143) size 350x14
          RenderText {#text} at (0,-2) size 170x17
            text run at (0,-2) width 170: "style=\"width:60px;padding:0\""
        RenderBlock {DIV} at (1,157) size 352x35 [border: (1px solid #FF0000)]
          RenderText {#text} at (1,18) size 14x17
            text run at (1,18) width 14: "A "
          RenderText {#text} at (74,18) size 14x17
            text run at (74,18) width 14: " B"
        RenderBlock (anonymous) at (1,192) size 350x14
          RenderText {#text} at (0,-2) size 113x17
            text run at (0,-2) width 113: "style=\"height:60px\""
        RenderBlock {DIV} at (1,206) size 352x65 [border: (1px solid #FF0000)]
          RenderText {#text} at (1,48) size 14x17
            text run at (1,48) width 14: "A "
          RenderText {#text} at (167,48) size 14x17
            text run at (167,48) width 14: " B"
        RenderBlock (anonymous) at (1,271) size 350x14
          RenderText {#text} at (0,-2) size 181x17
            text run at (0,-2) width 181: "style=\"width:60px;height:60px\""
        RenderBlock {DIV} at (1,285) size 352x65 [border: (1px solid #FF0000)]
          RenderText {#text} at (1,48) size 14x17
            text run at (1,48) width 14: "A "
          RenderText {#text} at (74,48) size 14x17
            text run at (74,48) width 14: " B"
        RenderBlock (anonymous) at (1,350) size 350x14
          RenderText {#text} at (0,-2) size 139x17
            text run at (0,-2) width 139: "style=\"overflow:hidden\""
        RenderBlock {DIV} at (1,364) size 352x39 [border: (1px solid #FF0000)]
          RenderText {#text} at (1,22) size 14x17
            text run at (1,22) width 14: "A "
          RenderText {#text} at (167,22) size 14x17
            text run at (167,22) width 14: " B"
        RenderBlock (anonymous) at (1,403) size 350x14
          RenderText {#text} at (0,-2) size 132x17
            text run at (0,-2) width 132: "style=\"overflow:scroll\""
        RenderBlock {DIV} at (1,417) size 352x39 [border: (1px solid #FF0000)]
          RenderText {#text} at (1,22) size 14x17
            text run at (1,22) width 14: "A "
          RenderText {#text} at (167,22) size 14x17
            text run at (167,22) width 14: " B"
        RenderBlock (anonymous) at (1,456) size 350x14
          RenderText {#text} at (0,-2) size 277x17
            text run at (0,-2) width 277: "style=\"overflow:hidden;width:60px;height:60px\""
        RenderBlock {DIV} at (1,470) size 352x65 [border: (1px solid #FF0000)]
          RenderText {#text} at (1,48) size 14x17
            text run at (1,48) width 14: "A "
          RenderText {#text} at (74,48) size 14x17
            text run at (74,48) width 14: " B"
        RenderBlock (anonymous) at (1,535) size 350x14
          RenderText {#text} at (0,-2) size 270x17
            text run at (0,-2) width 270: "style=\"overflow:scroll;width:60px;height:60px\""
        RenderBlock {DIV} at (1,549) size 352x65 [border: (1px solid #FF0000)]
          RenderText {#text} at (1,48) size 14x17
            text run at (1,48) width 14: "A "
          RenderText {#text} at (74,48) size 14x17
            text run at (74,48) width 14: " B"
        RenderBlock (anonymous) at (1,614) size 350x14
          RenderText {#text} at (0,-2) size 222x17
            text run at (0,-2) width 222: "cols=5 style=\"width:60px;height:60px\""
        RenderBlock {DIV} at (1,628) size 352x65 [border: (1px solid #FF0000)]
          RenderText {#text} at (1,48) size 14x17
            text run at (1,48) width 14: "A "
          RenderText {#text} at (74,48) size 14x17
            text run at (74,48) width 14: " B"
        RenderBlock (anonymous) at (1,693) size 350x14
          RenderText {#text} at (0,-2) size 226x17
            text run at (0,-2) width 226: "rows=4 style=\"width:60px;height:60px\""
        RenderBlock {DIV} at (1,707) size 352x65 [border: (1px solid #FF0000)]
          RenderText {#text} at (1,48) size 14x17
            text run at (1,48) width 14: "A "
          RenderText {#text} at (74,48) size 14x17
            text run at (74,48) width 14: " B"
        RenderBlock (anonymous) at (1,772) size 350x14
          RenderText {#text} at (0,-2) size 267x17
            text run at (0,-2) width 267: "cols=5 rows=4 style=\"width:60px;height:60px\""
        RenderBlock {DIV} at (1,786) size 352x65 [border: (1px solid #FF0000)]
          RenderText {#text} at (1,48) size 14x17
            text run at (1,48) width 14: "A "
          RenderText {#text} at (74,48) size 14x17
            text run at (74,48) width 14: " B"
        RenderBlock (anonymous) at (1,851) size 350x14
          RenderText {#text} at (0,-2) size 64x17
            text run at (0,-2) width 64: "wrap=\"off\""
        RenderBlock {DIV} at (1,865) size 352x39 [border: (1px solid #FF0000)]
          RenderText {#text} at (1,22) size 14x17
            text run at (1,22) width 14: "A "
          RenderText {#text} at (167,22) size 14x17
            text run at (167,22) width 5: " "
            text run at (171,22) width 10: "B"
        RenderBlock (anonymous) at (1,904) size 350x14
          RenderText {#text} at (0,-2) size 73x17
            text run at (0,-2) width 73: "wrap=\"hard\""
        RenderBlock {DIV} at (1,918) size 352x39 [border: (1px solid #FF0000)]
          RenderText {#text} at (1,22) size 14x17
            text run at (1,22) width 14: "A "
          RenderText {#text} at (167,22) size 14x17
            text run at (167,22) width 5: " "
            text run at (171,22) width 10: "B"
        RenderBlock (anonymous) at (1,957) size 350x14
          RenderText {#text} at (0,-2) size 69x17
            text run at (0,-2) width 69: "wrap=\"soft\""
        RenderBlock {DIV} at (1,971) size 352x39 [border: (1px solid #FF0000)]
          RenderText {#text} at (1,22) size 14x17
            text run at (1,22) width 14: "A "
          RenderText {#text} at (167,22) size 14x17
            text run at (167,22) width 5: " "
            text run at (171,22) width 10: "B"
layer at (24,24) size 153x34 clip at (25,25) size 151x32
  RenderTextControl {TEXTAREA} at (14,1) size 154x34 [bgcolor=#FFFFFF] [border: (1px solid #3C3C4399)]
    RenderBlock {DIV} at (6,3) size 141x14
      RenderText {#text} at (0,0) size 98x14
        text run at (0,0) width 98: "Lorem ipsum dolor"
layer at (24,77) size 153x34 clip at (25,78) size 151x32 scrollHeight 60
  RenderTextControl {TEXTAREA} at (14,1) size 154x34 [bgcolor=#FFFFFF] [border: (1px solid #3C3C4399)]
    RenderBlock {DIV} at (6,3) size 141x56
      RenderText {#text} at (0,0) size 140x56
        text run at (0,0) width 101: "Lorem ipsum dolor "
        text run at (0,14) width 140: "ABCDEFGHIJKLMNOPQRS"
        text run at (0,28) width 59: "TUVWXYZ "
        text run at (0,42) width 130: "abcdefghijklmnopqrstuv "
layer at (24,183) size 162x50 clip at (25,184) size 160x48 scrollHeight 76
  RenderTextControl {TEXTAREA} at (14,1) size 163x50 [bgcolor=#FFFFFF] [border: (1px solid #3C3C4399)]
    RenderBlock {DIV} at (11,11) size 140x56
      RenderText {#text} at (0,0) size 140x56
        text run at (0,0) width 101: "Lorem ipsum dolor "
        text run at (0,14) width 140: "ABCDEFGHIJKLMNOPQRS"
        text run at (0,28) width 59: "TUVWXYZ "
        text run at (0,42) width 130: "abcdefghijklmnopqrstuv "
layer at (24,252) size 142x30 clip at (25,253) size 140x28 scrollHeight 56
  RenderTextControl {TEXTAREA} at (14,1) size 143x30 [bgcolor=#FFFFFF] [border: (1px solid #3C3C4399)]
    RenderBlock {DIV} at (1,1) size 140x56
      RenderText {#text} at (0,0) size 140x56
        text run at (0,0) width 101: "Lorem ipsum dolor "
        text run at (0,14) width 140: "ABCDEFGHIJKLMNOPQRS"
        text run at (0,28) width 59: "TUVWXYZ "
        text run at (0,42) width 130: "abcdefghijklmnopqrstuv "
layer at (34,311) size 153x34 clip at (35,312) size 151x32 scrollHeight 60
  RenderTextControl {TEXTAREA} at (24,11) size 154x34 [bgcolor=#FFFFFF] [border: (1px solid #3C3C4399)]
    RenderBlock {DIV} at (6,3) size 141x56
      RenderText {#text} at (0,0) size 140x56
        text run at (0,0) width 101: "Lorem ipsum dolor "
        text run at (0,14) width 140: "ABCDEFGHIJKLMNOPQRS"
        text run at (0,28) width 59: "TUVWXYZ "
        text run at (0,42) width 130: "abcdefghijklmnopqrstuv "
layer at (24,374) size 153x34 clip at (25,375) size 151x32 scrollHeight 60
  RenderTextControl {TEXTAREA} at (14,1) size 154x34 [bgcolor=#FFFFFF] [border: (1px solid #3C3C4399)]
    RenderBlock {DIV} at (6,3) size 141x56
      RenderText {#text} at (0,0) size 140x56
        text run at (0,0) width 101: "Lorem ipsum dolor "
        text run at (0,14) width 140: "ABCDEFGHIJKLMNOPQRS"
        text run at (0,28) width 59: "TUVWXYZ "
        text run at (0,42) width 130: "abcdefghijklmnopqrstuv "
layer at (24,427) size 34x34 clip at (25,428) size 32x32 scrollHeight 354
  RenderTextControl {TEXTAREA} at (14,1) size 35x34 [bgcolor=#FFFFFF] [border: (1px solid #3C3C4399)]
    RenderBlock {DIV} at (6,3) size 22x350
      RenderText {#text} at (0,0) size 21x350
        text run at (0,0) width 17: "Lor"
        text run at (0,14) width 19: "em "
        text run at (0,28) width 16: "ips"
        text run at (0,42) width 20: "um "
        text run at (0,56) width 17: "dol"
        text run at (0,70) width 14: "or "
        text run at (0,84) width 15: "AB"
        text run at (0,98) width 16: "CD"
        text run at (0,112) width 13: "EF"
        text run at (0,126) width 20: "GHI"
        text run at (0,140) width 20: "JKL"
        text run at (0,154) width 18: "MN"
        text run at (0,168) width 16: "OP"
        text run at (0,182) width 16: "QR"
        text run at (0,196) width 15: "ST"
        text run at (0,210) width 16: "UV"
        text run at (0,224) width 19: "WX"
        text run at (0,238) width 18: "YZ "
        text run at (0,252) width 20: "abc"
        text run at (0,266) width 18: "def"
        text run at (0,280) width 19: "ghij"
        text run at (0,294) width 19: "klm"
        text run at (0,308) width 20: "nop"
        text run at (0,322) width 21: "qrst"
        text run at (0,336) width 16: "uv "
layer at (24,480) size 153x48 clip at (25,481) size 151x46 scrollHeight 60
  RenderTextControl {TEXTAREA} at (14,1) size 154x48 [bgcolor=#FFFFFF] [border: (1px solid #3C3C4399)]
    RenderBlock {DIV} at (6,3) size 141x56
      RenderText {#text} at (0,0) size 140x56
        text run at (0,0) width 101: "Lorem ipsum dolor "
        text run at (0,14) width 140: "ABCDEFGHIJKLMNOPQRS"
        text run at (0,28) width 59: "TUVWXYZ "
        text run at (0,42) width 130: "abcdefghijklmnopqrstuv "
layer at (24,547) size 83x34 clip at (25,548) size 81x32 scrollHeight 102
  RenderTextControl {TEXTAREA} at (14,1) size 84x34 [bgcolor=#FFFFFF] [border: (1px solid #3C3C4399)]
    RenderBlock {DIV} at (6,3) size 71x98
      RenderText {#text} at (0,0) size 71x98
        text run at (0,0) width 71: "Lorem ipsum "
        text run at (0,14) width 31: "dolor "
        text run at (0,28) width 70: "ABCDEFGHIJ"
        text run at (0,42) width 71: "KLMNOPQRS"
        text run at (0,56) width 59: "TUVWXYZ "
        text run at (0,70) width 64: "abcdefghijkl"
        text run at (0,84) width 66: "mnopqrstuv "
layer at (24,600) size 153x146 clip at (25,601) size 151x144
  RenderTextControl {TEXTAREA} at (14,1) size 154x146 [bgcolor=#FFFFFF] [border: (1px solid #3C3C4399)]
    RenderBlock {DIV} at (6,3) size 141x56
      RenderText {#text} at (0,0) size 140x56
        text run at (0,0) width 101: "Lorem ipsum dolor "
        text run at (0,14) width 140: "ABCDEFGHIJKLMNOPQRS"
        text run at (0,28) width 59: "TUVWXYZ "
        text run at (0,42) width 130: "abcdefghijklmnopqrstuv "
layer at (24,765) size 48x62 clip at (25,766) size 46x60 scrollHeight 200
  RenderTextControl {TEXTAREA} at (14,1) size 49x62 [bgcolor=#FFFFFF] [border: (1px solid #3C3C4399)]
    RenderBlock {DIV} at (6,3) size 36x196
      RenderText {#text} at (0,0) size 37x196
        text run at (0,0) width 36: "Lorem "
        text run at (0,14) width 35: "ipsum "
        text run at (0,28) width 31: "dolor "
        text run at (0,42) width 31: "ABCD"
        text run at (0,56) width 33: "EFGHI"
        text run at (0,70) width 30: "JKLM"
        text run at (0,84) width 33: "NOPQ"
        text run at (0,98) width 30: "RSTU"
        text run at (0,112) width 33: "VWXY"
        text run at (0,126) width 11: "Z "
        text run at (0,140) width 33: "abcde"
        text run at (0,154) width 32: "fghijkl"
        text run at (0,168) width 30: "mnop"
        text run at (0,182) width 37: "qrstuv "
layer at (376,24) size 60x34 clip at (377,25) size 58x32 scrollHeight 158
  RenderTextControl {TEXTAREA} at (14,1) size 61x34 [bgcolor=#FFFFFF] [border: (1px solid #3C3C4399)]
    RenderBlock {DIV} at (6,3) size 48x154
      RenderText {#text} at (0,0) size 44x154
        text run at (0,0) width 36: "Lorem "
        text run at (0,14) width 35: "ipsum "
        text run at (0,28) width 31: "dolor "
        text run at (0,42) width 44: "ABCDEF"
        text run at (0,56) width 40: "GHIJKL"
        text run at (0,70) width 43: "MNOPQ"
        text run at (0,84) width 38: "RSTUV"
        text run at (0,98) width 37: "WXYZ "
        text run at (0,112) width 43: "abcdefg"
        text run at (0,126) width 44: "hijklmno"
        text run at (0,140) width 44: "pqrstuv "
layer at (376,77) size 60x70 clip at (377,78) size 58x68 scrollHeight 446
  RenderTextControl {TEXTAREA} at (14,1) size 61x70 [bgcolor=#FFFFFF] [border: (1px solid #3C3C4399)]
    RenderBlock {DIV} at (21,21) size 18x406
      RenderText {#text} at (0,0) size 20x406
        text run at (0,0) width 17: "Lor"
        text run at (0,14) width 19: "em "
        text run at (0,28) width 16: "ips"
        text run at (0,42) width 20: "um "
        text run at (0,56) width 17: "dol"
        text run at (0,70) width 14: "or "
        text run at (0,84) width 15: "AB"
        text run at (0,98) width 16: "CD"
        text run at (0,112) width 13: "EF"
        text run at (0,126) width 17: "GH"
        text run at (0,140) width 17: "IJK"
        text run at (0,154) width 16: "LM"
        text run at (0,168) width 17: "NO"
        text run at (0,182) width 16: "PQ"
        text run at (0,196) width 15: "RS"
        text run at (0,210) width 16: "TU"
        text run at (0,224) width 8: "V"
        text run at (0,238) width 11: "W"
        text run at (0,252) width 15: "XY"
        text run at (0,266) width 11: "Z "
        text run at (0,280) width 13: "ab"
        text run at (0,294) width 14: "cd"
        text run at (0,308) width 17: "efg"
        text run at (0,322) width 13: "hij"
        text run at (0,336) width 9: "kl"
        text run at (0,350) width 17: "mn"
        text run at (0,364) width 14: "op"
        text run at (0,378) width 17: "qrs"
        text run at (0,392) width 20: "tuv "
layer at (376,166) size 60x30 clip at (377,167) size 58x28 scrollHeight 140
  RenderTextControl {TEXTAREA} at (14,1) size 61x30 [bgcolor=#FFFFFF] [border: (1px solid #3C3C4399)]
    RenderBlock {DIV} at (1,1) size 58x140
      RenderText {#text} at (0,0) size 58x140
        text run at (0,0) width 36: "Lorem "
        text run at (0,14) width 35: "ipsum "
        text run at (0,28) width 31: "dolor "
        text run at (0,42) width 53: "ABCDEFG"
        text run at (0,56) width 58: "HIJKLMNO"
        text run at (0,70) width 53: "PQRSTUV"
        text run at (0,84) width 37: "WXYZ "
        text run at (0,98) width 56: "abcdefghij"
        text run at (0,112) width 56: "klmnopqrs"
        text run at (0,126) width 20: "tuv "
layer at (376,215) size 153x60 clip at (377,216) size 151x58 scrollHeight 60
  RenderTextControl {TEXTAREA} at (14,1) size 154x60 [bgcolor=#FFFFFF] [border: (1px solid #3C3C4399)]
    RenderBlock {DIV} at (6,3) size 141x56
      RenderText {#text} at (0,0) size 140x56
        text run at (0,0) width 101: "Lorem ipsum dolor "
        text run at (0,14) width 140: "ABCDEFGHIJKLMNOPQRS"
        text run at (0,28) width 59: "TUVWXYZ "
        text run at (0,42) width 130: "abcdefghijklmnopqrstuv "
layer at (376,294) size 60x60 clip at (377,295) size 58x58 scrollHeight 158
  RenderTextControl {TEXTAREA} at (14,1) size 61x60 [bgcolor=#FFFFFF] [border: (1px solid #3C3C4399)]
    RenderBlock {DIV} at (6,3) size 48x154
      RenderText {#text} at (0,0) size 44x154
        text run at (0,0) width 36: "Lorem "
        text run at (0,14) width 35: "ipsum "
        text run at (0,28) width 31: "dolor "
        text run at (0,42) width 44: "ABCDEF"
        text run at (0,56) width 40: "GHIJKL"
        text run at (0,70) width 43: "MNOPQ"
        text run at (0,84) width 38: "RSTUV"
        text run at (0,98) width 37: "WXYZ "
        text run at (0,112) width 43: "abcdefg"
        text run at (0,126) width 44: "hijklmno"
        text run at (0,140) width 44: "pqrstuv "
layer at (376,373) size 153x34 clip at (377,374) size 151x32 scrollHeight 60
  RenderTextControl {TEXTAREA} at (14,1) size 154x34 [bgcolor=#FFFFFF] [border: (1px solid #3C3C4399)]
    RenderBlock {DIV} at (6,3) size 141x56
      RenderText {#text} at (0,0) size 140x56
        text run at (0,0) width 101: "Lorem ipsum dolor "
        text run at (0,14) width 140: "ABCDEFGHIJKLMNOPQRS"
        text run at (0,28) width 59: "TUVWXYZ "
        text run at (0,42) width 130: "abcdefghijklmnopqrstuv "
layer at (376,426) size 153x34 clip at (377,427) size 151x32 scrollHeight 60
  RenderTextControl {TEXTAREA} at (14,1) size 154x34 [bgcolor=#FFFFFF] [border: (1px solid #3C3C4399)]
    RenderBlock {DIV} at (6,3) size 141x56
      RenderText {#text} at (0,0) size 140x56
        text run at (0,0) width 101: "Lorem ipsum dolor "
        text run at (0,14) width 140: "ABCDEFGHIJKLMNOPQRS"
        text run at (0,28) width 59: "TUVWXYZ "
        text run at (0,42) width 130: "abcdefghijklmnopqrstuv "
layer at (376,479) size 60x60 clip at (377,480) size 58x58 scrollHeight 158
  RenderTextControl {TEXTAREA} at (14,1) size 61x60 [bgcolor=#FFFFFF] [border: (1px solid #3C3C4399)]
    RenderBlock {DIV} at (6,3) size 48x154
      RenderText {#text} at (0,0) size 44x154
        text run at (0,0) width 36: "Lorem "
        text run at (0,14) width 35: "ipsum "
        text run at (0,28) width 31: "dolor "
        text run at (0,42) width 44: "ABCDEF"
        text run at (0,56) width 40: "GHIJKL"
        text run at (0,70) width 43: "MNOPQ"
        text run at (0,84) width 38: "RSTUV"
        text run at (0,98) width 37: "WXYZ "
        text run at (0,112) width 43: "abcdefg"
        text run at (0,126) width 44: "hijklmno"
        text run at (0,140) width 44: "pqrstuv "
layer at (376,558) size 60x60 clip at (377,559) size 58x58 scrollHeight 158
  RenderTextControl {TEXTAREA} at (14,1) size 61x60 [bgcolor=#FFFFFF] [border: (1px solid #3C3C4399)]
    RenderBlock {DIV} at (6,3) size 48x154
      RenderText {#text} at (0,0) size 44x154
        text run at (0,0) width 36: "Lorem "
        text run at (0,14) width 35: "ipsum "
        text run at (0,28) width 31: "dolor "
        text run at (0,42) width 44: "ABCDEF"
        text run at (0,56) width 40: "GHIJKL"
        text run at (0,70) width 43: "MNOPQ"
        text run at (0,84) width 38: "RSTUV"
        text run at (0,98) width 37: "WXYZ "
        text run at (0,112) width 43: "abcdefg"
        text run at (0,126) width 44: "hijklmno"
        text run at (0,140) width 44: "pqrstuv "
layer at (376,637) size 60x60 clip at (377,638) size 58x58 scrollHeight 158
  RenderTextControl {TEXTAREA} at (14,1) size 61x60 [bgcolor=#FFFFFF] [border: (1px solid #3C3C4399)]
    RenderBlock {DIV} at (6,3) size 48x154
      RenderText {#text} at (0,0) size 44x154
        text run at (0,0) width 36: "Lorem "
        text run at (0,14) width 35: "ipsum "
        text run at (0,28) width 31: "dolor "
        text run at (0,42) width 44: "ABCDEF"
        text run at (0,56) width 40: "GHIJKL"
        text run at (0,70) width 43: "MNOPQ"
        text run at (0,84) width 38: "RSTUV"
        text run at (0,98) width 37: "WXYZ "
        text run at (0,112) width 43: "abcdefg"
        text run at (0,126) width 44: "hijklmno"
        text run at (0,140) width 44: "pqrstuv "
layer at (376,716) size 60x60 clip at (377,717) size 58x58 scrollHeight 158
  RenderTextControl {TEXTAREA} at (14,1) size 61x60 [bgcolor=#FFFFFF] [border: (1px solid #3C3C4399)]
    RenderBlock {DIV} at (6,3) size 48x154
      RenderText {#text} at (0,0) size 44x154
        text run at (0,0) width 36: "Lorem "
        text run at (0,14) width 35: "ipsum "
        text run at (0,28) width 31: "dolor "
        text run at (0,42) width 44: "ABCDEF"
        text run at (0,56) width 40: "GHIJKL"
        text run at (0,70) width 43: "MNOPQ"
        text run at (0,84) width 38: "RSTUV"
        text run at (0,98) width 37: "WXYZ "
        text run at (0,112) width 43: "abcdefg"
        text run at (0,126) width 44: "hijklmno"
        text run at (0,140) width 44: "pqrstuv "
layer at (376,795) size 60x60 clip at (377,796) size 58x58 scrollHeight 158
  RenderTextControl {TEXTAREA} at (14,1) size 61x60 [bgcolor=#FFFFFF] [border: (1px solid #3C3C4399)]
    RenderBlock {DIV} at (6,3) size 48x154
      RenderText {#text} at (0,0) size 44x154
        text run at (0,0) width 36: "Lorem "
        text run at (0,14) width 35: "ipsum "
        text run at (0,28) width 31: "dolor "
        text run at (0,42) width 44: "ABCDEF"
        text run at (0,56) width 40: "GHIJKL"
        text run at (0,70) width 43: "MNOPQ"
        text run at (0,84) width 38: "RSTUV"
        text run at (0,98) width 37: "WXYZ "
        text run at (0,112) width 43: "abcdefg"
        text run at (0,126) width 44: "hijklmno"
        text run at (0,140) width 44: "pqrstuv "
layer at (376,874) size 153x34 clip at (377,875) size 151x32 scrollWidth 190 scrollHeight 228
  RenderTextControl {TEXTAREA} at (14,1) size 154x34 [bgcolor=#FFFFFF] [border: (1px solid #3C3C4399)]
    RenderBlock {DIV} at (6,3) size 141x224
      RenderText {#text} at (0,0) size 185x210
        text run at (0,0) width 4: " "
        text run at (3,0) width 1: " "
        text run at (0,14) width 185: "This is a text area with wrap=\"soft\""
        text run at (184,14) width 1: " "
        text run at (0,28) width 185: "This is a text area with wrap=\"soft\""
        text run at (184,28) width 1: " "
        text run at (0,42) width 185: "This is a text area with wrap=\"soft\""
        text run at (184,42) width 1: " "
        text run at (0,56) width 185: "This is a text area with wrap=\"soft\""
        text run at (184,56) width 1: " "
        text run at (0,70) width 185: "This is a text area with wrap=\"soft\""
        text run at (184,70) width 1: " "
        text run at (0,84) width 185: "This is a text area with wrap=\"soft\""
        text run at (184,84) width 1: " "
        text run at (0,98) width 185: "This is a text area with wrap=\"soft\""
        text run at (184,98) width 1: " "
        text run at (0,112) width 185: "This is a text area with wrap=\"soft\""
        text run at (184,112) width 1: " "
        text run at (0,126) width 185: "This is a text area with wrap=\"soft\""
        text run at (184,126) width 1: " "
        text run at (0,140) width 185: "This is a text area with wrap=\"soft\""
        text run at (184,140) width 1: " "
        text run at (0,154) width 185: "This is a text area with wrap=\"soft\""
        text run at (184,154) width 1: " "
        text run at (0,168) width 185: "This is a text area with wrap=\"soft\""
        text run at (184,168) width 1: " "
        text run at (0,182) width 185: "This is a text area with wrap=\"soft\""
        text run at (184,182) width 1: " "
        text run at (0,196) width 185: "This is a text area with wrap=\"soft\""
        text run at (184,196) width 1: " "
      RenderBR {BR} at (0,210) size 0x14
layer at (376,927) size 153x34 clip at (377,928) size 151x32 scrollHeight 424
  RenderTextControl {TEXTAREA} at (14,1) size 154x34 [bgcolor=#FFFFFF] [border: (1px solid #3C3C4399)]
    RenderBlock {DIV} at (6,3) size 141x420
      RenderText {#text} at (0,0) size 121x406
        text run at (0,0) width 4: " "
        text run at (3,0) width 1: " "
        text run at (0,14) width 121: "This is a text area with "
        text run at (0,28) width 64: "wrap=\"soft\""
        text run at (63,28) width 1: " "
        text run at (0,42) width 121: "This is a text area with "
        text run at (0,56) width 64: "wrap=\"soft\""
        text run at (63,56) width 1: " "
        text run at (0,70) width 121: "This is a text area with "
        text run at (0,84) width 64: "wrap=\"soft\""
        text run at (63,84) width 1: " "
        text run at (0,98) width 121: "This is a text area with "
        text run at (0,112) width 64: "wrap=\"soft\""
        text run at (63,112) width 1: " "
        text run at (0,126) width 121: "This is a text area with "
        text run at (0,140) width 64: "wrap=\"soft\""
        text run at (63,140) width 1: " "
        text run at (0,154) width 121: "This is a text area with "
        text run at (0,168) width 64: "wrap=\"soft\""
        text run at (63,168) width 1: " "
        text run at (0,182) width 121: "This is a text area with "
        text run at (0,196) width 64: "wrap=\"soft\""
        text run at (63,196) width 1: " "
        text run at (0,210) width 121: "This is a text area with "
        text run at (0,224) width 64: "wrap=\"soft\""
        text run at (63,224) width 1: " "
        text run at (0,238) width 121: "This is a text area with "
        text run at (0,252) width 64: "wrap=\"soft\""
        text run at (63,252) width 1: " "
        text run at (0,266) width 121: "This is a text area with "
        text run at (0,280) width 64: "wrap=\"soft\""
        text run at (63,280) width 1: " "
        text run at (0,294) width 121: "This is a text area with "
        text run at (0,308) width 64: "wrap=\"soft\""
        text run at (63,308) width 1: " "
        text run at (0,322) width 121: "This is a text area with "
        text run at (0,336) width 64: "wrap=\"soft\""
        text run at (63,336) width 1: " "
        text run at (0,350) width 121: "This is a text area with "
        text run at (0,364) width 64: "wrap=\"soft\""
        text run at (63,364) width 1: " "
        text run at (0,378) width 121: "This is a text area with "
        text run at (0,392) width 64: "wrap=\"soft\""
        text run at (63,392) width 1: " "
      RenderBR {BR} at (0,406) size 0x14
layer at (376,980) size 153x34 clip at (377,981) size 151x32 scrollHeight 424
  RenderTextControl {TEXTAREA} at (14,1) size 154x34 [bgcolor=#FFFFFF] [border: (1px solid #3C3C4399)]
    RenderBlock {DIV} at (6,3) size 141x420
      RenderText {#text} at (0,0) size 121x406
        text run at (0,0) width 4: " "
        text run at (3,0) width 1: " "
        text run at (0,14) width 121: "This is a text area with "
        text run at (0,28) width 64: "wrap=\"soft\""
        text run at (63,28) width 1: " "
        text run at (0,42) width 121: "This is a text area with "
        text run at (0,56) width 64: "wrap=\"soft\""
        text run at (63,56) width 1: " "
        text run at (0,70) width 121: "This is a text area with "
        text run at (0,84) width 64: "wrap=\"soft\""
        text run at (63,84) width 1: " "
        text run at (0,98) width 121: "This is a text area with "
        text run at (0,112) width 64: "wrap=\"soft\""
        text run at (63,112) width 1: " "
        text run at (0,126) width 121: "This is a text area with "
        text run at (0,140) width 64: "wrap=\"soft\""
        text run at (63,140) width 1: " "
        text run at (0,154) width 121: "This is a text area with "
        text run at (0,168) width 64: "wrap=\"soft\""
        text run at (63,168) width 1: " "
        text run at (0,182) width 121: "This is a text area with "
        text run at (0,196) width 64: "wrap=\"soft\""
        text run at (63,196) width 1: " "
        text run at (0,210) width 121: "This is a text area with "
        text run at (0,224) width 64: "wrap=\"soft\""
        text run at (63,224) width 1: " "
        text run at (0,238) width 121: "This is a text area with "
        text run at (0,252) width 64: "wrap=\"soft\""
        text run at (63,252) width 1: " "
        text run at (0,266) width 121: "This is a text area with "
        text run at (0,280) width 64: "wrap=\"soft\""
        text run at (63,280) width 1: " "
        text run at (0,294) width 121: "This is a text area with "
        text run at (0,308) width 64: "wrap=\"soft\""
        text run at (63,308) width 1: " "
        text run at (0,322) width 121: "This is a text area with "
        text run at (0,336) width 64: "wrap=\"soft\""
        text run at (63,336) width 1: " "
        text run at (0,350) width 121: "This is a text area with "
        text run at (0,364) width 64: "wrap=\"soft\""
        text run at (63,364) width 1: " "
        text run at (0,378) width 121: "This is a text area with "
        text run at (0,392) width 64: "wrap=\"soft\""
        text run at (63,392) width 1: " "
      RenderBR {BR} at (0,406) size 0x14
layer at (24,130) size 153x34 clip at (25,131) size 151x32 scrollHeight 60
  RenderTextControl {TEXTAREA} at (14,1) size 154x34 [color=color(srgb 0.341176 0.341176 0.341176)] [bgcolor=#FFFFFF] [border: (1px solid #3C3C4399)]
    RenderBlock {DIV} at (6,3) size 141x56
      RenderText {#text} at (0,0) size 140x56
        text run at (0,0) width 101: "Lorem ipsum dolor "
        text run at (0,14) width 140: "ABCDEFGHIJKLMNOPQRS"
        text run at (0,28) width 59: "TUVWXYZ "
        text run at (0,42) width 130: "abcdefghijklmnopqrstuv "
