layer at (0,0) size 800x600
  RenderView at (0,0) size 800x600
layer at (0,0) size 800x600
  RenderBlock {HTML} at (0,0) size 800x600
    RenderBody {BODY} at (8,8) size 470x582
      RenderBlock (anonymous) at (0,0) size 470x340
        RenderText {#text} at (0,0) size 328x19
          text run at (0,0) width 328: "This tests basic inputs. Here's what you should see:"
        RenderBR {BR} at (327,0) size 1x19
        RenderBR {BR} at (0,20) size 0x19
        RenderText {#text} at (0,40) size 462x59
          text run at (0,40) width 445: "first line: the letter \"a\" and then a text input field filled with repeating"
          text run at (0,60) width 86: "\"foobarbaz\", "
          text run at (85,60) width 377: "then the word \"text\" followed by a disabled text input field"
          text run at (0,80) width 332: "filled with \"foo\" and then the letter \"b\" and then \"a\""
        RenderBR {BR} at (331,80) size 1x19
        RenderBR {BR} at (0,100) size 0x19
        RenderText {#text} at (0,120) size 469x59
          text run at (0,120) width 439: "second line: and then a password input field that's filled and then the"
          text run at (0,140) width 469: "word \"password\" and then a disabled password field that's filled and then"
          text run at (0,160) width 82: "the letter \"b\""
        RenderBR {BR} at (81,160) size 1x19
        RenderBR {BR} at (0,180) size 0x19
        RenderText {#text} at (0,200) size 459x39
          text run at (0,200) width 459: "third line: the letter \"a\" and then a checkbox (unchecked) with the word"
          text run at (0,220) width 356: "\"checkbox\" and then a disabled checkbox and letter \"b\""
        RenderBR {BR} at (355,220) size 1x19
        RenderBR {BR} at (0,240) size 0x19
        RenderText {#text} at (0,260) size 457x59
          text run at (0,260) width 411: "fourth line: the last line has the letter \"a\" and then a redio button"
          text run at (0,280) width 457: "(unselected) and then the word \"radio\" and then a disabled radio button"
          text run at (0,300) width 109: "and the letter \"b\""
        RenderBR {BR} at (108,300) size 1x19
        RenderBR {BR} at (0,320) size 0x19
      RenderBlock {DIV} at (10,350) size 450x52 [border: (1px solid #FF0000)]
        RenderText {#text} at (1,2) size 8x19
          text run at (1,2) width 8: "a"
        RenderTextControl {INPUT} at (10,3) size 155x22 [bgcolor=#FFFFFF] [border: (1px solid #E4E4E5)]
        RenderText {#text} at (166,2) size 29x19
          text run at (166,2) width 29: "text "
        RenderText {#text} at (351,2) size 20x19
          text run at (351,2) width 13: "b "
          text run at (363,2) width 8: "a"
        RenderTextControl {INPUT} at (3,28) size 155x22 [bgcolor=#FFFFFF] [border: (1px solid #E4E4E5)]
          RenderFlexibleBox {DIV} at (6,3) size 143x15
            RenderBlock {DIV} at (0,0) size 142x14
        RenderText {#text} at (159,27) size 66x19
          text run at (159,27) width 66: "password "
        RenderText {#text} at (381,27) size 9x19
          text run at (381,27) width 9: "b"
      RenderBlock {DIV} at (10,412) size 450x24 [border: (1px solid #FF0000)]
        RenderText {#text} at (1,3) size 8x19
          text run at (1,3) width 8: "a"
        RenderBlock {INPUT} at (10,4) size 17x16 [bgcolor=#FFFFFF03]
        RenderText {#text} at (28,3) size 66x19
          text run at (28,3) width 66: "checkbox "
        RenderBlock {INPUT} at (95,4) size 17x16 [bgcolor=#FFFFFF03]
        RenderText {#text} at (113,3) size 9x19
          text run at (113,3) width 9: "b"
      RenderBlock {DIV} at (10,446) size 450x24 [border: (1px solid #FF0000)]
        RenderText {#text} at (1,3) size 8x19
          text run at (1,3) width 8: "a"
        RenderBlock {INPUT} at (10,4) size 17x16 [bgcolor=#FFFFFF03]
        RenderText {#text} at (28,3) size 37x19
          text run at (28,3) width 37: "radio "
        RenderBlock {INPUT} at (66,4) size 17x16 [bgcolor=#FFFFFF03]
        RenderText {#text} at (84,3) size 9x19
          text run at (84,3) width 9: "b"
layer at (35,364) size 141x14 scrollWidth 161
  RenderBlock {DIV} at (6,3) size 143x15
    RenderText {#text} at (0,0) size 160x14
      text run at (0,0) width 160: "foobarbazfoobarbazfoobarbaz"
layer at (28,389) size 142x14 backgroundClip at (28,389) size 141x14 clip at (28,389) size 141x14
  RenderBlock {DIV} at (0,0) size 142x14
    RenderText {#text} at (0,0) size 21x14
      text run at (0,0) width 21: "\x{25CF}\x{25CF}\x{25CF}"
layer at (215,361) size 153x21
  RenderTextControl {INPUT} at (196,3) size 154x22 [bgcolor=#FFFFFF] [border: (1px solid #E4E4E5)]
layer at (221,364) size 139x14
  RenderBlock {DIV} at (6,3) size 141x15 [color=#545454]
    RenderText {#text} at (0,0) size 17x14
      text run at (0,0) width 17: "foo"
layer at (244,386) size 153x21
  RenderTextControl {INPUT} at (226,28) size 154x22 [bgcolor=#FFFFFF] [border: (1px solid #E4E4E5)]
    RenderFlexibleBox {DIV} at (6,3) size 141x15
      RenderBlock {DIV} at (0,0) size 140x14
layer at (251,389) size 140x14
  RenderBlock {DIV} at (0,0) size 140x14 [color=#545454]
    RenderText {#text} at (0,0) size 21x14
      text run at (0,0) width 21: "\x{25CF}\x{25CF}\x{25CF}"
