layer at (0,0) size 800x1306
  RenderView at (0,0) size 800x600
layer at (0,0) size 800x1306
  RenderBlock {HTML} at (0,0) size 800x1306
    RenderBody {BODY} at (0,0) size 800x1306
      RenderIFrame {IFRAME} at (0,0) size 800x668
        layer at (0,0) size 800x668
          RenderView at (0,0) size 800x668
        layer at (0,0) size 800x668
          RenderBlock {HTML} at (0,0) size 800x668
            RenderBody {BODY} at (0,5) size 800x663
              RenderBlock {DIV} at (0,0) size 800x20
                RenderText {#text} at (0,0) size 196x19
                  text run at (0,0) width 196: "CompatMode: CSS1Compat"
              RenderBlock (anonymous) at (0,25) size 800x638
                RenderBlock {DIV} at (0,35) size 155x55 [border: (1px solid #0000FF)]
                  RenderBlock {SPAN} at (1,12) size 80x0
                  RenderBR {BR} at (81,1) size 0x14
                RenderBlock {DIV} at (155,35) size 155x55 [border: (1px solid #0000FF)]
                  RenderBlock {SPAN} at (1,1) size 80x15
                    RenderText {#text} at (0,0) size 78x14
                      text run at (0,0) width 78: "disabled: \"true\","
                  RenderBR {BR} at (81,1) size 0x14
                RenderBlock {DIV} at (310,4) size 164x86 [border: (1px solid #0000FF)]
                  RenderBlock {SPAN} at (1,1) size 80x30
                    RenderText {#text} at (0,0) size 79x29
                      text run at (0,0) width 26: "style:"
                      text run at (0,15) width 79: "\"padding:10px\","
                  RenderBR {BR} at (81,16) size 0x14
                RenderBlock {DIV} at (474,24) size 144x66 [border: (1px solid #0000FF)]
                  RenderBlock {SPAN} at (1,1) size 80x30
                    RenderText {#text} at (0,0) size 73x29
                      text run at (0,0) width 26: "style:"
                      text run at (0,15) width 73: "\"padding:0px\","
                  RenderBR {BR} at (81,16) size 0x14
                RenderBlock {DIV} at (618,0) size 175x90 [border: (1px solid #0000FF)]
                  RenderBlock {SPAN} at (1,1) size 80x30
                    RenderText {#text} at (0,0) size 74x29
                      text run at (0,0) width 26: "style:"
                      text run at (0,15) width 74: "\"margin:10px\","
                  RenderBR {BR} at (81,16) size 0x14
                RenderBlock {DIV} at (0,141) size 155x70 [border: (1px solid #0000FF)]
                  RenderBlock {SPAN} at (1,1) size 80x30
                    RenderText {#text} at (0,0) size 68x29
                      text run at (0,0) width 26: "style:"
                      text run at (0,15) width 68: "\"margin:0px\","
                  RenderBR {BR} at (81,16) size 0x14
                RenderBlock {DIV} at (155,141) size 82x70 [border: (1px solid #0000FF)]
                  RenderBlock {SPAN} at (1,1) size 80x30
                    RenderText {#text} at (0,0) size 68x29
                      text run at (0,0) width 26: "style:"
                      text run at (0,15) width 68: "\"width:60px\","
                  RenderBR {BR} at (81,16) size 0x14
                RenderBlock {DIV} at (237,90) size 104x121 [border: (1px solid #0000FF)]
                  RenderBlock {SPAN} at (1,1) size 80x45
                    RenderText {#text} at (0,0) size 74x44
                      text run at (0,0) width 26: "style:"
                      text run at (0,15) width 63: "\"width:60px;"
                      text run at (0,30) width 74: "padding:20px\","
                  RenderBR {BR} at (81,31) size 0x14
                RenderBlock {DIV} at (341,130) size 82x81 [border: (1px solid #0000FF)]
                  RenderBlock {SPAN} at (1,1) size 80x45
                    RenderText {#text} at (0,0) size 63x44
                      text run at (0,0) width 26: "style:"
                      text run at (0,15) width 63: "\"width:60px;"
                      text run at (0,30) width 56: "padding:0\","
                  RenderBR {BR} at (81,31) size 0x14
                RenderBlock {DIV} at (423,109) size 155x102 [border: (1px solid #0000FF)]
                  RenderBlock {SPAN} at (1,1) size 80x30
                    RenderText {#text} at (0,0) size 71x29
                      text run at (0,0) width 26: "style:"
                      text run at (0,15) width 71: "\"height:60px\","
                  RenderBR {BR} at (81,16) size 0x14
                RenderBlock {DIV} at (578,94) size 82x117 [border: (1px solid #0000FF)]
                  RenderBlock {SPAN} at (1,1) size 80x45
                    RenderText {#text} at (0,0) size 66x44
                      text run at (0,0) width 26: "style:"
                      text run at (0,15) width 63: "\"width:60px;"
                      text run at (0,30) width 66: "height:60px\","
                  RenderBR {BR} at (81,31) size 0x14
                RenderBlock {DIV} at (0,273) size 155x70 [border: (1px solid #0000FF)]
                  RenderBlock {SPAN} at (1,1) size 80x30
                    RenderText {#text} at (0,0) size 93x29
                      text run at (0,0) width 26: "style:"
                      text run at (0,15) width 93: "\"overflow:hidden\","
                  RenderBR {BR} at (81,16) size 0x14
                RenderBlock {DIV} at (155,273) size 155x70 [border: (1px solid #0000FF)]
                  RenderBlock {SPAN} at (1,1) size 80x30
                    RenderText {#text} at (0,0) size 87x29
                      text run at (0,0) width 26: "style:"
                      text run at (0,15) width 87: "\"overflow:scroll\","
                  RenderBR {BR} at (81,16) size 0x14
                RenderBlock {DIV} at (310,211) size 82x132 [border: (1px solid #0000FF)]
                  RenderBlock {SPAN} at (1,1) size 80x60
                    RenderText {#text} at (0,0) size 88x59
                      text run at (0,0) width 26: "style:"
                      text run at (0,15) width 88: "\"overflow:hidden;"
                      text run at (0,30) width 59: "width:60px;"
                      text run at (0,45) width 66: "height:60px\","
                  RenderBR {BR} at (81,46) size 0x14
                RenderBlock {DIV} at (392,211) size 82x132 [border: (1px solid #0000FF)]
                  RenderBlock {SPAN} at (1,1) size 80x60
                    RenderText {#text} at (0,0) size 82x59
                      text run at (0,0) width 26: "style:"
                      text run at (0,15) width 82: "\"overflow:scroll;"
                      text run at (0,30) width 59: "width:60px;"
                      text run at (0,45) width 66: "height:60px\","
                  RenderBR {BR} at (81,46) size 0x14
                RenderBlock {DIV} at (474,226) size 82x117 [border: (1px solid #0000FF)]
                  RenderBlock {SPAN} at (1,1) size 80x45
                    RenderText {#text} at (0,0) size 74x44
                      text run at (0,0) width 74: "cols: \"5\", style:"
                      text run at (0,15) width 63: "\"width:60px;"
                      text run at (0,30) width 66: "height:60px\","
                  RenderBR {BR} at (81,31) size 0x14
                RenderBlock {DIV} at (556,226) size 82x117 [border: (1px solid #0000FF)]
                  RenderBlock {SPAN} at (1,1) size 80x45
                    RenderText {#text} at (0,0) size 78x44
                      text run at (0,0) width 78: "rows: \"4\", style:"
                      text run at (0,15) width 63: "\"width:60px;"
                      text run at (0,30) width 66: "height:60px\","
                  RenderBR {BR} at (81,31) size 0x14
                RenderBlock {DIV} at (638,211) size 82x132 [border: (1px solid #0000FF)]
                  RenderBlock {SPAN} at (1,1) size 80x60
                    RenderText {#text} at (0,0) size 75x59
                      text run at (0,0) width 75: "cols: \"5\", rows:"
                      text run at (0,15) width 48: "\"4\", style:"
                      text run at (0,30) width 63: "\"width:60px;"
                      text run at (0,45) width 66: "height:60px\","
                  RenderBR {BR} at (81,46) size 0x14
                RenderBlock {DIV} at (0,413) size 82x55 [border: (1px solid #0000FF)]
                  RenderBlock {SPAN} at (1,1) size 80x15
                    RenderText {#text} at (0,0) size 45x14
                      text run at (0,0) width 45: "cols: \"3\","
                  RenderBR {BR} at (81,1) size 0x14
                RenderBlock {DIV} at (82,399) size 155x69 [border: (1px solid #0000FF)]
                  RenderBlock {SPAN} at (1,1) size 80x15
                    RenderText {#text} at (0,0) size 49x14
                      text run at (0,0) width 49: "rows: \"3\","
                  RenderBR {BR} at (81,1) size 0x14
                RenderBlock {DIV} at (237,413) size 82x55 [border: (1px solid #0000FF)]
                  RenderBlock {SPAN} at (1,1) size 80x15
                    RenderText {#text} at (0,0) size 45x14
                      text run at (0,0) width 45: "cols: \"7\","
                  RenderBR {BR} at (81,1) size 0x14
                RenderBlock {DIV} at (319,343) size 155x125 [border: (1px solid #0000FF)]
                  RenderBlock {SPAN} at (1,1) size 80x15
                    RenderText {#text} at (0,0) size 49x14
                      text run at (0,0) width 49: "rows: \"7\","
                  RenderBR {BR} at (81,1) size 0x14
                RenderBlock {DIV} at (474,370) size 82x98 [border: (1px solid #0000FF)]
                  RenderBlock {SPAN} at (1,1) size 80x30
                    RenderText {#text} at (0,0) size 75x29
                      text run at (0,0) width 75: "cols: \"5\", rows:"
                      text run at (0,15) width 19: "\"4\","
                  RenderBR {BR} at (81,16) size 0x14
                RenderBlock {DIV} at (556,413) size 155x55 [border: (1px solid #0000FF)]
                  RenderBlock {SPAN} at (1,1) size 80x15
                    RenderText {#text} at (0,0) size 57x14
                      text run at (0,0) width 57: "wrap: \"off\","
                  RenderBR {BR} at (81,1) size 0x14
                RenderBlock {DIV} at (0,483) size 155x55 [border: (1px solid #0000FF)]
                  RenderBlock {SPAN} at (1,1) size 80x15
                    RenderText {#text} at (0,0) size 65x14
                      text run at (0,0) width 65: "wrap: \"hard\","
                  RenderBR {BR} at (81,1) size 0x14
                RenderBlock {DIV} at (155,483) size 155x55 [border: (1px solid #0000FF)]
                  RenderBlock {SPAN} at (1,1) size 80x15
                    RenderText {#text} at (0,0) size 62x14
                      text run at (0,0) width 62: "wrap: \"soft\","
                  RenderBR {BR} at (81,1) size 0x14
                RenderBlock {DIV} at (310,468) size 155x70 [border: (1px solid #0000FF)]
                  RenderBlock {SPAN} at (1,1) size 80x30
                    RenderText {#text} at (0,0) size 72x29
                      text run at (0,0) width 65: "style: \"white-"
                      text run at (0,15) width 72: "space:normal\","
                  RenderBR {BR} at (81,16) size 0x14
                RenderBlock {DIV} at (465,468) size 155x70 [border: (1px solid #0000FF)]
                  RenderBlock {SPAN} at (1,1) size 80x30
                    RenderText {#text} at (0,0) size 65x29
                      text run at (0,0) width 65: "style: \"white-"
                      text run at (0,15) width 54: "space:pre\","
                  RenderBR {BR} at (81,16) size 0x14
                RenderBlock {DIV} at (620,468) size 155x70 [border: (1px solid #0000FF)]
                  RenderBlock {SPAN} at (1,1) size 80x30
                    RenderText {#text} at (0,0) size 78x29
                      text run at (0,0) width 65: "style: \"white-"
                      text run at (0,15) width 78: "space:prewrap\","
                  RenderBR {BR} at (81,16) size 0x14
                RenderBlock {DIV} at (0,568) size 155x70 [border: (1px solid #0000FF)]
                  RenderBlock {SPAN} at (1,1) size 80x30
                    RenderText {#text} at (0,0) size 74x29
                      text run at (0,0) width 65: "style: \"white-"
                      text run at (0,15) width 74: "space:nowrap\","
                  RenderBR {BR} at (81,16) size 0x14
                RenderBlock {DIV} at (155,568) size 155x70 [border: (1px solid #0000FF)]
                  RenderBlock {SPAN} at (1,1) size 80x30
                    RenderText {#text} at (0,0) size 76x29
                      text run at (0,0) width 65: "style: \"white-"
                      text run at (0,15) width 76: "space:pre-line\","
                  RenderBR {BR} at (81,16) size 0x14
                RenderBlock {DIV} at (310,568) size 155x70 [border: (1px solid #0000FF)]
                  RenderBlock {SPAN} at (1,1) size 80x30
                    RenderText {#text} at (0,0) size 70x29
                      text run at (0,0) width 63: "style: \"word-"
                      text run at (0,15) width 70: "wrap:normal\","
                  RenderBR {BR} at (81,16) size 0x14
                RenderBlock {DIV} at (465,538) size 155x100 [border: (1px solid #0000FF)]
                  RenderBlock {SPAN} at (1,1) size 80x60
                    RenderText {#text} at (0,0) size 65x59
                      text run at (0,0) width 57: "wrap: \"off\","
                      text run at (0,15) width 65: "style: \"white-"
                      text run at (0,30) width 50: "space:pre-"
                      text run at (0,45) width 32: "wrap\","
                  RenderBR {BR} at (81,46) size 0x14
        layer at (1,81) size 153x34 clip at (2,82) size 151x32
          RenderTextControl {TEXTAREA} at (1,16) size 153x34 [bgcolor=#FFFFFF] [border: (1px solid #3C3C4399)]
            RenderBlock {DIV} at (6,3) size 141x14
              RenderText {#text} at (0,0) size 98x14
                text run at (0,0) width 98: "Lorem ipsum dolor"
        layer at (311,65) size 162x50 clip at (312,66) size 160x48 scrollHeight 76
          RenderTextControl {TEXTAREA} at (1,31) size 162x50 [bgcolor=#FFFFFF] [border: (1px solid #3C3C4399)]
            RenderBlock {DIV} at (11,11) size 140x56
              RenderText {#text} at (0,0) size 140x56
                text run at (0,0) width 104: "Lorem ipsum  dolor "
                text run at (0,14) width 140: "ABCDEFGHIJKLMNOPQRS"
                text run at (0,28) width 59: "TUVWXYZ "
                text run at (0,42) width 127: "abcdefghijklmnopqrstuv"
        layer at (475,85) size 142x30 clip at (476,86) size 140x28 scrollHeight 56
          RenderTextControl {TEXTAREA} at (1,31) size 142x30 [bgcolor=#FFFFFF] [border: (1px solid #3C3C4399)]
            RenderBlock {DIV} at (1,1) size 140x56
              RenderText {#text} at (0,0) size 140x56
                text run at (0,0) width 104: "Lorem ipsum  dolor "
                text run at (0,14) width 140: "ABCDEFGHIJKLMNOPQRS"
                text run at (0,28) width 59: "TUVWXYZ "
                text run at (0,42) width 127: "abcdefghijklmnopqrstuv"
        layer at (629,71) size 153x34 clip at (630,72) size 151x32 scrollHeight 60
          RenderTextControl {TEXTAREA} at (11,41) size 153x34 [bgcolor=#FFFFFF] [border: (1px solid #3C3C4399)]
            RenderBlock {DIV} at (6,3) size 141x56
              RenderText {#text} at (0,0) size 140x56
                text run at (0,0) width 104: "Lorem ipsum  dolor "
                text run at (0,14) width 140: "ABCDEFGHIJKLMNOPQRS"
                text run at (0,28) width 59: "TUVWXYZ "
                text run at (0,42) width 127: "abcdefghijklmnopqrstuv"
        layer at (1,202) size 153x34 clip at (2,203) size 151x32 scrollHeight 60
          RenderTextControl {TEXTAREA} at (1,31) size 153x34 [bgcolor=#FFFFFF] [border: (1px solid #3C3C4399)]
            RenderBlock {DIV} at (6,3) size 141x56
              RenderText {#text} at (0,0) size 140x56
                text run at (0,0) width 104: "Lorem ipsum  dolor "
                text run at (0,14) width 140: "ABCDEFGHIJKLMNOPQRS"
                text run at (0,28) width 59: "TUVWXYZ "
                text run at (0,42) width 127: "abcdefghijklmnopqrstuv"
        layer at (156,202) size 73x34 clip at (157,203) size 71x32 scrollHeight 144
          RenderTextControl {TEXTAREA} at (1,31) size 73x34 [bgcolor=#FFFFFF] [border: (1px solid #3C3C4399)]
            RenderBlock {DIV} at (6,3) size 61x140
              RenderText {#text} at (0,0) size 60x140
                text run at (0,0) width 36: "Lorem "
                text run at (0,14) width 38: "ipsum  "
                text run at (0,28) width 31: "dolor "
                text run at (0,42) width 53: "ABCDEFG"
                text run at (0,56) width 58: "HIJKLMNO"
                text run at (0,70) width 53: "PQRSTUV"
                text run at (0,84) width 37: "WXYZ "
                text run at (0,98) width 56: "abcdefghij"
                text run at (0,112) width 60: "klmnopqrst"
                text run at (0,126) width 13: "uv"
        layer at (238,166) size 102x70 clip at (239,167) size 100x68 scrollHeight 180
          RenderTextControl {TEXTAREA} at (1,46) size 102x70 [bgcolor=#FFFFFF] [border: (1px solid #3C3C4399)]
            RenderBlock {DIV} at (21,21) size 60x140
              RenderText {#text} at (0,0) size 60x140
                text run at (0,0) width 36: "Lorem "
                text run at (0,14) width 38: "ipsum  "
                text run at (0,28) width 31: "dolor "
                text run at (0,42) width 53: "ABCDEFG"
                text run at (0,56) width 58: "HIJKLMNO"
                text run at (0,70) width 53: "PQRSTUV"
                text run at (0,84) width 37: "WXYZ "
                text run at (0,98) width 56: "abcdefghij"
                text run at (0,112) width 60: "klmnopqrst"
                text run at (0,126) width 13: "uv"
        layer at (342,206) size 62x30 clip at (343,207) size 60x28 scrollHeight 140
          RenderTextControl {TEXTAREA} at (1,46) size 62x30 [bgcolor=#FFFFFF] [border: (1px solid #3C3C4399)]
            RenderBlock {DIV} at (1,1) size 60x140
              RenderText {#text} at (0,0) size 60x140
                text run at (0,0) width 36: "Lorem "
                text run at (0,14) width 38: "ipsum  "
                text run at (0,28) width 31: "dolor "
                text run at (0,42) width 53: "ABCDEFG"
                text run at (0,56) width 58: "HIJKLMNO"
                text run at (0,70) width 53: "PQRSTUV"
                text run at (0,84) width 37: "WXYZ "
                text run at (0,98) width 56: "abcdefghij"
                text run at (0,112) width 60: "klmnopqrst"
                text run at (0,126) width 13: "uv"
        layer at (424,170) size 153x66 clip at (425,171) size 151x64
          RenderTextControl {TEXTAREA} at (1,31) size 153x66 [bgcolor=#FFFFFF] [border: (1px solid #3C3C4399)]
            RenderBlock {DIV} at (6,3) size 141x56
              RenderText {#text} at (0,0) size 140x56
                text run at (0,0) width 104: "Lorem ipsum  dolor "
                text run at (0,14) width 140: "ABCDEFGHIJKLMNOPQRS"
                text run at (0,28) width 59: "TUVWXYZ "
                text run at (0,42) width 127: "abcdefghijklmnopqrstuv"
        layer at (579,170) size 73x66 clip at (580,171) size 71x64 scrollHeight 144
          RenderTextControl {TEXTAREA} at (1,46) size 73x66 [bgcolor=#FFFFFF] [border: (1px solid #3C3C4399)]
            RenderBlock {DIV} at (6,3) size 61x140
              RenderText {#text} at (0,0) size 60x140
                text run at (0,0) width 36: "Lorem "
                text run at (0,14) width 38: "ipsum  "
                text run at (0,28) width 31: "dolor "
                text run at (0,42) width 53: "ABCDEFG"
                text run at (0,56) width 58: "HIJKLMNO"
                text run at (0,70) width 53: "PQRSTUV"
                text run at (0,84) width 37: "WXYZ "
                text run at (0,98) width 56: "abcdefghij"
                text run at (0,112) width 60: "klmnopqrst"
                text run at (0,126) width 13: "uv"
        layer at (1,334) size 153x34 clip at (2,335) size 151x32 scrollHeight 60
          RenderTextControl {TEXTAREA} at (1,31) size 153x34 [bgcolor=#FFFFFF] [border: (1px solid #3C3C4399)]
            RenderBlock {DIV} at (6,3) size 141x56
              RenderText {#text} at (0,0) size 140x56
                text run at (0,0) width 104: "Lorem ipsum  dolor "
                text run at (0,14) width 140: "ABCDEFGHIJKLMNOPQRS"
                text run at (0,28) width 59: "TUVWXYZ "
                text run at (0,42) width 127: "abcdefghijklmnopqrstuv"
        layer at (156,334) size 153x34 clip at (157,335) size 151x32 scrollHeight 60
          RenderTextControl {TEXTAREA} at (1,31) size 153x34 [bgcolor=#FFFFFF] [border: (1px solid #3C3C4399)]
            RenderBlock {DIV} at (6,3) size 141x56
              RenderText {#text} at (0,0) size 140x56
                text run at (0,0) width 104: "Lorem ipsum  dolor "
                text run at (0,14) width 140: "ABCDEFGHIJKLMNOPQRS"
                text run at (0,28) width 59: "TUVWXYZ "
                text run at (0,42) width 127: "abcdefghijklmnopqrstuv"
        layer at (311,302) size 73x66 clip at (312,303) size 71x64 scrollHeight 144
          RenderTextControl {TEXTAREA} at (1,61) size 73x66 [bgcolor=#FFFFFF] [border: (1px solid #3C3C4399)]
            RenderBlock {DIV} at (6,3) size 61x140
              RenderText {#text} at (0,0) size 60x140
                text run at (0,0) width 36: "Lorem "
                text run at (0,14) width 38: "ipsum  "
                text run at (0,28) width 31: "dolor "
                text run at (0,42) width 53: "ABCDEFG"
                text run at (0,56) width 58: "HIJKLMNO"
                text run at (0,70) width 53: "PQRSTUV"
                text run at (0,84) width 37: "WXYZ "
                text run at (0,98) width 56: "abcdefghij"
                text run at (0,112) width 60: "klmnopqrst"
                text run at (0,126) width 13: "uv"
        layer at (393,302) size 73x66 clip at (394,303) size 71x64 scrollHeight 144
          RenderTextControl {TEXTAREA} at (1,61) size 73x66 [bgcolor=#FFFFFF] [border: (1px solid #3C3C4399)]
            RenderBlock {DIV} at (6,3) size 61x140
              RenderText {#text} at (0,0) size 60x140
                text run at (0,0) width 36: "Lorem "
                text run at (0,14) width 38: "ipsum  "
                text run at (0,28) width 31: "dolor "
                text run at (0,42) width 53: "ABCDEFG"
                text run at (0,56) width 58: "HIJKLMNO"
                text run at (0,70) width 53: "PQRSTUV"
                text run at (0,84) width 37: "WXYZ "
                text run at (0,98) width 56: "abcdefghij"
                text run at (0,112) width 60: "klmnopqrst"
                text run at (0,126) width 13: "uv"
        layer at (475,302) size 73x66 clip at (476,303) size 71x64 scrollHeight 144
          RenderTextControl {TEXTAREA} at (1,46) size 73x66 [bgcolor=#FFFFFF] [border: (1px solid #3C3C4399)]
            RenderBlock {DIV} at (6,3) size 61x140
              RenderText {#text} at (0,0) size 60x140
                text run at (0,0) width 36: "Lorem "
                text run at (0,14) width 38: "ipsum  "
                text run at (0,28) width 31: "dolor "
                text run at (0,42) width 53: "ABCDEFG"
                text run at (0,56) width 58: "HIJKLMNO"
                text run at (0,70) width 53: "PQRSTUV"
                text run at (0,84) width 37: "WXYZ "
                text run at (0,98) width 56: "abcdefghij"
                text run at (0,112) width 60: "klmnopqrst"
                text run at (0,126) width 13: "uv"
        layer at (557,302) size 73x66 clip at (558,303) size 71x64 scrollHeight 144
          RenderTextControl {TEXTAREA} at (1,46) size 73x66 [bgcolor=#FFFFFF] [border: (1px solid #3C3C4399)]
            RenderBlock {DIV} at (6,3) size 61x140
              RenderText {#text} at (0,0) size 60x140
                text run at (0,0) width 36: "Lorem "
                text run at (0,14) width 38: "ipsum  "
                text run at (0,28) width 31: "dolor "
                text run at (0,42) width 53: "ABCDEFG"
                text run at (0,56) width 58: "HIJKLMNO"
                text run at (0,70) width 53: "PQRSTUV"
                text run at (0,84) width 37: "WXYZ "
                text run at (0,98) width 56: "abcdefghij"
                text run at (0,112) width 60: "klmnopqrst"
                text run at (0,126) width 13: "uv"
        layer at (639,302) size 73x66 clip at (640,303) size 71x64 scrollHeight 144
          RenderTextControl {TEXTAREA} at (1,61) size 73x66 [bgcolor=#FFFFFF] [border: (1px solid #3C3C4399)]
            RenderBlock {DIV} at (6,3) size 61x140
              RenderText {#text} at (0,0) size 60x140
                text run at (0,0) width 36: "Lorem "
                text run at (0,14) width 38: "ipsum  "
                text run at (0,28) width 31: "dolor "
                text run at (0,42) width 53: "ABCDEFG"
                text run at (0,56) width 58: "HIJKLMNO"
                text run at (0,70) width 53: "PQRSTUV"
                text run at (0,84) width 37: "WXYZ "
                text run at (0,98) width 56: "abcdefghij"
                text run at (0,112) width 60: "klmnopqrst"
                text run at (0,126) width 13: "uv"
        layer at (1,459) size 34x34 clip at (2,460) size 32x32 scrollHeight 354
          RenderTextControl {TEXTAREA} at (1,16) size 34x34 [bgcolor=#FFFFFF] [border: (1px solid #3C3C4399)]
            RenderBlock {DIV} at (6,3) size 22x350
              RenderText {#text} at (0,0) size 23x350
                text run at (0,0) width 17: "Lor"
                text run at (0,14) width 19: "em "
                text run at (0,28) width 16: "ips"
                text run at (0,42) width 23: "um  "
                text run at (0,56) width 17: "dol"
                text run at (0,70) width 14: "or "
                text run at (0,84) width 15: "AB"
                text run at (0,98) width 16: "CD"
                text run at (0,112) width 13: "EF"
                text run at (0,126) width 20: "GHI"
                text run at (0,140) width 20: "JKL"
                text run at (0,154) width 18: "MN"
                text run at (0,168) width 16: "OP"
                text run at (0,182) width 16: "QR"
                text run at (0,196) width 15: "ST"
                text run at (0,210) width 16: "UV"
                text run at (0,224) width 19: "WX"
                text run at (0,238) width 18: "YZ "
                text run at (0,252) width 20: "abc"
                text run at (0,266) width 18: "def"
                text run at (0,280) width 19: "ghij"
                text run at (0,294) width 19: "klm"
                text run at (0,308) width 20: "nop"
                text run at (0,322) width 21: "qrst"
                text run at (0,336) width 13: "uv"
        layer at (83,445) size 153x48 clip at (84,446) size 151x46 scrollHeight 60
          RenderTextControl {TEXTAREA} at (1,16) size 153x48 [bgcolor=#FFFFFF] [border: (1px solid #3C3C4399)]
            RenderBlock {DIV} at (6,3) size 141x56
              RenderText {#text} at (0,0) size 140x56
                text run at (0,0) width 104: "Lorem ipsum  dolor "
                text run at (0,14) width 140: "ABCDEFGHIJKLMNOPQRS"
                text run at (0,28) width 59: "TUVWXYZ "
                text run at (0,42) width 127: "abcdefghijklmnopqrstuv"
        layer at (238,459) size 62x34 clip at (239,460) size 60x32 scrollHeight 158
          RenderTextControl {TEXTAREA} at (1,16) size 62x34 [bgcolor=#FFFFFF] [border: (1px solid #3C3C4399)]
            RenderBlock {DIV} at (6,3) size 50x154
              RenderText {#text} at (0,0) size 49x154
                text run at (0,0) width 36: "Lorem "
                text run at (0,14) width 38: "ipsum  "
                text run at (0,28) width 31: "dolor "
                text run at (0,42) width 44: "ABCDEF"
                text run at (0,56) width 49: "GHIJKLM"
                text run at (0,70) width 47: "NOPQRS"
                text run at (0,84) width 49: "TUVWXY"
                text run at (0,98) width 11: "Z "
                text run at (0,112) width 43: "abcdefg"
                text run at (0,126) width 44: "hijklmno"
                text run at (0,140) width 41: "pqrstuv"
        layer at (320,389) size 153x104 clip at (321,390) size 151x102
          RenderTextControl {TEXTAREA} at (1,16) size 153x104 [bgcolor=#FFFFFF] [border: (1px solid #3C3C4399)]
            RenderBlock {DIV} at (6,3) size 141x56
              RenderText {#text} at (0,0) size 140x56
                text run at (0,0) width 104: "Lorem ipsum  dolor "
                text run at (0,14) width 140: "ABCDEFGHIJKLMNOPQRS"
                text run at (0,28) width 59: "TUVWXYZ "
                text run at (0,42) width 127: "abcdefghijklmnopqrstuv"
        layer at (475,431) size 48x62 clip at (476,432) size 46x60 scrollHeight 200
          RenderTextControl {TEXTAREA} at (1,31) size 48x62 [bgcolor=#FFFFFF] [border: (1px solid #3C3C4399)]
            RenderBlock {DIV} at (6,3) size 36x196
              RenderText {#text} at (0,0) size 38x196
                text run at (0,0) width 36: "Lorem "
                text run at (0,14) width 38: "ipsum  "
                text run at (0,28) width 31: "dolor "
                text run at (0,42) width 31: "ABCD"
                text run at (0,56) width 33: "EFGHI"
                text run at (0,70) width 30: "JKLM"
                text run at (0,84) width 33: "NOPQ"
                text run at (0,98) width 30: "RSTU"
                text run at (0,112) width 33: "VWXY"
                text run at (0,126) width 11: "Z "
                text run at (0,140) width 33: "abcde"
                text run at (0,154) width 32: "fghijkl"
                text run at (0,168) width 30: "mnop"
                text run at (0,182) width 34: "qrstuv"
        layer at (557,459) size 153x34 clip at (558,460) size 151x32 scrollWidth 434
          RenderTextControl {TEXTAREA} at (1,16) size 153x34 [bgcolor=#FFFFFF] [border: (1px solid #3C3C4399)]
            RenderBlock {DIV} at (6,3) size 141x14
              RenderText {#text} at (0,0) size 429x14
                text run at (0,0) width 429: "Lorem ipsum  dolor ABCDEFGHIJKLMNOPQRSTUVWXYZ abcdefghijklmnopqrstuv"
        layer at (1,529) size 153x34 clip at (2,530) size 151x32 scrollHeight 60
          RenderTextControl {TEXTAREA} at (1,16) size 153x34 [bgcolor=#FFFFFF] [border: (1px solid #3C3C4399)]
            RenderBlock {DIV} at (6,3) size 141x56
              RenderText {#text} at (0,0) size 140x56
                text run at (0,0) width 104: "Lorem ipsum  dolor "
                text run at (0,14) width 140: "ABCDEFGHIJKLMNOPQRS"
                text run at (0,28) width 59: "TUVWXYZ "
                text run at (0,42) width 127: "abcdefghijklmnopqrstuv"
        layer at (156,529) size 153x34 clip at (157,530) size 151x32 scrollHeight 60
          RenderTextControl {TEXTAREA} at (1,16) size 153x34 [bgcolor=#FFFFFF] [border: (1px solid #3C3C4399)]
            RenderBlock {DIV} at (6,3) size 141x56
              RenderText {#text} at (0,0) size 140x56
                text run at (0,0) width 104: "Lorem ipsum  dolor "
                text run at (0,14) width 140: "ABCDEFGHIJKLMNOPQRS"
                text run at (0,28) width 59: "TUVWXYZ "
                text run at (0,42) width 127: "abcdefghijklmnopqrstuv"
        layer at (311,529) size 153x34 clip at (312,530) size 151x32 scrollHeight 60
          RenderTextControl {TEXTAREA} at (1,31) size 153x34 [bgcolor=#FFFFFF] [border: (1px solid #3C3C4399)]
            RenderBlock {DIV} at (6,3) size 141x56
              RenderText {#text} at (0,0) size 140x56
                text run at (0,0) width 71: "Lorem ipsum "
                text run at (70,0) width 31: "dolor "
                text run at (0,14) width 140: "ABCDEFGHIJKLMNOPQRS"
                text run at (0,28) width 59: "TUVWXYZ "
                text run at (0,42) width 127: "abcdefghijklmnopqrstuv"
        layer at (466,529) size 153x34 clip at (467,530) size 151x32 scrollWidth 434
          RenderTextControl {TEXTAREA} at (1,31) size 153x34 [bgcolor=#FFFFFF] [border: (1px solid #3C3C4399)]
            RenderBlock {DIV} at (6,3) size 141x14
              RenderText {#text} at (0,0) size 429x14
                text run at (0,0) width 429: "Lorem ipsum  dolor ABCDEFGHIJKLMNOPQRSTUVWXYZ abcdefghijklmnopqrstuv"
        layer at (621,529) size 153x34 clip at (622,530) size 151x32 scrollHeight 60
          RenderTextControl {TEXTAREA} at (1,31) size 153x34 [bgcolor=#FFFFFF] [border: (1px solid #3C3C4399)]
            RenderBlock {DIV} at (6,3) size 141x56
              RenderText {#text} at (0,0) size 140x56
                text run at (0,0) width 104: "Lorem ipsum  dolor "
                text run at (0,14) width 140: "ABCDEFGHIJKLMNOPQRS"
                text run at (0,28) width 59: "TUVWXYZ "
                text run at (0,42) width 127: "abcdefghijklmnopqrstuv"
        layer at (1,629) size 153x34 clip at (2,630) size 151x32 scrollWidth 431
          RenderTextControl {TEXTAREA} at (1,31) size 153x34 [bgcolor=#FFFFFF] [border: (1px solid #3C3C4399)]
            RenderBlock {DIV} at (6,3) size 141x14
              RenderText {#text} at (0,0) size 426x14
                text run at (0,0) width 71: "Lorem ipsum "
                text run at (70,0) width 356: "dolor ABCDEFGHIJKLMNOPQRSTUVWXYZ abcdefghijklmnopqrstuv"
        layer at (156,629) size 153x34 clip at (157,630) size 151x32 scrollHeight 60
          RenderTextControl {TEXTAREA} at (1,31) size 153x34 [bgcolor=#FFFFFF] [border: (1px solid #3C3C4399)]
            RenderBlock {DIV} at (6,3) size 141x56
              RenderText {#text} at (0,0) size 140x56
                text run at (0,0) width 71: "Lorem ipsum "
                text run at (70,0) width 31: "dolor "
                text run at (0,14) width 140: "ABCDEFGHIJKLMNOPQRS"
                text run at (0,28) width 59: "TUVWXYZ "
                text run at (0,42) width 127: "abcdefghijklmnopqrstuv"
        layer at (311,629) size 153x34 clip at (312,630) size 151x32 scrollWidth 200 scrollHeight 46
          RenderTextControl {TEXTAREA} at (1,31) size 153x34 [bgcolor=#FFFFFF] [border: (1px solid #3C3C4399)]
            RenderBlock {DIV} at (6,3) size 141x42
              RenderText {#text} at (0,0) size 198x42
                text run at (0,0) width 104: "Lorem ipsum  dolor "
                text run at (0,14) width 198: "ABCDEFGHIJKLMNOPQRSTUVWXYZ "
                text run at (0,28) width 127: "abcdefghijklmnopqrstuv"
        layer at (466,629) size 153x34 clip at (467,630) size 151x32 scrollWidth 200 scrollHeight 46
          RenderTextControl {TEXTAREA} at (1,61) size 153x34 [bgcolor=#FFFFFF] [border: (1px solid #3C3C4399)]
            RenderBlock {DIV} at (6,3) size 141x42
              RenderText {#text} at (0,0) size 198x42
                text run at (0,0) width 104: "Lorem ipsum  dolor "
                text run at (0,14) width 198: "ABCDEFGHIJKLMNOPQRSTUVWXYZ "
                text run at (0,28) width 127: "abcdefghijklmnopqrstuv"
        layer at (156,81) size 153x34 clip at (157,82) size 151x32 scrollHeight 60
          RenderTextControl {TEXTAREA} at (1,16) size 153x34 [color=color(srgb 0.341176 0.341176 0.341176)] [bgcolor=#FFFFFF] [border: (1px solid #3C3C4399)]
            RenderBlock {DIV} at (6,3) size 141x56
              RenderText {#text} at (0,0) size 140x56
                text run at (0,0) width 104: "Lorem ipsum  dolor "
                text run at (0,14) width 140: "ABCDEFGHIJKLMNOPQRS"
                text run at (0,28) width 59: "TUVWXYZ "
                text run at (0,42) width 127: "abcdefghijklmnopqrstuv"
      RenderIFrame {IFRAME} at (0,668) size 800x638
        layer at (0,0) size 800x638
          RenderView at (0,0) size 800x638
        layer at (0,0) size 800x638
          RenderBlock {HTML} at (0,0) size 800x638
            RenderBody {BODY} at (0,5) size 800x633
              RenderBlock {DIV} at (0,0) size 800x20
                RenderText {#text} at (0,0) size 194x19
                  text run at (0,0) width 194: "CompatMode: BackCompat"
              RenderBlock (anonymous) at (0,25) size 800x608
                RenderBlock {DIV} at (0,50) size 155x36 [border: (1px solid #0000FF)]
                  RenderBlock {SPAN} at (1,1) size 80x0
                  RenderBR {BR} at (81,-10) size 0x14
                RenderBlock {DIV} at (155,35) size 155x51 [border: (1px solid #0000FF)]
                  RenderBlock {SPAN} at (1,1) size 80x15
                    RenderText {#text} at (0,0) size 78x14
                      text run at (0,0) width 78: "disabled: \"true\","
                  RenderBR {BR} at (81,1) size 0x14
                RenderBlock {DIV} at (310,4) size 164x82 [border: (1px solid #0000FF)]
                  RenderBlock {SPAN} at (1,1) size 80x30
                    RenderText {#text} at (0,0) size 79x29
                      text run at (0,0) width 26: "style:"
                      text run at (0,15) width 79: "\"padding:10px\","
                  RenderBR {BR} at (81,16) size 0x14
                RenderBlock {DIV} at (474,24) size 144x62 [border: (1px solid #0000FF)]
                  RenderBlock {SPAN} at (1,1) size 80x30
                    RenderText {#text} at (0,0) size 73x29
                      text run at (0,0) width 26: "style:"
                      text run at (0,15) width 73: "\"padding:0px\","
                  RenderBR {BR} at (81,16) size 0x14
                RenderBlock {DIV} at (618,0) size 175x86 [border: (1px solid #0000FF)]
                  RenderBlock {SPAN} at (1,1) size 80x30
                    RenderText {#text} at (0,0) size 74x29
                      text run at (0,0) width 26: "style:"
                      text run at (0,15) width 74: "\"margin:10px\","
                  RenderBR {BR} at (81,16) size 0x14
                RenderBlock {DIV} at (0,137) size 155x66 [border: (1px solid #0000FF)]
                  RenderBlock {SPAN} at (1,1) size 80x30
                    RenderText {#text} at (0,0) size 68x29
                      text run at (0,0) width 26: "style:"
                      text run at (0,15) width 68: "\"margin:0px\","
                  RenderBR {BR} at (81,16) size 0x14
                RenderBlock {DIV} at (155,137) size 82x66 [border: (1px solid #0000FF)]
                  RenderBlock {SPAN} at (1,1) size 80x30
                    RenderText {#text} at (0,0) size 68x29
                      text run at (0,0) width 26: "style:"
                      text run at (0,15) width 68: "\"width:60px\","
                  RenderBR {BR} at (81,16) size 0x14
                RenderBlock {DIV} at (237,86) size 82x117 [border: (1px solid #0000FF)]
                  RenderBlock {SPAN} at (1,1) size 80x45
                    RenderText {#text} at (0,0) size 74x44
                      text run at (0,0) width 26: "style:"
                      text run at (0,15) width 63: "\"width:60px;"
                      text run at (0,30) width 74: "padding:20px\","
                  RenderBR {BR} at (81,31) size 0x14
                RenderBlock {DIV} at (319,126) size 82x77 [border: (1px solid #0000FF)]
                  RenderBlock {SPAN} at (1,1) size 80x45
                    RenderText {#text} at (0,0) size 63x44
                      text run at (0,0) width 26: "style:"
                      text run at (0,15) width 63: "\"width:60px;"
                      text run at (0,30) width 56: "padding:0\","
                  RenderBR {BR} at (81,31) size 0x14
                RenderBlock {DIV} at (401,111) size 155x92 [border: (1px solid #0000FF)]
                  RenderBlock {SPAN} at (1,1) size 80x30
                    RenderText {#text} at (0,0) size 71x29
                      text run at (0,0) width 26: "style:"
                      text run at (0,15) width 71: "\"height:60px\","
                  RenderBR {BR} at (81,16) size 0x14
                RenderBlock {DIV} at (556,96) size 82x107 [border: (1px solid #0000FF)]
                  RenderBlock {SPAN} at (1,1) size 80x45
                    RenderText {#text} at (0,0) size 66x44
                      text run at (0,0) width 26: "style:"
                      text run at (0,15) width 63: "\"width:60px;"
                      text run at (0,30) width 66: "height:60px\","
                  RenderBR {BR} at (81,31) size 0x14
                RenderBlock {DIV} at (638,137) size 155x66 [border: (1px solid #0000FF)]
                  RenderBlock {SPAN} at (1,1) size 80x30
                    RenderText {#text} at (0,0) size 93x29
                      text run at (0,0) width 26: "style:"
                      text run at (0,15) width 93: "\"overflow:hidden\","
                  RenderBR {BR} at (81,16) size 0x14
                RenderBlock {DIV} at (0,259) size 155x66 [border: (1px solid #0000FF)]
                  RenderBlock {SPAN} at (1,1) size 80x30
                    RenderText {#text} at (0,0) size 87x29
                      text run at (0,0) width 26: "style:"
                      text run at (0,15) width 87: "\"overflow:scroll\","
                  RenderBR {BR} at (81,16) size 0x14
                RenderBlock {DIV} at (155,203) size 82x122 [border: (1px solid #0000FF)]
                  RenderBlock {SPAN} at (1,1) size 80x60
                    RenderText {#text} at (0,0) size 88x59
                      text run at (0,0) width 26: "style:"
                      text run at (0,15) width 88: "\"overflow:hidden;"
                      text run at (0,30) width 59: "width:60px;"
                      text run at (0,45) width 66: "height:60px\","
                  RenderBR {BR} at (81,46) size 0x14
                RenderBlock {DIV} at (237,203) size 82x122 [border: (1px solid #0000FF)]
                  RenderBlock {SPAN} at (1,1) size 80x60
                    RenderText {#text} at (0,0) size 82x59
                      text run at (0,0) width 26: "style:"
                      text run at (0,15) width 82: "\"overflow:scroll;"
                      text run at (0,30) width 59: "width:60px;"
                      text run at (0,45) width 66: "height:60px\","
                  RenderBR {BR} at (81,46) size 0x14
                RenderBlock {DIV} at (319,218) size 82x107 [border: (1px solid #0000FF)]
                  RenderBlock {SPAN} at (1,1) size 80x45
                    RenderText {#text} at (0,0) size 74x44
                      text run at (0,0) width 74: "cols: \"5\", style:"
                      text run at (0,15) width 63: "\"width:60px;"
                      text run at (0,30) width 66: "height:60px\","
                  RenderBR {BR} at (81,31) size 0x14
                RenderBlock {DIV} at (401,218) size 82x107 [border: (1px solid #0000FF)]
                  RenderBlock {SPAN} at (1,1) size 80x45
                    RenderText {#text} at (0,0) size 78x44
                      text run at (0,0) width 78: "rows: \"4\", style:"
                      text run at (0,15) width 63: "\"width:60px;"
                      text run at (0,30) width 66: "height:60px\","
                  RenderBR {BR} at (81,31) size 0x14
                RenderBlock {DIV} at (483,203) size 82x122 [border: (1px solid #0000FF)]
                  RenderBlock {SPAN} at (1,1) size 80x60
                    RenderText {#text} at (0,0) size 75x59
                      text run at (0,0) width 75: "cols: \"5\", rows:"
                      text run at (0,15) width 48: "\"4\", style:"
                      text run at (0,30) width 63: "\"width:60px;"
                      text run at (0,45) width 66: "height:60px\","
                  RenderBR {BR} at (81,46) size 0x14
                RenderBlock {DIV} at (565,274) size 82x51 [border: (1px solid #0000FF)]
                  RenderBlock {SPAN} at (1,1) size 80x15
                    RenderText {#text} at (0,0) size 45x14
                      text run at (0,0) width 45: "cols: \"3\","
                  RenderBR {BR} at (81,1) size 0x14
                RenderBlock {DIV} at (0,381) size 155x65 [border: (1px solid #0000FF)]
                  RenderBlock {SPAN} at (1,1) size 80x15
                    RenderText {#text} at (0,0) size 49x14
                      text run at (0,0) width 49: "rows: \"3\","
                  RenderBR {BR} at (81,1) size 0x14
                RenderBlock {DIV} at (155,395) size 82x51 [border: (1px solid #0000FF)]
                  RenderBlock {SPAN} at (1,1) size 80x15
                    RenderText {#text} at (0,0) size 45x14
                      text run at (0,0) width 45: "cols: \"7\","
                  RenderBR {BR} at (81,1) size 0x14
                RenderBlock {DIV} at (237,325) size 155x121 [border: (1px solid #0000FF)]
                  RenderBlock {SPAN} at (1,1) size 80x15
                    RenderText {#text} at (0,0) size 49x14
                      text run at (0,0) width 49: "rows: \"7\","
                  RenderBR {BR} at (81,1) size 0x14
                RenderBlock {DIV} at (392,352) size 82x94 [border: (1px solid #0000FF)]
                  RenderBlock {SPAN} at (1,1) size 80x30
                    RenderText {#text} at (0,0) size 75x29
                      text run at (0,0) width 75: "cols: \"5\", rows:"
                      text run at (0,15) width 19: "\"4\","
                  RenderBR {BR} at (81,16) size 0x14
                RenderBlock {DIV} at (474,395) size 155x51 [border: (1px solid #0000FF)]
                  RenderBlock {SPAN} at (1,1) size 80x15
                    RenderText {#text} at (0,0) size 57x14
                      text run at (0,0) width 57: "wrap: \"off\","
                  RenderBR {BR} at (81,1) size 0x14
                RenderBlock {DIV} at (629,395) size 155x51 [border: (1px solid #0000FF)]
                  RenderBlock {SPAN} at (1,1) size 80x15
                    RenderText {#text} at (0,0) size 65x14
                      text run at (0,0) width 65: "wrap: \"hard\","
                  RenderBR {BR} at (81,1) size 0x14
                RenderBlock {DIV} at (0,461) size 155x51 [border: (1px solid #0000FF)]
                  RenderBlock {SPAN} at (1,1) size 80x15
                    RenderText {#text} at (0,0) size 62x14
                      text run at (0,0) width 62: "wrap: \"soft\","
                  RenderBR {BR} at (81,1) size 0x14
                RenderBlock {DIV} at (155,446) size 155x66 [border: (1px solid #0000FF)]
                  RenderBlock {SPAN} at (1,1) size 80x30
                    RenderText {#text} at (0,0) size 72x29
                      text run at (0,0) width 65: "style: \"white-"
                      text run at (0,15) width 72: "space:normal\","
                  RenderBR {BR} at (81,16) size 0x14
                RenderBlock {DIV} at (310,446) size 155x66 [border: (1px solid #0000FF)]
                  RenderBlock {SPAN} at (1,1) size 80x30
                    RenderText {#text} at (0,0) size 65x29
                      text run at (0,0) width 65: "style: \"white-"
                      text run at (0,15) width 54: "space:pre\","
                  RenderBR {BR} at (81,16) size 0x14
                RenderBlock {DIV} at (465,446) size 155x66 [border: (1px solid #0000FF)]
                  RenderBlock {SPAN} at (1,1) size 80x30
                    RenderText {#text} at (0,0) size 78x29
                      text run at (0,0) width 65: "style: \"white-"
                      text run at (0,15) width 78: "space:prewrap\","
                  RenderBR {BR} at (81,16) size 0x14
                RenderBlock {DIV} at (620,446) size 155x66 [border: (1px solid #0000FF)]
                  RenderBlock {SPAN} at (1,1) size 80x30
                    RenderText {#text} at (0,0) size 74x29
                      text run at (0,0) width 65: "style: \"white-"
                      text run at (0,15) width 74: "space:nowrap\","
                  RenderBR {BR} at (81,16) size 0x14
                RenderBlock {DIV} at (0,542) size 155x66 [border: (1px solid #0000FF)]
                  RenderBlock {SPAN} at (1,1) size 80x30
                    RenderText {#text} at (0,0) size 76x29
                      text run at (0,0) width 65: "style: \"white-"
                      text run at (0,15) width 76: "space:pre-line\","
                  RenderBR {BR} at (81,16) size 0x14
                RenderBlock {DIV} at (155,542) size 155x66 [border: (1px solid #0000FF)]
                  RenderBlock {SPAN} at (1,1) size 80x30
                    RenderText {#text} at (0,0) size 70x29
                      text run at (0,0) width 63: "style: \"word-"
                      text run at (0,15) width 70: "wrap:normal\","
                  RenderBR {BR} at (81,16) size 0x14
                RenderBlock {DIV} at (310,512) size 155x96 [border: (1px solid #0000FF)]
                  RenderBlock {SPAN} at (1,1) size 80x60
                    RenderText {#text} at (0,0) size 65x59
                      text run at (0,0) width 57: "wrap: \"off\","
                      text run at (0,15) width 65: "style: \"white-"
                      text run at (0,30) width 50: "space:pre-"
                      text run at (0,45) width 32: "wrap\","
                  RenderBR {BR} at (81,46) size 0x14
        layer at (1,81) size 153x34 clip at (2,82) size 151x32
          RenderTextControl {TEXTAREA} at (1,1) size 153x34 [bgcolor=#FFFFFF] [border: (1px solid #3C3C4399)]
            RenderBlock {DIV} at (6,3) size 141x14
              RenderText {#text} at (0,0) size 98x14
                text run at (0,0) width 98: "Lorem ipsum dolor"
        layer at (311,65) size 162x50 clip at (312,66) size 160x48 scrollHeight 76
          RenderTextControl {TEXTAREA} at (1,31) size 162x50 [bgcolor=#FFFFFF] [border: (1px solid #3C3C4399)]
            RenderBlock {DIV} at (11,11) size 140x56
              RenderText {#text} at (0,0) size 140x56
                text run at (0,0) width 104: "Lorem ipsum  dolor "
                text run at (0,14) width 140: "ABCDEFGHIJKLMNOPQRS"
                text run at (0,28) width 59: "TUVWXYZ "
                text run at (0,42) width 127: "abcdefghijklmnopqrstuv"
        layer at (475,85) size 142x30 clip at (476,86) size 140x28 scrollHeight 56
          RenderTextControl {TEXTAREA} at (1,31) size 142x30 [bgcolor=#FFFFFF] [border: (1px solid #3C3C4399)]
            RenderBlock {DIV} at (1,1) size 140x56
              RenderText {#text} at (0,0) size 140x56
                text run at (0,0) width 104: "Lorem ipsum  dolor "
                text run at (0,14) width 140: "ABCDEFGHIJKLMNOPQRS"
                text run at (0,28) width 59: "TUVWXYZ "
                text run at (0,42) width 127: "abcdefghijklmnopqrstuv"
        layer at (629,71) size 153x34 clip at (630,72) size 151x32 scrollHeight 60
          RenderTextControl {TEXTAREA} at (11,41) size 153x34 [bgcolor=#FFFFFF] [border: (1px solid #3C3C4399)]
            RenderBlock {DIV} at (6,3) size 141x56
              RenderText {#text} at (0,0) size 140x56
                text run at (0,0) width 104: "Lorem ipsum  dolor "
                text run at (0,14) width 140: "ABCDEFGHIJKLMNOPQRS"
                text run at (0,28) width 59: "TUVWXYZ "
                text run at (0,42) width 127: "abcdefghijklmnopqrstuv"
        layer at (1,198) size 153x34 clip at (2,199) size 151x32 scrollHeight 60
          RenderTextControl {TEXTAREA} at (1,31) size 153x34 [bgcolor=#FFFFFF] [border: (1px solid #3C3C4399)]
            RenderBlock {DIV} at (6,3) size 141x56
              RenderText {#text} at (0,0) size 140x56
                text run at (0,0) width 104: "Lorem ipsum  dolor "
                text run at (0,14) width 140: "ABCDEFGHIJKLMNOPQRS"
                text run at (0,28) width 59: "TUVWXYZ "
                text run at (0,42) width 127: "abcdefghijklmnopqrstuv"
        layer at (156,198) size 60x34 clip at (157,199) size 58x32 scrollHeight 158
          RenderTextControl {TEXTAREA} at (1,31) size 60x34 [bgcolor=#FFFFFF] [border: (1px solid #3C3C4399)]
            RenderBlock {DIV} at (6,3) size 48x154
              RenderText {#text} at (0,0) size 44x154
                text run at (0,0) width 36: "Lorem "
                text run at (0,14) width 38: "ipsum  "
                text run at (0,28) width 31: "dolor "
                text run at (0,42) width 44: "ABCDEF"
                text run at (0,56) width 40: "GHIJKL"
                text run at (0,70) width 43: "MNOPQ"
                text run at (0,84) width 38: "RSTUV"
                text run at (0,98) width 37: "WXYZ "
                text run at (0,112) width 43: "abcdefg"
                text run at (0,126) width 44: "hijklmno"
                text run at (0,140) width 41: "pqrstuv"
        layer at (238,162) size 60x70 clip at (239,163) size 58x68 scrollHeight 446
          RenderTextControl {TEXTAREA} at (1,46) size 60x70 [bgcolor=#FFFFFF] [border: (1px solid #3C3C4399)]
            RenderBlock {DIV} at (21,21) size 18x406
              RenderText {#text} at (0,0) size 23x406
                text run at (0,0) width 17: "Lor"
                text run at (0,14) width 19: "em "
                text run at (0,28) width 16: "ips"
                text run at (0,42) width 23: "um  "
                text run at (0,56) width 17: "dol"
                text run at (0,70) width 14: "or "
                text run at (0,84) width 15: "AB"
                text run at (0,98) width 16: "CD"
                text run at (0,112) width 13: "EF"
                text run at (0,126) width 17: "GH"
                text run at (0,140) width 17: "IJK"
                text run at (0,154) width 16: "LM"
                text run at (0,168) width 17: "NO"
                text run at (0,182) width 16: "PQ"
                text run at (0,196) width 15: "RS"
                text run at (0,210) width 16: "TU"
                text run at (0,224) width 8: "V"
                text run at (0,238) width 11: "W"
                text run at (0,252) width 15: "XY"
                text run at (0,266) width 11: "Z "
                text run at (0,280) width 13: "ab"
                text run at (0,294) width 14: "cd"
                text run at (0,308) width 17: "efg"
                text run at (0,322) width 13: "hij"
                text run at (0,336) width 9: "kl"
                text run at (0,350) width 17: "mn"
                text run at (0,364) width 14: "op"
                text run at (0,378) width 17: "qrs"
                text run at (0,392) width 17: "tuv"
        layer at (320,202) size 60x30 clip at (321,203) size 58x28 scrollHeight 140
          RenderTextControl {TEXTAREA} at (1,46) size 60x30 [bgcolor=#FFFFFF] [border: (1px solid #3C3C4399)]
            RenderBlock {DIV} at (1,1) size 58x140
              RenderText {#text} at (0,0) size 58x140
                text run at (0,0) width 36: "Lorem "
                text run at (0,14) width 38: "ipsum  "
                text run at (0,28) width 31: "dolor "
                text run at (0,42) width 53: "ABCDEFG"
                text run at (0,56) width 58: "HIJKLMNO"
                text run at (0,70) width 53: "PQRSTUV"
                text run at (0,84) width 37: "WXYZ "
                text run at (0,98) width 56: "abcdefghij"
                text run at (0,112) width 56: "klmnopqrs"
                text run at (0,126) width 17: "tuv"
        layer at (402,172) size 153x60 clip at (403,173) size 151x58 scrollHeight 60
          RenderTextControl {TEXTAREA} at (1,31) size 153x60 [bgcolor=#FFFFFF] [border: (1px solid #3C3C4399)]
            RenderBlock {DIV} at (6,3) size 141x56
              RenderText {#text} at (0,0) size 140x56
                text run at (0,0) width 104: "Lorem ipsum  dolor "
                text run at (0,14) width 140: "ABCDEFGHIJKLMNOPQRS"
                text run at (0,28) width 59: "TUVWXYZ "
                text run at (0,42) width 127: "abcdefghijklmnopqrstuv"
        layer at (557,172) size 60x60 clip at (558,173) size 58x58 scrollHeight 158
          RenderTextControl {TEXTAREA} at (1,46) size 60x60 [bgcolor=#FFFFFF] [border: (1px solid #3C3C4399)]
            RenderBlock {DIV} at (6,3) size 48x154
              RenderText {#text} at (0,0) size 44x154
                text run at (0,0) width 36: "Lorem "
                text run at (0,14) width 38: "ipsum  "
                text run at (0,28) width 31: "dolor "
                text run at (0,42) width 44: "ABCDEF"
                text run at (0,56) width 40: "GHIJKL"
                text run at (0,70) width 43: "MNOPQ"
                text run at (0,84) width 38: "RSTUV"
                text run at (0,98) width 37: "WXYZ "
                text run at (0,112) width 43: "abcdefg"
                text run at (0,126) width 44: "hijklmno"
                text run at (0,140) width 41: "pqrstuv"
        layer at (639,198) size 153x34 clip at (640,199) size 151x32 scrollHeight 60
          RenderTextControl {TEXTAREA} at (1,31) size 153x34 [bgcolor=#FFFFFF] [border: (1px solid #3C3C4399)]
            RenderBlock {DIV} at (6,3) size 141x56
              RenderText {#text} at (0,0) size 140x56
                text run at (0,0) width 104: "Lorem ipsum  dolor "
                text run at (0,14) width 140: "ABCDEFGHIJKLMNOPQRS"
                text run at (0,28) width 59: "TUVWXYZ "
                text run at (0,42) width 127: "abcdefghijklmnopqrstuv"
        layer at (1,320) size 153x34 clip at (2,321) size 151x32 scrollHeight 60
          RenderTextControl {TEXTAREA} at (1,31) size 153x34 [bgcolor=#FFFFFF] [border: (1px solid #3C3C4399)]
            RenderBlock {DIV} at (6,3) size 141x56
              RenderText {#text} at (0,0) size 140x56
                text run at (0,0) width 104: "Lorem ipsum  dolor "
                text run at (0,14) width 140: "ABCDEFGHIJKLMNOPQRS"
                text run at (0,28) width 59: "TUVWXYZ "
                text run at (0,42) width 127: "abcdefghijklmnopqrstuv"
        layer at (156,294) size 60x60 clip at (157,295) size 58x58 scrollHeight 158
          RenderTextControl {TEXTAREA} at (1,61) size 60x60 [bgcolor=#FFFFFF] [border: (1px solid #3C3C4399)]
            RenderBlock {DIV} at (6,3) size 48x154
              RenderText {#text} at (0,0) size 44x154
                text run at (0,0) width 36: "Lorem "
                text run at (0,14) width 38: "ipsum  "
                text run at (0,28) width 31: "dolor "
                text run at (0,42) width 44: "ABCDEF"
                text run at (0,56) width 40: "GHIJKL"
                text run at (0,70) width 43: "MNOPQ"
                text run at (0,84) width 38: "RSTUV"
                text run at (0,98) width 37: "WXYZ "
                text run at (0,112) width 43: "abcdefg"
                text run at (0,126) width 44: "hijklmno"
                text run at (0,140) width 41: "pqrstuv"
        layer at (238,294) size 60x60 clip at (239,295) size 58x58 scrollHeight 158
          RenderTextControl {TEXTAREA} at (1,61) size 60x60 [bgcolor=#FFFFFF] [border: (1px solid #3C3C4399)]
            RenderBlock {DIV} at (6,3) size 48x154
              RenderText {#text} at (0,0) size 44x154
                text run at (0,0) width 36: "Lorem "
                text run at (0,14) width 38: "ipsum  "
                text run at (0,28) width 31: "dolor "
                text run at (0,42) width 44: "ABCDEF"
                text run at (0,56) width 40: "GHIJKL"
                text run at (0,70) width 43: "MNOPQ"
                text run at (0,84) width 38: "RSTUV"
                text run at (0,98) width 37: "WXYZ "
                text run at (0,112) width 43: "abcdefg"
                text run at (0,126) width 44: "hijklmno"
                text run at (0,140) width 41: "pqrstuv"
        layer at (320,294) size 60x60 clip at (321,295) size 58x58 scrollHeight 158
          RenderTextControl {TEXTAREA} at (1,46) size 60x60 [bgcolor=#FFFFFF] [border: (1px solid #3C3C4399)]
            RenderBlock {DIV} at (6,3) size 48x154
              RenderText {#text} at (0,0) size 44x154
                text run at (0,0) width 36: "Lorem "
                text run at (0,14) width 38: "ipsum  "
                text run at (0,28) width 31: "dolor "
                text run at (0,42) width 44: "ABCDEF"
                text run at (0,56) width 40: "GHIJKL"
                text run at (0,70) width 43: "MNOPQ"
                text run at (0,84) width 38: "RSTUV"
                text run at (0,98) width 37: "WXYZ "
                text run at (0,112) width 43: "abcdefg"
                text run at (0,126) width 44: "hijklmno"
                text run at (0,140) width 41: "pqrstuv"
        layer at (402,294) size 60x60 clip at (403,295) size 58x58 scrollHeight 158
          RenderTextControl {TEXTAREA} at (1,46) size 60x60 [bgcolor=#FFFFFF] [border: (1px solid #3C3C4399)]
            RenderBlock {DIV} at (6,3) size 48x154
              RenderText {#text} at (0,0) size 44x154
                text run at (0,0) width 36: "Lorem "
                text run at (0,14) width 38: "ipsum  "
                text run at (0,28) width 31: "dolor "
                text run at (0,42) width 44: "ABCDEF"
                text run at (0,56) width 40: "GHIJKL"
                text run at (0,70) width 43: "MNOPQ"
                text run at (0,84) width 38: "RSTUV"
                text run at (0,98) width 37: "WXYZ "
                text run at (0,112) width 43: "abcdefg"
                text run at (0,126) width 44: "hijklmno"
                text run at (0,140) width 41: "pqrstuv"
        layer at (484,294) size 60x60 clip at (485,295) size 58x58 scrollHeight 158
          RenderTextControl {TEXTAREA} at (1,61) size 60x60 [bgcolor=#FFFFFF] [border: (1px solid #3C3C4399)]
            RenderBlock {DIV} at (6,3) size 48x154
              RenderText {#text} at (0,0) size 44x154
                text run at (0,0) width 36: "Lorem "
                text run at (0,14) width 38: "ipsum  "
                text run at (0,28) width 31: "dolor "
                text run at (0,42) width 44: "ABCDEF"
                text run at (0,56) width 40: "GHIJKL"
                text run at (0,70) width 43: "MNOPQ"
                text run at (0,84) width 38: "RSTUV"
                text run at (0,98) width 37: "WXYZ "
                text run at (0,112) width 43: "abcdefg"
                text run at (0,126) width 44: "hijklmno"
                text run at (0,140) width 41: "pqrstuv"
        layer at (566,320) size 34x34 clip at (567,321) size 32x32 scrollHeight 354
          RenderTextControl {TEXTAREA} at (1,16) size 34x34 [bgcolor=#FFFFFF] [border: (1px solid #3C3C4399)]
            RenderBlock {DIV} at (6,3) size 22x350
              RenderText {#text} at (0,0) size 23x350
                text run at (0,0) width 17: "Lor"
                text run at (0,14) width 19: "em "
                text run at (0,28) width 16: "ips"
                text run at (0,42) width 23: "um  "
                text run at (0,56) width 17: "dol"
                text run at (0,70) width 14: "or "
                text run at (0,84) width 15: "AB"
                text run at (0,98) width 16: "CD"
                text run at (0,112) width 13: "EF"
                text run at (0,126) width 20: "GHI"
                text run at (0,140) width 20: "JKL"
                text run at (0,154) width 18: "MN"
                text run at (0,168) width 16: "OP"
                text run at (0,182) width 16: "QR"
                text run at (0,196) width 15: "ST"
                text run at (0,210) width 16: "UV"
                text run at (0,224) width 19: "WX"
                text run at (0,238) width 18: "YZ "
                text run at (0,252) width 20: "abc"
                text run at (0,266) width 18: "def"
                text run at (0,280) width 19: "ghij"
                text run at (0,294) width 19: "klm"
                text run at (0,308) width 20: "nop"
                text run at (0,322) width 21: "qrst"
                text run at (0,336) width 13: "uv"
        layer at (1,427) size 153x48 clip at (2,428) size 151x46 scrollHeight 60
          RenderTextControl {TEXTAREA} at (1,16) size 153x48 [bgcolor=#FFFFFF] [border: (1px solid #3C3C4399)]
            RenderBlock {DIV} at (6,3) size 141x56
              RenderText {#text} at (0,0) size 140x56
                text run at (0,0) width 104: "Lorem ipsum  dolor "
                text run at (0,14) width 140: "ABCDEFGHIJKLMNOPQRS"
                text run at (0,28) width 59: "TUVWXYZ "
                text run at (0,42) width 127: "abcdefghijklmnopqrstuv"
        layer at (156,441) size 62x34 clip at (157,442) size 60x32 scrollHeight 158
          RenderTextControl {TEXTAREA} at (1,16) size 62x34 [bgcolor=#FFFFFF] [border: (1px solid #3C3C4399)]
            RenderBlock {DIV} at (6,3) size 50x154
              RenderText {#text} at (0,0) size 49x154
                text run at (0,0) width 36: "Lorem "
                text run at (0,14) width 38: "ipsum  "
                text run at (0,28) width 31: "dolor "
                text run at (0,42) width 44: "ABCDEF"
                text run at (0,56) width 49: "GHIJKLM"
                text run at (0,70) width 47: "NOPQRS"
                text run at (0,84) width 49: "TUVWXY"
                text run at (0,98) width 11: "Z "
                text run at (0,112) width 43: "abcdefg"
                text run at (0,126) width 44: "hijklmno"
                text run at (0,140) width 41: "pqrstuv"
        layer at (238,371) size 153x104 clip at (239,372) size 151x102
          RenderTextControl {TEXTAREA} at (1,16) size 153x104 [bgcolor=#FFFFFF] [border: (1px solid #3C3C4399)]
            RenderBlock {DIV} at (6,3) size 141x56
              RenderText {#text} at (0,0) size 140x56
                text run at (0,0) width 104: "Lorem ipsum  dolor "
                text run at (0,14) width 140: "ABCDEFGHIJKLMNOPQRS"
                text run at (0,28) width 59: "TUVWXYZ "
                text run at (0,42) width 127: "abcdefghijklmnopqrstuv"
        layer at (393,413) size 48x62 clip at (394,414) size 46x60 scrollHeight 200
          RenderTextControl {TEXTAREA} at (1,31) size 48x62 [bgcolor=#FFFFFF] [border: (1px solid #3C3C4399)]
            RenderBlock {DIV} at (6,3) size 36x196
              RenderText {#text} at (0,0) size 38x196
                text run at (0,0) width 36: "Lorem "
                text run at (0,14) width 38: "ipsum  "
                text run at (0,28) width 31: "dolor "
                text run at (0,42) width 31: "ABCD"
                text run at (0,56) width 33: "EFGHI"
                text run at (0,70) width 30: "JKLM"
                text run at (0,84) width 33: "NOPQ"
                text run at (0,98) width 30: "RSTU"
                text run at (0,112) width 33: "VWXY"
                text run at (0,126) width 11: "Z "
                text run at (0,140) width 33: "abcde"
                text run at (0,154) width 32: "fghijkl"
                text run at (0,168) width 30: "mnop"
                text run at (0,182) width 34: "qrstuv"
        layer at (475,441) size 153x34 clip at (476,442) size 151x32 scrollWidth 434
          RenderTextControl {TEXTAREA} at (1,16) size 153x34 [bgcolor=#FFFFFF] [border: (1px solid #3C3C4399)]
            RenderBlock {DIV} at (6,3) size 141x14
              RenderText {#text} at (0,0) size 429x14
                text run at (0,0) width 429: "Lorem ipsum  dolor ABCDEFGHIJKLMNOPQRSTUVWXYZ abcdefghijklmnopqrstuv"
        layer at (630,441) size 153x34 clip at (631,442) size 151x32 scrollHeight 60
          RenderTextControl {TEXTAREA} at (1,16) size 153x34 [bgcolor=#FFFFFF] [border: (1px solid #3C3C4399)]
            RenderBlock {DIV} at (6,3) size 141x56
              RenderText {#text} at (0,0) size 140x56
                text run at (0,0) width 104: "Lorem ipsum  dolor "
                text run at (0,14) width 140: "ABCDEFGHIJKLMNOPQRS"
                text run at (0,28) width 59: "TUVWXYZ "
                text run at (0,42) width 127: "abcdefghijklmnopqrstuv"
        layer at (1,507) size 153x34 clip at (2,508) size 151x32 scrollHeight 60
          RenderTextControl {TEXTAREA} at (1,16) size 153x34 [bgcolor=#FFFFFF] [border: (1px solid #3C3C4399)]
            RenderBlock {DIV} at (6,3) size 141x56
              RenderText {#text} at (0,0) size 140x56
                text run at (0,0) width 104: "Lorem ipsum  dolor "
                text run at (0,14) width 140: "ABCDEFGHIJKLMNOPQRS"
                text run at (0,28) width 59: "TUVWXYZ "
                text run at (0,42) width 127: "abcdefghijklmnopqrstuv"
        layer at (156,507) size 153x34 clip at (157,508) size 151x32 scrollHeight 60
          RenderTextControl {TEXTAREA} at (1,31) size 153x34 [bgcolor=#FFFFFF] [border: (1px solid #3C3C4399)]
            RenderBlock {DIV} at (6,3) size 141x56
              RenderText {#text} at (0,0) size 140x56
                text run at (0,0) width 71: "Lorem ipsum "
                text run at (70,0) width 31: "dolor "
                text run at (0,14) width 140: "ABCDEFGHIJKLMNOPQRS"
                text run at (0,28) width 59: "TUVWXYZ "
                text run at (0,42) width 127: "abcdefghijklmnopqrstuv"
        layer at (311,507) size 153x34 clip at (312,508) size 151x32 scrollWidth 434
          RenderTextControl {TEXTAREA} at (1,31) size 153x34 [bgcolor=#FFFFFF] [border: (1px solid #3C3C4399)]
            RenderBlock {DIV} at (6,3) size 141x14
              RenderText {#text} at (0,0) size 429x14
                text run at (0,0) width 429: "Lorem ipsum  dolor ABCDEFGHIJKLMNOPQRSTUVWXYZ abcdefghijklmnopqrstuv"
        layer at (466,507) size 153x34 clip at (467,508) size 151x32 scrollHeight 60
          RenderTextControl {TEXTAREA} at (1,31) size 153x34 [bgcolor=#FFFFFF] [border: (1px solid #3C3C4399)]
            RenderBlock {DIV} at (6,3) size 141x56
              RenderText {#text} at (0,0) size 140x56
                text run at (0,0) width 104: "Lorem ipsum  dolor "
                text run at (0,14) width 140: "ABCDEFGHIJKLMNOPQRS"
                text run at (0,28) width 59: "TUVWXYZ "
                text run at (0,42) width 127: "abcdefghijklmnopqrstuv"
        layer at (621,507) size 153x34 clip at (622,508) size 151x32 scrollWidth 431
          RenderTextControl {TEXTAREA} at (1,31) size 153x34 [bgcolor=#FFFFFF] [border: (1px solid #3C3C4399)]
            RenderBlock {DIV} at (6,3) size 141x14
              RenderText {#text} at (0,0) size 426x14
                text run at (0,0) width 71: "Lorem ipsum "
                text run at (70,0) width 356: "dolor ABCDEFGHIJKLMNOPQRSTUVWXYZ abcdefghijklmnopqrstuv"
        layer at (1,603) size 153x34 clip at (2,604) size 151x32 scrollHeight 60
          RenderTextControl {TEXTAREA} at (1,31) size 153x34 [bgcolor=#FFFFFF] [border: (1px solid #3C3C4399)]
            RenderBlock {DIV} at (6,3) size 141x56
              RenderText {#text} at (0,0) size 140x56
                text run at (0,0) width 71: "Lorem ipsum "
                text run at (70,0) width 31: "dolor "
                text run at (0,14) width 140: "ABCDEFGHIJKLMNOPQRS"
                text run at (0,28) width 59: "TUVWXYZ "
                text run at (0,42) width 127: "abcdefghijklmnopqrstuv"
        layer at (156,603) size 153x34 clip at (157,604) size 151x32 scrollWidth 200 scrollHeight 46
          RenderTextControl {TEXTAREA} at (1,31) size 153x34 [bgcolor=#FFFFFF] [border: (1px solid #3C3C4399)]
            RenderBlock {DIV} at (6,3) size 141x42
              RenderText {#text} at (0,0) size 198x42
                text run at (0,0) width 104: "Lorem ipsum  dolor "
                text run at (0,14) width 198: "ABCDEFGHIJKLMNOPQRSTUVWXYZ "
                text run at (0,28) width 127: "abcdefghijklmnopqrstuv"
        layer at (311,603) size 153x34 clip at (312,604) size 151x32 scrollWidth 200 scrollHeight 46
          RenderTextControl {TEXTAREA} at (1,61) size 153x34 [bgcolor=#FFFFFF] [border: (1px solid #3C3C4399)]
            RenderBlock {DIV} at (6,3) size 141x42
              RenderText {#text} at (0,0) size 198x42
                text run at (0,0) width 104: "Lorem ipsum  dolor "
                text run at (0,14) width 198: "ABCDEFGHIJKLMNOPQRSTUVWXYZ "
                text run at (0,28) width 127: "abcdefghijklmnopqrstuv"
        layer at (156,81) size 153x34 clip at (157,82) size 151x32 scrollHeight 60
          RenderTextControl {TEXTAREA} at (1,16) size 153x34 [color=color(srgb 0.341176 0.341176 0.341176)] [bgcolor=#FFFFFF] [border: (1px solid #3C3C4399)]
            RenderBlock {DIV} at (6,3) size 141x56
              RenderText {#text} at (0,0) size 140x56
                text run at (0,0) width 104: "Lorem ipsum  dolor "
                text run at (0,14) width 140: "ABCDEFGHIJKLMNOPQRS"
                text run at (0,28) width 59: "TUVWXYZ "
                text run at (0,42) width 127: "abcdefghijklmnopqrstuv"
      RenderText {#text} at (0,0) size 0x0
