layer at (0,0) size 800x600
  RenderView at (0,0) size 800x600
layer at (0,0) size 800x600
  RenderBlock {HTML} at (0,0) size 800x600
    RenderBody {BODY} at (8,8) size 784x584
      RenderButton {INPUT} at (2,2) size 62x20 [color=#FFFFFF] [bgcolor=#007AFF]
        RenderBlock (anonymous) at (11,3) size 40x14
          RenderText at (0,0) size 40x14
            text run at (0,0) width 40: "Submit"
      RenderBR {BR} at (65,1) size 1x19
      RenderButton {INPUT} at (2,26) size 52x20 [color=#007AFF] [bgcolor=#78788029]
        RenderBlock (anonymous) at (11,3) size 30x14
          RenderText at (0,0) size 30x14
            text run at (0,0) width 30: "Reset"
      RenderBR {BR} at (55,25) size 1x19
