layer at (0,0) size 800x600
  RenderView at (0,0) size 800x600
layer at (0,0) size 800x600
  RenderBlock {HTML} at (0,0) size 800x600
    RenderBody {BODY} at (8,8) size 784x584
      RenderBlock (anonymous) at (0,0) size 784x20
        RenderText {#text} at (0,0) size 347x19
          text run at (0,0) width 347: "This tests that buttons don't honor table display styles."
        RenderBR {BR} at (346,0) size 1x19
      RenderButton {INPUT} at (2,22) size 92x20 [color=#007AFF] [bgcolor=#EEEEEE]
        RenderBlock (anonymous) at (11,3) size 70x14
          RenderText at (0,0) size 70x14
            text run at (0,0) width 70: "display: table"
      RenderButton {INPUT} at (2,44) size 92x20 [color=#007AFF] [bgcolor=#EEEEEE]
        RenderBlock (anonymous) at (11,3) size 70x14
          RenderText at (0,0) size 70x14
            text run at (0,0) width 70: "display: table"
      RenderBlock (anonymous) at (0,66) size 784x416
        RenderBR {BR} at (0,0) size 0x19
        RenderBR {BR} at (0,20) size 0x19
        RenderButton {INPUT} at (2,42) size 125x20 [color=#007AFF] [bgcolor=#EEEEEE]
          RenderBlock (anonymous) at (11,3) size 103x14
            RenderText at (0,0) size 103x14
              text run at (0,0) width 103: "display: inline-table"
        RenderText {#text} at (128,41) size 5x19
          text run at (128,41) width 5: " "
        RenderButton {INPUT} at (134,42) size 126x20 [color=#007AFF] [bgcolor=#EEEEEE]
          RenderBlock (anonymous) at (11,3) size 103x14
            RenderText at (0,0) size 103x14
              text run at (0,0) width 103: "display: inline-table"
        RenderBR {BR} at (261,41) size 1x19
        RenderBR {BR} at (0,64) size 0x19
        RenderButton {INPUT} at (2,86) size 152x20 [color=#007AFF] [bgcolor=#EEEEEE]
          RenderBlock (anonymous) at (11,3) size 130x14
            RenderText at (0,0) size 130x14
              text run at (0,0) width 130: "display: table-row-group"
        RenderText {#text} at (155,85) size 5x19
          text run at (155,85) width 5: " "
        RenderButton {INPUT} at (161,86) size 153x20 [color=#007AFF] [bgcolor=#EEEEEE]
          RenderBlock (anonymous) at (11,3) size 130x14
            RenderText at (0,0) size 130x14
              text run at (0,0) width 130: "display: table-row-group"
        RenderBR {BR} at (315,85) size 1x19
        RenderBR {BR} at (0,108) size 0x19
        RenderButton {INPUT} at (2,130) size 169x20 [color=#007AFF] [bgcolor=#EEEEEE]
          RenderBlock (anonymous) at (11,3) size 147x14
            RenderText at (0,0) size 147x14
              text run at (0,0) width 147: "display: table-header-group"
        RenderText {#text} at (172,129) size 5x19
          text run at (172,129) width 5: " "
        RenderButton {INPUT} at (178,130) size 170x20 [color=#007AFF] [bgcolor=#EEEEEE]
          RenderBlock (anonymous) at (11,3) size 147x14
            RenderText at (0,0) size 147x14
              text run at (0,0) width 147: "display: table-header-group"
        RenderBR {BR} at (349,129) size 1x19
        RenderBR {BR} at (0,152) size 0x19
        RenderButton {INPUT} at (2,174) size 164x20 [color=#007AFF] [bgcolor=#EEEEEE]
          RenderBlock (anonymous) at (11,3) size 142x14
            RenderText at (0,0) size 142x14
              text run at (0,0) width 142: "display: table-footer-group"
        RenderText {#text} at (167,173) size 5x19
          text run at (167,173) width 5: " "
        RenderButton {INPUT} at (173,174) size 165x20 [color=#007AFF] [bgcolor=#EEEEEE]
          RenderBlock (anonymous) at (11,3) size 142x14
            RenderText at (0,0) size 142x14
              text run at (0,0) width 142: "display: table-footer-group"
        RenderBR {BR} at (339,173) size 1x19
        RenderBR {BR} at (0,196) size 0x19
        RenderButton {INPUT} at (2,218) size 116x20 [color=#007AFF] [bgcolor=#EEEEEE]
          RenderBlock (anonymous) at (11,3) size 94x14
            RenderText at (0,0) size 94x14
              text run at (0,0) width 94: "display: table-row"
        RenderText {#text} at (119,217) size 5x19
          text run at (119,217) width 5: " "
        RenderButton {INPUT} at (125,218) size 117x20 [color=#007AFF] [bgcolor=#EEEEEE]
          RenderBlock (anonymous) at (11,3) size 94x14
            RenderText at (0,0) size 94x14
              text run at (0,0) width 94: "display: table-row"
        RenderBR {BR} at (243,217) size 1x19
        RenderBR {BR} at (0,240) size 0x19
        RenderButton {INPUT} at (2,262) size 172x20 [color=#007AFF] [bgcolor=#EEEEEE]
          RenderBlock (anonymous) at (11,3) size 150x14
            RenderText at (0,0) size 150x14
              text run at (0,0) width 150: "display: table-column-group"
        RenderText {#text} at (175,261) size 5x19
          text run at (175,261) width 5: " "
        RenderButton {INPUT} at (181,262) size 172x20 [color=#007AFF] [bgcolor=#EEEEEE]
          RenderBlock (anonymous) at (11,3) size 150x14
            RenderText at (0,0) size 150x14
              text run at (0,0) width 150: "display: table-column-group"
        RenderBR {BR} at (354,261) size 1x19
        RenderBR {BR} at (0,284) size 0x19
        RenderButton {INPUT} at (2,306) size 136x20 [color=#007AFF] [bgcolor=#EEEEEE]
          RenderBlock (anonymous) at (11,3) size 114x14
            RenderText at (0,0) size 114x14
              text run at (0,0) width 114: "display: table-column"
        RenderText {#text} at (139,305) size 5x19
          text run at (139,305) width 5: " "
        RenderButton {INPUT} at (145,306) size 136x20 [color=#007AFF] [bgcolor=#EEEEEE]
          RenderBlock (anonymous) at (11,3) size 114x14
            RenderText at (0,0) size 114x14
              text run at (0,0) width 114: "display: table-column"
        RenderBR {BR} at (282,305) size 1x19
        RenderBR {BR} at (0,328) size 0x19
        RenderButton {INPUT} at (2,350) size 116x20 [color=#007AFF] [bgcolor=#EEEEEE]
          RenderBlock (anonymous) at (11,3) size 94x14
            RenderText at (0,0) size 94x14
              text run at (0,0) width 94: "display: table-cell"
        RenderText {#text} at (119,349) size 5x19
          text run at (119,349) width 5: " "
        RenderButton {INPUT} at (125,350) size 116x20 [color=#007AFF] [bgcolor=#EEEEEE]
          RenderBlock (anonymous) at (11,3) size 94x14
            RenderText at (0,0) size 94x14
              text run at (0,0) width 94: "display: table-cell"
        RenderBR {BR} at (242,349) size 1x19
        RenderBR {BR} at (0,372) size 0x19
        RenderButton {INPUT} at (2,394) size 136x20 [color=#007AFF] [bgcolor=#EEEEEE]
          RenderBlock (anonymous) at (11,3) size 114x14
            RenderText at (0,0) size 114x14
              text run at (0,0) width 114: "display: table-caption"
        RenderText {#text} at (139,393) size 5x19
          text run at (139,393) width 5: " "
        RenderButton {INPUT} at (145,394) size 137x20 [color=#007AFF] [bgcolor=#EEEEEE]
          RenderBlock (anonymous) at (11,3) size 114x14
            RenderText at (0,0) size 114x14
              text run at (0,0) width 114: "display: table-caption"
        RenderText {#text} at (0,0) size 0x0
