layer at (0,0) size 800x600
  RenderView at (0,0) size 800x600
layer at (0,0) size 800x600
  RenderBlock {HTML} at (0,0) size 800x600
    RenderBody {BODY} at (8,8) size 784x576
      RenderBlock {P} at (0,0) size 784x40
        RenderText {#text} at (0,0) size 54x19
          text run at (0,0) width 54: "Test for "
        RenderInline {I} at (0,0) size 757x39
          RenderInline {A} at (0,0) size 305x19 [color=#0000EE]
            RenderText {#text} at (53,0) size 305x19
              text run at (53,0) width 305: "http://bugs.webkit.org/show_bug.cgi?id=15181"
          RenderText {#text} at (357,0) size 757x39
            text run at (357,0) width 5: " "
            text run at (361,0) width 396: "text-transform: uppercase not working in input (submit, reset,"
            text run at (0,20) width 107: "button) elements"
        RenderText {#text} at (106,20) size 5x19
          text run at (106,20) width 5: "."
      RenderBlock {P} at (0,56) size 784x24
        RenderButton {BUTTON} at (2,2) size 90x20 [color=#007AFF] [bgcolor=#E9E9EA] [border: (1px solid #FFFFFF)]
          RenderBlock (anonymous) at (12,3) size 66x14
            RenderText {#text} at (0,0) size 66x14
              text run at (0,0) width 66: "UPPERCASE"
        RenderText {#text} at (93,1) size 5x19
          text run at (93,1) width 5: " "
        RenderButton {BUTTON} at (99,2) size 77x20 [color=#007AFF] [bgcolor=#E9E9EA] [border: (1px solid #FFFFFF)]
          RenderBlock (anonymous) at (12,3) size 53x14
            RenderText {#text} at (0,0) size 53x14
              text run at (0,0) width 53: "lowercase"
        RenderText {#text} at (177,1) size 5x19
          text run at (177,1) width 5: " "
        RenderButton {BUTTON} at (183,2) size 77x20 [color=#007AFF] [bgcolor=#E9E9EA] [border: (1px solid #FFFFFF)]
          RenderBlock (anonymous) at (12,3) size 52x14
            RenderText {#text} at (0,0) size 52x14
              text run at (0,0) width 52: "Capitalize"
        RenderText {#text} at (0,0) size 0x0
      RenderBlock {P} at (0,96) size 784x24
        RenderButton {INPUT} at (2,2) size 90x20 [color=#007AFF] [bgcolor=#E9E9EA] [border: (1px solid #FFFFFF)]
          RenderBlock (anonymous) at (12,3) size 66x14
            RenderText at (0,0) size 66x14
              text run at (0,0) width 66: "UPPERCASE"
        RenderText {#text} at (93,1) size 5x19
          text run at (93,1) width 5: " "
        RenderButton {INPUT} at (99,2) size 77x20 [color=#007AFF] [bgcolor=#E9E9EA] [border: (1px solid #FFFFFF)]
          RenderBlock (anonymous) at (12,3) size 53x14
            RenderText at (0,0) size 53x14
              text run at (0,0) width 53: "lowercase"
        RenderText {#text} at (177,1) size 5x19
          text run at (177,1) width 5: " "
        RenderButton {INPUT} at (183,2) size 77x20 [color=#007AFF] [bgcolor=#E9E9EA] [border: (1px solid #FFFFFF)]
          RenderBlock (anonymous) at (12,3) size 52x14
            RenderText at (0,0) size 52x14
              text run at (0,0) width 52: "Capitalize"
        RenderText {#text} at (0,0) size 0x0
