layer at (0,0) size 800x600
  RenderView at (0,0) size 800x600
layer at (0,0) size 800x600
  RenderBlock {HTML} at (0,0) size 800x600
    RenderBody {BODY} at (8,8) size 784x579
      RenderBlock {P} at (0,0) size 784x40
        RenderInline {A} at (0,0) size 63x19 [color=#0000EE]
          RenderText {#text} at (0,0) size 63x19
            text run at (0,0) width 63: "Bug 5656"
        RenderText {#text} at (0,0) size 780x39
          text run at (62,0) width 718: " tests whether buttons force a white-space mode or not. These tests will only pass if the white-space mode is not"
          text run at (0,20) width 175: "forced and if it is inherited."
      RenderBlock {DIV} at (0,56) size 784x20
        RenderText {#text} at (0,0) size 365x19
          text run at (0,0) width 365: "Buttons should appear next to each other in a single row:"
      RenderTable {TABLE} at (0,76) size 203x27
        RenderTableSection {TBODY} at (0,0) size 203x27
          RenderTableRow {TR} at (0,2) size 203x23
            RenderTableCell {TD} at (2,2) size 199x23 [r=0 c=0 rs=1 cs=1]
              RenderButton {BUTTON} at (1,2) size 86x20 [color=#007AFF] [bgcolor=#E9E9EA] [border: (1px solid #FFFFFF)]
                RenderBlock (anonymous) at (12,3) size 62x14
                  RenderText {#text} at (0,0) size 62x14
                    text run at (0,0) width 62: "Search Mail"
              RenderText {#text} at (86,1) size 5x19
                text run at (86,1) width 5: " "
              RenderButton {BUTTON} at (90,2) size 108x20 [color=#007AFF] [bgcolor=#E9E9EA] [border: (1px solid #FFFFFF)]
                RenderBlock (anonymous) at (12,3) size 84x14
                  RenderText {#text} at (0,0) size 84x14
                    text run at (0,0) width 84: "Search the Web"
              RenderText {#text} at (0,0) size 0x0
      RenderBlock {DIV} at (0,103) size 784x20
        RenderText {#text} at (0,0) size 193x19
          text run at (0,0) width 193: "Buttons should look identical:"
      RenderBlock {DIV} at (0,123) size 784x20
        RenderButton {BUTTON} at (0,0) size 82x20 [color=#007AFF] [bgcolor=#E9E9EA] [border: (1px solid #FFFFFF)]
          RenderBlock (anonymous) at (12,3) size 58x14
            RenderText {#text} at (0,0) size 58x14
              text run at (0,0) width 58: "test button"
      RenderBlock {DIV} at (0,143) size 784x20
        RenderButton {BUTTON} at (0,0) size 82x20 [color=#007AFF] [bgcolor=#E9E9EA] [border: (1px solid #FFFFFF)]
          RenderBlock (anonymous) at (12,3) size 58x14
            RenderText {#text} at (0,0) size 58x14
              text run at (0,0) width 24: "test "
              text run at (23,0) width 35: "button"
      RenderBlock {DIV} at (0,163) size 784x20
        RenderText {#text} at (0,0) size 353x19
          text run at (0,0) width 353: "Buttons should look identical (ignore vertical spacing):"
      RenderBlock {DIV} at (0,183) size 784x20
        RenderButton {BUTTON} at (0,0) size 98x20 [color=#007AFF] [bgcolor=#E9E9EA] [border: (1px solid #FFFFFF)]
          RenderBlock (anonymous) at (12,3) size 74x14
            RenderText {#text} at (0,0) size 74x14
              text run at (0,0) width 74: "  test  button  "
      RenderBlock {DIV} at (0,203) size 784x20
        RenderButton {BUTTON} at (0,0) size 98x20 [color=#007AFF] [bgcolor=#E9E9EA] [border: (1px solid #FFFFFF)]
          RenderBlock (anonymous) at (12,3) size 74x14
            RenderText {#text} at (0,0) size 74x14
              text run at (0,0) width 74: "  test  button  "
      RenderBlock {DIV} at (0,236) size 784x20
        RenderBlock {PRE} at (0,0) size 784x20
          RenderButton {BUTTON} at (0,0) size 98x20 [color=#007AFF] [bgcolor=#E9E9EA] [border: (1px solid #FFFFFF)]
            RenderBlock (anonymous) at (12,3) size 74x14
              RenderText {#text} at (0,0) size 74x14
                text run at (0,0) width 74: "  test  button  "
