layer at (0,0) size 800x600
  RenderView at (0,0) size 800x600
layer at (0,0) size 800x600
  RenderBlock {HTML} at (0,0) size 800x600
    RenderBody {BODY} at (8,8) size 784x584
layer at (10,10) size 155x20
  RenderButton {BUTTON} at (10,10) size 155x20 [color=#007AFF] [bgcolor=#78788029]
    RenderBlock (anonymous) at (11,3) size 133x14
      RenderText {#text} at (0,0) size 133x14
        text run at (0,0) width 133: "This button is positioned."
layer at (10,10) size 176x20
  RenderButton {INPUT} at (10,10) size 177x20 [color=#007AFF] [bgcolor=#78788029]
    RenderBlock (anonymous) at (11,3) size 155x14
      RenderText at (0,0) size 155x14
        text run at (0,0) width 155: "This button is also positioned"
