EDITING DELEGATE: shouldBeginEditingInDOMRange:range from 0 of DIV > BODY > HTML > #document to 0 of DIV > BODY > HTML > #document
EDITING DELEGATE: webViewDidBeginEditing:WebViewDidBeginEditingNotification
EDITING DELEGATE: shouldChangeSelectedDOMRange:(null) toDOMRange:range from 0 of DIV > BODY > HTML > #document to 0 of DIV > BODY > HTML > #document affinity:NSSelectionAffinityDownstream stillSelecting:FALSE
EDITING DELEGATE: webViewDidChangeSelection:WebViewDidChangeSelectionNotification
layer at (0,0) size 800x600
  RenderView at (0,0) size 800x600
layer at (0,0) size 800x600
  RenderBlock {HTML} at (0,0) size 800x600
    RenderBody {BODY} at (8,8) size 784x584
      RenderBlock (anonymous) at (0,0) size 784x20
        RenderText {#text} at (0,0) size 582x19
          text run at (0,0) width 582: "This tests that clicking in a contenteditable div will set the caret in the right edge of the div"
        RenderBR {BR} at (581,0) size 1x19
      RenderBlock {P} at (0,36) size 784x20
        RenderText {#text} at (0,0) size 407x19
          text run at (0,0) width 407: "Click in the div, the caret should be on the right edge of the div."
      RenderBlock {DIV} at (0,72) size 200x370
caret: position 0 of child 5 {DIV} of body
