layer at (0,0) size 800x600
  RenderView at (0,0) size 800x600
layer at (0,0) size 800x38
  RenderBlock {HTML} at (0,0) size 800x38
    RenderBody {BODY} at (8,8) size 784x22
      RenderInline {LABEL} at (0,2) size 20x19
        RenderText {#text} at (0,0) size 0x0
        RenderBlock {INPUT} at (2,3) size 16x16 [bgcolor=#FFFFFF03]
          RenderBlock (generated) at (0,0) size 16x14
            RenderText at (0,0) size 41x14
              text run at (0,0) width 41: "VISIBLE"
        RenderText {#text} at (0,0) size 0x0
      RenderText {#text} at (0,0) size 0x0
      RenderText {#text} at (0,0) size 0x0
