layer at (0,0) size 800x600
  RenderView at (0,0) size 800x600
layer at (0,0) size 800x600
  RenderBlock {HTML} at (0,0) size 800x600
    RenderBody {BODY} at (8,8) size 784x576
      RenderBlock {P} at (0,0) size 784x20
        RenderText {#text} at (0,0) size 235x19
          text run at (0,0) width 235: "Tests that buttons clip their contents."
      RenderBlock {P} at (0,36) size 784x40
        RenderText {#text} at (0,0) size 748x39
          text run at (0,0) width 487: "Each button below should have a yellow border and a black dashed outline. "
          text run at (486,0) width 262: "Contents should not overflow the yellow"
          text run at (0,20) width 45: "border."
      RenderBlock {P} at (0,92) size 784x50
        RenderButton {BUTTON} at (0,0) size 100x50 [color=#007AFF] [bgcolor=#E9E9EA] [border: (1px solid #FFFF00)]
          RenderBlock (anonymous) at (11,11) size 78x204
            RenderBlock {DIV} at (0,0) size 74x204 [bgcolor=#008080] [border: (2px solid #800080)]
              RenderBlock (floating) {DIV} at (52,2) size 20x100 [bgcolor=#006400]
              RenderText {#text} at (13,2) size 36x56
                text run at (13,2) width 28: "short"
                text run at (11,16) width 32: "words"
                text run at (16,30) width 22: "only"
                text run at (9,44) width 36: "please"
        RenderText {#text} at (0,0) size 0x0
      RenderButton {BUTTON} at (0,158) size 100x50 [color=#007AFF] [bgcolor=#E9E9EA] [border: (1px solid #FFFF00)]
        RenderBlock (anonymous) at (11,11) size 78x204
          RenderBlock {DIV} at (0,0) size 74x204 [bgcolor=#008080] [border: (2px solid #800080)]
            RenderBlock (floating) {DIV} at (52,2) size 20x100 [bgcolor=#006400]
            RenderText {#text} at (13,2) size 36x56
              text run at (13,2) width 28: "short"
              text run at (11,16) width 32: "words"
              text run at (16,30) width 22: "only"
              text run at (9,44) width 36: "please"
      RenderBlock {P} at (0,224) size 784x0
layer at (8,232) size 100x50
  RenderButton {BUTTON} at (8,232) size 100x50 [color=#007AFF] [bgcolor=#E9E9EA] [border: (1px solid #FFFF00)]
    RenderBlock (anonymous) at (11,11) size 78x204
      RenderBlock {DIV} at (0,0) size 74x204 [bgcolor=#008080] [border: (2px solid #800080)]
        RenderBlock (floating) {DIV} at (52,2) size 20x100 [bgcolor=#006400]
        RenderText {#text} at (13,2) size 36x56
          text run at (13,2) width 28: "short"
          text run at (11,16) width 32: "words"
          text run at (16,30) width 22: "only"
          text run at (9,44) width 36: "please"
