layer at (0,0) size 800x600
  RenderView at (0,0) size 800x600
layer at (0,0) size 800x600
  RenderBlock {HTML} at (0,0) size 800x600
    RenderBody {BODY} at (8,8) size 784x584
      RenderMenuList {SELECT} at (2,2) size 50x20 [color=#3C3C434D] [bgcolor=#7878801F]
        RenderBlock (anonymous) at (5,3) size 40x14
          RenderText at (0,0) size 29x14
            text run at (0,0) width 29: "PASS"
      RenderBR {BR} at (54,1) size 0x19
      RenderMenuList {SELECT} at (2,26) size 50x20 [color=#3C3C434D] [bgcolor=#7878801F]
        RenderBlock (anonymous) at (5,3) size 40x14
          RenderText at (0,0) size 29x14
            text run at (0,0) width 29: "PASS"
      RenderBR {BR} at (54,25) size 0x19
      RenderMenuList {SELECT} at (2,50) size 50x20 [color=#007AFF] [bgcolor=#78788029]
        RenderBlock (anonymous) at (5,3) size 40x14
          RenderText at (0,0) size 29x14
            text run at (0,0) width 29: "PASS"
      RenderBR {BR} at (54,49) size 0x19
      RenderMenuList {SELECT} at (2,74) size 50x20 [color=#007AFF] [bgcolor=#78788029]
        RenderBlock (anonymous) at (5,3) size 40x14
          RenderText at (0,0) size 29x14
            text run at (0,0) width 29: "PASS"
      RenderBR {BR} at (54,73) size 0x19
      RenderMenuList {SELECT} at (2,98) size 50x20 [color=#3C3C434D] [bgcolor=#7878801F]
        RenderBlock (anonymous) at (5,3) size 40x14
          RenderText at (0,0) size 29x14
            text run at (0,0) width 29: "PASS"
      RenderBR {BR} at (54,97) size 0x19
      RenderMenuList {SELECT} at (2,122) size 50x20 [color=#3C3C434D] [bgcolor=#7878801F]
        RenderBlock (anonymous) at (5,3) size 40x14
          RenderText at (0,0) size 29x14
            text run at (0,0) width 29: "PASS"
      RenderBR {BR} at (54,121) size 0x19
      RenderMenuList {SELECT} at (2,146) size 50x20 [color=#007AFF] [bgcolor=#78788029]
        RenderBlock (anonymous) at (5,3) size 40x14
          RenderText at (0,0) size 29x14
            text run at (0,0) width 29: "PASS"
      RenderBR {BR} at (54,145) size 0x19
      RenderMenuList {SELECT} at (2,170) size 50x20 [color=#007AFF] [bgcolor=#78788029]
        RenderBlock (anonymous) at (5,3) size 40x14
          RenderText at (0,0) size 29x14
            text run at (0,0) width 29: "PASS"
      RenderBR {BR} at (54,169) size 0x19
      RenderText {#text} at (0,192) size 495x19
        text run at (0,192) width 495: "PASS: sel1 correctly set to selectedIndex 1 by sel1.options[1].selected = true."
      RenderBR {BR} at (494,192) size 1x19
      RenderText {#text} at (0,212) size 445x19
        text run at (0,212) width 445: "PASS: sel2 correctly set to selectedIndex 1 by sel2.selectedIndex = 1."
      RenderBR {BR} at (444,212) size 1x19
      RenderText {#text} at (0,232) size 495x19
        text run at (0,232) width 495: "PASS: sel3 correctly set to selectedIndex 1 by sel3.options[1].selected = true."
      RenderBR {BR} at (494,232) size 1x19
      RenderText {#text} at (0,252) size 445x19
        text run at (0,252) width 445: "PASS: sel4 correctly set to selectedIndex 1 by sel4.selectedIndex = 1."
      RenderBR {BR} at (444,252) size 1x19
      RenderText {#text} at (0,272) size 495x19
        text run at (0,272) width 495: "PASS: sel5 correctly set to selectedIndex 1 by sel5.options[1].selected = true."
      RenderBR {BR} at (494,272) size 1x19
      RenderText {#text} at (0,292) size 445x19
        text run at (0,292) width 445: "PASS: sel6 correctly set to selectedIndex 1 by sel6.selectedIndex = 1."
      RenderBR {BR} at (444,292) size 1x19
      RenderText {#text} at (0,312) size 495x19
        text run at (0,312) width 495: "PASS: sel7 correctly set to selectedIndex 1 by sel7.options[1].selected = true."
      RenderBR {BR} at (494,312) size 1x19
      RenderText {#text} at (0,332) size 445x19
        text run at (0,332) width 445: "PASS: sel8 correctly set to selectedIndex 1 by sel8.selectedIndex = 1."
      RenderBR {BR} at (444,332) size 1x19
