layer at (0,0) size 800x600
  RenderView at (0,0) size 800x600
layer at (0,0) size 800x600
  RenderBlock {HTML} at (0,0) size 800x600
    RenderBody {BODY} at (8,8) size 784x584
      RenderBlock {FORM} at (0,0) size 784x22
        RenderTextControl {INPUT} at (0,0) size 155x22 [bgcolor=#FFFFFF] [border: (1px solid #3C3C4399)]
        RenderText {#text} at (0,0) size 0x0
      RenderBlock (anonymous) at (0,37) size 784x21
        RenderText {#text} at (0,0) size 127x19
          text run at (0,0) width 127: "multipart/form-data"
layer at (15,11) size 141x14
  RenderBlock {DIV} at (6,3) size 143x15
