layer at (0,0) size 800x600
  RenderView at (0,0) size 800x600
layer at (0,0) size 800x600
  RenderBlock {HTML} at (0,0) size 800x600
    RenderBody {BODY} at (8,8) size 784x584
      RenderBlock {P} at (0,0) size 784x40
        RenderText {#text} at (0,0) size 108x19
          text run at (0,0) width 108: "This is a test for "
        RenderInline {I} at (0,0) size 763x39
          RenderInline {A} at (0,0) size 353x19 [color=#0000EE]
            RenderText {#text} at (107,0) size 353x19
              text run at (107,0) width 353: "http://bugzilla.opendarwin.org/show_bug.cgi?id=9316"
          RenderText {#text} at (459,0) size 763x39
            text run at (459,0) width 5: " "
            text run at (463,0) width 300: "REGRESSION: text field width shrinks on first"
            text run at (0,20) width 60: "keystroke"
        RenderText {#text} at (59,20) size 5x19
          text run at (59,20) width 5: "."
      RenderBlock {HR} at (0,56) size 784x2 [border: (1px inset #000000)]
layer at (8,74) size 784x0
  RenderBlock (relative positioned) {DIV} at (0,66) size 784x0
    RenderTextControl {INPUT} at (0,2) size 392x22 [bgcolor=#FFFFFF] [border: (1px solid #E4E4E5)]
layer at (15,79) size 379x14
  RenderBlock {DIV} at (6,3) size 380x15
    RenderText {#text} at (0,0) size 17x14
      text run at (0,0) width 17: "foo"
