layer at (0,0) size 800x600
  RenderView at (0,0) size 800x600
layer at (0,0) size 800x600
  RenderBlock {HTML} at (0,0) size 800x600
    RenderBody {BODY} at (8,8) size 784x584
      RenderText {#text} at (0,0) size 519x19
        text run at (0,0) width 519: "This tests that the whole listbox control is hidden when visibility is set to hidden."
      RenderBR {BR} at (518,0) size 1x19
      RenderMenuList {SELECT} at (2,22) size 180x20 [color=#007AFF] [bgcolor=#E9E9EA] [border: (1px solid #FFFFFF)]
        RenderBlock (anonymous) at (5,3) size 170x14
          RenderText at (0,0) size 39x14
            text run at (0,0) width 39: "0 Items"
      RenderText {#text} at (0,0) size 0x0
