layer at (0,0) size 800x600
  RenderView at (0,0) size 800x600
layer at (0,0) size 800x600
  RenderBlock {HTML} at (0,0) size 800x600
    RenderBody {BODY} at (8,8) size 784x576
      RenderBlock {DIV} at (0,0) size 425x75 [bgcolor=#FFFF00]
        RenderTextControl {INPUT} at (27,27) size 136x22 [bgcolor=#FFFFFF] [border: (1px solid #4C4C4C)]
      RenderBlock {P} at (0,91) size 784x40
        RenderText {#text} at (0,0) size 737x39
          text run at (0,0) width 737: "This test clicks outside an input element, and must not result in the element receiving focus. If the test succeeds the"
          text run at (0,20) width 240: "element should not have a focus ring."
layer at (42,38) size 122x14
  RenderBlock {DIV} at (6,3) size 123x15
caret: position 1 of child 0 {INPUT} of child 0 {DIV} of body
