layer at (0,0) size 800x600
  RenderView at (0,0) size 800x600
layer at (0,0) size 800x600
  RenderBlock {HTML} at (0,0) size 800x600
    RenderBody {BODY} at (8,8) size 784x584
      RenderBlock {P} at (0,0) size 784x20
        RenderText {#text} at (0,0) size 349x19
          text run at (0,0) width 349: "Focus the field, focus away, then focus the field again."
      RenderBlock {DIV} at (0,36) size 784x25
        RenderTextControl {INPUT} at (2,2) size 155x22 [bgcolor=#FFFFFF] [border: (1px solid #E4E4E5)]
        RenderText {#text} at (0,0) size 0x0
        RenderText {#text} at (0,0) size 0x0
layer at (17,49) size 141x14
  RenderBlock {DIV} at (6,3) size 143x15 [color=#A9A9A9]
    RenderText {#text} at (0,0) size 62x14
      text run at (0,0) width 62: "Placeholder"
layer at (17,49) size 141x14
  RenderBlock {DIV} at (6,3) size 143x15
caret: position 0 of child 1 {DIV} of {#document-fragment} of child 1 {INPUT} of child 3 {DIV} of body
