layer at (0,0) size 800x600
  RenderView at (0,0) size 800x600
layer at (0,0) size 800x600
  RenderBlock {HTML} at (0,0) size 800x600
    RenderBody {BODY} at (8,8) size 784x584
      RenderBlock {P} at (0,0) size 784x20
        RenderText {#text} at (0,0) size 576x19
          text run at (0,0) width 576: "The following 5 inputs should be all be rendered exactly the same, aligned to the left side."
      RenderBlock (anonymous) at (0,36) size 784x86
        RenderTextControl {INPUT} at (0,0) size 155x22 [bgcolor=#FFFFFF] [border: (1px solid #3C3C4399)]
        RenderBR {BR} at (154,-1) size 1x19
        RenderTextControl {INPUT} at (0,21) size 155x22 [bgcolor=#FFFFFF] [border: (1px solid #3C3C4399)]
        RenderBR {BR} at (154,20) size 1x20
        RenderTextControl {INPUT} at (0,42) size 155x23 [bgcolor=#FFFFFF] [border: (1px solid #3C3C4399)]
        RenderBR {BR} at (154,41) size 1x20
        RenderTextControl {INPUT} at (0,64) size 155x22 [bgcolor=#FFFFFF] [border: (1px solid #3C3C4399)]
        RenderBR {BR} at (154,63) size 1x20
      RenderBlock {DIV} at (0,121) size 784x23
        RenderTextControl {INPUT} at (0,0) size 155x22 [bgcolor=#FFFFFF] [border: (1px solid #3C3C4399)]
layer at (15,47) size 141x14
  RenderBlock {DIV} at (6,3) size 143x15
    RenderText {#text} at (0,0) size 97x14
      text run at (0,0) width 97: "The quick brown..."
layer at (15,69) size 141x14
  RenderBlock {DIV} at (6,3) size 143x15
    RenderText {#text} at (0,0) size 97x14
      text run at (0,0) width 97: "The quick brown..."
layer at (15,90) size 141x14
  RenderBlock {DIV} at (6,3) size 143x15
    RenderText {#text} at (0,0) size 97x14
      text run at (0,0) width 97: "The quick brown..."
layer at (15,112) size 141x14
  RenderBlock {DIV} at (6,3) size 143x15
    RenderText {#text} at (0,0) size 97x14
      text run at (0,0) width 97: "The quick brown..."
layer at (15,133) size 141x14
  RenderBlock {DIV} at (6,3) size 143x15
    RenderText {#text} at (0,0) size 97x14
      text run at (0,0) width 97: "The quick brown..."
