layer at (0,0) size 800x600
  RenderView at (0,0) size 800x600
layer at (0,0) size 800x600
  RenderBlock {HTML} at (0,0) size 800x600
    RenderBody {BODY} at (8,8) size 784x576
      RenderBlock (anonymous) at (0,0) size 784x20
        RenderText {#text} at (0,0) size 492x19
          text run at (0,0) width 492: "This tests that the value becomes visible when the text field becomes visible."
      RenderBlock {P} at (0,36) size 784x25
        RenderTextControl {INPUT} at (2,2) size 155x22 [bgcolor=#FFFFFF] [border: (1px solid #E4E4E5)]
        RenderText {#text} at (0,0) size 0x0
      RenderBlock {DIV} at (0,77) size 784x0
      RenderBlock {P} at (0,77) size 784x0
layer at (17,49) size 141x14
  RenderBlock {DIV} at (6,3) size 143x15
    RenderText {#text} at (0,0) size 63x14
      text run at (0,0) width 63: "Test Passed"
