layer at (0,0) size 800x600
  RenderView at (0,0) size 800x600
layer at (0,0) size 800x600
  RenderBlock {HTML} at (0,0) size 800x600
    RenderBody {BODY} at (8,8) size 784x584
      RenderText {#text} at (0,0) size 462x19
        text run at (0,0) width 462: "This tests that the border of a readonly text field should appear dimmed."
      RenderBR {BR} at (461,0) size 1x19
      RenderTextControl {INPUT} at (2,22) size 153x22 [bgcolor=#FFFFFF] [border: (1px solid #BCBCBC)]
      RenderText {#text} at (0,0) size 0x0
layer at (17,33) size 139x14 scrollWidth 160
  RenderBlock {DIV} at (6,3) size 141x15
    RenderText {#text} at (0,0) size 160x14
      text run at (0,0) width 160: "This border should be dimmed"
