layer at (0,0) size 800x600
  RenderView at (0,0) size 800x600
layer at (0,0) size 800x600
  RenderBlock {HTML} at (0,0) size 800x600
    RenderBody {BODY} at (8,8) size 784x584
      RenderText {#text} at (0,0) size 784x39
        text run at (0,0) width 784: "This test checks if correct min width is applied to \"input type=text\". To match IE and Firefox, the input field below should"
        text run at (0,20) width 624: "show \"1987\", with the 7 slightly truncated. See https://bugs.webkit.org/show_bug.cgi?id=15312 ."
      RenderBR {BR} at (623,20) size 1x19
      RenderTextControl {INPUT} at (2,42) size 22x22 [bgcolor=#FFFFFF] [border: (1px solid #E4E4E5)]
      RenderText {#text} at (0,0) size 0x0
layer at (17,53) size 9x14 scrollWidth 41
  RenderBlock {DIV} at (6,3) size 10x15
    RenderText {#text} at (0,0) size 40x14
      text run at (0,0) width 40: "198765"
