layer at (0,0) size 800x600
  RenderView at (0,0) size 800x600
layer at (0,0) size 800x600
  RenderBlock {HTML} at (0,0) size 800x600
    RenderBody {BODY} at (8,8) size 784x576
      RenderBlock (anonymous) at (0,0) size 784x22
        RenderTextControl {INPUT} at (0,1) size 155x22 [bgcolor=#FFFFFF] [border: (1px solid #3C3C4399)]
        RenderText {#text} at (154,0) size 5x19
          text run at (154,0) width 5: " "
        RenderTextControl {INPUT} at (158,1) size 154x22 [bgcolor=#FFFFFF] [border: (1px solid #3C3C4399)]
        RenderText {#text} at (311,0) size 5x19
          text run at (311,0) width 5: " "
        RenderTextControl {INPUT} at (315,1) size 156x22 [bgcolor=#FFFFFF] [border: (1px solid #3C3C4399)]
        RenderText {#text} at (0,0) size 0x0
      RenderBlock {P} at (0,38) size 784x40
        RenderText {#text} at (0,0) size 767x39
          text run at (0,0) width 767: "Tests scrolling back to the beginning when a text field blurs. The first field should be scrolled to the left, the second and"
          text run at (0,20) width 164: "third scrolled to the right."
layer at (15,12) size 141x14 scrollWidth 304
  RenderBlock {DIV} at (6,3) size 143x15
    RenderText {#text} at (0,0) size 303x14
      text run at (0,0) width 303: "this text field has a lot of text in it so that it needs to scrol"
layer at (173,12) size 139x14 scrollX 162 scrollWidth 302
  RenderBlock {DIV} at (6,3) size 141x15
    RenderText {#text} at (-162,0) size 303x14
      text run at (-162,0) width 19: "this"
      text run at (-143,0) width 4: " "
      text run at (-139,0) width 20: "text"
      text run at (-119,0) width 3: " "
      text run at (-116,0) width 23: "field"
      text run at (-93,0) width 3: " "
      text run at (-90,0) width 18: "has"
      text run at (-72,0) width 3: " "
      text run at (-69,0) width 7: "a"
      text run at (-62,0) width 3: " "
      text run at (-59,0) width 13: "lot"
      text run at (-46,0) width 3: " "
      text run at (-43,0) width 11: "of"
      text run at (-32,0) width 3: " "
      text run at (-29,0) width 20: "text"
      text run at (-9,0) width 3: " "
      text run at (-6,0) width 9: "in"
      text run at (2,0) width 5: " "
      text run at (6,0) width 7: "it"
      text run at (12,0) width 5: " "
      text run at (16,0) width 13: "so"
      text run at (28,0) width 4: " "
      text run at (31,0) width 22: "that"
      text run at (52,0) width 4: " "
      text run at (55,0) width 8: "it"
      text run at (62,0) width 4: " "
      text run at (65,0) width 33: "needs"
      text run at (97,0) width 4: " "
      text run at (100,0) width 12: "to"
      text run at (111,0) width 4: " "
      text run at (114,0) width 26: "scrol"
layer at (330,12) size 141x14 scrollX 162 scrollWidth 304
  RenderBlock {DIV} at (6,3) size 143x15
    RenderText {#text} at (0,0) size 303x14
      text run at (0,0) width 303: "this text field has a lot of text in it so that it needs to scrol"
caret: position 65 of child 0 {#text} of child 0 {DIV} of {#document-fragment} of child 4 {INPUT} of body
