layer at (0,0) size 800x600
  RenderView at (0,0) size 800x600
layer at (0,0) size 800x600
  RenderBlock {HTML} at (0,0) size 800x600
    RenderBody {BODY} at (8,8) size 784x584
      RenderText {#text} at (0,1) size 488x19
        text run at (0,1) width 488: "This tests that empty readonly text fields have the right height and baseline. "
      RenderTextControl {INPUT} at (489,2) size 154x22 [bgcolor=#FFFFFF] [border: (1px solid #BCBCBC)]
      RenderText {#text} at (0,0) size 0x0
layer at (504,13) size 139x14
  RenderBlock {DIV} at (6,3) size 141x15
