layer at (0,0) size 800x600
  RenderView at (0,0) size 800x600
layer at (0,0) size 800x600
  RenderBlock {HTML} at (0,0) size 800x600
    RenderBody {BODY} at (8,8) size 784x584
      RenderButton {INPUT} at (0,13) size 40x10 [color=#007AFF] [bgcolor=#78788029]
        RenderBlock (anonymous) at (5,1) size 30x8
          RenderText at (0,0) size 30x7
            text run at (0,0) width 30: "Test Button"
      RenderText {#text} at (39,4) size 5x19
        text run at (39,4) width 5: " "
      RenderButton {INPUT} at (43,12) size 48x11 [color=#007AFF] [bgcolor=#78788029]
        RenderBlock (anonymous) at (6,1) size 36x9
          RenderText at (0,0) size 36x8
            text run at (0,0) width 36: "Test Button"
      RenderText {#text} at (90,4) size 5x19
        text run at (90,4) width 5: " "
      RenderButton {INPUT} at (94,11) size 55x13 [color=#007AFF] [bgcolor=#78788029]
        RenderBlock (anonymous) at (7,1) size 41x10
          RenderText at (0,0) size 41x9
            text run at (0,0) width 41: "Test Button"
      RenderText {#text} at (148,4) size 5x19
        text run at (148,4) width 5: " "
      RenderButton {INPUT} at (152,9) size 63x15 [color=#007AFF] [bgcolor=#78788029]
        RenderBlock (anonymous) at (8,2) size 46x11
          RenderText at (0,0) size 46x10
            text run at (0,0) width 46: "Test Button"
      RenderText {#text} at (214,4) size 5x19
        text run at (214,4) width 5: " "
      RenderButton {INPUT} at (218,8) size 69x17 [color=#007AFF] [bgcolor=#78788029]
        RenderBlock (anonymous) at (9,2) size 51x13
          RenderText at (0,0) size 51x12
            text run at (0,0) width 51: "Test Button"
      RenderText {#text} at (286,4) size 5x19
        text run at (286,4) width 5: " "
      RenderButton {INPUT} at (290,7) size 76x19 [color=#007AFF] [bgcolor=#78788029]
        RenderBlock (anonymous) at (10,2) size 56x14
          RenderText at (0,0) size 56x13
            text run at (0,0) width 56: "Test Button"
      RenderText {#text} at (365,4) size 5x19
        text run at (365,4) width 5: " "
      RenderButton {INPUT} at (371,5) size 84x20 [color=#007AFF] [bgcolor=#78788029]
        RenderBlock (anonymous) at (11,3) size 61x14
          RenderText at (0,0) size 61x14
            text run at (0,0) width 61: "Test Button"
      RenderText {#text} at (456,4) size 5x19
        text run at (456,4) width 5: " "
      RenderButton {INPUT} at (462,4) size 90x22 [color=#007AFF] [bgcolor=#78788029]
        RenderBlock (anonymous) at (12,3) size 65x16
          RenderText at (0,0) size 65x15
            text run at (0,0) width 65: "Test Button"
      RenderText {#text} at (553,4) size 5x19
        text run at (553,4) width 5: " "
      RenderButton {INPUT} at (559,3) size 96x24 [color=#007AFF] [bgcolor=#78788029]
        RenderBlock (anonymous) at (13,3) size 70x18
          RenderText at (0,0) size 70x17
            text run at (0,0) width 70: "Test Button"
      RenderText {#text} at (656,4) size 5x19
        text run at (656,4) width 5: " "
      RenderButton {INPUT} at (662,2) size 103x26 [color=#007AFF] [bgcolor=#78788029]
        RenderBlock (anonymous) at (14,3) size 75x19
          RenderText at (0,0) size 75x18
            text run at (0,0) width 75: "Test Button"
      RenderText {#text} at (766,4) size 5x19
        text run at (766,4) width 5: " "
      RenderButton {INPUT} at (2,36) size 109x28 [color=#007AFF] [bgcolor=#78788029]
        RenderBlock (anonymous) at (15,4) size 79x20
          RenderText at (0,0) size 79x19
            text run at (0,0) width 79: "Test Button"
      RenderText {#text} at (112,40) size 5x19
        text run at (112,40) width 5: " "
      RenderButton {INPUT} at (118,35) size 116x30 [color=#007AFF] [bgcolor=#78788029]
        RenderBlock (anonymous) at (16,4) size 84x21
          RenderText at (0,0) size 84x20
            text run at (0,0) width 84: "Test Button"
      RenderText {#text} at (235,40) size 5x19
        text run at (235,40) width 5: " "
      RenderButton {INPUT} at (241,34) size 122x31 [color=#007AFF] [bgcolor=#78788029]
        RenderBlock (anonymous) at (17,4) size 88x23
          RenderText at (0,0) size 88x22
            text run at (0,0) width 88: "Test Button"
      RenderText {#text} at (364,40) size 5x19
        text run at (364,40) width 5: " "
      RenderButton {INPUT} at (370,33) size 129x33 [color=#007AFF] [bgcolor=#78788029]
        RenderBlock (anonymous) at (18,4) size 92x24
          RenderText at (0,0) size 92x23
            text run at (0,0) width 92: "Test Button"
      RenderText {#text} at (500,40) size 5x19
        text run at (500,40) width 5: " "
      RenderButton {INPUT} at (506,31) size 136x35 [color=#007AFF] [bgcolor=#78788029]
        RenderBlock (anonymous) at (19,5) size 97x25
          RenderText at (0,0) size 97x24
            text run at (0,0) width 97: "Test Button"
      RenderText {#text} at (643,40) size 5x19
        text run at (643,40) width 5: " "
      RenderButton {INPUT} at (2,71) size 140x37 [color=#007AFF] [bgcolor=#78788029]
        RenderBlock (anonymous) at (20,5) size 100x26
          RenderText at (0,0) size 100x25
            text run at (0,0) width 100: "Test Button"
      RenderText {#text} at (143,81) size 5x19
        text run at (143,81) width 5: " "
      RenderButton {INPUT} at (149,70) size 147x39 [color=#007AFF] [bgcolor=#78788029]
        RenderBlock (anonymous) at (21,6) size 105x27
          RenderText at (0,0) size 105x26
            text run at (0,0) width 105: "Test Button"
      RenderText {#text} at (0,0) size 0x0
