layer at (0,0) size 800x600
  RenderView at (0,0) size 800x600
layer at (0,0) size 800x600
  RenderBlock {HTML} at (0,0) size 800x600
    RenderBody {BODY} at (8,8) size 784x576
      RenderBlock (anonymous) at (0,0) size 784x22
        RenderTextControl {INPUT} at (0,0) size 155x22 [bgcolor=#FFFFFF] [border: (1px solid #3C3C4399)]
        RenderText {#text} at (0,0) size 0x0
      RenderBlock {P} at (0,37) size 784x41
        RenderText {#text} at (0,0) size 778x39
          text run at (0,0) width 778: "Tests clicking on an input element that has a value that self-destructs. If the test succeeds, there should be a blinking caret"
          text run at (0,20) width 102: "in the text field."
layer at (15,11) size 141x14
  RenderBlock {DIV} at (6,3) size 143x15
    RenderText {#text} at (0,0) size 61x14
      text run at (0,0) width 61: "click to edit"
