layer at (0,0) size 800x600
  RenderView at (0,0) size 800x600
layer at (0,0) size 800x600
  RenderBlock {HTML} at (0,0) size 800x600
    RenderBody {BODY} at (8,8) size 784x584
      RenderText {#text} at (0,0) size 522x19
        text run at (0,0) width 522: "This tests that the text color changes appropriately when the text field is disabled."
      RenderBR {BR} at (521,0) size 1x19
      RenderText {#text} at (152,20) size 5x19
        text run at (152,20) width 5: " "
      RenderTextControl {INPUT} at (156,21) size 156x22 [bgcolor=#FFFFFF] [border: (1px solid #3C3C4399)]
      RenderBR {BR} at (311,20) size 1x19
      RenderText {#text} at (152,42) size 5x20
        text run at (152,42) width 5: " "
      RenderTextControl {INPUT} at (156,43) size 156x22 [color=#FF0000] [bgcolor=#FFFFFF] [border: (1px solid #3C3C4399)]
      RenderBR {BR} at (311,42) size 1x20
      RenderText {#text} at (152,64) size 5x20
        text run at (152,64) width 5: " "
      RenderTextControl {INPUT} at (156,65) size 156x23 [bgcolor=#0000FF] [border: (1px solid #3C3C4399)]
      RenderBR {BR} at (311,64) size 1x20
      RenderText {#text} at (152,87) size 5x20
        text run at (152,87) width 5: " "
      RenderTextControl {INPUT} at (156,88) size 156x22 [color=#FF0000] [bgcolor=#0000FF] [border: (1px solid #3C3C4399)]
      RenderBR {BR} at (311,87) size 1x20
      RenderText {#text} at (152,109) size 5x20
        text run at (152,109) width 5: " "
      RenderTextControl {INPUT} at (156,110) size 156x23 [bgcolor=#000000] [border: (1px solid #3C3C4399)]
      RenderBR {BR} at (311,109) size 1x20
      RenderText {#text} at (152,132) size 5x20
        text run at (152,132) width 5: " "
      RenderTextControl {INPUT} at (156,133) size 156x22 [color=#FFFFFF] [bgcolor=#000000] [border: (1px solid #3C3C4399)]
      RenderBR {BR} at (311,132) size 1x20
      RenderText {#text} at (152,154) size 5x20
        text run at (152,154) width 5: " "
      RenderTextControl {INPUT} at (156,155) size 156x23 [bgcolor=#808080] [border: (1px solid #3C3C4399)]
      RenderBR {BR} at (311,154) size 1x20
      RenderText {#text} at (152,177) size 5x20
        text run at (152,177) width 5: " "
      RenderTextControl {INPUT} at (156,178) size 156x22 [color=#FFFFFF] [bgcolor=#A9A9A9] [border: (1px solid #3C3C4399)]
      RenderBR {BR} at (311,177) size 1x20
      RenderText {#text} at (152,199) size 5x20
        text run at (152,199) width 5: " "
      RenderTextControl {INPUT} at (156,200) size 156x23 [color=#808080] [bgcolor=#000000] [border: (1px solid #3C3C4399)]
      RenderBR {BR} at (311,199) size 1x20
      RenderText {#text} at (152,222) size 5x20
        text run at (152,222) width 5: " "
      RenderTextControl {INPUT} at (156,223) size 156x22 [color=#FF0000] [bgcolor=#808080] [border: (1px solid #3C3C4399)]
      RenderBR {BR} at (311,222) size 1x20
      RenderText {#text} at (152,244) size 5x20
        text run at (152,244) width 5: " "
      RenderTextControl {INPUT} at (156,245) size 156x23 [color=#808080] [bgcolor=#FF0000] [border: (1px solid #3C3C4399)]
      RenderBR {BR} at (311,244) size 1x20
      RenderText {#text} at (152,267) size 5x20
        text run at (152,267) width 5: " "
      RenderTextControl {INPUT} at (156,268) size 156x22 [color=#FF0000] [bgcolor=#FFFFFF] [border: (1px solid #3C3C4399)]
      RenderBR {BR} at (311,267) size 1x20
      RenderText {#text} at (152,289) size 5x20
        text run at (152,289) width 5: " "
      RenderTextControl {INPUT} at (156,290) size 156x23 [color=#FF0000] [border: (1px solid #3C3C4399)]
      RenderBR {BR} at (311,289) size 1x20
      RenderText {#text} at (152,312) size 5x20
        text run at (152,312) width 5: " "
      RenderTextControl {INPUT} at (156,313) size 156x22 [color=#ACACAC] [bgcolor=#F2F2F2] [border: (1px solid #3C3C4399)]
      RenderBR {BR} at (311,312) size 1x20
layer at (171,32) size 141x14 scrollWidth 153
  RenderBlock {DIV} at (6,3) size 143x15
    RenderText {#text} at (0,0) size 151x14
      text run at (0,0) width 151: "This text field is not disabled"
layer at (171,55) size 141x14 scrollWidth 153
  RenderBlock {DIV} at (6,3) size 143x15
    RenderText {#text} at (0,0) size 151x14
      text run at (0,0) width 151: "This text field is not disabled"
layer at (171,77) size 141x14 scrollWidth 153
  RenderBlock {DIV} at (6,3) size 143x15
    RenderText {#text} at (0,0) size 151x14
      text run at (0,0) width 151: "This text field is not disabled"
layer at (171,100) size 141x14 scrollWidth 153
  RenderBlock {DIV} at (6,3) size 143x15
    RenderText {#text} at (0,0) size 151x14
      text run at (0,0) width 151: "This text field is not disabled"
layer at (171,122) size 141x14 scrollWidth 153
  RenderBlock {DIV} at (6,3) size 143x15
    RenderText {#text} at (0,0) size 151x14
      text run at (0,0) width 151: "This text field is not disabled"
layer at (171,145) size 141x14 scrollWidth 153
  RenderBlock {DIV} at (6,3) size 143x15
    RenderText {#text} at (0,0) size 151x14
      text run at (0,0) width 151: "This text field is not disabled"
layer at (171,167) size 141x14 scrollWidth 153
  RenderBlock {DIV} at (6,3) size 143x15
    RenderText {#text} at (0,0) size 151x14
      text run at (0,0) width 151: "This text field is not disabled"
layer at (171,190) size 141x14 scrollWidth 153
  RenderBlock {DIV} at (6,3) size 143x15
    RenderText {#text} at (0,0) size 151x14
      text run at (0,0) width 151: "This text field is not disabled"
layer at (171,212) size 141x14 scrollWidth 153
  RenderBlock {DIV} at (6,3) size 143x15
    RenderText {#text} at (0,0) size 151x14
      text run at (0,0) width 151: "This text field is not disabled"
layer at (171,235) size 141x14 scrollWidth 153
  RenderBlock {DIV} at (6,3) size 143x15
    RenderText {#text} at (0,0) size 151x14
      text run at (0,0) width 151: "This text field is not disabled"
layer at (171,257) size 141x14 scrollWidth 153
  RenderBlock {DIV} at (6,3) size 143x15
    RenderText {#text} at (0,0) size 151x14
      text run at (0,0) width 151: "This text field is not disabled"
layer at (171,280) size 141x14 scrollWidth 153
  RenderBlock {DIV} at (6,3) size 143x15
    RenderText {#text} at (0,0) size 151x14
      text run at (0,0) width 151: "This text field is not disabled"
layer at (171,302) size 141x14 scrollWidth 153
  RenderBlock {DIV} at (6,3) size 143x15
    RenderText {#text} at (0,0) size 151x14
      text run at (0,0) width 151: "This text field is not disabled"
layer at (171,324) size 141x14 scrollWidth 153
  RenderBlock {DIV} at (6,3) size 143x15
    RenderText {#text} at (0,0) size 151x14
      text run at (0,0) width 151: "This text field is not disabled"
layer at (8,29) size 153x21
  RenderTextControl {INPUT} at (0,21) size 153x22 [color=color(srgb 0.34117648 0.34117648 0.34117648)] [bgcolor=#FFFFFF] [border: (1px solid #3C3C4399)]
layer at (15,32) size 139x14 scrollWidth 343
  RenderBlock {DIV} at (6,3) size 141x15
    RenderText {#text} at (0,0) size 344x14
      text run at (0,0) width 344: "The text in this disabled field should displayed as dimmed or grey"
layer at (8,51) size 153x22
  RenderTextControl {INPUT} at (0,43) size 153x22 [color=#FF0000] [bgcolor=#FFFFFF] [border: (1px solid #3C3C4399)]
layer at (15,55) size 139x14 scrollWidth 343
  RenderBlock {DIV} at (6,3) size 141x15
    RenderText {#text} at (0,0) size 344x14
      text run at (0,0) width 344: "The text in this disabled field should displayed as dimmed or grey"
layer at (8,74) size 153x21
  RenderTextControl {INPUT} at (0,65) size 153x23 [color=color(srgb 0.34117648 0.34117648 0.34117648)] [bgcolor=#0000FF] [border: (1px solid #3C3C4399)]
layer at (15,77) size 139x14 scrollWidth 343
  RenderBlock {DIV} at (6,3) size 141x15
    RenderText {#text} at (0,0) size 344x14
      text run at (0,0) width 344: "The text in this disabled field should displayed as dimmed or grey"
layer at (8,96) size 153x22
  RenderTextControl {INPUT} at (0,88) size 153x22 [color=#FF0000] [bgcolor=#0000FF] [border: (1px solid #3C3C4399)]
layer at (15,100) size 139x14 scrollWidth 343
  RenderBlock {DIV} at (6,3) size 141x15
    RenderText {#text} at (0,0) size 344x14
      text run at (0,0) width 344: "The text in this disabled field should displayed as dimmed or grey"
layer at (8,119) size 153x21
  RenderTextControl {INPUT} at (0,110) size 153x23 [color=color(srgb 0.34117648 0.34117648 0.34117648)] [bgcolor=#000000] [border: (1px solid #3C3C4399)]
layer at (15,122) size 139x14 scrollWidth 343
  RenderBlock {DIV} at (6,3) size 141x15
    RenderText {#text} at (0,0) size 344x14
      text run at (0,0) width 344: "The text in this disabled field should displayed as dimmed or grey"
layer at (8,141) size 153x22
  RenderTextControl {INPUT} at (0,133) size 153x22 [color=#FFFFFF] [bgcolor=#000000] [border: (1px solid #3C3C4399)]
layer at (15,145) size 139x14 scrollWidth 343
  RenderBlock {DIV} at (6,3) size 141x15
    RenderText {#text} at (0,0) size 344x14
      text run at (0,0) width 344: "The text in this disabled field should displayed as dimmed or grey"
layer at (8,164) size 153x21
  RenderTextControl {INPUT} at (0,155) size 153x23 [color=color(srgb 0.34117648 0.34117648 0.34117648)] [bgcolor=#808080] [border: (1px solid #3C3C4399)]
layer at (15,167) size 139x14 scrollWidth 343
  RenderBlock {DIV} at (6,3) size 141x15
    RenderText {#text} at (0,0) size 344x14
      text run at (0,0) width 344: "The text in this disabled field should displayed as dimmed or grey"
layer at (8,186) size 153x22
  RenderTextControl {INPUT} at (0,178) size 153x22 [color=#FFFFFF] [bgcolor=#A9A9A9] [border: (1px solid #3C3C4399)]
layer at (15,190) size 139x14 scrollWidth 343
  RenderBlock {DIV} at (6,3) size 141x15
    RenderText {#text} at (0,0) size 344x14
      text run at (0,0) width 344: "The text in this disabled field should displayed as dimmed or grey"
layer at (8,209) size 153x21
  RenderTextControl {INPUT} at (0,200) size 153x23 [color=#808080] [bgcolor=#000000] [border: (1px solid #3C3C4399)]
layer at (15,212) size 139x14 scrollWidth 343
  RenderBlock {DIV} at (6,3) size 141x15
    RenderText {#text} at (0,0) size 344x14
      text run at (0,0) width 344: "The text in this disabled field should displayed as dimmed or grey"
layer at (8,231) size 153x22
  RenderTextControl {INPUT} at (0,223) size 153x22 [color=#FF0000] [bgcolor=#808080] [border: (1px solid #3C3C4399)]
layer at (15,235) size 139x14 scrollWidth 343
  RenderBlock {DIV} at (6,3) size 141x15
    RenderText {#text} at (0,0) size 344x14
      text run at (0,0) width 344: "The text in this disabled field should displayed as dimmed or grey"
layer at (8,254) size 153x21
  RenderTextControl {INPUT} at (0,245) size 153x23 [color=#808080] [bgcolor=#FF0000] [border: (1px solid #3C3C4399)]
layer at (15,257) size 139x14 scrollWidth 343
  RenderBlock {DIV} at (6,3) size 141x15
    RenderText {#text} at (0,0) size 344x14
      text run at (0,0) width 344: "The text in this disabled field should displayed as dimmed or grey"
layer at (8,276) size 153x22
  RenderTextControl {INPUT} at (0,268) size 153x22 [color=#FF0000] [bgcolor=#FFFFFF] [border: (1px solid #3C3C4399)]
layer at (15,280) size 139x14 scrollWidth 343
  RenderBlock {DIV} at (6,3) size 141x15
    RenderText {#text} at (0,0) size 344x14
      text run at (0,0) width 344: "The text in this disabled field should displayed as dimmed or grey"
layer at (8,299) size 153x21
  RenderTextControl {INPUT} at (0,290) size 153x23 [color=#FF0000] [border: (1px solid #3C3C4399)]
layer at (15,302) size 139x14 scrollWidth 343
  RenderBlock {DIV} at (6,3) size 141x15
    RenderText {#text} at (0,0) size 344x14
      text run at (0,0) width 344: "The text in this disabled field should displayed as dimmed or grey"
layer at (8,321) size 153x22
  RenderTextControl {INPUT} at (0,313) size 153x22 [color=#ACACAC] [bgcolor=#F2F2F2] [border: (1px solid #3C3C4399)]
layer at (15,324) size 139x14 scrollWidth 343
  RenderBlock {DIV} at (6,3) size 141x15
    RenderText {#text} at (0,0) size 344x14
      text run at (0,0) width 344: "The text in this disabled field should displayed as dimmed or grey"
