layer at (0,0) size 800x600
  RenderView at (0,0) size 800x600
layer at (0,0) size 800x600
  RenderBlock {HTML} at (0,0) size 800x600
    RenderBody {BODY} at (8,8) size 784x584
      RenderText {#text} at (0,0) size 770x39
        text run at (0,0) width 770: "This tests that leading and trailing spaces in a text field don't get lost. There should be 3 spaces before and 3 spaces after"
        text run at (0,20) width 125: "the text in the field."
      RenderBR {BR} at (124,20) size 1x19
      RenderTextControl {INPUT} at (2,42) size 155x22 [bgcolor=#FFFFFF] [border: (1px solid #E4E4E5)]
      RenderText {#text} at (0,0) size 0x0
layer at (17,53) size 141x14
  RenderBlock {DIV} at (6,3) size 143x15
    RenderText {#text} at (0,0) size 57x14
      text run at (0,0) width 57: "   foo bar   "
