layer at (0,0) size 800x600
  RenderView at (0,0) size 800x600
layer at (0,0) size 800x600
  RenderBlock {HTML} at (0,0) size 800x600
    RenderBody {BODY} at (8,8) size 784x576
      RenderBlock (anonymous) at (0,0) size 784x25
        RenderTextControl {INPUT} at (2,2) size 136x22 [bgcolor=#FFFFFF] [border: (1px solid #4C4C4C)]
        RenderText {#text} at (0,0) size 0x0
      RenderBlock {P} at (0,41) size 784x20
        RenderText {#text} at (0,0) size 748x19
          text run at (0,0) width 748: "Tests drag-selecting down. If the test succeeds, the text from the center to the end of the text field should be selected."
layer at (17,13) size 122x14
  RenderBlock {DIV} at (6,3) size 123x15
    RenderText {#text} at (0,0) size 111x14
      text run at (0,0) width 111: "This is a bunch of text."
caret: position 8 of child 0 {#text} of child 0 {DIV} of {#document-fragment} of child 0 {INPUT} of body
