layer at (0,0) size 800x641
  RenderView at (0,0) size 800x600
layer at (0,0) size 800x641
  RenderBlock {HTML} at (0,0) size 800x641
    RenderBody {BODY} at (8,8) size 784x617
      RenderBlock (anonymous) at (0,0) size 784x20
        RenderText {#text} at (0,0) size 344x19
          text run at (0,0) width 344: "This tests the selection methods on the new text field."
      RenderBlock {P} at (0,36) size 784x25
        RenderTextControl {INPUT} at (2,2) size 155x22 [bgcolor=#FFFFFF] [border: (1px solid #E4E4E5)]
        RenderText {#text} at (0,0) size 0x0
      RenderBlock {DIV} at (0,77) size 784x540
        RenderBR {BR} at (0,0) size 0x19
        RenderText {#text} at (0,20) size 200x19
          text run at (0,20) width 200: "Test 1: setSelectionRange(0, 0)"
        RenderBR {BR} at (199,20) size 1x19
        RenderText {#text} at (0,40) size 48x19
          text run at (0,40) width 48: "Passed."
        RenderBR {BR} at (47,40) size 1x19
        RenderBR {BR} at (0,60) size 0x19
        RenderText {#text} at (0,80) size 163x19
          text run at (0,80) width 163: "Test 2: selectionEnd = 17"
        RenderBR {BR} at (162,80) size 1x19
        RenderText {#text} at (0,100) size 48x19
          text run at (0,100) width 48: "Passed."
        RenderBR {BR} at (47,100) size 1x19
        RenderBR {BR} at (0,120) size 0x19
        RenderText {#text} at (0,140) size 159x19
          text run at (0,140) width 159: "Test 3: selectionStart = 1"
        RenderBR {BR} at (158,140) size 1x19
        RenderText {#text} at (0,160) size 48x19
          text run at (0,160) width 48: "Passed."
        RenderBR {BR} at (47,160) size 1x19
        RenderBR {BR} at (0,180) size 0x19
        RenderText {#text} at (0,200) size 208x19
          text run at (0,200) width 208: "Test 4: setSelectionRange(10, 3)"
        RenderBR {BR} at (207,200) size 1x19
        RenderText {#text} at (0,220) size 48x19
          text run at (0,220) width 48: "Passed."
        RenderBR {BR} at (47,220) size 1x19
        RenderBR {BR} at (0,240) size 0x19
        RenderText {#text} at (0,260) size 155x19
          text run at (0,260) width 155: "Test 5: selectionEnd = 2"
        RenderBR {BR} at (154,260) size 1x19
        RenderText {#text} at (0,280) size 48x19
          text run at (0,280) width 48: "Passed."
        RenderBR {BR} at (47,280) size 1x19
        RenderBR {BR} at (0,300) size 0x19
        RenderText {#text} at (0,320) size 200x19
          text run at (0,320) width 200: "Test 6: setSelectionRange(5, 4)"
        RenderBR {BR} at (199,320) size 1x19
        RenderText {#text} at (0,340) size 48x19
          text run at (0,340) width 48: "Passed."
        RenderBR {BR} at (47,340) size 1x19
        RenderBR {BR} at (0,360) size 0x19
        RenderText {#text} at (0,380) size 211x19
          text run at (0,380) width 211: "Test 7: setSelectionRange(-5, -4)"
        RenderBR {BR} at (210,380) size 1x19
        RenderText {#text} at (0,400) size 48x19
          text run at (0,400) width 48: "Passed."
        RenderBR {BR} at (47,400) size 1x19
        RenderBR {BR} at (0,420) size 0x19
        RenderText {#text} at (0,440) size 214x19
          text run at (0,440) width 214: "Test 8: setSelectionRange(-5, 80)"
        RenderBR {BR} at (213,440) size 1x19
        RenderText {#text} at (0,460) size 48x19
          text run at (0,460) width 48: "Passed."
        RenderBR {BR} at (47,460) size 1x19
        RenderBR {BR} at (0,480) size 0x19
        RenderText {#text} at (0,500) size 208x19
          text run at (0,500) width 208: "Test 9: setSelectionRange(3, 12)"
        RenderBR {BR} at (207,500) size 1x19
        RenderText {#text} at (0,520) size 48x19
          text run at (0,520) width 48: "Passed."
        RenderBR {BR} at (47,520) size 1x19
      RenderBlock {P} at (0,633) size 784x0
layer at (17,49) size 141x14
  RenderBlock {DIV} at (6,3) size 143x15
    RenderText {#text} at (0,0) size 133x14
      text run at (0,0) width 133: "123456789 ABCDEFGHIJ"
selection start: position 3 of child 0 {#text} of child 0 {DIV} of {#document-fragment} of child 1 {INPUT} of child 1 {P} of body
selection end:   position 12 of child 0 {#text} of child 0 {DIV} of {#document-fragment} of child 1 {INPUT} of child 1 {P} of body
