layer at (0,0) size 800x600
  RenderView at (0,0) size 800x600
layer at (0,0) size 800x600
  RenderBlock {HTML} at (0,0) size 800x600
    RenderBody {BODY} at (8,8) size 784x576
      RenderBlock {P} at (0,0) size 784x40
        RenderText {#text} at (0,0) size 765x39
          text run at (0,0) width 765: "Results that match WinIE are two columns on the right that say \"after\" every time, except for the last row which should"
          text run at (0,20) width 196: "have nothing in either column."
      RenderBlock {P} at (0,56) size 784x20
        RenderText {#text} at (0,0) size 726x19
          text run at (0,0) width 726: "Results that match Gecko are like WinIE, but with \"before\" for the attribute in the first two rows and the last row."
      RenderBlock {FORM} at (0,102) size 784x451
        RenderTable {TABLE} at (0,0) size 784x451
          RenderTableSection {THEAD} at (0,0) size 784x26
            RenderTableRow {TR} at (0,2) size 784x22
              RenderTableCell {TH} at (2,2) size 382x22 [r=0 c=0 rs=1 cs=1]
                RenderText {#text} at (1,1) size 57x19
                  text run at (1,1) width 57: "test case"
              RenderTableCell {TH} at (385,2) size 269x22 [r=0 c=1 rs=1 cs=1]
                RenderText {#text} at (1,1) size 92x19
                  text run at (1,1) width 92: "form element"
              RenderTableCell {TH} at (655,2) size 63x22 [r=0 c=2 rs=1 cs=1]
                RenderText {#text} at (1,1) size 61x19
                  text run at (1,1) width 61: "property"
              RenderTableCell {TH} at (719,2) size 63x22 [r=0 c=3 rs=1 cs=1]
                RenderText {#text} at (1,1) size 61x19
                  text run at (1,1) width 61: "attribute"
          RenderTableSection {TBODY} at (0,26) size 784x425
            RenderTableRow {TR} at (0,0) size 784x23
              RenderTableCell {TD} at (2,0) size 382x23 [r=0 c=0 rs=1 cs=1]
                RenderText {#text} at (1,0) size 211x21
                  text run at (1,1) width 211: "text with value property changed"
              RenderTableCell {TD} at (385,0) size 269x23 [r=0 c=1 rs=1 cs=1]
                RenderTextControl {INPUT} at (1,1) size 155x22 [bgcolor=#FFFFFF] [border: (1px solid #3C3C4399)]
              RenderTableCell {TD} at (655,0) size 63x23 [r=0 c=2 rs=1 cs=1]
                RenderText {#text} at (1,0) size 30x21
                  text run at (1,1) width 30: "after"
              RenderTableCell {TD} at (719,0) size 63x23 [r=0 c=3 rs=1 cs=1]
                RenderText {#text} at (1,0) size 41x21
                  text run at (1,1) width 41: "before"
            RenderTableRow {TR} at (0,25) size 784x23
              RenderTableCell {TD} at (2,25) size 382x23 [r=1 c=0 rs=1 cs=1]
                RenderText {#text} at (1,0) size 248x21
                  text run at (1,1) width 248: "password with value property changed"
              RenderTableCell {TD} at (385,25) size 269x23 [r=1 c=1 rs=1 cs=1]
                RenderTextControl {INPUT} at (1,1) size 155x22 [bgcolor=#FFFFFF] [border: (1px solid #3C3C4399)]
                  RenderFlexibleBox {DIV} at (6,3) size 143x15
                    RenderBlock {DIV} at (0,0) size 142x14
              RenderTableCell {TD} at (655,25) size 63x23 [r=1 c=2 rs=1 cs=1]
                RenderText {#text} at (1,0) size 30x21
                  text run at (1,1) width 30: "after"
              RenderTableCell {TD} at (719,25) size 63x23 [r=1 c=3 rs=1 cs=1]
                RenderText {#text} at (1,0) size 41x21
                  text run at (1,1) width 41: "before"
            RenderTableRow {TR} at (0,50) size 784x24
              RenderTableCell {TD} at (2,51) size 382x22 [r=2 c=0 rs=1 cs=1]
                RenderText {#text} at (1,1) size 252x19
                  text run at (1,1) width 252: "check box with value property changed"
              RenderTableCell {TD} at (385,50) size 269x24 [r=2 c=1 rs=1 cs=1]
                RenderBlock {INPUT} at (3,4) size 16x16 [bgcolor=#FFFFFF03]
              RenderTableCell {TD} at (655,51) size 63x22 [r=2 c=2 rs=1 cs=1]
                RenderText {#text} at (1,1) size 30x19
                  text run at (1,1) width 30: "after"
              RenderTableCell {TD} at (719,51) size 63x22 [r=2 c=3 rs=1 cs=1]
                RenderText {#text} at (1,1) size 30x19
                  text run at (1,1) width 30: "after"
            RenderTableRow {TR} at (0,76) size 784x22
              RenderTableCell {TD} at (2,76) size 382x22 [r=3 c=0 rs=1 cs=1]
                RenderText {#text} at (1,1) size 231x19
                  text run at (1,1) width 231: "hidden with value property changed"
              RenderTableCell {TD} at (385,86) size 269x2 [r=3 c=1 rs=1 cs=1]
              RenderTableCell {TD} at (655,76) size 63x22 [r=3 c=2 rs=1 cs=1]
                RenderText {#text} at (1,1) size 30x19
                  text run at (1,1) width 30: "after"
              RenderTableCell {TD} at (719,76) size 63x22 [r=3 c=3 rs=1 cs=1]
                RenderText {#text} at (1,1) size 30x19
                  text run at (1,1) width 30: "after"
            RenderTableRow {TR} at (0,100) size 784x22
              RenderTableCell {TD} at (2,100) size 382x22 [r=4 c=0 rs=1 cs=1]
                RenderText {#text} at (1,1) size 228x19
                  text run at (1,1) width 228: "button with value property changed"
              RenderTableCell {TD} at (385,100) size 269x22 [r=4 c=1 rs=1 cs=1]
                RenderButton {INPUT} at (1,1) size 49x20 [color=#007AFF] [bgcolor=#E9E9EA] [border: (1px solid #FFFFFF)]
                  RenderBlock (anonymous) at (12,3) size 25x14
                    RenderText at (0,0) size 25x14
                      text run at (0,0) width 25: "after"
              RenderTableCell {TD} at (655,100) size 63x22 [r=4 c=2 rs=1 cs=1]
                RenderText {#text} at (1,1) size 30x19
                  text run at (1,1) width 30: "after"
              RenderTableCell {TD} at (719,100) size 63x22 [r=4 c=3 rs=1 cs=1]
                RenderText {#text} at (1,1) size 30x19
                  text run at (1,1) width 30: "after"
            RenderTableRow {TR} at (0,124) size 784x22
              RenderTableCell {TD} at (2,124) size 382x22 [r=5 c=0 rs=1 cs=1]
                RenderText {#text} at (1,1) size 226x19
                  text run at (1,1) width 226: "image with value property changed"
              RenderTableCell {TD} at (385,125) size 269x20 [r=5 c=1 rs=1 cs=1]
                RenderImage {INPUT} at (1,1) size 38x18
              RenderTableCell {TD} at (655,124) size 63x22 [r=5 c=2 rs=1 cs=1]
                RenderText {#text} at (1,1) size 30x19
                  text run at (1,1) width 30: "after"
              RenderTableCell {TD} at (719,124) size 63x22 [r=5 c=3 rs=1 cs=1]
                RenderText {#text} at (1,1) size 30x19
                  text run at (1,1) width 30: "after"
            RenderTableRow {TR} at (0,148) size 784x24
              RenderTableCell {TD} at (2,149) size 382x22 [r=6 c=0 rs=1 cs=1]
                RenderText {#text} at (1,1) size 220x19
                  text run at (1,1) width 220: "radio with value property changed"
              RenderTableCell {TD} at (385,148) size 269x24 [r=6 c=1 rs=1 cs=1]
                RenderBlock {INPUT} at (3,4) size 16x16 [bgcolor=#FFFFFF03]
              RenderTableCell {TD} at (655,149) size 63x22 [r=6 c=2 rs=1 cs=1]
                RenderText {#text} at (1,1) size 30x19
                  text run at (1,1) width 30: "after"
              RenderTableCell {TD} at (719,149) size 63x22 [r=6 c=3 rs=1 cs=1]
                RenderText {#text} at (1,1) size 30x19
                  text run at (1,1) width 30: "after"
            RenderTableRow {TR} at (0,174) size 784x23
              RenderTableCell {TD} at (2,174) size 382x23 [r=7 c=0 rs=1 cs=1]
                RenderText {#text} at (1,0) size 210x21
                  text run at (1,1) width 210: "text with value attribute changed"
              RenderTableCell {TD} at (385,174) size 269x23 [r=7 c=1 rs=1 cs=1]
                RenderTextControl {INPUT} at (1,1) size 155x22 [bgcolor=#FFFFFF] [border: (1px solid #3C3C4399)]
              RenderTableCell {TD} at (655,174) size 63x23 [r=7 c=2 rs=1 cs=1]
                RenderText {#text} at (1,0) size 30x21
                  text run at (1,1) width 30: "after"
              RenderTableCell {TD} at (719,174) size 63x23 [r=7 c=3 rs=1 cs=1]
                RenderText {#text} at (1,0) size 30x21
                  text run at (1,1) width 30: "after"
            RenderTableRow {TR} at (0,199) size 784x24
              RenderTableCell {TD} at (2,200) size 382x22 [r=8 c=0 rs=1 cs=1]
                RenderText {#text} at (1,1) size 252x19
                  text run at (1,1) width 252: "check box with value attribute changed"
              RenderTableCell {TD} at (385,199) size 269x24 [r=8 c=1 rs=1 cs=1]
                RenderBlock {INPUT} at (3,4) size 16x16 [bgcolor=#FFFFFF03]
              RenderTableCell {TD} at (655,200) size 63x22 [r=8 c=2 rs=1 cs=1]
                RenderText {#text} at (1,1) size 30x19
                  text run at (1,1) width 30: "after"
              RenderTableCell {TD} at (719,200) size 63x22 [r=8 c=3 rs=1 cs=1]
                RenderText {#text} at (1,1) size 30x19
                  text run at (1,1) width 30: "after"
            RenderTableRow {TR} at (0,225) size 784x42
              RenderTableCell {TD} at (2,225) size 382x42 [r=9 c=0 rs=1 cs=1]
                RenderText {#text} at (1,1) size 362x39
                  text run at (1,1) width 362: "text with value property changed, then turned into check"
                  text run at (1,21) width 24: "box"
              RenderTableCell {TD} at (385,234) size 269x24 [r=9 c=1 rs=1 cs=1]
                RenderBlock {INPUT} at (3,4) size 16x16 [bgcolor=#FFFFFF03]
              RenderTableCell {TD} at (655,235) size 63x22 [r=9 c=2 rs=1 cs=1]
                RenderText {#text} at (1,1) size 30x19
                  text run at (1,1) width 30: "after"
              RenderTableCell {TD} at (719,235) size 63x22 [r=9 c=3 rs=1 cs=1]
                RenderText {#text} at (1,1) size 30x19
                  text run at (1,1) width 30: "after"
            RenderTableRow {TR} at (0,269) size 784x42
              RenderTableCell {TD} at (2,269) size 382x42 [r=10 c=0 rs=1 cs=1]
                RenderText {#text} at (1,1) size 362x39
                  text run at (1,1) width 362: "check box with value property changed, then turned into"
                  text run at (1,21) width 24: "text"
              RenderTableCell {TD} at (385,278) size 269x24 [r=10 c=1 rs=1 cs=1]
                RenderTextControl {INPUT} at (1,1) size 155x22 [bgcolor=#FFFFFF] [border: (1px solid #3C3C4399)]
              RenderTableCell {TD} at (655,279) size 63x22 [r=10 c=2 rs=1 cs=1]
                RenderText {#text} at (1,1) size 30x19
                  text run at (1,1) width 30: "after"
              RenderTableCell {TD} at (719,279) size 63x22 [r=10 c=3 rs=1 cs=1]
                RenderText {#text} at (1,1) size 30x19
                  text run at (1,1) width 30: "after"
            RenderTableRow {TR} at (0,313) size 784x42
              RenderTableCell {TD} at (2,313) size 382x42 [r=11 c=0 rs=1 cs=1]
                RenderText {#text} at (1,1) size 361x39
                  text run at (1,1) width 361: "text with value attribute changed, then turned into check"
                  text run at (1,21) width 24: "box"
              RenderTableCell {TD} at (385,322) size 269x24 [r=11 c=1 rs=1 cs=1]
                RenderBlock {INPUT} at (3,4) size 16x16 [bgcolor=#FFFFFF03]
              RenderTableCell {TD} at (655,323) size 63x22 [r=11 c=2 rs=1 cs=1]
                RenderText {#text} at (1,1) size 30x19
                  text run at (1,1) width 30: "after"
              RenderTableCell {TD} at (719,323) size 63x22 [r=11 c=3 rs=1 cs=1]
                RenderText {#text} at (1,1) size 30x19
                  text run at (1,1) width 30: "after"
            RenderTableRow {TR} at (0,357) size 784x42
              RenderTableCell {TD} at (2,357) size 382x42 [r=12 c=0 rs=1 cs=1]
                RenderText {#text} at (1,1) size 361x39
                  text run at (1,1) width 361: "check box with value attribute changed, then turned into"
                  text run at (1,21) width 24: "text"
              RenderTableCell {TD} at (385,366) size 269x24 [r=12 c=1 rs=1 cs=1]
                RenderTextControl {INPUT} at (1,1) size 155x22 [bgcolor=#FFFFFF] [border: (1px solid #3C3C4399)]
              RenderTableCell {TD} at (655,367) size 63x22 [r=12 c=2 rs=1 cs=1]
                RenderText {#text} at (1,1) size 30x19
                  text run at (1,1) width 30: "after"
              RenderTableCell {TD} at (719,367) size 63x22 [r=12 c=3 rs=1 cs=1]
                RenderText {#text} at (1,1) size 30x19
                  text run at (1,1) width 30: "after"
            RenderTableRow {TR} at (0,401) size 784x22
              RenderTableCell {TD} at (2,401) size 382x22 [r=13 c=0 rs=1 cs=1]
                RenderText {#text} at (1,1) size 208x19
                  text run at (1,1) width 208: "file with value property changed"
              RenderTableCell {TD} at (385,401) size 269x22 [r=13 c=1 rs=1 cs=1]
                RenderFileUploadControl {INPUT} at (1,1) size 266x20 "no file selected"
                  RenderButton {INPUT} at (0,0) size 86x20 [color=#007AFF] [bgcolor=#E9E9EA] [border: (1px solid #FFFFFF)]
                    RenderBlock (anonymous) at (12,3) size 62x14
                      RenderText at (0,0) size 62x14
                        text run at (0,0) width 62: "Choose File"
              RenderTableCell {TD} at (655,411) size 63x2 [r=13 c=2 rs=1 cs=1]
              RenderTableCell {TD} at (719,401) size 63x22 [r=13 c=3 rs=1 cs=1]
                RenderText {#text} at (1,1) size 41x19
                  text run at (1,1) width 41: "before"
layer at (8,100) size 784x2 clip at (0,0) size 0x0
  RenderBlock {HR} at (0,92) size 784x2 [border: (1px inset #000000)]
layer at (401,140) size 141x14
  RenderBlock {DIV} at (6,3) size 143x15
    RenderText {#text} at (0,0) size 34x14
      text run at (0,0) width 34: "before"
layer at (401,165) size 142x14
  RenderBlock {DIV} at (0,0) size 142x14
    RenderText {#text} at (0,0) size 42x14
      text run at (0,0) width 42: "\x{F79A}\x{F79A}\x{F79A}\x{F79A}\x{F79A}\x{F79A}"
layer at (401,314) size 141x14
  RenderBlock {DIV} at (6,3) size 143x15
    RenderText {#text} at (0,0) size 25x14
      text run at (0,0) width 25: "after"
layer at (401,419) size 141x14
  RenderBlock {DIV} at (6,3) size 143x15
    RenderText {#text} at (0,0) size 25x14
      text run at (0,0) width 25: "after"
layer at (401,507) size 141x14
  RenderBlock {DIV} at (6,3) size 143x15
    RenderText {#text} at (0,0) size 25x14
      text run at (0,0) width 25: "after"
