layer at (0,0) size 800x632
  RenderView at (0,0) size 800x600
layer at (0,0) size 800x632
  RenderBlock {HTML} at (0,0) size 800x632
    RenderBody {BODY} at (8,8) size 784x616
      RenderBlock {P} at (0,0) size 784x20
        RenderText {#text} at (0,0) size 245x19
          text run at (0,0) width 245: "Test appearances of outer-spin-button."
      RenderBlock {DIV} at (0,36) size 784x0
      RenderBlock {DIV} at (0,36) size 784x580
        RenderTable {TABLE} at (0,0) size 521x580
          RenderTableSection {TBODY} at (0,0) size 521x580
            RenderTableRow {TR} at (0,2) size 521x576
              RenderTableCell {TD} at (2,110) size 206x360 [r=0 c=0 rs=1 cs=1]
                RenderBlock {DIV} at (1,1) size 204x32
                  RenderTextControl {INPUT} at (0,0) size 117x16 [bgcolor=#FFFFFF] [border: (1px solid #3C3C4399)]
                  RenderBR {BR} at (116,-5) size 1x19
                  RenderTextControl {INPUT} at (0,16) size 117x16 [bgcolor=#FFFFFF] [border: (1px solid #3C3C4399)]
                RenderBlock {DIV} at (1,33) size 204x36
                  RenderTextControl {INPUT} at (0,0) size 130x19 [bgcolor=#FFFFFF] [border: (1px solid #3C3C4399)]
                  RenderBR {BR} at (129,-4) size 1x19
                  RenderTextControl {INPUT} at (0,18) size 130x19 [bgcolor=#FFFFFF] [border: (1px solid #3C3C4399)]
                RenderBlock {DIV} at (1,69) size 204x40
                  RenderTextControl {INPUT} at (0,0) size 143x20 [bgcolor=#FFFFFF] [border: (1px solid #3C3C4399)]
                  RenderBR {BR} at (142,-2) size 1x19
                  RenderTextControl {INPUT} at (0,20) size 143x20 [bgcolor=#FFFFFF] [border: (1px solid #3C3C4399)]
                RenderBlock {DIV} at (1,109) size 204x42
                  RenderTextControl {INPUT} at (0,0) size 155x22 [bgcolor=#FFFFFF] [border: (1px solid #3C3C4399)]
                  RenderBR {BR} at (154,-1) size 1x19
                  RenderTextControl {INPUT} at (0,21) size 155x22 [bgcolor=#FFFFFF] [border: (1px solid #3C3C4399)]
                RenderBlock {DIV} at (1,151) size 204x46
                  RenderTextControl {INPUT} at (0,0) size 168x23 [bgcolor=#FFFFFF] [border: (1px solid #3C3C4399)]
                  RenderBR {BR} at (167,0) size 1x19
                  RenderTextControl {INPUT} at (0,23) size 168x23 [bgcolor=#FFFFFF] [border: (1px solid #3C3C4399)]
                RenderBlock {DIV} at (1,197) size 204x50
                  RenderTextControl {INPUT} at (0,0) size 180x26 [bgcolor=#FFFFFF] [border: (1px solid #3C3C4399)]
                  RenderBR {BR} at (179,1) size 1x19
                  RenderTextControl {INPUT} at (0,25) size 180x26 [bgcolor=#FFFFFF] [border: (1px solid #3C3C4399)]
                RenderBlock {DIV} at (1,247) size 204x54
                  RenderTextControl {INPUT} at (0,0) size 192x27 [bgcolor=#FFFFFF] [border: (1px solid #3C3C4399)]
                  RenderBR {BR} at (191,2) size 1x19
                  RenderTextControl {INPUT} at (0,27) size 192x27 [bgcolor=#FFFFFF] [border: (1px solid #3C3C4399)]
                RenderBlock {DIV} at (1,301) size 204x58
                  RenderTextControl {INPUT} at (0,0) size 204x29 [bgcolor=#FFFFFF] [border: (1px solid #3C3C4399)]
                  RenderBR {BR} at (203,4) size 1x19
                  RenderTextControl {INPUT} at (0,29) size 204x29 [bgcolor=#FFFFFF] [border: (1px solid #3C3C4399)]
              RenderTableCell {TD} at (209,2) size 310x576 [r=0 c=1 rs=1 cs=1]
                RenderBlock {DIV} at (1,1) size 308x60
                  RenderTextControl {INPUT} at (0,0) size 216x30 [bgcolor=#FFFFFF] [border: (1px solid #3C3C4399)]
                  RenderBR {BR} at (215,5) size 1x19
                  RenderTextControl {INPUT} at (0,30) size 216x30 [bgcolor=#FFFFFF] [border: (1px solid #3C3C4399)]
                RenderBlock {DIV} at (1,61) size 308x64
                  RenderTextControl {INPUT} at (0,0) size 227x33 [bgcolor=#FFFFFF] [border: (1px solid #3C3C4399)]
                  RenderBR {BR} at (226,6) size 1x19
                  RenderTextControl {INPUT} at (0,32) size 227x33 [bgcolor=#FFFFFF] [border: (1px solid #3C3C4399)]
                RenderBlock {DIV} at (1,125) size 308x68
                  RenderTextControl {INPUT} at (0,0) size 240x34 [bgcolor=#FFFFFF] [border: (1px solid #3C3C4399)]
                  RenderBR {BR} at (239,7) size 1x19
                  RenderTextControl {INPUT} at (0,34) size 240x34 [bgcolor=#FFFFFF] [border: (1px solid #3C3C4399)]
                RenderBlock {DIV} at (1,193) size 308x70
                  RenderTextControl {INPUT} at (0,0) size 253x36 [bgcolor=#FFFFFF] [border: (1px solid #3C3C4399)]
                  RenderBR {BR} at (252,8) size 1x19
                  RenderTextControl {INPUT} at (0,35) size 253x36 [bgcolor=#FFFFFF] [border: (1px solid #3C3C4399)]
                RenderBlock {DIV} at (1,263) size 308x74
                  RenderTextControl {INPUT} at (0,0) size 265x37 [bgcolor=#FFFFFF] [border: (1px solid #3C3C4399)]
                  RenderBR {BR} at (264,10) size 1x19
                  RenderTextControl {INPUT} at (0,37) size 265x37 [bgcolor=#FFFFFF] [border: (1px solid #3C3C4399)]
                RenderBlock {DIV} at (1,337) size 308x76
                  RenderTextControl {INPUT} at (0,0) size 279x39 [bgcolor=#FFFFFF] [border: (1px solid #3C3C4399)]
                  RenderBR {BR} at (278,10) size 1x19
                  RenderTextControl {INPUT} at (0,38) size 279x39 [bgcolor=#FFFFFF] [border: (1px solid #3C3C4399)]
                RenderBlock {DIV} at (1,413) size 308x80
                  RenderTextControl {INPUT} at (0,0) size 293x40 [bgcolor=#FFFFFF] [border: (1px solid #3C3C4399)]
                  RenderBR {BR} at (292,11) size 1x19
                  RenderTextControl {INPUT} at (0,40) size 293x40 [bgcolor=#FFFFFF] [border: (1px solid #3C3C4399)]
                RenderBlock {DIV} at (1,493) size 308x82
                  RenderTextControl {INPUT} at (0,0) size 308x42 [bgcolor=#FFFFFF] [border: (1px solid #3C3C4399)]
                  RenderBR {BR} at (307,12) size 1x19
                  RenderTextControl {INPUT} at (0,41) size 308x42 [bgcolor=#FFFFFF] [border: (1px solid #3C3C4399)]
layer at (16,158) size 107x10
  RenderBlock {DIV} at (5,2) size 107x11
layer at (16,174) size 107x10
  RenderBlock {DIV} at (5,2) size 107x11
layer at (17,190) size 118x12
  RenderBlock {DIV} at (5,2) size 120x13
layer at (17,208) size 118x12
  RenderBlock {DIV} at (5,2) size 120x13
layer at (17,226) size 130x13
  RenderBlock {DIV} at (6,3) size 131x13
layer at (17,246) size 130x13
  RenderBlock {DIV} at (6,3) size 131x13
layer at (18,266) size 141x14
  RenderBlock {DIV} at (6,3) size 143x15
layer at (18,287) size 141x14
  RenderBlock {DIV} at (6,3) size 143x15
layer at (18,308) size 153x15
  RenderBlock {DIV} at (7,3) size 154x16
layer at (18,331) size 153x15
  RenderBlock {DIV} at (7,3) size 154x16
layer at (19,355) size 164x17
  RenderBlock {DIV} at (7,3) size 165x18
layer at (19,380) size 164x17
  RenderBlock {DIV} at (7,3) size 165x18
layer at (19,405) size 175x18
  RenderBlock {DIV} at (8,3) size 176x19
layer at (19,432) size 175x18
  RenderBlock {DIV} at (8,3) size 176x19
layer at (20,459) size 186x19
  RenderBlock {DIV} at (8,4) size 187x19
layer at (20,488) size 186x19
  RenderBlock {DIV} at (8,4) size 187x19
layer at (227,51) size 197x20
  RenderBlock {DIV} at (9,4) size 198x21
layer at (227,81) size 197x20
  RenderBlock {DIV} at (9,4) size 198x21
layer at (228,111) size 207x22
  RenderBlock {DIV} at (9,4) size 209x23
layer at (228,143) size 207x22
  RenderBlock {DIV} at (9,4) size 209x23
layer at (228,176) size 220x23
  RenderBlock {DIV} at (10,4) size 220x24
layer at (228,210) size 220x23
  RenderBlock {DIV} at (10,4) size 220x24
layer at (229,244) size 231x24
  RenderBlock {DIV} at (10,4) size 233x25
layer at (229,279) size 231x24
  RenderBlock {DIV} at (10,4) size 233x25
layer at (229,314) size 243x25
  RenderBlock {DIV} at (11,5) size 243x25
layer at (229,351) size 243x25
  RenderBlock {DIV} at (11,5) size 243x25
layer at (230,388) size 255x26
  RenderBlock {DIV} at (11,5) size 257x27
layer at (230,426) size 255x26
  RenderBlock {DIV} at (11,5) size 257x27
layer at (230,464) size 269x27
  RenderBlock {DIV} at (12,5) size 269x28
layer at (230,504) size 269x27
  RenderBlock {DIV} at (12,5) size 269x28
layer at (231,545) size 282x28
  RenderBlock {DIV} at (12,5) size 283x29
layer at (231,586) size 282x28
  RenderBlock {DIV} at (12,5) size 283x29
