layer at (0,0) size 800x600
  RenderView at (0,0) size 800x600
layer at (0,0) size 800x600
  RenderBlock {HTML} at (0,0) size 800x600
    RenderBody {BODY} at (8,8) size 784x584 [bgcolor=#800080]
      RenderText {#text} at (0,0) size 480x19
        text run at (0,0) width 480: "This tests that the default background color for the new text fields is white."
      RenderBR {BR} at (479,0) size 1x19
      RenderTextControl {INPUT} at (2,22) size 155x22 [bgcolor=#FFFFFF] [border: (1px solid #E4E4E5)]
      RenderText {#text} at (0,0) size 0x0
layer at (17,33) size 141x14
  RenderBlock {DIV} at (6,3) size 143x15
    RenderText {#text} at (0,0) size 112x14
      text run at (0,0) width 112: "This should be white."
