layer at (0,0) size 800x716
  RenderView at (0,0) size 800x600
layer at (0,0) size 800x716
  RenderBlock {HTML} at (0,0) size 800x717
    RenderBody {BODY} at (8,8) size 784x701
      RenderBlock (anonymous) at (0,0) size 784x20
        RenderText {#text} at (0,0) size 253x19
          text run at (0,0) width 253: "This tests minMaxWidth for text fields."
      RenderBlock {P} at (0,36) size 784x20
        RenderText {#text} at (0,0) size 70x19
          text run at (0,0) width 70: "Test case 1"
      RenderTable {TABLE} at (0,72) size 118x40 [border: (3px solid #0000FF)]
        RenderTableSection {TBODY} at (3,3) size 112x34
          RenderTableRow {TR} at (0,2) size 112x30
            RenderTableCell {TD} at (2,2) size 108x30 [border: (3px solid #FF0000)] [r=0 c=0 rs=1 cs=1]
              RenderTextControl {INPUT} at (4,4) size 100x22 [bgcolor=#FFFFFF] [border: (1px solid #3C3C4399)]
      RenderBlock {P} at (0,127) size 784x21
        RenderText {#text} at (0,0) size 70x19
          text run at (0,0) width 70: "Test case 2"
      RenderTable {TABLE} at (0,163) size 167x72 [border: (3px solid #0000FF)]
        RenderTableSection {TBODY} at (3,3) size 161x65
          RenderTableRow {TR} at (0,2) size 161x30
            RenderTableCell {TD} at (2,5) size 47x23 [r=0 c=0 rs=1 cs=1]
              RenderText {#text} at (1,4) size 26x20
                text run at (1,1) width 26: "first"
            RenderTableCell {TD} at (50,2) size 109x30 [border: (3px solid #FF0000)] [r=0 c=1 rs=1 cs=1]
              RenderTextControl {INPUT} at (4,4) size 100x22 [bgcolor=#FFFFFF] [border: (1px solid #3C3C4399)]
          RenderTableRow {TR} at (0,33) size 161x30
            RenderTableCell {TD} at (2,37) size 47x23 [r=1 c=0 rs=1 cs=1]
              RenderText {#text} at (1,4) size 45x20
                text run at (1,1) width 45: "second"
            RenderTableCell {TD} at (50,33) size 109x30 [border: (3px solid #FF0000)] [r=1 c=1 rs=1 cs=1]
              RenderTextControl {INPUT} at (4,4) size 100x22 [bgcolor=#FFFFFF] [border: (1px solid #3C3C4399)]
      RenderBlock {P} at (0,250) size 784x21
        RenderText {#text} at (0,0) size 70x19
          text run at (0,0) width 70: "Test case 3"
      RenderTable {TABLE} at (0,286) size 55x80 [border: (3px solid #0000FF)]
        RenderTableSection {TBODY} at (3,3) size 49x74
          RenderTableRow {TR} at (0,2) size 49x70
            RenderTableCell {TD} at (2,2) size 45x70 [border: (3px solid #FF0000)] [r=0 c=0 rs=1 cs=1]
              RenderText {#text} at (4,4) size 37x39
                text run at (4,4) width 37: "width"
                text run at (4,24) width 32: "30px"
              RenderTextControl {INPUT} at (4,44) size 30x22 [bgcolor=#FFFFFF] [border: (1px solid #3C3C4399)]
      RenderBlock {P} at (0,381) size 784x21
        RenderText {#text} at (0,0) size 70x19
          text run at (0,0) width 70: "Test case 4"
      RenderTable {TABLE} at (0,417) size 218x71 [border: (3px solid #0000FF)]
        RenderTableSection {TBODY} at (3,3) size 212x64
          RenderTableRow {TR} at (0,2) size 212x30
            RenderTableCell {TD} at (2,2) size 208x30 [border: (3px solid #FF0000)] [r=0 c=0 rs=1 cs=1]
              RenderTextControl {INPUT} at (4,4) size 200x22 [bgcolor=#FFFFFF] [border: (1px solid #3C3C4399)]
          RenderTableRow {TR} at (0,33) size 212x29
            RenderTableCell {TD} at (2,33) size 208x29 [border: (3px solid #FF0000)] [r=1 c=0 rs=1 cs=1]
              RenderBlock {DIV} at (4,4) size 200x20
                RenderText {#text} at (0,0) size 40x19
                  text run at (0,0) width 40: "200px"
      RenderBlock {P} at (0,503) size 784x21
        RenderText {#text} at (0,0) size 70x19
          text run at (0,0) width 70: "Test case 5"
      RenderTable {TABLE} at (0,539) size 88x40 [border: (3px solid #0000FF)]
        RenderTableSection {TBODY} at (3,3) size 82x34
          RenderTableRow {TR} at (0,2) size 82x30
            RenderTableCell {TD} at (2,2) size 78x30 [border: (3px solid #FF0000)] [r=0 c=0 rs=1 cs=1]
              RenderTextControl {INPUT} at (4,4) size 70x22 [bgcolor=#FFFFFF] [border: (1px solid #3C3C4399)]
      RenderBlock {P} at (0,594) size 784x21
        RenderText {#text} at (0,0) size 70x19
          text run at (0,0) width 70: "Test case 6"
      RenderTable {TABLE} at (0,630) size 173x71 [border: (3px solid #0000FF)]
        RenderTableSection {TBODY} at (3,3) size 167x64
          RenderTableRow {TR} at (0,2) size 167x30
            RenderTableCell {TD} at (2,2) size 163x30 [border: (3px solid #FF0000)] [r=0 c=0 rs=1 cs=1]
              RenderTextControl {INPUT} at (4,4) size 155x22 [bgcolor=#FFFFFF] [border: (1px solid #3C3C4399)]
          RenderTableRow {TR} at (0,33) size 167x29
            RenderTableCell {TD} at (2,33) size 163x29 [border: (3px solid #FF0000)] [r=1 c=0 rs=1 cs=1]
              RenderBlock {DIV} at (4,4) size 70x20
                RenderText {#text} at (0,0) size 32x19
                  text run at (0,0) width 32: "70px"
layer at (24,92) size 87x14
  RenderBlock {DIV} at (6,3) size 88x15
layer at (72,184) size 87x14
  RenderBlock {DIV} at (6,3) size 88x15
layer at (72,215) size 87x14
  RenderBlock {DIV} at (6,3) size 88x15
layer at (24,347) size 17x14
  RenderBlock {DIV} at (6,3) size 18x15
layer at (24,438) size 187x14
  RenderBlock {DIV} at (6,3) size 188x15
    RenderText {#text} at (0,0) size 62x14
      text run at (0,0) width 62: "width 100%"
layer at (24,560) size 57x14
  RenderBlock {DIV} at (6,3) size 58x15
    RenderText {#text} at (0,0) size 51x14
      text run at (0,0) width 51: "max 70px"
layer at (24,651) size 141x14
  RenderBlock {DIV} at (6,3) size 143x15
    RenderText {#text} at (0,0) size 88x14
      text run at (0,0) width 88: "min-width 100px"
