layer at (0,0) size 800x600
  RenderView at (0,0) size 800x600
layer at (0,0) size 800x600
  RenderBlock {HTML} at (0,0) size 800x600
    RenderBody {BODY} at (8,8) size 784x584
      RenderBR {BR} at (0,0) size 0x19
      RenderText {#text} at (0,20) size 682x19
        text run at (0,20) width 682: "This tests that preventDefault called onmousedown will prevent a caret from being placed in the text field."
      RenderText {#text} at (0,0) size 0x0
      RenderText {#text} at (0,0) size 0x0
layer at (12,52) size 135x21
  RenderTextControl {INPUT} at (12,52) size 136x22 [bgcolor=#FFFFFF] [border: (1px solid #4C4C4C)]
layer at (19,55) size 122x14
  RenderBlock {DIV} at (6,3) size 123x15
    RenderText {#text} at (0,0) size 118x14
      text run at (0,0) width 118: "No caret should be here"
layer at (10,70) size 328x40
  RenderBlock (positioned) {DIV} at (10,70) size 328x40
    RenderBR {BR} at (0,0) size 0x19
    RenderText {#text} at (0,20) size 328x19
      text run at (0,20) width 328: "mousedown on target [object HTMLInputElement]"
