layer at (0,0) size 800x600
  RenderView at (0,0) size 800x600
layer at (0,0) size 800x600
  RenderBlock {HTML} at (0,0) size 800x600
    RenderBody {BODY} at (8,8) size 784x584
      RenderBlock {P} at (0,0) size 784x28
        RenderText {#text} at (0,0) size 758x27
          text run at (0,0) width 758: "Text inside input field should not be cut off at the bottom when its font is larger than the body font size. If the descenders in \"something gjpqy\" below are all visible, the test"
          text run at (0,14) width 309: "passes. If they are cut off by the bottom of the input box, the test fails."
      RenderBlock (anonymous) at (0,39) size 784x27
        RenderTextControl {INPUT} at (0,2) size 300x24 [bgcolor=#FFFFFF] [border: (1px solid #E4E4E5)]
        RenderText {#text} at (0,0) size 0x0
layer at (15,52) size 286x15
  RenderBlock {DIV} at (7,3) size 286x16
    RenderText {#text} at (0,0) size 95x15
      text run at (0,0) width 95: "something gjpqy"
