layer at (0,0) size 800x600
  RenderView at (0,0) size 800x600
layer at (0,0) size 800x600
  RenderBlock {HTML} at (0,0) size 800x600
    RenderBody {BODY} at (8,8) size 784x584
      RenderBlock {P} at (0,0) size 784x40
        RenderText {#text} at (0,0) size 54x19
          text run at (0,0) width 54: "Test for "
        RenderInline {I} at (0,0) size 776x39
          RenderInline {A} at (0,0) size 305x19 [color=#0000EE]
            RenderText {#text} at (53,0) size 305x19
              text run at (53,0) width 305: "http://bugs.webkit.org/show_bug.cgi?id=13500"
          RenderText {#text} at (357,0) size 776x39
            text run at (357,0) width 5: " "
            text run at (361,0) width 415: "REGRESSION: Listbox scrollbar does not reflect actual scrolled"
            text run at (0,20) width 326: "position when selected option is added after layout"
        RenderText {#text} at (325,20) size 5x19
          text run at (325,20) width 5: "."
      RenderBlock {P} at (0,56) size 784x40
        RenderText {#text} at (0,0) size 744x39
          text run at (0,0) width 501: "The list box should be scrolled all the way down, showing the selected option "
          text run at (500,0) width 244: "\x{201C}Seven\x{201D}. The scroller should be at the"
          text run at (0,20) width 155: "bottom of the scroll bar "
          text run at (154,20) width 89: "to reflect this."
      RenderBlock (anonymous) at (0,112) size 784x24
        RenderMenuList {SELECT} at (2,2) size 56x20 [color=#007AFF] [bgcolor=#E9E9EA] [border: (1px solid #FFFFFF)]
          RenderBlock (anonymous) at (6,3) size 44x14
            RenderText at (0,0) size 32x14
              text run at (0,0) width 32: "Seven"
        RenderText {#text} at (0,0) size 0x0
