layer at (0,0) size 800x600
  RenderView at (0,0) size 800x600
layer at (0,0) size 800x600
  RenderBlock {HTML} at (0,0) size 800x600
    RenderBody {BODY} at (8,8) size 784x584
      RenderText {#text} at (0,0) size 661x19
        text run at (0,0) width 661: "This tests that when a list box's options get updated, the list box will recalculate its width, and relayout."
      RenderBR {BR} at (660,0) size 1x19
      RenderMenuList {SELECT} at (2,22) size 191x20 [color=#007AFF] [bgcolor=#78788029]
        RenderBlock (anonymous) at (4,3) size 183x14
          RenderText at (0,0) size 39x14
            text run at (0,0) width 39: "0 Items"
      RenderText {#text} at (0,0) size 0x0
