layer at (0,0) size 1086x600
  RenderView at (0,0) size 800x600
layer at (0,0) size 800x600
  RenderBlock {HTML} at (0,0) size 800x600
    RenderBody {BODY} at (9,9) size 782x576
      RenderBlock (anonymous) at (0,0) size 781x162
        RenderMenuList {SELECT} at (0,0) size 137x162 [color=#007AFF] [bgcolor=#E9E9EA] [border: (12px solid #007AFF)]
          RenderBlock (anonymous) at (24,72) size 89x18
            RenderText at (0,0) size 46x17
              text run at (0,0) width 46: "0 Items"
        RenderText {#text} at (0,0) size 0x0
      RenderBlock {DIV} at (0,162) size 781x207
        RenderBlock (anonymous) at (0,0) size 781x48
          RenderText {#text} at (0,0) size 62x23
            text run at (0,0) width 62: "Results:"
          RenderBR {BR} at (61,0) size 1x23
          RenderText {#text} at (0,24) size 99x23
            text run at (0,24) width 99: "Test 1 Failed"
          RenderBR {BR} at (98,24) size 1x23
        RenderBlock {PRE} at (0,63) size 781x33
          RenderText {#text} at (0,0) size 1077x16
            text run at (0,0) width 1077: "     Expected: false,true,false,false,false,false,false,false,false,false,false,false,false,false,false,false,false"
          RenderBR {BR} at (1076,0) size 1x16
          RenderText {#text} at (0,16) size 1068x16
            text run at (0,16) width 1068: "     Actual: false,false,false,false,false,false,false,false,false,false,false,false,false,false,false,false,false"
        RenderBlock (anonymous) at (0,111) size 781x49
          RenderBR {BR} at (0,0) size 0x23
          RenderText {#text} at (0,24) size 99x23
            text run at (0,24) width 99: "Test 2 Failed"
          RenderBR {BR} at (98,24) size 1x23
        RenderBlock {PRE} at (0,174) size 781x33
          RenderText {#text} at (0,0) size 1077x16
            text run at (0,0) width 1077: "     Expected: false,false,false,false,false,false,true,false,false,false,false,false,false,false,false,false,false"
          RenderBR {BR} at (1076,0) size 1x16
          RenderText {#text} at (0,16) size 1068x16
            text run at (0,16) width 1068: "     Actual: false,false,false,false,false,false,false,false,false,false,false,false,false,false,false,false,false"
