layer at (0,0) size 800x600
  RenderView at (0,0) size 800x600
layer at (0,0) size 800x600
  RenderBlock {HTML} at (0,0) size 800x600
    RenderBody {BODY} at (8,8) size 784x584
      RenderMenuList {SELECT} at (2,2) size 59x20 [color=#007AFF] [bgcolor=#E9E9EA]
        RenderBlock (anonymous) at (5,3) size 49x14
          RenderText at (0,0) size 38x14
            text run at (0,0) width 38: "Default"
      RenderText {#text} at (63,1) size 4x19
        text run at (63,1) width 4: " "
      RenderMenuList {SELECT} at (69,2) size 42x20 [color=#FF0000] [bgcolor=#E9E9EA]
        RenderBlock (anonymous) at (5,3) size 32x14
          RenderText at (0,0) size 21x14
            text run at (0,0) width 21: "Red"
      RenderText {#text} at (113,1) size 4x19
        text run at (113,1) width 4: " "
      RenderMenuList {SELECT} at (119,2) size 109x20 [color=#007AFF] [bgcolor=#008000]
        RenderBlock (anonymous) at (5,3) size 99x14
          RenderText at (0,0) size 88x14
            text run at (0,0) width 88: "Default on green"
      RenderText {#text} at (230,1) size 4x19
        text run at (230,1) width 4: " "
      RenderMenuList {SELECT} at (236,2) size 91x20 [color=#FF0000] [bgcolor=#008000]
        RenderBlock (anonymous) at (5,3) size 81x14
          RenderText at (0,0) size 70x14
            text run at (0,0) width 70: "Red on green"
      RenderText {#text} at (0,0) size 0x0
