layer at (0,0) size 800x600
  RenderView at (0,0) size 800x600
layer at (0,0) size 800x600
  RenderBlock {HTML} at (0,0) size 800x600
    RenderBody {BODY} at (8,8) size 784x576
      RenderBlock {P} at (0,0) size 784x20
        RenderText {#text} at (0,0) size 54x19
          text run at (0,0) width 54: "Test for "
        RenderInline {I} at (0,0) size 580x19
          RenderInline {A} at (0,0) size 304x19 [color=#0000EE]
            RenderText {#text} at (53,0) size 304x19
              text run at (53,0) width 304: "http://bugs.webkit.org/show_bug.cgi?id=11362"
          RenderText {#text} at (356,0) size 277x19
            text run at (356,0) width 5: " "
            text run at (360,0) width 273: "Native popup with size=\"1\" wraps options"
        RenderText {#text} at (632,0) size 5x19
          text run at (632,0) width 5: "."
      RenderBlock {P} at (0,36) size 784x21
        RenderText {#text} at (0,0) size 36x19
          text run at (0,0) width 36: "With "
        RenderInline {TT} at (0,0) size 63x14
          RenderText {#text} at (35,5) size 63x14
            text run at (35,5) width 63: "size=\"1\""
        RenderText {#text} at (97,0) size 10x19
          text run at (97,0) width 10: ": "
        RenderMenuList {SELECT} at (106,3) size 101x16 [color=#007AFF] [bgcolor=#E9E9EA] [border: (1px solid #FFFFFF)]
          RenderBlock (anonymous) at (5,1) size 90x14
            RenderText at (0,0) size 173x14
              text run at (0,0) width 173: "Very long option that does not fit"
        RenderText {#text} at (0,0) size 0x0
      RenderBlock {P} at (0,73) size 784x21
        RenderText {#text} at (0,0) size 56x19
          text run at (0,0) width 56: "Without "
        RenderInline {TT} at (0,0) size 33x14
          RenderText {#text} at (55,5) size 33x14
            text run at (55,5) width 33: "size"
        RenderText {#text} at (87,0) size 9x19
          text run at (87,0) width 9: ": "
        RenderMenuList {SELECT} at (95,3) size 101x16 [color=#007AFF] [bgcolor=#E9E9EA] [border: (1px solid #FFFFFF)]
          RenderBlock (anonymous) at (5,1) size 90x14
            RenderText at (0,0) size 173x14
              text run at (0,0) width 173: "Very long option that does not fit"
        RenderText {#text} at (0,0) size 0x0
