layer at (0,0) size 800x600
  RenderView at (0,0) size 800x600
layer at (0,0) size 800x600
  RenderBlock {HTML} at (0,0) size 800x600
    RenderBody {BODY} at (8,8) size 784x584
      RenderBlock (anonymous) at (0,0) size 784x64
        RenderText {#text} at (0,0) size 678x19
          text run at (0,0) width 678: "This tests that when an option is dynamically added to a menu list, and it is too long for the current width,"
        RenderBR {BR} at (677,0) size 1x19
        RenderText {#text} at (0,20) size 375x19
          text run at (0,20) width 375: "that the select automatically recalculates the correct width."
        RenderBR {BR} at (374,20) size 1x19
        RenderMenuList {SELECT} at (2,42) size 127x20 [color=#007AFF] [bgcolor=#E9E9EA] [border: (1px solid #FFFFFF)]
          RenderBlock (anonymous) at (6,3) size 115x14
            RenderText at (0,0) size 29x14
              text run at (0,0) width 29: "Short"
        RenderText {#text} at (0,0) size 0x0
      RenderBlock {DIV} at (0,64) size 784x0
