layer at (0,0) size 800x600
  RenderView at (0,0) size 800x600
layer at (0,0) size 800x600
  RenderBlock {HTML} at (0,0) size 800x600
    RenderBody {BODY} at (8,8) size 784x584
      RenderText {#text} at (0,0) size 426x19
        text run at (0,0) width 426: "This tests that we don't honor line-height for styled popup buttons."
      RenderBR {BR} at (425,0) size 1x19
      RenderMenuList {SELECT} at (2,22) size 187x20 [color=#007AFF] [bgcolor=#ADD8E6]
        RenderBlock (anonymous) at (5,3) size 177x14
          RenderText at (0,0) size 166x14
            text run at (0,0) width 166: "This text should not be clipped."
