layer at (0,0) size 800x600
  RenderView at (0,0) size 800x600
layer at (0,0) size 800x600
  RenderBlock {HTML} at (0,0) size 800x600
    RenderBody {BODY} at (8,8) size 784x584
      RenderBlock (anonymous) at (0,0) size 784x40
        RenderText {#text} at (0,0) size 756x39
          text run at (0,0) width 756: "This test makes sure we don't crash when trying to get the index of an option element that has no corresponding select"
          text run at (0,20) width 55: "element."
      RenderBlock {DIV} at (0,40) size 784x40
        RenderText {#text} at (0,0) size 78x19
          text run at (0,0) width 78: "Test Passed."
        RenderBR {BR} at (77,0) size 1x19
        RenderText {#text} at (0,20) size 379x19
          text run at (0,20) width 379: "Index for option element with no corresponding select is: 0"
