layer at (0,0) size 800x600
  RenderView at (0,0) size 800x600
layer at (0,0) size 800x600
  RenderBlock {HTML} at (0,0) size 800x600
    RenderBody {BODY} at (8,8) size 784x584
      RenderBlock {P} at (0,0) size 784x20
        RenderText {#text} at (0,0) size 411x19
          text run at (0,0) width 411: "All of these selects should have the same amount of whitespace."
      RenderBlock (anonymous) at (0,36) size 784x200
        RenderText {#text} at (0,1) size 71x19
          text run at (0,1) width 71: "Five Tabs: "
        RenderMenuList {SELECT} at (72,2) size 74x20 [color=#007AFF] [bgcolor=#EBF5FF]
          RenderBlock (anonymous) at (4,3) size 65x14
            RenderText at (0,0) size 42x14
              text run at (0,0) width 42: "0 Items"
        RenderBR {BR} at (147,1) size 1x19
        RenderBR {BR} at (0,24) size 0x19
        RenderText {#text} at (0,45) size 86x19
          text run at (0,45) width 86: "Five Spaces: "
        RenderMenuList {SELECT} at (87,46) size 74x20 [color=#007AFF] [bgcolor=#EBF5FF]
          RenderBlock (anonymous) at (4,3) size 65x14
            RenderText at (0,0) size 42x14
              text run at (0,0) width 42: "0 Items"
        RenderBR {BR} at (162,45) size 1x19
        RenderBR {BR} at (0,68) size 0x19
        RenderText {#text} at (0,89) size 306x19
          text run at (0,89) width 306: "Five Spaces (with leading/trailing whitespace): "
        RenderMenuList {SELECT} at (307,90) size 89x20 [color=#007AFF] [bgcolor=#EBF5FF]
          RenderBlock (anonymous) at (5,3) size 78x14
            RenderText at (0,0) size 67x14
              text run at (0,0) width 67: "Five Spaces"
        RenderBR {BR} at (397,89) size 1x19
        RenderBR {BR} at (0,112) size 0x19
        RenderText {#text} at (0,133) size 291x19
          text run at (0,133) width 291: "Five Tabs (with leading/trailing whitespace): "
        RenderMenuList {SELECT} at (292,134) size 75x20 [color=#007AFF] [bgcolor=#EBF5FF]
          RenderBlock (anonymous) at (5,3) size 64x14
            RenderText at (0,0) size 53x14
              text run at (0,0) width 53: "Five Tabs"
        RenderBR {BR} at (368,133) size 1x19
        RenderBR {BR} at (0,156) size 0x19
        RenderText {#text} at (0,177) size 129x19
          text run at (0,177) width 129: "Mixed Whitespace: "
        RenderMenuList {SELECT} at (130,178) size 75x20 [color=#007AFF] [bgcolor=#EBF5FF]
          RenderBlock (anonymous) at (5,3) size 64x14
            RenderText at (0,0) size 53x14
              text run at (0,0) width 53: "Five Tabs"
        RenderText {#text} at (0,0) size 0x0
