layer at (0,0) size 800x600
  RenderView at (0,0) size 800x600
layer at (0,0) size 800x600
  RenderBlock {HTML} at (0,0) size 800x600
    RenderBody {BODY} at (8,8) size 784x584
      RenderText {#text} at (0,0) size 340x19
        text run at (0,0) width 109: "TEST PASSED: "
        text run at (108,0) width 232: "If the popup menu only says \"Text\"."
      RenderBR {BR} at (339,0) size 1x19
      RenderText {#text} at (0,20) size 422x19
        text run at (0,20) width 107: "TEST FAILED: "
        text run at (106,20) width 316: "If the popup menu says \"document.write('Text')\"."
      RenderBR {BR} at (421,20) size 1x19
      RenderMenuList {SELECT} at (2,42) size 46x20 [color=#007AFF] [bgcolor=#E9E9EA] [border: (1px solid #FFFFFF)]
        RenderBlock (anonymous) at (6,3) size 34x14
          RenderText at (0,0) size 22x14
            text run at (0,0) width 22: "Text"
      RenderText {#text} at (0,0) size 0x0
