layer at (0,0) size 800x600
  RenderView at (0,0) size 800x600
layer at (0,0) size 800x600
  RenderBlock {HTML} at (0,0) size 800x600
    RenderBody {BODY} at (8,8) size 784x584
      RenderText {#text} at (0,0) size 336x19
        text run at (0,0) width 336: "This tests that you can set the placeholder text color."
      RenderBR {BR} at (335,0) size 1x19
      RenderTextControl {INPUT} at (0,21) size 155x22 [bgcolor=#FFFFFF] [border: (1px solid #3C3C4399)]
      RenderText {#text} at (154,20) size 5x19
        text run at (154,20) width 5: " "
      RenderTextControl {INPUT} at (158,21) size 156x22 [bgcolor=#EEEEEF] [border: (1px solid #FFFFFF)]
        RenderFlexibleBox {DIV} at (6,3) size 143x15
          RenderBlock {DIV} at (0,1) size 11x12
          RenderBlock {DIV} at (15,0) size 127x14
          RenderBlock {DIV} at (141,7) size 0x0
      RenderText {#text} at (313,20) size 5x19
        text run at (313,20) width 5: " "
      RenderTextControl {INPUT} at (317,21) size 156x22 [bgcolor=#FFFFFF] [border: (1px solid #3C3C4399)]
        RenderFlexibleBox {DIV} at (6,3) size 143x15
          RenderBlock {DIV} at (0,0) size 142x14
      RenderText {#text} at (472,20) size 5x19
        text run at (472,20) width 5: " "
      RenderText {#text} at (0,0) size 0x0
      RenderTextControl {INPUT} at (0,43) size 155x22 [bgcolor=#FFFFFF] [border: (1px solid #3C3C4399)]
      RenderText {#text} at (154,42) size 5x20
        text run at (154,42) width 5: " "
      RenderTextControl {INPUT} at (158,43) size 156x22 [bgcolor=#FFFFFF] [border: (1px solid #3C3C4399)]
      RenderText {#text} at (0,0) size 0x0
layer at (15,32) size 141x14
  RenderBlock {DIV} at (6,3) size 143x15 [color=#640000]
    RenderText {#text} at (0,0) size 21x14
      text run at (0,0) width 21: "text"
layer at (15,32) size 141x14
  RenderBlock {DIV} at (6,3) size 143x15
layer at (188,32) size 126x14
  RenderBlock {DIV} at (21,3) size 128x15 [color=#640000]
    RenderText {#text} at (0,0) size 36x14
      text run at (0,0) width 36: "search"
layer at (188,32) size 127x14
  RenderBlock {DIV} at (0,0) size 127x14
layer at (332,32) size 141x14
  RenderBlock {DIV} at (6,3) size 143x15 [color=#640000]
    RenderText {#text} at (0,0) size 51x14
      text run at (0,0) width 51: "password"
layer at (332,32) size 142x14
  RenderBlock {DIV} at (0,0) size 142x14
layer at (15,55) size 141x14
  RenderBlock {DIV} at (6,3) size 143x15 [color=#A9A9A9]
    RenderText {#text} at (0,0) size 37x14
      text run at (0,0) width 37: "default"
layer at (15,55) size 141x14
  RenderBlock {DIV} at (6,3) size 143x15
layer at (173,55) size 141x14
  RenderBlock {DIV} at (6,3) size 143x15 [color=#A9A9A9]
    RenderText {#text} at (0,0) size 85x14
      text run at (0,0) width 85: "default disabled"
layer at (173,55) size 141x14
  RenderBlock {DIV} at (6,3) size 143x15
layer at (485,29) size 153x21
  RenderTextControl {INPUT} at (476,21) size 154x22 [color=color(srgb 0.341176 0.341176 0.341176)] [bgcolor=#FFFFFF] [border: (1px solid #3C3C4399)]
layer at (491,32) size 139x14
  RenderBlock {DIV} at (6,3) size 141x15 [color=#640000]
    RenderText {#text} at (0,0) size 68x14
      text run at (0,0) width 68: "disabled text"
layer at (491,32) size 139x14
  RenderBlock {DIV} at (6,3) size 141x15
