layer at (0,0) size 800x600
  RenderView at (0,0) size 800x600
layer at (0,0) size 800x600
  RenderBlock {HTML} at (0,0) size 800x600
    RenderBody {BODY} at (8,8) size 784x576
      RenderBlock (anonymous) at (0,0) size 784x25
        RenderTextControl {INPUT} at (0,2) size 600x22 [bgcolor=#FFFFFF] [border: (1px solid #E4E4E5)]
        RenderText {#text} at (600,1) size 4x19
          text run at (600,1) width 4: " "
        RenderBR {BR} at (604,1) size 0x19
      RenderBlock {DIV} at (0,25) size 784x20
        RenderText {#text} at (0,0) size 33x19
          text run at (0,0) width 33: "This "
        RenderInline {B} at (0,0) size 69x19
          RenderText {#text} at (32,0) size 45x19
            text run at (32,0) width 45: "styled "
          RenderInline {I} at (0,0) size 25x19
            RenderText {#text} at (76,0) size 25x19
              text run at (76,0) width 25: "text"
        RenderText {#text} at (100,0) size 36x19
          text run at (100,0) width 36: ", and "
        RenderInline {A} at (0,0) size 26x19 [color=#0000EE]
          RenderText {#text} at (135,0) size 26x19
            text run at (135,0) width 26: "link"
        RenderText {#text} at (160,0) size 414x19
          text run at (160,0) width 212: " will be pasted into the textfield. "
          text run at (371,0) width 203: "All richness should be stripped."
      RenderBlock {OL} at (0,61) size 784x40
        RenderListItem {LI} at (40,0) size 744x20
          RenderListMarker at (-21,0) size 16x19: "1"
          RenderText {#text} at (0,0) size 332x19
            text run at (0,0) width 332: "Success: document.execCommand(\"Copy\") == true"
        RenderListItem {LI} at (40,20) size 744x20
          RenderListMarker at (-21,0) size 16x19: "2"
          RenderText {#text} at (0,0) size 331x19
            text run at (0,0) width 331: "Success: document.execCommand(\"Paste\") == true"
layer at (15,13) size 587x14
  RenderBlock {DIV} at (6,3) size 588x15
    RenderText {#text} at (0,0) size 464x14
      text run at (0,0) width 464: "This styled text, and link will be pasted into the textfield. All richness should be stripped."
caret: position 94 of child 0 {#text} of child 0 {DIV} of {#document-fragment} of child 0 {INPUT} of body
