layer at (0,0) size 800x600
  RenderView at (0,0) size 800x600
layer at (0,0) size 800x600
  RenderBlock {HTML} at (0,0) size 800x600
    RenderBody {BODY} at (8,8) size 784x584
      RenderBlock (anonymous) at (0,0) size 784x0
        RenderInline {FONT} at (0,0) size 0x0
          RenderText {#text} at (0,0) size 0x0
      RenderBlock {CENTER} at (0,0) size 784x25
        RenderBlock (anonymous) at (0,0) size 784x0
          RenderInline {FONT} at (0,0) size 0x0
            RenderText {#text} at (0,0) size 0x0
        RenderBlock (anonymous) at (0,0) size 784x25
          RenderTable {TABLE} at (380,0) size 24x25
            RenderTableSection {TBODY} at (0,0) size 23x25
              RenderTableRow {TR} at (0,2) size 23x21
                RenderTableCell {TD} at (2,2) size 19x21 [r=0 c=0 rs=1 cs=1]
                  RenderImage {INPUT} at (1,1) size 17x19
                  RenderText {#text} at (0,0) size 0x0
                  RenderText {#text} at (0,0) size 0x0
        RenderBlock (anonymous) at (0,25) size 784x0
          RenderInline {FONT} at (0,0) size 0x0
          RenderText {#text} at (0,0) size 0x0
      RenderBlock {DIV} at (0,25) size 784x40
        RenderText {#text} at (0,0) size 775x39
          text run at (0,0) width 775: "Success! This test succeeds if the input named mover is not detached from its form when it is moved around in the DOM"
          text run at (0,20) width 159: "to come before the table."
