layer at (0,0) size 800x600
  RenderView at (0,0) size 800x600
layer at (0,0) size 800x600
  RenderBlock {HTML} at (0,0) size 800x600
    RenderBody {BODY} at (8,8) size 784x584
      RenderText {#text} at (0,0) size 511x19
        text run at (0,0) width 511: "This tests that the display:none style will work on a search field's cancel button."
      RenderBR {BR} at (510,0) size 1x19
      RenderTextControl {INPUT} at (2,22) size 164x20 [bgcolor=#7676801F]
        RenderFlexibleBox {DIV} at (5,2) size 154x15
          RenderBlock {DIV} at (15,0) size 138x14
      RenderText {#text} at (0,0) size 0x0
layer at (31,32) size 137x14
  RenderBlock {DIV} at (0,0) size 138x14
    RenderText {#text} at (0,0) size 21x14
      text run at (0,0) width 21: "test"
layer at (16,34) size 11x11
  RenderBlock {DIV} at (0,1) size 11x12 [bgcolor=#A9A9A9]
