layer at (0,0) size 800x600
  RenderView at (0,0) size 800x600
layer at (0,0) size 800x600
  RenderBlock {HTML} at (0,0) size 800x600
    RenderBody {BODY} at (8,8) size 784x584
      RenderBlock {P} at (0,0) size 784x20
        RenderText {#text} at (0,0) size 392x19
          text run at (0,0) width 392: "Only the second search field should have a cancel button (\x{D7})."
      RenderBlock (anonymous) at (0,36) size 784x23
        RenderTextControl {INPUT} at (2,2) size 164x20 [bgcolor=#7676801F]
          RenderFlexibleBox {DIV} at (5,2) size 154x15
            RenderBlock {DIV} at (15,0) size 138x14
            RenderBlock {DIV} at (152,7) size 0x0
        RenderText {#text} at (167,0) size 5x19
          text run at (167,0) width 5: " "
        RenderTextControl {INPUT} at (173,2) size 165x20 [bgcolor=#7676801F]
          RenderFlexibleBox {DIV} at (5,2) size 154x15
            RenderBlock {DIV} at (15,0) size 138x14
            RenderBlock {DIV} at (152,7) size 0x0
        RenderText {#text} at (0,0) size 0x0
layer at (31,48) size 137x14
  RenderBlock {DIV} at (0,0) size 138x14
layer at (203,48) size 137x14
  RenderBlock {DIV} at (0,0) size 138x14
    RenderText {#text} at (0,0) size 42x14
      text run at (0,0) width 42: "this one"
layer at (16,50) size 11x11
  RenderBlock {DIV} at (0,1) size 11x12 [bgcolor=#A9A9A9]
layer at (187,50) size 11x11
  RenderBlock {DIV} at (0,1) size 11x12 [bgcolor=#A9A9A9]
