layer at (0,0) size 800x600
  RenderView at (0,0) size 800x600
layer at (0,0) size 800x600
  RenderBlock {HTML} at (0,0) size 800x600
    RenderBody {BODY} at (8,8) size 784x576
      RenderBlock {P} at (0,0) size 784x40
        RenderText {#text} at (0,0) size 774x39
          text run at (0,0) width 433: "Test that search field text is vertically centered if the search field is "
          text run at (432,0) width 342: "taller than the text. In each of the following pairs of a"
          text run at (0,20) width 106: "search field and "
          text run at (105,20) width 366: "a text field, the vertical position of the text should be the "
          text run at (470,20) width 127: "same in both fields."
      RenderBlock {P} at (0,56) size 784x46
        RenderTextControl {INPUT} at (2,1) size 136x45 [bgcolor=#FFFFFF] [border: (1px solid #4C4C4C)]
          RenderFlexibleBox {DIV} at (6,3) size 123x38
            RenderBlock {DIV} at (0,18) size 0x0
            RenderBlock {DIV} at (0,11) size 123x15
            RenderBlock {DIV} at (122,18) size 0x0
        RenderText {#text} at (139,11) size 5x19
          text run at (139,11) width 5: " "
        RenderTextControl {INPUT} at (145,0) size 136x45 [bgcolor=#FFFFFF] [border: (1px solid #4C4C4C)]
        RenderText {#text} at (0,0) size 0x0
      RenderBlock {P} at (0,118) size 784x20
        RenderTextControl {INPUT} at (2,4) size 136x16 [bgcolor=#FFFFFF] [border: (1px solid #4C4C4C)]
          RenderFlexibleBox {DIV} at (6,0) size 123x15
            RenderBlock {DIV} at (0,7) size 0x0
            RenderBlock {DIV} at (0,0) size 123x14
            RenderBlock {DIV} at (122,7) size 0x0
        RenderText {#text} at (139,0) size 5x19
          text run at (139,0) width 5: " "
        RenderTextControl {INPUT} at (145,4) size 136x16 [bgcolor=#FFFFFF] [border: (1px solid #4C4C4C)]
        RenderText {#text} at (0,0) size 0x0
      RenderBlock {P} at (0,154) size 784x20
        RenderTextControl {INPUT} at (2,8) size 136x12 [bgcolor=#FFFFFF] [border: (1px solid #4C4C4C)]
          RenderFlexibleBox {DIV} at (6,-1) size 123x13
            RenderBlock {DIV} at (0,6) size 0x0
            RenderBlock {DIV} at (0,4) size 123x4
            RenderBlock {DIV} at (122,6) size 0x0
        RenderText {#text} at (139,0) size 5x19
          text run at (139,0) width 5: " "
        RenderTextControl {INPUT} at (145,8) size 136x12 [bgcolor=#FFFFFF] [border: (1px solid #4C4C4C)]
        RenderText {#text} at (0,0) size 0x0
layer at (17,80) size 122x14
  RenderBlock {DIV} at (0,0) size 123x14
    RenderText {#text} at (0,0) size 21x14
      text run at (0,0) width 21: "Text"
layer at (160,79) size 122x14
  RenderBlock {DIV} at (6,15) size 123x15
    RenderText {#text} at (0,0) size 21x14
      text run at (0,0) width 21: "Text"
layer at (17,130) size 122x14
  RenderBlock {DIV} at (0,0) size 123x14
    RenderText {#text} at (0,0) size 21x14
      text run at (0,0) width 21: "Text"
layer at (160,130) size 122x14
  RenderBlock {DIV} at (6,0) size 123x15
    RenderText {#text} at (0,0) size 21x14
      text run at (0,0) width 21: "Text"
layer at (17,173) size 122x4 scrollHeight 14
  RenderBlock {DIV} at (0,0) size 123x4
    RenderText {#text} at (0,0) size 21x14
      text run at (0,0) width 21: "Text"
layer at (160,173) size 122x4 scrollHeight 14
  RenderBlock {DIV} at (6,3) size 123x5
    RenderText {#text} at (0,0) size 21x14
      text run at (0,0) width 21: "Text"
