layer at (0,0) size 800x600
  RenderView at (0,0) size 800x600
layer at (0,0) size 800x43
  RenderBlock {HTML} at (0,0) size 800x43
    RenderBody {BODY} at (8,8) size 784x27
      RenderTextControl {INPUT} at (2,2) size 155x23 [bgcolor=#FFFFFF] [border: (1px solid #BDC7D8)]
        RenderFlexibleBox {DIV} at (18,4) size 133x15
          RenderBlock {DIV} at (0,2) size 11x11
          RenderBlock {DIV} at (15,0) size 118x15
          RenderBlock {DIV} at (133,7) size 0x0
      RenderText {#text} at (0,0) size 0x0
layer at (43,14) size 118x15
  RenderBlock {DIV} at (33,4) size 118x15 [color=#A9A9A9]
    RenderText {#text} at (0,0) size 98x15
      text run at (0,0) width 98: "Search for Events"
layer at (43,14) size 118x15
  RenderBlock {DIV} at (0,0) size 118x15
