layer at (0,0) size 800x600
  RenderView at (0,0) size 800x600
layer at (0,0) size 800x62
  RenderBlock {HTML} at (0,0) size 800x62
    RenderBody {BODY} at (8,8) size 784x46
      RenderBlock {DIV} at (0,0) size 784x23
        RenderText {#text} at (619,0) size 165x19
          text run at (619,0) width 9 RTL: ": "
          text run at (627,0) width 157: "right to left search fields"
        RenderTextControl {INPUT} at (455,2) size 163x20 [bgcolor=#7676801F]
          RenderFlexibleBox {DIV} at (5,2) size 152x15
            RenderBlock {DIV} at (0,0) size 136x14
            RenderBlock {DIV} at (0,7) size 0x0
        RenderText {#text} at (449,0) size 5x19
          text run at (449,0) width 5 RTL: " "
        RenderTextControl {INPUT} at (285,2) size 163x20 [bgcolor=#7676801F]
          RenderFlexibleBox {DIV} at (5,2) size 152x15
            RenderBlock {DIV} at (0,0) size 136x14
            RenderBlock {DIV} at (0,7) size 0x0
        RenderText {#text} at (0,0) size 0x0
      RenderBlock {DIV} at (0,23) size 784x23
        RenderText {#text} at (0,0) size 165x19
          text run at (0,0) width 165: "left to right search fields: "
        RenderTextControl {INPUT} at (166,2) size 165x20 [bgcolor=#7676801F]
          RenderFlexibleBox {DIV} at (5,2) size 154x15
            RenderBlock {DIV} at (15,0) size 138x14
            RenderBlock {DIV} at (152,7) size 0x0
        RenderText {#text} at (332,0) size 5x19
          text run at (332,0) width 5: " "
        RenderTextControl {INPUT} at (338,2) size 165x20 [bgcolor=#7676801F]
          RenderFlexibleBox {DIV} at (5,2) size 154x15
            RenderBlock {DIV} at (15,0) size 138x14
            RenderBlock {DIV} at (152,7) size 0x0
        RenderText {#text} at (0,0) size 0x0
layer at (469,12) size 135x14
  RenderBlock {DIV} at (0,0) size 136x14
    RenderText {#text} at (101,0) size 35x14
      text run at (101,0) width 35: "foobar"
layer at (299,12) size 135x14
  RenderBlock {DIV} at (0,0) size 136x14
    RenderText {#text} at (101,0) size 35x14
      text run at (101,0) width 35: "foobar"
layer at (196,35) size 137x14
  RenderBlock {DIV} at (0,0) size 138x14
    RenderText {#text} at (0,0) size 35x14
      text run at (0,0) width 35: "foobar"
layer at (368,35) size 137x14
  RenderBlock {DIV} at (0,0) size 138x14
    RenderText {#text} at (0,0) size 35x14
      text run at (0,0) width 35: "foobar"
layer at (609,14) size 11x11
  RenderBlock {DIV} at (139,1) size 12x12 [bgcolor=#A9A9A9]
layer at (439,14) size 11x11
  RenderBlock {DIV} at (139,1) size 12x12 [bgcolor=#A9A9A9]
layer at (180,37) size 11x11
  RenderBlock {DIV} at (0,1) size 11x12 [bgcolor=#A9A9A9]
layer at (352,37) size 11x11
  RenderBlock {DIV} at (0,1) size 11x12 [bgcolor=#A9A9A9]
