layer at (0,0) size 800x600
  RenderView at (0,0) size 800x600
layer at (0,0) size 800x600
  RenderBlock {HTML} at (0,0) size 800x600
    RenderBody {BODY} at (8,8) size 784x584
      RenderText {#text} at (0,0) size 565x19
        text run at (0,0) width 256: "This tests that styled popups look right. "
        text run at (255,0) width 310: "(Aqua for now- later, we will honor the styling)."
      RenderBR {BR} at (564,0) size 1x19
      RenderMenuList {SELECT} at (2,22) size 44x20 [color=#007AFF] [bgcolor=#FF0000]
        RenderBlock (anonymous) at (5,3) size 34x14
          RenderText at (0,0) size 23x14
            text run at (0,0) width 23: "test"
      RenderBR {BR} at (48,21) size 0x19
      RenderText {#text} at (0,44) size 541x19
        text run at (0,44) width 541: "This tests that background color is white by default regardless of the parent element."
      RenderBR {BR} at (540,44) size 1x19
      RenderInline {SPAN} at (0,0) size 62x29 [bgcolor=#FF0000]
        RenderText {#text} at (0,0) size 0x0
        RenderMenuList {SELECT} at (7,66) size 44x20 [color=#007AFF] [bgcolor=#EBF5FF]
          RenderBlock (anonymous) at (5,3) size 34x14
            RenderText at (0,0) size 23x14
              text run at (0,0) width 23: "test"
        RenderText {#text} at (53,65) size 4x19
          text run at (53,65) width 4: " "
      RenderBR {BR} at (62,65) size 0x19
      RenderText {#text} at (0,88) size 642x19
        text run at (0,88) width 642: "This tests that background color is inherited from the parent if background-color:inherit is specified."
      RenderBR {BR} at (641,88) size 1x19
      RenderInline {SPAN} at (0,0) size 62x29 [bgcolor=#FF0000]
        RenderText {#text} at (0,0) size 0x0
        RenderMenuList {SELECT} at (7,110) size 44x20 [color=#007AFF]
          RenderBlock (anonymous) at (5,3) size 34x14
            RenderText at (0,0) size 23x14
              text run at (0,0) width 23: "test"
        RenderText {#text} at (53,109) size 4x19
          text run at (53,109) width 4: " "
      RenderBR {BR} at (62,109) size 0x19
      RenderText {#text} at (0,132) size 653x19
        text run at (0,132) width 653: "This tests that background color is the same as the parent if background-color:transparent is specified."
      RenderBR {BR} at (652,132) size 1x19
      RenderInline {SPAN} at (0,0) size 50x29 [bgcolor=#FF0000]
        RenderText {#text} at (0,0) size 0x0
        RenderMenuList {SELECT} at (7,156) size 32x14 [color=#007AFF]
          RenderBlock (anonymous) at (4,0) size 24x14
            RenderText at (0,0) size 23x14
              text run at (0,0) width 23: "test"
        RenderText {#text} at (40,152) size 5x19
          text run at (40,152) width 5: " "
      RenderBR {BR} at (49,152) size 1x19
      RenderText {#text} at (0,172) size 509x19
        text run at (0,172) width 509: "This tests that background is white if only background-image:none is specified."
      RenderBR {BR} at (508,172) size 1x19
      RenderMenuList {SELECT} at (2,194) size 44x20 [color=#007AFF] [bgcolor=#EBF5FF]
        RenderBlock (anonymous) at (5,3) size 34x14
          RenderText at (0,0) size 23x14
            text run at (0,0) width 23: "test"
      RenderBR {BR} at (48,193) size 0x19
      RenderText {#text} at (0,216) size 430x19
        text run at (0,216) width 430: "This tests that the image specified for background-image is visible."
      RenderBR {BR} at (429,216) size 1x19
      RenderMenuList {SELECT} at (2,238) size 32x14 [color=#007AFF] [bgcolor=#EBF5FF]
        RenderBlock (anonymous) at (4,0) size 24x14
          RenderText at (0,0) size 23x14
            text run at (0,0) width 23: "test"
      RenderText {#text} at (0,0) size 0x0
