layer at (0,0) size 800x600
  RenderView at (0,0) size 800x600
layer at (0,0) size 800x600
  RenderBlock {HTML} at (0,0) size 800x600
    RenderBody {BODY} at (8,8) size 784x584
      RenderText {#text} at (0,0) size 98x19
        text run at (0,0) width 98: "initial selected:"
      RenderBR {BR} at (97,0) size 1x19
      RenderMenuList {SELECT} at (2,22) size 146x20 [color=#007AFF] [bgcolor=#E9E9EA] [border: (1px solid #FFFFFF)]
        RenderBlock (anonymous) at (6,3) size 134x14
          RenderText at (0,0) size 122x14
            text run at (0,0) width 122: "this should be selected"
      RenderBR {BR} at (150,21) size 0x19
      RenderText {#text} at (0,44) size 165x19
        text run at (0,44) width 165: "dynamic selected change:"
      RenderBR {BR} at (164,44) size 1x19
      RenderMenuList {SELECT} at (2,66) size 146x20 [color=#007AFF] [bgcolor=#E9E9EA] [border: (1px solid #FFFFFF)]
        RenderBlock (anonymous) at (6,3) size 134x14
          RenderText at (0,0) size 122x14
            text run at (0,0) width 122: "this should be selected"
      RenderText {#text} at (150,65) size 4x19
        text run at (150,65) width 4: " "
      RenderBR {BR} at (154,65) size 0x19
      RenderText {#text} at (0,88) size 217x19
        text run at (0,88) width 217: "dynamic insert of selected option:"
      RenderBR {BR} at (216,88) size 1x19
      RenderMenuList {SELECT} at (2,110) size 146x20 [color=#007AFF] [bgcolor=#E9E9EA] [border: (1px solid #FFFFFF)]
        RenderBlock (anonymous) at (6,3) size 134x14
          RenderText at (0,0) size 122x14
            text run at (0,0) width 122: "this should be selected"
      RenderBR {BR} at (150,109) size 0x19
      RenderText {#text} at (0,132) size 98x19
        text run at (0,132) width 98: "initial selected:"
      RenderBR {BR} at (97,132) size 1x19
      RenderMenuList {SELECT} at (2,154) size 146x20 [color=#007AFF] [bgcolor=#E9E9EA] [border: (1px solid #FFFFFF)]
        RenderBlock (anonymous) at (6,3) size 134x14
          RenderText at (0,0) size 122x14
            text run at (0,0) width 122: "this should be selected"
      RenderBR {BR} at (150,153) size 0x19
      RenderText {#text} at (0,176) size 165x19
        text run at (0,176) width 165: "dynamic selected change:"
      RenderBR {BR} at (164,176) size 1x19
      RenderMenuList {SELECT} at (2,198) size 146x20 [color=#007AFF] [bgcolor=#E9E9EA] [border: (1px solid #FFFFFF)]
        RenderBlock (anonymous) at (6,3) size 134x14
          RenderText at (0,0) size 122x14
            text run at (0,0) width 122: "this should be selected"
      RenderText {#text} at (150,197) size 4x19
        text run at (150,197) width 4: " "
      RenderBR {BR} at (154,197) size 0x19
      RenderText {#text} at (0,220) size 217x19
        text run at (0,220) width 217: "dynamic insert of selected option:"
      RenderBR {BR} at (216,220) size 1x19
      RenderMenuList {SELECT} at (2,242) size 146x20 [color=#007AFF] [bgcolor=#E9E9EA] [border: (1px solid #FFFFFF)]
        RenderBlock (anonymous) at (6,3) size 134x14
          RenderText at (0,0) size 122x14
            text run at (0,0) width 122: "this should be selected"
      RenderText {#text} at (0,0) size 0x0
