layer at (0,0) size 800x600
  RenderView at (0,0) size 800x600
layer at (0,0) size 800x40
  RenderBlock {HTML} at (0,0) size 800x40
    RenderBody {BODY} at (8,8) size 784x24
      RenderMenuList {SELECT} at (2,2) size 24x20 [color=#007AFF] [bgcolor=#E9E9EA] [border: (1px solid #FFFFFF)]
        RenderBlock (anonymous) at (6,3) size 12x14
          RenderText at (0,0) size 0x14
            text run at (0,0) width 0: " "
      RenderText {#text} at (0,0) size 0x0
