layer at (0,0) size 800x600
  RenderView at (0,0) size 800x600
layer at (0,0) size 800x600
  RenderBlock {HTML} at (0,0) size 800x600
    RenderBody {BODY} at (8,8) size 784x584
      RenderBlock {P} at (0,0) size 784x40
        RenderText {#text} at (0,0) size 54x19
          text run at (0,0) width 54: "Test for "
        RenderInline {I} at (0,0) size 716x39
          RenderInline {A} at (53,0) size 305x19 [color=#0000EE]
            RenderText {#text} at (53,0) size 305x19
              text run at (53,0) width 305: "http://bugs.webkit.org/show_bug.cgi?id=13775"
          RenderText {#text} at (0,0) size 716x39
            text run at (357,0) width 5: " "
            text run at (361,0) width 355: "REGRESSION: Popup button text should use \"natural\""
            text run at (0,20) width 330: "directionality to match the items in the popup menu"
        RenderText {#text} at (329,20) size 5x19
          text run at (329,20) width 5: "."
      RenderBlock {DIV} at (0,56) size 784x42
        RenderBlock {DIV} at (0,0) size 784x21
          RenderMenuList {SELECT} at (0,1) size 70x20 [color=#007AFF] [bgcolor=#E9E9EA] [border: (1px solid #FFFFFF)]
            RenderBlock (anonymous) at (6,3) size 58x14
              RenderText at (0,0) size 15x14
                text run at (0,0) width 8 RTL: "\x{5D0}"
                text run at (7,0) width 8: "A"
          RenderText {#text} at (70,0) size 4x19
            text run at (70,0) width 4: " "
          RenderMenuList {SELECT} at (74,1) size 70x20 [color=#007AFF] [bgcolor=#E9E9EA] [border: (1px solid #FFFFFF)]
            RenderBlock (anonymous) at (6,3) size 58x14
              RenderText at (0,0) size 15x14
                text run at (0,0) width 8: "A"
                text run at (7,0) width 8 RTL: "\x{5D0}"
          RenderText {#text} at (144,0) size 4x19
            text run at (144,0) width 4: " "
          RenderMenuList {SELECT} at (148,1) size 70x20 [color=#007AFF] [bgcolor=#E9E9EA] [border: (1px solid #FFFFFF)]
            RenderBlock (anonymous) at (6,3) size 58x14
              RenderText at (0,0) size 19x14
                text run at (0,0) width 5: "("
                text run at (4,0) width 8 RTL: "\x{5D0}"
                text run at (11,0) width 8: "A"
          RenderText {#text} at (218,0) size 4x19
            text run at (218,0) width 4: " "
          RenderMenuList {SELECT} at (222,1) size 70x20 [color=#007AFF] [bgcolor=#E9E9EA] [border: (1px solid #FFFFFF)]
            RenderBlock (anonymous) at (6,3) size 58x14
              RenderText at (0,0) size 19x14
                text run at (0,0) width 12: "(A"
                text run at (11,0) width 8 RTL: "\x{5D0}"
          RenderText {#text} at (0,0) size 0x0
        RenderBlock {DIV} at (0,21) size 784x21
          RenderMenuList {SELECT} at (492,1) size 70x20 [color=#007AFF] [bgcolor=#E9E9EA] [border: (1px solid #FFFFFF)]
            RenderBlock (anonymous) at (6,3) size 58x14
              RenderText at (0,0) size 15x14
                text run at (0,0) width 8 RTL: "\x{5D0}"
                text run at (7,0) width 8: "A"
          RenderText {#text} at (562,0) size 4x19
            text run at (562,0) width 4: " "
          RenderMenuList {SELECT} at (566,1) size 70x20 [color=#007AFF] [bgcolor=#E9E9EA] [border: (1px solid #FFFFFF)]
            RenderBlock (anonymous) at (6,3) size 58x14
              RenderText at (0,0) size 15x14
                text run at (0,0) width 8: "A"
                text run at (7,0) width 8 RTL: "\x{5D0}"
          RenderText {#text} at (636,0) size 4x19
            text run at (636,0) width 4: " "
          RenderMenuList {SELECT} at (640,1) size 70x20 [color=#007AFF] [bgcolor=#E9E9EA] [border: (1px solid #FFFFFF)]
            RenderBlock (anonymous) at (6,3) size 58x14
              RenderText at (0,0) size 19x14
                text run at (0,0) width 5: "("
                text run at (4,0) width 8 RTL: "\x{5D0}"
                text run at (11,0) width 8: "A"
          RenderText {#text} at (710,0) size 4x19
            text run at (710,0) width 4: " "
          RenderMenuList {SELECT} at (714,1) size 70x20 [color=#007AFF] [bgcolor=#E9E9EA] [border: (1px solid #FFFFFF)]
            RenderBlock (anonymous) at (6,3) size 58x14
              RenderText at (0,0) size 19x14
                text run at (0,0) width 12: "(A"
                text run at (11,0) width 8 RTL: "\x{5D0}"
          RenderText {#text} at (0,0) size 0x0
      RenderBlock {DIV} at (0,98) size 784x42
        RenderBlock {DIV} at (0,0) size 784x21
          RenderMenuList {SELECT} at (222,1) size 70x20 [color=#007AFF] [bgcolor=#E9E9EA] [border: (1px solid #FFFFFF)]
            RenderBlock (anonymous) at (6,3) size 58x14
              RenderText at (43,0) size 15x14
                text run at (43,0) width 8: "A"
                text run at (50,0) width 8 RTL: "\x{5D0}"
          RenderText {#text} at (218,0) size 4x19
            text run at (218,0) width 4 RTL: " "
          RenderMenuList {SELECT} at (148,1) size 70x20 [color=#007AFF] [bgcolor=#E9E9EA] [border: (1px solid #FFFFFF)]
            RenderBlock (anonymous) at (6,3) size 58x14
              RenderText at (43,0) size 15x14
                text run at (43,0) width 8 RTL: "\x{5D0}"
                text run at (50,0) width 8: "A"
          RenderText {#text} at (144,0) size 4x19
            text run at (144,0) width 4 RTL: " "
          RenderMenuList {SELECT} at (74,1) size 70x20 [color=#007AFF] [bgcolor=#E9E9EA] [border: (1px solid #FFFFFF)]
            RenderBlock (anonymous) at (6,3) size 58x14
              RenderText at (39,0) size 19x14
                text run at (39,0) width 8: "A"
                text run at (46,0) width 12 RTL: "(\x{5D0}"
          RenderText {#text} at (70,0) size 4x19
            text run at (70,0) width 4 RTL: " "
          RenderMenuList {SELECT} at (0,1) size 70x20 [color=#007AFF] [bgcolor=#E9E9EA] [border: (1px solid #FFFFFF)]
            RenderBlock (anonymous) at (6,3) size 58x14
              RenderText at (39,0) size 19x14
                text run at (39,0) width 8 RTL: "\x{5D0}"
                text run at (46,0) width 8: "A"
                text run at (53,0) width 5 RTL: "("
          RenderText {#text} at (0,0) size 0x0
        RenderBlock {DIV} at (0,21) size 784x21
          RenderMenuList {SELECT} at (714,1) size 70x20 [color=#007AFF] [bgcolor=#E9E9EA] [border: (1px solid #FFFFFF)]
            RenderBlock (anonymous) at (6,3) size 58x14
              RenderText at (43,0) size 15x14
                text run at (43,0) width 8: "A"
                text run at (50,0) width 8 RTL: "\x{5D0}"
          RenderText {#text} at (710,0) size 4x19
            text run at (710,0) width 4 RTL: " "
          RenderMenuList {SELECT} at (640,1) size 70x20 [color=#007AFF] [bgcolor=#E9E9EA] [border: (1px solid #FFFFFF)]
            RenderBlock (anonymous) at (6,3) size 58x14
              RenderText at (43,0) size 15x14
                text run at (43,0) width 8 RTL: "\x{5D0}"
                text run at (50,0) width 8: "A"
          RenderText {#text} at (636,0) size 4x19
            text run at (636,0) width 4 RTL: " "
          RenderMenuList {SELECT} at (566,1) size 70x20 [color=#007AFF] [bgcolor=#E9E9EA] [border: (1px solid #FFFFFF)]
            RenderBlock (anonymous) at (6,3) size 58x14
              RenderText at (39,0) size 19x14
                text run at (39,0) width 8: "A"
                text run at (46,0) width 12 RTL: "(\x{5D0}"
          RenderText {#text} at (562,0) size 4x19
            text run at (562,0) width 4 RTL: " "
          RenderMenuList {SELECT} at (492,1) size 70x20 [color=#007AFF] [bgcolor=#E9E9EA] [border: (1px solid #FFFFFF)]
            RenderBlock (anonymous) at (6,3) size 58x14
              RenderText at (39,0) size 19x14
                text run at (39,0) width 8 RTL: "\x{5D0}"
                text run at (46,0) width 8: "A"
                text run at (53,0) width 5 RTL: "("
          RenderText {#text} at (0,0) size 0x0
