layer at (0,0) size 800x600
  RenderView at (0,0) size 800x600
layer at (0,0) size 800x600
  RenderBlock {HTML} at (0,0) size 800x600
    RenderBody {BODY} at (8,8) size 784x584
      RenderText {#text} at (0,0) size 454x19
        text run at (0,0) width 454: "This tests that you can dynamically change a popup menu to a list box."
      RenderBR {BR} at (453,0) size 1x19
      RenderMenuList {SELECT} at (2,22) size 179x20 [color=#007AFF] [bgcolor=#E9E9EA]
        RenderBlock (anonymous) at (5,3) size 169x14
          RenderText at (0,0) size 158x14
            text run at (0,0) width 158: "This should turn into a list box"
      RenderText {#text} at (0,0) size 0x0
