layer at (0,0) size 800x600
  RenderView at (0,0) size 800x600
layer at (0,0) size 800x600
  RenderBlock {HTML} at (0,0) size 800x600
    RenderBody {BODY} at (8,8) size 784x584
      RenderBlock {P} at (0,0) size 784x40
        RenderText {#text} at (0,0) size 54x19
          text run at (0,0) width 54: "Test for "
        RenderInline {I} at (0,0) size 782x39
          RenderInline {A} at (0,0) size 305x19 [color=#0000EE]
            RenderText {#text} at (53,0) size 305x19
              text run at (53,0) width 305: "http://bugs.webkit.org/show_bug.cgi?id=12364"
          RenderText {#text} at (357,0) size 782x39
            text run at (357,0) width 5: " "
            text run at (361,0) width 421: "REGRESSSION (NativeListBox): Selected option's background is"
            text run at (0,20) width 163: "not clipped to the list box"
        RenderText {#text} at (162,20) size 5x19
          text run at (162,20) width 5: "."
      RenderBlock (anonymous) at (0,56) size 784x23
        RenderMenuList {SELECT} at (2,0) size 58x23 [color=#007AFF] [bgcolor=#E9E9EA] [border: (3px solid #0000FF)]
          RenderBlock (anonymous) at (8,4) size 42x15
            RenderText at (0,0) size 0x14
              text run at (0,0) width 0: " "
        RenderText {#text} at (0,0) size 0x0
        RenderText {#text} at (0,0) size 0x0
