layer at (0,0) size 800x600
  RenderView at (0,0) size 800x600
layer at (0,0) size 800x600
  RenderBlock {HTML} at (0,0) size 800x600
    RenderBody {BODY} at (8,8) size 784x584
      RenderBlock {P} at (0,0) size 784x40
        RenderText {#text} at (0,0) size 54x19
          text run at (0,0) width 54: "Test for "
        RenderInline {I} at (0,0) size 745x39
          RenderInline {A} at (0,0) size 305x19 [color=#0000EE]
            RenderText {#text} at (53,0) size 305x19
              text run at (53,0) width 305: "http://bugs.webkit.org/show_bug.cgi?id=12986"
          RenderText {#text} at (357,0) size 746x39
            text run at (357,0) width 5: " "
            text run at (361,0) width 385: "REGRESSION(NativeListBox): Listboxes not updated when"
            text run at (0,20) width 127: "resized dynamically"
        RenderText {#text} at (126,20) size 5x19
          text run at (126,20) width 5: "."
      RenderBlock {P} at (0,56) size 784x20
        RenderText {#text} at (0,0) size 324x19
          text run at (0,0) width 324: "This list box should be tall enough to fit 6 options."
      RenderBlock (anonymous) at (0,92) size 784x24
        RenderMenuList {SELECT} at (2,2) size 55x20 [color=#007AFF] [bgcolor=#E9E9EA] [border: (1px solid #FFFFFF)]
          RenderBlock (anonymous) at (6,3) size 43x14
            RenderText at (0,0) size 0x14
              text run at (0,0) width 0: " "
        RenderText {#text} at (0,0) size 0x0
        RenderText {#text} at (0,0) size 0x0
