layer at (0,0) size 800x600
  RenderView at (0,0) size 800x600
layer at (0,0) size 800x600
  RenderBlock {HTML} at (0,0) size 800x600
    RenderBody {BODY} at (8,8) size 784x584
      RenderText {#text} at (0,0) size 450x19
        text run at (0,0) width 450: "This tests that you can dynamically change a list box to a popup menu"
      RenderBR {BR} at (449,0) size 1x19
      RenderMenuList {SELECT} at (2,22) size 207x20 [color=#007AFF] [bgcolor=#78788029]
        RenderBlock (anonymous) at (5,3) size 197x14
          RenderText at (0,0) size 186x14
            text run at (0,0) width 186: "This should turn into a popup menu"
      RenderText {#text} at (0,0) size 0x0
