layer at (0,0) size 800x600
  RenderView at (0,0) size 800x600
layer at (0,0) size 800x600
  RenderBlock {HTML} at (0,0) size 800x600
    RenderBody {BODY} at (8,8) size 784x584
      RenderBlock (anonymous) at (0,0) size 784x20
        RenderText {#text} at (0,0) size 551x19
          text run at (0,0) width 551: "This tests that backgrounds for list box items draw correctly when a list box is a block"
        RenderBR {BR} at (551,0) size 0x19
      RenderMenuList {SELECT} at (2,22) size 51x20 [color=#007AFF] [bgcolor=#EBF5FF]
        RenderBlock (anonymous) at (4,3) size 43x14
          RenderText at (0,0) size 31x14
            text run at (0,0) width 31: "Item1"
