layer at (0,0) size 800x600
  RenderView at (0,0) size 800x600
layer at (0,0) size 800x34
  RenderBlock {HTML} at (0,0) size 800x34
    RenderBody {BODY} at (8,8) size 784x18 [bgcolor=#666666]
      RenderMenuList {SELECT} at (2,2) size 17x14 [color=#007AFF]
        RenderBlock (anonymous) at (4,0) size 9x14
          RenderText at (0,0) size 6x14
            text run at (0,0) width 6: "1"
      RenderText {#text} at (0,0) size 0x0
