layer at (0,0) size 800x600
  RenderView at (0,0) size 800x600
layer at (0,0) size 800x600
  RenderBlock {HTML} at (0,0) size 800x600
    RenderBody {BODY} at (8,8) size 784x584
      RenderMenuList {SELECT} at (2,2) size 32x14 [color=#007AFF] [bgcolor=#78788029]
        RenderBlock (anonymous) at (4,0) size 24x14
          RenderText at (0,0) size 0x14
            text run at (0,0) width 0: " "
      RenderText {#text} at (0,0) size 0x0
      RenderText {#text} at (0,0) size 0x0
