layer at (0,0) size 800x600
  RenderView at (0,0) size 800x600
layer at (0,0) size 800x600
  RenderBlock {HTML} at (0,0) size 800x600
    RenderBody {BODY} at (8,8) size 784x584
      RenderMenuList {SELECT} at (2,2) size 56x20 [color=#007AFF] [bgcolor=#EBF5FF]
        RenderBlock (anonymous) at (5,3) size 46x14
          RenderText at (0,0) size 23x14
            text run at (0,0) width 23: "One"
      RenderBR {BR} at (60,1) size 0x19
      RenderMenuList {SELECT} at (2,26) size 56x20 [color=#007AFF] [bgcolor=#EBF5FF]
        RenderBlock (anonymous) at (5,3) size 46x14
          RenderText at (0,0) size 23x14
            text run at (0,0) width 23: "One"
      RenderText {#text} at (0,0) size 0x0
