layer at (0,0) size 800x600
  RenderView at (0,0) size 800x600
layer at (0,0) size 800x600
  RenderBlock {HTML} at (0,0) size 800x600
    RenderBody {BODY} at (8,8) size 784x584
      RenderBlock {DIV} at (0,0) size 784x40
        RenderText {#text} at (0,0) size 752x39
          text run at (0,0) width 752: "This text area should be drawn with a reasonable width. To match IE, using GDI fonts it should wrap at 66 characters"
          text run at (0,20) width 581: "(after the X in the third set of digits). See https://bugs.webkit.org/show_bug.cgi?id=15312."
      RenderBlock (anonymous) at (0,40) size 784x306
        RenderBR {BR} at (0,0) size 0x19
        RenderText {#text} at (0,0) size 0x0
layer at (8,68) size 452x286 clip at (9,69) size 450x284
  RenderTextControl {TEXTAREA} at (0,20) size 452x286 [color=#333333] [bgcolor=#FFFFFF] [border: (1px solid #3C3C4399)]
    RenderBlock {DIV} at (6,3) size 440x42
      RenderText {#text} at (0,0) size 437x28
        text run at (0,0) width 437: "1234567890abcdefghijABCDEFGHIJ1234567890abcdefghijABCDEFGHIJ12345X7890ab"
        text run at (0,14) width 284: "cdefghijABCDEFGXIJ1234567890abcdefghijABCDEFGHIJ"
        text run at (283,14) width 1: " "
      RenderBR {BR} at (0,28) size 0x14
