layer at (0,0) size 800x600
  RenderView at (0,0) size 800x600
layer at (0,0) size 800x600
  RenderBlock {HTML} at (0,0) size 800x600
    RenderBody {BODY} at (8,8) size 784x584
      RenderBlock {P} at (0,0) size 784x40
        RenderText {#text} at (0,0) size 760x39
          text run at (0,0) width 760: "Assuming the port-specific theme draws focus rings, this test can be used to ensure that a focus ring is drawn for a text"
          text run at (0,20) width 614: "input element. This test PASSED if a focus ring is drawn around the text input element (below)."
      RenderBlock (anonymous) at (0,56) size 784x22
        RenderTextControl {INPUT} at (0,0) size 155x22 [bgcolor=#FFFFFF] [border: (1px solid #3C3C4399)]
        RenderText {#text} at (0,0) size 0x0
layer at (15,67) size 141x14
  RenderBlock {DIV} at (6,3) size 143x15
caret: position 0 of child 0 {DIV} of {#document-fragment} of child 3 {INPUT} of body
