layer at (0,0) size 800x600
  RenderView at (0,0) size 800x600
layer at (0,0) size 800x600
  RenderBlock {HTML} at (0,0) size 800x600
    RenderBody {BODY} at (8,8) size 784x584
      RenderText {#text} at (0,0) size 563x19
        text run at (0,0) width 563: "This tests that a negative outline-offset won't get in the way of a cursor in a text control."
      RenderBR {BR} at (562,0) size 1x19
      RenderTextControl {INPUT} at (2,22) size 265x37 [bgcolor=#FFFFFF] [border: (1px solid #000000)]
      RenderText {#text} at (0,0) size 0x0
layer at (21,35) size 243x25 scrollX 270 scrollWidth 511
  RenderBlock {DIV} at (11,5) size 243x25
    RenderText {#text} at (0,0) size 509x25
      text run at (0,0) width 509: "This tests that typing doesn't cut holes in the focus outline"
caret: position 61 of child 0 {#text} of child 0 {DIV} of {#document-fragment} of child 3 {INPUT} of body
