layer at (0,0) size 800x600
  RenderView at (0,0) size 800x600
layer at (0,0) size 800x600
  RenderBlock {HTML} at (0,0) size 800x600
    RenderBody {BODY} at (8,8) size 784x584
      RenderText {#text} at (0,0) size 336x19
        text run at (0,0) width 336: "This tests that you can set the placeholder text color."
      RenderBR {BR} at (335,0) size 1x19
      RenderText {#text} at (153,39) size 4x19
        text run at (153,39) width 4: " "
      RenderText {#text} at (310,39) size 4x19
        text run at (310,39) width 4: " "
      RenderText {#text} at (467,39) size 4x19
        text run at (467,39) width 4: " "
      RenderText {#text} at (0,0) size 0x0
layer at (8,28) size 153x34 clip at (9,29) size 151x32
  RenderTextControl {TEXTAREA} at (0,20) size 153x34 [bgcolor=#FFFFFF] [border: (1px solid #3C3C4399)]
    RenderBlock {DIV} at (6,3) size 141x14
    RenderBlock {DIV} at (6,3) size 141x14 [color=#640000]
      RenderText {#text} at (0,0) size 21x14
        text run at (0,0) width 21: "text"
layer at (322,28) size 153x34 clip at (323,29) size 151x32
  RenderTextControl {TEXTAREA} at (314,20) size 153x34 [bgcolor=#FFFFFF] [border: (1px solid #3C3C4399)]
    RenderBlock {DIV} at (6,3) size 141x14
    RenderBlock {DIV} at (6,3) size 141x14 [color=#A9A9A9]
      RenderText {#text} at (0,0) size 37x14
        text run at (0,0) width 37: "default"
layer at (165,28) size 153x34 clip at (166,29) size 151x32
  RenderTextControl {TEXTAREA} at (157,20) size 153x34 [color=color(srgb 0.341176 0.341176 0.341176)] [bgcolor=#FFFFFF] [border: (1px solid #3C3C4399)]
    RenderBlock {DIV} at (6,3) size 141x14
    RenderBlock {DIV} at (6,3) size 141x14 [color=#640000]
      RenderText {#text} at (0,0) size 68x14
        text run at (0,0) width 68: "disabled text"
layer at (479,28) size 153x34 clip at (480,29) size 151x32
  RenderTextControl {TEXTAREA} at (471,20) size 153x34 [color=color(srgb 0.341176 0.341176 0.341176)] [bgcolor=#FFFFFF] [border: (1px solid #3C3C4399)]
    RenderBlock {DIV} at (6,3) size 141x14
    RenderBlock {DIV} at (6,3) size 141x14 [color=#A9A9A9]
      RenderText {#text} at (0,0) size 85x14
        text run at (0,0) width 85: "default disabled"
