layer at (0,0) size 800x600
  RenderView at (0,0) size 800x600
layer at (0,0) size 800x600
  RenderBlock {HTML} at (0,0) size 800x600
    RenderBody {BODY} at (8,8) size 784x584
      RenderText {#text} at (0,0) size 449x19
        text run at (0,0) width 449: "This tests that a scrollbar will appear when text overflows the textarea"
      RenderBR {BR} at (448,0) size 1x19
      RenderText {#text} at (0,0) size 0x0
layer at (10,30) size 168x90 clip at (11,31) size 151x88 scrollHeight 130
  RenderTextControl {TEXTAREA} at (2,22) size 168x90 [bgcolor=#FFFFFF] [border: (1px solid #E4E4E5)]
    RenderBlock {DIV} at (6,3) size 141x126
      RenderText {#text} at (0,0) size 8x56
        text run at (0,0) width 6: "1"
        text run at (5,0) width 1: " "
        text run at (0,14) width 7: "2"
        text run at (6,14) width 1: " "
        text run at (0,28) width 7: "3"
        text run at (6,28) width 1: " "
        text run at (0,42) width 8: "4"
        text run at (7,42) width 1: " "
      RenderText {#text} at (0,56) size 7x14
        text run at (0,56) width 7: "5"
      RenderText {#text} at (6,56) size 1x14
        text run at (6,56) width 1: " "
      RenderText {#text} at (0,70) size 8x14
        text run at (0,70) width 8: "6"
      RenderText {#text} at (7,70) size 1x14
        text run at (7,70) width 1: " "
      RenderText {#text} at (0,84) size 7x14
        text run at (0,84) width 7: "7"
      RenderText {#text} at (6,84) size 1x14
        text run at (6,84) width 1: " "
      RenderText {#text} at (0,98) size 8x14
        text run at (0,98) width 8: "8"
      RenderText {#text} at (7,98) size 1x14
        text run at (7,98) width 1: " "
      RenderText {#text} at (0,112) size 0x14
        text run at (0,112) width 0: " "
caret: position 0 of child 9 {#text} of child 0 {DIV} of {#document-fragment} of child 3 {TEXTAREA} of body
