layer at (0,0) size 800x600
  RenderView at (0,0) size 800x600
layer at (0,0) size 800x600
  RenderBlock {HTML} at (0,0) size 800x600
    RenderBody {BODY} at (8,8) size 784x584
      RenderBlock {P} at (0,0) size 784x20
        RenderText {#text} at (0,0) size 640x19
          text run at (0,0) width 640: "The following textarea elements should all be rendered on the left, with their text aligned to the left."
      RenderBlock (anonymous) at (0,36) size 784x136
        RenderBR {BR} at (363,19) size 0x19
        RenderBR {BR} at (363,53) size 0x19
        RenderText {#text} at (0,0) size 0x0
        RenderBR {BR} at (363,87) size 0x19
        RenderText {#text} at (0,0) size 0x0
        RenderText {#text} at (0,0) size 0x0
      RenderBlock {DIV} at (0,172) size 784x34
layer at (8,44) size 363x34 clip at (9,45) size 361x32
  RenderTextControl {TEXTAREA} at (0,0) size 363x34 [bgcolor=#FFFFFF] [border: (1px solid #3C3C4399)]
    RenderBlock {DIV} at (6,3) size 351x14
      RenderText {#text} at (0,0) size 188x14
        text run at (0,0) width 188: "This is should be aligned to the left."
layer at (8,78) size 363x34 clip at (9,79) size 361x32
  RenderTextControl {TEXTAREA} at (0,34) size 363x34 [bgcolor=#FFFFFF] [border: (1px solid #3C3C4399)]
    RenderBlock {DIV} at (6,3) size 351x14
      RenderText {#text} at (0,0) size 188x14
        text run at (0,0) width 188: "This is should be aligned to the left."
layer at (8,112) size 363x34 clip at (9,113) size 361x32
  RenderTextControl {TEXTAREA} at (0,68) size 363x34 [bgcolor=#FFFFFF] [border: (1px solid #3C3C4399)]
    RenderBlock {DIV} at (6,3) size 351x14
      RenderText {#text} at (0,0) size 188x14
        text run at (0,0) width 188: "This is should be aligned to the left."
layer at (8,146) size 363x34 clip at (9,147) size 361x32
  RenderTextControl {TEXTAREA} at (0,102) size 363x34 [bgcolor=#FFFFFF] [border: (1px solid #3C3C4399)]
    RenderBlock {DIV} at (6,3) size 351x14
      RenderText {#text} at (0,0) size 188x14
        text run at (0,0) width 188: "This is should be aligned to the left."
layer at (8,180) size 363x34 clip at (9,181) size 361x32
  RenderTextControl {TEXTAREA} at (0,0) size 363x34 [bgcolor=#FFFFFF] [border: (1px solid #3C3C4399)]
    RenderBlock {DIV} at (6,3) size 351x14
      RenderText {#text} at (0,0) size 188x14
        text run at (0,0) width 188: "This is should be aligned to the left."
