layer at (0,0) size 800x600
  RenderView at (0,0) size 800x600
layer at (0,0) size 800x600
  RenderBlock {HTML} at (0,0) size 800x600
    RenderBody {BODY} at (8,8) size 784x584
      RenderBlock {P} at (0,0) size 784x40
        RenderText {#text} at (0,0) size 218x19
          text run at (0,0) width 218: "This tests for a regression against "
        RenderInline {I} at (0,0) size 783x39
          RenderInline {A} at (0,0) size 354x19 [color=#0000EE]
            RenderText {#text} at (217,0) size 354x19
              text run at (217,0) width 354: "http://bugzilla.opendarwin.org/show_bug.cgi?id=8076"
          RenderText {#text} at (570,0) size 783x39
            text run at (570,0) width 213: " REGRESSION: native text fields"
            text run at (0,20) width 251: "are reversed on \"visual Hebrew\" pages"
        RenderText {#text} at (250,20) size 5x19
          text run at (250,20) width 5: "."
      RenderBlock {HR} at (0,56) size 784x2 [border: (1px inset #000000)]
      RenderBlock {P} at (0,74) size 784x20
        RenderText {#text} at (0,0) size 279x19
          text run at (0,0) width 279: "Text in the field should look like this: \x{5E8}\x{5D5}\x{5EA}\x{5E4}\x{5DB}"
      RenderBlock (anonymous) at (0,110) size 784x25
        RenderTextControl {INPUT} at (2,2) size 136x22 [bgcolor=#FFFFFF] [border: (1px solid #4C4C4C)]
        RenderText {#text} at (0,0) size 0x0
layer at (17,122) size 122x15
  RenderBlock {DIV} at (6,2) size 123x16
    RenderText {#text} at (0,0) size 27x14
      text run at (0,0) width 27 RTL: "\x{5DB}\x{5E4}\x{5EA}\x{5D5}\x{5E8}"
