layer at (0,0) size 800x600
  RenderView at (0,0) size 800x600
layer at (0,0) size 800x368
  RenderBlock {HTML} at (0,0) size 800x368
    RenderBody {BODY} at (8,16) size 784x344
      RenderBlock {P} at (0,0) size 784x36
        RenderText {#text} at (0,0) size 769x36
          text run at (0,0) width 769: "Test passes if the images of all the cats scroll when the box is scrolled. (Presence of cats behind the double border is UA"
          text run at (0,18) width 76: "dependent)."
      RenderBlock {DIV} at (0,344) size 784x0
layer at (8,68) size 292x292 clip at (58,118) size 177x177 scrollY 111 scrollHeight 288
  RenderBlock {DIV} at (0,52) size 292x292 [border: (50px double #000000)]
    RenderText {#text} at (50,50) size 177x288
      text run at (50,50) width 142: "Filler Text Filler Text "
      text run at (191,50) width 36: "Filler"
      text run at (50,68) width 170: "Text Filler Text Filler Text"
      text run at (50,86) width 177: "Filler Text Filler Text Filler"
      text run at (50,104) width 33: "Text "
      text run at (82,104) width 138: "Filler Text Filler Text"
      text run at (50,122) width 71: "Filler Text "
      text run at (120,122) width 107: "Filler Text Filler"
      text run at (50,140) width 104: "Text Filler Text "
      text run at (153,140) width 67: "Filler Text"
      text run at (50,158) width 142: "Filler Text Filler Text "
      text run at (191,158) width 36: "Filler"
      text run at (50,176) width 170: "Text Filler Text Filler Text"
      text run at (50,194) width 177: "Filler Text Filler Text Filler"
      text run at (50,212) width 33: "Text "
      text run at (82,212) width 138: "Filler Text Filler Text"
      text run at (50,230) width 71: "Filler Text "
      text run at (120,230) width 107: "Filler Text Filler"
      text run at (50,248) width 104: "Text Filler Text "
      text run at (153,248) width 67: "Filler Text"
      text run at (50,266) width 142: "Filler Text Filler Text "
      text run at (191,266) width 36: "Filler"
      text run at (50,284) width 170: "Text Filler Text Filler Text"
      text run at (50,302) width 177: "Filler Text Filler Text Filler"
      text run at (50,320) width 33: "Text "
      text run at (82,320) width 138: "Filler Text Filler Text"
