layer at (0,0) size 800x600
  RenderView at (0,0) size 800x600
layer at (0,0) size 800x306
  RenderBlock {HTML} at (0,0) size 800x306
    RenderBody {BODY} at (8,16) size 784x282
      RenderBlock {P} at (0,0) size 784x36
        RenderText {#text} at (0,0) size 766x36
          text run at (0,0) width 766: "Test passes if there is a rounded border with purple dots on the top, green on the right side, blue on the bottom side, and"
          text run at (0,18) width 132: "grey on the left side."
      RenderBlock {DIV} at (0,52) size 230x230 [border: (19px dotted #800080) (19px dotted #008000) (19px dotted #0000FF) (19px dotted #808080)]
