layer at (0,0) size 800x600
  RenderView at (0,0) size 800x600
layer at (0,0) size 800x288
  RenderBlock {HTML} at (0,0) size 800x288
    RenderBody {BODY} at (8,16) size 784x264
      RenderBlock {P} at (0,0) size 784x18
        RenderText {#text} at (0,0) size 470x18
          text run at (0,0) width 470: "Test passes if there is a box below with solid border and rounded corners."
      RenderBlock {DIV} at (0,34) size 230x230 [border: (19px solid #000000)]
