layer at (0,0) size 800x600
  RenderView at (0,0) size 800x600
layer at (0,0) size 800x377
  RenderBlock {HTML} at (0,0) size 800x377
    RenderBody {BODY} at (50,50) size 700x277
      RenderBlock {DIV} at (0,0) size 556x277 [bgcolor=#EEEEEE]
        RenderBlock {DIV} at (1,1) size 277x129 [bgcolor=#FFEEEE]
          RenderBlock {P} at (14,28) size 249x23 [bgcolor=#FFAAAA] [border: none (20px solid #FF8888) none (20px solid #FF8888)]
            RenderText {#text} at (21,0) size 181x22
              text run at (21,0) width 181: "\x{7B2C}\x{4E00}\x{6BB5}\x{843D} paragraph 1"
          RenderBlock {P} at (14,78) size 249x22 [bgcolor=#FFAAAA] [border: none (20px solid #FF8888) none (20px solid #FF8888)]
            RenderText {#text} at (21,0) size 181x22
              text run at (21,0) width 181: "\x{7B2C}\x{4E8C}\x{6BB5}\x{843D} paragraph 2"
        RenderBlock {DIV} at (278,1) size 277x275 [bgcolor=#FFFFEE]
          RenderBlock {P} at (14,28) size 63x219 [bgcolor=#FFAAAA] [border: none (20px solid #FF8888) none (20px solid #FF8888)]
            RenderText {#text} at (20,1) size 22x185
              text run at (20,1) width 185: "\x{7B2C}\x{4E00}\x{6BB5}\x{843D} paragraph 1"
          RenderBlock {P} at (90,28) size 63x219 [bgcolor=#FFAAAA] [border: none (20px solid #FF8888) none (20px solid #FF8888)]
            RenderText {#text} at (20,1) size 22x185
              text run at (20,1) width 185: "\x{7B2C}\x{4E8C}\x{6BB5}\x{843D} paragraph 2"
selection start: position 7 of child 0 {#text} of child 0 {P} of child 3 {DIV} of child 1 {DIV} of body
selection end:   position 12 of child 0 {#text} of child 0 {P} of child 3 {DIV} of child 1 {DIV} of body
