layer at (0,0) size 800x600
  RenderView at (0,0) size 800x600
layer at (0,0) size 800x600
  RenderBlock {HTML} at (0,0) size 800x600
layer at (8,8) size 784x584
  RenderBody {BODY} at (8,8) size 784x584
    RenderBlock {DIV} at (0,0) size 784x192 [color=#FF0000]
      RenderText {#text} at (8,1) size 112x16
        text run at (8,1) width 32: "2 "
        text run at (40,1) width 32: "2 "
        text run at (72,1) width 32: "2 "
        text run at (104,1) width 16: "2"
      RenderBR {BR} at (120,1) size 0x16
      RenderText {#text} at (8,17) size 112x16
        text run at (8,17) width 32: "2 "
        text run at (40,17) width 32: "2 "
        text run at (72,17) width 32: "2 "
        text run at (104,17) width 16: "2"
      RenderBR {BR} at (120,17) size 0x16
      RenderText {#text} at (8,33) size 112x16
        text run at (8,33) width 32: "2 "
        text run at (40,33) width 32: "2 "
        text run at (72,33) width 32: "2 "
        text run at (104,33) width 16: "2"
      RenderBR {BR} at (120,33) size 0x16
      RenderText {#text} at (8,49) size 112x16
        text run at (8,49) width 32: "2 "
        text run at (40,49) width 32: "2 "
        text run at (72,49) width 32: "2 "
        text run at (104,49) width 16: "2"
      RenderBR {BR} at (120,49) size 0x16
      RenderText {#text} at (8,65) size 112x16
        text run at (8,65) width 32: "2 "
        text run at (40,65) width 32: "2 "
        text run at (72,65) width 32: "2 "
        text run at (104,65) width 16: "2"
      RenderBR {BR} at (120,65) size 0x16
      RenderText {#text} at (8,81) size 112x16
        text run at (8,81) width 32: "2 "
        text run at (40,81) width 32: "2 "
        text run at (72,81) width 32: "2 "
        text run at (104,81) width 16: "2"
      RenderBR {BR} at (120,81) size 0x16
      RenderText {#text} at (8,97) size 112x16
        text run at (8,97) width 32: "2 "
        text run at (40,97) width 32: "2 "
        text run at (72,97) width 32: "2 "
        text run at (104,97) width 16: "2"
      RenderBR {BR} at (120,97) size 0x16
      RenderText {#text} at (8,113) size 112x16
        text run at (8,113) width 32: "2 "
        text run at (40,113) width 32: "2 "
        text run at (72,113) width 32: "2 "
        text run at (104,113) width 16: "2"
      RenderBR {BR} at (120,113) size 0x16
      RenderText {#text} at (8,129) size 112x16
        text run at (8,129) width 32: "2 "
        text run at (40,129) width 32: "2 "
        text run at (72,129) width 32: "2 "
        text run at (104,129) width 16: "2"
      RenderBR {BR} at (120,129) size 0x16
      RenderText {#text} at (8,145) size 112x16
        text run at (8,145) width 32: "2 "
        text run at (40,145) width 32: "2 "
        text run at (72,145) width 32: "2 "
        text run at (104,145) width 16: "2"
      RenderBR {BR} at (120,145) size 0x16
      RenderText {#text} at (8,161) size 112x16
        text run at (8,161) width 32: "2 "
        text run at (40,161) width 32: "2 "
        text run at (72,161) width 32: "2 "
        text run at (104,161) width 16: "2"
      RenderBR {BR} at (120,161) size 0x16
      RenderText {#text} at (8,177) size 112x16
        text run at (8,177) width 32: "2 "
        text run at (40,177) width 32: "2 "
        text run at (72,177) width 32: "2 "
        text run at (104,177) width 16: "2"
layer at (8,8) size 128x194
  RenderBlock (positioned) {DIV} at (0,0) size 128x194 [color=#008000]
    RenderBlock {DIV} at (0,0) size 128x48
      RenderText {#text} at (0,16) size 128x32
        text run at (0,16) width 128: "1111"
    RenderBlock {DIV} at (0,48) size 128x49
      RenderText {#text} at (0,1) size 128x32
        text run at (0,1) width 128: "1111"
    RenderBlock {DIV} at (0,97) size 128x48
      RenderText {#text} at (0,0) size 128x32
        text run at (0,0) width 128: "1111"
    RenderBlock {DIV} at (0,145) size 128x49
      RenderText {#text} at (0,16) size 128x32
        text run at (0,16) width 128: "1111"
