layer at (0,0) size 800x600
  RenderView at (0,0) size 800x600
layer at (0,0) size 800x600
  RenderBlock {HTML} at (0,0) size 800x600
layer at (8,8) size 784x584
  RenderBody {BODY} at (8,8) size 784x584
    RenderBlock {DIV} at (0,0) size 784x120 [color=#FF0000]
      RenderText {#text} at (0,8) size 192x16
        text run at (0,8) width 192: "222222222222"
      RenderBR {BR} at (192,8) size 0x16
      RenderBR {BR} at (0,24) size 0x16
      RenderText {#text} at (0,40) size 192x16
        text run at (0,40) width 192: "222222222222"
      RenderBR {BR} at (192,40) size 0x16
      RenderBR {BR} at (0,56) size 0x16
      RenderText {#text} at (0,72) size 192x16
        text run at (0,72) width 192: "222222222222"
      RenderBR {BR} at (192,72) size 0x16
      RenderBR {BR} at (0,88) size 0x16
      RenderText {#text} at (0,104) size 192x16
        text run at (0,104) width 192: "222222222222"
layer at (8,8) size 192x128
  RenderBlock (positioned) {DIV} at (0,0) size 192x128 [color=#008000]
    RenderBlock {DIV} at (0,0) size 48x128
      RenderText {#text} at (0,0) size 32x128
        text run at (0,0) width 128: "1111"
    RenderBlock {DIV} at (48,0) size 48x128
      RenderText {#text} at (16,0) size 32x128
        text run at (16,0) width 128: "1111"
    RenderBlock {DIV} at (96,0) size 48x128
      RenderText {#text} at (16,0) size 32x128
        text run at (16,0) width 128: "1111"
    RenderBlock {DIV} at (144,0) size 48x128
      RenderText {#text} at (0,0) size 32x128
        text run at (0,0) width 128: "1111"
