layer at (0,0) size 800x600
  RenderView at (0,0) size 800x600
layer at (0,0) size 800x152
  RenderBlock {HTML} at (0,0) size 800x152
    RenderBody {BODY} at (8,50) size 784x52
layer at (58,50) size 202x52
  RenderBlock {DIV} at (50,0) size 202x52 [border: (1px solid #000000)]
    RenderText {#text} at (1,1) size 39x17
      text run at (1,1) width 39: "PASS"
