layer at (0,0) size 785x816
  RenderView at (0,0) size 785x600
layer at (0,0) size 785x816
  RenderBlock {HTML} at (0,0) size 785x816
    RenderBody {BODY} at (8,8) size 769x800 [bgcolor=#CCCCCC]
      RenderBlock {P} at (0,0) size 769x18
        RenderText {#text} at (0,0) size 363x18
          text run at (0,0) width 363: "The style declarations which apply to the text below are:"
      RenderBlock {PRE} at (0,34) size 769x75
        RenderText {#text} at (0,0) size 554x75
          text run at (0,0) width 172: ".one {display: block;}"
          text run at (171,0) width 1: " "
          text run at (0,15) width 180: ".two {display: inline;}"
          text run at (179,15) width 1: " "
          text run at (0,30) width 554: ".three {display: list-item; list-style-type: square; margin-left: 3em;}"
          text run at (553,30) width 1: " "
          text run at (0,45) width 266: ".four {display: none; color: red;}"
          text run at (265,45) width 1: " "
          text run at (0,60) width 149: "I {display: block;}"
          text run at (148,60) width 1: " "
      RenderBlock {HR} at (0,122) size 769x2 [border: (1px inset #000000)]
      RenderBlock {P} at (0,140) size 769x18
        RenderText {#text} at (0,0) size 300x18
          text run at (0,0) width 300: "This sentence should be a block-level element."
      RenderBlock (anonymous) at (0,174) size 769x54
        RenderInline {P} at (0,0) size 458x18
          RenderText {#text} at (0,0) size 458x18
            text run at (0,0) width 458: "This sentence should be part of an inline element, as are the next three. "
        RenderInline {P} at (0,0) size 748x54
          RenderText {#text} at (457,0) size 748x54
            text run at (457,0) width 280: "This sentence and the next two are part of a"
            text run at (0,18) width 148: "second inline element. "
            text run at (147,18) width 601: "They should therefore appear, along with the sentence above, to be all one paragraph which is"
            text run at (0,36) width 133: "four sentences long. "
            text run at (132,36) width 256: "If this is not the case, then the keyword "
          RenderInline {CODE} at (0,0) size 48x15
            RenderText {#text} at (387,38) size 48x15
              text run at (387,38) width 48: "inline"
          RenderText {#text} at (434,36) size 112x18
            text run at (434,36) width 112: " is being ignored."
        RenderText {#text} at (0,0) size 0x0
      RenderListItem {P} at (48,244) size 721x54
        RenderListMarker at (-17,0) size 7x18: black square
        RenderText {#text} at (0,0) size 694x36
          text run at (0,0) width 694: "This sentence should be treated as a list-item, and therefore be rendered however this user agent displays list"
          text run at (0,18) width 58: "items (if "
        RenderInline {CODE} at (0,0) size 118x15
          RenderText {#text} at (57,20) size 118x15
            text run at (57,20) width 118: "list-style-type"
        RenderText {#text} at (174,18) size 719x36
          text run at (174,18) width 369: " is supported, there will be a square for the item marker). "
          text run at (542,18) width 177: "A 3em left margin has been"
          text run at (0,36) width 438: "applied in order to ensure that there is space for the list-item marker."
      RenderBlock {P} at (0,314) size 769x18
        RenderText {#text} at (0,0) size 467x18
          text run at (0,0) width 467: "The next paragraph should be invisible (if it's visible, you'll see red text)."
      RenderBlock {P} at (0,348) size 769x18
        RenderText {#text} at (0,0) size 252x18
          text run at (0,0) width 252: "There should be no text after the colon:"
        RenderText {#text} at (0,0) size 0x0
      RenderBlock {P} at (0,382) size 769x54
        RenderBlock (anonymous) at (0,0) size 769x18
          RenderText {#text} at (0,0) size 116x18
            text run at (0,0) width 116: "The italicized text"
        RenderBlock {I} at (0,18) size 769x18
          RenderText {#text} at (0,0) size 113x18
            text run at (0,0) width 113: "in this paragraph"
        RenderBlock (anonymous) at (0,36) size 769x18
          RenderText {#text} at (0,0) size 208x18
            text run at (0,0) width 208: "should be a block-level element."
      RenderTable {TABLE} at (0,452) size 769x348 [border: (1px outset #808080)]
        RenderTableSection {TBODY} at (1,1) size 767x346
          RenderTableRow {TR} at (0,0) size 767x26
            RenderTableCell {TD} at (0,0) size 767x26 [bgcolor=#C0C0C0] [border: (1px inset #808080)] [r=0 c=0 rs=1 cs=2]
              RenderInline {STRONG} at (0,0) size 161x18
                RenderText {#text} at (4,4) size 161x18
                  text run at (4,4) width 161: "TABLE Testing Section"
          RenderTableRow {TR} at (0,26) size 767x320
            RenderTableCell {TD} at (0,173) size 12x26 [bgcolor=#C0C0C0] [border: (1px inset #808080)] [r=1 c=0 rs=1 cs=1]
              RenderText {#text} at (4,4) size 4x18
                text run at (4,4) width 4: " "
            RenderTableCell {TD} at (12,26) size 755x320 [border: (1px inset #808080)] [r=1 c=1 rs=1 cs=1]
              RenderBlock {P} at (4,4) size 747x18
                RenderText {#text} at (0,0) size 300x18
                  text run at (0,0) width 300: "This sentence should be a block-level element."
              RenderBlock (anonymous) at (4,38) size 747x54
                RenderInline {P} at (0,0) size 458x18
                  RenderText {#text} at (0,0) size 458x18
                    text run at (0,0) width 458: "This sentence should be part of an inline element, as are the next three. "
                RenderInline {P} at (0,0) size 737x54
                  RenderText {#text} at (457,0) size 737x54
                    text run at (457,0) width 280: "This sentence and the next two are part of a"
                    text run at (0,18) width 148: "second inline element. "
                    text run at (147,18) width 587: "They should therefore appear, along with the sentence above, to be all one paragraph which"
                    text run at (0,36) width 148: "is four sentences long. "
                    text run at (147,36) width 256: "If this is not the case, then the keyword "
                  RenderInline {CODE} at (0,0) size 47x15
                    RenderText {#text} at (402,38) size 47x15
                      text run at (402,38) width 47: "inline"
                  RenderText {#text} at (448,36) size 113x18
                    text run at (448,36) width 113: " is being ignored."
                RenderText {#text} at (0,0) size 0x0
              RenderListItem {P} at (52,108) size 699x54
                RenderListMarker at (-17,0) size 7x18: black square
                RenderText {#text} at (0,0) size 694x36
                  text run at (0,0) width 694: "This sentence should be treated as a list-item, and therefore be rendered however this user agent displays list"
                  text run at (0,18) width 58: "items (if "
                RenderInline {CODE} at (0,0) size 118x15
                  RenderText {#text} at (57,20) size 118x15
                    text run at (57,20) width 118: "list-style-type"
                RenderText {#text} at (174,18) size 685x36
                  text run at (174,18) width 369: " is supported, there will be a square for the item marker). "
                  text run at (542,18) width 143: "A 3em left margin has"
                  text run at (0,36) width 472: "been applied in order to ensure that there is space for the list-item marker."
              RenderBlock {P} at (4,178) size 747x18
                RenderText {#text} at (0,0) size 467x18
                  text run at (0,0) width 467: "The next paragraph should be invisible (if it's visible, you'll see red text)."
              RenderBlock {P} at (4,212) size 747x18
                RenderText {#text} at (0,0) size 252x18
                  text run at (0,0) width 252: "There should be no text after the colon:"
                RenderText {#text} at (0,0) size 0x0
              RenderBlock {P} at (4,246) size 747x54
                RenderBlock (anonymous) at (0,0) size 747x18
                  RenderText {#text} at (0,0) size 116x18
                    text run at (0,0) width 116: "The italicized text"
                RenderBlock {I} at (0,18) size 747x18
                  RenderText {#text} at (0,0) size 113x18
                    text run at (0,0) width 113: "in this paragraph"
                RenderBlock (anonymous) at (0,36) size 747x18
                  RenderText {#text} at (0,0) size 208x18
                    text run at (0,0) width 208: "should be a block-level element."
