layer at (0,0) size 785x1527
  RenderView at (0,0) size 785x600
layer at (0,0) size 785x1527
  RenderBlock {HTML} at (0,0) size 785x1527
    RenderBody {BODY} at (8,8) size 769x1511 [bgcolor=#CCCCCC]
      RenderBlock {P} at (0,0) size 769x18
        RenderText {#text} at (0,0) size 363x18
          text run at (0,0) width 363: "The style declarations which apply to the text below are:"
      RenderBlock {PRE} at (0,34) size 769x150
        RenderText {#text} at (0,0) size 297x150
          text run at (0,0) width 227: ".one {list-style-type: disc;}"
          text run at (226,0) width 1: " "
          text run at (0,15) width 242: ".two {list-style-type: circle;}"
          text run at (241,15) width 1: " "
          text run at (0,30) width 258: ".three {list-style-type: square;}"
          text run at (257,30) width 1: " "
          text run at (0,45) width 289: ".four {list-style-type: lower-roman;}"
          text run at (288,45) width 1: " "
          text run at (0,60) width 289: ".five {list-style-type: upper-roman;}"
          text run at (288,60) width 1: " "
          text run at (0,75) width 281: ".six {list-style-type: lower-alpha;}"
          text run at (280,75) width 1: " "
          text run at (0,90) width 297: ".seven {list-style-type: upper-alpha;}"
          text run at (296,90) width 1: " "
          text run at (0,105) width 266: ".eight {list-style-type: decimal;}"
          text run at (265,105) width 1: " "
          text run at (0,120) width 235: ".nine {list-style-type: none;}"
          text run at (234,120) width 1: " "
          text run at (0,135) width 0: " "
      RenderBlock {HR} at (0,197) size 769x2 [border: (1px inset #000000)]
      RenderBlock {UL} at (0,215) size 769x54
        RenderListItem {LI} at (40,0) size 729x18
          RenderListMarker at (-17,0) size 7x18: bullet
          RenderText {#text} at (0,0) size 65x18
            text run at (0,0) width 65: "This list..."
        RenderListItem {LI} at (40,18) size 729x18
          RenderListMarker at (-17,0) size 7x18: bullet
          RenderText {#text} at (0,0) size 116x18
            text run at (0,0) width 116: "...should feature..."
        RenderListItem {LI} at (40,36) size 729x18
          RenderListMarker at (-17,0) size 7x18: bullet
          RenderText {#text} at (0,0) size 137x18
            text run at (0,0) width 137: "...discs for each item."
      RenderBlock {UL} at (0,285) size 769x54
        RenderListItem {LI} at (40,0) size 729x18
          RenderListMarker at (-17,0) size 7x18: white bullet
          RenderText {#text} at (0,0) size 65x18
            text run at (0,0) width 65: "This list..."
        RenderListItem {LI} at (40,18) size 729x18
          RenderListMarker at (-17,0) size 7x18: white bullet
          RenderText {#text} at (0,0) size 116x18
            text run at (0,0) width 116: "...should feature..."
        RenderListItem {LI} at (40,36) size 729x18
          RenderListMarker at (-17,0) size 7x18: white bullet
          RenderText {#text} at (0,0) size 147x18
            text run at (0,0) width 147: "...circles for each item."
      RenderBlock {UL} at (0,355) size 769x54
        RenderListItem {LI} at (40,0) size 729x18
          RenderListMarker at (-17,0) size 7x18: black square
          RenderText {#text} at (0,0) size 65x18
            text run at (0,0) width 65: "This list..."
        RenderListItem {LI} at (40,18) size 729x18
          RenderListMarker at (-17,0) size 7x18: black square
          RenderText {#text} at (0,0) size 116x18
            text run at (0,0) width 116: "...should feature..."
        RenderListItem {LI} at (40,36) size 729x18
          RenderListMarker at (-17,0) size 7x18: black square
          RenderText {#text} at (0,0) size 153x18
            text run at (0,0) width 153: "...squares for each item."
      RenderBlock {OL} at (0,425) size 769x54
        RenderListItem {LI} at (40,0) size 729x18
          RenderListMarker at (-17,0) size 13x18: "i"
          RenderText {#text} at (0,0) size 65x18
            text run at (0,0) width 65: "This list..."
        RenderListItem {LI} at (40,18) size 729x18
          RenderListMarker at (-21,0) size 17x18: "ii"
          RenderText {#text} at (0,0) size 116x18
            text run at (0,0) width 116: "...should feature..."
        RenderListItem {LI} at (40,36) size 729x18
          RenderListMarker at (-26,0) size 22x18: "iii"
          RenderText {#text} at (0,0) size 282x18
            text run at (0,0) width 282: "...lowercase Roman numerals for each item."
      RenderBlock {OL} at (0,495) size 769x54
        RenderListItem {LI} at (40,0) size 729x18
          RenderListMarker at (-18,0) size 14x18: "I"
          RenderText {#text} at (0,0) size 65x18
            text run at (0,0) width 65: "This list..."
        RenderListItem {LI} at (40,18) size 729x18
          RenderListMarker at (-23,0) size 19x18: "II"
          RenderText {#text} at (0,0) size 116x18
            text run at (0,0) width 116: "...should feature..."
        RenderListItem {LI} at (40,36) size 729x18
          RenderListMarker at (-28,0) size 24x18: "III"
          RenderText {#text} at (0,0) size 282x18
            text run at (0,0) width 282: "...uppercase Roman numerals for each item."
      RenderBlock {OL} at (0,565) size 769x54
        RenderListItem {LI} at (40,0) size 729x18
          RenderListMarker at (-20,0) size 16x18: "a"
          RenderText {#text} at (0,0) size 65x18
            text run at (0,0) width 65: "This list..."
        RenderListItem {LI} at (40,18) size 729x18
          RenderListMarker at (-20,0) size 16x18: "b"
          RenderText {#text} at (0,0) size 116x18
            text run at (0,0) width 116: "...should feature..."
        RenderListItem {LI} at (40,36) size 729x18
          RenderListMarker at (-20,0) size 16x18: "c"
          RenderText {#text} at (0,0) size 212x18
            text run at (0,0) width 212: "...lowercase letters for each item."
      RenderBlock {OL} at (0,635) size 769x54
        RenderListItem {LI} at (40,0) size 729x18
          RenderListMarker at (-24,0) size 20x18: "A"
          RenderText {#text} at (0,0) size 65x18
            text run at (0,0) width 65: "This list..."
        RenderListItem {LI} at (40,18) size 729x18
          RenderListMarker at (-23,0) size 19x18: "B"
          RenderText {#text} at (0,0) size 116x18
            text run at (0,0) width 116: "...should feature..."
        RenderListItem {LI} at (40,36) size 729x18
          RenderListMarker at (-23,0) size 19x18: "C"
          RenderText {#text} at (0,0) size 212x18
            text run at (0,0) width 212: "...uppercase letters for each item."
      RenderBlock {OL} at (0,705) size 769x54
        RenderListItem {LI} at (40,0) size 729x18
          RenderListMarker at (-24,0) size 20x18: "A"
          RenderText {#text} at (0,0) size 160x18
            text run at (0,0) width 160: "This list should feature..."
        RenderListItem {LI} at (40,18) size 729x18
          RenderListMarker at (-23,0) size 19x18: "B"
          RenderText {#text} at (0,0) size 152x18
            text run at (0,0) width 152: "...letters for each item..."
        RenderListItem {LI} at (40,36) size 729x18
          RenderListMarker at (-20,0) size 16x18: "3"
          RenderText {#text} at (0,0) size 112x18
            text run at (0,0) width 112: "...except this one."
      RenderBlock {UL} at (0,775) size 769x54
        RenderListItem {LI} at (40,0) size 729x18
          RenderText {#text} at (0,0) size 65x18
            text run at (0,0) width 65: "This list..."
        RenderListItem {LI} at (40,18) size 729x18
          RenderText {#text} at (0,0) size 116x18
            text run at (0,0) width 116: "...should feature..."
        RenderListItem {LI} at (40,36) size 729x18
          RenderText {#text} at (0,0) size 154x18
            text run at (0,0) width 154: "...nothing for each item."
      RenderTable {TABLE} at (0,845) size 344x666 [border: (1px outset #808080)]
        RenderTableSection {TBODY} at (1,1) size 342x664
          RenderTableRow {TR} at (0,0) size 342x26
            RenderTableCell {TD} at (0,0) size 342x26 [bgcolor=#C0C0C0] [border: (1px inset #808080)] [r=0 c=0 rs=1 cs=2]
              RenderInline {STRONG} at (0,0) size 161x18
                RenderText {#text} at (4,4) size 161x18
                  text run at (4,4) width 161: "TABLE Testing Section"
          RenderTableRow {TR} at (0,26) size 342x638
            RenderTableCell {TD} at (0,332) size 12x26 [bgcolor=#C0C0C0] [border: (1px inset #808080)] [r=1 c=0 rs=1 cs=1]
              RenderText {#text} at (4,4) size 4x18
                text run at (4,4) width 4: " "
            RenderTableCell {TD} at (12,26) size 330x638 [border: (1px inset #808080)] [r=1 c=1 rs=1 cs=1]
              RenderBlock {UL} at (4,4) size 322x54
                RenderListItem {LI} at (40,0) size 282x18
                  RenderListMarker at (-17,0) size 7x18: bullet
                  RenderText {#text} at (0,0) size 65x18
                    text run at (0,0) width 65: "This list..."
                RenderListItem {LI} at (40,18) size 282x18
                  RenderListMarker at (-17,0) size 7x18: bullet
                  RenderText {#text} at (0,0) size 116x18
                    text run at (0,0) width 116: "...should feature..."
                RenderListItem {LI} at (40,36) size 282x18
                  RenderListMarker at (-17,0) size 7x18: bullet
                  RenderText {#text} at (0,0) size 137x18
                    text run at (0,0) width 137: "...discs for each item."
              RenderBlock {UL} at (4,74) size 322x54
                RenderListItem {LI} at (40,0) size 282x18
                  RenderListMarker at (-17,0) size 7x18: white bullet
                  RenderText {#text} at (0,0) size 65x18
                    text run at (0,0) width 65: "This list..."
                RenderListItem {LI} at (40,18) size 282x18
                  RenderListMarker at (-17,0) size 7x18: white bullet
                  RenderText {#text} at (0,0) size 116x18
                    text run at (0,0) width 116: "...should feature..."
                RenderListItem {LI} at (40,36) size 282x18
                  RenderListMarker at (-17,0) size 7x18: white bullet
                  RenderText {#text} at (0,0) size 147x18
                    text run at (0,0) width 147: "...circles for each item."
              RenderBlock {UL} at (4,144) size 322x54
                RenderListItem {LI} at (40,0) size 282x18
                  RenderListMarker at (-17,0) size 7x18: black square
                  RenderText {#text} at (0,0) size 65x18
                    text run at (0,0) width 65: "This list..."
                RenderListItem {LI} at (40,18) size 282x18
                  RenderListMarker at (-17,0) size 7x18: black square
                  RenderText {#text} at (0,0) size 116x18
                    text run at (0,0) width 116: "...should feature..."
                RenderListItem {LI} at (40,36) size 282x18
                  RenderListMarker at (-17,0) size 7x18: black square
                  RenderText {#text} at (0,0) size 153x18
                    text run at (0,0) width 153: "...squares for each item."
              RenderBlock {OL} at (4,214) size 322x54
                RenderListItem {LI} at (40,0) size 282x18
                  RenderListMarker at (-17,0) size 13x18: "i"
                  RenderText {#text} at (0,0) size 65x18
                    text run at (0,0) width 65: "This list..."
                RenderListItem {LI} at (40,18) size 282x18
                  RenderListMarker at (-21,0) size 17x18: "ii"
                  RenderText {#text} at (0,0) size 116x18
                    text run at (0,0) width 116: "...should feature..."
                RenderListItem {LI} at (40,36) size 282x18
                  RenderListMarker at (-26,0) size 22x18: "iii"
                  RenderText {#text} at (0,0) size 282x18
                    text run at (0,0) width 282: "...lowercase Roman numerals for each item."
              RenderBlock {OL} at (4,284) size 322x54
                RenderListItem {LI} at (40,0) size 282x18
                  RenderListMarker at (-18,0) size 14x18: "I"
                  RenderText {#text} at (0,0) size 65x18
                    text run at (0,0) width 65: "This list..."
                RenderListItem {LI} at (40,18) size 282x18
                  RenderListMarker at (-23,0) size 19x18: "II"
                  RenderText {#text} at (0,0) size 116x18
                    text run at (0,0) width 116: "...should feature..."
                RenderListItem {LI} at (40,36) size 282x18
                  RenderListMarker at (-28,0) size 24x18: "III"
                  RenderText {#text} at (0,0) size 282x18
                    text run at (0,0) width 282: "...uppercase Roman numerals for each item."
              RenderBlock {OL} at (4,354) size 322x54
                RenderListItem {LI} at (40,0) size 282x18
                  RenderListMarker at (-20,0) size 16x18: "a"
                  RenderText {#text} at (0,0) size 65x18
                    text run at (0,0) width 65: "This list..."
                RenderListItem {LI} at (40,18) size 282x18
                  RenderListMarker at (-20,0) size 16x18: "b"
                  RenderText {#text} at (0,0) size 116x18
                    text run at (0,0) width 116: "...should feature..."
                RenderListItem {LI} at (40,36) size 282x18
                  RenderListMarker at (-20,0) size 16x18: "c"
                  RenderText {#text} at (0,0) size 212x18
                    text run at (0,0) width 212: "...lowercase letters for each item."
              RenderBlock {OL} at (4,424) size 322x54
                RenderListItem {LI} at (40,0) size 282x18
                  RenderListMarker at (-24,0) size 20x18: "A"
                  RenderText {#text} at (0,0) size 65x18
                    text run at (0,0) width 65: "This list..."
                RenderListItem {LI} at (40,18) size 282x18
                  RenderListMarker at (-23,0) size 19x18: "B"
                  RenderText {#text} at (0,0) size 116x18
                    text run at (0,0) width 116: "...should feature..."
                RenderListItem {LI} at (40,36) size 282x18
                  RenderListMarker at (-23,0) size 19x18: "C"
                  RenderText {#text} at (0,0) size 212x18
                    text run at (0,0) width 212: "...uppercase letters for each item."
              RenderBlock {OL} at (4,494) size 322x54
                RenderListItem {LI} at (40,0) size 282x18
                  RenderListMarker at (-24,0) size 20x18: "A"
                  RenderText {#text} at (0,0) size 160x18
                    text run at (0,0) width 160: "This list should feature..."
                RenderListItem {LI} at (40,18) size 282x18
                  RenderListMarker at (-23,0) size 19x18: "B"
                  RenderText {#text} at (0,0) size 152x18
                    text run at (0,0) width 152: "...letters for each item..."
                RenderListItem {LI} at (40,36) size 282x18
                  RenderListMarker at (-20,0) size 16x18: "3"
                  RenderText {#text} at (0,0) size 112x18
                    text run at (0,0) width 112: "...except this one."
              RenderBlock {UL} at (4,564) size 322x54
                RenderListItem {LI} at (40,0) size 282x18
                  RenderText {#text} at (0,0) size 65x18
                    text run at (0,0) width 65: "This list..."
                RenderListItem {LI} at (40,18) size 282x18
                  RenderText {#text} at (0,0) size 116x18
                    text run at (0,0) width 116: "...should feature..."
                RenderListItem {LI} at (40,36) size 282x18
                  RenderText {#text} at (0,0) size 154x18
                    text run at (0,0) width 154: "...nothing for each item."
