layer at (0,0) size 800x600
  RenderView at (0,0) size 800x600
layer at (0,0) size 800x600
  RenderBlock {HTML} at (0,0) size 800x600
    RenderBody {BODY} at (8,8) size 784x584 [bgcolor=#CCCCCC]
      RenderBlock {P} at (0,0) size 784x18
        RenderText {#text} at (0,0) size 363x18
          text run at (0,0) width 363: "The style declarations which apply to the text below are:"
      RenderBlock {PRE} at (0,34) size 784x45
        RenderText {#text} at (0,0) size 281x45
          text run at (0,0) width 281: ".one {list-style-position: outside;}"
          text run at (280,0) width 1: " "
          text run at (0,15) width 274: ".two {list-style-position: inside;}"
          text run at (273,15) width 1: " "
          text run at (0,30) width 0: " "
      RenderBlock {HR} at (0,92) size 784x2 [border: (1px inset #000000)]
      RenderBlock {UL} at (0,110) size 784x36
        RenderListItem {LI} at (40,0) size 744x36
          RenderListMarker at (-17,0) size 7x18: bullet
          RenderText {#text} at (0,0) size 743x36
            text run at (0,0) width 743: "The text in this item should behave as expected; that is, it should line up with itself on the left margin, leaving blank"
            text run at (0,18) width 158: "space beneath the bullet."
      RenderBlock {UL} at (0,162) size 784x36
        RenderListItem {LI} at (40,0) size 744x36
          RenderListMarker at (-1,0) size 7x18: bullet
          RenderText {#text} at (14,0) size 719x36
            text run at (14,0) width 705: "The text in this item should not behave as expected; that is, it should line up with the bullet on the left margin,"
            text run at (0,18) width 268: "leaving no blank space beneath the bullet."
      RenderTable {TABLE} at (0,214) size 784x140 [border: (1px outset #808080)]
        RenderTableSection {TBODY} at (1,1) size 782x138
          RenderTableRow {TR} at (0,0) size 782x26
            RenderTableCell {TD} at (0,0) size 782x26 [bgcolor=#C0C0C0] [border: (1px inset #808080)] [r=0 c=0 rs=1 cs=2]
              RenderInline {STRONG} at (0,0) size 161x18
                RenderText {#text} at (4,4) size 161x18
                  text run at (4,4) width 161: "TABLE Testing Section"
          RenderTableRow {TR} at (0,26) size 782x112
            RenderTableCell {TD} at (0,69) size 12x26 [bgcolor=#C0C0C0] [border: (1px inset #808080)] [r=1 c=0 rs=1 cs=1]
              RenderText {#text} at (4,4) size 4x18
                text run at (4,4) width 4: " "
            RenderTableCell {TD} at (12,26) size 770x112 [border: (1px inset #808080)] [r=1 c=1 rs=1 cs=1]
              RenderBlock {UL} at (4,4) size 762x36
                RenderListItem {LI} at (40,0) size 722x36
                  RenderListMarker at (-17,0) size 7x18: bullet
                  RenderText {#text} at (0,0) size 704x36
                    text run at (0,0) width 704: "The text in this item should behave as expected; that is, it should line up with itself on the left margin, leaving"
                    text run at (0,18) width 197: "blank space beneath the bullet."
              RenderBlock {UL} at (4,56) size 762x36
                RenderListItem {LI} at (40,0) size 722x36
                  RenderListMarker at (-1,0) size 7x18: bullet
                  RenderText {#text} at (14,0) size 719x36
                    text run at (14,0) width 705: "The text in this item should not behave as expected; that is, it should line up with the bullet on the left margin,"
                    text run at (0,18) width 268: "leaving no blank space beneath the bullet."
