layer at (0,0) size 800x600
  RenderView at (0,0) size 800x600
layer at (0,0) size 800x600
  RenderBlock {HTML} at (0,0) size 800x600
    RenderBody {BODY} at (8,8) size 784x584
      RenderBlock {P} at (0,0) size 784x20
        RenderText {#text} at (0,0) size 345x19
          text run at (0,0) width 345: "The green box should always obscure the red box below."
layer at (8,44) size 402x202 clip at (9,45) size 400x200
  RenderBlock (relative positioned) {DIV} at (0,36) size 402x202 [border: (1px solid #000000)]
layer at (9,45) size 200x200
  RenderBlock (positioned) zI: 3 {DIV} at (1,1) size 200x200 [bgcolor=#BBBBBB]
layer at (9,45) size 100x100
  RenderBlock (positioned) {DIV} at (0,0) size 100x100 [bgcolor=#FF0000]
layer at (9,45) size 100x100
  RenderBlock {DIV} at (0,0) size 100x100 [bgcolor=#008000]
