layer at (0,0) size 800x600
  RenderView at (0,0) size 800x600
layer at (0,0) size 800x600
  RenderBlock {HTML} at (0,0) size 800x600
    RenderBody {BODY} at (0,0) size 800x584
      RenderBlock {P} at (0,0) size 800x20
        RenderText {#text} at (0,0) size 28x19
          text run at (0,0) width 28: "Bug "
        RenderInline {A} at (0,0) size 40x19 [color=#0000EE]
          RenderText {#text} at (28,0) size 40x19
            text run at (28,0) width 40: "29495"
        RenderText {#text} at (68,0) size 312x19
          text run at (68,0) width 312: ". You should see one green box below, with no red."
layer at (10,60) size 50x50
  RenderBlock (positioned) {DIV} at (10,60) size 50x50 [bgcolor=#FF0000]
layer at (10,10) size 100x100
  RenderBlock (positioned) {DIV} at (0,0) size 100x100 [bgcolor=#008000]
