layer at (0,0) size 800x600
  RenderView at (0,0) size 800x600
layer at (0,0) size 800x600
  RenderBlock {HTML} at (0,0) size 800x600
    RenderBody {BODY} at (8,8) size 784x584
      RenderBlock {P} at (0,0) size 784x110
        RenderInline {RUBY} at (0,0) size 144x49
          RenderInline (generated) at (0,0) size 144x49
            RenderText {#text} at (12,49) size 120x49
              text run at (12,49) width 120: "\x{653B}\x{6BBB}"
          RenderBlock {RT} at (0,12) size 144x37
            RenderText {#text} at (0,6) size 144x25
              text run at (0,6) width 144: "\x{304D}\x{3069}\x{3046}\x{305F}\x{3044}\x{304D}"
          RenderInline (generated) at (0,0) size 0x49
            RenderText {#text} at (0,0) size 0x0
        RenderText {#text} at (0,0) size 0x0
      RenderBlock {P} at (0,126) size 784x110
        RenderInline {RUBY} at (0,0) size 192x49
          RenderInline (generated) at (0,0) size 192x49
            RenderText {#text} at (8,49) size 176x49
              text run at (8,49) width 176: "\x{6A5F}\x{52D5}\x{968A}"
          RenderBlock {RT} at (0,12) size 192x37
            RenderText {#text} at (0,6) size 192x25
              text run at (0,6) width 192: "\x{304D}\x{3069}\x{3046}\x{305F}\x{3044}\x{304D}\x{3069}\x{3046}"
          RenderInline (generated) at (0,0) size 0x49
            RenderText {#text} at (0,0) size 0x0
        RenderText {#text} at (0,0) size 0x0
      RenderBlock {DIV} at (0,252) size 268x292
        RenderBlock {P} at (16,0) size 110x292
          RenderInline {RUBY} at (0,0) size 49x144
            RenderInline (generated) at (0,0) size 49x144
              RenderText {#text} at (49,12) size 49x120
                text run at (49,12) width 120: "\x{653B}\x{6BBB}"
            RenderBlock {RT} at (12,0) size 37x144
              RenderText {#text} at (6,0) size 25x144
                text run at (6,0) width 144: "\x{304D}\x{3069}\x{3046}\x{305F}\x{3044}\x{304D}"
            RenderInline (generated) at (0,0) size 49x0
              RenderText {#text} at (0,0) size 0x0
          RenderText {#text} at (0,0) size 0x0
        RenderBlock {P} at (142,0) size 110x292
          RenderInline {RUBY} at (0,0) size 49x192
            RenderInline (generated) at (0,0) size 49x192
              RenderText {#text} at (49,8) size 49x176
                text run at (49,8) width 176: "\x{6A5F}\x{52D5}\x{968A}"
            RenderBlock {RT} at (12,0) size 37x192
              RenderText {#text} at (6,0) size 25x192
                text run at (6,0) width 192: "\x{304D}\x{3069}\x{3046}\x{305F}\x{3044}\x{304D}\x{3069}\x{3046}"
            RenderInline (generated) at (0,0) size 49x0
              RenderText {#text} at (0,0) size 0x0
          RenderText {#text} at (0,0) size 0x0
