layer at (0,0) size 800x600
  RenderView at (0,0) size 800x600
layer at (707,0) size 93x600
  RenderBlock {HTML} at (0,0) size 93x600
    RenderBody {BODY} at (20,8) size 65x584
      RenderInline {RUBY} at (0,0) size 36x320
        RenderInline (generated) at (0,0) size 36x32
          RenderText {#text} at (23,0) size 36x32
            text run at (23,0) width 32: "\x{4E16}"
        RenderBlock {RT} at (0,0) size 23x32
          RenderInline {RUBY} at (0,0) size 10x8
            RenderInline (generated) at (0,0) size 10x8
              RenderText {#text} at (12,12) size 10x8
                text run at (12,12) width 8: "\x{3115}"
            RenderBlock {RT} at (1,12) size 11x8
              RenderText {#text} at (0,2) size 10x4
                text run at (0,2) width 3: "\x{2CB}"
        RenderInline (generated) at (0,0) size 36x32
          RenderText {#text} at (23,32) size 36x32
            text run at (23,32) width 32: "\x{4E0A}"
        RenderBlock {RT} at (0,32) size 23x32
          RenderInline {RUBY} at (0,0) size 10x24
            RenderInline (generated) at (0,0) size 10x24
              RenderText {#text} at (12,4) size 10x24
                text run at (12,4) width 24: "\x{3115}\x{3124}"
            RenderBlock {RT} at (1,4) size 11x24
              RenderText {#text} at (0,10) size 10x4
                text run at (0,10) width 3: "\x{2CB}"
        RenderInline (generated) at (0,0) size 36x32
          RenderText {#text} at (23,64) size 36x32
            text run at (23,64) width 32: "\x{7121}"
        RenderBlock {RT} at (0,64) size 23x32
          RenderInline {RUBY} at (0,0) size 10x8
            RenderInline (generated) at (0,0) size 10x8
              RenderText {#text} at (12,12) size 10x8
                text run at (12,12) width 8: "\x{3128}"
            RenderBlock {RT} at (1,12) size 11x8
              RenderText {#text} at (0,2) size 10x4
                text run at (0,2) width 3: "\x{2CA}"
        RenderInline (generated) at (0,0) size 36x32
          RenderText {#text} at (23,96) size 36x32
            text run at (23,96) width 32: "\x{96E3}"
        RenderBlock {RT} at (0,96) size 23x32
          RenderInline {RUBY} at (0,0) size 10x24
            RenderInline (generated) at (0,0) size 10x24
              RenderText {#text} at (12,4) size 10x24
                text run at (12,4) width 24: "\x{310B}\x{3122}"
            RenderBlock {RT} at (1,4) size 11x24
              RenderText {#text} at (0,10) size 10x4
                text run at (0,10) width 3: "\x{2CA}"
        RenderInline (generated) at (0,0) size 36x32
          RenderText {#text} at (23,128) size 36x32
            text run at (23,128) width 32: "\x{4E8B}"
        RenderBlock {RT} at (0,128) size 23x32
          RenderInline {RUBY} at (0,0) size 10x8
            RenderInline (generated) at (0,0) size 10x8
              RenderText {#text} at (12,12) size 10x8
                text run at (12,12) width 8: "\x{3115}"
            RenderBlock {RT} at (1,12) size 11x8
              RenderText {#text} at (0,2) size 10x4
                text run at (0,2) width 3: "\x{2CB}"
        RenderInline (generated) at (0,0) size 36x32
          RenderText {#text} at (23,160) size 36x32
            text run at (23,160) width 32: "\x{53EA}"
        RenderBlock {RT} at (11,160) size 12x32
          RenderText {#text} at (1,5) size 10x22
            text run at (1,5) width 22: "\x{3113}\x{2C7}"
        RenderInline (generated) at (0,0) size 36x32
          RenderText {#text} at (23,192) size 36x32
            text run at (23,192) width 32: "\x{6015}"
        RenderBlock {RT} at (0,192) size 23x32
          RenderInline {RUBY} at (0,0) size 10x24
            RenderInline (generated) at (0,0) size 10x24
              RenderText {#text} at (12,4) size 10x24
                text run at (12,4) width 24: "\x{3106}\x{311A}"
            RenderBlock {RT} at (1,4) size 11x24
              RenderText {#text} at (0,10) size 10x4
                text run at (0,10) width 3: "\x{2CB}"
        RenderInline (generated) at (0,0) size 36x32
          RenderText {#text} at (23,224) size 36x32
            text run at (23,224) width 32: "\x{6709}"
        RenderBlock {RT} at (0,224) size 23x32
          RenderInline {RUBY} at (0,0) size 10x24
            RenderInline (generated) at (0,0) size 10x24
              RenderText {#text} at (12,4) size 10x24
                text run at (12,4) width 24: "\x{3127}\x{3121}"
            RenderBlock {RT} at (1,4) size 11x24
              RenderText {#text} at (0,10) size 10x4
                text run at (0,10) width 3: "\x{2C7}"
        RenderInline (generated) at (0,0) size 36x32
          RenderText {#text} at (23,256) size 36x32
            text run at (23,256) width 32: "\x{5FC3}"
        RenderBlock {RT} at (11,256) size 12x32
          RenderText {#text} at (1,1) size 10x30
            text run at (1,1) width 30: "\x{3112}\x{3127}\x{3123}"
        RenderInline (generated) at (0,0) size 36x32
          RenderText {#text} at (23,288) size 36x32
            text run at (23,288) width 32: "\x{4EBA}"
        RenderBlock {RT} at (0,288) size 23x32
          RenderInline {RUBY} at (0,0) size 10x24
            RenderInline (generated) at (0,0) size 10x24
              RenderText {#text} at (12,4) size 10x24
                text run at (12,4) width 24: "\x{3116}\x{3123}"
            RenderBlock {RT} at (1,4) size 11x24
              RenderText {#text} at (0,10) size 10x4
                text run at (0,10) width 3: "\x{2CA}"
