layer at (0,0) size 800x600
  RenderView at (0,0) size 800x600
layer at (0,0) size 800x64
  RenderBlock {HTML} at (0,0) size 800x64
    RenderBody {BODY} at (8,8) size 784x48
      RenderInline {RUBY} at (0,0) size 528x36
        RenderInline (generated) at (0,0) size 55x36
          RenderText {#text} at (0,6) size 32x36
            text run at (0,6) width 32: "\x{4E16}"
        RenderBlock {RT} at (32,20) size 23x8
          RenderInline {RUBY} at (0,0) size 10x8
            RenderInline (generated) at (0,0) size 10x8
              RenderText {#text} at (1,0) size 10x8
                text run at (1,0) width 8: "\x{3115}"
            RenderBlock {RT} at (11,0) size 11x8
              RenderText {#text} at (1,2) size 10x4
                text run at (1,2) width 3: "\x{2CB}"
        RenderInline (generated) at (0,0) size 55x36
          RenderText {#text} at (55,6) size 32x36
            text run at (55,6) width 32: "\x{4E0A}"
        RenderBlock {RT} at (87,16) size 23x16
          RenderInline {RUBY} at (0,0) size 10x16
            RenderInline (generated) at (0,0) size 10x16
              RenderText {#text} at (1,0) size 10x16
                text run at (1,0) width 16: "\x{3115}\x{3124}"
            RenderBlock {RT} at (11,0) size 11x16
              RenderText {#text} at (1,6) size 10x4
                text run at (1,6) width 3: "\x{2CB}"
        RenderInline (generated) at (0,0) size 55x36
          RenderText {#text} at (110,6) size 32x36
            text run at (110,6) width 32: "\x{7121}"
        RenderBlock {RT} at (142,20) size 23x8
          RenderInline {RUBY} at (0,0) size 10x8
            RenderInline (generated) at (0,0) size 10x8
              RenderText {#text} at (1,0) size 10x8
                text run at (1,0) width 8: "\x{3128}"
            RenderBlock {RT} at (11,0) size 11x8
              RenderText {#text} at (1,2) size 10x4
                text run at (1,2) width 3: "\x{2CA}"
        RenderInline (generated) at (0,0) size 55x36
          RenderText {#text} at (165,6) size 32x36
            text run at (165,6) width 32: "\x{96E3}"
        RenderBlock {RT} at (197,16) size 23x16
          RenderInline {RUBY} at (0,0) size 10x16
            RenderInline (generated) at (0,0) size 10x16
              RenderText {#text} at (1,0) size 10x16
                text run at (1,0) width 16: "\x{310B}\x{3122}"
            RenderBlock {RT} at (11,0) size 11x16
              RenderText {#text} at (1,6) size 10x4
                text run at (1,6) width 3: "\x{2CA}"
        RenderInline (generated) at (0,0) size 55x36
          RenderText {#text} at (220,6) size 32x36
            text run at (220,6) width 32: "\x{4E8B}"
        RenderBlock {RT} at (252,20) size 23x8
          RenderInline {RUBY} at (0,0) size 10x8
            RenderInline (generated) at (0,0) size 10x8
              RenderText {#text} at (1,0) size 10x8
                text run at (1,0) width 8: "\x{3115}"
            RenderBlock {RT} at (11,0) size 11x8
              RenderText {#text} at (1,2) size 10x4
                text run at (1,2) width 3: "\x{2CB}"
        RenderInline (generated) at (0,0) size 44x36
          RenderText {#text} at (275,6) size 32x36
            text run at (275,6) width 32: "\x{53EA}"
        RenderBlock {RT} at (307,18) size 12x12
          RenderText {#text} at (1,0) size 10x11
            text run at (1,0) width 11: "\x{3113}\x{2C7}"
        RenderInline (generated) at (0,0) size 55x36
          RenderText {#text} at (319,6) size 32x36
            text run at (319,6) width 32: "\x{6015}"
        RenderBlock {RT} at (351,16) size 23x16
          RenderInline {RUBY} at (0,0) size 10x16
            RenderInline (generated) at (0,0) size 10x16
              RenderText {#text} at (1,0) size 10x16
                text run at (1,0) width 16: "\x{3106}\x{311A}"
            RenderBlock {RT} at (11,0) size 11x16
              RenderText {#text} at (1,6) size 10x4
                text run at (1,6) width 3: "\x{2CB}"
        RenderInline (generated) at (0,0) size 55x36
          RenderText {#text} at (374,6) size 32x36
            text run at (374,6) width 32: "\x{6709}"
        RenderBlock {RT} at (406,16) size 23x16
          RenderInline {RUBY} at (0,0) size 10x16
            RenderInline (generated) at (0,0) size 10x16
              RenderText {#text} at (1,0) size 10x16
                text run at (1,0) width 16: "\x{3127}\x{3121}"
            RenderBlock {RT} at (11,0) size 11x16
              RenderText {#text} at (1,6) size 10x4
                text run at (1,6) width 3: "\x{2C7}"
        RenderInline (generated) at (0,0) size 44x36
          RenderText {#text} at (429,6) size 32x36
            text run at (429,6) width 32: "\x{5FC3}"
        RenderBlock {RT} at (461,12) size 12x24
          RenderText {#text} at (1,0) size 10x24
            text run at (1,0) width 24: "\x{3112}\x{3127}\x{3123}"
        RenderInline (generated) at (0,0) size 55x36
          RenderText {#text} at (473,6) size 32x36
            text run at (473,6) width 32: "\x{4EBA}"
        RenderBlock {RT} at (505,16) size 23x16
          RenderInline {RUBY} at (0,0) size 10x16
            RenderInline (generated) at (0,0) size 10x16
              RenderText {#text} at (1,0) size 10x16
                text run at (1,0) width 16: "\x{3116}\x{3123}"
            RenderBlock {RT} at (11,0) size 11x16
              RenderText {#text} at (1,6) size 10x4
                text run at (1,6) width 3: "\x{2CA}"
