layer at (0,0) size 800x600
  RenderView at (0,0) size 800x600
layer at (0,0) size 800x64
  RenderBlock {HTML} at (0,0) size 800x64
    RenderBody {BODY} at (8,8) size 784x48
      RenderInline {RUBY} at (0,6) size 512x36
        RenderInline (generated) at (0,6) size 53x36
          RenderText {#text} at (0,6) size 32x36
            text run at (0,6) width 32: "\x{4E16}"
        RenderBlock {RT} at (32,20) size 21x8
          RenderInline {RUBY} at (10,0) size 10x8
            RenderInline (generated) at (10,0) size 10x8
              RenderText {#text} at (1,0) size 10x8
                text run at (1,0) width 8: "\x{3115}"
            RenderBlock {RT} at (11,0) size 10x8
              RenderText {#text} at (0,2) size 10x4
                text run at (0,2) width 3: "\x{2CB}"
        RenderInline (generated) at (53,6) size 53x36
          RenderText {#text} at (53,6) size 32x36
            text run at (53,6) width 32: "\x{4E0A}"
        RenderBlock {RT} at (85,16) size 21x16
          RenderInline {RUBY} at (10,0) size 10x16
            RenderInline (generated) at (10,0) size 10x16
              RenderText {#text} at (1,0) size 10x16
                text run at (1,0) width 16: "\x{3115}\x{3124}"
            RenderBlock {RT} at (11,0) size 10x16
              RenderText {#text} at (0,6) size 10x4
                text run at (0,6) width 3: "\x{2CB}"
        RenderInline (generated) at (106,6) size 53x36
          RenderText {#text} at (106,6) size 32x36
            text run at (106,6) width 32: "\x{7121}"
        RenderBlock {RT} at (138,20) size 21x8
          RenderInline {RUBY} at (10,0) size 10x8
            RenderInline (generated) at (10,0) size 10x8
              RenderText {#text} at (1,0) size 10x8
                text run at (1,0) width 8: "\x{3128}"
            RenderBlock {RT} at (11,0) size 10x8
              RenderText {#text} at (0,2) size 10x4
                text run at (0,2) width 3: "\x{2CA}"
        RenderInline (generated) at (159,6) size 53x36
          RenderText {#text} at (159,6) size 32x36
            text run at (159,6) width 32: "\x{96E3}"
        RenderBlock {RT} at (191,16) size 21x16
          RenderInline {RUBY} at (10,0) size 10x16
            RenderInline (generated) at (10,0) size 10x16
              RenderText {#text} at (1,0) size 10x16
                text run at (1,0) width 16: "\x{310B}\x{3122}"
            RenderBlock {RT} at (11,0) size 10x16
              RenderText {#text} at (0,6) size 10x4
                text run at (0,6) width 3: "\x{2CA}"
        RenderInline (generated) at (212,6) size 53x36
          RenderText {#text} at (212,6) size 32x36
            text run at (212,6) width 32: "\x{4E8B}"
        RenderBlock {RT} at (244,20) size 21x8
          RenderInline {RUBY} at (10,0) size 10x8
            RenderInline (generated) at (10,0) size 10x8
              RenderText {#text} at (1,0) size 10x8
                text run at (1,0) width 8: "\x{3115}"
            RenderBlock {RT} at (11,0) size 10x8
              RenderText {#text} at (0,2) size 10x4
                text run at (0,2) width 3: "\x{2CB}"
        RenderInline (generated) at (265,6) size 44x36
          RenderText {#text} at (265,6) size 32x36
            text run at (265,6) width 32: "\x{53EA}"
        RenderBlock {RT} at (297,18) size 12x12
          RenderText {#text} at (1,0) size 10x11
            text run at (1,0) width 11: "\x{3113}\x{2C7}"
        RenderInline (generated) at (309,6) size 53x36
          RenderText {#text} at (309,6) size 32x36
            text run at (309,6) width 32: "\x{6015}"
        RenderBlock {RT} at (341,16) size 21x16
          RenderInline {RUBY} at (10,0) size 10x16
            RenderInline (generated) at (10,0) size 10x16
              RenderText {#text} at (1,0) size 10x16
                text run at (1,0) width 16: "\x{3106}\x{311A}"
            RenderBlock {RT} at (11,0) size 10x16
              RenderText {#text} at (0,6) size 10x4
                text run at (0,6) width 3: "\x{2CB}"
        RenderInline (generated) at (362,6) size 53x36
          RenderText {#text} at (362,6) size 32x36
            text run at (362,6) width 32: "\x{6709}"
        RenderBlock {RT} at (394,16) size 21x16
          RenderInline {RUBY} at (10,0) size 10x16
            RenderInline (generated) at (10,0) size 10x16
              RenderText {#text} at (1,0) size 10x16
                text run at (1,0) width 16: "\x{3127}\x{3121}"
            RenderBlock {RT} at (11,0) size 10x16
              RenderText {#text} at (0,6) size 10x4
                text run at (0,6) width 3: "\x{2C7}"
        RenderInline (generated) at (415,6) size 44x36
          RenderText {#text} at (415,6) size 32x36
            text run at (415,6) width 32: "\x{5FC3}"
        RenderBlock {RT} at (447,12) size 12x24
          RenderText {#text} at (1,0) size 10x24
            text run at (1,0) width 24: "\x{3112}\x{3127}\x{3123}"
        RenderInline (generated) at (459,6) size 53x36
          RenderText {#text} at (459,6) size 32x36
            text run at (459,6) width 32: "\x{4EBA}"
        RenderBlock {RT} at (491,16) size 21x16
          RenderInline {RUBY} at (10,0) size 10x16
            RenderInline (generated) at (10,0) size 10x16
              RenderText {#text} at (1,0) size 10x16
                text run at (1,0) width 16: "\x{3116}\x{3123}"
            RenderBlock {RT} at (11,0) size 10x16
              RenderText {#text} at (0,6) size 10x4
                text run at (0,6) width 3: "\x{2CA}"
