layer at (0,0) size 800x600
  RenderView at (0,0) size 800x600
layer at (0,0) size 800x600
  RenderBlock {HTML} at (0,0) size 800x600
    RenderBody {BODY} at (8,8) size 784x576
      RenderBlock {P} at (0,0) size 784x52
        RenderInline {RUBY} at (0,0) size 88x19
          RenderInline (generated) at (0,0) size 88x19
            RenderInline {RUBY} at (0,0) size 88x17
              RenderInline (generated) at (0,0) size 18x17
                RenderText {#text} at (1,31) size 16x17
                  text run at (1,31) width 16: "\x{653B}"
              RenderBlock {RT} at (0,16) size 18x15
                RenderText {#text} at (0,2) size 18x10
                  text run at (0,2) width 18: "\x{3053}\x{3046}"
              RenderInline (generated) at (0,0) size 18x17
                RenderText {#text} at (19,31) size 16x17
                  text run at (19,31) width 16: "\x{6BBB}"
              RenderBlock {RT} at (18,16) size 18x15
                RenderText {#text} at (0,2) size 18x10
                  text run at (0,2) width 18: "\x{304B}\x{304F}"
              RenderInline (generated) at (0,0) size 16x17
                RenderText {#text} at (36,31) size 16x17
                  text run at (36,31) width 16: "\x{6A5F}"
              RenderBlock {RT} at (36,16) size 16x15
                RenderText {#text} at (3,2) size 10x10
                  text run at (3,2) width 10: "\x{304D}"
              RenderInline (generated) at (0,0) size 18x17
                RenderText {#text} at (53,31) size 16x17
                  text run at (53,31) width 16: "\x{52D5}"
              RenderBlock {RT} at (52,16) size 18x15
                RenderText {#text} at (0,2) size 18x10
                  text run at (0,2) width 18: "\x{3069}\x{3046}"
              RenderInline (generated) at (0,0) size 18x17
                RenderText {#text} at (71,31) size 16x17
                  text run at (71,31) width 16: "\x{968A}"
              RenderBlock {RT} at (70,16) size 18x15
                RenderText {#text} at (0,2) size 18x10
                  text run at (0,2) width 18: "\x{305F}\x{3044}"
          RenderBlock {RT} at (0,4) size 88x12
            RenderText {#text} at (17,0) size 54x11
              text run at (17,0) width 54: "K\x{14D}kakukid\x{14D}tai"
