layer at (0,0) size 800x600
  RenderView at (0,0) size 800x600
layer at (0,0) size 800x90
  RenderBlock {HTML} at (0,0) size 800x90
    RenderBody {BODY} at (16,16) size 768x58 [color=#0000FF]
      RenderInline {RUBY} at (0,0) size 209x36
        RenderInline (generated) at (0,0) size 187x36
          RenderText {#text} at (81,21) size 24x36
            text run at (81,21) width 24: "A"
        RenderBlock {RT} at (0,1) size 187x20
          RenderInline (generated) at (0,0) size 62x19
            RenderText at (0,0) size 62x19
              text run at (0,0) width 62: "BEFORE"
          RenderText {#text} at (61,0) size 75x19
            text run at (61,0) width 75: "CONTENT"
          RenderInline (generated) at (0,0) size 51x19
            RenderText at (136,0) size 51x19
              text run at (136,0) width 51: "AFTER"
        RenderInline (generated) at (0,0) size 23x36
          RenderText {#text} at (186,21) size 23x36
            text run at (186,21) width 23: "B"
      RenderText {#text} at (0,0) size 0x0
      RenderText {#text} at (0,0) size 0x0
