layer at (0,0) size 800x600
  RenderView at (0,0) size 800x600
layer at (0,0) size 800x600
  RenderBlock {HTML} at (0,0) size 800x600
    RenderBody {BODY} at (8,8) size 784x584
      RenderBlock (anonymous) at (0,0) size 784x60
        RenderText {#text} at (0,0) size 772x39
          text run at (0,0) width 772: "Test that <ruby> rendered as inline-table (or somesuch) is not affected by ruby rendering. Both <div> below should look"
          text run at (0,20) width 61: "the same."
        RenderBR {BR} at (60,20) size 1x19
        RenderBR {BR} at (0,40) size 0x19
      RenderBlock {DIV} at (3,63) size 778x52 [bgcolor=#FFFFDD] [border: (1px solid #000000)]
        RenderText {#text} at (9,22) size 227x19
          text run at (9,22) width 227: "This is some XHTML1.1 text with "
        RenderTable {SPAN} at (235,9) size 40x33
          RenderTableSection {SPAN} at (0,13) size 40x20
            RenderTableRow (anonymous) at (0,0) size 40x20
              RenderTableCell (anonymous) at (0,0) size 40x20 [r=0 c=0 rs=1 cs=1]
                RenderText {#text} at (2,0) size 36x19
                  text run at (2,0) width 36: "Ruby"
          RenderTableSection {SPAN} at (0,0) size 40x13
            RenderTableRow (anonymous) at (0,0) size 40x13
              RenderTableCell (anonymous) at (0,0) size 40x13 [r=0 c=0 rs=1 cs=1]
                RenderText {#text} at (0,0) size 40x12
                  text run at (0,0) width 40: "guide text"
        RenderText {#text} at (274,22) size 58x19
          text run at (274,22) width 58: " markup."
      RenderBlock (anonymous) at (0,117) size 784x21
        RenderBR {BR} at (0,0) size 0x19
      RenderBlock {DIV} at (3,140) size 778x52 [bgcolor=#FFFFDD] [border: (1px solid #000000)]
        RenderText {#text} at (9,22) size 227x19
          text run at (9,22) width 227: "This is some XHTML1.1 text with "
        RenderTable {RUBY} at (235,9) size 40x33
          RenderTableSection {RB} at (0,13) size 40x20
            RenderTableRow (anonymous) at (0,0) size 40x20
              RenderTableCell (anonymous) at (0,0) size 40x20 [r=0 c=0 rs=1 cs=1]
                RenderText {#text} at (2,0) size 36x19
                  text run at (2,0) width 36: "Ruby"
          RenderTableSection {RT} at (0,0) size 40x13
            RenderTableRow (anonymous) at (0,0) size 40x13
              RenderTableCell (anonymous) at (0,0) size 40x13 [r=0 c=0 rs=1 cs=1]
                RenderText {#text} at (0,0) size 40x12
                  text run at (0,0) width 40: "guide text"
        RenderText {#text} at (274,22) size 58x19
          text run at (274,22) width 58: " markup."
