layer at (0,0) size 800x600
  RenderView at (0,0) size 800x600
layer at (0,0) size 800x600
  RenderBlock {HTML} at (0,0) size 800x600
    RenderBody {BODY} at (8,8) size 784x576
      RenderBlock (anonymous) at (0,0) size 784x40
        RenderText {#text} at (0,0) size 228x19
          text run at (0,0) width 228: "This is a initial test for simple ruby."
        RenderBR {BR} at (227,0) size 1x19
        RenderBR {BR} at (0,20) size 0x19
      RenderBlock {P} at (0,56) size 784x32
        RenderText {#text} at (0,12) size 164x19
          text run at (0,12) width 164: "Ruby is often used in the "
        RenderInline {RUBY} at (0,0) size 120x19
          RenderInline (generated) at (0,0) size 120x19
            RenderText {#text} at (163,12) size 120x19
              text run at (163,12) width 120: "Japanese language"
          RenderBlock {RT} at (163,0) size 120x12
            RenderText {#text} at (43,0) size 33x11
              text run at (43,0) width 33: "Nihongo"
        RenderText {#text} at (282,12) size 5x19
          text run at (282,12) width 5: "."
