layer at (0,0) size 785x668
  RenderView at (0,0) size 785x600
layer at (0,0) size 785x668
  RenderBlock {html} at (0,0) size 785x668
    RenderBody {body} at (11,23) size 763x634
      RenderBlock {p} at (0,0) size 762x27 [color=#000080]
        RenderText {#text} at (0,0) size 594x26
          text run at (0,0) width 594: "There should be a blue circle with the word \"TEST\" in it below."
      RenderBlock (anonymous) at (0,50) size 762x584
        RenderSVGRoot {svg} at (11,73) size 577x577
          RenderSVGRect {rect} at (11,73) size 577x577 [fill={[type=SOLID] [color=#0000FF]}] [x=0.00] [y=0.00] [width=400.00] [height=400.00]
          RenderSVGEllipse {circle} at (11,73) size 577x577 [fill={[type=SOLID] [color=#000080]}] [cx=200.00] [cy=200.00] [r=200.00]
          RenderSVGForeignObject {foreignObject} at (0,175) size 400x50 [color=#FFFFFF]
            RenderBlock {div} at (0,0) size 400x59
              RenderText {#text} at (139,1) size 122x57
                text run at (139,1) width 122: "TEST"
        RenderText {#text} at (0,0) size 0x0
        RenderText {#text} at (0,0) size 0x0
        RenderText {#text} at (0,0) size 0x0
        RenderText {#text} at (0,0) size 0x0
