layer at (0,0) size 800x600
  RenderView at (0,0) size 800x600
layer at (0,0) size 800x206
  RenderBlock {html} at (0,0) size 800x206
    RenderBody {body} at (5,5) size 790x195
      RenderTable {table} at (142,0) size 505x195
        RenderTableSection (anonymous) at (0,0) size 504x195
          RenderTableRow {tr} at (0,0) size 504x195
            RenderTableCell {td} at (0,0) size 504x195 [r=0 c=0 rs=1 cs=3]
              RenderTable {table} at (6,6) size 491x182
                RenderTableSection (anonymous) at (0,0) size 490x181
                  RenderTableRow {tr} at (0,1) size 490x68
                    RenderTableCell {td} at (1,1) size 488x68 [r=0 c=0 rs=1 cs=2]
                      RenderBlock {h1} at (5,20) size 477x27
                        RenderText {#text} at (0,0) size 476x25
                          text run at (0,0) width 476: "Both sides should have identical size after zooming"
                  RenderTableRow {tr} at (0,69) size 490x26
                    RenderTableCell {td} at (1,69) size 244x26 [r=1 c=0 rs=1 cs=1]
                      RenderText {#text} at (96,6) size 51x14
                        text run at (96,6) width 51: "SVG Image"
                    RenderTableCell {td} at (245,69) size 244x26 [r=1 c=1 rs=1 cs=1]
                      RenderText {#text} at (94,6) size 54x14
                        text run at (94,6) width 54: "PNG Image"
                  RenderTableRow {tr} at (0,96) size 490x84
                    RenderTableCell {td} at (1,96) size 244x84 [r=2 c=0 rs=1 cs=1]
                      RenderEmbeddedObject {object} at (98,5) size 140x70
                        layer at (0,0) size 139x69
                          RenderView at (0,0) size 139x69
                        layer at (0,0) size 139x69
                          RenderSVGRoot {svg} at (23,0) size 93x69
                            RenderSVGContainer {g} at (28,8) size 73x46
                              RenderSVGRect {rect} at (29,8) size 10x17 [stroke={[type=SOLID] [color=#000000]}] [x=30.00] [y=46.00] [width=50.00] [height=80.00]
                              RenderSVGRect {rect} at (48,8) size 10x17 [fill={[type=SOLID] [color=#FF0000]}] [x=130.00] [y=46.00] [width=50.00] [height=80.00]
                              RenderSVGRect {rect} at (71,8) size 11x17 [stroke={[type=SOLID] [color=#000000]}] [x=250.00] [y=46.00] [width=50.00] [height=80.00]
                              RenderSVGRect {rect} at (90,8) size 11x17 [fill={[type=SOLID] [color=#FF0000]}] [x=350.00] [y=46.00] [width=50.00] [height=80.00]
                              RenderSVGRect {rect} at (28,36) size 12x18 [stroke={[type=SOLID] [color=#0000FF] [stroke width=8.00]}] [x=30.00] [y=196.00] [width=50.00] [height=80.00]
                              RenderSVGRect {rect} at (47,36) size 12x18 [stroke={[type=SOLID] [color=#0000FF] [stroke width=8.00]}] [fill={[type=SOLID] [color=#00FF00]}] [x=130.00] [y=196.00] [width=50.00] [height=80.00]
                              RenderSVGRect {rect} at (70,36) size 12x18 [stroke={[type=SOLID] [color=#0000FF] [stroke width=8.00]}] [x=250.00] [y=196.00] [width=50.00] [height=80.00]
                              RenderSVGRect {rect} at (90,37) size 11x16 [fill={[type=SOLID] [color=#00FF00]}] [x=350.00] [y=196.00] [width=50.00] [height=80.00]
                            RenderSVGText {text} at (10,298) size 272x53 contains 1 chunk(s)
                              RenderSVGInlineText {#text} at (0,0) size 272x53
                                chunk 1 text run 1 at (10.00,340.00) startOffset 0 endOffset 16 width 271.30: "$Revision: 1.7 $"
                            RenderSVGRect {rect} at (23,0) size 93x69 [stroke={[type=SOLID] [color=#000000]}] [x=1.00] [y=1.00] [width=478.00] [height=358.00]
                      RenderText {#text} at (0,0) size 0x0
                    RenderTableCell {td} at (245,96) size 244x84 [r=2 c=1 rs=1 cs=1]
                      RenderImage {img} at (5,5) size 140x70
                      RenderText {#text} at (0,0) size 0x0
