layer at (0,0) size 800x600
  RenderView at (0,0) size 800x600
layer at (0,0) size 800x352
  RenderBlock {html} at (0,0) size 800x353
    RenderBody {body} at (5,11) size 790x331
      RenderBlock {p} at (0,0) size 789x14
        RenderText {#text} at (0,0) size 92x14
          text run at (0,0) width 92: "Text above the rect"
      RenderBlock (anonymous) at (0,25) size 789x281
        RenderEmbeddedObject {object} at (0,0) size 278x278
          layer at (0,0) size 278x278
            RenderView at (0,0) size 278x278
          layer at (0,0) size 278x278
            RenderSVGRoot {svg} at (0,0) size 278x278
              RenderSVGRect {rect} at (0,0) size 278x278 [stroke={[type=SOLID] [color=#008000] [stroke width=5.00]}] [fill={[type=SOLID] [color=#0000FF]}] [x=0.00] [y=0.00] [width=100.00] [height=100.00]
        RenderText {#text} at (0,0) size 0x0
      RenderBlock {p} at (0,316) size 789x15
        RenderText {#text} at (0,0) size 91x14
          text run at (0,0) width 91: "Text below the rect"
