layer at (0,0) size 800x600
  RenderView at (0,0) size 800x600
layer at (0,0) size 800x600
  RenderSVGRoot {svg} at (0,0) size 800x600
    RenderSVGForeignObject {foreignObject} at (0,0) size 250x200
      RenderBlock {xhtml:div} at (0,0) size 250x20
        RenderText {#text} at (0,0) size 75x19
          text run at (0,0) width 75: "This is a text"
      RenderBlock (anonymous) at (0,20) size 250x20
        RenderInline {xhtml:a} at (0,0) size 62x19 [color=#0000EE]
          RenderText {#text} at (0,0) size 62x19
            text run at (0,0) width 62: "and a link."
        RenderBR {xhtml:br} at (62,0) size 0x19
      RenderBlock {xhtml:div} at (0,40) size 250x20
        RenderText {#text} at (0,0) size 53x19
          text run at (0,0) width 53: "[HTML]"
    RenderSVGRect {rect} at (0,0) size 361x289 [stroke={[type=SOLID] [color=#008000]}] [x=0.00] [y=0.00] [width=250.00] [height=200.00]
    RenderSVGForeignObject {foreignObject} at (260,0) size 250x200
      RenderSVGRoot {svg} at (374,7) size 361x281
        RenderSVGContainer {g} at (374,7) size 361x281 [transform={m=((3.00,0.26)(0.26,3.02)) t=(0.00,0.00)}]
          RenderSVGText {text} at (0,1) size 81x19 contains 1 chunk(s)
            RenderSVGInlineText {#text} at (0,0) size 81x19
              chunk 1 text run 1 at (0.00,16.00) startOffset 0 endOffset 14 width 80.06: "This is a text"
          RenderSVGContainer {a} at (381,89) size 288x106
            RenderSVGText {text} at (0,20) size 65x19 contains 1 chunk(s)
              RenderSVGInlineText {#text} at (0,0) size 65x19
                chunk 1 text run 1 at (0.00,35.00) startOffset 0 endOffset 11 width 64.51: "and a link."
          RenderSVGText {text} at (0,41) size 43x19 contains 1 chunk(s)
            RenderSVGInlineText {#text} at (0,0) size 43x19
              chunk 1 text run 1 at (0.00,56.00) startOffset 0 endOffset 5 width 42.67: "[SVG]"
      RenderText {#text} at (0,0) size 0x0
    RenderSVGRect {rect} at (373,0) size 363x289 [stroke={[type=SOLID] [color=#008000]}] [x=260.00] [y=0.00] [width=250.00] [height=200.00]
    RenderSVGHiddenContainer {defs} at (0,0) size 0x0
