layer at (0,0) size 800x600
  RenderView at (0,0) size 800x600
layer at (0,0) size 800x347
  RenderBlock {HTML} at (0,0) size 800x348
    RenderBody {BODY} at (5,5) size 790x337
      RenderTable {TABLE} at (0,0) size 471x337
        RenderTableSection {TBODY} at (0,0) size 471x337
          RenderTableRow {TR} at (0,1) size 471x16
            RenderTableCell {TH} at (1,1) size 65x16 [bgcolor=#DDDD99] [r=0 c=0 rs=1 cs=1]
              RenderText {#text} at (5,1) size 54x14
                text run at (5,1) width 54: "viewBox?"
            RenderTableCell {TH} at (67,1) size 119x16 [bgcolor=#DDDD99] [r=0 c=1 rs=1 cs=1]
              RenderText {#text} at (0,1) size 118x14
                text run at (0,1) width 118: "preserve\x{AD}Aspect\x{AD}Ratio"
            RenderTableCell {TH} at (186,1) size 142x16 [bgcolor=#DDDD99] [r=0 c=2 rs=1 cs=1]
              RenderText {#text} at (53,1) size 34x14
                text run at (53,1) width 34: "<img>"
            RenderTableCell {TH} at (328,1) size 141x16 [bgcolor=#DDDD99] [r=0 c=3 rs=1 cs=1]
              RenderText {#text} at (47,1) size 47x14
                text run at (47,1) width 47: "<object>"
          RenderTableRow {TR} at (0,18) size 471x39
            RenderTableCell {TH} at (1,89) size 65x16 [bgcolor=#DDDD99] [r=1 c=0 rs=4 cs=1]
              RenderText {#text} at (0,0) size 64x15
                text run at (0,1) width 64: "No viewBox"
            RenderTableCell {TH} at (67,36) size 119x2 [bgcolor=#DDDD99] [r=1 c=1 rs=1 cs=1]
            RenderTableCell {TD} at (186,18) size 142x39 [r=1 c=2 rs=1 cs=1]
              RenderImage {IMG} at (0,0) size 140x36 [border: (1px dashed #800000)]
              RenderText {#text} at (0,0) size 0x0
            RenderTableCell {TD} at (328,18) size 141x39 [r=1 c=3 rs=1 cs=1]
              RenderEmbeddedObject {OBJECT} at (0,0) size 140x36 [border: (1px dashed #008000)]
                layer at (0,0) size 133x29
                  RenderView at (0,0) size 133x29
                layer at (0,0) size 133x29
                  RenderSVGRoot {svg} at (0,0) size 133x29
                    RenderSVGEllipse {circle} at (0,0) size 133x29 [stroke={[type=SOLID] [color=#000000]}] [fill={[type=SOLID] [color=#D9BB7A] [fill rule=EVEN-ODD]}] [cx=110.00] [cy=110.00] [r=110.00]
              RenderText {#text} at (0,0) size 0x0
          RenderTableRow {TR} at (0,57) size 471x40
            RenderTableCell {TH} at (67,69) size 119x16 [bgcolor=#DDDD99] [r=2 c=1 rs=1 cs=1]
              RenderText {#text} at (45,0) size 29x15
                text run at (45,1) width 29: "none"
            RenderTableCell {TD} at (186,57) size 142x40 [r=2 c=2 rs=1 cs=1]
              RenderImage {IMG} at (0,0) size 140x36 [border: (1px dashed #800000)]
              RenderText {#text} at (0,0) size 0x0
            RenderTableCell {TD} at (328,57) size 141x40 [r=2 c=3 rs=1 cs=1]
              RenderEmbeddedObject {OBJECT} at (0,0) size 140x36 [border: (1px dashed #008000)]
                layer at (0,0) size 133x29
                  RenderView at (0,0) size 133x29
                layer at (0,0) size 133x29
                  RenderSVGRoot {svg} at (0,0) size 133x29
                    RenderSVGHiddenContainer {defs} at (0,0) size 0x0
                    RenderSVGContainer {g} at (0,0) size 133x29 [transform={m=((1.00,0.00)(0.00,1.00)) t=(-162.36,-403.29)}]
                      RenderSVGPath {path} at (0,0) size 133x29 [stroke={[type=SOLID] [color=#000000]}] [fill={[type=SOLID] [color=#D9BB7A] [fill rule=EVEN-ODD]}] [data="M 525.714 585.219 C 525.714 685.419 444.486 766.648 344.286 766.648 C 244.085 766.648 162.857 685.419 162.857 585.219 C 162.857 485.019 244.085 403.791 344.286 403.791 C 444.486 403.791 525.714 485.019 525.714 585.219 Z"]
              RenderText {#text} at (0,0) size 0x0
          RenderTableRow {TR} at (0,97) size 471x39
            RenderTableCell {TH} at (67,109) size 119x16 [bgcolor=#DDDD99] [r=3 c=1 rs=1 cs=1]
              RenderText {#text} at (44,0) size 30x15
                text run at (44,1) width 30: "meet"
            RenderTableCell {TD} at (186,97) size 142x39 [r=3 c=2 rs=1 cs=1]
              RenderImage {IMG} at (0,0) size 140x36 [border: (1px dashed #800000)]
              RenderText {#text} at (0,0) size 0x0
            RenderTableCell {TD} at (328,97) size 141x39 [r=3 c=3 rs=1 cs=1]
              RenderEmbeddedObject {OBJECT} at (0,0) size 140x36 [border: (1px dashed #008000)]
                layer at (0,0) size 133x29
                  RenderView at (0,0) size 133x29
                layer at (0,0) size 133x29
                  RenderSVGRoot {svg} at (0,0) size 133x29
                    RenderSVGHiddenContainer {defs} at (0,0) size 0x0
                    RenderSVGContainer {g} at (0,0) size 133x29 [transform={m=((1.00,0.00)(0.00,1.00)) t=(-162.36,-403.29)}]
                      RenderSVGPath {path} at (0,0) size 133x29 [stroke={[type=SOLID] [color=#000000]}] [fill={[type=SOLID] [color=#D9BB7A] [fill rule=EVEN-ODD]}] [data="M 525.714 585.219 C 525.714 685.419 444.486 766.648 344.286 766.648 C 244.085 766.648 162.857 685.419 162.857 585.219 C 162.857 485.019 244.085 403.791 344.286 403.791 C 444.486 403.791 525.714 485.019 525.714 585.219 Z"]
              RenderText {#text} at (0,0) size 0x0
          RenderTableRow {TR} at (0,137) size 471x39
            RenderTableCell {TH} at (67,148) size 119x17 [bgcolor=#DDDD99] [r=4 c=1 rs=1 cs=1]
              RenderText {#text} at (46,0) size 27x15
                text run at (46,1) width 27: "slice"
            RenderTableCell {TD} at (186,137) size 142x39 [r=4 c=2 rs=1 cs=1]
              RenderImage {IMG} at (0,0) size 140x36 [border: (1px dashed #800000)]
              RenderText {#text} at (0,0) size 0x0
            RenderTableCell {TD} at (328,137) size 141x39 [r=4 c=3 rs=1 cs=1]
              RenderEmbeddedObject {OBJECT} at (0,0) size 140x36 [border: (1px dashed #008000)]
                layer at (0,0) size 133x29
                  RenderView at (0,0) size 133x29
                layer at (0,0) size 133x29
                  RenderSVGRoot {svg} at (0,0) size 133x29
                    RenderSVGHiddenContainer {defs} at (0,0) size 0x0
                    RenderSVGContainer {g} at (0,0) size 133x29 [transform={m=((1.00,0.00)(0.00,1.00)) t=(-162.36,-403.29)}]
                      RenderSVGPath {path} at (0,0) size 133x29 [stroke={[type=SOLID] [color=#000000]}] [fill={[type=SOLID] [color=#D9BB7A] [fill rule=EVEN-ODD]}] [data="M 525.714 585.219 C 525.714 685.419 444.486 766.648 344.286 766.648 C 244.085 766.648 162.857 685.419 162.857 585.219 C 162.857 485.019 244.085 403.791 344.286 403.791 C 444.486 403.791 525.714 485.019 525.714 585.219 Z"]
              RenderText {#text} at (0,0) size 0x0
          RenderTableRow {TR} at (0,177) size 471x39
            RenderTableCell {TH} at (1,248) size 65x16 [bgcolor=#DDDD99] [r=5 c=0 rs=4 cs=1]
              RenderText {#text} at (9,0) size 47x15
                text run at (9,1) width 47: "viewBox"
            RenderTableCell {TH} at (67,195) size 119x2 [bgcolor=#DDDD99] [r=5 c=1 rs=1 cs=1]
            RenderTableCell {TD} at (186,177) size 142x39 [r=5 c=2 rs=1 cs=1]
              RenderImage {IMG} at (0,0) size 140x36 [border: (1px dashed #800000)]
              RenderText {#text} at (0,0) size 0x0
            RenderTableCell {TD} at (328,177) size 141x39 [r=5 c=3 rs=1 cs=1]
              RenderEmbeddedObject {OBJECT} at (0,0) size 140x36 [border: (1px dashed #008000)]
                layer at (0,0) size 133x29
                  RenderView at (0,0) size 133x29
                layer at (0,0) size 133x29
                  RenderSVGRoot {svg} at (51,0) size 23x22
                    RenderSVGHiddenContainer {defs} at (0,0) size 0x0
                    RenderSVGContainer {g} at (51,0) size 23x22 [transform={m=((1.00,0.00)(0.00,1.00)) t=(-162.36,-403.29)}]
                      RenderSVGPath {path} at (51,0) size 23x22 [stroke={[type=SOLID] [color=#000000]}] [fill={[type=SOLID] [color=#D9BB7A] [fill rule=EVEN-ODD]}] [data="M 525.714 585.219 C 525.714 685.419 444.486 766.648 344.286 766.648 C 244.085 766.648 162.857 685.419 162.857 585.219 C 162.857 485.019 244.085 403.791 344.286 403.791 C 444.486 403.791 525.714 485.019 525.714 585.219 Z"]
              RenderText {#text} at (0,0) size 0x0
          RenderTableRow {TR} at (0,216) size 471x40
            RenderTableCell {TH} at (67,228) size 119x16 [bgcolor=#DDDD99] [r=6 c=1 rs=1 cs=1]
              RenderText {#text} at (45,0) size 29x15
                text run at (45,1) width 29: "none"
            RenderTableCell {TD} at (186,216) size 142x40 [r=6 c=2 rs=1 cs=1]
              RenderImage {IMG} at (0,0) size 140x36 [border: (1px dashed #800000)]
              RenderText {#text} at (0,0) size 0x0
            RenderTableCell {TD} at (328,216) size 141x40 [r=6 c=3 rs=1 cs=1]
              RenderEmbeddedObject {OBJECT} at (0,0) size 140x36 [border: (1px dashed #008000)]
                layer at (0,0) size 133x29
                  RenderView at (0,0) size 133x29
                layer at (0,0) size 133x29
                  RenderSVGRoot {svg} at (0,0) size 97x22
                    RenderSVGHiddenContainer {defs} at (0,0) size 0x0
                    RenderSVGContainer {g} at (0,0) size 97x22 [transform={m=((1.00,0.00)(0.00,1.00)) t=(-162.36,-403.29)}]
                      RenderSVGPath {path} at (0,0) size 97x22 [stroke={[type=SOLID] [color=#000000]}] [fill={[type=SOLID] [color=#D9BB7A] [fill rule=EVEN-ODD]}] [data="M 525.714 585.219 C 525.714 685.419 444.486 766.648 344.286 766.648 C 244.085 766.648 162.857 685.419 162.857 585.219 C 162.857 485.019 244.085 403.791 344.286 403.791 C 444.486 403.791 525.714 485.019 525.714 585.219 Z"]
              RenderText {#text} at (0,0) size 0x0
          RenderTableRow {TR} at (0,256) size 471x39
            RenderTableCell {TH} at (67,268) size 119x16 [bgcolor=#DDDD99] [r=7 c=1 rs=1 cs=1]
              RenderText {#text} at (44,0) size 30x15
                text run at (44,1) width 30: "meet"
            RenderTableCell {TD} at (186,256) size 142x39 [r=7 c=2 rs=1 cs=1]
              RenderImage {IMG} at (0,0) size 140x36 [border: (1px dashed #800000)]
              RenderText {#text} at (0,0) size 0x0
            RenderTableCell {TD} at (328,256) size 141x39 [r=7 c=3 rs=1 cs=1]
              RenderEmbeddedObject {OBJECT} at (0,0) size 140x36 [border: (1px dashed #008000)]
                layer at (0,0) size 133x29
                  RenderView at (0,0) size 133x29
                layer at (0,0) size 133x29
                  RenderSVGRoot {svg} at (51,0) size 23x22
                    RenderSVGHiddenContainer {defs} at (0,0) size 0x0
                    RenderSVGContainer {g} at (51,0) size 23x22 [transform={m=((1.00,0.00)(0.00,1.00)) t=(-162.36,-403.29)}]
                      RenderSVGPath {path} at (51,0) size 23x22 [stroke={[type=SOLID] [color=#000000]}] [fill={[type=SOLID] [color=#D9BB7A] [fill rule=EVEN-ODD]}] [data="M 525.714 585.219 C 525.714 685.419 444.486 766.648 344.286 766.648 C 244.085 766.648 162.857 685.419 162.857 585.219 C 162.857 485.019 244.085 403.791 344.286 403.791 C 444.486 403.791 525.714 485.019 525.714 585.219 Z"]
              RenderText {#text} at (0,0) size 0x0
          RenderTableRow {TR} at (0,296) size 471x39
            RenderTableCell {TH} at (67,307) size 119x17 [bgcolor=#DDDD99] [r=8 c=1 rs=1 cs=1]
              RenderText {#text} at (46,0) size 27x15
                text run at (46,1) width 27: "slice"
            RenderTableCell {TD} at (186,296) size 142x39 [r=8 c=2 rs=1 cs=1]
              RenderImage {IMG} at (0,0) size 140x36 [border: (1px dashed #800000)]
              RenderText {#text} at (0,0) size 0x0
            RenderTableCell {TD} at (328,296) size 141x39 [r=8 c=3 rs=1 cs=1]
              RenderEmbeddedObject {OBJECT} at (0,0) size 140x36 [border: (1px dashed #008000)]
                layer at (0,0) size 133x29
                  RenderView at (0,0) size 133x29
                layer at (0,0) size 133x29
                  RenderSVGRoot {svg} at (0,0) size 97x29
                    RenderSVGHiddenContainer {defs} at (0,0) size 0x0
                    RenderSVGContainer {g} at (0,0) size 97x29 [transform={m=((1.00,0.00)(0.00,1.00)) t=(-162.36,-403.29)}]
                      RenderSVGPath {path} at (0,0) size 97x29 [stroke={[type=SOLID] [color=#000000]}] [fill={[type=SOLID] [color=#D9BB7A] [fill rule=EVEN-ODD]}] [data="M 525.714 585.219 C 525.714 685.419 444.486 766.648 344.286 766.648 C 244.085 766.648 162.857 685.419 162.857 585.219 C 162.857 485.019 244.085 403.791 344.286 403.791 C 444.486 403.791 525.714 485.019 525.714 585.219 Z"]
              RenderText {#text} at (0,0) size 0x0
