layer at (0,0) size 785x4727
  RenderView at (0,0) size 785x600
layer at (0,0) size 785x4727
  RenderBlock {HTML} at (0,0) size 785x4727
    RenderBody {BODY} at (8,8) size 769x4703
      RenderBlock (anonymous) at (0,0) size 769x18
        RenderText {#text} at (0,0) size 351x17
          text run at (0,0) width 351: "This tests font choices and metrics for monospace fonts."
      RenderBlock {P} at (0,34) size 769x180
        RenderInline {FONT} at (0,0) size 750x180
          RenderText {#text} at (0,0) size 60x18
            text run at (0,0) width 60: "Monaco"
          RenderBR {BR} at (60,0) size 0x18
          RenderText {#text} at (0,18) size 750x54
            text run at (0,18) width 750: "  ! \" # $ % & ' ( ) * + , - . / 0 1 2 3 4 5 6 7 8 9 : ; < = > ? @ A B C D E"
            text run at (0,36) width 750: "F G H I J K L M N O P Q R S T U V W X Y Z [ \\ ] ^ _ ` a b c d e f g h i j k"
            text run at (0,54) width 370: "l m n o p q r s t u v w x y z { | } >"
          RenderBR {BR} at (370,54) size 0x18
          RenderInline {B} at (0,72) size 750x54
            RenderText {#text} at (0,72) size 750x54
              text run at (0,72) width 750: "  ! \" # $ % & ' ( ) * + , - . / 0 1 2 3 4 5 6 7 8 9 : ; < = > ? @ A B C D E"
              text run at (0,90) width 750: "F G H I J K L M N O P Q R S T U V W X Y Z [ \\ ] ^ _ ` a b c d e f g h i j k"
              text run at (0,108) width 370: "l m n o p q r s t u v w x y z { | } >"
          RenderBR {BR} at (370,108) size 0x18
          RenderInline {I} at (0,126) size 750x54
            RenderText {#text} at (0,126) size 750x54
              text run at (0,126) width 750: "  ! \" # $ % & ' ( ) * + , - . / 0 1 2 3 4 5 6 7 8 9 : ; < = > ? @ A B C D E"
              text run at (0,144) width 750: "F G H I J K L M N O P Q R S T U V W X Y Z [ \\ ] ^ _ ` a b c d e f g h i j k"
              text run at (0,162) width 370: "l m n o p q r s t u v w x y z { | } >"
          RenderText {#text} at (0,0) size 0x0
        RenderText {#text} at (0,0) size 0x0
      RenderBlock {P} at (0,230) size 769x180
        RenderInline {FONT} at (0,0) size 750x180
          RenderText {#text} at (0,0) size 70x18
            text run at (0,0) width 70: "Courier"
          RenderBR {BR} at (70,0) size 0x18
          RenderText {#text} at (0,18) size 750x54
            text run at (0,18) width 750: "  ! \" # $ % & ' ( ) * + , - . / 0 1 2 3 4 5 6 7 8 9 : ; < = > ? @ A B C D E"
            text run at (0,36) width 750: "F G H I J K L M N O P Q R S T U V W X Y Z [ \\ ] ^ _ ` a b c d e f g h i j k"
            text run at (0,54) width 370: "l m n o p q r s t u v w x y z { | } >"
          RenderBR {BR} at (370,54) size 0x18
          RenderInline {B} at (0,72) size 750x54
            RenderText {#text} at (0,72) size 750x54
              text run at (0,72) width 750: "  ! \" # $ % & ' ( ) * + , - . / 0 1 2 3 4 5 6 7 8 9 : ; < = > ? @ A B C D E"
              text run at (0,90) width 750: "F G H I J K L M N O P Q R S T U V W X Y Z [ \\ ] ^ _ ` a b c d e f g h i j k"
              text run at (0,108) width 370: "l m n o p q r s t u v w x y z { | } >"
          RenderBR {BR} at (370,108) size 0x18
          RenderInline {I} at (0,126) size 750x54
            RenderText {#text} at (0,126) size 750x54
              text run at (0,126) width 750: "  ! \" # $ % & ' ( ) * + , - . / 0 1 2 3 4 5 6 7 8 9 : ; < = > ? @ A B C D E"
              text run at (0,144) width 750: "F G H I J K L M N O P Q R S T U V W X Y Z [ \\ ] ^ _ ` a b c d e f g h i j k"
              text run at (0,162) width 370: "l m n o p q r s t u v w x y z { | } >"
          RenderText {#text} at (0,0) size 0x0
        RenderText {#text} at (0,0) size 0x0
      RenderBlock {P} at (0,426) size 769x1425
        RenderInline {FONT} at (0,1) size 72x1424
          RenderText {#text} at (0,1) size 72x15
            text run at (0,1) width 72: "monospace"
          RenderBR {BR} at (72,1) size 0x14
          RenderText {#text} at (0,16) size 32x15
            text run at (0,16) width 32: "    "
          RenderBR {BR} at (32,16) size 0x14
          RenderText {#text} at (0,31) size 32x15
            text run at (0,31) width 32: "!!!!"
          RenderBR {BR} at (32,31) size 0x14
          RenderText {#text} at (0,46) size 32x15
            text run at (0,46) width 32: "\"\"\"\""
          RenderBR {BR} at (32,46) size 0x14
          RenderText {#text} at (0,61) size 32x15
            text run at (0,61) width 32: "####"
          RenderBR {BR} at (32,61) size 0x14
          RenderText {#text} at (0,76) size 32x15
            text run at (0,76) width 32: "$$$$"
          RenderBR {BR} at (32,76) size 0x14
          RenderText {#text} at (0,91) size 32x15
            text run at (0,91) width 32: "%%%%"
          RenderBR {BR} at (32,91) size 0x14
          RenderText {#text} at (0,106) size 32x15
            text run at (0,106) width 32: "&&&&"
          RenderBR {BR} at (32,106) size 0x14
          RenderText {#text} at (0,121) size 32x15
            text run at (0,121) width 32: "''''"
          RenderBR {BR} at (32,121) size 0x14
          RenderText {#text} at (0,136) size 32x15
            text run at (0,136) width 32: "(((("
          RenderBR {BR} at (32,136) size 0x14
          RenderText {#text} at (0,151) size 32x15
            text run at (0,151) width 32: "))))"
          RenderBR {BR} at (32,151) size 0x14
          RenderText {#text} at (0,166) size 32x15
            text run at (0,166) width 32: "****"
          RenderBR {BR} at (32,166) size 0x14
          RenderText {#text} at (0,181) size 32x15
            text run at (0,181) width 32: "++++"
          RenderBR {BR} at (32,181) size 0x14
          RenderText {#text} at (0,196) size 32x15
            text run at (0,196) width 32: ",,,,"
          RenderBR {BR} at (32,196) size 0x14
          RenderText {#text} at (0,211) size 32x15
            text run at (0,211) width 32: "----"
          RenderBR {BR} at (32,211) size 0x14
          RenderText {#text} at (0,226) size 32x15
            text run at (0,226) width 32: "...."
          RenderBR {BR} at (32,226) size 0x14
          RenderText {#text} at (0,241) size 32x15
            text run at (0,241) width 32: "////"
          RenderBR {BR} at (32,241) size 0x14
          RenderText {#text} at (0,256) size 32x15
            text run at (0,256) width 32: "0000"
          RenderBR {BR} at (32,256) size 0x14
          RenderText {#text} at (0,271) size 32x15
            text run at (0,271) width 32: "1111"
          RenderBR {BR} at (32,271) size 0x14
          RenderText {#text} at (0,286) size 32x15
            text run at (0,286) width 32: "2222"
          RenderBR {BR} at (32,286) size 0x14
          RenderText {#text} at (0,301) size 32x15
            text run at (0,301) width 32: "3333"
          RenderBR {BR} at (32,301) size 0x14
          RenderText {#text} at (0,316) size 32x15
            text run at (0,316) width 32: "4444"
          RenderBR {BR} at (32,316) size 0x14
          RenderText {#text} at (0,331) size 32x15
            text run at (0,331) width 32: "5555"
          RenderBR {BR} at (32,331) size 0x14
          RenderText {#text} at (0,346) size 32x15
            text run at (0,346) width 32: "6666"
          RenderBR {BR} at (32,346) size 0x14
          RenderText {#text} at (0,361) size 32x15
            text run at (0,361) width 32: "7777"
          RenderBR {BR} at (32,361) size 0x14
          RenderText {#text} at (0,376) size 32x15
            text run at (0,376) width 32: "8888"
          RenderBR {BR} at (32,376) size 0x14
          RenderText {#text} at (0,391) size 32x15
            text run at (0,391) width 32: "9999"
          RenderBR {BR} at (32,391) size 0x14
          RenderText {#text} at (0,406) size 32x15
            text run at (0,406) width 32: "::::"
          RenderBR {BR} at (32,406) size 0x14
          RenderText {#text} at (0,421) size 32x15
            text run at (0,421) width 32: ";;;;"
          RenderBR {BR} at (32,421) size 0x14
          RenderText {#text} at (0,436) size 32x15
            text run at (0,436) width 32: "<<<<"
          RenderBR {BR} at (32,436) size 0x14
          RenderText {#text} at (0,451) size 32x15
            text run at (0,451) width 32: "===="
          RenderBR {BR} at (32,451) size 0x14
          RenderText {#text} at (0,466) size 32x15
            text run at (0,466) width 32: ">>>>"
          RenderBR {BR} at (32,466) size 0x14
          RenderText {#text} at (0,481) size 32x15
            text run at (0,481) width 32: "????"
          RenderBR {BR} at (32,481) size 0x14
          RenderText {#text} at (0,496) size 32x15
            text run at (0,496) width 32: "@@@@"
          RenderBR {BR} at (32,496) size 0x14
          RenderText {#text} at (0,511) size 32x15
            text run at (0,511) width 32: "AAAA"
          RenderBR {BR} at (32,511) size 0x14
          RenderText {#text} at (0,526) size 32x15
            text run at (0,526) width 32: "BBBB"
          RenderBR {BR} at (32,526) size 0x14
          RenderText {#text} at (0,541) size 32x15
            text run at (0,541) width 32: "CCCC"
          RenderBR {BR} at (32,541) size 0x14
          RenderText {#text} at (0,556) size 32x15
            text run at (0,556) width 32: "DDDD"
          RenderBR {BR} at (32,556) size 0x14
          RenderText {#text} at (0,571) size 32x15
            text run at (0,571) width 32: "EEEE"
          RenderBR {BR} at (32,571) size 0x14
          RenderText {#text} at (0,586) size 32x15
            text run at (0,586) width 32: "FFFF"
          RenderBR {BR} at (32,586) size 0x14
          RenderText {#text} at (0,601) size 32x15
            text run at (0,601) width 32: "GGGG"
          RenderBR {BR} at (32,601) size 0x14
          RenderText {#text} at (0,616) size 32x15
            text run at (0,616) width 32: "HHHH"
          RenderBR {BR} at (32,616) size 0x14
          RenderText {#text} at (0,631) size 32x15
            text run at (0,631) width 32: "IIII"
          RenderBR {BR} at (32,631) size 0x14
          RenderText {#text} at (0,646) size 32x15
            text run at (0,646) width 32: "JJJJ"
          RenderBR {BR} at (32,646) size 0x14
          RenderText {#text} at (0,661) size 32x15
            text run at (0,661) width 32: "KKKK"
          RenderBR {BR} at (32,661) size 0x14
          RenderText {#text} at (0,676) size 32x15
            text run at (0,676) width 32: "LLLL"
          RenderBR {BR} at (32,676) size 0x14
          RenderText {#text} at (0,691) size 32x15
            text run at (0,691) width 32: "MMMM"
          RenderBR {BR} at (32,691) size 0x14
          RenderText {#text} at (0,706) size 32x15
            text run at (0,706) width 32: "NNNN"
          RenderBR {BR} at (32,706) size 0x14
          RenderText {#text} at (0,721) size 32x15
            text run at (0,721) width 32: "OOOO"
          RenderBR {BR} at (32,721) size 0x14
          RenderText {#text} at (0,736) size 32x15
            text run at (0,736) width 32: "PPPP"
          RenderBR {BR} at (32,736) size 0x14
          RenderText {#text} at (0,751) size 32x15
            text run at (0,751) width 32: "QQQQ"
          RenderBR {BR} at (32,751) size 0x14
          RenderText {#text} at (0,766) size 32x15
            text run at (0,766) width 32: "RRRR"
          RenderBR {BR} at (32,766) size 0x14
          RenderText {#text} at (0,781) size 32x15
            text run at (0,781) width 32: "SSSS"
          RenderBR {BR} at (32,781) size 0x14
          RenderText {#text} at (0,796) size 32x15
            text run at (0,796) width 32: "TTTT"
          RenderBR {BR} at (32,796) size 0x14
          RenderText {#text} at (0,811) size 32x15
            text run at (0,811) width 32: "UUUU"
          RenderBR {BR} at (32,811) size 0x14
          RenderText {#text} at (0,826) size 32x15
            text run at (0,826) width 32: "VVVV"
          RenderBR {BR} at (32,826) size 0x14
          RenderText {#text} at (0,841) size 32x15
            text run at (0,841) width 32: "WWWW"
          RenderBR {BR} at (32,841) size 0x14
          RenderText {#text} at (0,856) size 32x15
            text run at (0,856) width 32: "XXXX"
          RenderBR {BR} at (32,856) size 0x14
          RenderText {#text} at (0,871) size 32x15
            text run at (0,871) width 32: "YYYY"
          RenderBR {BR} at (32,871) size 0x14
          RenderText {#text} at (0,886) size 32x15
            text run at (0,886) width 32: "ZZZZ"
          RenderBR {BR} at (32,886) size 0x14
          RenderText {#text} at (0,901) size 32x15
            text run at (0,901) width 32: "[[[["
          RenderBR {BR} at (32,901) size 0x14
          RenderText {#text} at (0,916) size 32x15
            text run at (0,916) width 32: "\\\\\\\\"
          RenderBR {BR} at (32,916) size 0x14
          RenderText {#text} at (0,931) size 32x15
            text run at (0,931) width 32: "]]]]"
          RenderBR {BR} at (32,931) size 0x14
          RenderText {#text} at (0,946) size 32x15
            text run at (0,946) width 32: "^^^^"
          RenderBR {BR} at (32,946) size 0x14
          RenderText {#text} at (0,961) size 32x15
            text run at (0,961) width 32: "____"
          RenderBR {BR} at (32,961) size 0x14
          RenderText {#text} at (0,976) size 32x15
            text run at (0,976) width 32: "````"
          RenderBR {BR} at (32,976) size 0x14
          RenderText {#text} at (0,991) size 32x15
            text run at (0,991) width 32: "aaaa"
          RenderBR {BR} at (32,991) size 0x14
          RenderText {#text} at (0,1006) size 32x15
            text run at (0,1006) width 32: "bbbb"
          RenderBR {BR} at (32,1006) size 0x14
          RenderText {#text} at (0,1021) size 32x15
            text run at (0,1021) width 32: "cccc"
          RenderBR {BR} at (32,1021) size 0x14
          RenderText {#text} at (0,1036) size 32x15
            text run at (0,1036) width 32: "dddd"
          RenderBR {BR} at (32,1036) size 0x14
          RenderText {#text} at (0,1051) size 32x15
            text run at (0,1051) width 32: "eeee"
          RenderBR {BR} at (32,1051) size 0x14
          RenderText {#text} at (0,1066) size 32x15
            text run at (0,1066) width 32: "ffff"
          RenderBR {BR} at (32,1066) size 0x14
          RenderText {#text} at (0,1081) size 32x15
            text run at (0,1081) width 32: "gggg"
          RenderBR {BR} at (32,1081) size 0x14
          RenderText {#text} at (0,1096) size 32x15
            text run at (0,1096) width 32: "hhhh"
          RenderBR {BR} at (32,1096) size 0x14
          RenderText {#text} at (0,1111) size 32x15
            text run at (0,1111) width 32: "iiii"
          RenderBR {BR} at (32,1111) size 0x14
          RenderText {#text} at (0,1126) size 32x15
            text run at (0,1126) width 32: "jjjj"
          RenderBR {BR} at (32,1126) size 0x14
          RenderText {#text} at (0,1141) size 32x15
            text run at (0,1141) width 32: "kkkk"
          RenderBR {BR} at (32,1141) size 0x14
          RenderText {#text} at (0,1156) size 32x15
            text run at (0,1156) width 32: "llll"
          RenderBR {BR} at (32,1156) size 0x14
          RenderText {#text} at (0,1171) size 32x15
            text run at (0,1171) width 32: "mmmm"
          RenderBR {BR} at (32,1171) size 0x14
          RenderText {#text} at (0,1186) size 32x15
            text run at (0,1186) width 32: "nnnn"
          RenderBR {BR} at (32,1186) size 0x14
          RenderText {#text} at (0,1201) size 32x15
            text run at (0,1201) width 32: "oooo"
          RenderBR {BR} at (32,1201) size 0x14
          RenderText {#text} at (0,1216) size 32x15
            text run at (0,1216) width 32: "pppp"
          RenderBR {BR} at (32,1216) size 0x14
          RenderText {#text} at (0,1231) size 32x15
            text run at (0,1231) width 32: "qqqq"
          RenderBR {BR} at (32,1231) size 0x14
          RenderText {#text} at (0,1246) size 32x15
            text run at (0,1246) width 32: "rrrr"
          RenderBR {BR} at (32,1246) size 0x14
          RenderText {#text} at (0,1261) size 32x15
            text run at (0,1261) width 32: "ssss"
          RenderBR {BR} at (32,1261) size 0x14
          RenderText {#text} at (0,1276) size 32x15
            text run at (0,1276) width 32: "tttt"
          RenderBR {BR} at (32,1276) size 0x14
          RenderText {#text} at (0,1291) size 32x15
            text run at (0,1291) width 32: "uuuu"
          RenderBR {BR} at (32,1291) size 0x14
          RenderText {#text} at (0,1306) size 32x15
            text run at (0,1306) width 32: "vvvv"
          RenderBR {BR} at (32,1306) size 0x14
          RenderText {#text} at (0,1321) size 32x15
            text run at (0,1321) width 32: "wwww"
          RenderBR {BR} at (32,1321) size 0x14
          RenderText {#text} at (0,1336) size 32x15
            text run at (0,1336) width 32: "xxxx"
          RenderBR {BR} at (32,1336) size 0x14
          RenderText {#text} at (0,1351) size 32x15
            text run at (0,1351) width 32: "yyyy"
          RenderBR {BR} at (32,1351) size 0x14
          RenderText {#text} at (0,1366) size 32x15
            text run at (0,1366) width 32: "zzzz"
          RenderBR {BR} at (32,1366) size 0x14
          RenderText {#text} at (0,1381) size 32x15
            text run at (0,1381) width 32: "{{{{"
          RenderBR {BR} at (32,1381) size 0x14
          RenderText {#text} at (0,1396) size 32x15
            text run at (0,1396) width 32: "||||"
          RenderBR {BR} at (32,1396) size 0x14
          RenderText {#text} at (0,1411) size 32x15
            text run at (0,1411) width 32: "}}}}"
          RenderBR {BR} at (32,1411) size 0x14
      RenderBlock {P} at (0,1867) size 769x1410
        RenderInline {FONT} at (0,1) size 32x1409
          RenderText {#text} at (0,0) size 0x0
          RenderInline {B} at (0,1) size 32x1409
            RenderText {#text} at (0,1) size 32x15
              text run at (0,1) width 32: "    "
            RenderBR {BR} at (32,1) size 0x14
            RenderText {#text} at (0,16) size 32x15
              text run at (0,16) width 32: "!!!!"
            RenderBR {BR} at (32,16) size 0x14
            RenderText {#text} at (0,31) size 32x15
              text run at (0,31) width 32: "\"\"\"\""
            RenderBR {BR} at (32,31) size 0x14
            RenderText {#text} at (0,46) size 32x15
              text run at (0,46) width 32: "####"
            RenderBR {BR} at (32,46) size 0x14
            RenderText {#text} at (0,61) size 32x15
              text run at (0,61) width 32: "$$$$"
            RenderBR {BR} at (32,61) size 0x14
            RenderText {#text} at (0,76) size 32x15
              text run at (0,76) width 32: "%%%%"
            RenderBR {BR} at (32,76) size 0x14
            RenderText {#text} at (0,91) size 32x15
              text run at (0,91) width 32: "&&&&"
            RenderBR {BR} at (32,91) size 0x14
            RenderText {#text} at (0,106) size 32x15
              text run at (0,106) width 32: "''''"
            RenderBR {BR} at (32,106) size 0x14
            RenderText {#text} at (0,121) size 32x15
              text run at (0,121) width 32: "(((("
            RenderBR {BR} at (32,121) size 0x14
            RenderText {#text} at (0,136) size 32x15
              text run at (0,136) width 32: "))))"
            RenderBR {BR} at (32,136) size 0x14
            RenderText {#text} at (0,151) size 32x15
              text run at (0,151) width 32: "****"
            RenderBR {BR} at (32,151) size 0x14
            RenderText {#text} at (0,166) size 32x15
              text run at (0,166) width 32: "++++"
            RenderBR {BR} at (32,166) size 0x14
            RenderText {#text} at (0,181) size 32x15
              text run at (0,181) width 32: ",,,,"
            RenderBR {BR} at (32,181) size 0x14
            RenderText {#text} at (0,196) size 32x15
              text run at (0,196) width 32: "----"
            RenderBR {BR} at (32,196) size 0x14
            RenderText {#text} at (0,211) size 32x15
              text run at (0,211) width 32: "...."
            RenderBR {BR} at (32,211) size 0x14
            RenderText {#text} at (0,226) size 32x15
              text run at (0,226) width 32: "////"
            RenderBR {BR} at (32,226) size 0x14
            RenderText {#text} at (0,241) size 32x15
              text run at (0,241) width 32: "0000"
            RenderBR {BR} at (32,241) size 0x14
            RenderText {#text} at (0,256) size 32x15
              text run at (0,256) width 32: "1111"
            RenderBR {BR} at (32,256) size 0x14
            RenderText {#text} at (0,271) size 32x15
              text run at (0,271) width 32: "2222"
            RenderBR {BR} at (32,271) size 0x14
            RenderText {#text} at (0,286) size 32x15
              text run at (0,286) width 32: "3333"
            RenderBR {BR} at (32,286) size 0x14
            RenderText {#text} at (0,301) size 32x15
              text run at (0,301) width 32: "4444"
            RenderBR {BR} at (32,301) size 0x14
            RenderText {#text} at (0,316) size 32x15
              text run at (0,316) width 32: "5555"
            RenderBR {BR} at (32,316) size 0x14
            RenderText {#text} at (0,331) size 32x15
              text run at (0,331) width 32: "6666"
            RenderBR {BR} at (32,331) size 0x14
            RenderText {#text} at (0,346) size 32x15
              text run at (0,346) width 32: "7777"
            RenderBR {BR} at (32,346) size 0x14
            RenderText {#text} at (0,361) size 32x15
              text run at (0,361) width 32: "8888"
            RenderBR {BR} at (32,361) size 0x14
            RenderText {#text} at (0,376) size 32x15
              text run at (0,376) width 32: "9999"
            RenderBR {BR} at (32,376) size 0x14
            RenderText {#text} at (0,391) size 32x15
              text run at (0,391) width 32: "::::"
            RenderBR {BR} at (32,391) size 0x14
            RenderText {#text} at (0,406) size 32x15
              text run at (0,406) width 32: ";;;;"
            RenderBR {BR} at (32,406) size 0x14
            RenderText {#text} at (0,421) size 32x15
              text run at (0,421) width 32: "<<<<"
            RenderBR {BR} at (32,421) size 0x14
            RenderText {#text} at (0,436) size 32x15
              text run at (0,436) width 32: "===="
            RenderBR {BR} at (32,436) size 0x14
            RenderText {#text} at (0,451) size 32x15
              text run at (0,451) width 32: ">>>>"
            RenderBR {BR} at (32,451) size 0x14
            RenderText {#text} at (0,466) size 32x15
              text run at (0,466) width 32: "????"
            RenderBR {BR} at (32,466) size 0x14
            RenderText {#text} at (0,481) size 32x15
              text run at (0,481) width 32: "@@@@"
            RenderBR {BR} at (32,481) size 0x14
            RenderText {#text} at (0,496) size 32x15
              text run at (0,496) width 32: "AAAA"
            RenderBR {BR} at (32,496) size 0x14
            RenderText {#text} at (0,511) size 32x15
              text run at (0,511) width 32: "BBBB"
            RenderBR {BR} at (32,511) size 0x14
            RenderText {#text} at (0,526) size 32x15
              text run at (0,526) width 32: "CCCC"
            RenderBR {BR} at (32,526) size 0x14
            RenderText {#text} at (0,541) size 32x15
              text run at (0,541) width 32: "DDDD"
            RenderBR {BR} at (32,541) size 0x14
            RenderText {#text} at (0,556) size 32x15
              text run at (0,556) width 32: "EEEE"
            RenderBR {BR} at (32,556) size 0x14
            RenderText {#text} at (0,571) size 32x15
              text run at (0,571) width 32: "FFFF"
            RenderBR {BR} at (32,571) size 0x14
            RenderText {#text} at (0,586) size 32x15
              text run at (0,586) width 32: "GGGG"
            RenderBR {BR} at (32,586) size 0x14
            RenderText {#text} at (0,601) size 32x15
              text run at (0,601) width 32: "HHHH"
            RenderBR {BR} at (32,601) size 0x14
            RenderText {#text} at (0,616) size 32x15
              text run at (0,616) width 32: "IIII"
            RenderBR {BR} at (32,616) size 0x14
            RenderText {#text} at (0,631) size 32x15
              text run at (0,631) width 32: "JJJJ"
            RenderBR {BR} at (32,631) size 0x14
            RenderText {#text} at (0,646) size 32x15
              text run at (0,646) width 32: "KKKK"
            RenderBR {BR} at (32,646) size 0x14
            RenderText {#text} at (0,661) size 32x15
              text run at (0,661) width 32: "LLLL"
            RenderBR {BR} at (32,661) size 0x14
            RenderText {#text} at (0,676) size 32x15
              text run at (0,676) width 32: "MMMM"
            RenderBR {BR} at (32,676) size 0x14
            RenderText {#text} at (0,691) size 32x15
              text run at (0,691) width 32: "NNNN"
            RenderBR {BR} at (32,691) size 0x14
            RenderText {#text} at (0,706) size 32x15
              text run at (0,706) width 32: "OOOO"
            RenderBR {BR} at (32,706) size 0x14
            RenderText {#text} at (0,721) size 32x15
              text run at (0,721) width 32: "PPPP"
            RenderBR {BR} at (32,721) size 0x14
            RenderText {#text} at (0,736) size 32x15
              text run at (0,736) width 32: "QQQQ"
            RenderBR {BR} at (32,736) size 0x14
            RenderText {#text} at (0,751) size 32x15
              text run at (0,751) width 32: "RRRR"
            RenderBR {BR} at (32,751) size 0x14
            RenderText {#text} at (0,766) size 32x15
              text run at (0,766) width 32: "SSSS"
            RenderBR {BR} at (32,766) size 0x14
            RenderText {#text} at (0,781) size 32x15
              text run at (0,781) width 32: "TTTT"
            RenderBR {BR} at (32,781) size 0x14
            RenderText {#text} at (0,796) size 32x15
              text run at (0,796) width 32: "UUUU"
            RenderBR {BR} at (32,796) size 0x14
            RenderText {#text} at (0,811) size 32x15
              text run at (0,811) width 32: "VVVV"
            RenderBR {BR} at (32,811) size 0x14
            RenderText {#text} at (0,826) size 32x15
              text run at (0,826) width 32: "WWWW"
            RenderBR {BR} at (32,826) size 0x14
            RenderText {#text} at (0,841) size 32x15
              text run at (0,841) width 32: "XXXX"
            RenderBR {BR} at (32,841) size 0x14
            RenderText {#text} at (0,856) size 32x15
              text run at (0,856) width 32: "YYYY"
            RenderBR {BR} at (32,856) size 0x14
            RenderText {#text} at (0,871) size 32x15
              text run at (0,871) width 32: "ZZZZ"
            RenderBR {BR} at (32,871) size 0x14
            RenderText {#text} at (0,886) size 32x15
              text run at (0,886) width 32: "[[[["
            RenderBR {BR} at (32,886) size 0x14
            RenderText {#text} at (0,901) size 32x15
              text run at (0,901) width 32: "\\\\\\\\"
            RenderBR {BR} at (32,901) size 0x14
            RenderText {#text} at (0,916) size 32x15
              text run at (0,916) width 32: "]]]]"
            RenderBR {BR} at (32,916) size 0x14
            RenderText {#text} at (0,931) size 32x15
              text run at (0,931) width 32: "^^^^"
            RenderBR {BR} at (32,931) size 0x14
            RenderText {#text} at (0,946) size 32x15
              text run at (0,946) width 32: "____"
            RenderBR {BR} at (32,946) size 0x14
            RenderText {#text} at (0,961) size 32x15
              text run at (0,961) width 32: "````"
            RenderBR {BR} at (32,961) size 0x14
            RenderText {#text} at (0,976) size 32x15
              text run at (0,976) width 32: "aaaa"
            RenderBR {BR} at (32,976) size 0x14
            RenderText {#text} at (0,991) size 32x15
              text run at (0,991) width 32: "bbbb"
            RenderBR {BR} at (32,991) size 0x14
            RenderText {#text} at (0,1006) size 32x15
              text run at (0,1006) width 32: "cccc"
            RenderBR {BR} at (32,1006) size 0x14
            RenderText {#text} at (0,1021) size 32x15
              text run at (0,1021) width 32: "dddd"
            RenderBR {BR} at (32,1021) size 0x14
            RenderText {#text} at (0,1036) size 32x15
              text run at (0,1036) width 32: "eeee"
            RenderBR {BR} at (32,1036) size 0x14
            RenderText {#text} at (0,1051) size 32x15
              text run at (0,1051) width 32: "ffff"
            RenderBR {BR} at (32,1051) size 0x14
            RenderText {#text} at (0,1066) size 32x15
              text run at (0,1066) width 32: "gggg"
            RenderBR {BR} at (32,1066) size 0x14
            RenderText {#text} at (0,1081) size 32x15
              text run at (0,1081) width 32: "hhhh"
            RenderBR {BR} at (32,1081) size 0x14
            RenderText {#text} at (0,1096) size 32x15
              text run at (0,1096) width 32: "iiii"
            RenderBR {BR} at (32,1096) size 0x14
            RenderText {#text} at (0,1111) size 32x15
              text run at (0,1111) width 32: "jjjj"
            RenderBR {BR} at (32,1111) size 0x14
            RenderText {#text} at (0,1126) size 32x15
              text run at (0,1126) width 32: "kkkk"
            RenderBR {BR} at (32,1126) size 0x14
            RenderText {#text} at (0,1141) size 32x15
              text run at (0,1141) width 32: "llll"
            RenderBR {BR} at (32,1141) size 0x14
            RenderText {#text} at (0,1156) size 32x15
              text run at (0,1156) width 32: "mmmm"
            RenderBR {BR} at (32,1156) size 0x14
            RenderText {#text} at (0,1171) size 32x15
              text run at (0,1171) width 32: "nnnn"
            RenderBR {BR} at (32,1171) size 0x14
            RenderText {#text} at (0,1186) size 32x15
              text run at (0,1186) width 32: "oooo"
            RenderBR {BR} at (32,1186) size 0x14
            RenderText {#text} at (0,1201) size 32x15
              text run at (0,1201) width 32: "pppp"
            RenderBR {BR} at (32,1201) size 0x14
            RenderText {#text} at (0,1216) size 32x15
              text run at (0,1216) width 32: "qqqq"
            RenderBR {BR} at (32,1216) size 0x14
            RenderText {#text} at (0,1231) size 32x15
              text run at (0,1231) width 32: "rrrr"
            RenderBR {BR} at (32,1231) size 0x14
            RenderText {#text} at (0,1246) size 32x15
              text run at (0,1246) width 32: "ssss"
            RenderBR {BR} at (32,1246) size 0x14
            RenderText {#text} at (0,1261) size 32x15
              text run at (0,1261) width 32: "tttt"
            RenderBR {BR} at (32,1261) size 0x14
            RenderText {#text} at (0,1276) size 32x15
              text run at (0,1276) width 32: "uuuu"
            RenderBR {BR} at (32,1276) size 0x14
            RenderText {#text} at (0,1291) size 32x15
              text run at (0,1291) width 32: "vvvv"
            RenderBR {BR} at (32,1291) size 0x14
            RenderText {#text} at (0,1306) size 32x15
              text run at (0,1306) width 32: "wwww"
            RenderBR {BR} at (32,1306) size 0x14
            RenderText {#text} at (0,1321) size 32x15
              text run at (0,1321) width 32: "xxxx"
            RenderBR {BR} at (32,1321) size 0x14
            RenderText {#text} at (0,1336) size 32x15
              text run at (0,1336) width 32: "yyyy"
            RenderBR {BR} at (32,1336) size 0x14
            RenderText {#text} at (0,1351) size 32x15
              text run at (0,1351) width 32: "zzzz"
            RenderBR {BR} at (32,1351) size 0x14
            RenderText {#text} at (0,1366) size 32x15
              text run at (0,1366) width 32: "{{{{"
            RenderBR {BR} at (32,1366) size 0x14
            RenderText {#text} at (0,1381) size 32x15
              text run at (0,1381) width 32: "||||"
            RenderBR {BR} at (32,1381) size 0x14
            RenderText {#text} at (0,1396) size 32x15
              text run at (0,1396) width 32: "}}}}"
            RenderBR {BR} at (32,1396) size 0x14
          RenderText {#text} at (0,0) size 0x0
      RenderBlock {P} at (0,3293) size 769x1410
        RenderInline {FONT} at (0,1) size 32x1409
          RenderText {#text} at (0,0) size 0x0
          RenderInline {I} at (0,1) size 32x1409
            RenderText {#text} at (0,1) size 32x15
              text run at (0,1) width 32: "    "
            RenderBR {BR} at (32,1) size 0x14
            RenderText {#text} at (0,16) size 32x15
              text run at (0,16) width 32: "!!!!"
            RenderBR {BR} at (32,16) size 0x14
            RenderText {#text} at (0,31) size 32x15
              text run at (0,31) width 32: "\"\"\"\""
            RenderBR {BR} at (32,31) size 0x14
            RenderText {#text} at (0,46) size 32x15
              text run at (0,46) width 32: "####"
            RenderBR {BR} at (32,46) size 0x14
            RenderText {#text} at (0,61) size 32x15
              text run at (0,61) width 32: "$$$$"
            RenderBR {BR} at (32,61) size 0x14
            RenderText {#text} at (0,76) size 32x15
              text run at (0,76) width 32: "%%%%"
            RenderBR {BR} at (32,76) size 0x14
            RenderText {#text} at (0,91) size 32x15
              text run at (0,91) width 32: "&&&&"
            RenderBR {BR} at (32,91) size 0x14
            RenderText {#text} at (0,106) size 32x15
              text run at (0,106) width 32: "''''"
            RenderBR {BR} at (32,106) size 0x14
            RenderText {#text} at (0,121) size 32x15
              text run at (0,121) width 32: "(((("
            RenderBR {BR} at (32,121) size 0x14
            RenderText {#text} at (0,136) size 32x15
              text run at (0,136) width 32: "))))"
            RenderBR {BR} at (32,136) size 0x14
            RenderText {#text} at (0,151) size 32x15
              text run at (0,151) width 32: "****"
            RenderBR {BR} at (32,151) size 0x14
            RenderText {#text} at (0,166) size 32x15
              text run at (0,166) width 32: "++++"
            RenderBR {BR} at (32,166) size 0x14
            RenderText {#text} at (0,181) size 32x15
              text run at (0,181) width 32: ",,,,"
            RenderBR {BR} at (32,181) size 0x14
            RenderText {#text} at (0,196) size 32x15
              text run at (0,196) width 32: "----"
            RenderBR {BR} at (32,196) size 0x14
            RenderText {#text} at (0,211) size 32x15
              text run at (0,211) width 32: "...."
            RenderBR {BR} at (32,211) size 0x14
            RenderText {#text} at (0,226) size 32x15
              text run at (0,226) width 32: "////"
            RenderBR {BR} at (32,226) size 0x14
            RenderText {#text} at (0,241) size 32x15
              text run at (0,241) width 32: "0000"
            RenderBR {BR} at (32,241) size 0x14
            RenderText {#text} at (0,256) size 32x15
              text run at (0,256) width 32: "1111"
            RenderBR {BR} at (32,256) size 0x14
            RenderText {#text} at (0,271) size 32x15
              text run at (0,271) width 32: "2222"
            RenderBR {BR} at (32,271) size 0x14
            RenderText {#text} at (0,286) size 32x15
              text run at (0,286) width 32: "3333"
            RenderBR {BR} at (32,286) size 0x14
            RenderText {#text} at (0,301) size 32x15
              text run at (0,301) width 32: "4444"
            RenderBR {BR} at (32,301) size 0x14
            RenderText {#text} at (0,316) size 32x15
              text run at (0,316) width 32: "5555"
            RenderBR {BR} at (32,316) size 0x14
            RenderText {#text} at (0,331) size 32x15
              text run at (0,331) width 32: "6666"
            RenderBR {BR} at (32,331) size 0x14
            RenderText {#text} at (0,346) size 32x15
              text run at (0,346) width 32: "7777"
            RenderBR {BR} at (32,346) size 0x14
            RenderText {#text} at (0,361) size 32x15
              text run at (0,361) width 32: "8888"
            RenderBR {BR} at (32,361) size 0x14
            RenderText {#text} at (0,376) size 32x15
              text run at (0,376) width 32: "9999"
            RenderBR {BR} at (32,376) size 0x14
            RenderText {#text} at (0,391) size 32x15
              text run at (0,391) width 32: "::::"
            RenderBR {BR} at (32,391) size 0x14
            RenderText {#text} at (0,406) size 32x15
              text run at (0,406) width 32: ";;;;"
            RenderBR {BR} at (32,406) size 0x14
            RenderText {#text} at (0,421) size 32x15
              text run at (0,421) width 32: "<<<<"
            RenderBR {BR} at (32,421) size 0x14
            RenderText {#text} at (0,436) size 32x15
              text run at (0,436) width 32: "===="
            RenderBR {BR} at (32,436) size 0x14
            RenderText {#text} at (0,451) size 32x15
              text run at (0,451) width 32: ">>>>"
            RenderBR {BR} at (32,451) size 0x14
            RenderText {#text} at (0,466) size 32x15
              text run at (0,466) width 32: "????"
            RenderBR {BR} at (32,466) size 0x14
            RenderText {#text} at (0,481) size 32x15
              text run at (0,481) width 32: "@@@@"
            RenderBR {BR} at (32,481) size 0x14
            RenderText {#text} at (0,496) size 32x15
              text run at (0,496) width 32: "AAAA"
            RenderBR {BR} at (32,496) size 0x14
            RenderText {#text} at (0,511) size 32x15
              text run at (0,511) width 32: "BBBB"
            RenderBR {BR} at (32,511) size 0x14
            RenderText {#text} at (0,526) size 32x15
              text run at (0,526) width 32: "CCCC"
            RenderBR {BR} at (32,526) size 0x14
            RenderText {#text} at (0,541) size 32x15
              text run at (0,541) width 32: "DDDD"
            RenderBR {BR} at (32,541) size 0x14
            RenderText {#text} at (0,556) size 32x15
              text run at (0,556) width 32: "EEEE"
            RenderBR {BR} at (32,556) size 0x14
            RenderText {#text} at (0,571) size 32x15
              text run at (0,571) width 32: "FFFF"
            RenderBR {BR} at (32,571) size 0x14
            RenderText {#text} at (0,586) size 32x15
              text run at (0,586) width 32: "GGGG"
            RenderBR {BR} at (32,586) size 0x14
            RenderText {#text} at (0,601) size 32x15
              text run at (0,601) width 32: "HHHH"
            RenderBR {BR} at (32,601) size 0x14
            RenderText {#text} at (0,616) size 32x15
              text run at (0,616) width 32: "IIII"
            RenderBR {BR} at (32,616) size 0x14
            RenderText {#text} at (0,631) size 32x15
              text run at (0,631) width 32: "JJJJ"
            RenderBR {BR} at (32,631) size 0x14
            RenderText {#text} at (0,646) size 32x15
              text run at (0,646) width 32: "KKKK"
            RenderBR {BR} at (32,646) size 0x14
            RenderText {#text} at (0,661) size 32x15
              text run at (0,661) width 32: "LLLL"
            RenderBR {BR} at (32,661) size 0x14
            RenderText {#text} at (0,676) size 32x15
              text run at (0,676) width 32: "MMMM"
            RenderBR {BR} at (32,676) size 0x14
            RenderText {#text} at (0,691) size 32x15
              text run at (0,691) width 32: "NNNN"
            RenderBR {BR} at (32,691) size 0x14
            RenderText {#text} at (0,706) size 32x15
              text run at (0,706) width 32: "OOOO"
            RenderBR {BR} at (32,706) size 0x14
            RenderText {#text} at (0,721) size 32x15
              text run at (0,721) width 32: "PPPP"
            RenderBR {BR} at (32,721) size 0x14
            RenderText {#text} at (0,736) size 32x15
              text run at (0,736) width 32: "QQQQ"
            RenderBR {BR} at (32,736) size 0x14
            RenderText {#text} at (0,751) size 32x15
              text run at (0,751) width 32: "RRRR"
            RenderBR {BR} at (32,751) size 0x14
            RenderText {#text} at (0,766) size 32x15
              text run at (0,766) width 32: "SSSS"
            RenderBR {BR} at (32,766) size 0x14
            RenderText {#text} at (0,781) size 32x15
              text run at (0,781) width 32: "TTTT"
            RenderBR {BR} at (32,781) size 0x14
            RenderText {#text} at (0,796) size 32x15
              text run at (0,796) width 32: "UUUU"
            RenderBR {BR} at (32,796) size 0x14
            RenderText {#text} at (0,811) size 32x15
              text run at (0,811) width 32: "VVVV"
            RenderBR {BR} at (32,811) size 0x14
            RenderText {#text} at (0,826) size 32x15
              text run at (0,826) width 32: "WWWW"
            RenderBR {BR} at (32,826) size 0x14
            RenderText {#text} at (0,841) size 32x15
              text run at (0,841) width 32: "XXXX"
            RenderBR {BR} at (32,841) size 0x14
            RenderText {#text} at (0,856) size 32x15
              text run at (0,856) width 32: "YYYY"
            RenderBR {BR} at (32,856) size 0x14
            RenderText {#text} at (0,871) size 32x15
              text run at (0,871) width 32: "ZZZZ"
            RenderBR {BR} at (32,871) size 0x14
            RenderText {#text} at (0,886) size 32x15
              text run at (0,886) width 32: "[[[["
            RenderBR {BR} at (32,886) size 0x14
            RenderText {#text} at (0,901) size 32x15
              text run at (0,901) width 32: "\\\\\\\\"
            RenderBR {BR} at (32,901) size 0x14
            RenderText {#text} at (0,916) size 32x15
              text run at (0,916) width 32: "]]]]"
            RenderBR {BR} at (32,916) size 0x14
            RenderText {#text} at (0,931) size 32x15
              text run at (0,931) width 32: "^^^^"
            RenderBR {BR} at (32,931) size 0x14
            RenderText {#text} at (0,946) size 32x15
              text run at (0,946) width 32: "____"
            RenderBR {BR} at (32,946) size 0x14
            RenderText {#text} at (0,961) size 32x15
              text run at (0,961) width 32: "````"
            RenderBR {BR} at (32,961) size 0x14
            RenderText {#text} at (0,976) size 32x15
              text run at (0,976) width 32: "aaaa"
            RenderBR {BR} at (32,976) size 0x14
            RenderText {#text} at (0,991) size 32x15
              text run at (0,991) width 32: "bbbb"
            RenderBR {BR} at (32,991) size 0x14
            RenderText {#text} at (0,1006) size 32x15
              text run at (0,1006) width 32: "cccc"
            RenderBR {BR} at (32,1006) size 0x14
            RenderText {#text} at (0,1021) size 32x15
              text run at (0,1021) width 32: "dddd"
            RenderBR {BR} at (32,1021) size 0x14
            RenderText {#text} at (0,1036) size 32x15
              text run at (0,1036) width 32: "eeee"
            RenderBR {BR} at (32,1036) size 0x14
            RenderText {#text} at (0,1051) size 32x15
              text run at (0,1051) width 32: "ffff"
            RenderBR {BR} at (32,1051) size 0x14
            RenderText {#text} at (0,1066) size 32x15
              text run at (0,1066) width 32: "gggg"
            RenderBR {BR} at (32,1066) size 0x14
            RenderText {#text} at (0,1081) size 32x15
              text run at (0,1081) width 32: "hhhh"
            RenderBR {BR} at (32,1081) size 0x14
            RenderText {#text} at (0,1096) size 32x15
              text run at (0,1096) width 32: "iiii"
            RenderBR {BR} at (32,1096) size 0x14
            RenderText {#text} at (0,1111) size 32x15
              text run at (0,1111) width 32: "jjjj"
            RenderBR {BR} at (32,1111) size 0x14
            RenderText {#text} at (0,1126) size 32x15
              text run at (0,1126) width 32: "kkkk"
            RenderBR {BR} at (32,1126) size 0x14
            RenderText {#text} at (0,1141) size 32x15
              text run at (0,1141) width 32: "llll"
            RenderBR {BR} at (32,1141) size 0x14
            RenderText {#text} at (0,1156) size 32x15
              text run at (0,1156) width 32: "mmmm"
            RenderBR {BR} at (32,1156) size 0x14
            RenderText {#text} at (0,1171) size 32x15
              text run at (0,1171) width 32: "nnnn"
            RenderBR {BR} at (32,1171) size 0x14
            RenderText {#text} at (0,1186) size 32x15
              text run at (0,1186) width 32: "oooo"
            RenderBR {BR} at (32,1186) size 0x14
            RenderText {#text} at (0,1201) size 32x15
              text run at (0,1201) width 32: "pppp"
            RenderBR {BR} at (32,1201) size 0x14
            RenderText {#text} at (0,1216) size 32x15
              text run at (0,1216) width 32: "qqqq"
            RenderBR {BR} at (32,1216) size 0x14
            RenderText {#text} at (0,1231) size 32x15
              text run at (0,1231) width 32: "rrrr"
            RenderBR {BR} at (32,1231) size 0x14
            RenderText {#text} at (0,1246) size 32x15
              text run at (0,1246) width 32: "ssss"
            RenderBR {BR} at (32,1246) size 0x14
            RenderText {#text} at (0,1261) size 32x15
              text run at (0,1261) width 32: "tttt"
            RenderBR {BR} at (32,1261) size 0x14
            RenderText {#text} at (0,1276) size 32x15
              text run at (0,1276) width 32: "uuuu"
            RenderBR {BR} at (32,1276) size 0x14
            RenderText {#text} at (0,1291) size 32x15
              text run at (0,1291) width 32: "vvvv"
            RenderBR {BR} at (32,1291) size 0x14
            RenderText {#text} at (0,1306) size 32x15
              text run at (0,1306) width 32: "wwww"
            RenderBR {BR} at (32,1306) size 0x14
            RenderText {#text} at (0,1321) size 32x15
              text run at (0,1321) width 32: "xxxx"
            RenderBR {BR} at (32,1321) size 0x14
            RenderText {#text} at (0,1336) size 32x15
              text run at (0,1336) width 32: "yyyy"
            RenderBR {BR} at (32,1336) size 0x14
            RenderText {#text} at (0,1351) size 32x15
              text run at (0,1351) width 32: "zzzz"
            RenderBR {BR} at (32,1351) size 0x14
            RenderText {#text} at (0,1366) size 32x15
              text run at (0,1366) width 32: "{{{{"
            RenderBR {BR} at (32,1366) size 0x14
            RenderText {#text} at (0,1381) size 32x15
              text run at (0,1381) width 32: "||||"
            RenderBR {BR} at (32,1381) size 0x14
            RenderText {#text} at (0,1396) size 32x15
              text run at (0,1396) width 32: "}}}}"
            RenderBR {BR} at (32,1396) size 0x14
          RenderText {#text} at (0,0) size 0x0
        RenderText {#text} at (0,0) size 0x0
