layer at (0,0) size 787x1412
  RenderView at (0,0) size 787x600
layer at (0,0) size 787x1412
  RenderBlock {HTML} at (0,0) size 787x1412
    RenderBody {BODY} at (8,8) size 771x1391
      RenderBlock {H2} at (0,0) size 771x56
        RenderText {#text} at (0,0) size 737x56
          text run at (0,0) width 737: "It's OK if nothing drawn for a scrollbar (for an outermost frame and an"
          text run at (0,28) width 228: "element with overlow)"
      RenderBlock {P} at (0,75) size 771x19
        RenderText {#text} at (0,0) size 579x18
          text run at (0,0) width 579: "Note that Safari doesn't allow to customize the outermost scdrollbars and just show Cocoa's."
      RenderBlock {PRE} at (0,222) size 771x1169 [bgcolor=#008000]
      RenderBlock {PRE} at (0,1403) size 1542x1 [bgcolor=#008000]
layer at (8,118) size 100x100 clip at (8,118) size 87x87 scrollWidth 1432 scrollHeight 105
  RenderBlock {PRE} at (0,109) size 100x101 [bgcolor=#008000]
    RenderText {#text} at (0,0) size 1432x105
      text run at (0,0) width 1432: "The quick brown fox jumps over the lazy dog. The quick brown fox jumps over the lazy dog. The quick brown fox jumps over the lazy dog. The quick brown fox jumps over the lazy dog."
      text run at (1432,0) width 0: " "
      text run at (0,15) width 1432: "The quick brown fox jumps over the lazy dog. The quick brown fox jumps over the lazy dog. The quick brown fox jumps over the lazy dog. The quick brown fox jumps over the lazy dog."
      text run at (1432,15) width 0: " "
      text run at (0,30) width 1432: "The quick brown fox jumps over the lazy dog. The quick brown fox jumps over the lazy dog. The quick brown fox jumps over the lazy dog. The quick brown fox jumps over the lazy dog."
      text run at (1432,30) width 0: " "
      text run at (0,45) width 1432: "The quick brown fox jumps over the lazy dog. The quick brown fox jumps over the lazy dog. The quick brown fox jumps over the lazy dog. The quick brown fox jumps over the lazy dog."
      text run at (1432,45) width 0: " "
      text run at (0,60) width 1432: "The quick brown fox jumps over the lazy dog. The quick brown fox jumps over the lazy dog. The quick brown fox jumps over the lazy dog. The quick brown fox jumps over the lazy dog."
      text run at (1432,60) width 0: " "
      text run at (0,75) width 1432: "The quick brown fox jumps over the lazy dog. The quick brown fox jumps over the lazy dog. The quick brown fox jumps over the lazy dog. The quick brown fox jumps over the lazy dog."
      text run at (1432,75) width 0: " "
      text run at (0,90) width 1432: "The quick brown fox jumps over the lazy dog. The quick brown fox jumps over the lazy dog. The quick brown fox jumps over the lazy dog. The quick brown fox jumps over the lazy dog."
      text run at (1432,90) width 0: " "
