layer at (0,0) size 800x600
  RenderView at (0,0) size 800x600
layer at (0,0) size 800x600
  RenderBlock {HTML} at (0,0) size 800x600
    RenderBody {BODY} at (8,8) size 784x584
layer at (8,8) size 200x200 clip at (8,8) size 183x183 scrollHeight 882
  RenderBlock {DIV} at (0,0) size 200x200
    RenderText {#text} at (0,0) size 35x18
      text run at (0,0) width 35: "Hello"
    RenderBR {BR} at (35,14) size 0x0
    RenderText {#text} at (0,18) size 35x18
      text run at (0,18) width 35: "Hello"
    RenderBR {BR} at (35,32) size 0x0
    RenderText {#text} at (0,36) size 35x18
      text run at (0,36) width 35: "Hello"
    RenderBR {BR} at (35,50) size 0x0
    RenderText {#text} at (0,54) size 35x18
      text run at (0,54) width 35: "Hello"
    RenderBR {BR} at (35,68) size 0x0
    RenderText {#text} at (0,72) size 35x18
      text run at (0,72) width 35: "Hello"
    RenderBR {BR} at (35,86) size 0x0
    RenderText {#text} at (0,90) size 35x18
      text run at (0,90) width 35: "Hello"
    RenderBR {BR} at (35,104) size 0x0
    RenderText {#text} at (0,108) size 35x18
      text run at (0,108) width 35: "Hello"
    RenderBR {BR} at (35,122) size 0x0
    RenderText {#text} at (0,126) size 35x18
      text run at (0,126) width 35: "Hello"
    RenderBR {BR} at (35,140) size 0x0
    RenderText {#text} at (0,144) size 35x18
      text run at (0,144) width 35: "Hello"
    RenderBR {BR} at (35,158) size 0x0
    RenderText {#text} at (0,162) size 35x18
      text run at (0,162) width 35: "Hello"
    RenderBR {BR} at (35,176) size 0x0
    RenderText {#text} at (0,180) size 35x18
      text run at (0,180) width 35: "Hello"
    RenderBR {BR} at (35,194) size 0x0
    RenderText {#text} at (0,198) size 35x18
      text run at (0,198) width 35: "Hello"
    RenderBR {BR} at (35,212) size 0x0
    RenderText {#text} at (0,216) size 35x18
      text run at (0,216) width 35: "Hello"
    RenderBR {BR} at (35,230) size 0x0
    RenderText {#text} at (0,234) size 35x18
      text run at (0,234) width 35: "Hello"
    RenderBR {BR} at (35,248) size 0x0
    RenderText {#text} at (0,252) size 35x18
      text run at (0,252) width 35: "Hello"
    RenderBR {BR} at (35,266) size 0x0
    RenderText {#text} at (0,270) size 35x18
      text run at (0,270) width 35: "Hello"
    RenderBR {BR} at (35,284) size 0x0
    RenderText {#text} at (0,288) size 35x18
      text run at (0,288) width 35: "Hello"
    RenderBR {BR} at (35,302) size 0x0
    RenderText {#text} at (0,306) size 35x18
      text run at (0,306) width 35: "Hello"
    RenderBR {BR} at (35,320) size 0x0
    RenderText {#text} at (0,324) size 35x18
      text run at (0,324) width 35: "Hello"
    RenderBR {BR} at (35,338) size 0x0
    RenderText {#text} at (0,342) size 35x18
      text run at (0,342) width 35: "Hello"
    RenderBR {BR} at (35,356) size 0x0
    RenderText {#text} at (0,360) size 35x18
      text run at (0,360) width 35: "Hello"
    RenderBR {BR} at (35,374) size 0x0
    RenderText {#text} at (0,378) size 35x18
      text run at (0,378) width 35: "Hello"
    RenderBR {BR} at (35,392) size 0x0
    RenderText {#text} at (0,396) size 35x18
      text run at (0,396) width 35: "Hello"
    RenderBR {BR} at (35,410) size 0x0
    RenderText {#text} at (0,414) size 35x18
      text run at (0,414) width 35: "Hello"
    RenderBR {BR} at (35,428) size 0x0
    RenderText {#text} at (0,432) size 35x18
      text run at (0,432) width 35: "Hello"
    RenderBR {BR} at (35,446) size 0x0
    RenderText {#text} at (0,450) size 35x18
      text run at (0,450) width 35: "Hello"
    RenderBR {BR} at (35,464) size 0x0
    RenderText {#text} at (0,468) size 35x18
      text run at (0,468) width 35: "Hello"
    RenderBR {BR} at (35,482) size 0x0
    RenderText {#text} at (0,486) size 35x18
      text run at (0,486) width 35: "Hello"
    RenderBR {BR} at (35,500) size 0x0
    RenderText {#text} at (0,504) size 35x18
      text run at (0,504) width 35: "Hello"
    RenderBR {BR} at (35,518) size 0x0
    RenderText {#text} at (0,522) size 35x18
      text run at (0,522) width 35: "Hello"
    RenderBR {BR} at (35,536) size 0x0
    RenderText {#text} at (0,540) size 35x18
      text run at (0,540) width 35: "Hello"
    RenderBR {BR} at (35,554) size 0x0
    RenderText {#text} at (0,558) size 35x18
      text run at (0,558) width 35: "Hello"
    RenderBR {BR} at (35,572) size 0x0
    RenderText {#text} at (0,576) size 35x18
      text run at (0,576) width 35: "Hello"
    RenderBR {BR} at (35,590) size 0x0
    RenderText {#text} at (0,594) size 35x18
      text run at (0,594) width 35: "Hello"
    RenderBR {BR} at (35,608) size 0x0
    RenderText {#text} at (0,612) size 35x18
      text run at (0,612) width 35: "Hello"
    RenderBR {BR} at (35,626) size 0x0
    RenderText {#text} at (0,630) size 35x18
      text run at (0,630) width 35: "Hello"
    RenderBR {BR} at (35,644) size 0x0
    RenderText {#text} at (0,648) size 35x18
      text run at (0,648) width 35: "Hello"
    RenderBR {BR} at (35,662) size 0x0
    RenderText {#text} at (0,666) size 35x18
      text run at (0,666) width 35: "Hello"
    RenderBR {BR} at (35,680) size 0x0
    RenderText {#text} at (0,684) size 35x18
      text run at (0,684) width 35: "Hello"
    RenderBR {BR} at (35,698) size 0x0
    RenderText {#text} at (0,702) size 35x18
      text run at (0,702) width 35: "Hello"
    RenderBR {BR} at (35,716) size 0x0
    RenderText {#text} at (0,720) size 35x18
      text run at (0,720) width 35: "Hello"
    RenderBR {BR} at (35,734) size 0x0
    RenderText {#text} at (0,738) size 35x18
      text run at (0,738) width 35: "Hello"
    RenderBR {BR} at (35,752) size 0x0
    RenderText {#text} at (0,756) size 35x18
      text run at (0,756) width 35: "Hello"
    RenderBR {BR} at (35,770) size 0x0
    RenderText {#text} at (0,774) size 35x18
      text run at (0,774) width 35: "Hello"
    RenderBR {BR} at (35,788) size 0x0
    RenderText {#text} at (0,792) size 35x18
      text run at (0,792) width 35: "Hello"
    RenderBR {BR} at (35,806) size 0x0
    RenderText {#text} at (0,810) size 35x18
      text run at (0,810) width 35: "Hello"
    RenderBR {BR} at (35,824) size 0x0
    RenderText {#text} at (0,828) size 35x18
      text run at (0,828) width 35: "Hello"
    RenderBR {BR} at (35,842) size 0x0
    RenderText {#text} at (0,846) size 35x18
      text run at (0,846) width 35: "Hello"
    RenderBR {BR} at (35,860) size 0x0
    RenderText {#text} at (0,864) size 35x18
      text run at (0,864) width 35: "Hello"
    RenderBR {BR} at (35,878) size 0x0
