layer at (0,0) size 800x600
  RenderView at (0,0) size 800x600
layer at (0,0) size 800x600
  RenderBlock {HTML} at (0,0) size 800x600
    RenderBody {BODY} at (8,8) size 784x584
      RenderText {#text} at (165,0) size 4x18
        text run at (165,0) width 4: " "
      RenderText {#text} at (334,0) size 4x18
        text run at (334,0) width 4: " "
      RenderText {#text} at (503,0) size 4x18
        text run at (503,0) width 4: " "
      RenderText {#text} at (0,0) size 0x0
      RenderText {#text} at (165,140) size 4x18
        text run at (165,140) width 4: " "
      RenderText {#text} at (334,140) size 4x18
        text run at (334,140) width 4: " "
      RenderText {#text} at (503,140) size 4x18
        text run at (503,140) width 4: " "
      RenderText {#text} at (0,0) size 0x0
      RenderText {#text} at (165,280) size 4x18
        text run at (165,280) width 4: " "
      RenderText {#text} at (334,280) size 4x18
        text run at (334,280) width 4: " "
      RenderText {#text} at (503,280) size 4x18
        text run at (503,280) width 4: " "
      RenderText {#text} at (0,0) size 0x0
      RenderText {#text} at (165,420) size 4x18
        text run at (165,420) width 4: " "
      RenderText {#text} at (334,420) size 4x18
        text run at (334,420) width 4: " "
      RenderText {#text} at (0,0) size 0x0
layer at (28,28) size 125x100 clip at (29,29) size 110x85 scrollHeight 2030
  RenderBlock {DIV} at (20,20) size 125x100 [color=#DCDCDC] [bgcolor=#718D93] [border: (1px solid #D3D3D3)]
    RenderText {#text} at (11,11) size 89x780
      text run at (11,11) width 78: "Lorem ipsum"
      text run at (11,26) width 86: "dolor sit amet,"
      text run at (11,41) width 77: "consectetuer"
      text run at (11,56) width 83: "adipiscing elit."
      text run at (11,71) width 89: "Morbi et nisi ut"
      text run at (11,86) width 80: "est venenatis"
      text run at (11,101) width 45: "viverra."
      text run at (11,116) width 77: "Aenean pede"
      text run at (11,131) width 69: "orci, blandit"
      text run at (11,146) width 81: "quis, faucibus"
      text run at (11,161) width 77: "quis, egestas"
      text run at (11,176) width 40: "ut, mi."
      text run at (11,191) width 75: "Pellentesque"
      text run at (11,206) width 72: "enim purus,"
      text run at (11,221) width 58: "venenatis"
      text run at (11,236) width 59: "dignissim,"
      text run at (11,251) width 68: "tincidunt a,"
      text run at (11,266) width 70: "ullamcorper"
      text run at (11,281) width 64: "eget, nibh."
      text run at (11,296) width 88: "Nullam ut sem"
      text run at (11,311) width 82: "adipiscing orci"
      text run at (11,326) width 49: "vehicula"
      text run at (11,341) width 59: "interdum."
      text run at (11,356) width 79: "Proin a enim."
      text run at (11,371) width 55: "Phasellus"
      text run at (11,386) width 66: "sollicitudin,"
      text run at (11,401) width 74: "magna vitae"
      text run at (11,416) width 66: "vestibulum"
      text run at (11,431) width 81: "facilisis, tellus"
      text run at (11,446) width 70: "nunc iaculis"
      text run at (11,461) width 45: "arcu, in"
      text run at (11,476) width 79: "molestie sem"
      text run at (11,491) width 74: "velit tempus"
      text run at (11,506) width 89: "est. In eleifend"
      text run at (11,521) width 70: "velit at sem"
      text run at (11,536) width 57: "adipiscing"
      text run at (11,551) width 82: "sodales. Nunc"
      text run at (11,566) width 69: "sapien felis,"
      text run at (11,581) width 67: "aliquam et,"
      text run at (11,596) width 49: "volutpat"
      text run at (11,611) width 52: "rhoncus,"
      text run at (11,626) width 83: "condimentum"
      text run at (11,641) width 59: "ut, tortor."
      text run at (11,656) width 70: "Integer est."
      text run at (11,671) width 48: "Quisque"
      text run at (11,686) width 45: "viverra."
      text run at (11,701) width 76: "Praesent sed"
      text run at (11,716) width 30: "arcu."
      text run at (11,731) width 72: "Maecenas id"
      text run at (11,746) width 66: "lorem a leo"
      text run at (11,761) width 43: "lobortis"
      text run at (11,776) width 87: "condimentum."
    RenderBR {BR} at (0,0) size 0x0
    RenderBR {BR} at (11,791) size 0x15
    RenderText {#text} at (11,806) size 90x690
      text run at (11,806) width 88: "Cras commodo"
      text run at (11,821) width 88: "rutrum augue."
      text run at (11,836) width 51: "Vivamus"
      text run at (11,851) width 86: "iaculis. Nullam"
      text run at (11,866) width 84: "est. Maecenas"
      text run at (11,881) width 65: "consequat."
      text run at (11,896) width 62: "Sed id dui."
      text run at (11,911) width 90: "Vivamus a nisl."
      text run at (11,926) width 88: "Donec pretium"
      text run at (11,941) width 76: "sapien. Proin"
      text run at (11,956) width 63: "et ligula et"
      text run at (11,971) width 82: "ligula placerat"
      text run at (11,986) width 52: "pulvinar."
      text run at (11,1001) width 76: "Aliquam erat"
      text run at (11,1016) width 87: "volutpat. Proin"
      text run at (11,1031) width 36: "id est."
      text run at (11,1046) width 73: "Suspendisse"
      text run at (11,1061) width 88: "cursus, magna"
      text run at (11,1076) width 71: "at hendrerit"
      text run at (11,1091) width 65: "consequat,"
      text run at (11,1106) width 63: "mauris est"
      text run at (11,1121) width 56: "imperdiet"
      text run at (11,1136) width 52: "neque, a"
      text run at (11,1151) width 73: "ultrices arcu"
      text run at (11,1166) width 55: "urna non"
      text run at (11,1181) width 86: "nunc. Quisque"
      text run at (11,1196) width 70: "tellus. Nulla"
      text run at (11,1211) width 67: "nulla justo,"
      text run at (11,1226) width 78: "vehicula nec,"
      text run at (11,1241) width 75: "pellentesque"
      text run at (11,1256) width 79: "eu, iaculis et,"
      text run at (11,1271) width 35: "ligula."
      text run at (11,1286) width 52: "Praesent"
      text run at (11,1301) width 90: "mattis ante vel"
      text run at (11,1316) width 29: "sem."
      text run at (11,1331) width 73: "Suspendisse"
      text run at (11,1346) width 83: "porta rhoncus"
      text run at (11,1361) width 32: "urna."
      text run at (11,1376) width 86: "Phasellus felis."
      text run at (11,1391) width 52: "Praesent"
      text run at (11,1406) width 41: "viverra"
      text run at (11,1421) width 90: "convallis libero."
      text run at (11,1436) width 85: "Maecenas non"
      text run at (11,1451) width 82: "augue. Donec"
      text run at (11,1466) width 55: "hendrerit"
      text run at (11,1481) width 87: "lectus id enim."
    RenderBR {BR} at (0,0) size 0x0
    RenderBR {BR} at (11,1496) size 0x15
    RenderText {#text} at (11,1511) size 90x510
      text run at (11,1511) width 65: "Nulla ligula"
      text run at (11,1526) width 76: "dui, euismod"
      text run at (11,1541) width 63: "et, sodales"
      text run at (11,1556) width 28: "quis,"
      text run at (11,1571) width 62: "sollicitudin"
      text run at (11,1586) width 71: "quis, elit. In"
      text run at (11,1601) width 79: "adipiscing est"
      text run at (11,1616) width 58: "sed enim."
      text run at (11,1631) width 50: "Fusce at"
      text run at (11,1646) width 71: "massa vitae"
      text run at (11,1661) width 86: "metus semper"
      text run at (11,1676) width 59: "hendrerit."
      text run at (11,1691) width 77: "Integer vitae"
      text run at (11,1706) width 66: "urna. Nulla"
      text run at (11,1721) width 65: "eget ligula."
      text run at (11,1736) width 75: "Etiam libero."
      text run at (11,1751) width 82: "Maecenas nisi"
      text run at (11,1766) width 84: "nibh, convallis"
      text run at (11,1781) width 56: "a, feugiat"
      text run at (11,1796) width 85: "vitae, pulvinar"
      text run at (11,1811) width 39: "et, mi."
      text run at (11,1826) width 86: "Curabitur arcu"
      text run at (11,1841) width 32: "pede,"
      text run at (11,1856) width 85: "adipiscing sed,"
      text run at (11,1871) width 74: "egestas nec,"
      text run at (11,1886) width 77: "commodo in,"
      text run at (11,1901) width 56: "elit. Nulla"
      text run at (11,1916) width 73: "facilisi. Proin"
      text run at (11,1931) width 84: "varius pede et"
      text run at (11,1946) width 59: "dui lacinia"
      text run at (11,1961) width 85: "dapibus. Morbi"
      text run at (11,1976) width 66: "nec augue."
      text run at (11,1991) width 90: "Proin imperdiet"
      text run at (11,2006) width 89: "lacus eu tellus."
layer at (197,28) size 125x100 clip at (198,29) size 110x98 scrollHeight 2030
  RenderBlock {DIV} at (189,20) size 125x100 [color=#DCDCDC] [bgcolor=#718D93] [border: (1px solid #D3D3D3)]
    RenderText {#text} at (11,11) size 89x780
      text run at (11,11) width 78: "Lorem ipsum"
      text run at (11,26) width 86: "dolor sit amet,"
      text run at (11,41) width 77: "consectetuer"
      text run at (11,56) width 83: "adipiscing elit."
      text run at (11,71) width 89: "Morbi et nisi ut"
      text run at (11,86) width 80: "est venenatis"
      text run at (11,101) width 45: "viverra."
      text run at (11,116) width 77: "Aenean pede"
      text run at (11,131) width 69: "orci, blandit"
      text run at (11,146) width 81: "quis, faucibus"
      text run at (11,161) width 77: "quis, egestas"
      text run at (11,176) width 40: "ut, mi."
      text run at (11,191) width 75: "Pellentesque"
      text run at (11,206) width 72: "enim purus,"
      text run at (11,221) width 58: "venenatis"
      text run at (11,236) width 59: "dignissim,"
      text run at (11,251) width 68: "tincidunt a,"
      text run at (11,266) width 70: "ullamcorper"
      text run at (11,281) width 64: "eget, nibh."
      text run at (11,296) width 88: "Nullam ut sem"
      text run at (11,311) width 82: "adipiscing orci"
      text run at (11,326) width 49: "vehicula"
      text run at (11,341) width 59: "interdum."
      text run at (11,356) width 79: "Proin a enim."
      text run at (11,371) width 55: "Phasellus"
      text run at (11,386) width 66: "sollicitudin,"
      text run at (11,401) width 74: "magna vitae"
      text run at (11,416) width 66: "vestibulum"
      text run at (11,431) width 81: "facilisis, tellus"
      text run at (11,446) width 70: "nunc iaculis"
      text run at (11,461) width 45: "arcu, in"
      text run at (11,476) width 79: "molestie sem"
      text run at (11,491) width 74: "velit tempus"
      text run at (11,506) width 89: "est. In eleifend"
      text run at (11,521) width 70: "velit at sem"
      text run at (11,536) width 57: "adipiscing"
      text run at (11,551) width 82: "sodales. Nunc"
      text run at (11,566) width 69: "sapien felis,"
      text run at (11,581) width 67: "aliquam et,"
      text run at (11,596) width 49: "volutpat"
      text run at (11,611) width 52: "rhoncus,"
      text run at (11,626) width 83: "condimentum"
      text run at (11,641) width 59: "ut, tortor."
      text run at (11,656) width 70: "Integer est."
      text run at (11,671) width 48: "Quisque"
      text run at (11,686) width 45: "viverra."
      text run at (11,701) width 76: "Praesent sed"
      text run at (11,716) width 30: "arcu."
      text run at (11,731) width 72: "Maecenas id"
      text run at (11,746) width 66: "lorem a leo"
      text run at (11,761) width 43: "lobortis"
      text run at (11,776) width 87: "condimentum."
    RenderBR {BR} at (0,0) size 0x0
    RenderBR {BR} at (11,791) size 0x15
    RenderText {#text} at (11,806) size 90x690
      text run at (11,806) width 88: "Cras commodo"
      text run at (11,821) width 88: "rutrum augue."
      text run at (11,836) width 51: "Vivamus"
      text run at (11,851) width 86: "iaculis. Nullam"
      text run at (11,866) width 84: "est. Maecenas"
      text run at (11,881) width 65: "consequat."
      text run at (11,896) width 62: "Sed id dui."
      text run at (11,911) width 90: "Vivamus a nisl."
      text run at (11,926) width 88: "Donec pretium"
      text run at (11,941) width 76: "sapien. Proin"
      text run at (11,956) width 63: "et ligula et"
      text run at (11,971) width 82: "ligula placerat"
      text run at (11,986) width 52: "pulvinar."
      text run at (11,1001) width 76: "Aliquam erat"
      text run at (11,1016) width 87: "volutpat. Proin"
      text run at (11,1031) width 36: "id est."
      text run at (11,1046) width 73: "Suspendisse"
      text run at (11,1061) width 88: "cursus, magna"
      text run at (11,1076) width 71: "at hendrerit"
      text run at (11,1091) width 65: "consequat,"
      text run at (11,1106) width 63: "mauris est"
      text run at (11,1121) width 56: "imperdiet"
      text run at (11,1136) width 52: "neque, a"
      text run at (11,1151) width 73: "ultrices arcu"
      text run at (11,1166) width 55: "urna non"
      text run at (11,1181) width 86: "nunc. Quisque"
      text run at (11,1196) width 70: "tellus. Nulla"
      text run at (11,1211) width 67: "nulla justo,"
      text run at (11,1226) width 78: "vehicula nec,"
      text run at (11,1241) width 75: "pellentesque"
      text run at (11,1256) width 79: "eu, iaculis et,"
      text run at (11,1271) width 35: "ligula."
      text run at (11,1286) width 52: "Praesent"
      text run at (11,1301) width 90: "mattis ante vel"
      text run at (11,1316) width 29: "sem."
      text run at (11,1331) width 73: "Suspendisse"
      text run at (11,1346) width 83: "porta rhoncus"
      text run at (11,1361) width 32: "urna."
      text run at (11,1376) width 86: "Phasellus felis."
      text run at (11,1391) width 52: "Praesent"
      text run at (11,1406) width 41: "viverra"
      text run at (11,1421) width 90: "convallis libero."
      text run at (11,1436) width 85: "Maecenas non"
      text run at (11,1451) width 82: "augue. Donec"
      text run at (11,1466) width 55: "hendrerit"
      text run at (11,1481) width 87: "lectus id enim."
    RenderBR {BR} at (0,0) size 0x0
    RenderBR {BR} at (11,1496) size 0x15
    RenderText {#text} at (11,1511) size 90x510
      text run at (11,1511) width 65: "Nulla ligula"
      text run at (11,1526) width 76: "dui, euismod"
      text run at (11,1541) width 63: "et, sodales"
      text run at (11,1556) width 28: "quis,"
      text run at (11,1571) width 62: "sollicitudin"
      text run at (11,1586) width 71: "quis, elit. In"
      text run at (11,1601) width 79: "adipiscing est"
      text run at (11,1616) width 58: "sed enim."
      text run at (11,1631) width 50: "Fusce at"
      text run at (11,1646) width 71: "massa vitae"
      text run at (11,1661) width 86: "metus semper"
      text run at (11,1676) width 59: "hendrerit."
      text run at (11,1691) width 77: "Integer vitae"
      text run at (11,1706) width 66: "urna. Nulla"
      text run at (11,1721) width 65: "eget ligula."
      text run at (11,1736) width 75: "Etiam libero."
      text run at (11,1751) width 82: "Maecenas nisi"
      text run at (11,1766) width 84: "nibh, convallis"
      text run at (11,1781) width 56: "a, feugiat"
      text run at (11,1796) width 85: "vitae, pulvinar"
      text run at (11,1811) width 39: "et, mi."
      text run at (11,1826) width 86: "Curabitur arcu"
      text run at (11,1841) width 32: "pede,"
      text run at (11,1856) width 85: "adipiscing sed,"
      text run at (11,1871) width 74: "egestas nec,"
      text run at (11,1886) width 77: "commodo in,"
      text run at (11,1901) width 56: "elit. Nulla"
      text run at (11,1916) width 73: "facilisi. Proin"
      text run at (11,1931) width 84: "varius pede et"
      text run at (11,1946) width 59: "dui lacinia"
      text run at (11,1961) width 85: "dapibus. Morbi"
      text run at (11,1976) width 66: "nec augue."
      text run at (11,1991) width 90: "Proin imperdiet"
      text run at (11,2006) width 89: "lacus eu tellus."
layer at (366,28) size 125x100 clip at (367,29) size 110x85 scrollWidth 420 scrollHeight 440
  RenderBlock {DIV} at (358,20) size 125x100 [color=#DCDCDC] [bgcolor=#718D93] [border: (1px solid #D3D3D3)]
    RenderBlock {DIV} at (1,1) size 420x440
      RenderText {#text} at (10,10) size 396x150
        text run at (10,10) width 388: "Lorem ipsum dolor sit amet, consectetuer adipiscing elit. Morbi et"
        text run at (10,25) width 356: "nisi ut est venenatis viverra. Aenean pede orci, blandit quis,"
        text run at (10,40) width 391: "faucibus quis, egestas ut, mi. Pellentesque enim purus, venenatis"
        text run at (10,55) width 365: "dignissim, tincidunt a, ullamcorper eget, nibh. Nullam ut sem"
        text run at (10,70) width 340: "adipiscing orci vehicula interdum. Proin a enim. Phasellus"
        text run at (10,85) width 373: "sollicitudin, magna vitae vestibulum facilisis, tellus nunc iaculis"
        text run at (10,100) width 373: "arcu, in molestie sem velit tempus est. In eleifend velit at sem"
        text run at (10,115) width 396: "adipiscing sodales. Nunc sapien felis, aliquam et, volutpat rhoncus,"
        text run at (10,130) width 377: "condimentum ut, tortor. Integer est. Quisque viverra. Praesent"
        text run at (10,145) width 342: "sed arcu. Maecenas id lorem a leo lobortis condimentum. "
      RenderBR {BR} at (352,157) size 0x0
      RenderBR {BR} at (10,160) size 0x15
      RenderText {#text} at (10,175) size 392x135
        text run at (10,175) width 351: "Cras commodo rutrum augue. Vivamus iaculis. Nullam est."
        text run at (10,190) width 379: "Maecenas consequat. Sed id dui. Vivamus a nisl. Donec pretium"
        text run at (10,205) width 365: "sapien. Proin et ligula et ligula placerat pulvinar. Aliquam erat"
        text run at (10,220) width 371: "volutpat. Proin id est. Suspendisse cursus, magna at hendrerit"
        text run at (10,235) width 384: "consequat, mauris est imperdiet neque, a ultrices arcu urna non"
        text run at (10,250) width 392: "nunc. Quisque tellus. Nulla nulla justo, vehicula nec, pellentesque"
        text run at (10,265) width 378: "eu, iaculis et, ligula. Praesent mattis ante vel sem. Suspendisse"
        text run at (10,280) width 364: "porta rhoncus urna. Phasellus felis. Praesent viverra convallis"
        text run at (10,295) width 365: "libero. Maecenas non augue. Donec hendrerit lectus id enim. "
      RenderBR {BR} at (375,307) size 0x0
      RenderBR {BR} at (10,310) size 0x15
      RenderText {#text} at (10,325) size 396x105
        text run at (10,325) width 385: "Nulla ligula dui, euismod et, sodales quis, sollicitudin quis, elit. In"
        text run at (10,340) width 360: "adipiscing est sed enim. Fusce at massa vitae metus semper"
        text run at (10,355) width 358: "hendrerit. Integer vitae urna. Nulla eget ligula. Etiam libero."
        text run at (10,370) width 362: "Maecenas nisi nibh, convallis a, feugiat vitae, pulvinar et, mi."
        text run at (10,385) width 396: "Curabitur arcu pede, adipiscing sed, egestas nec, commodo in, elit."
        text run at (10,400) width 372: "Nulla facilisi. Proin varius pede et dui lacinia dapibus. Morbi nec"
        text run at (10,415) width 228: "augue. Proin imperdiet lacus eu tellus."
layer at (535,28) size 125x100 clip at (536,29) size 110x85 scrollHeight 2030
  RenderBlock {DIV} at (527,20) size 125x100 [color=#DCDCDC] [bgcolor=#718D93] [border: (1px solid #D3D3D3)]
    RenderText {#text} at (11,11) size 89x780
      text run at (11,11) width 78: "Lorem ipsum"
      text run at (11,26) width 86: "dolor sit amet,"
      text run at (11,41) width 77: "consectetuer"
      text run at (11,56) width 83: "adipiscing elit."
      text run at (11,71) width 89: "Morbi et nisi ut"
      text run at (11,86) width 80: "est venenatis"
      text run at (11,101) width 45: "viverra."
      text run at (11,116) width 77: "Aenean pede"
      text run at (11,131) width 69: "orci, blandit"
      text run at (11,146) width 81: "quis, faucibus"
      text run at (11,161) width 77: "quis, egestas"
      text run at (11,176) width 40: "ut, mi."
      text run at (11,191) width 75: "Pellentesque"
      text run at (11,206) width 72: "enim purus,"
      text run at (11,221) width 58: "venenatis"
      text run at (11,236) width 59: "dignissim,"
      text run at (11,251) width 68: "tincidunt a,"
      text run at (11,266) width 70: "ullamcorper"
      text run at (11,281) width 64: "eget, nibh."
      text run at (11,296) width 88: "Nullam ut sem"
      text run at (11,311) width 82: "adipiscing orci"
      text run at (11,326) width 49: "vehicula"
      text run at (11,341) width 59: "interdum."
      text run at (11,356) width 79: "Proin a enim."
      text run at (11,371) width 55: "Phasellus"
      text run at (11,386) width 66: "sollicitudin,"
      text run at (11,401) width 74: "magna vitae"
      text run at (11,416) width 66: "vestibulum"
      text run at (11,431) width 81: "facilisis, tellus"
      text run at (11,446) width 70: "nunc iaculis"
      text run at (11,461) width 45: "arcu, in"
      text run at (11,476) width 79: "molestie sem"
      text run at (11,491) width 74: "velit tempus"
      text run at (11,506) width 89: "est. In eleifend"
      text run at (11,521) width 70: "velit at sem"
      text run at (11,536) width 57: "adipiscing"
      text run at (11,551) width 82: "sodales. Nunc"
      text run at (11,566) width 69: "sapien felis,"
      text run at (11,581) width 67: "aliquam et,"
      text run at (11,596) width 49: "volutpat"
      text run at (11,611) width 52: "rhoncus,"
      text run at (11,626) width 83: "condimentum"
      text run at (11,641) width 59: "ut, tortor."
      text run at (11,656) width 70: "Integer est."
      text run at (11,671) width 48: "Quisque"
      text run at (11,686) width 45: "viverra."
      text run at (11,701) width 76: "Praesent sed"
      text run at (11,716) width 30: "arcu."
      text run at (11,731) width 72: "Maecenas id"
      text run at (11,746) width 66: "lorem a leo"
      text run at (11,761) width 43: "lobortis"
      text run at (11,776) width 87: "condimentum."
    RenderBR {BR} at (0,0) size 0x0
    RenderBR {BR} at (11,791) size 0x15
    RenderText {#text} at (11,806) size 90x690
      text run at (11,806) width 88: "Cras commodo"
      text run at (11,821) width 88: "rutrum augue."
      text run at (11,836) width 51: "Vivamus"
      text run at (11,851) width 86: "iaculis. Nullam"
      text run at (11,866) width 84: "est. Maecenas"
      text run at (11,881) width 65: "consequat."
      text run at (11,896) width 62: "Sed id dui."
      text run at (11,911) width 90: "Vivamus a nisl."
      text run at (11,926) width 88: "Donec pretium"
      text run at (11,941) width 76: "sapien. Proin"
      text run at (11,956) width 63: "et ligula et"
      text run at (11,971) width 82: "ligula placerat"
      text run at (11,986) width 52: "pulvinar."
      text run at (11,1001) width 76: "Aliquam erat"
      text run at (11,1016) width 87: "volutpat. Proin"
      text run at (11,1031) width 36: "id est."
      text run at (11,1046) width 73: "Suspendisse"
      text run at (11,1061) width 88: "cursus, magna"
      text run at (11,1076) width 71: "at hendrerit"
      text run at (11,1091) width 65: "consequat,"
      text run at (11,1106) width 63: "mauris est"
      text run at (11,1121) width 56: "imperdiet"
      text run at (11,1136) width 52: "neque, a"
      text run at (11,1151) width 73: "ultrices arcu"
      text run at (11,1166) width 55: "urna non"
      text run at (11,1181) width 86: "nunc. Quisque"
      text run at (11,1196) width 70: "tellus. Nulla"
      text run at (11,1211) width 67: "nulla justo,"
      text run at (11,1226) width 78: "vehicula nec,"
      text run at (11,1241) width 75: "pellentesque"
      text run at (11,1256) width 79: "eu, iaculis et,"
      text run at (11,1271) width 35: "ligula."
      text run at (11,1286) width 52: "Praesent"
      text run at (11,1301) width 90: "mattis ante vel"
      text run at (11,1316) width 29: "sem."
      text run at (11,1331) width 73: "Suspendisse"
      text run at (11,1346) width 83: "porta rhoncus"
      text run at (11,1361) width 32: "urna."
      text run at (11,1376) width 86: "Phasellus felis."
      text run at (11,1391) width 52: "Praesent"
      text run at (11,1406) width 41: "viverra"
      text run at (11,1421) width 90: "convallis libero."
      text run at (11,1436) width 85: "Maecenas non"
      text run at (11,1451) width 82: "augue. Donec"
      text run at (11,1466) width 55: "hendrerit"
      text run at (11,1481) width 87: "lectus id enim."
    RenderBR {BR} at (0,0) size 0x0
    RenderBR {BR} at (11,1496) size 0x15
    RenderText {#text} at (11,1511) size 90x510
      text run at (11,1511) width 65: "Nulla ligula"
      text run at (11,1526) width 76: "dui, euismod"
      text run at (11,1541) width 63: "et, sodales"
      text run at (11,1556) width 28: "quis,"
      text run at (11,1571) width 62: "sollicitudin"
      text run at (11,1586) width 71: "quis, elit. In"
      text run at (11,1601) width 79: "adipiscing est"
      text run at (11,1616) width 58: "sed enim."
      text run at (11,1631) width 50: "Fusce at"
      text run at (11,1646) width 71: "massa vitae"
      text run at (11,1661) width 86: "metus semper"
      text run at (11,1676) width 59: "hendrerit."
      text run at (11,1691) width 77: "Integer vitae"
      text run at (11,1706) width 66: "urna. Nulla"
      text run at (11,1721) width 65: "eget ligula."
      text run at (11,1736) width 75: "Etiam libero."
      text run at (11,1751) width 82: "Maecenas nisi"
      text run at (11,1766) width 84: "nibh, convallis"
      text run at (11,1781) width 56: "a, feugiat"
      text run at (11,1796) width 85: "vitae, pulvinar"
      text run at (11,1811) width 39: "et, mi."
      text run at (11,1826) width 86: "Curabitur arcu"
      text run at (11,1841) width 32: "pede,"
      text run at (11,1856) width 85: "adipiscing sed,"
      text run at (11,1871) width 74: "egestas nec,"
      text run at (11,1886) width 77: "commodo in,"
      text run at (11,1901) width 56: "elit. Nulla"
      text run at (11,1916) width 73: "facilisi. Proin"
      text run at (11,1931) width 84: "varius pede et"
      text run at (11,1946) width 59: "dui lacinia"
      text run at (11,1961) width 85: "dapibus. Morbi"
      text run at (11,1976) width 66: "nec augue."
      text run at (11,1991) width 90: "Proin imperdiet"
      text run at (11,2006) width 89: "lacus eu tellus."
layer at (28,168) size 125x100 clip at (29,169) size 110x98 scrollHeight 2030
  RenderBlock {DIV} at (20,160) size 125x100 [color=#DCDCDC] [bgcolor=#718D93] [border: (1px solid #D3D3D3)]
    RenderText {#text} at (11,11) size 89x780
      text run at (11,11) width 78: "Lorem ipsum"
      text run at (11,26) width 86: "dolor sit amet,"
      text run at (11,41) width 77: "consectetuer"
      text run at (11,56) width 83: "adipiscing elit."
      text run at (11,71) width 89: "Morbi et nisi ut"
      text run at (11,86) width 80: "est venenatis"
      text run at (11,101) width 45: "viverra."
      text run at (11,116) width 77: "Aenean pede"
      text run at (11,131) width 69: "orci, blandit"
      text run at (11,146) width 81: "quis, faucibus"
      text run at (11,161) width 77: "quis, egestas"
      text run at (11,176) width 40: "ut, mi."
      text run at (11,191) width 75: "Pellentesque"
      text run at (11,206) width 72: "enim purus,"
      text run at (11,221) width 58: "venenatis"
      text run at (11,236) width 59: "dignissim,"
      text run at (11,251) width 68: "tincidunt a,"
      text run at (11,266) width 70: "ullamcorper"
      text run at (11,281) width 64: "eget, nibh."
      text run at (11,296) width 88: "Nullam ut sem"
      text run at (11,311) width 82: "adipiscing orci"
      text run at (11,326) width 49: "vehicula"
      text run at (11,341) width 59: "interdum."
      text run at (11,356) width 79: "Proin a enim."
      text run at (11,371) width 55: "Phasellus"
      text run at (11,386) width 66: "sollicitudin,"
      text run at (11,401) width 74: "magna vitae"
      text run at (11,416) width 66: "vestibulum"
      text run at (11,431) width 81: "facilisis, tellus"
      text run at (11,446) width 70: "nunc iaculis"
      text run at (11,461) width 45: "arcu, in"
      text run at (11,476) width 79: "molestie sem"
      text run at (11,491) width 74: "velit tempus"
      text run at (11,506) width 89: "est. In eleifend"
      text run at (11,521) width 70: "velit at sem"
      text run at (11,536) width 57: "adipiscing"
      text run at (11,551) width 82: "sodales. Nunc"
      text run at (11,566) width 69: "sapien felis,"
      text run at (11,581) width 67: "aliquam et,"
      text run at (11,596) width 49: "volutpat"
      text run at (11,611) width 52: "rhoncus,"
      text run at (11,626) width 83: "condimentum"
      text run at (11,641) width 59: "ut, tortor."
      text run at (11,656) width 70: "Integer est."
      text run at (11,671) width 48: "Quisque"
      text run at (11,686) width 45: "viverra."
      text run at (11,701) width 76: "Praesent sed"
      text run at (11,716) width 30: "arcu."
      text run at (11,731) width 72: "Maecenas id"
      text run at (11,746) width 66: "lorem a leo"
      text run at (11,761) width 43: "lobortis"
      text run at (11,776) width 87: "condimentum."
    RenderBR {BR} at (0,0) size 0x0
    RenderBR {BR} at (11,791) size 0x15
    RenderText {#text} at (11,806) size 90x690
      text run at (11,806) width 88: "Cras commodo"
      text run at (11,821) width 88: "rutrum augue."
      text run at (11,836) width 51: "Vivamus"
      text run at (11,851) width 86: "iaculis. Nullam"
      text run at (11,866) width 84: "est. Maecenas"
      text run at (11,881) width 65: "consequat."
      text run at (11,896) width 62: "Sed id dui."
      text run at (11,911) width 90: "Vivamus a nisl."
      text run at (11,926) width 88: "Donec pretium"
      text run at (11,941) width 76: "sapien. Proin"
      text run at (11,956) width 63: "et ligula et"
      text run at (11,971) width 82: "ligula placerat"
      text run at (11,986) width 52: "pulvinar."
      text run at (11,1001) width 76: "Aliquam erat"
      text run at (11,1016) width 87: "volutpat. Proin"
      text run at (11,1031) width 36: "id est."
      text run at (11,1046) width 73: "Suspendisse"
      text run at (11,1061) width 88: "cursus, magna"
      text run at (11,1076) width 71: "at hendrerit"
      text run at (11,1091) width 65: "consequat,"
      text run at (11,1106) width 63: "mauris est"
      text run at (11,1121) width 56: "imperdiet"
      text run at (11,1136) width 52: "neque, a"
      text run at (11,1151) width 73: "ultrices arcu"
      text run at (11,1166) width 55: "urna non"
      text run at (11,1181) width 86: "nunc. Quisque"
      text run at (11,1196) width 70: "tellus. Nulla"
      text run at (11,1211) width 67: "nulla justo,"
      text run at (11,1226) width 78: "vehicula nec,"
      text run at (11,1241) width 75: "pellentesque"
      text run at (11,1256) width 79: "eu, iaculis et,"
      text run at (11,1271) width 35: "ligula."
      text run at (11,1286) width 52: "Praesent"
      text run at (11,1301) width 90: "mattis ante vel"
      text run at (11,1316) width 29: "sem."
      text run at (11,1331) width 73: "Suspendisse"
      text run at (11,1346) width 83: "porta rhoncus"
      text run at (11,1361) width 32: "urna."
      text run at (11,1376) width 86: "Phasellus felis."
      text run at (11,1391) width 52: "Praesent"
      text run at (11,1406) width 41: "viverra"
      text run at (11,1421) width 90: "convallis libero."
      text run at (11,1436) width 85: "Maecenas non"
      text run at (11,1451) width 82: "augue. Donec"
      text run at (11,1466) width 55: "hendrerit"
      text run at (11,1481) width 87: "lectus id enim."
    RenderBR {BR} at (0,0) size 0x0
    RenderBR {BR} at (11,1496) size 0x15
    RenderText {#text} at (11,1511) size 90x510
      text run at (11,1511) width 65: "Nulla ligula"
      text run at (11,1526) width 76: "dui, euismod"
      text run at (11,1541) width 63: "et, sodales"
      text run at (11,1556) width 28: "quis,"
      text run at (11,1571) width 62: "sollicitudin"
      text run at (11,1586) width 71: "quis, elit. In"
      text run at (11,1601) width 79: "adipiscing est"
      text run at (11,1616) width 58: "sed enim."
      text run at (11,1631) width 50: "Fusce at"
      text run at (11,1646) width 71: "massa vitae"
      text run at (11,1661) width 86: "metus semper"
      text run at (11,1676) width 59: "hendrerit."
      text run at (11,1691) width 77: "Integer vitae"
      text run at (11,1706) width 66: "urna. Nulla"
      text run at (11,1721) width 65: "eget ligula."
      text run at (11,1736) width 75: "Etiam libero."
      text run at (11,1751) width 82: "Maecenas nisi"
      text run at (11,1766) width 84: "nibh, convallis"
      text run at (11,1781) width 56: "a, feugiat"
      text run at (11,1796) width 85: "vitae, pulvinar"
      text run at (11,1811) width 39: "et, mi."
      text run at (11,1826) width 86: "Curabitur arcu"
      text run at (11,1841) width 32: "pede,"
      text run at (11,1856) width 85: "adipiscing sed,"
      text run at (11,1871) width 74: "egestas nec,"
      text run at (11,1886) width 77: "commodo in,"
      text run at (11,1901) width 56: "elit. Nulla"
      text run at (11,1916) width 73: "facilisi. Proin"
      text run at (11,1931) width 84: "varius pede et"
      text run at (11,1946) width 59: "dui lacinia"
      text run at (11,1961) width 85: "dapibus. Morbi"
      text run at (11,1976) width 66: "nec augue."
      text run at (11,1991) width 90: "Proin imperdiet"
      text run at (11,2006) width 89: "lacus eu tellus."
layer at (197,168) size 125x100 clip at (198,169) size 110x85 scrollWidth 420 scrollHeight 440
  RenderBlock {DIV} at (189,160) size 125x100 [color=#DCDCDC] [bgcolor=#718D93] [border: (1px solid #D3D3D3)]
    RenderBlock {DIV} at (1,1) size 420x440
      RenderText {#text} at (10,10) size 396x150
        text run at (10,10) width 388: "Lorem ipsum dolor sit amet, consectetuer adipiscing elit. Morbi et"
        text run at (10,25) width 356: "nisi ut est venenatis viverra. Aenean pede orci, blandit quis,"
        text run at (10,40) width 391: "faucibus quis, egestas ut, mi. Pellentesque enim purus, venenatis"
        text run at (10,55) width 365: "dignissim, tincidunt a, ullamcorper eget, nibh. Nullam ut sem"
        text run at (10,70) width 340: "adipiscing orci vehicula interdum. Proin a enim. Phasellus"
        text run at (10,85) width 373: "sollicitudin, magna vitae vestibulum facilisis, tellus nunc iaculis"
        text run at (10,100) width 373: "arcu, in molestie sem velit tempus est. In eleifend velit at sem"
        text run at (10,115) width 396: "adipiscing sodales. Nunc sapien felis, aliquam et, volutpat rhoncus,"
        text run at (10,130) width 377: "condimentum ut, tortor. Integer est. Quisque viverra. Praesent"
        text run at (10,145) width 342: "sed arcu. Maecenas id lorem a leo lobortis condimentum. "
      RenderBR {BR} at (352,157) size 0x0
      RenderBR {BR} at (10,160) size 0x15
      RenderText {#text} at (10,175) size 392x135
        text run at (10,175) width 351: "Cras commodo rutrum augue. Vivamus iaculis. Nullam est."
        text run at (10,190) width 379: "Maecenas consequat. Sed id dui. Vivamus a nisl. Donec pretium"
        text run at (10,205) width 365: "sapien. Proin et ligula et ligula placerat pulvinar. Aliquam erat"
        text run at (10,220) width 371: "volutpat. Proin id est. Suspendisse cursus, magna at hendrerit"
        text run at (10,235) width 384: "consequat, mauris est imperdiet neque, a ultrices arcu urna non"
        text run at (10,250) width 392: "nunc. Quisque tellus. Nulla nulla justo, vehicula nec, pellentesque"
        text run at (10,265) width 378: "eu, iaculis et, ligula. Praesent mattis ante vel sem. Suspendisse"
        text run at (10,280) width 364: "porta rhoncus urna. Phasellus felis. Praesent viverra convallis"
        text run at (10,295) width 365: "libero. Maecenas non augue. Donec hendrerit lectus id enim. "
      RenderBR {BR} at (375,307) size 0x0
      RenderBR {BR} at (10,310) size 0x15
      RenderText {#text} at (10,325) size 396x105
        text run at (10,325) width 385: "Nulla ligula dui, euismod et, sodales quis, sollicitudin quis, elit. In"
        text run at (10,340) width 360: "adipiscing est sed enim. Fusce at massa vitae metus semper"
        text run at (10,355) width 358: "hendrerit. Integer vitae urna. Nulla eget ligula. Etiam libero."
        text run at (10,370) width 362: "Maecenas nisi nibh, convallis a, feugiat vitae, pulvinar et, mi."
        text run at (10,385) width 396: "Curabitur arcu pede, adipiscing sed, egestas nec, commodo in, elit."
        text run at (10,400) width 372: "Nulla facilisi. Proin varius pede et dui lacinia dapibus. Morbi nec"
        text run at (10,415) width 228: "augue. Proin imperdiet lacus eu tellus."
layer at (366,168) size 125x100 clip at (367,169) size 110x98 scrollHeight 2030
  RenderBlock {DIV} at (358,160) size 125x100 [color=#DCDCDC] [bgcolor=#718D93] [border: (1px solid #D3D3D3)]
    RenderText {#text} at (11,11) size 89x780
      text run at (11,11) width 78: "Lorem ipsum"
      text run at (11,26) width 86: "dolor sit amet,"
      text run at (11,41) width 77: "consectetuer"
      text run at (11,56) width 83: "adipiscing elit."
      text run at (11,71) width 89: "Morbi et nisi ut"
      text run at (11,86) width 80: "est venenatis"
      text run at (11,101) width 45: "viverra."
      text run at (11,116) width 77: "Aenean pede"
      text run at (11,131) width 69: "orci, blandit"
      text run at (11,146) width 81: "quis, faucibus"
      text run at (11,161) width 77: "quis, egestas"
      text run at (11,176) width 40: "ut, mi."
      text run at (11,191) width 75: "Pellentesque"
      text run at (11,206) width 72: "enim purus,"
      text run at (11,221) width 58: "venenatis"
      text run at (11,236) width 59: "dignissim,"
      text run at (11,251) width 68: "tincidunt a,"
      text run at (11,266) width 70: "ullamcorper"
      text run at (11,281) width 64: "eget, nibh."
      text run at (11,296) width 88: "Nullam ut sem"
      text run at (11,311) width 82: "adipiscing orci"
      text run at (11,326) width 49: "vehicula"
      text run at (11,341) width 59: "interdum."
      text run at (11,356) width 79: "Proin a enim."
      text run at (11,371) width 55: "Phasellus"
      text run at (11,386) width 66: "sollicitudin,"
      text run at (11,401) width 74: "magna vitae"
      text run at (11,416) width 66: "vestibulum"
      text run at (11,431) width 81: "facilisis, tellus"
      text run at (11,446) width 70: "nunc iaculis"
      text run at (11,461) width 45: "arcu, in"
      text run at (11,476) width 79: "molestie sem"
      text run at (11,491) width 74: "velit tempus"
      text run at (11,506) width 89: "est. In eleifend"
      text run at (11,521) width 70: "velit at sem"
      text run at (11,536) width 57: "adipiscing"
      text run at (11,551) width 82: "sodales. Nunc"
      text run at (11,566) width 69: "sapien felis,"
      text run at (11,581) width 67: "aliquam et,"
      text run at (11,596) width 49: "volutpat"
      text run at (11,611) width 52: "rhoncus,"
      text run at (11,626) width 83: "condimentum"
      text run at (11,641) width 59: "ut, tortor."
      text run at (11,656) width 70: "Integer est."
      text run at (11,671) width 48: "Quisque"
      text run at (11,686) width 45: "viverra."
      text run at (11,701) width 76: "Praesent sed"
      text run at (11,716) width 30: "arcu."
      text run at (11,731) width 72: "Maecenas id"
      text run at (11,746) width 66: "lorem a leo"
      text run at (11,761) width 43: "lobortis"
      text run at (11,776) width 87: "condimentum."
    RenderBR {BR} at (0,0) size 0x0
    RenderBR {BR} at (11,791) size 0x15
    RenderText {#text} at (11,806) size 90x690
      text run at (11,806) width 88: "Cras commodo"
      text run at (11,821) width 88: "rutrum augue."
      text run at (11,836) width 51: "Vivamus"
      text run at (11,851) width 86: "iaculis. Nullam"
      text run at (11,866) width 84: "est. Maecenas"
      text run at (11,881) width 65: "consequat."
      text run at (11,896) width 62: "Sed id dui."
      text run at (11,911) width 90: "Vivamus a nisl."
      text run at (11,926) width 88: "Donec pretium"
      text run at (11,941) width 76: "sapien. Proin"
      text run at (11,956) width 63: "et ligula et"
      text run at (11,971) width 82: "ligula placerat"
      text run at (11,986) width 52: "pulvinar."
      text run at (11,1001) width 76: "Aliquam erat"
      text run at (11,1016) width 87: "volutpat. Proin"
      text run at (11,1031) width 36: "id est."
      text run at (11,1046) width 73: "Suspendisse"
      text run at (11,1061) width 88: "cursus, magna"
      text run at (11,1076) width 71: "at hendrerit"
      text run at (11,1091) width 65: "consequat,"
      text run at (11,1106) width 63: "mauris est"
      text run at (11,1121) width 56: "imperdiet"
      text run at (11,1136) width 52: "neque, a"
      text run at (11,1151) width 73: "ultrices arcu"
      text run at (11,1166) width 55: "urna non"
      text run at (11,1181) width 86: "nunc. Quisque"
      text run at (11,1196) width 70: "tellus. Nulla"
      text run at (11,1211) width 67: "nulla justo,"
      text run at (11,1226) width 78: "vehicula nec,"
      text run at (11,1241) width 75: "pellentesque"
      text run at (11,1256) width 79: "eu, iaculis et,"
      text run at (11,1271) width 35: "ligula."
      text run at (11,1286) width 52: "Praesent"
      text run at (11,1301) width 90: "mattis ante vel"
      text run at (11,1316) width 29: "sem."
      text run at (11,1331) width 73: "Suspendisse"
      text run at (11,1346) width 83: "porta rhoncus"
      text run at (11,1361) width 32: "urna."
      text run at (11,1376) width 86: "Phasellus felis."
      text run at (11,1391) width 52: "Praesent"
      text run at (11,1406) width 41: "viverra"
      text run at (11,1421) width 90: "convallis libero."
      text run at (11,1436) width 85: "Maecenas non"
      text run at (11,1451) width 82: "augue. Donec"
      text run at (11,1466) width 55: "hendrerit"
      text run at (11,1481) width 87: "lectus id enim."
    RenderBR {BR} at (0,0) size 0x0
    RenderBR {BR} at (11,1496) size 0x15
    RenderText {#text} at (11,1511) size 90x510
      text run at (11,1511) width 65: "Nulla ligula"
      text run at (11,1526) width 76: "dui, euismod"
      text run at (11,1541) width 63: "et, sodales"
      text run at (11,1556) width 28: "quis,"
      text run at (11,1571) width 62: "sollicitudin"
      text run at (11,1586) width 71: "quis, elit. In"
      text run at (11,1601) width 79: "adipiscing est"
      text run at (11,1616) width 58: "sed enim."
      text run at (11,1631) width 50: "Fusce at"
      text run at (11,1646) width 71: "massa vitae"
      text run at (11,1661) width 86: "metus semper"
      text run at (11,1676) width 59: "hendrerit."
      text run at (11,1691) width 77: "Integer vitae"
      text run at (11,1706) width 66: "urna. Nulla"
      text run at (11,1721) width 65: "eget ligula."
      text run at (11,1736) width 75: "Etiam libero."
      text run at (11,1751) width 82: "Maecenas nisi"
      text run at (11,1766) width 84: "nibh, convallis"
      text run at (11,1781) width 56: "a, feugiat"
      text run at (11,1796) width 85: "vitae, pulvinar"
      text run at (11,1811) width 39: "et, mi."
      text run at (11,1826) width 86: "Curabitur arcu"
      text run at (11,1841) width 32: "pede,"
      text run at (11,1856) width 85: "adipiscing sed,"
      text run at (11,1871) width 74: "egestas nec,"
      text run at (11,1886) width 77: "commodo in,"
      text run at (11,1901) width 56: "elit. Nulla"
      text run at (11,1916) width 73: "facilisi. Proin"
      text run at (11,1931) width 84: "varius pede et"
      text run at (11,1946) width 59: "dui lacinia"
      text run at (11,1961) width 85: "dapibus. Morbi"
      text run at (11,1976) width 66: "nec augue."
      text run at (11,1991) width 90: "Proin imperdiet"
      text run at (11,2006) width 89: "lacus eu tellus."
layer at (535,168) size 125x100 clip at (536,169) size 123x85 scrollWidth 420 scrollHeight 170
  RenderBlock {DIV} at (527,160) size 125x100 [color=#DCDCDC] [bgcolor=#718D93] [border: (1px solid #D3D3D3)]
    RenderBlock {DIV} at (1,1) size 420x170
      RenderText {#text} at (10,10) size 396x150
        text run at (10,10) width 388: "Lorem ipsum dolor sit amet, consectetuer adipiscing elit. Morbi et"
        text run at (10,25) width 356: "nisi ut est venenatis viverra. Aenean pede orci, blandit quis,"
        text run at (10,40) width 391: "faucibus quis, egestas ut, mi. Pellentesque enim purus, venenatis"
        text run at (10,55) width 365: "dignissim, tincidunt a, ullamcorper eget, nibh. Nullam ut sem"
        text run at (10,70) width 340: "adipiscing orci vehicula interdum. Proin a enim. Phasellus"
        text run at (10,85) width 373: "sollicitudin, magna vitae vestibulum facilisis, tellus nunc iaculis"
        text run at (10,100) width 373: "arcu, in molestie sem velit tempus est. In eleifend velit at sem"
        text run at (10,115) width 396: "adipiscing sodales. Nunc sapien felis, aliquam et, volutpat rhoncus,"
        text run at (10,130) width 377: "condimentum ut, tortor. Integer est. Quisque viverra. Praesent"
        text run at (10,145) width 338: "sed arcu. Maecenas id lorem a leo lobortis condimentum."
layer at (28,308) size 125x100 clip at (29,309) size 110x98 scrollHeight 2030
  RenderBlock {DIV} at (20,300) size 125x100 [color=#DCDCDC] [bgcolor=#718D93] [border: (1px solid #D3D3D3)]
    RenderText {#text} at (11,11) size 89x780
      text run at (11,11) width 78: "Lorem ipsum"
      text run at (11,26) width 86: "dolor sit amet,"
      text run at (11,41) width 77: "consectetuer"
      text run at (11,56) width 83: "adipiscing elit."
      text run at (11,71) width 89: "Morbi et nisi ut"
      text run at (11,86) width 80: "est venenatis"
      text run at (11,101) width 45: "viverra."
      text run at (11,116) width 77: "Aenean pede"
      text run at (11,131) width 69: "orci, blandit"
      text run at (11,146) width 81: "quis, faucibus"
      text run at (11,161) width 77: "quis, egestas"
      text run at (11,176) width 40: "ut, mi."
      text run at (11,191) width 75: "Pellentesque"
      text run at (11,206) width 72: "enim purus,"
      text run at (11,221) width 58: "venenatis"
      text run at (11,236) width 59: "dignissim,"
      text run at (11,251) width 68: "tincidunt a,"
      text run at (11,266) width 70: "ullamcorper"
      text run at (11,281) width 64: "eget, nibh."
      text run at (11,296) width 88: "Nullam ut sem"
      text run at (11,311) width 82: "adipiscing orci"
      text run at (11,326) width 49: "vehicula"
      text run at (11,341) width 59: "interdum."
      text run at (11,356) width 79: "Proin a enim."
      text run at (11,371) width 55: "Phasellus"
      text run at (11,386) width 66: "sollicitudin,"
      text run at (11,401) width 74: "magna vitae"
      text run at (11,416) width 66: "vestibulum"
      text run at (11,431) width 81: "facilisis, tellus"
      text run at (11,446) width 70: "nunc iaculis"
      text run at (11,461) width 45: "arcu, in"
      text run at (11,476) width 79: "molestie sem"
      text run at (11,491) width 74: "velit tempus"
      text run at (11,506) width 89: "est. In eleifend"
      text run at (11,521) width 70: "velit at sem"
      text run at (11,536) width 57: "adipiscing"
      text run at (11,551) width 82: "sodales. Nunc"
      text run at (11,566) width 69: "sapien felis,"
      text run at (11,581) width 67: "aliquam et,"
      text run at (11,596) width 49: "volutpat"
      text run at (11,611) width 52: "rhoncus,"
      text run at (11,626) width 83: "condimentum"
      text run at (11,641) width 59: "ut, tortor."
      text run at (11,656) width 70: "Integer est."
      text run at (11,671) width 48: "Quisque"
      text run at (11,686) width 45: "viverra."
      text run at (11,701) width 76: "Praesent sed"
      text run at (11,716) width 30: "arcu."
      text run at (11,731) width 72: "Maecenas id"
      text run at (11,746) width 66: "lorem a leo"
      text run at (11,761) width 43: "lobortis"
      text run at (11,776) width 87: "condimentum."
    RenderBR {BR} at (0,0) size 0x0
    RenderBR {BR} at (11,791) size 0x15
    RenderText {#text} at (11,806) size 90x690
      text run at (11,806) width 88: "Cras commodo"
      text run at (11,821) width 88: "rutrum augue."
      text run at (11,836) width 51: "Vivamus"
      text run at (11,851) width 86: "iaculis. Nullam"
      text run at (11,866) width 84: "est. Maecenas"
      text run at (11,881) width 65: "consequat."
      text run at (11,896) width 62: "Sed id dui."
      text run at (11,911) width 90: "Vivamus a nisl."
      text run at (11,926) width 88: "Donec pretium"
      text run at (11,941) width 76: "sapien. Proin"
      text run at (11,956) width 63: "et ligula et"
      text run at (11,971) width 82: "ligula placerat"
      text run at (11,986) width 52: "pulvinar."
      text run at (11,1001) width 76: "Aliquam erat"
      text run at (11,1016) width 87: "volutpat. Proin"
      text run at (11,1031) width 36: "id est."
      text run at (11,1046) width 73: "Suspendisse"
      text run at (11,1061) width 88: "cursus, magna"
      text run at (11,1076) width 71: "at hendrerit"
      text run at (11,1091) width 65: "consequat,"
      text run at (11,1106) width 63: "mauris est"
      text run at (11,1121) width 56: "imperdiet"
      text run at (11,1136) width 52: "neque, a"
      text run at (11,1151) width 73: "ultrices arcu"
      text run at (11,1166) width 55: "urna non"
      text run at (11,1181) width 86: "nunc. Quisque"
      text run at (11,1196) width 70: "tellus. Nulla"
      text run at (11,1211) width 67: "nulla justo,"
      text run at (11,1226) width 78: "vehicula nec,"
      text run at (11,1241) width 75: "pellentesque"
      text run at (11,1256) width 79: "eu, iaculis et,"
      text run at (11,1271) width 35: "ligula."
      text run at (11,1286) width 52: "Praesent"
      text run at (11,1301) width 90: "mattis ante vel"
      text run at (11,1316) width 29: "sem."
      text run at (11,1331) width 73: "Suspendisse"
      text run at (11,1346) width 83: "porta rhoncus"
      text run at (11,1361) width 32: "urna."
      text run at (11,1376) width 86: "Phasellus felis."
      text run at (11,1391) width 52: "Praesent"
      text run at (11,1406) width 41: "viverra"
      text run at (11,1421) width 90: "convallis libero."
      text run at (11,1436) width 85: "Maecenas non"
      text run at (11,1451) width 82: "augue. Donec"
      text run at (11,1466) width 55: "hendrerit"
      text run at (11,1481) width 87: "lectus id enim."
    RenderBR {BR} at (0,0) size 0x0
    RenderBR {BR} at (11,1496) size 0x15
    RenderText {#text} at (11,1511) size 90x510
      text run at (11,1511) width 65: "Nulla ligula"
      text run at (11,1526) width 76: "dui, euismod"
      text run at (11,1541) width 63: "et, sodales"
      text run at (11,1556) width 28: "quis,"
      text run at (11,1571) width 62: "sollicitudin"
      text run at (11,1586) width 71: "quis, elit. In"
      text run at (11,1601) width 79: "adipiscing est"
      text run at (11,1616) width 58: "sed enim."
      text run at (11,1631) width 50: "Fusce at"
      text run at (11,1646) width 71: "massa vitae"
      text run at (11,1661) width 86: "metus semper"
      text run at (11,1676) width 59: "hendrerit."
      text run at (11,1691) width 77: "Integer vitae"
      text run at (11,1706) width 66: "urna. Nulla"
      text run at (11,1721) width 65: "eget ligula."
      text run at (11,1736) width 75: "Etiam libero."
      text run at (11,1751) width 82: "Maecenas nisi"
      text run at (11,1766) width 84: "nibh, convallis"
      text run at (11,1781) width 56: "a, feugiat"
      text run at (11,1796) width 85: "vitae, pulvinar"
      text run at (11,1811) width 39: "et, mi."
      text run at (11,1826) width 86: "Curabitur arcu"
      text run at (11,1841) width 32: "pede,"
      text run at (11,1856) width 85: "adipiscing sed,"
      text run at (11,1871) width 74: "egestas nec,"
      text run at (11,1886) width 77: "commodo in,"
      text run at (11,1901) width 56: "elit. Nulla"
      text run at (11,1916) width 73: "facilisi. Proin"
      text run at (11,1931) width 84: "varius pede et"
      text run at (11,1946) width 59: "dui lacinia"
      text run at (11,1961) width 85: "dapibus. Morbi"
      text run at (11,1976) width 66: "nec augue."
      text run at (11,1991) width 90: "Proin imperdiet"
      text run at (11,2006) width 89: "lacus eu tellus."
layer at (197,308) size 125x100 clip at (198,309) size 123x85 scrollWidth 420 scrollHeight 170
  RenderBlock {DIV} at (189,300) size 125x100 [color=#DCDCDC] [bgcolor=#718D93] [border: (1px solid #D3D3D3)]
    RenderBlock {DIV} at (1,1) size 420x170
      RenderText {#text} at (10,10) size 396x150
        text run at (10,10) width 388: "Lorem ipsum dolor sit amet, consectetuer adipiscing elit. Morbi et"
        text run at (10,25) width 356: "nisi ut est venenatis viverra. Aenean pede orci, blandit quis,"
        text run at (10,40) width 391: "faucibus quis, egestas ut, mi. Pellentesque enim purus, venenatis"
        text run at (10,55) width 365: "dignissim, tincidunt a, ullamcorper eget, nibh. Nullam ut sem"
        text run at (10,70) width 340: "adipiscing orci vehicula interdum. Proin a enim. Phasellus"
        text run at (10,85) width 373: "sollicitudin, magna vitae vestibulum facilisis, tellus nunc iaculis"
        text run at (10,100) width 373: "arcu, in molestie sem velit tempus est. In eleifend velit at sem"
        text run at (10,115) width 396: "adipiscing sodales. Nunc sapien felis, aliquam et, volutpat rhoncus,"
        text run at (10,130) width 377: "condimentum ut, tortor. Integer est. Quisque viverra. Praesent"
        text run at (10,145) width 338: "sed arcu. Maecenas id lorem a leo lobortis condimentum."
layer at (366,308) size 125x100 clip at (367,309) size 110x85 scrollWidth 420 scrollHeight 440
  RenderBlock {DIV} at (358,300) size 125x100 [color=#DCDCDC] [bgcolor=#718D93] [border: (1px solid #D3D3D3)]
    RenderBlock {DIV} at (1,1) size 420x440
      RenderText {#text} at (10,10) size 396x150
        text run at (10,10) width 388: "Lorem ipsum dolor sit amet, consectetuer adipiscing elit. Morbi et"
        text run at (10,25) width 356: "nisi ut est venenatis viverra. Aenean pede orci, blandit quis,"
        text run at (10,40) width 391: "faucibus quis, egestas ut, mi. Pellentesque enim purus, venenatis"
        text run at (10,55) width 365: "dignissim, tincidunt a, ullamcorper eget, nibh. Nullam ut sem"
        text run at (10,70) width 340: "adipiscing orci vehicula interdum. Proin a enim. Phasellus"
        text run at (10,85) width 373: "sollicitudin, magna vitae vestibulum facilisis, tellus nunc iaculis"
        text run at (10,100) width 373: "arcu, in molestie sem velit tempus est. In eleifend velit at sem"
        text run at (10,115) width 396: "adipiscing sodales. Nunc sapien felis, aliquam et, volutpat rhoncus,"
        text run at (10,130) width 377: "condimentum ut, tortor. Integer est. Quisque viverra. Praesent"
        text run at (10,145) width 342: "sed arcu. Maecenas id lorem a leo lobortis condimentum. "
      RenderBR {BR} at (352,157) size 0x0
      RenderBR {BR} at (10,160) size 0x15
      RenderText {#text} at (10,175) size 392x135
        text run at (10,175) width 351: "Cras commodo rutrum augue. Vivamus iaculis. Nullam est."
        text run at (10,190) width 379: "Maecenas consequat. Sed id dui. Vivamus a nisl. Donec pretium"
        text run at (10,205) width 365: "sapien. Proin et ligula et ligula placerat pulvinar. Aliquam erat"
        text run at (10,220) width 371: "volutpat. Proin id est. Suspendisse cursus, magna at hendrerit"
        text run at (10,235) width 384: "consequat, mauris est imperdiet neque, a ultrices arcu urna non"
        text run at (10,250) width 392: "nunc. Quisque tellus. Nulla nulla justo, vehicula nec, pellentesque"
        text run at (10,265) width 378: "eu, iaculis et, ligula. Praesent mattis ante vel sem. Suspendisse"
        text run at (10,280) width 364: "porta rhoncus urna. Phasellus felis. Praesent viverra convallis"
        text run at (10,295) width 365: "libero. Maecenas non augue. Donec hendrerit lectus id enim. "
      RenderBR {BR} at (375,307) size 0x0
      RenderBR {BR} at (10,310) size 0x15
      RenderText {#text} at (10,325) size 396x105
        text run at (10,325) width 385: "Nulla ligula dui, euismod et, sodales quis, sollicitudin quis, elit. In"
        text run at (10,340) width 360: "adipiscing est sed enim. Fusce at massa vitae metus semper"
        text run at (10,355) width 358: "hendrerit. Integer vitae urna. Nulla eget ligula. Etiam libero."
        text run at (10,370) width 362: "Maecenas nisi nibh, convallis a, feugiat vitae, pulvinar et, mi."
        text run at (10,385) width 396: "Curabitur arcu pede, adipiscing sed, egestas nec, commodo in, elit."
        text run at (10,400) width 372: "Nulla facilisi. Proin varius pede et dui lacinia dapibus. Morbi nec"
        text run at (10,415) width 228: "augue. Proin imperdiet lacus eu tellus."
layer at (535,308) size 125x100 clip at (536,309) size 110x85 scrollWidth 420 scrollHeight 440
  RenderBlock {DIV} at (527,300) size 125x100 [color=#DCDCDC] [bgcolor=#718D93] [border: (1px solid #D3D3D3)]
    RenderBlock {DIV} at (1,1) size 420x440
      RenderText {#text} at (10,10) size 396x150
        text run at (10,10) width 388: "Lorem ipsum dolor sit amet, consectetuer adipiscing elit. Morbi et"
        text run at (10,25) width 356: "nisi ut est venenatis viverra. Aenean pede orci, blandit quis,"
        text run at (10,40) width 391: "faucibus quis, egestas ut, mi. Pellentesque enim purus, venenatis"
        text run at (10,55) width 365: "dignissim, tincidunt a, ullamcorper eget, nibh. Nullam ut sem"
        text run at (10,70) width 340: "adipiscing orci vehicula interdum. Proin a enim. Phasellus"
        text run at (10,85) width 373: "sollicitudin, magna vitae vestibulum facilisis, tellus nunc iaculis"
        text run at (10,100) width 373: "arcu, in molestie sem velit tempus est. In eleifend velit at sem"
        text run at (10,115) width 396: "adipiscing sodales. Nunc sapien felis, aliquam et, volutpat rhoncus,"
        text run at (10,130) width 377: "condimentum ut, tortor. Integer est. Quisque viverra. Praesent"
        text run at (10,145) width 342: "sed arcu. Maecenas id lorem a leo lobortis condimentum. "
      RenderBR {BR} at (352,157) size 0x0
      RenderBR {BR} at (10,160) size 0x15
      RenderText {#text} at (10,175) size 392x135
        text run at (10,175) width 351: "Cras commodo rutrum augue. Vivamus iaculis. Nullam est."
        text run at (10,190) width 379: "Maecenas consequat. Sed id dui. Vivamus a nisl. Donec pretium"
        text run at (10,205) width 365: "sapien. Proin et ligula et ligula placerat pulvinar. Aliquam erat"
        text run at (10,220) width 371: "volutpat. Proin id est. Suspendisse cursus, magna at hendrerit"
        text run at (10,235) width 384: "consequat, mauris est imperdiet neque, a ultrices arcu urna non"
        text run at (10,250) width 392: "nunc. Quisque tellus. Nulla nulla justo, vehicula nec, pellentesque"
        text run at (10,265) width 378: "eu, iaculis et, ligula. Praesent mattis ante vel sem. Suspendisse"
        text run at (10,280) width 364: "porta rhoncus urna. Phasellus felis. Praesent viverra convallis"
        text run at (10,295) width 365: "libero. Maecenas non augue. Donec hendrerit lectus id enim. "
      RenderBR {BR} at (375,307) size 0x0
      RenderBR {BR} at (10,310) size 0x15
      RenderText {#text} at (10,325) size 396x105
        text run at (10,325) width 385: "Nulla ligula dui, euismod et, sodales quis, sollicitudin quis, elit. In"
        text run at (10,340) width 360: "adipiscing est sed enim. Fusce at massa vitae metus semper"
        text run at (10,355) width 358: "hendrerit. Integer vitae urna. Nulla eget ligula. Etiam libero."
        text run at (10,370) width 362: "Maecenas nisi nibh, convallis a, feugiat vitae, pulvinar et, mi."
        text run at (10,385) width 396: "Curabitur arcu pede, adipiscing sed, egestas nec, commodo in, elit."
        text run at (10,400) width 372: "Nulla facilisi. Proin varius pede et dui lacinia dapibus. Morbi nec"
        text run at (10,415) width 228: "augue. Proin imperdiet lacus eu tellus."
layer at (28,448) size 125x100 clip at (29,449) size 110x85 scrollWidth 420 scrollHeight 440
  RenderBlock {DIV} at (20,440) size 125x100 [color=#DCDCDC] [bgcolor=#718D93] [border: (1px solid #D3D3D3)]
    RenderBlock {DIV} at (1,1) size 420x440
      RenderText {#text} at (10,10) size 396x150
        text run at (10,10) width 388: "Lorem ipsum dolor sit amet, consectetuer adipiscing elit. Morbi et"
        text run at (10,25) width 356: "nisi ut est venenatis viverra. Aenean pede orci, blandit quis,"
        text run at (10,40) width 391: "faucibus quis, egestas ut, mi. Pellentesque enim purus, venenatis"
        text run at (10,55) width 365: "dignissim, tincidunt a, ullamcorper eget, nibh. Nullam ut sem"
        text run at (10,70) width 340: "adipiscing orci vehicula interdum. Proin a enim. Phasellus"
        text run at (10,85) width 373: "sollicitudin, magna vitae vestibulum facilisis, tellus nunc iaculis"
        text run at (10,100) width 373: "arcu, in molestie sem velit tempus est. In eleifend velit at sem"
        text run at (10,115) width 396: "adipiscing sodales. Nunc sapien felis, aliquam et, volutpat rhoncus,"
        text run at (10,130) width 377: "condimentum ut, tortor. Integer est. Quisque viverra. Praesent"
        text run at (10,145) width 342: "sed arcu. Maecenas id lorem a leo lobortis condimentum. "
      RenderBR {BR} at (352,157) size 0x0
      RenderBR {BR} at (10,160) size 0x15
      RenderText {#text} at (10,175) size 392x135
        text run at (10,175) width 351: "Cras commodo rutrum augue. Vivamus iaculis. Nullam est."
        text run at (10,190) width 379: "Maecenas consequat. Sed id dui. Vivamus a nisl. Donec pretium"
        text run at (10,205) width 365: "sapien. Proin et ligula et ligula placerat pulvinar. Aliquam erat"
        text run at (10,220) width 371: "volutpat. Proin id est. Suspendisse cursus, magna at hendrerit"
        text run at (10,235) width 384: "consequat, mauris est imperdiet neque, a ultrices arcu urna non"
        text run at (10,250) width 392: "nunc. Quisque tellus. Nulla nulla justo, vehicula nec, pellentesque"
        text run at (10,265) width 378: "eu, iaculis et, ligula. Praesent mattis ante vel sem. Suspendisse"
        text run at (10,280) width 364: "porta rhoncus urna. Phasellus felis. Praesent viverra convallis"
        text run at (10,295) width 365: "libero. Maecenas non augue. Donec hendrerit lectus id enim. "
      RenderBR {BR} at (375,307) size 0x0
      RenderBR {BR} at (10,310) size 0x15
      RenderText {#text} at (10,325) size 396x105
        text run at (10,325) width 385: "Nulla ligula dui, euismod et, sodales quis, sollicitudin quis, elit. In"
        text run at (10,340) width 360: "adipiscing est sed enim. Fusce at massa vitae metus semper"
        text run at (10,355) width 358: "hendrerit. Integer vitae urna. Nulla eget ligula. Etiam libero."
        text run at (10,370) width 362: "Maecenas nisi nibh, convallis a, feugiat vitae, pulvinar et, mi."
        text run at (10,385) width 396: "Curabitur arcu pede, adipiscing sed, egestas nec, commodo in, elit."
        text run at (10,400) width 372: "Nulla facilisi. Proin varius pede et dui lacinia dapibus. Morbi nec"
        text run at (10,415) width 228: "augue. Proin imperdiet lacus eu tellus."
layer at (197,448) size 125x100 clip at (198,449) size 110x85 scrollWidth 420 scrollHeight 440
  RenderBlock {DIV} at (189,440) size 125x100 [color=#DCDCDC] [bgcolor=#718D93] [border: (1px solid #D3D3D3)]
    RenderBlock {DIV} at (1,1) size 420x440
      RenderText {#text} at (10,10) size 396x150
        text run at (10,10) width 388: "Lorem ipsum dolor sit amet, consectetuer adipiscing elit. Morbi et"
        text run at (10,25) width 356: "nisi ut est venenatis viverra. Aenean pede orci, blandit quis,"
        text run at (10,40) width 391: "faucibus quis, egestas ut, mi. Pellentesque enim purus, venenatis"
        text run at (10,55) width 365: "dignissim, tincidunt a, ullamcorper eget, nibh. Nullam ut sem"
        text run at (10,70) width 340: "adipiscing orci vehicula interdum. Proin a enim. Phasellus"
        text run at (10,85) width 373: "sollicitudin, magna vitae vestibulum facilisis, tellus nunc iaculis"
        text run at (10,100) width 373: "arcu, in molestie sem velit tempus est. In eleifend velit at sem"
        text run at (10,115) width 396: "adipiscing sodales. Nunc sapien felis, aliquam et, volutpat rhoncus,"
        text run at (10,130) width 377: "condimentum ut, tortor. Integer est. Quisque viverra. Praesent"
        text run at (10,145) width 342: "sed arcu. Maecenas id lorem a leo lobortis condimentum. "
      RenderBR {BR} at (352,157) size 0x0
      RenderBR {BR} at (10,160) size 0x15
      RenderText {#text} at (10,175) size 392x135
        text run at (10,175) width 351: "Cras commodo rutrum augue. Vivamus iaculis. Nullam est."
        text run at (10,190) width 379: "Maecenas consequat. Sed id dui. Vivamus a nisl. Donec pretium"
        text run at (10,205) width 365: "sapien. Proin et ligula et ligula placerat pulvinar. Aliquam erat"
        text run at (10,220) width 371: "volutpat. Proin id est. Suspendisse cursus, magna at hendrerit"
        text run at (10,235) width 384: "consequat, mauris est imperdiet neque, a ultrices arcu urna non"
        text run at (10,250) width 392: "nunc. Quisque tellus. Nulla nulla justo, vehicula nec, pellentesque"
        text run at (10,265) width 378: "eu, iaculis et, ligula. Praesent mattis ante vel sem. Suspendisse"
        text run at (10,280) width 364: "porta rhoncus urna. Phasellus felis. Praesent viverra convallis"
        text run at (10,295) width 365: "libero. Maecenas non augue. Donec hendrerit lectus id enim. "
      RenderBR {BR} at (375,307) size 0x0
      RenderBR {BR} at (10,310) size 0x15
      RenderText {#text} at (10,325) size 396x105
        text run at (10,325) width 385: "Nulla ligula dui, euismod et, sodales quis, sollicitudin quis, elit. In"
        text run at (10,340) width 360: "adipiscing est sed enim. Fusce at massa vitae metus semper"
        text run at (10,355) width 358: "hendrerit. Integer vitae urna. Nulla eget ligula. Etiam libero."
        text run at (10,370) width 362: "Maecenas nisi nibh, convallis a, feugiat vitae, pulvinar et, mi."
        text run at (10,385) width 396: "Curabitur arcu pede, adipiscing sed, egestas nec, commodo in, elit."
        text run at (10,400) width 372: "Nulla facilisi. Proin varius pede et dui lacinia dapibus. Morbi nec"
        text run at (10,415) width 228: "augue. Proin imperdiet lacus eu tellus."
layer at (366,448) size 125x100 clip at (367,449) size 110x85 scrollWidth 420 scrollHeight 440
  RenderBlock {DIV} at (358,440) size 125x100 [color=#DCDCDC] [bgcolor=#718D93] [border: (1px solid #D3D3D3)]
    RenderBlock {DIV} at (1,1) size 420x440
      RenderText {#text} at (10,10) size 396x150
        text run at (10,10) width 388: "Lorem ipsum dolor sit amet, consectetuer adipiscing elit. Morbi et"
        text run at (10,25) width 356: "nisi ut est venenatis viverra. Aenean pede orci, blandit quis,"
        text run at (10,40) width 391: "faucibus quis, egestas ut, mi. Pellentesque enim purus, venenatis"
        text run at (10,55) width 365: "dignissim, tincidunt a, ullamcorper eget, nibh. Nullam ut sem"
        text run at (10,70) width 340: "adipiscing orci vehicula interdum. Proin a enim. Phasellus"
        text run at (10,85) width 373: "sollicitudin, magna vitae vestibulum facilisis, tellus nunc iaculis"
        text run at (10,100) width 373: "arcu, in molestie sem velit tempus est. In eleifend velit at sem"
        text run at (10,115) width 396: "adipiscing sodales. Nunc sapien felis, aliquam et, volutpat rhoncus,"
        text run at (10,130) width 377: "condimentum ut, tortor. Integer est. Quisque viverra. Praesent"
        text run at (10,145) width 342: "sed arcu. Maecenas id lorem a leo lobortis condimentum. "
      RenderBR {BR} at (352,157) size 0x0
      RenderBR {BR} at (10,160) size 0x15
      RenderText {#text} at (10,175) size 392x135
        text run at (10,175) width 351: "Cras commodo rutrum augue. Vivamus iaculis. Nullam est."
        text run at (10,190) width 379: "Maecenas consequat. Sed id dui. Vivamus a nisl. Donec pretium"
        text run at (10,205) width 365: "sapien. Proin et ligula et ligula placerat pulvinar. Aliquam erat"
        text run at (10,220) width 371: "volutpat. Proin id est. Suspendisse cursus, magna at hendrerit"
        text run at (10,235) width 384: "consequat, mauris est imperdiet neque, a ultrices arcu urna non"
        text run at (10,250) width 392: "nunc. Quisque tellus. Nulla nulla justo, vehicula nec, pellentesque"
        text run at (10,265) width 378: "eu, iaculis et, ligula. Praesent mattis ante vel sem. Suspendisse"
        text run at (10,280) width 364: "porta rhoncus urna. Phasellus felis. Praesent viverra convallis"
        text run at (10,295) width 365: "libero. Maecenas non augue. Donec hendrerit lectus id enim. "
      RenderBR {BR} at (375,307) size 0x0
      RenderBR {BR} at (10,310) size 0x15
      RenderText {#text} at (10,325) size 396x105
        text run at (10,325) width 385: "Nulla ligula dui, euismod et, sodales quis, sollicitudin quis, elit. In"
        text run at (10,340) width 360: "adipiscing est sed enim. Fusce at massa vitae metus semper"
        text run at (10,355) width 358: "hendrerit. Integer vitae urna. Nulla eget ligula. Etiam libero."
        text run at (10,370) width 362: "Maecenas nisi nibh, convallis a, feugiat vitae, pulvinar et, mi."
        text run at (10,385) width 396: "Curabitur arcu pede, adipiscing sed, egestas nec, commodo in, elit."
        text run at (10,400) width 372: "Nulla facilisi. Proin varius pede et dui lacinia dapibus. Morbi nec"
        text run at (10,415) width 228: "augue. Proin imperdiet lacus eu tellus."
