layer at (0,0) size 785x777
  RenderView at (0,0) size 785x600
layer at (0,0) size 785x600
  RenderBlock {html} at (0,0) size 785x600
    RenderBody {body} at (8,16) size 769x600
      RenderBlock {parsererror} at (16,0) size 737x140 [bgcolor=#FFDDDD] [border: (2px solid #CC7777)]
        RenderBlock {h3} at (18,20) size 701x24
          RenderText {#text} at (0,0) size 324x22
            text run at (0,0) width 324: "This page contains the following errors:"
        RenderBlock {div} at (18,62) size 701x16
          RenderText {#text} at (0,0) size 567x15
            text run at (0,0) width 567: "error on line 5 at column 7: Opening and ending tag mismatch: rect line 0 and svg"
        RenderBlock {h3} at (18,96) size 701x24
          RenderText {#text} at (0,0) size 430x22
            text run at (0,0) width 430: "Below is a rendering of the page up to the first error."
      RenderBlock (anonymous) at (0,155) size 769x606
        RenderSVGRoot {svg} at (18,181) size 200x201
          RenderSVGRect {rect} at (18,181) size 200x201 [fill={[type=SOLID] [color=#FF0000]}] [x=10.00] [y=10.00] [width=200.00] [height=200.00]
          RenderSVGRect {rect} at (18,181) size 200x201 [fill={[type=SOLID] [color=#FF0000]}] [x=10.00] [y=10.00] [width=200.00] [height=200.00]
