layer at (0,0) size 800x600
  RenderView at (0,0) size 800x600
layer at (0,0) size 800x600
  RenderBlock {HTML} at (0,0) size 800x600
    RenderBody {BODY} at (0,360) size 800x240
layer at (20,360) size 200x170
  RenderBlock {DIV} at (20,0) size 200x170 [border: none (20px solid #C0C0C0) none]
    RenderMultiColumnSet at (0,20) size 200x150
layer at (20,66) size 200x444
  RenderMultiColumnFlowThread at (0,20) size 200x444
    RenderText {#text} at (0,1) size 185x89
      text run at (0,1) width 177: "Lorem ipsum dolor sit amet,"
      text run at (0,19) width 75: "consectetur "
      text run at (75,19) width 91: "adipiscing elit."
      text run at (0,37) width 185: "Curabitur neque elit, pulvinar"
      text run at (0,55) width 100: "eget lobortis at, "
      text run at (100,55) width 72: "convallis ut"
      text run at (0,73) width 44: "lectus. "
    RenderText {#text} at (100,73) size 192x131
      text run at (100,73) width 63: " vulputate"
      text run at (0,91) width 147: "tincidunt leo, eu varius "
      text run at (147,91) width 31: "nunc"
      text run at (0,109) width 176: "ullamcorper vel. Integer nec"
      text run at (0,127) width 192: "dolor sed ante pharetra lacinia."
      text run at (0,151) width 187: "Integer dignissim iaculis nulla"
      text run at (0,169) width 170: "et rutrum. Praesent pretium"
      text run at (0,187) width 57: "euismod "
      text run at (57,187) width 97: "est eget laoreet."
    RenderText {#text} at (44,205) size 196x221
      text run at (44,205) width 102: " suscipit suscipit"
      text run at (0,223) width 182: "elementum. Duis consectetur"
      text run at (0,241) width 189: "pulvinar tempor. In mi sapien,"
      text run at (0,259) width 173: "malesuada vitae posuere ut,"
      text run at (0,277) width 68: "adipiscing "
      text run at (68,277) width 117: "id odio. Integer est"
      text run at (0,301) width 194: "mi, luctus sed cursus in, cursus"
      text run at (0,319) width 105: "vitae urna. Nam "
      text run at (105,319) width 71: "consectetur"
      text run at (0,337) width 167: "orci tempor nibh iaculis eu"
      text run at (0,355) width 195: "dignissim odio laoreet. Aenean"
      text run at (0,373) width 175: "congue fermentum nibh sed"
      text run at (0,391) width 196: "malesuada. Curabitur enim leo,"
      text run at (0,409) width 70: "porttitor ut "
      text run at (70,409) width 75: "interdum et,"
    RenderText {#text} at (52,427) size 60x17
      text run at (52,427) width 60: " ut lorem."
layer at (20,66) size 57x17
  RenderInline (relative positioned) {SPAN} at (0,0) size 57x17 [bgcolor=#FFFF00]
    RenderText {#text} at (44,73) size 57x17
      text run at (44,73) width 57: "Vivamus"
layer at (20,66) size 44x17
  RenderInline (relative positioned) {SPAN} at (0,0) size 44x17 [bgcolor=#FFFF00]
    RenderText {#text} at (0,205) size 44x17
      text run at (0,205) width 44: "Integer"
layer at (20,66) size 52x17
  RenderInline (relative positioned) {SPAN} at (0,0) size 52x17 [bgcolor=#FFFF00]
    RenderText {#text} at (0,427) size 52x17
      text run at (0,427) width 52: "pulvinar"
