layer at (0,0) size 800x600
  RenderView at (0,0) size 800x600
layer at (0,0) size 800x600
  RenderBlock {HTML} at (0,0) size 800x600
    RenderBody {BODY} at (8,8) size 784x576
layer at (8,8) size 784x160
  RenderBlock {P} at (0,0) size 784x160 [border: (10px solid #800000)]
    RenderMultiColumnSet at (30,30) size 724x100
layer at (38,38) size 231x254
  RenderMultiColumnFlowThread at (30,30) size 231x254
    RenderText {#text} at (0,0) size 161x17
      text run at (0,0) width 161: "This is some column text."
    RenderBR {BR} at (161,0) size 0x17
    RenderText {#text} at (0,18) size 161x17
      text run at (0,18) width 161: "This is some column text."
    RenderBR {BR} at (161,18) size 0x17
    RenderText {#text} at (0,36) size 161x17
      text run at (0,36) width 161: "This is some column text."
    RenderBR {BR} at (161,36) size 0x17
    RenderText {#text} at (0,54) size 161x17
      text run at (0,54) width 161: "This is some column text."
    RenderBR {BR} at (161,54) size 0x17
    RenderText {#text} at (0,72) size 161x17
      text run at (0,72) width 161: "This is some column text."
    RenderBR {BR} at (161,72) size 0x17
    RenderText {#text} at (0,100) size 161x17
      text run at (0,100) width 161: "This is some column text."
    RenderBR {BR} at (161,100) size 0x17
    RenderText {#text} at (0,118) size 161x17
      text run at (0,118) width 161: "This is some column text."
    RenderBR {BR} at (161,118) size 0x17
    RenderText {#text} at (0,136) size 161x17
      text run at (0,136) width 161: "This is some column text."
    RenderBR {BR} at (161,136) size 0x17
    RenderText {#text} at (0,154) size 161x17
      text run at (0,154) width 161: "This is some column text."
    RenderBR {BR} at (161,154) size 0x17
    RenderText {#text} at (0,172) size 161x17
      text run at (0,172) width 161: "This is some column text."
    RenderBR {BR} at (161,172) size 0x17
    RenderText {#text} at (0,200) size 161x17
      text run at (0,200) width 161: "This is some column text."
    RenderBR {BR} at (161,200) size 0x17
    RenderText {#text} at (0,218) size 161x17
      text run at (0,218) width 161: "This is some column text."
    RenderBR {BR} at (161,218) size 0x17
    RenderText {#text} at (0,236) size 161x17
      text run at (0,236) width 161: "This is some column text."
    RenderBR {BR} at (161,236) size 0x17
layer at (8,184) size 784x160
  RenderBlock {P} at (0,176) size 784x160 [border: (10px solid #800000)]
    RenderMultiColumnSet at (30,30) size 724x100
layer at (531,214) size 231x254
  RenderMultiColumnFlowThread at (523,30) size 231x254
    RenderText {#text} at (69,0) size 162x17
      text run at (69,0) width 5 RTL: "."
      text run at (73,0) width 158: "This is some column text"
    RenderBR {BR} at (69,0) size 1x17
    RenderText {#text} at (69,18) size 162x17
      text run at (69,18) width 5 RTL: "."
      text run at (73,18) width 158: "This is some column text"
    RenderBR {BR} at (69,18) size 1x17
    RenderText {#text} at (69,36) size 162x17
      text run at (69,36) width 5 RTL: "."
      text run at (73,36) width 158: "This is some column text"
    RenderBR {BR} at (69,36) size 1x17
    RenderText {#text} at (69,54) size 162x17
      text run at (69,54) width 5 RTL: "."
      text run at (73,54) width 158: "This is some column text"
    RenderBR {BR} at (69,54) size 1x17
    RenderText {#text} at (69,72) size 162x17
      text run at (69,72) width 5 RTL: "."
      text run at (73,72) width 158: "This is some column text"
    RenderBR {BR} at (69,72) size 1x17
    RenderText {#text} at (69,100) size 162x17
      text run at (69,100) width 5 RTL: "."
      text run at (73,100) width 158: "This is some column text"
    RenderBR {BR} at (69,100) size 1x17
    RenderText {#text} at (69,118) size 162x17
      text run at (69,118) width 5 RTL: "."
      text run at (73,118) width 158: "This is some column text"
    RenderBR {BR} at (69,118) size 1x17
    RenderText {#text} at (69,136) size 162x17
      text run at (69,136) width 5 RTL: "."
      text run at (73,136) width 158: "This is some column text"
    RenderBR {BR} at (69,136) size 1x17
    RenderText {#text} at (69,154) size 162x17
      text run at (69,154) width 5 RTL: "."
      text run at (73,154) width 158: "This is some column text"
    RenderBR {BR} at (69,154) size 1x17
    RenderText {#text} at (69,172) size 162x17
      text run at (69,172) width 5 RTL: "."
      text run at (73,172) width 158: "This is some column text"
    RenderBR {BR} at (69,172) size 1x17
    RenderText {#text} at (69,200) size 162x17
      text run at (69,200) width 5 RTL: "."
      text run at (73,200) width 158: "This is some column text"
    RenderBR {BR} at (69,200) size 1x17
    RenderText {#text} at (69,218) size 162x17
      text run at (69,218) width 5 RTL: "."
      text run at (73,218) width 158: "This is some column text"
    RenderBR {BR} at (69,218) size 1x17
    RenderText {#text} at (69,236) size 162x17
      text run at (69,236) width 5 RTL: "."
      text run at (73,236) width 158: "This is some column text"
    RenderBR {BR} at (69,236) size 1x17
