layer at (0,0) size 785x808
  RenderView at (0,0) size 785x600
layer at (0,0) size 785x808
  RenderBlock {HTML} at (0,0) size 785x808
    RenderBody {BODY} at (8,8) size 769x792
layer at (8,8) size 769x388
  RenderBlock {DIV} at (0,0) size 769x388 [border: (5px solid #0000FF)]
    RenderMultiColumnSet at (5,5) size 759x378
layer at (13,13) size 372x450
  RenderMultiColumnFlowThread at (5,5) size 372x450
    RenderBlock (anonymous) at (0,0) size 372x378
      RenderText {#text} at (0,0) size 110x17
        text run at (0,0) width 110: "This is some text."
      RenderBR {BR} at (110,0) size 0x17
      RenderText {#text} at (0,18) size 110x17
        text run at (0,18) width 110: "This is some text."
      RenderBR {BR} at (110,18) size 0x17
      RenderText {#text} at (0,36) size 110x17
        text run at (0,36) width 110: "This is some text."
      RenderBR {BR} at (110,36) size 0x17
      RenderText {#text} at (0,54) size 110x17
        text run at (0,54) width 110: "This is some text."
      RenderBR {BR} at (110,54) size 0x17
      RenderText {#text} at (0,72) size 110x17
        text run at (0,72) width 110: "This is some text."
      RenderBR {BR} at (110,72) size 0x17
      RenderText {#text} at (0,90) size 110x17
        text run at (0,90) width 110: "This is some text."
      RenderBR {BR} at (110,90) size 0x17
      RenderText {#text} at (0,108) size 110x17
        text run at (0,108) width 110: "This is some text."
      RenderBR {BR} at (110,108) size 0x17
      RenderText {#text} at (0,126) size 110x17
        text run at (0,126) width 110: "This is some text."
      RenderBR {BR} at (110,126) size 0x17
      RenderText {#text} at (0,144) size 110x17
        text run at (0,144) width 110: "This is some text."
      RenderBR {BR} at (110,144) size 0x17
      RenderText {#text} at (0,162) size 110x17
        text run at (0,162) width 110: "This is some text."
      RenderBR {BR} at (110,162) size 0x17
      RenderText {#text} at (0,180) size 110x17
        text run at (0,180) width 110: "This is some text."
      RenderBR {BR} at (110,180) size 0x17
      RenderText {#text} at (0,198) size 110x17
        text run at (0,198) width 110: "This is some text."
      RenderBR {BR} at (110,198) size 0x17
      RenderText {#text} at (0,216) size 110x17
        text run at (0,216) width 110: "This is some text."
      RenderBR {BR} at (110,216) size 0x17
      RenderText {#text} at (0,234) size 110x17
        text run at (0,234) width 110: "This is some text."
      RenderBR {BR} at (110,234) size 0x17
      RenderText {#text} at (0,252) size 110x17
        text run at (0,252) width 110: "This is some text."
      RenderBR {BR} at (110,252) size 0x17
      RenderText {#text} at (0,270) size 110x17
        text run at (0,270) width 110: "This is some text."
      RenderBR {BR} at (110,270) size 0x17
      RenderText {#text} at (0,288) size 110x17
        text run at (0,288) width 110: "This is some text."
      RenderBR {BR} at (110,288) size 0x17
      RenderText {#text} at (0,306) size 110x17
        text run at (0,306) width 110: "This is some text."
      RenderBR {BR} at (110,306) size 0x17
      RenderText {#text} at (0,324) size 110x17
        text run at (0,324) width 110: "This is some text."
      RenderBR {BR} at (110,324) size 0x17
      RenderText {#text} at (0,342) size 110x17
        text run at (0,342) width 110: "This is some text."
      RenderBR {BR} at (110,342) size 0x17
      RenderText {#text} at (0,360) size 110x17
        text run at (0,360) width 110: "This is some text."
      RenderBR {BR} at (110,360) size 0x17
    RenderBlock {DIV} at (0,378) size 372x72
      RenderText {#text} at (0,0) size 262x17
        text run at (0,0) width 262: "This text should be in the second column."
      RenderBR {BR} at (262,0) size 0x17
      RenderText {#text} at (0,18) size 262x17
        text run at (0,18) width 262: "This text should be in the second column."
      RenderBR {BR} at (262,18) size 0x17
      RenderText {#text} at (0,36) size 262x17
        text run at (0,36) width 262: "This text should be in the second column."
      RenderBR {BR} at (262,36) size 0x17
      RenderText {#text} at (0,54) size 262x17
        text run at (0,54) width 262: "This text should be in the second column."
      RenderBR {BR} at (262,54) size 0x17
layer at (8,412) size 769x388
  RenderBlock {DIV} at (0,404) size 769x388 [border: (5px solid #0000FF)]
    RenderMultiColumnSet at (5,5) size 759x378
layer at (13,417) size 372x756 backgroundClip at (0,0) size 785x808 clip at (0,0) size 785x808
  RenderMultiColumnFlowThread at (5,5) size 372x756
    RenderBlock (anonymous) at (0,0) size 372x72
      RenderText {#text} at (0,0) size 242x17
        text run at (0,0) width 242: "This text should be in the first column."
      RenderBR {BR} at (242,0) size 0x17
      RenderText {#text} at (0,18) size 242x17
        text run at (0,18) width 242: "This text should be in the first column."
      RenderBR {BR} at (242,18) size 0x17
      RenderText {#text} at (0,36) size 242x17
        text run at (0,36) width 242: "This text should be in the first column."
      RenderBR {BR} at (242,36) size 0x17
      RenderText {#text} at (0,54) size 242x17
        text run at (0,54) width 242: "This text should be in the first column."
      RenderBR {BR} at (242,54) size 0x17
    RenderBlock {DIV} at (0,378) size 372x378
      RenderText {#text} at (0,0) size 110x17
        text run at (0,0) width 110: "This is some text."
      RenderBR {BR} at (110,0) size 0x17
      RenderText {#text} at (0,18) size 110x17
        text run at (0,18) width 110: "This is some text."
      RenderBR {BR} at (110,18) size 0x17
      RenderText {#text} at (0,36) size 110x17
        text run at (0,36) width 110: "This is some text."
      RenderBR {BR} at (110,36) size 0x17
      RenderText {#text} at (0,54) size 110x17
        text run at (0,54) width 110: "This is some text."
      RenderBR {BR} at (110,54) size 0x17
      RenderText {#text} at (0,72) size 110x17
        text run at (0,72) width 110: "This is some text."
      RenderBR {BR} at (110,72) size 0x17
      RenderText {#text} at (0,90) size 110x17
        text run at (0,90) width 110: "This is some text."
      RenderBR {BR} at (110,90) size 0x17
      RenderText {#text} at (0,108) size 110x17
        text run at (0,108) width 110: "This is some text."
      RenderBR {BR} at (110,108) size 0x17
      RenderText {#text} at (0,126) size 110x17
        text run at (0,126) width 110: "This is some text."
      RenderBR {BR} at (110,126) size 0x17
      RenderText {#text} at (0,144) size 110x17
        text run at (0,144) width 110: "This is some text."
      RenderBR {BR} at (110,144) size 0x17
      RenderText {#text} at (0,162) size 110x17
        text run at (0,162) width 110: "This is some text."
      RenderBR {BR} at (110,162) size 0x17
      RenderText {#text} at (0,180) size 110x17
        text run at (0,180) width 110: "This is some text."
      RenderBR {BR} at (110,180) size 0x17
      RenderText {#text} at (0,198) size 110x17
        text run at (0,198) width 110: "This is some text."
      RenderBR {BR} at (110,198) size 0x17
      RenderText {#text} at (0,216) size 110x17
        text run at (0,216) width 110: "This is some text."
      RenderBR {BR} at (110,216) size 0x17
      RenderText {#text} at (0,234) size 110x17
        text run at (0,234) width 110: "This is some text."
      RenderBR {BR} at (110,234) size 0x17
      RenderText {#text} at (0,252) size 110x17
        text run at (0,252) width 110: "This is some text."
      RenderBR {BR} at (110,252) size 0x17
      RenderText {#text} at (0,270) size 110x17
        text run at (0,270) width 110: "This is some text."
      RenderBR {BR} at (110,270) size 0x17
      RenderText {#text} at (0,288) size 110x17
        text run at (0,288) width 110: "This is some text."
      RenderBR {BR} at (110,288) size 0x17
      RenderText {#text} at (0,306) size 110x17
        text run at (0,306) width 110: "This is some text."
      RenderBR {BR} at (110,306) size 0x17
      RenderText {#text} at (0,324) size 110x17
        text run at (0,324) width 110: "This is some text."
      RenderBR {BR} at (110,324) size 0x17
      RenderText {#text} at (0,342) size 110x17
        text run at (0,342) width 110: "This is some text."
      RenderBR {BR} at (110,342) size 0x17
      RenderText {#text} at (0,360) size 110x17
        text run at (0,360) width 110: "This is some text."
      RenderBR {BR} at (110,360) size 0x17
