layer at (0,0) size 1188x585
  RenderView at (0,0) size 800x585
layer at (0,0) size 800x585
  RenderBlock {HTML} at (0,0) size 800x585
    RenderBody {BODY} at (8,8) size 784x569
layer at (8,8) size 784x404
  RenderBlock {DIV} at (0,0) size 784x404 [border: (2px solid #000000)]
    RenderMultiColumnSet at (2,2) size 780x400
layer at (10,10) size 382x944 backgroundClip at (0,0) size 1188x585 clip at (0,0) size 1188x585
  RenderMultiColumnFlowThread at (2,2) size 382x944
    RenderText {#text} at (0,0) size 110x17
      text run at (0,0) width 110: "This is some text."
    RenderBR {BR} at (110,0) size 0x17
    RenderText {#text} at (0,18) size 110x17
      text run at (0,18) width 110: "This is some text."
    RenderBR {BR} at (110,18) size 0x17
    RenderText {#text} at (0,36) size 110x17
      text run at (0,36) width 110: "This is some text."
    RenderBR {BR} at (110,36) size 0x17
    RenderText {#text} at (0,54) size 110x17
      text run at (0,54) width 110: "This is some text."
    RenderBR {BR} at (110,54) size 0x17
    RenderText {#text} at (0,72) size 110x17
      text run at (0,72) width 110: "This is some text."
    RenderBR {BR} at (110,72) size 0x17
    RenderText {#text} at (0,90) size 110x17
      text run at (0,90) width 110: "This is some text."
    RenderBR {BR} at (110,90) size 0x17
    RenderText {#text} at (0,108) size 110x17
      text run at (0,108) width 110: "This is some text."
    RenderBR {BR} at (110,108) size 0x17
    RenderText {#text} at (0,126) size 110x17
      text run at (0,126) width 110: "This is some text."
    RenderBR {BR} at (110,126) size 0x17
    RenderText {#text} at (0,144) size 110x17
      text run at (0,144) width 110: "This is some text."
    RenderBR {BR} at (110,144) size 0x17
    RenderText {#text} at (0,162) size 110x17
      text run at (0,162) width 110: "This is some text."
    RenderBR {BR} at (110,162) size 0x17
    RenderImage {IMG} at (0,400) size 250x300 [bgcolor=#008000]
    RenderText {#text} at (250,400) size 110x17
      text run at (250,400) width 110: "This is some text."
    RenderBR {BR} at (360,400) size 0x17
    RenderText {#text} at (250,418) size 110x17
      text run at (250,418) width 110: "This is some text."
    RenderBR {BR} at (360,418) size 0x17
    RenderText {#text} at (250,436) size 110x17
      text run at (250,436) width 110: "This is some text."
    RenderBR {BR} at (360,436) size 0x17
    RenderText {#text} at (250,454) size 110x17
      text run at (250,454) width 110: "This is some text."
    RenderBR {BR} at (360,454) size 0x17
    RenderText {#text} at (250,472) size 110x17
      text run at (250,472) width 110: "This is some text."
    RenderBR {BR} at (360,472) size 0x17
    RenderText {#text} at (250,490) size 110x17
      text run at (250,490) width 110: "This is some text."
    RenderBR {BR} at (360,490) size 0x17
    RenderText {#text} at (250,508) size 110x17
      text run at (250,508) width 110: "This is some text."
    RenderBR {BR} at (360,508) size 0x17
    RenderText {#text} at (250,526) size 110x17
      text run at (250,526) width 110: "This is some text."
    RenderBR {BR} at (360,526) size 0x17
    RenderText {#text} at (250,544) size 110x17
      text run at (250,544) width 110: "This is some text."
    RenderBR {BR} at (360,544) size 0x17
    RenderText {#text} at (250,562) size 110x17
      text run at (250,562) width 110: "This is some text."
    RenderBR {BR} at (360,562) size 0x17
    RenderText {#text} at (250,580) size 110x17
      text run at (250,580) width 110: "This is some text."
    RenderBR {BR} at (360,580) size 0x17
    RenderText {#text} at (250,598) size 110x17
      text run at (250,598) width 110: "This is some text."
    RenderBR {BR} at (360,598) size 0x17
    RenderText {#text} at (250,616) size 110x17
      text run at (250,616) width 110: "This is some text."
    RenderBR {BR} at (360,616) size 0x17
    RenderText {#text} at (250,634) size 110x17
      text run at (250,634) width 110: "This is some text."
    RenderBR {BR} at (360,634) size 0x17
    RenderText {#text} at (250,652) size 110x17
      text run at (250,652) width 110: "This is some text."
    RenderBR {BR} at (360,652) size 0x17
    RenderText {#text} at (250,670) size 110x17
      text run at (250,670) width 110: "This is some text."
    RenderBR {BR} at (360,670) size 0x17
    RenderText {#text} at (250,688) size 110x17
      text run at (250,688) width 110: "This is some text."
    RenderBR {BR} at (360,688) size 0x17
    RenderText {#text} at (0,706) size 110x17
      text run at (0,706) width 110: "This is some text."
    RenderBR {BR} at (110,706) size 0x17
    RenderText {#text} at (0,724) size 110x17
      text run at (0,724) width 110: "This is some text."
    RenderBR {BR} at (110,724) size 0x17
    RenderText {#text} at (0,742) size 110x17
      text run at (0,742) width 110: "This is some text."
    RenderBR {BR} at (110,742) size 0x17
    RenderText {#text} at (0,760) size 110x17
      text run at (0,760) width 110: "This is some text."
    RenderBR {BR} at (110,760) size 0x17
    RenderText {#text} at (0,778) size 110x17
      text run at (0,778) width 110: "This is some text."
    RenderBR {BR} at (110,778) size 0x17
    RenderText {#text} at (0,800) size 110x17
      text run at (0,800) width 110: "This is some text."
    RenderBR {BR} at (110,800) size 0x17
    RenderText {#text} at (0,818) size 110x17
      text run at (0,818) width 110: "This is some text."
    RenderBR {BR} at (110,818) size 0x17
    RenderText {#text} at (0,836) size 110x17
      text run at (0,836) width 110: "This is some text."
    RenderBR {BR} at (110,836) size 0x17
    RenderText {#text} at (0,854) size 110x17
      text run at (0,854) width 110: "This is some text."
    RenderBR {BR} at (110,854) size 0x17
    RenderText {#text} at (0,872) size 110x17
      text run at (0,872) width 110: "This is some text."
    RenderBR {BR} at (110,872) size 0x17
    RenderText {#text} at (0,890) size 110x17
      text run at (0,890) width 110: "This is some text."
    RenderBR {BR} at (110,890) size 0x17
    RenderText {#text} at (0,908) size 110x17
      text run at (0,908) width 110: "This is some text."
    RenderBR {BR} at (110,908) size 0x17
    RenderText {#text} at (0,926) size 110x17
      text run at (0,926) width 110: "This is some text."
    RenderBR {BR} at (110,926) size 0x17
