layer at (0,0) size 800x600
  RenderView at (0,0) size 800x600
layer at (0,0) size 800x521
  RenderBlock {HTML} at (0,0) size 800x521
    RenderBody {BODY} at (8,8) size 784x505
layer at (8,8) size 506x505
  RenderBlock {DIV} at (0,0) size 506x505 [border: (3px solid #000000)]
    RenderMultiColumnSet at (3,3) size 500x499
layer at (11,11) size 159x1478 backgroundClip at (0,0) size 800x600 clip at (0,0) size 800x600
  RenderMultiColumnFlowThread at (3,3) size 159x1478
    RenderBlock {DIV} at (0,0) size 159x1478
layer at (11,11) size 159x1478 backgroundClip at (11,11) size 159x589 clip at (11,11) size 159x589
  RenderBlock {DIV} at (0,0) size 159x1478
    RenderText {#text} at (0,5) size 159x1468
      text run at (0,5) width 159: "Lorem ipsum dolor sit amet,"
      text run at (0,29) width 159: "consectetur adipiscing elit."
      text run at (0,53) width 159: "Nullam ornare, nunc eget"
      text run at (0,77) width 159: "condimentum tempor, augue"
      text run at (0,101) width 159: "ligula accumsan eros, sed"
      text run at (0,125) width 159: "consequat sapien orci id libero."
      text run at (0,149) width 159: "Curabitur tristique, augue in"
      text run at (0,173) width 159: "aliquet accumsan, nibh nisi"
      text run at (0,197) width 159: "lobortis odio, et suscipit est"
      text run at (0,221) width 159: "ligula eu nisi. Nunc aliquet"
      text run at (0,245) width 159: "lobortis porta. Donec venenatis"
      text run at (0,269) width 159: "consectetur eleifend. Etiam sed"
      text run at (0,293) width 159: "tempor quam. Pellentesque"
      text run at (0,317) width 159: "gravida gravida eros venenatis"
      text run at (0,341) width 159: "suscipit. Aenean diam enim,"
      text run at (0,365) width 159: "suscipit id pellentesque vel,"
      text run at (0,389) width 159: "hendrerit et metus. Suspendisse"
      text run at (0,413) width 159: "felis erat, hendrerit a congue in,"
      text run at (0,437) width 159: "euismod ac erat. Donec pulvinar"
      text run at (0,461) width 159: "venenatis tortor, a lobortis erat"
      text run at (0,504) width 159: "scelerisque et. Class aptent taciti"
      text run at (0,528) width 159: "sociosqu ad litora torquent per"
      text run at (0,552) width 159: "conubia nostra, per inceptos"
      text run at (0,576) width 159: "himenaeos. Aliquam in orci id"
      text run at (0,600) width 159: "felis mollis porta ac et orci."
      text run at (0,624) width 159: "Donec viverra, eros ac mattis"
      text run at (0,648) width 159: "dapibus, quam ante porta lectus,"
      text run at (0,672) width 159: "accumsan pellentesque nibh"
      text run at (0,696) width 159: "metus non felis. Vivamus sed"
      text run at (0,720) width 159: "eros quis magna scelerisque"
      text run at (0,744) width 118: "ultrices ac eget velit. "
      text run at (117,744) width 42: "Nunc et"
      text run at (0,768) width 159: "odio ut velit posuere viverra."
      text run at (0,792) width 159: "Integer eu mi quis velit dapibus"
      text run at (0,816) width 159: "tempus at ut purus. Quisque"
      text run at (0,840) width 159: "congue mollis mauris a"
      text run at (0,864) width 159: "hendrerit. Nam viverra est at"
      text run at (0,888) width 159: "orci interdum a ullamcorper mi"
      text run at (0,912) width 159: "dictum. In id sapien augue."
      text run at (0,936) width 159: "Suspendisse potenti. Vestibulum"
      text run at (0,960) width 159: "turpis purus, convallis ut sagittis"
      text run at (0,1003) width 159: "quis, semper vel mauris."
      text run at (0,1027) width 159: "Curabitur vitae felis turpis."
      text run at (0,1051) width 159: "Fusce augue nibh, consectetur"
      text run at (0,1075) width 159: "non vestibulum et, bibendum sit"
      text run at (0,1099) width 159: "amet lectus. Nulla at imperdiet"
      text run at (0,1123) width 159: "metus. Donec non est velit, non"
      text run at (0,1147) width 159: "fringilla ipsum. Fusce"
      text run at (0,1171) width 159: "elementum neque a nibh egestas"
      text run at (0,1195) width 159: "sodales. Mauris ut lorem"
      text run at (0,1219) width 159: "hendrerit metus interdum"
      text run at (0,1243) width 159: "malesuada. Nam tempus sodales"
      text run at (0,1267) width 159: "neque vitae bibendum."
      text run at (0,1291) width 159: "Vestibulum ac est sit amet dolor"
      text run at (0,1315) width 159: "vehicula semper at sed ante."
      text run at (0,1339) width 159: "Nunc at neque urna, in volutpat"
      text run at (0,1363) width 159: "orci. Praesent eu velit neque,"
      text run at (0,1387) width 159: "quis rutrum metus. Nunc eu"
      text run at (0,1411) width 159: "ipsum sit amet ligula mattis"
      text run at (0,1435) width 159: "porttitor sit amet id felis. Integer"
      text run at (0,1459) width 157: "volutpat aliquam odio et feugiat."
