layer at (0,0) size 800x600
  RenderView at (0,0) size 800x600
layer at (0,0) size 800x600
  RenderBlock {HTML} at (0,0) size 800x600
    RenderBody {BODY} at (8,8) size 784x584
layer at (8,8) size 506x505
  RenderBlock {DIV} at (0,0) size 506x505 [border: (3px solid #000000)]
    RenderMultiColumnSet at (3,3) size 500x499
layer at (11,11) size 159x1478 backgroundClip at (0,0) size 800x600 clip at (0,0) size 800x600
  RenderMultiColumnFlowThread at (3,3) size 159x1478
    RenderBlock (anonymous) at (0,0) size 159x360
      RenderText {#text} at (0,5) size 158x350
        text run at (0,5) width 133: "Lorem ipsum dolor sit amet,"
        text run at (0,29) width 124: "consectetur adipiscing elit."
        text run at (0,53) width 119: "Nullam ornare, nunc eget"
        text run at (0,77) width 134: "condimentum tempor, augue"
        text run at (0,101) width 120: "ligula accumsan eros, sed"
        text run at (0,125) width 146: "consequat sapien orci id libero."
        text run at (0,149) width 132: "Curabitur tristique, augue in"
        text run at (0,173) width 127: "aliquet accumsan, nibh nisi"
        text run at (0,197) width 158: "lobortis odio, et suscipit est ligula"
        text run at (0,221) width 136: "eu nisi. Nunc aliquet lobortis"
        text run at (0,245) width 108: "porta. Donec venenatis"
        text run at (0,269) width 145: "consectetur eleifend. Etiam sed"
        text run at (0,293) width 127: "tempor quam. Pellentesque"
        text run at (0,317) width 143: "gravida gravida eros venenatis"
        text run at (0,341) width 39: "suscipit."
    RenderBlock (anonymous) at (0,803) size 159x675
      RenderText {#text} at (0,5) size 158x665
        text run at (0,5) width 136: "Nunc et odio ut velit posuere"
        text run at (0,29) width 147: "viverra. Integer eu mi quis velit"
        text run at (0,53) width 130: "dapibus tempus at ut purus."
        text run at (0,77) width 152: "Quisque congue mollis mauris a"
        text run at (0,101) width 155: "hendrerit. Nam viverra est at orci"
        text run at (0,125) width 124: "interdum a ullamcorper mi"
        text run at (0,149) width 127: "dictum. In id sapien augue."
        text run at (0,173) width 154: "Suspendisse potenti. Vestibulum"
        text run at (0,200) width 153: "turpis purus, convallis ut sagittis"
        text run at (0,224) width 115: "quis, semper vel mauris."
        text run at (0,248) width 157: "Curabitur vitae felis turpis. Fusce"
        text run at (0,272) width 132: "augue nibh, consectetur non"
        text run at (0,296) width 155: "vestibulum et, bibendum sit amet"
        text run at (0,320) width 151: "lectus. Nulla at imperdiet metus."
        text run at (0,344) width 155: "Donec non est velit, non fringilla"
        text run at (0,368) width 156: "ipsum. Fusce elementum neque a"
        text run at (0,392) width 148: "nibh egestas sodales. Mauris ut"
        text run at (0,416) width 148: "lorem hendrerit metus interdum"
        text run at (0,440) width 153: "malesuada. Nam tempus sodales"
        text run at (0,464) width 106: "neque vitae bibendum."
        text run at (0,488) width 150: "Vestibulum ac est sit amet dolor"
        text run at (0,512) width 131: "vehicula semper at sed ante."
        text run at (0,536) width 148: "Nunc at neque urna, in volutpat"
        text run at (0,560) width 158: "orci. Praesent eu velit neque, quis"
        text run at (0,584) width 155: "rutrum metus. Nunc eu ipsum sit"
        text run at (0,608) width 137: "amet ligula mattis porttitor sit"
        text run at (0,632) width 137: "amet id felis. Integer volutpat"
        text run at (0,656) width 110: "aliquam odio et feugiat."
layer at (11,510) size 159x304 backgroundClip at (11,510) size 159x90 clip at (13,512) size 140x88 scrollHeight 456
  RenderBlock {DIV} at (0,499) size 160x304 [border: (2px solid #000000)]
    RenderText {#text} at (2,7) size 140x446
      text run at (2,7) width 130: "Aenean diam enim, suscipit"
      text run at (2,31) width 135: "id pellentesque vel, hendrerit"
      text run at (2,55) width 127: "et metus. Suspendisse felis"
      text run at (2,79) width 125: "erat, hendrerit a congue in,"
      text run at (2,103) width 110: "euismod ac erat. Donec"
      text run at (2,127) width 126: "pulvinar venenatis tortor, a"
      text run at (2,151) width 125: "lobortis erat scelerisque et."
      text run at (2,175) width 127: "Class aptent taciti sociosqu"
      text run at (2,199) width 138: "ad litora torquent per conubia"
      text run at (2,223) width 92: "nostra, per inceptos"
      text run at (2,247) width 130: "himenaeos. Aliquam in orci"
      text run at (2,271) width 139: "id felis mollis porta ac et orci."
      text run at (2,295) width 137: "Donec viverra, eros ac mattis"
      text run at (2,319) width 118: "dapibus, quam ante porta"
      text run at (2,343) width 140: "lectus, accumsan pellentesque"
      text run at (2,367) width 99: "nibh metus non felis."
      text run at (2,391) width 108: "Vivamus sed eros quis"
      text run at (2,415) width 136: "magna scelerisque ultrices ac"
      text run at (2,439) width 45: "eget velit."
