layer at (0,0) size 800x600
  RenderView at (0,0) size 800x600
layer at (0,0) size 800x600
  RenderBlock {HTML} at (0,0) size 800x600
    RenderBody {BODY} at (8,8) size 784x584
layer at (8,8) size 506x505
  RenderBlock {DIV} at (0,0) size 506x505 [border: (3px solid #000000)]
    RenderMultiColumnSet at (3,3) size 500x499
layer at (11,11) size 159x1454 backgroundClip at (0,0) size 800x600 clip at (0,0) size 800x600
  RenderMultiColumnFlowThread at (3,3) size 159x1454
    RenderText {#text} at (0,5) size 158x1444
      text run at (0,5) width 133: "Lorem ipsum dolor sit amet,"
      text run at (0,29) width 124: "consectetur adipiscing elit."
      text run at (0,53) width 119: "Nullam ornare, nunc eget"
      text run at (0,77) width 134: "condimentum tempor, augue"
      text run at (0,101) width 120: "ligula accumsan eros, sed"
      text run at (0,125) width 146: "consequat sapien orci id libero."
      text run at (0,149) width 132: "Curabitur tristique, augue in"
      text run at (0,173) width 127: "aliquet accumsan, nibh nisi"
      text run at (0,197) width 158: "lobortis odio, et suscipit est ligula"
      text run at (0,221) width 136: "eu nisi. Nunc aliquet lobortis"
      text run at (0,245) width 108: "porta. Donec venenatis"
      text run at (0,269) width 145: "consectetur eleifend. Etiam sed"
      text run at (0,293) width 127: "tempor quam. Pellentesque"
      text run at (0,317) width 143: "gravida gravida eros venenatis"
      text run at (0,341) width 133: "suscipit. Aenean diam enim,"
      text run at (0,365) width 129: "suscipit id pellentesque vel,"
      text run at (0,389) width 149: "hendrerit et metus. Suspendisse"
      text run at (0,413) width 148: "felis erat, hendrerit a congue in,"
      text run at (0,437) width 152: "euismod ac erat. Donec pulvinar"
      text run at (0,461) width 143: "venenatis tortor, a lobortis erat"
      text run at (0,504) width 151: "scelerisque et. Class aptent taciti"
      text run at (0,528) width 143: "sociosqu ad litora torquent per"
      text run at (0,552) width 132: "conubia nostra, per inceptos"
      text run at (0,576) width 142: "himenaeos. Aliquam in orci id"
      text run at (0,600) width 127: "felis mollis porta ac et orci."
      text run at (0,624) width 137: "Donec viverra, eros ac mattis"
      text run at (0,648) width 151: "dapibus, quam ante porta lectus,"
      text run at (0,672) width 131: "accumsan pellentesque nibh"
      text run at (0,696) width 140: "metus non felis. Vivamus sed"
      text run at (0,720) width 132: "eros quis magna scelerisque"
      text run at (0,744) width 98: "ultrices ac eget velit. "
      text run at (98,744) width 37: "Nunc et"
      text run at (0,768) width 135: "odio ut velit posuere viverra."
      text run at (0,792) width 148: "Integer eu mi quis velit dapibus"
      text run at (0,816) width 133: "tempus at ut purus. Quisque"
      text run at (0,840) width 157: "congue mollis mauris a hendrerit."
      text run at (0,864) width 152: "Nam viverra est at orci interdum"
      text run at (0,888) width 142: "a ullamcorper mi dictum. In id"
      text run at (0,912) width 126: "sapien augue. Suspendisse"
      text run at (0,936) width 155: "potenti. Vestibulum turpis purus,"
      text run at (0,960) width 153: "convallis ut sagittis quis, semper"
      text run at (0,1003) width 148: "vel mauris. Curabitur vitae felis"
      text run at (0,1027) width 119: "turpis. Fusce augue nibh,"
      text run at (0,1051) width 143: "consectetur non vestibulum et,"
      text run at (0,1075) width 148: "bibendum sit amet lectus. Nulla"
      text run at (0,1099) width 144: "at imperdiet metus. Donec non"
      text run at (0,1123) width 135: "est velit, non fringilla ipsum."
      text run at (0,1147) width 145: "Fusce elementum neque a nibh"
      text run at (0,1171) width 154: "egestas sodales. Mauris ut lorem"
      text run at (0,1195) width 118: "hendrerit metus interdum"
      text run at (0,1219) width 153: "malesuada. Nam tempus sodales"
      text run at (0,1243) width 106: "neque vitae bibendum."
      text run at (0,1267) width 150: "Vestibulum ac est sit amet dolor"
      text run at (0,1291) width 131: "vehicula semper at sed ante."
      text run at (0,1315) width 148: "Nunc at neque urna, in volutpat"
      text run at (0,1339) width 158: "orci. Praesent eu velit neque, quis"
      text run at (0,1363) width 155: "rutrum metus. Nunc eu ipsum sit"
      text run at (0,1387) width 137: "amet ligula mattis porttitor sit"
      text run at (0,1411) width 137: "amet id felis. Integer volutpat"
      text run at (0,1435) width 110: "aliquam odio et feugiat."
