layer at (0,0) size 800x600
  RenderView at (0,0) size 800x600
layer at (0,0) size 800x8
  RenderBlock {HTML} at (0,0) size 800x8
    RenderBody {BODY} at (8,8) size 784x0
      RenderBlock {DIV} at (0,0) size 784x0
layer at (20,36) size 424x265
  RenderBlock (positioned) {P} at (20,36) size 424x265 [border: (2px solid #000000)]
    RenderMultiColumnSet at (2,2) size 420x261
layer at (22,38) size 200x508
  RenderMultiColumnFlowThread at (2,2) size 200x508
    RenderBlock (floating) at (0,0) size 24x42
      RenderText at (0,1) size 24x40
        text run at (0,1) width 24: "L"
    RenderText {#text} at (28,0) size 200x507
      text run at (28,0) width 139: "orem ipsum dolor sit"
      text run at (28,18) width 118: "amet, consectetur"
      text run at (0,36) width 197: "adipiscing elit. Cras pharetra"
      text run at (0,54) width 192: "mollis pharetra. Suspendisse"
      text run at (0,72) width 199: "lacinia orci et felis tristique sit"
      text run at (0,90) width 188: "amet semper massa tempus."
      text run at (0,108) width 162: "Suspendisse consectetur"
      text run at (0,126) width 181: "tempor pulvinar. Proin dui"
      text run at (0,144) width 188: "eros, ultricies vel malesuada"
      text run at (0,162) width 198: "vel, tempor at ante. Nam eget"
      text run at (0,180) width 200: "nisl dui. Donec molestie lectus"
      text run at (0,198) width 179: "a nunc scelerisque blandit."
      text run at (0,216) width 179: "Nam non ligula massa, sed"
      text run at (0,274) width 174: "suscipit turpis. Etiam eget"
      text run at (0,292) width 137: "ligula sit amet turpis"
      text run at (0,310) width 187: "venenatis dictum in eleifend"
      text run at (0,328) width 165: "augue. Duis tellus lectus,"
      text run at (0,346) width 160: "volutpat et adipiscing a,"
      text run at (0,364) width 151: "pellentesque eu metus."
      text run at (0,382) width 158: "Aenean suscipit congue"
      text run at (0,400) width 177: "mauris at gravida. Integer"
      text run at (0,418) width 183: "lectus ligula, consectetur sit"
      text run at (0,436) width 198: "amet venenatis id, scelerisque"
      text run at (0,454) width 157: "eget nisl. Nunc dapibus"
      text run at (0,472) width 182: "posuere risus, vitae tempor"
      text run at (0,490) width 97: "nibh iaculis et."
