layer at (0,0) size 1562x1010
  RenderView at (0,0) size 785x585
layer at (0,0) size 785x1010
  RenderBlock {HTML} at (0,0) size 785x1010
    RenderBody {BODY} at (8,8) size 769x994
layer at (8,8) size 769x350
  RenderBlock {DIV} at (0,0) size 769x350
    RenderMultiColumnSet at (0,0) size 769x350
layer at (8,8) size 377x1179 backgroundClip at (0,0) size 1562x1010 clip at (0,0) size 1562x1010
  RenderMultiColumnFlowThread at (0,0) size 377x1179
    RenderTable {TABLE} at (0,0) size 377x1179 [border: (1px outset #808080)]
      RenderTableSection {TBODY} at (1,1) size 375x1177
        RenderTableRow {TR} at (0,0) size 375x1177
          RenderTableCell {TD} at (0,44) size 141x1133 [border: (1px inset #808080)] [r=0 c=0 rs=1 cs=1]
            RenderText {#text} at (11,11) size 105x35
              text run at (11,11) width 105: "This cell has lots"
              text run at (11,29) width 44: "of text."
            RenderBR {BR} at (55,29) size 0x17
            RenderText {#text} at (11,47) size 105x35
              text run at (11,47) width 105: "This cell has lots"
              text run at (11,65) width 44: "of text."
            RenderBR {BR} at (55,65) size 0x17
            RenderText {#text} at (11,83) size 105x35
              text run at (11,83) width 105: "This cell has lots"
              text run at (11,101) width 44: "of text."
            RenderBR {BR} at (55,101) size 0x17
            RenderText {#text} at (11,119) size 105x35
              text run at (11,119) width 105: "This cell has lots"
              text run at (11,137) width 44: "of text."
            RenderBR {BR} at (55,137) size 0x17
            RenderText {#text} at (11,155) size 105x35
              text run at (11,155) width 105: "This cell has lots"
              text run at (11,173) width 44: "of text."
            RenderBR {BR} at (55,173) size 0x17
            RenderText {#text} at (11,191) size 105x35
              text run at (11,191) width 105: "This cell has lots"
              text run at (11,209) width 44: "of text."
            RenderBR {BR} at (55,209) size 0x17
            RenderText {#text} at (11,227) size 105x35
              text run at (11,227) width 105: "This cell has lots"
              text run at (11,245) width 44: "of text."
            RenderBR {BR} at (55,245) size 0x17
            RenderText {#text} at (11,263) size 105x35
              text run at (11,263) width 105: "This cell has lots"
              text run at (11,281) width 44: "of text."
            RenderBR {BR} at (55,281) size 0x17
            RenderText {#text} at (11,305) size 105x35
              text run at (11,305) width 105: "This cell has lots"
              text run at (11,323) width 44: "of text."
            RenderBR {BR} at (55,323) size 0x17
            RenderText {#text} at (11,341) size 105x35
              text run at (11,341) width 105: "This cell has lots"
              text run at (11,359) width 44: "of text."
            RenderBR {BR} at (55,359) size 0x17
            RenderText {#text} at (11,377) size 105x35
              text run at (11,377) width 105: "This cell has lots"
              text run at (11,395) width 44: "of text."
            RenderBR {BR} at (55,395) size 0x17
            RenderText {#text} at (11,413) size 105x35
              text run at (11,413) width 105: "This cell has lots"
              text run at (11,431) width 44: "of text."
            RenderBR {BR} at (55,431) size 0x17
            RenderText {#text} at (11,449) size 105x35
              text run at (11,449) width 105: "This cell has lots"
              text run at (11,467) width 44: "of text."
            RenderBR {BR} at (55,467) size 0x17
            RenderText {#text} at (11,485) size 105x35
              text run at (11,485) width 105: "This cell has lots"
              text run at (11,503) width 44: "of text."
            RenderBR {BR} at (55,503) size 0x17
            RenderText {#text} at (11,521) size 105x35
              text run at (11,521) width 105: "This cell has lots"
              text run at (11,539) width 44: "of text."
            RenderBR {BR} at (55,539) size 0x17
            RenderText {#text} at (11,557) size 105x35
              text run at (11,557) width 105: "This cell has lots"
              text run at (11,575) width 44: "of text."
            RenderBR {BR} at (55,575) size 0x17
            RenderText {#text} at (11,593) size 105x35
              text run at (11,593) width 105: "This cell has lots"
              text run at (11,611) width 44: "of text."
            RenderBR {BR} at (55,611) size 0x17
            RenderText {#text} at (11,629) size 105x43
              text run at (11,629) width 105: "This cell has lots"
              text run at (11,655) width 44: "of text."
            RenderBR {BR} at (55,655) size 0x17
            RenderText {#text} at (11,673) size 105x35
              text run at (11,673) width 105: "This cell has lots"
              text run at (11,691) width 44: "of text."
            RenderBR {BR} at (55,691) size 0x17
            RenderText {#text} at (11,709) size 105x35
              text run at (11,709) width 105: "This cell has lots"
              text run at (11,727) width 44: "of text."
            RenderBR {BR} at (55,727) size 0x17
            RenderText {#text} at (11,745) size 105x35
              text run at (11,745) width 105: "This cell has lots"
              text run at (11,763) width 44: "of text."
            RenderBR {BR} at (55,763) size 0x17
            RenderText {#text} at (11,781) size 105x35
              text run at (11,781) width 105: "This cell has lots"
              text run at (11,799) width 44: "of text."
            RenderBR {BR} at (55,799) size 0x17
            RenderText {#text} at (11,817) size 105x35
              text run at (11,817) width 105: "This cell has lots"
              text run at (11,835) width 44: "of text."
            RenderBR {BR} at (55,835) size 0x17
            RenderText {#text} at (11,853) size 105x35
              text run at (11,853) width 105: "This cell has lots"
              text run at (11,871) width 44: "of text."
            RenderBR {BR} at (55,871) size 0x17
            RenderText {#text} at (11,889) size 105x35
              text run at (11,889) width 105: "This cell has lots"
              text run at (11,907) width 44: "of text."
            RenderBR {BR} at (55,907) size 0x17
            RenderText {#text} at (11,925) size 105x35
              text run at (11,925) width 105: "This cell has lots"
              text run at (11,943) width 44: "of text."
            RenderBR {BR} at (55,943) size 0x17
            RenderText {#text} at (11,961) size 105x35
              text run at (11,961) width 105: "This cell has lots"
              text run at (11,979) width 44: "of text."
            RenderBR {BR} at (55,979) size 0x17
            RenderText {#text} at (11,1005) size 105x35
              text run at (11,1005) width 105: "This cell has lots"
              text run at (11,1023) width 44: "of text."
            RenderBR {BR} at (55,1023) size 0x17
            RenderText {#text} at (11,1041) size 105x35
              text run at (11,1041) width 105: "This cell has lots"
              text run at (11,1059) width 44: "of text."
            RenderBR {BR} at (55,1059) size 0x17
            RenderText {#text} at (11,1077) size 105x35
              text run at (11,1077) width 105: "This cell has lots"
              text run at (11,1095) width 44: "of text."
            RenderBR {BR} at (55,1095) size 0x17
          RenderTableCell {TD} at (140,0) size 235x170 [border: (1px inset #808080)] [r=0 c=1 rs=1 cs=1]
            RenderInline {SPAN} at (0,0) size 145x145
              RenderText {#text} at (11,12) size 145x145
                text run at (11,12) width 145: "Other"
                text run at (11,86) width 108: "cell."
layer at (8,366) size 769x2 clip at (0,0) size 0x0
  RenderBlock {HR} at (0,358) size 769x2 [border: (1px inset #000000)]
layer at (8,376) size 769x300
  RenderBlock {DIV} at (0,368) size 769x300
    RenderMultiColumnSet at (0,0) size 769x300
layer at (8,376) size 377x1166 backgroundClip at (0,0) size 1562x1010 clip at (0,0) size 1562x1010
  RenderMultiColumnFlowThread at (0,0) size 377x1166
    RenderTable {TABLE} at (0,0) size 377x1166 [border: (1px outset #808080)]
      RenderTableSection {TBODY} at (1,1) size 375x1164
        RenderTableRow {TR} at (0,0) size 375x1164
          RenderTableCell {TD} at (0,0) size 141x1164 [border: (1px inset #808080)] [r=0 c=0 rs=1 cs=1]
            RenderText {#text} at (11,11) size 105x35
              text run at (11,11) width 105: "This cell has lots"
              text run at (11,29) width 44: "of text."
            RenderBR {BR} at (55,29) size 0x17
            RenderText {#text} at (11,47) size 105x35
              text run at (11,47) width 105: "This cell has lots"
              text run at (11,65) width 44: "of text."
            RenderBR {BR} at (55,65) size 0x17
            RenderText {#text} at (11,83) size 105x35
              text run at (11,83) width 105: "This cell has lots"
              text run at (11,101) width 44: "of text."
            RenderBR {BR} at (55,101) size 0x17
            RenderText {#text} at (11,119) size 105x35
              text run at (11,119) width 105: "This cell has lots"
              text run at (11,137) width 44: "of text."
            RenderBR {BR} at (55,137) size 0x17
            RenderText {#text} at (11,155) size 105x35
              text run at (11,155) width 105: "This cell has lots"
              text run at (11,173) width 44: "of text."
            RenderBR {BR} at (55,173) size 0x17
            RenderText {#text} at (11,191) size 105x35
              text run at (11,191) width 105: "This cell has lots"
              text run at (11,209) width 44: "of text."
            RenderBR {BR} at (55,209) size 0x17
            RenderText {#text} at (11,227) size 105x35
              text run at (11,227) width 105: "This cell has lots"
              text run at (11,245) width 44: "of text."
            RenderBR {BR} at (55,245) size 0x17
            RenderText {#text} at (11,263) size 105x35
              text run at (11,263) width 105: "This cell has lots"
              text run at (11,281) width 44: "of text."
            RenderBR {BR} at (55,281) size 0x17
            RenderText {#text} at (11,299) size 105x35
              text run at (11,299) width 105: "This cell has lots"
              text run at (11,317) width 44: "of text."
            RenderBR {BR} at (55,317) size 0x17
            RenderText {#text} at (11,335) size 105x35
              text run at (11,335) width 105: "This cell has lots"
              text run at (11,353) width 44: "of text."
            RenderBR {BR} at (55,353) size 0x17
            RenderText {#text} at (11,371) size 105x35
              text run at (11,371) width 105: "This cell has lots"
              text run at (11,389) width 44: "of text."
            RenderBR {BR} at (55,389) size 0x17
            RenderText {#text} at (11,407) size 105x35
              text run at (11,407) width 105: "This cell has lots"
              text run at (11,425) width 44: "of text."
            RenderBR {BR} at (55,425) size 0x17
            RenderText {#text} at (11,443) size 105x35
              text run at (11,443) width 105: "This cell has lots"
              text run at (11,461) width 44: "of text."
            RenderBR {BR} at (55,461) size 0x17
            RenderText {#text} at (11,479) size 105x35
              text run at (11,479) width 105: "This cell has lots"
              text run at (11,497) width 44: "of text."
            RenderBR {BR} at (55,497) size 0x17
            RenderText {#text} at (11,515) size 105x35
              text run at (11,515) width 105: "This cell has lots"
              text run at (11,533) width 44: "of text."
            RenderBR {BR} at (55,533) size 0x17
            RenderText {#text} at (11,551) size 105x35
              text run at (11,551) width 105: "This cell has lots"
              text run at (11,569) width 44: "of text."
            RenderBR {BR} at (55,569) size 0x17
            RenderText {#text} at (11,599) size 105x35
              text run at (11,599) width 105: "This cell has lots"
              text run at (11,617) width 44: "of text."
            RenderBR {BR} at (55,617) size 0x17
            RenderText {#text} at (11,635) size 105x35
              text run at (11,635) width 105: "This cell has lots"
              text run at (11,653) width 44: "of text."
            RenderBR {BR} at (55,653) size 0x17
            RenderText {#text} at (11,671) size 105x35
              text run at (11,671) width 105: "This cell has lots"
              text run at (11,689) width 44: "of text."
            RenderBR {BR} at (55,689) size 0x17
            RenderText {#text} at (11,707) size 105x35
              text run at (11,707) width 105: "This cell has lots"
              text run at (11,725) width 44: "of text."
            RenderBR {BR} at (55,725) size 0x17
            RenderText {#text} at (11,743) size 105x35
              text run at (11,743) width 105: "This cell has lots"
              text run at (11,761) width 44: "of text."
            RenderBR {BR} at (55,761) size 0x17
            RenderText {#text} at (11,779) size 105x35
              text run at (11,779) width 105: "This cell has lots"
              text run at (11,797) width 44: "of text."
            RenderBR {BR} at (55,797) size 0x17
            RenderText {#text} at (11,815) size 105x35
              text run at (11,815) width 105: "This cell has lots"
              text run at (11,833) width 44: "of text."
            RenderBR {BR} at (55,833) size 0x17
            RenderText {#text} at (11,851) size 105x35
              text run at (11,851) width 105: "This cell has lots"
              text run at (11,869) width 44: "of text."
            RenderBR {BR} at (55,869) size 0x17
            RenderText {#text} at (11,899) size 105x35
              text run at (11,899) width 105: "This cell has lots"
              text run at (11,917) width 44: "of text."
            RenderBR {BR} at (55,917) size 0x17
            RenderText {#text} at (11,935) size 105x35
              text run at (11,935) width 105: "This cell has lots"
              text run at (11,953) width 44: "of text."
            RenderBR {BR} at (55,953) size 0x17
            RenderText {#text} at (11,971) size 105x35
              text run at (11,971) width 105: "This cell has lots"
              text run at (11,989) width 44: "of text."
            RenderBR {BR} at (55,989) size 0x17
            RenderText {#text} at (11,1007) size 105x35
              text run at (11,1007) width 105: "This cell has lots"
              text run at (11,1025) width 44: "of text."
            RenderBR {BR} at (55,1025) size 0x17
            RenderText {#text} at (11,1043) size 105x35
              text run at (11,1043) width 105: "This cell has lots"
              text run at (11,1061) width 44: "of text."
            RenderBR {BR} at (55,1061) size 0x17
            RenderText {#text} at (11,1079) size 105x35
              text run at (11,1079) width 105: "This cell has lots"
              text run at (11,1097) width 44: "of text."
            RenderBR {BR} at (55,1097) size 0x17
          RenderTableCell {TD} at (140,478) size 235x207 [border: (1px inset #808080)] [r=0 c=1 rs=1 cs=1]
            RenderInline {SPAN} at (0,0) size 145x146
              RenderText {#text} at (11,11) size 145x182
                text run at (11,12) width 145: "Other"
                text run at (11,122) width 108: "cell."
layer at (8,684) size 769x2 clip at (0,0) size 0x0
  RenderBlock {HR} at (0,676) size 769x2 [border: (1px inset #000000)]
layer at (8,702) size 769x300
  RenderBlock {DIV} at (0,694) size 769x300
    RenderMultiColumnSet at (0,0) size 769x300
layer at (8,702) size 377x1129 backgroundClip at (0,0) size 1562x1010 clip at (0,0) size 1562x1010
  RenderMultiColumnFlowThread at (0,0) size 377x1129
    RenderTable {TABLE} at (0,0) size 377x1129 [border: (1px outset #808080)]
      RenderTableSection {TBODY} at (1,1) size 375x1127
        RenderTableRow {TR} at (0,0) size 375x1127
          RenderTableCell {TD} at (0,0) size 141x1127 [border: (1px inset #808080)] [r=0 c=0 rs=1 cs=1]
            RenderText {#text} at (11,11) size 105x35
              text run at (11,11) width 105: "This cell has lots"
              text run at (11,29) width 44: "of text."
            RenderBR {BR} at (55,29) size 0x17
            RenderText {#text} at (11,47) size 105x35
              text run at (11,47) width 105: "This cell has lots"
              text run at (11,65) width 44: "of text."
            RenderBR {BR} at (55,65) size 0x17
            RenderText {#text} at (11,83) size 105x35
              text run at (11,83) width 105: "This cell has lots"
              text run at (11,101) width 44: "of text."
            RenderBR {BR} at (55,101) size 0x17
            RenderText {#text} at (11,119) size 105x35
              text run at (11,119) width 105: "This cell has lots"
              text run at (11,137) width 44: "of text."
            RenderBR {BR} at (55,137) size 0x17
            RenderText {#text} at (11,155) size 105x35
              text run at (11,155) width 105: "This cell has lots"
              text run at (11,173) width 44: "of text."
            RenderBR {BR} at (55,173) size 0x17
            RenderText {#text} at (11,191) size 105x35
              text run at (11,191) width 105: "This cell has lots"
              text run at (11,209) width 44: "of text."
            RenderBR {BR} at (55,209) size 0x17
            RenderText {#text} at (11,227) size 105x35
              text run at (11,227) width 105: "This cell has lots"
              text run at (11,245) width 44: "of text."
            RenderBR {BR} at (55,245) size 0x17
            RenderText {#text} at (11,263) size 105x35
              text run at (11,263) width 105: "This cell has lots"
              text run at (11,281) width 44: "of text."
            RenderBR {BR} at (55,281) size 0x17
            RenderText {#text} at (11,299) size 105x35
              text run at (11,299) width 105: "This cell has lots"
              text run at (11,317) width 44: "of text."
            RenderBR {BR} at (55,317) size 0x17
            RenderText {#text} at (11,335) size 105x35
              text run at (11,335) width 105: "This cell has lots"
              text run at (11,353) width 44: "of text."
            RenderBR {BR} at (55,353) size 0x17
            RenderText {#text} at (11,371) size 105x35
              text run at (11,371) width 105: "This cell has lots"
              text run at (11,389) width 44: "of text."
            RenderBR {BR} at (55,389) size 0x17
            RenderText {#text} at (11,407) size 105x35
              text run at (11,407) width 105: "This cell has lots"
              text run at (11,425) width 44: "of text."
            RenderBR {BR} at (55,425) size 0x17
            RenderText {#text} at (11,443) size 105x35
              text run at (11,443) width 105: "This cell has lots"
              text run at (11,461) width 44: "of text."
            RenderBR {BR} at (55,461) size 0x17
            RenderText {#text} at (11,479) size 105x35
              text run at (11,479) width 105: "This cell has lots"
              text run at (11,497) width 44: "of text."
            RenderBR {BR} at (55,497) size 0x17
            RenderText {#text} at (11,515) size 105x35
              text run at (11,515) width 105: "This cell has lots"
              text run at (11,533) width 44: "of text."
            RenderBR {BR} at (55,533) size 0x17
            RenderText {#text} at (11,551) size 105x35
              text run at (11,551) width 105: "This cell has lots"
              text run at (11,569) width 44: "of text."
            RenderBR {BR} at (55,569) size 0x17
            RenderText {#text} at (11,599) size 105x35
              text run at (11,599) width 105: "This cell has lots"
              text run at (11,617) width 44: "of text."
            RenderBR {BR} at (55,617) size 0x17
            RenderText {#text} at (11,635) size 105x35
              text run at (11,635) width 105: "This cell has lots"
              text run at (11,653) width 44: "of text."
            RenderBR {BR} at (55,653) size 0x17
            RenderText {#text} at (11,671) size 105x35
              text run at (11,671) width 105: "This cell has lots"
              text run at (11,689) width 44: "of text."
            RenderBR {BR} at (55,689) size 0x17
            RenderText {#text} at (11,707) size 105x35
              text run at (11,707) width 105: "This cell has lots"
              text run at (11,725) width 44: "of text."
            RenderBR {BR} at (55,725) size 0x17
            RenderText {#text} at (11,743) size 105x35
              text run at (11,743) width 105: "This cell has lots"
              text run at (11,761) width 44: "of text."
            RenderBR {BR} at (55,761) size 0x17
            RenderText {#text} at (11,779) size 105x35
              text run at (11,779) width 105: "This cell has lots"
              text run at (11,797) width 44: "of text."
            RenderBR {BR} at (55,797) size 0x17
            RenderText {#text} at (11,815) size 105x35
              text run at (11,815) width 105: "This cell has lots"
              text run at (11,833) width 44: "of text."
            RenderBR {BR} at (55,833) size 0x17
            RenderText {#text} at (11,851) size 105x35
              text run at (11,851) width 105: "This cell has lots"
              text run at (11,869) width 44: "of text."
            RenderBR {BR} at (55,869) size 0x17
            RenderText {#text} at (11,899) size 105x35
              text run at (11,899) width 105: "This cell has lots"
              text run at (11,917) width 44: "of text."
            RenderBR {BR} at (55,917) size 0x17
            RenderText {#text} at (11,935) size 105x35
              text run at (11,935) width 105: "This cell has lots"
              text run at (11,953) width 44: "of text."
            RenderBR {BR} at (55,953) size 0x17
            RenderText {#text} at (11,971) size 105x35
              text run at (11,971) width 105: "This cell has lots"
              text run at (11,989) width 44: "of text."
            RenderBR {BR} at (55,989) size 0x17
            RenderText {#text} at (11,1007) size 105x35
              text run at (11,1007) width 105: "This cell has lots"
              text run at (11,1025) width 44: "of text."
            RenderBR {BR} at (55,1025) size 0x17
            RenderText {#text} at (11,1043) size 105x35
              text run at (11,1043) width 105: "This cell has lots"
              text run at (11,1061) width 44: "of text."
            RenderBR {BR} at (55,1061) size 0x17
            RenderText {#text} at (11,1079) size 105x35
              text run at (11,1079) width 105: "This cell has lots"
              text run at (11,1097) width 44: "of text."
            RenderBR {BR} at (55,1097) size 0x17
          RenderTableCell {TD} at (140,957) size 235x170 [border: (1px inset #808080)] [r=0 c=1 rs=1 cs=1]
            RenderInline {SPAN} at (0,0) size 145x145
              RenderText {#text} at (11,12) size 145x145
                text run at (11,12) width 145: "Other"
                text run at (11,86) width 108: "cell."
