layer at (0,0) size 820x585
  RenderView at (0,0) size 800x585
layer at (0,0) size 800x333
  RenderBlock {html} at (0,0) size 800x333
    RenderBody {body} at (48,8) size 772x317
      RenderBlock {h1} at (10,40) size 692x31
        RenderText {#text} at (0,0) size 315x30
          text run at (0,0) width 315: "scalable CSS background"
      RenderBlock {h4} at (10,70) size 752x17
        RenderText {#text} at (0,0) size 127x17
          text run at (0,0) width 127: "WICD Core 1.0 #11"
      RenderBlock {p} at (10,105) size 712x38
        RenderText {#text} at (10,10) size 514x17
          text run at (10,10) width 514: "This text paragraph, as well as all following, must have a SVG background image."
      RenderBlock {p} at (10,147) size 712x54
        RenderText {#text} at (10,10) size 619x33
          text run at (10,10) width 619: "This background image (grey color-gradient and rounded corners) must always exactly fit the text"
          text run at (10,26) width 70: "paragraph."
      RenderBlock {p} at (10,206) size 712x54
        RenderText {#text} at (10,10) size 681x33
          text run at (10,10) width 681: "This test has failed, if you don't see any graphics on the background. (your user agent does not support SVG"
          text run at (10,26) width 144: "as background image)."
      RenderBlock {p} at (10,264) size 712x38
        RenderInline {a} at (10,10) size 31x17 [color=#000066]
          RenderText {#text} at (10,10) size 31x17
            text run at (10,10) width 31: "Back"
