layer at (0,0) size 785x850
  RenderView at (0,0) size 785x600
layer at (0,0) size 785x850
  RenderBlock {html} at (0,0) size 785x850
    RenderBody {body} at (47,30) size 738x812
      RenderBlock {div} at (0,0) size 738x811
        RenderBlock {h1} at (0,0) size 679x30
          RenderText {#text} at (0,0) size 379x30
            text run at (0,0) width 379: "rightsizing to percentage width"
        RenderBlock {h4} at (0,29) size 738x17
          RenderText {#text} at (0,0) size 141x17
            text run at (0,0) width 141: "WICD Core 1.0 #20-2"
        RenderBlock (anonymous) at (0,65) size 738x299
          RenderEmbeddedObject {object} at (0,0) size 296x296 [bgcolor=#FF0000]
            layer at (0,0) size 295x295
              RenderView at (0,0) size 295x295
            layer at (0,0) size 295x295
              RenderSVGRoot {svg} at (0,0) size 295x295
                RenderSVGHiddenContainer {defs} at (0,0) size 0x0
                RenderSVGRect {rect} at (0,0) size 295x295 [fill={[type=SOLID] [color=#5588FF]}] [x=-3000.00] [y=-1000.00] [width=6200.00] [height=2200.00]
                RenderSVGEllipse {circle} at (0,0) size 295x295 [fill={[type=SOLID] [color=#0000FF]}] [cx=100.00] [cy=100.00] [r=100.00]
                RenderSVGContainer {g} at (39,88) size 217x121
                  RenderSVGText {text} at (26,60) size 148x82 contains 1 chunk(s)
                    RenderSVGInlineText {#text} at (0,0) size 147x82
                      chunk 1 (middle anchor) text run 1 at (26.78,125.00) startOffset 0 endOffset 3 width 146.44: "SVG"
          RenderText {#text} at (295,280) size 5x19
            text run at (295,280) width 5: " "
          RenderEmbeddedObject {object} at (299,147) size 149x149 [bgcolor=#FF0000]
            layer at (0,0) size 148x148
              RenderView at (0,0) size 148x148
            layer at (0,0) size 148x148
              RenderSVGRoot {svg} at (0,0) size 148x148
                RenderSVGHiddenContainer {defs} at (0,0) size 0x0
                RenderSVGRect {rect} at (0,0) size 148x148 [fill={[type=SOLID] [color=#5588FF]}] [x=-3000.00] [y=-1000.00] [width=6200.00] [height=2200.00]
                RenderSVGEllipse {circle} at (0,0) size 148x148 [fill={[type=SOLID] [color=#0000FF]}] [cx=100.00] [cy=100.00] [r=100.00]
                RenderSVGContainer {g} at (19,44) size 110x61
                  RenderSVGText {text} at (26,60) size 148x82 contains 1 chunk(s)
                    RenderSVGInlineText {#text} at (0,0) size 147x82
                      chunk 1 (middle anchor) text run 1 at (26.78,125.00) startOffset 0 endOffset 3 width 146.44: "SVG"
          RenderText {#text} at (447,280) size 5x19
            text run at (447,280) width 5: " "
          RenderEmbeddedObject {object} at (451,221) size 75x75 [bgcolor=#FF0000]
            layer at (0,0) size 74x74
              RenderView at (0,0) size 74x74
            layer at (0,0) size 74x74
              RenderSVGRoot {svg} at (0,0) size 74x74
                RenderSVGHiddenContainer {defs} at (0,0) size 0x0
                RenderSVGRect {rect} at (0,0) size 74x74 [fill={[type=SOLID] [color=#5588FF]}] [x=-3000.00] [y=-1000.00] [width=6200.00] [height=2200.00]
                RenderSVGEllipse {circle} at (0,0) size 74x74 [fill={[type=SOLID] [color=#0000FF]}] [cx=100.00] [cy=100.00] [r=100.00]
                RenderSVGContainer {g} at (9,22) size 56x31
                  RenderSVGText {text} at (26,60) size 148x82 contains 1 chunk(s)
                    RenderSVGInlineText {#text} at (0,0) size 147x82
                      chunk 1 (middle anchor) text run 1 at (26.78,125.00) startOffset 0 endOffset 3 width 146.44: "SVG"
          RenderText {#text} at (525,280) size 5x19
            text run at (525,280) width 5: " "
          RenderEmbeddedObject {object} at (529,258) size 38x38 [bgcolor=#FF0000]
            layer at (0,0) size 37x37
              RenderView at (0,0) size 37x37
            layer at (0,0) size 37x37
              RenderSVGRoot {svg} at (0,0) size 37x37
                RenderSVGHiddenContainer {defs} at (0,0) size 0x0
                RenderSVGRect {rect} at (0,0) size 37x37 [fill={[type=SOLID] [color=#5588FF]}] [x=-3000.00] [y=-1000.00] [width=6200.00] [height=2200.00]
                RenderSVGEllipse {circle} at (0,0) size 37x37 [fill={[type=SOLID] [color=#0000FF]}] [cx=100.00] [cy=100.00] [r=100.00]
                RenderSVGContainer {g} at (4,11) size 29x16
                  RenderSVGText {text} at (26,60) size 148x82 contains 1 chunk(s)
                    RenderSVGInlineText {#text} at (0,0) size 147x82
                      chunk 1 (middle anchor) text run 1 at (26.78,125.00) startOffset 0 endOffset 3 width 146.44: "SVG"
          RenderText {#text} at (0,0) size 0x0
        RenderBlock {p} at (0,366) size 679x67
          RenderText {#text} at (0,0) size 663x33
            text run at (0,0) width 663: "Above there must be four times the same, square SVG child visible, each referenced by an object element"
            text run at (0,16) width 420: "with different widths (40%, 20%, 10%, 5%) and no height defined."
          RenderBR {br} at (419,16) size 1x17
          RenderBR {br} at (0,32) size 0x18
          RenderText {#text} at (0,49) size 409x17
            text run at (0,49) width 409: "Beyond there is the same, only with PNG images instead of SVG."
        RenderBlock (anonymous) at (0,437) size 738x300
          RenderImage {object} at (0,0) size 296x296 [bgcolor=#FF0000]
          RenderText {#text} at (295,280) size 5x19
            text run at (295,280) width 5: " "
          RenderImage {object} at (299,147) size 149x149 [bgcolor=#FF0000]
          RenderText {#text} at (447,280) size 5x19
            text run at (447,280) width 5: " "
          RenderImage {object} at (451,221) size 75x75 [bgcolor=#FF0000]
          RenderText {#text} at (525,280) size 5x19
            text run at (525,280) width 5: " "
          RenderImage {object} at (529,258) size 38x38 [bgcolor=#FF0000]
          RenderText {#text} at (0,0) size 0x0
        RenderBlock {p} at (0,739) size 679x34
          RenderText {#text} at (0,0) size 675x33
            text run at (0,0) width 675: "This test has succeeded, if both rows look exactly the same (SVGs must be square!) and no red background"
            text run at (0,16) width 95: "color is visible."
        RenderBlock {p} at (0,778) size 679x33
          RenderBR {br} at (0,0) size 0x17
          RenderInline {a} at (0,16) size 31x17 [color=#000066]
            RenderText {#text} at (0,16) size 31x17
              text run at (0,16) width 31: "Back"
