layer at (0,0) size 800x600
  RenderView at (0,0) size 800x600
layer at (0,0) size 800x102
  RenderBlock {HTML} at (0,0) size 800x102
    RenderBody {BODY} at (8,16) size 784x70
      RenderBlock {UL} at (0,0) size 784x36
        RenderListItem {LI} at (40,0) size 744x18 [bgcolor=#00FF00]
          RenderListMarker at (-17,0) size 7x18: bullet
          RenderText {#text} at (0,0) size 304x18
            text run at (0,0) width 304: "The background of this list item should be green"
        RenderListItem {LI} at (40,18) size 744x18 [bgcolor=#00FF00]
          RenderListMarker at (-17,0) size 7x18: bullet
          RenderText {#text} at (0,0) size 381x18
            text run at (0,0) width 381: "The background of this second list item should be also green"
      RenderBlock {P} at (0,52) size 784x18 [bgcolor=#00FF00]
        RenderText {#text} at (0,0) size 322x18
          text run at (0,0) width 322: "The background of this paragraph should be green."
