layer at (0,0) size 800x600
  RenderView at (0,0) size 800x600
layer at (0,0) size 800x50
  RenderBlock {HTML} at (0,0) size 800x50
    RenderBody {BODY} at (8,16) size 784x18
      RenderBlock {P} at (0,0) size 784x18
        RenderInline {A} at (0,0) size 379x18 [color=#551A8B] [bgcolor=#00FF00]
          RenderText {#text} at (0,0) size 379x18
            text run at (0,0) width 379: "You should see a green background assigned by the anchor."
        RenderText {#text} at (0,0) size 0x0
