layer at (0,0) size 800x600
  RenderView at (0,0) size 800x600
layer at (0,0) size 800x50
  RenderBlock {HTML} at (0,0) size 800x50
    RenderBody {BODY} at (8,16) size 784x18
      RenderBlock {P} at (0,0) size 784x18
        RenderText {#text} at (0,0) size 161x18
          text run at (0,0) width 161: "The background color of "
        RenderInline {A} at (0,0) size 66x18 [color=#0000EE]
          RenderText {#text} at (161,0) size 66x18
            text run at (161,0) width 66: "the anchor"
        RenderText {#text} at (227,0) size 542x18
          text run at (227,0) width 4: " "
          text run at (231,0) width 370: "should turn to green when it is activated and come back to "
          text run at (601,0) width 168: "normal when it is released."
