layer at (0,0) size 800x600
  RenderView at (0,0) size 800x600
layer at (0,0) size 800x164
  RenderBlock {HTML} at (0,0) size 800x164
    RenderBody {BODY} at (8,16) size 784x132
      RenderBlock {P} at (0,0) size 784x20
        RenderText {#text} at (0,0) size 712x19
          text run at (0,0) width 213: "This paragraph should be unstyled. "
          text run at (213,0) width 432: "The background of the following paragraph should become green when "
          text run at (645,0) width 67: "you follow "
        RenderInline {A} at (0,0) size 45x19 [color=#0000EE]
          RenderText {#text} at (712,0) size 45x19
            text run at (712,0) width 45: "this link"
        RenderText {#text} at (757,0) size 4x19
          text run at (757,0) width 4: "."
      RenderBlock {P} at (0,36) size 784x40
        RenderText {#text} at (0,0) size 698x19
          text run at (0,0) width 257: "This paragraph should initially be unstyled. "
          text run at (257,0) width 441: "It should become green when you select the link above. When you select "
        RenderInline {A} at (0,0) size 45x19 [color=#0000EE]
          RenderText {#text} at (698,0) size 45x19
            text run at (698,0) width 45: "this link"
        RenderText {#text} at (743,0) size 758x39
          text run at (743,0) width 15: ", it"
          text run at (0,20) width 235: "should return to being unstyled and the "
          text run at (235,20) width 352: "background of the paragraph below should become green."
      RenderBlock {P} at (0,92) size 784x40
        RenderText {#text} at (0,0) size 701x19
          text run at (0,0) width 257: "This paragraph should initially be unstyled. "
          text run at (257,0) width 444: "It should become green when you select the link above. When you follow "
        RenderInline {A} at (0,0) size 45x19 [color=#0000EE]
          RenderText {#text} at (701,0) size 45x19
            text run at (701,0) width 45: "this link"
        RenderText {#text} at (746,0) size 772x39
          text run at (746,0) width 26: ", the"
          text run at (0,20) width 105: "three paragraphs "
          text run at (105,20) width 204: "should all return to being unstyled."
