layer at (0,0) size 800x600
  RenderView at (0,0) size 800x600
layer at (0,0) size 800x142
  RenderBlock {HTML} at (0,0) size 800x142
    RenderBody {BODY} at (8,8) size 784x118
      RenderBlock {DIV} at (0,0) size 784x82
        RenderTable {TABLE} at (332,0) size 120x82 [border: (1px outset #808080)]
          RenderTableSection {TBODY} at (1,1) size 117x80
            RenderTableRow {TR} at (0,2) size 117x24
              RenderTableCell {TD} at (2,2) size 61x24 [bgcolor=#00FF00] [border: (1px inset #808080)] [r=0 c=0 rs=1 cs=1]
                RenderText {#text} at (2,2) size 57x19
                  text run at (2,2) width 57: "green cell"
              RenderTableCell {TD} at (65,2) size 24x24 [border: (1px inset #808080)] [r=0 c=1 rs=1 cs=1]
                RenderText {#text} at (2,2) size 20x19
                  text run at (2,2) width 20: "1.2"
              RenderTableCell {TD} at (91,2) size 24x24 [border: (1px inset #808080)] [r=0 c=2 rs=1 cs=1]
                RenderText {#text} at (2,2) size 20x19
                  text run at (2,2) width 20: "1.3"
            RenderTableRow {TR} at (0,28) size 117x24
              RenderTableCell {TD} at (2,28) size 61x24 [bgcolor=#00FF00] [border: (1px inset #808080)] [r=1 c=0 rs=1 cs=1]
                RenderText {#text} at (2,2) size 57x19
                  text run at (2,2) width 57: "green cell"
              RenderTableCell {TD} at (65,28) size 24x24 [border: (1px inset #808080)] [r=1 c=1 rs=1 cs=1]
                RenderText {#text} at (2,2) size 20x19
                  text run at (2,2) width 20: "2.2"
              RenderTableCell {TD} at (91,28) size 24x24 [border: (1px inset #808080)] [r=1 c=2 rs=1 cs=1]
                RenderText {#text} at (2,2) size 20x19
                  text run at (2,2) width 20: "2.3"
            RenderTableRow {TR} at (0,54) size 117x24
              RenderTableCell {TD} at (2,54) size 61x24 [bgcolor=#00FF00] [border: (1px inset #808080)] [r=2 c=0 rs=1 cs=1]
                RenderText {#text} at (2,2) size 57x19
                  text run at (2,2) width 57: "green cell"
              RenderTableCell {TD} at (65,54) size 24x24 [border: (1px inset #808080)] [r=2 c=1 rs=1 cs=1]
                RenderText {#text} at (2,2) size 20x19
                  text run at (2,2) width 20: "3.2"
              RenderTableCell {TD} at (91,54) size 24x24 [border: (1px inset #808080)] [r=2 c=2 rs=1 cs=1]
                RenderText {#text} at (2,2) size 20x19
                  text run at (2,2) width 20: "3.3"
      RenderBlock {P} at (0,98) size 784x20
        RenderText {#text} at (0,0) size 209x19
          text run at (0,0) width 209: "This paragraph contains some text "
        RenderInline {SPAN} at (0,0) size 290x19 [bgcolor=#00FF00]
          RenderText {#text} at (209,0) size 290x19
            text run at (209,0) width 290: "and a span that should have a green background"
        RenderText {#text} at (0,0) size 0x0
