layer at (0,0) size 800x600
  RenderView at (0,0) size 800x600
layer at (0,0) size 800x186
  RenderBlock {HTML} at (0,0) size 800x186
    RenderBody {BODY} at (8,16) size 784x154
      RenderBlock {DIV} at (0,0) size 784x154
        RenderBlock {P} at (0,0) size 784x18
          RenderText {#text} at (0,0) size 221x18
            text run at (0,0) width 221: "This paragraph should be unstyled."
        RenderBlock {P} at (0,34) size 784x18 [bgcolor=#00FF00]
          RenderText {#text} at (0,0) size 285x18
            text run at (0,0) width 285: "But this one should have a green background"
        RenderBlock {P} at (0,68) size 784x18 [bgcolor=#00FF00]
          RenderText {#text} at (0,0) size 319x18
            text run at (0,0) width 319: "And this one should also have a green background"
        RenderBlock {ADDRESS} at (0,102) size 784x18
          RenderText {#text} at (0,0) size 431x18
            text run at (0,0) width 431: "This address is only here to fill some space between two paragraphs"
        RenderBlock {P} at (0,136) size 784x18 [bgcolor=#00FF00]
          RenderText {#text} at (0,0) size 304x18
            text run at (0,0) width 304: "This paragraph should have a green background"
