layer at (0,0) size 800x600
  RenderView at (0,0) size 800x600
layer at (0,0) size 800x124
  RenderBlock {HTML} at (0,0) size 800x124
    RenderBody {BODY} at (8,16) size 784x92
      RenderBlock {DIV} at (0,0) size 784x92
        RenderBlock {P} at (0,0) size 784x20 [color=#00FF00]
          RenderText {#text} at (0,0) size 273x19
            text run at (0,0) width 273: "This paragraph should be in green characters."
        RenderBlock {P} at (0,36) size 784x20 [color=#00FF00]
          RenderText {#text} at (0,0) size 273x19
            text run at (0,0) width 273: "This paragraph should be in green characters."
        RenderBlock {P} at (0,72) size 784x20 [color=#FF0000]
          RenderInline {SPAN} at (0,0) size 273x19 [color=#00FF00]
            RenderText {#text} at (0,0) size 273x19
              text run at (0,0) width 273: "This paragraph should be in green characters."
          RenderText {#text} at (0,0) size 0x0
