layer at (0,0) size 800x600
  RenderView at (0,0) size 800x600
layer at (0,0) size 800x34
  RenderBlock {HTML} at (0,0) size 800x34
    RenderBody {BODY} at (8,8) size 784x18
      RenderBlock {DIV} at (0,0) size 784x18
        RenderInline {A} at (0,0) size 284x18 [color=#551A8B] [bgcolor=#FF0000]
          RenderText {#text} at (0,0) size 284x18
            text run at (0,0) width 284: "This anchor should have a green background"
        RenderText {#text} at (0,0) size 0x0
