layer at (0,0) size 800x600
  RenderView at (0,0) size 800x600
layer at (0,0) size 800x34
  RenderBlock {HTML} at (0,0) size 800x34
    RenderBody {BODY} at (8,8) size 784x18
      RenderBlock {DIV} at (0,0) size 784x18
        RenderInline {A} at (0,0) size 284x18 [color=#0000EE] [bgcolor=#00FF00]
          RenderText {#text} at (0,0) size 284x18
            text run at (0,0) width 284: "This anchor should have a green background"
        RenderText {#text} at (284,0) size 152x18
          text run at (284,0) width 152: " (Don't follow this link.)"
