layer at (0,0) size 800x600
  RenderView at (0,0) size 800x600
layer at (0,0) size 800x94
  RenderBlock {HTML} at (0,0) size 800x94
    RenderBody {BODY} at (8,16) size 784x62
      RenderBlock {DIV} at (0,0) size 784x62
        RenderBlock {P} at (0,0) size 784x20 [color=#00FF00]
          RenderInline {A} at (0,0) size 260x19 [color=#000000]
            RenderText {#text} at (0,0) size 260x19
              text run at (0,0) width 260: "This text should turn green while it is active."
          RenderText {#text} at (0,0) size 0x0
        RenderBlock {P} at (0,36) size 784x26 [color=#00FF00]
          RenderButton {BUTTON} at (2,2) size 267x22 [color=#000000] [bgcolor=#F0F0F0] [border: (2px outset #F0F0F0)]
            RenderBlock (anonymous) at (8,3) size 251x16
              RenderText {#text} at (0,0) size 251x16
                text run at (0,0) width 251: "This text should turn green while it is active."
          RenderText {#text} at (0,0) size 0x0
