layer at (0,0) size 800x600
  RenderView at (0,0) size 800x600
layer at (0,0) size 800x136
  RenderBlock {HTML} at (0,0) size 800x136
    RenderBody {BODY} at (8,16) size 784x104
      RenderBlock {BLOCKQUOTE} at (40,0) size 704x18
        RenderText {#text} at (0,0) size 181x18
          text run at (0,0) width 181: "This text should be unstyled."
      RenderBlock {DIV} at (0,34) size 784x18
        RenderText {#text} at (0,0) size 181x18
          text run at (0,0) width 181: "This text should be unstyled."
      RenderBlock {DIV} at (0,52) size 784x18
        RenderText {#text} at (0,0) size 181x18
          text run at (0,0) width 181: "This text should be unstyled."
      RenderBlock {P} at (0,86) size 784x18 [color=#008000]
        RenderText {#text} at (0,0) size 163x18
          text run at (0,0) width 163: "This text should be green."
