layer at (0,0) size 800x600
  RenderView at (0,0) size 800x600
layer at (0,0) size 800x52
  RenderBlock {HTML} at (0,0) size 800x52
    RenderBody {BODY} at (8,16) size 784x20
      RenderBlock {P} at (0,0) size 784x20
        RenderText {#text} at (0,0) size 478x19
          text run at (0,0) width 478: "Try selecting some text in this document. It should be have a green background."
selection start: position 0 of child 0 {#text} of child 1 {P} of body
selection end:   position 79 of child 0 {#text} of child 1 {P} of body
