layer at (0,0) size 785x3662
  RenderView at (0,0) size 785x600
layer at (0,0) size 785x3662
  RenderBlock {HTML} at (0,0) size 785x3662
    RenderBody {BODY} at (8,21) size 769x3625
      RenderBlock {H1} at (0,0) size 769x37
        RenderText {#text} at (0,0) size 249x36
          text run at (0,0) width 249: "HTML Test Index"
      RenderBlock {P} at (0,58) size 769x21
        RenderText {#text} at (0,0) size 294x19
          text run at (0,0) width 294: "The HTML tests are available in several variants."
      RenderBlock {H2} at (0,98) size 769x28
        RenderText {#text} at (0,0) size 278x26
          text run at (0,0) width 278: "Tests With Navigation Aids"
      RenderBlock {P} at (0,145) size 769x41
        RenderText {#text} at (0,0) size 746x39
          text run at (0,0) width 746: "Each category of test is available using several different harnesses. The name of the harness describes how the test markup is"
          text run at (0,20) width 611: "contained within it, for example the Xlink embed case uses an XLink with the show axis set to embed."
      RenderBlock {UL} at (0,201) size 769x201
        RenderListItem {LI} at (40,0) size 729x40
          RenderListMarker at (-18,0) size 7x19: bullet
          RenderInline {A} at (0,0) size 17x19 [color=#0000EE]
            RenderText {#text} at (0,0) size 17x19
              text run at (0,0) width 17: "full"
          RenderText {#text} at (17,0) size 7x19
            text run at (17,0) width 7: ": "
          RenderInline {A} at (0,0) size 89x19 [color=#0000EE]
            RenderText {#text} at (24,0) size 89x19
              text run at (24,0) width 89: "Self Contained"
          RenderText {#text} at (113,0) size 8x19
            text run at (113,0) width 8: ", "
          RenderInline {A} at (0,0) size 113x19 [color=#0000EE]
            RenderText {#text} at (121,0) size 113x19
              text run at (121,0) width 113: "XHTML <iframe>"
          RenderText {#text} at (234,0) size 8x19
            text run at (234,0) width 8: ", "
          RenderInline {A} at (0,0) size 114x19 [color=#0000EE]
            RenderText {#text} at (242,0) size 114x19
              text run at (242,0) width 114: "XHTML <object>"
          RenderText {#text} at (356,0) size 8x19
            text run at (356,0) width 8: ", "
          RenderInline {A} at (0,0) size 110x19 [color=#0000EE]
            RenderText {#text} at (364,0) size 110x19
              text run at (364,0) width 110: "XHTML <frame>"
          RenderText {#text} at (474,0) size 8x19
            text run at (474,0) width 8: ", "
          RenderInline {A} at (0,0) size 102x19 [color=#0000EE]
            RenderText {#text} at (482,0) size 102x19
              text run at (482,0) width 102: "HTML <iframe>"
          RenderText {#text} at (584,0) size 8x19
            text run at (584,0) width 8: ", "
          RenderInline {A} at (0,0) size 103x19 [color=#0000EE]
            RenderText {#text} at (592,0) size 103x19
              text run at (592,0) width 103: "HTML <object>"
          RenderText {#text} at (695,0) size 4x19
            text run at (695,0) width 4: ","
          RenderInline {A} at (0,0) size 99x19 [color=#0000EE]
            RenderText {#text} at (0,20) size 99x19
              text run at (0,20) width 99: "HTML <frame>"
          RenderText {#text} at (99,20) size 8x19
            text run at (99,20) width 8: ", "
          RenderInline {A} at (0,0) size 83x19 [color=#0000EE]
            RenderText {#text} at (107,20) size 83x19
              text run at (107,20) width 83: "XLink embed"
          RenderText {#text} at (190,20) size 8x19
            text run at (190,20) width 8: ", "
          RenderInline {A} at (0,0) size 80x19 [color=#0000EE]
            RenderText {#text} at (198,20) size 80x19
              text run at (198,20) width 80: "TNG Format"
        RenderListItem {LI} at (40,40) size 729x40
          RenderListMarker at (-18,0) size 7x19: bullet
          RenderInline {A} at (0,0) size 31x19 [color=#0000EE]
            RenderText {#text} at (0,0) size 31x19
              text run at (0,0) width 31: "static"
          RenderText {#text} at (31,0) size 7x19
            text run at (31,0) width 7: ": "
          RenderInline {A} at (0,0) size 89x19 [color=#0000EE]
            RenderText {#text} at (38,0) size 89x19
              text run at (38,0) width 89: "Self Contained"
          RenderText {#text} at (127,0) size 8x19
            text run at (127,0) width 8: ", "
          RenderInline {A} at (0,0) size 113x19 [color=#0000EE]
            RenderText {#text} at (135,0) size 113x19
              text run at (135,0) width 113: "XHTML <iframe>"
          RenderText {#text} at (248,0) size 8x19
            text run at (248,0) width 8: ", "
          RenderInline {A} at (0,0) size 114x19 [color=#0000EE]
            RenderText {#text} at (256,0) size 114x19
              text run at (256,0) width 114: "XHTML <object>"
          RenderText {#text} at (370,0) size 8x19
            text run at (370,0) width 8: ", "
          RenderInline {A} at (0,0) size 110x19 [color=#0000EE]
            RenderText {#text} at (378,0) size 110x19
              text run at (378,0) width 110: "XHTML <frame>"
          RenderText {#text} at (488,0) size 8x19
            text run at (488,0) width 8: ", "
          RenderInline {A} at (0,0) size 102x19 [color=#0000EE]
            RenderText {#text} at (496,0) size 102x19
              text run at (496,0) width 102: "HTML <iframe>"
          RenderText {#text} at (598,0) size 8x19
            text run at (598,0) width 8: ", "
          RenderInline {A} at (0,0) size 103x19 [color=#0000EE]
            RenderText {#text} at (606,0) size 103x19
              text run at (606,0) width 103: "HTML <object>"
          RenderText {#text} at (709,0) size 4x19
            text run at (709,0) width 4: ","
          RenderInline {A} at (0,0) size 99x19 [color=#0000EE]
            RenderText {#text} at (0,20) size 99x19
              text run at (0,20) width 99: "HTML <frame>"
          RenderText {#text} at (99,20) size 8x19
            text run at (99,20) width 8: ", "
          RenderInline {A} at (0,0) size 83x19 [color=#0000EE]
            RenderText {#text} at (107,20) size 83x19
              text run at (107,20) width 83: "XLink embed"
          RenderText {#text} at (190,20) size 8x19
            text run at (190,20) width 8: ", "
          RenderInline {A} at (0,0) size 80x19 [color=#0000EE]
            RenderText {#text} at (198,20) size 80x19
              text run at (198,20) width 80: "TNG Format"
        RenderListItem {LI} at (40,80) size 729x40
          RenderListMarker at (-18,0) size 7x19: bullet
          RenderInline {A} at (0,0) size 87x19 [color=#0000EE]
            RenderText {#text} at (0,0) size 87x19
              text run at (0,0) width 87: "history-related"
          RenderText {#text} at (87,0) size 7x19
            text run at (87,0) width 7: ": "
          RenderInline {A} at (0,0) size 89x19 [color=#0000EE]
            RenderText {#text} at (94,0) size 89x19
              text run at (94,0) width 89: "Self Contained"
          RenderText {#text} at (183,0) size 8x19
            text run at (183,0) width 8: ", "
          RenderInline {A} at (0,0) size 113x19 [color=#0000EE]
            RenderText {#text} at (191,0) size 113x19
              text run at (191,0) width 113: "XHTML <iframe>"
          RenderText {#text} at (304,0) size 8x19
            text run at (304,0) width 8: ", "
          RenderInline {A} at (0,0) size 114x19 [color=#0000EE]
            RenderText {#text} at (312,0) size 114x19
              text run at (312,0) width 114: "XHTML <object>"
          RenderText {#text} at (426,0) size 8x19
            text run at (426,0) width 8: ", "
          RenderInline {A} at (0,0) size 110x19 [color=#0000EE]
            RenderText {#text} at (434,0) size 110x19
              text run at (434,0) width 110: "XHTML <frame>"
          RenderText {#text} at (544,0) size 8x19
            text run at (544,0) width 8: ", "
          RenderInline {A} at (0,0) size 102x19 [color=#0000EE]
            RenderText {#text} at (552,0) size 102x19
              text run at (552,0) width 102: "HTML <iframe>"
          RenderText {#text} at (654,0) size 8x19
            text run at (654,0) width 8: ", "
          RenderInline {A} at (0,0) size 705x39 [color=#0000EE]
            RenderText {#text} at (662,0) size 705x39
              text run at (662,0) width 43: "HTML"
              text run at (0,20) width 56: "<object>"
          RenderText {#text} at (56,20) size 8x19
            text run at (56,20) width 8: ", "
          RenderInline {A} at (0,0) size 99x19 [color=#0000EE]
            RenderText {#text} at (64,20) size 99x19
              text run at (64,20) width 99: "HTML <frame>"
          RenderText {#text} at (163,20) size 8x19
            text run at (163,20) width 8: ", "
          RenderInline {A} at (0,0) size 83x19 [color=#0000EE]
            RenderText {#text} at (171,20) size 83x19
              text run at (171,20) width 83: "XLink embed"
          RenderText {#text} at (254,20) size 8x19
            text run at (254,20) width 8: ", "
          RenderInline {A} at (0,0) size 80x19 [color=#0000EE]
            RenderText {#text} at (262,20) size 80x19
              text run at (262,20) width 80: "TNG Format"
        RenderListItem {LI} at (40,120) size 729x40
          RenderListMarker at (-18,0) size 7x19: bullet
          RenderInline {A} at (0,0) size 61x19 [color=#0000EE]
            RenderText {#text} at (0,0) size 61x19
              text run at (0,0) width 61: "interactive"
          RenderText {#text} at (61,0) size 7x19
            text run at (61,0) width 7: ": "
          RenderInline {A} at (0,0) size 89x19 [color=#0000EE]
            RenderText {#text} at (68,0) size 89x19
              text run at (68,0) width 89: "Self Contained"
          RenderText {#text} at (157,0) size 8x19
            text run at (157,0) width 8: ", "
          RenderInline {A} at (0,0) size 113x19 [color=#0000EE]
            RenderText {#text} at (165,0) size 113x19
              text run at (165,0) width 113: "XHTML <iframe>"
          RenderText {#text} at (278,0) size 8x19
            text run at (278,0) width 8: ", "
          RenderInline {A} at (0,0) size 114x19 [color=#0000EE]
            RenderText {#text} at (286,0) size 114x19
              text run at (286,0) width 114: "XHTML <object>"
          RenderText {#text} at (400,0) size 8x19
            text run at (400,0) width 8: ", "
          RenderInline {A} at (0,0) size 110x19 [color=#0000EE]
            RenderText {#text} at (408,0) size 110x19
              text run at (408,0) width 110: "XHTML <frame>"
          RenderText {#text} at (518,0) size 8x19
            text run at (518,0) width 8: ", "
          RenderInline {A} at (0,0) size 102x19 [color=#0000EE]
            RenderText {#text} at (526,0) size 102x19
              text run at (526,0) width 102: "HTML <iframe>"
          RenderText {#text} at (628,0) size 8x19
            text run at (628,0) width 8: ", "
          RenderInline {A} at (0,0) size 679x39 [color=#0000EE]
            RenderText {#text} at (636,0) size 679x39
              text run at (636,0) width 43: "HTML"
              text run at (0,20) width 56: "<object>"
          RenderText {#text} at (56,20) size 8x19
            text run at (56,20) width 8: ", "
          RenderInline {A} at (0,0) size 99x19 [color=#0000EE]
            RenderText {#text} at (64,20) size 99x19
              text run at (64,20) width 99: "HTML <frame>"
          RenderText {#text} at (163,20) size 8x19
            text run at (163,20) width 8: ", "
          RenderInline {A} at (0,0) size 83x19 [color=#0000EE]
            RenderText {#text} at (171,20) size 83x19
              text run at (171,20) width 83: "XLink embed"
          RenderText {#text} at (254,20) size 8x19
            text run at (254,20) width 8: ", "
          RenderInline {A} at (0,0) size 80x19 [color=#0000EE]
            RenderText {#text} at (262,20) size 80x19
              text run at (262,20) width 80: "TNG Format"
        RenderListItem {LI} at (40,160) size 729x40
          RenderListMarker at (-18,0) size 7x19: bullet
          RenderInline {A} at (0,0) size 50x19 [color=#0000EE]
            RenderText {#text} at (0,0) size 50x19
              text run at (0,0) width 50: "dynamic"
          RenderText {#text} at (50,0) size 7x19
            text run at (50,0) width 7: ": "
          RenderInline {A} at (0,0) size 89x19 [color=#0000EE]
            RenderText {#text} at (57,0) size 89x19
              text run at (57,0) width 89: "Self Contained"
          RenderText {#text} at (146,0) size 8x19
            text run at (146,0) width 8: ", "
          RenderInline {A} at (0,0) size 113x19 [color=#0000EE]
            RenderText {#text} at (154,0) size 113x19
              text run at (154,0) width 113: "XHTML <iframe>"
          RenderText {#text} at (267,0) size 8x19
            text run at (267,0) width 8: ", "
          RenderInline {A} at (0,0) size 114x19 [color=#0000EE]
            RenderText {#text} at (275,0) size 114x19
              text run at (275,0) width 114: "XHTML <object>"
          RenderText {#text} at (389,0) size 8x19
            text run at (389,0) width 8: ", "
          RenderInline {A} at (0,0) size 110x19 [color=#0000EE]
            RenderText {#text} at (397,0) size 110x19
              text run at (397,0) width 110: "XHTML <frame>"
          RenderText {#text} at (507,0) size 8x19
            text run at (507,0) width 8: ", "
          RenderInline {A} at (0,0) size 102x19 [color=#0000EE]
            RenderText {#text} at (515,0) size 102x19
              text run at (515,0) width 102: "HTML <iframe>"
          RenderText {#text} at (617,0) size 8x19
            text run at (617,0) width 8: ", "
          RenderInline {A} at (0,0) size 668x39 [color=#0000EE]
            RenderText {#text} at (625,0) size 668x39
              text run at (625,0) width 43: "HTML"
              text run at (0,20) width 56: "<object>"
          RenderText {#text} at (56,20) size 8x19
            text run at (56,20) width 8: ", "
          RenderInline {A} at (0,0) size 99x19 [color=#0000EE]
            RenderText {#text} at (64,20) size 99x19
              text run at (64,20) width 99: "HTML <frame>"
          RenderText {#text} at (163,20) size 8x19
            text run at (163,20) width 8: ", "
          RenderInline {A} at (0,0) size 83x19 [color=#0000EE]
            RenderText {#text} at (171,20) size 83x19
              text run at (171,20) width 83: "XLink embed"
          RenderText {#text} at (254,20) size 8x19
            text run at (254,20) width 8: ", "
          RenderInline {A} at (0,0) size 80x19 [color=#0000EE]
            RenderText {#text} at (262,20) size 80x19
              text run at (262,20) width 80: "TNG Format"
      RenderBlock {H2} at (0,421) size 769x28
        RenderText {#text} at (0,0) size 173x26
          text run at (0,0) width 173: "Unadorned Tests"
      RenderBlock {UL} at (0,468) size 769x3121
        RenderListItem {LI} at (40,0) size 729x20
          RenderListMarker at (-18,0) size 7x19: bullet
          RenderInline {A} at (0,0) size 118x19 [color=#0000EE]
            RenderText {#text} at (0,0) size 118x19
              text run at (0,0) width 118: "Groups of selectors"
          RenderText {#text} at (118,0) size 30x19
            text run at (118,0) width 30: " (#1)"
        RenderListItem {LI} at (40,20) size 729x20
          RenderListMarker at (-18,0) size 7x19: bullet
          RenderInline {A} at (0,0) size 138x19 [color=#0000EE]
            RenderText {#text} at (0,0) size 138x19
              text run at (0,0) width 138: "Type element selectors"
          RenderText {#text} at (138,0) size 30x19
            text run at (138,0) width 30: " (#2)"
        RenderListItem {LI} at (40,40) size 729x20
          RenderListMarker at (-18,0) size 7x19: bullet
          RenderInline {A} at (0,0) size 156x19 [color=#0000EE]
            RenderText {#text} at (0,0) size 156x19
              text run at (0,0) width 156: "Omitted universal selector"
          RenderText {#text} at (156,0) size 30x19
            text run at (156,0) width 30: " (#4)"
        RenderListItem {LI} at (40,60) size 729x20
          RenderListMarker at (-18,0) size 7x19: bullet
          RenderInline {A} at (0,0) size 163x19 [color=#0000EE]
            RenderText {#text} at (0,0) size 163x19
              text run at (0,0) width 163: "Attribute existence selector"
          RenderText {#text} at (163,0) size 30x19
            text run at (163,0) width 30: " (#5)"
        RenderListItem {LI} at (40,80) size 729x20
          RenderListMarker at (-18,0) size 7x19: bullet
          RenderInline {A} at (0,0) size 139x19 [color=#0000EE]
            RenderText {#text} at (0,0) size 139x19
              text run at (0,0) width 139: "Attribute value selector"
          RenderText {#text} at (139,0) size 30x19
            text run at (139,0) width 30: " (#6)"
        RenderListItem {LI} at (40,100) size 729x20
          RenderListMarker at (-18,0) size 7x19: bullet
          RenderInline {A} at (0,0) size 167x19 [color=#0000EE]
            RenderText {#text} at (0,0) size 167x19
              text run at (0,0) width 167: "Attribute multivalue selector"
          RenderText {#text} at (167,0) size 30x19
            text run at (167,0) width 30: " (#7)"
        RenderListItem {LI} at (40,120) size 729x20
          RenderListMarker at (-18,0) size 7x19: bullet
          RenderInline {A} at (0,0) size 167x19 [color=#0000EE]
            RenderText {#text} at (0,0) size 167x19
              text run at (0,0) width 167: "Attribute multivalue selector"
          RenderText {#text} at (167,0) size 38x19
            text run at (167,0) width 38: " (#7b)"
        RenderListItem {LI} at (40,140) size 729x20
          RenderListMarker at (-18,0) size 7x19: bullet
          RenderInline {A} at (0,0) size 326x19 [color=#0000EE]
            RenderText {#text} at (0,0) size 326x19
              text run at (0,0) width 326: "Attribute value selectors (hyphen-separated attributes)"
          RenderText {#text} at (326,0) size 30x19
            text run at (326,0) width 30: " (#8)"
        RenderListItem {LI} at (40,160) size 729x20
          RenderListMarker at (-18,0) size 7x19: bullet
          RenderInline {A} at (0,0) size 287x19 [color=#0000EE]
            RenderText {#text} at (0,0) size 287x19
              text run at (0,0) width 287: "Substring matching attribute selector (beginning)"
          RenderText {#text} at (287,0) size 30x19
            text run at (287,0) width 30: " (#9)"
        RenderListItem {LI} at (40,180) size 729x20
          RenderListMarker at (-18,0) size 7x19: bullet
          RenderInline {A} at (0,0) size 253x19 [color=#0000EE]
            RenderText {#text} at (0,0) size 253x19
              text run at (0,0) width 253: "Substring matching attribute selector (end)"
          RenderText {#text} at (253,0) size 38x19
            text run at (253,0) width 38: " (#10)"
        RenderListItem {LI} at (40,200) size 729x20
          RenderListMarker at (-18,0) size 7x19: bullet
          RenderInline {A} at (0,0) size 280x19 [color=#0000EE]
            RenderText {#text} at (0,0) size 280x19
              text run at (0,0) width 280: "Substring matching attribute selector (contains)"
          RenderText {#text} at (280,0) size 38x19
            text run at (280,0) width 38: " (#11)"
        RenderListItem {LI} at (40,220) size 729x20
          RenderListMarker at (-18,0) size 7x19: bullet
          RenderInline {A} at (0,0) size 131x19 [color=#0000EE]
            RenderText {#text} at (0,0) size 131x19
              text run at (0,0) width 131: "Default attribute value"
          RenderText {#text} at (131,0) size 38x19
            text run at (131,0) width 38: " (#12)"
        RenderListItem {LI} at (40,240) size 729x20
          RenderListMarker at (-18,0) size 7x19: bullet
          RenderInline {A} at (0,0) size 90x19 [color=#0000EE]
            RenderText {#text} at (0,0) size 90x19
              text run at (0,0) width 90: "Class selectors"
          RenderText {#text} at (90,0) size 38x19
            text run at (90,0) width 38: " (#13)"
        RenderListItem {LI} at (40,260) size 729x20
          RenderListMarker at (-18,0) size 7x19: bullet
          RenderInline {A} at (0,0) size 173x19 [color=#0000EE]
            RenderText {#text} at (0,0) size 173x19
              text run at (0,0) width 173: "More than one class selector"
          RenderText {#text} at (173,0) size 38x19
            text run at (173,0) width 38: " (#14)"
        RenderListItem {LI} at (40,280) size 729x20
          RenderListMarker at (-18,0) size 7x19: bullet
          RenderInline {A} at (0,0) size 73x19 [color=#0000EE]
            RenderText {#text} at (0,0) size 73x19
              text run at (0,0) width 73: "ID selectors"
          RenderText {#text} at (73,0) size 38x19
            text run at (73,0) width 38: " (#15)"
        RenderListItem {LI} at (40,300) size 729x20
          RenderListMarker at (-18,0) size 7x19: bullet
          RenderInline {A} at (0,0) size 107x19 [color=#0000EE]
            RenderText {#text} at (0,0) size 107x19
              text run at (0,0) width 107: ":link pseudo-class"
          RenderText {#text} at (107,0) size 38x19
            text run at (107,0) width 38: " (#16)"
        RenderListItem {LI} at (40,320) size 729x20
          RenderListMarker at (-18,0) size 7x19: bullet
          RenderInline {A} at (0,0) size 124x19 [color=#0000EE]
            RenderText {#text} at (0,0) size 124x19
              text run at (0,0) width 124: ":visited pseudo-class"
          RenderText {#text} at (124,0) size 38x19
            text run at (124,0) width 38: " (#17)"
        RenderListItem {LI} at (40,340) size 729x20
          RenderListMarker at (-18,0) size 7x19: bullet
          RenderInline {A} at (0,0) size 120x19 [color=#0000EE]
            RenderText {#text} at (0,0) size 120x19
              text run at (0,0) width 120: ":hover pseudo-class"
          RenderText {#text} at (120,0) size 38x19
            text run at (120,0) width 38: " (#18)"
        RenderListItem {LI} at (40,360) size 729x20
          RenderListMarker at (-18,0) size 7x19: bullet
          RenderInline {A} at (0,0) size 120x19 [color=#0000EE]
            RenderText {#text} at (0,0) size 120x19
              text run at (0,0) width 120: ":hover pseudo-class"
          RenderText {#text} at (120,0) size 46x19
            text run at (120,0) width 46: " (#18b)"
        RenderListItem {LI} at (40,380) size 729x20
          RenderListMarker at (-18,0) size 7x19: bullet
          RenderInline {A} at (0,0) size 121x19 [color=#0000EE]
            RenderText {#text} at (0,0) size 121x19
              text run at (0,0) width 121: ":active pseudo-class"
          RenderText {#text} at (121,0) size 38x19
            text run at (121,0) width 38: " (#19)"
        RenderListItem {LI} at (40,400) size 729x20
          RenderListMarker at (-18,0) size 7x19: bullet
          RenderInline {A} at (0,0) size 118x19 [color=#0000EE]
            RenderText {#text} at (0,0) size 118x19
              text run at (0,0) width 118: ":focus pseudo-class"
          RenderText {#text} at (118,0) size 38x19
            text run at (118,0) width 38: " (#20)"
        RenderListItem {LI} at (40,420) size 729x20
          RenderListMarker at (-18,0) size 7x19: bullet
          RenderInline {A} at (0,0) size 120x19 [color=#0000EE]
            RenderText {#text} at (0,0) size 120x19
              text run at (0,0) width 120: ":target pseudo-class"
          RenderText {#text} at (120,0) size 38x19
            text run at (120,0) width 38: " (#21)"
        RenderListItem {LI} at (40,440) size 729x20
          RenderListMarker at (-18,0) size 7x19: bullet
          RenderInline {A} at (0,0) size 120x19 [color=#0000EE]
            RenderText {#text} at (0,0) size 120x19
              text run at (0,0) width 120: ":target pseudo-class"
          RenderText {#text} at (120,0) size 46x19
            text run at (120,0) width 46: " (#21b)"
        RenderListItem {LI} at (40,460) size 729x20
          RenderListMarker at (-18,0) size 7x19: bullet
          RenderInline {A} at (0,0) size 120x19 [color=#0000EE]
            RenderText {#text} at (0,0) size 120x19
              text run at (0,0) width 120: ":target pseudo-class"
          RenderText {#text} at (120,0) size 45x19
            text run at (120,0) width 45: " (#21c)"
        RenderListItem {LI} at (40,480) size 729x20
          RenderListMarker at (-18,0) size 7x19: bullet
          RenderInline {A} at (0,0) size 120x19 [color=#0000EE]
            RenderText {#text} at (0,0) size 120x19
              text run at (0,0) width 120: ":lang() pseudo-class"
          RenderText {#text} at (120,0) size 38x19
            text run at (120,0) width 38: " (#22)"
        RenderListItem {LI} at (40,500) size 729x20
          RenderListMarker at (-18,0) size 7x19: bullet
          RenderInline {A} at (0,0) size 133x19 [color=#0000EE]
            RenderText {#text} at (0,0) size 133x19
              text run at (0,0) width 133: ":enabled pseudo-class"
          RenderText {#text} at (133,0) size 38x19
            text run at (133,0) width 38: " (#23)"
        RenderListItem {LI} at (40,520) size 729x20
          RenderListMarker at (-18,0) size 7x19: bullet
          RenderInline {A} at (0,0) size 136x19 [color=#0000EE]
            RenderText {#text} at (0,0) size 136x19
              text run at (0,0) width 136: ":disabled pseudo-class"
          RenderText {#text} at (136,0) size 38x19
            text run at (136,0) width 38: " (#24)"
        RenderListItem {LI} at (40,540) size 729x20
          RenderListMarker at (-18,0) size 7x19: bullet
          RenderInline {A} at (0,0) size 137x19 [color=#0000EE]
            RenderText {#text} at (0,0) size 137x19
              text run at (0,0) width 137: ":checked pseudo-class"
          RenderText {#text} at (137,0) size 38x19
            text run at (137,0) width 38: " (#25)"
        RenderListItem {LI} at (40,560) size 729x20
          RenderListMarker at (-18,0) size 7x19: bullet
          RenderInline {A} at (0,0) size 111x19 [color=#0000EE]
            RenderText {#text} at (0,0) size 111x19
              text run at (0,0) width 111: ":root pseudo-class"
          RenderText {#text} at (111,0) size 38x19
            text run at (111,0) width 38: " (#27)"
        RenderListItem {LI} at (40,580) size 729x20
          RenderListMarker at (-18,0) size 7x19: bullet
          RenderInline {A} at (0,0) size 148x19 [color=#0000EE]
            RenderText {#text} at (0,0) size 148x19
              text run at (0,0) width 148: ":nth-child() pseudo-class"
          RenderText {#text} at (148,0) size 38x19
            text run at (148,0) width 38: " (#28)"
        RenderListItem {LI} at (40,600) size 729x20
          RenderListMarker at (-18,0) size 7x19: bullet
          RenderInline {A} at (0,0) size 148x19 [color=#0000EE]
            RenderText {#text} at (0,0) size 148x19
              text run at (0,0) width 148: ":nth-child() pseudo-class"
          RenderText {#text} at (148,0) size 46x19
            text run at (148,0) width 46: " (#28b)"
        RenderListItem {LI} at (40,620) size 729x20
          RenderListMarker at (-18,0) size 7x19: bullet
          RenderInline {A} at (0,0) size 174x19 [color=#0000EE]
            RenderText {#text} at (0,0) size 174x19
              text run at (0,0) width 174: ":nth-last-child() pseudo-class"
          RenderText {#text} at (174,0) size 38x19
            text run at (174,0) width 38: " (#29)"
        RenderListItem {LI} at (40,640) size 729x20
          RenderListMarker at (-18,0) size 7x19: bullet
          RenderInline {A} at (0,0) size 174x19 [color=#0000EE]
            RenderText {#text} at (0,0) size 174x19
              text run at (0,0) width 174: ":nth-last-child() pseudo-class"
          RenderText {#text} at (174,0) size 46x19
            text run at (174,0) width 46: " (#29b)"
        RenderListItem {LI} at (40,660) size 729x20
          RenderListMarker at (-18,0) size 7x19: bullet
          RenderInline {A} at (0,0) size 164x19 [color=#0000EE]
            RenderText {#text} at (0,0) size 164x19
              text run at (0,0) width 164: ":nth-of-type() pseudo-class"
          RenderText {#text} at (164,0) size 38x19
            text run at (164,0) width 38: " (#30)"
        RenderListItem {LI} at (40,680) size 729x20
          RenderListMarker at (-18,0) size 7x19: bullet
          RenderInline {A} at (0,0) size 190x19 [color=#0000EE]
            RenderText {#text} at (0,0) size 190x19
              text run at (0,0) width 190: ":nth-last-of-type() pseudo-class"
          RenderText {#text} at (190,0) size 38x19
            text run at (190,0) width 38: " (#31)"
        RenderListItem {LI} at (40,700) size 729x20
          RenderListMarker at (-18,0) size 7x19: bullet
          RenderInline {A} at (0,0) size 142x19 [color=#0000EE]
            RenderText {#text} at (0,0) size 142x19
              text run at (0,0) width 142: ":first-child pseudo-class"
          RenderText {#text} at (142,0) size 38x19
            text run at (142,0) width 38: " (#32)"
        RenderListItem {LI} at (40,720) size 729x20
          RenderListMarker at (-18,0) size 7x19: bullet
          RenderInline {A} at (0,0) size 140x19 [color=#0000EE]
            RenderText {#text} at (0,0) size 140x19
              text run at (0,0) width 140: ":last-child pseudo-class"
          RenderText {#text} at (140,0) size 38x19
            text run at (140,0) width 38: " (#33)"
        RenderListItem {LI} at (40,740) size 729x20
          RenderListMarker at (-18,0) size 7x19: bullet
          RenderInline {A} at (0,0) size 158x19 [color=#0000EE]
            RenderText {#text} at (0,0) size 158x19
              text run at (0,0) width 158: ":first-of-type pseudo-class"
          RenderText {#text} at (158,0) size 38x19
            text run at (158,0) width 38: " (#34)"
        RenderListItem {LI} at (40,760) size 729x20
          RenderListMarker at (-18,0) size 7x19: bullet
          RenderInline {A} at (0,0) size 156x19 [color=#0000EE]
            RenderText {#text} at (0,0) size 156x19
              text run at (0,0) width 156: ":last-of-type pseudo-class"
          RenderText {#text} at (156,0) size 38x19
            text run at (156,0) width 38: " (#35)"
        RenderListItem {LI} at (40,780) size 729x20
          RenderListMarker at (-18,0) size 7x19: bullet
          RenderInline {A} at (0,0) size 145x19 [color=#0000EE]
            RenderText {#text} at (0,0) size 145x19
              text run at (0,0) width 145: ":only-child pseudo-class"
          RenderText {#text} at (145,0) size 38x19
            text run at (145,0) width 38: " (#36)"
        RenderListItem {LI} at (40,800) size 729x20
          RenderListMarker at (-18,0) size 7x19: bullet
          RenderInline {A} at (0,0) size 161x19 [color=#0000EE]
            RenderText {#text} at (0,0) size 161x19
              text run at (0,0) width 161: ":only-of-type pseudo-class"
          RenderText {#text} at (161,0) size 38x19
            text run at (161,0) width 38: " (#37)"
        RenderListItem {LI} at (40,820) size 729x20
          RenderListMarker at (-18,0) size 7x19: bullet
          RenderInline {A} at (0,0) size 154x19 [color=#0000EE]
            RenderText {#text} at (0,0) size 154x19
              text run at (0,0) width 154: "::first-line pseudo-element"
          RenderText {#text} at (154,0) size 38x19
            text run at (154,0) width 38: " (#38)"
        RenderListItem {LI} at (40,840) size 729x20
          RenderListMarker at (-18,0) size 7x19: bullet
          RenderInline {A} at (0,0) size 164x19 [color=#0000EE]
            RenderText {#text} at (0,0) size 164x19
              text run at (0,0) width 164: "::first-letter pseudo-element"
          RenderText {#text} at (164,0) size 38x19
            text run at (164,0) width 38: " (#39)"
        RenderListItem {LI} at (40,860) size 729x20
          RenderListMarker at (-18,0) size 7x19: bullet
          RenderInline {A} at (0,0) size 342x19 [color=#0000EE]
            RenderText {#text} at (0,0) size 342x19
              text run at (0,0) width 342: "::first-letter pseudo-element with ::before pseudo-element"
          RenderText {#text} at (342,0) size 45x19
            text run at (342,0) width 45: " (#39a)"
        RenderListItem {LI} at (40,880) size 729x20
          RenderListMarker at (-18,0) size 7x19: bullet
          RenderInline {A} at (0,0) size 342x19 [color=#0000EE]
            RenderText {#text} at (0,0) size 342x19
              text run at (0,0) width 342: "::first-letter pseudo-element with ::before pseudo-element"
          RenderText {#text} at (342,0) size 45x19
            text run at (342,0) width 45: " (#39a)"
        RenderListItem {LI} at (40,900) size 729x20
          RenderListMarker at (-18,0) size 7x19: bullet
          RenderInline {A} at (0,0) size 164x19 [color=#0000EE]
            RenderText {#text} at (0,0) size 164x19
              text run at (0,0) width 164: "::first-letter pseudo-element"
          RenderText {#text} at (164,0) size 46x19
            text run at (164,0) width 46: " (#39b)"
        RenderListItem {LI} at (40,920) size 729x20
          RenderListMarker at (-18,0) size 7x19: bullet
          RenderInline {A} at (0,0) size 158x19 [color=#0000EE]
            RenderText {#text} at (0,0) size 158x19
              text run at (0,0) width 158: "::selection pseudo-element"
          RenderText {#text} at (158,0) size 38x19
            text run at (158,0) width 38: " (#40)"
        RenderListItem {LI} at (40,940) size 729x20
          RenderListMarker at (-18,0) size 7x19: bullet
          RenderInline {A} at (0,0) size 145x19 [color=#0000EE]
            RenderText {#text} at (0,0) size 145x19
              text run at (0,0) width 145: "::before pseudo-element"
          RenderText {#text} at (145,0) size 38x19
            text run at (145,0) width 38: " (#41)"
        RenderListItem {LI} at (40,960) size 729x20
          RenderListMarker at (-18,0) size 7x19: bullet
          RenderInline {A} at (0,0) size 133x19 [color=#0000EE]
            RenderText {#text} at (0,0) size 133x19
              text run at (0,0) width 133: "::after pseudo-element"
          RenderText {#text} at (133,0) size 38x19
            text run at (133,0) width 38: " (#42)"
        RenderListItem {LI} at (40,980) size 729x20
          RenderListMarker at (-18,0) size 7x19: bullet
          RenderInline {A} at (0,0) size 143x19 [color=#0000EE]
            RenderText {#text} at (0,0) size 143x19
              text run at (0,0) width 143: "Descendant combinator"
          RenderText {#text} at (143,0) size 38x19
            text run at (143,0) width 38: " (#43)"
        RenderListItem {LI} at (40,1000) size 729x20
          RenderListMarker at (-18,0) size 7x19: bullet
          RenderInline {A} at (0,0) size 143x19 [color=#0000EE]
            RenderText {#text} at (0,0) size 143x19
              text run at (0,0) width 143: "Descendant combinator"
          RenderText {#text} at (143,0) size 46x19
            text run at (143,0) width 46: " (#43b)"
        RenderListItem {LI} at (40,1020) size 729x20
          RenderListMarker at (-18,0) size 7x19: bullet
          RenderInline {A} at (0,0) size 104x19 [color=#0000EE]
            RenderText {#text} at (0,0) size 104x19
              text run at (0,0) width 104: "Child combinator"
          RenderText {#text} at (104,0) size 38x19
            text run at (104,0) width 38: " (#44)"
        RenderListItem {LI} at (40,1040) size 729x20
          RenderListMarker at (-18,0) size 7x19: bullet
          RenderInline {A} at (0,0) size 104x19 [color=#0000EE]
            RenderText {#text} at (0,0) size 104x19
              text run at (0,0) width 104: "Child combinator"
          RenderText {#text} at (104,0) size 46x19
            text run at (104,0) width 46: " (#44b)"
        RenderListItem {LI} at (40,1060) size 729x20
          RenderListMarker at (-18,0) size 7x19: bullet
          RenderInline {A} at (0,0) size 176x19 [color=#0000EE]
            RenderText {#text} at (0,0) size 176x19
              text run at (0,0) width 176: "Child combinator and classes"
          RenderText {#text} at (176,0) size 45x19
            text run at (176,0) width 45: " (#44c)"
        RenderListItem {LI} at (40,1080) size 729x20
          RenderListMarker at (-18,0) size 7x19: bullet
          RenderInline {A} at (0,0) size 159x19 [color=#0000EE]
            RenderText {#text} at (0,0) size 159x19
              text run at (0,0) width 159: "Child combinatior and IDs"
          RenderText {#text} at (159,0) size 46x19
            text run at (159,0) width 46: " (#44d)"
        RenderListItem {LI} at (40,1100) size 729x20
          RenderListMarker at (-18,0) size 7x19: bullet
          RenderInline {A} at (0,0) size 164x19 [color=#0000EE]
            RenderText {#text} at (0,0) size 164x19
              text run at (0,0) width 164: "Direct adjacent combinator"
          RenderText {#text} at (164,0) size 38x19
            text run at (164,0) width 38: " (#45)"
        RenderListItem {LI} at (40,1120) size 729x20
          RenderListMarker at (-18,0) size 7x19: bullet
          RenderInline {A} at (0,0) size 164x19 [color=#0000EE]
            RenderText {#text} at (0,0) size 164x19
              text run at (0,0) width 164: "Direct adjacent combinator"
          RenderText {#text} at (164,0) size 46x19
            text run at (164,0) width 46: " (#45b)"
        RenderListItem {LI} at (40,1140) size 729x20
          RenderListMarker at (-18,0) size 7x19: bullet
          RenderInline {A} at (0,0) size 236x19 [color=#0000EE]
            RenderText {#text} at (0,0) size 236x19
              text run at (0,0) width 236: "Direct adjacent combinator and classes"
          RenderText {#text} at (236,0) size 45x19
            text run at (236,0) width 45: " (#45c)"
        RenderListItem {LI} at (40,1160) size 729x20
          RenderListMarker at (-18,0) size 7x19: bullet
          RenderInline {A} at (0,0) size 173x19 [color=#0000EE]
            RenderText {#text} at (0,0) size 173x19
              text run at (0,0) width 173: "Indirect adjacent combinator"
          RenderText {#text} at (173,0) size 38x19
            text run at (173,0) width 38: " (#46)"
        RenderListItem {LI} at (40,1180) size 729x20
          RenderListMarker at (-18,0) size 7x19: bullet
          RenderInline {A} at (0,0) size 173x19 [color=#0000EE]
            RenderText {#text} at (0,0) size 173x19
              text run at (0,0) width 173: "Indirect adjacent combinator"
          RenderText {#text} at (173,0) size 46x19
            text run at (173,0) width 46: " (#46b)"
        RenderListItem {LI} at (40,1200) size 729x20
          RenderListMarker at (-18,0) size 7x19: bullet
          RenderInline {A} at (0,0) size 369x19 [color=#0000EE]
            RenderText {#text} at (0,0) size 369x19
              text run at (0,0) width 369: "NEGATED substring matching attribute selector on beginning"
          RenderText {#text} at (369,0) size 38x19
            text run at (369,0) width 38: " (#54)"
        RenderListItem {LI} at (40,1220) size 729x20
          RenderListMarker at (-18,0) size 7x19: bullet
          RenderInline {A} at (0,0) size 335x19 [color=#0000EE]
            RenderText {#text} at (0,0) size 335x19
              text run at (0,0) width 335: "NEGATED substring matching attribute selector on end"
          RenderText {#text} at (335,0) size 38x19
            text run at (335,0) width 38: " (#55)"
        RenderListItem {LI} at (40,1240) size 729x20
          RenderListMarker at (-18,0) size 7x19: bullet
          RenderInline {A} at (0,0) size 353x19 [color=#0000EE]
            RenderText {#text} at (0,0) size 353x19
              text run at (0,0) width 353: "NEGATED substring matching attribute selector on middle"
          RenderText {#text} at (353,0) size 38x19
            text run at (353,0) width 38: " (#56)"
        RenderListItem {LI} at (40,1260) size 729x20
          RenderListMarker at (-18,0) size 7x19: bullet
          RenderInline {A} at (0,0) size 294x19 [color=#0000EE]
            RenderText {#text} at (0,0) size 294x19
              text run at (0,0) width 294: "Default attribute value and negation pseudo-class"
          RenderText {#text} at (294,0) size 38x19
            text run at (294,0) width 38: " (#58)"
        RenderListItem {LI} at (40,1280) size 729x20
          RenderListMarker at (-18,0) size 7x19: bullet
          RenderInline {A} at (0,0) size 156x19 [color=#0000EE]
            RenderText {#text} at (0,0) size 156x19
              text run at (0,0) width 156: "NEGATED class selector"
          RenderText {#text} at (156,0) size 38x19
            text run at (156,0) width 38: " (#59)"
        RenderListItem {LI} at (40,1300) size 729x20
          RenderListMarker at (-18,0) size 7x19: bullet
          RenderInline {A} at (0,0) size 143x19 [color=#0000EE]
            RenderText {#text} at (0,0) size 143x19
              text run at (0,0) width 143: "NEGATED ID selector"
          RenderText {#text} at (143,0) size 38x19
            text run at (143,0) width 38: " (#60)"
        RenderListItem {LI} at (40,1320) size 729x20
          RenderListMarker at (-18,0) size 7x19: bullet
          RenderInline {A} at (0,0) size 183x19 [color=#0000EE]
            RenderText {#text} at (0,0) size 183x19
              text run at (0,0) width 183: "NEGATED :link pseudo-class"
          RenderText {#text} at (183,0) size 38x19
            text run at (183,0) width 38: " (#61)"
        RenderListItem {LI} at (40,1340) size 729x20
          RenderListMarker at (-18,0) size 7x19: bullet
          RenderInline {A} at (0,0) size 200x19 [color=#0000EE]
            RenderText {#text} at (0,0) size 200x19
              text run at (0,0) width 200: "NEGATED :visited pseudo-class"
          RenderText {#text} at (200,0) size 38x19
            text run at (200,0) width 38: " (#62)"
        RenderListItem {LI} at (40,1360) size 729x20
          RenderListMarker at (-18,0) size 7x19: bullet
          RenderInline {A} at (0,0) size 196x19 [color=#0000EE]
            RenderText {#text} at (0,0) size 196x19
              text run at (0,0) width 196: "NEGATED :hover pseudo-class"
          RenderText {#text} at (196,0) size 38x19
            text run at (196,0) width 38: " (#63)"
        RenderListItem {LI} at (40,1380) size 729x20
          RenderListMarker at (-18,0) size 7x19: bullet
          RenderInline {A} at (0,0) size 197x19 [color=#0000EE]
            RenderText {#text} at (0,0) size 197x19
              text run at (0,0) width 197: "NEGATED :active pseudo-class"
          RenderText {#text} at (197,0) size 38x19
            text run at (197,0) width 38: " (#64)"
        RenderListItem {LI} at (40,1400) size 729x20
          RenderListMarker at (-18,0) size 7x19: bullet
          RenderInline {A} at (0,0) size 194x19 [color=#0000EE]
            RenderText {#text} at (0,0) size 194x19
              text run at (0,0) width 194: "NEGATED :focus pseudo-class"
          RenderText {#text} at (194,0) size 38x19
            text run at (194,0) width 38: " (#65)"
        RenderListItem {LI} at (40,1420) size 729x20
          RenderListMarker at (-18,0) size 7x19: bullet
          RenderInline {A} at (0,0) size 196x19 [color=#0000EE]
            RenderText {#text} at (0,0) size 196x19
              text run at (0,0) width 196: "NEGATED :target pseudo-class"
          RenderText {#text} at (196,0) size 38x19
            text run at (196,0) width 38: " (#66)"
        RenderListItem {LI} at (40,1440) size 729x20
          RenderListMarker at (-18,0) size 7x19: bullet
          RenderInline {A} at (0,0) size 196x19 [color=#0000EE]
            RenderText {#text} at (0,0) size 196x19
              text run at (0,0) width 196: "NEGATED :target pseudo-class"
          RenderText {#text} at (196,0) size 46x19
            text run at (196,0) width 46: " (#66b)"
        RenderListItem {LI} at (40,1460) size 729x20
          RenderListMarker at (-18,0) size 7x19: bullet
          RenderInline {A} at (0,0) size 196x19 [color=#0000EE]
            RenderText {#text} at (0,0) size 196x19
              text run at (0,0) width 196: "NEGATED :lang() pseudo-class"
          RenderText {#text} at (196,0) size 38x19
            text run at (196,0) width 38: " (#67)"
        RenderListItem {LI} at (40,1480) size 729x20
          RenderListMarker at (-18,0) size 7x19: bullet
          RenderInline {A} at (0,0) size 213x19 [color=#0000EE]
            RenderText {#text} at (0,0) size 213x19
              text run at (0,0) width 213: "NEGATED :checked pseudo-class"
          RenderText {#text} at (213,0) size 38x19
            text run at (213,0) width 38: " (#70)"
        RenderListItem {LI} at (40,1500) size 729x20
          RenderListMarker at (-18,0) size 7x19: bullet
          RenderInline {A} at (0,0) size 187x19 [color=#0000EE]
            RenderText {#text} at (0,0) size 187x19
              text run at (0,0) width 187: "NEGATED :root pseudo-class"
          RenderText {#text} at (187,0) size 38x19
            text run at (187,0) width 38: " (#72)"
        RenderListItem {LI} at (40,1520) size 729x20
          RenderListMarker at (-18,0) size 7x19: bullet
          RenderInline {A} at (0,0) size 187x19 [color=#0000EE]
            RenderText {#text} at (0,0) size 187x19
              text run at (0,0) width 187: "NEGATED :root pseudo-class"
          RenderText {#text} at (187,0) size 46x19
            text run at (187,0) width 46: " (#72b)"
        RenderListItem {LI} at (40,1540) size 729x20
          RenderListMarker at (-18,0) size 7x19: bullet
          RenderInline {A} at (0,0) size 224x19 [color=#0000EE]
            RenderText {#text} at (0,0) size 224x19
              text run at (0,0) width 224: "NEGATED :nth-child() pseudo-class"
          RenderText {#text} at (224,0) size 38x19
            text run at (224,0) width 38: " (#73)"
        RenderListItem {LI} at (40,1560) size 729x20
          RenderListMarker at (-18,0) size 7x19: bullet
          RenderInline {A} at (0,0) size 224x19 [color=#0000EE]
            RenderText {#text} at (0,0) size 224x19
              text run at (0,0) width 224: "NEGATED :nth-child() pseudo-class"
          RenderText {#text} at (224,0) size 46x19
            text run at (224,0) width 46: " (#73b)"
        RenderListItem {LI} at (40,1580) size 729x20
          RenderListMarker at (-18,0) size 7x19: bullet
          RenderInline {A} at (0,0) size 250x19 [color=#0000EE]
            RenderText {#text} at (0,0) size 250x19
              text run at (0,0) width 250: "NEGATED :nth-last-child() pseudo-class"
          RenderText {#text} at (250,0) size 38x19
            text run at (250,0) width 38: " (#74)"
        RenderListItem {LI} at (40,1600) size 729x20
          RenderListMarker at (-18,0) size 7x19: bullet
          RenderInline {A} at (0,0) size 250x19 [color=#0000EE]
            RenderText {#text} at (0,0) size 250x19
              text run at (0,0) width 250: "NEGATED :nth-last-child() pseudo-class"
          RenderText {#text} at (250,0) size 46x19
            text run at (250,0) width 46: " (#74b)"
        RenderListItem {LI} at (40,1620) size 729x20
          RenderListMarker at (-18,0) size 7x19: bullet
          RenderInline {A} at (0,0) size 240x19 [color=#0000EE]
            RenderText {#text} at (0,0) size 240x19
              text run at (0,0) width 240: "NEGATED :nth-of-type() pseudo-class"
          RenderText {#text} at (240,0) size 38x19
            text run at (240,0) width 38: " (#75)"
        RenderListItem {LI} at (40,1640) size 729x20
          RenderListMarker at (-18,0) size 7x19: bullet
          RenderInline {A} at (0,0) size 240x19 [color=#0000EE]
            RenderText {#text} at (0,0) size 240x19
              text run at (0,0) width 240: "NEGATED :nth-of-type() pseudo-class"
          RenderText {#text} at (240,0) size 46x19
            text run at (240,0) width 46: " (#75b)"
        RenderListItem {LI} at (40,1660) size 729x20
          RenderListMarker at (-18,0) size 7x19: bullet
          RenderInline {A} at (0,0) size 266x19 [color=#0000EE]
            RenderText {#text} at (0,0) size 266x19
              text run at (0,0) width 266: "NEGATED :nth-last-of-type() pseudo-class"
          RenderText {#text} at (266,0) size 38x19
            text run at (266,0) width 38: " (#76)"
        RenderListItem {LI} at (40,1680) size 729x20
          RenderListMarker at (-18,0) size 7x19: bullet
          RenderInline {A} at (0,0) size 266x19 [color=#0000EE]
            RenderText {#text} at (0,0) size 266x19
              text run at (0,0) width 266: "NEGATED :nth-last-of-type() pseudo-class"
          RenderText {#text} at (266,0) size 46x19
            text run at (266,0) width 46: " (#76b)"
        RenderListItem {LI} at (40,1700) size 729x20
          RenderListMarker at (-18,0) size 7x19: bullet
          RenderInline {A} at (0,0) size 218x19 [color=#0000EE]
            RenderText {#text} at (0,0) size 218x19
              text run at (0,0) width 218: "NEGATED :first-child pseudo-class"
          RenderText {#text} at (218,0) size 38x19
            text run at (218,0) width 38: " (#77)"
        RenderListItem {LI} at (40,1720) size 729x20
          RenderListMarker at (-18,0) size 7x19: bullet
          RenderInline {A} at (0,0) size 218x19 [color=#0000EE]
            RenderText {#text} at (0,0) size 218x19
              text run at (0,0) width 218: "NEGATED :first-child pseudo-class"
          RenderText {#text} at (218,0) size 46x19
            text run at (218,0) width 46: " (#77b)"
        RenderListItem {LI} at (40,1740) size 729x20
          RenderListMarker at (-18,0) size 7x19: bullet
          RenderInline {A} at (0,0) size 216x19 [color=#0000EE]
            RenderText {#text} at (0,0) size 216x19
              text run at (0,0) width 216: "NEGATED :last-child pseudo-class"
          RenderText {#text} at (216,0) size 38x19
            text run at (216,0) width 38: " (#78)"
        RenderListItem {LI} at (40,1760) size 729x20
          RenderListMarker at (-18,0) size 7x19: bullet
          RenderInline {A} at (0,0) size 216x19 [color=#0000EE]
            RenderText {#text} at (0,0) size 216x19
              text run at (0,0) width 216: "NEGATED :last-child pseudo-class"
          RenderText {#text} at (216,0) size 46x19
            text run at (216,0) width 46: " (#78b)"
        RenderListItem {LI} at (40,1780) size 729x20
          RenderListMarker at (-18,0) size 7x19: bullet
          RenderInline {A} at (0,0) size 234x19 [color=#0000EE]
            RenderText {#text} at (0,0) size 234x19
              text run at (0,0) width 234: "NEGATED :first-of-type pseudo-class"
          RenderText {#text} at (234,0) size 38x19
            text run at (234,0) width 38: " (#79)"
        RenderListItem {LI} at (40,1800) size 729x20
          RenderListMarker at (-18,0) size 7x19: bullet
          RenderInline {A} at (0,0) size 232x19 [color=#0000EE]
            RenderText {#text} at (0,0) size 232x19
              text run at (0,0) width 232: "NEGATED :last-of-type pseudo-class"
          RenderText {#text} at (232,0) size 38x19
            text run at (232,0) width 38: " (#80)"
        RenderListItem {LI} at (40,1820) size 729x20
          RenderListMarker at (-18,0) size 7x19: bullet
          RenderInline {A} at (0,0) size 221x19 [color=#0000EE]
            RenderText {#text} at (0,0) size 221x19
              text run at (0,0) width 221: "NEGATED :only-child pseudo-class"
          RenderText {#text} at (221,0) size 38x19
            text run at (221,0) width 38: " (#81)"
        RenderListItem {LI} at (40,1840) size 729x20
          RenderListMarker at (-18,0) size 7x19: bullet
          RenderInline {A} at (0,0) size 221x19 [color=#0000EE]
            RenderText {#text} at (0,0) size 221x19
              text run at (0,0) width 221: "NEGATED :only-child pseudo-class"
          RenderText {#text} at (221,0) size 46x19
            text run at (221,0) width 46: " (#81b)"
        RenderListItem {LI} at (40,1860) size 729x20
          RenderListMarker at (-18,0) size 7x19: bullet
          RenderInline {A} at (0,0) size 237x19 [color=#0000EE]
            RenderText {#text} at (0,0) size 237x19
              text run at (0,0) width 237: "NEGATED :only-of-type pseudo-class"
          RenderText {#text} at (237,0) size 38x19
            text run at (237,0) width 38: " (#82)"
        RenderListItem {LI} at (40,1880) size 729x20
          RenderListMarker at (-18,0) size 7x19: bullet
          RenderInline {A} at (0,0) size 237x19 [color=#0000EE]
            RenderText {#text} at (0,0) size 237x19
              text run at (0,0) width 237: "NEGATED :only-of-type pseudo-class"
          RenderText {#text} at (237,0) size 46x19
            text run at (237,0) width 46: " (#82b)"
        RenderListItem {LI} at (40,1900) size 729x20
          RenderListMarker at (-18,0) size 7x19: bullet
          RenderInline {A} at (0,0) size 325x19 [color=#0000EE]
            RenderText {#text} at (0,0) size 325x19
              text run at (0,0) width 325: "Negation pseudo-class cannot be an argument of itself"
          RenderText {#text} at (325,0) size 38x19
            text run at (325,0) width 38: " (#83)"
        RenderListItem {LI} at (40,1920) size 729x20
          RenderListMarker at (-18,0) size 7x19: bullet
          RenderInline {A} at (0,0) size 145x19 [color=#0000EE]
            RenderText {#text} at (0,0) size 145x19
              text run at (0,0) width 145: ":contains() pseudo-class"
          RenderText {#text} at (145,0) size 38x19
            text run at (145,0) width 38: " (#84)"
        RenderListItem {LI} at (40,1940) size 729x20
          RenderListMarker at (-18,0) size 7x19: bullet
          RenderInline {A} at (0,0) size 145x19 [color=#0000EE]
            RenderText {#text} at (0,0) size 145x19
              text run at (0,0) width 145: ":contains() pseudo-class"
          RenderText {#text} at (145,0) size 46x19
            text run at (145,0) width 46: " (#84b)"
        RenderListItem {LI} at (40,1960) size 729x20
          RenderListMarker at (-18,0) size 7x19: bullet
          RenderInline {A} at (0,0) size 221x19 [color=#0000EE]
            RenderText {#text} at (0,0) size 221x19
              text run at (0,0) width 221: "NEGATED :contains() pseudo-class"
          RenderText {#text} at (221,0) size 38x19
            text run at (221,0) width 38: " (#85)"
        RenderListItem {LI} at (40,1980) size 729x20
          RenderListMarker at (-18,0) size 7x19: bullet
          RenderInline {A} at (0,0) size 420x19 [color=#0000EE]
            RenderText {#text} at (0,0) size 420x19
              text run at (0,0) width 420: "Nondeterministic matching of direct and indirect adjacent combinators"
          RenderText {#text} at (420,0) size 38x19
            text run at (420,0) width 38: " (#87)"
        RenderListItem {LI} at (40,2000) size 729x20
          RenderListMarker at (-18,0) size 7x19: bullet
          RenderInline {A} at (0,0) size 420x19 [color=#0000EE]
            RenderText {#text} at (0,0) size 420x19
              text run at (0,0) width 420: "Nondeterministic matching of direct and indirect adjacent combinators"
          RenderText {#text} at (420,0) size 46x19
            text run at (420,0) width 46: " (#87b)"
        RenderListItem {LI} at (40,2020) size 729x20
          RenderListMarker at (-18,0) size 7x19: bullet
          RenderInline {A} at (0,0) size 444x19 [color=#0000EE]
            RenderText {#text} at (0,0) size 444x19
              text run at (0,0) width 444: "Nondeterministic matching of descendant and direct adjacent combinators"
          RenderText {#text} at (444,0) size 38x19
            text run at (444,0) width 38: " (#88)"
        RenderListItem {LI} at (40,2040) size 729x20
          RenderListMarker at (-18,0) size 7x19: bullet
          RenderInline {A} at (0,0) size 444x19 [color=#0000EE]
            RenderText {#text} at (0,0) size 444x19
              text run at (0,0) width 444: "Nondeterministic matching of descendant and direct adjacent combinators"
          RenderText {#text} at (444,0) size 46x19
            text run at (444,0) width 46: " (#88b)"
        RenderListItem {LI} at (40,2060) size 729x20
          RenderListMarker at (-18,0) size 7x19: bullet
          RenderInline {A} at (0,0) size 342x19 [color=#0000EE]
            RenderText {#text} at (0,0) size 342x19
              text run at (0,0) width 342: "Simple combination of descendant and child combinators"
          RenderText {#text} at (342,0) size 38x19
            text run at (342,0) width 38: " (#89)"
        RenderListItem {LI} at (40,2080) size 729x20
          RenderListMarker at (-18,0) size 7x19: bullet
          RenderInline {A} at (0,0) size 379x19 [color=#0000EE]
            RenderText {#text} at (0,0) size 379x19
              text run at (0,0) width 379: "Simple combination of direct and indirect adjacent combinators"
          RenderText {#text} at (379,0) size 38x19
            text run at (379,0) width 38: " (#90)"
        RenderListItem {LI} at (40,2100) size 729x20
          RenderListMarker at (-18,0) size 7x19: bullet
          RenderInline {A} at (0,0) size 379x19 [color=#0000EE]
            RenderText {#text} at (0,0) size 379x19
              text run at (0,0) width 379: "Simple combination of direct and indirect adjacent combinators"
          RenderText {#text} at (379,0) size 46x19
            text run at (379,0) width 46: " (#90b)"
        RenderListItem {LI} at (40,2120) size 729x20
          RenderListMarker at (-18,0) size 7x19: bullet
          RenderInline {A} at (0,0) size 275x19 [color=#0000EE]
            RenderText {#text} at (0,0) size 275x19
              text run at (0,0) width 275: "NEGATED :enabled:disabled pseudo-classes"
          RenderText {#text} at (275,0) size 46x19
            text run at (275,0) width 46: " (#144)"
        RenderListItem {LI} at (40,2140) size 729x20
          RenderListMarker at (-18,0) size 7x19: bullet
          RenderInline {A} at (0,0) size 175x19 [color=#0000EE]
            RenderText {#text} at (0,0) size 175x19
              text run at (0,0) width 175: ":empty pseudo-class and text"
          RenderText {#text} at (175,0) size 46x19
            text run at (175,0) width 46: " (#148)"
        RenderListItem {LI} at (40,2160) size 729x20
          RenderListMarker at (-18,0) size 7x19: bullet
          RenderInline {A} at (0,0) size 246x19 [color=#0000EE]
            RenderText {#text} at (0,0) size 246x19
              text run at (0,0) width 246: ":empty pseudo-class and empty elements"
          RenderText {#text} at (246,0) size 46x19
            text run at (246,0) width 46: " (#149)"
        RenderListItem {LI} at (40,2180) size 729x20
          RenderListMarker at (-18,0) size 7x19: bullet
          RenderInline {A} at (0,0) size 246x19 [color=#0000EE]
            RenderText {#text} at (0,0) size 246x19
              text run at (0,0) width 246: ":empty pseudo-class and empty elements"
          RenderText {#text} at (246,0) size 54x19
            text run at (246,0) width 54: " (#149b)"
        RenderListItem {LI} at (40,2200) size 729x20
          RenderListMarker at (-18,0) size 7x19: bullet
          RenderInline {A} at (0,0) size 220x19 [color=#0000EE]
            RenderText {#text} at (0,0) size 220x19
              text run at (0,0) width 220: ":empty pseudo-class and whitespace"
          RenderText {#text} at (220,0) size 46x19
            text run at (220,0) width 46: " (#151)"
        RenderListItem {LI} at (40,2220) size 729x20
          RenderListMarker at (-18,0) size 7x19: bullet
          RenderInline {A} at (0,0) size 205x19 [color=#0000EE]
            RenderText {#text} at (0,0) size 205x19
              text run at (0,0) width 205: ":empty pseudo-class and elements"
          RenderText {#text} at (205,0) size 46x19
            text run at (205,0) width 46: " (#152)"
        RenderListItem {LI} at (40,2240) size 729x20
          RenderListMarker at (-18,0) size 7x19: bullet
          RenderInline {A} at (0,0) size 114x19 [color=#0000EE]
            RenderText {#text} at (0,0) size 114x19
              text run at (0,0) width 114: "Syntax and parsing"
          RenderText {#text} at (114,0) size 46x19
            text run at (114,0) width 46: " (#154)"
        RenderListItem {LI} at (40,2260) size 729x20
          RenderListMarker at (-18,0) size 7x19: bullet
          RenderInline {A} at (0,0) size 114x19 [color=#0000EE]
            RenderText {#text} at (0,0) size 114x19
              text run at (0,0) width 114: "Syntax and parsing"
          RenderText {#text} at (114,0) size 46x19
            text run at (114,0) width 46: " (#155)"
        RenderListItem {LI} at (40,2280) size 729x20
          RenderListMarker at (-18,0) size 7x19: bullet
          RenderInline {A} at (0,0) size 114x19 [color=#0000EE]
            RenderText {#text} at (0,0) size 114x19
              text run at (0,0) width 114: "Syntax and parsing"
          RenderText {#text} at (114,0) size 53x19
            text run at (114,0) width 53: " (#155a)"
        RenderListItem {LI} at (40,2300) size 729x20
          RenderListMarker at (-18,0) size 7x19: bullet
          RenderInline {A} at (0,0) size 114x19 [color=#0000EE]
            RenderText {#text} at (0,0) size 114x19
              text run at (0,0) width 114: "Syntax and parsing"
          RenderText {#text} at (114,0) size 54x19
            text run at (114,0) width 54: " (#155b)"
        RenderListItem {LI} at (40,2320) size 729x20
          RenderListMarker at (-18,0) size 7x19: bullet
          RenderInline {A} at (0,0) size 114x19 [color=#0000EE]
            RenderText {#text} at (0,0) size 114x19
              text run at (0,0) width 114: "Syntax and parsing"
          RenderText {#text} at (114,0) size 53x19
            text run at (114,0) width 53: " (#155c)"
        RenderListItem {LI} at (40,2340) size 729x20
          RenderListMarker at (-18,0) size 7x19: bullet
          RenderInline {A} at (0,0) size 114x19 [color=#0000EE]
            RenderText {#text} at (0,0) size 114x19
              text run at (0,0) width 114: "Syntax and parsing"
          RenderText {#text} at (114,0) size 54x19
            text run at (114,0) width 54: " (#155d)"
        RenderListItem {LI} at (40,2360) size 729x20
          RenderListMarker at (-18,0) size 7x19: bullet
          RenderInline {A} at (0,0) size 114x19 [color=#0000EE]
            RenderText {#text} at (0,0) size 114x19
              text run at (0,0) width 114: "Syntax and parsing"
          RenderText {#text} at (114,0) size 46x19
            text run at (114,0) width 46: " (#156)"
        RenderListItem {LI} at (40,2380) size 729x20
          RenderListMarker at (-18,0) size 7x19: bullet
          RenderInline {A} at (0,0) size 114x19 [color=#0000EE]
            RenderText {#text} at (0,0) size 114x19
              text run at (0,0) width 114: "Syntax and parsing"
          RenderText {#text} at (114,0) size 54x19
            text run at (114,0) width 54: " (#156b)"
        RenderListItem {LI} at (40,2400) size 729x20
          RenderListMarker at (-18,0) size 7x19: bullet
          RenderInline {A} at (0,0) size 114x19 [color=#0000EE]
            RenderText {#text} at (0,0) size 114x19
              text run at (0,0) width 114: "Syntax and parsing"
          RenderText {#text} at (114,0) size 53x19
            text run at (114,0) width 53: " (#156c)"
        RenderListItem {LI} at (40,2420) size 729x20
          RenderListMarker at (-18,0) size 7x19: bullet
          RenderInline {A} at (0,0) size 114x19 [color=#0000EE]
            RenderText {#text} at (0,0) size 114x19
              text run at (0,0) width 114: "Syntax and parsing"
          RenderText {#text} at (114,0) size 46x19
            text run at (114,0) width 46: " (#157)"
        RenderListItem {LI} at (40,2440) size 729x20
          RenderListMarker at (-18,0) size 7x19: bullet
          RenderInline {A} at (0,0) size 114x19 [color=#0000EE]
            RenderText {#text} at (0,0) size 114x19
              text run at (0,0) width 114: "Syntax and parsing"
          RenderText {#text} at (114,0) size 46x19
            text run at (114,0) width 46: " (#158)"
        RenderListItem {LI} at (40,2460) size 729x20
          RenderListMarker at (-18,0) size 7x19: bullet
          RenderInline {A} at (0,0) size 265x19 [color=#0000EE]
            RenderText {#text} at (0,0) size 265x19
              text run at (0,0) width 265: "Syntax and parsing of new pseudo-elements"
          RenderText {#text} at (265,0) size 46x19
            text run at (265,0) width 46: " (#159)"
        RenderListItem {LI} at (40,2480) size 729x20
          RenderListMarker at (-18,0) size 7x19: bullet
          RenderInline {A} at (0,0) size 285x19 [color=#0000EE]
            RenderText {#text} at (0,0) size 285x19
              text run at (0,0) width 285: "Syntax and parsing of unknown pseudo-classes"
          RenderText {#text} at (285,0) size 46x19
            text run at (285,0) width 46: " (#160)"
        RenderListItem {LI} at (40,2500) size 729x20
          RenderListMarker at (-18,0) size 7x19: bullet
          RenderInline {A} at (0,0) size 417x19 [color=#0000EE]
            RenderText {#text} at (0,0) size 417x19
              text run at (0,0) width 417: "Syntax and parsing of unknown pseudo-classes and pseudo-elements"
          RenderText {#text} at (417,0) size 46x19
            text run at (417,0) width 46: " (#161)"
        RenderListItem {LI} at (40,2520) size 729x20
          RenderListMarker at (-18,0) size 7x19: bullet
          RenderInline {A} at (0,0) size 127x19 [color=#0000EE]
            RenderText {#text} at (0,0) size 127x19
              text run at (0,0) width 127: "Contextual ::selection"
          RenderText {#text} at (127,0) size 46x19
            text run at (127,0) width 46: " (#162)"
        RenderListItem {LI} at (40,2540) size 729x20
          RenderListMarker at (-18,0) size 7x19: bullet
          RenderInline {A} at (0,0) size 121x19 [color=#0000EE]
            RenderText {#text} at (0,0) size 121x19
              text run at (0,0) width 121: "Contextual :contains"
          RenderText {#text} at (121,0) size 46x19
            text run at (121,0) width 46: " (#163)"
        RenderListItem {LI} at (40,2560) size 729x20
          RenderListMarker at (-18,0) size 7x19: bullet
          RenderInline {A} at (0,0) size 126x19 [color=#0000EE]
            RenderText {#text} at (0,0) size 126x19
              text run at (0,0) width 126: ":focus with ::selection"
          RenderText {#text} at (126,0) size 46x19
            text run at (126,0) width 46: " (#164)"
        RenderListItem {LI} at (40,2580) size 729x20
          RenderListMarker at (-18,0) size 7x19: bullet
          RenderInline {A} at (0,0) size 128x19 [color=#0000EE]
            RenderText {#text} at (0,0) size 128x19
              text run at (0,0) width 128: ":hover with ::selection"
          RenderText {#text} at (128,0) size 46x19
            text run at (128,0) width 46: " (#165)"
        RenderListItem {LI} at (40,2600) size 729x20
          RenderListMarker at (-18,0) size 7x19: bullet
          RenderInline {A} at (0,0) size 158x19 [color=#0000EE]
            RenderText {#text} at (0,0) size 158x19
              text run at (0,0) width 158: ":first-letter with ::first-letter"
          RenderText {#text} at (158,0) size 46x19
            text run at (158,0) width 46: " (#166)"
        RenderListItem {LI} at (40,2620) size 729x20
          RenderListMarker at (-18,0) size 7x19: bullet
          RenderInline {A} at (0,0) size 158x19 [color=#0000EE]
            RenderText {#text} at (0,0) size 158x19
              text run at (0,0) width 158: ":first-letter with ::first-letter"
          RenderText {#text} at (158,0) size 53x19
            text run at (158,0) width 53: " (#166a)"
        RenderListItem {LI} at (40,2640) size 729x20
          RenderListMarker at (-18,0) size 7x19: bullet
          RenderInline {A} at (0,0) size 138x19 [color=#0000EE]
            RenderText {#text} at (0,0) size 138x19
              text run at (0,0) width 138: ":first-line with ::first-line"
          RenderText {#text} at (138,0) size 46x19
            text run at (138,0) width 46: " (#167)"
        RenderListItem {LI} at (40,2660) size 729x20
          RenderListMarker at (-18,0) size 7x19: bullet
          RenderInline {A} at (0,0) size 138x19 [color=#0000EE]
            RenderText {#text} at (0,0) size 138x19
              text run at (0,0) width 138: ":first-line with ::first-line"
          RenderText {#text} at (138,0) size 53x19
            text run at (138,0) width 53: " (#167a)"
        RenderListItem {LI} at (40,2680) size 729x20
          RenderListMarker at (-18,0) size 7x19: bullet
          RenderInline {A} at (0,0) size 120x19 [color=#0000EE]
            RenderText {#text} at (0,0) size 120x19
              text run at (0,0) width 120: ":before with ::before"
          RenderText {#text} at (120,0) size 46x19
            text run at (120,0) width 46: " (#168)"
        RenderListItem {LI} at (40,2700) size 729x20
          RenderListMarker at (-18,0) size 7x19: bullet
          RenderInline {A} at (0,0) size 120x19 [color=#0000EE]
            RenderText {#text} at (0,0) size 120x19
              text run at (0,0) width 120: ":before with ::before"
          RenderText {#text} at (120,0) size 53x19
            text run at (120,0) width 53: " (#168a)"
        RenderListItem {LI} at (40,2720) size 729x20
          RenderListMarker at (-18,0) size 7x19: bullet
          RenderInline {A} at (0,0) size 96x19 [color=#0000EE]
            RenderText {#text} at (0,0) size 96x19
              text run at (0,0) width 96: ":after with ::after"
          RenderText {#text} at (96,0) size 46x19
            text run at (96,0) width 46: " (#169)"
        RenderListItem {LI} at (40,2740) size 729x20
          RenderListMarker at (-18,0) size 7x19: bullet
          RenderInline {A} at (0,0) size 96x19 [color=#0000EE]
            RenderText {#text} at (0,0) size 96x19
              text run at (0,0) width 96: ":after with ::after"
          RenderText {#text} at (96,0) size 53x19
            text run at (96,0) width 53: " (#169a)"
        RenderListItem {LI} at (40,2760) size 729x20
          RenderListMarker at (-18,0) size 7x19: bullet
          RenderInline {A} at (0,0) size 145x19 [color=#0000EE]
            RenderText {#text} at (0,0) size 145x19
              text run at (0,0) width 145: "Long chains of selectors"
          RenderText {#text} at (145,0) size 46x19
            text run at (145,0) width 46: " (#170)"
        RenderListItem {LI} at (40,2780) size 729x20
          RenderListMarker at (-18,0) size 7x19: bullet
          RenderInline {A} at (0,0) size 145x19 [color=#0000EE]
            RenderText {#text} at (0,0) size 145x19
              text run at (0,0) width 145: "Long chains of selectors"
          RenderText {#text} at (145,0) size 53x19
            text run at (145,0) width 53: " (#170a)"
        RenderListItem {LI} at (40,2800) size 729x20
          RenderListMarker at (-18,0) size 7x19: bullet
          RenderInline {A} at (0,0) size 145x19 [color=#0000EE]
            RenderText {#text} at (0,0) size 145x19
              text run at (0,0) width 145: "Long chains of selectors"
          RenderText {#text} at (145,0) size 54x19
            text run at (145,0) width 54: " (#170b)"
        RenderListItem {LI} at (40,2820) size 729x20
          RenderListMarker at (-18,0) size 7x19: bullet
          RenderInline {A} at (0,0) size 145x19 [color=#0000EE]
            RenderText {#text} at (0,0) size 145x19
              text run at (0,0) width 145: "Long chains of selectors"
          RenderText {#text} at (145,0) size 53x19
            text run at (145,0) width 53: " (#170c)"
        RenderListItem {LI} at (40,2840) size 729x20
          RenderListMarker at (-18,0) size 7x19: bullet
          RenderInline {A} at (0,0) size 145x19 [color=#0000EE]
            RenderText {#text} at (0,0) size 145x19
              text run at (0,0) width 145: "Long chains of selectors"
          RenderText {#text} at (145,0) size 54x19
            text run at (145,0) width 54: " (#170d)"
        RenderListItem {LI} at (40,2860) size 729x20
          RenderListMarker at (-18,0) size 7x19: bullet
          RenderInline {A} at (0,0) size 167x19 [color=#0000EE]
            RenderText {#text} at (0,0) size 167x19
              text run at (0,0) width 167: "Parsing: Numbers in classes"
          RenderText {#text} at (167,0) size 53x19
            text run at (167,0) width 53: " (#175a)"
        RenderListItem {LI} at (40,2880) size 729x20
          RenderListMarker at (-18,0) size 7x19: bullet
          RenderInline {A} at (0,0) size 167x19 [color=#0000EE]
            RenderText {#text} at (0,0) size 167x19
              text run at (0,0) width 167: "Parsing: Numbers in classes"
          RenderText {#text} at (167,0) size 54x19
            text run at (167,0) width 54: " (#175b)"
        RenderListItem {LI} at (40,2900) size 729x20
          RenderListMarker at (-18,0) size 7x19: bullet
          RenderInline {A} at (0,0) size 167x19 [color=#0000EE]
            RenderText {#text} at (0,0) size 167x19
              text run at (0,0) width 167: "Parsing: Numbers in classes"
          RenderText {#text} at (167,0) size 53x19
            text run at (167,0) width 53: " (#175c)"
        RenderListItem {LI} at (40,2920) size 729x20
          RenderListMarker at (-18,0) size 7x19: bullet
          RenderInline {A} at (0,0) size 242x19 [color=#0000EE]
            RenderText {#text} at (0,0) size 242x19
              text run at (0,0) width 242: "NEGATED Dynamic handling of :empty"
          RenderText {#text} at (242,0) size 38x19
            text run at (242,0) width 38: " (#d1)"
        RenderListItem {LI} at (40,2940) size 729x20
          RenderListMarker at (-18,0) size 7x19: bullet
          RenderInline {A} at (0,0) size 242x19 [color=#0000EE]
            RenderText {#text} at (0,0) size 242x19
              text run at (0,0) width 242: "NEGATED Dynamic handling of :empty"
          RenderText {#text} at (242,0) size 46x19
            text run at (242,0) width 46: " (#d1b)"
        RenderListItem {LI} at (40,2960) size 729x20
          RenderListMarker at (-18,0) size 7x19: bullet
          RenderInline {A} at (0,0) size 200x19 [color=#0000EE]
            RenderText {#text} at (0,0) size 200x19
              text run at (0,0) width 200: "Dynamic handling of combinators"
          RenderText {#text} at (200,0) size 38x19
            text run at (200,0) width 38: " (#d2)"
        RenderListItem {LI} at (40,2980) size 729x20
          RenderListMarker at (-18,0) size 7x19: bullet
          RenderInline {A} at (0,0) size 274x19 [color=#0000EE]
            RenderText {#text} at (0,0) size 274x19
              text run at (0,0) width 274: "Dynamic updating of :first-child and :last-child"
          RenderText {#text} at (274,0) size 38x19
            text run at (274,0) width 38: " (#d4)"
        RenderListItem {LI} at (40,3000) size 729x20
          RenderListMarker at (-18,0) size 7x19: bullet
          RenderInline {A} at (0,0) size 83x19 [color=#0000EE]
            RenderText {#text} at (0,0) size 83x19
              text run at (0,0) width 83: ":indeterminate"
          RenderText {#text} at (83,0) size 38x19
            text run at (83,0) width 38: " (#d5)"
        RenderListItem {LI} at (40,3020) size 729x20
          RenderListMarker at (-18,0) size 7x19: bullet
          RenderInline {A} at (0,0) size 167x19 [color=#0000EE]
            RenderText {#text} at (0,0) size 167x19
              text run at (0,0) width 167: ":indeterminate and :checked"
          RenderText {#text} at (167,0) size 45x19
            text run at (167,0) width 45: " (#d5a)"
        RenderListItem {LI} at (40,3040) size 729x20
          RenderListMarker at (-18,0) size 7x19: bullet
          RenderInline {A} at (0,0) size 243x19 [color=#0000EE]
            RenderText {#text} at (0,0) size 243x19
              text run at (0,0) width 243: "NEGATED :indeterminate and :checked"
          RenderText {#text} at (243,0) size 46x19
            text run at (243,0) width 46: " (#d5b)"
        RenderListItem {LI} at (40,3060) size 729x20
          RenderListMarker at (-18,0) size 7x19: bullet
          RenderInline {A} at (0,0) size 167x19 [color=#0000EE]
            RenderText {#text} at (0,0) size 167x19
              text run at (0,0) width 167: ":indeterminate and :checked"
          RenderText {#text} at (167,0) size 45x19
            text run at (167,0) width 45: " (#d5c)"
        RenderListItem {LI} at (40,3080) size 729x20
          RenderListMarker at (-18,0) size 7x19: bullet
          RenderInline {A} at (0,0) size 170x19 [color=#0000EE]
            RenderText {#text} at (0,0) size 170x19
              text run at (0,0) width 170: ":indeterminate with :checked"
          RenderText {#text} at (170,0) size 46x19
            text run at (170,0) width 46: " (#d5d)"
        RenderListItem {LI} at (40,3100) size 729x20
          RenderListMarker at (-18,0) size 7x19: bullet
          RenderInline {A} at (0,0) size 246x19 [color=#0000EE]
            RenderText {#text} at (0,0) size 246x19
              text run at (0,0) width 246: "NEGATED :indeterminate with :checked"
          RenderText {#text} at (246,0) size 45x19
            text run at (246,0) width 45: " (#d5e)"
      RenderBlock {P} at (0,3604) size 769x21
        RenderText {#text} at (0,0) size 58x19
          text run at (0,0) width 58: "See also: "
        RenderInline {A} at (0,0) size 34x19 [color=#0000EE]
          RenderText {#text} at (58,0) size 34x19
            text run at (58,0) width 34: "Index"
        RenderText {#text} at (92,0) size 8x19
          text run at (92,0) width 8: ", "
        RenderInline {A} at (0,0) size 54x19 [color=#0000EE]
          RenderText {#text} at (100,0) size 54x19
            text run at (100,0) width 54: "XHTML"
        RenderText {#text} at (154,0) size 8x19
          text run at (154,0) width 8: ", "
        RenderInline {A} at (0,0) size 34x19 [color=#0000EE]
          RenderText {#text} at (162,0) size 34x19
            text run at (162,0) width 34: "XML"
