layer at (0,0) size 800x600
  RenderView at (0,0) size 800x600
layer at (0,0) size 800x84
  RenderBlock {HTML} at (0,0) size 800x84
    RenderBody {BODY} at (8,16) size 784x52
      RenderBlock {P} at (0,0) size 784x18
        RenderText {#text} at (0,0) size 82x18
          text run at (0,0) width 82: "This test has "
        RenderInline {SPAN} at (0,0) size 61x18
          RenderInline (generated) at (0,0) size 61x18 [bgcolor=#00FF00]
            RenderText at (82,0) size 61x18
              text run at (82,0) width 61: "PASSED"
        RenderText {#text} at (143,0) size 4x18
          text run at (143,0) width 4: "."
      RenderBlock {P} at (0,34) size 784x18
        RenderText {#text} at (0,0) size 445x18
          text run at (0,0) width 445: "(If the previous line just reads \"This test has .\" then this test has failed.)"
