layer at (0,0) size 800x600
  RenderView at (0,0) size 800x600
layer at (0,0) size 800x600
  RenderBlock {HTML} at (0,0) size 800x600
    RenderBody {BODY} at (8,8) size 784x576
      RenderBlock {DIV} at (0,0) size 784x52
        RenderBlock {P} at (0,0) size 784x18 [bgcolor=#008000]
          RenderText {#text} at (0,0) size 268x18
            text run at (0,0) width 268: "This line should have a green background."
        RenderBlock {P} at (0,34) size 784x18 [bgcolor=#0000FF]
          RenderText {#text} at (0,0) size 306x18
            text run at (0,0) width 306: "This line should NOT have a green background."
