layer at (0,0) size 800x600
  RenderView at (0,0) size 800x600
layer at (0,0) size 800x93
  RenderBlock {HTML} at (0,0) size 800x94 [bgcolor=#666666]
    RenderBody {BODY} at (8,18) size 784x60
      RenderBlock {H3} at (0,0) size 784x22
        RenderText {#text} at (0,0) size 455x22
          text run at (0,0) width 455: "Test of unqualifed :hover selector in strict parsing mode"
      RenderBlock {P} at (0,40) size 784x19
        RenderText {#text} at (0,0) size 691x18
          text run at (0,0) width 691: "Moving the mouse anywhere over the document should result in the background color being changed to grey."
