layer at (0,0) size 785x2274
  RenderView at (0,0) size 785x600
layer at (0,0) size 785x2274
  RenderBlock {HTML} at (0,0) size 785x2274
    RenderBody {BODY} at (8,8) size 769x2258 [bgcolor=#19BCD2]
      RenderTable {TABLE} at (0,0) size 769x199 [bgcolor=#FFA500] [border: (1px outset #808080)]
        RenderTableSection {TBODY} at (1,1) size 767x197
          RenderTableRow {TR} at (0,0) size 767x158
            RenderTableCell {TD} at (0,0) size 767x20 [border: (1px inset #808080)] [r=0 c=0 rs=1 cs=1]
              RenderText {#text} at (1,1) size 158x18
                text run at (1,1) width 158: "80% of table 200px table"
          RenderTableRow {TR} at (0,158) size 767x39
            RenderTableCell {TD} at (0,158) size 767x20 [border: (1px inset #808080)] [r=1 c=0 rs=1 cs=1]
              RenderText {#text} at (1,1) size 158x18
                text run at (1,1) width 158: "20% of table 200px table"
      RenderBlock (anonymous) at (0,199) size 769x18
        RenderBR {BR} at (0,0) size 0x18
      RenderTable {TABLE} at (0,217) size 769x42 [bgcolor=#FFA500] [border: (1px outset #808080)]
        RenderTableSection {TBODY} at (1,1) size 767x40
          RenderTableRow {TR} at (0,0) size 767x20
            RenderTableCell {TD} at (0,0) size 767x20 [border: (1px inset #808080)] [r=0 c=0 rs=1 cs=1]
              RenderText {#text} at (1,1) size 130x18
                text run at (1,1) width 130: "80% of 200px tbody"
          RenderTableRow {TR} at (0,20) size 767x20
            RenderTableCell {TD} at (0,20) size 767x20 [border: (1px inset #808080)] [r=1 c=0 rs=1 cs=1]
              RenderText {#text} at (1,1) size 130x18
                text run at (1,1) width 130: "20% of 200px tbody"
      RenderBlock (anonymous) at (0,259) size 769x18
        RenderBR {BR} at (0,0) size 0x18
      RenderTable {TABLE} at (0,277) size 769x42 [bgcolor=#FFA500] [border: (1px outset #808080)]
        RenderTableSection {TBODY} at (1,1) size 767x40
          RenderTableRow {TR} at (0,0) size 767x20
            RenderTableCell {TD} at (0,0) size 767x20 [border: (1px inset #808080)] [r=0 c=0 rs=1 cs=1]
              RenderText {#text} at (1,1) size 130x18
                text run at (1,1) width 130: "80% of 200px tbody"
          RenderTableRow {TR} at (0,20) size 767x20
            RenderTableCell {TD} at (0,20) size 767x20 [border: (1px inset #808080)] [r=1 c=0 rs=1 cs=1]
              RenderText {#text} at (1,1) size 130x18
                text run at (1,1) width 130: "20% of 200px tbody"
      RenderBlock (anonymous) at (0,319) size 769x18
        RenderBR {BR} at (0,0) size 0x18
      RenderTable {TABLE} at (0,337) size 769x199 [bgcolor=#FFA500] [border: (1px outset #808080)]
        RenderTableSection {TBODY} at (1,1) size 767x197
          RenderTableRow {TR} at (0,0) size 767x158
            RenderTableCell {TD} at (0,0) size 767x20 [border: (1px inset #808080)] [r=0 c=0 rs=1 cs=1]
              RenderText {#text} at (1,1) size 153x18
                text run at (1,1) width 153: "row 80% of 200px table"
          RenderTableRow {TR} at (0,158) size 767x39
            RenderTableCell {TD} at (0,158) size 767x20 [border: (1px inset #808080)] [r=1 c=0 rs=1 cs=1]
              RenderText {#text} at (1,1) size 153x18
                text run at (1,1) width 153: "row 20% of 200px table"
      RenderBlock (anonymous) at (0,536) size 769x18
        RenderBR {BR} at (0,0) size 0x18
      RenderTable {TABLE} at (0,554) size 769x42 [bgcolor=#FFA500] [border: (1px outset #808080)]
        RenderTableSection {TBODY} at (1,1) size 767x40
          RenderTableRow {TR} at (0,0) size 767x20
            RenderTableCell {TD} at (0,0) size 767x20 [border: (1px inset #808080)] [r=0 c=0 rs=1 cs=1]
              RenderText {#text} at (1,1) size 159x18
                text run at (1,1) width 159: "row 80% of 200px tbody"
          RenderTableRow {TR} at (0,20) size 767x20
            RenderTableCell {TD} at (0,20) size 767x20 [border: (1px inset #808080)] [r=1 c=0 rs=1 cs=1]
              RenderText {#text} at (1,1) size 159x18
                text run at (1,1) width 159: "row 20% of 200px tbody"
      RenderBlock (anonymous) at (0,596) size 769x18
        RenderBR {BR} at (0,0) size 0x18
      RenderTable {TABLE} at (0,614) size 769x380 [bgcolor=#FFA500] [border: (1px outset #808080)]
        RenderTableSection {TBODY} at (1,1) size 767x378
          RenderTableRow {TR} at (0,0) size 767x378
            RenderTableCell {TD} at (0,0) size 767x648 [border: (1px inset #808080)] [r=0 c=0 rs=1 cs=1]
              RenderTable {TABLE} at (1,1) size 765x376 [bgcolor=#FFFF00]
                RenderTableSection {TBODY} at (0,0) size 765x376
                  RenderTableRow {TR} at (0,0) size 765x376
                    RenderTableCell {TD} at (0,179) size 765x18 [r=0 c=0 rs=1 cs=1]
                      RenderText {#text} at (0,0) size 12x18
                        text run at (0,0) width 12: " x"
              RenderTable {TABLE} at (1,377) size 765x270
                RenderTableSection {TBODY} at (0,0) size 765x270
                  RenderTableRow {TR} at (0,0) size 765x270
                    RenderTableCell {TD} at (0,0) size 765x270 [bgcolor=#E0FFFF] [r=0 c=0 rs=1 cs=1]
                      RenderText {#text} at (0,0) size 110x18
                        text run at (0,0) width 80: "yuiyututuyu "
                        text run at (80,0) width 30: "fesfe"
                      RenderBR {BR} at (110,14) size 0x0
                      RenderText {#text} at (0,18) size 4x18
                        text run at (0,18) width 4: " "
                      RenderBR {BR} at (4,32) size 0x0
                      RenderText {#text} at (0,36) size 4x18
                        text run at (0,36) width 4: " "
                      RenderBR {BR} at (4,50) size 0x0
                      RenderText {#text} at (0,54) size 4x18
                        text run at (0,54) width 4: " "
                      RenderBR {BR} at (4,68) size 0x0
                      RenderText {#text} at (0,72) size 4x18
                        text run at (0,72) width 4: " "
                      RenderBR {BR} at (4,86) size 0x0
                      RenderText {#text} at (0,90) size 4x18
                        text run at (0,90) width 4: " "
                      RenderBR {BR} at (4,104) size 0x0
                      RenderText {#text} at (0,108) size 4x18
                        text run at (0,108) width 4: " "
                      RenderBR {BR} at (4,122) size 0x0
                      RenderText {#text} at (0,126) size 4x18
                        text run at (0,126) width 4: " "
                      RenderBR {BR} at (4,140) size 0x0
                      RenderText {#text} at (0,144) size 4x18
                        text run at (0,144) width 4: " "
                      RenderBR {BR} at (4,158) size 0x0
                      RenderText {#text} at (0,162) size 4x18
                        text run at (0,162) width 4: " "
                      RenderBR {BR} at (4,176) size 0x0
                      RenderText {#text} at (0,180) size 4x18
                        text run at (0,180) width 4: " "
                      RenderBR {BR} at (4,194) size 0x0
                      RenderText {#text} at (0,198) size 4x18
                        text run at (0,198) width 4: " "
                      RenderBR {BR} at (4,212) size 0x0
                      RenderText {#text} at (0,216) size 4x18
                        text run at (0,216) width 4: " "
                      RenderBR {BR} at (4,230) size 0x0
                      RenderText {#text} at (0,234) size 4x18
                        text run at (0,234) width 4: " "
                      RenderBR {BR} at (4,248) size 0x0
                      RenderText {#text} at (0,252) size 4x18
                        text run at (0,252) width 4: " "
      RenderBlock (anonymous) at (0,994) size 769x18
        RenderBR {BR} at (0,0) size 0x18
      RenderTable {TABLE} at (0,1012) size 600x400 [border: (1px outset #808080)]
        RenderTableSection {TBODY} at (1,1) size 598x398
          RenderTableRow {TR} at (0,2) size 598x394
            RenderTableCell {TD} at (2,2) size 594x394 [border: (1px inset #808080)] [r=0 c=0 rs=1 cs=1]
              RenderTable {TABLE} at (2,2) size 590x390 [border: (1px outset #808080)]
                RenderTableSection {TBODY} at (1,1) size 588x388
                  RenderTableRow {TR} at (0,2) size 588x384
                    RenderTableCell {TD} at (2,2) size 584x384 [border: (1px inset #808080)] [r=0 c=0 rs=1 cs=1]
                      RenderTable {TABLE} at (2,2) size 580x380 [border: (1px outset #808080)]
                        RenderTableSection {TBODY} at (1,1) size 578x378
                          RenderTableRow {TR} at (0,2) size 578x374
                            RenderTableCell {TD} at (2,178) size 574x22 [border: (1px inset #808080)] [r=0 c=0 rs=1 cs=1]
                              RenderText {#text} at (2,2) size 21x18
                                text run at (2,2) width 21: "foo"
      RenderBlock (anonymous) at (0,1412) size 769x18
        RenderBR {BR} at (0,0) size 0x18
      RenderTable {TABLE} at (0,1430) size 62x22 [border: (1px outset #808080)]
        RenderTableSection {TBODY} at (1,1) size 60x20
          RenderTableRow {TR} at (0,0) size 60x20
            RenderTableCell {TD} at (0,0) size 60x20 [border: (1px inset #808080)] [r=0 c=0 rs=2 cs=1]
              RenderText {#text} at (1,1) size 58x18
                text run at (1,1) width 58: "blah blah"
          RenderTableRow {TR} at (0,20) size 60x0
      RenderBlock (anonymous) at (0,1452) size 769x18
        RenderBR {BR} at (0,0) size 0x18
      RenderTable {TABLE} at (0,1470) size 602x364 [border: (1px outset #808080)]
        RenderTableSection {TBODY} at (1,1) size 600x362
          RenderTableRow {TR} at (0,0) size 600x0
            RenderTableCell {TD} at (0,0) size 502x362 [bgcolor=#FFFFFF] [border: (1px inset #808080)] [r=0 c=0 rs=2 cs=2]
              RenderImage {IMG} at (1,1) size 132x360
          RenderTableRow {TR} at (0,0) size 600x362
            RenderTableCell {TD} at (502,171) size 98x20 [border: (1px inset #808080)] [r=1 c=2 rs=1 cs=6]
              RenderText {#text} at (73,1) size 24x18
                text run at (73,1) width 24: "xxx"
      RenderBlock (anonymous) at (0,1834) size 769x18
        RenderBR {BR} at (0,0) size 0x18
      RenderTable {TABLE} at (10,1852) size 748x406 [bgcolor=#808080]
        RenderTableSection {TBODY} at (0,0) size 748x406
          RenderTableRow {TR} at (0,4) size 748x398
            RenderTableCell {TD} at (4,4) size 740x398 [r=0 c=0 rs=1 cs=1]
              RenderTable {TABLE} at (3,3) size 734x392 [bgcolor=#FFA500] [border: (1px outset #808080)]
                RenderTableSection {TBODY} at (1,1) size 732x390
                  RenderTableRow {TR} at (0,0) size 732x390
                    RenderTableCell {TD} at (0,0) size 732x390 [border: (1px inset #808080)] [r=0 c=0 rs=1 cs=1]
                      RenderBlock (anonymous) at (1,1) size 730x18
                        RenderText {#text} at (0,0) size 8x18
                          text run at (0,0) width 8: "x"
                      RenderTable {TABLE} at (1,19) size 730x100 [bgcolor=#FFFF00]
                        RenderTableSection {TBODY} at (0,0) size 730x100
                          RenderTableRow {TR} at (0,0) size 730x100
                            RenderTableCell {TD} at (0,41) size 730x18 [r=0 c=0 rs=1 cs=1]
                              RenderText {#text} at (0,0) size 4x18
                                text run at (0,0) width 4: " "
                      RenderTable {TABLE} at (1,119) size 730x270
                        RenderTableSection {TBODY} at (0,0) size 730x270
                          RenderTableRow {TR} at (0,0) size 730x270
                            RenderTableCell {TD} at (0,0) size 730x270 [bgcolor=#E0FFFF] [r=0 c=0 rs=1 cs=1]
                              RenderText {#text} at (0,0) size 114x18
                                text run at (0,0) width 80: "yuiyututuyu "
                                text run at (80,0) width 34: "fesf e"
                              RenderBR {BR} at (114,14) size 0x0
                              RenderText {#text} at (0,18) size 4x18
                                text run at (0,18) width 4: " "
                              RenderBR {BR} at (4,32) size 0x0
                              RenderText {#text} at (0,36) size 4x18
                                text run at (0,36) width 4: " "
                              RenderBR {BR} at (4,50) size 0x0
                              RenderText {#text} at (0,54) size 4x18
                                text run at (0,54) width 4: " "
                              RenderBR {BR} at (4,68) size 0x0
                              RenderText {#text} at (0,72) size 4x18
                                text run at (0,72) width 4: " "
                              RenderBR {BR} at (4,86) size 0x0
                              RenderText {#text} at (0,90) size 4x18
                                text run at (0,90) width 4: " "
                              RenderBR {BR} at (4,104) size 0x0
                              RenderText {#text} at (0,108) size 4x18
                                text run at (0,108) width 4: " "
                              RenderBR {BR} at (4,122) size 0x0
                              RenderText {#text} at (0,126) size 4x18
                                text run at (0,126) width 4: " "
                              RenderBR {BR} at (4,140) size 0x0
                              RenderText {#text} at (0,144) size 4x18
                                text run at (0,144) width 4: " "
                              RenderBR {BR} at (4,158) size 0x0
                              RenderText {#text} at (0,162) size 4x18
                                text run at (0,162) width 4: " "
                              RenderBR {BR} at (4,176) size 0x0
                              RenderText {#text} at (0,180) size 4x18
                                text run at (0,180) width 4: " "
                              RenderBR {BR} at (4,194) size 0x0
                              RenderText {#text} at (0,198) size 4x18
                                text run at (0,198) width 4: " "
                              RenderBR {BR} at (4,212) size 0x0
                              RenderText {#text} at (0,216) size 4x18
                                text run at (0,216) width 4: " "
                              RenderBR {BR} at (4,230) size 0x0
                              RenderText {#text} at (0,234) size 4x18
                                text run at (0,234) width 4: " "
                              RenderBR {BR} at (4,248) size 0x0
                              RenderText {#text} at (0,252) size 4x18
                                text run at (0,252) width 4: " "
