layer at (0,0) size 800x600
  RenderView at (0,0) size 800x600
layer at (0,0) size 800x600
  RenderBlock {HTML} at (0,0) size 800x600
    RenderBody {BODY} at (8,8) size 784x584
      RenderBlock {P} at (0,0) size 784x18
        RenderText {#text} at (0,0) size 171x18
          text run at (0,0) width 171: "Tests: the colspan attribute"
        RenderBR {BR} at (170,0) size 1x18
      RenderBlock {P} at (0,34) size 784x72
        RenderText {#text} at (0,0) size 75x18
          text run at (0,0) width 75: "Conditions:"
        RenderBR {BR} at (74,0) size 1x18
        RenderText {#text} at (0,18) size 762x54
          text run at (0,18) width 667: "The colSpan attribute specifies the number of columns spanned by the current cell. The default value of "
          text run at (666,18) width 96: "this attribute is"
          text run at (0,36) width 551: "one (\"1\"). The value zero (\"0\") means that the cell spans all columns from the current "
          text run at (550,36) width 208: "column to the last column of the"
          text run at (0,54) width 371: "column group (COLGROUP) in which the cell is defined."
      RenderBlock {P} at (0,122) size 784x54
        RenderText {#text} at (0,0) size 774x54
          text run at (0,0) width 774: "The first table tests the default value of one, and an input of 7, which is within the normal range of expect input. The first"
          text run at (0,18) width 721: "column in the first row should span only column \"one\" and the second cell should span all of the other columns. "
          text run at (720,18) width 26: "The"
          text run at (0,36) width 572: "second table tests the zero value. \"Just A\" should span \"A\" and \"Just B\" should span \"B.\""
      RenderBlock {HR} at (0,192) size 784x2 [border: (1px inset #000000)]
      RenderBlock (anonymous) at (0,202) size 784x18
        RenderBR {BR} at (0,0) size 0x18
      RenderTable {TABLE} at (0,220) size 276x70 [border: (1px outset #808080)]
        RenderBlock {CAPTION} at (0,0) size 276x18
          RenderText {#text} at (28,0) size 219x18
            text run at (28,0) width 219: "Testing Default and Regular Input"
        RenderTableSection {TBODY} at (1,19) size 274x50
          RenderTableRow {TR} at (0,2) size 274x22
            RenderTableCell {TD} at (2,2) size 34x22 [border: (1px inset #808080)] [r=0 c=0 rs=1 cs=1]
              RenderText {#text} at (2,2) size 30x18
                text run at (2,2) width 30: "First"
            RenderTableCell {TD} at (37,2) size 235x22 [border: (1px inset #808080)] [r=0 c=1 rs=1 cs=7]
              RenderText {#text} at (2,2) size 77x18
                text run at (2,2) width 77: "All the Rest"
          RenderTableRow {TR} at (0,26) size 274x22
            RenderTableCell {TD} at (2,26) size 34x22 [border: (1px inset #808080)] [r=1 c=0 rs=1 cs=1]
              RenderText {#text} at (2,2) size 24x18
                text run at (2,2) width 24: "one"
            RenderTableCell {TD} at (37,26) size 29x22 [border: (1px inset #808080)] [r=1 c=1 rs=1 cs=1]
              RenderText {#text} at (2,2) size 24x18
                text run at (2,2) width 24: "two"
            RenderTableCell {TD} at (67,26) size 37x22 [border: (1px inset #808080)] [r=1 c=2 rs=1 cs=1]
              RenderText {#text} at (2,2) size 32x18
                text run at (2,2) width 32: "three"
            RenderTableCell {TD} at (105,26) size 31x22 [border: (1px inset #808080)] [r=1 c=3 rs=1 cs=1]
              RenderText {#text} at (2,2) size 27x18
                text run at (2,2) width 27: "four"
            RenderTableCell {TD} at (137,26) size 29x22 [border: (1px inset #808080)] [r=1 c=4 rs=1 cs=1]
              RenderText {#text} at (2,2) size 24x18
                text run at (2,2) width 24: "five"
            RenderTableCell {TD} at (167,26) size 24x22 [border: (1px inset #808080)] [r=1 c=5 rs=1 cs=1]
              RenderText {#text} at (2,2) size 19x18
                text run at (2,2) width 19: "six"
            RenderTableCell {TD} at (192,26) size 42x22 [border: (1px inset #808080)] [r=1 c=6 rs=1 cs=1]
              RenderText {#text} at (2,2) size 37x18
                text run at (2,2) width 37: "seven"
            RenderTableCell {TD} at (235,26) size 37x22 [border: (1px inset #808080)] [r=1 c=7 rs=1 cs=1]
              RenderText {#text} at (2,2) size 32x18
                text run at (2,2) width 32: "eight"
      RenderBlock (anonymous) at (0,290) size 784x18
        RenderBR {BR} at (0,0) size 0x18
      RenderTable {TABLE} at (0,308) size 197x70 [border: (1px outset #808080)]
        RenderBlock {CAPTION} at (0,0) size 197x18
          RenderText {#text} at (14,0) size 168x18
            text run at (14,0) width 168: "Testing Zero Special Case"
        RenderTableSection {TBODY} at (1,19) size 195x50
          RenderTableRow {TR} at (0,2) size 195x22
            RenderTableCell {TD} at (2,2) size 45x22 [border: (1px inset #808080)] [r=0 c=0 rs=1 cs=1]
              RenderText {#text} at (2,2) size 41x18
                text run at (2,2) width 41: "Just A"
            RenderTableCell {TD} at (48,2) size 45x22 [border: (1px inset #808080)] [r=0 c=1 rs=1 cs=1]
              RenderText {#text} at (2,2) size 40x18
                text run at (2,2) width 40: "Just B"
          RenderTableRow {TR} at (0,26) size 195x22
            RenderTableCell {TD} at (2,26) size 45x22 [border: (1px inset #808080)] [r=1 c=0 rs=1 cs=1]
              RenderText {#text} at (2,2) size 12x18
                text run at (2,2) width 12: "A"
            RenderTableCell {TD} at (48,26) size 45x22 [border: (1px inset #808080)] [r=1 c=1 rs=1 cs=1]
              RenderText {#text} at (2,2) size 11x18
                text run at (2,2) width 11: "B"
            RenderTableCell {TD} at (94,26) size 15x22 [border: (1px inset #808080)] [r=1 c=2 rs=1 cs=1]
              RenderText {#text} at (2,2) size 11x18
                text run at (2,2) width 11: "C"
            RenderTableCell {TD} at (110,26) size 17x22 [border: (1px inset #808080)] [r=1 c=3 rs=1 cs=1]
              RenderText {#text} at (2,2) size 12x18
                text run at (2,2) width 12: "D"
            RenderTableCell {TD} at (128,26) size 15x22 [border: (1px inset #808080)] [r=1 c=4 rs=1 cs=1]
              RenderText {#text} at (2,2) size 10x18
                text run at (2,2) width 10: "E"
            RenderTableCell {TD} at (144,26) size 13x22 [border: (1px inset #808080)] [r=1 c=5 rs=1 cs=1]
              RenderText {#text} at (2,2) size 9x18
                text run at (2,2) width 9: "F"
            RenderTableCell {TD} at (158,26) size 17x22 [border: (1px inset #808080)] [r=1 c=6 rs=1 cs=1]
              RenderText {#text} at (2,2) size 12x18
                text run at (2,2) width 12: "G"
            RenderTableCell {TD} at (176,26) size 17x22 [border: (1px inset #808080)] [r=1 c=7 rs=1 cs=1]
              RenderText {#text} at (2,2) size 12x18
                text run at (2,2) width 12: "H"
