layer at (0,0) size 800x600
  RenderView at (0,0) size 800x600
layer at (0,0) size 800x600
  RenderBlock {HTML} at (0,0) size 800x600
    RenderBody {BODY} at (8,8) size 784x584 [bgcolor=#CCCCCC]
      RenderBlock {P} at (0,0) size 784x20
        RenderText {#text} at (0,0) size 385x19
          text run at (0,0) width 385: "The style declarations which apply to the text below are:"
      RenderBlock {PRE} at (0,36) size 784x56
        RenderText {#text} at (0,0) size 258x56
          text run at (0,0) width 258: "P:first-line {font-weight: bold;}"
          text run at (257,0) width 1: " "
          text run at (0,14) width 250: "P.two:first-line {color: green;}"
          text run at (249,14) width 1: " "
          text run at (0,28) width 250: "P:first-line.three {color: red;}"
          text run at (249,28) width 1: " "
          text run at (0,42) width 0: " "
      RenderBlock {HR} at (0,105) size 784x2 [border: (1px inset #000000)]
      RenderBlock {P} at (0,123) size 784x40
        RenderText {#text} at (0,0) size 731x39
          text run at (0,0) width 345: "The first line of this sentence should be boldfaced. "
          text run at (344,0) width 387: "This test is included simply to establish a baseline for the"
          text run at (0,20) width 655: "following tests, since if this test fails, then the rest of the tests on this page are expected to fail as well."
      RenderBlock {P} at (0,179) size 784x40
        RenderText {#text} at (0,0) size 765x39
          text run at (0,0) width 563: "The first line of this sentence should be boldfaced and green, thanks to its selector. "
          text run at (562,0) width 203: "If this is not the case, then the"
          text run at (0,20) width 578: "user agent may have failed to properly parse the selector, or it may simply not support the "
        RenderInline {TT} at (0,0) size 87x14
          RenderText {#text} at (577,25) size 87x14
            text run at (577,25) width 87: ":first-line"
        RenderText {#text} at (663,20) size 110x19
          text run at (663,20) width 110: " pseudo-element."
      RenderBlock {P} at (0,235) size 784x80
        RenderText {#text} at (0,0) size 783x79
          text run at (0,0) width 345: "The first line of this sentence should be boldfaced. "
          text run at (344,0) width 423: "If it is red, then the user agent has violated the specification in"
          text run at (0,20) width 440: "allowing pseudo-elements at a point other than the end of a selector. "
          text run at (439,20) width 344: "If neither is the case, then the user agent has correctly"
          text run at (0,40) width 766: "ignored the incorrect selector, but has suppressed other styles which are valid, and therefore must be considered to have"
          text run at (0,60) width 91: "failed the test."
      RenderTable {TABLE} at (0,331) size 784x250 [border: (1px outset #808080)]
        RenderTableSection {TBODY} at (1,1) size 782x248
          RenderTableRow {TR} at (0,0) size 782x28
            RenderTableCell {TD} at (0,0) size 782x28 [bgcolor=#C0C0C0] [border: (1px inset #808080)] [r=0 c=0 rs=1 cs=2]
              RenderInline {STRONG} at (0,0) size 161x19
                RenderText {#text} at (4,4) size 161x19
                  text run at (4,4) width 161: "TABLE Testing Section"
          RenderTableRow {TR} at (0,28) size 782x220
            RenderTableCell {TD} at (0,124) size 12x28 [bgcolor=#C0C0C0] [border: (1px inset #808080)] [r=1 c=0 rs=1 cs=1]
              RenderText {#text} at (4,4) size 4x19
                text run at (4,4) width 4: " "
            RenderTableCell {TD} at (12,28) size 770x220 [border: (1px inset #808080)] [r=1 c=1 rs=1 cs=1]
              RenderBlock {P} at (4,4) size 762x40
                RenderText {#text} at (0,0) size 731x39
                  text run at (0,0) width 345: "The first line of this sentence should be boldfaced. "
                  text run at (344,0) width 387: "This test is included simply to establish a baseline for the"
                  text run at (0,20) width 655: "following tests, since if this test fails, then the rest of the tests on this page are expected to fail as well."
              RenderBlock {P} at (4,60) size 762x60
                RenderText {#text} at (0,0) size 740x39
                  text run at (0,0) width 563: "The first line of this sentence should be boldfaced and green, thanks to its selector. "
                  text run at (562,0) width 178: "If this is not the case, then"
                  text run at (0,20) width 602: "the user agent may have failed to properly parse the selector, or it may simply not support the "
                RenderInline {TT} at (0,0) size 87x14
                  RenderText {#text} at (601,25) size 87x14
                    text run at (601,25) width 87: ":first-line"
                RenderText {#text} at (687,20) size 742x39
                  text run at (687,20) width 55: " pseudo-"
                  text run at (0,40) width 55: "element."
              RenderBlock {P} at (4,136) size 762x80
                RenderText {#text} at (0,0) size 749x79
                  text run at (0,0) width 345: "The first line of this sentence should be boldfaced. "
                  text run at (344,0) width 405: "If it is red, then the user agent has violated the specification"
                  text run at (0,20) width 456: "in allowing pseudo-elements at a point other than the end of a selector. "
                  text run at (455,20) width 284: "If neither is the case, then the user agent has"
                  text run at (0,40) width 703: "correctly ignored the incorrect selector, but has suppressed other styles which are valid, and therefore must be"
                  text run at (0,60) width 215: "considered to have failed the test."
