layer at (0,0) size 785x609
  RenderView at (0,0) size 785x600
layer at (0,0) size 785x600
  RenderBlock {HTML} at (0,0) size 785x600
    RenderBody {BODY} at (8,8) size 761x584
      RenderBlock {DIV} at (0,0) size 106x584 [border: (3px solid #FFA500)]
        RenderListItem {DIV} at (11,11) size 122x122 [bgcolor=#FFA500] [border: (3px solid #FFA500)]
          RenderListMarker at (12,-17) size 17x7: bullet
        RenderListItem {DIV} at (11,11) size 84x562 [border: (3px solid #FFA500)]
          RenderListItem {DIV} at (11,11) size 62x540 [border: (3px solid #FFA500)]
            RenderListItem {DIV} at (11,11) size 40x518 [border: (3px solid #FFA500)]
              RenderListMarker at (12,104) size 17x7: bullet
              RenderListMarker at (12,104) size 17x7: bullet
              RenderListMarker at (12,104) size 17x7: bullet
              RenderText {#text} at (12,132) size 17x86
                text run at (12,132) width 86: "List item text."
      RenderBlock {UL} at (122,0) size 140x584
        RenderListItem {LI} at (0,40) size 140x544 [border: (2px solid #FF0000)]
          RenderListMarker at (53,554) size 17x7: bullet
          RenderText {#text} at (53,52) size 35x417
            text run at (53,52) width 417: "Foo fofodfosjlkdf dslkdjlk asdlksjald djklsd klasjdkas sdajd lsadjkl"
            text run at (71,52) width 70: "asjdlksajdk"
