layer at (0,0) size 800x600
  RenderView at (0,0) size 800x600
layer at (0,0) size 800x600
  RenderBlock {HTML} at (0,0) size 800x600
    RenderBody {BODY} at (8,8) size 784x576
      RenderBlock {DIV} at (0,0) size 784x36
        RenderBlock {UL} at (0,0) size 784x36
          RenderListItem {LI} at (40,0) size 744x18
            RenderListMarker at (-17,0) size 7x17: bullet
            RenderInline {A} at (0,0) size 40x17 [color=#0000EE]
              RenderText {#text} at (704,0) size 40x17
                text run at (704,0) width 40: "Home"
          RenderListItem {LI} at (40,18) size 744x18
            RenderListMarker at (-17,0) size 7x17: bullet
            RenderInline {A} at (0,0) size 58x17 [color=#0000EE]
              RenderText {#text} at (686,0) size 58x17
                text run at (686,0) width 58: "Archives"
      RenderBlock {P} at (0,52) size 784x36
        RenderText {#text} at (0,0) size 755x35
          text run at (0,0) width 553: "This test case illustrates the correct positioning of list item bullets according to CSS3. "
          text run at (552,0) width 203: "The bullets should be on the far"
          text run at (0,18) width 316: "left, with the text of the list items on the far right."
