layer at (0,0) size 800x600
  RenderView at (0,0) size 800x600
layer at (0,0) size 458x600
  RenderBlock {html} at (0,0) size 458x600
    RenderBody {body} at (16,8) size 302x584
      RenderBlock (floating) {div} at (0,0) size 442x351
        RenderBlock {p} at (16,0) size 72x351
          RenderText {#text} at (1,0) size 35x331
            text run at (1,0) width 331: "This test case illustrates incorrect positioning of list"
            text run at (19,0) width 95: "items within a "
          RenderInline {code} at (0,0) size 15x134
            RenderText {#text} at (18,94) size 15x134
              text run at (18,94) width 133: "text-align: right"
          RenderText {#text} at (19,227) size 17x74
            text run at (19,227) width 73: " div after a "
          RenderInline {code} at (0,0) size 33x347
            RenderText {#text} at (18,300) size 33x347
              text run at (18,300) width 47: "float:"
              text run at (36,0) width 32: "left"
          RenderText {#text} at (37,31) size 17x32
            text run at (37,31) width 32: " div. "
          RenderInline {a} at (0,0) size 17x197 [color=#0000EE]
            RenderText {#text} at (37,62) size 17x197
              text run at (37,62) width 196: "Screenshot of correct behavior"
          RenderText {#text} at (37,258) size 17x9
            text run at (37,258) width 9: "; "
          RenderInline {a} at (0,0) size 35x335 [color=#0000EE]
            RenderText {#text} at (37,266) size 35x335
              text run at (37,266) width 68: "screenshot"
              text run at (55,0) width 56: "of Safari"
          RenderText {#text} at (55,55) size 17x5
            text run at (55,55) width 4: "."
        RenderBlock {p} at (104,0) size 54x351
          RenderText {#text} at (1,0) size 35x309
            text run at (1,0) width 309: "This bug only occurs on pages with a standards-"
            text run at (19,0) width 150: "compliant DOCTYPE. "
          RenderInline {a} at (0,0) size 35x333 [color=#0000EE]
            RenderText {#text} at (19,149) size 35x333
              text run at (19,149) width 183: "View this test case without a"
              text run at (37,0) width 74: "DOCTYPE"
          RenderText {#text} at (37,73) size 17x5
            text run at (37,73) width 4: "."
        RenderBlock {ol} at (174,0) size 252x351
          RenderListItem {li} at (0,40) size 36x311
            RenderListMarker at (1,-20) size 17x16: "1"
            RenderText {#text} at (1,0) size 35x304
              text run at (1,0) width 159: "New larger PowerBook. "
              text run at (1,158) width 145: "Still 1 GHz, but with a"
              text run at (19,0) width 146: "17-inch screen. $3299."
          RenderListItem {li} at (36,40) size 36x311
            RenderListMarker at (1,-20) size 17x16: "2"
            RenderText {#text} at (1,0) size 35x311
              text run at (1,0) width 311: "New smaller PowerBook, with a 12-inch screen."
              text run at (19,0) width 44: "$1799."
          RenderListItem {li} at (72,40) size 90x311
            RenderListMarker at (1,-20) size 17x16: "3"
            RenderText {#text} at (1,0) size 17x95
              text run at (1,0) width 95: "New browser: "
            RenderInline {a} at (0,0) size 17x39 [color=#0000EE]
              RenderText {#text} at (1,94) size 17x39
                text run at (1,94) width 39: "Safari"
            RenderText {#text} at (1,132) size 17x73
              text run at (1,132) width 8: ". "
              text run at (1,140) width 64: "Engine is "
            RenderInline {a} at (0,0) size 17x78 [color=#0000EE]
              RenderText {#text} at (1,204) size 17x78
                text run at (1,204) width 77: "open source"
            RenderText {#text} at (1,281) size 17x17
              text run at (1,281) width 17: " (a"
            RenderInline {a} at (0,0) size 17x109 [color=#0000EE]
              RenderText {#text} at (19,0) size 17x109
                text run at (19,0) width 109: "modified version"
            RenderText {#text} at (19,108) size 17x23
              text run at (19,108) width 22: " of "
            RenderInline {a} at (0,0) size 17x58 [color=#0000EE]
              RenderText {#text} at (19,130) size 17x58
                text run at (19,130) width 57: "KHTML"
            RenderText {#text} at (19,187) size 71x305
              text run at (19,187) width 78: "), rest of the"
              text run at (37,0) width 305: "application is free but not open source (just like"
              text run at (55,0) width 58: "the OS). "
              text run at (55,57) width 124: "Only runs on 10.2. "
              text run at (55,180) width 122: "Currently in public"
              text run at (73,0) width 31: "beta."
          RenderListItem {li} at (162,40) size 36x311
            RenderListMarker at (1,-20) size 17x16: "4"
            RenderText {#text} at (1,0) size 35x268
              text run at (1,0) width 243: "New presentation software: Keynote. "
              text run at (1,242) width 25: "The"
              text run at (19,0) width 163: "software Steve Jobs uses."
          RenderListItem {li} at (198,40) size 36x311
            RenderListMarker at (1,-20) size 17x16: "5"
            RenderText {#text} at (1,0) size 17x109
              text run at (1,0) width 109: "New versions of "
            RenderInline {a} at (0,0) size 17x48 [color=#0000EE]
              RenderText {#text} at (1,108) size 17x48
                text run at (1,108) width 47: "iMovie"
            RenderText {#text} at (1,155) size 17x9
              text run at (1,155) width 8: ", "
            RenderInline {a} at (0,0) size 17x42 [color=#0000EE]
              RenderText {#text} at (1,163) size 17x42
                text run at (1,163) width 42: "iPhoto"
            RenderText {#text} at (1,204) size 17x9
              text run at (1,204) width 8: ", "
            RenderInline {a} at (0,0) size 17x44 [color=#0000EE]
              RenderText {#text} at (1,212) size 17x44
                text run at (1,212) width 43: "iTunes"
            RenderText {#text} at (1,255) size 35x260
              text run at (1,255) width 4: "."
              text run at (19,0) width 169: "Bundled into a box called "
            RenderInline {a} at (0,0) size 17x32 [color=#0000EE]
              RenderText {#text} at (19,168) size 17x32
                text run at (19,168) width 32: "iLife"
            RenderText {#text} at (19,199) size 17x60
              text run at (19,199) width 59: ", for $49."
          RenderListItem {li} at (234,40) size 18x311
            RenderListMarker at (1,-20) size 17x16: "6"
            RenderInline {a} at (0,0) size 17x115 [color=#0000EE]
              RenderText {#text} at (1,0) size 17x115
                text run at (1,0) width 115: "Final Cut Express"
            RenderText {#text} at (1,114) size 17x168
              text run at (1,114) width 132: " for creating DVDs. "
              text run at (1,245) width 36: "$299."
      RenderBlock {div} at (0,0) size 302x584
        RenderBlock {ul} at (0,0) size 144x584
          RenderListItem {li} at (0,40) size 18x544
            RenderListMarker at (1,293) size 17x7: bullet
            RenderInline {a} at (0,0) size 17x40 [color=#0000EE]
              RenderText {#text} at (1,504) size 17x40
                text run at (1,504) width 40: "About"
          RenderListItem {li} at (18,40) size 18x544
            RenderListMarker at (1,293) size 17x7: bullet
            RenderInline {a} at (0,0) size 17x57 [color=#0000EE]
              RenderText {#text} at (1,487) size 17x57
                text run at (1,487) width 57: "Site map"
          RenderListItem {li} at (36,40) size 18x544
            RenderListMarker at (1,293) size 17x7: bullet
            RenderInline {a} at (0,0) size 17x58 [color=#0000EE]
              RenderText {#text} at (1,486) size 17x58
                text run at (1,486) width 58: "Archives"
          RenderListItem {li} at (54,40) size 18x544
            RenderListMarker at (1,293) size 17x7: bullet
            RenderInline {a} at (0,0) size 17x52 [color=#0000EE]
              RenderText {#text} at (1,492) size 17x52
                text run at (1,492) width 52: "Projects"
          RenderListItem {li} at (72,40) size 18x544
            RenderListMarker at (1,293) size 17x7: bullet
            RenderInline {a} at (0,0) size 17x44 [color=#0000EE]
              RenderText {#text} at (1,500) size 17x44
                text run at (1,500) width 44: "Photos"
          RenderListItem {li} at (90,40) size 18x544
            RenderListMarker at (1,293) size 17x7: bullet
            RenderInline {a} at (0,0) size 17x58 [color=#0000EE]
              RenderText {#text} at (1,486) size 17x58
                text run at (1,486) width 58: "Statistics"
          RenderListItem {li} at (108,40) size 18x544
            RenderListMarker at (1,293) size 17x7: bullet
            RenderInline {a} at (0,0) size 17x149 [color=#0000EE]
              RenderText {#text} at (1,395) size 17x149
                text run at (1,395) width 149: "Accessibility statement"
          RenderListItem {li} at (126,40) size 18x544
            RenderListMarker at (1,293) size 17x7: bullet
            RenderInline {a} at (0,0) size 17x29 [color=#0000EE]
              RenderText {#text} at (1,430) size 17x29
                text run at (1,430) width 29: "RSS"
            RenderText {#text} at (1,458) size 17x11
              text run at (1,458) width 10: " ("
            RenderInline {a} at (0,0) size 17x71 [color=#0000EE]
              RenderText {#text} at (1,468) size 17x71
                text run at (1,468) width 71: "more feeds"
            RenderText {#text} at (1,538) size 17x6
              text run at (1,538) width 6: ")"
        RenderBlock {ul} at (160,0) size 18x584
          RenderListItem {li} at (0,40) size 18x544
            RenderListMarker at (1,293) size 17x7: bullet
            RenderInline {a} at (0,0) size 17x89 [color=#0000EE]
              RenderText {#text} at (1,455) size 17x89
                text run at (1,455) width 89: "What is RSS?"
        RenderBlock {ul} at (194,0) size 108x584
          RenderListItem {li} at (0,40) size 18x544
            RenderListMarker at (1,293) size 17x7: bullet
            RenderInline {a} at (0,0) size 17x92 [color=#0000EE]
              RenderText {#text} at (1,452) size 17x92
                text run at (1,452) width 92: "RSS Validator"
          RenderListItem {li} at (18,40) size 18x544
            RenderListMarker at (1,293) size 17x7: bullet
            RenderInline {a} at (0,0) size 17x149 [color=#0000EE]
              RenderText {#text} at (1,395) size 17x149
                text run at (1,395) width 149: "Dive Into Accessibility"
          RenderListItem {li} at (36,40) size 18x544
            RenderListMarker at (1,293) size 17x7: bullet
            RenderInline {a} at (0,0) size 17x101 [color=#0000EE]
              RenderText {#text} at (1,443) size 17x101
                text run at (1,443) width 101: "Dive Into OS X"
          RenderListItem {li} at (54,40) size 18x544
            RenderListMarker at (1,293) size 17x7: bullet
            RenderInline {a} at (0,0) size 17x99 [color=#0000EE]
              RenderText {#text} at (1,445) size 17x99
                text run at (1,445) width 99: "Dive Into J2EE"
          RenderListItem {li} at (72,40) size 18x544
            RenderListMarker at (1,293) size 17x7: bullet
            RenderInline {a} at (0,0) size 17x111 [color=#0000EE]
              RenderText {#text} at (1,433) size 17x111
                text run at (1,433) width 111: "Dive Into Python"
          RenderListItem {li} at (90,40) size 18x544
            RenderListMarker at (1,293) size 17x7: bullet
            RenderInline {a} at (0,0) size 17x47 [color=#0000EE]
              RenderText {#text} at (1,497) size 17x47
                text run at (1,497) width 47: "r\x{E9}sum\x{E9}"
