layer at (0,0) size 800x600
  RenderView at (0,0) size 800x600
layer at (0,0) size 800x368
  RenderBlock {html} at (0,0) size 800x368
    RenderBody {body} at (8,16) size 784x302
      RenderBlock (floating) {div} at (0,0) size 471x352
        RenderBlock {p} at (0,16) size 471x54
          RenderText {#text} at (0,0) size 429x17
            text run at (0,0) width 429: "This test case illustrates incorrect positioning of list items within a "
          RenderInline {code} at (0,0) size 468x33
            RenderText {#text} at (428,3) size 468x33
              text run at (428,3) width 40: "text-"
              text run at (0,21) width 94: "align: right"
          RenderText {#text} at (93,18) size 74x17
            text run at (93,18) width 74: " div after a "
          RenderInline {code} at (0,0) size 87x15
            RenderText {#text} at (166,21) size 87x15
              text run at (166,21) width 87: "float: left"
          RenderText {#text} at (252,18) size 32x17
            text run at (252,18) width 32: " div. "
          RenderInline {a} at (0,0) size 420x35 [color=#0000EE]
            RenderText {#text} at (283,18) size 420x35
              text run at (283,18) width 137: "Screenshot of correct"
              text run at (0,36) width 56: "behavior"
          RenderText {#text} at (55,36) size 10x17
            text run at (55,36) width 10: "; "
          RenderInline {a} at (0,0) size 128x17 [color=#0000EE]
            RenderText {#text} at (64,36) size 128x17
              text run at (64,36) width 128: "screenshot of Safari"
          RenderText {#text} at (191,36) size 5x17
            text run at (191,36) width 5: "."
        RenderBlock {p} at (0,86) size 471x36
          RenderText {#text} at (0,0) size 455x17
            text run at (0,0) width 455: "This bug only occurs on pages with a standards-compliant DOCTYPE."
          RenderInline {a} at (0,0) size 261x17 [color=#0000EE]
            RenderText {#text} at (0,18) size 261x17
              text run at (0,18) width 261: "View this test case without a DOCTYPE"
          RenderText {#text} at (260,18) size 5x17
            text run at (260,18) width 5: "."
        RenderBlock {ol} at (0,138) size 471x198
          RenderListItem {li} at (40,0) size 431x36
            RenderListMarker at (-20,0) size 16x17: "1"
            RenderText {#text} at (0,0) size 406x35
              text run at (0,0) width 159: "New larger PowerBook. "
              text run at (158,0) width 248: "Still 1 GHz, but with a 17-inch screen."
              text run at (0,18) width 44: "$3299."
          RenderListItem {li} at (40,36) size 431x18
            RenderListMarker at (-20,0) size 16x17: "2"
            RenderText {#text} at (0,0) size 359x17
              text run at (0,0) width 315: "New smaller PowerBook, with a 12-inch screen. "
              text run at (314,0) width 45: "$1799."
          RenderListItem {li} at (40,54) size 431x54
            RenderListMarker at (-20,0) size 16x17: "3"
            RenderText {#text} at (0,0) size 95x17
              text run at (0,0) width 95: "New browser: "
            RenderInline {a} at (0,0) size 39x17 [color=#0000EE]
              RenderText {#text} at (94,0) size 39x17
                text run at (94,0) width 39: "Safari"
            RenderText {#text} at (132,0) size 73x17
              text run at (132,0) width 9: ". "
              text run at (140,0) width 65: "Engine is "
            RenderInline {a} at (0,0) size 78x17 [color=#0000EE]
              RenderText {#text} at (204,0) size 78x17
                text run at (204,0) width 78: "open source"
            RenderText {#text} at (281,0) size 21x17
              text run at (281,0) width 21: " (a "
            RenderInline {a} at (0,0) size 110x17 [color=#0000EE]
              RenderText {#text} at (301,0) size 110x17
                text run at (301,0) width 110: "modified version"
            RenderText {#text} at (410,0) size 18x17
              text run at (410,0) width 18: " of"
            RenderInline {a} at (0,0) size 57x17 [color=#0000EE]
              RenderText {#text} at (0,18) size 57x17
                text run at (0,18) width 57: "KHTML"
            RenderText {#text} at (56,18) size 415x35
              text run at (56,18) width 359: "), rest of the application is free but not open source (just"
              text run at (0,36) width 86: "like the OS). "
              text run at (85,36) width 124: "Only runs on 10.2. "
              text run at (208,36) width 158: "Currently in public beta."
          RenderListItem {li} at (40,108) size 431x36
            RenderListMarker at (-20,0) size 16x17: "4"
            RenderText {#text} at (0,0) size 399x35
              text run at (0,0) width 243: "New presentation software: Keynote. "
              text run at (242,0) width 157: "The software Steve Jobs"
              text run at (0,18) width 32: "uses."
          RenderListItem {li} at (40,144) size 431x36
            RenderListMarker at (-20,0) size 16x17: "5"
            RenderText {#text} at (0,0) size 109x17
              text run at (0,0) width 109: "New versions of "
            RenderInline {a} at (0,0) size 48x17 [color=#0000EE]
              RenderText {#text} at (108,0) size 48x17
                text run at (108,0) width 48: "iMovie"
            RenderText {#text} at (155,0) size 9x17
              text run at (155,0) width 9: ", "
            RenderInline {a} at (0,0) size 42x17 [color=#0000EE]
              RenderText {#text} at (163,0) size 42x17
                text run at (163,0) width 42: "iPhoto"
            RenderText {#text} at (204,0) size 9x17
              text run at (204,0) width 9: ", "
            RenderInline {a} at (0,0) size 44x17 [color=#0000EE]
              RenderText {#text} at (212,0) size 44x17
                text run at (212,0) width 44: "iTunes"
            RenderText {#text} at (255,0) size 174x17
              text run at (255,0) width 9: ". "
              text run at (263,0) width 166: "Bundled into a box called"
            RenderInline {a} at (0,0) size 32x17 [color=#0000EE]
              RenderText {#text} at (0,18) size 32x17
                text run at (0,18) width 32: "iLife"
            RenderText {#text} at (31,18) size 59x17
              text run at (31,18) width 59: ", for $49."
          RenderListItem {li} at (40,180) size 431x18
            RenderListMarker at (-20,0) size 16x17: "6"
            RenderInline {a} at (0,0) size 115x17 [color=#0000EE]
              RenderText {#text} at (0,0) size 115x17
                text run at (0,0) width 115: "Final Cut Express"
            RenderText {#text} at (114,0) size 168x17
              text run at (114,0) width 132: " for creating DVDs. "
              text run at (245,0) width 37: "$299."
      RenderBlock {div} at (0,0) size 784x302
        RenderBlock {ul} at (0,0) size 784x144
          RenderListItem {li} at (40,0) size 744x18
            RenderListMarker at (413,0) size 8x17: bullet
            RenderInline {a} at (0,0) size 40x17 [color=#0000EE]
              RenderText {#text} at (704,0) size 40x17
                text run at (704,0) width 40: "About"
          RenderListItem {li} at (40,18) size 744x18
            RenderListMarker at (413,0) size 8x17: bullet
            RenderInline {a} at (0,0) size 57x17 [color=#0000EE]
              RenderText {#text} at (687,0) size 57x17
                text run at (687,0) width 57: "Site map"
          RenderListItem {li} at (40,36) size 744x18
            RenderListMarker at (413,0) size 8x17: bullet
            RenderInline {a} at (0,0) size 58x17 [color=#0000EE]
              RenderText {#text} at (686,0) size 58x17
                text run at (686,0) width 58: "Archives"
          RenderListItem {li} at (40,54) size 744x18
            RenderListMarker at (413,0) size 8x17: bullet
            RenderInline {a} at (0,0) size 52x17 [color=#0000EE]
              RenderText {#text} at (692,0) size 52x17
                text run at (692,0) width 52: "Projects"
          RenderListItem {li} at (40,72) size 744x18
            RenderListMarker at (413,0) size 8x17: bullet
            RenderInline {a} at (0,0) size 44x17 [color=#0000EE]
              RenderText {#text} at (700,0) size 44x17
                text run at (700,0) width 44: "Photos"
          RenderListItem {li} at (40,90) size 744x18
            RenderListMarker at (413,0) size 8x17: bullet
            RenderInline {a} at (0,0) size 58x17 [color=#0000EE]
              RenderText {#text} at (686,0) size 58x17
                text run at (686,0) width 58: "Statistics"
          RenderListItem {li} at (40,108) size 744x18
            RenderListMarker at (413,0) size 8x17: bullet
            RenderInline {a} at (0,0) size 149x17 [color=#0000EE]
              RenderText {#text} at (595,0) size 149x17
                text run at (595,0) width 149: "Accessibility statement"
          RenderListItem {li} at (40,126) size 744x18
            RenderListMarker at (413,0) size 8x17: bullet
            RenderInline {a} at (0,0) size 29x17 [color=#0000EE]
              RenderText {#text} at (630,0) size 29x17
                text run at (630,0) width 29: "RSS"
            RenderText {#text} at (658,0) size 11x17
              text run at (658,0) width 11: " ("
            RenderInline {a} at (0,0) size 71x17 [color=#0000EE]
              RenderText {#text} at (668,0) size 71x17
                text run at (668,0) width 71: "more feeds"
            RenderText {#text} at (738,0) size 6x17
              text run at (738,0) width 6: ")"
        RenderBlock {ul} at (0,160) size 784x18
          RenderListItem {li} at (40,0) size 744x18
            RenderListMarker at (413,0) size 8x17: bullet
            RenderInline {a} at (0,0) size 89x17 [color=#0000EE]
              RenderText {#text} at (655,0) size 89x17
                text run at (655,0) width 89: "What is RSS?"
        RenderBlock {ul} at (0,194) size 784x108
          RenderListItem {li} at (40,0) size 744x18
            RenderListMarker at (413,0) size 8x17: bullet
            RenderInline {a} at (0,0) size 92x17 [color=#0000EE]
              RenderText {#text} at (652,0) size 92x17
                text run at (652,0) width 92: "RSS Validator"
          RenderListItem {li} at (40,18) size 744x18
            RenderListMarker at (413,0) size 8x17: bullet
            RenderInline {a} at (0,0) size 149x17 [color=#0000EE]
              RenderText {#text} at (595,0) size 149x17
                text run at (595,0) width 149: "Dive Into Accessibility"
          RenderListItem {li} at (40,36) size 744x18
            RenderListMarker at (413,0) size 8x17: bullet
            RenderInline {a} at (0,0) size 101x17 [color=#0000EE]
              RenderText {#text} at (643,0) size 101x17
                text run at (643,0) width 101: "Dive Into OS X"
          RenderListItem {li} at (40,54) size 744x18
            RenderListMarker at (413,0) size 8x17: bullet
            RenderInline {a} at (0,0) size 99x17 [color=#0000EE]
              RenderText {#text} at (645,0) size 99x17
                text run at (645,0) width 99: "Dive Into J2EE"
          RenderListItem {li} at (40,72) size 744x18
            RenderListMarker at (413,0) size 8x17: bullet
            RenderInline {a} at (0,0) size 111x17 [color=#0000EE]
              RenderText {#text} at (633,0) size 111x17
                text run at (633,0) width 111: "Dive Into Python"
          RenderListItem {li} at (40,90) size 744x18
            RenderListMarker at (413,0) size 8x17: bullet
            RenderInline {a} at (0,0) size 47x17 [color=#0000EE]
              RenderText {#text} at (697,0) size 47x17
                text run at (697,0) width 47: "r\x{E9}sum\x{E9}"
