layer at (0,0) size 800x600
  RenderView at (0,0) size 800x600
layer at (0,0) size 800x600
  RenderBlock {HTML} at (0,0) size 800x600
    RenderBody {BODY} at (8,8) size 784x576
      RenderBlock {OL} at (0,0) size 784x24
        RenderListItem {LI} at (40,0) size 744x24
          RenderListMarker at (-20,3) size 16x17: "1"
          RenderText {#text} at (0,3) size 419x17
            text run at (0,3) width 419: "This test passes if the list item and list marker are evenly aligned."
