layer at (0,0) size 800x600
  RenderView at (0,0) size 800x600
layer at (0,0) size 800x600
  RenderBlock {HTML} at (0,0) size 800x600
    RenderBody {BODY} at (8,8) size 784x584
      RenderBlock {P} at (0,0) size 784x36
        RenderText {#text} at (0,0) size 108x18
          text run at (0,0) width 108: "This is a test for "
        RenderInline {I} at (0,0) size 783x36
          RenderInline {A} at (0,0) size 353x18 [color=#0000EE]
            RenderText {#text} at (107,0) size 353x18
              text run at (107,0) width 353: "http://bugzilla.opendarwin.org/show_bug.cgi?id=9252"
          RenderText {#text} at (459,0) size 783x36
            text run at (459,0) width 5: " "
            text run at (463,0) width 320: "REGRESSION: Very odd roll-over issues (content"
            text run at (0,18) width 90: "disappearing)"
        RenderText {#text} at (89,18) size 5x18
          text run at (89,18) width 5: "."
      RenderBlock {P} at (0,52) size 784x18
        RenderText {#text} at (0,0) size 246x18
          text run at (0,0) width 246: "There should be a green square below."
      RenderBlock {HR} at (0,86) size 784x2 [border: (1px inset #000000)]
      RenderBlock {DIV} at (0,96) size 784x0
      RenderBlock {DIV} at (0,96) size 100x100 [bgcolor=#008000]
