layer at (0,0) size 800x600
  RenderView at (0,0) size 800x600
layer at (0,0) size 800x386
  RenderBlock {html} at (0,0) size 800x386
    RenderBody {body} at (5,5) size 790x375
      RenderTable {table} at (41,0) size 707x375
        RenderTableSection (anonymous) at (0,0) size 707x375
          RenderTableRow {tr} at (0,0) size 707x375
            RenderTableCell {td} at (0,0) size 707x375 [r=0 c=0 rs=1 cs=3]
              RenderTable {table} at (6,6) size 694x362
                RenderTableSection (anonymous) at (0,0) size 693x361
                  RenderTableRow {tr} at (0,1) size 693x68
                    RenderTableCell {td} at (1,1) size 691x68 [r=0 c=0 rs=1 cs=2]
                      RenderBlock {h1} at (5,20) size 680x27
                        RenderText {#text} at (99,0) size 481x26
                          text run at (99,0) width 481: "Both sides should have identical size after zooming"
                  RenderTableRow {tr} at (0,69) size 693x25
                    RenderTableCell {td} at (1,69) size 345x25 [r=1 c=0 rs=1 cs=1]
                      RenderText {#text} at (145,5) size 54x14
                        text run at (145,5) width 54: "SVG Image"
                    RenderTableCell {td} at (347,69) size 345x25 [r=1 c=1 rs=1 cs=1]
                      RenderText {#text} at (145,5) size 54x14
                        text run at (145,5) width 54: "PNG Image"
                  RenderTableRow {tr} at (0,95) size 693x265
                    RenderTableCell {td} at (1,95) size 345x265 [r=2 c=0 rs=1 cs=1]
                      RenderEmbeddedObject {object} at (5,5) size 334x251
                        layer at (0,0) size 333x250
                          RenderView at (0,0) size 333x250
                        layer at (0,0) size 333x250 scrollWidth 480 scrollHeight 360
                          RenderSVGRoot {svg} at (0,0) size 333x250
                        layer at (0,0) size 333x250
                          RenderSVGViewportContainer at (0,0) size 333x250
                        layer at (30,46) size 370x230 backgroundClip at (0,0) size 333x250 clip at (0,0) size 333x250
                          RenderSVGTransformableContainer {g} at (30,46) size 370x230
                        layer at (30,46) size 50x80
                          RenderSVGRect {rect} at (0,0) size 50x80 [stroke={[type=SOLID] [color=#000000]}] [x=30.00] [y=46.00] [width=50.00] [height=80.00]
                        layer at (130,46) size 50x80
                          RenderSVGRect {rect} at (100,0) size 50x80 [fill={[type=SOLID] [color=#FF0000]}] [x=130.00] [y=46.00] [width=50.00] [height=80.00]
                        layer at (250,46) size 50x80
                          RenderSVGRect {rect} at (220,0) size 50x80 [stroke={[type=SOLID] [color=#000000]}] [x=250.00] [y=46.00] [width=50.00] [height=80.00]
                        layer at (30,196) size 50x80 backgroundClip at (0,0) size 333x250 clip at (0,0) size 333x250
                          RenderSVGRect {rect} at (0,150) size 50x80 [stroke={[type=SOLID] [color=#0000FF] [stroke width=8.00]}] [x=30.00] [y=196.00] [width=50.00] [height=80.00]
                        layer at (130,196) size 50x80 backgroundClip at (0,0) size 333x250 clip at (0,0) size 333x250
                          RenderSVGRect {rect} at (100,150) size 50x80 [stroke={[type=SOLID] [color=#0000FF] [stroke width=8.00]}] [fill={[type=SOLID] [color=#00FF00]}] [x=130.00] [y=196.00] [width=50.00] [height=80.00]
                        layer at (250,196) size 50x80 backgroundClip at (0,0) size 333x250 clip at (0,0) size 333x250
                          RenderSVGRect {rect} at (220,150) size 50x80 [stroke={[type=SOLID] [color=#0000FF] [stroke width=8.00]}] [x=250.00] [y=196.00] [width=50.00] [height=80.00]
                        layer at (1,1) size 478x358 backgroundClip at (0,0) size 333x250 clip at (0,0) size 333x250
                          RenderSVGRect {rect} at (1,1) size 478x358 [stroke={[type=SOLID] [color=#000000]}] [x=1.00] [y=1.00] [width=478.00] [height=358.00]
                      RenderText {#text} at (0,0) size 0x0
                    RenderTableCell {td} at (347,95) size 345x265 [r=2 c=1 rs=1 cs=1]
                      RenderImage {img} at (5,5) size 334x251
                      RenderText {#text} at (0,0) size 0x0
