layer at (0,0) size 800x600
  RenderView at (0,0) size 800x600
layer at (0,0) size 800x600
  RenderBlock {HTML} at (0,0) size 800x600
    RenderBody {BODY} at (8,8) size 784x576
      RenderBlock {P} at (0,0) size 784x18
        RenderInline {A} at (0,0) size 60x18 [color=#0000EE]
          RenderText {#text} at (0,0) size 60x18
            text run at (0,0) width 60: "bug 8626"
        RenderText {#text} at (60,0) size 363x18
          text run at (60,0) width 8: ": "
          text run at (68,0) width 355: "Strict mode erroneously triggered by a broken comment."
      RenderBlock {P} at (0,34) size 784x18 [color=#00FF00]
        RenderText {#text} at (0,0) size 642x18
          text run at (0,0) width 642: "This text should be green, not black (CSS color values not beginning with '#' are OK in quirks mode)."
