layer at (0,0) size 800x600
  RenderView at (0,0) size 800x600
layer at (0,0) size 800x600
  RenderBlock {HTML} at (0,0) size 800x600
    RenderBody {BODY} at (8,8) size 784x584
      RenderText {#text} at (183,24) size 246x18
        text run at (183,24) width 246: " This should not be part of the textarea."
layer at (10,10) size 179x34 clip at (11,11) size 162x32 scrollHeight 62
  RenderTextControl {TEXTAREA} at (2,2) size 179x34 [bgcolor=#FFFFFF] [border: (1px solid #000000)]
    RenderBlock {DIV} at (3,3) size 160x60
      RenderText {#text} at (0,0) size 152x45
        text run at (0,0) width 32: "<!--"
        text run at (0,15) width 152: "This should be part"
        text run at (0,30) width 128: "of the textarea."
      RenderBR {BR} at (0,45) size 0x15
