layer at (0,0) size 1000x650
  RenderView at (0,0) size 785x585
layer at (0,0) size 785x650
  RenderBlock {HTML} at (0,0) size 785x650
    RenderFrameSet {FRAMESET} at (0,0) size 1000x650
      RenderFrame {FRAME} at (0,0) size 300x650
        layer at (0,0) size 300x650
          RenderView at (0,0) size 300x650
        layer at (0,0) size 300x650
          RenderBlock {HTML} at (0,0) size 300x650
            RenderBody {BODY} at (8,8) size 284x626 [bgcolor=#008000]
              RenderBlock {P} at (0,0) size 284x36
                RenderText {#text} at (0,0) size 270x36
                  text run at (0,0) width 270: "Test for frameset flattening. The flattening"
                  text run at (0,18) width 176: "only works inside the DRT."
              RenderBlock {P} at (0,52) size 284x36
                RenderText {#text} at (0,0) size 267x36
                  text run at (0,0) width 267: "This frame should be 300px wide and not"
                  text run at (0,18) width 197: "be scrollable (have scrollbars)."
        layer at (0,350) size 300x300
          RenderBlock (positioned) {DIV} at (0,350) size 300x300 [bgcolor=#0000FF]
      RenderFrame {FRAME} at (300,0) size 700x650
        layer at (0,0) size 700x650
          RenderView at (0,0) size 700x650
        layer at (0,0) size 700x650
          RenderBlock {HTML} at (0,0) size 700x650
            RenderBody {BODY} at (8,8) size 684x634
