layer at (0,0) size 9200x800
  RenderView at (0,0) size 785x585
layer at (0,0) size 785x585
  RenderBlock {HTML} at (0,0) size 785x585
    RenderBody {BODY} at (8,8) size 769x561
      RenderBlock {DIV} at (0,0) size 769x36
        RenderBlock {P} at (0,0) size 769x36
          RenderText {#text} at (0,0) size 762x36
            text run at (0,0) width 762: "Test that an iframe with negative coordinates is not flattened, but an iframe with positive coordinates is, even if it is out of"
            text run at (0,18) width 35: "view."
      RenderBlock {P} at (0,52) size 769x0
      RenderBlock {P} at (0,52) size 769x0
layer at (1200,0) size 8000x800
  RenderIFrame {IFRAME} at (1200,0) size 8000x800
    layer at (0,0) size 8000x800
      RenderView at (0,0) size 8000x800
    layer at (0,0) size 8000x800
      RenderBlock {HTML} at (0,0) size 8000x800
        RenderBody {BODY} at (8,8) size 7984x784 [bgcolor=#0000FF]
    layer at (0,0) size 8000x800
      RenderBlock (positioned) {DIV} at (0,0) size 8000x800
        RenderText {#text} at (0,0) size 444x18
          text run at (0,0) width 444: "You will not see me but you will see the horizontal scrollbar streching."
