EDITING DELEGATE: shouldBeginEditingInDOMRange:range from 0 of DIV > BODY > HTML > #document to 2 of DIV > BODY > HTML > #document
EDITING DELEGATE: webViewDidBeginEditing:WebViewDidBeginEditingNotification
EDITING DELEGATE: webViewDidChangeSelection:WebViewDidChangeSelectionNotification
EDITING DELEGATE: shouldChangeSelectedDOMRange:range from 0 of DIV > DIV > BODY > HTML > #document to 0 of DIV > DIV > BODY > HTML > #document toDOMRange:range from 0 of #text > DIV > DIV > BODY > HTML > #document to 3 of #text > DIV > BODY > HTML > #document affinity:NSSelectionAffinityDownstream stillSelecting:FALSE
EDITING DELEGATE: webViewDidChangeSelection:WebViewDidChangeSelectionNotification
EDITING DELEGATE: shouldEndEditingInDOMRange:range from 0 of DIV > BODY > HTML > #document to 2 of DIV > BODY > HTML > #document
EDITING DELEGATE: webViewDidEndEditing:WebViewDidEndEditingNotification
EDITING DELEGATE: shouldBeginEditingInDOMRange:range from 0 of DIV > BODY > HTML > #document to 0 of DIV > BODY > HTML > #document
EDITING DELEGATE: webViewDidBeginEditing:WebViewDidBeginEditingNotification
EDITING DELEGATE: webViewDidChangeSelection:WebViewDidChangeSelectionNotification
EDITING DELEGATE: shouldInsertNode:#document-fragment replacingDOMRange:range from 0 of DIV > BODY > HTML > #document to 0 of DIV > BODY > HTML > #document givenAction:WebViewInsertActionPasted
EDITING DELEGATE: shouldChangeSelectedDOMRange:range from 0 of DIV > BODY > HTML > #document to 0 of DIV > BODY > HTML > #document toDOMRange:range from 3 of #text > DIV > BODY > HTML > #document to 3 of #text > DIV > BODY > HTML > #document affinity:NSSelectionAffinityDownstream stillSelecting:FALSE
EDITING DELEGATE: webViewDidChangeSelection:WebViewDidChangeSelectionNotification
EDITING DELEGATE: webViewDidChange:WebViewDidChangeNotification
layer at (0,0) size 800x600
  RenderView at (0,0) size 800x600
layer at (0,0) size 800x600
  RenderBlock {HTML} at (0,0) size 800x600
    RenderBody {BODY} at (8,8) size 784x584
      RenderBlock {P} at (0,0) size 784x40
        RenderText {#text} at (0,0) size 756x39
          text run at (0,0) width 756: "This tests for a bug in createMarkup (markup for ancestors of the start of the selection wasn't being added to the pasteboard)."
          text run at (0,20) width 319: "You should see the same thing in both regions below."
      RenderBlock {P} at (0,56) size 784x20
        RenderInline {B} at (0,0) size 430x19
          RenderText {#text} at (0,0) size 430x19
            text run at (0,0) width 430: "This demonstrates a bug: 'foo' is pulled out of its bordered block."
      RenderBlock {DIV} at (0,92) size 784x79
        RenderBlock {DIV} at (5,0) size 774x54 [border: (1px solid #FF0000)]
          RenderBlock (anonymous) at (1,1) size 772x20
            RenderText {#text} at (0,0) size 20x19
              text run at (0,0) width 20: "foo"
          RenderBlock {DIV} at (6,26) size 762x22 [border: (1px solid #0000FF)]
            RenderText {#text} at (1,1) size 20x19
              text run at (1,1) width 20: "bar"
        RenderBlock (anonymous) at (0,59) size 784x20
          RenderText {#text} at (0,0) size 21x19
            text run at (0,0) width 21: "baz"
      RenderBlock {DIV} at (0,176) size 784x79
        RenderBlock {DIV} at (5,0) size 774x54 [border: (1px solid #FF0000)]
          RenderBlock (anonymous) at (1,1) size 772x20
            RenderText {#text} at (0,0) size 20x19
              text run at (0,0) width 20: "foo"
          RenderBlock {DIV} at (6,26) size 762x22 [border: (1px solid #0000FF)]
            RenderText {#text} at (1,1) size 20x19
              text run at (1,1) width 20: "bar"
        RenderBlock (anonymous) at (0,59) size 784x20
          RenderText {#text} at (0,0) size 21x19
            text run at (0,0) width 21: "baz"
caret: position 3 of child 1 {#text} of child 6 {DIV} of body
