EDITING DELEGATE: shouldBeginEditingInDOMRange:range from 0 of DIV > BODY > HTML > #document to 0 of DIV > BODY > HTML > #document
EDITING DELEGATE: webViewDidBeginEditing:WebViewDidBeginEditingNotification
EDITING DELEGATE: webViewDidChangeSelection:WebViewDidChangeSelectionNotification
EDITING DELEGATE: shouldChangeSelectedDOMRange:range from 0 of DIV > BODY > HTML > #document to 0 of DIV > BODY > HTML > #document toDOMRange:range from 2 of DIV > BODY > HTML > #document to 2 of DIV > BODY > HTML > #document affinity:NSSelectionAffinityDownstream stillSelecting:FALSE
EDITING DELEGATE: webViewDidChangeSelection:WebViewDidChangeSelectionNotification
EDITING DELEGATE: webViewDidChange:WebViewDidChangeNotification
layer at (0,0) size 800x600
  RenderView at (0,0) size 800x600
layer at (0,0) size 800x600
  RenderBlock {HTML} at (0,0) size 800x600
    RenderBody {BODY} at (8,8) size 784x584
      RenderBlock {P} at (0,0) size 784x40
        RenderText {#text} at (0,0) size 613x39
          text run at (0,0) width 400: "This tests pasting a fragment containing an <iframe> after a <div>. "
          text run at (400,0) width 202: "This used to fail on an assertion in"
          text run at (0,20) width 313: "moveParagraphContentsToNewBlockIfNecessary. "
          text run at (313,20) width 300: "You should see 'foo' and then an <iframe> below."
      RenderBlock {DIV} at (0,56) size 784x72
        RenderBlock {DIV} at (0,0) size 784x20
          RenderText {#text} at (0,0) size 20x19
            text run at (0,0) width 20: "foo"
        RenderBlock (anonymous) at (0,20) size 784x52
          RenderIFrame {IFRAME} at (0,0) size 102x52 [border: (1px solid #000000)]
            layer at (0,0) size 100x50
              RenderView at (0,0) size 100x50
            layer at (0,0) size 100x50
              RenderBlock {HTML} at (0,0) size 100x50
                RenderBody {BODY} at (8,8) size 84x34
caret: position 1 of child 1 {IFRAME} of child 2 {DIV} of body
