layer at (0,0) size 800x600
  RenderView at (0,0) size 800x600
layer at (0,0) size 800x600
  RenderBlock {HTML} at (0,0) size 800x600
    RenderBody {BODY} at (8,8) size 784x584
      RenderBlock {P} at (0,0) size 784x20
        RenderText {#text} at (0,0) size 513x19
          text run at (0,0) width 232: "This tests for an infinite loop on Paste. "
          text run at (232,0) width 281: "You should see 'Hello: ' and then an input field."
      RenderBlock {DIV} at (0,36) size 784x26
        RenderText {#text} at (0,3) size 32x19
          text run at (0,3) width 32: "Hello"
        RenderTextControl {INPUT} at (34,2) size 150x22 [bgcolor=#FFFFFF] [border: (2px inset #000000)]
        RenderText {#text} at (186,3) size 3x19
          text run at (186,3) width 3: ":"
layer at (44,49) size 146x16
  RenderBlock {DIV} at (2,3) size 146x16
caret: position 1 of child 1 {INPUT} of child 2 {DIV} of body
