layer at (0,0) size 800x600
  RenderView at (0,0) size 800x600
layer at (0,0) size 800x600
  RenderBlock {HTML} at (0,0) size 800x600
    RenderBody {BODY} at (8,8) size 784x584
      RenderBlock {P} at (0,0) size 784x40
        RenderText {#text} at (0,0) size 756x39
          text run at (0,0) width 663: "This tests for a bug where content pasted at the end of a paragraph would be inserted into the next paragraph. "
          text run at (663,0) width 93: "You should see"
          text run at (0,20) width 114: "'helloworld' below."
      RenderBlock {DIV} at (0,56) size 784x20
        RenderText {#text} at (0,0) size 63x19
          text run at (0,0) width 63: "helloworld"
caret: position 10 of child 0 {#text} of child 2 {DIV} of body
