layer at (0,0) size 800x600
  RenderView at (0,0) size 800x600
layer at (0,0) size 800x600
  RenderBlock {HTML} at (0,0) size 800x600
    RenderBody {BODY} at (8,8) size 784x584
      RenderBlock {P} at (0,0) size 784x20
        RenderText {#text} at (0,0) size 782x19
          text run at (0,0) width 388: "This tests for a bug where a copied link wouldn't paste as a link. "
          text run at (388,0) width 394: "Both editable regions below should contain a link \"Hello\\nWorld\"."
      RenderBlock {DIV} at (0,36) size 784x40
        RenderInline {A} at (0,0) size 39x39 [color=#0000EE]
          RenderText {#text} at (0,0) size 32x19
            text run at (0,0) width 32: "Hello"
          RenderBR {BR} at (32,15) size 0x0
          RenderText {#text} at (0,20) size 39x19
            text run at (0,20) width 39: "World"
        RenderText {#text} at (0,0) size 0x0
      RenderBlock {DIV} at (0,76) size 784x40
        RenderInline {A} at (0,0) size 39x39 [color=#0000EE]
          RenderText {#text} at (0,0) size 32x19
            text run at (0,0) width 32: "Hello"
          RenderBR {BR} at (32,15) size 0x0
          RenderText {#text} at (0,20) size 39x19
            text run at (0,20) width 39: "World"
caret: position 5 of child 2 {#text} of child 0 {A} of child 4 {DIV} of body
