EDITING DELEGATE: shouldBeginEditingInDOMRange:range from 0 of DIV > BODY > HTML > #document to 3 of DIV > BODY > HTML > #document
EDITING DELEGATE: webViewDidBeginEditing:WebViewDidBeginEditingNotification
EDITING DELEGATE: webViewDidChangeSelection:WebViewDidChangeSelectionNotification
EDITING DELEGATE: webViewDidChangeSelection:WebViewDidChangeSelectionNotification
EDITING DELEGATE: shouldChangeSelectedDOMRange:range from 5 of #text > DIV > BODY > HTML > #document to 5 of #text > DIV > BODY > HTML > #document toDOMRange:range from 16 of #text > DIV > BODY > HTML > #document to 16 of #text > DIV > BODY > HTML > #document affinity:NSSelectionAffinityDownstream stillSelecting:FALSE
EDITING DELEGATE: webViewDidChangeSelection:WebViewDidChangeSelectionNotification
EDITING DELEGATE: webViewDidChange:WebViewDidChangeNotification
layer at (0,0) size 800x600
  RenderView at (0,0) size 800x600
layer at (0,0) size 800x600
  RenderBlock {HTML} at (0,0) size 800x600
    RenderBody {BODY} at (8,8) size 784x584
      RenderBlock {P} at (0,0) size 784x40
        RenderText {#text} at (0,0) size 777x39
          text run at (0,0) width 777: "This is a test to make sure that a placeholder, even one without our special class on it, is removed only when it has been collapsed"
          text run at (0,20) width 329: "away or when it has been displaced by pasted content."
      RenderBlock {P} at (0,56) size 784x40
        RenderText {#text} at (0,0) size 776x39
          text run at (0,0) width 659: "Placeholders with our special class can, through bugs in deletion, be inserted into the document unnecessarily. "
          text run at (659,0) width 117: "Once that happens,"
          text run at (0,20) width 672: "we don't want to make matters worse by removing them if they are acting as line breaks instead of placeholders."
      RenderBlock {DIV} at (0,112) size 784x40
        RenderText {#text} at (0,0) size 96x19
          text run at (0,0) width 96: "First paragraph."
        RenderBR {BR} at (96,15) size 0x0
        RenderText {#text} at (0,20) size 115x19
          text run at (0,20) width 115: "Second paragraph."
caret: position 16 of child 0 {#text} of child 4 {DIV} of body
