layer at (0,0) size 800x600
  RenderView at (0,0) size 800x600
layer at (0,0) size 800x600
  RenderBlock {HTML} at (0,0) size 800x600
    RenderBody {BODY} at (8,8) size 784x576
      RenderBlock {P} at (0,0) size 784x40
        RenderText {#text} at (0,0) size 749x39
          text run at (0,0) width 749: "This tests that we can drag an image into the last position of a content editable div in an iframe that already contains an image,"
          text run at (0,20) width 101: "without crashing."
      RenderBlock (anonymous) at (0,56) size 784x159
        RenderImage {IMG} at (0,51) size 76x103
        RenderText {#text} at (76,139) size 4x19
          text run at (76,139) width 4: " "
        RenderIFrame {IFRAME} at (80,0) size 304x154 [border: (2px inset #000000)]
          layer at (0,0) size 300x150
            RenderView at (0,0) size 300x150
          layer at (0,0) size 300x150
            RenderBlock {HTML} at (0,0) size 300x150
              RenderBody {BODY} at (8,8) size 284x134
                RenderBlock {DIV} at (0,0) size 272x130 [border: (1px solid #000000)]
                  RenderImage {IMG} at (1,84) size 20x20
                  RenderImage {IMG} at (21,1) size 76x103
        RenderText {#text} at (0,0) size 0x0
      RenderBlock {UL} at (0,231) size 784x0
