EDITING DELEGATE: webViewDidChangeSelection:WebViewDidChangeSelectionNotification
EDITING DELEGATE: shouldChangeSelectedDOMRange:range from 0 of DIV > #document-fragment to 0 of DIV > #document-fragment toDOMRange:range from 0 of #text > DIV > #document-fragment to 11 of #text > DIV > #document-fragment affinity:NSSelectionAffinityDownstream stillSelecting:FALSE
EDITING DELEGATE: webViewDidChangeSelection:WebViewDidChangeSelectionNotification
EDITING DELEGATE: shouldBeginEditingInDOMRange:range from 0 of DIV > BODY > HTML > #document to 0 of DIV > BODY > HTML > #document
EDITING DELEGATE: webViewDidBeginEditing:WebViewDidBeginEditingNotification
EDITING DELEGATE: webViewDidChangeSelection:WebViewDidChangeSelectionNotification
EDITING DELEGATE: shouldInsertText:Tab->	<-Tab replacingDOMRange:range from 0 of DIV > BODY > HTML > #document to 0 of DIV > BODY > HTML > #document givenAction:WebViewInsertActionPasted
EDITING DELEGATE: shouldChangeSelectedDOMRange:range from 0 of DIV > BODY > HTML > #document to 0 of DIV > BODY > HTML > #document toDOMRange:range from 5 of #text > DIV > BODY > HTML > #document to 5 of #text > DIV > BODY > HTML > #document affinity:NSSelectionAffinityDownstream stillSelecting:FALSE
EDITING DELEGATE: webViewDidChangeSelection:WebViewDidChangeSelectionNotification
EDITING DELEGATE: webViewDidChange:WebViewDidChangeNotification
layer at (0,0) size 800x600
  RenderView at (0,0) size 800x600
layer at (0,0) size 800x600
  RenderBlock {HTML} at (0,0) size 800x600
    RenderBody {BODY} at (8,8) size 784x584
      RenderBlock {P} at (0,0) size 784x40
        RenderText {#text} at (0,0) size 725x39
          text run at (0,0) width 611: "This tests copying plain text with tabs and pasting it into an editable region using paste and match tyle. "
          text run at (611,0) width 114: "The tabs should be"
          text run at (0,20) width 64: "preserved."
      RenderBlock (anonymous) at (0,56) size 784x40
        RenderText {#text} at (0,0) size 0x0
      RenderBlock {DIV} at (0,96) size 784x20
        RenderText {#text} at (0,0) size 39x19
          text run at (0,0) width 39: "Tab->"
        RenderInline {SPAN} at (0,0) size 25x19
          RenderText {#text} at (39,0) size 25x19
            text run at (39,0) width 25: "\x{9}"
        RenderText {#text} at (64,0) size 39x19
          text run at (64,0) width 39: "<-Tab"
layer at (10,66) size 179x36 clip at (11,67) size 177x34
  RenderTextControl {TEXTAREA} at (2,2) size 179x36 [bgcolor=#FFFFFF] [border: (1px solid #000000)]
    RenderBlock {DIV} at (3,3) size 175x16
      RenderText {#text} at (0,0) size 104x16
        text run at (0,0) width 104: "Tab->\x{9}<-Tab"
caret: position 5 of child 2 {#text} of child 4 {DIV} of body
