EDITING DELEGATE: shouldBeginEditingInDOMRange:range from 0 of DIV > BODY > HTML > #document to 3 of DIV > BODY > HTML > #document
EDITING DELEGATE: webViewDidBeginEditing:WebViewDidBeginEditingNotification
EDITING DELEGATE: webViewDidChangeSelection:WebViewDidChangeSelectionNotification
layer at (0,0) size 800x600
  RenderView at (0,0) size 800x600
layer at (0,0) size 800x600
  RenderBlock {HTML} at (0,0) size 800x600
    RenderBody {BODY} at (8,8) size 784x576
      RenderBlock {P} at (0,0) size 784x40
        RenderText {#text} at (0,0) size 774x39
          text run at (0,0) width 774: "On Tiger, this test demonstrates a bug in AppKit's -[NSString _documentFromRange:] method where it produces fragments with"
          text run at (0,20) width 208: "extra trailing and leading newlines. "
          text run at (208,20) width 171: "This bug is fixed in Leopard."
      RenderBlock {DIV} at (0,56) size 784x28 [border: (2px solid #FF0000)]
        RenderBlock {DIV} at (14,14) size 756x0
      RenderBlock {DIV} at (0,100) size 784x20
        RenderBlock {P} at (0,0) size 784x20
          RenderText {#text} at (0,0) size 134x19
            text run at (0,0) width 134: "FAIL - no objCPlugin"
caret: position 0 of child 3 {DIV} of body
