EDITING DELEGATE: shouldBeginEditingInDOMRange:range from 0 of BODY > HTML > #document to 10 of BODY > HTML > #document
EDITING DELEGATE: webViewDidBeginEditing:WebViewDidBeginEditingNotification
EDITING DELEGATE: webViewDidChangeSelection:WebViewDidChangeSelectionNotification
EDITING DELEGATE: webViewDidChangeSelection:WebViewDidChangeSelectionNotification
EDITING DELEGATE: webViewDidChangeSelection:WebViewDidChangeSelectionNotification
EDITING DELEGATE: webViewDidChangeSelection:WebViewDidChangeSelectionNotification
EDITING DELEGATE: webViewDidChangeSelection:WebViewDidChangeSelectionNotification
EDITING DELEGATE: webViewDidChangeSelection:WebViewDidChangeSelectionNotification
EDITING DELEGATE: webViewDidChangeSelection:WebViewDidChangeSelectionNotification
EDITING DELEGATE: shouldDeleteDOMRange:range from 0 of #text > P > DIV > DIV > BODY > HTML > #document to 0 of P > DIV > DIV > BODY > HTML > #document
EDITING DELEGATE: shouldChangeSelectedDOMRange:range from 0 of P > DIV > DIV > BODY > HTML > #document to 6 of DIV > DIV > BODY > HTML > #document toDOMRange:range from 0 of P > DIV > DIV > BODY > HTML > #document to 0 of P > DIV > DIV > BODY > HTML > #document affinity:NSSelectionAffinityDownstream stillSelecting:FALSE
EDITING DELEGATE: webViewDidChangeSelection:WebViewDidChangeSelectionNotification
EDITING DELEGATE: webViewDidChange:WebViewDidChangeNotification
EDITING DELEGATE: webViewDidChangeSelection:WebViewDidChangeSelectionNotification
EDITING DELEGATE: webViewDidChangeSelection:WebViewDidChangeSelectionNotification
EDITING DELEGATE: webViewDidChangeSelection:WebViewDidChangeSelectionNotification
EDITING DELEGATE: webViewDidChangeSelection:WebViewDidChangeSelectionNotification
EDITING DELEGATE: webViewDidChangeSelection:WebViewDidChangeSelectionNotification
EDITING DELEGATE: webViewDidChangeSelection:WebViewDidChangeSelectionNotification
EDITING DELEGATE: shouldInsertNode:#document-fragment replacingDOMRange:range from 2 of P > DIV > DIV > BODY > HTML > #document to 2 of P > DIV > DIV > BODY > HTML > #document givenAction:WebViewInsertActionPasted
EDITING DELEGATE: shouldChangeSelectedDOMRange:range from 13 of #text > P > DIV > DIV > BODY > HTML > #document to 13 of #text > P > DIV > DIV > BODY > HTML > #document toDOMRange:range from 0 of DIV > DIV > DIV > BODY > HTML > #document to 0 of DIV > DIV > DIV > BODY > HTML > #document affinity:NSSelectionAffinityDownstream stillSelecting:FALSE
EDITING DELEGATE: webViewDidChangeSelection:WebViewDidChangeSelectionNotification
EDITING DELEGATE: webViewDidChange:WebViewDidChangeNotification
layer at (0,0) size 800x600
  RenderView at (0,0) size 800x600
layer at (0,0) size 800x600
  RenderBlock {HTML} at (0,0) size 800x600
    RenderBody {BODY} at (8,8) size 784x584
      RenderBlock (anonymous) at (0,0) size 784x40
        RenderText {#text} at (0,0) size 89x19
          text run at (0,0) width 89: "Fixes this bug: "
        RenderInline {A} at (0,0) size 164x19 [color=#0000EE]
          RenderText {#text} at (89,0) size 164x19
            text run at (89,0) width 164: "<rdar://problem/3927554>"
        RenderText {#text} at (253,0) size 367x19
          text run at (253,0) width 367: " REGRESSION (Mail): Paste inserts content in wrong place "
        RenderBR {BR} at (0,0) size 0x0
        RenderText {#text} at (0,20) size 355x19
          text run at (0,20) width 355: "***TEST*** line should be second, following the first line."
      RenderBlock {DIV} at (0,40) size 784x12
      RenderBlock {DIV} at (0,52) size 784x224
        RenderBlock {DIV} at (0,0) size 784x224 [border: (2px solid #FF0000)]
          RenderBlock {P} at (14,14) size 756x28
            RenderText {#text} at (0,0) size 313x27
              text run at (0,0) width 313: "Should be first line of document."
            RenderBR {BR} at (313,21) size 0x0
          RenderBlock {P} at (14,42) size 756x28
            RenderText {#text} at (0,0) size 127x27
              text run at (0,0) width 127: "***TEST***"
          RenderBlock {DIV} at (14,70) size 756x28
            RenderBR {BR} at (0,0) size 0x27
          RenderBlock {P} at (14,98) size 756x28
            RenderText {#text} at (0,0) size 126x27
              text run at (0,0) width 126: "Another line."
          RenderBlock {P} at (14,126) size 756x0
          RenderBlock (anonymous) at (14,126) size 756x28
            RenderText {#text} at (0,0) size 6x27
              text run at (0,0) width 6: " "
          RenderBlock {P} at (14,154) size 756x0
          RenderBlock (anonymous) at (14,154) size 756x28
            RenderText {#text} at (0,0) size 6x27
              text run at (0,0) width 6: " "
          RenderBlock {P} at (14,182) size 756x28
            RenderBR {BR} at (0,0) size 0x27
caret: position 0 of child 0 {BR} of child 2 {DIV} of child 1 {DIV} of child 7 {DIV} of body
