EDITING DELEGATE: shouldBeginEditingInDOMRange:range from 0 of DIV > BODY > HTML > #document to 1 of DIV > BODY > HTML > #document
EDITING DELEGATE: webViewDidBeginEditing:WebViewDidBeginEditingNotification
EDITING DELEGATE: webViewDidChangeSelection:WebViewDidChangeSelectionNotification
EDITING DELEGATE: shouldChangeSelectedDOMRange:range from 0 of CENTER > DIV > BODY > HTML > #document to 0 of CENTER > DIV > BODY > HTML > #document toDOMRange:range from 0 of CENTER > DIV > BODY > HTML > #document to 1 of CENTER > DIV > BODY > HTML > #document affinity:NSSelectionAffinityDownstream stillSelecting:FALSE
EDITING DELEGATE: webViewDidChangeSelection:WebViewDidChangeSelectionNotification
EDITING DELEGATE: shouldEndEditingInDOMRange:range from 0 of DIV > BODY > HTML > #document to 1 of DIV > BODY > HTML > #document
EDITING DELEGATE: webViewDidEndEditing:WebViewDidEndEditingNotification
EDITING DELEGATE: shouldBeginEditingInDOMRange:range from 0 of DIV > BODY > HTML > #document to 0 of DIV > BODY > HTML > #document
EDITING DELEGATE: webViewDidBeginEditing:WebViewDidBeginEditingNotification
EDITING DELEGATE: webViewDidChangeSelection:WebViewDidChangeSelectionNotification
layer at (0,0) size 800x600
  RenderView at (0,0) size 800x600
layer at (0,0) size 800x600
  RenderBlock {HTML} at (0,0) size 800x600
    RenderBody {BODY} at (8,8) size 784x584
      RenderBlock {P} at (0,0) size 784x40
        RenderText {#text} at (0,0) size 772x39
          text run at (0,0) width 334: "This tests copy/paste of styled elements, like images. "
          text run at (334,0) width 438: "The image in the region below should be centered after its copied and"
          text run at (0,20) width 44: "pasted."
      RenderBlock {P} at (0,56) size 784x40
        RenderInline {B} at (0,0) size 778x39
          RenderText {#text} at (0,0) size 778x39
            text run at (0,0) width 778: "This demonstrates a bug: createMarkup puts the text-align property on the image, which doesn't center it, so its left"
            text run at (0,20) width 113: "aligned on paste."
      RenderBlock {DIV} at (0,112) size 784x103
        RenderBlock {CENTER} at (0,0) size 784x103
          RenderImage {IMG} at (354,0) size 76x103
      RenderBlock {DIV} at (0,215) size 784x20
caret: position 0 of child 6 {DIV} of body
