layer at (0,0) size 800x600
  RenderView at (0,0) size 800x600
layer at (0,0) size 800x600
  RenderBlock {HTML} at (0,0) size 800x600
    RenderBody {BODY} at (8,8) size 784x584
      RenderBlock {P} at (0,0) size 784x40
        RenderText {#text} at (0,0) size 773x39
          text run at (0,0) width 613: "This tests to make sure that a drag-selecting through a -webkit-user-select:ignore region works. "
          text run at (612,0) width 161: "The selection should end"
          text run at (0,20) width 271: "somewhere inside the word 'World' below."
      RenderBlock {DIV} at (0,56) size 784x20
        RenderInline {SPAN} at (0,0) size 36x19
          RenderText {#text} at (0,0) size 36x19
            text run at (0,0) width 36: "Hello"
        RenderText {#text} at (35,0) size 5x19
          text run at (35,0) width 5: " "
        RenderInline {SPAN} at (0,0) size 41x19
          RenderText {#text} at (39,0) size 41x19
            text run at (39,0) width 41: "World"
caret: position 0 of child 0 {#text} of child 0 {SPAN} of child 2 {DIV} of body
