layer at (0,0) size 800x600
  RenderView at (0,0) size 800x600
layer at (0,0) size 800x600
  RenderBlock {HTML} at (0,0) size 800x600
    RenderBody {BODY} at (8,8) size 784x584
      RenderBlock {P} at (0,0) size 784x60
        RenderText {#text} at (0,0) size 768x59
          text run at (0,0) width 768: "We delay focus until mouse up if the mouse down occurs inside a focusable node that is inside an already focused node."
          text run at (0,20) width 568: "But we shouldn't delay focus unless the mouse down occurs in an already focused node. "
          text run at (567,20) width 196: "The text field below should be"
          text run at (0,40) width 58: "focused. "
        RenderInline {B} at (0,0) size 662x19
          RenderText {#text} at (57,40) size 662x19
            text run at (57,40) width 662: "To run manually, select everything from 'foo' though 'baz', then mouse down inside the text field."
      RenderBlock {DIV} at (0,76) size 784x65
        RenderBlock {DIV} at (0,0) size 784x20
          RenderText {#text} at (0,0) size 22x19
            text run at (0,0) width 22: "foo"
        RenderBlock (anonymous) at (0,20) size 784x25
          RenderTextControl {INPUT} at (2,2) size 136x22 [bgcolor=#FFFFFF] [border: (1px solid #4C4C4C)]
        RenderBlock {DIV} at (0,45) size 784x20
          RenderText {#text} at (0,0) size 23x19
            text run at (0,0) width 23: "baz"
layer at (17,109) size 122x14
  RenderBlock {DIV} at (6,3) size 123x15
caret: position 0 of child 0 {DIV} of {#document-fragment} of child 1 {INPUT} of child 2 {DIV} of body
