layer at (0,0) size 800x600
  RenderView at (0,0) size 800x600
layer at (0,0) size 800x600
  RenderBlock {HTML} at (0,0) size 800x600
    RenderBody {BODY} at (8,8) size 784x584
      RenderBlock {P} at (0,0) size 784x40
        RenderText {#text} at (0,0) size 769x39
          text run at (0,0) width 457: "This tests clicking to place a caret in the padding of an editable region. "
          text run at (456,0) width 313: "The eventSender clicks to the left of the ToDo in"
          text run at (0,20) width 537: "the left padding of the editable region and the caret should be just before that ToDo."
      RenderBlock {DIV} at (0,56) size 784x122 [border: (1px solid #000000)]
        RenderBlock {DIV} at (26,26) size 732x20
          RenderText {#text} at (0,0) size 100x19
            text run at (0,0) width 100: "Paragraph One."
        RenderTable {TABLE} at (26,46) size 91x30 [border: (1px solid #BBBBBB)]
          RenderTableSection {TBODY} at (1,1) size 89x28
            RenderTableRow {TR} at (0,2) size 89x24 [border: (1px solid #BBBBBB)]
              RenderTableCell {TD} at (2,2) size 8x24 [border: (1px solid #BBBBBB)] [r=0 c=0 rs=1 cs=1]
                RenderText {#text} at (2,2) size 4x19
                  text run at (2,2) width 4: " "
              RenderTableCell {TD} at (12,2) size 75x24 [border: (1px solid #BBBBBB)] [r=0 c=1 rs=1 cs=1]
                RenderText {#text} at (2,2) size 71x19
                  text run at (2,2) width 71: "ToDo One."
        RenderBlock {DIV} at (26,76) size 732x20
          RenderText {#text} at (0,0) size 102x19
            text run at (0,0) width 102: "Paragraph Two."
caret: position 0 of child 3 {TABLE} of child 3 {DIV} of body
