layer at (0,0) size 800x600
  RenderView at (0,0) size 800x600
layer at (0,0) size 800x146
  RenderBlock {HTML} at (0,0) size 800x146
    RenderBody {BODY} at (8,16) size 784x122
      RenderBlock {P} at (0,0) size 784x40
        RenderText {#text} at (0,0) size 772x39
          text run at (0,0) width 772: "This tests that clicking in a contenteditable div will set the caret in the right position for RTL text in a LTR block. To test"
          text run at (0,20) width 457: "manually, click the left of the text. The caret should be on the left edge."
      RenderBlock {DIV} at (0,56) size 201x46 [border: (1px solid #000000)]
        RenderText {#text} at (11,11) size 60x23
          text run at (11,11) width 60 RTL: "\x{5E9}\x{5D3}\x{5D4} \x{5D1}\x{5D5}\x{5E8}"
      RenderBlock (anonymous) at (0,102) size 784x20
        RenderText {#text} at (0,0) size 213x19
          text run at (0,0) width 213: "FAIL: wrong offset 7, expected 0"
        RenderBR {BR} at (212,0) size 1x19
caret: position 7 of child 0 {#text} of child 3 {DIV} of body
