EDITING DELEGATE: shouldBeginEditingInDOMRange:range from 0 of DIV > BODY > HTML > #document to 3 of DIV > BODY > HTML > #document
EDITING DELEGATE: webViewDidBeginEditing:WebViewDidBeginEditingNotification
EDITING DELEGATE: webViewDidChangeSelection:WebViewDidChangeSelectionNotification
layer at (0,0) size 800x600
  RenderView at (0,0) size 800x600
layer at (0,0) size 800x600
  RenderBlock {HTML} at (0,0) size 800x600
    RenderBody {BODY} at (8,8) size 784x584
      RenderBlock {P} at (0,0) size 784x40
        RenderText {#text} at (0,0) size 752x39
          text run at (0,0) width 752: "This tests that the caret and the focus halo are not displayed when the WebView is not focused (using the pixel output"
          text run at (0,20) width 160: "from DumpRenderTree)."
      RenderBlock {DIV} at (0,56) size 784x20
        RenderText {#text} at (0,0) size 67x19
          text run at (0,0) width 67: "This is an "
        RenderInline {SPAN} at (0,0) size 51x19
          RenderText {#text} at (66,0) size 51x19
            text run at (66,0) width 51: "editable"
        RenderText {#text} at (116,0) size 414x19
          text run at (116,0) width 414: " region. No caret or focus ring should appear in the pixel results."
caret: position 11 of child 0 {#text} of child 3 {DIV} of body
