layer at (0,0) size 800x600
  RenderView at (0,0) size 800x600
layer at (0,0) size 800x600
  RenderBlock {HTML} at (0,0) size 800x600
    RenderBody {BODY} at (8,8) size 784x584
      RenderBlock {P} at (0,0) size 784x40
        RenderText {#text} at (0,0) size 54x19
          text run at (0,0) width 54: "Test for "
        RenderInline {I} at (0,0) size 752x39
          RenderInline {A} at (0,0) size 305x19 [color=#0000EE]
            RenderText {#text} at (53,0) size 305x19
              text run at (53,0) width 305: "http://bugs.webkit.org/show_bug.cgi?id=14347"
          RenderText {#text} at (357,0) size 752x39
            text run at (357,0) width 5: " "
            text run at (361,0) width 391: "REGRESSION (r21291): Initiating a drag near the edge of a"
            text run at (0,20) width 132: "selection deselects it"
        RenderText {#text} at (131,20) size 5x19
          text run at (131,20) width 5: "."
      RenderBlock {P} at (0,56) size 784x20
        RenderText {#text} at (0,0) size 334x19
          text run at (0,0) width 334: "Drag the selected letter W into the yellow rectangle."
      RenderBlock {DIV} at (0,92) size 784x85
        RenderText {#text} at (0,2) size 68x81
          text run at (0,2) width 68: "W"
      RenderBlock {DIV} at (0,177) size 784x85 [bgcolor=#FFFFCC]
caret: position 0 of child 6 {DIV} of body
