layer at (0,0) size 800x600
  RenderView at (0,0) size 800x600
layer at (0,0) size 800x600
  RenderBlock {HTML} at (0,0) size 800x600
    RenderBody {BODY} at (8,8) size 784x579
      RenderBlock (anonymous) at (0,0) size 784x60
        RenderText {#text} at (0,0) size 778x59
          text run at (0,0) width 778: "This tests to see that a caret is placed inside an editable document that is entirely editable even when no caret is requested"
          text run at (0,20) width 121: "programmatically. "
          text run at (120,20) width 190: "We do this as a convenience. "
          text run at (309,20) width 424: "Right now, we only do this convenience when a document's frame"
          text run at (0,40) width 442: "becomes first responder or when a document's window becomes key."
      RenderBlock {PRE} at (0,73) size 784x28
        RenderText {#text} at (0,0) size 289x28
          text run at (0,0) width 289: "Test Failed - there should be a caret"
          text run at (0,14) width 0: " "
