ALERT: 0.1724137931034483
layer at (0,0) size 800x600
  RenderView at (0,0) size 800x600
layer at (0,0) size 800x600
  RenderBlock {HTML} at (0,0) size 800x600
    RenderBody {BODY} at (8,8) size 784x576
      RenderBlock {P} at (0,0) size 784x20
        RenderText {#text} at (0,0) size 221x19
          text run at (0,0) width 221: "This tests for a drag select crasher."
      RenderBlock {DIV} at (0,36) size 784x25
        RenderInline {SPAN} at (0,0) size 66x19
          RenderText {#text} at (0,1) size 66x19
            text run at (0,1) width 66: "Start here."
        RenderText {#text} at (65,1) size 5x19
          text run at (65,1) width 5: " "
        RenderTextControl {INPUT} at (71,2) size 137x22 [bgcolor=#FFFFFF] [border: (1px solid #4C4C4C)]
      RenderBlock {UL} at (0,77) size 784x0
layer at (86,49) size 122x14
  RenderBlock {DIV} at (6,3) size 123x15
caret: position 4 of child 0 {#text} of child 0 {SPAN} of child 2 {DIV} of body
