EDITING DELEGATE: shouldBeginEditingInDOMRange:range from 0 of BODY > HTML > #document to 3 of BODY > HTML > #document
EDITING DELEGATE: webViewDidBeginEditing:WebViewDidBeginEditingNotification
EDITING DELEGATE: shouldChangeSelectedDOMRange:(null) toDOMRange:range from 1 of #text > SPAN > BODY > HTML > #document to 1 of #text > SPAN > BODY > HTML > #document affinity:NSSelectionAffinityDownstream stillSelecting:FALSE
EDITING DELEGATE: webViewDidChangeSelection:WebViewDidChangeSelectionNotification
layer at (0,0) size 800x600
  RenderView at (0,0) size 800x600
layer at (0,0) size 800x600
  RenderBlock {HTML} at (0,0) size 800x600
    RenderBody {BODY} at (8,8) size 784x584
      RenderInline {SPAN} at (0,0) size 20x19
        RenderText {#text} at (0,0) size 20x19
          text run at (0,0) width 20: "On"
      RenderText {#text} at (19,0) size 745x39
        text run at (19,0) width 477: "ly the first two letters of the first word in this sentence should be selected. "
        text run at (495,0) width 246: "To run this test manually, double click"
        text run at (740,0) width 5: " "
        text run at (0,20) width 419: "between the first two letters of the first word of the first sentence."
      RenderText {#text} at (0,0) size 0x0
caret: position 1 of child 0 {#text} of child 0 {SPAN} of body
