EDITING DELEGATE: shouldChangeSelectedDOMRange:(null) toDOMRange:range from 15 of #text > BODY > HTML > #document to 15 of #text > BODY > HTML > #document affinity:NSSelectionAffinityDownstream stillSelecting:FALSE
EDITING DELEGATE: webViewDidChangeSelection:WebViewDidChangeSelectionNotification
layer at (0,0) size 800x600
  RenderView at (0,0) size 800x600
layer at (0,0) size 800x600
  RenderBlock {HTML} at (0,0) size 800x600
    RenderBody {BODY} at (8,8) size 784x584
      RenderText {#text} at (0,0) size 764x39
        text run at (0,0) width 764: "This tests whether certain NSResponder methods that should only operate on editable regions modify a selection that is"
        text run at (0,20) width 160: "not in an editable region."
      RenderBR {BR} at (159,35) size 1x0
      RenderText {#text} at (0,40) size 86x19
        text run at (0,40) width 86: "This is a para"
      RenderInline {SPAN} at (0,0) size 9x19 [color=#0000FF]
        RenderText {#text} at (85,40) size 9x19
          text run at (85,40) width 9: "g"
      RenderText {#text} at (93,40) size 34x19
        text run at (93,40) width 34: "raph."
      RenderBR {BR} at (126,55) size 1x0
      RenderText {#text} at (0,60) size 65x19
        text run at (0,60) width 65: "Some text"
      RenderBR {BR} at (64,75) size 1x0
      RenderText {#text} at (0,80) size 65x19
        text run at (0,80) width 65: "Some text"
      RenderBR {BR} at (64,95) size 1x0
      RenderText {#text} at (0,100) size 65x19
        text run at (0,100) width 65: "Some text"
      RenderBR {BR} at (64,115) size 1x0
      RenderText {#text} at (0,120) size 65x19
        text run at (0,120) width 65: "Some text"
      RenderBR {BR} at (64,135) size 1x0
      RenderText {#text} at (0,140) size 127x19
        text run at (0,140) width 127: "This is a paragraph."
      RenderText {#text} at (0,0) size 0x0
caret: position 15 of child 2 {#text} of body
