EDITING DELEGATE: shouldChangeSelectedDOMRange:(null) toDOMRange:range from 11 of #text > DIV > #document-fragment to 11 of #text > DIV > #document-fragment affinity:NSSelectionAffinityDownstream stillSelecting:FALSE
EDITING DELEGATE: webViewDidChangeSelection:WebViewDidChangeSelectionNotification
layer at (0,0) size 800x600
  RenderView at (0,0) size 800x600
layer at (0,0) size 800x600
  RenderBlock {HTML} at (0,0) size 800x600
    RenderBody {BODY} at (8,8) size 784x576
      RenderBlock {P} at (0,0) size 784x40
        RenderText {#text} at (0,0) size 108x19
          text run at (0,0) width 108: "This is a test for "
        RenderInline {I} at (0,0) size 767x39
          RenderInline {A} at (0,0) size 353x19 [color=#0000EE]
            RenderText {#text} at (107,0) size 353x19
              text run at (107,0) width 353: "http://bugzilla.opendarwin.org/show_bug.cgi?id=9312"
          RenderText {#text} at (459,0) size 767x39
            text run at (459,0) width 5: " "
            text run at (463,0) width 304: "REGRESSION: Selection bug in new text fields"
            text run at (0,20) width 217: "when selecting past the first letter"
        RenderText {#text} at (216,20) size 5x19
          text run at (216,20) width 5: "."
      RenderBlock {HR} at (0,56) size 784x2 [border: (1px inset #000000)]
      RenderBlock {P} at (0,74) size 784x60
        RenderText {#text} at (0,0) size 771x59
          text run at (0,0) width 761: "Curabitur pretium, quam quis semper malesuada, est libero feugiat libero, vel fringilla orci nibh sed neque. Quisque eu"
          text run at (0,20) width 771: "nulla non nisi molestie accumsan. Etiam tellus urna, laoreet ac, laoreet non, suscipit sed, sapien. Phasellus vehicula, sem"
          text run at (0,40) width 569: "at posuere vehicula, augue nibh molestie nisl, nec ullamcorper lacus ante vulputate pede."
      RenderBlock (anonymous) at (0,150) size 784x91
        RenderTextControl {INPUT} at (20,20) size 289x51 [bgcolor=#FFFFFF] [border: (1px solid #4C4C4C)]
        RenderText {#text} at (0,0) size 0x0
      RenderBlock {P} at (0,257) size 784x80
        RenderText {#text} at (0,0) size 772x79
          text run at (0,0) width 772: "Cum sociis natoque penatibus et magnis dis parturient montes, nascetur ridiculus mus. Mauris viverra augue vitae purus."
          text run at (0,20) width 728: "Morbi sed sem. Donec dui nisi, ultrices non, pretium quis, hendrerit non, est. Donec tellus. Donec eget dui id eros"
          text run at (0,40) width 767: "pharetra rutrum. Suspendisse sodales lectus sit amet nulla. Morbi tortor arcu, convallis blandit, elementum eu, aliquet a,"
          text run at (0,60) width 39: "tellus."
layer at (39,189) size 267x29
  RenderBlock {DIV} at (11,11) size 267x29
    RenderText {#text} at (0,0) size 199x29
      text run at (0,0) width 199: "Lorem ipsum dolor"
caret: position 11 of child 0 {#text} of child 0 {DIV} of {#document-fragment} of child 7 {INPUT} of body
