EDITING DELEGATE: shouldBeginEditingInDOMRange:range from 0 of DIV > BODY > HTML > #document to 3 of DIV > BODY > HTML > #document
EDITING DELEGATE: webViewDidBeginEditing:WebViewDidBeginEditingNotification
EDITING DELEGATE: shouldChangeSelectedDOMRange:(null) toDOMRange:range from 30 of #text > PRE > DIV > DIV > BODY > HTML > #document to 30 of #text > PRE > DIV > DIV > BODY > HTML > #document affinity:NSSelectionAffinityDownstream stillSelecting:FALSE
EDITING DELEGATE: webViewDidChangeSelection:WebViewDidChangeSelectionNotification
layer at (0,0) size 800x600
  RenderView at (0,0) size 800x600
layer at (0,0) size 800x600
  RenderBlock {HTML} at (0,0) size 800x600
    RenderBody {BODY} at (8,8) size 784x584
      RenderBlock {P} at (0,0) size 784x20
        RenderText {#text} at (0,0) size 691x19
          text run at (0,0) width 388: "This tests modifying a selection created with a double click. "
          text run at (387,0) width 304: "The new selection should use word granularity."
      RenderBlock {P} at (0,36) size 784x40 [color=#008000]
        RenderText {#text} at (0,0) size 782x39
          text run at (0,0) width 229: "This test does not run interactively. "
          text run at (228,0) width 360: "It uses the testRunners eventSender to do mouse clicks. "
          text run at (587,0) width 195: "To run it manually, triple click"
          text run at (0,20) width 459: "on the second line in the box below (anywhere after \"whitespace:pre\"). "
          text run at (458,20) width 282: "The triple click should select the entire line."
      RenderBlock {DIV} at (0,92) size 784x56
        RenderBlock {DIV} at (0,0) size 784x56 [border: (1px solid #0000FF)]
          RenderBlock {PRE} at (1,14) size 782x28
            RenderText {#text} at (0,0) size 118x28
              text run at (0,0) width 118: "this text is in"
              text run at (117,0) width 1: " "
              text run at (0,14) width 110: "whitespace:pre"
caret: position 30 of child 0 {#text} of child 1 {PRE} of child 1 {DIV} of child 5 {DIV} of body
