layer at (0,0) size 800x600
  RenderView at (0,0) size 800x600
layer at (0,0) size 800x406
  RenderBlock {html} at (0,0) size 800x406
    RenderBody {body} at (8,16) size 784x374
      RenderBlock {p} at (0,0) size 784x18
        RenderText {#text} at (0,0) size 438x18
          text run at (0,0) width 438: "There should be two identical blue squares below, and no scrollbars."
      RenderBlock {div} at (0,34) size 160x160 [bgcolor=#000080]
      RenderBlock {p} at (0,210) size 784x164
        RenderIFrame {iframe} at (0,0) size 160x160 [bgcolor=#FF0000]
          layer at (0,0) size 160x160
            RenderView at (0,0) size 160x160
          layer at (0,0) size 160x160
            RenderSVGRoot {svg} at (0,0) size 160x160
              RenderSVGRect {rect} at (0,0) size 160x160 [fill={[type=SOLID] [color=#000080]}] [x=0.00] [y=0.00] [width=160.00] [height=160.00]
