layer at (0,0) size 800x600
  RenderView at (0,0) size 800x600
layer at (0,0) size 800x266
  RenderBlock {HTML} at (0,0) size 800x266
    RenderBody {BODY} at (8,16) size 784x242
      RenderBlock {P} at (0,0) size 784x18
        RenderText {#text} at (0,0) size 507x18
          text run at (0,0) width 507: "The iframes below should remain grey with no repaint artifacts when scrolling."
      RenderBlock {DIV} at (0,34) size 784x208
        RenderBlock {DIV} at (0,0) size 154x208
        RenderText {#text} at (154,190) size 4x18
          text run at (154,190) width 4: " "
        RenderBlock {DIV} at (158,0) size 154x208
        RenderText {#text} at (0,0) size 0x0
layer at (8,50) size 154x208
  RenderBlock (relative positioned) {DIV} at (0,0) size 154x208
layer at (8,51) size 154x208
  RenderBlock (relative positioned) {DIV} at (0,0) size 154x208
    RenderIFrame {IFRAME} at (0,0) size 154x204 [border: (2px inset #000000)]
      layer at (0,0) size 135x1016
        RenderView at (0,0) size 135x200
      layer at (0,0) size 135x1016
        RenderBlock {HTML} at (0,0) size 135x1016
          RenderBody {BODY} at (8,8) size 119x1000 [bgcolor=#C0C0C0]
    RenderText {#text} at (0,0) size 0x0
layer at (166,50) size 154x208
  RenderBlock (relative positioned) {DIV} at (0,0) size 154x208
layer at (166,51) size 154x208
  RenderBlock (relative positioned) {DIV} at (0,0) size 154x208
    RenderIFrame {IFRAME} at (0,0) size 154x204 [border: (2px inset #000000)]
      layer at (0,0) size 135x1016
        RenderView at (0,0) size 135x200
      layer at (0,0) size 135x1016
        RenderBlock {HTML} at (0,0) size 135x1016
          RenderBody {BODY} at (8,8) size 119x1000 [bgcolor=#C0C0C0]
    RenderText {#text} at (0,0) size 0x0
