layer at (0,0) size 800x600
  RenderView at (0,0) size 800x600
layer at (0,0) size 800x133
  RenderBlock {HTML} at (0,0) size 800x133
    RenderBody {BODY} at (8,8) size 784x105
      RenderBlock (anonymous) at (0,0) size 784x85
        RenderText {#text} at (0,0) size 762x34
          text run at (0,0) width 762: "This test checks that the text-overflow: ellipsis property is handled correctly when using an SVG font and having kerning"
          text run at (0,17) width 104: "and ligatures on."
        RenderBR {BR} at (104,17) size 0x17
        RenderBR {BR} at (0,34) size 0x17
        RenderText {#text} at (0,51) size 517x17
          text run at (0,51) width 517: "Pass if some text is shown followed by an ellipsis (NOT just the ellipsis by itself). "
        RenderBR {BR} at (517,51) size 0x17
        RenderBR {BR} at (0,68) size 0x17
layer at (8,93) size 182x20 clip at (9,94) size 180x18 scrollWidth 333
  RenderBlock {DIV} at (0,85) size 182x20 [border: (1px solid #000000)]
    RenderText {#text} at (1,2) size 334x16
      text run at (1,2) width 334: "abc abc abc abc abc abc abc abc abc abc"
