layer at (0,0) size 800x600
  RenderView at (0,0) size 800x600
layer at (0,0) size 800x8
  RenderBlock {html} at (0,0) size 800x8
    RenderBody {body} at (8,8) size 784x0
layer at (0,0) size 200x200
  RenderBlock (positioned) {svg} at (0,0) size 200x200
    RenderInline {svg} at (0,0) size 84x17
      RenderText {#text} at (0,0) size 0x0
      RenderInline {text} at (0,0) size 84x17
        RenderText {#text} at (0,0) size 42x17
          text run at (0,0) width 42: "PASS "
        RenderInline {tspan} at (41,0) size 39x17
          RenderText {#text} at (41,0) size 39x17
            text run at (41,0) width 39: "PASS"
        RenderText {#text} at (79,0) size 5x17
          text run at (79,0) width 5: " "
      RenderText {#text} at (0,0) size 0x0
    RenderText {#text} at (0,0) size 0x0
    RenderInline {svg} at (83,0) size 80x17
      RenderText {#text} at (0,0) size 0x0
      RenderInline {text} at (83,0) size 80x17
        RenderText {#text} at (83,0) size 42x17
          text run at (83,0) width 42: "PASS "
        RenderInline {tspan} at (124,0) size 39x17
          RenderText {#text} at (124,0) size 39x17
            text run at (124,0) width 39: "PASS"
        RenderText {#text} at (0,0) size 0x0
      RenderText {#text} at (0,0) size 0x0
    RenderText {#text} at (0,0) size 0x0
