layer at (0,0) size 800x600
  RenderView at (0,0) size 800x600
layer at (0,0) size 800x600
  RenderBlock {HTML} at (0,0) size 800x600
    RenderBody {BODY} at (8,8) size 784x584
      RenderBlock (anonymous) at (0,0) size 784x54
        RenderText {#text} at (0,0) size 781x35
          text run at (0,0) width 781: "Test that <ruby> rendered as inline-table (or somesuch) is not affected by ruby rendering. Both <div> below should look the"
          text run at (0,18) width 36: "same."
        RenderBR {BR} at (36,18) size 0x17
        RenderBR {BR} at (0,36) size 0x17
      RenderBlock {DIV} at (3,57) size 778x48 [bgcolor=#FFFFDD] [border: (1px solid #000000)]
        RenderText {#text} at (9,20) size 224x17
          text run at (9,20) width 224: "This is some XHTML1.1 text with "
        RenderTable {SPAN} at (233,9) size 39x29
          RenderTableSection {SPAN} at (0,11) size 39x18
            RenderTableRow (anonymous) at (0,0) size 39x18
              RenderTableCell (anonymous) at (0,0) size 39x18 [r=0 c=0 rs=1 cs=1]
                RenderText {#text} at (2,0) size 35x17
                  text run at (2,0) width 35: "Ruby"
          RenderTableSection {SPAN} at (0,0) size 39x11
            RenderTableRow (anonymous) at (0,0) size 39x11
              RenderTableCell (anonymous) at (0,0) size 39x11 [r=0 c=0 rs=1 cs=1]
                RenderText {#text} at (0,0) size 39x11
                  text run at (0,0) width 39: "guide text"
        RenderText {#text} at (272,20) size 56x17
          text run at (272,20) width 56: " markup."
      RenderBlock (anonymous) at (0,107) size 784x19
        RenderBR {BR} at (0,0) size 0x17
      RenderBlock {DIV} at (3,128) size 778x48 [bgcolor=#FFFFDD] [border: (1px solid #000000)]
        RenderText {#text} at (9,20) size 224x17
          text run at (9,20) width 224: "This is some XHTML1.1 text with "
        RenderTable {RUBY} at (233,9) size 39x29
          RenderTableSection {RB} at (0,11) size 39x18
            RenderTableRow (anonymous) at (0,0) size 39x18
              RenderTableCell (anonymous) at (0,0) size 39x18 [r=0 c=0 rs=1 cs=1]
                RenderText {#text} at (2,0) size 35x17
                  text run at (2,0) width 35: "Ruby"
          RenderTableSection {RT} at (0,0) size 39x11
            RenderTableRow (anonymous) at (0,0) size 39x11
              RenderTableCell (anonymous) at (0,0) size 39x11 [r=0 c=0 rs=1 cs=1]
                RenderText {#text} at (0,0) size 39x11
                  text run at (0,0) width 39: "guide text"
        RenderText {#text} at (272,20) size 56x17
          text run at (272,20) width 56: " markup."
