layer at (0,0) size 800x1189
  RenderView at (0,0) size 800x600
layer at (0,0) size 800x1189
  RenderBlock {HTML} at (0,0) size 800x1189
    RenderBody {BODY} at (8,8) size 784x1173
      RenderBlock {DIV} at (0,0) size 784x29
        RenderText {#text} at (0,0) size 381x29
          text run at (0,0) width 381: "This is a test for -webkit-system-font"
      RenderBlock {DIV} at (0,29) size 784x29
        RenderText {#text} at (0,0) size 732x29
          text run at (0,0) width 732: "This is a test for -apple-system. It should be the same as the line above."
      RenderBlock {DIV} at (0,58) size 784x74
        RenderText {#text} at (0,0) size 679x74
          text run at (0,0) width 679: "This is a test for -webkit-system-font, using the 'font'"
          text run at (0,37) width 109: "property"
      RenderBlock {DIV} at (0,132) size 784x37
        RenderText {#text} at (0,0) size 717x37
          text run at (0,0) width 717: "This is a test for -apple-system, using the 'font' property"
      RenderBlock {DIV} at (0,169) size 784x37
        RenderText {#text} at (0,0) size 655x37
          text run at (0,0) width 655: "This is a test for system-ui, using the 'font' property"
      RenderBlock {DIV} at (0,206) size 784x29
        RenderInline {B} at (0,0) size 552x29
          RenderText {#text} at (0,0) size 552x29
            text run at (0,0) width 552: "This is a test for -webkit-system-font in bold form"
      RenderBlock {DIV} at (0,235) size 784x29
        RenderInline {I} at (0,0) size 516x29
          RenderText {#text} at (0,0) size 516x29
            text run at (0,0) width 516: "This is a test for -webkit-system-font in italic form"
      RenderBlock {DIV} at (0,264) size 784x37
        RenderText {#text} at (0,0) size 638x37
          text run at (0,0) width 638: "This is a test for -webkit-system-font at size 30px"
      RenderBlock {DIV} at (0,301) size 784x44
        RenderText {#text} at (0,0) size 760x44
          text run at (0,0) width 760: "This is a test for -webkit-system-font at size 36px"
      RenderBlock {DIV} at (0,345) size 784x102
        RenderText {#text} at (0,0) size 781x102
          text run at (0,0) width 781: "This is a test for -webkit-system-font at size"
          text run at (0,51) width 92: "42px"
      RenderBlock {DIV} at (0,447) size 784x116
        RenderText {#text} at (0,0) size 750x116
          text run at (0,0) width 750: "This is a test for -webkit-system-font"
          text run at (0,58) width 246: "at size 48px"
      RenderBlock {DIV} at (0,563) size 784x132
        RenderText {#text} at (0,0) size 753x132
          text run at (0,0) width 753: "This is a test for -webkit-system-"
          text run at (0,66) width 375: "font at size 54px"
      RenderBlock {DIV} at (0,695) size 784x146
        RenderText {#text} at (0,0) size 626x146
          text run at (0,0) width 624: "This is a test for -webkit-"
          text run at (0,73) width 626: "system-font at size 60px"
      RenderBlock {DIV} at (0,841) size 784x158
        RenderText {#text} at (0,0) size 687x158
          text run at (0,0) width 684: "This is a test for -webkit-"
          text run at (0,79) width 687: "system-font at size 66px"
      RenderBlock {DIV} at (0,999) size 784x174
        RenderText {#text} at (0,0) size 744x174
          text run at (0,0) width 744: "This is a test for -webkit-"
          text run at (0,87) width 738: "system-font at size 72px"
