layer at (0,0) size 800x600
  RenderView at (0,0) size 800x600
layer at (0,0) size 800x106
  RenderBlock {html} at (0,0) size 800x106 [color=#FF0000]
    RenderBody {body} at (8,8) size 784x90
      RenderBlock {test3} at (0,0) size 784x18 [color=#008000]
        RenderText {#text} at (0,0) size 138x17
          text run at (0,0) width 138: "This should be green."
      RenderBlock {test3} at (0,18) size 784x18 [color=#008000]
        RenderText {#text} at (0,0) size 138x17
          text run at (0,0) width 138: "This should be green."
      RenderBlock {test3} at (0,36) size 784x18 [color=#008000]
        RenderText {#text} at (0,0) size 138x17
          text run at (0,0) width 138: "This should be green."
      RenderBlock {test2} at (0,54) size 784x18 [color=#008000]
        RenderText {#text} at (0,0) size 138x17
          text run at (0,0) width 138: "This should be green."
      RenderBlock {test1} at (0,72) size 784x18 [color=#008000]
        RenderText {#text} at (0,0) size 138x17
          text run at (0,0) width 138: "This should be green."
