layer at (0,0) size 800x600
  RenderView at (0,0) size 800x600
layer at (0,0) size 800x34
  RenderBlock {html} at (0,0) size 800x34
    RenderBody {body} at (8,8) size 784x18 [color=#008000]
      RenderInline {tests} at (0,0) size 551x17
        RenderText {#text} at (0,0) size 0x0
        RenderInline {first-child} at (0,0) size 84x17
          RenderText {#text} at (0,0) size 84x17
            text run at (0,0) width 84: "None of this "
        RenderText {#text} at (0,0) size 0x0
        RenderInline {element} at (0,0) size 94x17
          RenderText {#text} at (83,0) size 94x17
            text run at (83,0) width 94: "text should be "
        RenderText {#text} at (0,0) size 0x0
        RenderInline {attribute} at (0,0) size 123x17
          RenderText {#text} at (176,0) size 123x17
            text run at (176,0) width 123: "matching the style "
        RenderText {#text} at (0,0) size 0x0
        RenderInline {span} at (0,0) size 98x17
          RenderText {#text} at (298,0) size 98x17
            text run at (298,0) width 98: "rules, and thus "
        RenderText {#text} at (0,0) size 0x0
        RenderInline {universal} at (0,0) size 66x17
          RenderText {#text} at (395,0) size 66x17
            text run at (395,0) width 66: "none of it "
        RenderText {#text} at (0,0) size 0x0
        RenderInline {span} at (0,0) size 91x17
          RenderText {#text} at (460,0) size 91x17
            text run at (460,0) width 91: "should be red."
        RenderText {#text} at (0,0) size 0x0
      RenderText {#text} at (0,0) size 0x0
