layer at (0,0) size 800x600
  RenderView at (0,0) size 800x600
layer at (0,0) size 800x474
  RenderBlock {HTML} at (0,0) size 800x475
    RenderBody {BODY} at (4,4) size 142x463 [border: (1px dashed #C0C0C0)]
      RenderBlock {P} at (1,10) size 139x28
        RenderText {#text} at (0,-1) size 135x28
          text run at (0,-1) width 133: "The following six blue boxes must"
          text run at (0,8) width 135: "be of the same width. There must be"
          text run at (0,17) width 26: "no red."
      RenderBlock {P} at (10,46) size 121x29 [bgcolor=#008000] [border: (9.25px solid #0000FF)]
        RenderText {#text} at (9,8) size 3x10
          text run at (9,8) width 3: " "
      RenderBlock {P} at (1,129) size 139x11
        RenderText {#text} at (0,-1) size 12x10
          text run at (0,-1) width 12: "      "
        RenderText {#text} at (0,0) size 0x0
        RenderEmbeddedObject {OBJECT} at (9,-1) size 121x45 [bgcolor=#FF0000] [border: (9.25px solid #0000FF)]
          layer at (0,0) size 102x25
            RenderView at (0,0) size 102x25
          layer at (0,0) size 102x25
            RenderSVGRoot {svg} at (0,0) size 101x25
              RenderSVGRect {rect} at (0,0) size 101x25 [stroke={[type=SOLID] [color=#008000] [stroke width=12.00]}] [fill={[type=SOLID] [color=#00FF00]}] [x=0.00] [y=0.00] [width=1000.00] [height=250.00]
              RenderSVGPath {path} at (15,5) size 70x15 [fill={[type=SOLID] [color=#008000]}] [data="M 500 50 L 150 200 L 850 200 Z"]
      RenderBlock {P} at (1,194) size 139x10
        RenderEmbeddedObject {OBJECT} at (9,0) size 121x44 [bgcolor=#FF0000] [border: (9.25px solid #0000FF)]
          layer at (0,0) size 102x25
            RenderView at (0,0) size 102x25
          layer at (0,0) size 102x25
            RenderSVGRoot {svg} at (0,0) size 101x25
              RenderSVGRect {rect} at (0,0) size 101x25 [stroke={[type=SOLID] [color=#008000] [stroke width=12.00]}] [fill={[type=SOLID] [color=#00FF00]}] [x=0.00] [y=0.00] [width=1000.00] [height=250.00]
              RenderSVGPath {path} at (15,5) size 70x15 [fill={[type=SOLID] [color=#008000]}] [data="M 500 50 L 150 200 L 850 200 Z"]
      RenderTable at (1,259) size 139x46
        RenderTableSection (anonymous) at (0,0) size 139x45
          RenderTableRow (anonymous) at (0,0) size 139x45
            RenderTableCell {P} at (0,0) size 139x45 [r=0 c=0 rs=1 cs=1]
              RenderEmbeddedObject {OBJECT} at (9,0) size 121x44 [bgcolor=#FF0000] [border: (9.25px solid #0000FF)]
                layer at (0,0) size 102x25
                  RenderView at (0,0) size 102x25
                layer at (0,0) size 102x25
                  RenderSVGRoot {svg} at (0,0) size 101x25
                    RenderSVGRect {rect} at (0,0) size 101x25 [stroke={[type=SOLID] [color=#008000] [stroke width=12.00]}] [fill={[type=SOLID] [color=#00FF00]}] [x=0.00] [y=0.00] [width=1000.00] [height=250.00]
                    RenderSVGPath {path} at (15,5) size 70x15 [fill={[type=SOLID] [color=#008000]}] [data="M 500 50 L 150 200 L 850 200 Z"]
      RenderTable {TABLE} at (1,359) size 139x46
        RenderTableSection {TBODY} at (0,0) size 139x45
          RenderTableRow {TR} at (0,0) size 139x45
            RenderTableCell {TD} at (0,0) size 139x45 [r=0 c=0 rs=1 cs=1]
              RenderEmbeddedObject {OBJECT} at (9,0) size 121x44 [bgcolor=#FF0000] [border: (9.25px solid #0000FF)]
                layer at (0,0) size 102x25
                  RenderView at (0,0) size 102x25
                layer at (0,0) size 102x25
                  RenderSVGRoot {svg} at (0,0) size 101x25
                    RenderSVGRect {rect} at (0,0) size 101x25 [stroke={[type=SOLID] [color=#008000] [stroke width=12.00]}] [fill={[type=SOLID] [color=#00FF00]}] [x=0.00] [y=0.00] [width=1000.00] [height=250.00]
                    RenderSVGPath {path} at (15,5) size 70x15 [fill={[type=SOLID] [color=#008000]}] [data="M 500 50 L 150 200 L 850 200 Z"]
      RenderBlock (floating) {P} at (1,460) size 139x10
        RenderEmbeddedObject {OBJECT} at (9,0) size 121x44 [bgcolor=#FF0000] [border: (9.25px solid #0000FF)]
          layer at (0,0) size 102x25
            RenderView at (0,0) size 102x25
          layer at (0,0) size 102x25
            RenderSVGRoot {svg} at (0,0) size 101x25
              RenderSVGRect {rect} at (0,0) size 101x25 [stroke={[type=SOLID] [color=#008000] [stroke width=12.00]}] [fill={[type=SOLID] [color=#00FF00]}] [x=0.00] [y=0.00] [width=1000.00] [height=250.00]
              RenderSVGPath {path} at (15,5) size 70x15 [fill={[type=SOLID] [color=#008000]}] [data="M 500 50 L 150 200 L 850 200 Z"]
