layer at (0,0) size 820x600
  RenderView at (0,0) size 800x600
layer at (0,0) size 800x347
  RenderBlock {html} at (0,0) size 800x347
    RenderBody {body} at (48,8) size 772x331
      RenderBlock {h1} at (10,40) size 692x32
        RenderText {#text} at (0,0) size 315x30
          text run at (0,0) width 315: "scalable CSS background"
      RenderBlock {h4} at (10,71) size 752x20
        RenderText {#text} at (0,0) size 127x18
          text run at (0,0) width 127: "WICD Core 1.0 #11"
      RenderBlock {p} at (10,109) size 712x39
        RenderText {#text} at (10,10) size 514x18
          text run at (10,10) width 514: "This text paragraph, as well as all following, must have a SVG background image."
      RenderBlock {p} at (10,153) size 712x57
        RenderText {#text} at (10,10) size 619x36
          text run at (10,10) width 619: "This background image (grey color-gradient and rounded corners) must always exactly fit the text"
          text run at (10,28) width 70: "paragraph."
      RenderBlock {p} at (10,215) size 712x57
        RenderText {#text} at (10,10) size 681x36
          text run at (10,10) width 681: "This test has failed, if you don't see any graphics on the background. (your user agent does not support SVG"
          text run at (10,28) width 144: "as background image)."
      RenderBlock {p} at (10,277) size 712x39
        RenderInline {a} at (0,0) size 31x18 [color=#000066]
          RenderText {#text} at (10,10) size 31x18
            text run at (10,10) width 31: "Back"
