layer at (0,0) size 800x600
  RenderView at (0,0) size 800x600
layer at (0,0) size 800x600
  RenderBlock {html} at (0,0) size 800x600
    RenderBody {body} at (48,30) size 752x172
      RenderBlock {h1} at (0,0) size 692x31
        RenderText {#text} at (0,0) size 383x30
          text run at (0,0) width 383: "scalable fullscreen background"
      RenderBlock {h4} at (0,31) size 752x19
        RenderText {#text} at (0,0) size 128x18
          text run at (0,0) width 128: "WICD Core 1.0 #12"
      RenderBlock {p} at (0,69) size 692x37
        RenderText {#text} at (0,0) size 682x36
          text run at (0,0) width 640: "This text is XHTML main layer content, which must overlay a lightblue SVG-background image with "
          text run at (639,0) width 25: "text"
          text run at (0,18) width 682: "('SVG background image'). The SVG background image must cover the complete XHTML-background area."
      RenderBlock {p} at (0,110) size 692x37
        RenderText {#text} at (0,0) size 681x36
          text run at (0,0) width 681: "This test has failed, if you don't see any graphics on the background. (your user agent does not support SVG"
          text run at (0,18) width 144: "as background image)."
      RenderBlock {p} at (0,152) size 692x19
        RenderInline {a} at (0,0) size 31x18 [color=#000066]
          RenderText {#text} at (0,0) size 31x18
            text run at (0,0) width 31: "Back"
