layer at (0,0) size 800x600
  RenderView at (0,0) size 800x600
layer at (0,0) size 800x8
  RenderBlock {HTML} at (0,0) size 800x8
    RenderBody {BODY} at (8,8) size 784x0
layer at (0,0) size 1000x1000 backgroundClip at (0,0) size 800x600 clip at (0,0) size 800x600
  RenderBlock (positioned) zI: 999999 {DIV} at (0,0) size 1000x1000 [bgcolor=#008000]
layer at (0,0) size 800x600
  RenderBlock (positioned) at (0,0) size 800x600
layer at (339,284) size 123x32 clip at (342,287) size 117x26
  RenderBlock (positioned) {DIV} at (338,284) size 124x32 [bgcolor=#FFFFFF] [border: (3px solid #000000)]
    RenderText {#text} at (7,7) size 109x17
      text run at (7,7) width 109: "This is a popover"
