layer at (0,0) size 800x600
  RenderView at (0,0) size 800x600
layer at (0,0) size 800x600
  RenderBlock {HTML} at (0,0) size 800x600
    RenderBody {BODY} at (8,8) size 784x576
      RenderBlock {P} at (0,0) size 784x105
        RenderText {#text} at (0,85) size 99x19
          text run at (0,85) width 99: "Layout test for "
        RenderInline {A} at (0,0) size 40x19 [color=#0000EE]
          RenderText {#text} at (98,85) size 40x19
            text run at (98,85) width 40: "11760"
        RenderText {#text} at (137,85) size 205x19
          text run at (137,85) width 9: ". "
          text run at (145,85) width 197: "If it doesn't crash, we're good. "
        RenderImage {IMG} at (341,0) size 101x100
        RenderText {#text} at (0,0) size 0x0
