layer at (0,0) size 800x600
  RenderView at (0,0) size 800x600
layer at (0,0) size 800x286
  RenderBlock {HTML} at (0,0) size 800x286
    RenderBody {BODY} at (8,16) size 784x262
      RenderBlock {P} at (0,0) size 784x36
        RenderText {#text} at (0,0) size 104x17
          text run at (0,0) width 104: "This is a test for "
        RenderInline {I} at (0,0) size 743x35
          RenderInline {A} at (0,0) size 348x17 [color=#0000EE]
            RenderText {#text} at (104,0) size 348x17
              text run at (104,0) width 348: "http://bugzilla.opendarwin.org/show_bug.cgi?id=9669"
          RenderText {#text} at (451,0) size 743x35
            text run at (451,0) width 5: " "
            text run at (455,0) width 288: "Incomplete repaint when changing an inline's"
            text run at (0,18) width 43: "border"
        RenderText {#text} at (42,18) size 5x17
          text run at (42,18) width 5: "."
      RenderBlock {HR} at (0,52) size 784x2 [border: (1px inset #000000)]
      RenderBlock {DIV} at (0,62) size 200x200
        RenderText {#text} at (0,0) size 192x53
          text run at (0,0) width 129: "Cras faucibus. Nunc"
          text run at (0,18) width 192: "adipiscing, enim in scelerisque"
          text run at (0,36) width 64: "convallis, "
          text run at (64,36) width 42: "augue "
        RenderInline {SPAN} at (0,0) size 35x47 [border: (30px solid #0000FF) none]
          RenderText {#text} at (106,36) size 35x17
            text run at (106,36) width 35: "purus"
        RenderText {#text} at (141,36) size 195x89
          text run at (141,36) width 54: " eleifend"
          text run at (0,54) width 151: "lacus, at sagittis eros leo"
          text run at (0,72) width 135: "pulvinar velit. Integer"
          text run at (0,90) width 190: "sollicitudin nisi ut urna blandit"
          text run at (0,108) width 60: "convallis."
