layer at (0,0) size 800x600
  RenderView at (0,0) size 800x600
layer at (0,0) size 800x600
  RenderBlock {HTML} at (0,0) size 800x600
    RenderBody {BODY} at (8,8) size 784x584
      RenderBlock {P} at (0,0) size 784x36
        RenderText {#text} at (0,0) size 100x17
          text run at (0,0) width 100: "Repaint test for "
        RenderInline {I} at (0,0) size 766x35
          RenderInline {A} at (0,0) size 301x17 [color=#0000EE]
            RenderText {#text} at (100,0) size 301x17
              text run at (100,0) width 301: "http://bugs.webkit.org/show_bug.cgi?id=15838"
          RenderText {#text} at (400,0) size 766x35
            text run at (400,0) width 366: " Incomplete repaint toggling \"How you know this person\""
            text run at (0,18) width 83: "on Facebook"
        RenderText {#text} at (83,18) size 4x17
          text run at (83,18) width 4: "."
      RenderBlock {DIV} at (0,52) size 784x262
        RenderBlock (anonymous) at (0,0) size 784x90
          RenderText {#text} at (0,0) size 39x17
            text run at (0,0) width 39: "Word,"
          RenderBR {BR} at (38,0) size 1x17
          RenderText {#text} at (0,18) size 43x17
            text run at (0,18) width 43: "words,"
          RenderBR {BR} at (43,18) size 0x17
          RenderText {#text} at (0,36) size 79x17
            text run at (0,36) width 79: "more words."
          RenderBR {BR} at (79,36) size 0x17
          RenderText {#text} at (0,54) size 44x17
            text run at (0,54) width 44: "I could"
          RenderBR {BR} at (44,54) size 0x17
          RenderText {#text} at (0,72) size 79x17
            text run at (0,72) width 79: "write a book"
          RenderBR {BR} at (79,72) size 0x17
        RenderBlock {DIV} at (0,90) size 10x100 [bgcolor=#FFFF00]
        RenderBlock (anonymous) at (0,190) size 784x72
          RenderText {#text} at (0,0) size 109x17
            text run at (0,0) width 109: "about all the stuff"
          RenderBR {BR} at (108,0) size 1x17
          RenderText {#text} at (0,18) size 67x17
            text run at (0,18) width 67: "that comes"
          RenderBR {BR} at (67,18) size 0x17
          RenderText {#text} at (0,36) size 28x17
            text run at (0,36) width 28: "after"
          RenderBR {BR} at (28,36) size 0x17
          RenderText {#text} at (0,54) size 62x17
            text run at (0,54) width 62: "the break."
