layer at (0,0) size 800x600
  RenderView at (0,0) size 800x600
layer at (0,0) size 800x600
  RenderBlock {HTML} at (0,0) size 800x600
    RenderBody {BODY} at (8,8) size 784x584
      RenderBlock {P} at (0,0) size 784x54
        RenderText {#text} at (0,0) size 151x17
          text run at (0,0) width 151: "This is a repaint test for "
        RenderInline {I} at (0,0) size 753x35
          RenderInline {A} at (0,0) size 300x17 [color=#0000EE]
            RenderText {#text} at (151,0) size 300x17
              text run at (151,0) width 300: "http://bugs.webkit.org/show_bug.cgi?id=11277"
          RenderText {#text} at (450,0) size 753x35
            text run at (450,0) width 5: " "
            text run at (454,0) width 299: "REGRESSION: Incomplete repaint of overflow"
            text run at (0,18) width 127: "areas when deleting"
        RenderText {#text} at (126,18) size 758x35
          text run at (126,18) width 9: ". "
          text run at (134,18) width 442: "This shows that the repaint rect doesn't account for scrolling. You can "
          text run at (575,18) width 183: "use Quartz Debug to see that"
          text run at (0,36) width 408: "changing the text repaints a rect where the text would have been "
          text run at (408,36) width 154: "if it hadn't been scrolled."
layer at (8,78) size 80x69 clip at (8,78) size 65x69 scrollY 128 scrollHeight 198
  RenderBlock {DIV} at (0,70) size 80x69
    RenderBR {BR} at (0,0) size 0x17
    RenderBR {BR} at (0,18) size 0x17
    RenderBR {BR} at (0,36) size 0x17
    RenderBR {BR} at (0,54) size 0x17
    RenderBR {BR} at (0,72) size 0x17
    RenderBR {BR} at (0,90) size 0x17
    RenderBR {BR} at (0,108) size 0x17
    RenderBR {BR} at (0,126) size 0x17
    RenderBR {BR} at (0,144) size 0x17
    RenderText {#text} at (0,162) size 43x35
      text run at (0,162) width 43: "Passed"
      text run at (0,180) width 26: "Test"
