layer at (0,0) size 800x600
  RenderView at (0,0) size 800x600
layer at (0,0) size 800x600
  RenderBlock {HTML} at (0,0) size 800x600
    RenderBody {BODY} at (8,8) size 784x584
      RenderBlock {P} at (0,0) size 784x18
        RenderText {#text} at (0,0) size 54x17
          text run at (0,0) width 54: "Test for "
        RenderInline {A} at (0,0) size 310x17 [color=#0000EE]
          RenderText {#text} at (53,0) size 310x17
            text run at (53,0) width 310: "https://bugs.webkit.org/show_bug.cgi?id=23093"
        RenderText {#text} at (362,0) size 329x17
          text run at (362,0) width 329: ". The cancel button in a search field fails to redraw."
      RenderBlock (anonymous) at (0,34) size 784x24
        RenderTextControl {INPUT} at (0,0) size 192x24 [bgcolor=#FFFFFF] [border: (2px inset #000000)]
          RenderFlexibleBox {DIV} at (3,3) size 186x18
            RenderBlock {DIV} at (0,9) size 0x0
            RenderBlock {DIV} at (0,0) size 170x18
        RenderText {#text} at (0,0) size 0x0
layer at (11,45) size 170x18
  RenderBlock {DIV} at (0,0) size 170x18
    RenderText {#text} at (0,0) size 70x17
      text run at (0,0) width 70: "some text"
layer at (181,46) size 16x16
  RenderBlock {DIV} at (170,1) size 16x16 [bgcolor=#000000]
