layer at (0,0) size 800x600
  RenderView at (0,0) size 800x600
layer at (604,0) size 196x600
  RenderBlock {HTML} at (0,0) size 196x600
    RenderBody {BODY} at (8,8) size 180x584
      RenderInline {SPAN} at (1,0) size 17x143
        RenderText {#text} at (1,0) size 17x143
          text run at (1,0) width 143: "Testing both hit testing"
      RenderText {#text} at (1,142) size 17x163
        text run at (1,142) width 162: " and painting of selection."
      RenderBR {BR} at (1,304) size 17x1
      RenderText {#text} at (19,0) size 17x305
        text run at (19,0) width 305: "Testing both hit testing and painting of selection."
      RenderBR {BR} at (19,304) size 17x1
      RenderText {#text} at (37,0) size 17x305
        text run at (37,0) width 305: "Testing both hit testing and painting of selection."
      RenderBR {BR} at (37,304) size 17x1
      RenderText {#text} at (55,0) size 17x305
        text run at (55,0) width 305: "Testing both hit testing and painting of selection."
      RenderBR {BR} at (55,304) size 17x1
      RenderText {#text} at (73,0) size 17x305
        text run at (73,0) width 305: "Testing both hit testing and painting of selection."
      RenderBR {BR} at (73,304) size 17x1
      RenderText {#text} at (91,0) size 17x305
        text run at (91,0) width 305: "Testing both hit testing and painting of selection."
      RenderBR {BR} at (91,304) size 17x1
      RenderText {#text} at (109,0) size 17x305
        text run at (109,0) width 305: "Testing both hit testing and painting of selection."
      RenderBR {BR} at (109,304) size 17x1
      RenderText {#text} at (127,0) size 17x305
        text run at (127,0) width 305: "Testing both hit testing and painting of selection."
      RenderBR {BR} at (127,304) size 17x1
      RenderText {#text} at (145,0) size 17x305
        text run at (145,0) width 305: "Testing both hit testing and painting of selection."
      RenderBR {BR} at (145,304) size 17x1
      RenderText {#text} at (163,0) size 17x305
        text run at (163,0) width 305: "Testing both hit testing and painting of selection."
      RenderBR {BR} at (163,304) size 17x1
selection start: position 5 of child 0 {#text} of child 1 {SPAN} of body
selection end:   position 19 of child 0 {#text} of child 1 {SPAN} of body
