layer at (0,0) size 800x600
  RenderView at (0,0) size 800x600
layer at (0,0) size 800x600
  RenderBlock {HTML} at (0,0) size 800x600
    RenderBody {BODY} at (8,8) size 784x584
      RenderBlock {P} at (0,0) size 784x36
        RenderText {#text} at (0,0) size 52x17
          text run at (0,0) width 52: "Test for "
        RenderInline {I} at (0,0) size 755x35
          RenderInline {A} at (0,0) size 302x17 [color=#0000EE]
            RenderText {#text} at (51,0) size 302x17
              text run at (51,0) width 302: "http://bugs.webkit.org/show_bug.cgi?id=12590"
          RenderText {#text} at (352,0) size 755x35
            text run at (352,0) width 5: " "
            text run at (356,0) width 399: "REGRESSION: Text selection is weird in textareas in Trac wiki"
            text run at (0,18) width 84: "editing pages"
        RenderText {#text} at (84,18) size 4x17
          text run at (84,18) width 4: "."
layer at (13,60) size 126x126 clip at (16,63) size 105x120 scrollY 36 scrollHeight 156
  RenderBlock {DIV} at (5,52) size 126x126 [border: (3px solid #000000)]
    RenderBlock {DIV} at (13,13) size 85x100
    RenderBlock (anonymous) at (13,113) size 85x36
      RenderInline {SPAN} at (0,0) size 42x35
        RenderText {#text} at (0,0) size 42x17
          text run at (0,0) width 42: "Lorem"
        RenderBR {BR} at (42,0) size 0x17
        RenderText {#text} at (0,18) size 38x17
          text run at (0,18) width 38: "ipsum"
      RenderText {#text} at (0,0) size 0x0
