layer at (0,0) size 800x600
  RenderView at (0,0) size 800x600
layer at (0,0) size 800x294
  RenderBlock {HTML} at (0,0) size 800x294
    RenderBody {BODY} at (8,16) size 784x270
      RenderBlock {P} at (0,0) size 784x18
        RenderText {#text} at (0,0) size 52x17
          text run at (0,0) width 52: "Test for "
        RenderInline {A} at (0,0) size 306x17 [color=#0000EE]
          RenderText {#text} at (51,0) size 306x17
            text run at (51,0) width 306: "https://bugs.webkit.org/show_bug.cgi?id=22472"
        RenderText {#text} at (356,0) size 5x17
          text run at (356,0) width 5: " "
        RenderInline {I} at (0,0) size 419x17
          RenderText {#text} at (360,0) size 419x17
            text run at (360,0) width 419: "Selection is not completely erased when a replaced element moves"
        RenderText {#text} at (0,0) size 0x0
      RenderBlock (anonymous) at (0,34) size 784x236
        RenderText {#text} at (0,0) size 0x0
layer at (8,50) size 214x232
  RenderImage {IMG} at (0,0) size 214x232
selection start: position 0 of child 3 {IMG} of body
selection end:   position 1 of child 3 {IMG} of body
