layer at (0,0) size 800x600
  RenderView at (0,0) size 800x600
layer at (0,0) size 800x388
  RenderBlock {HTML} at (0,0) size 800x388
    RenderBody {BODY} at (8,16) size 784x364
      RenderBlock {P} at (0,0) size 784x18
        RenderInline {B} at (0,0) size 62x17
          RenderText {#text} at (0,0) size 62x17
            text run at (0,0) width 62: "BUG ID:"
        RenderText {#text} at (62,0) size 4x17
          text run at (62,0) width 4: " "
        RenderInline {A} at (0,0) size 117x17 [color=#0000EE]
          RenderText {#text} at (66,0) size 117x17
            text run at (66,0) width 117: "Bugzilla bug 8449"
        RenderText {#text} at (183,0) size 381x17
          text run at (183,0) width 381: " REGRESSION: Incomplete repaint of table cell that moved"
      RenderBlock {P} at (0,34) size 784x24 [bgcolor=#98FB98]
        RenderInline {B} at (0,0) size 90x17
          RenderText {#text} at (3,3) size 90x17
            text run at (3,3) width 90: "TEST PASS:"
        RenderText {#text} at (92,3) size 406x17
          text run at (92,3) width 5: " "
          text run at (96,3) width 402: "There should be only a green square below the line, and no red."
      RenderBlock {P} at (0,74) size 784x24 [bgcolor=#FF3300]
        RenderInline {B} at (0,0) size 89x17
          RenderText {#text} at (3,3) size 89x17
            text run at (3,3) width 89: "TEST FAIL:"
        RenderText {#text} at (91,3) size 311x17
          text run at (91,3) width 5: " "
          text run at (95,3) width 307: "There will be a red square and a green rectangle."
      RenderBlock {HR} at (0,114) size 784x2 [border: (1px inset #000000)]
      RenderTable {TABLE} at (0,124) size 60x240
        RenderTableSection {TBODY} at (0,0) size 60x240
          RenderTableRow {TR} at (0,0) size 60x60
            RenderTableCell {TD} at (0,30) size 60x0 [r=0 c=0 rs=1 cs=1]
            RenderTableCell {TD} at (60,30) size 0x0 [r=0 c=1 rs=1 cs=1]
          RenderTableRow {TR} at (0,60) size 60x180
            RenderTableCell {TD} at (0,120) size 60x60 [r=1 c=0 rs=1 cs=1]
              RenderBlock {DIV} at (0,0) size 60x60 [bgcolor=#008000]
            RenderTableCell {TD} at (60,150) size 0x0 [r=1 c=1 rs=1 cs=1]
          RenderTableRow {TR} at (0,240) size 60x0
            RenderTableCell {TD} at (0,240) size 60x0 [bgcolor=#FF0000] [r=2 c=0 rs=1 cs=1]
            RenderTableCell {TD} at (60,240) size 0x0 [r=2 c=1 rs=1 cs=1]
