layer at (0,0) size 800x600
  RenderView at (0,0) size 800x600
layer at (0,0) size 800x238
  RenderBlock {HTML} at (0,0) size 800x238
    RenderBody {BODY} at (8,16) size 784x214
      RenderBlock {P} at (0,0) size 784x18
        RenderInline {B} at (0,0) size 62x17
          RenderText {#text} at (0,0) size 62x17
            text run at (0,0) width 62: "BUG ID:"
        RenderText {#text} at (62,0) size 4x17
          text run at (62,0) width 4: " "
        RenderInline {A} at (0,0) size 117x17 [color=#0000EE]
          RenderText {#text} at (66,0) size 117x17
            text run at (66,0) width 117: "Bugzilla bug 6769"
        RenderText {#text} at (183,0) size 489x17
          text run at (183,0) width 489: " REGRESSION: Incomplete repaint when a cell's extra bottom margin grows"
      RenderBlock {P} at (0,34) size 784x24 [bgcolor=#98FB98]
        RenderInline {B} at (0,0) size 90x17
          RenderText {#text} at (3,3) size 90x17
            text run at (3,3) width 90: "TEST PASS:"
        RenderText {#text} at (92,3) size 355x17
          text run at (92,3) width 5: " "
          text run at (96,3) width 351: "There should be only a green square below, and no red."
      RenderBlock {P} at (0,74) size 784x24 [bgcolor=#FF3300]
        RenderInline {B} at (0,0) size 89x17
          RenderText {#text} at (3,3) size 89x17
            text run at (3,3) width 89: "TEST FAIL:"
        RenderText {#text} at (91,3) size 312x17
          text run at (91,3) width 5: " "
          text run at (95,3) width 308: "The lower-right quarter of the square will be red."
      RenderTable {TABLE} at (0,114) size 100x100 [bgcolor=#008000]
        RenderTableSection {TBODY} at (0,0) size 100x100
          RenderTableRow {TR} at (0,0) size 100x100
            RenderTableCell {TD} at (0,50) size 50x0 [r=0 c=0 rs=2 cs=1]
            RenderTableCell {TD} at (50,0) size 50x0 [bgcolor=#008000] [r=0 c=1 rs=1 cs=1]
          RenderTableRow {TR} at (0,100) size 100x0
            RenderTableCell {TD} at (50,100) size 50x0 [bgcolor=#FF0000] [r=1 c=1 rs=1 cs=1]
