layer at (0,0) size 800x600
  RenderView at (0,0) size 800x600
layer at (0,0) size 800x600
  RenderBlock {HTML} at (0,0) size 800x600
    RenderBody {BODY} at (8,8) size 784x562
      RenderBlock {P} at (0,0) size 784x18
        RenderText {#text} at (0,0) size 172x17
          text run at (0,0) width 172: "This is a regression test for "
        RenderInline {I} at (0,0) size 595x17
          RenderInline {A} at (0,0) size 348x17 [color=#0000EE]
            RenderText {#text} at (172,0) size 348x17
              text run at (172,0) width 348: "http://bugzilla.opendarwin.org/show_bug.cgi?id=7301"
          RenderText {#text} at (519,0) size 248x17
            text run at (519,0) width 5: " "
            text run at (523,0) width 244: "Text shadow does not repaint correctly"
        RenderText {#text} at (766,0) size 5x17
          text run at (766,0) width 5: "."
      RenderBlock {HR} at (0,34) size 784x2 [border: (1px inset #000000)]
      RenderBlock {DIV} at (30,66) size 724x21
        RenderInline {SPAN} at (0,0) size 202x20 [bgcolor=#C0C0C0]
          RenderText {#text} at (0,0) size 202x20
            text run at (0,0) width 202: "Lorem ipsum dolor sit amet"
        RenderText {#text} at (0,0) size 0x0
      RenderBlock {DIV} at (30,117) size 724x21
        RenderInline {SPAN} at (0,0) size 202x20 [bgcolor=#C0C0C0]
          RenderText {#text} at (0,0) size 202x20
            text run at (0,0) width 202: "Lorem ipsum dolor sit amet"
        RenderText {#text} at (0,0) size 0x0
      RenderBlock {DIV} at (30,168) size 724x21
        RenderText {#text} at (0,2) size 88x17
          text run at (0,2) width 88: "Lorem ipsum "
        RenderInline {SPAN} at (0,0) size 100x20 [bgcolor=#C0C0C0]
          RenderText {#text} at (88,0) size 100x20
            text run at (88,0) width 100: "dolor sit amet"
        RenderText {#text} at (0,0) size 0x0
      RenderBlock {DIV} at (30,219) size 724x21
        RenderInline {SPAN} at (0,0) size 97x20 [bgcolor=#C0C0C0]
          RenderText {#text} at (0,0) size 97x20
            text run at (0,0) width 97: "Lorem ipsum"
        RenderText {#text} at (96,2) size 90x17
          text run at (96,2) width 90: " dolor sit amet"
