layer at (0,0) size 800x600
  RenderView at (0,0) size 800x600
layer at (0,0) size 800x260
  RenderBlock {HTML} at (0,0) size 800x260
    RenderBody {BODY} at (8,16) size 784x236
      RenderBlock {P} at (0,0) size 784x18
        RenderText {#text} at (0,0) size 52x17
          text run at (0,0) width 52: "Test for "
        RenderInline {A} at (0,0) size 306x17 [color=#0000EE]
          RenderText {#text} at (51,0) size 306x17
            text run at (51,0) width 306: "https://bugs.webkit.org/show_bug.cgi?id=22088"
        RenderText {#text} at (356,0) size 293x17
          text run at (356,0) width 293: ". The rotated box should be correctly redrawn."
layer at (108,150) size 202x202
  RenderBlock (relative positioned) {DIV} at (0,34) size 202x202 [bgcolor=#CCCCCC] [border: (1px solid #000000)]
layer at (184,226) size 400x50
  RenderBlock (positioned) {DIV} at (76,76) size 400x50 [bgcolor=#555555]
