layer at (0,0) size 800x600
  RenderView at (0,0) size 800x600
layer at (0,0) size 800x600
  RenderBlock {HTML} at (0,0) size 800x600
    RenderBody {BODY} at (8,8) size 784x584
      RenderBlock (floating) {DIV} at (0,0) size 260x22 [border: (2px solid #008000)]
        RenderText {#text} at (2,2) size 256x17
          text run at (2,2) width 42: "Words"
          text run at (39,2) width 46: " should"
          text run at (80,2) width 34: " have"
          text run at (109,2) width 11: " a"
          text run at (115,2) width 57: " negative"
          text run at (167,2) width 52: " spacing"
          text run at (214,2) width 17: " of"
          text run at (226,2) width 32: " 5px."
