layer at (0,0) size 800x600
  RenderView at (0,0) size 800x600
layer at (0,0) size 800x268
  RenderBlock {html} at (0,0) size 800x268
    RenderBody {body} at (8,21) size 784x231
      RenderBlock {h1} at (0,0) size 784x37
        RenderText {#text} at (0,0) size 529x36
          text run at (0,0) width 529: "Letter spacing lost for emphasized text"
      RenderBlock {p} at (0,58) size 784x37
        RenderText {#text} at (0,0) size 281x17
          text run at (0,0) width 281: "This example demonstrates that text inside a "
        RenderInline {code} at (0,0) size 8x15
          RenderText {#text} at (281,3) size 8x15
            text run at (281,3) width 8: "b"
        RenderText {#text} at (289,0) size 8x17
          text run at (289,0) width 8: ", "
        RenderInline {code} at (0,0) size 8x15
          RenderText {#text} at (297,3) size 8x15
            text run at (297,3) width 8: "i"
        RenderText {#text} at (305,0) size 8x17
          text run at (305,0) width 8: ", "
        RenderInline {code} at (0,0) size 48x15
          RenderText {#text} at (313,3) size 48x15
            text run at (313,3) width 48: "strong"
        RenderText {#text} at (361,0) size 21x17
          text run at (361,0) width 21: " or "
        RenderInline {code} at (0,0) size 16x15
          RenderText {#text} at (382,3) size 16x15
            text run at (382,3) width 16: "em"
        RenderText {#text} at (398,0) size 110x17
          text run at (398,0) width 110: " element loses its "
        RenderInline {code} at (0,0) size 112x15
          RenderText {#text} at (508,3) size 112x15
            text run at (508,3) width 112: "letter-spacing"
        RenderText {#text} at (620,0) size 781x35
          text run at (620,0) width 161: " CSS attribute that should"
          text run at (0,18) width 296: "be inherited. This was discovered in Safari 1.0."
      RenderBlock {div} at (0,110) size 784x121
        RenderBlock {p} at (0,0) size 784x18
          RenderText {#text} at (0,0) size 132x17
            text run at (0,0) width 132: "Text inside "
          RenderInline {b} at (0,0) size 50x17
            RenderText {#text} at (131,0) size 50x17
              text run at (131,0) width 50: "bold"
          RenderText {#text} at (180,0) size 102x17
            text run at (180,0) width 102: " element."
        RenderBlock {p} at (0,34) size 784x18
          RenderText {#text} at (0,0) size 132x17
            text run at (0,0) width 132: "Text inside "
          RenderInline {strong} at (0,0) size 73x17
            RenderText {#text} at (131,0) size 73x17
              text run at (131,0) width 73: "strong"
          RenderText {#text} at (203,0) size 101x17
            text run at (203,0) width 101: " element."
        RenderBlock {p} at (0,68) size 784x18
          RenderText {#text} at (0,0) size 132x17
            text run at (0,0) width 132: "Text inside "
          RenderInline {i} at (0,0) size 61x17
            RenderText {#text} at (131,0) size 61x17
              text run at (131,0) width 61: "italic"
          RenderText {#text} at (191,0) size 101x17
            text run at (191,0) width 101: " element."
        RenderBlock {p} at (0,102) size 784x18
          RenderText {#text} at (0,0) size 132x17
            text run at (0,0) width 132: "Text inside "
          RenderInline {em} at (0,0) size 98x17
            RenderText {#text} at (131,0) size 99x17
              text run at (131,0) width 99: "emphasis"
          RenderText {#text} at (229,0) size 101x17
            text run at (229,0) width 101: " element."
