layer at (0,0) size 800x600
  RenderView at (0,0) size 800x600
layer at (0,0) size 800x600
  RenderBlock {HTML} at (0,0) size 800x600
    RenderBody {BODY} at (8,8) size 784x576
      RenderBlock {P} at (0,0) size 784x105
        RenderText {#text} at (0,85) size 92x19
          text run at (0,85) width 92: "Layout test for "
        RenderInline {A} at (0,0) size 40x19 [color=#0000EE]
          RenderText {#text} at (92,85) size 40x19
            text run at (92,85) width 40: "11760"
        RenderText {#text} at (132,85) size 195x19
          text run at (132,85) width 8: ". "
          text run at (140,85) width 187: "If it doesn't crash, we're good. "
        RenderImage {IMG} at (327,0) size 100x100
        RenderText {#text} at (0,0) size 0x0
