layer at (0,0) size 800x600
  RenderView at (0,0) size 800x600
layer at (0,0) size 800x320
  RenderBlock {HTML} at (0,0) size 800x320
    RenderBody {BODY} at (8,16) size 784x296
      RenderBlock {P} at (0,0) size 784x36
        RenderText {#text} at (0,0) size 766x36
          text run at (0,0) width 766: "Test that pausing the media element in \"playing\" event handler pauses the media immediately. The video should show the"
          text run at (0,18) width 68: "first frame."
      RenderBlock (anonymous) at (0,52) size 784x244
        RenderText {#text} at (0,0) size 0x0
layer at (8,68) size 320x240
  RenderVideo {VIDEO} at (0,0) size 320x240
layer at (8,68) size 320x240
  RenderFlexibleBox {DIV} at (0,0) size 320x240
layer at (8,283) size 320x25
  RenderFlexibleBox {DIV} at (0,215) size 320x25
    RenderButton {INPUT} at (6,3) size 18x18
    RenderButton {INPUT} at (32,4) size 16x17
    RenderFlexibleBox {DIV} at (49,5) size 216x15
      RenderSlider {INPUT} at (45,2) size 126x13
        RenderFlexibleBox {DIV} at (0,0) size 126x13
          RenderBlock {DIV} at (0,2) size 126x9
            RenderBlock {DIV} at (0,0) size 10x8
    RenderButton {INPUT} at (297,4) size 16x17
    RenderBlock {DIV} at (265,6) size 25x13
layer at (57,290) size 45x11
  RenderFlexibleBox {DIV} at (0,2) size 45x11 [color=#FFFFFF]
    RenderBlock (anonymous) at (9,0) size 27x11
      RenderText {#text} at (0,0) size 26x11
        text run at (0,0) width 26: "00:00"
layer at (228,290) size 45x11
  RenderFlexibleBox {DIV} at (171,2) size 45x11 [color=#FFFFFF]
    RenderBlock (anonymous) at (7,0) size 31x11
      RenderText {#text} at (0,0) size 31x11
        text run at (0,0) width 31: "-00:06"
layer at (275,290) size 14x12
  RenderButton zI: 1 {INPUT} at (2,0) size 14x12
