layer at (0,0) size 800x600
  RenderView at (0,0) size 800x600
layer at (0,0) size 800x600
  RenderBlock {HTML} at (0,0) size 800x600
    RenderBody {BODY} at (8,16) size 784x568
      RenderBlock {DIV} at (16,0) size 400x108
        RenderBlock (floating) at (2,-7) size 40x62 [color=#FF0000] [border: (2px solid #FF0000)]
          RenderText at (3,15) size 34x52
            text run at (3,15) width 34: "A"
        RenderText {#text} at (44,18) size 400x89
          text run at (44,18) width 341: "n example of first-letter. This letter should span 3 lines"
          text run at (44,36) width 351: "of text, and so it should align itself cleanly with the cap-"
          text run at (0,54) width 379: "height of the A lining up with the cap-height of the first line,"
          text run at (0,72) width 400: "and the baseline of the A lining up with the baseline of the third"
          text run at (0,90) width 27: "line."
      RenderBlock {SPAN} at (0,124) size 784x108
        RenderBlock {DIV} at (368,0) size 400x108
          RenderBlock (floating) at (358,-7) size 40x62 [color=#FF0000] [border: (2px solid #FF0000)]
            RenderText at (3,15) size 34x52
              text run at (3,15) width 34: "A"
          RenderText {#text} at (13,18) size 398x89
            text run at (13,18) width 343: "n RTL example of first-letter. This letter should span 3"
            text run at (3,36) width 353: "lines of text, and so it should align itself cleanly with the"
            text run at (25,54) width 375: "cap-height of the A lining up with the cap-height of the first"
            text run at (2,72) width 398: "line, and the baseline of the A lining up with the baseline of the"
            text run at (340,90) width 4 RTL: "."
            text run at (344,90) width 56: "third line"
