layer at (0,0) size 800x600
  RenderView at (0,0) size 800x600
layer at (0,0) size 800x600
  RenderBlock {HTML} at (0,0) size 800x600
    RenderBody {BODY} at (8,8) size 784x584
      RenderBlock {P} at (0,0) size 784x40
        RenderText {#text} at (0,0) size 775x39
          text run at (0,0) width 591: "This tests for a bug where empty table rows well after the selection to delete were removed. "
          text run at (590,0) width 185: "There should be five rows in"
          text run at (0,20) width 290: "the table below, before and after the deletion."
      RenderBlock {DIV} at (0,56) size 784x140
        RenderTable {TABLE} at (0,0) size 110x140 [border: (1px outset #808080)]
          RenderTableSection {TBODY} at (1,1) size 108x138
            RenderTableRow {TR} at (0,2) size 108x32
              RenderTableCell {TD} at (2,2) size 34x32 [border: (1px inset #808080)] [r=0 c=0 rs=1 cs=1]
                RenderBR {BR} at (6,6) size 0x19
              RenderTableCell {TD} at (37,2) size 33x32 [border: (1px inset #808080)] [r=0 c=1 rs=1 cs=1]
              RenderTableCell {TD} at (71,2) size 35x32 [border: (1px inset #808080)] [r=0 c=2 rs=1 cs=1]
            RenderTableRow {TR} at (0,36) size 108x32
              RenderTableCell {TD} at (2,36) size 34x32 [border: (1px inset #808080)] [r=1 c=0 rs=1 cs=1]
                RenderText {#text} at (6,6) size 22x19
                  text run at (6,6) width 22: "foo"
              RenderTableCell {TD} at (37,36) size 33x32 [border: (1px inset #808080)] [r=1 c=1 rs=1 cs=1]
                RenderText {#text} at (6,6) size 21x19
                  text run at (6,6) width 21: "bar"
              RenderTableCell {TD} at (71,36) size 35x32 [border: (1px inset #808080)] [r=1 c=2 rs=1 cs=1]
                RenderText {#text} at (6,6) size 23x19
                  text run at (6,6) width 23: "baz"
            RenderTableRow {TR} at (0,70) size 108x32
              RenderTableCell {TD} at (2,70) size 34x32 [border: (1px inset #808080)] [r=2 c=0 rs=1 cs=1]
                RenderBR {BR} at (6,6) size 0x19
              RenderTableCell {TD} at (37,70) size 33x32 [border: (1px inset #808080)] [r=2 c=1 rs=1 cs=1]
                RenderBR {BR} at (6,6) size 0x19
              RenderTableCell {TD} at (71,70) size 35x32 [border: (1px inset #808080)] [r=2 c=2 rs=1 cs=1]
                RenderBR {BR} at (6,6) size 0x19
            RenderTableRow {TR} at (0,104) size 108x32
              RenderTableCell {TD} at (2,104) size 34x32 [border: (1px inset #808080)] [r=3 c=0 rs=1 cs=1]
                RenderBR {BR} at (6,6) size 0x19
              RenderTableCell {TD} at (37,104) size 33x32 [border: (1px inset #808080)] [r=3 c=1 rs=1 cs=1]
                RenderBR {BR} at (6,6) size 0x19
              RenderTableCell {TD} at (71,104) size 35x32 [border: (1px inset #808080)] [r=3 c=2 rs=1 cs=1]
                RenderBR {BR} at (6,6) size 0x19
caret: position 0 of child 0 {BR} of child 0 {TD} of child 0 {TR} of child 1 {TBODY} of child 1 {TABLE} of child 3 {DIV} of body
