EDITING DELEGATE: shouldBeginEditingInDOMRange:range from 0 of DIV > BODY > HTML > #document to 5 of DIV > BODY > HTML > #document
EDITING DELEGATE: webViewDidBeginEditing:WebViewDidBeginEditingNotification
EDITING DELEGATE: webViewDidChangeSelection:WebViewDidChangeSelectionNotification
EDITING DELEGATE: shouldDeleteDOMRange:range from 3 of #text > DIV > DIV > BODY > HTML > #document to 0 of DIV > DIV > BODY > HTML > #document
EDITING DELEGATE: shouldChangeSelectedDOMRange:range from 0 of DIV > DIV > BODY > HTML > #document to 0 of DIV > DIV > BODY > HTML > #document toDOMRange:range from 3 of #text > DIV > DIV > BODY > HTML > #document to 3 of #text > DIV > DIV > BODY > HTML > #document affinity:NSSelectionAffinityDownstream stillSelecting:FALSE
EDITING DELEGATE: webViewDidChangeSelection:WebViewDidChangeSelectionNotification
EDITING DELEGATE: webViewDidChange:WebViewDidChangeNotification
layer at (0,0) size 800x600
  RenderView at (0,0) size 800x600
layer at (0,0) size 800x600
  RenderBlock {HTML} at (0,0) size 800x600
    RenderBody {BODY} at (8,8) size 784x584
      RenderBlock {P} at (0,0) size 784x40
        RenderText {#text} at (0,0) size 741x39
          text run at (0,0) width 741: "This places the caret before the 'T' in 'Two' and Deletes. 'One' and 'Two' should be merged but the blocks containing"
          text run at (0,20) width 280: "'Three' and 'Four' should remain untouched."
      RenderBlock {DIV} at (8,56) size 768x182
        RenderBlock {DIV} at (16,16) size 736x42 [border: (3px solid #FF0000)]
          RenderText {#text} at (11,11) size 55x19
            text run at (11,11) width 55: "OneTwo"
        RenderBlock {DIV} at (16,66) size 736x100 [border: (3px solid #008000)]
          RenderBlock {DIV} at (19,19) size 698x42 [border: (3px solid #000000)]
            RenderText {#text} at (11,11) size 38x19
              text run at (11,11) width 38: "Three"
          RenderBlock (anonymous) at (11,69) size 714x20
            RenderText {#text} at (0,0) size 31x19
              text run at (0,0) width 31: "Four"
caret: position 3 of child 0 {#text} of child 1 {DIV} of child 2 {DIV} of body
