layer at (0,0) size 800x600
  RenderView at (0,0) size 800x600
layer at (0,0) size 800x600
  RenderBlock {HTML} at (0,0) size 800x600
    RenderBody {BODY} at (0,0) size 800x600 [color=#90EE90]
      RenderBlock (floating) {DIV} at (20,20) size 40x40 [bgcolor=#FFFFE0]
      RenderBlock {DIV} at (0,80) size 800x0
      RenderBlock (floating) {DIV} at (20,100) size 40x40 [bgcolor=#FFFFE0]
      RenderBlock {DIV} at (0,160) size 800x0
      RenderBlock (floating) {DIV} at (20,180) size 40x40 [bgcolor=#FFFFE0]
      RenderBlock {DIV} at (0,240) size 800x0
      RenderBlock (floating) {DIV} at (20,260) size 40x40 [bgcolor=#FFFFE0]
      RenderBlock {DIV} at (0,320) size 800x0
      RenderBlock (floating) {DIV} at (20,340) size 40x40 [bgcolor=#FFFFE0]
        RenderText {#text} at (5,5) size 20x20
          text run at (5,5) width 20: "X"
      RenderBlock {DIV} at (0,400) size 800x0
      RenderBlock (floating) {DIV} at (20,420) size 40x40 [bgcolor=#FFFFE0]
        RenderText {#text} at (5,5) size 20x20
          text run at (5,5) width 20: "X"
      RenderBlock {DIV} at (0,480) size 800x0
      RenderBlock (floating) {DIV} at (20,500) size 40x40 [bgcolor=#FFFFE0]
        RenderText {#text} at (5,5) size 20x20
          text run at (5,5) width 20: "X"
layer at (100,20) size 40x40
  RenderBlock (floating) {DIV} at (100,20) size 40x40 [bgcolor=#FFFFE0]
layer at (180,20) size 40x40
  RenderBlock (floating) {DIV} at (180,20) size 40x40 [bgcolor=#FFFFE0]
layer at (260,20) size 40x40
  RenderBlock (floating) {DIV} at (260,20) size 40x40 [bgcolor=#FFFFE0]
layer at (340,20) size 40x40
  RenderBlock (floating) {DIV} at (340,20) size 40x40 [bgcolor=#FFFFE0]
layer at (100,100) size 40x40
  RenderBlock (floating) {DIV} at (100,100) size 40x40 [bgcolor=#FFFFE0]
layer at (180,100) size 40x40
  RenderBlock (floating) {DIV} at (180,100) size 40x40 [bgcolor=#FFFFE0]
layer at (260,100) size 40x40
  RenderBlock (floating) {DIV} at (260,100) size 40x40 [bgcolor=#FFFFE0]
layer at (340,100) size 40x40
  RenderBlock (floating) {DIV} at (340,100) size 40x40 [bgcolor=#FFFFE0]
layer at (100,180) size 40x40
  RenderBlock (floating) {DIV} at (100,180) size 40x40 [bgcolor=#FFFFE0]
layer at (180,180) size 40x40
  RenderBlock (floating) {DIV} at (180,180) size 40x40 [bgcolor=#FFFFE0]
layer at (260,180) size 40x40
  RenderBlock (floating) {DIV} at (260,180) size 40x40 [bgcolor=#FFFFE0]
layer at (340,180) size 40x40
  RenderBlock (floating) {DIV} at (340,180) size 40x40 [bgcolor=#FFFFE0]
layer at (100,260) size 40x40
  RenderBlock (floating) {DIV} at (100,260) size 40x40 [bgcolor=#FFFFE0]
layer at (180,260) size 40x40
  RenderBlock (floating) {DIV} at (180,260) size 40x40 [bgcolor=#FFFFE0]
layer at (260,260) size 40x40
  RenderBlock (floating) {DIV} at (260,260) size 40x40 [bgcolor=#FFFFE0]
layer at (340,260) size 40x40
  RenderBlock (floating) {DIV} at (340,260) size 40x40 [bgcolor=#FFFFE0]
layer at (100,340) size 40x40
  RenderBlock (floating) {DIV} at (100,340) size 40x40 [bgcolor=#FFFFE0]
    RenderText {#text} at (5,5) size 20x20
      text run at (5,5) width 20: "X"
layer at (180,340) size 40x40
  RenderBlock (floating) {DIV} at (180,340) size 40x40 [bgcolor=#FFFFE0]
    RenderText {#text} at (5,5) size 20x20
      text run at (5,5) width 20: "X"
layer at (260,340) size 40x40
  RenderBlock (floating) {DIV} at (260,340) size 40x40 [bgcolor=#FFFFE0]
    RenderText {#text} at (5,5) size 20x20
      text run at (5,5) width 20: "X"
layer at (340,340) size 40x40
  RenderBlock (floating) {DIV} at (340,340) size 40x40 [bgcolor=#FFFFE0]
    RenderText {#text} at (5,5) size 20x20
      text run at (5,5) width 20: "X"
layer at (100,420) size 40x40
  RenderBlock (floating) {DIV} at (100,420) size 40x40 [bgcolor=#FFFFE0]
    RenderText {#text} at (5,5) size 20x20
      text run at (5,5) width 20: "X"
layer at (180,420) size 40x40
  RenderBlock (floating) {DIV} at (180,420) size 40x40 [bgcolor=#FFFFE0]
    RenderText {#text} at (5,5) size 20x20
      text run at (5,5) width 20: "X"
layer at (260,420) size 40x40
  RenderBlock (floating) {DIV} at (260,420) size 40x40 [bgcolor=#FFFFE0]
    RenderText {#text} at (5,5) size 20x20
      text run at (5,5) width 20: "X"
layer at (340,420) size 40x40
  RenderBlock (floating) {DIV} at (340,420) size 40x40 [bgcolor=#FFFFE0]
    RenderText {#text} at (5,5) size 20x20
      text run at (5,5) width 20: "X"
layer at (100,500) size 40x40
  RenderBlock (floating) {DIV} at (100,500) size 40x40 [bgcolor=#FFFFE0]
    RenderText {#text} at (5,5) size 20x20
      text run at (5,5) width 20: "X"
layer at (180,500) size 40x40
  RenderBlock (floating) {DIV} at (180,500) size 40x40 [bgcolor=#FFFFE0]
    RenderText {#text} at (5,5) size 20x20
      text run at (5,5) width 20: "X"
layer at (260,500) size 40x40
  RenderBlock (floating) {DIV} at (260,500) size 40x40 [bgcolor=#FFFFE0]
    RenderText {#text} at (5,5) size 20x20
      text run at (5,5) width 20: "X"
layer at (340,500) size 40x40
  RenderBlock (floating) {DIV} at (340,500) size 40x40 [bgcolor=#FFFFE0]
    RenderText {#text} at (5,5) size 20x20
      text run at (5,5) width 20: "X"
