layer at (0,0) size 800x600
  RenderView at (0,0) size 800x600
layer at (0,0) size 800x600
  RenderBlock {HTML} at (0,0) size 800x600
    RenderBody {BODY} at (8,8) size 784x584
layer at (0,0) size 500x200
  RenderSVGRoot {svg} at (0,13) size 405x187
    RenderSVGContainer {g} at (0,13) size 405x100
      RenderSVGText {text} at (0,14) size 200x46 contains 1 chunk(s)
        RenderSVGInlineText {#text} at (0,0) size 105x46
          chunk 1 text run 1 at (0.00,50.00) startOffset 0 endOffset 5 width 105.00: "PASS "
        RenderSVGTSpan {tspan} at (0,0) size 95x46
          RenderSVGInlineText {#text} at (105,0) size 95x46
            chunk 1 text run 1 at (105.00,50.00) startOffset 0 endOffset 4 width 95.00: "PASS"
        RenderSVGInlineText {#text} at (0,0) size 0x0
      RenderSVGForeignObject {foreignObject} at (210,13) size 100x100
        RenderBlock {P} at (0,0) size 100x48 [color=#008800]
          RenderText {#text} at (0,1) size 95x46
            text run at (0,1) width 95: "PASS"
      RenderSVGViewportContainer {svg} at (310,14) size 95x46
        RenderSVGText {text} at (0,1) size 95x46 contains 1 chunk(s)
          RenderSVGInlineText {#text} at (0,0) size 95x46
            chunk 1 text run 1 at (0.00,37.00) startOffset 0 endOffset 4 width 95.00: "PASS"
    RenderSVGContainer {g} at (0,63) size 405x100
      RenderSVGText {text} at (0,64) size 200x46 contains 1 chunk(s)
        RenderSVGInlineText {#text} at (0,0) size 105x46
          chunk 1 text run 1 at (0.00,100.00) startOffset 0 endOffset 5 width 105.00: "PASS "
        RenderSVGTSpan {tspan} at (0,0) size 95x46
          RenderSVGInlineText {#text} at (105,0) size 95x46
            chunk 1 text run 1 at (105.00,100.00) startOffset 0 endOffset 4 width 95.00: "PASS"
        RenderSVGInlineText {#text} at (0,0) size 0x0
      RenderSVGForeignObject {foreignObject} at (210,63) size 100x100
        RenderBlock {P} at (0,0) size 100x48 [color=#008800]
          RenderText {#text} at (0,1) size 95x46
            text run at (0,1) width 95: "PASS"
      RenderSVGViewportContainer {svg} at (310,64) size 95x46
        RenderSVGText {text} at (0,1) size 95x46 contains 1 chunk(s)
          RenderSVGInlineText {#text} at (0,0) size 95x46
            chunk 1 text run 1 at (0.00,37.00) startOffset 0 endOffset 4 width 95.00: "PASS"
    RenderSVGContainer {g} at (0,113) size 405x87
      RenderSVGText {text} at (0,114) size 200x46 contains 1 chunk(s)
        RenderSVGInlineText {#text} at (0,0) size 105x46
          chunk 1 text run 1 at (0.00,150.00) startOffset 0 endOffset 5 width 105.00: "PASS "
        RenderSVGTSpan {tspan} at (0,0) size 95x46
          RenderSVGInlineText {#text} at (105,0) size 95x46
            chunk 1 text run 1 at (105.00,150.00) startOffset 0 endOffset 4 width 95.00: "PASS"
        RenderSVGInlineText {#text} at (0,0) size 0x0
      RenderSVGForeignObject {foreignObject} at (210,113) size 100x100
        RenderBlock {P} at (0,0) size 100x48 [color=#008800]
          RenderText {#text} at (0,1) size 95x46
            text run at (0,1) width 95: "PASS"
      RenderSVGViewportContainer {svg} at (310,114) size 95x46
        RenderSVGText {text} at (0,1) size 95x46 contains 1 chunk(s)
          RenderSVGInlineText {#text} at (0,0) size 95x46
            chunk 1 text run 1 at (0.00,37.00) startOffset 0 endOffset 4 width 95.00: "PASS"
