layer at (0,0) size 800x600
  RenderView at (0,0) size 800x600
layer at (0,0) size 800x146
  RenderBlock {HTML} at (0,0) size 800x146
    RenderBody {BODY} at (8,8) size 784x118
      RenderBlock (anonymous) at (0,0) size 784x100
        RenderText {#text} at (0,0) size 744x39
          text run at (0,0) width 744: "This test checks that the text-overflow: ellipsis property is handled correctly when using an SVG font and having kerning and"
          text run at (0,20) width 72: "ligatures on."
        RenderBR {BR} at (72,20) size 0x19
        RenderBR {BR} at (0,40) size 0x19
        RenderText {#text} at (0,60) size 488x19
          text run at (0,60) width 488: "Pass if some text is shown followed by an ellipsis (NOT just the ellipsis by itself). "
        RenderBR {BR} at (488,60) size 0x19
        RenderBR {BR} at (0,80) size 0x19
layer at (8,108) size 182x18 clip at (9,109) size 180x16 scrollWidth 354
  RenderBlock {DIV} at (0,100) size 182x18 [border: (1px solid #000000)]
    RenderText {#text} at (1,1) size 354x16
      text run at (1,1) width 354: "abc abc abc abc abc abc abc abc abc abc"
