layer at (0,0) size 800x699
  RenderView at (0,0) size 800x600
layer at (0,0) size 800x699
  RenderBlock {HTML} at (0,0) size 800x699
    RenderBody {BODY} at (8,8) size 784x683
      RenderBlock {P} at (0,0) size 784x40
        RenderText {#text} at (0,0) size 224x19
          text run at (0,0) width 224: "This page tests the behavior of the "
        RenderInline {TT} at (0,0) size 71x14
          RenderText {#text} at (223,5) size 71x14
            text run at (223,5) width 71: "scrolling"
        RenderText {#text} at (293,0) size 83x19
          text run at (293,0) width 83: " attribute on "
        RenderInline {TT} at (0,0) size 63x14
          RenderText {#text} at (375,5) size 63x14
            text run at (375,5) width 63: "<iframe>"
        RenderText {#text} at (437,0) size 776x39
          text run at (437,0) width 339: " elements which contain a page large enough to need"
          text run at (0,20) width 91: "to be scrolled."
      RenderBlock (anonymous) at (0,56) size 784x627
        RenderIFrame {IFRAME} at (0,0) size 204x204 [border: (2px inset #000000)]
          layer at (0,0) size 408x492
            RenderView at (0,0) size 200x200
          layer at (0,0) size 200x492
            RenderBlock {HTML} at (0,0) size 200x492
              RenderBody {BODY} at (8,8) size 184x476
                RenderBlock {P} at (0,0) size 184x60
                  RenderText {#text} at (0,0) size 181x59
                    text run at (0,0) width 181: "This page is large enough to"
                    text run at (0,20) width 148: "need to be scrolled in a"
                    text run at (0,40) width 102: "200x200 frame."
                RenderBlock {DIV} at (0,76) size 400x400 [bgcolor=#0000FF]
        RenderText {#text} at (204,189) size 4x19
          text run at (204,189) width 4: " "
        RenderIFrame {IFRAME} at (208,0) size 204x204 [border: (2px inset #000000)]
          layer at (0,0) size 408x492
            RenderView at (0,0) size 200x200
          layer at (0,0) size 200x492
            RenderBlock {HTML} at (0,0) size 200x492
              RenderBody {BODY} at (8,8) size 184x476
                RenderBlock {P} at (0,0) size 184x60
                  RenderText {#text} at (0,0) size 181x59
                    text run at (0,0) width 181: "This page is large enough to"
                    text run at (0,20) width 148: "need to be scrolled in a"
                    text run at (0,40) width 102: "200x200 frame."
                RenderBlock {DIV} at (0,76) size 400x400 [bgcolor=#0000FF]
        RenderText {#text} at (412,189) size 4x19
          text run at (412,189) width 4: " "
        RenderIFrame {IFRAME} at (416,0) size 204x204 [border: (2px inset #000000)]
          layer at (0,0) size 408x492
            RenderView at (0,0) size 200x200
          layer at (0,0) size 200x492
            RenderBlock {HTML} at (0,0) size 200x492
              RenderBody {BODY} at (8,8) size 184x476
                RenderBlock {P} at (0,0) size 184x60
                  RenderText {#text} at (0,0) size 181x59
                    text run at (0,0) width 181: "This page is large enough to"
                    text run at (0,20) width 148: "need to be scrolled in a"
                    text run at (0,40) width 102: "200x200 frame."
                RenderBlock {DIV} at (0,76) size 400x400 [bgcolor=#0000FF]
        RenderText {#text} at (0,0) size 0x0
        RenderIFrame {IFRAME} at (0,209) size 204x204 [border: (2px inset #000000)]
          layer at (0,0) size 408x492
            RenderView at (0,0) size 200x200
          layer at (0,0) size 200x492
            RenderBlock {HTML} at (0,0) size 200x492
              RenderBody {BODY} at (8,8) size 184x476
                RenderBlock {P} at (0,0) size 184x60
                  RenderText {#text} at (0,0) size 181x59
                    text run at (0,0) width 181: "This page is large enough to"
                    text run at (0,20) width 148: "need to be scrolled in a"
                    text run at (0,40) width 102: "200x200 frame."
                RenderBlock {DIV} at (0,76) size 400x400 [bgcolor=#0000FF]
        RenderText {#text} at (204,398) size 4x19
          text run at (204,398) width 4: " "
        RenderIFrame {IFRAME} at (208,209) size 204x204 [border: (2px inset #000000)]
          layer at (0,0) size 408x492
            RenderView at (0,0) size 200x200
          layer at (0,0) size 200x492
            RenderBlock {HTML} at (0,0) size 200x492
              RenderBody {BODY} at (8,8) size 184x476
                RenderBlock {P} at (0,0) size 184x60
                  RenderText {#text} at (0,0) size 181x59
                    text run at (0,0) width 181: "This page is large enough to"
                    text run at (0,20) width 148: "need to be scrolled in a"
                    text run at (0,40) width 102: "200x200 frame."
                RenderBlock {DIV} at (0,76) size 400x400 [bgcolor=#0000FF]
        RenderText {#text} at (412,398) size 4x19
          text run at (412,398) width 4: " "
        RenderIFrame {IFRAME} at (416,209) size 204x204 [border: (2px inset #000000)]
          layer at (0,0) size 408x492
            RenderView at (0,0) size 200x200
          layer at (0,0) size 200x492
            RenderBlock {HTML} at (0,0) size 200x492
              RenderBody {BODY} at (8,8) size 184x476
                RenderBlock {P} at (0,0) size 184x60
                  RenderText {#text} at (0,0) size 181x59
                    text run at (0,0) width 181: "This page is large enough to"
                    text run at (0,20) width 148: "need to be scrolled in a"
                    text run at (0,40) width 102: "200x200 frame."
                RenderBlock {DIV} at (0,76) size 400x400 [bgcolor=#0000FF]
        RenderText {#text} at (0,0) size 0x0
        RenderIFrame {IFRAME} at (0,418) size 204x204 [border: (2px inset #000000)]
          layer at (0,0) size 408x492
            RenderView at (0,0) size 200x200
          layer at (0,0) size 200x492
            RenderBlock {HTML} at (0,0) size 200x492
              RenderBody {BODY} at (8,8) size 184x476
                RenderBlock {P} at (0,0) size 184x60
                  RenderText {#text} at (0,0) size 181x59
                    text run at (0,0) width 181: "This page is large enough to"
                    text run at (0,20) width 148: "need to be scrolled in a"
                    text run at (0,40) width 102: "200x200 frame."
                RenderBlock {DIV} at (0,76) size 400x400 [bgcolor=#0000FF]
        RenderText {#text} at (204,607) size 4x19
          text run at (204,607) width 4: " "
        RenderIFrame {IFRAME} at (208,418) size 204x204 [border: (2px inset #000000)]
          layer at (0,0) size 408x492
            RenderView at (0,0) size 200x200
          layer at (0,0) size 200x492
            RenderBlock {HTML} at (0,0) size 200x492
              RenderBody {BODY} at (8,8) size 184x476
                RenderBlock {P} at (0,0) size 184x60
                  RenderText {#text} at (0,0) size 181x59
                    text run at (0,0) width 181: "This page is large enough to"
                    text run at (0,20) width 148: "need to be scrolled in a"
                    text run at (0,40) width 102: "200x200 frame."
                RenderBlock {DIV} at (0,76) size 400x400 [bgcolor=#0000FF]
        RenderText {#text} at (0,0) size 0x0
