layer at (0,0) size 800x600
  RenderView at (0,0) size 800x600
layer at (0,0) size 800x600
  RenderBlock {HTML} at (0,0) size 800x600
    RenderBody {BODY} at (8,8) size 784x584
      RenderText {#text} at (0,0) size 769x59
        text run at (0,0) width 763: "The documents in the src attributes of the iframes below only contain comments. This test is for a bug where we would"
        text run at (0,20) width 769: "only construct RenderViews for such iframes. We need to propery construct an empty frame instead, so the RenderView"
        text run at (0,40) width 549: "should have a RenderBlock and RenderBody below it in the dump of the RenderTree."
      RenderBR {BR} at (548,40) size 1x19
      RenderIFrame {IFRAME} at (0,60) size 788x14 [border: (2px inset #000000)]
        layer at (0,0) size 784x10
          RenderView at (0,0) size 784x10
        layer at (0,0) size 784x10
          RenderBlock {HTML} at (0,0) size 784x10
            RenderBody {BODY} at (8,8) size 768x0
      RenderBR {BR} at (788,59) size 0x19
      RenderBR {BR} at (0,74) size 0x19
      RenderIFrame {IFRAME} at (0,94) size 788x14 [border: (2px inset #000000)]
        layer at (0,0) size 784x170
          RenderView at (0,0) size 784x10
        layer at (0,0) size 784x170
          RenderBlock {html} at (0,0) size 784x170
            RenderBody {body} at (8,16) size 768x138
              RenderBlock {parsererror} at (16,0) size 736x138 [bgcolor=#FFDDDD] [border: (2px solid #CC7777)]
                RenderBlock {h3} at (18,20) size 700x24
                  RenderText {#text} at (0,0) size 318x22
                    text run at (0,0) width 318: "This page contains the following errors:"
                RenderBlock {div} at (18,62) size 700x14
                  RenderText {#text} at (0,0) size 505x13
                    text run at (0,0) width 505: "error on line 1 at column 15: Extra content at the end of the document"
                    text run at (504,0) width 1: " "
                RenderBlock {h3} at (18,94) size 700x24
                  RenderText {#text} at (0,0) size 419x22
                    text run at (0,0) width 419: "Below is a rendering of the page up to the first error."
      RenderText {#text} at (0,0) size 0x0
