layer at (0,0) size 827x1730
  RenderView at (0,0) size 785x585
layer at (0,0) size 785x1730
  RenderBlock {HTML} at (0,0) size 785x1731
    RenderBody {BODY} at (8,17) size 769x1701 [color=#00FF00] [bgcolor=#333333]
      RenderBlock {H1} at (0,0) size 769x30
        RenderText {#text} at (0,0) size 528x30
          text run at (0,0) width 528: "CSS2 Table Backgrounds Test Suite"
      RenderBlock {H2} at (0,47) size 769x24
        RenderText {#text} at (0,0) size 60x23
          text run at (0,0) width 60: "Notes"
      RenderBlock {P} at (0,86) size 769x76
        RenderText {#text} at (0,0) size 728x30
          text run at (0,0) width 728: "This test suite is not endorsed or approved by the W3C or anyone besides fantasai. It tests"
          text run at (0,15) width 208: "conformance to fantasai's "
        RenderInline {A} at (0,0) size 312x15 [color=#FFFF00]
          RenderText {#text} at (208,15) size 312x15
            text run at (208,15) width 312: "table background clarification proposal"
        RenderText {#text} at (520,15) size 720x60
          text run at (520,15) width 184: ", not the official CSS2"
          text run at (0,30) width 704: "specification. The intent is to demonstrate the proposal's effects under various styling"
          text run at (0,45) width 720: "conditions and to clarify any ambiguity in the proposal in preparation for a better-worded"
          text run at (0,60) width 640: "errata suggestion. It's not particularly well-designed, but it is comprehensive."
      RenderBlock {P} at (0,174) size 769x46
        RenderText {#text} at (0,0) size 720x45
          text run at (0,0) width 712: "This test suite (this page and all pages linked from the table of contents below) and its"
          text run at (0,15) width 720: "background images (listed below) are in the public domain by assertion of their author. No"
          text run at (0,30) width 128: "rights reserved."
      RenderBlock {P} at (0,232) size 769x16
        RenderText {#text} at (0,0) size 392x15
          text run at (0,0) width 392: "The images used as backgrounds are the following:"
      RenderBlock {UL} at (0,260) size 769x731
        RenderListItem {LI} at (40,0) size 729x33
          RenderListMarker at (-16,18) size 6x15: bullet
          RenderImage {IMG} at (0,0) size 80x30
          RenderText {#text} at (0,0) size 0x0
        RenderListItem {LI} at (40,33) size 729x83
          RenderListMarker at (-16,68) size 6x15: bullet
          RenderImage {IMG} at (0,0) size 30x80
          RenderText {#text} at (0,0) size 0x0
        RenderListItem {LI} at (40,116) size 729x614
          RenderListMarker at (-16,599) size 6x15: bullet
          RenderImage {IMG} at (0,0) size 779x611
          RenderText {#text} at (0,0) size 0x0
      RenderBlock {P} at (0,1003) size 769x16
        RenderText {#text} at (0,0) size 336x15
          text run at (0,0) width 336: "They are in GIF format, with transparency."
      RenderBlock {P} at (0,1031) size 769x31
        RenderText {#text} at (0,0) size 760x30
          text run at (0,0) width 760: "Each color band in the rainbow backgrounds is 20 pixels wide. Each stripe within the color band"
          text run at (0,15) width 152: "is two pixels wide."
      RenderBlock {P} at (0,1074) size 769x16
        RenderText {#text} at (0,0) size 728x15
          text run at (0,0) width 728: "The aqua and purple band is 10 pixels wide. Each stripe within the band is two pixels wide."
      RenderBlock {P} at (0,1102) size 769x16
        RenderText {#text} at (0,0) size 744x15
          text run at (0,0) width 744: "Many image background rules in this test suite are backed up with a 'black' background color."
      RenderBlock {P} at (0,1130) size 769x61
        RenderText {#text} at (0,0) size 232x15
          text run at (0,0) width 232: "This test suite assumes that "
        RenderInline {STRONG} at (0,0) size 720x30
          RenderText {#text} at (232,0) size 720x30
            text run at (232,0) width 488: "the border edge for a table element in a table with collapsed"
            text run at (0,15) width 120: "borders is the "
          RenderInline {EM} at (0,0) size 48x15
            RenderText {#text} at (120,15) size 48x15
              text run at (120,15) width 48: "middle"
          RenderText {#text} at (168,15) size 504x15
            text run at (168,15) width 504: " of the border around the element, not the outer or inner edge."
        RenderText {#text} at (672,15) size 760x30
          text run at (672,15) width 88: " (This also"
          text run at (0,30) width 736: "needs to be addressed by CSS2.1.) It also assumes support for proper ordering of tables with"
        RenderInline {CODE} at (0,0) size 56x15
          RenderText {#text} at (0,45) size 56x15
            text run at (0,45) width 56: "<tfoot>"
        RenderText {#text} at (56,45) size 8x15
          text run at (56,45) width 8: "."
      RenderBlock {H2} at (0,1206) size 769x24
        RenderText {#text} at (0,0) size 204x23
          text run at (0,0) width 204: "Table of Contents"
      RenderBlock {OL} at (0,1245) size 769x455
        RenderListItem {LI} at (40,0) size 729x105
          RenderBlock (anonymous) at (0,0) size 729x15
            RenderListMarker at (-28,0) size 24x15: "A"
            RenderText {#text} at (0,0) size 120x15
              text run at (0,0) width 120: "Background Area"
          RenderBlock {OL} at (0,15) size 729x90
            RenderListItem {LI} at (40,0) size 689x15
              RenderListMarker at (-28,0) size 24x15: "1"
              RenderInline {A} at (0,0) size 168x15 [color=#FFFF00]
                RenderText {#text} at (0,0) size 168x15
                  text run at (0,0) width 168: "Background on 'table'"
              RenderText {#text} at (0,0) size 0x0
            RenderListItem {LI} at (40,15) size 689x15
              RenderListMarker at (-28,0) size 24x15: "2"
              RenderInline {A} at (0,0) size 248x15 [color=#FFFF00]
                RenderText {#text} at (0,0) size 248x15
                  text run at (0,0) width 248: "Background on 'table-row-group'"
              RenderText {#text} at (0,0) size 0x0
            RenderListItem {LI} at (40,30) size 689x15
              RenderListMarker at (-28,0) size 24x15: "3"
              RenderInline {A} at (0,0) size 272x15 [color=#FFFF00]
                RenderText {#text} at (0,0) size 272x15
                  text run at (0,0) width 272: "Background on 'table-column-group'"
              RenderText {#text} at (0,0) size 0x0
            RenderListItem {LI} at (40,45) size 689x15
              RenderListMarker at (-28,0) size 24x15: "4"
              RenderInline {A} at (0,0) size 200x15 [color=#FFFF00]
                RenderText {#text} at (0,0) size 200x15
                  text run at (0,0) width 200: "Background on 'table-row'"
              RenderText {#text} at (0,0) size 0x0
            RenderListItem {LI} at (40,60) size 689x15
              RenderListMarker at (-28,0) size 24x15: "5"
              RenderInline {A} at (0,0) size 224x15 [color=#FFFF00]
                RenderText {#text} at (0,0) size 224x15
                  text run at (0,0) width 224: "Background on 'table-column'"
              RenderText {#text} at (0,0) size 0x0
            RenderListItem {LI} at (40,75) size 689x15
              RenderListMarker at (-28,0) size 24x15: "6"
              RenderInline {A} at (0,0) size 208x15 [color=#FFFF00]
                RenderText {#text} at (0,0) size 208x15
                  text run at (0,0) width 208: "Background on 'table-cell'"
              RenderText {#text} at (0,0) size 0x0
        RenderListItem {LI} at (40,105) size 729x105
          RenderBlock (anonymous) at (0,0) size 729x15
            RenderListMarker at (-28,0) size 24x15: "B"
            RenderText {#text} at (0,0) size 152x15
              text run at (0,0) width 152: "Background Position"
          RenderBlock {OL} at (0,15) size 729x90
            RenderListItem {LI} at (40,0) size 689x15
              RenderListMarker at (-28,0) size 24x15: "1"
              RenderInline {A} at (0,0) size 168x15 [color=#FFFF00]
                RenderText {#text} at (0,0) size 168x15
                  text run at (0,0) width 168: "Background on 'table'"
              RenderText {#text} at (0,0) size 0x0
            RenderListItem {LI} at (40,15) size 689x15
              RenderListMarker at (-28,0) size 24x15: "2"
              RenderInline {A} at (0,0) size 248x15 [color=#FFFF00]
                RenderText {#text} at (0,0) size 248x15
                  text run at (0,0) width 248: "Background on 'table-row-group'"
              RenderText {#text} at (0,0) size 0x0
            RenderListItem {LI} at (40,30) size 689x15
              RenderListMarker at (-28,0) size 24x15: "3"
              RenderInline {A} at (0,0) size 272x15 [color=#FFFF00]
                RenderText {#text} at (0,0) size 272x15
                  text run at (0,0) width 272: "Background on 'table-column-group'"
              RenderText {#text} at (0,0) size 0x0
            RenderListItem {LI} at (40,45) size 689x15
              RenderListMarker at (-28,0) size 24x15: "4"
              RenderInline {A} at (0,0) size 200x15 [color=#FFFF00]
                RenderText {#text} at (0,0) size 200x15
                  text run at (0,0) width 200: "Background on 'table-row'"
              RenderText {#text} at (0,0) size 0x0
            RenderListItem {LI} at (40,60) size 689x15
              RenderListMarker at (-28,0) size 24x15: "5"
              RenderInline {A} at (0,0) size 224x15 [color=#FFFF00]
                RenderText {#text} at (0,0) size 224x15
                  text run at (0,0) width 224: "Background on 'table-column'"
              RenderText {#text} at (0,0) size 0x0
            RenderListItem {LI} at (40,75) size 689x15
              RenderListMarker at (-28,0) size 24x15: "6"
              RenderInline {A} at (0,0) size 208x15 [color=#FFFF00]
                RenderText {#text} at (0,0) size 208x15
                  text run at (0,0) width 208: "Background on 'table-cell'"
              RenderText {#text} at (0,0) size 0x0
        RenderListItem {LI} at (40,210) size 729x45
          RenderBlock (anonymous) at (0,0) size 729x15
            RenderListMarker at (-28,0) size 24x15: "C"
            RenderText {#text} at (0,0) size 136x15
              text run at (0,0) width 136: "Background Layers"
          RenderBlock {OL} at (0,15) size 729x30
            RenderListItem {LI} at (40,0) size 689x15
              RenderListMarker at (-28,0) size 24x15: "1"
              RenderInline {A} at (0,0) size 136x15 [color=#FFFF00]
                RenderText {#text} at (0,0) size 136x15
                  text run at (0,0) width 136: "empty-cells: show"
              RenderText {#text} at (0,0) size 0x0
            RenderListItem {LI} at (40,15) size 689x15
              RenderListMarker at (-28,0) size 24x15: "2"
              RenderInline {A} at (0,0) size 136x15 [color=#FFFF00]
                RenderText {#text} at (0,0) size 136x15
                  text run at (0,0) width 136: "empty-cells: hide"
              RenderText {#text} at (0,0) size 0x0
        RenderListItem {LI} at (40,255) size 729x199
          RenderBlock (anonymous) at (0,0) size 729x15
            RenderListMarker at (-28,0) size 24x15: "D"
            RenderText {#text} at (0,0) size 184x15
              text run at (0,0) width 184: "Background with Borders"
          RenderBlock {OL} at (0,15) size 729x135
            RenderListItem {LI} at (40,0) size 689x15
              RenderListMarker at (-28,0) size 24x15: "1"
              RenderInline {A} at (0,0) size 168x15 [color=#FFFF00]
                RenderText {#text} at (0,0) size 168x15
                  text run at (0,0) width 168: "Background on 'table'"
              RenderText {#text} at (0,0) size 0x0
            RenderListItem {LI} at (40,15) size 689x15
              RenderListMarker at (-28,0) size 24x15: "2"
              RenderInline {A} at (0,0) size 248x15 [color=#FFFF00]
                RenderText {#text} at (0,0) size 248x15
                  text run at (0,0) width 248: "Background on 'table-row-group'"
              RenderText {#text} at (0,0) size 0x0
            RenderListItem {LI} at (40,30) size 689x15
              RenderListMarker at (-28,0) size 24x15: "3"
              RenderInline {A} at (0,0) size 272x15 [color=#FFFF00]
                RenderText {#text} at (0,0) size 272x15
                  text run at (0,0) width 272: "Background on 'table-column-group'"
              RenderText {#text} at (0,0) size 0x0
            RenderListItem {LI} at (40,45) size 689x15
              RenderListMarker at (-28,0) size 24x15: "4"
              RenderInline {A} at (0,0) size 200x15 [color=#FFFF00]
                RenderText {#text} at (0,0) size 200x15
                  text run at (0,0) width 200: "Background on 'table-row'"
              RenderText {#text} at (0,0) size 0x0
            RenderListItem {LI} at (40,60) size 689x15
              RenderListMarker at (-28,0) size 24x15: "5"
              RenderInline {A} at (0,0) size 224x15 [color=#FFFF00]
                RenderText {#text} at (0,0) size 224x15
                  text run at (0,0) width 224: "Background on 'table-column'"
              RenderText {#text} at (0,0) size 0x0
            RenderListItem {LI} at (40,75) size 689x15
              RenderListMarker at (-28,0) size 24x15: "6"
              RenderInline {A} at (0,0) size 208x15 [color=#FFFF00]
                RenderText {#text} at (0,0) size 208x15
                  text run at (0,0) width 208: "Background on 'table-cell'"
              RenderText {#text} at (0,0) size 0x0
            RenderListItem {LI} at (40,90) size 689x45
              RenderBlock (anonymous) at (0,0) size 689x15
                RenderListMarker at (-28,0) size 24x15: "7"
                RenderText {#text} at (0,0) size 104x15
                  text run at (0,0) width 104: "Special Tests"
              RenderBlock {OL} at (0,15) size 689x30
                RenderListItem {LI} at (40,0) size 649x15
                  RenderListMarker at (-28,0) size 24x15: "1"
                  RenderInline {A} at (0,0) size 56x15 [color=#FFFF00]
                    RenderText {#text} at (0,0) size 56x15
                      text run at (0,0) width 56: "Opacity"
                  RenderText {#text} at (0,0) size 0x0
                RenderListItem {LI} at (40,15) size 649x15
                  RenderListMarker at (-28,0) size 24x15: "2"
                  RenderInline {A} at (0,0) size 136x15 [color=#FFFF00]
                    RenderText {#text} at (0,0) size 136x15
                      text run at (0,0) width 136: "Fixed Backgrounds"
                  RenderText {#text} at (0,0) size 0x0
          RenderBlock {DIV} at (0,150) size 729x34
            RenderInline {A} at (0,0) size 88x15 [color=#FFFF00]
              RenderImage {IMG} at (0,0) size 88x31
            RenderText {#text} at (0,0) size 0x0
          RenderBlock {ADDRESS} at (0,184) size 729x15
            RenderText {#text} at (0,0) size 704x15
              text run at (0,0) width 704: "CSS2 Table Backgrounds Test Suite designed and written by fantasai <fantasai@escape.com>"
