layer at (0,0) size 785x1368
  RenderView at (0,0) size 785x600
layer at (0,0) size 785x1368
  RenderBlock {HTML} at (0,0) size 785x1369
    RenderBody {BODY} at (8,17) size 769x1344 [color=#00FF00] [bgcolor=#333333]
      RenderBlock {H1} at (0,0) size 769x30
        RenderText {#text} at (0,0) size 528x30
          text run at (0,0) width 528: "CSS2 Table Backgrounds Test Suite"
      RenderBlock {H2} at (0,47) size 769x24
        RenderText {#text} at (0,0) size 276x23
          text run at (0,0) width 276: "Part A: Background Area"
      RenderBlock {H3} at (0,86) size 769x18
        RenderText {#text} at (0,0) size 306x17
          text run at (0,0) width 306: "Background on 'table-column-group'"
      RenderBlock {P} at (0,118) size 769x31
        RenderText {#text} at (0,0) size 760x30
          text run at (0,0) width 360: "The first column group spans the first three "
          text run at (360,0) width 400: "columns. The second column group only contains the"
          text run at (0,15) width 96: "last column."
      RenderBlock {P} at (0,161) size 769x61
        RenderText {#text} at (0,0) size 760x60
          text run at (0,0) width 416: "The table column group background should be visible "
          text run at (416,0) width 280: "within the border edge of each cell"
          text run at (0,15) width 208: "originating in the column "
          text run at (208,15) width 528: "group. Within each column group, all stripes should line up as if "
          text run at (736,15) width 24: "the"
          text run at (0,30) width 488: "cells were cutouts in a stencil placed over the column group "
          text run at (488,30) width 224: "background. Furthermore, the"
          text run at (0,45) width 296: "horizontal stripes should also align "
          text run at (296,45) width 232: "across the two column groups."
      RenderBlock {P} at (0,234) size 769x46
        RenderText {#text} at (0,0) size 736x45
          text run at (0,0) width 376: "A purple band should align with the top border "
          text run at (376,0) width 344: "edge of the cells in the first row. An aqua"
          text run at (0,15) width 176: "stripe should align a "
          text run at (176,15) width 512: "few pixels to the right of the left border edge of cells in the "
          text run at (688,15) width 48: "column"
          text run at (0,30) width 192: "group's leftmost column."
      RenderBlock {DL} at (0,292) size 769x91
        RenderBlock {DT} at (0,0) size 769x15
          RenderText {#text} at (0,0) size 32x15
            text run at (0,0) width 32: "next"
        RenderBlock {DD} at (40,15) size 729x15
          RenderInline {A} at (0,0) size 336x15 [color=#FFFF00]
            RenderText {#text} at (0,0) size 336x15
              text run at (0,0) width 336: "Background Area: Background on 'table-row'"
          RenderText {#text} at (0,0) size 0x0
        RenderBlock {DT} at (0,30) size 769x15
          RenderText {#text} at (0,0) size 64x15
            text run at (0,0) width 64: "previous"
        RenderBlock {DD} at (40,45) size 729x15
          RenderInline {A} at (0,0) size 384x15 [color=#FFFF00]
            RenderText {#text} at (0,0) size 384x15
              text run at (0,0) width 384: "Background Area: Background on 'table-row-group'"
          RenderText {#text} at (0,0) size 0x0
        RenderBlock {DT} at (0,60) size 769x15
          RenderText {#text} at (0,0) size 64x15
            text run at (0,0) width 64: "contents"
        RenderBlock {DD} at (40,75) size 729x15
          RenderInline {A} at (0,0) size 136x15 [color=#FFFF00]
            RenderText {#text} at (0,0) size 136x15
              text run at (0,0) width 136: "Table of Contents"
          RenderText {#text} at (0,0) size 0x0
      RenderTable {TABLE} at (0,395) size 618x467 [color=#FFFFFF] [border: (1px dotted #FFFFFF)]
        RenderBlock {CAPTION} at (0,0) size 618x22
          RenderText {#text} at (163,0) size 292x22
            text run at (163,0) width 292: "With 'border-collapse: separate'"
        RenderTableCol {COLGROUP} at (0,0) size 0x0 [bgcolor=#000000]
          RenderTableCol {COL} at (0,0) size 0x0
          RenderTableCol {COL} at (0,0) size 0x0
          RenderTableCol {COL} at (0,0) size 0x0
        RenderTableCol {COLGROUP} at (0,0) size 0x0 [bgcolor=#000000]
          RenderTableCol {COL} at (0,0) size 0x0
        RenderTableSection {THEAD} at (1,23) size 616x114
          RenderTableRow {TR} at (0,7) size 616x100
            RenderTableCell {TH} at (7,44) size 130x26 [border: (1px dotted #FFFFFF)] [r=0 c=0 rs=1 cs=1]
              RenderText {#text} at (42,2) size 46x22
                text run at (42,2) width 46: "TH A"
            RenderTableCell {TH} at (144,32) size 220x50 [border: (13px dotted #FFFFFF)] [r=0 c=1 rs=1 cs=1]
              RenderText {#text} at (87,14) size 46x22
                text run at (87,14) width 46: "TH B"
            RenderTableCell {TH} at (371,44) size 118x26 [border: (1px dotted #FFFFFF)] [r=0 c=2 rs=1 cs=1]
              RenderText {#text} at (36,2) size 46x22
                text run at (36,2) width 46: "TH C"
            RenderTableCell {TH} at (496,44) size 113x26 [border: (1px dotted #FFFFFF)] [r=0 c=3 rs=1 cs=1]
              RenderText {#text} at (34,2) size 45x22
                text run at (34,2) width 45: "TH D"
        RenderTableSection {TFOOT} at (1,343) size 616x122
          RenderTableRow {TR} at (0,0) size 616x115
            RenderTableCell {TD} at (7,44) size 357x27 [border: (1px dotted #FFFFFF)] [r=0 c=0 rs=1 cs=2]
              RenderText {#text} at (2,2) size 47x23
                text run at (2,3) width 47: "TD M"
            RenderTableCell {TD} at (371,44) size 118x27 [border: (1px dotted #FFFFFF)] [r=0 c=2 rs=1 cs=1]
              RenderText {#text} at (2,2) size 46x23
                text run at (2,3) width 46: "TD O"
            RenderTableCell {TD} at (496,44) size 113x27 [border: (1px dotted #FFFFFF)] [r=0 c=3 rs=1 cs=1]
              RenderText {#text} at (2,2) size 44x23
                text run at (2,3) width 44: "TD P"
        RenderTableSection {TBODY} at (1,137) size 616x206
          RenderTableRow {TR} at (0,0) size 616x108
            RenderTableCell {TD} at (7,74) size 130x51 [border: (13px dotted #FFFFFF)] [r=0 c=0 rs=2 cs=1]
              RenderText {#text} at (14,14) size 44x23
                text run at (14,15) width 44: "TD E"
            RenderTableCell {TD} at (144,41) size 220x26 [border: (1px dotted #FFFFFF)] [r=0 c=1 rs=1 cs=1]
              RenderText {#text} at (2,2) size 43x22
                text run at (2,2) width 43: "TD F"
            RenderTableCell {TD} at (371,41) size 118x26 [border: (1px dotted #FFFFFF)] [r=0 c=2 rs=1 cs=1]
              RenderText {#text} at (2,2) size 46x22
                text run at (2,2) width 46: "TD G"
            RenderTableCell {TD} at (496,41) size 113x26 [border: (1px dotted #FFFFFF)] [r=0 c=3 rs=1 cs=1]
              RenderText {#text} at (2,2) size 45x22
                text run at (2,2) width 45: "TD H"
          RenderTableRow {TR} at (0,115) size 616x84
            RenderTableCell {TD} at (144,144) size 220x26 [border: (1px dotted #FFFFFF)] [r=1 c=1 rs=1 cs=1]
              RenderText {#text} at (2,2) size 42x22
                text run at (2,2) width 42: "TD J"
            RenderTableCell {TD} at (371,144) size 118x26 [border: (1px dotted #FFFFFF)] [r=1 c=2 rs=1 cs=1]
              RenderText {#text} at (2,2) size 45x22
                text run at (2,2) width 45: "TD K"
            RenderTableCell {TD} at (496,144) size 113x26 [border: (1px dotted #FFFFFF)] [r=1 c=3 rs=1 cs=1]
              RenderText {#text} at (2,2) size 43x22
                text run at (2,2) width 43: "TD L"
      RenderTable {TABLE} at (0,861) size 578x433 [color=#FFFFFF] [border: (6px dotted #FFFFFF)]
        RenderBlock {CAPTION} at (0,0) size 578x22
          RenderText {#text} at (144,0) size 290x22
            text run at (144,0) width 290: "With 'border-collapse: collapse'"
        RenderTableCol {COLGROUP} at (0,0) size 0x0 [bgcolor=#000000]
          RenderTableCol {COL} at (0,0) size 0x0
          RenderTableCol {COL} at (0,0) size 0x0
          RenderTableCol {COL} at (0,0) size 0x0
        RenderTableCol {COLGROUP} at (0,0) size 0x0 [bgcolor=#000000]
          RenderTableCol {COL} at (0,0) size 0x0
        RenderTableSection {THEAD} at (0,28) size 577x99
          RenderTableRow {TR} at (0,0) size 577x99
            RenderTableCell {TH} at (0,34) size 135x31 [border: (1px dotted #FFFFFF)] [r=0 c=0 rs=1 cs=1]
              RenderText {#text} at (42,2) size 46x22
                text run at (42,2) width 46: "TH A"
            RenderTableCell {TH} at (135,31) size 207x37 [border: (7px dotted #FFFFFF)] [r=0 c=1 rs=1 cs=1]
              RenderText {#text} at (81,8) size 46x22
                text run at (81,8) width 46: "TH B"
            RenderTableCell {TH} at (342,37) size 123x25 [border: (1px dotted #FFFFFF)] [r=0 c=2 rs=1 cs=1]
              RenderText {#text} at (42,2) size 46x22
                text run at (42,2) width 46: "TH C"
            RenderTableCell {TH} at (465,37) size 112x25 [border: (1px dotted #FFFFFF)] [r=0 c=3 rs=1 cs=1]
              RenderText {#text} at (34,2) size 45x22
                text run at (34,2) width 45: "TH D"
        RenderTableSection {TFOOT} at (0,317) size 577x114
          RenderTableRow {TR} at (0,0) size 577x114
            RenderTableCell {TD} at (0,41) size 342x32 [border: (7px dotted #FFFFFF)] [r=0 c=0 rs=1 cs=2]
              RenderText {#text} at (2,8) size 47x23
                text run at (2,9) width 47: "TD M"
            RenderTableCell {TD} at (342,44) size 123x26 [border: (1px dotted #FFFFFF)] [r=0 c=2 rs=1 cs=1]
              RenderText {#text} at (2,2) size 46x23
                text run at (2,3) width 46: "TD O"
            RenderTableCell {TD} at (465,44) size 112x26 [border: (1px dotted #FFFFFF)] [r=0 c=3 rs=1 cs=1]
              RenderText {#text} at (2,2) size 44x23
                text run at (2,3) width 44: "TD P"
        RenderTableSection {TBODY} at (0,127) size 577x190
          RenderTableRow {TR} at (0,0) size 577x107
            RenderTableCell {TD} at (0,76) size 135x38 [border: (7px dotted #FFFFFF)] [r=0 c=0 rs=2 cs=1]
              RenderText {#text} at (8,8) size 44x23
                text run at (8,9) width 44: "TD E"
            RenderTableCell {TD} at (135,38) size 207x31 [border: (7px dotted #FFFFFF)] [r=0 c=1 rs=1 cs=1]
              RenderText {#text} at (8,8) size 43x22
                text run at (8,8) width 43: "TD F"
            RenderTableCell {TD} at (342,41) size 123x25 [border: (1px dotted #FFFFFF)] [r=0 c=2 rs=1 cs=1]
              RenderText {#text} at (2,2) size 46x22
                text run at (2,2) width 46: "TD G"
            RenderTableCell {TD} at (465,41) size 112x25 [border: (1px dotted #FFFFFF)] [r=0 c=3 rs=1 cs=1]
              RenderText {#text} at (2,2) size 45x22
                text run at (2,2) width 45: "TD H"
          RenderTableRow {TR} at (0,107) size 577x83
            RenderTableCell {TD} at (135,136) size 207x25 [border: (1px dotted #FFFFFF)] [r=1 c=1 rs=1 cs=1]
              RenderText {#text} at (8,2) size 42x22
                text run at (8,2) width 42: "TD J"
            RenderTableCell {TD} at (342,136) size 123x25 [border: (1px dotted #FFFFFF)] [r=1 c=2 rs=1 cs=1]
              RenderText {#text} at (2,2) size 45x22
                text run at (2,2) width 45: "TD K"
            RenderTableCell {TD} at (465,136) size 112x25 [border: (1px dotted #FFFFFF)] [r=1 c=3 rs=1 cs=1]
              RenderText {#text} at (2,2) size 43x22
                text run at (2,2) width 43: "TD L"
      RenderBlock {DIV} at (0,1293) size 769x35
        RenderInline {A} at (0,0) size 88x15 [color=#FFFF00]
          RenderImage {IMG} at (0,0) size 88x31
        RenderText {#text} at (0,0) size 0x0
      RenderBlock {ADDRESS} at (0,1327) size 769x16
        RenderText {#text} at (0,0) size 704x15
          text run at (0,0) width 704: "CSS2 Table Backgrounds Test Suite designed and written by fantasai <fantasai@escape.com>"
