layer at (0,0) size 800x600
  RenderView at (0,0) size 800x600
layer at (0,0) size 800x600
  RenderBlock {HTML} at (0,0) size 800x600
    RenderBody {BODY} at (8,8) size 784x584
      RenderTable {TABLE} at (0,0) size 158x170 [border: (2px outset #808080)]
        RenderTableCol {COLGROUP} at (0,0) size 0x0
          RenderTableCol {COL} at (0,0) size 0x0
          RenderTableCol {COL} at (0,0) size 0x0
        RenderTableSection {TBODY} at (2,2) size 154x166
          RenderTableRow {TR} at (0,2) size 154x44
            RenderTableCell {TH} at (2,2) size 48x44 [border: (1px inset #808080)] [r=0 c=0 rs=1 cs=1]
              RenderText {#text} at (15,2) size 40x39
                text run at (15,2) width 18: "La"
                text run at (4,22) width 40: "Mesa"
            RenderTableCell {TD} at (52,12) size 100x24 [border: (1px inset #808080)] [r=0 c=1 rs=1 cs=1]
              RenderText {#text} at (2,2) size 11x19
                text run at (2,2) width 11: "X"
          RenderTableRow {TR} at (0,48) size 154x44
            RenderTableCell {TH} at (2,48) size 48x44 [border: (1px inset #808080)] [r=1 c=0 rs=1 cs=1]
              RenderText {#text} at (17,2) size 40x39
                text run at (17,2) width 14: "El"
                text run at (4,22) width 40: "Cajon"
            RenderTableCell {TD} at (52,58) size 100x24 [border: (1px inset #808080)] [r=1 c=1 rs=1 cs=1]
              RenderText {#text} at (2,2) size 11x19
                text run at (2,2) width 11: "X"
          RenderTableRow {TR} at (0,94) size 154x44
            RenderTableCell {TH} at (2,94) size 48x44 [border: (1px inset #808080)] [r=2 c=0 rs=1 cs=1]
              RenderText {#text} at (4,2) size 40x39
                text run at (4,2) width 40: "Chula"
                text run at (6,22) width 36: "Vista"
            RenderTableCell {TD} at (52,104) size 100x24 [border: (1px inset #808080)] [r=2 c=1 rs=1 cs=1]
              RenderText {#text} at (2,2) size 11x19
                text run at (2,2) width 11: "X"
          RenderTableRow {TR} at (0,140) size 154x24
            RenderTableCell {TH} at (2,140) size 48x24 [border: (1px inset #808080)] [r=3 c=0 rs=1 cs=1]
              RenderText {#text} at (2,2) size 44x19
                text run at (2,2) width 44: "Bonita"
            RenderTableCell {TD} at (52,140) size 100x24 [border: (1px inset #808080)] [r=3 c=1 rs=1 cs=1]
              RenderText {#text} at (2,2) size 27x19
                text run at (2,2) width 27: "N/A"
