layer at (0,0) size 800x600
  RenderView at (0,0) size 800x600
layer at (0,0) size 800x600
  RenderBlock {HTML} at (0,0) size 800x600
    RenderBody {BODY} at (8,8) size 784x584
      RenderBlock {P} at (0,0) size 784x40
        RenderText {#text} at (0,0) size 770x39
          text run at (0,0) width 770: "Colgroups are used to identify column groups. This table has two distinct column groups titled 'Airport Location' and 'Car Rental"
          text run at (0,20) width 486: "Information'. The first has a width of 20%; the second has a width of 40% pixels."
      RenderTable {TABLE} at (0,56) size 782x186 [border: (1px outset #808080)]
        RenderTableCol {COLGROUP} at (0,0) size 0x0
        RenderTableCol {COLGROUP} at (0,0) size 0x0
        RenderTableSection {TBODY} at (1,1) size 780x184
          RenderTableRow {TR} at (0,2) size 780x24
            RenderTableCell {TH} at (2,2) size 463x24 [border: (1px inset #808080)] [r=0 c=0 rs=1 cs=2]
              RenderText {#text} at (176,2) size 111x19
                text run at (176,2) width 111: "Airport Location"
            RenderTableCell {TH} at (466,2) size 312x24 [border: (1px inset #808080)] [r=0 c=2 rs=1 cs=3]
              RenderText {#text} at (77,2) size 157x19
                text run at (77,2) width 157: "Car Rental Information"
          RenderTableRow {TR} at (0,28) size 780x24
            RenderTableCell {TH} at (2,28) size 154x24 [border: (1px inset #808080)] [r=1 c=0 rs=1 cs=1]
              RenderText {#text} at (49,2) size 55x19
                text run at (49,2) width 55: "Country"
            RenderTableCell {TH} at (157,28) size 308x24 [border: (1px inset #808080)] [r=1 c=1 rs=1 cs=1]
              RenderText {#text} at (139,2) size 29x19
                text run at (139,2) width 29: "City"
            RenderTableCell {TH} at (466,28) size 105x24 [border: (1px inset #808080)] [r=1 c=2 rs=1 cs=1]
              RenderText {#text} at (2,2) size 100x19
                text run at (2,2) width 100: "ABC Company"
            RenderTableCell {TH} at (572,28) size 103x24 [border: (1px inset #808080)] [r=1 c=3 rs=1 cs=1]
              RenderText {#text} at (2,2) size 98x19
                text run at (2,2) width 98: "EFG Company"
            RenderTableCell {TH} at (676,28) size 102x24 [border: (1px inset #808080)] [r=1 c=4 rs=1 cs=1]
              RenderText {#text} at (2,2) size 97x19
                text run at (2,2) width 97: "XYZ Company"
          RenderTableRow {TR} at (0,54) size 780x24
            RenderTableCell {TD} at (2,54) size 154x24 [border: (1px inset #808080)] [r=2 c=0 rs=1 cs=1]
              RenderText {#text} at (2,2) size 42x19
                text run at (2,2) width 42: "France"
            RenderTableCell {TD} at (157,54) size 308x24 [border: (1px inset #808080)] [r=2 c=1 rs=1 cs=1]
              RenderText {#text} at (2,2) size 30x19
                text run at (2,2) width 30: "Paris"
            RenderTableCell {TD} at (466,54) size 105x24 [border: (1px inset #808080)] [r=2 c=2 rs=1 cs=1]
              RenderText {#text} at (2,2) size 20x19
                text run at (2,2) width 20: "yes"
            RenderTableCell {TD} at (572,54) size 103x24 [border: (1px inset #808080)] [r=2 c=3 rs=1 cs=1]
              RenderText {#text} at (2,2) size 20x19
                text run at (2,2) width 20: "yes"
            RenderTableCell {TD} at (676,54) size 102x24 [border: (1px inset #808080)] [r=2 c=4 rs=1 cs=1]
              RenderText {#text} at (2,2) size 20x19
                text run at (2,2) width 20: "yes"
          RenderTableRow {TR} at (0,80) size 780x24
            RenderTableCell {TD} at (2,80) size 154x24 [border: (1px inset #808080)] [r=3 c=0 rs=1 cs=1]
              RenderText {#text} at (2,2) size 55x19
                text run at (2,2) width 55: "Germany"
            RenderTableCell {TD} at (157,80) size 308x24 [border: (1px inset #808080)] [r=3 c=1 rs=1 cs=1]
              RenderText {#text} at (2,2) size 56x19
                text run at (2,2) width 56: "Frankfurt"
            RenderTableCell {TD} at (466,80) size 105x24 [border: (1px inset #808080)] [r=3 c=2 rs=1 cs=1]
              RenderText {#text} at (2,2) size 20x19
                text run at (2,2) width 20: "yes"
            RenderTableCell {TD} at (572,80) size 103x24 [border: (1px inset #808080)] [r=3 c=3 rs=1 cs=1]
              RenderText {#text} at (2,2) size 20x19
                text run at (2,2) width 20: "yes"
            RenderTableCell {TD} at (676,80) size 102x24 [border: (1px inset #808080)] [r=3 c=4 rs=1 cs=1]
              RenderText {#text} at (2,2) size 20x19
                text run at (2,2) width 20: "yes"
          RenderTableRow {TR} at (0,106) size 780x24
            RenderTableCell {TD} at (2,106) size 154x24 [border: (1px inset #808080)] [r=4 c=0 rs=1 cs=1]
              RenderText {#text} at (2,2) size 48x19
                text run at (2,2) width 48: "England"
            RenderTableCell {TD} at (157,106) size 308x24 [border: (1px inset #808080)] [r=4 c=1 rs=1 cs=1]
              RenderText {#text} at (2,2) size 47x19
                text run at (2,2) width 47: "London"
            RenderTableCell {TD} at (466,106) size 105x24 [border: (1px inset #808080)] [r=4 c=2 rs=1 cs=1]
              RenderText {#text} at (2,2) size 20x19
                text run at (2,2) width 20: "yes"
            RenderTableCell {TD} at (572,106) size 103x24 [border: (1px inset #808080)] [r=4 c=3 rs=1 cs=1]
              RenderText {#text} at (2,2) size 20x19
                text run at (2,2) width 20: "yes"
            RenderTableCell {TD} at (676,106) size 102x24 [border: (1px inset #808080)] [r=4 c=4 rs=1 cs=1]
              RenderText {#text} at (2,2) size 20x19
                text run at (2,2) width 20: "yes"
          RenderTableRow {TR} at (0,132) size 780x24
            RenderTableCell {TD} at (2,132) size 154x24 [border: (1px inset #808080)] [r=5 c=0 rs=1 cs=1]
              RenderText {#text} at (2,2) size 73x19
                text run at (2,2) width 73: "Netherlands"
            RenderTableCell {TD} at (157,132) size 308x24 [border: (1px inset #808080)] [r=5 c=1 rs=1 cs=1]
              RenderText {#text} at (2,2) size 70x19
                text run at (2,2) width 70: "Amsterdam"
            RenderTableCell {TD} at (466,132) size 105x24 [border: (1px inset #808080)] [r=5 c=2 rs=1 cs=1]
              RenderText {#text} at (2,2) size 20x19
                text run at (2,2) width 20: "yes"
            RenderTableCell {TD} at (572,132) size 103x24 [border: (1px inset #808080)] [r=5 c=3 rs=1 cs=1]
              RenderText {#text} at (2,2) size 20x19
                text run at (2,2) width 20: "yes"
            RenderTableCell {TD} at (676,132) size 102x24 [border: (1px inset #808080)] [r=5 c=4 rs=1 cs=1]
              RenderText {#text} at (2,2) size 20x19
                text run at (2,2) width 20: "yes"
          RenderTableRow {TR} at (0,158) size 780x24
            RenderTableCell {TD} at (2,158) size 154x24 [border: (1px inset #808080)] [r=6 c=0 rs=1 cs=1]
              RenderText {#text} at (2,2) size 31x19
                text run at (2,2) width 31: "USA"
            RenderTableCell {TD} at (157,158) size 308x24 [border: (1px inset #808080)] [r=6 c=1 rs=1 cs=1]
              RenderText {#text} at (2,2) size 66x19
                text run at (2,2) width 66: "New York"
            RenderTableCell {TD} at (466,158) size 105x24 [border: (1px inset #808080)] [r=6 c=2 rs=1 cs=1]
              RenderText {#text} at (2,2) size 20x19
                text run at (2,2) width 20: "yes"
            RenderTableCell {TD} at (572,158) size 103x24 [border: (1px inset #808080)] [r=6 c=3 rs=1 cs=1]
              RenderText {#text} at (2,2) size 20x19
                text run at (2,2) width 20: "yes"
            RenderTableCell {TD} at (676,158) size 102x24 [border: (1px inset #808080)] [r=6 c=4 rs=1 cs=1]
              RenderText {#text} at (2,2) size 20x19
                text run at (2,2) width 20: "yes"
