layer at (0,0) size 800x600
  RenderView at (0,0) size 800x600
layer at (0,0) size 800x600
  RenderBlock {HTML} at (0,0) size 800x600
    RenderBody {BODY} at (8,8) size 784x584
      RenderBlock {P} at (0,0) size 784x36
        RenderText {#text} at (0,0) size 775x36
          text run at (0,0) width 775: "Colgroups are used to identify column groups. The table below has two distinct column groups; 'Airport Location' and 'Car"
          text run at (0,18) width 758: "Rental Information'. The first column group contains two columns and the second column group contains three columns."
      RenderBlock {P} at (0,52) size 784x18
        RenderText {#text} at (0,0) size 343x18
          text run at (0,0) width 343: "In this test case, the cell text should be bottom-aligned."
      RenderTable {TABLE} at (0,86) size 499x368 [border: (1px outset #808080)]
        RenderTableCol {COLGROUP} at (0,0) size 0x0
        RenderTableCol {COLGROUP} at (0,0) size 0x0
        RenderTableSection {TBODY} at (1,1) size 497x366
          RenderTableRow {TR} at (0,2) size 497x50
            RenderTableCell {TH} at (2,16) size 159x22 [border: (1px inset #808080)] [r=0 c=0 rs=1 cs=2]
              RenderText {#text} at (21,2) size 117x18
                text run at (21,2) width 117: "Airport Location"
            RenderTableCell {TH} at (163,16) size 332x22 [border: (1px inset #808080)] [r=0 c=2 rs=1 cs=3]
              RenderText {#text} at (86,2) size 160x18
                text run at (86,2) width 160: "Car Rental information"
          RenderTableRow {TR} at (0,54) size 497x50
            RenderTableCell {TH} at (2,68) size 80x22 [border: (1px inset #808080)] [r=1 c=0 rs=1 cs=1]
              RenderText {#text} at (11,2) size 58x18
                text run at (11,2) width 58: "Country"
            RenderTableCell {TH} at (84,68) size 77x22 [border: (1px inset #808080)] [r=1 c=1 rs=1 cs=1]
              RenderText {#text} at (24,2) size 29x18
                text run at (24,2) width 29: "City"
            RenderTableCell {TH} at (163,68) size 110x22 [border: (1px inset #808080)] [r=1 c=2 rs=1 cs=1]
              RenderText {#text} at (2,2) size 106x18
                text run at (2,2) width 106: "ABC Company"
            RenderTableCell {TH} at (275,68) size 108x22 [border: (1px inset #808080)] [r=1 c=3 rs=1 cs=1]
              RenderText {#text} at (2,2) size 104x18
                text run at (2,2) width 104: "EFG Company"
            RenderTableCell {TH} at (385,68) size 110x22 [border: (1px inset #808080)] [r=1 c=4 rs=1 cs=1]
              RenderText {#text} at (2,2) size 106x18
                text run at (2,2) width 106: "XYZ Company"
          RenderTableRow {TR} at (0,106) size 497x50
            RenderTableCell {TD} at (2,120) size 80x22 [border: (1px inset #808080)] [r=2 c=0 rs=1 cs=1]
              RenderText {#text} at (2,2) size 43x18
                text run at (2,2) width 43: "France"
            RenderTableCell {TD} at (84,120) size 77x22 [border: (1px inset #808080)] [r=2 c=1 rs=1 cs=1]
              RenderText {#text} at (2,2) size 31x18
                text run at (2,2) width 31: "Paris"
            RenderTableCell {TD} at (163,120) size 110x22 [border: (1px inset #808080)] [r=2 c=2 rs=1 cs=1]
              RenderText {#text} at (2,2) size 21x18
                text run at (2,2) width 21: "yes"
            RenderTableCell {TD} at (275,120) size 108x22 [border: (1px inset #808080)] [r=2 c=3 rs=1 cs=1]
              RenderText {#text} at (2,2) size 21x18
                text run at (2,2) width 21: "yes"
            RenderTableCell {TD} at (385,120) size 110x22 [border: (1px inset #808080)] [r=2 c=4 rs=1 cs=1]
              RenderText {#text} at (2,2) size 21x18
                text run at (2,2) width 21: "yes"
          RenderTableRow {TR} at (0,158) size 497x50
            RenderTableCell {TD} at (2,172) size 80x22 [border: (1px inset #808080)] [r=3 c=0 rs=1 cs=1]
              RenderText {#text} at (2,2) size 59x18
                text run at (2,2) width 59: "Germany"
            RenderTableCell {TD} at (84,172) size 77x22 [border: (1px inset #808080)] [r=3 c=1 rs=1 cs=1]
              RenderText {#text} at (2,2) size 59x18
                text run at (2,2) width 59: "Frankfurt"
            RenderTableCell {TD} at (163,172) size 110x22 [border: (1px inset #808080)] [r=3 c=2 rs=1 cs=1]
              RenderText {#text} at (2,2) size 21x18
                text run at (2,2) width 21: "yes"
            RenderTableCell {TD} at (275,172) size 108x22 [border: (1px inset #808080)] [r=3 c=3 rs=1 cs=1]
              RenderText {#text} at (2,2) size 21x18
                text run at (2,2) width 21: "yes"
            RenderTableCell {TD} at (385,172) size 110x22 [border: (1px inset #808080)] [r=3 c=4 rs=1 cs=1]
              RenderText {#text} at (2,2) size 21x18
                text run at (2,2) width 21: "yes"
          RenderTableRow {TR} at (0,210) size 497x50
            RenderTableCell {TD} at (2,224) size 80x22 [border: (1px inset #808080)] [r=4 c=0 rs=1 cs=1]
              RenderText {#text} at (2,2) size 53x18
                text run at (2,2) width 53: "England"
            RenderTableCell {TD} at (84,224) size 77x22 [border: (1px inset #808080)] [r=4 c=1 rs=1 cs=1]
              RenderText {#text} at (2,2) size 50x18
                text run at (2,2) width 50: "London"
            RenderTableCell {TD} at (163,224) size 110x22 [border: (1px inset #808080)] [r=4 c=2 rs=1 cs=1]
              RenderText {#text} at (2,2) size 21x18
                text run at (2,2) width 21: "yes"
            RenderTableCell {TD} at (275,224) size 108x22 [border: (1px inset #808080)] [r=4 c=3 rs=1 cs=1]
              RenderText {#text} at (2,2) size 21x18
                text run at (2,2) width 21: "yes"
            RenderTableCell {TD} at (385,224) size 110x22 [border: (1px inset #808080)] [r=4 c=4 rs=1 cs=1]
              RenderText {#text} at (2,2) size 21x18
                text run at (2,2) width 21: "yes"
          RenderTableRow {TR} at (0,262) size 497x50
            RenderTableCell {TD} at (2,276) size 80x22 [border: (1px inset #808080)] [r=5 c=0 rs=1 cs=1]
              RenderText {#text} at (2,2) size 76x18
                text run at (2,2) width 76: "Netherlands"
            RenderTableCell {TD} at (84,276) size 77x22 [border: (1px inset #808080)] [r=5 c=1 rs=1 cs=1]
              RenderText {#text} at (2,2) size 73x18
                text run at (2,2) width 73: "Amsterdam"
            RenderTableCell {TD} at (163,276) size 110x22 [border: (1px inset #808080)] [r=5 c=2 rs=1 cs=1]
              RenderText {#text} at (2,2) size 21x18
                text run at (2,2) width 21: "yes"
            RenderTableCell {TD} at (275,276) size 108x22 [border: (1px inset #808080)] [r=5 c=3 rs=1 cs=1]
              RenderText {#text} at (2,2) size 21x18
                text run at (2,2) width 21: "yes"
            RenderTableCell {TD} at (385,276) size 110x22 [border: (1px inset #808080)] [r=5 c=4 rs=1 cs=1]
              RenderText {#text} at (2,2) size 21x18
                text run at (2,2) width 21: "yes"
          RenderTableRow {TR} at (0,314) size 497x50
            RenderTableCell {TD} at (2,328) size 80x22 [border: (1px inset #808080)] [r=6 c=0 rs=1 cs=1]
              RenderText {#text} at (2,2) size 33x18
                text run at (2,2) width 33: "USA"
            RenderTableCell {TD} at (84,328) size 77x22 [border: (1px inset #808080)] [r=6 c=1 rs=1 cs=1]
              RenderText {#text} at (2,2) size 68x18
                text run at (2,2) width 68: "New York"
            RenderTableCell {TD} at (163,328) size 110x22 [border: (1px inset #808080)] [r=6 c=2 rs=1 cs=1]
              RenderText {#text} at (2,2) size 21x18
                text run at (2,2) width 21: "yes"
            RenderTableCell {TD} at (275,328) size 108x22 [border: (1px inset #808080)] [r=6 c=3 rs=1 cs=1]
              RenderText {#text} at (2,2) size 21x18
                text run at (2,2) width 21: "yes"
            RenderTableCell {TD} at (385,328) size 110x22 [border: (1px inset #808080)] [r=6 c=4 rs=1 cs=1]
              RenderText {#text} at (2,2) size 21x18
                text run at (2,2) width 21: "yes"
