layer at (0,0) size 800x600
  RenderView at (0,0) size 800x600
layer at (0,0) size 800x600
  RenderBlock {HTML} at (0,0) size 800x600
    RenderBody {BODY} at (8,8) size 784x584
      RenderBlock (anonymous) at (0,0) size 784x18
        RenderText {#text} at (0,0) size 434x18
          text run at (0,0) width 434: "The table displayed is two rows by three columns with no alignment."
        RenderBR {BR} at (434,14) size 0x0
      RenderTable {TABLE} at (0,18) size 206x46
        RenderTableSection {TBODY} at (0,0) size 206x46
          RenderTableRow {TR} at (0,2) size 206x20
            RenderTableCell {TD} at (2,2) size 67x20 [r=0 c=0 rs=1 cs=1]
              RenderText {#text} at (1,1) size 63x18
                text run at (1,1) width 63: "Navigator"
            RenderTableCell {TD} at (71,2) size 70x20 [r=0 c=1 rs=1 cs=1]
              RenderText {#text} at (1,1) size 68x18
                text run at (1,1) width 68: "Messenger"
            RenderTableCell {TD} at (143,2) size 61x20 [r=0 c=2 rs=1 cs=1]
              RenderText {#text} at (1,1) size 54x18
                text run at (1,1) width 54: "Collabra"
          RenderTableRow {TR} at (0,24) size 206x20
            RenderTableCell {TD} at (2,24) size 67x20 [r=1 c=0 rs=1 cs=1]
              RenderText {#text} at (1,1) size 65x18
                text run at (1,1) width 65: "Composer"
            RenderTableCell {TD} at (71,24) size 70x20 [r=1 c=1 rs=1 cs=1]
              RenderText {#text} at (1,1) size 57x18
                text run at (1,1) width 57: "Calendar"
            RenderTableCell {TD} at (143,24) size 61x20 [r=1 c=2 rs=1 cs=1]
              RenderText {#text} at (1,1) size 59x18
                text run at (1,1) width 59: "Netcaster"
