layer at (0,0) size 800x600
  RenderView at (0,0) size 800x600
layer at (0,0) size 800x600
  RenderBlock {HTML} at (0,0) size 800x600
    RenderBody {BODY} at (8,8) size 784x584
      RenderBlock (anonymous) at (0,0) size 784x18
        RenderText {#text} at (0,0) size 774x18
          text run at (0,0) width 774: "The TD tag uses the ALIGN attribute. The contents in the first TD tag (Netscape Communicator) should be aligned center."
      RenderTable {TABLE} at (0,18) size 287x52 [border: (1px outset #808080)]
        RenderTableSection {TBODY} at (1,1) size 285x50
          RenderTableRow {TR} at (0,2) size 285x22
            RenderTableCell {TD} at (2,2) size 281x22 [border: (1px inset #808080)] [r=0 c=0 rs=1 cs=1]
              RenderText {#text} at (62,2) size 157x18
                text run at (62,2) width 157: "Netscape Communicator"
          RenderTableRow {TR} at (0,26) size 285x22
            RenderTableCell {TD} at (2,26) size 281x22 [border: (1px inset #808080)] [r=1 c=0 rs=1 cs=1]
              RenderText {#text} at (2,2) size 277x18
                text run at (2,2) width 277: "Available on the Mac/PC/UNIX platforms !"
