layer at (0,0) size 800x600
  RenderView at (0,0) size 800x600
layer at (0,0) size 800x600
  RenderBlock {HTML} at (0,0) size 800x600
    RenderBody {BODY} at (8,8) size 784x584
      RenderBlock (anonymous) at (0,0) size 784x36
        RenderText {#text} at (0,0) size 783x36
          text run at (0,0) width 528: "The table displayed is two rows by three columns. Each table row has been aligned "
          text run at (528,0) width 255: "left. The table has been assigned a width"
          text run at (0,18) width 237: "and border value so that it is easier to "
          text run at (237,18) width 113: "see the alignment."
        RenderBR {BR} at (350,32) size 0x0
      RenderTable {TABLE} at (0,36) size 300x52 [border: (1px outset #808080)]
        RenderTableSection {TBODY} at (1,1) size 298x50
          RenderTableRow {TR} at (0,2) size 298x22
            RenderTableCell {TD} at (2,2) size 99x22 [border: (1px inset #808080)] [r=0 c=0 rs=1 cs=1]
              RenderText {#text} at (2,2) size 63x18
                text run at (2,2) width 63: "Navigator"
            RenderTableCell {TD} at (102,2) size 103x22 [border: (1px inset #808080)] [r=0 c=1 rs=1 cs=1]
              RenderText {#text} at (2,2) size 68x18
                text run at (2,2) width 68: "Messenger"
            RenderTableCell {TD} at (206,2) size 91x22 [border: (1px inset #808080)] [r=0 c=2 rs=1 cs=1]
              RenderText {#text} at (2,2) size 54x18
                text run at (2,2) width 54: "Collabra"
          RenderTableRow {TR} at (0,26) size 298x22
            RenderTableCell {TD} at (2,26) size 99x22 [border: (1px inset #808080)] [r=1 c=0 rs=1 cs=1]
              RenderText {#text} at (2,2) size 65x18
                text run at (2,2) width 65: "Composer"
            RenderTableCell {TD} at (102,26) size 103x22 [border: (1px inset #808080)] [r=1 c=1 rs=1 cs=1]
              RenderText {#text} at (2,2) size 57x18
                text run at (2,2) width 57: "Calendar"
            RenderTableCell {TD} at (206,26) size 91x22 [border: (1px inset #808080)] [r=1 c=2 rs=1 cs=1]
              RenderText {#text} at (2,2) size 59x18
                text run at (2,2) width 59: "Netcaster"
