layer at (0,0) size 800x600
  RenderView at (0,0) size 800x600
layer at (0,0) size 800x600
  RenderBlock {HTML} at (0,0) size 800x600
    RenderBody {BODY} at (8,8) size 784x584
      RenderBlock (anonymous) at (0,0) size 784x36
        RenderText {#text} at (0,0) size 752x36
          text run at (0,0) width 528: "The table displayed is two rows by three columns. Each table row has been aligned "
          text run at (528,0) width 224: "right. The table has been assigned a"
          text run at (0,18) width 277: "width and border value so that it is easier to "
          text run at (277,18) width 113: "see the alignment."
        RenderBR {BR} at (390,32) size 0x0
      RenderTable {TABLE} at (0,36) size 300x52 [border: (1px outset #808080)]
        RenderTableSection {TBODY} at (1,1) size 298x50
          RenderTableRow {TR} at (0,2) size 298x22
            RenderTableCell {TD} at (2,2) size 99x22 [border: (1px inset #808080)] [r=0 c=0 rs=1 cs=1]
              RenderText {#text} at (33,2) size 64x18
                text run at (33,2) width 64: "Navigator"
            RenderTableCell {TD} at (102,2) size 103x22 [border: (1px inset #808080)] [r=0 c=1 rs=1 cs=1]
              RenderText {#text} at (32,2) size 69x18
                text run at (32,2) width 69: "Messenger"
            RenderTableCell {TD} at (206,2) size 91x22 [border: (1px inset #808080)] [r=0 c=2 rs=1 cs=1]
              RenderText {#text} at (33,2) size 55x18
                text run at (33,2) width 55: "Collabra"
          RenderTableRow {TR} at (0,26) size 298x22
            RenderTableCell {TD} at (2,26) size 99x22 [border: (1px inset #808080)] [r=1 c=0 rs=1 cs=1]
              RenderText {#text} at (31,2) size 66x18
                text run at (31,2) width 66: "Composer"
            RenderTableCell {TD} at (102,26) size 103x22 [border: (1px inset #808080)] [r=1 c=1 rs=1 cs=1]
              RenderText {#text} at (43,2) size 58x18
                text run at (43,2) width 58: "Calendar"
            RenderTableCell {TD} at (206,26) size 91x22 [border: (1px inset #808080)] [r=1 c=2 rs=1 cs=1]
              RenderText {#text} at (28,2) size 60x18
                text run at (28,2) width 60: "Netcaster"
