layer at (0,0) size 800x600
  RenderView at (0,0) size 800x600
layer at (0,0) size 800x600
  RenderBlock {HTML} at (0,0) size 800x600
    RenderBody {BODY} at (8,8) size 784x584
      RenderBlock (anonymous) at (0,0) size 784x36
        RenderText {#text} at (0,0) size 638x18
          text run at (0,0) width 638: "This table uses a ROWSPAN attribute in the first TD tag. The ROWSPAN attribute has a value of 2."
        RenderBR {BR} at (638,14) size 0x0
        RenderBR {BR} at (0,18) size 0x18
      RenderTable {TABLE} at (0,36) size 268x52 [border: (1px outset #808080)]
        RenderTableSection {TBODY} at (1,1) size 266x50
          RenderTableRow {TR} at (0,2) size 266x22
            RenderTableCell {TD} at (2,14) size 64x22 [border: (1px inset #808080)] [r=0 c=0 rs=2 cs=1]
              RenderText {#text} at (2,2) size 60x18
                text run at (2,2) width 60: "Platforms"
            RenderTableCell {TD} at (68,2) size 196x22 [border: (1px inset #808080)] [r=0 c=1 rs=1 cs=1]
              RenderText {#text} at (2,2) size 192x18
                text run at (2,2) width 192: "Netscape Communicator 4.0.6"
          RenderTableRow {TR} at (0,26) size 266x22
            RenderTableCell {TD} at (68,26) size 196x22 [border: (1px inset #808080)] [r=1 c=1 rs=1 cs=1]
              RenderText {#text} at (2,2) size 142x18
                text run at (2,2) width 142: "Available Everywhere"
