layer at (0,0) size 800x600
  RenderView at (0,0) size 800x600
layer at (0,0) size 800x600
  RenderBlock {HTML} at (0,0) size 800x600
    RenderBody {BODY} at (8,8) size 784x584 [bgcolor=#FFFFFF]
      RenderBlock {P} at (0,0) size 784x18
        RenderText {#text} at (0,0) size 270x18
          text run at (0,0) width 270: "Green table with a white body background"
      RenderTable {TABLE} at (0,34) size 118x52 [bgcolor=#008000] [border: (1px outset #808080)]
        RenderTableSection {TBODY} at (1,1) size 116x50
          RenderTableRow {TR} at (0,2) size 116x22
            RenderTableCell {TD} at (2,2) size 36x22 [border: (1px inset #808080)] [r=0 c=0 rs=1 cs=1]
              RenderText {#text} at (2,2) size 32x18
                text run at (2,2) width 32: "        "
            RenderTableCell {TD} at (40,2) size 36x22 [border: (1px inset #808080)] [r=0 c=1 rs=1 cs=1]
              RenderText {#text} at (2,2) size 32x18
                text run at (2,2) width 32: "        "
            RenderTableCell {TD} at (78,2) size 36x22 [border: (1px inset #808080)] [r=0 c=2 rs=1 cs=1]
              RenderText {#text} at (2,2) size 32x18
                text run at (2,2) width 32: "        "
          RenderTableRow {TR} at (0,26) size 116x22
            RenderTableCell {TD} at (2,26) size 36x22 [border: (1px inset #808080)] [r=1 c=0 rs=1 cs=1]
              RenderText {#text} at (2,2) size 32x18
                text run at (2,2) width 32: "        "
            RenderTableCell {TD} at (40,26) size 36x22 [border: (1px inset #808080)] [r=1 c=1 rs=1 cs=1]
              RenderText {#text} at (2,2) size 32x18
                text run at (2,2) width 32: "        "
            RenderTableCell {TD} at (78,26) size 36x22 [border: (1px inset #808080)] [r=1 c=2 rs=1 cs=1]
              RenderText {#text} at (2,2) size 32x18
                text run at (2,2) width 32: "        "
