layer at (0,0) size 800x600
  RenderView at (0,0) size 800x600
layer at (0,0) size 800x600
  RenderBlock {HTML} at (0,0) size 800x600
    RenderBody {BODY} at (8,8) size 784x584
      RenderBlock (anonymous) at (0,0) size 784x60
        RenderText {#text} at (0,0) size 761x59
          text run at (0,0) width 289: "CELLSPACING controls the distance in pixels "
          text run at (289,0) width 470: "between each cell in the table. The first table has a cellspacing of 15 pixels; the"
          text run at (0,20) width 214: "second table isn't using cellspacing. "
          text run at (214,20) width 547: "Notice the difference here. The first table should be rendered with a wider gap between the"
          text run at (0,40) width 34: "cells. "
        RenderBR {BR} at (34,55) size 0x0
      RenderTable {TABLE} at (0,60) size 255x89
        RenderTableSection {TBODY} at (0,0) size 255x89
          RenderTableRow {TR} at (0,15) size 255x22
            RenderTableCell {TD} at (15,15) size 66x22 [r=0 c=0 rs=1 cs=1]
              RenderText {#text} at (1,1) size 60x19
                text run at (1,1) width 60: "Navigator"
            RenderTableCell {TD} at (96,15) size 68x22 [r=0 c=1 rs=1 cs=1]
              RenderText {#text} at (1,1) size 66x19
                text run at (1,1) width 66: "Messenger"
            RenderTableCell {TD} at (179,15) size 61x22 [r=0 c=2 rs=1 cs=1]
              RenderText {#text} at (1,1) size 52x19
                text run at (1,1) width 52: "Collabra"
          RenderTableRow {TR} at (0,52) size 255x22
            RenderTableCell {TD} at (15,52) size 66x22 [r=1 c=0 rs=1 cs=1]
              RenderText {#text} at (1,1) size 64x19
                text run at (1,1) width 64: "Composer"
            RenderTableCell {TD} at (96,52) size 68x22 [r=1 c=1 rs=1 cs=1]
              RenderText {#text} at (1,1) size 55x19
                text run at (1,1) width 55: "Calendar"
            RenderTableCell {TD} at (179,52) size 61x22 [r=1 c=2 rs=1 cs=1]
              RenderText {#text} at (1,1) size 59x19
                text run at (1,1) width 59: "Netcaster"
      RenderBlock (anonymous) at (0,149) size 784x60
        RenderBR {BR} at (0,0) size 0x19
        RenderBR {BR} at (0,20) size 0x19
        RenderText {#text} at (0,40) size 203x19
          text run at (0,40) width 203: "This table contains no cellspacing."
      RenderTable {TABLE} at (0,209) size 203x50
        RenderTableSection {TBODY} at (0,0) size 203x50
          RenderTableRow {TR} at (0,2) size 203x22
            RenderTableCell {TD} at (2,2) size 66x22 [r=0 c=0 rs=1 cs=1]
              RenderText {#text} at (1,1) size 60x19
                text run at (1,1) width 60: "Navigator"
            RenderTableCell {TD} at (70,2) size 68x22 [r=0 c=1 rs=1 cs=1]
              RenderText {#text} at (1,1) size 66x19
                text run at (1,1) width 66: "Messenger"
            RenderTableCell {TD} at (140,2) size 61x22 [r=0 c=2 rs=1 cs=1]
              RenderText {#text} at (1,1) size 52x19
                text run at (1,1) width 52: "Collabra"
          RenderTableRow {TR} at (0,26) size 203x22
            RenderTableCell {TD} at (2,26) size 66x22 [r=1 c=0 rs=1 cs=1]
              RenderText {#text} at (1,1) size 64x19
                text run at (1,1) width 64: "Composer"
            RenderTableCell {TD} at (70,26) size 68x22 [r=1 c=1 rs=1 cs=1]
              RenderText {#text} at (1,1) size 55x19
                text run at (1,1) width 55: "Calendar"
            RenderTableCell {TD} at (140,26) size 61x22 [r=1 c=2 rs=1 cs=1]
              RenderText {#text} at (1,1) size 59x19
                text run at (1,1) width 59: "Netcaster"
