layer at (0,0) size 800x600
  RenderView at (0,0) size 800x600
layer at (0,0) size 800x600
  RenderBlock {HTML} at (0,0) size 800x600
    RenderBody {BODY} at (8,8) size 784x584
      RenderBlock (anonymous) at (0,0) size 784x36
        RenderText {#text} at (0,0) size 776x36
          text run at (0,0) width 698: "The TD cell (The EggPlant Exchange) should not wrap when window is resized. However, the cell below the "
          text run at (698,0) width 78: "heading will"
          text run at (0,18) width 124: "wrap atuomatically."
        RenderBR {BR} at (124,32) size 0x0
      RenderTable {TABLE} at (0,36) size 244x52 [border: (1px outset #808080)]
        RenderTableSection {TBODY} at (1,1) size 242x50
          RenderTableRow {TR} at (0,2) size 242x22
            RenderTableCell {TD} at (2,2) size 238x22 [border: (1px inset #808080)] [r=0 c=0 rs=1 cs=1]
              RenderText {#text} at (2,2) size 153x18
                text run at (2,2) width 153: "The Eggplant Exchange"
          RenderTableRow {TR} at (0,26) size 242x22
            RenderTableCell {TD} at (2,26) size 238x22 [border: (1px inset #808080)] [r=1 c=0 rs=1 cs=1]
              RenderText {#text} at (2,2) size 234x18
                text run at (2,2) width 234: "Lots of Recipies for Eggplant Lovers"
