layer at (0,0) size 800x600
  RenderView at (0,0) size 800x600
layer at (0,0) size 800x600
  RenderBlock {HTML} at (0,0) size 800x600
    RenderBody {BODY} at (8,8) size 784x584
      RenderBlock (anonymous) at (0,0) size 784x40
        RenderText {#text} at (0,0) size 574x19
          text run at (0,0) width 574: "This table uses a COLSPAN attribute in the TH tag. The COLSPAN attribute has a value of 6."
        RenderBR {BR} at (574,15) size 0x0
        RenderBR {BR} at (0,20) size 0x19
      RenderTable {TABLE} at (0,40) size 335x56 [border: (1px outset #808080)]
        RenderTableSection {TBODY} at (1,1) size 333x54
          RenderTableRow {TR} at (0,2) size 333x24
            RenderTableCell {TH} at (2,2) size 329x24 [border: (1px inset #808080)] [r=0 c=0 rs=1 cs=6]
              RenderText {#text} at (30,2) size 269x19
                text run at (30,2) width 269: "Netscape Communicator 4.0.6 Platforms"
          RenderTableRow {TR} at (0,28) size 333x24
            RenderTableCell {TD} at (2,28) size 60x24 [border: (1px inset #808080)] [r=1 c=0 rs=1 cs=1]
              RenderText {#text} at (2,2) size 56x19
                text run at (2,2) width 56: "Mac 68k"
            RenderTableCell {TD} at (64,28) size 76x24 [border: (1px inset #808080)] [r=1 c=1 rs=1 cs=1]
              RenderText {#text} at (2,2) size 72x19
                text run at (2,2) width 72: "Power Mac"
            RenderTableCell {TD} at (142,28) size 53x24 [border: (1px inset #808080)] [r=1 c=2 rs=1 cs=1]
              RenderText {#text} at (2,2) size 49x19
                text run at (2,2) width 49: "Win 3.1"
            RenderTableCell {TD} at (197,28) size 49x24 [border: (1px inset #808080)] [r=1 c=3 rs=1 cs=1]
              RenderText {#text} at (2,2) size 45x19
                text run at (2,2) width 45: "Win 95"
            RenderTableCell {TD} at (248,28) size 49x24 [border: (1px inset #808080)] [r=1 c=4 rs=1 cs=1]
              RenderText {#text} at (2,2) size 45x19
                text run at (2,2) width 45: "Win 98"
            RenderTableCell {TD} at (299,28) size 32x24 [border: (1px inset #808080)] [r=1 c=5 rs=1 cs=1]
              RenderText {#text} at (2,2) size 28x19
                text run at (2,2) width 28: "Unix"
