layer at (0,0) size 800x600
  RenderView at (0,0) size 800x600
layer at (0,0) size 800x600
  RenderBlock {HTML} at (0,0) size 800x600
    RenderBody {BODY} at (8,8) size 784x584
      RenderBlock {P} at (0,0) size 784x20
        RenderText {#text} at (0,0) size 627x19
          text run at (0,0) width 627: "The TBODY element labels the body area of a table. In this test, the TBODY text should be left aligned."
      RenderTable {TABLE} at (0,36) size 636x82 [border: (1px outset #808080)]
        RenderTableSection {THEAD} at (1,1) size 634x28
          RenderTableRow {TR} at (0,2) size 634x24
            RenderTableCell {TD} at (2,2) size 314x24 [border: (1px inset #808080)] [r=0 c=0 rs=1 cs=1]
              RenderText {#text} at (2,2) size 310x19
                text run at (2,2) width 310: "This text is in the THEADThis text is in the THEAD"
            RenderTableCell {TD} at (318,2) size 314x24 [border: (1px inset #808080)] [r=0 c=1 rs=1 cs=1]
              RenderText {#text} at (2,2) size 310x19
                text run at (2,2) width 310: "This text is in the THEADThis text is in the THEAD"
        RenderTableSection {TFOOT} at (1,55) size 634x26
          RenderTableRow {TR} at (0,0) size 634x24
            RenderTableCell {TD} at (2,0) size 314x24 [border: (1px inset #808080)] [r=0 c=0 rs=1 cs=1]
              RenderText {#text} at (2,2) size 310x19
                text run at (2,2) width 310: "This text is in the TFOOTThis text is in the TFOOT"
            RenderTableCell {TD} at (318,0) size 314x24 [border: (1px inset #808080)] [r=0 c=1 rs=1 cs=1]
              RenderText {#text} at (2,2) size 310x19
                text run at (2,2) width 310: "This text is in the TFOOTThis text is in the TFOOT"
        RenderTableSection {TBODY} at (1,29) size 634x26
          RenderTableRow {TR} at (0,0) size 634x24
            RenderTableCell {TD} at (2,0) size 314x24 [border: (1px inset #808080)] [r=0 c=0 rs=1 cs=1]
              RenderText {#text} at (2,2) size 157x19
                text run at (2,2) width 157: "This text is in the TBODY"
            RenderTableCell {TD} at (318,0) size 314x24 [border: (1px inset #808080)] [r=0 c=1 rs=1 cs=1]
              RenderText {#text} at (2,2) size 157x19
                text run at (2,2) width 157: "This text is in the TBODY"
        RenderTableSection {TBODY} at (1,55) size 634x0
