layer at (0,0) size 800x600
  RenderView at (0,0) size 800x600
layer at (0,0) size 800x600
  RenderBlock {HTML} at (0,0) size 800x600
    RenderBody {BODY} at (8,8) size 784x584
      RenderBlock (anonymous) at (0,0) size 784x18
        RenderText {#text} at (0,0) size 198x18
          text run at (0,0) width 198: "TFOOT VALIGN=BOTTOM"
      RenderTable {TABLE} at (0,18) size 784x243 [border: (1px outset #808080)]
        RenderTableSection {THEAD} at (1,1) size 782x26
          RenderTableRow {TR} at (0,2) size 782x22
            RenderTableCell {TD} at (2,2) size 304x22 [border: (1px inset #808080)] [r=0 c=0 rs=1 cs=1]
              RenderText {#text} at (2,2) size 56x18
                text run at (2,2) width 56: "THEAD"
            RenderTableCell {TD} at (308,2) size 472x22 [border: (1px inset #808080)] [r=0 c=1 rs=1 cs=1]
              RenderText {#text} at (2,2) size 56x18
                text run at (2,2) width 56: "THEAD"
        RenderTableSection {TFOOT} at (1,51) size 782x191
          RenderTableRow {TR} at (0,0) size 782x189
            RenderTableCell {TD} at (2,0) size 304x189 [border: (1px inset #808080)] [r=0 c=0 rs=1 cs=1]
              RenderImage {IMG} at (2,2) size 300x185
            RenderTableCell {TD} at (308,149) size 472x40 [border: (1px inset #808080)] [r=0 c=1 rs=1 cs=1]
              RenderText {#text} at (2,2) size 466x36
                text run at (2,2) width 466: "This text is within the TFOOT element and should be vertically aligned to"
                text run at (2,20) width 67: "the bottom"
        RenderTableSection {TBODY} at (1,27) size 782x24
          RenderTableRow {TR} at (0,0) size 782x22
            RenderTableCell {TD} at (2,0) size 304x22 [border: (1px inset #808080)] [r=0 c=0 rs=1 cs=1]
              RenderText {#text} at (2,2) size 57x18
                text run at (2,2) width 57: "TBODY"
            RenderTableCell {TD} at (308,0) size 472x22 [border: (1px inset #808080)] [r=0 c=1 rs=1 cs=1]
              RenderText {#text} at (2,2) size 57x18
                text run at (2,2) width 57: "TBODY"
        RenderTableSection {TBODY} at (1,51) size 782x0
