layer at (0,0) size 800x600
  RenderView at (0,0) size 800x600
layer at (0,0) size 800x600
  RenderBlock {HTML} at (0,0) size 800x600
    RenderBody {BODY} at (8,8) size 784x584
      RenderBlock {P} at (0,0) size 784x40
        RenderText {#text} at (0,0) size 767x39
          text run at (0,0) width 767: "The TFOOT element defines a table footer within a table. In this test, the numbers contained in the TFOOT cells should align on"
          text run at (0,20) width 106: "the decimal point."
      RenderTable {TABLE} at (0,56) size 493x108 [border: (1px outset #808080)]
        RenderTableSection {THEAD} at (1,1) size 491x28
          RenderTableRow {TR} at (0,2) size 491x24
            RenderTableCell {TD} at (2,2) size 161x24 [border: (1px inset #808080)] [r=0 c=0 rs=1 cs=1]
              RenderText {#text} at (2,2) size 155x19
                text run at (2,2) width 155: "This text is in the THEAD"
            RenderTableCell {TD} at (165,2) size 161x24 [border: (1px inset #808080)] [r=0 c=1 rs=1 cs=1]
              RenderText {#text} at (2,2) size 155x19
                text run at (2,2) width 155: "This text is in the THEAD"
            RenderTableCell {TD} at (328,2) size 161x24 [border: (1px inset #808080)] [r=0 c=2 rs=1 cs=1]
              RenderText {#text} at (2,2) size 155x19
                text run at (2,2) width 155: "This text is in the THEAD"
        RenderTableSection {TFOOT} at (1,55) size 491x52
          RenderTableRow {TR} at (0,0) size 491x24
            RenderTableCell {TD} at (2,0) size 161x24 [border: (1px inset #808080)] [r=0 c=0 rs=1 cs=1]
              RenderText {#text} at (2,2) size 36x19
                text run at (2,2) width 36: "55.00"
            RenderTableCell {TD} at (165,0) size 161x24 [border: (1px inset #808080)] [r=0 c=1 rs=1 cs=1]
              RenderText {#text} at (2,2) size 60x19
                text run at (2,2) width 60: "55555.00"
            RenderTableCell {TD} at (328,0) size 161x24 [border: (1px inset #808080)] [r=0 c=2 rs=1 cs=1]
              RenderText {#text} at (2,2) size 44x19
                text run at (2,2) width 44: "555.00"
          RenderTableRow {TR} at (0,26) size 491x24
            RenderTableCell {TD} at (2,26) size 161x24 [border: (1px inset #808080)] [r=1 c=0 rs=1 cs=1]
              RenderText {#text} at (2,2) size 52x19
                text run at (2,2) width 52: "1234.56"
            RenderTableCell {TD} at (165,26) size 161x24 [border: (1px inset #808080)] [r=1 c=1 rs=1 cs=1]
              RenderText {#text} at (2,2) size 44x19
                text run at (2,2) width 44: "123.45"
            RenderTableCell {TD} at (328,26) size 161x24 [border: (1px inset #808080)] [r=1 c=2 rs=1 cs=1]
              RenderText {#text} at (2,2) size 60x19
                text run at (2,2) width 60: "12345.67"
        RenderTableSection {TBODY} at (1,29) size 491x26
          RenderTableRow {TR} at (0,0) size 491x24
            RenderTableCell {TD} at (2,0) size 161x24 [border: (1px inset #808080)] [r=0 c=0 rs=1 cs=1]
              RenderText {#text} at (2,2) size 157x19
                text run at (2,2) width 157: "This text is in the TBODY"
            RenderTableCell {TD} at (165,0) size 161x24 [border: (1px inset #808080)] [r=0 c=1 rs=1 cs=1]
              RenderText {#text} at (2,2) size 157x19
                text run at (2,2) width 157: "This text is in the TBODY"
            RenderTableCell {TD} at (328,0) size 161x24 [border: (1px inset #808080)] [r=0 c=2 rs=1 cs=1]
              RenderText {#text} at (2,2) size 157x19
                text run at (2,2) width 157: "This text is in the TBODY"
        RenderTableSection {TBODY} at (1,55) size 491x0
