layer at (0,0) size 800x600
  RenderView at (0,0) size 800x600
layer at (0,0) size 800x600
  RenderBlock {HTML} at (0,0) size 800x600
    RenderBody {BODY} at (8,8) size 784x584
      RenderBlock (anonymous) at (0,0) size 784x18
        RenderText {#text} at (0,0) size 167x18
          text run at (0,0) width 167: "TH VALIGN=BOTTOM"
      RenderTable {TABLE} at (0,18) size 784x195 [border: (1px outset #808080)]
        RenderTableSection {TBODY} at (1,1) size 782x193
          RenderTableRow {TR} at (0,2) size 782x189
            RenderTableCell {TH} at (2,2) size 304x189 [border: (1px inset #808080)] [r=0 c=0 rs=1 cs=1]
              RenderImage {IMG} at (2,2) size 300x185
              RenderText {#text} at (0,0) size 0x0
            RenderTableCell {TH} at (308,151) size 235x40 [border: (1px inset #808080)] [r=0 c=1 rs=1 cs=1]
              RenderText {#text} at (20,2) size 195x36
                text run at (20,2) width 195: "This text should be vertically"
                text run at (46,20) width 143: "aligned to the bottom"
            RenderTableCell {TH} at (545,151) size 235x40 [border: (1px inset #808080)] [r=0 c=2 rs=1 cs=1]
              RenderText {#text} at (20,2) size 195x36
                text run at (20,2) width 195: "This text should be vertically"
                text run at (46,20) width 143: "aligned to the bottom"
