layer at (0,0) size 800x600
  RenderView at (0,0) size 800x600
layer at (0,0) size 800x600
  RenderBlock {HTML} at (0,0) size 800x600
    RenderBody {BODY} at (8,8) size 784x584
      RenderBlock {P} at (0,0) size 784x18
        RenderText {#text} at (0,0) size 665x18
          text run at (0,0) width 665: "The THEAD element labels the head area of a table. In this test, the THEAD text should be right aligned."
      RenderTable {TABLE} at (0,34) size 692x76 [border: (1px outset #808080)]
        RenderTableSection {THEAD} at (1,1) size 690x26
          RenderTableRow {TR} at (0,2) size 690x22
            RenderTableCell {TD} at (2,2) size 342x22 [border: (1px inset #808080)] [r=0 c=0 rs=1 cs=1]
              RenderText {#text} at (172,2) size 168x18
                text run at (172,2) width 168: "This text is in the THEAD"
            RenderTableCell {TD} at (346,2) size 342x22 [border: (1px inset #808080)] [r=0 c=1 rs=1 cs=1]
              RenderText {#text} at (172,2) size 168x18
                text run at (172,2) width 168: "This text is in the THEAD"
        RenderTableSection {TFOOT} at (1,51) size 690x24
          RenderTableRow {TR} at (0,0) size 690x22
            RenderTableCell {TD} at (2,0) size 342x22 [border: (1px inset #808080)] [r=0 c=0 rs=1 cs=1]
              RenderText {#text} at (2,2) size 330x18
                text run at (2,2) width 330: "This text is in the TFOOTThis text is in the TFOOT"
            RenderTableCell {TD} at (346,0) size 342x22 [border: (1px inset #808080)] [r=0 c=1 rs=1 cs=1]
              RenderText {#text} at (2,2) size 330x18
                text run at (2,2) width 330: "This text is in the TFOOTThis text is in the TFOOT"
        RenderTableSection {TBODY} at (1,27) size 690x24
          RenderTableRow {TR} at (0,0) size 690x22
            RenderTableCell {TD} at (2,0) size 342x22 [border: (1px inset #808080)] [r=0 c=0 rs=1 cs=1]
              RenderText {#text} at (2,2) size 338x18
                text run at (2,2) width 338: "This text is in the TBODYThis text is in the TBODY"
            RenderTableCell {TD} at (346,0) size 342x22 [border: (1px inset #808080)] [r=0 c=1 rs=1 cs=1]
              RenderText {#text} at (2,2) size 338x18
                text run at (2,2) width 338: "This text is in the TBODYThis text is in the TBODY"
        RenderTableSection {TBODY} at (1,51) size 690x0
