layer at (0,0) size 800x600
  RenderView at (0,0) size 800x600
layer at (0,0) size 800x600
  RenderBlock {HTML} at (0,0) size 800x600
    RenderBody {BODY} at (8,8) size 784x584
      RenderBlock {P} at (0,0) size 784x36
        RenderText {#text} at (0,0) size 766x36
          text run at (0,0) width 766: "The THEAD element defines a table header within a table. In this test, the numbers contained in the THEAD cells should"
          text run at (0,18) width 167: "align on the decimal point."
      RenderTable {TABLE} at (0,52) size 529x100 [border: (1px outset #808080)]
        RenderTableSection {THEAD} at (1,1) size 527x50
          RenderTableRow {TR} at (0,2) size 527x22
            RenderTableCell {TD} at (2,2) size 173x22 [border: (1px inset #808080)] [r=0 c=0 rs=1 cs=1]
              RenderText {#text} at (2,2) size 36x18
                text run at (2,2) width 36: "55.00"
            RenderTableCell {TD} at (177,2) size 173x22 [border: (1px inset #808080)] [r=0 c=1 rs=1 cs=1]
              RenderText {#text} at (2,2) size 60x18
                text run at (2,2) width 60: "55555.00"
            RenderTableCell {TD} at (352,2) size 173x22 [border: (1px inset #808080)] [r=0 c=2 rs=1 cs=1]
              RenderText {#text} at (2,2) size 44x18
                text run at (2,2) width 44: "555.00"
          RenderTableRow {TR} at (0,26) size 527x22
            RenderTableCell {TD} at (2,26) size 173x22 [border: (1px inset #808080)] [r=1 c=0 rs=1 cs=1]
              RenderText {#text} at (2,2) size 52x18
                text run at (2,2) width 52: "1234.56"
            RenderTableCell {TD} at (177,26) size 173x22 [border: (1px inset #808080)] [r=1 c=1 rs=1 cs=1]
              RenderText {#text} at (2,2) size 44x18
                text run at (2,2) width 44: "123.45"
            RenderTableCell {TD} at (352,26) size 173x22 [border: (1px inset #808080)] [r=1 c=2 rs=1 cs=1]
              RenderText {#text} at (2,2) size 60x18
                text run at (2,2) width 60: "12345.67"
        RenderTableSection {TFOOT} at (1,75) size 527x24
          RenderTableRow {TR} at (0,0) size 527x22
            RenderTableCell {TD} at (2,0) size 173x22 [border: (1px inset #808080)] [r=0 c=0 rs=1 cs=1]
              RenderText {#text} at (2,2) size 165x18
                text run at (2,2) width 165: "This text is in the TFOOT"
            RenderTableCell {TD} at (177,0) size 173x22 [border: (1px inset #808080)] [r=0 c=1 rs=1 cs=1]
              RenderText {#text} at (2,2) size 165x18
                text run at (2,2) width 165: "This text is in the TFOOT"
            RenderTableCell {TD} at (352,0) size 173x22 [border: (1px inset #808080)] [r=0 c=2 rs=1 cs=1]
              RenderText {#text} at (2,2) size 165x18
                text run at (2,2) width 165: "This text is in the TFOOT"
        RenderTableSection {TBODY} at (1,51) size 527x24
          RenderTableRow {TR} at (0,0) size 527x22
            RenderTableCell {TD} at (2,0) size 173x22 [border: (1px inset #808080)] [r=0 c=0 rs=1 cs=1]
              RenderText {#text} at (2,2) size 169x18
                text run at (2,2) width 169: "This text is in the TBODY"
            RenderTableCell {TD} at (177,0) size 173x22 [border: (1px inset #808080)] [r=0 c=1 rs=1 cs=1]
              RenderText {#text} at (2,2) size 169x18
                text run at (2,2) width 169: "This text is in the TBODY"
            RenderTableCell {TD} at (352,0) size 173x22 [border: (1px inset #808080)] [r=0 c=2 rs=1 cs=1]
              RenderText {#text} at (2,2) size 169x18
                text run at (2,2) width 169: "This text is in the TBODY"
        RenderTableSection {TBODY} at (1,75) size 527x0
