layer at (0,0) size 800x600
  RenderView at (0,0) size 800x600
layer at (0,0) size 800x62
  RenderBlock {html} at (0,0) size 800x62
    RenderBody {body} at (8,8) size 784x46
      RenderTable {table} at (0,0) size 784x46 [border: (1px outset #808080)]
        RenderBlock {caption} at (0,0) size 784x18 [bgcolor=#00FF00]
          RenderText {#text} at (252,0) size 280x18
            text run at (252,0) width 205: "This caption should have a lime "
            text run at (456,0) width 76: "background"
        RenderTableSection (anonymous) at (1,19) size 782x26
          RenderTableRow {tr} at (0,2) size 782x22
            RenderTableCell {td} at (2,2) size 778x22 [border: (1px inset #808080)] [r=0 c=0 rs=1 cs=1]
              RenderText {#text} at (2,2) size 22x18
                text run at (2,2) width 22: "cell"
