layer at (0,0) size 800x600
  RenderView at (0,0) size 800x600
layer at (0,0) size 800x128
  RenderBlock {html} at (0,0) size 800x128
    RenderBody {body} at (8,16) size 784x104
      RenderBlock {p} at (0,0) size 784x18
        RenderText {#text} at (0,0) size 286x18
          text run at (0,0) width 286: "The table caption should be aligned at the top"
      RenderTable {table} at (0,34) size 124x70 [border: (1px outset #808080)]
        RenderBlock {caption} at (0,0) size 124x18
          RenderText {#text} at (26,0) size 72x18
            text run at (26,0) width 72: "CAPTION"
        RenderTableSection (anonymous) at (1,19) size 122x50
          RenderTableRow {tr} at (0,2) size 122x22
            RenderTableCell {td} at (2,2) size 38x22 [border: (1px inset #808080)] [r=0 c=0 rs=1 cs=1]
              RenderText {#text} at (2,2) size 34x18
                text run at (2,2) width 34: "cell 1"
            RenderTableCell {td} at (42,2) size 38x22 [border: (1px inset #808080)] [r=0 c=1 rs=1 cs=1]
              RenderText {#text} at (2,2) size 34x18
                text run at (2,2) width 34: "cell 2"
            RenderTableCell {td} at (82,2) size 38x22 [border: (1px inset #808080)] [r=0 c=2 rs=1 cs=1]
              RenderText {#text} at (2,2) size 34x18
                text run at (2,2) width 34: "cell 3"
          RenderTableRow {tr} at (0,26) size 122x22
            RenderTableCell {td} at (2,26) size 38x22 [border: (1px inset #808080)] [r=1 c=0 rs=1 cs=1]
              RenderText {#text} at (2,2) size 34x18
                text run at (2,2) width 34: "cell 4"
            RenderTableCell {td} at (42,26) size 38x22 [border: (1px inset #808080)] [r=1 c=1 rs=1 cs=1]
              RenderText {#text} at (2,2) size 34x18
                text run at (2,2) width 34: "cell 5"
            RenderTableCell {td} at (82,26) size 38x22 [border: (1px inset #808080)] [r=1 c=2 rs=1 cs=1]
              RenderText {#text} at (2,2) size 34x18
                text run at (2,2) width 34: "cell 6"
