layer at (0,0) size 800x600
  RenderView at (0,0) size 800x600
layer at (0,0) size 800x44
  RenderBlock {html} at (0,0) size 800x44
    RenderBody {body} at (8,8) size 784x28
      RenderTable {table} at (0,0) size 600x28 [border: (1px outset #808080)]
        RenderTableCol {colgroup} at (0,0) size 0x0
          RenderTableCol {col} at (0,0) size 0x0
          RenderTableCol {col} at (0,0) size 0x0
        RenderTableSection (anonymous) at (1,1) size 598x26
          RenderTableRow {tr} at (0,2) size 598x22
            RenderTableCell {td} at (2,2) size 296x22 [border: (1px inset #808080)] [r=0 c=0 rs=1 cs=1]
              RenderText {#text} at (2,2) size 210x18
                text run at (2,2) width 210: "Cell text should be center aligned"
            RenderTableCell {td} at (300,2) size 296x22 [border: (1px inset #808080)] [r=0 c=1 rs=1 cs=1]
              RenderText {#text} at (2,2) size 210x18
                text run at (2,2) width 210: "Cell text should be center aligned"
