layer at (0,0) size 800x600
  RenderView at (0,0) size 800x600
layer at (0,0) size 800x140
  RenderBlock {html} at (0,0) size 800x140
    RenderBody {body} at (8,16) size 784x116
      RenderBlock {p} at (0,0) size 784x18
        RenderText {#text} at (0,0) size 146x18
          text run at (0,0) width 146: "COL WIDTH=relative"
      RenderTable {table} at (0,34) size 300x82 [border: (1px outset #808080)]
        RenderTableCol {colgroup} at (0,0) size 0x0
          RenderTableCol {col} at (0,0) size 0x0
          RenderTableCol {col} at (0,0) size 0x0
        RenderTableSection (anonymous) at (1,1) size 298x80
          RenderTableRow {tr} at (0,2) size 298x76
            RenderTableCell {td} at (2,2) size 145x76 [border: (1px inset #808080)] [r=0 c=0 rs=1 cs=1]
              RenderText {#text} at (2,2) size 138x72
                text run at (2,2) width 138: "Table width is 300px."
                text run at (2,20) width 125: "This column should"
                text run at (2,38) width 108: "be 1/2 as wide as"
                text run at (2,56) width 124: "Column 2 or 100px"
            RenderTableCell {td} at (148,2) size 149x76 [border: (1px inset #808080)] [r=0 c=1 rs=1 cs=1]
              RenderText {#text} at (2,2) size 138x72
                text run at (2,2) width 138: "Table width is 300px."
                text run at (2,20) width 125: "This column should"
                text run at (2,38) width 122: "be twice as wide as"
                text run at (2,56) width 124: "Column 1 or 200px"
