layer at (0,0) size 800x600
  RenderView at (0,0) size 800x600
layer at (0,0) size 800x110
  RenderBlock {html} at (0,0) size 800x110
    RenderBody {body} at (8,16) size 784x86
      RenderBlock {p} at (0,0) size 784x18
        RenderText {#text} at (0,0) size 333x18
          text run at (0,0) width 333: "Numbers in table should be aligned at decimal points"
      RenderTable {table} at (0,34) size 600x52 [border: (1px outset #808080)]
        RenderTableCol {colgroup} at (0,0) size 0x0
          RenderTableCol {col} at (0,0) size 0x0
          RenderTableCol {col} at (0,0) size 0x0
        RenderTableSection (anonymous) at (1,1) size 598x50
          RenderTableRow {tr} at (0,2) size 598x22
            RenderTableCell {td} at (2,2) size 277x22 [border: (1px inset #808080)] [r=0 c=0 rs=1 cs=1]
              RenderText {#text} at (2,2) size 36x18
                text run at (2,2) width 36: "55.00"
            RenderTableCell {td} at (280,2) size 317x22 [border: (1px inset #808080)] [r=0 c=1 rs=1 cs=1]
              RenderText {#text} at (2,2) size 60x18
                text run at (2,2) width 60: "55555.00"
          RenderTableRow {tr} at (0,26) size 598x22
            RenderTableCell {td} at (2,26) size 277x22 [border: (1px inset #808080)] [r=1 c=0 rs=1 cs=1]
              RenderText {#text} at (2,2) size 52x18
                text run at (2,2) width 52: "1234.56"
            RenderTableCell {td} at (280,26) size 317x22 [border: (1px inset #808080)] [r=1 c=1 rs=1 cs=1]
              RenderText {#text} at (2,2) size 44x18
                text run at (2,2) width 44: "123.45"
