layer at (0,0) size 800x600
  RenderView at (0,0) size 800x600
layer at (0,0) size 800x275
  RenderBlock {html} at (0,0) size 800x275
    RenderBody {body} at (8,16) size 784x251
      RenderBlock {p} at (0,0) size 784x20
        RenderText {#text} at (0,0) size 223x19
          text run at (0,0) width 223: "COLGROUP VALIGN=BOTTOM"
      RenderTable {table} at (0,36) size 784x215 [border: (1px outset #808080)]
        RenderTableCol {colgroup} at (0,0) size 0x0
          RenderTableCol {col} at (0,0) size 0x0
          RenderTableCol {col} at (0,0) size 0x0
        RenderTableSection (anonymous) at (1,1) size 782x213
          RenderTableRow {tr} at (0,2) size 782x209
            RenderTableCell {td} at (2,2) size 204x209 [border: (1px inset #808080)] [r=0 c=0 rs=1 cs=1]
              RenderImage {img} at (2,2) size 200x200
            RenderTableCell {td} at (208,74) size 572x65 [border: (1px inset #808080)] [r=0 c=1 rs=1 cs=1]
              RenderText {#text} at (2,2) size 566x60
                text run at (2,3) width 343: "The bottom of this text should be vertically aligned to the "
                text run at (345,3) width 214: "bottom of the image. x-fill x-fill x-fill"
                text run at (2,23) width 90: "x-fill x-fill x-fill "
                text run at (92,23) width 270: "x-fill x-fill x-fill x-fill x-fill x-fill x-fill x-fill x-fill "
                text run at (362,23) width 206: "x-fill x-fill x-fill x-fill x-fill x-fill x-fill"
                text run at (2,43) width 60: "x-fill x-fill "
                text run at (62,43) width 116: "x-fill x-fill x-fill x-fill"
