layer at (0,0) size 800x600
  RenderView at (0,0) size 800x600
layer at (0,0) size 800x60
  RenderBlock {html} at (0,0) size 800x60
    RenderBody {body} at (8,8) size 784x44
      RenderTable {table} at (0,0) size 484x44 [border: (1px outset #808080)]
        RenderTableSection (anonymous) at (1,1) size 482x42
          RenderTableRow {tr} at (0,10) size 482x22
            RenderTableCell {td} at (10,10) size 226x22 [border: (1px inset #808080)] [r=0 c=0 rs=1 cs=1]
              RenderText {#text} at (2,2) size 222x18
                text run at (2,2) width 222: "This cell should have 10px spacing"
            RenderTableCell {td} at (246,10) size 226x22 [border: (1px inset #808080)] [r=0 c=1 rs=1 cs=1]
              RenderText {#text} at (2,2) size 222x18
                text run at (2,2) width 222: "This cell should have 10px spacing"
