layer at (0,0) size 800x600
  RenderView at (0,0) size 800x600
layer at (0,0) size 800x158
  RenderBlock {html} at (0,0) size 800x158
    RenderBody {body} at (8,16) size 784x134
      RenderBlock {p} at (0,0) size 784x20
        RenderText {#text} at (0,0) size 383x19
          text run at (0,0) width 342: "There should be no border around the frame of the table "
          text run at (342,0) width 41: "below."
      RenderTable {table} at (0,36) size 179x98
        RenderTableCol {colgroup} at (0,0) size 0x0
          RenderTableCol {col} at (0,0) size 0x0
        RenderTableCol {colgroup} at (0,0) size 0x0
          RenderTableCol {col} at (0,0) size 0x0
        RenderTableCol {colgroup} at (0,0) size 0x0
          RenderTableCol {col} at (0,0) size 0x0
        RenderTableSection {thead} at (0,0) size 179x26
          RenderTableRow {tr} at (0,2) size 179x22
            RenderTableCell {th} at (2,2) size 57x22 [r=0 c=0 rs=1 cs=1]
              RenderText {#text} at (1,1) size 55x19
                text run at (1,1) width 55: "THEAD"
            RenderTableCell {th} at (61,2) size 57x22 [r=0 c=1 rs=1 cs=1]
              RenderText {#text} at (1,1) size 55x19
                text run at (1,1) width 55: "THEAD"
            RenderTableCell {th} at (120,2) size 57x22 [r=0 c=2 rs=1 cs=1]
              RenderText {#text} at (1,1) size 55x19
                text run at (1,1) width 55: "THEAD"
        RenderTableSection {tfoot} at (0,74) size 179x24
          RenderTableRow {tr} at (0,0) size 179x22
            RenderTableCell {td} at (2,0) size 57x22 [r=0 c=0 rs=1 cs=1]
              RenderText {#text} at (1,1) size 51x19
                text run at (1,1) width 51: "TFOOT"
            RenderTableCell {td} at (61,0) size 57x22 [r=0 c=1 rs=1 cs=1]
              RenderText {#text} at (1,1) size 51x19
                text run at (1,1) width 51: "TFOOT"
            RenderTableCell {td} at (120,0) size 57x22 [r=0 c=2 rs=1 cs=1]
              RenderText {#text} at (1,1) size 51x19
                text run at (1,1) width 51: "TFOOT"
        RenderTableSection {tbody} at (0,26) size 179x48
          RenderTableRow {tr} at (0,0) size 179x22
            RenderTableCell {td} at (2,0) size 57x22 [r=0 c=0 rs=1 cs=1]
              RenderText {#text} at (1,1) size 53x19
                text run at (1,1) width 53: "TBODY"
            RenderTableCell {td} at (61,0) size 57x22 [r=0 c=1 rs=1 cs=1]
              RenderText {#text} at (1,1) size 53x19
                text run at (1,1) width 53: "TBODY"
            RenderTableCell {td} at (120,0) size 57x22 [r=0 c=2 rs=1 cs=1]
              RenderText {#text} at (1,1) size 53x19
                text run at (1,1) width 53: "TBODY"
          RenderTableRow {tr} at (0,24) size 179x22
            RenderTableCell {td} at (2,24) size 57x22 [r=1 c=0 rs=1 cs=1]
              RenderText {#text} at (1,1) size 53x19
                text run at (1,1) width 53: "TBODY"
            RenderTableCell {td} at (61,24) size 57x22 [r=1 c=1 rs=1 cs=1]
              RenderText {#text} at (1,1) size 53x19
                text run at (1,1) width 53: "TBODY"
            RenderTableCell {td} at (120,24) size 57x22 [r=1 c=2 rs=1 cs=1]
              RenderText {#text} at (1,1) size 53x19
                text run at (1,1) width 53: "TBODY"
