layer at (0,0) size 800x600
  RenderView at (0,0) size 800x600
layer at (0,0) size 800x166
  RenderBlock {html} at (0,0) size 800x166
    RenderBody {body} at (8,16) size 784x142
      RenderBlock {p} at (0,0) size 784x18
        RenderText {#text} at (0,0) size 437x18
          text run at (0,0) width 394: "There should be a 5 pixel border around the frame of the table "
          text run at (394,0) width 43: "below."
      RenderTable {table} at (0,34) size 204x108 [border: (5px outset #808080)]
        RenderTableCol {colgroup} at (0,0) size 0x0
          RenderTableCol {col} at (0,0) size 0x0
        RenderTableCol {colgroup} at (0,0) size 0x0
          RenderTableCol {col} at (0,0) size 0x0
        RenderTableCol {colgroup} at (0,0) size 0x0
          RenderTableCol {col} at (0,0) size 0x0
        RenderTableSection {thead} at (5,5) size 194x26
          RenderTableRow {tr} at (0,2) size 194x22
            RenderTableCell {th} at (2,2) size 62x22 [border: (1px inset #808080)] [r=0 c=0 rs=1 cs=1]
              RenderText {#text} at (2,2) size 58x18
                text run at (2,2) width 58: "THEAD"
            RenderTableCell {th} at (66,2) size 62x22 [border: (1px inset #808080)] [r=0 c=1 rs=1 cs=1]
              RenderText {#text} at (2,2) size 58x18
                text run at (2,2) width 58: "THEAD"
            RenderTableCell {th} at (130,2) size 62x22 [border: (1px inset #808080)] [r=0 c=2 rs=1 cs=1]
              RenderText {#text} at (2,2) size 58x18
                text run at (2,2) width 58: "THEAD"
        RenderTableSection {tfoot} at (5,79) size 194x24
          RenderTableRow {tr} at (0,0) size 194x22
            RenderTableCell {td} at (2,0) size 62x22 [border: (1px inset #808080)] [r=0 c=0 rs=1 cs=1]
              RenderText {#text} at (2,2) size 53x18
                text run at (2,2) width 53: "TFOOT"
            RenderTableCell {td} at (66,0) size 62x22 [border: (1px inset #808080)] [r=0 c=1 rs=1 cs=1]
              RenderText {#text} at (2,2) size 53x18
                text run at (2,2) width 53: "TFOOT"
            RenderTableCell {td} at (130,0) size 62x22 [border: (1px inset #808080)] [r=0 c=2 rs=1 cs=1]
              RenderText {#text} at (2,2) size 53x18
                text run at (2,2) width 53: "TFOOT"
        RenderTableSection {tbody} at (5,31) size 194x48
          RenderTableRow {tr} at (0,0) size 194x22
            RenderTableCell {td} at (2,0) size 62x22 [border: (1px inset #808080)] [r=0 c=0 rs=1 cs=1]
              RenderText {#text} at (2,2) size 57x18
                text run at (2,2) width 57: "TBODY"
            RenderTableCell {td} at (66,0) size 62x22 [border: (1px inset #808080)] [r=0 c=1 rs=1 cs=1]
              RenderText {#text} at (2,2) size 57x18
                text run at (2,2) width 57: "TBODY"
            RenderTableCell {td} at (130,0) size 62x22 [border: (1px inset #808080)] [r=0 c=2 rs=1 cs=1]
              RenderText {#text} at (2,2) size 57x18
                text run at (2,2) width 57: "TBODY"
          RenderTableRow {tr} at (0,24) size 194x22
            RenderTableCell {td} at (2,24) size 62x22 [border: (1px inset #808080)] [r=1 c=0 rs=1 cs=1]
              RenderText {#text} at (2,2) size 57x18
                text run at (2,2) width 57: "TBODY"
            RenderTableCell {td} at (66,24) size 62x22 [border: (1px inset #808080)] [r=1 c=1 rs=1 cs=1]
              RenderText {#text} at (2,2) size 57x18
                text run at (2,2) width 57: "TBODY"
            RenderTableCell {td} at (130,24) size 62x22 [border: (1px inset #808080)] [r=1 c=2 rs=1 cs=1]
              RenderText {#text} at (2,2) size 57x18
                text run at (2,2) width 57: "TBODY"
