layer at (0,0) size 800x600
  RenderView at (0,0) size 800x600
layer at (0,0) size 800x44
  RenderBlock {html} at (0,0) size 800x44
    RenderBody {body} at (8,8) size 784x28
      RenderTable {table} at (0,0) size 454x28 [border: (1px outset #808080)]
        RenderTableSection (anonymous) at (1,1) size 452x26
          RenderTableRow {tr} at (0,2) size 452x22
            RenderTableCell {td} at (2,2) size 223x22 [border: (1px inset #808080)] [r=0 c=0 rs=1 cs=1]
              RenderText {#text} at (2,2) size 219x18
                text run at (2,2) width 219: "This cell should have 20% spacing"
            RenderTableCell {td} at (227,2) size 223x22 [border: (1px inset #808080)] [r=0 c=1 rs=1 cs=1]
              RenderText {#text} at (2,2) size 219x18
                text run at (2,2) width 219: "This cell should have 20% spacing"
