layer at (0,0) size 800x600
  RenderView at (0,0) size 800x600
layer at (0,0) size 800x134
  RenderBlock {html} at (0,0) size 800x134
    RenderBody {body} at (8,16) size 784x110
      RenderBlock {p} at (0,0) size 784x18
        RenderText {#text} at (0,0) size 323x18
          text run at (0,0) width 323: "In this test, the TFOOT text should be right aligned"
      RenderTable {table} at (0,34) size 179x76 [border: (1px outset #808080)]
        RenderTableSection {thead} at (1,1) size 177x26
          RenderTableRow {tr} at (0,2) size 177x22
            RenderTableCell {td} at (2,2) size 173x22 [border: (1px inset #808080)] [r=0 c=0 rs=1 cs=1]
              RenderText {#text} at (2,2) size 168x18
                text run at (2,2) width 168: "This text is in the THEAD"
        RenderTableSection {tfoot} at (1,51) size 177x24
          RenderTableRow {tr} at (0,0) size 177x22
            RenderTableCell {td} at (2,0) size 173x22 [border: (1px inset #808080)] [r=0 c=0 rs=1 cs=1]
              RenderText {#text} at (118,2) size 53x18
                text run at (118,2) width 53: "TFOOT"
        RenderTableSection {tbody} at (1,27) size 177x24
          RenderTableRow {tr} at (0,0) size 177x22
            RenderTableCell {td} at (2,0) size 173x22 [border: (1px inset #808080)] [r=0 c=0 rs=1 cs=1]
              RenderText {#text} at (2,2) size 169x18
                text run at (2,2) width 169: "This text is in the TBODY"
