layer at (0,0) size 800x600
  RenderView at (0,0) size 800x600
layer at (0,0) size 800x68
  RenderBlock {html} at (0,0) size 800x68
    RenderBody {body} at (8,8) size 784x52
      RenderTable {table} at (0,0) size 630x52 [border: (1px outset #808080)]
        RenderTableSection {tfoot} at (1,27) size 628x24 [bgcolor=#00FF00]
          RenderTableRow {tr} at (0,0) size 628x22
            RenderTableCell {td} at (2,0) size 311x22 [border: (1px inset #808080)] [r=0 c=0 rs=1 cs=1]
              RenderText {#text} at (2,2) size 262x18
                text run at (2,2) width 262: "This tfoot should have a lime background"
            RenderTableCell {td} at (315,0) size 311x22 [border: (1px inset #808080)] [r=0 c=1 rs=1 cs=1]
              RenderText {#text} at (2,2) size 262x18
                text run at (2,2) width 262: "This tfoot should have a lime background"
        RenderTableSection {tbody} at (1,1) size 628x26
          RenderTableRow {tr} at (0,2) size 628x22
            RenderTableCell {td} at (2,2) size 311x22 [border: (1px inset #808080)] [r=0 c=0 rs=1 cs=1]
              RenderText {#text} at (2,2) size 307x18
                text run at (2,2) width 307: "This tbody should NOT have a lime background"
            RenderTableCell {td} at (315,2) size 311x22 [border: (1px inset #808080)] [r=0 c=1 rs=1 cs=1]
              RenderText {#text} at (2,2) size 307x18
                text run at (2,2) width 307: "This tbody should NOT have a lime background"
