layer at (0,0) size 800x600
  RenderView at (0,0) size 800x600
layer at (0,0) size 800x68
  RenderBlock {html} at (0,0) size 800x68
    RenderBody {body} at (8,8) size 784x52
      RenderTable {table} at (0,0) size 232x52 [border: (1px outset #808080)]
        RenderTableSection (anonymous) at (1,1) size 230x50
          RenderTableRow {tr} at (0,2) size 230x22
            RenderTableCell {th} at (2,14) size 168x22 [border: (1px inset #808080)] [r=0 c=0 rs=2 cs=1]
              RenderText {#text} at (2,2) size 164x18
                text run at (2,2) width 164: "This cell spans two rows"
            RenderTableCell {th} at (172,2) size 56x22 [border: (1px inset #808080)] [r=0 c=1 rs=1 cs=1]
              RenderText {#text} at (2,2) size 52x18
                text run at (2,2) width 52: "xxx xxx"
          RenderTableRow {tr} at (0,26) size 230x22
            RenderTableCell {th} at (172,26) size 56x22 [border: (1px inset #808080)] [r=1 c=1 rs=1 cs=1]
              RenderText {#text} at (2,2) size 52x18
                text run at (2,2) width 52: "xxx xxx"
