layer at (0,0) size 800x600
  RenderView at (0,0) size 800x600
layer at (0,0) size 800x116
  RenderBlock {html} at (0,0) size 800x116
    RenderBody {body} at (8,16) size 784x92
      RenderBlock {p} at (0,0) size 784x20
        RenderText {#text} at (0,0) size 282x19
          text run at (0,0) width 282: "TEST: Numbers should align by decimal points"
      RenderTable {table} at (0,36) size 194x56 [border: (1px outset #808080)]
        RenderTableSection (anonymous) at (1,1) size 192x54
          RenderTableRow {tr} at (0,2) size 192x24
            RenderTableCell {th} at (2,2) size 56x24 [border: (1px inset #808080)] [r=0 c=0 rs=1 cs=1]
              RenderText {#text} at (10,2) size 36x19
                text run at (10,2) width 36: "55.00"
            RenderTableCell {th} at (60,2) size 64x24 [border: (1px inset #808080)] [r=0 c=1 rs=1 cs=1]
              RenderText {#text} at (2,2) size 60x19
                text run at (2,2) width 60: "55555.00"
            RenderTableCell {th} at (126,2) size 64x24 [border: (1px inset #808080)] [r=0 c=2 rs=1 cs=1]
              RenderText {#text} at (10,2) size 44x19
                text run at (10,2) width 44: "555.00"
          RenderTableRow {tr} at (0,28) size 192x24
            RenderTableCell {th} at (2,28) size 56x24 [border: (1px inset #808080)] [r=1 c=0 rs=1 cs=1]
              RenderText {#text} at (2,2) size 52x19
                text run at (2,2) width 52: "1234.56"
            RenderTableCell {th} at (60,28) size 64x24 [border: (1px inset #808080)] [r=1 c=1 rs=1 cs=1]
              RenderText {#text} at (10,2) size 44x19
                text run at (10,2) width 44: "123.45"
            RenderTableCell {th} at (126,28) size 64x24 [border: (1px inset #808080)] [r=1 c=2 rs=1 cs=1]
              RenderText {#text} at (2,2) size 60x19
                text run at (2,2) width 60: "12345.67"
