layer at (0,0) size 800x600
  RenderView at (0,0) size 800x600
layer at (0,0) size 800x282
  RenderBlock {html} at (0,0) size 800x282
    RenderBody {body} at (8,8) size 784x266
      RenderTable {table} at (0,0) size 110x64 [border: (1px outset #808080)]
        RenderTableSection (anonymous) at (1,1) size 108x62
          RenderTableRow {tr} at (0,2) size 108x58
            RenderTableCell {th} at (2,2) size 104x58 [border: (1px inset #808080)] [r=0 c=0 rs=1 cs=1]
              RenderText {#text} at (8,2) size 100x54
                text run at (8,2) width 88: "The width of"
                text run at (2,20) width 100: "this cell should"
                text run at (9,38) width 86: "be 100 pixels"
      RenderBlock (anonymous) at (0,64) size 784x18
        RenderBR {br} at (0,0) size 0x18
      RenderTable {table} at (0,82) size 210x46 [border: (1px outset #808080)]
        RenderTableSection (anonymous) at (1,1) size 208x44
          RenderTableRow {tr} at (0,2) size 208x40
            RenderTableCell {th} at (2,2) size 204x40 [border: (1px inset #808080)] [r=0 c=0 rs=1 cs=1]
              RenderText {#text} at (7,2) size 190x36
                text run at (7,2) width 190: "The width of this cell should"
                text run at (59,20) width 86: "be 200 pixels"
      RenderBlock (anonymous) at (0,128) size 784x18
        RenderBR {br} at (0,0) size 0x18
      RenderTable {table} at (0,146) size 310x28 [border: (1px outset #808080)]
        RenderTableSection (anonymous) at (1,1) size 308x26
          RenderTableRow {tr} at (0,2) size 308x22
            RenderTableCell {th} at (2,2) size 304x22 [border: (1px inset #808080)] [r=0 c=0 rs=1 cs=1]
              RenderText {#text} at (12,2) size 280x18
                text run at (12,2) width 280: "The width of this cell should be 300 pixels"
      RenderBlock (anonymous) at (0,174) size 784x18
        RenderBR {br} at (0,0) size 0x18
      RenderTable {table} at (0,192) size 410x28 [border: (1px outset #808080)]
        RenderTableSection (anonymous) at (1,1) size 408x26
          RenderTableRow {tr} at (0,2) size 408x22
            RenderTableCell {th} at (2,2) size 404x22 [border: (1px inset #808080)] [r=0 c=0 rs=1 cs=1]
              RenderText {#text} at (62,2) size 280x18
                text run at (62,2) width 280: "The width of this cell should be 400 pixels"
      RenderBlock (anonymous) at (0,220) size 784x18
        RenderBR {br} at (0,0) size 0x18
      RenderTable {table} at (0,238) size 510x28 [border: (1px outset #808080)]
        RenderTableSection (anonymous) at (1,1) size 508x26
          RenderTableRow {tr} at (0,2) size 508x22
            RenderTableCell {th} at (2,2) size 504x22 [border: (1px inset #808080)] [r=0 c=0 rs=1 cs=1]
              RenderText {#text} at (112,2) size 280x18
                text run at (112,2) width 280: "The width of this cell should be 500 pixels"
