layer at (0,0) size 800x600
  RenderView at (0,0) size 800x600
layer at (0,0) size 800x362
  RenderBlock {html} at (0,0) size 800x362
    RenderBody {body} at (8,16) size 784x338
      RenderBlock {p} at (0,0) size 784x20
        RenderText {#text} at (0,0) size 197x19
          text run at (0,0) width 197: "THEAD VALIGN=BASELINE"
      RenderTable {table} at (0,36) size 784x302 [border: (1px outset #808080)]
        RenderTableSection {thead} at (1,1) size 782x248
          RenderTableRow {tr} at (0,2) size 782x244
            RenderTableCell {td} at (2,24) size 206x104 [border: (1px inset #808080)] [r=0 c=0 rs=1 cs=1]
              RenderText {#text} at (2,2) size 195x99
                text run at (2,2) width 195: "Compare the baseline of the first"
                text run at (2,22) width 128: "line of text in this cell "
                text run at (130,22) width 47: "with the"
                text run at (2,42) width 192: "baseline of the first line of text in"
                text run at (2,62) width 107: "the next cell: they "
                text run at (109,62) width 58: "should be"
                text run at (2,82) width 99: "vertically aligned"
            RenderTableCell {td} at (209,2) size 572x244 [border: (1px inset #808080)] [r=0 c=1 rs=1 cs=1]
              RenderText {#text} at (2,3) size 521x238
                text run at (2,3) width 515: "Compare the baseline of the first"
                text run at (2,51) width 69: "line "
                text run at (71,51) width 413: "of text in this cell with the"
                text run at (2,99) width 521: "baseline of the first line of text in"
                text run at (2,147) width 509: "the previous cell: they should be"
                text run at (2,195) width 273: "vertically aligned"
        RenderTableSection {tfoot} at (1,275) size 782x26
          RenderTableRow {tr} at (0,0) size 782x24
            RenderTableCell {td} at (2,0) size 206x24 [border: (1px inset #808080)] [r=0 c=0 rs=1 cs=1]
              RenderText {#text} at (2,2) size 51x19
                text run at (2,2) width 51: "TFOOT"
            RenderTableCell {td} at (209,0) size 572x24 [border: (1px inset #808080)] [r=0 c=1 rs=1 cs=1]
              RenderText {#text} at (2,2) size 51x19
                text run at (2,2) width 51: "TFOOT"
        RenderTableSection {tbody} at (1,249) size 782x26
          RenderTableRow {tr} at (0,0) size 782x24
            RenderTableCell {td} at (2,0) size 206x24 [border: (1px inset #808080)] [r=0 c=0 rs=1 cs=1]
              RenderText {#text} at (2,2) size 53x19
                text run at (2,2) width 53: "TBODY"
            RenderTableCell {td} at (209,0) size 572x24 [border: (1px inset #808080)] [r=0 c=1 rs=1 cs=1]
              RenderText {#text} at (2,2) size 53x19
                text run at (2,2) width 53: "TBODY"
