layer at (0,0) size 800x600
  RenderView at (0,0) size 800x600
layer at (0,0) size 800x298
  RenderBlock {html} at (0,0) size 800x298
    RenderBody {body} at (8,16) size 784x274
      RenderBlock {p} at (0,0) size 784x18
        RenderText {#text} at (0,0) size 177x18
          text run at (0,0) width 177: "TH VALIGN=BASELINE"
      RenderTable {table} at (0,34) size 784x240 [border: (1px outset #808080)]
        RenderTableSection (anonymous) at (1,1) size 782x238
          RenderTableRow {tr} at (0,2) size 782x234
            RenderTableCell {th} at (2,24) size 215x94 [border: (1px inset #808080)] [r=0 c=0 rs=1 cs=1]
              RenderText {#text} at (12,2) size 207x90
                text run at (12,2) width 190: "Compare the baseline of the"
                text run at (4,20) width 77: "first line of "
                text run at (80,20) width 131: "text in this cell with"
                text run at (8,38) width 198: "the baseline of the first line of"
                text run at (25,56) width 47: "text in "
                text run at (71,56) width 119: "the next cell: they"
                text run at (15,74) width 185: "should be vertically aligned"
            RenderTableCell {th} at (218,2) size 563x234 [border: (1px inset #808080)] [r=0 c=1 rs=1 cs=1]
              RenderText {#text} at (42,2) size 529x230
                text run at (42,2) width 382: "Compare the baseline "
                text run at (423,2) width 97: "of the"
                text run at (16,48) width 529: "first line of text in this cell with"
                text run at (29,94) width 318: "the baseline of the "
                text run at (346,94) width 187: "first line of"
                text run at (35,140) width 492: "text in the previous cell: they"
                text run at (47,186) width 344: "should be vertically "
                text run at (390,186) width 125: "aligned"
