layer at (0,0) size 800x600
  RenderView at (0,0) size 800x600
layer at (0,0) size 800x320
  RenderBlock {html} at (0,0) size 800x320
    RenderBody {body} at (8,16) size 784x296
      RenderBlock {p} at (0,0) size 784x18
        RenderText {#text} at (0,0) size 163x18
          text run at (0,0) width 163: "THEAD VALIGN=TOP"
      RenderTable {table} at (0,34) size 657x262 [border: (1px outset #808080)]
        RenderTableSection {thead} at (1,1) size 655x212
          RenderTableRow {tr} at (0,2) size 655x208
            RenderTableCell {td} at (2,2) size 204x208 [border: (1px inset #808080)] [r=0 c=0 rs=1 cs=1]
              RenderImage {img} at (2,2) size 200x200
            RenderTableCell {td} at (208,2) size 445x22 [border: (1px inset #808080)] [r=0 c=1 rs=1 cs=1]
              RenderText {#text} at (2,2) size 441x18
                text run at (2,2) width 380: "The top of this text should be vertically aligned to the top of "
                text run at (382,2) width 61: "the image"
        RenderTableSection {tfoot} at (1,237) size 655x24
          RenderTableRow {tr} at (0,0) size 655x22
            RenderTableCell {td} at (2,0) size 204x22 [border: (1px inset #808080)] [r=0 c=0 rs=1 cs=1]
              RenderText {#text} at (2,2) size 53x18
                text run at (2,2) width 53: "TFOOT"
            RenderTableCell {td} at (208,0) size 445x22 [border: (1px inset #808080)] [r=0 c=1 rs=1 cs=1]
              RenderText {#text} at (2,2) size 53x18
                text run at (2,2) width 53: "TFOOT"
        RenderTableSection {tbody} at (1,213) size 655x24
          RenderTableRow {tr} at (0,0) size 655x22
            RenderTableCell {td} at (2,0) size 204x22 [border: (1px inset #808080)] [r=0 c=0 rs=1 cs=1]
              RenderText {#text} at (2,2) size 57x18
                text run at (2,2) width 57: "TBODY"
            RenderTableCell {td} at (208,0) size 445x22 [border: (1px inset #808080)] [r=0 c=1 rs=1 cs=1]
              RenderText {#text} at (2,2) size 57x18
                text run at (2,2) width 57: "TBODY"
