layer at (0,0) size 800x600
  RenderView at (0,0) size 800x600
layer at (0,0) size 800x134
  RenderBlock {html} at (0,0) size 800x134
    RenderBody {body} at (8,16) size 784x110
      RenderBlock {p} at (0,0) size 784x18
        RenderText {#text} at (0,0) size 335x18
          text run at (0,0) width 335: "In this test, the THEAD text should be center aligned"
      RenderTable {table} at (0,34) size 179x76 [border: (1px outset #808080)]
        RenderTableSection {thead} at (1,1) size 177x26
          RenderTableRow {tr} at (0,2) size 177x22
            RenderTableCell {td} at (2,2) size 173x22 [border: (1px inset #808080)] [r=0 c=0 rs=1 cs=1]
              RenderText {#text} at (58,2) size 57x18
                text run at (58,2) width 57: "THEAD"
        RenderTableSection {tfoot} at (1,51) size 177x24
          RenderTableRow {tr} at (0,0) size 177x22
            RenderTableCell {td} at (2,0) size 173x22 [border: (1px inset #808080)] [r=0 c=0 rs=1 cs=1]
              RenderText {#text} at (2,2) size 165x18
                text run at (2,2) width 165: "This text is in the TFOOT"
        RenderTableSection {tbody} at (1,27) size 177x24
          RenderTableRow {tr} at (0,0) size 177x22
            RenderTableCell {td} at (2,0) size 173x22 [border: (1px inset #808080)] [r=0 c=0 rs=1 cs=1]
              RenderText {#text} at (2,2) size 169x18
                text run at (2,2) width 169: "This text is in the TBODY"
