layer at (0,0) size 800x600
  RenderView at (0,0) size 800x600
layer at (0,0) size 800x206
  RenderBlock {html} at (0,0) size 800x206
    RenderBody {body} at (8,16) size 784x182
      RenderBlock {p} at (0,0) size 784x18
        RenderText {#text} at (0,0) size 301x18
          text run at (0,0) width 301: "In this test, the THEAD text should be justified."
      RenderTable {table} at (0,34) size 300x148 [border: (1px outset #808080)]
        RenderTableSection {thead} at (1,1) size 298x98
          RenderTableRow {tr} at (0,2) size 298x94
            RenderTableCell {td} at (2,2) size 294x94 [border: (1px inset #808080)] [r=0 c=0 rs=1 cs=1]
              RenderText {#text} at (2,2) size 290x90
                text run at (2,2) width 290: "This THEAD text should be justified which"
                text run at (2,20) width 137: "means that the right "
                text run at (138,20) width 154: "and left margins should"
                text run at (2,38) width 290: "line up, no matter how long the content"
                text run at (2,56) width 290: "becomes (except the last line which should be"
                text run at (2,74) width 75: "left aligned)"
        RenderTableSection {tfoot} at (1,123) size 298x24
          RenderTableRow {tr} at (0,0) size 298x22
            RenderTableCell {td} at (2,0) size 294x22 [border: (1px inset #808080)] [r=0 c=0 rs=1 cs=1]
              RenderText {#text} at (2,2) size 165x18
                text run at (2,2) width 165: "This text is in the TFOOT"
        RenderTableSection {tbody} at (1,99) size 298x24
          RenderTableRow {tr} at (0,0) size 298x22
            RenderTableCell {td} at (2,0) size 294x22 [border: (1px inset #808080)] [r=0 c=0 rs=1 cs=1]
              RenderText {#text} at (2,2) size 169x18
                text run at (2,2) width 169: "This text is in the TBODY"
