layer at (0,0) size 800x600
  RenderView at (0,0) size 800x600
layer at (0,0) size 800x98
  RenderBlock {html} at (0,0) size 800x98
    RenderBody {body} at (8,8) size 784x82
      RenderTable {table} at (0,0) size 600x82 [border: (1px outset #808080)]
        RenderTableSection (anonymous) at (1,1) size 598x80
          RenderTableRow {tr} at (0,2) size 598x76
            RenderTableCell {td} at (2,2) size 296x76 [border: (1px inset #808080)] [r=0 c=0 rs=1 cs=1]
              RenderText {#text} at (2,2) size 292x72
                text run at (2,2) width 292: "Cell text should be justified which means that"
                text run at (2,20) width 90: "the right and "
                text run at (91,20) width 203: "left margins should line up, no"
                text run at (2,38) width 246: "matter how long the content becomes "
                text run at (248,38) width 46: "(except"
                text run at (2,56) width 262: "the last line which should be left aligned)."
            RenderTableCell {td} at (300,2) size 296x76 [border: (1px inset #808080)] [r=0 c=1 rs=1 cs=1]
              RenderText {#text} at (2,2) size 292x72
                text run at (2,2) width 292: "Cell text should be justified which means that"
                text run at (2,20) width 90: "the right and "
                text run at (91,20) width 203: "left margins should line up, no"
                text run at (2,38) width 246: "matter how long the content becomes "
                text run at (248,38) width 46: "(except"
                text run at (2,56) width 262: "the last line which should be left aligned)."
