layer at (0,0) size 800x600
  RenderView at (0,0) size 800x600
layer at (0,0) size 800x600
  RenderBlock {HTML} at (0,0) size 800x600
    RenderBody {BODY} at (8,8) size 784x584
      RenderImage {IMG} at (643,10) size 121x84
      RenderInline {A} at (0,0) size 377x17 [color=#0000EE]
        RenderText {#text} at (0,0) size 377x17
          text run at (0,0) width 377: "http://www.apple.com/pr/library/2003/jan/02ical_isync.html"
      RenderBR {BR} at (377,0) size 0x17
      RenderInline {A} at (0,0) size 171x17 [color=#0000EE]
        RenderText {#text} at (0,18) size 171x17
          text run at (0,18) width 171: "http://www.apple.com/ical/"
      RenderBR {BR} at (171,18) size 0x17
      RenderInline {A} at (0,0) size 182x17 [color=#0000EE]
        RenderText {#text} at (0,36) size 182x17
          text run at (0,36) width 182: "http://www.apple.com/isync/"
