layer at (0,0) size 785x2465
  RenderView at (0,0) size 785x600
layer at (0,0) size 785x2465
  RenderBlock {HTML} at (0,0) size 785x2465
    RenderBody {BODY} at (8,8) size 769x2449
      RenderBlock (anonymous) at (0,0) size 769x36
        RenderText {#text} at (0,0) size 754x35
          text run at (0,0) width 547: "Test of objects that avoid floats to see what they do with percentage and auto widths. "
          text run at (546,0) width 208: "This test is designed to illustrate"
          text run at (0,18) width 482: "that we have removed the WinIE quirk and are behaving more like Firefox."
      RenderBlock (anonymous) at (0,54) size 769x18
        RenderText {#text} at (0,0) size 518x17
          text run at (0,0) width 518: "The inline-level button should be below the select and fill the width of the block."
      RenderBlock {P} at (0,88) size 220x95 [border: (10px solid #FF0000)]
        RenderText {#text} at (10,10) size 60x17
          text run at (10,10) width 60: "Line One"
        RenderBR {BR} at (69,10) size 1x17
        RenderMenuList {SELECT} at (10,28) size 100x30 [bgcolor=#FFFFFF] [border: (1px solid #000000)]
          RenderBlock (anonymous) at (1,1) size 98x28
            RenderText at (5,5) size 27x17
              text run at (5,5) width 27: "One"
        RenderText {#text} at (0,0) size 0x0
        RenderButton {INPUT} at (10,58) size 200x27 [color=#000000CC] [bgcolor=#C0C0C0] [border: (2px outset #C0C0C0)]
          RenderBlock (anonymous) at (8,4) size 184x18
            RenderText at (84,0) size 16x17
              text run at (84,0) width 16: "Hi"
        RenderText {#text} at (0,0) size 0x0
      RenderBlock (anonymous) at (0,199) size 769x18
        RenderText {#text} at (0,0) size 482x17
          text run at (0,0) width 482: "The floating button with a percentage width should be even with the select."
      RenderBlock {P} at (0,233) size 220x68 [border: (10px solid #FF0000)]
        RenderText {#text} at (10,10) size 60x17
          text run at (10,10) width 60: "Line One"
        RenderBR {BR} at (69,10) size 1x17
        RenderMenuList {SELECT} at (10,28) size 100x30 [bgcolor=#FFFFFF] [border: (1px solid #000000)]
          RenderBlock (anonymous) at (1,1) size 98x28
            RenderText at (5,5) size 27x17
              text run at (5,5) width 27: "One"
        RenderText {#text} at (0,0) size 0x0
        RenderButton {INPUT} at (110,28) size 100x27 [color=#000000CC] [bgcolor=#C0C0C0] [border: (2px outset #C0C0C0)]
          RenderBlock (anonymous) at (8,4) size 84x18
            RenderText at (34,0) size 16x17
              text run at (34,0) width 16: "Hi"
        RenderText {#text} at (0,0) size 0x0
        RenderBR {BR} at (210,28) size 0x17
      RenderBlock (anonymous) at (0,317) size 769x18
        RenderText {#text} at (0,0) size 470x17
          text run at (0,0) width 470: "The block-level button with an auto width should be even with the select."
      RenderBlock {P} at (0,351) size 220x83 [border: (10px solid #FF0000)]
        RenderBlock (anonymous) at (10,10) size 200x18
          RenderText {#text} at (0,0) size 60x17
            text run at (0,0) width 60: "Line One"
          RenderBR {BR} at (59,0) size 1x17
          RenderMenuList {SELECT} at (0,18) size 100x30 [bgcolor=#FFFFFF] [border: (1px solid #000000)]
            RenderBlock (anonymous) at (1,1) size 98x28
              RenderText at (5,5) size 27x17
                text run at (5,5) width 27: "One"
          RenderText {#text} at (0,0) size 0x0
        RenderButton {INPUT} at (110,28) size 32x27 [color=#000000CC] [bgcolor=#C0C0C0] [border: (2px outset #C0C0C0)]
          RenderBlock (anonymous) at (8,4) size 16x18
            RenderText at (0,0) size 16x17
              text run at (0,0) width 16: "Hi"
        RenderBlock (anonymous) at (10,55) size 200x18
          RenderBR {BR} at (100,0) size 0x17
      RenderBlock (anonymous) at (0,450) size 769x18
        RenderText {#text} at (0,0) size 504x17
          text run at (0,0) width 504: "The block-level button with a percentage width should be even with the select."
      RenderBlock {P} at (0,484) size 220x83 [border: (10px solid #FF0000)]
        RenderBlock (anonymous) at (10,10) size 200x18
          RenderText {#text} at (0,0) size 60x17
            text run at (0,0) width 60: "Line One"
          RenderBR {BR} at (59,0) size 1x17
          RenderMenuList {SELECT} at (0,18) size 100x30 [bgcolor=#FFFFFF] [border: (1px solid #000000)]
            RenderBlock (anonymous) at (1,1) size 98x28
              RenderText at (5,5) size 27x17
                text run at (5,5) width 27: "One"
          RenderText {#text} at (0,0) size 0x0
        RenderButton {INPUT} at (110,28) size 100x27 [color=#000000CC] [bgcolor=#C0C0C0] [border: (2px outset #C0C0C0)]
          RenderBlock (anonymous) at (8,4) size 84x18
            RenderText at (34,0) size 16x17
              text run at (34,0) width 16: "Hi"
        RenderBlock (anonymous) at (10,55) size 200x18
          RenderBR {BR} at (100,0) size 0x17
      RenderBlock (anonymous) at (0,583) size 769x18
        RenderText {#text} at (0,0) size 472x17
          text run at (0,0) width 472: "The floating table with a percentage width should be even with the select."
      RenderBlock {P} at (0,617) size 220x68 [border: (10px solid #FF0000)]
        RenderText {#text} at (10,10) size 60x17
          text run at (10,10) width 60: "Line One"
        RenderBR {BR} at (69,10) size 1x17
        RenderMenuList {SELECT} at (10,28) size 100x30 [bgcolor=#FFFFFF] [border: (1px solid #000000)]
          RenderBlock (anonymous) at (1,1) size 98x28
            RenderText at (5,5) size 27x17
              text run at (5,5) width 27: "One"
        RenderText {#text} at (0,0) size 0x0
        RenderTable {TABLE} at (110,28) size 100x30 [border: (2px outset #808080)]
          RenderTableSection {TBODY} at (2,2) size 96x26
            RenderTableRow {TR} at (0,2) size 96x22
              RenderTableCell {TD} at (2,2) size 92x22 [border: (1px inset #808080)] [r=0 c=0 rs=1 cs=1]
                RenderText {#text} at (2,2) size 36x17
                  text run at (2,2) width 36: "Table"
        RenderText {#text} at (0,0) size 0x0
        RenderBR {BR} at (210,28) size 0x17
      RenderBlock (anonymous) at (0,701) size 769x36
        RenderText {#text} at (0,0) size 769x35
          text run at (0,0) width 769: "The floating table with an auto width should be even with the select and shrinks to use the available line width. THIS IS"
          text run at (0,18) width 157: "CURRENTLY BUGGY."
      RenderBlock {P} at (0,753) size 220x134 [border: (10px solid #FF0000)]
        RenderText {#text} at (10,10) size 60x17
          text run at (10,10) width 60: "Line One"
        RenderBR {BR} at (69,10) size 1x17
        RenderMenuList {SELECT} at (10,28) size 100x30 [bgcolor=#FFFFFF] [border: (1px solid #000000)]
          RenderBlock (anonymous) at (1,1) size 98x28
            RenderText at (5,5) size 27x17
              text run at (5,5) width 27: "One"
        RenderText {#text} at (0,0) size 0x0
        RenderTable {TABLE} at (10,58) size 200x66 [border: (2px outset #808080)]
          RenderTableSection {TBODY} at (2,2) size 196x62
            RenderTableRow {TR} at (0,2) size 196x58
              RenderTableCell {TD} at (2,2) size 192x58 [border: (1px inset #808080)] [r=0 c=0 rs=1 cs=1]
                RenderText {#text} at (2,2) size 165x53
                  text run at (2,2) width 164: "Floating table that should"
                  text run at (2,20) width 165: "shrink so it can be next to"
                  text run at (2,38) width 93: "previous float."
        RenderText {#text} at (0,0) size 0x0
        RenderBR {BR} at (110,28) size 0x17
      RenderBlock (anonymous) at (0,903) size 769x18
        RenderText {#text} at (0,0) size 746x17
          text run at (0,0) width 589: "The block-level table below has a percentage width and should still be even with the select. "
          text run at (588,0) width 158: "It spills out of the block."
      RenderBlock {P} at (0,937) size 220x152 [border: (10px solid #FF0000)]
        RenderBlock (anonymous) at (10,10) size 200x18
          RenderText {#text} at (0,0) size 60x17
            text run at (0,0) width 60: "Line One"
          RenderBR {BR} at (59,0) size 1x17
          RenderMenuList {SELECT} at (0,18) size 100x30 [bgcolor=#FFFFFF] [border: (1px solid #000000)]
            RenderBlock (anonymous) at (1,1) size 98x28
              RenderText at (5,5) size 27x17
                text run at (5,5) width 27: "One"
          RenderText {#text} at (0,0) size 0x0
        RenderTable {TABLE} at (10,58) size 200x66 [border: (2px outset #808080)]
          RenderTableSection {TBODY} at (2,2) size 196x62
            RenderTableRow {TR} at (0,2) size 196x58
              RenderTableCell {TD} at (2,2) size 192x58 [border: (1px inset #808080)] [r=0 c=0 rs=1 cs=1]
                RenderText {#text} at (2,2) size 165x53
                  text run at (2,2) width 164: "Floating table that should"
                  text run at (2,20) width 165: "shrink so it can be next to"
                  text run at (2,38) width 93: "previous float."
        RenderBlock (anonymous) at (10,124) size 200x18
          RenderBR {BR} at (0,0) size 0x17
      RenderBlock (anonymous) at (0,1105) size 769x18
        RenderText {#text} at (0,0) size 759x17
          text run at (0,0) width 555: "The block-level table below has an auto width and should still be even with the select. "
          text run at (554,0) width 205: "It shrinks to fit inside the block."
      RenderBlock {P} at (0,1139) size 220x194 [border: (10px solid #FF0000)]
        RenderBlock (anonymous) at (10,10) size 200x18
          RenderText {#text} at (0,0) size 60x17
            text run at (0,0) width 60: "Line One"
          RenderBR {BR} at (59,0) size 1x17
          RenderMenuList {SELECT} at (0,18) size 100x30 [bgcolor=#FFFFFF] [border: (1px solid #000000)]
            RenderBlock (anonymous) at (1,1) size 98x28
              RenderText at (5,5) size 27x17
                text run at (5,5) width 27: "One"
          RenderText {#text} at (0,0) size 0x0
        RenderTable {TABLE} at (110,28) size 100x138 [border: (2px outset #808080)]
          RenderTableSection {TBODY} at (2,2) size 96x134
            RenderTableRow {TR} at (0,2) size 96x130
              RenderTableCell {TD} at (2,2) size 92x130 [border: (1px inset #808080)] [r=0 c=0 rs=1 cs=1]
                RenderText {#text} at (2,2) size 87x125
                  text run at (2,2) width 54: "Floating"
                  text run at (2,20) width 60: "table that"
                  text run at (2,38) width 87: "should shrink"
                  text run at (2,56) width 73: "so it can be"
                  text run at (2,74) width 44: "next to"
                  text run at (2,92) width 56: "previous"
                  text run at (2,110) width 34: "float."
        RenderBlock (anonymous) at (10,166) size 200x18
          RenderBR {BR} at (0,0) size 0x17
      RenderBlock (anonymous) at (0,1349) size 769x18
        RenderText {#text} at (0,0) size 548x17
          text run at (0,0) width 548: "The floating overflow section with a percentage width should be even with the select."
      RenderBlock {DIV} at (0,1367) size 220x146 [border: (10px solid #FF0000)]
        RenderText {#text} at (10,10) size 60x17
          text run at (10,10) width 60: "Line One"
        RenderBR {BR} at (69,10) size 1x17
        RenderMenuList {SELECT} at (10,28) size 100x30 [bgcolor=#FFFFFF] [border: (1px solid #000000)]
          RenderBlock (anonymous) at (1,1) size 98x28
            RenderText at (5,5) size 27x17
              text run at (5,5) width 27: "One"
        RenderText {#text} at (0,0) size 0x0
        RenderText {#text} at (0,0) size 0x0
        RenderBR {BR} at (210,28) size 0x17
      RenderBlock (anonymous) at (0,1513) size 769x36
        RenderText {#text} at (0,0) size 743x35
          text run at (0,0) width 743: "The floating overflow section with an auto width should be even with the select and shrinks to use the available line"
          text run at (0,18) width 259: "width. THIS IS CURRENTLY BUGGY."
      RenderBlock {DIV} at (0,1549) size 220x122 [border: (10px solid #FF0000)]
        RenderText {#text} at (10,10) size 60x17
          text run at (10,10) width 60: "Line One"
        RenderBR {BR} at (69,10) size 1x17
        RenderMenuList {SELECT} at (10,28) size 100x30 [bgcolor=#FFFFFF] [border: (1px solid #000000)]
          RenderBlock (anonymous) at (1,1) size 98x28
            RenderText at (5,5) size 27x17
              text run at (5,5) width 27: "One"
        RenderText {#text} at (0,0) size 0x0
        RenderText {#text} at (0,0) size 0x0
        RenderBR {BR} at (110,28) size 0x17
      RenderBlock (anonymous) at (0,1671) size 769x18
        RenderText {#text} at (0,0) size 661x17
          text run at (0,0) width 661: "The block-level overflow section below has a percentage width and should still be even with the select."
      RenderBlock {DIV} at (0,1689) size 220x164 [border: (10px solid #FF0000)]
        RenderBlock (anonymous) at (10,10) size 200x18
          RenderText {#text} at (0,0) size 60x17
            text run at (0,0) width 60: "Line One"
          RenderBR {BR} at (59,0) size 1x17
          RenderMenuList {SELECT} at (0,18) size 100x30 [bgcolor=#FFFFFF] [border: (1px solid #000000)]
            RenderBlock (anonymous) at (1,1) size 98x28
              RenderText at (5,5) size 27x17
                text run at (5,5) width 27: "One"
          RenderText {#text} at (0,0) size 0x0
        RenderBlock (anonymous) at (10,136) size 200x18
          RenderBR {BR} at (0,0) size 0x17
      RenderBlock (anonymous) at (0,1853) size 769x36
        RenderText {#text} at (0,0) size 768x35
          text run at (0,0) width 631: "The block-level overflow section below has an auto width and should still be even with the select. "
          text run at (630,0) width 138: "It shrinks to fit inside"
          text run at (0,18) width 64: "the block."
      RenderBlock {DIV} at (0,1889) size 220x164 [border: (10px solid #FF0000)]
        RenderBlock (anonymous) at (10,10) size 200x18
          RenderText {#text} at (0,0) size 60x17
            text run at (0,0) width 60: "Line One"
          RenderBR {BR} at (59,0) size 1x17
          RenderMenuList {SELECT} at (0,18) size 100x30 [bgcolor=#FFFFFF] [border: (1px solid #000000)]
            RenderBlock (anonymous) at (1,1) size 98x28
              RenderText at (5,5) size 27x17
                text run at (5,5) width 27: "One"
          RenderText {#text} at (0,0) size 0x0
        RenderBlock (anonymous) at (10,136) size 200x18
          RenderBR {BR} at (0,0) size 0x17
      RenderBlock (anonymous) at (0,2053) size 769x18
        RenderText {#text} at (0,0) size 454x17
          text run at (0,0) width 454: "The floating hr with a percentage width should be even with the select."
      RenderBlock {DIV} at (0,2071) size 220x68 [border: (10px solid #FF0000)]
        RenderText {#text} at (10,10) size 60x17
          text run at (10,10) width 60: "Line One"
        RenderBR {BR} at (69,10) size 1x17
        RenderMenuList {SELECT} at (10,28) size 100x30 [bgcolor=#FFFFFF] [border: (1px solid #000000)]
          RenderBlock (anonymous) at (1,1) size 98x28
            RenderText at (5,5) size 27x17
              text run at (5,5) width 27: "One"
        RenderText {#text} at (0,0) size 0x0
        RenderText {#text} at (0,0) size 0x0
        RenderBR {BR} at (196,28) size 0x17
      RenderBlock (anonymous) at (0,2139) size 769x36
        RenderText {#text} at (0,0) size 768x35
          text run at (0,0) width 768: "The floating hr below should still be even with the select and shrinks to use its intrinsic width (which is basically like 1-"
          text run at (0,18) width 34: "2px)."
      RenderBlock {DIV} at (0,2175) size 220x68 [border: (10px solid #FF0000)]
        RenderText {#text} at (10,10) size 60x17
          text run at (10,10) width 60: "Line One"
        RenderBR {BR} at (69,10) size 1x17
        RenderMenuList {SELECT} at (10,28) size 100x30 [bgcolor=#FFFFFF] [border: (1px solid #000000)]
          RenderBlock (anonymous) at (1,1) size 98x28
            RenderText at (5,5) size 27x17
              text run at (5,5) width 27: "One"
        RenderText {#text} at (0,0) size 0x0
        RenderText {#text} at (0,0) size 0x0
        RenderBR {BR} at (116,28) size 0x17
      RenderBlock (anonymous) at (0,2243) size 769x18
        RenderText {#text} at (0,0) size 567x17
          text run at (0,0) width 567: "The block-level hr below has a percentage width and should still be even with the select."
      RenderBlock {DIV} at (0,2261) size 220x96 [border: (10px solid #FF0000)]
        RenderBlock (anonymous) at (10,10) size 200x18
          RenderText {#text} at (0,0) size 60x17
            text run at (0,0) width 60: "Line One"
          RenderBR {BR} at (59,0) size 1x17
          RenderMenuList {SELECT} at (0,18) size 100x30 [bgcolor=#FFFFFF] [border: (1px solid #000000)]
            RenderBlock (anonymous) at (1,1) size 98x28
              RenderText at (5,5) size 27x17
                text run at (5,5) width 27: "One"
          RenderText {#text} at (0,0) size 0x0
        RenderBlock (anonymous) at (10,68) size 200x18
          RenderBR {BR} at (0,0) size 0x17
      RenderBlock (anonymous) at (0,2357) size 769x18
        RenderText {#text} at (0,0) size 636x17
          text run at (0,0) width 538: "The block-level hr below has an auto width and should still be even with the select. "
          text run at (537,0) width 99: "It shrinks to fit."
      RenderBlock {DIV} at (0,2375) size 220x74 [border: (10px solid #FF0000)]
        RenderBlock (anonymous) at (10,10) size 200x18
          RenderText {#text} at (0,0) size 60x17
            text run at (0,0) width 60: "Line One"
          RenderBR {BR} at (59,0) size 1x17
          RenderMenuList {SELECT} at (0,18) size 100x30 [bgcolor=#FFFFFF] [border: (1px solid #000000)]
            RenderBlock (anonymous) at (1,1) size 98x28
              RenderText at (5,5) size 27x17
                text run at (5,5) width 27: "One"
          RenderText {#text} at (0,0) size 0x0
        RenderBlock (anonymous) at (10,46) size 200x18
          RenderBR {BR} at (100,0) size 0x17
layer at (8,52) size 769x2 clip at (0,0) size 0x0
  RenderBlock {HR} at (0,44) size 769x2 [border: (1px inset #000000)]
layer at (118,1403) size 100x108
  RenderBlock (floating) {DIV} at (110,28) size 100x108
    RenderText {#text} at (0,0) size 100x107
      text run at (0,0) width 63: "This is an"
      text run at (0,18) width 58: "overflow"
      text run at (0,36) width 78: "section with"
      text run at (0,54) width 92: "enough text to"
      text run at (0,72) width 100: "have to wrap to"
      text run at (0,90) width 92: "multiple lines."
layer at (18,1615) size 200x54
  RenderBlock (floating) {DIV} at (10,58) size 200x54
    RenderText {#text} at (0,0) size 175x53
      text run at (0,0) width 174: "This is an overflow section"
      text run at (0,18) width 175: "with enough text to have to"
      text run at (0,36) width 144: "wrap to multiple lines."
layer at (118,1725) size 100x108
  RenderBlock {DIV} at (110,28) size 100x108
    RenderText {#text} at (0,0) size 100x107
      text run at (0,0) width 63: "This is an"
      text run at (0,18) width 58: "overflow"
      text run at (0,36) width 78: "section with"
      text run at (0,54) width 92: "enough text to"
      text run at (0,72) width 100: "have to wrap to"
      text run at (0,90) width 92: "multiple lines."
layer at (118,1925) size 100x108
  RenderBlock {DIV} at (110,28) size 100x108
    RenderText {#text} at (0,0) size 100x107
      text run at (0,0) width 63: "This is an"
      text run at (0,18) width 58: "overflow"
      text run at (0,36) width 78: "section with"
      text run at (0,54) width 92: "enough text to"
      text run at (0,72) width 100: "have to wrap to"
      text run at (0,90) width 92: "multiple lines."
layer at (120,2109) size 82x2 clip at (0,0) size 0x0
  RenderBlock (floating) {HR} at (112,30) size 82x2 [border: (1px inset #000000)]
layer at (120,2213) size 2x2 clip at (0,0) size 0x0
  RenderBlock (floating) {HR} at (112,30) size 2x2 [border: (1px inset #000000)]
layer at (18,2327) size 202x2 clip at (0,0) size 0x0
  RenderBlock {HR} at (10,58) size 202x2 [border: (1px inset #000000)]
layer at (118,2419) size 100x2 clip at (0,0) size 0x0
  RenderBlock {HR} at (110,36) size 100x2 [border: (1px inset #000000)]
