layer at (0,0) size 785x1435
  RenderView at (0,0) size 785x600
layer at (0,0) size 785x1435
  RenderBlock {html} at (0,0) size 785x1436
    RenderBody {body} at (8,8) size 769x0
      RenderBlock (floating) {div} at (0,0) size 769x1428
        RenderBlock {h1} at (0,21) size 769x38
          RenderText {#text} at (0,0) size 444x37
            text run at (0,0) width 444: "SVG grid with percentage width"
        RenderBlock {h4} at (0,79) size 769x19
          RenderText {#text} at (0,0) size 149x18
            text run at (0,0) width 149: "WICD Core 1.0 #20-3"
        RenderBlock {p} at (0,119) size 769x0
          RenderEmbeddedObject {object} at (0,0) size 385x128
            layer at (0,0) size 385x128
              RenderView at (0,0) size 385x128
            layer at (0,0) size 385x128
              RenderSVGRoot {svg} at (0,0) size 385x128
                RenderSVGHiddenContainer {defs} at (0,0) size 0x0
                  RenderSVGResourceLinearGradient {linearGradient} [id="surface"] [gradientUnits=objectBoundingBox] [start=(1,0)] [end=(1,1)]
                    RenderSVGGradientStop {stop} [offset=0.00] [color=#FFFFFF]
                    RenderSVGGradientStop {stop} [offset=1.00] [color=#FFEEAA]
                RenderSVGRect {rect} at (0,0) size 385x128 [stroke={[type=SOLID] [color=#FFCC33] [stroke width=2.00]}] [fill={[type=LINEAR-GRADIENT] [id="surface"]}] [x=1.00] [y=1.00] [width=118.00] [height=38.00]
                RenderSVGText {text} at (52,8) size 16x24 contains 1 chunk(s)
                  RenderSVGInlineText {#text} at (0,0) size 15x24
                    chunk 1 (middle anchor) text run 1 at (52.81,27.00) startOffset 0 endOffset 1 width 14.38: "A"
          RenderEmbeddedObject {object} at (384,0) size 385x128
            layer at (0,0) size 385x128
              RenderView at (0,0) size 385x128
            layer at (0,0) size 385x128
              RenderSVGRoot {svg} at (0,0) size 385x128
                RenderSVGHiddenContainer {defs} at (0,0) size 0x0
                  RenderSVGResourceLinearGradient {linearGradient} [id="surface"] [gradientUnits=objectBoundingBox] [start=(1,0)] [end=(1,1)]
                    RenderSVGGradientStop {stop} [offset=0.00] [color=#FFFFFF]
                    RenderSVGGradientStop {stop} [offset=1.00] [color=#FFEEAA]
                RenderSVGRect {rect} at (0,0) size 385x128 [stroke={[type=SOLID] [color=#FFCC33] [stroke width=2.00]}] [fill={[type=LINEAR-GRADIENT] [id="surface"]}] [x=1.00] [y=1.00] [width=118.00] [height=38.00]
                RenderSVGText {text} at (53,8) size 14x24 contains 1 chunk(s)
                  RenderSVGInlineText {#text} at (0,0) size 13x24
                    chunk 1 (middle anchor) text run 1 at (53.91,27.00) startOffset 0 endOffset 1 width 12.19: "L"
          RenderEmbeddedObject {object} at (0,128) size 257x449
            layer at (0,0) size 256x449
              RenderView at (0,0) size 256x449
            layer at (0,0) size 256x449
              RenderSVGRoot {svg} at (0,0) size 256x449
                RenderSVGHiddenContainer {defs} at (0,0) size 0x0
                  RenderSVGResourceLinearGradient {linearGradient} [id="surface"] [gradientUnits=objectBoundingBox] [start=(1,0)] [end=(1,1)]
                    RenderSVGGradientStop {stop} [offset=0.00] [color=#FFFFFF]
                    RenderSVGGradientStop {stop} [offset=1.00] [color=#FFEEAA]
                RenderSVGContainer {a} at (0,0) size 128x129
                  RenderSVGRect {rect} at (0,0) size 128x129 [stroke={[type=SOLID] [color=#FFCC33] [stroke width=2.00]}] [fill={[type=LINEAR-GRADIENT] [id="surface"]}] [x=1.00] [y=1.00] [width=38.00] [height=38.00]
                  RenderSVGText {text} at (13,8) size 14x24 contains 1 chunk(s)
                    RenderSVGInlineText {#text} at (0,0) size 14x24
                      chunk 1 (middle anchor) text run 1 at (13.28,27.00) startOffset 0 endOffset 1 width 13.44: "B"
                RenderSVGContainer {a} at (128,0) size 128x129
                  RenderSVGRect {rect} at (128,0) size 128x129 [stroke={[type=SOLID] [color=#FFCC33] [stroke width=2.00]}] [fill={[type=LINEAR-GRADIENT] [id="surface"]}] [x=41.00] [y=1.00] [width=38.00] [height=38.00]
                RenderSVGContainer {a} at (0,160) size 128x129
                  RenderSVGEllipse {circle} at (0,160) size 128x129 [stroke={[type=SOLID] [color=#FFCC33] [stroke width=2.00]}] [fill={[type=LINEAR-GRADIENT] [id="surface"]}] [cx=20.00] [cy=70.00] [r=19.00]
                  RenderSVGText {text} at (13,58) size 14x24 contains 1 chunk(s)
                    RenderSVGInlineText {#text} at (0,0) size 14x24
                      chunk 1 (middle anchor) text run 1 at (13.28,77.00) startOffset 0 endOffset 1 width 13.44: "C"
                RenderSVGContainer {a} at (128,160) size 128x129
                  RenderSVGEllipse {circle} at (128,160) size 128x129 [stroke={[type=SOLID] [color=#FFCC33] [stroke width=2.00]}] [fill={[type=LINEAR-GRADIENT] [id="surface"]}] [cx=60.00] [cy=70.00] [r=19.00]
                RenderSVGContainer {a} at (0,320) size 128x129
                  RenderSVGEllipse {circle} at (0,320) size 128x129 [stroke={[type=SOLID] [color=#FFCC33] [stroke width=2.00]}] [fill={[type=LINEAR-GRADIENT] [id="surface"]}] [cx=20.00] [cy=120.00] [r=19.00]
                  RenderSVGText {text} at (12,108) size 16x24 contains 1 chunk(s)
                    RenderSVGInlineText {#text} at (0,0) size 15x24
                      chunk 1 (middle anchor) text run 1 at (12.81,127.00) startOffset 0 endOffset 1 width 14.38: "D"
                RenderSVGContainer {a} at (128,320) size 128x129
                  RenderSVGEllipse {circle} at (128,320) size 128x129 [stroke={[type=SOLID] [color=#FFCC33] [stroke width=2.00]}] [fill={[type=LINEAR-GRADIENT] [id="surface"]}] [cx=60.00] [cy=120.00] [r=19.00]
                  RenderSVGText {text} at (53,108) size 14x24 contains 1 chunk(s)
                    RenderSVGInlineText {#text} at (0,0) size 13x24
                      chunk 1 (middle anchor) text run 1 at (53.91,127.00) startOffset 0 endOffset 1 width 12.19: "E"
          RenderBlock (floating) {div} at (256,128) size 257x448
            RenderEmbeddedObject {object} at (0,0) size 257x256
              layer at (0,0) size 256x256
                RenderView at (0,0) size 256x256
              layer at (0,0) size 256x256
                RenderSVGRoot {svg} at (0,0) size 256x256
                  RenderSVGHiddenContainer {defs} at (0,0) size 0x0
                    RenderSVGResourceLinearGradient {linearGradient} [id="surface"] [gradientUnits=objectBoundingBox] [start=(1,0)] [end=(1,1)]
                      RenderSVGGradientStop {stop} [offset=0.00] [color=#FFFFFF]
                      RenderSVGGradientStop {stop} [offset=1.00] [color=#FFEEAA]
                  RenderSVGRect {rect} at (0,0) size 256x256 [stroke={[type=SOLID] [color=#FFCC33] [stroke width=2.00]}] [fill={[type=LINEAR-GRADIENT] [id="surface"]}] [x=1.00] [y=1.00] [width=78.00] [height=78.00]
                  RenderSVGText {text} at (32,28) size 16x24 contains 1 chunk(s)
                    RenderSVGInlineText {#text} at (0,0) size 15x24
                      chunk 1 (middle anchor) text run 1 at (32.81,47.00) startOffset 0 endOffset 1 width 14.38: "K"
            RenderBR {br} at (256,0) size 1x18
            RenderEmbeddedObject {object} at (0,256) size 257x192
              layer at (0,0) size 256x192
                RenderView at (0,0) size 256x192
              layer at (0,0) size 256x192
                RenderSVGRoot {svg} at (0,0) size 256x192
                  RenderSVGHiddenContainer {defs} at (0,0) size 0x0
                    RenderSVGResourceLinearGradient {linearGradient} [id="surface"] [gradientUnits=objectBoundingBox] [start=(1,0)] [end=(1,1)]
                      RenderSVGGradientStop {stop} [offset=0.00] [color=#FFFFFF]
                      RenderSVGGradientStop {stop} [offset=1.00] [color=#FFEEAA]
                  RenderSVGRect {rect} at (0,0) size 256x192 [stroke={[type=SOLID] [color=#FFCC33] [stroke width=2.00]}] [fill={[type=LINEAR-GRADIENT] [id="surface"]}] [x=1.00] [y=1.00] [width=78.00] [height=58.00]
                  RenderSVGText {text} at (36,18) size 8x24 contains 1 chunk(s)
                    RenderSVGInlineText {#text} at (0,0) size 8x24
                      chunk 1 (middle anchor) text run 1 at (36.09,37.00) startOffset 0 endOffset 1 width 7.81: "J"
          RenderBlock (floating) {div} at (512,128) size 257x448
            RenderEmbeddedObject {object} at (0,0) size 257x256
              layer at (0,0) size 256x256
                RenderView at (0,0) size 256x256
              layer at (0,0) size 256x256
                RenderSVGRoot {svg} at (0,0) size 256x256
                  RenderSVGHiddenContainer {defs} at (0,0) size 0x0
                    RenderSVGResourceLinearGradient {linearGradient} [id="surface"] [gradientUnits=objectBoundingBox] [start=(1,0)] [end=(1,1)]
                      RenderSVGGradientStop {stop} [offset=0.00] [color=#FFFFFF]
                      RenderSVGGradientStop {stop} [offset=1.00] [color=#FFEEAA]
                  RenderSVGContainer {a} at (0,0) size 128x128
                    RenderSVGRect {rect} at (0,0) size 128x128 [stroke={[type=SOLID] [color=#FFCC33] [stroke width=2.00]}] [fill={[type=LINEAR-GRADIENT] [id="surface"]}] [x=1.00] [y=1.00] [width=38.00] [height=38.00]
                    RenderSVGText {text} at (11,8) size 18x24 contains 1 chunk(s)
                      RenderSVGInlineText {#text} at (0,0) size 18x24
                        chunk 1 (middle anchor) text run 1 at (11.09,27.00) startOffset 0 endOffset 1 width 17.81: "M"
                  RenderSVGContainer {a} at (128,0) size 128x128
                    RenderSVGRect {rect} at (128,0) size 128x128 [stroke={[type=SOLID] [color=#FFCC33] [stroke width=2.00]}] [fill={[type=LINEAR-GRADIENT] [id="surface"]}] [x=41.00] [y=1.00] [width=38.00] [height=38.00]
                    RenderSVGText {text} at (52,8) size 16x24 contains 1 chunk(s)
                      RenderSVGInlineText {#text} at (0,0) size 15x24
                        chunk 1 (middle anchor) text run 1 at (52.81,27.00) startOffset 0 endOffset 1 width 14.38: "N"
                  RenderSVGContainer {a} at (0,128) size 128x128
                    RenderSVGRect {rect} at (0,128) size 128x128 [stroke={[type=SOLID] [color=#FFCC33] [stroke width=2.00]}] [fill={[type=LINEAR-GRADIENT] [id="surface"]}] [x=1.00] [y=41.00] [width=38.00] [height=38.00]
                    RenderSVGText {text} at (14,48) size 12x24 contains 1 chunk(s)
                      RenderSVGInlineText {#text} at (0,0) size 12x24
                        chunk 1 (middle anchor) text run 1 at (14.38,67.00) startOffset 0 endOffset 1 width 11.25: "P"
                  RenderSVGContainer {a} at (128,128) size 128x128
                    RenderSVGRect {rect} at (128,128) size 128x128 [stroke={[type=SOLID] [color=#FFCC33] [stroke width=2.00]}] [fill={[type=LINEAR-GRADIENT] [id="surface"]}] [x=41.00] [y=41.00] [width=38.00] [height=38.00]
                    RenderSVGText {text} at (52,48) size 16x24 contains 1 chunk(s)
                      RenderSVGInlineText {#text} at (0,0) size 15x24
                        chunk 1 (middle anchor) text run 1 at (52.81,67.00) startOffset 0 endOffset 1 width 14.38: "O"
            RenderEmbeddedObject {object} at (0,256) size 257x192
              layer at (0,0) size 256x192
                RenderView at (0,0) size 256x192
              layer at (0,0) size 256x192
                RenderSVGRoot {svg} at (0,0) size 256x192
                  RenderSVGHiddenContainer {defs} at (0,0) size 0x0
                    RenderSVGResourceLinearGradient {linearGradient} [id="surface"] [gradientUnits=objectBoundingBox] [start=(1,0)] [end=(1,1)]
                      RenderSVGGradientStop {stop} [offset=0.00] [color=#FFFFFF]
                      RenderSVGGradientStop {stop} [offset=1.00] [color=#FFEEAA]
                  RenderSVGEllipse {ellipse} at (0,0) size 256x192 [stroke={[type=SOLID] [color=#FFCC33] [stroke width=2.00]}] [fill={[type=LINEAR-GRADIENT] [id="surface"]}] [cx=40.00] [cy=30.00] [rx=39.00] [ry=29.00]
                  RenderSVGText {text} at (32,18) size 16x24 contains 1 chunk(s)
                    RenderSVGInlineText {#text} at (0,0) size 15x24
                      chunk 1 (middle anchor) text run 1 at (32.81,37.00) startOffset 0 endOffset 1 width 14.38: "Q"
          RenderEmbeddedObject {object} at (256,576) size 385x128
            layer at (0,0) size 385x128
              RenderView at (0,0) size 385x128
            layer at (0,0) size 385x128
              RenderSVGRoot {svg} at (0,0) size 385x128
                RenderSVGHiddenContainer {defs} at (0,0) size 0x0
                  RenderSVGResourceLinearGradient {linearGradient} [id="surface"] [gradientUnits=objectBoundingBox] [start=(1,0)] [end=(1,1)]
                    RenderSVGGradientStop {stop} [offset=0.00] [color=#FFFFFF]
                    RenderSVGGradientStop {stop} [offset=1.00] [color=#FFEEAA]
                RenderSVGRect {rect} at (0,0) size 385x128 [stroke={[type=SOLID] [color=#FFCC33] [stroke width=2.00]}] [fill={[type=LINEAR-GRADIENT] [id="surface"]}] [x=1.00] [y=1.00] [width=118.00] [height=38.00]
                RenderSVGText {text} at (54,8) size 12x24 contains 1 chunk(s)
                  RenderSVGInlineText {#text} at (0,0) size 12x24
                    chunk 1 (middle anchor) text run 1 at (54.38,27.00) startOffset 0 endOffset 1 width 11.25: "F"
          RenderEmbeddedObject {object} at (0,704) size 385x128
            layer at (0,0) size 385x128
              RenderView at (0,0) size 385x128
            layer at (0,0) size 385x128
              RenderSVGRoot {svg} at (0,0) size 385x128
                RenderSVGHiddenContainer {defs} at (0,0) size 0x0
                  RenderSVGResourceLinearGradient {linearGradient} [id="surface"] [gradientUnits=objectBoundingBox] [start=(1,0)] [end=(1,1)]
                    RenderSVGGradientStop {stop} [offset=0.00] [color=#FFFFFF]
                    RenderSVGGradientStop {stop} [offset=1.00] [color=#FFEEAA]
                RenderSVGRect {rect} at (0,0) size 385x128 [stroke={[type=SOLID] [color=#FFCC33] [stroke width=2.00]}] [fill={[type=LINEAR-GRADIENT] [id="surface"]}] [x=1.00] [y=1.00] [width=118.00] [height=38.00]
                RenderSVGText {text} at (56,8) size 8x24 contains 1 chunk(s)
                  RenderSVGInlineText {#text} at (0,0) size 7x24
                    chunk 1 (middle anchor) text run 1 at (56.72,27.00) startOffset 0 endOffset 1 width 6.56: "I"
          RenderBlock (floating) {div} at (384,704) size 385x192
            RenderEmbeddedObject {object} at (0,0) size 97x192
              layer at (0,0) size 96x192
                RenderView at (0,0) size 96x192
              layer at (0,0) size 96x192
                RenderSVGRoot {svg} at (0,0) size 96x192
                  RenderSVGHiddenContainer {defs} at (0,0) size 0x0
                    RenderSVGResourceLinearGradient {linearGradient} [id="surface"] [gradientUnits=objectBoundingBox] [start=(1,0)] [end=(1,1)]
                      RenderSVGGradientStop {stop} [offset=0.00] [color=#FFFFFF]
                      RenderSVGGradientStop {stop} [offset=1.00] [color=#FFEEAA]
                  RenderSVGRect {rect} at (0,0) size 96x192 [stroke={[type=SOLID] [color=#FFCC33] [stroke width=2.00]}] [fill={[type=LINEAR-GRADIENT] [id="surface"]}] [x=1.00] [y=1.00] [width=28.00] [height=58.00]
            RenderEmbeddedObject {object} at (96,0) size 289x192
              layer at (0,0) size 288x192
                RenderView at (0,0) size 288x192
              layer at (0,0) size 288x192
                RenderSVGRoot {svg} at (0,0) size 288x192
                  RenderSVGHiddenContainer {defs} at (0,0) size 0x0
                    RenderSVGResourceLinearGradient {linearGradient} [id="surface"] [gradientUnits=objectBoundingBox] [start=(1,0)] [end=(1,1)]
                      RenderSVGGradientStop {stop} [offset=0.00] [color=#FFFFFF]
                      RenderSVGGradientStop {stop} [offset=1.00] [color=#FFEEAA]
                  RenderSVGRect {rect} at (0,0) size 288x192 [stroke={[type=SOLID] [color=#FFCC33] [stroke width=2.00]}] [fill={[type=LINEAR-GRADIENT] [id="surface"]}] [x=1.00] [y=1.00] [width=88.00] [height=58.00]
                  RenderSVGText {text} at (37,18) size 16x24 contains 1 chunk(s)
                    RenderSVGInlineText {#text} at (0,0) size 15x24
                      chunk 1 (middle anchor) text run 1 at (37.81,37.00) startOffset 0 endOffset 1 width 14.38: "G"
          RenderBlock (floating) {div} at (0,896) size 385x192
            RenderEmbeddedObject {object} at (0,0) size 193x192
              layer at (0,0) size 192x192
                RenderView at (0,0) size 192x192
              layer at (0,0) size 192x192
                RenderSVGRoot {svg} at (0,0) size 192x192
                  RenderSVGHiddenContainer {defs} at (0,0) size 0x0
                    RenderSVGResourceLinearGradient {linearGradient} [id="surface"] [gradientUnits=objectBoundingBox] [start=(1,0)] [end=(1,1)]
                      RenderSVGGradientStop {stop} [offset=0.00] [color=#FFFFFF]
                      RenderSVGGradientStop {stop} [offset=1.00] [color=#FFEEAA]
                  RenderSVGEllipse {ellipse} at (0,0) size 192x192 [stroke={[type=SOLID] [color=#FFCC33] [stroke width=2.00]}] [fill={[type=LINEAR-GRADIENT] [id="surface"]}] [cx=30.00] [cy=30.00] [rx=29.00] [ry=29.00]
                  RenderSVGText {text} at (22,18) size 16x24 contains 1 chunk(s)
                    RenderSVGInlineText {#text} at (0,0) size 15x24
                      chunk 1 (middle anchor) text run 1 at (22.81,37.00) startOffset 0 endOffset 1 width 14.38: "H"
            RenderEmbeddedObject {object} at (192,0) size 193x192
              layer at (0,0) size 192x192
                RenderView at (0,0) size 192x192
              layer at (0,0) size 192x192
                RenderSVGRoot {svg} at (0,0) size 192x192
                  RenderSVGHiddenContainer {defs} at (0,0) size 0x0
                    RenderSVGResourceLinearGradient {linearGradient} [id="surface"] [gradientUnits=objectBoundingBox] [start=(1,0)] [end=(1,1)]
                      RenderSVGGradientStop {stop} [offset=0.00] [color=#FFFFFF]
                      RenderSVGGradientStop {stop} [offset=1.00] [color=#FFEEAA]
                  RenderSVGRect {rect} at (0,0) size 192x192 [stroke={[type=SOLID] [color=#FFCC33] [stroke width=2.00]}] [fill={[type=LINEAR-GRADIENT] [id="surface"]}] [x=1.00] [y=1.00] [width=58.00] [height=58.00]
                  RenderSVGText {text} at (23,18) size 14x24 contains 1 chunk(s)
                    RenderSVGInlineText {#text} at (0,0) size 14x24
                      chunk 1 (middle anchor) text run 1 at (23.28,37.00) startOffset 0 endOffset 1 width 13.44: "R"
          RenderEmbeddedObject {object} at (384,896) size 193x128
            layer at (0,0) size 192x128
              RenderView at (0,0) size 192x128
            layer at (0,0) size 192x128
              RenderSVGRoot {svg} at (0,0) size 192x128
                RenderSVGHiddenContainer {defs} at (0,0) size 0x0
                  RenderSVGResourceLinearGradient {linearGradient} [id="surface"] [gradientUnits=objectBoundingBox] [start=(1,0)] [end=(1,1)]
                    RenderSVGGradientStop {stop} [offset=0.00] [color=#FFFFFF]
                    RenderSVGGradientStop {stop} [offset=1.00] [color=#FFEEAA]
                RenderSVGEllipse {ellipse} at (0,0) size 192x128 [stroke={[type=SOLID] [color=#FFCC33] [stroke width=2.00]}] [fill={[type=LINEAR-GRADIENT] [id="surface"]}] [cx=30.00] [cy=20.00] [rx=29.00] [ry=19.00]
          RenderEmbeddedObject {object} at (576,896) size 193x128
            layer at (0,0) size 192x128
              RenderView at (0,0) size 192x128
            layer at (0,0) size 192x128
              RenderSVGRoot {svg} at (0,0) size 192x128
                RenderSVGHiddenContainer {defs} at (0,0) size 0x0
                  RenderSVGResourceLinearGradient {linearGradient} [id="surface"] [gradientUnits=objectBoundingBox] [start=(1,0)] [end=(1,1)]
                    RenderSVGGradientStop {stop} [offset=0.00] [color=#FFFFFF]
                    RenderSVGGradientStop {stop} [offset=1.00] [color=#FFEEAA]
                RenderSVGEllipse {ellipse} at (0,0) size 192x128 [stroke={[type=SOLID] [color=#FFCC33] [stroke width=2.00]}] [fill={[type=LINEAR-GRADIENT] [id="surface"]}] [cx=30.00] [cy=20.00] [rx=29.00] [ry=19.00]
          RenderBlock (floating) {div} at (384,1024) size 385x128
            RenderEmbeddedObject {object} at (0,0) size 289x128
              layer at (0,0) size 288x128
                RenderView at (0,0) size 288x128
              layer at (0,0) size 288x128
                RenderSVGRoot {svg} at (0,0) size 288x128
                  RenderSVGHiddenContainer {defs} at (0,0) size 0x0
                    RenderSVGResourceLinearGradient {linearGradient} [id="surface"] [gradientUnits=objectBoundingBox] [start=(1,0)] [end=(1,1)]
                      RenderSVGGradientStop {stop} [offset=0.00] [color=#FFFFFF]
                      RenderSVGGradientStop {stop} [offset=1.00] [color=#FFEEAA]
                  RenderSVGRect {rect} at (0,0) size 288x128 [stroke={[type=SOLID] [color=#FFCC33] [stroke width=2.00]}] [fill={[type=LINEAR-GRADIENT] [id="surface"]}] [x=1.00] [y=1.00] [width=88.00] [height=38.00]
                  RenderSVGText {text} at (39,8) size 12x24 contains 1 chunk(s)
                    RenderSVGInlineText {#text} at (0,0) size 12x24
                      chunk 1 (middle anchor) text run 1 at (39.38,27.00) startOffset 0 endOffset 1 width 11.25: "S"
            RenderEmbeddedObject {object} at (288,0) size 97x128
              layer at (0,0) size 96x128
                RenderView at (0,0) size 96x128
              layer at (0,0) size 96x128
                RenderSVGRoot {svg} at (0,0) size 96x128
                  RenderSVGHiddenContainer {defs} at (0,0) size 0x0
                    RenderSVGResourceLinearGradient {linearGradient} [id="surface"] [gradientUnits=objectBoundingBox] [start=(1,0)] [end=(1,1)]
                      RenderSVGGradientStop {stop} [offset=0.00] [color=#FFFFFF]
                      RenderSVGGradientStop {stop} [offset=1.00] [color=#FFEEAA]
                  RenderSVGRect {rect} at (0,0) size 96x128 [stroke={[type=SOLID] [color=#FFCC33] [stroke width=2.00]}] [fill={[type=LINEAR-GRADIENT] [id="surface"]}] [x=1.00] [y=1.00] [width=28.00] [height=38.00]
                  RenderSVGText {text} at (8,8) size 14x24 contains 1 chunk(s)
                    RenderSVGInlineText {#text} at (0,0) size 13x24
                      chunk 1 (middle anchor) text run 1 at (8.91,27.00) startOffset 0 endOffset 1 width 12.19: "T"
        RenderBlock {p} at (0,119) size 769x595 [color=#FFFFFF]
          RenderBR {br} at (769,0) size 0x18
          RenderText {#text} at (640,576) size 9x18
            text run at (640,576) width 9: ".."
        RenderBlock {p} at (0,729) size 769x579
          RenderText {#text} at (640,0) size 768x578
            text run at (640,0) width 122: "Above, you should"
            text run at (640,18) width 98: "see a grid of 17"
            text run at (640,36) width 128: "SVG child elements"
            text run at (640,54) width 116: "sticked together to"
            text run at (640,72) width 121: "build one rectangle"
            text run at (0,542) width 33: "grid. "
            text run at (33,542) width 718: "You should be able to resize your browser window and the grid rendering should adjust to it. The outcome should"
            text run at (0,560) width 239: "look like in these sample screenshots: "
          RenderInline {a} at (0,0) size 33x18 [color=#0000EE]
            RenderText {#text} at (239,560) size 33x18
              text run at (239,560) width 33: "small"
          RenderText {#text} at (272,560) size 8x18
            text run at (272,560) width 8: ", "
          RenderInline {a} at (0,0) size 40x18 [color=#0000EE]
            RenderText {#text} at (280,560) size 40x18
              text run at (280,560) width 40: "bigger"
          RenderText {#text} at (320,560) size 31x18
            text run at (320,560) width 31: " and "
          RenderInline {a} at (0,0) size 20x18 [color=#0000EE]
            RenderText {#text} at (351,560) size 20x18
              text run at (351,560) width 20: "big"
          RenderText {#text} at (371,560) size 4x18
            text run at (371,560) width 4: "."
        RenderBlock {p} at (0,1323) size 769x37
          RenderText {#text} at (0,0) size 750x36
            text run at (0,0) width 750: "The test is successful, if all SVG elements resize exacly dependend on the width of the browser window, but keep their"
            text run at (0,18) width 622: "aspect ratio and relative position. The complete grid should always show a perfect rectangle object."
        RenderBlock {p} at (0,1375) size 769x37
          RenderBR {br} at (0,0) size 0x18
          RenderInline {a} at (0,0) size 33x18 [color=#0000EE]
            RenderText {#text} at (0,18) size 33x18
              text run at (0,18) width 33: "Back"
