layer at (0,0) size 820x585
  RenderView at (0,0) size 800x585
layer at (0,0) size 800x316
  RenderBlock {html} at (0,0) size 800x316
    RenderBody {body} at (48,8) size 772x300
      RenderBlock {h1} at (10,40) size 692x32
        RenderText {#text} at (0,0) size 315x30
          text run at (0,0) width 315: "scalable CSS background"
      RenderBlock {h4} at (10,71) size 752x17
        RenderText {#text} at (0,0) size 125x16
          text run at (0,0) width 125: "WICD Core 1.0 #11"
      RenderBlock {p} at (10,106) size 712x37
        RenderText {#text} at (10,10) size 494x16
          text run at (10,10) width 494: "This text paragraph, as well as all following, must have a SVG background image."
      RenderBlock {p} at (10,148) size 712x37
        RenderText {#text} at (10,10) size 669x16
          text run at (10,10) width 669: "This background image (grey color-gradient and rounded corners) must always exactly fit the text paragraph."
      RenderBlock {p} at (10,190) size 712x53
        RenderText {#text} at (10,10) size 675x32
          text run at (10,10) width 675: "This test has failed, if you don't see any graphics on the background. (your user agent does not support SVG as"
          text run at (10,26) width 122: "background image)."
      RenderBlock {p} at (10,248) size 712x37
        RenderInline {a} at (0,0) size 29x16 [color=#000066]
          RenderText {#text} at (10,10) size 29x16
            text run at (10,10) width 29: "Back"
