layer at (0,0) size 800x600
  RenderView at (0,0) size 800x600
layer at (0,0) size 800x600
  RenderBlock {HTML} at (0,0) size 800x600
    RenderBody {BODY} at (8,8) size 784x584
      RenderTable {TABLE} at (0,0) size 212x312 [border: (2px outset #808080)]
        RenderTableSection {TBODY} at (2,2) size 208x308
          RenderTableRow {TR} at (0,2) size 208x304
            RenderTableCell {TD} at (2,2) size 204x304 [border: (1px inset #808080)] [r=0 c=0 rs=1 cs=1]
layer at (14,14) size 200x300 clip at (14,14) size 185x300 scrollHeight 432
  RenderBlock {DIV} at (2,2) size 200x300
    RenderText {#text} at (0,0) size 139x18
      text run at (0,0) width 139: "Lots of overflow text."
    RenderBR {BR} at (138,0) size 1x18
    RenderText {#text} at (0,18) size 139x18
      text run at (0,18) width 139: "Lots of overflow text."
    RenderBR {BR} at (138,18) size 1x18
    RenderText {#text} at (0,36) size 139x18
      text run at (0,36) width 139: "Lots of overflow text."
    RenderBR {BR} at (138,36) size 1x18
    RenderText {#text} at (0,54) size 139x18
      text run at (0,54) width 139: "Lots of overflow text."
    RenderBR {BR} at (138,54) size 1x18
    RenderText {#text} at (0,72) size 139x18
      text run at (0,72) width 139: "Lots of overflow text."
    RenderBR {BR} at (138,72) size 1x18
    RenderText {#text} at (0,90) size 139x18
      text run at (0,90) width 139: "Lots of overflow text."
    RenderBR {BR} at (138,90) size 1x18
    RenderText {#text} at (0,108) size 139x18
      text run at (0,108) width 139: "Lots of overflow text."
    RenderBR {BR} at (138,108) size 1x18
    RenderText {#text} at (0,126) size 139x18
      text run at (0,126) width 139: "Lots of overflow text."
    RenderBR {BR} at (138,126) size 1x18
    RenderText {#text} at (0,144) size 139x18
      text run at (0,144) width 139: "Lots of overflow text."
    RenderBR {BR} at (138,144) size 1x18
    RenderText {#text} at (0,162) size 139x18
      text run at (0,162) width 139: "Lots of overflow text."
    RenderBR {BR} at (138,162) size 1x18
    RenderText {#text} at (0,180) size 139x18
      text run at (0,180) width 139: "Lots of overflow text."
    RenderBR {BR} at (138,180) size 1x18
    RenderText {#text} at (0,198) size 139x18
      text run at (0,198) width 139: "Lots of overflow text."
    RenderBR {BR} at (138,198) size 1x18
    RenderText {#text} at (0,216) size 139x18
      text run at (0,216) width 139: "Lots of overflow text."
    RenderBR {BR} at (138,216) size 1x18
    RenderText {#text} at (0,234) size 139x18
      text run at (0,234) width 139: "Lots of overflow text."
    RenderBR {BR} at (138,234) size 1x18
    RenderText {#text} at (0,252) size 139x18
      text run at (0,252) width 139: "Lots of overflow text."
    RenderBR {BR} at (138,252) size 1x18
    RenderText {#text} at (0,270) size 139x18
      text run at (0,270) width 139: "Lots of overflow text."
    RenderBR {BR} at (138,270) size 1x18
    RenderText {#text} at (0,288) size 139x18
      text run at (0,288) width 139: "Lots of overflow text."
    RenderBR {BR} at (138,288) size 1x18
    RenderText {#text} at (0,306) size 139x18
      text run at (0,306) width 139: "Lots of overflow text."
    RenderBR {BR} at (138,306) size 1x18
    RenderText {#text} at (0,324) size 139x18
      text run at (0,324) width 139: "Lots of overflow text."
    RenderBR {BR} at (138,324) size 1x18
    RenderText {#text} at (0,342) size 139x18
      text run at (0,342) width 139: "Lots of overflow text."
    RenderBR {BR} at (138,342) size 1x18
    RenderText {#text} at (0,360) size 139x18
      text run at (0,360) width 139: "Lots of overflow text."
    RenderBR {BR} at (138,360) size 1x18
    RenderText {#text} at (0,378) size 139x18
      text run at (0,378) width 139: "Lots of overflow text."
    RenderBR {BR} at (138,378) size 1x18
    RenderText {#text} at (0,396) size 139x18
      text run at (0,396) width 139: "Lots of overflow text."
    RenderBR {BR} at (138,396) size 1x18
    RenderText {#text} at (0,414) size 139x18
      text run at (0,414) width 139: "Lots of overflow text."
    RenderBR {BR} at (138,414) size 1x18
