layer at (0,0) size 785x990
  RenderView at (0,0) size 785x585
layer at (0,0) size 785x585
  RenderBlock {HTML} at (0,0) size 785x585
    RenderBody {BODY} at (0,0) size 785x585
      RenderText {#text} at (0,0) size 425x18
        text run at (0,0) width 425: "ffffffffffffffffffffffffffffffffffffffffffffffffffffffffffffffffffffffffffffffffffff"
      RenderBR {BR} at (424,0) size 1x18
      RenderText {#text} at (0,18) size 425x18
        text run at (0,18) width 425: "ffffffffffffffffffffffffffffffffffffffffffffffffffffffffffffffffffffffffffffffffffff"
      RenderBR {BR} at (424,18) size 1x18
      RenderText {#text} at (0,36) size 425x18
        text run at (0,36) width 425: "ffffffffffffffffffffffffffffffffffffffffffffffffffffffffffffffffffffffffffffffffffff"
      RenderBR {BR} at (424,36) size 1x18
      RenderText {#text} at (0,54) size 425x18
        text run at (0,54) width 425: "ffffffffffffffffffffffffffffffffffffffffffffffffffffffffffffffffffffffffffffffffffff"
      RenderBR {BR} at (424,54) size 1x18
      RenderText {#text} at (0,72) size 425x18
        text run at (0,72) width 425: "ffffffffffffffffffffffffffffffffffffffffffffffffffffffffffffffffffffffffffffffffffff"
      RenderBR {BR} at (424,72) size 1x18
      RenderText {#text} at (0,90) size 425x18
        text run at (0,90) width 425: "ffffffffffffffffffffffffffffffffffffffffffffffffffffffffffffffffffffffffffffffffffff"
      RenderBR {BR} at (424,90) size 1x18
      RenderText {#text} at (0,108) size 425x18
        text run at (0,108) width 425: "ffffffffffffffffffffffffffffffffffffffffffffffffffffffffffffffffffffffffffffffffffff"
      RenderBR {BR} at (424,108) size 1x18
      RenderText {#text} at (0,126) size 425x18
        text run at (0,126) width 425: "ffffffffffffffffffffffffffffffffffffffffffffffffffffffffffffffffffffffffffffffffffff"
      RenderBR {BR} at (424,126) size 1x18
      RenderText {#text} at (0,144) size 425x18
        text run at (0,144) width 425: "ffffffffffffffffffffffffffffffffffffffffffffffffffffffffffffffffffffffffffffffffffff"
      RenderBR {BR} at (424,144) size 1x18
      RenderText {#text} at (0,162) size 425x18
        text run at (0,162) width 425: "ffffffffffffffffffffffffffffffffffffffffffffffffffffffffffffffffffffffffffffffffffff"
      RenderBR {BR} at (424,162) size 1x18
      RenderText {#text} at (0,180) size 425x18
        text run at (0,180) width 425: "ffffffffffffffffffffffffffffffffffffffffffffffffffffffffffffffffffffffffffffffffffff"
      RenderBR {BR} at (424,180) size 1x18
      RenderText {#text} at (0,198) size 425x18
        text run at (0,198) width 425: "ffffffffffffffffffffffffffffffffffffffffffffffffffffffffffffffffffffffffffffffffffff"
      RenderBR {BR} at (424,198) size 1x18
      RenderText {#text} at (0,216) size 425x18
        text run at (0,216) width 425: "ffffffffffffffffffffffffffffffffffffffffffffffffffffffffffffffffffffffffffffffffffff"
      RenderBR {BR} at (424,216) size 1x18
      RenderText {#text} at (0,234) size 425x18
        text run at (0,234) width 425: "ffffffffffffffffffffffffffffffffffffffffffffffffffffffffffffffffffffffffffffffffffff"
      RenderBR {BR} at (424,234) size 1x18
      RenderText {#text} at (0,252) size 425x18
        text run at (0,252) width 425: "ffffffffffffffffffffffffffffffffffffffffffffffffffffffffffffffffffffffffffffffffffff"
      RenderBR {BR} at (424,252) size 1x18
      RenderText {#text} at (0,270) size 425x18
        text run at (0,270) width 425: "ffffffffffffffffffffffffffffffffffffffffffffffffffffffffffffffffffffffffffffffffffff"
      RenderBR {BR} at (424,270) size 1x18
      RenderText {#text} at (0,288) size 425x18
        text run at (0,288) width 425: "ffffffffffffffffffffffffffffffffffffffffffffffffffffffffffffffffffffffffffffffffffff"
      RenderBR {BR} at (424,288) size 1x18
      RenderText {#text} at (0,306) size 425x18
        text run at (0,306) width 425: "ffffffffffffffffffffffffffffffffffffffffffffffffffffffffffffffffffffffffffffffffffff"
      RenderBR {BR} at (424,306) size 1x18
      RenderText {#text} at (0,324) size 425x18
        text run at (0,324) width 425: "ffffffffffffffffffffffffffffffffffffffffffffffffffffffffffffffffffffffffffffffffffff"
      RenderBR {BR} at (424,324) size 1x18
      RenderText {#text} at (0,342) size 425x18
        text run at (0,342) width 425: "ffffffffffffffffffffffffffffffffffffffffffffffffffffffffffffffffffffffffffffffffffff"
      RenderBR {BR} at (424,342) size 1x18
      RenderText {#text} at (0,360) size 425x18
        text run at (0,360) width 425: "ffffffffffffffffffffffffffffffffffffffffffffffffffffffffffffffffffffffffffffffffffff"
      RenderBR {BR} at (424,360) size 1x18
      RenderText {#text} at (0,378) size 425x18
        text run at (0,378) width 425: "ffffffffffffffffffffffffffffffffffffffffffffffffffffffffffffffffffffffffffffffffffff"
      RenderBR {BR} at (424,378) size 1x18
      RenderText {#text} at (0,396) size 425x18
        text run at (0,396) width 425: "ffffffffffffffffffffffffffffffffffffffffffffffffffffffffffffffffffffffffffffffffffff"
      RenderBR {BR} at (424,396) size 1x18
      RenderText {#text} at (0,414) size 425x18
        text run at (0,414) width 425: "ffffffffffffffffffffffffffffffffffffffffffffffffffffffffffffffffffffffffffffffffffff"
      RenderBR {BR} at (424,414) size 1x18
      RenderText {#text} at (0,432) size 425x18
        text run at (0,432) width 425: "ffffffffffffffffffffffffffffffffffffffffffffffffffffffffffffffffffffffffffffffffffff"
      RenderBR {BR} at (424,432) size 1x18
      RenderText {#text} at (0,450) size 425x18
        text run at (0,450) width 425: "ffffffffffffffffffffffffffffffffffffffffffffffffffffffffffffffffffffffffffffffffffff"
      RenderBR {BR} at (424,450) size 1x18
      RenderText {#text} at (0,468) size 425x18
        text run at (0,468) width 425: "ffffffffffffffffffffffffffffffffffffffffffffffffffffffffffffffffffffffffffffffffffff"
      RenderBR {BR} at (424,468) size 1x18
      RenderText {#text} at (0,486) size 425x18
        text run at (0,486) width 425: "ffffffffffffffffffffffffffffffffffffffffffffffffffffffffffffffffffffffffffffffffffff"
      RenderBR {BR} at (424,486) size 1x18
      RenderText {#text} at (0,504) size 425x18
        text run at (0,504) width 425: "ffffffffffffffffffffffffffffffffffffffffffffffffffffffffffffffffffffffffffffffffffff"
      RenderBR {BR} at (424,504) size 1x18
      RenderText {#text} at (0,522) size 425x18
        text run at (0,522) width 425: "ffffffffffffffffffffffffffffffffffffffffffffffffffffffffffffffffffffffffffffffffffff"
      RenderBR {BR} at (424,522) size 1x18
      RenderText {#text} at (0,540) size 425x18
        text run at (0,540) width 425: "ffffffffffffffffffffffffffffffffffffffffffffffffffffffffffffffffffffffffffffffffffff"
      RenderBR {BR} at (424,540) size 1x18
      RenderText {#text} at (0,558) size 425x18
        text run at (0,558) width 425: "ffffffffffffffffffffffffffffffffffffffffffffffffffffffffffffffffffffffffffffffffffff"
      RenderBR {BR} at (424,558) size 1x18
      RenderText {#text} at (0,576) size 425x18
        text run at (0,576) width 425: "ffffffffffffffffffffffffffffffffffffffffffffffffffffffffffffffffffffffffffffffffffff"
      RenderBR {BR} at (424,576) size 1x18
      RenderText {#text} at (0,594) size 425x18
        text run at (0,594) width 425: "ffffffffffffffffffffffffffffffffffffffffffffffffffffffffffffffffffffffffffffffffffff"
      RenderBR {BR} at (424,594) size 1x18
      RenderText {#text} at (0,612) size 425x18
        text run at (0,612) width 425: "ffffffffffffffffffffffffffffffffffffffffffffffffffffffffffffffffffffffffffffffffffff"
      RenderBR {BR} at (424,612) size 1x18
      RenderText {#text} at (0,630) size 425x18
        text run at (0,630) width 425: "ffffffffffffffffffffffffffffffffffffffffffffffffffffffffffffffffffffffffffffffffffff"
      RenderBR {BR} at (424,630) size 1x18
      RenderText {#text} at (0,648) size 425x18
        text run at (0,648) width 425: "ffffffffffffffffffffffffffffffffffffffffffffffffffffffffffffffffffffffffffffffffffff"
      RenderBR {BR} at (424,648) size 1x18
      RenderText {#text} at (0,666) size 425x18
        text run at (0,666) width 425: "ffffffffffffffffffffffffffffffffffffffffffffffffffffffffffffffffffffffffffffffffffff"
      RenderBR {BR} at (424,666) size 1x18
      RenderText {#text} at (0,684) size 425x18
        text run at (0,684) width 425: "ffffffffffffffffffffffffffffffffffffffffffffffffffffffffffffffffffffffffffffffffffff"
      RenderBR {BR} at (424,684) size 1x18
      RenderText {#text} at (0,702) size 425x18
        text run at (0,702) width 425: "ffffffffffffffffffffffffffffffffffffffffffffffffffffffffffffffffffffffffffffffffffff"
      RenderBR {BR} at (424,702) size 1x18
      RenderText {#text} at (0,720) size 425x18
        text run at (0,720) width 425: "ffffffffffffffffffffffffffffffffffffffffffffffffffffffffffffffffffffffffffffffffffff"
      RenderBR {BR} at (424,720) size 1x18
      RenderText {#text} at (0,738) size 425x18
        text run at (0,738) width 425: "ffffffffffffffffffffffffffffffffffffffffffffffffffffffffffffffffffffffffffffffffffff"
      RenderBR {BR} at (424,738) size 1x18
      RenderText {#text} at (0,756) size 425x18
        text run at (0,756) width 425: "ffffffffffffffffffffffffffffffffffffffffffffffffffffffffffffffffffffffffffffffffffff"
      RenderBR {BR} at (424,756) size 1x18
      RenderText {#text} at (0,774) size 425x18
        text run at (0,774) width 425: "ffffffffffffffffffffffffffffffffffffffffffffffffffffffffffffffffffffffffffffffffffff"
      RenderBR {BR} at (424,774) size 1x18
      RenderText {#text} at (0,792) size 425x18
        text run at (0,792) width 425: "ffffffffffffffffffffffffffffffffffffffffffffffffffffffffffffffffffffffffffffffffffff"
      RenderBR {BR} at (424,792) size 1x18
      RenderText {#text} at (0,810) size 425x18
        text run at (0,810) width 425: "ffffffffffffffffffffffffffffffffffffffffffffffffffffffffffffffffffffffffffffffffffff"
      RenderBR {BR} at (424,810) size 1x18
      RenderText {#text} at (0,828) size 425x18
        text run at (0,828) width 425: "ffffffffffffffffffffffffffffffffffffffffffffffffffffffffffffffffffffffffffffffffffff"
      RenderBR {BR} at (424,828) size 1x18
      RenderText {#text} at (0,846) size 425x18
        text run at (0,846) width 425: "ffffffffffffffffffffffffffffffffffffffffffffffffffffffffffffffffffffffffffffffffffff"
      RenderBR {BR} at (424,846) size 1x18
      RenderText {#text} at (0,864) size 425x18
        text run at (0,864) width 425: "ffffffffffffffffffffffffffffffffffffffffffffffffffffffffffffffffffffffffffffffffffff"
      RenderBR {BR} at (424,864) size 1x18
      RenderText {#text} at (0,882) size 425x18
        text run at (0,882) width 425: "ffffffffffffffffffffffffffffffffffffffffffffffffffffffffffffffffffffffffffffffffffff"
      RenderBR {BR} at (424,882) size 1x18
      RenderText {#text} at (0,900) size 425x18
        text run at (0,900) width 425: "ffffffffffffffffffffffffffffffffffffffffffffffffffffffffffffffffffffffffffffffffffff"
      RenderBR {BR} at (424,900) size 1x18
      RenderText {#text} at (0,918) size 425x18
        text run at (0,918) width 425: "ffffffffffffffffffffffffffffffffffffffffffffffffffffffffffffffffffffffffffffffffffff"
      RenderBR {BR} at (424,918) size 1x18
      RenderText {#text} at (0,936) size 425x18
        text run at (0,936) width 425: "ffffffffffffffffffffffffffffffffffffffffffffffffffffffffffffffffffffffffffffffffffff"
      RenderBR {BR} at (424,936) size 1x18
      RenderText {#text} at (0,954) size 425x18
        text run at (0,954) width 425: "ffffffffffffffffffffffffffffffffffffffffffffffffffffffffffffffffffffffffffffffffffff"
      RenderBR {BR} at (424,954) size 1x18
      RenderText {#text} at (0,972) size 425x18
        text run at (0,972) width 425: "ffffffffffffffffffffffffffffffffffffffffffffffffffffffffffffffffffffffffffffffffffff"
      RenderBR {BR} at (424,972) size 1x18
