layer at (0,0) size 800x600
  RenderView at (0,0) size 800x600
layer at (0,0) size 800x8
  RenderBlock {HTML} at (0,0) size 800x8
    RenderBody {BODY} at (8,8) size 784x0
layer at (8,8) size 300x300 scrollHeight 756
  RenderBlock (positioned) {DIV} at (8,8) size 300x300
    RenderText {#text} at (0,0) size 300x756
      text run at (0,0) width 259: "Lorem ipsum dolor sit amet, consectetur"
      text run at (0,18) width 252: "adipisicing elit, sed do eiusmod tempor"
      text run at (0,36) width 300: "incididunt ut labore et dolore magna aliqua. Ut"
      text run at (0,54) width 235: "enim ad minim veniam, quis nostrud"
      text run at (0,72) width 290: "exercitation ullamco laboris nisi ut aliquip ex"
      text run at (0,90) width 292: "ea commodo consequat. Duis aute irure dolor"
      text run at (0,108) width 290: "in reprehenderit in voluptate velit esse cillum"
      text run at (0,126) width 291: "dolore eu fugiat nulla pariatur. Excepteur sint"
      text run at (0,144) width 293: "occaecat cupidatat non proident, sunt in culpa"
      text run at (0,162) width 240: "qui officia deserunt mollit anim id est"
      text run at (0,180) width 244: "laborum. Lorem ipsum dolor sit amet,"
      text run at (0,198) width 280: "consectetur adipisicing elit, sed do eiusmod"
      text run at (0,216) width 282: "tempor incididunt ut labore et dolore magna"
      text run at (0,234) width 250: "aliqua. Ut enim ad minim veniam, quis"
      text run at (0,252) width 275: "nostrud exercitation ullamco laboris nisi ut"
      text run at (0,270) width 287: "aliquip ex ea commodo consequat. Duis aute"
      text run at (0,288) width 287: "irure dolor in reprehenderit in voluptate velit"
      text run at (0,306) width 270: "esse cillum dolore eu fugiat nulla pariatur."
      text run at (0,324) width 242: "Excepteur sint occaecat cupidatat non"
      text run at (0,342) width 271: "proident, sunt in culpa qui officia deserunt"
      text run at (0,360) width 264: "mollit anim id est laborum. Lorem ipsum"
      text run at (0,378) width 297: "dolor sit amet, consectetur adipisicing elit, sed"
      text run at (0,396) width 269: "do eiusmod tempor incididunt ut labore et"
      text run at (0,414) width 256: "dolore magna aliqua. Ut enim ad minim"
      text run at (0,432) width 269: "veniam, quis nostrud exercitation ullamco"
      text run at (0,450) width 241: "laboris nisi ut aliquip ex ea commodo"
      text run at (0,468) width 222: "consequat. Duis aute irure dolor in"
      text run at (0,486) width 274: "reprehenderit in voluptate velit esse cillum"
      text run at (0,504) width 291: "dolore eu fugiat nulla pariatur. Excepteur sint"
      text run at (0,522) width 293: "occaecat cupidatat non proident, sunt in culpa"
      text run at (0,540) width 240: "qui officia deserunt mollit anim id est"
      text run at (0,558) width 240: "laborum.Lorem ipsum dolor sit amet,"
      text run at (0,576) width 280: "consectetur adipisicing elit, sed do eiusmod"
      text run at (0,594) width 282: "tempor incididunt ut labore et dolore magna"
      text run at (0,612) width 250: "aliqua. Ut enim ad minim veniam, quis"
      text run at (0,630) width 275: "nostrud exercitation ullamco laboris nisi ut"
      text run at (0,648) width 287: "aliquip ex ea commodo consequat. Duis aute"
      text run at (0,666) width 287: "irure dolor in reprehenderit in voluptate velit"
      text run at (0,684) width 270: "esse cillum dolore eu fugiat nulla pariatur."
      text run at (0,702) width 242: "Excepteur sint occaecat cupidatat non"
      text run at (0,720) width 271: "proident, sunt in culpa qui officia deserunt"
      text run at (0,738) width 174: "mollit anim id est laborum."
