layer at (0,0) size 785x600
  RenderView at (0,0) size 785x600
layer at (0,0) size 785x600
  RenderBlock {HTML} at (0,0) size 785x600
    RenderBody {BODY} at (8,8) size 769x584
      RenderBlock (anonymous) at (0,0) size 769x18
        RenderText {#text} at (0,0) size 317x18
          text run at (0,0) width 317: "The body should always have a vertical scrollbar."
      RenderBlock (anonymous) at (0,218) size 769x55
        RenderText {#text} at (165,37) size 4x18
          text run at (165,37) width 4: " "
        RenderText {#text} at (0,0) size 0x0
layer at (8,26) size 300x100 clip at (8,26) size 285x100 scrollHeight 324
  RenderBlock {DIV} at (0,18) size 300x100
    RenderText {#text} at (0,0) size 51x18
      text run at (0,0) width 51: "Y scroll"
    RenderBR {BR} at (50,0) size 1x18
    RenderText {#text} at (0,18) size 51x18
      text run at (0,18) width 51: "Y scroll"
    RenderBR {BR} at (50,18) size 1x18
    RenderText {#text} at (0,36) size 51x18
      text run at (0,36) width 51: "Y scroll"
    RenderBR {BR} at (50,36) size 1x18
    RenderText {#text} at (0,54) size 51x18
      text run at (0,54) width 51: "Y scroll"
    RenderBR {BR} at (50,54) size 1x18
    RenderText {#text} at (0,72) size 51x18
      text run at (0,72) width 51: "Y scroll"
    RenderBR {BR} at (50,72) size 1x18
    RenderText {#text} at (0,90) size 51x18
      text run at (0,90) width 51: "Y scroll"
    RenderBR {BR} at (50,90) size 1x18
    RenderText {#text} at (0,108) size 51x18
      text run at (0,108) width 51: "Y scroll"
    RenderBR {BR} at (50,108) size 1x18
    RenderText {#text} at (0,126) size 51x18
      text run at (0,126) width 51: "Y scroll"
    RenderBR {BR} at (50,126) size 1x18
    RenderText {#text} at (0,144) size 51x18
      text run at (0,144) width 51: "Y scroll"
    RenderBR {BR} at (50,144) size 1x18
    RenderText {#text} at (0,162) size 51x18
      text run at (0,162) width 51: "Y scroll"
    RenderBR {BR} at (50,162) size 1x18
    RenderText {#text} at (0,180) size 51x18
      text run at (0,180) width 51: "Y scroll"
    RenderBR {BR} at (50,180) size 1x18
    RenderText {#text} at (0,198) size 51x18
      text run at (0,198) width 51: "Y scroll"
    RenderBR {BR} at (50,198) size 1x18
    RenderText {#text} at (0,216) size 51x18
      text run at (0,216) width 51: "Y scroll"
    RenderBR {BR} at (50,216) size 1x18
    RenderText {#text} at (0,234) size 51x18
      text run at (0,234) width 51: "Y scroll"
    RenderBR {BR} at (50,234) size 1x18
    RenderText {#text} at (0,252) size 51x18
      text run at (0,252) width 51: "Y scroll"
    RenderBR {BR} at (50,252) size 1x18
    RenderText {#text} at (0,270) size 51x18
      text run at (0,270) width 51: "Y scroll"
    RenderBR {BR} at (50,270) size 1x18
    RenderText {#text} at (0,288) size 51x18
      text run at (0,288) width 51: "Y scroll"
    RenderBR {BR} at (50,288) size 1x18
    RenderText {#text} at (0,306) size 51x18
      text run at (0,306) width 51: "Y scroll"
    RenderBR {BR} at (50,306) size 1x18
layer at (8,126) size 300x100 clip at (8,126) size 300x85 scrollWidth 1208
  RenderBlock {DIV} at (0,118) size 300x100
    RenderText {#text} at (0,0) size 1209x18
      text run at (0,0) width 496: "X scroll X scroll X scroll X scroll X scroll X scroll X scroll X scroll X scroll "
      text run at (495,0) width 332: "X scroll X scroll X scroll X scroll X scroll X scroll "
      text run at (826,0) width 383: "X scroll X scroll X scroll X scroll X scroll X scroll X scroll"
layer at (10,243) size 161x32 clip at (11,244) size 144x30
  RenderTextControl {TEXTAREA} at (2,17) size 161x32 [bgcolor=#FFFFFF] [border: (1px solid #000000)]
    RenderBlock {DIV} at (3,3) size 140x13
      RenderText {#text} at (0,0) size 88x13
        text run at (0,0) width 88: "Textarea y-scroll"
layer at (179,228) size 161x47 clip at (180,229) size 159x30
  RenderTextControl {TEXTAREA} at (171,2) size 161x47 [bgcolor=#FFFFFF] [border: (1px solid #000000)]
    RenderBlock {DIV} at (3,3) size 155x13
      RenderText {#text} at (0,0) size 88x13
        text run at (0,0) width 88: "Textarea x-scroll"
