layer at (0,0) size 800x600
  RenderView at (0,0) size 800x600
layer at (0,0) size 800x600
  RenderBlock {HTML} at (0,0) size 800x600
    RenderBody {BODY} at (8,8) size 784x584
      RenderText {#text} at (0,0) size 693x18
        text run at (0,0) width 693: "Make sure that floating overflow:auto/hidden/scroll blocks stack properly with other floats at the same level."
      RenderText {#text} at (0,0) size 0x0
      RenderBlock (floating) {DIV} at (250,18) size 300x300 [bgcolor=#FFFF00]
        RenderText {#text} at (0,0) size 246x275
          text run at (0,0) width 204: "This block"
          text run at (0,55) width 246: "should be on"
          text run at (0,110) width 184: "top of the"
          text run at (0,165) width 171: "overflow"
          text run at (0,220) width 119: "block."
layer at (8,26) size 300x300 clip at (8,26) size 285x300 scrollHeight 846
  RenderBlock (floating) {DIV} at (0,18) size 300x300 [bgcolor=#00FF00]
    RenderText {#text} at (0,0) size 77x18
      text run at (0,0) width 77: "Hello world"
    RenderBR {BR} at (76,0) size 1x18
    RenderText {#text} at (0,18) size 77x18
      text run at (0,18) width 77: "Hello world"
    RenderBR {BR} at (76,18) size 1x18
    RenderText {#text} at (0,36) size 77x18
      text run at (0,36) width 77: "Hello world"
    RenderBR {BR} at (76,36) size 1x18
    RenderText {#text} at (0,54) size 77x18
      text run at (0,54) width 77: "Hello world"
    RenderBR {BR} at (76,54) size 1x18
    RenderText {#text} at (0,72) size 77x18
      text run at (0,72) width 77: "Hello world"
    RenderBR {BR} at (76,72) size 1x18
    RenderText {#text} at (0,90) size 77x18
      text run at (0,90) width 77: "Hello world"
    RenderBR {BR} at (76,90) size 1x18
    RenderText {#text} at (0,108) size 77x18
      text run at (0,108) width 77: "Hello world"
    RenderBR {BR} at (76,108) size 1x18
    RenderText {#text} at (0,126) size 77x18
      text run at (0,126) width 77: "Hello world"
    RenderBR {BR} at (76,126) size 1x18
    RenderText {#text} at (0,144) size 77x18
      text run at (0,144) width 77: "Hello world"
    RenderBR {BR} at (76,144) size 1x18
    RenderText {#text} at (0,162) size 77x18
      text run at (0,162) width 77: "Hello world"
    RenderBR {BR} at (76,162) size 1x18
    RenderText {#text} at (0,180) size 77x18
      text run at (0,180) width 77: "Hello world"
    RenderBR {BR} at (76,180) size 1x18
    RenderText {#text} at (0,198) size 77x18
      text run at (0,198) width 77: "Hello world"
    RenderBR {BR} at (76,198) size 1x18
    RenderText {#text} at (0,216) size 77x18
      text run at (0,216) width 77: "Hello world"
    RenderBR {BR} at (76,216) size 1x18
    RenderText {#text} at (0,234) size 77x18
      text run at (0,234) width 77: "Hello world"
    RenderBR {BR} at (76,234) size 1x18
    RenderText {#text} at (0,252) size 77x18
      text run at (0,252) width 77: "Hello world"
    RenderBR {BR} at (76,252) size 1x18
    RenderText {#text} at (0,270) size 77x18
      text run at (0,270) width 77: "Hello world"
    RenderBR {BR} at (76,270) size 1x18
    RenderText {#text} at (0,288) size 77x18
      text run at (0,288) width 77: "Hello world"
    RenderBR {BR} at (76,288) size 1x18
    RenderText {#text} at (0,306) size 77x18
      text run at (0,306) width 77: "Hello world"
    RenderBR {BR} at (76,306) size 1x18
    RenderText {#text} at (0,324) size 77x18
      text run at (0,324) width 77: "Hello world"
    RenderBR {BR} at (76,324) size 1x18
    RenderText {#text} at (0,342) size 77x18
      text run at (0,342) width 77: "Hello world"
    RenderBR {BR} at (76,342) size 1x18
    RenderText {#text} at (0,360) size 77x18
      text run at (0,360) width 77: "Hello world"
    RenderBR {BR} at (76,360) size 1x18
    RenderText {#text} at (0,378) size 77x18
      text run at (0,378) width 77: "Hello world"
    RenderBR {BR} at (76,378) size 1x18
    RenderText {#text} at (0,396) size 77x18
      text run at (0,396) width 77: "Hello world"
    RenderBR {BR} at (76,396) size 1x18
    RenderText {#text} at (0,414) size 77x18
      text run at (0,414) width 77: "Hello world"
    RenderBR {BR} at (76,414) size 1x18
    RenderText {#text} at (0,432) size 77x18
      text run at (0,432) width 77: "Hello world"
    RenderBR {BR} at (76,432) size 1x18
    RenderText {#text} at (0,450) size 77x18
      text run at (0,450) width 77: "Hello world"
    RenderBR {BR} at (76,450) size 1x18
    RenderText {#text} at (0,468) size 77x18
      text run at (0,468) width 77: "Hello world"
    RenderBR {BR} at (76,468) size 1x18
    RenderText {#text} at (0,486) size 77x18
      text run at (0,486) width 77: "Hello world"
    RenderBR {BR} at (76,486) size 1x18
    RenderText {#text} at (0,504) size 77x18
      text run at (0,504) width 77: "Hello world"
    RenderBR {BR} at (76,504) size 1x18
    RenderText {#text} at (0,522) size 77x18
      text run at (0,522) width 77: "Hello world"
    RenderBR {BR} at (76,522) size 1x18
    RenderText {#text} at (0,540) size 77x18
      text run at (0,540) width 77: "Hello world"
    RenderBR {BR} at (76,540) size 1x18
    RenderText {#text} at (0,558) size 77x18
      text run at (0,558) width 77: "Hello world"
    RenderBR {BR} at (76,558) size 1x18
    RenderText {#text} at (0,576) size 77x18
      text run at (0,576) width 77: "Hello world"
    RenderBR {BR} at (76,576) size 1x18
    RenderText {#text} at (0,594) size 77x18
      text run at (0,594) width 77: "Hello world"
    RenderBR {BR} at (76,594) size 1x18
    RenderText {#text} at (0,612) size 77x18
      text run at (0,612) width 77: "Hello world"
    RenderBR {BR} at (76,612) size 1x18
    RenderText {#text} at (0,630) size 77x18
      text run at (0,630) width 77: "Hello world"
    RenderBR {BR} at (76,630) size 1x18
    RenderText {#text} at (0,648) size 77x18
      text run at (0,648) width 77: "Hello world"
    RenderBR {BR} at (76,648) size 1x18
    RenderText {#text} at (0,666) size 77x18
      text run at (0,666) width 77: "Hello world"
    RenderBR {BR} at (76,666) size 1x18
    RenderText {#text} at (0,684) size 77x18
      text run at (0,684) width 77: "Hello world"
    RenderBR {BR} at (76,684) size 1x18
    RenderText {#text} at (0,702) size 77x18
      text run at (0,702) width 77: "Hello world"
    RenderBR {BR} at (76,702) size 1x18
    RenderText {#text} at (0,720) size 77x18
      text run at (0,720) width 77: "Hello world"
    RenderBR {BR} at (76,720) size 1x18
    RenderText {#text} at (0,738) size 77x18
      text run at (0,738) width 77: "Hello world"
    RenderBR {BR} at (76,738) size 1x18
    RenderText {#text} at (0,756) size 77x18
      text run at (0,756) width 77: "Hello world"
    RenderBR {BR} at (76,756) size 1x18
    RenderText {#text} at (0,774) size 77x18
      text run at (0,774) width 77: "Hello world"
    RenderBR {BR} at (76,774) size 1x18
    RenderText {#text} at (0,792) size 77x18
      text run at (0,792) width 77: "Hello world"
    RenderBR {BR} at (76,792) size 1x18
    RenderText {#text} at (0,810) size 77x18
      text run at (0,810) width 77: "Hello world"
    RenderBR {BR} at (76,810) size 1x18
    RenderText {#text} at (0,828) size 77x18
      text run at (0,828) width 77: "Hello world"
    RenderBR {BR} at (76,828) size 1x18
