layer at (0,0) size 800x600
  RenderView at (0,0) size 800x600
layer at (0,0) size 800x600
  RenderBlock {HTML} at (0,0) size 800x600
    RenderBody {BODY} at (8,8) size 784x584
      RenderBlock {P} at (0,0) size 784x36
        RenderText {#text} at (0,0) size 218x18
          text run at (0,0) width 218: "This tests for a regression against "
        RenderInline {I} at (0,0) size 730x36
          RenderInline {A} at (0,0) size 354x18 [color=#0000EE]
            RenderText {#text} at (217,0) size 354x18
              text run at (217,0) width 354: "http://bugzilla.opendarwin.org/show_bug.cgi?id=6618"
          RenderText {#text} at (570,0) size 730x36
            text run at (570,0) width 5: " "
            text run at (574,0) width 156: "Inline in RTL block with"
            text run at (0,18) width 348: "overflow:auto and left border makes scroll bar appear"
        RenderText {#text} at (347,18) size 5x18
          text run at (347,18) width 5: "."
      RenderBlock {HR} at (0,52) size 784x2 [border: (1px inset #000000)]
layer at (8,70) size 784x18 clip at (18,70) size 774x18
  RenderBlock {DIV} at (0,62) size 784x18 [border: none (10px solid #0000FF)]
    RenderText {#text} at (462,0) size 322x18
      text run at (462,0) width 120: "This block should "
      text run at (780,0) width 4 RTL: "."
    RenderInline {EM} at (0,0) size 21x18
      RenderText {#text} at (581,0) size 21x18
        text run at (581,0) width 21: "not"
    RenderText {#text} at (601,0) size 179x18
      text run at (601,0) width 179: " have a horizontal scroll bar"
