layer at (0,0) size 7429x585
  RenderView at (0,0) size 800x585
layer at (0,0) size 800x160
  RenderBlock {HTML} at (0,0) size 800x160
    RenderBody {BODY} at (8,16) size 784x136
      RenderBlock {P} at (0,0) size 784x54
        RenderText {#text} at (0,0) size 762x54
          text run at (0,0) width 755: "This tests the interaction of overflow on some very wide text with auto table layout. The CSS 2.1 spec does not define"
          text run at (0,18) width 762: "how overflow interacts with intrinsic width, so we copy the IE behavior. Therefore the lines should come out very very"
          text run at (0,36) width 243: "wide and scroll along with the border."
      RenderTable {TABLE} at (0,70) size 7422x66 [border: (1px solid #FF0000)]
        RenderTableSection {TBODY} at (1,1) size 7420x64
          RenderTableRow {TR} at (0,2) size 7420x60
            RenderTableCell {TD} at (2,2) size 7416x60 [r=0 c=0 rs=1 cs=1]
layer at (12,103) size 7413x32 clip at (13,104) size 7411x30
  RenderBlock {PRE} at (1,14) size 7414x32 [border: (1px solid #0000FF)]
    RenderText {#text} at (1,1) size 7412x30
      text run at (1,1) width 3121: "this is a very long line this is a very long line this is a very long line this is a very long line this is a very long line this is a very long line this is a very long line this is a very long line this is a very long line this is a very long line this is a very long line this is a very long line this is a very long line this is a very long line this is a very long line this is a very long line "
      text run at (3121,1) width 1: " "
      text run at (1,16) width 7412: "this is a very long line this is a very long line this is a very long line this is a very long line this is a very long line this is a very long line this is a very long line this is a very long line this is a very long line this is a very long line this is a very long line this is a very long line this is a very long line this is a very long line this is a very long line this is a very long line this is a very long line this is a very long line this is a very long line this is a very long line this is a very long line this is a very long line this is a very long line this is a very long line this is a very long line this is a very long line this is a very long line this is a very long line this is a very long line this is a very long line this is a very long line this is a very long line this is a very long line this is a very long line this is a very long line this is a very long line this is a very long line this is a very long line "
      text run at (7412,16) width 1: " "
