layer at (0,0) size 800x600
  RenderView at (0,0) size 800x600
layer at (0,0) size 800x600
  RenderBlock {HTML} at (0,0) size 800x600
    RenderBody {BODY} at (8,8) size 784x584
layer at (8,8) size 404x404 clip at (10,10) size 400x385 scrollX 200 scrollWidth 2900
  RenderBlock {DIV} at (0,0) size 404x404 [border: (2px solid #000000)]
    RenderMultiColumnSet at (2,2) size 400x385
layer at (-190,10) size 400x2213 backgroundClip at (10,10) size 400x385 clip at (10,10) size 400x385
  RenderMultiColumnFlowThread at (2,2) size 400x2213
    RenderText {#text} at (0,0) size 399x2213
      text run at (0,0) width 357: "Lorem ipsum dolor sit amet, consectetur adipiscing elit."
      text run at (0,18) width 399: "Maecenas lacinia massa in lectus pretium vulputate. Curabitur"
      text run at (0,36) width 358: "viverra augue in leo faucibus congue. Vestibulum ligula"
      text run at (0,54) width 362: "neque, commodo eget blandit sit amet, facilisis vitae mi."
      text run at (0,72) width 379: "Vivamus pretium lorem a quam imperdiet in placerat purus"
      text run at (0,90) width 344: "sagittis. Aliquam ut dui nibh. Cras faucibus imperdiet"
      text run at (0,108) width 364: "pellentesque. Curabitur vel tortor quam, ut pharetra eros."
      text run at (0,126) width 383: "Mauris euismod, justo in mattis ultricies, risus velit pretium"
      text run at (0,144) width 392: "ligula, eu sodales libero dolor et massa. Phasellus eros quam,"
      text run at (0,162) width 344: "faucibus sed consectetur et, elementum ut erat. Morbi"
      text run at (0,180) width 349: "fringilla, lorem non fermentum vulputate, quam metus"
      text run at (0,198) width 398: "ullamcorper quam, eu porttitor diam metus eget augue. Donec"
      text run at (0,216) width 380: "non lorem et arcu adipiscing suscipit. Donec porta euismod"
      text run at (0,234) width 344: "magna a fermentum. Suspendisse vestibulum rhoncus"
      text run at (0,252) width 393: "bibendum. Nam in nisi eget nulla vestibulum rutrum. Aenean"
      text run at (0,270) width 364: "eu libero turpis. Lorem ipsum dolor sit amet, consectetur"
      text run at (0,288) width 364: "adipiscing elit. Maecenas lacinia massa in lectus pretium"
      text run at (0,306) width 373: "vulputate. Curabitur viverra augue in leo faucibus congue."
      text run at (0,324) width 365: "Vestibulum ligula neque, commodo eget blandit sit amet,"
      text run at (0,342) width 399: "facilisis vitae mi. Vivamus pretium lorem a quam imperdiet in"
      text run at (0,360) width 373: "placerat purus sagittis. Aliquam ut dui nibh. Cras faucibus"
      text run at (0,385) width 395: "imperdiet pellentesque. Curabitur vel tortor quam, ut pharetra"
      text run at (0,403) width 364: "eros. Mauris euismod, justo in mattis ultricies, risus velit"
      text run at (0,421) width 371: "pretium ligula, eu sodales libero dolor et massa. Phasellus"
      text run at (0,439) width 374: "eros quam, faucibus sed consectetur et, elementum ut erat."
      text run at (0,457) width 393: "Morbi fringilla, lorem non fermentum vulputate, quam metus"
      text run at (0,475) width 398: "ullamcorper quam, eu porttitor diam metus eget augue. Donec"
      text run at (0,493) width 380: "non lorem et arcu adipiscing suscipit. Donec porta euismod"
      text run at (0,511) width 344: "magna a fermentum. Suspendisse vestibulum rhoncus"
      text run at (0,529) width 393: "bibendum. Nam in nisi eget nulla vestibulum rutrum. Aenean"
      text run at (0,547) width 364: "eu libero turpis. Lorem ipsum dolor sit amet, consectetur"
      text run at (0,565) width 364: "adipiscing elit. Maecenas lacinia massa in lectus pretium"
      text run at (0,583) width 373: "vulputate. Curabitur viverra augue in leo faucibus congue."
      text run at (0,601) width 365: "Vestibulum ligula neque, commodo eget blandit sit amet,"
      text run at (0,619) width 399: "facilisis vitae mi. Vivamus pretium lorem a quam imperdiet in"
      text run at (0,637) width 373: "placerat purus sagittis. Aliquam ut dui nibh. Cras faucibus"
      text run at (0,655) width 395: "imperdiet pellentesque. Curabitur vel tortor quam, ut pharetra"
      text run at (0,673) width 364: "eros. Mauris euismod, justo in mattis ultricies, risus velit"
      text run at (0,691) width 371: "pretium ligula, eu sodales libero dolor et massa. Phasellus"
      text run at (0,709) width 374: "eros quam, faucibus sed consectetur et, elementum ut erat."
      text run at (0,727) width 393: "Morbi fringilla, lorem non fermentum vulputate, quam metus"
      text run at (0,745) width 398: "ullamcorper quam, eu porttitor diam metus eget augue. Donec"
      text run at (0,770) width 380: "non lorem et arcu adipiscing suscipit. Donec porta euismod"
      text run at (0,788) width 344: "magna a fermentum. Suspendisse vestibulum rhoncus"
      text run at (0,806) width 393: "bibendum. Nam in nisi eget nulla vestibulum rutrum. Aenean"
      text run at (0,824) width 364: "eu libero turpis. Lorem ipsum dolor sit amet, consectetur"
      text run at (0,842) width 364: "adipiscing elit. Maecenas lacinia massa in lectus pretium"
      text run at (0,860) width 373: "vulputate. Curabitur viverra augue in leo faucibus congue."
      text run at (0,878) width 365: "Vestibulum ligula neque, commodo eget blandit sit amet,"
      text run at (0,896) width 399: "facilisis vitae mi. Vivamus pretium lorem a quam imperdiet in"
      text run at (0,914) width 373: "placerat purus sagittis. Aliquam ut dui nibh. Cras faucibus"
      text run at (0,932) width 395: "imperdiet pellentesque. Curabitur vel tortor quam, ut pharetra"
      text run at (0,950) width 364: "eros. Mauris euismod, justo in mattis ultricies, risus velit"
      text run at (0,968) width 371: "pretium ligula, eu sodales libero dolor et massa. Phasellus"
      text run at (0,986) width 374: "eros quam, faucibus sed consectetur et, elementum ut erat."
      text run at (0,1004) width 393: "Morbi fringilla, lorem non fermentum vulputate, quam metus"
      text run at (0,1022) width 398: "ullamcorper quam, eu porttitor diam metus eget augue. Donec"
      text run at (0,1040) width 380: "non lorem et arcu adipiscing suscipit. Donec porta euismod"
      text run at (0,1058) width 344: "magna a fermentum. Suspendisse vestibulum rhoncus"
      text run at (0,1076) width 393: "bibendum. Nam in nisi eget nulla vestibulum rutrum. Aenean"
      text run at (0,1094) width 364: "eu libero turpis. Lorem ipsum dolor sit amet, consectetur"
      text run at (0,1112) width 364: "adipiscing elit. Maecenas lacinia massa in lectus pretium"
      text run at (0,1130) width 373: "vulputate. Curabitur viverra augue in leo faucibus congue."
      text run at (0,1155) width 365: "Vestibulum ligula neque, commodo eget blandit sit amet,"
      text run at (0,1173) width 399: "facilisis vitae mi. Vivamus pretium lorem a quam imperdiet in"
      text run at (0,1191) width 373: "placerat purus sagittis. Aliquam ut dui nibh. Cras faucibus"
      text run at (0,1209) width 395: "imperdiet pellentesque. Curabitur vel tortor quam, ut pharetra"
      text run at (0,1227) width 364: "eros. Mauris euismod, justo in mattis ultricies, risus velit"
      text run at (0,1245) width 371: "pretium ligula, eu sodales libero dolor et massa. Phasellus"
      text run at (0,1263) width 374: "eros quam, faucibus sed consectetur et, elementum ut erat."
      text run at (0,1281) width 393: "Morbi fringilla, lorem non fermentum vulputate, quam metus"
      text run at (0,1299) width 398: "ullamcorper quam, eu porttitor diam metus eget augue. Donec"
      text run at (0,1317) width 380: "non lorem et arcu adipiscing suscipit. Donec porta euismod"
      text run at (0,1335) width 344: "magna a fermentum. Suspendisse vestibulum rhoncus"
      text run at (0,1353) width 393: "bibendum. Nam in nisi eget nulla vestibulum rutrum. Aenean"
      text run at (0,1371) width 364: "eu libero turpis. Lorem ipsum dolor sit amet, consectetur"
      text run at (0,1389) width 364: "adipiscing elit. Maecenas lacinia massa in lectus pretium"
      text run at (0,1407) width 373: "vulputate. Curabitur viverra augue in leo faucibus congue."
      text run at (0,1425) width 365: "Vestibulum ligula neque, commodo eget blandit sit amet,"
      text run at (0,1443) width 399: "facilisis vitae mi. Vivamus pretium lorem a quam imperdiet in"
      text run at (0,1461) width 373: "placerat purus sagittis. Aliquam ut dui nibh. Cras faucibus"
      text run at (0,1479) width 395: "imperdiet pellentesque. Curabitur vel tortor quam, ut pharetra"
      text run at (0,1497) width 364: "eros. Mauris euismod, justo in mattis ultricies, risus velit"
      text run at (0,1515) width 371: "pretium ligula, eu sodales libero dolor et massa. Phasellus"
      text run at (0,1540) width 374: "eros quam, faucibus sed consectetur et, elementum ut erat."
      text run at (0,1558) width 393: "Morbi fringilla, lorem non fermentum vulputate, quam metus"
      text run at (0,1576) width 398: "ullamcorper quam, eu porttitor diam metus eget augue. Donec"
      text run at (0,1594) width 380: "non lorem et arcu adipiscing suscipit. Donec porta euismod"
      text run at (0,1612) width 344: "magna a fermentum. Suspendisse vestibulum rhoncus"
      text run at (0,1630) width 393: "bibendum. Nam in nisi eget nulla vestibulum rutrum. Aenean"
      text run at (0,1648) width 364: "eu libero turpis. Lorem ipsum dolor sit amet, consectetur"
      text run at (0,1666) width 364: "adipiscing elit. Maecenas lacinia massa in lectus pretium"
      text run at (0,1684) width 373: "vulputate. Curabitur viverra augue in leo faucibus congue."
      text run at (0,1702) width 365: "Vestibulum ligula neque, commodo eget blandit sit amet,"
      text run at (0,1720) width 399: "facilisis vitae mi. Vivamus pretium lorem a quam imperdiet in"
      text run at (0,1738) width 373: "placerat purus sagittis. Aliquam ut dui nibh. Cras faucibus"
      text run at (0,1756) width 395: "imperdiet pellentesque. Curabitur vel tortor quam, ut pharetra"
      text run at (0,1774) width 364: "eros. Mauris euismod, justo in mattis ultricies, risus velit"
      text run at (0,1792) width 371: "pretium ligula, eu sodales libero dolor et massa. Phasellus"
      text run at (0,1810) width 374: "eros quam, faucibus sed consectetur et, elementum ut erat."
      text run at (0,1828) width 393: "Morbi fringilla, lorem non fermentum vulputate, quam metus"
      text run at (0,1846) width 398: "ullamcorper quam, eu porttitor diam metus eget augue. Donec"
      text run at (0,1864) width 380: "non lorem et arcu adipiscing suscipit. Donec porta euismod"
      text run at (0,1882) width 344: "magna a fermentum. Suspendisse vestibulum rhoncus"
      text run at (0,1900) width 393: "bibendum. Nam in nisi eget nulla vestibulum rutrum. Aenean"
      text run at (0,1925) width 364: "eu libero turpis. Lorem ipsum dolor sit amet, consectetur"
      text run at (0,1943) width 364: "adipiscing elit. Maecenas lacinia massa in lectus pretium"
      text run at (0,1961) width 373: "vulputate. Curabitur viverra augue in leo faucibus congue."
      text run at (0,1979) width 365: "Vestibulum ligula neque, commodo eget blandit sit amet,"
      text run at (0,1997) width 399: "facilisis vitae mi. Vivamus pretium lorem a quam imperdiet in"
      text run at (0,2015) width 373: "placerat purus sagittis. Aliquam ut dui nibh. Cras faucibus"
      text run at (0,2033) width 395: "imperdiet pellentesque. Curabitur vel tortor quam, ut pharetra"
      text run at (0,2051) width 364: "eros. Mauris euismod, justo in mattis ultricies, risus velit"
      text run at (0,2069) width 371: "pretium ligula, eu sodales libero dolor et massa. Phasellus"
      text run at (0,2087) width 374: "eros quam, faucibus sed consectetur et, elementum ut erat."
      text run at (0,2105) width 393: "Morbi fringilla, lorem non fermentum vulputate, quam metus"
      text run at (0,2123) width 398: "ullamcorper quam, eu porttitor diam metus eget augue. Donec"
      text run at (0,2141) width 380: "non lorem et arcu adipiscing suscipit. Donec porta euismod"
      text run at (0,2159) width 344: "magna a fermentum. Suspendisse vestibulum rhoncus"
      text run at (0,2177) width 393: "bibendum. Nam in nisi eget nulla vestibulum rutrum. Aenean"
      text run at (0,2195) width 101: "eu libero turpis."
