layer at (0,0) size 800x600
  RenderView at (0,0) size 800x600
layer at (0,0) size 800x600
  RenderBlock {HTML} at (0,0) size 800x600
    RenderBody {BODY} at (8,8) size 784x584
layer at (8,8) size 404x404 clip at (10,10) size 400x400 scrollHeight 2480
  RenderBlock {DIV} at (0,0) size 404x404 [border: (2px solid #000000)]
    RenderMultiColumnSet at (2,2) size 400x400
layer at (10,10) size 400x2198 backgroundClip at (10,10) size 400x400 clip at (10,10) size 400x400
  RenderMultiColumnFlowThread at (2,2) size 400x2198
    RenderText {#text} at (0,0) size 399x2198
      text run at (0,0) width 357: "Lorem ipsum dolor sit amet, consectetur adipiscing elit."
      text run at (0,18) width 399: "Maecenas lacinia massa in lectus pretium vulputate. Curabitur"
      text run at (0,36) width 358: "viverra augue in leo faucibus congue. Vestibulum ligula"
      text run at (0,54) width 362: "neque, commodo eget blandit sit amet, facilisis vitae mi."
      text run at (0,72) width 379: "Vivamus pretium lorem a quam imperdiet in placerat purus"
      text run at (0,90) width 344: "sagittis. Aliquam ut dui nibh. Cras faucibus imperdiet"
      text run at (0,108) width 364: "pellentesque. Curabitur vel tortor quam, ut pharetra eros."
      text run at (0,126) width 383: "Mauris euismod, justo in mattis ultricies, risus velit pretium"
      text run at (0,144) width 392: "ligula, eu sodales libero dolor et massa. Phasellus eros quam,"
      text run at (0,162) width 344: "faucibus sed consectetur et, elementum ut erat. Morbi"
      text run at (0,180) width 349: "fringilla, lorem non fermentum vulputate, quam metus"
      text run at (0,198) width 398: "ullamcorper quam, eu porttitor diam metus eget augue. Donec"
      text run at (0,216) width 380: "non lorem et arcu adipiscing suscipit. Donec porta euismod"
      text run at (0,234) width 344: "magna a fermentum. Suspendisse vestibulum rhoncus"
      text run at (0,252) width 393: "bibendum. Nam in nisi eget nulla vestibulum rutrum. Aenean"
      text run at (0,270) width 364: "eu libero turpis. Lorem ipsum dolor sit amet, consectetur"
      text run at (0,288) width 364: "adipiscing elit. Maecenas lacinia massa in lectus pretium"
      text run at (0,306) width 373: "vulputate. Curabitur viverra augue in leo faucibus congue."
      text run at (0,324) width 365: "Vestibulum ligula neque, commodo eget blandit sit amet,"
      text run at (0,342) width 399: "facilisis vitae mi. Vivamus pretium lorem a quam imperdiet in"
      text run at (0,360) width 373: "placerat purus sagittis. Aliquam ut dui nibh. Cras faucibus"
      text run at (0,378) width 395: "imperdiet pellentesque. Curabitur vel tortor quam, ut pharetra"
      text run at (0,400) width 364: "eros. Mauris euismod, justo in mattis ultricies, risus velit"
      text run at (0,418) width 371: "pretium ligula, eu sodales libero dolor et massa. Phasellus"
      text run at (0,436) width 374: "eros quam, faucibus sed consectetur et, elementum ut erat."
      text run at (0,454) width 393: "Morbi fringilla, lorem non fermentum vulputate, quam metus"
      text run at (0,472) width 398: "ullamcorper quam, eu porttitor diam metus eget augue. Donec"
      text run at (0,490) width 380: "non lorem et arcu adipiscing suscipit. Donec porta euismod"
      text run at (0,508) width 344: "magna a fermentum. Suspendisse vestibulum rhoncus"
      text run at (0,526) width 393: "bibendum. Nam in nisi eget nulla vestibulum rutrum. Aenean"
      text run at (0,544) width 364: "eu libero turpis. Lorem ipsum dolor sit amet, consectetur"
      text run at (0,562) width 364: "adipiscing elit. Maecenas lacinia massa in lectus pretium"
      text run at (0,580) width 373: "vulputate. Curabitur viverra augue in leo faucibus congue."
      text run at (0,598) width 365: "Vestibulum ligula neque, commodo eget blandit sit amet,"
      text run at (0,616) width 399: "facilisis vitae mi. Vivamus pretium lorem a quam imperdiet in"
      text run at (0,634) width 373: "placerat purus sagittis. Aliquam ut dui nibh. Cras faucibus"
      text run at (0,652) width 395: "imperdiet pellentesque. Curabitur vel tortor quam, ut pharetra"
      text run at (0,670) width 364: "eros. Mauris euismod, justo in mattis ultricies, risus velit"
      text run at (0,688) width 371: "pretium ligula, eu sodales libero dolor et massa. Phasellus"
      text run at (0,706) width 374: "eros quam, faucibus sed consectetur et, elementum ut erat."
      text run at (0,724) width 393: "Morbi fringilla, lorem non fermentum vulputate, quam metus"
      text run at (0,742) width 398: "ullamcorper quam, eu porttitor diam metus eget augue. Donec"
      text run at (0,760) width 380: "non lorem et arcu adipiscing suscipit. Donec porta euismod"
      text run at (0,778) width 344: "magna a fermentum. Suspendisse vestibulum rhoncus"
      text run at (0,800) width 393: "bibendum. Nam in nisi eget nulla vestibulum rutrum. Aenean"
      text run at (0,818) width 364: "eu libero turpis. Lorem ipsum dolor sit amet, consectetur"
      text run at (0,836) width 364: "adipiscing elit. Maecenas lacinia massa in lectus pretium"
      text run at (0,854) width 373: "vulputate. Curabitur viverra augue in leo faucibus congue."
      text run at (0,872) width 365: "Vestibulum ligula neque, commodo eget blandit sit amet,"
      text run at (0,890) width 399: "facilisis vitae mi. Vivamus pretium lorem a quam imperdiet in"
      text run at (0,908) width 373: "placerat purus sagittis. Aliquam ut dui nibh. Cras faucibus"
      text run at (0,926) width 395: "imperdiet pellentesque. Curabitur vel tortor quam, ut pharetra"
      text run at (0,944) width 364: "eros. Mauris euismod, justo in mattis ultricies, risus velit"
      text run at (0,962) width 371: "pretium ligula, eu sodales libero dolor et massa. Phasellus"
      text run at (0,980) width 374: "eros quam, faucibus sed consectetur et, elementum ut erat."
      text run at (0,998) width 393: "Morbi fringilla, lorem non fermentum vulputate, quam metus"
      text run at (0,1016) width 398: "ullamcorper quam, eu porttitor diam metus eget augue. Donec"
      text run at (0,1034) width 380: "non lorem et arcu adipiscing suscipit. Donec porta euismod"
      text run at (0,1052) width 344: "magna a fermentum. Suspendisse vestibulum rhoncus"
      text run at (0,1070) width 393: "bibendum. Nam in nisi eget nulla vestibulum rutrum. Aenean"
      text run at (0,1088) width 364: "eu libero turpis. Lorem ipsum dolor sit amet, consectetur"
      text run at (0,1106) width 364: "adipiscing elit. Maecenas lacinia massa in lectus pretium"
      text run at (0,1124) width 373: "vulputate. Curabitur viverra augue in leo faucibus congue."
      text run at (0,1142) width 365: "Vestibulum ligula neque, commodo eget blandit sit amet,"
      text run at (0,1160) width 399: "facilisis vitae mi. Vivamus pretium lorem a quam imperdiet in"
      text run at (0,1178) width 373: "placerat purus sagittis. Aliquam ut dui nibh. Cras faucibus"
      text run at (0,1200) width 395: "imperdiet pellentesque. Curabitur vel tortor quam, ut pharetra"
      text run at (0,1218) width 364: "eros. Mauris euismod, justo in mattis ultricies, risus velit"
      text run at (0,1236) width 371: "pretium ligula, eu sodales libero dolor et massa. Phasellus"
      text run at (0,1254) width 374: "eros quam, faucibus sed consectetur et, elementum ut erat."
      text run at (0,1272) width 393: "Morbi fringilla, lorem non fermentum vulputate, quam metus"
      text run at (0,1290) width 398: "ullamcorper quam, eu porttitor diam metus eget augue. Donec"
      text run at (0,1308) width 380: "non lorem et arcu adipiscing suscipit. Donec porta euismod"
      text run at (0,1326) width 344: "magna a fermentum. Suspendisse vestibulum rhoncus"
      text run at (0,1344) width 393: "bibendum. Nam in nisi eget nulla vestibulum rutrum. Aenean"
      text run at (0,1362) width 364: "eu libero turpis. Lorem ipsum dolor sit amet, consectetur"
      text run at (0,1380) width 364: "adipiscing elit. Maecenas lacinia massa in lectus pretium"
      text run at (0,1398) width 373: "vulputate. Curabitur viverra augue in leo faucibus congue."
      text run at (0,1416) width 365: "Vestibulum ligula neque, commodo eget blandit sit amet,"
      text run at (0,1434) width 399: "facilisis vitae mi. Vivamus pretium lorem a quam imperdiet in"
      text run at (0,1452) width 373: "placerat purus sagittis. Aliquam ut dui nibh. Cras faucibus"
      text run at (0,1470) width 395: "imperdiet pellentesque. Curabitur vel tortor quam, ut pharetra"
      text run at (0,1488) width 364: "eros. Mauris euismod, justo in mattis ultricies, risus velit"
      text run at (0,1506) width 371: "pretium ligula, eu sodales libero dolor et massa. Phasellus"
      text run at (0,1524) width 374: "eros quam, faucibus sed consectetur et, elementum ut erat."
      text run at (0,1542) width 393: "Morbi fringilla, lorem non fermentum vulputate, quam metus"
      text run at (0,1560) width 398: "ullamcorper quam, eu porttitor diam metus eget augue. Donec"
      text run at (0,1578) width 380: "non lorem et arcu adipiscing suscipit. Donec porta euismod"
      text run at (0,1600) width 344: "magna a fermentum. Suspendisse vestibulum rhoncus"
      text run at (0,1618) width 393: "bibendum. Nam in nisi eget nulla vestibulum rutrum. Aenean"
      text run at (0,1636) width 364: "eu libero turpis. Lorem ipsum dolor sit amet, consectetur"
      text run at (0,1654) width 364: "adipiscing elit. Maecenas lacinia massa in lectus pretium"
      text run at (0,1672) width 373: "vulputate. Curabitur viverra augue in leo faucibus congue."
      text run at (0,1690) width 365: "Vestibulum ligula neque, commodo eget blandit sit amet,"
      text run at (0,1708) width 399: "facilisis vitae mi. Vivamus pretium lorem a quam imperdiet in"
      text run at (0,1726) width 373: "placerat purus sagittis. Aliquam ut dui nibh. Cras faucibus"
      text run at (0,1744) width 395: "imperdiet pellentesque. Curabitur vel tortor quam, ut pharetra"
      text run at (0,1762) width 364: "eros. Mauris euismod, justo in mattis ultricies, risus velit"
      text run at (0,1780) width 371: "pretium ligula, eu sodales libero dolor et massa. Phasellus"
      text run at (0,1798) width 374: "eros quam, faucibus sed consectetur et, elementum ut erat."
      text run at (0,1816) width 393: "Morbi fringilla, lorem non fermentum vulputate, quam metus"
      text run at (0,1834) width 398: "ullamcorper quam, eu porttitor diam metus eget augue. Donec"
      text run at (0,1852) width 380: "non lorem et arcu adipiscing suscipit. Donec porta euismod"
      text run at (0,1870) width 344: "magna a fermentum. Suspendisse vestibulum rhoncus"
      text run at (0,1888) width 393: "bibendum. Nam in nisi eget nulla vestibulum rutrum. Aenean"
      text run at (0,1906) width 364: "eu libero turpis. Lorem ipsum dolor sit amet, consectetur"
      text run at (0,1924) width 364: "adipiscing elit. Maecenas lacinia massa in lectus pretium"
      text run at (0,1942) width 373: "vulputate. Curabitur viverra augue in leo faucibus congue."
      text run at (0,1960) width 365: "Vestibulum ligula neque, commodo eget blandit sit amet,"
      text run at (0,1978) width 399: "facilisis vitae mi. Vivamus pretium lorem a quam imperdiet in"
      text run at (0,2000) width 373: "placerat purus sagittis. Aliquam ut dui nibh. Cras faucibus"
      text run at (0,2018) width 395: "imperdiet pellentesque. Curabitur vel tortor quam, ut pharetra"
      text run at (0,2036) width 364: "eros. Mauris euismod, justo in mattis ultricies, risus velit"
      text run at (0,2054) width 371: "pretium ligula, eu sodales libero dolor et massa. Phasellus"
      text run at (0,2072) width 374: "eros quam, faucibus sed consectetur et, elementum ut erat."
      text run at (0,2090) width 393: "Morbi fringilla, lorem non fermentum vulputate, quam metus"
      text run at (0,2108) width 398: "ullamcorper quam, eu porttitor diam metus eget augue. Donec"
      text run at (0,2126) width 380: "non lorem et arcu adipiscing suscipit. Donec porta euismod"
      text run at (0,2144) width 344: "magna a fermentum. Suspendisse vestibulum rhoncus"
      text run at (0,2162) width 393: "bibendum. Nam in nisi eget nulla vestibulum rutrum. Aenean"
      text run at (0,2180) width 101: "eu libero turpis."
