layer at (0,0) size 800x600
  RenderView at (0,0) size 800x600
layer at (0,0) size 800x600
  RenderBlock {HTML} at (0,0) size 800x600
    RenderBody {BODY} at (8,8) size 784x584
layer at (0,42) size 800x558 clip at (0,42) size 785x558 scrollY 282 scrollHeight 840
  RenderBlock (positioned) {DIV} at (0,42) size 800x558
layer at (0,-240) size 570x840 backgroundClip at (0,42) size 785x558 clip at (0,42) size 785x558
  RenderBlock (positioned) {DIV} at (0,0) size 571x840
    RenderBlock (anonymous) at (0,0) size 571x18
      RenderText {#text} at (0,0) size 571x18
        text run at (0,0) width 571: "This tests that we can scroll to reveal something in a nested positioned block in overflow."
    RenderBlock {DIV} at (0,18) size 571x800
    RenderBlock (anonymous) at (0,818) size 571x22
      RenderButton {INPUT} at (2,2) size 201x18 [color=#000000D8] [bgcolor=#C0C0C0]
        RenderBlock (anonymous) at (8,2) size 185x13
          RenderText at (0,0) size 185x13
            text run at (0,0) width 185: "If you can see this, test has passed"
      RenderText {#text} at (0,0) size 0x0
