layer at (0,0) size 800x600
  RenderView at (0,0) size 800x600
layer at (0,0) size 800x600
  RenderBlock {HTML} at (0,0) size 800x600
    RenderBody {BODY} at (8,8) size 784x584
      RenderBlock {P} at (0,0) size 784x40
        RenderText {#text} at (0,0) size 747x39
          text run at (0,0) width 451: "This tests for a bug when replacing the contents of a floating element. "
          text run at (450,0) width 297: "Just its contents should be removed during the"
          text run at (0,20) width 51: "replace."
      RenderBlock {DIV} at (0,56) size 784x20
        RenderText {#text} at (297,0) size 239x19
          text run at (297,0) width 239: "This shouldn't be in the bordered div."
        RenderBlock (floating) {DIV} at (0,0) size 298x22 [border: (1px solid #0000FF)]
          RenderText {#text} at (1,1) size 296x19
            text run at (1,1) width 296: "This should be in a floating blue bordered div."
caret: position 47 of child 0 {#text} of child 1 {DIV} of child 2 {DIV} of body
