layer at (0,0) size 800x600
  RenderView at (0,0) size 800x600
layer at (0,0) size 800x600
  RenderBlock {HTML} at (0,0) size 800x600
    RenderBody {BODY} at (8,8) size 784x584
      RenderBlock {P} at (0,0) size 784x20
        RenderText {#text} at (0,0) size 601x19
          text run at (0,0) width 601: "This tests for a bug where a newline inserted at the end of an anonymous block would be lost."
      RenderBlock {DIV} at (0,36) size 784x60
        RenderBlock (anonymous) at (0,0) size 784x20
          RenderText {#text} at (0,0) size 22x19
            text run at (0,0) width 22: "foo"
        RenderBlock {DIV} at (0,20) size 784x40
          RenderBR {BR} at (0,0) size 0x19
          RenderText {#text} at (0,20) size 21x19
            text run at (0,20) width 21: "bar"
caret: position 0 of child 1 {#text} of child 1 {DIV} of child 2 {DIV} of body
