layer at (0,0) size 800x600
  RenderView at (0,0) size 800x600
layer at (0,0) size 800x600
  RenderBlock {HTML} at (0,0) size 800x600
    RenderBody {BODY} at (8,8) size 784x584
      RenderBlock {P} at (0,0) size 784x20
        RenderText {#text} at (0,0) size 707x19
          text run at (0,0) width 707: "This tests for a bug where hitting return after a line break in text that preserves newlines wouldn't do anything."
      RenderBlock {DIV} at (0,36) size 784x60
        RenderBlock (anonymous) at (0,0) size 784x40
          RenderText {#text} at (0,0) size 24x19
            text run at (0,0) width 24: "xxx"
            text run at (24,0) width 0: " "
          RenderBR {BR} at (0,20) size 0x19
        RenderBlock {DIV} at (0,40) size 784x20
          RenderText {#text} at (0,0) size 676x19
            text run at (0,0) width 676: "There should be an empty paragraph before this one, and the caret should be at the start of this paragraph."
caret: position 0 of child 0 {#text} of child 2 {DIV} of child 2 {DIV} of body
