EDITING DELEGATE: shouldBeginEditingInDOMRange:range from 0 of DIV > BODY > HTML > #document to 1 of DIV > BODY > HTML > #document
EDITING DELEGATE: webViewDidBeginEditing:WebViewDidBeginEditingNotification
EDITING DELEGATE: webViewDidChangeSelection:WebViewDidChangeSelectionNotification
EDITING DELEGATE: webViewDidChangeSelection:WebViewDidChangeSelectionNotification
EDITING DELEGATE: webViewDidChangeSelection:WebViewDidChangeSelectionNotification
EDITING DELEGATE: shouldChangeSelectedDOMRange:range from 2 of PRE > DIV > BODY > HTML > #document to 2 of PRE > DIV > BODY > HTML > #document toDOMRange:range from 0 of PRE > DIV > BODY > HTML > #document to 0 of PRE > DIV > BODY > HTML > #document affinity:NSSelectionAffinityDownstream stillSelecting:FALSE
EDITING DELEGATE: webViewDidChangeSelection:WebViewDidChangeSelectionNotification
EDITING DELEGATE: webViewDidChange:WebViewDidChangeNotification
layer at (0,0) size 800x600
  RenderView at (0,0) size 800x600
layer at (0,0) size 800x600
  RenderBlock {HTML} at (0,0) size 800x600
    RenderBody {BODY} at (8,8) size 784x579
      RenderBlock {P} at (0,0) size 784x60
        RenderText {#text} at (0,0) size 767x59
          text run at (0,0) width 746: "Tests for a bug in the paragraph separator insertion code that would add an extra newline when inserting a paragraph"
          text run at (0,20) width 427: "separator at the end of a paragraph in text that preserves newlines. "
          text run at (426,20) width 341: "Also, an extraneous space would be added after 'foo'."
          text run at (0,40) width 230: "Only one newline should be added. "
          text run at (229,40) width 274: "And there should be no extraneous spaces."
      RenderBlock {P} at (0,76) size 784x20
        RenderInline {B} at (0,0) size 155x19
          RenderText {#text} at (0,0) size 155x19
            text run at (0,0) width 155: "It demonstrates a bug:"
        RenderText {#text} at (154,0) size 593x19
          text run at (154,0) width 593: " too much padding is left between the new line and the end of the paragraph containing 'foo'."
      RenderBlock {DIV} at (0,112) size 784x55
        RenderBlock {PRE} at (0,0) size 784x28
          RenderText {#text} at (0,0) size 24x14
            text run at (0,0) width 24: "foo"
            text run at (23,0) width 1: " "
          RenderBR {BR} at (0,14) size 0x14
        RenderBlock {PRE} at (0,41) size 784x14
          RenderText {#text} at (0,0) size 24x14
            text run at (0,0) width 24: "bar"
caret: position 0 of child 0 {#text} of child 1 {PRE} of child 4 {DIV} of body
