EDITING DELEGATE: shouldBeginEditingInDOMRange:range from 0 of DIV > BODY > HTML > #document to 1 of DIV > BODY > HTML > #document
EDITING DELEGATE: webViewDidBeginEditing:WebViewDidBeginEditingNotification
EDITING DELEGATE: webViewDidChangeSelection:WebViewDidChangeSelectionNotification
EDITING DELEGATE: shouldChangeSelectedDOMRange:range from 1 of TD > TR > TBODY > TABLE > DIV > BODY > HTML > #document to 0 of TD > TR > TBODY > TABLE > DIV > BODY > HTML > #document toDOMRange:range from 2 of TD > TR > TBODY > TABLE > DIV > BODY > HTML > #document to 2 of TD > TR > TBODY > TABLE > DIV > BODY > HTML > #document affinity:NSSelectionAffinityDownstream stillSelecting:FALSE
EDITING DELEGATE: webViewDidChangeSelection:WebViewDidChangeSelectionNotification
EDITING DELEGATE: webViewDidChange:WebViewDidChangeNotification
layer at (0,0) size 800x600
  RenderView at (0,0) size 800x600
layer at (0,0) size 800x600
  RenderBlock {HTML} at (0,0) size 800x600
    RenderBody {BODY} at (8,8) size 784x584
      RenderBlock {P} at (0,0) size 784x40
        RenderText {#text} at (0,0) size 758x39
          text run at (0,0) width 347: "This tests InsertParagraphSeparator inside table cells. "
          text run at (346,0) width 412: "The first cell should contain 'Cell' and a newline, and the second"
          text run at (0,20) width 163: "cell should contain 'Two'."
      RenderBlock {DIV} at (0,56) size 784x50
        RenderTable {TABLE} at (0,0) size 79x50 [border: (1px outset #808080)]
          RenderTableSection {TBODY} at (1,1) size 77x48
            RenderTableRow {TR} at (0,2) size 77x44
              RenderTableCell {TD} at (2,2) size 35x44 [border: (1px inset #808080)] [r=0 c=0 rs=1 cs=1]
                RenderText {#text} at (2,2) size 31x19
                  text run at (2,2) width 31: "Cell "
                RenderBR {BR} at (32,2) size 1x19
                RenderBR {BR} at (2,22) size 0x19
              RenderTableCell {TD} at (38,12) size 37x24 [border: (1px inset #808080)] [r=0 c=1 rs=1 cs=1]
                RenderText {#text} at (2,2) size 33x19
                  text run at (2,2) width 33: " Two"
caret: position 0 of child 2 {BR} of child 0 {TD} of child 0 {TR} of child 0 {TBODY} of child 0 {TABLE} of child 2 {DIV} of body
