layer at (0,0) size 800x600
  RenderView at (0,0) size 800x600
layer at (0,0) size 800x600
  RenderBlock {HTML} at (0,0) size 800x600
    RenderBody {BODY} at (8,8) size 784x584
      RenderBlock {DIV} at (0,0) size 10x43
        RenderText {#text} at (0,0) size 25x17
          text run at (0,0) width 25: "Foo"
        RenderImage {IMG} at (0,18) size 25x25
      RenderBlock {DIV} at (0,43) size 10x48
        RenderText {#text} at (0,0) size 25x17
          text run at (0,0) width 25: "Foo"
        RenderMenuList {SELECT} at (0,18) size 55x30 [bgcolor=#FFFFFF] [border: (1px solid #000000)]
          RenderBlock (anonymous) at (1,1) size 53x28
            RenderText at (5,5) size 27x17
              text run at (5,5) width 27: "One"
      RenderBlock {DIV} at (0,91) size 10x42
        RenderText {#text} at (0,0) size 25x17
          text run at (0,0) width 25: "Foo"
        RenderTextControl {INPUT} at (0,18) size 173x24 [bgcolor=#FFFFFF] [border: (2px inset #000000)]
      RenderBlock {DIV} at (0,133) size 10x43
        RenderImage {IMG} at (0,0) size 25x25
        RenderText {#text} at (0,25) size 25x17
          text run at (0,25) width 25: "Foo"
      RenderBlock {DIV} at (0,176) size 10x48
        RenderMenuList {SELECT} at (0,0) size 55x30 [bgcolor=#FFFFFF] [border: (1px solid #000000)]
          RenderBlock (anonymous) at (1,1) size 53x28
            RenderText at (5,5) size 27x17
              text run at (5,5) width 27: "One"
        RenderText {#text} at (0,30) size 25x17
          text run at (0,30) width 25: "Foo"
      RenderBlock {DIV} at (0,224) size 10x42
        RenderTextControl {INPUT} at (0,0) size 173x24 [bgcolor=#FFFFFF] [border: (2px inset #000000)]
        RenderText {#text} at (0,24) size 25x17
          text run at (0,24) width 25: "Foo"
layer at (11,120) size 167x18
  RenderBlock {DIV} at (3,3) size 167x18
layer at (11,235) size 167x18
  RenderBlock {DIV} at (3,3) size 167x18
