layer at (0,0) size 800x600
  RenderView at (0,0) size 800x600
layer at (0,0) size 800x600
  RenderBlock {HTML} at (0,0) size 800x600
    RenderBody {BODY} at (8,8) size 784x584
      RenderBlock (anonymous) at (0,0) size 784x18
        RenderText {#text} at (0,0) size 252x17
          text run at (0,0) width 252: "The textareas below should not overlap."
      RenderTable {TABLE} at (0,18) size 784x46
        RenderTableSection {TBODY} at (0,0) size 784x46
          RenderTableRow {TR} at (0,1) size 784x44
            RenderTableCell {TD} at (1,1) size 8x44 [r=0 c=0 rs=1 cs=1]
            RenderTableCell {TD} at (10,1) size 8x44 [r=0 c=1 rs=1 cs=1]
            RenderTableCell {TD} at (19,1) size 8x44 [r=0 c=2 rs=1 cs=1]
            RenderTableCell {TD} at (28,13) size 755x20 [r=0 c=3 rs=1 cs=1]
              RenderText {#text} at (1,1) size 4x17
                text run at (1,1) width 4: " "
      RenderBlock (anonymous) at (0,64) size 784x36
        RenderBR {BR} at (0,0) size 0x17
        RenderBR {BR} at (0,18) size 0x17
      RenderTable {TABLE} at (0,100) size 784x46
        RenderTableSection {TBODY} at (0,0) size 784x46
          RenderTableRow {TR} at (0,1) size 784x44
            RenderTableCell {TD} at (1,1) size 8x44 [r=0 c=0 rs=1 cs=1]
            RenderTableCell {TD} at (10,1) size 8x44 [r=0 c=1 rs=1 cs=1]
            RenderTableCell {TD} at (19,1) size 8x44 [r=0 c=2 rs=1 cs=1]
            RenderTableCell {TD} at (28,13) size 755x20 [r=0 c=3 rs=1 cs=1]
              RenderText {#text} at (1,1) size 4x17
                text run at (1,1) width 4: " "
layer at (10,28) size 6x42 clip at (0,0) size 0x0 scrollWidth 10 scrollHeight 58
  RenderTextControl {TEXTAREA} at (1,1) size 6x42 [bgcolor=#FFFFFF] [border: (1px solid #000000)]
    RenderBlock {DIV} at (3,3) size 0x54
      RenderText {#text} at (0,0) size 8x53
        text run at (0,0) width 8: "o"
        text run at (0,18) width 8: "n"
        text run at (0,36) width 7: "e"
layer at (19,28) size 6x42 clip at (0,0) size 0x0 scrollWidth 14 scrollHeight 58
  RenderTextControl {TEXTAREA} at (1,1) size 6x42 [bgcolor=#FFFFFF] [border: (1px solid #000000)]
    RenderBlock {DIV} at (3,3) size 0x54
      RenderText {#text} at (0,0) size 12x53
        text run at (0,0) width 4: "t"
        text run at (0,18) width 12: "w"
        text run at (0,36) width 8: "o"
layer at (28,28) size 6x42 clip at (0,0) size 0x0 scrollWidth 10 scrollHeight 94
  RenderTextControl {TEXTAREA} at (1,1) size 6x42 [bgcolor=#FFFFFF] [border: (1px solid #000000)]
    RenderBlock {DIV} at (3,3) size 0x90
      RenderText {#text} at (0,0) size 8x89
        text run at (0,0) width 4: "t"
        text run at (0,18) width 8: "h"
        text run at (0,36) width 5: "r"
        text run at (0,54) width 7: "e"
        text run at (0,72) width 7: "e"
layer at (10,110) size 6x42 clip at (0,0) size 0x0 scrollWidth 14 scrollHeight 238
  RenderTextControl {TEXTAREA} at (1,1) size 6x42 [bgcolor=#FFFFFF] [border: (1px solid #000000)]
    RenderBlock {DIV} at (3,3) size 0x234
      RenderText {#text} at (0,0) size 12x233
        text run at (0,0) width 8: "o"
        text run at (0,18) width 8: "n"
        text run at (0,36) width 7: "e"
        text run at (0,54) width 0: " "
        text run at (0,72) width 4: "t"
        text run at (0,90) width 12: "w"
        text run at (0,108) width 8: "o"
        text run at (0,126) width 0: " "
        text run at (0,144) width 4: "t"
        text run at (0,162) width 8: "h"
        text run at (0,180) width 5: "r"
        text run at (0,198) width 7: "e"
        text run at (0,216) width 7: "e"
layer at (19,110) size 6x42 clip at (0,0) size 0x0 scrollWidth 14 scrollHeight 58
  RenderTextControl {TEXTAREA} at (1,1) size 6x42 [bgcolor=#FFFFFF] [border: (1px solid #000000)]
    RenderBlock {DIV} at (3,3) size 0x54
      RenderText {#text} at (0,0) size 12x53
        text run at (0,0) width 4: "t"
        text run at (0,18) width 12: "w"
        text run at (0,36) width 8: "o"
layer at (28,110) size 6x42 clip at (0,0) size 0x0 scrollWidth 10 scrollHeight 94
  RenderTextControl {TEXTAREA} at (1,1) size 6x42 [bgcolor=#FFFFFF] [border: (1px solid #000000)]
    RenderBlock {DIV} at (3,3) size 0x90
      RenderText {#text} at (0,0) size 8x89
        text run at (0,0) width 4: "t"
        text run at (0,18) width 8: "h"
        text run at (0,36) width 5: "r"
        text run at (0,54) width 7: "e"
        text run at (0,72) width 7: "e"
