layer at (0,0) size 800x600
  RenderView at (0,0) size 800x600
layer at (0,0) size 800x600
  RenderBlock {HTML} at (0,0) size 800x600
    RenderBody {BODY} at (8,8) size 784x584
      RenderBlock (anonymous) at (0,0) size 784x18
        RenderText {#text} at (0,0) size 315x17
          text run at (0,0) width 315: "The following sets of buttons should not overlap."
      RenderTable {TABLE} at (0,18) size 784x31
        RenderTableSection {TBODY} at (0,0) size 784x31
          RenderTableRow {TR} at (0,1) size 784x29
            RenderTableCell {TD} at (1,1) size 83x29 [r=0 c=0 rs=1 cs=1]
              RenderButton {INPUT} at (1,1) size 81x27 [color=#000000CC] [bgcolor=#C0C0C0] [border: (2px outset #C0C0C0)]
                RenderBlock (anonymous) at (8,4) size 65x18
                  RenderText at (0,0) size 65x17
                    text run at (0,0) width 65: "New Mail"
            RenderTableCell {TD} at (84,1) size 57x29 [r=0 c=1 rs=1 cs=1]
              RenderButton {INPUT} at (1,1) size 55x27 [color=#000000CC] [bgcolor=#C0C0C0] [border: (2px outset #C0C0C0)]
                RenderBlock (anonymous) at (8,4) size 39x18
                  RenderText at (0,0) size 39x17
                    text run at (0,0) width 39: "Reply"
            RenderTableCell {TD} at (141,1) size 82x29 [r=0 c=2 rs=1 cs=1]
              RenderButton {INPUT} at (1,1) size 79x27 [color=#000000CC] [bgcolor=#C0C0C0] [border: (2px outset #C0C0C0)]
                RenderBlock (anonymous) at (8,4) size 63x18
                  RenderText at (0,0) size 63x17
                    text run at (0,0) width 63: "Reply All"
            RenderTableCell {TD} at (223,5) size 560x21 [r=0 c=3 rs=1 cs=1]
              RenderText {#text} at (1,0) size 4x19
                text run at (1,1) width 4: " "
      RenderBlock (anonymous) at (0,49) size 784x36
        RenderBR {BR} at (0,0) size 0x17
        RenderBR {BR} at (0,18) size 0x17
      RenderTable {TABLE} at (0,85) size 784x31
        RenderTableSection {TBODY} at (0,0) size 784x31
          RenderTableRow {TR} at (0,1) size 784x29
            RenderTableCell {TD} at (1,1) size 83x29 [r=0 c=0 rs=1 cs=1]
              RenderButton {INPUT} at (1,1) size 81x27 [color=#000000CC] [bgcolor=#C0C0C0] [border: (2px outset #C0C0C0)]
                RenderBlock (anonymous) at (8,4) size 65x18
                  RenderText at (0,0) size 65x17
                    text run at (0,0) width 65: "New Mail"
            RenderTableCell {TD} at (84,1) size 57x29 [r=0 c=1 rs=1 cs=1]
              RenderButton {INPUT} at (1,1) size 55x27 [color=#000000CC] [bgcolor=#C0C0C0] [border: (2px outset #C0C0C0)]
                RenderBlock (anonymous) at (8,4) size 39x18
                  RenderText at (0,0) size 39x17
                    text run at (0,0) width 39: "Reply"
            RenderTableCell {TD} at (141,1) size 82x29 [r=0 c=2 rs=1 cs=1]
              RenderButton {INPUT} at (1,1) size 79x27 [color=#000000CC] [bgcolor=#C0C0C0] [border: (2px outset #C0C0C0)]
                RenderBlock (anonymous) at (8,4) size 63x18
                  RenderText at (0,0) size 63x17
                    text run at (0,0) width 63: "Reply All"
            RenderTableCell {TD} at (223,5) size 560x21 [r=0 c=3 rs=1 cs=1]
              RenderText {#text} at (1,0) size 4x19
                text run at (1,1) width 4: " "
