layer at (0,0) size 800x600
  RenderView at (0,0) size 800x600
layer at (0,0) size 800x600
  RenderBlock {HTML} at (0,0) size 800x600
    RenderBody {BODY} at (8,8) size 784x576
      RenderBlock {P} at (0,0) size 784x18 [color=#FF0000]
        RenderText {#text} at (0,0) size 114x17
          text run at (0,0) width 114: "this should be red"
      RenderBlock {P} at (0,34) size 784x18 [color=#0000FF]
        RenderText {#text} at (0,0) size 121x17
          text run at (0,0) width 121: "this should be blue"
