layer at (0,0) size 785x1601
  RenderView at (0,0) size 785x600
layer at (0,0) size 785x1601
  RenderBlock {HTML} at (0,0) size 785x1601
    RenderBody {BODY} at (8,16) size 769x1537 [bgcolor=#FFFFFF]
      RenderBlock {P} at (0,0) size 769x18
        RenderText {#text} at (0,0) size 165x17
          text run at (0,0) width 165: "This page is part of the "
        RenderInline {A} at (0,0) size 73x17 [color=#0000EE]
          RenderText {#text} at (165,0) size 73x17
            text run at (165,0) width 73: "CSS3.info"
        RenderText {#text} at (238,0) size 4x17
          text run at (238,0) width 4: " "
        RenderInline {A} at (0,0) size 131x17 [color=#0000EE]
          RenderText {#text} at (242,0) size 131x17
            text run at (242,0) width 131: "CSS selectors test"
        RenderText {#text} at (373,0) size 133x17
          text run at (373,0) width 133: ". See more info on "
        RenderInline {A} at (0,0) size 111x17 [color=#0000EE]
          RenderText {#text} at (506,0) size 111x17
            text run at (506,0) width 111: "CSS3 selectors"
        RenderText {#text} at (617,0) size 4x17
          text run at (617,0) width 4: "."
      RenderBlock {DIV} at (0,34) size 769x0 [bgcolor=#009900]
      RenderBlock {OL} at (0,34) size 769x1503
        RenderListItem {LI} at (40,0) size 616x192 [bgcolor=#AAAAAA]
          RenderBlock {DIV} at (16,16) size 584x24 [bgcolor=#990000]
            RenderBlock {DIV} at (0,0) size 584x24 [bgcolor=#009900]
          RenderBlock {PRE} at (16,53) size 584x73 [bgcolor=#FFFFFF]
            RenderListMarker at (-37,3) size 17x18: "1"
            RenderText {#text} at (6,6) size 89x61
              text run at (6,6) width 65: ":empty {"
              text run at (70,6) width 1: " "
              text run at (6,21) width 9: "}"
              text run at (14,21) width 1: " "
              text run at (6,36) width 1: " "
              text run at (6,51) width 89: "<div></div>"
          RenderBlock {P} at (16,142) size 584x18
            RenderText {#text} at (0,0) size 481x17
              text run at (0,0) width 481: "The CSS selector should match the div element, because it is empty"
        RenderListItem {LI} at (40,240) size 616x192 [bgcolor=#AAAAAA]
          RenderBlock {DIV} at (16,16) size 584x24 [bgcolor=#990000]
            RenderBlock {DIV} at (0,0) size 584x24 [bgcolor=#009900]
          RenderBlock {PRE} at (16,53) size 584x73 [bgcolor=#FFFFFF]
            RenderListMarker at (-37,3) size 17x18: "2"
            RenderText {#text} at (6,6) size 273x61
              text run at (6,6) width 65: ":empty {"
              text run at (70,6) width 1: " "
              text run at (6,21) width 9: "}"
              text run at (14,21) width 1: " "
              text run at (6,36) width 1: " "
              text run at (6,51) width 273: "<div><!-- Just a comment --></div>"
          RenderBlock {P} at (16,142) size 584x18
            RenderText {#text} at (0,0) size 481x17
              text run at (0,0) width 481: "The CSS selector should match the div element, because it is empty"
        RenderListItem {LI} at (40,480) size 616x192 [bgcolor=#AAAAAA]
          RenderBlock {DIV} at (16,16) size 584x24 [bgcolor=#009900]
            RenderBlock {DIV} at (0,0) size 584x24
          RenderBlock {PRE} at (16,53) size 584x73 [bgcolor=#FFFFFF]
            RenderListMarker at (-37,3) size 17x18: "3"
            RenderText {#text} at (6,6) size 97x61
              text run at (6,6) width 65: ":empty {"
              text run at (70,6) width 1: " "
              text run at (6,21) width 9: "}"
              text run at (14,21) width 1: " "
              text run at (6,36) width 1: " "
              text run at (6,51) width 97: "<div> </div>"
          RenderBlock {P} at (16,142) size 584x18
            RenderText {#text} at (0,0) size 533x17
              text run at (0,0) width 533: "The CSS selector should not match the div element, because it is not empty"
        RenderListItem {LI} at (40,720) size 616x240 [bgcolor=#AAAAAA]
          RenderBlock {DIV} at (16,16) size 584x42 [bgcolor=#009900]
            RenderBlock {DIV} at (0,0) size 584x42
              RenderListMarker at (-37,12) size 17x17: "4"
              RenderText {#text} at (12,12) size 4x17
                text run at (12,12) width 4: "."
          RenderBlock {PRE} at (16,71) size 584x103 [bgcolor=#FFFFFF]
            RenderText {#text} at (6,6) size 225x91
              text run at (6,6) width 65: ":empty {"
              text run at (70,6) width 1: " "
              text run at (6,21) width 9: "}"
              text run at (14,21) width 1: " "
              text run at (6,36) width 1: " "
              text run at (6,51) width 49: "<div> "
              text run at (54,51) width 1: " "
              text run at (6,66) width 225: "   How about regular text..."
              text run at (230,66) width 1: " "
              text run at (6,81) width 49: "</div>"
          RenderBlock {P} at (16,190) size 584x18
            RenderText {#text} at (0,0) size 533x17
              text run at (0,0) width 533: "The CSS selector should not match the div element, because it is not empty"
        RenderListItem {LI} at (40,1008) size 616x192 [bgcolor=#AAAAAA]
          RenderBlock {DIV} at (16,16) size 584x24 [bgcolor=#009900]
            RenderBlock {DIV} at (0,0) size 584x24
              RenderBlock {BLOCKQUOTE} at (12,12) size 560x0 [bgcolor=#990000]
          RenderBlock {PRE} at (16,53) size 584x73 [bgcolor=#FFFFFF]
            RenderListMarker at (-37,3) size 17x18: "5"
            RenderText {#text} at (6,6) size 289x61
              text run at (6,6) width 65: ":empty {"
              text run at (70,6) width 1: " "
              text run at (6,21) width 9: "}"
              text run at (14,21) width 1: " "
              text run at (6,36) width 1: " "
              text run at (6,51) width 289: "<div><blockquote></blockquote></div>"
          RenderBlock {P} at (16,142) size 584x18
            RenderText {#text} at (0,0) size 533x17
              text run at (0,0) width 533: "The CSS selector should not match the div element, because it is not empty"
        RenderListItem {LI} at (40,1248) size 616x255 [bgcolor=#AAAAAA]
          RenderBlock {DIV} at (16,16) size 584x24 [bgcolor=#009900]
            RenderBlock {DIV} at (0,0) size 584x24
              RenderBlock {DIV} at (12,12) size 560x0 [bgcolor=#990000]
          RenderBlock {PRE} at (16,53) size 584x118 [bgcolor=#FFFFFF]
            RenderListMarker at (-37,3) size 17x18: "6"
            RenderText {#text} at (6,6) size 385x106
              text run at (6,6) width 65: ":empty {"
              text run at (70,6) width 1: " "
              text run at (6,21) width 9: "}"
              text run at (14,21) width 1: " "
              text run at (6,36) width 1: " "
              text run at (6,51) width 225: "<div id='appendChild'></div>"
              text run at (230,51) width 1: " "
              text run at (6,66) width 1: " "
              text run at (6,81) width 385: "var ib = document.getElementById('appendChild');"
              text run at (390,81) width 1: " "
              text run at (6,96) width 369: "ib.appendChild(document.createElement(\"div\"));"
          RenderBlock {P} at (16,187) size 584x36
            RenderText {#text} at (0,0) size 573x35
              text run at (0,0) width 573: "The CSS selector should not match the orignal div element, because it will not be"
              text run at (0,18) width 47: "empty "
              text run at (47,18) width 449: "anymore after the Javascript code appends a child element to it."
