layer at (0,0) size 800x600
  RenderView at (0,0) size 800x600
layer at (0,0) size 800x600
  RenderBlock {HTML} at (0,0) size 800x600
    RenderBody {BODY} at (8,8) size 784x576
      RenderBlock {P} at (0,0) size 784x18
        RenderText {#text} at (0,0) size 49x17
          text run at (0,0) width 49: "test for "
        RenderInline {A} at (0,0) size 61x17 [color=#0000EE]
          RenderText {#text} at (48,0) size 61x17
            text run at (48,0) width 61: "bug 7157"
        RenderText {#text} at (108,0) size 673x17
          text run at (108,0) width 673: ": An asterisk in a CSS property name breaks CSS handling (Many layout problems at letras.terra.com.br)"
      RenderBlock {P} at (0,34) size 784x18 [color=#008000]
        RenderText {#text} at (0,0) size 168x17
          text run at (0,0) width 168: "Should be green on white."
      RenderBlock {P} at (0,68) size 784x18 [color=#008000]
        RenderText {#text} at (0,0) size 168x17
          text run at (0,0) width 168: "Should be green on white."
      RenderBlock {P} at (0,102) size 784x18 [color=#008000]
        RenderText {#text} at (0,0) size 168x17
          text run at (0,0) width 168: "Should be green on white."
