layer at (0,0) size 800x600
  RenderView at (0,0) size 800x600
layer at (0,0) size 800x84
  RenderBlock {html} at (0,0) size 800x84
    RenderBody {body} at (8,16) size 784x52
      RenderBlock {p} at (0,0) size 784x18
        RenderInline {a} at (0,0) size 31x17 [color=#0000FF]
          RenderInline (generated) at (0,0) size 10x17
            RenderText at (0,0) size 10x17
              text run at (0,0) width 10: "F"
          RenderText {#text} at (9,0) size 22x17
            text run at (9,0) width 22: "irst"
        RenderText {#text} at (30,0) size 194x17
          text run at (30,0) width 194: " letter should be bold and blue"
      RenderBlock {p} at (0,34) size 784x18
        RenderInline (generated) at (0,0) size 13x17
          RenderText at (0,0) size 13x17
            text run at (0,0) width 13: "H"
        RenderText {#text} at (12,0) size 629x17
          text run at (12,0) width 629: "ere the first letter should be bold and black, but with Safari build 416.13 it is blue. See bug #6170."
