layer at (0,0) size 785x2252
  RenderView at (0,0) size 785x600
layer at (0,0) size 785x2252
  RenderBlock {HTML} at (0,0) size 785x2252
    RenderBody {BODY} at (8,16) size 769x2188 [bgcolor=#FFFFFF]
      RenderBlock {P} at (0,0) size 769x18
        RenderText {#text} at (0,0) size 165x17
          text run at (0,0) width 165: "This page is part of the "
        RenderInline {A} at (0,0) size 73x17 [color=#0000EE]
          RenderText {#text} at (165,0) size 73x17
            text run at (165,0) width 73: "CSS3.info"
        RenderText {#text} at (238,0) size 4x17
          text run at (238,0) width 4: " "
        RenderInline {A} at (0,0) size 131x17 [color=#0000EE]
          RenderText {#text} at (242,0) size 131x17
            text run at (242,0) width 131: "CSS selectors test"
        RenderText {#text} at (373,0) size 133x17
          text run at (373,0) width 133: ". See more info on "
        RenderInline {A} at (0,0) size 111x17 [color=#0000EE]
          RenderText {#text} at (506,0) size 111x17
            text run at (506,0) width 111: "CSS3 selectors"
        RenderText {#text} at (617,0) size 4x17
          text run at (617,0) width 4: "."
      RenderBlock {DIV} at (0,34) size 769x0 [bgcolor=#009900]
      RenderBlock {OL} at (0,34) size 769x2154
        RenderListItem {LI} at (40,0) size 616x240 [bgcolor=#AAAAAA]
          RenderBlock {DIV} at (16,16) size 584x24 [bgcolor=#990000]
            RenderBlock {DIV} at (0,0) size 584x24 [bgcolor=#009900]
          RenderBlock {PRE} at (16,53) size 584x103 [bgcolor=#FFFFFF]
            RenderListMarker at (-37,3) size 17x18: "1"
            RenderText {#text} at (6,6) size 145x91
              text run at (6,6) width 145: "div :first-child {"
              text run at (150,6) width 1: " "
              text run at (6,21) width 9: "}"
              text run at (14,21) width 1: " "
              text run at (6,36) width 1: " "
              text run at (6,51) width 41: "<div>"
              text run at (46,51) width 1: " "
              text run at (6,66) width 113: "   <div></div>"
              text run at (118,66) width 1: " "
              text run at (6,81) width 49: "</div>"
          RenderBlock {P} at (16,172) size 584x36
            RenderText {#text} at (0,0) size 572x35
              text run at (0,0) width 572: "The CSS selector should match the inner div element, because it is the only child"
              text run at (0,18) width 165: "of the outer div element"
        RenderListItem {LI} at (40,288) size 616x255 [bgcolor=#AAAAAA]
          RenderBlock {DIV} at (16,16) size 584x24 [bgcolor=#990000]
            RenderBlock {DIV} at (0,0) size 584x24 [bgcolor=#009900]
            RenderBlock {BLOCKQUOTE} at (0,24) size 584x0
          RenderBlock {PRE} at (16,53) size 584x118 [bgcolor=#FFFFFF]
            RenderListMarker at (-37,3) size 17x18: "2"
            RenderText {#text} at (6,6) size 225x106
              text run at (6,6) width 145: "div :first-child {"
              text run at (150,6) width 1: " "
              text run at (6,21) width 9: "}"
              text run at (14,21) width 1: " "
              text run at (6,36) width 1: " "
              text run at (6,51) width 49: "<div> "
              text run at (54,51) width 1: " "
              text run at (6,66) width 113: "   <div></div>"
              text run at (118,66) width 1: " "
              text run at (6,81) width 225: "   <blockquote></blockquote>"
              text run at (230,81) width 1: " "
              text run at (6,96) width 49: "</div>"
          RenderBlock {P} at (16,187) size 584x36
            RenderText {#text} at (0,0) size 567x35
              text run at (0,0) width 567: "The CSS selector should match the inner div element, because it is the first child"
              text run at (0,18) width 165: "of the outer div element"
        RenderListItem {LI} at (40,591) size 616x273 [bgcolor=#AAAAAA]
          RenderBlock {DIV} at (16,16) size 584x24 [bgcolor=#990000]
            RenderBlock {DIV} at (0,0) size 584x24 [bgcolor=#009900]
          RenderBlock {PRE} at (16,53) size 584x118 [bgcolor=#FFFFFF]
            RenderListMarker at (-37,3) size 17x18: "3"
            RenderText {#text} at (6,6) size 209x106
              text run at (6,6) width 145: "div :first-child {"
              text run at (150,6) width 1: " "
              text run at (6,21) width 9: "}"
              text run at (14,21) width 1: " "
              text run at (6,36) width 1: " "
              text run at (6,51) width 49: "<div> "
              text run at (54,51) width 1: " "
              text run at (6,66) width 209: "   <!-- Just a comment -->"
              text run at (214,66) width 1: " "
              text run at (6,81) width 113: "   <div></div>"
              text run at (118,81) width 1: " "
              text run at (6,96) width 49: "</div>"
          RenderBlock {P} at (16,187) size 584x54
            RenderText {#text} at (0,0) size 567x53
              text run at (0,0) width 567: "The CSS selector should match the inner div element, because it is the first child"
              text run at (0,18) width 169: "of the outer div element "
              text run at (169,18) width 358: "Comments are not elements, so they should not be"
              text run at (0,36) width 307: "considered when determining the first child."
        RenderListItem {LI} at (40,912) size 616x291 [bgcolor=#AAAAAA]
          RenderBlock {DIV} at (16,16) size 584x42 [bgcolor=#990000]
            RenderBlock (anonymous) at (0,0) size 584x18
              RenderListMarker at (-37,0) size 17x17: "4"
              RenderText {#text} at (0,0) size 4x17
                text run at (0,0) width 4: "."
            RenderBlock {DIV} at (0,18) size 584x24 [bgcolor=#009900]
          RenderBlock {PRE} at (16,71) size 584x118 [bgcolor=#FFFFFF]
            RenderText {#text} at (6,6) size 225x106
              text run at (6,6) width 145: "div :first-child {"
              text run at (150,6) width 1: " "
              text run at (6,21) width 9: "}"
              text run at (14,21) width 1: " "
              text run at (6,36) width 1: " "
              text run at (6,51) width 49: "<div> "
              text run at (54,51) width 1: " "
              text run at (6,66) width 225: "   How about regular text..."
              text run at (230,66) width 1: " "
              text run at (6,81) width 113: "   <div></div>"
              text run at (118,81) width 1: " "
              text run at (6,96) width 49: "</div>"
          RenderBlock {P} at (16,205) size 584x54
            RenderText {#text} at (0,0) size 567x53
              text run at (0,0) width 567: "The CSS selector should match the inner div element, because it is the first child"
              text run at (0,18) width 173: "of the outer div element. "
              text run at (173,18) width 348: "Regular text is not an element, so it should not be"
              text run at (0,36) width 307: "considered when determining the first child."
        RenderListItem {LI} at (40,1251) size 616x255 [bgcolor=#AAAAAA]
          RenderBlock {DIV} at (16,16) size 584x24 [bgcolor=#009900]
            RenderBlock {BLOCKQUOTE} at (0,0) size 584x0 [bgcolor=#990000]
            RenderBlock {DIV} at (0,0) size 584x24
          RenderBlock {PRE} at (16,53) size 584x118 [bgcolor=#FFFFFF]
            RenderListMarker at (-37,3) size 17x18: "5"
            RenderText {#text} at (6,6) size 225x106
              text run at (6,6) width 145: "div :first-child {"
              text run at (150,6) width 1: " "
              text run at (6,21) width 9: "}"
              text run at (14,21) width 1: " "
              text run at (6,36) width 1: " "
              text run at (6,51) width 49: "<div> "
              text run at (54,51) width 1: " "
              text run at (6,66) width 225: "   <blockquote></blockquote>"
              text run at (230,66) width 1: " "
              text run at (6,81) width 113: "   <div></div>"
              text run at (118,81) width 1: " "
              text run at (6,96) width 49: "</div>"
          RenderBlock {P} at (16,187) size 584x36
            RenderText {#text} at (0,0) size 582x35
              text run at (0,0) width 582: "The CSS selector should not match the inner div element, because it is the second"
              text run at (0,18) width 203: "child of the outer div element"
        RenderListItem {LI} at (40,1554) size 616x285 [bgcolor=#AAAAAA]
          RenderBlock {DIV} at (16,16) size 584x24 [bgcolor=#990000]
            RenderBlock {DIV} at (0,0) size 584x24 [bgcolor=#009900]
            RenderBlock {DIV} at (0,24) size 584x0
          RenderBlock {PRE} at (16,53) size 584x148 [bgcolor=#FFFFFF]
            RenderListMarker at (-37,3) size 17x18: "6"
            RenderText {#text} at (6,6) size 521x136
              text run at (6,6) width 145: "div :first-child {"
              text run at (150,6) width 1: " "
              text run at (6,21) width 9: "}"
              text run at (14,21) width 1: " "
              text run at (6,36) width 1: " "
              text run at (6,51) width 41: "<div>"
              text run at (46,51) width 1: " "
              text run at (6,66) width 257: "   <div id='insertBefore'></div>"
              text run at (262,66) width 1: " "
              text run at (6,81) width 49: "</div>"
              text run at (54,81) width 1: " "
              text run at (6,96) width 1: " "
              text run at (6,111) width 393: "var ib = document.getElementById('insertBefore');"
              text run at (398,111) width 1: " "
              text run at (6,126) width 521: "ib.parentElement.insertBefore(document.createElement(\"div\"), ib);"
          RenderBlock {P} at (16,217) size 584x36
            RenderText {#text} at (0,0) size 567x35
              text run at (0,0) width 567: "The CSS selector should match the div element that is inserted by the Javascript"
              text run at (0,18) width 39: "code."
        RenderListItem {LI} at (40,1887) size 616x267 [bgcolor=#AAAAAA]
          RenderBlock {DIV} at (16,16) size 584x24 [bgcolor=#009900]
            RenderBlock {DIV} at (0,0) size 584x0 [bgcolor=#990000]
            RenderBlock {DIV} at (0,0) size 584x24
          RenderBlock {PRE} at (16,53) size 584x148 [bgcolor=#FFFFFF]
            RenderListMarker at (-37,3) size 17x18: "7"
            RenderText {#text} at (6,6) size 521x136
              text run at (6,6) width 145: "div :first-child {"
              text run at (150,6) width 1: " "
              text run at (6,21) width 9: "}"
              text run at (14,21) width 1: " "
              text run at (6,36) width 1: " "
              text run at (6,51) width 41: "<div>"
              text run at (46,51) width 1: " "
              text run at (6,66) width 257: "   <div id='insertBefore'></div>"
              text run at (262,66) width 1: " "
              text run at (6,81) width 49: "</div>"
              text run at (54,81) width 1: " "
              text run at (6,96) width 1: " "
              text run at (6,111) width 393: "var ib = document.getElementById('insertBefore');"
              text run at (398,111) width 1: " "
              text run at (6,126) width 521: "ib.parentElement.insertBefore(document.createElement(\"div\"), ib);"
          RenderBlock {P} at (16,217) size 584x18
            RenderText {#text} at (0,0) size 515x17
              text run at (0,0) width 515: "The original div element should not be a match for the :first-child selector."
