layer at (0,0) size 800x600
  RenderView at (0,0) size 800x600
layer at (0,0) size 800x600
  RenderBlock {HTML} at (0,0) size 800x600
    RenderBody {BODY} at (8,8) size 784x576
      RenderBlock {H2} at (0,0) size 784x27
        RenderText {#text} at (0,0) size 442x26
          text run at (0,0) width 442: "Test case for First-line text-decoration style"
      RenderBlock {P} at (0,46) size 784x19
        RenderText {#text} at (0,0) size 511x17
          text run at (0,0) width 511: "Text-decoration UNDERLINE : Only the first line must have an underline."
      RenderBlock {DIV} at (0,80) size 784x85 [color=#008000]
        RenderText {#text} at (0,10) size 626x27
          text run at (0,10) width 626: "Underline Underline Underline Underline"
        RenderBR {BR} at (625,10) size 1x27
        RenderText {#text} at (0,48) size 268x17
          text run at (0,48) width 268: "Underline Underline Underline Underline"
        RenderBR {BR} at (267,48) size 1x17
        RenderText {#text} at (0,66) size 268x17
          text run at (0,66) width 268: "Underline Underline Underline Underline"
      RenderBlock (anonymous) at (0,164) size 784x19
        RenderBR {BR} at (0,0) size 0x17
      RenderBlock {P} at (0,198) size 784x0
      RenderBlock {P} at (0,198) size 784x19
        RenderText {#text} at (0,0) size 489x17
          text run at (0,0) width 489: "Text-decoration OVERLINE : Only the first line must have an overline."
      RenderBlock {DIV} at (0,232) size 784x85 [color=#008000]
        RenderText {#text} at (0,10) size 553x27
          text run at (0,10) width 553: "Overline Overline Overline Overline"
        RenderBR {BR} at (552,10) size 1x27
        RenderText {#text} at (0,48) size 236x17
          text run at (0,48) width 236: "Overline Overline Overline Overline"
        RenderBR {BR} at (235,48) size 1x17
        RenderText {#text} at (0,66) size 236x17
          text run at (0,66) width 236: "Overline Overline Overline Overline"
      RenderBlock (anonymous) at (0,316) size 784x19
        RenderBR {BR} at (0,0) size 0x17
      RenderBlock {P} at (0,350) size 784x0
      RenderBlock {P} at (0,350) size 784x19
        RenderText {#text} at (0,0) size 565x17
          text run at (0,0) width 565: "Text-decoration LINE-THROUGH : Only the first line must have a line through it."
      RenderBlock {DIV} at (0,384) size 784x85 [color=#008000]
        RenderText {#text} at (0,10) size 709x27
          text run at (0,10) width 709: "Line-Through Line-Through Line-Through Line"
        RenderBR {BR} at (708,10) size 1x27
        RenderText {#text} at (0,48) size 371x17
          text run at (0,48) width 371: "Line-Through Line-Through Line-Through Line-Through"
        RenderBR {BR} at (371,48) size 0x17
        RenderText {#text} at (0,66) size 371x17
          text run at (0,66) width 371: "Line-Through Line-Through Line-Through Line-Through"
      RenderBlock (anonymous) at (0,468) size 784x19
        RenderBR {BR} at (0,0) size 0x17
      RenderBlock {P} at (0,502) size 784x0
