layer at (0,0) size 800x600
  RenderView at (0,0) size 800x600
layer at (0,0) size 800x600
  RenderBlock {HTML} at (0,0) size 800x600
    RenderBody {BODY} at (8,8) size 784x584
      RenderInline {SPAN} at (0,1) size 303x22
        RenderText {#text} at (0,1) size 303x22
          text run at (0,1) width 303: "Hello. This is absolutely regular text."
      RenderText {#text} at (0,0) size 0x0
      RenderBR {BR} at (303,4) size 0x18
      RenderInline {SPAN} at (0,24) size 780x22
        RenderText {#text} at (0,24) size 780x22
          text run at (0,24) width 780: "Hello. This is text with -webkit-font-smoothing:auto. It should look like absolutely regular text."
      RenderText {#text} at (0,0) size 0x0
      RenderBR {BR} at (780,27) size 0x18
      RenderInline {SPAN} at (0,47) size 437x22
        RenderText {#text} at (0,47) size 437x22
          text run at (0,47) width 437: "Hello. This is text with -webkit-font-smoothing:none."
      RenderText {#text} at (0,0) size 0x0
      RenderBR {BR} at (437,50) size 0x18
      RenderInline {SPAN} at (0,70) size 486x22
        RenderText {#text} at (0,70) size 486x22
          text run at (0,70) width 486: "Hello. This is text with -webkit-font-smoothing:antialiased."
      RenderText {#text} at (0,0) size 0x0
      RenderBR {BR} at (486,73) size 0x18
      RenderInline {SPAN} at (0,93) size 716x45
        RenderText {#text} at (0,93) size 716x45
          text run at (0,93) width 716: "Hello. This is text with -webkit-font-smoothing:subpixel-antialiased. It should look like"
          text run at (0,116) width 188: "absolutely regular text."
      RenderText {#text} at (0,0) size 0x0
      RenderBR {BR} at (188,119) size 0x18
