layer at (0,0) size 800x600
  RenderView at (0,0) size 800x600
layer at (0,0) size 800x600
  RenderBlock {HTML} at (0,0) size 800x600
    RenderBody {BODY} at (8,8) size 784x576
      RenderBlock {P} at (0,0) size 784x36
        RenderText {#text} at (0,0) size 569x17
          text run at (0,0) width 451: "This tests that locally-installed fonts are used for a family of the same "
          text run at (450,0) width 119: "name defined in a "
        RenderInline {TT} at (0,0) size 79x15
          RenderText {#text} at (568,3) size 79x15
            text run at (568,3) width 79: "@font-face"
        RenderText {#text} at (646,0) size 756x35
          text run at (646,0) width 110: " rule if they are a"
          text run at (0,18) width 116: "better match than "
          text run at (115,18) width 53: "the rule."
      RenderBlock {P} at (0,52) size 784x18
        RenderText {#text} at (0,0) size 218x17
          text run at (0,0) width 218: "This should be Lucida Grande "
        RenderInline {I} at (0,0) size 201x17
          RenderText {#text} at (217,0) size 201x17
            text run at (217,0) width 201: "and this should be Times Italic."
        RenderText {#text} at (0,0) size 0x0
      RenderBlock {P} at (0,86) size 784x18
        RenderText {#text} at (0,0) size 142x17
          text run at (0,0) width 142: "This should be Times "
        RenderInline {B} at (0,0) size 233x17
          RenderText {#text} at (141,0) size 233x17
            text run at (141,0) width 233: "and this should be Helvetica Bold."
        RenderText {#text} at (0,0) size 0x0
      RenderBlock {P} at (0,120) size 784x19
        RenderText {#text} at (0,1) size 481x17
          text run at (0,1) width 481: "UPPERCASE SHOULD BE MONACO and lowercase should be times."
