layer at (0,0) size 800x600
  RenderView at (0,0) size 800x600
layer at (0,0) size 800x600
  RenderBlock {HTML} at (0,0) size 800x600
    RenderBody {BODY} at (8,8) size 784x584
      RenderBlock {P} at (0,0) size 784x18
        RenderText {#text} at (0,0) size 180x17
          text run at (0,0) width 180: "Each font name in that font:"
      RenderBlock {DIV} at (4,34) size 776x21 [border: (1px solid #ADD8E6)]
        RenderInline {B} at (0,0) size 109x17
          RenderText {#text} at (1,1) size 109x17
            text run at (1,1) width 109: "Helvetica bold"
        RenderText {#text} at (109,1) size 76x17
          text run at (109,1) width 76: " Helvetica "
        RenderInline {I} at (0,0) size 471x18
          RenderText {#text} at (184,2) size 193x18
            text run at (184,2) width 193: "Courier syn. italic "
          RenderInline {B} at (0,0) size 279x18
            RenderText {#text} at (376,2) size 279x18
              text run at (376,2) width 279: "Papyrus syn. bold syn. italic"
        RenderText {#text} at (0,0) size 0x0
      RenderBlock {DIV} at (4,59) size 776x39 [border: (1px solid #ADD8E6)]
        RenderInline {SPAN} at (0,0) size 68x18
          RenderText {#text} at (1,2) size 68x18
            text run at (1,2) width 68: "Courier"
        RenderText {#text} at (68,2) size 10x18
          text run at (68,2) width 10: " "
        RenderInline {SPAN} at (0,0) size 69x18
          RenderText {#text} at (77,2) size 69x18
            text run at (77,2) width 69: "Courier"
        RenderText {#text} at (145,2) size 10x18
          text run at (145,2) width 10: " "
        RenderInline {SPAN} at (0,0) size 68x18
          RenderText {#text} at (154,2) size 68x18
            text run at (154,2) width 68: "Courier"
        RenderText {#text} at (221,2) size 11x18
          text run at (221,2) width 11: " "
        RenderInline {SPAN} at (0,0) size 68x18
          RenderText {#text} at (231,2) size 68x18
            text run at (231,2) width 68: "Courier"
        RenderText {#text} at (298,2) size 11x18
          text run at (298,2) width 11: " "
        RenderInline {SPAN} at (0,0) size 68x18
          RenderText {#text} at (308,2) size 68x18
            text run at (308,2) width 68: "Courier"
        RenderText {#text} at (375,2) size 11x18
          text run at (375,2) width 11: " "
        RenderInline {SPAN} at (0,0) size 111x17
          RenderText {#text} at (385,1) size 111x17
            text run at (385,1) width 111: "Helvetica Bold"
        RenderText {#text} at (495,2) size 10x18
          text run at (495,2) width 10: " "
        RenderInline {SPAN} at (0,0) size 112x17
          RenderText {#text} at (504,1) size 112x17
            text run at (504,1) width 112: "Helvetica Bold"
        RenderText {#text} at (615,2) size 10x18
          text run at (615,2) width 10: " "
        RenderInline {SPAN} at (0,0) size 139x17
          RenderText {#text} at (624,1) size 139x17
            text run at (624,1) width 139: "Papyrus syn. bold"
        RenderText {#text} at (0,0) size 0x0
        RenderInline {SPAN} at (0,0) size 138x17
          RenderText {#text} at (1,20) size 138x17
            text run at (1,20) width 138: "Papyrus syn. bold"
        RenderText {#text} at (0,0) size 0x0
      RenderBlock {DIV} at (4,102) size 776x39 [border: (1px solid #ADD8E6)]
        RenderInline {SPAN} at (0,0) size 68x18
          RenderText {#text} at (1,2) size 68x18
            text run at (1,2) width 68: "Courier"
        RenderText {#text} at (68,2) size 10x18
          text run at (68,2) width 10: " "
        RenderInline {SPAN} at (0,0) size 69x18
          RenderText {#text} at (77,2) size 69x18
            text run at (77,2) width 69: "Courier"
        RenderText {#text} at (145,2) size 10x18
          text run at (145,2) width 10: " "
        RenderInline {SPAN} at (0,0) size 68x18
          RenderText {#text} at (154,2) size 68x18
            text run at (154,2) width 68: "Courier"
        RenderText {#text} at (221,2) size 11x18
          text run at (221,2) width 11: " "
        RenderInline {SPAN} at (0,0) size 68x18
          RenderText {#text} at (231,2) size 68x18
            text run at (231,2) width 68: "Courier"
        RenderText {#text} at (298,2) size 11x18
          text run at (298,2) width 11: " "
        RenderInline {SPAN} at (0,0) size 68x18
          RenderText {#text} at (308,2) size 68x18
            text run at (308,2) width 68: "Courier"
        RenderText {#text} at (375,2) size 11x18
          text run at (375,2) width 11: " "
        RenderInline {SPAN} at (0,0) size 111x17
          RenderText {#text} at (385,1) size 111x17
            text run at (385,1) width 111: "Helvetica Bold"
        RenderText {#text} at (495,2) size 10x18
          text run at (495,2) width 10: " "
        RenderInline {SPAN} at (0,0) size 112x17
          RenderText {#text} at (504,1) size 112x17
            text run at (504,1) width 112: "Helvetica Bold"
        RenderText {#text} at (615,2) size 10x18
          text run at (615,2) width 10: " "
        RenderInline {SPAN} at (0,0) size 112x17
          RenderText {#text} at (624,1) size 112x17
            text run at (624,1) width 112: "Helvetica Bold"
        RenderText {#text} at (0,0) size 0x0
        RenderInline {SPAN} at (0,0) size 111x17
          RenderText {#text} at (1,20) size 111x17
            text run at (1,20) width 111: "Helvetica Bold"
        RenderText {#text} at (0,0) size 0x0
      RenderBlock {DIV} at (4,145) size 776x39 [border: (1px solid #ADD8E6)]
        RenderInline {SPAN} at (0,0) size 68x18
          RenderText {#text} at (1,2) size 68x18
            text run at (1,2) width 68: "Courier"
        RenderText {#text} at (68,2) size 10x18
          text run at (68,2) width 10: " "
        RenderInline {SPAN} at (0,0) size 69x18
          RenderText {#text} at (77,2) size 69x18
            text run at (77,2) width 69: "Courier"
        RenderText {#text} at (145,2) size 10x18
          text run at (145,2) width 10: " "
        RenderInline {SPAN} at (0,0) size 68x18
          RenderText {#text} at (154,2) size 68x18
            text run at (154,2) width 68: "Courier"
        RenderText {#text} at (221,2) size 11x18
          text run at (221,2) width 11: " "
        RenderInline {SPAN} at (0,0) size 68x18
          RenderText {#text} at (231,2) size 68x18
            text run at (231,2) width 68: "Courier"
        RenderText {#text} at (298,2) size 11x18
          text run at (298,2) width 11: " "
        RenderInline {SPAN} at (0,0) size 68x18
          RenderText {#text} at (308,2) size 68x18
            text run at (308,2) width 68: "Courier"
        RenderText {#text} at (375,2) size 11x18
          text run at (375,2) width 11: " "
        RenderInline {SPAN} at (0,0) size 111x17
          RenderText {#text} at (385,1) size 111x17
            text run at (385,1) width 111: "Helvetica Bold"
        RenderText {#text} at (495,2) size 10x18
          text run at (495,2) width 10: " "
        RenderInline {SPAN} at (0,0) size 112x17
          RenderText {#text} at (504,1) size 112x17
            text run at (504,1) width 112: "Helvetica Bold"
        RenderText {#text} at (615,2) size 10x18
          text run at (615,2) width 10: " "
        RenderInline {SPAN} at (0,0) size 112x17
          RenderText {#text} at (624,1) size 112x17
            text run at (624,1) width 112: "Helvetica Bold"
        RenderText {#text} at (0,0) size 0x0
        RenderInline {SPAN} at (0,0) size 111x17
          RenderText {#text} at (1,20) size 111x17
            text run at (1,20) width 111: "Helvetica Bold"
        RenderText {#text} at (0,0) size 0x0
      RenderBlock {P} at (0,200) size 784x18
        RenderText {#text} at (0,0) size 228x17
          text run at (0,0) width 228: "Times followed by Ahem (normal):"
      RenderBlock {DIV} at (4,234) size 776x20 [border: (1px solid #ADD8E6)]
        RenderText {#text} at (1,1) size 44x17
          text run at (1,1) width 44: "Times "
        RenderInline {I} at (0,0) size 65x16
          RenderText {#text} at (44,2) size 65x16
            text run at (44,2) width 65: "AHEM"
        RenderText {#text} at (0,0) size 0x0
      RenderBlock {P} at (0,270) size 784x18
        RenderText {#text} at (0,0) size 104x17
          text run at (0,0) width 104: "Ahem (normal):"
      RenderBlock {DIV} at (4,304) size 776x18 [border: (1px solid #ADD8E6)]
        RenderText {#text} at (1,1) size 80x16
          text run at (1,1) width 80: "AHEM "
        RenderInline {I} at (0,0) size 64x16
          RenderText {#text} at (81,1) size 64x16
            text run at (81,1) width 64: "AHEM"
        RenderText {#text} at (0,0) size 0x0
      RenderBlock {P} at (0,338) size 784x18
        RenderText {#text} at (0,0) size 333x17
          text run at (0,0) width 333: "Ahem (normal) followed by Ahem (synthetic bold):"
      RenderBlock {DIV} at (4,372) size 776x18 [border: (1px solid #ADD8E6)]
        RenderText {#text} at (1,1) size 80x16
          text run at (1,1) width 80: "AHEM "
        RenderInline {B} at (0,0) size 68x16
          RenderText {#text} at (81,1) size 68x16
            text run at (81,1) width 68: "AHEM"
        RenderText {#text} at (0,0) size 0x0
      RenderBlock {P} at (0,406) size 784x18
        RenderText {#text} at (0,0) size 343x17
          text run at (0,0) width 343: "Ahem (normal) followed by Ahem (synthetic italics):"
      RenderBlock {DIV} at (4,440) size 776x18 [border: (1px solid #ADD8E6)]
        RenderText {#text} at (1,1) size 80x16
          text run at (1,1) width 80: "AHEM "
        RenderInline {I} at (0,0) size 64x16
          RenderText {#text} at (81,1) size 64x16
            text run at (81,1) width 64: "AHEM"
        RenderText {#text} at (0,0) size 0x0
