layer at (0,0) size 800x600
  RenderView at (0,0) size 800x600
layer at (0,0) size 800x411
  RenderBlock {HTML} at (0,0) size 800x412
    RenderBody {BODY} at (8,16) size 784x184
      RenderBlock {P} at (0,0) size 784x18
        RenderText {#text} at (0,0) size 448x17
          text run at (0,0) width 448: "For each of pairs, the first one and the second one should be identical."
        RenderText {#text} at (0,0) size 0x0
      RenderTable {TABLE} at (0,34) size 150x362
        RenderTableSection {TBODY} at (0,0) size 150x362
          RenderTableRow {TR} at (0,2) size 150x75
            RenderTableCell {TD} at (2,2) size 72x75 [r=0 c=0 rs=1 cs=1]
              RenderBlock {SECTION} at (1,1) size 70x73
                RenderBlock {H1} at (0,21) size 70x30 [border: (1px solid #00FF00)]
                  RenderText {#text} at (1,1) size 68x26
                    text run at (1,1) width 68: "MMM"
            RenderTableCell {TD} at (75,2) size 73x75 [r=0 c=1 rs=1 cs=1]
              RenderBlock {H2} at (1,22) size 70x30 [border: (1px solid #00FF00)]
                RenderText {#text} at (1,1) size 68x26
                  text run at (1,1) width 68: "MMM"
          RenderTableRow {TR} at (0,78) size 150x69
            RenderTableCell {TD} at (2,78) size 72x69 [r=1 c=0 rs=1 cs=1]
              RenderBlock {ARTICLE} at (1,1) size 70x66
                RenderBlock {SECTION} at (0,0) size 70x66
                  RenderBlock {H1} at (0,20) size 70x25 [border: (1px solid #00FF00)]
                    RenderText {#text} at (1,1) size 54x21
                      text run at (1,1) width 54: "MMM"
            RenderTableCell {TD} at (75,78) size 73x69 [r=1 c=1 rs=1 cs=1]
              RenderBlock {H3} at (1,21) size 70x25 [border: (1px solid #00FF00)]
                RenderText {#text} at (1,1) size 54x21
                  text run at (1,1) width 54: "MMM"
          RenderTableRow {TR} at (0,148) size 150x69
            RenderTableCell {TD} at (2,148) size 72x69 [r=2 c=0 rs=1 cs=1]
              RenderBlock {NAV} at (1,1) size 70x67
                RenderBlock {ARTICLE} at (0,0) size 70x67
                  RenderBlock {SECTION} at (0,0) size 70x67
                    RenderBlock {H1} at (0,23) size 70x21 [border: (1px solid #00FF00)]
                      RenderText {#text} at (1,1) size 46x17
                        text run at (1,1) width 46: "MMM"
            RenderTableCell {TD} at (75,148) size 73x69 [r=2 c=1 rs=1 cs=1]
              RenderBlock {H4} at (1,24) size 70x21 [border: (1px solid #00FF00)]
                RenderText {#text} at (1,1) size 46x17
                  text run at (1,1) width 46: "MMM"
          RenderTableRow {TR} at (0,218) size 150x70
            RenderTableCell {TD} at (2,218) size 72x70 [r=3 c=0 rs=1 cs=1]
              RenderBlock {NAV} at (1,1) size 70x67
                RenderBlock {ASIDE} at (0,0) size 70x67
                  RenderBlock {ARTICLE} at (0,0) size 70x67
                    RenderBlock {SECTION} at (0,0) size 70x67
                      RenderBlock {H1} at (0,24) size 70x19 [border: (1px solid #00FF00)]
                        RenderText {#text} at (1,1) size 37x15
                          text run at (1,1) width 37: "MMM"
            RenderTableCell {TD} at (75,218) size 73x70 [r=3 c=1 rs=1 cs=1]
              RenderBlock {H5} at (1,25) size 70x19 [border: (1px solid #00FF00)]
                RenderText {#text} at (1,1) size 37x15
                  text run at (1,1) width 37: "MMM"
          RenderTableRow {TR} at (0,289) size 150x71
            RenderTableCell {TD} at (2,289) size 72x71 [r=4 c=0 rs=1 cs=1]
              RenderBlock {SECTION} at (1,1) size 70x68
                RenderBlock {DIV} at (0,0) size 70x68
                  RenderBlock {NAV} at (0,0) size 70x68
                    RenderBlock {ASIDE} at (0,0) size 70x68
                      RenderBlock {ARTICLE} at (0,0) size 70x68
                        RenderBlock {SECTION} at (0,0) size 70x68
                          RenderBlock {H1} at (0,26) size 70x15 [border: (1px solid #00FF00)]
                            RenderText {#text} at (1,1) size 32x12
                              text run at (1,1) width 32: "MMM"
                  RenderBlock {DIV} at (0,67) size 70x0
            RenderTableCell {TD} at (75,289) size 73x71 [r=4 c=1 rs=1 cs=1]
              RenderBlock {H6} at (1,27) size 70x15 [border: (1px solid #00FF00)]
                RenderText {#text} at (1,1) size 32x12
                  text run at (1,1) width 32: "MMM"
      RenderTable {TABLE} at (149,34) size 362x150
        RenderTableSection {TBODY} at (0,0) size 362x150
          RenderTableRow {TR} at (2,0) size 75x150
            RenderTableCell {TD} at (2,2) size 75x72 [r=0 c=0 rs=1 cs=1]
              RenderBlock {SECTION} at (1,1) size 73x70
                RenderBlock {H1} at (21,0) size 30x70 [border: (1px solid #00FF00)]
                  RenderText {#text} at (1,1) size 26x68
                    text run at (1,1) width 68: "MMM"
            RenderTableCell {TD} at (2,75) size 75x73 [r=0 c=1 rs=1 cs=1]
              RenderBlock {H2} at (22,1) size 30x70 [border: (1px solid #00FF00)]
                RenderText {#text} at (1,1) size 26x68
                  text run at (1,1) width 68: "MMM"
          RenderTableRow {TR} at (78,0) size 69x150
            RenderTableCell {TD} at (78,2) size 69x72 [r=1 c=0 rs=1 cs=1]
              RenderBlock {ARTICLE} at (1,1) size 66x70
                RenderBlock {SECTION} at (0,0) size 66x70
                  RenderBlock {H1} at (20,0) size 25x70 [border: (1px solid #00FF00)]
                    RenderText {#text} at (1,1) size 21x54
                      text run at (1,1) width 54: "MMM"
            RenderTableCell {TD} at (78,75) size 69x73 [r=1 c=1 rs=1 cs=1]
              RenderBlock {H3} at (21,1) size 25x70 [border: (1px solid #00FF00)]
                RenderText {#text} at (1,1) size 21x54
                  text run at (1,1) width 54: "MMM"
          RenderTableRow {TR} at (148,0) size 69x150
            RenderTableCell {TD} at (148,2) size 69x72 [r=2 c=0 rs=1 cs=1]
              RenderBlock {NAV} at (1,1) size 67x70
                RenderBlock {ARTICLE} at (0,0) size 67x70
                  RenderBlock {SECTION} at (0,0) size 67x70
                    RenderBlock {H1} at (23,0) size 21x70 [border: (1px solid #00FF00)]
                      RenderText {#text} at (1,1) size 17x46
                        text run at (1,1) width 46: "MMM"
            RenderTableCell {TD} at (148,75) size 69x73 [r=2 c=1 rs=1 cs=1]
              RenderBlock {H4} at (24,1) size 21x70 [border: (1px solid #00FF00)]
                RenderText {#text} at (1,1) size 17x46
                  text run at (1,1) width 46: "MMM"
          RenderTableRow {TR} at (218,0) size 70x150
            RenderTableCell {TD} at (218,2) size 70x72 [r=3 c=0 rs=1 cs=1]
              RenderBlock {NAV} at (1,1) size 67x70
                RenderBlock {ASIDE} at (0,0) size 67x70
                  RenderBlock {ARTICLE} at (0,0) size 67x70
                    RenderBlock {SECTION} at (0,0) size 67x70
                      RenderBlock {H1} at (24,0) size 19x70 [border: (1px solid #00FF00)]
                        RenderText {#text} at (1,1) size 15x37
                          text run at (1,1) width 37: "MMM"
            RenderTableCell {TD} at (218,75) size 70x73 [r=3 c=1 rs=1 cs=1]
              RenderBlock {H5} at (25,1) size 19x70 [border: (1px solid #00FF00)]
                RenderText {#text} at (1,1) size 15x37
                  text run at (1,1) width 37: "MMM"
          RenderTableRow {TR} at (289,0) size 71x150
            RenderTableCell {TD} at (289,2) size 71x72 [r=4 c=0 rs=1 cs=1]
              RenderBlock {SECTION} at (1,1) size 68x70
                RenderBlock {DIV} at (0,0) size 68x70
                  RenderBlock {NAV} at (0,0) size 68x70
                    RenderBlock {ASIDE} at (0,0) size 68x70
                      RenderBlock {ARTICLE} at (0,0) size 68x70
                        RenderBlock {SECTION} at (0,0) size 68x70
                          RenderBlock {H1} at (26,0) size 15x70 [border: (1px solid #00FF00)]
                            RenderText {#text} at (1,1) size 12x32
                              text run at (1,1) width 32: "MMM"
                  RenderBlock {DIV} at (67,0) size 0x70
            RenderTableCell {TD} at (289,75) size 71x73 [r=4 c=1 rs=1 cs=1]
              RenderBlock {H6} at (27,1) size 15x70 [border: (1px solid #00FF00)]
                RenderText {#text} at (1,1) size 12x32
                  text run at (1,1) width 32: "MMM"
layer at (11,53) size 70x2 clip at (0,0) size 0x0
  RenderBlock {HR} at (0,0) size 70x2 [border: (1px inset #000000)]
layer at (11,124) size 70x2 clip at (0,0) size 0x0
  RenderBlock {HR} at (0,70) size 70x3 [border: (1px inset #000000)]
layer at (85,53) size 70x2 clip at (0,0) size 0x0
  RenderBlock {HR} at (1,1) size 70x2 [border: (1px inset #000000)]
layer at (85,124) size 70x2 clip at (0,0) size 0x0
  RenderBlock {HR} at (1,71) size 70x3 [border: (1px inset #000000)]
layer at (11,130) size 70x2 clip at (0,0) size 0x0
  RenderBlock {HR} at (0,0) size 70x2 [border: (1px inset #000000)]
layer at (11,193) size 70x2 clip at (0,0) size 0x0
  RenderBlock {HR} at (0,63) size 70x3 [border: (1px inset #000000)]
layer at (85,130) size 70x2 clip at (0,0) size 0x0
  RenderBlock {HR} at (1,1) size 70x2 [border: (1px inset #000000)]
layer at (85,193) size 70x2 clip at (0,0) size 0x0
  RenderBlock {HR} at (1,64) size 70x3 [border: (1px inset #000000)]
layer at (11,199) size 70x2 clip at (0,0) size 0x0
  RenderBlock {HR} at (0,0) size 70x2 [border: (1px inset #000000)]
layer at (11,264) size 70x2 clip at (0,0) size 0x0
  RenderBlock {HR} at (0,64) size 70x3 [border: (1px inset #000000)]
layer at (85,199) size 70x2 clip at (0,0) size 0x0
  RenderBlock {HR} at (1,1) size 70x2 [border: (1px inset #000000)]
layer at (85,264) size 70x2 clip at (0,0) size 0x0
  RenderBlock {HR} at (1,65) size 70x3 [border: (1px inset #000000)]
layer at (11,270) size 70x2 clip at (0,0) size 0x0
  RenderBlock {HR} at (0,0) size 70x2 [border: (1px inset #000000)]
layer at (11,334) size 70x2 clip at (0,0) size 0x0
  RenderBlock {HR} at (0,64) size 70x3 [border: (1px inset #000000)]
layer at (85,270) size 70x2 clip at (0,0) size 0x0
  RenderBlock {HR} at (1,1) size 70x2 [border: (1px inset #000000)]
layer at (85,334) size 70x2 clip at (0,0) size 0x0
  RenderBlock {HR} at (1,65) size 70x3 [border: (1px inset #000000)]
layer at (11,340) size 70x2 clip at (0,0) size 0x0
  RenderBlock {HR} at (0,0) size 70x2 [border: (1px inset #000000)]
layer at (11,406) size 70x2 clip at (0,0) size 0x0
  RenderBlock {HR} at (0,65) size 70x3 [border: (1px inset #000000)]
layer at (85,340) size 70x2 clip at (0,0) size 0x0
  RenderBlock {HR} at (1,1) size 70x2 [border: (1px inset #000000)]
layer at (85,406) size 70x2 clip at (0,0) size 0x0
  RenderBlock {HR} at (1,66) size 70x3 [border: (1px inset #000000)]
layer at (514,53) size 2x70 clip at (0,0) size 0x0
  RenderBlock {HR} at (0,0) size 2x70 [border: (1px inset #000000)]
layer at (443,53) size 2x70 clip at (0,0) size 0x0
  RenderBlock {HR} at (70,0) size 3x70 [border: (1px inset #000000)]
layer at (514,127) size 2x70 clip at (0,0) size 0x0
  RenderBlock {HR} at (1,1) size 2x70 [border: (1px inset #000000)]
layer at (443,127) size 2x70 clip at (0,0) size 0x0
  RenderBlock {HR} at (71,1) size 3x70 [border: (1px inset #000000)]
layer at (437,53) size 2x70 clip at (0,0) size 0x0
  RenderBlock {HR} at (0,0) size 2x70 [border: (1px inset #000000)]
layer at (374,53) size 2x70 clip at (0,0) size 0x0
  RenderBlock {HR} at (63,0) size 3x70 [border: (1px inset #000000)]
layer at (437,127) size 2x70 clip at (0,0) size 0x0
  RenderBlock {HR} at (1,1) size 2x70 [border: (1px inset #000000)]
layer at (374,127) size 2x70 clip at (0,0) size 0x0
  RenderBlock {HR} at (64,1) size 3x70 [border: (1px inset #000000)]
layer at (368,53) size 2x70 clip at (0,0) size 0x0
  RenderBlock {HR} at (0,0) size 2x70 [border: (1px inset #000000)]
layer at (303,53) size 2x70 clip at (0,0) size 0x0
  RenderBlock {HR} at (64,0) size 3x70 [border: (1px inset #000000)]
layer at (368,127) size 2x70 clip at (0,0) size 0x0
  RenderBlock {HR} at (1,1) size 2x70 [border: (1px inset #000000)]
layer at (303,127) size 2x70 clip at (0,0) size 0x0
  RenderBlock {HR} at (65,1) size 3x70 [border: (1px inset #000000)]
layer at (297,53) size 2x70 clip at (0,0) size 0x0
  RenderBlock {HR} at (0,0) size 2x70 [border: (1px inset #000000)]
layer at (233,53) size 2x70 clip at (0,0) size 0x0
  RenderBlock {HR} at (64,0) size 3x70 [border: (1px inset #000000)]
layer at (297,127) size 2x70 clip at (0,0) size 0x0
  RenderBlock {HR} at (1,1) size 2x70 [border: (1px inset #000000)]
layer at (233,127) size 2x70 clip at (0,0) size 0x0
  RenderBlock {HR} at (65,1) size 3x70 [border: (1px inset #000000)]
layer at (227,53) size 2x70 clip at (0,0) size 0x0
  RenderBlock {HR} at (0,0) size 2x70 [border: (1px inset #000000)]
layer at (161,53) size 2x70 clip at (0,0) size 0x0
  RenderBlock {HR} at (65,0) size 3x70 [border: (1px inset #000000)]
layer at (227,127) size 2x70 clip at (0,0) size 0x0
  RenderBlock {HR} at (1,1) size 2x70 [border: (1px inset #000000)]
layer at (161,127) size 2x70 clip at (0,0) size 0x0
  RenderBlock {HR} at (66,1) size 3x70 [border: (1px inset #000000)]
