layer at (0,0) size 800x600
  RenderView at (0,0) size 800x600
layer at (0,0) size 800x196
  RenderBlock {html} at (0,0) size 800x196
    RenderBody {body} at (8,15) size 784x166
      RenderBlock {p} at (0,0) size 784x75
        RenderText {#text} at (0,29) size 88x16
          text run at (0,29) width 88: "This tests bug "
        RenderInline {a} at (0,0) size 593x16 [color=#0000EE]
          RenderText {#text} at (87,29) size 593x16
            text run at (87,29) width 593: "Bug 13174: line-height in font shorthand does not override a previously stated line-height property"
        RenderText {#text} at (679,29) size 5x16
          text run at (679,29) width 5: "."
      RenderBlock {p} at (0,90) size 784x76
        RenderText {#text} at (0,29) size 119x16
          text run at (0,29) width 119: "This text should be "
        RenderInline {code} at (0,0) size 190x17
          RenderText {#text} at (118,30) size 190x17
            text run at (118,30) width 190: "font:15px/5em Georgia"
        RenderText {#text} at (307,29) size 5x16
          text run at (307,29) width 5: "."
