layer at (0,0) size 800x600
  RenderView at (0,0) size 800x600
layer at (0,0) size 800x600
  RenderBlock {HTML} at (0,0) size 800x600
    RenderBody {BODY} at (8,8) size 784x576
      RenderBlock {P} at (0,0) size 784x36
        RenderText {#text} at (0,0) size 218x17
          text run at (0,0) width 218: "This tests for a regression against "
        RenderInline {I} at (0,0) size 722x35
          RenderInline {A} at (0,0) size 354x17 [color=#0000EE]
            RenderText {#text} at (217,0) size 354x17
              text run at (217,0) width 354: "http://bugzilla.opendarwin.org/show_bug.cgi?id=6334"
          RenderText {#text} at (570,0) size 722x35
            text run at (570,0) width 152: " REGRESSION: <input"
            text run at (0,18) width 374: "type=\"button\"> text is reversed on \"visual Hebrew\" pages"
        RenderText {#text} at (373,18) size 5x17
          text run at (373,18) width 5: "."
      RenderBlock {P} at (0,70) size 784x18
        RenderText {#text} at (0,0) size 309x17
          text run at (0,0) width 309: "The text on both buttons should like this: \x{5E8}\x{5D5}\x{5EA}\x{5E4}\x{5DB}"
      RenderBlock (anonymous) at (0,104) size 784x54
        RenderButton {BUTTON} at (0,0) size 58x27 [color=#000000CC] [bgcolor=#C0C0C0] [border: (2px outset #C0C0C0)]
          RenderBlock (anonymous) at (8,4) size 42x18
            RenderText {#text} at (0,0) size 42x17
              text run at (0,0) width 42: "\x{5E8}\x{5D5}\x{5EA}\x{5E4}\x{5DB}"
        RenderText {#text} at (0,0) size 0x0
        RenderBR {BR} at (57,4) size 1x17
        RenderButton {INPUT} at (0,27) size 58x27 [color=#000000CC] [bgcolor=#C0C0C0] [border: (2px outset #C0C0C0)]
          RenderBlock (anonymous) at (8,4) size 42x18
            RenderText at (0,0) size 42x17
              text run at (0,0) width 42 RTL: "\x{5DB}\x{5E4}\x{5EA}\x{5D5}\x{5E8}"
        RenderText {#text} at (0,0) size 0x0
      RenderBlock {P} at (0,184) size 784x18
        RenderText {#text} at (0,0) size 255x17
          text run at (0,0) width 255: "The following lines should be identical:"
      RenderBlock {P} at (0,218) size 784x18
        RenderText {#text} at (0,0) size 77x17
          text run at (0,0) width 16: "21"
          text run at (16,0) width 61 RTL: "\x{5D4}\x{5DE}\x{5D0}\x{5D4} \x{5D4}-"
      RenderBlock {P} at (0,252) size 784x18
        RenderText {#text} at (0,0) size 77x17
          text run at (0,0) width 77: "21-\x{5D4} \x{5D4}\x{5D0}\x{5DE}\x{5D4}"
layer at (8,60) size 784x2 clip at (0,0) size 0x0
  RenderBlock {HR} at (0,52) size 784x2 [border: (1px inset #000000)]
layer at (8,174) size 784x2 clip at (0,0) size 0x0
  RenderBlock {HR} at (0,166) size 784x2 [border: (1px inset #000000)]
