layer at (0,0) size 785x630
  RenderView at (0,0) size 785x600
layer at (0,0) size 785x630
  RenderBlock {HTML} at (0,0) size 785x630
    RenderBody {BODY} at (8,20) size 769x560
      RenderBlock {DIV} at (20,0) size 729x110
        RenderInline {SPAN} at (0,0) size 99x53 [textStrokeWidth=1.00]
          RenderText {#text} at (0,1) size 99x53
            text run at (0,1) width 99: "This"
        RenderText {#text} at (98,1) size 15x53
          text run at (98,1) width 15: " "
        RenderInline {SPAN} at (0,0) size 86x53 [textFillColor=#FFFFFF] [textStrokeWidth=1.00]
          RenderText {#text} at (112,1) size 86x53
            text run at (112,1) width 86: "text"
        RenderText {#text} at (197,1) size 14x53
          text run at (197,1) width 14: " "
        RenderInline {SPAN} at (0,0) size 124x53 [color=#0000004D]
          RenderText {#text} at (210,1) size 124x53
            text run at (210,1) width 124: "casts"
        RenderText {#text} at (333,1) size 14x53
          text run at (333,1) width 14: " "
        RenderInline {SPAN} at (0,0) size 185x53
          RenderText {#text} at (346,1) size 185x53
            text run at (346,1) width 185: "multiple"
        RenderText {#text} at (0,56) size 206x53
          text run at (0,56) width 206: "shadows"
      RenderBlock {DIV} at (50,160) size 100x100
      RenderBlock {DIV} at (50,310) size 100x100 [bgcolor=#FFFFFF]
      RenderBlock {DIV} at (50,460) size 100x100 [bgcolor=#00000033]
selection start: position 0 of child 0 {#text} of child 7 {SPAN} of child 0 {DIV} of body
selection end:   position 6 of child 0 {#text} of child 7 {SPAN} of child 0 {DIV} of body
