layer at (0,0) size 785x740
  RenderView at (0,0) size 785x600
layer at (0,0) size 785x740
  RenderBlock {HTML} at (0,0) size 785x740
    RenderBody {BODY} at (8,8) size 769x712
      RenderBlock (anonymous) at (0,0) size 769x90
        RenderText {#text} at (0,0) size 557x17
          text run at (0,0) width 557: "This tests checks that the text-overflow:ellipsis property is handled correctly for bidi text."
        RenderBR {BR} at (557,0) size 0x17
        RenderBR {BR} at (0,18) size 0x17
        RenderText {#text} at (0,36) size 737x17
          text run at (0,36) width 737: "Pass if the ellipsis do not overlap the text and the underlines for the links are placed under the text and not the ellipsis."
        RenderBR {BR} at (737,36) size 0x17
        RenderBR {BR} at (0,54) size 0x17
        RenderText {#text} at (0,72) size 35x17
          text run at (0,72) width 35: "RTL:"
      RenderBlock (anonymous) at (0,132) size 769x18
        RenderText {#text} at (0,0) size 94x17
          text run at (0,0) width 94: "RTL Override:"
      RenderBlock (anonymous) at (0,192) size 769x18
        RenderText {#text} at (0,0) size 62x17
          text run at (0,0) width 62: "RTL link:"
      RenderBlock (anonymous) at (0,252) size 769x18
        RenderText {#text} at (0,0) size 133x17
          text run at (0,0) width 133: "RTL with ltr content:"
      RenderBlock (anonymous) at (0,312) size 769x18
        RenderText {#text} at (0,0) size 161x17
          text run at (0,0) width 161: "RTL link with ltr content:"
      RenderBlock (anonymous) at (0,372) size 769x18
        RenderText {#text} at (0,0) size 62x17
          text run at (0,0) width 62: "LTR link:"
      RenderBlock (anonymous) at (0,432) size 769x18
        RenderText {#text} at (0,0) size 34x17
          text run at (0,0) width 34: "LTR:"
      RenderBlock (anonymous) at (0,492) size 769x18
        RenderText {#text} at (0,0) size 133x17
          text run at (0,0) width 133: "LTR with rtl content:"
      RenderBlock (anonymous) at (0,552) size 769x18
        RenderText {#text} at (0,0) size 177x17
          text run at (0,0) width 177: "LTR with forced rtl content:"
      RenderBlock (anonymous) at (0,612) size 769x18
        RenderText {#text} at (0,0) size 161x17
          text run at (0,0) width 161: "LTR link with rtl content:"
      RenderBlock (anonymous) at (0,672) size 769x18
        RenderText {#text} at (0,0) size 205x17
          text run at (0,0) width 205: "LTR link with forced rtl content:"
layer at (8,98) size 182x22 clip at (9,99) size 180x20 scrollX 148 scrollWidth 328
  RenderBlock {DIV} at (0,90) size 182x22 [border: (1px solid #000000)]
    RenderText {#text} at (-147,1) size 328x17
      text run at (-147,1) width 328 RTL: "\x{5DB}\x{5E9}\x{5D4}\x{5D8}\x{5E7}\x{5E1}\x{5D8} \x{5E2}\x{5E8}\x{5D5}\x{5DA} \x{5DE}\x{5D3}\x{5D9} \x{5E0}\x{5E8}\x{5E6}\x{5D4} \x{5DC}\x{5D4}\x{5D5}\x{5E1}\x{5D9}\x{5E3} \x{5D0}\x{5DC}\x{5D9}\x{5E4}\x{5E1}\x{5D5}\x{5EA} \x{5D1}\x{5E1}\x{5D5}\x{5E3} \x{5E9}\x{5D5}\x{5E8}\x{5D4}"
layer at (8,158) size 182x22 clip at (9,159) size 180x20 scrollX 140 scrollWidth 320
  RenderBlock {DIV} at (0,150) size 182x22 [border: (1px solid #000000)]
    RenderText {#text} at (-139,1) size 320x17
      text run at (-139,1) width 320 RTL: "Lorem ipsum dolor sit amet, consectetur adipiscing"
layer at (8,218) size 182x22 clip at (9,219) size 180x20 scrollX 140 scrollWidth 320
  RenderBlock {DIV} at (0,210) size 182x22 [border: (1px solid #000000)]
    RenderInline {A} at (-139,1) size 320x17 [color=#0000EE]
      RenderText {#text} at (-139,1) size 320x17
        text run at (-139,1) width 320 RTL: "Lorem ipsum dolor sit amet, consectetur adipiscing"
    RenderText {#text} at (0,0) size 0x0
layer at (8,278) size 182x22 clip at (9,279) size 180x20 scrollX 140 scrollWidth 320
  RenderBlock {DIV} at (0,270) size 182x22 [border: (1px solid #000000)]
    RenderText {#text} at (-139,1) size 320x17
      text run at (-139,1) width 320: "Lorem ipsum dolor sit amet, consectetur adipiscing"
layer at (8,338) size 182x22 clip at (9,339) size 180x20 scrollX 140 scrollWidth 320
  RenderBlock {DIV} at (0,330) size 182x22 [border: (1px solid #000000)]
    RenderInline {A} at (-139,1) size 320x17 [color=#0000EE]
      RenderText {#text} at (-139,1) size 320x17
        text run at (-139,1) width 320: "Lorem ipsum dolor sit amet, consectetur adipiscing"
    RenderText {#text} at (0,0) size 0x0
layer at (8,398) size 182x22 clip at (9,399) size 180x20 scrollWidth 320
  RenderBlock {DIV} at (0,390) size 182x22 [border: (1px solid #000000)]
    RenderInline {A} at (1,1) size 320x17 [color=#0000EE]
      RenderText {#text} at (1,1) size 320x17
        text run at (1,1) width 320: "Lorem ipsum dolor sit amet, consectetur adipiscing"
    RenderText {#text} at (0,0) size 0x0
layer at (8,458) size 182x22 clip at (9,459) size 180x20 scrollWidth 320
  RenderBlock {DIV} at (0,450) size 182x22 [border: (1px solid #000000)]
    RenderText {#text} at (1,1) size 320x17
      text run at (1,1) width 320: "Lorem ipsum dolor sit amet, consectetur adipiscing"
layer at (8,518) size 182x22 clip at (9,519) size 180x20 scrollWidth 328
  RenderBlock {DIV} at (0,510) size 182x22 [border: (1px solid #000000)]
    RenderText {#text} at (1,1) size 328x17
      text run at (1,1) width 328 RTL: "\x{5DB}\x{5E9}\x{5D4}\x{5D8}\x{5E7}\x{5E1}\x{5D8} \x{5E2}\x{5E8}\x{5D5}\x{5DA} \x{5DE}\x{5D3}\x{5D9} \x{5E0}\x{5E8}\x{5E6}\x{5D4} \x{5DC}\x{5D4}\x{5D5}\x{5E1}\x{5D9}\x{5E3} \x{5D0}\x{5DC}\x{5D9}\x{5E4}\x{5E1}\x{5D5}\x{5EA} \x{5D1}\x{5E1}\x{5D5}\x{5E3} \x{5E9}\x{5D5}\x{5E8}\x{5D4}"
layer at (8,578) size 182x22 clip at (9,579) size 180x20 scrollWidth 320
  RenderBlock {DIV} at (0,570) size 182x22 [border: (1px solid #000000)]
    RenderInline {SPAN} at (1,1) size 320x17
      RenderText {#text} at (1,1) size 320x17
        text run at (1,1) width 320 RTL: "Lorem ipsum dolor sit amet, consectetur adipiscing"
    RenderText {#text} at (0,0) size 0x0
layer at (8,638) size 182x22 clip at (9,639) size 180x20 scrollWidth 328
  RenderBlock {DIV} at (0,630) size 182x22 [border: (1px solid #000000)]
    RenderInline {A} at (1,1) size 328x17 [color=#0000EE]
      RenderText {#text} at (1,1) size 328x17
        text run at (1,1) width 328 RTL: "\x{5DB}\x{5E9}\x{5D4}\x{5D8}\x{5E7}\x{5E1}\x{5D8} \x{5E2}\x{5E8}\x{5D5}\x{5DA} \x{5DE}\x{5D3}\x{5D9} \x{5E0}\x{5E8}\x{5E6}\x{5D4} \x{5DC}\x{5D4}\x{5D5}\x{5E1}\x{5D9}\x{5E3} \x{5D0}\x{5DC}\x{5D9}\x{5E4}\x{5E1}\x{5D5}\x{5EA} \x{5D1}\x{5E1}\x{5D5}\x{5E3} \x{5E9}\x{5D5}\x{5E8}\x{5D4}"
    RenderText {#text} at (0,0) size 0x0
layer at (8,698) size 182x22 clip at (9,699) size 180x20 scrollWidth 320
  RenderBlock {DIV} at (0,690) size 182x22 [border: (1px solid #000000)]
    RenderInline {A} at (1,1) size 320x17 [color=#0000EE]
      RenderText {#text} at (0,0) size 0x0
      RenderInline {SPAN} at (1,1) size 320x17
        RenderText {#text} at (1,1) size 320x17
          text run at (1,1) width 320 RTL: "Lorem ipsum dolor sit amet, consectetur adipiscing"
      RenderText {#text} at (0,0) size 0x0
    RenderText {#text} at (0,0) size 0x0
