layer at (0,0) size 800x600
  RenderView at (0,0) size 800x600
layer at (0,0) size 800x600
  RenderBlock {HTML} at (0,0) size 800x600
    RenderBody {BODY} at (8,8) size 784x584
      RenderInline {SPAN} at (0,0) size 650x135
        RenderText {#text} at (0,1) size 650x135
          text run at (0,1) width 650: "fin LYAWA (No kerning or"
          text run at (0,70) width 227: "ligatures)"
      RenderText {#text} at (0,0) size 0x0
      RenderBR {BR} at (226,109) size 1x17
      RenderInline {SPAN} at (0,0) size 677x135
        RenderText {#text} at (0,139) size 677x135
          text run at (0,139) width 677: "fin LYAWA (No kerning or"
          text run at (0,208) width 227: "ligatures)"
      RenderText {#text} at (0,0) size 0x0
      RenderBR {BR} at (226,247) size 1x17
      RenderInline {SPAN} at (0,0) size 611x135
        RenderText {#text} at (0,277) size 611x135
          text run at (0,277) width 611: "fin LYAWA (Kerning and"
          text run at (0,346) width 227: "ligatures)"
      RenderText {#text} at (0,0) size 0x0
      RenderBR {BR} at (226,385) size 1x17
      RenderInline {SPAN} at (0,0) size 611x135
        RenderText {#text} at (0,415) size 611x135
          text run at (0,415) width 611: "fin LYAWA (Kerning and"
          text run at (0,484) width 227: "ligatures)"
      RenderText {#text} at (0,0) size 0x0
      RenderBR {BR} at (226,523) size 1x17
