layer at (0,0) size 2046x2406
  RenderView at (0,0) size 785x585
layer at (0,0) size 785x2406
  RenderBlock {HTML} at (0,0) size 785x2407
    RenderBody {BODY} at (8,8) size 769x2391
      RenderBlock {H2} at (0,0) size 769x27
        RenderText {#text} at (0,0) size 138x26
          text run at (0,0) width 138: "word-spacing"
      RenderBlock (floating) {PRE} at (0,59) size 1280x170
        RenderBlock {H3} at (0,15) size 1280x19
          RenderText {#text} at (0,1) size 204x18
            text run at (0,1) width 18: "In"
            text run at (38,1) width 18: " a"
            text run at (76,1) width 72: " floated"
            text run at (168,1) width 36: " pre"
        RenderBlock (anonymous) at (0,48) size 1280x121
          RenderText {#text} at (0,1) size 260x30
            text run at (0,1) width 0: " "
            text run at (0,16) width 32: "Word"
            text run at (52,16) width 120: "   spacing"
            text run at (192,16) width 40: " test"
            text run at (252,16) width 8: " "
          RenderInline {EM} at (260,16) size 24x14
            RenderText {#text} at (260,16) size 24x15
              text run at (260,16) width 24: "for"
          RenderText {#text} at (304,16) size 8x15
            text run at (304,16) width 8: " "
          RenderInline {STRONG} at (312,16) size 64x14
            RenderText {#text} at (312,16) size 64x15
              text run at (312,16) width 64: "elements"
          RenderText {#text} at (396,16) size 8x15
            text run at (396,16) width 8: " "
          RenderInline {TT} at (404,16) size 48x14
            RenderText {#text} at (404,16) size 48x15
              text run at (404,16) width 48: "within"
          RenderText {#text} at (0,16) size 604x30
            text run at (472,16) width 72: " elements"
            text run at (564,16) width 40: " too."
            text run at (604,16) width 0: " "
            text run at (0,31) width 32: "Word"
            text run at (52,31) width 120: "   spacing"
            text run at (192,31) width 40: " test"
            text run at (252,31) width 8: " "
          RenderInline {EM} at (260,31) size 24x14
            RenderText {#text} at (260,31) size 24x15
              text run at (260,31) width 24: "for"
          RenderText {#text} at (304,31) size 8x15
            text run at (304,31) width 8: " "
          RenderInline {STRONG} at (312,31) size 64x14
            RenderText {#text} at (312,31) size 64x15
              text run at (312,31) width 64: "elements"
          RenderText {#text} at (396,31) size 8x15
            text run at (396,31) width 8: " "
          RenderInline {TT} at (404,31) size 48x14
            RenderText {#text} at (404,31) size 48x15
              text run at (404,31) width 48: "within"
          RenderText {#text} at (472,31) size 100x15
            text run at (472,31) width 72: " elements"
            text run at (564,31) width 8: " "
          RenderText {#text} at (0,31) size 1072x30
            text run at (592,31) width 40: " too."
            text run at (652,31) width 48: " (with"
            text run at (720,31) width 64: " comment"
            text run at (804,31) width 64: " between"
            text run at (888,31) width 72: " elements"
            text run at (980,31) width 32: " and"
            text run at (1032,31) width 40: " too)"
            text run at (1072,31) width 0: " "
            text run at (0,46) width 32: "Word"
            text run at (52,46) width 120: "   spacing"
            text run at (192,46) width 40: " test"
            text run at (252,46) width 8: " "
          RenderInline {EM} at (260,46) size 24x14
            RenderText {#text} at (260,46) size 24x15
              text run at (260,46) width 24: "for"
          RenderText {#text} at (304,46) size 8x15
            text run at (304,46) width 8: " "
          RenderInline {STRONG} at (312,46) size 64x14
            RenderText {#text} at (312,46) size 64x15
              text run at (312,46) width 64: "elements"
          RenderText {#text} at (396,46) size 8x15
            text run at (396,46) width 8: " "
          RenderInline {TT} at (404,46) size 48x14
            RenderText {#text} at (404,46) size 48x15
              text run at (404,46) width 48: "within"
          RenderText {#text} at (472,46) size 72x15
            text run at (472,46) width 72: " elements"
          RenderText {#text} at (0,46) size 1280x30
            text run at (564,46) width 40: " too."
            text run at (624,46) width 48: " (with"
            text run at (692,46) width 64: " comment"
            text run at (776,46) width 32: " (no"
            text run at (828,46) width 88: " preceeding"
            text run at (936,46) width 56: " space)"
            text run at (1012,46) width 64: " between"
            text run at (1096,46) width 72: " elements"
            text run at (1188,46) width 32: " and"
            text run at (1240,46) width 40: " too)"
            text run at (1280,46) width 0: " "
            text run at (0,61) width 32: "Word"
            text run at (52,61) width 120: "   spacing"
            text run at (192,61) width 40: " test"
            text run at (252,61) width 8: " "
          RenderInline {EM} at (260,61) size 24x14
            RenderText {#text} at (260,61) size 24x15
              text run at (260,61) width 24: "for"
          RenderText {#text} at (304,61) size 8x15
            text run at (304,61) width 8: " "
          RenderInline {STRONG} at (312,61) size 64x14
            RenderText {#text} at (312,61) size 64x15
              text run at (312,61) width 64: "elements"
          RenderText {#text} at (396,61) size 8x15
            text run at (396,61) width 8: " "
          RenderInline {TT} at (404,61) size 48x14
            RenderText {#text} at (404,61) size 48x15
              text run at (404,61) width 48: "within"
          RenderText {#text} at (472,61) size 100x15
            text run at (472,61) width 72: " elements"
            text run at (564,61) width 8: " "
          RenderText {#text} at (572,61) size 692x15
            text run at (572,61) width 32: "too."
            text run at (624,61) width 48: " (with"
            text run at (692,61) width 64: " comment"
            text run at (776,61) width 32: " (no"
            text run at (828,61) width 72: " trailing"
            text run at (920,61) width 56: " space)"
            text run at (996,61) width 64: " between"
            text run at (1080,61) width 72: " elements"
            text run at (1172,61) width 32: " and"
            text run at (1224,61) width 40: " too)"
            text run at (1264,61) width 0: " "
          RenderInline {SPAN} at (0,76) size 376x14
            RenderText {#text} at (0,76) size 260x15
              text run at (0,76) width 32: "Word"
              text run at (52,76) width 120: "   spacing"
              text run at (192,76) width 40: " test"
              text run at (252,76) width 8: " "
            RenderInline {EM} at (260,76) size 24x14
              RenderText {#text} at (260,76) size 24x15
                text run at (260,76) width 24: "for"
            RenderText {#text} at (304,76) size 8x15
              text run at (304,76) width 8: " "
            RenderInline {STRONG} at (312,76) size 64x14
              RenderText {#text} at (312,76) size 64x15
                text run at (312,76) width 64: "elements"
          RenderText {#text} at (396,76) size 8x15
            text run at (396,76) width 8: " "
          RenderInline {TT} at (404,76) size 48x14
            RenderText {#text} at (404,76) size 48x15
              text run at (404,76) width 48: "within"
          RenderText {#text} at (0,76) size 1096x30
            text run at (472,76) width 72: " elements"
            text run at (564,76) width 40: " too."
            text run at (624,76) width 48: " (with"
            text run at (692,76) width 80: " monospace"
            text run at (792,76) width 40: " font"
            text run at (852,76) width 40: " from"
            text run at (912,76) width 40: " Word"
            text run at (972,76) width 24: " to"
            text run at (1016,76) width 80: " elements)"
            text run at (1096,76) width 0: " "
            text run at (0,91) width 32: "Word"
            text run at (52,91) width 120: "   spacing"
            text run at (192,91) width 40: " test"
            text run at (252,91) width 8: " "
          RenderInline {SPAN} at (260,91) size 192x14
            RenderInline {EM} at (260,91) size 24x14
              RenderText {#text} at (260,91) size 24x15
                text run at (260,91) width 24: "for"
            RenderText {#text} at (304,91) size 8x15
              text run at (304,91) width 8: " "
            RenderInline {STRONG} at (312,91) size 64x14
              RenderText {#text} at (312,91) size 64x15
                text run at (312,91) width 64: "elements"
            RenderText {#text} at (396,91) size 8x15
              text run at (396,91) width 8: " "
            RenderInline {TT} at (404,91) size 48x14
              RenderText {#text} at (404,91) size 48x15
                text run at (404,91) width 48: "within"
          RenderText {#text} at (0,91) size 1072x30
            text run at (472,91) width 72: " elements"
            text run at (564,91) width 40: " too."
            text run at (624,91) width 48: " (with"
            text run at (692,91) width 80: " monospace"
            text run at (792,91) width 40: " font"
            text run at (852,91) width 40: " from"
            text run at (912,91) width 32: " for"
            text run at (964,91) width 24: " to"
            text run at (1008,91) width 64: " within)"
            text run at (1072,91) width 0: " "
            text run at (0,106) width 32: "Word"
            text run at (52,106) width 120: "   spacing"
            text run at (192,106) width 40: " test"
            text run at (252,106) width 8: " "
          RenderInline {EM} at (260,106) size 24x14
            RenderText {#text} at (260,106) size 24x15
              text run at (260,106) width 24: "for"
          RenderText {#text} at (304,106) size 8x15
            text run at (304,106) width 8: " "
          RenderInline {STRONG} at (312,106) size 64x14
            RenderText {#text} at (312,106) size 64x15
              text run at (312,106) width 64: "elements"
          RenderText {#text} at (396,106) size 8x15
            text run at (396,106) width 8: " "
          RenderInline {SPAN} at (404,106) size 192x14
            RenderInline {TT} at (404,106) size 48x14
              RenderText {#text} at (404,106) size 48x15
                text run at (404,106) width 48: "within"
            RenderText {#text} at (472,106) size 124x15
              text run at (472,106) width 72: " elements"
              text run at (564,106) width 32: " too"
          RenderText {#text} at (596,106) size 492x15
            text run at (596,106) width 8: "."
            text run at (624,106) width 48: " (with"
            text run at (692,106) width 80: " monospace"
            text run at (792,106) width 40: " font"
            text run at (852,106) width 40: " from"
            text run at (912,106) width 72: " elements"
            text run at (1004,106) width 24: " to"
            text run at (1048,106) width 40: " too)"
            text run at (1088,106) width 0: " "
      RenderBlock (anonymous) at (0,46) size 769x195
        RenderBR {BR} at (1280,0) size 0x18
      RenderBlock {PRE} at (0,256) size 769x154
        RenderBlock {H3} at (0,0) size 769x18
          RenderText {#text} at (0,1) size 240x18
            text run at (0,1) width 18: "In"
            text run at (38,1) width 27: " an"
            text run at (85,1) width 99: " un-floated"
            text run at (204,1) width 36: " pre"
        RenderBlock (anonymous) at (0,33) size 769x121
          RenderText {#text} at (0,1) size 260x30
            text run at (0,1) width 0: " "
            text run at (0,16) width 32: "Word"
            text run at (52,16) width 120: "   spacing"
            text run at (192,16) width 40: " test"
            text run at (252,16) width 8: " "
          RenderInline {EM} at (260,16) size 24x14
            RenderText {#text} at (260,16) size 24x15
              text run at (260,16) width 24: "for"
          RenderText {#text} at (304,16) size 8x15
            text run at (304,16) width 8: " "
          RenderInline {STRONG} at (312,16) size 64x14
            RenderText {#text} at (312,16) size 64x15
              text run at (312,16) width 64: "elements"
          RenderText {#text} at (396,16) size 8x15
            text run at (396,16) width 8: " "
          RenderInline {TT} at (404,16) size 48x14
            RenderText {#text} at (404,16) size 48x15
              text run at (404,16) width 48: "within"
          RenderText {#text} at (0,16) size 604x30
            text run at (472,16) width 72: " elements"
            text run at (564,16) width 40: " too."
            text run at (604,16) width 0: " "
            text run at (0,31) width 32: "Word"
            text run at (52,31) width 120: "   spacing"
            text run at (192,31) width 40: " test"
            text run at (252,31) width 8: " "
          RenderInline {EM} at (260,31) size 24x14
            RenderText {#text} at (260,31) size 24x15
              text run at (260,31) width 24: "for"
          RenderText {#text} at (304,31) size 8x15
            text run at (304,31) width 8: " "
          RenderInline {STRONG} at (312,31) size 64x14
            RenderText {#text} at (312,31) size 64x15
              text run at (312,31) width 64: "elements"
          RenderText {#text} at (396,31) size 8x15
            text run at (396,31) width 8: " "
          RenderInline {TT} at (404,31) size 48x14
            RenderText {#text} at (404,31) size 48x15
              text run at (404,31) width 48: "within"
          RenderText {#text} at (472,31) size 100x15
            text run at (472,31) width 72: " elements"
            text run at (564,31) width 8: " "
          RenderText {#text} at (0,31) size 1072x30
            text run at (592,31) width 40: " too."
            text run at (652,31) width 48: " (with"
            text run at (720,31) width 64: " comment"
            text run at (804,31) width 64: " between"
            text run at (888,31) width 72: " elements"
            text run at (980,31) width 32: " and"
            text run at (1032,31) width 40: " too)"
            text run at (1072,31) width 0: " "
            text run at (0,46) width 32: "Word"
            text run at (52,46) width 120: "   spacing"
            text run at (192,46) width 40: " test"
            text run at (252,46) width 8: " "
          RenderInline {EM} at (260,46) size 24x14
            RenderText {#text} at (260,46) size 24x15
              text run at (260,46) width 24: "for"
          RenderText {#text} at (304,46) size 8x15
            text run at (304,46) width 8: " "
          RenderInline {STRONG} at (312,46) size 64x14
            RenderText {#text} at (312,46) size 64x15
              text run at (312,46) width 64: "elements"
          RenderText {#text} at (396,46) size 8x15
            text run at (396,46) width 8: " "
          RenderInline {TT} at (404,46) size 48x14
            RenderText {#text} at (404,46) size 48x15
              text run at (404,46) width 48: "within"
          RenderText {#text} at (472,46) size 72x15
            text run at (472,46) width 72: " elements"
          RenderText {#text} at (0,46) size 1280x30
            text run at (564,46) width 40: " too."
            text run at (624,46) width 48: " (with"
            text run at (692,46) width 64: " comment"
            text run at (776,46) width 32: " (no"
            text run at (828,46) width 88: " preceeding"
            text run at (936,46) width 56: " space)"
            text run at (1012,46) width 64: " between"
            text run at (1096,46) width 72: " elements"
            text run at (1188,46) width 32: " and"
            text run at (1240,46) width 40: " too)"
            text run at (1280,46) width 0: " "
            text run at (0,61) width 32: "Word"
            text run at (52,61) width 120: "   spacing"
            text run at (192,61) width 40: " test"
            text run at (252,61) width 8: " "
          RenderInline {EM} at (260,61) size 24x14
            RenderText {#text} at (260,61) size 24x15
              text run at (260,61) width 24: "for"
          RenderText {#text} at (304,61) size 8x15
            text run at (304,61) width 8: " "
          RenderInline {STRONG} at (312,61) size 64x14
            RenderText {#text} at (312,61) size 64x15
              text run at (312,61) width 64: "elements"
          RenderText {#text} at (396,61) size 8x15
            text run at (396,61) width 8: " "
          RenderInline {TT} at (404,61) size 48x14
            RenderText {#text} at (404,61) size 48x15
              text run at (404,61) width 48: "within"
          RenderText {#text} at (472,61) size 100x15
            text run at (472,61) width 72: " elements"
            text run at (564,61) width 8: " "
          RenderText {#text} at (572,61) size 692x15
            text run at (572,61) width 32: "too."
            text run at (624,61) width 48: " (with"
            text run at (692,61) width 64: " comment"
            text run at (776,61) width 32: " (no"
            text run at (828,61) width 72: " trailing"
            text run at (920,61) width 56: " space)"
            text run at (996,61) width 64: " between"
            text run at (1080,61) width 72: " elements"
            text run at (1172,61) width 32: " and"
            text run at (1224,61) width 40: " too)"
            text run at (1264,61) width 0: " "
          RenderInline {SPAN} at (0,76) size 376x14
            RenderText {#text} at (0,76) size 260x15
              text run at (0,76) width 32: "Word"
              text run at (52,76) width 120: "   spacing"
              text run at (192,76) width 40: " test"
              text run at (252,76) width 8: " "
            RenderInline {EM} at (260,76) size 24x14
              RenderText {#text} at (260,76) size 24x15
                text run at (260,76) width 24: "for"
            RenderText {#text} at (304,76) size 8x15
              text run at (304,76) width 8: " "
            RenderInline {STRONG} at (312,76) size 64x14
              RenderText {#text} at (312,76) size 64x15
                text run at (312,76) width 64: "elements"
          RenderText {#text} at (396,76) size 8x15
            text run at (396,76) width 8: " "
          RenderInline {TT} at (404,76) size 48x14
            RenderText {#text} at (404,76) size 48x15
              text run at (404,76) width 48: "within"
          RenderText {#text} at (0,76) size 1096x30
            text run at (472,76) width 72: " elements"
            text run at (564,76) width 40: " too."
            text run at (624,76) width 48: " (with"
            text run at (692,76) width 80: " monospace"
            text run at (792,76) width 40: " font"
            text run at (852,76) width 40: " from"
            text run at (912,76) width 40: " Word"
            text run at (972,76) width 24: " to"
            text run at (1016,76) width 80: " elements)"
            text run at (1096,76) width 0: " "
            text run at (0,91) width 32: "Word"
            text run at (52,91) width 120: "   spacing"
            text run at (192,91) width 40: " test"
            text run at (252,91) width 8: " "
          RenderInline {SPAN} at (260,91) size 192x14
            RenderInline {EM} at (260,91) size 24x14
              RenderText {#text} at (260,91) size 24x15
                text run at (260,91) width 24: "for"
            RenderText {#text} at (304,91) size 8x15
              text run at (304,91) width 8: " "
            RenderInline {STRONG} at (312,91) size 64x14
              RenderText {#text} at (312,91) size 64x15
                text run at (312,91) width 64: "elements"
            RenderText {#text} at (396,91) size 8x15
              text run at (396,91) width 8: " "
            RenderInline {TT} at (404,91) size 48x14
              RenderText {#text} at (404,91) size 48x15
                text run at (404,91) width 48: "within"
          RenderText {#text} at (0,91) size 1072x30
            text run at (472,91) width 72: " elements"
            text run at (564,91) width 40: " too."
            text run at (624,91) width 48: " (with"
            text run at (692,91) width 80: " monospace"
            text run at (792,91) width 40: " font"
            text run at (852,91) width 40: " from"
            text run at (912,91) width 32: " for"
            text run at (964,91) width 24: " to"
            text run at (1008,91) width 64: " within)"
            text run at (1072,91) width 0: " "
            text run at (0,106) width 32: "Word"
            text run at (52,106) width 120: "   spacing"
            text run at (192,106) width 40: " test"
            text run at (252,106) width 8: " "
          RenderInline {EM} at (260,106) size 24x14
            RenderText {#text} at (260,106) size 24x15
              text run at (260,106) width 24: "for"
          RenderText {#text} at (304,106) size 8x15
            text run at (304,106) width 8: " "
          RenderInline {STRONG} at (312,106) size 64x14
            RenderText {#text} at (312,106) size 64x15
              text run at (312,106) width 64: "elements"
          RenderText {#text} at (396,106) size 8x15
            text run at (396,106) width 8: " "
          RenderInline {SPAN} at (404,106) size 192x14
            RenderInline {TT} at (404,106) size 48x14
              RenderText {#text} at (404,106) size 48x15
                text run at (404,106) width 48: "within"
            RenderText {#text} at (472,106) size 124x15
              text run at (472,106) width 72: " elements"
              text run at (564,106) width 32: " too"
          RenderText {#text} at (596,106) size 492x15
            text run at (596,106) width 8: "."
            text run at (624,106) width 48: " (with"
            text run at (692,106) width 80: " monospace"
            text run at (792,106) width 40: " font"
            text run at (852,106) width 40: " from"
            text run at (912,106) width 72: " elements"
            text run at (1004,106) width 24: " to"
            text run at (1048,106) width 40: " too)"
            text run at (1088,106) width 0: " "
      RenderBlock (anonymous) at (0,422) size 769x0
        RenderInline {SPAN} at (0,0) size 0x0
          RenderText {#text} at (0,0) size 0x0
      RenderBlock (anonymous) at (0,428) size 769x23
        RenderBlock {H3} at (0,0) size 769x22
          RenderText {#text} at (0,1) size 112x21
            text run at (0,1) width 17: "In"
            text run at (37,1) width 14: " a"
            text run at (71,1) width 41: " span"
      RenderBlock (anonymous) at (0,468) size 769x271
        RenderInline {SPAN} at (0,0) size 752x234
          RenderText {#text} at (0,0) size 176x17
            text run at (0,0) width 35: "Word"
            text run at (54,0) width 5: " "
            text run at (58,0) width 49: "spacing"
            text run at (126,0) width 26: " test"
            text run at (171,0) width 5: " "
          RenderInline {EM} at (175,0) size 19x18
            RenderText {#text} at (175,0) size 19x17
              text run at (175,0) width 19: "for"
          RenderText {#text} at (213,0) size 5x17
            text run at (213,0) width 5: " "
          RenderInline {STRONG} at (217,0) size 59x18
            RenderText {#text} at (217,0) size 59x17
              text run at (217,0) width 59: "elements"
          RenderText {#text} at (295,0) size 5x17
            text run at (295,0) width 5: " "
          RenderInline {TT} at (299,4) size 49x14
            RenderText {#text} at (299,4) size 49x15
              text run at (299,4) width 49: "within"
          RenderText {#text} at (367,0) size 108x17
            text run at (367,0) width 60: " elements"
            text run at (446,0) width 29: " too."
          RenderBR {BR} at (474,0) size 1x18
          RenderText {#text} at (0,18) size 176x17
            text run at (0,18) width 35: "Word"
            text run at (54,18) width 5: " "
            text run at (58,18) width 49: "spacing"
            text run at (126,18) width 26: " test"
            text run at (171,18) width 5: " "
          RenderInline {EM} at (175,18) size 19x18
            RenderText {#text} at (175,18) size 19x17
              text run at (175,18) width 19: "for"
          RenderText {#text} at (213,18) size 5x17
            text run at (213,18) width 5: " "
          RenderInline {STRONG} at (217,18) size 59x18
            RenderText {#text} at (217,18) size 59x17
              text run at (217,18) width 59: "elements"
          RenderText {#text} at (295,18) size 5x17
            text run at (295,18) width 5: " "
          RenderInline {TT} at (299,22) size 49x14
            RenderText {#text} at (299,22) size 49x15
              text run at (299,22) width 49: "within"
          RenderText {#text} at (367,18) size 84x17
            text run at (367,18) width 60: " elements"
            text run at (446,18) width 5: " "
          RenderText {#text} at (0,18) size 691x35
            text run at (450,18) width 25: "too."
            text run at (494,18) width 38: " (with"
            text run at (551,18) width 63: " comment"
            text run at (633,18) width 58: " between"
            text run at (0,36) width 55: "elements"
            text run at (75,36) width 27: " and"
            text run at (122,36) width 29: " too)"
          RenderBR {BR} at (151,36) size 0x18
          RenderText {#text} at (0,54) size 176x17
            text run at (0,54) width 35: "Word"
            text run at (54,54) width 5: " "
            text run at (58,54) width 49: "spacing"
            text run at (126,54) width 26: " test"
            text run at (171,54) width 5: " "
          RenderInline {EM} at (175,54) size 19x18
            RenderText {#text} at (175,54) size 19x17
              text run at (175,54) width 19: "for"
          RenderText {#text} at (213,54) size 5x17
            text run at (213,54) width 5: " "
          RenderInline {STRONG} at (217,54) size 59x18
            RenderText {#text} at (217,54) size 59x17
              text run at (217,54) width 59: "elements"
          RenderText {#text} at (295,54) size 5x17
            text run at (295,54) width 5: " "
          RenderInline {TT} at (299,58) size 49x14
            RenderText {#text} at (299,58) size 49x15
              text run at (299,58) width 49: "within"
          RenderText {#text} at (367,54) size 60x17
            text run at (367,54) width 60: " elements"
          RenderText {#text} at (0,54) size 752x35
            text run at (446,54) width 29: " too."
            text run at (494,54) width 38: " (with"
            text run at (551,54) width 63: " comment"
            text run at (633,54) width 26: " (no"
            text run at (678,54) width 74: " preceeding"
            text run at (0,72) width 40: "space)"
            text run at (60,72) width 57: " between"
            text run at (137,72) width 59: " elements"
            text run at (216,72) width 27: " and"
            text run at (263,72) width 29: " too)"
          RenderBR {BR} at (292,72) size 0x18
          RenderText {#text} at (0,90) size 176x17
            text run at (0,90) width 35: "Word"
            text run at (54,90) width 5: " "
            text run at (58,90) width 49: "spacing"
            text run at (126,90) width 26: " test"
            text run at (171,90) width 5: " "
          RenderInline {EM} at (175,90) size 19x18
            RenderText {#text} at (175,90) size 19x17
              text run at (175,90) width 19: "for"
          RenderText {#text} at (213,90) size 5x17
            text run at (213,90) width 5: " "
          RenderInline {STRONG} at (217,90) size 59x18
            RenderText {#text} at (217,90) size 59x17
              text run at (217,90) width 59: "elements"
          RenderText {#text} at (295,90) size 5x17
            text run at (295,90) width 5: " "
          RenderInline {TT} at (299,94) size 49x14
            RenderText {#text} at (299,94) size 49x15
              text run at (299,94) width 49: "within"
          RenderText {#text} at (367,90) size 84x17
            text run at (367,90) width 60: " elements"
            text run at (446,90) width 5: " "
          RenderText {#text} at (0,90) size 727x35
            text run at (450,90) width 25: "too."
            text run at (494,90) width 38: " (with"
            text run at (551,90) width 63: " comment"
            text run at (633,90) width 26: " (no"
            text run at (678,90) width 49: " trailing"
            text run at (0,108) width 40: "space)"
            text run at (60,108) width 57: " between"
            text run at (137,108) width 59: " elements"
            text run at (216,108) width 27: " and"
            text run at (263,108) width 29: " too)"
          RenderBR {BR} at (292,108) size 0x18
          RenderInline {SPAN} at (0,130) size 320x14
            RenderText {#text} at (0,130) size 204x15
              text run at (0,130) width 32: "Word"
              text run at (52,130) width 8: " "
              text run at (60,130) width 56: "spacing"
              text run at (136,130) width 40: " test"
              text run at (196,130) width 8: " "
            RenderInline {EM} at (204,130) size 24x14
              RenderText {#text} at (204,130) size 24x15
                text run at (204,130) width 24: "for"
            RenderText {#text} at (248,130) size 8x15
              text run at (248,130) width 8: " "
            RenderInline {STRONG} at (256,130) size 64x14
              RenderText {#text} at (256,130) size 64x15
                text run at (256,130) width 64: "elements"
          RenderText {#text} at (340,126) size 4x17
            text run at (340,126) width 4: " "
          RenderInline {TT} at (344,130) size 48x14
            RenderText {#text} at (344,130) size 48x15
              text run at (344,130) width 48: "within"
          RenderText {#text} at (0,126) size 720x35
            text run at (412,126) width 59: " elements"
            text run at (491,126) width 28: " too."
            text run at (539,126) width 37: " (with"
            text run at (596,126) width 75: " monospace"
            text run at (691,126) width 29: " font"
            text run at (0,144) width 30: "from"
            text run at (50,144) width 39: " Word"
            text run at (108,144) width 17: " to"
            text run at (144,144) width 65: " elements)"
          RenderBR {BR} at (208,144) size 1x18
          RenderText {#text} at (0,162) size 176x17
            text run at (0,162) width 35: "Word"
            text run at (54,162) width 5: " "
            text run at (58,162) width 49: "spacing"
            text run at (126,162) width 26: " test"
            text run at (171,162) width 5: " "
          RenderInline {SPAN} at (175,166) size 193x14
            RenderInline {EM} at (175,166) size 25x14
              RenderText {#text} at (175,166) size 25x15
                text run at (175,166) width 25: "for"
            RenderText {#text} at (219,166) size 9x15
              text run at (219,166) width 9: " "
            RenderInline {STRONG} at (227,166) size 65x14
              RenderText {#text} at (227,166) size 65x15
                text run at (227,166) width 65: "elements"
            RenderText {#text} at (311,166) size 9x15
              text run at (311,166) width 9: " "
            RenderInline {TT} at (319,166) size 49x14
              RenderText {#text} at (319,166) size 49x15
                text run at (319,166) width 49: "within"
          RenderText {#text} at (0,162) size 750x35
            text run at (387,162) width 60: " elements"
            text run at (466,162) width 29: " too."
            text run at (514,162) width 38: " (with"
            text run at (571,162) width 76: " monospace"
            text run at (666,162) width 30: " font"
            text run at (715,162) width 35: " from"
            text run at (0,180) width 18: "for"
            text run at (38,180) width 16: " to"
            text run at (74,180) width 49: " within)"
          RenderBR {BR} at (123,180) size 0x18
          RenderText {#text} at (0,198) size 176x17
            text run at (0,198) width 35: "Word"
            text run at (54,198) width 5: " "
            text run at (58,198) width 49: "spacing"
            text run at (126,198) width 26: " test"
            text run at (171,198) width 5: " "
          RenderInline {EM} at (175,198) size 19x18
            RenderText {#text} at (175,198) size 19x17
              text run at (175,198) width 19: "for"
          RenderText {#text} at (213,198) size 5x17
            text run at (213,198) width 5: " "
          RenderInline {STRONG} at (217,198) size 59x18
            RenderText {#text} at (217,198) size 59x17
              text run at (217,198) width 59: "elements"
          RenderText {#text} at (295,198) size 5x17
            text run at (295,198) width 5: " "
          RenderInline {SPAN} at (299,202) size 193x14
            RenderInline {TT} at (299,202) size 49x14
              RenderText {#text} at (299,202) size 49x15
                text run at (299,202) width 49: "within"
            RenderText {#text} at (367,202) size 125x15
              text run at (367,202) width 73: " elements"
              text run at (459,202) width 33: " too"
          RenderText {#text} at (0,198) size 751x35
            text run at (491,198) width 5: "."
            text run at (515,198) width 38: " (with"
            text run at (572,198) width 76: " monospace"
            text run at (667,198) width 30: " font"
            text run at (716,198) width 35: " from"
            text run at (0,216) width 55: "elements"
            text run at (75,216) width 16: " to"
            text run at (111,216) width 29: " too)"
        RenderText {#text} at (0,0) size 0x0
        RenderBR {BR} at (140,216) size 0x18
        RenderBR {BR} at (0,234) size 0x18
        RenderBR {BR} at (0,252) size 0x18
      RenderBlock {H2} at (0,758) size 769x28
        RenderText {#text} at (0,0) size 141x26
          text run at (0,0) width 141: "letter-spacing"
      RenderBlock (floating) {PRE} at (0,818) size 1521x169
        RenderBlock {H3} at (0,15) size 1521x19
          RenderText {#text} at (0,1) size 224x18
            text run at (0,1) width 224: "In a floated pre"
        RenderBlock (anonymous) at (0,48) size 1521x121
          RenderText {#text} at (0,1) size 286x30
            text run at (0,1) width 0: " "
            text run at (0,16) width 286: "Letter   spacing test "
          RenderInline {EM} at (286,16) size 39x14
            RenderText {#text} at (286,16) size 39x15
              text run at (286,16) width 39: "for"
          RenderText {#text} at (325,16) size 13x15
            text run at (325,16) width 13: " "
          RenderInline {STRONG} at (338,16) size 104x14
            RenderText {#text} at (338,16) size 104x15
              text run at (338,16) width 104: "elements"
          RenderText {#text} at (442,16) size 13x15
            text run at (442,16) width 13: " "
          RenderInline {TT} at (455,16) size 78x14
            RenderText {#text} at (455,16) size 78x15
              text run at (455,16) width 78: "within"
          RenderText {#text} at (0,16) size 715x30
            text run at (533,16) width 182: " elements too."
            text run at (715,16) width 0: " "
            text run at (0,31) width 286: "Letter   spacing test "
          RenderInline {EM} at (286,31) size 39x14
            RenderText {#text} at (286,31) size 39x15
              text run at (286,31) width 39: "for"
          RenderText {#text} at (325,31) size 13x15
            text run at (325,31) width 13: " "
          RenderInline {STRONG} at (338,31) size 104x14
            RenderText {#text} at (338,31) size 104x15
              text run at (338,31) width 104: "elements"
          RenderText {#text} at (442,31) size 13x15
            text run at (442,31) width 13: " "
          RenderInline {TT} at (455,31) size 78x14
            RenderText {#text} at (455,31) size 78x15
              text run at (455,31) width 78: "within"
          RenderText {#text} at (533,31) size 130x15
            text run at (533,31) width 130: " elements "
          RenderText {#text} at (0,31) size 1248x30
            text run at (663,31) width 585: " too. (with comment between elements and too)"
            text run at (1248,31) width 0: " "
            text run at (0,46) width 286: "Letter   spacing test "
          RenderInline {EM} at (286,46) size 39x14
            RenderText {#text} at (286,46) size 39x15
              text run at (286,46) width 39: "for"
          RenderText {#text} at (325,46) size 13x15
            text run at (325,46) width 13: " "
          RenderInline {STRONG} at (338,46) size 104x14
            RenderText {#text} at (338,46) size 104x15
              text run at (338,46) width 104: "elements"
          RenderText {#text} at (442,46) size 13x15
            text run at (442,46) width 13: " "
          RenderInline {TT} at (455,46) size 78x14
            RenderText {#text} at (455,46) size 78x15
              text run at (455,46) width 78: "within"
          RenderText {#text} at (533,46) size 117x15
            text run at (533,46) width 117: " elements"
          RenderText {#text} at (0,46) size 1521x30
            text run at (650,46) width 871: " too. (with comment (no preceeding space) between elements and too)"
            text run at (1521,46) width 0: " "
            text run at (0,61) width 286: "Letter   spacing test "
          RenderInline {EM} at (286,61) size 39x14
            RenderText {#text} at (286,61) size 39x15
              text run at (286,61) width 39: "for"
          RenderText {#text} at (325,61) size 13x15
            text run at (325,61) width 13: " "
          RenderInline {STRONG} at (338,61) size 104x14
            RenderText {#text} at (338,61) size 104x15
              text run at (338,61) width 104: "elements"
          RenderText {#text} at (442,61) size 13x15
            text run at (442,61) width 13: " "
          RenderInline {TT} at (455,61) size 78x14
            RenderText {#text} at (455,61) size 78x15
              text run at (455,61) width 78: "within"
          RenderText {#text} at (533,61) size 130x15
            text run at (533,61) width 130: " elements "
          RenderText {#text} at (663,61) size 832x15
            text run at (663,61) width 832: "too. (with comment (no trailing space) between elements and too)"
            text run at (1495,61) width 0: " "
          RenderInline {SPAN} at (0,76) size 442x14
            RenderText {#text} at (0,76) size 286x15
              text run at (0,76) width 286: "Letter   spacing test "
            RenderInline {EM} at (286,76) size 39x14
              RenderText {#text} at (286,76) size 39x15
                text run at (286,76) width 39: "for"
            RenderText {#text} at (325,76) size 13x15
              text run at (325,76) width 13: " "
            RenderInline {STRONG} at (338,76) size 104x14
              RenderText {#text} at (338,76) size 104x15
                text run at (338,76) width 104: "elements"
          RenderText {#text} at (442,76) size 13x15
            text run at (442,76) width 13: " "
          RenderInline {TT} at (455,76) size 78x14
            RenderText {#text} at (455,76) size 78x15
              text run at (455,76) width 78: "within"
          RenderText {#text} at (0,76) size 1313x30
            text run at (533,76) width 780: " elements too. (with monospace font from Letter to elements)"
            text run at (1313,76) width 0: " "
            text run at (0,91) width 286: "Letter   spacing test "
          RenderInline {SPAN} at (286,91) size 247x14
            RenderInline {EM} at (286,91) size 39x14
              RenderText {#text} at (286,91) size 39x15
                text run at (286,91) width 39: "for"
            RenderText {#text} at (325,91) size 13x15
              text run at (325,91) width 13: " "
            RenderInline {STRONG} at (338,91) size 104x14
              RenderText {#text} at (338,91) size 104x15
                text run at (338,91) width 104: "elements"
            RenderText {#text} at (442,91) size 13x15
              text run at (442,91) width 13: " "
            RenderInline {TT} at (455,91) size 78x14
              RenderText {#text} at (455,91) size 78x15
                text run at (455,91) width 78: "within"
          RenderText {#text} at (0,91) size 1248x30
            text run at (533,91) width 715: " elements too. (with monospace font from for to within)"
            text run at (1248,91) width 0: " "
            text run at (0,106) width 286: "Letter   spacing test "
          RenderInline {EM} at (286,106) size 39x14
            RenderText {#text} at (286,106) size 39x15
              text run at (286,106) width 39: "for"
          RenderText {#text} at (325,106) size 13x15
            text run at (325,106) width 13: " "
          RenderInline {STRONG} at (338,106) size 104x14
            RenderText {#text} at (338,106) size 104x15
              text run at (338,106) width 104: "elements"
          RenderText {#text} at (442,106) size 13x15
            text run at (442,106) width 13: " "
          RenderInline {SPAN} at (455,106) size 247x14
            RenderInline {TT} at (455,106) size 78x14
              RenderText {#text} at (455,106) size 78x15
                text run at (455,106) width 78: "within"
            RenderText {#text} at (533,106) size 169x15
              text run at (533,106) width 169: " elements too"
          RenderText {#text} at (702,106) size 572x15
            text run at (702,106) width 572: ". (with monospace font from elements to too)"
            text run at (1274,106) width 0: " "
      RenderBlock (anonymous) at (0,805) size 769x195
        RenderBR {BR} at (1521,0) size 0x18
      RenderBlock {PRE} at (0,1014) size 769x154
        RenderBlock {H3} at (0,0) size 769x18
          RenderText {#text} at (0,1) size 280x18
            text run at (0,1) width 280: "In an un-floated pre"
        RenderBlock (anonymous) at (0,33) size 769x121
          RenderText {#text} at (0,1) size 286x30
            text run at (0,1) width 0: " "
            text run at (0,16) width 286: "Letter   spacing test "
          RenderInline {EM} at (286,16) size 39x14
            RenderText {#text} at (286,16) size 39x15
              text run at (286,16) width 39: "for"
          RenderText {#text} at (325,16) size 13x15
            text run at (325,16) width 13: " "
          RenderInline {STRONG} at (338,16) size 104x14
            RenderText {#text} at (338,16) size 104x15
              text run at (338,16) width 104: "elements"
          RenderText {#text} at (442,16) size 13x15
            text run at (442,16) width 13: " "
          RenderInline {TT} at (455,16) size 78x14
            RenderText {#text} at (455,16) size 78x15
              text run at (455,16) width 78: "within"
          RenderText {#text} at (0,16) size 715x30
            text run at (533,16) width 182: " elements too."
            text run at (715,16) width 0: " "
            text run at (0,31) width 286: "Letter   spacing test "
          RenderInline {EM} at (286,31) size 39x14
            RenderText {#text} at (286,31) size 39x15
              text run at (286,31) width 39: "for"
          RenderText {#text} at (325,31) size 13x15
            text run at (325,31) width 13: " "
          RenderInline {STRONG} at (338,31) size 104x14
            RenderText {#text} at (338,31) size 104x15
              text run at (338,31) width 104: "elements"
          RenderText {#text} at (442,31) size 13x15
            text run at (442,31) width 13: " "
          RenderInline {TT} at (455,31) size 78x14
            RenderText {#text} at (455,31) size 78x15
              text run at (455,31) width 78: "within"
          RenderText {#text} at (533,31) size 130x15
            text run at (533,31) width 130: " elements "
          RenderText {#text} at (0,31) size 1248x30
            text run at (663,31) width 585: " too. (with comment between elements and too)"
            text run at (1248,31) width 0: " "
            text run at (0,46) width 286: "Letter   spacing test "
          RenderInline {EM} at (286,46) size 39x14
            RenderText {#text} at (286,46) size 39x15
              text run at (286,46) width 39: "for"
          RenderText {#text} at (325,46) size 13x15
            text run at (325,46) width 13: " "
          RenderInline {STRONG} at (338,46) size 104x14
            RenderText {#text} at (338,46) size 104x15
              text run at (338,46) width 104: "elements"
          RenderText {#text} at (442,46) size 13x15
            text run at (442,46) width 13: " "
          RenderInline {TT} at (455,46) size 78x14
            RenderText {#text} at (455,46) size 78x15
              text run at (455,46) width 78: "within"
          RenderText {#text} at (533,46) size 117x15
            text run at (533,46) width 117: " elements"
          RenderText {#text} at (0,46) size 1521x30
            text run at (650,46) width 871: " too. (with comment (no preceeding space) between elements and too)"
            text run at (1521,46) width 0: " "
            text run at (0,61) width 286: "Letter   spacing test "
          RenderInline {EM} at (286,61) size 39x14
            RenderText {#text} at (286,61) size 39x15
              text run at (286,61) width 39: "for"
          RenderText {#text} at (325,61) size 13x15
            text run at (325,61) width 13: " "
          RenderInline {STRONG} at (338,61) size 104x14
            RenderText {#text} at (338,61) size 104x15
              text run at (338,61) width 104: "elements"
          RenderText {#text} at (442,61) size 13x15
            text run at (442,61) width 13: " "
          RenderInline {TT} at (455,61) size 78x14
            RenderText {#text} at (455,61) size 78x15
              text run at (455,61) width 78: "within"
          RenderText {#text} at (533,61) size 130x15
            text run at (533,61) width 130: " elements "
          RenderText {#text} at (663,61) size 832x15
            text run at (663,61) width 832: "too. (with comment (no trailing space) between elements and too)"
            text run at (1495,61) width 0: " "
          RenderInline {SPAN} at (0,76) size 442x14
            RenderText {#text} at (0,76) size 286x15
              text run at (0,76) width 286: "Letter   spacing test "
            RenderInline {EM} at (286,76) size 39x14
              RenderText {#text} at (286,76) size 39x15
                text run at (286,76) width 39: "for"
            RenderText {#text} at (325,76) size 13x15
              text run at (325,76) width 13: " "
            RenderInline {STRONG} at (338,76) size 104x14
              RenderText {#text} at (338,76) size 104x15
                text run at (338,76) width 104: "elements"
          RenderText {#text} at (442,76) size 13x15
            text run at (442,76) width 13: " "
          RenderInline {TT} at (455,76) size 78x14
            RenderText {#text} at (455,76) size 78x15
              text run at (455,76) width 78: "within"
          RenderText {#text} at (0,76) size 1313x30
            text run at (533,76) width 780: " elements too. (with monospace font from Letter to elements)"
            text run at (1313,76) width 0: " "
            text run at (0,91) width 286: "Letter   spacing test "
          RenderInline {SPAN} at (286,91) size 247x14
            RenderInline {EM} at (286,91) size 39x14
              RenderText {#text} at (286,91) size 39x15
                text run at (286,91) width 39: "for"
            RenderText {#text} at (325,91) size 13x15
              text run at (325,91) width 13: " "
            RenderInline {STRONG} at (338,91) size 104x14
              RenderText {#text} at (338,91) size 104x15
                text run at (338,91) width 104: "elements"
            RenderText {#text} at (442,91) size 13x15
              text run at (442,91) width 13: " "
            RenderInline {TT} at (455,91) size 78x14
              RenderText {#text} at (455,91) size 78x15
                text run at (455,91) width 78: "within"
          RenderText {#text} at (0,91) size 1248x30
            text run at (533,91) width 715: " elements too. (with monospace font from for to within)"
            text run at (1248,91) width 0: " "
            text run at (0,106) width 286: "Letter   spacing test "
          RenderInline {EM} at (286,106) size 39x14
            RenderText {#text} at (286,106) size 39x15
              text run at (286,106) width 39: "for"
          RenderText {#text} at (325,106) size 13x15
            text run at (325,106) width 13: " "
          RenderInline {STRONG} at (338,106) size 104x14
            RenderText {#text} at (338,106) size 104x15
              text run at (338,106) width 104: "elements"
          RenderText {#text} at (442,106) size 13x15
            text run at (442,106) width 13: " "
          RenderInline {SPAN} at (455,106) size 247x14
            RenderInline {TT} at (455,106) size 78x14
              RenderText {#text} at (455,106) size 78x15
                text run at (455,106) width 78: "within"
            RenderText {#text} at (533,106) size 169x15
              text run at (533,106) width 169: " elements too"
          RenderText {#text} at (702,106) size 572x15
            text run at (702,106) width 572: ". (with monospace font from elements to too)"
            text run at (1274,106) width 0: " "
      RenderBlock (anonymous) at (0,1180) size 769x19
        RenderBR {BR} at (0,0) size 0x18
        RenderInline {SPAN} at (0,4) size 0x18
          RenderText {#text} at (0,0) size 0x0
      RenderBlock (anonymous) at (0,1217) size 769x23
        RenderBlock {H3} at (0,0) size 769x22
          RenderText {#text} at (0,1) size 117x21
            text run at (0,1) width 117: "In a span"
      RenderBlock (anonymous) at (0,1258) size 769x271
        RenderInline {SPAN} at (0,0) size 727x234
          RenderText {#text} at (0,0) size 218x17
            text run at (0,0) width 76: "Letter "
            text run at (76,0) width 142: "spacing test "
          RenderInline {EM} at (218,0) size 33x18
            RenderText {#text} at (218,0) size 33x17
              text run at (218,0) width 33: "for"
          RenderText {#text} at (251,0) size 9x17
            text run at (251,0) width 9: " "
          RenderInline {STRONG} at (260,0) size 98x18
            RenderText {#text} at (260,0) size 98x17
              text run at (260,0) width 98: "elements"
          RenderText {#text} at (358,0) size 9x17
            text run at (358,0) width 9: " "
          RenderInline {TT} at (367,4) size 78x14
            RenderText {#text} at (367,4) size 78x15
              text run at (367,4) width 78: "within"
          RenderText {#text} at (445,0) size 157x17
            text run at (445,0) width 157: " elements too."
          RenderBR {BR} at (602,0) size 0x18
          RenderText {#text} at (0,18) size 218x17
            text run at (0,18) width 76: "Letter "
            text run at (76,18) width 142: "spacing test "
          RenderInline {EM} at (218,18) size 33x18
            RenderText {#text} at (218,18) size 33x17
              text run at (218,18) width 33: "for"
          RenderText {#text} at (251,18) size 9x17
            text run at (251,18) width 9: " "
          RenderInline {STRONG} at (260,18) size 98x18
            RenderText {#text} at (260,18) size 98x17
              text run at (260,18) width 98: "elements"
          RenderText {#text} at (358,18) size 9x17
            text run at (358,18) width 9: " "
          RenderInline {TT} at (367,22) size 78x14
            RenderText {#text} at (367,22) size 78x15
              text run at (367,22) width 78: "within"
          RenderText {#text} at (445,18) size 113x17
            text run at (445,18) width 113: " elements "
          RenderText {#text} at (0,18) size 669x35
            text run at (558,18) width 111: "too. (with"
            text run at (0,36) width 395: "comment between elements and too)"
          RenderBR {BR} at (395,36) size 0x18
          RenderText {#text} at (0,54) size 218x17
            text run at (0,54) width 76: "Letter "
            text run at (76,54) width 142: "spacing test "
          RenderInline {EM} at (218,54) size 33x18
            RenderText {#text} at (218,54) size 33x17
              text run at (218,54) width 33: "for"
          RenderText {#text} at (251,54) size 9x17
            text run at (251,54) width 9: " "
          RenderInline {STRONG} at (260,54) size 98x18
            RenderText {#text} at (260,54) size 98x17
              text run at (260,54) width 98: "elements"
          RenderText {#text} at (358,54) size 9x17
            text run at (358,54) width 9: " "
          RenderInline {TT} at (367,58) size 78x14
            RenderText {#text} at (367,58) size 78x15
              text run at (367,58) width 78: "within"
          RenderText {#text} at (445,54) size 104x17
            text run at (445,54) width 104: " elements"
          RenderText {#text} at (0,54) size 669x35
            text run at (549,54) width 120: " too. (with"
            text run at (0,72) width 647: "comment (no preceeding space) between elements and too)"
          RenderBR {BR} at (647,72) size 0x18
          RenderText {#text} at (0,90) size 218x17
            text run at (0,90) width 76: "Letter "
            text run at (76,90) width 142: "spacing test "
          RenderInline {EM} at (218,90) size 33x18
            RenderText {#text} at (218,90) size 33x17
              text run at (218,90) width 33: "for"
          RenderText {#text} at (251,90) size 9x17
            text run at (251,90) width 9: " "
          RenderInline {STRONG} at (260,90) size 98x18
            RenderText {#text} at (260,90) size 98x17
              text run at (260,90) width 98: "elements"
          RenderText {#text} at (358,90) size 9x17
            text run at (358,90) width 9: " "
          RenderInline {TT} at (367,94) size 78x14
            RenderText {#text} at (367,94) size 78x15
              text run at (367,94) width 78: "within"
          RenderText {#text} at (445,90) size 113x17
            text run at (445,90) width 113: " elements "
          RenderText {#text} at (0,90) size 669x35
            text run at (558,90) width 111: "too. (with"
            text run at (0,108) width 612: "comment (no trailing space) between elements and too)"
          RenderBR {BR} at (612,108) size 0x18
          RenderInline {SPAN} at (0,130) size 416x14
            RenderText {#text} at (0,130) size 260x15
              text run at (0,130) width 91: "Letter "
              text run at (91,130) width 169: "spacing test "
            RenderInline {EM} at (260,130) size 39x14
              RenderText {#text} at (260,130) size 39x15
                text run at (260,130) width 39: "for"
            RenderText {#text} at (299,130) size 13x15
              text run at (299,130) width 13: " "
            RenderInline {STRONG} at (312,130) size 104x14
              RenderText {#text} at (312,130) size 104x15
                text run at (312,130) width 104: "elements"
          RenderText {#text} at (416,126) size 9x17
            text run at (416,126) width 9: " "
          RenderInline {TT} at (425,130) size 78x14
            RenderText {#text} at (425,130) size 78x15
              text run at (425,130) width 78: "within"
          RenderText {#text} at (0,126) size 727x35
            text run at (503,126) width 224: " elements too. (with"
            text run at (0,144) width 450: "monospace font from Letter to elements)"
          RenderBR {BR} at (450,144) size 0x18
          RenderText {#text} at (0,162) size 218x17
            text run at (0,162) width 76: "Letter "
            text run at (76,162) width 142: "spacing test "
          RenderInline {SPAN} at (218,166) size 247x14
            RenderInline {EM} at (218,166) size 39x14
              RenderText {#text} at (218,166) size 39x15
                text run at (218,166) width 39: "for"
            RenderText {#text} at (257,166) size 13x15
              text run at (257,166) width 13: " "
            RenderInline {STRONG} at (270,166) size 104x14
              RenderText {#text} at (270,166) size 104x15
                text run at (270,166) width 104: "elements"
            RenderText {#text} at (374,166) size 13x15
              text run at (374,166) width 13: " "
            RenderInline {TT} at (387,166) size 78x14
              RenderText {#text} at (387,166) size 78x15
                text run at (387,166) width 78: "within"
          RenderText {#text} at (0,162) size 689x35
            text run at (465,162) width 224: " elements too. (with"
            text run at (0,180) width 391: "monospace font from for to within)"
          RenderBR {BR} at (391,180) size 0x18
          RenderText {#text} at (0,198) size 218x17
            text run at (0,198) width 76: "Letter "
            text run at (76,198) width 142: "spacing test "
          RenderInline {EM} at (218,198) size 33x18
            RenderText {#text} at (218,198) size 33x17
              text run at (218,198) width 33: "for"
          RenderText {#text} at (251,198) size 9x17
            text run at (251,198) width 9: " "
          RenderInline {STRONG} at (260,198) size 98x18
            RenderText {#text} at (260,198) size 98x17
              text run at (260,198) width 98: "elements"
          RenderText {#text} at (358,198) size 9x17
            text run at (358,198) width 9: " "
          RenderInline {SPAN} at (367,202) size 247x14
            RenderInline {TT} at (367,202) size 78x14
              RenderText {#text} at (367,202) size 78x15
                text run at (367,202) width 78: "within"
            RenderText {#text} at (445,202) size 169x15
              text run at (445,202) width 169: " elements too"
          RenderText {#text} at (0,198) size 690x35
            text run at (614,198) width 76: ". (with"
            text run at (0,216) width 418: "monospace font from elements to too)"
        RenderText {#text} at (0,0) size 0x0
        RenderBR {BR} at (418,216) size 0x18
        RenderBR {BR} at (0,234) size 0x18
        RenderBR {BR} at (0,252) size 0x18
      RenderBlock {H2} at (0,1548) size 769x28
        RenderText {#text} at (0,0) size 131x26
          text run at (0,0) width 131: "both-spacing"
      RenderBlock (floating) {PRE} at (0,1608) size 2038x169
        RenderBlock {H3} at (0,15) size 2038x19
          RenderText {#text} at (0,1) size 284x18
            text run at (0,1) width 28: "In"
            text run at (48,1) width 28: " a"
            text run at (96,1) width 112: " floated"
            text run at (228,1) width 56: " pre"
        RenderBlock (anonymous) at (0,48) size 2038x121
          RenderText {#text} at (0,1) size 543x30
            text run at (0,1) width 0: " "
            text run at (0,16) width 52: "Word"
            text run at (72,16) width 52: " and"
            text run at (144,16) width 91: " letter"
            text run at (255,16) width 170: "   spacing"
            text run at (445,16) width 65: " test"
            text run at (530,16) width 13: " "
          RenderInline {EM} at (543,16) size 39x14
            RenderText {#text} at (543,16) size 39x15
              text run at (543,16) width 39: "for"
          RenderText {#text} at (602,16) size 13x15
            text run at (602,16) width 13: " "
          RenderInline {STRONG} at (615,16) size 104x14
            RenderText {#text} at (615,16) size 104x15
              text run at (615,16) width 104: "elements"
          RenderText {#text} at (739,16) size 13x15
            text run at (739,16) width 13: " "
          RenderInline {TT} at (752,16) size 78x14
            RenderText {#text} at (752,16) size 78x15
              text run at (752,16) width 78: "within"
          RenderText {#text} at (0,16) size 1052x30
            text run at (850,16) width 117: " elements"
            text run at (987,16) width 65: " too."
            text run at (1052,16) width 0: " "
            text run at (0,31) width 52: "Word"
            text run at (72,31) width 52: " and"
            text run at (144,31) width 91: " letter"
            text run at (255,31) width 170: "   spacing"
            text run at (445,31) width 65: " test"
            text run at (530,31) width 13: " "
          RenderInline {EM} at (543,31) size 39x14
            RenderText {#text} at (543,31) size 39x15
              text run at (543,31) width 39: "for"
          RenderText {#text} at (602,31) size 13x15
            text run at (602,31) width 13: " "
          RenderInline {STRONG} at (615,31) size 104x14
            RenderText {#text} at (615,31) size 104x15
              text run at (615,31) width 104: "elements"
          RenderText {#text} at (739,31) size 13x15
            text run at (739,31) width 13: " "
          RenderInline {TT} at (752,31) size 78x14
            RenderText {#text} at (752,31) size 78x15
              text run at (752,31) width 78: "within"
          RenderText {#text} at (850,31) size 150x15
            text run at (850,31) width 117: " elements"
            text run at (987,31) width 13: " "
          RenderText {#text} at (0,31) size 1725x30
            text run at (1020,31) width 65: " too."
            text run at (1105,31) width 78: " (with"
            text run at (1203,31) width 104: " comment"
            text run at (1327,31) width 104: " between"
            text run at (1451,31) width 117: " elements"
            text run at (1588,31) width 52: " and"
            text run at (1660,31) width 65: " too)"
            text run at (1725,31) width 0: " "
            text run at (0,46) width 52: "Word"
            text run at (72,46) width 52: " and"
            text run at (144,46) width 91: " letter"
            text run at (255,46) width 170: "   spacing"
            text run at (445,46) width 65: " test"
            text run at (530,46) width 13: " "
          RenderInline {EM} at (543,46) size 39x14
            RenderText {#text} at (543,46) size 39x15
              text run at (543,46) width 39: "for"
          RenderText {#text} at (602,46) size 13x15
            text run at (602,46) width 13: " "
          RenderInline {STRONG} at (615,46) size 104x14
            RenderText {#text} at (615,46) size 104x15
              text run at (615,46) width 104: "elements"
          RenderText {#text} at (739,46) size 13x15
            text run at (739,46) width 13: " "
          RenderInline {TT} at (752,46) size 78x14
            RenderText {#text} at (752,46) size 78x15
              text run at (752,46) width 78: "within"
          RenderText {#text} at (850,46) size 117x15
            text run at (850,46) width 117: " elements"
          RenderText {#text} at (0,46) size 2038x30
            text run at (987,46) width 65: " too."
            text run at (1072,46) width 78: " (with"
            text run at (1170,46) width 104: " comment"
            text run at (1294,46) width 52: " (no"
            text run at (1366,46) width 143: " preceeding"
            text run at (1529,46) width 91: " space)"
            text run at (1640,46) width 104: " between"
            text run at (1764,46) width 117: " elements"
            text run at (1901,46) width 52: " and"
            text run at (1973,46) width 65: " too)"
            text run at (2038,46) width 0: " "
            text run at (0,61) width 52: "Word"
            text run at (72,61) width 52: " and"
            text run at (144,61) width 91: " letter"
            text run at (255,61) width 170: "   spacing"
            text run at (445,61) width 65: " test"
            text run at (530,61) width 13: " "
          RenderInline {EM} at (543,61) size 39x14
            RenderText {#text} at (543,61) size 39x15
              text run at (543,61) width 39: "for"
          RenderText {#text} at (602,61) size 13x15
            text run at (602,61) width 13: " "
          RenderInline {STRONG} at (615,61) size 104x14
            RenderText {#text} at (615,61) size 104x15
              text run at (615,61) width 104: "elements"
          RenderText {#text} at (739,61) size 13x15
            text run at (739,61) width 13: " "
          RenderInline {TT} at (752,61) size 78x14
            RenderText {#text} at (752,61) size 78x15
              text run at (752,61) width 78: "within"
          RenderText {#text} at (850,61) size 150x15
            text run at (850,61) width 117: " elements"
            text run at (987,61) width 13: " "
          RenderText {#text} at (1000,61) size 1012x15
            text run at (1000,61) width 52: "too."
            text run at (1072,61) width 78: " (with"
            text run at (1170,61) width 104: " comment"
            text run at (1294,61) width 52: " (no"
            text run at (1366,61) width 117: " trailing"
            text run at (1503,61) width 91: " space)"
            text run at (1614,61) width 104: " between"
            text run at (1738,61) width 117: " elements"
            text run at (1875,61) width 52: " and"
            text run at (1947,61) width 65: " too)"
            text run at (2012,61) width 0: " "
          RenderInline {SPAN} at (0,76) size 719x14
            RenderText {#text} at (0,76) size 543x15
              text run at (0,76) width 52: "Word"
              text run at (72,76) width 52: " and"
              text run at (144,76) width 91: " letter"
              text run at (255,76) width 170: "   spacing"
              text run at (445,76) width 65: " test"
              text run at (530,76) width 13: " "
            RenderInline {EM} at (543,76) size 39x14
              RenderText {#text} at (543,76) size 39x15
                text run at (543,76) width 39: "for"
            RenderText {#text} at (602,76) size 13x15
              text run at (602,76) width 13: " "
            RenderInline {STRONG} at (615,76) size 104x14
              RenderText {#text} at (615,76) size 104x15
                text run at (615,76) width 104: "elements"
          RenderText {#text} at (739,76) size 13x15
            text run at (739,76) width 13: " "
          RenderInline {TT} at (752,76) size 78x14
            RenderText {#text} at (752,76) size 78x15
              text run at (752,76) width 78: "within"
          RenderText {#text} at (0,76) size 1764x30
            text run at (850,76) width 117: " elements"
            text run at (987,76) width 65: " too."
            text run at (1072,76) width 78: " (with"
            text run at (1170,76) width 130: " monospace"
            text run at (1320,76) width 65: " font"
            text run at (1405,76) width 65: " from"
            text run at (1490,76) width 65: " Word"
            text run at (1575,76) width 39: " to"
            text run at (1634,76) width 130: " elements)"
            text run at (1764,76) width 0: " "
            text run at (0,91) width 52: "Word"
            text run at (72,91) width 52: " and"
            text run at (144,91) width 91: " letter"
            text run at (255,91) width 170: "   spacing"
            text run at (445,91) width 65: " test"
            text run at (530,91) width 13: " "
          RenderInline {SPAN} at (543,91) size 287x14
            RenderInline {EM} at (543,91) size 39x14
              RenderText {#text} at (543,91) size 39x15
                text run at (543,91) width 39: "for"
            RenderText {#text} at (602,91) size 13x15
              text run at (602,91) width 13: " "
            RenderInline {STRONG} at (615,91) size 104x14
              RenderText {#text} at (615,91) size 104x15
                text run at (615,91) width 104: "elements"
            RenderText {#text} at (739,91) size 13x15
              text run at (739,91) width 13: " "
            RenderInline {TT} at (752,91) size 78x14
              RenderText {#text} at (752,91) size 78x15
                text run at (752,91) width 78: "within"
          RenderText {#text} at (0,91) size 1725x30
            text run at (850,91) width 117: " elements"
            text run at (987,91) width 65: " too."
            text run at (1072,91) width 78: " (with"
            text run at (1170,91) width 130: " monospace"
            text run at (1320,91) width 65: " font"
            text run at (1405,91) width 65: " from"
            text run at (1490,91) width 52: " for"
            text run at (1562,91) width 39: " to"
            text run at (1621,91) width 104: " within)"
            text run at (1725,91) width 0: " "
            text run at (0,106) width 52: "Word"
            text run at (72,106) width 52: " and"
            text run at (144,106) width 91: " letter"
            text run at (255,106) width 170: "   spacing"
            text run at (445,106) width 65: " test"
            text run at (530,106) width 13: " "
          RenderInline {EM} at (543,106) size 39x14
            RenderText {#text} at (543,106) size 39x15
              text run at (543,106) width 39: "for"
          RenderText {#text} at (602,106) size 13x15
            text run at (602,106) width 13: " "
          RenderInline {STRONG} at (615,106) size 104x14
            RenderText {#text} at (615,106) size 104x15
              text run at (615,106) width 104: "elements"
          RenderText {#text} at (739,106) size 13x15
            text run at (739,106) width 13: " "
          RenderInline {SPAN} at (752,106) size 287x14
            RenderInline {TT} at (752,106) size 78x14
              RenderText {#text} at (752,106) size 78x15
                text run at (752,106) width 78: "within"
            RenderText {#text} at (850,106) size 189x15
              text run at (850,106) width 117: " elements"
              text run at (987,106) width 52: " too"
          RenderText {#text} at (1039,106) size 712x15
            text run at (1039,106) width 13: "."
            text run at (1072,106) width 78: " (with"
            text run at (1170,106) width 130: " monospace"
            text run at (1320,106) width 65: " font"
            text run at (1405,106) width 65: " from"
            text run at (1490,106) width 117: " elements"
            text run at (1627,106) width 39: " to"
            text run at (1686,106) width 65: " too)"
            text run at (1751,106) width 0: " "
      RenderBlock (anonymous) at (0,1595) size 769x195
        RenderBR {BR} at (2038,0) size 0x18
      RenderBlock {PRE} at (0,1804) size 769x154
        RenderBlock {H3} at (0,0) size 769x18
          RenderText {#text} at (0,1) size 340x18
            text run at (0,1) width 28: "In"
            text run at (48,1) width 42: " an"
            text run at (110,1) width 154: " un-floated"
            text run at (284,1) width 56: " pre"
        RenderBlock (anonymous) at (0,33) size 769x121
          RenderText {#text} at (0,1) size 543x30
            text run at (0,1) width 0: " "
            text run at (0,16) width 52: "Word"
            text run at (72,16) width 52: " and"
            text run at (144,16) width 91: " letter"
            text run at (255,16) width 170: "   spacing"
            text run at (445,16) width 65: " test"
            text run at (530,16) width 13: " "
          RenderInline {EM} at (543,16) size 39x14
            RenderText {#text} at (543,16) size 39x15
              text run at (543,16) width 39: "for"
          RenderText {#text} at (602,16) size 13x15
            text run at (602,16) width 13: " "
          RenderInline {STRONG} at (615,16) size 104x14
            RenderText {#text} at (615,16) size 104x15
              text run at (615,16) width 104: "elements"
          RenderText {#text} at (739,16) size 13x15
            text run at (739,16) width 13: " "
          RenderInline {TT} at (752,16) size 78x14
            RenderText {#text} at (752,16) size 78x15
              text run at (752,16) width 78: "within"
          RenderText {#text} at (0,16) size 1052x30
            text run at (850,16) width 117: " elements"
            text run at (987,16) width 65: " too."
            text run at (1052,16) width 0: " "
            text run at (0,31) width 52: "Word"
            text run at (72,31) width 52: " and"
            text run at (144,31) width 91: " letter"
            text run at (255,31) width 170: "   spacing"
            text run at (445,31) width 65: " test"
            text run at (530,31) width 13: " "
          RenderInline {EM} at (543,31) size 39x14
            RenderText {#text} at (543,31) size 39x15
              text run at (543,31) width 39: "for"
          RenderText {#text} at (602,31) size 13x15
            text run at (602,31) width 13: " "
          RenderInline {STRONG} at (615,31) size 104x14
            RenderText {#text} at (615,31) size 104x15
              text run at (615,31) width 104: "elements"
          RenderText {#text} at (739,31) size 13x15
            text run at (739,31) width 13: " "
          RenderInline {TT} at (752,31) size 78x14
            RenderText {#text} at (752,31) size 78x15
              text run at (752,31) width 78: "within"
          RenderText {#text} at (850,31) size 150x15
            text run at (850,31) width 117: " elements"
            text run at (987,31) width 13: " "
          RenderText {#text} at (0,31) size 1725x30
            text run at (1020,31) width 65: " too."
            text run at (1105,31) width 78: " (with"
            text run at (1203,31) width 104: " comment"
            text run at (1327,31) width 104: " between"
            text run at (1451,31) width 117: " elements"
            text run at (1588,31) width 52: " and"
            text run at (1660,31) width 65: " too)"
            text run at (1725,31) width 0: " "
            text run at (0,46) width 52: "Word"
            text run at (72,46) width 52: " and"
            text run at (144,46) width 91: " letter"
            text run at (255,46) width 170: "   spacing"
            text run at (445,46) width 65: " test"
            text run at (530,46) width 13: " "
          RenderInline {EM} at (543,46) size 39x14
            RenderText {#text} at (543,46) size 39x15
              text run at (543,46) width 39: "for"
          RenderText {#text} at (602,46) size 13x15
            text run at (602,46) width 13: " "
          RenderInline {STRONG} at (615,46) size 104x14
            RenderText {#text} at (615,46) size 104x15
              text run at (615,46) width 104: "elements"
          RenderText {#text} at (739,46) size 13x15
            text run at (739,46) width 13: " "
          RenderInline {TT} at (752,46) size 78x14
            RenderText {#text} at (752,46) size 78x15
              text run at (752,46) width 78: "within"
          RenderText {#text} at (850,46) size 117x15
            text run at (850,46) width 117: " elements"
          RenderText {#text} at (0,46) size 2038x30
            text run at (987,46) width 65: " too."
            text run at (1072,46) width 78: " (with"
            text run at (1170,46) width 104: " comment"
            text run at (1294,46) width 52: " (no"
            text run at (1366,46) width 143: " preceeding"
            text run at (1529,46) width 91: " space)"
            text run at (1640,46) width 104: " between"
            text run at (1764,46) width 117: " elements"
            text run at (1901,46) width 52: " and"
            text run at (1973,46) width 65: " too)"
            text run at (2038,46) width 0: " "
            text run at (0,61) width 52: "Word"
            text run at (72,61) width 52: " and"
            text run at (144,61) width 91: " letter"
            text run at (255,61) width 170: "   spacing"
            text run at (445,61) width 65: " test"
            text run at (530,61) width 13: " "
          RenderInline {EM} at (543,61) size 39x14
            RenderText {#text} at (543,61) size 39x15
              text run at (543,61) width 39: "for"
          RenderText {#text} at (602,61) size 13x15
            text run at (602,61) width 13: " "
          RenderInline {STRONG} at (615,61) size 104x14
            RenderText {#text} at (615,61) size 104x15
              text run at (615,61) width 104: "elements"
          RenderText {#text} at (739,61) size 13x15
            text run at (739,61) width 13: " "
          RenderInline {TT} at (752,61) size 78x14
            RenderText {#text} at (752,61) size 78x15
              text run at (752,61) width 78: "within"
          RenderText {#text} at (850,61) size 150x15
            text run at (850,61) width 117: " elements"
            text run at (987,61) width 13: " "
          RenderText {#text} at (1000,61) size 1012x15
            text run at (1000,61) width 52: "too."
            text run at (1072,61) width 78: " (with"
            text run at (1170,61) width 104: " comment"
            text run at (1294,61) width 52: " (no"
            text run at (1366,61) width 117: " trailing"
            text run at (1503,61) width 91: " space)"
            text run at (1614,61) width 104: " between"
            text run at (1738,61) width 117: " elements"
            text run at (1875,61) width 52: " and"
            text run at (1947,61) width 65: " too)"
            text run at (2012,61) width 0: " "
          RenderInline {SPAN} at (0,76) size 719x14
            RenderText {#text} at (0,76) size 543x15
              text run at (0,76) width 52: "Word"
              text run at (72,76) width 52: " and"
              text run at (144,76) width 91: " letter"
              text run at (255,76) width 170: "   spacing"
              text run at (445,76) width 65: " test"
              text run at (530,76) width 13: " "
            RenderInline {EM} at (543,76) size 39x14
              RenderText {#text} at (543,76) size 39x15
                text run at (543,76) width 39: "for"
            RenderText {#text} at (602,76) size 13x15
              text run at (602,76) width 13: " "
            RenderInline {STRONG} at (615,76) size 104x14
              RenderText {#text} at (615,76) size 104x15
                text run at (615,76) width 104: "elements"
          RenderText {#text} at (739,76) size 13x15
            text run at (739,76) width 13: " "
          RenderInline {TT} at (752,76) size 78x14
            RenderText {#text} at (752,76) size 78x15
              text run at (752,76) width 78: "within"
          RenderText {#text} at (0,76) size 1764x30
            text run at (850,76) width 117: " elements"
            text run at (987,76) width 65: " too."
            text run at (1072,76) width 78: " (with"
            text run at (1170,76) width 130: " monospace"
            text run at (1320,76) width 65: " font"
            text run at (1405,76) width 65: " from"
            text run at (1490,76) width 65: " Word"
            text run at (1575,76) width 39: " to"
            text run at (1634,76) width 130: " elements)"
            text run at (1764,76) width 0: " "
            text run at (0,91) width 52: "Word"
            text run at (72,91) width 52: " and"
            text run at (144,91) width 91: " letter"
            text run at (255,91) width 170: "   spacing"
            text run at (445,91) width 65: " test"
            text run at (530,91) width 13: " "
          RenderInline {SPAN} at (543,91) size 287x14
            RenderInline {EM} at (543,91) size 39x14
              RenderText {#text} at (543,91) size 39x15
                text run at (543,91) width 39: "for"
            RenderText {#text} at (602,91) size 13x15
              text run at (602,91) width 13: " "
            RenderInline {STRONG} at (615,91) size 104x14
              RenderText {#text} at (615,91) size 104x15
                text run at (615,91) width 104: "elements"
            RenderText {#text} at (739,91) size 13x15
              text run at (739,91) width 13: " "
            RenderInline {TT} at (752,91) size 78x14
              RenderText {#text} at (752,91) size 78x15
                text run at (752,91) width 78: "within"
          RenderText {#text} at (0,91) size 1725x30
            text run at (850,91) width 117: " elements"
            text run at (987,91) width 65: " too."
            text run at (1072,91) width 78: " (with"
            text run at (1170,91) width 130: " monospace"
            text run at (1320,91) width 65: " font"
            text run at (1405,91) width 65: " from"
            text run at (1490,91) width 52: " for"
            text run at (1562,91) width 39: " to"
            text run at (1621,91) width 104: " within)"
            text run at (1725,91) width 0: " "
            text run at (0,106) width 52: "Word"
            text run at (72,106) width 52: " and"
            text run at (144,106) width 91: " letter"
            text run at (255,106) width 170: "   spacing"
            text run at (445,106) width 65: " test"
            text run at (530,106) width 13: " "
          RenderInline {EM} at (543,106) size 39x14
            RenderText {#text} at (543,106) size 39x15
              text run at (543,106) width 39: "for"
          RenderText {#text} at (602,106) size 13x15
            text run at (602,106) width 13: " "
          RenderInline {STRONG} at (615,106) size 104x14
            RenderText {#text} at (615,106) size 104x15
              text run at (615,106) width 104: "elements"
          RenderText {#text} at (739,106) size 13x15
            text run at (739,106) width 13: " "
          RenderInline {SPAN} at (752,106) size 287x14
            RenderInline {TT} at (752,106) size 78x14
              RenderText {#text} at (752,106) size 78x15
                text run at (752,106) width 78: "within"
            RenderText {#text} at (850,106) size 189x15
              text run at (850,106) width 117: " elements"
              text run at (987,106) width 52: " too"
          RenderText {#text} at (1039,106) size 712x15
            text run at (1039,106) width 13: "."
            text run at (1072,106) width 78: " (with"
            text run at (1170,106) width 130: " monospace"
            text run at (1320,106) width 65: " font"
            text run at (1405,106) width 65: " from"
            text run at (1490,106) width 117: " elements"
            text run at (1627,106) width 39: " to"
            text run at (1686,106) width 65: " too)"
            text run at (1751,106) width 0: " "
      RenderBlock (anonymous) at (0,1970) size 769x19
        RenderBR {BR} at (0,0) size 0x18
        RenderInline {SPAN} at (0,4) size 0x18
          RenderText {#text} at (0,0) size 0x0
      RenderBlock (anonymous) at (0,2007) size 769x23
        RenderBlock {H3} at (0,0) size 769x22
          RenderText {#text} at (0,1) size 157x21
            text run at (0,1) width 27: "In"
            text run at (47,1) width 24: " a"
            text run at (91,1) width 66: " span"
      RenderBlock (anonymous) at (0,2048) size 769x343
        RenderInline {SPAN} at (0,0) size 760x342
          RenderText {#text} at (0,0) size 423x17
            text run at (0,0) width 55: "Word"
            text run at (74,0) width 48: " and"
            text run at (141,0) width 71: " letter"
            text run at (231,0) width 10: " "
            text run at (240,0) width 84: "spacing"
            text run at (343,0) width 51: " test"
            text run at (413,0) width 10: " "
          RenderInline {EM} at (422,0) size 34x18
            RenderText {#text} at (422,0) size 34x17
              text run at (422,0) width 34: "for"
          RenderText {#text} at (475,0) size 10x17
            text run at (475,0) width 10: " "
          RenderInline {STRONG} at (484,0) size 99x18
            RenderText {#text} at (484,0) size 99x17
              text run at (484,0) width 99: "elements"
          RenderText {#text} at (602,0) size 10x17
            text run at (602,0) width 10: " "
          RenderInline {TT} at (611,4) size 79x14
            RenderText {#text} at (611,4) size 79x15
              text run at (611,4) width 79: "within"
          RenderText {#text} at (0,18) size 168x17
            text run at (0,18) width 95: "elements"
            text run at (115,18) width 53: " too."
          RenderBR {BR} at (168,18) size 0x18
          RenderText {#text} at (0,36) size 423x17
            text run at (0,36) width 55: "Word"
            text run at (74,36) width 48: " and"
            text run at (141,36) width 71: " letter"
            text run at (231,36) width 10: " "
            text run at (240,36) width 84: "spacing"
            text run at (343,36) width 51: " test"
            text run at (413,36) width 10: " "
          RenderInline {EM} at (422,36) size 34x18
            RenderText {#text} at (422,36) size 34x17
              text run at (422,36) width 34: "for"
          RenderText {#text} at (475,36) size 10x17
            text run at (475,36) width 10: " "
          RenderInline {STRONG} at (484,36) size 99x18
            RenderText {#text} at (484,36) size 99x17
              text run at (484,36) width 99: "elements"
          RenderText {#text} at (602,36) size 10x17
            text run at (602,36) width 10: " "
          RenderInline {TT} at (611,40) size 79x14
            RenderText {#text} at (611,40) size 79x15
              text run at (611,40) width 79: "within"
          RenderText {#text} at (0,54) size 124x17
            text run at (0,54) width 95: "elements"
            text run at (115,54) width 9: " "
          RenderText {#text} at (124,54) size 635x17
            text run at (124,54) width 44: "too."
            text run at (188,54) width 67: " (with"
            text run at (275,54) width 102: " comment"
            text run at (397,54) width 97: " between"
            text run at (514,54) width 104: " elements"
            text run at (638,54) width 47: " and"
            text run at (705,54) width 54: " too)"
          RenderBR {BR} at (759,54) size 0x18
          RenderText {#text} at (0,72) size 423x17
            text run at (0,72) width 55: "Word"
            text run at (74,72) width 48: " and"
            text run at (141,72) width 71: " letter"
            text run at (231,72) width 10: " "
            text run at (240,72) width 84: "spacing"
            text run at (343,72) width 51: " test"
            text run at (413,72) width 10: " "
          RenderInline {EM} at (422,72) size 34x18
            RenderText {#text} at (422,72) size 34x17
              text run at (422,72) width 34: "for"
          RenderText {#text} at (475,72) size 10x17
            text run at (475,72) width 10: " "
          RenderInline {STRONG} at (484,72) size 99x18
            RenderText {#text} at (484,72) size 99x17
              text run at (484,72) width 99: "elements"
          RenderText {#text} at (602,72) size 10x17
            text run at (602,72) width 10: " "
          RenderInline {TT} at (611,76) size 79x14
            RenderText {#text} at (611,76) size 79x15
              text run at (611,76) width 79: "within"
          RenderText {#text} at (0,90) size 95x17
            text run at (0,90) width 95: "elements"
          RenderText {#text} at (0,90) size 689x35
            text run at (115,90) width 53: " too."
            text run at (188,90) width 67: " (with"
            text run at (275,90) width 102: " comment"
            text run at (397,90) width 45: " (no"
            text run at (462,90) width 128: " preceeding"
            text run at (610,90) width 79: " space)"
            text run at (0,108) width 88: "between"
            text run at (108,108) width 104: " elements"
            text run at (232,108) width 47: " and"
            text run at (299,108) width 54: " too)"
          RenderBR {BR} at (353,108) size 0x18
          RenderText {#text} at (0,126) size 423x17
            text run at (0,126) width 55: "Word"
            text run at (74,126) width 48: " and"
            text run at (141,126) width 71: " letter"
            text run at (231,126) width 10: " "
            text run at (240,126) width 84: "spacing"
            text run at (343,126) width 51: " test"
            text run at (413,126) width 10: " "
          RenderInline {EM} at (422,126) size 34x18
            RenderText {#text} at (422,126) size 34x17
              text run at (422,126) width 34: "for"
          RenderText {#text} at (475,126) size 10x17
            text run at (475,126) width 10: " "
          RenderInline {STRONG} at (484,126) size 99x18
            RenderText {#text} at (484,126) size 99x17
              text run at (484,126) width 99: "elements"
          RenderText {#text} at (602,126) size 10x17
            text run at (602,126) width 10: " "
          RenderInline {TT} at (611,130) size 79x14
            RenderText {#text} at (611,130) size 79x15
              text run at (611,130) width 79: "within"
          RenderText {#text} at (0,144) size 124x17
            text run at (0,144) width 95: "elements"
            text run at (115,144) width 9: " "
          RenderText {#text} at (0,144) size 654x35
            text run at (124,144) width 44: "too."
            text run at (188,144) width 67: " (with"
            text run at (275,144) width 102: " comment"
            text run at (397,144) width 45: " (no"
            text run at (462,144) width 93: " trailing"
            text run at (575,144) width 79: " space)"
            text run at (0,162) width 88: "between"
            text run at (108,162) width 104: " elements"
            text run at (232,162) width 47: " and"
            text run at (299,162) width 54: " too)"
          RenderBR {BR} at (353,162) size 0x18
          RenderInline {SPAN} at (0,184) size 653x14
            RenderText {#text} at (0,184) size 477x15
              text run at (0,184) width 52: "Word"
              text run at (72,184) width 52: " and"
              text run at (144,184) width 91: " letter"
              text run at (255,184) width 13: " "
              text run at (268,184) width 91: "spacing"
              text run at (379,184) width 65: " test"
              text run at (464,184) width 13: " "
            RenderInline {EM} at (477,184) size 39x14
              RenderText {#text} at (477,184) size 39x15
                text run at (477,184) width 39: "for"
            RenderText {#text} at (536,184) size 13x15
              text run at (536,184) width 13: " "
            RenderInline {STRONG} at (549,184) size 104x14
              RenderText {#text} at (549,184) size 104x15
                text run at (549,184) width 104: "elements"
          RenderText {#text} at (673,180) size 9x17
            text run at (673,180) width 9: " "
          RenderInline {TT} at (682,184) size 78x14
            RenderText {#text} at (682,184) size 78x15
              text run at (682,184) width 78: "within"
          RenderText {#text} at (0,198) size 688x35
            text run at (0,198) width 95: "elements"
            text run at (115,198) width 53: " too."
            text run at (188,198) width 67: " (with"
            text run at (275,198) width 125: " monospace"
            text run at (420,198) width 54: " font"
            text run at (494,198) width 59: " from"
            text run at (573,198) width 64: " Word"
            text run at (656,198) width 32: " to"
            text run at (0,216) width 105: "elements)"
          RenderBR {BR} at (105,216) size 0x18
          RenderText {#text} at (0,234) size 423x17
            text run at (0,234) width 55: "Word"
            text run at (74,234) width 48: " and"
            text run at (141,234) width 71: " letter"
            text run at (231,234) width 10: " "
            text run at (240,234) width 84: "spacing"
            text run at (343,234) width 51: " test"
            text run at (413,234) width 10: " "
          RenderInline {SPAN} at (422,238) size 288x14
            RenderInline {EM} at (422,238) size 40x14
              RenderText {#text} at (422,238) size 40x15
                text run at (422,238) width 40: "for"
            RenderText {#text} at (481,238) size 14x15
              text run at (481,238) width 14: " "
            RenderInline {STRONG} at (494,238) size 105x14
              RenderText {#text} at (494,238) size 105x15
                text run at (494,238) width 105: "elements"
            RenderText {#text} at (618,238) size 14x15
              text run at (618,238) width 14: " "
            RenderInline {TT} at (631,238) size 79x14
              RenderText {#text} at (631,238) size 79x15
                text run at (631,238) width 79: "within"
          RenderText {#text} at (0,252) size 666x35
            text run at (0,252) width 95: "elements"
            text run at (115,252) width 53: " too."
            text run at (188,252) width 67: " (with"
            text run at (275,252) width 125: " monospace"
            text run at (420,252) width 54: " font"
            text run at (494,252) width 59: " from"
            text run at (573,252) width 42: " for"
            text run at (635,252) width 31: " to"
            text run at (0,270) width 80: "within)"
          RenderBR {BR} at (80,270) size 0x18
          RenderText {#text} at (0,288) size 423x17
            text run at (0,288) width 55: "Word"
            text run at (74,288) width 48: " and"
            text run at (141,288) width 71: " letter"
            text run at (231,288) width 10: " "
            text run at (240,288) width 84: "spacing"
            text run at (343,288) width 51: " test"
            text run at (413,288) width 10: " "
          RenderInline {EM} at (422,288) size 34x18
            RenderText {#text} at (422,288) size 34x17
              text run at (422,288) width 34: "for"
          RenderText {#text} at (475,288) size 10x17
            text run at (475,288) width 10: " "
          RenderInline {STRONG} at (484,288) size 99x18
            RenderText {#text} at (484,288) size 99x17
              text run at (484,288) width 99: "elements"
          RenderText {#text} at (602,288) size 10x17
            text run at (602,288) width 10: " "
          RenderInline {SPAN} at (0,292) size 690x32
            RenderInline {TT} at (611,292) size 79x14
              RenderText {#text} at (611,292) size 79x15
                text run at (611,292) width 79: "within"
            RenderText {#text} at (0,310) size 176x15
              text run at (0,310) width 104: "elements"
              text run at (124,310) width 52: " too"
          RenderText {#text} at (0,306) size 745x35
            text run at (176,306) width 9: "."
            text run at (205,306) width 67: " (with"
            text run at (292,306) width 125: " monospace"
            text run at (437,306) width 54: " font"
            text run at (511,306) width 59: " from"
            text run at (590,306) width 104: " elements"
            text run at (714,306) width 31: " to"
            text run at (0,324) width 45: "too)"
        RenderText {#text} at (0,0) size 0x0
