layer at (0,0) size 800x600
  RenderView at (0,0) size 800x600
layer at (0,0) size 800x600
  RenderBlock {HTML} at (0,0) size 800x600
    RenderBody {BODY} at (8,8) size 784x584
      RenderBlock (anonymous) at (0,0) size 784x18
        RenderText {#text} at (0,0) size 222x17
          text run at (0,0) width 222: "All text below should be 32px tall."
      RenderBlock {DIV} at (0,18) size 784x37
        RenderText {#text} at (0,0) size 374x36
          text run at (0,0) width 374: "This text should be 32px tall."
      RenderBlock {DIV} at (0,55) size 784x37
        RenderText {#text} at (0,0) size 374x36
          text run at (0,0) width 374: "This text should be 32px tall."
      RenderBlock {DIV} at (0,92) size 784x37
        RenderText {#text} at (0,0) size 374x36
          text run at (0,0) width 374: "This text should be 32px tall."
      RenderBlock {DIV} at (0,129) size 784x37
        RenderText {#text} at (0,0) size 374x36
          text run at (0,0) width 374: "This text should be 32px tall."
