layer at (0,0) size 800x600
  RenderView at (0,0) size 800x600
layer at (0,0) size 800x270
  RenderBlock {HTML} at (0,0) size 800x270
    RenderBody {BODY} at (8,10) size 784x240
      RenderBlock {DIV} at (5,0) size 379x40
        RenderText {#text} at (0,0) size 365x39
          text run at (0,0) width 365: "Text text text text text text text text text text text text text"
          text run at (0,20) width 108: "text text text text"
      RenderBlock {DIV} at (5,60) size 379x65 [border: (5px solid #000000) (15px solid #000000) (20px solid #000000) (10px solid #000000)]
        RenderText {#text} at (10,5) size 337x39
          text run at (10,5) width 337: "Text text text text text text text text text text text text"
          text run at (10,25) width 136: "text text text text text"
      RenderBlock {DIV} at (5,145) size 379x95 [border: (5px solid #000000) (15px solid #000000) (20px solid #000000) (10px solid #000000)]
        RenderText {#text} at (15,15) size 281x39
          text run at (15,15) width 281: "Text text text text text text text text text text"
          text run at (15,35) width 192: "text text text text text text text"
