layer at (0,0) size 800x600
  RenderView at (0,0) size 800x600
layer at (0,0) size 800x600
  RenderBlock {HTML} at (0,0) size 800x600
    RenderBody {BODY} at (8,8) size 784x584
      RenderBlock (anonymous) at (0,0) size 784x18
        RenderText {#text} at (0,0) size 527x17
          text run at (0,0) width 527: "The two divs below should be on the same line, since they are display: inline-block."
      RenderBlock {CENTER} at (0,18) size 784x22
        RenderBlock {DIV} at (88,0) size 304x22 [border: (2px solid #0000FF)]
          RenderText {#text} at (103,2) size 98x17
            text run at (103,2) width 98: "This is div one."
        RenderBlock {DIV} at (392,0) size 304x22 [border: (2px solid #0000FF)]
          RenderText {#text} at (103,2) size 98x17
            text run at (103,2) width 98: "This is div two."
        RenderText {#text} at (0,0) size 0x0
      RenderBlock (anonymous) at (0,40) size 784x62
        RenderText {#text} at (0,0) size 729x17
          text run at (0,0) width 729: "The two marquees below should be on separate lines, since marquees fill the width of a containing block by default."
        RenderInline {SPAN} at (0,0) size 784x39
          RenderText {#text} at (0,0) size 0x0
          RenderText {#text} at (0,0) size 0x0
          RenderText {#text} at (0,0) size 0x0
        RenderText {#text} at (0,0) size 0x0
layer at (8,66) size 784x22 clip at (10,68) size 780x18 scrollX -780
  RenderBlock {MARQUEE} at (0,18) size 784x22 [border: (2px solid #008000)]
    RenderText {#text} at (2,2) size 97x17
      text run at (2,2) width 97: "This is div one."
layer at (8,88) size 784x22 clip at (10,90) size 780x18 scrollX -780
  RenderBlock {MARQUEE} at (0,40) size 784x22 [border: (2px solid #008000)]
    RenderText {#text} at (2,2) size 98x17
      text run at (2,2) width 98: "This is div two."
