layer at (0,0) size 800x600
  RenderView at (0,0) size 800x600
layer at (0,0) size 800x572
  RenderBlock {HTML} at (0,0) size 800x572
    RenderBody {BODY} at (8,21) size 784x359
      RenderBlock {H1} at (0,0) size 784x37 [color=#990000]
        RenderText {#text} at (0,0) size 699x36
          text run at (0,0) width 699: "Webkit background image positioning on RTL text"
      RenderBlock {H2} at (0,58) size 784x28
        RenderText {#text} at (0,0) size 262x26
          text run at (0,0) width 262: "Behaviour within <p> tag"
      RenderBlock (floating) {DIV} at (0,105) size 318x205 [bgcolor=#DDDDDD]
        RenderBlock {P} at (6,22) size 306x160
          RenderText {#text} at (22,0) size 275x159
            text run at (22,0) width 242: "Lorem ipsum dolor sit amet, consectetur"
            text run at (22,20) width 88: "adipiscing elit. "
            text run at (110,20) width 169: "Nam mollis, elit eu vulputate"
            text run at (22,40) width 233: "ornare, est urna congue felis, id auctor "
            text run at (255,40) width 26: "arcu"
            text run at (22,60) width 256: "odio imperdiet nulla. Cras viverra interdum"
            text run at (22,80) width 77: "diam blandit "
            text run at (99,80) width 175: "adipiscing. Aliquam erat felis,"
            text run at (22,100) width 173: "iaculis sit amet rhoncus quis, "
            text run at (195,100) width 95: "condimentum at"
            text run at (22,120) width 275: "nisl. Duis malesuada quam vel augue hendrerit"
            text run at (22,140) width 40: "porta. "
            text run at (62,140) width 179: "Nulla vitae elementum mauris."
      RenderBlock (floating) {DIV} at (332,105) size 318x185 [bgcolor=#DDDDDD]
        RenderBlock {P} at (6,22) size 306x140
          RenderText {#text} at (3,0) size 281x139
            text run at (3,0) width 281 RTL: "\x{5D4}\x{5D5}\x{5D1}\x{5DC}\x{5EA} \x{5D3}\x{5D9}\x{5E8}\x{5D5}\x{5EA} \x{5D1}\x{5DB}\x{5DC} \x{5D4}\x{5D0}\x{5E8}\x{5E5} \x{5E9}\x{5D9}\x{5E8}\x{5D5}\x{5EA}, \x{5D0}\x{5D9}\x{5DB}\x{5D5}\x{5EA} \x{5D5}\x{5DE}\x{5D7}\x{5D9}\x{5E8}\x{5D9}\x{5DD} \x{5DC}\x{5DC}\x{5D0}"
            text run at (37,20) width 247 RTL: "\x{5EA}\x{5D7}\x{5E8}\x{5D5}\x{5EA} \x{5D4}\x{5D5}\x{5D1}\x{5DC}\x{5EA} \x{5D3}\x{5D9}\x{5E8}\x{5D5}\x{5EA} \x{5D1}\x{5DB}\x{5DC} \x{5D4}\x{5D0}\x{5E8}\x{5E5} \x{5E9}\x{5D9}\x{5E8}\x{5D5}\x{5EA}, \x{5D0}\x{5D9}\x{5DB}\x{5D5}\x{5EA}"
            text run at (40,40) width 244 RTL: "\x{5D5}\x{5DE}\x{5D7}\x{5D9}\x{5E8}\x{5D9}\x{5DD} \x{5DC}\x{5DC}\x{5D0} \x{5EA}\x{5D7}\x{5E8}\x{5D5}\x{5EA} \x{5D4}\x{5D5}\x{5D1}\x{5DC}\x{5EA} \x{5D3}\x{5D9}\x{5E8}\x{5D5}\x{5EA} \x{5D1}\x{5DB}\x{5DC} \x{5D4}\x{5D0}\x{5E8}\x{5E5}"
            text run at (24,60) width 260 RTL: "\x{5E9}\x{5D9}\x{5E8}\x{5D5}\x{5EA}, \x{5D0}\x{5D9}\x{5DB}\x{5D5}\x{5EA} \x{5D5}\x{5DE}\x{5D7}\x{5D9}\x{5E8}\x{5D9}\x{5DD} \x{5DC}\x{5DC}\x{5D0} \x{5EA}\x{5D7}\x{5E8}\x{5D5}\x{5EA} \x{5D4}\x{5D5}\x{5D1}\x{5DC}\x{5EA} \x{5D3}\x{5D9}\x{5E8}\x{5D5}\x{5EA}"
            text run at (36,80) width 248 RTL: "\x{5D1}\x{5DB}\x{5DC} \x{5D4}\x{5D0}\x{5E8}\x{5E5} \x{5E9}\x{5D9}\x{5E8}\x{5D5}\x{5EA}, \x{5D0}\x{5D9}\x{5DB}\x{5D5}\x{5EA} \x{5D5}\x{5DE}\x{5D7}\x{5D9}\x{5E8}\x{5D9}\x{5DD} \x{5DC}\x{5DC}\x{5D0} \x{5EA}\x{5D7}\x{5E8}\x{5D5}\x{5EA}"
            text run at (3,100) width 281 RTL: "\x{5D4}\x{5D5}\x{5D1}\x{5DC}\x{5EA} \x{5D3}\x{5D9}\x{5E8}\x{5D5}\x{5EA} \x{5D1}\x{5DB}\x{5DC} \x{5D4}\x{5D0}\x{5E8}\x{5E5} \x{5E9}\x{5D9}\x{5E8}\x{5D5}\x{5EA}, \x{5D0}\x{5D9}\x{5DB}\x{5D5}\x{5EA} \x{5D5}\x{5DE}\x{5D7}\x{5D9}\x{5E8}\x{5D9}\x{5DD} \x{5DC}\x{5DC}\x{5D0}"
            text run at (248,120) width 36 RTL: "\x{5EA}\x{5D7}\x{5E8}\x{5D5}\x{5EA}"
      RenderBlock {HR} at (0,309) size 784x3 [border: (1px inset #000000)]
      RenderBlock {H2} at (0,331) size 784x28
        RenderText {#text} at (0,0) size 261x26
          text run at (0,0) width 261: "Behaviour within <a> tag"
      RenderBlock (floating) {DIV} at (0,378) size 318x173 [bgcolor=#DDDDDD]
        RenderInline {A} at (0,0) size 304x159 [color=#0000EE]
          RenderText {#text} at (28,6) size 304x159
            text run at (28,6) width 242: "Lorem ipsum dolor sit amet, consectetur"
            text run at (6,26) width 304: "adipiscing elit. Nam mollis, elit eu vulputate ornare,"
            text run at (6,46) width 98: "est urna congue "
            text run at (104,46) width 205: "felis, id auctor arcu odio imperdiet"
            text run at (6,66) width 202: "nulla. Cras viverra interdum diam "
            text run at (208,66) width 40: "blandit"
            text run at (6,86) width 265: "adipiscing. Aliquam erat felis, iaculis sit amet"
            text run at (6,106) width 83: "rhoncus quis, "
            text run at (89,106) width 220: "condimentum at nisl. Duis malesuada"
            text run at (6,126) width 194: "quam vel augue hendrerit porta. "
            text run at (200,126) width 64: "Nulla vitae"
            text run at (6,146) width 111: "elementum mauris."
        RenderText {#text} at (0,0) size 0x0
      RenderBlock (floating) {DIV} at (332,378) size 318x133 [bgcolor=#DDDDDD]
        RenderInline {A} at (0,0) size 303x119 [color=#0000EE]
          RenderText {#text} at (9,6) size 303x119
            text run at (9,6) width 281 RTL: "\x{5D4}\x{5D5}\x{5D1}\x{5DC}\x{5EA} \x{5D3}\x{5D9}\x{5E8}\x{5D5}\x{5EA} \x{5D1}\x{5DB}\x{5DC} \x{5D4}\x{5D0}\x{5E8}\x{5E5} \x{5E9}\x{5D9}\x{5E8}\x{5D5}\x{5EA}, \x{5D0}\x{5D9}\x{5DB}\x{5D5}\x{5EA} \x{5D5}\x{5DE}\x{5D7}\x{5D9}\x{5E8}\x{5D9}\x{5DD} \x{5DC}\x{5DC}\x{5D0}"
            text run at (17,26) width 295 RTL: "\x{5EA}\x{5D7}\x{5E8}\x{5D5}\x{5EA} \x{5D4}\x{5D5}\x{5D1}\x{5DC}\x{5EA} \x{5D3}\x{5D9}\x{5E8}\x{5D5}\x{5EA} \x{5D1}\x{5DB}\x{5DC} \x{5D4}\x{5D0}\x{5E8}\x{5E5} \x{5E9}\x{5D9}\x{5E8}\x{5D5}\x{5EA}, \x{5D0}\x{5D9}\x{5DB}\x{5D5}\x{5EA} \x{5D5}\x{5DE}\x{5D7}\x{5D9}\x{5E8}\x{5D9}\x{5DD}"
            text run at (39,46) width 273 RTL: "\x{5DC}\x{5DC}\x{5D0} \x{5EA}\x{5D7}\x{5E8}\x{5D5}\x{5EA} \x{5D4}\x{5D5}\x{5D1}\x{5DC}\x{5EA} \x{5D3}\x{5D9}\x{5E8}\x{5D5}\x{5EA} \x{5D1}\x{5DB}\x{5DC} \x{5D4}\x{5D0}\x{5E8}\x{5E5} \x{5E9}\x{5D9}\x{5E8}\x{5D5}\x{5EA}, \x{5D0}\x{5D9}\x{5DB}\x{5D5}\x{5EA}"
            text run at (26,66) width 286 RTL: "\x{5D5}\x{5DE}\x{5D7}\x{5D9}\x{5E8}\x{5D9}\x{5DD} \x{5DC}\x{5DC}\x{5D0} \x{5EA}\x{5D7}\x{5E8}\x{5D5}\x{5EA} \x{5D4}\x{5D5}\x{5D1}\x{5DC}\x{5EA} \x{5D3}\x{5D9}\x{5E8}\x{5D5}\x{5EA} \x{5D1}\x{5DB}\x{5DC} \x{5D4}\x{5D0}\x{5E8}\x{5E5} \x{5E9}\x{5D9}\x{5E8}\x{5D5}\x{5EA},"
            text run at (33,86) width 279 RTL: "\x{5D0}\x{5D9}\x{5DB}\x{5D5}\x{5EA} \x{5D5}\x{5DE}\x{5D7}\x{5D9}\x{5E8}\x{5D9}\x{5DD} \x{5DC}\x{5DC}\x{5D0} \x{5EA}\x{5D7}\x{5E8}\x{5D5}\x{5EA} \x{5D4}\x{5D5}\x{5D1}\x{5DC}\x{5EA} \x{5D3}\x{5D9}\x{5E8}\x{5D5}\x{5EA} \x{5D1}\x{5DB}\x{5DC} \x{5D4}\x{5D0}\x{5E8}\x{5E5}"
            text run at (125,106) width 187 RTL: "\x{5E9}\x{5D9}\x{5E8}\x{5D5}\x{5EA}, \x{5D0}\x{5D9}\x{5DB}\x{5D5}\x{5EA} \x{5D5}\x{5DE}\x{5D7}\x{5D9}\x{5E8}\x{5D9}\x{5DD} \x{5DC}\x{5DC}\x{5D0} \x{5EA}\x{5D7}\x{5E8}\x{5D5}\x{5EA}"
        RenderText {#text} at (0,0) size 0x0
