layer at (0,0) size 800x600
  RenderView at (0,0) size 800x600
layer at (0,0) size 800x58
  RenderBlock {HTML} at (0,0) size 800x58
    RenderBody {BODY} at (8,8) size 784x42
      RenderBlock {DIV} at (0,0) size 322x42 [border: (1px solid #FF0000)]
        RenderInline {SPAN} at (0,0) size 317x41 [border: (1px solid #008000)]
          RenderText {#text} at (2,1) size 16x19
            text run at (2,1) width 16: "-- "
          RenderInline {SPAN} at (0,0) size 317x39
            RenderText {#text} at (18,1) size 16x19
              text run at (18,1) width 16: "-- "
            RenderInline {SPAN} at (0,0) size 317x39
              RenderText {#text} at (34,1) size 16x19
                text run at (34,1) width 16: "-- "
              RenderInline {SPAN} at (0,0) size 317x39
                RenderText {#text} at (50,1) size 16x19
                  text run at (50,1) width 16: "-- "
                RenderInline {SPAN} at (0,0) size 317x39
                  RenderText {#text} at (66,1) size 16x19
                    text run at (66,1) width 16: "-- "
                  RenderInline {SPAN} at (0,0) size 317x39
                    RenderText {#text} at (82,1) size 16x19
                      text run at (82,1) width 16: "-- "
                    RenderInline {SPAN} at (0,0) size 317x39
                      RenderText {#text} at (98,1) size 16x19
                        text run at (98,1) width 16: "-- "
                      RenderInline {SPAN} at (0,0) size 317x39
                        RenderText {#text} at (114,1) size 16x19
                          text run at (114,1) width 16: "-- "
                        RenderInline {SPAN} at (0,0) size 317x39
                          RenderText {#text} at (130,1) size 16x19
                            text run at (130,1) width 16: "-- "
                          RenderInline {SPAN} at (0,0) size 317x39
                            RenderText {#text} at (146,1) size 16x19
                              text run at (146,1) width 16: "-- "
                            RenderInline {SPAN} at (0,0) size 317x39
                              RenderText {#text} at (162,1) size 16x19
                                text run at (162,1) width 16: "-- "
                              RenderInline {SPAN} at (0,0) size 317x39
                                RenderText {#text} at (178,1) size 16x19
                                  text run at (178,1) width 16: "-- "
                                RenderInline {SPAN} at (0,0) size 317x39
                                  RenderText {#text} at (194,1) size 16x19
                                    text run at (194,1) width 16: "-- "
                                  RenderInline {SPAN} at (0,0) size 317x39
                                    RenderText {#text} at (210,1) size 16x19
                                      text run at (210,1) width 16: "-- "
                                    RenderInline {SPAN} at (0,0) size 317x39
                                      RenderText {#text} at (226,1) size 16x19
                                        text run at (226,1) width 16: "-- "
                                      RenderInline {SPAN} at (0,0) size 317x39
                                        RenderText {#text} at (242,1) size 16x19
                                          text run at (242,1) width 16: "-- "
                                        RenderInline {SPAN} at (0,0) size 317x39
                                          RenderText {#text} at (258,1) size 16x19
                                            text run at (258,1) width 16: "-- "
                                          RenderInline {SPAN} at (0,0) size 317x39
                                            RenderText {#text} at (274,1) size 16x19
                                              text run at (274,1) width 16: "-- "
                                            RenderInline {SPAN} at (0,0) size 317x39
                                              RenderText {#text} at (290,1) size 16x19
                                                text run at (290,1) width 16: "-- "
                                              RenderInline {SPAN} at (0,0) size 317x39
                                                RenderText {#text} at (306,1) size 12x19
                                                  text run at (306,1) width 12: "--"
                                                RenderInline {SPAN} at (0,0) size 60x19
                                                  RenderText {#text} at (1,21) size 16x19
                                                    text run at (1,21) width 16: "-- "
                                                  RenderInline {SPAN} at (0,0) size 44x19
                                                    RenderText {#text} at (17,21) size 16x19
                                                      text run at (17,21) width 16: "-- "
                                                    RenderInline {SPAN} at (0,0) size 28x19
                                                      RenderText {#text} at (33,21) size 16x19
                                                        text run at (33,21) width 16: "-- "
                                                      RenderInline {SPAN} at (0,0) size 12x19
                                                        RenderText {#text} at (49,21) size 12x19
                                                          text run at (49,21) width 12: "--"
        RenderText {#text} at (0,0) size 0x0
