layer at (0,0) size 900x585
  RenderView at (0,0) size 800x585
layer at (0,0) size 800x585
  RenderBlock {HTML} at (0,0) size 800x585
    RenderBody {BODY} at (8,8) size 800x569
      RenderBlock {DIV} at (0,0) size 800x0
      RenderBlock {DIV} at (0,0) size 800x0
      RenderBlock {DIV} at (0,0) size 800x0
      RenderBlock {DIV} at (0,0) size 800x0
      RenderBlock {DIV} at (0,0) size 800x0
      RenderBlock {DIV} at (0,0) size 800x0
      RenderBlock {DIV} at (0,0) size 800x0
      RenderBlock {DIV} at (0,0) size 800x0
layer at (165,547) size 243x28
  RenderBlock (positioned) {FONT} at (165,547) size 243x28
    RenderText {#text} at (0,0) size 243x27
      text run at (0,0) width 243: "RTL-Center-Aligned"
layer at (-84,451) size 92x84 backgroundClip at (0,0) size 900x585 clip at (0,0) size 900x585
  RenderBlock (positioned) {FONT} at (-84,451) size 92x84
    RenderText {#text} at (0,0) size 92x83
      text run at (0,0) width 61: "RTL-"
      text run at (0,28) width 61: "Left-"
      text run at (0,56) width 92: "Aligned"
layer at (581,457) size 227x28
  RenderBlock (positioned) {FONT} at (581,457) size 227x28
    RenderText {#text} at (0,0) size 227x27
      text run at (0,0) width 227: "RTL-Right-Aligned"
layer at (612,407) size 196x28
  RenderBlock (positioned) {FONT} at (612,407) size 196x28
    RenderText {#text} at (0,0) size 196x27
      text run at (0,0) width 196: "RTL-No-Aligned"
layer at (408,357) size 243x28
  RenderBlock (positioned) {FONT} at (408,357) size 243x28
    RenderText {#text} at (0,0) size 243x27
      text run at (0,0) width 243: "LTR-Center-Aligned"
layer at (8,307) size 214x28
  RenderBlock (positioned) {FONT} at (8,307) size 214x28
    RenderText {#text} at (0,0) size 214x27
      text run at (0,0) width 214: "LTR-Left-Aligned"
layer at (808,201) size 92x84
  RenderBlock (positioned) {FONT} at (808,201) size 92x84
    RenderText {#text} at (31,0) size 92x83
      text run at (31,0) width 61: "LTR-"
      text run at (18,28) width 74: "Right-"
      text run at (0,56) width 92: "Aligned"
layer at (8,207) size 196x28
  RenderBlock (positioned) {FONT} at (8,207) size 196x28
    RenderText {#text} at (0,0) size 196x27
      text run at (0,0) width 196: "LTR-No-Aligned"
