layer at (0,0) size 800x600
  RenderView at (0,0) size 800x600
layer at (0,0) size 800x600
  RenderBlock {HTML} at (0,0) size 800x600
    RenderBody {BODY} at (8,8) size 784x584
      RenderBlock {P} at (0,0) size 784x18
        RenderText {#text} at (0,0) size 762x18
          text run at (0,0) width 762: "There are two boxes below, both rotated 180\x{B0} in Y. The rightmost one has backface-visibility: hidden, so you can't see it."
      RenderBlock {DIV} at (0,34) size 402x202 [border: (1px solid #000000)]
        RenderText {#text} at (197,183) size 4x18
          text run at (197,183) width 4: " "
        RenderText {#text} at (0,0) size 0x0
      RenderBlock {DIV} at (0,236) size 784x36
        RenderText {#text} at (0,0) size 168x18
          text run at (0,0) width 168: "Found box1 on left: PASS"
        RenderBR {BR} at (168,14) size 0x0
        RenderText {#text} at (0,18) size 203x18
          text run at (0,18) width 203: "Found container on right: PASS"
        RenderBR {BR} at (203,32) size 0x0
layer at (27,61) size 160x160
  RenderBlock {DIV} at (19,19) size 160x160 [bgcolor=#808080]
layer at (227,61) size 160x160
  RenderBlock {DIV} at (219,19) size 160x160 [bgcolor=#808080]
