layer at (0,0) size 800x600
  RenderView at (0,0) size 800x600
layer at (0,0) size 800x600
  RenderBlock {HTML} at (0,0) size 800x600
    RenderBody {BODY} at (8,8) size 784x584
      RenderTable {TABLE} at (0,0) size 212x312 [border: (2px outset #808080)]
        RenderTableSection {TBODY} at (2,2) size 208x308
          RenderTableRow {TR} at (0,2) size 208x304
            RenderTableCell {TD} at (2,2) size 204x304 [border: (1px inset #808080)] [r=0 c=0 rs=1 cs=1]
layer at (14,14) size 200x300 clip at (14,14) size 185x300 scrollHeight 432
  RenderBlock {DIV} at (2,2) size 200x300
    RenderText {#text} at (0,0) size 137x18
      text run at (0,0) width 137: "Lots of overflow text."
    RenderBR {BR} at (137,14) size 0x0
    RenderText {#text} at (0,18) size 137x18
      text run at (0,18) width 137: "Lots of overflow text."
    RenderBR {BR} at (137,32) size 0x0
    RenderText {#text} at (0,36) size 137x18
      text run at (0,36) width 137: "Lots of overflow text."
    RenderBR {BR} at (137,50) size 0x0
    RenderText {#text} at (0,54) size 137x18
      text run at (0,54) width 137: "Lots of overflow text."
    RenderBR {BR} at (137,68) size 0x0
    RenderText {#text} at (0,72) size 137x18
      text run at (0,72) width 137: "Lots of overflow text."
    RenderBR {BR} at (137,86) size 0x0
    RenderText {#text} at (0,90) size 137x18
      text run at (0,90) width 137: "Lots of overflow text."
    RenderBR {BR} at (137,104) size 0x0
    RenderText {#text} at (0,108) size 137x18
      text run at (0,108) width 137: "Lots of overflow text."
    RenderBR {BR} at (137,122) size 0x0
    RenderText {#text} at (0,126) size 137x18
      text run at (0,126) width 137: "Lots of overflow text."
    RenderBR {BR} at (137,140) size 0x0
    RenderText {#text} at (0,144) size 137x18
      text run at (0,144) width 137: "Lots of overflow text."
    RenderBR {BR} at (137,158) size 0x0
    RenderText {#text} at (0,162) size 137x18
      text run at (0,162) width 137: "Lots of overflow text."
    RenderBR {BR} at (137,176) size 0x0
    RenderText {#text} at (0,180) size 137x18
      text run at (0,180) width 137: "Lots of overflow text."
    RenderBR {BR} at (137,194) size 0x0
    RenderText {#text} at (0,198) size 137x18
      text run at (0,198) width 137: "Lots of overflow text."
    RenderBR {BR} at (137,212) size 0x0
    RenderText {#text} at (0,216) size 137x18
      text run at (0,216) width 137: "Lots of overflow text."
    RenderBR {BR} at (137,230) size 0x0
    RenderText {#text} at (0,234) size 137x18
      text run at (0,234) width 137: "Lots of overflow text."
    RenderBR {BR} at (137,248) size 0x0
    RenderText {#text} at (0,252) size 137x18
      text run at (0,252) width 137: "Lots of overflow text."
    RenderBR {BR} at (137,266) size 0x0
    RenderText {#text} at (0,270) size 137x18
      text run at (0,270) width 137: "Lots of overflow text."
    RenderBR {BR} at (137,284) size 0x0
    RenderText {#text} at (0,288) size 137x18
      text run at (0,288) width 137: "Lots of overflow text."
    RenderBR {BR} at (137,302) size 0x0
    RenderText {#text} at (0,306) size 137x18
      text run at (0,306) width 137: "Lots of overflow text."
    RenderBR {BR} at (137,320) size 0x0
    RenderText {#text} at (0,324) size 137x18
      text run at (0,324) width 137: "Lots of overflow text."
    RenderBR {BR} at (137,338) size 0x0
    RenderText {#text} at (0,342) size 137x18
      text run at (0,342) width 137: "Lots of overflow text."
    RenderBR {BR} at (137,356) size 0x0
    RenderText {#text} at (0,360) size 137x18
      text run at (0,360) width 137: "Lots of overflow text."
    RenderBR {BR} at (137,374) size 0x0
    RenderText {#text} at (0,378) size 137x18
      text run at (0,378) width 137: "Lots of overflow text."
    RenderBR {BR} at (137,392) size 0x0
    RenderText {#text} at (0,396) size 137x18
      text run at (0,396) width 137: "Lots of overflow text."
    RenderBR {BR} at (137,410) size 0x0
    RenderText {#text} at (0,414) size 137x18
      text run at (0,414) width 137: "Lots of overflow text."
    RenderBR {BR} at (137,428) size 0x0
