layer at (0,0) size 800x600
  RenderView at (0,0) size 800x600
layer at (0,0) size 800x600
  RenderBlock {HTML} at (0,0) size 800x600
    RenderBody {BODY} at (8,8) size 784x579
layer at (8,8) size 300x47 clip at (8,8) size 300x32 scrollWidth 312
  RenderBlock {PRE} at (0,0) size 300x47
    RenderText {#text} at (0,0) size 312x32
      text run at (0,0) width 312: "This is a test to see if this messes up"
      text run at (312,0) width 0: " "
      text run at (0,16) width 240: "the way I think it's going to."
