layer at (0,0) size 785x1099
  RenderView at (0,0) size 785x585
layer at (0,0) size 785x585
  RenderBlock {HTML} at (0,0) size 785x585
    RenderBody {BODY} at (0,0) size 785x585
      RenderText {#text} at (0,0) size 336x19
        text run at (0,0) width 336: "ffffffffffffffffffffffffffffffffffffffffffffffffffffffffffffffffffffffffffffffffffff"
      RenderBR {BR} at (336,15) size 0x0
      RenderText {#text} at (0,20) size 336x19
        text run at (0,20) width 336: "ffffffffffffffffffffffffffffffffffffffffffffffffffffffffffffffffffffffffffffffffffff"
      RenderBR {BR} at (336,35) size 0x0
      RenderText {#text} at (0,40) size 336x19
        text run at (0,40) width 336: "ffffffffffffffffffffffffffffffffffffffffffffffffffffffffffffffffffffffffffffffffffff"
      RenderBR {BR} at (336,55) size 0x0
      RenderText {#text} at (0,60) size 336x19
        text run at (0,60) width 336: "ffffffffffffffffffffffffffffffffffffffffffffffffffffffffffffffffffffffffffffffffffff"
      RenderBR {BR} at (336,75) size 0x0
      RenderText {#text} at (0,80) size 336x19
        text run at (0,80) width 336: "ffffffffffffffffffffffffffffffffffffffffffffffffffffffffffffffffffffffffffffffffffff"
      RenderBR {BR} at (336,95) size 0x0
      RenderText {#text} at (0,100) size 336x19
        text run at (0,100) width 336: "ffffffffffffffffffffffffffffffffffffffffffffffffffffffffffffffffffffffffffffffffffff"
      RenderBR {BR} at (336,115) size 0x0
      RenderText {#text} at (0,120) size 336x19
        text run at (0,120) width 336: "ffffffffffffffffffffffffffffffffffffffffffffffffffffffffffffffffffffffffffffffffffff"
      RenderBR {BR} at (336,135) size 0x0
      RenderText {#text} at (0,140) size 336x19
        text run at (0,140) width 336: "ffffffffffffffffffffffffffffffffffffffffffffffffffffffffffffffffffffffffffffffffffff"
      RenderBR {BR} at (336,155) size 0x0
      RenderText {#text} at (0,160) size 336x19
        text run at (0,160) width 336: "ffffffffffffffffffffffffffffffffffffffffffffffffffffffffffffffffffffffffffffffffffff"
      RenderBR {BR} at (336,175) size 0x0
      RenderText {#text} at (0,180) size 336x19
        text run at (0,180) width 336: "ffffffffffffffffffffffffffffffffffffffffffffffffffffffffffffffffffffffffffffffffffff"
      RenderBR {BR} at (336,195) size 0x0
      RenderText {#text} at (0,200) size 336x19
        text run at (0,200) width 336: "ffffffffffffffffffffffffffffffffffffffffffffffffffffffffffffffffffffffffffffffffffff"
      RenderBR {BR} at (336,215) size 0x0
      RenderText {#text} at (0,220) size 336x19
        text run at (0,220) width 336: "ffffffffffffffffffffffffffffffffffffffffffffffffffffffffffffffffffffffffffffffffffff"
      RenderBR {BR} at (336,235) size 0x0
      RenderText {#text} at (0,240) size 336x19
        text run at (0,240) width 336: "ffffffffffffffffffffffffffffffffffffffffffffffffffffffffffffffffffffffffffffffffffff"
      RenderBR {BR} at (336,255) size 0x0
      RenderText {#text} at (0,260) size 336x19
        text run at (0,260) width 336: "ffffffffffffffffffffffffffffffffffffffffffffffffffffffffffffffffffffffffffffffffffff"
      RenderBR {BR} at (336,275) size 0x0
      RenderText {#text} at (0,280) size 336x19
        text run at (0,280) width 336: "ffffffffffffffffffffffffffffffffffffffffffffffffffffffffffffffffffffffffffffffffffff"
      RenderBR {BR} at (336,295) size 0x0
      RenderText {#text} at (0,300) size 336x19
        text run at (0,300) width 336: "ffffffffffffffffffffffffffffffffffffffffffffffffffffffffffffffffffffffffffffffffffff"
      RenderBR {BR} at (336,315) size 0x0
      RenderText {#text} at (0,320) size 336x19
        text run at (0,320) width 336: "ffffffffffffffffffffffffffffffffffffffffffffffffffffffffffffffffffffffffffffffffffff"
      RenderBR {BR} at (336,335) size 0x0
      RenderText {#text} at (0,340) size 336x19
        text run at (0,340) width 336: "ffffffffffffffffffffffffffffffffffffffffffffffffffffffffffffffffffffffffffffffffffff"
      RenderBR {BR} at (336,355) size 0x0
      RenderText {#text} at (0,360) size 336x19
        text run at (0,360) width 336: "ffffffffffffffffffffffffffffffffffffffffffffffffffffffffffffffffffffffffffffffffffff"
      RenderBR {BR} at (336,375) size 0x0
      RenderText {#text} at (0,380) size 336x19
        text run at (0,380) width 336: "ffffffffffffffffffffffffffffffffffffffffffffffffffffffffffffffffffffffffffffffffffff"
      RenderBR {BR} at (336,395) size 0x0
      RenderText {#text} at (0,400) size 336x19
        text run at (0,400) width 336: "ffffffffffffffffffffffffffffffffffffffffffffffffffffffffffffffffffffffffffffffffffff"
      RenderBR {BR} at (336,415) size 0x0
      RenderText {#text} at (0,420) size 336x19
        text run at (0,420) width 336: "ffffffffffffffffffffffffffffffffffffffffffffffffffffffffffffffffffffffffffffffffffff"
      RenderBR {BR} at (336,435) size 0x0
      RenderText {#text} at (0,440) size 336x19
        text run at (0,440) width 336: "ffffffffffffffffffffffffffffffffffffffffffffffffffffffffffffffffffffffffffffffffffff"
      RenderBR {BR} at (336,455) size 0x0
      RenderText {#text} at (0,460) size 336x19
        text run at (0,460) width 336: "ffffffffffffffffffffffffffffffffffffffffffffffffffffffffffffffffffffffffffffffffffff"
      RenderBR {BR} at (336,475) size 0x0
      RenderText {#text} at (0,480) size 336x19
        text run at (0,480) width 336: "ffffffffffffffffffffffffffffffffffffffffffffffffffffffffffffffffffffffffffffffffffff"
      RenderBR {BR} at (336,495) size 0x0
      RenderText {#text} at (0,500) size 336x19
        text run at (0,500) width 336: "ffffffffffffffffffffffffffffffffffffffffffffffffffffffffffffffffffffffffffffffffffff"
      RenderBR {BR} at (336,515) size 0x0
      RenderText {#text} at (0,520) size 336x19
        text run at (0,520) width 336: "ffffffffffffffffffffffffffffffffffffffffffffffffffffffffffffffffffffffffffffffffffff"
      RenderBR {BR} at (336,535) size 0x0
      RenderText {#text} at (0,540) size 336x19
        text run at (0,540) width 336: "ffffffffffffffffffffffffffffffffffffffffffffffffffffffffffffffffffffffffffffffffffff"
      RenderBR {BR} at (336,555) size 0x0
      RenderText {#text} at (0,560) size 336x19
        text run at (0,560) width 336: "ffffffffffffffffffffffffffffffffffffffffffffffffffffffffffffffffffffffffffffffffffff"
      RenderBR {BR} at (336,575) size 0x0
      RenderText {#text} at (0,580) size 336x19
        text run at (0,580) width 336: "ffffffffffffffffffffffffffffffffffffffffffffffffffffffffffffffffffffffffffffffffffff"
      RenderBR {BR} at (336,595) size 0x0
      RenderText {#text} at (0,600) size 336x19
        text run at (0,600) width 336: "ffffffffffffffffffffffffffffffffffffffffffffffffffffffffffffffffffffffffffffffffffff"
      RenderBR {BR} at (336,615) size 0x0
      RenderText {#text} at (0,620) size 336x19
        text run at (0,620) width 336: "ffffffffffffffffffffffffffffffffffffffffffffffffffffffffffffffffffffffffffffffffffff"
      RenderBR {BR} at (336,635) size 0x0
      RenderText {#text} at (0,640) size 336x19
        text run at (0,640) width 336: "ffffffffffffffffffffffffffffffffffffffffffffffffffffffffffffffffffffffffffffffffffff"
      RenderBR {BR} at (336,655) size 0x0
      RenderText {#text} at (0,660) size 336x19
        text run at (0,660) width 336: "ffffffffffffffffffffffffffffffffffffffffffffffffffffffffffffffffffffffffffffffffffff"
      RenderBR {BR} at (336,675) size 0x0
      RenderText {#text} at (0,680) size 336x19
        text run at (0,680) width 336: "ffffffffffffffffffffffffffffffffffffffffffffffffffffffffffffffffffffffffffffffffffff"
      RenderBR {BR} at (336,695) size 0x0
      RenderText {#text} at (0,700) size 336x19
        text run at (0,700) width 336: "ffffffffffffffffffffffffffffffffffffffffffffffffffffffffffffffffffffffffffffffffffff"
      RenderBR {BR} at (336,715) size 0x0
      RenderText {#text} at (0,720) size 336x19
        text run at (0,720) width 336: "ffffffffffffffffffffffffffffffffffffffffffffffffffffffffffffffffffffffffffffffffffff"
      RenderBR {BR} at (336,735) size 0x0
      RenderText {#text} at (0,740) size 336x19
        text run at (0,740) width 336: "ffffffffffffffffffffffffffffffffffffffffffffffffffffffffffffffffffffffffffffffffffff"
      RenderBR {BR} at (336,755) size 0x0
      RenderText {#text} at (0,760) size 336x19
        text run at (0,760) width 336: "ffffffffffffffffffffffffffffffffffffffffffffffffffffffffffffffffffffffffffffffffffff"
      RenderBR {BR} at (336,775) size 0x0
      RenderText {#text} at (0,780) size 336x19
        text run at (0,780) width 336: "ffffffffffffffffffffffffffffffffffffffffffffffffffffffffffffffffffffffffffffffffffff"
      RenderBR {BR} at (336,795) size 0x0
      RenderText {#text} at (0,800) size 336x19
        text run at (0,800) width 336: "ffffffffffffffffffffffffffffffffffffffffffffffffffffffffffffffffffffffffffffffffffff"
      RenderBR {BR} at (336,815) size 0x0
      RenderText {#text} at (0,820) size 336x19
        text run at (0,820) width 336: "ffffffffffffffffffffffffffffffffffffffffffffffffffffffffffffffffffffffffffffffffffff"
      RenderBR {BR} at (336,835) size 0x0
      RenderText {#text} at (0,840) size 336x19
        text run at (0,840) width 336: "ffffffffffffffffffffffffffffffffffffffffffffffffffffffffffffffffffffffffffffffffffff"
      RenderBR {BR} at (336,855) size 0x0
      RenderText {#text} at (0,860) size 336x19
        text run at (0,860) width 336: "ffffffffffffffffffffffffffffffffffffffffffffffffffffffffffffffffffffffffffffffffffff"
      RenderBR {BR} at (336,875) size 0x0
      RenderText {#text} at (0,880) size 336x19
        text run at (0,880) width 336: "ffffffffffffffffffffffffffffffffffffffffffffffffffffffffffffffffffffffffffffffffffff"
      RenderBR {BR} at (336,895) size 0x0
      RenderText {#text} at (0,900) size 336x19
        text run at (0,900) width 336: "ffffffffffffffffffffffffffffffffffffffffffffffffffffffffffffffffffffffffffffffffffff"
      RenderBR {BR} at (336,915) size 0x0
      RenderText {#text} at (0,920) size 336x19
        text run at (0,920) width 336: "ffffffffffffffffffffffffffffffffffffffffffffffffffffffffffffffffffffffffffffffffffff"
      RenderBR {BR} at (336,935) size 0x0
      RenderText {#text} at (0,940) size 336x19
        text run at (0,940) width 336: "ffffffffffffffffffffffffffffffffffffffffffffffffffffffffffffffffffffffffffffffffffff"
      RenderBR {BR} at (336,955) size 0x0
      RenderText {#text} at (0,960) size 336x19
        text run at (0,960) width 336: "ffffffffffffffffffffffffffffffffffffffffffffffffffffffffffffffffffffffffffffffffffff"
      RenderBR {BR} at (336,975) size 0x0
      RenderText {#text} at (0,980) size 336x19
        text run at (0,980) width 336: "ffffffffffffffffffffffffffffffffffffffffffffffffffffffffffffffffffffffffffffffffffff"
      RenderBR {BR} at (336,995) size 0x0
      RenderText {#text} at (0,1000) size 336x19
        text run at (0,1000) width 336: "ffffffffffffffffffffffffffffffffffffffffffffffffffffffffffffffffffffffffffffffffffff"
      RenderBR {BR} at (336,1015) size 0x0
      RenderText {#text} at (0,1020) size 336x19
        text run at (0,1020) width 336: "ffffffffffffffffffffffffffffffffffffffffffffffffffffffffffffffffffffffffffffffffffff"
      RenderBR {BR} at (336,1035) size 0x0
      RenderText {#text} at (0,1040) size 336x19
        text run at (0,1040) width 336: "ffffffffffffffffffffffffffffffffffffffffffffffffffffffffffffffffffffffffffffffffffff"
      RenderBR {BR} at (336,1055) size 0x0
      RenderText {#text} at (0,1060) size 336x19
        text run at (0,1060) width 336: "ffffffffffffffffffffffffffffffffffffffffffffffffffffffffffffffffffffffffffffffffffff"
      RenderBR {BR} at (336,1075) size 0x0
      RenderText {#text} at (0,1080) size 336x19
        text run at (0,1080) width 336: "ffffffffffffffffffffffffffffffffffffffffffffffffffffffffffffffffffffffffffffffffffff"
      RenderBR {BR} at (336,1095) size 0x0
