layer at (0,0) size 800x600
  RenderView at (0,0) size 800x600
layer at (0,0) size 800x8
  RenderBlock {HTML} at (0,0) size 800x8
    RenderBody {BODY} at (8,8) size 784x0
layer at (8,8) size 300x300 scrollHeight 720
  RenderBlock (positioned) {DIV} at (8,8) size 300x300
    RenderText {#text} at (0,0) size 299x720
      text run at (0,0) width 252: "Lorem ipsum dolor sit amet, consectetur"
      text run at (0,18) width 245: "adipisicing elit, sed do eiusmod tempor"
      text run at (0,36) width 293: "incididunt ut labore et dolore magna aliqua. Ut"
      text run at (0,54) width 229: "enim ad minim veniam, quis nostrud"
      text run at (0,72) width 299: "exercitation ullamco laboris nisi ut aliquip ex ea"
      text run at (0,90) width 284: "commodo consequat. Duis aute irure dolor in"
      text run at (0,108) width 265: "reprehenderit in voluptate velit esse cillum"
      text run at (0,126) width 284: "dolore eu fugiat nulla pariatur. Excepteur sint"
      text run at (0,144) width 287: "occaecat cupidatat non proident, sunt in culpa"
      text run at (0,162) width 293: "qui officia deserunt mollit anim id est laborum."
      text run at (0,180) width 252: "Lorem ipsum dolor sit amet, consectetur"
      text run at (0,198) width 245: "adipisicing elit, sed do eiusmod tempor"
      text run at (0,216) width 293: "incididunt ut labore et dolore magna aliqua. Ut"
      text run at (0,234) width 229: "enim ad minim veniam, quis nostrud"
      text run at (0,252) width 299: "exercitation ullamco laboris nisi ut aliquip ex ea"
      text run at (0,270) width 284: "commodo consequat. Duis aute irure dolor in"
      text run at (0,288) width 265: "reprehenderit in voluptate velit esse cillum"
      text run at (0,306) width 284: "dolore eu fugiat nulla pariatur. Excepteur sint"
      text run at (0,324) width 287: "occaecat cupidatat non proident, sunt in culpa"
      text run at (0,342) width 293: "qui officia deserunt mollit anim id est laborum."
      text run at (0,360) width 252: "Lorem ipsum dolor sit amet, consectetur"
      text run at (0,378) width 245: "adipisicing elit, sed do eiusmod tempor"
      text run at (0,396) width 293: "incididunt ut labore et dolore magna aliqua. Ut"
      text run at (0,414) width 229: "enim ad minim veniam, quis nostrud"
      text run at (0,432) width 299: "exercitation ullamco laboris nisi ut aliquip ex ea"
      text run at (0,450) width 284: "commodo consequat. Duis aute irure dolor in"
      text run at (0,468) width 265: "reprehenderit in voluptate velit esse cillum"
      text run at (0,486) width 284: "dolore eu fugiat nulla pariatur. Excepteur sint"
      text run at (0,504) width 287: "occaecat cupidatat non proident, sunt in culpa"
      text run at (0,522) width 233: "qui officia deserunt mollit anim id est"
      text run at (0,540) width 233: "laborum.Lorem ipsum dolor sit amet,"
      text run at (0,558) width 272: "consectetur adipisicing elit, sed do eiusmod"
      text run at (0,576) width 275: "tempor incididunt ut labore et dolore magna"
      text run at (0,594) width 295: "aliqua. Ut enim ad minim veniam, quis nostrud"
      text run at (0,612) width 299: "exercitation ullamco laboris nisi ut aliquip ex ea"
      text run at (0,630) width 284: "commodo consequat. Duis aute irure dolor in"
      text run at (0,648) width 265: "reprehenderit in voluptate velit esse cillum"
      text run at (0,666) width 284: "dolore eu fugiat nulla pariatur. Excepteur sint"
      text run at (0,684) width 287: "occaecat cupidatat non proident, sunt in culpa"
      text run at (0,702) width 293: "qui officia deserunt mollit anim id est laborum."
