layer at (0,0) size 800x600
  RenderView at (0,0) size 800x600
layer at (0,0) size 800x600
  RenderBlock {HTML} at (0,0) size 800x600
    RenderBody {BODY} at (8,8) size 784x584
      RenderBlock (anonymous) at (0,0) size 784x20
        RenderText {#text} at (0,0) size 589x19
          text run at (0,0) width 589: "This tests that the scrollbar and resize corner are not visible on an element that has visibility:hidden."
layer at (8,28) size 50x70 clip at (8,28) size 35x55 scrollWidth 39 scrollHeight 120
  RenderBlock {DIV} at (0,20) size 50x70
    RenderText {#text} at (0,0) size 39x119
      text run at (0,0) width 26: "You"
      text run at (0,20) width 39: "should"
      text run at (0,40) width 19: "not"
      text run at (0,60) width 20: "see"
      text run at (0,80) width 20: "this"
      text run at (0,100) width 22: "text"
