layer at (0,0) size 800x600
  RenderView at (0,0) size 800x600
layer at (0,0) size 800x600
  RenderBlock {HTML} at (0,0) size 800x600
    RenderBody {BODY} at (8,8) size 784x576
      RenderBlock {P} at (0,0) size 784x40
        RenderText {#text} at (0,0) size 51x19
          text run at (0,0) width 51: "Test for "
        RenderInline {I} at (0,0) size 761x39
          RenderInline {A} at (0,0) size 305x19 [color=#0000EE]
            RenderText {#text} at (51,0) size 305x19
              text run at (51,0) width 305: "http://bugs.webkit.org/show_bug.cgi?id=13353"
          RenderText {#text} at (356,0) size 761x39
            text run at (356,0) width 4: " "
            text run at (360,0) width 401: "REGRESSION (r20754-20766): Textarea does not resize when"
            text run at (0,20) width 122: "scrollbar is present"
        RenderText {#text} at (122,20) size 4x19
          text run at (122,20) width 4: "."
      RenderBlock {P} at (0,56) size 784x20
        RenderText {#text} at (0,0) size 714x19
          text run at (0,0) width 546: "To test interactively, verify that you can resize each of the boxes below. The automatic test "
          text run at (546,0) width 168: "resizes them to 125 by 125."
      RenderBlock (floating) {DIV} at (0,92) size 125x125 [bgcolor=#FF0000]
      RenderBlock (floating) {DIV} at (135,92) size 125x125 [bgcolor=#FF0000]
      RenderBlock (floating) {DIV} at (270,92) size 125x125 [bgcolor=#FF0000]
      RenderBlock (floating) {DIV} at (405,92) size 125x125 [bgcolor=#FF0000]
layer at (8,100) size 125x125
  RenderBlock {DIV} at (0,0) size 125x125 [bgcolor=#008000]
    RenderBlock {DIV} at (0,0) size 100x100
layer at (143,100) size 125x125 clip at (143,100) size 110x110
  RenderBlock {DIV} at (0,0) size 125x125 [bgcolor=#008000]
    RenderBlock {DIV} at (0,0) size 100x100
layer at (278,100) size 125x125 clip at (278,100) size 110x125
  RenderBlock {DIV} at (0,0) size 125x125 [bgcolor=#008000]
    RenderBlock {DIV} at (0,0) size 100x100
layer at (413,100) size 125x125 clip at (413,100) size 125x110
  RenderBlock {DIV} at (0,0) size 125x125 [bgcolor=#008000]
    RenderBlock {DIV} at (0,0) size 100x100
