layer at (0,0) size 800x600
  RenderView at (0,0) size 800x600
layer at (0,0) size 800x600
  RenderBlock {HTML} at (0,0) size 800x600
    RenderBody {BODY} at (8,8) size 784x584
      RenderBlock {P} at (0,0) size 784x36
        RenderText {#text} at (0,0) size 212x18
          text run at (0,0) width 212: "This tests for a regression against "
        RenderInline {I} at (0,0) size 717x36
          RenderInline {A} at (0,0) size 348x18 [color=#0000EE]
            RenderText {#text} at (212,0) size 348x18
              text run at (212,0) width 348: "http://bugzilla.opendarwin.org/show_bug.cgi?id=6618"
          RenderText {#text} at (560,0) size 717x36
            text run at (560,0) width 4: " "
            text run at (564,0) width 153: "Inline in RTL block with"
            text run at (0,18) width 344: "overflow:auto and left border makes scroll bar appear"
        RenderText {#text} at (344,18) size 4x18
          text run at (344,18) width 4: "."
      RenderBlock {HR} at (0,52) size 784x2 [border: (1px inset #000000)]
layer at (8,70) size 784x18 clip at (18,70) size 774x18
  RenderBlock {DIV} at (0,62) size 784x18 [border: none (10px solid #0000FF)]
    RenderText {#text} at (469,0) size 315x18
      text run at (469,0) width 117: "This block should "
      text run at (780,0) width 4 RTL: "."
    RenderInline {EM} at (0,0) size 20x18
      RenderText {#text} at (586,0) size 20x18
        text run at (586,0) width 20: "not"
    RenderText {#text} at (606,0) size 174x18
      text run at (606,0) width 174: " have a horizontal scroll bar"
