layer at (0,0) size 785x600
  RenderView at (0,0) size 785x600
layer at (0,0) size 785x600
  RenderBlock {HTML} at (0,0) size 785x600
    RenderBody {BODY} at (8,8) size 769x584
      RenderBlock (anonymous) at (0,0) size 769x18
        RenderText {#text} at (0,0) size 312x18
          text run at (0,0) width 312: "The body should always have a vertical scrollbar."
      RenderBlock (anonymous) at (0,218) size 769x57
        RenderText {#text} at (183,39) size 4x18
          text run at (183,39) width 4: " "
        RenderText {#text} at (0,0) size 0x0
layer at (8,26) size 300x100 clip at (8,26) size 285x100 scrollHeight 324
  RenderBlock {DIV} at (0,18) size 300x100
    RenderText {#text} at (0,0) size 50x18
      text run at (0,0) width 50: "Y scroll"
    RenderBR {BR} at (50,14) size 0x0
    RenderText {#text} at (0,18) size 50x18
      text run at (0,18) width 50: "Y scroll"
    RenderBR {BR} at (50,32) size 0x0
    RenderText {#text} at (0,36) size 50x18
      text run at (0,36) width 50: "Y scroll"
    RenderBR {BR} at (50,50) size 0x0
    RenderText {#text} at (0,54) size 50x18
      text run at (0,54) width 50: "Y scroll"
    RenderBR {BR} at (50,68) size 0x0
    RenderText {#text} at (0,72) size 50x18
      text run at (0,72) width 50: "Y scroll"
    RenderBR {BR} at (50,86) size 0x0
    RenderText {#text} at (0,90) size 50x18
      text run at (0,90) width 50: "Y scroll"
    RenderBR {BR} at (50,104) size 0x0
    RenderText {#text} at (0,108) size 50x18
      text run at (0,108) width 50: "Y scroll"
    RenderBR {BR} at (50,122) size 0x0
    RenderText {#text} at (0,126) size 50x18
      text run at (0,126) width 50: "Y scroll"
    RenderBR {BR} at (50,140) size 0x0
    RenderText {#text} at (0,144) size 50x18
      text run at (0,144) width 50: "Y scroll"
    RenderBR {BR} at (50,158) size 0x0
    RenderText {#text} at (0,162) size 50x18
      text run at (0,162) width 50: "Y scroll"
    RenderBR {BR} at (50,176) size 0x0
    RenderText {#text} at (0,180) size 50x18
      text run at (0,180) width 50: "Y scroll"
    RenderBR {BR} at (50,194) size 0x0
    RenderText {#text} at (0,198) size 50x18
      text run at (0,198) width 50: "Y scroll"
    RenderBR {BR} at (50,212) size 0x0
    RenderText {#text} at (0,216) size 50x18
      text run at (0,216) width 50: "Y scroll"
    RenderBR {BR} at (50,230) size 0x0
    RenderText {#text} at (0,234) size 50x18
      text run at (0,234) width 50: "Y scroll"
    RenderBR {BR} at (50,248) size 0x0
    RenderText {#text} at (0,252) size 50x18
      text run at (0,252) width 50: "Y scroll"
    RenderBR {BR} at (50,266) size 0x0
    RenderText {#text} at (0,270) size 50x18
      text run at (0,270) width 50: "Y scroll"
    RenderBR {BR} at (50,284) size 0x0
    RenderText {#text} at (0,288) size 50x18
      text run at (0,288) width 50: "Y scroll"
    RenderBR {BR} at (50,302) size 0x0
    RenderText {#text} at (0,306) size 50x18
      text run at (0,306) width 50: "Y scroll"
    RenderBR {BR} at (50,320) size 0x0
layer at (8,126) size 300x100 clip at (8,126) size 300x85 scrollWidth 1184
  RenderBlock {DIV} at (0,118) size 300x100
    RenderText {#text} at (0,0) size 1184x18
      text run at (0,0) width 486: "X scroll X scroll X scroll X scroll X scroll X scroll X scroll X scroll X scroll "
      text run at (486,0) width 324: "X scroll X scroll X scroll X scroll X scroll X scroll "
      text run at (810,0) width 374: "X scroll X scroll X scroll X scroll X scroll X scroll X scroll"
layer at (10,243) size 179x34 clip at (11,244) size 162x32
  RenderTextControl {TEXTAREA} at (2,17) size 179x34 [bgcolor=#FFFFFF] [border: (1px solid #000000)]
    RenderBlock {DIV} at (3,3) size 160x15
      RenderText {#text} at (0,0) size 136x15
        text run at (0,0) width 136: "Textarea y-scroll"
layer at (197,228) size 179x49 clip at (198,229) size 177x32
  RenderTextControl {TEXTAREA} at (189,2) size 179x49 [bgcolor=#FFFFFF] [border: (1px solid #000000)]
    RenderBlock {DIV} at (3,3) size 175x15
      RenderText {#text} at (0,0) size 136x15
        text run at (0,0) width 136: "Textarea x-scroll"
