layer at (0,0) size 800x600
  RenderView at (0,0) size 800x600
layer at (0,0) size 800x600
  RenderBlock {HTML} at (0,0) size 800x600
    RenderBody {BODY} at (8,8) size 784x584
      RenderText {#text} at (0,0) size 678x18
        text run at (0,0) width 678: "Make sure that floating overflow:auto/hidden/scroll blocks stack properly with other floats at the same level."
      RenderText {#text} at (0,0) size 0x0
      RenderBlock (floating) {DIV} at (250,18) size 300x300 [bgcolor=#FFFF00]
        RenderText {#text} at (0,0) size 245x275
          text run at (0,0) width 203: "This block"
          text run at (0,55) width 245: "should be on"
          text run at (0,110) width 183: "top of the"
          text run at (0,165) width 173: "overflow"
          text run at (0,220) width 118: "block."
layer at (8,26) size 300x300 clip at (8,26) size 285x300 scrollHeight 846
  RenderBlock (floating) {DIV} at (0,18) size 300x300 [bgcolor=#00FF00]
    RenderText {#text} at (0,0) size 76x18
      text run at (0,0) width 76: "Hello world"
    RenderBR {BR} at (76,14) size 0x0
    RenderText {#text} at (0,18) size 76x18
      text run at (0,18) width 76: "Hello world"
    RenderBR {BR} at (76,32) size 0x0
    RenderText {#text} at (0,36) size 76x18
      text run at (0,36) width 76: "Hello world"
    RenderBR {BR} at (76,50) size 0x0
    RenderText {#text} at (0,54) size 76x18
      text run at (0,54) width 76: "Hello world"
    RenderBR {BR} at (76,68) size 0x0
    RenderText {#text} at (0,72) size 76x18
      text run at (0,72) width 76: "Hello world"
    RenderBR {BR} at (76,86) size 0x0
    RenderText {#text} at (0,90) size 76x18
      text run at (0,90) width 76: "Hello world"
    RenderBR {BR} at (76,104) size 0x0
    RenderText {#text} at (0,108) size 76x18
      text run at (0,108) width 76: "Hello world"
    RenderBR {BR} at (76,122) size 0x0
    RenderText {#text} at (0,126) size 76x18
      text run at (0,126) width 76: "Hello world"
    RenderBR {BR} at (76,140) size 0x0
    RenderText {#text} at (0,144) size 76x18
      text run at (0,144) width 76: "Hello world"
    RenderBR {BR} at (76,158) size 0x0
    RenderText {#text} at (0,162) size 76x18
      text run at (0,162) width 76: "Hello world"
    RenderBR {BR} at (76,176) size 0x0
    RenderText {#text} at (0,180) size 76x18
      text run at (0,180) width 76: "Hello world"
    RenderBR {BR} at (76,194) size 0x0
    RenderText {#text} at (0,198) size 76x18
      text run at (0,198) width 76: "Hello world"
    RenderBR {BR} at (76,212) size 0x0
    RenderText {#text} at (0,216) size 76x18
      text run at (0,216) width 76: "Hello world"
    RenderBR {BR} at (76,230) size 0x0
    RenderText {#text} at (0,234) size 76x18
      text run at (0,234) width 76: "Hello world"
    RenderBR {BR} at (76,248) size 0x0
    RenderText {#text} at (0,252) size 76x18
      text run at (0,252) width 76: "Hello world"
    RenderBR {BR} at (76,266) size 0x0
    RenderText {#text} at (0,270) size 76x18
      text run at (0,270) width 76: "Hello world"
    RenderBR {BR} at (76,284) size 0x0
    RenderText {#text} at (0,288) size 76x18
      text run at (0,288) width 76: "Hello world"
    RenderBR {BR} at (76,302) size 0x0
    RenderText {#text} at (0,306) size 76x18
      text run at (0,306) width 76: "Hello world"
    RenderBR {BR} at (76,320) size 0x0
    RenderText {#text} at (0,324) size 76x18
      text run at (0,324) width 76: "Hello world"
    RenderBR {BR} at (76,338) size 0x0
    RenderText {#text} at (0,342) size 76x18
      text run at (0,342) width 76: "Hello world"
    RenderBR {BR} at (76,356) size 0x0
    RenderText {#text} at (0,360) size 76x18
      text run at (0,360) width 76: "Hello world"
    RenderBR {BR} at (76,374) size 0x0
    RenderText {#text} at (0,378) size 76x18
      text run at (0,378) width 76: "Hello world"
    RenderBR {BR} at (76,392) size 0x0
    RenderText {#text} at (0,396) size 76x18
      text run at (0,396) width 76: "Hello world"
    RenderBR {BR} at (76,410) size 0x0
    RenderText {#text} at (0,414) size 76x18
      text run at (0,414) width 76: "Hello world"
    RenderBR {BR} at (76,428) size 0x0
    RenderText {#text} at (0,432) size 76x18
      text run at (0,432) width 76: "Hello world"
    RenderBR {BR} at (76,446) size 0x0
    RenderText {#text} at (0,450) size 76x18
      text run at (0,450) width 76: "Hello world"
    RenderBR {BR} at (76,464) size 0x0
    RenderText {#text} at (0,468) size 76x18
      text run at (0,468) width 76: "Hello world"
    RenderBR {BR} at (76,482) size 0x0
    RenderText {#text} at (0,486) size 76x18
      text run at (0,486) width 76: "Hello world"
    RenderBR {BR} at (76,500) size 0x0
    RenderText {#text} at (0,504) size 76x18
      text run at (0,504) width 76: "Hello world"
    RenderBR {BR} at (76,518) size 0x0
    RenderText {#text} at (0,522) size 76x18
      text run at (0,522) width 76: "Hello world"
    RenderBR {BR} at (76,536) size 0x0
    RenderText {#text} at (0,540) size 76x18
      text run at (0,540) width 76: "Hello world"
    RenderBR {BR} at (76,554) size 0x0
    RenderText {#text} at (0,558) size 76x18
      text run at (0,558) width 76: "Hello world"
    RenderBR {BR} at (76,572) size 0x0
    RenderText {#text} at (0,576) size 76x18
      text run at (0,576) width 76: "Hello world"
    RenderBR {BR} at (76,590) size 0x0
    RenderText {#text} at (0,594) size 76x18
      text run at (0,594) width 76: "Hello world"
    RenderBR {BR} at (76,608) size 0x0
    RenderText {#text} at (0,612) size 76x18
      text run at (0,612) width 76: "Hello world"
    RenderBR {BR} at (76,626) size 0x0
    RenderText {#text} at (0,630) size 76x18
      text run at (0,630) width 76: "Hello world"
    RenderBR {BR} at (76,644) size 0x0
    RenderText {#text} at (0,648) size 76x18
      text run at (0,648) width 76: "Hello world"
    RenderBR {BR} at (76,662) size 0x0
    RenderText {#text} at (0,666) size 76x18
      text run at (0,666) width 76: "Hello world"
    RenderBR {BR} at (76,680) size 0x0
    RenderText {#text} at (0,684) size 76x18
      text run at (0,684) width 76: "Hello world"
    RenderBR {BR} at (76,698) size 0x0
    RenderText {#text} at (0,702) size 76x18
      text run at (0,702) width 76: "Hello world"
    RenderBR {BR} at (76,716) size 0x0
    RenderText {#text} at (0,720) size 76x18
      text run at (0,720) width 76: "Hello world"
    RenderBR {BR} at (76,734) size 0x0
    RenderText {#text} at (0,738) size 76x18
      text run at (0,738) width 76: "Hello world"
    RenderBR {BR} at (76,752) size 0x0
    RenderText {#text} at (0,756) size 76x18
      text run at (0,756) width 76: "Hello world"
    RenderBR {BR} at (76,770) size 0x0
    RenderText {#text} at (0,774) size 76x18
      text run at (0,774) width 76: "Hello world"
    RenderBR {BR} at (76,788) size 0x0
    RenderText {#text} at (0,792) size 76x18
      text run at (0,792) width 76: "Hello world"
    RenderBR {BR} at (76,806) size 0x0
    RenderText {#text} at (0,810) size 76x18
      text run at (0,810) width 76: "Hello world"
    RenderBR {BR} at (76,824) size 0x0
    RenderText {#text} at (0,828) size 76x18
      text run at (0,828) width 76: "Hello world"
    RenderBR {BR} at (76,842) size 0x0
