layer at (0,0) size 800x600
  RenderView at (0,0) size 800x600
layer at (0,0) size 800x600
  RenderBlock {HTML} at (0,0) size 800x600
    RenderBody {BODY} at (8,8) size 784x584
      RenderBlock (anonymous) at (0,0) size 784x20
        RenderText {#text} at (0,0) size 474x19
          text run at (0,0) width 474: "The focus ring of the following div should not extend beyond the size of the div."
layer at (8,28) size 500x400 scrollWidth 501 scrollHeight 720
  RenderBlock {DIV} at (0,20) size 500x400
    RenderText {#text} at (0,0) size 500x719
      text run at (0,0) width 500: "............................................................................................................................."
      text run at (0,20) width 500: "............................................................................................................................."
      text run at (0,40) width 500: "............................................................................................................................."
      text run at (0,60) width 500: "............................................................................................................................."
      text run at (0,80) width 500: "............................................................................................................................."
      text run at (0,100) width 500: "............................................................................................................................."
      text run at (0,120) width 500: "............................................................................................................................."
      text run at (0,140) width 500: "............................................................................................................................."
      text run at (0,160) width 500: "............................................................................................................................."
      text run at (0,180) width 500: "............................................................................................................................."
      text run at (0,200) width 500: "............................................................................................................................."
      text run at (0,220) width 500: "............................................................................................................................."
      text run at (0,240) width 500: "............................................................................................................................."
      text run at (0,260) width 500: "............................................................................................................................."
      text run at (0,280) width 500: "............................................................................................................................."
      text run at (0,300) width 500: "............................................................................................................................."
      text run at (0,320) width 500: "............................................................................................................................."
      text run at (0,340) width 500: "............................................................................................................................."
      text run at (0,360) width 500: "............................................................................................................................."
      text run at (0,380) width 500: "............................................................................................................................."
      text run at (0,400) width 500: "............................................................................................................................."
      text run at (0,420) width 500: "............................................................................................................................."
      text run at (0,440) width 500: "............................................................................................................................."
      text run at (0,460) width 500: "............................................................................................................................."
      text run at (0,480) width 500: "............................................................................................................................."
      text run at (0,500) width 500: "............................................................................................................................."
      text run at (0,520) width 500: "............................................................................................................................."
      text run at (0,540) width 500: "............................................................................................................................."
      text run at (0,560) width 500: "............................................................................................................................."
      text run at (0,580) width 500: "............................................................................................................................."
      text run at (0,600) width 500: "............................................................................................................................."
      text run at (0,620) width 500: "............................................................................................................................."
      text run at (0,640) width 500: "............................................................................................................................."
      text run at (0,660) width 500: "............................................................................................................................."
      text run at (0,680) width 500: "............................................................................................................................."
      text run at (0,700) width 212: "....................................................."
caret: position 0 of child 0 {#text} of child 1 {DIV} of body
