layer at (0,0) size 800x600
  RenderView at (0,0) size 800x600
layer at (0,0) size 800x298
  RenderBlock {HTML} at (0,0) size 800x298
    RenderBody {BODY} at (8,16) size 784x274
      RenderBlock {UL} at (0,0) size 784x60 [color=#000080]
        RenderListItem {LI} at (40,0) size 744x20
          RenderListMarker at (-18,0) size 7x19: bullet
          RenderText {#text} at (0,0) size 323x19
            text run at (0,0) width 323: "You should not see the background under the border."
        RenderListItem {LI} at (40,20) size 744x20
          RenderListMarker at (-18,0) size 7x19: bullet
          RenderText {#text} at (0,0) size 326x19
            text run at (0,0) width 326: "As you scroll the element below the cats should move."
        RenderListItem {LI} at (40,40) size 744x20
          RenderListMarker at (-18,0) size 7x19: bullet
          RenderText {#text} at (0,0) size 281x19
            text run at (0,0) width 281: "The cats should be on a light grey background."
layer at (8,92) size 390x198 clip at (38,122) size 315x138 scrollHeight 400
  RenderBlock {DIV} at (0,76) size 390x198 [bgcolor=#C0C0C0] [border: (30px dotted #000000)]
    RenderText {#text} at (30,30) size 32x399
      text run at (30,30) width 20: "   1"
      text run at (50,30) width 0: " "
      text run at (30,50) width 20: "   2"
      text run at (50,50) width 0: " "
      text run at (30,70) width 20: "   3"
      text run at (50,70) width 0: " "
      text run at (30,90) width 20: "   4"
      text run at (50,90) width 0: " "
      text run at (30,110) width 20: "   5"
      text run at (50,110) width 0: " "
      text run at (30,130) width 20: "   6"
      text run at (50,130) width 0: " "
      text run at (30,150) width 20: "   7"
      text run at (50,150) width 0: " "
      text run at (30,170) width 20: "   8"
      text run at (50,170) width 0: " "
      text run at (30,190) width 20: "   9"
      text run at (50,190) width 0: " "
      text run at (30,210) width 24: "  10"
      text run at (54,210) width 0: " "
      text run at (30,230) width 24: "  11"
      text run at (54,230) width 0: " "
      text run at (30,250) width 24: "  12"
      text run at (54,250) width 0: " "
      text run at (30,270) width 24: "  13"
      text run at (54,270) width 0: " "
      text run at (30,290) width 24: "  14"
      text run at (54,290) width 0: " "
      text run at (30,310) width 24: "  15"
      text run at (54,310) width 0: " "
      text run at (30,330) width 24: "  16"
      text run at (54,330) width 0: " "
      text run at (30,350) width 24: "  17"
      text run at (54,350) width 0: " "
      text run at (30,370) width 24: "  18"
      text run at (54,370) width 0: " "
      text run at (30,390) width 24: "  19"
      text run at (54,390) width 0: " "
      text run at (30,410) width 32: "  20  "
