layer at (0,0) size 800x600
  RenderView at (0,0) size 800x600
layer at (0,0) size 800x600
  RenderBlock {HTML} at (0,0) size 800x600
    RenderBody {BODY} at (8,8) size 784x584
layer at (8,8) size 404x404 clip at (10,10) size 400x400 scrollHeight 2480
  RenderBlock {DIV} at (0,0) size 404x404 [border: (2px solid #000000)]
    RenderMultiColumnSet at (2,2) size 400x400
layer at (10,10) size 400x2180 backgroundClip at (10,10) size 400x400 clip at (10,10) size 400x400
  RenderMultiColumnFlowThread at (2,2) size 400x2180
    RenderText {#text} at (0,0) size 399x2180
      text run at (0,0) width 347: "Lorem ipsum dolor sit amet, consectetur adipiscing elit."
      text run at (0,18) width 388: "Maecenas lacinia massa in lectus pretium vulputate. Curabitur"
      text run at (0,36) width 398: "viverra augue in leo faucibus congue. Vestibulum ligula neque,"
      text run at (0,54) width 366: "commodo eget blandit sit amet, facilisis vitae mi. Vivamus"
      text run at (0,72) width 360: "pretium lorem a quam imperdiet in placerat purus sagittis."
      text run at (0,90) width 370: "Aliquam ut dui nibh. Cras faucibus imperdiet pellentesque."
      text run at (0,108) width 378: "Curabitur vel tortor quam, ut pharetra eros. Mauris euismod,"
      text run at (0,126) width 372: "justo in mattis ultricies, risus velit pretium ligula, eu sodales"
      text run at (0,144) width 352: "libero dolor et massa. Phasellus eros quam, faucibus sed"
      text run at (0,162) width 378: "consectetur et, elementum ut erat. Morbi fringilla, lorem non"
      text run at (0,180) width 355: "fermentum vulputate, quam metus ullamcorper quam, eu"
      text run at (0,198) width 362: "porttitor diam metus eget augue. Donec non lorem et arcu"
      text run at (0,216) width 391: "adipiscing suscipit. Donec porta euismod magna a fermentum."
      text run at (0,234) width 382: "Suspendisse vestibulum rhoncus bibendum. Nam in nisi eget"
      text run at (0,252) width 397: "nulla vestibulum rutrum. Aenean eu libero turpis. Lorem ipsum"
      text run at (0,270) width 371: "dolor sit amet, consectetur adipiscing elit. Maecenas lacinia"
      text run at (0,288) width 382: "massa in lectus pretium vulputate. Curabitur viverra augue in"
      text run at (0,306) width 389: "leo faucibus congue. Vestibulum ligula neque, commodo eget"
      text run at (0,324) width 372: "blandit sit amet, facilisis vitae mi. Vivamus pretium lorem a"
      text run at (0,342) width 392: "quam imperdiet in placerat purus sagittis. Aliquam ut dui nibh."
      text run at (0,360) width 360: "Cras faucibus imperdiet pellentesque. Curabitur vel tortor"
      text run at (0,378) width 344: "quam, ut pharetra eros. Mauris euismod, justo in mattis"
      text run at (0,400) width 373: "ultricies, risus velit pretium ligula, eu sodales libero dolor et"
      text run at (0,418) width 354: "massa. Phasellus eros quam, faucibus sed consectetur et,"
      text run at (0,436) width 356: "elementum ut erat. Morbi fringilla, lorem non fermentum"
      text run at (0,454) width 372: "vulputate, quam metus ullamcorper quam, eu porttitor diam"
      text run at (0,472) width 396: "metus eget augue. Donec non lorem et arcu adipiscing suscipit."
      text run at (0,490) width 349: "Donec porta euismod magna a fermentum. Suspendisse"
      text run at (0,508) width 336: "vestibulum rhoncus bibendum. Nam in nisi eget nulla"
      text run at (0,526) width 399: "vestibulum rutrum. Aenean eu libero turpis. Lorem ipsum dolor"
      text run at (0,544) width 392: "sit amet, consectetur adipiscing elit. Maecenas lacinia massa in"
      text run at (0,562) width 347: "lectus pretium vulputate. Curabitur viverra augue in leo"
      text run at (0,580) width 366: "faucibus congue. Vestibulum ligula neque, commodo eget"
      text run at (0,598) width 372: "blandit sit amet, facilisis vitae mi. Vivamus pretium lorem a"
      text run at (0,616) width 392: "quam imperdiet in placerat purus sagittis. Aliquam ut dui nibh."
      text run at (0,634) width 360: "Cras faucibus imperdiet pellentesque. Curabitur vel tortor"
      text run at (0,652) width 344: "quam, ut pharetra eros. Mauris euismod, justo in mattis"
      text run at (0,670) width 373: "ultricies, risus velit pretium ligula, eu sodales libero dolor et"
      text run at (0,688) width 354: "massa. Phasellus eros quam, faucibus sed consectetur et,"
      text run at (0,706) width 356: "elementum ut erat. Morbi fringilla, lorem non fermentum"
      text run at (0,724) width 372: "vulputate, quam metus ullamcorper quam, eu porttitor diam"
      text run at (0,742) width 396: "metus eget augue. Donec non lorem et arcu adipiscing suscipit."
      text run at (0,760) width 349: "Donec porta euismod magna a fermentum. Suspendisse"
      text run at (0,778) width 336: "vestibulum rhoncus bibendum. Nam in nisi eget nulla"
      text run at (0,800) width 399: "vestibulum rutrum. Aenean eu libero turpis. Lorem ipsum dolor"
      text run at (0,818) width 392: "sit amet, consectetur adipiscing elit. Maecenas lacinia massa in"
      text run at (0,836) width 347: "lectus pretium vulputate. Curabitur viverra augue in leo"
      text run at (0,854) width 366: "faucibus congue. Vestibulum ligula neque, commodo eget"
      text run at (0,872) width 372: "blandit sit amet, facilisis vitae mi. Vivamus pretium lorem a"
      text run at (0,890) width 392: "quam imperdiet in placerat purus sagittis. Aliquam ut dui nibh."
      text run at (0,908) width 360: "Cras faucibus imperdiet pellentesque. Curabitur vel tortor"
      text run at (0,926) width 344: "quam, ut pharetra eros. Mauris euismod, justo in mattis"
      text run at (0,944) width 373: "ultricies, risus velit pretium ligula, eu sodales libero dolor et"
      text run at (0,962) width 354: "massa. Phasellus eros quam, faucibus sed consectetur et,"
      text run at (0,980) width 356: "elementum ut erat. Morbi fringilla, lorem non fermentum"
      text run at (0,998) width 372: "vulputate, quam metus ullamcorper quam, eu porttitor diam"
      text run at (0,1016) width 396: "metus eget augue. Donec non lorem et arcu adipiscing suscipit."
      text run at (0,1034) width 349: "Donec porta euismod magna a fermentum. Suspendisse"
      text run at (0,1052) width 336: "vestibulum rhoncus bibendum. Nam in nisi eget nulla"
      text run at (0,1070) width 399: "vestibulum rutrum. Aenean eu libero turpis. Lorem ipsum dolor"
      text run at (0,1088) width 392: "sit amet, consectetur adipiscing elit. Maecenas lacinia massa in"
      text run at (0,1106) width 347: "lectus pretium vulputate. Curabitur viverra augue in leo"
      text run at (0,1124) width 366: "faucibus congue. Vestibulum ligula neque, commodo eget"
      text run at (0,1142) width 372: "blandit sit amet, facilisis vitae mi. Vivamus pretium lorem a"
      text run at (0,1160) width 392: "quam imperdiet in placerat purus sagittis. Aliquam ut dui nibh."
      text run at (0,1178) width 360: "Cras faucibus imperdiet pellentesque. Curabitur vel tortor"
      text run at (0,1200) width 344: "quam, ut pharetra eros. Mauris euismod, justo in mattis"
      text run at (0,1218) width 373: "ultricies, risus velit pretium ligula, eu sodales libero dolor et"
      text run at (0,1236) width 354: "massa. Phasellus eros quam, faucibus sed consectetur et,"
      text run at (0,1254) width 356: "elementum ut erat. Morbi fringilla, lorem non fermentum"
      text run at (0,1272) width 372: "vulputate, quam metus ullamcorper quam, eu porttitor diam"
      text run at (0,1290) width 396: "metus eget augue. Donec non lorem et arcu adipiscing suscipit."
      text run at (0,1308) width 349: "Donec porta euismod magna a fermentum. Suspendisse"
      text run at (0,1326) width 336: "vestibulum rhoncus bibendum. Nam in nisi eget nulla"
      text run at (0,1344) width 399: "vestibulum rutrum. Aenean eu libero turpis. Lorem ipsum dolor"
      text run at (0,1362) width 392: "sit amet, consectetur adipiscing elit. Maecenas lacinia massa in"
      text run at (0,1380) width 347: "lectus pretium vulputate. Curabitur viverra augue in leo"
      text run at (0,1398) width 366: "faucibus congue. Vestibulum ligula neque, commodo eget"
      text run at (0,1416) width 372: "blandit sit amet, facilisis vitae mi. Vivamus pretium lorem a"
      text run at (0,1434) width 392: "quam imperdiet in placerat purus sagittis. Aliquam ut dui nibh."
      text run at (0,1452) width 360: "Cras faucibus imperdiet pellentesque. Curabitur vel tortor"
      text run at (0,1470) width 344: "quam, ut pharetra eros. Mauris euismod, justo in mattis"
      text run at (0,1488) width 373: "ultricies, risus velit pretium ligula, eu sodales libero dolor et"
      text run at (0,1506) width 354: "massa. Phasellus eros quam, faucibus sed consectetur et,"
      text run at (0,1524) width 356: "elementum ut erat. Morbi fringilla, lorem non fermentum"
      text run at (0,1542) width 372: "vulputate, quam metus ullamcorper quam, eu porttitor diam"
      text run at (0,1560) width 396: "metus eget augue. Donec non lorem et arcu adipiscing suscipit."
      text run at (0,1578) width 349: "Donec porta euismod magna a fermentum. Suspendisse"
      text run at (0,1600) width 336: "vestibulum rhoncus bibendum. Nam in nisi eget nulla"
      text run at (0,1618) width 399: "vestibulum rutrum. Aenean eu libero turpis. Lorem ipsum dolor"
      text run at (0,1636) width 392: "sit amet, consectetur adipiscing elit. Maecenas lacinia massa in"
      text run at (0,1654) width 347: "lectus pretium vulputate. Curabitur viverra augue in leo"
      text run at (0,1672) width 366: "faucibus congue. Vestibulum ligula neque, commodo eget"
      text run at (0,1690) width 372: "blandit sit amet, facilisis vitae mi. Vivamus pretium lorem a"
      text run at (0,1708) width 392: "quam imperdiet in placerat purus sagittis. Aliquam ut dui nibh."
      text run at (0,1726) width 360: "Cras faucibus imperdiet pellentesque. Curabitur vel tortor"
      text run at (0,1744) width 344: "quam, ut pharetra eros. Mauris euismod, justo in mattis"
      text run at (0,1762) width 373: "ultricies, risus velit pretium ligula, eu sodales libero dolor et"
      text run at (0,1780) width 354: "massa. Phasellus eros quam, faucibus sed consectetur et,"
      text run at (0,1798) width 356: "elementum ut erat. Morbi fringilla, lorem non fermentum"
      text run at (0,1816) width 372: "vulputate, quam metus ullamcorper quam, eu porttitor diam"
      text run at (0,1834) width 396: "metus eget augue. Donec non lorem et arcu adipiscing suscipit."
      text run at (0,1852) width 349: "Donec porta euismod magna a fermentum. Suspendisse"
      text run at (0,1870) width 336: "vestibulum rhoncus bibendum. Nam in nisi eget nulla"
      text run at (0,1888) width 399: "vestibulum rutrum. Aenean eu libero turpis. Lorem ipsum dolor"
      text run at (0,1906) width 392: "sit amet, consectetur adipiscing elit. Maecenas lacinia massa in"
      text run at (0,1924) width 347: "lectus pretium vulputate. Curabitur viverra augue in leo"
      text run at (0,1942) width 366: "faucibus congue. Vestibulum ligula neque, commodo eget"
      text run at (0,1960) width 372: "blandit sit amet, facilisis vitae mi. Vivamus pretium lorem a"
      text run at (0,1978) width 392: "quam imperdiet in placerat purus sagittis. Aliquam ut dui nibh."
      text run at (0,2000) width 360: "Cras faucibus imperdiet pellentesque. Curabitur vel tortor"
      text run at (0,2018) width 344: "quam, ut pharetra eros. Mauris euismod, justo in mattis"
      text run at (0,2036) width 373: "ultricies, risus velit pretium ligula, eu sodales libero dolor et"
      text run at (0,2054) width 354: "massa. Phasellus eros quam, faucibus sed consectetur et,"
      text run at (0,2072) width 356: "elementum ut erat. Morbi fringilla, lorem non fermentum"
      text run at (0,2090) width 372: "vulputate, quam metus ullamcorper quam, eu porttitor diam"
      text run at (0,2108) width 396: "metus eget augue. Donec non lorem et arcu adipiscing suscipit."
      text run at (0,2126) width 349: "Donec porta euismod magna a fermentum. Suspendisse"
      text run at (0,2144) width 336: "vestibulum rhoncus bibendum. Nam in nisi eget nulla"
      text run at (0,2162) width 274: "vestibulum rutrum. Aenean eu libero turpis."
