layer at (0,0) size 1700x585
  RenderView at (0,0) size 800x585
    RenderMultiColumnSet at (0,0) size 800x585
layer at (0,0) size 800x1079 backgroundClip at (0,0) size 1700x585 clip at (0,0) size 1700x585
  RenderMultiColumnFlowThread at (0,0) size 800x1079
layer at (0,0) size 800x1079 backgroundClip at (0,0) size 1700x585 clip at (0,0) size 1700x585
  RenderBlock {HTML} at (0,0) size 800x1079
    RenderBody {BODY} at (8,8) size 784x1063
      RenderText {#text} at (0,0) size 777x1063
        text run at (0,0) width 739: "Lorem ipsum dolor sit amet, consectetur adipiscing elit. Maecenas lacinia massa in lectus pretium vulputate. Curabitur"
        text run at (0,18) width 768: "viverra augue in leo faucibus congue. Vestibulum ligula neque, commodo eget blandit sit amet, facilisis vitae mi. Vivamus"
        text run at (0,36) width 734: "pretium lorem a quam imperdiet in placerat purus sagittis. Aliquam ut dui nibh. Cras faucibus imperdiet pellentesque."
        text run at (0,54) width 754: "Curabitur vel tortor quam, ut pharetra eros. Mauris euismod, justo in mattis ultricies, risus velit pretium ligula, eu sodales"
        text run at (0,72) width 734: "libero dolor et massa. Phasellus eros quam, faucibus sed consectetur et, elementum ut erat. Morbi fringilla, lorem non"
        text run at (0,90) width 721: "fermentum vulputate, quam metus ullamcorper quam, eu porttitor diam metus eget augue. Donec non lorem et arcu"
        text run at (0,108) width 777: "adipiscing suscipit. Donec porta euismod magna a fermentum. Suspendisse vestibulum rhoncus bibendum. Nam in nisi eget"
        text run at (0,126) width 772: "nulla vestibulum rutrum. Aenean eu libero turpis. Lorem ipsum dolor sit amet, consectetur adipiscing elit. Maecenas lacinia"
        text run at (0,144) width 775: "massa in lectus pretium vulputate. Curabitur viverra augue in leo faucibus congue. Vestibulum ligula neque, commodo eget"
        text run at (0,162) width 768: "blandit sit amet, facilisis vitae mi. Vivamus pretium lorem a quam imperdiet in placerat purus sagittis. Aliquam ut dui nibh."
        text run at (0,180) width 765: "Cras faucibus imperdiet pellentesque. Curabitur vel tortor quam, ut pharetra eros. Mauris euismod, justo in mattis ultricies,"
        text run at (0,198) width 763: "risus velit pretium ligula, eu sodales libero dolor et massa. Phasellus eros quam, faucibus sed consectetur et, elementum ut"
        text run at (0,216) width 760: "erat. Morbi fringilla, lorem non fermentum vulputate, quam metus ullamcorper quam, eu porttitor diam metus eget augue."
        text run at (0,234) width 759: "Donec non lorem et arcu adipiscing suscipit. Donec porta euismod magna a fermentum. Suspendisse vestibulum rhoncus"
        text run at (0,252) width 743: "bibendum. Nam in nisi eget nulla vestibulum rutrum. Aenean eu libero turpis. Lorem ipsum dolor sit amet, consectetur"
        text run at (0,270) width 723: "adipiscing elit. Maecenas lacinia massa in lectus pretium vulputate. Curabitur viverra augue in leo faucibus congue."
        text run at (0,288) width 749: "Vestibulum ligula neque, commodo eget blandit sit amet, facilisis vitae mi. Vivamus pretium lorem a quam imperdiet in"
        text run at (0,306) width 752: "placerat purus sagittis. Aliquam ut dui nibh. Cras faucibus imperdiet pellentesque. Curabitur vel tortor quam, ut pharetra"
        text run at (0,324) width 746: "eros. Mauris euismod, justo in mattis ultricies, risus velit pretium ligula, eu sodales libero dolor et massa. Phasellus eros"
        text run at (0,342) width 721: "quam, faucibus sed consectetur et, elementum ut erat. Morbi fringilla, lorem non fermentum vulputate, quam metus"
        text run at (0,360) width 765: "ullamcorper quam, eu porttitor diam metus eget augue. Donec non lorem et arcu adipiscing suscipit. Donec porta euismod"
        text run at (0,378) width 745: "magna a fermentum. Suspendisse vestibulum rhoncus bibendum. Nam in nisi eget nulla vestibulum rutrum. Aenean eu"
        text run at (0,396) width 758: "libero turpis. Lorem ipsum dolor sit amet, consectetur adipiscing elit. Maecenas lacinia massa in lectus pretium vulputate."
        text run at (0,414) width 771: "Curabitur viverra augue in leo faucibus congue. Vestibulum ligula neque, commodo eget blandit sit amet, facilisis vitae mi."
        text run at (0,432) width 709: "Vivamus pretium lorem a quam imperdiet in placerat purus sagittis. Aliquam ut dui nibh. Cras faucibus imperdiet"
        text run at (0,450) width 771: "pellentesque. Curabitur vel tortor quam, ut pharetra eros. Mauris euismod, justo in mattis ultricies, risus velit pretium ligula,"
        text run at (0,468) width 775: "eu sodales libero dolor et massa. Phasellus eros quam, faucibus sed consectetur et, elementum ut erat. Morbi fringilla, lorem"
        text run at (0,486) width 749: "non fermentum vulputate, quam metus ullamcorper quam, eu porttitor diam metus eget augue. Donec non lorem et arcu"
        text run at (0,504) width 777: "adipiscing suscipit. Donec porta euismod magna a fermentum. Suspendisse vestibulum rhoncus bibendum. Nam in nisi eget"
        text run at (0,522) width 772: "nulla vestibulum rutrum. Aenean eu libero turpis. Lorem ipsum dolor sit amet, consectetur adipiscing elit. Maecenas lacinia"
        text run at (0,540) width 775: "massa in lectus pretium vulputate. Curabitur viverra augue in leo faucibus congue. Vestibulum ligula neque, commodo eget"
        text run at (0,558) width 768: "blandit sit amet, facilisis vitae mi. Vivamus pretium lorem a quam imperdiet in placerat purus sagittis. Aliquam ut dui nibh."
        text run at (0,577) width 765: "Cras faucibus imperdiet pellentesque. Curabitur vel tortor quam, ut pharetra eros. Mauris euismod, justo in mattis ultricies,"
        text run at (0,595) width 763: "risus velit pretium ligula, eu sodales libero dolor et massa. Phasellus eros quam, faucibus sed consectetur et, elementum ut"
        text run at (0,613) width 760: "erat. Morbi fringilla, lorem non fermentum vulputate, quam metus ullamcorper quam, eu porttitor diam metus eget augue."
        text run at (0,631) width 759: "Donec non lorem et arcu adipiscing suscipit. Donec porta euismod magna a fermentum. Suspendisse vestibulum rhoncus"
        text run at (0,649) width 743: "bibendum. Nam in nisi eget nulla vestibulum rutrum. Aenean eu libero turpis. Lorem ipsum dolor sit amet, consectetur"
        text run at (0,667) width 723: "adipiscing elit. Maecenas lacinia massa in lectus pretium vulputate. Curabitur viverra augue in leo faucibus congue."
        text run at (0,685) width 749: "Vestibulum ligula neque, commodo eget blandit sit amet, facilisis vitae mi. Vivamus pretium lorem a quam imperdiet in"
        text run at (0,703) width 752: "placerat purus sagittis. Aliquam ut dui nibh. Cras faucibus imperdiet pellentesque. Curabitur vel tortor quam, ut pharetra"
        text run at (0,721) width 746: "eros. Mauris euismod, justo in mattis ultricies, risus velit pretium ligula, eu sodales libero dolor et massa. Phasellus eros"
        text run at (0,739) width 721: "quam, faucibus sed consectetur et, elementum ut erat. Morbi fringilla, lorem non fermentum vulputate, quam metus"
        text run at (0,757) width 765: "ullamcorper quam, eu porttitor diam metus eget augue. Donec non lorem et arcu adipiscing suscipit. Donec porta euismod"
        text run at (0,775) width 745: "magna a fermentum. Suspendisse vestibulum rhoncus bibendum. Nam in nisi eget nulla vestibulum rutrum. Aenean eu"
        text run at (0,793) width 758: "libero turpis. Lorem ipsum dolor sit amet, consectetur adipiscing elit. Maecenas lacinia massa in lectus pretium vulputate."
        text run at (0,811) width 771: "Curabitur viverra augue in leo faucibus congue. Vestibulum ligula neque, commodo eget blandit sit amet, facilisis vitae mi."
        text run at (0,829) width 709: "Vivamus pretium lorem a quam imperdiet in placerat purus sagittis. Aliquam ut dui nibh. Cras faucibus imperdiet"
        text run at (0,847) width 771: "pellentesque. Curabitur vel tortor quam, ut pharetra eros. Mauris euismod, justo in mattis ultricies, risus velit pretium ligula,"
        text run at (0,865) width 775: "eu sodales libero dolor et massa. Phasellus eros quam, faucibus sed consectetur et, elementum ut erat. Morbi fringilla, lorem"
        text run at (0,883) width 749: "non fermentum vulputate, quam metus ullamcorper quam, eu porttitor diam metus eget augue. Donec non lorem et arcu"
        text run at (0,901) width 777: "adipiscing suscipit. Donec porta euismod magna a fermentum. Suspendisse vestibulum rhoncus bibendum. Nam in nisi eget"
        text run at (0,919) width 772: "nulla vestibulum rutrum. Aenean eu libero turpis. Lorem ipsum dolor sit amet, consectetur adipiscing elit. Maecenas lacinia"
        text run at (0,937) width 775: "massa in lectus pretium vulputate. Curabitur viverra augue in leo faucibus congue. Vestibulum ligula neque, commodo eget"
        text run at (0,955) width 768: "blandit sit amet, facilisis vitae mi. Vivamus pretium lorem a quam imperdiet in placerat purus sagittis. Aliquam ut dui nibh."
        text run at (0,973) width 765: "Cras faucibus imperdiet pellentesque. Curabitur vel tortor quam, ut pharetra eros. Mauris euismod, justo in mattis ultricies,"
        text run at (0,991) width 763: "risus velit pretium ligula, eu sodales libero dolor et massa. Phasellus eros quam, faucibus sed consectetur et, elementum ut"
        text run at (0,1009) width 760: "erat. Morbi fringilla, lorem non fermentum vulputate, quam metus ullamcorper quam, eu porttitor diam metus eget augue."
        text run at (0,1027) width 759: "Donec non lorem et arcu adipiscing suscipit. Donec porta euismod magna a fermentum. Suspendisse vestibulum rhoncus"
        text run at (0,1045) width 487: "bibendum. Nam in nisi eget nulla vestibulum rutrum. Aenean eu libero turpis."
scrolled to 400,0
