layer at (0,0) size 785x1200
  RenderView at (0,0) size 785x600
    RenderMultiColumnSet at (0,0) size 785x600
layer at (0,0) size 785x1112
  RenderMultiColumnFlowThread at (0,0) size 785x1112
layer at (0,0) size 785x1112
  RenderBlock {HTML} at (0,0) size 785x1112
    RenderBody {BODY} at (8,8) size 769x1096
      RenderText {#text} at (0,0) size 768x1096
        text run at (0,0) width 739: "Lorem ipsum dolor sit amet, consectetur adipiscing elit. Maecenas lacinia massa in lectus pretium vulputate. Curabitur"
        text run at (0,18) width 768: "viverra augue in leo faucibus congue. Vestibulum ligula neque, commodo eget blandit sit amet, facilisis vitae mi. Vivamus"
        text run at (0,36) width 734: "pretium lorem a quam imperdiet in placerat purus sagittis. Aliquam ut dui nibh. Cras faucibus imperdiet pellentesque."
        text run at (0,54) width 754: "Curabitur vel tortor quam, ut pharetra eros. Mauris euismod, justo in mattis ultricies, risus velit pretium ligula, eu sodales"
        text run at (0,72) width 734: "libero dolor et massa. Phasellus eros quam, faucibus sed consectetur et, elementum ut erat. Morbi fringilla, lorem non"
        text run at (0,90) width 721: "fermentum vulputate, quam metus ullamcorper quam, eu porttitor diam metus eget augue. Donec non lorem et arcu"
        text run at (0,108) width 747: "adipiscing suscipit. Donec porta euismod magna a fermentum. Suspendisse vestibulum rhoncus bibendum. Nam in nisi"
        text run at (0,126) width 757: "eget nulla vestibulum rutrum. Aenean eu libero turpis. Lorem ipsum dolor sit amet, consectetur adipiscing elit. Maecenas"
        text run at (0,144) width 723: "lacinia massa in lectus pretium vulputate. Curabitur viverra augue in leo faucibus congue. Vestibulum ligula neque,"
        text run at (0,162) width 730: "commodo eget blandit sit amet, facilisis vitae mi. Vivamus pretium lorem a quam imperdiet in placerat purus sagittis."
        text run at (0,180) width 752: "Aliquam ut dui nibh. Cras faucibus imperdiet pellentesque. Curabitur vel tortor quam, ut pharetra eros. Mauris euismod,"
        text run at (0,198) width 728: "justo in mattis ultricies, risus velit pretium ligula, eu sodales libero dolor et massa. Phasellus eros quam, faucibus sed"
        text run at (0,216) width 737: "consectetur et, elementum ut erat. Morbi fringilla, lorem non fermentum vulputate, quam metus ullamcorper quam, eu"
        text run at (0,234) width 757: "porttitor diam metus eget augue. Donec non lorem et arcu adipiscing suscipit. Donec porta euismod magna a fermentum."
        text run at (0,252) width 741: "Suspendisse vestibulum rhoncus bibendum. Nam in nisi eget nulla vestibulum rutrum. Aenean eu libero turpis. Lorem"
        text run at (0,270) width 741: "ipsum dolor sit amet, consectetur adipiscing elit. Maecenas lacinia massa in lectus pretium vulputate. Curabitur viverra"
        text run at (0,288) width 720: "augue in leo faucibus congue. Vestibulum ligula neque, commodo eget blandit sit amet, facilisis vitae mi. Vivamus"
        text run at (0,306) width 734: "pretium lorem a quam imperdiet in placerat purus sagittis. Aliquam ut dui nibh. Cras faucibus imperdiet pellentesque."
        text run at (0,324) width 754: "Curabitur vel tortor quam, ut pharetra eros. Mauris euismod, justo in mattis ultricies, risus velit pretium ligula, eu sodales"
        text run at (0,342) width 734: "libero dolor et massa. Phasellus eros quam, faucibus sed consectetur et, elementum ut erat. Morbi fringilla, lorem non"
        text run at (0,360) width 721: "fermentum vulputate, quam metus ullamcorper quam, eu porttitor diam metus eget augue. Donec non lorem et arcu"
        text run at (0,378) width 747: "adipiscing suscipit. Donec porta euismod magna a fermentum. Suspendisse vestibulum rhoncus bibendum. Nam in nisi"
        text run at (0,396) width 757: "eget nulla vestibulum rutrum. Aenean eu libero turpis. Lorem ipsum dolor sit amet, consectetur adipiscing elit. Maecenas"
        text run at (0,414) width 723: "lacinia massa in lectus pretium vulputate. Curabitur viverra augue in leo faucibus congue. Vestibulum ligula neque,"
        text run at (0,432) width 730: "commodo eget blandit sit amet, facilisis vitae mi. Vivamus pretium lorem a quam imperdiet in placerat purus sagittis."
        text run at (0,450) width 752: "Aliquam ut dui nibh. Cras faucibus imperdiet pellentesque. Curabitur vel tortor quam, ut pharetra eros. Mauris euismod,"
        text run at (0,468) width 728: "justo in mattis ultricies, risus velit pretium ligula, eu sodales libero dolor et massa. Phasellus eros quam, faucibus sed"
        text run at (0,486) width 737: "consectetur et, elementum ut erat. Morbi fringilla, lorem non fermentum vulputate, quam metus ullamcorper quam, eu"
        text run at (0,504) width 757: "porttitor diam metus eget augue. Donec non lorem et arcu adipiscing suscipit. Donec porta euismod magna a fermentum."
        text run at (0,522) width 741: "Suspendisse vestibulum rhoncus bibendum. Nam in nisi eget nulla vestibulum rutrum. Aenean eu libero turpis. Lorem"
        text run at (0,540) width 741: "ipsum dolor sit amet, consectetur adipiscing elit. Maecenas lacinia massa in lectus pretium vulputate. Curabitur viverra"
        text run at (0,558) width 720: "augue in leo faucibus congue. Vestibulum ligula neque, commodo eget blandit sit amet, facilisis vitae mi. Vivamus"
        text run at (0,592) width 734: "pretium lorem a quam imperdiet in placerat purus sagittis. Aliquam ut dui nibh. Cras faucibus imperdiet pellentesque."
        text run at (0,610) width 754: "Curabitur vel tortor quam, ut pharetra eros. Mauris euismod, justo in mattis ultricies, risus velit pretium ligula, eu sodales"
        text run at (0,628) width 734: "libero dolor et massa. Phasellus eros quam, faucibus sed consectetur et, elementum ut erat. Morbi fringilla, lorem non"
        text run at (0,646) width 721: "fermentum vulputate, quam metus ullamcorper quam, eu porttitor diam metus eget augue. Donec non lorem et arcu"
        text run at (0,664) width 747: "adipiscing suscipit. Donec porta euismod magna a fermentum. Suspendisse vestibulum rhoncus bibendum. Nam in nisi"
        text run at (0,682) width 757: "eget nulla vestibulum rutrum. Aenean eu libero turpis. Lorem ipsum dolor sit amet, consectetur adipiscing elit. Maecenas"
        text run at (0,700) width 723: "lacinia massa in lectus pretium vulputate. Curabitur viverra augue in leo faucibus congue. Vestibulum ligula neque,"
        text run at (0,718) width 730: "commodo eget blandit sit amet, facilisis vitae mi. Vivamus pretium lorem a quam imperdiet in placerat purus sagittis."
        text run at (0,736) width 752: "Aliquam ut dui nibh. Cras faucibus imperdiet pellentesque. Curabitur vel tortor quam, ut pharetra eros. Mauris euismod,"
        text run at (0,754) width 728: "justo in mattis ultricies, risus velit pretium ligula, eu sodales libero dolor et massa. Phasellus eros quam, faucibus sed"
        text run at (0,772) width 737: "consectetur et, elementum ut erat. Morbi fringilla, lorem non fermentum vulputate, quam metus ullamcorper quam, eu"
        text run at (0,790) width 757: "porttitor diam metus eget augue. Donec non lorem et arcu adipiscing suscipit. Donec porta euismod magna a fermentum."
        text run at (0,808) width 741: "Suspendisse vestibulum rhoncus bibendum. Nam in nisi eget nulla vestibulum rutrum. Aenean eu libero turpis. Lorem"
        text run at (0,826) width 741: "ipsum dolor sit amet, consectetur adipiscing elit. Maecenas lacinia massa in lectus pretium vulputate. Curabitur viverra"
        text run at (0,844) width 720: "augue in leo faucibus congue. Vestibulum ligula neque, commodo eget blandit sit amet, facilisis vitae mi. Vivamus"
        text run at (0,862) width 734: "pretium lorem a quam imperdiet in placerat purus sagittis. Aliquam ut dui nibh. Cras faucibus imperdiet pellentesque."
        text run at (0,880) width 754: "Curabitur vel tortor quam, ut pharetra eros. Mauris euismod, justo in mattis ultricies, risus velit pretium ligula, eu sodales"
        text run at (0,898) width 734: "libero dolor et massa. Phasellus eros quam, faucibus sed consectetur et, elementum ut erat. Morbi fringilla, lorem non"
        text run at (0,916) width 721: "fermentum vulputate, quam metus ullamcorper quam, eu porttitor diam metus eget augue. Donec non lorem et arcu"
        text run at (0,934) width 747: "adipiscing suscipit. Donec porta euismod magna a fermentum. Suspendisse vestibulum rhoncus bibendum. Nam in nisi"
        text run at (0,952) width 757: "eget nulla vestibulum rutrum. Aenean eu libero turpis. Lorem ipsum dolor sit amet, consectetur adipiscing elit. Maecenas"
        text run at (0,970) width 723: "lacinia massa in lectus pretium vulputate. Curabitur viverra augue in leo faucibus congue. Vestibulum ligula neque,"
        text run at (0,988) width 730: "commodo eget blandit sit amet, facilisis vitae mi. Vivamus pretium lorem a quam imperdiet in placerat purus sagittis."
        text run at (0,1006) width 752: "Aliquam ut dui nibh. Cras faucibus imperdiet pellentesque. Curabitur vel tortor quam, ut pharetra eros. Mauris euismod,"
        text run at (0,1024) width 728: "justo in mattis ultricies, risus velit pretium ligula, eu sodales libero dolor et massa. Phasellus eros quam, faucibus sed"
        text run at (0,1042) width 737: "consectetur et, elementum ut erat. Morbi fringilla, lorem non fermentum vulputate, quam metus ullamcorper quam, eu"
        text run at (0,1060) width 757: "porttitor diam metus eget augue. Donec non lorem et arcu adipiscing suscipit. Donec porta euismod magna a fermentum."
        text run at (0,1078) width 695: "Suspendisse vestibulum rhoncus bibendum. Nam in nisi eget nulla vestibulum rutrum. Aenean eu libero turpis."
