layer at (0,0) size 800x600
  RenderView at (0,0) size 800x600
layer at (0,0) size 800x600
  RenderBlock {HTML} at (0,0) size 800x600
    RenderBody {BODY} at (8,8) size 784x584
layer at (8,8) size 404x404 clip at (10,10) size 400x385 scrollX 200 scrollWidth 2900
  RenderBlock {DIV} at (0,0) size 404x404 [border: (2px solid #000000)]
    RenderMultiColumnSet at (2,2) size 400x385
layer at (-190,10) size 400x2265 backgroundClip at (10,10) size 400x385 clip at (10,10) size 400x385
  RenderMultiColumnFlowThread at (2,2) size 400x2265
    RenderText {#text} at (0,0) size 400x2264
      text run at (0,0) width 396: "Lorem ipsum dolor sit amet, consectetur adipiscing elit. Maecenas"
      text run at (0,20) width 400: "lacinia massa in lectus pretium vulputate. Curabitur viverra augue in"
      text run at (0,40) width 365: "leo faucibus congue. Vestibulum ligula neque, commodo eget"
      text run at (0,60) width 385: "blandit sit amet, facilisis vitae mi. Vivamus pretium lorem a quam"
      text run at (0,80) width 364: "imperdiet in placerat purus sagittis. Aliquam ut dui nibh. Cras"
      text run at (0,100) width 367: "faucibus imperdiet pellentesque. Curabitur vel tortor quam, ut"
      text run at (0,120) width 386: "pharetra eros. Mauris euismod, justo in mattis ultricies, risus velit"
      text run at (0,140) width 373: "pretium ligula, eu sodales libero dolor et massa. Phasellus eros"
      text run at (0,160) width 363: "quam, faucibus sed consectetur et, elementum ut erat. Morbi"
      text run at (0,180) width 390: "fringilla, lorem non fermentum vulputate, quam metus ullamcorper"
      text run at (0,200) width 375: "quam, eu porttitor diam metus eget augue. Donec non lorem et"
      text run at (0,220) width 400: "arcu adipiscing suscipit. Donec porta euismod magna a fermentum."
      text run at (0,240) width 390: "Suspendisse vestibulum rhoncus bibendum. Nam in nisi eget nulla"
      text run at (0,260) width 393: "vestibulum rutrum. Aenean eu libero turpis. Lorem ipsum dolor sit"
      text run at (0,280) width 394: "amet, consectetur adipiscing elit. Maecenas lacinia massa in lectus"
      text run at (0,300) width 392: "pretium vulputate. Curabitur viverra augue in leo faucibus congue."
      text run at (0,320) width 383: "Vestibulum ligula neque, commodo eget blandit sit amet, facilisis"
      text run at (0,340) width 367: "vitae mi. Vivamus pretium lorem a quam imperdiet in placerat"
      text run at (0,360) width 351: "purus sagittis. Aliquam ut dui nibh. Cras faucibus imperdiet"
      text run at (0,385) width 388: "pellentesque. Curabitur vel tortor quam, ut pharetra eros. Mauris"
      text run at (0,405) width 357: "euismod, justo in mattis ultricies, risus velit pretium ligula, eu"
      text run at (0,425) width 387: "sodales libero dolor et massa. Phasellus eros quam, faucibus sed"
      text run at (0,445) width 358: "consectetur et, elementum ut erat. Morbi fringilla, lorem non"
      text run at (0,465) width 388: "fermentum vulputate, quam metus ullamcorper quam, eu porttitor"
      text run at (0,485) width 356: "diam metus eget augue. Donec non lorem et arcu adipiscing"
      text run at (0,505) width 385: "suscipit. Donec porta euismod magna a fermentum. Suspendisse"
      text run at (0,525) width 379: "vestibulum rhoncus bibendum. Nam in nisi eget nulla vestibulum"
      text run at (0,545) width 363: "rutrum. Aenean eu libero turpis. Lorem ipsum dolor sit amet,"
      text run at (0,565) width 357: "consectetur adipiscing elit. Maecenas lacinia massa in lectus"
      text run at (0,585) width 392: "pretium vulputate. Curabitur viverra augue in leo faucibus congue."
      text run at (0,605) width 383: "Vestibulum ligula neque, commodo eget blandit sit amet, facilisis"
      text run at (0,625) width 367: "vitae mi. Vivamus pretium lorem a quam imperdiet in placerat"
      text run at (0,645) width 351: "purus sagittis. Aliquam ut dui nibh. Cras faucibus imperdiet"
      text run at (0,665) width 388: "pellentesque. Curabitur vel tortor quam, ut pharetra eros. Mauris"
      text run at (0,685) width 357: "euismod, justo in mattis ultricies, risus velit pretium ligula, eu"
      text run at (0,705) width 387: "sodales libero dolor et massa. Phasellus eros quam, faucibus sed"
      text run at (0,725) width 358: "consectetur et, elementum ut erat. Morbi fringilla, lorem non"
      text run at (0,745) width 388: "fermentum vulputate, quam metus ullamcorper quam, eu porttitor"
      text run at (0,770) width 356: "diam metus eget augue. Donec non lorem et arcu adipiscing"
      text run at (0,790) width 385: "suscipit. Donec porta euismod magna a fermentum. Suspendisse"
      text run at (0,810) width 379: "vestibulum rhoncus bibendum. Nam in nisi eget nulla vestibulum"
      text run at (0,830) width 363: "rutrum. Aenean eu libero turpis. Lorem ipsum dolor sit amet,"
      text run at (0,850) width 357: "consectetur adipiscing elit. Maecenas lacinia massa in lectus"
      text run at (0,870) width 392: "pretium vulputate. Curabitur viverra augue in leo faucibus congue."
      text run at (0,890) width 383: "Vestibulum ligula neque, commodo eget blandit sit amet, facilisis"
      text run at (0,910) width 367: "vitae mi. Vivamus pretium lorem a quam imperdiet in placerat"
      text run at (0,930) width 351: "purus sagittis. Aliquam ut dui nibh. Cras faucibus imperdiet"
      text run at (0,950) width 388: "pellentesque. Curabitur vel tortor quam, ut pharetra eros. Mauris"
      text run at (0,970) width 357: "euismod, justo in mattis ultricies, risus velit pretium ligula, eu"
      text run at (0,990) width 387: "sodales libero dolor et massa. Phasellus eros quam, faucibus sed"
      text run at (0,1010) width 358: "consectetur et, elementum ut erat. Morbi fringilla, lorem non"
      text run at (0,1030) width 388: "fermentum vulputate, quam metus ullamcorper quam, eu porttitor"
      text run at (0,1050) width 356: "diam metus eget augue. Donec non lorem et arcu adipiscing"
      text run at (0,1070) width 385: "suscipit. Donec porta euismod magna a fermentum. Suspendisse"
      text run at (0,1090) width 379: "vestibulum rhoncus bibendum. Nam in nisi eget nulla vestibulum"
      text run at (0,1110) width 363: "rutrum. Aenean eu libero turpis. Lorem ipsum dolor sit amet,"
      text run at (0,1130) width 357: "consectetur adipiscing elit. Maecenas lacinia massa in lectus"
      text run at (0,1155) width 392: "pretium vulputate. Curabitur viverra augue in leo faucibus congue."
      text run at (0,1175) width 383: "Vestibulum ligula neque, commodo eget blandit sit amet, facilisis"
      text run at (0,1195) width 367: "vitae mi. Vivamus pretium lorem a quam imperdiet in placerat"
      text run at (0,1215) width 351: "purus sagittis. Aliquam ut dui nibh. Cras faucibus imperdiet"
      text run at (0,1235) width 388: "pellentesque. Curabitur vel tortor quam, ut pharetra eros. Mauris"
      text run at (0,1255) width 357: "euismod, justo in mattis ultricies, risus velit pretium ligula, eu"
      text run at (0,1275) width 387: "sodales libero dolor et massa. Phasellus eros quam, faucibus sed"
      text run at (0,1295) width 358: "consectetur et, elementum ut erat. Morbi fringilla, lorem non"
      text run at (0,1315) width 388: "fermentum vulputate, quam metus ullamcorper quam, eu porttitor"
      text run at (0,1335) width 356: "diam metus eget augue. Donec non lorem et arcu adipiscing"
      text run at (0,1355) width 385: "suscipit. Donec porta euismod magna a fermentum. Suspendisse"
      text run at (0,1375) width 379: "vestibulum rhoncus bibendum. Nam in nisi eget nulla vestibulum"
      text run at (0,1395) width 363: "rutrum. Aenean eu libero turpis. Lorem ipsum dolor sit amet,"
      text run at (0,1415) width 357: "consectetur adipiscing elit. Maecenas lacinia massa in lectus"
      text run at (0,1435) width 392: "pretium vulputate. Curabitur viverra augue in leo faucibus congue."
      text run at (0,1455) width 383: "Vestibulum ligula neque, commodo eget blandit sit amet, facilisis"
      text run at (0,1475) width 367: "vitae mi. Vivamus pretium lorem a quam imperdiet in placerat"
      text run at (0,1495) width 351: "purus sagittis. Aliquam ut dui nibh. Cras faucibus imperdiet"
      text run at (0,1515) width 388: "pellentesque. Curabitur vel tortor quam, ut pharetra eros. Mauris"
      text run at (0,1540) width 357: "euismod, justo in mattis ultricies, risus velit pretium ligula, eu"
      text run at (0,1560) width 387: "sodales libero dolor et massa. Phasellus eros quam, faucibus sed"
      text run at (0,1580) width 358: "consectetur et, elementum ut erat. Morbi fringilla, lorem non"
      text run at (0,1600) width 388: "fermentum vulputate, quam metus ullamcorper quam, eu porttitor"
      text run at (0,1620) width 356: "diam metus eget augue. Donec non lorem et arcu adipiscing"
      text run at (0,1640) width 385: "suscipit. Donec porta euismod magna a fermentum. Suspendisse"
      text run at (0,1660) width 379: "vestibulum rhoncus bibendum. Nam in nisi eget nulla vestibulum"
      text run at (0,1680) width 363: "rutrum. Aenean eu libero turpis. Lorem ipsum dolor sit amet,"
      text run at (0,1700) width 357: "consectetur adipiscing elit. Maecenas lacinia massa in lectus"
      text run at (0,1720) width 392: "pretium vulputate. Curabitur viverra augue in leo faucibus congue."
      text run at (0,1740) width 383: "Vestibulum ligula neque, commodo eget blandit sit amet, facilisis"
      text run at (0,1760) width 367: "vitae mi. Vivamus pretium lorem a quam imperdiet in placerat"
      text run at (0,1780) width 351: "purus sagittis. Aliquam ut dui nibh. Cras faucibus imperdiet"
      text run at (0,1800) width 388: "pellentesque. Curabitur vel tortor quam, ut pharetra eros. Mauris"
      text run at (0,1820) width 357: "euismod, justo in mattis ultricies, risus velit pretium ligula, eu"
      text run at (0,1840) width 387: "sodales libero dolor et massa. Phasellus eros quam, faucibus sed"
      text run at (0,1860) width 358: "consectetur et, elementum ut erat. Morbi fringilla, lorem non"
      text run at (0,1880) width 388: "fermentum vulputate, quam metus ullamcorper quam, eu porttitor"
      text run at (0,1900) width 356: "diam metus eget augue. Donec non lorem et arcu adipiscing"
      text run at (0,1925) width 385: "suscipit. Donec porta euismod magna a fermentum. Suspendisse"
      text run at (0,1945) width 379: "vestibulum rhoncus bibendum. Nam in nisi eget nulla vestibulum"
      text run at (0,1965) width 363: "rutrum. Aenean eu libero turpis. Lorem ipsum dolor sit amet,"
      text run at (0,1985) width 357: "consectetur adipiscing elit. Maecenas lacinia massa in lectus"
      text run at (0,2005) width 392: "pretium vulputate. Curabitur viverra augue in leo faucibus congue."
      text run at (0,2025) width 383: "Vestibulum ligula neque, commodo eget blandit sit amet, facilisis"
      text run at (0,2045) width 367: "vitae mi. Vivamus pretium lorem a quam imperdiet in placerat"
      text run at (0,2065) width 351: "purus sagittis. Aliquam ut dui nibh. Cras faucibus imperdiet"
      text run at (0,2085) width 388: "pellentesque. Curabitur vel tortor quam, ut pharetra eros. Mauris"
      text run at (0,2105) width 357: "euismod, justo in mattis ultricies, risus velit pretium ligula, eu"
      text run at (0,2125) width 387: "sodales libero dolor et massa. Phasellus eros quam, faucibus sed"
      text run at (0,2145) width 358: "consectetur et, elementum ut erat. Morbi fringilla, lorem non"
      text run at (0,2165) width 388: "fermentum vulputate, quam metus ullamcorper quam, eu porttitor"
      text run at (0,2185) width 356: "diam metus eget augue. Donec non lorem et arcu adipiscing"
      text run at (0,2205) width 385: "suscipit. Donec porta euismod magna a fermentum. Suspendisse"
      text run at (0,2225) width 379: "vestibulum rhoncus bibendum. Nam in nisi eget nulla vestibulum"
      text run at (0,2245) width 190: "rutrum. Aenean eu libero turpis."
