layer at (0,0) size 785x1190
  RenderView at (0,0) size 785x600
layer at (0,0) size 785x1190
  RenderBlock {HTML} at (0,0) size 785x1190
    RenderBody {BODY} at (8,8) size 769x1174
      RenderBlock (anonymous) at (0,0) size 769x20
        RenderText {#text} at (0,0) size 321x19
          text run at (0,0) width 321: "This test should scroll recursively to reveal the button."
        RenderText {#text} at (0,0) size 0x0
      RenderBlock {DIV} at (0,20) size 769x500
      RenderBlock (anonymous) at (0,520) size 769x154
        RenderIFrame {IFRAME} at (0,0) size 304x154 [border: (2px inset #000000)]
          layer at (0,0) size 308x316
            RenderView at (0,0) size 285x135
          layer at (0,0) size 285x316
            RenderBlock {HTML} at (0,0) size 285x316
              RenderBody {BODY} at (8,8) size 269x300
          layer at (8,8) size 300x300 clip at (8,8) size 285x300 scrollY 545 scrollHeight 1270
            RenderBlock {DIV} at (0,0) size 300x300
              RenderBlock (anonymous) at (0,0) size 285x20
                RenderText {#text} at (0,0) size 82x19
                  text run at (0,0) width 82: "overflow:auto"
              RenderBlock {DIV} at (0,20) size 285x600
              RenderBlock {DIV} at (0,770) size 285x500
          layer at (8,83) size 150x150 clip at (8,83) size 135x150 scrollY 478 scrollHeight 866
            RenderBlock {DIV} at (0,620) size 150x150
              RenderBlock (anonymous) at (0,0) size 135x20
                RenderText {#text} at (0,0) size 82x19
                  text run at (0,0) width 82: "overflow:auto"
              RenderBlock {DIV} at (0,20) size 135x500
              RenderBlock (anonymous) at (0,520) size 135x46
                RenderBR {BR} at (0,0) size 0x19
                RenderButton {INPUT} at (2,22) size 53x22 [bgcolor=#F0F0F0] [border: (2px outset #F0F0F0)]
                  RenderBlock (anonymous) at (8,3) size 37x16
                    RenderText at (0,0) size 37x16
                      text run at (0,0) width 37: "Button"
                RenderText {#text} at (0,0) size 0x0
              RenderBlock {DIV} at (0,566) size 135x300
        RenderText {#text} at (0,0) size 0x0
      RenderBlock {DIV} at (0,674) size 769x500
scrolled to 0,8
frame 'fr' scrolled to 0,91
