layer at (0,0) size 800x600
  RenderView at (0,0) size 800x600
layer at (0,0) size 800x600
  RenderBlock {HTML} at (0,0) size 800x600
    RenderBody {BODY} at (8,8) size 784x584
layer at (0,42) size 800x558 clip at (0,42) size 785x558 scrollY 288 scrollHeight 846
  RenderBlock (positioned) {DIV} at (0,42) size 800x558
layer at (0,-246) size 532x846 backgroundClip at (0,42) size 785x558 clip at (0,42) size 785x558
  RenderBlock (positioned) {DIV} at (0,0) size 532x846
    RenderBlock (anonymous) at (0,0) size 532x20
      RenderText {#text} at (0,0) size 532x19
        text run at (0,0) width 532: "This tests that we can scroll to reveal something in a nested positioned block in overflow."
    RenderBlock {DIV} at (0,20) size 532x800
    RenderBlock (anonymous) at (0,820) size 532x26
      RenderButton {INPUT} at (2,2) size 222x22 [bgcolor=#F0F0F0] [border: (2px outset #F0F0F0)]
        RenderBlock (anonymous) at (8,3) size 206x16
          RenderText at (0,0) size 206x16
            text run at (0,0) width 206: "If you can see this, test has passed"
      RenderText {#text} at (0,0) size 0x0
