MISSING PLUGIN BUTTON PRESSED
layer at (0,0) size 800x600
  RenderView at (0,0) size 800x600
layer at (0,0) size 800x600
  RenderBlock {HTML} at (0,0) size 800x600
    RenderBody {BODY} at (8,8) size 784x584
      RenderBlock (anonymous) at (0,0) size 784x126
        RenderEmbeddedObject {EMBED} at (0,0) size 100x100
        RenderBR {BR} at (100,100) size 0x0
        RenderTextControl {INPUT} at (2,102) size 150x22 [bgcolor=#FFFFFF] [border: (2px inset #000000)]
        RenderText {#text} at (0,0) size 0x0
      RenderBlock {DIV} at (0,126) size 784x0
layer at (12,113) size 146x16
  RenderBlock {DIV} at (2,3) size 146x16
    RenderText {#text} at (0,0) size 29x16
      text run at (0,0) width 29: "hello"
selection start: position 0 of child 0 {#text} of child 0 {DIV} of {#document-fragment} of child 4 {INPUT} of body
selection end:   position 5 of child 0 {#text} of child 0 {DIV} of {#document-fragment} of child 4 {INPUT} of body
