layer at (0,0) size 800x777
  RenderView at (0,0) size 800x600
layer at (0,0) size 800x777
  RenderBlock {HTML} at (0,0) size 800x777
    RenderBody {BODY} at (8,8) size 784x761
      RenderBlock {DIV} at (0,0) size 784x94
        RenderText {#text} at (0,31) size 47x19
          text run at (0,31) width 47: "Blank: "
        RenderAttachment {ATTACHMENT} at (47,1) size 339x92 [color=#007AFF]
          RenderFlexibleBox {DIV} at (0,0) size 338x92 [bgcolor=#FFFFFF]
            RenderFlexibleBox {DIV} at (0,0) size 338x92 [bgcolor=#74748014]
              RenderGrid {DIV} at (10,10) size 0x72
                RenderImage {IMG} at (0,36) size 0x0
              RenderFlexibleBox {DIV} at (20,0) size 292x92
                RenderGrid {DIV} at (0,46) size 292x0
      RenderBlock {DIV} at (0,94) size 784x94
        RenderText {#text} at (0,31) size 39x19
          text run at (0,31) width 39: "Title: "
        RenderAttachment {ATTACHMENT} at (39,1) size 339x92 [color=#007AFF]
          RenderFlexibleBox {DIV} at (0,0) size 338x92 [bgcolor=#FFFFFF]
            RenderFlexibleBox {DIV} at (0,0) size 338x92 [bgcolor=#74748014]
              RenderGrid {DIV} at (10,10) size 0x72
                RenderImage {IMG} at (0,36) size 0x0
              RenderFlexibleBox {DIV} at (20,0) size 292x92
                RenderGrid {DIV} at (0,31) size 292x30
      RenderBlock {DIV} at (0,188) size 784x94
        RenderText {#text} at (0,31) size 83x19
          text run at (0,31) width 83: "and subtitle: "
        RenderAttachment {ATTACHMENT} at (83,1) size 339x92 [color=#007AFF]
          RenderFlexibleBox {DIV} at (0,0) size 338x92 [bgcolor=#FFFFFF]
            RenderFlexibleBox {DIV} at (0,0) size 338x92 [bgcolor=#74748014]
              RenderGrid {DIV} at (10,10) size 0x72
                RenderImage {IMG} at (0,36) size 0x0
              RenderFlexibleBox {DIV} at (20,0) size 292x92
                RenderGrid {DIV} at (0,31) size 292x30
      RenderBlock {DIV} at (0,282) size 784x94
        RenderText {#text} at (0,31) size 52x19
          text run at (0,31) width 52: "Action: "
        RenderAttachment {ATTACHMENT} at (52,1) size 339x92 [color=#007AFF]
          RenderFlexibleBox {DIV} at (0,0) size 338x92 [bgcolor=#FFFFFF]
            RenderFlexibleBox {DIV} at (0,0) size 338x92 [bgcolor=#74748014]
              RenderGrid {DIV} at (10,10) size 0x72
                RenderImage {IMG} at (0,36) size 0x0
              RenderFlexibleBox {DIV} at (20,0) size 292x92
                RenderGrid {DIV} at (0,22) size 292x48
      RenderBlock {DIV} at (0,376) size 784x94
        RenderText {#text} at (0,31) size 40x19
          text run at (0,31) width 40: "Save: "
        RenderAttachment {ATTACHMENT} at (40,1) size 339x92 [color=#007AFF]
          RenderFlexibleBox {DIV} at (0,0) size 338x92 [bgcolor=#FFFFFF]
            RenderFlexibleBox {DIV} at (0,0) size 338x92 [bgcolor=#74748014]
              RenderGrid {DIV} at (10,10) size 0x72
                RenderImage {IMG} at (0,36) size 0x0
              RenderFlexibleBox {DIV} at (20,0) size 292x92
                RenderGrid {DIV} at (0,26) size 292x40
                  RenderBlock {DIV} at (252,0) size 40x40
                    RenderButton {BUTTON} at (0,0) size 40x40 [bgcolor=#7676801F]
                      RenderBlock (anonymous) at (0,0) size 40x40
      RenderBlock {DIV} at (0,470) size 784x97
        RenderText {#text} at (0,77) size 97x19
          text run at (0,77) width 97: "Zero progress: "
        RenderAttachment {ATTACHMENT} at (97,1) size 339x92 [color=#007AFF]
          RenderFlexibleBox {DIV} at (0,0) size 338x92 [bgcolor=#FFFFFF]
            RenderFlexibleBox {DIV} at (0,0) size 338x92 [bgcolor=#74748014]
              RenderGrid {DIV} at (10,10) size 54x72
              RenderFlexibleBox {DIV} at (74,0) size 238x92
                RenderGrid {DIV} at (0,37) size 238x18
      RenderBlock {DIV} at (0,567) size 784x97
        RenderText {#text} at (0,77) size 96x19
          text run at (0,77) width 96: "75% progress: "
        RenderAttachment {ATTACHMENT} at (96,1) size 339x92 [color=#007AFF]
          RenderFlexibleBox {DIV} at (0,0) size 338x92 [bgcolor=#FFFFFF]
            RenderFlexibleBox {DIV} at (0,0) size 338x92 [bgcolor=#74748014]
              RenderGrid {DIV} at (10,10) size 54x72
                RenderBlock {DIV} at (0,9) size 54x54 [color=#3C3C4399]
                  RenderBlock (generated) at (0,0) size 54x54 [border: (4px solid #3C3C4399)]
                    RenderText at (0,0) size 0x0
              RenderFlexibleBox {DIV} at (74,0) size 238x92
                RenderGrid {DIV} at (0,37) size 238x18
      RenderBlock {DIV} at (0,664) size 784x97
        RenderText {#text} at (0,77) size 104x19
          text run at (0,77) width 104: "100% progress: "
        RenderAttachment {ATTACHMENT} at (104,1) size 339x92 [color=#007AFF]
          RenderFlexibleBox {DIV} at (0,0) size 338x92 [bgcolor=#FFFFFF]
            RenderFlexibleBox {DIV} at (0,0) size 338x92 [bgcolor=#74748014]
              RenderGrid {DIV} at (10,10) size 54x72
                RenderBlock {DIV} at (0,9) size 54x54 [color=#3C3C4399]
                  RenderBlock (generated) at (0,0) size 54x54 [border: (4px solid #3C3C4399)]
                    RenderText at (0,0) size 0x0
              RenderFlexibleBox {DIV} at (74,0) size 238x92
                RenderGrid {DIV} at (0,37) size 238x18
layer at (67,134) size 292x17
  RenderDeprecatedFlexibleBox {DIV} at (0,0) size 292x17 [color=#000000]
    RenderBlock (anonymous) at (0,0) size 292x17
      RenderText {#text} at (0,0) size 29x17
        text run at (0,0) width 29: "Title"
layer at (67,151) size 292x13
  RenderDeprecatedFlexibleBox {DIV} at (0,17) size 292x13 [color=#3C3C4399]
    RenderBlock (anonymous) at (0,0) size 292x13
      RenderText {#text} at (0,0) size 38x13
        text run at (0,0) width 38: "Subtitle"
layer at (112,228) size 292x17
  RenderDeprecatedFlexibleBox {DIV} at (0,0) size 292x17 [color=#000000]
    RenderBlock (anonymous) at (0,0) size 292x17
      RenderText {#text} at (0,0) size 29x17
        text run at (0,0) width 29: "Title"
layer at (112,245) size 292x13
  RenderDeprecatedFlexibleBox {DIV} at (0,17) size 292x13 [color=#3C3C4399]
    RenderBlock (anonymous) at (0,0) size 292x13
      RenderText {#text} at (0,0) size 38x13
        text run at (0,0) width 38: "Subtitle"
layer at (81,314) size 292x17
  RenderDeprecatedFlexibleBox {DIV} at (0,0) size 292x17 [color=#3C3C4399]
    RenderBlock (anonymous) at (0,0) size 292x17
      RenderText {#text} at (0,0) size 106x17
        text run at (0,0) width 106: "Tap to download"
layer at (81,331) size 292x17
  RenderDeprecatedFlexibleBox {DIV} at (0,17) size 292x17 [color=#000000]
    RenderBlock (anonymous) at (0,0) size 292x17
      RenderText {#text} at (0,0) size 52x17
        text run at (0,0) width 52: "\x{200E}\x{2068}Title\x{2069}\x{200B}.txt"
layer at (81,348) size 292x13
  RenderDeprecatedFlexibleBox {DIV} at (0,34) size 292x13 [color=#3C3C4399]
    RenderBlock (anonymous) at (0,0) size 292x13
      RenderText {#text} at (0,0) size 38x13
        text run at (0,0) width 38: "Subtitle"
layer at (69,411) size 149x8 backgroundClip at (69,411) size 148x8 clip at (69,411) size 148x8
  RenderDeprecatedFlexibleBox {DIV} at (0,0) size 149x8 [color=#3C3C4399]
layer at (69,419) size 149x24 backgroundClip at (69,419) size 148x24 clip at (69,419) size 148x24
  RenderDeprecatedFlexibleBox {DIV} at (0,7) size 149x26 [color=#000000]
    RenderBlock (anonymous) at (0,0) size 149x17
      RenderText {#text} at (0,0) size 56x17
        text run at (0,0) width 56: "\x{200E}\x{2068}Title\x{2069}\x{200B}.pdf"
layer at (69,443) size 149x8 backgroundClip at (69,443) size 148x8 clip at (69,443) size 148x8
  RenderDeprecatedFlexibleBox {DIV} at (0,32) size 149x8 [color=#3C3C4399]
layer at (180,517) size 238x17
  RenderDeprecatedFlexibleBox {DIV} at (0,0) size 238x17 [color=#000000]
    RenderBlock (anonymous) at (0,0) size 238x17
      RenderText {#text} at (0,0) size 56x17
        text run at (0,0) width 56: "\x{200E}\x{2068}Title\x{2069}\x{200B}.pdf"
layer at (179,614) size 238x17
  RenderDeprecatedFlexibleBox {DIV} at (0,0) size 238x17 [color=#000000]
    RenderBlock (anonymous) at (0,0) size 238x17
      RenderText {#text} at (0,0) size 56x17
        text run at (0,0) width 56: "\x{200E}\x{2068}Title\x{2069}\x{200B}.pdf"
layer at (187,711) size 238x17
  RenderDeprecatedFlexibleBox {DIV} at (0,0) size 238x17 [color=#000000]
    RenderBlock (anonymous) at (0,0) size 238x17
      RenderText {#text} at (0,0) size 56x17
        text run at (0,0) width 56: "\x{200E}\x{2068}Title\x{2069}\x{200B}.pdf"
layer at (321,411) size 40x40
  RenderBlock (generated) at (0,0) size 40x40 [bgcolor=#007AFF]
    RenderText at (0,0) size 0x0
layer at (116,498) size 54x54
  RenderBlock {DIV} at (0,9) size 54x54 [bgcolor=#000000]
