layer at (0,0) size 800x600
  RenderView at (0,0) size 800x600
layer at (0,0) size 800x116
  RenderBlock {HTML} at (0,0) size 800x116
    RenderBody {BODY} at (8,16) size 784x75
      RenderBlock {P} at (0,0) size 784x20
        RenderText {#text} at (0,0) size 415x19
          text run at (0,0) width 415: "Test pasees if there is a black, blue and yellow rectangle on the page."
      RenderBlock {DIV} at (25,45) size 734x30
        RenderText {#text} at (0,0) size 300x30
          text run at (0,0) width 300: "FillerText"
