layer at (0,0) size 800x600
  RenderView at (0,0) size 800x600
layer at (0,0) size 800x132
  RenderBlock {HTML} at (0,0) size 800x132
    RenderBody {BODY} at (8,16) size 784x91
      RenderBlock {P} at (0,0) size 784x20
        RenderText {#text} at (0,0) size 687x19
          text run at (0,0) width 687: "Test passes if there are three black and three blue instances of 'Filler Text' such that all text has a line above it."
      RenderBlock {DIV} at (25,45) size 734x46
        RenderText {#text} at (0,0) size 532x45
          text run at (0,0) width 532: "Filler Text Filler Text Filler Text"
      RenderBlock {DIV} at (0,116) size 784x0
