layer at (0,0) size 800x600
  RenderView at (0,0) size 800x600
layer at (0,0) size 800x156
  RenderBlock {HTML} at (0,0) size 800x156
    RenderBody {BODY} at (8,16) size 784x124
      RenderBlock {P} at (0,0) size 784x25
        RenderMathMLMath {math} at (0,4) size 11x22
          RenderMathMLRow {mstyle} at (0,0) size 11x22
            RenderMathMLUnderOver {mover} at (0,0) size 11x22
              RenderMathMLOperator {mo} at (0,1) size 11x21
                RenderBlock (anonymous) at (0,0) size 2x4
                  RenderText {#text} at (0,-3) size 2x0
                    text run at (0,-3) width 2: "\x{219C}"
              RenderMathMLSpace {mspace} at (1,0) size 8x1
        RenderText {#text} at (0,0) size 0x0
      RenderBlock {P} at (0,41) size 784x25
        RenderMathMLMath {math} at (0,4) size 21x22
          RenderMathMLRow {mstyle} at (0,0) size 21x22
            RenderMathMLUnderOver {mover} at (0,0) size 21x22
              RenderMathMLOperator {mo} at (0,1) size 21x21
                RenderBlock (anonymous) at (0,0) size 2x4
                  RenderText {#text} at (0,-3) size 2x0
                    text run at (0,-3) width 2: "\x{219C}"
              RenderMathMLSpace {mspace} at (2,0) size 16x1
        RenderText {#text} at (0,0) size 0x0
      RenderBlock {P} at (0,82) size 784x42
        RenderMathMLMath {math} at (0,0) size 150x42
          RenderMathMLRow {mstyle} at (0,0) size 150x42
            RenderMathMLUnderOver {mover} at (0,0) size 150x42
              RenderMathMLOperator {mo} at (0,1) size 150x41
                RenderBlock (anonymous) at (0,0) size 2x4
                  RenderText {#text} at (0,-3) size 2x0
                    text run at (0,-3) width 2: "\x{219C}"
              RenderMathMLSpace {mspace} at (0,0) size 150x1
        RenderText {#text} at (0,0) size 0x0
