layer at (0,0) size 820x585
  RenderView at (0,0) size 800x585
layer at (0,0) size 800x319
  RenderBlock {html} at (0,0) size 800x319
    RenderBody {body} at (48,8) size 772x303
      RenderBlock {h1} at (10,40) size 692x30
        RenderText {#text} at (0,0) size 314x28
          text run at (0,0) width 314: "scalable CSS background"
      RenderBlock {h4} at (10,69) size 752x17
        RenderText {#text} at (0,0) size 126x16
          text run at (0,0) width 126: "WICD Core 1.0 #11"
      RenderBlock {p} at (10,104) size 712x38
        RenderText {#text} at (10,10) size 472x16
          text run at (10,10) width 472: "This text paragraph, as well as all following, must have a SVG background image."
      RenderBlock {p} at (10,147) size 712x38
        RenderText {#text} at (10,10) size 623x16
          text run at (10,10) width 623: "This background image (grey color-gradient and rounded corners) must always exactly fit the text paragraph."
      RenderBlock {p} at (10,190) size 712x55
        RenderText {#text} at (10,10) size 638x33
          text run at (10,10) width 638: "This test has failed, if you don't see any graphics on the background. (your user agent does not support SVG as"
          text run at (10,27) width 113: "background image)."
      RenderBlock {p} at (10,250) size 712x38
        RenderInline {a} at (0,0) size 29x16 [color=#000066]
          RenderText {#text} at (10,10) size 29x16
            text run at (10,10) width 29: "Back"
