layer at (0,0) size 800x600
  RenderView at (0,0) size 800x600
layer at (0,0) size 800x102
  RenderBlock {HTML} at (0,0) size 800x103
    RenderBody {BODY} at (8,16) size 784x79
      RenderBlock {P} at (0,0) size 784x40
        RenderText {#text} at (0,0) size 782x39
          text run at (0,0) width 782: "This tests that that an autofilled and viewable Strong Password decorated text field reverts to its original appearance when"
          text run at (0,20) width 340: "the form is reset. It can only be tested in the test tool."
      RenderBlock {FORM} at (0,56) size 784x23
        RenderTextControl {INPUT} at (0,1) size 155x22 [bgcolor=#FFFFFF] [border: (1px solid #3C3C4399)]
          RenderFlexibleBox {DIV} at (6,3) size 143x15
            RenderBlock {DIV} at (0,0) size 142x14
        RenderText {#text} at (0,0) size 0x0
layer at (15,76) size 142x14 backgroundClip at (15,76) size 141x14 clip at (15,76) size 141x14
  RenderBlock {DIV} at (0,0) size 142x14
    RenderText {#text} at (0,0) size 63x14
      text run at (0,0) width 63: "\x{F79A}\x{F79A}\x{F79A}\x{F79A}\x{F79A}\x{F79A}\x{F79A}\x{F79A}\x{F79A}"
