layer at (0,0) size 800x600
  RenderView at (0,0) size 800x600
layer at (0,0) size 800x210
  RenderBlock {HTML} at (0,0) size 800x210
    RenderBody {BODY} at (8,16) size 784x186
      RenderBlock {P} at (0,0) size 784x40
        RenderText {#text} at (0,0) size 768x39
          text run at (0,0) width 768: "This tests that the Strong Password AutoFill and viewable visual treatment renders in an auto-filled input. It can only be"
          text run at (0,20) width 137: "tested in the test tool."
      RenderBlock {DIV} at (0,56) size 784x130
        RenderTextControl {INPUT} at (0,3) size 155x20 [bgcolor=#FAFFBD] [border: (1px solid #3C3C4399)]
        RenderText {#text} at (155,0) size 4x19
          text run at (155,0) width 4: " "
        RenderTextControl {INPUT} at (159,3) size 155x20 [bgcolor=#FAFFBD] [border: (1px solid #3C3C4399)]
          RenderFlexibleBox {DIV} at (6,3) size 143x13
            RenderBlock {DIV} at (0,0) size 142x12
        RenderText {#text} at (314,0) size 4x19
          text run at (314,0) width 4: " "
        RenderTextControl {INPUT} at (318,3) size 313x20 [bgcolor=#FAFFBD] [border: (1px solid #3C3C4399)]
          RenderFlexibleBox {DIV} at (6,3) size 301x13
            RenderBlock {DIV} at (0,0) size 300x12
        RenderText {#text} at (631,0) size 4x19
          text run at (631,0) width 4: " "
        RenderTextControl {INPUT} at (635,3) size 33x20 [bgcolor=#FAFFBD] [border: (1px solid #3C3C4399)]
          RenderFlexibleBox {DIV} at (6,3) size 21x13
            RenderBlock {DIV} at (0,0) size 20x12
        RenderText {#text} at (0,0) size 0x0
        RenderTextControl {INPUT} at (0,22) size 155x108 [bgcolor=#FAFFBD] [border: (1px solid #3C3C4399)]
          RenderFlexibleBox {DIV} at (6,3) size 143x101
            RenderBlock {DIV} at (0,44) size 142x12
        RenderText {#text} at (155,63) size 4x20
          text run at (155,63) width 4: " "
        RenderTextControl {INPUT} at (159,22) size 33x108 [bgcolor=#FAFFBD] [border: (1px solid #3C3C4399)]
          RenderFlexibleBox {DIV} at (6,3) size 21x101
            RenderBlock {DIV} at (0,44) size 20x12
        RenderText {#text} at (192,63) size 4x20
          text run at (192,63) width 4: " "
        RenderTextControl {INPUT} at (196,66) size 155x20 [bgcolor=#FAFFBD] [border: (1px solid #3C3C4399)]
layer at (15,78) size 142x12 scrollWidth 286
  RenderBlock {DIV} at (6,3) size 143x13
    RenderText {#text} at (0,0) size 284x12
      text run at (0,0) width 284: "A quick brown fox jumped over the lazy dog."
layer at (174,78) size 142x12 scrollWidth 286
  RenderBlock {DIV} at (0,0) size 142x12
    RenderText {#text} at (0,0) size 284x12
      text run at (0,0) width 284: "A quick brown fox jumped over the lazy dog."
layer at (333,78) size 300x12
  RenderBlock {DIV} at (0,0) size 300x12
    RenderText {#text} at (0,0) size 284x12
      text run at (0,0) width 284: "A quick brown fox jumped over the lazy dog."
layer at (650,78) size 20x12 scrollWidth 286
  RenderBlock {DIV} at (0,0) size 20x12
    RenderText {#text} at (0,0) size 284x12
      text run at (0,0) width 284: "A quick brown fox jumped over the lazy dog."
layer at (15,142) size 142x12 scrollWidth 286
  RenderBlock {DIV} at (0,0) size 142x12
    RenderText {#text} at (0,0) size 284x12
      text run at (0,0) width 284: "A quick brown fox jumped over the lazy dog."
layer at (174,142) size 20x12 scrollWidth 286
  RenderBlock {DIV} at (0,0) size 20x12
    RenderText {#text} at (0,0) size 284x12
      text run at (0,0) width 284: "A quick brown fox jumped over the lazy dog."
layer at (211,142) size 142x12
  RenderBlock {DIV} at (6,3) size 143x13
