layer at (0,0) size 800x600
  RenderView at (0,0) size 800x600
layer at (0,0) size 800x600
  RenderBlock {HTML} at (0,0) size 800x600
    RenderBody {BODY} at (8,8) size 470x582
      RenderBlock (anonymous) at (0,0) size 470x306
        RenderText {#text} at (0,0) size 328x18
          text run at (0,0) width 328: "This tests basic inputs. Here's what you should see:"
        RenderBR {BR} at (327,0) size 1x18
        RenderBR {BR} at (0,18) size 0x18
        RenderText {#text} at (0,36) size 461x54
          text run at (0,36) width 442: "first line: the letter \"a\" and then a text input field filled with repeating"
          text run at (0,54) width 86: "\"foobarbaz\", "
          text run at (85,54) width 376: "then the word \"text\" followed by a disabled text input field"
          text run at (0,72) width 331: "filled with \"foo\" and then the letter \"b\" and then \"a\""
        RenderBR {BR} at (330,72) size 1x18
        RenderBR {BR} at (0,90) size 0x18
        RenderText {#text} at (0,108) size 467x54
          text run at (0,108) width 437: "second line: and then a password input field that's filled and then the"
          text run at (0,126) width 467: "word \"password\" and then a disabled password field that's filled and then"
          text run at (0,144) width 82: "the letter \"b\""
        RenderBR {BR} at (81,144) size 1x18
        RenderBR {BR} at (0,162) size 0x18
        RenderText {#text} at (0,180) size 459x36
          text run at (0,180) width 459: "third line: the letter \"a\" and then a checkbox (unchecked) with the word"
          text run at (0,198) width 356: "\"checkbox\" and then a disabled checkbox and letter \"b\""
        RenderBR {BR} at (355,198) size 1x18
        RenderBR {BR} at (0,216) size 0x18
        RenderText {#text} at (0,234) size 457x54
          text run at (0,234) width 411: "fourth line: the last line has the letter \"a\" and then a redio button"
          text run at (0,252) width 457: "(unselected) and then the word \"radio\" and then a disabled radio button"
          text run at (0,270) width 109: "and the letter \"b\""
        RenderBR {BR} at (108,270) size 1x18
        RenderBR {BR} at (0,288) size 0x18
      RenderBlock {DIV} at (10,316) size 450x48 [border: (1px solid #FF0000)]
        RenderText {#text} at (1,3) size 8x18
          text run at (1,3) width 8: "a"
        RenderTextControl {INPUT} at (10,3) size 147x19 [bgcolor=#FFFFFF] [border: (2px inset #000000)]
        RenderText {#text} at (158,3) size 29x18
          text run at (158,3) width 29: "text "
        RenderTextControl {INPUT} at (188,3) size 147x19 [bgcolor=#FFFFFF] [border: (2px inset #000000)]
        RenderText {#text} at (336,3) size 20x18
          text run at (336,3) width 13: "b "
          text run at (348,3) width 8: "a"
        RenderTextControl {INPUT} at (3,26) size 147x19 [bgcolor=#FFFFFF] [border: (2px inset #000000)]
          RenderFlexibleBox {DIV} at (3,3) size 141x13
            RenderBlock {DIV} at (0,0) size 141x13
        RenderText {#text} at (151,26) size 66x18
          text run at (151,26) width 66: "password "
        RenderTextControl {INPUT} at (218,26) size 147x19 [bgcolor=#FFFFFF] [border: (2px inset #000000)]
          RenderFlexibleBox {DIV} at (3,3) size 140x13
            RenderBlock {DIV} at (0,0) size 140x13
        RenderText {#text} at (366,26) size 9x18
          text run at (366,26) width 9: "b"
      RenderBlock {DIV} at (10,374) size 450x21 [border: (1px solid #FF0000)]
        RenderText {#text} at (1,1) size 8x18
          text run at (1,1) width 8: "a"
        RenderBlock {INPUT} at (10,5) size 13x12
        RenderText {#text} at (24,1) size 66x18
          text run at (24,1) width 66: "checkbox "
        RenderBlock {INPUT} at (91,5) size 13x12
        RenderText {#text} at (105,1) size 9x18
          text run at (105,1) width 9: "b"
      RenderBlock {DIV} at (10,405) size 450x21 [border: (1px solid #FF0000)]
        RenderText {#text} at (1,1) size 8x18
          text run at (1,1) width 8: "a"
        RenderBlock {INPUT} at (10,5) size 13x12
        RenderText {#text} at (24,1) size 37x18
          text run at (24,1) width 37: "radio "
        RenderBlock {INPUT} at (62,5) size 13x12
        RenderText {#text} at (76,1) size 9x18
          text run at (76,1) width 9: "b"
layer at (31,330) size 141x13 scrollWidth 160
  RenderBlock {DIV} at (3,3) size 141x13
    RenderText {#text} at (0,0) size 160x13
      text run at (0,0) width 160: "foobarbazfoobarbazfoobarbaz"
layer at (210,330) size 140x13
  RenderBlock {DIV} at (3,3) size 140x13 [color=#545454]
    RenderText {#text} at (0,0) size 17x13
      text run at (0,0) width 17: "foo"
layer at (24,353) size 141x13
  RenderBlock {DIV} at (0,0) size 141x13
    RenderText {#text} at (0,0) size 16x13
      text run at (0,0) width 16: "\x{2022}\x{2022}\x{2022}"
layer at (239,353) size 140x13
  RenderBlock {DIV} at (0,0) size 140x13 [color=#545454]
    RenderText {#text} at (0,0) size 16x13
      text run at (0,0) width 16: "\x{2022}\x{2022}\x{2022}"
