layer at (0,0) size 800x600
  RenderView at (0,0) size 800x600
layer at (0,0) size 800x600
  RenderBlock {HTML} at (0,0) size 800x600
    RenderBody {BODY} at (8,8) size 784x584
      RenderButton {BUTTON} at (0,8) size 46x15 [color=#000000D8] [bgcolor=#C0C0C0] [border: none (2px outset #C0C0C0) none (2px outset #C0C0C0)]
        RenderBlock (anonymous) at (8,4) size 30x6
          RenderText {#text} at (0,0) size 30x6
            text run at (0,0) width 30: "Test Button"
      RenderText {#text} at (45,3) size 5x18
        text run at (45,3) width 5: " "
      RenderButton {BUTTON} at (49,8) size 52x15 [color=#000000D8] [bgcolor=#C0C0C0] [border: none (2px outset #C0C0C0) none (2px outset #C0C0C0)]
        RenderBlock (anonymous) at (8,3) size 36x8
          RenderText {#text} at (0,0) size 36x7
            text run at (0,0) width 36: "Test Button"
      RenderText {#text} at (100,3) size 5x18
        text run at (100,3) width 5: " "
      RenderButton {BUTTON} at (104,7) size 57x15 [color=#000000D8] [bgcolor=#C0C0C0] [border: none (2px outset #C0C0C0) none (2px outset #C0C0C0)]
        RenderBlock (anonymous) at (8,3) size 41x8
          RenderText {#text} at (0,0) size 41x8
            text run at (0,0) width 41: "Test Button"
      RenderText {#text} at (160,3) size 5x18
        text run at (160,3) width 5: " "
      RenderButton {BUTTON} at (164,7) size 63x15 [color=#000000D8] [bgcolor=#C0C0C0] [border: none (2px outset #C0C0C0) none (2px outset #C0C0C0)]
        RenderBlock (anonymous) at (8,2) size 46x10
          RenderText {#text} at (0,0) size 46x10
            text run at (0,0) width 46: "Test Button"
      RenderText {#text} at (226,3) size 5x18
        text run at (226,3) width 5: " "
      RenderButton {BUTTON} at (230,6) size 67x16 [color=#000000D8] [bgcolor=#C0C0C0] [border: none (2px outset #C0C0C0) none (2px outset #C0C0C0)]
        RenderBlock (anonymous) at (8,2) size 51x11
          RenderText {#text} at (0,0) size 51x11
            text run at (0,0) width 51: "Test Button"
      RenderText {#text} at (296,3) size 5x18
        text run at (296,3) width 5: " "
      RenderButton {BUTTON} at (300,5) size 73x17 [color=#000000D8] [bgcolor=#C0C0C0] [border: none (2px outset #C0C0C0) none (2px outset #C0C0C0)]
        RenderBlock (anonymous) at (8,2) size 56x12
          RenderText {#text} at (0,0) size 56x12
            text run at (0,0) width 56: "Test Button"
      RenderText {#text} at (372,3) size 5x18
        text run at (372,3) width 5: " "
      RenderButton {BUTTON} at (378,4) size 77x18 [color=#000000D8] [bgcolor=#C0C0C0] [border: none (2px outset #C0C0C0) none (2px outset #C0C0C0)]
        RenderBlock (anonymous) at (8,2) size 61x13
          RenderText {#text} at (0,0) size 61x13
            text run at (0,0) width 61: "Test Button"
      RenderText {#text} at (456,3) size 5x18
        text run at (456,3) width 5: " "
      RenderButton {INPUT} at (462,4) size 77x18 [color=#000000D8] [bgcolor=#C0C0C0]
        RenderBlock (anonymous) at (8,2) size 61x13
          RenderText at (0,0) size 61x13
            text run at (0,0) width 61: "Test Button"
      RenderText {#text} at (540,3) size 5x18
        text run at (540,3) width 5: " "
      RenderButton {BUTTON} at (546,3) size 82x20 [color=#000000D8] [bgcolor=#C0C0C0] [border: none (2px outset #C0C0C0) none (2px outset #C0C0C0)]
        RenderBlock (anonymous) at (8,2) size 65x15
          RenderText {#text} at (0,0) size 65x15
            text run at (0,0) width 65: "Test Button"
      RenderText {#text} at (629,3) size 5x18
        text run at (629,3) width 5: " "
      RenderButton {BUTTON} at (635,2) size 86x21 [color=#000000D8] [bgcolor=#C0C0C0] [border: none (2px outset #C0C0C0) none (2px outset #C0C0C0)]
        RenderBlock (anonymous) at (8,2) size 70x16
          RenderText {#text} at (0,0) size 70x16
            text run at (0,0) width 70: "Test Button"
      RenderText {#text} at (722,3) size 5x18
        text run at (722,3) width 5: " "
      RenderButton {BUTTON} at (2,32) size 91x22 [color=#000000D8] [bgcolor=#C0C0C0] [border: none (2px outset #C0C0C0) none (2px outset #C0C0C0)]
        RenderBlock (anonymous) at (8,2) size 75x17
          RenderText {#text} at (0,0) size 75x17
            text run at (0,0) width 75: "Test Button"
      RenderText {#text} at (94,34) size 5x18
        text run at (94,34) width 5: " "
      RenderButton {BUTTON} at (100,31) size 95x23 [color=#000000D8] [bgcolor=#C0C0C0] [border: none (2px outset #C0C0C0) none (2px outset #C0C0C0)]
        RenderBlock (anonymous) at (8,2) size 79x18
          RenderText {#text} at (0,0) size 79x18
            text run at (0,0) width 79: "Test Button"
      RenderText {#text} at (196,34) size 5x18
        text run at (196,34) width 5: " "
      RenderButton {BUTTON} at (202,31) size 100x23 [color=#000000D8] [bgcolor=#C0C0C0] [border: none (2px outset #C0C0C0) none (2px outset #C0C0C0)]
        RenderBlock (anonymous) at (8,2) size 84x18
          RenderText {#text} at (0,0) size 84x18
            text run at (0,0) width 84: "Test Button"
      RenderText {#text} at (303,34) size 5x18
        text run at (303,34) width 5: " "
      RenderButton {BUTTON} at (309,30) size 105x25 [color=#000000D8] [bgcolor=#C0C0C0] [border: none (2px outset #C0C0C0) none (2px outset #C0C0C0)]
        RenderBlock (anonymous) at (8,2) size 88x20
          RenderText {#text} at (0,0) size 88x20
            text run at (0,0) width 88: "Test Button"
      RenderText {#text} at (415,34) size 5x18
        text run at (415,34) width 5: " "
      RenderButton {BUTTON} at (421,29) size 109x26 [color=#000000D8] [bgcolor=#C0C0C0] [border: none (2px outset #C0C0C0) none (2px outset #C0C0C0)]
        RenderBlock (anonymous) at (8,2) size 93x21
          RenderText {#text} at (0,0) size 93x21
            text run at (0,0) width 93: "Test Button"
      RenderText {#text} at (531,34) size 5x18
        text run at (531,34) width 5: " "
      RenderButton {BUTTON} at (537,28) size 115x27 [color=#000000D8] [bgcolor=#C0C0C0] [border: none (2px outset #C0C0C0) none (2px outset #C0C0C0)]
        RenderBlock (anonymous) at (8,2) size 98x22
          RenderText {#text} at (0,0) size 98x22
            text run at (0,0) width 98: "Test Button"
      RenderText {#text} at (653,34) size 5x18
        text run at (653,34) width 5: " "
      RenderButton {BUTTON} at (659,27) size 115x28 [color=#000000D8] [bgcolor=#C0C0C0] [border: none (2px outset #C0C0C0) none (2px outset #C0C0C0)]
        RenderBlock (anonymous) at (8,2) size 99x23
          RenderText {#text} at (0,0) size 99x23
            text run at (0,0) width 99: "Test Button"
      RenderText {#text} at (775,34) size 5x18
        text run at (775,34) width 5: " "
      RenderButton {BUTTON} at (2,59) size 119x29 [color=#000000D8] [bgcolor=#C0C0C0] [border: none (2px outset #C0C0C0) none (2px outset #C0C0C0)]
        RenderBlock (anonymous) at (8,2) size 103x24
          RenderText {#text} at (0,0) size 103x24
            text run at (0,0) width 103: "Test Button"
      RenderText {#text} at (0,0) size 0x0
