layer at (0,0) size 800x600
  RenderView at (0,0) size 800x600
layer at (0,0) size 800x600
  RenderBlock {HTML} at (0,0) size 800x600
    RenderBody {BODY} at (8,8) size 784x584
      RenderButton {INPUT} at (0,4) size 67x15 [color=#000000D8] [bgcolor=#C0C0C0]
        RenderBlock (anonymous) at (8,2) size 51x11
          RenderText at (0,0) size 51x11
            text run at (0,0) width 51: "Test Button"
      RenderText {#text} at (66,1) size 5x18
        text run at (66,1) width 5: " "
      RenderButton {INPUT} at (70,4) size 67x15 [color=#000000D8] [bgcolor=#C0C0C0]
        RenderBlock (anonymous) at (8,2) size 51x11
          RenderText at (0,0) size 51x11
            text run at (0,0) width 51: "Test Button"
      RenderText {#text} at (137,1) size 4x18
        text run at (137,1) width 4: " "
      RenderButton {INPUT} at (141,4) size 67x15 [color=#000000D8] [bgcolor=#C0C0C0]
        RenderBlock (anonymous) at (8,2) size 51x11
          RenderText at (0,0) size 51x11
            text run at (0,0) width 51: "Test Button"
      RenderText {#text} at (207,1) size 5x18
        text run at (207,1) width 5: " "
      RenderButton {INPUT} at (211,4) size 67x15 [color=#000000D8] [bgcolor=#C0C0C0]
        RenderBlock (anonymous) at (8,2) size 51x11
          RenderText at (0,0) size 51x11
            text run at (0,0) width 51: "Test Button"
      RenderText {#text} at (278,1) size 4x18
        text run at (278,1) width 4: " "
      RenderButton {INPUT} at (282,4) size 67x15 [color=#000000D8] [bgcolor=#C0C0C0]
        RenderBlock (anonymous) at (8,2) size 51x11
          RenderText at (0,0) size 51x11
            text run at (0,0) width 51: "Test Button"
      RenderText {#text} at (348,1) size 5x18
        text run at (348,1) width 5: " "
      RenderButton {INPUT} at (352,4) size 67x15 [color=#000000D8] [bgcolor=#C0C0C0]
        RenderBlock (anonymous) at (8,2) size 51x11
          RenderText at (0,0) size 51x11
            text run at (0,0) width 51: "Test Button"
      RenderText {#text} at (419,1) size 4x18
        text run at (419,1) width 4: " "
      RenderButton {INPUT} at (425,2) size 77x18 [color=#000000D8] [bgcolor=#C0C0C0]
        RenderBlock (anonymous) at (8,2) size 61x13
          RenderText at (0,0) size 61x13
            text run at (0,0) width 61: "Test Button"
      RenderText {#text} at (503,1) size 5x18
        text run at (503,1) width 5: " "
      RenderButton {INPUT} at (509,2) size 77x18 [color=#000000D8] [bgcolor=#C0C0C0]
        RenderBlock (anonymous) at (8,2) size 61x13
          RenderText at (0,0) size 61x13
            text run at (0,0) width 61: "Test Button"
      RenderText {#text} at (587,1) size 5x18
        text run at (587,1) width 5: " "
      RenderButton {INPUT} at (593,2) size 77x18 [color=#000000D8] [bgcolor=#C0C0C0]
        RenderBlock (anonymous) at (8,2) size 61x13
          RenderText at (0,0) size 61x13
            text run at (0,0) width 61: "Test Button"
      RenderText {#text} at (671,1) size 5x18
        text run at (671,1) width 5: " "
      RenderButton {INPUT} at (677,2) size 77x18 [color=#000000D8] [bgcolor=#C0C0C0]
        RenderBlock (anonymous) at (8,2) size 61x13
          RenderText at (0,0) size 61x13
            text run at (0,0) width 61: "Test Button"
      RenderText {#text} at (755,1) size 5x18
        text run at (755,1) width 5: " "
      RenderButton {INPUT} at (2,26) size 77x18 [color=#000000D8] [bgcolor=#C0C0C0]
        RenderBlock (anonymous) at (8,2) size 61x13
          RenderText at (0,0) size 61x13
            text run at (0,0) width 61: "Test Button"
      RenderText {#text} at (80,25) size 5x18
        text run at (80,25) width 5: " "
      RenderButton {INPUT} at (86,24) size 86x21 [color=#000000D8] [bgcolor=#C0C0C0]
        RenderBlock (anonymous) at (8,2) size 70x16
          RenderText at (0,0) size 70x16
            text run at (0,0) width 70: "Test Button"
      RenderText {#text} at (173,25) size 5x18
        text run at (173,25) width 5: " "
      RenderButton {INPUT} at (179,24) size 87x21 [color=#000000D8] [bgcolor=#C0C0C0]
        RenderBlock (anonymous) at (8,2) size 70x16
          RenderText at (0,0) size 70x16
            text run at (0,0) width 70: "Test Button"
      RenderText {#text} at (267,25) size 5x18
        text run at (267,25) width 5: " "
      RenderButton {INPUT} at (273,24) size 86x21 [color=#000000D8] [bgcolor=#C0C0C0]
        RenderBlock (anonymous) at (8,2) size 70x16
          RenderText at (0,0) size 70x16
            text run at (0,0) width 70: "Test Button"
      RenderText {#text} at (360,25) size 5x18
        text run at (360,25) width 5: " "
      RenderButton {INPUT} at (366,24) size 86x21 [color=#000000D8] [bgcolor=#C0C0C0]
        RenderBlock (anonymous) at (8,2) size 70x16
          RenderText at (0,0) size 70x16
            text run at (0,0) width 70: "Test Button"
      RenderText {#text} at (454,25) size 4x18
        text run at (454,25) width 4: " "
      RenderButton {INPUT} at (460,24) size 86x21 [color=#000000D8] [bgcolor=#C0C0C0]
        RenderBlock (anonymous) at (8,2) size 70x16
          RenderText at (0,0) size 70x16
            text run at (0,0) width 70: "Test Button"
      RenderText {#text} at (547,25) size 5x18
        text run at (547,25) width 5: " "
      RenderButton {INPUT} at (553,24) size 86x21 [color=#000000D8] [bgcolor=#C0C0C0]
        RenderBlock (anonymous) at (8,2) size 70x16
          RenderText at (0,0) size 70x16
            text run at (0,0) width 70: "Test Button"
      RenderText {#text} at (0,0) size 0x0
