layer at (0,0) size 800x16538
  RenderView at (0,0) size 800x600
layer at (0,0) size 800x16538
  RenderBlock {HTML} at (0,0) size 800x16538
    RenderBody {BODY} at (8,8) size 784x16522
      RenderBlock (anonymous) at (0,0) size 784x160
        RenderText {#text} at (0,0) size 781x79
          text run at (0,0) width 781: "This test is designed to test the interaction between font-family and font-weight. In particular, our implementation of font-"
          text run at (0,20) width 728: "family accepts PostScript names, which may name a font with a particular weight. However, there is another CSS"
          text run at (0,40) width 769: "property, font-weight, in which the author may also name a particular weight. Our font selection algorithm takes both of"
          text run at (0,60) width 305: "these signals into account when choosing fonts."
        RenderBR {BR} at (304,60) size 1x19
        RenderBR {BR} at (0,80) size 0x19
        RenderText {#text} at (0,100) size 768x59
          text run at (0,100) width 768: "There is currently no good way in JavaScript to find the actual font chosen for some text. Therefore, the best way to test"
          text run at (0,120) width 732: "this aspect of the font selection algorithm is to dump the render tree, therefore testing glyph advances (which are a"
          text run at (0,140) width 159: "property of font weight)."
      RenderBlock {DIV} at (0,160) size 784x20
        RenderText {#text} at (0,0) size 267x19
          text run at (0,0) width 267: "Font: Heiti SC Weight: 100 Style: normal"
      RenderBlock {DIV} at (0,180) size 784x23
        RenderText {#text} at (0,0) size 144x23
          text run at (0,0) width 144: "\x{679C}\x{57CE}\x{7684}\x{7F8E}\x{8B7D}\x{3002}\x{4E2D}\x{56FD}\x{53E4}"
      RenderBlock {DIV} at (0,203) size 784x20
        RenderText {#text} at (0,0) size 267x19
          text run at (0,0) width 267: "Font: Heiti SC Weight: 200 Style: normal"
      RenderBlock {DIV} at (0,223) size 784x23
        RenderText {#text} at (0,0) size 144x23
          text run at (0,0) width 144: "\x{679C}\x{57CE}\x{7684}\x{7F8E}\x{8B7D}\x{3002}\x{4E2D}\x{56FD}\x{53E4}"
      RenderBlock {DIV} at (0,246) size 784x20
        RenderText {#text} at (0,0) size 267x19
          text run at (0,0) width 267: "Font: Heiti SC Weight: 300 Style: normal"
      RenderBlock {DIV} at (0,266) size 784x23
        RenderText {#text} at (0,0) size 144x23
          text run at (0,0) width 144: "\x{679C}\x{57CE}\x{7684}\x{7F8E}\x{8B7D}\x{3002}\x{4E2D}\x{56FD}\x{53E4}"
      RenderBlock {DIV} at (0,289) size 784x20
        RenderText {#text} at (0,0) size 267x19
          text run at (0,0) width 267: "Font: Heiti SC Weight: 400 Style: normal"
      RenderBlock {DIV} at (0,309) size 784x23
        RenderText {#text} at (0,0) size 144x23
          text run at (0,0) width 144: "\x{679C}\x{57CE}\x{7684}\x{7F8E}\x{8B7D}\x{3002}\x{4E2D}\x{56FD}\x{53E4}"
      RenderBlock {DIV} at (0,332) size 784x20
        RenderText {#text} at (0,0) size 267x19
          text run at (0,0) width 267: "Font: Heiti SC Weight: 500 Style: normal"
      RenderBlock {DIV} at (0,352) size 784x23
        RenderText {#text} at (0,0) size 144x23
          text run at (0,0) width 144: "\x{679C}\x{57CE}\x{7684}\x{7F8E}\x{8B7D}\x{3002}\x{4E2D}\x{56FD}\x{53E4}"
      RenderBlock {DIV} at (0,375) size 784x20
        RenderText {#text} at (0,0) size 267x19
          text run at (0,0) width 267: "Font: Heiti SC Weight: 600 Style: normal"
      RenderBlock {DIV} at (0,395) size 784x23
        RenderText {#text} at (0,0) size 144x23
          text run at (0,0) width 144: "\x{679C}\x{57CE}\x{7684}\x{7F8E}\x{8B7D}\x{3002}\x{4E2D}\x{56FD}\x{53E4}"
      RenderBlock {DIV} at (0,418) size 784x20
        RenderText {#text} at (0,0) size 267x19
          text run at (0,0) width 267: "Font: Heiti SC Weight: 700 Style: normal"
      RenderBlock {DIV} at (0,438) size 784x23
        RenderText {#text} at (0,0) size 144x23
          text run at (0,0) width 144: "\x{679C}\x{57CE}\x{7684}\x{7F8E}\x{8B7D}\x{3002}\x{4E2D}\x{56FD}\x{53E4}"
      RenderBlock {DIV} at (0,461) size 784x20
        RenderText {#text} at (0,0) size 267x19
          text run at (0,0) width 267: "Font: Heiti SC Weight: 800 Style: normal"
      RenderBlock {DIV} at (0,481) size 784x23
        RenderText {#text} at (0,0) size 144x23
          text run at (0,0) width 144: "\x{679C}\x{57CE}\x{7684}\x{7F8E}\x{8B7D}\x{3002}\x{4E2D}\x{56FD}\x{53E4}"
      RenderBlock {DIV} at (0,504) size 784x20
        RenderText {#text} at (0,0) size 267x19
          text run at (0,0) width 267: "Font: Heiti SC Weight: 900 Style: normal"
      RenderBlock {DIV} at (0,524) size 784x23
        RenderText {#text} at (0,0) size 144x23
          text run at (0,0) width 144: "\x{679C}\x{57CE}\x{7684}\x{7F8E}\x{8B7D}\x{3002}\x{4E2D}\x{56FD}\x{53E4}"
      RenderBlock {DIV} at (0,547) size 784x20
        RenderText {#text} at (0,0) size 321x19
          text run at (0,0) width 321: "Font: STHeitiSC-Light Weight: 100 Style: normal"
      RenderBlock {DIV} at (0,567) size 784x23
        RenderText {#text} at (0,0) size 144x23
          text run at (0,0) width 144: "\x{679C}\x{57CE}\x{7684}\x{7F8E}\x{8B7D}\x{3002}\x{4E2D}\x{56FD}\x{53E4}"
      RenderBlock {DIV} at (0,590) size 784x20
        RenderText {#text} at (0,0) size 321x19
          text run at (0,0) width 321: "Font: STHeitiSC-Light Weight: 200 Style: normal"
      RenderBlock {DIV} at (0,610) size 784x23
        RenderText {#text} at (0,0) size 144x23
          text run at (0,0) width 144: "\x{679C}\x{57CE}\x{7684}\x{7F8E}\x{8B7D}\x{3002}\x{4E2D}\x{56FD}\x{53E4}"
      RenderBlock {DIV} at (0,633) size 784x20
        RenderText {#text} at (0,0) size 321x19
          text run at (0,0) width 321: "Font: STHeitiSC-Light Weight: 300 Style: normal"
      RenderBlock {DIV} at (0,653) size 784x23
        RenderText {#text} at (0,0) size 144x23
          text run at (0,0) width 144: "\x{679C}\x{57CE}\x{7684}\x{7F8E}\x{8B7D}\x{3002}\x{4E2D}\x{56FD}\x{53E4}"
      RenderBlock {DIV} at (0,676) size 784x20
        RenderText {#text} at (0,0) size 321x19
          text run at (0,0) width 321: "Font: STHeitiSC-Light Weight: 400 Style: normal"
      RenderBlock {DIV} at (0,696) size 784x23
        RenderText {#text} at (0,0) size 144x23
          text run at (0,0) width 144: "\x{679C}\x{57CE}\x{7684}\x{7F8E}\x{8B7D}\x{3002}\x{4E2D}\x{56FD}\x{53E4}"
      RenderBlock {DIV} at (0,719) size 784x20
        RenderText {#text} at (0,0) size 321x19
          text run at (0,0) width 321: "Font: STHeitiSC-Light Weight: 500 Style: normal"
      RenderBlock {DIV} at (0,739) size 784x23
        RenderText {#text} at (0,0) size 144x23
          text run at (0,0) width 144: "\x{679C}\x{57CE}\x{7684}\x{7F8E}\x{8B7D}\x{3002}\x{4E2D}\x{56FD}\x{53E4}"
      RenderBlock {DIV} at (0,762) size 784x20
        RenderText {#text} at (0,0) size 321x19
          text run at (0,0) width 321: "Font: STHeitiSC-Light Weight: 600 Style: normal"
      RenderBlock {DIV} at (0,782) size 784x23
        RenderText {#text} at (0,0) size 144x23
          text run at (0,0) width 144: "\x{679C}\x{57CE}\x{7684}\x{7F8E}\x{8B7D}\x{3002}\x{4E2D}\x{56FD}\x{53E4}"
      RenderBlock {DIV} at (0,805) size 784x20
        RenderText {#text} at (0,0) size 321x19
          text run at (0,0) width 321: "Font: STHeitiSC-Light Weight: 700 Style: normal"
      RenderBlock {DIV} at (0,825) size 784x23
        RenderText {#text} at (0,0) size 144x23
          text run at (0,0) width 144: "\x{679C}\x{57CE}\x{7684}\x{7F8E}\x{8B7D}\x{3002}\x{4E2D}\x{56FD}\x{53E4}"
      RenderBlock {DIV} at (0,848) size 784x20
        RenderText {#text} at (0,0) size 321x19
          text run at (0,0) width 321: "Font: STHeitiSC-Light Weight: 800 Style: normal"
      RenderBlock {DIV} at (0,868) size 784x23
        RenderText {#text} at (0,0) size 144x23
          text run at (0,0) width 144: "\x{679C}\x{57CE}\x{7684}\x{7F8E}\x{8B7D}\x{3002}\x{4E2D}\x{56FD}\x{53E4}"
      RenderBlock {DIV} at (0,891) size 784x20
        RenderText {#text} at (0,0) size 321x19
          text run at (0,0) width 321: "Font: STHeitiSC-Light Weight: 900 Style: normal"
      RenderBlock {DIV} at (0,911) size 784x23
        RenderText {#text} at (0,0) size 144x23
          text run at (0,0) width 144: "\x{679C}\x{57CE}\x{7684}\x{7F8E}\x{8B7D}\x{3002}\x{4E2D}\x{56FD}\x{53E4}"
      RenderBlock {DIV} at (0,934) size 784x20
        RenderText {#text} at (0,0) size 341x19
          text run at (0,0) width 341: "Font: STHeitiSC-Medium Weight: 100 Style: normal"
      RenderBlock {DIV} at (0,954) size 784x23
        RenderText {#text} at (0,0) size 144x23
          text run at (0,0) width 144: "\x{679C}\x{57CE}\x{7684}\x{7F8E}\x{8B7D}\x{3002}\x{4E2D}\x{56FD}\x{53E4}"
      RenderBlock {DIV} at (0,977) size 784x20
        RenderText {#text} at (0,0) size 341x19
          text run at (0,0) width 341: "Font: STHeitiSC-Medium Weight: 200 Style: normal"
      RenderBlock {DIV} at (0,997) size 784x23
        RenderText {#text} at (0,0) size 144x23
          text run at (0,0) width 144: "\x{679C}\x{57CE}\x{7684}\x{7F8E}\x{8B7D}\x{3002}\x{4E2D}\x{56FD}\x{53E4}"
      RenderBlock {DIV} at (0,1020) size 784x20
        RenderText {#text} at (0,0) size 341x19
          text run at (0,0) width 341: "Font: STHeitiSC-Medium Weight: 300 Style: normal"
      RenderBlock {DIV} at (0,1040) size 784x23
        RenderText {#text} at (0,0) size 144x23
          text run at (0,0) width 144: "\x{679C}\x{57CE}\x{7684}\x{7F8E}\x{8B7D}\x{3002}\x{4E2D}\x{56FD}\x{53E4}"
      RenderBlock {DIV} at (0,1063) size 784x20
        RenderText {#text} at (0,0) size 341x19
          text run at (0,0) width 341: "Font: STHeitiSC-Medium Weight: 400 Style: normal"
      RenderBlock {DIV} at (0,1083) size 784x23
        RenderText {#text} at (0,0) size 144x23
          text run at (0,0) width 144: "\x{679C}\x{57CE}\x{7684}\x{7F8E}\x{8B7D}\x{3002}\x{4E2D}\x{56FD}\x{53E4}"
      RenderBlock {DIV} at (0,1106) size 784x20
        RenderText {#text} at (0,0) size 341x19
          text run at (0,0) width 341: "Font: STHeitiSC-Medium Weight: 500 Style: normal"
      RenderBlock {DIV} at (0,1126) size 784x23
        RenderText {#text} at (0,0) size 144x23
          text run at (0,0) width 144: "\x{679C}\x{57CE}\x{7684}\x{7F8E}\x{8B7D}\x{3002}\x{4E2D}\x{56FD}\x{53E4}"
      RenderBlock {DIV} at (0,1149) size 784x20
        RenderText {#text} at (0,0) size 341x19
          text run at (0,0) width 341: "Font: STHeitiSC-Medium Weight: 600 Style: normal"
      RenderBlock {DIV} at (0,1169) size 784x23
        RenderText {#text} at (0,0) size 144x23
          text run at (0,0) width 144: "\x{679C}\x{57CE}\x{7684}\x{7F8E}\x{8B7D}\x{3002}\x{4E2D}\x{56FD}\x{53E4}"
      RenderBlock {DIV} at (0,1192) size 784x20
        RenderText {#text} at (0,0) size 341x19
          text run at (0,0) width 341: "Font: STHeitiSC-Medium Weight: 700 Style: normal"
      RenderBlock {DIV} at (0,1212) size 784x23
        RenderText {#text} at (0,0) size 144x23
          text run at (0,0) width 144: "\x{679C}\x{57CE}\x{7684}\x{7F8E}\x{8B7D}\x{3002}\x{4E2D}\x{56FD}\x{53E4}"
      RenderBlock {DIV} at (0,1235) size 784x20
        RenderText {#text} at (0,0) size 341x19
          text run at (0,0) width 341: "Font: STHeitiSC-Medium Weight: 800 Style: normal"
      RenderBlock {DIV} at (0,1255) size 784x23
        RenderText {#text} at (0,0) size 144x23
          text run at (0,0) width 144: "\x{679C}\x{57CE}\x{7684}\x{7F8E}\x{8B7D}\x{3002}\x{4E2D}\x{56FD}\x{53E4}"
      RenderBlock {DIV} at (0,1278) size 784x20
        RenderText {#text} at (0,0) size 341x19
          text run at (0,0) width 341: "Font: STHeitiSC-Medium Weight: 900 Style: normal"
      RenderBlock {DIV} at (0,1298) size 784x23
        RenderText {#text} at (0,0) size 144x23
          text run at (0,0) width 144: "\x{679C}\x{57CE}\x{7684}\x{7F8E}\x{8B7D}\x{3002}\x{4E2D}\x{56FD}\x{53E4}"
      RenderBlock {DIV} at (0,1321) size 784x20
        RenderText {#text} at (0,0) size 253x19
          text run at (0,0) width 253: "Font: Heiti SC Weight: 100 Style: italic"
      RenderBlock {DIV} at (0,1341) size 784x23
        RenderText {#text} at (0,0) size 144x23
          text run at (0,0) width 144: "\x{679C}\x{57CE}\x{7684}\x{7F8E}\x{8B7D}\x{3002}\x{4E2D}\x{56FD}\x{53E4}"
      RenderBlock {DIV} at (0,1364) size 784x20
        RenderText {#text} at (0,0) size 253x19
          text run at (0,0) width 253: "Font: Heiti SC Weight: 200 Style: italic"
      RenderBlock {DIV} at (0,1384) size 784x23
        RenderText {#text} at (0,0) size 144x23
          text run at (0,0) width 144: "\x{679C}\x{57CE}\x{7684}\x{7F8E}\x{8B7D}\x{3002}\x{4E2D}\x{56FD}\x{53E4}"
      RenderBlock {DIV} at (0,1407) size 784x20
        RenderText {#text} at (0,0) size 253x19
          text run at (0,0) width 253: "Font: Heiti SC Weight: 300 Style: italic"
      RenderBlock {DIV} at (0,1427) size 784x23
        RenderText {#text} at (0,0) size 144x23
          text run at (0,0) width 144: "\x{679C}\x{57CE}\x{7684}\x{7F8E}\x{8B7D}\x{3002}\x{4E2D}\x{56FD}\x{53E4}"
      RenderBlock {DIV} at (0,1450) size 784x20
        RenderText {#text} at (0,0) size 253x19
          text run at (0,0) width 253: "Font: Heiti SC Weight: 400 Style: italic"
      RenderBlock {DIV} at (0,1470) size 784x23
        RenderText {#text} at (0,0) size 144x23
          text run at (0,0) width 144: "\x{679C}\x{57CE}\x{7684}\x{7F8E}\x{8B7D}\x{3002}\x{4E2D}\x{56FD}\x{53E4}"
      RenderBlock {DIV} at (0,1493) size 784x20
        RenderText {#text} at (0,0) size 253x19
          text run at (0,0) width 253: "Font: Heiti SC Weight: 500 Style: italic"
      RenderBlock {DIV} at (0,1513) size 784x23
        RenderText {#text} at (0,0) size 144x23
          text run at (0,0) width 144: "\x{679C}\x{57CE}\x{7684}\x{7F8E}\x{8B7D}\x{3002}\x{4E2D}\x{56FD}\x{53E4}"
      RenderBlock {DIV} at (0,1536) size 784x20
        RenderText {#text} at (0,0) size 253x19
          text run at (0,0) width 253: "Font: Heiti SC Weight: 600 Style: italic"
      RenderBlock {DIV} at (0,1556) size 784x23
        RenderText {#text} at (0,0) size 144x23
          text run at (0,0) width 144: "\x{679C}\x{57CE}\x{7684}\x{7F8E}\x{8B7D}\x{3002}\x{4E2D}\x{56FD}\x{53E4}"
      RenderBlock {DIV} at (0,1579) size 784x20
        RenderText {#text} at (0,0) size 253x19
          text run at (0,0) width 253: "Font: Heiti SC Weight: 700 Style: italic"
      RenderBlock {DIV} at (0,1599) size 784x23
        RenderText {#text} at (0,0) size 144x23
          text run at (0,0) width 144: "\x{679C}\x{57CE}\x{7684}\x{7F8E}\x{8B7D}\x{3002}\x{4E2D}\x{56FD}\x{53E4}"
      RenderBlock {DIV} at (0,1622) size 784x20
        RenderText {#text} at (0,0) size 253x19
          text run at (0,0) width 253: "Font: Heiti SC Weight: 800 Style: italic"
      RenderBlock {DIV} at (0,1642) size 784x23
        RenderText {#text} at (0,0) size 144x23
          text run at (0,0) width 144: "\x{679C}\x{57CE}\x{7684}\x{7F8E}\x{8B7D}\x{3002}\x{4E2D}\x{56FD}\x{53E4}"
      RenderBlock {DIV} at (0,1665) size 784x20
        RenderText {#text} at (0,0) size 253x19
          text run at (0,0) width 253: "Font: Heiti SC Weight: 900 Style: italic"
      RenderBlock {DIV} at (0,1685) size 784x23
        RenderText {#text} at (0,0) size 144x23
          text run at (0,0) width 144: "\x{679C}\x{57CE}\x{7684}\x{7F8E}\x{8B7D}\x{3002}\x{4E2D}\x{56FD}\x{53E4}"
      RenderBlock {DIV} at (0,1708) size 784x20
        RenderText {#text} at (0,0) size 308x19
          text run at (0,0) width 308: "Font: STHeitiSC-Light Weight: 100 Style: italic"
      RenderBlock {DIV} at (0,1728) size 784x23
        RenderText {#text} at (0,0) size 144x23
          text run at (0,0) width 144: "\x{679C}\x{57CE}\x{7684}\x{7F8E}\x{8B7D}\x{3002}\x{4E2D}\x{56FD}\x{53E4}"
      RenderBlock {DIV} at (0,1751) size 784x20
        RenderText {#text} at (0,0) size 308x19
          text run at (0,0) width 308: "Font: STHeitiSC-Light Weight: 200 Style: italic"
      RenderBlock {DIV} at (0,1771) size 784x23
        RenderText {#text} at (0,0) size 144x23
          text run at (0,0) width 144: "\x{679C}\x{57CE}\x{7684}\x{7F8E}\x{8B7D}\x{3002}\x{4E2D}\x{56FD}\x{53E4}"
      RenderBlock {DIV} at (0,1794) size 784x20
        RenderText {#text} at (0,0) size 308x19
          text run at (0,0) width 308: "Font: STHeitiSC-Light Weight: 300 Style: italic"
      RenderBlock {DIV} at (0,1814) size 784x23
        RenderText {#text} at (0,0) size 144x23
          text run at (0,0) width 144: "\x{679C}\x{57CE}\x{7684}\x{7F8E}\x{8B7D}\x{3002}\x{4E2D}\x{56FD}\x{53E4}"
      RenderBlock {DIV} at (0,1837) size 784x20
        RenderText {#text} at (0,0) size 308x19
          text run at (0,0) width 308: "Font: STHeitiSC-Light Weight: 400 Style: italic"
      RenderBlock {DIV} at (0,1857) size 784x23
        RenderText {#text} at (0,0) size 144x23
          text run at (0,0) width 144: "\x{679C}\x{57CE}\x{7684}\x{7F8E}\x{8B7D}\x{3002}\x{4E2D}\x{56FD}\x{53E4}"
      RenderBlock {DIV} at (0,1880) size 784x20
        RenderText {#text} at (0,0) size 308x19
          text run at (0,0) width 308: "Font: STHeitiSC-Light Weight: 500 Style: italic"
      RenderBlock {DIV} at (0,1900) size 784x23
        RenderText {#text} at (0,0) size 144x23
          text run at (0,0) width 144: "\x{679C}\x{57CE}\x{7684}\x{7F8E}\x{8B7D}\x{3002}\x{4E2D}\x{56FD}\x{53E4}"
      RenderBlock {DIV} at (0,1923) size 784x20
        RenderText {#text} at (0,0) size 308x19
          text run at (0,0) width 308: "Font: STHeitiSC-Light Weight: 600 Style: italic"
      RenderBlock {DIV} at (0,1943) size 784x23
        RenderText {#text} at (0,0) size 144x23
          text run at (0,0) width 144: "\x{679C}\x{57CE}\x{7684}\x{7F8E}\x{8B7D}\x{3002}\x{4E2D}\x{56FD}\x{53E4}"
      RenderBlock {DIV} at (0,1966) size 784x20
        RenderText {#text} at (0,0) size 308x19
          text run at (0,0) width 308: "Font: STHeitiSC-Light Weight: 700 Style: italic"
      RenderBlock {DIV} at (0,1986) size 784x23
        RenderText {#text} at (0,0) size 144x23
          text run at (0,0) width 144: "\x{679C}\x{57CE}\x{7684}\x{7F8E}\x{8B7D}\x{3002}\x{4E2D}\x{56FD}\x{53E4}"
      RenderBlock {DIV} at (0,2009) size 784x20
        RenderText {#text} at (0,0) size 308x19
          text run at (0,0) width 308: "Font: STHeitiSC-Light Weight: 800 Style: italic"
      RenderBlock {DIV} at (0,2029) size 784x23
        RenderText {#text} at (0,0) size 144x23
          text run at (0,0) width 144: "\x{679C}\x{57CE}\x{7684}\x{7F8E}\x{8B7D}\x{3002}\x{4E2D}\x{56FD}\x{53E4}"
      RenderBlock {DIV} at (0,2052) size 784x20
        RenderText {#text} at (0,0) size 308x19
          text run at (0,0) width 308: "Font: STHeitiSC-Light Weight: 900 Style: italic"
      RenderBlock {DIV} at (0,2072) size 784x23
        RenderText {#text} at (0,0) size 144x23
          text run at (0,0) width 144: "\x{679C}\x{57CE}\x{7684}\x{7F8E}\x{8B7D}\x{3002}\x{4E2D}\x{56FD}\x{53E4}"
      RenderBlock {DIV} at (0,2095) size 784x20
        RenderText {#text} at (0,0) size 328x19
          text run at (0,0) width 328: "Font: STHeitiSC-Medium Weight: 100 Style: italic"
      RenderBlock {DIV} at (0,2115) size 784x23
        RenderText {#text} at (0,0) size 144x23
          text run at (0,0) width 144: "\x{679C}\x{57CE}\x{7684}\x{7F8E}\x{8B7D}\x{3002}\x{4E2D}\x{56FD}\x{53E4}"
      RenderBlock {DIV} at (0,2138) size 784x20
        RenderText {#text} at (0,0) size 328x19
          text run at (0,0) width 328: "Font: STHeitiSC-Medium Weight: 200 Style: italic"
      RenderBlock {DIV} at (0,2158) size 784x23
        RenderText {#text} at (0,0) size 144x23
          text run at (0,0) width 144: "\x{679C}\x{57CE}\x{7684}\x{7F8E}\x{8B7D}\x{3002}\x{4E2D}\x{56FD}\x{53E4}"
      RenderBlock {DIV} at (0,2181) size 784x20
        RenderText {#text} at (0,0) size 328x19
          text run at (0,0) width 328: "Font: STHeitiSC-Medium Weight: 300 Style: italic"
      RenderBlock {DIV} at (0,2201) size 784x23
        RenderText {#text} at (0,0) size 144x23
          text run at (0,0) width 144: "\x{679C}\x{57CE}\x{7684}\x{7F8E}\x{8B7D}\x{3002}\x{4E2D}\x{56FD}\x{53E4}"
      RenderBlock {DIV} at (0,2224) size 784x20
        RenderText {#text} at (0,0) size 328x19
          text run at (0,0) width 328: "Font: STHeitiSC-Medium Weight: 400 Style: italic"
      RenderBlock {DIV} at (0,2244) size 784x23
        RenderText {#text} at (0,0) size 144x23
          text run at (0,0) width 144: "\x{679C}\x{57CE}\x{7684}\x{7F8E}\x{8B7D}\x{3002}\x{4E2D}\x{56FD}\x{53E4}"
      RenderBlock {DIV} at (0,2267) size 784x20
        RenderText {#text} at (0,0) size 328x19
          text run at (0,0) width 328: "Font: STHeitiSC-Medium Weight: 500 Style: italic"
      RenderBlock {DIV} at (0,2287) size 784x23
        RenderText {#text} at (0,0) size 144x23
          text run at (0,0) width 144: "\x{679C}\x{57CE}\x{7684}\x{7F8E}\x{8B7D}\x{3002}\x{4E2D}\x{56FD}\x{53E4}"
      RenderBlock {DIV} at (0,2310) size 784x20
        RenderText {#text} at (0,0) size 328x19
          text run at (0,0) width 328: "Font: STHeitiSC-Medium Weight: 600 Style: italic"
      RenderBlock {DIV} at (0,2330) size 784x23
        RenderText {#text} at (0,0) size 144x23
          text run at (0,0) width 144: "\x{679C}\x{57CE}\x{7684}\x{7F8E}\x{8B7D}\x{3002}\x{4E2D}\x{56FD}\x{53E4}"
      RenderBlock {DIV} at (0,2353) size 784x20
        RenderText {#text} at (0,0) size 328x19
          text run at (0,0) width 328: "Font: STHeitiSC-Medium Weight: 700 Style: italic"
      RenderBlock {DIV} at (0,2373) size 784x23
        RenderText {#text} at (0,0) size 144x23
          text run at (0,0) width 144: "\x{679C}\x{57CE}\x{7684}\x{7F8E}\x{8B7D}\x{3002}\x{4E2D}\x{56FD}\x{53E4}"
      RenderBlock {DIV} at (0,2396) size 784x20
        RenderText {#text} at (0,0) size 328x19
          text run at (0,0) width 328: "Font: STHeitiSC-Medium Weight: 800 Style: italic"
      RenderBlock {DIV} at (0,2416) size 784x23
        RenderText {#text} at (0,0) size 144x23
          text run at (0,0) width 144: "\x{679C}\x{57CE}\x{7684}\x{7F8E}\x{8B7D}\x{3002}\x{4E2D}\x{56FD}\x{53E4}"
      RenderBlock {DIV} at (0,2439) size 784x20
        RenderText {#text} at (0,0) size 328x19
          text run at (0,0) width 328: "Font: STHeitiSC-Medium Weight: 900 Style: italic"
      RenderBlock {DIV} at (0,2459) size 784x23
        RenderText {#text} at (0,0) size 144x23
          text run at (0,0) width 144: "\x{679C}\x{57CE}\x{7684}\x{7F8E}\x{8B7D}\x{3002}\x{4E2D}\x{56FD}\x{53E4}"
      RenderBlock {DIV} at (0,2482) size 784x20
        RenderText {#text} at (0,0) size 277x19
          text run at (0,0) width 277: "Font: Songti SC Weight: 100 Style: normal"
      RenderBlock {DIV} at (0,2502) size 784x23
        RenderText {#text} at (0,2) size 144x19
          text run at (0,2) width 144: "\x{679C}\x{57CE}\x{7684}\x{7F8E}\x{8B7D}\x{3002}\x{4E2D}\x{56FD}\x{53E4}"
      RenderBlock {DIV} at (0,2525) size 784x20
        RenderText {#text} at (0,0) size 277x19
          text run at (0,0) width 277: "Font: Songti SC Weight: 200 Style: normal"
      RenderBlock {DIV} at (0,2545) size 784x23
        RenderText {#text} at (0,2) size 144x19
          text run at (0,2) width 144: "\x{679C}\x{57CE}\x{7684}\x{7F8E}\x{8B7D}\x{3002}\x{4E2D}\x{56FD}\x{53E4}"
      RenderBlock {DIV} at (0,2568) size 784x20
        RenderText {#text} at (0,0) size 277x19
          text run at (0,0) width 277: "Font: Songti SC Weight: 300 Style: normal"
      RenderBlock {DIV} at (0,2588) size 784x23
        RenderText {#text} at (0,2) size 144x19
          text run at (0,2) width 144: "\x{679C}\x{57CE}\x{7684}\x{7F8E}\x{8B7D}\x{3002}\x{4E2D}\x{56FD}\x{53E4}"
      RenderBlock {DIV} at (0,2611) size 784x20
        RenderText {#text} at (0,0) size 277x19
          text run at (0,0) width 277: "Font: Songti SC Weight: 400 Style: normal"
      RenderBlock {DIV} at (0,2631) size 784x23
        RenderText {#text} at (0,2) size 144x19
          text run at (0,2) width 144: "\x{679C}\x{57CE}\x{7684}\x{7F8E}\x{8B7D}\x{3002}\x{4E2D}\x{56FD}\x{53E4}"
      RenderBlock {DIV} at (0,2654) size 784x20
        RenderText {#text} at (0,0) size 277x19
          text run at (0,0) width 277: "Font: Songti SC Weight: 500 Style: normal"
      RenderBlock {DIV} at (0,2674) size 784x23
        RenderText {#text} at (0,2) size 144x19
          text run at (0,2) width 144: "\x{679C}\x{57CE}\x{7684}\x{7F8E}\x{8B7D}\x{3002}\x{4E2D}\x{56FD}\x{53E4}"
      RenderBlock {DIV} at (0,2697) size 784x20
        RenderText {#text} at (0,0) size 277x19
          text run at (0,0) width 277: "Font: Songti SC Weight: 600 Style: normal"
      RenderBlock {DIV} at (0,2717) size 784x23
        RenderText {#text} at (0,2) size 144x19
          text run at (0,2) width 144: "\x{679C}\x{57CE}\x{7684}\x{7F8E}\x{8B7D}\x{3002}\x{4E2D}\x{56FD}\x{53E4}"
      RenderBlock {DIV} at (0,2740) size 784x20
        RenderText {#text} at (0,0) size 277x19
          text run at (0,0) width 277: "Font: Songti SC Weight: 700 Style: normal"
      RenderBlock {DIV} at (0,2760) size 784x23
        RenderText {#text} at (0,2) size 144x19
          text run at (0,2) width 144: "\x{679C}\x{57CE}\x{7684}\x{7F8E}\x{8B7D}\x{3002}\x{4E2D}\x{56FD}\x{53E4}"
      RenderBlock {DIV} at (0,2783) size 784x20
        RenderText {#text} at (0,0) size 277x19
          text run at (0,0) width 277: "Font: Songti SC Weight: 800 Style: normal"
      RenderBlock {DIV} at (0,2803) size 784x23
        RenderText {#text} at (0,2) size 144x19
          text run at (0,2) width 144: "\x{679C}\x{57CE}\x{7684}\x{7F8E}\x{8B7D}\x{3002}\x{4E2D}\x{56FD}\x{53E4}"
      RenderBlock {DIV} at (0,2826) size 784x20
        RenderText {#text} at (0,0) size 277x19
          text run at (0,0) width 277: "Font: Songti SC Weight: 900 Style: normal"
      RenderBlock {DIV} at (0,2846) size 784x23
        RenderText {#text} at (0,2) size 144x19
          text run at (0,2) width 144: "\x{679C}\x{57CE}\x{7684}\x{7F8E}\x{8B7D}\x{3002}\x{4E2D}\x{56FD}\x{53E4}"
      RenderBlock {DIV} at (0,2869) size 784x20
        RenderText {#text} at (0,0) size 353x19
          text run at (0,0) width 353: "Font: STSongti-SC-Regular Weight: 100 Style: normal"
      RenderBlock {DIV} at (0,2889) size 784x23
        RenderText {#text} at (0,2) size 144x19
          text run at (0,2) width 144: "\x{679C}\x{57CE}\x{7684}\x{7F8E}\x{8B7D}\x{3002}\x{4E2D}\x{56FD}\x{53E4}"
      RenderBlock {DIV} at (0,2912) size 784x20
        RenderText {#text} at (0,0) size 353x19
          text run at (0,0) width 353: "Font: STSongti-SC-Regular Weight: 200 Style: normal"
      RenderBlock {DIV} at (0,2932) size 784x23
        RenderText {#text} at (0,2) size 144x19
          text run at (0,2) width 144: "\x{679C}\x{57CE}\x{7684}\x{7F8E}\x{8B7D}\x{3002}\x{4E2D}\x{56FD}\x{53E4}"
      RenderBlock {DIV} at (0,2955) size 784x20
        RenderText {#text} at (0,0) size 353x19
          text run at (0,0) width 353: "Font: STSongti-SC-Regular Weight: 300 Style: normal"
      RenderBlock {DIV} at (0,2975) size 784x23
        RenderText {#text} at (0,2) size 144x19
          text run at (0,2) width 144: "\x{679C}\x{57CE}\x{7684}\x{7F8E}\x{8B7D}\x{3002}\x{4E2D}\x{56FD}\x{53E4}"
      RenderBlock {DIV} at (0,2998) size 784x20
        RenderText {#text} at (0,0) size 353x19
          text run at (0,0) width 353: "Font: STSongti-SC-Regular Weight: 400 Style: normal"
      RenderBlock {DIV} at (0,3018) size 784x23
        RenderText {#text} at (0,2) size 144x19
          text run at (0,2) width 144: "\x{679C}\x{57CE}\x{7684}\x{7F8E}\x{8B7D}\x{3002}\x{4E2D}\x{56FD}\x{53E4}"
      RenderBlock {DIV} at (0,3041) size 784x20
        RenderText {#text} at (0,0) size 353x19
          text run at (0,0) width 353: "Font: STSongti-SC-Regular Weight: 500 Style: normal"
      RenderBlock {DIV} at (0,3061) size 784x23
        RenderText {#text} at (0,2) size 144x19
          text run at (0,2) width 144: "\x{679C}\x{57CE}\x{7684}\x{7F8E}\x{8B7D}\x{3002}\x{4E2D}\x{56FD}\x{53E4}"
      RenderBlock {DIV} at (0,3084) size 784x20
        RenderText {#text} at (0,0) size 353x19
          text run at (0,0) width 353: "Font: STSongti-SC-Regular Weight: 600 Style: normal"
      RenderBlock {DIV} at (0,3104) size 784x23
        RenderText {#text} at (0,2) size 144x19
          text run at (0,2) width 144: "\x{679C}\x{57CE}\x{7684}\x{7F8E}\x{8B7D}\x{3002}\x{4E2D}\x{56FD}\x{53E4}"
      RenderBlock {DIV} at (0,3127) size 784x20
        RenderText {#text} at (0,0) size 353x19
          text run at (0,0) width 353: "Font: STSongti-SC-Regular Weight: 700 Style: normal"
      RenderBlock {DIV} at (0,3147) size 784x23
        RenderText {#text} at (0,2) size 144x19
          text run at (0,2) width 144: "\x{679C}\x{57CE}\x{7684}\x{7F8E}\x{8B7D}\x{3002}\x{4E2D}\x{56FD}\x{53E4}"
      RenderBlock {DIV} at (0,3170) size 784x20
        RenderText {#text} at (0,0) size 353x19
          text run at (0,0) width 353: "Font: STSongti-SC-Regular Weight: 800 Style: normal"
      RenderBlock {DIV} at (0,3190) size 784x23
        RenderText {#text} at (0,2) size 144x19
          text run at (0,2) width 144: "\x{679C}\x{57CE}\x{7684}\x{7F8E}\x{8B7D}\x{3002}\x{4E2D}\x{56FD}\x{53E4}"
      RenderBlock {DIV} at (0,3213) size 784x20
        RenderText {#text} at (0,0) size 353x19
          text run at (0,0) width 353: "Font: STSongti-SC-Regular Weight: 900 Style: normal"
      RenderBlock {DIV} at (0,3233) size 784x23
        RenderText {#text} at (0,2) size 144x19
          text run at (0,2) width 144: "\x{679C}\x{57CE}\x{7684}\x{7F8E}\x{8B7D}\x{3002}\x{4E2D}\x{56FD}\x{53E4}"
      RenderBlock {DIV} at (0,3256) size 784x20
        RenderText {#text} at (0,0) size 337x19
          text run at (0,0) width 337: "Font: STSongti-SC-Light Weight: 100 Style: normal"
      RenderBlock {DIV} at (0,3276) size 784x23
        RenderText {#text} at (0,2) size 144x19
          text run at (0,2) width 144: "\x{679C}\x{57CE}\x{7684}\x{7F8E}\x{8B7D}\x{3002}\x{4E2D}\x{56FD}\x{53E4}"
      RenderBlock {DIV} at (0,3299) size 784x20
        RenderText {#text} at (0,0) size 337x19
          text run at (0,0) width 337: "Font: STSongti-SC-Light Weight: 200 Style: normal"
      RenderBlock {DIV} at (0,3319) size 784x23
        RenderText {#text} at (0,2) size 144x19
          text run at (0,2) width 144: "\x{679C}\x{57CE}\x{7684}\x{7F8E}\x{8B7D}\x{3002}\x{4E2D}\x{56FD}\x{53E4}"
      RenderBlock {DIV} at (0,3342) size 784x20
        RenderText {#text} at (0,0) size 337x19
          text run at (0,0) width 337: "Font: STSongti-SC-Light Weight: 300 Style: normal"
      RenderBlock {DIV} at (0,3362) size 784x23
        RenderText {#text} at (0,2) size 144x19
          text run at (0,2) width 144: "\x{679C}\x{57CE}\x{7684}\x{7F8E}\x{8B7D}\x{3002}\x{4E2D}\x{56FD}\x{53E4}"
      RenderBlock {DIV} at (0,3385) size 784x20
        RenderText {#text} at (0,0) size 337x19
          text run at (0,0) width 337: "Font: STSongti-SC-Light Weight: 400 Style: normal"
      RenderBlock {DIV} at (0,3405) size 784x23
        RenderText {#text} at (0,2) size 144x19
          text run at (0,2) width 144: "\x{679C}\x{57CE}\x{7684}\x{7F8E}\x{8B7D}\x{3002}\x{4E2D}\x{56FD}\x{53E4}"
      RenderBlock {DIV} at (0,3428) size 784x20
        RenderText {#text} at (0,0) size 337x19
          text run at (0,0) width 337: "Font: STSongti-SC-Light Weight: 500 Style: normal"
      RenderBlock {DIV} at (0,3448) size 784x23
        RenderText {#text} at (0,2) size 144x19
          text run at (0,2) width 144: "\x{679C}\x{57CE}\x{7684}\x{7F8E}\x{8B7D}\x{3002}\x{4E2D}\x{56FD}\x{53E4}"
      RenderBlock {DIV} at (0,3471) size 784x20
        RenderText {#text} at (0,0) size 337x19
          text run at (0,0) width 337: "Font: STSongti-SC-Light Weight: 600 Style: normal"
      RenderBlock {DIV} at (0,3491) size 784x23
        RenderText {#text} at (0,2) size 144x19
          text run at (0,2) width 144: "\x{679C}\x{57CE}\x{7684}\x{7F8E}\x{8B7D}\x{3002}\x{4E2D}\x{56FD}\x{53E4}"
      RenderBlock {DIV} at (0,3514) size 784x20
        RenderText {#text} at (0,0) size 337x19
          text run at (0,0) width 337: "Font: STSongti-SC-Light Weight: 700 Style: normal"
      RenderBlock {DIV} at (0,3534) size 784x23
        RenderText {#text} at (0,2) size 144x19
          text run at (0,2) width 144: "\x{679C}\x{57CE}\x{7684}\x{7F8E}\x{8B7D}\x{3002}\x{4E2D}\x{56FD}\x{53E4}"
      RenderBlock {DIV} at (0,3557) size 784x20
        RenderText {#text} at (0,0) size 337x19
          text run at (0,0) width 337: "Font: STSongti-SC-Light Weight: 800 Style: normal"
      RenderBlock {DIV} at (0,3577) size 784x23
        RenderText {#text} at (0,2) size 144x19
          text run at (0,2) width 144: "\x{679C}\x{57CE}\x{7684}\x{7F8E}\x{8B7D}\x{3002}\x{4E2D}\x{56FD}\x{53E4}"
      RenderBlock {DIV} at (0,3600) size 784x20
        RenderText {#text} at (0,0) size 337x19
          text run at (0,0) width 337: "Font: STSongti-SC-Light Weight: 900 Style: normal"
      RenderBlock {DIV} at (0,3620) size 784x23
        RenderText {#text} at (0,2) size 144x19
          text run at (0,2) width 144: "\x{679C}\x{57CE}\x{7684}\x{7F8E}\x{8B7D}\x{3002}\x{4E2D}\x{56FD}\x{53E4}"
      RenderBlock {DIV} at (0,3643) size 784x20
        RenderText {#text} at (0,0) size 333x19
          text run at (0,0) width 333: "Font: STSongti-SC-Bold Weight: 100 Style: normal"
      RenderBlock {DIV} at (0,3663) size 784x23
        RenderText {#text} at (0,2) size 144x19
          text run at (0,2) width 144: "\x{679C}\x{57CE}\x{7684}\x{7F8E}\x{8B7D}\x{3002}\x{4E2D}\x{56FD}\x{53E4}"
      RenderBlock {DIV} at (0,3686) size 784x20
        RenderText {#text} at (0,0) size 333x19
          text run at (0,0) width 333: "Font: STSongti-SC-Bold Weight: 200 Style: normal"
      RenderBlock {DIV} at (0,3706) size 784x23
        RenderText {#text} at (0,2) size 144x19
          text run at (0,2) width 144: "\x{679C}\x{57CE}\x{7684}\x{7F8E}\x{8B7D}\x{3002}\x{4E2D}\x{56FD}\x{53E4}"
      RenderBlock {DIV} at (0,3729) size 784x20
        RenderText {#text} at (0,0) size 333x19
          text run at (0,0) width 333: "Font: STSongti-SC-Bold Weight: 300 Style: normal"
      RenderBlock {DIV} at (0,3749) size 784x23
        RenderText {#text} at (0,2) size 144x19
          text run at (0,2) width 144: "\x{679C}\x{57CE}\x{7684}\x{7F8E}\x{8B7D}\x{3002}\x{4E2D}\x{56FD}\x{53E4}"
      RenderBlock {DIV} at (0,3772) size 784x20
        RenderText {#text} at (0,0) size 333x19
          text run at (0,0) width 333: "Font: STSongti-SC-Bold Weight: 400 Style: normal"
      RenderBlock {DIV} at (0,3792) size 784x23
        RenderText {#text} at (0,2) size 144x19
          text run at (0,2) width 144: "\x{679C}\x{57CE}\x{7684}\x{7F8E}\x{8B7D}\x{3002}\x{4E2D}\x{56FD}\x{53E4}"
      RenderBlock {DIV} at (0,3815) size 784x20
        RenderText {#text} at (0,0) size 333x19
          text run at (0,0) width 333: "Font: STSongti-SC-Bold Weight: 500 Style: normal"
      RenderBlock {DIV} at (0,3835) size 784x23
        RenderText {#text} at (0,2) size 144x19
          text run at (0,2) width 144: "\x{679C}\x{57CE}\x{7684}\x{7F8E}\x{8B7D}\x{3002}\x{4E2D}\x{56FD}\x{53E4}"
      RenderBlock {DIV} at (0,3858) size 784x20
        RenderText {#text} at (0,0) size 333x19
          text run at (0,0) width 333: "Font: STSongti-SC-Bold Weight: 600 Style: normal"
      RenderBlock {DIV} at (0,3878) size 784x23
        RenderText {#text} at (0,2) size 144x19
          text run at (0,2) width 144: "\x{679C}\x{57CE}\x{7684}\x{7F8E}\x{8B7D}\x{3002}\x{4E2D}\x{56FD}\x{53E4}"
      RenderBlock {DIV} at (0,3901) size 784x20
        RenderText {#text} at (0,0) size 333x19
          text run at (0,0) width 333: "Font: STSongti-SC-Bold Weight: 700 Style: normal"
      RenderBlock {DIV} at (0,3921) size 784x23
        RenderText {#text} at (0,2) size 144x19
          text run at (0,2) width 144: "\x{679C}\x{57CE}\x{7684}\x{7F8E}\x{8B7D}\x{3002}\x{4E2D}\x{56FD}\x{53E4}"
      RenderBlock {DIV} at (0,3944) size 784x20
        RenderText {#text} at (0,0) size 333x19
          text run at (0,0) width 333: "Font: STSongti-SC-Bold Weight: 800 Style: normal"
      RenderBlock {DIV} at (0,3964) size 784x23
        RenderText {#text} at (0,2) size 144x19
          text run at (0,2) width 144: "\x{679C}\x{57CE}\x{7684}\x{7F8E}\x{8B7D}\x{3002}\x{4E2D}\x{56FD}\x{53E4}"
      RenderBlock {DIV} at (0,3987) size 784x20
        RenderText {#text} at (0,0) size 333x19
          text run at (0,0) width 333: "Font: STSongti-SC-Bold Weight: 900 Style: normal"
      RenderBlock {DIV} at (0,4007) size 784x23
        RenderText {#text} at (0,2) size 144x19
          text run at (0,2) width 144: "\x{679C}\x{57CE}\x{7684}\x{7F8E}\x{8B7D}\x{3002}\x{4E2D}\x{56FD}\x{53E4}"
      RenderBlock {DIV} at (0,4030) size 784x20
        RenderText {#text} at (0,0) size 339x19
          text run at (0,0) width 339: "Font: STSongti-SC-Black Weight: 100 Style: normal"
      RenderBlock {DIV} at (0,4050) size 784x23
        RenderText {#text} at (0,2) size 144x19
          text run at (0,2) width 144: "\x{679C}\x{57CE}\x{7684}\x{7F8E}\x{8B7D}\x{3002}\x{4E2D}\x{56FD}\x{53E4}"
      RenderBlock {DIV} at (0,4073) size 784x20
        RenderText {#text} at (0,0) size 339x19
          text run at (0,0) width 339: "Font: STSongti-SC-Black Weight: 200 Style: normal"
      RenderBlock {DIV} at (0,4093) size 784x23
        RenderText {#text} at (0,2) size 144x19
          text run at (0,2) width 144: "\x{679C}\x{57CE}\x{7684}\x{7F8E}\x{8B7D}\x{3002}\x{4E2D}\x{56FD}\x{53E4}"
      RenderBlock {DIV} at (0,4116) size 784x20
        RenderText {#text} at (0,0) size 339x19
          text run at (0,0) width 339: "Font: STSongti-SC-Black Weight: 300 Style: normal"
      RenderBlock {DIV} at (0,4136) size 784x23
        RenderText {#text} at (0,2) size 144x19
          text run at (0,2) width 144: "\x{679C}\x{57CE}\x{7684}\x{7F8E}\x{8B7D}\x{3002}\x{4E2D}\x{56FD}\x{53E4}"
      RenderBlock {DIV} at (0,4159) size 784x20
        RenderText {#text} at (0,0) size 339x19
          text run at (0,0) width 339: "Font: STSongti-SC-Black Weight: 400 Style: normal"
      RenderBlock {DIV} at (0,4179) size 784x23
        RenderText {#text} at (0,2) size 144x19
          text run at (0,2) width 144: "\x{679C}\x{57CE}\x{7684}\x{7F8E}\x{8B7D}\x{3002}\x{4E2D}\x{56FD}\x{53E4}"
      RenderBlock {DIV} at (0,4202) size 784x20
        RenderText {#text} at (0,0) size 339x19
          text run at (0,0) width 339: "Font: STSongti-SC-Black Weight: 500 Style: normal"
      RenderBlock {DIV} at (0,4222) size 784x23
        RenderText {#text} at (0,2) size 144x19
          text run at (0,2) width 144: "\x{679C}\x{57CE}\x{7684}\x{7F8E}\x{8B7D}\x{3002}\x{4E2D}\x{56FD}\x{53E4}"
      RenderBlock {DIV} at (0,4245) size 784x20
        RenderText {#text} at (0,0) size 339x19
          text run at (0,0) width 339: "Font: STSongti-SC-Black Weight: 600 Style: normal"
      RenderBlock {DIV} at (0,4265) size 784x23
        RenderText {#text} at (0,2) size 144x19
          text run at (0,2) width 144: "\x{679C}\x{57CE}\x{7684}\x{7F8E}\x{8B7D}\x{3002}\x{4E2D}\x{56FD}\x{53E4}"
      RenderBlock {DIV} at (0,4288) size 784x20
        RenderText {#text} at (0,0) size 339x19
          text run at (0,0) width 339: "Font: STSongti-SC-Black Weight: 700 Style: normal"
      RenderBlock {DIV} at (0,4308) size 784x23
        RenderText {#text} at (0,2) size 144x19
          text run at (0,2) width 144: "\x{679C}\x{57CE}\x{7684}\x{7F8E}\x{8B7D}\x{3002}\x{4E2D}\x{56FD}\x{53E4}"
      RenderBlock {DIV} at (0,4331) size 784x20
        RenderText {#text} at (0,0) size 339x19
          text run at (0,0) width 339: "Font: STSongti-SC-Black Weight: 800 Style: normal"
      RenderBlock {DIV} at (0,4351) size 784x23
        RenderText {#text} at (0,2) size 144x19
          text run at (0,2) width 144: "\x{679C}\x{57CE}\x{7684}\x{7F8E}\x{8B7D}\x{3002}\x{4E2D}\x{56FD}\x{53E4}"
      RenderBlock {DIV} at (0,4374) size 784x20
        RenderText {#text} at (0,0) size 339x19
          text run at (0,0) width 339: "Font: STSongti-SC-Black Weight: 900 Style: normal"
      RenderBlock {DIV} at (0,4394) size 784x23
        RenderText {#text} at (0,2) size 144x19
          text run at (0,2) width 144: "\x{679C}\x{57CE}\x{7684}\x{7F8E}\x{8B7D}\x{3002}\x{4E2D}\x{56FD}\x{53E4}"
      RenderBlock {DIV} at (0,4417) size 784x20
        RenderText {#text} at (0,0) size 263x19
          text run at (0,0) width 263: "Font: Songti SC Weight: 100 Style: italic"
      RenderBlock {DIV} at (0,4437) size 784x23
        RenderText {#text} at (0,2) size 144x19
          text run at (0,2) width 144: "\x{679C}\x{57CE}\x{7684}\x{7F8E}\x{8B7D}\x{3002}\x{4E2D}\x{56FD}\x{53E4}"
      RenderBlock {DIV} at (0,4460) size 784x20
        RenderText {#text} at (0,0) size 263x19
          text run at (0,0) width 263: "Font: Songti SC Weight: 200 Style: italic"
      RenderBlock {DIV} at (0,4480) size 784x23
        RenderText {#text} at (0,2) size 144x19
          text run at (0,2) width 144: "\x{679C}\x{57CE}\x{7684}\x{7F8E}\x{8B7D}\x{3002}\x{4E2D}\x{56FD}\x{53E4}"
      RenderBlock {DIV} at (0,4503) size 784x20
        RenderText {#text} at (0,0) size 263x19
          text run at (0,0) width 263: "Font: Songti SC Weight: 300 Style: italic"
      RenderBlock {DIV} at (0,4523) size 784x23
        RenderText {#text} at (0,2) size 144x19
          text run at (0,2) width 144: "\x{679C}\x{57CE}\x{7684}\x{7F8E}\x{8B7D}\x{3002}\x{4E2D}\x{56FD}\x{53E4}"
      RenderBlock {DIV} at (0,4546) size 784x20
        RenderText {#text} at (0,0) size 263x19
          text run at (0,0) width 263: "Font: Songti SC Weight: 400 Style: italic"
      RenderBlock {DIV} at (0,4566) size 784x23
        RenderText {#text} at (0,2) size 144x19
          text run at (0,2) width 144: "\x{679C}\x{57CE}\x{7684}\x{7F8E}\x{8B7D}\x{3002}\x{4E2D}\x{56FD}\x{53E4}"
      RenderBlock {DIV} at (0,4589) size 784x20
        RenderText {#text} at (0,0) size 263x19
          text run at (0,0) width 263: "Font: Songti SC Weight: 500 Style: italic"
      RenderBlock {DIV} at (0,4609) size 784x23
        RenderText {#text} at (0,2) size 144x19
          text run at (0,2) width 144: "\x{679C}\x{57CE}\x{7684}\x{7F8E}\x{8B7D}\x{3002}\x{4E2D}\x{56FD}\x{53E4}"
      RenderBlock {DIV} at (0,4632) size 784x20
        RenderText {#text} at (0,0) size 263x19
          text run at (0,0) width 263: "Font: Songti SC Weight: 600 Style: italic"
      RenderBlock {DIV} at (0,4652) size 784x23
        RenderText {#text} at (0,2) size 144x19
          text run at (0,2) width 144: "\x{679C}\x{57CE}\x{7684}\x{7F8E}\x{8B7D}\x{3002}\x{4E2D}\x{56FD}\x{53E4}"
      RenderBlock {DIV} at (0,4675) size 784x20
        RenderText {#text} at (0,0) size 263x19
          text run at (0,0) width 263: "Font: Songti SC Weight: 700 Style: italic"
      RenderBlock {DIV} at (0,4695) size 784x23
        RenderText {#text} at (0,2) size 144x19
          text run at (0,2) width 144: "\x{679C}\x{57CE}\x{7684}\x{7F8E}\x{8B7D}\x{3002}\x{4E2D}\x{56FD}\x{53E4}"
      RenderBlock {DIV} at (0,4718) size 784x20
        RenderText {#text} at (0,0) size 263x19
          text run at (0,0) width 263: "Font: Songti SC Weight: 800 Style: italic"
      RenderBlock {DIV} at (0,4738) size 784x23
        RenderText {#text} at (0,2) size 144x19
          text run at (0,2) width 144: "\x{679C}\x{57CE}\x{7684}\x{7F8E}\x{8B7D}\x{3002}\x{4E2D}\x{56FD}\x{53E4}"
      RenderBlock {DIV} at (0,4761) size 784x20
        RenderText {#text} at (0,0) size 263x19
          text run at (0,0) width 263: "Font: Songti SC Weight: 900 Style: italic"
      RenderBlock {DIV} at (0,4781) size 784x23
        RenderText {#text} at (0,2) size 144x19
          text run at (0,2) width 144: "\x{679C}\x{57CE}\x{7684}\x{7F8E}\x{8B7D}\x{3002}\x{4E2D}\x{56FD}\x{53E4}"
      RenderBlock {DIV} at (0,4804) size 784x20
        RenderText {#text} at (0,0) size 339x19
          text run at (0,0) width 339: "Font: STSongti-SC-Regular Weight: 100 Style: italic"
      RenderBlock {DIV} at (0,4824) size 784x23
        RenderText {#text} at (0,2) size 144x19
          text run at (0,2) width 144: "\x{679C}\x{57CE}\x{7684}\x{7F8E}\x{8B7D}\x{3002}\x{4E2D}\x{56FD}\x{53E4}"
      RenderBlock {DIV} at (0,4847) size 784x20
        RenderText {#text} at (0,0) size 339x19
          text run at (0,0) width 339: "Font: STSongti-SC-Regular Weight: 200 Style: italic"
      RenderBlock {DIV} at (0,4867) size 784x23
        RenderText {#text} at (0,2) size 144x19
          text run at (0,2) width 144: "\x{679C}\x{57CE}\x{7684}\x{7F8E}\x{8B7D}\x{3002}\x{4E2D}\x{56FD}\x{53E4}"
      RenderBlock {DIV} at (0,4890) size 784x20
        RenderText {#text} at (0,0) size 339x19
          text run at (0,0) width 339: "Font: STSongti-SC-Regular Weight: 300 Style: italic"
      RenderBlock {DIV} at (0,4910) size 784x23
        RenderText {#text} at (0,2) size 144x19
          text run at (0,2) width 144: "\x{679C}\x{57CE}\x{7684}\x{7F8E}\x{8B7D}\x{3002}\x{4E2D}\x{56FD}\x{53E4}"
      RenderBlock {DIV} at (0,4933) size 784x20
        RenderText {#text} at (0,0) size 339x19
          text run at (0,0) width 339: "Font: STSongti-SC-Regular Weight: 400 Style: italic"
      RenderBlock {DIV} at (0,4953) size 784x23
        RenderText {#text} at (0,2) size 144x19
          text run at (0,2) width 144: "\x{679C}\x{57CE}\x{7684}\x{7F8E}\x{8B7D}\x{3002}\x{4E2D}\x{56FD}\x{53E4}"
      RenderBlock {DIV} at (0,4976) size 784x20
        RenderText {#text} at (0,0) size 339x19
          text run at (0,0) width 339: "Font: STSongti-SC-Regular Weight: 500 Style: italic"
      RenderBlock {DIV} at (0,4996) size 784x23
        RenderText {#text} at (0,2) size 144x19
          text run at (0,2) width 144: "\x{679C}\x{57CE}\x{7684}\x{7F8E}\x{8B7D}\x{3002}\x{4E2D}\x{56FD}\x{53E4}"
      RenderBlock {DIV} at (0,5019) size 784x20
        RenderText {#text} at (0,0) size 339x19
          text run at (0,0) width 339: "Font: STSongti-SC-Regular Weight: 600 Style: italic"
      RenderBlock {DIV} at (0,5039) size 784x23
        RenderText {#text} at (0,2) size 144x19
          text run at (0,2) width 144: "\x{679C}\x{57CE}\x{7684}\x{7F8E}\x{8B7D}\x{3002}\x{4E2D}\x{56FD}\x{53E4}"
      RenderBlock {DIV} at (0,5062) size 784x20
        RenderText {#text} at (0,0) size 339x19
          text run at (0,0) width 339: "Font: STSongti-SC-Regular Weight: 700 Style: italic"
      RenderBlock {DIV} at (0,5082) size 784x23
        RenderText {#text} at (0,2) size 144x19
          text run at (0,2) width 144: "\x{679C}\x{57CE}\x{7684}\x{7F8E}\x{8B7D}\x{3002}\x{4E2D}\x{56FD}\x{53E4}"
      RenderBlock {DIV} at (0,5105) size 784x20
        RenderText {#text} at (0,0) size 339x19
          text run at (0,0) width 339: "Font: STSongti-SC-Regular Weight: 800 Style: italic"
      RenderBlock {DIV} at (0,5125) size 784x23
        RenderText {#text} at (0,2) size 144x19
          text run at (0,2) width 144: "\x{679C}\x{57CE}\x{7684}\x{7F8E}\x{8B7D}\x{3002}\x{4E2D}\x{56FD}\x{53E4}"
      RenderBlock {DIV} at (0,5148) size 784x20
        RenderText {#text} at (0,0) size 339x19
          text run at (0,0) width 339: "Font: STSongti-SC-Regular Weight: 900 Style: italic"
      RenderBlock {DIV} at (0,5168) size 784x23
        RenderText {#text} at (0,2) size 144x19
          text run at (0,2) width 144: "\x{679C}\x{57CE}\x{7684}\x{7F8E}\x{8B7D}\x{3002}\x{4E2D}\x{56FD}\x{53E4}"
      RenderBlock {DIV} at (0,5191) size 784x20
        RenderText {#text} at (0,0) size 323x19
          text run at (0,0) width 323: "Font: STSongti-SC-Light Weight: 100 Style: italic"
      RenderBlock {DIV} at (0,5211) size 784x23
        RenderText {#text} at (0,2) size 144x19
          text run at (0,2) width 144: "\x{679C}\x{57CE}\x{7684}\x{7F8E}\x{8B7D}\x{3002}\x{4E2D}\x{56FD}\x{53E4}"
      RenderBlock {DIV} at (0,5234) size 784x20
        RenderText {#text} at (0,0) size 323x19
          text run at (0,0) width 323: "Font: STSongti-SC-Light Weight: 200 Style: italic"
      RenderBlock {DIV} at (0,5254) size 784x23
        RenderText {#text} at (0,2) size 144x19
          text run at (0,2) width 144: "\x{679C}\x{57CE}\x{7684}\x{7F8E}\x{8B7D}\x{3002}\x{4E2D}\x{56FD}\x{53E4}"
      RenderBlock {DIV} at (0,5277) size 784x20
        RenderText {#text} at (0,0) size 323x19
          text run at (0,0) width 323: "Font: STSongti-SC-Light Weight: 300 Style: italic"
      RenderBlock {DIV} at (0,5297) size 784x23
        RenderText {#text} at (0,2) size 144x19
          text run at (0,2) width 144: "\x{679C}\x{57CE}\x{7684}\x{7F8E}\x{8B7D}\x{3002}\x{4E2D}\x{56FD}\x{53E4}"
      RenderBlock {DIV} at (0,5320) size 784x20
        RenderText {#text} at (0,0) size 323x19
          text run at (0,0) width 323: "Font: STSongti-SC-Light Weight: 400 Style: italic"
      RenderBlock {DIV} at (0,5340) size 784x23
        RenderText {#text} at (0,2) size 144x19
          text run at (0,2) width 144: "\x{679C}\x{57CE}\x{7684}\x{7F8E}\x{8B7D}\x{3002}\x{4E2D}\x{56FD}\x{53E4}"
      RenderBlock {DIV} at (0,5363) size 784x20
        RenderText {#text} at (0,0) size 323x19
          text run at (0,0) width 323: "Font: STSongti-SC-Light Weight: 500 Style: italic"
      RenderBlock {DIV} at (0,5383) size 784x23
        RenderText {#text} at (0,2) size 144x19
          text run at (0,2) width 144: "\x{679C}\x{57CE}\x{7684}\x{7F8E}\x{8B7D}\x{3002}\x{4E2D}\x{56FD}\x{53E4}"
      RenderBlock {DIV} at (0,5406) size 784x20
        RenderText {#text} at (0,0) size 323x19
          text run at (0,0) width 323: "Font: STSongti-SC-Light Weight: 600 Style: italic"
      RenderBlock {DIV} at (0,5426) size 784x23
        RenderText {#text} at (0,2) size 144x19
          text run at (0,2) width 144: "\x{679C}\x{57CE}\x{7684}\x{7F8E}\x{8B7D}\x{3002}\x{4E2D}\x{56FD}\x{53E4}"
      RenderBlock {DIV} at (0,5449) size 784x20
        RenderText {#text} at (0,0) size 323x19
          text run at (0,0) width 323: "Font: STSongti-SC-Light Weight: 700 Style: italic"
      RenderBlock {DIV} at (0,5469) size 784x23
        RenderText {#text} at (0,2) size 144x19
          text run at (0,2) width 144: "\x{679C}\x{57CE}\x{7684}\x{7F8E}\x{8B7D}\x{3002}\x{4E2D}\x{56FD}\x{53E4}"
      RenderBlock {DIV} at (0,5492) size 784x20
        RenderText {#text} at (0,0) size 323x19
          text run at (0,0) width 323: "Font: STSongti-SC-Light Weight: 800 Style: italic"
      RenderBlock {DIV} at (0,5512) size 784x23
        RenderText {#text} at (0,2) size 144x19
          text run at (0,2) width 144: "\x{679C}\x{57CE}\x{7684}\x{7F8E}\x{8B7D}\x{3002}\x{4E2D}\x{56FD}\x{53E4}"
      RenderBlock {DIV} at (0,5535) size 784x20
        RenderText {#text} at (0,0) size 323x19
          text run at (0,0) width 323: "Font: STSongti-SC-Light Weight: 900 Style: italic"
      RenderBlock {DIV} at (0,5555) size 784x23
        RenderText {#text} at (0,2) size 144x19
          text run at (0,2) width 144: "\x{679C}\x{57CE}\x{7684}\x{7F8E}\x{8B7D}\x{3002}\x{4E2D}\x{56FD}\x{53E4}"
      RenderBlock {DIV} at (0,5578) size 784x20
        RenderText {#text} at (0,0) size 320x19
          text run at (0,0) width 320: "Font: STSongti-SC-Bold Weight: 100 Style: italic"
      RenderBlock {DIV} at (0,5598) size 784x23
        RenderText {#text} at (0,2) size 144x19
          text run at (0,2) width 144: "\x{679C}\x{57CE}\x{7684}\x{7F8E}\x{8B7D}\x{3002}\x{4E2D}\x{56FD}\x{53E4}"
      RenderBlock {DIV} at (0,5621) size 784x20
        RenderText {#text} at (0,0) size 320x19
          text run at (0,0) width 320: "Font: STSongti-SC-Bold Weight: 200 Style: italic"
      RenderBlock {DIV} at (0,5641) size 784x23
        RenderText {#text} at (0,2) size 144x19
          text run at (0,2) width 144: "\x{679C}\x{57CE}\x{7684}\x{7F8E}\x{8B7D}\x{3002}\x{4E2D}\x{56FD}\x{53E4}"
      RenderBlock {DIV} at (0,5664) size 784x20
        RenderText {#text} at (0,0) size 320x19
          text run at (0,0) width 320: "Font: STSongti-SC-Bold Weight: 300 Style: italic"
      RenderBlock {DIV} at (0,5684) size 784x23
        RenderText {#text} at (0,2) size 144x19
          text run at (0,2) width 144: "\x{679C}\x{57CE}\x{7684}\x{7F8E}\x{8B7D}\x{3002}\x{4E2D}\x{56FD}\x{53E4}"
      RenderBlock {DIV} at (0,5707) size 784x20
        RenderText {#text} at (0,0) size 320x19
          text run at (0,0) width 320: "Font: STSongti-SC-Bold Weight: 400 Style: italic"
      RenderBlock {DIV} at (0,5727) size 784x23
        RenderText {#text} at (0,2) size 144x19
          text run at (0,2) width 144: "\x{679C}\x{57CE}\x{7684}\x{7F8E}\x{8B7D}\x{3002}\x{4E2D}\x{56FD}\x{53E4}"
      RenderBlock {DIV} at (0,5750) size 784x20
        RenderText {#text} at (0,0) size 320x19
          text run at (0,0) width 320: "Font: STSongti-SC-Bold Weight: 500 Style: italic"
      RenderBlock {DIV} at (0,5770) size 784x23
        RenderText {#text} at (0,2) size 144x19
          text run at (0,2) width 144: "\x{679C}\x{57CE}\x{7684}\x{7F8E}\x{8B7D}\x{3002}\x{4E2D}\x{56FD}\x{53E4}"
      RenderBlock {DIV} at (0,5793) size 784x20
        RenderText {#text} at (0,0) size 320x19
          text run at (0,0) width 320: "Font: STSongti-SC-Bold Weight: 600 Style: italic"
      RenderBlock {DIV} at (0,5813) size 784x23
        RenderText {#text} at (0,2) size 144x19
          text run at (0,2) width 144: "\x{679C}\x{57CE}\x{7684}\x{7F8E}\x{8B7D}\x{3002}\x{4E2D}\x{56FD}\x{53E4}"
      RenderBlock {DIV} at (0,5836) size 784x20
        RenderText {#text} at (0,0) size 320x19
          text run at (0,0) width 320: "Font: STSongti-SC-Bold Weight: 700 Style: italic"
      RenderBlock {DIV} at (0,5856) size 784x23
        RenderText {#text} at (0,2) size 144x19
          text run at (0,2) width 144: "\x{679C}\x{57CE}\x{7684}\x{7F8E}\x{8B7D}\x{3002}\x{4E2D}\x{56FD}\x{53E4}"
      RenderBlock {DIV} at (0,5879) size 784x20
        RenderText {#text} at (0,0) size 320x19
          text run at (0,0) width 320: "Font: STSongti-SC-Bold Weight: 800 Style: italic"
      RenderBlock {DIV} at (0,5899) size 784x23
        RenderText {#text} at (0,2) size 144x19
          text run at (0,2) width 144: "\x{679C}\x{57CE}\x{7684}\x{7F8E}\x{8B7D}\x{3002}\x{4E2D}\x{56FD}\x{53E4}"
      RenderBlock {DIV} at (0,5922) size 784x20
        RenderText {#text} at (0,0) size 320x19
          text run at (0,0) width 320: "Font: STSongti-SC-Bold Weight: 900 Style: italic"
      RenderBlock {DIV} at (0,5942) size 784x23
        RenderText {#text} at (0,2) size 144x19
          text run at (0,2) width 144: "\x{679C}\x{57CE}\x{7684}\x{7F8E}\x{8B7D}\x{3002}\x{4E2D}\x{56FD}\x{53E4}"
      RenderBlock {DIV} at (0,5965) size 784x20
        RenderText {#text} at (0,0) size 326x19
          text run at (0,0) width 326: "Font: STSongti-SC-Black Weight: 100 Style: italic"
      RenderBlock {DIV} at (0,5985) size 784x23
        RenderText {#text} at (0,2) size 144x19
          text run at (0,2) width 144: "\x{679C}\x{57CE}\x{7684}\x{7F8E}\x{8B7D}\x{3002}\x{4E2D}\x{56FD}\x{53E4}"
      RenderBlock {DIV} at (0,6008) size 784x20
        RenderText {#text} at (0,0) size 326x19
          text run at (0,0) width 326: "Font: STSongti-SC-Black Weight: 200 Style: italic"
      RenderBlock {DIV} at (0,6028) size 784x23
        RenderText {#text} at (0,2) size 144x19
          text run at (0,2) width 144: "\x{679C}\x{57CE}\x{7684}\x{7F8E}\x{8B7D}\x{3002}\x{4E2D}\x{56FD}\x{53E4}"
      RenderBlock {DIV} at (0,6051) size 784x20
        RenderText {#text} at (0,0) size 326x19
          text run at (0,0) width 326: "Font: STSongti-SC-Black Weight: 300 Style: italic"
      RenderBlock {DIV} at (0,6071) size 784x23
        RenderText {#text} at (0,2) size 144x19
          text run at (0,2) width 144: "\x{679C}\x{57CE}\x{7684}\x{7F8E}\x{8B7D}\x{3002}\x{4E2D}\x{56FD}\x{53E4}"
      RenderBlock {DIV} at (0,6094) size 784x20
        RenderText {#text} at (0,0) size 326x19
          text run at (0,0) width 326: "Font: STSongti-SC-Black Weight: 400 Style: italic"
      RenderBlock {DIV} at (0,6114) size 784x23
        RenderText {#text} at (0,2) size 144x19
          text run at (0,2) width 144: "\x{679C}\x{57CE}\x{7684}\x{7F8E}\x{8B7D}\x{3002}\x{4E2D}\x{56FD}\x{53E4}"
      RenderBlock {DIV} at (0,6137) size 784x20
        RenderText {#text} at (0,0) size 326x19
          text run at (0,0) width 326: "Font: STSongti-SC-Black Weight: 500 Style: italic"
      RenderBlock {DIV} at (0,6157) size 784x23
        RenderText {#text} at (0,2) size 144x19
          text run at (0,2) width 144: "\x{679C}\x{57CE}\x{7684}\x{7F8E}\x{8B7D}\x{3002}\x{4E2D}\x{56FD}\x{53E4}"
      RenderBlock {DIV} at (0,6180) size 784x20
        RenderText {#text} at (0,0) size 326x19
          text run at (0,0) width 326: "Font: STSongti-SC-Black Weight: 600 Style: italic"
      RenderBlock {DIV} at (0,6200) size 784x23
        RenderText {#text} at (0,2) size 144x19
          text run at (0,2) width 144: "\x{679C}\x{57CE}\x{7684}\x{7F8E}\x{8B7D}\x{3002}\x{4E2D}\x{56FD}\x{53E4}"
      RenderBlock {DIV} at (0,6223) size 784x20
        RenderText {#text} at (0,0) size 326x19
          text run at (0,0) width 326: "Font: STSongti-SC-Black Weight: 700 Style: italic"
      RenderBlock {DIV} at (0,6243) size 784x23
        RenderText {#text} at (0,2) size 144x19
          text run at (0,2) width 144: "\x{679C}\x{57CE}\x{7684}\x{7F8E}\x{8B7D}\x{3002}\x{4E2D}\x{56FD}\x{53E4}"
      RenderBlock {DIV} at (0,6266) size 784x20
        RenderText {#text} at (0,0) size 326x19
          text run at (0,0) width 326: "Font: STSongti-SC-Black Weight: 800 Style: italic"
      RenderBlock {DIV} at (0,6286) size 784x23
        RenderText {#text} at (0,2) size 144x19
          text run at (0,2) width 144: "\x{679C}\x{57CE}\x{7684}\x{7F8E}\x{8B7D}\x{3002}\x{4E2D}\x{56FD}\x{53E4}"
      RenderBlock {DIV} at (0,6309) size 784x20
        RenderText {#text} at (0,0) size 326x19
          text run at (0,0) width 326: "Font: STSongti-SC-Black Weight: 900 Style: italic"
      RenderBlock {DIV} at (0,6329) size 784x23
        RenderText {#text} at (0,2) size 144x19
          text run at (0,2) width 144: "\x{679C}\x{57CE}\x{7684}\x{7F8E}\x{8B7D}\x{3002}\x{4E2D}\x{56FD}\x{53E4}"
      RenderBlock {DIV} at (0,6352) size 784x20
        RenderText {#text} at (0,0) size 392x19
          text run at (0,0) width 392: "Font: Hiragino Kaku Gothic ProN Weight: 100 Style: normal"
      RenderBlock {DIV} at (0,6372) size 784x25
        RenderText {#text} at (0,4) size 144x17
          text run at (0,4) width 144: "\x{679C}\x{57CE}\x{7684}\x{7F8E}\x{8B7D}\x{3002}\x{4E2D}\x{56FD}\x{53E4}"
      RenderBlock {DIV} at (0,6397) size 784x20
        RenderText {#text} at (0,0) size 392x19
          text run at (0,0) width 392: "Font: Hiragino Kaku Gothic ProN Weight: 200 Style: normal"
      RenderBlock {DIV} at (0,6417) size 784x25
        RenderText {#text} at (0,4) size 144x17
          text run at (0,4) width 144: "\x{679C}\x{57CE}\x{7684}\x{7F8E}\x{8B7D}\x{3002}\x{4E2D}\x{56FD}\x{53E4}"
      RenderBlock {DIV} at (0,6442) size 784x20
        RenderText {#text} at (0,0) size 392x19
          text run at (0,0) width 392: "Font: Hiragino Kaku Gothic ProN Weight: 300 Style: normal"
      RenderBlock {DIV} at (0,6462) size 784x25
        RenderText {#text} at (0,4) size 144x17
          text run at (0,4) width 144: "\x{679C}\x{57CE}\x{7684}\x{7F8E}\x{8B7D}\x{3002}\x{4E2D}\x{56FD}\x{53E4}"
      RenderBlock {DIV} at (0,6487) size 784x20
        RenderText {#text} at (0,0) size 392x19
          text run at (0,0) width 392: "Font: Hiragino Kaku Gothic ProN Weight: 400 Style: normal"
      RenderBlock {DIV} at (0,6507) size 784x25
        RenderText {#text} at (0,4) size 144x17
          text run at (0,4) width 144: "\x{679C}\x{57CE}\x{7684}\x{7F8E}\x{8B7D}\x{3002}\x{4E2D}\x{56FD}\x{53E4}"
      RenderBlock {DIV} at (0,6532) size 784x20
        RenderText {#text} at (0,0) size 392x19
          text run at (0,0) width 392: "Font: Hiragino Kaku Gothic ProN Weight: 500 Style: normal"
      RenderBlock {DIV} at (0,6552) size 784x25
        RenderText {#text} at (0,4) size 144x17
          text run at (0,4) width 144: "\x{679C}\x{57CE}\x{7684}\x{7F8E}\x{8B7D}\x{3002}\x{4E2D}\x{56FD}\x{53E4}"
      RenderBlock {DIV} at (0,6577) size 784x20
        RenderText {#text} at (0,0) size 392x19
          text run at (0,0) width 392: "Font: Hiragino Kaku Gothic ProN Weight: 600 Style: normal"
      RenderBlock {DIV} at (0,6597) size 784x25
        RenderText {#text} at (0,4) size 144x17
          text run at (0,4) width 144: "\x{679C}\x{57CE}\x{7684}\x{7F8E}\x{8B7D}\x{3002}\x{4E2D}\x{56FD}\x{53E4}"
      RenderBlock {DIV} at (0,6622) size 784x20
        RenderText {#text} at (0,0) size 392x19
          text run at (0,0) width 392: "Font: Hiragino Kaku Gothic ProN Weight: 700 Style: normal"
      RenderBlock {DIV} at (0,6642) size 784x25
        RenderText {#text} at (0,4) size 144x17
          text run at (0,4) width 144: "\x{679C}\x{57CE}\x{7684}\x{7F8E}\x{8B7D}\x{3002}\x{4E2D}\x{56FD}\x{53E4}"
      RenderBlock {DIV} at (0,6667) size 784x20
        RenderText {#text} at (0,0) size 392x19
          text run at (0,0) width 392: "Font: Hiragino Kaku Gothic ProN Weight: 800 Style: normal"
      RenderBlock {DIV} at (0,6687) size 784x25
        RenderText {#text} at (0,4) size 144x17
          text run at (0,4) width 144: "\x{679C}\x{57CE}\x{7684}\x{7F8E}\x{8B7D}\x{3002}\x{4E2D}\x{56FD}\x{53E4}"
      RenderBlock {DIV} at (0,6712) size 784x20
        RenderText {#text} at (0,0) size 392x19
          text run at (0,0) width 392: "Font: Hiragino Kaku Gothic ProN Weight: 900 Style: normal"
      RenderBlock {DIV} at (0,6732) size 784x25
        RenderText {#text} at (0,4) size 144x17
          text run at (0,4) width 144: "\x{679C}\x{57CE}\x{7684}\x{7F8E}\x{8B7D}\x{3002}\x{4E2D}\x{56FD}\x{53E4}"
      RenderBlock {DIV} at (0,6757) size 784x20
        RenderText {#text} at (0,0) size 336x19
          text run at (0,0) width 336: "Font: HiraKakuProN-W3 Weight: 100 Style: normal"
      RenderBlock {DIV} at (0,6777) size 784x25
        RenderText {#text} at (0,4) size 144x17
          text run at (0,4) width 144: "\x{679C}\x{57CE}\x{7684}\x{7F8E}\x{8B7D}\x{3002}\x{4E2D}\x{56FD}\x{53E4}"
      RenderBlock {DIV} at (0,6802) size 784x20
        RenderText {#text} at (0,0) size 336x19
          text run at (0,0) width 336: "Font: HiraKakuProN-W3 Weight: 200 Style: normal"
      RenderBlock {DIV} at (0,6822) size 784x25
        RenderText {#text} at (0,4) size 144x17
          text run at (0,4) width 144: "\x{679C}\x{57CE}\x{7684}\x{7F8E}\x{8B7D}\x{3002}\x{4E2D}\x{56FD}\x{53E4}"
      RenderBlock {DIV} at (0,6847) size 784x20
        RenderText {#text} at (0,0) size 336x19
          text run at (0,0) width 336: "Font: HiraKakuProN-W3 Weight: 300 Style: normal"
      RenderBlock {DIV} at (0,6867) size 784x25
        RenderText {#text} at (0,4) size 144x17
          text run at (0,4) width 144: "\x{679C}\x{57CE}\x{7684}\x{7F8E}\x{8B7D}\x{3002}\x{4E2D}\x{56FD}\x{53E4}"
      RenderBlock {DIV} at (0,6892) size 784x20
        RenderText {#text} at (0,0) size 336x19
          text run at (0,0) width 336: "Font: HiraKakuProN-W3 Weight: 400 Style: normal"
      RenderBlock {DIV} at (0,6912) size 784x25
        RenderText {#text} at (0,4) size 144x17
          text run at (0,4) width 144: "\x{679C}\x{57CE}\x{7684}\x{7F8E}\x{8B7D}\x{3002}\x{4E2D}\x{56FD}\x{53E4}"
      RenderBlock {DIV} at (0,6937) size 784x20
        RenderText {#text} at (0,0) size 336x19
          text run at (0,0) width 336: "Font: HiraKakuProN-W3 Weight: 500 Style: normal"
      RenderBlock {DIV} at (0,6957) size 784x25
        RenderText {#text} at (0,4) size 144x17
          text run at (0,4) width 144: "\x{679C}\x{57CE}\x{7684}\x{7F8E}\x{8B7D}\x{3002}\x{4E2D}\x{56FD}\x{53E4}"
      RenderBlock {DIV} at (0,6982) size 784x20
        RenderText {#text} at (0,0) size 336x19
          text run at (0,0) width 336: "Font: HiraKakuProN-W3 Weight: 600 Style: normal"
      RenderBlock {DIV} at (0,7002) size 784x25
        RenderText {#text} at (0,4) size 144x17
          text run at (0,4) width 144: "\x{679C}\x{57CE}\x{7684}\x{7F8E}\x{8B7D}\x{3002}\x{4E2D}\x{56FD}\x{53E4}"
      RenderBlock {DIV} at (0,7027) size 784x20
        RenderText {#text} at (0,0) size 336x19
          text run at (0,0) width 336: "Font: HiraKakuProN-W3 Weight: 700 Style: normal"
      RenderBlock {DIV} at (0,7047) size 784x25
        RenderText {#text} at (0,4) size 144x17
          text run at (0,4) width 144: "\x{679C}\x{57CE}\x{7684}\x{7F8E}\x{8B7D}\x{3002}\x{4E2D}\x{56FD}\x{53E4}"
      RenderBlock {DIV} at (0,7072) size 784x20
        RenderText {#text} at (0,0) size 336x19
          text run at (0,0) width 336: "Font: HiraKakuProN-W3 Weight: 800 Style: normal"
      RenderBlock {DIV} at (0,7092) size 784x25
        RenderText {#text} at (0,4) size 144x17
          text run at (0,4) width 144: "\x{679C}\x{57CE}\x{7684}\x{7F8E}\x{8B7D}\x{3002}\x{4E2D}\x{56FD}\x{53E4}"
      RenderBlock {DIV} at (0,7117) size 784x20
        RenderText {#text} at (0,0) size 336x19
          text run at (0,0) width 336: "Font: HiraKakuProN-W3 Weight: 900 Style: normal"
      RenderBlock {DIV} at (0,7137) size 784x25
        RenderText {#text} at (0,4) size 144x17
          text run at (0,4) width 144: "\x{679C}\x{57CE}\x{7684}\x{7F8E}\x{8B7D}\x{3002}\x{4E2D}\x{56FD}\x{53E4}"
      RenderBlock {DIV} at (0,7162) size 784x20
        RenderText {#text} at (0,0) size 336x19
          text run at (0,0) width 336: "Font: HiraKakuProN-W6 Weight: 100 Style: normal"
      RenderBlock {DIV} at (0,7182) size 784x25
        RenderText {#text} at (0,4) size 144x17
          text run at (0,4) width 144: "\x{679C}\x{57CE}\x{7684}\x{7F8E}\x{8B7D}\x{3002}\x{4E2D}\x{56FD}\x{53E4}"
      RenderBlock {DIV} at (0,7207) size 784x20
        RenderText {#text} at (0,0) size 336x19
          text run at (0,0) width 336: "Font: HiraKakuProN-W6 Weight: 200 Style: normal"
      RenderBlock {DIV} at (0,7227) size 784x25
        RenderText {#text} at (0,4) size 144x17
          text run at (0,4) width 144: "\x{679C}\x{57CE}\x{7684}\x{7F8E}\x{8B7D}\x{3002}\x{4E2D}\x{56FD}\x{53E4}"
      RenderBlock {DIV} at (0,7252) size 784x20
        RenderText {#text} at (0,0) size 336x19
          text run at (0,0) width 336: "Font: HiraKakuProN-W6 Weight: 300 Style: normal"
      RenderBlock {DIV} at (0,7272) size 784x25
        RenderText {#text} at (0,4) size 144x17
          text run at (0,4) width 144: "\x{679C}\x{57CE}\x{7684}\x{7F8E}\x{8B7D}\x{3002}\x{4E2D}\x{56FD}\x{53E4}"
      RenderBlock {DIV} at (0,7297) size 784x20
        RenderText {#text} at (0,0) size 336x19
          text run at (0,0) width 336: "Font: HiraKakuProN-W6 Weight: 400 Style: normal"
      RenderBlock {DIV} at (0,7317) size 784x25
        RenderText {#text} at (0,4) size 144x17
          text run at (0,4) width 144: "\x{679C}\x{57CE}\x{7684}\x{7F8E}\x{8B7D}\x{3002}\x{4E2D}\x{56FD}\x{53E4}"
      RenderBlock {DIV} at (0,7342) size 784x20
        RenderText {#text} at (0,0) size 336x19
          text run at (0,0) width 336: "Font: HiraKakuProN-W6 Weight: 500 Style: normal"
      RenderBlock {DIV} at (0,7362) size 784x25
        RenderText {#text} at (0,4) size 144x17
          text run at (0,4) width 144: "\x{679C}\x{57CE}\x{7684}\x{7F8E}\x{8B7D}\x{3002}\x{4E2D}\x{56FD}\x{53E4}"
      RenderBlock {DIV} at (0,7387) size 784x20
        RenderText {#text} at (0,0) size 336x19
          text run at (0,0) width 336: "Font: HiraKakuProN-W6 Weight: 600 Style: normal"
      RenderBlock {DIV} at (0,7407) size 784x25
        RenderText {#text} at (0,4) size 144x17
          text run at (0,4) width 144: "\x{679C}\x{57CE}\x{7684}\x{7F8E}\x{8B7D}\x{3002}\x{4E2D}\x{56FD}\x{53E4}"
      RenderBlock {DIV} at (0,7432) size 784x20
        RenderText {#text} at (0,0) size 336x19
          text run at (0,0) width 336: "Font: HiraKakuProN-W6 Weight: 700 Style: normal"
      RenderBlock {DIV} at (0,7452) size 784x25
        RenderText {#text} at (0,4) size 144x17
          text run at (0,4) width 144: "\x{679C}\x{57CE}\x{7684}\x{7F8E}\x{8B7D}\x{3002}\x{4E2D}\x{56FD}\x{53E4}"
      RenderBlock {DIV} at (0,7477) size 784x20
        RenderText {#text} at (0,0) size 336x19
          text run at (0,0) width 336: "Font: HiraKakuProN-W6 Weight: 800 Style: normal"
      RenderBlock {DIV} at (0,7497) size 784x25
        RenderText {#text} at (0,4) size 144x17
          text run at (0,4) width 144: "\x{679C}\x{57CE}\x{7684}\x{7F8E}\x{8B7D}\x{3002}\x{4E2D}\x{56FD}\x{53E4}"
      RenderBlock {DIV} at (0,7522) size 784x20
        RenderText {#text} at (0,0) size 336x19
          text run at (0,0) width 336: "Font: HiraKakuProN-W6 Weight: 900 Style: normal"
      RenderBlock {DIV} at (0,7542) size 784x25
        RenderText {#text} at (0,4) size 144x17
          text run at (0,4) width 144: "\x{679C}\x{57CE}\x{7684}\x{7F8E}\x{8B7D}\x{3002}\x{4E2D}\x{56FD}\x{53E4}"
      RenderBlock {DIV} at (0,7567) size 784x20
        RenderText {#text} at (0,0) size 379x19
          text run at (0,0) width 379: "Font: Hiragino Kaku Gothic ProN Weight: 100 Style: italic"
      RenderBlock {DIV} at (0,7587) size 784x25
        RenderText {#text} at (0,4) size 144x17
          text run at (0,4) width 144: "\x{679C}\x{57CE}\x{7684}\x{7F8E}\x{8B7D}\x{3002}\x{4E2D}\x{56FD}\x{53E4}"
      RenderBlock {DIV} at (0,7612) size 784x20
        RenderText {#text} at (0,0) size 379x19
          text run at (0,0) width 379: "Font: Hiragino Kaku Gothic ProN Weight: 200 Style: italic"
      RenderBlock {DIV} at (0,7632) size 784x25
        RenderText {#text} at (0,4) size 144x17
          text run at (0,4) width 144: "\x{679C}\x{57CE}\x{7684}\x{7F8E}\x{8B7D}\x{3002}\x{4E2D}\x{56FD}\x{53E4}"
      RenderBlock {DIV} at (0,7657) size 784x20
        RenderText {#text} at (0,0) size 379x19
          text run at (0,0) width 379: "Font: Hiragino Kaku Gothic ProN Weight: 300 Style: italic"
      RenderBlock {DIV} at (0,7677) size 784x25
        RenderText {#text} at (0,4) size 144x17
          text run at (0,4) width 144: "\x{679C}\x{57CE}\x{7684}\x{7F8E}\x{8B7D}\x{3002}\x{4E2D}\x{56FD}\x{53E4}"
      RenderBlock {DIV} at (0,7702) size 784x20
        RenderText {#text} at (0,0) size 379x19
          text run at (0,0) width 379: "Font: Hiragino Kaku Gothic ProN Weight: 400 Style: italic"
      RenderBlock {DIV} at (0,7722) size 784x25
        RenderText {#text} at (0,4) size 144x17
          text run at (0,4) width 144: "\x{679C}\x{57CE}\x{7684}\x{7F8E}\x{8B7D}\x{3002}\x{4E2D}\x{56FD}\x{53E4}"
      RenderBlock {DIV} at (0,7747) size 784x20
        RenderText {#text} at (0,0) size 379x19
          text run at (0,0) width 379: "Font: Hiragino Kaku Gothic ProN Weight: 500 Style: italic"
      RenderBlock {DIV} at (0,7767) size 784x25
        RenderText {#text} at (0,4) size 144x17
          text run at (0,4) width 144: "\x{679C}\x{57CE}\x{7684}\x{7F8E}\x{8B7D}\x{3002}\x{4E2D}\x{56FD}\x{53E4}"
      RenderBlock {DIV} at (0,7792) size 784x20
        RenderText {#text} at (0,0) size 379x19
          text run at (0,0) width 379: "Font: Hiragino Kaku Gothic ProN Weight: 600 Style: italic"
      RenderBlock {DIV} at (0,7812) size 784x25
        RenderText {#text} at (0,4) size 144x17
          text run at (0,4) width 144: "\x{679C}\x{57CE}\x{7684}\x{7F8E}\x{8B7D}\x{3002}\x{4E2D}\x{56FD}\x{53E4}"
      RenderBlock {DIV} at (0,7837) size 784x20
        RenderText {#text} at (0,0) size 379x19
          text run at (0,0) width 379: "Font: Hiragino Kaku Gothic ProN Weight: 700 Style: italic"
      RenderBlock {DIV} at (0,7857) size 784x25
        RenderText {#text} at (0,4) size 144x17
          text run at (0,4) width 144: "\x{679C}\x{57CE}\x{7684}\x{7F8E}\x{8B7D}\x{3002}\x{4E2D}\x{56FD}\x{53E4}"
      RenderBlock {DIV} at (0,7882) size 784x20
        RenderText {#text} at (0,0) size 379x19
          text run at (0,0) width 379: "Font: Hiragino Kaku Gothic ProN Weight: 800 Style: italic"
      RenderBlock {DIV} at (0,7902) size 784x25
        RenderText {#text} at (0,4) size 144x17
          text run at (0,4) width 144: "\x{679C}\x{57CE}\x{7684}\x{7F8E}\x{8B7D}\x{3002}\x{4E2D}\x{56FD}\x{53E4}"
      RenderBlock {DIV} at (0,7927) size 784x20
        RenderText {#text} at (0,0) size 379x19
          text run at (0,0) width 379: "Font: Hiragino Kaku Gothic ProN Weight: 900 Style: italic"
      RenderBlock {DIV} at (0,7947) size 784x25
        RenderText {#text} at (0,4) size 144x17
          text run at (0,4) width 144: "\x{679C}\x{57CE}\x{7684}\x{7F8E}\x{8B7D}\x{3002}\x{4E2D}\x{56FD}\x{53E4}"
      RenderBlock {DIV} at (0,7972) size 784x20
        RenderText {#text} at (0,0) size 323x19
          text run at (0,0) width 323: "Font: HiraKakuProN-W3 Weight: 100 Style: italic"
      RenderBlock {DIV} at (0,7992) size 784x25
        RenderText {#text} at (0,4) size 144x17
          text run at (0,4) width 144: "\x{679C}\x{57CE}\x{7684}\x{7F8E}\x{8B7D}\x{3002}\x{4E2D}\x{56FD}\x{53E4}"
      RenderBlock {DIV} at (0,8017) size 784x20
        RenderText {#text} at (0,0) size 323x19
          text run at (0,0) width 323: "Font: HiraKakuProN-W3 Weight: 200 Style: italic"
      RenderBlock {DIV} at (0,8037) size 784x25
        RenderText {#text} at (0,4) size 144x17
          text run at (0,4) width 144: "\x{679C}\x{57CE}\x{7684}\x{7F8E}\x{8B7D}\x{3002}\x{4E2D}\x{56FD}\x{53E4}"
      RenderBlock {DIV} at (0,8062) size 784x20
        RenderText {#text} at (0,0) size 323x19
          text run at (0,0) width 323: "Font: HiraKakuProN-W3 Weight: 300 Style: italic"
      RenderBlock {DIV} at (0,8082) size 784x25
        RenderText {#text} at (0,4) size 144x17
          text run at (0,4) width 144: "\x{679C}\x{57CE}\x{7684}\x{7F8E}\x{8B7D}\x{3002}\x{4E2D}\x{56FD}\x{53E4}"
      RenderBlock {DIV} at (0,8107) size 784x20
        RenderText {#text} at (0,0) size 323x19
          text run at (0,0) width 323: "Font: HiraKakuProN-W3 Weight: 400 Style: italic"
      RenderBlock {DIV} at (0,8127) size 784x25
        RenderText {#text} at (0,4) size 144x17
          text run at (0,4) width 144: "\x{679C}\x{57CE}\x{7684}\x{7F8E}\x{8B7D}\x{3002}\x{4E2D}\x{56FD}\x{53E4}"
      RenderBlock {DIV} at (0,8152) size 784x20
        RenderText {#text} at (0,0) size 323x19
          text run at (0,0) width 323: "Font: HiraKakuProN-W3 Weight: 500 Style: italic"
      RenderBlock {DIV} at (0,8172) size 784x25
        RenderText {#text} at (0,4) size 144x17
          text run at (0,4) width 144: "\x{679C}\x{57CE}\x{7684}\x{7F8E}\x{8B7D}\x{3002}\x{4E2D}\x{56FD}\x{53E4}"
      RenderBlock {DIV} at (0,8197) size 784x20
        RenderText {#text} at (0,0) size 323x19
          text run at (0,0) width 323: "Font: HiraKakuProN-W3 Weight: 600 Style: italic"
      RenderBlock {DIV} at (0,8217) size 784x25
        RenderText {#text} at (0,4) size 144x17
          text run at (0,4) width 144: "\x{679C}\x{57CE}\x{7684}\x{7F8E}\x{8B7D}\x{3002}\x{4E2D}\x{56FD}\x{53E4}"
      RenderBlock {DIV} at (0,8242) size 784x20
        RenderText {#text} at (0,0) size 323x19
          text run at (0,0) width 323: "Font: HiraKakuProN-W3 Weight: 700 Style: italic"
      RenderBlock {DIV} at (0,8262) size 784x25
        RenderText {#text} at (0,4) size 144x17
          text run at (0,4) width 144: "\x{679C}\x{57CE}\x{7684}\x{7F8E}\x{8B7D}\x{3002}\x{4E2D}\x{56FD}\x{53E4}"
      RenderBlock {DIV} at (0,8287) size 784x20
        RenderText {#text} at (0,0) size 323x19
          text run at (0,0) width 323: "Font: HiraKakuProN-W3 Weight: 800 Style: italic"
      RenderBlock {DIV} at (0,8307) size 784x25
        RenderText {#text} at (0,4) size 144x17
          text run at (0,4) width 144: "\x{679C}\x{57CE}\x{7684}\x{7F8E}\x{8B7D}\x{3002}\x{4E2D}\x{56FD}\x{53E4}"
      RenderBlock {DIV} at (0,8332) size 784x20
        RenderText {#text} at (0,0) size 323x19
          text run at (0,0) width 323: "Font: HiraKakuProN-W3 Weight: 900 Style: italic"
      RenderBlock {DIV} at (0,8352) size 784x25
        RenderText {#text} at (0,4) size 144x17
          text run at (0,4) width 144: "\x{679C}\x{57CE}\x{7684}\x{7F8E}\x{8B7D}\x{3002}\x{4E2D}\x{56FD}\x{53E4}"
      RenderBlock {DIV} at (0,8377) size 784x20
        RenderText {#text} at (0,0) size 323x19
          text run at (0,0) width 323: "Font: HiraKakuProN-W6 Weight: 100 Style: italic"
      RenderBlock {DIV} at (0,8397) size 784x25
        RenderText {#text} at (0,4) size 144x17
          text run at (0,4) width 144: "\x{679C}\x{57CE}\x{7684}\x{7F8E}\x{8B7D}\x{3002}\x{4E2D}\x{56FD}\x{53E4}"
      RenderBlock {DIV} at (0,8422) size 784x20
        RenderText {#text} at (0,0) size 323x19
          text run at (0,0) width 323: "Font: HiraKakuProN-W6 Weight: 200 Style: italic"
      RenderBlock {DIV} at (0,8442) size 784x25
        RenderText {#text} at (0,4) size 144x17
          text run at (0,4) width 144: "\x{679C}\x{57CE}\x{7684}\x{7F8E}\x{8B7D}\x{3002}\x{4E2D}\x{56FD}\x{53E4}"
      RenderBlock {DIV} at (0,8467) size 784x20
        RenderText {#text} at (0,0) size 323x19
          text run at (0,0) width 323: "Font: HiraKakuProN-W6 Weight: 300 Style: italic"
      RenderBlock {DIV} at (0,8487) size 784x25
        RenderText {#text} at (0,4) size 144x17
          text run at (0,4) width 144: "\x{679C}\x{57CE}\x{7684}\x{7F8E}\x{8B7D}\x{3002}\x{4E2D}\x{56FD}\x{53E4}"
      RenderBlock {DIV} at (0,8512) size 784x20
        RenderText {#text} at (0,0) size 323x19
          text run at (0,0) width 323: "Font: HiraKakuProN-W6 Weight: 400 Style: italic"
      RenderBlock {DIV} at (0,8532) size 784x25
        RenderText {#text} at (0,4) size 144x17
          text run at (0,4) width 144: "\x{679C}\x{57CE}\x{7684}\x{7F8E}\x{8B7D}\x{3002}\x{4E2D}\x{56FD}\x{53E4}"
      RenderBlock {DIV} at (0,8557) size 784x20
        RenderText {#text} at (0,0) size 323x19
          text run at (0,0) width 323: "Font: HiraKakuProN-W6 Weight: 500 Style: italic"
      RenderBlock {DIV} at (0,8577) size 784x25
        RenderText {#text} at (0,4) size 144x17
          text run at (0,4) width 144: "\x{679C}\x{57CE}\x{7684}\x{7F8E}\x{8B7D}\x{3002}\x{4E2D}\x{56FD}\x{53E4}"
      RenderBlock {DIV} at (0,8602) size 784x20
        RenderText {#text} at (0,0) size 323x19
          text run at (0,0) width 323: "Font: HiraKakuProN-W6 Weight: 600 Style: italic"
      RenderBlock {DIV} at (0,8622) size 784x25
        RenderText {#text} at (0,4) size 144x17
          text run at (0,4) width 144: "\x{679C}\x{57CE}\x{7684}\x{7F8E}\x{8B7D}\x{3002}\x{4E2D}\x{56FD}\x{53E4}"
      RenderBlock {DIV} at (0,8647) size 784x20
        RenderText {#text} at (0,0) size 323x19
          text run at (0,0) width 323: "Font: HiraKakuProN-W6 Weight: 700 Style: italic"
      RenderBlock {DIV} at (0,8667) size 784x25
        RenderText {#text} at (0,4) size 144x17
          text run at (0,4) width 144: "\x{679C}\x{57CE}\x{7684}\x{7F8E}\x{8B7D}\x{3002}\x{4E2D}\x{56FD}\x{53E4}"
      RenderBlock {DIV} at (0,8692) size 784x20
        RenderText {#text} at (0,0) size 323x19
          text run at (0,0) width 323: "Font: HiraKakuProN-W6 Weight: 800 Style: italic"
      RenderBlock {DIV} at (0,8712) size 784x25
        RenderText {#text} at (0,4) size 144x17
          text run at (0,4) width 144: "\x{679C}\x{57CE}\x{7684}\x{7F8E}\x{8B7D}\x{3002}\x{4E2D}\x{56FD}\x{53E4}"
      RenderBlock {DIV} at (0,8737) size 784x20
        RenderText {#text} at (0,0) size 323x19
          text run at (0,0) width 323: "Font: HiraKakuProN-W6 Weight: 900 Style: italic"
      RenderBlock {DIV} at (0,8757) size 784x25
        RenderText {#text} at (0,4) size 144x17
          text run at (0,4) width 144: "\x{679C}\x{57CE}\x{7684}\x{7F8E}\x{8B7D}\x{3002}\x{4E2D}\x{56FD}\x{53E4}"
      RenderBlock {DIV} at (0,8782) size 784x20
        RenderText {#text} at (0,0) size 353x19
          text run at (0,0) width 353: "Font: Apple SD Gothic Neo Weight: 100 Style: normal"
      RenderBlock {DIV} at (0,8802) size 784x23
        RenderText {#text} at (0,2) size 126x20
          text run at (0,2) width 126: "\x{679C}\x{57CE}\x{7684}\x{7F8E}\x{8B7D}\x{3002}\x{4E2D}\x{56FD}\x{53E4}"
      RenderBlock {DIV} at (0,8825) size 784x20
        RenderText {#text} at (0,0) size 353x19
          text run at (0,0) width 353: "Font: Apple SD Gothic Neo Weight: 200 Style: normal"
      RenderBlock {DIV} at (0,8845) size 784x23
        RenderText {#text} at (0,2) size 126x20
          text run at (0,2) width 126: "\x{679C}\x{57CE}\x{7684}\x{7F8E}\x{8B7D}\x{3002}\x{4E2D}\x{56FD}\x{53E4}"
      RenderBlock {DIV} at (0,8868) size 784x20
        RenderText {#text} at (0,0) size 353x19
          text run at (0,0) width 353: "Font: Apple SD Gothic Neo Weight: 300 Style: normal"
      RenderBlock {DIV} at (0,8888) size 784x23
        RenderText {#text} at (0,2) size 126x20
          text run at (0,2) width 126: "\x{679C}\x{57CE}\x{7684}\x{7F8E}\x{8B7D}\x{3002}\x{4E2D}\x{56FD}\x{53E4}"
      RenderBlock {DIV} at (0,8911) size 784x20
        RenderText {#text} at (0,0) size 353x19
          text run at (0,0) width 353: "Font: Apple SD Gothic Neo Weight: 400 Style: normal"
      RenderBlock {DIV} at (0,8931) size 784x23
        RenderText {#text} at (0,2) size 126x20
          text run at (0,2) width 126: "\x{679C}\x{57CE}\x{7684}\x{7F8E}\x{8B7D}\x{3002}\x{4E2D}\x{56FD}\x{53E4}"
      RenderBlock {DIV} at (0,8954) size 784x20
        RenderText {#text} at (0,0) size 353x19
          text run at (0,0) width 353: "Font: Apple SD Gothic Neo Weight: 500 Style: normal"
      RenderBlock {DIV} at (0,8974) size 784x23
        RenderText {#text} at (0,2) size 126x20
          text run at (0,2) width 126: "\x{679C}\x{57CE}\x{7684}\x{7F8E}\x{8B7D}\x{3002}\x{4E2D}\x{56FD}\x{53E4}"
      RenderBlock {DIV} at (0,8997) size 784x20
        RenderText {#text} at (0,0) size 353x19
          text run at (0,0) width 353: "Font: Apple SD Gothic Neo Weight: 600 Style: normal"
      RenderBlock {DIV} at (0,9017) size 784x23
        RenderText {#text} at (0,2) size 126x20
          text run at (0,2) width 126: "\x{679C}\x{57CE}\x{7684}\x{7F8E}\x{8B7D}\x{3002}\x{4E2D}\x{56FD}\x{53E4}"
      RenderBlock {DIV} at (0,9040) size 784x20
        RenderText {#text} at (0,0) size 353x19
          text run at (0,0) width 353: "Font: Apple SD Gothic Neo Weight: 700 Style: normal"
      RenderBlock {DIV} at (0,9060) size 784x23
        RenderText {#text} at (0,2) size 126x20
          text run at (0,2) width 126: "\x{679C}\x{57CE}\x{7684}\x{7F8E}\x{8B7D}\x{3002}\x{4E2D}\x{56FD}\x{53E4}"
      RenderBlock {DIV} at (0,9083) size 784x20
        RenderText {#text} at (0,0) size 353x19
          text run at (0,0) width 353: "Font: Apple SD Gothic Neo Weight: 800 Style: normal"
      RenderBlock {DIV} at (0,9103) size 784x23
        RenderText {#text} at (0,2) size 126x20
          text run at (0,2) width 126: "\x{679C}\x{57CE}\x{7684}\x{7F8E}\x{8B7D}\x{3002}\x{4E2D}\x{56FD}\x{53E4}"
      RenderBlock {DIV} at (0,9126) size 784x20
        RenderText {#text} at (0,0) size 353x19
          text run at (0,0) width 353: "Font: Apple SD Gothic Neo Weight: 900 Style: normal"
      RenderBlock {DIV} at (0,9146) size 784x23
        RenderText {#text} at (0,2) size 126x20
          text run at (0,2) width 126: "\x{679C}\x{57CE}\x{7684}\x{7F8E}\x{8B7D}\x{3002}\x{4E2D}\x{56FD}\x{53E4}"
      RenderBlock {DIV} at (0,9169) size 784x20
        RenderText {#text} at (0,0) size 397x19
          text run at (0,0) width 397: "Font: AppleSDGothicNeo-Regular Weight: 100 Style: normal"
      RenderBlock {DIV} at (0,9189) size 784x23
        RenderText {#text} at (0,2) size 126x20
          text run at (0,2) width 126: "\x{679C}\x{57CE}\x{7684}\x{7F8E}\x{8B7D}\x{3002}\x{4E2D}\x{56FD}\x{53E4}"
      RenderBlock {DIV} at (0,9212) size 784x20
        RenderText {#text} at (0,0) size 397x19
          text run at (0,0) width 397: "Font: AppleSDGothicNeo-Regular Weight: 200 Style: normal"
      RenderBlock {DIV} at (0,9232) size 784x23
        RenderText {#text} at (0,2) size 126x20
          text run at (0,2) width 126: "\x{679C}\x{57CE}\x{7684}\x{7F8E}\x{8B7D}\x{3002}\x{4E2D}\x{56FD}\x{53E4}"
      RenderBlock {DIV} at (0,9255) size 784x20
        RenderText {#text} at (0,0) size 397x19
          text run at (0,0) width 397: "Font: AppleSDGothicNeo-Regular Weight: 300 Style: normal"
      RenderBlock {DIV} at (0,9275) size 784x23
        RenderText {#text} at (0,2) size 126x20
          text run at (0,2) width 126: "\x{679C}\x{57CE}\x{7684}\x{7F8E}\x{8B7D}\x{3002}\x{4E2D}\x{56FD}\x{53E4}"
      RenderBlock {DIV} at (0,9298) size 784x20
        RenderText {#text} at (0,0) size 397x19
          text run at (0,0) width 397: "Font: AppleSDGothicNeo-Regular Weight: 400 Style: normal"
      RenderBlock {DIV} at (0,9318) size 784x23
        RenderText {#text} at (0,2) size 126x20
          text run at (0,2) width 126: "\x{679C}\x{57CE}\x{7684}\x{7F8E}\x{8B7D}\x{3002}\x{4E2D}\x{56FD}\x{53E4}"
      RenderBlock {DIV} at (0,9341) size 784x20
        RenderText {#text} at (0,0) size 397x19
          text run at (0,0) width 397: "Font: AppleSDGothicNeo-Regular Weight: 500 Style: normal"
      RenderBlock {DIV} at (0,9361) size 784x23
        RenderText {#text} at (0,2) size 126x20
          text run at (0,2) width 126: "\x{679C}\x{57CE}\x{7684}\x{7F8E}\x{8B7D}\x{3002}\x{4E2D}\x{56FD}\x{53E4}"
      RenderBlock {DIV} at (0,9384) size 784x20
        RenderText {#text} at (0,0) size 397x19
          text run at (0,0) width 397: "Font: AppleSDGothicNeo-Regular Weight: 600 Style: normal"
      RenderBlock {DIV} at (0,9404) size 784x23
        RenderText {#text} at (0,2) size 126x20
          text run at (0,2) width 126: "\x{679C}\x{57CE}\x{7684}\x{7F8E}\x{8B7D}\x{3002}\x{4E2D}\x{56FD}\x{53E4}"
      RenderBlock {DIV} at (0,9427) size 784x20
        RenderText {#text} at (0,0) size 397x19
          text run at (0,0) width 397: "Font: AppleSDGothicNeo-Regular Weight: 700 Style: normal"
      RenderBlock {DIV} at (0,9447) size 784x23
        RenderText {#text} at (0,2) size 126x20
          text run at (0,2) width 126: "\x{679C}\x{57CE}\x{7684}\x{7F8E}\x{8B7D}\x{3002}\x{4E2D}\x{56FD}\x{53E4}"
      RenderBlock {DIV} at (0,9470) size 784x20
        RenderText {#text} at (0,0) size 397x19
          text run at (0,0) width 397: "Font: AppleSDGothicNeo-Regular Weight: 800 Style: normal"
      RenderBlock {DIV} at (0,9490) size 784x23
        RenderText {#text} at (0,2) size 126x20
          text run at (0,2) width 126: "\x{679C}\x{57CE}\x{7684}\x{7F8E}\x{8B7D}\x{3002}\x{4E2D}\x{56FD}\x{53E4}"
      RenderBlock {DIV} at (0,9513) size 784x20
        RenderText {#text} at (0,0) size 397x19
          text run at (0,0) width 397: "Font: AppleSDGothicNeo-Regular Weight: 900 Style: normal"
      RenderBlock {DIV} at (0,9533) size 784x23
        RenderText {#text} at (0,2) size 126x20
          text run at (0,2) width 126: "\x{679C}\x{57CE}\x{7684}\x{7F8E}\x{8B7D}\x{3002}\x{4E2D}\x{56FD}\x{53E4}"
      RenderBlock {DIV} at (0,9556) size 784x20
        RenderText {#text} at (0,0) size 401x19
          text run at (0,0) width 401: "Font: AppleSDGothicNeo-Medium Weight: 100 Style: normal"
      RenderBlock {DIV} at (0,9576) size 784x23
        RenderText {#text} at (0,2) size 126x20
          text run at (0,2) width 126: "\x{679C}\x{57CE}\x{7684}\x{7F8E}\x{8B7D}\x{3002}\x{4E2D}\x{56FD}\x{53E4}"
      RenderBlock {DIV} at (0,9599) size 784x20
        RenderText {#text} at (0,0) size 401x19
          text run at (0,0) width 401: "Font: AppleSDGothicNeo-Medium Weight: 200 Style: normal"
      RenderBlock {DIV} at (0,9619) size 784x23
        RenderText {#text} at (0,2) size 126x20
          text run at (0,2) width 126: "\x{679C}\x{57CE}\x{7684}\x{7F8E}\x{8B7D}\x{3002}\x{4E2D}\x{56FD}\x{53E4}"
      RenderBlock {DIV} at (0,9642) size 784x20
        RenderText {#text} at (0,0) size 401x19
          text run at (0,0) width 401: "Font: AppleSDGothicNeo-Medium Weight: 300 Style: normal"
      RenderBlock {DIV} at (0,9662) size 784x23
        RenderText {#text} at (0,2) size 126x20
          text run at (0,2) width 126: "\x{679C}\x{57CE}\x{7684}\x{7F8E}\x{8B7D}\x{3002}\x{4E2D}\x{56FD}\x{53E4}"
      RenderBlock {DIV} at (0,9685) size 784x20
        RenderText {#text} at (0,0) size 401x19
          text run at (0,0) width 401: "Font: AppleSDGothicNeo-Medium Weight: 400 Style: normal"
      RenderBlock {DIV} at (0,9705) size 784x23
        RenderText {#text} at (0,2) size 126x20
          text run at (0,2) width 126: "\x{679C}\x{57CE}\x{7684}\x{7F8E}\x{8B7D}\x{3002}\x{4E2D}\x{56FD}\x{53E4}"
      RenderBlock {DIV} at (0,9728) size 784x20
        RenderText {#text} at (0,0) size 401x19
          text run at (0,0) width 401: "Font: AppleSDGothicNeo-Medium Weight: 500 Style: normal"
      RenderBlock {DIV} at (0,9748) size 784x23
        RenderText {#text} at (0,2) size 126x20
          text run at (0,2) width 126: "\x{679C}\x{57CE}\x{7684}\x{7F8E}\x{8B7D}\x{3002}\x{4E2D}\x{56FD}\x{53E4}"
      RenderBlock {DIV} at (0,9771) size 784x20
        RenderText {#text} at (0,0) size 401x19
          text run at (0,0) width 401: "Font: AppleSDGothicNeo-Medium Weight: 600 Style: normal"
      RenderBlock {DIV} at (0,9791) size 784x23
        RenderText {#text} at (0,2) size 126x20
          text run at (0,2) width 126: "\x{679C}\x{57CE}\x{7684}\x{7F8E}\x{8B7D}\x{3002}\x{4E2D}\x{56FD}\x{53E4}"
      RenderBlock {DIV} at (0,9814) size 784x20
        RenderText {#text} at (0,0) size 401x19
          text run at (0,0) width 401: "Font: AppleSDGothicNeo-Medium Weight: 700 Style: normal"
      RenderBlock {DIV} at (0,9834) size 784x23
        RenderText {#text} at (0,2) size 126x20
          text run at (0,2) width 126: "\x{679C}\x{57CE}\x{7684}\x{7F8E}\x{8B7D}\x{3002}\x{4E2D}\x{56FD}\x{53E4}"
      RenderBlock {DIV} at (0,9857) size 784x20
        RenderText {#text} at (0,0) size 401x19
          text run at (0,0) width 401: "Font: AppleSDGothicNeo-Medium Weight: 800 Style: normal"
      RenderBlock {DIV} at (0,9877) size 784x23
        RenderText {#text} at (0,2) size 126x20
          text run at (0,2) width 126: "\x{679C}\x{57CE}\x{7684}\x{7F8E}\x{8B7D}\x{3002}\x{4E2D}\x{56FD}\x{53E4}"
      RenderBlock {DIV} at (0,9900) size 784x20
        RenderText {#text} at (0,0) size 401x19
          text run at (0,0) width 401: "Font: AppleSDGothicNeo-Medium Weight: 900 Style: normal"
      RenderBlock {DIV} at (0,9920) size 784x23
        RenderText {#text} at (0,2) size 126x20
          text run at (0,2) width 126: "\x{679C}\x{57CE}\x{7684}\x{7F8E}\x{8B7D}\x{3002}\x{4E2D}\x{56FD}\x{53E4}"
      RenderBlock {DIV} at (0,9943) size 784x20
        RenderText {#text} at (0,0) size 381x19
          text run at (0,0) width 381: "Font: AppleSDGothicNeo-Light Weight: 100 Style: normal"
      RenderBlock {DIV} at (0,9963) size 784x23
        RenderText {#text} at (0,2) size 126x20
          text run at (0,2) width 126: "\x{679C}\x{57CE}\x{7684}\x{7F8E}\x{8B7D}\x{3002}\x{4E2D}\x{56FD}\x{53E4}"
      RenderBlock {DIV} at (0,9986) size 784x20
        RenderText {#text} at (0,0) size 381x19
          text run at (0,0) width 381: "Font: AppleSDGothicNeo-Light Weight: 200 Style: normal"
      RenderBlock {DIV} at (0,10006) size 784x23
        RenderText {#text} at (0,2) size 126x20
          text run at (0,2) width 126: "\x{679C}\x{57CE}\x{7684}\x{7F8E}\x{8B7D}\x{3002}\x{4E2D}\x{56FD}\x{53E4}"
      RenderBlock {DIV} at (0,10029) size 784x20
        RenderText {#text} at (0,0) size 381x19
          text run at (0,0) width 381: "Font: AppleSDGothicNeo-Light Weight: 300 Style: normal"
      RenderBlock {DIV} at (0,10049) size 784x23
        RenderText {#text} at (0,2) size 126x20
          text run at (0,2) width 126: "\x{679C}\x{57CE}\x{7684}\x{7F8E}\x{8B7D}\x{3002}\x{4E2D}\x{56FD}\x{53E4}"
      RenderBlock {DIV} at (0,10072) size 784x20
        RenderText {#text} at (0,0) size 381x19
          text run at (0,0) width 381: "Font: AppleSDGothicNeo-Light Weight: 400 Style: normal"
      RenderBlock {DIV} at (0,10092) size 784x23
        RenderText {#text} at (0,2) size 126x20
          text run at (0,2) width 126: "\x{679C}\x{57CE}\x{7684}\x{7F8E}\x{8B7D}\x{3002}\x{4E2D}\x{56FD}\x{53E4}"
      RenderBlock {DIV} at (0,10115) size 784x20
        RenderText {#text} at (0,0) size 381x19
          text run at (0,0) width 381: "Font: AppleSDGothicNeo-Light Weight: 500 Style: normal"
      RenderBlock {DIV} at (0,10135) size 784x23
        RenderText {#text} at (0,2) size 126x20
          text run at (0,2) width 126: "\x{679C}\x{57CE}\x{7684}\x{7F8E}\x{8B7D}\x{3002}\x{4E2D}\x{56FD}\x{53E4}"
      RenderBlock {DIV} at (0,10158) size 784x20
        RenderText {#text} at (0,0) size 381x19
          text run at (0,0) width 381: "Font: AppleSDGothicNeo-Light Weight: 600 Style: normal"
      RenderBlock {DIV} at (0,10178) size 784x23
        RenderText {#text} at (0,2) size 126x20
          text run at (0,2) width 126: "\x{679C}\x{57CE}\x{7684}\x{7F8E}\x{8B7D}\x{3002}\x{4E2D}\x{56FD}\x{53E4}"
      RenderBlock {DIV} at (0,10201) size 784x20
        RenderText {#text} at (0,0) size 381x19
          text run at (0,0) width 381: "Font: AppleSDGothicNeo-Light Weight: 700 Style: normal"
      RenderBlock {DIV} at (0,10221) size 784x23
        RenderText {#text} at (0,2) size 126x20
          text run at (0,2) width 126: "\x{679C}\x{57CE}\x{7684}\x{7F8E}\x{8B7D}\x{3002}\x{4E2D}\x{56FD}\x{53E4}"
      RenderBlock {DIV} at (0,10244) size 784x20
        RenderText {#text} at (0,0) size 381x19
          text run at (0,0) width 381: "Font: AppleSDGothicNeo-Light Weight: 800 Style: normal"
      RenderBlock {DIV} at (0,10264) size 784x23
        RenderText {#text} at (0,2) size 126x20
          text run at (0,2) width 126: "\x{679C}\x{57CE}\x{7684}\x{7F8E}\x{8B7D}\x{3002}\x{4E2D}\x{56FD}\x{53E4}"
      RenderBlock {DIV} at (0,10287) size 784x20
        RenderText {#text} at (0,0) size 381x19
          text run at (0,0) width 381: "Font: AppleSDGothicNeo-Light Weight: 900 Style: normal"
      RenderBlock {DIV} at (0,10307) size 784x23
        RenderText {#text} at (0,2) size 126x20
          text run at (0,2) width 126: "\x{679C}\x{57CE}\x{7684}\x{7F8E}\x{8B7D}\x{3002}\x{4E2D}\x{56FD}\x{53E4}"
      RenderBlock {DIV} at (0,10330) size 784x20
        RenderText {#text} at (0,0) size 414x19
          text run at (0,0) width 414: "Font: AppleSDGothicNeo-UltraLight Weight: 100 Style: normal"
      RenderBlock {DIV} at (0,10350) size 784x23
        RenderText {#text} at (0,2) size 126x20
          text run at (0,2) width 126: "\x{679C}\x{57CE}\x{7684}\x{7F8E}\x{8B7D}\x{3002}\x{4E2D}\x{56FD}\x{53E4}"
      RenderBlock {DIV} at (0,10373) size 784x20
        RenderText {#text} at (0,0) size 414x19
          text run at (0,0) width 414: "Font: AppleSDGothicNeo-UltraLight Weight: 200 Style: normal"
      RenderBlock {DIV} at (0,10393) size 784x23
        RenderText {#text} at (0,2) size 126x20
          text run at (0,2) width 126: "\x{679C}\x{57CE}\x{7684}\x{7F8E}\x{8B7D}\x{3002}\x{4E2D}\x{56FD}\x{53E4}"
      RenderBlock {DIV} at (0,10416) size 784x20
        RenderText {#text} at (0,0) size 414x19
          text run at (0,0) width 414: "Font: AppleSDGothicNeo-UltraLight Weight: 300 Style: normal"
      RenderBlock {DIV} at (0,10436) size 784x23
        RenderText {#text} at (0,2) size 126x20
          text run at (0,2) width 126: "\x{679C}\x{57CE}\x{7684}\x{7F8E}\x{8B7D}\x{3002}\x{4E2D}\x{56FD}\x{53E4}"
      RenderBlock {DIV} at (0,10459) size 784x20
        RenderText {#text} at (0,0) size 414x19
          text run at (0,0) width 414: "Font: AppleSDGothicNeo-UltraLight Weight: 400 Style: normal"
      RenderBlock {DIV} at (0,10479) size 784x23
        RenderText {#text} at (0,2) size 126x20
          text run at (0,2) width 126: "\x{679C}\x{57CE}\x{7684}\x{7F8E}\x{8B7D}\x{3002}\x{4E2D}\x{56FD}\x{53E4}"
      RenderBlock {DIV} at (0,10502) size 784x20
        RenderText {#text} at (0,0) size 414x19
          text run at (0,0) width 414: "Font: AppleSDGothicNeo-UltraLight Weight: 500 Style: normal"
      RenderBlock {DIV} at (0,10522) size 784x23
        RenderText {#text} at (0,2) size 126x20
          text run at (0,2) width 126: "\x{679C}\x{57CE}\x{7684}\x{7F8E}\x{8B7D}\x{3002}\x{4E2D}\x{56FD}\x{53E4}"
      RenderBlock {DIV} at (0,10545) size 784x20
        RenderText {#text} at (0,0) size 414x19
          text run at (0,0) width 414: "Font: AppleSDGothicNeo-UltraLight Weight: 600 Style: normal"
      RenderBlock {DIV} at (0,10565) size 784x23
        RenderText {#text} at (0,2) size 126x20
          text run at (0,2) width 126: "\x{679C}\x{57CE}\x{7684}\x{7F8E}\x{8B7D}\x{3002}\x{4E2D}\x{56FD}\x{53E4}"
      RenderBlock {DIV} at (0,10588) size 784x20
        RenderText {#text} at (0,0) size 414x19
          text run at (0,0) width 414: "Font: AppleSDGothicNeo-UltraLight Weight: 700 Style: normal"
      RenderBlock {DIV} at (0,10608) size 784x23
        RenderText {#text} at (0,2) size 126x20
          text run at (0,2) width 126: "\x{679C}\x{57CE}\x{7684}\x{7F8E}\x{8B7D}\x{3002}\x{4E2D}\x{56FD}\x{53E4}"
      RenderBlock {DIV} at (0,10631) size 784x20
        RenderText {#text} at (0,0) size 414x19
          text run at (0,0) width 414: "Font: AppleSDGothicNeo-UltraLight Weight: 800 Style: normal"
      RenderBlock {DIV} at (0,10651) size 784x23
        RenderText {#text} at (0,2) size 126x20
          text run at (0,2) width 126: "\x{679C}\x{57CE}\x{7684}\x{7F8E}\x{8B7D}\x{3002}\x{4E2D}\x{56FD}\x{53E4}"
      RenderBlock {DIV} at (0,10674) size 784x20
        RenderText {#text} at (0,0) size 414x19
          text run at (0,0) width 414: "Font: AppleSDGothicNeo-UltraLight Weight: 900 Style: normal"
      RenderBlock {DIV} at (0,10694) size 784x23
        RenderText {#text} at (0,2) size 126x20
          text run at (0,2) width 126: "\x{679C}\x{57CE}\x{7684}\x{7F8E}\x{8B7D}\x{3002}\x{4E2D}\x{56FD}\x{53E4}"
      RenderBlock {DIV} at (0,10717) size 784x20
        RenderText {#text} at (0,0) size 377x19
          text run at (0,0) width 377: "Font: AppleSDGothicNeo-Thin Weight: 100 Style: normal"
      RenderBlock {DIV} at (0,10737) size 784x23
        RenderText {#text} at (0,2) size 126x20
          text run at (0,2) width 126: "\x{679C}\x{57CE}\x{7684}\x{7F8E}\x{8B7D}\x{3002}\x{4E2D}\x{56FD}\x{53E4}"
      RenderBlock {DIV} at (0,10760) size 784x20
        RenderText {#text} at (0,0) size 377x19
          text run at (0,0) width 377: "Font: AppleSDGothicNeo-Thin Weight: 200 Style: normal"
      RenderBlock {DIV} at (0,10780) size 784x23
        RenderText {#text} at (0,2) size 126x20
          text run at (0,2) width 126: "\x{679C}\x{57CE}\x{7684}\x{7F8E}\x{8B7D}\x{3002}\x{4E2D}\x{56FD}\x{53E4}"
      RenderBlock {DIV} at (0,10803) size 784x20
        RenderText {#text} at (0,0) size 377x19
          text run at (0,0) width 377: "Font: AppleSDGothicNeo-Thin Weight: 300 Style: normal"
      RenderBlock {DIV} at (0,10823) size 784x23
        RenderText {#text} at (0,2) size 126x20
          text run at (0,2) width 126: "\x{679C}\x{57CE}\x{7684}\x{7F8E}\x{8B7D}\x{3002}\x{4E2D}\x{56FD}\x{53E4}"
      RenderBlock {DIV} at (0,10846) size 784x20
        RenderText {#text} at (0,0) size 377x19
          text run at (0,0) width 377: "Font: AppleSDGothicNeo-Thin Weight: 400 Style: normal"
      RenderBlock {DIV} at (0,10866) size 784x23
        RenderText {#text} at (0,2) size 126x20
          text run at (0,2) width 126: "\x{679C}\x{57CE}\x{7684}\x{7F8E}\x{8B7D}\x{3002}\x{4E2D}\x{56FD}\x{53E4}"
      RenderBlock {DIV} at (0,10889) size 784x20
        RenderText {#text} at (0,0) size 377x19
          text run at (0,0) width 377: "Font: AppleSDGothicNeo-Thin Weight: 500 Style: normal"
      RenderBlock {DIV} at (0,10909) size 784x23
        RenderText {#text} at (0,2) size 126x20
          text run at (0,2) width 126: "\x{679C}\x{57CE}\x{7684}\x{7F8E}\x{8B7D}\x{3002}\x{4E2D}\x{56FD}\x{53E4}"
      RenderBlock {DIV} at (0,10932) size 784x20
        RenderText {#text} at (0,0) size 377x19
          text run at (0,0) width 377: "Font: AppleSDGothicNeo-Thin Weight: 600 Style: normal"
      RenderBlock {DIV} at (0,10952) size 784x23
        RenderText {#text} at (0,2) size 126x20
          text run at (0,2) width 126: "\x{679C}\x{57CE}\x{7684}\x{7F8E}\x{8B7D}\x{3002}\x{4E2D}\x{56FD}\x{53E4}"
      RenderBlock {DIV} at (0,10975) size 784x20
        RenderText {#text} at (0,0) size 377x19
          text run at (0,0) width 377: "Font: AppleSDGothicNeo-Thin Weight: 700 Style: normal"
      RenderBlock {DIV} at (0,10995) size 784x23
        RenderText {#text} at (0,2) size 126x20
          text run at (0,2) width 126: "\x{679C}\x{57CE}\x{7684}\x{7F8E}\x{8B7D}\x{3002}\x{4E2D}\x{56FD}\x{53E4}"
      RenderBlock {DIV} at (0,11018) size 784x20
        RenderText {#text} at (0,0) size 377x19
          text run at (0,0) width 377: "Font: AppleSDGothicNeo-Thin Weight: 800 Style: normal"
      RenderBlock {DIV} at (0,11038) size 784x23
        RenderText {#text} at (0,2) size 126x20
          text run at (0,2) width 126: "\x{679C}\x{57CE}\x{7684}\x{7F8E}\x{8B7D}\x{3002}\x{4E2D}\x{56FD}\x{53E4}"
      RenderBlock {DIV} at (0,11061) size 784x20
        RenderText {#text} at (0,0) size 377x19
          text run at (0,0) width 377: "Font: AppleSDGothicNeo-Thin Weight: 900 Style: normal"
      RenderBlock {DIV} at (0,11081) size 784x23
        RenderText {#text} at (0,2) size 126x20
          text run at (0,2) width 126: "\x{679C}\x{57CE}\x{7684}\x{7F8E}\x{8B7D}\x{3002}\x{4E2D}\x{56FD}\x{53E4}"
      RenderBlock {DIV} at (0,11104) size 784x20
        RenderText {#text} at (0,0) size 410x19
          text run at (0,0) width 410: "Font: AppleSDGothicNeo-SemiBold Weight: 100 Style: normal"
      RenderBlock {DIV} at (0,11124) size 784x23
        RenderText {#text} at (0,2) size 126x20
          text run at (0,2) width 126: "\x{679C}\x{57CE}\x{7684}\x{7F8E}\x{8B7D}\x{3002}\x{4E2D}\x{56FD}\x{53E4}"
      RenderBlock {DIV} at (0,11147) size 784x20
        RenderText {#text} at (0,0) size 410x19
          text run at (0,0) width 410: "Font: AppleSDGothicNeo-SemiBold Weight: 200 Style: normal"
      RenderBlock {DIV} at (0,11167) size 784x23
        RenderText {#text} at (0,2) size 126x20
          text run at (0,2) width 126: "\x{679C}\x{57CE}\x{7684}\x{7F8E}\x{8B7D}\x{3002}\x{4E2D}\x{56FD}\x{53E4}"
      RenderBlock {DIV} at (0,11190) size 784x20
        RenderText {#text} at (0,0) size 410x19
          text run at (0,0) width 410: "Font: AppleSDGothicNeo-SemiBold Weight: 300 Style: normal"
      RenderBlock {DIV} at (0,11210) size 784x23
        RenderText {#text} at (0,2) size 126x20
          text run at (0,2) width 126: "\x{679C}\x{57CE}\x{7684}\x{7F8E}\x{8B7D}\x{3002}\x{4E2D}\x{56FD}\x{53E4}"
      RenderBlock {DIV} at (0,11233) size 784x20
        RenderText {#text} at (0,0) size 410x19
          text run at (0,0) width 410: "Font: AppleSDGothicNeo-SemiBold Weight: 400 Style: normal"
      RenderBlock {DIV} at (0,11253) size 784x23
        RenderText {#text} at (0,2) size 126x20
          text run at (0,2) width 126: "\x{679C}\x{57CE}\x{7684}\x{7F8E}\x{8B7D}\x{3002}\x{4E2D}\x{56FD}\x{53E4}"
      RenderBlock {DIV} at (0,11276) size 784x20
        RenderText {#text} at (0,0) size 410x19
          text run at (0,0) width 410: "Font: AppleSDGothicNeo-SemiBold Weight: 500 Style: normal"
      RenderBlock {DIV} at (0,11296) size 784x23
        RenderText {#text} at (0,2) size 126x20
          text run at (0,2) width 126: "\x{679C}\x{57CE}\x{7684}\x{7F8E}\x{8B7D}\x{3002}\x{4E2D}\x{56FD}\x{53E4}"
      RenderBlock {DIV} at (0,11319) size 784x20
        RenderText {#text} at (0,0) size 410x19
          text run at (0,0) width 410: "Font: AppleSDGothicNeo-SemiBold Weight: 600 Style: normal"
      RenderBlock {DIV} at (0,11339) size 784x23
        RenderText {#text} at (0,2) size 126x20
          text run at (0,2) width 126: "\x{679C}\x{57CE}\x{7684}\x{7F8E}\x{8B7D}\x{3002}\x{4E2D}\x{56FD}\x{53E4}"
      RenderBlock {DIV} at (0,11362) size 784x20
        RenderText {#text} at (0,0) size 410x19
          text run at (0,0) width 410: "Font: AppleSDGothicNeo-SemiBold Weight: 700 Style: normal"
      RenderBlock {DIV} at (0,11382) size 784x23
        RenderText {#text} at (0,2) size 126x20
          text run at (0,2) width 126: "\x{679C}\x{57CE}\x{7684}\x{7F8E}\x{8B7D}\x{3002}\x{4E2D}\x{56FD}\x{53E4}"
      RenderBlock {DIV} at (0,11405) size 784x20
        RenderText {#text} at (0,0) size 410x19
          text run at (0,0) width 410: "Font: AppleSDGothicNeo-SemiBold Weight: 800 Style: normal"
      RenderBlock {DIV} at (0,11425) size 784x23
        RenderText {#text} at (0,2) size 126x20
          text run at (0,2) width 126: "\x{679C}\x{57CE}\x{7684}\x{7F8E}\x{8B7D}\x{3002}\x{4E2D}\x{56FD}\x{53E4}"
      RenderBlock {DIV} at (0,11448) size 784x20
        RenderText {#text} at (0,0) size 410x19
          text run at (0,0) width 410: "Font: AppleSDGothicNeo-SemiBold Weight: 900 Style: normal"
      RenderBlock {DIV} at (0,11468) size 784x23
        RenderText {#text} at (0,2) size 126x20
          text run at (0,2) width 126: "\x{679C}\x{57CE}\x{7684}\x{7F8E}\x{8B7D}\x{3002}\x{4E2D}\x{56FD}\x{53E4}"
      RenderBlock {DIV} at (0,11491) size 784x20
        RenderText {#text} at (0,0) size 377x19
          text run at (0,0) width 377: "Font: AppleSDGothicNeo-Bold Weight: 100 Style: normal"
      RenderBlock {DIV} at (0,11511) size 784x23
        RenderText {#text} at (0,2) size 126x20
          text run at (0,2) width 126: "\x{679C}\x{57CE}\x{7684}\x{7F8E}\x{8B7D}\x{3002}\x{4E2D}\x{56FD}\x{53E4}"
      RenderBlock {DIV} at (0,11534) size 784x20
        RenderText {#text} at (0,0) size 377x19
          text run at (0,0) width 377: "Font: AppleSDGothicNeo-Bold Weight: 200 Style: normal"
      RenderBlock {DIV} at (0,11554) size 784x23
        RenderText {#text} at (0,2) size 126x20
          text run at (0,2) width 126: "\x{679C}\x{57CE}\x{7684}\x{7F8E}\x{8B7D}\x{3002}\x{4E2D}\x{56FD}\x{53E4}"
      RenderBlock {DIV} at (0,11577) size 784x20
        RenderText {#text} at (0,0) size 377x19
          text run at (0,0) width 377: "Font: AppleSDGothicNeo-Bold Weight: 300 Style: normal"
      RenderBlock {DIV} at (0,11597) size 784x23
        RenderText {#text} at (0,2) size 126x20
          text run at (0,2) width 126: "\x{679C}\x{57CE}\x{7684}\x{7F8E}\x{8B7D}\x{3002}\x{4E2D}\x{56FD}\x{53E4}"
      RenderBlock {DIV} at (0,11620) size 784x20
        RenderText {#text} at (0,0) size 377x19
          text run at (0,0) width 377: "Font: AppleSDGothicNeo-Bold Weight: 400 Style: normal"
      RenderBlock {DIV} at (0,11640) size 784x23
        RenderText {#text} at (0,2) size 126x20
          text run at (0,2) width 126: "\x{679C}\x{57CE}\x{7684}\x{7F8E}\x{8B7D}\x{3002}\x{4E2D}\x{56FD}\x{53E4}"
      RenderBlock {DIV} at (0,11663) size 784x20
        RenderText {#text} at (0,0) size 377x19
          text run at (0,0) width 377: "Font: AppleSDGothicNeo-Bold Weight: 500 Style: normal"
      RenderBlock {DIV} at (0,11683) size 784x23
        RenderText {#text} at (0,2) size 126x20
          text run at (0,2) width 126: "\x{679C}\x{57CE}\x{7684}\x{7F8E}\x{8B7D}\x{3002}\x{4E2D}\x{56FD}\x{53E4}"
      RenderBlock {DIV} at (0,11706) size 784x20
        RenderText {#text} at (0,0) size 377x19
          text run at (0,0) width 377: "Font: AppleSDGothicNeo-Bold Weight: 600 Style: normal"
      RenderBlock {DIV} at (0,11726) size 784x23
        RenderText {#text} at (0,2) size 126x20
          text run at (0,2) width 126: "\x{679C}\x{57CE}\x{7684}\x{7F8E}\x{8B7D}\x{3002}\x{4E2D}\x{56FD}\x{53E4}"
      RenderBlock {DIV} at (0,11749) size 784x20
        RenderText {#text} at (0,0) size 377x19
          text run at (0,0) width 377: "Font: AppleSDGothicNeo-Bold Weight: 700 Style: normal"
      RenderBlock {DIV} at (0,11769) size 784x23
        RenderText {#text} at (0,2) size 126x20
          text run at (0,2) width 126: "\x{679C}\x{57CE}\x{7684}\x{7F8E}\x{8B7D}\x{3002}\x{4E2D}\x{56FD}\x{53E4}"
      RenderBlock {DIV} at (0,11792) size 784x20
        RenderText {#text} at (0,0) size 377x19
          text run at (0,0) width 377: "Font: AppleSDGothicNeo-Bold Weight: 800 Style: normal"
      RenderBlock {DIV} at (0,11812) size 784x23
        RenderText {#text} at (0,2) size 126x20
          text run at (0,2) width 126: "\x{679C}\x{57CE}\x{7684}\x{7F8E}\x{8B7D}\x{3002}\x{4E2D}\x{56FD}\x{53E4}"
      RenderBlock {DIV} at (0,11835) size 784x20
        RenderText {#text} at (0,0) size 377x19
          text run at (0,0) width 377: "Font: AppleSDGothicNeo-Bold Weight: 900 Style: normal"
      RenderBlock {DIV} at (0,11855) size 784x23
        RenderText {#text} at (0,2) size 126x20
          text run at (0,2) width 126: "\x{679C}\x{57CE}\x{7684}\x{7F8E}\x{8B7D}\x{3002}\x{4E2D}\x{56FD}\x{53E4}"
      RenderBlock {DIV} at (0,11878) size 784x20
        RenderText {#text} at (0,0) size 412x19
          text run at (0,0) width 412: "Font: AppleSDGothicNeo-ExtraBold Weight: 100 Style: normal"
      RenderBlock {DIV} at (0,11898) size 784x23
        RenderText {#text} at (0,2) size 144x19
          text run at (0,2) width 144: "\x{679C}\x{57CE}\x{7684}\x{7F8E}\x{8B7D}\x{3002}\x{4E2D}\x{56FD}\x{53E4}"
      RenderBlock {DIV} at (0,11921) size 784x20
        RenderText {#text} at (0,0) size 412x19
          text run at (0,0) width 412: "Font: AppleSDGothicNeo-ExtraBold Weight: 200 Style: normal"
      RenderBlock {DIV} at (0,11941) size 784x23
        RenderText {#text} at (0,2) size 144x19
          text run at (0,2) width 144: "\x{679C}\x{57CE}\x{7684}\x{7F8E}\x{8B7D}\x{3002}\x{4E2D}\x{56FD}\x{53E4}"
      RenderBlock {DIV} at (0,11964) size 784x20
        RenderText {#text} at (0,0) size 412x19
          text run at (0,0) width 412: "Font: AppleSDGothicNeo-ExtraBold Weight: 300 Style: normal"
      RenderBlock {DIV} at (0,11984) size 784x23
        RenderText {#text} at (0,2) size 144x19
          text run at (0,2) width 144: "\x{679C}\x{57CE}\x{7684}\x{7F8E}\x{8B7D}\x{3002}\x{4E2D}\x{56FD}\x{53E4}"
      RenderBlock {DIV} at (0,12007) size 784x20
        RenderText {#text} at (0,0) size 412x19
          text run at (0,0) width 412: "Font: AppleSDGothicNeo-ExtraBold Weight: 400 Style: normal"
      RenderBlock {DIV} at (0,12027) size 784x23
        RenderText {#text} at (0,2) size 144x19
          text run at (0,2) width 144: "\x{679C}\x{57CE}\x{7684}\x{7F8E}\x{8B7D}\x{3002}\x{4E2D}\x{56FD}\x{53E4}"
      RenderBlock {DIV} at (0,12050) size 784x20
        RenderText {#text} at (0,0) size 412x19
          text run at (0,0) width 412: "Font: AppleSDGothicNeo-ExtraBold Weight: 500 Style: normal"
      RenderBlock {DIV} at (0,12070) size 784x23
        RenderText {#text} at (0,2) size 144x19
          text run at (0,2) width 144: "\x{679C}\x{57CE}\x{7684}\x{7F8E}\x{8B7D}\x{3002}\x{4E2D}\x{56FD}\x{53E4}"
      RenderBlock {DIV} at (0,12093) size 784x20
        RenderText {#text} at (0,0) size 412x19
          text run at (0,0) width 412: "Font: AppleSDGothicNeo-ExtraBold Weight: 600 Style: normal"
      RenderBlock {DIV} at (0,12113) size 784x23
        RenderText {#text} at (0,2) size 144x19
          text run at (0,2) width 144: "\x{679C}\x{57CE}\x{7684}\x{7F8E}\x{8B7D}\x{3002}\x{4E2D}\x{56FD}\x{53E4}"
      RenderBlock {DIV} at (0,12136) size 784x20
        RenderText {#text} at (0,0) size 412x19
          text run at (0,0) width 412: "Font: AppleSDGothicNeo-ExtraBold Weight: 700 Style: normal"
      RenderBlock {DIV} at (0,12156) size 784x23
        RenderText {#text} at (0,2) size 144x19
          text run at (0,2) width 144: "\x{679C}\x{57CE}\x{7684}\x{7F8E}\x{8B7D}\x{3002}\x{4E2D}\x{56FD}\x{53E4}"
      RenderBlock {DIV} at (0,12179) size 784x20
        RenderText {#text} at (0,0) size 412x19
          text run at (0,0) width 412: "Font: AppleSDGothicNeo-ExtraBold Weight: 800 Style: normal"
      RenderBlock {DIV} at (0,12199) size 784x23
        RenderText {#text} at (0,2) size 144x19
          text run at (0,2) width 144: "\x{679C}\x{57CE}\x{7684}\x{7F8E}\x{8B7D}\x{3002}\x{4E2D}\x{56FD}\x{53E4}"
      RenderBlock {DIV} at (0,12222) size 784x20
        RenderText {#text} at (0,0) size 412x19
          text run at (0,0) width 412: "Font: AppleSDGothicNeo-ExtraBold Weight: 900 Style: normal"
      RenderBlock {DIV} at (0,12242) size 784x23
        RenderText {#text} at (0,2) size 144x19
          text run at (0,2) width 144: "\x{679C}\x{57CE}\x{7684}\x{7F8E}\x{8B7D}\x{3002}\x{4E2D}\x{56FD}\x{53E4}"
      RenderBlock {DIV} at (0,12265) size 784x20
        RenderText {#text} at (0,0) size 388x19
          text run at (0,0) width 388: "Font: AppleSDGothicNeo-Heavy Weight: 100 Style: normal"
      RenderBlock {DIV} at (0,12285) size 784x23
        RenderText {#text} at (0,2) size 144x19
          text run at (0,2) width 144: "\x{679C}\x{57CE}\x{7684}\x{7F8E}\x{8B7D}\x{3002}\x{4E2D}\x{56FD}\x{53E4}"
      RenderBlock {DIV} at (0,12308) size 784x20
        RenderText {#text} at (0,0) size 388x19
          text run at (0,0) width 388: "Font: AppleSDGothicNeo-Heavy Weight: 200 Style: normal"
      RenderBlock {DIV} at (0,12328) size 784x23
        RenderText {#text} at (0,2) size 144x19
          text run at (0,2) width 144: "\x{679C}\x{57CE}\x{7684}\x{7F8E}\x{8B7D}\x{3002}\x{4E2D}\x{56FD}\x{53E4}"
      RenderBlock {DIV} at (0,12351) size 784x20
        RenderText {#text} at (0,0) size 388x19
          text run at (0,0) width 388: "Font: AppleSDGothicNeo-Heavy Weight: 300 Style: normal"
      RenderBlock {DIV} at (0,12371) size 784x23
        RenderText {#text} at (0,2) size 144x19
          text run at (0,2) width 144: "\x{679C}\x{57CE}\x{7684}\x{7F8E}\x{8B7D}\x{3002}\x{4E2D}\x{56FD}\x{53E4}"
      RenderBlock {DIV} at (0,12394) size 784x20
        RenderText {#text} at (0,0) size 388x19
          text run at (0,0) width 388: "Font: AppleSDGothicNeo-Heavy Weight: 400 Style: normal"
      RenderBlock {DIV} at (0,12414) size 784x23
        RenderText {#text} at (0,2) size 144x19
          text run at (0,2) width 144: "\x{679C}\x{57CE}\x{7684}\x{7F8E}\x{8B7D}\x{3002}\x{4E2D}\x{56FD}\x{53E4}"
      RenderBlock {DIV} at (0,12437) size 784x20
        RenderText {#text} at (0,0) size 388x19
          text run at (0,0) width 388: "Font: AppleSDGothicNeo-Heavy Weight: 500 Style: normal"
      RenderBlock {DIV} at (0,12457) size 784x23
        RenderText {#text} at (0,2) size 144x19
          text run at (0,2) width 144: "\x{679C}\x{57CE}\x{7684}\x{7F8E}\x{8B7D}\x{3002}\x{4E2D}\x{56FD}\x{53E4}"
      RenderBlock {DIV} at (0,12480) size 784x20
        RenderText {#text} at (0,0) size 388x19
          text run at (0,0) width 388: "Font: AppleSDGothicNeo-Heavy Weight: 600 Style: normal"
      RenderBlock {DIV} at (0,12500) size 784x23
        RenderText {#text} at (0,2) size 144x19
          text run at (0,2) width 144: "\x{679C}\x{57CE}\x{7684}\x{7F8E}\x{8B7D}\x{3002}\x{4E2D}\x{56FD}\x{53E4}"
      RenderBlock {DIV} at (0,12523) size 784x20
        RenderText {#text} at (0,0) size 388x19
          text run at (0,0) width 388: "Font: AppleSDGothicNeo-Heavy Weight: 700 Style: normal"
      RenderBlock {DIV} at (0,12543) size 784x23
        RenderText {#text} at (0,2) size 144x19
          text run at (0,2) width 144: "\x{679C}\x{57CE}\x{7684}\x{7F8E}\x{8B7D}\x{3002}\x{4E2D}\x{56FD}\x{53E4}"
      RenderBlock {DIV} at (0,12566) size 784x20
        RenderText {#text} at (0,0) size 388x19
          text run at (0,0) width 388: "Font: AppleSDGothicNeo-Heavy Weight: 800 Style: normal"
      RenderBlock {DIV} at (0,12586) size 784x23
        RenderText {#text} at (0,2) size 144x19
          text run at (0,2) width 144: "\x{679C}\x{57CE}\x{7684}\x{7F8E}\x{8B7D}\x{3002}\x{4E2D}\x{56FD}\x{53E4}"
      RenderBlock {DIV} at (0,12609) size 784x20
        RenderText {#text} at (0,0) size 388x19
          text run at (0,0) width 388: "Font: AppleSDGothicNeo-Heavy Weight: 900 Style: normal"
      RenderBlock {DIV} at (0,12629) size 784x23
        RenderText {#text} at (0,2) size 144x19
          text run at (0,2) width 144: "\x{679C}\x{57CE}\x{7684}\x{7F8E}\x{8B7D}\x{3002}\x{4E2D}\x{56FD}\x{53E4}"
      RenderBlock {DIV} at (0,12652) size 784x20
        RenderText {#text} at (0,0) size 340x19
          text run at (0,0) width 340: "Font: Apple SD Gothic Neo Weight: 100 Style: italic"
      RenderBlock {DIV} at (0,12672) size 784x23
        RenderText {#text} at (0,2) size 126x20
          text run at (0,2) width 126: "\x{679C}\x{57CE}\x{7684}\x{7F8E}\x{8B7D}\x{3002}\x{4E2D}\x{56FD}\x{53E4}"
      RenderBlock {DIV} at (0,12695) size 784x20
        RenderText {#text} at (0,0) size 340x19
          text run at (0,0) width 340: "Font: Apple SD Gothic Neo Weight: 200 Style: italic"
      RenderBlock {DIV} at (0,12715) size 784x23
        RenderText {#text} at (0,2) size 126x20
          text run at (0,2) width 126: "\x{679C}\x{57CE}\x{7684}\x{7F8E}\x{8B7D}\x{3002}\x{4E2D}\x{56FD}\x{53E4}"
      RenderBlock {DIV} at (0,12738) size 784x20
        RenderText {#text} at (0,0) size 340x19
          text run at (0,0) width 340: "Font: Apple SD Gothic Neo Weight: 300 Style: italic"
      RenderBlock {DIV} at (0,12758) size 784x23
        RenderText {#text} at (0,2) size 126x20
          text run at (0,2) width 126: "\x{679C}\x{57CE}\x{7684}\x{7F8E}\x{8B7D}\x{3002}\x{4E2D}\x{56FD}\x{53E4}"
      RenderBlock {DIV} at (0,12781) size 784x20
        RenderText {#text} at (0,0) size 340x19
          text run at (0,0) width 340: "Font: Apple SD Gothic Neo Weight: 400 Style: italic"
      RenderBlock {DIV} at (0,12801) size 784x23
        RenderText {#text} at (0,2) size 126x20
          text run at (0,2) width 126: "\x{679C}\x{57CE}\x{7684}\x{7F8E}\x{8B7D}\x{3002}\x{4E2D}\x{56FD}\x{53E4}"
      RenderBlock {DIV} at (0,12824) size 784x20
        RenderText {#text} at (0,0) size 340x19
          text run at (0,0) width 340: "Font: Apple SD Gothic Neo Weight: 500 Style: italic"
      RenderBlock {DIV} at (0,12844) size 784x23
        RenderText {#text} at (0,2) size 126x20
          text run at (0,2) width 126: "\x{679C}\x{57CE}\x{7684}\x{7F8E}\x{8B7D}\x{3002}\x{4E2D}\x{56FD}\x{53E4}"
      RenderBlock {DIV} at (0,12867) size 784x20
        RenderText {#text} at (0,0) size 340x19
          text run at (0,0) width 340: "Font: Apple SD Gothic Neo Weight: 600 Style: italic"
      RenderBlock {DIV} at (0,12887) size 784x23
        RenderText {#text} at (0,2) size 126x20
          text run at (0,2) width 126: "\x{679C}\x{57CE}\x{7684}\x{7F8E}\x{8B7D}\x{3002}\x{4E2D}\x{56FD}\x{53E4}"
      RenderBlock {DIV} at (0,12910) size 784x20
        RenderText {#text} at (0,0) size 340x19
          text run at (0,0) width 340: "Font: Apple SD Gothic Neo Weight: 700 Style: italic"
      RenderBlock {DIV} at (0,12930) size 784x23
        RenderText {#text} at (0,2) size 126x20
          text run at (0,2) width 126: "\x{679C}\x{57CE}\x{7684}\x{7F8E}\x{8B7D}\x{3002}\x{4E2D}\x{56FD}\x{53E4}"
      RenderBlock {DIV} at (0,12953) size 784x20
        RenderText {#text} at (0,0) size 340x19
          text run at (0,0) width 340: "Font: Apple SD Gothic Neo Weight: 800 Style: italic"
      RenderBlock {DIV} at (0,12973) size 784x23
        RenderText {#text} at (0,2) size 126x20
          text run at (0,2) width 126: "\x{679C}\x{57CE}\x{7684}\x{7F8E}\x{8B7D}\x{3002}\x{4E2D}\x{56FD}\x{53E4}"
      RenderBlock {DIV} at (0,12996) size 784x20
        RenderText {#text} at (0,0) size 340x19
          text run at (0,0) width 340: "Font: Apple SD Gothic Neo Weight: 900 Style: italic"
      RenderBlock {DIV} at (0,13016) size 784x23
        RenderText {#text} at (0,2) size 126x20
          text run at (0,2) width 126: "\x{679C}\x{57CE}\x{7684}\x{7F8E}\x{8B7D}\x{3002}\x{4E2D}\x{56FD}\x{53E4}"
      RenderBlock {DIV} at (0,13039) size 784x20
        RenderText {#text} at (0,0) size 384x19
          text run at (0,0) width 384: "Font: AppleSDGothicNeo-Regular Weight: 100 Style: italic"
      RenderBlock {DIV} at (0,13059) size 784x23
        RenderText {#text} at (0,2) size 126x20
          text run at (0,2) width 126: "\x{679C}\x{57CE}\x{7684}\x{7F8E}\x{8B7D}\x{3002}\x{4E2D}\x{56FD}\x{53E4}"
      RenderBlock {DIV} at (0,13082) size 784x20
        RenderText {#text} at (0,0) size 384x19
          text run at (0,0) width 384: "Font: AppleSDGothicNeo-Regular Weight: 200 Style: italic"
      RenderBlock {DIV} at (0,13102) size 784x23
        RenderText {#text} at (0,2) size 126x20
          text run at (0,2) width 126: "\x{679C}\x{57CE}\x{7684}\x{7F8E}\x{8B7D}\x{3002}\x{4E2D}\x{56FD}\x{53E4}"
      RenderBlock {DIV} at (0,13125) size 784x20
        RenderText {#text} at (0,0) size 384x19
          text run at (0,0) width 384: "Font: AppleSDGothicNeo-Regular Weight: 300 Style: italic"
      RenderBlock {DIV} at (0,13145) size 784x23
        RenderText {#text} at (0,2) size 126x20
          text run at (0,2) width 126: "\x{679C}\x{57CE}\x{7684}\x{7F8E}\x{8B7D}\x{3002}\x{4E2D}\x{56FD}\x{53E4}"
      RenderBlock {DIV} at (0,13168) size 784x20
        RenderText {#text} at (0,0) size 384x19
          text run at (0,0) width 384: "Font: AppleSDGothicNeo-Regular Weight: 400 Style: italic"
      RenderBlock {DIV} at (0,13188) size 784x23
        RenderText {#text} at (0,2) size 126x20
          text run at (0,2) width 126: "\x{679C}\x{57CE}\x{7684}\x{7F8E}\x{8B7D}\x{3002}\x{4E2D}\x{56FD}\x{53E4}"
      RenderBlock {DIV} at (0,13211) size 784x20
        RenderText {#text} at (0,0) size 384x19
          text run at (0,0) width 384: "Font: AppleSDGothicNeo-Regular Weight: 500 Style: italic"
      RenderBlock {DIV} at (0,13231) size 784x23
        RenderText {#text} at (0,2) size 126x20
          text run at (0,2) width 126: "\x{679C}\x{57CE}\x{7684}\x{7F8E}\x{8B7D}\x{3002}\x{4E2D}\x{56FD}\x{53E4}"
      RenderBlock {DIV} at (0,13254) size 784x20
        RenderText {#text} at (0,0) size 384x19
          text run at (0,0) width 384: "Font: AppleSDGothicNeo-Regular Weight: 600 Style: italic"
      RenderBlock {DIV} at (0,13274) size 784x23
        RenderText {#text} at (0,2) size 126x20
          text run at (0,2) width 126: "\x{679C}\x{57CE}\x{7684}\x{7F8E}\x{8B7D}\x{3002}\x{4E2D}\x{56FD}\x{53E4}"
      RenderBlock {DIV} at (0,13297) size 784x20
        RenderText {#text} at (0,0) size 384x19
          text run at (0,0) width 384: "Font: AppleSDGothicNeo-Regular Weight: 700 Style: italic"
      RenderBlock {DIV} at (0,13317) size 784x23
        RenderText {#text} at (0,2) size 126x20
          text run at (0,2) width 126: "\x{679C}\x{57CE}\x{7684}\x{7F8E}\x{8B7D}\x{3002}\x{4E2D}\x{56FD}\x{53E4}"
      RenderBlock {DIV} at (0,13340) size 784x20
        RenderText {#text} at (0,0) size 384x19
          text run at (0,0) width 384: "Font: AppleSDGothicNeo-Regular Weight: 800 Style: italic"
      RenderBlock {DIV} at (0,13360) size 784x23
        RenderText {#text} at (0,2) size 126x20
          text run at (0,2) width 126: "\x{679C}\x{57CE}\x{7684}\x{7F8E}\x{8B7D}\x{3002}\x{4E2D}\x{56FD}\x{53E4}"
      RenderBlock {DIV} at (0,13383) size 784x20
        RenderText {#text} at (0,0) size 384x19
          text run at (0,0) width 384: "Font: AppleSDGothicNeo-Regular Weight: 900 Style: italic"
      RenderBlock {DIV} at (0,13403) size 784x23
        RenderText {#text} at (0,2) size 126x20
          text run at (0,2) width 126: "\x{679C}\x{57CE}\x{7684}\x{7F8E}\x{8B7D}\x{3002}\x{4E2D}\x{56FD}\x{53E4}"
      RenderBlock {DIV} at (0,13426) size 784x20
        RenderText {#text} at (0,0) size 387x19
          text run at (0,0) width 387: "Font: AppleSDGothicNeo-Medium Weight: 100 Style: italic"
      RenderBlock {DIV} at (0,13446) size 784x23
        RenderText {#text} at (0,2) size 126x20
          text run at (0,2) width 126: "\x{679C}\x{57CE}\x{7684}\x{7F8E}\x{8B7D}\x{3002}\x{4E2D}\x{56FD}\x{53E4}"
      RenderBlock {DIV} at (0,13469) size 784x20
        RenderText {#text} at (0,0) size 387x19
          text run at (0,0) width 387: "Font: AppleSDGothicNeo-Medium Weight: 200 Style: italic"
      RenderBlock {DIV} at (0,13489) size 784x23
        RenderText {#text} at (0,2) size 126x20
          text run at (0,2) width 126: "\x{679C}\x{57CE}\x{7684}\x{7F8E}\x{8B7D}\x{3002}\x{4E2D}\x{56FD}\x{53E4}"
      RenderBlock {DIV} at (0,13512) size 784x20
        RenderText {#text} at (0,0) size 387x19
          text run at (0,0) width 387: "Font: AppleSDGothicNeo-Medium Weight: 300 Style: italic"
      RenderBlock {DIV} at (0,13532) size 784x23
        RenderText {#text} at (0,2) size 126x20
          text run at (0,2) width 126: "\x{679C}\x{57CE}\x{7684}\x{7F8E}\x{8B7D}\x{3002}\x{4E2D}\x{56FD}\x{53E4}"
      RenderBlock {DIV} at (0,13555) size 784x20
        RenderText {#text} at (0,0) size 387x19
          text run at (0,0) width 387: "Font: AppleSDGothicNeo-Medium Weight: 400 Style: italic"
      RenderBlock {DIV} at (0,13575) size 784x23
        RenderText {#text} at (0,2) size 126x20
          text run at (0,2) width 126: "\x{679C}\x{57CE}\x{7684}\x{7F8E}\x{8B7D}\x{3002}\x{4E2D}\x{56FD}\x{53E4}"
      RenderBlock {DIV} at (0,13598) size 784x20
        RenderText {#text} at (0,0) size 387x19
          text run at (0,0) width 387: "Font: AppleSDGothicNeo-Medium Weight: 500 Style: italic"
      RenderBlock {DIV} at (0,13618) size 784x23
        RenderText {#text} at (0,2) size 126x20
          text run at (0,2) width 126: "\x{679C}\x{57CE}\x{7684}\x{7F8E}\x{8B7D}\x{3002}\x{4E2D}\x{56FD}\x{53E4}"
      RenderBlock {DIV} at (0,13641) size 784x20
        RenderText {#text} at (0,0) size 387x19
          text run at (0,0) width 387: "Font: AppleSDGothicNeo-Medium Weight: 600 Style: italic"
      RenderBlock {DIV} at (0,13661) size 784x23
        RenderText {#text} at (0,2) size 126x20
          text run at (0,2) width 126: "\x{679C}\x{57CE}\x{7684}\x{7F8E}\x{8B7D}\x{3002}\x{4E2D}\x{56FD}\x{53E4}"
      RenderBlock {DIV} at (0,13684) size 784x20
        RenderText {#text} at (0,0) size 387x19
          text run at (0,0) width 387: "Font: AppleSDGothicNeo-Medium Weight: 700 Style: italic"
      RenderBlock {DIV} at (0,13704) size 784x23
        RenderText {#text} at (0,2) size 126x20
          text run at (0,2) width 126: "\x{679C}\x{57CE}\x{7684}\x{7F8E}\x{8B7D}\x{3002}\x{4E2D}\x{56FD}\x{53E4}"
      RenderBlock {DIV} at (0,13727) size 784x20
        RenderText {#text} at (0,0) size 387x19
          text run at (0,0) width 387: "Font: AppleSDGothicNeo-Medium Weight: 800 Style: italic"
      RenderBlock {DIV} at (0,13747) size 784x23
        RenderText {#text} at (0,2) size 126x20
          text run at (0,2) width 126: "\x{679C}\x{57CE}\x{7684}\x{7F8E}\x{8B7D}\x{3002}\x{4E2D}\x{56FD}\x{53E4}"
      RenderBlock {DIV} at (0,13770) size 784x20
        RenderText {#text} at (0,0) size 387x19
          text run at (0,0) width 387: "Font: AppleSDGothicNeo-Medium Weight: 900 Style: italic"
      RenderBlock {DIV} at (0,13790) size 784x23
        RenderText {#text} at (0,2) size 126x20
          text run at (0,2) width 126: "\x{679C}\x{57CE}\x{7684}\x{7F8E}\x{8B7D}\x{3002}\x{4E2D}\x{56FD}\x{53E4}"
      RenderBlock {DIV} at (0,13813) size 784x20
        RenderText {#text} at (0,0) size 368x19
          text run at (0,0) width 368: "Font: AppleSDGothicNeo-Light Weight: 100 Style: italic"
      RenderBlock {DIV} at (0,13833) size 784x23
        RenderText {#text} at (0,2) size 126x20
          text run at (0,2) width 126: "\x{679C}\x{57CE}\x{7684}\x{7F8E}\x{8B7D}\x{3002}\x{4E2D}\x{56FD}\x{53E4}"
      RenderBlock {DIV} at (0,13856) size 784x20
        RenderText {#text} at (0,0) size 368x19
          text run at (0,0) width 368: "Font: AppleSDGothicNeo-Light Weight: 200 Style: italic"
      RenderBlock {DIV} at (0,13876) size 784x23
        RenderText {#text} at (0,2) size 126x20
          text run at (0,2) width 126: "\x{679C}\x{57CE}\x{7684}\x{7F8E}\x{8B7D}\x{3002}\x{4E2D}\x{56FD}\x{53E4}"
      RenderBlock {DIV} at (0,13899) size 784x20
        RenderText {#text} at (0,0) size 368x19
          text run at (0,0) width 368: "Font: AppleSDGothicNeo-Light Weight: 300 Style: italic"
      RenderBlock {DIV} at (0,13919) size 784x23
        RenderText {#text} at (0,2) size 126x20
          text run at (0,2) width 126: "\x{679C}\x{57CE}\x{7684}\x{7F8E}\x{8B7D}\x{3002}\x{4E2D}\x{56FD}\x{53E4}"
      RenderBlock {DIV} at (0,13942) size 784x20
        RenderText {#text} at (0,0) size 368x19
          text run at (0,0) width 368: "Font: AppleSDGothicNeo-Light Weight: 400 Style: italic"
      RenderBlock {DIV} at (0,13962) size 784x23
        RenderText {#text} at (0,2) size 126x20
          text run at (0,2) width 126: "\x{679C}\x{57CE}\x{7684}\x{7F8E}\x{8B7D}\x{3002}\x{4E2D}\x{56FD}\x{53E4}"
      RenderBlock {DIV} at (0,13985) size 784x20
        RenderText {#text} at (0,0) size 368x19
          text run at (0,0) width 368: "Font: AppleSDGothicNeo-Light Weight: 500 Style: italic"
      RenderBlock {DIV} at (0,14005) size 784x23
        RenderText {#text} at (0,2) size 126x20
          text run at (0,2) width 126: "\x{679C}\x{57CE}\x{7684}\x{7F8E}\x{8B7D}\x{3002}\x{4E2D}\x{56FD}\x{53E4}"
      RenderBlock {DIV} at (0,14028) size 784x20
        RenderText {#text} at (0,0) size 368x19
          text run at (0,0) width 368: "Font: AppleSDGothicNeo-Light Weight: 600 Style: italic"
      RenderBlock {DIV} at (0,14048) size 784x23
        RenderText {#text} at (0,2) size 126x20
          text run at (0,2) width 126: "\x{679C}\x{57CE}\x{7684}\x{7F8E}\x{8B7D}\x{3002}\x{4E2D}\x{56FD}\x{53E4}"
      RenderBlock {DIV} at (0,14071) size 784x20
        RenderText {#text} at (0,0) size 368x19
          text run at (0,0) width 368: "Font: AppleSDGothicNeo-Light Weight: 700 Style: italic"
      RenderBlock {DIV} at (0,14091) size 784x23
        RenderText {#text} at (0,2) size 126x20
          text run at (0,2) width 126: "\x{679C}\x{57CE}\x{7684}\x{7F8E}\x{8B7D}\x{3002}\x{4E2D}\x{56FD}\x{53E4}"
      RenderBlock {DIV} at (0,14114) size 784x20
        RenderText {#text} at (0,0) size 368x19
          text run at (0,0) width 368: "Font: AppleSDGothicNeo-Light Weight: 800 Style: italic"
      RenderBlock {DIV} at (0,14134) size 784x23
        RenderText {#text} at (0,2) size 126x20
          text run at (0,2) width 126: "\x{679C}\x{57CE}\x{7684}\x{7F8E}\x{8B7D}\x{3002}\x{4E2D}\x{56FD}\x{53E4}"
      RenderBlock {DIV} at (0,14157) size 784x20
        RenderText {#text} at (0,0) size 368x19
          text run at (0,0) width 368: "Font: AppleSDGothicNeo-Light Weight: 900 Style: italic"
      RenderBlock {DIV} at (0,14177) size 784x23
        RenderText {#text} at (0,2) size 126x20
          text run at (0,2) width 126: "\x{679C}\x{57CE}\x{7684}\x{7F8E}\x{8B7D}\x{3002}\x{4E2D}\x{56FD}\x{53E4}"
      RenderBlock {DIV} at (0,14200) size 784x20
        RenderText {#text} at (0,0) size 400x19
          text run at (0,0) width 400: "Font: AppleSDGothicNeo-UltraLight Weight: 100 Style: italic"
      RenderBlock {DIV} at (0,14220) size 784x23
        RenderText {#text} at (0,2) size 126x20
          text run at (0,2) width 126: "\x{679C}\x{57CE}\x{7684}\x{7F8E}\x{8B7D}\x{3002}\x{4E2D}\x{56FD}\x{53E4}"
      RenderBlock {DIV} at (0,14243) size 784x20
        RenderText {#text} at (0,0) size 400x19
          text run at (0,0) width 400: "Font: AppleSDGothicNeo-UltraLight Weight: 200 Style: italic"
      RenderBlock {DIV} at (0,14263) size 784x23
        RenderText {#text} at (0,2) size 126x20
          text run at (0,2) width 126: "\x{679C}\x{57CE}\x{7684}\x{7F8E}\x{8B7D}\x{3002}\x{4E2D}\x{56FD}\x{53E4}"
      RenderBlock {DIV} at (0,14286) size 784x20
        RenderText {#text} at (0,0) size 400x19
          text run at (0,0) width 400: "Font: AppleSDGothicNeo-UltraLight Weight: 300 Style: italic"
      RenderBlock {DIV} at (0,14306) size 784x23
        RenderText {#text} at (0,2) size 126x20
          text run at (0,2) width 126: "\x{679C}\x{57CE}\x{7684}\x{7F8E}\x{8B7D}\x{3002}\x{4E2D}\x{56FD}\x{53E4}"
      RenderBlock {DIV} at (0,14329) size 784x20
        RenderText {#text} at (0,0) size 400x19
          text run at (0,0) width 400: "Font: AppleSDGothicNeo-UltraLight Weight: 400 Style: italic"
      RenderBlock {DIV} at (0,14349) size 784x23
        RenderText {#text} at (0,2) size 126x20
          text run at (0,2) width 126: "\x{679C}\x{57CE}\x{7684}\x{7F8E}\x{8B7D}\x{3002}\x{4E2D}\x{56FD}\x{53E4}"
      RenderBlock {DIV} at (0,14372) size 784x20
        RenderText {#text} at (0,0) size 400x19
          text run at (0,0) width 400: "Font: AppleSDGothicNeo-UltraLight Weight: 500 Style: italic"
      RenderBlock {DIV} at (0,14392) size 784x23
        RenderText {#text} at (0,2) size 126x20
          text run at (0,2) width 126: "\x{679C}\x{57CE}\x{7684}\x{7F8E}\x{8B7D}\x{3002}\x{4E2D}\x{56FD}\x{53E4}"
      RenderBlock {DIV} at (0,14415) size 784x20
        RenderText {#text} at (0,0) size 400x19
          text run at (0,0) width 400: "Font: AppleSDGothicNeo-UltraLight Weight: 600 Style: italic"
      RenderBlock {DIV} at (0,14435) size 784x23
        RenderText {#text} at (0,2) size 126x20
          text run at (0,2) width 126: "\x{679C}\x{57CE}\x{7684}\x{7F8E}\x{8B7D}\x{3002}\x{4E2D}\x{56FD}\x{53E4}"
      RenderBlock {DIV} at (0,14458) size 784x20
        RenderText {#text} at (0,0) size 400x19
          text run at (0,0) width 400: "Font: AppleSDGothicNeo-UltraLight Weight: 700 Style: italic"
      RenderBlock {DIV} at (0,14478) size 784x23
        RenderText {#text} at (0,2) size 126x20
          text run at (0,2) width 126: "\x{679C}\x{57CE}\x{7684}\x{7F8E}\x{8B7D}\x{3002}\x{4E2D}\x{56FD}\x{53E4}"
      RenderBlock {DIV} at (0,14501) size 784x20
        RenderText {#text} at (0,0) size 400x19
          text run at (0,0) width 400: "Font: AppleSDGothicNeo-UltraLight Weight: 800 Style: italic"
      RenderBlock {DIV} at (0,14521) size 784x23
        RenderText {#text} at (0,2) size 126x20
          text run at (0,2) width 126: "\x{679C}\x{57CE}\x{7684}\x{7F8E}\x{8B7D}\x{3002}\x{4E2D}\x{56FD}\x{53E4}"
      RenderBlock {DIV} at (0,14544) size 784x20
        RenderText {#text} at (0,0) size 400x19
          text run at (0,0) width 400: "Font: AppleSDGothicNeo-UltraLight Weight: 900 Style: italic"
      RenderBlock {DIV} at (0,14564) size 784x23
        RenderText {#text} at (0,2) size 126x20
          text run at (0,2) width 126: "\x{679C}\x{57CE}\x{7684}\x{7F8E}\x{8B7D}\x{3002}\x{4E2D}\x{56FD}\x{53E4}"
      RenderBlock {DIV} at (0,14587) size 784x20
        RenderText {#text} at (0,0) size 363x19
          text run at (0,0) width 363: "Font: AppleSDGothicNeo-Thin Weight: 100 Style: italic"
      RenderBlock {DIV} at (0,14607) size 784x23
        RenderText {#text} at (0,2) size 126x20
          text run at (0,2) width 126: "\x{679C}\x{57CE}\x{7684}\x{7F8E}\x{8B7D}\x{3002}\x{4E2D}\x{56FD}\x{53E4}"
      RenderBlock {DIV} at (0,14630) size 784x20
        RenderText {#text} at (0,0) size 363x19
          text run at (0,0) width 363: "Font: AppleSDGothicNeo-Thin Weight: 200 Style: italic"
      RenderBlock {DIV} at (0,14650) size 784x23
        RenderText {#text} at (0,2) size 126x20
          text run at (0,2) width 126: "\x{679C}\x{57CE}\x{7684}\x{7F8E}\x{8B7D}\x{3002}\x{4E2D}\x{56FD}\x{53E4}"
      RenderBlock {DIV} at (0,14673) size 784x20
        RenderText {#text} at (0,0) size 363x19
          text run at (0,0) width 363: "Font: AppleSDGothicNeo-Thin Weight: 300 Style: italic"
      RenderBlock {DIV} at (0,14693) size 784x23
        RenderText {#text} at (0,2) size 126x20
          text run at (0,2) width 126: "\x{679C}\x{57CE}\x{7684}\x{7F8E}\x{8B7D}\x{3002}\x{4E2D}\x{56FD}\x{53E4}"
      RenderBlock {DIV} at (0,14716) size 784x20
        RenderText {#text} at (0,0) size 363x19
          text run at (0,0) width 363: "Font: AppleSDGothicNeo-Thin Weight: 400 Style: italic"
      RenderBlock {DIV} at (0,14736) size 784x23
        RenderText {#text} at (0,2) size 126x20
          text run at (0,2) width 126: "\x{679C}\x{57CE}\x{7684}\x{7F8E}\x{8B7D}\x{3002}\x{4E2D}\x{56FD}\x{53E4}"
      RenderBlock {DIV} at (0,14759) size 784x20
        RenderText {#text} at (0,0) size 363x19
          text run at (0,0) width 363: "Font: AppleSDGothicNeo-Thin Weight: 500 Style: italic"
      RenderBlock {DIV} at (0,14779) size 784x23
        RenderText {#text} at (0,2) size 126x20
          text run at (0,2) width 126: "\x{679C}\x{57CE}\x{7684}\x{7F8E}\x{8B7D}\x{3002}\x{4E2D}\x{56FD}\x{53E4}"
      RenderBlock {DIV} at (0,14802) size 784x20
        RenderText {#text} at (0,0) size 363x19
          text run at (0,0) width 363: "Font: AppleSDGothicNeo-Thin Weight: 600 Style: italic"
      RenderBlock {DIV} at (0,14822) size 784x23
        RenderText {#text} at (0,2) size 126x20
          text run at (0,2) width 126: "\x{679C}\x{57CE}\x{7684}\x{7F8E}\x{8B7D}\x{3002}\x{4E2D}\x{56FD}\x{53E4}"
      RenderBlock {DIV} at (0,14845) size 784x20
        RenderText {#text} at (0,0) size 363x19
          text run at (0,0) width 363: "Font: AppleSDGothicNeo-Thin Weight: 700 Style: italic"
      RenderBlock {DIV} at (0,14865) size 784x23
        RenderText {#text} at (0,2) size 126x20
          text run at (0,2) width 126: "\x{679C}\x{57CE}\x{7684}\x{7F8E}\x{8B7D}\x{3002}\x{4E2D}\x{56FD}\x{53E4}"
      RenderBlock {DIV} at (0,14888) size 784x20
        RenderText {#text} at (0,0) size 363x19
          text run at (0,0) width 363: "Font: AppleSDGothicNeo-Thin Weight: 800 Style: italic"
      RenderBlock {DIV} at (0,14908) size 784x23
        RenderText {#text} at (0,2) size 126x20
          text run at (0,2) width 126: "\x{679C}\x{57CE}\x{7684}\x{7F8E}\x{8B7D}\x{3002}\x{4E2D}\x{56FD}\x{53E4}"
      RenderBlock {DIV} at (0,14931) size 784x20
        RenderText {#text} at (0,0) size 363x19
          text run at (0,0) width 363: "Font: AppleSDGothicNeo-Thin Weight: 900 Style: italic"
      RenderBlock {DIV} at (0,14951) size 784x23
        RenderText {#text} at (0,2) size 126x20
          text run at (0,2) width 126: "\x{679C}\x{57CE}\x{7684}\x{7F8E}\x{8B7D}\x{3002}\x{4E2D}\x{56FD}\x{53E4}"
      RenderBlock {DIV} at (0,14974) size 784x20
        RenderText {#text} at (0,0) size 397x19
          text run at (0,0) width 397: "Font: AppleSDGothicNeo-SemiBold Weight: 100 Style: italic"
      RenderBlock {DIV} at (0,14994) size 784x23
        RenderText {#text} at (0,2) size 126x20
          text run at (0,2) width 126: "\x{679C}\x{57CE}\x{7684}\x{7F8E}\x{8B7D}\x{3002}\x{4E2D}\x{56FD}\x{53E4}"
      RenderBlock {DIV} at (0,15017) size 784x20
        RenderText {#text} at (0,0) size 397x19
          text run at (0,0) width 397: "Font: AppleSDGothicNeo-SemiBold Weight: 200 Style: italic"
      RenderBlock {DIV} at (0,15037) size 784x23
        RenderText {#text} at (0,2) size 126x20
          text run at (0,2) width 126: "\x{679C}\x{57CE}\x{7684}\x{7F8E}\x{8B7D}\x{3002}\x{4E2D}\x{56FD}\x{53E4}"
      RenderBlock {DIV} at (0,15060) size 784x20
        RenderText {#text} at (0,0) size 397x19
          text run at (0,0) width 397: "Font: AppleSDGothicNeo-SemiBold Weight: 300 Style: italic"
      RenderBlock {DIV} at (0,15080) size 784x23
        RenderText {#text} at (0,2) size 126x20
          text run at (0,2) width 126: "\x{679C}\x{57CE}\x{7684}\x{7F8E}\x{8B7D}\x{3002}\x{4E2D}\x{56FD}\x{53E4}"
      RenderBlock {DIV} at (0,15103) size 784x20
        RenderText {#text} at (0,0) size 397x19
          text run at (0,0) width 397: "Font: AppleSDGothicNeo-SemiBold Weight: 400 Style: italic"
      RenderBlock {DIV} at (0,15123) size 784x23
        RenderText {#text} at (0,2) size 126x20
          text run at (0,2) width 126: "\x{679C}\x{57CE}\x{7684}\x{7F8E}\x{8B7D}\x{3002}\x{4E2D}\x{56FD}\x{53E4}"
      RenderBlock {DIV} at (0,15146) size 784x20
        RenderText {#text} at (0,0) size 397x19
          text run at (0,0) width 397: "Font: AppleSDGothicNeo-SemiBold Weight: 500 Style: italic"
      RenderBlock {DIV} at (0,15166) size 784x23
        RenderText {#text} at (0,2) size 126x20
          text run at (0,2) width 126: "\x{679C}\x{57CE}\x{7684}\x{7F8E}\x{8B7D}\x{3002}\x{4E2D}\x{56FD}\x{53E4}"
      RenderBlock {DIV} at (0,15189) size 784x20
        RenderText {#text} at (0,0) size 397x19
          text run at (0,0) width 397: "Font: AppleSDGothicNeo-SemiBold Weight: 600 Style: italic"
      RenderBlock {DIV} at (0,15209) size 784x23
        RenderText {#text} at (0,2) size 126x20
          text run at (0,2) width 126: "\x{679C}\x{57CE}\x{7684}\x{7F8E}\x{8B7D}\x{3002}\x{4E2D}\x{56FD}\x{53E4}"
      RenderBlock {DIV} at (0,15232) size 784x20
        RenderText {#text} at (0,0) size 397x19
          text run at (0,0) width 397: "Font: AppleSDGothicNeo-SemiBold Weight: 700 Style: italic"
      RenderBlock {DIV} at (0,15252) size 784x23
        RenderText {#text} at (0,2) size 126x20
          text run at (0,2) width 126: "\x{679C}\x{57CE}\x{7684}\x{7F8E}\x{8B7D}\x{3002}\x{4E2D}\x{56FD}\x{53E4}"
      RenderBlock {DIV} at (0,15275) size 784x20
        RenderText {#text} at (0,0) size 397x19
          text run at (0,0) width 397: "Font: AppleSDGothicNeo-SemiBold Weight: 800 Style: italic"
      RenderBlock {DIV} at (0,15295) size 784x23
        RenderText {#text} at (0,2) size 126x20
          text run at (0,2) width 126: "\x{679C}\x{57CE}\x{7684}\x{7F8E}\x{8B7D}\x{3002}\x{4E2D}\x{56FD}\x{53E4}"
      RenderBlock {DIV} at (0,15318) size 784x20
        RenderText {#text} at (0,0) size 397x19
          text run at (0,0) width 397: "Font: AppleSDGothicNeo-SemiBold Weight: 900 Style: italic"
      RenderBlock {DIV} at (0,15338) size 784x23
        RenderText {#text} at (0,2) size 126x20
          text run at (0,2) width 126: "\x{679C}\x{57CE}\x{7684}\x{7F8E}\x{8B7D}\x{3002}\x{4E2D}\x{56FD}\x{53E4}"
      RenderBlock {DIV} at (0,15361) size 784x20
        RenderText {#text} at (0,0) size 364x19
          text run at (0,0) width 364: "Font: AppleSDGothicNeo-Bold Weight: 100 Style: italic"
      RenderBlock {DIV} at (0,15381) size 784x23
        RenderText {#text} at (0,2) size 126x20
          text run at (0,2) width 126: "\x{679C}\x{57CE}\x{7684}\x{7F8E}\x{8B7D}\x{3002}\x{4E2D}\x{56FD}\x{53E4}"
      RenderBlock {DIV} at (0,15404) size 784x20
        RenderText {#text} at (0,0) size 364x19
          text run at (0,0) width 364: "Font: AppleSDGothicNeo-Bold Weight: 200 Style: italic"
      RenderBlock {DIV} at (0,15424) size 784x23
        RenderText {#text} at (0,2) size 126x20
          text run at (0,2) width 126: "\x{679C}\x{57CE}\x{7684}\x{7F8E}\x{8B7D}\x{3002}\x{4E2D}\x{56FD}\x{53E4}"
      RenderBlock {DIV} at (0,15447) size 784x20
        RenderText {#text} at (0,0) size 364x19
          text run at (0,0) width 364: "Font: AppleSDGothicNeo-Bold Weight: 300 Style: italic"
      RenderBlock {DIV} at (0,15467) size 784x23
        RenderText {#text} at (0,2) size 126x20
          text run at (0,2) width 126: "\x{679C}\x{57CE}\x{7684}\x{7F8E}\x{8B7D}\x{3002}\x{4E2D}\x{56FD}\x{53E4}"
      RenderBlock {DIV} at (0,15490) size 784x20
        RenderText {#text} at (0,0) size 364x19
          text run at (0,0) width 364: "Font: AppleSDGothicNeo-Bold Weight: 400 Style: italic"
      RenderBlock {DIV} at (0,15510) size 784x23
        RenderText {#text} at (0,2) size 126x20
          text run at (0,2) width 126: "\x{679C}\x{57CE}\x{7684}\x{7F8E}\x{8B7D}\x{3002}\x{4E2D}\x{56FD}\x{53E4}"
      RenderBlock {DIV} at (0,15533) size 784x20
        RenderText {#text} at (0,0) size 364x19
          text run at (0,0) width 364: "Font: AppleSDGothicNeo-Bold Weight: 500 Style: italic"
      RenderBlock {DIV} at (0,15553) size 784x23
        RenderText {#text} at (0,2) size 126x20
          text run at (0,2) width 126: "\x{679C}\x{57CE}\x{7684}\x{7F8E}\x{8B7D}\x{3002}\x{4E2D}\x{56FD}\x{53E4}"
      RenderBlock {DIV} at (0,15576) size 784x20
        RenderText {#text} at (0,0) size 364x19
          text run at (0,0) width 364: "Font: AppleSDGothicNeo-Bold Weight: 600 Style: italic"
      RenderBlock {DIV} at (0,15596) size 784x23
        RenderText {#text} at (0,2) size 126x20
          text run at (0,2) width 126: "\x{679C}\x{57CE}\x{7684}\x{7F8E}\x{8B7D}\x{3002}\x{4E2D}\x{56FD}\x{53E4}"
      RenderBlock {DIV} at (0,15619) size 784x20
        RenderText {#text} at (0,0) size 364x19
          text run at (0,0) width 364: "Font: AppleSDGothicNeo-Bold Weight: 700 Style: italic"
      RenderBlock {DIV} at (0,15639) size 784x23
        RenderText {#text} at (0,2) size 126x20
          text run at (0,2) width 126: "\x{679C}\x{57CE}\x{7684}\x{7F8E}\x{8B7D}\x{3002}\x{4E2D}\x{56FD}\x{53E4}"
      RenderBlock {DIV} at (0,15662) size 784x20
        RenderText {#text} at (0,0) size 364x19
          text run at (0,0) width 364: "Font: AppleSDGothicNeo-Bold Weight: 800 Style: italic"
      RenderBlock {DIV} at (0,15682) size 784x23
        RenderText {#text} at (0,2) size 126x20
          text run at (0,2) width 126: "\x{679C}\x{57CE}\x{7684}\x{7F8E}\x{8B7D}\x{3002}\x{4E2D}\x{56FD}\x{53E4}"
      RenderBlock {DIV} at (0,15705) size 784x20
        RenderText {#text} at (0,0) size 364x19
          text run at (0,0) width 364: "Font: AppleSDGothicNeo-Bold Weight: 900 Style: italic"
      RenderBlock {DIV} at (0,15725) size 784x23
        RenderText {#text} at (0,2) size 126x20
          text run at (0,2) width 126: "\x{679C}\x{57CE}\x{7684}\x{7F8E}\x{8B7D}\x{3002}\x{4E2D}\x{56FD}\x{53E4}"
      RenderBlock {DIV} at (0,15748) size 784x20
        RenderText {#text} at (0,0) size 399x19
          text run at (0,0) width 399: "Font: AppleSDGothicNeo-ExtraBold Weight: 100 Style: italic"
      RenderBlock {DIV} at (0,15768) size 784x23
        RenderText {#text} at (0,2) size 144x19
          text run at (0,2) width 144: "\x{679C}\x{57CE}\x{7684}\x{7F8E}\x{8B7D}\x{3002}\x{4E2D}\x{56FD}\x{53E4}"
      RenderBlock {DIV} at (0,15791) size 784x20
        RenderText {#text} at (0,0) size 399x19
          text run at (0,0) width 399: "Font: AppleSDGothicNeo-ExtraBold Weight: 200 Style: italic"
      RenderBlock {DIV} at (0,15811) size 784x23
        RenderText {#text} at (0,2) size 144x19
          text run at (0,2) width 144: "\x{679C}\x{57CE}\x{7684}\x{7F8E}\x{8B7D}\x{3002}\x{4E2D}\x{56FD}\x{53E4}"
      RenderBlock {DIV} at (0,15834) size 784x20
        RenderText {#text} at (0,0) size 399x19
          text run at (0,0) width 399: "Font: AppleSDGothicNeo-ExtraBold Weight: 300 Style: italic"
      RenderBlock {DIV} at (0,15854) size 784x23
        RenderText {#text} at (0,2) size 144x19
          text run at (0,2) width 144: "\x{679C}\x{57CE}\x{7684}\x{7F8E}\x{8B7D}\x{3002}\x{4E2D}\x{56FD}\x{53E4}"
      RenderBlock {DIV} at (0,15877) size 784x20
        RenderText {#text} at (0,0) size 399x19
          text run at (0,0) width 399: "Font: AppleSDGothicNeo-ExtraBold Weight: 400 Style: italic"
      RenderBlock {DIV} at (0,15897) size 784x23
        RenderText {#text} at (0,2) size 144x19
          text run at (0,2) width 144: "\x{679C}\x{57CE}\x{7684}\x{7F8E}\x{8B7D}\x{3002}\x{4E2D}\x{56FD}\x{53E4}"
      RenderBlock {DIV} at (0,15920) size 784x20
        RenderText {#text} at (0,0) size 399x19
          text run at (0,0) width 399: "Font: AppleSDGothicNeo-ExtraBold Weight: 500 Style: italic"
      RenderBlock {DIV} at (0,15940) size 784x23
        RenderText {#text} at (0,2) size 144x19
          text run at (0,2) width 144: "\x{679C}\x{57CE}\x{7684}\x{7F8E}\x{8B7D}\x{3002}\x{4E2D}\x{56FD}\x{53E4}"
      RenderBlock {DIV} at (0,15963) size 784x20
        RenderText {#text} at (0,0) size 399x19
          text run at (0,0) width 399: "Font: AppleSDGothicNeo-ExtraBold Weight: 600 Style: italic"
      RenderBlock {DIV} at (0,15983) size 784x23
        RenderText {#text} at (0,2) size 144x19
          text run at (0,2) width 144: "\x{679C}\x{57CE}\x{7684}\x{7F8E}\x{8B7D}\x{3002}\x{4E2D}\x{56FD}\x{53E4}"
      RenderBlock {DIV} at (0,16006) size 784x20
        RenderText {#text} at (0,0) size 399x19
          text run at (0,0) width 399: "Font: AppleSDGothicNeo-ExtraBold Weight: 700 Style: italic"
      RenderBlock {DIV} at (0,16026) size 784x23
        RenderText {#text} at (0,2) size 144x19
          text run at (0,2) width 144: "\x{679C}\x{57CE}\x{7684}\x{7F8E}\x{8B7D}\x{3002}\x{4E2D}\x{56FD}\x{53E4}"
      RenderBlock {DIV} at (0,16049) size 784x20
        RenderText {#text} at (0,0) size 399x19
          text run at (0,0) width 399: "Font: AppleSDGothicNeo-ExtraBold Weight: 800 Style: italic"
      RenderBlock {DIV} at (0,16069) size 784x23
        RenderText {#text} at (0,2) size 144x19
          text run at (0,2) width 144: "\x{679C}\x{57CE}\x{7684}\x{7F8E}\x{8B7D}\x{3002}\x{4E2D}\x{56FD}\x{53E4}"
      RenderBlock {DIV} at (0,16092) size 784x20
        RenderText {#text} at (0,0) size 399x19
          text run at (0,0) width 399: "Font: AppleSDGothicNeo-ExtraBold Weight: 900 Style: italic"
      RenderBlock {DIV} at (0,16112) size 784x23
        RenderText {#text} at (0,2) size 144x19
          text run at (0,2) width 144: "\x{679C}\x{57CE}\x{7684}\x{7F8E}\x{8B7D}\x{3002}\x{4E2D}\x{56FD}\x{53E4}"
      RenderBlock {DIV} at (0,16135) size 784x20
        RenderText {#text} at (0,0) size 375x19
          text run at (0,0) width 375: "Font: AppleSDGothicNeo-Heavy Weight: 100 Style: italic"
      RenderBlock {DIV} at (0,16155) size 784x23
        RenderText {#text} at (0,2) size 144x19
          text run at (0,2) width 144: "\x{679C}\x{57CE}\x{7684}\x{7F8E}\x{8B7D}\x{3002}\x{4E2D}\x{56FD}\x{53E4}"
      RenderBlock {DIV} at (0,16178) size 784x20
        RenderText {#text} at (0,0) size 375x19
          text run at (0,0) width 375: "Font: AppleSDGothicNeo-Heavy Weight: 200 Style: italic"
      RenderBlock {DIV} at (0,16198) size 784x23
        RenderText {#text} at (0,2) size 144x19
          text run at (0,2) width 144: "\x{679C}\x{57CE}\x{7684}\x{7F8E}\x{8B7D}\x{3002}\x{4E2D}\x{56FD}\x{53E4}"
      RenderBlock {DIV} at (0,16221) size 784x20
        RenderText {#text} at (0,0) size 375x19
          text run at (0,0) width 375: "Font: AppleSDGothicNeo-Heavy Weight: 300 Style: italic"
      RenderBlock {DIV} at (0,16241) size 784x23
        RenderText {#text} at (0,2) size 144x19
          text run at (0,2) width 144: "\x{679C}\x{57CE}\x{7684}\x{7F8E}\x{8B7D}\x{3002}\x{4E2D}\x{56FD}\x{53E4}"
      RenderBlock {DIV} at (0,16264) size 784x20
        RenderText {#text} at (0,0) size 375x19
          text run at (0,0) width 375: "Font: AppleSDGothicNeo-Heavy Weight: 400 Style: italic"
      RenderBlock {DIV} at (0,16284) size 784x23
        RenderText {#text} at (0,2) size 144x19
          text run at (0,2) width 144: "\x{679C}\x{57CE}\x{7684}\x{7F8E}\x{8B7D}\x{3002}\x{4E2D}\x{56FD}\x{53E4}"
      RenderBlock {DIV} at (0,16307) size 784x20
        RenderText {#text} at (0,0) size 375x19
          text run at (0,0) width 375: "Font: AppleSDGothicNeo-Heavy Weight: 500 Style: italic"
      RenderBlock {DIV} at (0,16327) size 784x23
        RenderText {#text} at (0,2) size 144x19
          text run at (0,2) width 144: "\x{679C}\x{57CE}\x{7684}\x{7F8E}\x{8B7D}\x{3002}\x{4E2D}\x{56FD}\x{53E4}"
      RenderBlock {DIV} at (0,16350) size 784x20
        RenderText {#text} at (0,0) size 375x19
          text run at (0,0) width 375: "Font: AppleSDGothicNeo-Heavy Weight: 600 Style: italic"
      RenderBlock {DIV} at (0,16370) size 784x23
        RenderText {#text} at (0,2) size 144x19
          text run at (0,2) width 144: "\x{679C}\x{57CE}\x{7684}\x{7F8E}\x{8B7D}\x{3002}\x{4E2D}\x{56FD}\x{53E4}"
      RenderBlock {DIV} at (0,16393) size 784x20
        RenderText {#text} at (0,0) size 375x19
          text run at (0,0) width 375: "Font: AppleSDGothicNeo-Heavy Weight: 700 Style: italic"
      RenderBlock {DIV} at (0,16413) size 784x23
        RenderText {#text} at (0,2) size 144x19
          text run at (0,2) width 144: "\x{679C}\x{57CE}\x{7684}\x{7F8E}\x{8B7D}\x{3002}\x{4E2D}\x{56FD}\x{53E4}"
      RenderBlock {DIV} at (0,16436) size 784x20
        RenderText {#text} at (0,0) size 375x19
          text run at (0,0) width 375: "Font: AppleSDGothicNeo-Heavy Weight: 800 Style: italic"
      RenderBlock {DIV} at (0,16456) size 784x23
        RenderText {#text} at (0,2) size 144x19
          text run at (0,2) width 144: "\x{679C}\x{57CE}\x{7684}\x{7F8E}\x{8B7D}\x{3002}\x{4E2D}\x{56FD}\x{53E4}"
      RenderBlock {DIV} at (0,16479) size 784x20
        RenderText {#text} at (0,0) size 375x19
          text run at (0,0) width 375: "Font: AppleSDGothicNeo-Heavy Weight: 900 Style: italic"
      RenderBlock {DIV} at (0,16499) size 784x23
        RenderText {#text} at (0,2) size 144x19
          text run at (0,2) width 144: "\x{679C}\x{57CE}\x{7684}\x{7F8E}\x{8B7D}\x{3002}\x{4E2D}\x{56FD}\x{53E4}"
