layer at (0,0) size 800x697
  RenderView at (0,0) size 800x600
layer at (0,0) size 800x697
  RenderBlock {html} at (0,0) size 800x697
    RenderBody {body} at (8,16) size 784x665
      RenderBlock {p} at (0,0) size 784x18
        RenderText {#text} at (0,0) size 177x18
          text run at (0,0) width 177: "square root (should be red): "
        RenderMathMLMath {math} at (177,0) size 20x17
          RenderMathMLRoot {msqrt} at (0,0) size 20x17 [color=#FF0000]
            RenderMathMLToken {mn} at (11,3) size 9x13
              RenderBlock (anonymous) at (0,0) size 9x12
                RenderText {#text} at (0,-1) size 9x16
                  text run at (0,-1) width 9: "2"
      RenderBlock {p} at (0,34) size 784x18
        RenderText {#text} at (0,0) size 110x18
          text run at (0,0) width 110: "long square root: "
        RenderMathMLMath {math} at (110,0) size 49x17
          RenderMathMLRoot {msqrt} at (0,0) size 49x17
            RenderMathMLRow {mrow} at (11,3) size 38x13
              RenderMathMLToken {mi} at (0,3) size 9x8 [padding: 0 2 0 0]
                RenderBlock (anonymous) at (0,0) size 8x9
                  RenderText {#text} at (0,-4) size 8x16
                    text run at (0,-4) width 8: "x"
              RenderMathMLOperator {mo} at (9,1) size 20x11
                RenderBlock (anonymous) at (3,0) size 13x11
                  RenderText {#text} at (0,-2) size 12x16
                    text run at (0,-2) width 12: "+"
              RenderMathMLToken {mn} at (28,0) size 10x12
                RenderBlock (anonymous) at (0,0) size 9x12
                  RenderText {#text} at (0,-1) size 9x16
                    text run at (0,-1) width 9: "1"
      RenderBlock {p} at (0,68) size 784x22
        RenderText {#text} at (0,4) size 222x18
          text run at (0,4) width 222: "long square root with implied row: "
        RenderMathMLMath {math} at (222,0) size 57x21
          RenderMathMLRoot {msqrt} at (0,0) size 57x21
            RenderMathMLScripts {msup} at (12,3) size 17x16
              RenderMathMLToken {mi} at (0,6) size 9x9 [padding: 0 2 0 0]
                RenderBlock (anonymous) at (0,0) size 8x9
                  RenderText {#text} at (0,-4) size 8x16
                    text run at (0,-4) width 8: "x"
              RenderMathMLToken {mn} at (9,0) size 7x10
                RenderBlock (anonymous) at (0,0) size 7x10
                  RenderText {#text} at (0,0) size 7x12
                    text run at (0,0) width 7: "2"
            RenderMathMLOperator {mo} at (28,8) size 20x12
              RenderBlock (anonymous) at (3,0) size 13x11
                RenderText {#text} at (0,-2) size 12x16
                  text run at (0,-2) width 12: "+"
            RenderMathMLToken {mn} at (47,7) size 10x13
              RenderBlock (anonymous) at (0,0) size 9x12
                RenderText {#text} at (0,-1) size 9x16
                  text run at (0,-1) width 9: "1"
      RenderBlock {p} at (0,106) size 784x37
        RenderText {#text} at (0,9) size 113x18
          text run at (0,9) width 113: "root of a fraction: "
        RenderMathMLMath {math} at (113,0) size 50x37
          RenderMathMLRoot {msqrt} at (0,0) size 50x37
            RenderMathMLFraction {mfrac} at (12,3) size 38x30
              RenderMathMLRow {mrow} at (0,0) size 38x12
                RenderMathMLToken {mi} at (0,3) size 9x8 [padding: 0 2 0 0]
                  RenderBlock (anonymous) at (0,0) size 8x9
                    RenderText {#text} at (0,-4) size 8x16
                      text run at (0,-4) width 8: "x"
                RenderMathMLOperator {mo} at (9,1) size 20x11
                  RenderBlock (anonymous) at (3,0) size 13x11
                    RenderText {#text} at (0,-2) size 12x16
                      text run at (0,-2) width 12: "+"
                RenderMathMLToken {mn} at (28,0) size 10x12
                  RenderBlock (anonymous) at (0,0) size 9x12
                    RenderText {#text} at (0,-1) size 9x16
                      text run at (0,-1) width 9: "1"
              RenderMathMLRow {mrow} at (0,17) size 38x13
                RenderMathMLToken {mi} at (0,3) size 9x8 [padding: 0 2 0 0]
                  RenderBlock (anonymous) at (0,0) size 8x9
                    RenderText {#text} at (0,-4) size 8x16
                      text run at (0,-4) width 8: "x"
                RenderMathMLOperator {mo} at (9,1) size 20x11
                  RenderBlock (anonymous) at (3,0) size 13x11
                    RenderText {#text} at (0,-2) size 12x16
                      text run at (0,-2) width 12: "+"
                RenderMathMLToken {mn} at (28,0) size 10x12
                  RenderBlock (anonymous) at (0,0) size 9x12
                    RenderText {#text} at (0,-1) size 9x16
                      text run at (0,-1) width 9: "2"
      RenderBlock {p} at (0,159) size 784x20
        RenderText {#text} at (0,2) size 173x18
          text run at (0,2) width 173: "cube root (should be blue): "
        RenderMathMLMath {math} at (173,0) size 22x18 [color=#0000FF]
          RenderMathMLRoot {mroot} at (0,0) size 22x18
            RenderMathMLToken {mn} at (12,4) size 10x13
              RenderBlock (anonymous) at (0,0) size 9x12
                RenderText {#text} at (0,-1) size 9x16
                  text run at (0,-1) width 9: "2"
            RenderMathMLToken {mn} at (1,0) size 6x8
              RenderBlock (anonymous) at (0,0) size 5x8
                RenderText {#text} at (0,0) size 5x9
                  text run at (0,0) width 5: "3"
      RenderBlock {p} at (0,195) size 784x20
        RenderText {#text} at (0,2) size 75x18
          text run at (0,2) width 75: "long index: "
        RenderMathMLMath {math} at (75,0) size 53x19
          RenderMathMLRoot {mroot} at (0,0) size 53x19
            RenderMathMLToken {mn} at (43,5) size 10x13
              RenderBlock (anonymous) at (0,0) size 9x12
                RenderText {#text} at (0,-1) size 9x16
                  text run at (0,-1) width 9: "2"
            RenderMathMLRow {mrow} at (1,0) size 37x9
              RenderMathMLToken {mi} at (0,2) size 5x5 [padding: 0 1 0 0]
                RenderBlock (anonymous) at (0,0) size 4x6
                  RenderText {#text} at (0,-2) size 4x9
                    text run at (0,-2) width 4: "x"
              RenderMathMLOperator {mo} at (5,0) size 11x7
                RenderBlock (anonymous) at (2,0) size 7x7
                  RenderText {#text} at (0,-1) size 7x9
                    text run at (0,-1) width 7: "+"
              RenderMathMLToken {mi} at (16,2) size 5x7 [padding: 0 1 0 0]
                RenderBlock (anonymous) at (0,0) size 5x7
                  RenderText {#text} at (0,-2) size 5x9
                    text run at (0,-2) width 5: "y"
              RenderMathMLOperator {mo} at (21,0) size 11x7
                RenderBlock (anonymous) at (2,0) size 7x7
                  RenderText {#text} at (0,-1) size 7x9
                    text run at (0,-1) width 7: "+"
              RenderMathMLToken {mi} at (32,2) size 4x5 [padding: 0 1 0 0]
                RenderBlock (anonymous) at (0,0) size 4x6
                  RenderText {#text} at (0,-2) size 4x9
                    text run at (0,-2) width 4: "z"
      RenderBlock {p} at (0,231) size 784x37
        RenderText {#text} at (0,9) size 185x18
          text run at (0,9) width 185: "long index w/ complex base: "
        RenderMathMLMath {math} at (185,0) size 82x37
          RenderMathMLRoot {mroot} at (0,0) size 82x37
            RenderMathMLFraction {mfrac} at (44,3) size 38x30
              RenderMathMLRow {mrow} at (0,0) size 38x12
                RenderMathMLToken {mi} at (0,3) size 9x8 [padding: 0 2 0 0]
                  RenderBlock (anonymous) at (0,0) size 8x9
                    RenderText {#text} at (0,-4) size 8x16
                      text run at (0,-4) width 8: "x"
                RenderMathMLOperator {mo} at (9,1) size 20x11
                  RenderBlock (anonymous) at (3,0) size 13x11
                    RenderText {#text} at (0,-2) size 12x16
                      text run at (0,-2) width 12: "+"
                RenderMathMLToken {mn} at (28,0) size 10x12
                  RenderBlock (anonymous) at (0,0) size 9x12
                    RenderText {#text} at (0,-1) size 9x16
                      text run at (0,-1) width 9: "1"
              RenderMathMLRow {mrow} at (0,17) size 38x13
                RenderMathMLToken {mi} at (0,3) size 9x8 [padding: 0 2 0 0]
                  RenderBlock (anonymous) at (0,0) size 8x9
                    RenderText {#text} at (0,-4) size 8x16
                      text run at (0,-4) width 8: "x"
                RenderMathMLOperator {mo} at (9,1) size 20x11
                  RenderBlock (anonymous) at (3,0) size 13x11
                    RenderText {#text} at (0,-2) size 12x16
                      text run at (0,-2) width 12: "+"
                RenderMathMLToken {mn} at (28,0) size 10x12
                  RenderBlock (anonymous) at (0,0) size 9x12
                    RenderText {#text} at (0,-1) size 9x16
                      text run at (0,-1) width 9: "2"
            RenderMathMLRow {mrow} at (1,5) size 37x9
              RenderMathMLToken {mi} at (0,2) size 5x5 [padding: 0 1 0 0]
                RenderBlock (anonymous) at (0,0) size 4x6
                  RenderText {#text} at (0,-2) size 4x9
                    text run at (0,-2) width 4: "x"
              RenderMathMLOperator {mo} at (5,0) size 11x7
                RenderBlock (anonymous) at (2,0) size 7x7
                  RenderText {#text} at (0,-1) size 7x9
                    text run at (0,-1) width 7: "+"
              RenderMathMLToken {mi} at (16,2) size 5x7 [padding: 0 1 0 0]
                RenderBlock (anonymous) at (0,0) size 5x7
                  RenderText {#text} at (0,-2) size 5x9
                    text run at (0,-2) width 5: "y"
              RenderMathMLOperator {mo} at (21,0) size 11x7
                RenderBlock (anonymous) at (2,0) size 7x7
                  RenderText {#text} at (0,-1) size 7x9
                    text run at (0,-1) width 7: "+"
              RenderMathMLToken {mi} at (32,2) size 4x5 [padding: 0 1 0 0]
                RenderBlock (anonymous) at (0,0) size 4x6
                  RenderText {#text} at (0,-2) size 4x9
                    text run at (0,-2) width 4: "z"
      RenderBlock {p} at (0,284) size 784x36
        RenderText {#text} at (0,18) size 75x18
          text run at (0,18) width 75: "high index: "
        RenderMathMLMath {math} at (75,0) size 22x35
          RenderMathMLRoot {mroot} at (0,0) size 22x35
            RenderMathMLToken {mn} at (12,21) size 10x13
              RenderBlock (anonymous) at (0,0) size 9x12
                RenderText {#text} at (0,-1) size 9x16
                  text run at (0,-1) width 9: "2"
            RenderMathMLFraction {mfrac} at (1,0) size 6x25
              RenderMathMLFraction {mfrac} at (0,0) size 5x16
                RenderMathMLToken {mi} at (0,0) size 5x5 [padding: 0 1 0 0]
                  RenderBlock (anonymous) at (0,0) size 4x6
                    RenderText {#text} at (0,-2) size 4x9
                      text run at (0,-2) width 4: "x"
                RenderMathMLToken {mi} at (0,9) size 5x7 [padding: 0 1 0 0]
                  RenderBlock (anonymous) at (0,0) size 5x7
                    RenderText {#text} at (0,-2) size 5x9
                      text run at (0,-2) width 5: "y"
              RenderMathMLToken {mi} at (0,19) size 5x6 [padding: 0 1 0 0]
                RenderBlock (anonymous) at (0,0) size 4x6
                  RenderText {#text} at (0,-2) size 4x9
                    text run at (0,-2) width 4: "z"
      RenderBlock {p} at (0,336) size 784x97
        RenderText {#text} at (0,21) size 155x18
          text run at (0,21) width 155: "Imbricated square roots: "
        RenderMathMLMath {math} at (155,0) size 298x98
          RenderMathMLRoot {msqrt} at (0,0) size 298x98
            RenderMathMLToken {mn} at (10,24) size 9x13
              RenderBlock (anonymous) at (0,0) size 9x12
                RenderText {#text} at (0,-1) size 9x16
                  text run at (0,-1) width 9: "1"
            RenderMathMLOperator {mo} at (19,25) size 20x12
              RenderBlock (anonymous) at (3,0) size 13x11
                RenderText {#text} at (0,-2) size 12x16
                  text run at (0,-2) width 12: "+"
            RenderMathMLRoot {msqrt} at (38,3) size 260x95
              RenderMathMLRow {mrow} at (10,3) size 250x91
                RenderMathMLToken {mn} at (0,18) size 9x12
                  RenderBlock (anonymous) at (0,0) size 9x12
                    RenderText {#text} at (0,-1) size 9x16
                      text run at (0,-1) width 9: "2"
                RenderMathMLOperator {mo} at (9,19) size 20x11
                  RenderBlock (anonymous) at (3,0) size 13x11
                    RenderText {#text} at (0,-2) size 12x16
                      text run at (0,-2) width 12: "+"
                RenderMathMLRoot {msqrt} at (28,0) size 222x91
                  RenderMathMLRow {mrow} at (12,3) size 210x73
                    RenderMathMLToken {mn} at (0,15) size 9x12
                      RenderBlock (anonymous) at (0,0) size 9x12
                        RenderText {#text} at (0,-1) size 9x16
                          text run at (0,-1) width 9: "3"
                    RenderMathMLOperator {mo} at (9,16) size 20x11
                      RenderBlock (anonymous) at (3,0) size 13x11
                        RenderText {#text} at (0,-2) size 12x16
                          text run at (0,-2) width 12: "+"
                    RenderMathMLRoot {msqrt} at (28,0) size 182x73
                      RenderMathMLRow {mrow} at (12,3) size 170x55
                        RenderMathMLToken {mn} at (0,12) size 9x12
                          RenderBlock (anonymous) at (0,0) size 9x12
                            RenderText {#text} at (0,-1) size 9x16
                              text run at (0,-1) width 9: "4"
                        RenderMathMLOperator {mo} at (9,13) size 20x11
                          RenderBlock (anonymous) at (3,0) size 13x11
                            RenderText {#text} at (0,-2) size 12x16
                              text run at (0,-2) width 12: "+"
                        RenderMathMLRoot {msqrt} at (28,0) size 142x55
                          RenderMathMLRow {mrow} at (12,3) size 130x38
                            RenderMathMLToken {mn} at (0,8) size 9x13
                              RenderBlock (anonymous) at (0,0) size 9x13
                                RenderText {#text} at (0,0) size 9x16
                                  text run at (0,0) width 9: "5"
                            RenderMathMLOperator {mo} at (9,10) size 20x11
                              RenderBlock (anonymous) at (3,0) size 13x11
                                RenderText {#text} at (0,-2) size 12x16
                                  text run at (0,-2) width 12: "+"
                            RenderMathMLRoot {msqrt} at (28,0) size 102x37
                              RenderMathMLRow {mrow} at (12,3) size 90x22
                                RenderMathMLToken {mn} at (0,6) size 9x12
                                  RenderBlock (anonymous) at (0,0) size 9x12
                                    RenderText {#text} at (0,-1) size 9x16
                                      text run at (0,-1) width 9: "6"
                                RenderMathMLOperator {mo} at (9,7) size 20x11
                                  RenderBlock (anonymous) at (3,0) size 13x11
                                    RenderText {#text} at (0,-2) size 12x16
                                      text run at (0,-2) width 12: "+"
                                RenderMathMLRoot {msqrt} at (28,0) size 62x21
                                  RenderMathMLRow {mrow} at (12,3) size 50x17
                                    RenderMathMLToken {mn} at (0,3) size 9x12
                                      RenderBlock (anonymous) at (0,0) size 9x12
                                        RenderText {#text} at (0,-1) size 9x16
                                          text run at (0,-1) width 9: "7"
                                    RenderMathMLOperator {mo} at (9,4) size 20x11
                                      RenderBlock (anonymous) at (3,0) size 13x11
                                        RenderText {#text} at (0,-2) size 12x16
                                          text run at (0,-2) width 12: "+"
                                    RenderMathMLRoot {msqrt} at (28,0) size 22x17
                                      RenderMathMLToken {mi} at (11,3) size 10x12 [padding: 0 2 0 0]
                                        RenderBlock (anonymous) at (0,0) size 10x12
                                          RenderText {#text} at (0,-1) size 10x16
                                            text run at (0,-1) width 10: "A"
        RenderText {#text} at (0,0) size 0x0
      RenderBlock {p} at (0,449) size 784x100
        RenderText {#text} at (0,31) size 110x18
          text run at (0,31) width 110: "Imbricated roots: "
        RenderMathMLMath {math} at (110,0) size 320x101
          RenderMathMLRoot {mroot} at (0,0) size 320x101
            RenderMathMLRow {mrow} at (11,3) size 309x98
              RenderMathMLToken {mn} at (0,31) size 9x12
                RenderBlock (anonymous) at (0,0) size 9x12
                  RenderText {#text} at (0,-1) size 9x16
                    text run at (0,-1) width 9: "1"
              RenderMathMLOperator {mo} at (9,32) size 20x11
                RenderBlock (anonymous) at (3,0) size 13x11
                  RenderText {#text} at (0,-2) size 12x16
                    text run at (0,-2) width 12: "+"
              RenderMathMLRoot {mroot} at (28,0) size 281x98
                RenderMathMLRow {mrow} at (11,3) size 270x95
                  RenderMathMLToken {mn} at (0,28) size 9x12
                    RenderBlock (anonymous) at (0,0) size 9x12
                      RenderText {#text} at (0,-1) size 9x16
                        text run at (0,-1) width 9: "2"
                  RenderMathMLOperator {mo} at (9,29) size 20x11
                    RenderBlock (anonymous) at (3,0) size 13x11
                      RenderText {#text} at (0,-2) size 12x16
                        text run at (0,-2) width 12: "+"
                  RenderMathMLRoot {mroot} at (28,0) size 242x94
                    RenderMathMLRow {mrow} at (11,3) size 231x91
                      RenderMathMLToken {mn} at (0,25) size 9x12
                        RenderBlock (anonymous) at (0,0) size 9x12
                          RenderText {#text} at (0,-1) size 9x16
                            text run at (0,-1) width 9: "3"
                      RenderMathMLOperator {mo} at (9,26) size 20x11
                        RenderBlock (anonymous) at (3,0) size 13x11
                          RenderText {#text} at (0,-2) size 12x16
                            text run at (0,-2) width 12: "+"
                      RenderMathMLRoot {mroot} at (28,0) size 203x91
                        RenderMathMLRow {mrow} at (13,3) size 190x73
                          RenderMathMLToken {mn} at (0,22) size 9x12
                            RenderBlock (anonymous) at (0,0) size 9x12
                              RenderText {#text} at (0,-1) size 9x16
                                text run at (0,-1) width 9: "4"
                          RenderMathMLOperator {mo} at (9,23) size 20x11
                            RenderBlock (anonymous) at (3,0) size 13x11
                              RenderText {#text} at (0,-2) size 12x16
                                text run at (0,-2) width 12: "+"
                          RenderMathMLRoot {mroot} at (28,0) size 162x73
                            RenderMathMLRow {mrow} at (13,3) size 149x55
                              RenderMathMLToken {mn} at (0,18) size 9x13
                                RenderBlock (anonymous) at (0,0) size 9x13
                                  RenderText {#text} at (0,0) size 9x16
                                    text run at (0,0) width 9: "5"
                              RenderMathMLOperator {mo} at (9,20) size 20x11
                                RenderBlock (anonymous) at (3,0) size 13x11
                                  RenderText {#text} at (0,-2) size 12x16
                                    text run at (0,-2) width 12: "+"
                              RenderMathMLRoot {mroot} at (28,0) size 121x55
                                RenderMathMLRow {mrow} at (13,3) size 108x38
                                  RenderMathMLToken {mn} at (0,16) size 9x12
                                    RenderBlock (anonymous) at (0,0) size 9x12
                                      RenderText {#text} at (0,-1) size 9x16
                                        text run at (0,-1) width 9: "6"
                                  RenderMathMLOperator {mo} at (9,17) size 20x11
                                    RenderBlock (anonymous) at (3,0) size 13x11
                                      RenderText {#text} at (0,-2) size 12x16
                                        text run at (0,-2) width 12: "+"
                                  RenderMathMLRoot {mroot} at (28,0) size 80x37
                                    RenderMathMLRow {mrow} at (13,3) size 67x27
                                      RenderMathMLToken {mn} at (0,13) size 9x12
                                        RenderBlock (anonymous) at (0,0) size 9x12
                                          RenderText {#text} at (0,-1) size 9x16
                                            text run at (0,-1) width 9: "7"
                                      RenderMathMLOperator {mo} at (9,14) size 20x11
                                        RenderBlock (anonymous) at (3,0) size 13x11
                                          RenderText {#text} at (0,-2) size 12x16
                                            text run at (0,-2) width 12: "+"
                                      RenderMathMLRoot {mroot} at (28,0) size 39x27
                                        RenderMathMLToken {mi} at (28,13) size 11x12 [padding: 0 2 0 0]
                                          RenderBlock (anonymous) at (0,0) size 10x12
                                            RenderText {#text} at (0,-1) size 10x16
                                              text run at (0,-1) width 10: "A"
                                        RenderMathMLFraction {mfrac} at (1,0) size 22x17
                                          RenderMathMLRow {mrow} at (0,0) size 21x9
                                            RenderMathMLToken {mi} at (0,2) size 5x5 [padding: 0 1 0 0]
                                              RenderBlock (anonymous) at (0,0) size 4x6
                                                RenderText {#text} at (0,-2) size 4x9
                                                  text run at (0,-2) width 4: "x"
                                            RenderMathMLOperator {mo} at (5,0) size 11x7
                                              RenderBlock (anonymous) at (2,0) size 7x7
                                                RenderText {#text} at (0,-1) size 7x9
                                                  text run at (0,-1) width 7: "+"
                                            RenderMathMLToken {mi} at (16,2) size 5x7 [padding: 0 1 0 0]
                                              RenderBlock (anonymous) at (0,0) size 5x7
                                                RenderText {#text} at (0,-2) size 5x9
                                                  text run at (0,-2) width 5: "y"
                                          RenderMathMLToken {mi} at (8,12) size 5x5 [padding: 0 1 0 0]
                                            RenderBlock (anonymous) at (0,0) size 4x6
                                              RenderText {#text} at (0,-2) size 4x9
                                                text run at (0,-2) width 4: "z"
                                    RenderMathMLToken {mn} at (1,5) size 6x9
                                      RenderBlock (anonymous) at (0,0) size 5x8
                                        RenderText {#text} at (0,0) size 5x9
                                          text run at (0,0) width 5: "9"
                                RenderMathMLToken {mn} at (1,11) size 6x9
                                  RenderBlock (anonymous) at (0,0) size 5x8
                                    RenderText {#text} at (0,0) size 5x9
                                      text run at (0,0) width 5: "8"
                            RenderMathMLToken {mn} at (1,19) size 6x7
                              RenderBlock (anonymous) at (0,0) size 5x7
                                RenderText {#text} at (0,-1) size 5x9
                                  text run at (0,-1) width 5: "7"
                        RenderMathMLToken {mn} at (1,24) size 6x9
                          RenderBlock (anonymous) at (0,0) size 5x8
                            RenderText {#text} at (0,0) size 5x9
                              text run at (0,0) width 5: "6"
                    RenderMathMLToken {mn} at (1,25) size 6x9
                      RenderBlock (anonymous) at (0,0) size 5x8
                        RenderText {#text} at (0,0) size 5x9
                          text run at (0,0) width 5: "5"
                RenderMathMLToken {mn} at (1,26) size 6x9
                  RenderBlock (anonymous) at (0,0) size 5x8
                    RenderText {#text} at (0,0) size 5x9
                      text run at (0,0) width 5: "4"
            RenderMathMLToken {mn} at (1,27) size 6x9
              RenderBlock (anonymous) at (0,0) size 5x8
                RenderText {#text} at (0,0) size 5x9
                  text run at (0,0) width 5: "3"
        RenderText {#text} at (0,0) size 0x0
      RenderBlock {p} at (0,565) size 784x100
        RenderText {#text} at (0,31) size 74x18
          text run at (0,31) width 74: "RTL roots: "
        RenderMathMLMath {math} at (74,0) size 320x101
          RenderMathMLRoot {mroot} at (0,0) size 320x101
            RenderMathMLRow {mrow} at (0,3) size 309x98
              RenderMathMLToken {mn} at (299,31) size 10x12
                RenderBlock (anonymous) at (0,0) size 9x12
                  RenderText {#text} at (0,-1) size 9x16
                    text run at (0,-1) width 9: "1"
              RenderMathMLOperator {mo} at (280,32) size 20x11
                RenderBlock (anonymous) at (3,0) size 13x11
                  RenderText {#text} at (0,-2) size 12x16
                    text run at (0,-2) width 12 RTL: "+"
              RenderMathMLRoot {mroot} at (0,0) size 281x98
                RenderMathMLRow {mrow} at (0,3) size 270x95
                  RenderMathMLToken {mn} at (260,28) size 10x12
                    RenderBlock (anonymous) at (0,0) size 9x12
                      RenderText {#text} at (0,-1) size 9x16
                        text run at (0,-1) width 9: "2"
                  RenderMathMLOperator {mo} at (241,29) size 20x11
                    RenderBlock (anonymous) at (3,0) size 13x11
                      RenderText {#text} at (0,-2) size 12x16
                        text run at (0,-2) width 12 RTL: "+"
                  RenderMathMLRoot {mroot} at (0,0) size 242x94
                    RenderMathMLRow {mrow} at (0,3) size 231x91
                      RenderMathMLToken {mn} at (221,25) size 10x12
                        RenderBlock (anonymous) at (0,0) size 9x12
                          RenderText {#text} at (0,-1) size 9x16
                            text run at (0,-1) width 9: "3"
                      RenderMathMLOperator {mo} at (202,26) size 20x11
                        RenderBlock (anonymous) at (3,0) size 13x11
                          RenderText {#text} at (0,-2) size 12x16
                            text run at (0,-2) width 12 RTL: "+"
                      RenderMathMLRoot {mroot} at (0,0) size 203x91
                        RenderMathMLRow {mrow} at (0,3) size 190x73
                          RenderMathMLToken {mn} at (180,22) size 10x12
                            RenderBlock (anonymous) at (0,0) size 9x12
                              RenderText {#text} at (0,-1) size 9x16
                                text run at (0,-1) width 9: "4"
                          RenderMathMLOperator {mo} at (161,23) size 20x11
                            RenderBlock (anonymous) at (3,0) size 13x11
                              RenderText {#text} at (0,-2) size 12x16
                                text run at (0,-2) width 12 RTL: "+"
                          RenderMathMLRoot {mroot} at (0,0) size 162x73
                            RenderMathMLRow {mrow} at (0,3) size 149x55
                              RenderMathMLToken {mn} at (139,18) size 10x13
                                RenderBlock (anonymous) at (0,0) size 9x13
                                  RenderText {#text} at (0,0) size 9x16
                                    text run at (0,0) width 9: "5"
                              RenderMathMLOperator {mo} at (120,20) size 20x11
                                RenderBlock (anonymous) at (3,0) size 13x11
                                  RenderText {#text} at (0,-2) size 12x16
                                    text run at (0,-2) width 12 RTL: "+"
                              RenderMathMLRoot {mroot} at (0,0) size 121x55
                                RenderMathMLRow {mrow} at (0,3) size 108x38
                                  RenderMathMLToken {mn} at (98,16) size 10x12
                                    RenderBlock (anonymous) at (0,0) size 9x12
                                      RenderText {#text} at (0,-1) size 9x16
                                        text run at (0,-1) width 9: "6"
                                  RenderMathMLOperator {mo} at (79,17) size 20x11
                                    RenderBlock (anonymous) at (3,0) size 13x11
                                      RenderText {#text} at (0,-2) size 12x16
                                        text run at (0,-2) width 12 RTL: "+"
                                  RenderMathMLRoot {mroot} at (0,0) size 80x37
                                    RenderMathMLRow {mrow} at (0,3) size 67x27
                                      RenderMathMLToken {mn} at (57,13) size 10x12
                                        RenderBlock (anonymous) at (0,0) size 9x12
                                          RenderText {#text} at (0,-1) size 9x16
                                            text run at (0,-1) width 9: "7"
                                      RenderMathMLOperator {mo} at (38,14) size 20x11
                                        RenderBlock (anonymous) at (3,0) size 13x11
                                          RenderText {#text} at (0,-2) size 12x16
                                            text run at (0,-2) width 12 RTL: "+"
                                      RenderMathMLRoot {mroot} at (0,0) size 39x27
                                        RenderMathMLToken {mi} at (0,13) size 10x12 [padding: 0 0 0 2]
                                          RenderBlock (anonymous) at (0,0) size 10x12
                                            RenderText {#text} at (0,-1) size 10x16
                                              text run at (0,-1) width 10: "A"
                                        RenderMathMLFraction {mfrac} at (16,0) size 21x17
                                          RenderMathMLRow {mrow} at (0,0) size 21x9
                                            RenderMathMLToken {mi} at (16,2) size 5x5 [padding: 0 0 0 1]
                                              RenderBlock (anonymous) at (0,0) size 4x6
                                                RenderText {#text} at (0,-2) size 4x9
                                                  text run at (0,-2) width 4: "x"
                                            RenderMathMLOperator {mo} at (5,0) size 11x7
                                              RenderBlock (anonymous) at (2,0) size 7x7
                                                RenderText {#text} at (0,-1) size 7x9
                                                  text run at (0,-1) width 7 RTL: "+"
                                            RenderMathMLToken {mi} at (0,2) size 5x7 [padding: 0 0 0 1]
                                              RenderBlock (anonymous) at (0,0) size 5x7
                                                RenderText {#text} at (0,-2) size 5x9
                                                  text run at (0,-2) width 5: "y"
                                          RenderMathMLToken {mi} at (8,12) size 5x5 [padding: 0 0 0 1]
                                            RenderBlock (anonymous) at (0,0) size 4x6
                                              RenderText {#text} at (0,-2) size 4x9
                                                text run at (0,-2) width 4: "z"
                                    RenderMathMLToken {mn} at (73,5) size 6x9
                                      RenderBlock (anonymous) at (0,0) size 5x8
                                        RenderText {#text} at (0,0) size 5x9
                                          text run at (0,0) width 5: "9"
                                RenderMathMLToken {mn} at (114,11) size 6x9
                                  RenderBlock (anonymous) at (0,0) size 5x8
                                    RenderText {#text} at (0,0) size 5x9
                                      text run at (0,0) width 5: "8"
                            RenderMathMLToken {mn} at (155,19) size 6x7
                              RenderBlock (anonymous) at (0,0) size 5x7
                                RenderText {#text} at (0,-1) size 5x9
                                  text run at (0,-1) width 5: "7"
                        RenderMathMLToken {mn} at (196,24) size 6x9
                          RenderBlock (anonymous) at (0,0) size 5x8
                            RenderText {#text} at (0,0) size 5x9
                              text run at (0,0) width 5: "6"
                    RenderMathMLToken {mn} at (235,25) size 6x9
                      RenderBlock (anonymous) at (0,0) size 5x8
                        RenderText {#text} at (0,0) size 5x9
                          text run at (0,0) width 5: "5"
                RenderMathMLToken {mn} at (274,26) size 6x9
                  RenderBlock (anonymous) at (0,0) size 5x8
                    RenderText {#text} at (0,0) size 5x9
                      text run at (0,0) width 5: "4"
            RenderMathMLToken {mn} at (313,27) size 6x9
              RenderBlock (anonymous) at (0,0) size 5x8
                RenderText {#text} at (0,0) size 5x9
                  text run at (0,0) width 5: "3"
        RenderText {#text} at (0,0) size 0x0
