layer at (0,0) size 800x600
  RenderView at (0,0) size 800x600
layer at (0,0) size 800x600
  RenderBlock {HTML} at (0,0) size 800x600
    RenderBody {BODY} at (8,8) size 784x584
      RenderBlock {H3} at (0,0) size 784x23
        RenderText {#text} at (0,0) size 164x22
          text run at (0,0) width 164: "Default Appearance"
      RenderBlock (anonymous) at (0,41) size 784x44
        RenderText {#text} at (0,0) size 457x19
          text run at (0,0) width 457: "List color controls have different appearance if ENABLE(DATALIST)."
        RenderBR {BR} at (456,0) size 1x19
        RenderBlock {INPUT} at (0,20) size 23x23 [bgcolor=#FFFFFF]
          RenderFlexibleBox {DIV} at (3,3) size 17x17
            RenderBlock {DIV} at (0,0) size 17x17 [bgcolor=#000000]
        RenderBlock {INPUT} at (23,20) size 23x23 [bgcolor=#FFFFFF]
          RenderFlexibleBox {DIV} at (3,3) size 17x17
            RenderBlock {DIV} at (0,0) size 17x17 [bgcolor=#000000]
        RenderText {#text} at (0,0) size 0x0
      RenderBlock {H3} at (0,103) size 784x24
        RenderText {#text} at (0,0) size 162x22
          text run at (0,0) width 162: "Different Font Sizes"
      RenderBlock (anonymous) at (0,145) size 784x47
        RenderText {#text} at (0,0) size 590x19
          text run at (0,0) width 590: "List color controls have different sizes depending on font sizes. Normal color controls don't."
        RenderBR {BR} at (589,0) size 1x19
        RenderBlock {INPUT} at (0,23) size 23x23 [bgcolor=#FFFFFF]
          RenderFlexibleBox {DIV} at (5,5) size 13x13
            RenderBlock {DIV} at (0,0) size 13x13 [bgcolor=#00FF00]
        RenderText {#text} at (23,25) size 4x19
          text run at (23,25) width 4: " "
        RenderBlock {INPUT} at (27,21) size 23x23 [bgcolor=#FFFFFF]
          RenderFlexibleBox {DIV} at (3,3) size 17x17
            RenderBlock {DIV} at (0,0) size 17x17 [bgcolor=#00FF00]
        RenderText {#text} at (50,25) size 4x19
          text run at (50,25) width 4: " "
        RenderBlock {INPUT} at (54,20) size 23x23 [bgcolor=#FFFFFF]
          RenderFlexibleBox {DIV} at (2,2) size 19x19
            RenderBlock {DIV} at (0,0) size 19x19 [bgcolor=#00FF00]
        RenderText {#text} at (77,25) size 4x19
          text run at (77,25) width 4: " "
        RenderBlock {INPUT} at (81,23) size 23x23 [bgcolor=#FFFFFF]
          RenderFlexibleBox {DIV} at (5,5) size 13x13
            RenderBlock {DIV} at (0,0) size 13x13 [bgcolor=#00FF00]
        RenderText {#text} at (104,25) size 4x19
          text run at (104,25) width 4: " "
        RenderBlock {INPUT} at (108,21) size 23x23 [bgcolor=#FFFFFF]
          RenderFlexibleBox {DIV} at (3,3) size 17x17
            RenderBlock {DIV} at (0,0) size 17x17 [bgcolor=#00FF00]
        RenderText {#text} at (131,25) size 4x19
          text run at (131,25) width 4: " "
        RenderBlock {INPUT} at (135,20) size 23x23 [bgcolor=#FFFFFF]
          RenderFlexibleBox {DIV} at (2,2) size 19x19
            RenderBlock {DIV} at (0,0) size 19x19 [bgcolor=#00FF00]
        RenderText {#text} at (0,0) size 0x0
      RenderBlock {H3} at (0,209) size 784x24
        RenderText {#text} at (0,0) size 122x22
          text run at (0,0) width 122: "Various Colors"
      RenderBlock (anonymous) at (0,251) size 784x25
        RenderBlock {INPUT} at (0,0) size 23x23 [bgcolor=#FFFFFF]
          RenderFlexibleBox {DIV} at (3,3) size 17x17
            RenderBlock {DIV} at (0,0) size 17x17 [bgcolor=#FF0000]
        RenderText {#text} at (23,4) size 4x19
          text run at (23,4) width 4: " "
        RenderBlock {INPUT} at (27,0) size 23x23 [bgcolor=#FFFFFF]
          RenderFlexibleBox {DIV} at (3,3) size 17x17
            RenderBlock {DIV} at (0,0) size 17x17 [bgcolor=#00FF00]
        RenderText {#text} at (50,4) size 4x19
          text run at (50,4) width 4: " "
        RenderBlock {INPUT} at (54,0) size 23x23 [bgcolor=#FFFFFF]
          RenderFlexibleBox {DIV} at (3,3) size 17x17
            RenderBlock {DIV} at (0,0) size 17x17 [bgcolor=#0000FF]
        RenderText {#text} at (77,4) size 4x19
          text run at (77,4) width 4: " "
        RenderBlock {INPUT} at (81,0) size 23x23 [bgcolor=#FFFFFF]
          RenderFlexibleBox {DIV} at (3,3) size 17x17
            RenderBlock {DIV} at (0,0) size 17x17 [bgcolor=#EC008C]
        RenderText {#text} at (104,4) size 4x19
          text run at (104,4) width 4: " "
        RenderBlock {INPUT} at (108,0) size 23x23 [bgcolor=#FFFFFF]
          RenderFlexibleBox {DIV} at (3,3) size 17x17
            RenderBlock {DIV} at (0,0) size 17x17 [bgcolor=#40E0D0]
        RenderText {#text} at (131,4) size 4x19
          text run at (131,4) width 4: " "
        RenderBlock {INPUT} at (135,0) size 23x23 [bgcolor=#FFFFFF]
          RenderFlexibleBox {DIV} at (3,3) size 17x17
            RenderBlock {DIV} at (0,0) size 17x17 [bgcolor=#FF0000]
        RenderText {#text} at (158,4) size 4x19
          text run at (158,4) width 4: " "
        RenderBlock {INPUT} at (162,0) size 23x23 [bgcolor=#FFFFFF]
          RenderFlexibleBox {DIV} at (3,3) size 17x17
            RenderBlock {DIV} at (0,0) size 17x17 [bgcolor=#00FF00]
        RenderText {#text} at (185,4) size 4x19
          text run at (185,4) width 4: " "
        RenderBlock {INPUT} at (189,0) size 23x23 [bgcolor=#FFFFFF]
          RenderFlexibleBox {DIV} at (3,3) size 17x17
            RenderBlock {DIV} at (0,0) size 17x17 [bgcolor=#0000FF]
        RenderText {#text} at (212,4) size 4x19
          text run at (212,4) width 4: " "
        RenderBlock {INPUT} at (216,0) size 23x23 [bgcolor=#FFFFFF]
          RenderFlexibleBox {DIV} at (3,3) size 17x17
            RenderBlock {DIV} at (0,0) size 17x17 [bgcolor=#EC008C]
        RenderText {#text} at (239,4) size 4x19
          text run at (239,4) width 4: " "
        RenderBlock {INPUT} at (243,0) size 23x23 [bgcolor=#FFFFFF]
          RenderFlexibleBox {DIV} at (3,3) size 17x17
            RenderBlock {DIV} at (0,0) size 17x17 [bgcolor=#40E0D0]
        RenderText {#text} at (0,0) size 0x0
      RenderBlock {H3} at (0,294) size 784x24
        RenderText {#text} at (0,0) size 118x22
          text run at (0,0) width 118: "Arbitrary Size"
      RenderBlock (anonymous) at (0,336) size 784x31
        RenderBlock {INPUT} at (0,0) size 100x30 [bgcolor=#FFFFFF]
          RenderFlexibleBox {DIV} at (3,3) size 94x24
            RenderBlock {DIV} at (0,0) size 94x24 [bgcolor=#FF0000]
