layer at (0,0) size 892x600
  RenderView at (0,0) size 800x600
layer at (0,0) size 892x600
  RenderBlock {HTML} at (0,0) size 892x600
    RenderBody {BODY} at (8,8) size 876x584
layer at (8,8) size 430x584
  RenderBlock {DIV} at (0,0) size 430x584 [border: (5px solid #0000FF)]
    RenderMultiColumnSet at (5,5) size 420x574
layer at (13,13) size 500x279
  RenderMultiColumnFlowThread at (5,5) size 500x279
    RenderBlock (anonymous) at (0,0) size 420x279
      RenderText {#text} at (1,0) size 19x113
        text run at (1,0) width 113: "This is some text."
      RenderBR {BR} at (1,112) size 19x1
      RenderText {#text} at (21,0) size 19x113
        text run at (21,0) width 113: "This is some text."
      RenderBR {BR} at (21,112) size 19x1
      RenderText {#text} at (41,0) size 19x113
        text run at (41,0) width 113: "This is some text."
      RenderBR {BR} at (41,112) size 19x1
      RenderText {#text} at (61,0) size 19x113
        text run at (61,0) width 113: "This is some text."
      RenderBR {BR} at (61,112) size 19x1
      RenderText {#text} at (81,0) size 19x113
        text run at (81,0) width 113: "This is some text."
      RenderBR {BR} at (81,112) size 19x1
      RenderText {#text} at (101,0) size 19x113
        text run at (101,0) width 113: "This is some text."
      RenderBR {BR} at (101,112) size 19x1
      RenderText {#text} at (121,0) size 19x113
        text run at (121,0) width 113: "This is some text."
      RenderBR {BR} at (121,112) size 19x1
      RenderText {#text} at (141,0) size 19x113
        text run at (141,0) width 113: "This is some text."
      RenderBR {BR} at (141,112) size 19x1
      RenderText {#text} at (161,0) size 19x113
        text run at (161,0) width 113: "This is some text."
      RenderBR {BR} at (161,112) size 19x1
      RenderText {#text} at (181,0) size 19x113
        text run at (181,0) width 113: "This is some text."
      RenderBR {BR} at (181,112) size 19x1
      RenderText {#text} at (201,0) size 19x113
        text run at (201,0) width 113: "This is some text."
      RenderBR {BR} at (201,112) size 19x1
      RenderText {#text} at (221,0) size 19x113
        text run at (221,0) width 113: "This is some text."
      RenderBR {BR} at (221,112) size 19x1
      RenderText {#text} at (241,0) size 19x113
        text run at (241,0) width 113: "This is some text."
      RenderBR {BR} at (241,112) size 19x1
      RenderText {#text} at (261,0) size 19x113
        text run at (261,0) width 113: "This is some text."
      RenderBR {BR} at (261,112) size 19x1
      RenderText {#text} at (281,0) size 19x113
        text run at (281,0) width 113: "This is some text."
      RenderBR {BR} at (281,112) size 19x1
      RenderText {#text} at (301,0) size 19x113
        text run at (301,0) width 113: "This is some text."
      RenderBR {BR} at (301,112) size 19x1
      RenderText {#text} at (321,0) size 19x113
        text run at (321,0) width 113: "This is some text."
      RenderBR {BR} at (321,112) size 19x1
      RenderText {#text} at (341,0) size 19x113
        text run at (341,0) width 113: "This is some text."
      RenderBR {BR} at (341,112) size 19x1
      RenderText {#text} at (361,0) size 19x113
        text run at (361,0) width 113: "This is some text."
      RenderBR {BR} at (361,112) size 19x1
      RenderText {#text} at (381,0) size 19x113
        text run at (381,0) width 113: "This is some text."
      RenderBR {BR} at (381,112) size 19x1
      RenderText {#text} at (401,0) size 19x113
        text run at (401,0) width 113: "This is some text."
      RenderBR {BR} at (401,112) size 19x1
    RenderBlock {DIV} at (420,0) size 80x279
      RenderText {#text} at (1,0) size 19x267
        text run at (1,0) width 267: "This text should be in the second column."
      RenderBR {BR} at (1,266) size 19x1
      RenderText {#text} at (21,0) size 19x267
        text run at (21,0) width 267: "This text should be in the second column."
      RenderBR {BR} at (21,266) size 19x1
      RenderText {#text} at (41,0) size 19x267
        text run at (41,0) width 267: "This text should be in the second column."
      RenderBR {BR} at (41,266) size 19x1
      RenderText {#text} at (61,0) size 19x267
        text run at (61,0) width 267: "This text should be in the second column."
      RenderBR {BR} at (61,266) size 19x1
layer at (454,8) size 430x584
  RenderBlock {DIV} at (446,0) size 430x584 [border: (5px solid #0000FF)]
    RenderMultiColumnSet at (5,5) size 420x574
layer at (459,13) size 840x279 backgroundClip at (0,0) size 892x600 clip at (0,0) size 892x600
  RenderMultiColumnFlowThread at (5,5) size 840x279
    RenderBlock (anonymous) at (0,0) size 80x279
      RenderText {#text} at (1,0) size 19x248
        text run at (1,0) width 248: "This text should be in the first column."
      RenderBR {BR} at (1,247) size 19x1
      RenderText {#text} at (21,0) size 19x248
        text run at (21,0) width 248: "This text should be in the first column."
      RenderBR {BR} at (21,247) size 19x1
      RenderText {#text} at (41,0) size 19x248
        text run at (41,0) width 248: "This text should be in the first column."
      RenderBR {BR} at (41,247) size 19x1
      RenderText {#text} at (61,0) size 19x248
        text run at (61,0) width 248: "This text should be in the first column."
      RenderBR {BR} at (61,247) size 19x1
    RenderBlock {DIV} at (420,0) size 420x279
      RenderText {#text} at (1,0) size 19x113
        text run at (1,0) width 113: "This is some text."
      RenderBR {BR} at (1,112) size 19x1
      RenderText {#text} at (21,0) size 19x113
        text run at (21,0) width 113: "This is some text."
      RenderBR {BR} at (21,112) size 19x1
      RenderText {#text} at (41,0) size 19x113
        text run at (41,0) width 113: "This is some text."
      RenderBR {BR} at (41,112) size 19x1
      RenderText {#text} at (61,0) size 19x113
        text run at (61,0) width 113: "This is some text."
      RenderBR {BR} at (61,112) size 19x1
      RenderText {#text} at (81,0) size 19x113
        text run at (81,0) width 113: "This is some text."
      RenderBR {BR} at (81,112) size 19x1
      RenderText {#text} at (101,0) size 19x113
        text run at (101,0) width 113: "This is some text."
      RenderBR {BR} at (101,112) size 19x1
      RenderText {#text} at (121,0) size 19x113
        text run at (121,0) width 113: "This is some text."
      RenderBR {BR} at (121,112) size 19x1
      RenderText {#text} at (141,0) size 19x113
        text run at (141,0) width 113: "This is some text."
      RenderBR {BR} at (141,112) size 19x1
      RenderText {#text} at (161,0) size 19x113
        text run at (161,0) width 113: "This is some text."
      RenderBR {BR} at (161,112) size 19x1
      RenderText {#text} at (181,0) size 19x113
        text run at (181,0) width 113: "This is some text."
      RenderBR {BR} at (181,112) size 19x1
      RenderText {#text} at (201,0) size 19x113
        text run at (201,0) width 113: "This is some text."
      RenderBR {BR} at (201,112) size 19x1
      RenderText {#text} at (221,0) size 19x113
        text run at (221,0) width 113: "This is some text."
      RenderBR {BR} at (221,112) size 19x1
      RenderText {#text} at (241,0) size 19x113
        text run at (241,0) width 113: "This is some text."
      RenderBR {BR} at (241,112) size 19x1
      RenderText {#text} at (261,0) size 19x113
        text run at (261,0) width 113: "This is some text."
      RenderBR {BR} at (261,112) size 19x1
      RenderText {#text} at (281,0) size 19x113
        text run at (281,0) width 113: "This is some text."
      RenderBR {BR} at (281,112) size 19x1
      RenderText {#text} at (301,0) size 19x113
        text run at (301,0) width 113: "This is some text."
      RenderBR {BR} at (301,112) size 19x1
      RenderText {#text} at (321,0) size 19x113
        text run at (321,0) width 113: "This is some text."
      RenderBR {BR} at (321,112) size 19x1
      RenderText {#text} at (341,0) size 19x113
        text run at (341,0) width 113: "This is some text."
      RenderBR {BR} at (341,112) size 19x1
      RenderText {#text} at (361,0) size 19x113
        text run at (361,0) width 113: "This is some text."
      RenderBR {BR} at (361,112) size 19x1
      RenderText {#text} at (381,0) size 19x113
        text run at (381,0) width 113: "This is some text."
      RenderBR {BR} at (381,112) size 19x1
      RenderText {#text} at (401,0) size 19x113
        text run at (401,0) width 113: "This is some text."
      RenderBR {BR} at (401,112) size 19x1
