layer at (0,0) size 800x1102
  RenderView at (0,0) size 800x600
layer at (0,0) size 800x600
  RenderBlock {HTML} at (0,0) size 800x600
    RenderBody {BODY} at (8,8) size 776x584
layer at (8,8) size 160x584
  RenderBlock {P} at (0,0) size 160x584 [border: (10px solid #800000)]
    RenderMultiColumnSet at (30,30) size 100x524
layer at (38,38) size 520x164
  RenderMultiColumnFlowThread at (30,30) size 520x164
    RenderText {#text} at (1,0) size 39x133
      text run at (1,0) width 133: "This is some column"
      text run at (21,0) width 28: "text."
    RenderBR {BR} at (21,27) size 19x1
    RenderText {#text} at (41,0) size 39x133
      text run at (41,0) width 133: "This is some column"
      text run at (61,0) width 28: "text."
    RenderBR {BR} at (61,27) size 19x1
    RenderText {#text} at (81,0) size 39x133
      text run at (81,0) width 133: "This is some column"
      text run at (101,0) width 28: "text."
    RenderBR {BR} at (101,27) size 19x1
    RenderText {#text} at (121,0) size 39x133
      text run at (121,0) width 133: "This is some column"
      text run at (141,0) width 28: "text."
    RenderBR {BR} at (141,27) size 19x1
    RenderText {#text} at (161,0) size 39x133
      text run at (161,0) width 133: "This is some column"
      text run at (181,0) width 28: "text."
    RenderBR {BR} at (181,27) size 19x1
    RenderText {#text} at (201,0) size 39x133
      text run at (201,0) width 133: "This is some column"
      text run at (221,0) width 28: "text."
    RenderBR {BR} at (221,27) size 19x1
    RenderText {#text} at (241,0) size 39x133
      text run at (241,0) width 133: "This is some column"
      text run at (261,0) width 28: "text."
    RenderBR {BR} at (261,27) size 19x1
    RenderText {#text} at (281,0) size 39x133
      text run at (281,0) width 133: "This is some column"
      text run at (301,0) width 28: "text."
    RenderBR {BR} at (301,27) size 19x1
    RenderText {#text} at (321,0) size 39x133
      text run at (321,0) width 133: "This is some column"
      text run at (341,0) width 28: "text."
    RenderBR {BR} at (341,27) size 19x1
    RenderText {#text} at (361,0) size 39x133
      text run at (361,0) width 133: "This is some column"
      text run at (381,0) width 28: "text."
    RenderBR {BR} at (381,27) size 19x1
    RenderText {#text} at (401,0) size 39x133
      text run at (401,0) width 133: "This is some column"
      text run at (421,0) width 28: "text."
    RenderBR {BR} at (421,27) size 19x1
    RenderText {#text} at (441,0) size 39x133
      text run at (441,0) width 133: "This is some column"
      text run at (461,0) width 28: "text."
    RenderBR {BR} at (461,27) size 19x1
    RenderText {#text} at (481,0) size 39x133
      text run at (481,0) width 133: "This is some column"
      text run at (501,0) width 28: "text."
    RenderBR {BR} at (501,27) size 19x1
layer at (184,8) size 160x584
  RenderBlock {P} at (176,0) size 160x584 [border: (10px solid #800000)]
    RenderMultiColumnSet at (30,30) size 100x524
layer at (214,398) size 520x164
  RenderMultiColumnFlowThread at (30,390) size 520x164
    RenderText {#text} at (1,31) size 39x133
      text run at (1,31) width 133: "This is some column"
      text run at (21,136) width 4 RTL: "."
      text run at (21,140) width 24: "text"
    RenderBR {BR} at (21,136) size 19x1
    RenderText {#text} at (41,31) size 39x133
      text run at (41,31) width 133: "This is some column"
      text run at (61,136) width 4 RTL: "."
      text run at (61,140) width 24: "text"
    RenderBR {BR} at (61,136) size 19x1
    RenderText {#text} at (81,31) size 39x133
      text run at (81,31) width 133: "This is some column"
      text run at (101,136) width 4 RTL: "."
      text run at (101,140) width 24: "text"
    RenderBR {BR} at (101,136) size 19x1
    RenderText {#text} at (121,31) size 39x133
      text run at (121,31) width 133: "This is some column"
      text run at (141,136) width 4 RTL: "."
      text run at (141,140) width 24: "text"
    RenderBR {BR} at (141,136) size 19x1
    RenderText {#text} at (161,31) size 39x133
      text run at (161,31) width 133: "This is some column"
      text run at (181,136) width 4 RTL: "."
      text run at (181,140) width 24: "text"
    RenderBR {BR} at (181,136) size 19x1
    RenderText {#text} at (201,31) size 39x133
      text run at (201,31) width 133: "This is some column"
      text run at (221,136) width 4 RTL: "."
      text run at (221,140) width 24: "text"
    RenderBR {BR} at (221,136) size 19x1
    RenderText {#text} at (241,31) size 39x133
      text run at (241,31) width 133: "This is some column"
      text run at (261,136) width 4 RTL: "."
      text run at (261,140) width 24: "text"
    RenderBR {BR} at (261,136) size 19x1
    RenderText {#text} at (281,31) size 39x133
      text run at (281,31) width 133: "This is some column"
      text run at (301,136) width 4 RTL: "."
      text run at (301,140) width 24: "text"
    RenderBR {BR} at (301,136) size 19x1
    RenderText {#text} at (321,31) size 39x133
      text run at (321,31) width 133: "This is some column"
      text run at (341,136) width 4 RTL: "."
      text run at (341,140) width 24: "text"
    RenderBR {BR} at (341,136) size 19x1
    RenderText {#text} at (361,31) size 39x133
      text run at (361,31) width 133: "This is some column"
      text run at (381,136) width 4 RTL: "."
      text run at (381,140) width 24: "text"
    RenderBR {BR} at (381,136) size 19x1
    RenderText {#text} at (401,31) size 39x133
      text run at (401,31) width 133: "This is some column"
      text run at (421,136) width 4 RTL: "."
      text run at (421,140) width 24: "text"
    RenderBR {BR} at (421,136) size 19x1
    RenderText {#text} at (441,31) size 39x133
      text run at (441,31) width 133: "This is some column"
      text run at (461,136) width 4 RTL: "."
      text run at (461,140) width 24: "text"
    RenderBR {BR} at (461,136) size 19x1
    RenderText {#text} at (481,31) size 39x133
      text run at (481,31) width 133: "This is some column"
      text run at (501,136) width 4 RTL: "."
      text run at (501,140) width 24: "text"
    RenderBR {BR} at (501,136) size 19x1
