layer at (0,0) size 800x1508
  RenderView at (0,0) size 800x600
layer at (0,0) size 379x600
  RenderBlock {HTML} at (0,0) size 379x600
layer at (8,8) size 363x1500
  RenderBody {BODY} at (8,8) size 363x1500
    RenderMultiColumnSet at (0,0) size 363x1500
layer at (8,8) size 1086x479 backgroundClip at (0,0) size 800x1508 clip at (0,0) size 800x1508
  RenderMultiColumnFlowThread at (0,0) size 1086x479
    RenderBlock {DIV} at (19,0) size 61x479 [bgcolor=#00FFFF]
      RenderBlock (floating) {DIV} at (4,4) size 556x241 [bgcolor=#FFFF00]
        RenderImage {IMG} at (0,0) size 133x70
        RenderText {#text} at (1,70) size 159x239
          text run at (1,70) width 96: "You've already"
          text run at (21,70) width 155: "downloaded a build. All"
          text run at (41,70) width 165: "you have to do is use it as"
          text run at (61,70) width 148: "your everyday browser"
          text run at (81,70) width 155: "and mail/news reader. If"
          text run at (101,70) width 155: "you downloaded a build"
          text run at (121,70) width 169: "with Talkback, please turn"
          text run at (141,0) width 116: "it on when it asks."
        RenderBlock (floating) {DIV} at (140,156) size 415x84 [bgcolor=#FF0000]
          RenderBlock {P} at (16,0) size 20x83
            RenderText {#text} at (1,0) size 19x75
              text run at (1,0) width 75: "Hola hola 1"
          RenderBlock {P} at (52,0) size 20x83
            RenderText {#text} at (1,0) size 19x75
              text run at (1,0) width 75: "Hola hola 2"
          RenderBlock {P} at (88,0) size 20x83
            RenderText {#text} at (1,0) size 19x75
              text run at (1,0) width 75: "Hola hola 3"
          RenderBlock {P} at (124,0) size 20x83
            RenderText {#text} at (1,0) size 19x75
              text run at (1,0) width 75: "Hola hola 4"
          RenderBlock {P} at (160,0) size 20x83
            RenderText {#text} at (1,0) size 19x75
              text run at (1,0) width 75: "Hola hola 5"
          RenderBlock {P} at (198,0) size 21x83
            RenderText {#text} at (1,0) size 19x75
              text run at (1,0) width 75: "Hola hola 6"
          RenderBlock {P} at (234,0) size 21x83
            RenderText {#text} at (1,0) size 19x75
              text run at (1,0) width 75: "Hola hola 7"
          RenderBlock {P} at (270,0) size 21x83
            RenderText {#text} at (1,0) size 19x75
              text run at (1,0) width 75: "Hola hola 8"
          RenderBlock {P} at (306,0) size 21x83
            RenderText {#text} at (1,0) size 19x75
              text run at (1,0) width 75: "Hola hola 9"
          RenderBlock {P} at (342,0) size 21x83
            RenderText {#text} at (1,0) size 19x83
              text run at (1,0) width 83: "Hola hola 10"
          RenderBlock {P} at (378,0) size 21x83
            RenderText {#text} at (1,0) size 19x83
              text run at (1,0) width 83: "Hola hola 11"
        RenderText {#text} at (161,0) size 119x157
          text run at (161,0) width 157: "Talkback reports give us"
          text run at (181,0) width 146: "really valuable data on"
          text run at (201,0) width 138: "which crashes are the"
          text run at (221,0) width 144: "most serious, and how"
          text run at (241,0) width 104: "often people are"
          text run at (261,0) width 124: "encountering them."
      RenderBlock (floating) {DIV} at (0,394) size 340x85 [bgcolor=#FF00FF]
        RenderBlock {P} at (16,0) size 20x85
          RenderText {#text} at (1,0) size 19x85
            text run at (1,0) width 85: "Hello Kitty 1"
        RenderBlock {P} at (52,0) size 20x85
          RenderText {#text} at (1,0) size 19x85
            text run at (1,0) width 85: "Hello Kitty 2"
        RenderBlock {P} at (88,0) size 20x85
          RenderText {#text} at (1,0) size 19x85
            text run at (1,0) width 85: "Hello Kitty 3"
        RenderBlock {P} at (124,0) size 20x85
          RenderText {#text} at (1,0) size 19x85
            text run at (1,0) width 85: "Hello Kitty 4"
        RenderBlock {P} at (160,0) size 20x85
          RenderText {#text} at (1,0) size 19x85
            text run at (1,0) width 85: "Hello Kitty 5"
        RenderBlock {P} at (196,0) size 20x85
          RenderText {#text} at (1,0) size 19x85
            text run at (1,0) width 85: "Hello Kitty 6"
        RenderBlock {P} at (232,0) size 20x85
          RenderText {#text} at (1,0) size 19x85
            text run at (1,0) width 85: "Hello Kitty 7"
        RenderBlock {P} at (268,0) size 20x85
          RenderText {#text} at (1,0) size 19x85
            text run at (1,0) width 85: "Hello Kitty 8"
        RenderBlock {P} at (304,0) size 20x85
          RenderText {#text} at (1,0) size 19x85
            text run at (1,0) width 85: "Hello Kitty 9"
      RenderBlock {H2} at (0,0) size 60x479
        RenderText {#text} at (1,248) size 58x130
          text run at (1,248) width 125: "What Needs"
          text run at (31,248) width 130: "To Be Done?"
    RenderBlock (floating) {DIV} at (99,248) size 408x84 [bgcolor=#808080]
      RenderBlock {P} at (16,0) size 20x83
        RenderText {#text} at (1,0) size 19x75
          text run at (1,0) width 75: "Hola hola 1"
      RenderBlock {P} at (52,0) size 20x83
        RenderText {#text} at (1,0) size 19x75
          text run at (1,0) width 75: "Hola hola 2"
      RenderBlock {P} at (88,0) size 20x83
        RenderText {#text} at (1,0) size 19x75
          text run at (1,0) width 75: "Hola hola 3"
      RenderBlock {P} at (124,0) size 20x83
        RenderText {#text} at (1,0) size 19x75
          text run at (1,0) width 75: "Hola hola 4"
      RenderBlock {P} at (160,0) size 20x83
        RenderText {#text} at (1,0) size 19x75
          text run at (1,0) width 75: "Hola hola 5"
      RenderBlock {P} at (196,0) size 20x83
        RenderText {#text} at (1,0) size 19x75
          text run at (1,0) width 75: "Hola hola 6"
      RenderBlock {P} at (232,0) size 20x83
        RenderText {#text} at (1,0) size 19x75
          text run at (1,0) width 75: "Hola hola 7"
      RenderBlock {P} at (263,0) size 21x83
        RenderText {#text} at (1,0) size 19x75
          text run at (1,0) width 75: "Hola hola 8"
      RenderBlock {P} at (299,0) size 21x83
        RenderText {#text} at (1,0) size 19x75
          text run at (1,0) width 75: "Hola hola 9"
      RenderBlock {P} at (335,0) size 21x83
        RenderText {#text} at (1,0) size 19x83
          text run at (1,0) width 83: "Hola hola 10"
      RenderBlock {P} at (371,0) size 21x83
        RenderText {#text} at (1,0) size 19x83
          text run at (1,0) width 83: "Hola hola 11"
    RenderBlock {DL} at (99,0) size 827x479
      RenderBlock {DT} at (0,0) size 40x479
        RenderText {#text} at (1,331) size 39x44
          text run at (1,331) width 44: "Report"
          text run at (21,331) width 33: "Bugs"
      RenderBlock {DD} at (56,40) size 508x439
        RenderBlock {P} at (0,0) size 508x439
          RenderText {#text} at (1,291) size 347x148
            text run at (1,291) width 44: "You've"
            text run at (21,291) width 48: "already"
            text run at (208,291) width 131: "downloaded a build."
            text run at (228,291) width 134: "All you have to do is"
            text run at (248,291) width 39: "use it "
            text run at (248,329) width 18: "as "
            text run at (248,346) width 93: "your everyday"
            text run at (268,291) width 79: "browser and"
            text run at (288,291) width 128: "mail/news reader. If"
            text run at (308,291) width 118: "you downloaded a"
            text run at (328,291) width 70: "build with "
            text run at (328,360) width 63: "Talkback,"
          RenderInline {EM} at (0,0) size 20x105
            RenderText {#text} at (348,291) size 20x105
              text run at (348,291) width 46: "please "
              text run at (348,335) width 60: "turn it on"
          RenderText {#text} at (348,395) size 140x435
            text run at (348,395) width 39: " when"
            text run at (368,208) width 192: "it asks. Talkback reports give "
            text run at (368,398) width 15: "us"
            text run at (388,208) width 130: "really valuable data "
            text run at (388,337) width 60: "on which"
            text run at (408,208) width 210: "crashes are the most serious, and"
            text run at (428,208) width 32: "how "
            text run at (428,239) width 191: "often people are encountering"
            text run at (448,0) width 285: "them. And all you have to do is click \"OK\". "
            text run at (448,284) width 140: "If you find something"
            text run at (468,0) width 317: "you think is a bug, check to see if it's not already "
          RenderInline {A} at (0,0) size 20x84 [color=#0000EE]
            RenderText {#text} at (468,316) size 20x84
              text run at (468,316) width 84: "known about"
          RenderText {#text} at (468,399) size 40x431
            text run at (468,399) width 32: ", and"
            text run at (488,0) width 76: "then please "
            text run at (488,75) width 70: "follow the "
          RenderInline {A} at (0,0) size 20x169 [color=#0000EE]
            RenderText {#text} at (488,144) size 20x169
              text run at (488,144) width 169: "bug submission procedure"
          RenderText {#text} at (488,312) size 20x5
            text run at (488,312) width 5: "."
      RenderBlock (floating) {DIV} at (579,0) size 408x83 [bgcolor=#008000]
        RenderBlock {P} at (16,0) size 20x83
          RenderText {#text} at (1,0) size 19x75
            text run at (1,0) width 75: "Hola hola 1"
        RenderBlock {P} at (47,0) size 20x83
          RenderText {#text} at (1,0) size 19x75
            text run at (1,0) width 75: "Hola hola 2"
        RenderBlock {P} at (83,0) size 20x83
          RenderText {#text} at (1,0) size 19x75
            text run at (1,0) width 75: "Hola hola 3"
        RenderBlock {P} at (119,0) size 20x83
          RenderText {#text} at (1,0) size 19x75
            text run at (1,0) width 75: "Hola hola 4"
        RenderBlock {P} at (155,0) size 20x83
          RenderText {#text} at (1,0) size 19x75
            text run at (1,0) width 75: "Hola hola 5"
        RenderBlock {P} at (191,0) size 20x83
          RenderText {#text} at (1,0) size 19x75
            text run at (1,0) width 75: "Hola hola 6"
        RenderBlock {P} at (227,0) size 20x83
          RenderText {#text} at (1,0) size 19x75
            text run at (1,0) width 75: "Hola hola 7"
        RenderBlock {P} at (263,0) size 20x83
          RenderText {#text} at (1,0) size 19x75
            text run at (1,0) width 75: "Hola hola 8"
        RenderBlock {P} at (299,0) size 20x83
          RenderText {#text} at (1,0) size 19x75
            text run at (1,0) width 75: "Hola hola 9"
        RenderBlock {P} at (335,0) size 20x83
          RenderText {#text} at (1,0) size 19x83
            text run at (1,0) width 83: "Hola hola 10"
        RenderBlock {P} at (371,0) size 20x83
          RenderText {#text} at (1,0) size 19x83
            text run at (1,0) width 83: "Hola hola 11"
      RenderBlock {DT} at (579,0) size 21x479
        RenderText {#text} at (1,82) size 19x119
          text run at (1,82) width 119: "Quality Assurance"
      RenderBlock {DD} at (686,40) size 141x439
        RenderBlock {P} at (0,0) size 140x439
          RenderInline {A} at (0,0) size 19x77 [color=#0000EE]
            RenderText {#text} at (1,42) size 19x77
              text run at (1,42) width 77: "Mozilla QA"
          RenderText {#text} at (1,118) size 19x42
            text run at (1,118) width 4: " "
            text run at (1,122) width 37: "has a "
          RenderInline {A} at (0,0) size 19x31 [color=#0000EE]
            RenderText {#text} at (1,159) size 19x31
              text run at (1,159) width 31: "page"
          RenderText {#text} at (1,189) size 119x368
            text run at (1,189) width 4: " "
            text run at (1,193) width 215: "dedicated to ways to get involved"
            text run at (21,42) width 222: "with helping. This doesn't involve "
            text run at (21,263) width 143: "knowing how to code,"
            text run at (41,42) width 351: "although a little knowledge of HTML is helpful. Being"
            text run at (61,42) width 134: "involved with QA is "
            text run at (61,175) width 234: "good for people wanting to get more"
            text run at (81,42) width 88: "familiar with "
            text run at (81,129) width 276: "Mozilla, and there's a strong community. A"
            text run at (101,42) width 245: "particularly good way to get involved "
            text run at (101,286) width 80: "is to join the"
          RenderInline {A} at (0,0) size 19x71 [color=#0000EE]
            RenderText {#text} at (121,42) size 19x71
              text run at (121,42) width 71: "BugAThon"
          RenderText {#text} at (121,112) size 19x5
            text run at (121,112) width 4: "."
