layer at (0,0) size 1680x1208
  RenderView at (0,0) size 800x600
layer at (0,0) size 1680x600
  RenderBlock {HTML} at (0,0) size 1680x600
    RenderBody {BODY} at (8,8) size 1664x1200
layer at (8,8) size 404x1200
  RenderBlock {DIV} at (0,0) size 404x1200 [border: (2px solid #000000)]
    RenderMultiColumnSet at (2,2) size 400x1196
layer at (10,10) size 936x388
  RenderMultiColumnFlowThread at (2,2) size 936x388
    RenderBlock (anonymous) at (0,0) size 280x388
      RenderText {#text} at (1,0) size 19x113
        text run at (1,0) width 113: "This is some text."
      RenderBR {BR} at (1,112) size 19x1
      RenderText {#text} at (21,0) size 19x113
        text run at (21,0) width 113: "This is some text."
      RenderBR {BR} at (21,112) size 19x1
      RenderText {#text} at (41,0) size 19x113
        text run at (41,0) width 113: "This is some text."
      RenderBR {BR} at (41,112) size 19x1
      RenderText {#text} at (61,0) size 19x113
        text run at (61,0) width 113: "This is some text."
      RenderBR {BR} at (61,112) size 19x1
      RenderText {#text} at (81,0) size 19x113
        text run at (81,0) width 113: "This is some text."
      RenderBR {BR} at (81,112) size 19x1
      RenderText {#text} at (101,0) size 19x113
        text run at (101,0) width 113: "This is some text."
      RenderBR {BR} at (101,112) size 19x1
      RenderText {#text} at (121,0) size 19x113
        text run at (121,0) width 113: "This is some text."
      RenderBR {BR} at (121,112) size 19x1
      RenderText {#text} at (141,0) size 19x113
        text run at (141,0) width 113: "This is some text."
      RenderBR {BR} at (141,112) size 19x1
      RenderText {#text} at (161,0) size 19x113
        text run at (161,0) width 113: "This is some text."
      RenderBR {BR} at (161,112) size 19x1
      RenderText {#text} at (181,0) size 19x113
        text run at (181,0) width 113: "This is some text."
      RenderBR {BR} at (181,112) size 19x1
      RenderText {#text} at (201,0) size 19x113
        text run at (201,0) width 113: "This is some text."
      RenderBR {BR} at (201,112) size 19x1
      RenderText {#text} at (221,0) size 19x113
        text run at (221,0) width 113: "This is some text."
      RenderBR {BR} at (221,112) size 19x1
      RenderText {#text} at (241,0) size 19x113
        text run at (241,0) width 113: "This is some text."
      RenderBR {BR} at (241,112) size 19x1
      RenderText {#text} at (261,0) size 19x113
        text run at (261,0) width 113: "This is some text."
      RenderBR {BR} at (261,112) size 19x1
    RenderBlock {P} at (296,0) size 624x388
      RenderBlock (floating) {SPAN} at (104,0) size 149x79
        RenderText {#text} at (3,0) size 143x79
          text run at (3,0) width 79: "T"
      RenderText {#text} at (105,78) size 19x104
        text run at (105,78) width 104: "his is some text."
      RenderBR {BR} at (105,181) size 19x1
      RenderText {#text} at (125,78) size 19x114
        text run at (125,78) width 113: "This is some text."
      RenderBR {BR} at (125,191) size 19x1
      RenderText {#text} at (145,78) size 19x114
        text run at (145,78) width 113: "This is some text."
      RenderBR {BR} at (145,191) size 19x1
      RenderText {#text} at (165,78) size 19x114
        text run at (165,78) width 113: "This is some text."
      RenderBR {BR} at (165,191) size 19x1
      RenderText {#text} at (185,78) size 19x114
        text run at (185,78) width 113: "This is some text."
      RenderBR {BR} at (185,191) size 19x1
      RenderText {#text} at (205,78) size 19x114
        text run at (205,78) width 113: "This is some text."
      RenderBR {BR} at (205,191) size 19x1
      RenderText {#text} at (225,78) size 19x114
        text run at (225,78) width 113: "This is some text."
      RenderBR {BR} at (225,191) size 19x1
      RenderText {#text} at (245,78) size 19x114
        text run at (245,78) width 113: "This is some text."
      RenderBR {BR} at (245,191) size 19x1
      RenderText {#text} at (265,0) size 19x113
        text run at (265,0) width 113: "This is some text."
      RenderBR {BR} at (265,112) size 19x1
      RenderText {#text} at (285,0) size 19x113
        text run at (285,0) width 113: "This is some text."
      RenderBR {BR} at (285,112) size 19x1
      RenderText {#text} at (305,0) size 19x113
        text run at (305,0) width 113: "This is some text."
      RenderBR {BR} at (305,112) size 19x1
      RenderText {#text} at (325,0) size 19x113
        text run at (325,0) width 113: "This is some text."
      RenderBR {BR} at (325,112) size 19x1
      RenderText {#text} at (345,0) size 19x113
        text run at (345,0) width 113: "This is some text."
      RenderBR {BR} at (345,112) size 19x1
      RenderText {#text} at (365,0) size 19x113
        text run at (365,0) width 113: "This is some text."
      RenderBR {BR} at (365,112) size 19x1
      RenderText {#text} at (385,0) size 19x113
        text run at (385,0) width 113: "This is some text."
      RenderBR {BR} at (385,112) size 19x1
      RenderText {#text} at (405,0) size 19x113
        text run at (405,0) width 113: "This is some text."
      RenderBR {BR} at (405,112) size 19x1
      RenderText {#text} at (425,0) size 19x113
        text run at (425,0) width 113: "This is some text."
      RenderBR {BR} at (425,112) size 19x1
      RenderText {#text} at (445,0) size 19x113
        text run at (445,0) width 113: "This is some text."
      RenderBR {BR} at (445,112) size 19x1
      RenderText {#text} at (465,0) size 19x113
        text run at (465,0) width 113: "This is some text."
      RenderBR {BR} at (465,112) size 19x1
      RenderText {#text} at (485,0) size 19x113
        text run at (485,0) width 113: "This is some text."
      RenderBR {BR} at (485,112) size 19x1
      RenderText {#text} at (505,0) size 19x113
        text run at (505,0) width 113: "This is some text."
      RenderBR {BR} at (505,112) size 19x1
      RenderText {#text} at (525,0) size 19x113
        text run at (525,0) width 113: "This is some text."
      RenderBR {BR} at (525,112) size 19x1
      RenderText {#text} at (545,0) size 19x113
        text run at (545,0) width 113: "This is some text."
      RenderBR {BR} at (545,112) size 19x1
      RenderText {#text} at (565,0) size 19x113
        text run at (565,0) width 113: "This is some text."
      RenderBR {BR} at (565,112) size 19x1
      RenderText {#text} at (585,0) size 19x113
        text run at (585,0) width 113: "This is some text."
      RenderBR {BR} at (585,112) size 19x1
      RenderText {#text} at (605,0) size 19x113
        text run at (605,0) width 113: "This is some text."
      RenderBR {BR} at (605,112) size 19x1
layer at (428,8) size 404x1200
  RenderBlock {DIV} at (420,0) size 404x1200 [border: (2px solid #000000)]
    RenderMultiColumnSet at (2,2) size 400x1196
layer at (430,10) size 936x388
  RenderMultiColumnFlowThread at (2,2) size 936x388
    RenderBlock (anonymous) at (0,0) size 280x388
      RenderText {#text} at (1,0) size 19x113
        text run at (1,0) width 113: "This is some text."
      RenderBR {BR} at (1,112) size 19x1
      RenderText {#text} at (21,0) size 19x113
        text run at (21,0) width 113: "This is some text."
      RenderBR {BR} at (21,112) size 19x1
      RenderText {#text} at (41,0) size 19x113
        text run at (41,0) width 113: "This is some text."
      RenderBR {BR} at (41,112) size 19x1
      RenderText {#text} at (61,0) size 19x113
        text run at (61,0) width 113: "This is some text."
      RenderBR {BR} at (61,112) size 19x1
      RenderText {#text} at (81,0) size 19x113
        text run at (81,0) width 113: "This is some text."
      RenderBR {BR} at (81,112) size 19x1
      RenderText {#text} at (101,0) size 19x113
        text run at (101,0) width 113: "This is some text."
      RenderBR {BR} at (101,112) size 19x1
      RenderText {#text} at (121,0) size 19x113
        text run at (121,0) width 113: "This is some text."
      RenderBR {BR} at (121,112) size 19x1
      RenderText {#text} at (141,0) size 19x113
        text run at (141,0) width 113: "This is some text."
      RenderBR {BR} at (141,112) size 19x1
      RenderText {#text} at (161,0) size 19x113
        text run at (161,0) width 113: "This is some text."
      RenderBR {BR} at (161,112) size 19x1
      RenderText {#text} at (181,0) size 19x113
        text run at (181,0) width 113: "This is some text."
      RenderBR {BR} at (181,112) size 19x1
      RenderText {#text} at (201,0) size 19x113
        text run at (201,0) width 113: "This is some text."
      RenderBR {BR} at (201,112) size 19x1
      RenderText {#text} at (221,0) size 19x113
        text run at (221,0) width 113: "This is some text."
      RenderBR {BR} at (221,112) size 19x1
      RenderText {#text} at (241,0) size 19x113
        text run at (241,0) width 113: "This is some text."
      RenderBR {BR} at (241,112) size 19x1
      RenderText {#text} at (261,0) size 19x113
        text run at (261,0) width 113: "This is some text."
      RenderBR {BR} at (261,112) size 19x1
    RenderBlock {P} at (296,0) size 624x388
      RenderImage {IMG} at (104,0) size 100x100 [bgcolor=#008000]
      RenderImage {IMG} at (104,288) size 200x100 [bgcolor=#008000]
      RenderText {#text} at (105,100) size 19x109
        text run at (105,100) width 109: "This is some text"
      RenderBR {BR} at (105,208) size 19x1
      RenderText {#text} at (125,100) size 19x113
        text run at (125,100) width 113: "This is some text."
      RenderBR {BR} at (125,212) size 19x1
      RenderText {#text} at (145,100) size 19x113
        text run at (145,100) width 113: "This is some text."
      RenderBR {BR} at (145,212) size 19x1
      RenderText {#text} at (165,100) size 19x113
        text run at (165,100) width 113: "This is some text."
      RenderBR {BR} at (165,212) size 19x1
      RenderText {#text} at (185,100) size 19x113
        text run at (185,100) width 113: "This is some text."
      RenderBR {BR} at (185,212) size 19x1
      RenderText {#text} at (205,0) size 19x113
        text run at (205,0) width 113: "This is some text."
      RenderBR {BR} at (205,112) size 19x1
      RenderText {#text} at (225,0) size 19x113
        text run at (225,0) width 113: "This is some text."
      RenderBR {BR} at (225,112) size 19x1
      RenderText {#text} at (245,0) size 19x113
        text run at (245,0) width 113: "This is some text."
      RenderBR {BR} at (245,112) size 19x1
      RenderText {#text} at (265,0) size 19x113
        text run at (265,0) width 113: "This is some text."
      RenderBR {BR} at (265,112) size 19x1
      RenderText {#text} at (285,0) size 19x113
        text run at (285,0) width 113: "This is some text."
      RenderBR {BR} at (285,112) size 19x1
      RenderText {#text} at (305,0) size 19x113
        text run at (305,0) width 113: "This is some text."
      RenderBR {BR} at (305,112) size 19x1
      RenderText {#text} at (325,0) size 19x113
        text run at (325,0) width 113: "This is some text."
      RenderBR {BR} at (325,112) size 19x1
      RenderText {#text} at (345,0) size 19x113
        text run at (345,0) width 113: "This is some text."
      RenderBR {BR} at (345,112) size 19x1
      RenderText {#text} at (365,0) size 19x113
        text run at (365,0) width 113: "This is some text."
      RenderBR {BR} at (365,112) size 19x1
      RenderText {#text} at (385,0) size 19x113
        text run at (385,0) width 113: "This is some text."
      RenderBR {BR} at (385,112) size 19x1
      RenderText {#text} at (405,0) size 19x113
        text run at (405,0) width 113: "This is some text."
      RenderBR {BR} at (405,112) size 19x1
      RenderText {#text} at (425,0) size 19x113
        text run at (425,0) width 113: "This is some text."
      RenderBR {BR} at (425,112) size 19x1
      RenderText {#text} at (445,0) size 19x113
        text run at (445,0) width 113: "This is some text."
      RenderBR {BR} at (445,112) size 19x1
      RenderText {#text} at (465,0) size 19x113
        text run at (465,0) width 113: "This is some text."
      RenderBR {BR} at (465,112) size 19x1
      RenderText {#text} at (485,0) size 19x113
        text run at (485,0) width 113: "This is some text."
      RenderBR {BR} at (485,112) size 19x1
      RenderText {#text} at (505,0) size 19x113
        text run at (505,0) width 113: "This is some text."
      RenderBR {BR} at (505,112) size 19x1
      RenderText {#text} at (525,0) size 19x113
        text run at (525,0) width 113: "This is some text."
      RenderBR {BR} at (525,112) size 19x1
      RenderText {#text} at (545,0) size 19x113
        text run at (545,0) width 113: "This is some text."
      RenderBR {BR} at (545,112) size 19x1
      RenderText {#text} at (565,0) size 19x113
        text run at (565,0) width 113: "This is some text."
      RenderBR {BR} at (565,112) size 19x1
      RenderText {#text} at (585,0) size 19x113
        text run at (585,0) width 113: "This is some text."
      RenderBR {BR} at (585,112) size 19x1
      RenderText {#text} at (605,0) size 19x113
        text run at (605,0) width 113: "This is some text."
      RenderBR {BR} at (605,112) size 19x1
layer at (848,8) size 404x1200
  RenderBlock {DIV} at (840,0) size 404x1200 [border: (2px solid #000000)]
    RenderMultiColumnSet at (2,2) size 400x1196
layer at (850,10) size 420x388
  RenderMultiColumnFlowThread at (2,2) size 420x388
    RenderImage {IMG} at (0,0) size 390x300 [bgcolor=#008000]
    RenderText {#text} at (1,300) size 419x383
      text run at (1,300) width 75: "Longer text"
      text run at (21,300) width 74: "designed to"
      text run at (41,300) width 83: "test float and"
      text run at (61,300) width 61: "wrapping"
      text run at (81,300) width 60: "behavior."
      text run at (101,300) width 75: "Longer text"
      text run at (121,300) width 74: "designed to"
      text run at (141,300) width 83: "test float and"
      text run at (161,300) width 61: "wrapping"
      text run at (181,300) width 60: "behavior."
      text run at (201,300) width 75: "Longer text"
      text run at (221,300) width 74: "designed to"
      text run at (241,300) width 83: "test float and"
      text run at (261,300) width 61: "wrapping"
      text run at (281,300) width 60: "behavior."
      text run at (301,300) width 75: "Longer text"
      text run at (321,300) width 74: "designed to"
      text run at (341,300) width 83: "test float and"
      text run at (361,300) width 61: "wrapping"
      text run at (381,300) width 60: "behavior."
      text run at (401,0) width 366: "Longer text designed to test float and wrapping behavior."
layer at (1268,8) size 404x1200
  RenderBlock {DIV} at (1260,0) size 404x1200 [border: (2px solid #000000)]
    RenderMultiColumnSet at (2,2) size 400x1196
layer at (1270,10) size 670x388 backgroundClip at (0,0) size 1680x1208 clip at (0,0) size 1680x1208
  RenderMultiColumnFlowThread at (2,2) size 670x388
    RenderImage {IMG} at (0,0) size 380x388 [bgcolor=#0000FF]
    RenderInline {SPAN} at (0,0) size 667x388
      RenderImage {IMG} at (400,0) size 20x100 [bgcolor=#008000]
      RenderText {#text} at (401,100) size 28x209
        text run at (401,100) width 209: "Longer text designed "
      RenderImage {IMG} at (430,288) size 20x100 [bgcolor=#008000]
      RenderText {#text} at (401,308) size 268x379
        text run at (401,308) width 58: "to test"
        text run at (431,0) width 276: "float and wrapping behavior."
        text run at (461,0) width 358: "Longer text designed to test float and"
        text run at (491,0) width 303: "wrapping behavior. Longer text"
        text run at (521,0) width 337: "designed to test float and wrapping"
        text run at (551,0) width 362: "behavior. Longer text designed to test"
        text run at (581,0) width 352: "float and wrapping behavior. Longer"
        text run at (611,0) width 379: "text designed to test float and wrapping"
        text run at (641,0) width 89: "behavior."
    RenderText {#text} at (0,0) size 0x0
