layer at (0,0) size 800x1208
  RenderView at (0,0) size 800x600
layer at (0,0) size 800x600
  RenderBlock {HTML} at (0,0) size 800x600
    RenderBody {BODY} at (8,8) size 784x1200
layer at (8,8) size 404x1200
  RenderBlock {DIV} at (0,0) size 404x1200 [border: (2px solid #000000)]
    RenderMultiColumnSet at (2,2) size 400x1196
layer at (10,10) size 1000x388 backgroundClip at (0,0) size 800x1208 clip at (0,0) size 800x1208
  RenderMultiColumnFlowThread at (2,2) size 1000x388
    RenderText {#text} at (1,0) size 19x113
      text run at (1,0) width 113: "This is some text."
    RenderBR {BR} at (1,112) size 19x1
    RenderText {#text} at (21,0) size 19x113
      text run at (21,0) width 113: "This is some text."
    RenderBR {BR} at (21,112) size 19x1
    RenderText {#text} at (41,0) size 19x113
      text run at (41,0) width 113: "This is some text."
    RenderBR {BR} at (41,112) size 19x1
    RenderText {#text} at (61,0) size 19x113
      text run at (61,0) width 113: "This is some text."
    RenderBR {BR} at (61,112) size 19x1
    RenderText {#text} at (81,0) size 19x113
      text run at (81,0) width 113: "This is some text."
    RenderBR {BR} at (81,112) size 19x1
    RenderText {#text} at (101,0) size 19x113
      text run at (101,0) width 113: "This is some text."
    RenderBR {BR} at (101,112) size 19x1
    RenderText {#text} at (121,0) size 19x113
      text run at (121,0) width 113: "This is some text."
    RenderBR {BR} at (121,112) size 19x1
    RenderText {#text} at (141,0) size 19x113
      text run at (141,0) width 113: "This is some text."
    RenderBR {BR} at (141,112) size 19x1
    RenderText {#text} at (161,0) size 19x113
      text run at (161,0) width 113: "This is some text."
    RenderBR {BR} at (161,112) size 19x1
    RenderText {#text} at (181,0) size 19x113
      text run at (181,0) width 113: "This is some text."
    RenderBR {BR} at (181,112) size 19x1
    RenderImage {IMG} at (400,0) size 300x250 [bgcolor=#008000]
    RenderText {#text} at (401,250) size 19x113
      text run at (401,250) width 113: "This is some text."
    RenderBR {BR} at (401,362) size 19x1
    RenderText {#text} at (421,250) size 19x113
      text run at (421,250) width 113: "This is some text."
    RenderBR {BR} at (421,362) size 19x1
    RenderText {#text} at (441,250) size 19x113
      text run at (441,250) width 113: "This is some text."
    RenderBR {BR} at (441,362) size 19x1
    RenderText {#text} at (461,250) size 19x113
      text run at (461,250) width 113: "This is some text."
    RenderBR {BR} at (461,362) size 19x1
    RenderText {#text} at (481,250) size 19x113
      text run at (481,250) width 113: "This is some text."
    RenderBR {BR} at (481,362) size 19x1
    RenderText {#text} at (501,250) size 19x113
      text run at (501,250) width 113: "This is some text."
    RenderBR {BR} at (501,362) size 19x1
    RenderText {#text} at (521,250) size 19x113
      text run at (521,250) width 113: "This is some text."
    RenderBR {BR} at (521,362) size 19x1
    RenderText {#text} at (541,250) size 19x113
      text run at (541,250) width 113: "This is some text."
    RenderBR {BR} at (541,362) size 19x1
    RenderText {#text} at (561,250) size 19x113
      text run at (561,250) width 113: "This is some text."
    RenderBR {BR} at (561,362) size 19x1
    RenderText {#text} at (581,250) size 19x113
      text run at (581,250) width 113: "This is some text."
    RenderBR {BR} at (581,362) size 19x1
    RenderText {#text} at (601,250) size 19x113
      text run at (601,250) width 113: "This is some text."
    RenderBR {BR} at (601,362) size 19x1
    RenderText {#text} at (621,250) size 19x113
      text run at (621,250) width 113: "This is some text."
    RenderBR {BR} at (621,362) size 19x1
    RenderText {#text} at (641,250) size 19x113
      text run at (641,250) width 113: "This is some text."
    RenderBR {BR} at (641,362) size 19x1
    RenderText {#text} at (661,250) size 19x113
      text run at (661,250) width 113: "This is some text."
    RenderBR {BR} at (661,362) size 19x1
    RenderText {#text} at (681,250) size 19x113
      text run at (681,250) width 113: "This is some text."
    RenderBR {BR} at (681,362) size 19x1
    RenderText {#text} at (701,0) size 19x113
      text run at (701,0) width 113: "This is some text."
    RenderBR {BR} at (701,112) size 19x1
    RenderText {#text} at (721,0) size 19x113
      text run at (721,0) width 113: "This is some text."
    RenderBR {BR} at (721,112) size 19x1
    RenderText {#text} at (741,0) size 19x113
      text run at (741,0) width 113: "This is some text."
    RenderBR {BR} at (741,112) size 19x1
    RenderText {#text} at (761,0) size 19x113
      text run at (761,0) width 113: "This is some text."
    RenderBR {BR} at (761,112) size 19x1
    RenderText {#text} at (781,0) size 19x113
      text run at (781,0) width 113: "This is some text."
    RenderBR {BR} at (781,112) size 19x1
    RenderText {#text} at (801,0) size 19x113
      text run at (801,0) width 113: "This is some text."
    RenderBR {BR} at (801,112) size 19x1
    RenderText {#text} at (821,0) size 19x113
      text run at (821,0) width 113: "This is some text."
    RenderBR {BR} at (821,112) size 19x1
    RenderText {#text} at (841,0) size 19x113
      text run at (841,0) width 113: "This is some text."
    RenderBR {BR} at (841,112) size 19x1
    RenderText {#text} at (861,0) size 19x113
      text run at (861,0) width 113: "This is some text."
    RenderBR {BR} at (861,112) size 19x1
    RenderText {#text} at (881,0) size 19x113
      text run at (881,0) width 113: "This is some text."
    RenderBR {BR} at (881,112) size 19x1
    RenderText {#text} at (901,0) size 19x113
      text run at (901,0) width 113: "This is some text."
    RenderBR {BR} at (901,112) size 19x1
    RenderText {#text} at (921,0) size 19x113
      text run at (921,0) width 113: "This is some text."
    RenderBR {BR} at (921,112) size 19x1
    RenderText {#text} at (941,0) size 19x113
      text run at (941,0) width 113: "This is some text."
    RenderBR {BR} at (941,112) size 19x1
    RenderText {#text} at (961,0) size 19x113
      text run at (961,0) width 113: "This is some text."
    RenderBR {BR} at (961,112) size 19x1
    RenderText {#text} at (981,0) size 19x113
      text run at (981,0) width 113: "This is some text."
    RenderBR {BR} at (981,112) size 19x1
