layer at (0,0) size 800x600
  RenderView at (0,0) size 800x600
layer at (0,0) size 800x600
  RenderBlock {HTML} at (0,0) size 800x600
    RenderBody {BODY} at (8,8) size 784x584
      RenderBlock (floating) {DIV} at (0,0) size 100x200 [bgcolor=#00FF00]
layer at (108,8) size 152x435
  RenderBlock {DIV} at (100,0) size 152x435 [border: (10px solid #000000)]
    RenderMultiColumnSet at (10,10) size 132x415
layer at (118,18) size 132x415
  RenderMultiColumnFlowThread at (10,10) size 132x415
    RenderBlock {P} at (16,0) size 100x415
      RenderText {#text} at (1,0) size 99x415
        text run at (1,0) width 415: "This technology preview of our award winning next generation"
        text run at (21,0) width 57: "browser "
        text run at (21,56) width 359: "is a sign of things to come from Mozilla. Powerful yet"
        text run at (41,0) width 122: "easy to use. This "
        text run at (41,121) width 294: "maintenance release provides a few updates"
        text run at (61,0) width 246: "based on user feedback - including "
        text run at (61,245) width 170: "changes to the Extension"
        text run at (81,0) width 206: "System and icon improvements."
