layer at (0,0) size 800x1141
  RenderView at (0,0) size 800x600
layer at (0,0) size 800x600
  RenderBlock {HTML} at (0,0) size 800x600
layer at (8,8) size 500x750
  RenderBody {BODY} at (8,8) size 500x750
    RenderMultiColumnSet at (0,0) size 500x750
layer at (8,8) size 1099x367 backgroundClip at (0,0) size 800x1141 clip at (0,0) size 800x1141
  RenderMultiColumnFlowThread at (0,0) size 1100x367
    RenderBlock {H1} at (21,0) size 39x367
      RenderText {#text} at (1,0) size 36x166
        text run at (1,0) width 166: "Header One"
    RenderBlock (anonymous) at (80,0) size 221x367
      RenderText {#text} at (1,0) size 219x367
        text run at (1,0) width 364: "Lorem ipsum dolor sit amet, consectetuer adipiscing elit."
        text run at (21,0) width 362: "Nulla varius enim ac mi. Curabitur sollicitudin felis quis"
        text run at (41,0) width 332: "lectus. Quisque adipiscing rhoncus sem. Proin nulla"
        text run at (61,0) width 367: "purus, vulputate vel, varius ut, euismod et, nisi. Sed vitae"
        text run at (81,0) width 354: "felis vel orci sagittis aliquam. Cras convallis adipiscing"
        text run at (101,0) width 347: "sem. Nam nonummy enim. Nullam bibendum lobortis"
        text run at (121,0) width 351: "neque. Vestibulum velit orci, tempus euismod, pretium"
        text run at (141,0) width 353: "quis, interdum vitae, nulla. Phasellus eget ante et tortor"
        text run at (161,0) width 351: "condimentum vestibulum. Suspendisse hendrerit quam"
        text run at (181,0) width 333: "nec felis. Sed varius turpis vitae pede. Lorem ipsum"
        text run at (201,0) width 275: "dolor sit amet, consectetuer adipiscing elit."
    RenderBlock {H1} at (322,0) size 39x367
      RenderText {#text} at (1,0) size 36x167
        text run at (1,0) width 167: "Header Two"
    RenderBlock (anonymous) at (381,0) size 239x367
      RenderText {#text} at (1,0) size 238x367
        text run at (1,0) width 364: "Lorem ipsum dolor sit amet, consectetuer adipiscing elit."
        text run at (21,0) width 362: "Nulla varius enim ac mi. Curabitur sollicitudin felis quis"
        text run at (41,0) width 332: "lectus. Quisque adipiscing rhoncus sem. Proin nulla"
        text run at (61,0) width 367: "purus, vulputate vel, varius ut, euismod et, nisi. Sed vitae"
        text run at (81,0) width 354: "felis vel orci sagittis aliquam. Cras convallis adipiscing"
        text run at (119,0) width 347: "sem. Nam nonummy enim. Nullam bibendum lobortis"
        text run at (139,0) width 351: "neque. Vestibulum velit orci, tempus euismod, pretium"
        text run at (159,0) width 353: "quis, interdum vitae, nulla. Phasellus eget ante et tortor"
        text run at (179,0) width 351: "condimentum vestibulum. Suspendisse hendrerit quam"
        text run at (199,0) width 333: "nec felis. Sed varius turpis vitae pede. Lorem ipsum"
        text run at (219,0) width 275: "dolor sit amet, consectetuer adipiscing elit."
    RenderBlock {H1} at (641,0) size 39x367
      RenderText {#text} at (1,0) size 36x190
        text run at (1,0) width 190: "Header Three"
    RenderBlock {H1} at (1000,0) size 38x367
      RenderText {#text} at (1,0) size 36x177
        text run at (1,0) width 177: "Header Four"
    RenderBlock (anonymous) at (1059,0) size 41x367
      RenderText {#text} at (1,0) size 39x364
        text run at (1,0) width 364: "Lorem ipsum dolor sit amet, consectetuer adipiscing elit."
        text run at (21,0) width 158: "Nulla varius enim ac mi."
layer at (709,8) size 260x367 backgroundClip at (0,0) size 800x1141 clip at (0,0) size 800x1141
  RenderBlock {DIV} at (700,0) size 261x367
    RenderMultiColumnSet at (0,0) size 260x367
layer at (709,8) size 520x176 backgroundClip at (0,0) size 800x1141 clip at (0,0) size 800x1141
  RenderMultiColumnFlowThread at (0,0) size 520x176
    RenderText {#text} at (1,0) size 479x172
      text run at (1,0) width 143: "Lorem ipsum dolor sit"
      text run at (21,0) width 120: "amet, consectetuer"
      text run at (41,0) width 134: "adipiscing elit. Nulla"
      text run at (61,0) width 119: "varius enim ac mi."
      text run at (81,0) width 169: "Curabitur sollicitudin felis"
      text run at (101,0) width 130: "quis lectus. Quisque"
      text run at (121,0) width 155: "adipiscing rhoncus sem."
      text run at (141,0) width 115: "Proin nulla purus,"
      text run at (161,0) width 151: "vulputate vel, varius ut,"
      text run at (181,0) width 168: "euismod et, nisi. Sed vitae"
      text run at (201,0) width 130: "felis vel orci sagittis"
      text run at (221,0) width 151: "aliquam. Cras convallis"
      text run at (241,0) width 135: "adipiscing sem. Nam"
      text run at (261,0) width 157: "nonummy enim. Nullam"
      text run at (281,0) width 164: "bibendum lobortis neque."
      text run at (301,0) width 139: "Vestibulum velit orci,"
      text run at (321,0) width 163: "tempus euismod, pretium"
      text run at (341,0) width 172: "quis, interdum vitae, nulla."
      text run at (361,0) width 138: "Phasellus eget ante et"
      text run at (381,0) width 128: "tortor condimentum"
      text run at (401,0) width 158: "vestibulum. Suspendisse"
      text run at (421,0) width 160: "hendrerit quam nec felis."
      text run at (441,0) width 143: "Sed varius turpis vitae"
      text run at (461,0) width 39: "pede. "
    RenderText {#text} at (0,0) size 0x0
