layer at (0,0) size 800x778
  RenderView at (0,0) size 800x600
layer at (0,0) size 800x600
  RenderBlock {HTML} at (0,0) size 800x600
    RenderBody {BODY} at (8,8) size 784x584
layer at (8,8) size 320x770
  RenderBlock {DIV} at (0,0) size 320x770 [border: (5px solid #000000)]
    RenderMultiColumnSet at (10,10) size 300x750
layer at (18,18) size 524x367
  RenderMultiColumnFlowThread at (10,10) size 524x367
    RenderBlock {DIV} at (0,0) size 250x367
    RenderBlock (anonymous) at (300,0) size 224x367
      RenderBlock {DIV} at (0,0) size 224x308 [border: (2px solid #008000)]
        RenderText {#text} at (3,2) size 19x304
          text run at (3,2) width 304: "All of this text should be in the second column."
        RenderBR {BR} at (3,305) size 19x1
        RenderText {#text} at (23,2) size 19x304
          text run at (23,2) width 304: "All of this text should be in the second column."
        RenderBR {BR} at (23,305) size 19x1
        RenderText {#text} at (43,2) size 19x304
          text run at (43,2) width 304: "All of this text should be in the second column."
        RenderBR {BR} at (43,305) size 19x1
        RenderText {#text} at (63,2) size 19x304
          text run at (63,2) width 304: "All of this text should be in the second column."
        RenderBR {BR} at (63,305) size 19x1
        RenderText {#text} at (83,2) size 19x304
          text run at (83,2) width 304: "All of this text should be in the second column."
        RenderBR {BR} at (83,305) size 19x1
        RenderText {#text} at (103,2) size 19x304
          text run at (103,2) width 304: "All of this text should be in the second column."
        RenderBR {BR} at (103,305) size 19x1
        RenderText {#text} at (123,2) size 19x304
          text run at (123,2) width 304: "All of this text should be in the second column."
        RenderBR {BR} at (123,305) size 19x1
        RenderText {#text} at (143,2) size 19x304
          text run at (143,2) width 304: "All of this text should be in the second column."
        RenderBR {BR} at (143,305) size 19x1
        RenderText {#text} at (163,2) size 19x304
          text run at (163,2) width 304: "All of this text should be in the second column."
        RenderBR {BR} at (163,305) size 19x1
        RenderText {#text} at (183,2) size 19x304
          text run at (183,2) width 304: "All of this text should be in the second column."
        RenderBR {BR} at (183,305) size 19x1
        RenderText {#text} at (203,2) size 19x304
          text run at (203,2) width 304: "All of this text should be in the second column."
        RenderBR {BR} at (203,305) size 19x1
      RenderText {#text} at (0,0) size 0x0
