layer at (0,0) size 800x600
  RenderView at (0,0) size 800x600
layer at (0,0) size 800x600
  RenderBlock {HTML} at (0,0) size 800x600
    RenderBody {BODY} at (8,8) size 784x584
      RenderFieldSet {FIELDSET} at (2,0) size 780x371 [border: (2px groove #C0C0C0)]
        RenderBlock {DIV} at (14,7) size 752x352
          RenderInline {DIV} at (0,0) size 125x19
            RenderInline {DIV} at (0,0) size 125x19
              RenderText {#text} at (0,0) size 0x0
              RenderInline {A} at (0,0) size 50x19 [color=#0000EE]
                RenderImage {IMG} at (0,0) size 50x34
              RenderText {#text} at (50,19) size 4x19
                text run at (50,19) width 4: " "
              RenderBlock {INPUT} at (56,20) size 16x16 [bgcolor=#FFFFFF03]
              RenderInline {LABEL} at (0,0) size 47x19
                RenderText {#text} at (74,19) size 47x19
                  text run at (74,19) width 47: "Classic"
              RenderText {#text} at (120,19) size 5x19
                text run at (120,19) width 5: " "
          RenderText {#text} at (0,0) size 0x0
          RenderInline {DIV} at (0,0) size 120x19
            RenderInline {DIV} at (0,0) size 120x19
              RenderText {#text} at (0,0) size 0x0
              RenderInline {A} at (0,0) size 51x19 [color=#0000EE]
                RenderImage {IMG} at (124,0) size 51x34
              RenderText {#text} at (174,19) size 5x19
                text run at (174,19) width 5: " "
              RenderBlock {INPUT} at (180,20) size 17x16 [bgcolor=#FFFFFF03]
              RenderInline {LABEL} at (0,0) size 42x19
                RenderText {#text} at (198,19) size 42x19
                  text run at (198,19) width 42: "Africa"
              RenderText {#text} at (239,19) size 5x19
                text run at (239,19) width 5: " "
          RenderText {#text} at (0,0) size 0x0
          RenderInline {DIV} at (0,0) size 205x19
            RenderInline {DIV} at (0,0) size 205x19
              RenderText {#text} at (0,0) size 0x0
              RenderInline {A} at (0,0) size 51x19 [color=#0000EE]
                RenderImage {IMG} at (243,0) size 51x34
              RenderText {#text} at (293,19) size 5x19
                text run at (293,19) width 5: " "
              RenderBlock {INPUT} at (299,20) size 17x16 [bgcolor=#FFFFFF03]
              RenderInline {LABEL} at (0,0) size 127x19
                RenderText {#text} at (317,19) size 127x19
                  text run at (317,19) width 127: "Alexander's Empire"
              RenderText {#text} at (443,19) size 5x19
                text run at (443,19) width 5: " "
          RenderText {#text} at (0,0) size 0x0
          RenderInline {DIV} at (0,0) size 179x19
            RenderInline {DIV} at (0,0) size 179x19
              RenderText {#text} at (0,0) size 0x0
              RenderInline {A} at (0,0) size 51x19 [color=#0000EE]
                RenderImage {IMG} at (447,0) size 51x34
              RenderText {#text} at (497,19) size 5x19
                text run at (497,19) width 5: " "
              RenderBlock {INPUT} at (503,20) size 17x16 [bgcolor=#FFFFFF03]
              RenderInline {LABEL} at (0,0) size 101x19
                RenderText {#text} at (521,19) size 101x19
                  text run at (521,19) width 101: "Ancient Greece"
              RenderText {#text} at (621,19) size 5x19
                text run at (621,19) width 5: " "
          RenderText {#text} at (0,0) size 0x0
          RenderInline {DIV} at (0,0) size 122x19
            RenderInline {DIV} at (0,0) size 122x19
              RenderText {#text} at (0,0) size 0x0
              RenderInline {A} at (0,0) size 51x19 [color=#0000EE]
                RenderImage {IMG} at (625,0) size 51x34
              RenderText {#text} at (675,19) size 5x19
                text run at (675,19) width 5: " "
              RenderBlock {INPUT} at (681,20) size 17x16 [bgcolor=#FFFFFF03]
              RenderInline {LABEL} at (0,0) size 48x19
                RenderText {#text} at (699,19) size 48x19
                  text run at (699,19) width 48: "Classic"
              RenderText {#text} at (0,0) size 0x0
          RenderText {#text} at (0,0) size 0x0
          RenderInline {DIV} at (0,0) size 119x19
            RenderInline {DIV} at (0,0) size 119x19
              RenderText {#text} at (0,0) size 0x0
              RenderInline {A} at (0,0) size 50x19 [color=#0000EE]
                RenderImage {IMG} at (0,39) size 50x34
              RenderText {#text} at (50,58) size 4x19
                text run at (50,58) width 4: " "
              RenderBlock {INPUT} at (56,59) size 16x16 [bgcolor=#FFFFFF03]
              RenderInline {LABEL} at (0,0) size 41x19
                RenderText {#text} at (74,58) size 41x19
                  text run at (74,58) width 41: "Africa"
              RenderText {#text} at (114,58) size 5x19
                text run at (114,58) width 5: " "
          RenderText {#text} at (0,0) size 0x0
          RenderInline {DIV} at (0,0) size 206x19
            RenderInline {DIV} at (0,0) size 206x19
              RenderText {#text} at (0,0) size 0x0
              RenderInline {A} at (0,0) size 51x19 [color=#0000EE]
                RenderImage {IMG} at (118,39) size 51x34
              RenderText {#text} at (168,58) size 5x19
                text run at (168,58) width 5: " "
              RenderBlock {INPUT} at (174,59) size 17x16 [bgcolor=#FFFFFF03]
              RenderInline {LABEL} at (0,0) size 128x19
                RenderText {#text} at (192,58) size 128x19
                  text run at (192,58) width 128: "Alexander's Empire"
              RenderText {#text} at (319,58) size 5x19
                text run at (319,58) width 5: " "
          RenderText {#text} at (0,0) size 0x0
          RenderInline {DIV} at (0,0) size 179x19
            RenderInline {DIV} at (0,0) size 179x19
              RenderText {#text} at (0,0) size 0x0
              RenderInline {A} at (0,0) size 51x19 [color=#0000EE]
                RenderImage {IMG} at (323,39) size 51x34
              RenderText {#text} at (373,58) size 5x19
                text run at (373,58) width 5: " "
              RenderBlock {INPUT} at (379,59) size 17x16 [bgcolor=#FFFFFF03]
              RenderInline {LABEL} at (0,0) size 101x19
                RenderText {#text} at (397,58) size 101x19
                  text run at (397,58) width 101: "Ancient Greece"
              RenderText {#text} at (497,58) size 5x19
                text run at (497,58) width 5: " "
          RenderText {#text} at (0,0) size 0x0
          RenderInline {DIV} at (0,0) size 125x19
            RenderInline {DIV} at (0,0) size 125x19
              RenderText {#text} at (0,0) size 0x0
              RenderInline {A} at (0,0) size 51x19 [color=#0000EE]
                RenderImage {IMG} at (501,39) size 51x34
              RenderText {#text} at (551,58) size 5x19
                text run at (551,58) width 5: " "
              RenderBlock {INPUT} at (557,59) size 17x16 [bgcolor=#FFFFFF03]
              RenderInline {LABEL} at (0,0) size 47x19
                RenderText {#text} at (575,58) size 47x19
                  text run at (575,58) width 47: "Classic"
              RenderText {#text} at (621,58) size 5x19
                text run at (621,58) width 5: " "
          RenderText {#text} at (0,0) size 0x0
          RenderInline {DIV} at (0,0) size 116x19
            RenderInline {DIV} at (0,0) size 116x19
              RenderText {#text} at (0,0) size 0x0
              RenderInline {A} at (0,0) size 51x19 [color=#0000EE]
                RenderImage {IMG} at (625,39) size 51x34
              RenderText {#text} at (675,58) size 5x19
                text run at (675,58) width 5: " "
              RenderBlock {INPUT} at (681,59) size 17x16 [bgcolor=#FFFFFF03]
              RenderInline {LABEL} at (0,0) size 42x19
                RenderText {#text} at (699,58) size 42x19
                  text run at (699,58) width 42: "Africa"
              RenderText {#text} at (0,0) size 0x0
          RenderText {#text} at (0,0) size 0x0
          RenderInline {DIV} at (0,0) size 205x19
            RenderInline {DIV} at (0,0) size 205x19
              RenderText {#text} at (0,0) size 0x0
              RenderInline {A} at (0,0) size 50x19 [color=#0000EE]
                RenderImage {IMG} at (0,78) size 50x34
              RenderText {#text} at (50,97) size 4x19
                text run at (50,97) width 4: " "
              RenderBlock {INPUT} at (56,98) size 16x16 [bgcolor=#FFFFFF03]
              RenderInline {LABEL} at (0,0) size 127x19
                RenderText {#text} at (74,97) size 127x19
                  text run at (74,97) width 127: "Alexander's Empire"
              RenderText {#text} at (200,97) size 5x19
                text run at (200,97) width 5: " "
          RenderText {#text} at (0,0) size 0x0
          RenderInline {DIV} at (0,0) size 179x19
            RenderInline {DIV} at (0,0) size 179x19
              RenderText {#text} at (0,0) size 0x0
              RenderInline {A} at (0,0) size 51x19 [color=#0000EE]
                RenderImage {IMG} at (204,78) size 51x34
              RenderText {#text} at (254,97) size 5x19
                text run at (254,97) width 5: " "
              RenderBlock {INPUT} at (260,98) size 17x16 [bgcolor=#FFFFFF03]
              RenderInline {LABEL} at (0,0) size 101x19
                RenderText {#text} at (278,97) size 101x19
                  text run at (278,97) width 101: "Ancient Greece"
              RenderText {#text} at (378,97) size 5x19
                text run at (378,97) width 5: " "
          RenderText {#text} at (0,0) size 0x0
          RenderInline {DIV} at (0,0) size 125x19
            RenderInline {DIV} at (0,0) size 125x19
              RenderText {#text} at (0,0) size 0x0
              RenderInline {A} at (0,0) size 51x19 [color=#0000EE]
                RenderImage {IMG} at (382,78) size 51x34
              RenderText {#text} at (432,97) size 5x19
                text run at (432,97) width 5: " "
              RenderBlock {INPUT} at (438,98) size 17x16 [bgcolor=#FFFFFF03]
              RenderInline {LABEL} at (0,0) size 47x19
                RenderText {#text} at (456,97) size 47x19
                  text run at (456,97) width 47: "Classic"
              RenderText {#text} at (502,97) size 5x19
                text run at (502,97) width 5: " "
          RenderText {#text} at (0,0) size 0x0
          RenderInline {DIV} at (0,0) size 116x19
            RenderInline {DIV} at (0,0) size 116x19
              RenderText {#text} at (0,0) size 0x0
              RenderInline {A} at (0,0) size 51x19 [color=#0000EE]
                RenderImage {IMG} at (506,78) size 51x34
              RenderText {#text} at (556,97) size 5x19
                text run at (556,97) width 5: " "
              RenderBlock {INPUT} at (562,98) size 17x16 [bgcolor=#FFFFFF03]
              RenderInline {LABEL} at (0,0) size 42x19
                RenderText {#text} at (580,97) size 42x19
                  text run at (580,97) width 42: "Africa"
              RenderText {#text} at (0,0) size 0x0
          RenderText {#text} at (0,0) size 0x0
          RenderInline {DIV} at (0,0) size 205x19
            RenderInline {DIV} at (0,0) size 205x19
              RenderText {#text} at (0,0) size 0x0
              RenderInline {A} at (0,0) size 50x19 [color=#0000EE]
                RenderImage {IMG} at (0,117) size 50x34
              RenderText {#text} at (50,136) size 4x19
                text run at (50,136) width 4: " "
              RenderBlock {INPUT} at (56,137) size 16x16 [bgcolor=#FFFFFF03]
              RenderInline {LABEL} at (0,0) size 127x19
                RenderText {#text} at (74,136) size 127x19
                  text run at (74,136) width 127: "Alexander's Empire"
              RenderText {#text} at (200,136) size 5x19
                text run at (200,136) width 5: " "
          RenderText {#text} at (0,0) size 0x0
          RenderInline {DIV} at (0,0) size 179x19
            RenderInline {DIV} at (0,0) size 179x19
              RenderText {#text} at (0,0) size 0x0
              RenderInline {A} at (0,0) size 51x19 [color=#0000EE]
                RenderImage {IMG} at (204,117) size 51x34
              RenderText {#text} at (254,136) size 5x19
                text run at (254,136) width 5: " "
              RenderBlock {INPUT} at (260,137) size 17x16 [bgcolor=#FFFFFF03]
              RenderInline {LABEL} at (0,0) size 101x19
                RenderText {#text} at (278,136) size 101x19
                  text run at (278,136) width 101: "Ancient Greece"
              RenderText {#text} at (378,136) size 5x19
                text run at (378,136) width 5: " "
          RenderText {#text} at (0,0) size 0x0
          RenderInline {DIV} at (0,0) size 125x19
            RenderInline {DIV} at (0,0) size 125x19
              RenderText {#text} at (0,0) size 0x0
              RenderInline {A} at (0,0) size 51x19 [color=#0000EE]
                RenderImage {IMG} at (382,117) size 51x34
              RenderText {#text} at (432,136) size 5x19
                text run at (432,136) width 5: " "
              RenderBlock {INPUT} at (438,137) size 17x16 [bgcolor=#FFFFFF03]
              RenderInline {LABEL} at (0,0) size 47x19
                RenderText {#text} at (456,136) size 47x19
                  text run at (456,136) width 47: "Classic"
              RenderText {#text} at (502,136) size 5x19
                text run at (502,136) width 5: " "
          RenderText {#text} at (0,0) size 0x0
          RenderInline {DIV} at (0,0) size 116x19
            RenderInline {DIV} at (0,0) size 116x19
              RenderText {#text} at (0,0) size 0x0
              RenderInline {A} at (0,0) size 51x19 [color=#0000EE]
                RenderImage {IMG} at (506,117) size 51x34
              RenderText {#text} at (556,136) size 5x19
                text run at (556,136) width 5: " "
              RenderBlock {INPUT} at (562,137) size 17x16 [bgcolor=#FFFFFF03]
              RenderInline {LABEL} at (0,0) size 42x19
                RenderText {#text} at (580,136) size 42x19
                  text run at (580,136) width 42: "Africa"
              RenderText {#text} at (0,0) size 0x0
          RenderText {#text} at (0,0) size 0x0
          RenderInline {DIV} at (0,0) size 205x19
            RenderInline {DIV} at (0,0) size 205x19
              RenderText {#text} at (0,0) size 0x0
              RenderInline {A} at (0,0) size 50x19 [color=#0000EE]
                RenderImage {IMG} at (0,156) size 50x34
              RenderText {#text} at (50,175) size 4x19
                text run at (50,175) width 4: " "
              RenderBlock {INPUT} at (56,176) size 16x16 [bgcolor=#FFFFFF03]
              RenderInline {LABEL} at (0,0) size 127x19
                RenderText {#text} at (74,175) size 127x19
                  text run at (74,175) width 127: "Alexander's Empire"
              RenderText {#text} at (200,175) size 5x19
                text run at (200,175) width 5: " "
          RenderText {#text} at (0,0) size 0x0
          RenderInline {DIV} at (0,0) size 179x19
            RenderInline {DIV} at (0,0) size 179x19
              RenderText {#text} at (0,0) size 0x0
              RenderInline {A} at (0,0) size 51x19 [color=#0000EE]
                RenderImage {IMG} at (204,156) size 51x34
              RenderText {#text} at (254,175) size 5x19
                text run at (254,175) width 5: " "
              RenderBlock {INPUT} at (260,176) size 17x16 [bgcolor=#FFFFFF03]
              RenderInline {LABEL} at (0,0) size 101x19
                RenderText {#text} at (278,175) size 101x19
                  text run at (278,175) width 101: "Ancient Greece"
              RenderText {#text} at (378,175) size 5x19
                text run at (378,175) width 5: " "
          RenderText {#text} at (0,0) size 0x0
          RenderInline {DIV} at (0,0) size 125x19
            RenderInline {DIV} at (0,0) size 125x19
              RenderText {#text} at (0,0) size 0x0
              RenderInline {A} at (0,0) size 51x19 [color=#0000EE]
                RenderImage {IMG} at (382,156) size 51x34
              RenderText {#text} at (432,175) size 5x19
                text run at (432,175) width 5: " "
              RenderBlock {INPUT} at (438,176) size 17x16 [bgcolor=#FFFFFF03]
              RenderInline {LABEL} at (0,0) size 47x19
                RenderText {#text} at (456,175) size 47x19
                  text run at (456,175) width 47: "Classic"
              RenderText {#text} at (502,175) size 5x19
                text run at (502,175) width 5: " "
          RenderText {#text} at (0,0) size 0x0
          RenderInline {DIV} at (0,0) size 116x19
            RenderInline {DIV} at (0,0) size 116x19
              RenderText {#text} at (0,0) size 0x0
              RenderInline {A} at (0,0) size 51x19 [color=#0000EE]
                RenderImage {IMG} at (506,156) size 51x34
              RenderText {#text} at (556,175) size 5x19
                text run at (556,175) width 5: " "
              RenderBlock {INPUT} at (562,176) size 17x16 [bgcolor=#FFFFFF03]
              RenderInline {LABEL} at (0,0) size 42x19
                RenderText {#text} at (580,175) size 42x19
                  text run at (580,175) width 42: "Africa"
              RenderText {#text} at (0,0) size 0x0
          RenderText {#text} at (0,0) size 0x0
          RenderInline {DIV} at (0,0) size 205x19
            RenderInline {DIV} at (0,0) size 205x19
              RenderText {#text} at (0,0) size 0x0
              RenderInline {A} at (0,0) size 50x19 [color=#0000EE]
                RenderImage {IMG} at (0,195) size 50x34
              RenderText {#text} at (50,214) size 4x19
                text run at (50,214) width 4: " "
              RenderBlock {INPUT} at (56,215) size 16x16 [bgcolor=#FFFFFF03]
              RenderInline {LABEL} at (0,0) size 127x19
                RenderText {#text} at (74,214) size 127x19
                  text run at (74,214) width 127: "Alexander's Empire"
              RenderText {#text} at (200,214) size 5x19
                text run at (200,214) width 5: " "
          RenderText {#text} at (0,0) size 0x0
          RenderInline {DIV} at (0,0) size 179x19
            RenderInline {DIV} at (0,0) size 179x19
              RenderText {#text} at (0,0) size 0x0
              RenderInline {A} at (0,0) size 51x19 [color=#0000EE]
                RenderImage {IMG} at (204,195) size 51x34
              RenderText {#text} at (254,214) size 5x19
                text run at (254,214) width 5: " "
              RenderBlock {INPUT} at (260,215) size 17x16 [bgcolor=#FFFFFF03]
              RenderInline {LABEL} at (0,0) size 101x19
                RenderText {#text} at (278,214) size 101x19
                  text run at (278,214) width 101: "Ancient Greece"
              RenderText {#text} at (378,214) size 5x19
                text run at (378,214) width 5: " "
          RenderText {#text} at (0,0) size 0x0
          RenderInline {DIV} at (0,0) size 125x19
            RenderInline {DIV} at (0,0) size 125x19
              RenderText {#text} at (0,0) size 0x0
              RenderInline {A} at (0,0) size 51x19 [color=#0000EE]
                RenderImage {IMG} at (382,195) size 51x34
              RenderText {#text} at (432,214) size 5x19
                text run at (432,214) width 5: " "
              RenderBlock {INPUT} at (438,215) size 17x16 [bgcolor=#FFFFFF03]
              RenderInline {LABEL} at (0,0) size 47x19
                RenderText {#text} at (456,214) size 47x19
                  text run at (456,214) width 47: "Classic"
              RenderText {#text} at (502,214) size 5x19
                text run at (502,214) width 5: " "
          RenderText {#text} at (0,0) size 0x0
          RenderInline {DIV} at (0,0) size 116x19
            RenderInline {DIV} at (0,0) size 116x19
              RenderText {#text} at (0,0) size 0x0
              RenderInline {A} at (0,0) size 51x19 [color=#0000EE]
                RenderImage {IMG} at (506,195) size 51x34
              RenderText {#text} at (556,214) size 5x19
                text run at (556,214) width 5: " "
              RenderBlock {INPUT} at (562,215) size 17x16 [bgcolor=#FFFFFF03]
              RenderInline {LABEL} at (0,0) size 42x19
                RenderText {#text} at (580,214) size 42x19
                  text run at (580,214) width 42: "Africa"
              RenderText {#text} at (0,0) size 0x0
          RenderText {#text} at (0,0) size 0x0
          RenderInline {DIV} at (0,0) size 205x19
            RenderInline {DIV} at (0,0) size 205x19
              RenderText {#text} at (0,0) size 0x0
              RenderInline {A} at (0,0) size 50x19 [color=#0000EE]
                RenderImage {IMG} at (0,234) size 50x34
              RenderText {#text} at (50,253) size 4x19
                text run at (50,253) width 4: " "
              RenderBlock {INPUT} at (56,254) size 16x16 [bgcolor=#FFFFFF03]
              RenderInline {LABEL} at (0,0) size 127x19
                RenderText {#text} at (74,253) size 127x19
                  text run at (74,253) width 127: "Alexander's Empire"
              RenderText {#text} at (200,253) size 5x19
                text run at (200,253) width 5: " "
          RenderText {#text} at (0,0) size 0x0
          RenderInline {DIV} at (0,0) size 179x19
            RenderInline {DIV} at (0,0) size 179x19
              RenderText {#text} at (0,0) size 0x0
              RenderInline {A} at (0,0) size 51x19 [color=#0000EE]
                RenderImage {IMG} at (204,234) size 51x34
              RenderText {#text} at (254,253) size 5x19
                text run at (254,253) width 5: " "
              RenderBlock {INPUT} at (260,254) size 17x16 [bgcolor=#FFFFFF03]
              RenderInline {LABEL} at (0,0) size 101x19
                RenderText {#text} at (278,253) size 101x19
                  text run at (278,253) width 101: "Ancient Greece"
              RenderText {#text} at (378,253) size 5x19
                text run at (378,253) width 5: " "
          RenderText {#text} at (0,0) size 0x0
          RenderInline {DIV} at (0,0) size 125x19
            RenderInline {DIV} at (0,0) size 125x19
              RenderText {#text} at (0,0) size 0x0
              RenderInline {A} at (0,0) size 51x19 [color=#0000EE]
                RenderImage {IMG} at (382,234) size 51x34
              RenderText {#text} at (432,253) size 5x19
                text run at (432,253) width 5: " "
              RenderBlock {INPUT} at (438,254) size 17x16 [bgcolor=#FFFFFF03]
              RenderInline {LABEL} at (0,0) size 47x19
                RenderText {#text} at (456,253) size 47x19
                  text run at (456,253) width 47: "Classic"
              RenderText {#text} at (502,253) size 5x19
                text run at (502,253) width 5: " "
          RenderText {#text} at (0,0) size 0x0
          RenderInline {DIV} at (0,0) size 116x19
            RenderInline {DIV} at (0,0) size 116x19
              RenderText {#text} at (0,0) size 0x0
              RenderInline {A} at (0,0) size 51x19 [color=#0000EE]
                RenderImage {IMG} at (506,234) size 51x34
              RenderText {#text} at (556,253) size 5x19
                text run at (556,253) width 5: " "
              RenderBlock {INPUT} at (562,254) size 17x16 [bgcolor=#FFFFFF03]
              RenderInline {LABEL} at (0,0) size 42x19
                RenderText {#text} at (580,253) size 42x19
                  text run at (580,253) width 42: "Africa"
              RenderText {#text} at (0,0) size 0x0
          RenderText {#text} at (0,0) size 0x0
          RenderInline {DIV} at (0,0) size 205x19
            RenderInline {DIV} at (0,0) size 205x19
              RenderText {#text} at (0,0) size 0x0
              RenderInline {A} at (0,0) size 50x19 [color=#0000EE]
                RenderImage {IMG} at (0,273) size 50x34
              RenderText {#text} at (50,292) size 4x19
                text run at (50,292) width 4: " "
              RenderBlock {INPUT} at (56,293) size 16x16 [bgcolor=#FFFFFF03]
              RenderInline {LABEL} at (0,0) size 127x19
                RenderText {#text} at (74,292) size 127x19
                  text run at (74,292) width 127: "Alexander's Empire"
              RenderText {#text} at (200,292) size 5x19
                text run at (200,292) width 5: " "
          RenderText {#text} at (0,0) size 0x0
          RenderInline {DIV} at (0,0) size 179x19
            RenderInline {DIV} at (0,0) size 179x19
              RenderText {#text} at (0,0) size 0x0
              RenderInline {A} at (0,0) size 51x19 [color=#0000EE]
                RenderImage {IMG} at (204,273) size 51x34
              RenderText {#text} at (254,292) size 5x19
                text run at (254,292) width 5: " "
              RenderBlock {INPUT} at (260,293) size 17x16 [bgcolor=#FFFFFF03]
              RenderInline {LABEL} at (0,0) size 101x19
                RenderText {#text} at (278,292) size 101x19
                  text run at (278,292) width 101: "Ancient Greece"
              RenderText {#text} at (378,292) size 5x19
                text run at (378,292) width 5: " "
          RenderText {#text} at (0,0) size 0x0
          RenderInline {DIV} at (0,0) size 125x19
            RenderInline {DIV} at (0,0) size 125x19
              RenderText {#text} at (0,0) size 0x0
              RenderInline {A} at (0,0) size 51x19 [color=#0000EE]
                RenderImage {IMG} at (382,273) size 51x34
              RenderText {#text} at (432,292) size 5x19
                text run at (432,292) width 5: " "
              RenderBlock {INPUT} at (438,293) size 17x16 [bgcolor=#FFFFFF03]
              RenderInline {LABEL} at (0,0) size 47x19
                RenderText {#text} at (456,292) size 47x19
                  text run at (456,292) width 47: "Classic"
              RenderText {#text} at (502,292) size 5x19
                text run at (502,292) width 5: " "
          RenderText {#text} at (0,0) size 0x0
          RenderInline {DIV} at (0,0) size 116x19
            RenderInline {DIV} at (0,0) size 116x19
              RenderText {#text} at (0,0) size 0x0
              RenderInline {A} at (0,0) size 51x19 [color=#0000EE]
                RenderImage {IMG} at (506,273) size 51x34
              RenderText {#text} at (556,292) size 5x19
                text run at (556,292) width 5: " "
              RenderBlock {INPUT} at (562,293) size 17x16 [bgcolor=#FFFFFF03]
              RenderInline {LABEL} at (0,0) size 42x19
                RenderText {#text} at (580,292) size 42x19
                  text run at (580,292) width 42: "Africa"
              RenderText {#text} at (0,0) size 0x0
          RenderText {#text} at (0,0) size 0x0
          RenderInline {DIV} at (0,0) size 205x19
            RenderInline {DIV} at (0,0) size 205x19
              RenderText {#text} at (0,0) size 0x0
              RenderInline {A} at (0,0) size 50x19 [color=#0000EE]
                RenderImage {IMG} at (0,312) size 50x34
              RenderText {#text} at (50,331) size 4x19
                text run at (50,331) width 4: " "
              RenderBlock {INPUT} at (56,332) size 16x16 [bgcolor=#FFFFFF03]
              RenderInline {LABEL} at (0,0) size 127x19
                RenderText {#text} at (74,331) size 127x19
                  text run at (74,331) width 127: "Alexander's Empire"
              RenderText {#text} at (200,331) size 5x19
                text run at (200,331) width 5: " "
          RenderText {#text} at (0,0) size 0x0
          RenderInline {DIV} at (0,0) size 175x19
            RenderInline {DIV} at (0,0) size 175x19
              RenderText {#text} at (0,0) size 0x0
              RenderInline {A} at (0,0) size 51x19 [color=#0000EE]
                RenderImage {IMG} at (204,312) size 51x34
              RenderText {#text} at (254,331) size 5x19
                text run at (254,331) width 5: " "
              RenderBlock {INPUT} at (260,332) size 17x16 [bgcolor=#FFFFFF03]
              RenderInline {LABEL} at (0,0) size 101x19
                RenderText {#text} at (278,331) size 101x19
                  text run at (278,331) width 101: "Ancient Greece"
              RenderText {#text} at (0,0) size 0x0
          RenderText {#text} at (0,0) size 0x0
