layer at (0,0) size 800x600
  RenderView at (0,0) size 800x600
layer at (0,0) size 800x600
  RenderBlock {HTML} at (0,0) size 800x600
    RenderBody {BODY} at (8,8) size 784x579
      RenderBlock {P} at (0,0) size 784x40
        RenderText {#text} at (0,0) size 260x19
          text run at (0,0) width 260: "This test checks for a regression against "
        RenderInline {I} at (0,0) size 746x39
          RenderInline {A} at (0,0) size 353x19 [color=#0000EE]
            RenderText {#text} at (259,0) size 353x19
              text run at (259,0) width 353: "http://bugzilla.opendarwin.org/show_bug.cgi?id=5619"
          RenderText {#text} at (611,0) size 746x39
            text run at (611,0) width 135: " CSS2: pre-wrap has"
            text run at (0,20) width 181: "overflow/selection problems"
        RenderText {#text} at (180,20) size 5x19
          text run at (180,20) width 5: "."
      RenderBlock {P} at (0,56) size 784x20
        RenderText {#text} at (0,0) size 707x19
          text run at (0,0) width 707: "Both boxes should not have scroll bars. The selection should not spill out of the blue box to the right of \x{201C}text\x{201D}."
      RenderBlock {PRE} at (0,213) size 108x78 [border: (4px solid #0000FF)]
        RenderText {#text} at (4,4) size 125x70
          text run at (4,4) width 125: "This   text     "
          text run at (4,18) width 71: "will wrap"
          text run at (74,18) width 1: " "
          text run at (4,32) width 94: "and   fit   "
          text run at (4,46) width 79: "within the"
          text run at (82,46) width 1: " "
          text run at (4,60) width 32: "box."
          text run at (35,60) width 1: " "
layer at (8,100) size 784x2 clip at (0,0) size 0x0
  RenderBlock {HR} at (0,92) size 784x2 [border: (1px inset #000000)]
layer at (8,115) size 108x78 clip at (12,119) size 100x70
  RenderBlock {PRE} at (0,107) size 108x78 [border: (4px solid #A52A2A)]
    RenderText {#text} at (4,4) size 125x70
      text run at (4,4) width 125: "This   text     "
      text run at (4,18) width 71: "will wrap"
      text run at (74,18) width 1: " "
      text run at (4,32) width 94: "and   fit   "
      text run at (4,46) width 79: "within the"
      text run at (82,46) width 1: " "
      text run at (4,60) width 32: "box."
      text run at (35,60) width 1: " "
layer at (8,206) size 784x2 clip at (0,0) size 0x0
  RenderBlock {HR} at (0,198) size 784x2 [border: (1px inset #000000)]
selection start: position 7 of child 0 {#text} of child 7 {PRE} of body
selection end:   position 15 of child 0 {#text} of child 11 {PRE} of body
