layer at (0,0) size 920x600
  RenderView at (0,0) size 800x600
layer at (0,0) size 800x600
  RenderBlock {HTML} at (0,0) size 800x600
    RenderBody {BODY} at (8,8) size 784x584
      RenderBlock {DIV} at (0,0) size 154x24 [border: (2px solid #FF0000)]
        RenderText {#text} at (2,2) size 911x19
          text run at (2,2) width 911: "Even though this div is white-space pre, the text inside should still wrap to multiple lines because of the word-wrap:break-word CSS property."
