layer at (0,0) size 800x600
  RenderView at (0,0) size 800x600
layer at (0,0) size 800x600
  RenderBlock {HTML} at (0,0) size 800x600
    RenderBody {BODY} at (8,8) size 784x584
      RenderBlock {P} at (0,0) size 784x40
        RenderText {#text} at (0,0) size 54x19
          text run at (0,0) width 54: "Test for "
        RenderInline {I} at (0,0) size 762x39
          RenderInline {A} at (0,0) size 305x19 [color=#0000EE]
            RenderText {#text} at (53,0) size 305x19
              text run at (53,0) width 305: "http://bugs.webkit.org/show_bug.cgi?id=13072"
          RenderText {#text} at (357,0) size 762x39
            text run at (357,0) width 5: " "
            text run at (361,0) width 401: "REGRESSION (r15617): white-space: pre-wrap breaks off the"
            text run at (0,20) width 189: "last character of a wide word"
        RenderText {#text} at (188,20) size 5x19
          text run at (188,20) width 5: "."
      RenderBlock {P} at (0,56) size 784x20
        RenderText {#text} at (0,0) size 231x19
          text run at (0,0) width 231: "The following line should not wrap."
      RenderBlock {DIV} at (0,92) size 150x20 [bgcolor=#D3D3D3]
        RenderText {#text} at (0,0) size 192x19
          text run at (0,0) width 192: "abcdefghijklmnopqrstuvwxyz"
