layer at (0,0) size 800x600
  RenderView at (0,0) size 800x600
layer at (0,0) size 800x600
  RenderBlock {html} at (0,0) size 800x600
    RenderBody {body} at (48,30) size 752x157
      RenderBlock {h1} at (0,0) size 692x29
        RenderText {#text} at (0,0) size 383x28
          text run at (0,0) width 383: "scalable fullscreen background"
      RenderBlock {h4} at (0,29) size 752x16
        RenderText {#text} at (0,0) size 128x16
          text run at (0,0) width 128: "WICD Core 1.0 #12"
      RenderBlock {p} at (0,64) size 692x33
        RenderText {#text} at (0,0) size 682x32
          text run at (0,0) width 640: "This text is XHTML main layer content, which must overlay a lightblue SVG-background image with "
          text run at (639,0) width 25: "text"
          text run at (0,16) width 682: "('SVG background image'). The SVG background image must cover the complete XHTML-background area."
      RenderBlock {p} at (0,101) size 692x33
        RenderText {#text} at (0,0) size 681x32
          text run at (0,0) width 681: "This test has failed, if you don't see any graphics on the background. (your user agent does not support SVG"
          text run at (0,16) width 144: "as background image)."
      RenderBlock {p} at (0,139) size 692x17
        RenderInline {a} at (0,0) size 31x16 [color=#000066]
          RenderText {#text} at (0,0) size 31x16
            text run at (0,0) width 31: "Back"
