layer at (0,0) size 785x4406
  RenderView at (0,0) size 785x600
layer at (0,0) size 785x4406
  RenderBlock {HTML} at (0,0) size 785x4406
    RenderBody {BODY} at (8,8) size 769x4390 [bgcolor=#CCCCCC]
      RenderBlock {P} at (0,0) size 769x18
        RenderText {#text} at (0,0) size 355x18
          text run at (0,0) width 355: "The style declarations which apply to the text below are:"
      RenderBlock {PRE} at (0,34) size 769x270
        RenderText {#text} at (0,0) size 512x270
          text run at (0,0) width 160: "P {font-size: 12pt;}"
          text run at (160,0) width 0: " "
          text run at (0,15) width 216: ".one {vertical-align: sub;}"
          text run at (216,15) width 0: " "
          text run at (0,30) width 232: ".two {vertical-align: super;}"
          text run at (232,30) width 0: " "
          text run at (0,45) width 368: ".three {vertical-align: top; font-size: 12pt;}"
          text run at (368,45) width 0: " "
          text run at (0,60) width 400: ".four {vertical-align: text-top; font-size: 12pt;}"
          text run at (400,60) width 0: " "
          text run at (0,75) width 384: ".five {vertical-align: middle; font-size: 12pt;}"
          text run at (384,75) width 0: " "
          text run at (0,90) width 376: ".six {vertical-align: bottom; font-size: 12pt;}"
          text run at (376,90) width 0: " "
          text run at (0,105) width 432: ".seven {vertical-align: text-bottom; font-size: 12pt;}"
          text run at (432,105) width 0: " "
          text run at (0,120) width 408: ".eight {vertical-align: baseline; font-size: 12pt;}"
          text run at (408,120) width 0: " "
          text run at (0,135) width 512: ".nine {vertical-align: 50%; font-size: 12px; line-height: 16px;}"
          text run at (512,135) width 0: " "
          text run at (0,150) width 0: " "
          text run at (0,165) width 224: "P.example {font-size: 14pt;}"
          text run at (224,165) width 0: " "
          text run at (0,180) width 176: "BIG {font-size: 16pt;}"
          text run at (176,180) width 0: " "
          text run at (0,195) width 192: "SMALL {font-size: 12pt;}"
          text run at (192,195) width 0: " "
          text run at (0,210) width 304: ".ttopalign {vertical-align: text-top;}"
          text run at (304,210) width 0: " "
          text run at (0,225) width 256: ".topalign {vertical-align: top;}"
          text run at (256,225) width 0: " "
          text run at (0,240) width 280: ".midalign {vertical-align: middle;}"
          text run at (280,240) width 0: " "
          text run at (0,255) width 0: " "
      RenderBlock {HR} at (0,317) size 769x2 [border: (1px inset #000000)]
      RenderBlock {P} at (0,335) size 769x76
        RenderImage {IMG} at (0,0) size 15x50
        RenderInline {SPAN} at (0,0) size 126x18
          RenderText {#text} at (15,40) size 126x18
            text run at (15,40) width 126: "The first four words"
        RenderText {#text} at (141,36) size 750x40
          text run at (141,36) width 284: " in this sentence should be subscript-aligned. "
          text run at (425,36) width 325: "The font size of the superscripted text should not be"
          text run at (0,58) width 254: "different from that of the parent element."
      RenderBlock {P} at (0,427) size 769x72
        RenderImage {IMG} at (0,0) size 15x50
        RenderInline {SPAN} at (0,0) size 126x18
          RenderText {#text} at (15,30) size 126x18
            text run at (15,30) width 126: "The first four words"
        RenderText {#text} at (141,36) size 750x36
          text run at (141,36) width 296: " in this sentence should be superscript-aligned. "
          text run at (437,36) width 313: "The font size of the subscripted text should not be"
          text run at (0,54) width 254: "different from that of the parent element."
      RenderBlock {P} at (0,515) size 769x72
        RenderImage {IMG} at (0,0) size 15x50
        RenderInline {SPAN} at (0,0) size 126x18
          RenderText {#text} at (15,0) size 126x18
            text run at (15,0) width 126: "The first four words"
        RenderText {#text} at (141,36) size 765x36
          text run at (141,36) width 624: " in this sentence should be top-aligned, which will align their tops with the top of the tallest element"
          text run at (0,54) width 267: "in the line (probably the orange rectangle)."
      RenderBlock {P} at (0,603) size 769x132
        RenderImage {IMG} at (0,0) size 15x50
        RenderText {#text} at (15,36) size 4x18
          text run at (15,36) width 4: " "
        RenderInline {SPAN} at (0,0) size 754x111
          RenderText {#text} at (0,0) size 0x0
          RenderInline {SPAN} at (0,0) size 126x18
            RenderText {#text} at (19,21) size 126x18
              text run at (19,21) width 126: "The first four words"
          RenderText {#text} at (145,21) size 754x111
            text run at (145,21) width 556: " in this sentence should be text-top-aligned,"
            text run at (0,58) width 754: "which should align their tops with the top of the tallest text"
            text run at (0,95) width 136: "in the line."
        RenderText {#text} at (0,0) size 0x0
      RenderBlock {P} at (0,751) size 769x68
        RenderImage {IMG} at (0,0) size 15x50
        RenderText {#text} at (15,15) size 739x53
          text run at (15,15) width 724: " The image at the beginning of this sentence should be middle-aligned, which should align its middle with the point"
          text run at (0,50) width 310: "defined as the text baseline plus half the x-height."
      RenderBlock {P} at (0,835) size 769x124
        RenderImage {IMG} at (0,0) size 15x50
        RenderText {#text} at (15,15) size 4x18
          text run at (15,15) width 4: " "
        RenderInline {SPAN} at (0,0) size 733x124
          RenderText {#text} at (0,0) size 0x0
          RenderInline {SPAN} at (0,0) size 126x18
            RenderText {#text} at (19,32) size 126x18
              text run at (19,32) width 126: "The first four words"
          RenderText {#text} at (145,0) size 733x124
            text run at (145,0) width 544: " in this sentence should be 12pt in size and"
            text run at (0,50) width 733: "bottom-aligned, which should align their bottom with the"
            text run at (0,87) width 517: "bottom of the lowest element in the line."
        RenderText {#text} at (0,0) size 0x0
      RenderBlock {P} at (0,975) size 769x161
        RenderImage {IMG} at (0,0) size 15x50
        RenderText {#text} at (15,15) size 4x18
          text run at (15,15) width 4: " "
        RenderInline {SPAN} at (0,0) size 745x161
          RenderText {#text} at (0,0) size 0x0
          RenderInline {SPAN} at (0,0) size 293x18
            RenderText {#text} at (19,19) size 293x18
              text run at (19,19) width 293: "The first eight words (\"eight\" has a descender)"
          RenderText {#text} at (312,0) size 745x161
            text run at (312,0) width 433: " in this sentence should be 12pt in"
            text run at (0,50) width 692: "size and text-bottom-aligned, which should align their"
            text run at (0,87) width 671: "bottom with the bottom of the lowest text (including"
            text run at (0,124) width 294: "descenders) in the line."
        RenderText {#text} at (0,0) size 0x0
      RenderBlock {P} at (0,1152) size 769x132
        RenderImage {IMG} at (0,0) size 15x50
        RenderText {#text} at (15,36) size 4x18
          text run at (15,36) width 4: " "
        RenderInline {SPAN} at (0,0) size 759x111
          RenderText {#text} at (0,0) size 0x0
          RenderInline {SPAN} at (0,0) size 126x18
            RenderText {#text} at (19,36) size 126x18
              text run at (19,36) width 126: "The first four words"
          RenderText {#text} at (145,21) size 759x111
            text run at (145,21) width 544: " in this sentence should be 12pt in size and"
            text run at (0,58) width 759: "baseline-aligned, which should align their baseline with the"
            text run at (0,95) width 522: "baseline of the rest of the text in the line."
        RenderText {#text} at (0,0) size 0x0
      RenderBlock {P} at (0,1300) size 769x72
        RenderImage {IMG} at (0,0) size 15x50
        RenderInline {SPAN} at (0,0) size 96x14
          RenderText {#text} at (15,31) size 96x14
            text run at (15,31) width 96: "The first four words"
        RenderText {#text} at (111,36) size 750x36
          text run at (111,36) width 639: " in this sentence should have a font-size of 12px and a line-height of 16px; they are also 50%-aligned,"
          text run at (0,54) width 376: "which should raise them 8px relative to the natural baseline."
      RenderBlock {P} at (0,1388) size 769x36
        RenderText {#text} at (0,0) size 742x36
          text run at (0,0) width 742: "In the following paragraph, all images should be aligned with the top of the 14-point text, which is identical to the first"
          text run at (0,18) width 661: "section of text, whereas any size text should be aligned with the text baseline (which is the default value)."
      RenderBlock {P} at (0,1442) size 769x325
        RenderText {#text} at (0,25) size 120x22
          text run at (0,25) width 120: "This paragraph "
        RenderImage {IMG} at (120,25) size 9x30
        RenderText {#text} at (129,25) size 5x22
          text run at (129,25) width 5: " "
        RenderInline {SPAN} at (0,0) size 422x54
          RenderText {#text} at (134,0) size 422x54
            text run at (134,0) width 422: "contains many images"
        RenderText {#text} at (556,25) size 5x22
          text run at (556,25) width 5: " "
        RenderImage {IMG} at (561,25) size 15x50
        RenderText {#text} at (576,25) size 5x22
          text run at (576,25) width 5: " "
        RenderInline {BIG} at (0,0) size 156x24
          RenderText {#text} at (581,23) size 156x24
            text run at (581,23) width 156: "of varying heights"
        RenderText {#text} at (737,25) size 5x22
          text run at (737,25) width 5: " "
        RenderImage {IMG} at (742,25) size 3x10
        RenderText {#text} at (0,0) size 0x0
        RenderInline {SMALL} at (0,0) size 69x18
          RenderText {#text} at (0,125) size 69x18
            text run at (0,125) width 69: "and widths"
        RenderText {#text} at (69,122) size 5x22
          text run at (69,122) width 5: " "
        RenderImage {IMG} at (74,122) size 6x20
        RenderText {#text} at (80,122) size 101x22
          text run at (80,122) width 101: " all of which "
        RenderImage {IMG} at (181,122) size 20x65
        RenderText {#text} at (201,122) size 5x22
          text run at (201,122) width 5: " "
        RenderInline {SPAN} at (0,0) size 262x43
          RenderText {#text} at (206,105) size 262x43
            text run at (206,105) width 262: "should be aligned"
        RenderText {#text} at (468,122) size 5x22
          text run at (468,122) width 5: " "
        RenderImage {IMG} at (473,122) size 11x35
        RenderText {#text} at (484,122) size 123x22
          text run at (484,122) width 123: " with the top of "
        RenderImage {IMG} at (607,122) size 9x30
        RenderText {#text} at (616,122) size 5x22
          text run at (616,122) width 5: " "
        RenderInline {SPAN} at (0,0) size 733x144
          RenderText {#text} at (621,114) size 19x32
            text run at (621,114) width 19: "a "
          RenderInline {SPAN} at (0,0) size 733x194
            RenderText {#text} at (640,75) size 733x194
              text run at (640,75) width 93: "14-"
              text run at (0,187) width 143: "point"
          RenderText {#text} at (143,226) size 144x32
            text run at (143,226) width 144: " text element"
        RenderText {#text} at (287,234) size 5x22
          text run at (287,234) width 5: " "
        RenderImage {IMG} at (292,234) size 15x50
        RenderText {#text} at (307,234) size 5x22
          text run at (307,234) width 5: " "
        RenderInline {SMALL} at (0,0) size 189x18
          RenderText {#text} at (312,237) size 189x18
            text run at (312,237) width 189: "regardless of the line in which"
        RenderText {#text} at (501,234) size 5x22
          text run at (501,234) width 5: " "
        RenderImage {IMG} at (506,234) size 5x15
        RenderText {#text} at (511,234) size 5x22
          text run at (511,234) width 5: " "
        RenderInline {BIG} at (0,0) size 156x24
          RenderText {#text} at (516,232) size 156x24
            text run at (516,232) width 156: "the images appear."
        RenderText {#text} at (672,234) size 5x22
          text run at (672,234) width 5: " "
        RenderImage {IMG} at (677,234) size 27x90
        RenderText {#text} at (0,0) size 0x0
      RenderBlock {P} at (0,1785) size 769x37
        RenderText {#text} at (0,0) size 749x36
          text run at (0,0) width 749: "In the following paragraph, all images should be aligned with the middle of the default text, whereas any text should be"
          text run at (0,18) width 362: "aligned with the text baseline (which is the default value)."
      RenderBlock {P} at (0,1837) size 769x231
        RenderText {#text} at (0,22) size 99x18
          text run at (0,22) width 99: "This paragraph "
        RenderImage {IMG} at (99,17) size 9x30
        RenderText {#text} at (108,22) size 4x18
          text run at (108,22) width 4: " "
        RenderInline {SPAN} at (0,0) size 357x46
          RenderText {#text} at (112,0) size 357x46
            text run at (112,0) width 357: "contains many images"
        RenderText {#text} at (469,22) size 4x18
          text run at (469,22) width 4: " "
        RenderImage {IMG} at (473,7) size 15x50
        RenderText {#text} at (488,22) size 122x18
          text run at (488,22) width 122: " of varying heights "
        RenderImage {IMG} at (610,27) size 3x10
        RenderText {#text} at (613,22) size 4x18
          text run at (613,22) width 4: " "
        RenderInline {SMALL} at (0,0) size 69x18
          RenderText {#text} at (617,22) size 69x18
            text run at (617,22) width 69: "and widths"
        RenderText {#text} at (686,22) size 4x18
          text run at (686,22) width 4: " "
        RenderImage {IMG} at (690,22) size 6x20
        RenderText {#text} at (696,22) size 732x93
          text run at (696,22) width 36: " all of"
          text run at (0,97) width 43: "which "
        RenderImage {IMG} at (43,75) size 20x65
        RenderText {#text} at (63,97) size 119x18
          text run at (63,97) width 119: " should be aligned "
        RenderImage {IMG} at (182,90) size 11x35
        RenderText {#text} at (193,97) size 4x18
          text run at (193,97) width 4: " "
        RenderInline {SPAN} at (0,0) size 236x37
          RenderText {#text} at (197,82) size 236x37
            text run at (197,82) width 236: "with the middle of"
        RenderText {#text} at (433,97) size 4x18
          text run at (433,97) width 4: " "
        RenderImage {IMG} at (437,82) size 15x50
        RenderText {#text} at (452,97) size 4x18
          text run at (452,97) width 4: " "
        RenderInline {SPAN} at (0,0) size 720x106
          RenderText {#text} at (456,89) size 17x28
            text run at (456,89) width 17: "a "
          RenderInline {SPAN} at (0,0) size 204x69
            RenderText {#text} at (473,57) size 204x69
              text run at (473,57) width 204: "14-point"
          RenderText {#text} at (677,89) size 720x106
            text run at (677,89) width 43: " text"
            text run at (0,167) width 78: "element"
        RenderText {#text} at (78,175) size 4x18
          text run at (78,175) width 4: " "
        RenderImage {IMG} at (82,160) size 15x50
        RenderText {#text} at (97,175) size 4x18
          text run at (97,175) width 4: " "
        RenderInline {SMALL} at (0,0) size 189x18
          RenderText {#text} at (101,175) size 189x18
            text run at (101,175) width 189: "regardless of the line in which"
        RenderText {#text} at (290,175) size 4x18
          text run at (290,175) width 4: " "
        RenderImage {IMG} at (294,178) size 5x15
        RenderText {#text} at (299,175) size 4x18
          text run at (299,175) width 4: " "
        RenderInline {BIG} at (0,0) size 156x24
          RenderText {#text} at (303,170) size 156x24
            text run at (303,170) width 156: "the images appear."
        RenderText {#text} at (459,175) size 4x18
          text run at (459,175) width 4: " "
        RenderImage {IMG} at (463,140) size 27x90
        RenderText {#text} at (0,0) size 0x0
      RenderBlock {P} at (0,2083) size 769x37
        RenderText {#text} at (0,0) size 733x36
          text run at (0,0) width 733: "In the following paragraph, all elements should be aligned with the top of the tallest element on the line, whether that"
          text run at (0,18) width 173: "element is an image or not. "
          text run at (173,18) width 555: "Each fragment of text has been SPANned appropriately in order to cause this to happen."
      RenderBlock {P} at (0,2135) size 769x202
        RenderInline {SPAN} at (0,0) size 95x18
          RenderText {#text} at (0,0) size 95x18
            text run at (0,0) width 95: "This paragraph"
        RenderText {#text} at (95,0) size 4x18
          text run at (95,0) width 4: " "
        RenderImage {IMG} at (99,0) size 3x10
        RenderText {#text} at (102,0) size 4x18
          text run at (102,0) width 4: " "
        RenderInline {SPAN} at (0,0) size 357x46
          RenderText {#text} at (106,0) size 357x46
            text run at (106,0) width 357: "contains many images"
        RenderText {#text} at (463,0) size 4x18
          text run at (463,0) width 4: " "
        RenderImage {IMG} at (467,0) size 3x10
        RenderText {#text} at (470,0) size 4x18
          text run at (470,0) width 4: " "
        RenderInline {SPAN} at (0,0) size 87x18
          RenderText {#text} at (474,0) size 87x18
            text run at (474,0) width 87: "and some text"
        RenderText {#text} at (561,0) size 4x18
          text run at (561,0) width 4: " "
        RenderImage {IMG} at (565,0) size 3x10
        RenderText {#text} at (568,0) size 4x18
          text run at (568,0) width 4: " "
        RenderInline {SPAN} at (0,0) size 114x18
          RenderText {#text} at (572,0) size 114x18
            text run at (572,0) width 114: "of varying heights"
        RenderText {#text} at (686,0) size 4x18
          text run at (686,0) width 4: " "
        RenderImage {IMG} at (690,0) size 3x10
        RenderText {#text} at (693,0) size 4x18
          text run at (693,0) width 4: " "
        RenderInline {BIG} at (0,0) size 728x70
          RenderText {#text} at (697,0) size 728x70
            text run at (697,0) width 31: "and"
            text run at (0,46) width 57: "widths"
        RenderText {#text} at (57,46) size 4x18
          text run at (57,46) width 4: " "
        RenderImage {IMG} at (61,46) size 6x20
        RenderText {#text} at (67,46) size 4x18
          text run at (67,46) width 4: " "
        RenderInline {SPAN} at (0,0) size 75x18
          RenderText {#text} at (71,46) size 75x18
            text run at (71,46) width 75: "all of which"
        RenderText {#text} at (146,46) size 4x18
          text run at (146,46) width 4: " "
        RenderImage {IMG} at (150,46) size 20x65
        RenderText {#text} at (170,46) size 4x18
          text run at (170,46) width 4: " "
        RenderInline {SPAN} at (0,0) size 111x18
          RenderText {#text} at (174,46) size 111x18
            text run at (174,46) width 111: "should be aligned"
        RenderText {#text} at (285,46) size 4x18
          text run at (285,46) width 4: " "
        RenderImage {IMG} at (289,46) size 11x35
        RenderText {#text} at (300,46) size 4x18
          text run at (300,46) width 4: " "
        RenderInline {SPAN} at (0,0) size 188x37
          RenderText {#text} at (304,46) size 188x37
            text run at (304,46) width 188: "with the top of"
        RenderText {#text} at (492,46) size 4x18
          text run at (492,46) width 4: " "
        RenderImage {IMG} at (496,46) size 15x50
        RenderText {#text} at (511,46) size 4x18
          text run at (511,46) width 4: " "
        RenderInline {SPAN} at (0,0) size 128x18
          RenderText {#text} at (515,46) size 128x18
            text run at (515,46) width 128: "the tallest element in"
        RenderText {#text} at (643,46) size 4x18
          text run at (643,46) width 4: " "
        RenderImage {IMG} at (647,46) size 5x15
        RenderText {#text} at (652,46) size 4x18
          text run at (652,46) width 4: " "
        RenderInline {BIG} at (0,0) size 744x89
          RenderText {#text} at (656,46) size 744x89
            text run at (656,46) width 88: "whichever"
            text run at (0,111) width 208: "line the elements appear."
        RenderText {#text} at (208,111) size 4x18
          text run at (208,111) width 4: " "
        RenderImage {IMG} at (212,111) size 27x90
        RenderText {#text} at (0,0) size 0x0
      RenderTable {TABLE} at (0,2352) size 769x2038 [border: (1px outset #808080)]
        RenderTableSection {TBODY} at (1,1) size 767x2036
          RenderTableRow {TR} at (0,0) size 767x26
            RenderTableCell {TD} at (0,0) size 767x26 [bgcolor=#C0C0C0] [border: (1px inset #808080)] [r=0 c=0 rs=1 cs=2]
              RenderInline {STRONG} at (0,0) size 163x18
                RenderText {#text} at (4,4) size 163x18
                  text run at (4,4) width 163: "TABLE Testing Section"
          RenderTableRow {TR} at (0,26) size 767x2010
            RenderTableCell {TD} at (0,1017) size 12x27 [bgcolor=#C0C0C0] [border: (1px inset #808080)] [r=1 c=0 rs=1 cs=1]
              RenderText {#text} at (4,4) size 4x19
                text run at (4,5) width 4: " "
            RenderTableCell {TD} at (12,26) size 755x2010 [border: (1px inset #808080)] [r=1 c=1 rs=1 cs=1]
              RenderBlock {P} at (4,4) size 747x76
                RenderImage {IMG} at (0,0) size 15x50
                RenderInline {SPAN} at (0,0) size 126x18
                  RenderText {#text} at (15,40) size 126x18
                    text run at (15,40) width 126: "The first four words"
                RenderText {#text} at (141,36) size 731x40
                  text run at (141,36) width 284: " in this sentence should be subscript-aligned. "
                  text run at (425,36) width 306: "The font size of the superscripted text should not"
                  text run at (0,58) width 273: "be different from that of the parent element."
              RenderBlock {P} at (4,96) size 747x72
                RenderImage {IMG} at (0,0) size 15x50
                RenderInline {SPAN} at (0,0) size 126x18
                  RenderText {#text} at (15,30) size 126x18
                    text run at (15,30) width 126: "The first four words"
                RenderText {#text} at (141,36) size 731x36
                  text run at (141,36) width 296: " in this sentence should be superscript-aligned. "
                  text run at (437,36) width 294: "The font size of the subscripted text should not"
                  text run at (0,54) width 273: "be different from that of the parent element."
              RenderBlock {P} at (4,184) size 747x72
                RenderImage {IMG} at (0,0) size 15x50
                RenderInline {SPAN} at (0,0) size 126x18
                  RenderText {#text} at (15,0) size 126x18
                    text run at (15,0) width 126: "The first four words"
                RenderText {#text} at (141,36) size 712x36
                  text run at (141,36) width 571: " in this sentence should be top-aligned, which will align their tops with the top of the tallest"
                  text run at (0,54) width 320: "element in the line (probably the orange rectangle)."
              RenderBlock {P} at (4,272) size 747x132
                RenderImage {IMG} at (0,0) size 15x50
                RenderText {#text} at (15,36) size 4x18
                  text run at (15,36) width 4: " "
                RenderInline {SPAN} at (0,0) size 701x111
                  RenderText {#text} at (0,0) size 0x0
                  RenderInline {SPAN} at (0,0) size 126x18
                    RenderText {#text} at (19,21) size 126x18
                      text run at (19,21) width 126: "The first four words"
                  RenderText {#text} at (145,21) size 701x111
                    text run at (145,21) width 556: " in this sentence should be text-top-aligned,"
                    text run at (0,58) width 698: "which should align their tops with the top of the tallest"
                    text run at (0,95) width 192: "text in the line."
                RenderText {#text} at (0,0) size 0x0
              RenderBlock {P} at (4,420) size 747x68
                RenderImage {IMG} at (0,0) size 15x50
                RenderText {#text} at (15,15) size 739x53
                  text run at (15,15) width 724: " The image at the beginning of this sentence should be middle-aligned, which should align its middle with the point"
                  text run at (0,50) width 310: "defined as the text baseline plus half the x-height."
              RenderBlock {P} at (4,504) size 747x124
                RenderImage {IMG} at (0,0) size 15x50
                RenderText {#text} at (15,15) size 4x18
                  text run at (15,15) width 4: " "
                RenderInline {SPAN} at (0,0) size 733x124
                  RenderText {#text} at (0,0) size 0x0
                  RenderInline {SPAN} at (0,0) size 126x18
                    RenderText {#text} at (19,32) size 126x18
                      text run at (19,32) width 126: "The first four words"
                  RenderText {#text} at (145,0) size 733x124
                    text run at (145,0) width 544: " in this sentence should be 12pt in size and"
                    text run at (0,50) width 733: "bottom-aligned, which should align their bottom with the"
                    text run at (0,87) width 517: "bottom of the lowest element in the line."
                RenderText {#text} at (0,0) size 0x0
              RenderBlock {P} at (4,644) size 747x161
                RenderImage {IMG} at (0,0) size 15x50
                RenderText {#text} at (15,15) size 4x18
                  text run at (15,15) width 4: " "
                RenderInline {SPAN} at (0,0) size 745x161
                  RenderText {#text} at (0,0) size 0x0
                  RenderInline {SPAN} at (0,0) size 293x18
                    RenderText {#text} at (19,19) size 293x18
                      text run at (19,19) width 293: "The first eight words (\"eight\" has a descender)"
                  RenderText {#text} at (312,0) size 745x161
                    text run at (312,0) width 433: " in this sentence should be 12pt in"
                    text run at (0,50) width 692: "size and text-bottom-aligned, which should align their"
                    text run at (0,87) width 671: "bottom with the bottom of the lowest text (including"
                    text run at (0,124) width 294: "descenders) in the line."
                RenderText {#text} at (0,0) size 0x0
              RenderBlock {P} at (4,821) size 747x132
                RenderImage {IMG} at (0,0) size 15x50
                RenderText {#text} at (15,36) size 4x18
                  text run at (15,36) width 4: " "
                RenderInline {SPAN} at (0,0) size 712x111
                  RenderText {#text} at (0,0) size 0x0
                  RenderInline {SPAN} at (0,0) size 126x18
                    RenderText {#text} at (19,36) size 126x18
                      text run at (19,36) width 126: "The first four words"
                  RenderText {#text} at (145,21) size 712x111
                    text run at (145,21) width 544: " in this sentence should be 12pt in size and"
                    text run at (0,58) width 712: "baseline-aligned, which should align their baseline with"
                    text run at (0,95) width 569: "the baseline of the rest of the text in the line."
                RenderText {#text} at (0,0) size 0x0
              RenderBlock {P} at (4,969) size 747x72
                RenderImage {IMG} at (0,0) size 15x50
                RenderInline {SPAN} at (0,0) size 96x14
                  RenderText {#text} at (15,31) size 96x14
                    text run at (15,31) width 96: "The first four words"
                RenderText {#text} at (111,36) size 700x36
                  text run at (111,36) width 589: " in this sentence should have a font-size of 12px and a line-height of 16px; they are also 50%-"
                  text run at (0,54) width 430: "aligned, which should raise them 8px relative to the natural baseline."
              RenderBlock {P} at (4,1057) size 747x36
                RenderText {#text} at (0,0) size 742x36
                  text run at (0,0) width 742: "In the following paragraph, all images should be aligned with the top of the 14-point text, which is identical to the first"
                  text run at (0,18) width 661: "section of text, whereas any size text should be aligned with the text baseline (which is the default value)."
              RenderBlock {P} at (4,1111) size 747x325
                RenderText {#text} at (0,25) size 120x22
                  text run at (0,25) width 120: "This paragraph "
                RenderImage {IMG} at (120,25) size 9x30
                RenderText {#text} at (129,25) size 5x22
                  text run at (129,25) width 5: " "
                RenderInline {SPAN} at (0,0) size 422x54
                  RenderText {#text} at (134,0) size 422x54
                    text run at (134,0) width 422: "contains many images"
                RenderText {#text} at (556,25) size 5x22
                  text run at (556,25) width 5: " "
                RenderImage {IMG} at (561,25) size 15x50
                RenderText {#text} at (576,25) size 5x22
                  text run at (576,25) width 5: " "
                RenderInline {BIG} at (0,0) size 156x24
                  RenderText {#text} at (581,23) size 156x24
                    text run at (581,23) width 156: "of varying heights"
                RenderText {#text} at (737,25) size 5x22
                  text run at (737,25) width 5: " "
                RenderImage {IMG} at (742,25) size 3x10
                RenderText {#text} at (0,0) size 0x0
                RenderInline {SMALL} at (0,0) size 69x18
                  RenderText {#text} at (0,125) size 69x18
                    text run at (0,125) width 69: "and widths"
                RenderText {#text} at (69,122) size 5x22
                  text run at (69,122) width 5: " "
                RenderImage {IMG} at (74,122) size 6x20
                RenderText {#text} at (80,122) size 101x22
                  text run at (80,122) width 101: " all of which "
                RenderImage {IMG} at (181,122) size 20x65
                RenderText {#text} at (201,122) size 5x22
                  text run at (201,122) width 5: " "
                RenderInline {SPAN} at (0,0) size 262x43
                  RenderText {#text} at (206,105) size 262x43
                    text run at (206,105) width 262: "should be aligned"
                RenderText {#text} at (468,122) size 5x22
                  text run at (468,122) width 5: " "
                RenderImage {IMG} at (473,122) size 11x35
                RenderText {#text} at (484,122) size 123x22
                  text run at (484,122) width 123: " with the top of "
                RenderImage {IMG} at (607,122) size 9x30
                RenderText {#text} at (616,122) size 5x22
                  text run at (616,122) width 5: " "
                RenderInline {SPAN} at (0,0) size 733x144
                  RenderText {#text} at (621,114) size 19x32
                    text run at (621,114) width 19: "a "
                  RenderInline {SPAN} at (0,0) size 733x194
                    RenderText {#text} at (640,75) size 733x194
                      text run at (640,75) width 93: "14-"
                      text run at (0,187) width 143: "point"
                  RenderText {#text} at (143,226) size 144x32
                    text run at (143,226) width 144: " text element"
                RenderText {#text} at (287,234) size 5x22
                  text run at (287,234) width 5: " "
                RenderImage {IMG} at (292,234) size 15x50
                RenderText {#text} at (307,234) size 5x22
                  text run at (307,234) width 5: " "
                RenderInline {SMALL} at (0,0) size 189x18
                  RenderText {#text} at (312,237) size 189x18
                    text run at (312,237) width 189: "regardless of the line in which"
                RenderText {#text} at (501,234) size 5x22
                  text run at (501,234) width 5: " "
                RenderImage {IMG} at (506,234) size 5x15
                RenderText {#text} at (511,234) size 5x22
                  text run at (511,234) width 5: " "
                RenderInline {BIG} at (0,0) size 156x24
                  RenderText {#text} at (516,232) size 156x24
                    text run at (516,232) width 156: "the images appear."
                RenderText {#text} at (672,234) size 5x22
                  text run at (672,234) width 5: " "
                RenderImage {IMG} at (677,234) size 27x90
                RenderText {#text} at (0,0) size 0x0
              RenderBlock {P} at (4,1454) size 747x37
                RenderText {#text} at (0,0) size 730x36
                  text run at (0,0) width 730: "In the following paragraph, all images should be aligned with the middle of the default text, whereas any text should"
                  text run at (0,18) width 381: "be aligned with the text baseline (which is the default value)."
              RenderBlock {P} at (4,1506) size 747x231
                RenderText {#text} at (0,22) size 99x18
                  text run at (0,22) width 99: "This paragraph "
                RenderImage {IMG} at (99,17) size 9x30
                RenderText {#text} at (108,22) size 4x18
                  text run at (108,22) width 4: " "
                RenderInline {SPAN} at (0,0) size 357x46
                  RenderText {#text} at (112,0) size 357x46
                    text run at (112,0) width 357: "contains many images"
                RenderText {#text} at (469,22) size 4x18
                  text run at (469,22) width 4: " "
                RenderImage {IMG} at (473,7) size 15x50
                RenderText {#text} at (488,22) size 122x18
                  text run at (488,22) width 122: " of varying heights "
                RenderImage {IMG} at (610,27) size 3x10
                RenderText {#text} at (613,22) size 4x18
                  text run at (613,22) width 4: " "
                RenderInline {SMALL} at (0,0) size 69x18
                  RenderText {#text} at (617,22) size 69x18
                    text run at (617,22) width 69: "and widths"
                RenderText {#text} at (686,22) size 4x18
                  text run at (686,22) width 4: " "
                RenderImage {IMG} at (690,22) size 6x20
                RenderText {#text} at (696,22) size 732x93
                  text run at (696,22) width 36: " all of"
                  text run at (0,97) width 43: "which "
                RenderImage {IMG} at (43,75) size 20x65
                RenderText {#text} at (63,97) size 119x18
                  text run at (63,97) width 119: " should be aligned "
                RenderImage {IMG} at (182,90) size 11x35
                RenderText {#text} at (193,97) size 4x18
                  text run at (193,97) width 4: " "
                RenderInline {SPAN} at (0,0) size 236x37
                  RenderText {#text} at (197,82) size 236x37
                    text run at (197,82) width 236: "with the middle of"
                RenderText {#text} at (433,97) size 4x18
                  text run at (433,97) width 4: " "
                RenderImage {IMG} at (437,82) size 15x50
                RenderText {#text} at (452,97) size 4x18
                  text run at (452,97) width 4: " "
                RenderInline {SPAN} at (0,0) size 720x106
                  RenderText {#text} at (456,89) size 17x28
                    text run at (456,89) width 17: "a "
                  RenderInline {SPAN} at (0,0) size 204x69
                    RenderText {#text} at (473,57) size 204x69
                      text run at (473,57) width 204: "14-point"
                  RenderText {#text} at (677,89) size 720x106
                    text run at (677,89) width 43: " text"
                    text run at (0,167) width 78: "element"
                RenderText {#text} at (78,175) size 4x18
                  text run at (78,175) width 4: " "
                RenderImage {IMG} at (82,160) size 15x50
                RenderText {#text} at (97,175) size 4x18
                  text run at (97,175) width 4: " "
                RenderInline {SMALL} at (0,0) size 189x18
                  RenderText {#text} at (101,175) size 189x18
                    text run at (101,175) width 189: "regardless of the line in which"
                RenderText {#text} at (290,175) size 4x18
                  text run at (290,175) width 4: " "
                RenderImage {IMG} at (294,178) size 5x15
                RenderText {#text} at (299,175) size 4x18
                  text run at (299,175) width 4: " "
                RenderInline {BIG} at (0,0) size 156x24
                  RenderText {#text} at (303,170) size 156x24
                    text run at (303,170) width 156: "the images appear."
                RenderText {#text} at (459,175) size 4x18
                  text run at (459,175) width 4: " "
                RenderImage {IMG} at (463,140) size 27x90
                RenderText {#text} at (0,0) size 0x0
              RenderBlock {P} at (4,1752) size 747x37
                RenderText {#text} at (0,0) size 733x36
                  text run at (0,0) width 733: "In the following paragraph, all elements should be aligned with the top of the tallest element on the line, whether that"
                  text run at (0,18) width 173: "element is an image or not. "
                  text run at (173,18) width 555: "Each fragment of text has been SPANned appropriately in order to cause this to happen."
              RenderBlock {P} at (4,1804) size 747x202
                RenderInline {SPAN} at (0,0) size 95x18
                  RenderText {#text} at (0,0) size 95x18
                    text run at (0,0) width 95: "This paragraph"
                RenderText {#text} at (95,0) size 4x18
                  text run at (95,0) width 4: " "
                RenderImage {IMG} at (99,0) size 3x10
                RenderText {#text} at (102,0) size 4x18
                  text run at (102,0) width 4: " "
                RenderInline {SPAN} at (0,0) size 357x46
                  RenderText {#text} at (106,0) size 357x46
                    text run at (106,0) width 357: "contains many images"
                RenderText {#text} at (463,0) size 4x18
                  text run at (463,0) width 4: " "
                RenderImage {IMG} at (467,0) size 3x10
                RenderText {#text} at (470,0) size 4x18
                  text run at (470,0) width 4: " "
                RenderInline {SPAN} at (0,0) size 87x18
                  RenderText {#text} at (474,0) size 87x18
                    text run at (474,0) width 87: "and some text"
                RenderText {#text} at (561,0) size 4x18
                  text run at (561,0) width 4: " "
                RenderImage {IMG} at (565,0) size 3x10
                RenderText {#text} at (568,0) size 4x18
                  text run at (568,0) width 4: " "
                RenderInline {SPAN} at (0,0) size 114x18
                  RenderText {#text} at (572,0) size 114x18
                    text run at (572,0) width 114: "of varying heights"
                RenderText {#text} at (686,0) size 4x18
                  text run at (686,0) width 4: " "
                RenderImage {IMG} at (690,0) size 3x10
                RenderText {#text} at (693,0) size 4x18
                  text run at (693,0) width 4: " "
                RenderInline {BIG} at (0,0) size 728x70
                  RenderText {#text} at (697,0) size 728x70
                    text run at (697,0) width 31: "and"
                    text run at (0,46) width 57: "widths"
                RenderText {#text} at (57,46) size 4x18
                  text run at (57,46) width 4: " "
                RenderImage {IMG} at (61,46) size 6x20
                RenderText {#text} at (67,46) size 4x18
                  text run at (67,46) width 4: " "
                RenderInline {SPAN} at (0,0) size 75x18
                  RenderText {#text} at (71,46) size 75x18
                    text run at (71,46) width 75: "all of which"
                RenderText {#text} at (146,46) size 4x18
                  text run at (146,46) width 4: " "
                RenderImage {IMG} at (150,46) size 20x65
                RenderText {#text} at (170,46) size 4x18
                  text run at (170,46) width 4: " "
                RenderInline {SPAN} at (0,0) size 111x18
                  RenderText {#text} at (174,46) size 111x18
                    text run at (174,46) width 111: "should be aligned"
                RenderText {#text} at (285,46) size 4x18
                  text run at (285,46) width 4: " "
                RenderImage {IMG} at (289,46) size 11x35
                RenderText {#text} at (300,46) size 4x18
                  text run at (300,46) width 4: " "
                RenderInline {SPAN} at (0,0) size 188x37
                  RenderText {#text} at (304,46) size 188x37
                    text run at (304,46) width 188: "with the top of"
                RenderText {#text} at (492,46) size 4x18
                  text run at (492,46) width 4: " "
                RenderImage {IMG} at (496,46) size 15x50
                RenderText {#text} at (511,46) size 4x18
                  text run at (511,46) width 4: " "
                RenderInline {SPAN} at (0,0) size 128x18
                  RenderText {#text} at (515,46) size 128x18
                    text run at (515,46) width 128: "the tallest element in"
                RenderText {#text} at (643,46) size 4x18
                  text run at (643,46) width 4: " "
                RenderImage {IMG} at (647,46) size 5x15
                RenderText {#text} at (652,46) size 4x18
                  text run at (652,46) width 4: " "
                RenderInline {BIG} at (0,0) size 744x89
                  RenderText {#text} at (656,46) size 744x89
                    text run at (656,46) width 88: "whichever"
                    text run at (0,111) width 208: "line the elements appear."
                RenderText {#text} at (208,111) size 4x18
                  text run at (208,111) width 4: " "
                RenderImage {IMG} at (212,111) size 27x90
                RenderText {#text} at (0,0) size 0x0
