layer at (0,0) size 785x770
  RenderView at (0,0) size 785x600
layer at (0,0) size 785x770
  RenderBlock {HTML} at (0,0) size 785x770
    RenderBody {BODY} at (8,8) size 769x754
      RenderText {#text} at (0,0) size 0x0
      RenderText {#text} at (0,0) size 0x0
layer at (8,8) size 339x754 clip at (9,9) size 337x752
  RenderTextControl {TEXTAREA} at (0,0) size 339x754 [bgcolor=#FFFFFF] [border: (1px solid #000000)]
    RenderBlock {DIV} at (3,3) size 335x15
      RenderText {#text} at (0,0) size 88x15
        text run at (0,0) width 88: "Sample text"
