CONSOLE MESSAGE: IndexSizeError: The index is not in the allowed range.
layer at (0,0) size 800x600
  RenderView at (0,0) size 800x600
layer at (0,0) size 800x600
  RenderBlock {HTML} at (0,0) size 800x600
    RenderBody {BODY} at (8,8) size 784x584
      RenderBlock {P} at (0,0) size 784x36
        RenderText {#text} at (0,0) size 763x36
          text run at (0,0) width 763: "You should see a table with 6 rows, labeled \"Row_0\", \"Row_1\", \"Row_2\", \"Row_3\", \"Row_4\", \"Row_5\", from top to"
          text run at (0,18) width 48: "bottom."
      RenderTable {TABLE} at (0,52) size 57x148 [border: (1px outset #808080)]
        RenderTableSection {TBODY} at (1,1) size 55x146
          RenderTableRow {TR} at (0,2) size 55x22
            RenderTableCell {TD} at (2,2) size 51x22 [border: (1px inset #808080)] [r=0 c=0 rs=1 cs=1]
              RenderText {#text} at (2,2) size 47x18
                text run at (2,2) width 47: "Row_0"
          RenderTableRow {TR} at (0,26) size 55x22
            RenderTableCell {TD} at (2,26) size 51x22 [border: (1px inset #808080)] [r=1 c=0 rs=1 cs=1]
              RenderText {#text} at (2,2) size 47x18
                text run at (2,2) width 47: "Row_1"
          RenderTableRow {TR} at (0,50) size 55x22
            RenderTableCell {TD} at (2,50) size 51x22 [border: (1px inset #808080)] [r=2 c=0 rs=1 cs=1]
              RenderText {#text} at (2,2) size 47x18
                text run at (2,2) width 47: "Row_2"
          RenderTableRow {TR} at (0,74) size 55x22
            RenderTableCell {TD} at (2,74) size 51x22 [border: (1px inset #808080)] [r=3 c=0 rs=1 cs=1]
              RenderText {#text} at (2,2) size 47x18
                text run at (2,2) width 47: "Row_3"
          RenderTableRow {TR} at (0,98) size 55x22
            RenderTableCell {TD} at (2,98) size 51x22 [border: (1px inset #808080)] [r=4 c=0 rs=1 cs=1]
              RenderText {#text} at (2,2) size 47x18
                text run at (2,2) width 47: "Row_4"
          RenderTableRow {TR} at (0,122) size 55x22
            RenderTableCell {TD} at (2,122) size 51x22 [border: (1px inset #808080)] [r=5 c=0 rs=1 cs=1]
              RenderText {#text} at (2,2) size 47x18
                text run at (2,2) width 47: "Row_5"
