layer at (0,0) size 800x600
  RenderView at (0,0) size 800x600
layer at (0,0) size 800x600
  RenderBlock {HTML} at (0,0) size 800x600
    RenderBody {BODY} at (8,8) size 784x584
      RenderBlock {P} at (0,0) size 784x18
        RenderText {#text} at (0,0) size 53x18
          text run at (0,0) width 53: "Test for "
        RenderInline {I} at (0,0) size 566x18
          RenderInline {A} at (0,0) size 301x18 [color=#0000EE]
            RenderText {#text} at (53,0) size 301x18
              text run at (53,0) width 301: "http://bugs.webkit.org/show_bug.cgi?id=12782"
          RenderText {#text} at (354,0) size 265x18
            text run at (354,0) width 4: " "
            text run at (358,0) width 261: "Reproducible crash in BidiContext::deref"
        RenderText {#text} at (619,0) size 4x18
          text run at (619,0) width 4: "."
      RenderBlock {P} at (0,34) size 784x18
        RenderText {#text} at (0,0) size 246x18
          text run at (0,0) width 246: "No assertion failure means SUCCESS."
      RenderBlock {DIV} at (0,68) size 784x18
        RenderInline {SPAN} at (0,0) size 21x18
          RenderText {#text} at (0,0) size 21x18
            text run at (0,0) width 21: "foo"
      RenderBlock {DIV} at (0,86) size 784x0
