layer at (0,0) size 800x600
  RenderView at (0,0) size 800x600
layer at (0,0) size 800x600
  RenderBlock {HTML} at (0,0) size 800x600
    RenderBody {BODY} at (8,8) size 784x584
      RenderBlock {DIV} at (0,0) size 100x100 [bgcolor=#FF0000]
        RenderText {#text} at (0,0) size 98x54
          text run at (0,0) width 98: "You should not"
          text run at (0,18) width 96: "see this. Resize"
          text run at (0,36) width 79: "the window."
layer at (8,8) size 100x125
  RenderBlock (positioned) {DIV} at (0,0) size 100x125
    RenderBlock {DIV} at (0,0) size 100x100 [bgcolor=#008000]
    RenderBlock (anonymous) at (0,100) size 100x25
      RenderButton {BUTTON} at (2,2) size 54x21 [bgcolor=#F0F0F0] [border: (2px outset #F0F0F0)]
        RenderBlock (anonymous) at (8,3) size 38x15
          RenderText {#text} at (0,0) size 38x15
            text run at (0,0) width 38: "Button"
      RenderText {#text} at (0,0) size 0x0
