layer at (0,0) size 800x600
  RenderView at (0,0) size 800x600
layer at (0,0) size 800x600
  RenderBlock {HTML} at (0,0) size 800x600
    RenderBody {BODY} at (8,8) size 784x576
      RenderBlock {P} at (0,0) size 784x18
        RenderText {#text} at (0,0) size 53x18
          text run at (0,0) width 53: "Test for "
        RenderInline {I} at (0,0) size 637x18
          RenderInline {A} at (0,0) size 301x18 [color=#0000EE]
            RenderText {#text} at (53,0) size 301x18
              text run at (53,0) width 301: "http://bugs.webkit.org/show_bug.cgi?id=13145"
          RenderText {#text} at (354,0) size 336x18
            text run at (354,0) width 4: " "
            text run at (358,0) width 332: "Regression: Scrollbar not resizing after display none"
        RenderText {#text} at (690,0) size 4x18
          text run at (690,0) width 4: "."
      RenderBlock {P} at (0,34) size 784x18
        RenderText {#text} at (0,0) size 312x18
          text run at (0,0) width 312: "The window should not have a vertical scroll bar."
layer at (8,100) size 100x100
  RenderBlock (positioned) {DIV} at (8,100) size 100x100
    RenderBlock {DIV} at (0,0) size 100x100 [bgcolor=#008000]
