layer at (0,0) size 800x600
  RenderView at (0,0) size 800x600
layer at (0,0) size 800x600
  RenderBlock {HTML} at (0,0) size 800x600
    RenderBody {BODY} at (8,8) size 784x584
      RenderBR {BR} at (0,0) size 0x19
      RenderText {#text} at (0,20) size 515x19
        text run at (0,20) width 515: "This is a test to see if a file:// url is sent out as the referrer for a subresource load"
      RenderBR {BR} at (514,20) size 1x19
      RenderIFrame {IFRAME} at (0,40) size 304x154 [border: (2px inset #000000)]
        layer at (0,0) size 300x150
          RenderView at (0,0) size 300x150
        layer at (0,0) size 300x150
          RenderBlock {HTML} at (0,0) size 300x150
            RenderBody {BODY} at (8,8) size 284x134
              RenderImage {IMG} at (0,0) size 250x50
      RenderText {#text} at (304,179) size 4x19
        text run at (304,179) width 4: " "
      RenderBR {BR} at (308,179) size 0x19
      RenderText {#text} at (0,199) size 398x19
        text run at (0,199) width 398: "The above image will tell you success or failure - green or red"
      RenderBR {BR} at (397,199) size 1x19
