layer at (0,0) size 785x790
  RenderView at (0,0) size 785x600
layer at (0,0) size 785x790
  RenderBlock {HTML} at (0,0) size 785x790
    RenderBody {BODY} at (8,8) size 769x774 [bgcolor=#CCCCCC]
      RenderBlock {P} at (0,0) size 769x18
        RenderText {#text} at (0,0) size 355x18
          text run at (0,0) width 355: "The style declarations which apply to the text below are:"
      RenderBlock {PRE} at (0,34) size 769x165
        RenderText {#text} at (0,0) size 576x165
          text run at (0,0) width 576: "<LINK rel=\"stylesheet\" type=\"text/css\" HREF=\"../resources/linktest.css\">"
          text run at (576,0) width 0: " "
          text run at (0,15) width 152: "LI {color: purple;}"
          text run at (152,15) width 0: " "
          text run at (0,30) width 160: "UL LI {color: blue;}"
          text run at (160,30) width 0: " "
          text run at (0,45) width 184: "UL LI LI {color: gray;}"
          text run at (184,45) width 0: " "
          text run at (0,60) width 176: "LI.red {color: green;}"
          text run at (176,60) width 0: " "
          text run at (0,75) width 216: "UL LI.mar {color: #660000;}"
          text run at (216,75) width 0: " "
          text run at (0,90) width 200: "UL LI#gre {color: green;}"
          text run at (200,90) width 0: " "
          text run at (0,105) width 160: ".test {color: blue;}"
          text run at (160,105) width 0: " "
          text run at (0,120) width 176: ".test {color: purple;}"
          text run at (176,120) width 0: " "
          text run at (0,135) width 296: ".one {text-decoration: line-through;}"
          text run at (296,135) width 0: " "
          text run at (0,150) width 0: " "
      RenderBlock {HR} at (0,212) size 769x2 [border: (1px inset #000000)]
      RenderBlock {UL} at (0,230) size 769x144
        RenderListItem {LI} at (40,0) size 729x18 [color=#0000FF]
          RenderListMarker at (-17,0) size 7x18: bullet
          RenderText {#text} at (0,0) size 189x18
            text run at (0,0) width 189: "This list item should be blue..."
        RenderListItem {LI} at (40,18) size 729x72 [color=#0000FF]
          RenderBlock (anonymous) at (0,0) size 729x18
            RenderListMarker at (-17,0) size 7x18: bullet
            RenderText {#text} at (0,0) size 289x18
              text run at (0,0) width 289: "...and so should this; neither should be purple."
          RenderBlock {UL} at (0,18) size 729x54
            RenderListItem {LI} at (40,0) size 689x18 [color=#808080]
              RenderListMarker at (-17,0) size 7x18: white bullet
              RenderText {#text} at (0,0) size 190x18
                text run at (0,0) width 190: "This list item should be gray..."
            RenderListItem {LI} at (40,18) size 689x18 [color=#808080]
              RenderListMarker at (-17,0) size 7x18: white bullet
              RenderText {#text} at (0,0) size 113x18
                text run at (0,0) width 113: "...as should this...."
            RenderListItem {LI} at (40,36) size 689x18 [color=#008000]
              RenderListMarker at (-17,0) size 7x18: white bullet
              RenderText {#text} at (0,0) size 193x18
                text run at (0,0) width 193: "...but this one should be green."
        RenderListItem {LI} at (40,90) size 729x18 [color=#660000]
          RenderListMarker at (-17,0) size 7x18: bullet
          RenderText {#text} at (0,0) size 171x18
            text run at (0,0) width 171: "This ought to be dark red..."
        RenderListItem {LI} at (40,108) size 729x18 [color=#008000]
          RenderListMarker at (-17,0) size 7x18: bullet
          RenderText {#text} at (0,0) size 85x18
            text run at (0,0) width 85: "...this green..."
        RenderListItem {LI} at (40,126) size 729x18 [color=#0000FF]
          RenderListMarker at (-17,0) size 7x18: bullet
          RenderText {#text} at (0,0) size 96x18
            text run at (0,0) width 96: "...and this blue."
      RenderBlock {P} at (0,390) size 769x18 [color=#0000FF]
        RenderText {#text} at (0,0) size 279x18
          text run at (0,0) width 279: "This sentence should be blue (STYLE attr.)."
      RenderBlock {P} at (0,424) size 769x18 [color=#800080]
        RenderText {#text} at (0,0) size 204x18
          text run at (0,0) width 204: "This sentence should be purple ["
        RenderInline {CODE} at (0,0) size 96x15
          RenderText {#text} at (204,2) size 96x15
            text run at (204,2) width 96: "class=\"test\""
        RenderText {#text} at (300,0) size 9x18
          text run at (300,0) width 9: "]."
      RenderBlock {P} at (0,458) size 769x18
        RenderText {#text} at (0,0) size 683x18
          text run at (0,0) width 683: "This text should be stricken (overriding the imported underline; only works if LINKed sheets are supported)."
      RenderTable {TABLE} at (0,492) size 705x282 [border: (1px outset #808080)]
        RenderTableSection {TBODY} at (1,1) size 703x280
          RenderTableRow {TR} at (0,0) size 703x26
            RenderTableCell {TD} at (0,0) size 703x26 [bgcolor=#C0C0C0] [border: (1px inset #808080)] [r=0 c=0 rs=1 cs=2]
              RenderInline {STRONG} at (0,0) size 163x18
                RenderText {#text} at (4,4) size 163x18
                  text run at (4,4) width 163: "TABLE Testing Section"
          RenderTableRow {TR} at (0,26) size 703x254
            RenderTableCell {TD} at (0,140) size 12x26 [bgcolor=#C0C0C0] [border: (1px inset #808080)] [r=1 c=0 rs=1 cs=1]
              RenderText {#text} at (4,4) size 4x18
                text run at (4,4) width 4: " "
            RenderTableCell {TD} at (12,26) size 691x254 [border: (1px inset #808080)] [r=1 c=1 rs=1 cs=1]
              RenderBlock {UL} at (4,4) size 683x144
                RenderListItem {LI} at (40,0) size 643x18 [color=#0000FF]
                  RenderListMarker at (-17,0) size 7x18: bullet
                  RenderText {#text} at (0,0) size 189x18
                    text run at (0,0) width 189: "This list item should be blue..."
                RenderListItem {LI} at (40,18) size 643x72 [color=#0000FF]
                  RenderBlock (anonymous) at (0,0) size 643x18
                    RenderListMarker at (-17,0) size 7x18: bullet
                    RenderText {#text} at (0,0) size 289x18
                      text run at (0,0) width 289: "...and so should this; neither should be purple."
                  RenderBlock {UL} at (0,18) size 643x54
                    RenderListItem {LI} at (40,0) size 603x18 [color=#808080]
                      RenderListMarker at (-17,0) size 7x18: white bullet
                      RenderText {#text} at (0,0) size 190x18
                        text run at (0,0) width 190: "This list item should be gray..."
                    RenderListItem {LI} at (40,18) size 603x18 [color=#808080]
                      RenderListMarker at (-17,0) size 7x18: white bullet
                      RenderText {#text} at (0,0) size 113x18
                        text run at (0,0) width 113: "...as should this...."
                    RenderListItem {LI} at (40,36) size 603x18 [color=#008000]
                      RenderListMarker at (-17,0) size 7x18: white bullet
                      RenderText {#text} at (0,0) size 193x18
                        text run at (0,0) width 193: "...but this one should be green."
                RenderListItem {LI} at (40,90) size 643x18 [color=#660000]
                  RenderListMarker at (-17,0) size 7x18: bullet
                  RenderText {#text} at (0,0) size 171x18
                    text run at (0,0) width 171: "This ought to be dark red..."
                RenderListItem {LI} at (40,108) size 643x18 [color=#008000]
                  RenderListMarker at (-17,0) size 7x18: bullet
                  RenderText {#text} at (0,0) size 85x18
                    text run at (0,0) width 85: "...this green..."
                RenderListItem {LI} at (40,126) size 643x18 [color=#0000FF]
                  RenderListMarker at (-17,0) size 7x18: bullet
                  RenderText {#text} at (0,0) size 96x18
                    text run at (0,0) width 96: "...and this blue."
              RenderBlock {P} at (4,164) size 683x18 [color=#0000FF]
                RenderText {#text} at (0,0) size 279x18
                  text run at (0,0) width 279: "This sentence should be blue (STYLE attr.)."
              RenderBlock {P} at (4,198) size 683x18 [color=#800080]
                RenderText {#text} at (0,0) size 204x18
                  text run at (0,0) width 204: "This sentence should be purple ["
                RenderInline {CODE} at (0,0) size 96x15
                  RenderText {#text} at (204,2) size 96x15
                    text run at (204,2) width 96: "class=\"test\""
                RenderText {#text} at (300,0) size 9x18
                  text run at (300,0) width 9: "]."
              RenderBlock {P} at (4,232) size 683x18
                RenderText {#text} at (0,0) size 683x18
                  text run at (0,0) width 683: "This text should be stricken (overriding the imported underline; only works if LINKed sheets are supported)."
