layer at (0,0) size 800x840
  RenderView at (0,0) size 800x600
layer at (0,0) size 800x600
  RenderBlock {HTML} at (0,0) size 800x600
    RenderBody {BODY} at (0,0) size 800x600 [border: (1px solid #000000)]
layer at (30,500) size 341x340
  RenderBlock (positioned) {DIV} at (30,500) size 342x340
    RenderInline {SPAN} at (0,0) size 302x19 [color=#008000]
      RenderText {#text} at (0,0) size 302x19
        text run at (0,0) width 302: "PASS: event at (44, 44) hit box1 at offset (2, 2)"
    RenderBR {BR} at (301,0) size 1x19
    RenderInline {SPAN} at (0,0) size 302x19 [color=#008000]
      RenderText {#text} at (0,20) size 302x19
        text run at (0,20) width 302: "PASS: event at (74, 68) hit box2 at offset (2, 2)"
    RenderBR {BR} at (301,20) size 1x19
    RenderInline {SPAN} at (0,0) size 334x19 [color=#008000]
      RenderText {#text} at (0,40) size 334x19
        text run at (0,40) width 334: "PASS: event at (157, 164) hit box2 at offset (98, 98)"
    RenderBR {BR} at (333,40) size 1x19
    RenderInline {SPAN} at (0,0) size 310x19 [color=#008000]
      RenderText {#text} at (0,60) size 310x19
        text run at (0,60) width 310: "PASS: event at (320, 68) hit box4 at offset (2, 2)"
    RenderBR {BR} at (309,60) size 1x19
    RenderInline {SPAN} at (0,0) size 310x19 [color=#008000]
      RenderText {#text} at (0,80) size 310x19
        text run at (0,80) width 310: "PASS: event at (336, 87) hit box5 at offset (2, 2)"
    RenderBR {BR} at (309,80) size 1x19
    RenderInline {SPAN} at (0,0) size 310x19 [color=#008000]
      RenderText {#text} at (0,100) size 310x19
        text run at (0,100) width 310: "PASS: event at (582, 87) hit box8 at offset (2, 2)"
    RenderBR {BR} at (309,100) size 1x19
    RenderInline {SPAN} at (0,0) size 334x19 [color=#008000]
      RenderText {#text} at (0,120) size 334x19
        text run at (0,120) width 334: "PASS: event at (658, 174) hit box8 at offset (86, 86)"
    RenderBR {BR} at (333,120) size 1x19
    RenderInline {SPAN} at (0,0) size 318x19 [color=#008000]
      RenderText {#text} at (0,140) size 318x19
        text run at (0,140) width 318: "PASS: event at (74, 314) hit box10 at offset (2, 2)"
    RenderBR {BR} at (317,140) size 1x19
    RenderInline {SPAN} at (0,0) size 317x19 [color=#008000]
      RenderText {#text} at (0,160) size 317x19
        text run at (0,160) width 317: "PASS: event at (91, 351) hit box11 at offset (2, 2)"
    RenderBR {BR} at (316,160) size 1x19
    RenderInline {SPAN} at (0,0) size 326x19 [color=#008000]
      RenderText {#text} at (0,180) size 326x19
        text run at (0,180) width 326: "PASS: event at (320, 314) hit box13 at offset (2, 2)"
    RenderBR {BR} at (325,180) size 1x19
    RenderInline {SPAN} at (0,0) size 326x19 [color=#008000]
      RenderText {#text} at (0,200) size 326x19
        text run at (0,200) width 326: "PASS: event at (343, 351) hit box14 at offset (2, 2)"
    RenderBR {BR} at (325,200) size 1x19
    RenderInline {SPAN} at (0,0) size 326x19 [color=#008000]
      RenderText {#text} at (0,220) size 326x19
        text run at (0,220) width 326: "PASS: event at (365, 375) hit box15 at offset (2, 2)"
    RenderBR {BR} at (325,220) size 1x19
    RenderInline {SPAN} at (0,0) size 326x19 [color=#008000]
      RenderText {#text} at (0,240) size 326x19
        text run at (0,240) width 326: "PASS: event at (566, 314) hit box17 at offset (2, 2)"
    RenderBR {BR} at (325,240) size 1x19
    RenderInline {SPAN} at (0,0) size 326x19 [color=#008000]
      RenderText {#text} at (0,260) size 326x19
        text run at (0,260) width 326: "PASS: event at (587, 352) hit box18 at offset (2, 2)"
    RenderBR {BR} at (325,260) size 1x19
    RenderInline {SPAN} at (0,0) size 326x19 [color=#008000]
      RenderText {#text} at (0,280) size 326x19
        text run at (0,280) width 326: "PASS: event at (629, 401) hit box19 at offset (2, 2)"
    RenderBR {BR} at (325,280) size 1x19
    RenderInline {SPAN} at (0,0) size 326x19 [color=#008000]
      RenderText {#text} at (0,300) size 326x19
        text run at (0,300) width 326: "PASS: event at (653, 422) hit box20 at offset (2, 2)"
    RenderBR {BR} at (325,300) size 1x19
    RenderInline {SPAN} at (0,0) size 342x19 [color=#008000]
      RenderText {#text} at (0,320) size 342x19
        text run at (0,320) width 342: "PASS: event at (745, 505) hit box20 at offset (86, 87)"
    RenderBR {BR} at (341,320) size 1x19
layer at (21,21) size 202x202
  RenderBlock (positioned) {DIV} at (21,21) size 202x202 [border: (1px solid #000000)]
layer at (42,42) size 140x140
  RenderBlock {DIV} at (21,21) size 140x140 [bgcolor=#DDDDDD] [border: (1px solid #000000)]
layer at (63,63) size 100x100
  RenderBlock (relative positioned) {DIV} at (21,21) size 100x100 [bgcolor=#81AA8A] [border: (1px solid #000000)]
layer at (267,21) size 202x202
  RenderBlock (positioned) {DIV} at (267,21) size 202x202 [border: (1px solid #000000)]
layer at (288,42) size 140x140
  RenderBlock {DIV} at (21,21) size 140x140 [bgcolor=#DDDDDD] [border: (1px solid #000000)]
layer at (309,63) size 100x100
  RenderBlock (relative positioned) {DIV} at (21,21) size 100x100 [bgcolor=#81AA8A] [border: (1px solid #000000)]
    RenderBlock {DIV} at (21,21) size 90x90 [bgcolor=#0000FF] [border: (1px solid #000000)]
layer at (513,21) size 202x202
  RenderBlock (positioned) {DIV} at (513,21) size 202x202 [border: (1px solid #000000)]
layer at (534,42) size 140x140
  RenderBlock {DIV} at (21,21) size 140x140 [bgcolor=#DDDDDD] [border: (1px solid #000000)]
layer at (555,63) size 100x100
  RenderBlock (relative positioned) {DIV} at (21,21) size 100x100 [bgcolor=#81AA8A] [border: (1px solid #000000)]
layer at (576,84) size 90x90
  RenderBlock (relative positioned) {DIV} at (21,21) size 90x90 [bgcolor=#0000FF] [border: (1px solid #000000)]
layer at (21,267) size 202x202
  RenderBlock (positioned) {DIV} at (21,267) size 202x202 [border: (1px solid #000000)]
layer at (42,288) size 140x140
  RenderBlock {DIV} at (21,21) size 140x140 [bgcolor=#DDDDDD] [border: (1px solid #000000)]
layer at (63,309) size 100x100
  RenderBlock (relative positioned) {DIV} at (21,21) size 100x100 [bgcolor=#81AA8A] [border: (1px solid #000000)]
layer at (104,350) size 100x100
  RenderBlock (relative positioned) {DIV} at (41,41) size 100x100 [border: (1px solid #000000)]
layer at (267,267) size 202x202
  RenderBlock (positioned) {DIV} at (267,267) size 202x202 [border: (1px solid #000000)]
layer at (288,288) size 140x140
  RenderBlock {DIV} at (21,21) size 140x140 [bgcolor=#DDDDDD] [border: (1px solid #000000)]
layer at (309,309) size 100x100
  RenderBlock (relative positioned) {DIV} at (21,21) size 100x100 [bgcolor=#81AA8A] [border: (1px solid #000000)]
layer at (350,350) size 100x100
  RenderBlock (relative positioned) {DIV} at (41,41) size 100x100 [border: (1px solid #000000)]
    RenderBlock {DIV} at (21,21) size 90x90 [bgcolor=#0000FF] [border: (1px solid #000000)]
layer at (513,267) size 202x202
  RenderBlock (positioned) {DIV} at (513,267) size 202x202 [border: (1px solid #000000)]
layer at (534,288) size 140x140
  RenderBlock {DIV} at (21,21) size 140x140 [bgcolor=#DDDDDD] [border: (1px solid #000000)]
layer at (555,309) size 100x100
  RenderBlock (relative positioned) {DIV} at (21,21) size 100x100 [bgcolor=#81AA8A] [border: (1px solid #000000)]
layer at (596,350) size 100x100
  RenderBlock (relative positioned) {DIV} at (41,41) size 100x100 [border: (1px solid #000000)]
layer at (637,391) size 100x100
  RenderBlock (relative positioned) {DIV} at (41,41) size 100x100 [bgcolor=#AA7994] [border: (1px solid #000000)]
    RenderBlock {DIV} at (21,21) size 90x90 [bgcolor=#0000FF] [border: (1px solid #000000)]
