layer at (0,0) size 800x600
  RenderView at (0,0) size 800x600
layer at (0,0) size 800x600
  RenderBlock {HTML} at (0,0) size 800x600
    RenderBody {BODY} at (8,8) size 784x584
layer at (30,500) size 347x80
  RenderBlock (positioned) {DIV} at (30,500) size 347x80
    RenderInline {SPAN} at (0,0) size 307x19 [color=#008000]
      RenderText {#text} at (0,0) size 307x19
        text run at (0,0) width 307: "PASS: event at (158, 83) hit card at offset (2, 2)"
    RenderBR {BR} at (306,15) size 1x0
    RenderInline {SPAN} at (0,0) size 331x19 [color=#008000]
      RenderText {#text} at (0,20) size 331x19
        text run at (0,20) width 331: "PASS: event at (309, 112) hit card at offset (198, 2)"
    RenderBR {BR} at (330,35) size 1x0
    RenderInline {SPAN} at (0,0) size 331x19 [color=#008000]
      RenderText {#text} at (0,40) size 331x19
        text run at (0,40) width 331: "PASS: event at (158, 338) hit card at offset (2, 198)"
    RenderBR {BR} at (330,55) size 1x0
    RenderInline {SPAN} at (0,0) size 347x19 [color=#008000]
      RenderText {#text} at (0,60) size 347x19
        text run at (0,60) width 347: "PASS: event at (309, 308) hit card at offset (198, 198)"
    RenderBR {BR} at (346,75) size 1x0
layer at (8,8) size 402x402
  RenderBlock (positioned) {DIV} at (8,8) size 402x402 [border: (1px solid #000000)]
layer at (59,59) size 302x302
  RenderBlock (positioned) {DIV} at (51,51) size 302x302 [border: (1px solid #0000FF)]
layer at (110,110) size 200x200
  RenderBlock (positioned) {DIV} at (51,51) size 200x200 [bgcolor=#81AA8A]
