layer at (0,0) size 800x600
  RenderView at (0,0) size 800x600
layer at (0,0) size 800x600
  RenderBlock {HTML} at (0,0) size 800x600
    RenderBody {BODY} at (0,0) size 800x600 [bgcolor=#FFFFFF]
      RenderBlock (anonymous) at (0,0) size 800x0
        RenderInline {SPAN} at (0,0) size 0x0
          RenderText {#text} at (0,0) size 0x0
          RenderInline {TDX} at (0,0) size 0x0
            RenderInline {IMGX} at (0,0) size 0x0
      RenderBlock (anonymous) at (0,0) size 800x80
        RenderTable {TABLE} at (0,0) size 800x80 [bgcolor=#FFFFFF]
          RenderTableSection {TBODY} at (0,0) size 800x80
            RenderTableRow {TR} at (0,0) size 800x20
              RenderTableCell {TD} at (0,0) size 358x60 [r=0 c=0 rs=2 cs=1]
                RenderInline {A} at (0,0) size 250x17 [color=#003399]
                  RenderImage {IMG} at (0,0) size 250x60
              RenderTableCell {TD} at (357,0) size 27x20 [r=0 c=1 rs=1 cs=1]
                RenderImage {IMG} at (7,0) size 19x20
              RenderTableCell {TD} at (383,4) size 418x12 [bgcolor=#000000] [r=0 c=2 rs=1 cs=2]
                RenderInline {FONT} at (0,0) size 292x12 [color=#FFFFFF]
                  RenderText {#text} at (0,0) size 0x0
                  RenderInline {B} at (0,0) size 292x12
                    RenderText {#text} at (125,-1) size 6x13
                      text run at (125,0) width 6: "  "
                    RenderInline {A} at (0,0) size 60x12
                      RenderInline {FONT} at (0,0) size 60x12
                        RenderText {#text} at (130,-1) size 60x13
                          text run at (130,0) width 60: "All Products"
                    RenderText {#text} at (189,-1) size 7x13
                      text run at (189,0) width 7: "  "
                    RenderInline {FONT} at (0,0) size 4x12
                      RenderText {#text} at (195,-1) size 4x13
                        text run at (195,0) width 4: "|"
                    RenderText {#text} at (198,-1) size 9x13
                      text run at (198,0) width 3: " "
                      text run at (200,0) width 7: "  "
                    RenderInline {A} at (0,0) size 39x12
                      RenderInline {FONT} at (0,0) size 39x12
                        RenderText {#text} at (206,-1) size 39x13
                          text run at (206,0) width 39: "Support"
                    RenderText {#text} at (244,-1) size 7x13
                      text run at (244,0) width 7: "  "
                    RenderInline {FONT} at (0,0) size 4x12
                      RenderText {#text} at (250,-1) size 4x13
                        text run at (250,0) width 4: "|"
                    RenderText {#text} at (253,-1) size 9x13
                      text run at (253,0) width 4: " "
                      text run at (256,0) width 6: "  "
                    RenderInline {A} at (0,0) size 34x12
                      RenderInline {FONT} at (0,0) size 34x12
                        RenderText {#text} at (261,-1) size 34x13
                          text run at (261,0) width 34: "Search"
                    RenderText {#text} at (294,-1) size 7x13
                      text run at (294,0) width 7: "  "
                    RenderInline {FONT} at (0,0) size 4x12
                      RenderText {#text} at (300,-1) size 4x13
                        text run at (300,0) width 4: "|"
                    RenderText {#text} at (303,-1) size 9x13
                      text run at (303,0) width 4: " "
                      text run at (306,0) width 6: "  "
                    RenderInline {A} at (0,0) size 101x12
                      RenderInline {FONT} at (0,0) size 101x12
                        RenderText {#text} at (311,-1) size 101x13
                          text run at (311,0) width 101: "microsoft.com Home"
                    RenderText {#text} at (411,-1) size 6x13
                      text run at (411,0) width 6: "  "
                  RenderText {#text} at (0,0) size 0x0
            RenderTableRow {TR} at (0,20) size 800x40
              RenderTableCell {TD} at (357,20) size 444x40 [r=1 c=1 rs=1 cs=2]
                RenderInline {A} at (0,0) size 113x17 [color=#003399]
                  RenderImage {IMG} at (330,0) size 113x40
            RenderTableRow {TR} at (0,60) size 800x20
              RenderTableCell {TD} at (0,64) size 801x12 [bgcolor=#6699CC] [r=2 c=0 rs=1 cs=4]
                RenderInline {FONT} at (0,0) size 486x12 [color=#FFFFFF]
                  RenderInline {B} at (0,0) size 486x12
                    RenderText {#text} at (0,-1) size 6x13
                      text run at (0,0) width 6: "  "
                    RenderInline {A} at (0,0) size 29x12
                      RenderInline {FONT} at (0,0) size 29x12
                        RenderText {#text} at (5,-1) size 29x13
                          text run at (5,0) width 29: "Home"
                    RenderText {#text} at (33,-1) size 6x13
                      text run at (33,0) width 6: "  "
                    RenderInline {FONT} at (0,0) size 4x12
                      RenderText {#text} at (38,-1) size 4x13
                        text run at (38,0) width 4: "|"
                    RenderText {#text} at (41,-1) size 10x13
                      text run at (41,0) width 4: " "
                      text run at (44,0) width 7: "  "
                    RenderInline {A} at (0,0) size 33x12
                      RenderInline {FONT} at (0,0) size 33x12
                        RenderText {#text} at (50,-1) size 33x13
                          text run at (50,0) width 33: "Events"
                    RenderText {#text} at (82,-1) size 7x13
                      text run at (82,0) width 7: "  "
                    RenderInline {FONT} at (0,0) size 4x12
                      RenderText {#text} at (88,-1) size 4x13
                        text run at (88,0) width 4: "|"
                    RenderText {#text} at (91,-1) size 9x13
                      text run at (91,0) width 3: " "
                      text run at (93,0) width 7: "  "
                    RenderInline {A} at (0,0) size 40x12
                      RenderInline {FONT} at (0,0) size 40x12
                        RenderText {#text} at (99,-1) size 40x13
                          text run at (99,0) width 40: "Training"
                    RenderText {#text} at (138,-1) size 6x13
                      text run at (138,0) width 6: "  "
                    RenderInline {FONT} at (0,0) size 4x12
                      RenderText {#text} at (143,-1) size 4x13
                        text run at (143,0) width 4: "|"
                    RenderText {#text} at (146,-1) size 10x13
                      text run at (146,0) width 4: " "
                      text run at (149,0) width 7: "  "
                    RenderInline {A} at (0,0) size 54x12
                      RenderInline {FONT} at (0,0) size 54x12
                        RenderText {#text} at (155,-1) size 54x13
                          text run at (155,0) width 54: "Downloads"
                    RenderText {#text} at (208,-1) size 6x13
                      text run at (208,0) width 6: "  "
                    RenderInline {FONT} at (0,0) size 4x12
                      RenderText {#text} at (213,-1) size 4x13
                        text run at (213,0) width 4: "|"
                    RenderText {#text} at (216,-1) size 10x13
                      text run at (216,0) width 4: " "
                      text run at (219,0) width 7: "  "
                    RenderInline {A} at (0,0) size 57x12
                      RenderInline {FONT} at (0,0) size 57x12
                        RenderText {#text} at (225,-1) size 57x13
                          text run at (225,0) width 57: "Newsletters"
                    RenderText {#text} at (281,-1) size 6x13
                      text run at (281,0) width 6: "  "
                    RenderInline {FONT} at (0,0) size 4x12
                      RenderText {#text} at (286,-1) size 4x13
                        text run at (286,0) width 4: "|"
                    RenderText {#text} at (289,-1) size 9x13
                      text run at (289,0) width 4: " "
                      text run at (292,0) width 6: "  "
                    RenderInline {A} at (0,0) size 94x12
                      RenderInline {FONT} at (0,0) size 94x12
                        RenderText {#text} at (297,-1) size 94x13
                          text run at (297,0) width 94: "U.S. & International"
                    RenderText {#text} at (390,-1) size 6x13
                      text run at (390,0) width 6: "  "
                    RenderInline {FONT} at (0,0) size 4x12
                      RenderText {#text} at (395,-1) size 4x13
                        text run at (395,0) width 4: "|"
                    RenderText {#text} at (398,-1) size 9x13
                      text run at (398,0) width 4: " "
                      text run at (401,0) width 6: "  "
                    RenderInline {A} at (0,0) size 72x12
                      RenderInline {FONT} at (0,0) size 72x12
                        RenderText {#text} at (406,-1) size 72x13
                          text run at (406,0) width 72: "About Our Site"
                    RenderText {#text} at (477,-1) size 6x13
                      text run at (477,0) width 6: "  "
                    RenderInline {FONT} at (0,0) size 4x12
                      RenderText {#text} at (482,-1) size 4x13
                        text run at (482,0) width 4: "|"
                    RenderText {#text} at (0,0) size 0x0
      RenderBlock (anonymous) at (0,80) size 800x0
        RenderInline {SPAN} at (0,0) size 0x0
