layer at (0,0) size 800x600
  RenderView at (0,0) size 800x600
layer at (0,0) size 800x600
  RenderBlock {HTML} at (0,0) size 800x600
    RenderBody {BODY} at (8,8) size 784x584
      RenderTable {TABLE} at (0,0) size 784x374
        RenderTableSection {TBODY} at (0,0) size 784x374
          RenderTableRow {TR} at (0,0) size 784x11
            RenderTableCell {TD} at (0,0) size 8x11 [bgcolor=#FDFDFB] [r=0 c=0 rs=1 cs=1]
              RenderInline {FONT} at (0,0) size 3x11
                RenderText {#text} at (0,0) size 3x11
                  text run at (0,0) width 3: " "
            RenderTableCell {TD} at (7,0) size 9x11 [bgcolor=#FDFDFB] [r=0 c=1 rs=1 cs=1]
              RenderInline {FONT} at (0,0) size 3x11
                RenderText {#text} at (0,0) size 3x11
                  text run at (0,0) width 3: " "
            RenderTableCell {TD} at (15,0) size 9x11 [bgcolor=#FDFDFB] [r=0 c=2 rs=1 cs=1]
              RenderInline {FONT} at (0,0) size 3x11
                RenderText {#text} at (0,0) size 3x11
                  text run at (0,0) width 3: " "
            RenderTableCell {TD} at (23,0) size 9x11 [bgcolor=#FDFDFB] [r=0 c=3 rs=1 cs=1]
              RenderInline {FONT} at (0,0) size 3x11
                RenderText {#text} at (0,0) size 3x11
                  text run at (0,0) width 3: " "
            RenderTableCell {TD} at (31,0) size 9x11 [bgcolor=#FDFDFB] [r=0 c=4 rs=1 cs=1]
              RenderInline {FONT} at (0,0) size 3x11
                RenderText {#text} at (0,0) size 3x11
                  text run at (0,0) width 3: " "
            RenderTableCell {TD} at (39,0) size 9x11 [bgcolor=#FDFDFB] [r=0 c=5 rs=1 cs=1]
              RenderInline {FONT} at (0,0) size 3x11
                RenderText {#text} at (0,0) size 3x11
                  text run at (0,0) width 3: " "
            RenderTableCell {TD} at (47,0) size 8x11 [bgcolor=#FDFDFB] [r=0 c=6 rs=1 cs=1]
              RenderInline {FONT} at (0,0) size 3x11
                RenderText {#text} at (0,0) size 3x11
                  text run at (0,0) width 3: " "
            RenderTableCell {TD} at (54,0) size 9x11 [bgcolor=#FDFDFB] [r=0 c=7 rs=1 cs=1]
              RenderInline {FONT} at (0,0) size 3x11
                RenderText {#text} at (0,0) size 3x11
                  text run at (0,0) width 3: " "
            RenderTableCell {TD} at (62,0) size 9x11 [bgcolor=#FDFDFB] [r=0 c=8 rs=1 cs=1]
              RenderInline {FONT} at (0,0) size 3x11
                RenderText {#text} at (0,0) size 3x11
                  text run at (0,0) width 3: " "
            RenderTableCell {TD} at (70,0) size 9x11 [bgcolor=#FDFDFB] [r=0 c=9 rs=1 cs=1]
              RenderInline {FONT} at (0,0) size 3x11
                RenderText {#text} at (0,0) size 3x11
                  text run at (0,0) width 3: " "
            RenderTableCell {TD} at (78,0) size 9x11 [bgcolor=#CADEDD] [r=0 c=10 rs=1 cs=1]
              RenderInline {FONT} at (0,0) size 3x11
                RenderText {#text} at (0,0) size 3x11
                  text run at (0,0) width 3: " "
            RenderTableCell {TD} at (86,0) size 9x11 [bgcolor=#97C1C0] [r=0 c=11 rs=1 cs=1]
              RenderInline {FONT} at (0,0) size 3x11
                RenderText {#text} at (0,0) size 3x11
                  text run at (0,0) width 3: " "
            RenderTableCell {TD} at (94,0) size 8x11 [bgcolor=#5CADAE] [r=0 c=12 rs=1 cs=1]
              RenderInline {FONT} at (0,0) size 3x11
                RenderText {#text} at (0,0) size 3x11
                  text run at (0,0) width 3: " "
            RenderTableCell {TD} at (101,0) size 9x11 [bgcolor=#048485] [r=0 c=13 rs=1 cs=1]
              RenderInline {FONT} at (0,0) size 3x11
                RenderText {#text} at (0,0) size 3x11
                  text run at (0,0) width 3: " "
            RenderTableCell {TD} at (109,0) size 9x11 [bgcolor=#048485] [r=0 c=14 rs=1 cs=1]
              RenderInline {FONT} at (0,0) size 3x11
                RenderText {#text} at (0,0) size 3x11
                  text run at (0,0) width 3: " "
            RenderTableCell {TD} at (117,0) size 9x11 [bgcolor=#027777] [r=0 c=15 rs=1 cs=1]
              RenderInline {FONT} at (0,0) size 3x11
                RenderText {#text} at (0,0) size 3x11
                  text run at (0,0) width 3: " "
            RenderTableCell {TD} at (125,0) size 9x11 [bgcolor=#027777] [r=0 c=16 rs=1 cs=1]
              RenderInline {FONT} at (0,0) size 3x11
                RenderText {#text} at (0,0) size 3x11
                  text run at (0,0) width 3: " "
            RenderTableCell {TD} at (133,0) size 9x11 [bgcolor=#027777] [r=0 c=17 rs=1 cs=1]
              RenderInline {FONT} at (0,0) size 3x11
                RenderText {#text} at (0,0) size 3x11
                  text run at (0,0) width 3: " "
            RenderTableCell {TD} at (141,0) size 9x11 [bgcolor=#027777] [r=0 c=18 rs=1 cs=1]
              RenderInline {FONT} at (0,0) size 3x11
                RenderText {#text} at (0,0) size 3x11
                  text run at (0,0) width 3: " "
            RenderTableCell {TD} at (149,0) size 8x11 [bgcolor=#027777] [r=0 c=19 rs=1 cs=1]
              RenderInline {FONT} at (0,0) size 3x11
                RenderText {#text} at (0,0) size 3x11
                  text run at (0,0) width 3: " "
            RenderTableCell {TD} at (156,0) size 9x11 [bgcolor=#1B8685] [r=0 c=20 rs=1 cs=1]
              RenderInline {FONT} at (0,0) size 3x11
                RenderText {#text} at (0,0) size 3x11
                  text run at (0,0) width 3: " "
            RenderTableCell {TD} at (164,0) size 9x11 [bgcolor=#60A2A3] [r=0 c=21 rs=1 cs=1]
              RenderInline {FONT} at (0,0) size 3x11
                RenderText {#text} at (0,0) size 3x11
                  text run at (0,0) width 3: " "
            RenderTableCell {TD} at (172,0) size 9x11 [bgcolor=#8DB7B6] [r=0 c=22 rs=1 cs=1]
              RenderInline {FONT} at (0,0) size 3x11
                RenderText {#text} at (0,0) size 3x11
                  text run at (0,0) width 3: " "
            RenderTableCell {TD} at (180,0) size 9x11 [bgcolor=#CADEDD] [r=0 c=23 rs=1 cs=1]
              RenderInline {FONT} at (0,0) size 3x11
                RenderText {#text} at (0,0) size 3x11
                  text run at (0,0) width 3: " "
            RenderTableCell {TD} at (188,0) size 9x11 [bgcolor=#EDEEEF] [r=0 c=24 rs=1 cs=1]
              RenderInline {FONT} at (0,0) size 3x11
                RenderText {#text} at (0,0) size 3x11
                  text run at (0,0) width 3: " "
            RenderTableCell {TD} at (196,0) size 8x11 [bgcolor=#FDFDFB] [r=0 c=25 rs=1 cs=1]
              RenderInline {FONT} at (0,0) size 3x11
                RenderText {#text} at (0,0) size 3x11
                  text run at (0,0) width 3: " "
            RenderTableCell {TD} at (203,0) size 9x11 [bgcolor=#FDFDFB] [r=0 c=26 rs=1 cs=1]
              RenderInline {FONT} at (0,0) size 3x11
                RenderText {#text} at (0,0) size 3x11
                  text run at (0,0) width 3: " "
            RenderTableCell {TD} at (211,0) size 9x11 [bgcolor=#FDFDFB] [r=0 c=27 rs=1 cs=1]
              RenderInline {FONT} at (0,0) size 3x11
                RenderText {#text} at (0,0) size 3x11
                  text run at (0,0) width 3: " "
            RenderTableCell {TD} at (219,0) size 9x11 [bgcolor=#FDFDFB] [r=0 c=28 rs=1 cs=1]
              RenderInline {FONT} at (0,0) size 3x11
                RenderText {#text} at (0,0) size 3x11
                  text run at (0,0) width 3: " "
            RenderTableCell {TD} at (227,0) size 9x11 [bgcolor=#FDFDFB] [r=0 c=29 rs=1 cs=1]
              RenderInline {FONT} at (0,0) size 3x11
                RenderText {#text} at (0,0) size 3x11
                  text run at (0,0) width 3: " "
            RenderTableCell {TD} at (235,0) size 9x11 [bgcolor=#FDFDFB] [r=0 c=30 rs=1 cs=1]
              RenderInline {FONT} at (0,0) size 3x11
                RenderText {#text} at (0,0) size 3x11
                  text run at (0,0) width 3: " "
            RenderTableCell {TD} at (243,0) size 8x11 [bgcolor=#FDFDFB] [r=0 c=31 rs=1 cs=1]
              RenderInline {FONT} at (0,0) size 3x11
                RenderText {#text} at (0,0) size 3x11
                  text run at (0,0) width 3: " "
            RenderTableCell {TD} at (251,0) size 8x11 [bgcolor=#FDFDFB] [r=0 c=32 rs=1 cs=1]
              RenderInline {FONT} at (0,0) size 3x11
                RenderText {#text} at (0,0) size 3x11
                  text run at (0,0) width 3: " "
            RenderTableCell {TD} at (258,0) size 9x11 [bgcolor=#FDFDFB] [r=0 c=33 rs=1 cs=1]
              RenderInline {FONT} at (0,0) size 3x11
                RenderText {#text} at (0,0) size 3x11
                  text run at (0,0) width 3: " "
            RenderTableCell {TD} at (266,0) size 9x11 [bgcolor=#FDFDFB] [r=0 c=34 rs=1 cs=1]
              RenderInline {FONT} at (0,0) size 3x11
                RenderText {#text} at (0,0) size 3x11
                  text run at (0,0) width 3: " "
            RenderTableCell {TD} at (274,0) size 9x11 [bgcolor=#FDFDFB] [r=0 c=35 rs=1 cs=1]
              RenderInline {FONT} at (0,0) size 3x11
                RenderText {#text} at (0,0) size 3x11
                  text run at (0,0) width 3: " "
            RenderTableCell {TD} at (282,0) size 9x11 [bgcolor=#E0EAE9] [r=0 c=36 rs=1 cs=1]
              RenderInline {FONT} at (0,0) size 3x11
                RenderText {#text} at (0,0) size 3x11
                  text run at (0,0) width 3: " "
            RenderTableCell {TD} at (290,0) size 9x11 [bgcolor=#CADEDD] [r=0 c=37 rs=1 cs=1]
              RenderInline {FONT} at (0,0) size 3x11
                RenderText {#text} at (0,0) size 3x11
                  text run at (0,0) width 3: " "
            RenderTableCell {TD} at (298,0) size 8x11 [bgcolor=#CADEDD] [r=0 c=38 rs=1 cs=1]
              RenderInline {FONT} at (0,0) size 3x11
                RenderText {#text} at (0,0) size 3x11
                  text run at (0,0) width 3: " "
            RenderTableCell {TD} at (305,0) size 9x11 [bgcolor=#CADEDD] [r=0 c=39 rs=1 cs=1]
              RenderInline {FONT} at (0,0) size 3x11
                RenderText {#text} at (0,0) size 3x11
                  text run at (0,0) width 3: " "
            RenderTableCell {TD} at (313,0) size 9x11 [bgcolor=#CADEDD] [r=0 c=40 rs=1 cs=1]
              RenderInline {FONT} at (0,0) size 3x11
                RenderText {#text} at (0,0) size 3x11
                  text run at (0,0) width 3: " "
            RenderTableCell {TD} at (321,0) size 9x11 [bgcolor=#CADEDD] [r=0 c=41 rs=1 cs=1]
              RenderInline {FONT} at (0,0) size 3x11
                RenderText {#text} at (0,0) size 3x11
                  text run at (0,0) width 3: " "
            RenderTableCell {TD} at (329,0) size 9x11 [bgcolor=#CADEDD] [r=0 c=42 rs=1 cs=1]
              RenderInline {FONT} at (0,0) size 3x11
                RenderText {#text} at (0,0) size 3x11
                  text run at (0,0) width 3: " "
            RenderTableCell {TD} at (337,0) size 9x11 [bgcolor=#CADEDD] [r=0 c=43 rs=1 cs=1]
              RenderInline {FONT} at (0,0) size 3x11
                RenderText {#text} at (0,0) size 3x11
                  text run at (0,0) width 3: " "
            RenderTableCell {TD} at (345,0) size 8x11 [bgcolor=#CADEDD] [r=0 c=44 rs=1 cs=1]
              RenderInline {FONT} at (0,0) size 3x11
                RenderText {#text} at (0,0) size 3x11
                  text run at (0,0) width 3: " "
            RenderTableCell {TD} at (352,0) size 9x11 [bgcolor=#CADEDD] [r=0 c=45 rs=1 cs=1]
              RenderInline {FONT} at (0,0) size 3x11
                RenderText {#text} at (0,0) size 3x11
                  text run at (0,0) width 3: " "
            RenderTableCell {TD} at (360,0) size 9x11 [bgcolor=#CADEDD] [r=0 c=46 rs=1 cs=1]
              RenderInline {FONT} at (0,0) size 3x11
                RenderText {#text} at (0,0) size 3x11
                  text run at (0,0) width 3: " "
            RenderTableCell {TD} at (368,0) size 9x11 [bgcolor=#CADEDD] [r=0 c=47 rs=1 cs=1]
              RenderInline {FONT} at (0,0) size 3x11
                RenderText {#text} at (0,0) size 3x11
                  text run at (0,0) width 3: " "
            RenderTableCell {TD} at (376,0) size 9x11 [bgcolor=#CADEDD] [r=0 c=48 rs=1 cs=1]
              RenderInline {FONT} at (0,0) size 3x11
                RenderText {#text} at (0,0) size 3x11
                  text run at (0,0) width 3: " "
            RenderTableCell {TD} at (384,0) size 9x11 [bgcolor=#CADEDD] [r=0 c=49 rs=1 cs=1]
              RenderInline {FONT} at (0,0) size 3x11
                RenderText {#text} at (0,0) size 3x11
                  text run at (0,0) width 3: " "
            RenderTableCell {TD} at (392,0) size 9x11 [bgcolor=#CADEDD] [r=0 c=50 rs=1 cs=1]
              RenderInline {FONT} at (0,0) size 3x11
                RenderText {#text} at (0,0) size 3x11
                  text run at (0,0) width 3: " "
            RenderTableCell {TD} at (400,0) size 8x11 [bgcolor=#CADEDD] [r=0 c=51 rs=1 cs=1]
              RenderInline {FONT} at (0,0) size 3x11
                RenderText {#text} at (0,0) size 3x11
                  text run at (0,0) width 3: " "
            RenderTableCell {TD} at (407,0) size 9x11 [bgcolor=#EDEEEF] [r=0 c=52 rs=1 cs=1]
              RenderInline {FONT} at (0,0) size 3x11
                RenderText {#text} at (0,0) size 3x11
                  text run at (0,0) width 3: " "
            RenderTableCell {TD} at (415,0) size 9x11 [bgcolor=#FDFDFB] [r=0 c=53 rs=1 cs=1]
              RenderInline {FONT} at (0,0) size 3x11
                RenderText {#text} at (0,0) size 3x11
                  text run at (0,0) width 3: " "
            RenderTableCell {TD} at (423,0) size 9x11 [bgcolor=#FDFDFB] [r=0 c=54 rs=1 cs=1]
              RenderInline {FONT} at (0,0) size 3x11
                RenderText {#text} at (0,0) size 3x11
                  text run at (0,0) width 3: " "
            RenderTableCell {TD} at (431,0) size 9x11 [bgcolor=#E0EAE9] [r=0 c=55 rs=1 cs=1]
              RenderInline {FONT} at (0,0) size 3x11
                RenderText {#text} at (0,0) size 3x11
                  text run at (0,0) width 3: " "
            RenderTableCell {TD} at (439,0) size 9x11 [bgcolor=#CADEDD] [r=0 c=56 rs=1 cs=1]
              RenderInline {FONT} at (0,0) size 3x11
                RenderText {#text} at (0,0) size 3x11
                  text run at (0,0) width 3: " "
            RenderTableCell {TD} at (447,0) size 8x11 [bgcolor=#EDEEEF] [r=0 c=57 rs=1 cs=1]
              RenderInline {FONT} at (0,0) size 3x11
                RenderText {#text} at (0,0) size 3x11
                  text run at (0,0) width 3: " "
            RenderTableCell {TD} at (454,0) size 9x11 [bgcolor=#FDFDFB] [r=0 c=58 rs=1 cs=1]
              RenderInline {FONT} at (0,0) size 3x11
                RenderText {#text} at (0,0) size 3x11
                  text run at (0,0) width 3: " "
            RenderTableCell {TD} at (462,0) size 9x11 [bgcolor=#FDFDFB] [r=0 c=59 rs=1 cs=1]
              RenderInline {FONT} at (0,0) size 3x11
                RenderText {#text} at (0,0) size 3x11
                  text run at (0,0) width 3: " "
            RenderTableCell {TD} at (470,0) size 9x11 [bgcolor=#FDFDFB] [r=0 c=60 rs=1 cs=1]
              RenderInline {FONT} at (0,0) size 3x11
                RenderText {#text} at (0,0) size 3x11
                  text run at (0,0) width 3: " "
            RenderTableCell {TD} at (478,0) size 9x11 [bgcolor=#FDFDFB] [r=0 c=61 rs=1 cs=1]
              RenderInline {FONT} at (0,0) size 3x11
                RenderText {#text} at (0,0) size 3x11
                  text run at (0,0) width 3: " "
            RenderTableCell {TD} at (486,0) size 9x11 [bgcolor=#FDFDFB] [r=0 c=62 rs=1 cs=1]
              RenderInline {FONT} at (0,0) size 3x11
                RenderText {#text} at (0,0) size 3x11
                  text run at (0,0) width 3: " "
            RenderTableCell {TD} at (494,0) size 8x11 [bgcolor=#FDFDFB] [r=0 c=63 rs=1 cs=1]
              RenderInline {FONT} at (0,0) size 3x11
                RenderText {#text} at (0,0) size 3x11
                  text run at (0,0) width 3: " "
            RenderTableCell {TD} at (502,0) size 8x11 [bgcolor=#FDFDFB] [r=0 c=64 rs=1 cs=1]
              RenderInline {FONT} at (0,0) size 3x11
                RenderText {#text} at (0,0) size 3x11
                  text run at (0,0) width 3: " "
            RenderTableCell {TD} at (509,0) size 9x11 [bgcolor=#FDFDFB] [r=0 c=65 rs=1 cs=1]
              RenderInline {FONT} at (0,0) size 3x11
                RenderText {#text} at (0,0) size 3x11
                  text run at (0,0) width 3: " "
            RenderTableCell {TD} at (517,0) size 9x11 [bgcolor=#FDFDFB] [r=0 c=66 rs=1 cs=1]
              RenderInline {FONT} at (0,0) size 3x11
                RenderText {#text} at (0,0) size 3x11
                  text run at (0,0) width 3: " "
            RenderTableCell {TD} at (525,0) size 9x11 [bgcolor=#FDFDFB] [r=0 c=67 rs=1 cs=1]
              RenderInline {FONT} at (0,0) size 3x11
                RenderText {#text} at (0,0) size 3x11
                  text run at (0,0) width 3: " "
            RenderTableCell {TD} at (533,0) size 9x11 [bgcolor=#FDFDFB] [r=0 c=68 rs=1 cs=1]
              RenderInline {FONT} at (0,0) size 3x11
                RenderText {#text} at (0,0) size 3x11
                  text run at (0,0) width 3: " "
            RenderTableCell {TD} at (541,0) size 9x11 [bgcolor=#FDFDFB] [r=0 c=69 rs=1 cs=1]
              RenderInline {FONT} at (0,0) size 3x11
                RenderText {#text} at (0,0) size 3x11
                  text run at (0,0) width 3: " "
            RenderTableCell {TD} at (549,0) size 8x11 [bgcolor=#FDFDFB] [r=0 c=70 rs=1 cs=1]
              RenderInline {FONT} at (0,0) size 3x11
                RenderText {#text} at (0,0) size 3x11
                  text run at (0,0) width 3: " "
            RenderTableCell {TD} at (556,0) size 9x11 [bgcolor=#FDFDFB] [r=0 c=71 rs=1 cs=1]
              RenderInline {FONT} at (0,0) size 3x11
                RenderText {#text} at (0,0) size 3x11
                  text run at (0,0) width 3: " "
            RenderTableCell {TD} at (564,0) size 9x11 [bgcolor=#EDEEEF] [r=0 c=72 rs=1 cs=1]
              RenderInline {FONT} at (0,0) size 3x11
                RenderText {#text} at (0,0) size 3x11
                  text run at (0,0) width 3: " "
            RenderTableCell {TD} at (572,0) size 9x11 [bgcolor=#EDEEEF] [r=0 c=73 rs=1 cs=1]
              RenderInline {FONT} at (0,0) size 3x11
                RenderText {#text} at (0,0) size 3x11
                  text run at (0,0) width 3: " "
            RenderTableCell {TD} at (580,0) size 9x11 [bgcolor=#E0EAE9] [r=0 c=74 rs=1 cs=1]
              RenderInline {FONT} at (0,0) size 3x11
                RenderText {#text} at (0,0) size 3x11
                  text run at (0,0) width 3: " "
            RenderTableCell {TD} at (588,0) size 9x11 [bgcolor=#CADEDD] [r=0 c=75 rs=1 cs=1]
              RenderInline {FONT} at (0,0) size 3x11
                RenderText {#text} at (0,0) size 3x11
                  text run at (0,0) width 3: " "
            RenderTableCell {TD} at (596,0) size 8x11 [bgcolor=#CADEDD] [r=0 c=76 rs=1 cs=1]
              RenderInline {FONT} at (0,0) size 3x11
                RenderText {#text} at (0,0) size 3x11
                  text run at (0,0) width 3: " "
            RenderTableCell {TD} at (603,0) size 9x11 [bgcolor=#CADEDD] [r=0 c=77 rs=1 cs=1]
              RenderInline {FONT} at (0,0) size 3x11
                RenderText {#text} at (0,0) size 3x11
                  text run at (0,0) width 3: " "
            RenderTableCell {TD} at (611,0) size 9x11 [bgcolor=#CADEDD] [r=0 c=78 rs=1 cs=1]
              RenderInline {FONT} at (0,0) size 3x11
                RenderText {#text} at (0,0) size 3x11
                  text run at (0,0) width 3: " "
            RenderTableCell {TD} at (619,0) size 9x11 [bgcolor=#CADEDD] [r=0 c=79 rs=1 cs=1]
              RenderInline {FONT} at (0,0) size 3x11
                RenderText {#text} at (0,0) size 3x11
                  text run at (0,0) width 3: " "
            RenderTableCell {TD} at (627,0) size 9x11 [bgcolor=#CADEDD] [r=0 c=80 rs=1 cs=1]
              RenderInline {FONT} at (0,0) size 3x11
                RenderText {#text} at (0,0) size 3x11
                  text run at (0,0) width 3: " "
            RenderTableCell {TD} at (635,0) size 9x11 [bgcolor=#CADEDD] [r=0 c=81 rs=1 cs=1]
              RenderInline {FONT} at (0,0) size 3x11
                RenderText {#text} at (0,0) size 3x11
                  text run at (0,0) width 3: " "
            RenderTableCell {TD} at (643,0) size 9x11 [bgcolor=#CADEDD] [r=0 c=82 rs=1 cs=1]
              RenderInline {FONT} at (0,0) size 3x11
                RenderText {#text} at (0,0) size 3x11
                  text run at (0,0) width 3: " "
            RenderTableCell {TD} at (651,0) size 8x11 [bgcolor=#CADEDD] [r=0 c=83 rs=1 cs=1]
              RenderInline {FONT} at (0,0) size 3x11
                RenderText {#text} at (0,0) size 3x11
                  text run at (0,0) width 3: " "
            RenderTableCell {TD} at (658,0) size 9x11 [bgcolor=#CADEDD] [r=0 c=84 rs=1 cs=1]
              RenderInline {FONT} at (0,0) size 3x11
                RenderText {#text} at (0,0) size 3x11
                  text run at (0,0) width 3: " "
            RenderTableCell {TD} at (666,0) size 9x11 [bgcolor=#CADEDD] [r=0 c=85 rs=1 cs=1]
              RenderInline {FONT} at (0,0) size 3x11
                RenderText {#text} at (0,0) size 3x11
                  text run at (0,0) width 3: " "
            RenderTableCell {TD} at (674,0) size 9x11 [bgcolor=#CADEDD] [r=0 c=86 rs=1 cs=1]
              RenderInline {FONT} at (0,0) size 3x11
                RenderText {#text} at (0,0) size 3x11
                  text run at (0,0) width 3: " "
            RenderTableCell {TD} at (682,0) size 9x11 [bgcolor=#CADEDD] [r=0 c=87 rs=1 cs=1]
              RenderInline {FONT} at (0,0) size 3x11
                RenderText {#text} at (0,0) size 3x11
                  text run at (0,0) width 3: " "
            RenderTableCell {TD} at (690,0) size 9x11 [bgcolor=#CADEDD] [r=0 c=88 rs=1 cs=1]
              RenderInline {FONT} at (0,0) size 3x11
                RenderText {#text} at (0,0) size 3x11
                  text run at (0,0) width 3: " "
            RenderTableCell {TD} at (698,0) size 8x11 [bgcolor=#CADEDD] [r=0 c=89 rs=1 cs=1]
              RenderInline {FONT} at (0,0) size 3x11
                RenderText {#text} at (0,0) size 3x11
                  text run at (0,0) width 3: " "
            RenderTableCell {TD} at (705,0) size 9x11 [bgcolor=#CADEDD] [r=0 c=90 rs=1 cs=1]
              RenderInline {FONT} at (0,0) size 3x11
                RenderText {#text} at (0,0) size 3x11
                  text run at (0,0) width 3: " "
            RenderTableCell {TD} at (713,0) size 9x11 [bgcolor=#CADEDD] [r=0 c=91 rs=1 cs=1]
              RenderInline {FONT} at (0,0) size 3x11
                RenderText {#text} at (0,0) size 3x11
                  text run at (0,0) width 3: " "
            RenderTableCell {TD} at (721,0) size 9x11 [bgcolor=#CADEDD] [r=0 c=92 rs=1 cs=1]
              RenderInline {FONT} at (0,0) size 3x11
                RenderText {#text} at (0,0) size 3x11
                  text run at (0,0) width 3: " "
            RenderTableCell {TD} at (729,0) size 9x11 [bgcolor=#CADEDD] [r=0 c=93 rs=1 cs=1]
              RenderInline {FONT} at (0,0) size 3x11
                RenderText {#text} at (0,0) size 3x11
                  text run at (0,0) width 3: " "
            RenderTableCell {TD} at (737,0) size 9x11 [bgcolor=#E0EAE9] [r=0 c=94 rs=1 cs=1]
              RenderInline {FONT} at (0,0) size 3x11
                RenderText {#text} at (0,0) size 3x11
                  text run at (0,0) width 3: " "
            RenderTableCell {TD} at (745,0) size 8x11 [bgcolor=#FDFDFB] [r=0 c=95 rs=1 cs=1]
              RenderInline {FONT} at (0,0) size 3x11
                RenderText {#text} at (0,0) size 3x11
                  text run at (0,0) width 3: " "
            RenderTableCell {TD} at (753,0) size 8x11 [bgcolor=#FDFDFB] [r=0 c=96 rs=1 cs=1]
              RenderInline {FONT} at (0,0) size 3x11
                RenderText {#text} at (0,0) size 3x11
                  text run at (0,0) width 3: " "
            RenderTableCell {TD} at (760,0) size 9x11 [bgcolor=#FDFDFB] [r=0 c=97 rs=1 cs=1]
              RenderInline {FONT} at (0,0) size 3x11
                RenderText {#text} at (0,0) size 3x11
                  text run at (0,0) width 3: " "
            RenderTableCell {TD} at (768,0) size 9x11 [bgcolor=#FDFDFB] [r=0 c=98 rs=1 cs=1]
              RenderInline {FONT} at (0,0) size 3x11
                RenderText {#text} at (0,0) size 3x11
                  text run at (0,0) width 3: " "
            RenderTableCell {TD} at (776,0) size 9x11 [bgcolor=#FDFDFB] [r=0 c=99 rs=1 cs=1]
              RenderInline {FONT} at (0,0) size 3x11
                RenderText {#text} at (0,0) size 3x11
                  text run at (0,0) width 3: " "
          RenderTableRow {TR} at (0,11) size 784x11
            RenderTableCell {TD} at (0,11) size 8x11 [bgcolor=#FDFDFB] [r=1 c=0 rs=1 cs=1]
              RenderInline {FONT} at (0,0) size 3x11
                RenderText {#text} at (0,0) size 3x11
                  text run at (0,0) width 3: " "
            RenderTableCell {TD} at (7,11) size 9x11 [bgcolor=#FDFDFB] [r=1 c=1 rs=1 cs=1]
              RenderInline {FONT} at (0,0) size 3x11
                RenderText {#text} at (0,0) size 3x11
                  text run at (0,0) width 3: " "
            RenderTableCell {TD} at (15,11) size 9x11 [bgcolor=#FDFDFB] [r=1 c=2 rs=1 cs=1]
              RenderInline {FONT} at (0,0) size 3x11
                RenderText {#text} at (0,0) size 3x11
                  text run at (0,0) width 3: " "
            RenderTableCell {TD} at (23,11) size 9x11 [bgcolor=#FDFDFB] [r=1 c=3 rs=1 cs=1]
              RenderInline {FONT} at (0,0) size 3x11
                RenderText {#text} at (0,0) size 3x11
                  text run at (0,0) width 3: " "
            RenderTableCell {TD} at (31,11) size 9x11 [bgcolor=#FDFDFB] [r=1 c=4 rs=1 cs=1]
              RenderInline {FONT} at (0,0) size 3x11
                RenderText {#text} at (0,0) size 3x11
                  text run at (0,0) width 3: " "
            RenderTableCell {TD} at (39,11) size 9x11 [bgcolor=#FDFDFB] [r=1 c=5 rs=1 cs=1]
              RenderInline {FONT} at (0,0) size 3x11
                RenderText {#text} at (0,0) size 3x11
                  text run at (0,0) width 3: " "
            RenderTableCell {TD} at (47,11) size 8x11 [bgcolor=#FDFDFB] [r=1 c=6 rs=1 cs=1]
              RenderInline {FONT} at (0,0) size 3x11
                RenderText {#text} at (0,0) size 3x11
                  text run at (0,0) width 3: " "
            RenderTableCell {TD} at (54,11) size 9x11 [bgcolor=#EDEEEF] [r=1 c=7 rs=1 cs=1]
              RenderInline {FONT} at (0,0) size 3x11
                RenderText {#text} at (0,0) size 3x11
                  text run at (0,0) width 3: " "
            RenderTableCell {TD} at (62,11) size 9x11 [bgcolor=#B6D8D7] [r=1 c=8 rs=1 cs=1]
              RenderInline {FONT} at (0,0) size 3x11
                RenderText {#text} at (0,0) size 3x11
                  text run at (0,0) width 3: " "
            RenderTableCell {TD} at (70,11) size 9x11 [bgcolor=#44A3A2] [r=1 c=9 rs=1 cs=1]
              RenderInline {FONT} at (0,0) size 3x11
                RenderText {#text} at (0,0) size 3x11
                  text run at (0,0) width 3: " "
            RenderTableCell {TD} at (78,11) size 9x11 [bgcolor=#158E8C] [r=1 c=10 rs=1 cs=1]
              RenderInline {FONT} at (0,0) size 3x11
                RenderText {#text} at (0,0) size 3x11
                  text run at (0,0) width 3: " "
            RenderTableCell {TD} at (86,11) size 9x11 [bgcolor=#048485] [r=1 c=11 rs=1 cs=1]
              RenderInline {FONT} at (0,0) size 3x11
                RenderText {#text} at (0,0) size 3x11
                  text run at (0,0) width 3: " "
            RenderTableCell {TD} at (94,11) size 8x11 [bgcolor=#048485] [r=1 c=12 rs=1 cs=1]
              RenderInline {FONT} at (0,0) size 3x11
                RenderText {#text} at (0,0) size 3x11
                  text run at (0,0) width 3: " "
            RenderTableCell {TD} at (101,11) size 9x11 [bgcolor=#027777] [r=1 c=13 rs=1 cs=1]
              RenderInline {FONT} at (0,0) size 3x11
                RenderText {#text} at (0,0) size 3x11
                  text run at (0,0) width 3: " "
            RenderTableCell {TD} at (109,11) size 9x11 [bgcolor=#026766] [r=1 c=14 rs=1 cs=1]
              RenderInline {FONT} at (0,0) size 3x11
                RenderText {#text} at (0,0) size 3x11
                  text run at (0,0) width 3: " "
            RenderTableCell {TD} at (117,11) size 9x11 [bgcolor=#026766] [r=1 c=15 rs=1 cs=1]
              RenderInline {FONT} at (0,0) size 3x11
                RenderText {#text} at (0,0) size 3x11
                  text run at (0,0) width 3: " "
            RenderTableCell {TD} at (125,11) size 9x11 [bgcolor=#026766] [r=1 c=16 rs=1 cs=1]
              RenderInline {FONT} at (0,0) size 3x11
                RenderText {#text} at (0,0) size 3x11
                  text run at (0,0) width 3: " "
            RenderTableCell {TD} at (133,11) size 9x11 [bgcolor=#026766] [r=1 c=17 rs=1 cs=1]
              RenderInline {FONT} at (0,0) size 3x11
                RenderText {#text} at (0,0) size 3x11
                  text run at (0,0) width 3: " "
            RenderTableCell {TD} at (141,11) size 9x11 [bgcolor=#027777] [r=1 c=18 rs=1 cs=1]
              RenderInline {FONT} at (0,0) size 3x11
                RenderText {#text} at (0,0) size 3x11
                  text run at (0,0) width 3: " "
            RenderTableCell {TD} at (149,11) size 8x11 [bgcolor=#027777] [r=1 c=19 rs=1 cs=1]
              RenderInline {FONT} at (0,0) size 3x11
                RenderText {#text} at (0,0) size 3x11
                  text run at (0,0) width 3: " "
            RenderTableCell {TD} at (156,11) size 9x11 [bgcolor=#027777] [r=1 c=20 rs=1 cs=1]
              RenderInline {FONT} at (0,0) size 3x11
                RenderText {#text} at (0,0) size 3x11
                  text run at (0,0) width 3: " "
            RenderTableCell {TD} at (164,11) size 9x11 [bgcolor=#027777] [r=1 c=21 rs=1 cs=1]
              RenderInline {FONT} at (0,0) size 3x11
                RenderText {#text} at (0,0) size 3x11
                  text run at (0,0) width 3: " "
            RenderTableCell {TD} at (172,11) size 9x11 [bgcolor=#026766] [r=1 c=22 rs=1 cs=1]
              RenderInline {FONT} at (0,0) size 3x11
                RenderText {#text} at (0,0) size 3x11
                  text run at (0,0) width 3: " "
            RenderTableCell {TD} at (180,11) size 9x11 [bgcolor=#1E7A79] [r=1 c=23 rs=1 cs=1]
              RenderInline {FONT} at (0,0) size 3x11
                RenderText {#text} at (0,0) size 3x11
                  text run at (0,0) width 3: " "
            RenderTableCell {TD} at (188,11) size 9x11 [bgcolor=#589594] [r=1 c=24 rs=1 cs=1]
              RenderInline {FONT} at (0,0) size 3x11
                RenderText {#text} at (0,0) size 3x11
                  text run at (0,0) width 3: " "
            RenderTableCell {TD} at (196,11) size 8x11 [bgcolor=#BEC2C2] [r=1 c=25 rs=1 cs=1]
              RenderInline {FONT} at (0,0) size 3x11
                RenderText {#text} at (0,0) size 3x11
                  text run at (0,0) width 3: " "
            RenderTableCell {TD} at (203,11) size 9x11 [bgcolor=#E0EAE9] [r=1 c=26 rs=1 cs=1]
              RenderInline {FONT} at (0,0) size 3x11
                RenderText {#text} at (0,0) size 3x11
                  text run at (0,0) width 3: " "
            RenderTableCell {TD} at (211,11) size 9x11 [bgcolor=#FDFDFB] [r=1 c=27 rs=1 cs=1]
              RenderInline {FONT} at (0,0) size 3x11
                RenderText {#text} at (0,0) size 3x11
                  text run at (0,0) width 3: " "
            RenderTableCell {TD} at (219,11) size 9x11 [bgcolor=#FDFDFB] [r=1 c=28 rs=1 cs=1]
              RenderInline {FONT} at (0,0) size 3x11
                RenderText {#text} at (0,0) size 3x11
                  text run at (0,0) width 3: " "
            RenderTableCell {TD} at (227,11) size 9x11 [bgcolor=#FDFDFB] [r=1 c=29 rs=1 cs=1]
              RenderInline {FONT} at (0,0) size 3x11
                RenderText {#text} at (0,0) size 3x11
                  text run at (0,0) width 3: " "
            RenderTableCell {TD} at (235,11) size 9x11 [bgcolor=#FDFDFB] [r=1 c=30 rs=1 cs=1]
              RenderInline {FONT} at (0,0) size 3x11
                RenderText {#text} at (0,0) size 3x11
                  text run at (0,0) width 3: " "
            RenderTableCell {TD} at (243,11) size 8x11 [bgcolor=#FDFDFB] [r=1 c=31 rs=1 cs=1]
              RenderInline {FONT} at (0,0) size 3x11
                RenderText {#text} at (0,0) size 3x11
                  text run at (0,0) width 3: " "
            RenderTableCell {TD} at (251,11) size 8x11 [bgcolor=#FDFDFB] [r=1 c=32 rs=1 cs=1]
              RenderInline {FONT} at (0,0) size 3x11
                RenderText {#text} at (0,0) size 3x11
                  text run at (0,0) width 3: " "
            RenderTableCell {TD} at (258,11) size 9x11 [bgcolor=#FDFDFB] [r=1 c=33 rs=1 cs=1]
              RenderInline {FONT} at (0,0) size 3x11
                RenderText {#text} at (0,0) size 3x11
                  text run at (0,0) width 3: " "
            RenderTableCell {TD} at (266,11) size 9x11 [bgcolor=#FDFDFB] [r=1 c=34 rs=1 cs=1]
              RenderInline {FONT} at (0,0) size 3x11
                RenderText {#text} at (0,0) size 3x11
                  text run at (0,0) width 3: " "
            RenderTableCell {TD} at (274,11) size 9x11 [bgcolor=#EDEEEF] [r=1 c=35 rs=1 cs=1]
              RenderInline {FONT} at (0,0) size 3x11
                RenderText {#text} at (0,0) size 3x11
                  text run at (0,0) width 3: " "
            RenderTableCell {TD} at (282,11) size 9x11 [bgcolor=#249393] [r=1 c=36 rs=1 cs=1]
              RenderInline {FONT} at (0,0) size 3x11
                RenderText {#text} at (0,0) size 3x11
                  text run at (0,0) width 3: " "
            RenderTableCell {TD} at (290,11) size 9x11 [bgcolor=#249393] [r=1 c=37 rs=1 cs=1]
              RenderInline {FONT} at (0,0) size 3x11
                RenderText {#text} at (0,0) size 3x11
                  text run at (0,0) width 3: " "
            RenderTableCell {TD} at (298,11) size 8x11 [bgcolor=#1B8685] [r=1 c=38 rs=1 cs=1]
              RenderInline {FONT} at (0,0) size 3x11
                RenderText {#text} at (0,0) size 3x11
                  text run at (0,0) width 3: " "
            RenderTableCell {TD} at (305,11) size 9x11 [bgcolor=#1B8685] [r=1 c=39 rs=1 cs=1]
              RenderInline {FONT} at (0,0) size 3x11
                RenderText {#text} at (0,0) size 3x11
                  text run at (0,0) width 3: " "
            RenderTableCell {TD} at (313,11) size 9x11 [bgcolor=#1B8685] [r=1 c=40 rs=1 cs=1]
              RenderInline {FONT} at (0,0) size 3x11
                RenderText {#text} at (0,0) size 3x11
                  text run at (0,0) width 3: " "
            RenderTableCell {TD} at (321,11) size 9x11 [bgcolor=#1B8685] [r=1 c=41 rs=1 cs=1]
              RenderInline {FONT} at (0,0) size 3x11
                RenderText {#text} at (0,0) size 3x11
                  text run at (0,0) width 3: " "
            RenderTableCell {TD} at (329,11) size 9x11 [bgcolor=#1B8685] [r=1 c=42 rs=1 cs=1]
              RenderInline {FONT} at (0,0) size 3x11
                RenderText {#text} at (0,0) size 3x11
                  text run at (0,0) width 3: " "
            RenderTableCell {TD} at (337,11) size 9x11 [bgcolor=#1B8685] [r=1 c=43 rs=1 cs=1]
              RenderInline {FONT} at (0,0) size 3x11
                RenderText {#text} at (0,0) size 3x11
                  text run at (0,0) width 3: " "
            RenderTableCell {TD} at (345,11) size 8x11 [bgcolor=#1B8685] [r=1 c=44 rs=1 cs=1]
              RenderInline {FONT} at (0,0) size 3x11
                RenderText {#text} at (0,0) size 3x11
                  text run at (0,0) width 3: " "
            RenderTableCell {TD} at (352,11) size 9x11 [bgcolor=#1B8685] [r=1 c=45 rs=1 cs=1]
              RenderInline {FONT} at (0,0) size 3x11
                RenderText {#text} at (0,0) size 3x11
                  text run at (0,0) width 3: " "
            RenderTableCell {TD} at (360,11) size 9x11 [bgcolor=#1B8685] [r=1 c=46 rs=1 cs=1]
              RenderInline {FONT} at (0,0) size 3x11
                RenderText {#text} at (0,0) size 3x11
                  text run at (0,0) width 3: " "
            RenderTableCell {TD} at (368,11) size 9x11 [bgcolor=#1B8685] [r=1 c=47 rs=1 cs=1]
              RenderInline {FONT} at (0,0) size 3x11
                RenderText {#text} at (0,0) size 3x11
                  text run at (0,0) width 3: " "
            RenderTableCell {TD} at (376,11) size 9x11 [bgcolor=#1B8685] [r=1 c=48 rs=1 cs=1]
              RenderInline {FONT} at (0,0) size 3x11
                RenderText {#text} at (0,0) size 3x11
                  text run at (0,0) width 3: " "
            RenderTableCell {TD} at (384,11) size 9x11 [bgcolor=#1B8685] [r=1 c=49 rs=1 cs=1]
              RenderInline {FONT} at (0,0) size 3x11
                RenderText {#text} at (0,0) size 3x11
                  text run at (0,0) width 3: " "
            RenderTableCell {TD} at (392,11) size 9x11 [bgcolor=#1B8685] [r=1 c=50 rs=1 cs=1]
              RenderInline {FONT} at (0,0) size 3x11
                RenderText {#text} at (0,0) size 3x11
                  text run at (0,0) width 3: " "
            RenderTableCell {TD} at (400,11) size 8x11 [bgcolor=#1E7A79] [r=1 c=51 rs=1 cs=1]
              RenderInline {FONT} at (0,0) size 3x11
                RenderText {#text} at (0,0) size 3x11
                  text run at (0,0) width 3: " "
            RenderTableCell {TD} at (407,11) size 9x11 [bgcolor=#BEC2C2] [r=1 c=52 rs=1 cs=1]
              RenderInline {FONT} at (0,0) size 3x11
                RenderText {#text} at (0,0) size 3x11
                  text run at (0,0) width 3: " "
            RenderTableCell {TD} at (415,11) size 9x11 [bgcolor=#B6D0D1] [r=1 c=53 rs=1 cs=1]
              RenderInline {FONT} at (0,0) size 3x11
                RenderText {#text} at (0,0) size 3x11
                  text run at (0,0) width 3: " "
            RenderTableCell {TD} at (423,11) size 9x11 [bgcolor=#44A3A2] [r=1 c=54 rs=1 cs=1]
              RenderInline {FONT} at (0,0) size 3x11
                RenderText {#text} at (0,0) size 3x11
                  text run at (0,0) width 3: " "
            RenderTableCell {TD} at (431,11) size 9x11 [bgcolor=#1B8685] [r=1 c=55 rs=1 cs=1]
              RenderInline {FONT} at (0,0) size 3x11
                RenderText {#text} at (0,0) size 3x11
                  text run at (0,0) width 3: " "
            RenderTableCell {TD} at (439,11) size 9x11 [bgcolor=#1A6B6A] [r=1 c=56 rs=1 cs=1]
              RenderInline {FONT} at (0,0) size 3x11
                RenderText {#text} at (0,0) size 3x11
                  text run at (0,0) width 3: " "
            RenderTableCell {TD} at (447,11) size 8x11 [bgcolor=#BEC2C2] [r=1 c=57 rs=1 cs=1]
              RenderInline {FONT} at (0,0) size 3x11
                RenderText {#text} at (0,0) size 3x11
                  text run at (0,0) width 3: " "
            RenderTableCell {TD} at (454,11) size 9x11 [bgcolor=#EDEEEF] [r=1 c=58 rs=1 cs=1]
              RenderInline {FONT} at (0,0) size 3x11
                RenderText {#text} at (0,0) size 3x11
                  text run at (0,0) width 3: " "
            RenderTableCell {TD} at (462,11) size 9x11 [bgcolor=#FDFDFB] [r=1 c=59 rs=1 cs=1]
              RenderInline {FONT} at (0,0) size 3x11
                RenderText {#text} at (0,0) size 3x11
                  text run at (0,0) width 3: " "
            RenderTableCell {TD} at (470,11) size 9x11 [bgcolor=#FDFDFB] [r=1 c=60 rs=1 cs=1]
              RenderInline {FONT} at (0,0) size 3x11
                RenderText {#text} at (0,0) size 3x11
                  text run at (0,0) width 3: " "
            RenderTableCell {TD} at (478,11) size 9x11 [bgcolor=#FDFDFB] [r=1 c=61 rs=1 cs=1]
              RenderInline {FONT} at (0,0) size 3x11
                RenderText {#text} at (0,0) size 3x11
                  text run at (0,0) width 3: " "
            RenderTableCell {TD} at (486,11) size 9x11 [bgcolor=#FDFDFB] [r=1 c=62 rs=1 cs=1]
              RenderInline {FONT} at (0,0) size 3x11
                RenderText {#text} at (0,0) size 3x11
                  text run at (0,0) width 3: " "
            RenderTableCell {TD} at (494,11) size 8x11 [bgcolor=#FDFDFB] [r=1 c=63 rs=1 cs=1]
              RenderInline {FONT} at (0,0) size 3x11
                RenderText {#text} at (0,0) size 3x11
                  text run at (0,0) width 3: " "
            RenderTableCell {TD} at (502,11) size 8x11 [bgcolor=#FDFDFB] [r=1 c=64 rs=1 cs=1]
              RenderInline {FONT} at (0,0) size 3x11
                RenderText {#text} at (0,0) size 3x11
                  text run at (0,0) width 3: " "
            RenderTableCell {TD} at (509,11) size 9x11 [bgcolor=#FDFDFB] [r=1 c=65 rs=1 cs=1]
              RenderInline {FONT} at (0,0) size 3x11
                RenderText {#text} at (0,0) size 3x11
                  text run at (0,0) width 3: " "
            RenderTableCell {TD} at (517,11) size 9x11 [bgcolor=#FDFDFB] [r=1 c=66 rs=1 cs=1]
              RenderInline {FONT} at (0,0) size 3x11
                RenderText {#text} at (0,0) size 3x11
                  text run at (0,0) width 3: " "
            RenderTableCell {TD} at (525,11) size 9x11 [bgcolor=#EDEEEF] [r=1 c=67 rs=1 cs=1]
              RenderInline {FONT} at (0,0) size 3x11
                RenderText {#text} at (0,0) size 3x11
                  text run at (0,0) width 3: " "
            RenderTableCell {TD} at (533,11) size 9x11 [bgcolor=#E0EAE9] [r=1 c=68 rs=1 cs=1]
              RenderInline {FONT} at (0,0) size 3x11
                RenderText {#text} at (0,0) size 3x11
                  text run at (0,0) width 3: " "
            RenderTableCell {TD} at (541,11) size 9x11 [bgcolor=#B6D8D7] [r=1 c=69 rs=1 cs=1]
              RenderInline {FONT} at (0,0) size 3x11
                RenderText {#text} at (0,0) size 3x11
                  text run at (0,0) width 3: " "
            RenderTableCell {TD} at (549,11) size 8x11 [bgcolor=#7DBAB9] [r=1 c=70 rs=1 cs=1]
              RenderInline {FONT} at (0,0) size 3x11
                RenderText {#text} at (0,0) size 3x11
                  text run at (0,0) width 3: " "
            RenderTableCell {TD} at (556,11) size 9x11 [bgcolor=#349392] [r=1 c=71 rs=1 cs=1]
              RenderInline {FONT} at (0,0) size 3x11
                RenderText {#text} at (0,0) size 3x11
                  text run at (0,0) width 3: " "
            RenderTableCell {TD} at (564,11) size 9x11 [bgcolor=#349392] [r=1 c=72 rs=1 cs=1]
              RenderInline {FONT} at (0,0) size 3x11
                RenderText {#text} at (0,0) size 3x11
                  text run at (0,0) width 3: " "
            RenderTableCell {TD} at (572,11) size 9x11 [bgcolor=#349392] [r=1 c=73 rs=1 cs=1]
              RenderInline {FONT} at (0,0) size 3x11
                RenderText {#text} at (0,0) size 3x11
                  text run at (0,0) width 3: " "
            RenderTableCell {TD} at (580,11) size 9x11 [bgcolor=#249393] [r=1 c=74 rs=1 cs=1]
              RenderInline {FONT} at (0,0) size 3x11
                RenderText {#text} at (0,0) size 3x11
                  text run at (0,0) width 3: " "
            RenderTableCell {TD} at (588,11) size 9x11 [bgcolor=#1B8685] [r=1 c=75 rs=1 cs=1]
              RenderInline {FONT} at (0,0) size 3x11
                RenderText {#text} at (0,0) size 3x11
                  text run at (0,0) width 3: " "
            RenderTableCell {TD} at (596,11) size 8x11 [bgcolor=#1B8685] [r=1 c=76 rs=1 cs=1]
              RenderInline {FONT} at (0,0) size 3x11
                RenderText {#text} at (0,0) size 3x11
                  text run at (0,0) width 3: " "
            RenderTableCell {TD} at (603,11) size 9x11 [bgcolor=#1B8685] [r=1 c=77 rs=1 cs=1]
              RenderInline {FONT} at (0,0) size 3x11
                RenderText {#text} at (0,0) size 3x11
                  text run at (0,0) width 3: " "
            RenderTableCell {TD} at (611,11) size 9x11 [bgcolor=#1B8685] [r=1 c=78 rs=1 cs=1]
              RenderInline {FONT} at (0,0) size 3x11
                RenderText {#text} at (0,0) size 3x11
                  text run at (0,0) width 3: " "
            RenderTableCell {TD} at (619,11) size 9x11 [bgcolor=#1B8685] [r=1 c=79 rs=1 cs=1]
              RenderInline {FONT} at (0,0) size 3x11
                RenderText {#text} at (0,0) size 3x11
                  text run at (0,0) width 3: " "
            RenderTableCell {TD} at (627,11) size 9x11 [bgcolor=#1B8685] [r=1 c=80 rs=1 cs=1]
              RenderInline {FONT} at (0,0) size 3x11
                RenderText {#text} at (0,0) size 3x11
                  text run at (0,0) width 3: " "
            RenderTableCell {TD} at (635,11) size 9x11 [bgcolor=#1B8685] [r=1 c=81 rs=1 cs=1]
              RenderInline {FONT} at (0,0) size 3x11
                RenderText {#text} at (0,0) size 3x11
                  text run at (0,0) width 3: " "
            RenderTableCell {TD} at (643,11) size 9x11 [bgcolor=#1B8685] [r=1 c=82 rs=1 cs=1]
              RenderInline {FONT} at (0,0) size 3x11
                RenderText {#text} at (0,0) size 3x11
                  text run at (0,0) width 3: " "
            RenderTableCell {TD} at (651,11) size 8x11 [bgcolor=#1B8685] [r=1 c=83 rs=1 cs=1]
              RenderInline {FONT} at (0,0) size 3x11
                RenderText {#text} at (0,0) size 3x11
                  text run at (0,0) width 3: " "
            RenderTableCell {TD} at (658,11) size 9x11 [bgcolor=#1B8685] [r=1 c=84 rs=1 cs=1]
              RenderInline {FONT} at (0,0) size 3x11
                RenderText {#text} at (0,0) size 3x11
                  text run at (0,0) width 3: " "
            RenderTableCell {TD} at (666,11) size 9x11 [bgcolor=#1B8685] [r=1 c=85 rs=1 cs=1]
              RenderInline {FONT} at (0,0) size 3x11
                RenderText {#text} at (0,0) size 3x11
                  text run at (0,0) width 3: " "
            RenderTableCell {TD} at (674,11) size 9x11 [bgcolor=#1B8685] [r=1 c=86 rs=1 cs=1]
              RenderInline {FONT} at (0,0) size 3x11
                RenderText {#text} at (0,0) size 3x11
                  text run at (0,0) width 3: " "
            RenderTableCell {TD} at (682,11) size 9x11 [bgcolor=#1B8685] [r=1 c=87 rs=1 cs=1]
              RenderInline {FONT} at (0,0) size 3x11
                RenderText {#text} at (0,0) size 3x11
                  text run at (0,0) width 3: " "
            RenderTableCell {TD} at (690,11) size 9x11 [bgcolor=#1B8685] [r=1 c=88 rs=1 cs=1]
              RenderInline {FONT} at (0,0) size 3x11
                RenderText {#text} at (0,0) size 3x11
                  text run at (0,0) width 3: " "
            RenderTableCell {TD} at (698,11) size 8x11 [bgcolor=#1B8685] [r=1 c=89 rs=1 cs=1]
              RenderInline {FONT} at (0,0) size 3x11
                RenderText {#text} at (0,0) size 3x11
                  text run at (0,0) width 3: " "
            RenderTableCell {TD} at (705,11) size 9x11 [bgcolor=#1B8685] [r=1 c=90 rs=1 cs=1]
              RenderInline {FONT} at (0,0) size 3x11
                RenderText {#text} at (0,0) size 3x11
                  text run at (0,0) width 3: " "
            RenderTableCell {TD} at (713,11) size 9x11 [bgcolor=#1B8685] [r=1 c=91 rs=1 cs=1]
              RenderInline {FONT} at (0,0) size 3x11
                RenderText {#text} at (0,0) size 3x11
                  text run at (0,0) width 3: " "
            RenderTableCell {TD} at (721,11) size 9x11 [bgcolor=#1E7A79] [r=1 c=92 rs=1 cs=1]
              RenderInline {FONT} at (0,0) size 3x11
                RenderText {#text} at (0,0) size 3x11
                  text run at (0,0) width 3: " "
            RenderTableCell {TD} at (729,11) size 9x11 [bgcolor=#1A6B6A] [r=1 c=93 rs=1 cs=1]
              RenderInline {FONT} at (0,0) size 3x11
                RenderText {#text} at (0,0) size 3x11
                  text run at (0,0) width 3: " "
            RenderTableCell {TD} at (737,11) size 9x11 [bgcolor=#91A3A3] [r=1 c=94 rs=1 cs=1]
              RenderInline {FONT} at (0,0) size 3x11
                RenderText {#text} at (0,0) size 3x11
                  text run at (0,0) width 3: " "
            RenderTableCell {TD} at (745,11) size 8x11 [bgcolor=#E0EAE9] [r=1 c=95 rs=1 cs=1]
              RenderInline {FONT} at (0,0) size 3x11
                RenderText {#text} at (0,0) size 3x11
                  text run at (0,0) width 3: " "
            RenderTableCell {TD} at (753,11) size 8x11 [bgcolor=#EDEEEF] [r=1 c=96 rs=1 cs=1]
              RenderInline {FONT} at (0,0) size 3x11
                RenderText {#text} at (0,0) size 3x11
                  text run at (0,0) width 3: " "
            RenderTableCell {TD} at (760,11) size 9x11 [bgcolor=#FDFDFB] [r=1 c=97 rs=1 cs=1]
              RenderInline {FONT} at (0,0) size 3x11
                RenderText {#text} at (0,0) size 3x11
                  text run at (0,0) width 3: " "
            RenderTableCell {TD} at (768,11) size 9x11 [bgcolor=#FDFDFB] [r=1 c=98 rs=1 cs=1]
              RenderInline {FONT} at (0,0) size 3x11
                RenderText {#text} at (0,0) size 3x11
                  text run at (0,0) width 3: " "
            RenderTableCell {TD} at (776,11) size 9x11 [bgcolor=#FDFDFB] [r=1 c=99 rs=1 cs=1]
              RenderInline {FONT} at (0,0) size 3x11
                RenderText {#text} at (0,0) size 3x11
                  text run at (0,0) width 3: " "
          RenderTableRow {TR} at (0,22) size 784x11
            RenderTableCell {TD} at (0,22) size 8x11 [bgcolor=#FDFDFB] [r=2 c=0 rs=1 cs=1]
              RenderInline {FONT} at (0,0) size 3x11
                RenderText {#text} at (0,0) size 3x11
                  text run at (0,0) width 3: " "
            RenderTableCell {TD} at (7,22) size 9x11 [bgcolor=#FDFDFB] [r=2 c=1 rs=1 cs=1]
              RenderInline {FONT} at (0,0) size 3x11
                RenderText {#text} at (0,0) size 3x11
                  text run at (0,0) width 3: " "
            RenderTableCell {TD} at (15,22) size 9x11 [bgcolor=#FDFDFB] [r=2 c=2 rs=1 cs=1]
              RenderInline {FONT} at (0,0) size 3x11
                RenderText {#text} at (0,0) size 3x11
                  text run at (0,0) width 3: " "
            RenderTableCell {TD} at (23,22) size 9x11 [bgcolor=#FDFDFB] [r=2 c=3 rs=1 cs=1]
              RenderInline {FONT} at (0,0) size 3x11
                RenderText {#text} at (0,0) size 3x11
                  text run at (0,0) width 3: " "
            RenderTableCell {TD} at (31,22) size 9x11 [bgcolor=#FDFDFB] [r=2 c=4 rs=1 cs=1]
              RenderInline {FONT} at (0,0) size 3x11
                RenderText {#text} at (0,0) size 3x11
                  text run at (0,0) width 3: " "
            RenderTableCell {TD} at (39,22) size 9x11 [bgcolor=#FDFDFB] [r=2 c=5 rs=1 cs=1]
              RenderInline {FONT} at (0,0) size 3x11
                RenderText {#text} at (0,0) size 3x11
                  text run at (0,0) width 3: " "
            RenderTableCell {TD} at (47,22) size 8x11 [bgcolor=#CADEDD] [r=2 c=6 rs=1 cs=1]
              RenderInline {FONT} at (0,0) size 3x11
                RenderText {#text} at (0,0) size 3x11
                  text run at (0,0) width 3: " "
            RenderTableCell {TD} at (54,22) size 9x11 [bgcolor=#44A3A2] [r=2 c=7 rs=1 cs=1]
              RenderInline {FONT} at (0,0) size 3x11
                RenderText {#text} at (0,0) size 3x11
                  text run at (0,0) width 3: " "
            RenderTableCell {TD} at (62,22) size 9x11 [bgcolor=#048485] [r=2 c=8 rs=1 cs=1]
              RenderInline {FONT} at (0,0) size 3x11
                RenderText {#text} at (0,0) size 3x11
                  text run at (0,0) width 3: " "
            RenderTableCell {TD} at (70,22) size 9x11 [bgcolor=#048485] [r=2 c=9 rs=1 cs=1]
              RenderInline {FONT} at (0,0) size 3x11
                RenderText {#text} at (0,0) size 3x11
                  text run at (0,0) width 3: " "
            RenderTableCell {TD} at (78,22) size 9x11 [bgcolor=#027777] [r=2 c=10 rs=1 cs=1]
              RenderInline {FONT} at (0,0) size 3x11
                RenderText {#text} at (0,0) size 3x11
                  text run at (0,0) width 3: " "
            RenderTableCell {TD} at (86,22) size 9x11 [bgcolor=#027777] [r=2 c=11 rs=1 cs=1]
              RenderInline {FONT} at (0,0) size 3x11
                RenderText {#text} at (0,0) size 3x11
                  text run at (0,0) width 3: " "
            RenderTableCell {TD} at (94,22) size 8x11 [bgcolor=#026766] [r=2 c=12 rs=1 cs=1]
              RenderInline {FONT} at (0,0) size 3x11
                RenderText {#text} at (0,0) size 3x11
                  text run at (0,0) width 3: " "
            RenderTableCell {TD} at (101,22) size 9x11 [bgcolor=#025E5E] [r=2 c=13 rs=1 cs=1]
              RenderInline {FONT} at (0,0) size 3x11
                RenderText {#text} at (0,0) size 3x11
                  text run at (0,0) width 3: " "
            RenderTableCell {TD} at (109,22) size 9x11 [bgcolor=#044F4F] [r=2 c=14 rs=1 cs=1]
              RenderInline {FONT} at (0,0) size 3x11
                RenderText {#text} at (0,0) size 3x11
                  text run at (0,0) width 3: " "
            RenderTableCell {TD} at (117,22) size 9x11 [bgcolor=#044140] [r=2 c=15 rs=1 cs=1]
              RenderInline {FONT} at (0,0) size 3x11
                RenderText {#text} at (0,0) size 3x11
                  text run at (0,0) width 3: " "
            RenderTableCell {TD} at (125,22) size 9x11 [bgcolor=#044140] [r=2 c=16 rs=1 cs=1]
              RenderInline {FONT} at (0,0) size 3x11
                RenderText {#text} at (0,0) size 3x11
                  text run at (0,0) width 3: " "
            RenderTableCell {TD} at (133,22) size 9x11 [bgcolor=#044F4F] [r=2 c=17 rs=1 cs=1]
              RenderInline {FONT} at (0,0) size 3x11
                RenderText {#text} at (0,0) size 3x11
                  text run at (0,0) width 3: " "
            RenderTableCell {TD} at (141,22) size 9x11 [bgcolor=#025E5E] [r=2 c=18 rs=1 cs=1]
              RenderInline {FONT} at (0,0) size 3x11
                RenderText {#text} at (0,0) size 3x11
                  text run at (0,0) width 3: " "
            RenderTableCell {TD} at (149,22) size 8x11 [bgcolor=#026766] [r=2 c=19 rs=1 cs=1]
              RenderInline {FONT} at (0,0) size 3x11
                RenderText {#text} at (0,0) size 3x11
                  text run at (0,0) width 3: " "
            RenderTableCell {TD} at (156,22) size 9x11 [bgcolor=#026766] [r=2 c=20 rs=1 cs=1]
              RenderInline {FONT} at (0,0) size 3x11
                RenderText {#text} at (0,0) size 3x11
                  text run at (0,0) width 3: " "
            RenderTableCell {TD} at (164,22) size 9x11 [bgcolor=#026766] [r=2 c=21 rs=1 cs=1]
              RenderInline {FONT} at (0,0) size 3x11
                RenderText {#text} at (0,0) size 3x11
                  text run at (0,0) width 3: " "
            RenderTableCell {TD} at (172,22) size 9x11 [bgcolor=#026766] [r=2 c=22 rs=1 cs=1]
              RenderInline {FONT} at (0,0) size 3x11
                RenderText {#text} at (0,0) size 3x11
                  text run at (0,0) width 3: " "
            RenderTableCell {TD} at (180,22) size 9x11 [bgcolor=#026766] [r=2 c=23 rs=1 cs=1]
              RenderInline {FONT} at (0,0) size 3x11
                RenderText {#text} at (0,0) size 3x11
                  text run at (0,0) width 3: " "
            RenderTableCell {TD} at (188,22) size 9x11 [bgcolor=#026766] [r=2 c=24 rs=1 cs=1]
              RenderInline {FONT} at (0,0) size 3x11
                RenderText {#text} at (0,0) size 3x11
                  text run at (0,0) width 3: " "
            RenderTableCell {TD} at (196,22) size 8x11 [bgcolor=#026766] [r=2 c=25 rs=1 cs=1]
              RenderInline {FONT} at (0,0) size 3x11
                RenderText {#text} at (0,0) size 3x11
                  text run at (0,0) width 3: " "
            RenderTableCell {TD} at (203,22) size 9x11 [bgcolor=#589594] [r=2 c=26 rs=1 cs=1]
              RenderInline {FONT} at (0,0) size 3x11
                RenderText {#text} at (0,0) size 3x11
                  text run at (0,0) width 3: " "
            RenderTableCell {TD} at (211,22) size 9x11 [bgcolor=#CECFCF] [r=2 c=27 rs=1 cs=1]
              RenderInline {FONT} at (0,0) size 3x11
                RenderText {#text} at (0,0) size 3x11
                  text run at (0,0) width 3: " "
            RenderTableCell {TD} at (219,22) size 9x11 [bgcolor=#EDEEEF] [r=2 c=28 rs=1 cs=1]
              RenderInline {FONT} at (0,0) size 3x11
                RenderText {#text} at (0,0) size 3x11
                  text run at (0,0) width 3: " "
            RenderTableCell {TD} at (227,22) size 9x11 [bgcolor=#FDFDFB] [r=2 c=29 rs=1 cs=1]
              RenderInline {FONT} at (0,0) size 3x11
                RenderText {#text} at (0,0) size 3x11
                  text run at (0,0) width 3: " "
            RenderTableCell {TD} at (235,22) size 9x11 [bgcolor=#FDFDFB] [r=2 c=30 rs=1 cs=1]
              RenderInline {FONT} at (0,0) size 3x11
                RenderText {#text} at (0,0) size 3x11
                  text run at (0,0) width 3: " "
            RenderTableCell {TD} at (243,22) size 8x11 [bgcolor=#FDFDFB] [r=2 c=31 rs=1 cs=1]
              RenderInline {FONT} at (0,0) size 3x11
                RenderText {#text} at (0,0) size 3x11
                  text run at (0,0) width 3: " "
            RenderTableCell {TD} at (251,22) size 8x11 [bgcolor=#FDFDFB] [r=2 c=32 rs=1 cs=1]
              RenderInline {FONT} at (0,0) size 3x11
                RenderText {#text} at (0,0) size 3x11
                  text run at (0,0) width 3: " "
            RenderTableCell {TD} at (258,22) size 9x11 [bgcolor=#FDFDFB] [r=2 c=33 rs=1 cs=1]
              RenderInline {FONT} at (0,0) size 3x11
                RenderText {#text} at (0,0) size 3x11
                  text run at (0,0) width 3: " "
            RenderTableCell {TD} at (266,22) size 9x11 [bgcolor=#FDFDFB] [r=2 c=34 rs=1 cs=1]
              RenderInline {FONT} at (0,0) size 3x11
                RenderText {#text} at (0,0) size 3x11
                  text run at (0,0) width 3: " "
            RenderTableCell {TD} at (274,22) size 9x11 [bgcolor=#EDEEEF] [r=2 c=35 rs=1 cs=1]
              RenderInline {FONT} at (0,0) size 3x11
                RenderText {#text} at (0,0) size 3x11
                  text run at (0,0) width 3: " "
            RenderTableCell {TD} at (282,22) size 9x11 [bgcolor=#048485] [r=2 c=36 rs=1 cs=1]
              RenderInline {FONT} at (0,0) size 3x11
                RenderText {#text} at (0,0) size 3x11
                  text run at (0,0) width 3: " "
            RenderTableCell {TD} at (290,22) size 9x11 [bgcolor=#048485] [r=2 c=37 rs=1 cs=1]
              RenderInline {FONT} at (0,0) size 3x11
                RenderText {#text} at (0,0) size 3x11
                  text run at (0,0) width 3: " "
            RenderTableCell {TD} at (298,22) size 8x11 [bgcolor=#027777] [r=2 c=38 rs=1 cs=1]
              RenderInline {FONT} at (0,0) size 3x11
                RenderText {#text} at (0,0) size 3x11
                  text run at (0,0) width 3: " "
            RenderTableCell {TD} at (305,22) size 9x11 [bgcolor=#027777] [r=2 c=39 rs=1 cs=1]
              RenderInline {FONT} at (0,0) size 3x11
                RenderText {#text} at (0,0) size 3x11
                  text run at (0,0) width 3: " "
            RenderTableCell {TD} at (313,22) size 9x11 [bgcolor=#027777] [r=2 c=40 rs=1 cs=1]
              RenderInline {FONT} at (0,0) size 3x11
                RenderText {#text} at (0,0) size 3x11
                  text run at (0,0) width 3: " "
            RenderTableCell {TD} at (321,22) size 9x11 [bgcolor=#027777] [r=2 c=41 rs=1 cs=1]
              RenderInline {FONT} at (0,0) size 3x11
                RenderText {#text} at (0,0) size 3x11
                  text run at (0,0) width 3: " "
            RenderTableCell {TD} at (329,22) size 9x11 [bgcolor=#027777] [r=2 c=42 rs=1 cs=1]
              RenderInline {FONT} at (0,0) size 3x11
                RenderText {#text} at (0,0) size 3x11
                  text run at (0,0) width 3: " "
            RenderTableCell {TD} at (337,22) size 9x11 [bgcolor=#027777] [r=2 c=43 rs=1 cs=1]
              RenderInline {FONT} at (0,0) size 3x11
                RenderText {#text} at (0,0) size 3x11
                  text run at (0,0) width 3: " "
            RenderTableCell {TD} at (345,22) size 8x11 [bgcolor=#027777] [r=2 c=44 rs=1 cs=1]
              RenderInline {FONT} at (0,0) size 3x11
                RenderText {#text} at (0,0) size 3x11
                  text run at (0,0) width 3: " "
            RenderTableCell {TD} at (352,22) size 9x11 [bgcolor=#027777] [r=2 c=45 rs=1 cs=1]
              RenderInline {FONT} at (0,0) size 3x11
                RenderText {#text} at (0,0) size 3x11
                  text run at (0,0) width 3: " "
            RenderTableCell {TD} at (360,22) size 9x11 [bgcolor=#027777] [r=2 c=46 rs=1 cs=1]
              RenderInline {FONT} at (0,0) size 3x11
                RenderText {#text} at (0,0) size 3x11
                  text run at (0,0) width 3: " "
            RenderTableCell {TD} at (368,22) size 9x11 [bgcolor=#027777] [r=2 c=47 rs=1 cs=1]
              RenderInline {FONT} at (0,0) size 3x11
                RenderText {#text} at (0,0) size 3x11
                  text run at (0,0) width 3: " "
            RenderTableCell {TD} at (376,22) size 9x11 [bgcolor=#027777] [r=2 c=48 rs=1 cs=1]
              RenderInline {FONT} at (0,0) size 3x11
                RenderText {#text} at (0,0) size 3x11
                  text run at (0,0) width 3: " "
            RenderTableCell {TD} at (384,22) size 9x11 [bgcolor=#027777] [r=2 c=49 rs=1 cs=1]
              RenderInline {FONT} at (0,0) size 3x11
                RenderText {#text} at (0,0) size 3x11
                  text run at (0,0) width 3: " "
            RenderTableCell {TD} at (392,22) size 9x11 [bgcolor=#027777] [r=2 c=50 rs=1 cs=1]
              RenderInline {FONT} at (0,0) size 3x11
                RenderText {#text} at (0,0) size 3x11
                  text run at (0,0) width 3: " "
            RenderTableCell {TD} at (400,22) size 8x11 [bgcolor=#026766] [r=2 c=51 rs=1 cs=1]
              RenderInline {FONT} at (0,0) size 3x11
                RenderText {#text} at (0,0) size 3x11
                  text run at (0,0) width 3: " "
            RenderTableCell {TD} at (407,22) size 9x11 [bgcolor=#338686] [r=2 c=52 rs=1 cs=1]
              RenderInline {FONT} at (0,0) size 3x11
                RenderText {#text} at (0,0) size 3x11
                  text run at (0,0) width 3: " "
            RenderTableCell {TD} at (415,22) size 9x11 [bgcolor=#048485] [r=2 c=53 rs=1 cs=1]
              RenderInline {FONT} at (0,0) size 3x11
                RenderText {#text} at (0,0) size 3x11
                  text run at (0,0) width 3: " "
            RenderTableCell {TD} at (423,22) size 9x11 [bgcolor=#027777] [r=2 c=54 rs=1 cs=1]
              RenderInline {FONT} at (0,0) size 3x11
                RenderText {#text} at (0,0) size 3x11
                  text run at (0,0) width 3: " "
            RenderTableCell {TD} at (431,22) size 9x11 [bgcolor=#026766] [r=2 c=55 rs=1 cs=1]
              RenderInline {FONT} at (0,0) size 3x11
                RenderText {#text} at (0,0) size 3x11
                  text run at (0,0) width 3: " "
            RenderTableCell {TD} at (439,22) size 9x11 [bgcolor=#044F4F] [r=2 c=56 rs=1 cs=1]
              RenderInline {FONT} at (0,0) size 3x11
                RenderText {#text} at (0,0) size 3x11
                  text run at (0,0) width 3: " "
            RenderTableCell {TD} at (447,22) size 8x11 [bgcolor=#939494] [r=2 c=57 rs=1 cs=1]
              RenderInline {FONT} at (0,0) size 3x11
                RenderText {#text} at (0,0) size 3x11
                  text run at (0,0) width 3: " "
            RenderTableCell {TD} at (454,22) size 9x11 [bgcolor=#CECFCF] [r=2 c=58 rs=1 cs=1]
              RenderInline {FONT} at (0,0) size 3x11
                RenderText {#text} at (0,0) size 3x11
                  text run at (0,0) width 3: " "
            RenderTableCell {TD} at (462,22) size 9x11 [bgcolor=#EDEEEF] [r=2 c=59 rs=1 cs=1]
              RenderInline {FONT} at (0,0) size 3x11
                RenderText {#text} at (0,0) size 3x11
                  text run at (0,0) width 3: " "
            RenderTableCell {TD} at (470,22) size 9x11 [bgcolor=#FDFDFB] [r=2 c=60 rs=1 cs=1]
              RenderInline {FONT} at (0,0) size 3x11
                RenderText {#text} at (0,0) size 3x11
                  text run at (0,0) width 3: " "
            RenderTableCell {TD} at (478,22) size 9x11 [bgcolor=#FDFDFB] [r=2 c=61 rs=1 cs=1]
              RenderInline {FONT} at (0,0) size 3x11
                RenderText {#text} at (0,0) size 3x11
                  text run at (0,0) width 3: " "
            RenderTableCell {TD} at (486,22) size 9x11 [bgcolor=#FDFDFB] [r=2 c=62 rs=1 cs=1]
              RenderInline {FONT} at (0,0) size 3x11
                RenderText {#text} at (0,0) size 3x11
                  text run at (0,0) width 3: " "
            RenderTableCell {TD} at (494,22) size 8x11 [bgcolor=#FDFDFB] [r=2 c=63 rs=1 cs=1]
              RenderInline {FONT} at (0,0) size 3x11
                RenderText {#text} at (0,0) size 3x11
                  text run at (0,0) width 3: " "
            RenderTableCell {TD} at (502,22) size 8x11 [bgcolor=#FDFDFB] [r=2 c=64 rs=1 cs=1]
              RenderInline {FONT} at (0,0) size 3x11
                RenderText {#text} at (0,0) size 3x11
                  text run at (0,0) width 3: " "
            RenderTableCell {TD} at (509,22) size 9x11 [bgcolor=#EDEEEF] [r=2 c=65 rs=1 cs=1]
              RenderInline {FONT} at (0,0) size 3x11
                RenderText {#text} at (0,0) size 3x11
                  text run at (0,0) width 3: " "
            RenderTableCell {TD} at (517,22) size 9x11 [bgcolor=#A4CCCC] [r=2 c=66 rs=1 cs=1]
              RenderInline {FONT} at (0,0) size 3x11
                RenderText {#text} at (0,0) size 3x11
                  text run at (0,0) width 3: " "
            RenderTableCell {TD} at (525,22) size 9x11 [bgcolor=#5CADAE] [r=2 c=67 rs=1 cs=1]
              RenderInline {FONT} at (0,0) size 3x11
                RenderText {#text} at (0,0) size 3x11
                  text run at (0,0) width 3: " "
            RenderTableCell {TD} at (533,22) size 9x11 [bgcolor=#158E8C] [r=2 c=68 rs=1 cs=1]
              RenderInline {FONT} at (0,0) size 3x11
                RenderText {#text} at (0,0) size 3x11
                  text run at (0,0) width 3: " "
            RenderTableCell {TD} at (541,22) size 9x11 [bgcolor=#048485] [r=2 c=69 rs=1 cs=1]
              RenderInline {FONT} at (0,0) size 3x11
                RenderText {#text} at (0,0) size 3x11
                  text run at (0,0) width 3: " "
            RenderTableCell {TD} at (549,22) size 8x11 [bgcolor=#048485] [r=2 c=70 rs=1 cs=1]
              RenderInline {FONT} at (0,0) size 3x11
                RenderText {#text} at (0,0) size 3x11
                  text run at (0,0) width 3: " "
            RenderTableCell {TD} at (556,22) size 9x11 [bgcolor=#027777] [r=2 c=71 rs=1 cs=1]
              RenderInline {FONT} at (0,0) size 3x11
                RenderText {#text} at (0,0) size 3x11
                  text run at (0,0) width 3: " "
            RenderTableCell {TD} at (564,22) size 9x11 [bgcolor=#027777] [r=2 c=72 rs=1 cs=1]
              RenderInline {FONT} at (0,0) size 3x11
                RenderText {#text} at (0,0) size 3x11
                  text run at (0,0) width 3: " "
            RenderTableCell {TD} at (572,22) size 9x11 [bgcolor=#027777] [r=2 c=73 rs=1 cs=1]
              RenderInline {FONT} at (0,0) size 3x11
                RenderText {#text} at (0,0) size 3x11
                  text run at (0,0) width 3: " "
            RenderTableCell {TD} at (580,22) size 9x11 [bgcolor=#027777] [r=2 c=74 rs=1 cs=1]
              RenderInline {FONT} at (0,0) size 3x11
                RenderText {#text} at (0,0) size 3x11
                  text run at (0,0) width 3: " "
            RenderTableCell {TD} at (588,22) size 9x11 [bgcolor=#027777] [r=2 c=75 rs=1 cs=1]
              RenderInline {FONT} at (0,0) size 3x11
                RenderText {#text} at (0,0) size 3x11
                  text run at (0,0) width 3: " "
            RenderTableCell {TD} at (596,22) size 8x11 [bgcolor=#027777] [r=2 c=76 rs=1 cs=1]
              RenderInline {FONT} at (0,0) size 3x11
                RenderText {#text} at (0,0) size 3x11
                  text run at (0,0) width 3: " "
            RenderTableCell {TD} at (603,22) size 9x11 [bgcolor=#027777] [r=2 c=77 rs=1 cs=1]
              RenderInline {FONT} at (0,0) size 3x11
                RenderText {#text} at (0,0) size 3x11
                  text run at (0,0) width 3: " "
            RenderTableCell {TD} at (611,22) size 9x11 [bgcolor=#027777] [r=2 c=78 rs=1 cs=1]
              RenderInline {FONT} at (0,0) size 3x11
                RenderText {#text} at (0,0) size 3x11
                  text run at (0,0) width 3: " "
            RenderTableCell {TD} at (619,22) size 9x11 [bgcolor=#027777] [r=2 c=79 rs=1 cs=1]
              RenderInline {FONT} at (0,0) size 3x11
                RenderText {#text} at (0,0) size 3x11
                  text run at (0,0) width 3: " "
            RenderTableCell {TD} at (627,22) size 9x11 [bgcolor=#027777] [r=2 c=80 rs=1 cs=1]
              RenderInline {FONT} at (0,0) size 3x11
                RenderText {#text} at (0,0) size 3x11
                  text run at (0,0) width 3: " "
            RenderTableCell {TD} at (635,22) size 9x11 [bgcolor=#027777] [r=2 c=81 rs=1 cs=1]
              RenderInline {FONT} at (0,0) size 3x11
                RenderText {#text} at (0,0) size 3x11
                  text run at (0,0) width 3: " "
            RenderTableCell {TD} at (643,22) size 9x11 [bgcolor=#027777] [r=2 c=82 rs=1 cs=1]
              RenderInline {FONT} at (0,0) size 3x11
                RenderText {#text} at (0,0) size 3x11
                  text run at (0,0) width 3: " "
            RenderTableCell {TD} at (651,22) size 8x11 [bgcolor=#027777] [r=2 c=83 rs=1 cs=1]
              RenderInline {FONT} at (0,0) size 3x11
                RenderText {#text} at (0,0) size 3x11
                  text run at (0,0) width 3: " "
            RenderTableCell {TD} at (658,22) size 9x11 [bgcolor=#027777] [r=2 c=84 rs=1 cs=1]
              RenderInline {FONT} at (0,0) size 3x11
                RenderText {#text} at (0,0) size 3x11
                  text run at (0,0) width 3: " "
            RenderTableCell {TD} at (666,22) size 9x11 [bgcolor=#027777] [r=2 c=85 rs=1 cs=1]
              RenderInline {FONT} at (0,0) size 3x11
                RenderText {#text} at (0,0) size 3x11
                  text run at (0,0) width 3: " "
            RenderTableCell {TD} at (674,22) size 9x11 [bgcolor=#027777] [r=2 c=86 rs=1 cs=1]
              RenderInline {FONT} at (0,0) size 3x11
                RenderText {#text} at (0,0) size 3x11
                  text run at (0,0) width 3: " "
            RenderTableCell {TD} at (682,22) size 9x11 [bgcolor=#027777] [r=2 c=87 rs=1 cs=1]
              RenderInline {FONT} at (0,0) size 3x11
                RenderText {#text} at (0,0) size 3x11
                  text run at (0,0) width 3: " "
            RenderTableCell {TD} at (690,22) size 9x11 [bgcolor=#027777] [r=2 c=88 rs=1 cs=1]
              RenderInline {FONT} at (0,0) size 3x11
                RenderText {#text} at (0,0) size 3x11
                  text run at (0,0) width 3: " "
            RenderTableCell {TD} at (698,22) size 8x11 [bgcolor=#027777] [r=2 c=89 rs=1 cs=1]
              RenderInline {FONT} at (0,0) size 3x11
                RenderText {#text} at (0,0) size 3x11
                  text run at (0,0) width 3: " "
            RenderTableCell {TD} at (705,22) size 9x11 [bgcolor=#027777] [r=2 c=90 rs=1 cs=1]
              RenderInline {FONT} at (0,0) size 3x11
                RenderText {#text} at (0,0) size 3x11
                  text run at (0,0) width 3: " "
            RenderTableCell {TD} at (713,22) size 9x11 [bgcolor=#027777] [r=2 c=91 rs=1 cs=1]
              RenderInline {FONT} at (0,0) size 3x11
                RenderText {#text} at (0,0) size 3x11
                  text run at (0,0) width 3: " "
            RenderTableCell {TD} at (721,22) size 9x11 [bgcolor=#026766] [r=2 c=92 rs=1 cs=1]
              RenderInline {FONT} at (0,0) size 3x11
                RenderText {#text} at (0,0) size 3x11
                  text run at (0,0) width 3: " "
            RenderTableCell {TD} at (729,22) size 9x11 [bgcolor=#044F4F] [r=2 c=93 rs=1 cs=1]
              RenderInline {FONT} at (0,0) size 3x11
                RenderText {#text} at (0,0) size 3x11
                  text run at (0,0) width 3: " "
            RenderTableCell {TD} at (737,22) size 9x11 [bgcolor=#647979] [r=2 c=94 rs=1 cs=1]
              RenderInline {FONT} at (0,0) size 3x11
                RenderText {#text} at (0,0) size 3x11
                  text run at (0,0) width 3: " "
            RenderTableCell {TD} at (745,22) size 8x11 [bgcolor=#BEC2C2] [r=2 c=95 rs=1 cs=1]
              RenderInline {FONT} at (0,0) size 3x11
                RenderText {#text} at (0,0) size 3x11
                  text run at (0,0) width 3: " "
            RenderTableCell {TD} at (753,22) size 8x11 [bgcolor=#E0EAE9] [r=2 c=96 rs=1 cs=1]
              RenderInline {FONT} at (0,0) size 3x11
                RenderText {#text} at (0,0) size 3x11
                  text run at (0,0) width 3: " "
            RenderTableCell {TD} at (760,22) size 9x11 [bgcolor=#FDFDFB] [r=2 c=97 rs=1 cs=1]
              RenderInline {FONT} at (0,0) size 3x11
                RenderText {#text} at (0,0) size 3x11
                  text run at (0,0) width 3: " "
            RenderTableCell {TD} at (768,22) size 9x11 [bgcolor=#FDFDFB] [r=2 c=98 rs=1 cs=1]
              RenderInline {FONT} at (0,0) size 3x11
                RenderText {#text} at (0,0) size 3x11
                  text run at (0,0) width 3: " "
            RenderTableCell {TD} at (776,22) size 9x11 [bgcolor=#FDFDFB] [r=2 c=99 rs=1 cs=1]
              RenderInline {FONT} at (0,0) size 3x11
                RenderText {#text} at (0,0) size 3x11
                  text run at (0,0) width 3: " "
          RenderTableRow {TR} at (0,33) size 784x11
            RenderTableCell {TD} at (0,33) size 8x11 [bgcolor=#FDFDFB] [r=3 c=0 rs=1 cs=1]
              RenderInline {FONT} at (0,0) size 3x11
                RenderText {#text} at (0,0) size 3x11
                  text run at (0,0) width 3: " "
            RenderTableCell {TD} at (7,33) size 9x11 [bgcolor=#FDFDFB] [r=3 c=1 rs=1 cs=1]
              RenderInline {FONT} at (0,0) size 3x11
                RenderText {#text} at (0,0) size 3x11
                  text run at (0,0) width 3: " "
            RenderTableCell {TD} at (15,33) size 9x11 [bgcolor=#FDFDFB] [r=3 c=2 rs=1 cs=1]
              RenderInline {FONT} at (0,0) size 3x11
                RenderText {#text} at (0,0) size 3x11
                  text run at (0,0) width 3: " "
            RenderTableCell {TD} at (23,33) size 9x11 [bgcolor=#FDFDFB] [r=3 c=3 rs=1 cs=1]
              RenderInline {FONT} at (0,0) size 3x11
                RenderText {#text} at (0,0) size 3x11
                  text run at (0,0) width 3: " "
            RenderTableCell {TD} at (31,33) size 9x11 [bgcolor=#FDFDFB] [r=3 c=4 rs=1 cs=1]
              RenderInline {FONT} at (0,0) size 3x11
                RenderText {#text} at (0,0) size 3x11
                  text run at (0,0) width 3: " "
            RenderTableCell {TD} at (39,33) size 9x11 [bgcolor=#66BABC] [r=3 c=5 rs=1 cs=1]
              RenderInline {FONT} at (0,0) size 3x11
                RenderText {#text} at (0,0) size 3x11
                  text run at (0,0) width 3: " "
            RenderTableCell {TD} at (47,33) size 8x11 [bgcolor=#158E8C] [r=3 c=6 rs=1 cs=1]
              RenderInline {FONT} at (0,0) size 3x11
                RenderText {#text} at (0,0) size 3x11
                  text run at (0,0) width 3: " "
            RenderTableCell {TD} at (54,33) size 9x11 [bgcolor=#048485] [r=3 c=7 rs=1 cs=1]
              RenderInline {FONT} at (0,0) size 3x11
                RenderText {#text} at (0,0) size 3x11
                  text run at (0,0) width 3: " "
            RenderTableCell {TD} at (62,33) size 9x11 [bgcolor=#027777] [r=3 c=8 rs=1 cs=1]
              RenderInline {FONT} at (0,0) size 3x11
                RenderText {#text} at (0,0) size 3x11
                  text run at (0,0) width 3: " "
            RenderTableCell {TD} at (70,33) size 9x11 [bgcolor=#027777] [r=3 c=9 rs=1 cs=1]
              RenderInline {FONT} at (0,0) size 3x11
                RenderText {#text} at (0,0) size 3x11
                  text run at (0,0) width 3: " "
            RenderTableCell {TD} at (78,33) size 9x11 [bgcolor=#026766] [r=3 c=10 rs=1 cs=1]
              RenderInline {FONT} at (0,0) size 3x11
                RenderText {#text} at (0,0) size 3x11
                  text run at (0,0) width 3: " "
            RenderTableCell {TD} at (86,33) size 9x11 [bgcolor=#026766] [r=3 c=11 rs=1 cs=1]
              RenderInline {FONT} at (0,0) size 3x11
                RenderText {#text} at (0,0) size 3x11
                  text run at (0,0) width 3: " "
            RenderTableCell {TD} at (94,33) size 8x11 [bgcolor=#025E5E] [r=3 c=12 rs=1 cs=1]
              RenderInline {FONT} at (0,0) size 3x11
                RenderText {#text} at (0,0) size 3x11
                  text run at (0,0) width 3: " "
            RenderTableCell {TD} at (101,33) size 9x11 [bgcolor=#044F4F] [r=3 c=13 rs=1 cs=1]
              RenderInline {FONT} at (0,0) size 3x11
                RenderText {#text} at (0,0) size 3x11
                  text run at (0,0) width 3: " "
            RenderTableCell {TD} at (109,33) size 9x11 [bgcolor=#044140] [r=3 c=14 rs=1 cs=1]
              RenderInline {FONT} at (0,0) size 3x11
                RenderText {#text} at (0,0) size 3x11
                  text run at (0,0) width 3: " "
            RenderTableCell {TD} at (117,33) size 9x11 [bgcolor=#223C3D] [r=3 c=15 rs=1 cs=1]
              RenderInline {FONT} at (0,0) size 3x11
                RenderText {#text} at (0,0) size 3x11
                  text run at (0,0) width 3: " "
            RenderTableCell {TD} at (125,33) size 9x11 [bgcolor=#344C4E] [r=3 c=16 rs=1 cs=1]
              RenderInline {FONT} at (0,0) size 3x11
                RenderText {#text} at (0,0) size 3x11
                  text run at (0,0) width 3: " "
            RenderTableCell {TD} at (133,33) size 9x11 [bgcolor=#4D4F4F] [r=3 c=17 rs=1 cs=1]
              RenderInline {FONT} at (0,0) size 3x11
                RenderText {#text} at (0,0) size 3x11
                  text run at (0,0) width 3: " "
            RenderTableCell {TD} at (141,33) size 9x11 [bgcolor=#1A5C5C] [r=3 c=18 rs=1 cs=1]
              RenderInline {FONT} at (0,0) size 3x11
                RenderText {#text} at (0,0) size 3x11
                  text run at (0,0) width 3: " "
            RenderTableCell {TD} at (149,33) size 8x11 [bgcolor=#026766] [r=3 c=19 rs=1 cs=1]
              RenderInline {FONT} at (0,0) size 3x11
                RenderText {#text} at (0,0) size 3x11
                  text run at (0,0) width 3: " "
            RenderTableCell {TD} at (156,33) size 9x11 [bgcolor=#026766] [r=3 c=20 rs=1 cs=1]
              RenderInline {FONT} at (0,0) size 3x11
                RenderText {#text} at (0,0) size 3x11
                  text run at (0,0) width 3: " "
            RenderTableCell {TD} at (164,33) size 9x11 [bgcolor=#026766] [r=3 c=21 rs=1 cs=1]
              RenderInline {FONT} at (0,0) size 3x11
                RenderText {#text} at (0,0) size 3x11
                  text run at (0,0) width 3: " "
            RenderTableCell {TD} at (172,33) size 9x11 [bgcolor=#026766] [r=3 c=22 rs=1 cs=1]
              RenderInline {FONT} at (0,0) size 3x11
                RenderText {#text} at (0,0) size 3x11
                  text run at (0,0) width 3: " "
            RenderTableCell {TD} at (180,33) size 9x11 [bgcolor=#026766] [r=3 c=23 rs=1 cs=1]
              RenderInline {FONT} at (0,0) size 3x11
                RenderText {#text} at (0,0) size 3x11
                  text run at (0,0) width 3: " "
            RenderTableCell {TD} at (188,33) size 9x11 [bgcolor=#026766] [r=3 c=24 rs=1 cs=1]
              RenderInline {FONT} at (0,0) size 3x11
                RenderText {#text} at (0,0) size 3x11
                  text run at (0,0) width 3: " "
            RenderTableCell {TD} at (196,33) size 8x11 [bgcolor=#026766] [r=3 c=25 rs=1 cs=1]
              RenderInline {FONT} at (0,0) size 3x11
                RenderText {#text} at (0,0) size 3x11
                  text run at (0,0) width 3: " "
            RenderTableCell {TD} at (203,33) size 9x11 [bgcolor=#025E5E] [r=3 c=26 rs=1 cs=1]
              RenderInline {FONT} at (0,0) size 3x11
                RenderText {#text} at (0,0) size 3x11
                  text run at (0,0) width 3: " "
            RenderTableCell {TD} at (211,33) size 9x11 [bgcolor=#1A6B6A] [r=3 c=27 rs=1 cs=1]
              RenderInline {FONT} at (0,0) size 3x11
                RenderText {#text} at (0,0) size 3x11
                  text run at (0,0) width 3: " "
            RenderTableCell {TD} at (219,33) size 9x11 [bgcolor=#7B918F] [r=3 c=28 rs=1 cs=1]
              RenderInline {FONT} at (0,0) size 3x11
                RenderText {#text} at (0,0) size 3x11
                  text run at (0,0) width 3: " "
            RenderTableCell {TD} at (227,33) size 9x11 [bgcolor=#A5A6A6] [r=3 c=29 rs=1 cs=1]
              RenderInline {FONT} at (0,0) size 3x11
                RenderText {#text} at (0,0) size 3x11
                  text run at (0,0) width 3: " "
            RenderTableCell {TD} at (235,33) size 9x11 [bgcolor=#B4B4B4] [r=3 c=30 rs=1 cs=1]
              RenderInline {FONT} at (0,0) size 3x11
                RenderText {#text} at (0,0) size 3x11
                  text run at (0,0) width 3: " "
            RenderTableCell {TD} at (243,33) size 8x11 [bgcolor=#B4B4B4] [r=3 c=31 rs=1 cs=1]
              RenderInline {FONT} at (0,0) size 3x11
                RenderText {#text} at (0,0) size 3x11
                  text run at (0,0) width 3: " "
            RenderTableCell {TD} at (251,33) size 8x11 [bgcolor=#B4B4B4] [r=3 c=32 rs=1 cs=1]
              RenderInline {FONT} at (0,0) size 3x11
                RenderText {#text} at (0,0) size 3x11
                  text run at (0,0) width 3: " "
            RenderTableCell {TD} at (258,33) size 9x11 [bgcolor=#B4B4B4] [r=3 c=33 rs=1 cs=1]
              RenderInline {FONT} at (0,0) size 3x11
                RenderText {#text} at (0,0) size 3x11
                  text run at (0,0) width 3: " "
            RenderTableCell {TD} at (266,33) size 9x11 [bgcolor=#B4B4B4] [r=3 c=34 rs=1 cs=1]
              RenderInline {FONT} at (0,0) size 3x11
                RenderText {#text} at (0,0) size 3x11
                  text run at (0,0) width 3: " "
            RenderTableCell {TD} at (274,33) size 9x11 [bgcolor=#A2B5B4] [r=3 c=35 rs=1 cs=1]
              RenderInline {FONT} at (0,0) size 3x11
                RenderText {#text} at (0,0) size 3x11
                  text run at (0,0) width 3: " "
            RenderTableCell {TD} at (282,33) size 9x11 [bgcolor=#048485] [r=3 c=36 rs=1 cs=1]
              RenderInline {FONT} at (0,0) size 3x11
                RenderText {#text} at (0,0) size 3x11
                  text run at (0,0) width 3: " "
            RenderTableCell {TD} at (290,33) size 9x11 [bgcolor=#027777] [r=3 c=37 rs=1 cs=1]
              RenderInline {FONT} at (0,0) size 3x11
                RenderText {#text} at (0,0) size 3x11
                  text run at (0,0) width 3: " "
            RenderTableCell {TD} at (298,33) size 8x11 [bgcolor=#026766] [r=3 c=38 rs=1 cs=1]
              RenderInline {FONT} at (0,0) size 3x11
                RenderText {#text} at (0,0) size 3x11
                  text run at (0,0) width 3: " "
            RenderTableCell {TD} at (305,33) size 9x11 [bgcolor=#026766] [r=3 c=39 rs=1 cs=1]
              RenderInline {FONT} at (0,0) size 3x11
                RenderText {#text} at (0,0) size 3x11
                  text run at (0,0) width 3: " "
            RenderTableCell {TD} at (313,33) size 9x11 [bgcolor=#026766] [r=3 c=40 rs=1 cs=1]
              RenderInline {FONT} at (0,0) size 3x11
                RenderText {#text} at (0,0) size 3x11
                  text run at (0,0) width 3: " "
            RenderTableCell {TD} at (321,33) size 9x11 [bgcolor=#026766] [r=3 c=41 rs=1 cs=1]
              RenderInline {FONT} at (0,0) size 3x11
                RenderText {#text} at (0,0) size 3x11
                  text run at (0,0) width 3: " "
            RenderTableCell {TD} at (329,33) size 9x11 [bgcolor=#026766] [r=3 c=42 rs=1 cs=1]
              RenderInline {FONT} at (0,0) size 3x11
                RenderText {#text} at (0,0) size 3x11
                  text run at (0,0) width 3: " "
            RenderTableCell {TD} at (337,33) size 9x11 [bgcolor=#026766] [r=3 c=43 rs=1 cs=1]
              RenderInline {FONT} at (0,0) size 3x11
                RenderText {#text} at (0,0) size 3x11
                  text run at (0,0) width 3: " "
            RenderTableCell {TD} at (345,33) size 8x11 [bgcolor=#026766] [r=3 c=44 rs=1 cs=1]
              RenderInline {FONT} at (0,0) size 3x11
                RenderText {#text} at (0,0) size 3x11
                  text run at (0,0) width 3: " "
            RenderTableCell {TD} at (352,33) size 9x11 [bgcolor=#026766] [r=3 c=45 rs=1 cs=1]
              RenderInline {FONT} at (0,0) size 3x11
                RenderText {#text} at (0,0) size 3x11
                  text run at (0,0) width 3: " "
            RenderTableCell {TD} at (360,33) size 9x11 [bgcolor=#026766] [r=3 c=46 rs=1 cs=1]
              RenderInline {FONT} at (0,0) size 3x11
                RenderText {#text} at (0,0) size 3x11
                  text run at (0,0) width 3: " "
            RenderTableCell {TD} at (368,33) size 9x11 [bgcolor=#026766] [r=3 c=47 rs=1 cs=1]
              RenderInline {FONT} at (0,0) size 3x11
                RenderText {#text} at (0,0) size 3x11
                  text run at (0,0) width 3: " "
            RenderTableCell {TD} at (376,33) size 9x11 [bgcolor=#026766] [r=3 c=48 rs=1 cs=1]
              RenderInline {FONT} at (0,0) size 3x11
                RenderText {#text} at (0,0) size 3x11
                  text run at (0,0) width 3: " "
            RenderTableCell {TD} at (384,33) size 9x11 [bgcolor=#026766] [r=3 c=49 rs=1 cs=1]
              RenderInline {FONT} at (0,0) size 3x11
                RenderText {#text} at (0,0) size 3x11
                  text run at (0,0) width 3: " "
            RenderTableCell {TD} at (392,33) size 9x11 [bgcolor=#026766] [r=3 c=50 rs=1 cs=1]
              RenderInline {FONT} at (0,0) size 3x11
                RenderText {#text} at (0,0) size 3x11
                  text run at (0,0) width 3: " "
            RenderTableCell {TD} at (400,33) size 8x11 [bgcolor=#026766] [r=3 c=51 rs=1 cs=1]
              RenderInline {FONT} at (0,0) size 3x11
                RenderText {#text} at (0,0) size 3x11
                  text run at (0,0) width 3: " "
            RenderTableCell {TD} at (407,33) size 9x11 [bgcolor=#026766] [r=3 c=52 rs=1 cs=1]
              RenderInline {FONT} at (0,0) size 3x11
                RenderText {#text} at (0,0) size 3x11
                  text run at (0,0) width 3: " "
            RenderTableCell {TD} at (415,33) size 9x11 [bgcolor=#027777] [r=3 c=53 rs=1 cs=1]
              RenderInline {FONT} at (0,0) size 3x11
                RenderText {#text} at (0,0) size 3x11
                  text run at (0,0) width 3: " "
            RenderTableCell {TD} at (423,33) size 9x11 [bgcolor=#026766] [r=3 c=54 rs=1 cs=1]
              RenderInline {FONT} at (0,0) size 3x11
                RenderText {#text} at (0,0) size 3x11
                  text run at (0,0) width 3: " "
            RenderTableCell {TD} at (431,33) size 9x11 [bgcolor=#044F4F] [r=3 c=55 rs=1 cs=1]
              RenderInline {FONT} at (0,0) size 3x11
                RenderText {#text} at (0,0) size 3x11
                  text run at (0,0) width 3: " "
            RenderTableCell {TD} at (439,33) size 9x11 [bgcolor=#044140] [r=3 c=56 rs=1 cs=1]
              RenderInline {FONT} at (0,0) size 3x11
                RenderText {#text} at (0,0) size 3x11
                  text run at (0,0) width 3: " "
            RenderTableCell {TD} at (447,33) size 8x11 [bgcolor=#515C5B] [r=3 c=57 rs=1 cs=1]
              RenderInline {FONT} at (0,0) size 3x11
                RenderText {#text} at (0,0) size 3x11
                  text run at (0,0) width 3: " "
            RenderTableCell {TD} at (454,33) size 9x11 [bgcolor=#848788] [r=3 c=58 rs=1 cs=1]
              RenderInline {FONT} at (0,0) size 3x11
                RenderText {#text} at (0,0) size 3x11
                  text run at (0,0) width 3: " "
            RenderTableCell {TD} at (462,33) size 9x11 [bgcolor=#A5A6A6] [r=3 c=59 rs=1 cs=1]
              RenderInline {FONT} at (0,0) size 3x11
                RenderText {#text} at (0,0) size 3x11
                  text run at (0,0) width 3: " "
            RenderTableCell {TD} at (470,33) size 9x11 [bgcolor=#B4B4B4] [r=3 c=60 rs=1 cs=1]
              RenderInline {FONT} at (0,0) size 3x11
                RenderText {#text} at (0,0) size 3x11
                  text run at (0,0) width 3: " "
            RenderTableCell {TD} at (478,33) size 9x11 [bgcolor=#B4B4B4] [r=3 c=61 rs=1 cs=1]
              RenderInline {FONT} at (0,0) size 3x11
                RenderText {#text} at (0,0) size 3x11
                  text run at (0,0) width 3: " "
            RenderTableCell {TD} at (486,33) size 9x11 [bgcolor=#B4B4B4] [r=3 c=62 rs=1 cs=1]
              RenderInline {FONT} at (0,0) size 3x11
                RenderText {#text} at (0,0) size 3x11
                  text run at (0,0) width 3: " "
            RenderTableCell {TD} at (494,33) size 8x11 [bgcolor=#B4B4B4] [r=3 c=63 rs=1 cs=1]
              RenderInline {FONT} at (0,0) size 3x11
                RenderText {#text} at (0,0) size 3x11
                  text run at (0,0) width 3: " "
            RenderTableCell {TD} at (502,33) size 8x11 [bgcolor=#72A3A1] [r=3 c=64 rs=1 cs=1]
              RenderInline {FONT} at (0,0) size 3x11
                RenderText {#text} at (0,0) size 3x11
                  text run at (0,0) width 3: " "
            RenderTableCell {TD} at (509,33) size 9x11 [bgcolor=#158E8C] [r=3 c=65 rs=1 cs=1]
              RenderInline {FONT} at (0,0) size 3x11
                RenderText {#text} at (0,0) size 3x11
                  text run at (0,0) width 3: " "
            RenderTableCell {TD} at (517,33) size 9x11 [bgcolor=#048485] [r=3 c=66 rs=1 cs=1]
              RenderInline {FONT} at (0,0) size 3x11
                RenderText {#text} at (0,0) size 3x11
                  text run at (0,0) width 3: " "
            RenderTableCell {TD} at (525,33) size 9x11 [bgcolor=#048485] [r=3 c=67 rs=1 cs=1]
              RenderInline {FONT} at (0,0) size 3x11
                RenderText {#text} at (0,0) size 3x11
                  text run at (0,0) width 3: " "
            RenderTableCell {TD} at (533,33) size 9x11 [bgcolor=#027777] [r=3 c=68 rs=1 cs=1]
              RenderInline {FONT} at (0,0) size 3x11
                RenderText {#text} at (0,0) size 3x11
                  text run at (0,0) width 3: " "
            RenderTableCell {TD} at (541,33) size 9x11 [bgcolor=#027777] [r=3 c=69 rs=1 cs=1]
              RenderInline {FONT} at (0,0) size 3x11
                RenderText {#text} at (0,0) size 3x11
                  text run at (0,0) width 3: " "
            RenderTableCell {TD} at (549,33) size 8x11 [bgcolor=#027777] [r=3 c=70 rs=1 cs=1]
              RenderInline {FONT} at (0,0) size 3x11
                RenderText {#text} at (0,0) size 3x11
                  text run at (0,0) width 3: " "
            RenderTableCell {TD} at (556,33) size 9x11 [bgcolor=#026766] [r=3 c=71 rs=1 cs=1]
              RenderInline {FONT} at (0,0) size 3x11
                RenderText {#text} at (0,0) size 3x11
                  text run at (0,0) width 3: " "
            RenderTableCell {TD} at (564,33) size 9x11 [bgcolor=#026766] [r=3 c=72 rs=1 cs=1]
              RenderInline {FONT} at (0,0) size 3x11
                RenderText {#text} at (0,0) size 3x11
                  text run at (0,0) width 3: " "
            RenderTableCell {TD} at (572,33) size 9x11 [bgcolor=#026766] [r=3 c=73 rs=1 cs=1]
              RenderInline {FONT} at (0,0) size 3x11
                RenderText {#text} at (0,0) size 3x11
                  text run at (0,0) width 3: " "
            RenderTableCell {TD} at (580,33) size 9x11 [bgcolor=#025E5E] [r=3 c=74 rs=1 cs=1]
              RenderInline {FONT} at (0,0) size 3x11
                RenderText {#text} at (0,0) size 3x11
                  text run at (0,0) width 3: " "
            RenderTableCell {TD} at (588,33) size 9x11 [bgcolor=#025E5E] [r=3 c=75 rs=1 cs=1]
              RenderInline {FONT} at (0,0) size 3x11
                RenderText {#text} at (0,0) size 3x11
                  text run at (0,0) width 3: " "
            RenderTableCell {TD} at (596,33) size 8x11 [bgcolor=#025E5E] [r=3 c=76 rs=1 cs=1]
              RenderInline {FONT} at (0,0) size 3x11
                RenderText {#text} at (0,0) size 3x11
                  text run at (0,0) width 3: " "
            RenderTableCell {TD} at (603,33) size 9x11 [bgcolor=#025E5E] [r=3 c=77 rs=1 cs=1]
              RenderInline {FONT} at (0,0) size 3x11
                RenderText {#text} at (0,0) size 3x11
                  text run at (0,0) width 3: " "
            RenderTableCell {TD} at (611,33) size 9x11 [bgcolor=#026766] [r=3 c=78 rs=1 cs=1]
              RenderInline {FONT} at (0,0) size 3x11
                RenderText {#text} at (0,0) size 3x11
                  text run at (0,0) width 3: " "
            RenderTableCell {TD} at (619,33) size 9x11 [bgcolor=#026766] [r=3 c=79 rs=1 cs=1]
              RenderInline {FONT} at (0,0) size 3x11
                RenderText {#text} at (0,0) size 3x11
                  text run at (0,0) width 3: " "
            RenderTableCell {TD} at (627,33) size 9x11 [bgcolor=#026766] [r=3 c=80 rs=1 cs=1]
              RenderInline {FONT} at (0,0) size 3x11
                RenderText {#text} at (0,0) size 3x11
                  text run at (0,0) width 3: " "
            RenderTableCell {TD} at (635,33) size 9x11 [bgcolor=#026766] [r=3 c=81 rs=1 cs=1]
              RenderInline {FONT} at (0,0) size 3x11
                RenderText {#text} at (0,0) size 3x11
                  text run at (0,0) width 3: " "
            RenderTableCell {TD} at (643,33) size 9x11 [bgcolor=#026766] [r=3 c=82 rs=1 cs=1]
              RenderInline {FONT} at (0,0) size 3x11
                RenderText {#text} at (0,0) size 3x11
                  text run at (0,0) width 3: " "
            RenderTableCell {TD} at (651,33) size 8x11 [bgcolor=#026766] [r=3 c=83 rs=1 cs=1]
              RenderInline {FONT} at (0,0) size 3x11
                RenderText {#text} at (0,0) size 3x11
                  text run at (0,0) width 3: " "
            RenderTableCell {TD} at (658,33) size 9x11 [bgcolor=#026766] [r=3 c=84 rs=1 cs=1]
              RenderInline {FONT} at (0,0) size 3x11
                RenderText {#text} at (0,0) size 3x11
                  text run at (0,0) width 3: " "
            RenderTableCell {TD} at (666,33) size 9x11 [bgcolor=#026766] [r=3 c=85 rs=1 cs=1]
              RenderInline {FONT} at (0,0) size 3x11
                RenderText {#text} at (0,0) size 3x11
                  text run at (0,0) width 3: " "
            RenderTableCell {TD} at (674,33) size 9x11 [bgcolor=#026766] [r=3 c=86 rs=1 cs=1]
              RenderInline {FONT} at (0,0) size 3x11
                RenderText {#text} at (0,0) size 3x11
                  text run at (0,0) width 3: " "
            RenderTableCell {TD} at (682,33) size 9x11 [bgcolor=#026766] [r=3 c=87 rs=1 cs=1]
              RenderInline {FONT} at (0,0) size 3x11
                RenderText {#text} at (0,0) size 3x11
                  text run at (0,0) width 3: " "
            RenderTableCell {TD} at (690,33) size 9x11 [bgcolor=#026766] [r=3 c=88 rs=1 cs=1]
              RenderInline {FONT} at (0,0) size 3x11
                RenderText {#text} at (0,0) size 3x11
                  text run at (0,0) width 3: " "
            RenderTableCell {TD} at (698,33) size 8x11 [bgcolor=#026766] [r=3 c=89 rs=1 cs=1]
              RenderInline {FONT} at (0,0) size 3x11
                RenderText {#text} at (0,0) size 3x11
                  text run at (0,0) width 3: " "
            RenderTableCell {TD} at (705,33) size 9x11 [bgcolor=#026766] [r=3 c=90 rs=1 cs=1]
              RenderInline {FONT} at (0,0) size 3x11
                RenderText {#text} at (0,0) size 3x11
                  text run at (0,0) width 3: " "
            RenderTableCell {TD} at (713,33) size 9x11 [bgcolor=#026766] [r=3 c=91 rs=1 cs=1]
              RenderInline {FONT} at (0,0) size 3x11
                RenderText {#text} at (0,0) size 3x11
                  text run at (0,0) width 3: " "
            RenderTableCell {TD} at (721,33) size 9x11 [bgcolor=#025E5E] [r=3 c=92 rs=1 cs=1]
              RenderInline {FONT} at (0,0) size 3x11
                RenderText {#text} at (0,0) size 3x11
                  text run at (0,0) width 3: " "
            RenderTableCell {TD} at (729,33) size 9x11 [bgcolor=#044140] [r=3 c=93 rs=1 cs=1]
              RenderInline {FONT} at (0,0) size 3x11
                RenderText {#text} at (0,0) size 3x11
                  text run at (0,0) width 3: " "
            RenderTableCell {TD} at (737,33) size 9x11 [bgcolor=#344C4E] [r=3 c=94 rs=1 cs=1]
              RenderInline {FONT} at (0,0) size 3x11
                RenderText {#text} at (0,0) size 3x11
                  text run at (0,0) width 3: " "
            RenderTableCell {TD} at (745,33) size 8x11 [bgcolor=#777878] [r=3 c=95 rs=1 cs=1]
              RenderInline {FONT} at (0,0) size 3x11
                RenderText {#text} at (0,0) size 3x11
                  text run at (0,0) width 3: " "
            RenderTableCell {TD} at (753,33) size 8x11 [bgcolor=#91A3A3] [r=3 c=96 rs=1 cs=1]
              RenderInline {FONT} at (0,0) size 3x11
                RenderText {#text} at (0,0) size 3x11
                  text run at (0,0) width 3: " "
            RenderTableCell {TD} at (760,33) size 9x11 [bgcolor=#B4B4B4] [r=3 c=97 rs=1 cs=1]
              RenderInline {FONT} at (0,0) size 3x11
                RenderText {#text} at (0,0) size 3x11
                  text run at (0,0) width 3: " "
            RenderTableCell {TD} at (768,33) size 9x11 [bgcolor=#A5A6A6] [r=3 c=98 rs=1 cs=1]
              RenderInline {FONT} at (0,0) size 3x11
                RenderText {#text} at (0,0) size 3x11
                  text run at (0,0) width 3: " "
            RenderTableCell {TD} at (776,33) size 9x11 [bgcolor=#848788] [r=3 c=99 rs=1 cs=1]
              RenderInline {FONT} at (0,0) size 3x11
                RenderText {#text} at (0,0) size 3x11
                  text run at (0,0) width 3: " "
          RenderTableRow {TR} at (0,44) size 784x11
            RenderTableCell {TD} at (0,44) size 8x11 [bgcolor=#FDFDFB] [r=4 c=0 rs=1 cs=1]
              RenderInline {FONT} at (0,0) size 3x11
                RenderText {#text} at (0,0) size 3x11
                  text run at (0,0) width 3: " "
            RenderTableCell {TD} at (7,44) size 9x11 [bgcolor=#FDFDFB] [r=4 c=1 rs=1 cs=1]
              RenderInline {FONT} at (0,0) size 3x11
                RenderText {#text} at (0,0) size 3x11
                  text run at (0,0) width 3: " "
            RenderTableCell {TD} at (15,44) size 9x11 [bgcolor=#FDFDFB] [r=4 c=2 rs=1 cs=1]
              RenderInline {FONT} at (0,0) size 3x11
                RenderText {#text} at (0,0) size 3x11
                  text run at (0,0) width 3: " "
            RenderTableCell {TD} at (23,44) size 9x11 [bgcolor=#EDEEEF] [r=4 c=3 rs=1 cs=1]
              RenderInline {FONT} at (0,0) size 3x11
                RenderText {#text} at (0,0) size 3x11
                  text run at (0,0) width 3: " "
            RenderTableCell {TD} at (31,44) size 9x11 [bgcolor=#66BABC] [r=4 c=4 rs=1 cs=1]
              RenderInline {FONT} at (0,0) size 3x11
                RenderText {#text} at (0,0) size 3x11
                  text run at (0,0) width 3: " "
            RenderTableCell {TD} at (39,44) size 9x11 [bgcolor=#048485] [r=4 c=5 rs=1 cs=1]
              RenderInline {FONT} at (0,0) size 3x11
                RenderText {#text} at (0,0) size 3x11
                  text run at (0,0) width 3: " "
            RenderTableCell {TD} at (47,44) size 8x11 [bgcolor=#048485] [r=4 c=6 rs=1 cs=1]
              RenderInline {FONT} at (0,0) size 3x11
                RenderText {#text} at (0,0) size 3x11
                  text run at (0,0) width 3: " "
            RenderTableCell {TD} at (54,44) size 9x11 [bgcolor=#027777] [r=4 c=7 rs=1 cs=1]
              RenderInline {FONT} at (0,0) size 3x11
                RenderText {#text} at (0,0) size 3x11
                  text run at (0,0) width 3: " "
            RenderTableCell {TD} at (62,44) size 9x11 [bgcolor=#026766] [r=4 c=8 rs=1 cs=1]
              RenderInline {FONT} at (0,0) size 3x11
                RenderText {#text} at (0,0) size 3x11
                  text run at (0,0) width 3: " "
            RenderTableCell {TD} at (70,44) size 9x11 [bgcolor=#026766] [r=4 c=9 rs=1 cs=1]
              RenderInline {FONT} at (0,0) size 3x11
                RenderText {#text} at (0,0) size 3x11
                  text run at (0,0) width 3: " "
            RenderTableCell {TD} at (78,44) size 9x11 [bgcolor=#026766] [r=4 c=10 rs=1 cs=1]
              RenderInline {FONT} at (0,0) size 3x11
                RenderText {#text} at (0,0) size 3x11
                  text run at (0,0) width 3: " "
            RenderTableCell {TD} at (86,44) size 9x11 [bgcolor=#026766] [r=4 c=11 rs=1 cs=1]
              RenderInline {FONT} at (0,0) size 3x11
                RenderText {#text} at (0,0) size 3x11
                  text run at (0,0) width 3: " "
            RenderTableCell {TD} at (94,44) size 8x11 [bgcolor=#025E5E] [r=4 c=12 rs=1 cs=1]
              RenderInline {FONT} at (0,0) size 3x11
                RenderText {#text} at (0,0) size 3x11
                  text run at (0,0) width 3: " "
            RenderTableCell {TD} at (101,44) size 9x11 [bgcolor=#044140] [r=4 c=13 rs=1 cs=1]
              RenderInline {FONT} at (0,0) size 3x11
                RenderText {#text} at (0,0) size 3x11
                  text run at (0,0) width 3: " "
            RenderTableCell {TD} at (109,44) size 9x11 [bgcolor=#083131] [r=4 c=14 rs=1 cs=1]
              RenderInline {FONT} at (0,0) size 3x11
                RenderText {#text} at (0,0) size 3x11
                  text run at (0,0) width 3: " "
            RenderTableCell {TD} at (117,44) size 9x11 [bgcolor=#3D4242] [r=4 c=15 rs=1 cs=1]
              RenderInline {FONT} at (0,0) size 3x11
                RenderText {#text} at (0,0) size 3x11
                  text run at (0,0) width 3: " "
            RenderTableCell {TD} at (125,44) size 9x11 [bgcolor=#515C5B] [r=4 c=16 rs=1 cs=1]
              RenderInline {FONT} at (0,0) size 3x11
                RenderText {#text} at (0,0) size 3x11
                  text run at (0,0) width 3: " "
            RenderTableCell {TD} at (133,44) size 9x11 [bgcolor=#696A69] [r=4 c=17 rs=1 cs=1]
              RenderInline {FONT} at (0,0) size 3x11
                RenderText {#text} at (0,0) size 3x11
                  text run at (0,0) width 3: " "
            RenderTableCell {TD} at (141,44) size 9x11 [bgcolor=#526B6B] [r=4 c=18 rs=1 cs=1]
              RenderInline {FONT} at (0,0) size 3x11
                RenderText {#text} at (0,0) size 3x11
                  text run at (0,0) width 3: " "
            RenderTableCell {TD} at (149,44) size 8x11 [bgcolor=#026766] [r=4 c=19 rs=1 cs=1]
              RenderInline {FONT} at (0,0) size 3x11
                RenderText {#text} at (0,0) size 3x11
                  text run at (0,0) width 3: " "
            RenderTableCell {TD} at (156,44) size 9x11 [bgcolor=#026766] [r=4 c=20 rs=1 cs=1]
              RenderInline {FONT} at (0,0) size 3x11
                RenderText {#text} at (0,0) size 3x11
                  text run at (0,0) width 3: " "
            RenderTableCell {TD} at (164,44) size 9x11 [bgcolor=#026766] [r=4 c=21 rs=1 cs=1]
              RenderInline {FONT} at (0,0) size 3x11
                RenderText {#text} at (0,0) size 3x11
                  text run at (0,0) width 3: " "
            RenderTableCell {TD} at (172,44) size 9x11 [bgcolor=#026766] [r=4 c=22 rs=1 cs=1]
              RenderInline {FONT} at (0,0) size 3x11
                RenderText {#text} at (0,0) size 3x11
                  text run at (0,0) width 3: " "
            RenderTableCell {TD} at (180,44) size 9x11 [bgcolor=#026766] [r=4 c=23 rs=1 cs=1]
              RenderInline {FONT} at (0,0) size 3x11
                RenderText {#text} at (0,0) size 3x11
                  text run at (0,0) width 3: " "
            RenderTableCell {TD} at (188,44) size 9x11 [bgcolor=#026766] [r=4 c=24 rs=1 cs=1]
              RenderInline {FONT} at (0,0) size 3x11
                RenderText {#text} at (0,0) size 3x11
                  text run at (0,0) width 3: " "
            RenderTableCell {TD} at (196,44) size 8x11 [bgcolor=#026766] [r=4 c=25 rs=1 cs=1]
              RenderInline {FONT} at (0,0) size 3x11
                RenderText {#text} at (0,0) size 3x11
                  text run at (0,0) width 3: " "
            RenderTableCell {TD} at (203,44) size 9x11 [bgcolor=#026766] [r=4 c=26 rs=1 cs=1]
              RenderInline {FONT} at (0,0) size 3x11
                RenderText {#text} at (0,0) size 3x11
                  text run at (0,0) width 3: " "
            RenderTableCell {TD} at (211,44) size 9x11 [bgcolor=#025E5E] [r=4 c=27 rs=1 cs=1]
              RenderInline {FONT} at (0,0) size 3x11
                RenderText {#text} at (0,0) size 3x11
                  text run at (0,0) width 3: " "
            RenderTableCell {TD} at (219,44) size 9x11 [bgcolor=#025E5E] [r=4 c=28 rs=1 cs=1]
              RenderInline {FONT} at (0,0) size 3x11
                RenderText {#text} at (0,0) size 3x11
                  text run at (0,0) width 3: " "
            RenderTableCell {TD} at (227,44) size 9x11 [bgcolor=#647979] [r=4 c=29 rs=1 cs=1]
              RenderInline {FONT} at (0,0) size 3x11
                RenderText {#text} at (0,0) size 3x11
                  text run at (0,0) width 3: " "
            RenderTableCell {TD} at (235,44) size 9x11 [bgcolor=#939494] [r=4 c=30 rs=1 cs=1]
              RenderInline {FONT} at (0,0) size 3x11
                RenderText {#text} at (0,0) size 3x11
                  text run at (0,0) width 3: " "
            RenderTableCell {TD} at (243,44) size 8x11 [bgcolor=#A5A6A6] [r=4 c=31 rs=1 cs=1]
              RenderInline {FONT} at (0,0) size 3x11
                RenderText {#text} at (0,0) size 3x11
                  text run at (0,0) width 3: " "
            RenderTableCell {TD} at (251,44) size 8x11 [bgcolor=#A5A6A6] [r=4 c=32 rs=1 cs=1]
              RenderInline {FONT} at (0,0) size 3x11
                RenderText {#text} at (0,0) size 3x11
                  text run at (0,0) width 3: " "
            RenderTableCell {TD} at (258,44) size 9x11 [bgcolor=#B4B4B4] [r=4 c=33 rs=1 cs=1]
              RenderInline {FONT} at (0,0) size 3x11
                RenderText {#text} at (0,0) size 3x11
                  text run at (0,0) width 3: " "
            RenderTableCell {TD} at (266,44) size 9x11 [bgcolor=#B4B4B4] [r=4 c=34 rs=1 cs=1]
              RenderInline {FONT} at (0,0) size 3x11
                RenderText {#text} at (0,0) size 3x11
                  text run at (0,0) width 3: " "
            RenderTableCell {TD} at (274,44) size 9x11 [bgcolor=#91A3A3] [r=4 c=35 rs=1 cs=1]
              RenderInline {FONT} at (0,0) size 3x11
                RenderText {#text} at (0,0) size 3x11
                  text run at (0,0) width 3: " "
            RenderTableCell {TD} at (282,44) size 9x11 [bgcolor=#048485] [r=4 c=36 rs=1 cs=1]
              RenderInline {FONT} at (0,0) size 3x11
                RenderText {#text} at (0,0) size 3x11
                  text run at (0,0) width 3: " "
            RenderTableCell {TD} at (290,44) size 9x11 [bgcolor=#027777] [r=4 c=37 rs=1 cs=1]
              RenderInline {FONT} at (0,0) size 3x11
                RenderText {#text} at (0,0) size 3x11
                  text run at (0,0) width 3: " "
            RenderTableCell {TD} at (298,44) size 8x11 [bgcolor=#026766] [r=4 c=38 rs=1 cs=1]
              RenderInline {FONT} at (0,0) size 3x11
                RenderText {#text} at (0,0) size 3x11
                  text run at (0,0) width 3: " "
            RenderTableCell {TD} at (305,44) size 9x11 [bgcolor=#026766] [r=4 c=39 rs=1 cs=1]
              RenderInline {FONT} at (0,0) size 3x11
                RenderText {#text} at (0,0) size 3x11
                  text run at (0,0) width 3: " "
            RenderTableCell {TD} at (313,44) size 9x11 [bgcolor=#026766] [r=4 c=40 rs=1 cs=1]
              RenderInline {FONT} at (0,0) size 3x11
                RenderText {#text} at (0,0) size 3x11
                  text run at (0,0) width 3: " "
            RenderTableCell {TD} at (321,44) size 9x11 [bgcolor=#026766] [r=4 c=41 rs=1 cs=1]
              RenderInline {FONT} at (0,0) size 3x11
                RenderText {#text} at (0,0) size 3x11
                  text run at (0,0) width 3: " "
            RenderTableCell {TD} at (329,44) size 9x11 [bgcolor=#026766] [r=4 c=42 rs=1 cs=1]
              RenderInline {FONT} at (0,0) size 3x11
                RenderText {#text} at (0,0) size 3x11
                  text run at (0,0) width 3: " "
            RenderTableCell {TD} at (337,44) size 9x11 [bgcolor=#026766] [r=4 c=43 rs=1 cs=1]
              RenderInline {FONT} at (0,0) size 3x11
                RenderText {#text} at (0,0) size 3x11
                  text run at (0,0) width 3: " "
            RenderTableCell {TD} at (345,44) size 8x11 [bgcolor=#026766] [r=4 c=44 rs=1 cs=1]
              RenderInline {FONT} at (0,0) size 3x11
                RenderText {#text} at (0,0) size 3x11
                  text run at (0,0) width 3: " "
            RenderTableCell {TD} at (352,44) size 9x11 [bgcolor=#026766] [r=4 c=45 rs=1 cs=1]
              RenderInline {FONT} at (0,0) size 3x11
                RenderText {#text} at (0,0) size 3x11
                  text run at (0,0) width 3: " "
            RenderTableCell {TD} at (360,44) size 9x11 [bgcolor=#026766] [r=4 c=46 rs=1 cs=1]
              RenderInline {FONT} at (0,0) size 3x11
                RenderText {#text} at (0,0) size 3x11
                  text run at (0,0) width 3: " "
            RenderTableCell {TD} at (368,44) size 9x11 [bgcolor=#026766] [r=4 c=47 rs=1 cs=1]
              RenderInline {FONT} at (0,0) size 3x11
                RenderText {#text} at (0,0) size 3x11
                  text run at (0,0) width 3: " "
            RenderTableCell {TD} at (376,44) size 9x11 [bgcolor=#026766] [r=4 c=48 rs=1 cs=1]
              RenderInline {FONT} at (0,0) size 3x11
                RenderText {#text} at (0,0) size 3x11
                  text run at (0,0) width 3: " "
            RenderTableCell {TD} at (384,44) size 9x11 [bgcolor=#026766] [r=4 c=49 rs=1 cs=1]
              RenderInline {FONT} at (0,0) size 3x11
                RenderText {#text} at (0,0) size 3x11
                  text run at (0,0) width 3: " "
            RenderTableCell {TD} at (392,44) size 9x11 [bgcolor=#026766] [r=4 c=50 rs=1 cs=1]
              RenderInline {FONT} at (0,0) size 3x11
                RenderText {#text} at (0,0) size 3x11
                  text run at (0,0) width 3: " "
            RenderTableCell {TD} at (400,44) size 8x11 [bgcolor=#026766] [r=4 c=51 rs=1 cs=1]
              RenderInline {FONT} at (0,0) size 3x11
                RenderText {#text} at (0,0) size 3x11
                  text run at (0,0) width 3: " "
            RenderTableCell {TD} at (407,44) size 9x11 [bgcolor=#026766] [r=4 c=52 rs=1 cs=1]
              RenderInline {FONT} at (0,0) size 3x11
                RenderText {#text} at (0,0) size 3x11
                  text run at (0,0) width 3: " "
            RenderTableCell {TD} at (415,44) size 9x11 [bgcolor=#025E5E] [r=4 c=53 rs=1 cs=1]
              RenderInline {FONT} at (0,0) size 3x11
                RenderText {#text} at (0,0) size 3x11
                  text run at (0,0) width 3: " "
            RenderTableCell {TD} at (423,44) size 9x11 [bgcolor=#025E5E] [r=4 c=54 rs=1 cs=1]
              RenderInline {FONT} at (0,0) size 3x11
                RenderText {#text} at (0,0) size 3x11
                  text run at (0,0) width 3: " "
            RenderTableCell {TD} at (431,44) size 9x11 [bgcolor=#044140] [r=4 c=55 rs=1 cs=1]
              RenderInline {FONT} at (0,0) size 3x11
                RenderText {#text} at (0,0) size 3x11
                  text run at (0,0) width 3: " "
            RenderTableCell {TD} at (439,44) size 9x11 [bgcolor=#083131] [r=4 c=56 rs=1 cs=1]
              RenderInline {FONT} at (0,0) size 3x11
                RenderText {#text} at (0,0) size 3x11
                  text run at (0,0) width 3: " "
            RenderTableCell {TD} at (447,44) size 8x11 [bgcolor=#4D4F4F] [r=4 c=57 rs=1 cs=1]
              RenderInline {FONT} at (0,0) size 3x11
                RenderText {#text} at (0,0) size 3x11
                  text run at (0,0) width 3: " "
            RenderTableCell {TD} at (454,44) size 9x11 [bgcolor=#777878] [r=4 c=58 rs=1 cs=1]
              RenderInline {FONT} at (0,0) size 3x11
                RenderText {#text} at (0,0) size 3x11
                  text run at (0,0) width 3: " "
            RenderTableCell {TD} at (462,44) size 9x11 [bgcolor=#939494] [r=4 c=59 rs=1 cs=1]
              RenderInline {FONT} at (0,0) size 3x11
                RenderText {#text} at (0,0) size 3x11
                  text run at (0,0) width 3: " "
            RenderTableCell {TD} at (470,44) size 9x11 [bgcolor=#A5A6A6] [r=4 c=60 rs=1 cs=1]
              RenderInline {FONT} at (0,0) size 3x11
                RenderText {#text} at (0,0) size 3x11
                  text run at (0,0) width 3: " "
            RenderTableCell {TD} at (478,44) size 9x11 [bgcolor=#B4B4B4] [r=4 c=61 rs=1 cs=1]
              RenderInline {FONT} at (0,0) size 3x11
                RenderText {#text} at (0,0) size 3x11
                  text run at (0,0) width 3: " "
            RenderTableCell {TD} at (486,44) size 9x11 [bgcolor=#A5A6A6] [r=4 c=62 rs=1 cs=1]
              RenderInline {FONT} at (0,0) size 3x11
                RenderText {#text} at (0,0) size 3x11
                  text run at (0,0) width 3: " "
            RenderTableCell {TD} at (494,44) size 8x11 [bgcolor=#589594] [r=4 c=63 rs=1 cs=1]
              RenderInline {FONT} at (0,0) size 3x11
                RenderText {#text} at (0,0) size 3x11
                  text run at (0,0) width 3: " "
            RenderTableCell {TD} at (502,44) size 8x11 [bgcolor=#048485] [r=4 c=64 rs=1 cs=1]
              RenderInline {FONT} at (0,0) size 3x11
                RenderText {#text} at (0,0) size 3x11
                  text run at (0,0) width 3: " "
            RenderTableCell {TD} at (509,44) size 9x11 [bgcolor=#048485] [r=4 c=65 rs=1 cs=1]
              RenderInline {FONT} at (0,0) size 3x11
                RenderText {#text} at (0,0) size 3x11
                  text run at (0,0) width 3: " "
            RenderTableCell {TD} at (517,44) size 9x11 [bgcolor=#027777] [r=4 c=66 rs=1 cs=1]
              RenderInline {FONT} at (0,0) size 3x11
                RenderText {#text} at (0,0) size 3x11
                  text run at (0,0) width 3: " "
            RenderTableCell {TD} at (525,44) size 9x11 [bgcolor=#027777] [r=4 c=67 rs=1 cs=1]
              RenderInline {FONT} at (0,0) size 3x11
                RenderText {#text} at (0,0) size 3x11
                  text run at (0,0) width 3: " "
            RenderTableCell {TD} at (533,44) size 9x11 [bgcolor=#026766] [r=4 c=68 rs=1 cs=1]
              RenderInline {FONT} at (0,0) size 3x11
                RenderText {#text} at (0,0) size 3x11
                  text run at (0,0) width 3: " "
            RenderTableCell {TD} at (541,44) size 9x11 [bgcolor=#026766] [r=4 c=69 rs=1 cs=1]
              RenderInline {FONT} at (0,0) size 3x11
                RenderText {#text} at (0,0) size 3x11
                  text run at (0,0) width 3: " "
            RenderTableCell {TD} at (549,44) size 8x11 [bgcolor=#026766] [r=4 c=70 rs=1 cs=1]
              RenderInline {FONT} at (0,0) size 3x11
                RenderText {#text} at (0,0) size 3x11
                  text run at (0,0) width 3: " "
            RenderTableCell {TD} at (556,44) size 9x11 [bgcolor=#026766] [r=4 c=71 rs=1 cs=1]
              RenderInline {FONT} at (0,0) size 3x11
                RenderText {#text} at (0,0) size 3x11
                  text run at (0,0) width 3: " "
            RenderTableCell {TD} at (564,44) size 9x11 [bgcolor=#025E5E] [r=4 c=72 rs=1 cs=1]
              RenderInline {FONT} at (0,0) size 3x11
                RenderText {#text} at (0,0) size 3x11
                  text run at (0,0) width 3: " "
            RenderTableCell {TD} at (572,44) size 9x11 [bgcolor=#025E5E] [r=4 c=73 rs=1 cs=1]
              RenderInline {FONT} at (0,0) size 3x11
                RenderText {#text} at (0,0) size 3x11
                  text run at (0,0) width 3: " "
            RenderTableCell {TD} at (580,44) size 9x11 [bgcolor=#044F4F] [r=4 c=74 rs=1 cs=1]
              RenderInline {FONT} at (0,0) size 3x11
                RenderText {#text} at (0,0) size 3x11
                  text run at (0,0) width 3: " "
            RenderTableCell {TD} at (588,44) size 9x11 [bgcolor=#044140] [r=4 c=75 rs=1 cs=1]
              RenderInline {FONT} at (0,0) size 3x11
                RenderText {#text} at (0,0) size 3x11
                  text run at (0,0) width 3: " "
            RenderTableCell {TD} at (596,44) size 8x11 [bgcolor=#044F4F] [r=4 c=76 rs=1 cs=1]
              RenderInline {FONT} at (0,0) size 3x11
                RenderText {#text} at (0,0) size 3x11
                  text run at (0,0) width 3: " "
            RenderTableCell {TD} at (603,44) size 9x11 [bgcolor=#044F4F] [r=4 c=77 rs=1 cs=1]
              RenderInline {FONT} at (0,0) size 3x11
                RenderText {#text} at (0,0) size 3x11
                  text run at (0,0) width 3: " "
            RenderTableCell {TD} at (611,44) size 9x11 [bgcolor=#025E5E] [r=4 c=78 rs=1 cs=1]
              RenderInline {FONT} at (0,0) size 3x11
                RenderText {#text} at (0,0) size 3x11
                  text run at (0,0) width 3: " "
            RenderTableCell {TD} at (619,44) size 9x11 [bgcolor=#026766] [r=4 c=79 rs=1 cs=1]
              RenderInline {FONT} at (0,0) size 3x11
                RenderText {#text} at (0,0) size 3x11
                  text run at (0,0) width 3: " "
            RenderTableCell {TD} at (627,44) size 9x11 [bgcolor=#026766] [r=4 c=80 rs=1 cs=1]
              RenderInline {FONT} at (0,0) size 3x11
                RenderText {#text} at (0,0) size 3x11
                  text run at (0,0) width 3: " "
            RenderTableCell {TD} at (635,44) size 9x11 [bgcolor=#026766] [r=4 c=81 rs=1 cs=1]
              RenderInline {FONT} at (0,0) size 3x11
                RenderText {#text} at (0,0) size 3x11
                  text run at (0,0) width 3: " "
            RenderTableCell {TD} at (643,44) size 9x11 [bgcolor=#026766] [r=4 c=82 rs=1 cs=1]
              RenderInline {FONT} at (0,0) size 3x11
                RenderText {#text} at (0,0) size 3x11
                  text run at (0,0) width 3: " "
            RenderTableCell {TD} at (651,44) size 8x11 [bgcolor=#026766] [r=4 c=83 rs=1 cs=1]
              RenderInline {FONT} at (0,0) size 3x11
                RenderText {#text} at (0,0) size 3x11
                  text run at (0,0) width 3: " "
            RenderTableCell {TD} at (658,44) size 9x11 [bgcolor=#026766] [r=4 c=84 rs=1 cs=1]
              RenderInline {FONT} at (0,0) size 3x11
                RenderText {#text} at (0,0) size 3x11
                  text run at (0,0) width 3: " "
            RenderTableCell {TD} at (666,44) size 9x11 [bgcolor=#026766] [r=4 c=85 rs=1 cs=1]
              RenderInline {FONT} at (0,0) size 3x11
                RenderText {#text} at (0,0) size 3x11
                  text run at (0,0) width 3: " "
            RenderTableCell {TD} at (674,44) size 9x11 [bgcolor=#026766] [r=4 c=86 rs=1 cs=1]
              RenderInline {FONT} at (0,0) size 3x11
                RenderText {#text} at (0,0) size 3x11
                  text run at (0,0) width 3: " "
            RenderTableCell {TD} at (682,44) size 9x11 [bgcolor=#026766] [r=4 c=87 rs=1 cs=1]
              RenderInline {FONT} at (0,0) size 3x11
                RenderText {#text} at (0,0) size 3x11
                  text run at (0,0) width 3: " "
            RenderTableCell {TD} at (690,44) size 9x11 [bgcolor=#026766] [r=4 c=88 rs=1 cs=1]
              RenderInline {FONT} at (0,0) size 3x11
                RenderText {#text} at (0,0) size 3x11
                  text run at (0,0) width 3: " "
            RenderTableCell {TD} at (698,44) size 8x11 [bgcolor=#026766] [r=4 c=89 rs=1 cs=1]
              RenderInline {FONT} at (0,0) size 3x11
                RenderText {#text} at (0,0) size 3x11
                  text run at (0,0) width 3: " "
            RenderTableCell {TD} at (705,44) size 9x11 [bgcolor=#026766] [r=4 c=90 rs=1 cs=1]
              RenderInline {FONT} at (0,0) size 3x11
                RenderText {#text} at (0,0) size 3x11
                  text run at (0,0) width 3: " "
            RenderTableCell {TD} at (713,44) size 9x11 [bgcolor=#025E5E] [r=4 c=91 rs=1 cs=1]
              RenderInline {FONT} at (0,0) size 3x11
                RenderText {#text} at (0,0) size 3x11
                  text run at (0,0) width 3: " "
            RenderTableCell {TD} at (721,44) size 9x11 [bgcolor=#044F4F] [r=4 c=92 rs=1 cs=1]
              RenderInline {FONT} at (0,0) size 3x11
                RenderText {#text} at (0,0) size 3x11
                  text run at (0,0) width 3: " "
            RenderTableCell {TD} at (729,44) size 9x11 [bgcolor=#044140] [r=4 c=93 rs=1 cs=1]
              RenderInline {FONT} at (0,0) size 3x11
                RenderText {#text} at (0,0) size 3x11
                  text run at (0,0) width 3: " "
            RenderTableCell {TD} at (737,44) size 9x11 [bgcolor=#3D4242] [r=4 c=94 rs=1 cs=1]
              RenderInline {FONT} at (0,0) size 3x11
                RenderText {#text} at (0,0) size 3x11
                  text run at (0,0) width 3: " "
            RenderTableCell {TD} at (745,44) size 8x11 [bgcolor=#696A69] [r=4 c=95 rs=1 cs=1]
              RenderInline {FONT} at (0,0) size 3x11
                RenderText {#text} at (0,0) size 3x11
                  text run at (0,0) width 3: " "
            RenderTableCell {TD} at (753,44) size 8x11 [bgcolor=#939494] [r=4 c=96 rs=1 cs=1]
              RenderInline {FONT} at (0,0) size 3x11
                RenderText {#text} at (0,0) size 3x11
                  text run at (0,0) width 3: " "
            RenderTableCell {TD} at (760,44) size 9x11 [bgcolor=#A5A6A6] [r=4 c=97 rs=1 cs=1]
              RenderInline {FONT} at (0,0) size 3x11
                RenderText {#text} at (0,0) size 3x11
                  text run at (0,0) width 3: " "
            RenderTableCell {TD} at (768,44) size 9x11 [bgcolor=#939494] [r=4 c=98 rs=1 cs=1]
              RenderInline {FONT} at (0,0) size 3x11
                RenderText {#text} at (0,0) size 3x11
                  text run at (0,0) width 3: " "
            RenderTableCell {TD} at (776,44) size 9x11 [bgcolor=#696A69] [r=4 c=99 rs=1 cs=1]
              RenderInline {FONT} at (0,0) size 3x11
                RenderText {#text} at (0,0) size 3x11
                  text run at (0,0) width 3: " "
          RenderTableRow {TR} at (0,55) size 784x11
            RenderTableCell {TD} at (0,55) size 8x11 [bgcolor=#FDFDFB] [r=5 c=0 rs=1 cs=1]
              RenderInline {FONT} at (0,0) size 3x11
                RenderText {#text} at (0,0) size 3x11
                  text run at (0,0) width 3: " "
            RenderTableCell {TD} at (7,55) size 9x11 [bgcolor=#FDFDFB] [r=5 c=1 rs=1 cs=1]
              RenderInline {FONT} at (0,0) size 3x11
                RenderText {#text} at (0,0) size 3x11
                  text run at (0,0) width 3: " "
            RenderTableCell {TD} at (15,55) size 9x11 [bgcolor=#FDFDFB] [r=5 c=2 rs=1 cs=1]
              RenderInline {FONT} at (0,0) size 3x11
                RenderText {#text} at (0,0) size 3x11
                  text run at (0,0) width 3: " "
            RenderTableCell {TD} at (23,55) size 9x11 [bgcolor=#7DBAB9] [r=5 c=3 rs=1 cs=1]
              RenderInline {FONT} at (0,0) size 3x11
                RenderText {#text} at (0,0) size 3x11
                  text run at (0,0) width 3: " "
            RenderTableCell {TD} at (31,55) size 9x11 [bgcolor=#048485] [r=5 c=4 rs=1 cs=1]
              RenderInline {FONT} at (0,0) size 3x11
                RenderText {#text} at (0,0) size 3x11
                  text run at (0,0) width 3: " "
            RenderTableCell {TD} at (39,55) size 9x11 [bgcolor=#048485] [r=5 c=5 rs=1 cs=1]
              RenderInline {FONT} at (0,0) size 3x11
                RenderText {#text} at (0,0) size 3x11
                  text run at (0,0) width 3: " "
            RenderTableCell {TD} at (47,55) size 8x11 [bgcolor=#027777] [r=5 c=6 rs=1 cs=1]
              RenderInline {FONT} at (0,0) size 3x11
                RenderText {#text} at (0,0) size 3x11
                  text run at (0,0) width 3: " "
            RenderTableCell {TD} at (54,55) size 9x11 [bgcolor=#026766] [r=5 c=7 rs=1 cs=1]
              RenderInline {FONT} at (0,0) size 3x11
                RenderText {#text} at (0,0) size 3x11
                  text run at (0,0) width 3: " "
            RenderTableCell {TD} at (62,55) size 9x11 [bgcolor=#026766] [r=5 c=8 rs=1 cs=1]
              RenderInline {FONT} at (0,0) size 3x11
                RenderText {#text} at (0,0) size 3x11
                  text run at (0,0) width 3: " "
            RenderTableCell {TD} at (70,55) size 9x11 [bgcolor=#026766] [r=5 c=9 rs=1 cs=1]
              RenderInline {FONT} at (0,0) size 3x11
                RenderText {#text} at (0,0) size 3x11
                  text run at (0,0) width 3: " "
            RenderTableCell {TD} at (78,55) size 9x11 [bgcolor=#026766] [r=5 c=10 rs=1 cs=1]
              RenderInline {FONT} at (0,0) size 3x11
                RenderText {#text} at (0,0) size 3x11
                  text run at (0,0) width 3: " "
            RenderTableCell {TD} at (86,55) size 9x11 [bgcolor=#025E5E] [r=5 c=11 rs=1 cs=1]
              RenderInline {FONT} at (0,0) size 3x11
                RenderText {#text} at (0,0) size 3x11
                  text run at (0,0) width 3: " "
            RenderTableCell {TD} at (94,55) size 8x11 [bgcolor=#025E5E] [r=5 c=12 rs=1 cs=1]
              RenderInline {FONT} at (0,0) size 3x11
                RenderText {#text} at (0,0) size 3x11
                  text run at (0,0) width 3: " "
            RenderTableCell {TD} at (101,55) size 9x11 [bgcolor=#044140] [r=5 c=13 rs=1 cs=1]
              RenderInline {FONT} at (0,0) size 3x11
                RenderText {#text} at (0,0) size 3x11
                  text run at (0,0) width 3: " "
            RenderTableCell {TD} at (109,55) size 9x11 [bgcolor=#223C3D] [r=5 c=14 rs=1 cs=1]
              RenderInline {FONT} at (0,0) size 3x11
                RenderText {#text} at (0,0) size 3x11
                  text run at (0,0) width 3: " "
            RenderTableCell {TD} at (117,55) size 9x11 [bgcolor=#4D4F4F] [r=5 c=15 rs=1 cs=1]
              RenderInline {FONT} at (0,0) size 3x11
                RenderText {#text} at (0,0) size 3x11
                  text run at (0,0) width 3: " "
            RenderTableCell {TD} at (125,55) size 9x11 [bgcolor=#696A69] [r=5 c=16 rs=1 cs=1]
              RenderInline {FONT} at (0,0) size 3x11
                RenderText {#text} at (0,0) size 3x11
                  text run at (0,0) width 3: " "
            RenderTableCell {TD} at (133,55) size 9x11 [bgcolor=#777878] [r=5 c=17 rs=1 cs=1]
              RenderInline {FONT} at (0,0) size 3x11
                RenderText {#text} at (0,0) size 3x11
                  text run at (0,0) width 3: " "
            RenderTableCell {TD} at (141,55) size 9x11 [bgcolor=#777878] [r=5 c=18 rs=1 cs=1]
              RenderInline {FONT} at (0,0) size 3x11
                RenderText {#text} at (0,0) size 3x11
                  text run at (0,0) width 3: " "
            RenderTableCell {TD} at (149,55) size 8x11 [bgcolor=#1E7A79] [r=5 c=19 rs=1 cs=1]
              RenderInline {FONT} at (0,0) size 3x11
                RenderText {#text} at (0,0) size 3x11
                  text run at (0,0) width 3: " "
            RenderTableCell {TD} at (156,55) size 9x11 [bgcolor=#027777] [r=5 c=20 rs=1 cs=1]
              RenderInline {FONT} at (0,0) size 3x11
                RenderText {#text} at (0,0) size 3x11
                  text run at (0,0) width 3: " "
            RenderTableCell {TD} at (164,55) size 9x11 [bgcolor=#026766] [r=5 c=21 rs=1 cs=1]
              RenderInline {FONT} at (0,0) size 3x11
                RenderText {#text} at (0,0) size 3x11
                  text run at (0,0) width 3: " "
            RenderTableCell {TD} at (172,55) size 9x11 [bgcolor=#026766] [r=5 c=22 rs=1 cs=1]
              RenderInline {FONT} at (0,0) size 3x11
                RenderText {#text} at (0,0) size 3x11
                  text run at (0,0) width 3: " "
            RenderTableCell {TD} at (180,55) size 9x11 [bgcolor=#026766] [r=5 c=23 rs=1 cs=1]
              RenderInline {FONT} at (0,0) size 3x11
                RenderText {#text} at (0,0) size 3x11
                  text run at (0,0) width 3: " "
            RenderTableCell {TD} at (188,55) size 9x11 [bgcolor=#026766] [r=5 c=24 rs=1 cs=1]
              RenderInline {FONT} at (0,0) size 3x11
                RenderText {#text} at (0,0) size 3x11
                  text run at (0,0) width 3: " "
            RenderTableCell {TD} at (196,55) size 8x11 [bgcolor=#026766] [r=5 c=25 rs=1 cs=1]
              RenderInline {FONT} at (0,0) size 3x11
                RenderText {#text} at (0,0) size 3x11
                  text run at (0,0) width 3: " "
            RenderTableCell {TD} at (203,55) size 9x11 [bgcolor=#026766] [r=5 c=26 rs=1 cs=1]
              RenderInline {FONT} at (0,0) size 3x11
                RenderText {#text} at (0,0) size 3x11
                  text run at (0,0) width 3: " "
            RenderTableCell {TD} at (211,55) size 9x11 [bgcolor=#025E5E] [r=5 c=27 rs=1 cs=1]
              RenderInline {FONT} at (0,0) size 3x11
                RenderText {#text} at (0,0) size 3x11
                  text run at (0,0) width 3: " "
            RenderTableCell {TD} at (219,55) size 9x11 [bgcolor=#025E5E] [r=5 c=28 rs=1 cs=1]
              RenderInline {FONT} at (0,0) size 3x11
                RenderText {#text} at (0,0) size 3x11
                  text run at (0,0) width 3: " "
            RenderTableCell {TD} at (227,55) size 9x11 [bgcolor=#025E5E] [r=5 c=29 rs=1 cs=1]
              RenderInline {FONT} at (0,0) size 3x11
                RenderText {#text} at (0,0) size 3x11
                  text run at (0,0) width 3: " "
            RenderTableCell {TD} at (235,55) size 9x11 [bgcolor=#526B6B] [r=5 c=30 rs=1 cs=1]
              RenderInline {FONT} at (0,0) size 3x11
                RenderText {#text} at (0,0) size 3x11
                  text run at (0,0) width 3: " "
            RenderTableCell {TD} at (243,55) size 8x11 [bgcolor=#848788] [r=5 c=31 rs=1 cs=1]
              RenderInline {FONT} at (0,0) size 3x11
                RenderText {#text} at (0,0) size 3x11
                  text run at (0,0) width 3: " "
            RenderTableCell {TD} at (251,55) size 8x11 [bgcolor=#939494] [r=5 c=32 rs=1 cs=1]
              RenderInline {FONT} at (0,0) size 3x11
                RenderText {#text} at (0,0) size 3x11
                  text run at (0,0) width 3: " "
            RenderTableCell {TD} at (258,55) size 9x11 [bgcolor=#939494] [r=5 c=33 rs=1 cs=1]
              RenderInline {FONT} at (0,0) size 3x11
                RenderText {#text} at (0,0) size 3x11
                  text run at (0,0) width 3: " "
            RenderTableCell {TD} at (266,55) size 9x11 [bgcolor=#91A3A3] [r=5 c=34 rs=1 cs=1]
              RenderInline {FONT} at (0,0) size 3x11
                RenderText {#text} at (0,0) size 3x11
                  text run at (0,0) width 3: " "
            RenderTableCell {TD} at (274,55) size 9x11 [bgcolor=#939494] [r=5 c=35 rs=1 cs=1]
              RenderInline {FONT} at (0,0) size 3x11
                RenderText {#text} at (0,0) size 3x11
                  text run at (0,0) width 3: " "
            RenderTableCell {TD} at (282,55) size 9x11 [bgcolor=#027777] [r=5 c=36 rs=1 cs=1]
              RenderInline {FONT} at (0,0) size 3x11
                RenderText {#text} at (0,0) size 3x11
                  text run at (0,0) width 3: " "
            RenderTableCell {TD} at (290,55) size 9x11 [bgcolor=#027777] [r=5 c=37 rs=1 cs=1]
              RenderInline {FONT} at (0,0) size 3x11
                RenderText {#text} at (0,0) size 3x11
                  text run at (0,0) width 3: " "
            RenderTableCell {TD} at (298,55) size 8x11 [bgcolor=#026766] [r=5 c=38 rs=1 cs=1]
              RenderInline {FONT} at (0,0) size 3x11
                RenderText {#text} at (0,0) size 3x11
                  text run at (0,0) width 3: " "
            RenderTableCell {TD} at (305,55) size 9x11 [bgcolor=#026766] [r=5 c=39 rs=1 cs=1]
              RenderInline {FONT} at (0,0) size 3x11
                RenderText {#text} at (0,0) size 3x11
                  text run at (0,0) width 3: " "
            RenderTableCell {TD} at (313,55) size 9x11 [bgcolor=#026766] [r=5 c=40 rs=1 cs=1]
              RenderInline {FONT} at (0,0) size 3x11
                RenderText {#text} at (0,0) size 3x11
                  text run at (0,0) width 3: " "
            RenderTableCell {TD} at (321,55) size 9x11 [bgcolor=#026766] [r=5 c=41 rs=1 cs=1]
              RenderInline {FONT} at (0,0) size 3x11
                RenderText {#text} at (0,0) size 3x11
                  text run at (0,0) width 3: " "
            RenderTableCell {TD} at (329,55) size 9x11 [bgcolor=#026766] [r=5 c=42 rs=1 cs=1]
              RenderInline {FONT} at (0,0) size 3x11
                RenderText {#text} at (0,0) size 3x11
                  text run at (0,0) width 3: " "
            RenderTableCell {TD} at (337,55) size 9x11 [bgcolor=#026766] [r=5 c=43 rs=1 cs=1]
              RenderInline {FONT} at (0,0) size 3x11
                RenderText {#text} at (0,0) size 3x11
                  text run at (0,0) width 3: " "
            RenderTableCell {TD} at (345,55) size 8x11 [bgcolor=#026766] [r=5 c=44 rs=1 cs=1]
              RenderInline {FONT} at (0,0) size 3x11
                RenderText {#text} at (0,0) size 3x11
                  text run at (0,0) width 3: " "
            RenderTableCell {TD} at (352,55) size 9x11 [bgcolor=#026766] [r=5 c=45 rs=1 cs=1]
              RenderInline {FONT} at (0,0) size 3x11
                RenderText {#text} at (0,0) size 3x11
                  text run at (0,0) width 3: " "
            RenderTableCell {TD} at (360,55) size 9x11 [bgcolor=#026766] [r=5 c=46 rs=1 cs=1]
              RenderInline {FONT} at (0,0) size 3x11
                RenderText {#text} at (0,0) size 3x11
                  text run at (0,0) width 3: " "
            RenderTableCell {TD} at (368,55) size 9x11 [bgcolor=#026766] [r=5 c=47 rs=1 cs=1]
              RenderInline {FONT} at (0,0) size 3x11
                RenderText {#text} at (0,0) size 3x11
                  text run at (0,0) width 3: " "
            RenderTableCell {TD} at (376,55) size 9x11 [bgcolor=#026766] [r=5 c=48 rs=1 cs=1]
              RenderInline {FONT} at (0,0) size 3x11
                RenderText {#text} at (0,0) size 3x11
                  text run at (0,0) width 3: " "
            RenderTableCell {TD} at (384,55) size 9x11 [bgcolor=#026766] [r=5 c=49 rs=1 cs=1]
              RenderInline {FONT} at (0,0) size 3x11
                RenderText {#text} at (0,0) size 3x11
                  text run at (0,0) width 3: " "
            RenderTableCell {TD} at (392,55) size 9x11 [bgcolor=#026766] [r=5 c=50 rs=1 cs=1]
              RenderInline {FONT} at (0,0) size 3x11
                RenderText {#text} at (0,0) size 3x11
                  text run at (0,0) width 3: " "
            RenderTableCell {TD} at (400,55) size 8x11 [bgcolor=#025E5E] [r=5 c=51 rs=1 cs=1]
              RenderInline {FONT} at (0,0) size 3x11
                RenderText {#text} at (0,0) size 3x11
                  text run at (0,0) width 3: " "
            RenderTableCell {TD} at (407,55) size 9x11 [bgcolor=#025E5E] [r=5 c=52 rs=1 cs=1]
              RenderInline {FONT} at (0,0) size 3x11
                RenderText {#text} at (0,0) size 3x11
                  text run at (0,0) width 3: " "
            RenderTableCell {TD} at (415,55) size 9x11 [bgcolor=#044F4F] [r=5 c=53 rs=1 cs=1]
              RenderInline {FONT} at (0,0) size 3x11
                RenderText {#text} at (0,0) size 3x11
                  text run at (0,0) width 3: " "
            RenderTableCell {TD} at (423,55) size 9x11 [bgcolor=#044140] [r=5 c=54 rs=1 cs=1]
              RenderInline {FONT} at (0,0) size 3x11
                RenderText {#text} at (0,0) size 3x11
                  text run at (0,0) width 3: " "
            RenderTableCell {TD} at (431,55) size 9x11 [bgcolor=#083131] [r=5 c=55 rs=1 cs=1]
              RenderInline {FONT} at (0,0) size 3x11
                RenderText {#text} at (0,0) size 3x11
                  text run at (0,0) width 3: " "
            RenderTableCell {TD} at (439,55) size 9x11 [bgcolor=#083131] [r=5 c=56 rs=1 cs=1]
              RenderInline {FONT} at (0,0) size 3x11
                RenderText {#text} at (0,0) size 3x11
                  text run at (0,0) width 3: " "
            RenderTableCell {TD} at (447,55) size 8x11 [bgcolor=#4D4F4F] [r=5 c=57 rs=1 cs=1]
              RenderInline {FONT} at (0,0) size 3x11
                RenderText {#text} at (0,0) size 3x11
                  text run at (0,0) width 3: " "
            RenderTableCell {TD} at (454,55) size 9x11 [bgcolor=#696A69] [r=5 c=58 rs=1 cs=1]
              RenderInline {FONT} at (0,0) size 3x11
                RenderText {#text} at (0,0) size 3x11
                  text run at (0,0) width 3: " "
            RenderTableCell {TD} at (462,55) size 9x11 [bgcolor=#939494] [r=5 c=59 rs=1 cs=1]
              RenderInline {FONT} at (0,0) size 3x11
                RenderText {#text} at (0,0) size 3x11
                  text run at (0,0) width 3: " "
            RenderTableCell {TD} at (470,55) size 9x11 [bgcolor=#939494] [r=5 c=60 rs=1 cs=1]
              RenderInline {FONT} at (0,0) size 3x11
                RenderText {#text} at (0,0) size 3x11
                  text run at (0,0) width 3: " "
            RenderTableCell {TD} at (478,55) size 9x11 [bgcolor=#939494] [r=5 c=61 rs=1 cs=1]
              RenderInline {FONT} at (0,0) size 3x11
                RenderText {#text} at (0,0) size 3x11
                  text run at (0,0) width 3: " "
            RenderTableCell {TD} at (486,55) size 9x11 [bgcolor=#469191] [r=5 c=62 rs=1 cs=1]
              RenderInline {FONT} at (0,0) size 3x11
                RenderText {#text} at (0,0) size 3x11
                  text run at (0,0) width 3: " "
            RenderTableCell {TD} at (494,55) size 8x11 [bgcolor=#048485] [r=5 c=63 rs=1 cs=1]
              RenderInline {FONT} at (0,0) size 3x11
                RenderText {#text} at (0,0) size 3x11
                  text run at (0,0) width 3: " "
            RenderTableCell {TD} at (502,55) size 8x11 [bgcolor=#048485] [r=5 c=64 rs=1 cs=1]
              RenderInline {FONT} at (0,0) size 3x11
                RenderText {#text} at (0,0) size 3x11
                  text run at (0,0) width 3: " "
            RenderTableCell {TD} at (509,55) size 9x11 [bgcolor=#027777] [r=5 c=65 rs=1 cs=1]
              RenderInline {FONT} at (0,0) size 3x11
                RenderText {#text} at (0,0) size 3x11
                  text run at (0,0) width 3: " "
            RenderTableCell {TD} at (517,55) size 9x11 [bgcolor=#026766] [r=5 c=66 rs=1 cs=1]
              RenderInline {FONT} at (0,0) size 3x11
                RenderText {#text} at (0,0) size 3x11
                  text run at (0,0) width 3: " "
            RenderTableCell {TD} at (525,55) size 9x11 [bgcolor=#026766] [r=5 c=67 rs=1 cs=1]
              RenderInline {FONT} at (0,0) size 3x11
                RenderText {#text} at (0,0) size 3x11
                  text run at (0,0) width 3: " "
            RenderTableCell {TD} at (533,55) size 9x11 [bgcolor=#026766] [r=5 c=68 rs=1 cs=1]
              RenderInline {FONT} at (0,0) size 3x11
                RenderText {#text} at (0,0) size 3x11
                  text run at (0,0) width 3: " "
            RenderTableCell {TD} at (541,55) size 9x11 [bgcolor=#026766] [r=5 c=69 rs=1 cs=1]
              RenderInline {FONT} at (0,0) size 3x11
                RenderText {#text} at (0,0) size 3x11
                  text run at (0,0) width 3: " "
            RenderTableCell {TD} at (549,55) size 8x11 [bgcolor=#026766] [r=5 c=70 rs=1 cs=1]
              RenderInline {FONT} at (0,0) size 3x11
                RenderText {#text} at (0,0) size 3x11
                  text run at (0,0) width 3: " "
            RenderTableCell {TD} at (556,55) size 9x11 [bgcolor=#025E5E] [r=5 c=71 rs=1 cs=1]
              RenderInline {FONT} at (0,0) size 3x11
                RenderText {#text} at (0,0) size 3x11
                  text run at (0,0) width 3: " "
            RenderTableCell {TD} at (564,55) size 9x11 [bgcolor=#044F4F] [r=5 c=72 rs=1 cs=1]
              RenderInline {FONT} at (0,0) size 3x11
                RenderText {#text} at (0,0) size 3x11
                  text run at (0,0) width 3: " "
            RenderTableCell {TD} at (572,55) size 9x11 [bgcolor=#044140] [r=5 c=73 rs=1 cs=1]
              RenderInline {FONT} at (0,0) size 3x11
                RenderText {#text} at (0,0) size 3x11
                  text run at (0,0) width 3: " "
            RenderTableCell {TD} at (580,55) size 9x11 [bgcolor=#083131] [r=5 c=74 rs=1 cs=1]
              RenderInline {FONT} at (0,0) size 3x11
                RenderText {#text} at (0,0) size 3x11
                  text run at (0,0) width 3: " "
            RenderTableCell {TD} at (588,55) size 9x11 [bgcolor=#083131] [r=5 c=75 rs=1 cs=1]
              RenderInline {FONT} at (0,0) size 3x11
                RenderText {#text} at (0,0) size 3x11
                  text run at (0,0) width 3: " "
            RenderTableCell {TD} at (596,55) size 8x11 [bgcolor=#223C3D] [r=5 c=76 rs=1 cs=1]
              RenderInline {FONT} at (0,0) size 3x11
                RenderText {#text} at (0,0) size 3x11
                  text run at (0,0) width 3: " "
            RenderTableCell {TD} at (603,55) size 9x11 [bgcolor=#274C4D] [r=5 c=77 rs=1 cs=1]
              RenderInline {FONT} at (0,0) size 3x11
                RenderText {#text} at (0,0) size 3x11
                  text run at (0,0) width 3: " "
            RenderTableCell {TD} at (611,55) size 9x11 [bgcolor=#025E5E] [r=5 c=78 rs=1 cs=1]
              RenderInline {FONT} at (0,0) size 3x11
                RenderText {#text} at (0,0) size 3x11
                  text run at (0,0) width 3: " "
            RenderTableCell {TD} at (619,55) size 9x11 [bgcolor=#026766] [r=5 c=79 rs=1 cs=1]
              RenderInline {FONT} at (0,0) size 3x11
                RenderText {#text} at (0,0) size 3x11
                  text run at (0,0) width 3: " "
            RenderTableCell {TD} at (627,55) size 9x11 [bgcolor=#026766] [r=5 c=80 rs=1 cs=1]
              RenderInline {FONT} at (0,0) size 3x11
                RenderText {#text} at (0,0) size 3x11
                  text run at (0,0) width 3: " "
            RenderTableCell {TD} at (635,55) size 9x11 [bgcolor=#026766] [r=5 c=81 rs=1 cs=1]
              RenderInline {FONT} at (0,0) size 3x11
                RenderText {#text} at (0,0) size 3x11
                  text run at (0,0) width 3: " "
            RenderTableCell {TD} at (643,55) size 9x11 [bgcolor=#026766] [r=5 c=82 rs=1 cs=1]
              RenderInline {FONT} at (0,0) size 3x11
                RenderText {#text} at (0,0) size 3x11
                  text run at (0,0) width 3: " "
            RenderTableCell {TD} at (651,55) size 8x11 [bgcolor=#026766] [r=5 c=83 rs=1 cs=1]
              RenderInline {FONT} at (0,0) size 3x11
                RenderText {#text} at (0,0) size 3x11
                  text run at (0,0) width 3: " "
            RenderTableCell {TD} at (658,55) size 9x11 [bgcolor=#026766] [r=5 c=84 rs=1 cs=1]
              RenderInline {FONT} at (0,0) size 3x11
                RenderText {#text} at (0,0) size 3x11
                  text run at (0,0) width 3: " "
            RenderTableCell {TD} at (666,55) size 9x11 [bgcolor=#026766] [r=5 c=85 rs=1 cs=1]
              RenderInline {FONT} at (0,0) size 3x11
                RenderText {#text} at (0,0) size 3x11
                  text run at (0,0) width 3: " "
            RenderTableCell {TD} at (674,55) size 9x11 [bgcolor=#026766] [r=5 c=86 rs=1 cs=1]
              RenderInline {FONT} at (0,0) size 3x11
                RenderText {#text} at (0,0) size 3x11
                  text run at (0,0) width 3: " "
            RenderTableCell {TD} at (682,55) size 9x11 [bgcolor=#026766] [r=5 c=87 rs=1 cs=1]
              RenderInline {FONT} at (0,0) size 3x11
                RenderText {#text} at (0,0) size 3x11
                  text run at (0,0) width 3: " "
            RenderTableCell {TD} at (690,55) size 9x11 [bgcolor=#026766] [r=5 c=88 rs=1 cs=1]
              RenderInline {FONT} at (0,0) size 3x11
                RenderText {#text} at (0,0) size 3x11
                  text run at (0,0) width 3: " "
            RenderTableCell {TD} at (698,55) size 8x11 [bgcolor=#026766] [r=5 c=89 rs=1 cs=1]
              RenderInline {FONT} at (0,0) size 3x11
                RenderText {#text} at (0,0) size 3x11
                  text run at (0,0) width 3: " "
            RenderTableCell {TD} at (705,55) size 9x11 [bgcolor=#026766] [r=5 c=90 rs=1 cs=1]
              RenderInline {FONT} at (0,0) size 3x11
                RenderText {#text} at (0,0) size 3x11
                  text run at (0,0) width 3: " "
            RenderTableCell {TD} at (713,55) size 9x11 [bgcolor=#025E5E] [r=5 c=91 rs=1 cs=1]
              RenderInline {FONT} at (0,0) size 3x11
                RenderText {#text} at (0,0) size 3x11
                  text run at (0,0) width 3: " "
            RenderTableCell {TD} at (721,55) size 9x11 [bgcolor=#044F4F] [r=5 c=92 rs=1 cs=1]
              RenderInline {FONT} at (0,0) size 3x11
                RenderText {#text} at (0,0) size 3x11
                  text run at (0,0) width 3: " "
            RenderTableCell {TD} at (729,55) size 9x11 [bgcolor=#044140] [r=5 c=93 rs=1 cs=1]
              RenderInline {FONT} at (0,0) size 3x11
                RenderText {#text} at (0,0) size 3x11
                  text run at (0,0) width 3: " "
            RenderTableCell {TD} at (737,55) size 9x11 [bgcolor=#223C3D] [r=5 c=94 rs=1 cs=1]
              RenderInline {FONT} at (0,0) size 3x11
                RenderText {#text} at (0,0) size 3x11
                  text run at (0,0) width 3: " "
            RenderTableCell {TD} at (745,55) size 8x11 [bgcolor=#696A69] [r=5 c=95 rs=1 cs=1]
              RenderInline {FONT} at (0,0) size 3x11
                RenderText {#text} at (0,0) size 3x11
                  text run at (0,0) width 3: " "
            RenderTableCell {TD} at (753,55) size 8x11 [bgcolor=#848788] [r=5 c=96 rs=1 cs=1]
              RenderInline {FONT} at (0,0) size 3x11
                RenderText {#text} at (0,0) size 3x11
                  text run at (0,0) width 3: " "
            RenderTableCell {TD} at (760,55) size 9x11 [bgcolor=#939494] [r=5 c=97 rs=1 cs=1]
              RenderInline {FONT} at (0,0) size 3x11
                RenderText {#text} at (0,0) size 3x11
                  text run at (0,0) width 3: " "
            RenderTableCell {TD} at (768,55) size 9x11 [bgcolor=#777878] [r=5 c=98 rs=1 cs=1]
              RenderInline {FONT} at (0,0) size 3x11
                RenderText {#text} at (0,0) size 3x11
                  text run at (0,0) width 3: " "
            RenderTableCell {TD} at (776,55) size 9x11 [bgcolor=#515C5B] [r=5 c=99 rs=1 cs=1]
              RenderInline {FONT} at (0,0) size 3x11
                RenderText {#text} at (0,0) size 3x11
                  text run at (0,0) width 3: " "
          RenderTableRow {TR} at (0,66) size 784x11
            RenderTableCell {TD} at (0,66) size 8x11 [bgcolor=#FDFDFB] [r=6 c=0 rs=1 cs=1]
              RenderInline {FONT} at (0,0) size 3x11
                RenderText {#text} at (0,0) size 3x11
                  text run at (0,0) width 3: " "
            RenderTableCell {TD} at (7,66) size 9x11 [bgcolor=#FDFDFB] [r=6 c=1 rs=1 cs=1]
              RenderInline {FONT} at (0,0) size 3x11
                RenderText {#text} at (0,0) size 3x11
                  text run at (0,0) width 3: " "
            RenderTableCell {TD} at (15,66) size 9x11 [bgcolor=#A4CCCC] [r=6 c=2 rs=1 cs=1]
              RenderInline {FONT} at (0,0) size 3x11
                RenderText {#text} at (0,0) size 3x11
                  text run at (0,0) width 3: " "
            RenderTableCell {TD} at (23,66) size 9x11 [bgcolor=#048485] [r=6 c=3 rs=1 cs=1]
              RenderInline {FONT} at (0,0) size 3x11
                RenderText {#text} at (0,0) size 3x11
                  text run at (0,0) width 3: " "
            RenderTableCell {TD} at (31,66) size 9x11 [bgcolor=#048485] [r=6 c=4 rs=1 cs=1]
              RenderInline {FONT} at (0,0) size 3x11
                RenderText {#text} at (0,0) size 3x11
                  text run at (0,0) width 3: " "
            RenderTableCell {TD} at (39,66) size 9x11 [bgcolor=#027777] [r=6 c=5 rs=1 cs=1]
              RenderInline {FONT} at (0,0) size 3x11
                RenderText {#text} at (0,0) size 3x11
                  text run at (0,0) width 3: " "
            RenderTableCell {TD} at (47,66) size 8x11 [bgcolor=#026766] [r=6 c=6 rs=1 cs=1]
              RenderInline {FONT} at (0,0) size 3x11
                RenderText {#text} at (0,0) size 3x11
                  text run at (0,0) width 3: " "
            RenderTableCell {TD} at (54,66) size 9x11 [bgcolor=#026766] [r=6 c=7 rs=1 cs=1]
              RenderInline {FONT} at (0,0) size 3x11
                RenderText {#text} at (0,0) size 3x11
                  text run at (0,0) width 3: " "
            RenderTableCell {TD} at (62,66) size 9x11 [bgcolor=#026766] [r=6 c=8 rs=1 cs=1]
              RenderInline {FONT} at (0,0) size 3x11
                RenderText {#text} at (0,0) size 3x11
                  text run at (0,0) width 3: " "
            RenderTableCell {TD} at (70,66) size 9x11 [bgcolor=#026766] [r=6 c=9 rs=1 cs=1]
              RenderInline {FONT} at (0,0) size 3x11
                RenderText {#text} at (0,0) size 3x11
                  text run at (0,0) width 3: " "
            RenderTableCell {TD} at (78,66) size 9x11 [bgcolor=#026766] [r=6 c=10 rs=1 cs=1]
              RenderInline {FONT} at (0,0) size 3x11
                RenderText {#text} at (0,0) size 3x11
                  text run at (0,0) width 3: " "
            RenderTableCell {TD} at (86,66) size 9x11 [bgcolor=#025E5E] [r=6 c=11 rs=1 cs=1]
              RenderInline {FONT} at (0,0) size 3x11
                RenderText {#text} at (0,0) size 3x11
                  text run at (0,0) width 3: " "
            RenderTableCell {TD} at (94,66) size 8x11 [bgcolor=#025E5E] [r=6 c=12 rs=1 cs=1]
              RenderInline {FONT} at (0,0) size 3x11
                RenderText {#text} at (0,0) size 3x11
                  text run at (0,0) width 3: " "
            RenderTableCell {TD} at (101,66) size 9x11 [bgcolor=#044140] [r=6 c=13 rs=1 cs=1]
              RenderInline {FONT} at (0,0) size 3x11
                RenderText {#text} at (0,0) size 3x11
                  text run at (0,0) width 3: " "
            RenderTableCell {TD} at (109,66) size 9x11 [bgcolor=#223C3D] [r=6 c=14 rs=1 cs=1]
              RenderInline {FONT} at (0,0) size 3x11
                RenderText {#text} at (0,0) size 3x11
                  text run at (0,0) width 3: " "
            RenderTableCell {TD} at (117,66) size 9x11 [bgcolor=#696A69] [r=6 c=15 rs=1 cs=1]
              RenderInline {FONT} at (0,0) size 3x11
                RenderText {#text} at (0,0) size 3x11
                  text run at (0,0) width 3: " "
            RenderTableCell {TD} at (125,66) size 9x11 [bgcolor=#A5A6A6] [r=6 c=16 rs=1 cs=1]
              RenderInline {FONT} at (0,0) size 3x11
                RenderText {#text} at (0,0) size 3x11
                  text run at (0,0) width 3: " "
            RenderTableCell {TD} at (133,66) size 9x11 [bgcolor=#B4B4B4] [r=6 c=17 rs=1 cs=1]
              RenderInline {FONT} at (0,0) size 3x11
                RenderText {#text} at (0,0) size 3x11
                  text run at (0,0) width 3: " "
            RenderTableCell {TD} at (141,66) size 9x11 [bgcolor=#848788] [r=6 c=18 rs=1 cs=1]
              RenderInline {FONT} at (0,0) size 3x11
                RenderText {#text} at (0,0) size 3x11
                  text run at (0,0) width 3: " "
            RenderTableCell {TD} at (149,66) size 8x11 [bgcolor=#1E7A79] [r=6 c=19 rs=1 cs=1]
              RenderInline {FONT} at (0,0) size 3x11
                RenderText {#text} at (0,0) size 3x11
                  text run at (0,0) width 3: " "
            RenderTableCell {TD} at (156,66) size 9x11 [bgcolor=#027777] [r=6 c=20 rs=1 cs=1]
              RenderInline {FONT} at (0,0) size 3x11
                RenderText {#text} at (0,0) size 3x11
                  text run at (0,0) width 3: " "
            RenderTableCell {TD} at (164,66) size 9x11 [bgcolor=#026766] [r=6 c=21 rs=1 cs=1]
              RenderInline {FONT} at (0,0) size 3x11
                RenderText {#text} at (0,0) size 3x11
                  text run at (0,0) width 3: " "
            RenderTableCell {TD} at (172,66) size 9x11 [bgcolor=#026766] [r=6 c=22 rs=1 cs=1]
              RenderInline {FONT} at (0,0) size 3x11
                RenderText {#text} at (0,0) size 3x11
                  text run at (0,0) width 3: " "
            RenderTableCell {TD} at (180,66) size 9x11 [bgcolor=#026766] [r=6 c=23 rs=1 cs=1]
              RenderInline {FONT} at (0,0) size 3x11
                RenderText {#text} at (0,0) size 3x11
                  text run at (0,0) width 3: " "
            RenderTableCell {TD} at (188,66) size 9x11 [bgcolor=#026766] [r=6 c=24 rs=1 cs=1]
              RenderInline {FONT} at (0,0) size 3x11
                RenderText {#text} at (0,0) size 3x11
                  text run at (0,0) width 3: " "
            RenderTableCell {TD} at (196,66) size 8x11 [bgcolor=#026766] [r=6 c=25 rs=1 cs=1]
              RenderInline {FONT} at (0,0) size 3x11
                RenderText {#text} at (0,0) size 3x11
                  text run at (0,0) width 3: " "
            RenderTableCell {TD} at (203,66) size 9x11 [bgcolor=#026766] [r=6 c=26 rs=1 cs=1]
              RenderInline {FONT} at (0,0) size 3x11
                RenderText {#text} at (0,0) size 3x11
                  text run at (0,0) width 3: " "
            RenderTableCell {TD} at (211,66) size 9x11 [bgcolor=#026766] [r=6 c=27 rs=1 cs=1]
              RenderInline {FONT} at (0,0) size 3x11
                RenderText {#text} at (0,0) size 3x11
                  text run at (0,0) width 3: " "
            RenderTableCell {TD} at (219,66) size 9x11 [bgcolor=#025E5E] [r=6 c=28 rs=1 cs=1]
              RenderInline {FONT} at (0,0) size 3x11
                RenderText {#text} at (0,0) size 3x11
                  text run at (0,0) width 3: " "
            RenderTableCell {TD} at (227,66) size 9x11 [bgcolor=#025E5E] [r=6 c=29 rs=1 cs=1]
              RenderInline {FONT} at (0,0) size 3x11
                RenderText {#text} at (0,0) size 3x11
                  text run at (0,0) width 3: " "
            RenderTableCell {TD} at (235,66) size 9x11 [bgcolor=#044F4F] [r=6 c=30 rs=1 cs=1]
              RenderInline {FONT} at (0,0) size 3x11
                RenderText {#text} at (0,0) size 3x11
                  text run at (0,0) width 3: " "
            RenderTableCell {TD} at (243,66) size 8x11 [bgcolor=#696A69] [r=6 c=31 rs=1 cs=1]
              RenderInline {FONT} at (0,0) size 3x11
                RenderText {#text} at (0,0) size 3x11
                  text run at (0,0) width 3: " "
            RenderTableCell {TD} at (251,66) size 8x11 [bgcolor=#848788] [r=6 c=32 rs=1 cs=1]
              RenderInline {FONT} at (0,0) size 3x11
                RenderText {#text} at (0,0) size 3x11
                  text run at (0,0) width 3: " "
            RenderTableCell {TD} at (258,66) size 9x11 [bgcolor=#939494] [r=6 c=33 rs=1 cs=1]
              RenderInline {FONT} at (0,0) size 3x11
                RenderText {#text} at (0,0) size 3x11
                  text run at (0,0) width 3: " "
            RenderTableCell {TD} at (266,66) size 9x11 [bgcolor=#939494] [r=6 c=34 rs=1 cs=1]
              RenderInline {FONT} at (0,0) size 3x11
                RenderText {#text} at (0,0) size 3x11
                  text run at (0,0) width 3: " "
            RenderTableCell {TD} at (274,66) size 9x11 [bgcolor=#7B918F] [r=6 c=35 rs=1 cs=1]
              RenderInline {FONT} at (0,0) size 3x11
                RenderText {#text} at (0,0) size 3x11
                  text run at (0,0) width 3: " "
            RenderTableCell {TD} at (282,66) size 9x11 [bgcolor=#027777] [r=6 c=36 rs=1 cs=1]
              RenderInline {FONT} at (0,0) size 3x11
                RenderText {#text} at (0,0) size 3x11
                  text run at (0,0) width 3: " "
            RenderTableCell {TD} at (290,66) size 9x11 [bgcolor=#027777] [r=6 c=37 rs=1 cs=1]
              RenderInline {FONT} at (0,0) size 3x11
                RenderText {#text} at (0,0) size 3x11
                  text run at (0,0) width 3: " "
            RenderTableCell {TD} at (298,66) size 8x11 [bgcolor=#026766] [r=6 c=38 rs=1 cs=1]
              RenderInline {FONT} at (0,0) size 3x11
                RenderText {#text} at (0,0) size 3x11
                  text run at (0,0) width 3: " "
            RenderTableCell {TD} at (305,66) size 9x11 [bgcolor=#026766] [r=6 c=39 rs=1 cs=1]
              RenderInline {FONT} at (0,0) size 3x11
                RenderText {#text} at (0,0) size 3x11
                  text run at (0,0) width 3: " "
            RenderTableCell {TD} at (313,66) size 9x11 [bgcolor=#026766] [r=6 c=40 rs=1 cs=1]
              RenderInline {FONT} at (0,0) size 3x11
                RenderText {#text} at (0,0) size 3x11
                  text run at (0,0) width 3: " "
            RenderTableCell {TD} at (321,66) size 9x11 [bgcolor=#026766] [r=6 c=41 rs=1 cs=1]
              RenderInline {FONT} at (0,0) size 3x11
                RenderText {#text} at (0,0) size 3x11
                  text run at (0,0) width 3: " "
            RenderTableCell {TD} at (329,66) size 9x11 [bgcolor=#026766] [r=6 c=42 rs=1 cs=1]
              RenderInline {FONT} at (0,0) size 3x11
                RenderText {#text} at (0,0) size 3x11
                  text run at (0,0) width 3: " "
            RenderTableCell {TD} at (337,66) size 9x11 [bgcolor=#026766] [r=6 c=43 rs=1 cs=1]
              RenderInline {FONT} at (0,0) size 3x11
                RenderText {#text} at (0,0) size 3x11
                  text run at (0,0) width 3: " "
            RenderTableCell {TD} at (345,66) size 8x11 [bgcolor=#026766] [r=6 c=44 rs=1 cs=1]
              RenderInline {FONT} at (0,0) size 3x11
                RenderText {#text} at (0,0) size 3x11
                  text run at (0,0) width 3: " "
            RenderTableCell {TD} at (352,66) size 9x11 [bgcolor=#026766] [r=6 c=45 rs=1 cs=1]
              RenderInline {FONT} at (0,0) size 3x11
                RenderText {#text} at (0,0) size 3x11
                  text run at (0,0) width 3: " "
            RenderTableCell {TD} at (360,66) size 9x11 [bgcolor=#026766] [r=6 c=46 rs=1 cs=1]
              RenderInline {FONT} at (0,0) size 3x11
                RenderText {#text} at (0,0) size 3x11
                  text run at (0,0) width 3: " "
            RenderTableCell {TD} at (368,66) size 9x11 [bgcolor=#026766] [r=6 c=47 rs=1 cs=1]
              RenderInline {FONT} at (0,0) size 3x11
                RenderText {#text} at (0,0) size 3x11
                  text run at (0,0) width 3: " "
            RenderTableCell {TD} at (376,66) size 9x11 [bgcolor=#469191] [r=6 c=48 rs=1 cs=1]
              RenderInline {FONT} at (0,0) size 3x11
                RenderText {#text} at (0,0) size 3x11
                  text run at (0,0) width 3: " "
            RenderTableCell {TD} at (384,66) size 9x11 [bgcolor=#72A3A1] [r=6 c=49 rs=1 cs=1]
              RenderInline {FONT} at (0,0) size 3x11
                RenderText {#text} at (0,0) size 3x11
                  text run at (0,0) width 3: " "
            RenderTableCell {TD} at (392,66) size 9x11 [bgcolor=#338686] [r=6 c=50 rs=1 cs=1]
              RenderInline {FONT} at (0,0) size 3x11
                RenderText {#text} at (0,0) size 3x11
                  text run at (0,0) width 3: " "
            RenderTableCell {TD} at (400,66) size 8x11 [bgcolor=#025E5E] [r=6 c=51 rs=1 cs=1]
              RenderInline {FONT} at (0,0) size 3x11
                RenderText {#text} at (0,0) size 3x11
                  text run at (0,0) width 3: " "
            RenderTableCell {TD} at (407,66) size 9x11 [bgcolor=#044140] [r=6 c=52 rs=1 cs=1]
              RenderInline {FONT} at (0,0) size 3x11
                RenderText {#text} at (0,0) size 3x11
                  text run at (0,0) width 3: " "
            RenderTableCell {TD} at (415,66) size 9x11 [bgcolor=#083131] [r=6 c=53 rs=1 cs=1]
              RenderInline {FONT} at (0,0) size 3x11
                RenderText {#text} at (0,0) size 3x11
                  text run at (0,0) width 3: " "
            RenderTableCell {TD} at (423,66) size 9x11 [bgcolor=#083131] [r=6 c=54 rs=1 cs=1]
              RenderInline {FONT} at (0,0) size 3x11
                RenderText {#text} at (0,0) size 3x11
                  text run at (0,0) width 3: " "
            RenderTableCell {TD} at (431,66) size 9x11 [bgcolor=#2D3433] [r=6 c=55 rs=1 cs=1]
              RenderInline {FONT} at (0,0) size 3x11
                RenderText {#text} at (0,0) size 3x11
                  text run at (0,0) width 3: " "
            RenderTableCell {TD} at (439,66) size 9x11 [bgcolor=#3D4242] [r=6 c=56 rs=1 cs=1]
              RenderInline {FONT} at (0,0) size 3x11
                RenderText {#text} at (0,0) size 3x11
                  text run at (0,0) width 3: " "
            RenderTableCell {TD} at (447,66) size 8x11 [bgcolor=#515C5B] [r=6 c=57 rs=1 cs=1]
              RenderInline {FONT} at (0,0) size 3x11
                RenderText {#text} at (0,0) size 3x11
                  text run at (0,0) width 3: " "
            RenderTableCell {TD} at (454,66) size 9x11 [bgcolor=#777878] [r=6 c=58 rs=1 cs=1]
              RenderInline {FONT} at (0,0) size 3x11
                RenderText {#text} at (0,0) size 3x11
                  text run at (0,0) width 3: " "
            RenderTableCell {TD} at (462,66) size 9x11 [bgcolor=#848788] [r=6 c=59 rs=1 cs=1]
              RenderInline {FONT} at (0,0) size 3x11
                RenderText {#text} at (0,0) size 3x11
                  text run at (0,0) width 3: " "
            RenderTableCell {TD} at (470,66) size 9x11 [bgcolor=#939494] [r=6 c=60 rs=1 cs=1]
              RenderInline {FONT} at (0,0) size 3x11
                RenderText {#text} at (0,0) size 3x11
                  text run at (0,0) width 3: " "
            RenderTableCell {TD} at (478,66) size 9x11 [bgcolor=#5A8787] [r=6 c=61 rs=1 cs=1]
              RenderInline {FONT} at (0,0) size 3x11
                RenderText {#text} at (0,0) size 3x11
                  text run at (0,0) width 3: " "
            RenderTableCell {TD} at (486,66) size 9x11 [bgcolor=#048485] [r=6 c=62 rs=1 cs=1]
              RenderInline {FONT} at (0,0) size 3x11
                RenderText {#text} at (0,0) size 3x11
                  text run at (0,0) width 3: " "
            RenderTableCell {TD} at (494,66) size 8x11 [bgcolor=#048485] [r=6 c=63 rs=1 cs=1]
              RenderInline {FONT} at (0,0) size 3x11
                RenderText {#text} at (0,0) size 3x11
                  text run at (0,0) width 3: " "
            RenderTableCell {TD} at (502,66) size 8x11 [bgcolor=#027777] [r=6 c=64 rs=1 cs=1]
              RenderInline {FONT} at (0,0) size 3x11
                RenderText {#text} at (0,0) size 3x11
                  text run at (0,0) width 3: " "
            RenderTableCell {TD} at (509,66) size 9x11 [bgcolor=#026766] [r=6 c=65 rs=1 cs=1]
              RenderInline {FONT} at (0,0) size 3x11
                RenderText {#text} at (0,0) size 3x11
                  text run at (0,0) width 3: " "
            RenderTableCell {TD} at (517,66) size 9x11 [bgcolor=#026766] [r=6 c=66 rs=1 cs=1]
              RenderInline {FONT} at (0,0) size 3x11
                RenderText {#text} at (0,0) size 3x11
                  text run at (0,0) width 3: " "
            RenderTableCell {TD} at (525,66) size 9x11 [bgcolor=#026766] [r=6 c=67 rs=1 cs=1]
              RenderInline {FONT} at (0,0) size 3x11
                RenderText {#text} at (0,0) size 3x11
                  text run at (0,0) width 3: " "
            RenderTableCell {TD} at (533,66) size 9x11 [bgcolor=#026766] [r=6 c=68 rs=1 cs=1]
              RenderInline {FONT} at (0,0) size 3x11
                RenderText {#text} at (0,0) size 3x11
                  text run at (0,0) width 3: " "
            RenderTableCell {TD} at (541,66) size 9x11 [bgcolor=#026766] [r=6 c=69 rs=1 cs=1]
              RenderInline {FONT} at (0,0) size 3x11
                RenderText {#text} at (0,0) size 3x11
                  text run at (0,0) width 3: " "
            RenderTableCell {TD} at (549,66) size 8x11 [bgcolor=#1A6B6A] [r=6 c=70 rs=1 cs=1]
              RenderInline {FONT} at (0,0) size 3x11
                RenderText {#text} at (0,0) size 3x11
                  text run at (0,0) width 3: " "
            RenderTableCell {TD} at (556,66) size 9x11 [bgcolor=#589594] [r=6 c=71 rs=1 cs=1]
              RenderInline {FONT} at (0,0) size 3x11
                RenderText {#text} at (0,0) size 3x11
                  text run at (0,0) width 3: " "
            RenderTableCell {TD} at (564,66) size 9x11 [bgcolor=#7B918F] [r=6 c=72 rs=1 cs=1]
              RenderInline {FONT} at (0,0) size 3x11
                RenderText {#text} at (0,0) size 3x11
                  text run at (0,0) width 3: " "
            RenderTableCell {TD} at (572,66) size 9x11 [bgcolor=#274C4D] [r=6 c=73 rs=1 cs=1]
              RenderInline {FONT} at (0,0) size 3x11
                RenderText {#text} at (0,0) size 3x11
                  text run at (0,0) width 3: " "
            RenderTableCell {TD} at (580,66) size 9x11 [bgcolor=#2D3433] [r=6 c=74 rs=1 cs=1]
              RenderInline {FONT} at (0,0) size 3x11
                RenderText {#text} at (0,0) size 3x11
                  text run at (0,0) width 3: " "
            RenderTableCell {TD} at (588,66) size 9x11 [bgcolor=#3D4242] [r=6 c=75 rs=1 cs=1]
              RenderInline {FONT} at (0,0) size 3x11
                RenderText {#text} at (0,0) size 3x11
                  text run at (0,0) width 3: " "
            RenderTableCell {TD} at (596,66) size 8x11 [bgcolor=#4D4F4F] [r=6 c=76 rs=1 cs=1]
              RenderInline {FONT} at (0,0) size 3x11
                RenderText {#text} at (0,0) size 3x11
                  text run at (0,0) width 3: " "
            RenderTableCell {TD} at (603,66) size 9x11 [bgcolor=#515C5B] [r=6 c=77 rs=1 cs=1]
              RenderInline {FONT} at (0,0) size 3x11
                RenderText {#text} at (0,0) size 3x11
                  text run at (0,0) width 3: " "
            RenderTableCell {TD} at (611,66) size 9x11 [bgcolor=#1A6B6A] [r=6 c=78 rs=1 cs=1]
              RenderInline {FONT} at (0,0) size 3x11
                RenderText {#text} at (0,0) size 3x11
                  text run at (0,0) width 3: " "
            RenderTableCell {TD} at (619,66) size 9x11 [bgcolor=#026766] [r=6 c=79 rs=1 cs=1]
              RenderInline {FONT} at (0,0) size 3x11
                RenderText {#text} at (0,0) size 3x11
                  text run at (0,0) width 3: " "
            RenderTableCell {TD} at (627,66) size 9x11 [bgcolor=#026766] [r=6 c=80 rs=1 cs=1]
              RenderInline {FONT} at (0,0) size 3x11
                RenderText {#text} at (0,0) size 3x11
                  text run at (0,0) width 3: " "
            RenderTableCell {TD} at (635,66) size 9x11 [bgcolor=#026766] [r=6 c=81 rs=1 cs=1]
              RenderInline {FONT} at (0,0) size 3x11
                RenderText {#text} at (0,0) size 3x11
                  text run at (0,0) width 3: " "
            RenderTableCell {TD} at (643,66) size 9x11 [bgcolor=#026766] [r=6 c=82 rs=1 cs=1]
              RenderInline {FONT} at (0,0) size 3x11
                RenderText {#text} at (0,0) size 3x11
                  text run at (0,0) width 3: " "
            RenderTableCell {TD} at (651,66) size 8x11 [bgcolor=#026766] [r=6 c=83 rs=1 cs=1]
              RenderInline {FONT} at (0,0) size 3x11
                RenderText {#text} at (0,0) size 3x11
                  text run at (0,0) width 3: " "
            RenderTableCell {TD} at (658,66) size 9x11 [bgcolor=#026766] [r=6 c=84 rs=1 cs=1]
              RenderInline {FONT} at (0,0) size 3x11
                RenderText {#text} at (0,0) size 3x11
                  text run at (0,0) width 3: " "
            RenderTableCell {TD} at (666,66) size 9x11 [bgcolor=#026766] [r=6 c=85 rs=1 cs=1]
              RenderInline {FONT} at (0,0) size 3x11
                RenderText {#text} at (0,0) size 3x11
                  text run at (0,0) width 3: " "
            RenderTableCell {TD} at (674,66) size 9x11 [bgcolor=#026766] [r=6 c=86 rs=1 cs=1]
              RenderInline {FONT} at (0,0) size 3x11
                RenderText {#text} at (0,0) size 3x11
                  text run at (0,0) width 3: " "
            RenderTableCell {TD} at (682,66) size 9x11 [bgcolor=#026766] [r=6 c=87 rs=1 cs=1]
              RenderInline {FONT} at (0,0) size 3x11
                RenderText {#text} at (0,0) size 3x11
                  text run at (0,0) width 3: " "
            RenderTableCell {TD} at (690,66) size 9x11 [bgcolor=#026766] [r=6 c=88 rs=1 cs=1]
              RenderInline {FONT} at (0,0) size 3x11
                RenderText {#text} at (0,0) size 3x11
                  text run at (0,0) width 3: " "
            RenderTableCell {TD} at (698,66) size 8x11 [bgcolor=#026766] [r=6 c=89 rs=1 cs=1]
              RenderInline {FONT} at (0,0) size 3x11
                RenderText {#text} at (0,0) size 3x11
                  text run at (0,0) width 3: " "
            RenderTableCell {TD} at (705,66) size 9x11 [bgcolor=#026766] [r=6 c=90 rs=1 cs=1]
              RenderInline {FONT} at (0,0) size 3x11
                RenderText {#text} at (0,0) size 3x11
                  text run at (0,0) width 3: " "
            RenderTableCell {TD} at (713,66) size 9x11 [bgcolor=#025E5E] [r=6 c=91 rs=1 cs=1]
              RenderInline {FONT} at (0,0) size 3x11
                RenderText {#text} at (0,0) size 3x11
                  text run at (0,0) width 3: " "
            RenderTableCell {TD} at (721,66) size 9x11 [bgcolor=#044F4F] [r=6 c=92 rs=1 cs=1]
              RenderInline {FONT} at (0,0) size 3x11
                RenderText {#text} at (0,0) size 3x11
                  text run at (0,0) width 3: " "
            RenderTableCell {TD} at (729,66) size 9x11 [bgcolor=#044140] [r=6 c=93 rs=1 cs=1]
              RenderInline {FONT} at (0,0) size 3x11
                RenderText {#text} at (0,0) size 3x11
                  text run at (0,0) width 3: " "
            RenderTableCell {TD} at (737,66) size 9x11 [bgcolor=#223C3D] [r=6 c=94 rs=1 cs=1]
              RenderInline {FONT} at (0,0) size 3x11
                RenderText {#text} at (0,0) size 3x11
                  text run at (0,0) width 3: " "
            RenderTableCell {TD} at (745,66) size 8x11 [bgcolor=#5E5F60] [r=6 c=95 rs=1 cs=1]
              RenderInline {FONT} at (0,0) size 3x11
                RenderText {#text} at (0,0) size 3x11
                  text run at (0,0) width 3: " "
            RenderTableCell {TD} at (753,66) size 8x11 [bgcolor=#777878] [r=6 c=96 rs=1 cs=1]
              RenderInline {FONT} at (0,0) size 3x11
                RenderText {#text} at (0,0) size 3x11
                  text run at (0,0) width 3: " "
            RenderTableCell {TD} at (760,66) size 9x11 [bgcolor=#848788] [r=6 c=97 rs=1 cs=1]
              RenderInline {FONT} at (0,0) size 3x11
                RenderText {#text} at (0,0) size 3x11
                  text run at (0,0) width 3: " "
            RenderTableCell {TD} at (768,66) size 9x11 [bgcolor=#777878] [r=6 c=98 rs=1 cs=1]
              RenderInline {FONT} at (0,0) size 3x11
                RenderText {#text} at (0,0) size 3x11
                  text run at (0,0) width 3: " "
            RenderTableCell {TD} at (776,66) size 9x11 [bgcolor=#4D4F4F] [r=6 c=99 rs=1 cs=1]
              RenderInline {FONT} at (0,0) size 3x11
                RenderText {#text} at (0,0) size 3x11
                  text run at (0,0) width 3: " "
          RenderTableRow {TR} at (0,77) size 784x11
            RenderTableCell {TD} at (0,77) size 8x11 [bgcolor=#FDFDFB] [r=7 c=0 rs=1 cs=1]
              RenderInline {FONT} at (0,0) size 3x11
                RenderText {#text} at (0,0) size 3x11
                  text run at (0,0) width 3: " "
            RenderTableCell {TD} at (7,77) size 9x11 [bgcolor=#EDEEEF] [r=7 c=1 rs=1 cs=1]
              RenderInline {FONT} at (0,0) size 3x11
                RenderText {#text} at (0,0) size 3x11
                  text run at (0,0) width 3: " "
            RenderTableCell {TD} at (15,77) size 9x11 [bgcolor=#249393] [r=7 c=2 rs=1 cs=1]
              RenderInline {FONT} at (0,0) size 3x11
                RenderText {#text} at (0,0) size 3x11
                  text run at (0,0) width 3: " "
            RenderTableCell {TD} at (23,77) size 9x11 [bgcolor=#048485] [r=7 c=3 rs=1 cs=1]
              RenderInline {FONT} at (0,0) size 3x11
                RenderText {#text} at (0,0) size 3x11
                  text run at (0,0) width 3: " "
            RenderTableCell {TD} at (31,77) size 9x11 [bgcolor=#027777] [r=7 c=4 rs=1 cs=1]
              RenderInline {FONT} at (0,0) size 3x11
                RenderText {#text} at (0,0) size 3x11
                  text run at (0,0) width 3: " "
            RenderTableCell {TD} at (39,77) size 9x11 [bgcolor=#026766] [r=7 c=5 rs=1 cs=1]
              RenderInline {FONT} at (0,0) size 3x11
                RenderText {#text} at (0,0) size 3x11
                  text run at (0,0) width 3: " "
            RenderTableCell {TD} at (47,77) size 8x11 [bgcolor=#026766] [r=7 c=6 rs=1 cs=1]
              RenderInline {FONT} at (0,0) size 3x11
                RenderText {#text} at (0,0) size 3x11
                  text run at (0,0) width 3: " "
            RenderTableCell {TD} at (54,77) size 9x11 [bgcolor=#026766] [r=7 c=7 rs=1 cs=1]
              RenderInline {FONT} at (0,0) size 3x11
                RenderText {#text} at (0,0) size 3x11
                  text run at (0,0) width 3: " "
            RenderTableCell {TD} at (62,77) size 9x11 [bgcolor=#026766] [r=7 c=8 rs=1 cs=1]
              RenderInline {FONT} at (0,0) size 3x11
                RenderText {#text} at (0,0) size 3x11
                  text run at (0,0) width 3: " "
            RenderTableCell {TD} at (70,77) size 9x11 [bgcolor=#026766] [r=7 c=9 rs=1 cs=1]
              RenderInline {FONT} at (0,0) size 3x11
                RenderText {#text} at (0,0) size 3x11
                  text run at (0,0) width 3: " "
            RenderTableCell {TD} at (78,77) size 9x11 [bgcolor=#026766] [r=7 c=10 rs=1 cs=1]
              RenderInline {FONT} at (0,0) size 3x11
                RenderText {#text} at (0,0) size 3x11
                  text run at (0,0) width 3: " "
            RenderTableCell {TD} at (86,77) size 9x11 [bgcolor=#025E5E] [r=7 c=11 rs=1 cs=1]
              RenderInline {FONT} at (0,0) size 3x11
                RenderText {#text} at (0,0) size 3x11
                  text run at (0,0) width 3: " "
            RenderTableCell {TD} at (94,77) size 8x11 [bgcolor=#025E5E] [r=7 c=12 rs=1 cs=1]
              RenderInline {FONT} at (0,0) size 3x11
                RenderText {#text} at (0,0) size 3x11
                  text run at (0,0) width 3: " "
            RenderTableCell {TD} at (101,77) size 9x11 [bgcolor=#044140] [r=7 c=13 rs=1 cs=1]
              RenderInline {FONT} at (0,0) size 3x11
                RenderText {#text} at (0,0) size 3x11
                  text run at (0,0) width 3: " "
            RenderTableCell {TD} at (109,77) size 9x11 [bgcolor=#223C3D] [r=7 c=14 rs=1 cs=1]
              RenderInline {FONT} at (0,0) size 3x11
                RenderText {#text} at (0,0) size 3x11
                  text run at (0,0) width 3: " "
            RenderTableCell {TD} at (117,77) size 9x11 [bgcolor=#848788] [r=7 c=15 rs=1 cs=1]
              RenderInline {FONT} at (0,0) size 3x11
                RenderText {#text} at (0,0) size 3x11
                  text run at (0,0) width 3: " "
            RenderTableCell {TD} at (125,77) size 9x11 [bgcolor=#FDFDFB] [r=7 c=16 rs=1 cs=1]
              RenderInline {FONT} at (0,0) size 3x11
                RenderText {#text} at (0,0) size 3x11
                  text run at (0,0) width 3: " "
            RenderTableCell {TD} at (133,77) size 9x11 [bgcolor=#FDFDFB] [r=7 c=17 rs=1 cs=1]
              RenderInline {FONT} at (0,0) size 3x11
                RenderText {#text} at (0,0) size 3x11
                  text run at (0,0) width 3: " "
            RenderTableCell {TD} at (141,77) size 9x11 [bgcolor=#4D4F4F] [r=7 c=18 rs=1 cs=1]
              RenderInline {FONT} at (0,0) size 3x11
                RenderText {#text} at (0,0) size 3x11
                  text run at (0,0) width 3: " "
            RenderTableCell {TD} at (149,77) size 8x11 [bgcolor=#1E7A79] [r=7 c=19 rs=1 cs=1]
              RenderInline {FONT} at (0,0) size 3x11
                RenderText {#text} at (0,0) size 3x11
                  text run at (0,0) width 3: " "
            RenderTableCell {TD} at (156,77) size 9x11 [bgcolor=#027777] [r=7 c=20 rs=1 cs=1]
              RenderInline {FONT} at (0,0) size 3x11
                RenderText {#text} at (0,0) size 3x11
                  text run at (0,0) width 3: " "
            RenderTableCell {TD} at (164,77) size 9x11 [bgcolor=#026766] [r=7 c=21 rs=1 cs=1]
              RenderInline {FONT} at (0,0) size 3x11
                RenderText {#text} at (0,0) size 3x11
                  text run at (0,0) width 3: " "
            RenderTableCell {TD} at (172,77) size 9x11 [bgcolor=#026766] [r=7 c=22 rs=1 cs=1]
              RenderInline {FONT} at (0,0) size 3x11
                RenderText {#text} at (0,0) size 3x11
                  text run at (0,0) width 3: " "
            RenderTableCell {TD} at (180,77) size 9x11 [bgcolor=#026766] [r=7 c=23 rs=1 cs=1]
              RenderInline {FONT} at (0,0) size 3x11
                RenderText {#text} at (0,0) size 3x11
                  text run at (0,0) width 3: " "
            RenderTableCell {TD} at (188,77) size 9x11 [bgcolor=#026766] [r=7 c=24 rs=1 cs=1]
              RenderInline {FONT} at (0,0) size 3x11
                RenderText {#text} at (0,0) size 3x11
                  text run at (0,0) width 3: " "
            RenderTableCell {TD} at (196,77) size 8x11 [bgcolor=#026766] [r=7 c=25 rs=1 cs=1]
              RenderInline {FONT} at (0,0) size 3x11
                RenderText {#text} at (0,0) size 3x11
                  text run at (0,0) width 3: " "
            RenderTableCell {TD} at (203,77) size 9x11 [bgcolor=#026766] [r=7 c=26 rs=1 cs=1]
              RenderInline {FONT} at (0,0) size 3x11
                RenderText {#text} at (0,0) size 3x11
                  text run at (0,0) width 3: " "
            RenderTableCell {TD} at (211,77) size 9x11 [bgcolor=#026766] [r=7 c=27 rs=1 cs=1]
              RenderInline {FONT} at (0,0) size 3x11
                RenderText {#text} at (0,0) size 3x11
                  text run at (0,0) width 3: " "
            RenderTableCell {TD} at (219,77) size 9x11 [bgcolor=#025E5E] [r=7 c=28 rs=1 cs=1]
              RenderInline {FONT} at (0,0) size 3x11
                RenderText {#text} at (0,0) size 3x11
                  text run at (0,0) width 3: " "
            RenderTableCell {TD} at (227,77) size 9x11 [bgcolor=#025E5E] [r=7 c=29 rs=1 cs=1]
              RenderInline {FONT} at (0,0) size 3x11
                RenderText {#text} at (0,0) size 3x11
                  text run at (0,0) width 3: " "
            RenderTableCell {TD} at (235,77) size 9x11 [bgcolor=#044F4F] [r=7 c=30 rs=1 cs=1]
              RenderInline {FONT} at (0,0) size 3x11
                RenderText {#text} at (0,0) size 3x11
                  text run at (0,0) width 3: " "
            RenderTableCell {TD} at (243,77) size 8x11 [bgcolor=#274C4D] [r=7 c=31 rs=1 cs=1]
              RenderInline {FONT} at (0,0) size 3x11
                RenderText {#text} at (0,0) size 3x11
                  text run at (0,0) width 3: " "
            RenderTableCell {TD} at (251,77) size 8x11 [bgcolor=#777878] [r=7 c=32 rs=1 cs=1]
              RenderInline {FONT} at (0,0) size 3x11
                RenderText {#text} at (0,0) size 3x11
                  text run at (0,0) width 3: " "
            RenderTableCell {TD} at (258,77) size 9x11 [bgcolor=#848788] [r=7 c=33 rs=1 cs=1]
              RenderInline {FONT} at (0,0) size 3x11
                RenderText {#text} at (0,0) size 3x11
                  text run at (0,0) width 3: " "
            RenderTableCell {TD} at (266,77) size 9x11 [bgcolor=#939494] [r=7 c=34 rs=1 cs=1]
              RenderInline {FONT} at (0,0) size 3x11
                RenderText {#text} at (0,0) size 3x11
                  text run at (0,0) width 3: " "
            RenderTableCell {TD} at (274,77) size 9x11 [bgcolor=#7B918F] [r=7 c=35 rs=1 cs=1]
              RenderInline {FONT} at (0,0) size 3x11
                RenderText {#text} at (0,0) size 3x11
                  text run at (0,0) width 3: " "
            RenderTableCell {TD} at (282,77) size 9x11 [bgcolor=#027777] [r=7 c=36 rs=1 cs=1]
              RenderInline {FONT} at (0,0) size 3x11
                RenderText {#text} at (0,0) size 3x11
                  text run at (0,0) width 3: " "
            RenderTableCell {TD} at (290,77) size 9x11 [bgcolor=#027777] [r=7 c=37 rs=1 cs=1]
              RenderInline {FONT} at (0,0) size 3x11
                RenderText {#text} at (0,0) size 3x11
                  text run at (0,0) width 3: " "
            RenderTableCell {TD} at (298,77) size 8x11 [bgcolor=#026766] [r=7 c=38 rs=1 cs=1]
              RenderInline {FONT} at (0,0) size 3x11
                RenderText {#text} at (0,0) size 3x11
                  text run at (0,0) width 3: " "
            RenderTableCell {TD} at (305,77) size 9x11 [bgcolor=#026766] [r=7 c=39 rs=1 cs=1]
              RenderInline {FONT} at (0,0) size 3x11
                RenderText {#text} at (0,0) size 3x11
                  text run at (0,0) width 3: " "
            RenderTableCell {TD} at (313,77) size 9x11 [bgcolor=#026766] [r=7 c=40 rs=1 cs=1]
              RenderInline {FONT} at (0,0) size 3x11
                RenderText {#text} at (0,0) size 3x11
                  text run at (0,0) width 3: " "
            RenderTableCell {TD} at (321,77) size 9x11 [bgcolor=#026766] [r=7 c=41 rs=1 cs=1]
              RenderInline {FONT} at (0,0) size 3x11
                RenderText {#text} at (0,0) size 3x11
                  text run at (0,0) width 3: " "
            RenderTableCell {TD} at (329,77) size 9x11 [bgcolor=#026766] [r=7 c=42 rs=1 cs=1]
              RenderInline {FONT} at (0,0) size 3x11
                RenderText {#text} at (0,0) size 3x11
                  text run at (0,0) width 3: " "
            RenderTableCell {TD} at (337,77) size 9x11 [bgcolor=#026766] [r=7 c=43 rs=1 cs=1]
              RenderInline {FONT} at (0,0) size 3x11
                RenderText {#text} at (0,0) size 3x11
                  text run at (0,0) width 3: " "
            RenderTableCell {TD} at (345,77) size 8x11 [bgcolor=#026766] [r=7 c=44 rs=1 cs=1]
              RenderInline {FONT} at (0,0) size 3x11
                RenderText {#text} at (0,0) size 3x11
                  text run at (0,0) width 3: " "
            RenderTableCell {TD} at (352,77) size 9x11 [bgcolor=#026766] [r=7 c=45 rs=1 cs=1]
              RenderInline {FONT} at (0,0) size 3x11
                RenderText {#text} at (0,0) size 3x11
                  text run at (0,0) width 3: " "
            RenderTableCell {TD} at (360,77) size 9x11 [bgcolor=#026766] [r=7 c=46 rs=1 cs=1]
              RenderInline {FONT} at (0,0) size 3x11
                RenderText {#text} at (0,0) size 3x11
                  text run at (0,0) width 3: " "
            RenderTableCell {TD} at (368,77) size 9x11 [bgcolor=#1A6B6A] [r=7 c=47 rs=1 cs=1]
              RenderInline {FONT} at (0,0) size 3x11
                RenderText {#text} at (0,0) size 3x11
                  text run at (0,0) width 3: " "
            RenderTableCell {TD} at (376,77) size 9x11 [bgcolor=#B6D0D1] [r=7 c=48 rs=1 cs=1]
              RenderInline {FONT} at (0,0) size 3x11
                RenderText {#text} at (0,0) size 3x11
                  text run at (0,0) width 3: " "
            RenderTableCell {TD} at (384,77) size 9x11 [bgcolor=#FDFDFB] [r=7 c=49 rs=1 cs=1]
              RenderInline {FONT} at (0,0) size 3x11
                RenderText {#text} at (0,0) size 3x11
                  text run at (0,0) width 3: " "
            RenderTableCell {TD} at (392,77) size 9x11 [bgcolor=#7B918F] [r=7 c=50 rs=1 cs=1]
              RenderInline {FONT} at (0,0) size 3x11
                RenderText {#text} at (0,0) size 3x11
                  text run at (0,0) width 3: " "
            RenderTableCell {TD} at (400,77) size 8x11 [bgcolor=#044140] [r=7 c=51 rs=1 cs=1]
              RenderInline {FONT} at (0,0) size 3x11
                RenderText {#text} at (0,0) size 3x11
                  text run at (0,0) width 3: " "
            RenderTableCell {TD} at (407,77) size 9x11 [bgcolor=#083131] [r=7 c=52 rs=1 cs=1]
              RenderInline {FONT} at (0,0) size 3x11
                RenderText {#text} at (0,0) size 3x11
                  text run at (0,0) width 3: " "
            RenderTableCell {TD} at (415,77) size 9x11 [bgcolor=#083131] [r=7 c=53 rs=1 cs=1]
              RenderInline {FONT} at (0,0) size 3x11
                RenderText {#text} at (0,0) size 3x11
                  text run at (0,0) width 3: " "
            RenderTableCell {TD} at (423,77) size 9x11 [bgcolor=#2D3433] [r=7 c=54 rs=1 cs=1]
              RenderInline {FONT} at (0,0) size 3x11
                RenderText {#text} at (0,0) size 3x11
                  text run at (0,0) width 3: " "
            RenderTableCell {TD} at (431,77) size 9x11 [bgcolor=#4D4F4F] [r=7 c=55 rs=1 cs=1]
              RenderInline {FONT} at (0,0) size 3x11
                RenderText {#text} at (0,0) size 3x11
                  text run at (0,0) width 3: " "
            RenderTableCell {TD} at (439,77) size 9x11 [bgcolor=#5E5F60] [r=7 c=56 rs=1 cs=1]
              RenderInline {FONT} at (0,0) size 3x11
                RenderText {#text} at (0,0) size 3x11
                  text run at (0,0) width 3: " "
            RenderTableCell {TD} at (447,77) size 8x11 [bgcolor=#777878] [r=7 c=57 rs=1 cs=1]
              RenderInline {FONT} at (0,0) size 3x11
                RenderText {#text} at (0,0) size 3x11
                  text run at (0,0) width 3: " "
            RenderTableCell {TD} at (454,77) size 9x11 [bgcolor=#848788] [r=7 c=58 rs=1 cs=1]
              RenderInline {FONT} at (0,0) size 3x11
                RenderText {#text} at (0,0) size 3x11
                  text run at (0,0) width 3: " "
            RenderTableCell {TD} at (462,77) size 9x11 [bgcolor=#939494] [r=7 c=59 rs=1 cs=1]
              RenderInline {FONT} at (0,0) size 3x11
                RenderText {#text} at (0,0) size 3x11
                  text run at (0,0) width 3: " "
            RenderTableCell {TD} at (470,77) size 9x11 [bgcolor=#939494] [r=7 c=60 rs=1 cs=1]
              RenderInline {FONT} at (0,0) size 3x11
                RenderText {#text} at (0,0) size 3x11
                  text run at (0,0) width 3: " "
            RenderTableCell {TD} at (478,77) size 9x11 [bgcolor=#1B8685] [r=7 c=61 rs=1 cs=1]
              RenderInline {FONT} at (0,0) size 3x11
                RenderText {#text} at (0,0) size 3x11
                  text run at (0,0) width 3: " "
            RenderTableCell {TD} at (486,77) size 9x11 [bgcolor=#048485] [r=7 c=62 rs=1 cs=1]
              RenderInline {FONT} at (0,0) size 3x11
                RenderText {#text} at (0,0) size 3x11
                  text run at (0,0) width 3: " "
            RenderTableCell {TD} at (494,77) size 8x11 [bgcolor=#027777] [r=7 c=63 rs=1 cs=1]
              RenderInline {FONT} at (0,0) size 3x11
                RenderText {#text} at (0,0) size 3x11
                  text run at (0,0) width 3: " "
            RenderTableCell {TD} at (502,77) size 8x11 [bgcolor=#026766] [r=7 c=64 rs=1 cs=1]
              RenderInline {FONT} at (0,0) size 3x11
                RenderText {#text} at (0,0) size 3x11
                  text run at (0,0) width 3: " "
            RenderTableCell {TD} at (509,77) size 9x11 [bgcolor=#026766] [r=7 c=65 rs=1 cs=1]
              RenderInline {FONT} at (0,0) size 3x11
                RenderText {#text} at (0,0) size 3x11
                  text run at (0,0) width 3: " "
            RenderTableCell {TD} at (517,77) size 9x11 [bgcolor=#026766] [r=7 c=66 rs=1 cs=1]
              RenderInline {FONT} at (0,0) size 3x11
                RenderText {#text} at (0,0) size 3x11
                  text run at (0,0) width 3: " "
            RenderTableCell {TD} at (525,77) size 9x11 [bgcolor=#026766] [r=7 c=67 rs=1 cs=1]
              RenderInline {FONT} at (0,0) size 3x11
                RenderText {#text} at (0,0) size 3x11
                  text run at (0,0) width 3: " "
            RenderTableCell {TD} at (533,77) size 9x11 [bgcolor=#026766] [r=7 c=68 rs=1 cs=1]
              RenderInline {FONT} at (0,0) size 3x11
                RenderText {#text} at (0,0) size 3x11
                  text run at (0,0) width 3: " "
            RenderTableCell {TD} at (541,77) size 9x11 [bgcolor=#026766] [r=7 c=69 rs=1 cs=1]
              RenderInline {FONT} at (0,0) size 3x11
                RenderText {#text} at (0,0) size 3x11
                  text run at (0,0) width 3: " "
            RenderTableCell {TD} at (549,77) size 8x11 [bgcolor=#1E7A79] [r=7 c=70 rs=1 cs=1]
              RenderInline {FONT} at (0,0) size 3x11
                RenderText {#text} at (0,0) size 3x11
                  text run at (0,0) width 3: " "
            RenderTableCell {TD} at (556,77) size 9x11 [bgcolor=#E0EAE9] [r=7 c=71 rs=1 cs=1]
              RenderInline {FONT} at (0,0) size 3x11
                RenderText {#text} at (0,0) size 3x11
                  text run at (0,0) width 3: " "
            RenderTableCell {TD} at (564,77) size 9x11 [bgcolor=#FDFDFB] [r=7 c=72 rs=1 cs=1]
              RenderInline {FONT} at (0,0) size 3x11
                RenderText {#text} at (0,0) size 3x11
                  text run at (0,0) width 3: " "
            RenderTableCell {TD} at (572,77) size 9x11 [bgcolor=#515C5B] [r=7 c=73 rs=1 cs=1]
              RenderInline {FONT} at (0,0) size 3x11
                RenderText {#text} at (0,0) size 3x11
                  text run at (0,0) width 3: " "
            RenderTableCell {TD} at (580,77) size 9x11 [bgcolor=#3D4242] [r=7 c=74 rs=1 cs=1]
              RenderInline {FONT} at (0,0) size 3x11
                RenderText {#text} at (0,0) size 3x11
                  text run at (0,0) width 3: " "
            RenderTableCell {TD} at (588,77) size 9x11 [bgcolor=#515C5B] [r=7 c=75 rs=1 cs=1]
              RenderInline {FONT} at (0,0) size 3x11
                RenderText {#text} at (0,0) size 3x11
                  text run at (0,0) width 3: " "
            RenderTableCell {TD} at (596,77) size 8x11 [bgcolor=#696A69] [r=7 c=76 rs=1 cs=1]
              RenderInline {FONT} at (0,0) size 3x11
                RenderText {#text} at (0,0) size 3x11
                  text run at (0,0) width 3: " "
            RenderTableCell {TD} at (603,77) size 9x11 [bgcolor=#777878] [r=7 c=77 rs=1 cs=1]
              RenderInline {FONT} at (0,0) size 3x11
                RenderText {#text} at (0,0) size 3x11
                  text run at (0,0) width 3: " "
            RenderTableCell {TD} at (611,77) size 9x11 [bgcolor=#1E7A79] [r=7 c=78 rs=1 cs=1]
              RenderInline {FONT} at (0,0) size 3x11
                RenderText {#text} at (0,0) size 3x11
                  text run at (0,0) width 3: " "
            RenderTableCell {TD} at (619,77) size 9x11 [bgcolor=#027777] [r=7 c=79 rs=1 cs=1]
              RenderInline {FONT} at (0,0) size 3x11
                RenderText {#text} at (0,0) size 3x11
                  text run at (0,0) width 3: " "
            RenderTableCell {TD} at (627,77) size 9x11 [bgcolor=#026766] [r=7 c=80 rs=1 cs=1]
              RenderInline {FONT} at (0,0) size 3x11
                RenderText {#text} at (0,0) size 3x11
                  text run at (0,0) width 3: " "
            RenderTableCell {TD} at (635,77) size 9x11 [bgcolor=#026766] [r=7 c=81 rs=1 cs=1]
              RenderInline {FONT} at (0,0) size 3x11
                RenderText {#text} at (0,0) size 3x11
                  text run at (0,0) width 3: " "
            RenderTableCell {TD} at (643,77) size 9x11 [bgcolor=#026766] [r=7 c=82 rs=1 cs=1]
              RenderInline {FONT} at (0,0) size 3x11
                RenderText {#text} at (0,0) size 3x11
                  text run at (0,0) width 3: " "
            RenderTableCell {TD} at (651,77) size 8x11 [bgcolor=#026766] [r=7 c=83 rs=1 cs=1]
              RenderInline {FONT} at (0,0) size 3x11
                RenderText {#text} at (0,0) size 3x11
                  text run at (0,0) width 3: " "
            RenderTableCell {TD} at (658,77) size 9x11 [bgcolor=#026766] [r=7 c=84 rs=1 cs=1]
              RenderInline {FONT} at (0,0) size 3x11
                RenderText {#text} at (0,0) size 3x11
                  text run at (0,0) width 3: " "
            RenderTableCell {TD} at (666,77) size 9x11 [bgcolor=#026766] [r=7 c=85 rs=1 cs=1]
              RenderInline {FONT} at (0,0) size 3x11
                RenderText {#text} at (0,0) size 3x11
                  text run at (0,0) width 3: " "
            RenderTableCell {TD} at (674,77) size 9x11 [bgcolor=#026766] [r=7 c=86 rs=1 cs=1]
              RenderInline {FONT} at (0,0) size 3x11
                RenderText {#text} at (0,0) size 3x11
                  text run at (0,0) width 3: " "
            RenderTableCell {TD} at (682,77) size 9x11 [bgcolor=#026766] [r=7 c=87 rs=1 cs=1]
              RenderInline {FONT} at (0,0) size 3x11
                RenderText {#text} at (0,0) size 3x11
                  text run at (0,0) width 3: " "
            RenderTableCell {TD} at (690,77) size 9x11 [bgcolor=#026766] [r=7 c=88 rs=1 cs=1]
              RenderInline {FONT} at (0,0) size 3x11
                RenderText {#text} at (0,0) size 3x11
                  text run at (0,0) width 3: " "
            RenderTableCell {TD} at (698,77) size 8x11 [bgcolor=#026766] [r=7 c=89 rs=1 cs=1]
              RenderInline {FONT} at (0,0) size 3x11
                RenderText {#text} at (0,0) size 3x11
                  text run at (0,0) width 3: " "
            RenderTableCell {TD} at (705,77) size 9x11 [bgcolor=#1E7A79] [r=7 c=90 rs=1 cs=1]
              RenderInline {FONT} at (0,0) size 3x11
                RenderText {#text} at (0,0) size 3x11
                  text run at (0,0) width 3: " "
            RenderTableCell {TD} at (713,77) size 9x11 [bgcolor=#8DB7B6] [r=7 c=91 rs=1 cs=1]
              RenderInline {FONT} at (0,0) size 3x11
                RenderText {#text} at (0,0) size 3x11
                  text run at (0,0) width 3: " "
            RenderTableCell {TD} at (721,77) size 9x11 [bgcolor=#97C1C0] [r=7 c=92 rs=1 cs=1]
              RenderInline {FONT} at (0,0) size 3x11
                RenderText {#text} at (0,0) size 3x11
                  text run at (0,0) width 3: " "
            RenderTableCell {TD} at (729,77) size 9x11 [bgcolor=#274C4D] [r=7 c=93 rs=1 cs=1]
              RenderInline {FONT} at (0,0) size 3x11
                RenderText {#text} at (0,0) size 3x11
                  text run at (0,0) width 3: " "
            RenderTableCell {TD} at (737,77) size 9x11 [bgcolor=#223C3D] [r=7 c=94 rs=1 cs=1]
              RenderInline {FONT} at (0,0) size 3x11
                RenderText {#text} at (0,0) size 3x11
                  text run at (0,0) width 3: " "
            RenderTableCell {TD} at (745,77) size 8x11 [bgcolor=#5E5F60] [r=7 c=95 rs=1 cs=1]
              RenderInline {FONT} at (0,0) size 3x11
                RenderText {#text} at (0,0) size 3x11
                  text run at (0,0) width 3: " "
            RenderTableCell {TD} at (753,77) size 8x11 [bgcolor=#777878] [r=7 c=96 rs=1 cs=1]
              RenderInline {FONT} at (0,0) size 3x11
                RenderText {#text} at (0,0) size 3x11
                  text run at (0,0) width 3: " "
            RenderTableCell {TD} at (760,77) size 9x11 [bgcolor=#848788] [r=7 c=97 rs=1 cs=1]
              RenderInline {FONT} at (0,0) size 3x11
                RenderText {#text} at (0,0) size 3x11
                  text run at (0,0) width 3: " "
            RenderTableCell {TD} at (768,77) size 9x11 [bgcolor=#777878] [r=7 c=98 rs=1 cs=1]
              RenderInline {FONT} at (0,0) size 3x11
                RenderText {#text} at (0,0) size 3x11
                  text run at (0,0) width 3: " "
            RenderTableCell {TD} at (776,77) size 9x11 [bgcolor=#4D4F4F] [r=7 c=99 rs=1 cs=1]
              RenderInline {FONT} at (0,0) size 3x11
                RenderText {#text} at (0,0) size 3x11
                  text run at (0,0) width 3: " "
          RenderTableRow {TR} at (0,88) size 784x11
            RenderTableCell {TD} at (0,88) size 8x11 [bgcolor=#FDFDFB] [r=8 c=0 rs=1 cs=1]
              RenderInline {FONT} at (0,0) size 3x11
                RenderText {#text} at (0,0) size 3x11
                  text run at (0,0) width 3: " "
            RenderTableCell {TD} at (7,88) size 9x11 [bgcolor=#97C1C0] [r=8 c=1 rs=1 cs=1]
              RenderInline {FONT} at (0,0) size 3x11
                RenderText {#text} at (0,0) size 3x11
                  text run at (0,0) width 3: " "
            RenderTableCell {TD} at (15,88) size 9x11 [bgcolor=#048485] [r=8 c=2 rs=1 cs=1]
              RenderInline {FONT} at (0,0) size 3x11
                RenderText {#text} at (0,0) size 3x11
                  text run at (0,0) width 3: " "
            RenderTableCell {TD} at (23,88) size 9x11 [bgcolor=#027777] [r=8 c=3 rs=1 cs=1]
              RenderInline {FONT} at (0,0) size 3x11
                RenderText {#text} at (0,0) size 3x11
                  text run at (0,0) width 3: " "
            RenderTableCell {TD} at (31,88) size 9x11 [bgcolor=#026766] [r=8 c=4 rs=1 cs=1]
              RenderInline {FONT} at (0,0) size 3x11
                RenderText {#text} at (0,0) size 3x11
                  text run at (0,0) width 3: " "
            RenderTableCell {TD} at (39,88) size 9x11 [bgcolor=#026766] [r=8 c=5 rs=1 cs=1]
              RenderInline {FONT} at (0,0) size 3x11
                RenderText {#text} at (0,0) size 3x11
                  text run at (0,0) width 3: " "
            RenderTableCell {TD} at (47,88) size 8x11 [bgcolor=#026766] [r=8 c=6 rs=1 cs=1]
              RenderInline {FONT} at (0,0) size 3x11
                RenderText {#text} at (0,0) size 3x11
                  text run at (0,0) width 3: " "
            RenderTableCell {TD} at (54,88) size 9x11 [bgcolor=#026766] [r=8 c=7 rs=1 cs=1]
              RenderInline {FONT} at (0,0) size 3x11
                RenderText {#text} at (0,0) size 3x11
                  text run at (0,0) width 3: " "
            RenderTableCell {TD} at (62,88) size 9x11 [bgcolor=#026766] [r=8 c=8 rs=1 cs=1]
              RenderInline {FONT} at (0,0) size 3x11
                RenderText {#text} at (0,0) size 3x11
                  text run at (0,0) width 3: " "
            RenderTableCell {TD} at (70,88) size 9x11 [bgcolor=#026766] [r=8 c=9 rs=1 cs=1]
              RenderInline {FONT} at (0,0) size 3x11
                RenderText {#text} at (0,0) size 3x11
                  text run at (0,0) width 3: " "
            RenderTableCell {TD} at (78,88) size 9x11 [bgcolor=#026766] [r=8 c=10 rs=1 cs=1]
              RenderInline {FONT} at (0,0) size 3x11
                RenderText {#text} at (0,0) size 3x11
                  text run at (0,0) width 3: " "
            RenderTableCell {TD} at (86,88) size 9x11 [bgcolor=#025E5E] [r=8 c=11 rs=1 cs=1]
              RenderInline {FONT} at (0,0) size 3x11
                RenderText {#text} at (0,0) size 3x11
                  text run at (0,0) width 3: " "
            RenderTableCell {TD} at (94,88) size 8x11 [bgcolor=#025E5E] [r=8 c=12 rs=1 cs=1]
              RenderInline {FONT} at (0,0) size 3x11
                RenderText {#text} at (0,0) size 3x11
                  text run at (0,0) width 3: " "
            RenderTableCell {TD} at (101,88) size 9x11 [bgcolor=#044140] [r=8 c=13 rs=1 cs=1]
              RenderInline {FONT} at (0,0) size 3x11
                RenderText {#text} at (0,0) size 3x11
                  text run at (0,0) width 3: " "
            RenderTableCell {TD} at (109,88) size 9x11 [bgcolor=#223C3D] [r=8 c=14 rs=1 cs=1]
              RenderInline {FONT} at (0,0) size 3x11
                RenderText {#text} at (0,0) size 3x11
                  text run at (0,0) width 3: " "
            RenderTableCell {TD} at (117,88) size 9x11 [bgcolor=#848788] [r=8 c=15 rs=1 cs=1]
              RenderInline {FONT} at (0,0) size 3x11
                RenderText {#text} at (0,0) size 3x11
                  text run at (0,0) width 3: " "
            RenderTableCell {TD} at (125,88) size 9x11 [bgcolor=#FDFDFB] [r=8 c=16 rs=1 cs=1]
              RenderInline {FONT} at (0,0) size 3x11
                RenderText {#text} at (0,0) size 3x11
                  text run at (0,0) width 3: " "
            RenderTableCell {TD} at (133,88) size 9x11 [bgcolor=#FDFDFB] [r=8 c=17 rs=1 cs=1]
              RenderInline {FONT} at (0,0) size 3x11
                RenderText {#text} at (0,0) size 3x11
                  text run at (0,0) width 3: " "
            RenderTableCell {TD} at (141,88) size 9x11 [bgcolor=#2D3433] [r=8 c=18 rs=1 cs=1]
              RenderInline {FONT} at (0,0) size 3x11
                RenderText {#text} at (0,0) size 3x11
                  text run at (0,0) width 3: " "
            RenderTableCell {TD} at (149,88) size 8x11 [bgcolor=#1E7A79] [r=8 c=19 rs=1 cs=1]
              RenderInline {FONT} at (0,0) size 3x11
                RenderText {#text} at (0,0) size 3x11
                  text run at (0,0) width 3: " "
            RenderTableCell {TD} at (156,88) size 9x11 [bgcolor=#027777] [r=8 c=20 rs=1 cs=1]
              RenderInline {FONT} at (0,0) size 3x11
                RenderText {#text} at (0,0) size 3x11
                  text run at (0,0) width 3: " "
            RenderTableCell {TD} at (164,88) size 9x11 [bgcolor=#026766] [r=8 c=21 rs=1 cs=1]
              RenderInline {FONT} at (0,0) size 3x11
                RenderText {#text} at (0,0) size 3x11
                  text run at (0,0) width 3: " "
            RenderTableCell {TD} at (172,88) size 9x11 [bgcolor=#026766] [r=8 c=22 rs=1 cs=1]
              RenderInline {FONT} at (0,0) size 3x11
                RenderText {#text} at (0,0) size 3x11
                  text run at (0,0) width 3: " "
            RenderTableCell {TD} at (180,88) size 9x11 [bgcolor=#026766] [r=8 c=23 rs=1 cs=1]
              RenderInline {FONT} at (0,0) size 3x11
                RenderText {#text} at (0,0) size 3x11
                  text run at (0,0) width 3: " "
            RenderTableCell {TD} at (188,88) size 9x11 [bgcolor=#026766] [r=8 c=24 rs=1 cs=1]
              RenderInline {FONT} at (0,0) size 3x11
                RenderText {#text} at (0,0) size 3x11
                  text run at (0,0) width 3: " "
            RenderTableCell {TD} at (196,88) size 8x11 [bgcolor=#026766] [r=8 c=25 rs=1 cs=1]
              RenderInline {FONT} at (0,0) size 3x11
                RenderText {#text} at (0,0) size 3x11
                  text run at (0,0) width 3: " "
            RenderTableCell {TD} at (203,88) size 9x11 [bgcolor=#026766] [r=8 c=26 rs=1 cs=1]
              RenderInline {FONT} at (0,0) size 3x11
                RenderText {#text} at (0,0) size 3x11
                  text run at (0,0) width 3: " "
            RenderTableCell {TD} at (211,88) size 9x11 [bgcolor=#026766] [r=8 c=27 rs=1 cs=1]
              RenderInline {FONT} at (0,0) size 3x11
                RenderText {#text} at (0,0) size 3x11
                  text run at (0,0) width 3: " "
            RenderTableCell {TD} at (219,88) size 9x11 [bgcolor=#026766] [r=8 c=28 rs=1 cs=1]
              RenderInline {FONT} at (0,0) size 3x11
                RenderText {#text} at (0,0) size 3x11
                  text run at (0,0) width 3: " "
            RenderTableCell {TD} at (227,88) size 9x11 [bgcolor=#025E5E] [r=8 c=29 rs=1 cs=1]
              RenderInline {FONT} at (0,0) size 3x11
                RenderText {#text} at (0,0) size 3x11
                  text run at (0,0) width 3: " "
            RenderTableCell {TD} at (235,88) size 9x11 [bgcolor=#044F4F] [r=8 c=30 rs=1 cs=1]
              RenderInline {FONT} at (0,0) size 3x11
                RenderText {#text} at (0,0) size 3x11
                  text run at (0,0) width 3: " "
            RenderTableCell {TD} at (243,88) size 8x11 [bgcolor=#044140] [r=8 c=31 rs=1 cs=1]
              RenderInline {FONT} at (0,0) size 3x11
                RenderText {#text} at (0,0) size 3x11
                  text run at (0,0) width 3: " "
            RenderTableCell {TD} at (251,88) size 8x11 [bgcolor=#515C5B] [r=8 c=32 rs=1 cs=1]
              RenderInline {FONT} at (0,0) size 3x11
                RenderText {#text} at (0,0) size 3x11
                  text run at (0,0) width 3: " "
            RenderTableCell {TD} at (258,88) size 9x11 [bgcolor=#777878] [r=8 c=33 rs=1 cs=1]
              RenderInline {FONT} at (0,0) size 3x11
                RenderText {#text} at (0,0) size 3x11
                  text run at (0,0) width 3: " "
            RenderTableCell {TD} at (266,88) size 9x11 [bgcolor=#939494] [r=8 c=34 rs=1 cs=1]
              RenderInline {FONT} at (0,0) size 3x11
                RenderText {#text} at (0,0) size 3x11
                  text run at (0,0) width 3: " "
            RenderTableCell {TD} at (274,88) size 9x11 [bgcolor=#7B918F] [r=8 c=35 rs=1 cs=1]
              RenderInline {FONT} at (0,0) size 3x11
                RenderText {#text} at (0,0) size 3x11
                  text run at (0,0) width 3: " "
            RenderTableCell {TD} at (282,88) size 9x11 [bgcolor=#027777] [r=8 c=36 rs=1 cs=1]
              RenderInline {FONT} at (0,0) size 3x11
                RenderText {#text} at (0,0) size 3x11
                  text run at (0,0) width 3: " "
            RenderTableCell {TD} at (290,88) size 9x11 [bgcolor=#027777] [r=8 c=37 rs=1 cs=1]
              RenderInline {FONT} at (0,0) size 3x11
                RenderText {#text} at (0,0) size 3x11
                  text run at (0,0) width 3: " "
            RenderTableCell {TD} at (298,88) size 8x11 [bgcolor=#026766] [r=8 c=38 rs=1 cs=1]
              RenderInline {FONT} at (0,0) size 3x11
                RenderText {#text} at (0,0) size 3x11
                  text run at (0,0) width 3: " "
            RenderTableCell {TD} at (305,88) size 9x11 [bgcolor=#026766] [r=8 c=39 rs=1 cs=1]
              RenderInline {FONT} at (0,0) size 3x11
                RenderText {#text} at (0,0) size 3x11
                  text run at (0,0) width 3: " "
            RenderTableCell {TD} at (313,88) size 9x11 [bgcolor=#026766] [r=8 c=40 rs=1 cs=1]
              RenderInline {FONT} at (0,0) size 3x11
                RenderText {#text} at (0,0) size 3x11
                  text run at (0,0) width 3: " "
            RenderTableCell {TD} at (321,88) size 9x11 [bgcolor=#026766] [r=8 c=41 rs=1 cs=1]
              RenderInline {FONT} at (0,0) size 3x11
                RenderText {#text} at (0,0) size 3x11
                  text run at (0,0) width 3: " "
            RenderTableCell {TD} at (329,88) size 9x11 [bgcolor=#026766] [r=8 c=42 rs=1 cs=1]
              RenderInline {FONT} at (0,0) size 3x11
                RenderText {#text} at (0,0) size 3x11
                  text run at (0,0) width 3: " "
            RenderTableCell {TD} at (337,88) size 9x11 [bgcolor=#026766] [r=8 c=43 rs=1 cs=1]
              RenderInline {FONT} at (0,0) size 3x11
                RenderText {#text} at (0,0) size 3x11
                  text run at (0,0) width 3: " "
            RenderTableCell {TD} at (345,88) size 8x11 [bgcolor=#026766] [r=8 c=44 rs=1 cs=1]
              RenderInline {FONT} at (0,0) size 3x11
                RenderText {#text} at (0,0) size 3x11
                  text run at (0,0) width 3: " "
            RenderTableCell {TD} at (352,88) size 9x11 [bgcolor=#026766] [r=8 c=45 rs=1 cs=1]
              RenderInline {FONT} at (0,0) size 3x11
                RenderText {#text} at (0,0) size 3x11
                  text run at (0,0) width 3: " "
            RenderTableCell {TD} at (360,88) size 9x11 [bgcolor=#026766] [r=8 c=46 rs=1 cs=1]
              RenderInline {FONT} at (0,0) size 3x11
                RenderText {#text} at (0,0) size 3x11
                  text run at (0,0) width 3: " "
            RenderTableCell {TD} at (368,88) size 9x11 [bgcolor=#1A6B6A] [r=8 c=47 rs=1 cs=1]
              RenderInline {FONT} at (0,0) size 3x11
                RenderText {#text} at (0,0) size 3x11
                  text run at (0,0) width 3: " "
            RenderTableCell {TD} at (376,88) size 9x11 [bgcolor=#B6D0D1] [r=8 c=48 rs=1 cs=1]
              RenderInline {FONT} at (0,0) size 3x11
                RenderText {#text} at (0,0) size 3x11
                  text run at (0,0) width 3: " "
            RenderTableCell {TD} at (384,88) size 9x11 [bgcolor=#FDFDFB] [r=8 c=49 rs=1 cs=1]
              RenderInline {FONT} at (0,0) size 3x11
                RenderText {#text} at (0,0) size 3x11
                  text run at (0,0) width 3: " "
            RenderTableCell {TD} at (392,88) size 9x11 [bgcolor=#848788] [r=8 c=50 rs=1 cs=1]
              RenderInline {FONT} at (0,0) size 3x11
                RenderText {#text} at (0,0) size 3x11
                  text run at (0,0) width 3: " "
            RenderTableCell {TD} at (400,88) size 8x11 [bgcolor=#083131] [r=8 c=51 rs=1 cs=1]
              RenderInline {FONT} at (0,0) size 3x11
                RenderText {#text} at (0,0) size 3x11
                  text run at (0,0) width 3: " "
            RenderTableCell {TD} at (407,88) size 9x11 [bgcolor=#083131] [r=8 c=52 rs=1 cs=1]
              RenderInline {FONT} at (0,0) size 3x11
                RenderText {#text} at (0,0) size 3x11
                  text run at (0,0) width 3: " "
            RenderTableCell {TD} at (415,88) size 9x11 [bgcolor=#3D4242] [r=8 c=53 rs=1 cs=1]
              RenderInline {FONT} at (0,0) size 3x11
                RenderText {#text} at (0,0) size 3x11
                  text run at (0,0) width 3: " "
            RenderTableCell {TD} at (423,88) size 9x11 [bgcolor=#4D4F4F] [r=8 c=54 rs=1 cs=1]
              RenderInline {FONT} at (0,0) size 3x11
                RenderText {#text} at (0,0) size 3x11
                  text run at (0,0) width 3: " "
            RenderTableCell {TD} at (431,88) size 9x11 [bgcolor=#696A69] [r=8 c=55 rs=1 cs=1]
              RenderInline {FONT} at (0,0) size 3x11
                RenderText {#text} at (0,0) size 3x11
                  text run at (0,0) width 3: " "
            RenderTableCell {TD} at (439,88) size 9x11 [bgcolor=#777878] [r=8 c=56 rs=1 cs=1]
              RenderInline {FONT} at (0,0) size 3x11
                RenderText {#text} at (0,0) size 3x11
                  text run at (0,0) width 3: " "
            RenderTableCell {TD} at (447,88) size 8x11 [bgcolor=#848788] [r=8 c=57 rs=1 cs=1]
              RenderInline {FONT} at (0,0) size 3x11
                RenderText {#text} at (0,0) size 3x11
                  text run at (0,0) width 3: " "
            RenderTableCell {TD} at (454,88) size 9x11 [bgcolor=#939494] [r=8 c=58 rs=1 cs=1]
              RenderInline {FONT} at (0,0) size 3x11
                RenderText {#text} at (0,0) size 3x11
                  text run at (0,0) width 3: " "
            RenderTableCell {TD} at (462,88) size 9x11 [bgcolor=#939494] [r=8 c=59 rs=1 cs=1]
              RenderInline {FONT} at (0,0) size 3x11
                RenderText {#text} at (0,0) size 3x11
                  text run at (0,0) width 3: " "
            RenderTableCell {TD} at (470,88) size 9x11 [bgcolor=#7B918F] [r=8 c=60 rs=1 cs=1]
              RenderInline {FONT} at (0,0) size 3x11
                RenderText {#text} at (0,0) size 3x11
                  text run at (0,0) width 3: " "
            RenderTableCell {TD} at (478,88) size 9x11 [bgcolor=#048485] [r=8 c=61 rs=1 cs=1]
              RenderInline {FONT} at (0,0) size 3x11
                RenderText {#text} at (0,0) size 3x11
                  text run at (0,0) width 3: " "
            RenderTableCell {TD} at (486,88) size 9x11 [bgcolor=#027777] [r=8 c=62 rs=1 cs=1]
              RenderInline {FONT} at (0,0) size 3x11
                RenderText {#text} at (0,0) size 3x11
                  text run at (0,0) width 3: " "
            RenderTableCell {TD} at (494,88) size 8x11 [bgcolor=#026766] [r=8 c=63 rs=1 cs=1]
              RenderInline {FONT} at (0,0) size 3x11
                RenderText {#text} at (0,0) size 3x11
                  text run at (0,0) width 3: " "
            RenderTableCell {TD} at (502,88) size 8x11 [bgcolor=#026766] [r=8 c=64 rs=1 cs=1]
              RenderInline {FONT} at (0,0) size 3x11
                RenderText {#text} at (0,0) size 3x11
                  text run at (0,0) width 3: " "
            RenderTableCell {TD} at (509,88) size 9x11 [bgcolor=#026766] [r=8 c=65 rs=1 cs=1]
              RenderInline {FONT} at (0,0) size 3x11
                RenderText {#text} at (0,0) size 3x11
                  text run at (0,0) width 3: " "
            RenderTableCell {TD} at (517,88) size 9x11 [bgcolor=#026766] [r=8 c=66 rs=1 cs=1]
              RenderInline {FONT} at (0,0) size 3x11
                RenderText {#text} at (0,0) size 3x11
                  text run at (0,0) width 3: " "
            RenderTableCell {TD} at (525,88) size 9x11 [bgcolor=#026766] [r=8 c=67 rs=1 cs=1]
              RenderInline {FONT} at (0,0) size 3x11
                RenderText {#text} at (0,0) size 3x11
                  text run at (0,0) width 3: " "
            RenderTableCell {TD} at (533,88) size 9x11 [bgcolor=#026766] [r=8 c=68 rs=1 cs=1]
              RenderInline {FONT} at (0,0) size 3x11
                RenderText {#text} at (0,0) size 3x11
                  text run at (0,0) width 3: " "
            RenderTableCell {TD} at (541,88) size 9x11 [bgcolor=#026766] [r=8 c=69 rs=1 cs=1]
              RenderInline {FONT} at (0,0) size 3x11
                RenderText {#text} at (0,0) size 3x11
                  text run at (0,0) width 3: " "
            RenderTableCell {TD} at (549,88) size 8x11 [bgcolor=#1E7A79] [r=8 c=70 rs=1 cs=1]
              RenderInline {FONT} at (0,0) size 3x11
                RenderText {#text} at (0,0) size 3x11
                  text run at (0,0) width 3: " "
            RenderTableCell {TD} at (556,88) size 9x11 [bgcolor=#E0EAE9] [r=8 c=71 rs=1 cs=1]
              RenderInline {FONT} at (0,0) size 3x11
                RenderText {#text} at (0,0) size 3x11
                  text run at (0,0) width 3: " "
            RenderTableCell {TD} at (564,88) size 9x11 [bgcolor=#FDFDFB] [r=8 c=72 rs=1 cs=1]
              RenderInline {FONT} at (0,0) size 3x11
                RenderText {#text} at (0,0) size 3x11
                  text run at (0,0) width 3: " "
            RenderTableCell {TD} at (572,88) size 9x11 [bgcolor=#4D4F4F] [r=8 c=73 rs=1 cs=1]
              RenderInline {FONT} at (0,0) size 3x11
                RenderText {#text} at (0,0) size 3x11
                  text run at (0,0) width 3: " "
            RenderTableCell {TD} at (580,88) size 9x11 [bgcolor=#515C5B] [r=8 c=74 rs=1 cs=1]
              RenderInline {FONT} at (0,0) size 3x11
                RenderText {#text} at (0,0) size 3x11
                  text run at (0,0) width 3: " "
            RenderTableCell {TD} at (588,88) size 9x11 [bgcolor=#777878] [r=8 c=75 rs=1 cs=1]
              RenderInline {FONT} at (0,0) size 3x11
                RenderText {#text} at (0,0) size 3x11
                  text run at (0,0) width 3: " "
            RenderTableCell {TD} at (596,88) size 8x11 [bgcolor=#848788] [r=8 c=76 rs=1 cs=1]
              RenderInline {FONT} at (0,0) size 3x11
                RenderText {#text} at (0,0) size 3x11
                  text run at (0,0) width 3: " "
            RenderTableCell {TD} at (603,88) size 9x11 [bgcolor=#848788] [r=8 c=77 rs=1 cs=1]
              RenderInline {FONT} at (0,0) size 3x11
                RenderText {#text} at (0,0) size 3x11
                  text run at (0,0) width 3: " "
            RenderTableCell {TD} at (611,88) size 9x11 [bgcolor=#1E7A79] [r=8 c=78 rs=1 cs=1]
              RenderInline {FONT} at (0,0) size 3x11
                RenderText {#text} at (0,0) size 3x11
                  text run at (0,0) width 3: " "
            RenderTableCell {TD} at (619,88) size 9x11 [bgcolor=#027777] [r=8 c=79 rs=1 cs=1]
              RenderInline {FONT} at (0,0) size 3x11
                RenderText {#text} at (0,0) size 3x11
                  text run at (0,0) width 3: " "
            RenderTableCell {TD} at (627,88) size 9x11 [bgcolor=#026766] [r=8 c=80 rs=1 cs=1]
              RenderInline {FONT} at (0,0) size 3x11
                RenderText {#text} at (0,0) size 3x11
                  text run at (0,0) width 3: " "
            RenderTableCell {TD} at (635,88) size 9x11 [bgcolor=#026766] [r=8 c=81 rs=1 cs=1]
              RenderInline {FONT} at (0,0) size 3x11
                RenderText {#text} at (0,0) size 3x11
                  text run at (0,0) width 3: " "
            RenderTableCell {TD} at (643,88) size 9x11 [bgcolor=#026766] [r=8 c=82 rs=1 cs=1]
              RenderInline {FONT} at (0,0) size 3x11
                RenderText {#text} at (0,0) size 3x11
                  text run at (0,0) width 3: " "
            RenderTableCell {TD} at (651,88) size 8x11 [bgcolor=#026766] [r=8 c=83 rs=1 cs=1]
              RenderInline {FONT} at (0,0) size 3x11
                RenderText {#text} at (0,0) size 3x11
                  text run at (0,0) width 3: " "
            RenderTableCell {TD} at (658,88) size 9x11 [bgcolor=#026766] [r=8 c=84 rs=1 cs=1]
              RenderInline {FONT} at (0,0) size 3x11
                RenderText {#text} at (0,0) size 3x11
                  text run at (0,0) width 3: " "
            RenderTableCell {TD} at (666,88) size 9x11 [bgcolor=#026766] [r=8 c=85 rs=1 cs=1]
              RenderInline {FONT} at (0,0) size 3x11
                RenderText {#text} at (0,0) size 3x11
                  text run at (0,0) width 3: " "
            RenderTableCell {TD} at (674,88) size 9x11 [bgcolor=#026766] [r=8 c=86 rs=1 cs=1]
              RenderInline {FONT} at (0,0) size 3x11
                RenderText {#text} at (0,0) size 3x11
                  text run at (0,0) width 3: " "
            RenderTableCell {TD} at (682,88) size 9x11 [bgcolor=#026766] [r=8 c=87 rs=1 cs=1]
              RenderInline {FONT} at (0,0) size 3x11
                RenderText {#text} at (0,0) size 3x11
                  text run at (0,0) width 3: " "
            RenderTableCell {TD} at (690,88) size 9x11 [bgcolor=#026766] [r=8 c=88 rs=1 cs=1]
              RenderInline {FONT} at (0,0) size 3x11
                RenderText {#text} at (0,0) size 3x11
                  text run at (0,0) width 3: " "
            RenderTableCell {TD} at (698,88) size 8x11 [bgcolor=#026766] [r=8 c=89 rs=1 cs=1]
              RenderInline {FONT} at (0,0) size 3x11
                RenderText {#text} at (0,0) size 3x11
                  text run at (0,0) width 3: " "
            RenderTableCell {TD} at (705,88) size 9x11 [bgcolor=#338686] [r=8 c=90 rs=1 cs=1]
              RenderInline {FONT} at (0,0) size 3x11
                RenderText {#text} at (0,0) size 3x11
                  text run at (0,0) width 3: " "
            RenderTableCell {TD} at (713,88) size 9x11 [bgcolor=#EDEEEF] [r=8 c=91 rs=1 cs=1]
              RenderInline {FONT} at (0,0) size 3x11
                RenderText {#text} at (0,0) size 3x11
                  text run at (0,0) width 3: " "
            RenderTableCell {TD} at (721,88) size 9x11 [bgcolor=#FDFDFB] [r=8 c=92 rs=1 cs=1]
              RenderInline {FONT} at (0,0) size 3x11
                RenderText {#text} at (0,0) size 3x11
                  text run at (0,0) width 3: " "
            RenderTableCell {TD} at (729,88) size 9x11 [bgcolor=#223C3D] [r=8 c=93 rs=1 cs=1]
              RenderInline {FONT} at (0,0) size 3x11
                RenderText {#text} at (0,0) size 3x11
                  text run at (0,0) width 3: " "
            RenderTableCell {TD} at (737,88) size 9x11 [bgcolor=#223C3D] [r=8 c=94 rs=1 cs=1]
              RenderInline {FONT} at (0,0) size 3x11
                RenderText {#text} at (0,0) size 3x11
                  text run at (0,0) width 3: " "
            RenderTableCell {TD} at (745,88) size 8x11 [bgcolor=#5E5F60] [r=8 c=95 rs=1 cs=1]
              RenderInline {FONT} at (0,0) size 3x11
                RenderText {#text} at (0,0) size 3x11
                  text run at (0,0) width 3: " "
            RenderTableCell {TD} at (753,88) size 8x11 [bgcolor=#777878] [r=8 c=96 rs=1 cs=1]
              RenderInline {FONT} at (0,0) size 3x11
                RenderText {#text} at (0,0) size 3x11
                  text run at (0,0) width 3: " "
            RenderTableCell {TD} at (760,88) size 9x11 [bgcolor=#848788] [r=8 c=97 rs=1 cs=1]
              RenderInline {FONT} at (0,0) size 3x11
                RenderText {#text} at (0,0) size 3x11
                  text run at (0,0) width 3: " "
            RenderTableCell {TD} at (768,88) size 9x11 [bgcolor=#777878] [r=8 c=98 rs=1 cs=1]
              RenderInline {FONT} at (0,0) size 3x11
                RenderText {#text} at (0,0) size 3x11
                  text run at (0,0) width 3: " "
            RenderTableCell {TD} at (776,88) size 9x11 [bgcolor=#4D4F4F] [r=8 c=99 rs=1 cs=1]
              RenderInline {FONT} at (0,0) size 3x11
                RenderText {#text} at (0,0) size 3x11
                  text run at (0,0) width 3: " "
          RenderTableRow {TR} at (0,99) size 784x11
            RenderTableCell {TD} at (0,99) size 8x11 [bgcolor=#EDEEEF] [r=9 c=0 rs=1 cs=1]
              RenderInline {FONT} at (0,0) size 3x11
                RenderText {#text} at (0,0) size 3x11
                  text run at (0,0) width 3: " "
            RenderTableCell {TD} at (7,99) size 9x11 [bgcolor=#44A3A2] [r=9 c=1 rs=1 cs=1]
              RenderInline {FONT} at (0,0) size 3x11
                RenderText {#text} at (0,0) size 3x11
                  text run at (0,0) width 3: " "
            RenderTableCell {TD} at (15,99) size 9x11 [bgcolor=#048485] [r=9 c=2 rs=1 cs=1]
              RenderInline {FONT} at (0,0) size 3x11
                RenderText {#text} at (0,0) size 3x11
                  text run at (0,0) width 3: " "
            RenderTableCell {TD} at (23,99) size 9x11 [bgcolor=#027777] [r=9 c=3 rs=1 cs=1]
              RenderInline {FONT} at (0,0) size 3x11
                RenderText {#text} at (0,0) size 3x11
                  text run at (0,0) width 3: " "
            RenderTableCell {TD} at (31,99) size 9x11 [bgcolor=#469191] [r=9 c=4 rs=1 cs=1]
              RenderInline {FONT} at (0,0) size 3x11
                RenderText {#text} at (0,0) size 3x11
                  text run at (0,0) width 3: " "
            RenderTableCell {TD} at (39,99) size 9x11 [bgcolor=#7CAEAF] [r=9 c=5 rs=1 cs=1]
              RenderInline {FONT} at (0,0) size 3x11
                RenderText {#text} at (0,0) size 3x11
                  text run at (0,0) width 3: " "
            RenderTableCell {TD} at (47,99) size 8x11 [bgcolor=#97C1C0] [r=9 c=6 rs=1 cs=1]
              RenderInline {FONT} at (0,0) size 3x11
                RenderText {#text} at (0,0) size 3x11
                  text run at (0,0) width 3: " "
            RenderTableCell {TD} at (54,99) size 9x11 [bgcolor=#97C1C0] [r=9 c=7 rs=1 cs=1]
              RenderInline {FONT} at (0,0) size 3x11
                RenderText {#text} at (0,0) size 3x11
                  text run at (0,0) width 3: " "
            RenderTableCell {TD} at (62,99) size 9x11 [bgcolor=#97C1C0] [r=9 c=8 rs=1 cs=1]
              RenderInline {FONT} at (0,0) size 3x11
                RenderText {#text} at (0,0) size 3x11
                  text run at (0,0) width 3: " "
            RenderTableCell {TD} at (70,99) size 9x11 [bgcolor=#7CAEAF] [r=9 c=9 rs=1 cs=1]
              RenderInline {FONT} at (0,0) size 3x11
                RenderText {#text} at (0,0) size 3x11
                  text run at (0,0) width 3: " "
            RenderTableCell {TD} at (78,99) size 9x11 [bgcolor=#469191] [r=9 c=10 rs=1 cs=1]
              RenderInline {FONT} at (0,0) size 3x11
                RenderText {#text} at (0,0) size 3x11
                  text run at (0,0) width 3: " "
            RenderTableCell {TD} at (86,99) size 9x11 [bgcolor=#1A6B6A] [r=9 c=11 rs=1 cs=1]
              RenderInline {FONT} at (0,0) size 3x11
                RenderText {#text} at (0,0) size 3x11
                  text run at (0,0) width 3: " "
            RenderTableCell {TD} at (94,99) size 8x11 [bgcolor=#025E5E] [r=9 c=12 rs=1 cs=1]
              RenderInline {FONT} at (0,0) size 3x11
                RenderText {#text} at (0,0) size 3x11
                  text run at (0,0) width 3: " "
            RenderTableCell {TD} at (101,99) size 9x11 [bgcolor=#044140] [r=9 c=13 rs=1 cs=1]
              RenderInline {FONT} at (0,0) size 3x11
                RenderText {#text} at (0,0) size 3x11
                  text run at (0,0) width 3: " "
            RenderTableCell {TD} at (109,99) size 9x11 [bgcolor=#223C3D] [r=9 c=14 rs=1 cs=1]
              RenderInline {FONT} at (0,0) size 3x11
                RenderText {#text} at (0,0) size 3x11
                  text run at (0,0) width 3: " "
            RenderTableCell {TD} at (117,99) size 9x11 [bgcolor=#848788] [r=9 c=15 rs=1 cs=1]
              RenderInline {FONT} at (0,0) size 3x11
                RenderText {#text} at (0,0) size 3x11
                  text run at (0,0) width 3: " "
            RenderTableCell {TD} at (125,99) size 9x11 [bgcolor=#FDFDFB] [r=9 c=16 rs=1 cs=1]
              RenderInline {FONT} at (0,0) size 3x11
                RenderText {#text} at (0,0) size 3x11
                  text run at (0,0) width 3: " "
            RenderTableCell {TD} at (133,99) size 9x11 [bgcolor=#FDFDFB] [r=9 c=17 rs=1 cs=1]
              RenderInline {FONT} at (0,0) size 3x11
                RenderText {#text} at (0,0) size 3x11
                  text run at (0,0) width 3: " "
            RenderTableCell {TD} at (141,99) size 9x11 [bgcolor=#2D3433] [r=9 c=18 rs=1 cs=1]
              RenderInline {FONT} at (0,0) size 3x11
                RenderText {#text} at (0,0) size 3x11
                  text run at (0,0) width 3: " "
            RenderTableCell {TD} at (149,99) size 8x11 [bgcolor=#1E7A79] [r=9 c=19 rs=1 cs=1]
              RenderInline {FONT} at (0,0) size 3x11
                RenderText {#text} at (0,0) size 3x11
                  text run at (0,0) width 3: " "
            RenderTableCell {TD} at (156,99) size 9x11 [bgcolor=#027777] [r=9 c=20 rs=1 cs=1]
              RenderInline {FONT} at (0,0) size 3x11
                RenderText {#text} at (0,0) size 3x11
                  text run at (0,0) width 3: " "
            RenderTableCell {TD} at (164,99) size 9x11 [bgcolor=#026766] [r=9 c=21 rs=1 cs=1]
              RenderInline {FONT} at (0,0) size 3x11
                RenderText {#text} at (0,0) size 3x11
                  text run at (0,0) width 3: " "
            RenderTableCell {TD} at (172,99) size 9x11 [bgcolor=#1E7A79] [r=9 c=22 rs=1 cs=1]
              RenderInline {FONT} at (0,0) size 3x11
                RenderText {#text} at (0,0) size 3x11
                  text run at (0,0) width 3: " "
            RenderTableCell {TD} at (180,99) size 9x11 [bgcolor=#469191] [r=9 c=23 rs=1 cs=1]
              RenderInline {FONT} at (0,0) size 3x11
                RenderText {#text} at (0,0) size 3x11
                  text run at (0,0) width 3: " "
            RenderTableCell {TD} at (188,99) size 9x11 [bgcolor=#7CAEAF] [r=9 c=24 rs=1 cs=1]
              RenderInline {FONT} at (0,0) size 3x11
                RenderText {#text} at (0,0) size 3x11
                  text run at (0,0) width 3: " "
            RenderTableCell {TD} at (196,99) size 8x11 [bgcolor=#97C1C0] [r=9 c=25 rs=1 cs=1]
              RenderInline {FONT} at (0,0) size 3x11
                RenderText {#text} at (0,0) size 3x11
                  text run at (0,0) width 3: " "
            RenderTableCell {TD} at (203,99) size 9x11 [bgcolor=#97C1C0] [r=9 c=26 rs=1 cs=1]
              RenderInline {FONT} at (0,0) size 3x11
                RenderText {#text} at (0,0) size 3x11
                  text run at (0,0) width 3: " "
            RenderTableCell {TD} at (211,99) size 9x11 [bgcolor=#97C1C0] [r=9 c=27 rs=1 cs=1]
              RenderInline {FONT} at (0,0) size 3x11
                RenderText {#text} at (0,0) size 3x11
                  text run at (0,0) width 3: " "
            RenderTableCell {TD} at (219,99) size 9x11 [bgcolor=#7CAEAF] [r=9 c=28 rs=1 cs=1]
              RenderInline {FONT} at (0,0) size 3x11
                RenderText {#text} at (0,0) size 3x11
                  text run at (0,0) width 3: " "
            RenderTableCell {TD} at (227,99) size 9x11 [bgcolor=#589594] [r=9 c=29 rs=1 cs=1]
              RenderInline {FONT} at (0,0) size 3x11
                RenderText {#text} at (0,0) size 3x11
                  text run at (0,0) width 3: " "
            RenderTableCell {TD} at (235,99) size 9x11 [bgcolor=#1E7A79] [r=9 c=30 rs=1 cs=1]
              RenderInline {FONT} at (0,0) size 3x11
                RenderText {#text} at (0,0) size 3x11
                  text run at (0,0) width 3: " "
            RenderTableCell {TD} at (243,99) size 8x11 [bgcolor=#044F4F] [r=9 c=31 rs=1 cs=1]
              RenderInline {FONT} at (0,0) size 3x11
                RenderText {#text} at (0,0) size 3x11
                  text run at (0,0) width 3: " "
            RenderTableCell {TD} at (251,99) size 8x11 [bgcolor=#344C4E] [r=9 c=32 rs=1 cs=1]
              RenderInline {FONT} at (0,0) size 3x11
                RenderText {#text} at (0,0) size 3x11
                  text run at (0,0) width 3: " "
            RenderTableCell {TD} at (258,99) size 9x11 [bgcolor=#696A69] [r=9 c=33 rs=1 cs=1]
              RenderInline {FONT} at (0,0) size 3x11
                RenderText {#text} at (0,0) size 3x11
                  text run at (0,0) width 3: " "
            RenderTableCell {TD} at (266,99) size 9x11 [bgcolor=#848788] [r=9 c=34 rs=1 cs=1]
              RenderInline {FONT} at (0,0) size 3x11
                RenderText {#text} at (0,0) size 3x11
                  text run at (0,0) width 3: " "
            RenderTableCell {TD} at (274,99) size 9x11 [bgcolor=#848788] [r=9 c=35 rs=1 cs=1]
              RenderInline {FONT} at (0,0) size 3x11
                RenderText {#text} at (0,0) size 3x11
                  text run at (0,0) width 3: " "
            RenderTableCell {TD} at (282,99) size 9x11 [bgcolor=#249393] [r=9 c=36 rs=1 cs=1]
              RenderInline {FONT} at (0,0) size 3x11
                RenderText {#text} at (0,0) size 3x11
                  text run at (0,0) width 3: " "
            RenderTableCell {TD} at (290,99) size 9x11 [bgcolor=#60A2A3] [r=9 c=37 rs=1 cs=1]
              RenderInline {FONT} at (0,0) size 3x11
                RenderText {#text} at (0,0) size 3x11
                  text run at (0,0) width 3: " "
            RenderTableCell {TD} at (298,99) size 8x11 [bgcolor=#8DB7B6] [r=9 c=38 rs=1 cs=1]
              RenderInline {FONT} at (0,0) size 3x11
                RenderText {#text} at (0,0) size 3x11
                  text run at (0,0) width 3: " "
            RenderTableCell {TD} at (305,99) size 9x11 [bgcolor=#97C1C0] [r=9 c=39 rs=1 cs=1]
              RenderInline {FONT} at (0,0) size 3x11
                RenderText {#text} at (0,0) size 3x11
                  text run at (0,0) width 3: " "
            RenderTableCell {TD} at (313,99) size 9x11 [bgcolor=#97C1C0] [r=9 c=40 rs=1 cs=1]
              RenderInline {FONT} at (0,0) size 3x11
                RenderText {#text} at (0,0) size 3x11
                  text run at (0,0) width 3: " "
            RenderTableCell {TD} at (321,99) size 9x11 [bgcolor=#8DB7B6] [r=9 c=41 rs=1 cs=1]
              RenderInline {FONT} at (0,0) size 3x11
                RenderText {#text} at (0,0) size 3x11
                  text run at (0,0) width 3: " "
            RenderTableCell {TD} at (329,99) size 9x11 [bgcolor=#60A2A3] [r=9 c=42 rs=1 cs=1]
              RenderInline {FONT} at (0,0) size 3x11
                RenderText {#text} at (0,0) size 3x11
                  text run at (0,0) width 3: " "
            RenderTableCell {TD} at (337,99) size 9x11 [bgcolor=#287A7A] [r=9 c=43 rs=1 cs=1]
              RenderInline {FONT} at (0,0) size 3x11
                RenderText {#text} at (0,0) size 3x11
                  text run at (0,0) width 3: " "
            RenderTableCell {TD} at (345,99) size 8x11 [bgcolor=#026766] [r=9 c=44 rs=1 cs=1]
              RenderInline {FONT} at (0,0) size 3x11
                RenderText {#text} at (0,0) size 3x11
                  text run at (0,0) width 3: " "
            RenderTableCell {TD} at (352,99) size 9x11 [bgcolor=#026766] [r=9 c=45 rs=1 cs=1]
              RenderInline {FONT} at (0,0) size 3x11
                RenderText {#text} at (0,0) size 3x11
                  text run at (0,0) width 3: " "
            RenderTableCell {TD} at (360,99) size 9x11 [bgcolor=#026766] [r=9 c=46 rs=1 cs=1]
              RenderInline {FONT} at (0,0) size 3x11
                RenderText {#text} at (0,0) size 3x11
                  text run at (0,0) width 3: " "
            RenderTableCell {TD} at (368,99) size 9x11 [bgcolor=#1A6B6A] [r=9 c=47 rs=1 cs=1]
              RenderInline {FONT} at (0,0) size 3x11
                RenderText {#text} at (0,0) size 3x11
                  text run at (0,0) width 3: " "
            RenderTableCell {TD} at (376,99) size 9x11 [bgcolor=#B6D0D1] [r=9 c=48 rs=1 cs=1]
              RenderInline {FONT} at (0,0) size 3x11
                RenderText {#text} at (0,0) size 3x11
                  text run at (0,0) width 3: " "
            RenderTableCell {TD} at (384,99) size 9x11 [bgcolor=#FDFDFB] [r=9 c=49 rs=1 cs=1]
              RenderInline {FONT} at (0,0) size 3x11
                RenderText {#text} at (0,0) size 3x11
                  text run at (0,0) width 3: " "
            RenderTableCell {TD} at (392,99) size 9x11 [bgcolor=#848788] [r=9 c=50 rs=1 cs=1]
              RenderInline {FONT} at (0,0) size 3x11
                RenderText {#text} at (0,0) size 3x11
                  text run at (0,0) width 3: " "
            RenderTableCell {TD} at (400,99) size 8x11 [bgcolor=#274C4D] [r=9 c=51 rs=1 cs=1]
              RenderInline {FONT} at (0,0) size 3x11
                RenderText {#text} at (0,0) size 3x11
                  text run at (0,0) width 3: " "
            RenderTableCell {TD} at (407,99) size 9x11 [bgcolor=#848788] [r=9 c=52 rs=1 cs=1]
              RenderInline {FONT} at (0,0) size 3x11
                RenderText {#text} at (0,0) size 3x11
                  text run at (0,0) width 3: " "
            RenderTableCell {TD} at (415,99) size 9x11 [bgcolor=#B4B4B4] [r=9 c=53 rs=1 cs=1]
              RenderInline {FONT} at (0,0) size 3x11
                RenderText {#text} at (0,0) size 3x11
                  text run at (0,0) width 3: " "
            RenderTableCell {TD} at (423,99) size 9x11 [bgcolor=#BEC2C2] [r=9 c=54 rs=1 cs=1]
              RenderInline {FONT} at (0,0) size 3x11
                RenderText {#text} at (0,0) size 3x11
                  text run at (0,0) width 3: " "
            RenderTableCell {TD} at (431,99) size 9x11 [bgcolor=#BEC2C2] [r=9 c=55 rs=1 cs=1]
              RenderInline {FONT} at (0,0) size 3x11
                RenderText {#text} at (0,0) size 3x11
                  text run at (0,0) width 3: " "
            RenderTableCell {TD} at (439,99) size 9x11 [bgcolor=#B4B4B4] [r=9 c=56 rs=1 cs=1]
              RenderInline {FONT} at (0,0) size 3x11
                RenderText {#text} at (0,0) size 3x11
                  text run at (0,0) width 3: " "
            RenderTableCell {TD} at (447,99) size 8x11 [bgcolor=#A5A6A6] [r=9 c=57 rs=1 cs=1]
              RenderInline {FONT} at (0,0) size 3x11
                RenderText {#text} at (0,0) size 3x11
                  text run at (0,0) width 3: " "
            RenderTableCell {TD} at (454,99) size 9x11 [bgcolor=#939494] [r=9 c=58 rs=1 cs=1]
              RenderInline {FONT} at (0,0) size 3x11
                RenderText {#text} at (0,0) size 3x11
                  text run at (0,0) width 3: " "
            RenderTableCell {TD} at (462,99) size 9x11 [bgcolor=#939494] [r=9 c=59 rs=1 cs=1]
              RenderInline {FONT} at (0,0) size 3x11
                RenderText {#text} at (0,0) size 3x11
                  text run at (0,0) width 3: " "
            RenderTableCell {TD} at (470,99) size 9x11 [bgcolor=#469191] [r=9 c=60 rs=1 cs=1]
              RenderInline {FONT} at (0,0) size 3x11
                RenderText {#text} at (0,0) size 3x11
                  text run at (0,0) width 3: " "
            RenderTableCell {TD} at (478,99) size 9x11 [bgcolor=#048485] [r=9 c=61 rs=1 cs=1]
              RenderInline {FONT} at (0,0) size 3x11
                RenderText {#text} at (0,0) size 3x11
                  text run at (0,0) width 3: " "
            RenderTableCell {TD} at (486,99) size 9x11 [bgcolor=#027777] [r=9 c=62 rs=1 cs=1]
              RenderInline {FONT} at (0,0) size 3x11
                RenderText {#text} at (0,0) size 3x11
                  text run at (0,0) width 3: " "
            RenderTableCell {TD} at (494,99) size 8x11 [bgcolor=#1A6B6A] [r=9 c=63 rs=1 cs=1]
              RenderInline {FONT} at (0,0) size 3x11
                RenderText {#text} at (0,0) size 3x11
                  text run at (0,0) width 3: " "
            RenderTableCell {TD} at (502,99) size 8x11 [bgcolor=#469191] [r=9 c=64 rs=1 cs=1]
              RenderInline {FONT} at (0,0) size 3x11
                RenderText {#text} at (0,0) size 3x11
                  text run at (0,0) width 3: " "
            RenderTableCell {TD} at (509,99) size 9x11 [bgcolor=#7CAEAF] [r=9 c=65 rs=1 cs=1]
              RenderInline {FONT} at (0,0) size 3x11
                RenderText {#text} at (0,0) size 3x11
                  text run at (0,0) width 3: " "
            RenderTableCell {TD} at (517,99) size 9x11 [bgcolor=#97C1C0] [r=9 c=66 rs=1 cs=1]
              RenderInline {FONT} at (0,0) size 3x11
                RenderText {#text} at (0,0) size 3x11
                  text run at (0,0) width 3: " "
            RenderTableCell {TD} at (525,99) size 9x11 [bgcolor=#97C1C0] [r=9 c=67 rs=1 cs=1]
              RenderInline {FONT} at (0,0) size 3x11
                RenderText {#text} at (0,0) size 3x11
                  text run at (0,0) width 3: " "
            RenderTableCell {TD} at (533,99) size 9x11 [bgcolor=#7CAEAF] [r=9 c=68 rs=1 cs=1]
              RenderInline {FONT} at (0,0) size 3x11
                RenderText {#text} at (0,0) size 3x11
                  text run at (0,0) width 3: " "
            RenderTableCell {TD} at (541,99) size 9x11 [bgcolor=#469191] [r=9 c=69 rs=1 cs=1]
              RenderInline {FONT} at (0,0) size 3x11
                RenderText {#text} at (0,0) size 3x11
                  text run at (0,0) width 3: " "
            RenderTableCell {TD} at (549,99) size 8x11 [bgcolor=#338686] [r=9 c=70 rs=1 cs=1]
              RenderInline {FONT} at (0,0) size 3x11
                RenderText {#text} at (0,0) size 3x11
                  text run at (0,0) width 3: " "
            RenderTableCell {TD} at (556,99) size 9x11 [bgcolor=#E0EAE9] [r=9 c=71 rs=1 cs=1]
              RenderInline {FONT} at (0,0) size 3x11
                RenderText {#text} at (0,0) size 3x11
                  text run at (0,0) width 3: " "
            RenderTableCell {TD} at (564,99) size 9x11 [bgcolor=#FDFDFB] [r=9 c=72 rs=1 cs=1]
              RenderInline {FONT} at (0,0) size 3x11
                RenderText {#text} at (0,0) size 3x11
                  text run at (0,0) width 3: " "
            RenderTableCell {TD} at (572,99) size 9x11 [bgcolor=#4D4F4F] [r=9 c=73 rs=1 cs=1]
              RenderInline {FONT} at (0,0) size 3x11
                RenderText {#text} at (0,0) size 3x11
                  text run at (0,0) width 3: " "
            RenderTableCell {TD} at (580,99) size 9x11 [bgcolor=#5E5F60] [r=9 c=74 rs=1 cs=1]
              RenderInline {FONT} at (0,0) size 3x11
                RenderText {#text} at (0,0) size 3x11
                  text run at (0,0) width 3: " "
            RenderTableCell {TD} at (588,99) size 9x11 [bgcolor=#777878] [r=9 c=75 rs=1 cs=1]
              RenderInline {FONT} at (0,0) size 3x11
                RenderText {#text} at (0,0) size 3x11
                  text run at (0,0) width 3: " "
            RenderTableCell {TD} at (596,99) size 8x11 [bgcolor=#939494] [r=9 c=76 rs=1 cs=1]
              RenderInline {FONT} at (0,0) size 3x11
                RenderText {#text} at (0,0) size 3x11
                  text run at (0,0) width 3: " "
            RenderTableCell {TD} at (603,99) size 9x11 [bgcolor=#939494] [r=9 c=77 rs=1 cs=1]
              RenderInline {FONT} at (0,0) size 3x11
                RenderText {#text} at (0,0) size 3x11
                  text run at (0,0) width 3: " "
            RenderTableCell {TD} at (611,99) size 9x11 [bgcolor=#589594] [r=9 c=78 rs=1 cs=1]
              RenderInline {FONT} at (0,0) size 3x11
                RenderText {#text} at (0,0) size 3x11
                  text run at (0,0) width 3: " "
            RenderTableCell {TD} at (619,99) size 9x11 [bgcolor=#5CADAE] [r=9 c=79 rs=1 cs=1]
              RenderInline {FONT} at (0,0) size 3x11
                RenderText {#text} at (0,0) size 3x11
                  text run at (0,0) width 3: " "
            RenderTableCell {TD} at (627,99) size 9x11 [bgcolor=#7DBAB9] [r=9 c=80 rs=1 cs=1]
              RenderInline {FONT} at (0,0) size 3x11
                RenderText {#text} at (0,0) size 3x11
                  text run at (0,0) width 3: " "
            RenderTableCell {TD} at (635,99) size 9x11 [bgcolor=#97C1C0] [r=9 c=81 rs=1 cs=1]
              RenderInline {FONT} at (0,0) size 3x11
                RenderText {#text} at (0,0) size 3x11
                  text run at (0,0) width 3: " "
            RenderTableCell {TD} at (643,99) size 9x11 [bgcolor=#97C1C0] [r=9 c=82 rs=1 cs=1]
              RenderInline {FONT} at (0,0) size 3x11
                RenderText {#text} at (0,0) size 3x11
                  text run at (0,0) width 3: " "
            RenderTableCell {TD} at (651,99) size 8x11 [bgcolor=#7CAEAF] [r=9 c=83 rs=1 cs=1]
              RenderInline {FONT} at (0,0) size 3x11
                RenderText {#text} at (0,0) size 3x11
                  text run at (0,0) width 3: " "
            RenderTableCell {TD} at (658,99) size 9x11 [bgcolor=#469191] [r=9 c=84 rs=1 cs=1]
              RenderInline {FONT} at (0,0) size 3x11
                RenderText {#text} at (0,0) size 3x11
                  text run at (0,0) width 3: " "
            RenderTableCell {TD} at (666,99) size 9x11 [bgcolor=#1E7A79] [r=9 c=85 rs=1 cs=1]
              RenderInline {FONT} at (0,0) size 3x11
                RenderText {#text} at (0,0) size 3x11
                  text run at (0,0) width 3: " "
            RenderTableCell {TD} at (674,99) size 9x11 [bgcolor=#026766] [r=9 c=86 rs=1 cs=1]
              RenderInline {FONT} at (0,0) size 3x11
                RenderText {#text} at (0,0) size 3x11
                  text run at (0,0) width 3: " "
            RenderTableCell {TD} at (682,99) size 9x11 [bgcolor=#026766] [r=9 c=87 rs=1 cs=1]
              RenderInline {FONT} at (0,0) size 3x11
                RenderText {#text} at (0,0) size 3x11
                  text run at (0,0) width 3: " "
            RenderTableCell {TD} at (690,99) size 9x11 [bgcolor=#026766] [r=9 c=88 rs=1 cs=1]
              RenderInline {FONT} at (0,0) size 3x11
                RenderText {#text} at (0,0) size 3x11
                  text run at (0,0) width 3: " "
            RenderTableCell {TD} at (698,99) size 8x11 [bgcolor=#469191] [r=9 c=89 rs=1 cs=1]
              RenderInline {FONT} at (0,0) size 3x11
                RenderText {#text} at (0,0) size 3x11
                  text run at (0,0) width 3: " "
            RenderTableCell {TD} at (705,99) size 9x11 [bgcolor=#7CAEAF] [r=9 c=90 rs=1 cs=1]
              RenderInline {FONT} at (0,0) size 3x11
                RenderText {#text} at (0,0) size 3x11
                  text run at (0,0) width 3: " "
            RenderTableCell {TD} at (713,99) size 9x11 [bgcolor=#EDEEEF] [r=9 c=91 rs=1 cs=1]
              RenderInline {FONT} at (0,0) size 3x11
                RenderText {#text} at (0,0) size 3x11
                  text run at (0,0) width 3: " "
            RenderTableCell {TD} at (721,99) size 9x11 [bgcolor=#FDFDFB] [r=9 c=92 rs=1 cs=1]
              RenderInline {FONT} at (0,0) size 3x11
                RenderText {#text} at (0,0) size 3x11
                  text run at (0,0) width 3: " "
            RenderTableCell {TD} at (729,99) size 9x11 [bgcolor=#848788] [r=9 c=93 rs=1 cs=1]
              RenderInline {FONT} at (0,0) size 3x11
                RenderText {#text} at (0,0) size 3x11
                  text run at (0,0) width 3: " "
            RenderTableCell {TD} at (737,99) size 9x11 [bgcolor=#848788] [r=9 c=94 rs=1 cs=1]
              RenderInline {FONT} at (0,0) size 3x11
                RenderText {#text} at (0,0) size 3x11
                  text run at (0,0) width 3: " "
            RenderTableCell {TD} at (745,99) size 8x11 [bgcolor=#777878] [r=9 c=95 rs=1 cs=1]
              RenderInline {FONT} at (0,0) size 3x11
                RenderText {#text} at (0,0) size 3x11
                  text run at (0,0) width 3: " "
            RenderTableCell {TD} at (753,99) size 8x11 [bgcolor=#777878] [r=9 c=96 rs=1 cs=1]
              RenderInline {FONT} at (0,0) size 3x11
                RenderText {#text} at (0,0) size 3x11
                  text run at (0,0) width 3: " "
            RenderTableCell {TD} at (760,99) size 9x11 [bgcolor=#848788] [r=9 c=97 rs=1 cs=1]
              RenderInline {FONT} at (0,0) size 3x11
                RenderText {#text} at (0,0) size 3x11
                  text run at (0,0) width 3: " "
            RenderTableCell {TD} at (768,99) size 9x11 [bgcolor=#777878] [r=9 c=98 rs=1 cs=1]
              RenderInline {FONT} at (0,0) size 3x11
                RenderText {#text} at (0,0) size 3x11
                  text run at (0,0) width 3: " "
            RenderTableCell {TD} at (776,99) size 9x11 [bgcolor=#4D4F4F] [r=9 c=99 rs=1 cs=1]
              RenderInline {FONT} at (0,0) size 3x11
                RenderText {#text} at (0,0) size 3x11
                  text run at (0,0) width 3: " "
          RenderTableRow {TR} at (0,110) size 784x11
            RenderTableCell {TD} at (0,110) size 8x11 [bgcolor=#E0EAE9] [r=10 c=0 rs=1 cs=1]
              RenderInline {FONT} at (0,0) size 3x11
                RenderText {#text} at (0,0) size 3x11
                  text run at (0,0) width 3: " "
            RenderTableCell {TD} at (7,110) size 9x11 [bgcolor=#249393] [r=10 c=1 rs=1 cs=1]
              RenderInline {FONT} at (0,0) size 3x11
                RenderText {#text} at (0,0) size 3x11
                  text run at (0,0) width 3: " "
            RenderTableCell {TD} at (15,110) size 9x11 [bgcolor=#1B8685] [r=10 c=2 rs=1 cs=1]
              RenderInline {FONT} at (0,0) size 3x11
                RenderText {#text} at (0,0) size 3x11
                  text run at (0,0) width 3: " "
            RenderTableCell {TD} at (23,110) size 9x11 [bgcolor=#A4CCCC] [r=10 c=3 rs=1 cs=1]
              RenderInline {FONT} at (0,0) size 3x11
                RenderText {#text} at (0,0) size 3x11
                  text run at (0,0) width 3: " "
            RenderTableCell {TD} at (31,110) size 9x11 [bgcolor=#EDEEEF] [r=10 c=4 rs=1 cs=1]
              RenderInline {FONT} at (0,0) size 3x11
                RenderText {#text} at (0,0) size 3x11
                  text run at (0,0) width 3: " "
            RenderTableCell {TD} at (39,110) size 9x11 [bgcolor=#CECFCF] [r=10 c=5 rs=1 cs=1]
              RenderInline {FONT} at (0,0) size 3x11
                RenderText {#text} at (0,0) size 3x11
                  text run at (0,0) width 3: " "
            RenderTableCell {TD} at (47,110) size 8x11 [bgcolor=#939494] [r=10 c=6 rs=1 cs=1]
              RenderInline {FONT} at (0,0) size 3x11
                RenderText {#text} at (0,0) size 3x11
                  text run at (0,0) width 3: " "
            RenderTableCell {TD} at (54,110) size 9x11 [bgcolor=#848788] [r=10 c=7 rs=1 cs=1]
              RenderInline {FONT} at (0,0) size 3x11
                RenderText {#text} at (0,0) size 3x11
                  text run at (0,0) width 3: " "
            RenderTableCell {TD} at (62,110) size 9x11 [bgcolor=#939494] [r=10 c=8 rs=1 cs=1]
              RenderInline {FONT} at (0,0) size 3x11
                RenderText {#text} at (0,0) size 3x11
                  text run at (0,0) width 3: " "
            RenderTableCell {TD} at (70,110) size 9x11 [bgcolor=#CECFCF] [r=10 c=9 rs=1 cs=1]
              RenderInline {FONT} at (0,0) size 3x11
                RenderText {#text} at (0,0) size 3x11
                  text run at (0,0) width 3: " "
            RenderTableCell {TD} at (78,110) size 9x11 [bgcolor=#EDEEEF] [r=10 c=10 rs=1 cs=1]
              RenderInline {FONT} at (0,0) size 3x11
                RenderText {#text} at (0,0) size 3x11
                  text run at (0,0) width 3: " "
            RenderTableCell {TD} at (86,110) size 9x11 [bgcolor=#A4CCCC] [r=10 c=11 rs=1 cs=1]
              RenderInline {FONT} at (0,0) size 3x11
                RenderText {#text} at (0,0) size 3x11
                  text run at (0,0) width 3: " "
            RenderTableCell {TD} at (94,110) size 8x11 [bgcolor=#1A6B6A] [r=10 c=12 rs=1 cs=1]
              RenderInline {FONT} at (0,0) size 3x11
                RenderText {#text} at (0,0) size 3x11
                  text run at (0,0) width 3: " "
            RenderTableCell {TD} at (101,110) size 9x11 [bgcolor=#044140] [r=10 c=13 rs=1 cs=1]
              RenderInline {FONT} at (0,0) size 3x11
                RenderText {#text} at (0,0) size 3x11
                  text run at (0,0) width 3: " "
            RenderTableCell {TD} at (109,110) size 9x11 [bgcolor=#223C3D] [r=10 c=14 rs=1 cs=1]
              RenderInline {FONT} at (0,0) size 3x11
                RenderText {#text} at (0,0) size 3x11
                  text run at (0,0) width 3: " "
            RenderTableCell {TD} at (117,110) size 9x11 [bgcolor=#848788] [r=10 c=15 rs=1 cs=1]
              RenderInline {FONT} at (0,0) size 3x11
                RenderText {#text} at (0,0) size 3x11
                  text run at (0,0) width 3: " "
            RenderTableCell {TD} at (125,110) size 9x11 [bgcolor=#FDFDFB] [r=10 c=16 rs=1 cs=1]
              RenderInline {FONT} at (0,0) size 3x11
                RenderText {#text} at (0,0) size 3x11
                  text run at (0,0) width 3: " "
            RenderTableCell {TD} at (133,110) size 9x11 [bgcolor=#FDFDFB] [r=10 c=17 rs=1 cs=1]
              RenderInline {FONT} at (0,0) size 3x11
                RenderText {#text} at (0,0) size 3x11
                  text run at (0,0) width 3: " "
            RenderTableCell {TD} at (141,110) size 9x11 [bgcolor=#2D3433] [r=10 c=18 rs=1 cs=1]
              RenderInline {FONT} at (0,0) size 3x11
                RenderText {#text} at (0,0) size 3x11
                  text run at (0,0) width 3: " "
            RenderTableCell {TD} at (149,110) size 8x11 [bgcolor=#1E7A79] [r=10 c=19 rs=1 cs=1]
              RenderInline {FONT} at (0,0) size 3x11
                RenderText {#text} at (0,0) size 3x11
                  text run at (0,0) width 3: " "
            RenderTableCell {TD} at (156,110) size 9x11 [bgcolor=#027777] [r=10 c=20 rs=1 cs=1]
              RenderInline {FONT} at (0,0) size 3x11
                RenderText {#text} at (0,0) size 3x11
                  text run at (0,0) width 3: " "
            RenderTableCell {TD} at (164,110) size 9x11 [bgcolor=#349392] [r=10 c=21 rs=1 cs=1]
              RenderInline {FONT} at (0,0) size 3x11
                RenderText {#text} at (0,0) size 3x11
                  text run at (0,0) width 3: " "
            RenderTableCell {TD} at (172,110) size 9x11 [bgcolor=#CADEDD] [r=10 c=22 rs=1 cs=1]
              RenderInline {FONT} at (0,0) size 3x11
                RenderText {#text} at (0,0) size 3x11
                  text run at (0,0) width 3: " "
            RenderTableCell {TD} at (180,110) size 9x11 [bgcolor=#EDEEEF] [r=10 c=23 rs=1 cs=1]
              RenderInline {FONT} at (0,0) size 3x11
                RenderText {#text} at (0,0) size 3x11
                  text run at (0,0) width 3: " "
            RenderTableCell {TD} at (188,110) size 9x11 [bgcolor=#BEC2C2] [r=10 c=24 rs=1 cs=1]
              RenderInline {FONT} at (0,0) size 3x11
                RenderText {#text} at (0,0) size 3x11
                  text run at (0,0) width 3: " "
            RenderTableCell {TD} at (196,110) size 8x11 [bgcolor=#939494] [r=10 c=25 rs=1 cs=1]
              RenderInline {FONT} at (0,0) size 3x11
                RenderText {#text} at (0,0) size 3x11
                  text run at (0,0) width 3: " "
            RenderTableCell {TD} at (203,110) size 9x11 [bgcolor=#848788] [r=10 c=26 rs=1 cs=1]
              RenderInline {FONT} at (0,0) size 3x11
                RenderText {#text} at (0,0) size 3x11
                  text run at (0,0) width 3: " "
            RenderTableCell {TD} at (211,110) size 9x11 [bgcolor=#939494] [r=10 c=27 rs=1 cs=1]
              RenderInline {FONT} at (0,0) size 3x11
                RenderText {#text} at (0,0) size 3x11
                  text run at (0,0) width 3: " "
            RenderTableCell {TD} at (219,110) size 9x11 [bgcolor=#BEC2C2] [r=10 c=28 rs=1 cs=1]
              RenderInline {FONT} at (0,0) size 3x11
                RenderText {#text} at (0,0) size 3x11
                  text run at (0,0) width 3: " "
            RenderTableCell {TD} at (227,110) size 9x11 [bgcolor=#EDEEEF] [r=10 c=29 rs=1 cs=1]
              RenderInline {FONT} at (0,0) size 3x11
                RenderText {#text} at (0,0) size 3x11
                  text run at (0,0) width 3: " "
            RenderTableCell {TD} at (235,110) size 9x11 [bgcolor=#CADEDD] [r=10 c=30 rs=1 cs=1]
              RenderInline {FONT} at (0,0) size 3x11
                RenderText {#text} at (0,0) size 3x11
                  text run at (0,0) width 3: " "
            RenderTableCell {TD} at (243,110) size 8x11 [bgcolor=#447877] [r=10 c=31 rs=1 cs=1]
              RenderInline {FONT} at (0,0) size 3x11
                RenderText {#text} at (0,0) size 3x11
                  text run at (0,0) width 3: " "
            RenderTableCell {TD} at (251,110) size 8x11 [bgcolor=#044140] [r=10 c=32 rs=1 cs=1]
              RenderInline {FONT} at (0,0) size 3x11
                RenderText {#text} at (0,0) size 3x11
                  text run at (0,0) width 3: " "
            RenderTableCell {TD} at (258,110) size 9x11 [bgcolor=#5E5F60] [r=10 c=33 rs=1 cs=1]
              RenderInline {FONT} at (0,0) size 3x11
                RenderText {#text} at (0,0) size 3x11
                  text run at (0,0) width 3: " "
            RenderTableCell {TD} at (266,110) size 9x11 [bgcolor=#777878] [r=10 c=34 rs=1 cs=1]
              RenderInline {FONT} at (0,0) size 3x11
                RenderText {#text} at (0,0) size 3x11
                  text run at (0,0) width 3: " "
            RenderTableCell {TD} at (274,110) size 9x11 [bgcolor=#B4B4B4] [r=10 c=35 rs=1 cs=1]
              RenderInline {FONT} at (0,0) size 3x11
                RenderText {#text} at (0,0) size 3x11
                  text run at (0,0) width 3: " "
            RenderTableCell {TD} at (282,110) size 9x11 [bgcolor=#E0EAE9] [r=10 c=36 rs=1 cs=1]
              RenderInline {FONT} at (0,0) size 3x11
                RenderText {#text} at (0,0) size 3x11
                  text run at (0,0) width 3: " "
            RenderTableCell {TD} at (290,110) size 9x11 [bgcolor=#EDEEEF] [r=10 c=37 rs=1 cs=1]
              RenderInline {FONT} at (0,0) size 3x11
                RenderText {#text} at (0,0) size 3x11
                  text run at (0,0) width 3: " "
            RenderTableCell {TD} at (298,110) size 8x11 [bgcolor=#A5A6A6] [r=10 c=38 rs=1 cs=1]
              RenderInline {FONT} at (0,0) size 3x11
                RenderText {#text} at (0,0) size 3x11
                  text run at (0,0) width 3: " "
            RenderTableCell {TD} at (305,110) size 9x11 [bgcolor=#848788] [r=10 c=39 rs=1 cs=1]
              RenderInline {FONT} at (0,0) size 3x11
                RenderText {#text} at (0,0) size 3x11
                  text run at (0,0) width 3: " "
            RenderTableCell {TD} at (313,110) size 9x11 [bgcolor=#848788] [r=10 c=40 rs=1 cs=1]
              RenderInline {FONT} at (0,0) size 3x11
                RenderText {#text} at (0,0) size 3x11
                  text run at (0,0) width 3: " "
            RenderTableCell {TD} at (321,110) size 9x11 [bgcolor=#A5A6A6] [r=10 c=41 rs=1 cs=1]
              RenderInline {FONT} at (0,0) size 3x11
                RenderText {#text} at (0,0) size 3x11
                  text run at (0,0) width 3: " "
            RenderTableCell {TD} at (329,110) size 9x11 [bgcolor=#E0EAE9] [r=10 c=42 rs=1 cs=1]
              RenderInline {FONT} at (0,0) size 3x11
                RenderText {#text} at (0,0) size 3x11
                  text run at (0,0) width 3: " "
            RenderTableCell {TD} at (337,110) size 9x11 [bgcolor=#E0EAE9] [r=10 c=43 rs=1 cs=1]
              RenderInline {FONT} at (0,0) size 3x11
                RenderText {#text} at (0,0) size 3x11
                  text run at (0,0) width 3: " "
            RenderTableCell {TD} at (345,110) size 8x11 [bgcolor=#589594] [r=10 c=44 rs=1 cs=1]
              RenderInline {FONT} at (0,0) size 3x11
                RenderText {#text} at (0,0) size 3x11
                  text run at (0,0) width 3: " "
            RenderTableCell {TD} at (352,110) size 9x11 [bgcolor=#026766] [r=10 c=45 rs=1 cs=1]
              RenderInline {FONT} at (0,0) size 3x11
                RenderText {#text} at (0,0) size 3x11
                  text run at (0,0) width 3: " "
            RenderTableCell {TD} at (360,110) size 9x11 [bgcolor=#026766] [r=10 c=46 rs=1 cs=1]
              RenderInline {FONT} at (0,0) size 3x11
                RenderText {#text} at (0,0) size 3x11
                  text run at (0,0) width 3: " "
            RenderTableCell {TD} at (368,110) size 9x11 [bgcolor=#1A6B6A] [r=10 c=47 rs=1 cs=1]
              RenderInline {FONT} at (0,0) size 3x11
                RenderText {#text} at (0,0) size 3x11
                  text run at (0,0) width 3: " "
            RenderTableCell {TD} at (376,110) size 9x11 [bgcolor=#B6D0D1] [r=10 c=48 rs=1 cs=1]
              RenderInline {FONT} at (0,0) size 3x11
                RenderText {#text} at (0,0) size 3x11
                  text run at (0,0) width 3: " "
            RenderTableCell {TD} at (384,110) size 9x11 [bgcolor=#FDFDFB] [r=10 c=49 rs=1 cs=1]
              RenderInline {FONT} at (0,0) size 3x11
                RenderText {#text} at (0,0) size 3x11
                  text run at (0,0) width 3: " "
            RenderTableCell {TD} at (392,110) size 9x11 [bgcolor=#CECFCF] [r=10 c=50 rs=1 cs=1]
              RenderInline {FONT} at (0,0) size 3x11
                RenderText {#text} at (0,0) size 3x11
                  text run at (0,0) width 3: " "
            RenderTableCell {TD} at (400,110) size 8x11 [bgcolor=#CECFCF] [r=10 c=51 rs=1 cs=1]
              RenderInline {FONT} at (0,0) size 3x11
                RenderText {#text} at (0,0) size 3x11
                  text run at (0,0) width 3: " "
            RenderTableCell {TD} at (407,110) size 9x11 [bgcolor=#B4B4B4] [r=10 c=52 rs=1 cs=1]
              RenderInline {FONT} at (0,0) size 3x11
                RenderText {#text} at (0,0) size 3x11
                  text run at (0,0) width 3: " "
            RenderTableCell {TD} at (415,110) size 9x11 [bgcolor=#939494] [r=10 c=53 rs=1 cs=1]
              RenderInline {FONT} at (0,0) size 3x11
                RenderText {#text} at (0,0) size 3x11
                  text run at (0,0) width 3: " "
            RenderTableCell {TD} at (423,110) size 9x11 [bgcolor=#848788] [r=10 c=54 rs=1 cs=1]
              RenderInline {FONT} at (0,0) size 3x11
                RenderText {#text} at (0,0) size 3x11
                  text run at (0,0) width 3: " "
            RenderTableCell {TD} at (431,110) size 9x11 [bgcolor=#A5A6A6] [r=10 c=55 rs=1 cs=1]
              RenderInline {FONT} at (0,0) size 3x11
                RenderText {#text} at (0,0) size 3x11
                  text run at (0,0) width 3: " "
            RenderTableCell {TD} at (439,110) size 9x11 [bgcolor=#FDFDFB] [r=10 c=56 rs=1 cs=1]
              RenderInline {FONT} at (0,0) size 3x11
                RenderText {#text} at (0,0) size 3x11
                  text run at (0,0) width 3: " "
            RenderTableCell {TD} at (447,110) size 8x11 [bgcolor=#EDEEEF] [r=10 c=57 rs=1 cs=1]
              RenderInline {FONT} at (0,0) size 3x11
                RenderText {#text} at (0,0) size 3x11
                  text run at (0,0) width 3: " "
            RenderTableCell {TD} at (454,110) size 9x11 [bgcolor=#B4B4B4] [r=10 c=58 rs=1 cs=1]
              RenderInline {FONT} at (0,0) size 3x11
                RenderText {#text} at (0,0) size 3x11
                  text run at (0,0) width 3: " "
            RenderTableCell {TD} at (462,110) size 9x11 [bgcolor=#939494] [r=10 c=59 rs=1 cs=1]
              RenderInline {FONT} at (0,0) size 3x11
                RenderText {#text} at (0,0) size 3x11
                  text run at (0,0) width 3: " "
            RenderTableCell {TD} at (470,110) size 9x11 [bgcolor=#1B8685] [r=10 c=60 rs=1 cs=1]
              RenderInline {FONT} at (0,0) size 3x11
                RenderText {#text} at (0,0) size 3x11
                  text run at (0,0) width 3: " "
            RenderTableCell {TD} at (478,110) size 9x11 [bgcolor=#027777] [r=10 c=61 rs=1 cs=1]
              RenderInline {FONT} at (0,0) size 3x11
                RenderText {#text} at (0,0) size 3x11
                  text run at (0,0) width 3: " "
            RenderTableCell {TD} at (486,110) size 9x11 [bgcolor=#349392] [r=10 c=62 rs=1 cs=1]
              RenderInline {FONT} at (0,0) size 3x11
                RenderText {#text} at (0,0) size 3x11
                  text run at (0,0) width 3: " "
            RenderTableCell {TD} at (494,110) size 8x11 [bgcolor=#B6D0D1] [r=10 c=63 rs=1 cs=1]
              RenderInline {FONT} at (0,0) size 3x11
                RenderText {#text} at (0,0) size 3x11
                  text run at (0,0) width 3: " "
            RenderTableCell {TD} at (502,110) size 8x11 [bgcolor=#EDEEEF] [r=10 c=64 rs=1 cs=1]
              RenderInline {FONT} at (0,0) size 3x11
                RenderText {#text} at (0,0) size 3x11
                  text run at (0,0) width 3: " "
            RenderTableCell {TD} at (509,110) size 9x11 [bgcolor=#CECFCF] [r=10 c=65 rs=1 cs=1]
              RenderInline {FONT} at (0,0) size 3x11
                RenderText {#text} at (0,0) size 3x11
                  text run at (0,0) width 3: " "
            RenderTableCell {TD} at (517,110) size 9x11 [bgcolor=#939494] [r=10 c=66 rs=1 cs=1]
              RenderInline {FONT} at (0,0) size 3x11
                RenderText {#text} at (0,0) size 3x11
                  text run at (0,0) width 3: " "
            RenderTableCell {TD} at (525,110) size 9x11 [bgcolor=#848788] [r=10 c=67 rs=1 cs=1]
              RenderInline {FONT} at (0,0) size 3x11
                RenderText {#text} at (0,0) size 3x11
                  text run at (0,0) width 3: " "
            RenderTableCell {TD} at (533,110) size 9x11 [bgcolor=#939494] [r=10 c=68 rs=1 cs=1]
              RenderInline {FONT} at (0,0) size 3x11
                RenderText {#text} at (0,0) size 3x11
                  text run at (0,0) width 3: " "
            RenderTableCell {TD} at (541,110) size 9x11 [bgcolor=#CECFCF] [r=10 c=69 rs=1 cs=1]
              RenderInline {FONT} at (0,0) size 3x11
                RenderText {#text} at (0,0) size 3x11
                  text run at (0,0) width 3: " "
            RenderTableCell {TD} at (549,110) size 8x11 [bgcolor=#B6D8D7] [r=10 c=70 rs=1 cs=1]
              RenderInline {FONT} at (0,0) size 3x11
                RenderText {#text} at (0,0) size 3x11
                  text run at (0,0) width 3: " "
            RenderTableCell {TD} at (556,110) size 9x11 [bgcolor=#EDEEEF] [r=10 c=71 rs=1 cs=1]
              RenderInline {FONT} at (0,0) size 3x11
                RenderText {#text} at (0,0) size 3x11
                  text run at (0,0) width 3: " "
            RenderTableCell {TD} at (564,110) size 9x11 [bgcolor=#FDFDFB] [r=10 c=72 rs=1 cs=1]
              RenderInline {FONT} at (0,0) size 3x11
                RenderText {#text} at (0,0) size 3x11
                  text run at (0,0) width 3: " "
            RenderTableCell {TD} at (572,110) size 9x11 [bgcolor=#4D4F4F] [r=10 c=73 rs=1 cs=1]
              RenderInline {FONT} at (0,0) size 3x11
                RenderText {#text} at (0,0) size 3x11
                  text run at (0,0) width 3: " "
            RenderTableCell {TD} at (580,110) size 9x11 [bgcolor=#5E5F60] [r=10 c=74 rs=1 cs=1]
              RenderInline {FONT} at (0,0) size 3x11
                RenderText {#text} at (0,0) size 3x11
                  text run at (0,0) width 3: " "
            RenderTableCell {TD} at (588,110) size 9x11 [bgcolor=#848788] [r=10 c=75 rs=1 cs=1]
              RenderInline {FONT} at (0,0) size 3x11
                RenderText {#text} at (0,0) size 3x11
                  text run at (0,0) width 3: " "
            RenderTableCell {TD} at (596,110) size 8x11 [bgcolor=#939494] [r=10 c=76 rs=1 cs=1]
              RenderInline {FONT} at (0,0) size 3x11
                RenderText {#text} at (0,0) size 3x11
                  text run at (0,0) width 3: " "
            RenderTableCell {TD} at (603,110) size 9x11 [bgcolor=#CECFCF] [r=10 c=77 rs=1 cs=1]
              RenderInline {FONT} at (0,0) size 3x11
                RenderText {#text} at (0,0) size 3x11
                  text run at (0,0) width 3: " "
            RenderTableCell {TD} at (611,110) size 9x11 [bgcolor=#EDEEEF] [r=10 c=78 rs=1 cs=1]
              RenderInline {FONT} at (0,0) size 3x11
                RenderText {#text} at (0,0) size 3x11
                  text run at (0,0) width 3: " "
            RenderTableCell {TD} at (619,110) size 9x11 [bgcolor=#DEDFDF] [r=10 c=79 rs=1 cs=1]
              RenderInline {FONT} at (0,0) size 3x11
                RenderText {#text} at (0,0) size 3x11
                  text run at (0,0) width 3: " "
            RenderTableCell {TD} at (627,110) size 9x11 [bgcolor=#A5A6A6] [r=10 c=80 rs=1 cs=1]
              RenderInline {FONT} at (0,0) size 3x11
                RenderText {#text} at (0,0) size 3x11
                  text run at (0,0) width 3: " "
            RenderTableCell {TD} at (635,110) size 9x11 [bgcolor=#848788] [r=10 c=81 rs=1 cs=1]
              RenderInline {FONT} at (0,0) size 3x11
                RenderText {#text} at (0,0) size 3x11
                  text run at (0,0) width 3: " "
            RenderTableCell {TD} at (643,110) size 9x11 [bgcolor=#939494] [r=10 c=82 rs=1 cs=1]
              RenderInline {FONT} at (0,0) size 3x11
                RenderText {#text} at (0,0) size 3x11
                  text run at (0,0) width 3: " "
            RenderTableCell {TD} at (651,110) size 8x11 [bgcolor=#BEC2C2] [r=10 c=83 rs=1 cs=1]
              RenderInline {FONT} at (0,0) size 3x11
                RenderText {#text} at (0,0) size 3x11
                  text run at (0,0) width 3: " "
            RenderTableCell {TD} at (658,110) size 9x11 [bgcolor=#EDEEEF] [r=10 c=84 rs=1 cs=1]
              RenderInline {FONT} at (0,0) size 3x11
                RenderText {#text} at (0,0) size 3x11
                  text run at (0,0) width 3: " "
            RenderTableCell {TD} at (666,110) size 9x11 [bgcolor=#CADEDD] [r=10 c=85 rs=1 cs=1]
              RenderInline {FONT} at (0,0) size 3x11
                RenderText {#text} at (0,0) size 3x11
                  text run at (0,0) width 3: " "
            RenderTableCell {TD} at (674,110) size 9x11 [bgcolor=#589594] [r=10 c=86 rs=1 cs=1]
              RenderInline {FONT} at (0,0) size 3x11
                RenderText {#text} at (0,0) size 3x11
                  text run at (0,0) width 3: " "
            RenderTableCell {TD} at (682,110) size 9x11 [bgcolor=#026766] [r=10 c=87 rs=1 cs=1]
              RenderInline {FONT} at (0,0) size 3x11
                RenderText {#text} at (0,0) size 3x11
                  text run at (0,0) width 3: " "
            RenderTableCell {TD} at (690,110) size 9x11 [bgcolor=#026766] [r=10 c=88 rs=1 cs=1]
              RenderInline {FONT} at (0,0) size 3x11
                RenderText {#text} at (0,0) size 3x11
                  text run at (0,0) width 3: " "
            RenderTableCell {TD} at (698,110) size 8x11 [bgcolor=#7CAEAF] [r=10 c=89 rs=1 cs=1]
              RenderInline {FONT} at (0,0) size 3x11
                RenderText {#text} at (0,0) size 3x11
                  text run at (0,0) width 3: " "
            RenderTableCell {TD} at (705,110) size 9x11 [bgcolor=#CECFCF] [r=10 c=90 rs=1 cs=1]
              RenderInline {FONT} at (0,0) size 3x11
                RenderText {#text} at (0,0) size 3x11
                  text run at (0,0) width 3: " "
            RenderTableCell {TD} at (713,110) size 9x11 [bgcolor=#FDFDFB] [r=10 c=91 rs=1 cs=1]
              RenderInline {FONT} at (0,0) size 3x11
                RenderText {#text} at (0,0) size 3x11
                  text run at (0,0) width 3: " "
            RenderTableCell {TD} at (721,110) size 9x11 [bgcolor=#FDFDFB] [r=10 c=92 rs=1 cs=1]
              RenderInline {FONT} at (0,0) size 3x11
                RenderText {#text} at (0,0) size 3x11
                  text run at (0,0) width 3: " "
            RenderTableCell {TD} at (729,110) size 9x11 [bgcolor=#BEC2C2] [r=10 c=93 rs=1 cs=1]
              RenderInline {FONT} at (0,0) size 3x11
                RenderText {#text} at (0,0) size 3x11
                  text run at (0,0) width 3: " "
            RenderTableCell {TD} at (737,110) size 9x11 [bgcolor=#B4B4B4] [r=10 c=94 rs=1 cs=1]
              RenderInline {FONT} at (0,0) size 3x11
                RenderText {#text} at (0,0) size 3x11
                  text run at (0,0) width 3: " "
            RenderTableCell {TD} at (745,110) size 8x11 [bgcolor=#696A69] [r=10 c=95 rs=1 cs=1]
              RenderInline {FONT} at (0,0) size 3x11
                RenderText {#text} at (0,0) size 3x11
                  text run at (0,0) width 3: " "
            RenderTableCell {TD} at (753,110) size 8x11 [bgcolor=#696A69] [r=10 c=96 rs=1 cs=1]
              RenderInline {FONT} at (0,0) size 3x11
                RenderText {#text} at (0,0) size 3x11
                  text run at (0,0) width 3: " "
            RenderTableCell {TD} at (760,110) size 9x11 [bgcolor=#848788] [r=10 c=97 rs=1 cs=1]
              RenderInline {FONT} at (0,0) size 3x11
                RenderText {#text} at (0,0) size 3x11
                  text run at (0,0) width 3: " "
            RenderTableCell {TD} at (768,110) size 9x11 [bgcolor=#777878] [r=10 c=98 rs=1 cs=1]
              RenderInline {FONT} at (0,0) size 3x11
                RenderText {#text} at (0,0) size 3x11
                  text run at (0,0) width 3: " "
            RenderTableCell {TD} at (776,110) size 9x11 [bgcolor=#4D4F4F] [r=10 c=99 rs=1 cs=1]
              RenderInline {FONT} at (0,0) size 3x11
                RenderText {#text} at (0,0) size 3x11
                  text run at (0,0) width 3: " "
          RenderTableRow {TR} at (0,121) size 784x11
            RenderTableCell {TD} at (0,121) size 8x11 [bgcolor=#A4CCCC] [r=11 c=0 rs=1 cs=1]
              RenderInline {FONT} at (0,0) size 3x11
                RenderText {#text} at (0,0) size 3x11
                  text run at (0,0) width 3: " "
            RenderTableCell {TD} at (7,121) size 9x11 [bgcolor=#048485] [r=11 c=1 rs=1 cs=1]
              RenderInline {FONT} at (0,0) size 3x11
                RenderText {#text} at (0,0) size 3x11
                  text run at (0,0) width 3: " "
            RenderTableCell {TD} at (15,121) size 9x11 [bgcolor=#7DBAB9] [r=11 c=2 rs=1 cs=1]
              RenderInline {FONT} at (0,0) size 3x11
                RenderText {#text} at (0,0) size 3x11
                  text run at (0,0) width 3: " "
            RenderTableCell {TD} at (23,121) size 9x11 [bgcolor=#FDFDFB] [r=11 c=3 rs=1 cs=1]
              RenderInline {FONT} at (0,0) size 3x11
                RenderText {#text} at (0,0) size 3x11
                  text run at (0,0) width 3: " "
            RenderTableCell {TD} at (31,121) size 9x11 [bgcolor=#CECFCF] [r=11 c=4 rs=1 cs=1]
              RenderInline {FONT} at (0,0) size 3x11
                RenderText {#text} at (0,0) size 3x11
                  text run at (0,0) width 3: " "
            RenderTableCell {TD} at (39,121) size 9x11 [bgcolor=#072323] [r=11 c=5 rs=1 cs=1]
              RenderInline {FONT} at (0,0) size 3x11
                RenderText {#text} at (0,0) size 3x11
                  text run at (0,0) width 3: " "
            RenderTableCell {TD} at (47,121) size 8x11 [bgcolor=#044140] [r=11 c=6 rs=1 cs=1]
              RenderInline {FONT} at (0,0) size 3x11
                RenderText {#text} at (0,0) size 3x11
                  text run at (0,0) width 3: " "
            RenderTableCell {TD} at (54,121) size 9x11 [bgcolor=#044F4F] [r=11 c=7 rs=1 cs=1]
              RenderInline {FONT} at (0,0) size 3x11
                RenderText {#text} at (0,0) size 3x11
                  text run at (0,0) width 3: " "
            RenderTableCell {TD} at (62,121) size 9x11 [bgcolor=#044F4F] [r=11 c=8 rs=1 cs=1]
              RenderInline {FONT} at (0,0) size 3x11
                RenderText {#text} at (0,0) size 3x11
                  text run at (0,0) width 3: " "
            RenderTableCell {TD} at (70,121) size 9x11 [bgcolor=#044F4F] [r=11 c=9 rs=1 cs=1]
              RenderInline {FONT} at (0,0) size 3x11
                RenderText {#text} at (0,0) size 3x11
                  text run at (0,0) width 3: " "
            RenderTableCell {TD} at (78,121) size 9x11 [bgcolor=#A2B5B4] [r=11 c=10 rs=1 cs=1]
              RenderInline {FONT} at (0,0) size 3x11
                RenderText {#text} at (0,0) size 3x11
                  text run at (0,0) width 3: " "
            RenderTableCell {TD} at (86,121) size 9x11 [bgcolor=#BEC2C2] [r=11 c=11 rs=1 cs=1]
              RenderInline {FONT} at (0,0) size 3x11
                RenderText {#text} at (0,0) size 3x11
                  text run at (0,0) width 3: " "
            RenderTableCell {TD} at (94,121) size 8x11 [bgcolor=#647979] [r=11 c=12 rs=1 cs=1]
              RenderInline {FONT} at (0,0) size 3x11
                RenderText {#text} at (0,0) size 3x11
                  text run at (0,0) width 3: " "
            RenderTableCell {TD} at (101,121) size 9x11 [bgcolor=#044140] [r=11 c=13 rs=1 cs=1]
              RenderInline {FONT} at (0,0) size 3x11
                RenderText {#text} at (0,0) size 3x11
                  text run at (0,0) width 3: " "
            RenderTableCell {TD} at (109,121) size 9x11 [bgcolor=#223C3D] [r=11 c=14 rs=1 cs=1]
              RenderInline {FONT} at (0,0) size 3x11
                RenderText {#text} at (0,0) size 3x11
                  text run at (0,0) width 3: " "
            RenderTableCell {TD} at (117,121) size 9x11 [bgcolor=#848788] [r=11 c=15 rs=1 cs=1]
              RenderInline {FONT} at (0,0) size 3x11
                RenderText {#text} at (0,0) size 3x11
                  text run at (0,0) width 3: " "
            RenderTableCell {TD} at (125,121) size 9x11 [bgcolor=#FDFDFB] [r=11 c=16 rs=1 cs=1]
              RenderInline {FONT} at (0,0) size 3x11
                RenderText {#text} at (0,0) size 3x11
                  text run at (0,0) width 3: " "
            RenderTableCell {TD} at (133,121) size 9x11 [bgcolor=#FDFDFB] [r=11 c=17 rs=1 cs=1]
              RenderInline {FONT} at (0,0) size 3x11
                RenderText {#text} at (0,0) size 3x11
                  text run at (0,0) width 3: " "
            RenderTableCell {TD} at (141,121) size 9x11 [bgcolor=#2D3433] [r=11 c=18 rs=1 cs=1]
              RenderInline {FONT} at (0,0) size 3x11
                RenderText {#text} at (0,0) size 3x11
                  text run at (0,0) width 3: " "
            RenderTableCell {TD} at (149,121) size 8x11 [bgcolor=#1E7A79] [r=11 c=19 rs=1 cs=1]
              RenderInline {FONT} at (0,0) size 3x11
                RenderText {#text} at (0,0) size 3x11
                  text run at (0,0) width 3: " "
            RenderTableCell {TD} at (156,121) size 9x11 [bgcolor=#027777] [r=11 c=20 rs=1 cs=1]
              RenderInline {FONT} at (0,0) size 3x11
                RenderText {#text} at (0,0) size 3x11
                  text run at (0,0) width 3: " "
            RenderTableCell {TD} at (164,121) size 9x11 [bgcolor=#A4CCCC] [r=11 c=21 rs=1 cs=1]
              RenderInline {FONT} at (0,0) size 3x11
                RenderText {#text} at (0,0) size 3x11
                  text run at (0,0) width 3: " "
            RenderTableCell {TD} at (172,121) size 9x11 [bgcolor=#DEDFDF] [r=11 c=22 rs=1 cs=1]
              RenderInline {FONT} at (0,0) size 3x11
                RenderText {#text} at (0,0) size 3x11
                  text run at (0,0) width 3: " "
            RenderTableCell {TD} at (180,121) size 9x11 [bgcolor=#848788] [r=11 c=23 rs=1 cs=1]
              RenderInline {FONT} at (0,0) size 3x11
                RenderText {#text} at (0,0) size 3x11
                  text run at (0,0) width 3: " "
            RenderTableCell {TD} at (188,121) size 9x11 [bgcolor=#072323] [r=11 c=24 rs=1 cs=1]
              RenderInline {FONT} at (0,0) size 3x11
                RenderText {#text} at (0,0) size 3x11
                  text run at (0,0) width 3: " "
            RenderTableCell {TD} at (196,121) size 8x11 [bgcolor=#044140] [r=11 c=25 rs=1 cs=1]
              RenderInline {FONT} at (0,0) size 3x11
                RenderText {#text} at (0,0) size 3x11
                  text run at (0,0) width 3: " "
            RenderTableCell {TD} at (203,121) size 9x11 [bgcolor=#044F4F] [r=11 c=26 rs=1 cs=1]
              RenderInline {FONT} at (0,0) size 3x11
                RenderText {#text} at (0,0) size 3x11
                  text run at (0,0) width 3: " "
            RenderTableCell {TD} at (211,121) size 9x11 [bgcolor=#044F4F] [r=11 c=27 rs=1 cs=1]
              RenderInline {FONT} at (0,0) size 3x11
                RenderText {#text} at (0,0) size 3x11
                  text run at (0,0) width 3: " "
            RenderTableCell {TD} at (219,121) size 9x11 [bgcolor=#044F4F] [r=11 c=28 rs=1 cs=1]
              RenderInline {FONT} at (0,0) size 3x11
                RenderText {#text} at (0,0) size 3x11
                  text run at (0,0) width 3: " "
            RenderTableCell {TD} at (227,121) size 9x11 [bgcolor=#A2B5B4] [r=11 c=29 rs=1 cs=1]
              RenderInline {FONT} at (0,0) size 3x11
                RenderText {#text} at (0,0) size 3x11
                  text run at (0,0) width 3: " "
            RenderTableCell {TD} at (235,121) size 9x11 [bgcolor=#FDFDFB] [r=11 c=30 rs=1 cs=1]
              RenderInline {FONT} at (0,0) size 3x11
                RenderText {#text} at (0,0) size 3x11
                  text run at (0,0) width 3: " "
            RenderTableCell {TD} at (243,121) size 8x11 [bgcolor=#A2B5B4] [r=11 c=31 rs=1 cs=1]
              RenderInline {FONT} at (0,0) size 3x11
                RenderText {#text} at (0,0) size 3x11
                  text run at (0,0) width 3: " "
            RenderTableCell {TD} at (251,121) size 8x11 [bgcolor=#083131] [r=11 c=32 rs=1 cs=1]
              RenderInline {FONT} at (0,0) size 3x11
                RenderText {#text} at (0,0) size 3x11
                  text run at (0,0) width 3: " "
            RenderTableCell {TD} at (258,121) size 9x11 [bgcolor=#515C5B] [r=11 c=33 rs=1 cs=1]
              RenderInline {FONT} at (0,0) size 3x11
                RenderText {#text} at (0,0) size 3x11
                  text run at (0,0) width 3: " "
            RenderTableCell {TD} at (266,121) size 9x11 [bgcolor=#848788] [r=11 c=34 rs=1 cs=1]
              RenderInline {FONT} at (0,0) size 3x11
                RenderText {#text} at (0,0) size 3x11
                  text run at (0,0) width 3: " "
            RenderTableCell {TD} at (274,121) size 9x11 [bgcolor=#EDEEEF] [r=11 c=35 rs=1 cs=1]
              RenderInline {FONT} at (0,0) size 3x11
                RenderText {#text} at (0,0) size 3x11
                  text run at (0,0) width 3: " "
            RenderTableCell {TD} at (282,121) size 9x11 [bgcolor=#FDFDFB] [r=11 c=36 rs=1 cs=1]
              RenderInline {FONT} at (0,0) size 3x11
                RenderText {#text} at (0,0) size 3x11
                  text run at (0,0) width 3: " "
            RenderTableCell {TD} at (290,121) size 9x11 [bgcolor=#5E5F60] [r=11 c=37 rs=1 cs=1]
              RenderInline {FONT} at (0,0) size 3x11
                RenderText {#text} at (0,0) size 3x11
                  text run at (0,0) width 3: " "
            RenderTableCell {TD} at (298,121) size 8x11 [bgcolor=#083131] [r=11 c=38 rs=1 cs=1]
              RenderInline {FONT} at (0,0) size 3x11
                RenderText {#text} at (0,0) size 3x11
                  text run at (0,0) width 3: " "
            RenderTableCell {TD} at (305,121) size 9x11 [bgcolor=#044F4F] [r=11 c=39 rs=1 cs=1]
              RenderInline {FONT} at (0,0) size 3x11
                RenderText {#text} at (0,0) size 3x11
                  text run at (0,0) width 3: " "
            RenderTableCell {TD} at (313,121) size 9x11 [bgcolor=#044F4F] [r=11 c=40 rs=1 cs=1]
              RenderInline {FONT} at (0,0) size 3x11
                RenderText {#text} at (0,0) size 3x11
                  text run at (0,0) width 3: " "
            RenderTableCell {TD} at (321,121) size 9x11 [bgcolor=#044F4F] [r=11 c=41 rs=1 cs=1]
              RenderInline {FONT} at (0,0) size 3x11
                RenderText {#text} at (0,0) size 3x11
                  text run at (0,0) width 3: " "
            RenderTableCell {TD} at (329,121) size 9x11 [bgcolor=#396B6A] [r=11 c=42 rs=1 cs=1]
              RenderInline {FONT} at (0,0) size 3x11
                RenderText {#text} at (0,0) size 3x11
                  text run at (0,0) width 3: " "
            RenderTableCell {TD} at (337,121) size 9x11 [bgcolor=#CECFCF] [r=11 c=43 rs=1 cs=1]
              RenderInline {FONT} at (0,0) size 3x11
                RenderText {#text} at (0,0) size 3x11
                  text run at (0,0) width 3: " "
            RenderTableCell {TD} at (345,121) size 8x11 [bgcolor=#A5A6A6] [r=11 c=44 rs=1 cs=1]
              RenderInline {FONT} at (0,0) size 3x11
                RenderText {#text} at (0,0) size 3x11
                  text run at (0,0) width 3: " "
            RenderTableCell {TD} at (352,121) size 9x11 [bgcolor=#1A5C5C] [r=11 c=45 rs=1 cs=1]
              RenderInline {FONT} at (0,0) size 3x11
                RenderText {#text} at (0,0) size 3x11
                  text run at (0,0) width 3: " "
            RenderTableCell {TD} at (360,121) size 9x11 [bgcolor=#026766] [r=11 c=46 rs=1 cs=1]
              RenderInline {FONT} at (0,0) size 3x11
                RenderText {#text} at (0,0) size 3x11
                  text run at (0,0) width 3: " "
            RenderTableCell {TD} at (368,121) size 9x11 [bgcolor=#1A6B6A] [r=11 c=47 rs=1 cs=1]
              RenderInline {FONT} at (0,0) size 3x11
                RenderText {#text} at (0,0) size 3x11
                  text run at (0,0) width 3: " "
            RenderTableCell {TD} at (376,121) size 9x11 [bgcolor=#B6D0D1] [r=11 c=48 rs=1 cs=1]
              RenderInline {FONT} at (0,0) size 3x11
                RenderText {#text} at (0,0) size 3x11
                  text run at (0,0) width 3: " "
            RenderTableCell {TD} at (384,121) size 9x11 [bgcolor=#FDFDFB] [r=11 c=49 rs=1 cs=1]
              RenderInline {FONT} at (0,0) size 3x11
                RenderText {#text} at (0,0) size 3x11
                  text run at (0,0) width 3: " "
            RenderTableCell {TD} at (392,121) size 9x11 [bgcolor=#EDEEEF] [r=11 c=50 rs=1 cs=1]
              RenderInline {FONT} at (0,0) size 3x11
                RenderText {#text} at (0,0) size 3x11
                  text run at (0,0) width 3: " "
            RenderTableCell {TD} at (400,121) size 8x11 [bgcolor=#4D4F4F] [r=11 c=51 rs=1 cs=1]
              RenderInline {FONT} at (0,0) size 3x11
                RenderText {#text} at (0,0) size 3x11
                  text run at (0,0) width 3: " "
            RenderTableCell {TD} at (407,121) size 9x11 [bgcolor=#1C2524] [r=11 c=52 rs=1 cs=1]
              RenderInline {FONT} at (0,0) size 3x11
                RenderText {#text} at (0,0) size 3x11
                  text run at (0,0) width 3: " "
            RenderTableCell {TD} at (415,121) size 9x11 [bgcolor=#3D4242] [r=11 c=53 rs=1 cs=1]
              RenderInline {FONT} at (0,0) size 3x11
                RenderText {#text} at (0,0) size 3x11
                  text run at (0,0) width 3: " "
            RenderTableCell {TD} at (423,121) size 9x11 [bgcolor=#696A69] [r=11 c=54 rs=1 cs=1]
              RenderInline {FONT} at (0,0) size 3x11
                RenderText {#text} at (0,0) size 3x11
                  text run at (0,0) width 3: " "
            RenderTableCell {TD} at (431,121) size 9x11 [bgcolor=#777878] [r=11 c=55 rs=1 cs=1]
              RenderInline {FONT} at (0,0) size 3x11
                RenderText {#text} at (0,0) size 3x11
                  text run at (0,0) width 3: " "
            RenderTableCell {TD} at (439,121) size 9x11 [bgcolor=#B4B4B4] [r=11 c=56 rs=1 cs=1]
              RenderInline {FONT} at (0,0) size 3x11
                RenderText {#text} at (0,0) size 3x11
                  text run at (0,0) width 3: " "
            RenderTableCell {TD} at (447,121) size 8x11 [bgcolor=#FDFDFB] [r=11 c=57 rs=1 cs=1]
              RenderInline {FONT} at (0,0) size 3x11
                RenderText {#text} at (0,0) size 3x11
                  text run at (0,0) width 3: " "
            RenderTableCell {TD} at (454,121) size 9x11 [bgcolor=#EDEEEF] [r=11 c=58 rs=1 cs=1]
              RenderInline {FONT} at (0,0) size 3x11
                RenderText {#text} at (0,0) size 3x11
                  text run at (0,0) width 3: " "
            RenderTableCell {TD} at (462,121) size 9x11 [bgcolor=#696A69] [r=11 c=59 rs=1 cs=1]
              RenderInline {FONT} at (0,0) size 3x11
                RenderText {#text} at (0,0) size 3x11
                  text run at (0,0) width 3: " "
            RenderTableCell {TD} at (470,121) size 9x11 [bgcolor=#1B8685] [r=11 c=60 rs=1 cs=1]
              RenderInline {FONT} at (0,0) size 3x11
                RenderText {#text} at (0,0) size 3x11
                  text run at (0,0) width 3: " "
            RenderTableCell {TD} at (478,121) size 9x11 [bgcolor=#1B8685] [r=11 c=61 rs=1 cs=1]
              RenderInline {FONT} at (0,0) size 3x11
                RenderText {#text} at (0,0) size 3x11
                  text run at (0,0) width 3: " "
            RenderTableCell {TD} at (486,121) size 9x11 [bgcolor=#E0EAE9] [r=11 c=62 rs=1 cs=1]
              RenderInline {FONT} at (0,0) size 3x11
                RenderText {#text} at (0,0) size 3x11
                  text run at (0,0) width 3: " "
            RenderTableCell {TD} at (494,121) size 8x11 [bgcolor=#FDFDFB] [r=11 c=63 rs=1 cs=1]
              RenderInline {FONT} at (0,0) size 3x11
                RenderText {#text} at (0,0) size 3x11
                  text run at (0,0) width 3: " "
            RenderTableCell {TD} at (502,121) size 8x11 [bgcolor=#777878] [r=11 c=64 rs=1 cs=1]
              RenderInline {FONT} at (0,0) size 3x11
                RenderText {#text} at (0,0) size 3x11
                  text run at (0,0) width 3: " "
            RenderTableCell {TD} at (509,121) size 9x11 [bgcolor=#072323] [r=11 c=65 rs=1 cs=1]
              RenderInline {FONT} at (0,0) size 3x11
                RenderText {#text} at (0,0) size 3x11
                  text run at (0,0) width 3: " "
            RenderTableCell {TD} at (517,121) size 9x11 [bgcolor=#044140] [r=11 c=66 rs=1 cs=1]
              RenderInline {FONT} at (0,0) size 3x11
                RenderText {#text} at (0,0) size 3x11
                  text run at (0,0) width 3: " "
            RenderTableCell {TD} at (525,121) size 9x11 [bgcolor=#044F4F] [r=11 c=67 rs=1 cs=1]
              RenderInline {FONT} at (0,0) size 3x11
                RenderText {#text} at (0,0) size 3x11
                  text run at (0,0) width 3: " "
            RenderTableCell {TD} at (533,121) size 9x11 [bgcolor=#044F4F] [r=11 c=68 rs=1 cs=1]
              RenderInline {FONT} at (0,0) size 3x11
                RenderText {#text} at (0,0) size 3x11
                  text run at (0,0) width 3: " "
            RenderTableCell {TD} at (541,121) size 9x11 [bgcolor=#1A5C5C] [r=11 c=69 rs=1 cs=1]
              RenderInline {FONT} at (0,0) size 3x11
                RenderText {#text} at (0,0) size 3x11
                  text run at (0,0) width 3: " "
            RenderTableCell {TD} at (549,121) size 8x11 [bgcolor=#A2B5B4] [r=11 c=70 rs=1 cs=1]
              RenderInline {FONT} at (0,0) size 3x11
                RenderText {#text} at (0,0) size 3x11
                  text run at (0,0) width 3: " "
            RenderTableCell {TD} at (556,121) size 9x11 [bgcolor=#FDFDFB] [r=11 c=71 rs=1 cs=1]
              RenderInline {FONT} at (0,0) size 3x11
                RenderText {#text} at (0,0) size 3x11
                  text run at (0,0) width 3: " "
            RenderTableCell {TD} at (564,121) size 9x11 [bgcolor=#FDFDFB] [r=11 c=72 rs=1 cs=1]
              RenderInline {FONT} at (0,0) size 3x11
                RenderText {#text} at (0,0) size 3x11
                  text run at (0,0) width 3: " "
            RenderTableCell {TD} at (572,121) size 9x11 [bgcolor=#4D4F4F] [r=11 c=73 rs=1 cs=1]
              RenderInline {FONT} at (0,0) size 3x11
                RenderText {#text} at (0,0) size 3x11
                  text run at (0,0) width 3: " "
            RenderTableCell {TD} at (580,121) size 9x11 [bgcolor=#5E5F60] [r=11 c=74 rs=1 cs=1]
              RenderInline {FONT} at (0,0) size 3x11
                RenderText {#text} at (0,0) size 3x11
                  text run at (0,0) width 3: " "
            RenderTableCell {TD} at (588,121) size 9x11 [bgcolor=#848788] [r=11 c=75 rs=1 cs=1]
              RenderInline {FONT} at (0,0) size 3x11
                RenderText {#text} at (0,0) size 3x11
                  text run at (0,0) width 3: " "
            RenderTableCell {TD} at (596,121) size 8x11 [bgcolor=#CECFCF] [r=11 c=76 rs=1 cs=1]
              RenderInline {FONT} at (0,0) size 3x11
                RenderText {#text} at (0,0) size 3x11
                  text run at (0,0) width 3: " "
            RenderTableCell {TD} at (603,121) size 9x11 [bgcolor=#FDFDFB] [r=11 c=77 rs=1 cs=1]
              RenderInline {FONT} at (0,0) size 3x11
                RenderText {#text} at (0,0) size 3x11
                  text run at (0,0) width 3: " "
            RenderTableCell {TD} at (611,121) size 9x11 [bgcolor=#B4B4B4] [r=11 c=78 rs=1 cs=1]
              RenderInline {FONT} at (0,0) size 3x11
                RenderText {#text} at (0,0) size 3x11
                  text run at (0,0) width 3: " "
            RenderTableCell {TD} at (619,121) size 9x11 [bgcolor=#1C2524] [r=11 c=79 rs=1 cs=1]
              RenderInline {FONT} at (0,0) size 3x11
                RenderText {#text} at (0,0) size 3x11
                  text run at (0,0) width 3: " "
            RenderTableCell {TD} at (627,121) size 9x11 [bgcolor=#044140] [r=11 c=80 rs=1 cs=1]
              RenderInline {FONT} at (0,0) size 3x11
                RenderText {#text} at (0,0) size 3x11
                  text run at (0,0) width 3: " "
            RenderTableCell {TD} at (635,121) size 9x11 [bgcolor=#044F4F] [r=11 c=81 rs=1 cs=1]
              RenderInline {FONT} at (0,0) size 3x11
                RenderText {#text} at (0,0) size 3x11
                  text run at (0,0) width 3: " "
            RenderTableCell {TD} at (643,121) size 9x11 [bgcolor=#044F4F] [r=11 c=82 rs=1 cs=1]
              RenderInline {FONT} at (0,0) size 3x11
                RenderText {#text} at (0,0) size 3x11
                  text run at (0,0) width 3: " "
            RenderTableCell {TD} at (651,121) size 8x11 [bgcolor=#044F4F] [r=11 c=83 rs=1 cs=1]
              RenderInline {FONT} at (0,0) size 3x11
                RenderText {#text} at (0,0) size 3x11
                  text run at (0,0) width 3: " "
            RenderTableCell {TD} at (658,121) size 9x11 [bgcolor=#447877] [r=11 c=84 rs=1 cs=1]
              RenderInline {FONT} at (0,0) size 3x11
                RenderText {#text} at (0,0) size 3x11
                  text run at (0,0) width 3: " "
            RenderTableCell {TD} at (666,121) size 9x11 [bgcolor=#EDEEEF] [r=11 c=85 rs=1 cs=1]
              RenderInline {FONT} at (0,0) size 3x11
                RenderText {#text} at (0,0) size 3x11
                  text run at (0,0) width 3: " "
            RenderTableCell {TD} at (674,121) size 9x11 [bgcolor=#FDFDFB] [r=11 c=86 rs=1 cs=1]
              RenderInline {FONT} at (0,0) size 3x11
                RenderText {#text} at (0,0) size 3x11
                  text run at (0,0) width 3: " "
            RenderTableCell {TD} at (682,121) size 9x11 [bgcolor=#5A8787] [r=11 c=87 rs=1 cs=1]
              RenderInline {FONT} at (0,0) size 3x11
                RenderText {#text} at (0,0) size 3x11
                  text run at (0,0) width 3: " "
            RenderTableCell {TD} at (690,121) size 9x11 [bgcolor=#025E5E] [r=11 c=88 rs=1 cs=1]
              RenderInline {FONT} at (0,0) size 3x11
                RenderText {#text} at (0,0) size 3x11
                  text run at (0,0) width 3: " "
            RenderTableCell {TD} at (698,121) size 8x11 [bgcolor=#025E5E] [r=11 c=89 rs=1 cs=1]
              RenderInline {FONT} at (0,0) size 3x11
                RenderText {#text} at (0,0) size 3x11
                  text run at (0,0) width 3: " "
            RenderTableCell {TD} at (705,121) size 9x11 [bgcolor=#396B6A] [r=11 c=90 rs=1 cs=1]
              RenderInline {FONT} at (0,0) size 3x11
                RenderText {#text} at (0,0) size 3x11
                  text run at (0,0) width 3: " "
            RenderTableCell {TD} at (713,121) size 9x11 [bgcolor=#E0EAE9] [r=11 c=91 rs=1 cs=1]
              RenderInline {FONT} at (0,0) size 3x11
                RenderText {#text} at (0,0) size 3x11
                  text run at (0,0) width 3: " "
            RenderTableCell {TD} at (721,121) size 9x11 [bgcolor=#FDFDFB] [r=11 c=92 rs=1 cs=1]
              RenderInline {FONT} at (0,0) size 3x11
                RenderText {#text} at (0,0) size 3x11
                  text run at (0,0) width 3: " "
            RenderTableCell {TD} at (729,121) size 9x11 [bgcolor=#2D3433] [r=11 c=93 rs=1 cs=1]
              RenderInline {FONT} at (0,0) size 3x11
                RenderText {#text} at (0,0) size 3x11
                  text run at (0,0) width 3: " "
            RenderTableCell {TD} at (737,121) size 9x11 [bgcolor=#1C2524] [r=11 c=94 rs=1 cs=1]
              RenderInline {FONT} at (0,0) size 3x11
                RenderText {#text} at (0,0) size 3x11
                  text run at (0,0) width 3: " "
            RenderTableCell {TD} at (745,121) size 8x11 [bgcolor=#3D4242] [r=11 c=95 rs=1 cs=1]
              RenderInline {FONT} at (0,0) size 3x11
                RenderText {#text} at (0,0) size 3x11
                  text run at (0,0) width 3: " "
            RenderTableCell {TD} at (753,121) size 8x11 [bgcolor=#777878] [r=11 c=96 rs=1 cs=1]
              RenderInline {FONT} at (0,0) size 3x11
                RenderText {#text} at (0,0) size 3x11
                  text run at (0,0) width 3: " "
            RenderTableCell {TD} at (760,121) size 9x11 [bgcolor=#848788] [r=11 c=97 rs=1 cs=1]
              RenderInline {FONT} at (0,0) size 3x11
                RenderText {#text} at (0,0) size 3x11
                  text run at (0,0) width 3: " "
            RenderTableCell {TD} at (768,121) size 9x11 [bgcolor=#777878] [r=11 c=98 rs=1 cs=1]
              RenderInline {FONT} at (0,0) size 3x11
                RenderText {#text} at (0,0) size 3x11
                  text run at (0,0) width 3: " "
            RenderTableCell {TD} at (776,121) size 9x11 [bgcolor=#4D4F4F] [r=11 c=99 rs=1 cs=1]
              RenderInline {FONT} at (0,0) size 3x11
                RenderText {#text} at (0,0) size 3x11
                  text run at (0,0) width 3: " "
          RenderTableRow {TR} at (0,132) size 784x11
            RenderTableCell {TD} at (0,132) size 8x11 [bgcolor=#97C1C0] [r=12 c=0 rs=1 cs=1]
              RenderInline {FONT} at (0,0) size 3x11
                RenderText {#text} at (0,0) size 3x11
                  text run at (0,0) width 3: " "
            RenderTableCell {TD} at (7,132) size 9x11 [bgcolor=#027777] [r=12 c=1 rs=1 cs=1]
              RenderInline {FONT} at (0,0) size 3x11
                RenderText {#text} at (0,0) size 3x11
                  text run at (0,0) width 3: " "
            RenderTableCell {TD} at (15,132) size 9x11 [bgcolor=#60A2A3] [r=12 c=2 rs=1 cs=1]
              RenderInline {FONT} at (0,0) size 3x11
                RenderText {#text} at (0,0) size 3x11
                  text run at (0,0) width 3: " "
            RenderTableCell {TD} at (23,132) size 9x11 [bgcolor=#EDEEEF] [r=12 c=3 rs=1 cs=1]
              RenderInline {FONT} at (0,0) size 3x11
                RenderText {#text} at (0,0) size 3x11
                  text run at (0,0) width 3: " "
            RenderTableCell {TD} at (31,132) size 9x11 [bgcolor=#FDFDFB] [r=12 c=4 rs=1 cs=1]
              RenderInline {FONT} at (0,0) size 3x11
                RenderText {#text} at (0,0) size 3x11
                  text run at (0,0) width 3: " "
            RenderTableCell {TD} at (39,132) size 9x11 [bgcolor=#A2B5B4] [r=12 c=5 rs=1 cs=1]
              RenderInline {FONT} at (0,0) size 3x11
                RenderText {#text} at (0,0) size 3x11
                  text run at (0,0) width 3: " "
            RenderTableCell {TD} at (47,132) size 8x11 [bgcolor=#72A3A1] [r=12 c=6 rs=1 cs=1]
              RenderInline {FONT} at (0,0) size 3x11
                RenderText {#text} at (0,0) size 3x11
                  text run at (0,0) width 3: " "
            RenderTableCell {TD} at (54,132) size 9x11 [bgcolor=#469191] [r=12 c=7 rs=1 cs=1]
              RenderInline {FONT} at (0,0) size 3x11
                RenderText {#text} at (0,0) size 3x11
                  text run at (0,0) width 3: " "
            RenderTableCell {TD} at (62,132) size 9x11 [bgcolor=#338686] [r=12 c=8 rs=1 cs=1]
              RenderInline {FONT} at (0,0) size 3x11
                RenderText {#text} at (0,0) size 3x11
                  text run at (0,0) width 3: " "
            RenderTableCell {TD} at (70,132) size 9x11 [bgcolor=#1E7A79] [r=12 c=9 rs=1 cs=1]
              RenderInline {FONT} at (0,0) size 3x11
                RenderText {#text} at (0,0) size 3x11
                  text run at (0,0) width 3: " "
            RenderTableCell {TD} at (78,132) size 9x11 [bgcolor=#1A6B6A] [r=12 c=10 rs=1 cs=1]
              RenderInline {FONT} at (0,0) size 3x11
                RenderText {#text} at (0,0) size 3x11
                  text run at (0,0) width 3: " "
            RenderTableCell {TD} at (86,132) size 9x11 [bgcolor=#044F4F] [r=12 c=11 rs=1 cs=1]
              RenderInline {FONT} at (0,0) size 3x11
                RenderText {#text} at (0,0) size 3x11
                  text run at (0,0) width 3: " "
            RenderTableCell {TD} at (94,132) size 8x11 [bgcolor=#044140] [r=12 c=12 rs=1 cs=1]
              RenderInline {FONT} at (0,0) size 3x11
                RenderText {#text} at (0,0) size 3x11
                  text run at (0,0) width 3: " "
            RenderTableCell {TD} at (101,132) size 9x11 [bgcolor=#044140] [r=12 c=13 rs=1 cs=1]
              RenderInline {FONT} at (0,0) size 3x11
                RenderText {#text} at (0,0) size 3x11
                  text run at (0,0) width 3: " "
            RenderTableCell {TD} at (109,132) size 9x11 [bgcolor=#223C3D] [r=12 c=14 rs=1 cs=1]
              RenderInline {FONT} at (0,0) size 3x11
                RenderText {#text} at (0,0) size 3x11
                  text run at (0,0) width 3: " "
            RenderTableCell {TD} at (117,132) size 9x11 [bgcolor=#848788] [r=12 c=15 rs=1 cs=1]
              RenderInline {FONT} at (0,0) size 3x11
                RenderText {#text} at (0,0) size 3x11
                  text run at (0,0) width 3: " "
            RenderTableCell {TD} at (125,132) size 9x11 [bgcolor=#FDFDFB] [r=12 c=16 rs=1 cs=1]
              RenderInline {FONT} at (0,0) size 3x11
                RenderText {#text} at (0,0) size 3x11
                  text run at (0,0) width 3: " "
            RenderTableCell {TD} at (133,132) size 9x11 [bgcolor=#FDFDFB] [r=12 c=17 rs=1 cs=1]
              RenderInline {FONT} at (0,0) size 3x11
                RenderText {#text} at (0,0) size 3x11
                  text run at (0,0) width 3: " "
            RenderTableCell {TD} at (141,132) size 9x11 [bgcolor=#2D3433] [r=12 c=18 rs=1 cs=1]
              RenderInline {FONT} at (0,0) size 3x11
                RenderText {#text} at (0,0) size 3x11
                  text run at (0,0) width 3: " "
            RenderTableCell {TD} at (149,132) size 8x11 [bgcolor=#1E7A79] [r=12 c=19 rs=1 cs=1]
              RenderInline {FONT} at (0,0) size 3x11
                RenderText {#text} at (0,0) size 3x11
                  text run at (0,0) width 3: " "
            RenderTableCell {TD} at (156,132) size 9x11 [bgcolor=#027777] [r=12 c=20 rs=1 cs=1]
              RenderInline {FONT} at (0,0) size 3x11
                RenderText {#text} at (0,0) size 3x11
                  text run at (0,0) width 3: " "
            RenderTableCell {TD} at (164,132) size 9x11 [bgcolor=#1A6B6A] [r=12 c=21 rs=1 cs=1]
              RenderInline {FONT} at (0,0) size 3x11
                RenderText {#text} at (0,0) size 3x11
                  text run at (0,0) width 3: " "
            RenderTableCell {TD} at (172,132) size 9x11 [bgcolor=#274C4D] [r=12 c=22 rs=1 cs=1]
              RenderInline {FONT} at (0,0) size 3x11
                RenderText {#text} at (0,0) size 3x11
                  text run at (0,0) width 3: " "
            RenderTableCell {TD} at (180,132) size 9x11 [bgcolor=#274C4D] [r=12 c=23 rs=1 cs=1]
              RenderInline {FONT} at (0,0) size 3x11
                RenderText {#text} at (0,0) size 3x11
                  text run at (0,0) width 3: " "
            RenderTableCell {TD} at (188,132) size 9x11 [bgcolor=#287A7A] [r=12 c=24 rs=1 cs=1]
              RenderInline {FONT} at (0,0) size 3x11
                RenderText {#text} at (0,0) size 3x11
                  text run at (0,0) width 3: " "
            RenderTableCell {TD} at (196,132) size 8x11 [bgcolor=#338686] [r=12 c=25 rs=1 cs=1]
              RenderInline {FONT} at (0,0) size 3x11
                RenderText {#text} at (0,0) size 3x11
                  text run at (0,0) width 3: " "
            RenderTableCell {TD} at (203,132) size 9x11 [bgcolor=#338686] [r=12 c=26 rs=1 cs=1]
              RenderInline {FONT} at (0,0) size 3x11
                RenderText {#text} at (0,0) size 3x11
                  text run at (0,0) width 3: " "
            RenderTableCell {TD} at (211,132) size 9x11 [bgcolor=#469191] [r=12 c=27 rs=1 cs=1]
              RenderInline {FONT} at (0,0) size 3x11
                RenderText {#text} at (0,0) size 3x11
                  text run at (0,0) width 3: " "
            RenderTableCell {TD} at (219,132) size 9x11 [bgcolor=#60A2A3] [r=12 c=28 rs=1 cs=1]
              RenderInline {FONT} at (0,0) size 3x11
                RenderText {#text} at (0,0) size 3x11
                  text run at (0,0) width 3: " "
            RenderTableCell {TD} at (227,132) size 9x11 [bgcolor=#CADEDD] [r=12 c=29 rs=1 cs=1]
              RenderInline {FONT} at (0,0) size 3x11
                RenderText {#text} at (0,0) size 3x11
                  text run at (0,0) width 3: " "
            RenderTableCell {TD} at (235,132) size 9x11 [bgcolor=#FDFDFB] [r=12 c=30 rs=1 cs=1]
              RenderInline {FONT} at (0,0) size 3x11
                RenderText {#text} at (0,0) size 3x11
                  text run at (0,0) width 3: " "
            RenderTableCell {TD} at (243,132) size 8x11 [bgcolor=#B4B4B4] [r=12 c=31 rs=1 cs=1]
              RenderInline {FONT} at (0,0) size 3x11
                RenderText {#text} at (0,0) size 3x11
                  text run at (0,0) width 3: " "
            RenderTableCell {TD} at (251,132) size 8x11 [bgcolor=#072323] [r=12 c=32 rs=1 cs=1]
              RenderInline {FONT} at (0,0) size 3x11
                RenderText {#text} at (0,0) size 3x11
                  text run at (0,0) width 3: " "
            RenderTableCell {TD} at (258,132) size 9x11 [bgcolor=#4D4F4F] [r=12 c=33 rs=1 cs=1]
              RenderInline {FONT} at (0,0) size 3x11
                RenderText {#text} at (0,0) size 3x11
                  text run at (0,0) width 3: " "
            RenderTableCell {TD} at (266,132) size 9x11 [bgcolor=#777878] [r=12 c=34 rs=1 cs=1]
              RenderInline {FONT} at (0,0) size 3x11
                RenderText {#text} at (0,0) size 3x11
                  text run at (0,0) width 3: " "
            RenderTableCell {TD} at (274,132) size 9x11 [bgcolor=#CECFCF] [r=12 c=35 rs=1 cs=1]
              RenderInline {FONT} at (0,0) size 3x11
                RenderText {#text} at (0,0) size 3x11
                  text run at (0,0) width 3: " "
            RenderTableCell {TD} at (282,132) size 9x11 [bgcolor=#FDFDFB] [r=12 c=36 rs=1 cs=1]
              RenderInline {FONT} at (0,0) size 3x11
                RenderText {#text} at (0,0) size 3x11
                  text run at (0,0) width 3: " "
            RenderTableCell {TD} at (290,132) size 9x11 [bgcolor=#CECFCF] [r=12 c=37 rs=1 cs=1]
              RenderInline {FONT} at (0,0) size 3x11
                RenderText {#text} at (0,0) size 3x11
                  text run at (0,0) width 3: " "
            RenderTableCell {TD} at (298,132) size 8x11 [bgcolor=#8DB7B6] [r=12 c=38 rs=1 cs=1]
              RenderInline {FONT} at (0,0) size 3x11
                RenderText {#text} at (0,0) size 3x11
                  text run at (0,0) width 3: " "
            RenderTableCell {TD} at (305,132) size 9x11 [bgcolor=#589594] [r=12 c=39 rs=1 cs=1]
              RenderInline {FONT} at (0,0) size 3x11
                RenderText {#text} at (0,0) size 3x11
                  text run at (0,0) width 3: " "
            RenderTableCell {TD} at (313,132) size 9x11 [bgcolor=#338686] [r=12 c=40 rs=1 cs=1]
              RenderInline {FONT} at (0,0) size 3x11
                RenderText {#text} at (0,0) size 3x11
                  text run at (0,0) width 3: " "
            RenderTableCell {TD} at (321,132) size 9x11 [bgcolor=#287A7A] [r=12 c=41 rs=1 cs=1]
              RenderInline {FONT} at (0,0) size 3x11
                RenderText {#text} at (0,0) size 3x11
                  text run at (0,0) width 3: " "
            RenderTableCell {TD} at (329,132) size 9x11 [bgcolor=#1E7A79] [r=12 c=42 rs=1 cs=1]
              RenderInline {FONT} at (0,0) size 3x11
                RenderText {#text} at (0,0) size 3x11
                  text run at (0,0) width 3: " "
            RenderTableCell {TD} at (337,132) size 9x11 [bgcolor=#1A5C5C] [r=12 c=43 rs=1 cs=1]
              RenderInline {FONT} at (0,0) size 3x11
                RenderText {#text} at (0,0) size 3x11
                  text run at (0,0) width 3: " "
            RenderTableCell {TD} at (345,132) size 8x11 [bgcolor=#044F4F] [r=12 c=44 rs=1 cs=1]
              RenderInline {FONT} at (0,0) size 3x11
                RenderText {#text} at (0,0) size 3x11
                  text run at (0,0) width 3: " "
            RenderTableCell {TD} at (352,132) size 9x11 [bgcolor=#044F4F] [r=12 c=45 rs=1 cs=1]
              RenderInline {FONT} at (0,0) size 3x11
                RenderText {#text} at (0,0) size 3x11
                  text run at (0,0) width 3: " "
            RenderTableCell {TD} at (360,132) size 9x11 [bgcolor=#026766] [r=12 c=46 rs=1 cs=1]
              RenderInline {FONT} at (0,0) size 3x11
                RenderText {#text} at (0,0) size 3x11
                  text run at (0,0) width 3: " "
            RenderTableCell {TD} at (368,132) size 9x11 [bgcolor=#1A6B6A] [r=12 c=47 rs=1 cs=1]
              RenderInline {FONT} at (0,0) size 3x11
                RenderText {#text} at (0,0) size 3x11
                  text run at (0,0) width 3: " "
            RenderTableCell {TD} at (376,132) size 9x11 [bgcolor=#B6D0D1] [r=12 c=48 rs=1 cs=1]
              RenderInline {FONT} at (0,0) size 3x11
                RenderText {#text} at (0,0) size 3x11
                  text run at (0,0) width 3: " "
            RenderTableCell {TD} at (384,132) size 9x11 [bgcolor=#FDFDFB] [r=12 c=49 rs=1 cs=1]
              RenderInline {FONT} at (0,0) size 3x11
                RenderText {#text} at (0,0) size 3x11
                  text run at (0,0) width 3: " "
            RenderTableCell {TD} at (392,132) size 9x11 [bgcolor=#A5A6A6] [r=12 c=50 rs=1 cs=1]
              RenderInline {FONT} at (0,0) size 3x11
                RenderText {#text} at (0,0) size 3x11
                  text run at (0,0) width 3: " "
            RenderTableCell {TD} at (400,132) size 8x11 [bgcolor=#072323] [r=12 c=51 rs=1 cs=1]
              RenderInline {FONT} at (0,0) size 3x11
                RenderText {#text} at (0,0) size 3x11
                  text run at (0,0) width 3: " "
            RenderTableCell {TD} at (407,132) size 9x11 [bgcolor=#3D4242] [r=12 c=52 rs=1 cs=1]
              RenderInline {FONT} at (0,0) size 3x11
                RenderText {#text} at (0,0) size 3x11
                  text run at (0,0) width 3: " "
            RenderTableCell {TD} at (415,132) size 9x11 [bgcolor=#696A69] [r=12 c=53 rs=1 cs=1]
              RenderInline {FONT} at (0,0) size 3x11
                RenderText {#text} at (0,0) size 3x11
                  text run at (0,0) width 3: " "
            RenderTableCell {TD} at (423,132) size 9x11 [bgcolor=#848788] [r=12 c=54 rs=1 cs=1]
              RenderInline {FONT} at (0,0) size 3x11
                RenderText {#text} at (0,0) size 3x11
                  text run at (0,0) width 3: " "
            RenderTableCell {TD} at (431,132) size 9x11 [bgcolor=#939494] [r=12 c=55 rs=1 cs=1]
              RenderInline {FONT} at (0,0) size 3x11
                RenderText {#text} at (0,0) size 3x11
                  text run at (0,0) width 3: " "
            RenderTableCell {TD} at (439,132) size 9x11 [bgcolor=#B4B4B4] [r=12 c=56 rs=1 cs=1]
              RenderInline {FONT} at (0,0) size 3x11
                RenderText {#text} at (0,0) size 3x11
                  text run at (0,0) width 3: " "
            RenderTableCell {TD} at (447,132) size 8x11 [bgcolor=#FDFDFB] [r=12 c=57 rs=1 cs=1]
              RenderInline {FONT} at (0,0) size 3x11
                RenderText {#text} at (0,0) size 3x11
                  text run at (0,0) width 3: " "
            RenderTableCell {TD} at (454,132) size 9x11 [bgcolor=#FDFDFB] [r=12 c=58 rs=1 cs=1]
              RenderInline {FONT} at (0,0) size 3x11
                RenderText {#text} at (0,0) size 3x11
                  text run at (0,0) width 3: " "
            RenderTableCell {TD} at (462,132) size 9x11 [bgcolor=#2D3433] [r=12 c=59 rs=1 cs=1]
              RenderInline {FONT} at (0,0) size 3x11
                RenderText {#text} at (0,0) size 3x11
                  text run at (0,0) width 3: " "
            RenderTableCell {TD} at (470,132) size 9x11 [bgcolor=#1E7A79] [r=12 c=60 rs=1 cs=1]
              RenderInline {FONT} at (0,0) size 3x11
                RenderText {#text} at (0,0) size 3x11
                  text run at (0,0) width 3: " "
            RenderTableCell {TD} at (478,132) size 9x11 [bgcolor=#66BABC] [r=12 c=61 rs=1 cs=1]
              RenderInline {FONT} at (0,0) size 3x11
                RenderText {#text} at (0,0) size 3x11
                  text run at (0,0) width 3: " "
            RenderTableCell {TD} at (486,132) size 9x11 [bgcolor=#FDFDFB] [r=12 c=62 rs=1 cs=1]
              RenderInline {FONT} at (0,0) size 3x11
                RenderText {#text} at (0,0) size 3x11
                  text run at (0,0) width 3: " "
            RenderTableCell {TD} at (494,132) size 8x11 [bgcolor=#DEDFDF] [r=12 c=63 rs=1 cs=1]
              RenderInline {FONT} at (0,0) size 3x11
                RenderText {#text} at (0,0) size 3x11
                  text run at (0,0) width 3: " "
            RenderTableCell {TD} at (502,132) size 8x11 [bgcolor=#072323] [r=12 c=64 rs=1 cs=1]
              RenderInline {FONT} at (0,0) size 3x11
                RenderText {#text} at (0,0) size 3x11
                  text run at (0,0) width 3: " "
            RenderTableCell {TD} at (509,132) size 9x11 [bgcolor=#025E5E] [r=12 c=65 rs=1 cs=1]
              RenderInline {FONT} at (0,0) size 3x11
                RenderText {#text} at (0,0) size 3x11
                  text run at (0,0) width 3: " "
            RenderTableCell {TD} at (517,132) size 9x11 [bgcolor=#026766] [r=12 c=66 rs=1 cs=1]
              RenderInline {FONT} at (0,0) size 3x11
                RenderText {#text} at (0,0) size 3x11
                  text run at (0,0) width 3: " "
            RenderTableCell {TD} at (525,132) size 9x11 [bgcolor=#026766] [r=12 c=67 rs=1 cs=1]
              RenderInline {FONT} at (0,0) size 3x11
                RenderText {#text} at (0,0) size 3x11
                  text run at (0,0) width 3: " "
            RenderTableCell {TD} at (533,132) size 9x11 [bgcolor=#026766] [r=12 c=68 rs=1 cs=1]
              RenderInline {FONT} at (0,0) size 3x11
                RenderText {#text} at (0,0) size 3x11
                  text run at (0,0) width 3: " "
            RenderTableCell {TD} at (541,132) size 9x11 [bgcolor=#026766] [r=12 c=69 rs=1 cs=1]
              RenderInline {FONT} at (0,0) size 3x11
                RenderText {#text} at (0,0) size 3x11
                  text run at (0,0) width 3: " "
            RenderTableCell {TD} at (549,132) size 8x11 [bgcolor=#287A7A] [r=12 c=70 rs=1 cs=1]
              RenderInline {FONT} at (0,0) size 3x11
                RenderText {#text} at (0,0) size 3x11
                  text run at (0,0) width 3: " "
            RenderTableCell {TD} at (556,132) size 9x11 [bgcolor=#EDEEEF] [r=12 c=71 rs=1 cs=1]
              RenderInline {FONT} at (0,0) size 3x11
                RenderText {#text} at (0,0) size 3x11
                  text run at (0,0) width 3: " "
            RenderTableCell {TD} at (564,132) size 9x11 [bgcolor=#FDFDFB] [r=12 c=72 rs=1 cs=1]
              RenderInline {FONT} at (0,0) size 3x11
                RenderText {#text} at (0,0) size 3x11
                  text run at (0,0) width 3: " "
            RenderTableCell {TD} at (572,132) size 9x11 [bgcolor=#4D4F4F] [r=12 c=73 rs=1 cs=1]
              RenderInline {FONT} at (0,0) size 3x11
                RenderText {#text} at (0,0) size 3x11
                  text run at (0,0) width 3: " "
            RenderTableCell {TD} at (580,132) size 9x11 [bgcolor=#5E5F60] [r=12 c=74 rs=1 cs=1]
              RenderInline {FONT} at (0,0) size 3x11
                RenderText {#text} at (0,0) size 3x11
                  text run at (0,0) width 3: " "
            RenderTableCell {TD} at (588,132) size 9x11 [bgcolor=#91A3A3] [r=12 c=75 rs=1 cs=1]
              RenderInline {FONT} at (0,0) size 3x11
                RenderText {#text} at (0,0) size 3x11
                  text run at (0,0) width 3: " "
            RenderTableCell {TD} at (596,132) size 8x11 [bgcolor=#FDFDFB] [r=12 c=76 rs=1 cs=1]
              RenderInline {FONT} at (0,0) size 3x11
                RenderText {#text} at (0,0) size 3x11
                  text run at (0,0) width 3: " "
            RenderTableCell {TD} at (603,132) size 9x11 [bgcolor=#DEDFDF] [r=12 c=77 rs=1 cs=1]
              RenderInline {FONT} at (0,0) size 3x11
                RenderText {#text} at (0,0) size 3x11
                  text run at (0,0) width 3: " "
            RenderTableCell {TD} at (611,132) size 9x11 [bgcolor=#3D4242] [r=12 c=78 rs=1 cs=1]
              RenderInline {FONT} at (0,0) size 3x11
                RenderText {#text} at (0,0) size 3x11
                  text run at (0,0) width 3: " "
            RenderTableCell {TD} at (619,132) size 9x11 [bgcolor=#025E5E] [r=12 c=79 rs=1 cs=1]
              RenderInline {FONT} at (0,0) size 3x11
                RenderText {#text} at (0,0) size 3x11
                  text run at (0,0) width 3: " "
            RenderTableCell {TD} at (627,132) size 9x11 [bgcolor=#026766] [r=12 c=80 rs=1 cs=1]
              RenderInline {FONT} at (0,0) size 3x11
                RenderText {#text} at (0,0) size 3x11
                  text run at (0,0) width 3: " "
            RenderTableCell {TD} at (635,132) size 9x11 [bgcolor=#026766] [r=12 c=81 rs=1 cs=1]
              RenderInline {FONT} at (0,0) size 3x11
                RenderText {#text} at (0,0) size 3x11
                  text run at (0,0) width 3: " "
            RenderTableCell {TD} at (643,132) size 9x11 [bgcolor=#026766] [r=12 c=82 rs=1 cs=1]
              RenderInline {FONT} at (0,0) size 3x11
                RenderText {#text} at (0,0) size 3x11
                  text run at (0,0) width 3: " "
            RenderTableCell {TD} at (651,132) size 8x11 [bgcolor=#026766] [r=12 c=83 rs=1 cs=1]
              RenderInline {FONT} at (0,0) size 3x11
                RenderText {#text} at (0,0) size 3x11
                  text run at (0,0) width 3: " "
            RenderTableCell {TD} at (658,132) size 9x11 [bgcolor=#026766] [r=12 c=84 rs=1 cs=1]
              RenderInline {FONT} at (0,0) size 3x11
                RenderText {#text} at (0,0) size 3x11
                  text run at (0,0) width 3: " "
            RenderTableCell {TD} at (666,132) size 9x11 [bgcolor=#7CAEAF] [r=12 c=85 rs=1 cs=1]
              RenderInline {FONT} at (0,0) size 3x11
                RenderText {#text} at (0,0) size 3x11
                  text run at (0,0) width 3: " "
            RenderTableCell {TD} at (674,132) size 9x11 [bgcolor=#FDFDFB] [r=12 c=86 rs=1 cs=1]
              RenderInline {FONT} at (0,0) size 3x11
                RenderText {#text} at (0,0) size 3x11
                  text run at (0,0) width 3: " "
            RenderTableCell {TD} at (682,132) size 9x11 [bgcolor=#BEC2C2] [r=12 c=87 rs=1 cs=1]
              RenderInline {FONT} at (0,0) size 3x11
                RenderText {#text} at (0,0) size 3x11
                  text run at (0,0) width 3: " "
            RenderTableCell {TD} at (690,132) size 9x11 [bgcolor=#1A5C5C] [r=12 c=88 rs=1 cs=1]
              RenderInline {FONT} at (0,0) size 3x11
                RenderText {#text} at (0,0) size 3x11
                  text run at (0,0) width 3: " "
            RenderTableCell {TD} at (698,132) size 8x11 [bgcolor=#026766] [r=12 c=89 rs=1 cs=1]
              RenderInline {FONT} at (0,0) size 3x11
                RenderText {#text} at (0,0) size 3x11
                  text run at (0,0) width 3: " "
            RenderTableCell {TD} at (705,132) size 9x11 [bgcolor=#338686] [r=12 c=90 rs=1 cs=1]
              RenderInline {FONT} at (0,0) size 3x11
                RenderText {#text} at (0,0) size 3x11
                  text run at (0,0) width 3: " "
            RenderTableCell {TD} at (713,132) size 9x11 [bgcolor=#EDEEEF] [r=12 c=91 rs=1 cs=1]
              RenderInline {FONT} at (0,0) size 3x11
                RenderText {#text} at (0,0) size 3x11
                  text run at (0,0) width 3: " "
            RenderTableCell {TD} at (721,132) size 9x11 [bgcolor=#FDFDFB] [r=12 c=92 rs=1 cs=1]
              RenderInline {FONT} at (0,0) size 3x11
                RenderText {#text} at (0,0) size 3x11
                  text run at (0,0) width 3: " "
            RenderTableCell {TD} at (729,132) size 9x11 [bgcolor=#2D3433] [r=12 c=93 rs=1 cs=1]
              RenderInline {FONT} at (0,0) size 3x11
                RenderText {#text} at (0,0) size 3x11
                  text run at (0,0) width 3: " "
            RenderTableCell {TD} at (737,132) size 9x11 [bgcolor=#223C3D] [r=12 c=94 rs=1 cs=1]
              RenderInline {FONT} at (0,0) size 3x11
                RenderText {#text} at (0,0) size 3x11
                  text run at (0,0) width 3: " "
            RenderTableCell {TD} at (745,132) size 8x11 [bgcolor=#5E5F60] [r=12 c=95 rs=1 cs=1]
              RenderInline {FONT} at (0,0) size 3x11
                RenderText {#text} at (0,0) size 3x11
                  text run at (0,0) width 3: " "
            RenderTableCell {TD} at (753,132) size 8x11 [bgcolor=#777878] [r=12 c=96 rs=1 cs=1]
              RenderInline {FONT} at (0,0) size 3x11
                RenderText {#text} at (0,0) size 3x11
                  text run at (0,0) width 3: " "
            RenderTableCell {TD} at (760,132) size 9x11 [bgcolor=#848788] [r=12 c=97 rs=1 cs=1]
              RenderInline {FONT} at (0,0) size 3x11
                RenderText {#text} at (0,0) size 3x11
                  text run at (0,0) width 3: " "
            RenderTableCell {TD} at (768,132) size 9x11 [bgcolor=#777878] [r=12 c=98 rs=1 cs=1]
              RenderInline {FONT} at (0,0) size 3x11
                RenderText {#text} at (0,0) size 3x11
                  text run at (0,0) width 3: " "
            RenderTableCell {TD} at (776,132) size 9x11 [bgcolor=#4D4F4F] [r=12 c=99 rs=1 cs=1]
              RenderInline {FONT} at (0,0) size 3x11
                RenderText {#text} at (0,0) size 3x11
                  text run at (0,0) width 3: " "
          RenderTableRow {TR} at (0,143) size 784x11
            RenderTableCell {TD} at (0,143) size 8x11 [bgcolor=#97C1C0] [r=13 c=0 rs=1 cs=1]
              RenderInline {FONT} at (0,0) size 3x11
                RenderText {#text} at (0,0) size 3x11
                  text run at (0,0) width 3: " "
            RenderTableCell {TD} at (7,143) size 9x11 [bgcolor=#027777] [r=13 c=1 rs=1 cs=1]
              RenderInline {FONT} at (0,0) size 3x11
                RenderText {#text} at (0,0) size 3x11
                  text run at (0,0) width 3: " "
            RenderTableCell {TD} at (15,143) size 9x11 [bgcolor=#027777] [r=13 c=2 rs=1 cs=1]
              RenderInline {FONT} at (0,0) size 3x11
                RenderText {#text} at (0,0) size 3x11
                  text run at (0,0) width 3: " "
            RenderTableCell {TD} at (23,143) size 9x11 [bgcolor=#447877] [r=13 c=3 rs=1 cs=1]
              RenderInline {FONT} at (0,0) size 3x11
                RenderText {#text} at (0,0) size 3x11
                  text run at (0,0) width 3: " "
            RenderTableCell {TD} at (31,143) size 9x11 [bgcolor=#939494] [r=13 c=4 rs=1 cs=1]
              RenderInline {FONT} at (0,0) size 3x11
                RenderText {#text} at (0,0) size 3x11
                  text run at (0,0) width 3: " "
            RenderTableCell {TD} at (39,143) size 9x11 [bgcolor=#CECFCF] [r=13 c=5 rs=1 cs=1]
              RenderInline {FONT} at (0,0) size 3x11
                RenderText {#text} at (0,0) size 3x11
                  text run at (0,0) width 3: " "
            RenderTableCell {TD} at (47,143) size 8x11 [bgcolor=#EDEEEF] [r=13 c=6 rs=1 cs=1]
              RenderInline {FONT} at (0,0) size 3x11
                RenderText {#text} at (0,0) size 3x11
                  text run at (0,0) width 3: " "
            RenderTableCell {TD} at (54,143) size 9x11 [bgcolor=#FDFDFB] [r=13 c=7 rs=1 cs=1]
              RenderInline {FONT} at (0,0) size 3x11
                RenderText {#text} at (0,0) size 3x11
                  text run at (0,0) width 3: " "
            RenderTableCell {TD} at (62,143) size 9x11 [bgcolor=#E0EAE9] [r=13 c=8 rs=1 cs=1]
              RenderInline {FONT} at (0,0) size 3x11
                RenderText {#text} at (0,0) size 3x11
                  text run at (0,0) width 3: " "
            RenderTableCell {TD} at (70,143) size 9x11 [bgcolor=#CADEDD] [r=13 c=9 rs=1 cs=1]
              RenderInline {FONT} at (0,0) size 3x11
                RenderText {#text} at (0,0) size 3x11
                  text run at (0,0) width 3: " "
            RenderTableCell {TD} at (78,143) size 9x11 [bgcolor=#B6D0D1] [r=13 c=10 rs=1 cs=1]
              RenderInline {FONT} at (0,0) size 3x11
                RenderText {#text} at (0,0) size 3x11
                  text run at (0,0) width 3: " "
            RenderTableCell {TD} at (86,143) size 9x11 [bgcolor=#7CAEAF] [r=13 c=11 rs=1 cs=1]
              RenderInline {FONT} at (0,0) size 3x11
                RenderText {#text} at (0,0) size 3x11
                  text run at (0,0) width 3: " "
            RenderTableCell {TD} at (94,143) size 8x11 [bgcolor=#1A6B6A] [r=13 c=12 rs=1 cs=1]
              RenderInline {FONT} at (0,0) size 3x11
                RenderText {#text} at (0,0) size 3x11
                  text run at (0,0) width 3: " "
            RenderTableCell {TD} at (101,143) size 9x11 [bgcolor=#044140] [r=13 c=13 rs=1 cs=1]
              RenderInline {FONT} at (0,0) size 3x11
                RenderText {#text} at (0,0) size 3x11
                  text run at (0,0) width 3: " "
            RenderTableCell {TD} at (109,143) size 9x11 [bgcolor=#223C3D] [r=13 c=14 rs=1 cs=1]
              RenderInline {FONT} at (0,0) size 3x11
                RenderText {#text} at (0,0) size 3x11
                  text run at (0,0) width 3: " "
            RenderTableCell {TD} at (117,143) size 9x11 [bgcolor=#848788] [r=13 c=15 rs=1 cs=1]
              RenderInline {FONT} at (0,0) size 3x11
                RenderText {#text} at (0,0) size 3x11
                  text run at (0,0) width 3: " "
            RenderTableCell {TD} at (125,143) size 9x11 [bgcolor=#FDFDFB] [r=13 c=16 rs=1 cs=1]
              RenderInline {FONT} at (0,0) size 3x11
                RenderText {#text} at (0,0) size 3x11
                  text run at (0,0) width 3: " "
            RenderTableCell {TD} at (133,143) size 9x11 [bgcolor=#FDFDFB] [r=13 c=17 rs=1 cs=1]
              RenderInline {FONT} at (0,0) size 3x11
                RenderText {#text} at (0,0) size 3x11
                  text run at (0,0) width 3: " "
            RenderTableCell {TD} at (141,143) size 9x11 [bgcolor=#2D3433] [r=13 c=18 rs=1 cs=1]
              RenderInline {FONT} at (0,0) size 3x11
                RenderText {#text} at (0,0) size 3x11
                  text run at (0,0) width 3: " "
            RenderTableCell {TD} at (149,143) size 8x11 [bgcolor=#1E7A79] [r=13 c=19 rs=1 cs=1]
              RenderInline {FONT} at (0,0) size 3x11
                RenderText {#text} at (0,0) size 3x11
                  text run at (0,0) width 3: " "
            RenderTableCell {TD} at (156,143) size 9x11 [bgcolor=#027777] [r=13 c=20 rs=1 cs=1]
              RenderInline {FONT} at (0,0) size 3x11
                RenderText {#text} at (0,0) size 3x11
                  text run at (0,0) width 3: " "
            RenderTableCell {TD} at (164,143) size 9x11 [bgcolor=#338686] [r=13 c=21 rs=1 cs=1]
              RenderInline {FONT} at (0,0) size 3x11
                RenderText {#text} at (0,0) size 3x11
                  text run at (0,0) width 3: " "
            RenderTableCell {TD} at (172,143) size 9x11 [bgcolor=#97C1C0] [r=13 c=22 rs=1 cs=1]
              RenderInline {FONT} at (0,0) size 3x11
                RenderText {#text} at (0,0) size 3x11
                  text run at (0,0) width 3: " "
            RenderTableCell {TD} at (180,143) size 9x11 [bgcolor=#CADEDD] [r=13 c=23 rs=1 cs=1]
              RenderInline {FONT} at (0,0) size 3x11
                RenderText {#text} at (0,0) size 3x11
                  text run at (0,0) width 3: " "
            RenderTableCell {TD} at (188,143) size 9x11 [bgcolor=#E0EAE9] [r=13 c=24 rs=1 cs=1]
              RenderInline {FONT} at (0,0) size 3x11
                RenderText {#text} at (0,0) size 3x11
                  text run at (0,0) width 3: " "
            RenderTableCell {TD} at (196,143) size 8x11 [bgcolor=#E0EAE9] [r=13 c=25 rs=1 cs=1]
              RenderInline {FONT} at (0,0) size 3x11
                RenderText {#text} at (0,0) size 3x11
                  text run at (0,0) width 3: " "
            RenderTableCell {TD} at (203,143) size 9x11 [bgcolor=#DEDFDF] [r=13 c=26 rs=1 cs=1]
              RenderInline {FONT} at (0,0) size 3x11
                RenderText {#text} at (0,0) size 3x11
                  text run at (0,0) width 3: " "
            RenderTableCell {TD} at (211,143) size 9x11 [bgcolor=#CECFCF] [r=13 c=27 rs=1 cs=1]
              RenderInline {FONT} at (0,0) size 3x11
                RenderText {#text} at (0,0) size 3x11
                  text run at (0,0) width 3: " "
            RenderTableCell {TD} at (219,143) size 9x11 [bgcolor=#B4B4B4] [r=13 c=28 rs=1 cs=1]
              RenderInline {FONT} at (0,0) size 3x11
                RenderText {#text} at (0,0) size 3x11
                  text run at (0,0) width 3: " "
            RenderTableCell {TD} at (227,143) size 9x11 [bgcolor=#CECFCF] [r=13 c=29 rs=1 cs=1]
              RenderInline {FONT} at (0,0) size 3x11
                RenderText {#text} at (0,0) size 3x11
                  text run at (0,0) width 3: " "
            RenderTableCell {TD} at (235,143) size 9x11 [bgcolor=#FDFDFB] [r=13 c=30 rs=1 cs=1]
              RenderInline {FONT} at (0,0) size 3x11
                RenderText {#text} at (0,0) size 3x11
                  text run at (0,0) width 3: " "
            RenderTableCell {TD} at (243,143) size 8x11 [bgcolor=#B4B4B4] [r=13 c=31 rs=1 cs=1]
              RenderInline {FONT} at (0,0) size 3x11
                RenderText {#text} at (0,0) size 3x11
                  text run at (0,0) width 3: " "
            RenderTableCell {TD} at (251,143) size 8x11 [bgcolor=#072323] [r=13 c=32 rs=1 cs=1]
              RenderInline {FONT} at (0,0) size 3x11
                RenderText {#text} at (0,0) size 3x11
                  text run at (0,0) width 3: " "
            RenderTableCell {TD} at (258,143) size 9x11 [bgcolor=#4D4F4F] [r=13 c=33 rs=1 cs=1]
              RenderInline {FONT} at (0,0) size 3x11
                RenderText {#text} at (0,0) size 3x11
                  text run at (0,0) width 3: " "
            RenderTableCell {TD} at (266,143) size 9x11 [bgcolor=#696A69] [r=13 c=34 rs=1 cs=1]
              RenderInline {FONT} at (0,0) size 3x11
                RenderText {#text} at (0,0) size 3x11
                  text run at (0,0) width 3: " "
            RenderTableCell {TD} at (274,143) size 9x11 [bgcolor=#848788] [r=13 c=35 rs=1 cs=1]
              RenderInline {FONT} at (0,0) size 3x11
                RenderText {#text} at (0,0) size 3x11
                  text run at (0,0) width 3: " "
            RenderTableCell {TD} at (282,143) size 9x11 [bgcolor=#7B918F] [r=13 c=36 rs=1 cs=1]
              RenderInline {FONT} at (0,0) size 3x11
                RenderText {#text} at (0,0) size 3x11
                  text run at (0,0) width 3: " "
            RenderTableCell {TD} at (290,143) size 9x11 [bgcolor=#B4B4B4] [r=13 c=37 rs=1 cs=1]
              RenderInline {FONT} at (0,0) size 3x11
                RenderText {#text} at (0,0) size 3x11
                  text run at (0,0) width 3: " "
            RenderTableCell {TD} at (298,143) size 8x11 [bgcolor=#DEDFDF] [r=13 c=38 rs=1 cs=1]
              RenderInline {FONT} at (0,0) size 3x11
                RenderText {#text} at (0,0) size 3x11
                  text run at (0,0) width 3: " "
            RenderTableCell {TD} at (305,143) size 9x11 [bgcolor=#FDFDFB] [r=13 c=39 rs=1 cs=1]
              RenderInline {FONT} at (0,0) size 3x11
                RenderText {#text} at (0,0) size 3x11
                  text run at (0,0) width 3: " "
            RenderTableCell {TD} at (313,143) size 9x11 [bgcolor=#EDEEEF] [r=13 c=40 rs=1 cs=1]
              RenderInline {FONT} at (0,0) size 3x11
                RenderText {#text} at (0,0) size 3x11
                  text run at (0,0) width 3: " "
            RenderTableCell {TD} at (321,143) size 9x11 [bgcolor=#E0EAE9] [r=13 c=41 rs=1 cs=1]
              RenderInline {FONT} at (0,0) size 3x11
                RenderText {#text} at (0,0) size 3x11
                  text run at (0,0) width 3: " "
            RenderTableCell {TD} at (329,143) size 9x11 [bgcolor=#CADEDD] [r=13 c=42 rs=1 cs=1]
              RenderInline {FONT} at (0,0) size 3x11
                RenderText {#text} at (0,0) size 3x11
                  text run at (0,0) width 3: " "
            RenderTableCell {TD} at (337,143) size 9x11 [bgcolor=#97C1C0] [r=13 c=43 rs=1 cs=1]
              RenderInline {FONT} at (0,0) size 3x11
                RenderText {#text} at (0,0) size 3x11
                  text run at (0,0) width 3: " "
            RenderTableCell {TD} at (345,143) size 8x11 [bgcolor=#469191] [r=13 c=44 rs=1 cs=1]
              RenderInline {FONT} at (0,0) size 3x11
                RenderText {#text} at (0,0) size 3x11
                  text run at (0,0) width 3: " "
            RenderTableCell {TD} at (352,143) size 9x11 [bgcolor=#026766] [r=13 c=45 rs=1 cs=1]
              RenderInline {FONT} at (0,0) size 3x11
                RenderText {#text} at (0,0) size 3x11
                  text run at (0,0) width 3: " "
            RenderTableCell {TD} at (360,143) size 9x11 [bgcolor=#026766] [r=13 c=46 rs=1 cs=1]
              RenderInline {FONT} at (0,0) size 3x11
                RenderText {#text} at (0,0) size 3x11
                  text run at (0,0) width 3: " "
            RenderTableCell {TD} at (368,143) size 9x11 [bgcolor=#1A6B6A] [r=13 c=47 rs=1 cs=1]
              RenderInline {FONT} at (0,0) size 3x11
                RenderText {#text} at (0,0) size 3x11
                  text run at (0,0) width 3: " "
            RenderTableCell {TD} at (376,143) size 9x11 [bgcolor=#B6D0D1] [r=13 c=48 rs=1 cs=1]
              RenderInline {FONT} at (0,0) size 3x11
                RenderText {#text} at (0,0) size 3x11
                  text run at (0,0) width 3: " "
            RenderTableCell {TD} at (384,143) size 9x11 [bgcolor=#FDFDFB] [r=13 c=49 rs=1 cs=1]
              RenderInline {FONT} at (0,0) size 3x11
                RenderText {#text} at (0,0) size 3x11
                  text run at (0,0) width 3: " "
            RenderTableCell {TD} at (392,143) size 9x11 [bgcolor=#848788] [r=13 c=50 rs=1 cs=1]
              RenderInline {FONT} at (0,0) size 3x11
                RenderText {#text} at (0,0) size 3x11
                  text run at (0,0) width 3: " "
            RenderTableCell {TD} at (400,143) size 8x11 [bgcolor=#072323] [r=13 c=51 rs=1 cs=1]
              RenderInline {FONT} at (0,0) size 3x11
                RenderText {#text} at (0,0) size 3x11
                  text run at (0,0) width 3: " "
            RenderTableCell {TD} at (407,143) size 9x11 [bgcolor=#3D4242] [r=13 c=52 rs=1 cs=1]
              RenderInline {FONT} at (0,0) size 3x11
                RenderText {#text} at (0,0) size 3x11
                  text run at (0,0) width 3: " "
            RenderTableCell {TD} at (415,143) size 9x11 [bgcolor=#696A69] [r=13 c=53 rs=1 cs=1]
              RenderInline {FONT} at (0,0) size 3x11
                RenderText {#text} at (0,0) size 3x11
                  text run at (0,0) width 3: " "
            RenderTableCell {TD} at (423,143) size 9x11 [bgcolor=#848788] [r=13 c=54 rs=1 cs=1]
              RenderInline {FONT} at (0,0) size 3x11
                RenderText {#text} at (0,0) size 3x11
                  text run at (0,0) width 3: " "
            RenderTableCell {TD} at (431,143) size 9x11 [bgcolor=#939494] [r=13 c=55 rs=1 cs=1]
              RenderInline {FONT} at (0,0) size 3x11
                RenderText {#text} at (0,0) size 3x11
                  text run at (0,0) width 3: " "
            RenderTableCell {TD} at (439,143) size 9x11 [bgcolor=#B4B4B4] [r=13 c=56 rs=1 cs=1]
              RenderInline {FONT} at (0,0) size 3x11
                RenderText {#text} at (0,0) size 3x11
                  text run at (0,0) width 3: " "
            RenderTableCell {TD} at (447,143) size 8x11 [bgcolor=#FDFDFB] [r=13 c=57 rs=1 cs=1]
              RenderInline {FONT} at (0,0) size 3x11
                RenderText {#text} at (0,0) size 3x11
                  text run at (0,0) width 3: " "
            RenderTableCell {TD} at (454,143) size 9x11 [bgcolor=#FDFDFB] [r=13 c=58 rs=1 cs=1]
              RenderInline {FONT} at (0,0) size 3x11
                RenderText {#text} at (0,0) size 3x11
                  text run at (0,0) width 3: " "
            RenderTableCell {TD} at (462,143) size 9x11 [bgcolor=#2D3433] [r=13 c=59 rs=1 cs=1]
              RenderInline {FONT} at (0,0) size 3x11
                RenderText {#text} at (0,0) size 3x11
                  text run at (0,0) width 3: " "
            RenderTableCell {TD} at (470,143) size 9x11 [bgcolor=#1E7A79] [r=13 c=60 rs=1 cs=1]
              RenderInline {FONT} at (0,0) size 3x11
                RenderText {#text} at (0,0) size 3x11
                  text run at (0,0) width 3: " "
            RenderTableCell {TD} at (478,143) size 9x11 [bgcolor=#7DBAB9] [r=13 c=61 rs=1 cs=1]
              RenderInline {FONT} at (0,0) size 3x11
                RenderText {#text} at (0,0) size 3x11
                  text run at (0,0) width 3: " "
            RenderTableCell {TD} at (486,143) size 9x11 [bgcolor=#FDFDFB] [r=13 c=62 rs=1 cs=1]
              RenderInline {FONT} at (0,0) size 3x11
                RenderText {#text} at (0,0) size 3x11
                  text run at (0,0) width 3: " "
            RenderTableCell {TD} at (494,143) size 8x11 [bgcolor=#BEC2C2] [r=13 c=63 rs=1 cs=1]
              RenderInline {FONT} at (0,0) size 3x11
                RenderText {#text} at (0,0) size 3x11
                  text run at (0,0) width 3: " "
            RenderTableCell {TD} at (502,143) size 8x11 [bgcolor=#083131] [r=13 c=64 rs=1 cs=1]
              RenderInline {FONT} at (0,0) size 3x11
                RenderText {#text} at (0,0) size 3x11
                  text run at (0,0) width 3: " "
            RenderTableCell {TD} at (509,143) size 9x11 [bgcolor=#026766] [r=13 c=65 rs=1 cs=1]
              RenderInline {FONT} at (0,0) size 3x11
                RenderText {#text} at (0,0) size 3x11
                  text run at (0,0) width 3: " "
            RenderTableCell {TD} at (517,143) size 9x11 [bgcolor=#026766] [r=13 c=66 rs=1 cs=1]
              RenderInline {FONT} at (0,0) size 3x11
                RenderText {#text} at (0,0) size 3x11
                  text run at (0,0) width 3: " "
            RenderTableCell {TD} at (525,143) size 9x11 [bgcolor=#026766] [r=13 c=67 rs=1 cs=1]
              RenderInline {FONT} at (0,0) size 3x11
                RenderText {#text} at (0,0) size 3x11
                  text run at (0,0) width 3: " "
            RenderTableCell {TD} at (533,143) size 9x11 [bgcolor=#026766] [r=13 c=68 rs=1 cs=1]
              RenderInline {FONT} at (0,0) size 3x11
                RenderText {#text} at (0,0) size 3x11
                  text run at (0,0) width 3: " "
            RenderTableCell {TD} at (541,143) size 9x11 [bgcolor=#026766] [r=13 c=69 rs=1 cs=1]
              RenderInline {FONT} at (0,0) size 3x11
                RenderText {#text} at (0,0) size 3x11
                  text run at (0,0) width 3: " "
            RenderTableCell {TD} at (549,143) size 8x11 [bgcolor=#1E7A79] [r=13 c=70 rs=1 cs=1]
              RenderInline {FONT} at (0,0) size 3x11
                RenderText {#text} at (0,0) size 3x11
                  text run at (0,0) width 3: " "
            RenderTableCell {TD} at (556,143) size 9x11 [bgcolor=#E0EAE9] [r=13 c=71 rs=1 cs=1]
              RenderInline {FONT} at (0,0) size 3x11
                RenderText {#text} at (0,0) size 3x11
                  text run at (0,0) width 3: " "
            RenderTableCell {TD} at (564,143) size 9x11 [bgcolor=#FDFDFB] [r=13 c=72 rs=1 cs=1]
              RenderInline {FONT} at (0,0) size 3x11
                RenderText {#text} at (0,0) size 3x11
                  text run at (0,0) width 3: " "
            RenderTableCell {TD} at (572,143) size 9x11 [bgcolor=#4D4F4F] [r=13 c=73 rs=1 cs=1]
              RenderInline {FONT} at (0,0) size 3x11
                RenderText {#text} at (0,0) size 3x11
                  text run at (0,0) width 3: " "
            RenderTableCell {TD} at (580,143) size 9x11 [bgcolor=#5E5F60] [r=13 c=74 rs=1 cs=1]
              RenderInline {FONT} at (0,0) size 3x11
                RenderText {#text} at (0,0) size 3x11
                  text run at (0,0) width 3: " "
            RenderTableCell {TD} at (588,143) size 9x11 [bgcolor=#B4B4B4] [r=13 c=75 rs=1 cs=1]
              RenderInline {FONT} at (0,0) size 3x11
                RenderText {#text} at (0,0) size 3x11
                  text run at (0,0) width 3: " "
            RenderTableCell {TD} at (596,143) size 8x11 [bgcolor=#FDFDFB] [r=13 c=76 rs=1 cs=1]
              RenderInline {FONT} at (0,0) size 3x11
                RenderText {#text} at (0,0) size 3x11
                  text run at (0,0) width 3: " "
            RenderTableCell {TD} at (603,143) size 9x11 [bgcolor=#BEC2C2] [r=13 c=77 rs=1 cs=1]
              RenderInline {FONT} at (0,0) size 3x11
                RenderText {#text} at (0,0) size 3x11
                  text run at (0,0) width 3: " "
            RenderTableCell {TD} at (611,143) size 9x11 [bgcolor=#274C4D] [r=13 c=78 rs=1 cs=1]
              RenderInline {FONT} at (0,0) size 3x11
                RenderText {#text} at (0,0) size 3x11
                  text run at (0,0) width 3: " "
            RenderTableCell {TD} at (619,143) size 9x11 [bgcolor=#027777] [r=13 c=79 rs=1 cs=1]
              RenderInline {FONT} at (0,0) size 3x11
                RenderText {#text} at (0,0) size 3x11
                  text run at (0,0) width 3: " "
            RenderTableCell {TD} at (627,143) size 9x11 [bgcolor=#026766] [r=13 c=80 rs=1 cs=1]
              RenderInline {FONT} at (0,0) size 3x11
                RenderText {#text} at (0,0) size 3x11
                  text run at (0,0) width 3: " "
            RenderTableCell {TD} at (635,143) size 9x11 [bgcolor=#026766] [r=13 c=81 rs=1 cs=1]
              RenderInline {FONT} at (0,0) size 3x11
                RenderText {#text} at (0,0) size 3x11
                  text run at (0,0) width 3: " "
            RenderTableCell {TD} at (643,143) size 9x11 [bgcolor=#026766] [r=13 c=82 rs=1 cs=1]
              RenderInline {FONT} at (0,0) size 3x11
                RenderText {#text} at (0,0) size 3x11
                  text run at (0,0) width 3: " "
            RenderTableCell {TD} at (651,143) size 8x11 [bgcolor=#026766] [r=13 c=83 rs=1 cs=1]
              RenderInline {FONT} at (0,0) size 3x11
                RenderText {#text} at (0,0) size 3x11
                  text run at (0,0) width 3: " "
            RenderTableCell {TD} at (658,143) size 9x11 [bgcolor=#026766] [r=13 c=84 rs=1 cs=1]
              RenderInline {FONT} at (0,0) size 3x11
                RenderText {#text} at (0,0) size 3x11
                  text run at (0,0) width 3: " "
            RenderTableCell {TD} at (666,143) size 9x11 [bgcolor=#469191] [r=13 c=85 rs=1 cs=1]
              RenderInline {FONT} at (0,0) size 3x11
                RenderText {#text} at (0,0) size 3x11
                  text run at (0,0) width 3: " "
            RenderTableCell {TD} at (674,143) size 9x11 [bgcolor=#FDFDFB] [r=13 c=86 rs=1 cs=1]
              RenderInline {FONT} at (0,0) size 3x11
                RenderText {#text} at (0,0) size 3x11
                  text run at (0,0) width 3: " "
            RenderTableCell {TD} at (682,143) size 9x11 [bgcolor=#DEDFDF] [r=13 c=87 rs=1 cs=1]
              RenderInline {FONT} at (0,0) size 3x11
                RenderText {#text} at (0,0) size 3x11
                  text run at (0,0) width 3: " "
            RenderTableCell {TD} at (690,143) size 9x11 [bgcolor=#274C4D] [r=13 c=88 rs=1 cs=1]
              RenderInline {FONT} at (0,0) size 3x11
                RenderText {#text} at (0,0) size 3x11
                  text run at (0,0) width 3: " "
            RenderTableCell {TD} at (698,143) size 8x11 [bgcolor=#026766] [r=13 c=89 rs=1 cs=1]
              RenderInline {FONT} at (0,0) size 3x11
                RenderText {#text} at (0,0) size 3x11
                  text run at (0,0) width 3: " "
            RenderTableCell {TD} at (705,143) size 9x11 [bgcolor=#338686] [r=13 c=90 rs=1 cs=1]
              RenderInline {FONT} at (0,0) size 3x11
                RenderText {#text} at (0,0) size 3x11
                  text run at (0,0) width 3: " "
            RenderTableCell {TD} at (713,143) size 9x11 [bgcolor=#EDEEEF] [r=13 c=91 rs=1 cs=1]
              RenderInline {FONT} at (0,0) size 3x11
                RenderText {#text} at (0,0) size 3x11
                  text run at (0,0) width 3: " "
            RenderTableCell {TD} at (721,143) size 9x11 [bgcolor=#FDFDFB] [r=13 c=92 rs=1 cs=1]
              RenderInline {FONT} at (0,0) size 3x11
                RenderText {#text} at (0,0) size 3x11
                  text run at (0,0) width 3: " "
            RenderTableCell {TD} at (729,143) size 9x11 [bgcolor=#2D3433] [r=13 c=93 rs=1 cs=1]
              RenderInline {FONT} at (0,0) size 3x11
                RenderText {#text} at (0,0) size 3x11
                  text run at (0,0) width 3: " "
            RenderTableCell {TD} at (737,143) size 9x11 [bgcolor=#223C3D] [r=13 c=94 rs=1 cs=1]
              RenderInline {FONT} at (0,0) size 3x11
                RenderText {#text} at (0,0) size 3x11
                  text run at (0,0) width 3: " "
            RenderTableCell {TD} at (745,143) size 8x11 [bgcolor=#5E5F60] [r=13 c=95 rs=1 cs=1]
              RenderInline {FONT} at (0,0) size 3x11
                RenderText {#text} at (0,0) size 3x11
                  text run at (0,0) width 3: " "
            RenderTableCell {TD} at (753,143) size 8x11 [bgcolor=#777878] [r=13 c=96 rs=1 cs=1]
              RenderInline {FONT} at (0,0) size 3x11
                RenderText {#text} at (0,0) size 3x11
                  text run at (0,0) width 3: " "
            RenderTableCell {TD} at (760,143) size 9x11 [bgcolor=#848788] [r=13 c=97 rs=1 cs=1]
              RenderInline {FONT} at (0,0) size 3x11
                RenderText {#text} at (0,0) size 3x11
                  text run at (0,0) width 3: " "
            RenderTableCell {TD} at (768,143) size 9x11 [bgcolor=#777878] [r=13 c=98 rs=1 cs=1]
              RenderInline {FONT} at (0,0) size 3x11
                RenderText {#text} at (0,0) size 3x11
                  text run at (0,0) width 3: " "
            RenderTableCell {TD} at (776,143) size 9x11 [bgcolor=#4D4F4F] [r=13 c=99 rs=1 cs=1]
              RenderInline {FONT} at (0,0) size 3x11
                RenderText {#text} at (0,0) size 3x11
                  text run at (0,0) width 3: " "
          RenderTableRow {TR} at (0,154) size 784x11
            RenderTableCell {TD} at (0,154) size 8x11 [bgcolor=#CADEDD] [r=14 c=0 rs=1 cs=1]
              RenderInline {FONT} at (0,0) size 3x11
                RenderText {#text} at (0,0) size 3x11
                  text run at (0,0) width 3: " "
            RenderTableCell {TD} at (7,154) size 9x11 [bgcolor=#1B8685] [r=14 c=1 rs=1 cs=1]
              RenderInline {FONT} at (0,0) size 3x11
                RenderText {#text} at (0,0) size 3x11
                  text run at (0,0) width 3: " "
            RenderTableCell {TD} at (15,154) size 9x11 [bgcolor=#1B8685] [r=14 c=2 rs=1 cs=1]
              RenderInline {FONT} at (0,0) size 3x11
                RenderText {#text} at (0,0) size 3x11
                  text run at (0,0) width 3: " "
            RenderTableCell {TD} at (23,154) size 9x11 [bgcolor=#287A7A] [r=14 c=3 rs=1 cs=1]
              RenderInline {FONT} at (0,0) size 3x11
                RenderText {#text} at (0,0) size 3x11
                  text run at (0,0) width 3: " "
            RenderTableCell {TD} at (31,154) size 9x11 [bgcolor=#026766] [r=14 c=4 rs=1 cs=1]
              RenderInline {FONT} at (0,0) size 3x11
                RenderText {#text} at (0,0) size 3x11
                  text run at (0,0) width 3: " "
            RenderTableCell {TD} at (39,154) size 9x11 [bgcolor=#044140] [r=14 c=5 rs=1 cs=1]
              RenderInline {FONT} at (0,0) size 3x11
                RenderText {#text} at (0,0) size 3x11
                  text run at (0,0) width 3: " "
            RenderTableCell {TD} at (47,154) size 8x11 [bgcolor=#044140] [r=14 c=6 rs=1 cs=1]
              RenderInline {FONT} at (0,0) size 3x11
                RenderText {#text} at (0,0) size 3x11
                  text run at (0,0) width 3: " "
            RenderTableCell {TD} at (54,154) size 9x11 [bgcolor=#274C4D] [r=14 c=7 rs=1 cs=1]
              RenderInline {FONT} at (0,0) size 3x11
                RenderText {#text} at (0,0) size 3x11
                  text run at (0,0) width 3: " "
            RenderTableCell {TD} at (62,154) size 9x11 [bgcolor=#425A5A] [r=14 c=8 rs=1 cs=1]
              RenderInline {FONT} at (0,0) size 3x11
                RenderText {#text} at (0,0) size 3x11
                  text run at (0,0) width 3: " "
            RenderTableCell {TD} at (70,154) size 9x11 [bgcolor=#647979] [r=14 c=9 rs=1 cs=1]
              RenderInline {FONT} at (0,0) size 3x11
                RenderText {#text} at (0,0) size 3x11
                  text run at (0,0) width 3: " "
            RenderTableCell {TD} at (78,154) size 9x11 [bgcolor=#CECFCF] [r=14 c=10 rs=1 cs=1]
              RenderInline {FONT} at (0,0) size 3x11
                RenderText {#text} at (0,0) size 3x11
                  text run at (0,0) width 3: " "
            RenderTableCell {TD} at (86,154) size 9x11 [bgcolor=#FDFDFB] [r=14 c=11 rs=1 cs=1]
              RenderInline {FONT} at (0,0) size 3x11
                RenderText {#text} at (0,0) size 3x11
                  text run at (0,0) width 3: " "
            RenderTableCell {TD} at (94,154) size 8x11 [bgcolor=#CADEDD] [r=14 c=12 rs=1 cs=1]
              RenderInline {FONT} at (0,0) size 3x11
                RenderText {#text} at (0,0) size 3x11
                  text run at (0,0) width 3: " "
            RenderTableCell {TD} at (101,154) size 9x11 [bgcolor=#044140] [r=14 c=13 rs=1 cs=1]
              RenderInline {FONT} at (0,0) size 3x11
                RenderText {#text} at (0,0) size 3x11
                  text run at (0,0) width 3: " "
            RenderTableCell {TD} at (109,154) size 9x11 [bgcolor=#223C3D] [r=14 c=14 rs=1 cs=1]
              RenderInline {FONT} at (0,0) size 3x11
                RenderText {#text} at (0,0) size 3x11
                  text run at (0,0) width 3: " "
            RenderTableCell {TD} at (117,154) size 9x11 [bgcolor=#848788] [r=14 c=15 rs=1 cs=1]
              RenderInline {FONT} at (0,0) size 3x11
                RenderText {#text} at (0,0) size 3x11
                  text run at (0,0) width 3: " "
            RenderTableCell {TD} at (125,154) size 9x11 [bgcolor=#FDFDFB] [r=14 c=16 rs=1 cs=1]
              RenderInline {FONT} at (0,0) size 3x11
                RenderText {#text} at (0,0) size 3x11
                  text run at (0,0) width 3: " "
            RenderTableCell {TD} at (133,154) size 9x11 [bgcolor=#FDFDFB] [r=14 c=17 rs=1 cs=1]
              RenderInline {FONT} at (0,0) size 3x11
                RenderText {#text} at (0,0) size 3x11
                  text run at (0,0) width 3: " "
            RenderTableCell {TD} at (141,154) size 9x11 [bgcolor=#2D3433] [r=14 c=18 rs=1 cs=1]
              RenderInline {FONT} at (0,0) size 3x11
                RenderText {#text} at (0,0) size 3x11
                  text run at (0,0) width 3: " "
            RenderTableCell {TD} at (149,154) size 8x11 [bgcolor=#1E7A79] [r=14 c=19 rs=1 cs=1]
              RenderInline {FONT} at (0,0) size 3x11
                RenderText {#text} at (0,0) size 3x11
                  text run at (0,0) width 3: " "
            RenderTableCell {TD} at (156,154) size 9x11 [bgcolor=#1B8685] [r=14 c=20 rs=1 cs=1]
              RenderInline {FONT} at (0,0) size 3x11
                RenderText {#text} at (0,0) size 3x11
                  text run at (0,0) width 3: " "
            RenderTableCell {TD} at (164,154) size 9x11 [bgcolor=#EDEEEF] [r=14 c=21 rs=1 cs=1]
              RenderInline {FONT} at (0,0) size 3x11
                RenderText {#text} at (0,0) size 3x11
                  text run at (0,0) width 3: " "
            RenderTableCell {TD} at (172,154) size 9x11 [bgcolor=#FDFDFB] [r=14 c=22 rs=1 cs=1]
              RenderInline {FONT} at (0,0) size 3x11
                RenderText {#text} at (0,0) size 3x11
                  text run at (0,0) width 3: " "
            RenderTableCell {TD} at (180,154) size 9x11 [bgcolor=#777878] [r=14 c=23 rs=1 cs=1]
              RenderInline {FONT} at (0,0) size 3x11
                RenderText {#text} at (0,0) size 3x11
                  text run at (0,0) width 3: " "
            RenderTableCell {TD} at (188,154) size 9x11 [bgcolor=#223C3D] [r=14 c=24 rs=1 cs=1]
              RenderInline {FONT} at (0,0) size 3x11
                RenderText {#text} at (0,0) size 3x11
                  text run at (0,0) width 3: " "
            RenderTableCell {TD} at (196,154) size 8x11 [bgcolor=#072323] [r=14 c=25 rs=1 cs=1]
              RenderInline {FONT} at (0,0) size 3x11
                RenderText {#text} at (0,0) size 3x11
                  text run at (0,0) width 3: " "
            RenderTableCell {TD} at (203,154) size 9x11 [bgcolor=#083131] [r=14 c=26 rs=1 cs=1]
              RenderInline {FONT} at (0,0) size 3x11
                RenderText {#text} at (0,0) size 3x11
                  text run at (0,0) width 3: " "
            RenderTableCell {TD} at (211,154) size 9x11 [bgcolor=#083131] [r=14 c=27 rs=1 cs=1]
              RenderInline {FONT} at (0,0) size 3x11
                RenderText {#text} at (0,0) size 3x11
                  text run at (0,0) width 3: " "
            RenderTableCell {TD} at (219,154) size 9x11 [bgcolor=#044140] [r=14 c=28 rs=1 cs=1]
              RenderInline {FONT} at (0,0) size 3x11
                RenderText {#text} at (0,0) size 3x11
                  text run at (0,0) width 3: " "
            RenderTableCell {TD} at (227,154) size 9x11 [bgcolor=#A2B5B4] [r=14 c=29 rs=1 cs=1]
              RenderInline {FONT} at (0,0) size 3x11
                RenderText {#text} at (0,0) size 3x11
                  text run at (0,0) width 3: " "
            RenderTableCell {TD} at (235,154) size 9x11 [bgcolor=#FDFDFB] [r=14 c=30 rs=1 cs=1]
              RenderInline {FONT} at (0,0) size 3x11
                RenderText {#text} at (0,0) size 3x11
                  text run at (0,0) width 3: " "
            RenderTableCell {TD} at (243,154) size 8x11 [bgcolor=#B4B4B4] [r=14 c=31 rs=1 cs=1]
              RenderInline {FONT} at (0,0) size 3x11
                RenderText {#text} at (0,0) size 3x11
                  text run at (0,0) width 3: " "
            RenderTableCell {TD} at (251,154) size 8x11 [bgcolor=#072323] [r=14 c=32 rs=1 cs=1]
              RenderInline {FONT} at (0,0) size 3x11
                RenderText {#text} at (0,0) size 3x11
                  text run at (0,0) width 3: " "
            RenderTableCell {TD} at (258,154) size 9x11 [bgcolor=#4D4F4F] [r=14 c=33 rs=1 cs=1]
              RenderInline {FONT} at (0,0) size 3x11
                RenderText {#text} at (0,0) size 3x11
                  text run at (0,0) width 3: " "
            RenderTableCell {TD} at (266,154) size 9x11 [bgcolor=#777878] [r=14 c=34 rs=1 cs=1]
              RenderInline {FONT} at (0,0) size 3x11
                RenderText {#text} at (0,0) size 3x11
                  text run at (0,0) width 3: " "
            RenderTableCell {TD} at (274,154) size 9x11 [bgcolor=#939494] [r=14 c=35 rs=1 cs=1]
              RenderInline {FONT} at (0,0) size 3x11
                RenderText {#text} at (0,0) size 3x11
                  text run at (0,0) width 3: " "
            RenderTableCell {TD} at (282,154) size 9x11 [bgcolor=#1B8685] [r=14 c=36 rs=1 cs=1]
              RenderInline {FONT} at (0,0) size 3x11
                RenderText {#text} at (0,0) size 3x11
                  text run at (0,0) width 3: " "
            RenderTableCell {TD} at (290,154) size 9x11 [bgcolor=#025E5E] [r=14 c=37 rs=1 cs=1]
              RenderInline {FONT} at (0,0) size 3x11
                RenderText {#text} at (0,0) size 3x11
                  text run at (0,0) width 3: " "
            RenderTableCell {TD} at (298,154) size 8x11 [bgcolor=#044140] [r=14 c=38 rs=1 cs=1]
              RenderInline {FONT} at (0,0) size 3x11
                RenderText {#text} at (0,0) size 3x11
                  text run at (0,0) width 3: " "
            RenderTableCell {TD} at (305,154) size 9x11 [bgcolor=#044140] [r=14 c=39 rs=1 cs=1]
              RenderInline {FONT} at (0,0) size 3x11
                RenderText {#text} at (0,0) size 3x11
                  text run at (0,0) width 3: " "
            RenderTableCell {TD} at (313,154) size 9x11 [bgcolor=#274C4D] [r=14 c=40 rs=1 cs=1]
              RenderInline {FONT} at (0,0) size 3x11
                RenderText {#text} at (0,0) size 3x11
                  text run at (0,0) width 3: " "
            RenderTableCell {TD} at (321,154) size 9x11 [bgcolor=#527274] [r=14 c=41 rs=1 cs=1]
              RenderInline {FONT} at (0,0) size 3x11
                RenderText {#text} at (0,0) size 3x11
                  text run at (0,0) width 3: " "
            RenderTableCell {TD} at (329,154) size 9x11 [bgcolor=#91A3A3] [r=14 c=42 rs=1 cs=1]
              RenderInline {FONT} at (0,0) size 3x11
                RenderText {#text} at (0,0) size 3x11
                  text run at (0,0) width 3: " "
            RenderTableCell {TD} at (337,154) size 9x11 [bgcolor=#EDEEEF] [r=14 c=43 rs=1 cs=1]
              RenderInline {FONT} at (0,0) size 3x11
                RenderText {#text} at (0,0) size 3x11
                  text run at (0,0) width 3: " "
            RenderTableCell {TD} at (345,154) size 8x11 [bgcolor=#FDFDFB] [r=14 c=44 rs=1 cs=1]
              RenderInline {FONT} at (0,0) size 3x11
                RenderText {#text} at (0,0) size 3x11
                  text run at (0,0) width 3: " "
            RenderTableCell {TD} at (352,154) size 9x11 [bgcolor=#5A8787] [r=14 c=45 rs=1 cs=1]
              RenderInline {FONT} at (0,0) size 3x11
                RenderText {#text} at (0,0) size 3x11
                  text run at (0,0) width 3: " "
            RenderTableCell {TD} at (360,154) size 9x11 [bgcolor=#026766] [r=14 c=46 rs=1 cs=1]
              RenderInline {FONT} at (0,0) size 3x11
                RenderText {#text} at (0,0) size 3x11
                  text run at (0,0) width 3: " "
            RenderTableCell {TD} at (368,154) size 9x11 [bgcolor=#1A6B6A] [r=14 c=47 rs=1 cs=1]
              RenderInline {FONT} at (0,0) size 3x11
                RenderText {#text} at (0,0) size 3x11
                  text run at (0,0) width 3: " "
            RenderTableCell {TD} at (376,154) size 9x11 [bgcolor=#B6D0D1] [r=14 c=48 rs=1 cs=1]
              RenderInline {FONT} at (0,0) size 3x11
                RenderText {#text} at (0,0) size 3x11
                  text run at (0,0) width 3: " "
            RenderTableCell {TD} at (384,154) size 9x11 [bgcolor=#FDFDFB] [r=14 c=49 rs=1 cs=1]
              RenderInline {FONT} at (0,0) size 3x11
                RenderText {#text} at (0,0) size 3x11
                  text run at (0,0) width 3: " "
            RenderTableCell {TD} at (392,154) size 9x11 [bgcolor=#848788] [r=14 c=50 rs=1 cs=1]
              RenderInline {FONT} at (0,0) size 3x11
                RenderText {#text} at (0,0) size 3x11
                  text run at (0,0) width 3: " "
            RenderTableCell {TD} at (400,154) size 8x11 [bgcolor=#072323] [r=14 c=51 rs=1 cs=1]
              RenderInline {FONT} at (0,0) size 3x11
                RenderText {#text} at (0,0) size 3x11
                  text run at (0,0) width 3: " "
            RenderTableCell {TD} at (407,154) size 9x11 [bgcolor=#3D4242] [r=14 c=52 rs=1 cs=1]
              RenderInline {FONT} at (0,0) size 3x11
                RenderText {#text} at (0,0) size 3x11
                  text run at (0,0) width 3: " "
            RenderTableCell {TD} at (415,154) size 9x11 [bgcolor=#696A69] [r=14 c=53 rs=1 cs=1]
              RenderInline {FONT} at (0,0) size 3x11
                RenderText {#text} at (0,0) size 3x11
                  text run at (0,0) width 3: " "
            RenderTableCell {TD} at (423,154) size 9x11 [bgcolor=#848788] [r=14 c=54 rs=1 cs=1]
              RenderInline {FONT} at (0,0) size 3x11
                RenderText {#text} at (0,0) size 3x11
                  text run at (0,0) width 3: " "
            RenderTableCell {TD} at (431,154) size 9x11 [bgcolor=#939494] [r=14 c=55 rs=1 cs=1]
              RenderInline {FONT} at (0,0) size 3x11
                RenderText {#text} at (0,0) size 3x11
                  text run at (0,0) width 3: " "
            RenderTableCell {TD} at (439,154) size 9x11 [bgcolor=#B4B4B4] [r=14 c=56 rs=1 cs=1]
              RenderInline {FONT} at (0,0) size 3x11
                RenderText {#text} at (0,0) size 3x11
                  text run at (0,0) width 3: " "
            RenderTableCell {TD} at (447,154) size 8x11 [bgcolor=#FDFDFB] [r=14 c=57 rs=1 cs=1]
              RenderInline {FONT} at (0,0) size 3x11
                RenderText {#text} at (0,0) size 3x11
                  text run at (0,0) width 3: " "
            RenderTableCell {TD} at (454,154) size 9x11 [bgcolor=#FDFDFB] [r=14 c=58 rs=1 cs=1]
              RenderInline {FONT} at (0,0) size 3x11
                RenderText {#text} at (0,0) size 3x11
                  text run at (0,0) width 3: " "
            RenderTableCell {TD} at (462,154) size 9x11 [bgcolor=#2D3433] [r=14 c=59 rs=1 cs=1]
              RenderInline {FONT} at (0,0) size 3x11
                RenderText {#text} at (0,0) size 3x11
                  text run at (0,0) width 3: " "
            RenderTableCell {TD} at (470,154) size 9x11 [bgcolor=#1E7A79] [r=14 c=60 rs=1 cs=1]
              RenderInline {FONT} at (0,0) size 3x11
                RenderText {#text} at (0,0) size 3x11
                  text run at (0,0) width 3: " "
            RenderTableCell {TD} at (478,154) size 9x11 [bgcolor=#60A2A3] [r=14 c=61 rs=1 cs=1]
              RenderInline {FONT} at (0,0) size 3x11
                RenderText {#text} at (0,0) size 3x11
                  text run at (0,0) width 3: " "
            RenderTableCell {TD} at (486,154) size 9x11 [bgcolor=#FDFDFB] [r=14 c=62 rs=1 cs=1]
              RenderInline {FONT} at (0,0) size 3x11
                RenderText {#text} at (0,0) size 3x11
                  text run at (0,0) width 3: " "
            RenderTableCell {TD} at (494,154) size 8x11 [bgcolor=#E0EAE9] [r=14 c=63 rs=1 cs=1]
              RenderInline {FONT} at (0,0) size 3x11
                RenderText {#text} at (0,0) size 3x11
                  text run at (0,0) width 3: " "
            RenderTableCell {TD} at (502,154) size 8x11 [bgcolor=#044140] [r=14 c=64 rs=1 cs=1]
              RenderInline {FONT} at (0,0) size 3x11
                RenderText {#text} at (0,0) size 3x11
                  text run at (0,0) width 3: " "
            RenderTableCell {TD} at (509,154) size 9x11 [bgcolor=#026766] [r=14 c=65 rs=1 cs=1]
              RenderInline {FONT} at (0,0) size 3x11
                RenderText {#text} at (0,0) size 3x11
                  text run at (0,0) width 3: " "
            RenderTableCell {TD} at (517,154) size 9x11 [bgcolor=#026766] [r=14 c=66 rs=1 cs=1]
              RenderInline {FONT} at (0,0) size 3x11
                RenderText {#text} at (0,0) size 3x11
                  text run at (0,0) width 3: " "
            RenderTableCell {TD} at (525,154) size 9x11 [bgcolor=#026766] [r=14 c=67 rs=1 cs=1]
              RenderInline {FONT} at (0,0) size 3x11
                RenderText {#text} at (0,0) size 3x11
                  text run at (0,0) width 3: " "
            RenderTableCell {TD} at (533,154) size 9x11 [bgcolor=#026766] [r=14 c=68 rs=1 cs=1]
              RenderInline {FONT} at (0,0) size 3x11
                RenderText {#text} at (0,0) size 3x11
                  text run at (0,0) width 3: " "
            RenderTableCell {TD} at (541,154) size 9x11 [bgcolor=#026766] [r=14 c=69 rs=1 cs=1]
              RenderInline {FONT} at (0,0) size 3x11
                RenderText {#text} at (0,0) size 3x11
                  text run at (0,0) width 3: " "
            RenderTableCell {TD} at (549,154) size 8x11 [bgcolor=#287A7A] [r=14 c=70 rs=1 cs=1]
              RenderInline {FONT} at (0,0) size 3x11
                RenderText {#text} at (0,0) size 3x11
                  text run at (0,0) width 3: " "
            RenderTableCell {TD} at (556,154) size 9x11 [bgcolor=#E0EAE9] [r=14 c=71 rs=1 cs=1]
              RenderInline {FONT} at (0,0) size 3x11
                RenderText {#text} at (0,0) size 3x11
                  text run at (0,0) width 3: " "
            RenderTableCell {TD} at (564,154) size 9x11 [bgcolor=#FDFDFB] [r=14 c=72 rs=1 cs=1]
              RenderInline {FONT} at (0,0) size 3x11
                RenderText {#text} at (0,0) size 3x11
                  text run at (0,0) width 3: " "
            RenderTableCell {TD} at (572,154) size 9x11 [bgcolor=#4D4F4F] [r=14 c=73 rs=1 cs=1]
              RenderInline {FONT} at (0,0) size 3x11
                RenderText {#text} at (0,0) size 3x11
                  text run at (0,0) width 3: " "
            RenderTableCell {TD} at (580,154) size 9x11 [bgcolor=#5E5F60] [r=14 c=74 rs=1 cs=1]
              RenderInline {FONT} at (0,0) size 3x11
                RenderText {#text} at (0,0) size 3x11
                  text run at (0,0) width 3: " "
            RenderTableCell {TD} at (588,154) size 9x11 [bgcolor=#A5A6A6] [r=14 c=75 rs=1 cs=1]
              RenderInline {FONT} at (0,0) size 3x11
                RenderText {#text} at (0,0) size 3x11
                  text run at (0,0) width 3: " "
            RenderTableCell {TD} at (596,154) size 8x11 [bgcolor=#FDFDFB] [r=14 c=76 rs=1 cs=1]
              RenderInline {FONT} at (0,0) size 3x11
                RenderText {#text} at (0,0) size 3x11
                  text run at (0,0) width 3: " "
            RenderTableCell {TD} at (603,154) size 9x11 [bgcolor=#DEDFDF] [r=14 c=77 rs=1 cs=1]
              RenderInline {FONT} at (0,0) size 3x11
                RenderText {#text} at (0,0) size 3x11
                  text run at (0,0) width 3: " "
            RenderTableCell {TD} at (611,154) size 9x11 [bgcolor=#396B6A] [r=14 c=78 rs=1 cs=1]
              RenderInline {FONT} at (0,0) size 3x11
                RenderText {#text} at (0,0) size 3x11
                  text run at (0,0) width 3: " "
            RenderTableCell {TD} at (619,154) size 9x11 [bgcolor=#027777] [r=14 c=79 rs=1 cs=1]
              RenderInline {FONT} at (0,0) size 3x11
                RenderText {#text} at (0,0) size 3x11
                  text run at (0,0) width 3: " "
            RenderTableCell {TD} at (627,154) size 9x11 [bgcolor=#026766] [r=14 c=80 rs=1 cs=1]
              RenderInline {FONT} at (0,0) size 3x11
                RenderText {#text} at (0,0) size 3x11
                  text run at (0,0) width 3: " "
            RenderTableCell {TD} at (635,154) size 9x11 [bgcolor=#026766] [r=14 c=81 rs=1 cs=1]
              RenderInline {FONT} at (0,0) size 3x11
                RenderText {#text} at (0,0) size 3x11
                  text run at (0,0) width 3: " "
            RenderTableCell {TD} at (643,154) size 9x11 [bgcolor=#026766] [r=14 c=82 rs=1 cs=1]
              RenderInline {FONT} at (0,0) size 3x11
                RenderText {#text} at (0,0) size 3x11
                  text run at (0,0) width 3: " "
            RenderTableCell {TD} at (651,154) size 8x11 [bgcolor=#026766] [r=14 c=83 rs=1 cs=1]
              RenderInline {FONT} at (0,0) size 3x11
                RenderText {#text} at (0,0) size 3x11
                  text run at (0,0) width 3: " "
            RenderTableCell {TD} at (658,154) size 9x11 [bgcolor=#026766] [r=14 c=84 rs=1 cs=1]
              RenderInline {FONT} at (0,0) size 3x11
                RenderText {#text} at (0,0) size 3x11
                  text run at (0,0) width 3: " "
            RenderTableCell {TD} at (666,154) size 9x11 [bgcolor=#7CAEAF] [r=14 c=85 rs=1 cs=1]
              RenderInline {FONT} at (0,0) size 3x11
                RenderText {#text} at (0,0) size 3x11
                  text run at (0,0) width 3: " "
            RenderTableCell {TD} at (674,154) size 9x11 [bgcolor=#FDFDFB] [r=14 c=86 rs=1 cs=1]
              RenderInline {FONT} at (0,0) size 3x11
                RenderText {#text} at (0,0) size 3x11
                  text run at (0,0) width 3: " "
            RenderTableCell {TD} at (682,154) size 9x11 [bgcolor=#BEC2C2] [r=14 c=87 rs=1 cs=1]
              RenderInline {FONT} at (0,0) size 3x11
                RenderText {#text} at (0,0) size 3x11
                  text run at (0,0) width 3: " "
            RenderTableCell {TD} at (690,154) size 9x11 [bgcolor=#223C3D] [r=14 c=88 rs=1 cs=1]
              RenderInline {FONT} at (0,0) size 3x11
                RenderText {#text} at (0,0) size 3x11
                  text run at (0,0) width 3: " "
            RenderTableCell {TD} at (698,154) size 8x11 [bgcolor=#026766] [r=14 c=89 rs=1 cs=1]
              RenderInline {FONT} at (0,0) size 3x11
                RenderText {#text} at (0,0) size 3x11
                  text run at (0,0) width 3: " "
            RenderTableCell {TD} at (705,154) size 9x11 [bgcolor=#338686] [r=14 c=90 rs=1 cs=1]
              RenderInline {FONT} at (0,0) size 3x11
                RenderText {#text} at (0,0) size 3x11
                  text run at (0,0) width 3: " "
            RenderTableCell {TD} at (713,154) size 9x11 [bgcolor=#EDEEEF] [r=14 c=91 rs=1 cs=1]
              RenderInline {FONT} at (0,0) size 3x11
                RenderText {#text} at (0,0) size 3x11
                  text run at (0,0) width 3: " "
            RenderTableCell {TD} at (721,154) size 9x11 [bgcolor=#FDFDFB] [r=14 c=92 rs=1 cs=1]
              RenderInline {FONT} at (0,0) size 3x11
                RenderText {#text} at (0,0) size 3x11
                  text run at (0,0) width 3: " "
            RenderTableCell {TD} at (729,154) size 9x11 [bgcolor=#2D3433] [r=14 c=93 rs=1 cs=1]
              RenderInline {FONT} at (0,0) size 3x11
                RenderText {#text} at (0,0) size 3x11
                  text run at (0,0) width 3: " "
            RenderTableCell {TD} at (737,154) size 9x11 [bgcolor=#223C3D] [r=14 c=94 rs=1 cs=1]
              RenderInline {FONT} at (0,0) size 3x11
                RenderText {#text} at (0,0) size 3x11
                  text run at (0,0) width 3: " "
            RenderTableCell {TD} at (745,154) size 8x11 [bgcolor=#5E5F60] [r=14 c=95 rs=1 cs=1]
              RenderInline {FONT} at (0,0) size 3x11
                RenderText {#text} at (0,0) size 3x11
                  text run at (0,0) width 3: " "
            RenderTableCell {TD} at (753,154) size 8x11 [bgcolor=#777878] [r=14 c=96 rs=1 cs=1]
              RenderInline {FONT} at (0,0) size 3x11
                RenderText {#text} at (0,0) size 3x11
                  text run at (0,0) width 3: " "
            RenderTableCell {TD} at (760,154) size 9x11 [bgcolor=#848788] [r=14 c=97 rs=1 cs=1]
              RenderInline {FONT} at (0,0) size 3x11
                RenderText {#text} at (0,0) size 3x11
                  text run at (0,0) width 3: " "
            RenderTableCell {TD} at (768,154) size 9x11 [bgcolor=#777878] [r=14 c=98 rs=1 cs=1]
              RenderInline {FONT} at (0,0) size 3x11
                RenderText {#text} at (0,0) size 3x11
                  text run at (0,0) width 3: " "
            RenderTableCell {TD} at (776,154) size 9x11 [bgcolor=#4D4F4F] [r=14 c=99 rs=1 cs=1]
              RenderInline {FONT} at (0,0) size 3x11
                RenderText {#text} at (0,0) size 3x11
                  text run at (0,0) width 3: " "
          RenderTableRow {TR} at (0,165) size 784x11
            RenderTableCell {TD} at (0,165) size 8x11 [bgcolor=#E0EAE9] [r=15 c=0 rs=1 cs=1]
              RenderInline {FONT} at (0,0) size 3x11
                RenderText {#text} at (0,0) size 3x11
                  text run at (0,0) width 3: " "
            RenderTableCell {TD} at (7,165) size 9x11 [bgcolor=#469191] [r=15 c=1 rs=1 cs=1]
              RenderInline {FONT} at (0,0) size 3x11
                RenderText {#text} at (0,0) size 3x11
                  text run at (0,0) width 3: " "
            RenderTableCell {TD} at (15,165) size 9x11 [bgcolor=#A4CCCC] [r=15 c=2 rs=1 cs=1]
              RenderInline {FONT} at (0,0) size 3x11
                RenderText {#text} at (0,0) size 3x11
                  text run at (0,0) width 3: " "
            RenderTableCell {TD} at (23,165) size 9x11 [bgcolor=#E0EAE9] [r=15 c=3 rs=1 cs=1]
              RenderInline {FONT} at (0,0) size 3x11
                RenderText {#text} at (0,0) size 3x11
                  text run at (0,0) width 3: " "
            RenderTableCell {TD} at (31,165) size 9x11 [bgcolor=#7CAEAF] [r=15 c=4 rs=1 cs=1]
              RenderInline {FONT} at (0,0) size 3x11
                RenderText {#text} at (0,0) size 3x11
                  text run at (0,0) width 3: " "
            RenderTableCell {TD} at (39,165) size 9x11 [bgcolor=#026766] [r=15 c=5 rs=1 cs=1]
              RenderInline {FONT} at (0,0) size 3x11
                RenderText {#text} at (0,0) size 3x11
                  text run at (0,0) width 3: " "
            RenderTableCell {TD} at (47,165) size 8x11 [bgcolor=#026766] [r=15 c=6 rs=1 cs=1]
              RenderInline {FONT} at (0,0) size 3x11
                RenderText {#text} at (0,0) size 3x11
                  text run at (0,0) width 3: " "
            RenderTableCell {TD} at (54,165) size 9x11 [bgcolor=#025E5E] [r=15 c=7 rs=1 cs=1]
              RenderInline {FONT} at (0,0) size 3x11
                RenderText {#text} at (0,0) size 3x11
                  text run at (0,0) width 3: " "
            RenderTableCell {TD} at (62,165) size 9x11 [bgcolor=#025E5E] [r=15 c=8 rs=1 cs=1]
              RenderInline {FONT} at (0,0) size 3x11
                RenderText {#text} at (0,0) size 3x11
                  text run at (0,0) width 3: " "
            RenderTableCell {TD} at (70,165) size 9x11 [bgcolor=#025E5E] [r=15 c=9 rs=1 cs=1]
              RenderInline {FONT} at (0,0) size 3x11
                RenderText {#text} at (0,0) size 3x11
                  text run at (0,0) width 3: " "
            RenderTableCell {TD} at (78,165) size 9x11 [bgcolor=#72A3A1] [r=15 c=10 rs=1 cs=1]
              RenderInline {FONT} at (0,0) size 3x11
                RenderText {#text} at (0,0) size 3x11
                  text run at (0,0) width 3: " "
            RenderTableCell {TD} at (86,165) size 9x11 [bgcolor=#FDFDFB] [r=15 c=11 rs=1 cs=1]
              RenderInline {FONT} at (0,0) size 3x11
                RenderText {#text} at (0,0) size 3x11
                  text run at (0,0) width 3: " "
            RenderTableCell {TD} at (94,165) size 8x11 [bgcolor=#EDEEEF] [r=15 c=12 rs=1 cs=1]
              RenderInline {FONT} at (0,0) size 3x11
                RenderText {#text} at (0,0) size 3x11
                  text run at (0,0) width 3: " "
            RenderTableCell {TD} at (101,165) size 9x11 [bgcolor=#072323] [r=15 c=13 rs=1 cs=1]
              RenderInline {FONT} at (0,0) size 3x11
                RenderText {#text} at (0,0) size 3x11
                  text run at (0,0) width 3: " "
            RenderTableCell {TD} at (109,165) size 9x11 [bgcolor=#223C3D] [r=15 c=14 rs=1 cs=1]
              RenderInline {FONT} at (0,0) size 3x11
                RenderText {#text} at (0,0) size 3x11
                  text run at (0,0) width 3: " "
            RenderTableCell {TD} at (117,165) size 9x11 [bgcolor=#848788] [r=15 c=15 rs=1 cs=1]
              RenderInline {FONT} at (0,0) size 3x11
                RenderText {#text} at (0,0) size 3x11
                  text run at (0,0) width 3: " "
            RenderTableCell {TD} at (125,165) size 9x11 [bgcolor=#FDFDFB] [r=15 c=16 rs=1 cs=1]
              RenderInline {FONT} at (0,0) size 3x11
                RenderText {#text} at (0,0) size 3x11
                  text run at (0,0) width 3: " "
            RenderTableCell {TD} at (133,165) size 9x11 [bgcolor=#FDFDFB] [r=15 c=17 rs=1 cs=1]
              RenderInline {FONT} at (0,0) size 3x11
                RenderText {#text} at (0,0) size 3x11
                  text run at (0,0) width 3: " "
            RenderTableCell {TD} at (141,165) size 9x11 [bgcolor=#2D3433] [r=15 c=18 rs=1 cs=1]
              RenderInline {FONT} at (0,0) size 3x11
                RenderText {#text} at (0,0) size 3x11
                  text run at (0,0) width 3: " "
            RenderTableCell {TD} at (149,165) size 8x11 [bgcolor=#1E7A79] [r=15 c=19 rs=1 cs=1]
              RenderInline {FONT} at (0,0) size 3x11
                RenderText {#text} at (0,0) size 3x11
                  text run at (0,0) width 3: " "
            RenderTableCell {TD} at (156,165) size 9x11 [bgcolor=#44A3A2] [r=15 c=20 rs=1 cs=1]
              RenderInline {FONT} at (0,0) size 3x11
                RenderText {#text} at (0,0) size 3x11
                  text run at (0,0) width 3: " "
            RenderTableCell {TD} at (164,165) size 9x11 [bgcolor=#FDFDFB] [r=15 c=21 rs=1 cs=1]
              RenderInline {FONT} at (0,0) size 3x11
                RenderText {#text} at (0,0) size 3x11
                  text run at (0,0) width 3: " "
            RenderTableCell {TD} at (172,165) size 9x11 [bgcolor=#FDFDFB] [r=15 c=22 rs=1 cs=1]
              RenderInline {FONT} at (0,0) size 3x11
                RenderText {#text} at (0,0) size 3x11
                  text run at (0,0) width 3: " "
            RenderTableCell {TD} at (180,165) size 9x11 [bgcolor=#223C3D] [r=15 c=23 rs=1 cs=1]
              RenderInline {FONT} at (0,0) size 3x11
                RenderText {#text} at (0,0) size 3x11
                  text run at (0,0) width 3: " "
            RenderTableCell {TD} at (188,165) size 9x11 [bgcolor=#025E5E] [r=15 c=24 rs=1 cs=1]
              RenderInline {FONT} at (0,0) size 3x11
                RenderText {#text} at (0,0) size 3x11
                  text run at (0,0) width 3: " "
            RenderTableCell {TD} at (196,165) size 8x11 [bgcolor=#025E5E] [r=15 c=25 rs=1 cs=1]
              RenderInline {FONT} at (0,0) size 3x11
                RenderText {#text} at (0,0) size 3x11
                  text run at (0,0) width 3: " "
            RenderTableCell {TD} at (203,165) size 9x11 [bgcolor=#026766] [r=15 c=26 rs=1 cs=1]
              RenderInline {FONT} at (0,0) size 3x11
                RenderText {#text} at (0,0) size 3x11
                  text run at (0,0) width 3: " "
            RenderTableCell {TD} at (211,165) size 9x11 [bgcolor=#026766] [r=15 c=27 rs=1 cs=1]
              RenderInline {FONT} at (0,0) size 3x11
                RenderText {#text} at (0,0) size 3x11
                  text run at (0,0) width 3: " "
            RenderTableCell {TD} at (219,165) size 9x11 [bgcolor=#338686] [r=15 c=28 rs=1 cs=1]
              RenderInline {FONT} at (0,0) size 3x11
                RenderText {#text} at (0,0) size 3x11
                  text run at (0,0) width 3: " "
            RenderTableCell {TD} at (227,165) size 9x11 [bgcolor=#E0EAE9] [r=15 c=29 rs=1 cs=1]
              RenderInline {FONT} at (0,0) size 3x11
                RenderText {#text} at (0,0) size 3x11
                  text run at (0,0) width 3: " "
            RenderTableCell {TD} at (235,165) size 9x11 [bgcolor=#FDFDFB] [r=15 c=30 rs=1 cs=1]
              RenderInline {FONT} at (0,0) size 3x11
                RenderText {#text} at (0,0) size 3x11
                  text run at (0,0) width 3: " "
            RenderTableCell {TD} at (243,165) size 8x11 [bgcolor=#B4B4B4] [r=15 c=31 rs=1 cs=1]
              RenderInline {FONT} at (0,0) size 3x11
                RenderText {#text} at (0,0) size 3x11
                  text run at (0,0) width 3: " "
            RenderTableCell {TD} at (251,165) size 8x11 [bgcolor=#1C2524] [r=15 c=32 rs=1 cs=1]
              RenderInline {FONT} at (0,0) size 3x11
                RenderText {#text} at (0,0) size 3x11
                  text run at (0,0) width 3: " "
            RenderTableCell {TD} at (258,165) size 9x11 [bgcolor=#4D4F4F] [r=15 c=33 rs=1 cs=1]
              RenderInline {FONT} at (0,0) size 3x11
                RenderText {#text} at (0,0) size 3x11
                  text run at (0,0) width 3: " "
            RenderTableCell {TD} at (266,165) size 9x11 [bgcolor=#939494] [r=15 c=34 rs=1 cs=1]
              RenderInline {FONT} at (0,0) size 3x11
                RenderText {#text} at (0,0) size 3x11
                  text run at (0,0) width 3: " "
            RenderTableCell {TD} at (274,165) size 9x11 [bgcolor=#EDEEEF] [r=15 c=35 rs=1 cs=1]
              RenderInline {FONT} at (0,0) size 3x11
                RenderText {#text} at (0,0) size 3x11
                  text run at (0,0) width 3: " "
            RenderTableCell {TD} at (282,165) size 9x11 [bgcolor=#CADEDD] [r=15 c=36 rs=1 cs=1]
              RenderInline {FONT} at (0,0) size 3x11
                RenderText {#text} at (0,0) size 3x11
                  text run at (0,0) width 3: " "
            RenderTableCell {TD} at (290,165) size 9x11 [bgcolor=#338686] [r=15 c=37 rs=1 cs=1]
              RenderInline {FONT} at (0,0) size 3x11
                RenderText {#text} at (0,0) size 3x11
                  text run at (0,0) width 3: " "
            RenderTableCell {TD} at (298,165) size 8x11 [bgcolor=#026766] [r=15 c=38 rs=1 cs=1]
              RenderInline {FONT} at (0,0) size 3x11
                RenderText {#text} at (0,0) size 3x11
                  text run at (0,0) width 3: " "
            RenderTableCell {TD} at (305,165) size 9x11 [bgcolor=#026766] [r=15 c=39 rs=1 cs=1]
              RenderInline {FONT} at (0,0) size 3x11
                RenderText {#text} at (0,0) size 3x11
                  text run at (0,0) width 3: " "
            RenderTableCell {TD} at (313,165) size 9x11 [bgcolor=#025E5E] [r=15 c=40 rs=1 cs=1]
              RenderInline {FONT} at (0,0) size 3x11
                RenderText {#text} at (0,0) size 3x11
                  text run at (0,0) width 3: " "
            RenderTableCell {TD} at (321,165) size 9x11 [bgcolor=#025E5E] [r=15 c=41 rs=1 cs=1]
              RenderInline {FONT} at (0,0) size 3x11
                RenderText {#text} at (0,0) size 3x11
                  text run at (0,0) width 3: " "
            RenderTableCell {TD} at (329,165) size 9x11 [bgcolor=#1A6B6A] [r=15 c=42 rs=1 cs=1]
              RenderInline {FONT} at (0,0) size 3x11
                RenderText {#text} at (0,0) size 3x11
                  text run at (0,0) width 3: " "
            RenderTableCell {TD} at (337,165) size 9x11 [bgcolor=#CADEDD] [r=15 c=43 rs=1 cs=1]
              RenderInline {FONT} at (0,0) size 3x11
                RenderText {#text} at (0,0) size 3x11
                  text run at (0,0) width 3: " "
            RenderTableCell {TD} at (345,165) size 8x11 [bgcolor=#FDFDFB] [r=15 c=44 rs=1 cs=1]
              RenderInline {FONT} at (0,0) size 3x11
                RenderText {#text} at (0,0) size 3x11
                  text run at (0,0) width 3: " "
            RenderTableCell {TD} at (352,165) size 9x11 [bgcolor=#777878] [r=15 c=45 rs=1 cs=1]
              RenderInline {FONT} at (0,0) size 3x11
                RenderText {#text} at (0,0) size 3x11
                  text run at (0,0) width 3: " "
            RenderTableCell {TD} at (360,165) size 9x11 [bgcolor=#044F4F] [r=15 c=46 rs=1 cs=1]
              RenderInline {FONT} at (0,0) size 3x11
                RenderText {#text} at (0,0) size 3x11
                  text run at (0,0) width 3: " "
            RenderTableCell {TD} at (368,165) size 9x11 [bgcolor=#1A6B6A] [r=15 c=47 rs=1 cs=1]
              RenderInline {FONT} at (0,0) size 3x11
                RenderText {#text} at (0,0) size 3x11
                  text run at (0,0) width 3: " "
            RenderTableCell {TD} at (376,165) size 9x11 [bgcolor=#B6D0D1] [r=15 c=48 rs=1 cs=1]
              RenderInline {FONT} at (0,0) size 3x11
                RenderText {#text} at (0,0) size 3x11
                  text run at (0,0) width 3: " "
            RenderTableCell {TD} at (384,165) size 9x11 [bgcolor=#FDFDFB] [r=15 c=49 rs=1 cs=1]
              RenderInline {FONT} at (0,0) size 3x11
                RenderText {#text} at (0,0) size 3x11
                  text run at (0,0) width 3: " "
            RenderTableCell {TD} at (392,165) size 9x11 [bgcolor=#848788] [r=15 c=50 rs=1 cs=1]
              RenderInline {FONT} at (0,0) size 3x11
                RenderText {#text} at (0,0) size 3x11
                  text run at (0,0) width 3: " "
            RenderTableCell {TD} at (400,165) size 8x11 [bgcolor=#072323] [r=15 c=51 rs=1 cs=1]
              RenderInline {FONT} at (0,0) size 3x11
                RenderText {#text} at (0,0) size 3x11
                  text run at (0,0) width 3: " "
            RenderTableCell {TD} at (407,165) size 9x11 [bgcolor=#3D4242] [r=15 c=52 rs=1 cs=1]
              RenderInline {FONT} at (0,0) size 3x11
                RenderText {#text} at (0,0) size 3x11
                  text run at (0,0) width 3: " "
            RenderTableCell {TD} at (415,165) size 9x11 [bgcolor=#696A69] [r=15 c=53 rs=1 cs=1]
              RenderInline {FONT} at (0,0) size 3x11
                RenderText {#text} at (0,0) size 3x11
                  text run at (0,0) width 3: " "
            RenderTableCell {TD} at (423,165) size 9x11 [bgcolor=#848788] [r=15 c=54 rs=1 cs=1]
              RenderInline {FONT} at (0,0) size 3x11
                RenderText {#text} at (0,0) size 3x11
                  text run at (0,0) width 3: " "
            RenderTableCell {TD} at (431,165) size 9x11 [bgcolor=#939494] [r=15 c=55 rs=1 cs=1]
              RenderInline {FONT} at (0,0) size 3x11
                RenderText {#text} at (0,0) size 3x11
                  text run at (0,0) width 3: " "
            RenderTableCell {TD} at (439,165) size 9x11 [bgcolor=#B4B4B4] [r=15 c=56 rs=1 cs=1]
              RenderInline {FONT} at (0,0) size 3x11
                RenderText {#text} at (0,0) size 3x11
                  text run at (0,0) width 3: " "
            RenderTableCell {TD} at (447,165) size 8x11 [bgcolor=#FDFDFB] [r=15 c=57 rs=1 cs=1]
              RenderInline {FONT} at (0,0) size 3x11
                RenderText {#text} at (0,0) size 3x11
                  text run at (0,0) width 3: " "
            RenderTableCell {TD} at (454,165) size 9x11 [bgcolor=#FDFDFB] [r=15 c=58 rs=1 cs=1]
              RenderInline {FONT} at (0,0) size 3x11
                RenderText {#text} at (0,0) size 3x11
                  text run at (0,0) width 3: " "
            RenderTableCell {TD} at (462,165) size 9x11 [bgcolor=#2D3433] [r=15 c=59 rs=1 cs=1]
              RenderInline {FONT} at (0,0) size 3x11
                RenderText {#text} at (0,0) size 3x11
                  text run at (0,0) width 3: " "
            RenderTableCell {TD} at (470,165) size 9x11 [bgcolor=#287A7A] [r=15 c=60 rs=1 cs=1]
              RenderInline {FONT} at (0,0) size 3x11
                RenderText {#text} at (0,0) size 3x11
                  text run at (0,0) width 3: " "
            RenderTableCell {TD} at (478,165) size 9x11 [bgcolor=#027777] [r=15 c=61 rs=1 cs=1]
              RenderInline {FONT} at (0,0) size 3x11
                RenderText {#text} at (0,0) size 3x11
                  text run at (0,0) width 3: " "
            RenderTableCell {TD} at (486,165) size 9x11 [bgcolor=#B6D8D7] [r=15 c=62 rs=1 cs=1]
              RenderInline {FONT} at (0,0) size 3x11
                RenderText {#text} at (0,0) size 3x11
                  text run at (0,0) width 3: " "
            RenderTableCell {TD} at (494,165) size 8x11 [bgcolor=#FDFDFB] [r=15 c=63 rs=1 cs=1]
              RenderInline {FONT} at (0,0) size 3x11
                RenderText {#text} at (0,0) size 3x11
                  text run at (0,0) width 3: " "
            RenderTableCell {TD} at (502,165) size 8x11 [bgcolor=#91A3A3] [r=15 c=64 rs=1 cs=1]
              RenderInline {FONT} at (0,0) size 3x11
                RenderText {#text} at (0,0) size 3x11
                  text run at (0,0) width 3: " "
            RenderTableCell {TD} at (509,165) size 9x11 [bgcolor=#1A6B6A] [r=15 c=65 rs=1 cs=1]
              RenderInline {FONT} at (0,0) size 3x11
                RenderText {#text} at (0,0) size 3x11
                  text run at (0,0) width 3: " "
            RenderTableCell {TD} at (517,165) size 9x11 [bgcolor=#026766] [r=15 c=66 rs=1 cs=1]
              RenderInline {FONT} at (0,0) size 3x11
                RenderText {#text} at (0,0) size 3x11
                  text run at (0,0) width 3: " "
            RenderTableCell {TD} at (525,165) size 9x11 [bgcolor=#026766] [r=15 c=67 rs=1 cs=1]
              RenderInline {FONT} at (0,0) size 3x11
                RenderText {#text} at (0,0) size 3x11
                  text run at (0,0) width 3: " "
            RenderTableCell {TD} at (533,165) size 9x11 [bgcolor=#026766] [r=15 c=68 rs=1 cs=1]
              RenderInline {FONT} at (0,0) size 3x11
                RenderText {#text} at (0,0) size 3x11
                  text run at (0,0) width 3: " "
            RenderTableCell {TD} at (541,165) size 9x11 [bgcolor=#1A6B6A] [r=15 c=69 rs=1 cs=1]
              RenderInline {FONT} at (0,0) size 3x11
                RenderText {#text} at (0,0) size 3x11
                  text run at (0,0) width 3: " "
            RenderTableCell {TD} at (549,165) size 8x11 [bgcolor=#8DB7B6] [r=15 c=70 rs=1 cs=1]
              RenderInline {FONT} at (0,0) size 3x11
                RenderText {#text} at (0,0) size 3x11
                  text run at (0,0) width 3: " "
            RenderTableCell {TD} at (556,165) size 9x11 [bgcolor=#FDFDFB] [r=15 c=71 rs=1 cs=1]
              RenderInline {FONT} at (0,0) size 3x11
                RenderText {#text} at (0,0) size 3x11
                  text run at (0,0) width 3: " "
            RenderTableCell {TD} at (564,165) size 9x11 [bgcolor=#FDFDFB] [r=15 c=72 rs=1 cs=1]
              RenderInline {FONT} at (0,0) size 3x11
                RenderText {#text} at (0,0) size 3x11
                  text run at (0,0) width 3: " "
            RenderTableCell {TD} at (572,165) size 9x11 [bgcolor=#4D4F4F] [r=15 c=73 rs=1 cs=1]
              RenderInline {FONT} at (0,0) size 3x11
                RenderText {#text} at (0,0) size 3x11
                  text run at (0,0) width 3: " "
            RenderTableCell {TD} at (580,165) size 9x11 [bgcolor=#5E5F60] [r=15 c=74 rs=1 cs=1]
              RenderInline {FONT} at (0,0) size 3x11
                RenderText {#text} at (0,0) size 3x11
                  text run at (0,0) width 3: " "
            RenderTableCell {TD} at (588,165) size 9x11 [bgcolor=#848788] [r=15 c=75 rs=1 cs=1]
              RenderInline {FONT} at (0,0) size 3x11
                RenderText {#text} at (0,0) size 3x11
                  text run at (0,0) width 3: " "
            RenderTableCell {TD} at (596,165) size 8x11 [bgcolor=#CECFCF] [r=15 c=76 rs=1 cs=1]
              RenderInline {FONT} at (0,0) size 3x11
                RenderText {#text} at (0,0) size 3x11
                  text run at (0,0) width 3: " "
            RenderTableCell {TD} at (603,165) size 9x11 [bgcolor=#FDFDFB] [r=15 c=77 rs=1 cs=1]
              RenderInline {FONT} at (0,0) size 3x11
                RenderText {#text} at (0,0) size 3x11
                  text run at (0,0) width 3: " "
            RenderTableCell {TD} at (611,165) size 9x11 [bgcolor=#A2B5B4] [r=15 c=78 rs=1 cs=1]
              RenderInline {FONT} at (0,0) size 3x11
                RenderText {#text} at (0,0) size 3x11
                  text run at (0,0) width 3: " "
            RenderTableCell {TD} at (619,165) size 9x11 [bgcolor=#1B8685] [r=15 c=79 rs=1 cs=1]
              RenderInline {FONT} at (0,0) size 3x11
                RenderText {#text} at (0,0) size 3x11
                  text run at (0,0) width 3: " "
            RenderTableCell {TD} at (627,165) size 9x11 [bgcolor=#026766] [r=15 c=80 rs=1 cs=1]
              RenderInline {FONT} at (0,0) size 3x11
                RenderText {#text} at (0,0) size 3x11
                  text run at (0,0) width 3: " "
            RenderTableCell {TD} at (635,165) size 9x11 [bgcolor=#026766] [r=15 c=81 rs=1 cs=1]
              RenderInline {FONT} at (0,0) size 3x11
                RenderText {#text} at (0,0) size 3x11
                  text run at (0,0) width 3: " "
            RenderTableCell {TD} at (643,165) size 9x11 [bgcolor=#026766] [r=15 c=82 rs=1 cs=1]
              RenderInline {FONT} at (0,0) size 3x11
                RenderText {#text} at (0,0) size 3x11
                  text run at (0,0) width 3: " "
            RenderTableCell {TD} at (651,165) size 8x11 [bgcolor=#026766] [r=15 c=83 rs=1 cs=1]
              RenderInline {FONT} at (0,0) size 3x11
                RenderText {#text} at (0,0) size 3x11
                  text run at (0,0) width 3: " "
            RenderTableCell {TD} at (658,165) size 9x11 [bgcolor=#338686] [r=15 c=84 rs=1 cs=1]
              RenderInline {FONT} at (0,0) size 3x11
                RenderText {#text} at (0,0) size 3x11
                  text run at (0,0) width 3: " "
            RenderTableCell {TD} at (666,165) size 9x11 [bgcolor=#E0EAE9] [r=15 c=85 rs=1 cs=1]
              RenderInline {FONT} at (0,0) size 3x11
                RenderText {#text} at (0,0) size 3x11
                  text run at (0,0) width 3: " "
            RenderTableCell {TD} at (674,165) size 9x11 [bgcolor=#EDEEEF] [r=15 c=86 rs=1 cs=1]
              RenderInline {FONT} at (0,0) size 3x11
                RenderText {#text} at (0,0) size 3x11
                  text run at (0,0) width 3: " "
            RenderTableCell {TD} at (682,165) size 9x11 [bgcolor=#515C5B] [r=15 c=87 rs=1 cs=1]
              RenderInline {FONT} at (0,0) size 3x11
                RenderText {#text} at (0,0) size 3x11
                  text run at (0,0) width 3: " "
            RenderTableCell {TD} at (690,165) size 9x11 [bgcolor=#044140] [r=15 c=88 rs=1 cs=1]
              RenderInline {FONT} at (0,0) size 3x11
                RenderText {#text} at (0,0) size 3x11
                  text run at (0,0) width 3: " "
            RenderTableCell {TD} at (698,165) size 8x11 [bgcolor=#026766] [r=15 c=89 rs=1 cs=1]
              RenderInline {FONT} at (0,0) size 3x11
                RenderText {#text} at (0,0) size 3x11
                  text run at (0,0) width 3: " "
            RenderTableCell {TD} at (705,165) size 9x11 [bgcolor=#338686] [r=15 c=90 rs=1 cs=1]
              RenderInline {FONT} at (0,0) size 3x11
                RenderText {#text} at (0,0) size 3x11
                  text run at (0,0) width 3: " "
            RenderTableCell {TD} at (713,165) size 9x11 [bgcolor=#EDEEEF] [r=15 c=91 rs=1 cs=1]
              RenderInline {FONT} at (0,0) size 3x11
                RenderText {#text} at (0,0) size 3x11
                  text run at (0,0) width 3: " "
            RenderTableCell {TD} at (721,165) size 9x11 [bgcolor=#FDFDFB] [r=15 c=92 rs=1 cs=1]
              RenderInline {FONT} at (0,0) size 3x11
                RenderText {#text} at (0,0) size 3x11
                  text run at (0,0) width 3: " "
            RenderTableCell {TD} at (729,165) size 9x11 [bgcolor=#2D3433] [r=15 c=93 rs=1 cs=1]
              RenderInline {FONT} at (0,0) size 3x11
                RenderText {#text} at (0,0) size 3x11
                  text run at (0,0) width 3: " "
            RenderTableCell {TD} at (737,165) size 9x11 [bgcolor=#223C3D] [r=15 c=94 rs=1 cs=1]
              RenderInline {FONT} at (0,0) size 3x11
                RenderText {#text} at (0,0) size 3x11
                  text run at (0,0) width 3: " "
            RenderTableCell {TD} at (745,165) size 8x11 [bgcolor=#5E5F60] [r=15 c=95 rs=1 cs=1]
              RenderInline {FONT} at (0,0) size 3x11
                RenderText {#text} at (0,0) size 3x11
                  text run at (0,0) width 3: " "
            RenderTableCell {TD} at (753,165) size 8x11 [bgcolor=#777878] [r=15 c=96 rs=1 cs=1]
              RenderInline {FONT} at (0,0) size 3x11
                RenderText {#text} at (0,0) size 3x11
                  text run at (0,0) width 3: " "
            RenderTableCell {TD} at (760,165) size 9x11 [bgcolor=#848788] [r=15 c=97 rs=1 cs=1]
              RenderInline {FONT} at (0,0) size 3x11
                RenderText {#text} at (0,0) size 3x11
                  text run at (0,0) width 3: " "
            RenderTableCell {TD} at (768,165) size 9x11 [bgcolor=#777878] [r=15 c=98 rs=1 cs=1]
              RenderInline {FONT} at (0,0) size 3x11
                RenderText {#text} at (0,0) size 3x11
                  text run at (0,0) width 3: " "
            RenderTableCell {TD} at (776,165) size 9x11 [bgcolor=#4D4F4F] [r=15 c=99 rs=1 cs=1]
              RenderInline {FONT} at (0,0) size 3x11
                RenderText {#text} at (0,0) size 3x11
                  text run at (0,0) width 3: " "
          RenderTableRow {TR} at (0,176) size 784x11
            RenderTableCell {TD} at (0,176) size 8x11 [bgcolor=#FDFDFB] [r=16 c=0 rs=1 cs=1]
              RenderInline {FONT} at (0,0) size 3x11
                RenderText {#text} at (0,0) size 3x11
                  text run at (0,0) width 3: " "
            RenderTableCell {TD} at (7,176) size 9x11 [bgcolor=#7CAEAF] [r=16 c=1 rs=1 cs=1]
              RenderInline {FONT} at (0,0) size 3x11
                RenderText {#text} at (0,0) size 3x11
                  text run at (0,0) width 3: " "
            RenderTableCell {TD} at (15,176) size 9x11 [bgcolor=#469191] [r=16 c=2 rs=1 cs=1]
              RenderInline {FONT} at (0,0) size 3x11
                RenderText {#text} at (0,0) size 3x11
                  text run at (0,0) width 3: " "
            RenderTableCell {TD} at (23,176) size 9x11 [bgcolor=#EDEEEF] [r=16 c=3 rs=1 cs=1]
              RenderInline {FONT} at (0,0) size 3x11
                RenderText {#text} at (0,0) size 3x11
                  text run at (0,0) width 3: " "
            RenderTableCell {TD} at (31,176) size 9x11 [bgcolor=#FDFDFB] [r=16 c=4 rs=1 cs=1]
              RenderInline {FONT} at (0,0) size 3x11
                RenderText {#text} at (0,0) size 3x11
                  text run at (0,0) width 3: " "
            RenderTableCell {TD} at (39,176) size 9x11 [bgcolor=#A4CCCC] [r=16 c=5 rs=1 cs=1]
              RenderInline {FONT} at (0,0) size 3x11
                RenderText {#text} at (0,0) size 3x11
                  text run at (0,0) width 3: " "
            RenderTableCell {TD} at (47,176) size 8x11 [bgcolor=#7CAEAF] [r=16 c=6 rs=1 cs=1]
              RenderInline {FONT} at (0,0) size 3x11
                RenderText {#text} at (0,0) size 3x11
                  text run at (0,0) width 3: " "
            RenderTableCell {TD} at (54,176) size 9x11 [bgcolor=#60A2A3] [r=16 c=7 rs=1 cs=1]
              RenderInline {FONT} at (0,0) size 3x11
                RenderText {#text} at (0,0) size 3x11
                  text run at (0,0) width 3: " "
            RenderTableCell {TD} at (62,176) size 9x11 [bgcolor=#72A3A1] [r=16 c=8 rs=1 cs=1]
              RenderInline {FONT} at (0,0) size 3x11
                RenderText {#text} at (0,0) size 3x11
                  text run at (0,0) width 3: " "
            RenderTableCell {TD} at (70,176) size 9x11 [bgcolor=#97C1C0] [r=16 c=9 rs=1 cs=1]
              RenderInline {FONT} at (0,0) size 3x11
                RenderText {#text} at (0,0) size 3x11
                  text run at (0,0) width 3: " "
            RenderTableCell {TD} at (78,176) size 9x11 [bgcolor=#E0EAE9] [r=16 c=10 rs=1 cs=1]
              RenderInline {FONT} at (0,0) size 3x11
                RenderText {#text} at (0,0) size 3x11
                  text run at (0,0) width 3: " "
            RenderTableCell {TD} at (86,176) size 9x11 [bgcolor=#EDEEEF] [r=16 c=11 rs=1 cs=1]
              RenderInline {FONT} at (0,0) size 3x11
                RenderText {#text} at (0,0) size 3x11
                  text run at (0,0) width 3: " "
            RenderTableCell {TD} at (94,176) size 8x11 [bgcolor=#696A69] [r=16 c=12 rs=1 cs=1]
              RenderInline {FONT} at (0,0) size 3x11
                RenderText {#text} at (0,0) size 3x11
                  text run at (0,0) width 3: " "
            RenderTableCell {TD} at (101,176) size 9x11 [bgcolor=#072323] [r=16 c=13 rs=1 cs=1]
              RenderInline {FONT} at (0,0) size 3x11
                RenderText {#text} at (0,0) size 3x11
                  text run at (0,0) width 3: " "
            RenderTableCell {TD} at (109,176) size 9x11 [bgcolor=#223C3D] [r=16 c=14 rs=1 cs=1]
              RenderInline {FONT} at (0,0) size 3x11
                RenderText {#text} at (0,0) size 3x11
                  text run at (0,0) width 3: " "
            RenderTableCell {TD} at (117,176) size 9x11 [bgcolor=#848788] [r=16 c=15 rs=1 cs=1]
              RenderInline {FONT} at (0,0) size 3x11
                RenderText {#text} at (0,0) size 3x11
                  text run at (0,0) width 3: " "
            RenderTableCell {TD} at (125,176) size 9x11 [bgcolor=#FDFDFB] [r=16 c=16 rs=1 cs=1]
              RenderInline {FONT} at (0,0) size 3x11
                RenderText {#text} at (0,0) size 3x11
                  text run at (0,0) width 3: " "
            RenderTableCell {TD} at (133,176) size 9x11 [bgcolor=#FDFDFB] [r=16 c=17 rs=1 cs=1]
              RenderInline {FONT} at (0,0) size 3x11
                RenderText {#text} at (0,0) size 3x11
                  text run at (0,0) width 3: " "
            RenderTableCell {TD} at (141,176) size 9x11 [bgcolor=#2D3433] [r=16 c=18 rs=1 cs=1]
              RenderInline {FONT} at (0,0) size 3x11
                RenderText {#text} at (0,0) size 3x11
                  text run at (0,0) width 3: " "
            RenderTableCell {TD} at (149,176) size 8x11 [bgcolor=#1E7A79] [r=16 c=19 rs=1 cs=1]
              RenderInline {FONT} at (0,0) size 3x11
                RenderText {#text} at (0,0) size 3x11
                  text run at (0,0) width 3: " "
            RenderTableCell {TD} at (156,176) size 9x11 [bgcolor=#1B8685] [r=16 c=20 rs=1 cs=1]
              RenderInline {FONT} at (0,0) size 3x11
                RenderText {#text} at (0,0) size 3x11
                  text run at (0,0) width 3: " "
            RenderTableCell {TD} at (164,176) size 9x11 [bgcolor=#CADEDD] [r=16 c=21 rs=1 cs=1]
              RenderInline {FONT} at (0,0) size 3x11
                RenderText {#text} at (0,0) size 3x11
                  text run at (0,0) width 3: " "
            RenderTableCell {TD} at (172,176) size 9x11 [bgcolor=#FDFDFB] [r=16 c=22 rs=1 cs=1]
              RenderInline {FONT} at (0,0) size 3x11
                RenderText {#text} at (0,0) size 3x11
                  text run at (0,0) width 3: " "
            RenderTableCell {TD} at (180,176) size 9x11 [bgcolor=#B6D0D1] [r=16 c=23 rs=1 cs=1]
              RenderInline {FONT} at (0,0) size 3x11
                RenderText {#text} at (0,0) size 3x11
                  text run at (0,0) width 3: " "
            RenderTableCell {TD} at (188,176) size 9x11 [bgcolor=#7CAEAF] [r=16 c=24 rs=1 cs=1]
              RenderInline {FONT} at (0,0) size 3x11
                RenderText {#text} at (0,0) size 3x11
                  text run at (0,0) width 3: " "
            RenderTableCell {TD} at (196,176) size 8x11 [bgcolor=#60A2A3] [r=16 c=25 rs=1 cs=1]
              RenderInline {FONT} at (0,0) size 3x11
                RenderText {#text} at (0,0) size 3x11
                  text run at (0,0) width 3: " "
            RenderTableCell {TD} at (203,176) size 9x11 [bgcolor=#7CAEAF] [r=16 c=26 rs=1 cs=1]
              RenderInline {FONT} at (0,0) size 3x11
                RenderText {#text} at (0,0) size 3x11
                  text run at (0,0) width 3: " "
            RenderTableCell {TD} at (211,176) size 9x11 [bgcolor=#A4CCCC] [r=16 c=27 rs=1 cs=1]
              RenderInline {FONT} at (0,0) size 3x11
                RenderText {#text} at (0,0) size 3x11
                  text run at (0,0) width 3: " "
            RenderTableCell {TD} at (219,176) size 9x11 [bgcolor=#DEDFDF] [r=16 c=28 rs=1 cs=1]
              RenderInline {FONT} at (0,0) size 3x11
                RenderText {#text} at (0,0) size 3x11
                  text run at (0,0) width 3: " "
            RenderTableCell {TD} at (227,176) size 9x11 [bgcolor=#BEC2C2] [r=16 c=29 rs=1 cs=1]
              RenderInline {FONT} at (0,0) size 3x11
                RenderText {#text} at (0,0) size 3x11
                  text run at (0,0) width 3: " "
            RenderTableCell {TD} at (235,176) size 9x11 [bgcolor=#FDFDFB] [r=16 c=30 rs=1 cs=1]
              RenderInline {FONT} at (0,0) size 3x11
                RenderText {#text} at (0,0) size 3x11
                  text run at (0,0) width 3: " "
            RenderTableCell {TD} at (243,176) size 8x11 [bgcolor=#DEDFDF] [r=16 c=31 rs=1 cs=1]
              RenderInline {FONT} at (0,0) size 3x11
                RenderText {#text} at (0,0) size 3x11
                  text run at (0,0) width 3: " "
            RenderTableCell {TD} at (251,176) size 8x11 [bgcolor=#939494] [r=16 c=32 rs=1 cs=1]
              RenderInline {FONT} at (0,0) size 3x11
                RenderText {#text} at (0,0) size 3x11
                  text run at (0,0) width 3: " "
            RenderTableCell {TD} at (258,176) size 9x11 [bgcolor=#696A69] [r=16 c=33 rs=1 cs=1]
              RenderInline {FONT} at (0,0) size 3x11
                RenderText {#text} at (0,0) size 3x11
                  text run at (0,0) width 3: " "
            RenderTableCell {TD} at (266,176) size 9x11 [bgcolor=#848788] [r=16 c=34 rs=1 cs=1]
              RenderInline {FONT} at (0,0) size 3x11
                RenderText {#text} at (0,0) size 3x11
                  text run at (0,0) width 3: " "
            RenderTableCell {TD} at (274,176) size 9x11 [bgcolor=#CECFCF] [r=16 c=35 rs=1 cs=1]
              RenderInline {FONT} at (0,0) size 3x11
                RenderText {#text} at (0,0) size 3x11
                  text run at (0,0) width 3: " "
            RenderTableCell {TD} at (282,176) size 9x11 [bgcolor=#FDFDFB] [r=16 c=36 rs=1 cs=1]
              RenderInline {FONT} at (0,0) size 3x11
                RenderText {#text} at (0,0) size 3x11
                  text run at (0,0) width 3: " "
            RenderTableCell {TD} at (290,176) size 9x11 [bgcolor=#DEDFDF] [r=16 c=37 rs=1 cs=1]
              RenderInline {FONT} at (0,0) size 3x11
                RenderText {#text} at (0,0) size 3x11
                  text run at (0,0) width 3: " "
            RenderTableCell {TD} at (298,176) size 8x11 [bgcolor=#8DB7B6] [r=16 c=38 rs=1 cs=1]
              RenderInline {FONT} at (0,0) size 3x11
                RenderText {#text} at (0,0) size 3x11
                  text run at (0,0) width 3: " "
            RenderTableCell {TD} at (305,176) size 9x11 [bgcolor=#72A3A1] [r=16 c=39 rs=1 cs=1]
              RenderInline {FONT} at (0,0) size 3x11
                RenderText {#text} at (0,0) size 3x11
                  text run at (0,0) width 3: " "
            RenderTableCell {TD} at (313,176) size 9x11 [bgcolor=#60A2A3] [r=16 c=40 rs=1 cs=1]
              RenderInline {FONT} at (0,0) size 3x11
                RenderText {#text} at (0,0) size 3x11
                  text run at (0,0) width 3: " "
            RenderTableCell {TD} at (321,176) size 9x11 [bgcolor=#7CAEAF] [r=16 c=41 rs=1 cs=1]
              RenderInline {FONT} at (0,0) size 3x11
                RenderText {#text} at (0,0) size 3x11
                  text run at (0,0) width 3: " "
            RenderTableCell {TD} at (329,176) size 9x11 [bgcolor=#B6D8D7] [r=16 c=42 rs=1 cs=1]
              RenderInline {FONT} at (0,0) size 3x11
                RenderText {#text} at (0,0) size 3x11
                  text run at (0,0) width 3: " "
            RenderTableCell {TD} at (337,176) size 9x11 [bgcolor=#FDFDFB] [r=16 c=43 rs=1 cs=1]
              RenderInline {FONT} at (0,0) size 3x11
                RenderText {#text} at (0,0) size 3x11
                  text run at (0,0) width 3: " "
            RenderTableCell {TD} at (345,176) size 8x11 [bgcolor=#B4B4B4] [r=16 c=44 rs=1 cs=1]
              RenderInline {FONT} at (0,0) size 3x11
                RenderText {#text} at (0,0) size 3x11
                  text run at (0,0) width 3: " "
            RenderTableCell {TD} at (352,176) size 9x11 [bgcolor=#1C2524] [r=16 c=45 rs=1 cs=1]
              RenderInline {FONT} at (0,0) size 3x11
                RenderText {#text} at (0,0) size 3x11
                  text run at (0,0) width 3: " "
            RenderTableCell {TD} at (360,176) size 9x11 [bgcolor=#025E5E] [r=16 c=46 rs=1 cs=1]
              RenderInline {FONT} at (0,0) size 3x11
                RenderText {#text} at (0,0) size 3x11
                  text run at (0,0) width 3: " "
            RenderTableCell {TD} at (368,176) size 9x11 [bgcolor=#1A6B6A] [r=16 c=47 rs=1 cs=1]
              RenderInline {FONT} at (0,0) size 3x11
                RenderText {#text} at (0,0) size 3x11
                  text run at (0,0) width 3: " "
            RenderTableCell {TD} at (376,176) size 9x11 [bgcolor=#B6D0D1] [r=16 c=48 rs=1 cs=1]
              RenderInline {FONT} at (0,0) size 3x11
                RenderText {#text} at (0,0) size 3x11
                  text run at (0,0) width 3: " "
            RenderTableCell {TD} at (384,176) size 9x11 [bgcolor=#FDFDFB] [r=16 c=49 rs=1 cs=1]
              RenderInline {FONT} at (0,0) size 3x11
                RenderText {#text} at (0,0) size 3x11
                  text run at (0,0) width 3: " "
            RenderTableCell {TD} at (392,176) size 9x11 [bgcolor=#848788] [r=16 c=50 rs=1 cs=1]
              RenderInline {FONT} at (0,0) size 3x11
                RenderText {#text} at (0,0) size 3x11
                  text run at (0,0) width 3: " "
            RenderTableCell {TD} at (400,176) size 8x11 [bgcolor=#072323] [r=16 c=51 rs=1 cs=1]
              RenderInline {FONT} at (0,0) size 3x11
                RenderText {#text} at (0,0) size 3x11
                  text run at (0,0) width 3: " "
            RenderTableCell {TD} at (407,176) size 9x11 [bgcolor=#3D4242] [r=16 c=52 rs=1 cs=1]
              RenderInline {FONT} at (0,0) size 3x11
                RenderText {#text} at (0,0) size 3x11
                  text run at (0,0) width 3: " "
            RenderTableCell {TD} at (415,176) size 9x11 [bgcolor=#696A69] [r=16 c=53 rs=1 cs=1]
              RenderInline {FONT} at (0,0) size 3x11
                RenderText {#text} at (0,0) size 3x11
                  text run at (0,0) width 3: " "
            RenderTableCell {TD} at (423,176) size 9x11 [bgcolor=#848788] [r=16 c=54 rs=1 cs=1]
              RenderInline {FONT} at (0,0) size 3x11
                RenderText {#text} at (0,0) size 3x11
                  text run at (0,0) width 3: " "
            RenderTableCell {TD} at (431,176) size 9x11 [bgcolor=#939494] [r=16 c=55 rs=1 cs=1]
              RenderInline {FONT} at (0,0) size 3x11
                RenderText {#text} at (0,0) size 3x11
                  text run at (0,0) width 3: " "
            RenderTableCell {TD} at (439,176) size 9x11 [bgcolor=#B4B4B4] [r=16 c=56 rs=1 cs=1]
              RenderInline {FONT} at (0,0) size 3x11
                RenderText {#text} at (0,0) size 3x11
                  text run at (0,0) width 3: " "
            RenderTableCell {TD} at (447,176) size 8x11 [bgcolor=#FDFDFB] [r=16 c=57 rs=1 cs=1]
              RenderInline {FONT} at (0,0) size 3x11
                RenderText {#text} at (0,0) size 3x11
                  text run at (0,0) width 3: " "
            RenderTableCell {TD} at (454,176) size 9x11 [bgcolor=#FDFDFB] [r=16 c=58 rs=1 cs=1]
              RenderInline {FONT} at (0,0) size 3x11
                RenderText {#text} at (0,0) size 3x11
                  text run at (0,0) width 3: " "
            RenderTableCell {TD} at (462,176) size 9x11 [bgcolor=#2D3433] [r=16 c=59 rs=1 cs=1]
              RenderInline {FONT} at (0,0) size 3x11
                RenderText {#text} at (0,0) size 3x11
                  text run at (0,0) width 3: " "
            RenderTableCell {TD} at (470,176) size 9x11 [bgcolor=#447877] [r=16 c=60 rs=1 cs=1]
              RenderInline {FONT} at (0,0) size 3x11
                RenderText {#text} at (0,0) size 3x11
                  text run at (0,0) width 3: " "
            RenderTableCell {TD} at (478,176) size 9x11 [bgcolor=#027777] [r=16 c=61 rs=1 cs=1]
              RenderInline {FONT} at (0,0) size 3x11
                RenderText {#text} at (0,0) size 3x11
                  text run at (0,0) width 3: " "
            RenderTableCell {TD} at (486,176) size 9x11 [bgcolor=#338686] [r=16 c=62 rs=1 cs=1]
              RenderInline {FONT} at (0,0) size 3x11
                RenderText {#text} at (0,0) size 3x11
                  text run at (0,0) width 3: " "
            RenderTableCell {TD} at (494,176) size 8x11 [bgcolor=#B6D0D1] [r=16 c=63 rs=1 cs=1]
              RenderInline {FONT} at (0,0) size 3x11
                RenderText {#text} at (0,0) size 3x11
                  text run at (0,0) width 3: " "
            RenderTableCell {TD} at (502,176) size 8x11 [bgcolor=#FDFDFB] [r=16 c=64 rs=1 cs=1]
              RenderInline {FONT} at (0,0) size 3x11
                RenderText {#text} at (0,0) size 3x11
                  text run at (0,0) width 3: " "
            RenderTableCell {TD} at (509,176) size 9x11 [bgcolor=#B6D0D1] [r=16 c=65 rs=1 cs=1]
              RenderInline {FONT} at (0,0) size 3x11
                RenderText {#text} at (0,0) size 3x11
                  text run at (0,0) width 3: " "
            RenderTableCell {TD} at (517,176) size 9x11 [bgcolor=#7CAEAF] [r=16 c=66 rs=1 cs=1]
              RenderInline {FONT} at (0,0) size 3x11
                RenderText {#text} at (0,0) size 3x11
                  text run at (0,0) width 3: " "
            RenderTableCell {TD} at (525,176) size 9x11 [bgcolor=#60A2A3] [r=16 c=67 rs=1 cs=1]
              RenderInline {FONT} at (0,0) size 3x11
                RenderText {#text} at (0,0) size 3x11
                  text run at (0,0) width 3: " "
            RenderTableCell {TD} at (533,176) size 9x11 [bgcolor=#7CAEAF] [r=16 c=68 rs=1 cs=1]
              RenderInline {FONT} at (0,0) size 3x11
                RenderText {#text} at (0,0) size 3x11
                  text run at (0,0) width 3: " "
            RenderTableCell {TD} at (541,176) size 9x11 [bgcolor=#CADEDD] [r=16 c=69 rs=1 cs=1]
              RenderInline {FONT} at (0,0) size 3x11
                RenderText {#text} at (0,0) size 3x11
                  text run at (0,0) width 3: " "
            RenderTableCell {TD} at (549,176) size 8x11 [bgcolor=#DEDFDF] [r=16 c=70 rs=1 cs=1]
              RenderInline {FONT} at (0,0) size 3x11
                RenderText {#text} at (0,0) size 3x11
                  text run at (0,0) width 3: " "
            RenderTableCell {TD} at (556,176) size 9x11 [bgcolor=#DEDFDF] [r=16 c=71 rs=1 cs=1]
              RenderInline {FONT} at (0,0) size 3x11
                RenderText {#text} at (0,0) size 3x11
                  text run at (0,0) width 3: " "
            RenderTableCell {TD} at (564,176) size 9x11 [bgcolor=#FDFDFB] [r=16 c=72 rs=1 cs=1]
              RenderInline {FONT} at (0,0) size 3x11
                RenderText {#text} at (0,0) size 3x11
                  text run at (0,0) width 3: " "
            RenderTableCell {TD} at (572,176) size 9x11 [bgcolor=#4D4F4F] [r=16 c=73 rs=1 cs=1]
              RenderInline {FONT} at (0,0) size 3x11
                RenderText {#text} at (0,0) size 3x11
                  text run at (0,0) width 3: " "
            RenderTableCell {TD} at (580,176) size 9x11 [bgcolor=#5E5F60] [r=16 c=74 rs=1 cs=1]
              RenderInline {FONT} at (0,0) size 3x11
                RenderText {#text} at (0,0) size 3x11
                  text run at (0,0) width 3: " "
            RenderTableCell {TD} at (588,176) size 9x11 [bgcolor=#848788] [r=16 c=75 rs=1 cs=1]
              RenderInline {FONT} at (0,0) size 3x11
                RenderText {#text} at (0,0) size 3x11
                  text run at (0,0) width 3: " "
            RenderTableCell {TD} at (596,176) size 8x11 [bgcolor=#939494] [r=16 c=76 rs=1 cs=1]
              RenderInline {FONT} at (0,0) size 3x11
                RenderText {#text} at (0,0) size 3x11
                  text run at (0,0) width 3: " "
            RenderTableCell {TD} at (603,176) size 9x11 [bgcolor=#BEC2C2] [r=16 c=77 rs=1 cs=1]
              RenderInline {FONT} at (0,0) size 3x11
                RenderText {#text} at (0,0) size 3x11
                  text run at (0,0) width 3: " "
            RenderTableCell {TD} at (611,176) size 9x11 [bgcolor=#FDFDFB] [r=16 c=78 rs=1 cs=1]
              RenderInline {FONT} at (0,0) size 3x11
                RenderText {#text} at (0,0) size 3x11
                  text run at (0,0) width 3: " "
            RenderTableCell {TD} at (619,176) size 9x11 [bgcolor=#CADEDD] [r=16 c=79 rs=1 cs=1]
              RenderInline {FONT} at (0,0) size 3x11
                RenderText {#text} at (0,0) size 3x11
                  text run at (0,0) width 3: " "
            RenderTableCell {TD} at (627,176) size 9x11 [bgcolor=#8DB7B6] [r=16 c=80 rs=1 cs=1]
              RenderInline {FONT} at (0,0) size 3x11
                RenderText {#text} at (0,0) size 3x11
                  text run at (0,0) width 3: " "
            RenderTableCell {TD} at (635,176) size 9x11 [bgcolor=#72A3A1] [r=16 c=81 rs=1 cs=1]
              RenderInline {FONT} at (0,0) size 3x11
                RenderText {#text} at (0,0) size 3x11
                  text run at (0,0) width 3: " "
            RenderTableCell {TD} at (643,176) size 9x11 [bgcolor=#72A3A1] [r=16 c=82 rs=1 cs=1]
              RenderInline {FONT} at (0,0) size 3x11
                RenderText {#text} at (0,0) size 3x11
                  text run at (0,0) width 3: " "
            RenderTableCell {TD} at (651,176) size 8x11 [bgcolor=#97C1C0] [r=16 c=83 rs=1 cs=1]
              RenderInline {FONT} at (0,0) size 3x11
                RenderText {#text} at (0,0) size 3x11
                  text run at (0,0) width 3: " "
            RenderTableCell {TD} at (658,176) size 9x11 [bgcolor=#EDEEEF] [r=16 c=84 rs=1 cs=1]
              RenderInline {FONT} at (0,0) size 3x11
                RenderText {#text} at (0,0) size 3x11
                  text run at (0,0) width 3: " "
            RenderTableCell {TD} at (666,176) size 9x11 [bgcolor=#DEDFDF] [r=16 c=85 rs=1 cs=1]
              RenderInline {FONT} at (0,0) size 3x11
                RenderText {#text} at (0,0) size 3x11
                  text run at (0,0) width 3: " "
            RenderTableCell {TD} at (674,176) size 9x11 [bgcolor=#696A69] [r=16 c=86 rs=1 cs=1]
              RenderInline {FONT} at (0,0) size 3x11
                RenderText {#text} at (0,0) size 3x11
                  text run at (0,0) width 3: " "
            RenderTableCell {TD} at (682,176) size 9x11 [bgcolor=#072323] [r=16 c=87 rs=1 cs=1]
              RenderInline {FONT} at (0,0) size 3x11
                RenderText {#text} at (0,0) size 3x11
                  text run at (0,0) width 3: " "
            RenderTableCell {TD} at (690,176) size 9x11 [bgcolor=#025E5E] [r=16 c=88 rs=1 cs=1]
              RenderInline {FONT} at (0,0) size 3x11
                RenderText {#text} at (0,0) size 3x11
                  text run at (0,0) width 3: " "
            RenderTableCell {TD} at (698,176) size 8x11 [bgcolor=#026766] [r=16 c=89 rs=1 cs=1]
              RenderInline {FONT} at (0,0) size 3x11
                RenderText {#text} at (0,0) size 3x11
                  text run at (0,0) width 3: " "
            RenderTableCell {TD} at (705,176) size 9x11 [bgcolor=#287A7A] [r=16 c=90 rs=1 cs=1]
              RenderInline {FONT} at (0,0) size 3x11
                RenderText {#text} at (0,0) size 3x11
                  text run at (0,0) width 3: " "
            RenderTableCell {TD} at (713,176) size 9x11 [bgcolor=#E0EAE9] [r=16 c=91 rs=1 cs=1]
              RenderInline {FONT} at (0,0) size 3x11
                RenderText {#text} at (0,0) size 3x11
                  text run at (0,0) width 3: " "
            RenderTableCell {TD} at (721,176) size 9x11 [bgcolor=#FDFDFB] [r=16 c=92 rs=1 cs=1]
              RenderInline {FONT} at (0,0) size 3x11
                RenderText {#text} at (0,0) size 3x11
                  text run at (0,0) width 3: " "
            RenderTableCell {TD} at (729,176) size 9x11 [bgcolor=#B4B4B4] [r=16 c=93 rs=1 cs=1]
              RenderInline {FONT} at (0,0) size 3x11
                RenderText {#text} at (0,0) size 3x11
                  text run at (0,0) width 3: " "
            RenderTableCell {TD} at (737,176) size 9x11 [bgcolor=#91A3A3] [r=16 c=94 rs=1 cs=1]
              RenderInline {FONT} at (0,0) size 3x11
                RenderText {#text} at (0,0) size 3x11
                  text run at (0,0) width 3: " "
            RenderTableCell {TD} at (745,176) size 8x11 [bgcolor=#848788] [r=16 c=95 rs=1 cs=1]
              RenderInline {FONT} at (0,0) size 3x11
                RenderText {#text} at (0,0) size 3x11
                  text run at (0,0) width 3: " "
            RenderTableCell {TD} at (753,176) size 8x11 [bgcolor=#777878] [r=16 c=96 rs=1 cs=1]
              RenderInline {FONT} at (0,0) size 3x11
                RenderText {#text} at (0,0) size 3x11
                  text run at (0,0) width 3: " "
            RenderTableCell {TD} at (760,176) size 9x11 [bgcolor=#848788] [r=16 c=97 rs=1 cs=1]
              RenderInline {FONT} at (0,0) size 3x11
                RenderText {#text} at (0,0) size 3x11
                  text run at (0,0) width 3: " "
            RenderTableCell {TD} at (768,176) size 9x11 [bgcolor=#777878] [r=16 c=98 rs=1 cs=1]
              RenderInline {FONT} at (0,0) size 3x11
                RenderText {#text} at (0,0) size 3x11
                  text run at (0,0) width 3: " "
            RenderTableCell {TD} at (776,176) size 9x11 [bgcolor=#4D4F4F] [r=16 c=99 rs=1 cs=1]
              RenderInline {FONT} at (0,0) size 3x11
                RenderText {#text} at (0,0) size 3x11
                  text run at (0,0) width 3: " "
          RenderTableRow {TR} at (0,187) size 784x11
            RenderTableCell {TD} at (0,187) size 8x11 [bgcolor=#FDFDFB] [r=17 c=0 rs=1 cs=1]
              RenderInline {FONT} at (0,0) size 3x11
                RenderText {#text} at (0,0) size 3x11
                  text run at (0,0) width 3: " "
            RenderTableCell {TD} at (7,187) size 9x11 [bgcolor=#CADEDD] [r=17 c=1 rs=1 cs=1]
              RenderInline {FONT} at (0,0) size 3x11
                RenderText {#text} at (0,0) size 3x11
                  text run at (0,0) width 3: " "
            RenderTableCell {TD} at (15,187) size 9x11 [bgcolor=#1A6B6A] [r=17 c=2 rs=1 cs=1]
              RenderInline {FONT} at (0,0) size 3x11
                RenderText {#text} at (0,0) size 3x11
                  text run at (0,0) width 3: " "
            RenderTableCell {TD} at (23,187) size 9x11 [bgcolor=#1A5C5C] [r=17 c=3 rs=1 cs=1]
              RenderInline {FONT} at (0,0) size 3x11
                RenderText {#text} at (0,0) size 3x11
                  text run at (0,0) width 3: " "
            RenderTableCell {TD} at (31,187) size 9x11 [bgcolor=#647979] [r=17 c=4 rs=1 cs=1]
              RenderInline {FONT} at (0,0) size 3x11
                RenderText {#text} at (0,0) size 3x11
                  text run at (0,0) width 3: " "
            RenderTableCell {TD} at (39,187) size 9x11 [bgcolor=#939494] [r=17 c=5 rs=1 cs=1]
              RenderInline {FONT} at (0,0) size 3x11
                RenderText {#text} at (0,0) size 3x11
                  text run at (0,0) width 3: " "
            RenderTableCell {TD} at (47,187) size 8x11 [bgcolor=#A5A6A6] [r=17 c=6 rs=1 cs=1]
              RenderInline {FONT} at (0,0) size 3x11
                RenderText {#text} at (0,0) size 3x11
                  text run at (0,0) width 3: " "
            RenderTableCell {TD} at (54,187) size 9x11 [bgcolor=#A5A6A6] [r=17 c=7 rs=1 cs=1]
              RenderInline {FONT} at (0,0) size 3x11
                RenderText {#text} at (0,0) size 3x11
                  text run at (0,0) width 3: " "
            RenderTableCell {TD} at (62,187) size 9x11 [bgcolor=#A5A6A6] [r=17 c=8 rs=1 cs=1]
              RenderInline {FONT} at (0,0) size 3x11
                RenderText {#text} at (0,0) size 3x11
                  text run at (0,0) width 3: " "
            RenderTableCell {TD} at (70,187) size 9x11 [bgcolor=#91A3A3] [r=17 c=9 rs=1 cs=1]
              RenderInline {FONT} at (0,0) size 3x11
                RenderText {#text} at (0,0) size 3x11
                  text run at (0,0) width 3: " "
            RenderTableCell {TD} at (78,187) size 9x11 [bgcolor=#696A69] [r=17 c=10 rs=1 cs=1]
              RenderInline {FONT} at (0,0) size 3x11
                RenderText {#text} at (0,0) size 3x11
                  text run at (0,0) width 3: " "
            RenderTableCell {TD} at (86,187) size 9x11 [bgcolor=#1C2524] [r=17 c=11 rs=1 cs=1]
              RenderInline {FONT} at (0,0) size 3x11
                RenderText {#text} at (0,0) size 3x11
                  text run at (0,0) width 3: " "
            RenderTableCell {TD} at (94,187) size 8x11 [bgcolor=#083131] [r=17 c=12 rs=1 cs=1]
              RenderInline {FONT} at (0,0) size 3x11
                RenderText {#text} at (0,0) size 3x11
                  text run at (0,0) width 3: " "
            RenderTableCell {TD} at (101,187) size 9x11 [bgcolor=#044140] [r=17 c=13 rs=1 cs=1]
              RenderInline {FONT} at (0,0) size 3x11
                RenderText {#text} at (0,0) size 3x11
                  text run at (0,0) width 3: " "
            RenderTableCell {TD} at (109,187) size 9x11 [bgcolor=#223C3D] [r=17 c=14 rs=1 cs=1]
              RenderInline {FONT} at (0,0) size 3x11
                RenderText {#text} at (0,0) size 3x11
                  text run at (0,0) width 3: " "
            RenderTableCell {TD} at (117,187) size 9x11 [bgcolor=#777878] [r=17 c=15 rs=1 cs=1]
              RenderInline {FONT} at (0,0) size 3x11
                RenderText {#text} at (0,0) size 3x11
                  text run at (0,0) width 3: " "
            RenderTableCell {TD} at (125,187) size 9x11 [bgcolor=#939494] [r=17 c=16 rs=1 cs=1]
              RenderInline {FONT} at (0,0) size 3x11
                RenderText {#text} at (0,0) size 3x11
                  text run at (0,0) width 3: " "
            RenderTableCell {TD} at (133,187) size 9x11 [bgcolor=#848788] [r=17 c=17 rs=1 cs=1]
              RenderInline {FONT} at (0,0) size 3x11
                RenderText {#text} at (0,0) size 3x11
                  text run at (0,0) width 3: " "
            RenderTableCell {TD} at (141,187) size 9x11 [bgcolor=#2D3433] [r=17 c=18 rs=1 cs=1]
              RenderInline {FONT} at (0,0) size 3x11
                RenderText {#text} at (0,0) size 3x11
                  text run at (0,0) width 3: " "
            RenderTableCell {TD} at (149,187) size 8x11 [bgcolor=#1E7A79] [r=17 c=19 rs=1 cs=1]
              RenderInline {FONT} at (0,0) size 3x11
                RenderText {#text} at (0,0) size 3x11
                  text run at (0,0) width 3: " "
            RenderTableCell {TD} at (156,187) size 9x11 [bgcolor=#027777] [r=17 c=20 rs=1 cs=1]
              RenderInline {FONT} at (0,0) size 3x11
                RenderText {#text} at (0,0) size 3x11
                  text run at (0,0) width 3: " "
            RenderTableCell {TD} at (164,187) size 9x11 [bgcolor=#1A6B6A] [r=17 c=21 rs=1 cs=1]
              RenderInline {FONT} at (0,0) size 3x11
                RenderText {#text} at (0,0) size 3x11
                  text run at (0,0) width 3: " "
            RenderTableCell {TD} at (172,187) size 9x11 [bgcolor=#5A8787] [r=17 c=22 rs=1 cs=1]
              RenderInline {FONT} at (0,0) size 3x11
                RenderText {#text} at (0,0) size 3x11
                  text run at (0,0) width 3: " "
            RenderTableCell {TD} at (180,187) size 9x11 [bgcolor=#A5A6A6] [r=17 c=23 rs=1 cs=1]
              RenderInline {FONT} at (0,0) size 3x11
                RenderText {#text} at (0,0) size 3x11
                  text run at (0,0) width 3: " "
            RenderTableCell {TD} at (188,187) size 9x11 [bgcolor=#A5A6A6] [r=17 c=24 rs=1 cs=1]
              RenderInline {FONT} at (0,0) size 3x11
                RenderText {#text} at (0,0) size 3x11
                  text run at (0,0) width 3: " "
            RenderTableCell {TD} at (196,187) size 8x11 [bgcolor=#A5A6A6] [r=17 c=25 rs=1 cs=1]
              RenderInline {FONT} at (0,0) size 3x11
                RenderText {#text} at (0,0) size 3x11
                  text run at (0,0) width 3: " "
            RenderTableCell {TD} at (203,187) size 9x11 [bgcolor=#939494] [r=17 c=26 rs=1 cs=1]
              RenderInline {FONT} at (0,0) size 3x11
                RenderText {#text} at (0,0) size 3x11
                  text run at (0,0) width 3: " "
            RenderTableCell {TD} at (211,187) size 9x11 [bgcolor=#696A69] [r=17 c=27 rs=1 cs=1]
              RenderInline {FONT} at (0,0) size 3x11
                RenderText {#text} at (0,0) size 3x11
                  text run at (0,0) width 3: " "
            RenderTableCell {TD} at (219,187) size 9x11 [bgcolor=#072323] [r=17 c=28 rs=1 cs=1]
              RenderInline {FONT} at (0,0) size 3x11
                RenderText {#text} at (0,0) size 3x11
                  text run at (0,0) width 3: " "
            RenderTableCell {TD} at (227,187) size 9x11 [bgcolor=#083131] [r=17 c=29 rs=1 cs=1]
              RenderInline {FONT} at (0,0) size 3x11
                RenderText {#text} at (0,0) size 3x11
                  text run at (0,0) width 3: " "
            RenderTableCell {TD} at (235,187) size 9x11 [bgcolor=#647979] [r=17 c=30 rs=1 cs=1]
              RenderInline {FONT} at (0,0) size 3x11
                RenderText {#text} at (0,0) size 3x11
                  text run at (0,0) width 3: " "
            RenderTableCell {TD} at (243,187) size 8x11 [bgcolor=#939494] [r=17 c=31 rs=1 cs=1]
              RenderInline {FONT} at (0,0) size 3x11
                RenderText {#text} at (0,0) size 3x11
                  text run at (0,0) width 3: " "
            RenderTableCell {TD} at (251,187) size 8x11 [bgcolor=#939494] [r=17 c=32 rs=1 cs=1]
              RenderInline {FONT} at (0,0) size 3x11
                RenderText {#text} at (0,0) size 3x11
                  text run at (0,0) width 3: " "
            RenderTableCell {TD} at (258,187) size 9x11 [bgcolor=#3D4242] [r=17 c=33 rs=1 cs=1]
              RenderInline {FONT} at (0,0) size 3x11
                RenderText {#text} at (0,0) size 3x11
                  text run at (0,0) width 3: " "
            RenderTableCell {TD} at (266,187) size 9x11 [bgcolor=#777878] [r=17 c=34 rs=1 cs=1]
              RenderInline {FONT} at (0,0) size 3x11
                RenderText {#text} at (0,0) size 3x11
                  text run at (0,0) width 3: " "
            RenderTableCell {TD} at (274,187) size 9x11 [bgcolor=#848788] [r=17 c=35 rs=1 cs=1]
              RenderInline {FONT} at (0,0) size 3x11
                RenderText {#text} at (0,0) size 3x11
                  text run at (0,0) width 3: " "
            RenderTableCell {TD} at (282,187) size 9x11 [bgcolor=#447877] [r=17 c=36 rs=1 cs=1]
              RenderInline {FONT} at (0,0) size 3x11
                RenderText {#text} at (0,0) size 3x11
                  text run at (0,0) width 3: " "
            RenderTableCell {TD} at (290,187) size 9x11 [bgcolor=#7B918F] [r=17 c=37 rs=1 cs=1]
              RenderInline {FONT} at (0,0) size 3x11
                RenderText {#text} at (0,0) size 3x11
                  text run at (0,0) width 3: " "
            RenderTableCell {TD} at (298,187) size 8x11 [bgcolor=#A5A6A6] [r=17 c=38 rs=1 cs=1]
              RenderInline {FONT} at (0,0) size 3x11
                RenderText {#text} at (0,0) size 3x11
                  text run at (0,0) width 3: " "
            RenderTableCell {TD} at (305,187) size 9x11 [bgcolor=#A5A6A6] [r=17 c=39 rs=1 cs=1]
              RenderInline {FONT} at (0,0) size 3x11
                RenderText {#text} at (0,0) size 3x11
                  text run at (0,0) width 3: " "
            RenderTableCell {TD} at (313,187) size 9x11 [bgcolor=#A5A6A6] [r=17 c=40 rs=1 cs=1]
              RenderInline {FONT} at (0,0) size 3x11
                RenderText {#text} at (0,0) size 3x11
                  text run at (0,0) width 3: " "
            RenderTableCell {TD} at (321,187) size 9x11 [bgcolor=#A5A6A6] [r=17 c=41 rs=1 cs=1]
              RenderInline {FONT} at (0,0) size 3x11
                RenderText {#text} at (0,0) size 3x11
                  text run at (0,0) width 3: " "
            RenderTableCell {TD} at (329,187) size 9x11 [bgcolor=#848788] [r=17 c=42 rs=1 cs=1]
              RenderInline {FONT} at (0,0) size 3x11
                RenderText {#text} at (0,0) size 3x11
                  text run at (0,0) width 3: " "
            RenderTableCell {TD} at (337,187) size 9x11 [bgcolor=#344C4E] [r=17 c=43 rs=1 cs=1]
              RenderInline {FONT} at (0,0) size 3x11
                RenderText {#text} at (0,0) size 3x11
                  text run at (0,0) width 3: " "
            RenderTableCell {TD} at (345,187) size 8x11 [bgcolor=#072323] [r=17 c=44 rs=1 cs=1]
              RenderInline {FONT} at (0,0) size 3x11
                RenderText {#text} at (0,0) size 3x11
                  text run at (0,0) width 3: " "
            RenderTableCell {TD} at (352,187) size 9x11 [bgcolor=#044F4F] [r=17 c=45 rs=1 cs=1]
              RenderInline {FONT} at (0,0) size 3x11
                RenderText {#text} at (0,0) size 3x11
                  text run at (0,0) width 3: " "
            RenderTableCell {TD} at (360,187) size 9x11 [bgcolor=#026766] [r=17 c=46 rs=1 cs=1]
              RenderInline {FONT} at (0,0) size 3x11
                RenderText {#text} at (0,0) size 3x11
                  text run at (0,0) width 3: " "
            RenderTableCell {TD} at (368,187) size 9x11 [bgcolor=#026766] [r=17 c=47 rs=1 cs=1]
              RenderInline {FONT} at (0,0) size 3x11
                RenderText {#text} at (0,0) size 3x11
                  text run at (0,0) width 3: " "
            RenderTableCell {TD} at (376,187) size 9x11 [bgcolor=#589594] [r=17 c=48 rs=1 cs=1]
              RenderInline {FONT} at (0,0) size 3x11
                RenderText {#text} at (0,0) size 3x11
                  text run at (0,0) width 3: " "
            RenderTableCell {TD} at (384,187) size 9x11 [bgcolor=#848788] [r=17 c=49 rs=1 cs=1]
              RenderInline {FONT} at (0,0) size 3x11
                RenderText {#text} at (0,0) size 3x11
                  text run at (0,0) width 3: " "
            RenderTableCell {TD} at (392,187) size 9x11 [bgcolor=#344C4E] [r=17 c=50 rs=1 cs=1]
              RenderInline {FONT} at (0,0) size 3x11
                RenderText {#text} at (0,0) size 3x11
                  text run at (0,0) width 3: " "
            RenderTableCell {TD} at (400,187) size 8x11 [bgcolor=#083131] [r=17 c=51 rs=1 cs=1]
              RenderInline {FONT} at (0,0) size 3x11
                RenderText {#text} at (0,0) size 3x11
                  text run at (0,0) width 3: " "
            RenderTableCell {TD} at (407,187) size 9x11 [bgcolor=#3D4242] [r=17 c=52 rs=1 cs=1]
              RenderInline {FONT} at (0,0) size 3x11
                RenderText {#text} at (0,0) size 3x11
                  text run at (0,0) width 3: " "
            RenderTableCell {TD} at (415,187) size 9x11 [bgcolor=#696A69] [r=17 c=53 rs=1 cs=1]
              RenderInline {FONT} at (0,0) size 3x11
                RenderText {#text} at (0,0) size 3x11
                  text run at (0,0) width 3: " "
            RenderTableCell {TD} at (423,187) size 9x11 [bgcolor=#848788] [r=17 c=54 rs=1 cs=1]
              RenderInline {FONT} at (0,0) size 3x11
                RenderText {#text} at (0,0) size 3x11
                  text run at (0,0) width 3: " "
            RenderTableCell {TD} at (431,187) size 9x11 [bgcolor=#939494] [r=17 c=55 rs=1 cs=1]
              RenderInline {FONT} at (0,0) size 3x11
                RenderText {#text} at (0,0) size 3x11
                  text run at (0,0) width 3: " "
            RenderTableCell {TD} at (439,187) size 9x11 [bgcolor=#A5A6A6] [r=17 c=56 rs=1 cs=1]
              RenderInline {FONT} at (0,0) size 3x11
                RenderText {#text} at (0,0) size 3x11
                  text run at (0,0) width 3: " "
            RenderTableCell {TD} at (447,187) size 8x11 [bgcolor=#91A3A3] [r=17 c=57 rs=1 cs=1]
              RenderInline {FONT} at (0,0) size 3x11
                RenderText {#text} at (0,0) size 3x11
                  text run at (0,0) width 3: " "
            RenderTableCell {TD} at (454,187) size 9x11 [bgcolor=#848788] [r=17 c=58 rs=1 cs=1]
              RenderInline {FONT} at (0,0) size 3x11
                RenderText {#text} at (0,0) size 3x11
                  text run at (0,0) width 3: " "
            RenderTableCell {TD} at (462,187) size 9x11 [bgcolor=#3D4242] [r=17 c=59 rs=1 cs=1]
              RenderInline {FONT} at (0,0) size 3x11
                RenderText {#text} at (0,0) size 3x11
                  text run at (0,0) width 3: " "
            RenderTableCell {TD} at (470,187) size 9x11 [bgcolor=#848788] [r=17 c=60 rs=1 cs=1]
              RenderInline {FONT} at (0,0) size 3x11
                RenderText {#text} at (0,0) size 3x11
                  text run at (0,0) width 3: " "
            RenderTableCell {TD} at (478,187) size 9x11 [bgcolor=#026766] [r=17 c=61 rs=1 cs=1]
              RenderInline {FONT} at (0,0) size 3x11
                RenderText {#text} at (0,0) size 3x11
                  text run at (0,0) width 3: " "
            RenderTableCell {TD} at (486,187) size 9x11 [bgcolor=#026766] [r=17 c=62 rs=1 cs=1]
              RenderInline {FONT} at (0,0) size 3x11
                RenderText {#text} at (0,0) size 3x11
                  text run at (0,0) width 3: " "
            RenderTableCell {TD} at (494,187) size 8x11 [bgcolor=#025E5E] [r=17 c=63 rs=1 cs=1]
              RenderInline {FONT} at (0,0) size 3x11
                RenderText {#text} at (0,0) size 3x11
                  text run at (0,0) width 3: " "
            RenderTableCell {TD} at (502,187) size 8x11 [bgcolor=#526B6B] [r=17 c=64 rs=1 cs=1]
              RenderInline {FONT} at (0,0) size 3x11
                RenderText {#text} at (0,0) size 3x11
                  text run at (0,0) width 3: " "
            RenderTableCell {TD} at (509,187) size 9x11 [bgcolor=#939494] [r=17 c=65 rs=1 cs=1]
              RenderInline {FONT} at (0,0) size 3x11
                RenderText {#text} at (0,0) size 3x11
                  text run at (0,0) width 3: " "
            RenderTableCell {TD} at (517,187) size 9x11 [bgcolor=#A5A6A6] [r=17 c=66 rs=1 cs=1]
              RenderInline {FONT} at (0,0) size 3x11
                RenderText {#text} at (0,0) size 3x11
                  text run at (0,0) width 3: " "
            RenderTableCell {TD} at (525,187) size 9x11 [bgcolor=#A5A6A6] [r=17 c=67 rs=1 cs=1]
              RenderInline {FONT} at (0,0) size 3x11
                RenderText {#text} at (0,0) size 3x11
                  text run at (0,0) width 3: " "
            RenderTableCell {TD} at (533,187) size 9x11 [bgcolor=#A5A6A6] [r=17 c=68 rs=1 cs=1]
              RenderInline {FONT} at (0,0) size 3x11
                RenderText {#text} at (0,0) size 3x11
                  text run at (0,0) width 3: " "
            RenderTableCell {TD} at (541,187) size 9x11 [bgcolor=#696A69] [r=17 c=69 rs=1 cs=1]
              RenderInline {FONT} at (0,0) size 3x11
                RenderText {#text} at (0,0) size 3x11
                  text run at (0,0) width 3: " "
            RenderTableCell {TD} at (549,187) size 8x11 [bgcolor=#083131] [r=17 c=70 rs=1 cs=1]
              RenderInline {FONT} at (0,0) size 3x11
                RenderText {#text} at (0,0) size 3x11
                  text run at (0,0) width 3: " "
            RenderTableCell {TD} at (556,187) size 9x11 [bgcolor=#647979] [r=17 c=71 rs=1 cs=1]
              RenderInline {FONT} at (0,0) size 3x11
                RenderText {#text} at (0,0) size 3x11
                  text run at (0,0) width 3: " "
            RenderTableCell {TD} at (564,187) size 9x11 [bgcolor=#848788] [r=17 c=72 rs=1 cs=1]
              RenderInline {FONT} at (0,0) size 3x11
                RenderText {#text} at (0,0) size 3x11
                  text run at (0,0) width 3: " "
            RenderTableCell {TD} at (572,187) size 9x11 [bgcolor=#2D3433] [r=17 c=73 rs=1 cs=1]
              RenderInline {FONT} at (0,0) size 3x11
                RenderText {#text} at (0,0) size 3x11
                  text run at (0,0) width 3: " "
            RenderTableCell {TD} at (580,187) size 9x11 [bgcolor=#5E5F60] [r=17 c=74 rs=1 cs=1]
              RenderInline {FONT} at (0,0) size 3x11
                RenderText {#text} at (0,0) size 3x11
                  text run at (0,0) width 3: " "
            RenderTableCell {TD} at (588,187) size 9x11 [bgcolor=#848788] [r=17 c=75 rs=1 cs=1]
              RenderInline {FONT} at (0,0) size 3x11
                RenderText {#text} at (0,0) size 3x11
                  text run at (0,0) width 3: " "
            RenderTableCell {TD} at (596,187) size 8x11 [bgcolor=#939494] [r=17 c=76 rs=1 cs=1]
              RenderInline {FONT} at (0,0) size 3x11
                RenderText {#text} at (0,0) size 3x11
                  text run at (0,0) width 3: " "
            RenderTableCell {TD} at (603,187) size 9x11 [bgcolor=#848788] [r=17 c=77 rs=1 cs=1]
              RenderInline {FONT} at (0,0) size 3x11
                RenderText {#text} at (0,0) size 3x11
                  text run at (0,0) width 3: " "
            RenderTableCell {TD} at (611,187) size 9x11 [bgcolor=#527274] [r=17 c=78 rs=1 cs=1]
              RenderInline {FONT} at (0,0) size 3x11
                RenderText {#text} at (0,0) size 3x11
                  text run at (0,0) width 3: " "
            RenderTableCell {TD} at (619,187) size 9x11 [bgcolor=#7B918F] [r=17 c=79 rs=1 cs=1]
              RenderInline {FONT} at (0,0) size 3x11
                RenderText {#text} at (0,0) size 3x11
                  text run at (0,0) width 3: " "
            RenderTableCell {TD} at (627,187) size 9x11 [bgcolor=#A5A6A6] [r=17 c=80 rs=1 cs=1]
              RenderInline {FONT} at (0,0) size 3x11
                RenderText {#text} at (0,0) size 3x11
                  text run at (0,0) width 3: " "
            RenderTableCell {TD} at (635,187) size 9x11 [bgcolor=#A5A6A6] [r=17 c=81 rs=1 cs=1]
              RenderInline {FONT} at (0,0) size 3x11
                RenderText {#text} at (0,0) size 3x11
                  text run at (0,0) width 3: " "
            RenderTableCell {TD} at (643,187) size 9x11 [bgcolor=#A5A6A6] [r=17 c=82 rs=1 cs=1]
              RenderInline {FONT} at (0,0) size 3x11
                RenderText {#text} at (0,0) size 3x11
                  text run at (0,0) width 3: " "
            RenderTableCell {TD} at (651,187) size 8x11 [bgcolor=#939494] [r=17 c=83 rs=1 cs=1]
              RenderInline {FONT} at (0,0) size 3x11
                RenderText {#text} at (0,0) size 3x11
                  text run at (0,0) width 3: " "
            RenderTableCell {TD} at (658,187) size 9x11 [bgcolor=#5E5F60] [r=17 c=84 rs=1 cs=1]
              RenderInline {FONT} at (0,0) size 3x11
                RenderText {#text} at (0,0) size 3x11
                  text run at (0,0) width 3: " "
            RenderTableCell {TD} at (666,187) size 9x11 [bgcolor=#072323] [r=17 c=85 rs=1 cs=1]
              RenderInline {FONT} at (0,0) size 3x11
                RenderText {#text} at (0,0) size 3x11
                  text run at (0,0) width 3: " "
            RenderTableCell {TD} at (674,187) size 9x11 [bgcolor=#044140] [r=17 c=86 rs=1 cs=1]
              RenderInline {FONT} at (0,0) size 3x11
                RenderText {#text} at (0,0) size 3x11
                  text run at (0,0) width 3: " "
            RenderTableCell {TD} at (682,187) size 9x11 [bgcolor=#026766] [r=17 c=87 rs=1 cs=1]
              RenderInline {FONT} at (0,0) size 3x11
                RenderText {#text} at (0,0) size 3x11
                  text run at (0,0) width 3: " "
            RenderTableCell {TD} at (690,187) size 9x11 [bgcolor=#026766] [r=17 c=88 rs=1 cs=1]
              RenderInline {FONT} at (0,0) size 3x11
                RenderText {#text} at (0,0) size 3x11
                  text run at (0,0) width 3: " "
            RenderTableCell {TD} at (698,187) size 8x11 [bgcolor=#026766] [r=17 c=89 rs=1 cs=1]
              RenderInline {FONT} at (0,0) size 3x11
                RenderText {#text} at (0,0) size 3x11
                  text run at (0,0) width 3: " "
            RenderTableCell {TD} at (705,187) size 9x11 [bgcolor=#026766] [r=17 c=90 rs=1 cs=1]
              RenderInline {FONT} at (0,0) size 3x11
                RenderText {#text} at (0,0) size 3x11
                  text run at (0,0) width 3: " "
            RenderTableCell {TD} at (713,187) size 9x11 [bgcolor=#287A7A] [r=17 c=91 rs=1 cs=1]
              RenderInline {FONT} at (0,0) size 3x11
                RenderText {#text} at (0,0) size 3x11
                  text run at (0,0) width 3: " "
            RenderTableCell {TD} at (721,187) size 9x11 [bgcolor=#939494] [r=17 c=92 rs=1 cs=1]
              RenderInline {FONT} at (0,0) size 3x11
                RenderText {#text} at (0,0) size 3x11
                  text run at (0,0) width 3: " "
            RenderTableCell {TD} at (729,187) size 9x11 [bgcolor=#939494] [r=17 c=93 rs=1 cs=1]
              RenderInline {FONT} at (0,0) size 3x11
                RenderText {#text} at (0,0) size 3x11
                  text run at (0,0) width 3: " "
            RenderTableCell {TD} at (737,187) size 9x11 [bgcolor=#939494] [r=17 c=94 rs=1 cs=1]
              RenderInline {FONT} at (0,0) size 3x11
                RenderText {#text} at (0,0) size 3x11
                  text run at (0,0) width 3: " "
            RenderTableCell {TD} at (745,187) size 8x11 [bgcolor=#4D4F4F] [r=17 c=95 rs=1 cs=1]
              RenderInline {FONT} at (0,0) size 3x11
                RenderText {#text} at (0,0) size 3x11
                  text run at (0,0) width 3: " "
            RenderTableCell {TD} at (753,187) size 8x11 [bgcolor=#696A69] [r=17 c=96 rs=1 cs=1]
              RenderInline {FONT} at (0,0) size 3x11
                RenderText {#text} at (0,0) size 3x11
                  text run at (0,0) width 3: " "
            RenderTableCell {TD} at (760,187) size 9x11 [bgcolor=#848788] [r=17 c=97 rs=1 cs=1]
              RenderInline {FONT} at (0,0) size 3x11
                RenderText {#text} at (0,0) size 3x11
                  text run at (0,0) width 3: " "
            RenderTableCell {TD} at (768,187) size 9x11 [bgcolor=#777878] [r=17 c=98 rs=1 cs=1]
              RenderInline {FONT} at (0,0) size 3x11
                RenderText {#text} at (0,0) size 3x11
                  text run at (0,0) width 3: " "
            RenderTableCell {TD} at (776,187) size 9x11 [bgcolor=#4D4F4F] [r=17 c=99 rs=1 cs=1]
              RenderInline {FONT} at (0,0) size 3x11
                RenderText {#text} at (0,0) size 3x11
                  text run at (0,0) width 3: " "
          RenderTableRow {TR} at (0,198) size 784x11
            RenderTableCell {TD} at (0,198) size 8x11 [bgcolor=#FDFDFB] [r=18 c=0 rs=1 cs=1]
              RenderInline {FONT} at (0,0) size 3x11
                RenderText {#text} at (0,0) size 3x11
                  text run at (0,0) width 3: " "
            RenderTableCell {TD} at (7,198) size 9x11 [bgcolor=#EDEEEF] [r=18 c=1 rs=1 cs=1]
              RenderInline {FONT} at (0,0) size 3x11
                RenderText {#text} at (0,0) size 3x11
                  text run at (0,0) width 3: " "
            RenderTableCell {TD} at (15,198) size 9x11 [bgcolor=#7CAEAF] [r=18 c=2 rs=1 cs=1]
              RenderInline {FONT} at (0,0) size 3x11
                RenderText {#text} at (0,0) size 3x11
                  text run at (0,0) width 3: " "
            RenderTableCell {TD} at (23,198) size 9x11 [bgcolor=#025E5E] [r=18 c=3 rs=1 cs=1]
              RenderInline {FONT} at (0,0) size 3x11
                RenderText {#text} at (0,0) size 3x11
                  text run at (0,0) width 3: " "
            RenderTableCell {TD} at (31,198) size 9x11 [bgcolor=#025E5E] [r=18 c=4 rs=1 cs=1]
              RenderInline {FONT} at (0,0) size 3x11
                RenderText {#text} at (0,0) size 3x11
                  text run at (0,0) width 3: " "
            RenderTableCell {TD} at (39,198) size 9x11 [bgcolor=#044F4F] [r=18 c=5 rs=1 cs=1]
              RenderInline {FONT} at (0,0) size 3x11
                RenderText {#text} at (0,0) size 3x11
                  text run at (0,0) width 3: " "
            RenderTableCell {TD} at (47,198) size 8x11 [bgcolor=#044F4F] [r=18 c=6 rs=1 cs=1]
              RenderInline {FONT} at (0,0) size 3x11
                RenderText {#text} at (0,0) size 3x11
                  text run at (0,0) width 3: " "
            RenderTableCell {TD} at (54,198) size 9x11 [bgcolor=#044F4F] [r=18 c=7 rs=1 cs=1]
              RenderInline {FONT} at (0,0) size 3x11
                RenderText {#text} at (0,0) size 3x11
                  text run at (0,0) width 3: " "
            RenderTableCell {TD} at (62,198) size 9x11 [bgcolor=#044F4F] [r=18 c=8 rs=1 cs=1]
              RenderInline {FONT} at (0,0) size 3x11
                RenderText {#text} at (0,0) size 3x11
                  text run at (0,0) width 3: " "
            RenderTableCell {TD} at (70,198) size 9x11 [bgcolor=#044F4F] [r=18 c=9 rs=1 cs=1]
              RenderInline {FONT} at (0,0) size 3x11
                RenderText {#text} at (0,0) size 3x11
                  text run at (0,0) width 3: " "
            RenderTableCell {TD} at (78,198) size 9x11 [bgcolor=#044F4F] [r=18 c=10 rs=1 cs=1]
              RenderInline {FONT} at (0,0) size 3x11
                RenderText {#text} at (0,0) size 3x11
                  text run at (0,0) width 3: " "
            RenderTableCell {TD} at (86,198) size 9x11 [bgcolor=#025E5E] [r=18 c=11 rs=1 cs=1]
              RenderInline {FONT} at (0,0) size 3x11
                RenderText {#text} at (0,0) size 3x11
                  text run at (0,0) width 3: " "
            RenderTableCell {TD} at (94,198) size 8x11 [bgcolor=#025E5E] [r=18 c=12 rs=1 cs=1]
              RenderInline {FONT} at (0,0) size 3x11
                RenderText {#text} at (0,0) size 3x11
                  text run at (0,0) width 3: " "
            RenderTableCell {TD} at (101,198) size 9x11 [bgcolor=#044140] [r=18 c=13 rs=1 cs=1]
              RenderInline {FONT} at (0,0) size 3x11
                RenderText {#text} at (0,0) size 3x11
                  text run at (0,0) width 3: " "
            RenderTableCell {TD} at (109,198) size 9x11 [bgcolor=#223C3D] [r=18 c=14 rs=1 cs=1]
              RenderInline {FONT} at (0,0) size 3x11
                RenderText {#text} at (0,0) size 3x11
                  text run at (0,0) width 3: " "
            RenderTableCell {TD} at (117,198) size 9x11 [bgcolor=#515C5B] [r=18 c=15 rs=1 cs=1]
              RenderInline {FONT} at (0,0) size 3x11
                RenderText {#text} at (0,0) size 3x11
                  text run at (0,0) width 3: " "
            RenderTableCell {TD} at (125,198) size 9x11 [bgcolor=#696A69] [r=18 c=16 rs=1 cs=1]
              RenderInline {FONT} at (0,0) size 3x11
                RenderText {#text} at (0,0) size 3x11
                  text run at (0,0) width 3: " "
            RenderTableCell {TD} at (133,198) size 9x11 [bgcolor=#777878] [r=18 c=17 rs=1 cs=1]
              RenderInline {FONT} at (0,0) size 3x11
                RenderText {#text} at (0,0) size 3x11
                  text run at (0,0) width 3: " "
            RenderTableCell {TD} at (141,198) size 9x11 [bgcolor=#777878] [r=18 c=18 rs=1 cs=1]
              RenderInline {FONT} at (0,0) size 3x11
                RenderText {#text} at (0,0) size 3x11
                  text run at (0,0) width 3: " "
            RenderTableCell {TD} at (149,198) size 8x11 [bgcolor=#1E7A79] [r=18 c=19 rs=1 cs=1]
              RenderInline {FONT} at (0,0) size 3x11
                RenderText {#text} at (0,0) size 3x11
                  text run at (0,0) width 3: " "
            RenderTableCell {TD} at (156,198) size 9x11 [bgcolor=#027777] [r=18 c=20 rs=1 cs=1]
              RenderInline {FONT} at (0,0) size 3x11
                RenderText {#text} at (0,0) size 3x11
                  text run at (0,0) width 3: " "
            RenderTableCell {TD} at (164,198) size 9x11 [bgcolor=#026766] [r=18 c=21 rs=1 cs=1]
              RenderInline {FONT} at (0,0) size 3x11
                RenderText {#text} at (0,0) size 3x11
                  text run at (0,0) width 3: " "
            RenderTableCell {TD} at (172,198) size 9x11 [bgcolor=#025E5E] [r=18 c=22 rs=1 cs=1]
              RenderInline {FONT} at (0,0) size 3x11
                RenderText {#text} at (0,0) size 3x11
                  text run at (0,0) width 3: " "
            RenderTableCell {TD} at (180,198) size 9x11 [bgcolor=#044F4F] [r=18 c=23 rs=1 cs=1]
              RenderInline {FONT} at (0,0) size 3x11
                RenderText {#text} at (0,0) size 3x11
                  text run at (0,0) width 3: " "
            RenderTableCell {TD} at (188,198) size 9x11 [bgcolor=#044F4F] [r=18 c=24 rs=1 cs=1]
              RenderInline {FONT} at (0,0) size 3x11
                RenderText {#text} at (0,0) size 3x11
                  text run at (0,0) width 3: " "
            RenderTableCell {TD} at (196,198) size 8x11 [bgcolor=#044F4F] [r=18 c=25 rs=1 cs=1]
              RenderInline {FONT} at (0,0) size 3x11
                RenderText {#text} at (0,0) size 3x11
                  text run at (0,0) width 3: " "
            RenderTableCell {TD} at (203,198) size 9x11 [bgcolor=#044140] [r=18 c=26 rs=1 cs=1]
              RenderInline {FONT} at (0,0) size 3x11
                RenderText {#text} at (0,0) size 3x11
                  text run at (0,0) width 3: " "
            RenderTableCell {TD} at (211,198) size 9x11 [bgcolor=#044F4F] [r=18 c=27 rs=1 cs=1]
              RenderInline {FONT} at (0,0) size 3x11
                RenderText {#text} at (0,0) size 3x11
                  text run at (0,0) width 3: " "
            RenderTableCell {TD} at (219,198) size 9x11 [bgcolor=#044F4F] [r=18 c=28 rs=1 cs=1]
              RenderInline {FONT} at (0,0) size 3x11
                RenderText {#text} at (0,0) size 3x11
                  text run at (0,0) width 3: " "
            RenderTableCell {TD} at (227,198) size 9x11 [bgcolor=#044140] [r=18 c=29 rs=1 cs=1]
              RenderInline {FONT} at (0,0) size 3x11
                RenderText {#text} at (0,0) size 3x11
                  text run at (0,0) width 3: " "
            RenderTableCell {TD} at (235,198) size 9x11 [bgcolor=#072323] [r=18 c=30 rs=1 cs=1]
              RenderInline {FONT} at (0,0) size 3x11
                RenderText {#text} at (0,0) size 3x11
                  text run at (0,0) width 3: " "
            RenderTableCell {TD} at (243,198) size 8x11 [bgcolor=#2D3433] [r=18 c=31 rs=1 cs=1]
              RenderInline {FONT} at (0,0) size 3x11
                RenderText {#text} at (0,0) size 3x11
                  text run at (0,0) width 3: " "
            RenderTableCell {TD} at (251,198) size 8x11 [bgcolor=#3D4242] [r=18 c=32 rs=1 cs=1]
              RenderInline {FONT} at (0,0) size 3x11
                RenderText {#text} at (0,0) size 3x11
                  text run at (0,0) width 3: " "
            RenderTableCell {TD} at (258,198) size 9x11 [bgcolor=#696A69] [r=18 c=33 rs=1 cs=1]
              RenderInline {FONT} at (0,0) size 3x11
                RenderText {#text} at (0,0) size 3x11
                  text run at (0,0) width 3: " "
            RenderTableCell {TD} at (266,198) size 9x11 [bgcolor=#848788] [r=18 c=34 rs=1 cs=1]
              RenderInline {FONT} at (0,0) size 3x11
                RenderText {#text} at (0,0) size 3x11
                  text run at (0,0) width 3: " "
            RenderTableCell {TD} at (274,198) size 9x11 [bgcolor=#848788] [r=18 c=35 rs=1 cs=1]
              RenderInline {FONT} at (0,0) size 3x11
                RenderText {#text} at (0,0) size 3x11
                  text run at (0,0) width 3: " "
            RenderTableCell {TD} at (282,198) size 9x11 [bgcolor=#027777] [r=18 c=36 rs=1 cs=1]
              RenderInline {FONT} at (0,0) size 3x11
                RenderText {#text} at (0,0) size 3x11
                  text run at (0,0) width 3: " "
            RenderTableCell {TD} at (290,198) size 9x11 [bgcolor=#026766] [r=18 c=37 rs=1 cs=1]
              RenderInline {FONT} at (0,0) size 3x11
                RenderText {#text} at (0,0) size 3x11
                  text run at (0,0) width 3: " "
            RenderTableCell {TD} at (298,198) size 8x11 [bgcolor=#025E5E] [r=18 c=38 rs=1 cs=1]
              RenderInline {FONT} at (0,0) size 3x11
                RenderText {#text} at (0,0) size 3x11
                  text run at (0,0) width 3: " "
            RenderTableCell {TD} at (305,198) size 9x11 [bgcolor=#044F4F] [r=18 c=39 rs=1 cs=1]
              RenderInline {FONT} at (0,0) size 3x11
                RenderText {#text} at (0,0) size 3x11
                  text run at (0,0) width 3: " "
            RenderTableCell {TD} at (313,198) size 9x11 [bgcolor=#044F4F] [r=18 c=40 rs=1 cs=1]
              RenderInline {FONT} at (0,0) size 3x11
                RenderText {#text} at (0,0) size 3x11
                  text run at (0,0) width 3: " "
            RenderTableCell {TD} at (321,198) size 9x11 [bgcolor=#044F4F] [r=18 c=41 rs=1 cs=1]
              RenderInline {FONT} at (0,0) size 3x11
                RenderText {#text} at (0,0) size 3x11
                  text run at (0,0) width 3: " "
            RenderTableCell {TD} at (329,198) size 9x11 [bgcolor=#044F4F] [r=18 c=42 rs=1 cs=1]
              RenderInline {FONT} at (0,0) size 3x11
                RenderText {#text} at (0,0) size 3x11
                  text run at (0,0) width 3: " "
            RenderTableCell {TD} at (337,198) size 9x11 [bgcolor=#044F4F] [r=18 c=43 rs=1 cs=1]
              RenderInline {FONT} at (0,0) size 3x11
                RenderText {#text} at (0,0) size 3x11
                  text run at (0,0) width 3: " "
            RenderTableCell {TD} at (345,198) size 8x11 [bgcolor=#025E5E] [r=18 c=44 rs=1 cs=1]
              RenderInline {FONT} at (0,0) size 3x11
                RenderText {#text} at (0,0) size 3x11
                  text run at (0,0) width 3: " "
            RenderTableCell {TD} at (352,198) size 9x11 [bgcolor=#026766] [r=18 c=45 rs=1 cs=1]
              RenderInline {FONT} at (0,0) size 3x11
                RenderText {#text} at (0,0) size 3x11
                  text run at (0,0) width 3: " "
            RenderTableCell {TD} at (360,198) size 9x11 [bgcolor=#026766] [r=18 c=46 rs=1 cs=1]
              RenderInline {FONT} at (0,0) size 3x11
                RenderText {#text} at (0,0) size 3x11
                  text run at (0,0) width 3: " "
            RenderTableCell {TD} at (368,198) size 9x11 [bgcolor=#026766] [r=18 c=47 rs=1 cs=1]
              RenderInline {FONT} at (0,0) size 3x11
                RenderText {#text} at (0,0) size 3x11
                  text run at (0,0) width 3: " "
            RenderTableCell {TD} at (376,198) size 9x11 [bgcolor=#025E5E] [r=18 c=48 rs=1 cs=1]
              RenderInline {FONT} at (0,0) size 3x11
                RenderText {#text} at (0,0) size 3x11
                  text run at (0,0) width 3: " "
            RenderTableCell {TD} at (384,198) size 9x11 [bgcolor=#044F4F] [r=18 c=49 rs=1 cs=1]
              RenderInline {FONT} at (0,0) size 3x11
                RenderText {#text} at (0,0) size 3x11
                  text run at (0,0) width 3: " "
            RenderTableCell {TD} at (392,198) size 9x11 [bgcolor=#044140] [r=18 c=50 rs=1 cs=1]
              RenderInline {FONT} at (0,0) size 3x11
                RenderText {#text} at (0,0) size 3x11
                  text run at (0,0) width 3: " "
            RenderTableCell {TD} at (400,198) size 8x11 [bgcolor=#083131] [r=18 c=51 rs=1 cs=1]
              RenderInline {FONT} at (0,0) size 3x11
                RenderText {#text} at (0,0) size 3x11
                  text run at (0,0) width 3: " "
            RenderTableCell {TD} at (407,198) size 9x11 [bgcolor=#3D4242] [r=18 c=52 rs=1 cs=1]
              RenderInline {FONT} at (0,0) size 3x11
                RenderText {#text} at (0,0) size 3x11
                  text run at (0,0) width 3: " "
            RenderTableCell {TD} at (415,198) size 9x11 [bgcolor=#696A69] [r=18 c=53 rs=1 cs=1]
              RenderInline {FONT} at (0,0) size 3x11
                RenderText {#text} at (0,0) size 3x11
                  text run at (0,0) width 3: " "
            RenderTableCell {TD} at (423,198) size 9x11 [bgcolor=#848788] [r=18 c=54 rs=1 cs=1]
              RenderInline {FONT} at (0,0) size 3x11
                RenderText {#text} at (0,0) size 3x11
                  text run at (0,0) width 3: " "
            RenderTableCell {TD} at (431,198) size 9x11 [bgcolor=#939494] [r=18 c=55 rs=1 cs=1]
              RenderInline {FONT} at (0,0) size 3x11
                RenderText {#text} at (0,0) size 3x11
                  text run at (0,0) width 3: " "
            RenderTableCell {TD} at (439,198) size 9x11 [bgcolor=#939494] [r=18 c=56 rs=1 cs=1]
              RenderInline {FONT} at (0,0) size 3x11
                RenderText {#text} at (0,0) size 3x11
                  text run at (0,0) width 3: " "
            RenderTableCell {TD} at (447,198) size 8x11 [bgcolor=#848788] [r=18 c=57 rs=1 cs=1]
              RenderInline {FONT} at (0,0) size 3x11
                RenderText {#text} at (0,0) size 3x11
                  text run at (0,0) width 3: " "
            RenderTableCell {TD} at (454,198) size 9x11 [bgcolor=#777878] [r=18 c=58 rs=1 cs=1]
              RenderInline {FONT} at (0,0) size 3x11
                RenderText {#text} at (0,0) size 3x11
                  text run at (0,0) width 3: " "
            RenderTableCell {TD} at (462,198) size 9x11 [bgcolor=#848788] [r=18 c=59 rs=1 cs=1]
              RenderInline {FONT} at (0,0) size 3x11
                RenderText {#text} at (0,0) size 3x11
                  text run at (0,0) width 3: " "
            RenderTableCell {TD} at (470,198) size 9x11 [bgcolor=#848788] [r=18 c=60 rs=1 cs=1]
              RenderInline {FONT} at (0,0) size 3x11
                RenderText {#text} at (0,0) size 3x11
                  text run at (0,0) width 3: " "
            RenderTableCell {TD} at (478,198) size 9x11 [bgcolor=#1A6B6A] [r=18 c=61 rs=1 cs=1]
              RenderInline {FONT} at (0,0) size 3x11
                RenderText {#text} at (0,0) size 3x11
                  text run at (0,0) width 3: " "
            RenderTableCell {TD} at (486,198) size 9x11 [bgcolor=#026766] [r=18 c=62 rs=1 cs=1]
              RenderInline {FONT} at (0,0) size 3x11
                RenderText {#text} at (0,0) size 3x11
                  text run at (0,0) width 3: " "
            RenderTableCell {TD} at (494,198) size 8x11 [bgcolor=#026766] [r=18 c=63 rs=1 cs=1]
              RenderInline {FONT} at (0,0) size 3x11
                RenderText {#text} at (0,0) size 3x11
                  text run at (0,0) width 3: " "
            RenderTableCell {TD} at (502,198) size 8x11 [bgcolor=#025E5E] [r=18 c=64 rs=1 cs=1]
              RenderInline {FONT} at (0,0) size 3x11
                RenderText {#text} at (0,0) size 3x11
                  text run at (0,0) width 3: " "
            RenderTableCell {TD} at (509,198) size 9x11 [bgcolor=#044F4F] [r=18 c=65 rs=1 cs=1]
              RenderInline {FONT} at (0,0) size 3x11
                RenderText {#text} at (0,0) size 3x11
                  text run at (0,0) width 3: " "
            RenderTableCell {TD} at (517,198) size 9x11 [bgcolor=#044F4F] [r=18 c=66 rs=1 cs=1]
              RenderInline {FONT} at (0,0) size 3x11
                RenderText {#text} at (0,0) size 3x11
                  text run at (0,0) width 3: " "
            RenderTableCell {TD} at (525,198) size 9x11 [bgcolor=#044F4F] [r=18 c=67 rs=1 cs=1]
              RenderInline {FONT} at (0,0) size 3x11
                RenderText {#text} at (0,0) size 3x11
                  text run at (0,0) width 3: " "
            RenderTableCell {TD} at (533,198) size 9x11 [bgcolor=#044F4F] [r=18 c=68 rs=1 cs=1]
              RenderInline {FONT} at (0,0) size 3x11
                RenderText {#text} at (0,0) size 3x11
                  text run at (0,0) width 3: " "
            RenderTableCell {TD} at (541,198) size 9x11 [bgcolor=#044F4F] [r=18 c=69 rs=1 cs=1]
              RenderInline {FONT} at (0,0) size 3x11
                RenderText {#text} at (0,0) size 3x11
                  text run at (0,0) width 3: " "
            RenderTableCell {TD} at (549,198) size 8x11 [bgcolor=#025E5E] [r=18 c=70 rs=1 cs=1]
              RenderInline {FONT} at (0,0) size 3x11
                RenderText {#text} at (0,0) size 3x11
                  text run at (0,0) width 3: " "
            RenderTableCell {TD} at (556,198) size 9x11 [bgcolor=#025E5E] [r=18 c=71 rs=1 cs=1]
              RenderInline {FONT} at (0,0) size 3x11
                RenderText {#text} at (0,0) size 3x11
                  text run at (0,0) width 3: " "
            RenderTableCell {TD} at (564,198) size 9x11 [bgcolor=#044140] [r=18 c=72 rs=1 cs=1]
              RenderInline {FONT} at (0,0) size 3x11
                RenderText {#text} at (0,0) size 3x11
                  text run at (0,0) width 3: " "
            RenderTableCell {TD} at (572,198) size 9x11 [bgcolor=#223C3D] [r=18 c=73 rs=1 cs=1]
              RenderInline {FONT} at (0,0) size 3x11
                RenderText {#text} at (0,0) size 3x11
                  text run at (0,0) width 3: " "
            RenderTableCell {TD} at (580,198) size 9x11 [bgcolor=#5E5F60] [r=18 c=74 rs=1 cs=1]
              RenderInline {FONT} at (0,0) size 3x11
                RenderText {#text} at (0,0) size 3x11
                  text run at (0,0) width 3: " "
            RenderTableCell {TD} at (588,198) size 9x11 [bgcolor=#777878] [r=18 c=75 rs=1 cs=1]
              RenderInline {FONT} at (0,0) size 3x11
                RenderText {#text} at (0,0) size 3x11
                  text run at (0,0) width 3: " "
            RenderTableCell {TD} at (596,198) size 8x11 [bgcolor=#939494] [r=18 c=76 rs=1 cs=1]
              RenderInline {FONT} at (0,0) size 3x11
                RenderText {#text} at (0,0) size 3x11
                  text run at (0,0) width 3: " "
            RenderTableCell {TD} at (603,198) size 9x11 [bgcolor=#939494] [r=18 c=77 rs=1 cs=1]
              RenderInline {FONT} at (0,0) size 3x11
                RenderText {#text} at (0,0) size 3x11
                  text run at (0,0) width 3: " "
            RenderTableCell {TD} at (611,198) size 9x11 [bgcolor=#1B8685] [r=18 c=78 rs=1 cs=1]
              RenderInline {FONT} at (0,0) size 3x11
                RenderText {#text} at (0,0) size 3x11
                  text run at (0,0) width 3: " "
            RenderTableCell {TD} at (619,198) size 9x11 [bgcolor=#026766] [r=18 c=79 rs=1 cs=1]
              RenderInline {FONT} at (0,0) size 3x11
                RenderText {#text} at (0,0) size 3x11
                  text run at (0,0) width 3: " "
            RenderTableCell {TD} at (627,198) size 9x11 [bgcolor=#025E5E] [r=18 c=80 rs=1 cs=1]
              RenderInline {FONT} at (0,0) size 3x11
                RenderText {#text} at (0,0) size 3x11
                  text run at (0,0) width 3: " "
            RenderTableCell {TD} at (635,198) size 9x11 [bgcolor=#044F4F] [r=18 c=81 rs=1 cs=1]
              RenderInline {FONT} at (0,0) size 3x11
                RenderText {#text} at (0,0) size 3x11
                  text run at (0,0) width 3: " "
            RenderTableCell {TD} at (643,198) size 9x11 [bgcolor=#044F4F] [r=18 c=82 rs=1 cs=1]
              RenderInline {FONT} at (0,0) size 3x11
                RenderText {#text} at (0,0) size 3x11
                  text run at (0,0) width 3: " "
            RenderTableCell {TD} at (651,198) size 8x11 [bgcolor=#044F4F] [r=18 c=83 rs=1 cs=1]
              RenderInline {FONT} at (0,0) size 3x11
                RenderText {#text} at (0,0) size 3x11
                  text run at (0,0) width 3: " "
            RenderTableCell {TD} at (658,198) size 9x11 [bgcolor=#044F4F] [r=18 c=84 rs=1 cs=1]
              RenderInline {FONT} at (0,0) size 3x11
                RenderText {#text} at (0,0) size 3x11
                  text run at (0,0) width 3: " "
            RenderTableCell {TD} at (666,198) size 9x11 [bgcolor=#025E5E] [r=18 c=85 rs=1 cs=1]
              RenderInline {FONT} at (0,0) size 3x11
                RenderText {#text} at (0,0) size 3x11
                  text run at (0,0) width 3: " "
            RenderTableCell {TD} at (674,198) size 9x11 [bgcolor=#026766] [r=18 c=86 rs=1 cs=1]
              RenderInline {FONT} at (0,0) size 3x11
                RenderText {#text} at (0,0) size 3x11
                  text run at (0,0) width 3: " "
            RenderTableCell {TD} at (682,198) size 9x11 [bgcolor=#026766] [r=18 c=87 rs=1 cs=1]
              RenderInline {FONT} at (0,0) size 3x11
                RenderText {#text} at (0,0) size 3x11
                  text run at (0,0) width 3: " "
            RenderTableCell {TD} at (690,198) size 9x11 [bgcolor=#026766] [r=18 c=88 rs=1 cs=1]
              RenderInline {FONT} at (0,0) size 3x11
                RenderText {#text} at (0,0) size 3x11
                  text run at (0,0) width 3: " "
            RenderTableCell {TD} at (698,198) size 8x11 [bgcolor=#026766] [r=18 c=89 rs=1 cs=1]
              RenderInline {FONT} at (0,0) size 3x11
                RenderText {#text} at (0,0) size 3x11
                  text run at (0,0) width 3: " "
            RenderTableCell {TD} at (705,198) size 9x11 [bgcolor=#026766] [r=18 c=90 rs=1 cs=1]
              RenderInline {FONT} at (0,0) size 3x11
                RenderText {#text} at (0,0) size 3x11
                  text run at (0,0) width 3: " "
            RenderTableCell {TD} at (713,198) size 9x11 [bgcolor=#025E5E] [r=18 c=91 rs=1 cs=1]
              RenderInline {FONT} at (0,0) size 3x11
                RenderText {#text} at (0,0) size 3x11
                  text run at (0,0) width 3: " "
            RenderTableCell {TD} at (721,198) size 9x11 [bgcolor=#044F4F] [r=18 c=92 rs=1 cs=1]
              RenderInline {FONT} at (0,0) size 3x11
                RenderText {#text} at (0,0) size 3x11
                  text run at (0,0) width 3: " "
            RenderTableCell {TD} at (729,198) size 9x11 [bgcolor=#083131] [r=18 c=93 rs=1 cs=1]
              RenderInline {FONT} at (0,0) size 3x11
                RenderText {#text} at (0,0) size 3x11
                  text run at (0,0) width 3: " "
            RenderTableCell {TD} at (737,198) size 9x11 [bgcolor=#1C2524] [r=18 c=94 rs=1 cs=1]
              RenderInline {FONT} at (0,0) size 3x11
                RenderText {#text} at (0,0) size 3x11
                  text run at (0,0) width 3: " "
            RenderTableCell {TD} at (745,198) size 8x11 [bgcolor=#4D4F4F] [r=18 c=95 rs=1 cs=1]
              RenderInline {FONT} at (0,0) size 3x11
                RenderText {#text} at (0,0) size 3x11
                  text run at (0,0) width 3: " "
            RenderTableCell {TD} at (753,198) size 8x11 [bgcolor=#777878] [r=18 c=96 rs=1 cs=1]
              RenderInline {FONT} at (0,0) size 3x11
                RenderText {#text} at (0,0) size 3x11
                  text run at (0,0) width 3: " "
            RenderTableCell {TD} at (760,198) size 9x11 [bgcolor=#848788] [r=18 c=97 rs=1 cs=1]
              RenderInline {FONT} at (0,0) size 3x11
                RenderText {#text} at (0,0) size 3x11
                  text run at (0,0) width 3: " "
            RenderTableCell {TD} at (768,198) size 9x11 [bgcolor=#777878] [r=18 c=98 rs=1 cs=1]
              RenderInline {FONT} at (0,0) size 3x11
                RenderText {#text} at (0,0) size 3x11
                  text run at (0,0) width 3: " "
            RenderTableCell {TD} at (776,198) size 9x11 [bgcolor=#4D4F4F] [r=18 c=99 rs=1 cs=1]
              RenderInline {FONT} at (0,0) size 3x11
                RenderText {#text} at (0,0) size 3x11
                  text run at (0,0) width 3: " "
          RenderTableRow {TR} at (0,209) size 784x11
            RenderTableCell {TD} at (0,209) size 8x11 [bgcolor=#FDFDFB] [r=19 c=0 rs=1 cs=1]
              RenderInline {FONT} at (0,0) size 3x11
                RenderText {#text} at (0,0) size 3x11
                  text run at (0,0) width 3: " "
            RenderTableCell {TD} at (7,209) size 9x11 [bgcolor=#FDFDFB] [r=19 c=1 rs=1 cs=1]
              RenderInline {FONT} at (0,0) size 3x11
                RenderText {#text} at (0,0) size 3x11
                  text run at (0,0) width 3: " "
            RenderTableCell {TD} at (15,209) size 9x11 [bgcolor=#DEDFDF] [r=19 c=2 rs=1 cs=1]
              RenderInline {FONT} at (0,0) size 3x11
                RenderText {#text} at (0,0) size 3x11
                  text run at (0,0) width 3: " "
            RenderTableCell {TD} at (23,209) size 9x11 [bgcolor=#5A8787] [r=19 c=3 rs=1 cs=1]
              RenderInline {FONT} at (0,0) size 3x11
                RenderText {#text} at (0,0) size 3x11
                  text run at (0,0) width 3: " "
            RenderTableCell {TD} at (31,209) size 9x11 [bgcolor=#025E5E] [r=19 c=4 rs=1 cs=1]
              RenderInline {FONT} at (0,0) size 3x11
                RenderText {#text} at (0,0) size 3x11
                  text run at (0,0) width 3: " "
            RenderTableCell {TD} at (39,209) size 9x11 [bgcolor=#025E5E] [r=19 c=5 rs=1 cs=1]
              RenderInline {FONT} at (0,0) size 3x11
                RenderText {#text} at (0,0) size 3x11
                  text run at (0,0) width 3: " "
            RenderTableCell {TD} at (47,209) size 8x11 [bgcolor=#025E5E] [r=19 c=6 rs=1 cs=1]
              RenderInline {FONT} at (0,0) size 3x11
                RenderText {#text} at (0,0) size 3x11
                  text run at (0,0) width 3: " "
            RenderTableCell {TD} at (54,209) size 9x11 [bgcolor=#026766] [r=19 c=7 rs=1 cs=1]
              RenderInline {FONT} at (0,0) size 3x11
                RenderText {#text} at (0,0) size 3x11
                  text run at (0,0) width 3: " "
            RenderTableCell {TD} at (62,209) size 9x11 [bgcolor=#026766] [r=19 c=8 rs=1 cs=1]
              RenderInline {FONT} at (0,0) size 3x11
                RenderText {#text} at (0,0) size 3x11
                  text run at (0,0) width 3: " "
            RenderTableCell {TD} at (70,209) size 9x11 [bgcolor=#026766] [r=19 c=9 rs=1 cs=1]
              RenderInline {FONT} at (0,0) size 3x11
                RenderText {#text} at (0,0) size 3x11
                  text run at (0,0) width 3: " "
            RenderTableCell {TD} at (78,209) size 9x11 [bgcolor=#026766] [r=19 c=10 rs=1 cs=1]
              RenderInline {FONT} at (0,0) size 3x11
                RenderText {#text} at (0,0) size 3x11
                  text run at (0,0) width 3: " "
            RenderTableCell {TD} at (86,209) size 9x11 [bgcolor=#025E5E] [r=19 c=11 rs=1 cs=1]
              RenderInline {FONT} at (0,0) size 3x11
                RenderText {#text} at (0,0) size 3x11
                  text run at (0,0) width 3: " "
            RenderTableCell {TD} at (94,209) size 8x11 [bgcolor=#025E5E] [r=19 c=12 rs=1 cs=1]
              RenderInline {FONT} at (0,0) size 3x11
                RenderText {#text} at (0,0) size 3x11
                  text run at (0,0) width 3: " "
            RenderTableCell {TD} at (101,209) size 9x11 [bgcolor=#044140] [r=19 c=13 rs=1 cs=1]
              RenderInline {FONT} at (0,0) size 3x11
                RenderText {#text} at (0,0) size 3x11
                  text run at (0,0) width 3: " "
            RenderTableCell {TD} at (109,209) size 9x11 [bgcolor=#223C3D] [r=19 c=14 rs=1 cs=1]
              RenderInline {FONT} at (0,0) size 3x11
                RenderText {#text} at (0,0) size 3x11
                  text run at (0,0) width 3: " "
            RenderTableCell {TD} at (117,209) size 9x11 [bgcolor=#4D4F4F] [r=19 c=15 rs=1 cs=1]
              RenderInline {FONT} at (0,0) size 3x11
                RenderText {#text} at (0,0) size 3x11
                  text run at (0,0) width 3: " "
            RenderTableCell {TD} at (125,209) size 9x11 [bgcolor=#777878] [r=19 c=16 rs=1 cs=1]
              RenderInline {FONT} at (0,0) size 3x11
                RenderText {#text} at (0,0) size 3x11
                  text run at (0,0) width 3: " "
            RenderTableCell {TD} at (133,209) size 9x11 [bgcolor=#848788] [r=19 c=17 rs=1 cs=1]
              RenderInline {FONT} at (0,0) size 3x11
                RenderText {#text} at (0,0) size 3x11
                  text run at (0,0) width 3: " "
            RenderTableCell {TD} at (141,209) size 9x11 [bgcolor=#848788] [r=19 c=18 rs=1 cs=1]
              RenderInline {FONT} at (0,0) size 3x11
                RenderText {#text} at (0,0) size 3x11
                  text run at (0,0) width 3: " "
            RenderTableCell {TD} at (149,209) size 8x11 [bgcolor=#1B8685] [r=19 c=19 rs=1 cs=1]
              RenderInline {FONT} at (0,0) size 3x11
                RenderText {#text} at (0,0) size 3x11
                  text run at (0,0) width 3: " "
            RenderTableCell {TD} at (156,209) size 9x11 [bgcolor=#027777] [r=19 c=20 rs=1 cs=1]
              RenderInline {FONT} at (0,0) size 3x11
                RenderText {#text} at (0,0) size 3x11
                  text run at (0,0) width 3: " "
            RenderTableCell {TD} at (164,209) size 9x11 [bgcolor=#026766] [r=19 c=21 rs=1 cs=1]
              RenderInline {FONT} at (0,0) size 3x11
                RenderText {#text} at (0,0) size 3x11
                  text run at (0,0) width 3: " "
            RenderTableCell {TD} at (172,209) size 9x11 [bgcolor=#026766] [r=19 c=22 rs=1 cs=1]
              RenderInline {FONT} at (0,0) size 3x11
                RenderText {#text} at (0,0) size 3x11
                  text run at (0,0) width 3: " "
            RenderTableCell {TD} at (180,209) size 9x11 [bgcolor=#026766] [r=19 c=23 rs=1 cs=1]
              RenderInline {FONT} at (0,0) size 3x11
                RenderText {#text} at (0,0) size 3x11
                  text run at (0,0) width 3: " "
            RenderTableCell {TD} at (188,209) size 9x11 [bgcolor=#025E5E] [r=19 c=24 rs=1 cs=1]
              RenderInline {FONT} at (0,0) size 3x11
                RenderText {#text} at (0,0) size 3x11
                  text run at (0,0) width 3: " "
            RenderTableCell {TD} at (196,209) size 8x11 [bgcolor=#025E5E] [r=19 c=25 rs=1 cs=1]
              RenderInline {FONT} at (0,0) size 3x11
                RenderText {#text} at (0,0) size 3x11
                  text run at (0,0) width 3: " "
            RenderTableCell {TD} at (203,209) size 9x11 [bgcolor=#025E5E] [r=19 c=26 rs=1 cs=1]
              RenderInline {FONT} at (0,0) size 3x11
                RenderText {#text} at (0,0) size 3x11
                  text run at (0,0) width 3: " "
            RenderTableCell {TD} at (211,209) size 9x11 [bgcolor=#044F4F] [r=19 c=27 rs=1 cs=1]
              RenderInline {FONT} at (0,0) size 3x11
                RenderText {#text} at (0,0) size 3x11
                  text run at (0,0) width 3: " "
            RenderTableCell {TD} at (219,209) size 9x11 [bgcolor=#044140] [r=19 c=28 rs=1 cs=1]
              RenderInline {FONT} at (0,0) size 3x11
                RenderText {#text} at (0,0) size 3x11
                  text run at (0,0) width 3: " "
            RenderTableCell {TD} at (227,209) size 9x11 [bgcolor=#072323] [r=19 c=29 rs=1 cs=1]
              RenderInline {FONT} at (0,0) size 3x11
                RenderText {#text} at (0,0) size 3x11
                  text run at (0,0) width 3: " "
            RenderTableCell {TD} at (235,209) size 9x11 [bgcolor=#2D3433] [r=19 c=30 rs=1 cs=1]
              RenderInline {FONT} at (0,0) size 3x11
                RenderText {#text} at (0,0) size 3x11
                  text run at (0,0) width 3: " "
            RenderTableCell {TD} at (243,209) size 8x11 [bgcolor=#4D4F4F] [r=19 c=31 rs=1 cs=1]
              RenderInline {FONT} at (0,0) size 3x11
                RenderText {#text} at (0,0) size 3x11
                  text run at (0,0) width 3: " "
            RenderTableCell {TD} at (251,209) size 8x11 [bgcolor=#5E5F60] [r=19 c=32 rs=1 cs=1]
              RenderInline {FONT} at (0,0) size 3x11
                RenderText {#text} at (0,0) size 3x11
                  text run at (0,0) width 3: " "
            RenderTableCell {TD} at (258,209) size 9x11 [bgcolor=#777878] [r=19 c=33 rs=1 cs=1]
              RenderInline {FONT} at (0,0) size 3x11
                RenderText {#text} at (0,0) size 3x11
                  text run at (0,0) width 3: " "
            RenderTableCell {TD} at (266,209) size 9x11 [bgcolor=#848788] [r=19 c=34 rs=1 cs=1]
              RenderInline {FONT} at (0,0) size 3x11
                RenderText {#text} at (0,0) size 3x11
                  text run at (0,0) width 3: " "
            RenderTableCell {TD} at (274,209) size 9x11 [bgcolor=#848788] [r=19 c=35 rs=1 cs=1]
              RenderInline {FONT} at (0,0) size 3x11
                RenderText {#text} at (0,0) size 3x11
                  text run at (0,0) width 3: " "
            RenderTableCell {TD} at (282,209) size 9x11 [bgcolor=#027777] [r=19 c=36 rs=1 cs=1]
              RenderInline {FONT} at (0,0) size 3x11
                RenderText {#text} at (0,0) size 3x11
                  text run at (0,0) width 3: " "
            RenderTableCell {TD} at (290,209) size 9x11 [bgcolor=#027777] [r=19 c=37 rs=1 cs=1]
              RenderInline {FONT} at (0,0) size 3x11
                RenderText {#text} at (0,0) size 3x11
                  text run at (0,0) width 3: " "
            RenderTableCell {TD} at (298,209) size 8x11 [bgcolor=#026766] [r=19 c=38 rs=1 cs=1]
              RenderInline {FONT} at (0,0) size 3x11
                RenderText {#text} at (0,0) size 3x11
                  text run at (0,0) width 3: " "
            RenderTableCell {TD} at (305,209) size 9x11 [bgcolor=#026766] [r=19 c=39 rs=1 cs=1]
              RenderInline {FONT} at (0,0) size 3x11
                RenderText {#text} at (0,0) size 3x11
                  text run at (0,0) width 3: " "
            RenderTableCell {TD} at (313,209) size 9x11 [bgcolor=#026766] [r=19 c=40 rs=1 cs=1]
              RenderInline {FONT} at (0,0) size 3x11
                RenderText {#text} at (0,0) size 3x11
                  text run at (0,0) width 3: " "
            RenderTableCell {TD} at (321,209) size 9x11 [bgcolor=#026766] [r=19 c=41 rs=1 cs=1]
              RenderInline {FONT} at (0,0) size 3x11
                RenderText {#text} at (0,0) size 3x11
                  text run at (0,0) width 3: " "
            RenderTableCell {TD} at (329,209) size 9x11 [bgcolor=#026766] [r=19 c=42 rs=1 cs=1]
              RenderInline {FONT} at (0,0) size 3x11
                RenderText {#text} at (0,0) size 3x11
                  text run at (0,0) width 3: " "
            RenderTableCell {TD} at (337,209) size 9x11 [bgcolor=#026766] [r=19 c=43 rs=1 cs=1]
              RenderInline {FONT} at (0,0) size 3x11
                RenderText {#text} at (0,0) size 3x11
                  text run at (0,0) width 3: " "
            RenderTableCell {TD} at (345,209) size 8x11 [bgcolor=#026766] [r=19 c=44 rs=1 cs=1]
              RenderInline {FONT} at (0,0) size 3x11
                RenderText {#text} at (0,0) size 3x11
                  text run at (0,0) width 3: " "
            RenderTableCell {TD} at (352,209) size 9x11 [bgcolor=#026766] [r=19 c=45 rs=1 cs=1]
              RenderInline {FONT} at (0,0) size 3x11
                RenderText {#text} at (0,0) size 3x11
                  text run at (0,0) width 3: " "
            RenderTableCell {TD} at (360,209) size 9x11 [bgcolor=#026766] [r=19 c=46 rs=1 cs=1]
              RenderInline {FONT} at (0,0) size 3x11
                RenderText {#text} at (0,0) size 3x11
                  text run at (0,0) width 3: " "
            RenderTableCell {TD} at (368,209) size 9x11 [bgcolor=#026766] [r=19 c=47 rs=1 cs=1]
              RenderInline {FONT} at (0,0) size 3x11
                RenderText {#text} at (0,0) size 3x11
                  text run at (0,0) width 3: " "
            RenderTableCell {TD} at (376,209) size 9x11 [bgcolor=#026766] [r=19 c=48 rs=1 cs=1]
              RenderInline {FONT} at (0,0) size 3x11
                RenderText {#text} at (0,0) size 3x11
                  text run at (0,0) width 3: " "
            RenderTableCell {TD} at (384,209) size 9x11 [bgcolor=#025E5E] [r=19 c=49 rs=1 cs=1]
              RenderInline {FONT} at (0,0) size 3x11
                RenderText {#text} at (0,0) size 3x11
                  text run at (0,0) width 3: " "
            RenderTableCell {TD} at (392,209) size 9x11 [bgcolor=#044F4F] [r=19 c=50 rs=1 cs=1]
              RenderInline {FONT} at (0,0) size 3x11
                RenderText {#text} at (0,0) size 3x11
                  text run at (0,0) width 3: " "
            RenderTableCell {TD} at (400,209) size 8x11 [bgcolor=#083131] [r=19 c=51 rs=1 cs=1]
              RenderInline {FONT} at (0,0) size 3x11
                RenderText {#text} at (0,0) size 3x11
                  text run at (0,0) width 3: " "
            RenderTableCell {TD} at (407,209) size 9x11 [bgcolor=#3D4242] [r=19 c=52 rs=1 cs=1]
              RenderInline {FONT} at (0,0) size 3x11
                RenderText {#text} at (0,0) size 3x11
                  text run at (0,0) width 3: " "
            RenderTableCell {TD} at (415,209) size 9x11 [bgcolor=#5E5F60] [r=19 c=53 rs=1 cs=1]
              RenderInline {FONT} at (0,0) size 3x11
                RenderText {#text} at (0,0) size 3x11
                  text run at (0,0) width 3: " "
            RenderTableCell {TD} at (423,209) size 9x11 [bgcolor=#777878] [r=19 c=54 rs=1 cs=1]
              RenderInline {FONT} at (0,0) size 3x11
                RenderText {#text} at (0,0) size 3x11
                  text run at (0,0) width 3: " "
            RenderTableCell {TD} at (431,209) size 9x11 [bgcolor=#848788] [r=19 c=55 rs=1 cs=1]
              RenderInline {FONT} at (0,0) size 3x11
                RenderText {#text} at (0,0) size 3x11
                  text run at (0,0) width 3: " "
            RenderTableCell {TD} at (439,209) size 9x11 [bgcolor=#939494] [r=19 c=56 rs=1 cs=1]
              RenderInline {FONT} at (0,0) size 3x11
                RenderText {#text} at (0,0) size 3x11
                  text run at (0,0) width 3: " "
            RenderTableCell {TD} at (447,209) size 8x11 [bgcolor=#939494] [r=19 c=57 rs=1 cs=1]
              RenderInline {FONT} at (0,0) size 3x11
                RenderText {#text} at (0,0) size 3x11
                  text run at (0,0) width 3: " "
            RenderTableCell {TD} at (454,209) size 9x11 [bgcolor=#939494] [r=19 c=58 rs=1 cs=1]
              RenderInline {FONT} at (0,0) size 3x11
                RenderText {#text} at (0,0) size 3x11
                  text run at (0,0) width 3: " "
            RenderTableCell {TD} at (462,209) size 9x11 [bgcolor=#939494] [r=19 c=59 rs=1 cs=1]
              RenderInline {FONT} at (0,0) size 3x11
                RenderText {#text} at (0,0) size 3x11
                  text run at (0,0) width 3: " "
            RenderTableCell {TD} at (470,209) size 9x11 [bgcolor=#848788] [r=19 c=60 rs=1 cs=1]
              RenderInline {FONT} at (0,0) size 3x11
                RenderText {#text} at (0,0) size 3x11
                  text run at (0,0) width 3: " "
            RenderTableCell {TD} at (478,209) size 9x11 [bgcolor=#527274] [r=19 c=61 rs=1 cs=1]
              RenderInline {FONT} at (0,0) size 3x11
                RenderText {#text} at (0,0) size 3x11
                  text run at (0,0) width 3: " "
            RenderTableCell {TD} at (486,209) size 9x11 [bgcolor=#026766] [r=19 c=62 rs=1 cs=1]
              RenderInline {FONT} at (0,0) size 3x11
                RenderText {#text} at (0,0) size 3x11
                  text run at (0,0) width 3: " "
            RenderTableCell {TD} at (494,209) size 8x11 [bgcolor=#026766] [r=19 c=63 rs=1 cs=1]
              RenderInline {FONT} at (0,0) size 3x11
                RenderText {#text} at (0,0) size 3x11
                  text run at (0,0) width 3: " "
            RenderTableCell {TD} at (502,209) size 8x11 [bgcolor=#026766] [r=19 c=64 rs=1 cs=1]
              RenderInline {FONT} at (0,0) size 3x11
                RenderText {#text} at (0,0) size 3x11
                  text run at (0,0) width 3: " "
            RenderTableCell {TD} at (509,209) size 9x11 [bgcolor=#026766] [r=19 c=65 rs=1 cs=1]
              RenderInline {FONT} at (0,0) size 3x11
                RenderText {#text} at (0,0) size 3x11
                  text run at (0,0) width 3: " "
            RenderTableCell {TD} at (517,209) size 9x11 [bgcolor=#026766] [r=19 c=66 rs=1 cs=1]
              RenderInline {FONT} at (0,0) size 3x11
                RenderText {#text} at (0,0) size 3x11
                  text run at (0,0) width 3: " "
            RenderTableCell {TD} at (525,209) size 9x11 [bgcolor=#026766] [r=19 c=67 rs=1 cs=1]
              RenderInline {FONT} at (0,0) size 3x11
                RenderText {#text} at (0,0) size 3x11
                  text run at (0,0) width 3: " "
            RenderTableCell {TD} at (533,209) size 9x11 [bgcolor=#026766] [r=19 c=68 rs=1 cs=1]
              RenderInline {FONT} at (0,0) size 3x11
                RenderText {#text} at (0,0) size 3x11
                  text run at (0,0) width 3: " "
            RenderTableCell {TD} at (541,209) size 9x11 [bgcolor=#026766] [r=19 c=69 rs=1 cs=1]
              RenderInline {FONT} at (0,0) size 3x11
                RenderText {#text} at (0,0) size 3x11
                  text run at (0,0) width 3: " "
            RenderTableCell {TD} at (549,209) size 8x11 [bgcolor=#026766] [r=19 c=70 rs=1 cs=1]
              RenderInline {FONT} at (0,0) size 3x11
                RenderText {#text} at (0,0) size 3x11
                  text run at (0,0) width 3: " "
            RenderTableCell {TD} at (556,209) size 9x11 [bgcolor=#025E5E] [r=19 c=71 rs=1 cs=1]
              RenderInline {FONT} at (0,0) size 3x11
                RenderText {#text} at (0,0) size 3x11
                  text run at (0,0) width 3: " "
            RenderTableCell {TD} at (564,209) size 9x11 [bgcolor=#025E5E] [r=19 c=72 rs=1 cs=1]
              RenderInline {FONT} at (0,0) size 3x11
                RenderText {#text} at (0,0) size 3x11
                  text run at (0,0) width 3: " "
            RenderTableCell {TD} at (572,209) size 9x11 [bgcolor=#044F4F] [r=19 c=73 rs=1 cs=1]
              RenderInline {FONT} at (0,0) size 3x11
                RenderText {#text} at (0,0) size 3x11
                  text run at (0,0) width 3: " "
            RenderTableCell {TD} at (580,209) size 9x11 [bgcolor=#425A5A] [r=19 c=74 rs=1 cs=1]
              RenderInline {FONT} at (0,0) size 3x11
                RenderText {#text} at (0,0) size 3x11
                  text run at (0,0) width 3: " "
            RenderTableCell {TD} at (588,209) size 9x11 [bgcolor=#777878] [r=19 c=75 rs=1 cs=1]
              RenderInline {FONT} at (0,0) size 3x11
                RenderText {#text} at (0,0) size 3x11
                  text run at (0,0) width 3: " "
            RenderTableCell {TD} at (596,209) size 8x11 [bgcolor=#848788] [r=19 c=76 rs=1 cs=1]
              RenderInline {FONT} at (0,0) size 3x11
                RenderText {#text} at (0,0) size 3x11
                  text run at (0,0) width 3: " "
            RenderTableCell {TD} at (603,209) size 9x11 [bgcolor=#848788] [r=19 c=77 rs=1 cs=1]
              RenderInline {FONT} at (0,0) size 3x11
                RenderText {#text} at (0,0) size 3x11
                  text run at (0,0) width 3: " "
            RenderTableCell {TD} at (611,209) size 9x11 [bgcolor=#1B8685] [r=19 c=78 rs=1 cs=1]
              RenderInline {FONT} at (0,0) size 3x11
                RenderText {#text} at (0,0) size 3x11
                  text run at (0,0) width 3: " "
            RenderTableCell {TD} at (619,209) size 9x11 [bgcolor=#027777] [r=19 c=79 rs=1 cs=1]
              RenderInline {FONT} at (0,0) size 3x11
                RenderText {#text} at (0,0) size 3x11
                  text run at (0,0) width 3: " "
            RenderTableCell {TD} at (627,209) size 9x11 [bgcolor=#026766] [r=19 c=80 rs=1 cs=1]
              RenderInline {FONT} at (0,0) size 3x11
                RenderText {#text} at (0,0) size 3x11
                  text run at (0,0) width 3: " "
            RenderTableCell {TD} at (635,209) size 9x11 [bgcolor=#026766] [r=19 c=81 rs=1 cs=1]
              RenderInline {FONT} at (0,0) size 3x11
                RenderText {#text} at (0,0) size 3x11
                  text run at (0,0) width 3: " "
            RenderTableCell {TD} at (643,209) size 9x11 [bgcolor=#026766] [r=19 c=82 rs=1 cs=1]
              RenderInline {FONT} at (0,0) size 3x11
                RenderText {#text} at (0,0) size 3x11
                  text run at (0,0) width 3: " "
            RenderTableCell {TD} at (651,209) size 8x11 [bgcolor=#026766] [r=19 c=83 rs=1 cs=1]
              RenderInline {FONT} at (0,0) size 3x11
                RenderText {#text} at (0,0) size 3x11
                  text run at (0,0) width 3: " "
            RenderTableCell {TD} at (658,209) size 9x11 [bgcolor=#026766] [r=19 c=84 rs=1 cs=1]
              RenderInline {FONT} at (0,0) size 3x11
                RenderText {#text} at (0,0) size 3x11
                  text run at (0,0) width 3: " "
            RenderTableCell {TD} at (666,209) size 9x11 [bgcolor=#026766] [r=19 c=85 rs=1 cs=1]
              RenderInline {FONT} at (0,0) size 3x11
                RenderText {#text} at (0,0) size 3x11
                  text run at (0,0) width 3: " "
            RenderTableCell {TD} at (674,209) size 9x11 [bgcolor=#026766] [r=19 c=86 rs=1 cs=1]
              RenderInline {FONT} at (0,0) size 3x11
                RenderText {#text} at (0,0) size 3x11
                  text run at (0,0) width 3: " "
            RenderTableCell {TD} at (682,209) size 9x11 [bgcolor=#026766] [r=19 c=87 rs=1 cs=1]
              RenderInline {FONT} at (0,0) size 3x11
                RenderText {#text} at (0,0) size 3x11
                  text run at (0,0) width 3: " "
            RenderTableCell {TD} at (690,209) size 9x11 [bgcolor=#026766] [r=19 c=88 rs=1 cs=1]
              RenderInline {FONT} at (0,0) size 3x11
                RenderText {#text} at (0,0) size 3x11
                  text run at (0,0) width 3: " "
            RenderTableCell {TD} at (698,209) size 8x11 [bgcolor=#026766] [r=19 c=89 rs=1 cs=1]
              RenderInline {FONT} at (0,0) size 3x11
                RenderText {#text} at (0,0) size 3x11
                  text run at (0,0) width 3: " "
            RenderTableCell {TD} at (705,209) size 9x11 [bgcolor=#026766] [r=19 c=90 rs=1 cs=1]
              RenderInline {FONT} at (0,0) size 3x11
                RenderText {#text} at (0,0) size 3x11
                  text run at (0,0) width 3: " "
            RenderTableCell {TD} at (713,209) size 9x11 [bgcolor=#025E5E] [r=19 c=91 rs=1 cs=1]
              RenderInline {FONT} at (0,0) size 3x11
                RenderText {#text} at (0,0) size 3x11
                  text run at (0,0) width 3: " "
            RenderTableCell {TD} at (721,209) size 9x11 [bgcolor=#044F4F] [r=19 c=92 rs=1 cs=1]
              RenderInline {FONT} at (0,0) size 3x11
                RenderText {#text} at (0,0) size 3x11
                  text run at (0,0) width 3: " "
            RenderTableCell {TD} at (729,209) size 9x11 [bgcolor=#044140] [r=19 c=93 rs=1 cs=1]
              RenderInline {FONT} at (0,0) size 3x11
                RenderText {#text} at (0,0) size 3x11
                  text run at (0,0) width 3: " "
            RenderTableCell {TD} at (737,209) size 9x11 [bgcolor=#223C3D] [r=19 c=94 rs=1 cs=1]
              RenderInline {FONT} at (0,0) size 3x11
                RenderText {#text} at (0,0) size 3x11
                  text run at (0,0) width 3: " "
            RenderTableCell {TD} at (745,209) size 8x11 [bgcolor=#515C5B] [r=19 c=95 rs=1 cs=1]
              RenderInline {FONT} at (0,0) size 3x11
                RenderText {#text} at (0,0) size 3x11
                  text run at (0,0) width 3: " "
            RenderTableCell {TD} at (753,209) size 8x11 [bgcolor=#777878] [r=19 c=96 rs=1 cs=1]
              RenderInline {FONT} at (0,0) size 3x11
                RenderText {#text} at (0,0) size 3x11
                  text run at (0,0) width 3: " "
            RenderTableCell {TD} at (760,209) size 9x11 [bgcolor=#848788] [r=19 c=97 rs=1 cs=1]
              RenderInline {FONT} at (0,0) size 3x11
                RenderText {#text} at (0,0) size 3x11
                  text run at (0,0) width 3: " "
            RenderTableCell {TD} at (768,209) size 9x11 [bgcolor=#696A69] [r=19 c=98 rs=1 cs=1]
              RenderInline {FONT} at (0,0) size 3x11
                RenderText {#text} at (0,0) size 3x11
                  text run at (0,0) width 3: " "
            RenderTableCell {TD} at (776,209) size 9x11 [bgcolor=#4D4F4F] [r=19 c=99 rs=1 cs=1]
              RenderInline {FONT} at (0,0) size 3x11
                RenderText {#text} at (0,0) size 3x11
                  text run at (0,0) width 3: " "
          RenderTableRow {TR} at (0,220) size 784x11
            RenderTableCell {TD} at (0,220) size 8x11 [bgcolor=#FDFDFB] [r=20 c=0 rs=1 cs=1]
              RenderInline {FONT} at (0,0) size 3x11
                RenderText {#text} at (0,0) size 3x11
                  text run at (0,0) width 3: " "
            RenderTableCell {TD} at (7,220) size 9x11 [bgcolor=#FDFDFB] [r=20 c=1 rs=1 cs=1]
              RenderInline {FONT} at (0,0) size 3x11
                RenderText {#text} at (0,0) size 3x11
                  text run at (0,0) width 3: " "
            RenderTableCell {TD} at (15,220) size 9x11 [bgcolor=#EDEEEF] [r=20 c=2 rs=1 cs=1]
              RenderInline {FONT} at (0,0) size 3x11
                RenderText {#text} at (0,0) size 3x11
                  text run at (0,0) width 3: " "
            RenderTableCell {TD} at (23,220) size 9x11 [bgcolor=#CECFCF] [r=20 c=3 rs=1 cs=1]
              RenderInline {FONT} at (0,0) size 3x11
                RenderText {#text} at (0,0) size 3x11
                  text run at (0,0) width 3: " "
            RenderTableCell {TD} at (31,220) size 9x11 [bgcolor=#5A8787] [r=20 c=4 rs=1 cs=1]
              RenderInline {FONT} at (0,0) size 3x11
                RenderText {#text} at (0,0) size 3x11
                  text run at (0,0) width 3: " "
            RenderTableCell {TD} at (39,220) size 9x11 [bgcolor=#044F4F] [r=20 c=5 rs=1 cs=1]
              RenderInline {FONT} at (0,0) size 3x11
                RenderText {#text} at (0,0) size 3x11
                  text run at (0,0) width 3: " "
            RenderTableCell {TD} at (47,220) size 8x11 [bgcolor=#025E5E] [r=20 c=6 rs=1 cs=1]
              RenderInline {FONT} at (0,0) size 3x11
                RenderText {#text} at (0,0) size 3x11
                  text run at (0,0) width 3: " "
            RenderTableCell {TD} at (54,220) size 9x11 [bgcolor=#025E5E] [r=20 c=7 rs=1 cs=1]
              RenderInline {FONT} at (0,0) size 3x11
                RenderText {#text} at (0,0) size 3x11
                  text run at (0,0) width 3: " "
            RenderTableCell {TD} at (62,220) size 9x11 [bgcolor=#025E5E] [r=20 c=8 rs=1 cs=1]
              RenderInline {FONT} at (0,0) size 3x11
                RenderText {#text} at (0,0) size 3x11
                  text run at (0,0) width 3: " "
            RenderTableCell {TD} at (70,220) size 9x11 [bgcolor=#026766] [r=20 c=9 rs=1 cs=1]
              RenderInline {FONT} at (0,0) size 3x11
                RenderText {#text} at (0,0) size 3x11
                  text run at (0,0) width 3: " "
            RenderTableCell {TD} at (78,220) size 9x11 [bgcolor=#026766] [r=20 c=10 rs=1 cs=1]
              RenderInline {FONT} at (0,0) size 3x11
                RenderText {#text} at (0,0) size 3x11
                  text run at (0,0) width 3: " "
            RenderTableCell {TD} at (86,220) size 9x11 [bgcolor=#025E5E] [r=20 c=11 rs=1 cs=1]
              RenderInline {FONT} at (0,0) size 3x11
                RenderText {#text} at (0,0) size 3x11
                  text run at (0,0) width 3: " "
            RenderTableCell {TD} at (94,220) size 8x11 [bgcolor=#025E5E] [r=20 c=12 rs=1 cs=1]
              RenderInline {FONT} at (0,0) size 3x11
                RenderText {#text} at (0,0) size 3x11
                  text run at (0,0) width 3: " "
            RenderTableCell {TD} at (101,220) size 9x11 [bgcolor=#044F4F] [r=20 c=13 rs=1 cs=1]
              RenderInline {FONT} at (0,0) size 3x11
                RenderText {#text} at (0,0) size 3x11
                  text run at (0,0) width 3: " "
            RenderTableCell {TD} at (109,220) size 9x11 [bgcolor=#044140] [r=20 c=14 rs=1 cs=1]
              RenderInline {FONT} at (0,0) size 3x11
                RenderText {#text} at (0,0) size 3x11
                  text run at (0,0) width 3: " "
            RenderTableCell {TD} at (117,220) size 9x11 [bgcolor=#3D4242] [r=20 c=15 rs=1 cs=1]
              RenderInline {FONT} at (0,0) size 3x11
                RenderText {#text} at (0,0) size 3x11
                  text run at (0,0) width 3: " "
            RenderTableCell {TD} at (125,220) size 9x11 [bgcolor=#515C5B] [r=20 c=16 rs=1 cs=1]
              RenderInline {FONT} at (0,0) size 3x11
                RenderText {#text} at (0,0) size 3x11
                  text run at (0,0) width 3: " "
            RenderTableCell {TD} at (133,220) size 9x11 [bgcolor=#696A69] [r=20 c=17 rs=1 cs=1]
              RenderInline {FONT} at (0,0) size 3x11
                RenderText {#text} at (0,0) size 3x11
                  text run at (0,0) width 3: " "
            RenderTableCell {TD} at (141,220) size 9x11 [bgcolor=#526B6B] [r=20 c=18 rs=1 cs=1]
              RenderInline {FONT} at (0,0) size 3x11
                RenderText {#text} at (0,0) size 3x11
                  text run at (0,0) width 3: " "
            RenderTableCell {TD} at (149,220) size 8x11 [bgcolor=#048485] [r=20 c=19 rs=1 cs=1]
              RenderInline {FONT} at (0,0) size 3x11
                RenderText {#text} at (0,0) size 3x11
                  text run at (0,0) width 3: " "
            RenderTableCell {TD} at (156,220) size 9x11 [bgcolor=#027777] [r=20 c=20 rs=1 cs=1]
              RenderInline {FONT} at (0,0) size 3x11
                RenderText {#text} at (0,0) size 3x11
                  text run at (0,0) width 3: " "
            RenderTableCell {TD} at (164,220) size 9x11 [bgcolor=#026766] [r=20 c=21 rs=1 cs=1]
              RenderInline {FONT} at (0,0) size 3x11
                RenderText {#text} at (0,0) size 3x11
                  text run at (0,0) width 3: " "
            RenderTableCell {TD} at (172,220) size 9x11 [bgcolor=#026766] [r=20 c=22 rs=1 cs=1]
              RenderInline {FONT} at (0,0) size 3x11
                RenderText {#text} at (0,0) size 3x11
                  text run at (0,0) width 3: " "
            RenderTableCell {TD} at (180,220) size 9x11 [bgcolor=#025E5E] [r=20 c=23 rs=1 cs=1]
              RenderInline {FONT} at (0,0) size 3x11
                RenderText {#text} at (0,0) size 3x11
                  text run at (0,0) width 3: " "
            RenderTableCell {TD} at (188,220) size 9x11 [bgcolor=#025E5E] [r=20 c=24 rs=1 cs=1]
              RenderInline {FONT} at (0,0) size 3x11
                RenderText {#text} at (0,0) size 3x11
                  text run at (0,0) width 3: " "
            RenderTableCell {TD} at (196,220) size 8x11 [bgcolor=#025E5E] [r=20 c=25 rs=1 cs=1]
              RenderInline {FONT} at (0,0) size 3x11
                RenderText {#text} at (0,0) size 3x11
                  text run at (0,0) width 3: " "
            RenderTableCell {TD} at (203,220) size 9x11 [bgcolor=#044F4F] [r=20 c=26 rs=1 cs=1]
              RenderInline {FONT} at (0,0) size 3x11
                RenderText {#text} at (0,0) size 3x11
                  text run at (0,0) width 3: " "
            RenderTableCell {TD} at (211,220) size 9x11 [bgcolor=#044140] [r=20 c=27 rs=1 cs=1]
              RenderInline {FONT} at (0,0) size 3x11
                RenderText {#text} at (0,0) size 3x11
                  text run at (0,0) width 3: " "
            RenderTableCell {TD} at (219,220) size 9x11 [bgcolor=#072323] [r=20 c=28 rs=1 cs=1]
              RenderInline {FONT} at (0,0) size 3x11
                RenderText {#text} at (0,0) size 3x11
                  text run at (0,0) width 3: " "
            RenderTableCell {TD} at (227,220) size 9x11 [bgcolor=#1C2524] [r=20 c=29 rs=1 cs=1]
              RenderInline {FONT} at (0,0) size 3x11
                RenderText {#text} at (0,0) size 3x11
                  text run at (0,0) width 3: " "
            RenderTableCell {TD} at (235,220) size 9x11 [bgcolor=#2D3433] [r=20 c=30 rs=1 cs=1]
              RenderInline {FONT} at (0,0) size 3x11
                RenderText {#text} at (0,0) size 3x11
                  text run at (0,0) width 3: " "
            RenderTableCell {TD} at (243,220) size 8x11 [bgcolor=#3D4242] [r=20 c=31 rs=1 cs=1]
              RenderInline {FONT} at (0,0) size 3x11
                RenderText {#text} at (0,0) size 3x11
                  text run at (0,0) width 3: " "
            RenderTableCell {TD} at (251,220) size 8x11 [bgcolor=#515C5B] [r=20 c=32 rs=1 cs=1]
              RenderInline {FONT} at (0,0) size 3x11
                RenderText {#text} at (0,0) size 3x11
                  text run at (0,0) width 3: " "
            RenderTableCell {TD} at (258,220) size 9x11 [bgcolor=#696A69] [r=20 c=33 rs=1 cs=1]
              RenderInline {FONT} at (0,0) size 3x11
                RenderText {#text} at (0,0) size 3x11
                  text run at (0,0) width 3: " "
            RenderTableCell {TD} at (266,220) size 9x11 [bgcolor=#696A69] [r=20 c=34 rs=1 cs=1]
              RenderInline {FONT} at (0,0) size 3x11
                RenderText {#text} at (0,0) size 3x11
                  text run at (0,0) width 3: " "
            RenderTableCell {TD} at (274,220) size 9x11 [bgcolor=#696A69] [r=20 c=35 rs=1 cs=1]
              RenderInline {FONT} at (0,0) size 3x11
                RenderText {#text} at (0,0) size 3x11
                  text run at (0,0) width 3: " "
            RenderTableCell {TD} at (282,220) size 9x11 [bgcolor=#027777] [r=20 c=36 rs=1 cs=1]
              RenderInline {FONT} at (0,0) size 3x11
                RenderText {#text} at (0,0) size 3x11
                  text run at (0,0) width 3: " "
            RenderTableCell {TD} at (290,220) size 9x11 [bgcolor=#027777] [r=20 c=37 rs=1 cs=1]
              RenderInline {FONT} at (0,0) size 3x11
                RenderText {#text} at (0,0) size 3x11
                  text run at (0,0) width 3: " "
            RenderTableCell {TD} at (298,220) size 8x11 [bgcolor=#026766] [r=20 c=38 rs=1 cs=1]
              RenderInline {FONT} at (0,0) size 3x11
                RenderText {#text} at (0,0) size 3x11
                  text run at (0,0) width 3: " "
            RenderTableCell {TD} at (305,220) size 9x11 [bgcolor=#026766] [r=20 c=39 rs=1 cs=1]
              RenderInline {FONT} at (0,0) size 3x11
                RenderText {#text} at (0,0) size 3x11
                  text run at (0,0) width 3: " "
            RenderTableCell {TD} at (313,220) size 9x11 [bgcolor=#026766] [r=20 c=40 rs=1 cs=1]
              RenderInline {FONT} at (0,0) size 3x11
                RenderText {#text} at (0,0) size 3x11
                  text run at (0,0) width 3: " "
            RenderTableCell {TD} at (321,220) size 9x11 [bgcolor=#026766] [r=20 c=41 rs=1 cs=1]
              RenderInline {FONT} at (0,0) size 3x11
                RenderText {#text} at (0,0) size 3x11
                  text run at (0,0) width 3: " "
            RenderTableCell {TD} at (329,220) size 9x11 [bgcolor=#026766] [r=20 c=42 rs=1 cs=1]
              RenderInline {FONT} at (0,0) size 3x11
                RenderText {#text} at (0,0) size 3x11
                  text run at (0,0) width 3: " "
            RenderTableCell {TD} at (337,220) size 9x11 [bgcolor=#026766] [r=20 c=43 rs=1 cs=1]
              RenderInline {FONT} at (0,0) size 3x11
                RenderText {#text} at (0,0) size 3x11
                  text run at (0,0) width 3: " "
            RenderTableCell {TD} at (345,220) size 8x11 [bgcolor=#026766] [r=20 c=44 rs=1 cs=1]
              RenderInline {FONT} at (0,0) size 3x11
                RenderText {#text} at (0,0) size 3x11
                  text run at (0,0) width 3: " "
            RenderTableCell {TD} at (352,220) size 9x11 [bgcolor=#026766] [r=20 c=45 rs=1 cs=1]
              RenderInline {FONT} at (0,0) size 3x11
                RenderText {#text} at (0,0) size 3x11
                  text run at (0,0) width 3: " "
            RenderTableCell {TD} at (360,220) size 9x11 [bgcolor=#026766] [r=20 c=46 rs=1 cs=1]
              RenderInline {FONT} at (0,0) size 3x11
                RenderText {#text} at (0,0) size 3x11
                  text run at (0,0) width 3: " "
            RenderTableCell {TD} at (368,220) size 9x11 [bgcolor=#026766] [r=20 c=47 rs=1 cs=1]
              RenderInline {FONT} at (0,0) size 3x11
                RenderText {#text} at (0,0) size 3x11
                  text run at (0,0) width 3: " "
            RenderTableCell {TD} at (376,220) size 9x11 [bgcolor=#025E5E] [r=20 c=48 rs=1 cs=1]
              RenderInline {FONT} at (0,0) size 3x11
                RenderText {#text} at (0,0) size 3x11
                  text run at (0,0) width 3: " "
            RenderTableCell {TD} at (384,220) size 9x11 [bgcolor=#025E5E] [r=20 c=49 rs=1 cs=1]
              RenderInline {FONT} at (0,0) size 3x11
                RenderText {#text} at (0,0) size 3x11
                  text run at (0,0) width 3: " "
            RenderTableCell {TD} at (392,220) size 9x11 [bgcolor=#044F4F] [r=20 c=50 rs=1 cs=1]
              RenderInline {FONT} at (0,0) size 3x11
                RenderText {#text} at (0,0) size 3x11
                  text run at (0,0) width 3: " "
            RenderTableCell {TD} at (400,220) size 8x11 [bgcolor=#083131] [r=20 c=51 rs=1 cs=1]
              RenderInline {FONT} at (0,0) size 3x11
                RenderText {#text} at (0,0) size 3x11
                  text run at (0,0) width 3: " "
            RenderTableCell {TD} at (407,220) size 9x11 [bgcolor=#2D3433] [r=20 c=52 rs=1 cs=1]
              RenderInline {FONT} at (0,0) size 3x11
                RenderText {#text} at (0,0) size 3x11
                  text run at (0,0) width 3: " "
            RenderTableCell {TD} at (415,220) size 9x11 [bgcolor=#4D4F4F] [r=20 c=53 rs=1 cs=1]
              RenderInline {FONT} at (0,0) size 3x11
                RenderText {#text} at (0,0) size 3x11
                  text run at (0,0) width 3: " "
            RenderTableCell {TD} at (423,220) size 9x11 [bgcolor=#5E5F60] [r=20 c=54 rs=1 cs=1]
              RenderInline {FONT} at (0,0) size 3x11
                RenderText {#text} at (0,0) size 3x11
                  text run at (0,0) width 3: " "
            RenderTableCell {TD} at (431,220) size 9x11 [bgcolor=#696A69] [r=20 c=55 rs=1 cs=1]
              RenderInline {FONT} at (0,0) size 3x11
                RenderText {#text} at (0,0) size 3x11
                  text run at (0,0) width 3: " "
            RenderTableCell {TD} at (439,220) size 9x11 [bgcolor=#696A69] [r=20 c=56 rs=1 cs=1]
              RenderInline {FONT} at (0,0) size 3x11
                RenderText {#text} at (0,0) size 3x11
                  text run at (0,0) width 3: " "
            RenderTableCell {TD} at (447,220) size 8x11 [bgcolor=#696A69] [r=20 c=57 rs=1 cs=1]
              RenderInline {FONT} at (0,0) size 3x11
                RenderText {#text} at (0,0) size 3x11
                  text run at (0,0) width 3: " "
            RenderTableCell {TD} at (454,220) size 9x11 [bgcolor=#696A69] [r=20 c=58 rs=1 cs=1]
              RenderInline {FONT} at (0,0) size 3x11
                RenderText {#text} at (0,0) size 3x11
                  text run at (0,0) width 3: " "
            RenderTableCell {TD} at (462,220) size 9x11 [bgcolor=#696A69] [r=20 c=59 rs=1 cs=1]
              RenderInline {FONT} at (0,0) size 3x11
                RenderText {#text} at (0,0) size 3x11
                  text run at (0,0) width 3: " "
            RenderTableCell {TD} at (470,220) size 9x11 [bgcolor=#696A69] [r=20 c=60 rs=1 cs=1]
              RenderInline {FONT} at (0,0) size 3x11
                RenderText {#text} at (0,0) size 3x11
                  text run at (0,0) width 3: " "
            RenderTableCell {TD} at (478,220) size 9x11 [bgcolor=#5E5F60] [r=20 c=61 rs=1 cs=1]
              RenderInline {FONT} at (0,0) size 3x11
                RenderText {#text} at (0,0) size 3x11
                  text run at (0,0) width 3: " "
            RenderTableCell {TD} at (486,220) size 9x11 [bgcolor=#1A5C5C] [r=20 c=62 rs=1 cs=1]
              RenderInline {FONT} at (0,0) size 3x11
                RenderText {#text} at (0,0) size 3x11
                  text run at (0,0) width 3: " "
            RenderTableCell {TD} at (494,220) size 8x11 [bgcolor=#025E5E] [r=20 c=63 rs=1 cs=1]
              RenderInline {FONT} at (0,0) size 3x11
                RenderText {#text} at (0,0) size 3x11
                  text run at (0,0) width 3: " "
            RenderTableCell {TD} at (502,220) size 8x11 [bgcolor=#025E5E] [r=20 c=64 rs=1 cs=1]
              RenderInline {FONT} at (0,0) size 3x11
                RenderText {#text} at (0,0) size 3x11
                  text run at (0,0) width 3: " "
            RenderTableCell {TD} at (509,220) size 9x11 [bgcolor=#025E5E] [r=20 c=65 rs=1 cs=1]
              RenderInline {FONT} at (0,0) size 3x11
                RenderText {#text} at (0,0) size 3x11
                  text run at (0,0) width 3: " "
            RenderTableCell {TD} at (517,220) size 9x11 [bgcolor=#026766] [r=20 c=66 rs=1 cs=1]
              RenderInline {FONT} at (0,0) size 3x11
                RenderText {#text} at (0,0) size 3x11
                  text run at (0,0) width 3: " "
            RenderTableCell {TD} at (525,220) size 9x11 [bgcolor=#026766] [r=20 c=67 rs=1 cs=1]
              RenderInline {FONT} at (0,0) size 3x11
                RenderText {#text} at (0,0) size 3x11
                  text run at (0,0) width 3: " "
            RenderTableCell {TD} at (533,220) size 9x11 [bgcolor=#026766] [r=20 c=68 rs=1 cs=1]
              RenderInline {FONT} at (0,0) size 3x11
                RenderText {#text} at (0,0) size 3x11
                  text run at (0,0) width 3: " "
            RenderTableCell {TD} at (541,220) size 9x11 [bgcolor=#026766] [r=20 c=69 rs=1 cs=1]
              RenderInline {FONT} at (0,0) size 3x11
                RenderText {#text} at (0,0) size 3x11
                  text run at (0,0) width 3: " "
            RenderTableCell {TD} at (549,220) size 8x11 [bgcolor=#026766] [r=20 c=70 rs=1 cs=1]
              RenderInline {FONT} at (0,0) size 3x11
                RenderText {#text} at (0,0) size 3x11
                  text run at (0,0) width 3: " "
            RenderTableCell {TD} at (556,220) size 9x11 [bgcolor=#026766] [r=20 c=71 rs=1 cs=1]
              RenderInline {FONT} at (0,0) size 3x11
                RenderText {#text} at (0,0) size 3x11
                  text run at (0,0) width 3: " "
            RenderTableCell {TD} at (564,220) size 9x11 [bgcolor=#025E5E] [r=20 c=72 rs=1 cs=1]
              RenderInline {FONT} at (0,0) size 3x11
                RenderText {#text} at (0,0) size 3x11
                  text run at (0,0) width 3: " "
            RenderTableCell {TD} at (572,220) size 9x11 [bgcolor=#025E5E] [r=20 c=73 rs=1 cs=1]
              RenderInline {FONT} at (0,0) size 3x11
                RenderText {#text} at (0,0) size 3x11
                  text run at (0,0) width 3: " "
            RenderTableCell {TD} at (580,220) size 9x11 [bgcolor=#026766] [r=20 c=74 rs=1 cs=1]
              RenderInline {FONT} at (0,0) size 3x11
                RenderText {#text} at (0,0) size 3x11
                  text run at (0,0) width 3: " "
            RenderTableCell {TD} at (588,220) size 9x11 [bgcolor=#026766] [r=20 c=75 rs=1 cs=1]
              RenderInline {FONT} at (0,0) size 3x11
                RenderText {#text} at (0,0) size 3x11
                  text run at (0,0) width 3: " "
            RenderTableCell {TD} at (596,220) size 8x11 [bgcolor=#1E7A79] [r=20 c=76 rs=1 cs=1]
              RenderInline {FONT} at (0,0) size 3x11
                RenderText {#text} at (0,0) size 3x11
                  text run at (0,0) width 3: " "
            RenderTableCell {TD} at (603,220) size 9x11 [bgcolor=#287A7A] [r=20 c=77 rs=1 cs=1]
              RenderInline {FONT} at (0,0) size 3x11
                RenderText {#text} at (0,0) size 3x11
                  text run at (0,0) width 3: " "
            RenderTableCell {TD} at (611,220) size 9x11 [bgcolor=#048485] [r=20 c=78 rs=1 cs=1]
              RenderInline {FONT} at (0,0) size 3x11
                RenderText {#text} at (0,0) size 3x11
                  text run at (0,0) width 3: " "
            RenderTableCell {TD} at (619,220) size 9x11 [bgcolor=#027777] [r=20 c=79 rs=1 cs=1]
              RenderInline {FONT} at (0,0) size 3x11
                RenderText {#text} at (0,0) size 3x11
                  text run at (0,0) width 3: " "
            RenderTableCell {TD} at (627,220) size 9x11 [bgcolor=#026766] [r=20 c=80 rs=1 cs=1]
              RenderInline {FONT} at (0,0) size 3x11
                RenderText {#text} at (0,0) size 3x11
                  text run at (0,0) width 3: " "
            RenderTableCell {TD} at (635,220) size 9x11 [bgcolor=#026766] [r=20 c=81 rs=1 cs=1]
              RenderInline {FONT} at (0,0) size 3x11
                RenderText {#text} at (0,0) size 3x11
                  text run at (0,0) width 3: " "
            RenderTableCell {TD} at (643,220) size 9x11 [bgcolor=#026766] [r=20 c=82 rs=1 cs=1]
              RenderInline {FONT} at (0,0) size 3x11
                RenderText {#text} at (0,0) size 3x11
                  text run at (0,0) width 3: " "
            RenderTableCell {TD} at (651,220) size 8x11 [bgcolor=#026766] [r=20 c=83 rs=1 cs=1]
              RenderInline {FONT} at (0,0) size 3x11
                RenderText {#text} at (0,0) size 3x11
                  text run at (0,0) width 3: " "
            RenderTableCell {TD} at (658,220) size 9x11 [bgcolor=#026766] [r=20 c=84 rs=1 cs=1]
              RenderInline {FONT} at (0,0) size 3x11
                RenderText {#text} at (0,0) size 3x11
                  text run at (0,0) width 3: " "
            RenderTableCell {TD} at (666,220) size 9x11 [bgcolor=#026766] [r=20 c=85 rs=1 cs=1]
              RenderInline {FONT} at (0,0) size 3x11
                RenderText {#text} at (0,0) size 3x11
                  text run at (0,0) width 3: " "
            RenderTableCell {TD} at (674,220) size 9x11 [bgcolor=#026766] [r=20 c=86 rs=1 cs=1]
              RenderInline {FONT} at (0,0) size 3x11
                RenderText {#text} at (0,0) size 3x11
                  text run at (0,0) width 3: " "
            RenderTableCell {TD} at (682,220) size 9x11 [bgcolor=#026766] [r=20 c=87 rs=1 cs=1]
              RenderInline {FONT} at (0,0) size 3x11
                RenderText {#text} at (0,0) size 3x11
                  text run at (0,0) width 3: " "
            RenderTableCell {TD} at (690,220) size 9x11 [bgcolor=#026766] [r=20 c=88 rs=1 cs=1]
              RenderInline {FONT} at (0,0) size 3x11
                RenderText {#text} at (0,0) size 3x11
                  text run at (0,0) width 3: " "
            RenderTableCell {TD} at (698,220) size 8x11 [bgcolor=#026766] [r=20 c=89 rs=1 cs=1]
              RenderInline {FONT} at (0,0) size 3x11
                RenderText {#text} at (0,0) size 3x11
                  text run at (0,0) width 3: " "
            RenderTableCell {TD} at (705,220) size 9x11 [bgcolor=#026766] [r=20 c=90 rs=1 cs=1]
              RenderInline {FONT} at (0,0) size 3x11
                RenderText {#text} at (0,0) size 3x11
                  text run at (0,0) width 3: " "
            RenderTableCell {TD} at (713,220) size 9x11 [bgcolor=#025E5E] [r=20 c=91 rs=1 cs=1]
              RenderInline {FONT} at (0,0) size 3x11
                RenderText {#text} at (0,0) size 3x11
                  text run at (0,0) width 3: " "
            RenderTableCell {TD} at (721,220) size 9x11 [bgcolor=#044F4F] [r=20 c=92 rs=1 cs=1]
              RenderInline {FONT} at (0,0) size 3x11
                RenderText {#text} at (0,0) size 3x11
                  text run at (0,0) width 3: " "
            RenderTableCell {TD} at (729,220) size 9x11 [bgcolor=#044140] [r=20 c=93 rs=1 cs=1]
              RenderInline {FONT} at (0,0) size 3x11
                RenderText {#text} at (0,0) size 3x11
                  text run at (0,0) width 3: " "
            RenderTableCell {TD} at (737,220) size 9x11 [bgcolor=#2D3433] [r=20 c=94 rs=1 cs=1]
              RenderInline {FONT} at (0,0) size 3x11
                RenderText {#text} at (0,0) size 3x11
                  text run at (0,0) width 3: " "
            RenderTableCell {TD} at (745,220) size 8x11 [bgcolor=#3D4242] [r=20 c=95 rs=1 cs=1]
              RenderInline {FONT} at (0,0) size 3x11
                RenderText {#text} at (0,0) size 3x11
                  text run at (0,0) width 3: " "
            RenderTableCell {TD} at (753,220) size 8x11 [bgcolor=#515C5B] [r=20 c=96 rs=1 cs=1]
              RenderInline {FONT} at (0,0) size 3x11
                RenderText {#text} at (0,0) size 3x11
                  text run at (0,0) width 3: " "
            RenderTableCell {TD} at (760,220) size 9x11 [bgcolor=#696A69] [r=20 c=97 rs=1 cs=1]
              RenderInline {FONT} at (0,0) size 3x11
                RenderText {#text} at (0,0) size 3x11
                  text run at (0,0) width 3: " "
            RenderTableCell {TD} at (768,220) size 9x11 [bgcolor=#515C5B] [r=20 c=98 rs=1 cs=1]
              RenderInline {FONT} at (0,0) size 3x11
                RenderText {#text} at (0,0) size 3x11
                  text run at (0,0) width 3: " "
            RenderTableCell {TD} at (776,220) size 9x11 [bgcolor=#3D4242] [r=20 c=99 rs=1 cs=1]
              RenderInline {FONT} at (0,0) size 3x11
                RenderText {#text} at (0,0) size 3x11
                  text run at (0,0) width 3: " "
          RenderTableRow {TR} at (0,231) size 784x11
            RenderTableCell {TD} at (0,231) size 8x11 [bgcolor=#FDFDFB] [r=21 c=0 rs=1 cs=1]
              RenderInline {FONT} at (0,0) size 3x11
                RenderText {#text} at (0,0) size 3x11
                  text run at (0,0) width 3: " "
            RenderTableCell {TD} at (7,231) size 9x11 [bgcolor=#FDFDFB] [r=21 c=1 rs=1 cs=1]
              RenderInline {FONT} at (0,0) size 3x11
                RenderText {#text} at (0,0) size 3x11
                  text run at (0,0) width 3: " "
            RenderTableCell {TD} at (15,231) size 9x11 [bgcolor=#FDFDFB] [r=21 c=2 rs=1 cs=1]
              RenderInline {FONT} at (0,0) size 3x11
                RenderText {#text} at (0,0) size 3x11
                  text run at (0,0) width 3: " "
            RenderTableCell {TD} at (23,231) size 9x11 [bgcolor=#EDEEEF] [r=21 c=3 rs=1 cs=1]
              RenderInline {FONT} at (0,0) size 3x11
                RenderText {#text} at (0,0) size 3x11
                  text run at (0,0) width 3: " "
            RenderTableCell {TD} at (31,231) size 9x11 [bgcolor=#CECFCF] [r=21 c=4 rs=1 cs=1]
              RenderInline {FONT} at (0,0) size 3x11
                RenderText {#text} at (0,0) size 3x11
                  text run at (0,0) width 3: " "
            RenderTableCell {TD} at (39,231) size 9x11 [bgcolor=#5A8787] [r=21 c=5 rs=1 cs=1]
              RenderInline {FONT} at (0,0) size 3x11
                RenderText {#text} at (0,0) size 3x11
                  text run at (0,0) width 3: " "
            RenderTableCell {TD} at (47,231) size 8x11 [bgcolor=#1A5C5C] [r=21 c=6 rs=1 cs=1]
              RenderInline {FONT} at (0,0) size 3x11
                RenderText {#text} at (0,0) size 3x11
                  text run at (0,0) width 3: " "
            RenderTableCell {TD} at (54,231) size 9x11 [bgcolor=#044F4F] [r=21 c=7 rs=1 cs=1]
              RenderInline {FONT} at (0,0) size 3x11
                RenderText {#text} at (0,0) size 3x11
                  text run at (0,0) width 3: " "
            RenderTableCell {TD} at (62,231) size 9x11 [bgcolor=#025E5E] [r=21 c=8 rs=1 cs=1]
              RenderInline {FONT} at (0,0) size 3x11
                RenderText {#text} at (0,0) size 3x11
                  text run at (0,0) width 3: " "
            RenderTableCell {TD} at (70,231) size 9x11 [bgcolor=#025E5E] [r=21 c=9 rs=1 cs=1]
              RenderInline {FONT} at (0,0) size 3x11
                RenderText {#text} at (0,0) size 3x11
                  text run at (0,0) width 3: " "
            RenderTableCell {TD} at (78,231) size 9x11 [bgcolor=#025E5E] [r=21 c=10 rs=1 cs=1]
              RenderInline {FONT} at (0,0) size 3x11
                RenderText {#text} at (0,0) size 3x11
                  text run at (0,0) width 3: " "
            RenderTableCell {TD} at (86,231) size 9x11 [bgcolor=#025E5E] [r=21 c=11 rs=1 cs=1]
              RenderInline {FONT} at (0,0) size 3x11
                RenderText {#text} at (0,0) size 3x11
                  text run at (0,0) width 3: " "
            RenderTableCell {TD} at (94,231) size 8x11 [bgcolor=#025E5E] [r=21 c=12 rs=1 cs=1]
              RenderInline {FONT} at (0,0) size 3x11
                RenderText {#text} at (0,0) size 3x11
                  text run at (0,0) width 3: " "
            RenderTableCell {TD} at (101,231) size 9x11 [bgcolor=#025E5E] [r=21 c=13 rs=1 cs=1]
              RenderInline {FONT} at (0,0) size 3x11
                RenderText {#text} at (0,0) size 3x11
                  text run at (0,0) width 3: " "
            RenderTableCell {TD} at (109,231) size 9x11 [bgcolor=#044F4F] [r=21 c=14 rs=1 cs=1]
              RenderInline {FONT} at (0,0) size 3x11
                RenderText {#text} at (0,0) size 3x11
                  text run at (0,0) width 3: " "
            RenderTableCell {TD} at (117,231) size 9x11 [bgcolor=#223C3D] [r=21 c=15 rs=1 cs=1]
              RenderInline {FONT} at (0,0) size 3x11
                RenderText {#text} at (0,0) size 3x11
                  text run at (0,0) width 3: " "
            RenderTableCell {TD} at (125,231) size 9x11 [bgcolor=#344C4E] [r=21 c=16 rs=1 cs=1]
              RenderInline {FONT} at (0,0) size 3x11
                RenderText {#text} at (0,0) size 3x11
                  text run at (0,0) width 3: " "
            RenderTableCell {TD} at (133,231) size 9x11 [bgcolor=#344C4E] [r=21 c=17 rs=1 cs=1]
              RenderInline {FONT} at (0,0) size 3x11
                RenderText {#text} at (0,0) size 3x11
                  text run at (0,0) width 3: " "
            RenderTableCell {TD} at (141,231) size 9x11 [bgcolor=#1A6B6A] [r=21 c=18 rs=1 cs=1]
              RenderInline {FONT} at (0,0) size 3x11
                RenderText {#text} at (0,0) size 3x11
                  text run at (0,0) width 3: " "
            RenderTableCell {TD} at (149,231) size 8x11 [bgcolor=#048485] [r=21 c=19 rs=1 cs=1]
              RenderInline {FONT} at (0,0) size 3x11
                RenderText {#text} at (0,0) size 3x11
                  text run at (0,0) width 3: " "
            RenderTableCell {TD} at (156,231) size 9x11 [bgcolor=#027777] [r=21 c=20 rs=1 cs=1]
              RenderInline {FONT} at (0,0) size 3x11
                RenderText {#text} at (0,0) size 3x11
                  text run at (0,0) width 3: " "
            RenderTableCell {TD} at (164,231) size 9x11 [bgcolor=#026766] [r=21 c=21 rs=1 cs=1]
              RenderInline {FONT} at (0,0) size 3x11
                RenderText {#text} at (0,0) size 3x11
                  text run at (0,0) width 3: " "
            RenderTableCell {TD} at (172,231) size 9x11 [bgcolor=#025E5E] [r=21 c=22 rs=1 cs=1]
              RenderInline {FONT} at (0,0) size 3x11
                RenderText {#text} at (0,0) size 3x11
                  text run at (0,0) width 3: " "
            RenderTableCell {TD} at (180,231) size 9x11 [bgcolor=#025E5E] [r=21 c=23 rs=1 cs=1]
              RenderInline {FONT} at (0,0) size 3x11
                RenderText {#text} at (0,0) size 3x11
                  text run at (0,0) width 3: " "
            RenderTableCell {TD} at (188,231) size 9x11 [bgcolor=#044F4F] [r=21 c=24 rs=1 cs=1]
              RenderInline {FONT} at (0,0) size 3x11
                RenderText {#text} at (0,0) size 3x11
                  text run at (0,0) width 3: " "
            RenderTableCell {TD} at (196,231) size 8x11 [bgcolor=#044140] [r=21 c=25 rs=1 cs=1]
              RenderInline {FONT} at (0,0) size 3x11
                RenderText {#text} at (0,0) size 3x11
                  text run at (0,0) width 3: " "
            RenderTableCell {TD} at (203,231) size 9x11 [bgcolor=#083131] [r=21 c=26 rs=1 cs=1]
              RenderInline {FONT} at (0,0) size 3x11
                RenderText {#text} at (0,0) size 3x11
                  text run at (0,0) width 3: " "
            RenderTableCell {TD} at (211,231) size 9x11 [bgcolor=#083131] [r=21 c=27 rs=1 cs=1]
              RenderInline {FONT} at (0,0) size 3x11
                RenderText {#text} at (0,0) size 3x11
                  text run at (0,0) width 3: " "
            RenderTableCell {TD} at (219,231) size 9x11 [bgcolor=#1C2524] [r=21 c=28 rs=1 cs=1]
              RenderInline {FONT} at (0,0) size 3x11
                RenderText {#text} at (0,0) size 3x11
                  text run at (0,0) width 3: " "
            RenderTableCell {TD} at (227,231) size 9x11 [bgcolor=#2D3433] [r=21 c=29 rs=1 cs=1]
              RenderInline {FONT} at (0,0) size 3x11
                RenderText {#text} at (0,0) size 3x11
                  text run at (0,0) width 3: " "
            RenderTableCell {TD} at (235,231) size 9x11 [bgcolor=#3D4242] [r=21 c=30 rs=1 cs=1]
              RenderInline {FONT} at (0,0) size 3x11
                RenderText {#text} at (0,0) size 3x11
                  text run at (0,0) width 3: " "
            RenderTableCell {TD} at (243,231) size 8x11 [bgcolor=#4D4F4F] [r=21 c=31 rs=1 cs=1]
              RenderInline {FONT} at (0,0) size 3x11
                RenderText {#text} at (0,0) size 3x11
                  text run at (0,0) width 3: " "
            RenderTableCell {TD} at (251,231) size 8x11 [bgcolor=#5E5F60] [r=21 c=32 rs=1 cs=1]
              RenderInline {FONT} at (0,0) size 3x11
                RenderText {#text} at (0,0) size 3x11
                  text run at (0,0) width 3: " "
            RenderTableCell {TD} at (258,231) size 9x11 [bgcolor=#696A69] [r=21 c=33 rs=1 cs=1]
              RenderInline {FONT} at (0,0) size 3x11
                RenderText {#text} at (0,0) size 3x11
                  text run at (0,0) width 3: " "
            RenderTableCell {TD} at (266,231) size 9x11 [bgcolor=#696A69] [r=21 c=34 rs=1 cs=1]
              RenderInline {FONT} at (0,0) size 3x11
                RenderText {#text} at (0,0) size 3x11
                  text run at (0,0) width 3: " "
            RenderTableCell {TD} at (274,231) size 9x11 [bgcolor=#5E5F60] [r=21 c=35 rs=1 cs=1]
              RenderInline {FONT} at (0,0) size 3x11
                RenderText {#text} at (0,0) size 3x11
                  text run at (0,0) width 3: " "
            RenderTableCell {TD} at (282,231) size 9x11 [bgcolor=#027777] [r=21 c=36 rs=1 cs=1]
              RenderInline {FONT} at (0,0) size 3x11
                RenderText {#text} at (0,0) size 3x11
                  text run at (0,0) width 3: " "
            RenderTableCell {TD} at (290,231) size 9x11 [bgcolor=#027777] [r=21 c=37 rs=1 cs=1]
              RenderInline {FONT} at (0,0) size 3x11
                RenderText {#text} at (0,0) size 3x11
                  text run at (0,0) width 3: " "
            RenderTableCell {TD} at (298,231) size 8x11 [bgcolor=#026766] [r=21 c=38 rs=1 cs=1]
              RenderInline {FONT} at (0,0) size 3x11
                RenderText {#text} at (0,0) size 3x11
                  text run at (0,0) width 3: " "
            RenderTableCell {TD} at (305,231) size 9x11 [bgcolor=#025E5E] [r=21 c=39 rs=1 cs=1]
              RenderInline {FONT} at (0,0) size 3x11
                RenderText {#text} at (0,0) size 3x11
                  text run at (0,0) width 3: " "
            RenderTableCell {TD} at (313,231) size 9x11 [bgcolor=#025E5E] [r=21 c=40 rs=1 cs=1]
              RenderInline {FONT} at (0,0) size 3x11
                RenderText {#text} at (0,0) size 3x11
                  text run at (0,0) width 3: " "
            RenderTableCell {TD} at (321,231) size 9x11 [bgcolor=#025E5E] [r=21 c=41 rs=1 cs=1]
              RenderInline {FONT} at (0,0) size 3x11
                RenderText {#text} at (0,0) size 3x11
                  text run at (0,0) width 3: " "
            RenderTableCell {TD} at (329,231) size 9x11 [bgcolor=#025E5E] [r=21 c=42 rs=1 cs=1]
              RenderInline {FONT} at (0,0) size 3x11
                RenderText {#text} at (0,0) size 3x11
                  text run at (0,0) width 3: " "
            RenderTableCell {TD} at (337,231) size 9x11 [bgcolor=#025E5E] [r=21 c=43 rs=1 cs=1]
              RenderInline {FONT} at (0,0) size 3x11
                RenderText {#text} at (0,0) size 3x11
                  text run at (0,0) width 3: " "
            RenderTableCell {TD} at (345,231) size 8x11 [bgcolor=#025E5E] [r=21 c=44 rs=1 cs=1]
              RenderInline {FONT} at (0,0) size 3x11
                RenderText {#text} at (0,0) size 3x11
                  text run at (0,0) width 3: " "
            RenderTableCell {TD} at (352,231) size 9x11 [bgcolor=#025E5E] [r=21 c=45 rs=1 cs=1]
              RenderInline {FONT} at (0,0) size 3x11
                RenderText {#text} at (0,0) size 3x11
                  text run at (0,0) width 3: " "
            RenderTableCell {TD} at (360,231) size 9x11 [bgcolor=#025E5E] [r=21 c=46 rs=1 cs=1]
              RenderInline {FONT} at (0,0) size 3x11
                RenderText {#text} at (0,0) size 3x11
                  text run at (0,0) width 3: " "
            RenderTableCell {TD} at (368,231) size 9x11 [bgcolor=#025E5E] [r=21 c=47 rs=1 cs=1]
              RenderInline {FONT} at (0,0) size 3x11
                RenderText {#text} at (0,0) size 3x11
                  text run at (0,0) width 3: " "
            RenderTableCell {TD} at (376,231) size 9x11 [bgcolor=#025E5E] [r=21 c=48 rs=1 cs=1]
              RenderInline {FONT} at (0,0) size 3x11
                RenderText {#text} at (0,0) size 3x11
                  text run at (0,0) width 3: " "
            RenderTableCell {TD} at (384,231) size 9x11 [bgcolor=#025E5E] [r=21 c=49 rs=1 cs=1]
              RenderInline {FONT} at (0,0) size 3x11
                RenderText {#text} at (0,0) size 3x11
                  text run at (0,0) width 3: " "
            RenderTableCell {TD} at (392,231) size 9x11 [bgcolor=#044F4F] [r=21 c=50 rs=1 cs=1]
              RenderInline {FONT} at (0,0) size 3x11
                RenderText {#text} at (0,0) size 3x11
                  text run at (0,0) width 3: " "
            RenderTableCell {TD} at (400,231) size 8x11 [bgcolor=#083131] [r=21 c=51 rs=1 cs=1]
              RenderInline {FONT} at (0,0) size 3x11
                RenderText {#text} at (0,0) size 3x11
                  text run at (0,0) width 3: " "
            RenderTableCell {TD} at (407,231) size 9x11 [bgcolor=#2D3433] [r=21 c=52 rs=1 cs=1]
              RenderInline {FONT} at (0,0) size 3x11
                RenderText {#text} at (0,0) size 3x11
                  text run at (0,0) width 3: " "
            RenderTableCell {TD} at (415,231) size 9x11 [bgcolor=#3D4242] [r=21 c=53 rs=1 cs=1]
              RenderInline {FONT} at (0,0) size 3x11
                RenderText {#text} at (0,0) size 3x11
                  text run at (0,0) width 3: " "
            RenderTableCell {TD} at (423,231) size 9x11 [bgcolor=#515C5B] [r=21 c=54 rs=1 cs=1]
              RenderInline {FONT} at (0,0) size 3x11
                RenderText {#text} at (0,0) size 3x11
                  text run at (0,0) width 3: " "
            RenderTableCell {TD} at (431,231) size 9x11 [bgcolor=#5E5F60] [r=21 c=55 rs=1 cs=1]
              RenderInline {FONT} at (0,0) size 3x11
                RenderText {#text} at (0,0) size 3x11
                  text run at (0,0) width 3: " "
            RenderTableCell {TD} at (439,231) size 9x11 [bgcolor=#696A69] [r=21 c=56 rs=1 cs=1]
              RenderInline {FONT} at (0,0) size 3x11
                RenderText {#text} at (0,0) size 3x11
                  text run at (0,0) width 3: " "
            RenderTableCell {TD} at (447,231) size 8x11 [bgcolor=#696A69] [r=21 c=57 rs=1 cs=1]
              RenderInline {FONT} at (0,0) size 3x11
                RenderText {#text} at (0,0) size 3x11
                  text run at (0,0) width 3: " "
            RenderTableCell {TD} at (454,231) size 9x11 [bgcolor=#696A69] [r=21 c=58 rs=1 cs=1]
              RenderInline {FONT} at (0,0) size 3x11
                RenderText {#text} at (0,0) size 3x11
                  text run at (0,0) width 3: " "
            RenderTableCell {TD} at (462,231) size 9x11 [bgcolor=#696A69] [r=21 c=59 rs=1 cs=1]
              RenderInline {FONT} at (0,0) size 3x11
                RenderText {#text} at (0,0) size 3x11
                  text run at (0,0) width 3: " "
            RenderTableCell {TD} at (470,231) size 9x11 [bgcolor=#696A69] [r=21 c=60 rs=1 cs=1]
              RenderInline {FONT} at (0,0) size 3x11
                RenderText {#text} at (0,0) size 3x11
                  text run at (0,0) width 3: " "
            RenderTableCell {TD} at (478,231) size 9x11 [bgcolor=#5E5F60] [r=21 c=61 rs=1 cs=1]
              RenderInline {FONT} at (0,0) size 3x11
                RenderText {#text} at (0,0) size 3x11
                  text run at (0,0) width 3: " "
            RenderTableCell {TD} at (486,231) size 9x11 [bgcolor=#425A5A] [r=21 c=62 rs=1 cs=1]
              RenderInline {FONT} at (0,0) size 3x11
                RenderText {#text} at (0,0) size 3x11
                  text run at (0,0) width 3: " "
            RenderTableCell {TD} at (494,231) size 8x11 [bgcolor=#1A5C5C] [r=21 c=63 rs=1 cs=1]
              RenderInline {FONT} at (0,0) size 3x11
                RenderText {#text} at (0,0) size 3x11
                  text run at (0,0) width 3: " "
            RenderTableCell {TD} at (502,231) size 8x11 [bgcolor=#044F4F] [r=21 c=64 rs=1 cs=1]
              RenderInline {FONT} at (0,0) size 3x11
                RenderText {#text} at (0,0) size 3x11
                  text run at (0,0) width 3: " "
            RenderTableCell {TD} at (509,231) size 9x11 [bgcolor=#025E5E] [r=21 c=65 rs=1 cs=1]
              RenderInline {FONT} at (0,0) size 3x11
                RenderText {#text} at (0,0) size 3x11
                  text run at (0,0) width 3: " "
            RenderTableCell {TD} at (517,231) size 9x11 [bgcolor=#025E5E] [r=21 c=66 rs=1 cs=1]
              RenderInline {FONT} at (0,0) size 3x11
                RenderText {#text} at (0,0) size 3x11
                  text run at (0,0) width 3: " "
            RenderTableCell {TD} at (525,231) size 9x11 [bgcolor=#025E5E] [r=21 c=67 rs=1 cs=1]
              RenderInline {FONT} at (0,0) size 3x11
                RenderText {#text} at (0,0) size 3x11
                  text run at (0,0) width 3: " "
            RenderTableCell {TD} at (533,231) size 9x11 [bgcolor=#025E5E] [r=21 c=68 rs=1 cs=1]
              RenderInline {FONT} at (0,0) size 3x11
                RenderText {#text} at (0,0) size 3x11
                  text run at (0,0) width 3: " "
            RenderTableCell {TD} at (541,231) size 9x11 [bgcolor=#025E5E] [r=21 c=69 rs=1 cs=1]
              RenderInline {FONT} at (0,0) size 3x11
                RenderText {#text} at (0,0) size 3x11
                  text run at (0,0) width 3: " "
            RenderTableCell {TD} at (549,231) size 8x11 [bgcolor=#026766] [r=21 c=70 rs=1 cs=1]
              RenderInline {FONT} at (0,0) size 3x11
                RenderText {#text} at (0,0) size 3x11
                  text run at (0,0) width 3: " "
            RenderTableCell {TD} at (556,231) size 9x11 [bgcolor=#026766] [r=21 c=71 rs=1 cs=1]
              RenderInline {FONT} at (0,0) size 3x11
                RenderText {#text} at (0,0) size 3x11
                  text run at (0,0) width 3: " "
            RenderTableCell {TD} at (564,231) size 9x11 [bgcolor=#026766] [r=21 c=72 rs=1 cs=1]
              RenderInline {FONT} at (0,0) size 3x11
                RenderText {#text} at (0,0) size 3x11
                  text run at (0,0) width 3: " "
            RenderTableCell {TD} at (572,231) size 9x11 [bgcolor=#026766] [r=21 c=73 rs=1 cs=1]
              RenderInline {FONT} at (0,0) size 3x11
                RenderText {#text} at (0,0) size 3x11
                  text run at (0,0) width 3: " "
            RenderTableCell {TD} at (580,231) size 9x11 [bgcolor=#026766] [r=21 c=74 rs=1 cs=1]
              RenderInline {FONT} at (0,0) size 3x11
                RenderText {#text} at (0,0) size 3x11
                  text run at (0,0) width 3: " "
            RenderTableCell {TD} at (588,231) size 9x11 [bgcolor=#026766] [r=21 c=75 rs=1 cs=1]
              RenderInline {FONT} at (0,0) size 3x11
                RenderText {#text} at (0,0) size 3x11
                  text run at (0,0) width 3: " "
            RenderTableCell {TD} at (596,231) size 8x11 [bgcolor=#027777] [r=21 c=76 rs=1 cs=1]
              RenderInline {FONT} at (0,0) size 3x11
                RenderText {#text} at (0,0) size 3x11
                  text run at (0,0) width 3: " "
            RenderTableCell {TD} at (603,231) size 9x11 [bgcolor=#027777] [r=21 c=77 rs=1 cs=1]
              RenderInline {FONT} at (0,0) size 3x11
                RenderText {#text} at (0,0) size 3x11
                  text run at (0,0) width 3: " "
            RenderTableCell {TD} at (611,231) size 9x11 [bgcolor=#027777] [r=21 c=78 rs=1 cs=1]
              RenderInline {FONT} at (0,0) size 3x11
                RenderText {#text} at (0,0) size 3x11
                  text run at (0,0) width 3: " "
            RenderTableCell {TD} at (619,231) size 9x11 [bgcolor=#026766] [r=21 c=79 rs=1 cs=1]
              RenderInline {FONT} at (0,0) size 3x11
                RenderText {#text} at (0,0) size 3x11
                  text run at (0,0) width 3: " "
            RenderTableCell {TD} at (627,231) size 9x11 [bgcolor=#026766] [r=21 c=80 rs=1 cs=1]
              RenderInline {FONT} at (0,0) size 3x11
                RenderText {#text} at (0,0) size 3x11
                  text run at (0,0) width 3: " "
            RenderTableCell {TD} at (635,231) size 9x11 [bgcolor=#026766] [r=21 c=81 rs=1 cs=1]
              RenderInline {FONT} at (0,0) size 3x11
                RenderText {#text} at (0,0) size 3x11
                  text run at (0,0) width 3: " "
            RenderTableCell {TD} at (643,231) size 9x11 [bgcolor=#026766] [r=21 c=82 rs=1 cs=1]
              RenderInline {FONT} at (0,0) size 3x11
                RenderText {#text} at (0,0) size 3x11
                  text run at (0,0) width 3: " "
            RenderTableCell {TD} at (651,231) size 8x11 [bgcolor=#026766] [r=21 c=83 rs=1 cs=1]
              RenderInline {FONT} at (0,0) size 3x11
                RenderText {#text} at (0,0) size 3x11
                  text run at (0,0) width 3: " "
            RenderTableCell {TD} at (658,231) size 9x11 [bgcolor=#026766] [r=21 c=84 rs=1 cs=1]
              RenderInline {FONT} at (0,0) size 3x11
                RenderText {#text} at (0,0) size 3x11
                  text run at (0,0) width 3: " "
            RenderTableCell {TD} at (666,231) size 9x11 [bgcolor=#026766] [r=21 c=85 rs=1 cs=1]
              RenderInline {FONT} at (0,0) size 3x11
                RenderText {#text} at (0,0) size 3x11
                  text run at (0,0) width 3: " "
            RenderTableCell {TD} at (674,231) size 9x11 [bgcolor=#026766] [r=21 c=86 rs=1 cs=1]
              RenderInline {FONT} at (0,0) size 3x11
                RenderText {#text} at (0,0) size 3x11
                  text run at (0,0) width 3: " "
            RenderTableCell {TD} at (682,231) size 9x11 [bgcolor=#026766] [r=21 c=87 rs=1 cs=1]
              RenderInline {FONT} at (0,0) size 3x11
                RenderText {#text} at (0,0) size 3x11
                  text run at (0,0) width 3: " "
            RenderTableCell {TD} at (690,231) size 9x11 [bgcolor=#026766] [r=21 c=88 rs=1 cs=1]
              RenderInline {FONT} at (0,0) size 3x11
                RenderText {#text} at (0,0) size 3x11
                  text run at (0,0) width 3: " "
            RenderTableCell {TD} at (698,231) size 8x11 [bgcolor=#026766] [r=21 c=89 rs=1 cs=1]
              RenderInline {FONT} at (0,0) size 3x11
                RenderText {#text} at (0,0) size 3x11
                  text run at (0,0) width 3: " "
            RenderTableCell {TD} at (705,231) size 9x11 [bgcolor=#026766] [r=21 c=90 rs=1 cs=1]
              RenderInline {FONT} at (0,0) size 3x11
                RenderText {#text} at (0,0) size 3x11
                  text run at (0,0) width 3: " "
            RenderTableCell {TD} at (713,231) size 9x11 [bgcolor=#025E5E] [r=21 c=91 rs=1 cs=1]
              RenderInline {FONT} at (0,0) size 3x11
                RenderText {#text} at (0,0) size 3x11
                  text run at (0,0) width 3: " "
            RenderTableCell {TD} at (721,231) size 9x11 [bgcolor=#044F4F] [r=21 c=92 rs=1 cs=1]
              RenderInline {FONT} at (0,0) size 3x11
                RenderText {#text} at (0,0) size 3x11
                  text run at (0,0) width 3: " "
            RenderTableCell {TD} at (729,231) size 9x11 [bgcolor=#044140] [r=21 c=93 rs=1 cs=1]
              RenderInline {FONT} at (0,0) size 3x11
                RenderText {#text} at (0,0) size 3x11
                  text run at (0,0) width 3: " "
            RenderTableCell {TD} at (737,231) size 9x11 [bgcolor=#1C2524] [r=21 c=94 rs=1 cs=1]
              RenderInline {FONT} at (0,0) size 3x11
                RenderText {#text} at (0,0) size 3x11
                  text run at (0,0) width 3: " "
            RenderTableCell {TD} at (745,231) size 8x11 [bgcolor=#3D4242] [r=21 c=95 rs=1 cs=1]
              RenderInline {FONT} at (0,0) size 3x11
                RenderText {#text} at (0,0) size 3x11
                  text run at (0,0) width 3: " "
            RenderTableCell {TD} at (753,231) size 8x11 [bgcolor=#515C5B] [r=21 c=96 rs=1 cs=1]
              RenderInline {FONT} at (0,0) size 3x11
                RenderText {#text} at (0,0) size 3x11
                  text run at (0,0) width 3: " "
            RenderTableCell {TD} at (760,231) size 9x11 [bgcolor=#5E5F60] [r=21 c=97 rs=1 cs=1]
              RenderInline {FONT} at (0,0) size 3x11
                RenderText {#text} at (0,0) size 3x11
                  text run at (0,0) width 3: " "
            RenderTableCell {TD} at (768,231) size 9x11 [bgcolor=#5E5F60] [r=21 c=98 rs=1 cs=1]
              RenderInline {FONT} at (0,0) size 3x11
                RenderText {#text} at (0,0) size 3x11
                  text run at (0,0) width 3: " "
            RenderTableCell {TD} at (776,231) size 9x11 [bgcolor=#515C5B] [r=21 c=99 rs=1 cs=1]
              RenderInline {FONT} at (0,0) size 3x11
                RenderText {#text} at (0,0) size 3x11
                  text run at (0,0) width 3: " "
          RenderTableRow {TR} at (0,242) size 784x11
            RenderTableCell {TD} at (0,242) size 8x11 [bgcolor=#FDFDFB] [r=22 c=0 rs=1 cs=1]
              RenderInline {FONT} at (0,0) size 3x11
                RenderText {#text} at (0,0) size 3x11
                  text run at (0,0) width 3: " "
            RenderTableCell {TD} at (7,242) size 9x11 [bgcolor=#FDFDFB] [r=22 c=1 rs=1 cs=1]
              RenderInline {FONT} at (0,0) size 3x11
                RenderText {#text} at (0,0) size 3x11
                  text run at (0,0) width 3: " "
            RenderTableCell {TD} at (15,242) size 9x11 [bgcolor=#FDFDFB] [r=22 c=2 rs=1 cs=1]
              RenderInline {FONT} at (0,0) size 3x11
                RenderText {#text} at (0,0) size 3x11
                  text run at (0,0) width 3: " "
            RenderTableCell {TD} at (23,242) size 9x11 [bgcolor=#FDFDFB] [r=22 c=3 rs=1 cs=1]
              RenderInline {FONT} at (0,0) size 3x11
                RenderText {#text} at (0,0) size 3x11
                  text run at (0,0) width 3: " "
            RenderTableCell {TD} at (31,242) size 9x11 [bgcolor=#EDEEEF] [r=22 c=4 rs=1 cs=1]
              RenderInline {FONT} at (0,0) size 3x11
                RenderText {#text} at (0,0) size 3x11
                  text run at (0,0) width 3: " "
            RenderTableCell {TD} at (39,242) size 9x11 [bgcolor=#CECFCF] [r=22 c=5 rs=1 cs=1]
              RenderInline {FONT} at (0,0) size 3x11
                RenderText {#text} at (0,0) size 3x11
                  text run at (0,0) width 3: " "
            RenderTableCell {TD} at (47,242) size 8x11 [bgcolor=#91A3A3] [r=22 c=6 rs=1 cs=1]
              RenderInline {FONT} at (0,0) size 3x11
                RenderText {#text} at (0,0) size 3x11
                  text run at (0,0) width 3: " "
            RenderTableCell {TD} at (54,242) size 9x11 [bgcolor=#305D5D] [r=22 c=7 rs=1 cs=1]
              RenderInline {FONT} at (0,0) size 3x11
                RenderText {#text} at (0,0) size 3x11
                  text run at (0,0) width 3: " "
            RenderTableCell {TD} at (62,242) size 9x11 [bgcolor=#044F4F] [r=22 c=8 rs=1 cs=1]
              RenderInline {FONT} at (0,0) size 3x11
                RenderText {#text} at (0,0) size 3x11
                  text run at (0,0) width 3: " "
            RenderTableCell {TD} at (70,242) size 9x11 [bgcolor=#044F4F] [r=22 c=9 rs=1 cs=1]
              RenderInline {FONT} at (0,0) size 3x11
                RenderText {#text} at (0,0) size 3x11
                  text run at (0,0) width 3: " "
            RenderTableCell {TD} at (78,242) size 9x11 [bgcolor=#044F4F] [r=22 c=10 rs=1 cs=1]
              RenderInline {FONT} at (0,0) size 3x11
                RenderText {#text} at (0,0) size 3x11
                  text run at (0,0) width 3: " "
            RenderTableCell {TD} at (86,242) size 9x11 [bgcolor=#025E5E] [r=22 c=11 rs=1 cs=1]
              RenderInline {FONT} at (0,0) size 3x11
                RenderText {#text} at (0,0) size 3x11
                  text run at (0,0) width 3: " "
            RenderTableCell {TD} at (94,242) size 8x11 [bgcolor=#025E5E] [r=22 c=12 rs=1 cs=1]
              RenderInline {FONT} at (0,0) size 3x11
                RenderText {#text} at (0,0) size 3x11
                  text run at (0,0) width 3: " "
            RenderTableCell {TD} at (101,242) size 9x11 [bgcolor=#025E5E] [r=22 c=13 rs=1 cs=1]
              RenderInline {FONT} at (0,0) size 3x11
                RenderText {#text} at (0,0) size 3x11
                  text run at (0,0) width 3: " "
            RenderTableCell {TD} at (109,242) size 9x11 [bgcolor=#025E5E] [r=22 c=14 rs=1 cs=1]
              RenderInline {FONT} at (0,0) size 3x11
                RenderText {#text} at (0,0) size 3x11
                  text run at (0,0) width 3: " "
            RenderTableCell {TD} at (117,242) size 9x11 [bgcolor=#026766] [r=22 c=15 rs=1 cs=1]
              RenderInline {FONT} at (0,0) size 3x11
                RenderText {#text} at (0,0) size 3x11
                  text run at (0,0) width 3: " "
            RenderTableCell {TD} at (125,242) size 9x11 [bgcolor=#027777] [r=22 c=16 rs=1 cs=1]
              RenderInline {FONT} at (0,0) size 3x11
                RenderText {#text} at (0,0) size 3x11
                  text run at (0,0) width 3: " "
            RenderTableCell {TD} at (133,242) size 9x11 [bgcolor=#027777] [r=22 c=17 rs=1 cs=1]
              RenderInline {FONT} at (0,0) size 3x11
                RenderText {#text} at (0,0) size 3x11
                  text run at (0,0) width 3: " "
            RenderTableCell {TD} at (141,242) size 9x11 [bgcolor=#027777] [r=22 c=18 rs=1 cs=1]
              RenderInline {FONT} at (0,0) size 3x11
                RenderText {#text} at (0,0) size 3x11
                  text run at (0,0) width 3: " "
            RenderTableCell {TD} at (149,242) size 8x11 [bgcolor=#027777] [r=22 c=19 rs=1 cs=1]
              RenderInline {FONT} at (0,0) size 3x11
                RenderText {#text} at (0,0) size 3x11
                  text run at (0,0) width 3: " "
            RenderTableCell {TD} at (156,242) size 9x11 [bgcolor=#025E5E] [r=22 c=20 rs=1 cs=1]
              RenderInline {FONT} at (0,0) size 3x11
                RenderText {#text} at (0,0) size 3x11
                  text run at (0,0) width 3: " "
            RenderTableCell {TD} at (164,242) size 9x11 [bgcolor=#044F4F] [r=22 c=21 rs=1 cs=1]
              RenderInline {FONT} at (0,0) size 3x11
                RenderText {#text} at (0,0) size 3x11
                  text run at (0,0) width 3: " "
            RenderTableCell {TD} at (172,242) size 9x11 [bgcolor=#044F4F] [r=22 c=22 rs=1 cs=1]
              RenderInline {FONT} at (0,0) size 3x11
                RenderText {#text} at (0,0) size 3x11
                  text run at (0,0) width 3: " "
            RenderTableCell {TD} at (180,242) size 9x11 [bgcolor=#044140] [r=22 c=23 rs=1 cs=1]
              RenderInline {FONT} at (0,0) size 3x11
                RenderText {#text} at (0,0) size 3x11
                  text run at (0,0) width 3: " "
            RenderTableCell {TD} at (188,242) size 9x11 [bgcolor=#083131] [r=22 c=24 rs=1 cs=1]
              RenderInline {FONT} at (0,0) size 3x11
                RenderText {#text} at (0,0) size 3x11
                  text run at (0,0) width 3: " "
            RenderTableCell {TD} at (196,242) size 8x11 [bgcolor=#083131] [r=22 c=25 rs=1 cs=1]
              RenderInline {FONT} at (0,0) size 3x11
                RenderText {#text} at (0,0) size 3x11
                  text run at (0,0) width 3: " "
            RenderTableCell {TD} at (203,242) size 9x11 [bgcolor=#3D4242] [r=22 c=26 rs=1 cs=1]
              RenderInline {FONT} at (0,0) size 3x11
                RenderText {#text} at (0,0) size 3x11
                  text run at (0,0) width 3: " "
            RenderTableCell {TD} at (211,242) size 9x11 [bgcolor=#5E5F60] [r=22 c=27 rs=1 cs=1]
              RenderInline {FONT} at (0,0) size 3x11
                RenderText {#text} at (0,0) size 3x11
                  text run at (0,0) width 3: " "
            RenderTableCell {TD} at (219,242) size 9x11 [bgcolor=#848788] [r=22 c=28 rs=1 cs=1]
              RenderInline {FONT} at (0,0) size 3x11
                RenderText {#text} at (0,0) size 3x11
                  text run at (0,0) width 3: " "
            RenderTableCell {TD} at (227,242) size 9x11 [bgcolor=#A5A6A6] [r=22 c=29 rs=1 cs=1]
              RenderInline {FONT} at (0,0) size 3x11
                RenderText {#text} at (0,0) size 3x11
                  text run at (0,0) width 3: " "
            RenderTableCell {TD} at (235,242) size 9x11 [bgcolor=#CECFCF] [r=22 c=30 rs=1 cs=1]
              RenderInline {FONT} at (0,0) size 3x11
                RenderText {#text} at (0,0) size 3x11
                  text run at (0,0) width 3: " "
            RenderTableCell {TD} at (243,242) size 8x11 [bgcolor=#EDEEEF] [r=22 c=31 rs=1 cs=1]
              RenderInline {FONT} at (0,0) size 3x11
                RenderText {#text} at (0,0) size 3x11
                  text run at (0,0) width 3: " "
            RenderTableCell {TD} at (251,242) size 8x11 [bgcolor=#FDFDFB] [r=22 c=32 rs=1 cs=1]
              RenderInline {FONT} at (0,0) size 3x11
                RenderText {#text} at (0,0) size 3x11
                  text run at (0,0) width 3: " "
            RenderTableCell {TD} at (258,242) size 9x11 [bgcolor=#FDFDFB] [r=22 c=33 rs=1 cs=1]
              RenderInline {FONT} at (0,0) size 3x11
                RenderText {#text} at (0,0) size 3x11
                  text run at (0,0) width 3: " "
            RenderTableCell {TD} at (266,242) size 9x11 [bgcolor=#FDFDFB] [r=22 c=34 rs=1 cs=1]
              RenderInline {FONT} at (0,0) size 3x11
                RenderText {#text} at (0,0) size 3x11
                  text run at (0,0) width 3: " "
            RenderTableCell {TD} at (274,242) size 9x11 [bgcolor=#EDEEEF] [r=22 c=35 rs=1 cs=1]
              RenderInline {FONT} at (0,0) size 3x11
                RenderText {#text} at (0,0) size 3x11
                  text run at (0,0) width 3: " "
            RenderTableCell {TD} at (282,242) size 9x11 [bgcolor=#027777] [r=22 c=36 rs=1 cs=1]
              RenderInline {FONT} at (0,0) size 3x11
                RenderText {#text} at (0,0) size 3x11
                  text run at (0,0) width 3: " "
            RenderTableCell {TD} at (290,242) size 9x11 [bgcolor=#026766] [r=22 c=37 rs=1 cs=1]
              RenderInline {FONT} at (0,0) size 3x11
                RenderText {#text} at (0,0) size 3x11
                  text run at (0,0) width 3: " "
            RenderTableCell {TD} at (298,242) size 8x11 [bgcolor=#025E5E] [r=22 c=38 rs=1 cs=1]
              RenderInline {FONT} at (0,0) size 3x11
                RenderText {#text} at (0,0) size 3x11
                  text run at (0,0) width 3: " "
            RenderTableCell {TD} at (305,242) size 9x11 [bgcolor=#044F4F] [r=22 c=39 rs=1 cs=1]
              RenderInline {FONT} at (0,0) size 3x11
                RenderText {#text} at (0,0) size 3x11
                  text run at (0,0) width 3: " "
            RenderTableCell {TD} at (313,242) size 9x11 [bgcolor=#044F4F] [r=22 c=40 rs=1 cs=1]
              RenderInline {FONT} at (0,0) size 3x11
                RenderText {#text} at (0,0) size 3x11
                  text run at (0,0) width 3: " "
            RenderTableCell {TD} at (321,242) size 9x11 [bgcolor=#044F4F] [r=22 c=41 rs=1 cs=1]
              RenderInline {FONT} at (0,0) size 3x11
                RenderText {#text} at (0,0) size 3x11
                  text run at (0,0) width 3: " "
            RenderTableCell {TD} at (329,242) size 9x11 [bgcolor=#044F4F] [r=22 c=42 rs=1 cs=1]
              RenderInline {FONT} at (0,0) size 3x11
                RenderText {#text} at (0,0) size 3x11
                  text run at (0,0) width 3: " "
            RenderTableCell {TD} at (337,242) size 9x11 [bgcolor=#044F4F] [r=22 c=43 rs=1 cs=1]
              RenderInline {FONT} at (0,0) size 3x11
                RenderText {#text} at (0,0) size 3x11
                  text run at (0,0) width 3: " "
            RenderTableCell {TD} at (345,242) size 8x11 [bgcolor=#044F4F] [r=22 c=44 rs=1 cs=1]
              RenderInline {FONT} at (0,0) size 3x11
                RenderText {#text} at (0,0) size 3x11
                  text run at (0,0) width 3: " "
            RenderTableCell {TD} at (352,242) size 9x11 [bgcolor=#044F4F] [r=22 c=45 rs=1 cs=1]
              RenderInline {FONT} at (0,0) size 3x11
                RenderText {#text} at (0,0) size 3x11
                  text run at (0,0) width 3: " "
            RenderTableCell {TD} at (360,242) size 9x11 [bgcolor=#044F4F] [r=22 c=46 rs=1 cs=1]
              RenderInline {FONT} at (0,0) size 3x11
                RenderText {#text} at (0,0) size 3x11
                  text run at (0,0) width 3: " "
            RenderTableCell {TD} at (368,242) size 9x11 [bgcolor=#044F4F] [r=22 c=47 rs=1 cs=1]
              RenderInline {FONT} at (0,0) size 3x11
                RenderText {#text} at (0,0) size 3x11
                  text run at (0,0) width 3: " "
            RenderTableCell {TD} at (376,242) size 9x11 [bgcolor=#044F4F] [r=22 c=48 rs=1 cs=1]
              RenderInline {FONT} at (0,0) size 3x11
                RenderText {#text} at (0,0) size 3x11
                  text run at (0,0) width 3: " "
            RenderTableCell {TD} at (384,242) size 9x11 [bgcolor=#044F4F] [r=22 c=49 rs=1 cs=1]
              RenderInline {FONT} at (0,0) size 3x11
                RenderText {#text} at (0,0) size 3x11
                  text run at (0,0) width 3: " "
            RenderTableCell {TD} at (392,242) size 9x11 [bgcolor=#044140] [r=22 c=50 rs=1 cs=1]
              RenderInline {FONT} at (0,0) size 3x11
                RenderText {#text} at (0,0) size 3x11
                  text run at (0,0) width 3: " "
            RenderTableCell {TD} at (400,242) size 8x11 [bgcolor=#083131] [r=22 c=51 rs=1 cs=1]
              RenderInline {FONT} at (0,0) size 3x11
                RenderText {#text} at (0,0) size 3x11
                  text run at (0,0) width 3: " "
            RenderTableCell {TD} at (407,242) size 9x11 [bgcolor=#696A69] [r=22 c=52 rs=1 cs=1]
              RenderInline {FONT} at (0,0) size 3x11
                RenderText {#text} at (0,0) size 3x11
                  text run at (0,0) width 3: " "
            RenderTableCell {TD} at (415,242) size 9x11 [bgcolor=#B4B4B4] [r=22 c=53 rs=1 cs=1]
              RenderInline {FONT} at (0,0) size 3x11
                RenderText {#text} at (0,0) size 3x11
                  text run at (0,0) width 3: " "
            RenderTableCell {TD} at (423,242) size 9x11 [bgcolor=#DEDFDF] [r=22 c=54 rs=1 cs=1]
              RenderInline {FONT} at (0,0) size 3x11
                RenderText {#text} at (0,0) size 3x11
                  text run at (0,0) width 3: " "
            RenderTableCell {TD} at (431,242) size 9x11 [bgcolor=#FDFDFB] [r=22 c=55 rs=1 cs=1]
              RenderInline {FONT} at (0,0) size 3x11
                RenderText {#text} at (0,0) size 3x11
                  text run at (0,0) width 3: " "
            RenderTableCell {TD} at (439,242) size 9x11 [bgcolor=#FDFDFB] [r=22 c=56 rs=1 cs=1]
              RenderInline {FONT} at (0,0) size 3x11
                RenderText {#text} at (0,0) size 3x11
                  text run at (0,0) width 3: " "
            RenderTableCell {TD} at (447,242) size 8x11 [bgcolor=#FDFDFB] [r=22 c=57 rs=1 cs=1]
              RenderInline {FONT} at (0,0) size 3x11
                RenderText {#text} at (0,0) size 3x11
                  text run at (0,0) width 3: " "
            RenderTableCell {TD} at (454,242) size 9x11 [bgcolor=#FDFDFB] [r=22 c=58 rs=1 cs=1]
              RenderInline {FONT} at (0,0) size 3x11
                RenderText {#text} at (0,0) size 3x11
                  text run at (0,0) width 3: " "
            RenderTableCell {TD} at (462,242) size 9x11 [bgcolor=#FDFDFB] [r=22 c=59 rs=1 cs=1]
              RenderInline {FONT} at (0,0) size 3x11
                RenderText {#text} at (0,0) size 3x11
                  text run at (0,0) width 3: " "
            RenderTableCell {TD} at (470,242) size 9x11 [bgcolor=#FDFDFB] [r=22 c=60 rs=1 cs=1]
              RenderInline {FONT} at (0,0) size 3x11
                RenderText {#text} at (0,0) size 3x11
                  text run at (0,0) width 3: " "
            RenderTableCell {TD} at (478,242) size 9x11 [bgcolor=#FDFDFB] [r=22 c=61 rs=1 cs=1]
              RenderInline {FONT} at (0,0) size 3x11
                RenderText {#text} at (0,0) size 3x11
                  text run at (0,0) width 3: " "
            RenderTableCell {TD} at (486,242) size 9x11 [bgcolor=#EDEEEF] [r=22 c=62 rs=1 cs=1]
              RenderInline {FONT} at (0,0) size 3x11
                RenderText {#text} at (0,0) size 3x11
                  text run at (0,0) width 3: " "
            RenderTableCell {TD} at (494,242) size 8x11 [bgcolor=#BEC2C2] [r=22 c=63 rs=1 cs=1]
              RenderInline {FONT} at (0,0) size 3x11
                RenderText {#text} at (0,0) size 3x11
                  text run at (0,0) width 3: " "
            RenderTableCell {TD} at (502,242) size 8x11 [bgcolor=#396B6A] [r=22 c=64 rs=1 cs=1]
              RenderInline {FONT} at (0,0) size 3x11
                RenderText {#text} at (0,0) size 3x11
                  text run at (0,0) width 3: " "
            RenderTableCell {TD} at (509,242) size 9x11 [bgcolor=#044F4F] [r=22 c=65 rs=1 cs=1]
              RenderInline {FONT} at (0,0) size 3x11
                RenderText {#text} at (0,0) size 3x11
                  text run at (0,0) width 3: " "
            RenderTableCell {TD} at (517,242) size 9x11 [bgcolor=#044F4F] [r=22 c=66 rs=1 cs=1]
              RenderInline {FONT} at (0,0) size 3x11
                RenderText {#text} at (0,0) size 3x11
                  text run at (0,0) width 3: " "
            RenderTableCell {TD} at (525,242) size 9x11 [bgcolor=#025E5E] [r=22 c=67 rs=1 cs=1]
              RenderInline {FONT} at (0,0) size 3x11
                RenderText {#text} at (0,0) size 3x11
                  text run at (0,0) width 3: " "
            RenderTableCell {TD} at (533,242) size 9x11 [bgcolor=#025E5E] [r=22 c=68 rs=1 cs=1]
              RenderInline {FONT} at (0,0) size 3x11
                RenderText {#text} at (0,0) size 3x11
                  text run at (0,0) width 3: " "
            RenderTableCell {TD} at (541,242) size 9x11 [bgcolor=#025E5E] [r=22 c=69 rs=1 cs=1]
              RenderInline {FONT} at (0,0) size 3x11
                RenderText {#text} at (0,0) size 3x11
                  text run at (0,0) width 3: " "
            RenderTableCell {TD} at (549,242) size 8x11 [bgcolor=#025E5E] [r=22 c=70 rs=1 cs=1]
              RenderInline {FONT} at (0,0) size 3x11
                RenderText {#text} at (0,0) size 3x11
                  text run at (0,0) width 3: " "
            RenderTableCell {TD} at (556,242) size 9x11 [bgcolor=#025E5E] [r=22 c=71 rs=1 cs=1]
              RenderInline {FONT} at (0,0) size 3x11
                RenderText {#text} at (0,0) size 3x11
                  text run at (0,0) width 3: " "
            RenderTableCell {TD} at (564,242) size 9x11 [bgcolor=#025E5E] [r=22 c=72 rs=1 cs=1]
              RenderInline {FONT} at (0,0) size 3x11
                RenderText {#text} at (0,0) size 3x11
                  text run at (0,0) width 3: " "
            RenderTableCell {TD} at (572,242) size 9x11 [bgcolor=#025E5E] [r=22 c=73 rs=1 cs=1]
              RenderInline {FONT} at (0,0) size 3x11
                RenderText {#text} at (0,0) size 3x11
                  text run at (0,0) width 3: " "
            RenderTableCell {TD} at (580,242) size 9x11 [bgcolor=#026766] [r=22 c=74 rs=1 cs=1]
              RenderInline {FONT} at (0,0) size 3x11
                RenderText {#text} at (0,0) size 3x11
                  text run at (0,0) width 3: " "
            RenderTableCell {TD} at (588,242) size 9x11 [bgcolor=#026766] [r=22 c=75 rs=1 cs=1]
              RenderInline {FONT} at (0,0) size 3x11
                RenderText {#text} at (0,0) size 3x11
                  text run at (0,0) width 3: " "
            RenderTableCell {TD} at (596,242) size 8x11 [bgcolor=#026766] [r=22 c=76 rs=1 cs=1]
              RenderInline {FONT} at (0,0) size 3x11
                RenderText {#text} at (0,0) size 3x11
                  text run at (0,0) width 3: " "
            RenderTableCell {TD} at (603,242) size 9x11 [bgcolor=#026766] [r=22 c=77 rs=1 cs=1]
              RenderInline {FONT} at (0,0) size 3x11
                RenderText {#text} at (0,0) size 3x11
                  text run at (0,0) width 3: " "
            RenderTableCell {TD} at (611,242) size 9x11 [bgcolor=#026766] [r=22 c=78 rs=1 cs=1]
              RenderInline {FONT} at (0,0) size 3x11
                RenderText {#text} at (0,0) size 3x11
                  text run at (0,0) width 3: " "
            RenderTableCell {TD} at (619,242) size 9x11 [bgcolor=#026766] [r=22 c=79 rs=1 cs=1]
              RenderInline {FONT} at (0,0) size 3x11
                RenderText {#text} at (0,0) size 3x11
                  text run at (0,0) width 3: " "
            RenderTableCell {TD} at (627,242) size 9x11 [bgcolor=#026766] [r=22 c=80 rs=1 cs=1]
              RenderInline {FONT} at (0,0) size 3x11
                RenderText {#text} at (0,0) size 3x11
                  text run at (0,0) width 3: " "
            RenderTableCell {TD} at (635,242) size 9x11 [bgcolor=#026766] [r=22 c=81 rs=1 cs=1]
              RenderInline {FONT} at (0,0) size 3x11
                RenderText {#text} at (0,0) size 3x11
                  text run at (0,0) width 3: " "
            RenderTableCell {TD} at (643,242) size 9x11 [bgcolor=#026766] [r=22 c=82 rs=1 cs=1]
              RenderInline {FONT} at (0,0) size 3x11
                RenderText {#text} at (0,0) size 3x11
                  text run at (0,0) width 3: " "
            RenderTableCell {TD} at (651,242) size 8x11 [bgcolor=#026766] [r=22 c=83 rs=1 cs=1]
              RenderInline {FONT} at (0,0) size 3x11
                RenderText {#text} at (0,0) size 3x11
                  text run at (0,0) width 3: " "
            RenderTableCell {TD} at (658,242) size 9x11 [bgcolor=#026766] [r=22 c=84 rs=1 cs=1]
              RenderInline {FONT} at (0,0) size 3x11
                RenderText {#text} at (0,0) size 3x11
                  text run at (0,0) width 3: " "
            RenderTableCell {TD} at (666,242) size 9x11 [bgcolor=#026766] [r=22 c=85 rs=1 cs=1]
              RenderInline {FONT} at (0,0) size 3x11
                RenderText {#text} at (0,0) size 3x11
                  text run at (0,0) width 3: " "
            RenderTableCell {TD} at (674,242) size 9x11 [bgcolor=#026766] [r=22 c=86 rs=1 cs=1]
              RenderInline {FONT} at (0,0) size 3x11
                RenderText {#text} at (0,0) size 3x11
                  text run at (0,0) width 3: " "
            RenderTableCell {TD} at (682,242) size 9x11 [bgcolor=#026766] [r=22 c=87 rs=1 cs=1]
              RenderInline {FONT} at (0,0) size 3x11
                RenderText {#text} at (0,0) size 3x11
                  text run at (0,0) width 3: " "
            RenderTableCell {TD} at (690,242) size 9x11 [bgcolor=#026766] [r=22 c=88 rs=1 cs=1]
              RenderInline {FONT} at (0,0) size 3x11
                RenderText {#text} at (0,0) size 3x11
                  text run at (0,0) width 3: " "
            RenderTableCell {TD} at (698,242) size 8x11 [bgcolor=#026766] [r=22 c=89 rs=1 cs=1]
              RenderInline {FONT} at (0,0) size 3x11
                RenderText {#text} at (0,0) size 3x11
                  text run at (0,0) width 3: " "
            RenderTableCell {TD} at (705,242) size 9x11 [bgcolor=#026766] [r=22 c=90 rs=1 cs=1]
              RenderInline {FONT} at (0,0) size 3x11
                RenderText {#text} at (0,0) size 3x11
                  text run at (0,0) width 3: " "
            RenderTableCell {TD} at (713,242) size 9x11 [bgcolor=#025E5E] [r=22 c=91 rs=1 cs=1]
              RenderInline {FONT} at (0,0) size 3x11
                RenderText {#text} at (0,0) size 3x11
                  text run at (0,0) width 3: " "
            RenderTableCell {TD} at (721,242) size 9x11 [bgcolor=#044F4F] [r=22 c=92 rs=1 cs=1]
              RenderInline {FONT} at (0,0) size 3x11
                RenderText {#text} at (0,0) size 3x11
                  text run at (0,0) width 3: " "
            RenderTableCell {TD} at (729,242) size 9x11 [bgcolor=#044140] [r=22 c=93 rs=1 cs=1]
              RenderInline {FONT} at (0,0) size 3x11
                RenderText {#text} at (0,0) size 3x11
                  text run at (0,0) width 3: " "
            RenderTableCell {TD} at (737,242) size 9x11 [bgcolor=#425A5A] [r=22 c=94 rs=1 cs=1]
              RenderInline {FONT} at (0,0) size 3x11
                RenderText {#text} at (0,0) size 3x11
                  text run at (0,0) width 3: " "
            RenderTableCell {TD} at (745,242) size 8x11 [bgcolor=#A5A6A6] [r=22 c=95 rs=1 cs=1]
              RenderInline {FONT} at (0,0) size 3x11
                RenderText {#text} at (0,0) size 3x11
                  text run at (0,0) width 3: " "
            RenderTableCell {TD} at (753,242) size 8x11 [bgcolor=#CECFCF] [r=22 c=96 rs=1 cs=1]
              RenderInline {FONT} at (0,0) size 3x11
                RenderText {#text} at (0,0) size 3x11
                  text run at (0,0) width 3: " "
            RenderTableCell {TD} at (760,242) size 9x11 [bgcolor=#FDFDFB] [r=22 c=97 rs=1 cs=1]
              RenderInline {FONT} at (0,0) size 3x11
                RenderText {#text} at (0,0) size 3x11
                  text run at (0,0) width 3: " "
            RenderTableCell {TD} at (768,242) size 9x11 [bgcolor=#FDFDFB] [r=22 c=98 rs=1 cs=1]
              RenderInline {FONT} at (0,0) size 3x11
                RenderText {#text} at (0,0) size 3x11
                  text run at (0,0) width 3: " "
            RenderTableCell {TD} at (776,242) size 9x11 [bgcolor=#FDFDFB] [r=22 c=99 rs=1 cs=1]
              RenderInline {FONT} at (0,0) size 3x11
                RenderText {#text} at (0,0) size 3x11
                  text run at (0,0) width 3: " "
          RenderTableRow {TR} at (0,253) size 784x11
            RenderTableCell {TD} at (0,253) size 8x11 [bgcolor=#FDFDFB] [r=23 c=0 rs=1 cs=1]
              RenderInline {FONT} at (0,0) size 3x11
                RenderText {#text} at (0,0) size 3x11
                  text run at (0,0) width 3: " "
            RenderTableCell {TD} at (7,253) size 9x11 [bgcolor=#FDFDFB] [r=23 c=1 rs=1 cs=1]
              RenderInline {FONT} at (0,0) size 3x11
                RenderText {#text} at (0,0) size 3x11
                  text run at (0,0) width 3: " "
            RenderTableCell {TD} at (15,253) size 9x11 [bgcolor=#FDFDFB] [r=23 c=2 rs=1 cs=1]
              RenderInline {FONT} at (0,0) size 3x11
                RenderText {#text} at (0,0) size 3x11
                  text run at (0,0) width 3: " "
            RenderTableCell {TD} at (23,253) size 9x11 [bgcolor=#FDFDFB] [r=23 c=3 rs=1 cs=1]
              RenderInline {FONT} at (0,0) size 3x11
                RenderText {#text} at (0,0) size 3x11
                  text run at (0,0) width 3: " "
            RenderTableCell {TD} at (31,253) size 9x11 [bgcolor=#FDFDFB] [r=23 c=4 rs=1 cs=1]
              RenderInline {FONT} at (0,0) size 3x11
                RenderText {#text} at (0,0) size 3x11
                  text run at (0,0) width 3: " "
            RenderTableCell {TD} at (39,253) size 9x11 [bgcolor=#EDEEEF] [r=23 c=5 rs=1 cs=1]
              RenderInline {FONT} at (0,0) size 3x11
                RenderText {#text} at (0,0) size 3x11
                  text run at (0,0) width 3: " "
            RenderTableCell {TD} at (47,253) size 8x11 [bgcolor=#DEDFDF] [r=23 c=6 rs=1 cs=1]
              RenderInline {FONT} at (0,0) size 3x11
                RenderText {#text} at (0,0) size 3x11
                  text run at (0,0) width 3: " "
            RenderTableCell {TD} at (54,253) size 9x11 [bgcolor=#B4B4B4] [r=23 c=7 rs=1 cs=1]
              RenderInline {FONT} at (0,0) size 3x11
                RenderText {#text} at (0,0) size 3x11
                  text run at (0,0) width 3: " "
            RenderTableCell {TD} at (62,253) size 9x11 [bgcolor=#848788] [r=23 c=8 rs=1 cs=1]
              RenderInline {FONT} at (0,0) size 3x11
                RenderText {#text} at (0,0) size 3x11
                  text run at (0,0) width 3: " "
            RenderTableCell {TD} at (70,253) size 9x11 [bgcolor=#305D5D] [r=23 c=9 rs=1 cs=1]
              RenderInline {FONT} at (0,0) size 3x11
                RenderText {#text} at (0,0) size 3x11
                  text run at (0,0) width 3: " "
            RenderTableCell {TD} at (78,253) size 9x11 [bgcolor=#044F4F] [r=23 c=10 rs=1 cs=1]
              RenderInline {FONT} at (0,0) size 3x11
                RenderText {#text} at (0,0) size 3x11
                  text run at (0,0) width 3: " "
            RenderTableCell {TD} at (86,253) size 9x11 [bgcolor=#044140] [r=23 c=11 rs=1 cs=1]
              RenderInline {FONT} at (0,0) size 3x11
                RenderText {#text} at (0,0) size 3x11
                  text run at (0,0) width 3: " "
            RenderTableCell {TD} at (94,253) size 8x11 [bgcolor=#044F4F] [r=23 c=12 rs=1 cs=1]
              RenderInline {FONT} at (0,0) size 3x11
                RenderText {#text} at (0,0) size 3x11
                  text run at (0,0) width 3: " "
            RenderTableCell {TD} at (101,253) size 9x11 [bgcolor=#044F4F] [r=23 c=13 rs=1 cs=1]
              RenderInline {FONT} at (0,0) size 3x11
                RenderText {#text} at (0,0) size 3x11
                  text run at (0,0) width 3: " "
            RenderTableCell {TD} at (109,253) size 9x11 [bgcolor=#044F4F] [r=23 c=14 rs=1 cs=1]
              RenderInline {FONT} at (0,0) size 3x11
                RenderText {#text} at (0,0) size 3x11
                  text run at (0,0) width 3: " "
            RenderTableCell {TD} at (117,253) size 9x11 [bgcolor=#044F4F] [r=23 c=15 rs=1 cs=1]
              RenderInline {FONT} at (0,0) size 3x11
                RenderText {#text} at (0,0) size 3x11
                  text run at (0,0) width 3: " "
            RenderTableCell {TD} at (125,253) size 9x11 [bgcolor=#025E5E] [r=23 c=16 rs=1 cs=1]
              RenderInline {FONT} at (0,0) size 3x11
                RenderText {#text} at (0,0) size 3x11
                  text run at (0,0) width 3: " "
            RenderTableCell {TD} at (133,253) size 9x11 [bgcolor=#025E5E] [r=23 c=17 rs=1 cs=1]
              RenderInline {FONT} at (0,0) size 3x11
                RenderText {#text} at (0,0) size 3x11
                  text run at (0,0) width 3: " "
            RenderTableCell {TD} at (141,253) size 9x11 [bgcolor=#044F4F] [r=23 c=18 rs=1 cs=1]
              RenderInline {FONT} at (0,0) size 3x11
                RenderText {#text} at (0,0) size 3x11
                  text run at (0,0) width 3: " "
            RenderTableCell {TD} at (149,253) size 8x11 [bgcolor=#044F4F] [r=23 c=19 rs=1 cs=1]
              RenderInline {FONT} at (0,0) size 3x11
                RenderText {#text} at (0,0) size 3x11
                  text run at (0,0) width 3: " "
            RenderTableCell {TD} at (156,253) size 9x11 [bgcolor=#044140] [r=23 c=20 rs=1 cs=1]
              RenderInline {FONT} at (0,0) size 3x11
                RenderText {#text} at (0,0) size 3x11
                  text run at (0,0) width 3: " "
            RenderTableCell {TD} at (164,253) size 9x11 [bgcolor=#044140] [r=23 c=21 rs=1 cs=1]
              RenderInline {FONT} at (0,0) size 3x11
                RenderText {#text} at (0,0) size 3x11
                  text run at (0,0) width 3: " "
            RenderTableCell {TD} at (172,253) size 9x11 [bgcolor=#083131] [r=23 c=22 rs=1 cs=1]
              RenderInline {FONT} at (0,0) size 3x11
                RenderText {#text} at (0,0) size 3x11
                  text run at (0,0) width 3: " "
            RenderTableCell {TD} at (180,253) size 9x11 [bgcolor=#083131] [r=23 c=23 rs=1 cs=1]
              RenderInline {FONT} at (0,0) size 3x11
                RenderText {#text} at (0,0) size 3x11
                  text run at (0,0) width 3: " "
            RenderTableCell {TD} at (188,253) size 9x11 [bgcolor=#344C4E] [r=23 c=24 rs=1 cs=1]
              RenderInline {FONT} at (0,0) size 3x11
                RenderText {#text} at (0,0) size 3x11
                  text run at (0,0) width 3: " "
            RenderTableCell {TD} at (196,253) size 8x11 [bgcolor=#5E5F60] [r=23 c=25 rs=1 cs=1]
              RenderInline {FONT} at (0,0) size 3x11
                RenderText {#text} at (0,0) size 3x11
                  text run at (0,0) width 3: " "
            RenderTableCell {TD} at (203,253) size 9x11 [bgcolor=#777878] [r=23 c=26 rs=1 cs=1]
              RenderInline {FONT} at (0,0) size 3x11
                RenderText {#text} at (0,0) size 3x11
                  text run at (0,0) width 3: " "
            RenderTableCell {TD} at (211,253) size 9x11 [bgcolor=#939494] [r=23 c=27 rs=1 cs=1]
              RenderInline {FONT} at (0,0) size 3x11
                RenderText {#text} at (0,0) size 3x11
                  text run at (0,0) width 3: " "
            RenderTableCell {TD} at (219,253) size 9x11 [bgcolor=#B4B4B4] [r=23 c=28 rs=1 cs=1]
              RenderInline {FONT} at (0,0) size 3x11
                RenderText {#text} at (0,0) size 3x11
                  text run at (0,0) width 3: " "
            RenderTableCell {TD} at (227,253) size 9x11 [bgcolor=#CECFCF] [r=23 c=29 rs=1 cs=1]
              RenderInline {FONT} at (0,0) size 3x11
                RenderText {#text} at (0,0) size 3x11
                  text run at (0,0) width 3: " "
            RenderTableCell {TD} at (235,253) size 9x11 [bgcolor=#EDEEEF] [r=23 c=30 rs=1 cs=1]
              RenderInline {FONT} at (0,0) size 3x11
                RenderText {#text} at (0,0) size 3x11
                  text run at (0,0) width 3: " "
            RenderTableCell {TD} at (243,253) size 8x11 [bgcolor=#FDFDFB] [r=23 c=31 rs=1 cs=1]
              RenderInline {FONT} at (0,0) size 3x11
                RenderText {#text} at (0,0) size 3x11
                  text run at (0,0) width 3: " "
            RenderTableCell {TD} at (251,253) size 8x11 [bgcolor=#FDFDFB] [r=23 c=32 rs=1 cs=1]
              RenderInline {FONT} at (0,0) size 3x11
                RenderText {#text} at (0,0) size 3x11
                  text run at (0,0) width 3: " "
            RenderTableCell {TD} at (258,253) size 9x11 [bgcolor=#FDFDFB] [r=23 c=33 rs=1 cs=1]
              RenderInline {FONT} at (0,0) size 3x11
                RenderText {#text} at (0,0) size 3x11
                  text run at (0,0) width 3: " "
            RenderTableCell {TD} at (266,253) size 9x11 [bgcolor=#FDFDFB] [r=23 c=34 rs=1 cs=1]
              RenderInline {FONT} at (0,0) size 3x11
                RenderText {#text} at (0,0) size 3x11
                  text run at (0,0) width 3: " "
            RenderTableCell {TD} at (274,253) size 9x11 [bgcolor=#E0EAE9] [r=23 c=35 rs=1 cs=1]
              RenderInline {FONT} at (0,0) size 3x11
                RenderText {#text} at (0,0) size 3x11
                  text run at (0,0) width 3: " "
            RenderTableCell {TD} at (282,253) size 9x11 [bgcolor=#025E5E] [r=23 c=36 rs=1 cs=1]
              RenderInline {FONT} at (0,0) size 3x11
                RenderText {#text} at (0,0) size 3x11
                  text run at (0,0) width 3: " "
            RenderTableCell {TD} at (290,253) size 9x11 [bgcolor=#044F4F] [r=23 c=37 rs=1 cs=1]
              RenderInline {FONT} at (0,0) size 3x11
                RenderText {#text} at (0,0) size 3x11
                  text run at (0,0) width 3: " "
            RenderTableCell {TD} at (298,253) size 8x11 [bgcolor=#044140] [r=23 c=38 rs=1 cs=1]
              RenderInline {FONT} at (0,0) size 3x11
                RenderText {#text} at (0,0) size 3x11
                  text run at (0,0) width 3: " "
            RenderTableCell {TD} at (305,253) size 9x11 [bgcolor=#044140] [r=23 c=39 rs=1 cs=1]
              RenderInline {FONT} at (0,0) size 3x11
                RenderText {#text} at (0,0) size 3x11
                  text run at (0,0) width 3: " "
            RenderTableCell {TD} at (313,253) size 9x11 [bgcolor=#044140] [r=23 c=40 rs=1 cs=1]
              RenderInline {FONT} at (0,0) size 3x11
                RenderText {#text} at (0,0) size 3x11
                  text run at (0,0) width 3: " "
            RenderTableCell {TD} at (321,253) size 9x11 [bgcolor=#044140] [r=23 c=41 rs=1 cs=1]
              RenderInline {FONT} at (0,0) size 3x11
                RenderText {#text} at (0,0) size 3x11
                  text run at (0,0) width 3: " "
            RenderTableCell {TD} at (329,253) size 9x11 [bgcolor=#044140] [r=23 c=42 rs=1 cs=1]
              RenderInline {FONT} at (0,0) size 3x11
                RenderText {#text} at (0,0) size 3x11
                  text run at (0,0) width 3: " "
            RenderTableCell {TD} at (337,253) size 9x11 [bgcolor=#044140] [r=23 c=43 rs=1 cs=1]
              RenderInline {FONT} at (0,0) size 3x11
                RenderText {#text} at (0,0) size 3x11
                  text run at (0,0) width 3: " "
            RenderTableCell {TD} at (345,253) size 8x11 [bgcolor=#044140] [r=23 c=44 rs=1 cs=1]
              RenderInline {FONT} at (0,0) size 3x11
                RenderText {#text} at (0,0) size 3x11
                  text run at (0,0) width 3: " "
            RenderTableCell {TD} at (352,253) size 9x11 [bgcolor=#044140] [r=23 c=45 rs=1 cs=1]
              RenderInline {FONT} at (0,0) size 3x11
                RenderText {#text} at (0,0) size 3x11
                  text run at (0,0) width 3: " "
            RenderTableCell {TD} at (360,253) size 9x11 [bgcolor=#044140] [r=23 c=46 rs=1 cs=1]
              RenderInline {FONT} at (0,0) size 3x11
                RenderText {#text} at (0,0) size 3x11
                  text run at (0,0) width 3: " "
            RenderTableCell {TD} at (368,253) size 9x11 [bgcolor=#044140] [r=23 c=47 rs=1 cs=1]
              RenderInline {FONT} at (0,0) size 3x11
                RenderText {#text} at (0,0) size 3x11
                  text run at (0,0) width 3: " "
            RenderTableCell {TD} at (376,253) size 9x11 [bgcolor=#044140] [r=23 c=48 rs=1 cs=1]
              RenderInline {FONT} at (0,0) size 3x11
                RenderText {#text} at (0,0) size 3x11
                  text run at (0,0) width 3: " "
            RenderTableCell {TD} at (384,253) size 9x11 [bgcolor=#044140] [r=23 c=49 rs=1 cs=1]
              RenderInline {FONT} at (0,0) size 3x11
                RenderText {#text} at (0,0) size 3x11
                  text run at (0,0) width 3: " "
            RenderTableCell {TD} at (392,253) size 9x11 [bgcolor=#083131] [r=23 c=50 rs=1 cs=1]
              RenderInline {FONT} at (0,0) size 3x11
                RenderText {#text} at (0,0) size 3x11
                  text run at (0,0) width 3: " "
            RenderTableCell {TD} at (400,253) size 8x11 [bgcolor=#072323] [r=23 c=51 rs=1 cs=1]
              RenderInline {FONT} at (0,0) size 3x11
                RenderText {#text} at (0,0) size 3x11
                  text run at (0,0) width 3: " "
            RenderTableCell {TD} at (407,253) size 9x11 [bgcolor=#647979] [r=23 c=52 rs=1 cs=1]
              RenderInline {FONT} at (0,0) size 3x11
                RenderText {#text} at (0,0) size 3x11
                  text run at (0,0) width 3: " "
            RenderTableCell {TD} at (415,253) size 9x11 [bgcolor=#B4B4B4] [r=23 c=53 rs=1 cs=1]
              RenderInline {FONT} at (0,0) size 3x11
                RenderText {#text} at (0,0) size 3x11
                  text run at (0,0) width 3: " "
            RenderTableCell {TD} at (423,253) size 9x11 [bgcolor=#E0EAE9] [r=23 c=54 rs=1 cs=1]
              RenderInline {FONT} at (0,0) size 3x11
                RenderText {#text} at (0,0) size 3x11
                  text run at (0,0) width 3: " "
            RenderTableCell {TD} at (431,253) size 9x11 [bgcolor=#FDFDFB] [r=23 c=55 rs=1 cs=1]
              RenderInline {FONT} at (0,0) size 3x11
                RenderText {#text} at (0,0) size 3x11
                  text run at (0,0) width 3: " "
            RenderTableCell {TD} at (439,253) size 9x11 [bgcolor=#FDFDFB] [r=23 c=56 rs=1 cs=1]
              RenderInline {FONT} at (0,0) size 3x11
                RenderText {#text} at (0,0) size 3x11
                  text run at (0,0) width 3: " "
            RenderTableCell {TD} at (447,253) size 8x11 [bgcolor=#FDFDFB] [r=23 c=57 rs=1 cs=1]
              RenderInline {FONT} at (0,0) size 3x11
                RenderText {#text} at (0,0) size 3x11
                  text run at (0,0) width 3: " "
            RenderTableCell {TD} at (454,253) size 9x11 [bgcolor=#FDFDFB] [r=23 c=58 rs=1 cs=1]
              RenderInline {FONT} at (0,0) size 3x11
                RenderText {#text} at (0,0) size 3x11
                  text run at (0,0) width 3: " "
            RenderTableCell {TD} at (462,253) size 9x11 [bgcolor=#FDFDFB] [r=23 c=59 rs=1 cs=1]
              RenderInline {FONT} at (0,0) size 3x11
                RenderText {#text} at (0,0) size 3x11
                  text run at (0,0) width 3: " "
            RenderTableCell {TD} at (470,253) size 9x11 [bgcolor=#FDFDFB] [r=23 c=60 rs=1 cs=1]
              RenderInline {FONT} at (0,0) size 3x11
                RenderText {#text} at (0,0) size 3x11
                  text run at (0,0) width 3: " "
            RenderTableCell {TD} at (478,253) size 9x11 [bgcolor=#FDFDFB] [r=23 c=61 rs=1 cs=1]
              RenderInline {FONT} at (0,0) size 3x11
                RenderText {#text} at (0,0) size 3x11
                  text run at (0,0) width 3: " "
            RenderTableCell {TD} at (486,253) size 9x11 [bgcolor=#FDFDFB] [r=23 c=62 rs=1 cs=1]
              RenderInline {FONT} at (0,0) size 3x11
                RenderText {#text} at (0,0) size 3x11
                  text run at (0,0) width 3: " "
            RenderTableCell {TD} at (494,253) size 8x11 [bgcolor=#E0EAE9] [r=23 c=63 rs=1 cs=1]
              RenderInline {FONT} at (0,0) size 3x11
                RenderText {#text} at (0,0) size 3x11
                  text run at (0,0) width 3: " "
            RenderTableCell {TD} at (502,253) size 8x11 [bgcolor=#BEC2C2] [r=23 c=64 rs=1 cs=1]
              RenderInline {FONT} at (0,0) size 3x11
                RenderText {#text} at (0,0) size 3x11
                  text run at (0,0) width 3: " "
            RenderTableCell {TD} at (509,253) size 9x11 [bgcolor=#7B918F] [r=23 c=65 rs=1 cs=1]
              RenderInline {FONT} at (0,0) size 3x11
                RenderText {#text} at (0,0) size 3x11
                  text run at (0,0) width 3: " "
            RenderTableCell {TD} at (517,253) size 9x11 [bgcolor=#305D5D] [r=23 c=66 rs=1 cs=1]
              RenderInline {FONT} at (0,0) size 3x11
                RenderText {#text} at (0,0) size 3x11
                  text run at (0,0) width 3: " "
            RenderTableCell {TD} at (525,253) size 9x11 [bgcolor=#044F4F] [r=23 c=67 rs=1 cs=1]
              RenderInline {FONT} at (0,0) size 3x11
                RenderText {#text} at (0,0) size 3x11
                  text run at (0,0) width 3: " "
            RenderTableCell {TD} at (533,253) size 9x11 [bgcolor=#044F4F] [r=23 c=68 rs=1 cs=1]
              RenderInline {FONT} at (0,0) size 3x11
                RenderText {#text} at (0,0) size 3x11
                  text run at (0,0) width 3: " "
            RenderTableCell {TD} at (541,253) size 9x11 [bgcolor=#044F4F] [r=23 c=69 rs=1 cs=1]
              RenderInline {FONT} at (0,0) size 3x11
                RenderText {#text} at (0,0) size 3x11
                  text run at (0,0) width 3: " "
            RenderTableCell {TD} at (549,253) size 8x11 [bgcolor=#044F4F] [r=23 c=70 rs=1 cs=1]
              RenderInline {FONT} at (0,0) size 3x11
                RenderText {#text} at (0,0) size 3x11
                  text run at (0,0) width 3: " "
            RenderTableCell {TD} at (556,253) size 9x11 [bgcolor=#044F4F] [r=23 c=71 rs=1 cs=1]
              RenderInline {FONT} at (0,0) size 3x11
                RenderText {#text} at (0,0) size 3x11
                  text run at (0,0) width 3: " "
            RenderTableCell {TD} at (564,253) size 9x11 [bgcolor=#044F4F] [r=23 c=72 rs=1 cs=1]
              RenderInline {FONT} at (0,0) size 3x11
                RenderText {#text} at (0,0) size 3x11
                  text run at (0,0) width 3: " "
            RenderTableCell {TD} at (572,253) size 9x11 [bgcolor=#025E5E] [r=23 c=73 rs=1 cs=1]
              RenderInline {FONT} at (0,0) size 3x11
                RenderText {#text} at (0,0) size 3x11
                  text run at (0,0) width 3: " "
            RenderTableCell {TD} at (580,253) size 9x11 [bgcolor=#025E5E] [r=23 c=74 rs=1 cs=1]
              RenderInline {FONT} at (0,0) size 3x11
                RenderText {#text} at (0,0) size 3x11
                  text run at (0,0) width 3: " "
            RenderTableCell {TD} at (588,253) size 9x11 [bgcolor=#025E5E] [r=23 c=75 rs=1 cs=1]
              RenderInline {FONT} at (0,0) size 3x11
                RenderText {#text} at (0,0) size 3x11
                  text run at (0,0) width 3: " "
            RenderTableCell {TD} at (596,253) size 8x11 [bgcolor=#025E5E] [r=23 c=76 rs=1 cs=1]
              RenderInline {FONT} at (0,0) size 3x11
                RenderText {#text} at (0,0) size 3x11
                  text run at (0,0) width 3: " "
            RenderTableCell {TD} at (603,253) size 9x11 [bgcolor=#025E5E] [r=23 c=77 rs=1 cs=1]
              RenderInline {FONT} at (0,0) size 3x11
                RenderText {#text} at (0,0) size 3x11
                  text run at (0,0) width 3: " "
            RenderTableCell {TD} at (611,253) size 9x11 [bgcolor=#026766] [r=23 c=78 rs=1 cs=1]
              RenderInline {FONT} at (0,0) size 3x11
                RenderText {#text} at (0,0) size 3x11
                  text run at (0,0) width 3: " "
            RenderTableCell {TD} at (619,253) size 9x11 [bgcolor=#026766] [r=23 c=79 rs=1 cs=1]
              RenderInline {FONT} at (0,0) size 3x11
                RenderText {#text} at (0,0) size 3x11
                  text run at (0,0) width 3: " "
            RenderTableCell {TD} at (627,253) size 9x11 [bgcolor=#026766] [r=23 c=80 rs=1 cs=1]
              RenderInline {FONT} at (0,0) size 3x11
                RenderText {#text} at (0,0) size 3x11
                  text run at (0,0) width 3: " "
            RenderTableCell {TD} at (635,253) size 9x11 [bgcolor=#026766] [r=23 c=81 rs=1 cs=1]
              RenderInline {FONT} at (0,0) size 3x11
                RenderText {#text} at (0,0) size 3x11
                  text run at (0,0) width 3: " "
            RenderTableCell {TD} at (643,253) size 9x11 [bgcolor=#026766] [r=23 c=82 rs=1 cs=1]
              RenderInline {FONT} at (0,0) size 3x11
                RenderText {#text} at (0,0) size 3x11
                  text run at (0,0) width 3: " "
            RenderTableCell {TD} at (651,253) size 8x11 [bgcolor=#026766] [r=23 c=83 rs=1 cs=1]
              RenderInline {FONT} at (0,0) size 3x11
                RenderText {#text} at (0,0) size 3x11
                  text run at (0,0) width 3: " "
            RenderTableCell {TD} at (658,253) size 9x11 [bgcolor=#026766] [r=23 c=84 rs=1 cs=1]
              RenderInline {FONT} at (0,0) size 3x11
                RenderText {#text} at (0,0) size 3x11
                  text run at (0,0) width 3: " "
            RenderTableCell {TD} at (666,253) size 9x11 [bgcolor=#026766] [r=23 c=85 rs=1 cs=1]
              RenderInline {FONT} at (0,0) size 3x11
                RenderText {#text} at (0,0) size 3x11
                  text run at (0,0) width 3: " "
            RenderTableCell {TD} at (674,253) size 9x11 [bgcolor=#026766] [r=23 c=86 rs=1 cs=1]
              RenderInline {FONT} at (0,0) size 3x11
                RenderText {#text} at (0,0) size 3x11
                  text run at (0,0) width 3: " "
            RenderTableCell {TD} at (682,253) size 9x11 [bgcolor=#026766] [r=23 c=87 rs=1 cs=1]
              RenderInline {FONT} at (0,0) size 3x11
                RenderText {#text} at (0,0) size 3x11
                  text run at (0,0) width 3: " "
            RenderTableCell {TD} at (690,253) size 9x11 [bgcolor=#026766] [r=23 c=88 rs=1 cs=1]
              RenderInline {FONT} at (0,0) size 3x11
                RenderText {#text} at (0,0) size 3x11
                  text run at (0,0) width 3: " "
            RenderTableCell {TD} at (698,253) size 8x11 [bgcolor=#026766] [r=23 c=89 rs=1 cs=1]
              RenderInline {FONT} at (0,0) size 3x11
                RenderText {#text} at (0,0) size 3x11
                  text run at (0,0) width 3: " "
            RenderTableCell {TD} at (705,253) size 9x11 [bgcolor=#026766] [r=23 c=90 rs=1 cs=1]
              RenderInline {FONT} at (0,0) size 3x11
                RenderText {#text} at (0,0) size 3x11
                  text run at (0,0) width 3: " "
            RenderTableCell {TD} at (713,253) size 9x11 [bgcolor=#025E5E] [r=23 c=91 rs=1 cs=1]
              RenderInline {FONT} at (0,0) size 3x11
                RenderText {#text} at (0,0) size 3x11
                  text run at (0,0) width 3: " "
            RenderTableCell {TD} at (721,253) size 9x11 [bgcolor=#044F4F] [r=23 c=92 rs=1 cs=1]
              RenderInline {FONT} at (0,0) size 3x11
                RenderText {#text} at (0,0) size 3x11
                  text run at (0,0) width 3: " "
            RenderTableCell {TD} at (729,253) size 9x11 [bgcolor=#044140] [r=23 c=93 rs=1 cs=1]
              RenderInline {FONT} at (0,0) size 3x11
                RenderText {#text} at (0,0) size 3x11
                  text run at (0,0) width 3: " "
            RenderTableCell {TD} at (737,253) size 9x11 [bgcolor=#425A5A] [r=23 c=94 rs=1 cs=1]
              RenderInline {FONT} at (0,0) size 3x11
                RenderText {#text} at (0,0) size 3x11
                  text run at (0,0) width 3: " "
            RenderTableCell {TD} at (745,253) size 8x11 [bgcolor=#A5A6A6] [r=23 c=95 rs=1 cs=1]
              RenderInline {FONT} at (0,0) size 3x11
                RenderText {#text} at (0,0) size 3x11
                  text run at (0,0) width 3: " "
            RenderTableCell {TD} at (753,253) size 8x11 [bgcolor=#CECFCF] [r=23 c=96 rs=1 cs=1]
              RenderInline {FONT} at (0,0) size 3x11
                RenderText {#text} at (0,0) size 3x11
                  text run at (0,0) width 3: " "
            RenderTableCell {TD} at (760,253) size 9x11 [bgcolor=#FDFDFB] [r=23 c=97 rs=1 cs=1]
              RenderInline {FONT} at (0,0) size 3x11
                RenderText {#text} at (0,0) size 3x11
                  text run at (0,0) width 3: " "
            RenderTableCell {TD} at (768,253) size 9x11 [bgcolor=#FDFDFB] [r=23 c=98 rs=1 cs=1]
              RenderInline {FONT} at (0,0) size 3x11
                RenderText {#text} at (0,0) size 3x11
                  text run at (0,0) width 3: " "
            RenderTableCell {TD} at (776,253) size 9x11 [bgcolor=#FDFDFB] [r=23 c=99 rs=1 cs=1]
              RenderInline {FONT} at (0,0) size 3x11
                RenderText {#text} at (0,0) size 3x11
                  text run at (0,0) width 3: " "
          RenderTableRow {TR} at (0,264) size 784x11
            RenderTableCell {TD} at (0,264) size 8x11 [bgcolor=#FDFDFB] [r=24 c=0 rs=1 cs=1]
              RenderInline {FONT} at (0,0) size 3x11
                RenderText {#text} at (0,0) size 3x11
                  text run at (0,0) width 3: " "
            RenderTableCell {TD} at (7,264) size 9x11 [bgcolor=#FDFDFB] [r=24 c=1 rs=1 cs=1]
              RenderInline {FONT} at (0,0) size 3x11
                RenderText {#text} at (0,0) size 3x11
                  text run at (0,0) width 3: " "
            RenderTableCell {TD} at (15,264) size 9x11 [bgcolor=#FDFDFB] [r=24 c=2 rs=1 cs=1]
              RenderInline {FONT} at (0,0) size 3x11
                RenderText {#text} at (0,0) size 3x11
                  text run at (0,0) width 3: " "
            RenderTableCell {TD} at (23,264) size 9x11 [bgcolor=#FDFDFB] [r=24 c=3 rs=1 cs=1]
              RenderInline {FONT} at (0,0) size 3x11
                RenderText {#text} at (0,0) size 3x11
                  text run at (0,0) width 3: " "
            RenderTableCell {TD} at (31,264) size 9x11 [bgcolor=#FDFDFB] [r=24 c=4 rs=1 cs=1]
              RenderInline {FONT} at (0,0) size 3x11
                RenderText {#text} at (0,0) size 3x11
                  text run at (0,0) width 3: " "
            RenderTableCell {TD} at (39,264) size 9x11 [bgcolor=#FDFDFB] [r=24 c=5 rs=1 cs=1]
              RenderInline {FONT} at (0,0) size 3x11
                RenderText {#text} at (0,0) size 3x11
                  text run at (0,0) width 3: " "
            RenderTableCell {TD} at (47,264) size 8x11 [bgcolor=#EDEEEF] [r=24 c=6 rs=1 cs=1]
              RenderInline {FONT} at (0,0) size 3x11
                RenderText {#text} at (0,0) size 3x11
                  text run at (0,0) width 3: " "
            RenderTableCell {TD} at (54,264) size 9x11 [bgcolor=#DEDFDF] [r=24 c=7 rs=1 cs=1]
              RenderInline {FONT} at (0,0) size 3x11
                RenderText {#text} at (0,0) size 3x11
                  text run at (0,0) width 3: " "
            RenderTableCell {TD} at (62,264) size 9x11 [bgcolor=#CECFCF] [r=24 c=8 rs=1 cs=1]
              RenderInline {FONT} at (0,0) size 3x11
                RenderText {#text} at (0,0) size 3x11
                  text run at (0,0) width 3: " "
            RenderTableCell {TD} at (70,264) size 9x11 [bgcolor=#B4B4B4] [r=24 c=9 rs=1 cs=1]
              RenderInline {FONT} at (0,0) size 3x11
                RenderText {#text} at (0,0) size 3x11
                  text run at (0,0) width 3: " "
            RenderTableCell {TD} at (78,264) size 9x11 [bgcolor=#848788] [r=24 c=10 rs=1 cs=1]
              RenderInline {FONT} at (0,0) size 3x11
                RenderText {#text} at (0,0) size 3x11
                  text run at (0,0) width 3: " "
            RenderTableCell {TD} at (86,264) size 9x11 [bgcolor=#527274] [r=24 c=11 rs=1 cs=1]
              RenderInline {FONT} at (0,0) size 3x11
                RenderText {#text} at (0,0) size 3x11
                  text run at (0,0) width 3: " "
            RenderTableCell {TD} at (94,264) size 8x11 [bgcolor=#305D5D] [r=24 c=12 rs=1 cs=1]
              RenderInline {FONT} at (0,0) size 3x11
                RenderText {#text} at (0,0) size 3x11
                  text run at (0,0) width 3: " "
            RenderTableCell {TD} at (101,264) size 9x11 [bgcolor=#044140] [r=24 c=13 rs=1 cs=1]
              RenderInline {FONT} at (0,0) size 3x11
                RenderText {#text} at (0,0) size 3x11
                  text run at (0,0) width 3: " "
            RenderTableCell {TD} at (109,264) size 9x11 [bgcolor=#044140] [r=24 c=14 rs=1 cs=1]
              RenderInline {FONT} at (0,0) size 3x11
                RenderText {#text} at (0,0) size 3x11
                  text run at (0,0) width 3: " "
            RenderTableCell {TD} at (117,264) size 9x11 [bgcolor=#044140] [r=24 c=15 rs=1 cs=1]
              RenderInline {FONT} at (0,0) size 3x11
                RenderText {#text} at (0,0) size 3x11
                  text run at (0,0) width 3: " "
            RenderTableCell {TD} at (125,264) size 9x11 [bgcolor=#044140] [r=24 c=16 rs=1 cs=1]
              RenderInline {FONT} at (0,0) size 3x11
                RenderText {#text} at (0,0) size 3x11
                  text run at (0,0) width 3: " "
            RenderTableCell {TD} at (133,264) size 9x11 [bgcolor=#044140] [r=24 c=17 rs=1 cs=1]
              RenderInline {FONT} at (0,0) size 3x11
                RenderText {#text} at (0,0) size 3x11
                  text run at (0,0) width 3: " "
            RenderTableCell {TD} at (141,264) size 9x11 [bgcolor=#044140] [r=24 c=18 rs=1 cs=1]
              RenderInline {FONT} at (0,0) size 3x11
                RenderText {#text} at (0,0) size 3x11
                  text run at (0,0) width 3: " "
            RenderTableCell {TD} at (149,264) size 8x11 [bgcolor=#044140] [r=24 c=19 rs=1 cs=1]
              RenderInline {FONT} at (0,0) size 3x11
                RenderText {#text} at (0,0) size 3x11
                  text run at (0,0) width 3: " "
            RenderTableCell {TD} at (156,264) size 9x11 [bgcolor=#223C3D] [r=24 c=20 rs=1 cs=1]
              RenderInline {FONT} at (0,0) size 3x11
                RenderText {#text} at (0,0) size 3x11
                  text run at (0,0) width 3: " "
            RenderTableCell {TD} at (164,264) size 9x11 [bgcolor=#344C4E] [r=24 c=21 rs=1 cs=1]
              RenderInline {FONT} at (0,0) size 3x11
                RenderText {#text} at (0,0) size 3x11
                  text run at (0,0) width 3: " "
            RenderTableCell {TD} at (172,264) size 9x11 [bgcolor=#515C5B] [r=24 c=22 rs=1 cs=1]
              RenderInline {FONT} at (0,0) size 3x11
                RenderText {#text} at (0,0) size 3x11
                  text run at (0,0) width 3: " "
            RenderTableCell {TD} at (180,264) size 9x11 [bgcolor=#696A69] [r=24 c=23 rs=1 cs=1]
              RenderInline {FONT} at (0,0) size 3x11
                RenderText {#text} at (0,0) size 3x11
                  text run at (0,0) width 3: " "
            RenderTableCell {TD} at (188,264) size 9x11 [bgcolor=#848788] [r=24 c=24 rs=1 cs=1]
              RenderInline {FONT} at (0,0) size 3x11
                RenderText {#text} at (0,0) size 3x11
                  text run at (0,0) width 3: " "
            RenderTableCell {TD} at (196,264) size 8x11 [bgcolor=#939494] [r=24 c=25 rs=1 cs=1]
              RenderInline {FONT} at (0,0) size 3x11
                RenderText {#text} at (0,0) size 3x11
                  text run at (0,0) width 3: " "
            RenderTableCell {TD} at (203,264) size 9x11 [bgcolor=#B4B4B4] [r=24 c=26 rs=1 cs=1]
              RenderInline {FONT} at (0,0) size 3x11
                RenderText {#text} at (0,0) size 3x11
                  text run at (0,0) width 3: " "
            RenderTableCell {TD} at (211,264) size 9x11 [bgcolor=#BEC2C2] [r=24 c=27 rs=1 cs=1]
              RenderInline {FONT} at (0,0) size 3x11
                RenderText {#text} at (0,0) size 3x11
                  text run at (0,0) width 3: " "
            RenderTableCell {TD} at (219,264) size 9x11 [bgcolor=#DEDFDF] [r=24 c=28 rs=1 cs=1]
              RenderInline {FONT} at (0,0) size 3x11
                RenderText {#text} at (0,0) size 3x11
                  text run at (0,0) width 3: " "
            RenderTableCell {TD} at (227,264) size 9x11 [bgcolor=#EDEEEF] [r=24 c=29 rs=1 cs=1]
              RenderInline {FONT} at (0,0) size 3x11
                RenderText {#text} at (0,0) size 3x11
                  text run at (0,0) width 3: " "
            RenderTableCell {TD} at (235,264) size 9x11 [bgcolor=#FDFDFB] [r=24 c=30 rs=1 cs=1]
              RenderInline {FONT} at (0,0) size 3x11
                RenderText {#text} at (0,0) size 3x11
                  text run at (0,0) width 3: " "
            RenderTableCell {TD} at (243,264) size 8x11 [bgcolor=#FDFDFB] [r=24 c=31 rs=1 cs=1]
              RenderInline {FONT} at (0,0) size 3x11
                RenderText {#text} at (0,0) size 3x11
                  text run at (0,0) width 3: " "
            RenderTableCell {TD} at (251,264) size 8x11 [bgcolor=#FDFDFB] [r=24 c=32 rs=1 cs=1]
              RenderInline {FONT} at (0,0) size 3x11
                RenderText {#text} at (0,0) size 3x11
                  text run at (0,0) width 3: " "
            RenderTableCell {TD} at (258,264) size 9x11 [bgcolor=#FDFDFB] [r=24 c=33 rs=1 cs=1]
              RenderInline {FONT} at (0,0) size 3x11
                RenderText {#text} at (0,0) size 3x11
                  text run at (0,0) width 3: " "
            RenderTableCell {TD} at (266,264) size 9x11 [bgcolor=#FDFDFB] [r=24 c=34 rs=1 cs=1]
              RenderInline {FONT} at (0,0) size 3x11
                RenderText {#text} at (0,0) size 3x11
                  text run at (0,0) width 3: " "
            RenderTableCell {TD} at (274,264) size 9x11 [bgcolor=#EDEEEF] [r=24 c=35 rs=1 cs=1]
              RenderInline {FONT} at (0,0) size 3x11
                RenderText {#text} at (0,0) size 3x11
                  text run at (0,0) width 3: " "
            RenderTableCell {TD} at (282,264) size 9x11 [bgcolor=#91A3A3] [r=24 c=36 rs=1 cs=1]
              RenderInline {FONT} at (0,0) size 3x11
                RenderText {#text} at (0,0) size 3x11
                  text run at (0,0) width 3: " "
            RenderTableCell {TD} at (290,264) size 9x11 [bgcolor=#7B918F] [r=24 c=37 rs=1 cs=1]
              RenderInline {FONT} at (0,0) size 3x11
                RenderText {#text} at (0,0) size 3x11
                  text run at (0,0) width 3: " "
            RenderTableCell {TD} at (298,264) size 8x11 [bgcolor=#526B6B] [r=24 c=38 rs=1 cs=1]
              RenderInline {FONT} at (0,0) size 3x11
                RenderText {#text} at (0,0) size 3x11
                  text run at (0,0) width 3: " "
            RenderTableCell {TD} at (305,264) size 9x11 [bgcolor=#515C5B] [r=24 c=39 rs=1 cs=1]
              RenderInline {FONT} at (0,0) size 3x11
                RenderText {#text} at (0,0) size 3x11
                  text run at (0,0) width 3: " "
            RenderTableCell {TD} at (313,264) size 9x11 [bgcolor=#515C5B] [r=24 c=40 rs=1 cs=1]
              RenderInline {FONT} at (0,0) size 3x11
                RenderText {#text} at (0,0) size 3x11
                  text run at (0,0) width 3: " "
            RenderTableCell {TD} at (321,264) size 9x11 [bgcolor=#515C5B] [r=24 c=41 rs=1 cs=1]
              RenderInline {FONT} at (0,0) size 3x11
                RenderText {#text} at (0,0) size 3x11
                  text run at (0,0) width 3: " "
            RenderTableCell {TD} at (329,264) size 9x11 [bgcolor=#515C5B] [r=24 c=42 rs=1 cs=1]
              RenderInline {FONT} at (0,0) size 3x11
                RenderText {#text} at (0,0) size 3x11
                  text run at (0,0) width 3: " "
            RenderTableCell {TD} at (337,264) size 9x11 [bgcolor=#515C5B] [r=24 c=43 rs=1 cs=1]
              RenderInline {FONT} at (0,0) size 3x11
                RenderText {#text} at (0,0) size 3x11
                  text run at (0,0) width 3: " "
            RenderTableCell {TD} at (345,264) size 8x11 [bgcolor=#515C5B] [r=24 c=44 rs=1 cs=1]
              RenderInline {FONT} at (0,0) size 3x11
                RenderText {#text} at (0,0) size 3x11
                  text run at (0,0) width 3: " "
            RenderTableCell {TD} at (352,264) size 9x11 [bgcolor=#515C5B] [r=24 c=45 rs=1 cs=1]
              RenderInline {FONT} at (0,0) size 3x11
                RenderText {#text} at (0,0) size 3x11
                  text run at (0,0) width 3: " "
            RenderTableCell {TD} at (360,264) size 9x11 [bgcolor=#515C5B] [r=24 c=46 rs=1 cs=1]
              RenderInline {FONT} at (0,0) size 3x11
                RenderText {#text} at (0,0) size 3x11
                  text run at (0,0) width 3: " "
            RenderTableCell {TD} at (368,264) size 9x11 [bgcolor=#515C5B] [r=24 c=47 rs=1 cs=1]
              RenderInline {FONT} at (0,0) size 3x11
                RenderText {#text} at (0,0) size 3x11
                  text run at (0,0) width 3: " "
            RenderTableCell {TD} at (376,264) size 9x11 [bgcolor=#515C5B] [r=24 c=48 rs=1 cs=1]
              RenderInline {FONT} at (0,0) size 3x11
                RenderText {#text} at (0,0) size 3x11
                  text run at (0,0) width 3: " "
            RenderTableCell {TD} at (384,264) size 9x11 [bgcolor=#515C5B] [r=24 c=49 rs=1 cs=1]
              RenderInline {FONT} at (0,0) size 3x11
                RenderText {#text} at (0,0) size 3x11
                  text run at (0,0) width 3: " "
            RenderTableCell {TD} at (392,264) size 9x11 [bgcolor=#515C5B] [r=24 c=50 rs=1 cs=1]
              RenderInline {FONT} at (0,0) size 3x11
                RenderText {#text} at (0,0) size 3x11
                  text run at (0,0) width 3: " "
            RenderTableCell {TD} at (400,264) size 8x11 [bgcolor=#515C5B] [r=24 c=51 rs=1 cs=1]
              RenderInline {FONT} at (0,0) size 3x11
                RenderText {#text} at (0,0) size 3x11
                  text run at (0,0) width 3: " "
            RenderTableCell {TD} at (407,264) size 9x11 [bgcolor=#848788] [r=24 c=52 rs=1 cs=1]
              RenderInline {FONT} at (0,0) size 3x11
                RenderText {#text} at (0,0) size 3x11
                  text run at (0,0) width 3: " "
            RenderTableCell {TD} at (415,264) size 9x11 [bgcolor=#B4B4B4] [r=24 c=53 rs=1 cs=1]
              RenderInline {FONT} at (0,0) size 3x11
                RenderText {#text} at (0,0) size 3x11
                  text run at (0,0) width 3: " "
            RenderTableCell {TD} at (423,264) size 9x11 [bgcolor=#EDEEEF] [r=24 c=54 rs=1 cs=1]
              RenderInline {FONT} at (0,0) size 3x11
                RenderText {#text} at (0,0) size 3x11
                  text run at (0,0) width 3: " "
            RenderTableCell {TD} at (431,264) size 9x11 [bgcolor=#FDFDFB] [r=24 c=55 rs=1 cs=1]
              RenderInline {FONT} at (0,0) size 3x11
                RenderText {#text} at (0,0) size 3x11
                  text run at (0,0) width 3: " "
            RenderTableCell {TD} at (439,264) size 9x11 [bgcolor=#FDFDFB] [r=24 c=56 rs=1 cs=1]
              RenderInline {FONT} at (0,0) size 3x11
                RenderText {#text} at (0,0) size 3x11
                  text run at (0,0) width 3: " "
            RenderTableCell {TD} at (447,264) size 8x11 [bgcolor=#FDFDFB] [r=24 c=57 rs=1 cs=1]
              RenderInline {FONT} at (0,0) size 3x11
                RenderText {#text} at (0,0) size 3x11
                  text run at (0,0) width 3: " "
            RenderTableCell {TD} at (454,264) size 9x11 [bgcolor=#FDFDFB] [r=24 c=58 rs=1 cs=1]
              RenderInline {FONT} at (0,0) size 3x11
                RenderText {#text} at (0,0) size 3x11
                  text run at (0,0) width 3: " "
            RenderTableCell {TD} at (462,264) size 9x11 [bgcolor=#FDFDFB] [r=24 c=59 rs=1 cs=1]
              RenderInline {FONT} at (0,0) size 3x11
                RenderText {#text} at (0,0) size 3x11
                  text run at (0,0) width 3: " "
            RenderTableCell {TD} at (470,264) size 9x11 [bgcolor=#FDFDFB] [r=24 c=60 rs=1 cs=1]
              RenderInline {FONT} at (0,0) size 3x11
                RenderText {#text} at (0,0) size 3x11
                  text run at (0,0) width 3: " "
            RenderTableCell {TD} at (478,264) size 9x11 [bgcolor=#FDFDFB] [r=24 c=61 rs=1 cs=1]
              RenderInline {FONT} at (0,0) size 3x11
                RenderText {#text} at (0,0) size 3x11
                  text run at (0,0) width 3: " "
            RenderTableCell {TD} at (486,264) size 9x11 [bgcolor=#FDFDFB] [r=24 c=62 rs=1 cs=1]
              RenderInline {FONT} at (0,0) size 3x11
                RenderText {#text} at (0,0) size 3x11
                  text run at (0,0) width 3: " "
            RenderTableCell {TD} at (494,264) size 8x11 [bgcolor=#FDFDFB] [r=24 c=63 rs=1 cs=1]
              RenderInline {FONT} at (0,0) size 3x11
                RenderText {#text} at (0,0) size 3x11
                  text run at (0,0) width 3: " "
            RenderTableCell {TD} at (502,264) size 8x11 [bgcolor=#E0EAE9] [r=24 c=64 rs=1 cs=1]
              RenderInline {FONT} at (0,0) size 3x11
                RenderText {#text} at (0,0) size 3x11
                  text run at (0,0) width 3: " "
            RenderTableCell {TD} at (509,264) size 9x11 [bgcolor=#CECFCF] [r=24 c=65 rs=1 cs=1]
              RenderInline {FONT} at (0,0) size 3x11
                RenderText {#text} at (0,0) size 3x11
                  text run at (0,0) width 3: " "
            RenderTableCell {TD} at (517,264) size 9x11 [bgcolor=#B4B4B4] [r=24 c=66 rs=1 cs=1]
              RenderInline {FONT} at (0,0) size 3x11
                RenderText {#text} at (0,0) size 3x11
                  text run at (0,0) width 3: " "
            RenderTableCell {TD} at (525,264) size 9x11 [bgcolor=#848788] [r=24 c=67 rs=1 cs=1]
              RenderInline {FONT} at (0,0) size 3x11
                RenderText {#text} at (0,0) size 3x11
                  text run at (0,0) width 3: " "
            RenderTableCell {TD} at (533,264) size 9x11 [bgcolor=#526B6B] [r=24 c=68 rs=1 cs=1]
              RenderInline {FONT} at (0,0) size 3x11
                RenderText {#text} at (0,0) size 3x11
                  text run at (0,0) width 3: " "
            RenderTableCell {TD} at (541,264) size 9x11 [bgcolor=#044140] [r=24 c=69 rs=1 cs=1]
              RenderInline {FONT} at (0,0) size 3x11
                RenderText {#text} at (0,0) size 3x11
                  text run at (0,0) width 3: " "
            RenderTableCell {TD} at (549,264) size 8x11 [bgcolor=#044140] [r=24 c=70 rs=1 cs=1]
              RenderInline {FONT} at (0,0) size 3x11
                RenderText {#text} at (0,0) size 3x11
                  text run at (0,0) width 3: " "
            RenderTableCell {TD} at (556,264) size 9x11 [bgcolor=#044140] [r=24 c=71 rs=1 cs=1]
              RenderInline {FONT} at (0,0) size 3x11
                RenderText {#text} at (0,0) size 3x11
                  text run at (0,0) width 3: " "
            RenderTableCell {TD} at (564,264) size 9x11 [bgcolor=#044140] [r=24 c=72 rs=1 cs=1]
              RenderInline {FONT} at (0,0) size 3x11
                RenderText {#text} at (0,0) size 3x11
                  text run at (0,0) width 3: " "
            RenderTableCell {TD} at (572,264) size 9x11 [bgcolor=#044140] [r=24 c=73 rs=1 cs=1]
              RenderInline {FONT} at (0,0) size 3x11
                RenderText {#text} at (0,0) size 3x11
                  text run at (0,0) width 3: " "
            RenderTableCell {TD} at (580,264) size 9x11 [bgcolor=#044140] [r=24 c=74 rs=1 cs=1]
              RenderInline {FONT} at (0,0) size 3x11
                RenderText {#text} at (0,0) size 3x11
                  text run at (0,0) width 3: " "
            RenderTableCell {TD} at (588,264) size 9x11 [bgcolor=#044140] [r=24 c=75 rs=1 cs=1]
              RenderInline {FONT} at (0,0) size 3x11
                RenderText {#text} at (0,0) size 3x11
                  text run at (0,0) width 3: " "
            RenderTableCell {TD} at (596,264) size 8x11 [bgcolor=#044F4F] [r=24 c=76 rs=1 cs=1]
              RenderInline {FONT} at (0,0) size 3x11
                RenderText {#text} at (0,0) size 3x11
                  text run at (0,0) width 3: " "
            RenderTableCell {TD} at (603,264) size 9x11 [bgcolor=#025E5E] [r=24 c=77 rs=1 cs=1]
              RenderInline {FONT} at (0,0) size 3x11
                RenderText {#text} at (0,0) size 3x11
                  text run at (0,0) width 3: " "
            RenderTableCell {TD} at (611,264) size 9x11 [bgcolor=#025E5E] [r=24 c=78 rs=1 cs=1]
              RenderInline {FONT} at (0,0) size 3x11
                RenderText {#text} at (0,0) size 3x11
                  text run at (0,0) width 3: " "
            RenderTableCell {TD} at (619,264) size 9x11 [bgcolor=#026766] [r=24 c=79 rs=1 cs=1]
              RenderInline {FONT} at (0,0) size 3x11
                RenderText {#text} at (0,0) size 3x11
                  text run at (0,0) width 3: " "
            RenderTableCell {TD} at (627,264) size 9x11 [bgcolor=#026766] [r=24 c=80 rs=1 cs=1]
              RenderInline {FONT} at (0,0) size 3x11
                RenderText {#text} at (0,0) size 3x11
                  text run at (0,0) width 3: " "
            RenderTableCell {TD} at (635,264) size 9x11 [bgcolor=#026766] [r=24 c=81 rs=1 cs=1]
              RenderInline {FONT} at (0,0) size 3x11
                RenderText {#text} at (0,0) size 3x11
                  text run at (0,0) width 3: " "
            RenderTableCell {TD} at (643,264) size 9x11 [bgcolor=#026766] [r=24 c=82 rs=1 cs=1]
              RenderInline {FONT} at (0,0) size 3x11
                RenderText {#text} at (0,0) size 3x11
                  text run at (0,0) width 3: " "
            RenderTableCell {TD} at (651,264) size 8x11 [bgcolor=#026766] [r=24 c=83 rs=1 cs=1]
              RenderInline {FONT} at (0,0) size 3x11
                RenderText {#text} at (0,0) size 3x11
                  text run at (0,0) width 3: " "
            RenderTableCell {TD} at (658,264) size 9x11 [bgcolor=#026766] [r=24 c=84 rs=1 cs=1]
              RenderInline {FONT} at (0,0) size 3x11
                RenderText {#text} at (0,0) size 3x11
                  text run at (0,0) width 3: " "
            RenderTableCell {TD} at (666,264) size 9x11 [bgcolor=#026766] [r=24 c=85 rs=1 cs=1]
              RenderInline {FONT} at (0,0) size 3x11
                RenderText {#text} at (0,0) size 3x11
                  text run at (0,0) width 3: " "
            RenderTableCell {TD} at (674,264) size 9x11 [bgcolor=#026766] [r=24 c=86 rs=1 cs=1]
              RenderInline {FONT} at (0,0) size 3x11
                RenderText {#text} at (0,0) size 3x11
                  text run at (0,0) width 3: " "
            RenderTableCell {TD} at (682,264) size 9x11 [bgcolor=#026766] [r=24 c=87 rs=1 cs=1]
              RenderInline {FONT} at (0,0) size 3x11
                RenderText {#text} at (0,0) size 3x11
                  text run at (0,0) width 3: " "
            RenderTableCell {TD} at (690,264) size 9x11 [bgcolor=#026766] [r=24 c=88 rs=1 cs=1]
              RenderInline {FONT} at (0,0) size 3x11
                RenderText {#text} at (0,0) size 3x11
                  text run at (0,0) width 3: " "
            RenderTableCell {TD} at (698,264) size 8x11 [bgcolor=#026766] [r=24 c=89 rs=1 cs=1]
              RenderInline {FONT} at (0,0) size 3x11
                RenderText {#text} at (0,0) size 3x11
                  text run at (0,0) width 3: " "
            RenderTableCell {TD} at (705,264) size 9x11 [bgcolor=#026766] [r=24 c=90 rs=1 cs=1]
              RenderInline {FONT} at (0,0) size 3x11
                RenderText {#text} at (0,0) size 3x11
                  text run at (0,0) width 3: " "
            RenderTableCell {TD} at (713,264) size 9x11 [bgcolor=#025E5E] [r=24 c=91 rs=1 cs=1]
              RenderInline {FONT} at (0,0) size 3x11
                RenderText {#text} at (0,0) size 3x11
                  text run at (0,0) width 3: " "
            RenderTableCell {TD} at (721,264) size 9x11 [bgcolor=#044F4F] [r=24 c=92 rs=1 cs=1]
              RenderInline {FONT} at (0,0) size 3x11
                RenderText {#text} at (0,0) size 3x11
                  text run at (0,0) width 3: " "
            RenderTableCell {TD} at (729,264) size 9x11 [bgcolor=#083131] [r=24 c=93 rs=1 cs=1]
              RenderInline {FONT} at (0,0) size 3x11
                RenderText {#text} at (0,0) size 3x11
                  text run at (0,0) width 3: " "
            RenderTableCell {TD} at (737,264) size 9x11 [bgcolor=#425A5A] [r=24 c=94 rs=1 cs=1]
              RenderInline {FONT} at (0,0) size 3x11
                RenderText {#text} at (0,0) size 3x11
                  text run at (0,0) width 3: " "
            RenderTableCell {TD} at (745,264) size 8x11 [bgcolor=#A5A6A6] [r=24 c=95 rs=1 cs=1]
              RenderInline {FONT} at (0,0) size 3x11
                RenderText {#text} at (0,0) size 3x11
                  text run at (0,0) width 3: " "
            RenderTableCell {TD} at (753,264) size 8x11 [bgcolor=#CECFCF] [r=24 c=96 rs=1 cs=1]
              RenderInline {FONT} at (0,0) size 3x11
                RenderText {#text} at (0,0) size 3x11
                  text run at (0,0) width 3: " "
            RenderTableCell {TD} at (760,264) size 9x11 [bgcolor=#FDFDFB] [r=24 c=97 rs=1 cs=1]
              RenderInline {FONT} at (0,0) size 3x11
                RenderText {#text} at (0,0) size 3x11
                  text run at (0,0) width 3: " "
            RenderTableCell {TD} at (768,264) size 9x11 [bgcolor=#FDFDFB] [r=24 c=98 rs=1 cs=1]
              RenderInline {FONT} at (0,0) size 3x11
                RenderText {#text} at (0,0) size 3x11
                  text run at (0,0) width 3: " "
            RenderTableCell {TD} at (776,264) size 9x11 [bgcolor=#FDFDFB] [r=24 c=99 rs=1 cs=1]
              RenderInline {FONT} at (0,0) size 3x11
                RenderText {#text} at (0,0) size 3x11
                  text run at (0,0) width 3: " "
          RenderTableRow {TR} at (0,275) size 784x11
            RenderTableCell {TD} at (0,275) size 8x11 [bgcolor=#FDFDFB] [r=25 c=0 rs=1 cs=1]
              RenderInline {FONT} at (0,0) size 3x11
                RenderText {#text} at (0,0) size 3x11
                  text run at (0,0) width 3: " "
            RenderTableCell {TD} at (7,275) size 9x11 [bgcolor=#FDFDFB] [r=25 c=1 rs=1 cs=1]
              RenderInline {FONT} at (0,0) size 3x11
                RenderText {#text} at (0,0) size 3x11
                  text run at (0,0) width 3: " "
            RenderTableCell {TD} at (15,275) size 9x11 [bgcolor=#FDFDFB] [r=25 c=2 rs=1 cs=1]
              RenderInline {FONT} at (0,0) size 3x11
                RenderText {#text} at (0,0) size 3x11
                  text run at (0,0) width 3: " "
            RenderTableCell {TD} at (23,275) size 9x11 [bgcolor=#FDFDFB] [r=25 c=3 rs=1 cs=1]
              RenderInline {FONT} at (0,0) size 3x11
                RenderText {#text} at (0,0) size 3x11
                  text run at (0,0) width 3: " "
            RenderTableCell {TD} at (31,275) size 9x11 [bgcolor=#FDFDFB] [r=25 c=4 rs=1 cs=1]
              RenderInline {FONT} at (0,0) size 3x11
                RenderText {#text} at (0,0) size 3x11
                  text run at (0,0) width 3: " "
            RenderTableCell {TD} at (39,275) size 9x11 [bgcolor=#FDFDFB] [r=25 c=5 rs=1 cs=1]
              RenderInline {FONT} at (0,0) size 3x11
                RenderText {#text} at (0,0) size 3x11
                  text run at (0,0) width 3: " "
            RenderTableCell {TD} at (47,275) size 8x11 [bgcolor=#FDFDFB] [r=25 c=6 rs=1 cs=1]
              RenderInline {FONT} at (0,0) size 3x11
                RenderText {#text} at (0,0) size 3x11
                  text run at (0,0) width 3: " "
            RenderTableCell {TD} at (54,275) size 9x11 [bgcolor=#FDFDFB] [r=25 c=7 rs=1 cs=1]
              RenderInline {FONT} at (0,0) size 3x11
                RenderText {#text} at (0,0) size 3x11
                  text run at (0,0) width 3: " "
            RenderTableCell {TD} at (62,275) size 9x11 [bgcolor=#EDEEEF] [r=25 c=8 rs=1 cs=1]
              RenderInline {FONT} at (0,0) size 3x11
                RenderText {#text} at (0,0) size 3x11
                  text run at (0,0) width 3: " "
            RenderTableCell {TD} at (70,275) size 9x11 [bgcolor=#DEDFDF] [r=25 c=9 rs=1 cs=1]
              RenderInline {FONT} at (0,0) size 3x11
                RenderText {#text} at (0,0) size 3x11
                  text run at (0,0) width 3: " "
            RenderTableCell {TD} at (78,275) size 9x11 [bgcolor=#CECFCF] [r=25 c=10 rs=1 cs=1]
              RenderInline {FONT} at (0,0) size 3x11
                RenderText {#text} at (0,0) size 3x11
                  text run at (0,0) width 3: " "
            RenderTableCell {TD} at (86,275) size 9x11 [bgcolor=#BEC2C2] [r=25 c=11 rs=1 cs=1]
              RenderInline {FONT} at (0,0) size 3x11
                RenderText {#text} at (0,0) size 3x11
                  text run at (0,0) width 3: " "
            RenderTableCell {TD} at (94,275) size 8x11 [bgcolor=#A5A6A6] [r=25 c=12 rs=1 cs=1]
              RenderInline {FONT} at (0,0) size 3x11
                RenderText {#text} at (0,0) size 3x11
                  text run at (0,0) width 3: " "
            RenderTableCell {TD} at (101,275) size 9x11 [bgcolor=#939494] [r=25 c=13 rs=1 cs=1]
              RenderInline {FONT} at (0,0) size 3x11
                RenderText {#text} at (0,0) size 3x11
                  text run at (0,0) width 3: " "
            RenderTableCell {TD} at (109,275) size 9x11 [bgcolor=#848788] [r=25 c=14 rs=1 cs=1]
              RenderInline {FONT} at (0,0) size 3x11
                RenderText {#text} at (0,0) size 3x11
                  text run at (0,0) width 3: " "
            RenderTableCell {TD} at (117,275) size 9x11 [bgcolor=#848788] [r=25 c=15 rs=1 cs=1]
              RenderInline {FONT} at (0,0) size 3x11
                RenderText {#text} at (0,0) size 3x11
                  text run at (0,0) width 3: " "
            RenderTableCell {TD} at (125,275) size 9x11 [bgcolor=#848788] [r=25 c=16 rs=1 cs=1]
              RenderInline {FONT} at (0,0) size 3x11
                RenderText {#text} at (0,0) size 3x11
                  text run at (0,0) width 3: " "
            RenderTableCell {TD} at (133,275) size 9x11 [bgcolor=#848788] [r=25 c=17 rs=1 cs=1]
              RenderInline {FONT} at (0,0) size 3x11
                RenderText {#text} at (0,0) size 3x11
                  text run at (0,0) width 3: " "
            RenderTableCell {TD} at (141,275) size 9x11 [bgcolor=#848788] [r=25 c=18 rs=1 cs=1]
              RenderInline {FONT} at (0,0) size 3x11
                RenderText {#text} at (0,0) size 3x11
                  text run at (0,0) width 3: " "
            RenderTableCell {TD} at (149,275) size 8x11 [bgcolor=#848788] [r=25 c=19 rs=1 cs=1]
              RenderInline {FONT} at (0,0) size 3x11
                RenderText {#text} at (0,0) size 3x11
                  text run at (0,0) width 3: " "
            RenderTableCell {TD} at (156,275) size 9x11 [bgcolor=#848788] [r=25 c=20 rs=1 cs=1]
              RenderInline {FONT} at (0,0) size 3x11
                RenderText {#text} at (0,0) size 3x11
                  text run at (0,0) width 3: " "
            RenderTableCell {TD} at (164,275) size 9x11 [bgcolor=#939494] [r=25 c=21 rs=1 cs=1]
              RenderInline {FONT} at (0,0) size 3x11
                RenderText {#text} at (0,0) size 3x11
                  text run at (0,0) width 3: " "
            RenderTableCell {TD} at (172,275) size 9x11 [bgcolor=#939494] [r=25 c=22 rs=1 cs=1]
              RenderInline {FONT} at (0,0) size 3x11
                RenderText {#text} at (0,0) size 3x11
                  text run at (0,0) width 3: " "
            RenderTableCell {TD} at (180,275) size 9x11 [bgcolor=#A5A6A6] [r=25 c=23 rs=1 cs=1]
              RenderInline {FONT} at (0,0) size 3x11
                RenderText {#text} at (0,0) size 3x11
                  text run at (0,0) width 3: " "
            RenderTableCell {TD} at (188,275) size 9x11 [bgcolor=#B4B4B4] [r=25 c=24 rs=1 cs=1]
              RenderInline {FONT} at (0,0) size 3x11
                RenderText {#text} at (0,0) size 3x11
                  text run at (0,0) width 3: " "
            RenderTableCell {TD} at (196,275) size 8x11 [bgcolor=#CECFCF] [r=25 c=25 rs=1 cs=1]
              RenderInline {FONT} at (0,0) size 3x11
                RenderText {#text} at (0,0) size 3x11
                  text run at (0,0) width 3: " "
            RenderTableCell {TD} at (203,275) size 9x11 [bgcolor=#DEDFDF] [r=25 c=26 rs=1 cs=1]
              RenderInline {FONT} at (0,0) size 3x11
                RenderText {#text} at (0,0) size 3x11
                  text run at (0,0) width 3: " "
            RenderTableCell {TD} at (211,275) size 9x11 [bgcolor=#EDEEEF] [r=25 c=27 rs=1 cs=1]
              RenderInline {FONT} at (0,0) size 3x11
                RenderText {#text} at (0,0) size 3x11
                  text run at (0,0) width 3: " "
            RenderTableCell {TD} at (219,275) size 9x11 [bgcolor=#FDFDFB] [r=25 c=28 rs=1 cs=1]
              RenderInline {FONT} at (0,0) size 3x11
                RenderText {#text} at (0,0) size 3x11
                  text run at (0,0) width 3: " "
            RenderTableCell {TD} at (227,275) size 9x11 [bgcolor=#FDFDFB] [r=25 c=29 rs=1 cs=1]
              RenderInline {FONT} at (0,0) size 3x11
                RenderText {#text} at (0,0) size 3x11
                  text run at (0,0) width 3: " "
            RenderTableCell {TD} at (235,275) size 9x11 [bgcolor=#FDFDFB] [r=25 c=30 rs=1 cs=1]
              RenderInline {FONT} at (0,0) size 3x11
                RenderText {#text} at (0,0) size 3x11
                  text run at (0,0) width 3: " "
            RenderTableCell {TD} at (243,275) size 8x11 [bgcolor=#FDFDFB] [r=25 c=31 rs=1 cs=1]
              RenderInline {FONT} at (0,0) size 3x11
                RenderText {#text} at (0,0) size 3x11
                  text run at (0,0) width 3: " "
            RenderTableCell {TD} at (251,275) size 8x11 [bgcolor=#FDFDFB] [r=25 c=32 rs=1 cs=1]
              RenderInline {FONT} at (0,0) size 3x11
                RenderText {#text} at (0,0) size 3x11
                  text run at (0,0) width 3: " "
            RenderTableCell {TD} at (258,275) size 9x11 [bgcolor=#FDFDFB] [r=25 c=33 rs=1 cs=1]
              RenderInline {FONT} at (0,0) size 3x11
                RenderText {#text} at (0,0) size 3x11
                  text run at (0,0) width 3: " "
            RenderTableCell {TD} at (266,275) size 9x11 [bgcolor=#FDFDFB] [r=25 c=34 rs=1 cs=1]
              RenderInline {FONT} at (0,0) size 3x11
                RenderText {#text} at (0,0) size 3x11
                  text run at (0,0) width 3: " "
            RenderTableCell {TD} at (274,275) size 9x11 [bgcolor=#FDFDFB] [r=25 c=35 rs=1 cs=1]
              RenderInline {FONT} at (0,0) size 3x11
                RenderText {#text} at (0,0) size 3x11
                  text run at (0,0) width 3: " "
            RenderTableCell {TD} at (282,275) size 9x11 [bgcolor=#E0EAE9] [r=25 c=36 rs=1 cs=1]
              RenderInline {FONT} at (0,0) size 3x11
                RenderText {#text} at (0,0) size 3x11
                  text run at (0,0) width 3: " "
            RenderTableCell {TD} at (290,275) size 9x11 [bgcolor=#CECFCF] [r=25 c=37 rs=1 cs=1]
              RenderInline {FONT} at (0,0) size 3x11
                RenderText {#text} at (0,0) size 3x11
                  text run at (0,0) width 3: " "
            RenderTableCell {TD} at (298,275) size 8x11 [bgcolor=#B4B4B4] [r=25 c=38 rs=1 cs=1]
              RenderInline {FONT} at (0,0) size 3x11
                RenderText {#text} at (0,0) size 3x11
                  text run at (0,0) width 3: " "
            RenderTableCell {TD} at (305,275) size 9x11 [bgcolor=#A5A6A6] [r=25 c=39 rs=1 cs=1]
              RenderInline {FONT} at (0,0) size 3x11
                RenderText {#text} at (0,0) size 3x11
                  text run at (0,0) width 3: " "
            RenderTableCell {TD} at (313,275) size 9x11 [bgcolor=#A5A6A6] [r=25 c=40 rs=1 cs=1]
              RenderInline {FONT} at (0,0) size 3x11
                RenderText {#text} at (0,0) size 3x11
                  text run at (0,0) width 3: " "
            RenderTableCell {TD} at (321,275) size 9x11 [bgcolor=#A5A6A6] [r=25 c=41 rs=1 cs=1]
              RenderInline {FONT} at (0,0) size 3x11
                RenderText {#text} at (0,0) size 3x11
                  text run at (0,0) width 3: " "
            RenderTableCell {TD} at (329,275) size 9x11 [bgcolor=#A5A6A6] [r=25 c=42 rs=1 cs=1]
              RenderInline {FONT} at (0,0) size 3x11
                RenderText {#text} at (0,0) size 3x11
                  text run at (0,0) width 3: " "
            RenderTableCell {TD} at (337,275) size 9x11 [bgcolor=#A5A6A6] [r=25 c=43 rs=1 cs=1]
              RenderInline {FONT} at (0,0) size 3x11
                RenderText {#text} at (0,0) size 3x11
                  text run at (0,0) width 3: " "
            RenderTableCell {TD} at (345,275) size 8x11 [bgcolor=#A5A6A6] [r=25 c=44 rs=1 cs=1]
              RenderInline {FONT} at (0,0) size 3x11
                RenderText {#text} at (0,0) size 3x11
                  text run at (0,0) width 3: " "
            RenderTableCell {TD} at (352,275) size 9x11 [bgcolor=#A5A6A6] [r=25 c=45 rs=1 cs=1]
              RenderInline {FONT} at (0,0) size 3x11
                RenderText {#text} at (0,0) size 3x11
                  text run at (0,0) width 3: " "
            RenderTableCell {TD} at (360,275) size 9x11 [bgcolor=#A5A6A6] [r=25 c=46 rs=1 cs=1]
              RenderInline {FONT} at (0,0) size 3x11
                RenderText {#text} at (0,0) size 3x11
                  text run at (0,0) width 3: " "
            RenderTableCell {TD} at (368,275) size 9x11 [bgcolor=#A5A6A6] [r=25 c=47 rs=1 cs=1]
              RenderInline {FONT} at (0,0) size 3x11
                RenderText {#text} at (0,0) size 3x11
                  text run at (0,0) width 3: " "
            RenderTableCell {TD} at (376,275) size 9x11 [bgcolor=#A5A6A6] [r=25 c=48 rs=1 cs=1]
              RenderInline {FONT} at (0,0) size 3x11
                RenderText {#text} at (0,0) size 3x11
                  text run at (0,0) width 3: " "
            RenderTableCell {TD} at (384,275) size 9x11 [bgcolor=#A5A6A6] [r=25 c=49 rs=1 cs=1]
              RenderInline {FONT} at (0,0) size 3x11
                RenderText {#text} at (0,0) size 3x11
                  text run at (0,0) width 3: " "
            RenderTableCell {TD} at (392,275) size 9x11 [bgcolor=#A5A6A6] [r=25 c=50 rs=1 cs=1]
              RenderInline {FONT} at (0,0) size 3x11
                RenderText {#text} at (0,0) size 3x11
                  text run at (0,0) width 3: " "
            RenderTableCell {TD} at (400,275) size 8x11 [bgcolor=#A5A6A6] [r=25 c=51 rs=1 cs=1]
              RenderInline {FONT} at (0,0) size 3x11
                RenderText {#text} at (0,0) size 3x11
                  text run at (0,0) width 3: " "
            RenderTableCell {TD} at (407,275) size 9x11 [bgcolor=#B4B4B4] [r=25 c=52 rs=1 cs=1]
              RenderInline {FONT} at (0,0) size 3x11
                RenderText {#text} at (0,0) size 3x11
                  text run at (0,0) width 3: " "
            RenderTableCell {TD} at (415,275) size 9x11 [bgcolor=#CECFCF] [r=25 c=53 rs=1 cs=1]
              RenderInline {FONT} at (0,0) size 3x11
                RenderText {#text} at (0,0) size 3x11
                  text run at (0,0) width 3: " "
            RenderTableCell {TD} at (423,275) size 9x11 [bgcolor=#EDEEEF] [r=25 c=54 rs=1 cs=1]
              RenderInline {FONT} at (0,0) size 3x11
                RenderText {#text} at (0,0) size 3x11
                  text run at (0,0) width 3: " "
            RenderTableCell {TD} at (431,275) size 9x11 [bgcolor=#FDFDFB] [r=25 c=55 rs=1 cs=1]
              RenderInline {FONT} at (0,0) size 3x11
                RenderText {#text} at (0,0) size 3x11
                  text run at (0,0) width 3: " "
            RenderTableCell {TD} at (439,275) size 9x11 [bgcolor=#FDFDFB] [r=25 c=56 rs=1 cs=1]
              RenderInline {FONT} at (0,0) size 3x11
                RenderText {#text} at (0,0) size 3x11
                  text run at (0,0) width 3: " "
            RenderTableCell {TD} at (447,275) size 8x11 [bgcolor=#FDFDFB] [r=25 c=57 rs=1 cs=1]
              RenderInline {FONT} at (0,0) size 3x11
                RenderText {#text} at (0,0) size 3x11
                  text run at (0,0) width 3: " "
            RenderTableCell {TD} at (454,275) size 9x11 [bgcolor=#FDFDFB] [r=25 c=58 rs=1 cs=1]
              RenderInline {FONT} at (0,0) size 3x11
                RenderText {#text} at (0,0) size 3x11
                  text run at (0,0) width 3: " "
            RenderTableCell {TD} at (462,275) size 9x11 [bgcolor=#FDFDFB] [r=25 c=59 rs=1 cs=1]
              RenderInline {FONT} at (0,0) size 3x11
                RenderText {#text} at (0,0) size 3x11
                  text run at (0,0) width 3: " "
            RenderTableCell {TD} at (470,275) size 9x11 [bgcolor=#FDFDFB] [r=25 c=60 rs=1 cs=1]
              RenderInline {FONT} at (0,0) size 3x11
                RenderText {#text} at (0,0) size 3x11
                  text run at (0,0) width 3: " "
            RenderTableCell {TD} at (478,275) size 9x11 [bgcolor=#FDFDFB] [r=25 c=61 rs=1 cs=1]
              RenderInline {FONT} at (0,0) size 3x11
                RenderText {#text} at (0,0) size 3x11
                  text run at (0,0) width 3: " "
            RenderTableCell {TD} at (486,275) size 9x11 [bgcolor=#FDFDFB] [r=25 c=62 rs=1 cs=1]
              RenderInline {FONT} at (0,0) size 3x11
                RenderText {#text} at (0,0) size 3x11
                  text run at (0,0) width 3: " "
            RenderTableCell {TD} at (494,275) size 8x11 [bgcolor=#FDFDFB] [r=25 c=63 rs=1 cs=1]
              RenderInline {FONT} at (0,0) size 3x11
                RenderText {#text} at (0,0) size 3x11
                  text run at (0,0) width 3: " "
            RenderTableCell {TD} at (502,275) size 8x11 [bgcolor=#FDFDFB] [r=25 c=64 rs=1 cs=1]
              RenderInline {FONT} at (0,0) size 3x11
                RenderText {#text} at (0,0) size 3x11
                  text run at (0,0) width 3: " "
            RenderTableCell {TD} at (509,275) size 9x11 [bgcolor=#EDEEEF] [r=25 c=65 rs=1 cs=1]
              RenderInline {FONT} at (0,0) size 3x11
                RenderText {#text} at (0,0) size 3x11
                  text run at (0,0) width 3: " "
            RenderTableCell {TD} at (517,275) size 9x11 [bgcolor=#DEDFDF] [r=25 c=66 rs=1 cs=1]
              RenderInline {FONT} at (0,0) size 3x11
                RenderText {#text} at (0,0) size 3x11
                  text run at (0,0) width 3: " "
            RenderTableCell {TD} at (525,275) size 9x11 [bgcolor=#CECFCF] [r=25 c=67 rs=1 cs=1]
              RenderInline {FONT} at (0,0) size 3x11
                RenderText {#text} at (0,0) size 3x11
                  text run at (0,0) width 3: " "
            RenderTableCell {TD} at (533,275) size 9x11 [bgcolor=#B4B4B4] [r=25 c=68 rs=1 cs=1]
              RenderInline {FONT} at (0,0) size 3x11
                RenderText {#text} at (0,0) size 3x11
                  text run at (0,0) width 3: " "
            RenderTableCell {TD} at (541,275) size 9x11 [bgcolor=#91A3A3] [r=25 c=69 rs=1 cs=1]
              RenderInline {FONT} at (0,0) size 3x11
                RenderText {#text} at (0,0) size 3x11
                  text run at (0,0) width 3: " "
            RenderTableCell {TD} at (549,275) size 8x11 [bgcolor=#848788] [r=25 c=70 rs=1 cs=1]
              RenderInline {FONT} at (0,0) size 3x11
                RenderText {#text} at (0,0) size 3x11
                  text run at (0,0) width 3: " "
            RenderTableCell {TD} at (556,275) size 9x11 [bgcolor=#777878] [r=25 c=71 rs=1 cs=1]
              RenderInline {FONT} at (0,0) size 3x11
                RenderText {#text} at (0,0) size 3x11
                  text run at (0,0) width 3: " "
            RenderTableCell {TD} at (564,275) size 9x11 [bgcolor=#526B6B] [r=25 c=72 rs=1 cs=1]
              RenderInline {FONT} at (0,0) size 3x11
                RenderText {#text} at (0,0) size 3x11
                  text run at (0,0) width 3: " "
            RenderTableCell {TD} at (572,275) size 9x11 [bgcolor=#425A5A] [r=25 c=73 rs=1 cs=1]
              RenderInline {FONT} at (0,0) size 3x11
                RenderText {#text} at (0,0) size 3x11
                  text run at (0,0) width 3: " "
            RenderTableCell {TD} at (580,275) size 9x11 [bgcolor=#425A5A] [r=25 c=74 rs=1 cs=1]
              RenderInline {FONT} at (0,0) size 3x11
                RenderText {#text} at (0,0) size 3x11
                  text run at (0,0) width 3: " "
            RenderTableCell {TD} at (588,275) size 9x11 [bgcolor=#305D5D] [r=25 c=75 rs=1 cs=1]
              RenderInline {FONT} at (0,0) size 3x11
                RenderText {#text} at (0,0) size 3x11
                  text run at (0,0) width 3: " "
            RenderTableCell {TD} at (596,275) size 8x11 [bgcolor=#305D5D] [r=25 c=76 rs=1 cs=1]
              RenderInline {FONT} at (0,0) size 3x11
                RenderText {#text} at (0,0) size 3x11
                  text run at (0,0) width 3: " "
            RenderTableCell {TD} at (603,275) size 9x11 [bgcolor=#305D5D] [r=25 c=77 rs=1 cs=1]
              RenderInline {FONT} at (0,0) size 3x11
                RenderText {#text} at (0,0) size 3x11
                  text run at (0,0) width 3: " "
            RenderTableCell {TD} at (611,275) size 9x11 [bgcolor=#026766] [r=25 c=78 rs=1 cs=1]
              RenderInline {FONT} at (0,0) size 3x11
                RenderText {#text} at (0,0) size 3x11
                  text run at (0,0) width 3: " "
            RenderTableCell {TD} at (619,275) size 9x11 [bgcolor=#026766] [r=25 c=79 rs=1 cs=1]
              RenderInline {FONT} at (0,0) size 3x11
                RenderText {#text} at (0,0) size 3x11
                  text run at (0,0) width 3: " "
            RenderTableCell {TD} at (627,275) size 9x11 [bgcolor=#026766] [r=25 c=80 rs=1 cs=1]
              RenderInline {FONT} at (0,0) size 3x11
                RenderText {#text} at (0,0) size 3x11
                  text run at (0,0) width 3: " "
            RenderTableCell {TD} at (635,275) size 9x11 [bgcolor=#026766] [r=25 c=81 rs=1 cs=1]
              RenderInline {FONT} at (0,0) size 3x11
                RenderText {#text} at (0,0) size 3x11
                  text run at (0,0) width 3: " "
            RenderTableCell {TD} at (643,275) size 9x11 [bgcolor=#026766] [r=25 c=82 rs=1 cs=1]
              RenderInline {FONT} at (0,0) size 3x11
                RenderText {#text} at (0,0) size 3x11
                  text run at (0,0) width 3: " "
            RenderTableCell {TD} at (651,275) size 8x11 [bgcolor=#026766] [r=25 c=83 rs=1 cs=1]
              RenderInline {FONT} at (0,0) size 3x11
                RenderText {#text} at (0,0) size 3x11
                  text run at (0,0) width 3: " "
            RenderTableCell {TD} at (658,275) size 9x11 [bgcolor=#026766] [r=25 c=84 rs=1 cs=1]
              RenderInline {FONT} at (0,0) size 3x11
                RenderText {#text} at (0,0) size 3x11
                  text run at (0,0) width 3: " "
            RenderTableCell {TD} at (666,275) size 9x11 [bgcolor=#026766] [r=25 c=85 rs=1 cs=1]
              RenderInline {FONT} at (0,0) size 3x11
                RenderText {#text} at (0,0) size 3x11
                  text run at (0,0) width 3: " "
            RenderTableCell {TD} at (674,275) size 9x11 [bgcolor=#026766] [r=25 c=86 rs=1 cs=1]
              RenderInline {FONT} at (0,0) size 3x11
                RenderText {#text} at (0,0) size 3x11
                  text run at (0,0) width 3: " "
            RenderTableCell {TD} at (682,275) size 9x11 [bgcolor=#026766] [r=25 c=87 rs=1 cs=1]
              RenderInline {FONT} at (0,0) size 3x11
                RenderText {#text} at (0,0) size 3x11
                  text run at (0,0) width 3: " "
            RenderTableCell {TD} at (690,275) size 9x11 [bgcolor=#026766] [r=25 c=88 rs=1 cs=1]
              RenderInline {FONT} at (0,0) size 3x11
                RenderText {#text} at (0,0) size 3x11
                  text run at (0,0) width 3: " "
            RenderTableCell {TD} at (698,275) size 8x11 [bgcolor=#026766] [r=25 c=89 rs=1 cs=1]
              RenderInline {FONT} at (0,0) size 3x11
                RenderText {#text} at (0,0) size 3x11
                  text run at (0,0) width 3: " "
            RenderTableCell {TD} at (705,275) size 9x11 [bgcolor=#025E5E] [r=25 c=90 rs=1 cs=1]
              RenderInline {FONT} at (0,0) size 3x11
                RenderText {#text} at (0,0) size 3x11
                  text run at (0,0) width 3: " "
            RenderTableCell {TD} at (713,275) size 9x11 [bgcolor=#025E5E] [r=25 c=91 rs=1 cs=1]
              RenderInline {FONT} at (0,0) size 3x11
                RenderText {#text} at (0,0) size 3x11
                  text run at (0,0) width 3: " "
            RenderTableCell {TD} at (721,275) size 9x11 [bgcolor=#044140] [r=25 c=92 rs=1 cs=1]
              RenderInline {FONT} at (0,0) size 3x11
                RenderText {#text} at (0,0) size 3x11
                  text run at (0,0) width 3: " "
            RenderTableCell {TD} at (729,275) size 9x11 [bgcolor=#083131] [r=25 c=93 rs=1 cs=1]
              RenderInline {FONT} at (0,0) size 3x11
                RenderText {#text} at (0,0) size 3x11
                  text run at (0,0) width 3: " "
            RenderTableCell {TD} at (737,275) size 9x11 [bgcolor=#5E5F60] [r=25 c=94 rs=1 cs=1]
              RenderInline {FONT} at (0,0) size 3x11
                RenderText {#text} at (0,0) size 3x11
                  text run at (0,0) width 3: " "
            RenderTableCell {TD} at (745,275) size 8x11 [bgcolor=#A5A6A6] [r=25 c=95 rs=1 cs=1]
              RenderInline {FONT} at (0,0) size 3x11
                RenderText {#text} at (0,0) size 3x11
                  text run at (0,0) width 3: " "
            RenderTableCell {TD} at (753,275) size 8x11 [bgcolor=#DEDFDF] [r=25 c=96 rs=1 cs=1]
              RenderInline {FONT} at (0,0) size 3x11
                RenderText {#text} at (0,0) size 3x11
                  text run at (0,0) width 3: " "
            RenderTableCell {TD} at (760,275) size 9x11 [bgcolor=#FDFDFB] [r=25 c=97 rs=1 cs=1]
              RenderInline {FONT} at (0,0) size 3x11
                RenderText {#text} at (0,0) size 3x11
                  text run at (0,0) width 3: " "
            RenderTableCell {TD} at (768,275) size 9x11 [bgcolor=#FDFDFB] [r=25 c=98 rs=1 cs=1]
              RenderInline {FONT} at (0,0) size 3x11
                RenderText {#text} at (0,0) size 3x11
                  text run at (0,0) width 3: " "
            RenderTableCell {TD} at (776,275) size 9x11 [bgcolor=#FDFDFB] [r=25 c=99 rs=1 cs=1]
              RenderInline {FONT} at (0,0) size 3x11
                RenderText {#text} at (0,0) size 3x11
                  text run at (0,0) width 3: " "
          RenderTableRow {TR} at (0,286) size 784x11
            RenderTableCell {TD} at (0,286) size 8x11 [bgcolor=#FDFDFB] [r=26 c=0 rs=1 cs=1]
              RenderInline {FONT} at (0,0) size 3x11
                RenderText {#text} at (0,0) size 3x11
                  text run at (0,0) width 3: " "
            RenderTableCell {TD} at (7,286) size 9x11 [bgcolor=#FDFDFB] [r=26 c=1 rs=1 cs=1]
              RenderInline {FONT} at (0,0) size 3x11
                RenderText {#text} at (0,0) size 3x11
                  text run at (0,0) width 3: " "
            RenderTableCell {TD} at (15,286) size 9x11 [bgcolor=#FDFDFB] [r=26 c=2 rs=1 cs=1]
              RenderInline {FONT} at (0,0) size 3x11
                RenderText {#text} at (0,0) size 3x11
                  text run at (0,0) width 3: " "
            RenderTableCell {TD} at (23,286) size 9x11 [bgcolor=#FDFDFB] [r=26 c=3 rs=1 cs=1]
              RenderInline {FONT} at (0,0) size 3x11
                RenderText {#text} at (0,0) size 3x11
                  text run at (0,0) width 3: " "
            RenderTableCell {TD} at (31,286) size 9x11 [bgcolor=#FDFDFB] [r=26 c=4 rs=1 cs=1]
              RenderInline {FONT} at (0,0) size 3x11
                RenderText {#text} at (0,0) size 3x11
                  text run at (0,0) width 3: " "
            RenderTableCell {TD} at (39,286) size 9x11 [bgcolor=#FDFDFB] [r=26 c=5 rs=1 cs=1]
              RenderInline {FONT} at (0,0) size 3x11
                RenderText {#text} at (0,0) size 3x11
                  text run at (0,0) width 3: " "
            RenderTableCell {TD} at (47,286) size 8x11 [bgcolor=#FDFDFB] [r=26 c=6 rs=1 cs=1]
              RenderInline {FONT} at (0,0) size 3x11
                RenderText {#text} at (0,0) size 3x11
                  text run at (0,0) width 3: " "
            RenderTableCell {TD} at (54,286) size 9x11 [bgcolor=#FDFDFB] [r=26 c=7 rs=1 cs=1]
              RenderInline {FONT} at (0,0) size 3x11
                RenderText {#text} at (0,0) size 3x11
                  text run at (0,0) width 3: " "
            RenderTableCell {TD} at (62,286) size 9x11 [bgcolor=#FDFDFB] [r=26 c=8 rs=1 cs=1]
              RenderInline {FONT} at (0,0) size 3x11
                RenderText {#text} at (0,0) size 3x11
                  text run at (0,0) width 3: " "
            RenderTableCell {TD} at (70,286) size 9x11 [bgcolor=#FDFDFB] [r=26 c=9 rs=1 cs=1]
              RenderInline {FONT} at (0,0) size 3x11
                RenderText {#text} at (0,0) size 3x11
                  text run at (0,0) width 3: " "
            RenderTableCell {TD} at (78,286) size 9x11 [bgcolor=#EDEEEF] [r=26 c=10 rs=1 cs=1]
              RenderInline {FONT} at (0,0) size 3x11
                RenderText {#text} at (0,0) size 3x11
                  text run at (0,0) width 3: " "
            RenderTableCell {TD} at (86,286) size 9x11 [bgcolor=#EDEEEF] [r=26 c=11 rs=1 cs=1]
              RenderInline {FONT} at (0,0) size 3x11
                RenderText {#text} at (0,0) size 3x11
                  text run at (0,0) width 3: " "
            RenderTableCell {TD} at (94,286) size 8x11 [bgcolor=#DEDFDF] [r=26 c=12 rs=1 cs=1]
              RenderInline {FONT} at (0,0) size 3x11
                RenderText {#text} at (0,0) size 3x11
                  text run at (0,0) width 3: " "
            RenderTableCell {TD} at (101,286) size 9x11 [bgcolor=#CECFCF] [r=26 c=13 rs=1 cs=1]
              RenderInline {FONT} at (0,0) size 3x11
                RenderText {#text} at (0,0) size 3x11
                  text run at (0,0) width 3: " "
            RenderTableCell {TD} at (109,286) size 9x11 [bgcolor=#CECFCF] [r=26 c=14 rs=1 cs=1]
              RenderInline {FONT} at (0,0) size 3x11
                RenderText {#text} at (0,0) size 3x11
                  text run at (0,0) width 3: " "
            RenderTableCell {TD} at (117,286) size 9x11 [bgcolor=#BEC2C2] [r=26 c=15 rs=1 cs=1]
              RenderInline {FONT} at (0,0) size 3x11
                RenderText {#text} at (0,0) size 3x11
                  text run at (0,0) width 3: " "
            RenderTableCell {TD} at (125,286) size 9x11 [bgcolor=#BEC2C2] [r=26 c=16 rs=1 cs=1]
              RenderInline {FONT} at (0,0) size 3x11
                RenderText {#text} at (0,0) size 3x11
                  text run at (0,0) width 3: " "
            RenderTableCell {TD} at (133,286) size 9x11 [bgcolor=#BEC2C2] [r=26 c=17 rs=1 cs=1]
              RenderInline {FONT} at (0,0) size 3x11
                RenderText {#text} at (0,0) size 3x11
                  text run at (0,0) width 3: " "
            RenderTableCell {TD} at (141,286) size 9x11 [bgcolor=#BEC2C2] [r=26 c=18 rs=1 cs=1]
              RenderInline {FONT} at (0,0) size 3x11
                RenderText {#text} at (0,0) size 3x11
                  text run at (0,0) width 3: " "
            RenderTableCell {TD} at (149,286) size 8x11 [bgcolor=#BEC2C2] [r=26 c=19 rs=1 cs=1]
              RenderInline {FONT} at (0,0) size 3x11
                RenderText {#text} at (0,0) size 3x11
                  text run at (0,0) width 3: " "
            RenderTableCell {TD} at (156,286) size 9x11 [bgcolor=#BEC2C2] [r=26 c=20 rs=1 cs=1]
              RenderInline {FONT} at (0,0) size 3x11
                RenderText {#text} at (0,0) size 3x11
                  text run at (0,0) width 3: " "
            RenderTableCell {TD} at (164,286) size 9x11 [bgcolor=#CECFCF] [r=26 c=21 rs=1 cs=1]
              RenderInline {FONT} at (0,0) size 3x11
                RenderText {#text} at (0,0) size 3x11
                  text run at (0,0) width 3: " "
            RenderTableCell {TD} at (172,286) size 9x11 [bgcolor=#CECFCF] [r=26 c=22 rs=1 cs=1]
              RenderInline {FONT} at (0,0) size 3x11
                RenderText {#text} at (0,0) size 3x11
                  text run at (0,0) width 3: " "
            RenderTableCell {TD} at (180,286) size 9x11 [bgcolor=#DEDFDF] [r=26 c=23 rs=1 cs=1]
              RenderInline {FONT} at (0,0) size 3x11
                RenderText {#text} at (0,0) size 3x11
                  text run at (0,0) width 3: " "
            RenderTableCell {TD} at (188,286) size 9x11 [bgcolor=#E0EAE9] [r=26 c=24 rs=1 cs=1]
              RenderInline {FONT} at (0,0) size 3x11
                RenderText {#text} at (0,0) size 3x11
                  text run at (0,0) width 3: " "
            RenderTableCell {TD} at (196,286) size 8x11 [bgcolor=#EDEEEF] [r=26 c=25 rs=1 cs=1]
              RenderInline {FONT} at (0,0) size 3x11
                RenderText {#text} at (0,0) size 3x11
                  text run at (0,0) width 3: " "
            RenderTableCell {TD} at (203,286) size 9x11 [bgcolor=#FDFDFB] [r=26 c=26 rs=1 cs=1]
              RenderInline {FONT} at (0,0) size 3x11
                RenderText {#text} at (0,0) size 3x11
                  text run at (0,0) width 3: " "
            RenderTableCell {TD} at (211,286) size 9x11 [bgcolor=#FDFDFB] [r=26 c=27 rs=1 cs=1]
              RenderInline {FONT} at (0,0) size 3x11
                RenderText {#text} at (0,0) size 3x11
                  text run at (0,0) width 3: " "
            RenderTableCell {TD} at (219,286) size 9x11 [bgcolor=#FDFDFB] [r=26 c=28 rs=1 cs=1]
              RenderInline {FONT} at (0,0) size 3x11
                RenderText {#text} at (0,0) size 3x11
                  text run at (0,0) width 3: " "
            RenderTableCell {TD} at (227,286) size 9x11 [bgcolor=#FDFDFB] [r=26 c=29 rs=1 cs=1]
              RenderInline {FONT} at (0,0) size 3x11
                RenderText {#text} at (0,0) size 3x11
                  text run at (0,0) width 3: " "
            RenderTableCell {TD} at (235,286) size 9x11 [bgcolor=#FDFDFB] [r=26 c=30 rs=1 cs=1]
              RenderInline {FONT} at (0,0) size 3x11
                RenderText {#text} at (0,0) size 3x11
                  text run at (0,0) width 3: " "
            RenderTableCell {TD} at (243,286) size 8x11 [bgcolor=#FDFDFB] [r=26 c=31 rs=1 cs=1]
              RenderInline {FONT} at (0,0) size 3x11
                RenderText {#text} at (0,0) size 3x11
                  text run at (0,0) width 3: " "
            RenderTableCell {TD} at (251,286) size 8x11 [bgcolor=#FDFDFB] [r=26 c=32 rs=1 cs=1]
              RenderInline {FONT} at (0,0) size 3x11
                RenderText {#text} at (0,0) size 3x11
                  text run at (0,0) width 3: " "
            RenderTableCell {TD} at (258,286) size 9x11 [bgcolor=#FDFDFB] [r=26 c=33 rs=1 cs=1]
              RenderInline {FONT} at (0,0) size 3x11
                RenderText {#text} at (0,0) size 3x11
                  text run at (0,0) width 3: " "
            RenderTableCell {TD} at (266,286) size 9x11 [bgcolor=#FDFDFB] [r=26 c=34 rs=1 cs=1]
              RenderInline {FONT} at (0,0) size 3x11
                RenderText {#text} at (0,0) size 3x11
                  text run at (0,0) width 3: " "
            RenderTableCell {TD} at (274,286) size 9x11 [bgcolor=#FDFDFB] [r=26 c=35 rs=1 cs=1]
              RenderInline {FONT} at (0,0) size 3x11
                RenderText {#text} at (0,0) size 3x11
                  text run at (0,0) width 3: " "
            RenderTableCell {TD} at (282,286) size 9x11 [bgcolor=#FDFDFB] [r=26 c=36 rs=1 cs=1]
              RenderInline {FONT} at (0,0) size 3x11
                RenderText {#text} at (0,0) size 3x11
                  text run at (0,0) width 3: " "
            RenderTableCell {TD} at (290,286) size 9x11 [bgcolor=#EDEEEF] [r=26 c=37 rs=1 cs=1]
              RenderInline {FONT} at (0,0) size 3x11
                RenderText {#text} at (0,0) size 3x11
                  text run at (0,0) width 3: " "
            RenderTableCell {TD} at (298,286) size 8x11 [bgcolor=#DEDFDF] [r=26 c=38 rs=1 cs=1]
              RenderInline {FONT} at (0,0) size 3x11
                RenderText {#text} at (0,0) size 3x11
                  text run at (0,0) width 3: " "
            RenderTableCell {TD} at (305,286) size 9x11 [bgcolor=#DEDFDF] [r=26 c=39 rs=1 cs=1]
              RenderInline {FONT} at (0,0) size 3x11
                RenderText {#text} at (0,0) size 3x11
                  text run at (0,0) width 3: " "
            RenderTableCell {TD} at (313,286) size 9x11 [bgcolor=#DEDFDF] [r=26 c=40 rs=1 cs=1]
              RenderInline {FONT} at (0,0) size 3x11
                RenderText {#text} at (0,0) size 3x11
                  text run at (0,0) width 3: " "
            RenderTableCell {TD} at (321,286) size 9x11 [bgcolor=#DEDFDF] [r=26 c=41 rs=1 cs=1]
              RenderInline {FONT} at (0,0) size 3x11
                RenderText {#text} at (0,0) size 3x11
                  text run at (0,0) width 3: " "
            RenderTableCell {TD} at (329,286) size 9x11 [bgcolor=#DEDFDF] [r=26 c=42 rs=1 cs=1]
              RenderInline {FONT} at (0,0) size 3x11
                RenderText {#text} at (0,0) size 3x11
                  text run at (0,0) width 3: " "
            RenderTableCell {TD} at (337,286) size 9x11 [bgcolor=#DEDFDF] [r=26 c=43 rs=1 cs=1]
              RenderInline {FONT} at (0,0) size 3x11
                RenderText {#text} at (0,0) size 3x11
                  text run at (0,0) width 3: " "
            RenderTableCell {TD} at (345,286) size 8x11 [bgcolor=#DEDFDF] [r=26 c=44 rs=1 cs=1]
              RenderInline {FONT} at (0,0) size 3x11
                RenderText {#text} at (0,0) size 3x11
                  text run at (0,0) width 3: " "
            RenderTableCell {TD} at (352,286) size 9x11 [bgcolor=#DEDFDF] [r=26 c=45 rs=1 cs=1]
              RenderInline {FONT} at (0,0) size 3x11
                RenderText {#text} at (0,0) size 3x11
                  text run at (0,0) width 3: " "
            RenderTableCell {TD} at (360,286) size 9x11 [bgcolor=#DEDFDF] [r=26 c=46 rs=1 cs=1]
              RenderInline {FONT} at (0,0) size 3x11
                RenderText {#text} at (0,0) size 3x11
                  text run at (0,0) width 3: " "
            RenderTableCell {TD} at (368,286) size 9x11 [bgcolor=#DEDFDF] [r=26 c=47 rs=1 cs=1]
              RenderInline {FONT} at (0,0) size 3x11
                RenderText {#text} at (0,0) size 3x11
                  text run at (0,0) width 3: " "
            RenderTableCell {TD} at (376,286) size 9x11 [bgcolor=#DEDFDF] [r=26 c=48 rs=1 cs=1]
              RenderInline {FONT} at (0,0) size 3x11
                RenderText {#text} at (0,0) size 3x11
                  text run at (0,0) width 3: " "
            RenderTableCell {TD} at (384,286) size 9x11 [bgcolor=#DEDFDF] [r=26 c=49 rs=1 cs=1]
              RenderInline {FONT} at (0,0) size 3x11
                RenderText {#text} at (0,0) size 3x11
                  text run at (0,0) width 3: " "
            RenderTableCell {TD} at (392,286) size 9x11 [bgcolor=#DEDFDF] [r=26 c=50 rs=1 cs=1]
              RenderInline {FONT} at (0,0) size 3x11
                RenderText {#text} at (0,0) size 3x11
                  text run at (0,0) width 3: " "
            RenderTableCell {TD} at (400,286) size 8x11 [bgcolor=#DEDFDF] [r=26 c=51 rs=1 cs=1]
              RenderInline {FONT} at (0,0) size 3x11
                RenderText {#text} at (0,0) size 3x11
                  text run at (0,0) width 3: " "
            RenderTableCell {TD} at (407,286) size 9x11 [bgcolor=#DEDFDF] [r=26 c=52 rs=1 cs=1]
              RenderInline {FONT} at (0,0) size 3x11
                RenderText {#text} at (0,0) size 3x11
                  text run at (0,0) width 3: " "
            RenderTableCell {TD} at (415,286) size 9x11 [bgcolor=#EDEEEF] [r=26 c=53 rs=1 cs=1]
              RenderInline {FONT} at (0,0) size 3x11
                RenderText {#text} at (0,0) size 3x11
                  text run at (0,0) width 3: " "
            RenderTableCell {TD} at (423,286) size 9x11 [bgcolor=#FDFDFB] [r=26 c=54 rs=1 cs=1]
              RenderInline {FONT} at (0,0) size 3x11
                RenderText {#text} at (0,0) size 3x11
                  text run at (0,0) width 3: " "
            RenderTableCell {TD} at (431,286) size 9x11 [bgcolor=#FDFDFB] [r=26 c=55 rs=1 cs=1]
              RenderInline {FONT} at (0,0) size 3x11
                RenderText {#text} at (0,0) size 3x11
                  text run at (0,0) width 3: " "
            RenderTableCell {TD} at (439,286) size 9x11 [bgcolor=#FDFDFB] [r=26 c=56 rs=1 cs=1]
              RenderInline {FONT} at (0,0) size 3x11
                RenderText {#text} at (0,0) size 3x11
                  text run at (0,0) width 3: " "
            RenderTableCell {TD} at (447,286) size 8x11 [bgcolor=#FDFDFB] [r=26 c=57 rs=1 cs=1]
              RenderInline {FONT} at (0,0) size 3x11
                RenderText {#text} at (0,0) size 3x11
                  text run at (0,0) width 3: " "
            RenderTableCell {TD} at (454,286) size 9x11 [bgcolor=#FDFDFB] [r=26 c=58 rs=1 cs=1]
              RenderInline {FONT} at (0,0) size 3x11
                RenderText {#text} at (0,0) size 3x11
                  text run at (0,0) width 3: " "
            RenderTableCell {TD} at (462,286) size 9x11 [bgcolor=#FDFDFB] [r=26 c=59 rs=1 cs=1]
              RenderInline {FONT} at (0,0) size 3x11
                RenderText {#text} at (0,0) size 3x11
                  text run at (0,0) width 3: " "
            RenderTableCell {TD} at (470,286) size 9x11 [bgcolor=#FDFDFB] [r=26 c=60 rs=1 cs=1]
              RenderInline {FONT} at (0,0) size 3x11
                RenderText {#text} at (0,0) size 3x11
                  text run at (0,0) width 3: " "
            RenderTableCell {TD} at (478,286) size 9x11 [bgcolor=#FDFDFB] [r=26 c=61 rs=1 cs=1]
              RenderInline {FONT} at (0,0) size 3x11
                RenderText {#text} at (0,0) size 3x11
                  text run at (0,0) width 3: " "
            RenderTableCell {TD} at (486,286) size 9x11 [bgcolor=#FDFDFB] [r=26 c=62 rs=1 cs=1]
              RenderInline {FONT} at (0,0) size 3x11
                RenderText {#text} at (0,0) size 3x11
                  text run at (0,0) width 3: " "
            RenderTableCell {TD} at (494,286) size 8x11 [bgcolor=#FDFDFB] [r=26 c=63 rs=1 cs=1]
              RenderInline {FONT} at (0,0) size 3x11
                RenderText {#text} at (0,0) size 3x11
                  text run at (0,0) width 3: " "
            RenderTableCell {TD} at (502,286) size 8x11 [bgcolor=#FDFDFB] [r=26 c=64 rs=1 cs=1]
              RenderInline {FONT} at (0,0) size 3x11
                RenderText {#text} at (0,0) size 3x11
                  text run at (0,0) width 3: " "
            RenderTableCell {TD} at (509,286) size 9x11 [bgcolor=#FDFDFB] [r=26 c=65 rs=1 cs=1]
              RenderInline {FONT} at (0,0) size 3x11
                RenderText {#text} at (0,0) size 3x11
                  text run at (0,0) width 3: " "
            RenderTableCell {TD} at (517,286) size 9x11 [bgcolor=#FDFDFB] [r=26 c=66 rs=1 cs=1]
              RenderInline {FONT} at (0,0) size 3x11
                RenderText {#text} at (0,0) size 3x11
                  text run at (0,0) width 3: " "
            RenderTableCell {TD} at (525,286) size 9x11 [bgcolor=#EDEEEF] [r=26 c=67 rs=1 cs=1]
              RenderInline {FONT} at (0,0) size 3x11
                RenderText {#text} at (0,0) size 3x11
                  text run at (0,0) width 3: " "
            RenderTableCell {TD} at (533,286) size 9x11 [bgcolor=#DEDFDF] [r=26 c=68 rs=1 cs=1]
              RenderInline {FONT} at (0,0) size 3x11
                RenderText {#text} at (0,0) size 3x11
                  text run at (0,0) width 3: " "
            RenderTableCell {TD} at (541,286) size 9x11 [bgcolor=#CECFCF] [r=26 c=69 rs=1 cs=1]
              RenderInline {FONT} at (0,0) size 3x11
                RenderText {#text} at (0,0) size 3x11
                  text run at (0,0) width 3: " "
            RenderTableCell {TD} at (549,286) size 8x11 [bgcolor=#BEC2C2] [r=26 c=70 rs=1 cs=1]
              RenderInline {FONT} at (0,0) size 3x11
                RenderText {#text} at (0,0) size 3x11
                  text run at (0,0) width 3: " "
            RenderTableCell {TD} at (556,286) size 9x11 [bgcolor=#B4B4B4] [r=26 c=71 rs=1 cs=1]
              RenderInline {FONT} at (0,0) size 3x11
                RenderText {#text} at (0,0) size 3x11
                  text run at (0,0) width 3: " "
            RenderTableCell {TD} at (564,286) size 9x11 [bgcolor=#B4B4B4] [r=26 c=72 rs=1 cs=1]
              RenderInline {FONT} at (0,0) size 3x11
                RenderText {#text} at (0,0) size 3x11
                  text run at (0,0) width 3: " "
            RenderTableCell {TD} at (572,286) size 9x11 [bgcolor=#A5A6A6] [r=26 c=73 rs=1 cs=1]
              RenderInline {FONT} at (0,0) size 3x11
                RenderText {#text} at (0,0) size 3x11
                  text run at (0,0) width 3: " "
            RenderTableCell {TD} at (580,286) size 9x11 [bgcolor=#91A3A3] [r=26 c=74 rs=1 cs=1]
              RenderInline {FONT} at (0,0) size 3x11
                RenderText {#text} at (0,0) size 3x11
                  text run at (0,0) width 3: " "
            RenderTableCell {TD} at (588,286) size 9x11 [bgcolor=#939494] [r=26 c=75 rs=1 cs=1]
              RenderInline {FONT} at (0,0) size 3x11
                RenderText {#text} at (0,0) size 3x11
                  text run at (0,0) width 3: " "
            RenderTableCell {TD} at (596,286) size 8x11 [bgcolor=#939494] [r=26 c=76 rs=1 cs=1]
              RenderInline {FONT} at (0,0) size 3x11
                RenderText {#text} at (0,0) size 3x11
                  text run at (0,0) width 3: " "
            RenderTableCell {TD} at (603,286) size 9x11 [bgcolor=#5A8787] [r=26 c=77 rs=1 cs=1]
              RenderInline {FONT} at (0,0) size 3x11
                RenderText {#text} at (0,0) size 3x11
                  text run at (0,0) width 3: " "
            RenderTableCell {TD} at (611,286) size 9x11 [bgcolor=#027777] [r=26 c=78 rs=1 cs=1]
              RenderInline {FONT} at (0,0) size 3x11
                RenderText {#text} at (0,0) size 3x11
                  text run at (0,0) width 3: " "
            RenderTableCell {TD} at (619,286) size 9x11 [bgcolor=#026766] [r=26 c=79 rs=1 cs=1]
              RenderInline {FONT} at (0,0) size 3x11
                RenderText {#text} at (0,0) size 3x11
                  text run at (0,0) width 3: " "
            RenderTableCell {TD} at (627,286) size 9x11 [bgcolor=#026766] [r=26 c=80 rs=1 cs=1]
              RenderInline {FONT} at (0,0) size 3x11
                RenderText {#text} at (0,0) size 3x11
                  text run at (0,0) width 3: " "
            RenderTableCell {TD} at (635,286) size 9x11 [bgcolor=#026766] [r=26 c=81 rs=1 cs=1]
              RenderInline {FONT} at (0,0) size 3x11
                RenderText {#text} at (0,0) size 3x11
                  text run at (0,0) width 3: " "
            RenderTableCell {TD} at (643,286) size 9x11 [bgcolor=#026766] [r=26 c=82 rs=1 cs=1]
              RenderInline {FONT} at (0,0) size 3x11
                RenderText {#text} at (0,0) size 3x11
                  text run at (0,0) width 3: " "
            RenderTableCell {TD} at (651,286) size 8x11 [bgcolor=#026766] [r=26 c=83 rs=1 cs=1]
              RenderInline {FONT} at (0,0) size 3x11
                RenderText {#text} at (0,0) size 3x11
                  text run at (0,0) width 3: " "
            RenderTableCell {TD} at (658,286) size 9x11 [bgcolor=#026766] [r=26 c=84 rs=1 cs=1]
              RenderInline {FONT} at (0,0) size 3x11
                RenderText {#text} at (0,0) size 3x11
                  text run at (0,0) width 3: " "
            RenderTableCell {TD} at (666,286) size 9x11 [bgcolor=#026766] [r=26 c=85 rs=1 cs=1]
              RenderInline {FONT} at (0,0) size 3x11
                RenderText {#text} at (0,0) size 3x11
                  text run at (0,0) width 3: " "
            RenderTableCell {TD} at (674,286) size 9x11 [bgcolor=#026766] [r=26 c=86 rs=1 cs=1]
              RenderInline {FONT} at (0,0) size 3x11
                RenderText {#text} at (0,0) size 3x11
                  text run at (0,0) width 3: " "
            RenderTableCell {TD} at (682,286) size 9x11 [bgcolor=#026766] [r=26 c=87 rs=1 cs=1]
              RenderInline {FONT} at (0,0) size 3x11
                RenderText {#text} at (0,0) size 3x11
                  text run at (0,0) width 3: " "
            RenderTableCell {TD} at (690,286) size 9x11 [bgcolor=#026766] [r=26 c=88 rs=1 cs=1]
              RenderInline {FONT} at (0,0) size 3x11
                RenderText {#text} at (0,0) size 3x11
                  text run at (0,0) width 3: " "
            RenderTableCell {TD} at (698,286) size 8x11 [bgcolor=#025E5E] [r=26 c=89 rs=1 cs=1]
              RenderInline {FONT} at (0,0) size 3x11
                RenderText {#text} at (0,0) size 3x11
                  text run at (0,0) width 3: " "
            RenderTableCell {TD} at (705,286) size 9x11 [bgcolor=#025E5E] [r=26 c=90 rs=1 cs=1]
              RenderInline {FONT} at (0,0) size 3x11
                RenderText {#text} at (0,0) size 3x11
                  text run at (0,0) width 3: " "
            RenderTableCell {TD} at (713,286) size 9x11 [bgcolor=#044F4F] [r=26 c=91 rs=1 cs=1]
              RenderInline {FONT} at (0,0) size 3x11
                RenderText {#text} at (0,0) size 3x11
                  text run at (0,0) width 3: " "
            RenderTableCell {TD} at (721,286) size 9x11 [bgcolor=#044140] [r=26 c=92 rs=1 cs=1]
              RenderInline {FONT} at (0,0) size 3x11
                RenderText {#text} at (0,0) size 3x11
                  text run at (0,0) width 3: " "
            RenderTableCell {TD} at (729,286) size 9x11 [bgcolor=#083131] [r=26 c=93 rs=1 cs=1]
              RenderInline {FONT} at (0,0) size 3x11
                RenderText {#text} at (0,0) size 3x11
                  text run at (0,0) width 3: " "
            RenderTableCell {TD} at (737,286) size 9x11 [bgcolor=#777878] [r=26 c=94 rs=1 cs=1]
              RenderInline {FONT} at (0,0) size 3x11
                RenderText {#text} at (0,0) size 3x11
                  text run at (0,0) width 3: " "
            RenderTableCell {TD} at (745,286) size 8x11 [bgcolor=#B4B4B4] [r=26 c=95 rs=1 cs=1]
              RenderInline {FONT} at (0,0) size 3x11
                RenderText {#text} at (0,0) size 3x11
                  text run at (0,0) width 3: " "
            RenderTableCell {TD} at (753,286) size 8x11 [bgcolor=#DEDFDF] [r=26 c=96 rs=1 cs=1]
              RenderInline {FONT} at (0,0) size 3x11
                RenderText {#text} at (0,0) size 3x11
                  text run at (0,0) width 3: " "
            RenderTableCell {TD} at (760,286) size 9x11 [bgcolor=#FDFDFB] [r=26 c=97 rs=1 cs=1]
              RenderInline {FONT} at (0,0) size 3x11
                RenderText {#text} at (0,0) size 3x11
                  text run at (0,0) width 3: " "
            RenderTableCell {TD} at (768,286) size 9x11 [bgcolor=#FDFDFB] [r=26 c=98 rs=1 cs=1]
              RenderInline {FONT} at (0,0) size 3x11
                RenderText {#text} at (0,0) size 3x11
                  text run at (0,0) width 3: " "
            RenderTableCell {TD} at (776,286) size 9x11 [bgcolor=#FDFDFB] [r=26 c=99 rs=1 cs=1]
              RenderInline {FONT} at (0,0) size 3x11
                RenderText {#text} at (0,0) size 3x11
                  text run at (0,0) width 3: " "
          RenderTableRow {TR} at (0,297) size 784x11
            RenderTableCell {TD} at (0,297) size 8x11 [bgcolor=#FDFDFB] [r=27 c=0 rs=1 cs=1]
              RenderInline {FONT} at (0,0) size 3x11
                RenderText {#text} at (0,0) size 3x11
                  text run at (0,0) width 3: " "
            RenderTableCell {TD} at (7,297) size 9x11 [bgcolor=#FDFDFB] [r=27 c=1 rs=1 cs=1]
              RenderInline {FONT} at (0,0) size 3x11
                RenderText {#text} at (0,0) size 3x11
                  text run at (0,0) width 3: " "
            RenderTableCell {TD} at (15,297) size 9x11 [bgcolor=#FDFDFB] [r=27 c=2 rs=1 cs=1]
              RenderInline {FONT} at (0,0) size 3x11
                RenderText {#text} at (0,0) size 3x11
                  text run at (0,0) width 3: " "
            RenderTableCell {TD} at (23,297) size 9x11 [bgcolor=#FDFDFB] [r=27 c=3 rs=1 cs=1]
              RenderInline {FONT} at (0,0) size 3x11
                RenderText {#text} at (0,0) size 3x11
                  text run at (0,0) width 3: " "
            RenderTableCell {TD} at (31,297) size 9x11 [bgcolor=#FDFDFB] [r=27 c=4 rs=1 cs=1]
              RenderInline {FONT} at (0,0) size 3x11
                RenderText {#text} at (0,0) size 3x11
                  text run at (0,0) width 3: " "
            RenderTableCell {TD} at (39,297) size 9x11 [bgcolor=#FDFDFB] [r=27 c=5 rs=1 cs=1]
              RenderInline {FONT} at (0,0) size 3x11
                RenderText {#text} at (0,0) size 3x11
                  text run at (0,0) width 3: " "
            RenderTableCell {TD} at (47,297) size 8x11 [bgcolor=#FDFDFB] [r=27 c=6 rs=1 cs=1]
              RenderInline {FONT} at (0,0) size 3x11
                RenderText {#text} at (0,0) size 3x11
                  text run at (0,0) width 3: " "
            RenderTableCell {TD} at (54,297) size 9x11 [bgcolor=#FDFDFB] [r=27 c=7 rs=1 cs=1]
              RenderInline {FONT} at (0,0) size 3x11
                RenderText {#text} at (0,0) size 3x11
                  text run at (0,0) width 3: " "
            RenderTableCell {TD} at (62,297) size 9x11 [bgcolor=#FDFDFB] [r=27 c=8 rs=1 cs=1]
              RenderInline {FONT} at (0,0) size 3x11
                RenderText {#text} at (0,0) size 3x11
                  text run at (0,0) width 3: " "
            RenderTableCell {TD} at (70,297) size 9x11 [bgcolor=#FDFDFB] [r=27 c=9 rs=1 cs=1]
              RenderInline {FONT} at (0,0) size 3x11
                RenderText {#text} at (0,0) size 3x11
                  text run at (0,0) width 3: " "
            RenderTableCell {TD} at (78,297) size 9x11 [bgcolor=#FDFDFB] [r=27 c=10 rs=1 cs=1]
              RenderInline {FONT} at (0,0) size 3x11
                RenderText {#text} at (0,0) size 3x11
                  text run at (0,0) width 3: " "
            RenderTableCell {TD} at (86,297) size 9x11 [bgcolor=#FDFDFB] [r=27 c=11 rs=1 cs=1]
              RenderInline {FONT} at (0,0) size 3x11
                RenderText {#text} at (0,0) size 3x11
                  text run at (0,0) width 3: " "
            RenderTableCell {TD} at (94,297) size 8x11 [bgcolor=#FDFDFB] [r=27 c=12 rs=1 cs=1]
              RenderInline {FONT} at (0,0) size 3x11
                RenderText {#text} at (0,0) size 3x11
                  text run at (0,0) width 3: " "
            RenderTableCell {TD} at (101,297) size 9x11 [bgcolor=#EDEEEF] [r=27 c=13 rs=1 cs=1]
              RenderInline {FONT} at (0,0) size 3x11
                RenderText {#text} at (0,0) size 3x11
                  text run at (0,0) width 3: " "
            RenderTableCell {TD} at (109,297) size 9x11 [bgcolor=#EDEEEF] [r=27 c=14 rs=1 cs=1]
              RenderInline {FONT} at (0,0) size 3x11
                RenderText {#text} at (0,0) size 3x11
                  text run at (0,0) width 3: " "
            RenderTableCell {TD} at (117,297) size 9x11 [bgcolor=#EDEEEF] [r=27 c=15 rs=1 cs=1]
              RenderInline {FONT} at (0,0) size 3x11
                RenderText {#text} at (0,0) size 3x11
                  text run at (0,0) width 3: " "
            RenderTableCell {TD} at (125,297) size 9x11 [bgcolor=#EDEEEF] [r=27 c=16 rs=1 cs=1]
              RenderInline {FONT} at (0,0) size 3x11
                RenderText {#text} at (0,0) size 3x11
                  text run at (0,0) width 3: " "
            RenderTableCell {TD} at (133,297) size 9x11 [bgcolor=#EDEEEF] [r=27 c=17 rs=1 cs=1]
              RenderInline {FONT} at (0,0) size 3x11
                RenderText {#text} at (0,0) size 3x11
                  text run at (0,0) width 3: " "
            RenderTableCell {TD} at (141,297) size 9x11 [bgcolor=#EDEEEF] [r=27 c=18 rs=1 cs=1]
              RenderInline {FONT} at (0,0) size 3x11
                RenderText {#text} at (0,0) size 3x11
                  text run at (0,0) width 3: " "
            RenderTableCell {TD} at (149,297) size 8x11 [bgcolor=#EDEEEF] [r=27 c=19 rs=1 cs=1]
              RenderInline {FONT} at (0,0) size 3x11
                RenderText {#text} at (0,0) size 3x11
                  text run at (0,0) width 3: " "
            RenderTableCell {TD} at (156,297) size 9x11 [bgcolor=#EDEEEF] [r=27 c=20 rs=1 cs=1]
              RenderInline {FONT} at (0,0) size 3x11
                RenderText {#text} at (0,0) size 3x11
                  text run at (0,0) width 3: " "
            RenderTableCell {TD} at (164,297) size 9x11 [bgcolor=#EDEEEF] [r=27 c=21 rs=1 cs=1]
              RenderInline {FONT} at (0,0) size 3x11
                RenderText {#text} at (0,0) size 3x11
                  text run at (0,0) width 3: " "
            RenderTableCell {TD} at (172,297) size 9x11 [bgcolor=#EDEEEF] [r=27 c=22 rs=1 cs=1]
              RenderInline {FONT} at (0,0) size 3x11
                RenderText {#text} at (0,0) size 3x11
                  text run at (0,0) width 3: " "
            RenderTableCell {TD} at (180,297) size 9x11 [bgcolor=#FDFDFB] [r=27 c=23 rs=1 cs=1]
              RenderInline {FONT} at (0,0) size 3x11
                RenderText {#text} at (0,0) size 3x11
                  text run at (0,0) width 3: " "
            RenderTableCell {TD} at (188,297) size 9x11 [bgcolor=#FDFDFB] [r=27 c=24 rs=1 cs=1]
              RenderInline {FONT} at (0,0) size 3x11
                RenderText {#text} at (0,0) size 3x11
                  text run at (0,0) width 3: " "
            RenderTableCell {TD} at (196,297) size 8x11 [bgcolor=#FDFDFB] [r=27 c=25 rs=1 cs=1]
              RenderInline {FONT} at (0,0) size 3x11
                RenderText {#text} at (0,0) size 3x11
                  text run at (0,0) width 3: " "
            RenderTableCell {TD} at (203,297) size 9x11 [bgcolor=#FDFDFB] [r=27 c=26 rs=1 cs=1]
              RenderInline {FONT} at (0,0) size 3x11
                RenderText {#text} at (0,0) size 3x11
                  text run at (0,0) width 3: " "
            RenderTableCell {TD} at (211,297) size 9x11 [bgcolor=#FDFDFB] [r=27 c=27 rs=1 cs=1]
              RenderInline {FONT} at (0,0) size 3x11
                RenderText {#text} at (0,0) size 3x11
                  text run at (0,0) width 3: " "
            RenderTableCell {TD} at (219,297) size 9x11 [bgcolor=#FDFDFB] [r=27 c=28 rs=1 cs=1]
              RenderInline {FONT} at (0,0) size 3x11
                RenderText {#text} at (0,0) size 3x11
                  text run at (0,0) width 3: " "
            RenderTableCell {TD} at (227,297) size 9x11 [bgcolor=#FDFDFB] [r=27 c=29 rs=1 cs=1]
              RenderInline {FONT} at (0,0) size 3x11
                RenderText {#text} at (0,0) size 3x11
                  text run at (0,0) width 3: " "
            RenderTableCell {TD} at (235,297) size 9x11 [bgcolor=#FDFDFB] [r=27 c=30 rs=1 cs=1]
              RenderInline {FONT} at (0,0) size 3x11
                RenderText {#text} at (0,0) size 3x11
                  text run at (0,0) width 3: " "
            RenderTableCell {TD} at (243,297) size 8x11 [bgcolor=#FDFDFB] [r=27 c=31 rs=1 cs=1]
              RenderInline {FONT} at (0,0) size 3x11
                RenderText {#text} at (0,0) size 3x11
                  text run at (0,0) width 3: " "
            RenderTableCell {TD} at (251,297) size 8x11 [bgcolor=#FDFDFB] [r=27 c=32 rs=1 cs=1]
              RenderInline {FONT} at (0,0) size 3x11
                RenderText {#text} at (0,0) size 3x11
                  text run at (0,0) width 3: " "
            RenderTableCell {TD} at (258,297) size 9x11 [bgcolor=#FDFDFB] [r=27 c=33 rs=1 cs=1]
              RenderInline {FONT} at (0,0) size 3x11
                RenderText {#text} at (0,0) size 3x11
                  text run at (0,0) width 3: " "
            RenderTableCell {TD} at (266,297) size 9x11 [bgcolor=#FDFDFB] [r=27 c=34 rs=1 cs=1]
              RenderInline {FONT} at (0,0) size 3x11
                RenderText {#text} at (0,0) size 3x11
                  text run at (0,0) width 3: " "
            RenderTableCell {TD} at (274,297) size 9x11 [bgcolor=#FDFDFB] [r=27 c=35 rs=1 cs=1]
              RenderInline {FONT} at (0,0) size 3x11
                RenderText {#text} at (0,0) size 3x11
                  text run at (0,0) width 3: " "
            RenderTableCell {TD} at (282,297) size 9x11 [bgcolor=#FDFDFB] [r=27 c=36 rs=1 cs=1]
              RenderInline {FONT} at (0,0) size 3x11
                RenderText {#text} at (0,0) size 3x11
                  text run at (0,0) width 3: " "
            RenderTableCell {TD} at (290,297) size 9x11 [bgcolor=#FDFDFB] [r=27 c=37 rs=1 cs=1]
              RenderInline {FONT} at (0,0) size 3x11
                RenderText {#text} at (0,0) size 3x11
                  text run at (0,0) width 3: " "
            RenderTableCell {TD} at (298,297) size 8x11 [bgcolor=#FDFDFB] [r=27 c=38 rs=1 cs=1]
              RenderInline {FONT} at (0,0) size 3x11
                RenderText {#text} at (0,0) size 3x11
                  text run at (0,0) width 3: " "
            RenderTableCell {TD} at (305,297) size 9x11 [bgcolor=#FDFDFB] [r=27 c=39 rs=1 cs=1]
              RenderInline {FONT} at (0,0) size 3x11
                RenderText {#text} at (0,0) size 3x11
                  text run at (0,0) width 3: " "
            RenderTableCell {TD} at (313,297) size 9x11 [bgcolor=#FDFDFB] [r=27 c=40 rs=1 cs=1]
              RenderInline {FONT} at (0,0) size 3x11
                RenderText {#text} at (0,0) size 3x11
                  text run at (0,0) width 3: " "
            RenderTableCell {TD} at (321,297) size 9x11 [bgcolor=#FDFDFB] [r=27 c=41 rs=1 cs=1]
              RenderInline {FONT} at (0,0) size 3x11
                RenderText {#text} at (0,0) size 3x11
                  text run at (0,0) width 3: " "
            RenderTableCell {TD} at (329,297) size 9x11 [bgcolor=#FDFDFB] [r=27 c=42 rs=1 cs=1]
              RenderInline {FONT} at (0,0) size 3x11
                RenderText {#text} at (0,0) size 3x11
                  text run at (0,0) width 3: " "
            RenderTableCell {TD} at (337,297) size 9x11 [bgcolor=#FDFDFB] [r=27 c=43 rs=1 cs=1]
              RenderInline {FONT} at (0,0) size 3x11
                RenderText {#text} at (0,0) size 3x11
                  text run at (0,0) width 3: " "
            RenderTableCell {TD} at (345,297) size 8x11 [bgcolor=#FDFDFB] [r=27 c=44 rs=1 cs=1]
              RenderInline {FONT} at (0,0) size 3x11
                RenderText {#text} at (0,0) size 3x11
                  text run at (0,0) width 3: " "
            RenderTableCell {TD} at (352,297) size 9x11 [bgcolor=#FDFDFB] [r=27 c=45 rs=1 cs=1]
              RenderInline {FONT} at (0,0) size 3x11
                RenderText {#text} at (0,0) size 3x11
                  text run at (0,0) width 3: " "
            RenderTableCell {TD} at (360,297) size 9x11 [bgcolor=#FDFDFB] [r=27 c=46 rs=1 cs=1]
              RenderInline {FONT} at (0,0) size 3x11
                RenderText {#text} at (0,0) size 3x11
                  text run at (0,0) width 3: " "
            RenderTableCell {TD} at (368,297) size 9x11 [bgcolor=#FDFDFB] [r=27 c=47 rs=1 cs=1]
              RenderInline {FONT} at (0,0) size 3x11
                RenderText {#text} at (0,0) size 3x11
                  text run at (0,0) width 3: " "
            RenderTableCell {TD} at (376,297) size 9x11 [bgcolor=#FDFDFB] [r=27 c=48 rs=1 cs=1]
              RenderInline {FONT} at (0,0) size 3x11
                RenderText {#text} at (0,0) size 3x11
                  text run at (0,0) width 3: " "
            RenderTableCell {TD} at (384,297) size 9x11 [bgcolor=#FDFDFB] [r=27 c=49 rs=1 cs=1]
              RenderInline {FONT} at (0,0) size 3x11
                RenderText {#text} at (0,0) size 3x11
                  text run at (0,0) width 3: " "
            RenderTableCell {TD} at (392,297) size 9x11 [bgcolor=#FDFDFB] [r=27 c=50 rs=1 cs=1]
              RenderInline {FONT} at (0,0) size 3x11
                RenderText {#text} at (0,0) size 3x11
                  text run at (0,0) width 3: " "
            RenderTableCell {TD} at (400,297) size 8x11 [bgcolor=#FDFDFB] [r=27 c=51 rs=1 cs=1]
              RenderInline {FONT} at (0,0) size 3x11
                RenderText {#text} at (0,0) size 3x11
                  text run at (0,0) width 3: " "
            RenderTableCell {TD} at (407,297) size 9x11 [bgcolor=#FDFDFB] [r=27 c=52 rs=1 cs=1]
              RenderInline {FONT} at (0,0) size 3x11
                RenderText {#text} at (0,0) size 3x11
                  text run at (0,0) width 3: " "
            RenderTableCell {TD} at (415,297) size 9x11 [bgcolor=#FDFDFB] [r=27 c=53 rs=1 cs=1]
              RenderInline {FONT} at (0,0) size 3x11
                RenderText {#text} at (0,0) size 3x11
                  text run at (0,0) width 3: " "
            RenderTableCell {TD} at (423,297) size 9x11 [bgcolor=#FDFDFB] [r=27 c=54 rs=1 cs=1]
              RenderInline {FONT} at (0,0) size 3x11
                RenderText {#text} at (0,0) size 3x11
                  text run at (0,0) width 3: " "
            RenderTableCell {TD} at (431,297) size 9x11 [bgcolor=#FDFDFB] [r=27 c=55 rs=1 cs=1]
              RenderInline {FONT} at (0,0) size 3x11
                RenderText {#text} at (0,0) size 3x11
                  text run at (0,0) width 3: " "
            RenderTableCell {TD} at (439,297) size 9x11 [bgcolor=#FDFDFB] [r=27 c=56 rs=1 cs=1]
              RenderInline {FONT} at (0,0) size 3x11
                RenderText {#text} at (0,0) size 3x11
                  text run at (0,0) width 3: " "
            RenderTableCell {TD} at (447,297) size 8x11 [bgcolor=#FDFDFB] [r=27 c=57 rs=1 cs=1]
              RenderInline {FONT} at (0,0) size 3x11
                RenderText {#text} at (0,0) size 3x11
                  text run at (0,0) width 3: " "
            RenderTableCell {TD} at (454,297) size 9x11 [bgcolor=#FDFDFB] [r=27 c=58 rs=1 cs=1]
              RenderInline {FONT} at (0,0) size 3x11
                RenderText {#text} at (0,0) size 3x11
                  text run at (0,0) width 3: " "
            RenderTableCell {TD} at (462,297) size 9x11 [bgcolor=#FDFDFB] [r=27 c=59 rs=1 cs=1]
              RenderInline {FONT} at (0,0) size 3x11
                RenderText {#text} at (0,0) size 3x11
                  text run at (0,0) width 3: " "
            RenderTableCell {TD} at (470,297) size 9x11 [bgcolor=#FDFDFB] [r=27 c=60 rs=1 cs=1]
              RenderInline {FONT} at (0,0) size 3x11
                RenderText {#text} at (0,0) size 3x11
                  text run at (0,0) width 3: " "
            RenderTableCell {TD} at (478,297) size 9x11 [bgcolor=#FDFDFB] [r=27 c=61 rs=1 cs=1]
              RenderInline {FONT} at (0,0) size 3x11
                RenderText {#text} at (0,0) size 3x11
                  text run at (0,0) width 3: " "
            RenderTableCell {TD} at (486,297) size 9x11 [bgcolor=#FDFDFB] [r=27 c=62 rs=1 cs=1]
              RenderInline {FONT} at (0,0) size 3x11
                RenderText {#text} at (0,0) size 3x11
                  text run at (0,0) width 3: " "
            RenderTableCell {TD} at (494,297) size 8x11 [bgcolor=#FDFDFB] [r=27 c=63 rs=1 cs=1]
              RenderInline {FONT} at (0,0) size 3x11
                RenderText {#text} at (0,0) size 3x11
                  text run at (0,0) width 3: " "
            RenderTableCell {TD} at (502,297) size 8x11 [bgcolor=#FDFDFB] [r=27 c=64 rs=1 cs=1]
              RenderInline {FONT} at (0,0) size 3x11
                RenderText {#text} at (0,0) size 3x11
                  text run at (0,0) width 3: " "
            RenderTableCell {TD} at (509,297) size 9x11 [bgcolor=#B6D8D7] [r=27 c=65 rs=1 cs=1]
              RenderInline {FONT} at (0,0) size 3x11
                RenderText {#text} at (0,0) size 3x11
                  text run at (0,0) width 3: " "
            RenderTableCell {TD} at (517,297) size 9x11 [bgcolor=#5CADAE] [r=27 c=66 rs=1 cs=1]
              RenderInline {FONT} at (0,0) size 3x11
                RenderText {#text} at (0,0) size 3x11
                  text run at (0,0) width 3: " "
            RenderTableCell {TD} at (525,297) size 9x11 [bgcolor=#7DBAB9] [r=27 c=67 rs=1 cs=1]
              RenderInline {FONT} at (0,0) size 3x11
                RenderText {#text} at (0,0) size 3x11
                  text run at (0,0) width 3: " "
            RenderTableCell {TD} at (533,297) size 9x11 [bgcolor=#97C1C0] [r=27 c=68 rs=1 cs=1]
              RenderInline {FONT} at (0,0) size 3x11
                RenderText {#text} at (0,0) size 3x11
                  text run at (0,0) width 3: " "
            RenderTableCell {TD} at (541,297) size 9x11 [bgcolor=#A4CCCC] [r=27 c=69 rs=1 cs=1]
              RenderInline {FONT} at (0,0) size 3x11
                RenderText {#text} at (0,0) size 3x11
                  text run at (0,0) width 3: " "
            RenderTableCell {TD} at (549,297) size 8x11 [bgcolor=#B6D0D1] [r=27 c=70 rs=1 cs=1]
              RenderInline {FONT} at (0,0) size 3x11
                RenderText {#text} at (0,0) size 3x11
                  text run at (0,0) width 3: " "
            RenderTableCell {TD} at (556,297) size 9x11 [bgcolor=#B6D0D1] [r=27 c=71 rs=1 cs=1]
              RenderInline {FONT} at (0,0) size 3x11
                RenderText {#text} at (0,0) size 3x11
                  text run at (0,0) width 3: " "
            RenderTableCell {TD} at (564,297) size 9x11 [bgcolor=#B6D0D1] [r=27 c=72 rs=1 cs=1]
              RenderInline {FONT} at (0,0) size 3x11
                RenderText {#text} at (0,0) size 3x11
                  text run at (0,0) width 3: " "
            RenderTableCell {TD} at (572,297) size 9x11 [bgcolor=#B6D0D1] [r=27 c=73 rs=1 cs=1]
              RenderInline {FONT} at (0,0) size 3x11
                RenderText {#text} at (0,0) size 3x11
                  text run at (0,0) width 3: " "
            RenderTableCell {TD} at (580,297) size 9x11 [bgcolor=#BEC2C2] [r=27 c=74 rs=1 cs=1]
              RenderInline {FONT} at (0,0) size 3x11
                RenderText {#text} at (0,0) size 3x11
                  text run at (0,0) width 3: " "
            RenderTableCell {TD} at (588,297) size 9x11 [bgcolor=#A2B5B4] [r=27 c=75 rs=1 cs=1]
              RenderInline {FONT} at (0,0) size 3x11
                RenderText {#text} at (0,0) size 3x11
                  text run at (0,0) width 3: " "
            RenderTableCell {TD} at (596,297) size 8x11 [bgcolor=#60A2A3] [r=27 c=76 rs=1 cs=1]
              RenderInline {FONT} at (0,0) size 3x11
                RenderText {#text} at (0,0) size 3x11
                  text run at (0,0) width 3: " "
            RenderTableCell {TD} at (603,297) size 9x11 [bgcolor=#1B8685] [r=27 c=77 rs=1 cs=1]
              RenderInline {FONT} at (0,0) size 3x11
                RenderText {#text} at (0,0) size 3x11
                  text run at (0,0) width 3: " "
            RenderTableCell {TD} at (611,297) size 9x11 [bgcolor=#027777] [r=27 c=78 rs=1 cs=1]
              RenderInline {FONT} at (0,0) size 3x11
                RenderText {#text} at (0,0) size 3x11
                  text run at (0,0) width 3: " "
            RenderTableCell {TD} at (619,297) size 9x11 [bgcolor=#026766] [r=27 c=79 rs=1 cs=1]
              RenderInline {FONT} at (0,0) size 3x11
                RenderText {#text} at (0,0) size 3x11
                  text run at (0,0) width 3: " "
            RenderTableCell {TD} at (627,297) size 9x11 [bgcolor=#026766] [r=27 c=80 rs=1 cs=1]
              RenderInline {FONT} at (0,0) size 3x11
                RenderText {#text} at (0,0) size 3x11
                  text run at (0,0) width 3: " "
            RenderTableCell {TD} at (635,297) size 9x11 [bgcolor=#026766] [r=27 c=81 rs=1 cs=1]
              RenderInline {FONT} at (0,0) size 3x11
                RenderText {#text} at (0,0) size 3x11
                  text run at (0,0) width 3: " "
            RenderTableCell {TD} at (643,297) size 9x11 [bgcolor=#026766] [r=27 c=82 rs=1 cs=1]
              RenderInline {FONT} at (0,0) size 3x11
                RenderText {#text} at (0,0) size 3x11
                  text run at (0,0) width 3: " "
            RenderTableCell {TD} at (651,297) size 8x11 [bgcolor=#026766] [r=27 c=83 rs=1 cs=1]
              RenderInline {FONT} at (0,0) size 3x11
                RenderText {#text} at (0,0) size 3x11
                  text run at (0,0) width 3: " "
            RenderTableCell {TD} at (658,297) size 9x11 [bgcolor=#026766] [r=27 c=84 rs=1 cs=1]
              RenderInline {FONT} at (0,0) size 3x11
                RenderText {#text} at (0,0) size 3x11
                  text run at (0,0) width 3: " "
            RenderTableCell {TD} at (666,297) size 9x11 [bgcolor=#026766] [r=27 c=85 rs=1 cs=1]
              RenderInline {FONT} at (0,0) size 3x11
                RenderText {#text} at (0,0) size 3x11
                  text run at (0,0) width 3: " "
            RenderTableCell {TD} at (674,297) size 9x11 [bgcolor=#025E5E] [r=27 c=86 rs=1 cs=1]
              RenderInline {FONT} at (0,0) size 3x11
                RenderText {#text} at (0,0) size 3x11
                  text run at (0,0) width 3: " "
            RenderTableCell {TD} at (682,297) size 9x11 [bgcolor=#025E5E] [r=27 c=87 rs=1 cs=1]
              RenderInline {FONT} at (0,0) size 3x11
                RenderText {#text} at (0,0) size 3x11
                  text run at (0,0) width 3: " "
            RenderTableCell {TD} at (690,297) size 9x11 [bgcolor=#025E5E] [r=27 c=88 rs=1 cs=1]
              RenderInline {FONT} at (0,0) size 3x11
                RenderText {#text} at (0,0) size 3x11
                  text run at (0,0) width 3: " "
            RenderTableCell {TD} at (698,297) size 8x11 [bgcolor=#025E5E] [r=27 c=89 rs=1 cs=1]
              RenderInline {FONT} at (0,0) size 3x11
                RenderText {#text} at (0,0) size 3x11
                  text run at (0,0) width 3: " "
            RenderTableCell {TD} at (705,297) size 9x11 [bgcolor=#044F4F] [r=27 c=90 rs=1 cs=1]
              RenderInline {FONT} at (0,0) size 3x11
                RenderText {#text} at (0,0) size 3x11
                  text run at (0,0) width 3: " "
            RenderTableCell {TD} at (713,297) size 9x11 [bgcolor=#044140] [r=27 c=91 rs=1 cs=1]
              RenderInline {FONT} at (0,0) size 3x11
                RenderText {#text} at (0,0) size 3x11
                  text run at (0,0) width 3: " "
            RenderTableCell {TD} at (721,297) size 9x11 [bgcolor=#072323] [r=27 c=92 rs=1 cs=1]
              RenderInline {FONT} at (0,0) size 3x11
                RenderText {#text} at (0,0) size 3x11
                  text run at (0,0) width 3: " "
            RenderTableCell {TD} at (729,297) size 9x11 [bgcolor=#4D4F4F] [r=27 c=93 rs=1 cs=1]
              RenderInline {FONT} at (0,0) size 3x11
                RenderText {#text} at (0,0) size 3x11
                  text run at (0,0) width 3: " "
            RenderTableCell {TD} at (737,297) size 9x11 [bgcolor=#848788] [r=27 c=94 rs=1 cs=1]
              RenderInline {FONT} at (0,0) size 3x11
                RenderText {#text} at (0,0) size 3x11
                  text run at (0,0) width 3: " "
            RenderTableCell {TD} at (745,297) size 8x11 [bgcolor=#BEC2C2] [r=27 c=95 rs=1 cs=1]
              RenderInline {FONT} at (0,0) size 3x11
                RenderText {#text} at (0,0) size 3x11
                  text run at (0,0) width 3: " "
            RenderTableCell {TD} at (753,297) size 8x11 [bgcolor=#EDEEEF] [r=27 c=96 rs=1 cs=1]
              RenderInline {FONT} at (0,0) size 3x11
                RenderText {#text} at (0,0) size 3x11
                  text run at (0,0) width 3: " "
            RenderTableCell {TD} at (760,297) size 9x11 [bgcolor=#FDFDFB] [r=27 c=97 rs=1 cs=1]
              RenderInline {FONT} at (0,0) size 3x11
                RenderText {#text} at (0,0) size 3x11
                  text run at (0,0) width 3: " "
            RenderTableCell {TD} at (768,297) size 9x11 [bgcolor=#FDFDFB] [r=27 c=98 rs=1 cs=1]
              RenderInline {FONT} at (0,0) size 3x11
                RenderText {#text} at (0,0) size 3x11
                  text run at (0,0) width 3: " "
            RenderTableCell {TD} at (776,297) size 9x11 [bgcolor=#FDFDFB] [r=27 c=99 rs=1 cs=1]
              RenderInline {FONT} at (0,0) size 3x11
                RenderText {#text} at (0,0) size 3x11
                  text run at (0,0) width 3: " "
          RenderTableRow {TR} at (0,308) size 784x11
            RenderTableCell {TD} at (0,308) size 8x11 [bgcolor=#FDFDFB] [r=28 c=0 rs=1 cs=1]
              RenderInline {FONT} at (0,0) size 3x11
                RenderText {#text} at (0,0) size 3x11
                  text run at (0,0) width 3: " "
            RenderTableCell {TD} at (7,308) size 9x11 [bgcolor=#FDFDFB] [r=28 c=1 rs=1 cs=1]
              RenderInline {FONT} at (0,0) size 3x11
                RenderText {#text} at (0,0) size 3x11
                  text run at (0,0) width 3: " "
            RenderTableCell {TD} at (15,308) size 9x11 [bgcolor=#FDFDFB] [r=28 c=2 rs=1 cs=1]
              RenderInline {FONT} at (0,0) size 3x11
                RenderText {#text} at (0,0) size 3x11
                  text run at (0,0) width 3: " "
            RenderTableCell {TD} at (23,308) size 9x11 [bgcolor=#FDFDFB] [r=28 c=3 rs=1 cs=1]
              RenderInline {FONT} at (0,0) size 3x11
                RenderText {#text} at (0,0) size 3x11
                  text run at (0,0) width 3: " "
            RenderTableCell {TD} at (31,308) size 9x11 [bgcolor=#FDFDFB] [r=28 c=4 rs=1 cs=1]
              RenderInline {FONT} at (0,0) size 3x11
                RenderText {#text} at (0,0) size 3x11
                  text run at (0,0) width 3: " "
            RenderTableCell {TD} at (39,308) size 9x11 [bgcolor=#FDFDFB] [r=28 c=5 rs=1 cs=1]
              RenderInline {FONT} at (0,0) size 3x11
                RenderText {#text} at (0,0) size 3x11
                  text run at (0,0) width 3: " "
            RenderTableCell {TD} at (47,308) size 8x11 [bgcolor=#FDFDFB] [r=28 c=6 rs=1 cs=1]
              RenderInline {FONT} at (0,0) size 3x11
                RenderText {#text} at (0,0) size 3x11
                  text run at (0,0) width 3: " "
            RenderTableCell {TD} at (54,308) size 9x11 [bgcolor=#FDFDFB] [r=28 c=7 rs=1 cs=1]
              RenderInline {FONT} at (0,0) size 3x11
                RenderText {#text} at (0,0) size 3x11
                  text run at (0,0) width 3: " "
            RenderTableCell {TD} at (62,308) size 9x11 [bgcolor=#FDFDFB] [r=28 c=8 rs=1 cs=1]
              RenderInline {FONT} at (0,0) size 3x11
                RenderText {#text} at (0,0) size 3x11
                  text run at (0,0) width 3: " "
            RenderTableCell {TD} at (70,308) size 9x11 [bgcolor=#FDFDFB] [r=28 c=9 rs=1 cs=1]
              RenderInline {FONT} at (0,0) size 3x11
                RenderText {#text} at (0,0) size 3x11
                  text run at (0,0) width 3: " "
            RenderTableCell {TD} at (78,308) size 9x11 [bgcolor=#FDFDFB] [r=28 c=10 rs=1 cs=1]
              RenderInline {FONT} at (0,0) size 3x11
                RenderText {#text} at (0,0) size 3x11
                  text run at (0,0) width 3: " "
            RenderTableCell {TD} at (86,308) size 9x11 [bgcolor=#FDFDFB] [r=28 c=11 rs=1 cs=1]
              RenderInline {FONT} at (0,0) size 3x11
                RenderText {#text} at (0,0) size 3x11
                  text run at (0,0) width 3: " "
            RenderTableCell {TD} at (94,308) size 8x11 [bgcolor=#FDFDFB] [r=28 c=12 rs=1 cs=1]
              RenderInline {FONT} at (0,0) size 3x11
                RenderText {#text} at (0,0) size 3x11
                  text run at (0,0) width 3: " "
            RenderTableCell {TD} at (101,308) size 9x11 [bgcolor=#FDFDFB] [r=28 c=13 rs=1 cs=1]
              RenderInline {FONT} at (0,0) size 3x11
                RenderText {#text} at (0,0) size 3x11
                  text run at (0,0) width 3: " "
            RenderTableCell {TD} at (109,308) size 9x11 [bgcolor=#FDFDFB] [r=28 c=14 rs=1 cs=1]
              RenderInline {FONT} at (0,0) size 3x11
                RenderText {#text} at (0,0) size 3x11
                  text run at (0,0) width 3: " "
            RenderTableCell {TD} at (117,308) size 9x11 [bgcolor=#FDFDFB] [r=28 c=15 rs=1 cs=1]
              RenderInline {FONT} at (0,0) size 3x11
                RenderText {#text} at (0,0) size 3x11
                  text run at (0,0) width 3: " "
            RenderTableCell {TD} at (125,308) size 9x11 [bgcolor=#FDFDFB] [r=28 c=16 rs=1 cs=1]
              RenderInline {FONT} at (0,0) size 3x11
                RenderText {#text} at (0,0) size 3x11
                  text run at (0,0) width 3: " "
            RenderTableCell {TD} at (133,308) size 9x11 [bgcolor=#FDFDFB] [r=28 c=17 rs=1 cs=1]
              RenderInline {FONT} at (0,0) size 3x11
                RenderText {#text} at (0,0) size 3x11
                  text run at (0,0) width 3: " "
            RenderTableCell {TD} at (141,308) size 9x11 [bgcolor=#FDFDFB] [r=28 c=18 rs=1 cs=1]
              RenderInline {FONT} at (0,0) size 3x11
                RenderText {#text} at (0,0) size 3x11
                  text run at (0,0) width 3: " "
            RenderTableCell {TD} at (149,308) size 8x11 [bgcolor=#FDFDFB] [r=28 c=19 rs=1 cs=1]
              RenderInline {FONT} at (0,0) size 3x11
                RenderText {#text} at (0,0) size 3x11
                  text run at (0,0) width 3: " "
            RenderTableCell {TD} at (156,308) size 9x11 [bgcolor=#FDFDFB] [r=28 c=20 rs=1 cs=1]
              RenderInline {FONT} at (0,0) size 3x11
                RenderText {#text} at (0,0) size 3x11
                  text run at (0,0) width 3: " "
            RenderTableCell {TD} at (164,308) size 9x11 [bgcolor=#FDFDFB] [r=28 c=21 rs=1 cs=1]
              RenderInline {FONT} at (0,0) size 3x11
                RenderText {#text} at (0,0) size 3x11
                  text run at (0,0) width 3: " "
            RenderTableCell {TD} at (172,308) size 9x11 [bgcolor=#FDFDFB] [r=28 c=22 rs=1 cs=1]
              RenderInline {FONT} at (0,0) size 3x11
                RenderText {#text} at (0,0) size 3x11
                  text run at (0,0) width 3: " "
            RenderTableCell {TD} at (180,308) size 9x11 [bgcolor=#FDFDFB] [r=28 c=23 rs=1 cs=1]
              RenderInline {FONT} at (0,0) size 3x11
                RenderText {#text} at (0,0) size 3x11
                  text run at (0,0) width 3: " "
            RenderTableCell {TD} at (188,308) size 9x11 [bgcolor=#FDFDFB] [r=28 c=24 rs=1 cs=1]
              RenderInline {FONT} at (0,0) size 3x11
                RenderText {#text} at (0,0) size 3x11
                  text run at (0,0) width 3: " "
            RenderTableCell {TD} at (196,308) size 8x11 [bgcolor=#FDFDFB] [r=28 c=25 rs=1 cs=1]
              RenderInline {FONT} at (0,0) size 3x11
                RenderText {#text} at (0,0) size 3x11
                  text run at (0,0) width 3: " "
            RenderTableCell {TD} at (203,308) size 9x11 [bgcolor=#FDFDFB] [r=28 c=26 rs=1 cs=1]
              RenderInline {FONT} at (0,0) size 3x11
                RenderText {#text} at (0,0) size 3x11
                  text run at (0,0) width 3: " "
            RenderTableCell {TD} at (211,308) size 9x11 [bgcolor=#FDFDFB] [r=28 c=27 rs=1 cs=1]
              RenderInline {FONT} at (0,0) size 3x11
                RenderText {#text} at (0,0) size 3x11
                  text run at (0,0) width 3: " "
            RenderTableCell {TD} at (219,308) size 9x11 [bgcolor=#FDFDFB] [r=28 c=28 rs=1 cs=1]
              RenderInline {FONT} at (0,0) size 3x11
                RenderText {#text} at (0,0) size 3x11
                  text run at (0,0) width 3: " "
            RenderTableCell {TD} at (227,308) size 9x11 [bgcolor=#FDFDFB] [r=28 c=29 rs=1 cs=1]
              RenderInline {FONT} at (0,0) size 3x11
                RenderText {#text} at (0,0) size 3x11
                  text run at (0,0) width 3: " "
            RenderTableCell {TD} at (235,308) size 9x11 [bgcolor=#FDFDFB] [r=28 c=30 rs=1 cs=1]
              RenderInline {FONT} at (0,0) size 3x11
                RenderText {#text} at (0,0) size 3x11
                  text run at (0,0) width 3: " "
            RenderTableCell {TD} at (243,308) size 8x11 [bgcolor=#FDFDFB] [r=28 c=31 rs=1 cs=1]
              RenderInline {FONT} at (0,0) size 3x11
                RenderText {#text} at (0,0) size 3x11
                  text run at (0,0) width 3: " "
            RenderTableCell {TD} at (251,308) size 8x11 [bgcolor=#FDFDFB] [r=28 c=32 rs=1 cs=1]
              RenderInline {FONT} at (0,0) size 3x11
                RenderText {#text} at (0,0) size 3x11
                  text run at (0,0) width 3: " "
            RenderTableCell {TD} at (258,308) size 9x11 [bgcolor=#FDFDFB] [r=28 c=33 rs=1 cs=1]
              RenderInline {FONT} at (0,0) size 3x11
                RenderText {#text} at (0,0) size 3x11
                  text run at (0,0) width 3: " "
            RenderTableCell {TD} at (266,308) size 9x11 [bgcolor=#FDFDFB] [r=28 c=34 rs=1 cs=1]
              RenderInline {FONT} at (0,0) size 3x11
                RenderText {#text} at (0,0) size 3x11
                  text run at (0,0) width 3: " "
            RenderTableCell {TD} at (274,308) size 9x11 [bgcolor=#FDFDFB] [r=28 c=35 rs=1 cs=1]
              RenderInline {FONT} at (0,0) size 3x11
                RenderText {#text} at (0,0) size 3x11
                  text run at (0,0) width 3: " "
            RenderTableCell {TD} at (282,308) size 9x11 [bgcolor=#FDFDFB] [r=28 c=36 rs=1 cs=1]
              RenderInline {FONT} at (0,0) size 3x11
                RenderText {#text} at (0,0) size 3x11
                  text run at (0,0) width 3: " "
            RenderTableCell {TD} at (290,308) size 9x11 [bgcolor=#FDFDFB] [r=28 c=37 rs=1 cs=1]
              RenderInline {FONT} at (0,0) size 3x11
                RenderText {#text} at (0,0) size 3x11
                  text run at (0,0) width 3: " "
            RenderTableCell {TD} at (298,308) size 8x11 [bgcolor=#FDFDFB] [r=28 c=38 rs=1 cs=1]
              RenderInline {FONT} at (0,0) size 3x11
                RenderText {#text} at (0,0) size 3x11
                  text run at (0,0) width 3: " "
            RenderTableCell {TD} at (305,308) size 9x11 [bgcolor=#FDFDFB] [r=28 c=39 rs=1 cs=1]
              RenderInline {FONT} at (0,0) size 3x11
                RenderText {#text} at (0,0) size 3x11
                  text run at (0,0) width 3: " "
            RenderTableCell {TD} at (313,308) size 9x11 [bgcolor=#FDFDFB] [r=28 c=40 rs=1 cs=1]
              RenderInline {FONT} at (0,0) size 3x11
                RenderText {#text} at (0,0) size 3x11
                  text run at (0,0) width 3: " "
            RenderTableCell {TD} at (321,308) size 9x11 [bgcolor=#FDFDFB] [r=28 c=41 rs=1 cs=1]
              RenderInline {FONT} at (0,0) size 3x11
                RenderText {#text} at (0,0) size 3x11
                  text run at (0,0) width 3: " "
            RenderTableCell {TD} at (329,308) size 9x11 [bgcolor=#FDFDFB] [r=28 c=42 rs=1 cs=1]
              RenderInline {FONT} at (0,0) size 3x11
                RenderText {#text} at (0,0) size 3x11
                  text run at (0,0) width 3: " "
            RenderTableCell {TD} at (337,308) size 9x11 [bgcolor=#FDFDFB] [r=28 c=43 rs=1 cs=1]
              RenderInline {FONT} at (0,0) size 3x11
                RenderText {#text} at (0,0) size 3x11
                  text run at (0,0) width 3: " "
            RenderTableCell {TD} at (345,308) size 8x11 [bgcolor=#FDFDFB] [r=28 c=44 rs=1 cs=1]
              RenderInline {FONT} at (0,0) size 3x11
                RenderText {#text} at (0,0) size 3x11
                  text run at (0,0) width 3: " "
            RenderTableCell {TD} at (352,308) size 9x11 [bgcolor=#FDFDFB] [r=28 c=45 rs=1 cs=1]
              RenderInline {FONT} at (0,0) size 3x11
                RenderText {#text} at (0,0) size 3x11
                  text run at (0,0) width 3: " "
            RenderTableCell {TD} at (360,308) size 9x11 [bgcolor=#FDFDFB] [r=28 c=46 rs=1 cs=1]
              RenderInline {FONT} at (0,0) size 3x11
                RenderText {#text} at (0,0) size 3x11
                  text run at (0,0) width 3: " "
            RenderTableCell {TD} at (368,308) size 9x11 [bgcolor=#FDFDFB] [r=28 c=47 rs=1 cs=1]
              RenderInline {FONT} at (0,0) size 3x11
                RenderText {#text} at (0,0) size 3x11
                  text run at (0,0) width 3: " "
            RenderTableCell {TD} at (376,308) size 9x11 [bgcolor=#FDFDFB] [r=28 c=48 rs=1 cs=1]
              RenderInline {FONT} at (0,0) size 3x11
                RenderText {#text} at (0,0) size 3x11
                  text run at (0,0) width 3: " "
            RenderTableCell {TD} at (384,308) size 9x11 [bgcolor=#FDFDFB] [r=28 c=49 rs=1 cs=1]
              RenderInline {FONT} at (0,0) size 3x11
                RenderText {#text} at (0,0) size 3x11
                  text run at (0,0) width 3: " "
            RenderTableCell {TD} at (392,308) size 9x11 [bgcolor=#FDFDFB] [r=28 c=50 rs=1 cs=1]
              RenderInline {FONT} at (0,0) size 3x11
                RenderText {#text} at (0,0) size 3x11
                  text run at (0,0) width 3: " "
            RenderTableCell {TD} at (400,308) size 8x11 [bgcolor=#FDFDFB] [r=28 c=51 rs=1 cs=1]
              RenderInline {FONT} at (0,0) size 3x11
                RenderText {#text} at (0,0) size 3x11
                  text run at (0,0) width 3: " "
            RenderTableCell {TD} at (407,308) size 9x11 [bgcolor=#FDFDFB] [r=28 c=52 rs=1 cs=1]
              RenderInline {FONT} at (0,0) size 3x11
                RenderText {#text} at (0,0) size 3x11
                  text run at (0,0) width 3: " "
            RenderTableCell {TD} at (415,308) size 9x11 [bgcolor=#FDFDFB] [r=28 c=53 rs=1 cs=1]
              RenderInline {FONT} at (0,0) size 3x11
                RenderText {#text} at (0,0) size 3x11
                  text run at (0,0) width 3: " "
            RenderTableCell {TD} at (423,308) size 9x11 [bgcolor=#FDFDFB] [r=28 c=54 rs=1 cs=1]
              RenderInline {FONT} at (0,0) size 3x11
                RenderText {#text} at (0,0) size 3x11
                  text run at (0,0) width 3: " "
            RenderTableCell {TD} at (431,308) size 9x11 [bgcolor=#FDFDFB] [r=28 c=55 rs=1 cs=1]
              RenderInline {FONT} at (0,0) size 3x11
                RenderText {#text} at (0,0) size 3x11
                  text run at (0,0) width 3: " "
            RenderTableCell {TD} at (439,308) size 9x11 [bgcolor=#FDFDFB] [r=28 c=56 rs=1 cs=1]
              RenderInline {FONT} at (0,0) size 3x11
                RenderText {#text} at (0,0) size 3x11
                  text run at (0,0) width 3: " "
            RenderTableCell {TD} at (447,308) size 8x11 [bgcolor=#FDFDFB] [r=28 c=57 rs=1 cs=1]
              RenderInline {FONT} at (0,0) size 3x11
                RenderText {#text} at (0,0) size 3x11
                  text run at (0,0) width 3: " "
            RenderTableCell {TD} at (454,308) size 9x11 [bgcolor=#FDFDFB] [r=28 c=58 rs=1 cs=1]
              RenderInline {FONT} at (0,0) size 3x11
                RenderText {#text} at (0,0) size 3x11
                  text run at (0,0) width 3: " "
            RenderTableCell {TD} at (462,308) size 9x11 [bgcolor=#FDFDFB] [r=28 c=59 rs=1 cs=1]
              RenderInline {FONT} at (0,0) size 3x11
                RenderText {#text} at (0,0) size 3x11
                  text run at (0,0) width 3: " "
            RenderTableCell {TD} at (470,308) size 9x11 [bgcolor=#FDFDFB] [r=28 c=60 rs=1 cs=1]
              RenderInline {FONT} at (0,0) size 3x11
                RenderText {#text} at (0,0) size 3x11
                  text run at (0,0) width 3: " "
            RenderTableCell {TD} at (478,308) size 9x11 [bgcolor=#FDFDFB] [r=28 c=61 rs=1 cs=1]
              RenderInline {FONT} at (0,0) size 3x11
                RenderText {#text} at (0,0) size 3x11
                  text run at (0,0) width 3: " "
            RenderTableCell {TD} at (486,308) size 9x11 [bgcolor=#FDFDFB] [r=28 c=62 rs=1 cs=1]
              RenderInline {FONT} at (0,0) size 3x11
                RenderText {#text} at (0,0) size 3x11
                  text run at (0,0) width 3: " "
            RenderTableCell {TD} at (494,308) size 8x11 [bgcolor=#FDFDFB] [r=28 c=63 rs=1 cs=1]
              RenderInline {FONT} at (0,0) size 3x11
                RenderText {#text} at (0,0) size 3x11
                  text run at (0,0) width 3: " "
            RenderTableCell {TD} at (502,308) size 8x11 [bgcolor=#FDFDFB] [r=28 c=64 rs=1 cs=1]
              RenderInline {FONT} at (0,0) size 3x11
                RenderText {#text} at (0,0) size 3x11
                  text run at (0,0) width 3: " "
            RenderTableCell {TD} at (509,308) size 9x11 [bgcolor=#97C1C0] [r=28 c=65 rs=1 cs=1]
              RenderInline {FONT} at (0,0) size 3x11
                RenderText {#text} at (0,0) size 3x11
                  text run at (0,0) width 3: " "
            RenderTableCell {TD} at (517,308) size 9x11 [bgcolor=#048485] [r=28 c=66 rs=1 cs=1]
              RenderInline {FONT} at (0,0) size 3x11
                RenderText {#text} at (0,0) size 3x11
                  text run at (0,0) width 3: " "
            RenderTableCell {TD} at (525,308) size 9x11 [bgcolor=#027777] [r=28 c=67 rs=1 cs=1]
              RenderInline {FONT} at (0,0) size 3x11
                RenderText {#text} at (0,0) size 3x11
                  text run at (0,0) width 3: " "
            RenderTableCell {TD} at (533,308) size 9x11 [bgcolor=#027777] [r=28 c=68 rs=1 cs=1]
              RenderInline {FONT} at (0,0) size 3x11
                RenderText {#text} at (0,0) size 3x11
                  text run at (0,0) width 3: " "
            RenderTableCell {TD} at (541,308) size 9x11 [bgcolor=#027777] [r=28 c=69 rs=1 cs=1]
              RenderInline {FONT} at (0,0) size 3x11
                RenderText {#text} at (0,0) size 3x11
                  text run at (0,0) width 3: " "
            RenderTableCell {TD} at (549,308) size 8x11 [bgcolor=#027777] [r=28 c=70 rs=1 cs=1]
              RenderInline {FONT} at (0,0) size 3x11
                RenderText {#text} at (0,0) size 3x11
                  text run at (0,0) width 3: " "
            RenderTableCell {TD} at (556,308) size 9x11 [bgcolor=#027777] [r=28 c=71 rs=1 cs=1]
              RenderInline {FONT} at (0,0) size 3x11
                RenderText {#text} at (0,0) size 3x11
                  text run at (0,0) width 3: " "
            RenderTableCell {TD} at (564,308) size 9x11 [bgcolor=#027777] [r=28 c=72 rs=1 cs=1]
              RenderInline {FONT} at (0,0) size 3x11
                RenderText {#text} at (0,0) size 3x11
                  text run at (0,0) width 3: " "
            RenderTableCell {TD} at (572,308) size 9x11 [bgcolor=#027777] [r=28 c=73 rs=1 cs=1]
              RenderInline {FONT} at (0,0) size 3x11
                RenderText {#text} at (0,0) size 3x11
                  text run at (0,0) width 3: " "
            RenderTableCell {TD} at (580,308) size 9x11 [bgcolor=#048485] [r=28 c=74 rs=1 cs=1]
              RenderInline {FONT} at (0,0) size 3x11
                RenderText {#text} at (0,0) size 3x11
                  text run at (0,0) width 3: " "
            RenderTableCell {TD} at (588,308) size 9x11 [bgcolor=#048485] [r=28 c=75 rs=1 cs=1]
              RenderInline {FONT} at (0,0) size 3x11
                RenderText {#text} at (0,0) size 3x11
                  text run at (0,0) width 3: " "
            RenderTableCell {TD} at (596,308) size 8x11 [bgcolor=#048485] [r=28 c=76 rs=1 cs=1]
              RenderInline {FONT} at (0,0) size 3x11
                RenderText {#text} at (0,0) size 3x11
                  text run at (0,0) width 3: " "
            RenderTableCell {TD} at (603,308) size 9x11 [bgcolor=#027777] [r=28 c=77 rs=1 cs=1]
              RenderInline {FONT} at (0,0) size 3x11
                RenderText {#text} at (0,0) size 3x11
                  text run at (0,0) width 3: " "
            RenderTableCell {TD} at (611,308) size 9x11 [bgcolor=#026766] [r=28 c=78 rs=1 cs=1]
              RenderInline {FONT} at (0,0) size 3x11
                RenderText {#text} at (0,0) size 3x11
                  text run at (0,0) width 3: " "
            RenderTableCell {TD} at (619,308) size 9x11 [bgcolor=#026766] [r=28 c=79 rs=1 cs=1]
              RenderInline {FONT} at (0,0) size 3x11
                RenderText {#text} at (0,0) size 3x11
                  text run at (0,0) width 3: " "
            RenderTableCell {TD} at (627,308) size 9x11 [bgcolor=#026766] [r=28 c=80 rs=1 cs=1]
              RenderInline {FONT} at (0,0) size 3x11
                RenderText {#text} at (0,0) size 3x11
                  text run at (0,0) width 3: " "
            RenderTableCell {TD} at (635,308) size 9x11 [bgcolor=#025E5E] [r=28 c=81 rs=1 cs=1]
              RenderInline {FONT} at (0,0) size 3x11
                RenderText {#text} at (0,0) size 3x11
                  text run at (0,0) width 3: " "
            RenderTableCell {TD} at (643,308) size 9x11 [bgcolor=#025E5E] [r=28 c=82 rs=1 cs=1]
              RenderInline {FONT} at (0,0) size 3x11
                RenderText {#text} at (0,0) size 3x11
                  text run at (0,0) width 3: " "
            RenderTableCell {TD} at (651,308) size 8x11 [bgcolor=#025E5E] [r=28 c=83 rs=1 cs=1]
              RenderInline {FONT} at (0,0) size 3x11
                RenderText {#text} at (0,0) size 3x11
                  text run at (0,0) width 3: " "
            RenderTableCell {TD} at (658,308) size 9x11 [bgcolor=#025E5E] [r=28 c=84 rs=1 cs=1]
              RenderInline {FONT} at (0,0) size 3x11
                RenderText {#text} at (0,0) size 3x11
                  text run at (0,0) width 3: " "
            RenderTableCell {TD} at (666,308) size 9x11 [bgcolor=#025E5E] [r=28 c=85 rs=1 cs=1]
              RenderInline {FONT} at (0,0) size 3x11
                RenderText {#text} at (0,0) size 3x11
                  text run at (0,0) width 3: " "
            RenderTableCell {TD} at (674,308) size 9x11 [bgcolor=#025E5E] [r=28 c=86 rs=1 cs=1]
              RenderInline {FONT} at (0,0) size 3x11
                RenderText {#text} at (0,0) size 3x11
                  text run at (0,0) width 3: " "
            RenderTableCell {TD} at (682,308) size 9x11 [bgcolor=#025E5E] [r=28 c=87 rs=1 cs=1]
              RenderInline {FONT} at (0,0) size 3x11
                RenderText {#text} at (0,0) size 3x11
                  text run at (0,0) width 3: " "
            RenderTableCell {TD} at (690,308) size 9x11 [bgcolor=#044F4F] [r=28 c=88 rs=1 cs=1]
              RenderInline {FONT} at (0,0) size 3x11
                RenderText {#text} at (0,0) size 3x11
                  text run at (0,0) width 3: " "
            RenderTableCell {TD} at (698,308) size 8x11 [bgcolor=#044140] [r=28 c=89 rs=1 cs=1]
              RenderInline {FONT} at (0,0) size 3x11
                RenderText {#text} at (0,0) size 3x11
                  text run at (0,0) width 3: " "
            RenderTableCell {TD} at (705,308) size 9x11 [bgcolor=#083131] [r=28 c=90 rs=1 cs=1]
              RenderInline {FONT} at (0,0) size 3x11
                RenderText {#text} at (0,0) size 3x11
                  text run at (0,0) width 3: " "
            RenderTableCell {TD} at (713,308) size 9x11 [bgcolor=#072323] [r=28 c=91 rs=1 cs=1]
              RenderInline {FONT} at (0,0) size 3x11
                RenderText {#text} at (0,0) size 3x11
                  text run at (0,0) width 3: " "
            RenderTableCell {TD} at (721,308) size 9x11 [bgcolor=#4D4F4F] [r=28 c=92 rs=1 cs=1]
              RenderInline {FONT} at (0,0) size 3x11
                RenderText {#text} at (0,0) size 3x11
                  text run at (0,0) width 3: " "
            RenderTableCell {TD} at (729,308) size 9x11 [bgcolor=#777878] [r=28 c=93 rs=1 cs=1]
              RenderInline {FONT} at (0,0) size 3x11
                RenderText {#text} at (0,0) size 3x11
                  text run at (0,0) width 3: " "
            RenderTableCell {TD} at (737,308) size 9x11 [bgcolor=#A5A6A6] [r=28 c=94 rs=1 cs=1]
              RenderInline {FONT} at (0,0) size 3x11
                RenderText {#text} at (0,0) size 3x11
                  text run at (0,0) width 3: " "
            RenderTableCell {TD} at (745,308) size 8x11 [bgcolor=#DEDFDF] [r=28 c=95 rs=1 cs=1]
              RenderInline {FONT} at (0,0) size 3x11
                RenderText {#text} at (0,0) size 3x11
                  text run at (0,0) width 3: " "
            RenderTableCell {TD} at (753,308) size 8x11 [bgcolor=#EDEEEF] [r=28 c=96 rs=1 cs=1]
              RenderInline {FONT} at (0,0) size 3x11
                RenderText {#text} at (0,0) size 3x11
                  text run at (0,0) width 3: " "
            RenderTableCell {TD} at (760,308) size 9x11 [bgcolor=#FDFDFB] [r=28 c=97 rs=1 cs=1]
              RenderInline {FONT} at (0,0) size 3x11
                RenderText {#text} at (0,0) size 3x11
                  text run at (0,0) width 3: " "
            RenderTableCell {TD} at (768,308) size 9x11 [bgcolor=#FDFDFB] [r=28 c=98 rs=1 cs=1]
              RenderInline {FONT} at (0,0) size 3x11
                RenderText {#text} at (0,0) size 3x11
                  text run at (0,0) width 3: " "
            RenderTableCell {TD} at (776,308) size 9x11 [bgcolor=#FDFDFB] [r=28 c=99 rs=1 cs=1]
              RenderInline {FONT} at (0,0) size 3x11
                RenderText {#text} at (0,0) size 3x11
                  text run at (0,0) width 3: " "
          RenderTableRow {TR} at (0,319) size 784x11
            RenderTableCell {TD} at (0,319) size 8x11 [bgcolor=#FDFDFB] [r=29 c=0 rs=1 cs=1]
              RenderInline {FONT} at (0,0) size 3x11
                RenderText {#text} at (0,0) size 3x11
                  text run at (0,0) width 3: " "
            RenderTableCell {TD} at (7,319) size 9x11 [bgcolor=#FDFDFB] [r=29 c=1 rs=1 cs=1]
              RenderInline {FONT} at (0,0) size 3x11
                RenderText {#text} at (0,0) size 3x11
                  text run at (0,0) width 3: " "
            RenderTableCell {TD} at (15,319) size 9x11 [bgcolor=#FDFDFB] [r=29 c=2 rs=1 cs=1]
              RenderInline {FONT} at (0,0) size 3x11
                RenderText {#text} at (0,0) size 3x11
                  text run at (0,0) width 3: " "
            RenderTableCell {TD} at (23,319) size 9x11 [bgcolor=#FDFDFB] [r=29 c=3 rs=1 cs=1]
              RenderInline {FONT} at (0,0) size 3x11
                RenderText {#text} at (0,0) size 3x11
                  text run at (0,0) width 3: " "
            RenderTableCell {TD} at (31,319) size 9x11 [bgcolor=#FDFDFB] [r=29 c=4 rs=1 cs=1]
              RenderInline {FONT} at (0,0) size 3x11
                RenderText {#text} at (0,0) size 3x11
                  text run at (0,0) width 3: " "
            RenderTableCell {TD} at (39,319) size 9x11 [bgcolor=#FDFDFB] [r=29 c=5 rs=1 cs=1]
              RenderInline {FONT} at (0,0) size 3x11
                RenderText {#text} at (0,0) size 3x11
                  text run at (0,0) width 3: " "
            RenderTableCell {TD} at (47,319) size 8x11 [bgcolor=#FDFDFB] [r=29 c=6 rs=1 cs=1]
              RenderInline {FONT} at (0,0) size 3x11
                RenderText {#text} at (0,0) size 3x11
                  text run at (0,0) width 3: " "
            RenderTableCell {TD} at (54,319) size 9x11 [bgcolor=#FDFDFB] [r=29 c=7 rs=1 cs=1]
              RenderInline {FONT} at (0,0) size 3x11
                RenderText {#text} at (0,0) size 3x11
                  text run at (0,0) width 3: " "
            RenderTableCell {TD} at (62,319) size 9x11 [bgcolor=#FDFDFB] [r=29 c=8 rs=1 cs=1]
              RenderInline {FONT} at (0,0) size 3x11
                RenderText {#text} at (0,0) size 3x11
                  text run at (0,0) width 3: " "
            RenderTableCell {TD} at (70,319) size 9x11 [bgcolor=#FDFDFB] [r=29 c=9 rs=1 cs=1]
              RenderInline {FONT} at (0,0) size 3x11
                RenderText {#text} at (0,0) size 3x11
                  text run at (0,0) width 3: " "
            RenderTableCell {TD} at (78,319) size 9x11 [bgcolor=#FDFDFB] [r=29 c=10 rs=1 cs=1]
              RenderInline {FONT} at (0,0) size 3x11
                RenderText {#text} at (0,0) size 3x11
                  text run at (0,0) width 3: " "
            RenderTableCell {TD} at (86,319) size 9x11 [bgcolor=#FDFDFB] [r=29 c=11 rs=1 cs=1]
              RenderInline {FONT} at (0,0) size 3x11
                RenderText {#text} at (0,0) size 3x11
                  text run at (0,0) width 3: " "
            RenderTableCell {TD} at (94,319) size 8x11 [bgcolor=#FDFDFB] [r=29 c=12 rs=1 cs=1]
              RenderInline {FONT} at (0,0) size 3x11
                RenderText {#text} at (0,0) size 3x11
                  text run at (0,0) width 3: " "
            RenderTableCell {TD} at (101,319) size 9x11 [bgcolor=#FDFDFB] [r=29 c=13 rs=1 cs=1]
              RenderInline {FONT} at (0,0) size 3x11
                RenderText {#text} at (0,0) size 3x11
                  text run at (0,0) width 3: " "
            RenderTableCell {TD} at (109,319) size 9x11 [bgcolor=#FDFDFB] [r=29 c=14 rs=1 cs=1]
              RenderInline {FONT} at (0,0) size 3x11
                RenderText {#text} at (0,0) size 3x11
                  text run at (0,0) width 3: " "
            RenderTableCell {TD} at (117,319) size 9x11 [bgcolor=#FDFDFB] [r=29 c=15 rs=1 cs=1]
              RenderInline {FONT} at (0,0) size 3x11
                RenderText {#text} at (0,0) size 3x11
                  text run at (0,0) width 3: " "
            RenderTableCell {TD} at (125,319) size 9x11 [bgcolor=#FDFDFB] [r=29 c=16 rs=1 cs=1]
              RenderInline {FONT} at (0,0) size 3x11
                RenderText {#text} at (0,0) size 3x11
                  text run at (0,0) width 3: " "
            RenderTableCell {TD} at (133,319) size 9x11 [bgcolor=#FDFDFB] [r=29 c=17 rs=1 cs=1]
              RenderInline {FONT} at (0,0) size 3x11
                RenderText {#text} at (0,0) size 3x11
                  text run at (0,0) width 3: " "
            RenderTableCell {TD} at (141,319) size 9x11 [bgcolor=#FDFDFB] [r=29 c=18 rs=1 cs=1]
              RenderInline {FONT} at (0,0) size 3x11
                RenderText {#text} at (0,0) size 3x11
                  text run at (0,0) width 3: " "
            RenderTableCell {TD} at (149,319) size 8x11 [bgcolor=#FDFDFB] [r=29 c=19 rs=1 cs=1]
              RenderInline {FONT} at (0,0) size 3x11
                RenderText {#text} at (0,0) size 3x11
                  text run at (0,0) width 3: " "
            RenderTableCell {TD} at (156,319) size 9x11 [bgcolor=#FDFDFB] [r=29 c=20 rs=1 cs=1]
              RenderInline {FONT} at (0,0) size 3x11
                RenderText {#text} at (0,0) size 3x11
                  text run at (0,0) width 3: " "
            RenderTableCell {TD} at (164,319) size 9x11 [bgcolor=#FDFDFB] [r=29 c=21 rs=1 cs=1]
              RenderInline {FONT} at (0,0) size 3x11
                RenderText {#text} at (0,0) size 3x11
                  text run at (0,0) width 3: " "
            RenderTableCell {TD} at (172,319) size 9x11 [bgcolor=#FDFDFB] [r=29 c=22 rs=1 cs=1]
              RenderInline {FONT} at (0,0) size 3x11
                RenderText {#text} at (0,0) size 3x11
                  text run at (0,0) width 3: " "
            RenderTableCell {TD} at (180,319) size 9x11 [bgcolor=#FDFDFB] [r=29 c=23 rs=1 cs=1]
              RenderInline {FONT} at (0,0) size 3x11
                RenderText {#text} at (0,0) size 3x11
                  text run at (0,0) width 3: " "
            RenderTableCell {TD} at (188,319) size 9x11 [bgcolor=#FDFDFB] [r=29 c=24 rs=1 cs=1]
              RenderInline {FONT} at (0,0) size 3x11
                RenderText {#text} at (0,0) size 3x11
                  text run at (0,0) width 3: " "
            RenderTableCell {TD} at (196,319) size 8x11 [bgcolor=#FDFDFB] [r=29 c=25 rs=1 cs=1]
              RenderInline {FONT} at (0,0) size 3x11
                RenderText {#text} at (0,0) size 3x11
                  text run at (0,0) width 3: " "
            RenderTableCell {TD} at (203,319) size 9x11 [bgcolor=#FDFDFB] [r=29 c=26 rs=1 cs=1]
              RenderInline {FONT} at (0,0) size 3x11
                RenderText {#text} at (0,0) size 3x11
                  text run at (0,0) width 3: " "
            RenderTableCell {TD} at (211,319) size 9x11 [bgcolor=#FDFDFB] [r=29 c=27 rs=1 cs=1]
              RenderInline {FONT} at (0,0) size 3x11
                RenderText {#text} at (0,0) size 3x11
                  text run at (0,0) width 3: " "
            RenderTableCell {TD} at (219,319) size 9x11 [bgcolor=#FDFDFB] [r=29 c=28 rs=1 cs=1]
              RenderInline {FONT} at (0,0) size 3x11
                RenderText {#text} at (0,0) size 3x11
                  text run at (0,0) width 3: " "
            RenderTableCell {TD} at (227,319) size 9x11 [bgcolor=#FDFDFB] [r=29 c=29 rs=1 cs=1]
              RenderInline {FONT} at (0,0) size 3x11
                RenderText {#text} at (0,0) size 3x11
                  text run at (0,0) width 3: " "
            RenderTableCell {TD} at (235,319) size 9x11 [bgcolor=#FDFDFB] [r=29 c=30 rs=1 cs=1]
              RenderInline {FONT} at (0,0) size 3x11
                RenderText {#text} at (0,0) size 3x11
                  text run at (0,0) width 3: " "
            RenderTableCell {TD} at (243,319) size 8x11 [bgcolor=#FDFDFB] [r=29 c=31 rs=1 cs=1]
              RenderInline {FONT} at (0,0) size 3x11
                RenderText {#text} at (0,0) size 3x11
                  text run at (0,0) width 3: " "
            RenderTableCell {TD} at (251,319) size 8x11 [bgcolor=#FDFDFB] [r=29 c=32 rs=1 cs=1]
              RenderInline {FONT} at (0,0) size 3x11
                RenderText {#text} at (0,0) size 3x11
                  text run at (0,0) width 3: " "
            RenderTableCell {TD} at (258,319) size 9x11 [bgcolor=#FDFDFB] [r=29 c=33 rs=1 cs=1]
              RenderInline {FONT} at (0,0) size 3x11
                RenderText {#text} at (0,0) size 3x11
                  text run at (0,0) width 3: " "
            RenderTableCell {TD} at (266,319) size 9x11 [bgcolor=#FDFDFB] [r=29 c=34 rs=1 cs=1]
              RenderInline {FONT} at (0,0) size 3x11
                RenderText {#text} at (0,0) size 3x11
                  text run at (0,0) width 3: " "
            RenderTableCell {TD} at (274,319) size 9x11 [bgcolor=#FDFDFB] [r=29 c=35 rs=1 cs=1]
              RenderInline {FONT} at (0,0) size 3x11
                RenderText {#text} at (0,0) size 3x11
                  text run at (0,0) width 3: " "
            RenderTableCell {TD} at (282,319) size 9x11 [bgcolor=#FDFDFB] [r=29 c=36 rs=1 cs=1]
              RenderInline {FONT} at (0,0) size 3x11
                RenderText {#text} at (0,0) size 3x11
                  text run at (0,0) width 3: " "
            RenderTableCell {TD} at (290,319) size 9x11 [bgcolor=#FDFDFB] [r=29 c=37 rs=1 cs=1]
              RenderInline {FONT} at (0,0) size 3x11
                RenderText {#text} at (0,0) size 3x11
                  text run at (0,0) width 3: " "
            RenderTableCell {TD} at (298,319) size 8x11 [bgcolor=#FDFDFB] [r=29 c=38 rs=1 cs=1]
              RenderInline {FONT} at (0,0) size 3x11
                RenderText {#text} at (0,0) size 3x11
                  text run at (0,0) width 3: " "
            RenderTableCell {TD} at (305,319) size 9x11 [bgcolor=#FDFDFB] [r=29 c=39 rs=1 cs=1]
              RenderInline {FONT} at (0,0) size 3x11
                RenderText {#text} at (0,0) size 3x11
                  text run at (0,0) width 3: " "
            RenderTableCell {TD} at (313,319) size 9x11 [bgcolor=#FDFDFB] [r=29 c=40 rs=1 cs=1]
              RenderInline {FONT} at (0,0) size 3x11
                RenderText {#text} at (0,0) size 3x11
                  text run at (0,0) width 3: " "
            RenderTableCell {TD} at (321,319) size 9x11 [bgcolor=#FDFDFB] [r=29 c=41 rs=1 cs=1]
              RenderInline {FONT} at (0,0) size 3x11
                RenderText {#text} at (0,0) size 3x11
                  text run at (0,0) width 3: " "
            RenderTableCell {TD} at (329,319) size 9x11 [bgcolor=#FDFDFB] [r=29 c=42 rs=1 cs=1]
              RenderInline {FONT} at (0,0) size 3x11
                RenderText {#text} at (0,0) size 3x11
                  text run at (0,0) width 3: " "
            RenderTableCell {TD} at (337,319) size 9x11 [bgcolor=#FDFDFB] [r=29 c=43 rs=1 cs=1]
              RenderInline {FONT} at (0,0) size 3x11
                RenderText {#text} at (0,0) size 3x11
                  text run at (0,0) width 3: " "
            RenderTableCell {TD} at (345,319) size 8x11 [bgcolor=#FDFDFB] [r=29 c=44 rs=1 cs=1]
              RenderInline {FONT} at (0,0) size 3x11
                RenderText {#text} at (0,0) size 3x11
                  text run at (0,0) width 3: " "
            RenderTableCell {TD} at (352,319) size 9x11 [bgcolor=#FDFDFB] [r=29 c=45 rs=1 cs=1]
              RenderInline {FONT} at (0,0) size 3x11
                RenderText {#text} at (0,0) size 3x11
                  text run at (0,0) width 3: " "
            RenderTableCell {TD} at (360,319) size 9x11 [bgcolor=#FDFDFB] [r=29 c=46 rs=1 cs=1]
              RenderInline {FONT} at (0,0) size 3x11
                RenderText {#text} at (0,0) size 3x11
                  text run at (0,0) width 3: " "
            RenderTableCell {TD} at (368,319) size 9x11 [bgcolor=#FDFDFB] [r=29 c=47 rs=1 cs=1]
              RenderInline {FONT} at (0,0) size 3x11
                RenderText {#text} at (0,0) size 3x11
                  text run at (0,0) width 3: " "
            RenderTableCell {TD} at (376,319) size 9x11 [bgcolor=#FDFDFB] [r=29 c=48 rs=1 cs=1]
              RenderInline {FONT} at (0,0) size 3x11
                RenderText {#text} at (0,0) size 3x11
                  text run at (0,0) width 3: " "
            RenderTableCell {TD} at (384,319) size 9x11 [bgcolor=#FDFDFB] [r=29 c=49 rs=1 cs=1]
              RenderInline {FONT} at (0,0) size 3x11
                RenderText {#text} at (0,0) size 3x11
                  text run at (0,0) width 3: " "
            RenderTableCell {TD} at (392,319) size 9x11 [bgcolor=#FDFDFB] [r=29 c=50 rs=1 cs=1]
              RenderInline {FONT} at (0,0) size 3x11
                RenderText {#text} at (0,0) size 3x11
                  text run at (0,0) width 3: " "
            RenderTableCell {TD} at (400,319) size 8x11 [bgcolor=#FDFDFB] [r=29 c=51 rs=1 cs=1]
              RenderInline {FONT} at (0,0) size 3x11
                RenderText {#text} at (0,0) size 3x11
                  text run at (0,0) width 3: " "
            RenderTableCell {TD} at (407,319) size 9x11 [bgcolor=#FDFDFB] [r=29 c=52 rs=1 cs=1]
              RenderInline {FONT} at (0,0) size 3x11
                RenderText {#text} at (0,0) size 3x11
                  text run at (0,0) width 3: " "
            RenderTableCell {TD} at (415,319) size 9x11 [bgcolor=#FDFDFB] [r=29 c=53 rs=1 cs=1]
              RenderInline {FONT} at (0,0) size 3x11
                RenderText {#text} at (0,0) size 3x11
                  text run at (0,0) width 3: " "
            RenderTableCell {TD} at (423,319) size 9x11 [bgcolor=#FDFDFB] [r=29 c=54 rs=1 cs=1]
              RenderInline {FONT} at (0,0) size 3x11
                RenderText {#text} at (0,0) size 3x11
                  text run at (0,0) width 3: " "
            RenderTableCell {TD} at (431,319) size 9x11 [bgcolor=#FDFDFB] [r=29 c=55 rs=1 cs=1]
              RenderInline {FONT} at (0,0) size 3x11
                RenderText {#text} at (0,0) size 3x11
                  text run at (0,0) width 3: " "
            RenderTableCell {TD} at (439,319) size 9x11 [bgcolor=#FDFDFB] [r=29 c=56 rs=1 cs=1]
              RenderInline {FONT} at (0,0) size 3x11
                RenderText {#text} at (0,0) size 3x11
                  text run at (0,0) width 3: " "
            RenderTableCell {TD} at (447,319) size 8x11 [bgcolor=#FDFDFB] [r=29 c=57 rs=1 cs=1]
              RenderInline {FONT} at (0,0) size 3x11
                RenderText {#text} at (0,0) size 3x11
                  text run at (0,0) width 3: " "
            RenderTableCell {TD} at (454,319) size 9x11 [bgcolor=#FDFDFB] [r=29 c=58 rs=1 cs=1]
              RenderInline {FONT} at (0,0) size 3x11
                RenderText {#text} at (0,0) size 3x11
                  text run at (0,0) width 3: " "
            RenderTableCell {TD} at (462,319) size 9x11 [bgcolor=#FDFDFB] [r=29 c=59 rs=1 cs=1]
              RenderInline {FONT} at (0,0) size 3x11
                RenderText {#text} at (0,0) size 3x11
                  text run at (0,0) width 3: " "
            RenderTableCell {TD} at (470,319) size 9x11 [bgcolor=#FDFDFB] [r=29 c=60 rs=1 cs=1]
              RenderInline {FONT} at (0,0) size 3x11
                RenderText {#text} at (0,0) size 3x11
                  text run at (0,0) width 3: " "
            RenderTableCell {TD} at (478,319) size 9x11 [bgcolor=#FDFDFB] [r=29 c=61 rs=1 cs=1]
              RenderInline {FONT} at (0,0) size 3x11
                RenderText {#text} at (0,0) size 3x11
                  text run at (0,0) width 3: " "
            RenderTableCell {TD} at (486,319) size 9x11 [bgcolor=#FDFDFB] [r=29 c=62 rs=1 cs=1]
              RenderInline {FONT} at (0,0) size 3x11
                RenderText {#text} at (0,0) size 3x11
                  text run at (0,0) width 3: " "
            RenderTableCell {TD} at (494,319) size 8x11 [bgcolor=#FDFDFB] [r=29 c=63 rs=1 cs=1]
              RenderInline {FONT} at (0,0) size 3x11
                RenderText {#text} at (0,0) size 3x11
                  text run at (0,0) width 3: " "
            RenderTableCell {TD} at (502,319) size 8x11 [bgcolor=#FDFDFB] [r=29 c=64 rs=1 cs=1]
              RenderInline {FONT} at (0,0) size 3x11
                RenderText {#text} at (0,0) size 3x11
                  text run at (0,0) width 3: " "
            RenderTableCell {TD} at (509,319) size 9x11 [bgcolor=#8DB7B6] [r=29 c=65 rs=1 cs=1]
              RenderInline {FONT} at (0,0) size 3x11
                RenderText {#text} at (0,0) size 3x11
                  text run at (0,0) width 3: " "
            RenderTableCell {TD} at (517,319) size 9x11 [bgcolor=#026766] [r=29 c=66 rs=1 cs=1]
              RenderInline {FONT} at (0,0) size 3x11
                RenderText {#text} at (0,0) size 3x11
                  text run at (0,0) width 3: " "
            RenderTableCell {TD} at (525,319) size 9x11 [bgcolor=#025E5E] [r=29 c=67 rs=1 cs=1]
              RenderInline {FONT} at (0,0) size 3x11
                RenderText {#text} at (0,0) size 3x11
                  text run at (0,0) width 3: " "
            RenderTableCell {TD} at (533,319) size 9x11 [bgcolor=#025E5E] [r=29 c=68 rs=1 cs=1]
              RenderInline {FONT} at (0,0) size 3x11
                RenderText {#text} at (0,0) size 3x11
                  text run at (0,0) width 3: " "
            RenderTableCell {TD} at (541,319) size 9x11 [bgcolor=#025E5E] [r=29 c=69 rs=1 cs=1]
              RenderInline {FONT} at (0,0) size 3x11
                RenderText {#text} at (0,0) size 3x11
                  text run at (0,0) width 3: " "
            RenderTableCell {TD} at (549,319) size 8x11 [bgcolor=#026766] [r=29 c=70 rs=1 cs=1]
              RenderInline {FONT} at (0,0) size 3x11
                RenderText {#text} at (0,0) size 3x11
                  text run at (0,0) width 3: " "
            RenderTableCell {TD} at (556,319) size 9x11 [bgcolor=#026766] [r=29 c=71 rs=1 cs=1]
              RenderInline {FONT} at (0,0) size 3x11
                RenderText {#text} at (0,0) size 3x11
                  text run at (0,0) width 3: " "
            RenderTableCell {TD} at (564,319) size 9x11 [bgcolor=#026766] [r=29 c=72 rs=1 cs=1]
              RenderInline {FONT} at (0,0) size 3x11
                RenderText {#text} at (0,0) size 3x11
                  text run at (0,0) width 3: " "
            RenderTableCell {TD} at (572,319) size 9x11 [bgcolor=#026766] [r=29 c=73 rs=1 cs=1]
              RenderInline {FONT} at (0,0) size 3x11
                RenderText {#text} at (0,0) size 3x11
                  text run at (0,0) width 3: " "
            RenderTableCell {TD} at (580,319) size 9x11 [bgcolor=#026766] [r=29 c=74 rs=1 cs=1]
              RenderInline {FONT} at (0,0) size 3x11
                RenderText {#text} at (0,0) size 3x11
                  text run at (0,0) width 3: " "
            RenderTableCell {TD} at (588,319) size 9x11 [bgcolor=#026766] [r=29 c=75 rs=1 cs=1]
              RenderInline {FONT} at (0,0) size 3x11
                RenderText {#text} at (0,0) size 3x11
                  text run at (0,0) width 3: " "
            RenderTableCell {TD} at (596,319) size 8x11 [bgcolor=#026766] [r=29 c=76 rs=1 cs=1]
              RenderInline {FONT} at (0,0) size 3x11
                RenderText {#text} at (0,0) size 3x11
                  text run at (0,0) width 3: " "
            RenderTableCell {TD} at (603,319) size 9x11 [bgcolor=#026766] [r=29 c=77 rs=1 cs=1]
              RenderInline {FONT} at (0,0) size 3x11
                RenderText {#text} at (0,0) size 3x11
                  text run at (0,0) width 3: " "
            RenderTableCell {TD} at (611,319) size 9x11 [bgcolor=#025E5E] [r=29 c=78 rs=1 cs=1]
              RenderInline {FONT} at (0,0) size 3x11
                RenderText {#text} at (0,0) size 3x11
                  text run at (0,0) width 3: " "
            RenderTableCell {TD} at (619,319) size 9x11 [bgcolor=#025E5E] [r=29 c=79 rs=1 cs=1]
              RenderInline {FONT} at (0,0) size 3x11
                RenderText {#text} at (0,0) size 3x11
                  text run at (0,0) width 3: " "
            RenderTableCell {TD} at (627,319) size 9x11 [bgcolor=#025E5E] [r=29 c=80 rs=1 cs=1]
              RenderInline {FONT} at (0,0) size 3x11
                RenderText {#text} at (0,0) size 3x11
                  text run at (0,0) width 3: " "
            RenderTableCell {TD} at (635,319) size 9x11 [bgcolor=#025E5E] [r=29 c=81 rs=1 cs=1]
              RenderInline {FONT} at (0,0) size 3x11
                RenderText {#text} at (0,0) size 3x11
                  text run at (0,0) width 3: " "
            RenderTableCell {TD} at (643,319) size 9x11 [bgcolor=#025E5E] [r=29 c=82 rs=1 cs=1]
              RenderInline {FONT} at (0,0) size 3x11
                RenderText {#text} at (0,0) size 3x11
                  text run at (0,0) width 3: " "
            RenderTableCell {TD} at (651,319) size 8x11 [bgcolor=#044F4F] [r=29 c=83 rs=1 cs=1]
              RenderInline {FONT} at (0,0) size 3x11
                RenderText {#text} at (0,0) size 3x11
                  text run at (0,0) width 3: " "
            RenderTableCell {TD} at (658,319) size 9x11 [bgcolor=#044F4F] [r=29 c=84 rs=1 cs=1]
              RenderInline {FONT} at (0,0) size 3x11
                RenderText {#text} at (0,0) size 3x11
                  text run at (0,0) width 3: " "
            RenderTableCell {TD} at (666,319) size 9x11 [bgcolor=#044F4F] [r=29 c=85 rs=1 cs=1]
              RenderInline {FONT} at (0,0) size 3x11
                RenderText {#text} at (0,0) size 3x11
                  text run at (0,0) width 3: " "
            RenderTableCell {TD} at (674,319) size 9x11 [bgcolor=#044F4F] [r=29 c=86 rs=1 cs=1]
              RenderInline {FONT} at (0,0) size 3x11
                RenderText {#text} at (0,0) size 3x11
                  text run at (0,0) width 3: " "
            RenderTableCell {TD} at (682,319) size 9x11 [bgcolor=#044140] [r=29 c=87 rs=1 cs=1]
              RenderInline {FONT} at (0,0) size 3x11
                RenderText {#text} at (0,0) size 3x11
                  text run at (0,0) width 3: " "
            RenderTableCell {TD} at (690,319) size 9x11 [bgcolor=#083131] [r=29 c=88 rs=1 cs=1]
              RenderInline {FONT} at (0,0) size 3x11
                RenderText {#text} at (0,0) size 3x11
                  text run at (0,0) width 3: " "
            RenderTableCell {TD} at (698,319) size 8x11 [bgcolor=#083131] [r=29 c=89 rs=1 cs=1]
              RenderInline {FONT} at (0,0) size 3x11
                RenderText {#text} at (0,0) size 3x11
                  text run at (0,0) width 3: " "
            RenderTableCell {TD} at (705,319) size 9x11 [bgcolor=#223C3D] [r=29 c=90 rs=1 cs=1]
              RenderInline {FONT} at (0,0) size 3x11
                RenderText {#text} at (0,0) size 3x11
                  text run at (0,0) width 3: " "
            RenderTableCell {TD} at (713,319) size 9x11 [bgcolor=#515C5B] [r=29 c=91 rs=1 cs=1]
              RenderInline {FONT} at (0,0) size 3x11
                RenderText {#text} at (0,0) size 3x11
                  text run at (0,0) width 3: " "
            RenderTableCell {TD} at (721,319) size 9x11 [bgcolor=#777878] [r=29 c=92 rs=1 cs=1]
              RenderInline {FONT} at (0,0) size 3x11
                RenderText {#text} at (0,0) size 3x11
                  text run at (0,0) width 3: " "
            RenderTableCell {TD} at (729,319) size 9x11 [bgcolor=#A5A6A6] [r=29 c=93 rs=1 cs=1]
              RenderInline {FONT} at (0,0) size 3x11
                RenderText {#text} at (0,0) size 3x11
                  text run at (0,0) width 3: " "
            RenderTableCell {TD} at (737,319) size 9x11 [bgcolor=#CECFCF] [r=29 c=94 rs=1 cs=1]
              RenderInline {FONT} at (0,0) size 3x11
                RenderText {#text} at (0,0) size 3x11
                  text run at (0,0) width 3: " "
            RenderTableCell {TD} at (745,319) size 8x11 [bgcolor=#EDEEEF] [r=29 c=95 rs=1 cs=1]
              RenderInline {FONT} at (0,0) size 3x11
                RenderText {#text} at (0,0) size 3x11
                  text run at (0,0) width 3: " "
            RenderTableCell {TD} at (753,319) size 8x11 [bgcolor=#FDFDFB] [r=29 c=96 rs=1 cs=1]
              RenderInline {FONT} at (0,0) size 3x11
                RenderText {#text} at (0,0) size 3x11
                  text run at (0,0) width 3: " "
            RenderTableCell {TD} at (760,319) size 9x11 [bgcolor=#FDFDFB] [r=29 c=97 rs=1 cs=1]
              RenderInline {FONT} at (0,0) size 3x11
                RenderText {#text} at (0,0) size 3x11
                  text run at (0,0) width 3: " "
            RenderTableCell {TD} at (768,319) size 9x11 [bgcolor=#FDFDFB] [r=29 c=98 rs=1 cs=1]
              RenderInline {FONT} at (0,0) size 3x11
                RenderText {#text} at (0,0) size 3x11
                  text run at (0,0) width 3: " "
            RenderTableCell {TD} at (776,319) size 9x11 [bgcolor=#FDFDFB] [r=29 c=99 rs=1 cs=1]
              RenderInline {FONT} at (0,0) size 3x11
                RenderText {#text} at (0,0) size 3x11
                  text run at (0,0) width 3: " "
          RenderTableRow {TR} at (0,330) size 784x11
            RenderTableCell {TD} at (0,330) size 8x11 [bgcolor=#FDFDFB] [r=30 c=0 rs=1 cs=1]
              RenderInline {FONT} at (0,0) size 3x11
                RenderText {#text} at (0,0) size 3x11
                  text run at (0,0) width 3: " "
            RenderTableCell {TD} at (7,330) size 9x11 [bgcolor=#FDFDFB] [r=30 c=1 rs=1 cs=1]
              RenderInline {FONT} at (0,0) size 3x11
                RenderText {#text} at (0,0) size 3x11
                  text run at (0,0) width 3: " "
            RenderTableCell {TD} at (15,330) size 9x11 [bgcolor=#FDFDFB] [r=30 c=2 rs=1 cs=1]
              RenderInline {FONT} at (0,0) size 3x11
                RenderText {#text} at (0,0) size 3x11
                  text run at (0,0) width 3: " "
            RenderTableCell {TD} at (23,330) size 9x11 [bgcolor=#FDFDFB] [r=30 c=3 rs=1 cs=1]
              RenderInline {FONT} at (0,0) size 3x11
                RenderText {#text} at (0,0) size 3x11
                  text run at (0,0) width 3: " "
            RenderTableCell {TD} at (31,330) size 9x11 [bgcolor=#FDFDFB] [r=30 c=4 rs=1 cs=1]
              RenderInline {FONT} at (0,0) size 3x11
                RenderText {#text} at (0,0) size 3x11
                  text run at (0,0) width 3: " "
            RenderTableCell {TD} at (39,330) size 9x11 [bgcolor=#FDFDFB] [r=30 c=5 rs=1 cs=1]
              RenderInline {FONT} at (0,0) size 3x11
                RenderText {#text} at (0,0) size 3x11
                  text run at (0,0) width 3: " "
            RenderTableCell {TD} at (47,330) size 8x11 [bgcolor=#FDFDFB] [r=30 c=6 rs=1 cs=1]
              RenderInline {FONT} at (0,0) size 3x11
                RenderText {#text} at (0,0) size 3x11
                  text run at (0,0) width 3: " "
            RenderTableCell {TD} at (54,330) size 9x11 [bgcolor=#FDFDFB] [r=30 c=7 rs=1 cs=1]
              RenderInline {FONT} at (0,0) size 3x11
                RenderText {#text} at (0,0) size 3x11
                  text run at (0,0) width 3: " "
            RenderTableCell {TD} at (62,330) size 9x11 [bgcolor=#FDFDFB] [r=30 c=8 rs=1 cs=1]
              RenderInline {FONT} at (0,0) size 3x11
                RenderText {#text} at (0,0) size 3x11
                  text run at (0,0) width 3: " "
            RenderTableCell {TD} at (70,330) size 9x11 [bgcolor=#FDFDFB] [r=30 c=9 rs=1 cs=1]
              RenderInline {FONT} at (0,0) size 3x11
                RenderText {#text} at (0,0) size 3x11
                  text run at (0,0) width 3: " "
            RenderTableCell {TD} at (78,330) size 9x11 [bgcolor=#FDFDFB] [r=30 c=10 rs=1 cs=1]
              RenderInline {FONT} at (0,0) size 3x11
                RenderText {#text} at (0,0) size 3x11
                  text run at (0,0) width 3: " "
            RenderTableCell {TD} at (86,330) size 9x11 [bgcolor=#FDFDFB] [r=30 c=11 rs=1 cs=1]
              RenderInline {FONT} at (0,0) size 3x11
                RenderText {#text} at (0,0) size 3x11
                  text run at (0,0) width 3: " "
            RenderTableCell {TD} at (94,330) size 8x11 [bgcolor=#FDFDFB] [r=30 c=12 rs=1 cs=1]
              RenderInline {FONT} at (0,0) size 3x11
                RenderText {#text} at (0,0) size 3x11
                  text run at (0,0) width 3: " "
            RenderTableCell {TD} at (101,330) size 9x11 [bgcolor=#FDFDFB] [r=30 c=13 rs=1 cs=1]
              RenderInline {FONT} at (0,0) size 3x11
                RenderText {#text} at (0,0) size 3x11
                  text run at (0,0) width 3: " "
            RenderTableCell {TD} at (109,330) size 9x11 [bgcolor=#FDFDFB] [r=30 c=14 rs=1 cs=1]
              RenderInline {FONT} at (0,0) size 3x11
                RenderText {#text} at (0,0) size 3x11
                  text run at (0,0) width 3: " "
            RenderTableCell {TD} at (117,330) size 9x11 [bgcolor=#FDFDFB] [r=30 c=15 rs=1 cs=1]
              RenderInline {FONT} at (0,0) size 3x11
                RenderText {#text} at (0,0) size 3x11
                  text run at (0,0) width 3: " "
            RenderTableCell {TD} at (125,330) size 9x11 [bgcolor=#FDFDFB] [r=30 c=16 rs=1 cs=1]
              RenderInline {FONT} at (0,0) size 3x11
                RenderText {#text} at (0,0) size 3x11
                  text run at (0,0) width 3: " "
            RenderTableCell {TD} at (133,330) size 9x11 [bgcolor=#FDFDFB] [r=30 c=17 rs=1 cs=1]
              RenderInline {FONT} at (0,0) size 3x11
                RenderText {#text} at (0,0) size 3x11
                  text run at (0,0) width 3: " "
            RenderTableCell {TD} at (141,330) size 9x11 [bgcolor=#FDFDFB] [r=30 c=18 rs=1 cs=1]
              RenderInline {FONT} at (0,0) size 3x11
                RenderText {#text} at (0,0) size 3x11
                  text run at (0,0) width 3: " "
            RenderTableCell {TD} at (149,330) size 8x11 [bgcolor=#FDFDFB] [r=30 c=19 rs=1 cs=1]
              RenderInline {FONT} at (0,0) size 3x11
                RenderText {#text} at (0,0) size 3x11
                  text run at (0,0) width 3: " "
            RenderTableCell {TD} at (156,330) size 9x11 [bgcolor=#FDFDFB] [r=30 c=20 rs=1 cs=1]
              RenderInline {FONT} at (0,0) size 3x11
                RenderText {#text} at (0,0) size 3x11
                  text run at (0,0) width 3: " "
            RenderTableCell {TD} at (164,330) size 9x11 [bgcolor=#FDFDFB] [r=30 c=21 rs=1 cs=1]
              RenderInline {FONT} at (0,0) size 3x11
                RenderText {#text} at (0,0) size 3x11
                  text run at (0,0) width 3: " "
            RenderTableCell {TD} at (172,330) size 9x11 [bgcolor=#FDFDFB] [r=30 c=22 rs=1 cs=1]
              RenderInline {FONT} at (0,0) size 3x11
                RenderText {#text} at (0,0) size 3x11
                  text run at (0,0) width 3: " "
            RenderTableCell {TD} at (180,330) size 9x11 [bgcolor=#FDFDFB] [r=30 c=23 rs=1 cs=1]
              RenderInline {FONT} at (0,0) size 3x11
                RenderText {#text} at (0,0) size 3x11
                  text run at (0,0) width 3: " "
            RenderTableCell {TD} at (188,330) size 9x11 [bgcolor=#FDFDFB] [r=30 c=24 rs=1 cs=1]
              RenderInline {FONT} at (0,0) size 3x11
                RenderText {#text} at (0,0) size 3x11
                  text run at (0,0) width 3: " "
            RenderTableCell {TD} at (196,330) size 8x11 [bgcolor=#FDFDFB] [r=30 c=25 rs=1 cs=1]
              RenderInline {FONT} at (0,0) size 3x11
                RenderText {#text} at (0,0) size 3x11
                  text run at (0,0) width 3: " "
            RenderTableCell {TD} at (203,330) size 9x11 [bgcolor=#FDFDFB] [r=30 c=26 rs=1 cs=1]
              RenderInline {FONT} at (0,0) size 3x11
                RenderText {#text} at (0,0) size 3x11
                  text run at (0,0) width 3: " "
            RenderTableCell {TD} at (211,330) size 9x11 [bgcolor=#FDFDFB] [r=30 c=27 rs=1 cs=1]
              RenderInline {FONT} at (0,0) size 3x11
                RenderText {#text} at (0,0) size 3x11
                  text run at (0,0) width 3: " "
            RenderTableCell {TD} at (219,330) size 9x11 [bgcolor=#FDFDFB] [r=30 c=28 rs=1 cs=1]
              RenderInline {FONT} at (0,0) size 3x11
                RenderText {#text} at (0,0) size 3x11
                  text run at (0,0) width 3: " "
            RenderTableCell {TD} at (227,330) size 9x11 [bgcolor=#FDFDFB] [r=30 c=29 rs=1 cs=1]
              RenderInline {FONT} at (0,0) size 3x11
                RenderText {#text} at (0,0) size 3x11
                  text run at (0,0) width 3: " "
            RenderTableCell {TD} at (235,330) size 9x11 [bgcolor=#FDFDFB] [r=30 c=30 rs=1 cs=1]
              RenderInline {FONT} at (0,0) size 3x11
                RenderText {#text} at (0,0) size 3x11
                  text run at (0,0) width 3: " "
            RenderTableCell {TD} at (243,330) size 8x11 [bgcolor=#FDFDFB] [r=30 c=31 rs=1 cs=1]
              RenderInline {FONT} at (0,0) size 3x11
                RenderText {#text} at (0,0) size 3x11
                  text run at (0,0) width 3: " "
            RenderTableCell {TD} at (251,330) size 8x11 [bgcolor=#FDFDFB] [r=30 c=32 rs=1 cs=1]
              RenderInline {FONT} at (0,0) size 3x11
                RenderText {#text} at (0,0) size 3x11
                  text run at (0,0) width 3: " "
            RenderTableCell {TD} at (258,330) size 9x11 [bgcolor=#FDFDFB] [r=30 c=33 rs=1 cs=1]
              RenderInline {FONT} at (0,0) size 3x11
                RenderText {#text} at (0,0) size 3x11
                  text run at (0,0) width 3: " "
            RenderTableCell {TD} at (266,330) size 9x11 [bgcolor=#FDFDFB] [r=30 c=34 rs=1 cs=1]
              RenderInline {FONT} at (0,0) size 3x11
                RenderText {#text} at (0,0) size 3x11
                  text run at (0,0) width 3: " "
            RenderTableCell {TD} at (274,330) size 9x11 [bgcolor=#FDFDFB] [r=30 c=35 rs=1 cs=1]
              RenderInline {FONT} at (0,0) size 3x11
                RenderText {#text} at (0,0) size 3x11
                  text run at (0,0) width 3: " "
            RenderTableCell {TD} at (282,330) size 9x11 [bgcolor=#FDFDFB] [r=30 c=36 rs=1 cs=1]
              RenderInline {FONT} at (0,0) size 3x11
                RenderText {#text} at (0,0) size 3x11
                  text run at (0,0) width 3: " "
            RenderTableCell {TD} at (290,330) size 9x11 [bgcolor=#FDFDFB] [r=30 c=37 rs=1 cs=1]
              RenderInline {FONT} at (0,0) size 3x11
                RenderText {#text} at (0,0) size 3x11
                  text run at (0,0) width 3: " "
            RenderTableCell {TD} at (298,330) size 8x11 [bgcolor=#FDFDFB] [r=30 c=38 rs=1 cs=1]
              RenderInline {FONT} at (0,0) size 3x11
                RenderText {#text} at (0,0) size 3x11
                  text run at (0,0) width 3: " "
            RenderTableCell {TD} at (305,330) size 9x11 [bgcolor=#FDFDFB] [r=30 c=39 rs=1 cs=1]
              RenderInline {FONT} at (0,0) size 3x11
                RenderText {#text} at (0,0) size 3x11
                  text run at (0,0) width 3: " "
            RenderTableCell {TD} at (313,330) size 9x11 [bgcolor=#FDFDFB] [r=30 c=40 rs=1 cs=1]
              RenderInline {FONT} at (0,0) size 3x11
                RenderText {#text} at (0,0) size 3x11
                  text run at (0,0) width 3: " "
            RenderTableCell {TD} at (321,330) size 9x11 [bgcolor=#FDFDFB] [r=30 c=41 rs=1 cs=1]
              RenderInline {FONT} at (0,0) size 3x11
                RenderText {#text} at (0,0) size 3x11
                  text run at (0,0) width 3: " "
            RenderTableCell {TD} at (329,330) size 9x11 [bgcolor=#FDFDFB] [r=30 c=42 rs=1 cs=1]
              RenderInline {FONT} at (0,0) size 3x11
                RenderText {#text} at (0,0) size 3x11
                  text run at (0,0) width 3: " "
            RenderTableCell {TD} at (337,330) size 9x11 [bgcolor=#FDFDFB] [r=30 c=43 rs=1 cs=1]
              RenderInline {FONT} at (0,0) size 3x11
                RenderText {#text} at (0,0) size 3x11
                  text run at (0,0) width 3: " "
            RenderTableCell {TD} at (345,330) size 8x11 [bgcolor=#FDFDFB] [r=30 c=44 rs=1 cs=1]
              RenderInline {FONT} at (0,0) size 3x11
                RenderText {#text} at (0,0) size 3x11
                  text run at (0,0) width 3: " "
            RenderTableCell {TD} at (352,330) size 9x11 [bgcolor=#FDFDFB] [r=30 c=45 rs=1 cs=1]
              RenderInline {FONT} at (0,0) size 3x11
                RenderText {#text} at (0,0) size 3x11
                  text run at (0,0) width 3: " "
            RenderTableCell {TD} at (360,330) size 9x11 [bgcolor=#FDFDFB] [r=30 c=46 rs=1 cs=1]
              RenderInline {FONT} at (0,0) size 3x11
                RenderText {#text} at (0,0) size 3x11
                  text run at (0,0) width 3: " "
            RenderTableCell {TD} at (368,330) size 9x11 [bgcolor=#FDFDFB] [r=30 c=47 rs=1 cs=1]
              RenderInline {FONT} at (0,0) size 3x11
                RenderText {#text} at (0,0) size 3x11
                  text run at (0,0) width 3: " "
            RenderTableCell {TD} at (376,330) size 9x11 [bgcolor=#FDFDFB] [r=30 c=48 rs=1 cs=1]
              RenderInline {FONT} at (0,0) size 3x11
                RenderText {#text} at (0,0) size 3x11
                  text run at (0,0) width 3: " "
            RenderTableCell {TD} at (384,330) size 9x11 [bgcolor=#FDFDFB] [r=30 c=49 rs=1 cs=1]
              RenderInline {FONT} at (0,0) size 3x11
                RenderText {#text} at (0,0) size 3x11
                  text run at (0,0) width 3: " "
            RenderTableCell {TD} at (392,330) size 9x11 [bgcolor=#FDFDFB] [r=30 c=50 rs=1 cs=1]
              RenderInline {FONT} at (0,0) size 3x11
                RenderText {#text} at (0,0) size 3x11
                  text run at (0,0) width 3: " "
            RenderTableCell {TD} at (400,330) size 8x11 [bgcolor=#FDFDFB] [r=30 c=51 rs=1 cs=1]
              RenderInline {FONT} at (0,0) size 3x11
                RenderText {#text} at (0,0) size 3x11
                  text run at (0,0) width 3: " "
            RenderTableCell {TD} at (407,330) size 9x11 [bgcolor=#FDFDFB] [r=30 c=52 rs=1 cs=1]
              RenderInline {FONT} at (0,0) size 3x11
                RenderText {#text} at (0,0) size 3x11
                  text run at (0,0) width 3: " "
            RenderTableCell {TD} at (415,330) size 9x11 [bgcolor=#FDFDFB] [r=30 c=53 rs=1 cs=1]
              RenderInline {FONT} at (0,0) size 3x11
                RenderText {#text} at (0,0) size 3x11
                  text run at (0,0) width 3: " "
            RenderTableCell {TD} at (423,330) size 9x11 [bgcolor=#FDFDFB] [r=30 c=54 rs=1 cs=1]
              RenderInline {FONT} at (0,0) size 3x11
                RenderText {#text} at (0,0) size 3x11
                  text run at (0,0) width 3: " "
            RenderTableCell {TD} at (431,330) size 9x11 [bgcolor=#FDFDFB] [r=30 c=55 rs=1 cs=1]
              RenderInline {FONT} at (0,0) size 3x11
                RenderText {#text} at (0,0) size 3x11
                  text run at (0,0) width 3: " "
            RenderTableCell {TD} at (439,330) size 9x11 [bgcolor=#FDFDFB] [r=30 c=56 rs=1 cs=1]
              RenderInline {FONT} at (0,0) size 3x11
                RenderText {#text} at (0,0) size 3x11
                  text run at (0,0) width 3: " "
            RenderTableCell {TD} at (447,330) size 8x11 [bgcolor=#FDFDFB] [r=30 c=57 rs=1 cs=1]
              RenderInline {FONT} at (0,0) size 3x11
                RenderText {#text} at (0,0) size 3x11
                  text run at (0,0) width 3: " "
            RenderTableCell {TD} at (454,330) size 9x11 [bgcolor=#FDFDFB] [r=30 c=58 rs=1 cs=1]
              RenderInline {FONT} at (0,0) size 3x11
                RenderText {#text} at (0,0) size 3x11
                  text run at (0,0) width 3: " "
            RenderTableCell {TD} at (462,330) size 9x11 [bgcolor=#FDFDFB] [r=30 c=59 rs=1 cs=1]
              RenderInline {FONT} at (0,0) size 3x11
                RenderText {#text} at (0,0) size 3x11
                  text run at (0,0) width 3: " "
            RenderTableCell {TD} at (470,330) size 9x11 [bgcolor=#FDFDFB] [r=30 c=60 rs=1 cs=1]
              RenderInline {FONT} at (0,0) size 3x11
                RenderText {#text} at (0,0) size 3x11
                  text run at (0,0) width 3: " "
            RenderTableCell {TD} at (478,330) size 9x11 [bgcolor=#FDFDFB] [r=30 c=61 rs=1 cs=1]
              RenderInline {FONT} at (0,0) size 3x11
                RenderText {#text} at (0,0) size 3x11
                  text run at (0,0) width 3: " "
            RenderTableCell {TD} at (486,330) size 9x11 [bgcolor=#FDFDFB] [r=30 c=62 rs=1 cs=1]
              RenderInline {FONT} at (0,0) size 3x11
                RenderText {#text} at (0,0) size 3x11
                  text run at (0,0) width 3: " "
            RenderTableCell {TD} at (494,330) size 8x11 [bgcolor=#FDFDFB] [r=30 c=63 rs=1 cs=1]
              RenderInline {FONT} at (0,0) size 3x11
                RenderText {#text} at (0,0) size 3x11
                  text run at (0,0) width 3: " "
            RenderTableCell {TD} at (502,330) size 8x11 [bgcolor=#FDFDFB] [r=30 c=64 rs=1 cs=1]
              RenderInline {FONT} at (0,0) size 3x11
                RenderText {#text} at (0,0) size 3x11
                  text run at (0,0) width 3: " "
            RenderTableCell {TD} at (509,330) size 9x11 [bgcolor=#CECFCF] [r=30 c=65 rs=1 cs=1]
              RenderInline {FONT} at (0,0) size 3x11
                RenderText {#text} at (0,0) size 3x11
                  text run at (0,0) width 3: " "
            RenderTableCell {TD} at (517,330) size 9x11 [bgcolor=#7B918F] [r=30 c=66 rs=1 cs=1]
              RenderInline {FONT} at (0,0) size 3x11
                RenderText {#text} at (0,0) size 3x11
                  text run at (0,0) width 3: " "
            RenderTableCell {TD} at (525,330) size 9x11 [bgcolor=#305D5D] [r=30 c=67 rs=1 cs=1]
              RenderInline {FONT} at (0,0) size 3x11
                RenderText {#text} at (0,0) size 3x11
                  text run at (0,0) width 3: " "
            RenderTableCell {TD} at (533,330) size 9x11 [bgcolor=#044140] [r=30 c=68 rs=1 cs=1]
              RenderInline {FONT} at (0,0) size 3x11
                RenderText {#text} at (0,0) size 3x11
                  text run at (0,0) width 3: " "
            RenderTableCell {TD} at (541,330) size 9x11 [bgcolor=#044140] [r=30 c=69 rs=1 cs=1]
              RenderInline {FONT} at (0,0) size 3x11
                RenderText {#text} at (0,0) size 3x11
                  text run at (0,0) width 3: " "
            RenderTableCell {TD} at (549,330) size 8x11 [bgcolor=#044140] [r=30 c=70 rs=1 cs=1]
              RenderInline {FONT} at (0,0) size 3x11
                RenderText {#text} at (0,0) size 3x11
                  text run at (0,0) width 3: " "
            RenderTableCell {TD} at (556,330) size 9x11 [bgcolor=#044F4F] [r=30 c=71 rs=1 cs=1]
              RenderInline {FONT} at (0,0) size 3x11
                RenderText {#text} at (0,0) size 3x11
                  text run at (0,0) width 3: " "
            RenderTableCell {TD} at (564,330) size 9x11 [bgcolor=#044F4F] [r=30 c=72 rs=1 cs=1]
              RenderInline {FONT} at (0,0) size 3x11
                RenderText {#text} at (0,0) size 3x11
                  text run at (0,0) width 3: " "
            RenderTableCell {TD} at (572,330) size 9x11 [bgcolor=#044F4F] [r=30 c=73 rs=1 cs=1]
              RenderInline {FONT} at (0,0) size 3x11
                RenderText {#text} at (0,0) size 3x11
                  text run at (0,0) width 3: " "
            RenderTableCell {TD} at (580,330) size 9x11 [bgcolor=#044F4F] [r=30 c=74 rs=1 cs=1]
              RenderInline {FONT} at (0,0) size 3x11
                RenderText {#text} at (0,0) size 3x11
                  text run at (0,0) width 3: " "
            RenderTableCell {TD} at (588,330) size 9x11 [bgcolor=#044F4F] [r=30 c=75 rs=1 cs=1]
              RenderInline {FONT} at (0,0) size 3x11
                RenderText {#text} at (0,0) size 3x11
                  text run at (0,0) width 3: " "
            RenderTableCell {TD} at (596,330) size 8x11 [bgcolor=#044F4F] [r=30 c=76 rs=1 cs=1]
              RenderInline {FONT} at (0,0) size 3x11
                RenderText {#text} at (0,0) size 3x11
                  text run at (0,0) width 3: " "
            RenderTableCell {TD} at (603,330) size 9x11 [bgcolor=#044F4F] [r=30 c=77 rs=1 cs=1]
              RenderInline {FONT} at (0,0) size 3x11
                RenderText {#text} at (0,0) size 3x11
                  text run at (0,0) width 3: " "
            RenderTableCell {TD} at (611,330) size 9x11 [bgcolor=#044140] [r=30 c=78 rs=1 cs=1]
              RenderInline {FONT} at (0,0) size 3x11
                RenderText {#text} at (0,0) size 3x11
                  text run at (0,0) width 3: " "
            RenderTableCell {TD} at (619,330) size 9x11 [bgcolor=#044140] [r=30 c=79 rs=1 cs=1]
              RenderInline {FONT} at (0,0) size 3x11
                RenderText {#text} at (0,0) size 3x11
                  text run at (0,0) width 3: " "
            RenderTableCell {TD} at (627,330) size 9x11 [bgcolor=#044140] [r=30 c=80 rs=1 cs=1]
              RenderInline {FONT} at (0,0) size 3x11
                RenderText {#text} at (0,0) size 3x11
                  text run at (0,0) width 3: " "
            RenderTableCell {TD} at (635,330) size 9x11 [bgcolor=#044140] [r=30 c=81 rs=1 cs=1]
              RenderInline {FONT} at (0,0) size 3x11
                RenderText {#text} at (0,0) size 3x11
                  text run at (0,0) width 3: " "
            RenderTableCell {TD} at (643,330) size 9x11 [bgcolor=#044140] [r=30 c=82 rs=1 cs=1]
              RenderInline {FONT} at (0,0) size 3x11
                RenderText {#text} at (0,0) size 3x11
                  text run at (0,0) width 3: " "
            RenderTableCell {TD} at (651,330) size 8x11 [bgcolor=#044140] [r=30 c=83 rs=1 cs=1]
              RenderInline {FONT} at (0,0) size 3x11
                RenderText {#text} at (0,0) size 3x11
                  text run at (0,0) width 3: " "
            RenderTableCell {TD} at (658,330) size 9x11 [bgcolor=#044140] [r=30 c=84 rs=1 cs=1]
              RenderInline {FONT} at (0,0) size 3x11
                RenderText {#text} at (0,0) size 3x11
                  text run at (0,0) width 3: " "
            RenderTableCell {TD} at (666,330) size 9x11 [bgcolor=#083131] [r=30 c=85 rs=1 cs=1]
              RenderInline {FONT} at (0,0) size 3x11
                RenderText {#text} at (0,0) size 3x11
                  text run at (0,0) width 3: " "
            RenderTableCell {TD} at (674,330) size 9x11 [bgcolor=#083131] [r=30 c=86 rs=1 cs=1]
              RenderInline {FONT} at (0,0) size 3x11
                RenderText {#text} at (0,0) size 3x11
                  text run at (0,0) width 3: " "
            RenderTableCell {TD} at (682,330) size 9x11 [bgcolor=#083131] [r=30 c=87 rs=1 cs=1]
              RenderInline {FONT} at (0,0) size 3x11
                RenderText {#text} at (0,0) size 3x11
                  text run at (0,0) width 3: " "
            RenderTableCell {TD} at (690,330) size 9x11 [bgcolor=#344C4E] [r=30 c=88 rs=1 cs=1]
              RenderInline {FONT} at (0,0) size 3x11
                RenderText {#text} at (0,0) size 3x11
                  text run at (0,0) width 3: " "
            RenderTableCell {TD} at (698,330) size 8x11 [bgcolor=#515C5B] [r=30 c=89 rs=1 cs=1]
              RenderInline {FONT} at (0,0) size 3x11
                RenderText {#text} at (0,0) size 3x11
                  text run at (0,0) width 3: " "
            RenderTableCell {TD} at (705,330) size 9x11 [bgcolor=#777878] [r=30 c=90 rs=1 cs=1]
              RenderInline {FONT} at (0,0) size 3x11
                RenderText {#text} at (0,0) size 3x11
                  text run at (0,0) width 3: " "
            RenderTableCell {TD} at (713,330) size 9x11 [bgcolor=#939494] [r=30 c=91 rs=1 cs=1]
              RenderInline {FONT} at (0,0) size 3x11
                RenderText {#text} at (0,0) size 3x11
                  text run at (0,0) width 3: " "
            RenderTableCell {TD} at (721,330) size 9x11 [bgcolor=#A5A6A6] [r=30 c=92 rs=1 cs=1]
              RenderInline {FONT} at (0,0) size 3x11
                RenderText {#text} at (0,0) size 3x11
                  text run at (0,0) width 3: " "
            RenderTableCell {TD} at (729,330) size 9x11 [bgcolor=#CECFCF] [r=30 c=93 rs=1 cs=1]
              RenderInline {FONT} at (0,0) size 3x11
                RenderText {#text} at (0,0) size 3x11
                  text run at (0,0) width 3: " "
            RenderTableCell {TD} at (737,330) size 9x11 [bgcolor=#E0EAE9] [r=30 c=94 rs=1 cs=1]
              RenderInline {FONT} at (0,0) size 3x11
                RenderText {#text} at (0,0) size 3x11
                  text run at (0,0) width 3: " "
            RenderTableCell {TD} at (745,330) size 8x11 [bgcolor=#FDFDFB] [r=30 c=95 rs=1 cs=1]
              RenderInline {FONT} at (0,0) size 3x11
                RenderText {#text} at (0,0) size 3x11
                  text run at (0,0) width 3: " "
            RenderTableCell {TD} at (753,330) size 8x11 [bgcolor=#FDFDFB] [r=30 c=96 rs=1 cs=1]
              RenderInline {FONT} at (0,0) size 3x11
                RenderText {#text} at (0,0) size 3x11
                  text run at (0,0) width 3: " "
            RenderTableCell {TD} at (760,330) size 9x11 [bgcolor=#FDFDFB] [r=30 c=97 rs=1 cs=1]
              RenderInline {FONT} at (0,0) size 3x11
                RenderText {#text} at (0,0) size 3x11
                  text run at (0,0) width 3: " "
            RenderTableCell {TD} at (768,330) size 9x11 [bgcolor=#FDFDFB] [r=30 c=98 rs=1 cs=1]
              RenderInline {FONT} at (0,0) size 3x11
                RenderText {#text} at (0,0) size 3x11
                  text run at (0,0) width 3: " "
            RenderTableCell {TD} at (776,330) size 9x11 [bgcolor=#FDFDFB] [r=30 c=99 rs=1 cs=1]
              RenderInline {FONT} at (0,0) size 3x11
                RenderText {#text} at (0,0) size 3x11
                  text run at (0,0) width 3: " "
          RenderTableRow {TR} at (0,341) size 784x11
            RenderTableCell {TD} at (0,341) size 8x11 [bgcolor=#FDFDFB] [r=31 c=0 rs=1 cs=1]
              RenderInline {FONT} at (0,0) size 3x11
                RenderText {#text} at (0,0) size 3x11
                  text run at (0,0) width 3: " "
            RenderTableCell {TD} at (7,341) size 9x11 [bgcolor=#FDFDFB] [r=31 c=1 rs=1 cs=1]
              RenderInline {FONT} at (0,0) size 3x11
                RenderText {#text} at (0,0) size 3x11
                  text run at (0,0) width 3: " "
            RenderTableCell {TD} at (15,341) size 9x11 [bgcolor=#FDFDFB] [r=31 c=2 rs=1 cs=1]
              RenderInline {FONT} at (0,0) size 3x11
                RenderText {#text} at (0,0) size 3x11
                  text run at (0,0) width 3: " "
            RenderTableCell {TD} at (23,341) size 9x11 [bgcolor=#FDFDFB] [r=31 c=3 rs=1 cs=1]
              RenderInline {FONT} at (0,0) size 3x11
                RenderText {#text} at (0,0) size 3x11
                  text run at (0,0) width 3: " "
            RenderTableCell {TD} at (31,341) size 9x11 [bgcolor=#FDFDFB] [r=31 c=4 rs=1 cs=1]
              RenderInline {FONT} at (0,0) size 3x11
                RenderText {#text} at (0,0) size 3x11
                  text run at (0,0) width 3: " "
            RenderTableCell {TD} at (39,341) size 9x11 [bgcolor=#FDFDFB] [r=31 c=5 rs=1 cs=1]
              RenderInline {FONT} at (0,0) size 3x11
                RenderText {#text} at (0,0) size 3x11
                  text run at (0,0) width 3: " "
            RenderTableCell {TD} at (47,341) size 8x11 [bgcolor=#FDFDFB] [r=31 c=6 rs=1 cs=1]
              RenderInline {FONT} at (0,0) size 3x11
                RenderText {#text} at (0,0) size 3x11
                  text run at (0,0) width 3: " "
            RenderTableCell {TD} at (54,341) size 9x11 [bgcolor=#FDFDFB] [r=31 c=7 rs=1 cs=1]
              RenderInline {FONT} at (0,0) size 3x11
                RenderText {#text} at (0,0) size 3x11
                  text run at (0,0) width 3: " "
            RenderTableCell {TD} at (62,341) size 9x11 [bgcolor=#FDFDFB] [r=31 c=8 rs=1 cs=1]
              RenderInline {FONT} at (0,0) size 3x11
                RenderText {#text} at (0,0) size 3x11
                  text run at (0,0) width 3: " "
            RenderTableCell {TD} at (70,341) size 9x11 [bgcolor=#FDFDFB] [r=31 c=9 rs=1 cs=1]
              RenderInline {FONT} at (0,0) size 3x11
                RenderText {#text} at (0,0) size 3x11
                  text run at (0,0) width 3: " "
            RenderTableCell {TD} at (78,341) size 9x11 [bgcolor=#FDFDFB] [r=31 c=10 rs=1 cs=1]
              RenderInline {FONT} at (0,0) size 3x11
                RenderText {#text} at (0,0) size 3x11
                  text run at (0,0) width 3: " "
            RenderTableCell {TD} at (86,341) size 9x11 [bgcolor=#FDFDFB] [r=31 c=11 rs=1 cs=1]
              RenderInline {FONT} at (0,0) size 3x11
                RenderText {#text} at (0,0) size 3x11
                  text run at (0,0) width 3: " "
            RenderTableCell {TD} at (94,341) size 8x11 [bgcolor=#FDFDFB] [r=31 c=12 rs=1 cs=1]
              RenderInline {FONT} at (0,0) size 3x11
                RenderText {#text} at (0,0) size 3x11
                  text run at (0,0) width 3: " "
            RenderTableCell {TD} at (101,341) size 9x11 [bgcolor=#FDFDFB] [r=31 c=13 rs=1 cs=1]
              RenderInline {FONT} at (0,0) size 3x11
                RenderText {#text} at (0,0) size 3x11
                  text run at (0,0) width 3: " "
            RenderTableCell {TD} at (109,341) size 9x11 [bgcolor=#FDFDFB] [r=31 c=14 rs=1 cs=1]
              RenderInline {FONT} at (0,0) size 3x11
                RenderText {#text} at (0,0) size 3x11
                  text run at (0,0) width 3: " "
            RenderTableCell {TD} at (117,341) size 9x11 [bgcolor=#FDFDFB] [r=31 c=15 rs=1 cs=1]
              RenderInline {FONT} at (0,0) size 3x11
                RenderText {#text} at (0,0) size 3x11
                  text run at (0,0) width 3: " "
            RenderTableCell {TD} at (125,341) size 9x11 [bgcolor=#FDFDFB] [r=31 c=16 rs=1 cs=1]
              RenderInline {FONT} at (0,0) size 3x11
                RenderText {#text} at (0,0) size 3x11
                  text run at (0,0) width 3: " "
            RenderTableCell {TD} at (133,341) size 9x11 [bgcolor=#FDFDFB] [r=31 c=17 rs=1 cs=1]
              RenderInline {FONT} at (0,0) size 3x11
                RenderText {#text} at (0,0) size 3x11
                  text run at (0,0) width 3: " "
            RenderTableCell {TD} at (141,341) size 9x11 [bgcolor=#FDFDFB] [r=31 c=18 rs=1 cs=1]
              RenderInline {FONT} at (0,0) size 3x11
                RenderText {#text} at (0,0) size 3x11
                  text run at (0,0) width 3: " "
            RenderTableCell {TD} at (149,341) size 8x11 [bgcolor=#FDFDFB] [r=31 c=19 rs=1 cs=1]
              RenderInline {FONT} at (0,0) size 3x11
                RenderText {#text} at (0,0) size 3x11
                  text run at (0,0) width 3: " "
            RenderTableCell {TD} at (156,341) size 9x11 [bgcolor=#FDFDFB] [r=31 c=20 rs=1 cs=1]
              RenderInline {FONT} at (0,0) size 3x11
                RenderText {#text} at (0,0) size 3x11
                  text run at (0,0) width 3: " "
            RenderTableCell {TD} at (164,341) size 9x11 [bgcolor=#FDFDFB] [r=31 c=21 rs=1 cs=1]
              RenderInline {FONT} at (0,0) size 3x11
                RenderText {#text} at (0,0) size 3x11
                  text run at (0,0) width 3: " "
            RenderTableCell {TD} at (172,341) size 9x11 [bgcolor=#FDFDFB] [r=31 c=22 rs=1 cs=1]
              RenderInline {FONT} at (0,0) size 3x11
                RenderText {#text} at (0,0) size 3x11
                  text run at (0,0) width 3: " "
            RenderTableCell {TD} at (180,341) size 9x11 [bgcolor=#FDFDFB] [r=31 c=23 rs=1 cs=1]
              RenderInline {FONT} at (0,0) size 3x11
                RenderText {#text} at (0,0) size 3x11
                  text run at (0,0) width 3: " "
            RenderTableCell {TD} at (188,341) size 9x11 [bgcolor=#FDFDFB] [r=31 c=24 rs=1 cs=1]
              RenderInline {FONT} at (0,0) size 3x11
                RenderText {#text} at (0,0) size 3x11
                  text run at (0,0) width 3: " "
            RenderTableCell {TD} at (196,341) size 8x11 [bgcolor=#FDFDFB] [r=31 c=25 rs=1 cs=1]
              RenderInline {FONT} at (0,0) size 3x11
                RenderText {#text} at (0,0) size 3x11
                  text run at (0,0) width 3: " "
            RenderTableCell {TD} at (203,341) size 9x11 [bgcolor=#FDFDFB] [r=31 c=26 rs=1 cs=1]
              RenderInline {FONT} at (0,0) size 3x11
                RenderText {#text} at (0,0) size 3x11
                  text run at (0,0) width 3: " "
            RenderTableCell {TD} at (211,341) size 9x11 [bgcolor=#FDFDFB] [r=31 c=27 rs=1 cs=1]
              RenderInline {FONT} at (0,0) size 3x11
                RenderText {#text} at (0,0) size 3x11
                  text run at (0,0) width 3: " "
            RenderTableCell {TD} at (219,341) size 9x11 [bgcolor=#FDFDFB] [r=31 c=28 rs=1 cs=1]
              RenderInline {FONT} at (0,0) size 3x11
                RenderText {#text} at (0,0) size 3x11
                  text run at (0,0) width 3: " "
            RenderTableCell {TD} at (227,341) size 9x11 [bgcolor=#FDFDFB] [r=31 c=29 rs=1 cs=1]
              RenderInline {FONT} at (0,0) size 3x11
                RenderText {#text} at (0,0) size 3x11
                  text run at (0,0) width 3: " "
            RenderTableCell {TD} at (235,341) size 9x11 [bgcolor=#FDFDFB] [r=31 c=30 rs=1 cs=1]
              RenderInline {FONT} at (0,0) size 3x11
                RenderText {#text} at (0,0) size 3x11
                  text run at (0,0) width 3: " "
            RenderTableCell {TD} at (243,341) size 8x11 [bgcolor=#FDFDFB] [r=31 c=31 rs=1 cs=1]
              RenderInline {FONT} at (0,0) size 3x11
                RenderText {#text} at (0,0) size 3x11
                  text run at (0,0) width 3: " "
            RenderTableCell {TD} at (251,341) size 8x11 [bgcolor=#FDFDFB] [r=31 c=32 rs=1 cs=1]
              RenderInline {FONT} at (0,0) size 3x11
                RenderText {#text} at (0,0) size 3x11
                  text run at (0,0) width 3: " "
            RenderTableCell {TD} at (258,341) size 9x11 [bgcolor=#FDFDFB] [r=31 c=33 rs=1 cs=1]
              RenderInline {FONT} at (0,0) size 3x11
                RenderText {#text} at (0,0) size 3x11
                  text run at (0,0) width 3: " "
            RenderTableCell {TD} at (266,341) size 9x11 [bgcolor=#FDFDFB] [r=31 c=34 rs=1 cs=1]
              RenderInline {FONT} at (0,0) size 3x11
                RenderText {#text} at (0,0) size 3x11
                  text run at (0,0) width 3: " "
            RenderTableCell {TD} at (274,341) size 9x11 [bgcolor=#FDFDFB] [r=31 c=35 rs=1 cs=1]
              RenderInline {FONT} at (0,0) size 3x11
                RenderText {#text} at (0,0) size 3x11
                  text run at (0,0) width 3: " "
            RenderTableCell {TD} at (282,341) size 9x11 [bgcolor=#FDFDFB] [r=31 c=36 rs=1 cs=1]
              RenderInline {FONT} at (0,0) size 3x11
                RenderText {#text} at (0,0) size 3x11
                  text run at (0,0) width 3: " "
            RenderTableCell {TD} at (290,341) size 9x11 [bgcolor=#FDFDFB] [r=31 c=37 rs=1 cs=1]
              RenderInline {FONT} at (0,0) size 3x11
                RenderText {#text} at (0,0) size 3x11
                  text run at (0,0) width 3: " "
            RenderTableCell {TD} at (298,341) size 8x11 [bgcolor=#FDFDFB] [r=31 c=38 rs=1 cs=1]
              RenderInline {FONT} at (0,0) size 3x11
                RenderText {#text} at (0,0) size 3x11
                  text run at (0,0) width 3: " "
            RenderTableCell {TD} at (305,341) size 9x11 [bgcolor=#FDFDFB] [r=31 c=39 rs=1 cs=1]
              RenderInline {FONT} at (0,0) size 3x11
                RenderText {#text} at (0,0) size 3x11
                  text run at (0,0) width 3: " "
            RenderTableCell {TD} at (313,341) size 9x11 [bgcolor=#FDFDFB] [r=31 c=40 rs=1 cs=1]
              RenderInline {FONT} at (0,0) size 3x11
                RenderText {#text} at (0,0) size 3x11
                  text run at (0,0) width 3: " "
            RenderTableCell {TD} at (321,341) size 9x11 [bgcolor=#FDFDFB] [r=31 c=41 rs=1 cs=1]
              RenderInline {FONT} at (0,0) size 3x11
                RenderText {#text} at (0,0) size 3x11
                  text run at (0,0) width 3: " "
            RenderTableCell {TD} at (329,341) size 9x11 [bgcolor=#FDFDFB] [r=31 c=42 rs=1 cs=1]
              RenderInline {FONT} at (0,0) size 3x11
                RenderText {#text} at (0,0) size 3x11
                  text run at (0,0) width 3: " "
            RenderTableCell {TD} at (337,341) size 9x11 [bgcolor=#FDFDFB] [r=31 c=43 rs=1 cs=1]
              RenderInline {FONT} at (0,0) size 3x11
                RenderText {#text} at (0,0) size 3x11
                  text run at (0,0) width 3: " "
            RenderTableCell {TD} at (345,341) size 8x11 [bgcolor=#FDFDFB] [r=31 c=44 rs=1 cs=1]
              RenderInline {FONT} at (0,0) size 3x11
                RenderText {#text} at (0,0) size 3x11
                  text run at (0,0) width 3: " "
            RenderTableCell {TD} at (352,341) size 9x11 [bgcolor=#FDFDFB] [r=31 c=45 rs=1 cs=1]
              RenderInline {FONT} at (0,0) size 3x11
                RenderText {#text} at (0,0) size 3x11
                  text run at (0,0) width 3: " "
            RenderTableCell {TD} at (360,341) size 9x11 [bgcolor=#FDFDFB] [r=31 c=46 rs=1 cs=1]
              RenderInline {FONT} at (0,0) size 3x11
                RenderText {#text} at (0,0) size 3x11
                  text run at (0,0) width 3: " "
            RenderTableCell {TD} at (368,341) size 9x11 [bgcolor=#FDFDFB] [r=31 c=47 rs=1 cs=1]
              RenderInline {FONT} at (0,0) size 3x11
                RenderText {#text} at (0,0) size 3x11
                  text run at (0,0) width 3: " "
            RenderTableCell {TD} at (376,341) size 9x11 [bgcolor=#FDFDFB] [r=31 c=48 rs=1 cs=1]
              RenderInline {FONT} at (0,0) size 3x11
                RenderText {#text} at (0,0) size 3x11
                  text run at (0,0) width 3: " "
            RenderTableCell {TD} at (384,341) size 9x11 [bgcolor=#FDFDFB] [r=31 c=49 rs=1 cs=1]
              RenderInline {FONT} at (0,0) size 3x11
                RenderText {#text} at (0,0) size 3x11
                  text run at (0,0) width 3: " "
            RenderTableCell {TD} at (392,341) size 9x11 [bgcolor=#FDFDFB] [r=31 c=50 rs=1 cs=1]
              RenderInline {FONT} at (0,0) size 3x11
                RenderText {#text} at (0,0) size 3x11
                  text run at (0,0) width 3: " "
            RenderTableCell {TD} at (400,341) size 8x11 [bgcolor=#FDFDFB] [r=31 c=51 rs=1 cs=1]
              RenderInline {FONT} at (0,0) size 3x11
                RenderText {#text} at (0,0) size 3x11
                  text run at (0,0) width 3: " "
            RenderTableCell {TD} at (407,341) size 9x11 [bgcolor=#FDFDFB] [r=31 c=52 rs=1 cs=1]
              RenderInline {FONT} at (0,0) size 3x11
                RenderText {#text} at (0,0) size 3x11
                  text run at (0,0) width 3: " "
            RenderTableCell {TD} at (415,341) size 9x11 [bgcolor=#FDFDFB] [r=31 c=53 rs=1 cs=1]
              RenderInline {FONT} at (0,0) size 3x11
                RenderText {#text} at (0,0) size 3x11
                  text run at (0,0) width 3: " "
            RenderTableCell {TD} at (423,341) size 9x11 [bgcolor=#FDFDFB] [r=31 c=54 rs=1 cs=1]
              RenderInline {FONT} at (0,0) size 3x11
                RenderText {#text} at (0,0) size 3x11
                  text run at (0,0) width 3: " "
            RenderTableCell {TD} at (431,341) size 9x11 [bgcolor=#FDFDFB] [r=31 c=55 rs=1 cs=1]
              RenderInline {FONT} at (0,0) size 3x11
                RenderText {#text} at (0,0) size 3x11
                  text run at (0,0) width 3: " "
            RenderTableCell {TD} at (439,341) size 9x11 [bgcolor=#FDFDFB] [r=31 c=56 rs=1 cs=1]
              RenderInline {FONT} at (0,0) size 3x11
                RenderText {#text} at (0,0) size 3x11
                  text run at (0,0) width 3: " "
            RenderTableCell {TD} at (447,341) size 8x11 [bgcolor=#FDFDFB] [r=31 c=57 rs=1 cs=1]
              RenderInline {FONT} at (0,0) size 3x11
                RenderText {#text} at (0,0) size 3x11
                  text run at (0,0) width 3: " "
            RenderTableCell {TD} at (454,341) size 9x11 [bgcolor=#FDFDFB] [r=31 c=58 rs=1 cs=1]
              RenderInline {FONT} at (0,0) size 3x11
                RenderText {#text} at (0,0) size 3x11
                  text run at (0,0) width 3: " "
            RenderTableCell {TD} at (462,341) size 9x11 [bgcolor=#FDFDFB] [r=31 c=59 rs=1 cs=1]
              RenderInline {FONT} at (0,0) size 3x11
                RenderText {#text} at (0,0) size 3x11
                  text run at (0,0) width 3: " "
            RenderTableCell {TD} at (470,341) size 9x11 [bgcolor=#FDFDFB] [r=31 c=60 rs=1 cs=1]
              RenderInline {FONT} at (0,0) size 3x11
                RenderText {#text} at (0,0) size 3x11
                  text run at (0,0) width 3: " "
            RenderTableCell {TD} at (478,341) size 9x11 [bgcolor=#FDFDFB] [r=31 c=61 rs=1 cs=1]
              RenderInline {FONT} at (0,0) size 3x11
                RenderText {#text} at (0,0) size 3x11
                  text run at (0,0) width 3: " "
            RenderTableCell {TD} at (486,341) size 9x11 [bgcolor=#FDFDFB] [r=31 c=62 rs=1 cs=1]
              RenderInline {FONT} at (0,0) size 3x11
                RenderText {#text} at (0,0) size 3x11
                  text run at (0,0) width 3: " "
            RenderTableCell {TD} at (494,341) size 8x11 [bgcolor=#FDFDFB] [r=31 c=63 rs=1 cs=1]
              RenderInline {FONT} at (0,0) size 3x11
                RenderText {#text} at (0,0) size 3x11
                  text run at (0,0) width 3: " "
            RenderTableCell {TD} at (502,341) size 8x11 [bgcolor=#FDFDFB] [r=31 c=64 rs=1 cs=1]
              RenderInline {FONT} at (0,0) size 3x11
                RenderText {#text} at (0,0) size 3x11
                  text run at (0,0) width 3: " "
            RenderTableCell {TD} at (509,341) size 9x11 [bgcolor=#EDEEEF] [r=31 c=65 rs=1 cs=1]
              RenderInline {FONT} at (0,0) size 3x11
                RenderText {#text} at (0,0) size 3x11
                  text run at (0,0) width 3: " "
            RenderTableCell {TD} at (517,341) size 9x11 [bgcolor=#DEDFDF] [r=31 c=66 rs=1 cs=1]
              RenderInline {FONT} at (0,0) size 3x11
                RenderText {#text} at (0,0) size 3x11
                  text run at (0,0) width 3: " "
            RenderTableCell {TD} at (525,341) size 9x11 [bgcolor=#B4B4B4] [r=31 c=67 rs=1 cs=1]
              RenderInline {FONT} at (0,0) size 3x11
                RenderText {#text} at (0,0) size 3x11
                  text run at (0,0) width 3: " "
            RenderTableCell {TD} at (533,341) size 9x11 [bgcolor=#91A3A3] [r=31 c=68 rs=1 cs=1]
              RenderInline {FONT} at (0,0) size 3x11
                RenderText {#text} at (0,0) size 3x11
                  text run at (0,0) width 3: " "
            RenderTableCell {TD} at (541,341) size 9x11 [bgcolor=#848788] [r=31 c=69 rs=1 cs=1]
              RenderInline {FONT} at (0,0) size 3x11
                RenderText {#text} at (0,0) size 3x11
                  text run at (0,0) width 3: " "
            RenderTableCell {TD} at (549,341) size 8x11 [bgcolor=#647979] [r=31 c=70 rs=1 cs=1]
              RenderInline {FONT} at (0,0) size 3x11
                RenderText {#text} at (0,0) size 3x11
                  text run at (0,0) width 3: " "
            RenderTableCell {TD} at (556,341) size 9x11 [bgcolor=#515C5B] [r=31 c=71 rs=1 cs=1]
              RenderInline {FONT} at (0,0) size 3x11
                RenderText {#text} at (0,0) size 3x11
                  text run at (0,0) width 3: " "
            RenderTableCell {TD} at (564,341) size 9x11 [bgcolor=#425A5A] [r=31 c=72 rs=1 cs=1]
              RenderInline {FONT} at (0,0) size 3x11
                RenderText {#text} at (0,0) size 3x11
                  text run at (0,0) width 3: " "
            RenderTableCell {TD} at (572,341) size 9x11 [bgcolor=#344C4E] [r=31 c=73 rs=1 cs=1]
              RenderInline {FONT} at (0,0) size 3x11
                RenderText {#text} at (0,0) size 3x11
                  text run at (0,0) width 3: " "
            RenderTableCell {TD} at (580,341) size 9x11 [bgcolor=#344C4E] [r=31 c=74 rs=1 cs=1]
              RenderInline {FONT} at (0,0) size 3x11
                RenderText {#text} at (0,0) size 3x11
                  text run at (0,0) width 3: " "
            RenderTableCell {TD} at (588,341) size 9x11 [bgcolor=#344C4E] [r=31 c=75 rs=1 cs=1]
              RenderInline {FONT} at (0,0) size 3x11
                RenderText {#text} at (0,0) size 3x11
                  text run at (0,0) width 3: " "
            RenderTableCell {TD} at (596,341) size 8x11 [bgcolor=#274C4D] [r=31 c=76 rs=1 cs=1]
              RenderInline {FONT} at (0,0) size 3x11
                RenderText {#text} at (0,0) size 3x11
                  text run at (0,0) width 3: " "
            RenderTableCell {TD} at (603,341) size 9x11 [bgcolor=#274C4D] [r=31 c=77 rs=1 cs=1]
              RenderInline {FONT} at (0,0) size 3x11
                RenderText {#text} at (0,0) size 3x11
                  text run at (0,0) width 3: " "
            RenderTableCell {TD} at (611,341) size 9x11 [bgcolor=#223C3D] [r=31 c=78 rs=1 cs=1]
              RenderInline {FONT} at (0,0) size 3x11
                RenderText {#text} at (0,0) size 3x11
                  text run at (0,0) width 3: " "
            RenderTableCell {TD} at (619,341) size 9x11 [bgcolor=#274C4D] [r=31 c=79 rs=1 cs=1]
              RenderInline {FONT} at (0,0) size 3x11
                RenderText {#text} at (0,0) size 3x11
                  text run at (0,0) width 3: " "
            RenderTableCell {TD} at (627,341) size 9x11 [bgcolor=#274C4D] [r=31 c=80 rs=1 cs=1]
              RenderInline {FONT} at (0,0) size 3x11
                RenderText {#text} at (0,0) size 3x11
                  text run at (0,0) width 3: " "
            RenderTableCell {TD} at (635,341) size 9x11 [bgcolor=#274C4D] [r=31 c=81 rs=1 cs=1]
              RenderInline {FONT} at (0,0) size 3x11
                RenderText {#text} at (0,0) size 3x11
                  text run at (0,0) width 3: " "
            RenderTableCell {TD} at (643,341) size 9x11 [bgcolor=#344C4E] [r=31 c=82 rs=1 cs=1]
              RenderInline {FONT} at (0,0) size 3x11
                RenderText {#text} at (0,0) size 3x11
                  text run at (0,0) width 3: " "
            RenderTableCell {TD} at (651,341) size 8x11 [bgcolor=#344C4E] [r=31 c=83 rs=1 cs=1]
              RenderInline {FONT} at (0,0) size 3x11
                RenderText {#text} at (0,0) size 3x11
                  text run at (0,0) width 3: " "
            RenderTableCell {TD} at (658,341) size 9x11 [bgcolor=#344C4E] [r=31 c=84 rs=1 cs=1]
              RenderInline {FONT} at (0,0) size 3x11
                RenderText {#text} at (0,0) size 3x11
                  text run at (0,0) width 3: " "
            RenderTableCell {TD} at (666,341) size 9x11 [bgcolor=#5E5F60] [r=31 c=85 rs=1 cs=1]
              RenderInline {FONT} at (0,0) size 3x11
                RenderText {#text} at (0,0) size 3x11
                  text run at (0,0) width 3: " "
            RenderTableCell {TD} at (674,341) size 9x11 [bgcolor=#777878] [r=31 c=86 rs=1 cs=1]
              RenderInline {FONT} at (0,0) size 3x11
                RenderText {#text} at (0,0) size 3x11
                  text run at (0,0) width 3: " "
            RenderTableCell {TD} at (682,341) size 9x11 [bgcolor=#848788] [r=31 c=87 rs=1 cs=1]
              RenderInline {FONT} at (0,0) size 3x11
                RenderText {#text} at (0,0) size 3x11
                  text run at (0,0) width 3: " "
            RenderTableCell {TD} at (690,341) size 9x11 [bgcolor=#848788] [r=31 c=88 rs=1 cs=1]
              RenderInline {FONT} at (0,0) size 3x11
                RenderText {#text} at (0,0) size 3x11
                  text run at (0,0) width 3: " "
            RenderTableCell {TD} at (698,341) size 8x11 [bgcolor=#939494] [r=31 c=89 rs=1 cs=1]
              RenderInline {FONT} at (0,0) size 3x11
                RenderText {#text} at (0,0) size 3x11
                  text run at (0,0) width 3: " "
            RenderTableCell {TD} at (705,341) size 9x11 [bgcolor=#B4B4B4] [r=31 c=90 rs=1 cs=1]
              RenderInline {FONT} at (0,0) size 3x11
                RenderText {#text} at (0,0) size 3x11
                  text run at (0,0) width 3: " "
            RenderTableCell {TD} at (713,341) size 9x11 [bgcolor=#BEC2C2] [r=31 c=91 rs=1 cs=1]
              RenderInline {FONT} at (0,0) size 3x11
                RenderText {#text} at (0,0) size 3x11
                  text run at (0,0) width 3: " "
            RenderTableCell {TD} at (721,341) size 9x11 [bgcolor=#DEDFDF] [r=31 c=92 rs=1 cs=1]
              RenderInline {FONT} at (0,0) size 3x11
                RenderText {#text} at (0,0) size 3x11
                  text run at (0,0) width 3: " "
            RenderTableCell {TD} at (729,341) size 9x11 [bgcolor=#EDEEEF] [r=31 c=93 rs=1 cs=1]
              RenderInline {FONT} at (0,0) size 3x11
                RenderText {#text} at (0,0) size 3x11
                  text run at (0,0) width 3: " "
            RenderTableCell {TD} at (737,341) size 9x11 [bgcolor=#FDFDFB] [r=31 c=94 rs=1 cs=1]
              RenderInline {FONT} at (0,0) size 3x11
                RenderText {#text} at (0,0) size 3x11
                  text run at (0,0) width 3: " "
            RenderTableCell {TD} at (745,341) size 8x11 [bgcolor=#FDFDFB] [r=31 c=95 rs=1 cs=1]
              RenderInline {FONT} at (0,0) size 3x11
                RenderText {#text} at (0,0) size 3x11
                  text run at (0,0) width 3: " "
            RenderTableCell {TD} at (753,341) size 8x11 [bgcolor=#FDFDFB] [r=31 c=96 rs=1 cs=1]
              RenderInline {FONT} at (0,0) size 3x11
                RenderText {#text} at (0,0) size 3x11
                  text run at (0,0) width 3: " "
            RenderTableCell {TD} at (760,341) size 9x11 [bgcolor=#FDFDFB] [r=31 c=97 rs=1 cs=1]
              RenderInline {FONT} at (0,0) size 3x11
                RenderText {#text} at (0,0) size 3x11
                  text run at (0,0) width 3: " "
            RenderTableCell {TD} at (768,341) size 9x11 [bgcolor=#FDFDFB] [r=31 c=98 rs=1 cs=1]
              RenderInline {FONT} at (0,0) size 3x11
                RenderText {#text} at (0,0) size 3x11
                  text run at (0,0) width 3: " "
            RenderTableCell {TD} at (776,341) size 9x11 [bgcolor=#FDFDFB] [r=31 c=99 rs=1 cs=1]
              RenderInline {FONT} at (0,0) size 3x11
                RenderText {#text} at (0,0) size 3x11
                  text run at (0,0) width 3: " "
          RenderTableRow {TR} at (0,352) size 784x11
            RenderTableCell {TD} at (0,352) size 8x11 [bgcolor=#FDFDFB] [r=32 c=0 rs=1 cs=1]
              RenderInline {FONT} at (0,0) size 3x11
                RenderText {#text} at (0,0) size 3x11
                  text run at (0,0) width 3: " "
            RenderTableCell {TD} at (7,352) size 9x11 [bgcolor=#FDFDFB] [r=32 c=1 rs=1 cs=1]
              RenderInline {FONT} at (0,0) size 3x11
                RenderText {#text} at (0,0) size 3x11
                  text run at (0,0) width 3: " "
            RenderTableCell {TD} at (15,352) size 9x11 [bgcolor=#FDFDFB] [r=32 c=2 rs=1 cs=1]
              RenderInline {FONT} at (0,0) size 3x11
                RenderText {#text} at (0,0) size 3x11
                  text run at (0,0) width 3: " "
            RenderTableCell {TD} at (23,352) size 9x11 [bgcolor=#FDFDFB] [r=32 c=3 rs=1 cs=1]
              RenderInline {FONT} at (0,0) size 3x11
                RenderText {#text} at (0,0) size 3x11
                  text run at (0,0) width 3: " "
            RenderTableCell {TD} at (31,352) size 9x11 [bgcolor=#FDFDFB] [r=32 c=4 rs=1 cs=1]
              RenderInline {FONT} at (0,0) size 3x11
                RenderText {#text} at (0,0) size 3x11
                  text run at (0,0) width 3: " "
            RenderTableCell {TD} at (39,352) size 9x11 [bgcolor=#FDFDFB] [r=32 c=5 rs=1 cs=1]
              RenderInline {FONT} at (0,0) size 3x11
                RenderText {#text} at (0,0) size 3x11
                  text run at (0,0) width 3: " "
            RenderTableCell {TD} at (47,352) size 8x11 [bgcolor=#FDFDFB] [r=32 c=6 rs=1 cs=1]
              RenderInline {FONT} at (0,0) size 3x11
                RenderText {#text} at (0,0) size 3x11
                  text run at (0,0) width 3: " "
            RenderTableCell {TD} at (54,352) size 9x11 [bgcolor=#FDFDFB] [r=32 c=7 rs=1 cs=1]
              RenderInline {FONT} at (0,0) size 3x11
                RenderText {#text} at (0,0) size 3x11
                  text run at (0,0) width 3: " "
            RenderTableCell {TD} at (62,352) size 9x11 [bgcolor=#FDFDFB] [r=32 c=8 rs=1 cs=1]
              RenderInline {FONT} at (0,0) size 3x11
                RenderText {#text} at (0,0) size 3x11
                  text run at (0,0) width 3: " "
            RenderTableCell {TD} at (70,352) size 9x11 [bgcolor=#FDFDFB] [r=32 c=9 rs=1 cs=1]
              RenderInline {FONT} at (0,0) size 3x11
                RenderText {#text} at (0,0) size 3x11
                  text run at (0,0) width 3: " "
            RenderTableCell {TD} at (78,352) size 9x11 [bgcolor=#FDFDFB] [r=32 c=10 rs=1 cs=1]
              RenderInline {FONT} at (0,0) size 3x11
                RenderText {#text} at (0,0) size 3x11
                  text run at (0,0) width 3: " "
            RenderTableCell {TD} at (86,352) size 9x11 [bgcolor=#FDFDFB] [r=32 c=11 rs=1 cs=1]
              RenderInline {FONT} at (0,0) size 3x11
                RenderText {#text} at (0,0) size 3x11
                  text run at (0,0) width 3: " "
            RenderTableCell {TD} at (94,352) size 8x11 [bgcolor=#FDFDFB] [r=32 c=12 rs=1 cs=1]
              RenderInline {FONT} at (0,0) size 3x11
                RenderText {#text} at (0,0) size 3x11
                  text run at (0,0) width 3: " "
            RenderTableCell {TD} at (101,352) size 9x11 [bgcolor=#FDFDFB] [r=32 c=13 rs=1 cs=1]
              RenderInline {FONT} at (0,0) size 3x11
                RenderText {#text} at (0,0) size 3x11
                  text run at (0,0) width 3: " "
            RenderTableCell {TD} at (109,352) size 9x11 [bgcolor=#FDFDFB] [r=32 c=14 rs=1 cs=1]
              RenderInline {FONT} at (0,0) size 3x11
                RenderText {#text} at (0,0) size 3x11
                  text run at (0,0) width 3: " "
            RenderTableCell {TD} at (117,352) size 9x11 [bgcolor=#FDFDFB] [r=32 c=15 rs=1 cs=1]
              RenderInline {FONT} at (0,0) size 3x11
                RenderText {#text} at (0,0) size 3x11
                  text run at (0,0) width 3: " "
            RenderTableCell {TD} at (125,352) size 9x11 [bgcolor=#FDFDFB] [r=32 c=16 rs=1 cs=1]
              RenderInline {FONT} at (0,0) size 3x11
                RenderText {#text} at (0,0) size 3x11
                  text run at (0,0) width 3: " "
            RenderTableCell {TD} at (133,352) size 9x11 [bgcolor=#FDFDFB] [r=32 c=17 rs=1 cs=1]
              RenderInline {FONT} at (0,0) size 3x11
                RenderText {#text} at (0,0) size 3x11
                  text run at (0,0) width 3: " "
            RenderTableCell {TD} at (141,352) size 9x11 [bgcolor=#FDFDFB] [r=32 c=18 rs=1 cs=1]
              RenderInline {FONT} at (0,0) size 3x11
                RenderText {#text} at (0,0) size 3x11
                  text run at (0,0) width 3: " "
            RenderTableCell {TD} at (149,352) size 8x11 [bgcolor=#FDFDFB] [r=32 c=19 rs=1 cs=1]
              RenderInline {FONT} at (0,0) size 3x11
                RenderText {#text} at (0,0) size 3x11
                  text run at (0,0) width 3: " "
            RenderTableCell {TD} at (156,352) size 9x11 [bgcolor=#FDFDFB] [r=32 c=20 rs=1 cs=1]
              RenderInline {FONT} at (0,0) size 3x11
                RenderText {#text} at (0,0) size 3x11
                  text run at (0,0) width 3: " "
            RenderTableCell {TD} at (164,352) size 9x11 [bgcolor=#FDFDFB] [r=32 c=21 rs=1 cs=1]
              RenderInline {FONT} at (0,0) size 3x11
                RenderText {#text} at (0,0) size 3x11
                  text run at (0,0) width 3: " "
            RenderTableCell {TD} at (172,352) size 9x11 [bgcolor=#FDFDFB] [r=32 c=22 rs=1 cs=1]
              RenderInline {FONT} at (0,0) size 3x11
                RenderText {#text} at (0,0) size 3x11
                  text run at (0,0) width 3: " "
            RenderTableCell {TD} at (180,352) size 9x11 [bgcolor=#FDFDFB] [r=32 c=23 rs=1 cs=1]
              RenderInline {FONT} at (0,0) size 3x11
                RenderText {#text} at (0,0) size 3x11
                  text run at (0,0) width 3: " "
            RenderTableCell {TD} at (188,352) size 9x11 [bgcolor=#FDFDFB] [r=32 c=24 rs=1 cs=1]
              RenderInline {FONT} at (0,0) size 3x11
                RenderText {#text} at (0,0) size 3x11
                  text run at (0,0) width 3: " "
            RenderTableCell {TD} at (196,352) size 8x11 [bgcolor=#FDFDFB] [r=32 c=25 rs=1 cs=1]
              RenderInline {FONT} at (0,0) size 3x11
                RenderText {#text} at (0,0) size 3x11
                  text run at (0,0) width 3: " "
            RenderTableCell {TD} at (203,352) size 9x11 [bgcolor=#FDFDFB] [r=32 c=26 rs=1 cs=1]
              RenderInline {FONT} at (0,0) size 3x11
                RenderText {#text} at (0,0) size 3x11
                  text run at (0,0) width 3: " "
            RenderTableCell {TD} at (211,352) size 9x11 [bgcolor=#FDFDFB] [r=32 c=27 rs=1 cs=1]
              RenderInline {FONT} at (0,0) size 3x11
                RenderText {#text} at (0,0) size 3x11
                  text run at (0,0) width 3: " "
            RenderTableCell {TD} at (219,352) size 9x11 [bgcolor=#FDFDFB] [r=32 c=28 rs=1 cs=1]
              RenderInline {FONT} at (0,0) size 3x11
                RenderText {#text} at (0,0) size 3x11
                  text run at (0,0) width 3: " "
            RenderTableCell {TD} at (227,352) size 9x11 [bgcolor=#FDFDFB] [r=32 c=29 rs=1 cs=1]
              RenderInline {FONT} at (0,0) size 3x11
                RenderText {#text} at (0,0) size 3x11
                  text run at (0,0) width 3: " "
            RenderTableCell {TD} at (235,352) size 9x11 [bgcolor=#FDFDFB] [r=32 c=30 rs=1 cs=1]
              RenderInline {FONT} at (0,0) size 3x11
                RenderText {#text} at (0,0) size 3x11
                  text run at (0,0) width 3: " "
            RenderTableCell {TD} at (243,352) size 8x11 [bgcolor=#FDFDFB] [r=32 c=31 rs=1 cs=1]
              RenderInline {FONT} at (0,0) size 3x11
                RenderText {#text} at (0,0) size 3x11
                  text run at (0,0) width 3: " "
            RenderTableCell {TD} at (251,352) size 8x11 [bgcolor=#FDFDFB] [r=32 c=32 rs=1 cs=1]
              RenderInline {FONT} at (0,0) size 3x11
                RenderText {#text} at (0,0) size 3x11
                  text run at (0,0) width 3: " "
            RenderTableCell {TD} at (258,352) size 9x11 [bgcolor=#FDFDFB] [r=32 c=33 rs=1 cs=1]
              RenderInline {FONT} at (0,0) size 3x11
                RenderText {#text} at (0,0) size 3x11
                  text run at (0,0) width 3: " "
            RenderTableCell {TD} at (266,352) size 9x11 [bgcolor=#FDFDFB] [r=32 c=34 rs=1 cs=1]
              RenderInline {FONT} at (0,0) size 3x11
                RenderText {#text} at (0,0) size 3x11
                  text run at (0,0) width 3: " "
            RenderTableCell {TD} at (274,352) size 9x11 [bgcolor=#FDFDFB] [r=32 c=35 rs=1 cs=1]
              RenderInline {FONT} at (0,0) size 3x11
                RenderText {#text} at (0,0) size 3x11
                  text run at (0,0) width 3: " "
            RenderTableCell {TD} at (282,352) size 9x11 [bgcolor=#FDFDFB] [r=32 c=36 rs=1 cs=1]
              RenderInline {FONT} at (0,0) size 3x11
                RenderText {#text} at (0,0) size 3x11
                  text run at (0,0) width 3: " "
            RenderTableCell {TD} at (290,352) size 9x11 [bgcolor=#FDFDFB] [r=32 c=37 rs=1 cs=1]
              RenderInline {FONT} at (0,0) size 3x11
                RenderText {#text} at (0,0) size 3x11
                  text run at (0,0) width 3: " "
            RenderTableCell {TD} at (298,352) size 8x11 [bgcolor=#FDFDFB] [r=32 c=38 rs=1 cs=1]
              RenderInline {FONT} at (0,0) size 3x11
                RenderText {#text} at (0,0) size 3x11
                  text run at (0,0) width 3: " "
            RenderTableCell {TD} at (305,352) size 9x11 [bgcolor=#FDFDFB] [r=32 c=39 rs=1 cs=1]
              RenderInline {FONT} at (0,0) size 3x11
                RenderText {#text} at (0,0) size 3x11
                  text run at (0,0) width 3: " "
            RenderTableCell {TD} at (313,352) size 9x11 [bgcolor=#FDFDFB] [r=32 c=40 rs=1 cs=1]
              RenderInline {FONT} at (0,0) size 3x11
                RenderText {#text} at (0,0) size 3x11
                  text run at (0,0) width 3: " "
            RenderTableCell {TD} at (321,352) size 9x11 [bgcolor=#FDFDFB] [r=32 c=41 rs=1 cs=1]
              RenderInline {FONT} at (0,0) size 3x11
                RenderText {#text} at (0,0) size 3x11
                  text run at (0,0) width 3: " "
            RenderTableCell {TD} at (329,352) size 9x11 [bgcolor=#FDFDFB] [r=32 c=42 rs=1 cs=1]
              RenderInline {FONT} at (0,0) size 3x11
                RenderText {#text} at (0,0) size 3x11
                  text run at (0,0) width 3: " "
            RenderTableCell {TD} at (337,352) size 9x11 [bgcolor=#FDFDFB] [r=32 c=43 rs=1 cs=1]
              RenderInline {FONT} at (0,0) size 3x11
                RenderText {#text} at (0,0) size 3x11
                  text run at (0,0) width 3: " "
            RenderTableCell {TD} at (345,352) size 8x11 [bgcolor=#FDFDFB] [r=32 c=44 rs=1 cs=1]
              RenderInline {FONT} at (0,0) size 3x11
                RenderText {#text} at (0,0) size 3x11
                  text run at (0,0) width 3: " "
            RenderTableCell {TD} at (352,352) size 9x11 [bgcolor=#FDFDFB] [r=32 c=45 rs=1 cs=1]
              RenderInline {FONT} at (0,0) size 3x11
                RenderText {#text} at (0,0) size 3x11
                  text run at (0,0) width 3: " "
            RenderTableCell {TD} at (360,352) size 9x11 [bgcolor=#FDFDFB] [r=32 c=46 rs=1 cs=1]
              RenderInline {FONT} at (0,0) size 3x11
                RenderText {#text} at (0,0) size 3x11
                  text run at (0,0) width 3: " "
            RenderTableCell {TD} at (368,352) size 9x11 [bgcolor=#FDFDFB] [r=32 c=47 rs=1 cs=1]
              RenderInline {FONT} at (0,0) size 3x11
                RenderText {#text} at (0,0) size 3x11
                  text run at (0,0) width 3: " "
            RenderTableCell {TD} at (376,352) size 9x11 [bgcolor=#FDFDFB] [r=32 c=48 rs=1 cs=1]
              RenderInline {FONT} at (0,0) size 3x11
                RenderText {#text} at (0,0) size 3x11
                  text run at (0,0) width 3: " "
            RenderTableCell {TD} at (384,352) size 9x11 [bgcolor=#FDFDFB] [r=32 c=49 rs=1 cs=1]
              RenderInline {FONT} at (0,0) size 3x11
                RenderText {#text} at (0,0) size 3x11
                  text run at (0,0) width 3: " "
            RenderTableCell {TD} at (392,352) size 9x11 [bgcolor=#FDFDFB] [r=32 c=50 rs=1 cs=1]
              RenderInline {FONT} at (0,0) size 3x11
                RenderText {#text} at (0,0) size 3x11
                  text run at (0,0) width 3: " "
            RenderTableCell {TD} at (400,352) size 8x11 [bgcolor=#FDFDFB] [r=32 c=51 rs=1 cs=1]
              RenderInline {FONT} at (0,0) size 3x11
                RenderText {#text} at (0,0) size 3x11
                  text run at (0,0) width 3: " "
            RenderTableCell {TD} at (407,352) size 9x11 [bgcolor=#FDFDFB] [r=32 c=52 rs=1 cs=1]
              RenderInline {FONT} at (0,0) size 3x11
                RenderText {#text} at (0,0) size 3x11
                  text run at (0,0) width 3: " "
            RenderTableCell {TD} at (415,352) size 9x11 [bgcolor=#FDFDFB] [r=32 c=53 rs=1 cs=1]
              RenderInline {FONT} at (0,0) size 3x11
                RenderText {#text} at (0,0) size 3x11
                  text run at (0,0) width 3: " "
            RenderTableCell {TD} at (423,352) size 9x11 [bgcolor=#FDFDFB] [r=32 c=54 rs=1 cs=1]
              RenderInline {FONT} at (0,0) size 3x11
                RenderText {#text} at (0,0) size 3x11
                  text run at (0,0) width 3: " "
            RenderTableCell {TD} at (431,352) size 9x11 [bgcolor=#FDFDFB] [r=32 c=55 rs=1 cs=1]
              RenderInline {FONT} at (0,0) size 3x11
                RenderText {#text} at (0,0) size 3x11
                  text run at (0,0) width 3: " "
            RenderTableCell {TD} at (439,352) size 9x11 [bgcolor=#FDFDFB] [r=32 c=56 rs=1 cs=1]
              RenderInline {FONT} at (0,0) size 3x11
                RenderText {#text} at (0,0) size 3x11
                  text run at (0,0) width 3: " "
            RenderTableCell {TD} at (447,352) size 8x11 [bgcolor=#FDFDFB] [r=32 c=57 rs=1 cs=1]
              RenderInline {FONT} at (0,0) size 3x11
                RenderText {#text} at (0,0) size 3x11
                  text run at (0,0) width 3: " "
            RenderTableCell {TD} at (454,352) size 9x11 [bgcolor=#FDFDFB] [r=32 c=58 rs=1 cs=1]
              RenderInline {FONT} at (0,0) size 3x11
                RenderText {#text} at (0,0) size 3x11
                  text run at (0,0) width 3: " "
            RenderTableCell {TD} at (462,352) size 9x11 [bgcolor=#FDFDFB] [r=32 c=59 rs=1 cs=1]
              RenderInline {FONT} at (0,0) size 3x11
                RenderText {#text} at (0,0) size 3x11
                  text run at (0,0) width 3: " "
            RenderTableCell {TD} at (470,352) size 9x11 [bgcolor=#FDFDFB] [r=32 c=60 rs=1 cs=1]
              RenderInline {FONT} at (0,0) size 3x11
                RenderText {#text} at (0,0) size 3x11
                  text run at (0,0) width 3: " "
            RenderTableCell {TD} at (478,352) size 9x11 [bgcolor=#FDFDFB] [r=32 c=61 rs=1 cs=1]
              RenderInline {FONT} at (0,0) size 3x11
                RenderText {#text} at (0,0) size 3x11
                  text run at (0,0) width 3: " "
            RenderTableCell {TD} at (486,352) size 9x11 [bgcolor=#FDFDFB] [r=32 c=62 rs=1 cs=1]
              RenderInline {FONT} at (0,0) size 3x11
                RenderText {#text} at (0,0) size 3x11
                  text run at (0,0) width 3: " "
            RenderTableCell {TD} at (494,352) size 8x11 [bgcolor=#FDFDFB] [r=32 c=63 rs=1 cs=1]
              RenderInline {FONT} at (0,0) size 3x11
                RenderText {#text} at (0,0) size 3x11
                  text run at (0,0) width 3: " "
            RenderTableCell {TD} at (502,352) size 8x11 [bgcolor=#FDFDFB] [r=32 c=64 rs=1 cs=1]
              RenderInline {FONT} at (0,0) size 3x11
                RenderText {#text} at (0,0) size 3x11
                  text run at (0,0) width 3: " "
            RenderTableCell {TD} at (509,352) size 9x11 [bgcolor=#FDFDFB] [r=32 c=65 rs=1 cs=1]
              RenderInline {FONT} at (0,0) size 3x11
                RenderText {#text} at (0,0) size 3x11
                  text run at (0,0) width 3: " "
            RenderTableCell {TD} at (517,352) size 9x11 [bgcolor=#EDEEEF] [r=32 c=66 rs=1 cs=1]
              RenderInline {FONT} at (0,0) size 3x11
                RenderText {#text} at (0,0) size 3x11
                  text run at (0,0) width 3: " "
            RenderTableCell {TD} at (525,352) size 9x11 [bgcolor=#DEDFDF] [r=32 c=67 rs=1 cs=1]
              RenderInline {FONT} at (0,0) size 3x11
                RenderText {#text} at (0,0) size 3x11
                  text run at (0,0) width 3: " "
            RenderTableCell {TD} at (533,352) size 9x11 [bgcolor=#CECFCF] [r=32 c=68 rs=1 cs=1]
              RenderInline {FONT} at (0,0) size 3x11
                RenderText {#text} at (0,0) size 3x11
                  text run at (0,0) width 3: " "
            RenderTableCell {TD} at (541,352) size 9x11 [bgcolor=#BEC2C2] [r=32 c=69 rs=1 cs=1]
              RenderInline {FONT} at (0,0) size 3x11
                RenderText {#text} at (0,0) size 3x11
                  text run at (0,0) width 3: " "
            RenderTableCell {TD} at (549,352) size 8x11 [bgcolor=#B4B4B4] [r=32 c=70 rs=1 cs=1]
              RenderInline {FONT} at (0,0) size 3x11
                RenderText {#text} at (0,0) size 3x11
                  text run at (0,0) width 3: " "
            RenderTableCell {TD} at (556,352) size 9x11 [bgcolor=#B4B4B4] [r=32 c=71 rs=1 cs=1]
              RenderInline {FONT} at (0,0) size 3x11
                RenderText {#text} at (0,0) size 3x11
                  text run at (0,0) width 3: " "
            RenderTableCell {TD} at (564,352) size 9x11 [bgcolor=#A5A6A6] [r=32 c=72 rs=1 cs=1]
              RenderInline {FONT} at (0,0) size 3x11
                RenderText {#text} at (0,0) size 3x11
                  text run at (0,0) width 3: " "
            RenderTableCell {TD} at (572,352) size 9x11 [bgcolor=#91A3A3] [r=32 c=73 rs=1 cs=1]
              RenderInline {FONT} at (0,0) size 3x11
                RenderText {#text} at (0,0) size 3x11
                  text run at (0,0) width 3: " "
            RenderTableCell {TD} at (580,352) size 9x11 [bgcolor=#939494] [r=32 c=74 rs=1 cs=1]
              RenderInline {FONT} at (0,0) size 3x11
                RenderText {#text} at (0,0) size 3x11
                  text run at (0,0) width 3: " "
            RenderTableCell {TD} at (588,352) size 9x11 [bgcolor=#939494] [r=32 c=75 rs=1 cs=1]
              RenderInline {FONT} at (0,0) size 3x11
                RenderText {#text} at (0,0) size 3x11
                  text run at (0,0) width 3: " "
            RenderTableCell {TD} at (596,352) size 8x11 [bgcolor=#939494] [r=32 c=76 rs=1 cs=1]
              RenderInline {FONT} at (0,0) size 3x11
                RenderText {#text} at (0,0) size 3x11
                  text run at (0,0) width 3: " "
            RenderTableCell {TD} at (603,352) size 9x11 [bgcolor=#939494] [r=32 c=77 rs=1 cs=1]
              RenderInline {FONT} at (0,0) size 3x11
                RenderText {#text} at (0,0) size 3x11
                  text run at (0,0) width 3: " "
            RenderTableCell {TD} at (611,352) size 9x11 [bgcolor=#848788] [r=32 c=78 rs=1 cs=1]
              RenderInline {FONT} at (0,0) size 3x11
                RenderText {#text} at (0,0) size 3x11
                  text run at (0,0) width 3: " "
            RenderTableCell {TD} at (619,352) size 9x11 [bgcolor=#939494] [r=32 c=79 rs=1 cs=1]
              RenderInline {FONT} at (0,0) size 3x11
                RenderText {#text} at (0,0) size 3x11
                  text run at (0,0) width 3: " "
            RenderTableCell {TD} at (627,352) size 9x11 [bgcolor=#939494] [r=32 c=80 rs=1 cs=1]
              RenderInline {FONT} at (0,0) size 3x11
                RenderText {#text} at (0,0) size 3x11
                  text run at (0,0) width 3: " "
            RenderTableCell {TD} at (635,352) size 9x11 [bgcolor=#939494] [r=32 c=81 rs=1 cs=1]
              RenderInline {FONT} at (0,0) size 3x11
                RenderText {#text} at (0,0) size 3x11
                  text run at (0,0) width 3: " "
            RenderTableCell {TD} at (643,352) size 9x11 [bgcolor=#939494] [r=32 c=82 rs=1 cs=1]
              RenderInline {FONT} at (0,0) size 3x11
                RenderText {#text} at (0,0) size 3x11
                  text run at (0,0) width 3: " "
            RenderTableCell {TD} at (651,352) size 8x11 [bgcolor=#939494] [r=32 c=83 rs=1 cs=1]
              RenderInline {FONT} at (0,0) size 3x11
                RenderText {#text} at (0,0) size 3x11
                  text run at (0,0) width 3: " "
            RenderTableCell {TD} at (658,352) size 9x11 [bgcolor=#939494] [r=32 c=84 rs=1 cs=1]
              RenderInline {FONT} at (0,0) size 3x11
                RenderText {#text} at (0,0) size 3x11
                  text run at (0,0) width 3: " "
            RenderTableCell {TD} at (666,352) size 9x11 [bgcolor=#A5A6A6] [r=32 c=85 rs=1 cs=1]
              RenderInline {FONT} at (0,0) size 3x11
                RenderText {#text} at (0,0) size 3x11
                  text run at (0,0) width 3: " "
            RenderTableCell {TD} at (674,352) size 9x11 [bgcolor=#A5A6A6] [r=32 c=86 rs=1 cs=1]
              RenderInline {FONT} at (0,0) size 3x11
                RenderText {#text} at (0,0) size 3x11
                  text run at (0,0) width 3: " "
            RenderTableCell {TD} at (682,352) size 9x11 [bgcolor=#B4B4B4] [r=32 c=87 rs=1 cs=1]
              RenderInline {FONT} at (0,0) size 3x11
                RenderText {#text} at (0,0) size 3x11
                  text run at (0,0) width 3: " "
            RenderTableCell {TD} at (690,352) size 9x11 [bgcolor=#BEC2C2] [r=32 c=88 rs=1 cs=1]
              RenderInline {FONT} at (0,0) size 3x11
                RenderText {#text} at (0,0) size 3x11
                  text run at (0,0) width 3: " "
            RenderTableCell {TD} at (698,352) size 8x11 [bgcolor=#CECFCF] [r=32 c=89 rs=1 cs=1]
              RenderInline {FONT} at (0,0) size 3x11
                RenderText {#text} at (0,0) size 3x11
                  text run at (0,0) width 3: " "
            RenderTableCell {TD} at (705,352) size 9x11 [bgcolor=#DEDFDF] [r=32 c=90 rs=1 cs=1]
              RenderInline {FONT} at (0,0) size 3x11
                RenderText {#text} at (0,0) size 3x11
                  text run at (0,0) width 3: " "
            RenderTableCell {TD} at (713,352) size 9x11 [bgcolor=#EDEEEF] [r=32 c=91 rs=1 cs=1]
              RenderInline {FONT} at (0,0) size 3x11
                RenderText {#text} at (0,0) size 3x11
                  text run at (0,0) width 3: " "
            RenderTableCell {TD} at (721,352) size 9x11 [bgcolor=#FDFDFB] [r=32 c=92 rs=1 cs=1]
              RenderInline {FONT} at (0,0) size 3x11
                RenderText {#text} at (0,0) size 3x11
                  text run at (0,0) width 3: " "
            RenderTableCell {TD} at (729,352) size 9x11 [bgcolor=#FDFDFB] [r=32 c=93 rs=1 cs=1]
              RenderInline {FONT} at (0,0) size 3x11
                RenderText {#text} at (0,0) size 3x11
                  text run at (0,0) width 3: " "
            RenderTableCell {TD} at (737,352) size 9x11 [bgcolor=#FDFDFB] [r=32 c=94 rs=1 cs=1]
              RenderInline {FONT} at (0,0) size 3x11
                RenderText {#text} at (0,0) size 3x11
                  text run at (0,0) width 3: " "
            RenderTableCell {TD} at (745,352) size 8x11 [bgcolor=#FDFDFB] [r=32 c=95 rs=1 cs=1]
              RenderInline {FONT} at (0,0) size 3x11
                RenderText {#text} at (0,0) size 3x11
                  text run at (0,0) width 3: " "
            RenderTableCell {TD} at (753,352) size 8x11 [bgcolor=#FDFDFB] [r=32 c=96 rs=1 cs=1]
              RenderInline {FONT} at (0,0) size 3x11
                RenderText {#text} at (0,0) size 3x11
                  text run at (0,0) width 3: " "
            RenderTableCell {TD} at (760,352) size 9x11 [bgcolor=#FDFDFB] [r=32 c=97 rs=1 cs=1]
              RenderInline {FONT} at (0,0) size 3x11
                RenderText {#text} at (0,0) size 3x11
                  text run at (0,0) width 3: " "
            RenderTableCell {TD} at (768,352) size 9x11 [bgcolor=#FDFDFB] [r=32 c=98 rs=1 cs=1]
              RenderInline {FONT} at (0,0) size 3x11
                RenderText {#text} at (0,0) size 3x11
                  text run at (0,0) width 3: " "
            RenderTableCell {TD} at (776,352) size 9x11 [bgcolor=#FDFDFB] [r=32 c=99 rs=1 cs=1]
              RenderInline {FONT} at (0,0) size 3x11
                RenderText {#text} at (0,0) size 3x11
                  text run at (0,0) width 3: " "
          RenderTableRow {TR} at (0,363) size 784x11
            RenderTableCell {TD} at (0,363) size 8x11 [bgcolor=#FDFDFB] [r=33 c=0 rs=1 cs=1]
              RenderInline {FONT} at (0,0) size 3x11
                RenderText {#text} at (0,0) size 3x11
                  text run at (0,0) width 3: " "
            RenderTableCell {TD} at (7,363) size 9x11 [bgcolor=#FDFDFB] [r=33 c=1 rs=1 cs=1]
              RenderInline {FONT} at (0,0) size 3x11
                RenderText {#text} at (0,0) size 3x11
                  text run at (0,0) width 3: " "
            RenderTableCell {TD} at (15,363) size 9x11 [bgcolor=#FDFDFB] [r=33 c=2 rs=1 cs=1]
              RenderInline {FONT} at (0,0) size 3x11
                RenderText {#text} at (0,0) size 3x11
                  text run at (0,0) width 3: " "
            RenderTableCell {TD} at (23,363) size 9x11 [bgcolor=#FDFDFB] [r=33 c=3 rs=1 cs=1]
              RenderInline {FONT} at (0,0) size 3x11
                RenderText {#text} at (0,0) size 3x11
                  text run at (0,0) width 3: " "
            RenderTableCell {TD} at (31,363) size 9x11 [bgcolor=#FDFDFB] [r=33 c=4 rs=1 cs=1]
              RenderInline {FONT} at (0,0) size 3x11
                RenderText {#text} at (0,0) size 3x11
                  text run at (0,0) width 3: " "
            RenderTableCell {TD} at (39,363) size 9x11 [bgcolor=#FDFDFB] [r=33 c=5 rs=1 cs=1]
              RenderInline {FONT} at (0,0) size 3x11
                RenderText {#text} at (0,0) size 3x11
                  text run at (0,0) width 3: " "
            RenderTableCell {TD} at (47,363) size 8x11 [bgcolor=#FDFDFB] [r=33 c=6 rs=1 cs=1]
              RenderInline {FONT} at (0,0) size 3x11
                RenderText {#text} at (0,0) size 3x11
                  text run at (0,0) width 3: " "
            RenderTableCell {TD} at (54,363) size 9x11 [bgcolor=#FDFDFB] [r=33 c=7 rs=1 cs=1]
              RenderInline {FONT} at (0,0) size 3x11
                RenderText {#text} at (0,0) size 3x11
                  text run at (0,0) width 3: " "
            RenderTableCell {TD} at (62,363) size 9x11 [bgcolor=#FDFDFB] [r=33 c=8 rs=1 cs=1]
              RenderInline {FONT} at (0,0) size 3x11
                RenderText {#text} at (0,0) size 3x11
                  text run at (0,0) width 3: " "
            RenderTableCell {TD} at (70,363) size 9x11 [bgcolor=#FDFDFB] [r=33 c=9 rs=1 cs=1]
              RenderInline {FONT} at (0,0) size 3x11
                RenderText {#text} at (0,0) size 3x11
                  text run at (0,0) width 3: " "
            RenderTableCell {TD} at (78,363) size 9x11 [bgcolor=#FDFDFB] [r=33 c=10 rs=1 cs=1]
              RenderInline {FONT} at (0,0) size 3x11
                RenderText {#text} at (0,0) size 3x11
                  text run at (0,0) width 3: " "
            RenderTableCell {TD} at (86,363) size 9x11 [bgcolor=#FDFDFB] [r=33 c=11 rs=1 cs=1]
              RenderInline {FONT} at (0,0) size 3x11
                RenderText {#text} at (0,0) size 3x11
                  text run at (0,0) width 3: " "
            RenderTableCell {TD} at (94,363) size 8x11 [bgcolor=#FDFDFB] [r=33 c=12 rs=1 cs=1]
              RenderInline {FONT} at (0,0) size 3x11
                RenderText {#text} at (0,0) size 3x11
                  text run at (0,0) width 3: " "
            RenderTableCell {TD} at (101,363) size 9x11 [bgcolor=#FDFDFB] [r=33 c=13 rs=1 cs=1]
              RenderInline {FONT} at (0,0) size 3x11
                RenderText {#text} at (0,0) size 3x11
                  text run at (0,0) width 3: " "
            RenderTableCell {TD} at (109,363) size 9x11 [bgcolor=#FDFDFB] [r=33 c=14 rs=1 cs=1]
              RenderInline {FONT} at (0,0) size 3x11
                RenderText {#text} at (0,0) size 3x11
                  text run at (0,0) width 3: " "
            RenderTableCell {TD} at (117,363) size 9x11 [bgcolor=#FDFDFB] [r=33 c=15 rs=1 cs=1]
              RenderInline {FONT} at (0,0) size 3x11
                RenderText {#text} at (0,0) size 3x11
                  text run at (0,0) width 3: " "
            RenderTableCell {TD} at (125,363) size 9x11 [bgcolor=#FDFDFB] [r=33 c=16 rs=1 cs=1]
              RenderInline {FONT} at (0,0) size 3x11
                RenderText {#text} at (0,0) size 3x11
                  text run at (0,0) width 3: " "
            RenderTableCell {TD} at (133,363) size 9x11 [bgcolor=#FDFDFB] [r=33 c=17 rs=1 cs=1]
              RenderInline {FONT} at (0,0) size 3x11
                RenderText {#text} at (0,0) size 3x11
                  text run at (0,0) width 3: " "
            RenderTableCell {TD} at (141,363) size 9x11 [bgcolor=#FDFDFB] [r=33 c=18 rs=1 cs=1]
              RenderInline {FONT} at (0,0) size 3x11
                RenderText {#text} at (0,0) size 3x11
                  text run at (0,0) width 3: " "
            RenderTableCell {TD} at (149,363) size 8x11 [bgcolor=#FDFDFB] [r=33 c=19 rs=1 cs=1]
              RenderInline {FONT} at (0,0) size 3x11
                RenderText {#text} at (0,0) size 3x11
                  text run at (0,0) width 3: " "
            RenderTableCell {TD} at (156,363) size 9x11 [bgcolor=#FDFDFB] [r=33 c=20 rs=1 cs=1]
              RenderInline {FONT} at (0,0) size 3x11
                RenderText {#text} at (0,0) size 3x11
                  text run at (0,0) width 3: " "
            RenderTableCell {TD} at (164,363) size 9x11 [bgcolor=#FDFDFB] [r=33 c=21 rs=1 cs=1]
              RenderInline {FONT} at (0,0) size 3x11
                RenderText {#text} at (0,0) size 3x11
                  text run at (0,0) width 3: " "
            RenderTableCell {TD} at (172,363) size 9x11 [bgcolor=#FDFDFB] [r=33 c=22 rs=1 cs=1]
              RenderInline {FONT} at (0,0) size 3x11
                RenderText {#text} at (0,0) size 3x11
                  text run at (0,0) width 3: " "
            RenderTableCell {TD} at (180,363) size 9x11 [bgcolor=#FDFDFB] [r=33 c=23 rs=1 cs=1]
              RenderInline {FONT} at (0,0) size 3x11
                RenderText {#text} at (0,0) size 3x11
                  text run at (0,0) width 3: " "
            RenderTableCell {TD} at (188,363) size 9x11 [bgcolor=#FDFDFB] [r=33 c=24 rs=1 cs=1]
              RenderInline {FONT} at (0,0) size 3x11
                RenderText {#text} at (0,0) size 3x11
                  text run at (0,0) width 3: " "
            RenderTableCell {TD} at (196,363) size 8x11 [bgcolor=#FDFDFB] [r=33 c=25 rs=1 cs=1]
              RenderInline {FONT} at (0,0) size 3x11
                RenderText {#text} at (0,0) size 3x11
                  text run at (0,0) width 3: " "
            RenderTableCell {TD} at (203,363) size 9x11 [bgcolor=#FDFDFB] [r=33 c=26 rs=1 cs=1]
              RenderInline {FONT} at (0,0) size 3x11
                RenderText {#text} at (0,0) size 3x11
                  text run at (0,0) width 3: " "
            RenderTableCell {TD} at (211,363) size 9x11 [bgcolor=#FDFDFB] [r=33 c=27 rs=1 cs=1]
              RenderInline {FONT} at (0,0) size 3x11
                RenderText {#text} at (0,0) size 3x11
                  text run at (0,0) width 3: " "
            RenderTableCell {TD} at (219,363) size 9x11 [bgcolor=#FDFDFB] [r=33 c=28 rs=1 cs=1]
              RenderInline {FONT} at (0,0) size 3x11
                RenderText {#text} at (0,0) size 3x11
                  text run at (0,0) width 3: " "
            RenderTableCell {TD} at (227,363) size 9x11 [bgcolor=#FDFDFB] [r=33 c=29 rs=1 cs=1]
              RenderInline {FONT} at (0,0) size 3x11
                RenderText {#text} at (0,0) size 3x11
                  text run at (0,0) width 3: " "
            RenderTableCell {TD} at (235,363) size 9x11 [bgcolor=#FDFDFB] [r=33 c=30 rs=1 cs=1]
              RenderInline {FONT} at (0,0) size 3x11
                RenderText {#text} at (0,0) size 3x11
                  text run at (0,0) width 3: " "
            RenderTableCell {TD} at (243,363) size 8x11 [bgcolor=#FDFDFB] [r=33 c=31 rs=1 cs=1]
              RenderInline {FONT} at (0,0) size 3x11
                RenderText {#text} at (0,0) size 3x11
                  text run at (0,0) width 3: " "
            RenderTableCell {TD} at (251,363) size 8x11 [bgcolor=#FDFDFB] [r=33 c=32 rs=1 cs=1]
              RenderInline {FONT} at (0,0) size 3x11
                RenderText {#text} at (0,0) size 3x11
                  text run at (0,0) width 3: " "
            RenderTableCell {TD} at (258,363) size 9x11 [bgcolor=#FDFDFB] [r=33 c=33 rs=1 cs=1]
              RenderInline {FONT} at (0,0) size 3x11
                RenderText {#text} at (0,0) size 3x11
                  text run at (0,0) width 3: " "
            RenderTableCell {TD} at (266,363) size 9x11 [bgcolor=#FDFDFB] [r=33 c=34 rs=1 cs=1]
              RenderInline {FONT} at (0,0) size 3x11
                RenderText {#text} at (0,0) size 3x11
                  text run at (0,0) width 3: " "
            RenderTableCell {TD} at (274,363) size 9x11 [bgcolor=#FDFDFB] [r=33 c=35 rs=1 cs=1]
              RenderInline {FONT} at (0,0) size 3x11
                RenderText {#text} at (0,0) size 3x11
                  text run at (0,0) width 3: " "
            RenderTableCell {TD} at (282,363) size 9x11 [bgcolor=#FDFDFB] [r=33 c=36 rs=1 cs=1]
              RenderInline {FONT} at (0,0) size 3x11
                RenderText {#text} at (0,0) size 3x11
                  text run at (0,0) width 3: " "
            RenderTableCell {TD} at (290,363) size 9x11 [bgcolor=#FDFDFB] [r=33 c=37 rs=1 cs=1]
              RenderInline {FONT} at (0,0) size 3x11
                RenderText {#text} at (0,0) size 3x11
                  text run at (0,0) width 3: " "
            RenderTableCell {TD} at (298,363) size 8x11 [bgcolor=#FDFDFB] [r=33 c=38 rs=1 cs=1]
              RenderInline {FONT} at (0,0) size 3x11
                RenderText {#text} at (0,0) size 3x11
                  text run at (0,0) width 3: " "
            RenderTableCell {TD} at (305,363) size 9x11 [bgcolor=#FDFDFB] [r=33 c=39 rs=1 cs=1]
              RenderInline {FONT} at (0,0) size 3x11
                RenderText {#text} at (0,0) size 3x11
                  text run at (0,0) width 3: " "
            RenderTableCell {TD} at (313,363) size 9x11 [bgcolor=#FDFDFB] [r=33 c=40 rs=1 cs=1]
              RenderInline {FONT} at (0,0) size 3x11
                RenderText {#text} at (0,0) size 3x11
                  text run at (0,0) width 3: " "
            RenderTableCell {TD} at (321,363) size 9x11 [bgcolor=#FDFDFB] [r=33 c=41 rs=1 cs=1]
              RenderInline {FONT} at (0,0) size 3x11
                RenderText {#text} at (0,0) size 3x11
                  text run at (0,0) width 3: " "
            RenderTableCell {TD} at (329,363) size 9x11 [bgcolor=#FDFDFB] [r=33 c=42 rs=1 cs=1]
              RenderInline {FONT} at (0,0) size 3x11
                RenderText {#text} at (0,0) size 3x11
                  text run at (0,0) width 3: " "
            RenderTableCell {TD} at (337,363) size 9x11 [bgcolor=#FDFDFB] [r=33 c=43 rs=1 cs=1]
              RenderInline {FONT} at (0,0) size 3x11
                RenderText {#text} at (0,0) size 3x11
                  text run at (0,0) width 3: " "
            RenderTableCell {TD} at (345,363) size 8x11 [bgcolor=#FDFDFB] [r=33 c=44 rs=1 cs=1]
              RenderInline {FONT} at (0,0) size 3x11
                RenderText {#text} at (0,0) size 3x11
                  text run at (0,0) width 3: " "
            RenderTableCell {TD} at (352,363) size 9x11 [bgcolor=#FDFDFB] [r=33 c=45 rs=1 cs=1]
              RenderInline {FONT} at (0,0) size 3x11
                RenderText {#text} at (0,0) size 3x11
                  text run at (0,0) width 3: " "
            RenderTableCell {TD} at (360,363) size 9x11 [bgcolor=#FDFDFB] [r=33 c=46 rs=1 cs=1]
              RenderInline {FONT} at (0,0) size 3x11
                RenderText {#text} at (0,0) size 3x11
                  text run at (0,0) width 3: " "
            RenderTableCell {TD} at (368,363) size 9x11 [bgcolor=#FDFDFB] [r=33 c=47 rs=1 cs=1]
              RenderInline {FONT} at (0,0) size 3x11
                RenderText {#text} at (0,0) size 3x11
                  text run at (0,0) width 3: " "
            RenderTableCell {TD} at (376,363) size 9x11 [bgcolor=#FDFDFB] [r=33 c=48 rs=1 cs=1]
              RenderInline {FONT} at (0,0) size 3x11
                RenderText {#text} at (0,0) size 3x11
                  text run at (0,0) width 3: " "
            RenderTableCell {TD} at (384,363) size 9x11 [bgcolor=#FDFDFB] [r=33 c=49 rs=1 cs=1]
              RenderInline {FONT} at (0,0) size 3x11
                RenderText {#text} at (0,0) size 3x11
                  text run at (0,0) width 3: " "
            RenderTableCell {TD} at (392,363) size 9x11 [bgcolor=#FDFDFB] [r=33 c=50 rs=1 cs=1]
              RenderInline {FONT} at (0,0) size 3x11
                RenderText {#text} at (0,0) size 3x11
                  text run at (0,0) width 3: " "
            RenderTableCell {TD} at (400,363) size 8x11 [bgcolor=#FDFDFB] [r=33 c=51 rs=1 cs=1]
              RenderInline {FONT} at (0,0) size 3x11
                RenderText {#text} at (0,0) size 3x11
                  text run at (0,0) width 3: " "
            RenderTableCell {TD} at (407,363) size 9x11 [bgcolor=#FDFDFB] [r=33 c=52 rs=1 cs=1]
              RenderInline {FONT} at (0,0) size 3x11
                RenderText {#text} at (0,0) size 3x11
                  text run at (0,0) width 3: " "
            RenderTableCell {TD} at (415,363) size 9x11 [bgcolor=#FDFDFB] [r=33 c=53 rs=1 cs=1]
              RenderInline {FONT} at (0,0) size 3x11
                RenderText {#text} at (0,0) size 3x11
                  text run at (0,0) width 3: " "
            RenderTableCell {TD} at (423,363) size 9x11 [bgcolor=#FDFDFB] [r=33 c=54 rs=1 cs=1]
              RenderInline {FONT} at (0,0) size 3x11
                RenderText {#text} at (0,0) size 3x11
                  text run at (0,0) width 3: " "
            RenderTableCell {TD} at (431,363) size 9x11 [bgcolor=#FDFDFB] [r=33 c=55 rs=1 cs=1]
              RenderInline {FONT} at (0,0) size 3x11
                RenderText {#text} at (0,0) size 3x11
                  text run at (0,0) width 3: " "
            RenderTableCell {TD} at (439,363) size 9x11 [bgcolor=#FDFDFB] [r=33 c=56 rs=1 cs=1]
              RenderInline {FONT} at (0,0) size 3x11
                RenderText {#text} at (0,0) size 3x11
                  text run at (0,0) width 3: " "
            RenderTableCell {TD} at (447,363) size 8x11 [bgcolor=#FDFDFB] [r=33 c=57 rs=1 cs=1]
              RenderInline {FONT} at (0,0) size 3x11
                RenderText {#text} at (0,0) size 3x11
                  text run at (0,0) width 3: " "
            RenderTableCell {TD} at (454,363) size 9x11 [bgcolor=#FDFDFB] [r=33 c=58 rs=1 cs=1]
              RenderInline {FONT} at (0,0) size 3x11
                RenderText {#text} at (0,0) size 3x11
                  text run at (0,0) width 3: " "
            RenderTableCell {TD} at (462,363) size 9x11 [bgcolor=#FDFDFB] [r=33 c=59 rs=1 cs=1]
              RenderInline {FONT} at (0,0) size 3x11
                RenderText {#text} at (0,0) size 3x11
                  text run at (0,0) width 3: " "
            RenderTableCell {TD} at (470,363) size 9x11 [bgcolor=#FDFDFB] [r=33 c=60 rs=1 cs=1]
              RenderInline {FONT} at (0,0) size 3x11
                RenderText {#text} at (0,0) size 3x11
                  text run at (0,0) width 3: " "
            RenderTableCell {TD} at (478,363) size 9x11 [bgcolor=#FDFDFB] [r=33 c=61 rs=1 cs=1]
              RenderInline {FONT} at (0,0) size 3x11
                RenderText {#text} at (0,0) size 3x11
                  text run at (0,0) width 3: " "
            RenderTableCell {TD} at (486,363) size 9x11 [bgcolor=#FDFDFB] [r=33 c=62 rs=1 cs=1]
              RenderInline {FONT} at (0,0) size 3x11
                RenderText {#text} at (0,0) size 3x11
                  text run at (0,0) width 3: " "
            RenderTableCell {TD} at (494,363) size 8x11 [bgcolor=#FDFDFB] [r=33 c=63 rs=1 cs=1]
              RenderInline {FONT} at (0,0) size 3x11
                RenderText {#text} at (0,0) size 3x11
                  text run at (0,0) width 3: " "
            RenderTableCell {TD} at (502,363) size 8x11 [bgcolor=#FDFDFB] [r=33 c=64 rs=1 cs=1]
              RenderInline {FONT} at (0,0) size 3x11
                RenderText {#text} at (0,0) size 3x11
                  text run at (0,0) width 3: " "
            RenderTableCell {TD} at (509,363) size 9x11 [bgcolor=#FDFDFB] [r=33 c=65 rs=1 cs=1]
              RenderInline {FONT} at (0,0) size 3x11
                RenderText {#text} at (0,0) size 3x11
                  text run at (0,0) width 3: " "
            RenderTableCell {TD} at (517,363) size 9x11 [bgcolor=#FDFDFB] [r=33 c=66 rs=1 cs=1]
              RenderInline {FONT} at (0,0) size 3x11
                RenderText {#text} at (0,0) size 3x11
                  text run at (0,0) width 3: " "
            RenderTableCell {TD} at (525,363) size 9x11 [bgcolor=#FDFDFB] [r=33 c=67 rs=1 cs=1]
              RenderInline {FONT} at (0,0) size 3x11
                RenderText {#text} at (0,0) size 3x11
                  text run at (0,0) width 3: " "
            RenderTableCell {TD} at (533,363) size 9x11 [bgcolor=#EDEEEF] [r=33 c=68 rs=1 cs=1]
              RenderInline {FONT} at (0,0) size 3x11
                RenderText {#text} at (0,0) size 3x11
                  text run at (0,0) width 3: " "
            RenderTableCell {TD} at (541,363) size 9x11 [bgcolor=#EDEEEF] [r=33 c=69 rs=1 cs=1]
              RenderInline {FONT} at (0,0) size 3x11
                RenderText {#text} at (0,0) size 3x11
                  text run at (0,0) width 3: " "
            RenderTableCell {TD} at (549,363) size 8x11 [bgcolor=#E0EAE9] [r=33 c=70 rs=1 cs=1]
              RenderInline {FONT} at (0,0) size 3x11
                RenderText {#text} at (0,0) size 3x11
                  text run at (0,0) width 3: " "
            RenderTableCell {TD} at (556,363) size 9x11 [bgcolor=#DEDFDF] [r=33 c=71 rs=1 cs=1]
              RenderInline {FONT} at (0,0) size 3x11
                RenderText {#text} at (0,0) size 3x11
                  text run at (0,0) width 3: " "
            RenderTableCell {TD} at (564,363) size 9x11 [bgcolor=#DEDFDF] [r=33 c=72 rs=1 cs=1]
              RenderInline {FONT} at (0,0) size 3x11
                RenderText {#text} at (0,0) size 3x11
                  text run at (0,0) width 3: " "
            RenderTableCell {TD} at (572,363) size 9x11 [bgcolor=#CECFCF] [r=33 c=73 rs=1 cs=1]
              RenderInline {FONT} at (0,0) size 3x11
                RenderText {#text} at (0,0) size 3x11
                  text run at (0,0) width 3: " "
            RenderTableCell {TD} at (580,363) size 9x11 [bgcolor=#CECFCF] [r=33 c=74 rs=1 cs=1]
              RenderInline {FONT} at (0,0) size 3x11
                RenderText {#text} at (0,0) size 3x11
                  text run at (0,0) width 3: " "
            RenderTableCell {TD} at (588,363) size 9x11 [bgcolor=#CECFCF] [r=33 c=75 rs=1 cs=1]
              RenderInline {FONT} at (0,0) size 3x11
                RenderText {#text} at (0,0) size 3x11
                  text run at (0,0) width 3: " "
            RenderTableCell {TD} at (596,363) size 8x11 [bgcolor=#CECFCF] [r=33 c=76 rs=1 cs=1]
              RenderInline {FONT} at (0,0) size 3x11
                RenderText {#text} at (0,0) size 3x11
                  text run at (0,0) width 3: " "
            RenderTableCell {TD} at (603,363) size 9x11 [bgcolor=#CECFCF] [r=33 c=77 rs=1 cs=1]
              RenderInline {FONT} at (0,0) size 3x11
                RenderText {#text} at (0,0) size 3x11
                  text run at (0,0) width 3: " "
            RenderTableCell {TD} at (611,363) size 9x11 [bgcolor=#CECFCF] [r=33 c=78 rs=1 cs=1]
              RenderInline {FONT} at (0,0) size 3x11
                RenderText {#text} at (0,0) size 3x11
                  text run at (0,0) width 3: " "
            RenderTableCell {TD} at (619,363) size 9x11 [bgcolor=#CECFCF] [r=33 c=79 rs=1 cs=1]
              RenderInline {FONT} at (0,0) size 3x11
                RenderText {#text} at (0,0) size 3x11
                  text run at (0,0) width 3: " "
            RenderTableCell {TD} at (627,363) size 9x11 [bgcolor=#CECFCF] [r=33 c=80 rs=1 cs=1]
              RenderInline {FONT} at (0,0) size 3x11
                RenderText {#text} at (0,0) size 3x11
                  text run at (0,0) width 3: " "
            RenderTableCell {TD} at (635,363) size 9x11 [bgcolor=#CECFCF] [r=33 c=81 rs=1 cs=1]
              RenderInline {FONT} at (0,0) size 3x11
                RenderText {#text} at (0,0) size 3x11
                  text run at (0,0) width 3: " "
            RenderTableCell {TD} at (643,363) size 9x11 [bgcolor=#CECFCF] [r=33 c=82 rs=1 cs=1]
              RenderInline {FONT} at (0,0) size 3x11
                RenderText {#text} at (0,0) size 3x11
                  text run at (0,0) width 3: " "
            RenderTableCell {TD} at (651,363) size 8x11 [bgcolor=#CECFCF] [r=33 c=83 rs=1 cs=1]
              RenderInline {FONT} at (0,0) size 3x11
                RenderText {#text} at (0,0) size 3x11
                  text run at (0,0) width 3: " "
            RenderTableCell {TD} at (658,363) size 9x11 [bgcolor=#CECFCF] [r=33 c=84 rs=1 cs=1]
              RenderInline {FONT} at (0,0) size 3x11
                RenderText {#text} at (0,0) size 3x11
                  text run at (0,0) width 3: " "
            RenderTableCell {TD} at (666,363) size 9x11 [bgcolor=#CECFCF] [r=33 c=85 rs=1 cs=1]
              RenderInline {FONT} at (0,0) size 3x11
                RenderText {#text} at (0,0) size 3x11
                  text run at (0,0) width 3: " "
            RenderTableCell {TD} at (674,363) size 9x11 [bgcolor=#DEDFDF] [r=33 c=86 rs=1 cs=1]
              RenderInline {FONT} at (0,0) size 3x11
                RenderText {#text} at (0,0) size 3x11
                  text run at (0,0) width 3: " "
            RenderTableCell {TD} at (682,363) size 9x11 [bgcolor=#E0EAE9] [r=33 c=87 rs=1 cs=1]
              RenderInline {FONT} at (0,0) size 3x11
                RenderText {#text} at (0,0) size 3x11
                  text run at (0,0) width 3: " "
            RenderTableCell {TD} at (690,363) size 9x11 [bgcolor=#EDEEEF] [r=33 c=88 rs=1 cs=1]
              RenderInline {FONT} at (0,0) size 3x11
                RenderText {#text} at (0,0) size 3x11
                  text run at (0,0) width 3: " "
            RenderTableCell {TD} at (698,363) size 8x11 [bgcolor=#EDEEEF] [r=33 c=89 rs=1 cs=1]
              RenderInline {FONT} at (0,0) size 3x11
                RenderText {#text} at (0,0) size 3x11
                  text run at (0,0) width 3: " "
            RenderTableCell {TD} at (705,363) size 9x11 [bgcolor=#FDFDFB] [r=33 c=90 rs=1 cs=1]
              RenderInline {FONT} at (0,0) size 3x11
                RenderText {#text} at (0,0) size 3x11
                  text run at (0,0) width 3: " "
            RenderTableCell {TD} at (713,363) size 9x11 [bgcolor=#FDFDFB] [r=33 c=91 rs=1 cs=1]
              RenderInline {FONT} at (0,0) size 3x11
                RenderText {#text} at (0,0) size 3x11
                  text run at (0,0) width 3: " "
            RenderTableCell {TD} at (721,363) size 9x11 [bgcolor=#FDFDFB] [r=33 c=92 rs=1 cs=1]
              RenderInline {FONT} at (0,0) size 3x11
                RenderText {#text} at (0,0) size 3x11
                  text run at (0,0) width 3: " "
            RenderTableCell {TD} at (729,363) size 9x11 [bgcolor=#FDFDFB] [r=33 c=93 rs=1 cs=1]
              RenderInline {FONT} at (0,0) size 3x11
                RenderText {#text} at (0,0) size 3x11
                  text run at (0,0) width 3: " "
            RenderTableCell {TD} at (737,363) size 9x11 [bgcolor=#FDFDFB] [r=33 c=94 rs=1 cs=1]
              RenderInline {FONT} at (0,0) size 3x11
                RenderText {#text} at (0,0) size 3x11
                  text run at (0,0) width 3: " "
            RenderTableCell {TD} at (745,363) size 8x11 [bgcolor=#FDFDFB] [r=33 c=95 rs=1 cs=1]
              RenderInline {FONT} at (0,0) size 3x11
                RenderText {#text} at (0,0) size 3x11
                  text run at (0,0) width 3: " "
            RenderTableCell {TD} at (753,363) size 8x11 [bgcolor=#FDFDFB] [r=33 c=96 rs=1 cs=1]
              RenderInline {FONT} at (0,0) size 3x11
                RenderText {#text} at (0,0) size 3x11
                  text run at (0,0) width 3: " "
            RenderTableCell {TD} at (760,363) size 9x11 [bgcolor=#FDFDFB] [r=33 c=97 rs=1 cs=1]
              RenderInline {FONT} at (0,0) size 3x11
                RenderText {#text} at (0,0) size 3x11
                  text run at (0,0) width 3: " "
            RenderTableCell {TD} at (768,363) size 9x11 [bgcolor=#FDFDFB] [r=33 c=98 rs=1 cs=1]
              RenderInline {FONT} at (0,0) size 3x11
                RenderText {#text} at (0,0) size 3x11
                  text run at (0,0) width 3: " "
            RenderTableCell {TD} at (776,363) size 9x11 [bgcolor=#FDFDFB] [r=33 c=99 rs=1 cs=1]
              RenderInline {FONT} at (0,0) size 3x11
                RenderText {#text} at (0,0) size 3x11
                  text run at (0,0) width 3: " "
