layer at (0,0) size 800x600
  RenderView at (0,0) size 800x600
layer at (0,0) size 800x600
  RenderBlock {HTML} at (0,0) size 800x600
    RenderBody {BODY} at (8,8) size 784x576
      RenderBlock {P} at (0,0) size 784x18
        RenderInline (generated) at (0,0) size 54x18
          RenderInline (generated) at (0,0) size 9x18 [color=#FFD800]
            RenderText at (0,0) size 9x18
              text run at (0,0) width 9: "S"
          RenderText at (9,0) size 45x18
            text run at (9,0) width 45: "pecial: "
        RenderText {#text} at (54,0) size 590x18
          text run at (54,0) width 220: "The \"S\" to the left should be gold. "
          text run at (274,0) width 370: "This is testing :before used in conjunction with :first-letter. "
        RenderInline (generated) at (0,0) size 65x18
          RenderText at (644,0) size 65x18
            text run at (644,0) width 65: "[The End]"
