layer at (0,0) size 800x600
  RenderView at (0,0) size 800x600
layer at (0,0) size 800x600
  RenderBlock {HTML} at (0,0) size 800x600
    RenderBody {BODY} at (8,8) size 784x584
      RenderBlock {DIV} at (0,0) size 784x18
        RenderBlock (floating) at (0,0) size 15x52
          RenderText at (0,0) size 15x52
            text run at (0,0) width 15: "I"
        RenderText {#text} at (15,0) size 451x18
          text run at (15,0) width 451: "n an attempt to lose some weight, I have switched computing platforms."
