layer at (0,0) size 800x600
  RenderView at (0,0) size 800x600
layer at (0,0) size 800x600
  RenderBlock {HTML} at (0,0) size 800x600
    RenderBody {BODY} at (8,8) size 784x576
      RenderBlock {DIV} at (0,0) size 784x18
        RenderInline (generated) at (0,0) size 10x18
          RenderText at (0,0) size 10x18
            text run at (0,0) width 10: "T"
        RenderText {#text} at (10,0) size 269x18
          text run at (10,0) width 269: "HIS TEXT SHOULD BE UPPERCASE."
      RenderBlock {P} at (0,34) size 784x18
        RenderInline (generated) at (0,0) size 279x18
          RenderText at (0,0) size 279x18
            text run at (0,0) width 279: "THIS TEXT SHOULD BE UPPERCASE."
