layer at (0,0) size 800x600
  RenderView at (0,0) size 800x600
layer at (0,0) size 800x34
  RenderBlock {HTML} at (0,0) size 800x34
    RenderBody {BODY} at (8,8) size 784x18
      RenderInline {A} at (0,0) size 117x18 [color=#0000EE]
        RenderInline (generated) at (0,0) size 10x18
          RenderImage at (0,4) size 10x10
        RenderText {#text} at (10,0) size 107x18
          text run at (10,0) width 107: "What's going on."
      RenderText {#text} at (0,0) size 0x0
