layer at (0,0) size 800x600
  RenderView at (0,0) size 800x600
layer at (0,0) size 800x600
  RenderBlock {HTML} at (0,0) size 800x600
    RenderBody {BODY} at (8,8) size 784x584
      RenderBlock {H1} at (0,0) size 784x37
        RenderInline (generated) at (0,0) size 207x37
          RenderText at (0,0) size 207x37
            text run at (0,0) width 207: "First Chapter: "
        RenderText {#text} at (207,0) size 105x37
          text run at (207,0) width 105: "TEST 1"
      RenderBlock (anonymous) at (0,58) size 784x19
        RenderText {#text} at (0,0) size 239x18
          text run at (0,0) width 239: "Should read: \"First Chapter: TEST 1\""
      RenderBlock {H2} at (0,96) size 784x29
        RenderInline (generated) at (0,0) size 99x28
          RenderText at (0,0) size 99x28
            text run at (0,0) width 99: "Chapter: "
        RenderText {#text} at (99,0) size 79x28
          text run at (99,0) width 79: "TEST 2"
      RenderBlock (anonymous) at (0,144) size 784x19
        RenderText {#text} at (0,0) size 207x18
          text run at (0,0) width 207: "Should read: \"Chapter: TEST 2\""
      RenderBlock {H3} at (0,180) size 784x23
        RenderInline (generated) at (0,0) size 118x22
          RenderText at (0,0) size 118x22
            text run at (0,0) width 118: "Chapter One: "
        RenderText {#text} at (118,0) size 65x22
          text run at (118,0) width 65: "TEST 3"
      RenderBlock (anonymous) at (0,221) size 784x19
        RenderText {#text} at (0,0) size 238x18
          text run at (0,0) width 238: "Should read: \"Chapter One: TEST 3\""
      RenderBlock {H4} at (0,260) size 784x19
        RenderInline (generated) at (0,0) size 66x18
          RenderText at (0,0) size 66x18
            text run at (0,0) width 66: "Chapter: "
        RenderText {#text} at (66,0) size 54x18
          text run at (66,0) width 54: "TEST 4"
      RenderBlock (anonymous) at (0,300) size 784x19
        RenderText {#text} at (0,0) size 207x18
          text run at (0,0) width 207: "Should read: \"Chapter: TEST 4\""
