layer at (0,0) size 800x600
  RenderView at (0,0) size 800x600
layer at (0,0) size 800x208
  RenderBlock {HTML} at (0,0) size 800x208
    RenderBody {BODY} at (8,8) size 784x184
      RenderBlock {DIV} at (0,0) size 784x18
        RenderText {#text} at (0,0) size 82x18
          text run at (0,0) width 82: "This is a test "
        RenderInline (generated) at (0,0) size 178x18
          RenderText at (82,0) size 178x18
            text run at (82,0) width 178: "and generated hover content"
      RenderBlock {HR} at (0,26) size 784x2 [border: (1px inset #000000)]
      RenderBlock {P} at (0,44) size 784x36
        RenderText {#text} at (0,0) size 53x18
          text run at (0,0) width 53: "Test for "
        RenderInline {I} at (0,0) size 783x36
          RenderInline {A} at (0,0) size 348x18 [color=#0000EE]
            RenderText {#text} at (53,0) size 348x18
              text run at (53,0) width 348: "http://bugzilla.opendarwin.org/show_bug.cgi?id=6431"
          RenderText {#text} at (401,0) size 783x36
            text run at (401,0) width 4: " "
            text run at (405,0) width 378: "REGRESSION: style change where :hover changes only an"
            text run at (0,18) width 150: ":after style doesn't work"
        RenderText {#text} at (150,18) size 4x18
          text run at (150,18) width 4: "."
      RenderBlock {P} at (0,96) size 784x36
        RenderText {#text} at (0,0) size 741x36
          text run at (0,0) width 507: "The line at the top of the page should read \x{201C}This is a test and generated content\x{201D} "
          text run at (507,0) width 234: "or \x{201C}This is a test and generated hover"
          text run at (0,18) width 228: "content\x{201D} depending on whether it is "
          text run at (228,18) width 55: "hovered."
      RenderBlock {P} at (0,148) size 784x36
        RenderText {#text} at (0,0) size 755x36
          text run at (0,0) width 755: "To reproduce the bug outside of DumpRenderTree, mouse over the div several times, and the style change won't update"
          text run at (0,18) width 70: "every time "
          text run at (70,18) width 85: "like it should."
caret: position 3 of child 0 {#text} of child 1 {DIV} of body
