layer at (0,0) size 800x600
  RenderView at (0,0) size 800x600
layer at (0,0) size 800x600
  RenderBlock {HTML} at (0,0) size 800x600
    RenderBody {BODY} at (8,16) size 784x568
      RenderBlock {DIV} at (16,0) size 400x108
        RenderBlock (floating) at (2,3) size 51x48
          RenderText {#text} at (0,-17) size 51x82
            text run at (0,-17) width 51: "A"
        RenderText {#text} at (55,18) size 398x90
          text run at (55,18) width 341: "n example of first-letter. This letter should span 3 lines"
          text run at (55,36) width 320: "of text, and so it should align itself cleanly with the"
          text run at (0,54) width 375: "cap-height of the A lining up with the cap-height of the first"
          text run at (0,72) width 398: "line, and the baseline of the A lining up with the baseline of the"
          text run at (0,90) width 60: "third line."
      RenderBlock {SPAN} at (0,124) size 784x108
        RenderBlock {DIV} at (368,0) size 400x108
          RenderBlock (floating) at (347,3) size 51x48
            RenderText {#text} at (0,-17) size 51x82
              text run at (0,-17) width 51: "A"
          RenderText {#text} at (2,18) size 398x90
            text run at (2,18) width 343: "n RTL example of first-letter. This letter should span 3"
            text run at (15,36) width 330: "lines of text, and so it should align itself cleanly with"
            text run at (2,54) width 398: "the cap-height of the A lining up with the cap-height of the first"
            text run at (2,72) width 398: "line, and the baseline of the A lining up with the baseline of the"
            text run at (340,90) width 4 RTL: "."
            text run at (344,90) width 56: "third line"
