layer at (0,0) size 800x600
  RenderView at (0,0) size 800x600
layer at (0,0) size 800x600
  RenderBlock {HTML} at (0,0) size 800x600
    RenderBody {BODY} at (8,16) size 784x568
      RenderBlock {DIV} at (16,0) size 400x54
        RenderBlock (floating) at (2,3) size 48x81
          RenderText {#text} at (0,-46) size 48x200
            text run at (0,-46) width 48: "J"
        RenderText {#text} at (52,36) size 289x18
          text run at (52,36) width 289: "ust an example of first-letter. Short paragraph!"
      RenderBlock {DIV} at (16,70) size 400x158
        RenderBlock (floating) at (2,17) size 48x81
          RenderText {#text} at (0,-46) size 48x200
            text run at (0,-46) width 48: "J"
        RenderText {#text} at (52,50) size 395x108
          text run at (52,50) width 337: "ust an example of first-letter. This letter should span 3"
          text run at (52,68) width 330: "lines of text, and so it should align itself cleanly with"
          text run at (52,86) width 341: "the cap-height of the J lining up with the cap-height of"
          text run at (0,104) width 348: "the first line, and the baseline of the J lining up with the"
          text run at (0,122) width 395: "baseline of the third line. The descender of the J is still avoided"
          text run at (0,140) width 395: "by following lines. This paragraph cleared the short paragraph."
