layer at (0,0) size 800x600
  RenderView at (0,0) size 800x600
layer at (0,0) size 800x600
  RenderBlock {HTML} at (0,0) size 800x600
    RenderBody {BODY} at (8,16) size 784x568
      RenderBlock {DIV} at (16,0) size 400x90
        RenderBlock (floating) at (2,3) size 51x48
          RenderText {#text} at (0,-17) size 51x82
            text run at (0,-17) width 51: "A"
        RenderText {#text} at (55,0) size 444x90
          text run at (55,0) width 389: "n example of first-letter. This letter should span 3 lines of text,"
          text run at (55,18) width 342: "and so it should align itself cleanly with the cap-height"
          text run at (55,36) width 336: "of the A lining up with the cap-height of the first line,"
          text run at (0,54) width 400: "and the baseline of the A lining up with the baseline of the third"
          text run at (0,72) width 27: "line."
      RenderBlock {SPAN} at (0,106) size 784x90
        RenderBlock {DIV} at (368,0) size 400x90
          RenderBlock (floating) at (347,3) size 51x48
            RenderText {#text} at (0,-17) size 51x82
              text run at (0,-17) width 51: "A"
          RenderText {#text} at (-48,0) size 448x90
            text run at (-48,0) width 393: "n RTL example of first-letter. This letter should span 3 lines of"
            text run at (11,18) width 334: "text, and so it should align itself cleanly with the cap-"
            text run at (25,36) width 320: "height of the A lining up with the cap-height of the"
            text run at (14,54) width 386: "first line, and the baseline of the A lining up with the baseline"
            text run at (300,72) width 4 RTL: "."
            text run at (304,72) width 96: "of the third line"
