layer at (0,0) size 800x600
  RenderView at (0,0) size 800x600
layer at (0,0) size 800x600
  RenderBlock {HTML} at (0,0) size 800x600
    RenderBody {BODY} at (8,8) size 784x584
      RenderBlock {H1} at (0,0) size 784x37
        RenderText {#text} at (0,0) size 90x37
          text run at (0,0) width 90: "Blocks"
      RenderBlock {DIV} at (0,58) size 784x19
        RenderInline (generated) at (0,0) size 35x18
          RenderText at (0,0) size 35x18
            text run at (0,0) width 35: "Test: "
        RenderText {#text} at (35,0) size 46x18
          text run at (35,0) width 46: "content"
      RenderBlock {DIV} at (0,76) size 784x19
        RenderBlock (generated) at (0,0) size 31x18
          RenderText at (0,0) size 31x18
            text run at (0,0) width 31: "Test:"
        RenderText {#text} at (31,0) size 46x18
          text run at (31,0) width 46: "content"
      RenderBlock {DIV} at (0,94) size 784x19
        RenderTable at (0,0) size 31x18
          RenderTableSection (anonymous) at (0,0) size 31x18
            RenderTableRow (anonymous) at (0,0) size 31x18
              RenderTableCell (anonymous) at (0,0) size 31x18 [r=0 c=0 rs=1 cs=1]
                RenderText at (0,0) size 31x18
                  text run at (0,0) width 31: "Test:"
        RenderText {#text} at (31,0) size 46x18
          text run at (31,0) width 46: "content"
      RenderBlock {H1} at (0,133) size 784x38
        RenderText {#text} at (0,0) size 92x37
          text run at (0,0) width 92: "Inlines"
      RenderBlock (anonymous) at (0,192) size 784x55
        RenderInline {SPAN} at (0,0) size 81x18
          RenderInline (generated) at (0,0) size 35x18
            RenderText at (0,0) size 35x18
              text run at (0,0) width 35: "Test: "
          RenderText {#text} at (35,0) size 46x18
            text run at (35,0) width 46: "content"
        RenderBR {BR} at (81,14) size 0x0
        RenderInline {SPAN} at (0,0) size 77x18
          RenderBlock (generated) at (0,18) size 31x18
            RenderText at (0,0) size 31x18
              text run at (0,0) width 31: "Test:"
          RenderText {#text} at (31,18) size 46x18
            text run at (31,18) width 46: "content"
        RenderBR {BR} at (77,32) size 0x0
        RenderInline {SPAN} at (0,0) size 77x18
          RenderTable at (0,36) size 31x18
            RenderTableSection (anonymous) at (0,0) size 31x18
              RenderTableRow (anonymous) at (0,0) size 31x18
                RenderTableCell (anonymous) at (0,0) size 31x18 [r=0 c=0 rs=1 cs=1]
                  RenderText at (0,0) size 31x18
                    text run at (0,0) width 31: "Test:"
          RenderText {#text} at (31,36) size 46x18
            text run at (31,36) width 46: "content"
        RenderBR {BR} at (77,50) size 0x0
