layer at (0,0) size 800x600
  RenderView at (0,0) size 800x600
layer at (0,0) size 800x600
  RenderBlock {HTML} at (0,0) size 800x600
    RenderBody {BODY} at (8,8) size 784x576
      RenderBlock (anonymous) at (0,0) size 784x18
        RenderInline {SPAN} at (0,0) size 638x18
          RenderText {#text} at (0,0) size 638x18
            text run at (0,0) width 638: "This test passes if it does not crash, and if we successfully destroy the table-section generated content."
        RenderText {#text} at (638,0) size 4x18
          text run at (638,0) width 4: " "
        RenderBR {BR} at (642,14) size 0x0
      RenderBlock {UL} at (0,34) size 784x18
        RenderListItem {LI} at (40,0) size 744x18
          RenderListMarker at (-17,0) size 7x18: bullet
          RenderInline (generated) at (0,0) size 31x18
            RenderText at (0,0) size 31x18
              text run at (0,0) width 31: "hello"
          RenderText {#text} at (31,0) size 21x18
            text run at (31,0) width 21: "test"
