layer at (0,0) size 800x600
  RenderView at (0,0) size 800x600
layer at (0,0) size 800x600
  RenderBlock {HTML} at (0,0) size 800x600
    RenderBody {BODY} at (8,8) size 784x584 [color=#FF0000]
      RenderBlock {P} at (0,0) size 784x18
        RenderText {#text} at (0,0) size 369x18
          text run at (0,0) width 369: "Should say \x{201C}BEFORE CONTENT AFTER CONTENT\x{201D}"
      RenderTable {DIV} at (0,34) size 192x18
        RenderTableSection (anonymous) at (0,0) size 192x18
          RenderTableRow (anonymous) at (0,0) size 192x18
            RenderTableCell (anonymous) at (0,0) size 63x18 [r=0 c=0 rs=1 cs=1]
              RenderText at (0,0) size 63x18
                text run at (0,0) width 63: "BEFORE"
            RenderTableCell (anonymous) at (63,0) size 77x18 [r=0 c=1 rs=1 cs=1]
              RenderBlock {DIV} at (0,0) size 77x18
                RenderText {#text} at (0,0) size 77x18
                  text run at (0,0) width 77: "CONTENT"
            RenderTableCell (anonymous) at (140,0) size 52x18 [r=0 c=2 rs=1 cs=1]
              RenderText at (0,0) size 52x18
                text run at (0,0) width 52: "AFTER"
      RenderBlock (anonymous) at (0,52) size 784x18
        RenderText {#text} at (0,0) size 77x18
          text run at (0,0) width 77: "CONTENT"
        RenderText {#text} at (0,0) size 0x0
