layer at (0,0) size 800x600
  RenderView at (0,0) size 800x600
layer at (0,0) size 800x112
  RenderBlock {HTML} at (0,0) size 800x112
    RenderBody {BODY} at (8,8) size 784x96
      RenderInline {RUBY} at (0,7) size 732x35
        RenderInline (generated) at (0,7) size 75x35
          RenderText {#text} at (0,7) size 57x36
            text run at (0,7) width 57: "\x{4E16}"
        RenderBlock {RT} at (32,20) size 18x9
          RenderInline {RUBY} at (9,0) size 9x9
            RenderInline (generated) at (9,0) size 9x9
              RenderText {#text} at (0,0) size 9x9
                text run at (0,0) width 9: "\x{3115}"
            RenderBlock {RT} at (9,0) size 9x9
              RenderText {#text} at (-1,3) size 9x3
                text run at (-1,3) width 3: "\x{2CB}"
        RenderInline (generated) at (75,7) size 75x35
          RenderText {#text} at (75,7) size 57x36
            text run at (75,7) width 57: "\x{4E0A}"
        RenderBlock {RT} at (107,15) size 18x19
          RenderInline {RUBY} at (9,0) size 9x18
            RenderInline (generated) at (9,0) size 9x18
              RenderText {#text} at (0,0) size 9x18
                text run at (0,0) width 18: "\x{3115}\x{3124}"
            RenderBlock {RT} at (9,0) size 9x18
              RenderText {#text} at (-1,7) size 9x4
                text run at (-1,7) width 3: "\x{2CB}"
        RenderInline (generated) at (150,7) size 75x35
          RenderText {#text} at (150,7) size 57x36
            text run at (150,7) width 57: "\x{7121}"
        RenderBlock {RT} at (182,20) size 18x9
          RenderInline {RUBY} at (9,0) size 9x9
            RenderInline (generated) at (9,0) size 9x9
              RenderText {#text} at (0,0) size 9x9
                text run at (0,0) width 9: "\x{3128}"
            RenderBlock {RT} at (9,0) size 9x9
              RenderText {#text} at (-1,3) size 9x3
                text run at (-1,3) width 3: "\x{2CA}"
        RenderInline (generated) at (225,7) size 75x35
          RenderText {#text} at (225,7) size 57x36
            text run at (225,7) width 57: "\x{96E3}"
        RenderBlock {RT} at (257,15) size 18x19
          RenderInline {RUBY} at (9,0) size 9x18
            RenderInline (generated) at (9,0) size 9x18
              RenderText {#text} at (0,0) size 9x18
                text run at (0,0) width 18: "\x{310B}\x{3122}"
            RenderBlock {RT} at (9,0) size 9x18
              RenderText {#text} at (-1,7) size 9x4
                text run at (-1,7) width 3: "\x{2CA}"
        RenderInline (generated) at (300,7) size 75x35
          RenderText {#text} at (300,7) size 57x36
            text run at (300,7) width 57: "\x{4E8B}"
        RenderBlock {RT} at (332,20) size 18x9
          RenderInline {RUBY} at (9,0) size 9x9
            RenderInline (generated) at (9,0) size 9x9
              RenderText {#text} at (0,0) size 9x9
                text run at (0,0) width 9: "\x{3115}"
            RenderBlock {RT} at (9,0) size 9x9
              RenderText {#text} at (-1,3) size 9x3
                text run at (-1,3) width 3: "\x{2CB}"
        RenderInline (generated) at (375,7) size 66x35
          RenderText {#text} at (375,7) size 57x36
            text run at (375,7) width 57: "\x{53EA}"
        RenderBlock {RT} at (407,18) size 9x13
          RenderText {#text} at (-1,0) size 9x12
            text run at (-1,0) width 12: "\x{3113}\x{2C7}"
        RenderInline (generated) at (441,7) size 75x35
          RenderText {#text} at (441,7) size 57x36
            text run at (441,7) width 57: "\x{6015}"
        RenderBlock {RT} at (473,15) size 18x19
          RenderInline {RUBY} at (9,0) size 9x18
            RenderInline (generated) at (9,0) size 9x18
              RenderText {#text} at (0,0) size 9x18
                text run at (0,0) width 18: "\x{3106}\x{311A}"
            RenderBlock {RT} at (9,0) size 9x18
              RenderText {#text} at (-1,7) size 9x4
                text run at (-1,7) width 3: "\x{2CB}"
        RenderInline (generated) at (516,7) size 75x35
          RenderText {#text} at (516,7) size 57x36
            text run at (516,7) width 57: "\x{6709}"
        RenderBlock {RT} at (548,15) size 18x19
          RenderInline {RUBY} at (9,0) size 9x18
            RenderInline (generated) at (9,0) size 9x18
              RenderText {#text} at (0,0) size 9x18
                text run at (0,0) width 18: "\x{3127}\x{3121}"
            RenderBlock {RT} at (9,0) size 9x18
              RenderText {#text} at (-1,7) size 9x4
                text run at (-1,7) width 3: "\x{2C7}"
        RenderInline (generated) at (591,7) size 66x35
          RenderText {#text} at (591,7) size 57x36
            text run at (591,7) width 57: "\x{5FC3}"
        RenderBlock {RT} at (623,11) size 9x27
          RenderText {#text} at (-1,0) size 9x27
            text run at (-1,0) width 27: "\x{3112}\x{3127}\x{3123}"
        RenderInline (generated) at (657,7) size 75x35
          RenderText {#text} at (657,7) size 57x36
            text run at (657,7) width 57: "\x{4EBA}"
        RenderBlock {RT} at (689,15) size 18x19
          RenderInline {RUBY} at (9,0) size 9x18
            RenderInline (generated) at (9,0) size 9x18
              RenderText {#text} at (0,0) size 9x18
                text run at (0,0) width 18: "\x{3116}\x{3123}"
            RenderBlock {RT} at (9,0) size 9x18
              RenderText {#text} at (-1,7) size 9x4
                text run at (-1,7) width 3: "\x{2CA}"
      RenderBR {BR} at (732,7) size 0x35
      RenderText {#text} at (0,55) size 570x36
        text run at (0,55) width 570: "\x{4E16}\x{4E0A}\x{7121}\x{96E3}\x{4E8B}\x{53EA}\x{6015}\x{6709}\x{5FC3}\x{4EBA}"
