layer at (0,0) size 800x600
  RenderView at (0,0) size 800x600
layer at (712,0) size 88x600
  RenderBlock {HTML} at (0,0) size 88x600
    RenderBody {BODY} at (20,8) size 60x584
      RenderInline {RUBY} at (18,0) size 36x320
        RenderInline (generated) at (18,0) size 36x32
          RenderText {#text} at (18,0) size 36x32
            text run at (18,0) width 32: "\x{4E16}"
        RenderBlock {RT} at (0,0) size 18x32
          RenderInline {RUBY} at (9,11) size 9x13
            RenderInline (generated) at (9,11) size 9x13
              RenderText {#text} at (9,11) size 9x10
                text run at (9,11) width 9: "\x{3115}"
            RenderBlock {RT} at (0,11) size 9x13
              RenderText {#text} at (0,4) size 9x4
                text run at (0,4) width 3: "\x{2CB}"
        RenderInline (generated) at (18,32) size 36x32
          RenderText {#text} at (18,32) size 36x32
            text run at (18,32) width 32: "\x{4E0A}"
        RenderBlock {RT} at (0,32) size 18x32
          RenderInline {RUBY} at (9,7) size 9x18
            RenderInline (generated) at (9,7) size 9x18
              RenderText {#text} at (9,7) size 9x18
                text run at (9,7) width 18: "\x{3115}\x{3124}"
            RenderBlock {RT} at (0,7) size 9x18
              RenderText {#text} at (0,7) size 9x4
                text run at (0,7) width 3: "\x{2CB}"
        RenderInline (generated) at (18,64) size 36x32
          RenderText {#text} at (18,64) size 36x32
            text run at (18,64) width 32: "\x{7121}"
        RenderBlock {RT} at (0,64) size 18x32
          RenderInline {RUBY} at (9,11) size 9x13
            RenderInline (generated) at (9,11) size 9x13
              RenderText {#text} at (9,11) size 9x10
                text run at (9,11) width 9: "\x{3128}"
            RenderBlock {RT} at (0,11) size 9x13
              RenderText {#text} at (0,4) size 9x4
                text run at (0,4) width 3: "\x{2CA}"
        RenderInline (generated) at (18,96) size 36x32
          RenderText {#text} at (18,96) size 36x32
            text run at (18,96) width 32: "\x{96E3}"
        RenderBlock {RT} at (0,96) size 18x32
          RenderInline {RUBY} at (9,7) size 9x18
            RenderInline (generated) at (9,7) size 9x18
              RenderText {#text} at (9,7) size 9x18
                text run at (9,7) width 18: "\x{310B}\x{3122}"
            RenderBlock {RT} at (0,7) size 9x18
              RenderText {#text} at (0,7) size 9x4
                text run at (0,7) width 3: "\x{2CA}"
        RenderInline (generated) at (18,128) size 36x32
          RenderText {#text} at (18,128) size 36x32
            text run at (18,128) width 32: "\x{4E8B}"
        RenderBlock {RT} at (0,128) size 18x32
          RenderInline {RUBY} at (9,11) size 9x13
            RenderInline (generated) at (9,11) size 9x13
              RenderText {#text} at (9,11) size 9x10
                text run at (9,11) width 9: "\x{3115}"
            RenderBlock {RT} at (0,11) size 9x13
              RenderText {#text} at (0,4) size 9x4
                text run at (0,4) width 3: "\x{2CB}"
        RenderInline (generated) at (18,160) size 36x32
          RenderText {#text} at (18,160) size 36x32
            text run at (18,160) width 32: "\x{53EA}"
        RenderBlock {RT} at (9,160) size 9x32
          RenderText {#text} at (0,10) size 9x12
            text run at (0,10) width 12: "\x{3113}\x{2C7}"
        RenderInline (generated) at (18,192) size 36x32
          RenderText {#text} at (18,192) size 36x32
            text run at (18,192) width 32: "\x{6015}"
        RenderBlock {RT} at (0,192) size 18x32
          RenderInline {RUBY} at (9,7) size 9x18
            RenderInline (generated) at (9,7) size 9x18
              RenderText {#text} at (9,7) size 9x18
                text run at (9,7) width 18: "\x{3106}\x{311A}"
            RenderBlock {RT} at (0,7) size 9x18
              RenderText {#text} at (0,7) size 9x4
                text run at (0,7) width 3: "\x{2CB}"
        RenderInline (generated) at (18,224) size 36x32
          RenderText {#text} at (18,224) size 36x32
            text run at (18,224) width 32: "\x{6709}"
        RenderBlock {RT} at (0,224) size 18x32
          RenderInline {RUBY} at (9,7) size 9x18
            RenderInline (generated) at (9,7) size 9x18
              RenderText {#text} at (9,7) size 9x18
                text run at (9,7) width 18: "\x{3127}\x{3121}"
            RenderBlock {RT} at (0,7) size 9x18
              RenderText {#text} at (0,7) size 9x4
                text run at (0,7) width 3: "\x{2C7}"
        RenderInline (generated) at (18,256) size 36x32
          RenderText {#text} at (18,256) size 36x32
            text run at (18,256) width 32: "\x{5FC3}"
        RenderBlock {RT} at (9,256) size 9x32
          RenderText {#text} at (0,2) size 9x28
            text run at (0,2) width 27: "\x{3112}\x{3127}\x{3123}"
        RenderInline (generated) at (18,288) size 36x32
          RenderText {#text} at (18,288) size 36x32
            text run at (18,288) width 32: "\x{4EBA}"
        RenderBlock {RT} at (0,288) size 18x32
          RenderInline {RUBY} at (9,7) size 9x18
            RenderInline (generated) at (9,7) size 9x18
              RenderText {#text} at (9,7) size 9x18
                text run at (9,7) width 18: "\x{3116}\x{3123}"
            RenderBlock {RT} at (0,7) size 9x18
              RenderText {#text} at (0,7) size 9x4
                text run at (0,7) width 3: "\x{2CA}"
