layer at (0,0) size 800x600
  RenderView at (0,0) size 800x600
layer at (0,0) size 800x600
  RenderBlock {HTML} at (0,0) size 800x600
    RenderBody {BODY} at (8,8) size 784x576
      RenderBlock {P} at (0,0) size 784x18
        RenderText {#text} at (0,0) size 494x17
          text run at (0,0) width 494: "The following is a test for having non-text inline elements as base in a <ruby>."
      RenderBlock {P} at (0,34) size 784x28
        RenderText {#text} at (0,10) size 155x17
          text run at (0,10) width 155: "<ruby> is defined in the "
        RenderInline {RUBY} at (155,10) size 137x17
          RenderInline (generated) at (150,10) size 43x17
            RenderInline {SPAN} at (160,10) size 23x17
              RenderText {#text} at (160,10) size 23x17
                text run at (160,10) width 23: "HT"
          RenderBlock {RT} at (150,0) size 43x10
            RenderText {#text} at (0,0) size 42x10
              text run at (0,0) width 42: "Hyper-text"
          RenderInline (generated) at (192,10) size 96x17
            RenderInline {SPAN} at (223,10) size 15x17
              RenderText {#text} at (223,10) size 15x17
                text run at (223,10) width 15: "M"
            RenderInline {SPAN} at (237,10) size 11x17
              RenderText {#text} at (237,10) size 11x17
                text run at (237,10) width 11: "L"
            RenderInline {SPAN} at (247,10) size 9x17
              RenderText {#text} at (247,10) size 9x17
                text run at (247,10) width 9: "5"
          RenderBlock {RT} at (192,0) size 96x10
            RenderText {#text} at (0,0) size 95x10
              text run at (0,0) width 95: "Markup Language Lvl. 5"
        RenderText {#text} at (282,10) size 37x17
          text run at (282,10) width 37: " spec."
