layer at (0,0) size 800x600
  RenderView at (0,0) size 800x600
layer at (0,0) size 800x600
  RenderBlock {HTML} at (0,0) size 800x600
    RenderBody {BODY} at (8,8) size 784x584
layer at (8,8) size 269x54
  RenderBlock (positioned) {RUBY} at (8,8) size 269x54
    RenderBlock (anonymous) at (0,0) size 269x18
      RenderInline (generated) at (0,0) size 269x17
        RenderInline (generated) at (0,0) size 269x17
          RenderText {#text} at (0,0) size 86x17
            text run at (0,0) width 86: "Before the b. "
          RenderInline {B} at (86,0) size 183x17
            RenderText {#text} at (86,0) size 183x17
              text run at (86,0) width 183: "Inside the b, before the div."
    RenderBlock (anonymous) at (0,18) size 269x18
      RenderBlock {DIV} at (0,0) size 269x18
        RenderText {#text} at (0,0) size 91x17
          text run at (0,0) width 91: "Inside the div"
    RenderBlock (anonymous) at (0,36) size 269x18
      RenderInline {B} at (0,0) size 167x17
        RenderText {#text} at (0,0) size 167x17
          text run at (0,0) width 167: "Iside the b, after the div. "
      RenderText {#text} at (166,0) size 73x17
        text run at (166,0) width 73: "After the b."
