layer at (0,0) size 800x600
  RenderView at (0,0) size 800x600
layer at (0,0) size 800x600
  RenderBlock {HTML} at (0,0) size 800x600
    RenderBody {BODY} at (8,8) size 784x584
      RenderText {#text} at (0,0) size 772x35
        text run at (0,0) width 772: "This is a initial test for simple ruby. There should be 2 ruby annotations on below line, one with a ruby text shorter than the"
        text run at (0,18) width 36: "base, "
        text run at (36,18) width 287: "and one with a ruby text longer than the base."
      RenderBR {BR} at (323,18) size 0x18
      RenderBR {BR} at (0,36) size 0x18
      RenderText {#text} at (0,64) size 155x17
        text run at (0,64) width 155: "<ruby> is defined in the "
      RenderInline {RUBY} at (155,64) size 184x18
        RenderInline (generated) at (155,64) size 184x18
          RenderText {#text} at (155,64) size 184x17
            text run at (155,64) width 184: "Hypertext Markup Language"
        RenderBlock {RT} at (155,54) size 184x10
          RenderText {#text} at (76,0) size 32x10
            text run at (76,0) width 32: "HTML5"
      RenderText {#text} at (339,64) size 31x17
        text run at (339,64) width 31: " and "
      RenderInline {RUBY} at (370,64) size 89x18
        RenderInline (generated) at (365,64) size 90x18
          RenderText {#text} at (391,64) size 38x17
            text run at (391,64) width 38: "CSS3"
        RenderBlock {RT} at (365,54) size 90x10
          RenderText {#text} at (0,0) size 89x10
            text run at (0,0) width 89: "Cascading Style Sheets"
      RenderText {#text} at (450,64) size 42x17
        text run at (450,64) width 42: " specs."
