layer at (0,0) size 800x600
  RenderView at (0,0) size 800x600
layer at (0,0) size 800x600
  RenderBlock {HTML} at (0,0) size 800x600
    RenderBody {BODY} at (8,8) size 784x576
      RenderBlock {P} at (0,0) size 784x36
        RenderText {#text} at (0,0) size 733x35
          text run at (0,0) width 733: "The following is a test for DOM manipulation within <ruby>: Inserting a new text before a <rt> element that already"
          text run at (0,18) width 83: "contains text."
      RenderBlock {P} at (0,52) size 784x18
        RenderText {#text} at (0,0) size 436x17
          text run at (0,0) width 436: "Both lines should look identical (the first line is the one manipulated)."
      RenderBlock (anonymous) at (0,86) size 784x36
        RenderBR {BR} at (0,0) size 0x17
        RenderBR {BR} at (0,18) size 0x17
      RenderBlock {P} at (0,138) size 784x28
        RenderText {#text} at (0,10) size 155x17
          text run at (0,10) width 155: "<ruby> is defined in the "
        RenderInline {RUBY} at (155,10) size 122x17
          RenderInline (generated) at (150,10) size 115x17
            RenderInline {SPAN} at (184,10) size 23x17
              RenderText {#text} at (184,10) size 23x17
                text run at (184,10) width 23: "HT"
            RenderText {#text} at (206,10) size 25x17
              text run at (206,10) width 25: "ML"
          RenderBlock {RT} at (150,0) size 115x10
            RenderText {#text} at (0,0) size 114x10
              text run at (0,0) width 114: "Hyper-text Markup Language"
          RenderInline (generated) at (264,10) size 9x17
            RenderText {#text} at (264,10) size 9x17
              text run at (264,10) width 9: "5"
        RenderText {#text} at (272,10) size 37x17
          text run at (272,10) width 37: " spec."
      RenderBlock {P} at (0,182) size 784x28
        RenderText {#text} at (0,10) size 155x17
          text run at (0,10) width 155: "<ruby> is defined in the "
        RenderInline {RUBY} at (155,10) size 122x17
          RenderInline (generated) at (150,10) size 115x17
            RenderText {#text} at (184,10) size 47x17
              text run at (184,10) width 47: "HTML"
            RenderInline {SPAN} at (230,10) size 0x17
          RenderBlock {RT} at (150,0) size 115x10
            RenderText {#text} at (0,0) size 114x10
              text run at (0,0) width 114: "Hyper-text Markup Language"
          RenderInline (generated) at (264,10) size 9x17
            RenderText {#text} at (264,10) size 9x17
              text run at (264,10) width 9: "5"
        RenderText {#text} at (272,10) size 37x17
          text run at (272,10) width 37: " spec."
