layer at (0,0) size 800x600
  RenderView at (0,0) size 800x600
layer at (0,0) size 800x600
  RenderBlock {HTML} at (0,0) size 800x600
    RenderBody {BODY} at (8,8) size 784x584
      RenderBlock {DIV} at (0,0) size 784x22 [border: (2px solid #FF0000)]
        RenderInline {A} at (0,0) size 30x17 [color=#008000]
          RenderText {#text} at (2,2) size 30x17
            text run at (2,2) width 30: "First"
        RenderInline {A} at (0,0) size 48x17 [color=#008000]
          RenderText {#text} at (31,2) size 48x17
            text run at (31,2) width 48: "Second"
        RenderInline {A} at (0,0) size 36x17 [color=#008000]
          RenderText {#text} at (78,2) size 36x17
            text run at (78,2) width 36: "Third"
