layer at (0,0) size 800x600
  RenderView at (0,0) size 800x600
layer at (0,0) size 800x132
  RenderBlock {HTML} at (0,0) size 800x132
    RenderBody {BODY} at (8,16) size 784x108
      RenderBlock {P} at (0,0) size 784x18
        RenderText {#text} at (0,0) size 472x17
          text run at (0,0) width 472: "The following two vertical bars should be at the same horizontal position."
      RenderBlock {DIV} at (0,34) size 160x37
        RenderBlock {DIV} at (64,0) size 32x37
          RenderInline {SPAN} at (0,0) size 7x36
            RenderText {#text} at (0,0) size 7x36
              text run at (0,0) width 7: "|"
      RenderBlock {DIV} at (0,71) size 784x37
        RenderInline {SPAN} at (0,0) size 7x36
          RenderText {#text} at (64,0) size 7x36
            text run at (64,0) width 7: "|"
