layer at (0,0) size 800x600
  RenderView at (0,0) size 800x600
layer at (0,0) size 800x284
  RenderBlock {html} at (0,0) size 800x284
    RenderBody {body} at (8,21) size 784x242
      RenderBlock {div} at (0,0) size 784x241
        RenderBlock {div} at (0,0) size 784x183
          RenderBlock {h1} at (0,0) size 784x37
            RenderText {#text} at (0,0) size 111x36
              text run at (0,0) width 111: "Content"
          RenderBlock {p} at (0,58) size 784x19
            RenderText {#text} at (0,0) size 493x17
              text run at (0,0) width 493: "Please resize the browser window to see how your 100% CSS footer behaves."
          RenderBlock {p} at (0,92) size 784x91
            RenderText {#text} at (0,0) size 777x89
              text run at (0,0) width 744: "Lorem ipsum dolor sit amet, consectetuer adipiscing elit. Cras porttitor. Ut nonummy vestibulum arcu. Nulla eros eros,"
              text run at (0,18) width 777: "mattis et, dictum quis, convallis vel, mauris. Ut sed mauris vel metus pretium pretium. Curabitur tristique sem id justo. Nunc"
              text run at (0,36) width 776: "sit amet felis. Duis luctus pharetra urna. Sed enim arcu, cursus a, posuere sed, sollicitudin in, justo. Pellentesque enim lacus,"
              text run at (0,54) width 748: "egestas ut, elementum eu, molestie vel, urna. Integer quam. Phasellus tempor. Sed commodo porttitor justo. Vestibulum"
              text run at (0,72) width 543: "rhoncus lacinia pede. Aliquam lectus velit, auctor a, fermentum a, accumsan et, neque."
        RenderBlock {div} at (0,203) size 784x38
          RenderBlock {h1} at (0,0) size 784x37
            RenderText {#text} at (0,0) size 91x36
              text run at (0,0) width 91: "Footer"
