layer at (0,0) size 800x600
  RenderView at (0,0) size 800x600
layer at (0,0) size 800x600
  RenderBlock {HTML} at (0,0) size 800x600
    RenderBody {BODY} at (0,0) size 800x600
layer at (100,0) size 500x600
  RenderBlock (positioned) {DIV} at (100,0) size 500x600
    RenderNamedFlowFragment at (0,0) size 500x600
Named flows
  Named flow 'thread'
    layer at (0,0) size 500x600
      RenderNamedFlowThread at (0,0) size 500x600
        RenderIFrame {IFRAME} at (0,0) size 500x600
          layer at (0,0) size 500x642
            RenderView at (0,0) size 500x600
          layer at (0,0) size 500x642
            RenderBlock {HTML} at (0,0) size 500x642
              RenderBody {BODY} at (8,8) size 484x618
                RenderBlock {DIV} at (0,0) size 450x50
                  RenderBlock (floating) {DIV} at (370,10) size 70x120 [bgcolor=#FFC0CB]
                RenderBlock {P} at (0,66) size 418x552 [border: (3px solid #800000)]
                  RenderText {#text} at (6,6) size 406x119
                    text run at (6,6) width 354: "The chief difficulty Alice found at first was in"
                    text run at (6,26) width 98: "managing her "
                    text run at (103,26) width 257: "flamingo: she succeeded in getting its"
                    text run at (6,46) width 140: "body tucked away, "
                    text run at (145,46) width 215: "comfortably enough, under her"
                    text run at (6,66) width 220: "arm, with its legs hanging down, "
                    text run at (225,66) width 135: "but generally, just as"
                    text run at (6,86) width 264: "she had got its neck nicely straightened "
                    text run at (269,86) width 143: "out, and was going to"
                    text run at (6,106) width 292: "give the hedgehog a blow with its head, it "
                  RenderInline {I} at (0,0) size 40x19
                    RenderText {#text} at (297,106) size 40x19
                      text run at (297,106) width 40: "would"
                  RenderText {#text} at (336,106) size 406x79
                    text run at (336,106) width 76: " twist itself"
                    text run at (6,126) width 237: "round and look up in her face, with "
                    text run at (242,126) width 170: "such a puzzled expression"
                    text run at (6,146) width 248: "that she could not help bursting out "
                    text run at (253,146) width 159: "laughing: and when she"
                    text run at (6,166) width 280: "had got its head down, and was going to "
                  RenderText {#text} at (285,166) size 406x139
                    text run at (285,166) width 127: "begin again, it was"
                    text run at (6,186) width 311: "very provoking to find that the hedgehog had "
                    text run at (316,186) width 96: "unrolled itself,"
                    text run at (6,206) width 314: "and was in the act of crawling away: besides all "
                    text run at (319,206) width 93: "this, there was"
                    text run at (6,226) width 317: "generally a ridge or furrow in the way wherever "
                    text run at (322,226) width 90: "she wanted to"
                    text run at (6,246) width 318: "send the hedgehog to, and, as the doubled-up "
                    text run at (323,246) width 89: "soldiers were"
                    text run at (6,266) width 333: "always getting up and walking off to other parts of "
                    text run at (338,266) width 74: "the ground,"
                    text run at (57,286) width 355: "Alice soon came to the conclusion that it was a very"
                  RenderBlock (floating) {SPAN} at (6,289) size 48x65 [bgcolor=#ADD8E6]
                  RenderText {#text} at (57,306) size 145x19
                    text run at (57,306) width 145: "difficult game indeed. "
                  RenderBR {BR} at (0,0) size 0x0
                  RenderText {#text} at (57,326) size 304x19
                    text run at (57,326) width 304: "The players all played at once without waiting"
                  RenderBlock (floating) {SPAN} at (364,329) size 48x81 [bgcolor=#90EE90]
                  RenderText {#text} at (57,346) size 355x39
                    text run at (57,346) width 64: "for turns, "
                    text run at (120,346) width 241: "quarrelling all the while, and fighting"
                    text run at (6,366) width 173: "for the hedgehogs; and in "
                    text run at (178,366) width 117: "a very short time "
                  RenderInline {SPAN} at (0,0) size 67x19
                    RenderText {#text} at (294,366) size 67x19
                      text run at (294,366) width 67: "the Queen"
                  RenderText {#text} at (6,386) size 355x59
                    text run at (6,386) width 226: "was in a furious passion, and went "
                    text run at (231,386) width 130: "stamping about, and"
                    text run at (6,406) width 288: "shouting \x{2018}Off with his head!\x{2019} or \x{2018}Off with "
                    text run at (293,406) width 68: "her head!\x{2019}"
                    text run at (6,426) width 154: "about once in a minute. "
                  RenderBR {BR} at (0,0) size 0x0
                  RenderText {#text} at (6,446) size 406x99
                    text run at (6,446) width 387: "Alice began to feel very uneasy: to be sure, she had not as "
                    text run at (392,446) width 20: "yet"
                    text run at (6,466) width 406: "had any dispute with the Queen, but she knew that it might"
                    text run at (6,486) width 406: "happen any minute, \x{2018}and then,\x{2019} thought she, \x{2018}what would"
                    text run at (6,506) width 76: "become of "
                    text run at (81,506) width 331: "me? They\x{2019}re dreadfully fond of beheading people"
                    text run at (6,526) width 96: "here; the great "
                    text run at (101,526) width 268: "wonder is, that there\x{2018}s any one left alive!\x{2019}"
    Regions for named flow 'thread'
      RenderNamedFlowFragment (anonymous child of {DIV})
