layer at (0,0) size 808x585
  RenderView at (0,0) size 800x585
layer at (0,0) size 800x585
  RenderBlock {html} at (0,0) size 800x585
    RenderBody {body} at (8,16) size 784x415
      RenderBlock {p} at (0,0) size 784x36
        RenderText {#text} at (0,0) size 738x36
          text run at (0,0) width 738: "The left edges of the black boxes below should line up with the left edges of their containing red or green boxes. In"
          text run at (0,18) width 293: "addition, all the assertions below should pass."
      RenderBlock {div} at (0,52) size 800x200
        RenderSVGRoot {svg} at (8,68) size 780x200
          RenderSVGRect {rect} at (8,78) size 70x160 [fill={[type=SOLID] [color=#FF0000]}] [x=0.00] [y=10.00] [width=70.00] [height=160.00]
          RenderSVGRect {rect} at (78,78) size 100x150 [fill={[type=SOLID] [color=#008000]}] [x=70.00] [y=10.00] [width=100.00] [height=150.00]
          RenderSVGRect {rect} at (178,78) size 70x140 [fill={[type=SOLID] [color=#FF0000]}] [x=170.00] [y=10.00] [width=70.00] [height=140.00]
          RenderSVGRect {rect} at (248,78) size 70x130 [fill={[type=SOLID] [color=#008000]}] [x=240.00] [y=10.00] [width=70.00] [height=130.00]
          RenderSVGRect {rect} at (318,78) size 80x120 [fill={[type=SOLID] [color=#FF0000]}] [x=310.00] [y=10.00] [width=80.00] [height=120.00]
          RenderSVGRect {rect} at (398,78) size 60x110 [fill={[type=SOLID] [color=#008000]}] [x=390.00] [y=10.00] [width=60.00] [height=110.00]
          RenderSVGText {text} at (0,-91) size 780x601 contains 1 chunk(s)
            RenderSVGInlineText {#text} at (0,0) size 780x601
              chunk 1 text run 1 at (0.00,10.00) startOffset 0 endOffset 10 width 780.00: "GGDGGBBBFB"
        RenderText {#text} at (0,0) size 0x0
      RenderBlock {pre} at (0,265) size 784x150
        RenderInline {span} at (0,0) size 305x15
          RenderInline {span} at (0,0) size 305x15
            RenderInline {span} at (0,0) size 32x15
              RenderText {#text} at (0,0) size 32x15
                text run at (0,0) width 32: "PASS"
            RenderText {#text} at (31,0) size 274x15
              text run at (31,0) width 274: " t.getStartPositionOfChar(0).x is 0"
          RenderBR {br} at (304,0) size 1x15
        RenderInline {span} at (0,0) size 430x15
          RenderInline {span} at (0,0) size 430x15
            RenderInline {span} at (0,0) size 32x15
              RenderText {#text} at (0,15) size 32x15
                text run at (0,15) width 32: "FAIL"
            RenderText {#text} at (31,15) size 399x15
              text run at (31,15) width 399: " t.getStartPositionOfChar(1).x should be 0. Was 60."
          RenderBR {br} at (429,15) size 1x15
        RenderInline {span} at (0,0) size 344x15
          RenderInline {span} at (0,0) size 344x15
            RenderInline {span} at (0,0) size 32x15
              RenderText {#text} at (0,30) size 32x15
                text run at (0,30) width 32: "PASS"
            RenderText {#text} at (31,30) size 313x15
              text run at (31,30) width 313: " t.getStartPositionOfChar(2).x is 0 + 70"
          RenderBR {br} at (343,30) size 1x15
        RenderInline {span} at (0,0) size 391x15
          RenderInline {span} at (0,0) size 391x15
            RenderInline {span} at (0,0) size 32x15
              RenderText {#text} at (0,45) size 32x15
                text run at (0,45) width 32: "PASS"
            RenderText {#text} at (31,45) size 360x15
              text run at (31,45) width 360: " t.getStartPositionOfChar(3).x is 0 + 70 + 100"
          RenderBR {br} at (390,45) size 1x15
        RenderInline {span} at (0,0) size 453x15
          RenderInline {span} at (0,0) size 453x15
            RenderInline {span} at (0,0) size 32x15
              RenderText {#text} at (0,60) size 32x15
                text run at (0,60) width 32: "FAIL"
            RenderText {#text} at (31,60) size 422x15
              text run at (31,60) width 422: " t.getStartPositionOfChar(4).x should be 170. Was 230."
          RenderBR {br} at (452,60) size 1x15
        RenderInline {span} at (0,0) size 430x15
          RenderInline {span} at (0,0) size 430x15
            RenderInline {span} at (0,0) size 32x15
              RenderText {#text} at (0,75) size 32x15
                text run at (0,75) width 32: "PASS"
            RenderText {#text} at (31,75) size 399x15
              text run at (31,75) width 399: " t.getStartPositionOfChar(5).x is 0 + 70 + 100 + 70"
          RenderBR {br} at (429,75) size 1x15
        RenderInline {span} at (0,0) size 453x15
          RenderInline {span} at (0,0) size 453x15
            RenderInline {span} at (0,0) size 32x15
              RenderText {#text} at (0,90) size 32x15
                text run at (0,90) width 32: "FAIL"
            RenderText {#text} at (31,90) size 422x15
              text run at (31,90) width 422: " t.getStartPositionOfChar(6).x should be 240. Was 320."
          RenderBR {br} at (452,90) size 1x15
        RenderInline {span} at (0,0) size 469x15
          RenderInline {span} at (0,0) size 469x15
            RenderInline {span} at (0,0) size 32x15
              RenderText {#text} at (0,105) size 32x15
                text run at (0,105) width 32: "PASS"
            RenderText {#text} at (31,105) size 438x15
              text run at (31,105) width 438: " t.getStartPositionOfChar(7).x is 0 + 70 + 100 + 70 + 70"
          RenderBR {br} at (468,105) size 1x15
        RenderInline {span} at (0,0) size 508x15
          RenderInline {span} at (0,0) size 508x15
            RenderInline {span} at (0,0) size 32x15
              RenderText {#text} at (0,120) size 32x15
                text run at (0,120) width 32: "PASS"
            RenderText {#text} at (31,120) size 477x15
              text run at (31,120) width 477: " t.getStartPositionOfChar(8).x is 0 + 70 + 100 + 70 + 70 + 80"
          RenderBR {br} at (507,120) size 1x15
        RenderInline {span} at (0,0) size 453x15
          RenderInline {span} at (0,0) size 453x15
            RenderInline {span} at (0,0) size 32x15
              RenderText {#text} at (0,135) size 32x15
                text run at (0,135) width 32: "FAIL"
            RenderText {#text} at (31,135) size 422x15
              text run at (31,135) width 422: " t.getStartPositionOfChar(9).x should be 490. Was 510."
          RenderBR {br} at (452,135) size 1x15
