layer at (0,0) size 800x600
  RenderView at (0,0) size 800x600
layer at (0,0) size 800x138
  RenderBlock {HTML} at (0,0) size 800x138
    RenderBody {BODY} at (8,8) size 784x110
      RenderBlock (anonymous) at (0,0) size 784x90
        RenderText {#text} at (0,0) size 776x36
          text run at (0,0) width 776: "This test checks that the text-overflow: ellipsis property is handled correctly when using an SVG font and having kerning"
          text run at (0,18) width 107: "and ligatures on."
        RenderBR {BR} at (106,18) size 1x18
        RenderBR {BR} at (0,36) size 0x18
        RenderText {#text} at (0,54) size 526x18
          text run at (0,54) width 526: "Pass if some text is shown followed by an ellipsis (NOT just the ellipsis by itself)."
        RenderBR {BR} at (525,54) size 1x18
        RenderBR {BR} at (0,72) size 0x18
layer at (8,98) size 182x20 clip at (9,99) size 180x18 scrollWidth 333
  RenderBlock {DIV} at (0,90) size 182x20 [border: (1px solid #000000)]
    RenderText {#text} at (1,2) size 334x16
      text run at (1,2) width 334: "abc abc abc abc abc abc abc abc abc abc"
