layer at (0,0) size 800x691
  RenderView at (0,0) size 800x600
layer at (0,0) size 800x691
  RenderBlock {HTML} at (0,0) size 800x691
    RenderBody {BODY} at (8,15) size 784x668
      RenderBlock {DIV} at (0,0) size 784x24
        RenderText {#text} at (0,1) size 104x22
          text run at (0,1) width 104: "H1 / Headline"
      RenderBlock {DIV} at (0,39) size 784x43
        RenderText {#text} at (0,0) size 149x42
          text run at (0,0) width 149: "T0 / Title0"
      RenderBlock {DIV} at (0,97) size 784x35
        RenderText {#text} at (0,0) size 114x34
          text run at (0,0) width 114: "T1 / Title1"
      RenderBlock {DIV} at (0,147) size 784x29
        RenderText {#text} at (0,1) size 96x27
          text run at (0,1) width 96: "T2 / Title2"
      RenderBlock {DIV} at (0,191) size 784x27
        RenderText {#text} at (0,1) size 89x25
          text run at (0,1) width 89: "T3 / Title3"
      RenderBlock {DIV} at (0,233) size 784x50
        RenderText {#text} at (0,1) size 183x47
          text run at (0,1) width 183: "T4 / Title4"
      RenderBlock {DIV} at (0,298) size 784x24
        RenderText {#text} at (0,1) size 703x22
          text run at (0,1) width 703: "Body Text: Lorem ipsum dolor sit amet, consectetur adipiscing elit. Quisque ornare ornare mi"
      RenderBlock {DIV} at (0,337) size 784x26
        RenderText {#text} at (0,2) size 732x22
          text run at (0,2) width 732: "Tall Body Text: Lorem ipsum dolor sit amet, consectetur adipiscing elit. Quisque ornare ornare mi"
      RenderBlock {DIV} at (0,378) size 784x22
        RenderText {#text} at (0,1) size 85x19
          text run at (0,1) width 85: "Subheadline"
      RenderBlock {DIV} at (0,415) size 784x20
        RenderText {#text} at (0,1) size 83x17
          text run at (0,1) width 83: "FN / Footnote"
      RenderBlock {DIV} at (0,450) size 784x17
        RenderText {#text} at (0,1) size 95x15
          text run at (0,1) width 95: "Cap 1 / Caption 1"
      RenderBlock {DIV} at (0,482) size 784x14
        RenderText {#text} at (0,0) size 92x14
          text run at (0,0) width 92: "Cap 2 / Caption 2"
      RenderBlock {DIV} at (0,511) size 784x22
        RenderText {#text} at (0,0) size 153x22
          text run at (0,0) width 153: "Short H1 / Headline"
      RenderBlock {DIV} at (0,548) size 784x22
        RenderText {#text} at (0,0) size 749x22
          text run at (0,0) width 749: "Short Body Text: Lorem ipsum dolor sit amet, consectetur adipiscing elit. Quisque ornare ornare mi"
      RenderBlock {DIV} at (0,585) size 784x20
        RenderText {#text} at (0,0) size 127x19
          text run at (0,0) width 127: "Short Subheadline"
      RenderBlock {DIV} at (0,620) size 784x18
        RenderText {#text} at (0,0) size 120x17
          text run at (0,0) width 120: "Short FN / Footnote"
      RenderBlock {DIV} at (0,653) size 784x15
        RenderText {#text} at (0,0) size 130x15
          text run at (0,0) width 130: "Short Cap 1 / Caption 1"
