layer at (0,0) size 800x600
  RenderView at (0,0) size 800x600
layer at (0,0) size 800x600
  RenderBlock {HTML} at (0,0) size 800x600
    RenderBody {BODY} at (8,8) size 784x584
      RenderTable {TABLE} at (0,0) size 770x90
        RenderTableSection {TBODY} at (0,0) size 770x90
          RenderTableRow {TR} at (0,0) size 770x18
            RenderTableCell {TD} at (0,36) size 130x18 [bgcolor=#008000] [r=0 c=0 rs=5 cs=1]
              RenderTable {TABLE} at (0,0) size 130x18
                RenderTableSection {TBODY} at (0,0) size 130x18
                  RenderTableRow {TR} at (0,0) size 130x18
                    RenderTableCell {TD} at (0,0) size 130x18 [r=0 c=0 rs=1 cs=1]
                      RenderImage {IMG} at (0,0) size 130x0
                      RenderBR {BR} at (130,-14) size 0x17
                      RenderText {#text} at (0,0) size 8x17
                        text run at (0,0) width 8: "1"
            RenderTableCell {TD} at (130,41) size 2x8 [bgcolor=#FF0000] [r=0 c=1 rs=5 cs=1]
              RenderImage {IMG} at (0,0) size 1x7
            RenderTableCell {TD} at (131,0) size 281x18 [bgcolor=#800080] [r=0 c=2 rs=1 cs=1]
              RenderText {#text} at (0,0) size 8x17
                text run at (0,0) width 8: "3"
            RenderTableCell {TD} at (411,0) size 10x18 [bgcolor=#0000FF] [r=0 c=3 rs=1 cs=1]
              RenderText {#text} at (0,0) size 8x17
                text run at (0,0) width 8: "4"
            RenderTableCell {TD} at (420,0) size 351x18 [bgcolor=#FFA500] [r=0 c=4 rs=1 cs=1]
              RenderText {#text} at (0,0) size 8x17
                text run at (0,0) width 8: "5"
          RenderTableRow {TR} at (0,18) size 770x18
            RenderTableCell {TD} at (131,27) size 281x18 [bgcolor=#800080] [r=1 c=2 rs=2 cs=1]
              RenderImage {IMG} at (0,0) size 280x0
              RenderBR {BR} at (280,-14) size 0x17
              RenderText {#text} at (0,0) size 8x17
                text run at (0,0) width 8: "3"
            RenderTableCell {TD} at (411,27) size 10x18 [bgcolor=#0000FF] [r=1 c=3 rs=2 cs=1]
              RenderText {#text} at (0,0) size 8x17
                text run at (0,0) width 8: "4"
            RenderTableCell {TD} at (420,18) size 351x18 [bgcolor=#FFA500] [r=1 c=4 rs=1 cs=1]
              RenderText {#text} at (0,0) size 8x17
                text run at (0,0) width 8: "5"
          RenderTableRow {TR} at (0,36) size 770x18
            RenderTableCell {TD} at (420,36) size 351x18 [r=2 c=4 rs=1 cs=1]
              RenderTable {TABLE} at (0,0) size 350x18 [bgcolor=#FFA500]
                RenderTableSection {TBODY} at (0,0) size 350x18
                  RenderTableRow {TR} at (0,0) size 350x18
                    RenderTableCell {TD} at (0,0) size 273x18 [r=0 c=0 rs=1 cs=1]
                      RenderImage {IMG} at (0,0) size 267x0
                      RenderBR {BR} at (267,-14) size 0x17
                      RenderText {#text} at (0,0) size 8x17
                        text run at (0,0) width 8: "5"
                    RenderTableCell {TD} at (273,9) size 77x0 [r=0 c=1 rs=1 cs=1]
                      RenderImage {IMG} at (0,0) size 77x0
          RenderTableRow {TR} at (0,54) size 770x18
            RenderTableCell {TD} at (131,54) size 281x18 [bgcolor=#800080] [r=3 c=2 rs=1 cs=1]
              RenderText {#text} at (0,0) size 8x17
                text run at (0,0) width 8: "3"
            RenderTableCell {TD} at (411,54) size 10x18 [bgcolor=#0000FF] [r=3 c=3 rs=1 cs=1]
              RenderText {#text} at (0,0) size 8x17
                text run at (0,0) width 8: "4"
            RenderTableCell {TD} at (420,54) size 351x18 [bgcolor=#FFA500] [r=3 c=4 rs=1 cs=1]
              RenderText {#text} at (0,0) size 8x17
                text run at (0,0) width 8: "5"
          RenderTableRow {TR} at (0,72) size 770x18
            RenderTableCell {TD} at (131,72) size 281x18 [bgcolor=#800080] [r=4 c=2 rs=1 cs=1]
              RenderText {#text} at (0,0) size 8x17
                text run at (0,0) width 8: "3"
            RenderTableCell {TD} at (411,72) size 10x18 [bgcolor=#0000FF] [r=4 c=3 rs=1 cs=1]
              RenderText {#text} at (0,0) size 8x17
                text run at (0,0) width 8: "4"
            RenderTableCell {TD} at (420,72) size 351x18 [bgcolor=#FFA500] [r=4 c=4 rs=1 cs=1]
              RenderText {#text} at (0,0) size 8x17
                text run at (0,0) width 8: "5"
