layer at (0,0) size 800x600
  RenderView at (0,0) size 800x600
layer at (0,0) size 800x84
  RenderBlock {html} at (0,0) size 800x84
    RenderBody {body} at (8,8) size 784x68
      RenderTable {table} at (0,0) size 67x68
        RenderTableSection {thead} at (0,0) size 67x24
          RenderTableRow {tr} at (0,2) size 67x20
            RenderTableCell {th} at (2,2) size 15x20 [color=#FF0000] [r=0 c=0 rs=1 cs=1]
              RenderText {#text} at (1,1) size 13x17
                text run at (1,1) width 13: "H"
            RenderTableCell {th} at (18,2) size 15x20 [color=#FF0000] [r=0 c=1 rs=1 cs=1]
              RenderText {#text} at (1,1) size 12x17
                text run at (1,1) width 12: "E"
            RenderTableCell {th} at (34,2) size 16x20 [color=#FF0000] [r=0 c=2 rs=1 cs=1]
              RenderText {#text} at (1,1) size 13x17
                text run at (1,1) width 13: "A"
            RenderTableCell {th} at (51,2) size 14x20 [color=#FF0000] [r=0 c=3 rs=1 cs=1]
              RenderText {#text} at (1,1) size 12x17
                text run at (1,1) width 12: "D"
        RenderTableSection {tfoot} at (0,46) size 67x22
          RenderTableRow {tr} at (0,0) size 67x20
            RenderTableCell {th} at (2,0) size 15x20 [color=#0000FF] [r=0 c=0 rs=1 cs=1]
              RenderText {#text} at (2,1) size 11x17
                text run at (2,1) width 11: "F"
            RenderTableCell {th} at (18,0) size 15x20 [color=#0000FF] [r=0 c=1 rs=1 cs=1]
              RenderText {#text} at (1,1) size 13x17
                text run at (1,1) width 13: "O"
            RenderTableCell {th} at (34,0) size 16x20 [color=#0000FF] [r=0 c=2 rs=1 cs=1]
              RenderText {#text} at (1,1) size 13x17
                text run at (1,1) width 13: "O"
            RenderTableCell {th} at (51,0) size 14x20 [color=#0000FF] [r=0 c=3 rs=1 cs=1]
              RenderText {#text} at (1,1) size 12x17
                text run at (1,1) width 12: "T"
        RenderTableSection {tbody} at (0,24) size 67x22
          RenderTableRow {tr} at (0,0) size 67x20
            RenderTableCell {td} at (2,0) size 15x20 [color=#008000] [r=0 c=0 rs=1 cs=1]
              RenderText {#text} at (1,1) size 8x17
                text run at (1,1) width 8: "b"
            RenderTableCell {td} at (18,0) size 15x20 [color=#008000] [r=0 c=1 rs=1 cs=1]
              RenderText {#text} at (1,1) size 8x17
                text run at (1,1) width 8: "o"
            RenderTableCell {td} at (34,0) size 16x20 [color=#008000] [r=0 c=2 rs=1 cs=1]
              RenderText {#text} at (1,1) size 8x17
                text run at (1,1) width 8: "d"
            RenderTableCell {td} at (51,0) size 14x20 [color=#008000] [r=0 c=3 rs=1 cs=1]
              RenderText {#text} at (1,1) size 8x17
                text run at (1,1) width 8: "y"
