layer at (0,0) size 800x600
  RenderView at (0,0) size 800x600
layer at (0,0) size 800x600
  RenderBlock {HTML} at (0,0) size 800x600
    RenderBody {BODY} at (8,8) size 784x584
      RenderTable {TABLE} at (0,0) size 345x24
        RenderTableSection {TBODY} at (0,0) size 345x24
          RenderTableRow {TR} at (0,2) size 345x2
            RenderTableCell {TD} at (2,2) size 131x2 [r=0 c=0 rs=1 cs=1]
            RenderTableCell {TD} at (135,2) size 208x2 [r=0 c=1 rs=1 cs=1]
          RenderTableRow {TR} at (0,6) size 345x16
            RenderTableCell {TD} at (2,6) size 131x16 [r=1 c=0 rs=1 cs=1]
              RenderText {#text} at (1,1) size 129x14
                text run at (1,1) width 129: "[this should not overlap]"
            RenderTableCell {TD} at (135,6) size 208x16 [r=1 c=1 rs=1 cs=1]
              RenderText {#text} at (1,1) size 206x14
                text run at (1,1) width 206: "[with this, since the table is auto width]"
      RenderTable {TABLE} at (0,24) size 600x24
        RenderTableSection {TBODY} at (0,0) size 600x24
          RenderTableRow {TR} at (0,2) size 600x2
            RenderTableCell {TD} at (2,2) size 297x2 [r=0 c=0 rs=1 cs=1]
            RenderTableCell {TD} at (301,2) size 297x2 [r=0 c=1 rs=1 cs=1]
          RenderTableRow {TR} at (0,6) size 600x16
            RenderTableCell {TD} at (2,6) size 297x16 [r=1 c=0 rs=1 cs=1]
              RenderText {#text} at (1,1) size 129x14
                text run at (1,1) width 129: "[this should not overlap]"
            RenderTableCell {TD} at (301,6) size 297x16 [r=1 c=1 rs=1 cs=1]
              RenderText {#text} at (1,1) size 50x14
                text run at (1,1) width 50: "[with this]"
      RenderTable {TABLE} at (0,48) size 600x19
        RenderTableSection {TBODY} at (0,0) size 600x19
          RenderTableRow {TR} at (0,0) size 600x4
            RenderTableCell {TD} at (0,3) size 86x1 [r=0 c=0 rs=1 cs=1]
            RenderTableCell {TD} at (85,3) size 87x1 [r=0 c=1 rs=1 cs=1]
            RenderTableCell {TD} at (171,3) size 87x1 [r=0 c=2 rs=1 cs=1]
            RenderTableCell {TD} at (257,3) size 86x1 [r=0 c=3 rs=1 cs=1]
            RenderTableCell {TD} at (342,3) size 87x1 [r=0 c=4 rs=1 cs=1]
            RenderTableCell {TD} at (428,3) size 87x1 [r=0 c=5 rs=1 cs=1]
          RenderTableRow {TR} at (0,4) size 600x15
            RenderTableCell {TD} at (0,18) size 86x1 [r=1 c=0 rs=1 cs=1]
            RenderTableCell {TD} at (85,18) size 87x1 [r=1 c=1 rs=1 cs=1]
            RenderTableCell {TD} at (171,18) size 87x1 [r=1 c=2 rs=1 cs=1]
            RenderTableCell {TD} at (257,4) size 86x15 [r=1 c=3 rs=1 cs=1]
              RenderText {#text} at (1,1) size 63x14
                text run at (1,1) width 63: "[should not]"
            RenderTableCell {TD} at (342,4) size 87x15 [r=1 c=4 rs=1 cs=1]
              RenderText {#text} at (1,1) size 51x14
                text run at (1,1) width 51: "[overlap]"
            RenderTableCell {TD} at (428,4) size 87x15 [r=1 c=5 rs=1 cs=1]
              RenderText {#text} at (1,1) size 238x14
                text run at (1,1) width 238: "[at all, since width=0 is ignored]"
            RenderTableCell {TD} at (514,18) size 86x1 [r=1 c=6 rs=1 cs=1]
