layer at (0,0) size 785x801
  RenderView at (0,0) size 785x600
layer at (0,0) size 785x801
  RenderBlock {HTML} at (0,0) size 785x802
    RenderBody {BODY} at (8,8) size 769x786
      RenderTable {TABLE} at (0,0) size 338x786
        RenderTableSection {TBODY} at (0,0) size 338x786
          RenderTableRow {TR} at (0,0) size 26x786
            RenderTableCell {TD} at (0,0) size 26x786 [border: (1px solid #008000)] [r=0 c=0 rs=1 cs=3]
              RenderText {#text} at (5,4) size 17x236
                text run at (5,4) width 144: "   Join Now   Sign In   "
                text run at (5,148) width 92: "   Personalize: "
              RenderInline {A} at (5,240) size 17x50
                RenderText {#text} at (5,240) size 17x50
                  text run at (5,240) width 50: "Settings"
              RenderText {#text} at (5,290) size 17x14
                text run at (5,290) width 14: " \x{2022} "
              RenderInline {A} at (5,304) size 17x50
                RenderText {#text} at (5,304) size 17x50
                  text run at (5,304) width 50: "Content"
              RenderText {#text} at (5,354) size 17x14
                text run at (5,354) width 14: " \x{2022} "
              RenderInline {A} at (5,368) size 17x45
                RenderText {#text} at (5,368) size 17x45
                  text run at (5,368) width 45: "Layout"
              RenderText {#text} at (5,413) size 17x14
                text run at (5,413) width 14: " \x{2022} "
              RenderInline {A} at (5,427) size 17x112
                RenderText {#text} at (5,427) size 17x112
                  text run at (5,427) width 112: "Colors & Themes"
              RenderText {#text} at (5,539) size 17x14
                text run at (5,539) width 14: " \x{2022} "
              RenderInline {A} at (5,553) size 17x46
                RenderText {#text} at (5,553) size 17x46
                  text run at (5,553) width 46: "Sign In"
              RenderText {#text} at (5,599) size 17x182
                text run at (5,599) width 8: "  "
                text run at (5,607) width 90: "   My Links:   "
                text run at (5,697) width 84: "  Lite \x{2022} Email"
          RenderTableRow {TR} at (26,0) size 312x786
            RenderTableCell {TD} at (26,152) size 312x-84 [border: (1px solid #008000)] [r=1 c=0 rs=1 cs=1]
            RenderTableCell {TD} at (26,219) size 312x347 [border: (1px solid #008000)] [r=1 c=1 rs=1 cs=1]
              RenderTable {TABLE} at (4,4) size 304x338
                RenderTableSection {TBODY} at (0,0) size 304x338
                  RenderTableRow {TR} at (2,0) size 300x338
                    RenderTableCell {TD} at (2,2) size 300x334 [border: (1px solid #008000)] [r=0 c=0 rs=1 cs=1]
                      RenderTable {TABLE} at (2,2) size 296x330
                        RenderTableSection {TBODY} at (0,0) size 296x330
                          RenderTableRow {TR} at (2,0) size 292x330
                            RenderTableCell {TD} at (2,146) size 292x-162 [border: (1px solid #008000)] [r=0 c=0 rs=1 cs=1]
                            RenderTableCell {TD} at (2,129) size 292x72 [border: (1px solid #008000)] [r=0 c=1 rs=1 cs=1]
                              RenderText {#text} at (3,2) size 287x67
                                text run at (3,2) width 56: "This guy"
                                text run at (21,2) width 42: "should"
                                text run at (39,2) width 53: "have the"
                                text run at (57,2) width 59: "really big"
                                text run at (75,2) width 67: "maxwidth."
                                text run at (93,2) width 13: "It "
                                text run at (93,15) width 42: "should"
                                text run at (111,2) width 39: "be big"
                                text run at (129,2) width 63: "enough to"
                                text run at (147,2) width 35: "really"
                                text run at (165,2) width 35: "really"
                                text run at (183,2) width 37: "screw"
                                text run at (201,2) width 62: "things up."
                                text run at (219,2) width 43: "That is"
                                text run at (237,2) width 40: "what I"
                                text run at (255,2) width 60: "think will"
                                text run at (273,2) width 37: "work."
                            RenderTableCell {TD} at (2,346) size 292x-162 [border: (1px solid #008000)] [r=0 c=2 rs=1 cs=1]
            RenderTableCell {TD} at (26,708) size 312x-65 [border: (1px solid #008000)] [r=1 c=2 rs=1 cs=1]
              RenderImage {IMG} at (147,4) size 18x212
              RenderText {#text} at (0,0) size 0x0
