layer at (0,0) size 800x600
  RenderView at (0,0) size 800x600
layer at (0,0) size 800x600
  RenderBlock {HTML} at (0,0) size 800x600
    RenderBody {BODY} at (8,8) size 784x584
      RenderTable {TABLE} at (0,0) size 784x40
        RenderTableSection {TBODY} at (0,0) size 784x40
          RenderTableRow {TR} at (0,0) size 784x40
layer at (8,8) size 150x40
  RenderTableCell {TD} at (0,0) size 150x40 [r=0 c=0 rs=1 cs=1]
    RenderTable {TABLE} at (0,0) size 150x40 [border: (10px outset #808080)]
      RenderTableSection {TBODY} at (10,10) size 130x20
        RenderTableRow {TR} at (0,0) size 130x20
layer at (18,18) size 130x20 clip at (19,19) size 128x18
  RenderTableCell {TD} at (0,0) size 130x20 [border: (1px inset #808080)] [r=0 c=0 rs=1 cs=1]
    RenderText {#text} at (1,1) size 125x17
      text run at (1,1) width 125: "left column content"
layer at (158,8) size 634x40
  RenderTableCell {TD} at (150,11) size 634x18 [r=0 c=1 rs=1 cs=1]
    RenderText {#text} at (0,0) size 72x17
      text run at (0,0) width 72: "second cell"
