layer at (0,0) size 800x600
  RenderView at (0,0) size 800x600
layer at (0,0) size 800x509
  RenderBlock {HTML} at (0,0) size 800x509
    RenderBody {BODY} at (8,8) size 784x20
      RenderBlock {DIV} at (0,0) size 784x2 [border: (1px solid #008000)]
        RenderTable {TABLE} at (1,1) size 400x500 [bgcolor=#FFA500] [border: (1px outset #808080)]
      RenderBlock (anonymous) at (0,2) size 784x18
        RenderText {#text} at (401,0) size 86x17
          text run at (401,0) width 86: "More content"
