layer at (0,0) size 800x600
  RenderView at (0,0) size 800x600
layer at (0,0) size 800x600
  RenderBlock {HTML} at (0,0) size 800x600
    RenderBody {BODY} at (8,8) size 784x584
      RenderTable {TABLE} at (0,0) size 784x24
        RenderTableSection {TBODY} at (0,0) size 784x24
          RenderTableRow {TR} at (0,2) size 784x20
            RenderTableCell {TD} at (2,2) size 62x20 [r=0 c=0 rs=1 cs=1]
            RenderTableCell {TD} at (66,11) size 716x2 [r=0 c=1 rs=1 cs=1]
      RenderBlock {DIV} at (0,24) size 784x0
layer at (11,11) size 60x18
  RenderBlock {DIV} at (1,1) size 60x18
    RenderText {#text} at (0,0) size 56x17
      text run at (0,0) width 56: "Success!"
