layer at (0,0) size 800x600
  RenderView at (0,0) size 800x600
layer at (0,0) size 800x600
  RenderBlock {HTML} at (0,0) size 800x600
    RenderBody {BODY} at (8,8) size 784x584
      RenderTable {TABLE} at (0,0) size 238x210 [border: none]
        RenderTableCol {COLGROUP} at (0,0) size 0x0 [border: none (1px solid #000000) none (1px solid #000000)]
        RenderTableCol {COLGROUP} at (0,0) size 0x0 [border: none (1px solid #000000) none (1px solid #000000)]
        RenderTableSection {TBODY} at (0,0) size 237x209 [border: (1px solid #808080) none (1px solid #808080) none]
          RenderTableRow {TR} at (0,0) size 237x27
            RenderTableCell {TH} at (0,0) size 82x27 [border: (1px none #000000)] [r=0 c=0 rs=1 cs=1]
              RenderText {#text} at (9,5) size 64x17
                text run at (9,5) width 64: "Weekday"
            RenderTableCell {TH} at (81,0) size 46x27 [border: (1px none #000000)] [r=0 c=1 rs=1 cs=1]
              RenderText {#text} at (7,5) size 32x17
                text run at (7,5) width 32: "Date"
            RenderTableCell {TH} at (126,0) size 71x27 [border: (1px none #000000)] [r=0 c=2 rs=1 cs=1]
              RenderText {#text} at (4,5) size 62x17
                text run at (4,5) width 62: "Manager"
            RenderTableCell {TH} at (196,0) size 41x27 [border: (1px none #000000)] [r=0 c=3 rs=1 cs=1]
              RenderText {#text} at (7,5) size 26x17
                text run at (7,5) width 26: "Qty"
          RenderTableRow {TR} at (0,27) size 237x26
            RenderTableCell {TD} at (0,27) size 82x26 [border: none] [r=1 c=0 rs=1 cs=1]
              RenderText {#text} at (5,4) size 53x17
                text run at (5,4) width 53: "Monday"
            RenderTableCell {TD} at (81,27) size 46x26 [border: none] [r=1 c=1 rs=1 cs=1]
              RenderText {#text} at (5,4) size 36x17
                text run at (5,4) width 36: "09/11"
            RenderTableCell {TD} at (126,27) size 71x26 [r=1 c=2 rs=1 cs=1]
              RenderText {#text} at (4,4) size 44x17
                text run at (4,4) width 44: "Kelsey"
            RenderTableCell {TD} at (196,27) size 41x26 [r=1 c=3 rs=1 cs=1]
              RenderText {#text} at (4,4) size 24x17
                text run at (4,4) width 24: "639"
          RenderTableRow {TR} at (0,53) size 237x26
            RenderTableCell {TD} at (0,53) size 82x26 [border: none] [r=2 c=0 rs=1 cs=1]
              RenderText {#text} at (5,4) size 54x17
                text run at (5,4) width 54: "Tuesday"
            RenderTableCell {TD} at (81,53) size 46x26 [border: none] [r=2 c=1 rs=1 cs=1]
              RenderText {#text} at (5,4) size 36x17
                text run at (5,4) width 36: "09/12"
            RenderTableCell {TD} at (126,53) size 71x26 [r=2 c=2 rs=1 cs=1]
              RenderText {#text} at (4,4) size 51x17
                text run at (4,4) width 51: "Lindsey"
            RenderTableCell {TD} at (196,53) size 41x26 [r=2 c=3 rs=1 cs=1]
              RenderText {#text} at (4,4) size 24x17
                text run at (4,4) width 24: "596"
          RenderTableRow {TR} at (0,79) size 237x26
            RenderTableCell {TD} at (0,79) size 82x26 [border: none] [r=3 c=0 rs=1 cs=1]
              RenderText {#text} at (5,4) size 73x17
                text run at (5,4) width 73: "Wednesday"
            RenderTableCell {TD} at (81,79) size 46x26 [border: none] [r=3 c=1 rs=1 cs=1]
              RenderText {#text} at (5,4) size 36x17
                text run at (5,4) width 36: "09/13"
            RenderTableCell {TD} at (126,79) size 71x26 [r=3 c=2 rs=1 cs=1]
              RenderText {#text} at (4,4) size 42x17
                text run at (4,4) width 42: "Randy"
            RenderTableCell {TD} at (196,79) size 41x26 [r=3 c=3 rs=1 cs=1]
              RenderText {#text} at (4,4) size 32x17
                text run at (4,4) width 32: "1135"
          RenderTableRow {TR} at (0,105) size 237x26
            RenderTableCell {TD} at (0,105) size 82x26 [border: none] [r=4 c=0 rs=1 cs=1]
              RenderText {#text} at (5,4) size 60x17
                text run at (5,4) width 60: "Thursday"
            RenderTableCell {TD} at (81,105) size 46x26 [border: none] [r=4 c=1 rs=1 cs=1]
              RenderText {#text} at (5,4) size 36x17
                text run at (5,4) width 36: "09/14"
            RenderTableCell {TD} at (126,105) size 71x26 [r=4 c=2 rs=1 cs=1]
              RenderText {#text} at (4,4) size 38x17
                text run at (4,4) width 38: "Susan"
            RenderTableCell {TD} at (196,105) size 41x26 [r=4 c=3 rs=1 cs=1]
              RenderText {#text} at (4,4) size 32x17
                text run at (4,4) width 32: "1002"
          RenderTableRow {TR} at (0,131) size 237x26
            RenderTableCell {TD} at (0,131) size 82x26 [border: none] [r=5 c=0 rs=1 cs=1]
              RenderText {#text} at (5,4) size 41x17
                text run at (5,4) width 41: "Friday"
            RenderTableCell {TD} at (81,131) size 46x26 [border: none] [r=5 c=1 rs=1 cs=1]
              RenderText {#text} at (5,4) size 36x17
                text run at (5,4) width 36: "09/15"
            RenderTableCell {TD} at (126,131) size 71x26 [r=5 c=2 rs=1 cs=1]
              RenderText {#text} at (4,4) size 42x17
                text run at (4,4) width 42: "Randy"
            RenderTableCell {TD} at (196,131) size 41x26 [r=5 c=3 rs=1 cs=1]
              RenderText {#text} at (4,4) size 24x17
                text run at (4,4) width 24: "908"
          RenderTableRow {TR} at (0,157) size 237x26
            RenderTableCell {TD} at (0,157) size 82x26 [border: none] [r=6 c=0 rs=1 cs=1]
              RenderText {#text} at (5,4) size 56x17
                text run at (5,4) width 56: "Saturday"
            RenderTableCell {TD} at (81,157) size 46x26 [border: none] [r=6 c=1 rs=1 cs=1]
              RenderText {#text} at (5,4) size 36x17
                text run at (5,4) width 36: "09/16"
            RenderTableCell {TD} at (126,157) size 71x26 [r=6 c=2 rs=1 cs=1]
              RenderText {#text} at (4,4) size 51x17
                text run at (4,4) width 51: "Lindsey"
            RenderTableCell {TD} at (196,157) size 41x26 [r=6 c=3 rs=1 cs=1]
              RenderText {#text} at (4,4) size 24x17
                text run at (4,4) width 24: "371"
          RenderTableRow {TR} at (0,183) size 237x26
            RenderTableCell {TD} at (0,183) size 82x26 [border: none] [r=7 c=0 rs=1 cs=1]
              RenderText {#text} at (5,4) size 48x17
                text run at (5,4) width 48: "Sunday"
            RenderTableCell {TD} at (81,183) size 46x26 [border: none] [r=7 c=1 rs=1 cs=1]
              RenderText {#text} at (5,4) size 36x17
                text run at (5,4) width 36: "09/17"
            RenderTableCell {TD} at (126,183) size 71x26 [r=7 c=2 rs=1 cs=1]
              RenderText {#text} at (4,4) size 38x17
                text run at (4,4) width 38: "Susan"
            RenderTableCell {TD} at (196,183) size 41x26 [r=7 c=3 rs=1 cs=1]
              RenderText {#text} at (4,4) size 24x17
                text run at (4,4) width 24: "272"
