layer at (0,0) size 785x772
  RenderView at (0,0) size 785x600
layer at (0,0) size 785x772
  RenderBlock {HTML} at (0,0) size 785x772
    RenderBody {BODY} at (0,0) size 785x772
      RenderTable {TABLE} at (0,0) size 785x29 [border: (2px solid #000000)]
        RenderTableSection {TBODY} at (2,2) size 781x25
          RenderTableRow {TR} at (0,0) size 781x25
            RenderTableCell {TD} at (0,12) size 0x0 [r=0 c=0 rs=1 cs=1]
            RenderTableCell {TD} at (0,3) size 781x19 [bgcolor=#FF0000] [r=0 c=1 rs=1 cs=1]
              RenderText {#text} at (0,3) size 219x18
                text run at (0,0) width 219: "First cell empty, second auto width"
      RenderTable {TABLE} at (0,29) size 785x29 [border: (2px solid #000000)]
        RenderTableSection {TBODY} at (2,2) size 781x25
          RenderTableRow {TR} at (0,0) size 781x25
            RenderTableCell {TD} at (0,12) size 0x0 [r=0 c=0 rs=1 cs=1]
            RenderTableCell {TD} at (0,3) size 781x19 [bgcolor=#FF0000] [r=0 c=1 rs=1 cs=1]
              RenderText {#text} at (0,3) size 238x18
                text run at (0,0) width 238: "First cell empty, second percent width"
      RenderTable {TABLE} at (0,58) size 785x29 [border: (2px solid #000000)]
        RenderTableSection {TBODY} at (2,2) size 781x25
          RenderTableRow {TR} at (0,0) size 781x25
            RenderTableCell {TD} at (0,12) size 0x0 [r=0 c=0 rs=1 cs=1]
            RenderTableCell {TD} at (0,3) size 781x19 [bgcolor=#FF0000] [r=0 c=1 rs=1 cs=1]
              RenderText {#text} at (0,3) size 224x18
                text run at (0,0) width 224: "First cell empty, second fixed width"
      RenderTable {TABLE} at (0,87) size 785x29 [border: (2px solid #000000)]
        RenderTableSection {TBODY} at (2,2) size 781x25
          RenderTableRow {TR} at (0,0) size 781x25
            RenderTableCell {TD} at (0,3) size 391x19 [r=0 c=0 rs=1 cs=1]
              RenderText {#text} at (0,3) size 4x18
                text run at (0,0) width 4: " "
            RenderTableCell {TD} at (390,3) size 391x19 [bgcolor=#FF0000] [r=0 c=1 rs=1 cs=1]
              RenderText {#text} at (0,3) size 333x18
                text run at (0,0) width 333: "First cell empty (with space) and has white-space:pre"
      RenderTable {TABLE} at (0,116) size 785x29 [border: (2px solid #000000)]
        RenderTableSection {TBODY} at (2,2) size 781x25
          RenderTableRow {TR} at (0,0) size 781x25
            RenderTableCell {TD} at (0,12) size 0x0 [r=0 c=0 rs=1 cs=1]
            RenderTableCell {TD} at (0,3) size 781x19 [bgcolor=#FF0000] [r=0 c=1 rs=1 cs=1]
              RenderText {#text} at (0,3) size 321x18
                text run at (0,0) width 321: "First cell empty (no space) and has white-space:pre"
      RenderTable {TABLE} at (0,145) size 785x29 [border: (2px solid #000000)]
        RenderTableSection {TBODY} at (2,2) size 781x25
          RenderTableRow {TR} at (0,0) size 781x25
            RenderTableCell {TD} at (0,10) size 391x5 [border: (2px solid #008000)] [r=0 c=0 rs=1 cs=1]
            RenderTableCell {TD} at (390,3) size 391x19 [bgcolor=#FF0000] [r=0 c=1 rs=1 cs=1]
              RenderText {#text} at (0,3) size 191x18
                text run at (0,0) width 191: "First cell empty but has border"
      RenderTable {TABLE} at (0,174) size 785x29 [border: (2px solid #000000)]
        RenderTableSection {TBODY} at (2,2) size 781x25
          RenderTableRow {TR} at (0,0) size 781x25
            RenderTableCell {TD} at (0,10) size 391x5 [r=0 c=0 rs=1 cs=1]
            RenderTableCell {TD} at (390,3) size 391x19 [bgcolor=#FF0000] [r=0 c=1 rs=1 cs=1]
              RenderText {#text} at (0,3) size 201x18
                text run at (0,0) width 201: "First cell empty but has padding"
      RenderTable {TABLE} at (0,203) size 785x29 [border: (2px solid #000000)]
        RenderTableSection {TBODY} at (2,2) size 781x25
          RenderTableRow {TR} at (0,0) size 781x25
            RenderTableCell {TD} at (0,11) size 391x3 [r=0 c=0 rs=1 cs=1]
            RenderTableCell {TD} at (390,2) size 391x21 [bgcolor=#FF0000] [r=0 c=1 rs=1 cs=1]
              RenderText {#text} at (1,3) size 236x18
                text run at (1,1) width 236: "First cell empty, table has cellpadding"
      RenderTable {TABLE} at (0,232) size 785x31 [border: (2px solid #000000)]
        RenderTableSection {TBODY} at (2,2) size 781x27
          RenderTableRow {TR} at (0,1) size 781x25
            RenderTableCell {TD} at (1,13) size 0x0 [r=0 c=0 rs=1 cs=1]
            RenderTableCell {TD} at (2,4) size 778x19 [bgcolor=#FF0000] [r=0 c=1 rs=1 cs=1]
              RenderText {#text} at (0,3) size 233x18
                text run at (0,0) width 233: "First cell empty, table has cellspacing"
      RenderTable {TABLE} at (0,263) size 785x29 [border: (2px solid #000000)]
        RenderTableSection {TBODY} at (2,2) size 781x25
          RenderTableRow {TR} at (0,0) size 781x25
            RenderTableCell {TD} at (0,12) size 0x0 [r=0 c=0 rs=1 cs=1]
            RenderTableCell {TD} at (0,3) size 781x19 [bgcolor=#FF0000] [r=0 c=1 rs=1 cs=1]
              RenderText {#text} at (0,3) size 194x18
                text run at (0,0) width 194: "First cell empty but has margin"
      RenderTable {TABLE} at (0,292) size 785x29 [border: (2px solid #000000)]
        RenderTableSection {TBODY} at (2,2) size 781x25
          RenderTableRow {TR} at (0,0) size 781x25
            RenderTableCell {TD} at (0,12) size 391x0 [bgcolor=#FFFF00] [r=0 c=0 rs=1 cs=1]
            RenderTableCell {TD} at (390,3) size 391x19 [bgcolor=#FF0000] [r=0 c=1 rs=1 cs=1]
              RenderText {#text} at (0,3) size 261x18
                text run at (0,0) width 261: "First cell empty but has background color"
      RenderTable {TABLE} at (0,321) size 785x54 [border: (2px solid #000000)]
        RenderTableSection {TBODY} at (2,2) size 781x50
          RenderTableRow {TR} at (0,0) size 781x25
            RenderTableCell {TD} at (0,12) size 391x0 [r=0 c=0 rs=1 cs=1]
            RenderTableCell {TD} at (390,3) size 391x19 [bgcolor=#FF0000] [r=0 c=1 rs=1 cs=1]
              RenderText {#text} at (0,3) size 157x18
                text run at (0,0) width 157: "First row, first cell empty"
          RenderTableRow {TR} at (0,25) size 781x25
            RenderTableCell {TD} at (0,28) size 391x19 [r=1 c=0 rs=1 cs=1]
              RenderText {#text} at (0,3) size 23x18
                text run at (0,0) width 23: "text"
            RenderTableCell {TD} at (390,28) size 391x19 [bgcolor=#FF0000] [r=1 c=1 rs=1 cs=1]
              RenderText {#text} at (0,3) size 200x18
                text run at (0,0) width 200: "Second row, first cell not empty"
      RenderTable {TABLE} at (0,375) size 785x54 [border: (2px solid #000000)]
        RenderTableSection {TBODY} at (2,2) size 781x50
          RenderTableRow {TR} at (0,0) size 781x25
            RenderTableCell {TD} at (0,12) size 0x0 [r=0 c=0 rs=1 cs=1]
            RenderTableCell {TD} at (0,3) size 781x19 [bgcolor=#FF0000] [r=0 c=1 rs=1 cs=1]
              RenderText {#text} at (0,3) size 157x18
                text run at (0,0) width 157: "First row, first cell empty"
          RenderTableRow {TR} at (0,25) size 781x25
            RenderTableCell {TD} at (0,37) size 0x0 [r=1 c=0 rs=1 cs=1]
            RenderTableCell {TD} at (0,28) size 781x19 [bgcolor=#FF0000] [r=1 c=1 rs=1 cs=1]
              RenderText {#text} at (0,3) size 176x18
                text run at (0,0) width 176: "Second row, first cell empty"
      RenderTable {TABLE} at (0,429) size 785x29 [border: (2px solid #000000)]
        RenderTableSection {TBODY} at (2,2) size 781x25
          RenderTableRow {TR} at (0,0) size 781x25
            RenderTableCell {TD} at (0,12) size 391x0 [r=0 c=0 rs=1 cs=2]
            RenderTableCell {TD} at (390,3) size 391x19 [bgcolor=#FF0000] [r=0 c=2 rs=1 cs=1]
              RenderText {#text} at (0,3) size 177x18
                text run at (0,0) width 177: "First cell empty, has colspan"
      RenderTable {TABLE} at (0,458) size 785x54 [border: (2px solid #000000)]
        RenderTableSection {TBODY} at (2,2) size 781x50
          RenderTableRow {TR} at (0,0) size 781x25
            RenderTableCell {TD} at (0,12) size 0x0 [r=0 c=0 rs=1 cs=1]
            RenderTableCell {TD} at (0,3) size 391x19 [bgcolor=#FF0000] [r=0 c=1 rs=1 cs=1]
              RenderText {#text} at (0,3) size 23x18
                text run at (0,0) width 23: "text"
            RenderTableCell {TD} at (390,3) size 391x19 [bgcolor=#FF0000] [r=0 c=2 rs=1 cs=1]
              RenderText {#text} at (0,3) size 306x18
                text run at (0,0) width 306: "First row, first cell empty, second cell non-empty"
          RenderTableRow {TR} at (0,25) size 781x25
            RenderTableCell {TD} at (0,37) size 391x0 [r=1 c=0 rs=1 cs=2]
            RenderTableCell {TD} at (390,28) size 391x19 [bgcolor=#FF0000] [r=1 c=2 rs=1 cs=1]
              RenderText {#text} at (0,3) size 277x18
                text run at (0,0) width 277: "Second row, first cell empty with colspan=2"
      RenderTable {TABLE} at (0,512) size 785x54 [border: (2px solid #000000)]
        RenderTableSection {TBODY} at (2,2) size 781x50
          RenderTableRow {TR} at (0,0) size 781x25
            RenderTableCell {TD} at (0,3) size 391x19 [bgcolor=#FF0000] [r=0 c=0 rs=1 cs=1]
              RenderText {#text} at (0,3) size 23x18
                text run at (0,0) width 23: "text"
            RenderTableCell {TD} at (390,12) size 0x0 [r=0 c=1 rs=1 cs=1]
            RenderTableCell {TD} at (390,3) size 391x19 [bgcolor=#FF0000] [r=0 c=2 rs=1 cs=1]
              RenderText {#text} at (0,3) size 306x18
                text run at (0,0) width 306: "First row, first cell non-empty, second cell empty"
          RenderTableRow {TR} at (0,25) size 781x25
            RenderTableCell {TD} at (0,37) size 391x0 [r=1 c=0 rs=1 cs=2]
            RenderTableCell {TD} at (390,28) size 391x19 [bgcolor=#FF0000] [r=1 c=2 rs=1 cs=1]
              RenderText {#text} at (0,3) size 277x18
                text run at (0,0) width 277: "Second row, first cell empty with colspan=2"
      RenderTable {TABLE} at (0,566) size 785x54 [border: (2px solid #000000)]
        RenderTableSection {TBODY} at (2,2) size 781x50
          RenderTableRow {TR} at (0,0) size 781x25
            RenderTableCell {TD} at (0,12) size 196x0 [r=0 c=0 rs=1 cs=1]
            RenderTableCell {TD} at (195,12) size 196x0 [r=0 c=1 rs=1 cs=1]
            RenderTableCell {TD} at (390,3) size 391x19 [bgcolor=#FF0000] [r=0 c=2 rs=1 cs=1]
              RenderText {#text} at (0,3) size 232x18
                text run at (0,0) width 232: "First row, first and second cell empty"
          RenderTableRow {TR} at (0,25) size 781x25
            RenderTableCell {TD} at (0,37) size 391x0 [r=1 c=0 rs=1 cs=2]
            RenderTableCell {TD} at (390,28) size 391x19 [bgcolor=#FF0000] [r=1 c=2 rs=1 cs=1]
              RenderText {#text} at (0,3) size 273x18
                text run at (0,0) width 273: "Second row, first cell empty, has colspan=2"
      RenderTable {TABLE} at (0,620) size 785x54 [border: (2px solid #000000)]
        RenderTableSection {TBODY} at (2,2) size 781x50
          RenderTableRow {TR} at (0,0) size 781x25
            RenderTableCell {TD} at (0,12) size 391x0 [r=0 c=0 rs=1 cs=1]
            RenderTableCell {TD} at (390,12) size 0x0 [r=0 c=1 rs=1 cs=1]
            RenderTableCell {TD} at (390,3) size 391x19 [bgcolor=#FF0000] [r=0 c=2 rs=1 cs=1]
              RenderText {#text} at (0,3) size 232x18
                text run at (0,0) width 232: "First row, first and second cell empty"
          RenderTableRow {TR} at (0,25) size 781x25
            RenderTableCell {TD} at (0,37) size 391x0 [r=1 c=0 rs=1 cs=2]
            RenderTableCell {TD} at (390,28) size 391x19 [bgcolor=#FF0000] [r=1 c=2 rs=1 cs=1]
              RenderText {#text} at (0,3) size 390x18
                text run at (0,0) width 390: "Second row, first cell empty, has colspan=2 and percent width"
      RenderTable {TABLE} at (0,674) size 785x54 [border: (2px solid #000000)]
        RenderTableSection {TBODY} at (2,2) size 781x50
          RenderTableRow {TR} at (0,0) size 781x25
            RenderTableCell {TD} at (0,12) size 391x0 [r=0 c=0 rs=1 cs=1]
            RenderTableCell {TD} at (390,12) size 0x0 [r=0 c=1 rs=1 cs=1]
            RenderTableCell {TD} at (390,3) size 391x19 [bgcolor=#FF0000] [r=0 c=2 rs=1 cs=1]
              RenderText {#text} at (0,3) size 232x18
                text run at (0,0) width 232: "First row, first and second cell empty"
          RenderTableRow {TR} at (0,25) size 781x25
            RenderTableCell {TD} at (0,37) size 391x0 [r=1 c=0 rs=1 cs=2]
            RenderTableCell {TD} at (390,28) size 391x19 [bgcolor=#FF0000] [r=1 c=2 rs=1 cs=1]
              RenderText {#text} at (0,3) size 376x18
                text run at (0,0) width 376: "Second row, first cell empty, has colspan=2 and fixed width"
      RenderBlock (anonymous) at (0,728) size 785x18
        RenderText {#text} at (0,0) size 100x17
          text run at (0,0) width 100: "One empty cell:"
      RenderTable {TABLE} at (0,746) size 785x4 [border: (2px solid #000000)]
        RenderTableSection {TBODY} at (2,2) size 781x0
          RenderTableRow {TR} at (0,0) size 781x0
            RenderTableCell {TD} at (0,0) size 0x0 [r=0 c=0 rs=1 cs=1]
      RenderBlock (anonymous) at (0,750) size 785x18
        RenderText {#text} at (0,0) size 108x17
          text run at (0,0) width 108: "Two empty cells:"
      RenderTable {TABLE} at (0,768) size 785x4 [border: (2px solid #000000)]
        RenderTableSection {TBODY} at (2,2) size 781x0
          RenderTableRow {TR} at (0,0) size 781x0
            RenderTableCell {TD} at (0,0) size 0x0 [r=0 c=0 rs=1 cs=1]
            RenderTableCell {TD} at (0,0) size 0x0 [r=0 c=1 rs=1 cs=1]
