layer at (0,0) size 800x600
  RenderView at (0,0) size 800x600
layer at (0,0) size 800x600
  RenderBlock {HTML} at (0,0) size 800x600
    RenderBody {BODY} at (8,8) size 784x584
      RenderBlock {P} at (0,0) size 784x36
        RenderText {#text} at (0,0) size 65x17
          text run at (0,0) width 65: "This tests "
        RenderInline {A} at (0,0) size 61x17 [color=#0000EE]
          RenderText {#text} at (64,0) size 61x17
            text run at (64,0) width 61: "bug 6960"
        RenderText {#text} at (124,0) size 773x35
          text run at (124,0) width 649: ", which was an assertion that failed for fixed-layout tables with non-cells in them. This can arise with"
          text run at (0,18) width 95: "forms, at least."
      RenderBlock {P} at (0,52) size 784x18
        RenderText {#text} at (0,0) size 438x17
          text run at (0,0) width 438: "The test is simply that the empty table below does not cause a crash."
      RenderTable {TABLE} at (0,86) size 100x100 [border: (3px solid #FF0000)]
        RenderTableSection {TBODY} at (3,3) size 94x94
          RenderTableRow {TR} at (0,2) size 94x90
            RenderTableCell {TD} at (2,46) size 90x2 [r=0 c=0 rs=1 cs=1]
