layer at (0,0) size 800x600
  RenderView at (0,0) size 800x600
layer at (0,0) size 800x479
  RenderBlock {HTML} at (0,0) size 800x479
    RenderBody {BODY} at (8,21) size 784x450
      RenderBlock {H1} at (0,0) size 784x37
        RenderText {#text} at (0,0) size 481x36
          text run at (0,0) width 481: "Vertical alignment and table height"
      RenderBlock {P} at (0,58) size 784x19
        RenderText {#text} at (0,0) size 547x17
          text run at (0,0) width 547: "In each of the following tables the cells with 'Data' should all have the same baseline:"
      RenderTable {TABLE} at (0,92) size 459x120
        RenderTableSection {TBODY} at (0,0) size 459x119
          RenderTableRow {TR} at (0,2) size 459x115
            RenderTableCell {TD} at (2,2) size 186x115 [border: (1px solid #000000)] [r=0 c=0 rs=1 cs=1]
              RenderText {#text} at (2,4) size 182x107
                text run at (2,4) width 182: "Data"
            RenderTableCell {TD} at (189,2) size 29x22 [border: (1px solid #000000)] [r=0 c=1 rs=1 cs=1]
              RenderText {#text} at (2,2) size 25x17
                text run at (2,2) width 25: "Top"
            RenderTableCell {TD} at (219,48) size 52x23 [border: (1px solid #000000)] [r=0 c=2 rs=1 cs=1]
              RenderText {#text} at (2,1) size 47x19
                text run at (2,2) width 47: "Middle"
            RenderTableCell {TD} at (272,76) size 35x22 [border: (1px solid #000000)] [r=0 c=3 rs=1 cs=1]
              RenderText {#text} at (2,2) size 31x17
                text run at (2,2) width 31: "Data"
            RenderTableCell {TD} at (308,95) size 53x22 [border: (1px solid #000000)] [r=0 c=4 rs=1 cs=1]
              RenderText {#text} at (2,2) size 49x17
                text run at (2,2) width 49: "Bottom"
            RenderTableCell {TD} at (362,46) size 95x59 [border: (1px solid #000000)] [r=0 c=5 rs=1 cs=1]
              RenderText {#text} at (2,3) size 91x53
                text run at (2,3) width 91: "Data"
      RenderTable {TABLE} at (0,211) size 459x120
        RenderTableSection {TBODY} at (0,0) size 459x119
          RenderTableRow {TR} at (0,2) size 459x115
            RenderTableCell {TD} at (2,2) size 29x22 [border: (1px solid #000000)] [r=0 c=0 rs=1 cs=1]
              RenderText {#text} at (2,2) size 25x17
                text run at (2,2) width 25: "Top"
            RenderTableCell {TD} at (32,76) size 35x22 [border: (1px solid #000000)] [r=0 c=1 rs=1 cs=1]
              RenderText {#text} at (2,2) size 31x17
                text run at (2,2) width 31: "Data"
            RenderTableCell {TD} at (68,46) size 96x59 [border: (1px solid #000000)] [r=0 c=2 rs=1 cs=1]
              RenderText {#text} at (2,3) size 91x53
                text run at (2,3) width 91: "Data"
            RenderTableCell {TD} at (165,48) size 51x23 [border: (1px solid #000000)] [r=0 c=3 rs=1 cs=1]
              RenderText {#text} at (2,1) size 47x19
                text run at (2,2) width 47: "Middle"
            RenderTableCell {TD} at (217,95) size 53x22 [border: (1px solid #000000)] [r=0 c=4 rs=1 cs=1]
              RenderText {#text} at (2,2) size 49x17
                text run at (2,2) width 49: "Bottom"
            RenderTableCell {TD} at (271,2) size 186x115 [border: (1px solid #000000)] [r=0 c=5 rs=1 cs=1]
              RenderText {#text} at (2,4) size 182x107
                text run at (2,4) width 182: "Data"
      RenderTable {TABLE} at (0,330) size 459x120
        RenderTableSection {TBODY} at (0,0) size 459x119
          RenderTableRow {TR} at (0,2) size 459x115
            RenderTableCell {TD} at (2,2) size 29x22 [border: (1px solid #000000)] [r=0 c=0 rs=1 cs=1]
              RenderText {#text} at (2,2) size 25x17
                text run at (2,2) width 25: "Top"
            RenderTableCell {TD} at (32,46) size 96x59 [border: (1px solid #000000)] [r=0 c=1 rs=1 cs=1]
              RenderText {#text} at (2,3) size 91x53
                text run at (2,3) width 91: "Data"
            RenderTableCell {TD} at (129,95) size 53x22 [border: (1px solid #000000)] [r=0 c=2 rs=1 cs=1]
              RenderText {#text} at (2,2) size 49x17
                text run at (2,2) width 49: "Bottom"
            RenderTableCell {TD} at (183,76) size 35x22 [border: (1px solid #000000)] [r=0 c=3 rs=1 cs=1]
              RenderText {#text} at (2,2) size 31x17
                text run at (2,2) width 31: "Data"
            RenderTableCell {TD} at (219,2) size 186x115 [border: (1px solid #000000)] [r=0 c=4 rs=1 cs=1]
              RenderText {#text} at (2,4) size 182x107
                text run at (2,4) width 182: "Data"
            RenderTableCell {TD} at (406,48) size 51x23 [border: (1px solid #000000)] [r=0 c=5 rs=1 cs=1]
              RenderText {#text} at (2,1) size 47x19
                text run at (2,2) width 47: "Middle"
