layer at (0,0) size 800x600
  RenderView at (0,0) size 800x600
layer at (0,0) size 800x600
  RenderBlock {HTML} at (0,0) size 800x600
    RenderBody {BODY} at (8,8) size 784x584
      RenderBlock {P} at (0,0) size 784x11
        RenderText {#text} at (0,0) size 394x11
          text run at (0,0) width 394: "This tests rowIndex, in particular in cases where the table sections are in different orders."
      RenderBlock {P} at (0,21) size 784x11
        RenderText {#text} at (0,0) size 322x11
          text run at (0,0) width 322: "A: This table has the header and footer before the body (\"normal\" order)."
      RenderTable {TABLE} at (0,42) size 142x55 [border: (1px outset #808080)]
        RenderTableSection {THEAD} at (1,1) size 140x19
          RenderTableRow {TR} at (0,2) size 140x15
            RenderTableCell {TD} at (2,2) size 72x15 [border: (1px inset #808080)] [r=0 c=0 rs=1 cs=1]
              RenderText {#text} at (2,2) size 68x11
                text run at (2,2) width 68: "table A, header"
            RenderTableCell {TD} at (75,2) size 63x15 [border: (1px inset #808080)] [r=0 c=1 rs=1 cs=1]
              RenderText {#text} at (2,2) size 58x11
                text run at (2,2) width 58: "rowIndex = 0"
        RenderTableSection {TFOOT} at (1,37) size 140x17
          RenderTableRow {TR} at (0,0) size 140x15
            RenderTableCell {TD} at (2,0) size 72x15 [border: (1px inset #808080)] [r=0 c=0 rs=1 cs=1]
              RenderText {#text} at (2,2) size 63x11
                text run at (2,2) width 63: "table A, footer"
            RenderTableCell {TD} at (75,0) size 63x15 [border: (1px inset #808080)] [r=0 c=1 rs=1 cs=1]
              RenderText {#text} at (2,2) size 58x11
                text run at (2,2) width 58: "rowIndex = 2"
        RenderTableSection {TBODY} at (1,20) size 140x17
          RenderTableRow {TR} at (0,0) size 140x15
            RenderTableCell {TD} at (2,0) size 72x15 [border: (1px inset #808080)] [r=0 c=0 rs=1 cs=1]
              RenderText {#text} at (2,2) size 59x11
                text run at (2,2) width 59: "table A, body"
            RenderTableCell {TD} at (75,0) size 63x15 [border: (1px inset #808080)] [r=0 c=1 rs=1 cs=1]
              RenderText {#text} at (2,2) size 58x11
                text run at (2,2) width 58: "rowIndex = 1"
      RenderBlock {P} at (0,107) size 784x11
        RenderText {#text} at (0,0) size 318x11
          text run at (0,0) width 318: "B: This table has the footer before the body and both before the header."
      RenderTable {TABLE} at (0,128) size 142x55 [border: (1px outset #808080)]
        RenderTableSection {TFOOT} at (1,37) size 140x17
          RenderTableRow {TR} at (0,0) size 140x15
            RenderTableCell {TD} at (2,0) size 72x15 [border: (1px inset #808080)] [r=0 c=0 rs=1 cs=1]
              RenderText {#text} at (2,2) size 63x11
                text run at (2,2) width 63: "table B, footer"
            RenderTableCell {TD} at (75,0) size 63x15 [border: (1px inset #808080)] [r=0 c=1 rs=1 cs=1]
              RenderText {#text} at (2,2) size 58x11
                text run at (2,2) width 58: "rowIndex = 2"
        RenderTableSection {TBODY} at (1,20) size 140x17
          RenderTableRow {TR} at (0,0) size 140x15
            RenderTableCell {TD} at (2,0) size 72x15 [border: (1px inset #808080)] [r=0 c=0 rs=1 cs=1]
              RenderText {#text} at (2,2) size 59x11
                text run at (2,2) width 59: "table B, body"
            RenderTableCell {TD} at (75,0) size 63x15 [border: (1px inset #808080)] [r=0 c=1 rs=1 cs=1]
              RenderText {#text} at (2,2) size 58x11
                text run at (2,2) width 58: "rowIndex = 1"
        RenderTableSection {THEAD} at (1,1) size 140x19
          RenderTableRow {TR} at (0,2) size 140x15
            RenderTableCell {TD} at (2,2) size 72x15 [border: (1px inset #808080)] [r=0 c=0 rs=1 cs=1]
              RenderText {#text} at (2,2) size 68x11
                text run at (2,2) width 68: "table B, header"
            RenderTableCell {TD} at (75,2) size 63x15 [border: (1px inset #808080)] [r=0 c=1 rs=1 cs=1]
              RenderText {#text} at (2,2) size 58x11
                text run at (2,2) width 58: "rowIndex = 0"
      RenderBlock {P} at (0,193) size 784x11
        RenderText {#text} at (0,0) size 609x11
          text run at (0,0) width 609: "C: This table has two footers before two bodies before two heads. The rows inside the extra footers and heads don't get row indices at all."
      RenderTable {TABLE} at (0,214) size 186x208 [border: (1px outset #808080)]
        RenderTableSection {TFOOT} at (1,173) size 184x34
          RenderTableRow {TR} at (0,0) size 184x15
            RenderTableCell {TD} at (2,0) size 111x15 [border: (1px inset #808080)] [r=0 c=0 rs=1 cs=1]
              RenderText {#text} at (2,2) size 101x11
                text run at (2,2) width 101: "table C, footer A row A"
            RenderTableCell {TD} at (114,0) size 68x15 [border: (1px inset #808080)] [r=0 c=1 rs=1 cs=1]
              RenderText {#text} at (2,2) size 58x11
                text run at (2,2) width 58: "rowIndex = 8"
          RenderTableRow {TR} at (0,17) size 184x15
            RenderTableCell {TD} at (2,17) size 111x15 [border: (1px inset #808080)] [r=1 c=0 rs=1 cs=1]
              RenderText {#text} at (2,2) size 101x11
                text run at (2,2) width 101: "table C, footer A row B"
            RenderTableCell {TD} at (114,17) size 68x15 [border: (1px inset #808080)] [r=1 c=1 rs=1 cs=1]
              RenderText {#text} at (2,2) size 58x11
                text run at (2,2) width 58: "rowIndex = 9"
        RenderTableSection {TFOOT} at (1,37) size 184x34
          RenderTableRow {TR} at (0,0) size 184x15
            RenderTableCell {TD} at (2,0) size 111x15 [border: (1px inset #808080)] [r=0 c=0 rs=1 cs=1]
              RenderText {#text} at (2,2) size 101x11
                text run at (2,2) width 101: "table C, footer B row A"
            RenderTableCell {TD} at (114,0) size 68x15 [border: (1px inset #808080)] [r=0 c=1 rs=1 cs=1]
              RenderText {#text} at (2,2) size 64x11
                text run at (2,2) width 64: "rowIndex = 10"
          RenderTableRow {TR} at (0,17) size 184x15
            RenderTableCell {TD} at (2,17) size 111x15 [border: (1px inset #808080)] [r=1 c=0 rs=1 cs=1]
              RenderText {#text} at (2,2) size 101x11
                text run at (2,2) width 101: "table C, footer B row B"
            RenderTableCell {TD} at (114,17) size 68x15 [border: (1px inset #808080)] [r=1 c=1 rs=1 cs=1]
              RenderText {#text} at (2,2) size 63x11
                text run at (2,2) width 63: "rowIndex = 11"
        RenderTableSection {TBODY} at (1,71) size 184x34
          RenderTableRow {TR} at (0,0) size 184x15
            RenderTableCell {TD} at (2,0) size 111x15 [border: (1px inset #808080)] [r=0 c=0 rs=1 cs=1]
              RenderText {#text} at (2,2) size 97x11
                text run at (2,2) width 97: "table C, body A row A"
            RenderTableCell {TD} at (114,0) size 68x15 [border: (1px inset #808080)] [r=0 c=1 rs=1 cs=1]
              RenderText {#text} at (2,2) size 58x11
                text run at (2,2) width 58: "rowIndex = 4"
          RenderTableRow {TR} at (0,17) size 184x15
            RenderTableCell {TD} at (2,17) size 111x15 [border: (1px inset #808080)] [r=1 c=0 rs=1 cs=1]
              RenderText {#text} at (2,2) size 97x11
                text run at (2,2) width 97: "table C, body A row B"
            RenderTableCell {TD} at (114,17) size 68x15 [border: (1px inset #808080)] [r=1 c=1 rs=1 cs=1]
              RenderText {#text} at (2,2) size 58x11
                text run at (2,2) width 58: "rowIndex = 5"
        RenderTableSection {TBODY} at (1,105) size 184x34
          RenderTableRow {TR} at (0,0) size 184x15
            RenderTableCell {TD} at (2,0) size 111x15 [border: (1px inset #808080)] [r=0 c=0 rs=1 cs=1]
              RenderText {#text} at (2,2) size 97x11
                text run at (2,2) width 97: "table C, body B row A"
            RenderTableCell {TD} at (114,0) size 68x15 [border: (1px inset #808080)] [r=0 c=1 rs=1 cs=1]
              RenderText {#text} at (2,2) size 58x11
                text run at (2,2) width 58: "rowIndex = 6"
          RenderTableRow {TR} at (0,17) size 184x15
            RenderTableCell {TD} at (2,17) size 111x15 [border: (1px inset #808080)] [r=1 c=0 rs=1 cs=1]
              RenderText {#text} at (2,2) size 97x11
                text run at (2,2) width 97: "table C, body B row B"
            RenderTableCell {TD} at (114,17) size 68x15 [border: (1px inset #808080)] [r=1 c=1 rs=1 cs=1]
              RenderText {#text} at (2,2) size 58x11
                text run at (2,2) width 58: "rowIndex = 7"
        RenderTableSection {THEAD} at (1,1) size 184x36
          RenderTableRow {TR} at (0,2) size 184x15
            RenderTableCell {TD} at (2,2) size 111x15 [border: (1px inset #808080)] [r=0 c=0 rs=1 cs=1]
              RenderText {#text} at (2,2) size 106x11
                text run at (2,2) width 106: "table C, header A row A"
            RenderTableCell {TD} at (114,2) size 68x15 [border: (1px inset #808080)] [r=0 c=1 rs=1 cs=1]
              RenderText {#text} at (2,2) size 58x11
                text run at (2,2) width 58: "rowIndex = 0"
          RenderTableRow {TR} at (0,19) size 184x15
            RenderTableCell {TD} at (2,19) size 111x15 [border: (1px inset #808080)] [r=1 c=0 rs=1 cs=1]
              RenderText {#text} at (2,2) size 106x11
                text run at (2,2) width 106: "table C, header A row B"
            RenderTableCell {TD} at (114,19) size 68x15 [border: (1px inset #808080)] [r=1 c=1 rs=1 cs=1]
              RenderText {#text} at (2,2) size 58x11
                text run at (2,2) width 58: "rowIndex = 1"
        RenderTableSection {THEAD} at (1,139) size 184x34
          RenderTableRow {TR} at (0,0) size 184x15
            RenderTableCell {TD} at (2,0) size 111x15 [border: (1px inset #808080)] [r=0 c=0 rs=1 cs=1]
              RenderText {#text} at (2,2) size 107x11
                text run at (2,2) width 107: "table C, header B row A"
            RenderTableCell {TD} at (114,0) size 68x15 [border: (1px inset #808080)] [r=0 c=1 rs=1 cs=1]
              RenderText {#text} at (2,2) size 58x11
                text run at (2,2) width 58: "rowIndex = 2"
          RenderTableRow {TR} at (0,17) size 184x15
            RenderTableCell {TD} at (2,17) size 111x15 [border: (1px inset #808080)] [r=1 c=0 rs=1 cs=1]
              RenderText {#text} at (2,2) size 107x11
                text run at (2,2) width 107: "table C, header B row B"
            RenderTableCell {TD} at (114,17) size 68x15 [border: (1px inset #808080)] [r=1 c=1 rs=1 cs=1]
              RenderText {#text} at (2,2) size 58x11
                text run at (2,2) width 58: "rowIndex = 3"
