layer at (0,0) size 800x600
  RenderView at (0,0) size 800x600
layer at (0,0) size 800x600
  RenderBlock {HTML} at (0,0) size 800x600
    RenderBody {BODY} at (8,8) size 784x584
      RenderBlock {P} at (0,0) size 784x18
        RenderText {#text} at (0,0) size 52x17
          text run at (0,0) width 52: "Test for "
        RenderInline {I} at (0,0) size 716x17
          RenderInline {A} at (0,0) size 302x17 [color=#0000EE]
            RenderText {#text} at (51,0) size 302x17
              text run at (51,0) width 302: "http://bugs.webkit.org/show_bug.cgi?id=13774"
          RenderText {#text} at (352,0) size 415x17
            text run at (352,0) width 5: " "
            text run at (356,0) width 411: "REGRESSION: Crash emailing blog entry using Google Reader"
        RenderText {#text} at (766,0) size 5x17
          text run at (766,0) width 5: "."
      RenderBlock {P} at (0,34) size 784x18
        RenderText {#text} at (0,0) size 71x17
          text run at (0,0) width 71: "SUCCESS"
      RenderBlock (anonymous) at (0,68) size 784x1
        RenderImage {IMG} at (0,0) size 1x1
        RenderText {#text} at (0,0) size 0x0
      RenderTable {TABLE} at (0,69) size 2x2
        RenderTableSection {TBODY} at (0,0) size 2x2
          RenderTableRow {TR} at (0,0) size 2x0
          RenderTableRow {TR} at (0,0) size 2x2
            RenderTableCell {TD} at (0,0) size 2x2 [r=1 c=0 rs=1 cs=1]
