layer at (0,0) size 800x600
  RenderView at (0,0) size 800x600
layer at (0,0) size 800x600
  RenderBlock {HTML} at (0,0) size 800x600
    RenderBody {BODY} at (8,8) size 784x584
      RenderTable {DIV} at (0,0) size 127x112 [color=#FF0000] [border: (3px solid #008000)]
        RenderTableSection (anonymous) at (19,19) size 89x74
          RenderTableRow (anonymous) at (0,0) size 89x74
            RenderTableCell (anonymous) at (0,0) size 89x74 [r=0 c=0 rs=1 cs=1]
              RenderBlock (anonymous) at (0,0) size 89x18
                RenderInline {SPAN} at (0,0) size 75x17
                  RenderText {#text} at (0,0) size 75x17
                    text run at (0,0) width 75: "CONTENT"
              RenderTable at (0,18) size 89x56 [border: (3px solid #0000FF)]
                RenderTableSection (anonymous) at (19,19) size 51x18
                  RenderTableRow (anonymous) at (0,0) size 51x18
                    RenderTableCell (anonymous) at (0,0) size 51x18 [r=0 c=0 rs=1 cs=1]
                      RenderText at (0,0) size 51x17
                        text run at (0,0) width 51: "AFTER"
