layer at (0,0) size 800x600
  RenderView at (0,0) size 800x600
layer at (0,0) size 800x600
  RenderBlock {HTML} at (0,0) size 800x600
    RenderBody {BODY} at (8,8) size 784x584
      RenderTable {TABLE} at (153,0) size 478x30 [border: (2px outset #808080)]
        RenderTableSection {TBODY} at (2,2) size 474x26
          RenderTableRow {TR} at (0,2) size 474x22
            RenderTableCell {TD} at (2,2) size 470x22 [border: (1px inset #808080)] [r=0 c=0 rs=1 cs=1]
              RenderText {#text} at (2,2) size 466x17
                text run at (2,2) width 466: "The hspace attribute should be ignored and this table should be centered."
