layer at (0,0) size 800x600
  RenderView at (0,0) size 800x600
layer at (0,0) size 800x600
  RenderBlock {HTML} at (0,0) size 800x600
    RenderBody {BODY} at (8,10) size 784x582
      RenderBlock {TABLE} at (10,0) size 764x92 [border: (1px solid #000000)]
        RenderTable at (1,1) size 116x90
          RenderTableSection {THEAD} at (0,0) size 116x24
            RenderTableRow {TR} at (0,2) size 116x20
              RenderTableCell {TD} at (2,2) size 55x20 [r=0 c=0 rs=1 cs=1]
                RenderText {#text} at (1,1) size 46x17
                  text run at (1,1) width 46: "Head 1"
              RenderTableCell {TD} at (59,2) size 55x20 [r=0 c=1 rs=1 cs=1]
                RenderText {#text} at (1,1) size 46x17
                  text run at (1,1) width 46: "Head 2"
          RenderTableSection {TFOOT} at (0,68) size 116x22
            RenderTableRow {TR} at (0,0) size 116x20
              RenderTableCell {TD} at (2,0) size 55x20 [r=0 c=0 rs=1 cs=1]
                RenderText {#text} at (1,1) size 53x17
                  text run at (1,1) width 53: "Footer 1"
              RenderTableCell {TD} at (59,0) size 55x20 [r=0 c=1 rs=1 cs=1]
                RenderText {#text} at (1,1) size 53x17
                  text run at (1,1) width 53: "Footer 2"
          RenderTableSection {TBODY} at (0,24) size 116x44
            RenderTableRow {TR} at (0,0) size 116x20
              RenderTableCell {TD} at (2,0) size 55x20 [r=0 c=0 rs=1 cs=1]
                RenderText {#text} at (1,1) size 38x17
                  text run at (1,1) width 38: "Cell 1"
              RenderTableCell {TD} at (59,0) size 55x20 [r=0 c=1 rs=1 cs=1]
                RenderText {#text} at (1,1) size 38x17
                  text run at (1,1) width 38: "Cell 2"
            RenderTableRow {TR} at (0,22) size 116x20
              RenderTableCell {TD} at (2,22) size 55x20 [r=1 c=0 rs=1 cs=1]
                RenderText {#text} at (1,1) size 38x17
                  text run at (1,1) width 38: "Cell 3"
              RenderTableCell {TD} at (59,22) size 55x20 [r=1 c=1 rs=1 cs=1]
                RenderText {#text} at (1,1) size 38x17
                  text run at (1,1) width 38: "Cell 4"
      RenderBlock {P} at (0,108) size 784x18
        RenderText {#text} at (0,0) size 222x17
          text run at (0,0) width 222: "Row groups have display:table-cell"
      RenderBlock {TABLE} at (10,142) size 764x60 [border: (1px solid #000000)]
        RenderTable at (1,1) size 236x58
          RenderTableSection (anonymous) at (0,0) size 236x32
            RenderTableRow (anonymous) at (0,2) size 236x28
              RenderTableCell {THEAD} at (2,2) size 108x28 [r=0 c=0 rs=1 cs=1]
                RenderTable at (0,0) size 108x28
                  RenderTableSection (anonymous) at (0,0) size 108x28
                    RenderTableRow (anonymous) at (0,2) size 108x24
                      RenderTableCell {TR} at (2,2) size 104x24 [r=0 c=0 rs=1 cs=1]
                        RenderTable {TD} at (0,0) size 52x24
                          RenderTableSection (anonymous) at (1,1) size 50x22
                            RenderTableRow (anonymous) at (0,2) size 50x18
                              RenderTableCell (anonymous) at (2,2) size 46x18 [r=0 c=0 rs=1 cs=1]
                                RenderText {#text} at (0,0) size 46x17
                                  text run at (0,0) width 46: "Head 1"
                        RenderTable {TD} at (52,0) size 52x24
                          RenderTableSection (anonymous) at (1,1) size 50x22
                            RenderTableRow (anonymous) at (0,2) size 50x18
                              RenderTableCell (anonymous) at (2,2) size 46x18 [r=0 c=0 rs=1 cs=1]
                                RenderText {#text} at (0,0) size 46x17
                                  text run at (0,0) width 46: "Head 2"
              RenderTableCell {TFOOT} at (112,2) size 122x28 [r=0 c=1 rs=1 cs=1]
                RenderTable at (0,0) size 122x28
                  RenderTableSection (anonymous) at (0,0) size 122x28
                    RenderTableRow (anonymous) at (0,2) size 122x24
                      RenderTableCell {TR} at (2,2) size 118x24 [r=0 c=0 rs=1 cs=1]
                        RenderTable {TD} at (0,0) size 59x24
                          RenderTableSection (anonymous) at (1,1) size 57x22
                            RenderTableRow (anonymous) at (0,2) size 57x18
                              RenderTableCell (anonymous) at (2,2) size 53x18 [r=0 c=0 rs=1 cs=1]
                                RenderText {#text} at (0,0) size 53x17
                                  text run at (0,0) width 53: "Footer 1"
                        RenderTable {TD} at (59,0) size 59x24
                          RenderTableSection (anonymous) at (1,1) size 57x22
                            RenderTableRow (anonymous) at (0,2) size 57x18
                              RenderTableCell (anonymous) at (2,2) size 53x18 [r=0 c=0 rs=1 cs=1]
                                RenderText {#text} at (0,0) size 53x17
                                  text run at (0,0) width 53: "Footer 2"
          RenderTableSection {TBODY} at (0,32) size 236x26
            RenderTableRow (anonymous) at (0,0) size 236x24
              RenderTableCell {TR} at (2,0) size 108x24 [r=0 c=0 rs=1 cs=1]
                RenderTable {TD} at (0,0) size 44x24
                  RenderTableSection (anonymous) at (1,1) size 42x22
                    RenderTableRow (anonymous) at (0,2) size 42x18
                      RenderTableCell (anonymous) at (2,2) size 38x18 [r=0 c=0 rs=1 cs=1]
                        RenderText {#text} at (0,0) size 38x17
                          text run at (0,0) width 38: "Cell 1"
                RenderTable {TD} at (44,0) size 44x24
                  RenderTableSection (anonymous) at (1,1) size 42x22
                    RenderTableRow (anonymous) at (0,2) size 42x18
                      RenderTableCell (anonymous) at (2,2) size 38x18 [r=0 c=0 rs=1 cs=1]
                        RenderText {#text} at (0,0) size 38x17
                          text run at (0,0) width 38: "Cell 2"
              RenderTableCell {TR} at (112,0) size 122x24 [r=0 c=1 rs=1 cs=1]
                RenderTable {TD} at (0,0) size 44x24
                  RenderTableSection (anonymous) at (1,1) size 42x22
                    RenderTableRow (anonymous) at (0,2) size 42x18
                      RenderTableCell (anonymous) at (2,2) size 38x18 [r=0 c=0 rs=1 cs=1]
                        RenderText {#text} at (0,0) size 38x17
                          text run at (0,0) width 38: "Cell 3"
                RenderTable {TD} at (44,0) size 44x24
                  RenderTableSection (anonymous) at (1,1) size 42x22
                    RenderTableRow (anonymous) at (0,2) size 42x18
                      RenderTableCell (anonymous) at (2,2) size 38x18 [r=0 c=0 rs=1 cs=1]
                        RenderText {#text} at (0,0) size 38x17
                          text run at (0,0) width 38: "Cell 4"
      RenderBlock {P} at (0,218) size 784x18
        RenderText {#text} at (0,0) size 200x17
          text run at (0,0) width 200: "Row groups have display:block"
      RenderBlock {TABLE} at (10,252) size 764x102 [border: (1px solid #000000)]
        RenderBlock {THEAD} at (1,1) size 762x24
          RenderBlock {TR} at (0,0) size 762x24
            RenderTable at (0,0) size 102x24
              RenderTableSection (anonymous) at (0,0) size 102x24
                RenderTableRow (anonymous) at (0,2) size 102x20
                  RenderTableCell {TD} at (2,2) size 48x20 [r=0 c=0 rs=1 cs=1]
                    RenderText {#text} at (1,1) size 46x17
                      text run at (1,1) width 46: "Head 1"
                  RenderTableCell {TD} at (52,2) size 48x20 [r=0 c=1 rs=1 cs=1]
                    RenderText {#text} at (1,1) size 46x17
                      text run at (1,1) width 46: "Head 2"
        RenderBlock {TFOOT} at (1,25) size 762x24
          RenderBlock {TR} at (0,0) size 762x24
            RenderTable at (0,0) size 116x24
              RenderTableSection (anonymous) at (0,0) size 116x24
                RenderTableRow (anonymous) at (0,2) size 116x20
                  RenderTableCell {TD} at (2,2) size 55x20 [r=0 c=0 rs=1 cs=1]
                    RenderText {#text} at (1,1) size 53x17
                      text run at (1,1) width 53: "Footer 1"
                  RenderTableCell {TD} at (59,2) size 55x20 [r=0 c=1 rs=1 cs=1]
                    RenderText {#text} at (1,1) size 53x17
                      text run at (1,1) width 53: "Footer 2"
        RenderTable at (1,49) size 90x52
          RenderTableSection {TBODY} at (0,0) size 90x52
            RenderTableRow (anonymous) at (0,2) size 90x48
              RenderTableCell (anonymous) at (2,2) size 86x48 [r=0 c=0 rs=1 cs=1]
                RenderBlock {TR} at (0,0) size 86x24
                  RenderTable at (0,0) size 86x24
                    RenderTableSection (anonymous) at (0,0) size 86x24
                      RenderTableRow (anonymous) at (0,2) size 86x20
                        RenderTableCell {TD} at (2,2) size 40x20 [r=0 c=0 rs=1 cs=1]
                          RenderText {#text} at (1,1) size 38x17
                            text run at (1,1) width 38: "Cell 1"
                        RenderTableCell {TD} at (44,2) size 40x20 [r=0 c=1 rs=1 cs=1]
                          RenderText {#text} at (1,1) size 38x17
                            text run at (1,1) width 38: "Cell 2"
                RenderBlock {TR} at (0,24) size 86x24
                  RenderTable at (0,0) size 86x24
                    RenderTableSection (anonymous) at (0,0) size 86x24
                      RenderTableRow (anonymous) at (0,2) size 86x20
                        RenderTableCell {TD} at (2,2) size 40x20 [r=0 c=0 rs=1 cs=1]
                          RenderText {#text} at (1,1) size 38x17
                            text run at (1,1) width 38: "Cell 3"
                        RenderTableCell {TD} at (44,2) size 40x20 [r=0 c=1 rs=1 cs=1]
                          RenderText {#text} at (1,1) size 38x17
                            text run at (1,1) width 38: "Cell 4"
      RenderTable at (0,364) size 302x182
        RenderTableSection (anonymous) at (0,0) size 302x182
          RenderTableRow (anonymous) at (0,0) size 302x182
            RenderTableCell {P} at (0,0) size 302x182 [border: (1px solid #000000)] [r=0 c=0 rs=1 cs=1]
              RenderText {#text} at (1,1) size 299x179
                text run at (1,1) width 252: "Lorem ipsum dolor sit amet, consectetur"
                text run at (1,19) width 245: "adipisicing elit, sed do eiusmod tempor"
                text run at (1,37) width 293: "incididunt ut labore et dolore magna aliqua. Ut"
                text run at (1,55) width 229: "enim ad minim veniam, quis nostrud"
                text run at (1,73) width 299: "exercitation ullamco laboris nisi ut aliquip ex ea"
                text run at (1,91) width 284: "commodo consequat. Duis aute irure dolor in"
                text run at (1,109) width 265: "reprehenderit in voluptate velit esse cillum"
                text run at (1,127) width 284: "dolore eu fugiat nulla pariatur. Excepteur sint"
                text run at (1,145) width 287: "occaecat cupidatat non proident, sunt in culpa"
                text run at (1,163) width 293: "qui officia deserunt mollit anim id est laborum."
