layer at (0,0) size 800x600
  RenderView at (0,0) size 800x600
layer at (0,0) size 800x600
  RenderBlock {HTML} at (0,0) size 800x600
    RenderBody {BODY} at (8,8) size 784x584
      RenderBlock (anonymous) at (0,0) size 784x18
        RenderText {#text} at (0,0) size 86x17
          text run at (0,0) width 86: "No line break"
      RenderTable {TABLE} at (0,18) size 120x60 [bgcolor=#C0C0C0]
        RenderTableSection {TBODY} at (0,0) size 120x60
          RenderTableRow {TR} at (0,2) size 120x56
            RenderTableCell {TD} at (2,2) size 116x56 [r=0 c=0 rs=1 cs=1]
              RenderImage {IMG} at (1,1) size 20x50 [bgcolor=#ADD8E6]
              RenderText {#text} at (21,37) size 74x17
                text run at (21,37) width 74: "loremipsum"
              RenderImage {IMG} at (95,1) size 20x50 [bgcolor=#ADD8E6]
              RenderText {#text} at (0,0) size 0x0
      RenderBlock {HR} at (0,86) size 784x2 [border: (1px inset #000000)]
      RenderBlock (anonymous) at (0,96) size 784x18
        RenderText {#text} at (0,0) size 86x17
          text run at (0,0) width 86: "No line break"
      RenderTable {TABLE} at (0,114) size 100x60 [bgcolor=#C0C0C0]
        RenderTableSection {TBODY} at (0,0) size 100x60
          RenderTableRow {TR} at (0,2) size 100x56
            RenderTableCell {TD} at (2,2) size 96x56 [r=0 c=0 rs=1 cs=1]
              RenderText {#text} at (1,37) size 74x17
                text run at (1,37) width 74: "loremipsum"
              RenderImage {IMG} at (75,1) size 20x50 [bgcolor=#ADD8E6]
              RenderText {#text} at (0,0) size 0x0
      RenderBlock {HR} at (0,182) size 784x2 [border: (1px inset #000000)]
      RenderBlock (anonymous) at (0,192) size 784x18
        RenderText {#text} at (0,0) size 152x17
          text run at (0,0) width 152: "Line break after the \"a\"."
      RenderTable {TABLE} at (0,210) size 100x74 [bgcolor=#C0C0C0]
        RenderTableSection {TBODY} at (0,0) size 100x74
          RenderTableRow {TR} at (0,2) size 100x70
            RenderTableCell {TD} at (2,2) size 96x70 [r=0 c=0 rs=1 cs=1]
              RenderText {#text} at (1,1) size 85x17
                text run at (1,1) width 85: "a loremipsum"
              RenderImage {IMG} at (1,19) size 20x50 [bgcolor=#ADD8E6]
              RenderText {#text} at (0,0) size 0x0
      RenderBlock {HR} at (0,292) size 784x2 [border: (1px inset #000000)]
      RenderBlock (anonymous) at (0,302) size 784x18
        RenderText {#text} at (0,0) size 152x17
          text run at (0,0) width 152: "Line break after the \"a\"."
      RenderTable {TABLE} at (0,320) size 120x110 [bgcolor=#C0C0C0]
        RenderTableSection {TBODY} at (0,0) size 120x110
          RenderTableRow {TR} at (0,2) size 120x106
            RenderTableCell {TD} at (2,2) size 116x106 [r=0 c=0 rs=1 cs=1]
              RenderText {#text} at (1,37) size 11x17
                text run at (1,37) width 11: "a "
              RenderImage {IMG} at (12,1) size 20x50 [bgcolor=#ADD8E6]
              RenderText {#text} at (32,37) size 74x17
                text run at (32,37) width 74: "loremipsum"
              RenderImage {IMG} at (1,55) size 20x50 [bgcolor=#ADD8E6]
              RenderText {#text} at (0,0) size 0x0
      RenderBlock {HR} at (0,438) size 784x2 [border: (1px inset #000000)]
      RenderBlock (anonymous) at (0,448) size 784x18
        RenderText {#text} at (0,0) size 186x17
          text run at (0,0) width 186: "Line break after \"wideword\"."
      RenderTable {TABLE} at (0,466) size 120x114 [bgcolor=#C0C0C0]
        RenderTableSection {TBODY} at (0,0) size 120x114
          RenderTableRow {TR} at (0,2) size 120x110
            RenderTableCell {TD} at (2,2) size 116x110 [r=0 c=0 rs=1 cs=1]
              RenderText {#text} at (1,37) size 68x17
                text run at (1,37) width 68: "wideword "
              RenderImage {IMG} at (69,1) size 20x50 [bgcolor=#ADD8E6]
              RenderText {#text} at (1,91) size 74x17
                text run at (1,91) width 74: "loremipsum"
              RenderImage {IMG} at (75,55) size 20x50 [bgcolor=#ADD8E6]
              RenderText {#text} at (0,0) size 0x0
