layer at (0,0) size 785x814
  RenderView at (0,0) size 785x600
layer at (0,0) size 785x814
  RenderBlock {HTML} at (0,0) size 785x814
    RenderBody {BODY} at (8,8) size 769x785
layer at (8,8) size 512x784
  RenderBlock (relative positioned) {DIV} at (0,0) size 512x785
    RenderBlock {H2} at (0,0) size 512x29
      RenderText {#text} at (0,-4) size 80x36
        text run at (0,-4) width 80: "Bug 1"
    RenderBlock {P} at (0,55) size 512x204
      RenderText {#text} at (0,2) size 510x140
        text run at (0,2) width 510: "Safari public beta does not support CSS absolute positioning"
        text run at (0,31) width 498: "correctly (if at all). Immediately following the text position"
        text run at (0,60) width 464: "marked by the dagger, there is a <span> element that is"
        text run at (0,89) width 494: "positioned to the right of the <div> block that contains this"
        text run at (0,118) width 95: "paragraph\x{2020}"
      RenderText {#text} at (94,118) size 485x82
        text run at (94,118) width 391: ". In IE 5.x, Mozilla 1.2, and Chimera 0.6+, the"
        text run at (0,147) width 449: "contents of the <span> element appears in the margin"
        text run at (0,176) width 282: "directly to the right of the dagger."
    RenderBlock {P} at (0,279) size 512x88
      RenderText {#text} at (0,2) size 497x82
        text run at (0,2) width 478: "I should note that Chimera 0.6 rendered this test with the"
        text run at (0,31) width 497: "marginal note shifted down by one line; this has been fixed"
        text run at (0,60) width 177: "in subsequent builds."
    RenderBlock {H2} at (0,393) size 512x30
      RenderText {#text} at (0,-4) size 80x36
        text run at (0,-4) width 80: "Bug 2"
    RenderBlock {P} at (0,448) size 512x59
      RenderText {#text} at (0,7) size 499x44
        text run at (0,7) width 499: "Fonts also render substantially smaller than other browsers, which is not a good thing when you"
        text run at (0,36) width 376: "consider that most sites specify fonts that are too small in the first place."
    RenderBlock {P} at (0,528) size 512x59
      RenderText {#text} at (0,2) size 503x53
        text run at (0,2) width 503: "At the very least, the preferences panel needs a default text-"
        text run at (0,31) width 485: "zoom setting to enable compatibility with other browsers."
    RenderBlock {H2} at (0,612) size 512x30
      RenderText {#text} at (0,-4) size 80x36
        text run at (0,-4) width 80: "Bug 3"
    RenderBlock {P} at (0,668) size 512x117
      RenderText {#text} at (0,2) size 64x24
        text run at (0,2) width 64: "Worse, "
      RenderInline {I} at (0,0) size 479x53
        RenderText {#text} at (63,2) size 479x53
          text run at (63,2) width 416: "the \"make text bigger\" button does not scale line-"
          text run at (0,31) width 252: "height when it scales font-size"
      RenderText {#text} at (251,31) size 468x82
        text run at (251,31) width 217: " (hit it a few times on this"
        text run at (0,60) width 451: "page). This is a crippling flaw for people who need to"
        text run at (0,89) width 315: "enlarge the fonts to read comfortably."
layer at (547,180) size 200x32
  RenderBlock (positioned) {SPAN} at (538,171) size 201x33
    RenderText {#text} at (0,0) size 190x31
      text run at (0,0) width 182: "\x{2190} this should be to the right of the"
      text run at (0,16) width 190: "paragraph, lining up with the dagger"
