layer at (0,0) size 800x600
  RenderView at (0,0) size 800x600
layer at (0,0) size 800x600
  RenderBlock {HTML} at (0,0) size 800x600
    RenderBody {BODY} at (8,8) size 784x584
      RenderBlock {P} at (0,0) size 784x18
        RenderText {#text} at (0,0) size 323x17
          text run at (0,0) width 323: "The black outline box should stretch from the right "
        RenderInline {SPAN} at (0,0) size 27x17 [color=#0000FF]
          RenderText {#text} at (323,0) size 27x17
            text run at (323,0) width 27: "blue"
        RenderText {#text} at (350,0) size 116x17
          text run at (350,0) width 116: " border, to the left "
        RenderInline {SPAN} at (0,0) size 44x17 [color=#FFA500]
          RenderText {#text} at (465,0) size 44x17
            text run at (465,0) width 44: "orange"
        RenderText {#text} at (508,0) size 49x17
          text run at (508,0) width 49: " border."
      RenderBlock {DIV} at (0,34) size 600x18
        RenderText {#text} at (414,0) size 186x17
          text run at (414,0) width 186 RTL: "ILorem ipsum dolor sit amet, "
        RenderText {#text} at (7,0) size 174x17
          text run at (7,0) width 174 RTL: "irure dolor in reprehenderit."
layer at (8,42) size 214x19
  RenderInline (relative positioned) {SPAN} at (0,0) size 214x19 [bgcolor=#008000] [border: (1px solid #808080) (20px solid #0000FF) (1px solid #808080) (20px solid #FFA500)]
    RenderText {#text} at (280,0) size 94x17
      text run at (280,0) width 94 RTL: "con a pariatur. "
    RenderText {#text} at (220,0) size 61x17
      text run at (220,0) width 61 RTL: "duis aute "
layer at (219,42) size 173x17
  RenderBlock (positioned) {DIV} at (20,1) size 174x17
