layer at (0,0) size 800x600
  RenderView at (0,0) size 800x600
layer at (0,0) size 800x600
  RenderBlock {HTML} at (0,0) size 800x600
    RenderBody {BODY} at (8,8) size 784x584
      RenderBlock {P} at (0,0) size 784x36
        RenderText {#text} at (0,0) size 646x17
          text run at (0,0) width 646: "The black outline box should be a 50px by 50px square with its bottom left corner anchored to the left "
        RenderInline {SPAN} at (646,0) size 43x17 [color=#FFA500]
          RenderText {#text} at (646,0) size 43x17
            text run at (646,0) width 43: "orange"
        RenderText {#text} at (0,0) size 777x35
          text run at (689,0) width 88: " border on the"
          text run at (0,18) width 60: "third line."
      RenderBlock {DIV} at (0,52) size 600x72
        RenderText {#text} at (414,0) size 186x17
          text run at (414,0) width 186 RTL: "ILorem ipsum dolor sit amet, "
        RenderText {#text} at (7,36) size 593x35
          text run at (7,36) width 89 RTL: "duis aute irure"
          text run at (351,54) width 249 RTL: "dolor in reprehenderit in voluptate velit."
layer at (8,60) size 597x55
  RenderInline (relative positioned) {SPAN} at (3,-1) size 597x55 [bgcolor=#008000] [border: (1px solid #808080) (20px solid #0000FF) (1px solid #808080) (20px solid #FFA500)]
    RenderText {#text} at (43,0) size 557x35
      text run at (43,0) width 331 RTL: "con a pariatur. Excepteur sint occaecat cupidatat non"
      text run at (234,18) width 366 RTL: "proident, sunt in culp qui officia deserunt mollit animequs "
    RenderText {#text} at (3,18) size 597x35
      text run at (3,18) width 232 RTL: "ILOREM ipsum dol sDuis aute irure"
      text run at (136,36) width 464 RTL: "dolor in reprehenderit in voluptate velit esse cillum dolore eu fugiat nullat "
layer at (134,63) size 50x50
  RenderBlock (positioned) {DIV} at (82,4) size 51x50
