layer at (0,0) size 800x600
  RenderView at (0,0) size 800x600
layer at (0,0) size 800x600
  RenderBlock {HTML} at (0,0) size 800x600
    RenderBody {BODY} at (8,8) size 784x584
      RenderBlock {P} at (0,0) size 784x18
        RenderText {#text} at (0,0) size 322x17
          text run at (0,0) width 322: "The black outline box should stretch from the left "
        RenderInline {SPAN} at (0,0) size 28x17 [color=#0000FF]
          RenderText {#text} at (321,0) size 28x17
            text run at (321,0) width 28: "blue"
        RenderText {#text} at (348,0) size 231x17
          text run at (348,0) width 231: " border on the first line, to the right "
        RenderInline {SPAN} at (0,0) size 44x17 [color=#FFA500]
          RenderText {#text} at (578,0) size 44x17
            text run at (578,0) width 44: "orange"
        RenderText {#text} at (621,0) size 157x17
          text run at (621,0) width 157: " border on the third line."
      RenderBlock {DIV} at (0,34) size 600x72
        RenderText {#text} at (0,0) size 192x17
          text run at (0,0) width 192: "ILorem ipsum dolor sit amet, "
        RenderText {#text} at (551,36) size 579x35
          text run at (551,36) width 28: "duis"
          text run at (0,54) width 321: "aute irure dolor in reprehenderit in voluptate velit."
layer at (8,42) size 576x55
  RenderInline (relative positioned) {SPAN} at (0,0) size 576x55 [bgcolor=#008000] [border: (1px solid #808080) (20px solid #FFA500) (1px solid #808080) (20px solid #0000FF)]
    RenderText {#text} at (231,0) size 568x35
      text run at (231,0) width 337: "con a pariatur. Excepteur sint occaecat cupidatat non"
      text run at (0,18) width 376: "proident, sunt in culp qui officia deserunt mollit animequs "
    RenderText {#text} at (375,18) size 576x35
      text run at (375,18) width 201: "ILOREM ipsum dol sDuis aute"
      text run at (0,36) width 512: "irure dolor in reprehenderit in voluptate velit esse cillum dolore eu fugiat nullat "
layer at (229,42) size 300x53
  RenderBlock (positioned) {DIV} at (20,1) size 301x53
