layer at (0,0) size 800x600
  RenderView at (0,0) size 800x600
layer at (0,0) size 800x386
  RenderBlock {HTML} at (0,0) size 800x386
    RenderBody {BODY} at (8,8) size 784x370
      RenderBlock (anonymous) at (0,0) size 784x18
        RenderText {#text} at (0,0) size 164x17
          text run at (0,0) width 164: "All cells should be green."
layer at (8,26) size 340x176
  RenderTable {TABLE} at (0,18) size 340x176 [border: (1px solid #000000)]
    RenderTableSection {TBODY} at (1,1) size 338x174
      RenderTableRow {TR} at (0,10) size 338x72
        RenderTableCell {TD} at (10,10) size 72x2 [bgcolor=#008000] [border: (1px solid #000000)] [r=0 c=0 rs=1 cs=1]
        RenderTableCell {TD} at (92,10) size 72x2 [bgcolor=#008000] [border: (1px solid #000000)] [r=0 c=1 rs=1 cs=1]
        RenderTableCell {TD} at (174,10) size 72x2 [bgcolor=#008000] [border: (1px solid #000000)] [r=0 c=2 rs=1 cs=1]
        RenderTableCell {TD} at (256,10) size 72x2 [bgcolor=#FF0000] [border: (1px solid #000000)] [r=0 c=3 rs=1 cs=1]
          RenderInline {SPAN} at (0,0) size 0x0
      RenderTableRow {TR} at (0,92) size 338x72
        RenderTableCell {TD} at (10,92) size 72x2 [bgcolor=#008000] [border: (1px solid #000000)] [r=1 c=0 rs=1 cs=1]
        RenderTableCell {TD} at (92,92) size 72x2 [bgcolor=#008000] [border: (1px solid #000000)] [r=1 c=1 rs=1 cs=1]
        RenderTableCell {TD} at (174,92) size 72x2 [bgcolor=#FF0000] [border: (1px solid #000000)] [r=1 c=2 rs=1 cs=1]
        RenderTableCell {TD} at (256,92) size 72x20 [bgcolor=#FF0000] [border: (1px solid #000000)] [r=1 c=3 rs=1 cs=1]
          RenderBlock {SPAN} at (1,1) size 0x0
layer at (266,38) size 70x70
  RenderBlock (positioned) {DIV} at (258,12) size 70x70 [bgcolor=#008000]
layer at (184,120) size 70x70
  RenderBlock (positioned) {DIV} at (176,94) size 70x70 [bgcolor=#008000]
layer at (266,120) size 70x70
  RenderBlock (positioned) {DIV} at (258,94) size 70x70 [bgcolor=#008000]
layer at (8,202) size 340x176
  RenderTable {TABLE} at (0,194) size 340x176 [border: (1px solid #000000)]
    RenderTableSection {TBODY} at (1,1) size 338x174
      RenderTableRow {TR} at (0,10) size 338x72
        RenderTableCell {TD} at (256,10) size 72x2 [bgcolor=#008000] [border: (1px solid #000000)] [r=0 c=0 rs=1 cs=1]
        RenderTableCell {TD} at (174,10) size 72x2 [bgcolor=#008000] [border: (1px solid #000000)] [r=0 c=1 rs=1 cs=1]
        RenderTableCell {TD} at (92,10) size 72x2 [bgcolor=#008000] [border: (1px solid #000000)] [r=0 c=2 rs=1 cs=1]
        RenderTableCell {TD} at (10,10) size 72x2 [bgcolor=#FF0000] [border: (1px solid #000000)] [r=0 c=3 rs=1 cs=1]
          RenderInline {SPAN} at (0,0) size 0x0
      RenderTableRow {TR} at (0,92) size 338x72
        RenderTableCell {TD} at (256,92) size 72x2 [bgcolor=#008000] [border: (1px solid #000000)] [r=1 c=0 rs=1 cs=1]
        RenderTableCell {TD} at (174,92) size 72x2 [bgcolor=#008000] [border: (1px solid #000000)] [r=1 c=1 rs=1 cs=1]
        RenderTableCell {TD} at (92,92) size 72x2 [bgcolor=#FF0000] [border: (1px solid #000000)] [r=1 c=2 rs=1 cs=1]
        RenderTableCell {TD} at (10,92) size 72x20 [bgcolor=#FF0000] [border: (1px solid #000000)] [r=1 c=3 rs=1 cs=1]
          RenderBlock {SPAN} at (71,1) size 0x0
layer at (20,214) size 70x70
  RenderBlock (positioned) {DIV} at (12,12) size 70x70 [bgcolor=#008000]
layer at (102,296) size 70x70
  RenderBlock (positioned) {DIV} at (94,94) size 70x70 [bgcolor=#008000]
layer at (20,296) size 70x70
  RenderBlock (positioned) {DIV} at (12,94) size 70x70 [bgcolor=#008000]
