layer at (0,0) size 800x600
  RenderView at (0,0) size 800x600
layer at (0,0) size 800x372
  RenderBlock {HTML} at (0,0) size 800x372
    RenderBody {BODY} at (8,16) size 784x348
      RenderBlock {P} at (0,0) size 784x40
        RenderText {#text} at (0,0) size 770x39
          text run at (0,0) width 770: "Test passes if the images of all the cats scroll when the box is scrolled. (Presence of cats behind the double border is UA"
          text run at (0,20) width 76: "dependent)."
      RenderBlock {DIV} at (0,348) size 784x0
layer at (8,72) size 292x292 clip at (58,122) size 192x192 scrollHeight 320
  RenderBlock {DIV} at (0,56) size 292x292 [border: (50px double #000000)]
    RenderText {#text} at (50,50) size 177x319
      text run at (50,50) width 142: "Filler Text Filler Text "
      text run at (191,50) width 36: "Filler"
      text run at (50,70) width 170: "Text Filler Text Filler Text"
      text run at (50,90) width 177: "Filler Text Filler Text Filler"
      text run at (50,110) width 33: "Text "
      text run at (82,110) width 138: "Filler Text Filler Text"
      text run at (50,130) width 71: "Filler Text "
      text run at (120,130) width 107: "Filler Text Filler"
      text run at (50,150) width 104: "Text Filler Text "
      text run at (153,150) width 67: "Filler Text"
      text run at (50,170) width 142: "Filler Text Filler Text "
      text run at (191,170) width 36: "Filler"
      text run at (50,190) width 170: "Text Filler Text Filler Text"
      text run at (50,210) width 177: "Filler Text Filler Text Filler"
      text run at (50,230) width 33: "Text "
      text run at (82,230) width 138: "Filler Text Filler Text"
      text run at (50,250) width 71: "Filler Text "
      text run at (120,250) width 107: "Filler Text Filler"
      text run at (50,270) width 104: "Text Filler Text "
      text run at (153,270) width 67: "Filler Text"
      text run at (50,290) width 142: "Filler Text Filler Text "
      text run at (191,290) width 36: "Filler"
      text run at (50,310) width 170: "Text Filler Text Filler Text"
      text run at (50,330) width 177: "Filler Text Filler Text Filler"
      text run at (50,350) width 33: "Text "
      text run at (82,350) width 138: "Filler Text Filler Text"
caret: position 258 of child 0 {#text} of child 5 {DIV} of body
