layer at (0,0) size 800x600
  RenderView at (0,0) size 800x600
layer at (0,0) size 800x290
  RenderBlock {HTML} at (0,0) size 800x290
    RenderBody {BODY} at (8,16) size 784x266
      RenderBlock {P} at (0,0) size 784x20
        RenderText {#text} at (0,0) size 484x19
          text run at (0,0) width 484: "Test passes if there is a box below with dashed border and rounded corners."
      RenderBlock {DIV} at (0,36) size 230x230 [border: (19px dashed #000000)]
