layer at (0,0) size 800x600
  RenderView at (0,0) size 800x600
layer at (0,0) size 800x600
  RenderBlock {HTML} at (0,0) size 800x600
    RenderBody {BODY} at (8,8) size 784x576
      RenderBlock {P} at (0,0) size 784x54
        RenderText {#text} at (0,0) size 782x53
          text run at (0,0) width 519: "In this test, you should see three blocks that are aligned right within a black box. "
          text run at (518,0) width 249: "They should be stacked vertically with"
          text run at (0,18) width 275: "the green box in between two olive boxes. "
          text run at (274,18) width 508: "The olive boxes and the green box should be 100x100, and there should be 100"
          text run at (0,36) width 329: "pixels of padding on the right side of the box stack."
layer at (8,78) size 240x340
  RenderBlock (positioned) {DIV} at (8,78) size 240x340 [border: (20px solid #000000)]
    RenderBlock {DIV} at (20,70) size 100x0
layer at (128,198) size 100x100
  RenderBlock (positioned) {DIV} at (120,120) size 100x100 [bgcolor=#008000]
layer at (128,98) size 100x100
  RenderBlock (positioned) {DIV} at (120,20) size 100x100 [bgcolor=#808000]
layer at (128,298) size 100x100
  RenderBlock (positioned) {DIV} at (120,220) size 100x100 [bgcolor=#808000]
