layer at (0,0) size 785x600
  RenderView at (0,0) size 785x600
    RenderMultiColumnSet at (0,0) size 785x600
layer at (0,0) size 785x1201 backgroundClip at (0,0) size 785x600 clip at (0,0) size 785x600 outlineClip at (0,0) size 785x600
  RenderMultiColumnFlowThread at (0,0) size 785x1201
layer at (0,0) size 785x1201 backgroundClip at (0,0) size 785x600 clip at (0,0) size 785x600 outlineClip at (0,0) size 785x600
  RenderBlock {HTML} at (0,0) size 785x1201
    RenderBody {BODY} at (8,8) size 769x1179
      RenderBlock {DIV} at (0,0) size 50x50 [bgcolor=#0000FF]
      RenderBlock {P} at (0,61) size 769x54
        RenderText {#text} at (0,5) size 741x49
          text run at (0,5) width 735: "1 Lorem ipsum dolor sit amet, consectetur adipisicing elit, sed do eiusmod tempor incididunt ut labore et dolore magna aliqua. Ut enim ad minim veniam, quis nostrud"
          text run at (0,23) width 741: "exercitation ullamco laboris nisi ut aliquip ex ea commodo consequat. Duis aute irure dolor in reprehenderit in voluptate velit esse cillum dolore eu fugiat nulla pariatur."
          text run at (0,41) width 478: "Excepteur sint occaecat cupidatat non proident, sunt in culpa qui officia deserunt mollit anim id est laborum."
      RenderBlock {DIV} at (0,126) size 50x50 [bgcolor=#0000FF]
      RenderBlock {P} at (0,188) size 769x54
        RenderText {#text} at (0,4) size 763x50
          text run at (0,4) width 763: "2 Lorem ipsum dolor sit amet, consectetur adipisicing elit, sed do eiusmod tempor incididunt ut labore et dolore magna aliqua. Ut enim ad minim veniam, quis"
          text run at (0,22) width 746: "nostrud exercitation ullamco laboris nisi ut aliquip ex ea commodo consequat. Duis aute irure dolor in reprehenderit in voluptate velit esse cillum dolore eu"
          text run at (0,40) width 622: "fugiat nulla pariatur. Excepteur sint occaecat cupidatat non proident, sunt in culpa qui officia deserunt mollit anim id est laborum."
      RenderBlock {DIV} at (0,254) size 50x50 [bgcolor=#0000FF]
      RenderBlock {P} at (0,317) size 769x69
        RenderText {#text} at (0,0) size 765x69
          text run at (0,0) width 756: "3 Lorem ipsum dolor sit amet, consectetur adipisicing elit, sed do eiusmod tempor incididunt ut labore et dolore magna aliqua. Ut enim ad minim"
          text run at (0,18) width 765: "veniam, quis nostrud exercitation ullamco laboris nisi ut aliquip ex ea commodo consequat. Duis aute irure dolor in reprehenderit in voluptate velit"
          text run at (0,36) width 737: "esse cillum dolore eu fugiat nulla pariatur. Excepteur sint occaecat cupidatat non proident, sunt in culpa qui officia deserunt mollit anim id est"
          text run at (0,54) width 47: "laborum."
      RenderBlock {DIV} at (0,398) size 50x51 [bgcolor=#0000FF]
      RenderBlock {P} at (0,462) size 769x88
        RenderText {#text} at (0,16) size 758x71
          text run at (0,16) width 758: "4 Lorem ipsum dolor sit amet, consectetur adipisicing elit, sed do eiusmod tempor incididunt ut labore et dolore magna aliqua. Ut enim"
          text run at (0,34) width 704: "ad minim veniam, quis nostrud exercitation ullamco laboris nisi ut aliquip ex ea commodo consequat. Duis aute irure dolor in"
          text run at (0,52) width 757: "reprehenderit in voluptate velit esse cillum dolore eu fugiat nulla pariatur. Excepteur sint occaecat cupidatat non proident, sunt in culpa"
          text run at (0,70) width 264: "qui officia deserunt mollit anim id est laborum."
      RenderBlock {DIV} at (0,563) size 50x51 [bgcolor=#0000FF]
      RenderBlock {P} at (0,628) size 769x84
        RenderText {#text} at (0,12) size 759x71
          text run at (0,12) width 759: "5 Lorem ipsum dolor sit amet, consectetur adipisicing elit, sed do eiusmod tempor incididunt ut labore et dolore magna aliqua."
          text run at (0,30) width 756: "Ut enim ad minim veniam, quis nostrud exercitation ullamco laboris nisi ut aliquip ex ea commodo consequat. Duis aute irure"
          text run at (0,48) width 724: "dolor in reprehenderit in voluptate velit esse cillum dolore eu fugiat nulla pariatur. Excepteur sint occaecat cupidatat non"
          text run at (0,66) width 421: "proident, sunt in culpa qui officia deserunt mollit anim id est laborum."
      RenderBlock {DIV} at (0,712) size 50x50 [bgcolor=#0000FF]
      RenderBlock {P} at (0,778) size 769x78
        RenderText {#text} at (0,6) size 763x72
          text run at (0,6) width 763: "6 Lorem ipsum dolor sit amet, consectetur adipisicing elit, sed do eiusmod tempor incididunt ut labore et dolore magna"
          text run at (0,24) width 754: "aliqua. Ut enim ad minim veniam, quis nostrud exercitation ullamco laboris nisi ut aliquip ex ea commodo consequat."
          text run at (0,42) width 721: "Duis aute irure dolor in reprehenderit in voluptate velit esse cillum dolore eu fugiat nulla pariatur. Excepteur sint"
          text run at (0,60) width 599: "occaecat cupidatat non proident, sunt in culpa qui officia deserunt mollit anim id est laborum."
      RenderBlock {DIV} at (0,872) size 50x50 [bgcolor=#0000FF]
      RenderBlock {P} at (0,937) size 769x80
        RenderText {#text} at (0,9) size 759x71
          text run at (0,9) width 759: "7 Lorem ipsum dolor sit amet, consectetur adipisicing elit, sed do eiusmod tempor incididunt ut labore et dolore magna aliqua."
          text run at (0,27) width 756: "Ut enim ad minim veniam, quis nostrud exercitation ullamco laboris nisi ut aliquip ex ea commodo consequat. Duis aute irure"
          text run at (0,45) width 724: "dolor in reprehenderit in voluptate velit esse cillum dolore eu fugiat nulla pariatur. Excepteur sint occaecat cupidatat non"
          text run at (0,63) width 421: "proident, sunt in culpa qui officia deserunt mollit anim id est laborum."
      RenderBlock {DIV} at (0,1032) size 50x50 [bgcolor=#0000FF]
      RenderBlock {P} at (0,1096) size 769x83
        RenderText {#text} at (0,12) size 758x71
          text run at (0,12) width 758: "8 Lorem ipsum dolor sit amet, consectetur adipisicing elit, sed do eiusmod tempor incididunt ut labore et dolore magna aliqua. Ut enim"
          text run at (0,30) width 704: "ad minim veniam, quis nostrud exercitation ullamco laboris nisi ut aliquip ex ea commodo consequat. Duis aute irure dolor in"
          text run at (0,48) width 757: "reprehenderit in voluptate velit esse cillum dolore eu fugiat nulla pariatur. Excepteur sint occaecat cupidatat non proident, sunt in culpa"
          text run at (0,66) width 264: "qui officia deserunt mollit anim id est laborum."
