layer at (0,0) size 785x600
  RenderView at (0,0) size 785x600
    RenderMultiColumnSet at (0,0) size 785x600
layer at (-2939,0) size 3724x180 backgroundClip at (0,0) size 785x600 clip at (0,0) size 785x600
  RenderMultiColumnFlowThread at (0,0) size 3724x180
layer at (-2939,0) size 3724x180 backgroundClip at (0,0) size 785x600 clip at (0,0) size 785x600
  RenderBlock {HTML} at (0,0) size 3724x180
    RenderBody {BODY} at (8,8) size 3700x164
      RenderBlock {DIV} at (0,0) size 50x50 [bgcolor=#0000FF]
      RenderBlock {P} at (66,0) size 378x164
        RenderText {#text} at (0,0) size 378x163
          text run at (0,0) width 155: "1 Lorem ipsum dolor sit"
          text run at (18,0) width 112: "amet, consectetur"
          text run at (36,0) width 144: "adipisicing elit, sed do"
          text run at (54,0) width 104: "eiusmod tempor"
          text run at (72,0) width 141: "incididunt ut labore et"
          text run at (90,0) width 155: "dolore magna aliqua. Ut"
          text run at (108,0) width 152: "enim ad minim veniam,"
          text run at (126,0) width 159: "quis nostrud exercitation"
          text run at (144,0) width 143: "ullamco laboris nisi ut"
          text run at (162,0) width 150: "aliquip ex ea commodo"
          text run at (180,0) width 133: "consequat. Duis aute"
          text run at (198,0) width 85: "irure dolor in"
          text run at (216,0) width 102: "reprehenderit in"
          text run at (234,0) width 123: "voluptate velit esse"
          text run at (252,0) width 147: "cillum dolore eu fugiat"
          text run at (270,0) width 158: "nulla pariatur. Excepteur"
          text run at (288,0) width 145: "sint occaecat cupidatat"
          text run at (306,0) width 133: "non proident, sunt in"
          text run at (324,0) width 163: "culpa qui officia deserunt"
          text run at (342,0) width 113: "mollit anim id est"
          text run at (360,0) width 58: "laborum."
      RenderBlock {DIV} at (460,0) size 50x50 [bgcolor=#0000FF]
      RenderBlock {P} at (526,0) size 395x164
        RenderText {#text} at (0,0) size 395x163
          text run at (0,0) width 155: "2 Lorem ipsum dolor sit"
          text run at (18,0) width 112: "amet, consectetur"
          text run at (36,0) width 144: "adipisicing elit, sed do"
          text run at (54,0) width 104: "eiusmod tempor"
          text run at (72,0) width 141: "incididunt ut labore et"
          text run at (90,0) width 155: "dolore magna aliqua. Ut"
          text run at (108,0) width 152: "enim ad minim veniam,"
          text run at (126,0) width 159: "quis nostrud exercitation"
          text run at (144,0) width 143: "ullamco laboris nisi ut"
          text run at (162,0) width 150: "aliquip ex ea commodo"
          text run at (180,0) width 133: "consequat. Duis aute"
          text run at (198,0) width 85: "irure dolor in"
          text run at (216,0) width 102: "reprehenderit in"
          text run at (251,0) width 123: "voluptate velit esse"
          text run at (269,0) width 147: "cillum dolore eu fugiat"
          text run at (287,0) width 158: "nulla pariatur. Excepteur"
          text run at (305,0) width 145: "sint occaecat cupidatat"
          text run at (323,0) width 133: "non proident, sunt in"
          text run at (341,0) width 163: "culpa qui officia deserunt"
          text run at (359,0) width 113: "mollit anim id est"
          text run at (377,0) width 58: "laborum."
      RenderBlock {DIV} at (937,0) size 50x50 [bgcolor=#0000FF]
      RenderBlock {P} at (1003,0) size 378x164
        RenderText {#text} at (0,0) size 378x163
          text run at (0,0) width 155: "3 Lorem ipsum dolor sit"
          text run at (18,0) width 112: "amet, consectetur"
          text run at (36,0) width 144: "adipisicing elit, sed do"
          text run at (54,0) width 104: "eiusmod tempor"
          text run at (72,0) width 141: "incididunt ut labore et"
          text run at (90,0) width 155: "dolore magna aliqua. Ut"
          text run at (108,0) width 152: "enim ad minim veniam,"
          text run at (126,0) width 159: "quis nostrud exercitation"
          text run at (144,0) width 143: "ullamco laboris nisi ut"
          text run at (162,0) width 150: "aliquip ex ea commodo"
          text run at (180,0) width 133: "consequat. Duis aute"
          text run at (198,0) width 85: "irure dolor in"
          text run at (216,0) width 102: "reprehenderit in"
          text run at (234,0) width 123: "voluptate velit esse"
          text run at (252,0) width 147: "cillum dolore eu fugiat"
          text run at (270,0) width 158: "nulla pariatur. Excepteur"
          text run at (288,0) width 145: "sint occaecat cupidatat"
          text run at (306,0) width 133: "non proident, sunt in"
          text run at (324,0) width 163: "culpa qui officia deserunt"
          text run at (342,0) width 113: "mollit anim id est"
          text run at (360,0) width 58: "laborum."
      RenderBlock {DIV} at (1397,0) size 50x50 [bgcolor=#0000FF]
      RenderBlock {P} at (1463,0) size 387x164
        RenderText {#text} at (0,0) size 387x163
          text run at (0,0) width 155: "4 Lorem ipsum dolor sit"
          text run at (18,0) width 112: "amet, consectetur"
          text run at (36,0) width 144: "adipisicing elit, sed do"
          text run at (54,0) width 104: "eiusmod tempor"
          text run at (72,0) width 141: "incididunt ut labore et"
          text run at (99,0) width 155: "dolore magna aliqua. Ut"
          text run at (117,0) width 152: "enim ad minim veniam,"
          text run at (135,0) width 159: "quis nostrud exercitation"
          text run at (153,0) width 143: "ullamco laboris nisi ut"
          text run at (171,0) width 150: "aliquip ex ea commodo"
          text run at (189,0) width 133: "consequat. Duis aute"
          text run at (207,0) width 85: "irure dolor in"
          text run at (225,0) width 102: "reprehenderit in"
          text run at (243,0) width 123: "voluptate velit esse"
          text run at (261,0) width 147: "cillum dolore eu fugiat"
          text run at (279,0) width 158: "nulla pariatur. Excepteur"
          text run at (297,0) width 145: "sint occaecat cupidatat"
          text run at (315,0) width 133: "non proident, sunt in"
          text run at (333,0) width 163: "culpa qui officia deserunt"
          text run at (351,0) width 113: "mollit anim id est"
          text run at (369,0) width 58: "laborum."
      RenderBlock {DIV} at (1866,0) size 50x50 [bgcolor=#0000FF]
      RenderBlock {P} at (1932,0) size 378x164
        RenderText {#text} at (0,0) size 378x163
          text run at (0,0) width 155: "5 Lorem ipsum dolor sit"
          text run at (18,0) width 112: "amet, consectetur"
          text run at (36,0) width 144: "adipisicing elit, sed do"
          text run at (54,0) width 104: "eiusmod tempor"
          text run at (72,0) width 141: "incididunt ut labore et"
          text run at (90,0) width 155: "dolore magna aliqua. Ut"
          text run at (108,0) width 152: "enim ad minim veniam,"
          text run at (126,0) width 159: "quis nostrud exercitation"
          text run at (144,0) width 143: "ullamco laboris nisi ut"
          text run at (162,0) width 150: "aliquip ex ea commodo"
          text run at (180,0) width 133: "consequat. Duis aute"
          text run at (198,0) width 85: "irure dolor in"
          text run at (216,0) width 102: "reprehenderit in"
          text run at (234,0) width 123: "voluptate velit esse"
          text run at (252,0) width 147: "cillum dolore eu fugiat"
          text run at (270,0) width 158: "nulla pariatur. Excepteur"
          text run at (288,0) width 145: "sint occaecat cupidatat"
          text run at (306,0) width 133: "non proident, sunt in"
          text run at (324,0) width 163: "culpa qui officia deserunt"
          text run at (342,0) width 113: "mollit anim id est"
          text run at (360,0) width 58: "laborum."
      RenderBlock {DIV} at (2326,0) size 50x50 [bgcolor=#0000FF]
      RenderBlock {P} at (2392,0) size 378x164
        RenderText {#text} at (0,0) size 378x163
          text run at (0,0) width 155: "6 Lorem ipsum dolor sit"
          text run at (18,0) width 112: "amet, consectetur"
          text run at (36,0) width 144: "adipisicing elit, sed do"
          text run at (54,0) width 104: "eiusmod tempor"
          text run at (72,0) width 141: "incididunt ut labore et"
          text run at (90,0) width 155: "dolore magna aliqua. Ut"
          text run at (108,0) width 152: "enim ad minim veniam,"
          text run at (126,0) width 159: "quis nostrud exercitation"
          text run at (144,0) width 143: "ullamco laboris nisi ut"
          text run at (162,0) width 150: "aliquip ex ea commodo"
          text run at (180,0) width 133: "consequat. Duis aute"
          text run at (198,0) width 85: "irure dolor in"
          text run at (216,0) width 102: "reprehenderit in"
          text run at (234,0) width 123: "voluptate velit esse"
          text run at (252,0) width 147: "cillum dolore eu fugiat"
          text run at (270,0) width 158: "nulla pariatur. Excepteur"
          text run at (288,0) width 145: "sint occaecat cupidatat"
          text run at (306,0) width 133: "non proident, sunt in"
          text run at (324,0) width 163: "culpa qui officia deserunt"
          text run at (342,0) width 113: "mollit anim id est"
          text run at (360,0) width 58: "laborum."
      RenderBlock {DIV} at (2786,0) size 50x50 [bgcolor=#0000FF]
      RenderBlock {P} at (2852,0) size 388x164
        RenderText {#text} at (0,0) size 388x163
          text run at (0,0) width 155: "7 Lorem ipsum dolor sit"
          text run at (18,0) width 112: "amet, consectetur"
          text run at (36,0) width 144: "adipisicing elit, sed do"
          text run at (54,0) width 104: "eiusmod tempor"
          text run at (72,0) width 141: "incididunt ut labore et"
          text run at (90,0) width 155: "dolore magna aliqua. Ut"
          text run at (108,0) width 152: "enim ad minim veniam,"
          text run at (126,0) width 159: "quis nostrud exercitation"
          text run at (144,0) width 143: "ullamco laboris nisi ut"
          text run at (162,0) width 150: "aliquip ex ea commodo"
          text run at (180,0) width 133: "consequat. Duis aute"
          text run at (198,0) width 85: "irure dolor in"
          text run at (216,0) width 102: "reprehenderit in"
          text run at (234,0) width 123: "voluptate velit esse"
          text run at (252,0) width 147: "cillum dolore eu fugiat"
          text run at (280,0) width 158: "nulla pariatur. Excepteur"
          text run at (298,0) width 145: "sint occaecat cupidatat"
          text run at (316,0) width 133: "non proident, sunt in"
          text run at (334,0) width 163: "culpa qui officia deserunt"
          text run at (352,0) width 113: "mollit anim id est"
          text run at (370,0) width 58: "laborum."
      RenderBlock {DIV} at (3256,0) size 50x50 [bgcolor=#0000FF]
      RenderBlock {P} at (3322,0) size 378x164
        RenderText {#text} at (0,0) size 378x163
          text run at (0,0) width 155: "8 Lorem ipsum dolor sit"
          text run at (18,0) width 112: "amet, consectetur"
          text run at (36,0) width 144: "adipisicing elit, sed do"
          text run at (54,0) width 104: "eiusmod tempor"
          text run at (72,0) width 141: "incididunt ut labore et"
          text run at (90,0) width 155: "dolore magna aliqua. Ut"
          text run at (108,0) width 152: "enim ad minim veniam,"
          text run at (126,0) width 159: "quis nostrud exercitation"
          text run at (144,0) width 143: "ullamco laboris nisi ut"
          text run at (162,0) width 150: "aliquip ex ea commodo"
          text run at (180,0) width 133: "consequat. Duis aute"
          text run at (198,0) width 85: "irure dolor in"
          text run at (216,0) width 102: "reprehenderit in"
          text run at (234,0) width 123: "voluptate velit esse"
          text run at (252,0) width 147: "cillum dolore eu fugiat"
          text run at (270,0) width 158: "nulla pariatur. Excepteur"
          text run at (288,0) width 145: "sint occaecat cupidatat"
          text run at (306,0) width 133: "non proident, sunt in"
          text run at (324,0) width 163: "culpa qui officia deserunt"
          text run at (342,0) width 113: "mollit anim id est"
          text run at (360,0) width 58: "laborum."
