layer at (0,0) size 785x600
  RenderView at (0,0) size 785x600
    RenderMultiColumnSet at (0,0) size 785x600
layer at (0,0) size 3190x180 backgroundClip at (0,0) size 785x600 clip at (0,0) size 785x600 outlineClip at (0,0) size 785x600
  RenderMultiColumnFlowThread at (0,0) size 3190x180
layer at (0,0) size 3190x180 backgroundClip at (0,0) size 785x600 clip at (0,0) size 785x600 outlineClip at (0,0) size 785x600
  RenderBlock {HTML} at (0,0) size 3190x180
    RenderBody {BODY} at (8,8) size 3168x164
      RenderBlock {DIV} at (0,0) size 50x50 [bgcolor=#0000FF]
      RenderBlock {P} at (61,0) size 252x164
        RenderText {#text} at (5,0) size 247x161
          text run at (5,0) width 134: "1 Lorem ipsum dolor sit amet,"
          text run at (23,0) width 152: "consectetur adipisicing elit, sed do"
          text run at (41,0) width 161: "eiusmod tempor incididunt ut labore"
          text run at (59,0) width 155: "et dolore magna aliqua. Ut enim ad"
          text run at (77,0) width 124: "minim veniam, quis nostrud"
          text run at (95,0) width 153: "exercitation ullamco laboris nisi ut"
          text run at (113,0) width 153: "aliquip ex ea commodo consequat."
          text run at (131,0) width 103: "Duis aute irure dolor in"
          text run at (149,0) width 157: "reprehenderit in voluptate velit esse"
          text run at (167,0) width 126: "cillum dolore eu fugiat nulla"
          text run at (185,0) width 143: "pariatur. Excepteur sint occaecat"
          text run at (203,0) width 161: "cupidatat non proident, sunt in culpa"
          text run at (221,0) width 151: "qui officia deserunt mollit anim id"
          text run at (239,0) width 55: "est laborum."
      RenderBlock {DIV} at (324,0) size 50x50 [bgcolor=#0000FF]
      RenderBlock {P} at (386,0) size 270x164
        RenderText {#text} at (4,0) size 266x164
          text run at (4,0) width 146: "2 Lorem ipsum dolor sit amet,"
          text run at (22,0) width 151: "consectetur adipisicing elit, sed"
          text run at (40,0) width 157: "do eiusmod tempor incididunt ut"
          text run at (58,0) width 161: "labore et dolore magna aliqua. Ut"
          text run at (76,0) width 137: "enim ad minim veniam, quis"
          text run at (94,0) width 138: "nostrud exercitation ullamco"
          text run at (112,0) width 130: "laboris nisi ut aliquip ex ea"
          text run at (130,0) width 151: "commodo consequat. Duis aute"
          text run at (148,0) width 143: "irure dolor in reprehenderit in"
          text run at (166,0) width 160: "voluptate velit esse cillum dolore"
          text run at (184,0) width 164: "eu fugiat nulla pariatur. Excepteur"
          text run at (202,0) width 130: "sint occaecat cupidatat non"
          text run at (220,0) width 160: "proident, sunt in culpa qui officia"
          text run at (238,0) width 128: "deserunt mollit anim id est"
          text run at (256,0) width 43: "laborum."
      RenderBlock {DIV} at (668,0) size 50x50 [bgcolor=#0000FF]
      RenderBlock {P} at (731,0) size 297x164
        RenderText {#text} at (0,0) size 297x164
          text run at (0,0) width 158: "3 Lorem ipsum dolor sit amet,"
          text run at (18,0) width 164: "consectetur adipisicing elit, sed"
          text run at (47,0) width 157: "do eiusmod tempor incididunt"
          text run at (66,0) width 133: "ut labore et dolore magna"
          text run at (84,0) width 134: "aliqua. Ut enim ad minim"
          text run at (102,0) width 109: "veniam, quis nostrud"
          text run at (120,0) width 146: "exercitation ullamco laboris"
          text run at (138,0) width 158: "nisi ut aliquip ex ea commodo"
          text run at (156,0) width 136: "consequat. Duis aute irure"
          text run at (174,0) width 127: "dolor in reprehenderit in"
          text run at (192,0) width 137: "voluptate velit esse cillum"
          text run at (210,0) width 158: "dolore eu fugiat nulla pariatur."
          text run at (228,0) width 123: "Excepteur sint occaecat"
          text run at (246,0) width 159: "cupidatat non proident, sunt in"
          text run at (264,0) width 132: "culpa qui officia deserunt"
          text run at (282,0) width 142: "mollit anim id est laborum."
      RenderBlock {DIV} at (1040,0) size 51x50 [bgcolor=#0000FF]
      RenderBlock {P} at (1104,0) size 321x164
        RenderText {#text} at (15,0) size 305x163
          text run at (15,0) width 136: "4 Lorem ipsum dolor sit"
          text run at (33,0) width 163: "amet, consectetur adipisicing"
          text run at (51,0) width 156: "elit, sed do eiusmod tempor"
          text run at (69,0) width 163: "incididunt ut labore et dolore"
          text run at (87,0) width 145: "magna aliqua. Ut enim ad"
          text run at (105,0) width 158: "minim veniam, quis nostrud"
          text run at (123,0) width 157: "exercitation ullamco laboris"
          text run at (141,0) width 110: "nisi ut aliquip ex ea"
          text run at (159,0) width 149: "commodo consequat. Duis"
          text run at (177,0) width 101: "aute irure dolor in"
          text run at (195,0) width 145: "reprehenderit in voluptate"
          text run at (213,0) width 147: "velit esse cillum dolore eu"
          text run at (231,0) width 114: "fugiat nulla pariatur."
          text run at (249,0) width 133: "Excepteur sint occaecat"
          text run at (267,0) width 157: "cupidatat non proident, sunt"
          text run at (285,0) width 157: "in culpa qui officia deserunt"
          text run at (303,0) width 153: "mollit anim id est laborum."
      RenderBlock {DIV} at (1438,0) size 51x50 [bgcolor=#0000FF]
      RenderBlock {P} at (1503,0) size 365x164
        RenderText {#text} at (12,0) size 352x163
          text run at (12,0) width 145: "5 Lorem ipsum dolor sit"
          text run at (30,0) width 105: "amet, consectetur"
          text run at (59,0) width 135: "adipisicing elit, sed do"
          text run at (77,0) width 162: "eiusmod tempor incididunt"
          text run at (95,0) width 154: "ut labore et dolore magna"
          text run at (113,0) width 154: "aliqua. Ut enim ad minim"
          text run at (131,0) width 126: "veniam, quis nostrud"
          text run at (149,0) width 123: "exercitation ullamco"
          text run at (167,0) width 163: "laboris nisi ut aliquip ex ea"
          text run at (185,0) width 160: "commodo consequat. Duis"
          text run at (203,0) width 108: "aute irure dolor in"
          text run at (221,0) width 155: "reprehenderit in voluptate"
          text run at (239,0) width 158: "velit esse cillum dolore eu"
          text run at (257,0) width 123: "fugiat nulla pariatur."
          text run at (275,0) width 142: "Excepteur sint occaecat"
          text run at (293,0) width 139: "cupidatat non proident,"
          text run at (311,0) width 142: "sunt in culpa qui officia"
          text run at (329,0) width 160: "deserunt mollit anim id est"
          text run at (347,0) width 54: "laborum."
      RenderBlock {DIV} at (1882,0) size 51x50 [bgcolor=#0000FF]
      RenderBlock {P} at (1948,0) size 388x164
        RenderText {#text} at (9,0) size 378x163
          text run at (9,0) width 155: "6 Lorem ipsum dolor sit"
          text run at (27,0) width 112: "amet, consectetur"
          text run at (45,0) width 144: "adipisicing elit, sed do"
          text run at (63,0) width 104: "eiusmod tempor"
          text run at (81,0) width 141: "incididunt ut labore et"
          text run at (99,0) width 155: "dolore magna aliqua. Ut"
          text run at (117,0) width 152: "enim ad minim veniam,"
          text run at (135,0) width 159: "quis nostrud exercitation"
          text run at (153,0) width 143: "ullamco laboris nisi ut"
          text run at (171,0) width 150: "aliquip ex ea commodo"
          text run at (189,0) width 133: "consequat. Duis aute"
          text run at (207,0) width 85: "irure dolor in"
          text run at (225,0) width 102: "reprehenderit in"
          text run at (243,0) width 123: "voluptate velit esse"
          text run at (261,0) width 147: "cillum dolore eu fugiat"
          text run at (279,0) width 158: "nulla pariatur. Excepteur"
          text run at (297,0) width 145: "sint occaecat cupidatat"
          text run at (315,0) width 133: "non proident, sunt in"
          text run at (333,0) width 163: "culpa qui officia deserunt"
          text run at (351,0) width 113: "mollit anim id est"
          text run at (369,0) width 58: "laborum."
      RenderBlock {DIV} at (2347,0) size 50x50 [bgcolor=#0000FF]
      RenderBlock {P} at (2412,0) size 348x164
        RenderText {#text} at (7,0) size 341x163
          text run at (7,0) width 145: "7 Lorem ipsum dolor sit"
          text run at (25,0) width 105: "amet, consectetur"
          text run at (43,0) width 135: "adipisicing elit, sed do"
          text run at (61,0) width 162: "eiusmod tempor incididunt"
          text run at (79,0) width 154: "ut labore et dolore magna"
          text run at (97,0) width 154: "aliqua. Ut enim ad minim"
          text run at (115,0) width 126: "veniam, quis nostrud"
          text run at (133,0) width 123: "exercitation ullamco"
          text run at (151,0) width 163: "laboris nisi ut aliquip ex ea"
          text run at (169,0) width 160: "commodo consequat. Duis"
          text run at (187,0) width 108: "aute irure dolor in"
          text run at (205,0) width 155: "reprehenderit in voluptate"
          text run at (223,0) width 158: "velit esse cillum dolore eu"
          text run at (241,0) width 123: "fugiat nulla pariatur."
          text run at (259,0) width 142: "Excepteur sint occaecat"
          text run at (277,0) width 139: "cupidatat non proident,"
          text run at (295,0) width 142: "sunt in culpa qui officia"
          text run at (313,0) width 160: "deserunt mollit anim id est"
          text run at (331,0) width 54: "laborum."
      RenderBlock {DIV} at (2775,0) size 50x50 [bgcolor=#0000FF]
      RenderBlock {P} at (2839,0) size 329x164
        RenderText {#text} at (12,0) size 317x163
          text run at (12,0) width 136: "8 Lorem ipsum dolor sit"
          text run at (30,0) width 163: "amet, consectetur adipisicing"
          text run at (48,0) width 156: "elit, sed do eiusmod tempor"
          text run at (66,0) width 163: "incididunt ut labore et dolore"
          text run at (84,0) width 145: "magna aliqua. Ut enim ad"
          text run at (102,0) width 158: "minim veniam, quis nostrud"
          text run at (120,0) width 157: "exercitation ullamco laboris"
          text run at (138,0) width 110: "nisi ut aliquip ex ea"
          text run at (156,0) width 149: "commodo consequat. Duis"
          text run at (174,0) width 101: "aute irure dolor in"
          text run at (192,0) width 145: "reprehenderit in voluptate"
          text run at (210,0) width 147: "velit esse cillum dolore eu"
          text run at (228,0) width 114: "fugiat nulla pariatur."
          text run at (246,0) width 133: "Excepteur sint occaecat"
          text run at (264,0) width 157: "cupidatat non proident, sunt"
          text run at (293,0) width 157: "in culpa qui officia deserunt"
          text run at (312,0) width 153: "mollit anim id est laborum."
