layer at (0,0) size 1180x585
  RenderView at (0,0) size 800x585
    RenderMultiColumnSet at (0,0) size 800x585
layer at (0,-2622) size 180x3208 backgroundClip at (0,0) size 1180x585 clip at (0,0) size 1180x585 outlineClip at (0,0) size 1180x585
  RenderMultiColumnFlowThread at (0,0) size 180x3208
layer at (0,-2622) size 180x3208 backgroundClip at (0,0) size 1180x585 clip at (0,0) size 1180x585 outlineClip at (0,0) size 1180x585
  RenderBlock {HTML} at (0,0) size 180x3208
    RenderBody {BODY} at (8,8) size 164x3186
      RenderBlock {DIV} at (0,0) size 50x50 [bgcolor=#0000FF]
      RenderBlock {P} at (0,61) size 164x252
        RenderText {#text} at (0,5) size 161x247
          text run at (0,5) width 134: "1 Lorem ipsum dolor sit amet,"
          text run at (0,23) width 152: "consectetur adipisicing elit, sed do"
          text run at (0,41) width 161: "eiusmod tempor incididunt ut labore"
          text run at (0,59) width 155: "et dolore magna aliqua. Ut enim ad"
          text run at (0,77) width 124: "minim veniam, quis nostrud"
          text run at (0,95) width 153: "exercitation ullamco laboris nisi ut"
          text run at (0,113) width 153: "aliquip ex ea commodo consequat."
          text run at (0,131) width 103: "Duis aute irure dolor in"
          text run at (0,149) width 157: "reprehenderit in voluptate velit esse"
          text run at (0,167) width 126: "cillum dolore eu fugiat nulla"
          text run at (0,185) width 143: "pariatur. Excepteur sint occaecat"
          text run at (0,203) width 161: "cupidatat non proident, sunt in culpa"
          text run at (0,221) width 151: "qui officia deserunt mollit anim id"
          text run at (0,239) width 55: "est laborum."
      RenderBlock {DIV} at (0,324) size 50x50 [bgcolor=#0000FF]
      RenderBlock {P} at (0,386) size 164x279
        RenderText {#text} at (0,4) size 164x275
          text run at (0,4) width 146: "2 Lorem ipsum dolor sit amet,"
          text run at (0,22) width 151: "consectetur adipisicing elit, sed"
          text run at (0,40) width 157: "do eiusmod tempor incididunt ut"
          text run at (0,58) width 161: "labore et dolore magna aliqua. Ut"
          text run at (0,76) width 137: "enim ad minim veniam, quis"
          text run at (0,94) width 138: "nostrud exercitation ullamco"
          text run at (0,112) width 130: "laboris nisi ut aliquip ex ea"
          text run at (0,130) width 151: "commodo consequat. Duis aute"
          text run at (0,148) width 143: "irure dolor in reprehenderit in"
          text run at (0,166) width 160: "voluptate velit esse cillum dolore"
          text run at (0,193) width 164: "eu fugiat nulla pariatur. Excepteur"
          text run at (0,211) width 130: "sint occaecat cupidatat non"
          text run at (0,229) width 160: "proident, sunt in culpa qui officia"
          text run at (0,247) width 128: "deserunt mollit anim id est"
          text run at (0,265) width 43: "laborum."
      RenderBlock {DIV} at (0,677) size 50x50 [bgcolor=#0000FF]
      RenderBlock {P} at (0,740) size 164x285
        RenderText {#text} at (0,0) size 164x285
          text run at (0,0) width 158: "3 Lorem ipsum dolor sit amet,"
          text run at (0,18) width 164: "consectetur adipisicing elit, sed"
          text run at (0,36) width 157: "do eiusmod tempor incididunt"
          text run at (0,54) width 133: "ut labore et dolore magna"
          text run at (0,72) width 134: "aliqua. Ut enim ad minim"
          text run at (0,90) width 109: "veniam, quis nostrud"
          text run at (0,108) width 146: "exercitation ullamco laboris"
          text run at (0,126) width 158: "nisi ut aliquip ex ea commodo"
          text run at (0,144) width 136: "consequat. Duis aute irure"
          text run at (0,162) width 127: "dolor in reprehenderit in"
          text run at (0,180) width 137: "voluptate velit esse cillum"
          text run at (0,198) width 158: "dolore eu fugiat nulla pariatur."
          text run at (0,216) width 123: "Excepteur sint occaecat"
          text run at (0,234) width 159: "cupidatat non proident, sunt in"
          text run at (0,252) width 132: "culpa qui officia deserunt"
          text run at (0,270) width 142: "mollit anim id est laborum."
      RenderBlock {DIV} at (0,1038) size 50x50 [bgcolor=#0000FF]
      RenderBlock {P} at (0,1102) size 164x329
        RenderText {#text} at (0,15) size 163x314
          text run at (0,15) width 136: "4 Lorem ipsum dolor sit"
          text run at (0,33) width 163: "amet, consectetur adipisicing"
          text run at (0,60) width 156: "elit, sed do eiusmod tempor"
          text run at (0,78) width 163: "incididunt ut labore et dolore"
          text run at (0,96) width 145: "magna aliqua. Ut enim ad"
          text run at (0,114) width 158: "minim veniam, quis nostrud"
          text run at (0,132) width 157: "exercitation ullamco laboris"
          text run at (0,150) width 110: "nisi ut aliquip ex ea"
          text run at (0,168) width 149: "commodo consequat. Duis"
          text run at (0,186) width 101: "aute irure dolor in"
          text run at (0,204) width 145: "reprehenderit in voluptate"
          text run at (0,222) width 147: "velit esse cillum dolore eu"
          text run at (0,240) width 114: "fugiat nulla pariatur."
          text run at (0,258) width 133: "Excepteur sint occaecat"
          text run at (0,276) width 157: "cupidatat non proident, sunt"
          text run at (0,294) width 157: "in culpa qui officia deserunt"
          text run at (0,312) width 153: "mollit anim id est laborum."
      RenderBlock {DIV} at (0,1444) size 50x51 [bgcolor=#0000FF]
      RenderBlock {P} at (0,1509) size 164x364
        RenderText {#text} at (0,13) size 163x350
          text run at (0,13) width 145: "5 Lorem ipsum dolor sit"
          text run at (0,31) width 105: "amet, consectetur"
          text run at (0,49) width 135: "adipisicing elit, sed do"
          text run at (0,67) width 162: "eiusmod tempor incididunt"
          text run at (0,85) width 154: "ut labore et dolore magna"
          text run at (0,103) width 154: "aliqua. Ut enim ad minim"
          text run at (0,121) width 126: "veniam, quis nostrud"
          text run at (0,139) width 123: "exercitation ullamco"
          text run at (0,157) width 163: "laboris nisi ut aliquip ex ea"
          text run at (0,175) width 160: "commodo consequat. Duis"
          text run at (0,193) width 108: "aute irure dolor in"
          text run at (0,211) width 155: "reprehenderit in voluptate"
          text run at (0,238) width 158: "velit esse cillum dolore eu"
          text run at (0,256) width 123: "fugiat nulla pariatur."
          text run at (0,274) width 142: "Excepteur sint occaecat"
          text run at (0,292) width 139: "cupidatat non proident,"
          text run at (0,310) width 142: "sunt in culpa qui officia"
          text run at (0,328) width 160: "deserunt mollit anim id est"
          text run at (0,346) width 54: "laborum."
      RenderBlock {DIV} at (0,1887) size 50x51 [bgcolor=#0000FF]
      RenderBlock {P} at (0,1953) size 164x397
        RenderText {#text} at (0,9) size 163x388
          text run at (0,9) width 155: "6 Lorem ipsum dolor sit"
          text run at (0,27) width 112: "amet, consectetur"
          text run at (0,45) width 144: "adipisicing elit, sed do"
          text run at (0,63) width 104: "eiusmod tempor"
          text run at (0,81) width 141: "incididunt ut labore et"
          text run at (0,99) width 155: "dolore magna aliqua. Ut"
          text run at (0,117) width 152: "enim ad minim veniam,"
          text run at (0,135) width 159: "quis nostrud exercitation"
          text run at (0,153) width 143: "ullamco laboris nisi ut"
          text run at (0,171) width 150: "aliquip ex ea commodo"
          text run at (0,189) width 133: "consequat. Duis aute"
          text run at (0,207) width 85: "irure dolor in"
          text run at (0,225) width 102: "reprehenderit in"
          text run at (0,243) width 123: "voluptate velit esse"
          text run at (0,261) width 147: "cillum dolore eu fugiat"
          text run at (0,279) width 158: "nulla pariatur. Excepteur"
          text run at (0,297) width 145: "sint occaecat cupidatat"
          text run at (0,315) width 133: "non proident, sunt in"
          text run at (0,333) width 163: "culpa qui officia deserunt"
          text run at (0,351) width 113: "mollit anim id est"
          text run at (0,378) width 58: "laborum."
      RenderBlock {DIV} at (0,2366) size 50x50 [bgcolor=#0000FF]
      RenderBlock {P} at (0,2431) size 164x350
        RenderText {#text} at (0,9) size 163x341
          text run at (0,9) width 145: "7 Lorem ipsum dolor sit"
          text run at (0,27) width 105: "amet, consectetur"
          text run at (0,45) width 135: "adipisicing elit, sed do"
          text run at (0,63) width 162: "eiusmod tempor incididunt"
          text run at (0,81) width 154: "ut labore et dolore magna"
          text run at (0,99) width 154: "aliqua. Ut enim ad minim"
          text run at (0,117) width 126: "veniam, quis nostrud"
          text run at (0,135) width 123: "exercitation ullamco"
          text run at (0,153) width 163: "laboris nisi ut aliquip ex ea"
          text run at (0,171) width 160: "commodo consequat. Duis"
          text run at (0,189) width 108: "aute irure dolor in"
          text run at (0,207) width 155: "reprehenderit in voluptate"
          text run at (0,225) width 158: "velit esse cillum dolore eu"
          text run at (0,243) width 123: "fugiat nulla pariatur."
          text run at (0,261) width 142: "Excepteur sint occaecat"
          text run at (0,279) width 139: "cupidatat non proident,"
          text run at (0,297) width 142: "sunt in culpa qui officia"
          text run at (0,315) width 160: "deserunt mollit anim id est"
          text run at (0,333) width 54: "laborum."
      RenderBlock {DIV} at (0,2796) size 50x50 [bgcolor=#0000FF]
      RenderBlock {P} at (0,2860) size 164x326
        RenderText {#text} at (0,12) size 163x314
          text run at (0,12) width 136: "8 Lorem ipsum dolor sit"
          text run at (0,30) width 163: "amet, consectetur adipisicing"
          text run at (0,57) width 156: "elit, sed do eiusmod tempor"
          text run at (0,75) width 163: "incididunt ut labore et dolore"
          text run at (0,93) width 145: "magna aliqua. Ut enim ad"
          text run at (0,111) width 158: "minim veniam, quis nostrud"
          text run at (0,129) width 157: "exercitation ullamco laboris"
          text run at (0,147) width 110: "nisi ut aliquip ex ea"
          text run at (0,165) width 149: "commodo consequat. Duis"
          text run at (0,183) width 101: "aute irure dolor in"
          text run at (0,201) width 145: "reprehenderit in voluptate"
          text run at (0,219) width 147: "velit esse cillum dolore eu"
          text run at (0,237) width 114: "fugiat nulla pariatur."
          text run at (0,255) width 133: "Excepteur sint occaecat"
          text run at (0,273) width 157: "cupidatat non proident, sunt"
          text run at (0,291) width 157: "in culpa qui officia deserunt"
          text run at (0,309) width 153: "mollit anim id est laborum."
