layer at (0,0) size 1380x585
  RenderView at (0,0) size 800x585
    RenderMultiColumnSet at (0,0) size 800x585
layer at (0,-3193) size 180x3778 backgroundClip at (0,0) size 1380x585 clip at (0,0) size 1380x585
  RenderMultiColumnFlowThread at (0,0) size 180x3778
layer at (0,-3193) size 180x3778 backgroundClip at (0,0) size 1380x585 clip at (0,0) size 1380x585
  RenderBlock {HTML} at (0,0) size 180x3778
    RenderBody {BODY} at (8,8) size 164x3754
      RenderBlock {DIV} at (0,0) size 50x50 [bgcolor=#0000FF]
      RenderBlock {P} at (0,66) size 164x378
        RenderText {#text} at (0,0) size 163x378
          text run at (0,0) width 155: "1 Lorem ipsum dolor sit"
          text run at (0,18) width 112: "amet, consectetur"
          text run at (0,36) width 144: "adipisicing elit, sed do"
          text run at (0,54) width 104: "eiusmod tempor"
          text run at (0,72) width 141: "incididunt ut labore et"
          text run at (0,90) width 155: "dolore magna aliqua. Ut"
          text run at (0,108) width 152: "enim ad minim veniam,"
          text run at (0,126) width 159: "quis nostrud exercitation"
          text run at (0,144) width 143: "ullamco laboris nisi ut"
          text run at (0,162) width 150: "aliquip ex ea commodo"
          text run at (0,180) width 133: "consequat. Duis aute"
          text run at (0,198) width 85: "irure dolor in"
          text run at (0,216) width 102: "reprehenderit in"
          text run at (0,234) width 123: "voluptate velit esse"
          text run at (0,252) width 147: "cillum dolore eu fugiat"
          text run at (0,270) width 158: "nulla pariatur. Excepteur"
          text run at (0,288) width 145: "sint occaecat cupidatat"
          text run at (0,306) width 133: "non proident, sunt in"
          text run at (0,324) width 163: "culpa qui officia deserunt"
          text run at (0,342) width 113: "mollit anim id est"
          text run at (0,360) width 58: "laborum."
      RenderBlock {DIV} at (0,460) size 50x50 [bgcolor=#0000FF]
      RenderBlock {P} at (0,526) size 164x393
        RenderText {#text} at (0,0) size 163x393
          text run at (0,0) width 155: "2 Lorem ipsum dolor sit"
          text run at (0,18) width 112: "amet, consectetur"
          text run at (0,51) width 144: "adipisicing elit, sed do"
          text run at (0,69) width 104: "eiusmod tempor"
          text run at (0,87) width 141: "incididunt ut labore et"
          text run at (0,105) width 155: "dolore magna aliqua. Ut"
          text run at (0,123) width 152: "enim ad minim veniam,"
          text run at (0,141) width 159: "quis nostrud exercitation"
          text run at (0,159) width 143: "ullamco laboris nisi ut"
          text run at (0,177) width 150: "aliquip ex ea commodo"
          text run at (0,195) width 133: "consequat. Duis aute"
          text run at (0,213) width 85: "irure dolor in"
          text run at (0,231) width 102: "reprehenderit in"
          text run at (0,249) width 123: "voluptate velit esse"
          text run at (0,267) width 147: "cillum dolore eu fugiat"
          text run at (0,285) width 158: "nulla pariatur. Excepteur"
          text run at (0,303) width 145: "sint occaecat cupidatat"
          text run at (0,321) width 133: "non proident, sunt in"
          text run at (0,339) width 163: "culpa qui officia deserunt"
          text run at (0,357) width 113: "mollit anim id est"
          text run at (0,375) width 58: "laborum."
      RenderBlock {DIV} at (0,935) size 50x50 [bgcolor=#0000FF]
      RenderBlock {P} at (0,1001) size 164x395
        RenderText {#text} at (0,0) size 163x395
          text run at (0,0) width 155: "3 Lorem ipsum dolor sit"
          text run at (0,18) width 112: "amet, consectetur"
          text run at (0,36) width 144: "adipisicing elit, sed do"
          text run at (0,54) width 104: "eiusmod tempor"
          text run at (0,72) width 141: "incididunt ut labore et"
          text run at (0,90) width 155: "dolore magna aliqua. Ut"
          text run at (0,108) width 152: "enim ad minim veniam,"
          text run at (0,126) width 159: "quis nostrud exercitation"
          text run at (0,161) width 143: "ullamco laboris nisi ut"
          text run at (0,179) width 150: "aliquip ex ea commodo"
          text run at (0,197) width 133: "consequat. Duis aute"
          text run at (0,215) width 85: "irure dolor in"
          text run at (0,233) width 102: "reprehenderit in"
          text run at (0,251) width 123: "voluptate velit esse"
          text run at (0,269) width 147: "cillum dolore eu fugiat"
          text run at (0,287) width 158: "nulla pariatur. Excepteur"
          text run at (0,305) width 145: "sint occaecat cupidatat"
          text run at (0,323) width 133: "non proident, sunt in"
          text run at (0,341) width 163: "culpa qui officia deserunt"
          text run at (0,359) width 113: "mollit anim id est"
          text run at (0,377) width 58: "laborum."
      RenderBlock {DIV} at (0,1412) size 50x50 [bgcolor=#0000FF]
      RenderBlock {P} at (0,1478) size 164x395
        RenderText {#text} at (0,0) size 163x395
          text run at (0,0) width 155: "4 Lorem ipsum dolor sit"
          text run at (0,18) width 112: "amet, consectetur"
          text run at (0,36) width 144: "adipisicing elit, sed do"
          text run at (0,54) width 104: "eiusmod tempor"
          text run at (0,72) width 141: "incididunt ut labore et"
          text run at (0,90) width 155: "dolore magna aliqua. Ut"
          text run at (0,108) width 152: "enim ad minim veniam,"
          text run at (0,126) width 159: "quis nostrud exercitation"
          text run at (0,144) width 143: "ullamco laboris nisi ut"
          text run at (0,162) width 150: "aliquip ex ea commodo"
          text run at (0,180) width 133: "consequat. Duis aute"
          text run at (0,198) width 85: "irure dolor in"
          text run at (0,216) width 102: "reprehenderit in"
          text run at (0,234) width 123: "voluptate velit esse"
          text run at (0,269) width 147: "cillum dolore eu fugiat"
          text run at (0,287) width 158: "nulla pariatur. Excepteur"
          text run at (0,305) width 145: "sint occaecat cupidatat"
          text run at (0,323) width 133: "non proident, sunt in"
          text run at (0,341) width 163: "culpa qui officia deserunt"
          text run at (0,359) width 113: "mollit anim id est"
          text run at (0,377) width 58: "laborum."
      RenderBlock {DIV} at (0,1889) size 50x50 [bgcolor=#0000FF]
      RenderBlock {P} at (0,1955) size 164x395
        RenderText {#text} at (0,0) size 163x395
          text run at (0,0) width 155: "5 Lorem ipsum dolor sit"
          text run at (0,18) width 112: "amet, consectetur"
          text run at (0,36) width 144: "adipisicing elit, sed do"
          text run at (0,54) width 104: "eiusmod tempor"
          text run at (0,72) width 141: "incididunt ut labore et"
          text run at (0,90) width 155: "dolore magna aliqua. Ut"
          text run at (0,108) width 152: "enim ad minim veniam,"
          text run at (0,126) width 159: "quis nostrud exercitation"
          text run at (0,144) width 143: "ullamco laboris nisi ut"
          text run at (0,162) width 150: "aliquip ex ea commodo"
          text run at (0,180) width 133: "consequat. Duis aute"
          text run at (0,198) width 85: "irure dolor in"
          text run at (0,216) width 102: "reprehenderit in"
          text run at (0,234) width 123: "voluptate velit esse"
          text run at (0,252) width 147: "cillum dolore eu fugiat"
          text run at (0,270) width 158: "nulla pariatur. Excepteur"
          text run at (0,288) width 145: "sint occaecat cupidatat"
          text run at (0,306) width 133: "non proident, sunt in"
          text run at (0,324) width 163: "culpa qui officia deserunt"
          text run at (0,342) width 113: "mollit anim id est"
          text run at (0,377) width 58: "laborum."
      RenderBlock {DIV} at (0,2366) size 50x50 [bgcolor=#0000FF]
      RenderBlock {P} at (0,2432) size 164x378
        RenderText {#text} at (0,0) size 163x378
          text run at (0,0) width 155: "6 Lorem ipsum dolor sit"
          text run at (0,18) width 112: "amet, consectetur"
          text run at (0,36) width 144: "adipisicing elit, sed do"
          text run at (0,54) width 104: "eiusmod tempor"
          text run at (0,72) width 141: "incididunt ut labore et"
          text run at (0,90) width 155: "dolore magna aliqua. Ut"
          text run at (0,108) width 152: "enim ad minim veniam,"
          text run at (0,126) width 159: "quis nostrud exercitation"
          text run at (0,144) width 143: "ullamco laboris nisi ut"
          text run at (0,162) width 150: "aliquip ex ea commodo"
          text run at (0,180) width 133: "consequat. Duis aute"
          text run at (0,198) width 85: "irure dolor in"
          text run at (0,216) width 102: "reprehenderit in"
          text run at (0,234) width 123: "voluptate velit esse"
          text run at (0,252) width 147: "cillum dolore eu fugiat"
          text run at (0,270) width 158: "nulla pariatur. Excepteur"
          text run at (0,288) width 145: "sint occaecat cupidatat"
          text run at (0,306) width 133: "non proident, sunt in"
          text run at (0,324) width 163: "culpa qui officia deserunt"
          text run at (0,342) width 113: "mollit anim id est"
          text run at (0,360) width 58: "laborum."
      RenderBlock {DIV} at (0,2826) size 50x50 [bgcolor=#0000FF]
      RenderBlock {P} at (0,2892) size 164x385
        RenderText {#text} at (0,0) size 163x385
          text run at (0,0) width 155: "7 Lorem ipsum dolor sit"
          text run at (0,25) width 112: "amet, consectetur"
          text run at (0,43) width 144: "adipisicing elit, sed do"
          text run at (0,61) width 104: "eiusmod tempor"
          text run at (0,79) width 141: "incididunt ut labore et"
          text run at (0,97) width 155: "dolore magna aliqua. Ut"
          text run at (0,115) width 152: "enim ad minim veniam,"
          text run at (0,133) width 159: "quis nostrud exercitation"
          text run at (0,151) width 143: "ullamco laboris nisi ut"
          text run at (0,169) width 150: "aliquip ex ea commodo"
          text run at (0,187) width 133: "consequat. Duis aute"
          text run at (0,205) width 85: "irure dolor in"
          text run at (0,223) width 102: "reprehenderit in"
          text run at (0,241) width 123: "voluptate velit esse"
          text run at (0,259) width 147: "cillum dolore eu fugiat"
          text run at (0,277) width 158: "nulla pariatur. Excepteur"
          text run at (0,295) width 145: "sint occaecat cupidatat"
          text run at (0,313) width 133: "non proident, sunt in"
          text run at (0,331) width 163: "culpa qui officia deserunt"
          text run at (0,349) width 113: "mollit anim id est"
          text run at (0,367) width 58: "laborum."
      RenderBlock {DIV} at (0,3293) size 50x50 [bgcolor=#0000FF]
      RenderBlock {P} at (0,3359) size 164x395
        RenderText {#text} at (0,0) size 163x395
          text run at (0,0) width 155: "8 Lorem ipsum dolor sit"
          text run at (0,18) width 112: "amet, consectetur"
          text run at (0,36) width 144: "adipisicing elit, sed do"
          text run at (0,54) width 104: "eiusmod tempor"
          text run at (0,72) width 141: "incididunt ut labore et"
          text run at (0,90) width 155: "dolore magna aliqua. Ut"
          text run at (0,108) width 152: "enim ad minim veniam,"
          text run at (0,143) width 159: "quis nostrud exercitation"
          text run at (0,161) width 143: "ullamco laboris nisi ut"
          text run at (0,179) width 150: "aliquip ex ea commodo"
          text run at (0,197) width 133: "consequat. Duis aute"
          text run at (0,215) width 85: "irure dolor in"
          text run at (0,233) width 102: "reprehenderit in"
          text run at (0,251) width 123: "voluptate velit esse"
          text run at (0,269) width 147: "cillum dolore eu fugiat"
          text run at (0,287) width 158: "nulla pariatur. Excepteur"
          text run at (0,305) width 145: "sint occaecat cupidatat"
          text run at (0,323) width 133: "non proident, sunt in"
          text run at (0,341) width 163: "culpa qui officia deserunt"
          text run at (0,359) width 113: "mollit anim id est"
          text run at (0,377) width 58: "laborum."
