layer at (0,0) size 800x585
  RenderView at (0,0) size 800x585
    RenderMultiColumnSet at (0,0) size 800x585
layer at (0,0) size 1364x585 backgroundClip at (0,0) size 800x585 clip at (0,0) size 800x585 outlineClip at (0,0) size 800x585
  RenderMultiColumnFlowThread at (0,0) size 1364x585
layer at (0,0) size 1364x585 backgroundClip at (0,0) size 800x585 clip at (0,0) size 800x585 outlineClip at (0,0) size 800x585
  RenderBlock {HTML} at (0,0) size 1364x585
    RenderBody {BODY} at (8,8) size 1342x569
      RenderBlock {DIV} at (0,0) size 50x50 [bgcolor=#0000FF]
      RenderBlock {P} at (61,0) size 72x569
        RenderText {#text} at (5,0) size 67x557
          text run at (5,0) width 557: "1 Lorem ipsum dolor sit amet, consectetur adipisicing elit, sed do eiusmod tempor incididunt ut labore et dolore magna aliqua."
          text run at (23,0) width 554: "Ut enim ad minim veniam, quis nostrud exercitation ullamco laboris nisi ut aliquip ex ea commodo consequat. Duis aute irure"
          text run at (41,0) width 531: "dolor in reprehenderit in voluptate velit esse cillum dolore eu fugiat nulla pariatur. Excepteur sint occaecat cupidatat non"
          text run at (59,0) width 309: "proident, sunt in culpa qui officia deserunt mollit anim id est laborum."
      RenderBlock {DIV} at (144,0) size 50x50 [bgcolor=#0000FF]
      RenderBlock {P} at (206,0) size 72x569
        RenderText {#text} at (4,0) size 68x547
          text run at (4,0) width 537: "2 Lorem ipsum dolor sit amet, consectetur adipisicing elit, sed do eiusmod tempor incididunt ut labore et dolore"
          text run at (22,0) width 547: "magna aliqua. Ut enim ad minim veniam, quis nostrud exercitation ullamco laboris nisi ut aliquip ex ea commodo"
          text run at (40,0) width 523: "consequat. Duis aute irure dolor in reprehenderit in voluptate velit esse cillum dolore eu fugiat nulla pariatur."
          text run at (58,0) width 521: "Excepteur sint occaecat cupidatat non proident, sunt in culpa qui officia deserunt mollit anim id est laborum."
      RenderBlock {DIV} at (290,0) size 50x50 [bgcolor=#0000FF]
      RenderBlock {P} at (352,0) size 89x569
        RenderText {#text} at (1,0) size 88x561
          text run at (1,0) width 546: "3 Lorem ipsum dolor sit amet, consectetur adipisicing elit, sed do eiusmod tempor incididunt ut labore et"
          text run at (20,0) width 559: "dolore magna aliqua. Ut enim ad minim veniam, quis nostrud exercitation ullamco laboris nisi ut aliquip ex"
          text run at (38,0) width 561: "ea commodo consequat. Duis aute irure dolor in reprehenderit in voluptate velit esse cillum dolore eu fugiat"
          text run at (56,0) width 559: "nulla pariatur. Excepteur sint occaecat cupidatat non proident, sunt in culpa qui officia deserunt mollit anim"
          text run at (74,0) width 78: "id est laborum."
      RenderBlock {DIV} at (453,0) size 51x50 [bgcolor=#0000FF]
      RenderBlock {P} at (517,0) size 105x569
        RenderText {#text} at (15,0) size 89x556
          text run at (15,0) width 536: "4 Lorem ipsum dolor sit amet, consectetur adipisicing elit, sed do eiusmod tempor incididunt ut"
          text run at (33,0) width 556: "labore et dolore magna aliqua. Ut enim ad minim veniam, quis nostrud exercitation ullamco laboris"
          text run at (51,0) width 543: "nisi ut aliquip ex ea commodo consequat. Duis aute irure dolor in reprehenderit in voluptate velit"
          text run at (69,0) width 546: "esse cillum dolore eu fugiat nulla pariatur. Excepteur sint occaecat cupidatat non proident, sunt in"
          text run at (87,0) width 298: "culpa qui officia deserunt mollit anim id est laborum."
      RenderBlock {DIV} at (635,0) size 51x50 [bgcolor=#0000FF]
      RenderBlock {P} at (700,0) size 102x569
        RenderText {#text} at (12,0) size 89x567
          text run at (12,0) width 558: "5 Lorem ipsum dolor sit amet, consectetur adipisicing elit, sed do eiusmod tempor incididunt"
          text run at (30,0) width 567: "ut labore et dolore magna aliqua. Ut enim ad minim veniam, quis nostrud exercitation ullamco"
          text run at (48,0) width 537: "laboris nisi ut aliquip ex ea commodo consequat. Duis aute irure dolor in reprehenderit in"
          text run at (66,0) width 547: "voluptate velit esse cillum dolore eu fugiat nulla pariatur. Excepteur sint occaecat cupidatat"
          text run at (84,0) width 447: "non proident, sunt in culpa qui officia deserunt mollit anim id est laborum."
      RenderBlock {DIV} at (816,0) size 51x50 [bgcolor=#0000FF]
      RenderBlock {P} at (882,0) size 118x569
        RenderText {#text} at (9,0) size 109x559
          text run at (9,0) width 527: "6 Lorem ipsum dolor sit amet, consectetur adipisicing elit, sed do eiusmod tempor"
          text run at (28,0) width 539: "incididunt ut labore et dolore magna aliqua. Ut enim ad minim veniam, quis nostrud"
          text run at (46,0) width 547: "exercitation ullamco laboris nisi ut aliquip ex ea commodo consequat. Duis aute irure"
          text run at (64,0) width 526: "dolor in reprehenderit in voluptate velit esse cillum dolore eu fugiat nulla pariatur."
          text run at (82,0) width 559: "Excepteur sint occaecat cupidatat non proident, sunt in culpa qui officia deserunt mollit"
          text run at (100,0) width 132: "anim id est laborum."
      RenderBlock {DIV} at (1016,0) size 50x50 [bgcolor=#0000FF]
      RenderBlock {P} at (1072,0) size 90x569
        RenderText {#text} at (0,0) size 90x567
          text run at (0,0) width 559: "7 Lorem ipsum dolor sit amet, consectetur adipisicing elit, sed do eiusmod tempor incididunt"
          text run at (19,0) width 567: "ut labore et dolore magna aliqua. Ut enim ad minim veniam, quis nostrud exercitation ullamco"
          text run at (37,0) width 537: "laboris nisi ut aliquip ex ea commodo consequat. Duis aute irure dolor in reprehenderit in"
          text run at (55,0) width 547: "voluptate velit esse cillum dolore eu fugiat nulla pariatur. Excepteur sint occaecat cupidatat"
          text run at (73,0) width 447: "non proident, sunt in culpa qui officia deserunt mollit anim id est laborum."
      RenderBlock {DIV} at (1176,0) size 51x50 [bgcolor=#0000FF]
      RenderBlock {P} at (1240,0) size 102x569
        RenderText {#text} at (12,0) size 89x556
          text run at (12,0) width 536: "8 Lorem ipsum dolor sit amet, consectetur adipisicing elit, sed do eiusmod tempor incididunt ut"
          text run at (30,0) width 556: "labore et dolore magna aliqua. Ut enim ad minim veniam, quis nostrud exercitation ullamco laboris"
          text run at (48,0) width 543: "nisi ut aliquip ex ea commodo consequat. Duis aute irure dolor in reprehenderit in voluptate velit"
          text run at (66,0) width 546: "esse cillum dolore eu fugiat nulla pariatur. Excepteur sint occaecat cupidatat non proident, sunt in"
          text run at (84,0) width 298: "culpa qui officia deserunt mollit anim id est laborum."
