layer at (0,0) size 785x1593
  RenderView at (0,0) size 785x600
layer at (0,0) size 785x1593
  RenderBlock {HTML} at (0,0) size 785x1593
    RenderBody {BODY} at (8,16) size 769x1561
layer at (8,16) size 760x504
  RenderBlock {DIV} at (0,0) size 760x504 [border: (5px solid #800000)]
    RenderMultiColumnSet at (5,5) size 750x220
    RenderBlock {H2} at (5,244) size 750x28 [bgcolor=#EEEEEE]
      RenderText {#text} at (0,0) size 191x26
        text run at (0,0) width 191: "This is a first span."
    RenderMultiColumnSet at (5,291) size 750x21
    RenderBlock {H2} at (5,331) size 750x28 [bgcolor=#EEEEEE]
      RenderText {#text} at (0,0) size 218x26
        text run at (0,0) width 218: "This is a second span."
    RenderMultiColumnSet at (5,378) size 750x121
layer at (13,21) size 367x680
  RenderMultiColumnFlowThread at (5,5) size 367x680
    RenderBlock (anonymous) at (0,0) size 367x420
      RenderText {#text} at (0,0) size 367x419
        text run at (0,0) width 337: "Lorem ipsum dolor sit amet, consectetuer adipiscing elit."
        text run at (0,20) width 367: "Nulla varius enim ac mi. Curabitur sollicitudin felis quis lectus."
        text run at (0,40) width 362: "Quisque adipiscing rhoncus sem. Proin nulla purus, vulputate"
        text run at (0,60) width 358: "vel, varius ut, euismod et, nisi. Sed vitae felis vel orci sagittis"
        text run at (0,80) width 365: "aliquam. Cras convallis adipiscing sem. Nam nonummy enim."
        text run at (0,100) width 329: "Nullam bibendum lobortis neque. Vestibulum velit orci,"
        text run at (0,120) width 309: "tempus euismod, pretium quis, interdum vitae, nulla."
        text run at (0,140) width 321: "Phasellus eget ante et tortor condimentum vestibulum."
        text run at (0,160) width 360: "Suspendisse hendrerit quam nec felis. Sed varius turpis vitae"
        text run at (0,180) width 350: "pede. Lorem ipsum dolor sit amet, consectetuer adipiscing"
        text run at (0,200) width 25: "elit. "
        text run at (25,200) width 337: "Lorem ipsum dolor sit amet, consectetuer adipiscing elit."
        text run at (0,220) width 367: "Nulla varius enim ac mi. Curabitur sollicitudin felis quis lectus."
        text run at (0,240) width 362: "Quisque adipiscing rhoncus sem. Proin nulla purus, vulputate"
        text run at (0,260) width 358: "vel, varius ut, euismod et, nisi. Sed vitae felis vel orci sagittis"
        text run at (0,280) width 365: "aliquam. Cras convallis adipiscing sem. Nam nonummy enim."
        text run at (0,300) width 329: "Nullam bibendum lobortis neque. Vestibulum velit orci,"
        text run at (0,320) width 309: "tempus euismod, pretium quis, interdum vitae, nulla."
        text run at (0,340) width 321: "Phasellus eget ante et tortor condimentum vestibulum."
        text run at (0,360) width 360: "Suspendisse hendrerit quam nec felis. Sed varius turpis vitae"
        text run at (0,380) width 350: "pede. Lorem ipsum dolor sit amet, consectetuer adipiscing"
        text run at (0,400) width 21: "elit."
    RenderMultiColumnSpannerPlaceholder at (0,420) size 0x0
    RenderBlock (anonymous) at (0,420) size 367x20
      RenderText {#text} at (0,0) size 349x19
        text run at (0,0) width 349: "This text should be sitting between two spanning elements."
    RenderMultiColumnSpannerPlaceholder at (0,440) size 0x0
    RenderBlock (anonymous) at (0,440) size 367x240
      RenderText {#text} at (0,0) size 367x239
        text run at (0,0) width 337: "Lorem ipsum dolor sit amet, consectetuer adipiscing elit."
        text run at (0,20) width 367: "Nulla varius enim ac mi. Curabitur sollicitudin felis quis lectus."
        text run at (0,40) width 362: "Quisque adipiscing rhoncus sem. Proin nulla purus, vulputate"
        text run at (0,60) width 358: "vel, varius ut, euismod et, nisi. Sed vitae felis vel orci sagittis"
        text run at (0,80) width 365: "aliquam. Cras convallis adipiscing sem. Nam nonummy enim."
        text run at (0,100) width 329: "Nullam bibendum lobortis neque. Vestibulum velit orci,"
        text run at (0,120) width 309: "tempus euismod, pretium quis, interdum vitae, nulla."
        text run at (0,140) width 321: "Phasellus eget ante et tortor condimentum vestibulum."
        text run at (0,160) width 360: "Suspendisse hendrerit quam nec felis. Sed varius turpis vitae"
        text run at (0,180) width 350: "pede. Lorem ipsum dolor sit amet, consectetuer adipiscing"
        text run at (0,200) width 25: "elit. "
        text run at (25,200) width 337: "Lorem ipsum dolor sit amet, consectetuer adipiscing elit."
        text run at (0,220) width 143: "Nulla varius enim ac mi."
layer at (8,536) size 760x515
  RenderBlock {DIV} at (0,519) size 760x517 [border: (5px solid #800000)]
    RenderMultiColumnSet at (5,5) size 750x126
    RenderBlock {H2} at (5,150) size 750x28 [bgcolor=#EEEEEE]
      RenderText {#text} at (0,0) size 191x26
        text run at (0,0) width 191: "This is a first span."
    RenderMultiColumnSet at (5,197) size 750x127
    RenderBlock {H2} at (5,343) size 750x28 [bgcolor=#EEEEEE]
      RenderText {#text} at (0,0) size 218x26
        text run at (0,0) width 218: "This is a second span."
    RenderMultiColumnSet at (5,390) size 750x121
layer at (13,541) size 367x744
  RenderMultiColumnFlowThread at (5,5) size 367x744
    RenderBlock {P} at (0,16) size 367x230
      RenderText {#text} at (0,0) size 367x229
        text run at (0,0) width 337: "Lorem ipsum dolor sit amet, consectetuer adipiscing elit."
        text run at (0,20) width 367: "Nulla varius enim ac mi. Curabitur sollicitudin felis quis lectus."
        text run at (0,40) width 362: "Quisque adipiscing rhoncus sem. Proin nulla purus, vulputate"
        text run at (0,60) width 358: "vel, varius ut, euismod et, nisi. Sed vitae felis vel orci sagittis"
        text run at (0,80) width 365: "aliquam. Cras convallis adipiscing sem. Nam nonummy enim."
        text run at (0,110) width 329: "Nullam bibendum lobortis neque. Vestibulum velit orci,"
        text run at (0,130) width 309: "tempus euismod, pretium quis, interdum vitae, nulla."
        text run at (0,150) width 321: "Phasellus eget ante et tortor condimentum vestibulum."
        text run at (0,170) width 360: "Suspendisse hendrerit quam nec felis. Sed varius turpis vitae"
        text run at (0,190) width 350: "pede. Lorem ipsum dolor sit amet, consectetuer adipiscing"
        text run at (0,210) width 21: "elit."
    RenderMultiColumnSpannerPlaceholder at (0,252) size 0x0
    RenderBlock {P} at (0,268) size 367x230
      RenderText {#text} at (0,0) size 367x229
        text run at (0,0) width 337: "Lorem ipsum dolor sit amet, consectetuer adipiscing elit."
        text run at (0,20) width 367: "Nulla varius enim ac mi. Curabitur sollicitudin felis quis lectus."
        text run at (0,40) width 362: "Quisque adipiscing rhoncus sem. Proin nulla purus, vulputate"
        text run at (0,60) width 358: "vel, varius ut, euismod et, nisi. Sed vitae felis vel orci sagittis"
        text run at (0,80) width 365: "aliquam. Cras convallis adipiscing sem. Nam nonummy enim."
        text run at (0,110) width 329: "Nullam bibendum lobortis neque. Vestibulum velit orci,"
        text run at (0,130) width 309: "tempus euismod, pretium quis, interdum vitae, nulla."
        text run at (0,150) width 321: "Phasellus eget ante et tortor condimentum vestibulum."
        text run at (0,170) width 360: "Suspendisse hendrerit quam nec felis. Sed varius turpis vitae"
        text run at (0,190) width 350: "pede. Lorem ipsum dolor sit amet, consectetuer adipiscing"
        text run at (0,210) width 21: "elit."
    RenderMultiColumnSpannerPlaceholder at (0,504) size 0x0
    RenderBlock (anonymous) at (0,504) size 367x240
      RenderText {#text} at (0,0) size 367x239
        text run at (0,0) width 337: "Lorem ipsum dolor sit amet, consectetuer adipiscing elit."
        text run at (0,20) width 367: "Nulla varius enim ac mi. Curabitur sollicitudin felis quis lectus."
        text run at (0,40) width 362: "Quisque adipiscing rhoncus sem. Proin nulla purus, vulputate"
        text run at (0,60) width 358: "vel, varius ut, euismod et, nisi. Sed vitae felis vel orci sagittis"
        text run at (0,80) width 365: "aliquam. Cras convallis adipiscing sem. Nam nonummy enim."
        text run at (0,100) width 329: "Nullam bibendum lobortis neque. Vestibulum velit orci,"
        text run at (0,120) width 309: "tempus euismod, pretium quis, interdum vitae, nulla."
        text run at (0,140) width 321: "Phasellus eget ante et tortor condimentum vestibulum."
        text run at (0,160) width 360: "Suspendisse hendrerit quam nec felis. Sed varius turpis vitae"
        text run at (0,180) width 350: "pede. Lorem ipsum dolor sit amet, consectetuer adipiscing"
        text run at (0,200) width 25: "elit. "
        text run at (25,200) width 337: "Lorem ipsum dolor sit amet, consectetuer adipiscing elit."
        text run at (0,220) width 143: "Nulla varius enim ac mi."
layer at (8,1067) size 760x510
  RenderBlock {DIV} at (0,1051) size 760x510 [border: (5px solid #800000)]
    RenderMultiColumnSet at (5,5) size 750x120
    RenderBlock {H2} at (5,144) size 750x28 [bgcolor=#EEEEEE]
      RenderText {#text} at (0,0) size 191x26
        text run at (0,0) width 191: "This is a first span."
    RenderMultiColumnSet at (5,191) size 750x127
    RenderBlock {H2} at (5,337) size 750x28 [bgcolor=#EEEEEE]
      RenderText {#text} at (0,0) size 218x26
        text run at (0,0) width 218: "This is a second span."
    RenderMultiColumnSet at (5,384) size 750x121
layer at (13,1072) size 367x712 backgroundClip at (0,0) size 785x1593 clip at (0,0) size 785x1593
  RenderMultiColumnFlowThread at (5,5) size 367x712
    RenderBlock (anonymous) at (0,0) size 367x0
      RenderInline {SPAN} at (0,0) size 0x0
        RenderText {#text} at (0,0) size 0x0
    RenderBlock (anonymous) at (0,0) size 367x220
      RenderBlock {SPAN} at (0,0) size 367x220
        RenderText {#text} at (0,0) size 367x219
          text run at (0,0) width 337: "Lorem ipsum dolor sit amet, consectetuer adipiscing elit."
          text run at (0,20) width 367: "Nulla varius enim ac mi. Curabitur sollicitudin felis quis lectus."
          text run at (0,40) width 362: "Quisque adipiscing rhoncus sem. Proin nulla purus, vulputate"
          text run at (0,60) width 358: "vel, varius ut, euismod et, nisi. Sed vitae felis vel orci sagittis"
          text run at (0,80) width 365: "aliquam. Cras convallis adipiscing sem. Nam nonummy enim."
          text run at (0,100) width 329: "Nullam bibendum lobortis neque. Vestibulum velit orci,"
          text run at (0,120) width 309: "tempus euismod, pretium quis, interdum vitae, nulla."
          text run at (0,140) width 321: "Phasellus eget ante et tortor condimentum vestibulum."
          text run at (0,160) width 360: "Suspendisse hendrerit quam nec felis. Sed varius turpis vitae"
          text run at (0,180) width 350: "pede. Lorem ipsum dolor sit amet, consectetuer adipiscing"
          text run at (0,200) width 21: "elit."
    RenderBlock (anonymous) at (0,220) size 367x0
      RenderInline {SPAN} at (0,0) size 0x0
      RenderText {#text} at (0,0) size 0x0
    RenderMultiColumnSpannerPlaceholder at (0,220) size 0x0
    RenderBlock {P} at (0,236) size 367x230
      RenderText {#text} at (0,0) size 367x229
        text run at (0,0) width 337: "Lorem ipsum dolor sit amet, consectetuer adipiscing elit."
        text run at (0,20) width 367: "Nulla varius enim ac mi. Curabitur sollicitudin felis quis lectus."
        text run at (0,40) width 362: "Quisque adipiscing rhoncus sem. Proin nulla purus, vulputate"
        text run at (0,60) width 358: "vel, varius ut, euismod et, nisi. Sed vitae felis vel orci sagittis"
        text run at (0,80) width 365: "aliquam. Cras convallis adipiscing sem. Nam nonummy enim."
        text run at (0,110) width 329: "Nullam bibendum lobortis neque. Vestibulum velit orci,"
        text run at (0,130) width 309: "tempus euismod, pretium quis, interdum vitae, nulla."
        text run at (0,150) width 321: "Phasellus eget ante et tortor condimentum vestibulum."
        text run at (0,170) width 360: "Suspendisse hendrerit quam nec felis. Sed varius turpis vitae"
        text run at (0,190) width 350: "pede. Lorem ipsum dolor sit amet, consectetuer adipiscing"
        text run at (0,210) width 21: "elit."
    RenderMultiColumnSpannerPlaceholder at (0,472) size 0x0
    RenderBlock (anonymous) at (0,472) size 367x240
      RenderText {#text} at (0,0) size 367x239
        text run at (0,0) width 337: "Lorem ipsum dolor sit amet, consectetuer adipiscing elit."
        text run at (0,20) width 367: "Nulla varius enim ac mi. Curabitur sollicitudin felis quis lectus."
        text run at (0,40) width 362: "Quisque adipiscing rhoncus sem. Proin nulla purus, vulputate"
        text run at (0,60) width 358: "vel, varius ut, euismod et, nisi. Sed vitae felis vel orci sagittis"
        text run at (0,80) width 365: "aliquam. Cras convallis adipiscing sem. Nam nonummy enim."
        text run at (0,100) width 329: "Nullam bibendum lobortis neque. Vestibulum velit orci,"
        text run at (0,120) width 309: "tempus euismod, pretium quis, interdum vitae, nulla."
        text run at (0,140) width 321: "Phasellus eget ante et tortor condimentum vestibulum."
        text run at (0,160) width 360: "Suspendisse hendrerit quam nec felis. Sed varius turpis vitae"
        text run at (0,180) width 350: "pede. Lorem ipsum dolor sit amet, consectetuer adipiscing"
        text run at (0,200) width 25: "elit. "
        text run at (25,200) width 337: "Lorem ipsum dolor sit amet, consectetuer adipiscing elit."
        text run at (0,220) width 143: "Nulla varius enim ac mi."
