layer at (0,0) size 800x600
  RenderView at (0,0) size 800x600
layer at (0,0) size 800x600
  RenderBlock {HTML} at (0,0) size 800x600
    RenderBody {BODY} at (8,8) size 784x584
      RenderTable {TABLE} at (0,0) size 784x55
        RenderTableSection {TBODY} at (0,0) size 784x55
          RenderTableRow {TR} at (0,2) size 784x27
            RenderTableCell {TD} at (2,4) size 57x23 [r=0 c=0 rs=1 cs=1]
              RenderText {#text} at (1,1) size 37x20
                text run at (1,2) width 37: "URL:"
            RenderTableCell {TD} at (60,2) size 723x27 [r=0 c=1 rs=1 cs=1]
              RenderTextControl {INPUT} at (1,3) size 720x22 [bgcolor=#FFFFFF] [border: (1px solid #4C4C4C)]
          RenderTableRow {TR} at (0,31) size 784x22
            RenderTableCell {TD} at (2,31) size 781x22 [bgcolor=#FF0000] [r=1 c=0 rs=1 cs=2]
              RenderText {#text} at (1,1) size 257x19
                text run at (1,1) width 257: "Alongwordtogiveyouanicebigminwidth."
      RenderTable {TABLE} at (0,55) size 100x100 [bgcolor=#FF0000] [border: (2px outset #808080)]
        RenderTableSection {TBODY} at (2,2) size 96x96
          RenderTableRow {TR} at (0,2) size 96x92
            RenderTableCell {TD} at (2,46) size 92x4 [border: (1px inset #808080)] [r=0 c=0 rs=1 cs=1]
      RenderTable {TABLE} at (0,155) size 166x120 [border: (2px outset #808080)]
        RenderTableSection {TBODY} at (2,2) size 162x116
          RenderTableRow {TR} at (0,2) size 162x24
            RenderTableCell {TD} at (2,2) size 158x24 [border: (1px inset #808080)] [r=0 c=0 rs=1 cs=1]
              RenderText {#text} at (2,2) size 32x19
                text run at (2,2) width 32: "hello"
          RenderTableRow {TR} at (0,28) size 162x24
            RenderTableCell {TD} at (2,28) size 158x24 [border: (1px inset #808080)] [r=1 c=0 rs=1 cs=1]
              RenderText {#text} at (2,2) size 69x19
                text run at (2,2) width 69: "more hello"
          RenderTableRow {TR} at (0,54) size 162x24
            RenderTableCell {TD} at (2,54) size 158x24 [border: (1px inset #808080)] [r=2 c=0 rs=1 cs=1]
              RenderText {#text} at (2,2) size 38x19
                text run at (2,2) width 38: "world"
          RenderTableRow {TR} at (0,80) size 162x34
            RenderTableCell {TD} at (2,83) size 158x28 [border: (1px inset #808080)] [r=3 c=0 rs=1 cs=1]
              RenderText {#text} at (0,0) size 0x0
      RenderTable {TABLE} at (0,275) size 106x86
        RenderTableSection {TBODY} at (0,0) size 106x86
          RenderTableRow {TR} at (0,2) size 106x82
            RenderTableCell {TD} at (2,2) size 102x82 [r=0 c=0 rs=1 cs=1]
              RenderText {#text} at (1,1) size 88x79
                text run at (1,1) width 88: "I should wrap"
                text run at (1,21) width 82: "and not have"
                text run at (1,41) width 56: "nowrap. "
                text run at (56,41) width 7: "I"
                text run at (1,61) width 88: "really should."
      RenderTable {TABLE} at (0,361) size 106x86
        RenderTableSection {TBODY} at (0,0) size 106x86
          RenderTableRow {TR} at (0,2) size 106x82
            RenderTableCell {TD} at (2,2) size 102x82 [r=0 c=0 rs=1 cs=1]
              RenderBlock {DIV} at (1,1) size 100x80
                RenderText {#text} at (0,0) size 88x79
                  text run at (0,0) width 88: "I should wrap"
                  text run at (0,20) width 82: "and not have"
                  text run at (0,40) width 56: "nowrap. "
                  text run at (55,40) width 7: "I"
                  text run at (0,60) width 88: "really should."
      RenderTable {TABLE} at (0,447) size 374x26
        RenderTableSection {TBODY} at (0,0) size 374x26
          RenderTableRow {TR} at (0,2) size 374x22
            RenderTableCell {TD} at (2,2) size 370x22 [r=0 c=0 rs=1 cs=1]
              RenderText {#text} at (1,1) size 368x19
                text run at (1,1) width 147: "I should have nowrap. "
                text run at (147,1) width 101: "I really should. "
                text run at (247,1) width 122: "Definitely. Should."
      RenderTable {TABLE} at (0,473) size 374x26
        RenderTableSection {TBODY} at (0,0) size 374x26
          RenderTableRow {TR} at (0,2) size 374x22
            RenderTableCell {TD} at (2,2) size 370x22 [r=0 c=0 rs=1 cs=1]
              RenderBlock {DIV} at (1,1) size 368x20
                RenderText {#text} at (0,0) size 368x19
                  text run at (0,0) width 147: "I should have nowrap. "
                  text run at (146,0) width 101: "I really should. "
                  text run at (246,0) width 122: "Definitely. Should."
layer at (76,16) size 706x14
  RenderBlock {DIV} at (6,3) size 708x15
layer at (16,250) size 150x24 clip at (17,251) size 148x22
  RenderTextControl {TEXTAREA} at (4,2) size 150x24 [bgcolor=#FFFFFF] [border: (1px solid #4C4C4C)]
    RenderBlock {DIV} at (3,3) size 144x14
