layer at (0,0) size 800x600
  RenderView at (0,0) size 800x600
layer at (0,0) size 800x600
  RenderBlock {HTML} at (0,0) size 800x600
    RenderBody {BODY} at (8,8) size 784x584
      RenderBlock {DIV} at (0,0) size 784x0
      RenderTable {TABLE} at (0,0) size 105x26
        RenderTableSection {TBODY} at (0,0) size 105x26
          RenderTableRow {TR} at (0,2) size 105x22
            RenderTableCell {TD} at (2,2) size 38x22 [r=0 c=0 rs=1 cs=1]
              RenderText {#text} at (1,1) size 36x19
                text run at (1,1) width 36: "Hello"
            RenderTableCell {TD} at (41,2) size 62x22 [r=0 c=1 rs=1 cs=1]
              RenderText {#text} at (1,1) size 59x19
                text run at (1,1) width 59: "Goodbye"
