layer at (0,0) size 800x600
  RenderView at (0,0) size 800x600
layer at (0,0) size 800x600
  RenderBlock {HTML} at (0,0) size 800x600
    RenderBody {BODY} at (8,8) size 784x584
      RenderTable {TABLE} at (0,0) size 745x56 [border: (1px outset #808080)]
        RenderTableSection {TBODY} at (1,1) size 743x54
          RenderTableRow {TR} at (0,2) size 743x50
            RenderTableCell {TD} at (2,2) size 240x50 [border: (1px inset #808080)] [r=0 c=0 rs=1 cs=1]
              RenderTable {TABLE} at (2,2) size 236x46
                RenderTableSection {TBODY} at (0,0) size 236x46
                  RenderTableRow {TR} at (0,2) size 236x42
                    RenderTableCell {TD} at (2,2) size 232x42 [r=0 c=0 rs=1 cs=1]
                      RenderText {#text} at (1,1) size 230x39
                        text run at (1,1) width 230: "This is the first column. It has some"
                        text run at (1,21) width 58: "text in it."
            RenderTableCell {TD} at (243,2) size 498x50 [border: (1px inset #808080)] [r=0 c=1 rs=1 cs=1]
              RenderTable {TABLE} at (2,2) size 494x46
                RenderTableSection {TBODY} at (0,0) size 494x46
                  RenderTableRow {TR} at (0,2) size 494x42
                    RenderTableCell {TD} at (2,2) size 490x42 [r=0 c=0 rs=1 cs=1]
                      RenderText {#text} at (1,1) size 472x39
                        text run at (1,1) width 176: "This is the second column. "
                        text run at (176,1) width 297: "It has a lot more content than the first column."
                        text run at (1,21) width 140: "That shouldn't matter."
