layer at (0,0) size 800x600
  RenderView at (0,0) size 800x600
layer at (0,0) size 800x600
  RenderBlock {HTML} at (0,0) size 800x600
    RenderBody {BODY} at (8,8) size 784x584
      RenderTable {TABLE} at (0,0) size 156x46
        RenderTableSection {TBODY} at (0,0) size 156x46
          RenderTableRow {TR} at (0,2) size 156x42
            RenderTableCell {TD} at (2,2) size 50x42 [r=0 c=0 rs=1 cs=1]
              RenderText {#text} at (1,1) size 48x39
                text run at (1,1) width 32: "first-"
                text run at (1,21) width 48: "column"
            RenderTableCell {TD} at (54,12) size 100x22 [bgcolor=#BBBBBB] [r=0 c=1 rs=1 cs=1]
              RenderText {#text} at (1,1) size 98x19
                text run at (1,1) width 98: "second-column"
