layer at (0,0) size 800x808
  RenderView at (0,0) size 800x600
layer at (0,0) size 800x808
  RenderBlock {HTML} at (0,0) size 800x808
    RenderBody {BODY} at (8,8) size 784x784
      RenderTable {TABLE} at (0,0) size 784x88
        RenderTableSection {TBODY} at (0,0) size 784x88
          RenderTableRow {TR} at (0,2) size 784x84
            RenderTableCell {TD} at (2,32) size 703x24 [border: (1px solid #008000)] [r=0 c=0 rs=1 cs=1]
              RenderText {#text} at (2,2) size 8x19
                text run at (2,2) width 8: "1"
            RenderTableCell {TD} at (706,2) size 62x84 [border: (1px solid #008000)] [r=0 c=1 rs=1 cs=1]
              RenderText {#text} at (2,2) size 58x79
                text run at (2,2) width 55: "See, this"
                text run at (2,22) width 35: "is the"
                text run at (2,42) width 58: "problem."
                text run at (2,62) width 51: "It will..."
            RenderTableCell {TD} at (770,32) size 12x24 [border: (1px solid #008000)] [r=0 c=2 rs=1 cs=1]
              RenderText {#text} at (2,2) size 8x19
                text run at (2,2) width 8: "3"
      RenderBlock {P} at (0,104) size 784x0
      RenderTable {TABLE} at (0,104) size 784x216
        RenderTableSection {TBODY} at (0,0) size 784x216
          RenderTableRow {TR} at (0,2) size 784x212
            RenderTableCell {TD} at (2,2) size 780x212 [border: (1px solid #008000)] [r=0 c=0 rs=1 cs=1]
              RenderTable {TABLE} at (2,2) size 776x208
                RenderTableSection {TBODY} at (0,0) size 776x208
                  RenderTableRow {TR} at (0,2) size 776x204
                    RenderTableCell {TD} at (2,92) size 695x24 [border: (1px solid #008000)] [r=0 c=0 rs=1 cs=1]
                      RenderText {#text} at (2,2) size 8x19
                        text run at (2,2) width 8: "1"
                    RenderTableCell {TD} at (698,2) size 62x204 [border: (1px solid #008000)] [r=0 c=1 rs=1 cs=1]
                      RenderText {#text} at (2,2) size 58x199
                        text run at (2,2) width 55: "See, this"
                        text run at (2,22) width 35: "is the"
                        text run at (2,42) width 58: "problem."
                        text run at (2,62) width 40: "S See,"
                        text run at (2,82) width 38: "this is"
                        text run at (2,102) width 20: "the"
                        text run at (2,122) width 58: "problem."
                        text run at (2,142) width 55: "See, this"
                        text run at (2,162) width 35: "is the"
                        text run at (2,182) width 58: "problem."
                    RenderTableCell {TD} at (762,92) size 12x24 [border: (1px solid #008000)] [r=0 c=2 rs=1 cs=1]
                      RenderText {#text} at (2,2) size 8x19
                        text run at (2,2) width 8: "3"
      RenderBlock {P} at (0,336) size 784x0
      RenderTable {TABLE} at (0,336) size 527x216
        RenderTableSection {TBODY} at (0,0) size 527x216
          RenderTableRow {TR} at (0,2) size 527x212
            RenderTableCell {TD} at (2,2) size 523x212 [border: (1px solid #008000)] [r=0 c=0 rs=1 cs=1]
              RenderTable {TABLE} at (2,2) size 519x208
                RenderTableSection {TBODY} at (0,0) size 519x208
                  RenderTableRow {TR} at (0,2) size 519x204
                    RenderTableCell {TD} at (2,92) size 437x24 [border: (1px solid #008000)] [r=0 c=0 rs=1 cs=1]
                      RenderText {#text} at (2,2) size 8x19
                        text run at (2,2) width 8: "1"
                    RenderTableCell {TD} at (440,2) size 63x204 [border: (1px solid #008000)] [r=0 c=1 rs=1 cs=1]
                      RenderText {#text} at (2,2) size 58x199
                        text run at (2,2) width 55: "See, this"
                        text run at (2,22) width 35: "is the"
                        text run at (2,42) width 58: "problem."
                        text run at (2,62) width 40: "S See,"
                        text run at (2,82) width 38: "this is"
                        text run at (2,102) width 20: "the"
                        text run at (2,122) width 58: "problem."
                        text run at (2,142) width 55: "See, this"
                        text run at (2,162) width 35: "is the"
                        text run at (2,182) width 58: "problem."
                    RenderTableCell {TD} at (504,92) size 13x24 [border: (1px solid #008000)] [r=0 c=2 rs=1 cs=1]
                      RenderText {#text} at (2,2) size 8x19
                        text run at (2,2) width 8: "3"
      RenderBlock {P} at (0,568) size 784x0
      RenderTable {TABLE} at (0,568) size 527x216
        RenderTableSection {TBODY} at (0,0) size 527x216
          RenderTableRow {TR} at (0,2) size 527x212
            RenderTableCell {TD} at (2,2) size 523x212 [border: (1px solid #008000)] [r=0 c=0 rs=1 cs=1]
              RenderBlock {DIV} at (2,2) size 519x208
                RenderTable {TABLE} at (0,0) size 519x208
                  RenderTableSection {TBODY} at (0,0) size 519x208
                    RenderTableRow {TR} at (0,2) size 519x204
                      RenderTableCell {TD} at (2,92) size 437x24 [border: (1px solid #008000)] [r=0 c=0 rs=1 cs=1]
                        RenderText {#text} at (2,2) size 8x19
                          text run at (2,2) width 8: "1"
                      RenderTableCell {TD} at (440,2) size 63x204 [border: (1px solid #008000)] [r=0 c=1 rs=1 cs=1]
                        RenderText {#text} at (2,2) size 58x199
                          text run at (2,2) width 55: "See, this"
                          text run at (2,22) width 35: "is the"
                          text run at (2,42) width 58: "problem."
                          text run at (2,62) width 40: "S See,"
                          text run at (2,82) width 38: "this is"
                          text run at (2,102) width 20: "the"
                          text run at (2,122) width 58: "problem."
                          text run at (2,142) width 55: "See, this"
                          text run at (2,162) width 35: "is the"
                          text run at (2,182) width 58: "problem."
                      RenderTableCell {TD} at (504,92) size 13x24 [border: (1px solid #008000)] [r=0 c=2 rs=1 cs=1]
                        RenderText {#text} at (2,2) size 8x19
                          text run at (2,2) width 8: "3"
      RenderBlock {P} at (0,800) size 784x0
