layer at (0,0) size 800x600
  RenderView at (0,0) size 800x600
layer at (0,0) size 800x600
  RenderBlock {HTML} at (0,0) size 800x600
    RenderBody {BODY} at (8,8) size 784x584
      RenderTable {TABLE} at (714,0) size 70x32
        RenderTableSection {TBODY} at (0,0) size 70x32
          RenderTableRow {TR} at (0,2) size 70x28
            RenderTableCell {TD} at (2,2) size 66x28 [r=0 c=0 rs=1 cs=1]
              RenderBlock (floating) {DIV} at (1,1) size 64x26
                RenderTable {TABLE} at (0,0) size 64x26
                  RenderTableSection {TBODY} at (0,0) size 64x26
                    RenderTableRow {TR} at (0,2) size 64x22
                      RenderTableCell {TD} at (2,2) size 10x22 [r=0 c=0 rs=1 cs=1]
                        RenderText {#text} at (1,1) size 8x19
                          text run at (1,1) width 8: "a"
                      RenderTableCell {TD} at (13,2) size 38x22 [r=0 c=1 rs=1 cs=1]
                        RenderText {#text} at (1,1) size 36x19
                          text run at (1,1) width 36: "Hello"
                      RenderTableCell {TD} at (52,2) size 10x22 [r=0 c=2 rs=1 cs=1]
                        RenderText {#text} at (1,1) size 8x19
                          text run at (1,1) width 8: "c"
