layer at (0,0) size 800x810
  RenderView at (0,0) size 800x600
layer at (0,0) size 800x810
  RenderBlock {HTML} at (0,0) size 800x810
    RenderBody {BODY} at (8,8) size 784x794
      RenderTable {TABLE} at (0,0) size 372x794
        RenderTableSection {TBODY} at (0,0) size 372x794
          RenderTableRow {TR} at (0,0) size 28x794
            RenderTableCell {TD} at (0,0) size 28x794 [border: (1px solid #008000)] [r=0 c=0 rs=1 cs=3]
              RenderText {#text} at (4,4) size 19x239
                text run at (4,4) width 145: "   Join Now   Sign In   "
                text run at (4,148) width 95: "   Personalize: "
              RenderInline {A} at (0,0) size 19x53
                RenderText {#text} at (4,242) size 19x53
                  text run at (4,242) width 52: "Settings"
              RenderText {#text} at (4,294) size 19x14
                text run at (4,294) width 14: " \x{2022} "
              RenderInline {A} at (0,0) size 19x52
                RenderText {#text} at (4,307) size 19x52
                  text run at (4,307) width 51: "Content"
              RenderText {#text} at (4,358) size 19x15
                text run at (4,358) width 14: " \x{2022} "
              RenderInline {A} at (0,0) size 19x46
                RenderText {#text} at (4,372) size 19x46
                  text run at (4,372) width 46: "Layout"
              RenderText {#text} at (4,417) size 19x14
                text run at (4,417) width 14: " \x{2022} "
              RenderInline {A} at (0,0) size 19x114
                RenderText {#text} at (4,431) size 19x114
                  text run at (4,431) width 114: "Colors & Themes"
              RenderText {#text} at (4,544) size 19x15
                text run at (4,544) width 14: " \x{2022} "
              RenderInline {A} at (0,0) size 19x48
                RenderText {#text} at (4,558) size 19x48
                  text run at (4,558) width 47: "Sign In"
              RenderText {#text} at (4,605) size 19x185
                text run at (4,605) width 8: "  "
                text run at (4,613) width 92: "   My Links:   "
                text run at (4,704) width 86: "  Lite \x{2022} Email"
          RenderTableRow {TR} at (0,28) size 344x794
            RenderTableCell {TD} at (28,168) size 344x-113 [border: (1px solid #008000)] [r=1 c=0 rs=1 cs=1]
            RenderTableCell {TD} at (28,222) size 344x350 [border: (1px solid #008000)] [r=1 c=1 rs=1 cs=1]
              RenderTable {TABLE} at (4,4) size 336x342
                RenderTableSection {TBODY} at (0,0) size 336x342
                  RenderTableRow {TR} at (0,2) size 332x342
                    RenderTableCell {TD} at (2,2) size 332x338 [border: (1px solid #008000)] [r=0 c=0 rs=1 cs=1]
                      RenderTable {TABLE} at (2,2) size 328x334
                        RenderTableSection {TBODY} at (0,0) size 328x334
                          RenderTableRow {TR} at (0,2) size 324x334
                            RenderTableCell {TD} at (2,162) size 324x-193 [border: (1px solid #008000)] [r=0 c=0 rs=1 cs=1]
                            RenderTableCell {TD} at (2,130) size 324x73 [border: (1px solid #008000)] [r=0 c=1 rs=1 cs=1]
                              RenderText {#text} at (2,2) size 319x68
                                text run at (2,2) width 57: "This guy"
                                text run at (22,2) width 43: "should"
                                text run at (42,2) width 54: "have the"
                                text run at (62,2) width 61: "really big"
                                text run at (82,2) width 68: "maxwidth."
                                text run at (102,2) width 14: "It "
                                text run at (102,15) width 43: "should"
                                text run at (122,2) width 40: "be big"
                                text run at (142,2) width 64: "enough to"
                                text run at (162,2) width 37: "really"
                                text run at (182,2) width 37: "really"
                                text run at (202,2) width 38: "screw"
                                text run at (222,2) width 64: "things up."
                                text run at (242,2) width 44: "That is"
                                text run at (262,2) width 41: "what I"
                                text run at (282,2) width 62: "think will"
                                text run at (302,2) width 37: "work."
                            RenderTableCell {TD} at (2,364) size 324x-192 [border: (1px solid #008000)] [r=0 c=2 rs=1 cs=1]
            RenderTableCell {TD} at (28,730) size 344x-95 [border: (1px solid #008000)] [r=1 c=2 rs=1 cs=1]
              RenderImage {IMG} at (163,-155) size 18x212
              RenderText {#text} at (0,0) size 0x0
