layer at (0,0) size 800x600
  RenderView at (0,0) size 800x600
layer at (0,0) size 800x124
  RenderBlock {HTML} at (0,0) size 800x124
    RenderBody {BODY} at (8,8) size 784x108
      RenderBlock (anonymous) at (0,0) size 784x20
        RenderText {#text} at (0,0) size 411x19
          text run at (0,0) width 411: "This test should have two centered tables and two centered divs."
      RenderTable {TABLE} at (297,20) size 190x24 [border: (1px outset #808080)]
        RenderTableSection {TBODY} at (1,1) size 188x22
          RenderTableRow {TR} at (0,0) size 188x22
            RenderTableCell {TD} at (0,0) size 188x22 [border: (1px inset #808080)] [r=0 c=0 rs=1 cs=1]
              RenderText {#text} at (1,1) size 186x19
                text run at (1,1) width 186: "This table is aligned \"center\""
      RenderTable {TABLE} at (285,44) size 214x24 [border: (1px outset #808080)]
        RenderTableSection {TBODY} at (1,1) size 211x22
          RenderTableRow {TR} at (0,0) size 211x22
            RenderTableCell {TD} at (0,0) size 211x22 [border: (1px inset #808080)] [r=0 c=0 rs=1 cs=1]
              RenderText {#text} at (1,1) size 209x19
                text run at (1,1) width 209: "This table is aligned \"CENTER\""
      RenderBlock {DIV} at (0,68) size 784x20
        RenderText {#text} at (304,0) size 176x19
          text run at (304,0) width 176: "This div is aligned \"center\""
      RenderBlock {DIV} at (0,88) size 784x20
        RenderText {#text} at (293,0) size 198x19
          text run at (293,0) width 198: "This div is aligned \"CENTER\""
