layer at (0,0) size 800x600
  RenderView at (0,0) size 800x600
layer at (0,0) size 800x600
  RenderBlock {HTML} at (0,0) size 800x600
    RenderBody {BODY} at (8,8) size 784x584
      RenderBlock {P} at (0,0) size 784x20
        RenderText {#text} at (0,0) size 54x19
          text run at (0,0) width 54: "Test for "
        RenderInline {I} at (0,0) size 662x19
          RenderInline {A} at (0,0) size 305x19 [color=#0000EE]
            RenderText {#text} at (53,0) size 305x19
              text run at (53,0) width 305: "http://bugs.webkit.org/show_bug.cgi?id=13670"
          RenderText {#text} at (357,0) size 358x19
            text run at (357,0) width 5: " "
            text run at (361,0) width 354: "Table misrender when one of the TDs has width=100%"
        RenderText {#text} at (714,0) size 5x19
          text run at (714,0) width 5: "."
      RenderBlock {P} at (0,36) size 784x20
        RenderText {#text} at (0,0) size 568x19
          text run at (0,0) width 568: "There should be one green vertical line, 100px long and 2px thick, near the right margin."
      RenderTable {TABLE} at (0,72) size 784x50
        RenderTableSection {TBODY} at (0,0) size 784x50
          RenderTableRow {TR} at (0,0) size 784x50
            RenderTableCell {TD} at (0,25) size 782x0 [r=0 c=0 rs=1 cs=1]
            RenderTableCell {TD} at (782,0) size 2x50 [r=0 c=1 rs=1 cs=1]
              RenderBlock {DIV} at (0,0) size 2x50 [bgcolor=#008000]
      RenderBlock {DIV} at (0,122) size 784x50
        RenderBlock {DIV} at (782,0) size 2x50 [bgcolor=#008000]
