layer at (0,0) size 800x600
  RenderView at (0,0) size 800x600
layer at (0,0) size 800x600
  RenderBlock {HTML} at (0,0) size 800x600
    RenderBody {BODY} at (8,8) size 784x584
      RenderBlock {P} at (0,0) size 784x20
        RenderText {#text} at (0,0) size 307x19
          text run at (0,0) width 307: "Both rows should have the same width (725px)."
      RenderTable {TABLE} at (0,36) size 725x40
        RenderTableSection {TBODY} at (0,0) size 725x40
          RenderTableRow {TR} at (0,0) size 725x20
            RenderTableCell {TD} at (0,0) size 182x20 [bgcolor=#7CFC00] [r=0 c=0 rs=1 cs=1]
              RenderText {#text} at (0,0) size 24x19
                text run at (0,0) width 24: "cell"
            RenderTableCell {TD} at (181,0) size 182x20 [bgcolor=#00FFFF] [r=0 c=1 rs=1 cs=1]
              RenderText {#text} at (0,0) size 24x19
                text run at (0,0) width 24: "cell"
            RenderTableCell {TD} at (362,0) size 182x20 [bgcolor=#FFFF00] [r=0 c=2 rs=1 cs=1]
              RenderText {#text} at (0,0) size 24x19
                text run at (0,0) width 24: "cell"
            RenderTableCell {TD} at (543,0) size 182x20 [bgcolor=#FFA500] [r=0 c=3 rs=1 cs=1]
              RenderText {#text} at (0,0) size 24x19
                text run at (0,0) width 24: "cell"
          RenderTableRow {TR} at (0,20) size 725x20
            RenderTableCell {TD} at (0,20) size 182x20 [r=1 c=0 rs=1 cs=1]
              RenderText {#text} at (0,0) size 4x19
                text run at (0,0) width 4: " "
            RenderTableCell {TD} at (181,20) size 182x20 [r=1 c=1 rs=1 cs=1]
              RenderText {#text} at (0,0) size 4x19
                text run at (0,0) width 4: " "
            RenderTableCell {TD} at (362,20) size 182x20 [r=1 c=2 rs=1 cs=1]
              RenderText {#text} at (0,0) size 4x19
                text run at (0,0) width 4: " "
            RenderTableCell {TD} at (543,20) size 182x20 [r=1 c=3 rs=1 cs=1]
              RenderText {#text} at (0,0) size 4x19
                text run at (0,0) width 4: " "
      RenderTable {TABLE} at (0,76) size 725x20
        RenderTableSection {TBODY} at (0,0) size 725x20
          RenderTableRow {TR} at (0,0) size 725x20
            RenderTableCell {TD} at (0,0) size 182x20 [bgcolor=#7CFC00] [r=0 c=0 rs=1 cs=1]
              RenderText {#text} at (0,0) size 8x19
                text run at (0,0) width 8: "1"
            RenderTableCell {TD} at (181,0) size 182x20 [bgcolor=#00FFFF] [r=0 c=1 rs=1 cs=1]
              RenderText {#text} at (0,0) size 8x19
                text run at (0,0) width 8: "2"
            RenderTableCell {TD} at (362,0) size 182x20 [bgcolor=#FFFF00] [r=0 c=2 rs=1 cs=1]
              RenderText {#text} at (0,0) size 8x19
                text run at (0,0) width 8: "3"
            RenderTableCell {TD} at (543,0) size 182x20 [bgcolor=#FFA500] [r=0 c=3 rs=1 cs=1]
              RenderText {#text} at (0,0) size 8x19
                text run at (0,0) width 8: "4"
