layer at (0,0) size 800x600
  RenderView at (0,0) size 800x600
layer at (0,0) size 800x202
  RenderBlock {HTML} at (0,0) size 800x202
    RenderBody {BODY} at (8,16) size 784x170
      RenderTable {TABLE} at (16,0) size 64x86 [border: (3px solid #FF0000)]
        RenderTableSection {TBODY} at (3,3) size 58x80
          RenderTableRow {TR} at (0,2) size 54x80
            RenderTableCell {TD} at (2,2) size 54x76 [r=0 c=0 rs=1 cs=1]
              RenderTable {TABLE} at (1,1) size 26x72 [color=#FFFFFF] [bgcolor=#800080]
                RenderTableSection {TBODY} at (0,0) size 26x72
                  RenderTableRow {TR} at (0,2) size 22x72
                    RenderTableCell {TD} at (2,2) size 22x68 [r=0 c=0 rs=1 cs=1]
                      RenderText {#text} at (1,1) size 19x66
                        text run at (1,1) width 66: "Table One"
              RenderTable {TABLE} at (27,1) size 26x74 [color=#FFFFFF] [bgcolor=#800080]
                RenderTableSection {TBODY} at (0,0) size 26x74
                  RenderTableRow {TR} at (0,2) size 22x74
                    RenderTableCell {TD} at (2,2) size 22x70 [r=0 c=0 rs=1 cs=1]
                      RenderText {#text} at (1,1) size 19x68
                        text run at (1,1) width 68: "Table Two"
      RenderTable {TABLE} at (16,101) size 52x69 [border: (3px solid #FF0000)]
        RenderTableSection {TBODY} at (3,3) size 46x63
          RenderTableRow {TR} at (0,2) size 42x63
            RenderTableCell {TD} at (2,2) size 42x59 [r=0 c=0 rs=1 cs=1]
              RenderBlock {DIV} at (1,1) size 20x57 [color=#FFFFFF] [bgcolor=#800080]
                RenderText {#text} at (0,0) size 19x55
                  text run at (0,0) width 55: "Div One"
              RenderBlock {DIV} at (21,1) size 20x57 [color=#FFFFFF] [bgcolor=#800080]
                RenderText {#text} at (0,0) size 19x57
                  text run at (0,0) width 57: "Div Two"
