layer at (0,0) size 800x600
  RenderView at (0,0) size 800x600
layer at (0,0) size 800x164
  RenderBlock {HTML} at (0,0) size 800x164
    RenderBody {BODY} at (8,16) size 784x132
      RenderTable {TABLE} at (16,0) size 86x64 [border: (3px solid #FF0000)]
        RenderTableSection {TBODY} at (3,3) size 80x58
          RenderTableRow {TR} at (0,2) size 80x54
            RenderTableCell {TD} at (2,2) size 76x54 [r=0 c=0 rs=1 cs=1]
              RenderTable {TABLE} at (1,1) size 72x26 [color=#FFFFFF] [bgcolor=#800080]
                RenderTableSection {TBODY} at (0,0) size 72x26
                  RenderTableRow {TR} at (0,2) size 72x22
                    RenderTableCell {TD} at (2,2) size 68x22 [r=0 c=0 rs=1 cs=1]
                      RenderText {#text} at (1,1) size 66x19
                        text run at (1,1) width 66: "Table One"
              RenderTable {TABLE} at (1,27) size 74x26 [color=#FFFFFF] [bgcolor=#800080]
                RenderTableSection {TBODY} at (0,0) size 74x26
                  RenderTableRow {TR} at (0,2) size 74x22
                    RenderTableCell {TD} at (2,2) size 70x22 [r=0 c=0 rs=1 cs=1]
                      RenderText {#text} at (1,1) size 68x19
                        text run at (1,1) width 68: "Table Two"
      RenderTable {TABLE} at (16,80) size 69x52 [border: (3px solid #FF0000)]
        RenderTableSection {TBODY} at (3,3) size 63x46
          RenderTableRow {TR} at (0,2) size 63x42
            RenderTableCell {TD} at (2,2) size 59x42 [r=0 c=0 rs=1 cs=1]
              RenderBlock {DIV} at (1,1) size 57x20 [color=#FFFFFF] [bgcolor=#800080]
                RenderText {#text} at (0,0) size 55x19
                  text run at (0,0) width 55: "Div One"
              RenderBlock {DIV} at (1,21) size 57x20 [color=#FFFFFF] [bgcolor=#800080]
                RenderText {#text} at (0,0) size 57x19
                  text run at (0,0) width 57: "Div Two"
