layer at (0,0) size 800x600
  RenderView at (0,0) size 800x600
layer at (0,0) size 800x600
  RenderBlock {HTML} at (0,0) size 800x600
    RenderBody {BODY} at (8,8) size 784x584
      RenderTable {TABLE} at (0,0) size 154x26
        RenderTableSection {TBODY} at (0,0) size 154x26
          RenderTableRow {TR} at (0,2) size 154x22
            RenderTableCell {TH} at (2,2) size 65x22 [r=0 c=0 rs=1 cs=1]
              RenderText {#text} at (1,1) size 63x19
                text run at (1,1) width 63: "Header 1"
            RenderTableCell {TD} at (68,2) size 42x22 [r=0 c=1 rs=1 cs=1]
              RenderText {#text} at (1,1) size 39x19
                text run at (1,1) width 39: "Cell 1"
            RenderTableCell {TD} at (111,2) size 41x22 [r=0 c=2 rs=1 cs=1]
              RenderText {#text} at (1,1) size 39x19
                text run at (1,1) width 39: "Cell 2"
      RenderBlock (anonymous) at (0,26) size 784x60
        RenderText {#text} at (0,0) size 93x19
          text run at (0,0) width 93: "h1 has index 0"
        RenderBR {BR} at (92,0) size 1x19
        RenderText {#text} at (0,20) size 92x19
          text run at (0,20) width 92: "c1 has index 1"
        RenderBR {BR} at (91,20) size 1x19
        RenderText {#text} at (0,40) size 92x19
          text run at (0,40) width 92: "c2 has index 2"
        RenderBR {BR} at (91,40) size 1x19
