layer at (0,0) size 800x600
  RenderView at (0,0) size 800x600
layer at (0,0) size 800x600
  RenderBlock {HTML} at (0,0) size 800x600
    RenderBody {BODY} at (8,8) size 784x584
      RenderBlock {P} at (0,0) size 784x40
        RenderText {#text} at (0,0) size 213x19
          text run at (0,0) width 213: "This tests for regressions against "
        RenderInline {I} at (0,0) size 747x39
          RenderInline {A} at (0,0) size 354x19 [color=#0000EE]
            RenderText {#text} at (212,0) size 354x19
              text run at (212,0) width 354: "http://bugzilla.opendarwin.org/show_bug.cgi?id=8081"
          RenderText {#text} at (565,0) size 747x39
            text run at (565,0) width 5: " "
            text run at (569,0) width 178: "REGRESSION: Drop-down"
            text run at (0,20) width 130: "menu has gap at top"
        RenderText {#text} at (129,20) size 5x19
          text run at (129,20) width 5: "."
      RenderBlock {P} at (0,56) size 784x20
        RenderText {#text} at (0,0) size 541x19
          text run at (0,0) width 541: "You should see two identical green squares, 100x100 pixels each, next to each other."
      RenderTable {TABLE} at (0,92) size 106x156
        RenderTableSection {TBODY} at (0,0) size 106x156
          RenderTableRow {TR} at (0,2) size 106x50
            RenderTableCell {TD} at (2,26) size 102x2 [r=0 c=0 rs=1 cs=2]
          RenderTableRow {TR} at (0,54) size 106x100
            RenderTableCell {TD} at (2,54) size 100x2 [bgcolor=#008000] [r=1 c=0 rs=1 cs=1]
            RenderTableCell (anonymous) at (104,54) size 0x0 [r=1 c=1 rs=1 cs=1]
layer at (11,155) size 98x98
  RenderBlock (positioned) {DIV} at (11,155) size 98x98
layer at (112,154) size 102x102
  RenderBlock (positioned) {TD} at (112,154) size 102x102 [bgcolor=#008000]
