layer at (0,0) size 800x600
  RenderView at (0,0) size 800x600
layer at (0,0) size 800x600
  RenderBlock {HTML} at (0,0) size 800x600
    RenderBody {BODY} at (8,8) size 784x584
      RenderTable {TABLE} at (0,0) size 240x226 [border: (0.50px solid #808080)]
        RenderTableCol {COLGROUP} at (0,0) size 0x0 [border: none (1px solid #000000) none (1px solid #000000)]
        RenderTableCol {COLGROUP} at (0,0) size 0x0 [border: none (1px solid #000000) none (1px solid #000000)]
        RenderTableSection {TBODY} at (0,0) size 239x226 [border: (1px solid #808080) none (1px solid #808080) none]
          RenderTableRow {TR} at (0,0) size 239x29
            RenderTableCell {TH} at (0,0) size 83x29 [border: (0.50px none #000000)] [r=0 c=0 rs=1 cs=1]
              RenderText {#text} at (9,4) size 64x20
                text run at (9,4) width 64: "Weekday"
            RenderTableCell {TH} at (82,0) size 46x29 [border: (0.50px none #000000)] [r=0 c=1 rs=1 cs=1]
              RenderText {#text} at (6,4) size 33x20
                text run at (6,4) width 33: "Date"
            RenderTableCell {TH} at (127,0) size 71x29 [border: (0.50px none #000000)] [r=0 c=2 rs=1 cs=1]
              RenderText {#text} at (4,4) size 63x20
                text run at (4,4) width 63: "Manager"
            RenderTableCell {TH} at (197,0) size 42x29 [border: (0.50px none #000000)] [r=0 c=3 rs=1 cs=1]
              RenderText {#text} at (7,4) size 26x20
                text run at (7,4) width 26: "Qty"
          RenderTableRow {TR} at (0,28) size 239x29
            RenderTableCell {TD} at (0,28) size 83x29 [border: none] [r=1 c=0 rs=1 cs=1]
              RenderText {#text} at (4,4) size 54x19
                text run at (4,4) width 54: "Monday"
            RenderTableCell {TD} at (82,28) size 46x29 [border: none] [r=1 c=1 rs=1 cs=1]
              RenderText {#text} at (4,4) size 37x19
                text run at (4,4) width 37: "09/11"
            RenderTableCell {TD} at (127,28) size 71x29 [r=1 c=2 rs=1 cs=1]
              RenderText {#text} at (4,4) size 45x19
                text run at (4,4) width 45: "Kelsey"
            RenderTableCell {TD} at (197,28) size 42x29 [border: none] [r=1 c=3 rs=1 cs=1]
              RenderText {#text} at (4,4) size 24x19
                text run at (4,4) width 24: "639"
          RenderTableRow {TR} at (0,56) size 239x29
            RenderTableCell {TD} at (0,56) size 83x29 [border: none] [r=2 c=0 rs=1 cs=1]
              RenderText {#text} at (4,4) size 55x19
                text run at (4,4) width 55: "Tuesday"
            RenderTableCell {TD} at (82,56) size 46x29 [border: none] [r=2 c=1 rs=1 cs=1]
              RenderText {#text} at (4,4) size 37x19
                text run at (4,4) width 37: "09/12"
            RenderTableCell {TD} at (127,56) size 71x29 [r=2 c=2 rs=1 cs=1]
              RenderText {#text} at (4,4) size 52x19
                text run at (4,4) width 52: "Lindsey"
            RenderTableCell {TD} at (197,56) size 42x29 [border: none] [r=2 c=3 rs=1 cs=1]
              RenderText {#text} at (4,4) size 24x19
                text run at (4,4) width 24: "596"
          RenderTableRow {TR} at (0,84) size 239x29
            RenderTableCell {TD} at (0,84) size 83x29 [border: none] [r=3 c=0 rs=1 cs=1]
              RenderText {#text} at (4,4) size 74x19
                text run at (4,4) width 74: "Wednesday"
            RenderTableCell {TD} at (82,84) size 46x29 [border: none] [r=3 c=1 rs=1 cs=1]
              RenderText {#text} at (4,4) size 37x19
                text run at (4,4) width 37: "09/13"
            RenderTableCell {TD} at (127,84) size 71x29 [r=3 c=2 rs=1 cs=1]
              RenderText {#text} at (4,4) size 42x19
                text run at (4,4) width 42: "Randy"
            RenderTableCell {TD} at (197,84) size 42x29 [border: none] [r=3 c=3 rs=1 cs=1]
              RenderText {#text} at (4,4) size 32x19
                text run at (4,4) width 32: "1135"
          RenderTableRow {TR} at (0,112) size 239x29
            RenderTableCell {TD} at (0,112) size 83x29 [border: none] [r=4 c=0 rs=1 cs=1]
              RenderText {#text} at (4,4) size 61x19
                text run at (4,4) width 61: "Thursday"
            RenderTableCell {TD} at (82,112) size 46x29 [border: none] [r=4 c=1 rs=1 cs=1]
              RenderText {#text} at (4,4) size 37x19
                text run at (4,4) width 37: "09/14"
            RenderTableCell {TD} at (127,112) size 71x29 [r=4 c=2 rs=1 cs=1]
              RenderText {#text} at (4,4) size 39x19
                text run at (4,4) width 39: "Susan"
            RenderTableCell {TD} at (197,112) size 42x29 [border: none] [r=4 c=3 rs=1 cs=1]
              RenderText {#text} at (4,4) size 32x19
                text run at (4,4) width 32: "1002"
          RenderTableRow {TR} at (0,140) size 239x29
            RenderTableCell {TD} at (0,140) size 83x29 [border: none] [r=5 c=0 rs=1 cs=1]
              RenderText {#text} at (4,4) size 43x19
                text run at (4,4) width 43: "Friday"
            RenderTableCell {TD} at (82,140) size 46x29 [border: none] [r=5 c=1 rs=1 cs=1]
              RenderText {#text} at (4,4) size 37x19
                text run at (4,4) width 37: "09/15"
            RenderTableCell {TD} at (127,140) size 71x29 [r=5 c=2 rs=1 cs=1]
              RenderText {#text} at (4,4) size 42x19
                text run at (4,4) width 42: "Randy"
            RenderTableCell {TD} at (197,140) size 42x29 [border: none] [r=5 c=3 rs=1 cs=1]
              RenderText {#text} at (4,4) size 24x19
                text run at (4,4) width 24: "908"
          RenderTableRow {TR} at (0,168) size 239x29
            RenderTableCell {TD} at (0,168) size 83x29 [border: none] [r=6 c=0 rs=1 cs=1]
              RenderText {#text} at (4,4) size 58x19
                text run at (4,4) width 58: "Saturday"
            RenderTableCell {TD} at (82,168) size 46x29 [border: none] [r=6 c=1 rs=1 cs=1]
              RenderText {#text} at (4,4) size 37x19
                text run at (4,4) width 37: "09/16"
            RenderTableCell {TD} at (127,168) size 71x29 [r=6 c=2 rs=1 cs=1]
              RenderText {#text} at (4,4) size 52x19
                text run at (4,4) width 52: "Lindsey"
            RenderTableCell {TD} at (197,168) size 42x29 [border: none] [r=6 c=3 rs=1 cs=1]
              RenderText {#text} at (4,4) size 24x19
                text run at (4,4) width 24: "371"
          RenderTableRow {TR} at (0,196) size 239x29
            RenderTableCell {TD} at (0,196) size 83x29 [border: none] [r=7 c=0 rs=1 cs=1]
              RenderText {#text} at (4,4) size 49x19
                text run at (4,4) width 49: "Sunday"
            RenderTableCell {TD} at (82,196) size 46x29 [border: none] [r=7 c=1 rs=1 cs=1]
              RenderText {#text} at (4,4) size 37x19
                text run at (4,4) width 37: "09/17"
            RenderTableCell {TD} at (127,196) size 71x29 [border: none] [r=7 c=2 rs=1 cs=1]
              RenderText {#text} at (4,4) size 39x19
                text run at (4,4) width 39: "Susan"
            RenderTableCell {TD} at (197,196) size 42x29 [border: none] [r=7 c=3 rs=1 cs=1]
              RenderText {#text} at (4,4) size 24x19
                text run at (4,4) width 24: "272"
