layer at (0,0) size 800x600
  RenderView at (0,0) size 800x600
layer at (0,0) size 800x96
  RenderBlock {html} at (0,0) size 800x96
    RenderBody {body} at (8,8) size 784x80
      RenderTable {table} at (0,0) size 48x80
        RenderBlock {caption} at (0,0) size 48x80
          RenderText {#text} at (2,0) size 48x79
            text run at (2,0) width 43: "PASS:"
            text run at (1,20) width 45: "Text in"
            text run at (0,40) width 48: "caption"
            text run at (19,60) width 9: "1"
