layer at (0,0) size 800x776
  RenderView at (0,0) size 800x600
layer at (0,0) size 800x776
  RenderBlock {HTML} at (0,0) size 800x776
    RenderBody {BODY} at (0,0) size 800x776
      RenderTable {TABLE} at (0,0) size 800x29 [border: (2px solid #000000)]
        RenderTableSection {TBODY} at (2,2) size 796x25
          RenderTableRow {TR} at (0,0) size 796x25
            RenderTableCell {TD} at (0,12) size 0x0 [r=0 c=0 rs=1 cs=1]
            RenderTableCell {TD} at (0,2) size 796x21 [bgcolor=#FF0000] [r=0 c=1 rs=1 cs=1]
              RenderText {#text} at (0,-1) size 224x21
                text run at (0,0) width 224: "First cell empty, second auto width"
      RenderTable {TABLE} at (0,29) size 800x29 [border: (2px solid #000000)]
        RenderTableSection {TBODY} at (2,2) size 796x25
          RenderTableRow {TR} at (0,0) size 796x25
            RenderTableCell {TD} at (0,12) size 0x0 [r=0 c=0 rs=1 cs=1]
            RenderTableCell {TD} at (0,2) size 796x21 [bgcolor=#FF0000] [r=0 c=1 rs=1 cs=1]
              RenderText {#text} at (0,-1) size 244x21
                text run at (0,0) width 244: "First cell empty, second percent width"
      RenderTable {TABLE} at (0,58) size 800x29 [border: (2px solid #000000)]
        RenderTableSection {TBODY} at (2,2) size 796x25
          RenderTableRow {TR} at (0,0) size 796x25
            RenderTableCell {TD} at (0,12) size 0x0 [r=0 c=0 rs=1 cs=1]
            RenderTableCell {TD} at (0,2) size 796x21 [bgcolor=#FF0000] [r=0 c=1 rs=1 cs=1]
              RenderText {#text} at (0,-1) size 230x21
                text run at (0,0) width 230: "First cell empty, second fixed width"
      RenderTable {TABLE} at (0,87) size 800x29 [border: (2px solid #000000)]
        RenderTableSection {TBODY} at (2,2) size 796x25
          RenderTableRow {TR} at (0,0) size 796x25
            RenderTableCell {TD} at (0,2) size 398x21 [r=0 c=0 rs=1 cs=1]
              RenderText {#text} at (0,-1) size 4x21
                text run at (0,0) width 4: " "
            RenderTableCell {TD} at (398,2) size 398x21 [bgcolor=#FF0000] [r=0 c=1 rs=1 cs=1]
              RenderText {#text} at (0,-1) size 341x21
                text run at (0,0) width 341: "First cell empty (with space) and has white-space:pre"
      RenderTable {TABLE} at (0,116) size 800x29 [border: (2px solid #000000)]
        RenderTableSection {TBODY} at (2,2) size 796x25
          RenderTableRow {TR} at (0,0) size 796x25
            RenderTableCell {TD} at (0,12) size 0x0 [r=0 c=0 rs=1 cs=1]
            RenderTableCell {TD} at (0,2) size 796x21 [bgcolor=#FF0000] [r=0 c=1 rs=1 cs=1]
              RenderText {#text} at (0,-1) size 329x21
                text run at (0,0) width 329: "First cell empty (no space) and has white-space:pre"
      RenderTable {TABLE} at (0,145) size 800x29 [border: (2px solid #000000)]
        RenderTableSection {TBODY} at (2,2) size 796x25
          RenderTableRow {TR} at (0,0) size 796x25
            RenderTableCell {TD} at (0,10) size 398x5 [border: (2px solid #008000)] [r=0 c=0 rs=1 cs=1]
            RenderTableCell {TD} at (398,2) size 398x21 [bgcolor=#FF0000] [r=0 c=1 rs=1 cs=1]
              RenderText {#text} at (0,-1) size 196x21
                text run at (0,0) width 196: "First cell empty but has border"
      RenderTable {TABLE} at (0,174) size 800x29 [border: (2px solid #000000)]
        RenderTableSection {TBODY} at (2,2) size 796x25
          RenderTableRow {TR} at (0,0) size 796x25
            RenderTableCell {TD} at (0,10) size 398x5 [r=0 c=0 rs=1 cs=1]
            RenderTableCell {TD} at (398,2) size 398x21 [bgcolor=#FF0000] [r=0 c=1 rs=1 cs=1]
              RenderText {#text} at (0,-1) size 206x21
                text run at (0,0) width 206: "First cell empty but has padding"
      RenderTable {TABLE} at (0,203) size 800x29 [border: (2px solid #000000)]
        RenderTableSection {TBODY} at (2,2) size 796x25
          RenderTableRow {TR} at (0,0) size 796x25
            RenderTableCell {TD} at (0,11) size 398x3 [r=0 c=0 rs=1 cs=1]
            RenderTableCell {TD} at (398,1) size 398x23 [bgcolor=#FF0000] [r=0 c=1 rs=1 cs=1]
              RenderText {#text} at (1,0) size 243x21
                text run at (1,1) width 243: "First cell empty, table has cellpadding"
      RenderTable {TABLE} at (0,232) size 800x31 [border: (2px solid #000000)]
        RenderTableSection {TBODY} at (2,2) size 796x27
          RenderTableRow {TR} at (0,1) size 796x25
            RenderTableCell {TD} at (1,13) size 0x0 [r=0 c=0 rs=1 cs=1]
            RenderTableCell {TD} at (2,3) size 793x21 [bgcolor=#FF0000] [r=0 c=1 rs=1 cs=1]
              RenderText {#text} at (0,-1) size 240x21
                text run at (0,0) width 240: "First cell empty, table has cellspacing"
      RenderTable {TABLE} at (0,263) size 800x29 [border: (2px solid #000000)]
        RenderTableSection {TBODY} at (2,2) size 796x25
          RenderTableRow {TR} at (0,0) size 796x25
            RenderTableCell {TD} at (0,12) size 0x0 [r=0 c=0 rs=1 cs=1]
            RenderTableCell {TD} at (0,2) size 796x21 [bgcolor=#FF0000] [r=0 c=1 rs=1 cs=1]
              RenderText {#text} at (0,-1) size 200x21
                text run at (0,0) width 200: "First cell empty but has margin"
      RenderTable {TABLE} at (0,292) size 800x29 [border: (2px solid #000000)]
        RenderTableSection {TBODY} at (2,2) size 796x25
          RenderTableRow {TR} at (0,0) size 796x25
            RenderTableCell {TD} at (0,12) size 398x0 [bgcolor=#FFFF00] [r=0 c=0 rs=1 cs=1]
            RenderTableCell {TD} at (398,2) size 398x21 [bgcolor=#FF0000] [r=0 c=1 rs=1 cs=1]
              RenderText {#text} at (0,-1) size 267x21
                text run at (0,0) width 267: "First cell empty but has background color"
      RenderTable {TABLE} at (0,321) size 800x54 [border: (2px solid #000000)]
        RenderTableSection {TBODY} at (2,2) size 796x50
          RenderTableRow {TR} at (0,0) size 796x25
            RenderTableCell {TD} at (0,12) size 398x0 [r=0 c=0 rs=1 cs=1]
            RenderTableCell {TD} at (398,2) size 398x21 [bgcolor=#FF0000] [r=0 c=1 rs=1 cs=1]
              RenderText {#text} at (0,-1) size 163x21
                text run at (0,0) width 163: "First row, first cell empty"
          RenderTableRow {TR} at (0,25) size 796x25
            RenderTableCell {TD} at (0,27) size 398x21 [r=1 c=0 rs=1 cs=1]
              RenderText {#text} at (0,-1) size 24x21
                text run at (0,0) width 24: "text"
            RenderTableCell {TD} at (398,27) size 398x21 [bgcolor=#FF0000] [r=1 c=1 rs=1 cs=1]
              RenderText {#text} at (0,-1) size 205x21
                text run at (0,0) width 205: "Second row, first cell not empty"
      RenderTable {TABLE} at (0,375) size 800x54 [border: (2px solid #000000)]
        RenderTableSection {TBODY} at (2,2) size 796x50
          RenderTableRow {TR} at (0,0) size 796x25
            RenderTableCell {TD} at (0,12) size 0x0 [r=0 c=0 rs=1 cs=1]
            RenderTableCell {TD} at (0,2) size 796x21 [bgcolor=#FF0000] [r=0 c=1 rs=1 cs=1]
              RenderText {#text} at (0,-1) size 163x21
                text run at (0,0) width 163: "First row, first cell empty"
          RenderTableRow {TR} at (0,25) size 796x25
            RenderTableCell {TD} at (0,37) size 0x0 [r=1 c=0 rs=1 cs=1]
            RenderTableCell {TD} at (0,27) size 796x21 [bgcolor=#FF0000] [r=1 c=1 rs=1 cs=1]
              RenderText {#text} at (0,-1) size 180x21
                text run at (0,0) width 180: "Second row, first cell empty"
      RenderTable {TABLE} at (0,429) size 800x29 [border: (2px solid #000000)]
        RenderTableSection {TBODY} at (2,2) size 796x25
          RenderTableRow {TR} at (0,0) size 796x25
            RenderTableCell {TD} at (0,12) size 398x0 [r=0 c=0 rs=1 cs=2]
            RenderTableCell {TD} at (398,2) size 398x21 [bgcolor=#FF0000] [r=0 c=2 rs=1 cs=1]
              RenderText {#text} at (0,-1) size 182x21
                text run at (0,0) width 182: "First cell empty, has colspan"
      RenderTable {TABLE} at (0,458) size 800x54 [border: (2px solid #000000)]
        RenderTableSection {TBODY} at (2,2) size 796x50
          RenderTableRow {TR} at (0,0) size 796x25
            RenderTableCell {TD} at (0,12) size 0x0 [r=0 c=0 rs=1 cs=1]
            RenderTableCell {TD} at (0,2) size 398x21 [bgcolor=#FF0000] [r=0 c=1 rs=1 cs=1]
              RenderText {#text} at (0,-1) size 24x21
                text run at (0,0) width 24: "text"
            RenderTableCell {TD} at (398,2) size 398x21 [bgcolor=#FF0000] [r=0 c=2 rs=1 cs=1]
              RenderText {#text} at (0,-1) size 314x21
                text run at (0,0) width 314: "First row, first cell empty, second cell non-empty"
          RenderTableRow {TR} at (0,25) size 796x25
            RenderTableCell {TD} at (0,37) size 398x0 [r=1 c=0 rs=1 cs=2]
            RenderTableCell {TD} at (398,27) size 398x21 [bgcolor=#FF0000] [r=1 c=2 rs=1 cs=1]
              RenderText {#text} at (0,-1) size 283x21
                text run at (0,0) width 283: "Second row, first cell empty with colspan=2"
      RenderTable {TABLE} at (0,512) size 800x54 [border: (2px solid #000000)]
        RenderTableSection {TBODY} at (2,2) size 796x50
          RenderTableRow {TR} at (0,0) size 796x25
            RenderTableCell {TD} at (0,2) size 398x21 [bgcolor=#FF0000] [r=0 c=0 rs=1 cs=1]
              RenderText {#text} at (0,-1) size 24x21
                text run at (0,0) width 24: "text"
            RenderTableCell {TD} at (398,12) size 0x0 [r=0 c=1 rs=1 cs=1]
            RenderTableCell {TD} at (398,2) size 398x21 [bgcolor=#FF0000] [r=0 c=2 rs=1 cs=1]
              RenderText {#text} at (0,-1) size 314x21
                text run at (0,0) width 314: "First row, first cell non-empty, second cell empty"
          RenderTableRow {TR} at (0,25) size 796x25
            RenderTableCell {TD} at (0,37) size 398x0 [r=1 c=0 rs=1 cs=2]
            RenderTableCell {TD} at (398,27) size 398x21 [bgcolor=#FF0000] [r=1 c=2 rs=1 cs=1]
              RenderText {#text} at (0,-1) size 283x21
                text run at (0,0) width 283: "Second row, first cell empty with colspan=2"
      RenderTable {TABLE} at (0,566) size 800x54 [border: (2px solid #000000)]
        RenderTableSection {TBODY} at (2,2) size 796x50
          RenderTableRow {TR} at (0,0) size 796x25
            RenderTableCell {TD} at (0,12) size 199x0 [r=0 c=0 rs=1 cs=1]
            RenderTableCell {TD} at (199,12) size 199x0 [r=0 c=1 rs=1 cs=1]
            RenderTableCell {TD} at (398,2) size 398x21 [bgcolor=#FF0000] [r=0 c=2 rs=1 cs=1]
              RenderText {#text} at (0,-1) size 238x21
                text run at (0,0) width 238: "First row, first and second cell empty"
          RenderTableRow {TR} at (0,25) size 796x25
            RenderTableCell {TD} at (0,37) size 398x0 [r=1 c=0 rs=1 cs=2]
            RenderTableCell {TD} at (398,27) size 398x21 [bgcolor=#FF0000] [r=1 c=2 rs=1 cs=1]
              RenderText {#text} at (0,-1) size 278x21
                text run at (0,0) width 278: "Second row, first cell empty, has colspan=2"
      RenderTable {TABLE} at (0,620) size 800x54 [border: (2px solid #000000)]
        RenderTableSection {TBODY} at (2,2) size 796x50
          RenderTableRow {TR} at (0,0) size 796x25
            RenderTableCell {TD} at (0,12) size 398x0 [r=0 c=0 rs=1 cs=1]
            RenderTableCell {TD} at (398,12) size 0x0 [r=0 c=1 rs=1 cs=1]
            RenderTableCell {TD} at (398,2) size 398x21 [bgcolor=#FF0000] [r=0 c=2 rs=1 cs=1]
              RenderText {#text} at (0,-1) size 238x21
                text run at (0,0) width 238: "First row, first and second cell empty"
          RenderTableRow {TR} at (0,25) size 796x25
            RenderTableCell {TD} at (0,37) size 398x0 [r=1 c=0 rs=1 cs=2]
            RenderTableCell {TD} at (398,27) size 398x21 [bgcolor=#FF0000] [r=1 c=2 rs=1 cs=1]
              RenderText {#text} at (0,-1) size 397x21
                text run at (0,0) width 397: "Second row, first cell empty, has colspan=2 and percent width"
      RenderTable {TABLE} at (0,674) size 800x54 [border: (2px solid #000000)]
        RenderTableSection {TBODY} at (2,2) size 796x50
          RenderTableRow {TR} at (0,0) size 796x25
            RenderTableCell {TD} at (0,12) size 398x0 [r=0 c=0 rs=1 cs=1]
            RenderTableCell {TD} at (398,12) size 0x0 [r=0 c=1 rs=1 cs=1]
            RenderTableCell {TD} at (398,2) size 398x21 [bgcolor=#FF0000] [r=0 c=2 rs=1 cs=1]
              RenderText {#text} at (0,-1) size 238x21
                text run at (0,0) width 238: "First row, first and second cell empty"
          RenderTableRow {TR} at (0,25) size 796x25
            RenderTableCell {TD} at (0,37) size 398x0 [r=1 c=0 rs=1 cs=2]
            RenderTableCell {TD} at (398,27) size 398x21 [bgcolor=#FF0000] [r=1 c=2 rs=1 cs=1]
              RenderText {#text} at (0,-1) size 383x21
                text run at (0,0) width 383: "Second row, first cell empty, has colspan=2 and fixed width"
      RenderBlock (anonymous) at (0,728) size 800x20
        RenderText {#text} at (0,0) size 103x19
          text run at (0,0) width 103: "One empty cell:"
      RenderTable {TABLE} at (0,748) size 800x4 [border: (2px solid #000000)]
        RenderTableSection {TBODY} at (2,2) size 796x0
          RenderTableRow {TR} at (0,0) size 796x0
            RenderTableCell {TD} at (0,0) size 0x0 [r=0 c=0 rs=1 cs=1]
      RenderBlock (anonymous) at (0,752) size 800x20
        RenderText {#text} at (0,0) size 110x19
          text run at (0,0) width 110: "Two empty cells:"
      RenderTable {TABLE} at (0,772) size 800x4 [border: (2px solid #000000)]
        RenderTableSection {TBODY} at (2,2) size 796x0
          RenderTableRow {TR} at (0,0) size 796x0
            RenderTableCell {TD} at (0,0) size 0x0 [r=0 c=0 rs=1 cs=1]
            RenderTableCell {TD} at (0,0) size 0x0 [r=0 c=1 rs=1 cs=1]
