layer at (0,0) size 800x600
  RenderView at (0,0) size 800x600
layer at (0,0) size 800x600
  RenderBlock {HTML} at (0,0) size 800x600
    RenderBody {BODY} at (8,8) size 784x584
      RenderTable {TABLE} at (0,0) size 740x30 [bgcolor=#008000]
        RenderTableSection {TBODY} at (0,0) size 740x30
          RenderTableRow {TR} at (0,2) size 740x26
            RenderTableCell {TD} at (2,15) size 1x0 [bgcolor=#FFFF00] [r=0 c=0 rs=1 cs=1]
            RenderTableCell {TD} at (5,2) size 733x26 [r=0 c=1 rs=1 cs=1]
              RenderTable {TABLE} at (0,0) size 587x26
                RenderTableSection {TBODY} at (0,0) size 587x26
                  RenderTableRow {TR} at (0,2) size 587x22
                    RenderTableCell {TD} at (2,2) size 583x22 [r=0 c=0 rs=1 cs=1]
                      RenderText {#text} at (1,1) size 108x19
                        text run at (1,1) width 108: "here is some text"
