layer at (0,0) size 800x8148
  RenderView at (0,0) size 800x600
layer at (0,0) size 800x8148
  RenderBlock {HTML} at (0,0) size 800x8148
    RenderBody {BODY} at (8,8) size 784x8092
      RenderTable {TABLE} at (0,0) size 273x130
        RenderBlock {CAPTION} at (0,0) size 273x20
          RenderInline {A} at (0,0) size 227x19
            RenderText {#text} at (20,0) size 227x19
              text run at (20,0) width 227: "Frame=\x{201C}void\x{201D} and Rules=\x{201C}none\x{201D}"
          RenderInline (generated) at (0,0) size 6x19
            RenderText at (246,0) size 6x19
              text run at (246,0) width 6: ":"
        RenderTableSection {THEAD} at (0,20) size 273x22
          RenderTableRow {TR} at (0,0) size 273x22
            RenderTableCell {TD} at (0,0) size 91x22 [r=0 c=0 rs=1 cs=1]
              RenderText {#text} at (1,1) size 89x19
                text run at (1,1) width 89: "Row 1, Cell 1"
            RenderTableCell {TD} at (90,0) size 92x22 [r=0 c=1 rs=1 cs=1]
              RenderText {#text} at (1,1) size 89x19
                text run at (1,1) width 89: "Row 1, Cell 2"
            RenderTableCell {TD} at (181,0) size 92x22 [r=0 c=2 rs=1 cs=1]
              RenderText {#text} at (1,1) size 89x19
                text run at (1,1) width 89: "Row 1, Cell 3"
        RenderTableSection {TBODY} at (0,42) size 273x66
          RenderTableRow {TR} at (0,0) size 273x22
            RenderTableCell {TD} at (0,11) size 91x22 [r=0 c=0 rs=2 cs=1]
              RenderText {#text} at (1,1) size 89x19
                text run at (1,1) width 89: "Row 2, Cell 1"
            RenderTableCell {TD} at (90,0) size 183x22 [r=0 c=1 rs=1 cs=2]
              RenderText {#text} at (1,1) size 89x19
                text run at (1,1) width 89: "Row 2, Cell 2"
          RenderTableRow {TR} at (0,22) size 273x22
            RenderTableCell {TD} at (90,22) size 92x22 [r=1 c=1 rs=1 cs=1]
              RenderText {#text} at (1,1) size 89x19
                text run at (1,1) width 89: "Row 3, Cell 2"
            RenderTableCell {TD} at (181,33) size 92x22 [r=1 c=2 rs=2 cs=1]
              RenderText {#text} at (1,1) size 89x19
                text run at (1,1) width 89: "Row 3, Cell 3"
          RenderTableRow {TR} at (0,44) size 273x22
            RenderTableCell {TD} at (0,44) size 182x22 [r=2 c=0 rs=1 cs=2]
              RenderText {#text} at (1,1) size 89x19
                text run at (1,1) width 89: "Row 4, Cell 1"
        RenderTableSection {TFOOT} at (0,108) size 273x22
          RenderTableRow {TR} at (0,0) size 273x22
            RenderTableCell {TD} at (0,0) size 91x22 [r=0 c=0 rs=1 cs=1]
              RenderText {#text} at (1,1) size 89x19
                text run at (1,1) width 89: "Row 5, Cell 1"
            RenderTableCell {TD} at (90,0) size 92x22 [r=0 c=1 rs=1 cs=1]
              RenderText {#text} at (1,1) size 89x19
                text run at (1,1) width 89: "Row 5, Cell 2"
            RenderTableCell {TD} at (181,0) size 92x22 [r=0 c=2 rs=1 cs=1]
              RenderText {#text} at (1,1) size 89x19
                text run at (1,1) width 89: "Row 5, Cell 3"
      RenderTable {TABLE} at (0,178) size 273x131 [border: (0.50px solid #808080) none]
        RenderBlock {CAPTION} at (0,0) size 273x20
          RenderInline {A} at (0,0) size 237x19
            RenderText {#text} at (15,0) size 237x19
              text run at (15,0) width 237: "Frame=\x{201C}above\x{201D} and Rules=\x{201C}none\x{201D}"
          RenderInline (generated) at (0,0) size 7x19
            RenderText at (251,0) size 7x19
              text run at (251,0) width 7: ":"
        RenderTableSection {THEAD} at (0,20) size 273x23
          RenderTableRow {TR} at (0,0) size 273x23
            RenderTableCell {TD} at (0,0) size 91x23 [border: (0.50px none #000000)] [r=0 c=0 rs=1 cs=1]
              RenderText {#text} at (1,2) size 89x19
                text run at (1,2) width 89: "Row 1, Cell 1"
            RenderTableCell {TD} at (90,0) size 92x23 [border: (0.50px none #000000)] [r=0 c=1 rs=1 cs=1]
              RenderText {#text} at (1,2) size 89x19
                text run at (1,2) width 89: "Row 1, Cell 2"
            RenderTableCell {TD} at (181,0) size 92x23 [border: (0.50px none #000000)] [r=0 c=2 rs=1 cs=1]
              RenderText {#text} at (1,2) size 89x19
                text run at (1,2) width 89: "Row 1, Cell 3"
        RenderTableSection {TBODY} at (0,43) size 273x66
          RenderTableRow {TR} at (0,0) size 273x22
            RenderTableCell {TD} at (0,11) size 91x22 [r=0 c=0 rs=2 cs=1]
              RenderText {#text} at (1,1) size 89x19
                text run at (1,1) width 89: "Row 2, Cell 1"
            RenderTableCell {TD} at (90,0) size 183x22 [r=0 c=1 rs=1 cs=2]
              RenderText {#text} at (1,1) size 89x19
                text run at (1,1) width 89: "Row 2, Cell 2"
          RenderTableRow {TR} at (0,22) size 273x22
            RenderTableCell {TD} at (90,22) size 92x22 [r=1 c=1 rs=1 cs=1]
              RenderText {#text} at (1,1) size 89x19
                text run at (1,1) width 89: "Row 3, Cell 2"
            RenderTableCell {TD} at (181,33) size 92x22 [r=1 c=2 rs=2 cs=1]
              RenderText {#text} at (1,1) size 89x19
                text run at (1,1) width 89: "Row 3, Cell 3"
          RenderTableRow {TR} at (0,44) size 273x22
            RenderTableCell {TD} at (0,44) size 182x22 [r=2 c=0 rs=1 cs=2]
              RenderText {#text} at (1,1) size 89x19
                text run at (1,1) width 89: "Row 4, Cell 1"
        RenderTableSection {TFOOT} at (0,109) size 273x22
          RenderTableRow {TR} at (0,0) size 273x22
            RenderTableCell {TD} at (0,0) size 91x22 [r=0 c=0 rs=1 cs=1]
              RenderText {#text} at (1,1) size 89x19
                text run at (1,1) width 89: "Row 5, Cell 1"
            RenderTableCell {TD} at (90,0) size 92x22 [r=0 c=1 rs=1 cs=1]
              RenderText {#text} at (1,1) size 89x19
                text run at (1,1) width 89: "Row 5, Cell 2"
            RenderTableCell {TD} at (181,0) size 92x22 [r=0 c=2 rs=1 cs=1]
              RenderText {#text} at (1,1) size 89x19
                text run at (1,1) width 89: "Row 5, Cell 3"
      RenderTable {TABLE} at (0,357) size 273x131 [border: none (0.50px solid #808080) none]
        RenderBlock {CAPTION} at (0,0) size 273x20
          RenderInline {A} at (0,0) size 237x19
            RenderText {#text} at (15,0) size 237x19
              text run at (15,0) width 237: "Frame=\x{201C}below\x{201D} and Rules=\x{201C}none\x{201D}"
          RenderInline (generated) at (0,0) size 7x19
            RenderText at (251,0) size 7x19
              text run at (251,0) width 7: ":"
        RenderTableSection {THEAD} at (0,20) size 273x22
          RenderTableRow {TR} at (0,0) size 273x22
            RenderTableCell {TD} at (0,0) size 91x22 [r=0 c=0 rs=1 cs=1]
              RenderText {#text} at (1,1) size 89x19
                text run at (1,1) width 89: "Row 1, Cell 1"
            RenderTableCell {TD} at (90,0) size 92x22 [r=0 c=1 rs=1 cs=1]
              RenderText {#text} at (1,1) size 89x19
                text run at (1,1) width 89: "Row 1, Cell 2"
            RenderTableCell {TD} at (181,0) size 92x22 [r=0 c=2 rs=1 cs=1]
              RenderText {#text} at (1,1) size 89x19
                text run at (1,1) width 89: "Row 1, Cell 3"
        RenderTableSection {TBODY} at (0,42) size 273x66
          RenderTableRow {TR} at (0,0) size 273x22
            RenderTableCell {TD} at (0,11) size 91x22 [r=0 c=0 rs=2 cs=1]
              RenderText {#text} at (1,1) size 89x19
                text run at (1,1) width 89: "Row 2, Cell 1"
            RenderTableCell {TD} at (90,0) size 183x22 [r=0 c=1 rs=1 cs=2]
              RenderText {#text} at (1,1) size 89x19
                text run at (1,1) width 89: "Row 2, Cell 2"
          RenderTableRow {TR} at (0,22) size 273x22
            RenderTableCell {TD} at (90,22) size 92x22 [r=1 c=1 rs=1 cs=1]
              RenderText {#text} at (1,1) size 89x19
                text run at (1,1) width 89: "Row 3, Cell 2"
            RenderTableCell {TD} at (181,33) size 92x22 [r=1 c=2 rs=2 cs=1]
              RenderText {#text} at (1,1) size 89x19
                text run at (1,1) width 89: "Row 3, Cell 3"
          RenderTableRow {TR} at (0,44) size 273x22
            RenderTableCell {TD} at (0,44) size 182x22 [r=2 c=0 rs=1 cs=2]
              RenderText {#text} at (1,1) size 89x19
                text run at (1,1) width 89: "Row 4, Cell 1"
        RenderTableSection {TFOOT} at (0,108) size 273x23
          RenderTableRow {TR} at (0,0) size 273x23
            RenderTableCell {TD} at (0,0) size 91x23 [border: none] [r=0 c=0 rs=1 cs=1]
              RenderText {#text} at (1,1) size 89x19
                text run at (1,1) width 89: "Row 5, Cell 1"
            RenderTableCell {TD} at (90,0) size 92x23 [border: none] [r=0 c=1 rs=1 cs=1]
              RenderText {#text} at (1,1) size 89x19
                text run at (1,1) width 89: "Row 5, Cell 2"
            RenderTableCell {TD} at (181,0) size 92x23 [border: none] [r=0 c=2 rs=1 cs=1]
              RenderText {#text} at (1,1) size 89x19
                text run at (1,1) width 89: "Row 5, Cell 3"
      RenderTable {TABLE} at (0,536) size 273x132 [border: (0.50px solid #808080) none (0.50px solid #808080) none]
        RenderBlock {CAPTION} at (0,0) size 273x20
          RenderInline {A} at (0,0) size 240x19
            RenderText {#text} at (14,0) size 240x19
              text run at (14,0) width 240: "Frame=\x{201C}hsides\x{201D} and Rules=\x{201C}none\x{201D}"
          RenderInline (generated) at (0,0) size 6x19
            RenderText at (253,0) size 6x19
              text run at (253,0) width 6: ":"
        RenderTableSection {THEAD} at (0,20) size 273x23
          RenderTableRow {TR} at (0,0) size 273x23
            RenderTableCell {TD} at (0,0) size 91x23 [border: (0.50px none #000000)] [r=0 c=0 rs=1 cs=1]
              RenderText {#text} at (1,2) size 89x19
                text run at (1,2) width 89: "Row 1, Cell 1"
            RenderTableCell {TD} at (90,0) size 92x23 [border: (0.50px none #000000)] [r=0 c=1 rs=1 cs=1]
              RenderText {#text} at (1,2) size 89x19
                text run at (1,2) width 89: "Row 1, Cell 2"
            RenderTableCell {TD} at (181,0) size 92x23 [border: (0.50px none #000000)] [r=0 c=2 rs=1 cs=1]
              RenderText {#text} at (1,2) size 89x19
                text run at (1,2) width 89: "Row 1, Cell 3"
        RenderTableSection {TBODY} at (0,43) size 273x66
          RenderTableRow {TR} at (0,0) size 273x22
            RenderTableCell {TD} at (0,11) size 91x22 [r=0 c=0 rs=2 cs=1]
              RenderText {#text} at (1,1) size 89x19
                text run at (1,1) width 89: "Row 2, Cell 1"
            RenderTableCell {TD} at (90,0) size 183x22 [r=0 c=1 rs=1 cs=2]
              RenderText {#text} at (1,1) size 89x19
                text run at (1,1) width 89: "Row 2, Cell 2"
          RenderTableRow {TR} at (0,22) size 273x22
            RenderTableCell {TD} at (90,22) size 92x22 [r=1 c=1 rs=1 cs=1]
              RenderText {#text} at (1,1) size 89x19
                text run at (1,1) width 89: "Row 3, Cell 2"
            RenderTableCell {TD} at (181,33) size 92x22 [r=1 c=2 rs=2 cs=1]
              RenderText {#text} at (1,1) size 89x19
                text run at (1,1) width 89: "Row 3, Cell 3"
          RenderTableRow {TR} at (0,44) size 273x22
            RenderTableCell {TD} at (0,44) size 182x22 [r=2 c=0 rs=1 cs=2]
              RenderText {#text} at (1,1) size 89x19
                text run at (1,1) width 89: "Row 4, Cell 1"
        RenderTableSection {TFOOT} at (0,109) size 273x23
          RenderTableRow {TR} at (0,0) size 273x23
            RenderTableCell {TD} at (0,0) size 91x23 [border: none] [r=0 c=0 rs=1 cs=1]
              RenderText {#text} at (1,1) size 89x19
                text run at (1,1) width 89: "Row 5, Cell 1"
            RenderTableCell {TD} at (90,0) size 92x23 [border: none] [r=0 c=1 rs=1 cs=1]
              RenderText {#text} at (1,1) size 89x19
                text run at (1,1) width 89: "Row 5, Cell 2"
            RenderTableCell {TD} at (181,0) size 92x23 [border: none] [r=0 c=2 rs=1 cs=1]
              RenderText {#text} at (1,1) size 89x19
                text run at (1,1) width 89: "Row 5, Cell 3"
      RenderTable {TABLE} at (0,716) size 275x130 [border: none (0.50px solid #808080) none (0.50px solid #808080)]
        RenderBlock {CAPTION} at (0,0) size 275x20
          RenderInline {A} at (0,0) size 238x19
            RenderText {#text} at (16,0) size 238x19
              text run at (16,0) width 238: "Frame=\x{201C}vsides\x{201D} and Rules=\x{201C}none\x{201D}"
          RenderInline (generated) at (0,0) size 6x19
            RenderText at (253,0) size 6x19
              text run at (253,0) width 6: ":"
        RenderTableSection {THEAD} at (0,20) size 275x22
          RenderTableRow {TR} at (0,0) size 274x22
            RenderTableCell {TD} at (0,0) size 92x22 [border: none] [r=0 c=0 rs=1 cs=1]
              RenderText {#text} at (1,1) size 90x19
                text run at (1,1) width 90: "Row 1, Cell 1"
            RenderTableCell {TD} at (91,0) size 92x22 [r=0 c=1 rs=1 cs=1]
              RenderText {#text} at (1,1) size 89x19
                text run at (1,1) width 89: "Row 1, Cell 2"
            RenderTableCell {TD} at (182,0) size 92x22 [border: none] [r=0 c=2 rs=1 cs=1]
              RenderText {#text} at (1,1) size 89x19
                text run at (1,1) width 89: "Row 1, Cell 3"
        RenderTableSection {TBODY} at (0,42) size 275x66
          RenderTableRow {TR} at (0,0) size 274x22
            RenderTableCell {TD} at (0,11) size 92x22 [border: none] [r=0 c=0 rs=2 cs=1]
              RenderText {#text} at (1,1) size 90x19
                text run at (1,1) width 90: "Row 2, Cell 1"
            RenderTableCell {TD} at (91,0) size 183x22 [border: none] [r=0 c=1 rs=1 cs=2]
              RenderText {#text} at (1,1) size 89x19
                text run at (1,1) width 89: "Row 2, Cell 2"
          RenderTableRow {TR} at (0,22) size 274x22
            RenderTableCell {TD} at (91,22) size 92x22 [r=1 c=1 rs=1 cs=1]
              RenderText {#text} at (1,1) size 89x19
                text run at (1,1) width 89: "Row 3, Cell 2"
            RenderTableCell {TD} at (182,33) size 92x22 [border: none] [r=1 c=2 rs=2 cs=1]
              RenderText {#text} at (1,1) size 89x19
                text run at (1,1) width 89: "Row 3, Cell 3"
          RenderTableRow {TR} at (0,44) size 274x22
            RenderTableCell {TD} at (0,44) size 183x22 [border: none] [r=2 c=0 rs=1 cs=2]
              RenderText {#text} at (1,1) size 90x19
                text run at (1,1) width 90: "Row 4, Cell 1"
        RenderTableSection {TFOOT} at (0,108) size 275x22
          RenderTableRow {TR} at (0,0) size 274x22
            RenderTableCell {TD} at (0,0) size 92x22 [border: none] [r=0 c=0 rs=1 cs=1]
              RenderText {#text} at (1,1) size 90x19
                text run at (1,1) width 90: "Row 5, Cell 1"
            RenderTableCell {TD} at (91,0) size 92x22 [r=0 c=1 rs=1 cs=1]
              RenderText {#text} at (1,1) size 89x19
                text run at (1,1) width 89: "Row 5, Cell 2"
            RenderTableCell {TD} at (182,0) size 92x22 [border: none] [r=0 c=2 rs=1 cs=1]
              RenderText {#text} at (1,1) size 89x19
                text run at (1,1) width 89: "Row 5, Cell 3"
      RenderTable {TABLE} at (0,894) size 274x130 [border: none (0.50px solid #808080)]
        RenderBlock {CAPTION} at (0,0) size 274x20
          RenderInline {A} at (0,0) size 218x19
            RenderText {#text} at (25,0) size 218x19
              text run at (25,0) width 218: "Frame=\x{201C}lhs\x{201D} and Rules=\x{201C}none\x{201D}"
          RenderInline (generated) at (0,0) size 7x19
            RenderText at (242,0) size 7x19
              text run at (242,0) width 7: ":"
        RenderTableSection {THEAD} at (0,20) size 274x22
          RenderTableRow {TR} at (0,0) size 274x22
            RenderTableCell {TD} at (0,0) size 92x22 [border: none] [r=0 c=0 rs=1 cs=1]
              RenderText {#text} at (1,1) size 90x19
                text run at (1,1) width 90: "Row 1, Cell 1"
            RenderTableCell {TD} at (91,0) size 92x22 [r=0 c=1 rs=1 cs=1]
              RenderText {#text} at (1,1) size 89x19
                text run at (1,1) width 89: "Row 1, Cell 2"
            RenderTableCell {TD} at (182,0) size 92x22 [r=0 c=2 rs=1 cs=1]
              RenderText {#text} at (1,1) size 89x19
                text run at (1,1) width 89: "Row 1, Cell 3"
        RenderTableSection {TBODY} at (0,42) size 274x66
          RenderTableRow {TR} at (0,0) size 274x22
            RenderTableCell {TD} at (0,11) size 92x22 [border: none] [r=0 c=0 rs=2 cs=1]
              RenderText {#text} at (1,1) size 90x19
                text run at (1,1) width 90: "Row 2, Cell 1"
            RenderTableCell {TD} at (91,0) size 183x22 [r=0 c=1 rs=1 cs=2]
              RenderText {#text} at (1,1) size 89x19
                text run at (1,1) width 89: "Row 2, Cell 2"
          RenderTableRow {TR} at (0,22) size 274x22
            RenderTableCell {TD} at (91,22) size 92x22 [r=1 c=1 rs=1 cs=1]
              RenderText {#text} at (1,1) size 89x19
                text run at (1,1) width 89: "Row 3, Cell 2"
            RenderTableCell {TD} at (182,33) size 92x22 [r=1 c=2 rs=2 cs=1]
              RenderText {#text} at (1,1) size 89x19
                text run at (1,1) width 89: "Row 3, Cell 3"
          RenderTableRow {TR} at (0,44) size 274x22
            RenderTableCell {TD} at (0,44) size 183x22 [border: none] [r=2 c=0 rs=1 cs=2]
              RenderText {#text} at (1,1) size 90x19
                text run at (1,1) width 90: "Row 4, Cell 1"
        RenderTableSection {TFOOT} at (0,108) size 274x22
          RenderTableRow {TR} at (0,0) size 274x22
            RenderTableCell {TD} at (0,0) size 92x22 [border: none] [r=0 c=0 rs=1 cs=1]
              RenderText {#text} at (1,1) size 90x19
                text run at (1,1) width 90: "Row 5, Cell 1"
            RenderTableCell {TD} at (91,0) size 92x22 [r=0 c=1 rs=1 cs=1]
              RenderText {#text} at (1,1) size 89x19
                text run at (1,1) width 89: "Row 5, Cell 2"
            RenderTableCell {TD} at (182,0) size 92x22 [r=0 c=2 rs=1 cs=1]
              RenderText {#text} at (1,1) size 89x19
                text run at (1,1) width 89: "Row 5, Cell 3"
      RenderTable {TABLE} at (0,1072) size 274x130 [border: none (0.50px solid #808080) none]
        RenderBlock {CAPTION} at (0,0) size 274x20
          RenderInline {A} at (0,0) size 220x19
            RenderText {#text} at (24,0) size 220x19
              text run at (24,0) width 220: "Frame=\x{201C}rhs\x{201D} and Rules=\x{201C}none\x{201D}"
          RenderInline (generated) at (0,0) size 7x19
            RenderText at (243,0) size 7x19
              text run at (243,0) width 7: ":"
        RenderTableSection {THEAD} at (0,20) size 274x22
          RenderTableRow {TR} at (0,0) size 274x22
            RenderTableCell {TD} at (0,0) size 91x22 [r=0 c=0 rs=1 cs=1]
              RenderText {#text} at (1,1) size 89x19
                text run at (1,1) width 89: "Row 1, Cell 1"
            RenderTableCell {TD} at (90,0) size 92x22 [r=0 c=1 rs=1 cs=1]
              RenderText {#text} at (1,1) size 89x19
                text run at (1,1) width 89: "Row 1, Cell 2"
            RenderTableCell {TD} at (181,0) size 93x22 [border: none] [r=0 c=2 rs=1 cs=1]
              RenderText {#text} at (1,1) size 89x19
                text run at (1,1) width 89: "Row 1, Cell 3"
        RenderTableSection {TBODY} at (0,42) size 274x66
          RenderTableRow {TR} at (0,0) size 274x22
            RenderTableCell {TD} at (0,11) size 91x22 [r=0 c=0 rs=2 cs=1]
              RenderText {#text} at (1,1) size 89x19
                text run at (1,1) width 89: "Row 2, Cell 1"
            RenderTableCell {TD} at (90,0) size 184x22 [border: none] [r=0 c=1 rs=1 cs=2]
              RenderText {#text} at (1,1) size 89x19
                text run at (1,1) width 89: "Row 2, Cell 2"
          RenderTableRow {TR} at (0,22) size 274x22
            RenderTableCell {TD} at (90,22) size 92x22 [r=1 c=1 rs=1 cs=1]
              RenderText {#text} at (1,1) size 89x19
                text run at (1,1) width 89: "Row 3, Cell 2"
            RenderTableCell {TD} at (181,33) size 93x22 [border: none] [r=1 c=2 rs=2 cs=1]
              RenderText {#text} at (1,1) size 89x19
                text run at (1,1) width 89: "Row 3, Cell 3"
          RenderTableRow {TR} at (0,44) size 274x22
            RenderTableCell {TD} at (0,44) size 182x22 [r=2 c=0 rs=1 cs=2]
              RenderText {#text} at (1,1) size 89x19
                text run at (1,1) width 89: "Row 4, Cell 1"
        RenderTableSection {TFOOT} at (0,108) size 274x22
          RenderTableRow {TR} at (0,0) size 274x22
            RenderTableCell {TD} at (0,0) size 91x22 [r=0 c=0 rs=1 cs=1]
              RenderText {#text} at (1,1) size 89x19
                text run at (1,1) width 89: "Row 5, Cell 1"
            RenderTableCell {TD} at (90,0) size 92x22 [r=0 c=1 rs=1 cs=1]
              RenderText {#text} at (1,1) size 89x19
                text run at (1,1) width 89: "Row 5, Cell 2"
            RenderTableCell {TD} at (181,0) size 93x22 [border: none] [r=0 c=2 rs=1 cs=1]
              RenderText {#text} at (1,1) size 89x19
                text run at (1,1) width 89: "Row 5, Cell 3"
      RenderTable {TABLE} at (0,1250) size 275x132 [border: (0.50px solid #808080)]
        RenderBlock {CAPTION} at (0,0) size 275x20
          RenderInline {A} at (0,0) size 223x19
            RenderText {#text} at (23,0) size 223x19
              text run at (23,0) width 223: "Frame=\x{201C}box\x{201D} and Rules=\x{201C}none\x{201D}"
          RenderInline (generated) at (0,0) size 6x19
            RenderText at (245,0) size 6x19
              text run at (245,0) width 6: ":"
        RenderTableSection {THEAD} at (0,20) size 275x23
          RenderTableRow {TR} at (0,0) size 274x23
            RenderTableCell {TD} at (0,0) size 92x23 [border: (0.50px none #000000)] [r=0 c=0 rs=1 cs=1]
              RenderText {#text} at (1,2) size 90x19
                text run at (1,2) width 90: "Row 1, Cell 1"
            RenderTableCell {TD} at (91,0) size 92x23 [border: (0.50px none #000000)] [r=0 c=1 rs=1 cs=1]
              RenderText {#text} at (1,2) size 89x19
                text run at (1,2) width 89: "Row 1, Cell 2"
            RenderTableCell {TD} at (182,0) size 92x23 [border: (0.50px none #000000)] [r=0 c=2 rs=1 cs=1]
              RenderText {#text} at (1,2) size 89x19
                text run at (1,2) width 89: "Row 1, Cell 3"
        RenderTableSection {TBODY} at (0,43) size 275x66
          RenderTableRow {TR} at (0,0) size 274x22
            RenderTableCell {TD} at (0,11) size 92x22 [border: none] [r=0 c=0 rs=2 cs=1]
              RenderText {#text} at (1,1) size 90x19
                text run at (1,1) width 90: "Row 2, Cell 1"
            RenderTableCell {TD} at (91,0) size 183x22 [border: none] [r=0 c=1 rs=1 cs=2]
              RenderText {#text} at (1,1) size 89x19
                text run at (1,1) width 89: "Row 2, Cell 2"
          RenderTableRow {TR} at (0,22) size 274x22
            RenderTableCell {TD} at (91,22) size 92x22 [r=1 c=1 rs=1 cs=1]
              RenderText {#text} at (1,1) size 89x19
                text run at (1,1) width 89: "Row 3, Cell 2"
            RenderTableCell {TD} at (182,33) size 92x22 [border: none] [r=1 c=2 rs=2 cs=1]
              RenderText {#text} at (1,1) size 89x19
                text run at (1,1) width 89: "Row 3, Cell 3"
          RenderTableRow {TR} at (0,44) size 274x22
            RenderTableCell {TD} at (0,44) size 183x22 [border: none] [r=2 c=0 rs=1 cs=2]
              RenderText {#text} at (1,1) size 90x19
                text run at (1,1) width 90: "Row 4, Cell 1"
        RenderTableSection {TFOOT} at (0,109) size 275x23
          RenderTableRow {TR} at (0,0) size 274x23
            RenderTableCell {TD} at (0,0) size 92x23 [border: none] [r=0 c=0 rs=1 cs=1]
              RenderText {#text} at (1,1) size 90x19
                text run at (1,1) width 90: "Row 5, Cell 1"
            RenderTableCell {TD} at (91,0) size 92x23 [border: none] [r=0 c=1 rs=1 cs=1]
              RenderText {#text} at (1,1) size 89x19
                text run at (1,1) width 89: "Row 5, Cell 2"
            RenderTableCell {TD} at (182,0) size 92x23 [border: none] [r=0 c=2 rs=1 cs=1]
              RenderText {#text} at (1,1) size 89x19
                text run at (1,1) width 89: "Row 5, Cell 3"
      RenderTable {TABLE} at (0,1430) size 275x132 [border: (0.50px solid #808080)]
        RenderBlock {CAPTION} at (0,0) size 275x20
          RenderInline {A} at (0,0) size 243x19
            RenderText {#text} at (13,0) size 243x19
              text run at (13,0) width 243: "Frame=\x{201C}border\x{201D} and Rules=\x{201C}none\x{201D}"
          RenderInline (generated) at (0,0) size 6x19
            RenderText at (255,0) size 6x19
              text run at (255,0) width 6: ":"
        RenderTableSection {THEAD} at (0,20) size 275x23
          RenderTableRow {TR} at (0,0) size 274x23
            RenderTableCell {TD} at (0,0) size 92x23 [border: (0.50px none #000000)] [r=0 c=0 rs=1 cs=1]
              RenderText {#text} at (1,2) size 90x19
                text run at (1,2) width 90: "Row 1, Cell 1"
            RenderTableCell {TD} at (91,0) size 92x23 [border: (0.50px none #000000)] [r=0 c=1 rs=1 cs=1]
              RenderText {#text} at (1,2) size 89x19
                text run at (1,2) width 89: "Row 1, Cell 2"
            RenderTableCell {TD} at (182,0) size 92x23 [border: (0.50px none #000000)] [r=0 c=2 rs=1 cs=1]
              RenderText {#text} at (1,2) size 89x19
                text run at (1,2) width 89: "Row 1, Cell 3"
        RenderTableSection {TBODY} at (0,43) size 275x66
          RenderTableRow {TR} at (0,0) size 274x22
            RenderTableCell {TD} at (0,11) size 92x22 [border: none] [r=0 c=0 rs=2 cs=1]
              RenderText {#text} at (1,1) size 90x19
                text run at (1,1) width 90: "Row 2, Cell 1"
            RenderTableCell {TD} at (91,0) size 183x22 [border: none] [r=0 c=1 rs=1 cs=2]
              RenderText {#text} at (1,1) size 89x19
                text run at (1,1) width 89: "Row 2, Cell 2"
          RenderTableRow {TR} at (0,22) size 274x22
            RenderTableCell {TD} at (91,22) size 92x22 [r=1 c=1 rs=1 cs=1]
              RenderText {#text} at (1,1) size 89x19
                text run at (1,1) width 89: "Row 3, Cell 2"
            RenderTableCell {TD} at (182,33) size 92x22 [border: none] [r=1 c=2 rs=2 cs=1]
              RenderText {#text} at (1,1) size 89x19
                text run at (1,1) width 89: "Row 3, Cell 3"
          RenderTableRow {TR} at (0,44) size 274x22
            RenderTableCell {TD} at (0,44) size 183x22 [border: none] [r=2 c=0 rs=1 cs=2]
              RenderText {#text} at (1,1) size 90x19
                text run at (1,1) width 90: "Row 4, Cell 1"
        RenderTableSection {TFOOT} at (0,109) size 275x23
          RenderTableRow {TR} at (0,0) size 274x23
            RenderTableCell {TD} at (0,0) size 92x23 [border: none] [r=0 c=0 rs=1 cs=1]
              RenderText {#text} at (1,1) size 90x19
                text run at (1,1) width 90: "Row 5, Cell 1"
            RenderTableCell {TD} at (91,0) size 92x23 [border: none] [r=0 c=1 rs=1 cs=1]
              RenderText {#text} at (1,1) size 89x19
                text run at (1,1) width 89: "Row 5, Cell 2"
            RenderTableCell {TD} at (182,0) size 92x23 [border: none] [r=0 c=2 rs=1 cs=1]
              RenderText {#text} at (1,1) size 89x19
                text run at (1,1) width 89: "Row 5, Cell 3"
      RenderTable {TABLE} at (0,1610) size 273x132
        RenderBlock {CAPTION} at (0,0) size 273x20
          RenderInline {A} at (0,0) size 239x19
            RenderText {#text} at (14,0) size 239x19
              text run at (14,0) width 239: "Frame=\x{201C}void\x{201D} and Rules=\x{201C}groups\x{201D}"
          RenderInline (generated) at (0,0) size 6x19
            RenderText at (252,0) size 6x19
              text run at (252,0) width 6: ":"
        RenderTableSection {THEAD} at (0,20) size 273x23 [border: (1px solid #808080) none (1px solid #808080) none]
          RenderTableRow {TR} at (0,0) size 273x23
            RenderTableCell {TD} at (0,0) size 91x23 [border: none] [r=0 c=0 rs=1 cs=1]
              RenderText {#text} at (1,1) size 89x19
                text run at (1,1) width 89: "Row 1, Cell 1"
            RenderTableCell {TD} at (90,0) size 92x23 [border: none] [r=0 c=1 rs=1 cs=1]
              RenderText {#text} at (1,1) size 89x19
                text run at (1,1) width 89: "Row 1, Cell 2"
            RenderTableCell {TD} at (181,0) size 92x23 [border: none] [r=0 c=2 rs=1 cs=1]
              RenderText {#text} at (1,1) size 89x19
                text run at (1,1) width 89: "Row 1, Cell 3"
        RenderTableSection {TBODY} at (0,42) size 273x68 [border: (1px solid #808080) none (1px solid #808080) none]
          RenderTableRow {TR} at (0,0) size 273x23
            RenderTableCell {TD} at (0,11) size 91x23 [border: (0.50px none #000000)] [r=0 c=0 rs=2 cs=1]
              RenderText {#text} at (1,2) size 89x19
                text run at (1,2) width 89: "Row 2, Cell 1"
            RenderTableCell {TD} at (90,0) size 183x23 [border: (0.50px none #000000)] [r=0 c=1 rs=1 cs=2]
              RenderText {#text} at (1,2) size 89x19
                text run at (1,2) width 89: "Row 2, Cell 2"
          RenderTableRow {TR} at (0,22) size 273x23
            RenderTableCell {TD} at (90,22) size 92x23 [r=1 c=1 rs=1 cs=1]
              RenderText {#text} at (1,1) size 89x19
                text run at (1,1) width 89: "Row 3, Cell 2"
            RenderTableCell {TD} at (181,33) size 92x23 [border: none] [r=1 c=2 rs=2 cs=1]
              RenderText {#text} at (1,1) size 89x19
                text run at (1,1) width 89: "Row 3, Cell 3"
          RenderTableRow {TR} at (0,44) size 273x23
            RenderTableCell {TD} at (0,44) size 182x23 [border: none] [r=2 c=0 rs=1 cs=2]
              RenderText {#text} at (1,1) size 89x19
                text run at (1,1) width 89: "Row 4, Cell 1"
        RenderTableSection {TFOOT} at (0,109) size 273x23 [border: (1px solid #808080) none (1px solid #808080) none]
          RenderTableRow {TR} at (0,0) size 273x23
            RenderTableCell {TD} at (0,0) size 91x23 [border: (0.50px none #000000)] [r=0 c=0 rs=1 cs=1]
              RenderText {#text} at (1,2) size 89x19
                text run at (1,2) width 89: "Row 5, Cell 1"
            RenderTableCell {TD} at (90,0) size 92x23 [border: (0.50px none #000000)] [r=0 c=1 rs=1 cs=1]
              RenderText {#text} at (1,2) size 89x19
                text run at (1,2) width 89: "Row 5, Cell 2"
            RenderTableCell {TD} at (181,0) size 92x23 [border: (0.50px none #000000)] [r=0 c=2 rs=1 cs=1]
              RenderText {#text} at (1,2) size 89x19
                text run at (1,2) width 89: "Row 5, Cell 3"
      RenderTable {TABLE} at (0,1790) size 273x133 [border: (0.50px solid #808080) none]
        RenderBlock {CAPTION} at (0,0) size 273x20
          RenderInline {A} at (0,0) size 249x19
            RenderText {#text} at (9,0) size 249x19
              text run at (9,0) width 249: "Frame=\x{201C}above\x{201D} and Rules=\x{201C}groups\x{201D}"
          RenderInline (generated) at (0,0) size 7x19
            RenderText at (257,0) size 7x19
              text run at (257,0) width 7: ":"
        RenderTableSection {THEAD} at (0,20) size 273x24 [border: (1px solid #808080) none (1px solid #808080) none]
          RenderTableRow {TR} at (0,0) size 273x23
            RenderTableCell {TD} at (0,0) size 91x23 [border: (0.50px none #000000)] [r=0 c=0 rs=1 cs=1]
              RenderText {#text} at (1,2) size 89x19
                text run at (1,2) width 89: "Row 1, Cell 1"
            RenderTableCell {TD} at (90,0) size 92x23 [border: (0.50px none #000000)] [r=0 c=1 rs=1 cs=1]
              RenderText {#text} at (1,2) size 89x19
                text run at (1,2) width 89: "Row 1, Cell 2"
            RenderTableCell {TD} at (181,0) size 92x23 [border: (0.50px none #000000)] [r=0 c=2 rs=1 cs=1]
              RenderText {#text} at (1,2) size 89x19
                text run at (1,2) width 89: "Row 1, Cell 3"
        RenderTableSection {TBODY} at (0,43) size 273x68 [border: (1px solid #808080) none (1px solid #808080) none]
          RenderTableRow {TR} at (0,0) size 273x23
            RenderTableCell {TD} at (0,11) size 91x23 [border: (0.50px none #000000)] [r=0 c=0 rs=2 cs=1]
              RenderText {#text} at (1,2) size 89x19
                text run at (1,2) width 89: "Row 2, Cell 1"
            RenderTableCell {TD} at (90,0) size 183x23 [border: (0.50px none #000000)] [r=0 c=1 rs=1 cs=2]
              RenderText {#text} at (1,2) size 89x19
                text run at (1,2) width 89: "Row 2, Cell 2"
          RenderTableRow {TR} at (0,22) size 273x23
            RenderTableCell {TD} at (90,22) size 92x23 [r=1 c=1 rs=1 cs=1]
              RenderText {#text} at (1,1) size 89x19
                text run at (1,1) width 89: "Row 3, Cell 2"
            RenderTableCell {TD} at (181,33) size 92x23 [border: none] [r=1 c=2 rs=2 cs=1]
              RenderText {#text} at (1,1) size 89x19
                text run at (1,1) width 89: "Row 3, Cell 3"
          RenderTableRow {TR} at (0,44) size 273x23
            RenderTableCell {TD} at (0,44) size 182x23 [border: none] [r=2 c=0 rs=1 cs=2]
              RenderText {#text} at (1,1) size 89x19
                text run at (1,1) width 89: "Row 4, Cell 1"
        RenderTableSection {TFOOT} at (0,110) size 273x23 [border: (1px solid #808080) none (1px solid #808080) none]
          RenderTableRow {TR} at (0,0) size 273x23
            RenderTableCell {TD} at (0,0) size 91x23 [border: (0.50px none #000000)] [r=0 c=0 rs=1 cs=1]
              RenderText {#text} at (1,2) size 89x19
                text run at (1,2) width 89: "Row 5, Cell 1"
            RenderTableCell {TD} at (90,0) size 92x23 [border: (0.50px none #000000)] [r=0 c=1 rs=1 cs=1]
              RenderText {#text} at (1,2) size 89x19
                text run at (1,2) width 89: "Row 5, Cell 2"
            RenderTableCell {TD} at (181,0) size 92x23 [border: (0.50px none #000000)] [r=0 c=2 rs=1 cs=1]
              RenderText {#text} at (1,2) size 89x19
                text run at (1,2) width 89: "Row 5, Cell 3"
      RenderTable {TABLE} at (0,1971) size 273x133 [border: none (0.50px solid #808080) none]
        RenderBlock {CAPTION} at (0,0) size 273x20
          RenderInline {A} at (0,0) size 249x19
            RenderText {#text} at (9,0) size 249x19
              text run at (9,0) width 249: "Frame=\x{201C}below\x{201D} and Rules=\x{201C}groups\x{201D}"
          RenderInline (generated) at (0,0) size 7x19
            RenderText at (257,0) size 7x19
              text run at (257,0) width 7: ":"
        RenderTableSection {THEAD} at (0,20) size 273x23 [border: (1px solid #808080) none (1px solid #808080) none]
          RenderTableRow {TR} at (0,0) size 273x23
            RenderTableCell {TD} at (0,0) size 91x23 [border: none] [r=0 c=0 rs=1 cs=1]
              RenderText {#text} at (1,1) size 89x19
                text run at (1,1) width 89: "Row 1, Cell 1"
            RenderTableCell {TD} at (90,0) size 92x23 [border: none] [r=0 c=1 rs=1 cs=1]
              RenderText {#text} at (1,1) size 89x19
                text run at (1,1) width 89: "Row 1, Cell 2"
            RenderTableCell {TD} at (181,0) size 92x23 [border: none] [r=0 c=2 rs=1 cs=1]
              RenderText {#text} at (1,1) size 89x19
                text run at (1,1) width 89: "Row 1, Cell 3"
        RenderTableSection {TBODY} at (0,42) size 273x68 [border: (1px solid #808080) none (1px solid #808080) none]
          RenderTableRow {TR} at (0,0) size 273x23
            RenderTableCell {TD} at (0,11) size 91x23 [border: (0.50px none #000000)] [r=0 c=0 rs=2 cs=1]
              RenderText {#text} at (1,2) size 89x19
                text run at (1,2) width 89: "Row 2, Cell 1"
            RenderTableCell {TD} at (90,0) size 183x23 [border: (0.50px none #000000)] [r=0 c=1 rs=1 cs=2]
              RenderText {#text} at (1,2) size 89x19
                text run at (1,2) width 89: "Row 2, Cell 2"
          RenderTableRow {TR} at (0,22) size 273x23
            RenderTableCell {TD} at (90,22) size 92x23 [r=1 c=1 rs=1 cs=1]
              RenderText {#text} at (1,1) size 89x19
                text run at (1,1) width 89: "Row 3, Cell 2"
            RenderTableCell {TD} at (181,33) size 92x23 [border: none] [r=1 c=2 rs=2 cs=1]
              RenderText {#text} at (1,1) size 89x19
                text run at (1,1) width 89: "Row 3, Cell 3"
          RenderTableRow {TR} at (0,44) size 273x23
            RenderTableCell {TD} at (0,44) size 182x23 [border: none] [r=2 c=0 rs=1 cs=2]
              RenderText {#text} at (1,1) size 89x19
                text run at (1,1) width 89: "Row 4, Cell 1"
        RenderTableSection {TFOOT} at (0,109) size 273x24 [border: (1px solid #808080) none (1px solid #808080) none]
          RenderTableRow {TR} at (0,0) size 273x23
            RenderTableCell {TD} at (0,0) size 91x23 [border: (0.50px none #000000)] [r=0 c=0 rs=1 cs=1]
              RenderText {#text} at (1,2) size 89x19
                text run at (1,2) width 89: "Row 5, Cell 1"
            RenderTableCell {TD} at (90,0) size 92x23 [border: (0.50px none #000000)] [r=0 c=1 rs=1 cs=1]
              RenderText {#text} at (1,2) size 89x19
                text run at (1,2) width 89: "Row 5, Cell 2"
            RenderTableCell {TD} at (181,0) size 92x23 [border: (0.50px none #000000)] [r=0 c=2 rs=1 cs=1]
              RenderText {#text} at (1,2) size 89x19
                text run at (1,2) width 89: "Row 5, Cell 3"
      RenderTable {TABLE} at (0,2152) size 273x134 [border: (0.50px solid #808080) none (0.50px solid #808080) none]
        RenderBlock {CAPTION} at (0,0) size 273x20
          RenderInline {A} at (0,0) size 252x19
            RenderText {#text} at (8,0) size 252x19
              text run at (8,0) width 252: "Frame=\x{201C}hsides\x{201D} and Rules=\x{201C}groups\x{201D}"
          RenderInline (generated) at (0,0) size 6x19
            RenderText at (259,0) size 6x19
              text run at (259,0) width 6: ":"
        RenderTableSection {THEAD} at (0,20) size 273x24 [border: (1px solid #808080) none (1px solid #808080) none]
          RenderTableRow {TR} at (0,0) size 273x23
            RenderTableCell {TD} at (0,0) size 91x23 [border: (0.50px none #000000)] [r=0 c=0 rs=1 cs=1]
              RenderText {#text} at (1,2) size 89x19
                text run at (1,2) width 89: "Row 1, Cell 1"
            RenderTableCell {TD} at (90,0) size 92x23 [border: (0.50px none #000000)] [r=0 c=1 rs=1 cs=1]
              RenderText {#text} at (1,2) size 89x19
                text run at (1,2) width 89: "Row 1, Cell 2"
            RenderTableCell {TD} at (181,0) size 92x23 [border: (0.50px none #000000)] [r=0 c=2 rs=1 cs=1]
              RenderText {#text} at (1,2) size 89x19
                text run at (1,2) width 89: "Row 1, Cell 3"
        RenderTableSection {TBODY} at (0,43) size 273x68 [border: (1px solid #808080) none (1px solid #808080) none]
          RenderTableRow {TR} at (0,0) size 273x23
            RenderTableCell {TD} at (0,11) size 91x23 [border: (0.50px none #000000)] [r=0 c=0 rs=2 cs=1]
              RenderText {#text} at (1,2) size 89x19
                text run at (1,2) width 89: "Row 2, Cell 1"
            RenderTableCell {TD} at (90,0) size 183x23 [border: (0.50px none #000000)] [r=0 c=1 rs=1 cs=2]
              RenderText {#text} at (1,2) size 89x19
                text run at (1,2) width 89: "Row 2, Cell 2"
          RenderTableRow {TR} at (0,22) size 273x23
            RenderTableCell {TD} at (90,22) size 92x23 [r=1 c=1 rs=1 cs=1]
              RenderText {#text} at (1,1) size 89x19
                text run at (1,1) width 89: "Row 3, Cell 2"
            RenderTableCell {TD} at (181,33) size 92x23 [border: none] [r=1 c=2 rs=2 cs=1]
              RenderText {#text} at (1,1) size 89x19
                text run at (1,1) width 89: "Row 3, Cell 3"
          RenderTableRow {TR} at (0,44) size 273x23
            RenderTableCell {TD} at (0,44) size 182x23 [border: none] [r=2 c=0 rs=1 cs=2]
              RenderText {#text} at (1,1) size 89x19
                text run at (1,1) width 89: "Row 4, Cell 1"
        RenderTableSection {TFOOT} at (0,110) size 273x24 [border: (1px solid #808080) none (1px solid #808080) none]
          RenderTableRow {TR} at (0,0) size 273x23
            RenderTableCell {TD} at (0,0) size 91x23 [border: (0.50px none #000000)] [r=0 c=0 rs=1 cs=1]
              RenderText {#text} at (1,2) size 89x19
                text run at (1,2) width 89: "Row 5, Cell 1"
            RenderTableCell {TD} at (90,0) size 92x23 [border: (0.50px none #000000)] [r=0 c=1 rs=1 cs=1]
              RenderText {#text} at (1,2) size 89x19
                text run at (1,2) width 89: "Row 5, Cell 2"
            RenderTableCell {TD} at (181,0) size 92x23 [border: (0.50px none #000000)] [r=0 c=2 rs=1 cs=1]
              RenderText {#text} at (1,2) size 89x19
                text run at (1,2) width 89: "Row 5, Cell 3"
      RenderTable {TABLE} at (0,2334) size 275x132 [border: none (0.50px solid #808080) none (0.50px solid #808080)]
        RenderBlock {CAPTION} at (0,0) size 275x20
          RenderInline {A} at (0,0) size 251x19
            RenderText {#text} at (9,0) size 251x19
              text run at (9,0) width 251: "Frame=\x{201C}vsides\x{201D} and Rules=\x{201C}groups\x{201D}"
          RenderInline (generated) at (0,0) size 6x19
            RenderText at (259,0) size 6x19
              text run at (259,0) width 6: ":"
        RenderTableSection {THEAD} at (0,20) size 275x23 [border: (1px solid #808080) none (1px solid #808080) none]
          RenderTableRow {TR} at (0,0) size 274x23
            RenderTableCell {TD} at (0,0) size 92x23 [border: none] [r=0 c=0 rs=1 cs=1]
              RenderText {#text} at (1,1) size 90x19
                text run at (1,1) width 90: "Row 1, Cell 1"
            RenderTableCell {TD} at (91,0) size 92x23 [border: none] [r=0 c=1 rs=1 cs=1]
              RenderText {#text} at (1,1) size 89x19
                text run at (1,1) width 89: "Row 1, Cell 2"
            RenderTableCell {TD} at (182,0) size 92x23 [border: none] [r=0 c=2 rs=1 cs=1]
              RenderText {#text} at (1,1) size 89x19
                text run at (1,1) width 89: "Row 1, Cell 3"
        RenderTableSection {TBODY} at (0,42) size 275x68 [border: (1px solid #808080) none (1px solid #808080) none]
          RenderTableRow {TR} at (0,0) size 274x23
            RenderTableCell {TD} at (0,11) size 92x23 [border: (0.50px none #000000)] [r=0 c=0 rs=2 cs=1]
              RenderText {#text} at (1,2) size 90x19
                text run at (1,2) width 90: "Row 2, Cell 1"
            RenderTableCell {TD} at (91,0) size 183x23 [border: (0.50px none #000000)] [r=0 c=1 rs=1 cs=2]
              RenderText {#text} at (1,2) size 89x19
                text run at (1,2) width 89: "Row 2, Cell 2"
          RenderTableRow {TR} at (0,22) size 274x23
            RenderTableCell {TD} at (91,22) size 92x23 [r=1 c=1 rs=1 cs=1]
              RenderText {#text} at (1,1) size 89x19
                text run at (1,1) width 89: "Row 3, Cell 2"
            RenderTableCell {TD} at (182,33) size 92x23 [border: none] [r=1 c=2 rs=2 cs=1]
              RenderText {#text} at (1,1) size 89x19
                text run at (1,1) width 89: "Row 3, Cell 3"
          RenderTableRow {TR} at (0,44) size 274x23
            RenderTableCell {TD} at (0,44) size 183x23 [border: none] [r=2 c=0 rs=1 cs=2]
              RenderText {#text} at (1,1) size 90x19
                text run at (1,1) width 90: "Row 4, Cell 1"
        RenderTableSection {TFOOT} at (0,109) size 275x23 [border: (1px solid #808080) none (1px solid #808080) none]
          RenderTableRow {TR} at (0,0) size 274x23
            RenderTableCell {TD} at (0,0) size 92x23 [border: (0.50px none #000000)] [r=0 c=0 rs=1 cs=1]
              RenderText {#text} at (1,2) size 90x19
                text run at (1,2) width 90: "Row 5, Cell 1"
            RenderTableCell {TD} at (91,0) size 92x23 [border: (0.50px none #000000)] [r=0 c=1 rs=1 cs=1]
              RenderText {#text} at (1,2) size 89x19
                text run at (1,2) width 89: "Row 5, Cell 2"
            RenderTableCell {TD} at (182,0) size 92x23 [border: (0.50px none #000000)] [r=0 c=2 rs=1 cs=1]
              RenderText {#text} at (1,2) size 89x19
                text run at (1,2) width 89: "Row 5, Cell 3"
      RenderTable {TABLE} at (0,2514) size 274x132 [border: none (0.50px solid #808080)]
        RenderBlock {CAPTION} at (0,0) size 274x20
          RenderInline {A} at (0,0) size 231x19
            RenderText {#text} at (19,0) size 231x19
              text run at (19,0) width 231: "Frame=\x{201C}lhs\x{201D} and Rules=\x{201C}groups\x{201D}"
          RenderInline (generated) at (0,0) size 6x19
            RenderText at (249,0) size 6x19
              text run at (249,0) width 6: ":"
        RenderTableSection {THEAD} at (0,20) size 274x23 [border: (1px solid #808080) none (1px solid #808080) none]
          RenderTableRow {TR} at (0,0) size 274x23
            RenderTableCell {TD} at (0,0) size 92x23 [border: none] [r=0 c=0 rs=1 cs=1]
              RenderText {#text} at (1,1) size 90x19
                text run at (1,1) width 90: "Row 1, Cell 1"
            RenderTableCell {TD} at (91,0) size 92x23 [border: none] [r=0 c=1 rs=1 cs=1]
              RenderText {#text} at (1,1) size 89x19
                text run at (1,1) width 89: "Row 1, Cell 2"
            RenderTableCell {TD} at (182,0) size 92x23 [border: none] [r=0 c=2 rs=1 cs=1]
              RenderText {#text} at (1,1) size 89x19
                text run at (1,1) width 89: "Row 1, Cell 3"
        RenderTableSection {TBODY} at (0,42) size 274x68 [border: (1px solid #808080) none (1px solid #808080) none]
          RenderTableRow {TR} at (0,0) size 274x23
            RenderTableCell {TD} at (0,11) size 92x23 [border: (0.50px none #000000)] [r=0 c=0 rs=2 cs=1]
              RenderText {#text} at (1,2) size 90x19
                text run at (1,2) width 90: "Row 2, Cell 1"
            RenderTableCell {TD} at (91,0) size 183x23 [border: (0.50px none #000000)] [r=0 c=1 rs=1 cs=2]
              RenderText {#text} at (1,2) size 89x19
                text run at (1,2) width 89: "Row 2, Cell 2"
          RenderTableRow {TR} at (0,22) size 274x23
            RenderTableCell {TD} at (91,22) size 92x23 [r=1 c=1 rs=1 cs=1]
              RenderText {#text} at (1,1) size 89x19
                text run at (1,1) width 89: "Row 3, Cell 2"
            RenderTableCell {TD} at (182,33) size 92x23 [border: none] [r=1 c=2 rs=2 cs=1]
              RenderText {#text} at (1,1) size 89x19
                text run at (1,1) width 89: "Row 3, Cell 3"
          RenderTableRow {TR} at (0,44) size 274x23
            RenderTableCell {TD} at (0,44) size 183x23 [border: none] [r=2 c=0 rs=1 cs=2]
              RenderText {#text} at (1,1) size 90x19
                text run at (1,1) width 90: "Row 4, Cell 1"
        RenderTableSection {TFOOT} at (0,109) size 274x23 [border: (1px solid #808080) none (1px solid #808080) none]
          RenderTableRow {TR} at (0,0) size 274x23
            RenderTableCell {TD} at (0,0) size 92x23 [border: (0.50px none #000000)] [r=0 c=0 rs=1 cs=1]
              RenderText {#text} at (1,2) size 90x19
                text run at (1,2) width 90: "Row 5, Cell 1"
            RenderTableCell {TD} at (91,0) size 92x23 [border: (0.50px none #000000)] [r=0 c=1 rs=1 cs=1]
              RenderText {#text} at (1,2) size 89x19
                text run at (1,2) width 89: "Row 5, Cell 2"
            RenderTableCell {TD} at (182,0) size 92x23 [border: (0.50px none #000000)] [r=0 c=2 rs=1 cs=1]
              RenderText {#text} at (1,2) size 89x19
                text run at (1,2) width 89: "Row 5, Cell 3"
      RenderTable {TABLE} at (0,2694) size 274x132 [border: none (0.50px solid #808080) none]
        RenderBlock {CAPTION} at (0,0) size 274x20
          RenderInline {A} at (0,0) size 232x19
            RenderText {#text} at (18,0) size 232x19
              text run at (18,0) width 232: "Frame=\x{201C}rhs\x{201D} and Rules=\x{201C}groups\x{201D}"
          RenderInline (generated) at (0,0) size 7x19
            RenderText at (249,0) size 7x19
              text run at (249,0) width 7: ":"
        RenderTableSection {THEAD} at (0,20) size 274x23 [border: (1px solid #808080) none (1px solid #808080) none]
          RenderTableRow {TR} at (0,0) size 274x23
            RenderTableCell {TD} at (0,0) size 91x23 [border: none] [r=0 c=0 rs=1 cs=1]
              RenderText {#text} at (1,1) size 89x19
                text run at (1,1) width 89: "Row 1, Cell 1"
            RenderTableCell {TD} at (90,0) size 92x23 [border: none] [r=0 c=1 rs=1 cs=1]
              RenderText {#text} at (1,1) size 89x19
                text run at (1,1) width 89: "Row 1, Cell 2"
            RenderTableCell {TD} at (181,0) size 93x23 [border: none] [r=0 c=2 rs=1 cs=1]
              RenderText {#text} at (1,1) size 89x19
                text run at (1,1) width 89: "Row 1, Cell 3"
        RenderTableSection {TBODY} at (0,42) size 274x68 [border: (1px solid #808080) none (1px solid #808080) none]
          RenderTableRow {TR} at (0,0) size 274x23
            RenderTableCell {TD} at (0,11) size 91x23 [border: (0.50px none #000000)] [r=0 c=0 rs=2 cs=1]
              RenderText {#text} at (1,2) size 89x19
                text run at (1,2) width 89: "Row 2, Cell 1"
            RenderTableCell {TD} at (90,0) size 184x23 [border: (0.50px none #000000)] [r=0 c=1 rs=1 cs=2]
              RenderText {#text} at (1,2) size 89x19
                text run at (1,2) width 89: "Row 2, Cell 2"
          RenderTableRow {TR} at (0,22) size 274x23
            RenderTableCell {TD} at (90,22) size 92x23 [r=1 c=1 rs=1 cs=1]
              RenderText {#text} at (1,1) size 89x19
                text run at (1,1) width 89: "Row 3, Cell 2"
            RenderTableCell {TD} at (181,33) size 93x23 [border: none] [r=1 c=2 rs=2 cs=1]
              RenderText {#text} at (1,1) size 89x19
                text run at (1,1) width 89: "Row 3, Cell 3"
          RenderTableRow {TR} at (0,44) size 274x23
            RenderTableCell {TD} at (0,44) size 182x23 [border: none] [r=2 c=0 rs=1 cs=2]
              RenderText {#text} at (1,1) size 89x19
                text run at (1,1) width 89: "Row 4, Cell 1"
        RenderTableSection {TFOOT} at (0,109) size 274x23 [border: (1px solid #808080) none (1px solid #808080) none]
          RenderTableRow {TR} at (0,0) size 274x23
            RenderTableCell {TD} at (0,0) size 91x23 [border: (0.50px none #000000)] [r=0 c=0 rs=1 cs=1]
              RenderText {#text} at (1,2) size 89x19
                text run at (1,2) width 89: "Row 5, Cell 1"
            RenderTableCell {TD} at (90,0) size 92x23 [border: (0.50px none #000000)] [r=0 c=1 rs=1 cs=1]
              RenderText {#text} at (1,2) size 89x19
                text run at (1,2) width 89: "Row 5, Cell 2"
            RenderTableCell {TD} at (181,0) size 93x23 [border: (0.50px none #000000)] [r=0 c=2 rs=1 cs=1]
              RenderText {#text} at (1,2) size 89x19
                text run at (1,2) width 89: "Row 5, Cell 3"
      RenderTable {TABLE} at (0,2874) size 275x134 [border: (0.50px solid #808080)]
        RenderBlock {CAPTION} at (0,0) size 275x20
          RenderInline {A} at (0,0) size 235x19
            RenderText {#text} at (17,0) size 235x19
              text run at (17,0) width 235: "Frame=\x{201C}box\x{201D} and Rules=\x{201C}groups\x{201D}"
          RenderInline (generated) at (0,0) size 7x19
            RenderText at (251,0) size 7x19
              text run at (251,0) width 7: ":"
        RenderTableSection {THEAD} at (0,20) size 275x24 [border: (1px solid #808080) none (1px solid #808080) none]
          RenderTableRow {TR} at (0,0) size 274x23
            RenderTableCell {TD} at (0,0) size 92x23 [border: (0.50px none #000000)] [r=0 c=0 rs=1 cs=1]
              RenderText {#text} at (1,2) size 90x19
                text run at (1,2) width 90: "Row 1, Cell 1"
            RenderTableCell {TD} at (91,0) size 92x23 [border: (0.50px none #000000)] [r=0 c=1 rs=1 cs=1]
              RenderText {#text} at (1,2) size 89x19
                text run at (1,2) width 89: "Row 1, Cell 2"
            RenderTableCell {TD} at (182,0) size 92x23 [border: (0.50px none #000000)] [r=0 c=2 rs=1 cs=1]
              RenderText {#text} at (1,2) size 89x19
                text run at (1,2) width 89: "Row 1, Cell 3"
        RenderTableSection {TBODY} at (0,43) size 275x68 [border: (1px solid #808080) none (1px solid #808080) none]
          RenderTableRow {TR} at (0,0) size 274x23
            RenderTableCell {TD} at (0,11) size 92x23 [border: (0.50px none #000000)] [r=0 c=0 rs=2 cs=1]
              RenderText {#text} at (1,2) size 90x19
                text run at (1,2) width 90: "Row 2, Cell 1"
            RenderTableCell {TD} at (91,0) size 183x23 [border: (0.50px none #000000)] [r=0 c=1 rs=1 cs=2]
              RenderText {#text} at (1,2) size 89x19
                text run at (1,2) width 89: "Row 2, Cell 2"
          RenderTableRow {TR} at (0,22) size 274x23
            RenderTableCell {TD} at (91,22) size 92x23 [r=1 c=1 rs=1 cs=1]
              RenderText {#text} at (1,1) size 89x19
                text run at (1,1) width 89: "Row 3, Cell 2"
            RenderTableCell {TD} at (182,33) size 92x23 [border: none] [r=1 c=2 rs=2 cs=1]
              RenderText {#text} at (1,1) size 89x19
                text run at (1,1) width 89: "Row 3, Cell 3"
          RenderTableRow {TR} at (0,44) size 274x23
            RenderTableCell {TD} at (0,44) size 183x23 [border: none] [r=2 c=0 rs=1 cs=2]
              RenderText {#text} at (1,1) size 90x19
                text run at (1,1) width 90: "Row 4, Cell 1"
        RenderTableSection {TFOOT} at (0,110) size 275x24 [border: (1px solid #808080) none (1px solid #808080) none]
          RenderTableRow {TR} at (0,0) size 274x23
            RenderTableCell {TD} at (0,0) size 92x23 [border: (0.50px none #000000)] [r=0 c=0 rs=1 cs=1]
              RenderText {#text} at (1,2) size 90x19
                text run at (1,2) width 90: "Row 5, Cell 1"
            RenderTableCell {TD} at (91,0) size 92x23 [border: (0.50px none #000000)] [r=0 c=1 rs=1 cs=1]
              RenderText {#text} at (1,2) size 89x19
                text run at (1,2) width 89: "Row 5, Cell 2"
            RenderTableCell {TD} at (182,0) size 92x23 [border: (0.50px none #000000)] [r=0 c=2 rs=1 cs=1]
              RenderText {#text} at (1,2) size 89x19
                text run at (1,2) width 89: "Row 5, Cell 3"
      RenderTable {TABLE} at (0,3056) size 275x134 [border: (0.50px solid #808080)]
        RenderBlock {CAPTION} at (0,0) size 275x20
          RenderInline {A} at (0,0) size 255x19
            RenderText {#text} at (7,0) size 255x19
              text run at (7,0) width 255: "Frame=\x{201C}border\x{201D} and Rules=\x{201C}groups\x{201D}"
          RenderInline (generated) at (0,0) size 6x19
            RenderText at (261,0) size 6x19
              text run at (261,0) width 6: ":"
        RenderTableSection {THEAD} at (0,20) size 275x24 [border: (1px solid #808080) none (1px solid #808080) none]
          RenderTableRow {TR} at (0,0) size 274x23
            RenderTableCell {TD} at (0,0) size 92x23 [border: (0.50px none #000000)] [r=0 c=0 rs=1 cs=1]
              RenderText {#text} at (1,2) size 90x19
                text run at (1,2) width 90: "Row 1, Cell 1"
            RenderTableCell {TD} at (91,0) size 92x23 [border: (0.50px none #000000)] [r=0 c=1 rs=1 cs=1]
              RenderText {#text} at (1,2) size 89x19
                text run at (1,2) width 89: "Row 1, Cell 2"
            RenderTableCell {TD} at (182,0) size 92x23 [border: (0.50px none #000000)] [r=0 c=2 rs=1 cs=1]
              RenderText {#text} at (1,2) size 89x19
                text run at (1,2) width 89: "Row 1, Cell 3"
        RenderTableSection {TBODY} at (0,43) size 275x68 [border: (1px solid #808080) none (1px solid #808080) none]
          RenderTableRow {TR} at (0,0) size 274x23
            RenderTableCell {TD} at (0,11) size 92x23 [border: (0.50px none #000000)] [r=0 c=0 rs=2 cs=1]
              RenderText {#text} at (1,2) size 90x19
                text run at (1,2) width 90: "Row 2, Cell 1"
            RenderTableCell {TD} at (91,0) size 183x23 [border: (0.50px none #000000)] [r=0 c=1 rs=1 cs=2]
              RenderText {#text} at (1,2) size 89x19
                text run at (1,2) width 89: "Row 2, Cell 2"
          RenderTableRow {TR} at (0,22) size 274x23
            RenderTableCell {TD} at (91,22) size 92x23 [r=1 c=1 rs=1 cs=1]
              RenderText {#text} at (1,1) size 89x19
                text run at (1,1) width 89: "Row 3, Cell 2"
            RenderTableCell {TD} at (182,33) size 92x23 [border: none] [r=1 c=2 rs=2 cs=1]
              RenderText {#text} at (1,1) size 89x19
                text run at (1,1) width 89: "Row 3, Cell 3"
          RenderTableRow {TR} at (0,44) size 274x23
            RenderTableCell {TD} at (0,44) size 183x23 [border: none] [r=2 c=0 rs=1 cs=2]
              RenderText {#text} at (1,1) size 90x19
                text run at (1,1) width 90: "Row 4, Cell 1"
        RenderTableSection {TFOOT} at (0,110) size 275x24 [border: (1px solid #808080) none (1px solid #808080) none]
          RenderTableRow {TR} at (0,0) size 274x23
            RenderTableCell {TD} at (0,0) size 92x23 [border: (0.50px none #000000)] [r=0 c=0 rs=1 cs=1]
              RenderText {#text} at (1,2) size 90x19
                text run at (1,2) width 90: "Row 5, Cell 1"
            RenderTableCell {TD} at (91,0) size 92x23 [border: (0.50px none #000000)] [r=0 c=1 rs=1 cs=1]
              RenderText {#text} at (1,2) size 89x19
                text run at (1,2) width 89: "Row 5, Cell 2"
            RenderTableCell {TD} at (182,0) size 92x23 [border: (0.50px none #000000)] [r=0 c=2 rs=1 cs=1]
              RenderText {#text} at (1,2) size 89x19
                text run at (1,2) width 89: "Row 5, Cell 3"
      RenderTable {TABLE} at (0,3238) size 273x134
        RenderBlock {CAPTION} at (0,0) size 273x20
          RenderInline {A} at (0,0) size 225x19
            RenderText {#text} at (21,0) size 225x19
              text run at (21,0) width 225: "Frame=\x{201C}void\x{201D} and Rules=\x{201C}rows\x{201D}"
          RenderInline (generated) at (0,0) size 6x19
            RenderText at (245,0) size 6x19
              text run at (245,0) width 6: ":"
        RenderTableSection {THEAD} at (0,20) size 273x23
          RenderTableRow {TR} at (0,0) size 273x23
            RenderTableCell {TD} at (0,0) size 91x23 [border: none none (0.50px solid #808080) none] [r=0 c=0 rs=1 cs=1]
              RenderText {#text} at (1,1) size 89x19
                text run at (1,1) width 89: "Row 1, Cell 1"
            RenderTableCell {TD} at (90,0) size 92x23 [border: none none (0.50px solid #808080) none] [r=0 c=1 rs=1 cs=1]
              RenderText {#text} at (1,1) size 89x19
                text run at (1,1) width 89: "Row 1, Cell 2"
            RenderTableCell {TD} at (181,0) size 92x23 [border: none none (0.50px solid #808080) none] [r=0 c=2 rs=1 cs=1]
              RenderText {#text} at (1,1) size 89x19
                text run at (1,1) width 89: "Row 1, Cell 3"
        RenderTableSection {TBODY} at (0,42) size 273x70
          RenderTableRow {TR} at (0,0) size 273x23
            RenderTableCell {TD} at (0,11) size 91x24 [border: (0.50px solid #808080) none (0.50px solid #808080) none] [r=0 c=0 rs=2 cs=1]
              RenderText {#text} at (1,1) size 89x20
                text run at (1,2) width 89: "Row 2, Cell 1"
            RenderTableCell {TD} at (90,0) size 183x23 [border: (0.50px solid #808080) none (0.50px solid #808080) none] [r=0 c=1 rs=1 cs=2]
              RenderText {#text} at (1,2) size 89x19
                text run at (1,2) width 89: "Row 2, Cell 2"
          RenderTableRow {TR} at (0,23) size 273x23
            RenderTableCell {TD} at (90,23) size 92x23 [border: (0.50px solid #808080) none (0.50px solid #808080) none] [r=1 c=1 rs=1 cs=1]
              RenderText {#text} at (1,2) size 89x19
                text run at (1,2) width 89: "Row 3, Cell 2"
            RenderTableCell {TD} at (181,34) size 92x24 [border: (0.50px solid #808080) none (0.50px solid #808080) none] [r=1 c=2 rs=2 cs=1]
              RenderText {#text} at (1,1) size 89x20
                text run at (1,2) width 89: "Row 3, Cell 3"
          RenderTableRow {TR} at (0,46) size 273x23
            RenderTableCell {TD} at (0,46) size 182x23 [border: (0.50px solid #808080) none (0.50px solid #808080) none] [r=2 c=0 rs=1 cs=2]
              RenderText {#text} at (1,2) size 89x19
                text run at (1,2) width 89: "Row 4, Cell 1"
        RenderTableSection {TFOOT} at (0,111) size 273x23
          RenderTableRow {TR} at (0,0) size 273x23
            RenderTableCell {TD} at (0,0) size 91x23 [border: (0.50px solid #808080) none none none] [r=0 c=0 rs=1 cs=1]
              RenderText {#text} at (1,2) size 89x19
                text run at (1,2) width 89: "Row 5, Cell 1"
            RenderTableCell {TD} at (90,0) size 92x23 [border: (0.50px solid #808080) none none none] [r=0 c=1 rs=1 cs=1]
              RenderText {#text} at (1,2) size 89x19
                text run at (1,2) width 89: "Row 5, Cell 2"
            RenderTableCell {TD} at (181,0) size 92x23 [border: (0.50px solid #808080) none none none] [r=0 c=2 rs=1 cs=1]
              RenderText {#text} at (1,2) size 89x19
                text run at (1,2) width 89: "Row 5, Cell 3"
      RenderTable {TABLE} at (0,3420) size 273x135 [border: (0.50px solid #808080) none]
        RenderBlock {CAPTION} at (0,0) size 273x20
          RenderInline {A} at (0,0) size 235x19
            RenderText {#text} at (16,0) size 235x19
              text run at (16,0) width 235: "Frame=\x{201C}above\x{201D} and Rules=\x{201C}rows\x{201D}"
          RenderInline (generated) at (0,0) size 7x19
            RenderText at (250,0) size 7x19
              text run at (250,0) width 7: ":"
        RenderTableSection {THEAD} at (0,20) size 273x24
          RenderTableRow {TR} at (0,0) size 273x23
            RenderTableCell {TD} at (0,0) size 91x23 [border: (0.50px solid #808080) none (0.50px solid #808080) none] [r=0 c=0 rs=1 cs=1]
              RenderText {#text} at (1,2) size 89x19
                text run at (1,2) width 89: "Row 1, Cell 1"
            RenderTableCell {TD} at (90,0) size 92x23 [border: (0.50px solid #808080) none (0.50px solid #808080) none] [r=0 c=1 rs=1 cs=1]
              RenderText {#text} at (1,2) size 89x19
                text run at (1,2) width 89: "Row 1, Cell 2"
            RenderTableCell {TD} at (181,0) size 92x23 [border: (0.50px solid #808080) none (0.50px solid #808080) none] [r=0 c=2 rs=1 cs=1]
              RenderText {#text} at (1,2) size 89x19
                text run at (1,2) width 89: "Row 1, Cell 3"
        RenderTableSection {TBODY} at (0,43) size 273x70
          RenderTableRow {TR} at (0,0) size 273x23
            RenderTableCell {TD} at (0,11) size 91x24 [border: (0.50px solid #808080) none (0.50px solid #808080) none] [r=0 c=0 rs=2 cs=1]
              RenderText {#text} at (1,1) size 89x20
                text run at (1,2) width 89: "Row 2, Cell 1"
            RenderTableCell {TD} at (90,0) size 183x23 [border: (0.50px solid #808080) none (0.50px solid #808080) none] [r=0 c=1 rs=1 cs=2]
              RenderText {#text} at (1,2) size 89x19
                text run at (1,2) width 89: "Row 2, Cell 2"
          RenderTableRow {TR} at (0,23) size 273x23
            RenderTableCell {TD} at (90,23) size 92x23 [border: (0.50px solid #808080) none (0.50px solid #808080) none] [r=1 c=1 rs=1 cs=1]
              RenderText {#text} at (1,2) size 89x19
                text run at (1,2) width 89: "Row 3, Cell 2"
            RenderTableCell {TD} at (181,34) size 92x24 [border: (0.50px solid #808080) none (0.50px solid #808080) none] [r=1 c=2 rs=2 cs=1]
              RenderText {#text} at (1,1) size 89x20
                text run at (1,2) width 89: "Row 3, Cell 3"
          RenderTableRow {TR} at (0,46) size 273x23
            RenderTableCell {TD} at (0,46) size 182x23 [border: (0.50px solid #808080) none (0.50px solid #808080) none] [r=2 c=0 rs=1 cs=2]
              RenderText {#text} at (1,2) size 89x19
                text run at (1,2) width 89: "Row 4, Cell 1"
        RenderTableSection {TFOOT} at (0,112) size 273x23
          RenderTableRow {TR} at (0,0) size 273x23
            RenderTableCell {TD} at (0,0) size 91x23 [border: (0.50px solid #808080) none none none] [r=0 c=0 rs=1 cs=1]
              RenderText {#text} at (1,2) size 89x19
                text run at (1,2) width 89: "Row 5, Cell 1"
            RenderTableCell {TD} at (90,0) size 92x23 [border: (0.50px solid #808080) none none none] [r=0 c=1 rs=1 cs=1]
              RenderText {#text} at (1,2) size 89x19
                text run at (1,2) width 89: "Row 5, Cell 2"
            RenderTableCell {TD} at (181,0) size 92x23 [border: (0.50px solid #808080) none none none] [r=0 c=2 rs=1 cs=1]
              RenderText {#text} at (1,2) size 89x19
                text run at (1,2) width 89: "Row 5, Cell 3"
      RenderTable {TABLE} at (0,3603) size 273x135 [border: none (0.50px solid #808080) none]
        RenderBlock {CAPTION} at (0,0) size 273x20
          RenderInline {A} at (0,0) size 235x19
            RenderText {#text} at (16,0) size 235x19
              text run at (16,0) width 235: "Frame=\x{201C}below\x{201D} and Rules=\x{201C}rows\x{201D}"
          RenderInline (generated) at (0,0) size 7x19
            RenderText at (250,0) size 7x19
              text run at (250,0) width 7: ":"
        RenderTableSection {THEAD} at (0,20) size 273x23
          RenderTableRow {TR} at (0,0) size 273x23
            RenderTableCell {TD} at (0,0) size 91x23 [border: none none (0.50px solid #808080) none] [r=0 c=0 rs=1 cs=1]
              RenderText {#text} at (1,1) size 89x19
                text run at (1,1) width 89: "Row 1, Cell 1"
            RenderTableCell {TD} at (90,0) size 92x23 [border: none none (0.50px solid #808080) none] [r=0 c=1 rs=1 cs=1]
              RenderText {#text} at (1,1) size 89x19
                text run at (1,1) width 89: "Row 1, Cell 2"
            RenderTableCell {TD} at (181,0) size 92x23 [border: none none (0.50px solid #808080) none] [r=0 c=2 rs=1 cs=1]
              RenderText {#text} at (1,1) size 89x19
                text run at (1,1) width 89: "Row 1, Cell 3"
        RenderTableSection {TBODY} at (0,42) size 273x70
          RenderTableRow {TR} at (0,0) size 273x23
            RenderTableCell {TD} at (0,11) size 91x24 [border: (0.50px solid #808080) none (0.50px solid #808080) none] [r=0 c=0 rs=2 cs=1]
              RenderText {#text} at (1,1) size 89x20
                text run at (1,2) width 89: "Row 2, Cell 1"
            RenderTableCell {TD} at (90,0) size 183x23 [border: (0.50px solid #808080) none (0.50px solid #808080) none] [r=0 c=1 rs=1 cs=2]
              RenderText {#text} at (1,2) size 89x19
                text run at (1,2) width 89: "Row 2, Cell 2"
          RenderTableRow {TR} at (0,23) size 273x23
            RenderTableCell {TD} at (90,23) size 92x23 [border: (0.50px solid #808080) none (0.50px solid #808080) none] [r=1 c=1 rs=1 cs=1]
              RenderText {#text} at (1,2) size 89x19
                text run at (1,2) width 89: "Row 3, Cell 2"
            RenderTableCell {TD} at (181,34) size 92x24 [border: (0.50px solid #808080) none (0.50px solid #808080) none] [r=1 c=2 rs=2 cs=1]
              RenderText {#text} at (1,1) size 89x20
                text run at (1,2) width 89: "Row 3, Cell 3"
          RenderTableRow {TR} at (0,46) size 273x23
            RenderTableCell {TD} at (0,46) size 182x23 [border: (0.50px solid #808080) none (0.50px solid #808080) none] [r=2 c=0 rs=1 cs=2]
              RenderText {#text} at (1,2) size 89x19
                text run at (1,2) width 89: "Row 4, Cell 1"
        RenderTableSection {TFOOT} at (0,111) size 273x24
          RenderTableRow {TR} at (0,0) size 273x23
            RenderTableCell {TD} at (0,0) size 91x23 [border: (0.50px solid #808080) none (0.50px solid #808080) none] [r=0 c=0 rs=1 cs=1]
              RenderText {#text} at (1,2) size 89x19
                text run at (1,2) width 89: "Row 5, Cell 1"
            RenderTableCell {TD} at (90,0) size 92x23 [border: (0.50px solid #808080) none (0.50px solid #808080) none] [r=0 c=1 rs=1 cs=1]
              RenderText {#text} at (1,2) size 89x19
                text run at (1,2) width 89: "Row 5, Cell 2"
            RenderTableCell {TD} at (181,0) size 92x23 [border: (0.50px solid #808080) none (0.50px solid #808080) none] [r=0 c=2 rs=1 cs=1]
              RenderText {#text} at (1,2) size 89x19
                text run at (1,2) width 89: "Row 5, Cell 3"
      RenderTable {TABLE} at (0,3786) size 273x136 [border: (0.50px solid #808080) none (0.50px solid #808080) none]
        RenderBlock {CAPTION} at (0,0) size 273x20
          RenderInline {A} at (0,0) size 238x19
            RenderText {#text} at (15,0) size 238x19
              text run at (15,0) width 238: "Frame=\x{201C}hsides\x{201D} and Rules=\x{201C}rows\x{201D}"
          RenderInline (generated) at (0,0) size 6x19
            RenderText at (252,0) size 6x19
              text run at (252,0) width 6: ":"
        RenderTableSection {THEAD} at (0,20) size 273x24
          RenderTableRow {TR} at (0,0) size 273x23
            RenderTableCell {TD} at (0,0) size 91x23 [border: (0.50px solid #808080) none (0.50px solid #808080) none] [r=0 c=0 rs=1 cs=1]
              RenderText {#text} at (1,2) size 89x19
                text run at (1,2) width 89: "Row 1, Cell 1"
            RenderTableCell {TD} at (90,0) size 92x23 [border: (0.50px solid #808080) none (0.50px solid #808080) none] [r=0 c=1 rs=1 cs=1]
              RenderText {#text} at (1,2) size 89x19
                text run at (1,2) width 89: "Row 1, Cell 2"
            RenderTableCell {TD} at (181,0) size 92x23 [border: (0.50px solid #808080) none (0.50px solid #808080) none] [r=0 c=2 rs=1 cs=1]
              RenderText {#text} at (1,2) size 89x19
                text run at (1,2) width 89: "Row 1, Cell 3"
        RenderTableSection {TBODY} at (0,43) size 273x70
          RenderTableRow {TR} at (0,0) size 273x23
            RenderTableCell {TD} at (0,11) size 91x24 [border: (0.50px solid #808080) none (0.50px solid #808080) none] [r=0 c=0 rs=2 cs=1]
              RenderText {#text} at (1,1) size 89x20
                text run at (1,2) width 89: "Row 2, Cell 1"
            RenderTableCell {TD} at (90,0) size 183x23 [border: (0.50px solid #808080) none (0.50px solid #808080) none] [r=0 c=1 rs=1 cs=2]
              RenderText {#text} at (1,2) size 89x19
                text run at (1,2) width 89: "Row 2, Cell 2"
          RenderTableRow {TR} at (0,23) size 273x23
            RenderTableCell {TD} at (90,23) size 92x23 [border: (0.50px solid #808080) none (0.50px solid #808080) none] [r=1 c=1 rs=1 cs=1]
              RenderText {#text} at (1,2) size 89x19
                text run at (1,2) width 89: "Row 3, Cell 2"
            RenderTableCell {TD} at (181,34) size 92x24 [border: (0.50px solid #808080) none (0.50px solid #808080) none] [r=1 c=2 rs=2 cs=1]
              RenderText {#text} at (1,1) size 89x20
                text run at (1,2) width 89: "Row 3, Cell 3"
          RenderTableRow {TR} at (0,46) size 273x23
            RenderTableCell {TD} at (0,46) size 182x23 [border: (0.50px solid #808080) none (0.50px solid #808080) none] [r=2 c=0 rs=1 cs=2]
              RenderText {#text} at (1,2) size 89x19
                text run at (1,2) width 89: "Row 4, Cell 1"
        RenderTableSection {TFOOT} at (0,112) size 273x24
          RenderTableRow {TR} at (0,0) size 273x23
            RenderTableCell {TD} at (0,0) size 91x23 [border: (0.50px solid #808080) none (0.50px solid #808080) none] [r=0 c=0 rs=1 cs=1]
              RenderText {#text} at (1,2) size 89x19
                text run at (1,2) width 89: "Row 5, Cell 1"
            RenderTableCell {TD} at (90,0) size 92x23 [border: (0.50px solid #808080) none (0.50px solid #808080) none] [r=0 c=1 rs=1 cs=1]
              RenderText {#text} at (1,2) size 89x19
                text run at (1,2) width 89: "Row 5, Cell 2"
            RenderTableCell {TD} at (181,0) size 92x23 [border: (0.50px solid #808080) none (0.50px solid #808080) none] [r=0 c=2 rs=1 cs=1]
              RenderText {#text} at (1,2) size 89x19
                text run at (1,2) width 89: "Row 5, Cell 3"
      RenderTable {TABLE} at (0,3970) size 275x134 [border: none (0.50px solid #808080) none (0.50px solid #808080)]
        RenderBlock {CAPTION} at (0,0) size 275x20
          RenderInline {A} at (0,0) size 236x19
            RenderText {#text} at (17,0) size 236x19
              text run at (17,0) width 236: "Frame=\x{201C}vsides\x{201D} and Rules=\x{201C}rows\x{201D}"
          RenderInline (generated) at (0,0) size 6x19
            RenderText at (252,0) size 6x19
              text run at (252,0) width 6: ":"
        RenderTableSection {THEAD} at (0,20) size 275x23
          RenderTableRow {TR} at (0,0) size 274x23
            RenderTableCell {TD} at (0,0) size 92x23 [border: none none (0.50px solid #808080) (0.50px none #808080)] [r=0 c=0 rs=1 cs=1]
              RenderText {#text} at (1,1) size 90x19
                text run at (1,1) width 90: "Row 1, Cell 1"
            RenderTableCell {TD} at (91,0) size 92x23 [border: none none (0.50px solid #808080) none] [r=0 c=1 rs=1 cs=1]
              RenderText {#text} at (1,1) size 89x19
                text run at (1,1) width 89: "Row 1, Cell 2"
            RenderTableCell {TD} at (182,0) size 92x23 [border: none (0.50px none #808080) (0.50px solid #808080) none] [r=0 c=2 rs=1 cs=1]
              RenderText {#text} at (1,1) size 89x19
                text run at (1,1) width 89: "Row 1, Cell 3"
        RenderTableSection {TBODY} at (0,42) size 275x70
          RenderTableRow {TR} at (0,0) size 274x23
            RenderTableCell {TD} at (0,11) size 92x24 [border: (0.50px solid #808080) none (0.50px solid #808080) (0.50px none #808080)] [r=0 c=0 rs=2 cs=1]
              RenderText {#text} at (1,1) size 90x20
                text run at (1,2) width 90: "Row 2, Cell 1"
            RenderTableCell {TD} at (91,0) size 183x23 [border: (0.50px solid #808080) (0.50px none #808080) (0.50px solid #808080) none] [r=0 c=1 rs=1 cs=2]
              RenderText {#text} at (1,2) size 89x19
                text run at (1,2) width 89: "Row 2, Cell 2"
          RenderTableRow {TR} at (0,23) size 274x23
            RenderTableCell {TD} at (91,23) size 92x23 [border: (0.50px solid #808080) none (0.50px solid #808080) none] [r=1 c=1 rs=1 cs=1]
              RenderText {#text} at (1,2) size 89x19
                text run at (1,2) width 89: "Row 3, Cell 2"
            RenderTableCell {TD} at (182,34) size 92x24 [border: (0.50px solid #808080) (0.50px none #808080) (0.50px solid #808080) none] [r=1 c=2 rs=2 cs=1]
              RenderText {#text} at (1,1) size 89x20
                text run at (1,2) width 89: "Row 3, Cell 3"
          RenderTableRow {TR} at (0,46) size 274x23
            RenderTableCell {TD} at (0,46) size 183x23 [border: (0.50px solid #808080) none (0.50px solid #808080) (0.50px none #808080)] [r=2 c=0 rs=1 cs=2]
              RenderText {#text} at (1,2) size 90x19
                text run at (1,2) width 90: "Row 4, Cell 1"
        RenderTableSection {TFOOT} at (0,111) size 275x23
          RenderTableRow {TR} at (0,0) size 274x23
            RenderTableCell {TD} at (0,0) size 92x23 [border: (0.50px solid #808080) none none (0.50px none #808080)] [r=0 c=0 rs=1 cs=1]
              RenderText {#text} at (1,2) size 90x19
                text run at (1,2) width 90: "Row 5, Cell 1"
            RenderTableCell {TD} at (91,0) size 92x23 [border: (0.50px solid #808080) none none none] [r=0 c=1 rs=1 cs=1]
              RenderText {#text} at (1,2) size 89x19
                text run at (1,2) width 89: "Row 5, Cell 2"
            RenderTableCell {TD} at (182,0) size 92x23 [border: (0.50px solid #808080) (0.50px none #808080) none none] [r=0 c=2 rs=1 cs=1]
              RenderText {#text} at (1,2) size 89x19
                text run at (1,2) width 89: "Row 5, Cell 3"
      RenderTable {TABLE} at (0,4152) size 274x134 [border: none (0.50px solid #808080)]
        RenderBlock {CAPTION} at (0,0) size 274x20
          RenderInline {A} at (0,0) size 216x19
            RenderText {#text} at (26,0) size 216x19
              text run at (26,0) width 216: "Frame=\x{201C}lhs\x{201D} and Rules=\x{201C}rows\x{201D}"
          RenderInline (generated) at (0,0) size 7x19
            RenderText at (241,0) size 7x19
              text run at (241,0) width 7: ":"
        RenderTableSection {THEAD} at (0,20) size 274x23
          RenderTableRow {TR} at (0,0) size 274x23
            RenderTableCell {TD} at (0,0) size 92x23 [border: none none (0.50px solid #808080) (0.50px none #808080)] [r=0 c=0 rs=1 cs=1]
              RenderText {#text} at (1,1) size 90x19
                text run at (1,1) width 90: "Row 1, Cell 1"
            RenderTableCell {TD} at (91,0) size 92x23 [border: none none (0.50px solid #808080) none] [r=0 c=1 rs=1 cs=1]
              RenderText {#text} at (1,1) size 89x19
                text run at (1,1) width 89: "Row 1, Cell 2"
            RenderTableCell {TD} at (182,0) size 92x23 [border: none none (0.50px solid #808080) none] [r=0 c=2 rs=1 cs=1]
              RenderText {#text} at (1,1) size 89x19
                text run at (1,1) width 89: "Row 1, Cell 3"
        RenderTableSection {TBODY} at (0,42) size 274x70
          RenderTableRow {TR} at (0,0) size 274x23
            RenderTableCell {TD} at (0,11) size 92x24 [border: (0.50px solid #808080) none (0.50px solid #808080) (0.50px none #808080)] [r=0 c=0 rs=2 cs=1]
              RenderText {#text} at (1,1) size 90x20
                text run at (1,2) width 90: "Row 2, Cell 1"
            RenderTableCell {TD} at (91,0) size 183x23 [border: (0.50px solid #808080) none (0.50px solid #808080) none] [r=0 c=1 rs=1 cs=2]
              RenderText {#text} at (1,2) size 89x19
                text run at (1,2) width 89: "Row 2, Cell 2"
          RenderTableRow {TR} at (0,23) size 274x23
            RenderTableCell {TD} at (91,23) size 92x23 [border: (0.50px solid #808080) none (0.50px solid #808080) none] [r=1 c=1 rs=1 cs=1]
              RenderText {#text} at (1,2) size 89x19
                text run at (1,2) width 89: "Row 3, Cell 2"
            RenderTableCell {TD} at (182,34) size 92x24 [border: (0.50px solid #808080) none (0.50px solid #808080) none] [r=1 c=2 rs=2 cs=1]
              RenderText {#text} at (1,1) size 89x20
                text run at (1,2) width 89: "Row 3, Cell 3"
          RenderTableRow {TR} at (0,46) size 274x23
            RenderTableCell {TD} at (0,46) size 183x23 [border: (0.50px solid #808080) none (0.50px solid #808080) (0.50px none #808080)] [r=2 c=0 rs=1 cs=2]
              RenderText {#text} at (1,2) size 90x19
                text run at (1,2) width 90: "Row 4, Cell 1"
        RenderTableSection {TFOOT} at (0,111) size 274x23
          RenderTableRow {TR} at (0,0) size 274x23
            RenderTableCell {TD} at (0,0) size 92x23 [border: (0.50px solid #808080) none none (0.50px none #808080)] [r=0 c=0 rs=1 cs=1]
              RenderText {#text} at (1,2) size 90x19
                text run at (1,2) width 90: "Row 5, Cell 1"
            RenderTableCell {TD} at (91,0) size 92x23 [border: (0.50px solid #808080) none none none] [r=0 c=1 rs=1 cs=1]
              RenderText {#text} at (1,2) size 89x19
                text run at (1,2) width 89: "Row 5, Cell 2"
            RenderTableCell {TD} at (182,0) size 92x23 [border: (0.50px solid #808080) none none none] [r=0 c=2 rs=1 cs=1]
              RenderText {#text} at (1,2) size 89x19
                text run at (1,2) width 89: "Row 5, Cell 3"
      RenderTable {TABLE} at (0,4334) size 274x134 [border: none (0.50px solid #808080) none]
        RenderBlock {CAPTION} at (0,0) size 274x20
          RenderInline {A} at (0,0) size 218x19
            RenderText {#text} at (25,0) size 218x19
              text run at (25,0) width 218: "Frame=\x{201C}rhs\x{201D} and Rules=\x{201C}rows\x{201D}"
          RenderInline (generated) at (0,0) size 7x19
            RenderText at (242,0) size 7x19
              text run at (242,0) width 7: ":"
        RenderTableSection {THEAD} at (0,20) size 274x23
          RenderTableRow {TR} at (0,0) size 274x23
            RenderTableCell {TD} at (0,0) size 91x23 [border: none none (0.50px solid #808080) none] [r=0 c=0 rs=1 cs=1]
              RenderText {#text} at (1,1) size 89x19
                text run at (1,1) width 89: "Row 1, Cell 1"
            RenderTableCell {TD} at (90,0) size 92x23 [border: none none (0.50px solid #808080) none] [r=0 c=1 rs=1 cs=1]
              RenderText {#text} at (1,1) size 89x19
                text run at (1,1) width 89: "Row 1, Cell 2"
            RenderTableCell {TD} at (181,0) size 93x23 [border: none (0.50px none #808080) (0.50px solid #808080) none] [r=0 c=2 rs=1 cs=1]
              RenderText {#text} at (1,1) size 89x19
                text run at (1,1) width 89: "Row 1, Cell 3"
        RenderTableSection {TBODY} at (0,42) size 274x70
          RenderTableRow {TR} at (0,0) size 274x23
            RenderTableCell {TD} at (0,11) size 91x24 [border: (0.50px solid #808080) none (0.50px solid #808080) none] [r=0 c=0 rs=2 cs=1]
              RenderText {#text} at (1,1) size 89x20
                text run at (1,2) width 89: "Row 2, Cell 1"
            RenderTableCell {TD} at (90,0) size 184x23 [border: (0.50px solid #808080) (0.50px none #808080) (0.50px solid #808080) none] [r=0 c=1 rs=1 cs=2]
              RenderText {#text} at (1,2) size 89x19
                text run at (1,2) width 89: "Row 2, Cell 2"
          RenderTableRow {TR} at (0,23) size 274x23
            RenderTableCell {TD} at (90,23) size 92x23 [border: (0.50px solid #808080) none (0.50px solid #808080) none] [r=1 c=1 rs=1 cs=1]
              RenderText {#text} at (1,2) size 89x19
                text run at (1,2) width 89: "Row 3, Cell 2"
            RenderTableCell {TD} at (181,34) size 93x24 [border: (0.50px solid #808080) (0.50px none #808080) (0.50px solid #808080) none] [r=1 c=2 rs=2 cs=1]
              RenderText {#text} at (1,1) size 89x20
                text run at (1,2) width 89: "Row 3, Cell 3"
          RenderTableRow {TR} at (0,46) size 274x23
            RenderTableCell {TD} at (0,46) size 182x23 [border: (0.50px solid #808080) none (0.50px solid #808080) none] [r=2 c=0 rs=1 cs=2]
              RenderText {#text} at (1,2) size 89x19
                text run at (1,2) width 89: "Row 4, Cell 1"
        RenderTableSection {TFOOT} at (0,111) size 274x23
          RenderTableRow {TR} at (0,0) size 274x23
            RenderTableCell {TD} at (0,0) size 91x23 [border: (0.50px solid #808080) none none none] [r=0 c=0 rs=1 cs=1]
              RenderText {#text} at (1,2) size 89x19
                text run at (1,2) width 89: "Row 5, Cell 1"
            RenderTableCell {TD} at (90,0) size 92x23 [border: (0.50px solid #808080) none none none] [r=0 c=1 rs=1 cs=1]
              RenderText {#text} at (1,2) size 89x19
                text run at (1,2) width 89: "Row 5, Cell 2"
            RenderTableCell {TD} at (181,0) size 93x23 [border: (0.50px solid #808080) (0.50px none #808080) none none] [r=0 c=2 rs=1 cs=1]
              RenderText {#text} at (1,2) size 89x19
                text run at (1,2) width 89: "Row 5, Cell 3"
      RenderTable {TABLE} at (0,4516) size 275x136 [border: (0.50px solid #808080)]
        RenderBlock {CAPTION} at (0,0) size 275x20
          RenderInline {A} at (0,0) size 221x19
            RenderText {#text} at (24,0) size 221x19
              text run at (24,0) width 221: "Frame=\x{201C}box\x{201D} and Rules=\x{201C}rows\x{201D}"
          RenderInline (generated) at (0,0) size 7x19
            RenderText at (244,0) size 7x19
              text run at (244,0) width 7: ":"
        RenderTableSection {THEAD} at (0,20) size 275x24
          RenderTableRow {TR} at (0,0) size 274x23
            RenderTableCell {TD} at (0,0) size 92x23 [border: (0.50px solid #808080) none (0.50px solid #808080) (0.50px none #808080)] [r=0 c=0 rs=1 cs=1]
              RenderText {#text} at (1,2) size 90x19
                text run at (1,2) width 90: "Row 1, Cell 1"
            RenderTableCell {TD} at (91,0) size 92x23 [border: (0.50px solid #808080) none (0.50px solid #808080) none] [r=0 c=1 rs=1 cs=1]
              RenderText {#text} at (1,2) size 89x19
                text run at (1,2) width 89: "Row 1, Cell 2"
            RenderTableCell {TD} at (182,0) size 92x23 [border: (0.50px solid #808080) (0.50px none #808080) (0.50px solid #808080) none] [r=0 c=2 rs=1 cs=1]
              RenderText {#text} at (1,2) size 89x19
                text run at (1,2) width 89: "Row 1, Cell 3"
        RenderTableSection {TBODY} at (0,43) size 275x70
          RenderTableRow {TR} at (0,0) size 274x23
            RenderTableCell {TD} at (0,11) size 92x24 [border: (0.50px solid #808080) none (0.50px solid #808080) (0.50px none #808080)] [r=0 c=0 rs=2 cs=1]
              RenderText {#text} at (1,1) size 90x20
                text run at (1,2) width 90: "Row 2, Cell 1"
            RenderTableCell {TD} at (91,0) size 183x23 [border: (0.50px solid #808080) (0.50px none #808080) (0.50px solid #808080) none] [r=0 c=1 rs=1 cs=2]
              RenderText {#text} at (1,2) size 89x19
                text run at (1,2) width 89: "Row 2, Cell 2"
          RenderTableRow {TR} at (0,23) size 274x23
            RenderTableCell {TD} at (91,23) size 92x23 [border: (0.50px solid #808080) none (0.50px solid #808080) none] [r=1 c=1 rs=1 cs=1]
              RenderText {#text} at (1,2) size 89x19
                text run at (1,2) width 89: "Row 3, Cell 2"
            RenderTableCell {TD} at (182,34) size 92x24 [border: (0.50px solid #808080) (0.50px none #808080) (0.50px solid #808080) none] [r=1 c=2 rs=2 cs=1]
              RenderText {#text} at (1,1) size 89x20
                text run at (1,2) width 89: "Row 3, Cell 3"
          RenderTableRow {TR} at (0,46) size 274x23
            RenderTableCell {TD} at (0,46) size 183x23 [border: (0.50px solid #808080) none (0.50px solid #808080) (0.50px none #808080)] [r=2 c=0 rs=1 cs=2]
              RenderText {#text} at (1,2) size 90x19
                text run at (1,2) width 90: "Row 4, Cell 1"
        RenderTableSection {TFOOT} at (0,112) size 275x24
          RenderTableRow {TR} at (0,0) size 274x23
            RenderTableCell {TD} at (0,0) size 92x23 [border: (0.50px solid #808080) none (0.50px solid #808080) (0.50px none #808080)] [r=0 c=0 rs=1 cs=1]
              RenderText {#text} at (1,2) size 90x19
                text run at (1,2) width 90: "Row 5, Cell 1"
            RenderTableCell {TD} at (91,0) size 92x23 [border: (0.50px solid #808080) none (0.50px solid #808080) none] [r=0 c=1 rs=1 cs=1]
              RenderText {#text} at (1,2) size 89x19
                text run at (1,2) width 89: "Row 5, Cell 2"
            RenderTableCell {TD} at (182,0) size 92x23 [border: (0.50px solid #808080) (0.50px none #808080) (0.50px solid #808080) none] [r=0 c=2 rs=1 cs=1]
              RenderText {#text} at (1,2) size 89x19
                text run at (1,2) width 89: "Row 5, Cell 3"
      RenderTable {TABLE} at (0,4700) size 275x136 [border: (0.50px solid #808080)]
        RenderBlock {CAPTION} at (0,0) size 275x20
          RenderInline {A} at (0,0) size 241x19
            RenderText {#text} at (14,0) size 241x19
              text run at (14,0) width 241: "Frame=\x{201C}border\x{201D} and Rules=\x{201C}rows\x{201D}"
          RenderInline (generated) at (0,0) size 6x19
            RenderText at (254,0) size 6x19
              text run at (254,0) width 6: ":"
        RenderTableSection {THEAD} at (0,20) size 275x24
          RenderTableRow {TR} at (0,0) size 274x23
            RenderTableCell {TD} at (0,0) size 92x23 [border: (0.50px solid #808080) none (0.50px solid #808080) (0.50px none #808080)] [r=0 c=0 rs=1 cs=1]
              RenderText {#text} at (1,2) size 90x19
                text run at (1,2) width 90: "Row 1, Cell 1"
            RenderTableCell {TD} at (91,0) size 92x23 [border: (0.50px solid #808080) none (0.50px solid #808080) none] [r=0 c=1 rs=1 cs=1]
              RenderText {#text} at (1,2) size 89x19
                text run at (1,2) width 89: "Row 1, Cell 2"
            RenderTableCell {TD} at (182,0) size 92x23 [border: (0.50px solid #808080) (0.50px none #808080) (0.50px solid #808080) none] [r=0 c=2 rs=1 cs=1]
              RenderText {#text} at (1,2) size 89x19
                text run at (1,2) width 89: "Row 1, Cell 3"
        RenderTableSection {TBODY} at (0,43) size 275x70
          RenderTableRow {TR} at (0,0) size 274x23
            RenderTableCell {TD} at (0,11) size 92x24 [border: (0.50px solid #808080) none (0.50px solid #808080) (0.50px none #808080)] [r=0 c=0 rs=2 cs=1]
              RenderText {#text} at (1,1) size 90x20
                text run at (1,2) width 90: "Row 2, Cell 1"
            RenderTableCell {TD} at (91,0) size 183x23 [border: (0.50px solid #808080) (0.50px none #808080) (0.50px solid #808080) none] [r=0 c=1 rs=1 cs=2]
              RenderText {#text} at (1,2) size 89x19
                text run at (1,2) width 89: "Row 2, Cell 2"
          RenderTableRow {TR} at (0,23) size 274x23
            RenderTableCell {TD} at (91,23) size 92x23 [border: (0.50px solid #808080) none (0.50px solid #808080) none] [r=1 c=1 rs=1 cs=1]
              RenderText {#text} at (1,2) size 89x19
                text run at (1,2) width 89: "Row 3, Cell 2"
            RenderTableCell {TD} at (182,34) size 92x24 [border: (0.50px solid #808080) (0.50px none #808080) (0.50px solid #808080) none] [r=1 c=2 rs=2 cs=1]
              RenderText {#text} at (1,1) size 89x20
                text run at (1,2) width 89: "Row 3, Cell 3"
          RenderTableRow {TR} at (0,46) size 274x23
            RenderTableCell {TD} at (0,46) size 183x23 [border: (0.50px solid #808080) none (0.50px solid #808080) (0.50px none #808080)] [r=2 c=0 rs=1 cs=2]
              RenderText {#text} at (1,2) size 90x19
                text run at (1,2) width 90: "Row 4, Cell 1"
        RenderTableSection {TFOOT} at (0,112) size 275x24
          RenderTableRow {TR} at (0,0) size 274x23
            RenderTableCell {TD} at (0,0) size 92x23 [border: (0.50px solid #808080) none (0.50px solid #808080) (0.50px none #808080)] [r=0 c=0 rs=1 cs=1]
              RenderText {#text} at (1,2) size 90x19
                text run at (1,2) width 90: "Row 5, Cell 1"
            RenderTableCell {TD} at (91,0) size 92x23 [border: (0.50px solid #808080) none (0.50px solid #808080) none] [r=0 c=1 rs=1 cs=1]
              RenderText {#text} at (1,2) size 89x19
                text run at (1,2) width 89: "Row 5, Cell 2"
            RenderTableCell {TD} at (182,0) size 92x23 [border: (0.50px solid #808080) (0.50px none #808080) (0.50px solid #808080) none] [r=0 c=2 rs=1 cs=1]
              RenderText {#text} at (1,2) size 89x19
                text run at (1,2) width 89: "Row 5, Cell 3"
      RenderTable {TABLE} at (0,4884) size 275x130
        RenderBlock {CAPTION} at (0,0) size 275x20
          RenderInline {A} at (0,0) size 219x19
            RenderText {#text} at (25,0) size 219x19
              text run at (25,0) width 219: "Frame=\x{201C}void\x{201D} and Rules=\x{201C}cols\x{201D}"
          RenderInline (generated) at (0,0) size 7x19
            RenderText at (243,0) size 7x19
              text run at (243,0) width 7: ":"
        RenderTableSection {THEAD} at (0,20) size 275x22
          RenderTableRow {TR} at (0,0) size 275x22
            RenderTableCell {TD} at (0,0) size 92x22 [border: none (0.50px solid #808080) none none] [r=0 c=0 rs=1 cs=1]
              RenderText {#text} at (1,1) size 89x19
                text run at (1,1) width 89: "Row 1, Cell 1"
            RenderTableCell {TD} at (91,0) size 93x22 [border: none (0.50px solid #808080) none (0.50px solid #808080)] [r=0 c=1 rs=1 cs=1]
              RenderText {#text} at (1,1) size 90x19
                text run at (1,1) width 90: "Row 1, Cell 2"
            RenderTableCell {TD} at (183,0) size 92x22 [border: none none none (0.50px solid #808080)] [r=0 c=2 rs=1 cs=1]
              RenderText {#text} at (1,1) size 90x19
                text run at (1,1) width 90: "Row 1, Cell 3"
        RenderTableSection {TBODY} at (0,42) size 275x66
          RenderTableRow {TR} at (0,0) size 275x22
            RenderTableCell {TD} at (0,11) size 92x22 [border: none (0.50px solid #808080) none none] [r=0 c=0 rs=2 cs=1]
              RenderText {#text} at (1,1) size 89x19
                text run at (1,1) width 89: "Row 2, Cell 1"
            RenderTableCell {TD} at (91,0) size 184x22 [border: none none none (0.50px solid #808080)] [r=0 c=1 rs=1 cs=2]
              RenderText {#text} at (1,1) size 90x19
                text run at (1,1) width 90: "Row 2, Cell 2"
          RenderTableRow {TR} at (0,22) size 275x22
            RenderTableCell {TD} at (91,22) size 93x22 [border: none (0.50px solid #808080) none (0.50px solid #808080)] [r=1 c=1 rs=1 cs=1]
              RenderText {#text} at (1,1) size 90x19
                text run at (1,1) width 90: "Row 3, Cell 2"
            RenderTableCell {TD} at (183,33) size 92x22 [border: none none none (0.50px solid #808080)] [r=1 c=2 rs=2 cs=1]
              RenderText {#text} at (1,1) size 90x19
                text run at (1,1) width 90: "Row 3, Cell 3"
          RenderTableRow {TR} at (0,44) size 275x22
            RenderTableCell {TD} at (0,44) size 184x22 [border: none (0.50px solid #808080) none none] [r=2 c=0 rs=1 cs=2]
              RenderText {#text} at (1,1) size 89x19
                text run at (1,1) width 89: "Row 4, Cell 1"
        RenderTableSection {TFOOT} at (0,108) size 275x22
          RenderTableRow {TR} at (0,0) size 275x22
            RenderTableCell {TD} at (0,0) size 92x22 [border: none (0.50px solid #808080) none none] [r=0 c=0 rs=1 cs=1]
              RenderText {#text} at (1,1) size 89x19
                text run at (1,1) width 89: "Row 5, Cell 1"
            RenderTableCell {TD} at (91,0) size 93x22 [border: none (0.50px solid #808080) none (0.50px solid #808080)] [r=0 c=1 rs=1 cs=1]
              RenderText {#text} at (1,1) size 90x19
                text run at (1,1) width 90: "Row 5, Cell 2"
            RenderTableCell {TD} at (183,0) size 92x22 [border: none none none (0.50px solid #808080)] [r=0 c=2 rs=1 cs=1]
              RenderText {#text} at (1,1) size 90x19
                text run at (1,1) width 90: "Row 5, Cell 3"
      RenderTable {TABLE} at (0,5062) size 275x131 [border: (0.50px solid #808080) none]
        RenderBlock {CAPTION} at (0,0) size 275x20
          RenderInline {A} at (0,0) size 230x19
            RenderText {#text} at (20,0) size 230x19
              text run at (20,0) width 230: "Frame=\x{201C}above\x{201D} and Rules=\x{201C}cols\x{201D}"
          RenderInline (generated) at (0,0) size 6x19
            RenderText at (249,0) size 6x19
              text run at (249,0) width 6: ":"
        RenderTableSection {THEAD} at (0,20) size 275x23
          RenderTableRow {TR} at (0,0) size 275x23
            RenderTableCell {TD} at (0,0) size 92x23 [border: (0.50px none #808080) (0.50px solid #808080) none none] [r=0 c=0 rs=1 cs=1]
              RenderText {#text} at (1,2) size 89x19
                text run at (1,2) width 89: "Row 1, Cell 1"
            RenderTableCell {TD} at (91,0) size 93x23 [border: (0.50px none #808080) (0.50px solid #808080) none (0.50px solid #808080)] [r=0 c=1 rs=1 cs=1]
              RenderText {#text} at (1,2) size 90x19
                text run at (1,2) width 90: "Row 1, Cell 2"
            RenderTableCell {TD} at (183,0) size 92x23 [border: (0.50px none #808080) none none (0.50px solid #808080)] [r=0 c=2 rs=1 cs=1]
              RenderText {#text} at (1,2) size 90x19
                text run at (1,2) width 90: "Row 1, Cell 3"
        RenderTableSection {TBODY} at (0,43) size 275x66
          RenderTableRow {TR} at (0,0) size 275x22
            RenderTableCell {TD} at (0,11) size 92x22 [border: none (0.50px solid #808080) none none] [r=0 c=0 rs=2 cs=1]
              RenderText {#text} at (1,1) size 89x19
                text run at (1,1) width 89: "Row 2, Cell 1"
            RenderTableCell {TD} at (91,0) size 184x22 [border: none none none (0.50px solid #808080)] [r=0 c=1 rs=1 cs=2]
              RenderText {#text} at (1,1) size 90x19
                text run at (1,1) width 90: "Row 2, Cell 2"
          RenderTableRow {TR} at (0,22) size 275x22
            RenderTableCell {TD} at (91,22) size 93x22 [border: none (0.50px solid #808080) none (0.50px solid #808080)] [r=1 c=1 rs=1 cs=1]
              RenderText {#text} at (1,1) size 90x19
                text run at (1,1) width 90: "Row 3, Cell 2"
            RenderTableCell {TD} at (183,33) size 92x22 [border: none none none (0.50px solid #808080)] [r=1 c=2 rs=2 cs=1]
              RenderText {#text} at (1,1) size 90x19
                text run at (1,1) width 90: "Row 3, Cell 3"
          RenderTableRow {TR} at (0,44) size 275x22
            RenderTableCell {TD} at (0,44) size 184x22 [border: none (0.50px solid #808080) none none] [r=2 c=0 rs=1 cs=2]
              RenderText {#text} at (1,1) size 89x19
                text run at (1,1) width 89: "Row 4, Cell 1"
        RenderTableSection {TFOOT} at (0,109) size 275x22
          RenderTableRow {TR} at (0,0) size 275x22
            RenderTableCell {TD} at (0,0) size 92x22 [border: none (0.50px solid #808080) none none] [r=0 c=0 rs=1 cs=1]
              RenderText {#text} at (1,1) size 89x19
                text run at (1,1) width 89: "Row 5, Cell 1"
            RenderTableCell {TD} at (91,0) size 93x22 [border: none (0.50px solid #808080) none (0.50px solid #808080)] [r=0 c=1 rs=1 cs=1]
              RenderText {#text} at (1,1) size 90x19
                text run at (1,1) width 90: "Row 5, Cell 2"
            RenderTableCell {TD} at (183,0) size 92x22 [border: none none none (0.50px solid #808080)] [r=0 c=2 rs=1 cs=1]
              RenderText {#text} at (1,1) size 90x19
                text run at (1,1) width 90: "Row 5, Cell 3"
      RenderTable {TABLE} at (0,5241) size 275x131 [border: none (0.50px solid #808080) none]
        RenderBlock {CAPTION} at (0,0) size 275x20
          RenderInline {A} at (0,0) size 230x19
            RenderText {#text} at (20,0) size 230x19
              text run at (20,0) width 230: "Frame=\x{201C}below\x{201D} and Rules=\x{201C}cols\x{201D}"
          RenderInline (generated) at (0,0) size 6x19
            RenderText at (249,0) size 6x19
              text run at (249,0) width 6: ":"
        RenderTableSection {THEAD} at (0,20) size 275x22
          RenderTableRow {TR} at (0,0) size 275x22
            RenderTableCell {TD} at (0,0) size 92x22 [border: none (0.50px solid #808080) none none] [r=0 c=0 rs=1 cs=1]
              RenderText {#text} at (1,1) size 89x19
                text run at (1,1) width 89: "Row 1, Cell 1"
            RenderTableCell {TD} at (91,0) size 93x22 [border: none (0.50px solid #808080) none (0.50px solid #808080)] [r=0 c=1 rs=1 cs=1]
              RenderText {#text} at (1,1) size 90x19
                text run at (1,1) width 90: "Row 1, Cell 2"
            RenderTableCell {TD} at (183,0) size 92x22 [border: none none none (0.50px solid #808080)] [r=0 c=2 rs=1 cs=1]
              RenderText {#text} at (1,1) size 90x19
                text run at (1,1) width 90: "Row 1, Cell 3"
        RenderTableSection {TBODY} at (0,42) size 275x66
          RenderTableRow {TR} at (0,0) size 275x22
            RenderTableCell {TD} at (0,11) size 92x22 [border: none (0.50px solid #808080) none none] [r=0 c=0 rs=2 cs=1]
              RenderText {#text} at (1,1) size 89x19
                text run at (1,1) width 89: "Row 2, Cell 1"
            RenderTableCell {TD} at (91,0) size 184x22 [border: none none none (0.50px solid #808080)] [r=0 c=1 rs=1 cs=2]
              RenderText {#text} at (1,1) size 90x19
                text run at (1,1) width 90: "Row 2, Cell 2"
          RenderTableRow {TR} at (0,22) size 275x22
            RenderTableCell {TD} at (91,22) size 93x22 [border: none (0.50px solid #808080) none (0.50px solid #808080)] [r=1 c=1 rs=1 cs=1]
              RenderText {#text} at (1,1) size 90x19
                text run at (1,1) width 90: "Row 3, Cell 2"
            RenderTableCell {TD} at (183,33) size 92x22 [border: none none none (0.50px solid #808080)] [r=1 c=2 rs=2 cs=1]
              RenderText {#text} at (1,1) size 90x19
                text run at (1,1) width 90: "Row 3, Cell 3"
          RenderTableRow {TR} at (0,44) size 275x22
            RenderTableCell {TD} at (0,44) size 184x22 [border: none (0.50px solid #808080) none none] [r=2 c=0 rs=1 cs=2]
              RenderText {#text} at (1,1) size 89x19
                text run at (1,1) width 89: "Row 4, Cell 1"
        RenderTableSection {TFOOT} at (0,108) size 275x23
          RenderTableRow {TR} at (0,0) size 275x23
            RenderTableCell {TD} at (0,0) size 92x23 [border: none (0.50px solid #808080) (0.50px none #808080) none] [r=0 c=0 rs=1 cs=1]
              RenderText {#text} at (1,1) size 89x19
                text run at (1,1) width 89: "Row 5, Cell 1"
            RenderTableCell {TD} at (91,0) size 93x23 [border: none (0.50px solid #808080) (0.50px none #808080) (0.50px solid #808080)] [r=0 c=1 rs=1 cs=1]
              RenderText {#text} at (1,1) size 90x19
                text run at (1,1) width 90: "Row 5, Cell 2"
            RenderTableCell {TD} at (183,0) size 92x23 [border: none none (0.50px none #808080) (0.50px solid #808080)] [r=0 c=2 rs=1 cs=1]
              RenderText {#text} at (1,1) size 90x19
                text run at (1,1) width 90: "Row 5, Cell 3"
      RenderTable {TABLE} at (0,5420) size 275x132 [border: (0.50px solid #808080) none (0.50px solid #808080) none]
        RenderBlock {CAPTION} at (0,0) size 275x20
          RenderInline {A} at (0,0) size 233x19
            RenderText {#text} at (18,0) size 233x19
              text run at (18,0) width 233: "Frame=\x{201C}hsides\x{201D} and Rules=\x{201C}cols\x{201D}"
          RenderInline (generated) at (0,0) size 6x19
            RenderText at (250,0) size 6x19
              text run at (250,0) width 6: ":"
        RenderTableSection {THEAD} at (0,20) size 275x23
          RenderTableRow {TR} at (0,0) size 275x23
            RenderTableCell {TD} at (0,0) size 92x23 [border: (0.50px none #808080) (0.50px solid #808080) none none] [r=0 c=0 rs=1 cs=1]
              RenderText {#text} at (1,2) size 89x19
                text run at (1,2) width 89: "Row 1, Cell 1"
            RenderTableCell {TD} at (91,0) size 93x23 [border: (0.50px none #808080) (0.50px solid #808080) none (0.50px solid #808080)] [r=0 c=1 rs=1 cs=1]
              RenderText {#text} at (1,2) size 90x19
                text run at (1,2) width 90: "Row 1, Cell 2"
            RenderTableCell {TD} at (183,0) size 92x23 [border: (0.50px none #808080) none none (0.50px solid #808080)] [r=0 c=2 rs=1 cs=1]
              RenderText {#text} at (1,2) size 90x19
                text run at (1,2) width 90: "Row 1, Cell 3"
        RenderTableSection {TBODY} at (0,43) size 275x66
          RenderTableRow {TR} at (0,0) size 275x22
            RenderTableCell {TD} at (0,11) size 92x22 [border: none (0.50px solid #808080) none none] [r=0 c=0 rs=2 cs=1]
              RenderText {#text} at (1,1) size 89x19
                text run at (1,1) width 89: "Row 2, Cell 1"
            RenderTableCell {TD} at (91,0) size 184x22 [border: none none none (0.50px solid #808080)] [r=0 c=1 rs=1 cs=2]
              RenderText {#text} at (1,1) size 90x19
                text run at (1,1) width 90: "Row 2, Cell 2"
          RenderTableRow {TR} at (0,22) size 275x22
            RenderTableCell {TD} at (91,22) size 93x22 [border: none (0.50px solid #808080) none (0.50px solid #808080)] [r=1 c=1 rs=1 cs=1]
              RenderText {#text} at (1,1) size 90x19
                text run at (1,1) width 90: "Row 3, Cell 2"
            RenderTableCell {TD} at (183,33) size 92x22 [border: none none none (0.50px solid #808080)] [r=1 c=2 rs=2 cs=1]
              RenderText {#text} at (1,1) size 90x19
                text run at (1,1) width 90: "Row 3, Cell 3"
          RenderTableRow {TR} at (0,44) size 275x22
            RenderTableCell {TD} at (0,44) size 184x22 [border: none (0.50px solid #808080) none none] [r=2 c=0 rs=1 cs=2]
              RenderText {#text} at (1,1) size 89x19
                text run at (1,1) width 89: "Row 4, Cell 1"
        RenderTableSection {TFOOT} at (0,109) size 275x23
          RenderTableRow {TR} at (0,0) size 275x23
            RenderTableCell {TD} at (0,0) size 92x23 [border: none (0.50px solid #808080) (0.50px none #808080) none] [r=0 c=0 rs=1 cs=1]
              RenderText {#text} at (1,1) size 89x19
                text run at (1,1) width 89: "Row 5, Cell 1"
            RenderTableCell {TD} at (91,0) size 93x23 [border: none (0.50px solid #808080) (0.50px none #808080) (0.50px solid #808080)] [r=0 c=1 rs=1 cs=1]
              RenderText {#text} at (1,1) size 90x19
                text run at (1,1) width 90: "Row 5, Cell 2"
            RenderTableCell {TD} at (183,0) size 92x23 [border: none none (0.50px none #808080) (0.50px solid #808080)] [r=0 c=2 rs=1 cs=1]
              RenderText {#text} at (1,1) size 90x19
                text run at (1,1) width 90: "Row 5, Cell 3"
      RenderTable {TABLE} at (0,5600) size 277x130 [border: none (0.50px solid #808080) none (0.50px solid #808080)]
        RenderBlock {CAPTION} at (0,0) size 277x20
          RenderInline {A} at (0,0) size 231x19
            RenderText {#text} at (20,0) size 231x19
              text run at (20,0) width 231: "Frame=\x{201C}vsides\x{201D} and Rules=\x{201C}cols\x{201D}"
          RenderInline (generated) at (0,0) size 6x19
            RenderText at (250,0) size 6x19
              text run at (250,0) width 6: ":"
        RenderTableSection {THEAD} at (0,20) size 277x22
          RenderTableRow {TR} at (0,0) size 276x22
            RenderTableCell {TD} at (0,0) size 92x22 [border: none (0.50px solid #808080) none (0.50px solid #808080)] [r=0 c=0 rs=1 cs=1]
              RenderText {#text} at (1,1) size 90x19
                text run at (1,1) width 90: "Row 1, Cell 1"
            RenderTableCell {TD} at (91,0) size 93x22 [border: none (0.50px solid #808080) none (0.50px solid #808080)] [r=0 c=1 rs=1 cs=1]
              RenderText {#text} at (1,1) size 90x19
                text run at (1,1) width 90: "Row 1, Cell 2"
            RenderTableCell {TD} at (183,0) size 93x22 [border: none (0.50px solid #808080) none (0.50px solid #808080)] [r=0 c=2 rs=1 cs=1]
              RenderText {#text} at (1,1) size 90x19
                text run at (1,1) width 90: "Row 1, Cell 3"
        RenderTableSection {TBODY} at (0,42) size 277x66
          RenderTableRow {TR} at (0,0) size 276x22
            RenderTableCell {TD} at (0,11) size 92x22 [border: none (0.50px solid #808080) none (0.50px solid #808080)] [r=0 c=0 rs=2 cs=1]
              RenderText {#text} at (1,1) size 90x19
                text run at (1,1) width 90: "Row 2, Cell 1"
            RenderTableCell {TD} at (91,0) size 185x22 [border: none (0.50px solid #808080) none (0.50px solid #808080)] [r=0 c=1 rs=1 cs=2]
              RenderText {#text} at (1,1) size 90x19
                text run at (1,1) width 90: "Row 2, Cell 2"
          RenderTableRow {TR} at (0,22) size 276x22
            RenderTableCell {TD} at (91,22) size 93x22 [border: none (0.50px solid #808080) none (0.50px solid #808080)] [r=1 c=1 rs=1 cs=1]
              RenderText {#text} at (1,1) size 90x19
                text run at (1,1) width 90: "Row 3, Cell 2"
            RenderTableCell {TD} at (183,33) size 93x22 [border: none (0.50px solid #808080) none (0.50px solid #808080)] [r=1 c=2 rs=2 cs=1]
              RenderText {#text} at (1,1) size 90x19
                text run at (1,1) width 90: "Row 3, Cell 3"
          RenderTableRow {TR} at (0,44) size 276x22
            RenderTableCell {TD} at (0,44) size 184x22 [border: none (0.50px solid #808080) none (0.50px solid #808080)] [r=2 c=0 rs=1 cs=2]
              RenderText {#text} at (1,1) size 90x19
                text run at (1,1) width 90: "Row 4, Cell 1"
        RenderTableSection {TFOOT} at (0,108) size 277x22
          RenderTableRow {TR} at (0,0) size 276x22
            RenderTableCell {TD} at (0,0) size 92x22 [border: none (0.50px solid #808080) none (0.50px solid #808080)] [r=0 c=0 rs=1 cs=1]
              RenderText {#text} at (1,1) size 90x19
                text run at (1,1) width 90: "Row 5, Cell 1"
            RenderTableCell {TD} at (91,0) size 93x22 [border: none (0.50px solid #808080) none (0.50px solid #808080)] [r=0 c=1 rs=1 cs=1]
              RenderText {#text} at (1,1) size 90x19
                text run at (1,1) width 90: "Row 5, Cell 2"
            RenderTableCell {TD} at (183,0) size 93x22 [border: none (0.50px solid #808080) none (0.50px solid #808080)] [r=0 c=2 rs=1 cs=1]
              RenderText {#text} at (1,1) size 90x19
                text run at (1,1) width 90: "Row 5, Cell 3"
      RenderTable {TABLE} at (0,5778) size 276x130 [border: none (0.50px solid #808080)]
        RenderBlock {CAPTION} at (0,0) size 276x20
          RenderInline {A} at (0,0) size 211x19
            RenderText {#text} at (30,0) size 211x19
              text run at (30,0) width 211: "Frame=\x{201C}lhs\x{201D} and Rules=\x{201C}cols\x{201D}"
          RenderInline (generated) at (0,0) size 6x19
            RenderText at (240,0) size 6x19
              text run at (240,0) width 6: ":"
        RenderTableSection {THEAD} at (0,20) size 276x22
          RenderTableRow {TR} at (0,0) size 276x22
            RenderTableCell {TD} at (0,0) size 92x22 [border: none (0.50px solid #808080) none (0.50px solid #808080)] [r=0 c=0 rs=1 cs=1]
              RenderText {#text} at (1,1) size 90x19
                text run at (1,1) width 90: "Row 1, Cell 1"
            RenderTableCell {TD} at (91,0) size 93x22 [border: none (0.50px solid #808080) none (0.50px solid #808080)] [r=0 c=1 rs=1 cs=1]
              RenderText {#text} at (1,1) size 90x19
                text run at (1,1) width 90: "Row 1, Cell 2"
            RenderTableCell {TD} at (183,0) size 93x22 [border: none none none (0.50px solid #808080)] [r=0 c=2 rs=1 cs=1]
              RenderText {#text} at (1,1) size 90x19
                text run at (1,1) width 90: "Row 1, Cell 3"
        RenderTableSection {TBODY} at (0,42) size 276x66
          RenderTableRow {TR} at (0,0) size 276x22
            RenderTableCell {TD} at (0,11) size 92x22 [border: none (0.50px solid #808080) none (0.50px solid #808080)] [r=0 c=0 rs=2 cs=1]
              RenderText {#text} at (1,1) size 90x19
                text run at (1,1) width 90: "Row 2, Cell 1"
            RenderTableCell {TD} at (91,0) size 185x22 [border: none none none (0.50px solid #808080)] [r=0 c=1 rs=1 cs=2]
              RenderText {#text} at (1,1) size 90x19
                text run at (1,1) width 90: "Row 2, Cell 2"
          RenderTableRow {TR} at (0,22) size 276x22
            RenderTableCell {TD} at (91,22) size 93x22 [border: none (0.50px solid #808080) none (0.50px solid #808080)] [r=1 c=1 rs=1 cs=1]
              RenderText {#text} at (1,1) size 90x19
                text run at (1,1) width 90: "Row 3, Cell 2"
            RenderTableCell {TD} at (183,33) size 93x22 [border: none none none (0.50px solid #808080)] [r=1 c=2 rs=2 cs=1]
              RenderText {#text} at (1,1) size 90x19
                text run at (1,1) width 90: "Row 3, Cell 3"
          RenderTableRow {TR} at (0,44) size 276x22
            RenderTableCell {TD} at (0,44) size 184x22 [border: none (0.50px solid #808080) none (0.50px solid #808080)] [r=2 c=0 rs=1 cs=2]
              RenderText {#text} at (1,1) size 90x19
                text run at (1,1) width 90: "Row 4, Cell 1"
        RenderTableSection {TFOOT} at (0,108) size 276x22
          RenderTableRow {TR} at (0,0) size 276x22
            RenderTableCell {TD} at (0,0) size 92x22 [border: none (0.50px solid #808080) none (0.50px solid #808080)] [r=0 c=0 rs=1 cs=1]
              RenderText {#text} at (1,1) size 90x19
                text run at (1,1) width 90: "Row 5, Cell 1"
            RenderTableCell {TD} at (91,0) size 93x22 [border: none (0.50px solid #808080) none (0.50px solid #808080)] [r=0 c=1 rs=1 cs=1]
              RenderText {#text} at (1,1) size 90x19
                text run at (1,1) width 90: "Row 5, Cell 2"
            RenderTableCell {TD} at (183,0) size 93x22 [border: none none none (0.50px solid #808080)] [r=0 c=2 rs=1 cs=1]
              RenderText {#text} at (1,1) size 90x19
                text run at (1,1) width 90: "Row 5, Cell 3"
      RenderTable {TABLE} at (0,5956) size 276x130 [border: none (0.50px solid #808080) none]
        RenderBlock {CAPTION} at (0,0) size 276x20
          RenderInline {A} at (0,0) size 213x19
            RenderText {#text} at (29,0) size 213x19
              text run at (29,0) width 213: "Frame=\x{201C}rhs\x{201D} and Rules=\x{201C}cols\x{201D}"
          RenderInline (generated) at (0,0) size 6x19
            RenderText at (241,0) size 6x19
              text run at (241,0) width 6: ":"
        RenderTableSection {THEAD} at (0,20) size 276x22
          RenderTableRow {TR} at (0,0) size 276x22
            RenderTableCell {TD} at (0,0) size 92x22 [border: none (0.50px solid #808080) none none] [r=0 c=0 rs=1 cs=1]
              RenderText {#text} at (1,1) size 89x19
                text run at (1,1) width 89: "Row 1, Cell 1"
            RenderTableCell {TD} at (91,0) size 93x22 [border: none (0.50px solid #808080) none (0.50px solid #808080)] [r=0 c=1 rs=1 cs=1]
              RenderText {#text} at (1,1) size 90x19
                text run at (1,1) width 90: "Row 1, Cell 2"
            RenderTableCell {TD} at (183,0) size 93x22 [border: none (0.50px solid #808080) none (0.50px solid #808080)] [r=0 c=2 rs=1 cs=1]
              RenderText {#text} at (1,1) size 90x19
                text run at (1,1) width 90: "Row 1, Cell 3"
        RenderTableSection {TBODY} at (0,42) size 276x66
          RenderTableRow {TR} at (0,0) size 276x22
            RenderTableCell {TD} at (0,11) size 92x22 [border: none (0.50px solid #808080) none none] [r=0 c=0 rs=2 cs=1]
              RenderText {#text} at (1,1) size 89x19
                text run at (1,1) width 89: "Row 2, Cell 1"
            RenderTableCell {TD} at (91,0) size 185x22 [border: none (0.50px solid #808080) none (0.50px solid #808080)] [r=0 c=1 rs=1 cs=2]
              RenderText {#text} at (1,1) size 90x19
                text run at (1,1) width 90: "Row 2, Cell 2"
          RenderTableRow {TR} at (0,22) size 276x22
            RenderTableCell {TD} at (91,22) size 93x22 [border: none (0.50px solid #808080) none (0.50px solid #808080)] [r=1 c=1 rs=1 cs=1]
              RenderText {#text} at (1,1) size 90x19
                text run at (1,1) width 90: "Row 3, Cell 2"
            RenderTableCell {TD} at (183,33) size 93x22 [border: none (0.50px solid #808080) none (0.50px solid #808080)] [r=1 c=2 rs=2 cs=1]
              RenderText {#text} at (1,1) size 90x19
                text run at (1,1) width 90: "Row 3, Cell 3"
          RenderTableRow {TR} at (0,44) size 276x22
            RenderTableCell {TD} at (0,44) size 184x22 [border: none (0.50px solid #808080) none none] [r=2 c=0 rs=1 cs=2]
              RenderText {#text} at (1,1) size 89x19
                text run at (1,1) width 89: "Row 4, Cell 1"
        RenderTableSection {TFOOT} at (0,108) size 276x22
          RenderTableRow {TR} at (0,0) size 276x22
            RenderTableCell {TD} at (0,0) size 92x22 [border: none (0.50px solid #808080) none none] [r=0 c=0 rs=1 cs=1]
              RenderText {#text} at (1,1) size 89x19
                text run at (1,1) width 89: "Row 5, Cell 1"
            RenderTableCell {TD} at (91,0) size 93x22 [border: none (0.50px solid #808080) none (0.50px solid #808080)] [r=0 c=1 rs=1 cs=1]
              RenderText {#text} at (1,1) size 90x19
                text run at (1,1) width 90: "Row 5, Cell 2"
            RenderTableCell {TD} at (183,0) size 93x22 [border: none (0.50px solid #808080) none (0.50px solid #808080)] [r=0 c=2 rs=1 cs=1]
              RenderText {#text} at (1,1) size 90x19
                text run at (1,1) width 90: "Row 5, Cell 3"
      RenderTable {TABLE} at (0,6134) size 277x132 [border: (0.50px solid #808080)]
        RenderBlock {CAPTION} at (0,0) size 277x20
          RenderInline {A} at (0,0) size 216x19
            RenderText {#text} at (28,0) size 216x19
              text run at (28,0) width 216: "Frame=\x{201C}box\x{201D} and Rules=\x{201C}cols\x{201D}"
          RenderInline (generated) at (0,0) size 6x19
            RenderText at (243,0) size 6x19
              text run at (243,0) width 6: ":"
        RenderTableSection {THEAD} at (0,20) size 277x23
          RenderTableRow {TR} at (0,0) size 276x23
            RenderTableCell {TD} at (0,0) size 92x23 [border: (0.50px none #808080) (0.50px solid #808080) none (0.50px solid #808080)] [r=0 c=0 rs=1 cs=1]
              RenderText {#text} at (1,2) size 90x19
                text run at (1,2) width 90: "Row 1, Cell 1"
            RenderTableCell {TD} at (91,0) size 93x23 [border: (0.50px none #808080) (0.50px solid #808080) none (0.50px solid #808080)] [r=0 c=1 rs=1 cs=1]
              RenderText {#text} at (1,2) size 90x19
                text run at (1,2) width 90: "Row 1, Cell 2"
            RenderTableCell {TD} at (183,0) size 93x23 [border: (0.50px none #808080) (0.50px solid #808080) none (0.50px solid #808080)] [r=0 c=2 rs=1 cs=1]
              RenderText {#text} at (1,2) size 90x19
                text run at (1,2) width 90: "Row 1, Cell 3"
        RenderTableSection {TBODY} at (0,43) size 277x66
          RenderTableRow {TR} at (0,0) size 276x22
            RenderTableCell {TD} at (0,11) size 92x22 [border: none (0.50px solid #808080) none (0.50px solid #808080)] [r=0 c=0 rs=2 cs=1]
              RenderText {#text} at (1,1) size 90x19
                text run at (1,1) width 90: "Row 2, Cell 1"
            RenderTableCell {TD} at (91,0) size 185x22 [border: none (0.50px solid #808080) none (0.50px solid #808080)] [r=0 c=1 rs=1 cs=2]
              RenderText {#text} at (1,1) size 90x19
                text run at (1,1) width 90: "Row 2, Cell 2"
          RenderTableRow {TR} at (0,22) size 276x22
            RenderTableCell {TD} at (91,22) size 93x22 [border: none (0.50px solid #808080) none (0.50px solid #808080)] [r=1 c=1 rs=1 cs=1]
              RenderText {#text} at (1,1) size 90x19
                text run at (1,1) width 90: "Row 3, Cell 2"
            RenderTableCell {TD} at (183,33) size 93x22 [border: none (0.50px solid #808080) none (0.50px solid #808080)] [r=1 c=2 rs=2 cs=1]
              RenderText {#text} at (1,1) size 90x19
                text run at (1,1) width 90: "Row 3, Cell 3"
          RenderTableRow {TR} at (0,44) size 276x22
            RenderTableCell {TD} at (0,44) size 184x22 [border: none (0.50px solid #808080) none (0.50px solid #808080)] [r=2 c=0 rs=1 cs=2]
              RenderText {#text} at (1,1) size 90x19
                text run at (1,1) width 90: "Row 4, Cell 1"
        RenderTableSection {TFOOT} at (0,109) size 277x23
          RenderTableRow {TR} at (0,0) size 276x23
            RenderTableCell {TD} at (0,0) size 92x23 [border: none (0.50px solid #808080) (0.50px none #808080) (0.50px solid #808080)] [r=0 c=0 rs=1 cs=1]
              RenderText {#text} at (1,1) size 90x19
                text run at (1,1) width 90: "Row 5, Cell 1"
            RenderTableCell {TD} at (91,0) size 93x23 [border: none (0.50px solid #808080) (0.50px none #808080) (0.50px solid #808080)] [r=0 c=1 rs=1 cs=1]
              RenderText {#text} at (1,1) size 90x19
                text run at (1,1) width 90: "Row 5, Cell 2"
            RenderTableCell {TD} at (183,0) size 93x23 [border: none (0.50px solid #808080) (0.50px none #808080) (0.50px solid #808080)] [r=0 c=2 rs=1 cs=1]
              RenderText {#text} at (1,1) size 90x19
                text run at (1,1) width 90: "Row 5, Cell 3"
      RenderTable {TABLE} at (0,6314) size 277x132 [border: (0.50px solid #808080)]
        RenderBlock {CAPTION} at (0,0) size 277x20
          RenderInline {A} at (0,0) size 235x19
            RenderText {#text} at (18,0) size 235x19
              text run at (18,0) width 235: "Frame=\x{201C}border\x{201D} and Rules=\x{201C}cols\x{201D}"
          RenderInline (generated) at (0,0) size 7x19
            RenderText at (252,0) size 7x19
              text run at (252,0) width 7: ":"
        RenderTableSection {THEAD} at (0,20) size 277x23
          RenderTableRow {TR} at (0,0) size 276x23
            RenderTableCell {TD} at (0,0) size 92x23 [border: (0.50px none #808080) (0.50px solid #808080) none (0.50px solid #808080)] [r=0 c=0 rs=1 cs=1]
              RenderText {#text} at (1,2) size 90x19
                text run at (1,2) width 90: "Row 1, Cell 1"
            RenderTableCell {TD} at (91,0) size 93x23 [border: (0.50px none #808080) (0.50px solid #808080) none (0.50px solid #808080)] [r=0 c=1 rs=1 cs=1]
              RenderText {#text} at (1,2) size 90x19
                text run at (1,2) width 90: "Row 1, Cell 2"
            RenderTableCell {TD} at (183,0) size 93x23 [border: (0.50px none #808080) (0.50px solid #808080) none (0.50px solid #808080)] [r=0 c=2 rs=1 cs=1]
              RenderText {#text} at (1,2) size 90x19
                text run at (1,2) width 90: "Row 1, Cell 3"
        RenderTableSection {TBODY} at (0,43) size 277x66
          RenderTableRow {TR} at (0,0) size 276x22
            RenderTableCell {TD} at (0,11) size 92x22 [border: none (0.50px solid #808080) none (0.50px solid #808080)] [r=0 c=0 rs=2 cs=1]
              RenderText {#text} at (1,1) size 90x19
                text run at (1,1) width 90: "Row 2, Cell 1"
            RenderTableCell {TD} at (91,0) size 185x22 [border: none (0.50px solid #808080) none (0.50px solid #808080)] [r=0 c=1 rs=1 cs=2]
              RenderText {#text} at (1,1) size 90x19
                text run at (1,1) width 90: "Row 2, Cell 2"
          RenderTableRow {TR} at (0,22) size 276x22
            RenderTableCell {TD} at (91,22) size 93x22 [border: none (0.50px solid #808080) none (0.50px solid #808080)] [r=1 c=1 rs=1 cs=1]
              RenderText {#text} at (1,1) size 90x19
                text run at (1,1) width 90: "Row 3, Cell 2"
            RenderTableCell {TD} at (183,33) size 93x22 [border: none (0.50px solid #808080) none (0.50px solid #808080)] [r=1 c=2 rs=2 cs=1]
              RenderText {#text} at (1,1) size 90x19
                text run at (1,1) width 90: "Row 3, Cell 3"
          RenderTableRow {TR} at (0,44) size 276x22
            RenderTableCell {TD} at (0,44) size 184x22 [border: none (0.50px solid #808080) none (0.50px solid #808080)] [r=2 c=0 rs=1 cs=2]
              RenderText {#text} at (1,1) size 90x19
                text run at (1,1) width 90: "Row 4, Cell 1"
        RenderTableSection {TFOOT} at (0,109) size 277x23
          RenderTableRow {TR} at (0,0) size 276x23
            RenderTableCell {TD} at (0,0) size 92x23 [border: none (0.50px solid #808080) (0.50px none #808080) (0.50px solid #808080)] [r=0 c=0 rs=1 cs=1]
              RenderText {#text} at (1,1) size 90x19
                text run at (1,1) width 90: "Row 5, Cell 1"
            RenderTableCell {TD} at (91,0) size 93x23 [border: none (0.50px solid #808080) (0.50px none #808080) (0.50px solid #808080)] [r=0 c=1 rs=1 cs=1]
              RenderText {#text} at (1,1) size 90x19
                text run at (1,1) width 90: "Row 5, Cell 2"
            RenderTableCell {TD} at (183,0) size 93x23 [border: none (0.50px solid #808080) (0.50px none #808080) (0.50px solid #808080)] [r=0 c=2 rs=1 cs=1]
              RenderText {#text} at (1,1) size 90x19
                text run at (1,1) width 90: "Row 5, Cell 3"
      RenderTable {TABLE} at (0,6494) size 275x134
        RenderBlock {CAPTION} at (0,0) size 275x20
          RenderInline {A} at (0,0) size 211x19
            RenderText {#text} at (29,0) size 211x19
              text run at (29,0) width 211: "Frame=\x{201C}void\x{201D} and Rules=\x{201C}all\x{201D}"
          RenderInline (generated) at (0,0) size 6x19
            RenderText at (239,0) size 6x19
              text run at (239,0) width 6: ":"
        RenderTableSection {THEAD} at (0,20) size 275x23
          RenderTableRow {TR} at (0,0) size 275x23
            RenderTableCell {TD} at (0,0) size 92x23 [border: none] [r=0 c=0 rs=1 cs=1]
              RenderText {#text} at (1,1) size 89x19
                text run at (1,1) width 89: "Row 1, Cell 1"
            RenderTableCell {TD} at (91,0) size 93x23 [border: none] [r=0 c=1 rs=1 cs=1]
              RenderText {#text} at (1,1) size 90x19
                text run at (1,1) width 90: "Row 1, Cell 2"
            RenderTableCell {TD} at (183,0) size 92x23 [border: none] [r=0 c=2 rs=1 cs=1]
              RenderText {#text} at (1,1) size 90x19
                text run at (1,1) width 90: "Row 1, Cell 3"
        RenderTableSection {TBODY} at (0,42) size 275x70
          RenderTableRow {TR} at (0,0) size 275x23
            RenderTableCell {TD} at (0,11) size 92x24 [border: (0.50px solid #808080)] [r=0 c=0 rs=2 cs=1]
              RenderText {#text} at (1,1) size 89x20
                text run at (1,2) width 89: "Row 2, Cell 1"
            RenderTableCell {TD} at (91,0) size 184x23 [border: (0.50px solid #808080)] [r=0 c=1 rs=1 cs=2]
              RenderText {#text} at (1,2) size 90x19
                text run at (1,2) width 90: "Row 2, Cell 2"
          RenderTableRow {TR} at (0,23) size 275x23
            RenderTableCell {TD} at (91,23) size 93x23 [border: (0.50px solid #808080)] [r=1 c=1 rs=1 cs=1]
              RenderText {#text} at (1,2) size 90x19
                text run at (1,2) width 90: "Row 3, Cell 2"
            RenderTableCell {TD} at (183,34) size 92x24 [border: (0.50px solid #808080)] [r=1 c=2 rs=2 cs=1]
              RenderText {#text} at (1,1) size 90x20
                text run at (1,2) width 90: "Row 3, Cell 3"
          RenderTableRow {TR} at (0,46) size 275x23
            RenderTableCell {TD} at (0,46) size 184x23 [border: (0.50px solid #808080)] [r=2 c=0 rs=1 cs=2]
              RenderText {#text} at (1,2) size 89x19
                text run at (1,2) width 89: "Row 4, Cell 1"
        RenderTableSection {TFOOT} at (0,111) size 275x23
          RenderTableRow {TR} at (0,0) size 275x23
            RenderTableCell {TD} at (0,0) size 92x23 [border: (0.50px solid #808080)] [r=0 c=0 rs=1 cs=1]
              RenderText {#text} at (1,2) size 89x19
                text run at (1,2) width 89: "Row 5, Cell 1"
            RenderTableCell {TD} at (91,0) size 93x23 [border: (0.50px solid #808080)] [r=0 c=1 rs=1 cs=1]
              RenderText {#text} at (1,2) size 90x19
                text run at (1,2) width 90: "Row 5, Cell 2"
            RenderTableCell {TD} at (183,0) size 92x23 [border: (0.50px solid #808080)] [r=0 c=2 rs=1 cs=1]
              RenderText {#text} at (1,2) size 90x19
                text run at (1,2) width 90: "Row 5, Cell 3"
      RenderTable {TABLE} at (0,6676) size 275x135 [border: (0.50px solid #808080) none]
        RenderBlock {CAPTION} at (0,0) size 275x20
          RenderInline {A} at (0,0) size 221x19
            RenderText {#text} at (24,0) size 221x19
              text run at (24,0) width 221: "Frame=\x{201C}above\x{201D} and Rules=\x{201C}all\x{201D}"
          RenderInline (generated) at (0,0) size 7x19
            RenderText at (244,0) size 7x19
              text run at (244,0) width 7: ":"
        RenderTableSection {THEAD} at (0,20) size 275x24
          RenderTableRow {TR} at (0,0) size 275x23
            RenderTableCell {TD} at (0,0) size 92x23 [border: (0.50px solid #808080)] [r=0 c=0 rs=1 cs=1]
              RenderText {#text} at (1,2) size 89x19
                text run at (1,2) width 89: "Row 1, Cell 1"
            RenderTableCell {TD} at (91,0) size 93x23 [border: (0.50px solid #808080)] [r=0 c=1 rs=1 cs=1]
              RenderText {#text} at (1,2) size 90x19
                text run at (1,2) width 90: "Row 1, Cell 2"
            RenderTableCell {TD} at (183,0) size 92x23 [border: (0.50px solid #808080)] [r=0 c=2 rs=1 cs=1]
              RenderText {#text} at (1,2) size 90x19
                text run at (1,2) width 90: "Row 1, Cell 3"
        RenderTableSection {TBODY} at (0,43) size 275x70
          RenderTableRow {TR} at (0,0) size 275x23
            RenderTableCell {TD} at (0,11) size 92x24 [border: (0.50px solid #808080)] [r=0 c=0 rs=2 cs=1]
              RenderText {#text} at (1,1) size 89x20
                text run at (1,2) width 89: "Row 2, Cell 1"
            RenderTableCell {TD} at (91,0) size 184x23 [border: (0.50px solid #808080)] [r=0 c=1 rs=1 cs=2]
              RenderText {#text} at (1,2) size 90x19
                text run at (1,2) width 90: "Row 2, Cell 2"
          RenderTableRow {TR} at (0,23) size 275x23
            RenderTableCell {TD} at (91,23) size 93x23 [border: (0.50px solid #808080)] [r=1 c=1 rs=1 cs=1]
              RenderText {#text} at (1,2) size 90x19
                text run at (1,2) width 90: "Row 3, Cell 2"
            RenderTableCell {TD} at (183,34) size 92x24 [border: (0.50px solid #808080)] [r=1 c=2 rs=2 cs=1]
              RenderText {#text} at (1,1) size 90x20
                text run at (1,2) width 90: "Row 3, Cell 3"
          RenderTableRow {TR} at (0,46) size 275x23
            RenderTableCell {TD} at (0,46) size 184x23 [border: (0.50px solid #808080)] [r=2 c=0 rs=1 cs=2]
              RenderText {#text} at (1,2) size 89x19
                text run at (1,2) width 89: "Row 4, Cell 1"
        RenderTableSection {TFOOT} at (0,112) size 275x23
          RenderTableRow {TR} at (0,0) size 275x23
            RenderTableCell {TD} at (0,0) size 92x23 [border: (0.50px solid #808080)] [r=0 c=0 rs=1 cs=1]
              RenderText {#text} at (1,2) size 89x19
                text run at (1,2) width 89: "Row 5, Cell 1"
            RenderTableCell {TD} at (91,0) size 93x23 [border: (0.50px solid #808080)] [r=0 c=1 rs=1 cs=1]
              RenderText {#text} at (1,2) size 90x19
                text run at (1,2) width 90: "Row 5, Cell 2"
            RenderTableCell {TD} at (183,0) size 92x23 [border: (0.50px solid #808080)] [r=0 c=2 rs=1 cs=1]
              RenderText {#text} at (1,2) size 90x19
                text run at (1,2) width 90: "Row 5, Cell 3"
      RenderTable {TABLE} at (0,6859) size 275x135 [border: none (0.50px solid #808080) none]
        RenderBlock {CAPTION} at (0,0) size 275x20
          RenderInline {A} at (0,0) size 221x19
            RenderText {#text} at (24,0) size 221x19
              text run at (24,0) width 221: "Frame=\x{201C}below\x{201D} and Rules=\x{201C}all\x{201D}"
          RenderInline (generated) at (0,0) size 7x19
            RenderText at (244,0) size 7x19
              text run at (244,0) width 7: ":"
        RenderTableSection {THEAD} at (0,20) size 275x23
          RenderTableRow {TR} at (0,0) size 275x23
            RenderTableCell {TD} at (0,0) size 92x23 [border: none] [r=0 c=0 rs=1 cs=1]
              RenderText {#text} at (1,1) size 89x19
                text run at (1,1) width 89: "Row 1, Cell 1"
            RenderTableCell {TD} at (91,0) size 93x23 [border: none] [r=0 c=1 rs=1 cs=1]
              RenderText {#text} at (1,1) size 90x19
                text run at (1,1) width 90: "Row 1, Cell 2"
            RenderTableCell {TD} at (183,0) size 92x23 [border: none] [r=0 c=2 rs=1 cs=1]
              RenderText {#text} at (1,1) size 90x19
                text run at (1,1) width 90: "Row 1, Cell 3"
        RenderTableSection {TBODY} at (0,42) size 275x70
          RenderTableRow {TR} at (0,0) size 275x23
            RenderTableCell {TD} at (0,11) size 92x24 [border: (0.50px solid #808080)] [r=0 c=0 rs=2 cs=1]
              RenderText {#text} at (1,1) size 89x20
                text run at (1,2) width 89: "Row 2, Cell 1"
            RenderTableCell {TD} at (91,0) size 184x23 [border: (0.50px solid #808080)] [r=0 c=1 rs=1 cs=2]
              RenderText {#text} at (1,2) size 90x19
                text run at (1,2) width 90: "Row 2, Cell 2"
          RenderTableRow {TR} at (0,23) size 275x23
            RenderTableCell {TD} at (91,23) size 93x23 [border: (0.50px solid #808080)] [r=1 c=1 rs=1 cs=1]
              RenderText {#text} at (1,2) size 90x19
                text run at (1,2) width 90: "Row 3, Cell 2"
            RenderTableCell {TD} at (183,34) size 92x24 [border: (0.50px solid #808080)] [r=1 c=2 rs=2 cs=1]
              RenderText {#text} at (1,1) size 90x20
                text run at (1,2) width 90: "Row 3, Cell 3"
          RenderTableRow {TR} at (0,46) size 275x23
            RenderTableCell {TD} at (0,46) size 184x23 [border: (0.50px solid #808080)] [r=2 c=0 rs=1 cs=2]
              RenderText {#text} at (1,2) size 89x19
                text run at (1,2) width 89: "Row 4, Cell 1"
        RenderTableSection {TFOOT} at (0,111) size 275x24
          RenderTableRow {TR} at (0,0) size 275x23
            RenderTableCell {TD} at (0,0) size 92x23 [border: (0.50px solid #808080)] [r=0 c=0 rs=1 cs=1]
              RenderText {#text} at (1,2) size 89x19
                text run at (1,2) width 89: "Row 5, Cell 1"
            RenderTableCell {TD} at (91,0) size 93x23 [border: (0.50px solid #808080)] [r=0 c=1 rs=1 cs=1]
              RenderText {#text} at (1,2) size 90x19
                text run at (1,2) width 90: "Row 5, Cell 2"
            RenderTableCell {TD} at (183,0) size 92x23 [border: (0.50px solid #808080)] [r=0 c=2 rs=1 cs=1]
              RenderText {#text} at (1,2) size 90x19
                text run at (1,2) width 90: "Row 5, Cell 3"
      RenderTable {TABLE} at (0,7042) size 275x136 [border: (0.50px solid #808080) none (0.50px solid #808080) none]
        RenderBlock {CAPTION} at (0,0) size 275x20
          RenderInline {A} at (0,0) size 224x19
            RenderText {#text} at (23,0) size 224x19
              text run at (23,0) width 224: "Frame=\x{201C}hsides\x{201D} and Rules=\x{201C}all\x{201D}"
          RenderInline (generated) at (0,0) size 6x19
            RenderText at (246,0) size 6x19
              text run at (246,0) width 6: ":"
        RenderTableSection {THEAD} at (0,20) size 275x24
          RenderTableRow {TR} at (0,0) size 275x23
            RenderTableCell {TD} at (0,0) size 92x23 [border: (0.50px solid #808080)] [r=0 c=0 rs=1 cs=1]
              RenderText {#text} at (1,2) size 89x19
                text run at (1,2) width 89: "Row 1, Cell 1"
            RenderTableCell {TD} at (91,0) size 93x23 [border: (0.50px solid #808080)] [r=0 c=1 rs=1 cs=1]
              RenderText {#text} at (1,2) size 90x19
                text run at (1,2) width 90: "Row 1, Cell 2"
            RenderTableCell {TD} at (183,0) size 92x23 [border: (0.50px solid #808080)] [r=0 c=2 rs=1 cs=1]
              RenderText {#text} at (1,2) size 90x19
                text run at (1,2) width 90: "Row 1, Cell 3"
        RenderTableSection {TBODY} at (0,43) size 275x70
          RenderTableRow {TR} at (0,0) size 275x23
            RenderTableCell {TD} at (0,11) size 92x24 [border: (0.50px solid #808080)] [r=0 c=0 rs=2 cs=1]
              RenderText {#text} at (1,1) size 89x20
                text run at (1,2) width 89: "Row 2, Cell 1"
            RenderTableCell {TD} at (91,0) size 184x23 [border: (0.50px solid #808080)] [r=0 c=1 rs=1 cs=2]
              RenderText {#text} at (1,2) size 90x19
                text run at (1,2) width 90: "Row 2, Cell 2"
          RenderTableRow {TR} at (0,23) size 275x23
            RenderTableCell {TD} at (91,23) size 93x23 [border: (0.50px solid #808080)] [r=1 c=1 rs=1 cs=1]
              RenderText {#text} at (1,2) size 90x19
                text run at (1,2) width 90: "Row 3, Cell 2"
            RenderTableCell {TD} at (183,34) size 92x24 [border: (0.50px solid #808080)] [r=1 c=2 rs=2 cs=1]
              RenderText {#text} at (1,1) size 90x20
                text run at (1,2) width 90: "Row 3, Cell 3"
          RenderTableRow {TR} at (0,46) size 275x23
            RenderTableCell {TD} at (0,46) size 184x23 [border: (0.50px solid #808080)] [r=2 c=0 rs=1 cs=2]
              RenderText {#text} at (1,2) size 89x19
                text run at (1,2) width 89: "Row 4, Cell 1"
        RenderTableSection {TFOOT} at (0,112) size 275x24
          RenderTableRow {TR} at (0,0) size 275x23
            RenderTableCell {TD} at (0,0) size 92x23 [border: (0.50px solid #808080)] [r=0 c=0 rs=1 cs=1]
              RenderText {#text} at (1,2) size 89x19
                text run at (1,2) width 89: "Row 5, Cell 1"
            RenderTableCell {TD} at (91,0) size 93x23 [border: (0.50px solid #808080)] [r=0 c=1 rs=1 cs=1]
              RenderText {#text} at (1,2) size 90x19
                text run at (1,2) width 90: "Row 5, Cell 2"
            RenderTableCell {TD} at (183,0) size 92x23 [border: (0.50px solid #808080)] [r=0 c=2 rs=1 cs=1]
              RenderText {#text} at (1,2) size 90x19
                text run at (1,2) width 90: "Row 5, Cell 3"
      RenderTable {TABLE} at (0,7226) size 277x134 [border: none (0.50px solid #808080) none (0.50px solid #808080)]
        RenderBlock {CAPTION} at (0,0) size 277x20
          RenderInline {A} at (0,0) size 222x19
            RenderText {#text} at (25,0) size 222x19
              text run at (25,0) width 222: "Frame=\x{201C}vsides\x{201D} and Rules=\x{201C}all\x{201D}"
          RenderInline (generated) at (0,0) size 6x19
            RenderText at (246,0) size 6x19
              text run at (246,0) width 6: ":"
        RenderTableSection {THEAD} at (0,20) size 277x23
          RenderTableRow {TR} at (0,0) size 276x23
            RenderTableCell {TD} at (0,0) size 92x23 [border: none] [r=0 c=0 rs=1 cs=1]
              RenderText {#text} at (1,1) size 90x19
                text run at (1,1) width 90: "Row 1, Cell 1"
            RenderTableCell {TD} at (91,0) size 93x23 [border: none] [r=0 c=1 rs=1 cs=1]
              RenderText {#text} at (1,1) size 90x19
                text run at (1,1) width 90: "Row 1, Cell 2"
            RenderTableCell {TD} at (183,0) size 93x23 [border: none] [r=0 c=2 rs=1 cs=1]
              RenderText {#text} at (1,1) size 90x19
                text run at (1,1) width 90: "Row 1, Cell 3"
        RenderTableSection {TBODY} at (0,42) size 277x70
          RenderTableRow {TR} at (0,0) size 276x23
            RenderTableCell {TD} at (0,11) size 92x24 [border: (0.50px solid #808080)] [r=0 c=0 rs=2 cs=1]
              RenderText {#text} at (1,1) size 90x20
                text run at (1,2) width 90: "Row 2, Cell 1"
            RenderTableCell {TD} at (91,0) size 185x23 [border: (0.50px solid #808080)] [r=0 c=1 rs=1 cs=2]
              RenderText {#text} at (1,2) size 90x19
                text run at (1,2) width 90: "Row 2, Cell 2"
          RenderTableRow {TR} at (0,23) size 276x23
            RenderTableCell {TD} at (91,23) size 93x23 [border: (0.50px solid #808080)] [r=1 c=1 rs=1 cs=1]
              RenderText {#text} at (1,2) size 90x19
                text run at (1,2) width 90: "Row 3, Cell 2"
            RenderTableCell {TD} at (183,34) size 93x24 [border: (0.50px solid #808080)] [r=1 c=2 rs=2 cs=1]
              RenderText {#text} at (1,1) size 90x20
                text run at (1,2) width 90: "Row 3, Cell 3"
          RenderTableRow {TR} at (0,46) size 276x23
            RenderTableCell {TD} at (0,46) size 184x23 [border: (0.50px solid #808080)] [r=2 c=0 rs=1 cs=2]
              RenderText {#text} at (1,2) size 90x19
                text run at (1,2) width 90: "Row 4, Cell 1"
        RenderTableSection {TFOOT} at (0,111) size 277x23
          RenderTableRow {TR} at (0,0) size 276x23
            RenderTableCell {TD} at (0,0) size 92x23 [border: (0.50px solid #808080)] [r=0 c=0 rs=1 cs=1]
              RenderText {#text} at (1,2) size 90x19
                text run at (1,2) width 90: "Row 5, Cell 1"
            RenderTableCell {TD} at (91,0) size 93x23 [border: (0.50px solid #808080)] [r=0 c=1 rs=1 cs=1]
              RenderText {#text} at (1,2) size 90x19
                text run at (1,2) width 90: "Row 5, Cell 2"
            RenderTableCell {TD} at (183,0) size 93x23 [border: (0.50px solid #808080)] [r=0 c=2 rs=1 cs=1]
              RenderText {#text} at (1,2) size 90x19
                text run at (1,2) width 90: "Row 5, Cell 3"
      RenderTable {TABLE} at (0,7408) size 276x134 [border: none (0.50px solid #808080)]
        RenderBlock {CAPTION} at (0,0) size 276x20
          RenderInline {A} at (0,0) size 202x19
            RenderText {#text} at (34,0) size 202x19
              text run at (34,0) width 202: "Frame=\x{201C}lhs\x{201D} and Rules=\x{201C}all\x{201D}"
          RenderInline (generated) at (0,0) size 7x19
            RenderText at (235,0) size 7x19
              text run at (235,0) width 7: ":"
        RenderTableSection {THEAD} at (0,20) size 276x23
          RenderTableRow {TR} at (0,0) size 276x23
            RenderTableCell {TD} at (0,0) size 92x23 [border: none] [r=0 c=0 rs=1 cs=1]
              RenderText {#text} at (1,1) size 90x19
                text run at (1,1) width 90: "Row 1, Cell 1"
            RenderTableCell {TD} at (91,0) size 93x23 [border: none] [r=0 c=1 rs=1 cs=1]
              RenderText {#text} at (1,1) size 90x19
                text run at (1,1) width 90: "Row 1, Cell 2"
            RenderTableCell {TD} at (183,0) size 93x23 [border: none] [r=0 c=2 rs=1 cs=1]
              RenderText {#text} at (1,1) size 90x19
                text run at (1,1) width 90: "Row 1, Cell 3"
        RenderTableSection {TBODY} at (0,42) size 276x70
          RenderTableRow {TR} at (0,0) size 276x23
            RenderTableCell {TD} at (0,11) size 92x24 [border: (0.50px solid #808080)] [r=0 c=0 rs=2 cs=1]
              RenderText {#text} at (1,1) size 90x20
                text run at (1,2) width 90: "Row 2, Cell 1"
            RenderTableCell {TD} at (91,0) size 185x23 [border: (0.50px solid #808080)] [r=0 c=1 rs=1 cs=2]
              RenderText {#text} at (1,2) size 90x19
                text run at (1,2) width 90: "Row 2, Cell 2"
          RenderTableRow {TR} at (0,23) size 276x23
            RenderTableCell {TD} at (91,23) size 93x23 [border: (0.50px solid #808080)] [r=1 c=1 rs=1 cs=1]
              RenderText {#text} at (1,2) size 90x19
                text run at (1,2) width 90: "Row 3, Cell 2"
            RenderTableCell {TD} at (183,34) size 93x24 [border: (0.50px solid #808080)] [r=1 c=2 rs=2 cs=1]
              RenderText {#text} at (1,1) size 90x20
                text run at (1,2) width 90: "Row 3, Cell 3"
          RenderTableRow {TR} at (0,46) size 276x23
            RenderTableCell {TD} at (0,46) size 184x23 [border: (0.50px solid #808080)] [r=2 c=0 rs=1 cs=2]
              RenderText {#text} at (1,2) size 90x19
                text run at (1,2) width 90: "Row 4, Cell 1"
        RenderTableSection {TFOOT} at (0,111) size 276x23
          RenderTableRow {TR} at (0,0) size 276x23
            RenderTableCell {TD} at (0,0) size 92x23 [border: (0.50px solid #808080)] [r=0 c=0 rs=1 cs=1]
              RenderText {#text} at (1,2) size 90x19
                text run at (1,2) width 90: "Row 5, Cell 1"
            RenderTableCell {TD} at (91,0) size 93x23 [border: (0.50px solid #808080)] [r=0 c=1 rs=1 cs=1]
              RenderText {#text} at (1,2) size 90x19
                text run at (1,2) width 90: "Row 5, Cell 2"
            RenderTableCell {TD} at (183,0) size 93x23 [border: (0.50px solid #808080)] [r=0 c=2 rs=1 cs=1]
              RenderText {#text} at (1,2) size 90x19
                text run at (1,2) width 90: "Row 5, Cell 3"
      RenderTable {TABLE} at (0,7590) size 276x134 [border: none (0.50px solid #808080) none]
        RenderBlock {CAPTION} at (0,0) size 276x20
          RenderInline {A} at (0,0) size 204x19
            RenderText {#text} at (33,0) size 204x19
              text run at (33,0) width 204: "Frame=\x{201C}rhs\x{201D} and Rules=\x{201C}all\x{201D}"
          RenderInline (generated) at (0,0) size 7x19
            RenderText at (236,0) size 7x19
              text run at (236,0) width 7: ":"
        RenderTableSection {THEAD} at (0,20) size 276x23
          RenderTableRow {TR} at (0,0) size 276x23
            RenderTableCell {TD} at (0,0) size 92x23 [border: none] [r=0 c=0 rs=1 cs=1]
              RenderText {#text} at (1,1) size 89x19
                text run at (1,1) width 89: "Row 1, Cell 1"
            RenderTableCell {TD} at (91,0) size 93x23 [border: none] [r=0 c=1 rs=1 cs=1]
              RenderText {#text} at (1,1) size 90x19
                text run at (1,1) width 90: "Row 1, Cell 2"
            RenderTableCell {TD} at (183,0) size 93x23 [border: none] [r=0 c=2 rs=1 cs=1]
              RenderText {#text} at (1,1) size 90x19
                text run at (1,1) width 90: "Row 1, Cell 3"
        RenderTableSection {TBODY} at (0,42) size 276x70
          RenderTableRow {TR} at (0,0) size 276x23
            RenderTableCell {TD} at (0,11) size 92x24 [border: (0.50px solid #808080)] [r=0 c=0 rs=2 cs=1]
              RenderText {#text} at (1,1) size 89x20
                text run at (1,2) width 89: "Row 2, Cell 1"
            RenderTableCell {TD} at (91,0) size 185x23 [border: (0.50px solid #808080)] [r=0 c=1 rs=1 cs=2]
              RenderText {#text} at (1,2) size 90x19
                text run at (1,2) width 90: "Row 2, Cell 2"
          RenderTableRow {TR} at (0,23) size 276x23
            RenderTableCell {TD} at (91,23) size 93x23 [border: (0.50px solid #808080)] [r=1 c=1 rs=1 cs=1]
              RenderText {#text} at (1,2) size 90x19
                text run at (1,2) width 90: "Row 3, Cell 2"
            RenderTableCell {TD} at (183,34) size 93x24 [border: (0.50px solid #808080)] [r=1 c=2 rs=2 cs=1]
              RenderText {#text} at (1,1) size 90x20
                text run at (1,2) width 90: "Row 3, Cell 3"
          RenderTableRow {TR} at (0,46) size 276x23
            RenderTableCell {TD} at (0,46) size 184x23 [border: (0.50px solid #808080)] [r=2 c=0 rs=1 cs=2]
              RenderText {#text} at (1,2) size 89x19
                text run at (1,2) width 89: "Row 4, Cell 1"
        RenderTableSection {TFOOT} at (0,111) size 276x23
          RenderTableRow {TR} at (0,0) size 276x23
            RenderTableCell {TD} at (0,0) size 92x23 [border: (0.50px solid #808080)] [r=0 c=0 rs=1 cs=1]
              RenderText {#text} at (1,2) size 89x19
                text run at (1,2) width 89: "Row 5, Cell 1"
            RenderTableCell {TD} at (91,0) size 93x23 [border: (0.50px solid #808080)] [r=0 c=1 rs=1 cs=1]
              RenderText {#text} at (1,2) size 90x19
                text run at (1,2) width 90: "Row 5, Cell 2"
            RenderTableCell {TD} at (183,0) size 93x23 [border: (0.50px solid #808080)] [r=0 c=2 rs=1 cs=1]
              RenderText {#text} at (1,2) size 90x19
                text run at (1,2) width 90: "Row 5, Cell 3"
      RenderTable {TABLE} at (0,7772) size 277x136 [border: (0.50px solid #808080)]
        RenderBlock {CAPTION} at (0,0) size 277x20
          RenderInline {A} at (0,0) size 207x19
            RenderText {#text} at (32,0) size 207x19
              text run at (32,0) width 207: "Frame=\x{201C}box\x{201D} and Rules=\x{201C}all\x{201D}"
          RenderInline (generated) at (0,0) size 6x19
            RenderText at (238,0) size 6x19
              text run at (238,0) width 6: ":"
        RenderTableSection {THEAD} at (0,20) size 277x24
          RenderTableRow {TR} at (0,0) size 276x23
            RenderTableCell {TD} at (0,0) size 92x23 [border: (0.50px solid #808080)] [r=0 c=0 rs=1 cs=1]
              RenderText {#text} at (1,2) size 90x19
                text run at (1,2) width 90: "Row 1, Cell 1"
            RenderTableCell {TD} at (91,0) size 93x23 [border: (0.50px solid #808080)] [r=0 c=1 rs=1 cs=1]
              RenderText {#text} at (1,2) size 90x19
                text run at (1,2) width 90: "Row 1, Cell 2"
            RenderTableCell {TD} at (183,0) size 93x23 [border: (0.50px solid #808080)] [r=0 c=2 rs=1 cs=1]
              RenderText {#text} at (1,2) size 90x19
                text run at (1,2) width 90: "Row 1, Cell 3"
        RenderTableSection {TBODY} at (0,43) size 277x70
          RenderTableRow {TR} at (0,0) size 276x23
            RenderTableCell {TD} at (0,11) size 92x24 [border: (0.50px solid #808080)] [r=0 c=0 rs=2 cs=1]
              RenderText {#text} at (1,1) size 90x20
                text run at (1,2) width 90: "Row 2, Cell 1"
            RenderTableCell {TD} at (91,0) size 185x23 [border: (0.50px solid #808080)] [r=0 c=1 rs=1 cs=2]
              RenderText {#text} at (1,2) size 90x19
                text run at (1,2) width 90: "Row 2, Cell 2"
          RenderTableRow {TR} at (0,23) size 276x23
            RenderTableCell {TD} at (91,23) size 93x23 [border: (0.50px solid #808080)] [r=1 c=1 rs=1 cs=1]
              RenderText {#text} at (1,2) size 90x19
                text run at (1,2) width 90: "Row 3, Cell 2"
            RenderTableCell {TD} at (183,34) size 93x24 [border: (0.50px solid #808080)] [r=1 c=2 rs=2 cs=1]
              RenderText {#text} at (1,1) size 90x20
                text run at (1,2) width 90: "Row 3, Cell 3"
          RenderTableRow {TR} at (0,46) size 276x23
            RenderTableCell {TD} at (0,46) size 184x23 [border: (0.50px solid #808080)] [r=2 c=0 rs=1 cs=2]
              RenderText {#text} at (1,2) size 90x19
                text run at (1,2) width 90: "Row 4, Cell 1"
        RenderTableSection {TFOOT} at (0,112) size 277x24
          RenderTableRow {TR} at (0,0) size 276x23
            RenderTableCell {TD} at (0,0) size 92x23 [border: (0.50px solid #808080)] [r=0 c=0 rs=1 cs=1]
              RenderText {#text} at (1,2) size 90x19
                text run at (1,2) width 90: "Row 5, Cell 1"
            RenderTableCell {TD} at (91,0) size 93x23 [border: (0.50px solid #808080)] [r=0 c=1 rs=1 cs=1]
              RenderText {#text} at (1,2) size 90x19
                text run at (1,2) width 90: "Row 5, Cell 2"
            RenderTableCell {TD} at (183,0) size 93x23 [border: (0.50px solid #808080)] [r=0 c=2 rs=1 cs=1]
              RenderText {#text} at (1,2) size 90x19
                text run at (1,2) width 90: "Row 5, Cell 3"
      RenderTable {TABLE} at (0,7956) size 277x136 [border: (0.50px solid #808080)]
        RenderBlock {CAPTION} at (0,0) size 277x20
          RenderInline {A} at (0,0) size 227x19
            RenderText {#text} at (22,0) size 227x19
              text run at (22,0) width 227: "Frame=\x{201C}border\x{201D} and Rules=\x{201C}all\x{201D}"
          RenderInline (generated) at (0,0) size 6x19
            RenderText at (248,0) size 6x19
              text run at (248,0) width 6: ":"
        RenderTableSection {THEAD} at (0,20) size 277x24
          RenderTableRow {TR} at (0,0) size 276x23
            RenderTableCell {TD} at (0,0) size 92x23 [border: (0.50px solid #808080)] [r=0 c=0 rs=1 cs=1]
              RenderText {#text} at (1,2) size 90x19
                text run at (1,2) width 90: "Row 1, Cell 1"
            RenderTableCell {TD} at (91,0) size 93x23 [border: (0.50px solid #808080)] [r=0 c=1 rs=1 cs=1]
              RenderText {#text} at (1,2) size 90x19
                text run at (1,2) width 90: "Row 1, Cell 2"
            RenderTableCell {TD} at (183,0) size 93x23 [border: (0.50px solid #808080)] [r=0 c=2 rs=1 cs=1]
              RenderText {#text} at (1,2) size 90x19
                text run at (1,2) width 90: "Row 1, Cell 3"
        RenderTableSection {TBODY} at (0,43) size 277x70
          RenderTableRow {TR} at (0,0) size 276x23
            RenderTableCell {TD} at (0,11) size 92x24 [border: (0.50px solid #808080)] [r=0 c=0 rs=2 cs=1]
              RenderText {#text} at (1,1) size 90x20
                text run at (1,2) width 90: "Row 2, Cell 1"
            RenderTableCell {TD} at (91,0) size 185x23 [border: (0.50px solid #808080)] [r=0 c=1 rs=1 cs=2]
              RenderText {#text} at (1,2) size 90x19
                text run at (1,2) width 90: "Row 2, Cell 2"
          RenderTableRow {TR} at (0,23) size 276x23
            RenderTableCell {TD} at (91,23) size 93x23 [border: (0.50px solid #808080)] [r=1 c=1 rs=1 cs=1]
              RenderText {#text} at (1,2) size 90x19
                text run at (1,2) width 90: "Row 3, Cell 2"
            RenderTableCell {TD} at (183,34) size 93x24 [border: (0.50px solid #808080)] [r=1 c=2 rs=2 cs=1]
              RenderText {#text} at (1,1) size 90x20
                text run at (1,2) width 90: "Row 3, Cell 3"
          RenderTableRow {TR} at (0,46) size 276x23
            RenderTableCell {TD} at (0,46) size 184x23 [border: (0.50px solid #808080)] [r=2 c=0 rs=1 cs=2]
              RenderText {#text} at (1,2) size 90x19
                text run at (1,2) width 90: "Row 4, Cell 1"
        RenderTableSection {TFOOT} at (0,112) size 277x24
          RenderTableRow {TR} at (0,0) size 276x23
            RenderTableCell {TD} at (0,0) size 92x23 [border: (0.50px solid #808080)] [r=0 c=0 rs=1 cs=1]
              RenderText {#text} at (1,2) size 90x19
                text run at (1,2) width 90: "Row 5, Cell 1"
            RenderTableCell {TD} at (91,0) size 93x23 [border: (0.50px solid #808080)] [r=0 c=1 rs=1 cs=1]
              RenderText {#text} at (1,2) size 90x19
                text run at (1,2) width 90: "Row 5, Cell 2"
            RenderTableCell {TD} at (183,0) size 93x23 [border: (0.50px solid #808080)] [r=0 c=2 rs=1 cs=1]
              RenderText {#text} at (1,2) size 90x19
                text run at (1,2) width 90: "Row 5, Cell 3"
layer at (400,24) size 400x150
  RenderBlock (positioned) {TABLE} at (400,24) size 400x150
    RenderTable at (0,0) size 347x162
      RenderBlock {CAPTION} at (0,0) size 347x20
        RenderText {#text} at (50,0) size 241x19
          text run at (50,0) width 241: "Local links to specific testcase tables"
        RenderInline (generated) at (0,0) size 7x19
          RenderText at (290,0) size 7x19
            text run at (290,0) width 7: ":"
      RenderTableCol {COLGROUP} at (0,0) size 0x0
      RenderTableCol {COLGROUP} at (0,0) size 0x0
      RenderTableSection {THEAD} at (0,20) size 347x42
        RenderTableRow {TR} at (0,2) size 347x18
          RenderTableCell {TH} at (2,20) size 72x2 [r=0 c=0 rs=2 cs=2]
          RenderTableCell {TH} at (75,2) size 270x18 [r=0 c=2 rs=1 cs=9]
            RenderText {#text} at (118,1) size 34x15
              text run at (118,1) width 34: "Frame"
        RenderTableRow {TR} at (0,22) size 347x18
          RenderTableCell {TH} at (75,22) size 26x18 [r=1 c=2 rs=1 cs=1]
            RenderText {#text} at (1,1) size 24x15
              text run at (1,1) width 24: "void"
          RenderTableCell {TH} at (102,22) size 34x18 [r=1 c=3 rs=1 cs=1]
            RenderText {#text} at (1,1) size 32x15
              text run at (1,1) width 32: "above"
          RenderTableCell {TH} at (137,22) size 34x18 [r=1 c=4 rs=1 cs=1]
            RenderText {#text} at (1,1) size 32x15
              text run at (1,1) width 32: "below"
          RenderTableCell {TH} at (172,22) size 36x18 [r=1 c=5 rs=1 cs=1]
            RenderText {#text} at (1,1) size 33x15
              text run at (1,1) width 33: "hsides"
          RenderTableCell {TH} at (209,22) size 35x18 [r=1 c=6 rs=1 cs=1]
            RenderText {#text} at (1,1) size 33x15
              text run at (1,1) width 33: "vsides"
          RenderTableCell {TH} at (245,22) size 19x18 [r=1 c=7 rs=1 cs=1]
            RenderText {#text} at (1,1) size 16x15
              text run at (1,1) width 16: "lhs"
          RenderTableCell {TH} at (265,22) size 19x18 [r=1 c=8 rs=1 cs=1]
            RenderText {#text} at (1,1) size 16x15
              text run at (1,1) width 16: "rhs"
          RenderTableCell {TH} at (285,22) size 22x18 [r=1 c=9 rs=1 cs=1]
            RenderText {#text} at (1,1) size 20x15
              text run at (1,1) width 20: "box"
          RenderTableCell {TH} at (308,22) size 37x18 [r=1 c=10 rs=1 cs=1]
            RenderText {#text} at (1,1) size 34x15
              text run at (1,1) width 34: "border"
      RenderTableSection {TBODY} at (0,62) size 347x100
        RenderTableRow {TR} at (0,0) size 347x18
          RenderTableCell {TH} at (2,40) size 32x18 [r=0 c=0 rs=5 cs=1]
            RenderText {#text} at (1,1) size 30x15
              text run at (1,1) width 30: "Rules"
          RenderTableCell {TH} at (35,0) size 39x18 [r=0 c=1 rs=1 cs=1]
            RenderText {#text} at (11,1) size 26x15
              text run at (11,1) width 26: "none"
          RenderTableCell {TD} at (75,0) size 26x18 [bgcolor=#CCCCCC] [r=0 c=2 rs=1 cs=1]
            RenderInline {A} at (0,0) size 15x15 [color=#0000EE]
              RenderText {#text} at (5,1) size 15x15
                text run at (5,2) width 15: "Go"
          RenderTableCell {TD} at (102,0) size 34x18 [bgcolor=#CCCCCC] [r=0 c=3 rs=1 cs=1]
            RenderInline {A} at (0,0) size 15x15 [color=#0000EE]
              RenderText {#text} at (9,1) size 15x15
                text run at (9,2) width 15: "Go"
          RenderTableCell {TD} at (137,0) size 34x18 [bgcolor=#CCCCCC] [r=0 c=4 rs=1 cs=1]
            RenderInline {A} at (0,0) size 16x15 [color=#0000EE]
              RenderText {#text} at (9,1) size 16x15
                text run at (9,2) width 16: "Go"
          RenderTableCell {TD} at (172,0) size 36x18 [bgcolor=#CCCCCC] [r=0 c=5 rs=1 cs=1]
            RenderInline {A} at (0,0) size 16x15 [color=#0000EE]
              RenderText {#text} at (9,1) size 16x15
                text run at (9,2) width 16: "Go"
          RenderTableCell {TD} at (209,0) size 35x18 [bgcolor=#CCCCCC] [r=0 c=6 rs=1 cs=1]
            RenderInline {A} at (0,0) size 16x15 [color=#0000EE]
              RenderText {#text} at (9,1) size 16x15
                text run at (9,2) width 16: "Go"
          RenderTableCell {TD} at (245,0) size 19x18 [bgcolor=#CCCCCC] [r=0 c=7 rs=1 cs=1]
            RenderInline {A} at (0,0) size 15x15 [color=#0000EE]
              RenderText {#text} at (1,1) size 15x15
                text run at (1,2) width 15: "Go"
          RenderTableCell {TD} at (265,0) size 19x18 [bgcolor=#CCCCCC] [r=0 c=8 rs=1 cs=1]
            RenderInline {A} at (0,0) size 16x15 [color=#0000EE]
              RenderText {#text} at (1,1) size 16x15
                text run at (1,2) width 16: "Go"
          RenderTableCell {TD} at (285,0) size 22x18 [bgcolor=#CCCCCC] [r=0 c=9 rs=1 cs=1]
            RenderInline {A} at (0,0) size 16x15 [color=#0000EE]
              RenderText {#text} at (3,1) size 16x15
                text run at (3,2) width 16: "Go"
          RenderTableCell {TD} at (308,0) size 37x18 [bgcolor=#CCCCCC] [r=0 c=10 rs=1 cs=1]
            RenderInline {A} at (0,0) size 16x15 [color=#0000EE]
              RenderText {#text} at (10,1) size 16x15
                text run at (10,2) width 16: "Go"
        RenderTableRow {TR} at (0,20) size 347x18
          RenderTableCell {TH} at (35,20) size 39x18 [r=1 c=1 rs=1 cs=1]
            RenderText {#text} at (1,1) size 36x15
              text run at (1,1) width 36: "groups"
          RenderTableCell {TD} at (75,20) size 26x18 [bgcolor=#CCCCCC] [r=1 c=2 rs=1 cs=1]
            RenderInline {A} at (0,0) size 15x15 [color=#0000EE]
              RenderText {#text} at (5,1) size 15x15
                text run at (5,2) width 15: "Go"
          RenderTableCell {TD} at (102,20) size 34x18 [bgcolor=#CCCCCC] [r=1 c=3 rs=1 cs=1]
            RenderInline {A} at (0,0) size 15x15 [color=#0000EE]
              RenderText {#text} at (9,1) size 15x15
                text run at (9,2) width 15: "Go"
          RenderTableCell {TD} at (137,20) size 34x18 [bgcolor=#CCCCCC] [r=1 c=4 rs=1 cs=1]
            RenderInline {A} at (0,0) size 16x15 [color=#0000EE]
              RenderText {#text} at (9,1) size 16x15
                text run at (9,2) width 16: "Go"
          RenderTableCell {TD} at (172,20) size 36x18 [bgcolor=#CCCCCC] [r=1 c=5 rs=1 cs=1]
            RenderInline {A} at (0,0) size 16x15 [color=#0000EE]
              RenderText {#text} at (9,1) size 16x15
                text run at (9,2) width 16: "Go"
          RenderTableCell {TD} at (209,20) size 35x18 [bgcolor=#CCCCCC] [r=1 c=6 rs=1 cs=1]
            RenderInline {A} at (0,0) size 16x15 [color=#0000EE]
              RenderText {#text} at (9,1) size 16x15
                text run at (9,2) width 16: "Go"
          RenderTableCell {TD} at (245,20) size 19x18 [bgcolor=#CCCCCC] [r=1 c=7 rs=1 cs=1]
            RenderInline {A} at (0,0) size 15x15 [color=#0000EE]
              RenderText {#text} at (1,1) size 15x15
                text run at (1,2) width 15: "Go"
          RenderTableCell {TD} at (265,20) size 19x18 [bgcolor=#CCCCCC] [r=1 c=8 rs=1 cs=1]
            RenderInline {A} at (0,0) size 16x15 [color=#0000EE]
              RenderText {#text} at (1,1) size 16x15
                text run at (1,2) width 16: "Go"
          RenderTableCell {TD} at (285,20) size 22x18 [bgcolor=#CCCCCC] [r=1 c=9 rs=1 cs=1]
            RenderInline {A} at (0,0) size 16x15 [color=#0000EE]
              RenderText {#text} at (3,1) size 16x15
                text run at (3,2) width 16: "Go"
          RenderTableCell {TD} at (308,20) size 37x18 [bgcolor=#CCCCCC] [r=1 c=10 rs=1 cs=1]
            RenderInline {A} at (0,0) size 16x15 [color=#0000EE]
              RenderText {#text} at (10,1) size 16x15
                text run at (10,2) width 16: "Go"
        RenderTableRow {TR} at (0,40) size 347x18
          RenderTableCell {TH} at (35,40) size 39x18 [r=2 c=1 rs=1 cs=1]
            RenderText {#text} at (11,1) size 26x15
              text run at (11,1) width 26: "rows"
          RenderTableCell {TD} at (75,40) size 26x18 [bgcolor=#CCCCCC] [r=2 c=2 rs=1 cs=1]
            RenderInline {A} at (0,0) size 15x15 [color=#0000EE]
              RenderText {#text} at (5,1) size 15x15
                text run at (5,2) width 15: "Go"
          RenderTableCell {TD} at (102,40) size 34x18 [bgcolor=#CCCCCC] [r=2 c=3 rs=1 cs=1]
            RenderInline {A} at (0,0) size 15x15 [color=#0000EE]
              RenderText {#text} at (9,1) size 15x15
                text run at (9,2) width 15: "Go"
          RenderTableCell {TD} at (137,40) size 34x18 [bgcolor=#CCCCCC] [r=2 c=4 rs=1 cs=1]
            RenderInline {A} at (0,0) size 16x15 [color=#0000EE]
              RenderText {#text} at (9,1) size 16x15
                text run at (9,2) width 16: "Go"
          RenderTableCell {TD} at (172,40) size 36x18 [bgcolor=#CCCCCC] [r=2 c=5 rs=1 cs=1]
            RenderInline {A} at (0,0) size 16x15 [color=#0000EE]
              RenderText {#text} at (9,1) size 16x15
                text run at (9,2) width 16: "Go"
          RenderTableCell {TD} at (209,40) size 35x18 [bgcolor=#CCCCCC] [r=2 c=6 rs=1 cs=1]
            RenderInline {A} at (0,0) size 16x15 [color=#0000EE]
              RenderText {#text} at (9,1) size 16x15
                text run at (9,2) width 16: "Go"
          RenderTableCell {TD} at (245,40) size 19x18 [bgcolor=#CCCCCC] [r=2 c=7 rs=1 cs=1]
            RenderInline {A} at (0,0) size 15x15 [color=#0000EE]
              RenderText {#text} at (1,1) size 15x15
                text run at (1,2) width 15: "Go"
          RenderTableCell {TD} at (265,40) size 19x18 [bgcolor=#CCCCCC] [r=2 c=8 rs=1 cs=1]
            RenderInline {A} at (0,0) size 16x15 [color=#0000EE]
              RenderText {#text} at (1,1) size 16x15
                text run at (1,2) width 16: "Go"
          RenderTableCell {TD} at (285,40) size 22x18 [bgcolor=#CCCCCC] [r=2 c=9 rs=1 cs=1]
            RenderInline {A} at (0,0) size 16x15 [color=#0000EE]
              RenderText {#text} at (3,1) size 16x15
                text run at (3,2) width 16: "Go"
          RenderTableCell {TD} at (308,40) size 37x18 [bgcolor=#CCCCCC] [r=2 c=10 rs=1 cs=1]
            RenderInline {A} at (0,0) size 16x15 [color=#0000EE]
              RenderText {#text} at (10,1) size 16x15
                text run at (10,2) width 16: "Go"
        RenderTableRow {TR} at (0,60) size 347x18
          RenderTableCell {TH} at (35,60) size 39x18 [r=3 c=1 rs=1 cs=1]
            RenderText {#text} at (15,1) size 22x15
              text run at (15,1) width 22: "cols"
          RenderTableCell {TD} at (75,60) size 26x18 [bgcolor=#CCCCCC] [r=3 c=2 rs=1 cs=1]
            RenderInline {A} at (0,0) size 15x15 [color=#0000EE]
              RenderText {#text} at (5,1) size 15x15
                text run at (5,2) width 15: "Go"
          RenderTableCell {TD} at (102,60) size 34x18 [bgcolor=#CCCCCC] [r=3 c=3 rs=1 cs=1]
            RenderInline {A} at (0,0) size 15x15 [color=#0000EE]
              RenderText {#text} at (9,1) size 15x15
                text run at (9,2) width 15: "Go"
          RenderTableCell {TD} at (137,60) size 34x18 [bgcolor=#CCCCCC] [r=3 c=4 rs=1 cs=1]
            RenderInline {A} at (0,0) size 16x15 [color=#0000EE]
              RenderText {#text} at (9,1) size 16x15
                text run at (9,2) width 16: "Go"
          RenderTableCell {TD} at (172,60) size 36x18 [bgcolor=#CCCCCC] [r=3 c=5 rs=1 cs=1]
            RenderInline {A} at (0,0) size 16x15 [color=#0000EE]
              RenderText {#text} at (9,1) size 16x15
                text run at (9,2) width 16: "Go"
          RenderTableCell {TD} at (209,60) size 35x18 [bgcolor=#CCCCCC] [r=3 c=6 rs=1 cs=1]
            RenderInline {A} at (0,0) size 16x15 [color=#0000EE]
              RenderText {#text} at (9,1) size 16x15
                text run at (9,2) width 16: "Go"
          RenderTableCell {TD} at (245,60) size 19x18 [bgcolor=#CCCCCC] [r=3 c=7 rs=1 cs=1]
            RenderInline {A} at (0,0) size 15x15 [color=#0000EE]
              RenderText {#text} at (1,1) size 15x15
                text run at (1,2) width 15: "Go"
          RenderTableCell {TD} at (265,60) size 19x18 [bgcolor=#CCCCCC] [r=3 c=8 rs=1 cs=1]
            RenderInline {A} at (0,0) size 16x15 [color=#0000EE]
              RenderText {#text} at (1,1) size 16x15
                text run at (1,2) width 16: "Go"
          RenderTableCell {TD} at (285,60) size 22x18 [bgcolor=#CCCCCC] [r=3 c=9 rs=1 cs=1]
            RenderInline {A} at (0,0) size 16x15 [color=#0000EE]
              RenderText {#text} at (3,1) size 16x15
                text run at (3,2) width 16: "Go"
          RenderTableCell {TD} at (308,60) size 37x18 [bgcolor=#CCCCCC] [r=3 c=10 rs=1 cs=1]
            RenderInline {A} at (0,0) size 16x15 [color=#0000EE]
              RenderText {#text} at (10,1) size 16x15
                text run at (10,2) width 16: "Go"
        RenderTableRow {TR} at (0,80) size 347x18
          RenderTableCell {TH} at (35,80) size 39x18 [r=4 c=1 rs=1 cs=1]
            RenderText {#text} at (23,1) size 14x15
              text run at (23,1) width 14: "all"
          RenderTableCell {TD} at (75,80) size 26x18 [bgcolor=#CCCCCC] [r=4 c=2 rs=1 cs=1]
            RenderInline {A} at (0,0) size 15x15 [color=#0000EE]
              RenderText {#text} at (5,1) size 15x15
                text run at (5,2) width 15: "Go"
          RenderTableCell {TD} at (102,80) size 34x18 [bgcolor=#CCCCCC] [r=4 c=3 rs=1 cs=1]
            RenderInline {A} at (0,0) size 15x15 [color=#0000EE]
              RenderText {#text} at (9,1) size 15x15
                text run at (9,2) width 15: "Go"
          RenderTableCell {TD} at (137,80) size 34x18 [bgcolor=#CCCCCC] [r=4 c=4 rs=1 cs=1]
            RenderInline {A} at (0,0) size 16x15 [color=#0000EE]
              RenderText {#text} at (9,1) size 16x15
                text run at (9,2) width 16: "Go"
          RenderTableCell {TD} at (172,80) size 36x18 [bgcolor=#CCCCCC] [r=4 c=5 rs=1 cs=1]
            RenderInline {A} at (0,0) size 16x15 [color=#0000EE]
              RenderText {#text} at (9,1) size 16x15
                text run at (9,2) width 16: "Go"
          RenderTableCell {TD} at (209,80) size 35x18 [bgcolor=#CCCCCC] [r=4 c=6 rs=1 cs=1]
            RenderInline {A} at (0,0) size 16x15 [color=#0000EE]
              RenderText {#text} at (9,1) size 16x15
                text run at (9,2) width 16: "Go"
          RenderTableCell {TD} at (245,80) size 19x18 [bgcolor=#CCCCCC] [r=4 c=7 rs=1 cs=1]
            RenderInline {A} at (0,0) size 15x15 [color=#0000EE]
              RenderText {#text} at (1,1) size 15x15
                text run at (1,2) width 15: "Go"
          RenderTableCell {TD} at (265,80) size 19x18 [bgcolor=#CCCCCC] [r=4 c=8 rs=1 cs=1]
            RenderInline {A} at (0,0) size 16x15 [color=#0000EE]
              RenderText {#text} at (1,1) size 16x15
                text run at (1,2) width 16: "Go"
          RenderTableCell {TD} at (285,80) size 22x18 [bgcolor=#CCCCCC] [r=4 c=9 rs=1 cs=1]
            RenderInline {A} at (0,0) size 16x15 [color=#0000EE]
              RenderText {#text} at (3,1) size 16x15
                text run at (3,2) width 16: "Go"
          RenderTableCell {TD} at (308,80) size 37x18 [bgcolor=#CCCCCC] [r=4 c=10 rs=1 cs=1]
            RenderInline {A} at (0,0) size 16x15 [color=#0000EE]
              RenderText {#text} at (10,1) size 16x15
                text run at (10,2) width 16: "Go"
