layer at (0,0) size 800x600
  RenderView at (0,0) size 800x600
layer at (0,0) size 800x600
  RenderBlock {HTML} at (0,0) size 800x600
    RenderBody {BODY} at (8,8) size 784x576
      RenderBlock {P} at (0,0) size 784x20
        RenderText {#text} at (0,0) size 54x19
          text run at (0,0) width 54: "Test for "
        RenderInline {I} at (0,0) size 678x19
          RenderInline {A} at (0,0) size 305x19 [color=#0000EE]
            RenderText {#text} at (53,0) size 305x19
              text run at (53,0) width 305: "http://bugs.webkit.org/show_bug.cgi?id=15309"
          RenderText {#text} at (357,0) size 374x19
            text run at (357,0) width 5: " "
            text run at (361,0) width 370: "Crash due to infinite recursion in RenderTable::addChild"
        RenderText {#text} at (730,0) size 5x19
          text run at (730,0) width 5: "."
      RenderBlock {P} at (0,36) size 784x20
        RenderText {#text} at (0,0) size 514x19
          text run at (0,0) width 514: "The following should look the same (and have identical render tree hierarchies):"
      RenderBlock {P} at (0,72) size 784x40
        RenderTable {SPAN} at (0,0) size 32x40
          RenderTableSection (anonymous) at (0,0) size 32x20
            RenderTableRow (anonymous) at (0,0) size 32x20
              RenderTableCell (anonymous) at (0,0) size 32x20 [r=0 c=0 rs=1 cs=1]
                RenderText {#text} at (0,0) size 32x19
                  text run at (0,0) width 32: "table"
          RenderBlock (generated) at (0,20) size 32x20
            RenderText at (0,0) size 30x19
              text run at (0,0) width 30: "after"
      RenderBlock {P} at (0,128) size 784x40
        RenderTable {TABLE} at (0,0) size 32x40
          RenderTableSection {TBODY} at (0,0) size 32x20
            RenderTableRow {TR} at (0,0) size 32x20
              RenderTableCell {TD} at (0,0) size 32x20 [r=0 c=0 rs=1 cs=1]
                RenderText {#text} at (0,0) size 32x19
                  text run at (0,0) width 32: "table"
          RenderBlock {CAPTION} at (0,20) size 32x20
            RenderText {#text} at (0,0) size 31x19
              text run at (0,0) width 31: "after"
