layer at (0,0) size 800x600
  RenderView at (0,0) size 800x600
layer at (0,0) size 800x600
  RenderBlock {HTML} at (0,0) size 800x600
    RenderBody {BODY} at (8,8) size 784x584
      RenderBlock {P} at (0,0) size 784x40
        RenderText {#text} at (0,0) size 54x19
          text run at (0,0) width 54: "Test for "
        RenderInline {I} at (0,0) size 748x39
          RenderInline {A} at (0,0) size 305x19 [color=#0000EE]
            RenderText {#text} at (53,0) size 305x19
              text run at (53,0) width 305: "http://bugs.webkit.org/show_bug.cgi?id=15208"
          RenderText {#text} at (357,0) size 748x39
            text run at (357,0) width 5: " "
            text run at (361,0) width 387: "display:table causes the collapsed text to show at a different"
            text run at (0,20) width 155: "position when expanded"
        RenderText {#text} at (154,20) size 5x19
          text run at (154,20) width 5: "."
      RenderBlock {P} at (0,56) size 784x20
        RenderText {#text} at (0,0) size 209x19
          text run at (0,0) width 209: "This should say \x{201C}Lorem ipsum\x{201D}:"
      RenderTable {DIV} at (0,92) size 86x20
        RenderTableSection (anonymous) at (0,0) size 86x20
          RenderTableRow (anonymous) at (0,0) size 86x20
            RenderTableCell (anonymous) at (0,0) size 86x20 [r=0 c=0 rs=1 cs=1]
              RenderText {#text} at (0,0) size 43x19
                text run at (0,0) width 43: "Lorem"
              RenderText {#text} at (42,0) size 44x19
                text run at (42,0) width 5: " "
                text run at (46,0) width 40: "ipsum"
