layer at (0,0) size 800x600
  RenderView at (0,0) size 800x600
layer at (0,0) size 800x365
  RenderBlock {HTML} at (0,0) size 800x365
    RenderBody {BODY} at (8,21) size 784x336
      RenderBlock {H1} at (0,0) size 784x38
        RenderText {#text} at (0,1) size 481x36
          text run at (0,1) width 481: "Vertical alignment and table height"
      RenderBlock {P} at (0,59) size 784x21
        RenderText {#text} at (0,0) size 547x19
          text run at (0,0) width 547: "In each of the following tables the cells with 'Data' should all have the same baseline:"
      RenderTable {TABLE} at (0,95) size 459x121
        RenderTableSection {TBODY} at (0,0) size 459x120
          RenderTableRow {TR} at (0,2) size 459x116
            RenderTableCell {TD} at (2,75) size 35x24 [border: (1px solid #000000)] [r=0 c=0 rs=1 cs=1]
              RenderText {#text} at (2,2) size 31x19
                text run at (2,2) width 31: "Data"
            RenderTableCell {TD} at (38,46) size 95x61 [border: (1px solid #000000)] [r=0 c=1 rs=1 cs=1]
              RenderText {#text} at (2,3) size 91x54
                text run at (2,3) width 91: "Data"
            RenderTableCell {TD} at (134,2) size 187x116 [border: (1px solid #000000)] [r=0 c=2 rs=1 cs=1]
              RenderText {#text} at (2,4) size 182x107
                text run at (2,4) width 182: "Data"
            RenderTableCell {TD} at (322,2) size 29x24 [border: (1px solid #000000)] [r=0 c=3 rs=1 cs=1]
              RenderText {#text} at (2,2) size 25x19
                text run at (2,2) width 25: "Top"
            RenderTableCell {TD} at (352,48) size 51x24 [border: (1px solid #000000)] [r=0 c=4 rs=1 cs=1]
              RenderText {#text} at (2,2) size 47x19
                text run at (2,2) width 47: "Middle"
            RenderTableCell {TD} at (404,94) size 53x24 [border: (1px solid #000000)] [r=0 c=5 rs=1 cs=1]
              RenderText {#text} at (2,2) size 49x19
                text run at (2,2) width 49: "Bottom"
      RenderTable {TABLE} at (0,215) size 459x121
        RenderTableSection {TBODY} at (0,0) size 459x120
          RenderTableRow {TR} at (0,2) size 459x116
            RenderTableCell {TD} at (2,2) size 29x24 [border: (1px solid #000000)] [r=0 c=0 rs=1 cs=1]
              RenderText {#text} at (2,2) size 25x19
                text run at (2,2) width 25: "Top"
            RenderTableCell {TD} at (32,48) size 51x24 [border: (1px solid #000000)] [r=0 c=1 rs=1 cs=1]
              RenderText {#text} at (2,2) size 47x19
                text run at (2,2) width 47: "Middle"
            RenderTableCell {TD} at (84,94) size 53x24 [border: (1px solid #000000)] [r=0 c=2 rs=1 cs=1]
              RenderText {#text} at (2,2) size 49x19
                text run at (2,2) width 49: "Bottom"
            RenderTableCell {TD} at (138,2) size 187x116 [border: (1px solid #000000)] [r=0 c=3 rs=1 cs=1]
              RenderText {#text} at (2,4) size 182x107
                text run at (2,4) width 182: "Data"
            RenderTableCell {TD} at (326,75) size 35x24 [border: (1px solid #000000)] [r=0 c=4 rs=1 cs=1]
              RenderText {#text} at (2,2) size 31x19
                text run at (2,2) width 31: "Data"
            RenderTableCell {TD} at (362,46) size 95x61 [border: (1px solid #000000)] [r=0 c=5 rs=1 cs=1]
              RenderText {#text} at (2,3) size 91x54
                text run at (2,3) width 91: "Data"
