layer at (0,0) size 800x600
  RenderView at (0,0) size 800x600
layer at (0,0) size 800x600
  RenderBlock {HTML} at (0,0) size 800x600
    RenderBody {BODY} at (8,8) size 784x584
      RenderBlock (anonymous) at (0,0) size 784x0
        RenderInline {NOBR} at (0,0) size 0x0
          RenderText {#text} at (0,0) size 0x0
      RenderBlock (anonymous) at (0,0) size 784x390
        RenderTable {TABLE} at (0,0) size 70x390 [border: (1px outset #808080)]
          RenderTableSection {TBODY} at (1,1) size 68x388
            RenderTableRow {TR} at (0,2) size 68x384
              RenderTableCell {TD} at (2,2) size 64x384 [border: (1px inset #808080)] [r=0 c=0 rs=1 cs=1]
                RenderText {#text} at (2,2) size 60x379
                  text run at (2,2) width 55: "This is a"
                  text run at (2,22) width 54: "test case"
                  text run at (2,42) width 19: "for"
                  text run at (2,62) width 60: "3190580."
                  text run at (2,82) width 33: "Even"
                  text run at (2,102) width 45: "though"
                  text run at (2,122) width 59: "this table"
                  text run at (2,142) width 11: "is"
                  text run at (2,162) width 56: "enclosed"
                  text run at (2,182) width 57: "in a nobr"
                  text run at (2,202) width 51: "tag, this"
                  text run at (2,222) width 24: "text"
                  text run at (2,242) width 43: "should"
                  text run at (2,262) width 32: "wrap"
                  text run at (2,282) width 53: "anyway."
                  text run at (2,302) width 60: "The table"
                  text run at (2,322) width 44: "is only"
                  text run at (2,342) width 59: "50 pixels"
                  text run at (2,362) width 36: "wide."
      RenderBlock (anonymous) at (0,390) size 784x0
        RenderInline {NOBR} at (0,0) size 0x0
        RenderText {#text} at (0,0) size 0x0
