layer at (0,0) size 800x600
  RenderView at (0,0) size 800x600
layer at (0,0) size 800x600
  RenderBlock {HTML} at (0,0) size 800x600
    RenderBody {BODY} at (8,8) size 784x584
      RenderBlock {H3} at (0,0) size 784x23
        RenderText {#text} at (0,0) size 246x22
          text run at (0,0) width 246: "Small Percentage Heights Bug"
      RenderBlock {P} at (0,41) size 784x41
        RenderText {#text} at (0,0) size 762x39
          text run at (0,0) width 409: "In the example below, all eight cells should be the same height. "
          text run at (408,0) width 354: "It appears that any percentage heights cause cells to fill"
          text run at (0,20) width 148: "the entire table height. "
          text run at (147,20) width 546: "Note how cell 8 is correct but 2-7 are not, despite the cells all specifying height:30%."
      RenderTable {TABLE} at (0,97) size 784x105 [border: (1px outset #808080)]
        RenderTableSection {TBODY} at (1,1) size 782x102
          RenderTableRow {TR} at (0,0) size 782x102
            RenderTableCell {TD} at (0,0) size 479x102 [bgcolor=#FFFF00] [border: (1px inset #808080)] [r=0 c=0 rs=1 cs=1]
              RenderText {#text} at (194,11) size 91x19
                text run at (194,11) width 91: "Table Data #1"
              RenderBR {BR} at (284,11) size 1x19
              RenderText {#text} at (204,31) size 71x19
                text run at (204,31) width 71: "Other cells"
              RenderBR {BR} at (274,31) size 1x19
              RenderText {#text} at (174,51) size 131x19
                text run at (174,51) width 131: "should be the height"
              RenderBR {BR} at (304,51) size 1x19
              RenderText {#text} at (205,71) size 69x19
                text run at (205,71) width 69: "of this cell"
            RenderTableCell {TD} at (478,20) size 45x62 [bgcolor=#006000] [border: (1px inset #808080)] [r=0 c=1 rs=1 cs=1]
              RenderText {#text} at (11,11) size 22x39
                text run at (11,11) width 22: "TD"
                text run at (13,31) width 17: "#2"
            RenderTableCell {TD} at (522,20) size 44x62 [bgcolor=#00FFFF] [border: (1px inset #808080)] [r=0 c=2 rs=1 cs=1]
              RenderText {#text} at (11,11) size 22x39
                text run at (11,11) width 22: "TD"
                text run at (13,31) width 17: "#3"
            RenderTableCell {TD} at (565,20) size 44x62 [bgcolor=#0000FF] [border: (1px inset #808080)] [r=0 c=3 rs=1 cs=1]
              RenderText {#text} at (11,11) size 22x39
                text run at (11,11) width 22: "TD"
                text run at (13,31) width 17: "#4"
            RenderTableCell {TD} at (608,20) size 45x62 [bgcolor=#008000] [border: (1px inset #808080)] [r=0 c=4 rs=1 cs=1]
              RenderText {#text} at (11,11) size 22x39
                text run at (11,11) width 22: "TD"
                text run at (13,31) width 17: "#5"
            RenderTableCell {TD} at (652,20) size 44x62 [bgcolor=#000080] [border: (1px inset #808080)] [r=0 c=5 rs=1 cs=1]
              RenderText {#text} at (11,11) size 22x39
                text run at (11,11) width 22: "TD"
                text run at (13,31) width 17: "#6"
            RenderTableCell {TD} at (695,20) size 44x62 [bgcolor=#CACACA] [border: (1px inset #808080)] [r=0 c=6 rs=1 cs=1]
              RenderText {#text} at (11,11) size 22x39
                text run at (11,11) width 22: "TD"
                text run at (13,31) width 17: "#7"
            RenderTableCell {TD} at (738,20) size 44x62 [bgcolor=#000000] [border: (1px inset #808080)] [r=0 c=7 rs=1 cs=1]
              RenderInline {FONT} at (0,0) size 22x39 [color=#FFFFFF]
                RenderText {#text} at (11,11) size 22x39
                  text run at (11,11) width 22: "TD"
                  text run at (13,31) width 17: "#8"
