layer at (0,0) size 800x1459
  RenderView at (0,0) size 800x600
layer at (0,0) size 800x1459
  RenderBlock {HTML} at (0,0) size 800x1459
    RenderBody {BODY} at (8,8) size 784x1443
      RenderBlock {P} at (0,0) size 784x40
        RenderText {#text} at (0,0) size 54x19
          text run at (0,0) width 54: "Test for "
        RenderInline {I} at (0,0) size 779x39
          RenderInline {A} at (0,0) size 312x19 [color=#0000EE]
            RenderText {#text} at (53,0) size 312x19
              text run at (53,0) width 312: "https://bugs.webkit.org/show_bug.cgi?id=19519"
          RenderText {#text} at (364,0) size 779x39
            text run at (364,0) width 415: " DOM modification causes stack exhaustion (BUTTON OBJECT"
            text run at (0,20) width 91: "COLGROUP)"
        RenderText {#text} at (90,20) size 5x19
          text run at (90,20) width 5: "."
      RenderBlock {PRE} at (0,56) size 784x14
        RenderText {#text} at (0,0) size 242x14
          text run at (0,0) width 242: "Prepending block to table-cell:"
      RenderBlock {DIV} at (0,83) size 784x0
        RenderBlock {DIV} at (0,0) size 784x0
        RenderTable at (0,0) size 0x0
          RenderTableSection (anonymous) at (0,0) size 0x0
            RenderTableRow (anonymous) at (0,0) size 0x0
              RenderTableCell {DIV} at (0,0) size 0x0 [r=0 c=0 rs=1 cs=1]
      RenderBlock {DIV} at (0,83) size 784x0
        RenderBlock {DIV} at (0,0) size 784x0
        RenderTable at (0,0) size 0x0
          RenderTableSection (anonymous) at (0,0) size 0x0
            RenderTableRow (anonymous) at (0,0) size 0x0
              RenderTableCell {DIV} at (0,0) size 0x0 [r=0 c=0 rs=1 cs=1]
      RenderBlock {PRE} at (0,96) size 784x14
        RenderText {#text} at (0,0) size 250x14
          text run at (0,0) width 250: "Prepending inline to table-cell:"
      RenderBlock {DIV} at (0,123) size 784x0
        RenderBlock (anonymous) at (0,0) size 784x0
          RenderInline {DIV} at (0,0) size 0x0
        RenderTable at (0,0) size 0x0
          RenderTableSection (anonymous) at (0,0) size 0x0
            RenderTableRow (anonymous) at (0,0) size 0x0
              RenderTableCell {DIV} at (0,0) size 0x0 [r=0 c=0 rs=1 cs=1]
      RenderBlock {DIV} at (0,123) size 784x0
        RenderBlock (anonymous) at (0,0) size 784x0
          RenderInline {DIV} at (0,0) size 0x0
        RenderTable at (0,0) size 0x0
          RenderTableSection (anonymous) at (0,0) size 0x0
            RenderTableRow (anonymous) at (0,0) size 0x0
              RenderTableCell {DIV} at (0,0) size 0x0 [r=0 c=0 rs=1 cs=1]
      RenderBlock {PRE} at (0,136) size 784x14
        RenderText {#text} at (0,0) size 281x14
          text run at (0,0) width 281: "Prepending table-cell to table-cell:"
      RenderBlock {DIV} at (0,163) size 784x0
        RenderTable at (0,0) size 0x0
          RenderTableSection (anonymous) at (0,0) size 0x0
            RenderTableRow (anonymous) at (0,0) size 0x0
              RenderTableCell {DIV} at (0,0) size 0x0 [r=0 c=0 rs=1 cs=1]
              RenderTableCell {DIV} at (0,0) size 0x0 [r=0 c=1 rs=1 cs=1]
      RenderBlock {DIV} at (0,163) size 784x0
        RenderTable at (0,0) size 0x0
          RenderTableSection (anonymous) at (0,0) size 0x0
            RenderTableRow (anonymous) at (0,0) size 0x0
              RenderTableCell {DIV} at (0,0) size 0x0 [r=0 c=0 rs=1 cs=1]
              RenderTableCell {DIV} at (0,0) size 0x0 [r=0 c=1 rs=1 cs=1]
      RenderBlock {PRE} at (0,176) size 784x14
        RenderText {#text} at (0,0) size 274x14
          text run at (0,0) width 274: "Prepending table-row to table-cell:"
      RenderBlock {DIV} at (0,203) size 784x0
        RenderTable at (0,0) size 0x0
          RenderTableSection (anonymous) at (0,0) size 0x0
            RenderTableRow {DIV} at (0,0) size 0x0
            RenderTableRow (anonymous) at (0,0) size 0x0
              RenderTableCell {DIV} at (0,0) size 0x0 [r=1 c=0 rs=1 cs=1]
      RenderBlock {DIV} at (0,203) size 784x0
        RenderTable at (0,0) size 0x0
          RenderTableSection (anonymous) at (0,0) size 0x0
            RenderTableRow {DIV} at (0,0) size 0x0
            RenderTableRow (anonymous) at (0,0) size 0x0
              RenderTableCell {DIV} at (0,0) size 0x0 [r=1 c=0 rs=1 cs=1]
      RenderBlock {PRE} at (0,216) size 784x14
        RenderText {#text} at (0,0) size 320x14
          text run at (0,0) width 320: "Prepending table-row-group to table-cell:"
      RenderBlock {DIV} at (0,243) size 784x0
        RenderTable at (0,0) size 0x0
          RenderTableSection {DIV} at (0,0) size 0x0
          RenderTableSection (anonymous) at (0,0) size 0x0
            RenderTableRow (anonymous) at (0,0) size 0x0
              RenderTableCell {DIV} at (0,0) size 0x0 [r=0 c=0 rs=1 cs=1]
      RenderBlock {DIV} at (0,243) size 784x0
        RenderTable at (0,0) size 0x0
          RenderTableSection {DIV} at (0,0) size 0x0
          RenderTableSection (anonymous) at (0,0) size 0x0
            RenderTableRow (anonymous) at (0,0) size 0x0
              RenderTableCell {DIV} at (0,0) size 0x0 [r=0 c=0 rs=1 cs=1]
      RenderBlock {PRE} at (0,256) size 784x14
        RenderText {#text} at (0,0) size 344x14
          text run at (0,0) width 344: "Prepending table-column-group to table-cell:"
      RenderBlock {DIV} at (0,283) size 784x0
        RenderTable at (0,0) size 0x0
          RenderTableCol {DIV} at (0,0) size 0x0
          RenderTableSection (anonymous) at (0,0) size 0x0
            RenderTableRow (anonymous) at (0,0) size 0x0
              RenderTableCell {DIV} at (0,0) size 0x0 [r=0 c=0 rs=1 cs=1]
      RenderBlock {DIV} at (0,283) size 784x0
        RenderTable at (0,0) size 0x0
          RenderTableCol {DIV} at (0,0) size 0x0
          RenderTableSection (anonymous) at (0,0) size 0x0
            RenderTableRow (anonymous) at (0,0) size 0x0
              RenderTableCell {DIV} at (0,0) size 0x0 [r=0 c=0 rs=1 cs=1]
      RenderBlock {PRE} at (0,296) size 784x14
        RenderText {#text} at (0,0) size 305x14
          text run at (0,0) width 305: "Prepending table-caption to table-cell:"
      RenderBlock {DIV} at (0,323) size 784x0
        RenderTable at (0,0) size 0x0
          RenderBlock {DIV} at (0,0) size 0x0
          RenderTableSection (anonymous) at (0,0) size 0x0
            RenderTableRow (anonymous) at (0,0) size 0x0
              RenderTableCell {DIV} at (0,0) size 0x0 [r=0 c=0 rs=1 cs=1]
      RenderBlock {DIV} at (0,323) size 784x0
        RenderTable at (0,0) size 0x0
          RenderBlock {DIV} at (0,0) size 0x0
          RenderTableSection (anonymous) at (0,0) size 0x0
            RenderTableRow (anonymous) at (0,0) size 0x0
              RenderTableCell {DIV} at (0,0) size 0x0 [r=0 c=0 rs=1 cs=1]
      RenderBlock {PRE} at (0,336) size 784x14
        RenderText {#text} at (0,0) size 235x14
          text run at (0,0) width 235: "Prepending block to table-row:"
      RenderBlock {DIV} at (0,363) size 784x0
        RenderBlock {DIV} at (0,0) size 784x0
        RenderTable at (0,0) size 0x0
          RenderTableSection (anonymous) at (0,0) size 0x0
            RenderTableRow {DIV} at (0,0) size 0x0
      RenderBlock {DIV} at (0,363) size 784x0
        RenderBlock {DIV} at (0,0) size 784x0
        RenderTable at (0,0) size 0x0
          RenderTableSection (anonymous) at (0,0) size 0x0
            RenderTableRow {DIV} at (0,0) size 0x0
      RenderBlock {PRE} at (0,376) size 784x14
        RenderText {#text} at (0,0) size 242x14
          text run at (0,0) width 242: "Prepending inline to table-row:"
      RenderBlock {DIV} at (0,403) size 784x0
        RenderBlock (anonymous) at (0,0) size 784x0
          RenderInline {DIV} at (0,0) size 0x0
        RenderTable at (0,0) size 0x0
          RenderTableSection (anonymous) at (0,0) size 0x0
            RenderTableRow {DIV} at (0,0) size 0x0
      RenderBlock {DIV} at (0,403) size 784x0
        RenderBlock (anonymous) at (0,0) size 784x0
          RenderInline {DIV} at (0,0) size 0x0
        RenderTable at (0,0) size 0x0
          RenderTableSection (anonymous) at (0,0) size 0x0
            RenderTableRow {DIV} at (0,0) size 0x0
      RenderBlock {PRE} at (0,416) size 784x14
        RenderText {#text} at (0,0) size 274x14
          text run at (0,0) width 274: "Prepending table-cell to table-row:"
      RenderBlock {DIV} at (0,443) size 784x0
        RenderTable at (0,0) size 0x0
          RenderTableSection (anonymous) at (0,0) size 0x0
            RenderTableRow (anonymous) at (0,0) size 0x0
              RenderTableCell {DIV} at (0,0) size 0x0 [r=0 c=0 rs=1 cs=1]
            RenderTableRow {DIV} at (0,0) size 0x0
      RenderBlock {DIV} at (0,443) size 784x0
        RenderTable at (0,0) size 0x0
          RenderTableSection (anonymous) at (0,0) size 0x0
            RenderTableRow (anonymous) at (0,0) size 0x0
              RenderTableCell {DIV} at (0,0) size 0x0 [r=0 c=0 rs=1 cs=1]
            RenderTableRow {DIV} at (0,0) size 0x0
      RenderBlock {PRE} at (0,456) size 784x14
        RenderText {#text} at (0,0) size 266x14
          text run at (0,0) width 266: "Prepending table-row to table-row:"
      RenderBlock {DIV} at (0,483) size 784x0
        RenderTable at (0,0) size 0x0
          RenderTableSection (anonymous) at (0,0) size 0x0
            RenderTableRow {DIV} at (0,0) size 0x0
            RenderTableRow {DIV} at (0,0) size 0x0
      RenderBlock {DIV} at (0,483) size 784x0
        RenderTable at (0,0) size 0x0
          RenderTableSection (anonymous) at (0,0) size 0x0
            RenderTableRow {DIV} at (0,0) size 0x0
            RenderTableRow {DIV} at (0,0) size 0x0
      RenderBlock {PRE} at (0,496) size 784x14
        RenderText {#text} at (0,0) size 313x14
          text run at (0,0) width 313: "Prepending table-row-group to table-row:"
      RenderBlock {DIV} at (0,523) size 784x0
        RenderTable at (0,0) size 0x0
          RenderTableSection {DIV} at (0,0) size 0x0
          RenderTableSection (anonymous) at (0,0) size 0x0
            RenderTableRow {DIV} at (0,0) size 0x0
      RenderBlock {DIV} at (0,523) size 784x0
        RenderTable at (0,0) size 0x0
          RenderTableSection {DIV} at (0,0) size 0x0
          RenderTableSection (anonymous) at (0,0) size 0x0
            RenderTableRow {DIV} at (0,0) size 0x0
      RenderBlock {PRE} at (0,536) size 784x14
        RenderText {#text} at (0,0) size 336x14
          text run at (0,0) width 336: "Prepending table-column-group to table-row:"
      RenderBlock {DIV} at (0,563) size 784x0
        RenderTable at (0,0) size 0x0
          RenderTableCol {DIV} at (0,0) size 0x0
          RenderTableSection (anonymous) at (0,0) size 0x0
            RenderTableRow {DIV} at (0,0) size 0x0
      RenderBlock {DIV} at (0,563) size 784x0
        RenderTable at (0,0) size 0x0
          RenderTableCol {DIV} at (0,0) size 0x0
          RenderTableSection (anonymous) at (0,0) size 0x0
            RenderTableRow {DIV} at (0,0) size 0x0
      RenderBlock {PRE} at (0,576) size 784x14
        RenderText {#text} at (0,0) size 297x14
          text run at (0,0) width 297: "Prepending table-caption to table-row:"
      RenderBlock {DIV} at (0,603) size 784x0
        RenderTable at (0,0) size 0x0
          RenderBlock {DIV} at (0,0) size 0x0
          RenderTableSection (anonymous) at (0,0) size 0x0
            RenderTableRow {DIV} at (0,0) size 0x0
      RenderBlock {DIV} at (0,603) size 784x0
        RenderTable at (0,0) size 0x0
          RenderBlock {DIV} at (0,0) size 0x0
          RenderTableSection (anonymous) at (0,0) size 0x0
            RenderTableRow {DIV} at (0,0) size 0x0
      RenderBlock {PRE} at (0,616) size 784x14
        RenderText {#text} at (0,0) size 281x14
          text run at (0,0) width 281: "Prepending block to table-row-group:"
      RenderBlock {DIV} at (0,643) size 784x0
        RenderBlock {DIV} at (0,0) size 784x0
        RenderTable at (0,0) size 0x0
          RenderTableSection {DIV} at (0,0) size 0x0
      RenderBlock {DIV} at (0,643) size 784x0
        RenderBlock {DIV} at (0,0) size 784x0
        RenderTable at (0,0) size 0x0
          RenderTableSection {DIV} at (0,0) size 0x0
      RenderBlock {PRE} at (0,656) size 784x14
        RenderText {#text} at (0,0) size 289x14
          text run at (0,0) width 289: "Prepending inline to table-row-group:"
      RenderBlock {DIV} at (0,683) size 784x0
        RenderBlock (anonymous) at (0,0) size 784x0
          RenderInline {DIV} at (0,0) size 0x0
        RenderTable at (0,0) size 0x0
          RenderTableSection {DIV} at (0,0) size 0x0
      RenderBlock {DIV} at (0,683) size 784x0
        RenderBlock (anonymous) at (0,0) size 784x0
          RenderInline {DIV} at (0,0) size 0x0
        RenderTable at (0,0) size 0x0
          RenderTableSection {DIV} at (0,0) size 0x0
      RenderBlock {PRE} at (0,696) size 784x14
        RenderText {#text} at (0,0) size 320x14
          text run at (0,0) width 320: "Prepending table-cell to table-row-group:"
      RenderBlock {DIV} at (0,723) size 784x0
        RenderTable at (0,0) size 0x0
          RenderTableSection (anonymous) at (0,0) size 0x0
            RenderTableRow (anonymous) at (0,0) size 0x0
              RenderTableCell {DIV} at (0,0) size 0x0 [r=0 c=0 rs=1 cs=1]
          RenderTableSection {DIV} at (0,0) size 0x0
      RenderBlock {DIV} at (0,723) size 784x0
        RenderTable at (0,0) size 0x0
          RenderTableSection (anonymous) at (0,0) size 0x0
            RenderTableRow (anonymous) at (0,0) size 0x0
              RenderTableCell {DIV} at (0,0) size 0x0 [r=0 c=0 rs=1 cs=1]
          RenderTableSection {DIV} at (0,0) size 0x0
      RenderBlock {PRE} at (0,736) size 784x14
        RenderText {#text} at (0,0) size 313x14
          text run at (0,0) width 313: "Prepending table-row to table-row-group:"
      RenderBlock {DIV} at (0,763) size 784x0
        RenderTable at (0,0) size 0x0
          RenderTableSection (anonymous) at (0,0) size 0x0
            RenderTableRow {DIV} at (0,0) size 0x0
          RenderTableSection {DIV} at (0,0) size 0x0
      RenderBlock {DIV} at (0,763) size 784x0
        RenderTable at (0,0) size 0x0
          RenderTableSection (anonymous) at (0,0) size 0x0
            RenderTableRow {DIV} at (0,0) size 0x0
          RenderTableSection {DIV} at (0,0) size 0x0
      RenderBlock {PRE} at (0,776) size 784x14
        RenderText {#text} at (0,0) size 359x14
          text run at (0,0) width 359: "Prepending table-row-group to table-row-group:"
      RenderBlock {DIV} at (0,803) size 784x0
        RenderTable at (0,0) size 0x0
          RenderTableSection {DIV} at (0,0) size 0x0
          RenderTableSection {DIV} at (0,0) size 0x0
      RenderBlock {DIV} at (0,803) size 784x0
        RenderTable at (0,0) size 0x0
          RenderTableSection {DIV} at (0,0) size 0x0
          RenderTableSection {DIV} at (0,0) size 0x0
      RenderBlock {PRE} at (0,816) size 784x14
        RenderText {#text} at (0,0) size 383x14
          text run at (0,0) width 383: "Prepending table-column-group to table-row-group:"
      RenderBlock {DIV} at (0,843) size 784x0
        RenderTable at (0,0) size 0x0
          RenderTableCol {DIV} at (0,0) size 0x0
          RenderTableSection {DIV} at (0,0) size 0x0
      RenderBlock {DIV} at (0,843) size 784x0
        RenderTable at (0,0) size 0x0
          RenderTableCol {DIV} at (0,0) size 0x0
          RenderTableSection {DIV} at (0,0) size 0x0
      RenderBlock {PRE} at (0,856) size 784x14
        RenderText {#text} at (0,0) size 344x14
          text run at (0,0) width 344: "Prepending table-caption to table-row-group:"
      RenderBlock {DIV} at (0,883) size 784x0
        RenderTable at (0,0) size 0x0
          RenderBlock {DIV} at (0,0) size 0x0
          RenderTableSection {DIV} at (0,0) size 0x0
      RenderBlock {DIV} at (0,883) size 784x0
        RenderTable at (0,0) size 0x0
          RenderBlock {DIV} at (0,0) size 0x0
          RenderTableSection {DIV} at (0,0) size 0x0
      RenderBlock {PRE} at (0,896) size 784x14
        RenderText {#text} at (0,0) size 305x14
          text run at (0,0) width 305: "Prepending block to table-column-group:"
      RenderBlock {DIV} at (0,923) size 784x0
        RenderBlock {DIV} at (0,0) size 784x0
        RenderTable at (0,0) size 0x0
          RenderTableCol {DIV} at (0,0) size 0x0
      RenderBlock {DIV} at (0,923) size 784x0
        RenderBlock {DIV} at (0,0) size 784x0
        RenderTable at (0,0) size 0x0
          RenderTableCol {DIV} at (0,0) size 0x0
      RenderBlock {PRE} at (0,936) size 784x14
        RenderText {#text} at (0,0) size 313x14
          text run at (0,0) width 313: "Prepending inline to table-column-group:"
      RenderBlock {DIV} at (0,963) size 784x0
        RenderBlock (anonymous) at (0,0) size 784x0
          RenderInline {DIV} at (0,0) size 0x0
        RenderTable at (0,0) size 0x0
          RenderTableCol {DIV} at (0,0) size 0x0
      RenderBlock {DIV} at (0,963) size 784x0
        RenderBlock (anonymous) at (0,0) size 784x0
          RenderInline {DIV} at (0,0) size 0x0
        RenderTable at (0,0) size 0x0
          RenderTableCol {DIV} at (0,0) size 0x0
      RenderBlock {PRE} at (0,976) size 784x14
        RenderText {#text} at (0,0) size 344x14
          text run at (0,0) width 344: "Prepending table-cell to table-column-group:"
      RenderBlock {DIV} at (0,1003) size 784x0
        RenderTable at (0,0) size 0x0
          RenderTableSection (anonymous) at (0,0) size 0x0
            RenderTableRow (anonymous) at (0,0) size 0x0
              RenderTableCell {DIV} at (0,0) size 0x0 [r=0 c=0 rs=1 cs=1]
          RenderTableCol {DIV} at (0,0) size 0x0
      RenderBlock {DIV} at (0,1003) size 784x0
        RenderTable at (0,0) size 0x0
          RenderTableSection (anonymous) at (0,0) size 0x0
            RenderTableRow (anonymous) at (0,0) size 0x0
              RenderTableCell {DIV} at (0,0) size 0x0 [r=0 c=0 rs=1 cs=1]
          RenderTableCol {DIV} at (0,0) size 0x0
      RenderBlock {PRE} at (0,1016) size 784x14
        RenderText {#text} at (0,0) size 336x14
          text run at (0,0) width 336: "Prepending table-row to table-column-group:"
      RenderBlock {DIV} at (0,1043) size 784x0
        RenderTable at (0,0) size 0x0
          RenderTableSection (anonymous) at (0,0) size 0x0
            RenderTableRow {DIV} at (0,0) size 0x0
          RenderTableCol {DIV} at (0,0) size 0x0
      RenderBlock {DIV} at (0,1043) size 784x0
        RenderTable at (0,0) size 0x0
          RenderTableSection (anonymous) at (0,0) size 0x0
            RenderTableRow {DIV} at (0,0) size 0x0
          RenderTableCol {DIV} at (0,0) size 0x0
      RenderBlock {PRE} at (0,1056) size 784x14
        RenderText {#text} at (0,0) size 383x14
          text run at (0,0) width 383: "Prepending table-row-group to table-column-group:"
      RenderBlock {DIV} at (0,1083) size 784x0
        RenderTable at (0,0) size 0x0
          RenderTableSection {DIV} at (0,0) size 0x0
          RenderTableCol {DIV} at (0,0) size 0x0
      RenderBlock {DIV} at (0,1083) size 784x0
        RenderTable at (0,0) size 0x0
          RenderTableSection {DIV} at (0,0) size 0x0
          RenderTableCol {DIV} at (0,0) size 0x0
      RenderBlock {PRE} at (0,1096) size 784x14
        RenderText {#text} at (0,0) size 406x14
          text run at (0,0) width 406: "Prepending table-column-group to table-column-group:"
      RenderBlock {DIV} at (0,1123) size 784x0
        RenderTable at (0,0) size 0x0
          RenderTableCol {DIV} at (0,0) size 0x0
          RenderTableCol {DIV} at (0,0) size 0x0
      RenderBlock {DIV} at (0,1123) size 784x0
        RenderTable at (0,0) size 0x0
          RenderTableCol {DIV} at (0,0) size 0x0
          RenderTableCol {DIV} at (0,0) size 0x0
      RenderBlock {PRE} at (0,1136) size 784x14
        RenderText {#text} at (0,0) size 367x14
          text run at (0,0) width 367: "Prepending table-caption to table-column-group:"
      RenderBlock {DIV} at (0,1163) size 784x0
        RenderTable at (0,0) size 0x0
          RenderBlock {DIV} at (0,0) size 0x0
          RenderTableCol {DIV} at (0,0) size 0x0
      RenderBlock {DIV} at (0,1163) size 784x0
        RenderTable at (0,0) size 0x0
          RenderBlock {DIV} at (0,0) size 0x0
          RenderTableCol {DIV} at (0,0) size 0x0
      RenderBlock {PRE} at (0,1176) size 784x14
        RenderText {#text} at (0,0) size 266x14
          text run at (0,0) width 266: "Prepending block to table-caption:"
      RenderBlock {DIV} at (0,1203) size 784x0
        RenderBlock {DIV} at (0,0) size 784x0
        RenderTable at (0,0) size 0x0
          RenderBlock {DIV} at (0,0) size 0x0
      RenderBlock {DIV} at (0,1203) size 784x0
        RenderBlock {DIV} at (0,0) size 784x0
        RenderTable at (0,0) size 0x0
          RenderBlock {DIV} at (0,0) size 0x0
      RenderBlock {PRE} at (0,1216) size 784x14
        RenderText {#text} at (0,0) size 274x14
          text run at (0,0) width 274: "Prepending inline to table-caption:"
      RenderBlock {DIV} at (0,1243) size 784x0
        RenderBlock (anonymous) at (0,0) size 784x0
          RenderInline {DIV} at (0,0) size 0x0
        RenderTable at (0,0) size 0x0
          RenderBlock {DIV} at (0,0) size 0x0
      RenderBlock {DIV} at (0,1243) size 784x0
        RenderBlock (anonymous) at (0,0) size 784x0
          RenderInline {DIV} at (0,0) size 0x0
        RenderTable at (0,0) size 0x0
          RenderBlock {DIV} at (0,0) size 0x0
      RenderBlock {PRE} at (0,1256) size 784x14
        RenderText {#text} at (0,0) size 305x14
          text run at (0,0) width 305: "Prepending table-cell to table-caption:"
      RenderBlock {DIV} at (0,1283) size 784x0
        RenderTable at (0,0) size 0x0
          RenderTableSection (anonymous) at (0,0) size 0x0
            RenderTableRow (anonymous) at (0,0) size 0x0
              RenderTableCell {DIV} at (0,0) size 0x0 [r=0 c=0 rs=1 cs=1]
          RenderBlock {DIV} at (0,0) size 0x0
      RenderBlock {DIV} at (0,1283) size 784x0
        RenderTable at (0,0) size 0x0
          RenderTableSection (anonymous) at (0,0) size 0x0
            RenderTableRow (anonymous) at (0,0) size 0x0
              RenderTableCell {DIV} at (0,0) size 0x0 [r=0 c=0 rs=1 cs=1]
          RenderBlock {DIV} at (0,0) size 0x0
      RenderBlock {PRE} at (0,1296) size 784x14
        RenderText {#text} at (0,0) size 297x14
          text run at (0,0) width 297: "Prepending table-row to table-caption:"
      RenderBlock {DIV} at (0,1323) size 784x0
        RenderTable at (0,0) size 0x0
          RenderTableSection (anonymous) at (0,0) size 0x0
            RenderTableRow {DIV} at (0,0) size 0x0
          RenderBlock {DIV} at (0,0) size 0x0
      RenderBlock {DIV} at (0,1323) size 784x0
        RenderTable at (0,0) size 0x0
          RenderTableSection (anonymous) at (0,0) size 0x0
            RenderTableRow {DIV} at (0,0) size 0x0
          RenderBlock {DIV} at (0,0) size 0x0
      RenderBlock {PRE} at (0,1336) size 784x14
        RenderText {#text} at (0,0) size 344x14
          text run at (0,0) width 344: "Prepending table-row-group to table-caption:"
      RenderBlock {DIV} at (0,1363) size 784x0
        RenderTable at (0,0) size 0x0
          RenderTableSection {DIV} at (0,0) size 0x0
          RenderBlock {DIV} at (0,0) size 0x0
      RenderBlock {DIV} at (0,1363) size 784x0
        RenderTable at (0,0) size 0x0
          RenderTableSection {DIV} at (0,0) size 0x0
          RenderBlock {DIV} at (0,0) size 0x0
      RenderBlock {PRE} at (0,1376) size 784x14
        RenderText {#text} at (0,0) size 367x14
          text run at (0,0) width 367: "Prepending table-column-group to table-caption:"
      RenderBlock {DIV} at (0,1403) size 784x0
        RenderTable at (0,0) size 0x0
          RenderTableCol {DIV} at (0,0) size 0x0
          RenderBlock {DIV} at (0,0) size 0x0
      RenderBlock {DIV} at (0,1403) size 784x0
        RenderTable at (0,0) size 0x0
          RenderTableCol {DIV} at (0,0) size 0x0
          RenderBlock {DIV} at (0,0) size 0x0
      RenderBlock {PRE} at (0,1416) size 784x14
        RenderText {#text} at (0,0) size 328x14
          text run at (0,0) width 328: "Prepending table-caption to table-caption:"
      RenderBlock {DIV} at (0,1443) size 784x0
        RenderTable at (0,0) size 0x0
          RenderBlock {DIV} at (0,0) size 0x0
          RenderBlock {DIV} at (0,0) size 0x0
      RenderBlock {DIV} at (0,1443) size 784x0
        RenderTable at (0,0) size 0x0
          RenderBlock {DIV} at (0,0) size 0x0
          RenderBlock {DIV} at (0,0) size 0x0
