layer at (0,0) size 800x600
  RenderView at (0,0) size 800x600
layer at (0,0) size 800x170
  RenderBlock {HTML} at (0,0) size 800x170
    RenderBody {BODY} at (8,16) size 784x146
      RenderBlock {P} at (0,0) size 784x20
        RenderText {#text} at (0,0) size 54x19
          text run at (0,0) width 54: "Test for "
        RenderInline {I} at (53,0) size 675x19
          RenderInline {A} at (53,0) size 353x19 [color=#0000EE]
            RenderText {#text} at (53,0) size 353x19
              text run at (53,0) width 353: "http://bugzilla.opendarwin.org/show_bug.cgi?id=9012"
          RenderText {#text} at (405,0) size 323x19
            text run at (405,0) width 5: " "
            text run at (409,0) width 319: "Row height not updated when cell heights change"
        RenderText {#text} at (727,0) size 5x19
          text run at (727,0) width 5: "."
      RenderTable {TABLE} at (0,46) size 100x100
        RenderTableSection {TBODY} at (0,0) size 100x100
          RenderTableRow {TR} at (0,0) size 100x0 [bgcolor=#FF0000]
            RenderTableCell {TD} at (0,0) size 50x0 [r=0 c=0 rs=1 cs=1]
            RenderTableCell {TD} at (50,0) size 50x0 [bgcolor=#008000] [r=0 c=1 rs=1 cs=1]
          RenderTableRow {TR} at (0,0) size 100x100 [bgcolor=#008000]
            RenderTableCell {TD} at (0,50) size 100x0 [r=1 c=0 rs=1 cs=2]
layer at (8,52) size 784x2 clip at (0,0) size 0x0
  RenderBlock {HR} at (0,36) size 784x2 [color=#808080] [border: (1px inset #808080)]
