layer at (0,0) size 800x600
  RenderView at (0,0) size 800x600
layer at (0,0) size 800x600
  RenderBlock {HTML} at (0,0) size 800x600
    RenderBody {BODY} at (8,8) size 784x576
      RenderTable {TABLE} at (0,0) size 154x68 [border: (0.50px outset #808080)]
        RenderTableSection {TBODY} at (0,0) size 154x68
          RenderTableRow {TR} at (0,0) size 153x23
            RenderTableCell {TD} at (0,0) size 77x23 [border: (0.50px none #808080) (0.50px solid #808080) none (0.50px solid #808080)] [r=0 c=0 rs=1 cs=1]
              RenderText {#text} at (1,1) size 74x20
                text run at (1,1) width 74: "Row1 cell1"
            RenderTableCell {TD} at (76,0) size 77x23 [border: (0.50px none #808080) (0.50px solid #808080) none (0.50px solid #808080)] [r=0 c=1 rs=1 cs=1]
              RenderText {#text} at (1,1) size 74x20
                text run at (1,1) width 74: "Row1 cell2"
          RenderTableRow {TR} at (0,22) size 153x23
            RenderTableCell {TD} at (0,22) size 77x23 [border: none (0.50px solid #808080) none (0.50px solid #808080)] [r=1 c=0 rs=1 cs=1]
              RenderText {#text} at (1,1) size 74x19
                text run at (1,1) width 74: "Row2 cell1"
            RenderTableCell {TD} at (76,22) size 77x23 [border: none (0.50px solid #808080) none (0.50px solid #808080)] [r=1 c=1 rs=1 cs=1]
              RenderText {#text} at (1,1) size 74x19
                text run at (1,1) width 74: "Row2 cell2"
          RenderTableRow {TR} at (0,44) size 153x23
            RenderTableCell {TD} at (0,44) size 77x23 [border: none (0.50px solid #808080) (0.50px none #808080) (0.50px solid #808080)] [r=2 c=0 rs=1 cs=1]
              RenderText {#text} at (1,1) size 74x19
                text run at (1,1) width 74: "Row3 cell1"
            RenderTableCell {TD} at (76,44) size 77x23 [border: none (0.50px solid #808080) (0.50px none #808080) (0.50px solid #808080)] [r=2 c=1 rs=1 cs=1]
              RenderText {#text} at (1,1) size 74x19
                text run at (1,1) width 74: "Row3 cell2"
      RenderBlock {P} at (0,84) size 784x40
        RenderText {#text} at (0,0) size 737x39
          text run at (0,0) width 737: "The rules attribute is first set dynamically to rows, then to cols, so the table should show only column borders. Bug"
          text run at (0,20) width 44: "14848."
