layer at (0,0) size 800x600
  RenderView at (0,0) size 800x600
layer at (0,0) size 800x600
  RenderBlock {HTML} at (0,0) size 800x600
    RenderBody {BODY} at (8,8) size 784x584
      RenderTable {TABLE} at (0,0) size 179x48
        RenderTableSection {TBODY} at (0,0) size 179x48
          RenderTableRow {TR} at (0,2) size 179x2
            RenderTableCell {TD} at (2,2) size 6x2 [r=0 c=0 rs=1 cs=1]
          RenderTableRow {TR} at (0,6) size 179x0
            RenderTableCell {TD} at (2,6) size 6x2 [r=1 c=0 rs=2 cs=1]
          RenderTableRow {TR} at (0,8) size 179x0
            RenderTableCell {TD} at (10,25) size 167x3 [r=2 c=1 rs=2 cs=1]
          RenderTableRow {TR} at (0,10) size 179x36
            RenderTableCell {TD} at (2,10) size 175x36 [r=3 c=0 rs=1 cs=2]
              RenderTable {TABLE} at (1,1) size 173x34 [border: (2px outset #808080)]
                RenderTableSection {TBODY} at (2,2) size 169x30
                  RenderTableRow {TR} at (0,2) size 169x26
                    RenderTableCell {TD} at (2,12) size 4x5 [border: (1px inset #808080)] [r=0 c=0 rs=1 cs=1]
                    RenderTableCell {TD} at (8,2) size 159x26 [border: (1px inset #808080)] [r=0 c=1 rs=1 cs=1]
                      RenderTextControl {INPUT} at (2,2) size 155x22 [bgcolor=#FFFFFF] [border: (1px solid #3C3C4399)]
                      RenderText {#text} at (0,0) size 0x0
layer at (30,28) size 141x14
  RenderBlock {DIV} at (6,3) size 143x15
    RenderText {#text} at (0,0) size 26x14
      text run at (0,0) width 26: "hello"
