layer at (0,0) size 800x600
  RenderView at (0,0) size 800x600
layer at (0,0) size 800x535
  RenderBlock {HTML} at (0,0) size 800x535
    RenderBody {BODY} at (8,10) size 784x517
      RenderBlock {TABLE} at (10,0) size 764x100 [border: (1px solid #000000)]
        RenderTable at (1,1) size 118x98
          RenderTableSection {THEAD} at (0,0) size 118x26
            RenderTableRow {TR} at (0,2) size 118x22
              RenderTableCell {TD} at (2,2) size 56x22 [r=0 c=0 rs=1 cs=1]
                RenderText {#text} at (1,1) size 46x19
                  text run at (1,1) width 46: "Head 1"
              RenderTableCell {TD} at (59,2) size 57x22 [r=0 c=1 rs=1 cs=1]
                RenderText {#text} at (1,1) size 46x19
                  text run at (1,1) width 46: "Head 2"
          RenderTableSection {TFOOT} at (0,74) size 118x24
            RenderTableRow {TR} at (0,0) size 118x22
              RenderTableCell {TD} at (2,0) size 56x22 [r=0 c=0 rs=1 cs=1]
                RenderText {#text} at (1,1) size 54x19
                  text run at (1,1) width 54: "Footer 1"
              RenderTableCell {TD} at (59,0) size 57x22 [r=0 c=1 rs=1 cs=1]
                RenderText {#text} at (1,1) size 54x19
                  text run at (1,1) width 54: "Footer 2"
          RenderTableSection {TBODY} at (0,26) size 118x48
            RenderTableRow {TR} at (0,0) size 118x22
              RenderTableCell {TD} at (2,0) size 56x22 [r=0 c=0 rs=1 cs=1]
                RenderText {#text} at (1,1) size 39x19
                  text run at (1,1) width 39: "Cell 1"
              RenderTableCell {TD} at (59,0) size 57x22 [r=0 c=1 rs=1 cs=1]
                RenderText {#text} at (1,1) size 39x19
                  text run at (1,1) width 39: "Cell 2"
            RenderTableRow {TR} at (0,24) size 118x22
              RenderTableCell {TD} at (2,24) size 56x22 [r=1 c=0 rs=1 cs=1]
                RenderText {#text} at (1,1) size 39x19
                  text run at (1,1) width 39: "Cell 3"
              RenderTableCell {TD} at (59,24) size 57x22 [r=1 c=1 rs=1 cs=1]
                RenderText {#text} at (1,1) size 39x19
                  text run at (1,1) width 39: "Cell 4"
      RenderBlock {TABLE} at (10,110) size 764x55 [border: (1px solid #000000)]
        RenderTable at (1,1) size 222x53
          RenderTableSection (anonymous) at (0,0) size 222x30
            RenderTableRow (anonymous) at (0,2) size 222x26
              RenderTableCell {THEAD} at (2,2) size 100x26 [r=0 c=0 rs=1 cs=1]
                RenderTable at (0,0) size 100x26
                  RenderTableSection (anonymous) at (0,0) size 100x26
                    RenderTableRow (anonymous) at (0,2) size 100x22
                      RenderTableCell {TR} at (2,2) size 96x22 [r=0 c=0 rs=1 cs=1]
                        RenderInline {TD} at (0,0) size 48x21
                          RenderText {#text} at (1,2) size 46x19
                            text run at (1,2) width 46: "Head 1"
                        RenderInline {TD} at (0,0) size 49x21
                          RenderText {#text} at (48,2) size 47x19
                            text run at (48,2) width 47: "Head 2"
              RenderTableCell {TFOOT} at (103,2) size 117x26 [r=0 c=1 rs=1 cs=1]
                RenderTable at (0,0) size 116x26
                  RenderTableSection (anonymous) at (0,0) size 116x26
                    RenderTableRow (anonymous) at (0,2) size 116x22
                      RenderTableCell {TR} at (2,2) size 112x22 [r=0 c=0 rs=1 cs=1]
                        RenderInline {TD} at (0,0) size 56x21
                          RenderText {#text} at (1,2) size 54x19
                            text run at (1,2) width 54: "Footer 1"
                        RenderInline {TD} at (0,0) size 57x21
                          RenderText {#text} at (56,2) size 55x19
                            text run at (56,2) width 55: "Footer 2"
          RenderTableSection {TBODY} at (0,29) size 222x24
            RenderTableRow (anonymous) at (0,0) size 222x22
              RenderTableCell {TR} at (2,0) size 100x22 [r=0 c=0 rs=1 cs=1]
                RenderInline {TD} at (0,0) size 41x21
                  RenderText {#text} at (1,2) size 39x19
                    text run at (1,2) width 39: "Cell 1"
                RenderInline {TD} at (0,0) size 42x21
                  RenderText {#text} at (41,2) size 40x19
                    text run at (41,2) width 40: "Cell 2"
              RenderTableCell {TR} at (103,0) size 117x22 [r=0 c=1 rs=1 cs=1]
                RenderInline {TD} at (0,0) size 41x21
                  RenderText {#text} at (1,2) size 39x19
                    text run at (1,2) width 39: "Cell 3"
                RenderInline {TD} at (0,0) size 42x21
                  RenderText {#text} at (41,2) size 40x19
                    text run at (41,2) width 40: "Cell 4"
      RenderBlock {TABLE} at (10,174) size 764x111 [border: (1px solid #000000)]
        RenderBlock {THEAD} at (1,1) size 762x26
          RenderBlock {TR} at (0,0) size 762x26
            RenderTable at (0,0) size 102x26
              RenderTableSection (anonymous) at (0,0) size 102x26
                RenderTableRow (anonymous) at (0,2) size 102x22
                  RenderTableCell {TD} at (2,2) size 48x22 [r=0 c=0 rs=1 cs=1]
                    RenderText {#text} at (1,1) size 46x19
                      text run at (1,1) width 46: "Head 1"
                  RenderTableCell {TD} at (51,2) size 49x22 [r=0 c=1 rs=1 cs=1]
                    RenderText {#text} at (1,1) size 46x19
                      text run at (1,1) width 46: "Head 2"
        RenderBlock {TFOOT} at (1,27) size 762x26
          RenderBlock {TR} at (0,0) size 762x26
            RenderTable at (0,0) size 118x26
              RenderTableSection (anonymous) at (0,0) size 118x26
                RenderTableRow (anonymous) at (0,2) size 118x22
                  RenderTableCell {TD} at (2,2) size 56x22 [r=0 c=0 rs=1 cs=1]
                    RenderText {#text} at (1,1) size 54x19
                      text run at (1,1) width 54: "Footer 1"
                  RenderTableCell {TD} at (59,2) size 57x22 [r=0 c=1 rs=1 cs=1]
                    RenderText {#text} at (1,1) size 54x19
                      text run at (1,1) width 54: "Footer 2"
        RenderTable at (1,53) size 92x56
          RenderTableSection {TBODY} at (0,0) size 92x56
            RenderTableRow (anonymous) at (0,2) size 92x52
              RenderTableCell (anonymous) at (2,2) size 88x52 [r=0 c=0 rs=1 cs=1]
                RenderBlock {TR} at (0,0) size 88x26
                  RenderTable at (0,0) size 88x26
                    RenderTableSection (anonymous) at (0,0) size 88x26
                      RenderTableRow (anonymous) at (0,2) size 88x22
                        RenderTableCell {TD} at (2,2) size 41x22 [r=0 c=0 rs=1 cs=1]
                          RenderText {#text} at (1,1) size 39x19
                            text run at (1,1) width 39: "Cell 1"
                        RenderTableCell {TD} at (44,2) size 42x22 [r=0 c=1 rs=1 cs=1]
                          RenderText {#text} at (1,1) size 39x19
                            text run at (1,1) width 39: "Cell 2"
                RenderBlock {TR} at (0,26) size 88x26
                  RenderTable at (0,0) size 88x26
                    RenderTableSection (anonymous) at (0,0) size 88x26
                      RenderTableRow (anonymous) at (0,2) size 88x22
                        RenderTableCell {TD} at (2,2) size 41x22 [r=0 c=0 rs=1 cs=1]
                          RenderText {#text} at (1,1) size 39x19
                            text run at (1,1) width 39: "Cell 3"
                        RenderTableCell {TD} at (44,2) size 42x22 [r=0 c=1 rs=1 cs=1]
                          RenderText {#text} at (1,1) size 39x19
                            text run at (1,1) width 39: "Cell 4"
      RenderTable at (0,294) size 302x223
        RenderTableSection (anonymous) at (0,0) size 302x222
          RenderTableRow (anonymous) at (0,0) size 302x222
            RenderTableCell {P} at (0,0) size 302x222 [border: (1px solid #000000)] [r=0 c=0 rs=1 cs=1]
              RenderText {#text} at (1,1) size 300x219
                text run at (1,1) width 259: "Lorem ipsum dolor sit amet, consectetur"
                text run at (1,21) width 252: "adipisicing elit, sed do eiusmod tempor"
                text run at (1,41) width 300: "incididunt ut labore et dolore magna aliqua. Ut"
                text run at (1,61) width 235: "enim ad minim veniam, quis nostrud"
                text run at (1,81) width 290: "exercitation ullamco laboris nisi ut aliquip ex"
                text run at (1,101) width 292: "ea commodo consequat. Duis aute irure dolor"
                text run at (1,121) width 290: "in reprehenderit in voluptate velit esse cillum"
                text run at (1,141) width 291: "dolore eu fugiat nulla pariatur. Excepteur sint"
                text run at (1,161) width 293: "occaecat cupidatat non proident, sunt in culpa"
                text run at (1,181) width 241: "qui officia deserunt mollit anim id est"
                text run at (1,201) width 58: "laborum."
