layer at (0,0) size 800x600
  RenderView at (0,0) size 800x600
layer at (0,0) size 800x600
  RenderBlock {HTML} at (0,0) size 800x600
    RenderBody {BODY} at (8,8) size 784x584
      RenderBlock {DIV} at (0,0) size 784x256 [color=#008000]
        RenderTable at (0,0) size 512x128 [color=#0000FF]
          RenderTableSection (anonymous) at (0,0) size 512x128
            RenderTableRow (anonymous) at (0,0) size 512x128
              RenderTableCell (anonymous) at (0,0) size 512x128 [r=0 c=0 rs=1 cs=1]
                RenderText at (0,-1) size 512x129
                  text run at (0,-1) width 512: "ABCD"
        RenderBlock (anonymous) at (0,128) size 784x128
          RenderText {#text} at (0,-1) size 384x129
            text run at (0,-1) width 384: "ABC"
