layer at (0,0) size 800x600
  RenderView at (0,0) size 800x600
layer at (0,0) size 800x600
  RenderBlock {HTML} at (0,0) size 800x600
    RenderBody {BODY} at (8,8) size 784x584
      RenderTable {TABLE} at (0,0) size 206x84
        RenderTableSection {TBODY} at (0,0) size 206x84
          RenderTableRow {TR} at (0,2) size 206x80
            RenderTableCell {TD} at (2,2) size 202x80 [r=0 c=0 rs=1 cs=1]
              RenderTable {TABLE} at (1,1) size 200x26
                RenderTableSection {TBODY} at (0,0) size 200x26
                  RenderTableRow {TR} at (0,2) size 200x22
                    RenderTableCell {TD} at (2,2) size 196x22 [r=0 c=0 rs=1 cs=1]
                      RenderText {#text} at (1,1) size 194x19
                        text run at (1,1) width 194: "This should all be on one line."
              RenderTable {TABLE} at (1,27) size 87x52
                RenderTableSection {THEAD} at (0,26) size 87x2
                RenderBlock {CAPTION} at (0,0) size 87x26
                  RenderTable {TABLE} at (14,0) size 58x26
                    RenderTableSection {TBODY} at (0,0) size 57x26
                      RenderTableRow {TR} at (0,2) size 57x22
                        RenderTableCell {TD} at (2,2) size 53x22 [r=0 c=0 rs=1 cs=1]
                          RenderText {#text} at (1,1) size 51x19
                            text run at (1,1) width 51: "Caption"
                RenderTableSection {TBODY} at (0,28) size 87x24
                  RenderTableRow {TR} at (0,0) size 87x22
                    RenderTableCell {TD} at (2,0) size 51x22 [r=0 c=0 rs=1 cs=1]
                      RenderText {#text} at (1,1) size 49x19
                        text run at (1,1) width 49: "Bottom"
                    RenderTableCell {TD} at (54,0) size 31x22 [r=0 c=1 rs=1 cs=1]
                      RenderText {#text} at (1,1) size 28x19
                        text run at (1,1) width 28: "line."
