layer at (0,0) size 800x628
  RenderView at (0,0) size 800x600
layer at (0,0) size 800x628
  RenderBlock {HTML} at (0,0) size 800x628
    RenderBody {BODY} at (8,10) size 784x610
      RenderBlock {TABLE} at (10,0) size 764x100 [border: (1px solid #000000)]
        RenderTable at (1,1) size 118x98
          RenderTableSection {THEAD} at (0,0) size 118x26
            RenderTableRow {TR} at (0,2) size 118x22
              RenderTableCell {TD} at (2,2) size 56x22 [r=0 c=0 rs=1 cs=1]
                RenderText {#text} at (1,1) size 46x19
                  text run at (1,1) width 46: "Head 1"
              RenderTableCell {TD} at (59,2) size 57x22 [r=0 c=1 rs=1 cs=1]
                RenderText {#text} at (1,1) size 46x19
                  text run at (1,1) width 46: "Head 2"
          RenderTableSection {TFOOT} at (0,74) size 118x24
            RenderTableRow {TR} at (0,0) size 118x22
              RenderTableCell {TD} at (2,0) size 56x22 [r=0 c=0 rs=1 cs=1]
                RenderText {#text} at (1,1) size 54x19
                  text run at (1,1) width 54: "Footer 1"
              RenderTableCell {TD} at (59,0) size 57x22 [r=0 c=1 rs=1 cs=1]
                RenderText {#text} at (1,1) size 54x19
                  text run at (1,1) width 54: "Footer 2"
          RenderTableSection {TBODY} at (0,26) size 118x48
            RenderTableRow {TR} at (0,0) size 118x22
              RenderTableCell {TD} at (2,0) size 56x22 [r=0 c=0 rs=1 cs=1]
                RenderText {#text} at (1,1) size 39x19
                  text run at (1,1) width 39: "Cell 1"
              RenderTableCell {TD} at (59,0) size 57x22 [r=0 c=1 rs=1 cs=1]
                RenderText {#text} at (1,1) size 39x19
                  text run at (1,1) width 39: "Cell 2"
            RenderTableRow {TR} at (0,24) size 118x22
              RenderTableCell {TD} at (2,24) size 56x22 [r=1 c=0 rs=1 cs=1]
                RenderText {#text} at (1,1) size 39x19
                  text run at (1,1) width 39: "Cell 3"
              RenderTableCell {TD} at (59,24) size 57x22 [r=1 c=1 rs=1 cs=1]
                RenderText {#text} at (1,1) size 39x19
                  text run at (1,1) width 39: "Cell 4"
      RenderBlock {P} at (0,116) size 784x20
        RenderText {#text} at (0,0) size 227x19
          text run at (0,0) width 227: "Row groups have display:table-cell"
      RenderBlock {TABLE} at (10,152) size 764x64 [border: (1px solid #000000)]
        RenderTable at (1,1) size 238x62
          RenderTableSection (anonymous) at (0,0) size 238x34
            RenderTableRow (anonymous) at (0,2) size 238x30
              RenderTableCell {THEAD} at (2,2) size 108x30 [r=0 c=0 rs=1 cs=1]
                RenderTable at (0,0) size 108x30
                  RenderTableSection (anonymous) at (0,0) size 108x30
                    RenderTableRow (anonymous) at (0,2) size 108x26
                      RenderTableCell {TR} at (2,2) size 104x26 [r=0 c=0 rs=1 cs=1]
                        RenderTable {TD} at (0,0) size 52x26
                          RenderTableSection (anonymous) at (1,1) size 50x24
                            RenderTableRow (anonymous) at (0,2) size 50x20
                              RenderTableCell (anonymous) at (2,2) size 46x20 [r=0 c=0 rs=1 cs=1]
                                RenderText {#text} at (0,0) size 46x19
                                  text run at (0,0) width 46: "Head 1"
                        RenderTable {TD} at (51,0) size 53x26
                          RenderTableSection (anonymous) at (1,1) size 50x24
                            RenderTableRow (anonymous) at (0,2) size 50x20
                              RenderTableCell (anonymous) at (2,2) size 46x20 [r=0 c=0 rs=1 cs=1]
                                RenderText {#text} at (0,0) size 46x19
                                  text run at (0,0) width 46: "Head 2"
              RenderTableCell {TFOOT} at (111,2) size 125x30 [r=0 c=1 rs=1 cs=1]
                RenderTable at (0,0) size 124x30
                  RenderTableSection (anonymous) at (0,0) size 124x30
                    RenderTableRow (anonymous) at (0,2) size 124x26
                      RenderTableCell {TR} at (2,2) size 120x26 [r=0 c=0 rs=1 cs=1]
                        RenderTable {TD} at (0,0) size 60x26
                          RenderTableSection (anonymous) at (1,1) size 58x24
                            RenderTableRow (anonymous) at (0,2) size 58x20
                              RenderTableCell (anonymous) at (2,2) size 54x20 [r=0 c=0 rs=1 cs=1]
                                RenderText {#text} at (0,0) size 54x19
                                  text run at (0,0) width 54: "Footer 1"
                        RenderTable {TD} at (59,0) size 61x26
                          RenderTableSection (anonymous) at (1,1) size 58x24
                            RenderTableRow (anonymous) at (0,2) size 58x20
                              RenderTableCell (anonymous) at (2,2) size 54x20 [r=0 c=0 rs=1 cs=1]
                                RenderText {#text} at (0,0) size 54x19
                                  text run at (0,0) width 54: "Footer 2"
          RenderTableSection {TBODY} at (0,34) size 238x28
            RenderTableRow (anonymous) at (0,0) size 238x26
              RenderTableCell {TR} at (2,0) size 108x26 [r=0 c=0 rs=1 cs=1]
                RenderTable {TD} at (0,0) size 45x26
                  RenderTableSection (anonymous) at (1,1) size 43x24
                    RenderTableRow (anonymous) at (0,2) size 43x20
                      RenderTableCell (anonymous) at (2,2) size 39x20 [r=0 c=0 rs=1 cs=1]
                        RenderText {#text} at (0,0) size 39x19
                          text run at (0,0) width 39: "Cell 1"
                RenderTable {TD} at (44,0) size 46x26
                  RenderTableSection (anonymous) at (1,1) size 43x24
                    RenderTableRow (anonymous) at (0,2) size 43x20
                      RenderTableCell (anonymous) at (2,2) size 39x20 [r=0 c=0 rs=1 cs=1]
                        RenderText {#text} at (0,0) size 39x19
                          text run at (0,0) width 39: "Cell 2"
              RenderTableCell {TR} at (111,0) size 125x26 [r=0 c=1 rs=1 cs=1]
                RenderTable {TD} at (0,0) size 45x26
                  RenderTableSection (anonymous) at (1,1) size 43x24
                    RenderTableRow (anonymous) at (0,2) size 43x20
                      RenderTableCell (anonymous) at (2,2) size 39x20 [r=0 c=0 rs=1 cs=1]
                        RenderText {#text} at (0,0) size 39x19
                          text run at (0,0) width 39: "Cell 3"
                RenderTable {TD} at (44,0) size 46x26
                  RenderTableSection (anonymous) at (1,1) size 43x24
                    RenderTableRow (anonymous) at (0,2) size 43x20
                      RenderTableCell (anonymous) at (2,2) size 39x20 [r=0 c=0 rs=1 cs=1]
                        RenderText {#text} at (0,0) size 39x19
                          text run at (0,0) width 39: "Cell 4"
      RenderBlock {P} at (0,232) size 784x20
        RenderText {#text} at (0,0) size 203x19
          text run at (0,0) width 203: "Row groups have display:block"
      RenderBlock {TABLE} at (10,268) size 764x110 [border: (1px solid #000000)]
        RenderBlock {THEAD} at (1,1) size 762x26
          RenderBlock {TR} at (0,0) size 762x26
            RenderTable at (0,0) size 102x26
              RenderTableSection (anonymous) at (0,0) size 102x26
                RenderTableRow (anonymous) at (0,2) size 102x22
                  RenderTableCell {TD} at (2,2) size 48x22 [r=0 c=0 rs=1 cs=1]
                    RenderText {#text} at (1,1) size 46x19
                      text run at (1,1) width 46: "Head 1"
                  RenderTableCell {TD} at (51,2) size 49x22 [r=0 c=1 rs=1 cs=1]
                    RenderText {#text} at (1,1) size 46x19
                      text run at (1,1) width 46: "Head 2"
        RenderBlock {TFOOT} at (1,27) size 762x26
          RenderBlock {TR} at (0,0) size 762x26
            RenderTable at (0,0) size 118x26
              RenderTableSection (anonymous) at (0,0) size 118x26
                RenderTableRow (anonymous) at (0,2) size 118x22
                  RenderTableCell {TD} at (2,2) size 56x22 [r=0 c=0 rs=1 cs=1]
                    RenderText {#text} at (1,1) size 54x19
                      text run at (1,1) width 54: "Footer 1"
                  RenderTableCell {TD} at (59,2) size 57x22 [r=0 c=1 rs=1 cs=1]
                    RenderText {#text} at (1,1) size 54x19
                      text run at (1,1) width 54: "Footer 2"
        RenderTable at (1,53) size 92x56
          RenderTableSection {TBODY} at (0,0) size 92x56
            RenderTableRow (anonymous) at (0,2) size 92x52
              RenderTableCell (anonymous) at (2,2) size 88x52 [r=0 c=0 rs=1 cs=1]
                RenderBlock {TR} at (0,0) size 88x26
                  RenderTable at (0,0) size 88x26
                    RenderTableSection (anonymous) at (0,0) size 88x26
                      RenderTableRow (anonymous) at (0,2) size 88x22
                        RenderTableCell {TD} at (2,2) size 41x22 [r=0 c=0 rs=1 cs=1]
                          RenderText {#text} at (1,1) size 39x19
                            text run at (1,1) width 39: "Cell 1"
                        RenderTableCell {TD} at (44,2) size 42x22 [r=0 c=1 rs=1 cs=1]
                          RenderText {#text} at (1,1) size 39x19
                            text run at (1,1) width 39: "Cell 2"
                RenderBlock {TR} at (0,26) size 88x26
                  RenderTable at (0,0) size 88x26
                    RenderTableSection (anonymous) at (0,0) size 88x26
                      RenderTableRow (anonymous) at (0,2) size 88x22
                        RenderTableCell {TD} at (2,2) size 41x22 [r=0 c=0 rs=1 cs=1]
                          RenderText {#text} at (1,1) size 39x19
                            text run at (1,1) width 39: "Cell 3"
                        RenderTableCell {TD} at (44,2) size 42x22 [r=0 c=1 rs=1 cs=1]
                          RenderText {#text} at (1,1) size 39x19
                            text run at (1,1) width 39: "Cell 4"
      RenderTable at (0,388) size 302x222
        RenderTableSection (anonymous) at (0,0) size 302x222
          RenderTableRow (anonymous) at (0,0) size 302x222
            RenderTableCell {P} at (0,0) size 302x222 [border: (1px solid #000000)] [r=0 c=0 rs=1 cs=1]
              RenderText {#text} at (1,1) size 300x219
                text run at (1,1) width 259: "Lorem ipsum dolor sit amet, consectetur"
                text run at (1,21) width 252: "adipisicing elit, sed do eiusmod tempor"
                text run at (1,41) width 300: "incididunt ut labore et dolore magna aliqua. Ut"
                text run at (1,61) width 235: "enim ad minim veniam, quis nostrud"
                text run at (1,81) width 290: "exercitation ullamco laboris nisi ut aliquip ex"
                text run at (1,101) width 292: "ea commodo consequat. Duis aute irure dolor"
                text run at (1,121) width 290: "in reprehenderit in voluptate velit esse cillum"
                text run at (1,141) width 291: "dolore eu fugiat nulla pariatur. Excepteur sint"
                text run at (1,161) width 293: "occaecat cupidatat non proident, sunt in culpa"
                text run at (1,181) width 241: "qui officia deserunt mollit anim id est"
                text run at (1,201) width 58: "laborum."
