layer at (0,0) size 800x600
  RenderView at (0,0) size 800x600
layer at (0,0) size 800x428
  RenderBlock {HTML} at (0,0) size 800x428
    RenderBody {BODY} at (8,16) size 784x396
      RenderBlock {P} at (0,0) size 784x40
        RenderText {#text} at (0,0) size 177x19
          text run at (0,0) width 177: "This is a regression test for "
        RenderInline {I} at (0,0) size 750x39
          RenderInline {A} at (0,0) size 354x19 [color=#0000EE]
            RenderText {#text} at (176,0) size 354x19
              text run at (176,0) width 354: "http://bugzilla.opendarwin.org/show_bug.cgi?id=9122"
          RenderText {#text} at (529,0) size 750x39
            text run at (529,0) width 5: " "
            text run at (533,0) width 217: "REGRESSION: Incorrect vertical"
            text run at (0,20) width 313: "position for text fields in a \"display: table\" block"
        RenderText {#text} at (312,20) size 5x19
          text run at (312,20) width 5: "."
      RenderBlock {P} at (0,56) size 784x40
        RenderText {#text} at (0,0) size 754x39
          text run at (0,0) width 754: "Type something in the text field. Resize the window. The text field should not jump down. Delete what you typed and"
          text run at (0,20) width 325: "resize the window. The text field should not move."
      RenderBlock {FORM} at (0,112) size 784x284
        RenderTable {DL} at (0,0) size 180x22
          RenderTableSection (anonymous) at (0,0) size 180x22
            RenderTableRow {DIV} at (0,0) size 180x22
              RenderTableCell {DT} at (0,0) size 25x20 [r=0 c=0 rs=1 cs=1]
                RenderText {#text} at (0,0) size 25x19
                  text run at (0,0) width 25: "Foo"
              RenderTableCell {DD} at (24,0) size 156x22 [r=0 c=1 rs=1 cs=1]
                RenderTextControl {INPUT} at (0,1) size 155x22 [bgcolor=#FFFFFF] [border: (1px solid #3C3C4399)]
        RenderBlock {P} at (0,56) size 784x40
          RenderText {#text} at (0,0) size 771x39
            text run at (0,0) width 771: "And here's more. There should not be a difference in distance between the labels, nor any difference in distance between"
            text run at (0,20) width 92: "the text fields."
        RenderTable {DL} at (0,112) size 237x172
          RenderTableSection (anonymous) at (0,0) size 237x172
            RenderTableRow {DIV} at (0,0) size 237x22
              RenderTableCell {DT} at (0,0) size 25x20 [r=0 c=0 rs=1 cs=1]
                RenderText {#text} at (0,0) size 25x19
                  text run at (0,0) width 25: "Foo"
              RenderTableCell {DD} at (24,0) size 213x22 [r=0 c=1 rs=1 cs=1]
                RenderTextControl {INPUT} at (0,1) size 155x22 [bgcolor=#FFFFFF] [border: (1px solid #3C3C4399)]
            RenderTableRow {DIV} at (0,22) size 237x22
              RenderTableCell {DT} at (0,22) size 25x20 [r=1 c=0 rs=1 cs=1]
                RenderText {#text} at (0,0) size 25x19
                  text run at (0,0) width 25: "Foo"
              RenderTableCell {DD} at (24,22) size 213x22 [r=1 c=1 rs=1 cs=1]
                RenderTextControl {INPUT} at (0,1) size 155x22 [bgcolor=#FFFFFF] [border: (1px solid #3C3C4399)]
            RenderTableRow {DIV} at (0,44) size 237x22
              RenderTableCell {DT} at (0,44) size 25x20 [r=2 c=0 rs=1 cs=1]
                RenderText {#text} at (0,0) size 25x19
                  text run at (0,0) width 25: "Foo"
              RenderTableCell {DD} at (24,44) size 213x22 [r=2 c=1 rs=1 cs=1]
                RenderTextControl {INPUT} at (0,1) size 155x22 [bgcolor=#FFFFFF] [border: (1px solid #3C3C4399)]
            RenderTableRow {DIV} at (0,66) size 237x22
              RenderTableCell {DT} at (0,66) size 25x20 [r=3 c=0 rs=1 cs=1]
                RenderText {#text} at (0,0) size 25x19
                  text run at (0,0) width 25: "Foo"
              RenderTableCell {DD} at (24,66) size 213x22 [r=3 c=1 rs=1 cs=1]
                RenderTextControl {INPUT} at (0,1) size 155x22 [bgcolor=#FFFFFF] [border: (1px solid #3C3C4399)]
            RenderTableRow {DIV} at (0,88) size 237x22
              RenderTableCell {DT} at (0,88) size 25x20 [r=4 c=0 rs=1 cs=1]
                RenderText {#text} at (0,0) size 25x19
                  text run at (0,0) width 25: "Foo"
              RenderTableCell {DD} at (24,88) size 213x22 [r=4 c=1 rs=1 cs=1]
                RenderTextControl {INPUT} at (0,1) size 155x22 [bgcolor=#FFFFFF] [border: (1px solid #3C3C4399)]
            RenderTableRow {DIV} at (0,110) size 237x22
              RenderTableCell {DT} at (0,110) size 25x20 [r=5 c=0 rs=1 cs=1]
                RenderText {#text} at (0,0) size 25x19
                  text run at (0,0) width 25: "Foo"
              RenderTableCell {DD} at (24,110) size 213x22 [r=5 c=1 rs=1 cs=1]
                RenderTextControl {INPUT} at (0,1) size 155x22 [bgcolor=#FFFFFF] [border: (1px solid #3C3C4399)]
            RenderTableRow {DIV} at (0,132) size 237x40
              RenderTableCell {DT} at (0,152) size 25x20 [r=6 c=0 rs=1 cs=1]
                RenderText {#text} at (0,0) size 25x19
                  text run at (0,0) width 25: "Foo"
              RenderTableCell {DD} at (24,132) size 213x40 [r=6 c=1 rs=1 cs=1]
                RenderBlock {DIV} at (0,0) size 212x40
                  RenderBR {BR} at (0,0) size 0x19
                  RenderText {#text} at (0,20) size 212x19
                    text run at (0,20) width 212: "Bar (should be aligned with Foo)"
layer at (39,132) size 141x14
  RenderBlock {DIV} at (6,3) size 143x15
layer at (8,166) size 784x2 clip at (0,0) size 0x0
  RenderBlock {HR} at (0,38) size 784x2 [border: (1px inset #000000)]
layer at (39,244) size 141x14
  RenderBlock {DIV} at (6,3) size 143x15
layer at (39,266) size 141x14
  RenderBlock {DIV} at (6,3) size 143x15
layer at (39,288) size 141x14
  RenderBlock {DIV} at (6,3) size 143x15
    RenderText {#text} at (0,0) size 18x14
      text run at (0,0) width 18: "Bar"
layer at (39,310) size 141x14
  RenderBlock {DIV} at (6,3) size 143x15
    RenderText {#text} at (0,0) size 18x14
      text run at (0,0) width 18: "Bar"
layer at (39,332) size 141x14
  RenderBlock {DIV} at (6,3) size 143x15
layer at (39,354) size 141x14
  RenderBlock {DIV} at (6,3) size 143x15
