layer at (0,0) size 800x613
  RenderView at (0,0) size 800x600
layer at (0,0) size 800x613
  RenderBlock {HTML} at (0,0) size 800x613
    RenderBody {BODY} at (8,8) size 784x597
      RenderBlock (anonymous) at (0,0) size 784x20
        RenderText {#text} at (0,0) size 88x19
          text run at (0,0) width 88: "No line break"
      RenderTable {TABLE} at (0,20) size 123x61 [bgcolor=#C0C0C0]
        RenderTableSection {TBODY} at (0,0) size 123x61
          RenderTableRow {TR} at (0,2) size 123x57
            RenderTableCell {TD} at (2,2) size 119x57 [r=0 c=0 rs=1 cs=1]
              RenderImage {IMG} at (1,1) size 20x50 [bgcolor=#ADD8E6]
              RenderText {#text} at (21,36) size 77x19
                text run at (21,36) width 77: "loremipsum"
              RenderImage {IMG} at (97,1) size 21x50 [bgcolor=#ADD8E6]
              RenderText {#text} at (0,0) size 0x0
      RenderBlock {HR} at (0,89) size 784x2 [border: (1px inset #000000)]
      RenderBlock (anonymous) at (0,99) size 784x20
        RenderText {#text} at (0,0) size 88x19
          text run at (0,0) width 88: "No line break"
      RenderTable {TABLE} at (0,119) size 103x61 [bgcolor=#C0C0C0]
        RenderTableSection {TBODY} at (0,0) size 103x61
          RenderTableRow {TR} at (0,2) size 103x57
            RenderTableCell {TD} at (2,2) size 99x57 [r=0 c=0 rs=1 cs=1]
              RenderText {#text} at (1,36) size 77x19
                text run at (1,36) width 77: "loremipsum"
              RenderImage {IMG} at (77,1) size 21x50 [bgcolor=#ADD8E6]
              RenderText {#text} at (0,0) size 0x0
      RenderBlock {HR} at (0,188) size 784x2 [border: (1px inset #000000)]
      RenderBlock (anonymous) at (0,198) size 784x20
        RenderText {#text} at (0,0) size 154x19
          text run at (0,0) width 154: "Line break after the \"a\"."
      RenderTable {TABLE} at (0,218) size 103x76 [bgcolor=#C0C0C0]
        RenderTableSection {TBODY} at (0,0) size 103x76
          RenderTableRow {TR} at (0,2) size 103x72
            RenderTableCell {TD} at (2,2) size 99x72 [r=0 c=0 rs=1 cs=1]
              RenderText {#text} at (1,1) size 88x19
                text run at (1,1) width 88: "a loremipsum"
              RenderImage {IMG} at (1,21) size 20x50 [bgcolor=#ADD8E6]
              RenderText {#text} at (0,0) size 0x0
      RenderBlock {HR} at (0,302) size 784x2 [border: (1px inset #000000)]
      RenderBlock (anonymous) at (0,312) size 784x20
        RenderText {#text} at (0,0) size 154x19
          text run at (0,0) width 154: "Line break after the \"a\"."
      RenderTable {TABLE} at (0,332) size 123x111 [bgcolor=#C0C0C0]
        RenderTableSection {TBODY} at (0,0) size 123x111
          RenderTableRow {TR} at (0,2) size 123x107
            RenderTableCell {TD} at (2,2) size 119x107 [r=0 c=0 rs=1 cs=1]
              RenderText {#text} at (1,36) size 12x19
                text run at (1,36) width 12: "a "
              RenderImage {IMG} at (12,1) size 21x50 [bgcolor=#ADD8E6]
              RenderText {#text} at (32,36) size 77x19
                text run at (32,36) width 77: "loremipsum"
              RenderImage {IMG} at (1,56) size 20x50 [bgcolor=#ADD8E6]
              RenderText {#text} at (0,0) size 0x0
      RenderBlock {HR} at (0,451) size 784x2 [border: (1px inset #000000)]
      RenderBlock (anonymous) at (0,461) size 784x20
        RenderText {#text} at (0,0) size 188x19
          text run at (0,0) width 188: "Line break after \"wideword\"."
      RenderTable {TABLE} at (0,481) size 123x116 [bgcolor=#C0C0C0]
        RenderTableSection {TBODY} at (0,0) size 123x116
          RenderTableRow {TR} at (0,2) size 123x112
            RenderTableCell {TD} at (2,2) size 119x112 [r=0 c=0 rs=1 cs=1]
              RenderText {#text} at (1,36) size 68x19
                text run at (1,36) width 68: "wideword "
              RenderImage {IMG} at (68,1) size 21x50 [bgcolor=#ADD8E6]
              RenderText {#text} at (1,91) size 77x19
                text run at (1,91) width 77: "loremipsum"
              RenderImage {IMG} at (77,56) size 21x50 [bgcolor=#ADD8E6]
              RenderText {#text} at (0,0) size 0x0
