layer at (0,0) size 800x600
  RenderView at (0,0) size 800x600
layer at (0,0) size 800x511
  RenderBlock {HTML} at (0,0) size 800x511
    RenderBody {BODY} at (8,8) size 784x495
      RenderTable {TABLE} at (0,0) size 662x495 [border: (1px outset #808080)]
        RenderTableSection {TBODY} at (1,1) size 660x493
          RenderTableRow {TR} at (0,2) size 660x489
            RenderTableCell {TD} at (2,87) size 47x24 [border: (1px inset #808080)] [r=0 c=0 rs=1 cs=1]
              RenderText {#text} at (2,2) size 43x19
                text run at (2,2) width 43: "Lorem"
            RenderTableCell {TD} at (50,68) size 124x47 [border: (1px inset #808080)] [r=0 c=1 rs=1 cs=1]
              RenderText {#text} at (2,21) size 44x19
                text run at (2,21) width 44: "ipsum "
              RenderInline {SPAN} at (0,0) size 77x41
                RenderText {#text} at (45,3) size 77x41
                  text run at (45,3) width 77: "dolor"
              RenderText {#text} at (0,0) size 0x0
            RenderTableCell {TD} at (175,87) size 20x24 [border: (1px inset #808080)] [r=0 c=2 rs=1 cs=1]
              RenderBlock {DIV} at (2,2) size 16x20
                RenderText {#text} at (0,0) size 16x19
                  text run at (0,0) width 16: "sit"
            RenderTableCell {TD} at (196,87) size 55x104 [border: (1px inset #808080)] [r=0 c=3 rs=1 cs=1]
              RenderBlock {DIV} at (2,2) size 50x100 [bgcolor=#ADD8E6]
                RenderText {#text} at (0,0) size 32x19
                  text run at (0,0) width 32: "amet"
            RenderTableCell {TD} at (252,87) size 65x24 [border: (1px inset #808080)] [r=0 c=4 rs=1 cs=1]
              RenderText {#text} at (2,2) size 44x19
                text run at (2,2) width 44: "consec"
              RenderText {#text} at (0,0) size 0x0
            RenderTableCell {TD} at (318,61) size 85x87 [border: (1px inset #808080)] [r=0 c=5 rs=1 cs=1]
              RenderTable {TABLE} at (2,2) size 80x83 [border: (1px outset #808080)]
                RenderTableSection {TBODY} at (1,1) size 78x81
                  RenderTableRow {TR} at (0,10) size 78x61
                    RenderTableCell {TD} at (2,10) size 74x61 [border: (10px solid #0000FF) (1px inset #808080) (5px solid #0000FF) (1px inset #808080)] [r=0 c=0 rs=1 cs=1]
                      RenderText {#text} at (2,15) size 37x19
                        text run at (2,15) width 37: "tetuer"
                      RenderBR {BR} at (38,15) size 1x19
                      RenderText {#text} at (2,35) size 70x19
                        text run at (2,35) width 70: "adipiscing."
            RenderTableCell {TD} at (404,2) size 65x4 [border: (1px inset #808080)] [r=0 c=6 rs=1 cs=1]
            RenderTableCell {TD} at (470,2) size 55x104 [border: (1px inset #808080)] [r=0 c=7 rs=1 cs=1]
              RenderBlock {DIV} at (2,2) size 50x100 [bgcolor=#FFB6C1]
            RenderTableCell {TD} at (526,29) size 66x164 [border: (1px inset #808080)] [r=0 c=8 rs=1 cs=1]
              RenderTable {TABLE} at (2,2) size 61x120 [border: (1px outset #808080)]
                RenderTableSection {TBODY} at (1,1) size 59x118
                  RenderTableRow {TR} at (0,2) size 59x80
                    RenderTableCell {TD} at (2,27) size 55x55 [border: (10px solid #0000FF) (1px inset #808080) (5px solid #0000FF) (1px inset #808080)] [r=0 c=0 rs=1 cs=1]
                      RenderBlock {DIV} at (6,25) size 43x20 [bgcolor=#FFB6C1]
                        RenderText {#text} at (0,0) size 43x19
                          text run at (0,0) width 43: "Lorem"
                  RenderTableRow {TR} at (0,84) size 59x32
                    RenderTableCell {TD} at (2,84) size 55x32 [border: (1px inset #808080)] [r=1 c=0 rs=1 cs=1]
                      RenderText {#text} at (6,6) size 40x19
                        text run at (6,6) width 40: "ipsum"
              RenderBlock (anonymous) at (2,122) size 61x40
                RenderText {#text} at (0,0) size 53x19
                  text run at (0,0) width 53: "dolor sit"
                RenderBR {BR} at (52,0) size 1x19
                RenderText {#text} at (0,20) size 36x19
                  text run at (0,20) width 36: "amet."
            RenderTableCell {TD} at (593,42) size 65x64 [border: (1px inset #808080)] [r=0 c=9 rs=1 cs=1]
              RenderBlock (floating) {DIV} at (2,2) size 25x30 [bgcolor=#90EE90]
                RenderText {#text} at (0,0) size 17x19
                  text run at (0,0) width 17: "F1"
              RenderBlock (floating) {DIV} at (27,2) size 25x30 [bgcolor=#90EE90]
                RenderText {#text} at (0,0) size 17x19
                  text run at (0,0) width 17: "F2"
              RenderBlock (floating) {DIV} at (2,32) size 25x30 [bgcolor=#90EE90]
                RenderText {#text} at (0,0) size 17x19
                  text run at (0,0) width 17: "F3"
layer at (264,0) size 60x50
  RenderBlock (positioned) {DIV} at (263,0) size 61x50 [bgcolor=#FFFFE0]
    RenderText {#text} at (0,0) size 9x19
      text run at (0,0) width 9: "P"
layer at (416,13) size 60x50
  RenderBlock (positioned) {DIV} at (415,13) size 61x50 [bgcolor=#FFFFE0]
    RenderText {#text} at (0,0) size 9x19
      text run at (0,0) width 9: "P"
