layer at (0,0) size 800x600
  RenderView at (0,0) size 800x600
layer at (0,0) size 800x42
  RenderBlock {HTML} at (0,0) size 800x42
    RenderBody {BODY} at (8,8) size 784x18
      RenderBlock (anonymous) at (0,0) size 784x18
        RenderText {#text} at (0,0) size 240x17
          text run at (0,0) width 240: "No popover should be displayed here."
      RenderBlock {P} at (0,34) size 784x0
