layer at (0,0) size 800x600
  RenderView at (0,0) size 800x600
layer at (0,0) size 800x536
  RenderBlock {html} at (0,0) size 800x536
    RenderBody {body} at (8,16) size 784x470 [bgcolor=#FFFFFF]
      RenderBlock {p} at (0,0) size 784x18
        RenderText {#text} at (0,0) size 578x18
          text run at (0,0) width 578: "CSS Transformed HTML div with SVG inside it. Animated SVG should repaint correctly."
layer at (58,84) size 402x402
  RenderBlock {div} at (50,68) size 402x402 [border: (1px solid #000000)]
    RenderText {#text} at (0,0) size 0x0
layer at (59,85) size 400x350
  RenderSVGRoot {svg} at (1,1) size 400x350
layer at (59,85) size 400x350 backgroundClip at (169.45,58.66) size 400x350 clip at (169.45,58.66) size 400x350
  RenderSVGViewportContainer at (0,0) size 400x350
layer at (359,85) size 100x100
  RenderSVGRect {rect} at (300,0) size 100x100 [stroke={[type=SOLID] [color=#FFC0CB] [stroke width=5.00]}] [fill={[type=SOLID] [color=#0000FF]}] [x=300.00] [y=0.00] [width=100.00] [height=100.00]
layer at (209,366.39) size 136x24
  RenderSVGText {text} at (150,281) size 137x24 contains 1 chunk(s)
    RenderSVGInlineText {#text} at (0,0) size 137x24
      chunk 1 text run 1 at (150.00,300.00) startOffset 0 endOffset 17 width 136.10: "This is some text"
layer at (409,405) size 100x100 backgroundClip at (169.45,58.66) size 400x350 clip at (169.45,58.66) size 400x350
  RenderSVGImage {image} at (350,320) size 100x100
