layer at (0,0) size 800x600
  RenderView at (0,0) size 800x600
layer at (0,0) size 800x600
  RenderBlock {HTML} at (0,0) size 800x600
    RenderBody {BODY} at (8,8) size 784x584
      RenderBlock {P} at (0,0) size 784x20
        RenderText {#text} at (0,0) size 455x19
          text run at (0,0) width 455: "This tests for a bug where the color of pasted text couldn't be changed.'"
      RenderBlock {DIV} at (0,36) size 784x40
        RenderBlock (anonymous) at (0,0) size 784x20
          RenderInline {FONT} at (0,0) size 151x19 [color=#FF0000]
            RenderText {#text} at (0,0) size 151x19
              text run at (0,0) width 151: "This text should be red."
        RenderBlock {DIV} at (0,20) size 784x20
          RenderInline {FONT} at (0,0) size 127x19 [color=#0000FF]
            RenderText {#text} at (0,0) size 127x19
              text run at (0,0) width 127: "This text should be "
          RenderInline {FONT} at (0,0) size 240x19 [color=#008000]
            RenderText {#text} at (126,0) size 240x19
              text run at (126,0) width 240: "a combination of green and blue, not "
          RenderInline {FONT} at (0,0) size 25x19 [color=#0000FF]
            RenderText {#text} at (365,0) size 25x19
              text run at (365,0) width 25: "red."
caret: position 37 of child 0 {#text} of child 1 {FONT} of child 1 {DIV} of child 2 {DIV} of body
