EDITING DELEGATE: shouldBeginEditingInDOMRange:range from 0 of BODY > HTML > #document to 4 of BODY > HTML > #document
EDITING DELEGATE: webViewDidBeginEditing:WebViewDidBeginEditingNotification
EDITING DELEGATE: webViewDidChangeSelection:WebViewDidChangeSelectionNotification
EDITING DELEGATE: webViewDidChangeSelection:WebViewDidChangeSelectionNotification
EDITING DELEGATE: webViewDidChangeSelection:WebViewDidChangeSelectionNotification
EDITING DELEGATE: webViewDidChangeSelection:WebViewDidChangeSelectionNotification
EDITING DELEGATE: webViewDidChangeSelection:WebViewDidChangeSelectionNotification
EDITING DELEGATE: webViewDidChange:WebViewDidChangeNotification
EDITING DELEGATE: webViewDidChangeSelection:WebViewDidChangeSelectionNotification
EDITING DELEGATE: webViewDidChange:WebViewDidChangeNotification
layer at (0,0) size 800x600
  RenderView at (0,0) size 800x600
layer at (0,0) size 800x600
  RenderBlock {HTML} at (0,0) size 800x600
    RenderBody {BODY} at (8,8) size 784x584
      RenderBlock {DIV} at (0,0) size 784x80 [border: (2px solid #FF0000)]
        RenderTable {TABLE} at (14,14) size 29x52
          RenderTableSection {TBODY} at (0,0) size 29x52
            RenderTableRow {TR} at (0,2) size 29x23
              RenderTableCell {TD} at (2,2) size 25x23 [r=0 c=0 rs=1 cs=1]
                RenderText {#text} at (1,1) size 23x20
                  text run at (1,1) width 23: "foo"
            RenderTableRow {TR} at (0,27) size 29x23
              RenderTableCell {TD} at (2,27) size 25x23 [r=1 c=0 rs=1 cs=1]
                RenderText {#text} at (1,1) size 23x20
                  text run at (1,1) width 23: "bar"
selection start: position 1 of child 0 {#text} of child 1 {TD} of child 0 {TR} of child 1 {TBODY} of child 1 {TABLE} of child 1 {DIV} of body
selection end:   position 2 of child 1 {TABLE} of child 1 {DIV} of body
