layer at (0,0) size 800x600
  RenderView at (0,0) size 800x600
layer at (0,0) size 800x536
  RenderBlock {html} at (0,0) size 800x536
    RenderBody {body} at (8,16) size 784x470 [bgcolor=#FFFFFF]
      RenderBlock {p} at (0,0) size 784x18
        RenderText {#text} at (0,0) size 573x18
          text run at (0,0) width 573: "CSS Transformed HTML div with SVG inside it. Animated SVG should repaint correctly."
layer at (58,84) size 402x402
  RenderBlock {div} at (50,68) size 402x402 [border: (1px solid #000000)]
    RenderSVGRoot {svg} at (165,100) size 357x416
      RenderSVGRect {rect} at (372,143) size 114x112 [stroke={[type=SOLID] [color=#FFC0CB] [stroke width=5.00]}] [fill={[type=SOLID] [color=#0000FF]}] [x=300.00] [y=0.00] [width=100.00] [height=100.00]
      RenderSVGText {text} at (150,281) size 143x25 contains 1 chunk(s)
        RenderSVGInlineText {#text} at (0,0) size 143x24
          chunk 1 text run 1 at (150.00,300.00) startOffset 0 endOffset 17 width 142.80: "This is some text"
      RenderSVGImage {image} at (323,408) size 108x108
    RenderText {#text} at (0,0) size 0x0
