layer at (0,0) size 800x600
  RenderView at (0,0) size 800x600
layer at (0,0) size 800x600
  RenderBlock {HTML} at (0,0) size 800x600
    RenderBody {BODY} at (8,8) size 784x576
      RenderBlock {FORM} at (0,0) size 784x83
        RenderTable {TABLE} at (0,0) size 296x83 [border: (1px outset #808080)]
          RenderTableSection {TBODY} at (1,1) size 294x81
            RenderTableRow {TR} at (0,2) size 294x77
              RenderTableCell {TD} at (2,2) size 290x77 [border: (1px inset #808080)] [r=0 c=0 rs=1 cs=1]
                RenderTable {TABLE} at (2,2) size 286x73 [border: (2px outset #808080)]
                  RenderTableSection {TBODY} at (2,2) size 282x69
                    RenderTableRow {TR} at (0,2) size 282x40
                      RenderTableCell {TD} at (2,2) size 81x40 [border: (1px inset #808080)] [r=0 c=0 rs=1 cs=1]
                        RenderText {#text} at (2,2) size 57x36
                          text run at (2,2) width 55: "Member"
                          text run at (2,20) width 57: "Number:"
                      RenderTableCell {TD} at (84,10) size 190x24 [border: (1px inset #808080)] [r=0 c=1 rs=1 cs=1]
                        RenderTextControl {INPUT} at (2,10) size 147x20 [bgcolor=#FFFFFF] [border: (2px inset #808080)]
                        RenderText {#text} at (0,0) size 0x0
                    RenderTableRow {TR} at (0,44) size 282x23
                      RenderTableCell {TD} at (2,44) size 81x23 [border: (1px inset #808080)] [r=1 c=0 rs=1 cs=1]
                        RenderText {#text} at (2,2) size 31x19
                          text run at (2,2) width 31: "PIN:"
                      RenderTableCell {TD} at (84,44) size 190x23 [border: (1px inset #808080)] [r=1 c=1 rs=1 cs=1]
                        RenderTextControl {INPUT} at (2,2) size 147x19 [bgcolor=#FFFFFF] [border: (2px inset #808080)]
                          RenderFlexibleBox {DIV} at (3,3) size 141x13
                            RenderBlock {DIV} at (0,0) size 141x13
                        RenderText {#text} at (0,0) size 0x0
                      RenderTableCell {TD} at (275,53) size 5x5 [border: (1px inset #808080)] [r=1 c=2 rs=1 cs=1]
layer at (105,31) size 141x13
  RenderBlock {DIV} at (3,3) size 141x13
layer at (105,64) size 141x13
  RenderBlock {DIV} at (0,0) size 141x13
