layer at (0,0) size 800x600
  RenderView at (0,0) size 800x600
layer at (0,0) size 800x600
  RenderBlock {HTML} at (0,0) size 800x600
    RenderBody {BODY} at (8,8) size 784x584
      RenderBlock {P} at (0,0) size 784x17
        RenderText {#text} at (0,0) size 645x17
          text run at (0,0) width 645: "The selection should cover the all of the below text. There should be no blank between either C and F."
      RenderBlock {DIV} at (0,33) size 784x17
        RenderText {#text} at (0,0) size 34x17
          text run at (0,0) width 34: "ABC"
        RenderInline {SPAN} at (0,0) size 31x17
          RenderText {#text} at (34,0) size 31x17
            text run at (34,0) width 31 RTL: "DEF"
        RenderText {#text} at (65,0) size 29x17
          text run at (65,0) width 29: "GHI"
      RenderBlock {DIV} at (0,50) size 784x17
        RenderText {#text} at (0,0) size 34x17
          text run at (0,0) width 34: "ABC"
        RenderInline {SPAN} at (0,0) size 31x17
          RenderText {#text} at (34,0) size 31x17
            text run at (34,0) width 31 RTL: "DEF"
        RenderText {#text} at (65,0) size 29x17
          text run at (65,0) width 29: "GHI"
selection start: position 1 of child 0 {#text} of child 2 {DIV} of body
selection end:   position 3 of child 2 {#text} of child 4 {DIV} of body
