CONSOLE MESSAGE: InvalidStateError: DOM Exception 11: An attempt was made to use an object that is not, or is no longer, usable.
layer at (0,0) size 800x600
  RenderView at (0,0) size 800x600
layer at (0,0) size 800x595
  RenderBlock {HTML} at (0,0) size 800x595
    RenderBody {BODY} at (8,8) size 784x579
      RenderBlock {FORM} at (0,0) size 784x579
        RenderBlock {DIV} at (0,0) size 784x155
          RenderBR {BR} at (101,2) size 0x19
          RenderTextControl {INPUT} at (2,28) size 136x22 [bgcolor=#FFFFFF] [border: (1px solid #4C4C4C)]
          RenderBR {BR} at (139,27) size 1x19
          RenderBR {BR} at (154,51) size 0x19
          RenderBR {BR} at (116,79) size 0x19
          RenderBR {BR} at (82,107) size 0x19
          RenderBlock {INPUT} at (2,141) size 13x8 [bgcolor=#FFFFFF] [border: (1px solid #4C4C4C)]
            RenderBlock {DIV} at (6,3) size 1x1
          RenderBR {BR} at (17,135) size 0x19
        RenderBlock (anonymous) at (0,155) size 784x20
          RenderBR {BR} at (0,0) size 0x19
        RenderBlock {DIV} at (0,175) size 784x157
          RenderBR {BR} at (212,0) size 0x19
          RenderTextControl {INPUT} at (0,30) size 213x22 [bgcolor=#FFFFFF] [border: (1px solid #4C4C4C)]
          RenderBR {BR} at (213,29) size 0x19
          RenderBR {BR} at (212,53) size 0x19
          RenderBR {BR} at (212,81) size 0x19
          RenderBR {BR} at (212,109) size 0x19
          RenderBlock {INPUT} at (0,143) size 213x8 [bgcolor=#FFFFFF] [border: (1px solid #4C4C4C)]
            RenderBlock {DIV} at (6,3) size 201x1
          RenderBR {BR} at (213,137) size 0x19
        RenderBlock (anonymous) at (0,332) size 784x20
          RenderBR {BR} at (0,0) size 0x19
        RenderBlock {DIV} at (0,352) size 784x183
          RenderBR {BR} at (236,1) size 0x19
          RenderTextControl {INPUT} at (2,35) size 237x28 [color=#008000] [bgcolor=#FFFFFF] [border: (1px solid #008000)]
          RenderBR {BR} at (241,38) size 0x19
          RenderBR {BR} at (397,65) size 0x19
          RenderBR {BR} at (277,98) size 0x19
          RenderBR {BR} at (174,131) size 0x19
          RenderBlock {INPUT} at (2,167) size 17x10 [color=#008000] [bgcolor=#FFFFFF] [border: (1px solid #008000)]
            RenderBlock {DIV} at (8,4) size 1x0
          RenderBR {BR} at (21,163) size 0x19
        RenderBlock (anonymous) at (0,535) size 784x44
          RenderBR {BR} at (0,0) size 0x19
          RenderButton {INPUT} at (2,22) size 59x20 [bgcolor=#FFFFFF02] [border: (1px solid #4C4C4C)]
            RenderBlock (anonymous) at (12,3) size 35x14
              RenderText at (0,0) size 35x14
                text run at (0,0) width 35: "Submit"
          RenderText {#text} at (0,0) size 0x0
layer at (10,10) size 97x22 clip at (11,11) size 95x20
  RenderFlexibleBox {INPUT} at (2,2) size 97x22 [bgcolor=#FFFFFF] [border: (1px solid #4C4C4C)]
    RenderBlock {DIV} at (6,4) size 63x14
      RenderText {#text} at (0,0) size 63x14
        text run at (0,0) width 63: "Apr 27, 2011"
layer at (17,39) size 122x14
  RenderBlock {DIV} at (6,3) size 123x15
layer at (10,63) size 150x22 clip at (11,64) size 148x20
  RenderFlexibleBox {INPUT} at (2,55) size 150x22 [bgcolor=#FFFFFF] [border: (1px solid #4C4C4C)]
    RenderBlock {DIV} at (6,11) size 0x0
layer at (10,91) size 112x22 clip at (11,92) size 110x20
  RenderFlexibleBox {INPUT} at (2,83) size 112x22 [bgcolor=#FFFFFF] [border: (1px solid #4C4C4C)]
    RenderBlock {DIV} at (6,11) size 0x0
layer at (10,119) size 78x22 clip at (11,120) size 76x20
  RenderFlexibleBox {INPUT} at (2,111) size 78x22 [bgcolor=#FFFFFF] [border: (1px solid #4C4C4C)]
    RenderBlock {DIV} at (6,11) size 0x0
layer at (8,187) size 212x22 clip at (9,188) size 210x20
  RenderFlexibleBox {INPUT} at (0,4) size 212x22 [bgcolor=#FFFFFF] [border: (1px solid #4C4C4C)]
    RenderBlock {DIV} at (6,11) size 0x0
layer at (15,216) size 200x14
  RenderBlock {DIV} at (6,3) size 201x15
layer at (8,240) size 212x22 clip at (9,241) size 210x20
  RenderFlexibleBox {INPUT} at (0,57) size 212x22 [bgcolor=#FFFFFF] [border: (1px solid #4C4C4C)]
    RenderBlock {DIV} at (6,11) size 0x0
layer at (8,268) size 212x22 clip at (9,269) size 210x20
  RenderFlexibleBox {INPUT} at (0,85) size 212x22 [bgcolor=#FFFFFF] [border: (1px solid #4C4C4C)]
    RenderBlock {DIV} at (6,11) size 0x0
layer at (8,296) size 212x22 clip at (9,297) size 210x20
  RenderFlexibleBox {INPUT} at (0,113) size 212x22 [bgcolor=#FFFFFF] [border: (1px solid #4C4C4C)]
    RenderBlock {DIV} at (6,11) size 0x0
layer at (10,362) size 232x29 clip at (11,363) size 230x27
  RenderFlexibleBox {INPUT} at (2,2) size 232x29 [color=#008000] [bgcolor=#FFFFFF] [border: (1px solid #008000)]
    RenderBlock {DIV} at (8,14) size 0x1
layer at (19,399) size 220x18
  RenderBlock {DIV} at (8,4) size 221x18
layer at (10,426) size 393x29 clip at (11,427) size 391x27
  RenderFlexibleBox {INPUT} at (2,66) size 393x29 [color=#008000] [bgcolor=#FFFFFF] [border: (1px solid #008000)]
    RenderBlock {DIV} at (8,14) size 0x1
layer at (10,459) size 273x29 clip at (11,460) size 271x27
  RenderFlexibleBox {INPUT} at (2,99) size 273x29 [color=#008000] [bgcolor=#FFFFFF] [border: (1px solid #008000)]
    RenderBlock {DIV} at (8,14) size 0x1
layer at (10,492) size 170x29 clip at (11,493) size 168x27
  RenderFlexibleBox {INPUT} at (2,132) size 170x29 [color=#008000] [bgcolor=#FFFFFF] [border: (1px solid #008000)]
    RenderBlock {DIV} at (8,14) size 0x1
