layer at (0,0) size 800x600
  RenderView at (0,0) size 800x600
layer at (0,0) size 800x600
  RenderBlock {HTML} at (0,0) size 800x600
    RenderBody {BODY} at (8,8) size 784x576
      RenderBlock {P} at (0,0) size 784x40
        RenderText {#text} at (0,0) size 781x39
          text run at (0,0) width 486: "This tests to make sure that breaking a quoted list doesn't renumber the list. "
          text run at (485,0) width 296: "You should see a list broken in two below, the"
          text run at (0,20) width 191: "list items numbered 1, 2, 3, 4."
      RenderBlock {DIV} at (0,56) size 784x132
        RenderBlock {BLOCKQUOTE} at (2,0) size 742x40 [color=#0000FF] [border: none (2px solid #0000FF)]
          RenderBlock {OL} at (2,0) size 740x40
            RenderListItem {LI} at (40,0) size 700x20
              RenderListMarker at (-21,0) size 16x19: "1"
              RenderText {#text} at (0,0) size 27x19
                text run at (0,0) width 27: "One"
            RenderListItem {LI} at (40,20) size 700x20
              RenderListMarker at (-21,0) size 16x19: "2"
              RenderText {#text} at (0,0) size 29x19
                text run at (0,0) width 29: "Two"
        RenderBlock (anonymous) at (0,56) size 784x20
          RenderBR {BR} at (0,0) size 0x19
        RenderBlock {BLOCKQUOTE} at (2,92) size 742x40 [color=#0000FF] [border: none (2px solid #0000FF)]
          RenderBlock {OL} at (2,0) size 740x40
            RenderListItem {LI} at (40,0) size 700x20
              RenderListMarker at (-21,0) size 16x19: "3"
              RenderText {#text} at (0,0) size 38x19
                text run at (0,0) width 38: "Three"
            RenderListItem {LI} at (40,20) size 700x20
              RenderListMarker at (-21,0) size 16x19: "4"
              RenderText {#text} at (0,0) size 31x19
                text run at (0,0) width 31: "Four"
caret: position 0 of child 2 {BR} of child 3 {DIV} of body
