layer at (0,0) size 800x600
  RenderView at (0,0) size 800x600
layer at (0,0) size 800x600
  RenderBlock {HTML} at (0,0) size 800x600
    RenderBody {BODY} at (8,8) size 784x584
      RenderBlock (anonymous) at (0,0) size 784x0
        RenderInline {B} at (0,0) size 0x0
      RenderBlock {P} at (0,0) size 784x18
        RenderInline {B} at (0,0) size 37x17
          RenderText {#text} at (0,0) size 37x17
            text run at (0,0) width 37: "Bold "
        RenderText {#text} at (36,0) size 57x17
          text run at (36,0) width 57: "Not bold"
      RenderBlock (anonymous) at (0,34) size 784x18
        RenderText {#text} at (0,0) size 92x17
          text run at (0,0) width 92: "Also not bold."
