layer at (0,0) size 800x600
  RenderView at (0,0) size 800x600
layer at (0,0) size 800x600
  RenderBlock {HTML} at (0,0) size 800x600
    RenderBody {BODY} at (8,8) size 784x584
      RenderBlock {P} at (0,0) size 784x18
        RenderText {#text} at (0,0) size 266x17
          text run at (0,0) width 266: "All the text below should be part of a link."
      RenderBlock (anonymous) at (0,34) size 784x36
        RenderInline {NOBR} at (0,0) size 26x17
          RenderInline {A} at (0,0) size 26x17 [color=#0000EE]
            RenderText {#text} at (0,0) size 26x17
              text run at (0,0) width 26: "Test"
        RenderInline {A} at (0,0) size 62x17 [color=#0000EE]
          RenderText {#text} at (25,0) size 62x17
            text run at (25,0) width 62: " more test"
        RenderBR {BR} at (86,0) size 1x17
        RenderWordBreak {WBR} at (0,0) size 0x0
        RenderInline {A} at (0,0) size 87x17 [color=#0000EE]
          RenderText {#text} at (0,18) size 87x17
            text run at (0,18) width 87: "Test more test"
        RenderBR {BR} at (86,18) size 1x17
