layer at (0,0) size 800x600
  RenderView at (0,0) size 800x600
layer at (0,0) size 800x600
  RenderBlock {HTML} at (0,0) size 800x600
    RenderBody {BODY} at (0,20) size 800x580
layer at (360,20) size 170x200
  RenderBlock {DIV} at (360,0) size 170x200 [border: none (20px solid #C0C0C0) none]
    RenderMultiColumnSet at (20,0) size 150x200
layer at (66,20) size 444x200
  RenderMultiColumnFlowThread at (20,0) size 444x200
    RenderText {#text} at (0,0) size 90x185
      text run at (0,0) width 177: "Lorem ipsum dolor sit amet,"
      text run at (18,0) width 75: "consectetur "
      text run at (18,75) width 91: "adipiscing elit."
      text run at (36,0) width 185: "Curabitur neque elit, pulvinar"
      text run at (54,0) width 100: "eget lobortis at, "
      text run at (54,100) width 72: "convallis ut"
      text run at (72,0) width 44: "lectus. "
    RenderText {#text} at (72,101) size 132x192
      text run at (72,101) width 62: " vulputate"
      text run at (90,0) width 147: "tincidunt leo, eu varius "
      text run at (90,147) width 31: "nunc"
      text run at (108,0) width 176: "ullamcorper vel. Integer nec"
      text run at (126,0) width 192: "dolor sed ante pharetra lacinia."
      text run at (150,0) width 187: "Integer dignissim iaculis nulla"
      text run at (168,0) width 170: "et rutrum. Praesent pretium"
      text run at (186,0) width 57: "euismod "
      text run at (186,57) width 97: "est eget laoreet."
    RenderText {#text} at (204,44) size 222x196
      text run at (204,44) width 102: " suscipit suscipit"
      text run at (222,0) width 182: "elementum. Duis consectetur"
      text run at (240,0) width 189: "pulvinar tempor. In mi sapien,"
      text run at (258,0) width 173: "malesuada vitae posuere ut,"
      text run at (276,0) width 68: "adipiscing "
      text run at (276,68) width 117: "id odio. Integer est"
      text run at (300,0) width 194: "mi, luctus sed cursus in, cursus"
      text run at (318,0) width 105: "vitae urna. Nam "
      text run at (318,105) width 71: "consectetur"
      text run at (336,0) width 167: "orci tempor nibh iaculis eu"
      text run at (354,0) width 195: "dignissim odio laoreet. Aenean"
      text run at (372,0) width 175: "congue fermentum nibh sed"
      text run at (390,0) width 196: "malesuada. Curabitur enim leo,"
      text run at (408,0) width 70: "porttitor ut "
      text run at (408,70) width 75: "interdum et,"
    RenderText {#text} at (426,52) size 18x60
      text run at (426,52) width 60: " ut lorem."
layer at (66,20) size 18x57
  RenderInline (relative positioned) {SPAN} at (0,0) size 18x57 [bgcolor=#FFFF00]
    RenderText {#text} at (72,44) size 18x57
      text run at (72,44) width 57: "Vivamus"
layer at (66,20) size 18x44
  RenderInline (relative positioned) {SPAN} at (0,0) size 18x44 [bgcolor=#FFFF00]
    RenderText {#text} at (204,0) size 18x44
      text run at (204,0) width 44: "Integer"
layer at (66,20) size 18x52
  RenderInline (relative positioned) {SPAN} at (0,0) size 18x52 [bgcolor=#FFFF00]
    RenderText {#text} at (426,0) size 18x52
      text run at (426,0) width 52: "pulvinar"
