layer at (0,0) size 800x600
  RenderView at (0,0) size 800x600
layer at (0,0) size 800x600
  RenderBlock {HTML} at (0,0) size 800x600
    RenderBody {BODY} at (0,360) size 800x240
layer at (20,360) size 200x170
  RenderBlock {DIV} at (20,0) size 200x170 [border: none (20px solid #C0C0C0) none]
    RenderMultiColumnSet at (0,20) size 200x150
layer at (20,66) size 200x444
  RenderMultiColumnFlowThread at (0,20) size 200x444
    RenderText {#text} at (0,0) size 185x90
      text run at (0,0) width 177: "Lorem ipsum dolor sit amet,"
      text run at (0,18) width 75: "consectetur "
      text run at (75,18) width 91: "adipiscing elit."
      text run at (0,36) width 185: "Curabitur neque elit, pulvinar"
      text run at (0,54) width 100: "eget lobortis at, "
      text run at (100,54) width 72: "convallis ut"
      text run at (0,72) width 44: "lectus. "
    RenderText {#text} at (101,72) size 192x132
      text run at (101,72) width 62: " vulputate"
      text run at (0,90) width 147: "tincidunt leo, eu varius "
      text run at (147,90) width 31: "nunc"
      text run at (0,108) width 176: "ullamcorper vel. Integer nec"
      text run at (0,126) width 192: "dolor sed ante pharetra lacinia."
      text run at (0,150) width 187: "Integer dignissim iaculis nulla"
      text run at (0,168) width 170: "et rutrum. Praesent pretium"
      text run at (0,186) width 57: "euismod "
      text run at (57,186) width 97: "est eget laoreet."
    RenderText {#text} at (44,204) size 196x222
      text run at (44,204) width 102: " suscipit suscipit"
      text run at (0,222) width 182: "elementum. Duis consectetur"
      text run at (0,240) width 189: "pulvinar tempor. In mi sapien,"
      text run at (0,258) width 173: "malesuada vitae posuere ut,"
      text run at (0,276) width 68: "adipiscing "
      text run at (68,276) width 117: "id odio. Integer est"
      text run at (0,300) width 194: "mi, luctus sed cursus in, cursus"
      text run at (0,318) width 105: "vitae urna. Nam "
      text run at (105,318) width 71: "consectetur"
      text run at (0,336) width 167: "orci tempor nibh iaculis eu"
      text run at (0,354) width 195: "dignissim odio laoreet. Aenean"
      text run at (0,372) width 175: "congue fermentum nibh sed"
      text run at (0,390) width 196: "malesuada. Curabitur enim leo,"
      text run at (0,408) width 70: "porttitor ut "
      text run at (70,408) width 75: "interdum et,"
    RenderText {#text} at (52,426) size 60x18
      text run at (52,426) width 60: " ut lorem."
layer at (20,66) size 57x18
  RenderInline (relative positioned) {SPAN} at (0,0) size 57x18 [bgcolor=#FFFF00]
    RenderText {#text} at (44,72) size 57x18
      text run at (44,72) width 57: "Vivamus"
layer at (20,66) size 44x18
  RenderInline (relative positioned) {SPAN} at (0,0) size 44x18 [bgcolor=#FFFF00]
    RenderText {#text} at (0,204) size 44x18
      text run at (0,204) width 44: "Integer"
layer at (20,66) size 52x18
  RenderInline (relative positioned) {SPAN} at (0,0) size 52x18 [bgcolor=#FFFF00]
    RenderText {#text} at (0,426) size 52x18
      text run at (0,426) width 52: "pulvinar"
