layer at (0,0) size 800x600
  RenderView at (0,0) size 800x600
layer at (0,0) size 800x600
  RenderBlock {HTML} at (0,0) size 800x600
    RenderBody {BODY} at (8,8) size 784x584
      RenderBlock {P} at (0,0) size 784x30
        RenderText {#text} at (0,10) size 396x19
          text run at (0,10) width 396: "The blue borders should coincide with light blue squares, like this: "
        RenderBlock {SPAN} at (396,0) size 25x25 [bgcolor=#ADD8E6] [border: (3px solid #0000FF7F)]
        RenderText {#text} at (421,10) size 185x19
          text run at (421,10) width 8: ". "
          text run at (429,10) width 177: "There should be none of this: "
        RenderBlock {SPAN} at (606,0) size 25x25 [bgcolor=#ADD8E6]
        RenderText {#text} at (631,10) size 48x19
          text run at (631,10) width 4: " "
          text run at (635,10) width 44: "or this: "
        RenderBlock {SPAN} at (679,0) size 25x25 [border: (3px solid #0000FF7F)]
        RenderText {#text} at (704,10) size 4x19
          text run at (704,10) width 4: "."
      RenderBlock (anonymous) at (0,46) size 784x476
        RenderText {#text} at (116,98) size 4x19
          text run at (116,98) width 4: " "
        RenderText {#text} at (236,98) size 4x19
          text run at (236,98) width 4: " "
        RenderText {#text} at (356,98) size 4x19
          text run at (356,98) width 4: " "
        RenderText {#text} at (476,98) size 4x19
          text run at (476,98) width 4: " "
        RenderText {#text} at (596,98) size 4x19
          text run at (596,98) width 4: " "
        RenderText {#text} at (716,98) size 4x19
          text run at (716,98) width 4: " "
        RenderText {#text} at (116,219) size 4x19
          text run at (116,219) width 4: " "
        RenderText {#text} at (216,219) size 4x19
          text run at (216,219) width 4: " "
        RenderText {#text} at (316,219) size 4x19
          text run at (316,219) width 4: " "
        RenderText {#text} at (416,219) size 4x19
          text run at (416,219) width 4: " "
        RenderText {#text} at (516,219) size 4x19
          text run at (516,219) width 4: " "
        RenderText {#text} at (616,219) size 4x19
          text run at (616,219) width 4: " "
        RenderText {#text} at (716,219) size 4x19
          text run at (716,219) width 4: " "
        RenderText {#text} at (96,340) size 4x19
          text run at (96,340) width 4: " "
        RenderText {#text} at (196,340) size 4x19
          text run at (196,340) width 4: " "
        RenderText {#text} at (296,340) size 4x19
          text run at (296,340) width 4: " "
        RenderText {#text} at (396,340) size 4x19
          text run at (396,340) width 4: " "
        RenderText {#text} at (496,340) size 4x19
          text run at (496,340) width 4: " "
        RenderText {#text} at (596,340) size 4x19
          text run at (596,340) width 4: " "
        RenderText {#text} at (696,340) size 4x19
          text run at (696,340) width 4: " "
        RenderText {#text} at (0,0) size 0x0
layer at (8,64) size 116x76
  RenderBlock {DIV} at (0,10) size 116x76 [color=#ADD8E6] [border: (3px solid #000000)]
    RenderBlock {DIV} at (8,8) size 100x10 [bgcolor=#C0C0C0]
    RenderMultiColumnSet at (8,18) size 100x50
layer at (16,72) size 48x100
  RenderMultiColumnFlowThread at (8,8) size 48x100
    RenderMultiColumnSpannerPlaceholder at (0,0) size 0x0
    RenderBlock (anonymous) at (0,0) size 48x100
      RenderBR {BR} at (0,0) size 0x25
      RenderText {#text} at (0,25) size 25x75
        text run at (0,25) width 25: "x"
        text run at (0,50) width 25: "y"
        text run at (0,75) width 25: "z"
layer at (128,64) size 116x76
  RenderBlock {DIV} at (120,10) size 116x76 [color=#ADD8E6] [border: (3px solid #000000)]
    RenderBlock {DIV} at (8,8) size 100x10 [bgcolor=#C0C0C0]
    RenderMultiColumnSet at (8,18) size 100x50
layer at (136,72) size 48x100
  RenderMultiColumnFlowThread at (8,8) size 48x100
    RenderMultiColumnSpannerPlaceholder at (0,0) size 0x0
    RenderBlock (anonymous) at (0,0) size 48x100
      RenderBR {BR} at (0,0) size 0x25
      RenderInline {SPAN} at (0,0) size 25x75
        RenderText {#text} at (0,25) size 25x75
          text run at (0,25) width 25: "x"
          text run at (0,50) width 25: "y"
          text run at (0,75) width 25: "z"
      RenderText {#text} at (0,0) size 0x0
layer at (248,64) size 116x76
  RenderBlock {DIV} at (240,10) size 116x76 [color=#ADD8E6] [border: (3px solid #000000)]
    RenderBlock {DIV} at (8,8) size 100x10 [bgcolor=#C0C0C0]
    RenderMultiColumnSet at (8,18) size 100x50
layer at (256,72) size 48x100
  RenderMultiColumnFlowThread at (8,8) size 48x100
    RenderMultiColumnSpannerPlaceholder at (0,0) size 0x0
    RenderBlock (anonymous) at (0,0) size 48x25
      RenderBR {BR} at (0,0) size 0x25
    RenderBlock {DIV} at (0,25) size 48x75
      RenderText {#text} at (0,0) size 25x75
        text run at (0,0) width 25: "x"
        text run at (0,25) width 25: "y"
        text run at (0,50) width 25: "z"
layer at (368,64) size 116x76
  RenderBlock {DIV} at (360,10) size 116x76 [color=#ADD8E6] [border: (3px solid #000000)]
    RenderBlock {DIV} at (8,8) size 100x10 [bgcolor=#C0C0C0]
    RenderMultiColumnSet at (8,18) size 100x50
layer at (376,72) size 48x100
  RenderMultiColumnFlowThread at (8,8) size 48x100
    RenderMultiColumnSpannerPlaceholder at (0,0) size 0x0
    RenderBlock (anonymous) at (0,0) size 48x25
      RenderBR {BR} at (0,0) size 0x25
    RenderBlock {DIV} at (0,25) size 48x75
      RenderBR {BR} at (0,0) size 0x25
      RenderText {#text} at (0,25) size 25x50
        text run at (0,25) width 25: "y"
        text run at (0,50) width 25: "z"
layer at (488,82) size 116x76
  RenderBlock {DIV} at (480,28) size 116x76 [color=#ADD8E6] [border: (3px solid #000000)]
    RenderBlock {DIV} at (8,8) size 100x10 [bgcolor=#C0C0C0]
    RenderMultiColumnSet at (8,18) size 100x50
layer at (496,90) size 48x79
  RenderMultiColumnFlowThread at (8,8) size 48x79
    RenderMultiColumnSpannerPlaceholder at (0,0) size 0x0
    RenderBlock (anonymous) at (0,0) size 48x25
      RenderBR {BR} at (0,0) size 0x25
    RenderBlock {DIV} at (0,25) size 48x54
      RenderBR {BR} at (0,0) size 0x25
      RenderSlider {INPUT} at (2,27) size 25x25 [color=#C4C4C4] [bgcolor=#ADD8E6]
        RenderFlexibleBox {DIV} at (0,0) size 25x25
          RenderBlock {DIV} at (0,12) size 25x0
            RenderBlock {DIV} at (0,0) size 25x0
layer at (608,84) size 116x76
  RenderBlock {DIV} at (600,30) size 116x76 [color=#ADD8E6] [border: (3px solid #000000)]
    RenderBlock {DIV} at (8,8) size 100x10 [bgcolor=#C0C0C0]
    RenderMultiColumnSet at (8,18) size 100x50
layer at (616,92) size 48x75
  RenderMultiColumnFlowThread at (8,8) size 48x75
    RenderMultiColumnSpannerPlaceholder at (0,0) size 0x0
    RenderBlock (anonymous) at (0,0) size 48x25
      RenderBR {BR} at (0,0) size 0x25
    RenderBlock {DIV} at (0,25) size 48x50
      RenderBR {BR} at (0,0) size 0x25
      RenderImage {IMG} at (0,25) size 25x25 [bgcolor=#ADD8E6]
layer at (8,202) size 116x76
  RenderBlock {DIV} at (0,148) size 116x76 [color=#ADD8E6] [border: (3px solid #000000)]
    RenderBlock {DIV} at (8,8) size 100x10 [bgcolor=#C0C0C0]
    RenderMultiColumnSet at (8,18) size 100x50
layer at (16,210) size 48x65
  RenderMultiColumnFlowThread at (8,8) size 48x65
    RenderMultiColumnSpannerPlaceholder at (0,0) size 0x0
    RenderBlock {DIV} at (0,40) size 25x25 [bgcolor=#ADD8E6]
layer at (138,172) size 76x116
  RenderBlock {DIV} at (130,118) size 76x116 [color=#ADD8E6] [border: (3px solid #000000)]
    RenderBlock {DIV} at (8,8) size 10x100 [bgcolor=#C0C0C0]
    RenderMultiColumnSet at (18,8) size 50x100
layer at (146,180) size 100x48
  RenderMultiColumnFlowThread at (8,8) size 100x48
    RenderMultiColumnSpannerPlaceholder at (0,0) size 0x0
    RenderBlock (anonymous) at (0,0) size 100x48
      RenderBR {BR} at (0,0) size 25x0
      RenderText {#text} at (25,0) size 75x25
        text run at (25,0) width 25: "x"
        text run at (50,0) width 25: "y"
        text run at (75,0) width 25: "z"
layer at (238,172) size 76x116
  RenderBlock {DIV} at (230,118) size 76x116 [color=#ADD8E6] [border: (3px solid #000000)]
    RenderBlock {DIV} at (8,8) size 10x100 [bgcolor=#C0C0C0]
    RenderMultiColumnSet at (18,8) size 50x100
layer at (246,180) size 100x48
  RenderMultiColumnFlowThread at (8,8) size 100x48
    RenderMultiColumnSpannerPlaceholder at (0,0) size 0x0
    RenderBlock (anonymous) at (0,0) size 100x48
      RenderBR {BR} at (0,0) size 25x0
      RenderInline {SPAN} at (0,0) size 75x25
        RenderText {#text} at (25,0) size 75x25
          text run at (25,0) width 25: "x"
          text run at (50,0) width 25: "y"
          text run at (75,0) width 25: "z"
      RenderText {#text} at (0,0) size 0x0
layer at (338,172) size 76x116
  RenderBlock {DIV} at (330,118) size 76x116 [color=#ADD8E6] [border: (3px solid #000000)]
    RenderBlock {DIV} at (8,8) size 10x100 [bgcolor=#C0C0C0]
    RenderMultiColumnSet at (18,8) size 50x100
layer at (346,180) size 100x48
  RenderMultiColumnFlowThread at (8,8) size 100x48
    RenderMultiColumnSpannerPlaceholder at (0,0) size 0x0
    RenderBlock (anonymous) at (0,0) size 25x48
      RenderBR {BR} at (0,0) size 25x0
    RenderBlock {DIV} at (25,0) size 75x48
      RenderText {#text} at (0,0) size 75x25
        text run at (0,0) width 25: "x"
        text run at (25,0) width 25: "y"
        text run at (50,0) width 25: "z"
layer at (438,172) size 76x116
  RenderBlock {DIV} at (430,118) size 76x116 [color=#ADD8E6] [border: (3px solid #000000)]
    RenderBlock {DIV} at (8,8) size 10x100 [bgcolor=#C0C0C0]
    RenderMultiColumnSet at (18,8) size 50x100
layer at (446,180) size 100x48
  RenderMultiColumnFlowThread at (8,8) size 100x48
    RenderMultiColumnSpannerPlaceholder at (0,0) size 0x0
    RenderBlock (anonymous) at (0,0) size 25x48
      RenderBR {BR} at (0,0) size 25x0
    RenderBlock {DIV} at (25,0) size 75x48
      RenderBR {BR} at (0,0) size 25x0
      RenderText {#text} at (25,0) size 50x25
        text run at (25,0) width 25: "y"
        text run at (50,0) width 25: "z"
layer at (538,172) size 76x116
  RenderBlock {DIV} at (530,118) size 76x116 [color=#ADD8E6] [border: (3px solid #000000)]
    RenderBlock {DIV} at (8,8) size 10x100 [bgcolor=#C0C0C0]
    RenderMultiColumnSet at (18,8) size 50x100
layer at (546,180) size 79x48
  RenderMultiColumnFlowThread at (8,8) size 79x48
    RenderMultiColumnSpannerPlaceholder at (0,0) size 0x0
    RenderBlock (anonymous) at (0,0) size 25x48
      RenderBR {BR} at (0,0) size 25x0
    RenderBlock {DIV} at (25,0) size 54x48
      RenderBR {BR} at (0,0) size 25x0
      RenderSlider {INPUT} at (27,2) size 25x25 [color=#C4C4C4] [bgcolor=#ADD8E6]
        RenderFlexibleBox {DIV} at (0,0) size 25x25
          RenderBlock {DIV} at (0,12) size 25x0
            RenderBlock {DIV} at (0,0) size 25x0
layer at (638,172) size 76x116
  RenderBlock {DIV} at (630,118) size 76x116 [color=#ADD8E6] [border: (3px solid #000000)]
    RenderBlock {DIV} at (8,8) size 10x100 [bgcolor=#C0C0C0]
    RenderMultiColumnSet at (18,8) size 50x100
layer at (646,180) size 75x48
  RenderMultiColumnFlowThread at (8,8) size 75x48
    RenderMultiColumnSpannerPlaceholder at (0,0) size 0x0
    RenderBlock (anonymous) at (0,0) size 25x48
      RenderBR {BR} at (0,0) size 25x0
    RenderBlock {DIV} at (25,0) size 50x48
      RenderBR {BR} at (0,0) size 25x0
      RenderImage {IMG} at (25,0) size 25x25 [bgcolor=#ADD8E6]
layer at (18,293) size 76x116
  RenderBlock {DIV} at (10,239) size 76x116 [color=#ADD8E6] [border: (3px solid #000000)]
    RenderBlock {DIV} at (8,8) size 10x100 [bgcolor=#C0C0C0]
    RenderMultiColumnSet at (18,8) size 50x100
layer at (26,301) size 65x48
  RenderMultiColumnFlowThread at (8,8) size 65x48
    RenderMultiColumnSpannerPlaceholder at (0,0) size 0x0
    RenderBlock {DIV} at (40,0) size 25x25 [bgcolor=#ADD8E6]
layer at (118,293) size 76x116
  RenderBlock {DIV} at (110,239) size 76x116 [color=#ADD8E6] [border: (3px solid #000000)]
    RenderBlock {DIV} at (8,8) size 10x100 [bgcolor=#C0C0C0]
    RenderMultiColumnSet at (18,8) size 50x100
layer at (86,301) size 100x48
  RenderMultiColumnFlowThread at (8,8) size 100x48
    RenderMultiColumnSpannerPlaceholder at (0,0) size 0x0
    RenderBlock (anonymous) at (0,0) size 100x48
      RenderBR {BR} at (0,0) size 25x0
      RenderText {#text} at (25,0) size 75x25
        text run at (25,0) width 25: "x"
        text run at (50,0) width 25: "y"
        text run at (75,0) width 25: "z"
layer at (218,293) size 76x116
  RenderBlock {DIV} at (210,239) size 76x116 [color=#ADD8E6] [border: (3px solid #000000)]
    RenderBlock {DIV} at (8,8) size 10x100 [bgcolor=#C0C0C0]
    RenderMultiColumnSet at (18,8) size 50x100
layer at (186,301) size 100x48
  RenderMultiColumnFlowThread at (8,8) size 100x48
    RenderMultiColumnSpannerPlaceholder at (0,0) size 0x0
    RenderBlock (anonymous) at (0,0) size 100x48
      RenderBR {BR} at (0,0) size 25x0
      RenderInline {SPAN} at (0,0) size 75x25
        RenderText {#text} at (25,0) size 75x25
          text run at (25,0) width 25: "x"
          text run at (50,0) width 25: "y"
          text run at (75,0) width 25: "z"
      RenderText {#text} at (0,0) size 0x0
layer at (318,293) size 76x116
  RenderBlock {DIV} at (310,239) size 76x116 [color=#ADD8E6] [border: (3px solid #000000)]
    RenderBlock {DIV} at (8,8) size 10x100 [bgcolor=#C0C0C0]
    RenderMultiColumnSet at (18,8) size 50x100
layer at (286,301) size 100x48
  RenderMultiColumnFlowThread at (8,8) size 100x48
    RenderMultiColumnSpannerPlaceholder at (0,0) size 0x0
    RenderBlock (anonymous) at (0,0) size 25x48
      RenderBR {BR} at (0,0) size 25x0
    RenderBlock {DIV} at (25,0) size 75x48
      RenderText {#text} at (0,0) size 75x25
        text run at (0,0) width 25: "x"
        text run at (25,0) width 25: "y"
        text run at (50,0) width 25: "z"
layer at (418,293) size 76x116
  RenderBlock {DIV} at (410,239) size 76x116 [color=#ADD8E6] [border: (3px solid #000000)]
    RenderBlock {DIV} at (8,8) size 10x100 [bgcolor=#C0C0C0]
    RenderMultiColumnSet at (18,8) size 50x100
layer at (386,301) size 100x48
  RenderMultiColumnFlowThread at (8,8) size 100x48
    RenderMultiColumnSpannerPlaceholder at (0,0) size 0x0
    RenderBlock (anonymous) at (0,0) size 25x48
      RenderBR {BR} at (0,0) size 25x0
    RenderBlock {DIV} at (25,0) size 75x48
      RenderBR {BR} at (0,0) size 25x0
      RenderText {#text} at (25,0) size 50x25
        text run at (25,0) width 25: "y"
        text run at (50,0) width 25: "z"
layer at (518,293) size 76x116
  RenderBlock {DIV} at (510,239) size 76x116 [color=#ADD8E6] [border: (3px solid #000000)]
    RenderBlock {DIV} at (8,8) size 10x100 [bgcolor=#C0C0C0]
    RenderMultiColumnSet at (18,8) size 50x100
layer at (507,301) size 79x48
  RenderMultiColumnFlowThread at (8,8) size 79x48
    RenderMultiColumnSpannerPlaceholder at (0,0) size 0x0
    RenderBlock (anonymous) at (0,0) size 25x48
      RenderBR {BR} at (0,0) size 25x0
    RenderBlock {DIV} at (25,0) size 54x48
      RenderBR {BR} at (0,0) size 25x0
      RenderSlider {INPUT} at (27,2) size 25x25 [color=#C4C4C4] [bgcolor=#ADD8E6]
        RenderFlexibleBox {DIV} at (0,0) size 25x25
          RenderBlock {DIV} at (0,12) size 25x0
            RenderBlock {DIV} at (0,0) size 25x0
layer at (618,293) size 76x116
  RenderBlock {DIV} at (610,239) size 76x116 [color=#ADD8E6] [border: (3px solid #000000)]
    RenderBlock {DIV} at (8,8) size 10x100 [bgcolor=#C0C0C0]
    RenderMultiColumnSet at (18,8) size 50x100
layer at (611,301) size 75x48
  RenderMultiColumnFlowThread at (8,8) size 75x48
    RenderMultiColumnSpannerPlaceholder at (0,0) size 0x0
    RenderBlock (anonymous) at (0,0) size 25x48
      RenderBR {BR} at (0,0) size 25x0
    RenderBlock {DIV} at (25,0) size 50x48
      RenderBR {BR} at (0,0) size 25x0
      RenderImage {IMG} at (25,0) size 25x25 [bgcolor=#ADD8E6]
layer at (18,414) size 76x116
  RenderBlock {DIV} at (10,360) size 76x116 [color=#ADD8E6] [border: (3px solid #000000)]
    RenderBlock {DIV} at (8,8) size 10x100 [bgcolor=#C0C0C0]
    RenderMultiColumnSet at (18,8) size 50x100
layer at (21,422) size 65x48
  RenderMultiColumnFlowThread at (8,8) size 65x48
    RenderMultiColumnSpannerPlaceholder at (0,0) size 0x0
    RenderBlock {DIV} at (40,0) size 25x25 [bgcolor=#ADD8E6]
layer at (16,107) size 25x25
  RenderBlock (positioned) {DIV} at (16,107) size 25x25 [border: (3px solid #0000FF7F)]
layer at (69,82) size 25x25
  RenderBlock (positioned) {DIV} at (68,82) size 26x25 [border: (3px solid #0000FF7F)]
layer at (69,107) size 25x25
  RenderBlock (positioned) {DIV} at (68,107) size 26x25 [border: (3px solid #0000FF7F)]
layer at (136,107) size 25x25
  RenderBlock (positioned) {DIV} at (136,107) size 25x25 [border: (3px solid #0000FF7F)]
layer at (189,82) size 25x25
  RenderBlock (positioned) {DIV} at (188,82) size 26x25 [border: (3px solid #0000FF7F)]
layer at (189,107) size 25x25
  RenderBlock (positioned) {DIV} at (188,107) size 26x25 [border: (3px solid #0000FF7F)]
layer at (256,107) size 25x25
  RenderBlock (positioned) {DIV} at (256,107) size 25x25 [border: (3px solid #0000FF7F)]
layer at (309,82) size 25x25
  RenderBlock (positioned) {DIV} at (308,82) size 26x25 [border: (3px solid #0000FF7F)]
layer at (309,107) size 25x25
  RenderBlock (positioned) {DIV} at (308,107) size 26x25 [border: (3px solid #0000FF7F)]
layer at (429,82) size 25x25
  RenderBlock (positioned) {DIV} at (428,82) size 26x25 [border: (3px solid #0000FF7F)]
layer at (429,107) size 25x25
  RenderBlock (positioned) {DIV} at (428,107) size 26x25 [border: (3px solid #0000FF7F)]
layer at (551,102) size 25x25
  RenderBlock (positioned) {DIV} at (550,102) size 26x25 [border: (3px solid #0000FF7F)]
layer at (669,102) size 25x25
  RenderBlock (positioned) {DIV} at (668,102) size 26x25 [border: (3px solid #0000FF7F)]
layer at (69,210) size 25x25
  RenderBlock (positioned) {DIV} at (68,210) size 26x25 [border: (3px solid #0000FF7F)]
layer at (181,180) size 25x25
  RenderBlock (positioned) {DIV} at (181,180) size 25x25 [border: (3px solid #0000FF7F)]
layer at (156,233) size 25x25
  RenderBlock (positioned) {DIV} at (156,232) size 25x26 [border: (3px solid #0000FF7F)]
layer at (181,233) size 25x25
  RenderBlock (positioned) {DIV} at (181,232) size 25x26 [border: (3px solid #0000FF7F)]
layer at (281,180) size 25x25
  RenderBlock (positioned) {DIV} at (281,180) size 25x25 [border: (3px solid #0000FF7F)]
layer at (256,233) size 25x25
  RenderBlock (positioned) {DIV} at (256,232) size 25x26 [border: (3px solid #0000FF7F)]
layer at (281,233) size 25x25
  RenderBlock (positioned) {DIV} at (281,232) size 25x26 [border: (3px solid #0000FF7F)]
layer at (381,180) size 25x25
  RenderBlock (positioned) {DIV} at (381,180) size 25x25 [border: (3px solid #0000FF7F)]
layer at (356,233) size 25x25
  RenderBlock (positioned) {DIV} at (356,232) size 25x26 [border: (3px solid #0000FF7F)]
layer at (381,233) size 25x25
  RenderBlock (positioned) {DIV} at (381,232) size 25x26 [border: (3px solid #0000FF7F)]
layer at (456,233) size 25x25
  RenderBlock (positioned) {DIV} at (456,232) size 25x26 [border: (3px solid #0000FF7F)]
layer at (481,233) size 25x25
  RenderBlock (positioned) {DIV} at (481,232) size 25x26 [border: (3px solid #0000FF7F)]
layer at (558,235) size 25x25
  RenderBlock (positioned) {DIV} at (558,234) size 25x26 [border: (3px solid #0000FF7F)]
layer at (656,233) size 25x25
  RenderBlock (positioned) {DIV} at (656,232) size 25x26 [border: (3px solid #0000FF7F)]
layer at (26,354) size 25x25
  RenderBlock (positioned) {DIV} at (26,353) size 25x26 [border: (3px solid #0000FF7F)]
layer at (126,301) size 25x25
  RenderBlock (positioned) {DIV} at (126,301) size 25x25 [border: (3px solid #0000FF7F)]
layer at (151,354) size 25x25
  RenderBlock (positioned) {DIV} at (151,353) size 25x26 [border: (3px solid #0000FF7F)]
layer at (126,354) size 25x25
  RenderBlock (positioned) {DIV} at (126,353) size 25x26 [border: (3px solid #0000FF7F)]
layer at (226,301) size 25x25
  RenderBlock (positioned) {DIV} at (226,301) size 25x25 [border: (3px solid #0000FF7F)]
layer at (251,354) size 25x25
  RenderBlock (positioned) {DIV} at (251,353) size 25x26 [border: (3px solid #0000FF7F)]
layer at (226,354) size 25x25
  RenderBlock (positioned) {DIV} at (226,353) size 25x26 [border: (3px solid #0000FF7F)]
layer at (326,301) size 25x25
  RenderBlock (positioned) {DIV} at (326,301) size 25x25 [border: (3px solid #0000FF7F)]
layer at (351,354) size 25x25
  RenderBlock (positioned) {DIV} at (351,353) size 25x26 [border: (3px solid #0000FF7F)]
layer at (326,354) size 25x25
  RenderBlock (positioned) {DIV} at (326,353) size 25x26 [border: (3px solid #0000FF7F)]
layer at (451,354) size 25x25
  RenderBlock (positioned) {DIV} at (451,353) size 25x26 [border: (3px solid #0000FF7F)]
layer at (426,354) size 25x25
  RenderBlock (positioned) {DIV} at (426,353) size 25x26 [border: (3px solid #0000FF7F)]
layer at (549,356) size 25x25
  RenderBlock (positioned) {DIV} at (549,355) size 25x26 [border: (3px solid #0000FF7F)]
layer at (651,354) size 25x25
  RenderBlock (positioned) {DIV} at (651,353) size 25x26 [border: (3px solid #0000FF7F)]
layer at (61,475) size 25x25
  RenderBlock (positioned) {DIV} at (61,474) size 25x26 [border: (3px solid #0000FF7F)]
