layer at (0,0) size 785x664
  RenderView at (0,0) size 785x600
layer at (0,0) size 785x664
  RenderBlock {HTML} at (0,0) size 785x664
    RenderBody {BODY} at (8,8) size 769x648
layer at (8,8) size 769x648
  RenderBlock {DIV} at (0,0) size 769x648
    RenderMultiColumnSet at (0,0) size 769x648
layer at (8,8) size 377x1296 backgroundClip at (0,0) size 785x664 clip at (0,0) size 785x664
  RenderMultiColumnFlowThread at (0,0) size 377x1296
    RenderText {#text} at (0,0) size 376x1296
      text run at (0,0) width 372: "This content should be split into two columns. This content"
      text run at (0,18) width 355: "should be split into two columns. This content should be"
      text run at (0,36) width 376: "split into two columns. This content should be split into two"
      text run at (0,54) width 351: "columns. This content should be split into two columns."
      text run at (0,72) width 372: "This content should be split into two columns. This content"
      text run at (0,90) width 355: "should be split into two columns. This content should be"
      text run at (0,108) width 376: "split into two columns. This content should be split into two"
      text run at (0,126) width 351: "columns. This content should be split into two columns."
      text run at (0,144) width 372: "This content should be split into two columns. This content"
      text run at (0,162) width 355: "should be split into two columns. This content should be"
      text run at (0,180) width 376: "split into two columns. This content should be split into two"
      text run at (0,198) width 351: "columns. This content should be split into two columns."
      text run at (0,216) width 372: "This content should be split into two columns. This content"
      text run at (0,234) width 355: "should be split into two columns. This content should be"
      text run at (0,252) width 376: "split into two columns. This content should be split into two"
      text run at (0,270) width 351: "columns. This content should be split into two columns."
      text run at (0,288) width 372: "This content should be split into two columns. This content"
      text run at (0,306) width 355: "should be split into two columns. This content should be"
      text run at (0,324) width 376: "split into two columns. This content should be split into two"
      text run at (0,342) width 351: "columns. This content should be split into two columns."
      text run at (0,360) width 372: "This content should be split into two columns. This content"
      text run at (0,378) width 355: "should be split into two columns. This content should be"
      text run at (0,396) width 376: "split into two columns. This content should be split into two"
      text run at (0,414) width 351: "columns. This content should be split into two columns."
      text run at (0,432) width 372: "This content should be split into two columns. This content"
      text run at (0,450) width 355: "should be split into two columns. This content should be"
      text run at (0,468) width 376: "split into two columns. This content should be split into two"
      text run at (0,486) width 351: "columns. This content should be split into two columns."
      text run at (0,504) width 372: "This content should be split into two columns. This content"
      text run at (0,522) width 355: "should be split into two columns. This content should be"
      text run at (0,540) width 376: "split into two columns. This content should be split into two"
      text run at (0,558) width 351: "columns. This content should be split into two columns."
      text run at (0,576) width 372: "This content should be split into two columns. This content"
      text run at (0,594) width 355: "should be split into two columns. This content should be"
      text run at (0,612) width 376: "split into two columns. This content should be split into two"
      text run at (0,630) width 351: "columns. This content should be split into two columns."
      text run at (0,648) width 372: "This content should be split into two columns. This content"
      text run at (0,666) width 355: "should be split into two columns. This content should be"
      text run at (0,684) width 376: "split into two columns. This content should be split into two"
      text run at (0,702) width 351: "columns. This content should be split into two columns."
      text run at (0,720) width 372: "This content should be split into two columns. This content"
      text run at (0,738) width 355: "should be split into two columns. This content should be"
      text run at (0,756) width 376: "split into two columns. This content should be split into two"
      text run at (0,774) width 351: "columns. This content should be split into two columns."
      text run at (0,792) width 372: "This content should be split into two columns. This content"
      text run at (0,810) width 355: "should be split into two columns. This content should be"
      text run at (0,828) width 376: "split into two columns. This content should be split into two"
      text run at (0,846) width 351: "columns. This content should be split into two columns."
      text run at (0,864) width 372: "This content should be split into two columns. This content"
      text run at (0,882) width 355: "should be split into two columns. This content should be"
      text run at (0,900) width 376: "split into two columns. This content should be split into two"
      text run at (0,918) width 351: "columns. This content should be split into two columns."
      text run at (0,936) width 372: "This content should be split into two columns. This content"
      text run at (0,954) width 355: "should be split into two columns. This content should be"
      text run at (0,972) width 376: "split into two columns. This content should be split into two"
      text run at (0,990) width 351: "columns. This content should be split into two columns."
      text run at (0,1008) width 372: "This content should be split into two columns. This content"
      text run at (0,1026) width 355: "should be split into two columns. This content should be"
      text run at (0,1044) width 376: "split into two columns. This content should be split into two"
      text run at (0,1062) width 351: "columns. This content should be split into two columns."
      text run at (0,1080) width 372: "This content should be split into two columns. This content"
      text run at (0,1098) width 355: "should be split into two columns. This content should be"
      text run at (0,1116) width 376: "split into two columns. This content should be split into two"
      text run at (0,1134) width 351: "columns. This content should be split into two columns."
      text run at (0,1152) width 372: "This content should be split into two columns. This content"
      text run at (0,1170) width 355: "should be split into two columns. This content should be"
      text run at (0,1188) width 376: "split into two columns. This content should be split into two"
      text run at (0,1206) width 351: "columns. This content should be split into two columns."
      text run at (0,1224) width 372: "This content should be split into two columns. This content"
      text run at (0,1242) width 355: "should be split into two columns. This content should be"
      text run at (0,1260) width 376: "split into two columns. This content should be split into two"
      text run at (0,1278) width 351: "columns. This content should be split into two columns."
