layer at (0,0) size 800x600
  RenderView at (0,0) size 800x600
layer at (0,0) size 800x600
  RenderBlock {HTML} at (0,0) size 800x600
    RenderBody {BODY} at (8,8) size 784x576
layer at (8,8) size 784x160
  RenderBlock {P} at (0,0) size 784x160 [border: (10px solid #800000)]
    RenderMultiColumnSet at (30,30) size 724x100
layer at (38,38) size 231x254
  RenderMultiColumnFlowThread at (30,30) size 231x254
    RenderText {#text} at (0,0) size 161x18
      text run at (0,0) width 161: "This is some column text."
    RenderBR {BR} at (161,14) size 0x0
    RenderText {#text} at (0,18) size 161x18
      text run at (0,18) width 161: "This is some column text."
    RenderBR {BR} at (161,32) size 0x0
    RenderText {#text} at (0,36) size 161x18
      text run at (0,36) width 161: "This is some column text."
    RenderBR {BR} at (161,50) size 0x0
    RenderText {#text} at (0,54) size 161x18
      text run at (0,54) width 161: "This is some column text."
    RenderBR {BR} at (161,68) size 0x0
    RenderText {#text} at (0,72) size 161x18
      text run at (0,72) width 161: "This is some column text."
    RenderBR {BR} at (161,86) size 0x0
    RenderText {#text} at (0,100) size 161x18
      text run at (0,100) width 161: "This is some column text."
    RenderBR {BR} at (161,114) size 0x0
    RenderText {#text} at (0,118) size 161x18
      text run at (0,118) width 161: "This is some column text."
    RenderBR {BR} at (161,132) size 0x0
    RenderText {#text} at (0,136) size 161x18
      text run at (0,136) width 161: "This is some column text."
    RenderBR {BR} at (161,150) size 0x0
    RenderText {#text} at (0,154) size 161x18
      text run at (0,154) width 161: "This is some column text."
    RenderBR {BR} at (161,168) size 0x0
    RenderText {#text} at (0,172) size 161x18
      text run at (0,172) width 161: "This is some column text."
    RenderBR {BR} at (161,186) size 0x0
    RenderText {#text} at (0,200) size 161x18
      text run at (0,200) width 161: "This is some column text."
    RenderBR {BR} at (161,214) size 0x0
    RenderText {#text} at (0,218) size 161x18
      text run at (0,218) width 161: "This is some column text."
    RenderBR {BR} at (161,232) size 0x0
    RenderText {#text} at (0,236) size 161x18
      text run at (0,236) width 161: "This is some column text."
    RenderBR {BR} at (161,250) size 0x0
layer at (8,184) size 784x160
  RenderBlock {P} at (0,176) size 784x160 [border: (10px solid #800000)]
    RenderMultiColumnSet at (30,30) size 724x100
layer at (531,214) size 231x254
  RenderMultiColumnFlowThread at (523,30) size 231x254
    RenderText {#text} at (69,0) size 162x18
      text run at (69,0) width 5 RTL: "."
      text run at (73,0) width 158: "This is some column text"
    RenderBR {BR} at (69,14) size 1x0
    RenderText {#text} at (69,18) size 162x18
      text run at (69,18) width 5 RTL: "."
      text run at (73,18) width 158: "This is some column text"
    RenderBR {BR} at (69,32) size 1x0
    RenderText {#text} at (69,36) size 162x18
      text run at (69,36) width 5 RTL: "."
      text run at (73,36) width 158: "This is some column text"
    RenderBR {BR} at (69,50) size 1x0
    RenderText {#text} at (69,54) size 162x18
      text run at (69,54) width 5 RTL: "."
      text run at (73,54) width 158: "This is some column text"
    RenderBR {BR} at (69,68) size 1x0
    RenderText {#text} at (69,72) size 162x18
      text run at (69,72) width 5 RTL: "."
      text run at (73,72) width 158: "This is some column text"
    RenderBR {BR} at (69,86) size 1x0
    RenderText {#text} at (69,100) size 162x18
      text run at (69,100) width 5 RTL: "."
      text run at (73,100) width 158: "This is some column text"
    RenderBR {BR} at (69,114) size 1x0
    RenderText {#text} at (69,118) size 162x18
      text run at (69,118) width 5 RTL: "."
      text run at (73,118) width 158: "This is some column text"
    RenderBR {BR} at (69,132) size 1x0
    RenderText {#text} at (69,136) size 162x18
      text run at (69,136) width 5 RTL: "."
      text run at (73,136) width 158: "This is some column text"
    RenderBR {BR} at (69,150) size 1x0
    RenderText {#text} at (69,154) size 162x18
      text run at (69,154) width 5 RTL: "."
      text run at (73,154) width 158: "This is some column text"
    RenderBR {BR} at (69,168) size 1x0
    RenderText {#text} at (69,172) size 162x18
      text run at (69,172) width 5 RTL: "."
      text run at (73,172) width 158: "This is some column text"
    RenderBR {BR} at (69,186) size 1x0
    RenderText {#text} at (69,200) size 162x18
      text run at (69,200) width 5 RTL: "."
      text run at (73,200) width 158: "This is some column text"
    RenderBR {BR} at (69,214) size 1x0
    RenderText {#text} at (69,218) size 162x18
      text run at (69,218) width 5 RTL: "."
      text run at (73,218) width 158: "This is some column text"
    RenderBR {BR} at (69,232) size 1x0
    RenderText {#text} at (69,236) size 162x18
      text run at (69,236) width 5 RTL: "."
      text run at (73,236) width 158: "This is some column text"
    RenderBR {BR} at (69,250) size 1x0
