layer at (0,0) size 800x600
  RenderView at (0,0) size 800x600
layer at (0,0) size 800x600
  RenderBlock {HTML} at (0,0) size 800x600
    RenderBody {BODY} at (8,8) size 784x584
layer at (8,8) size 784x532
  RenderBlock {DIV} at (0,0) size 784x532 [border: (5px solid #000000)]
    RenderMultiColumnSet at (15,5) size 754x522
layer at (23,13) size 241x1548 backgroundClip at (0,0) size 800x600 clip at (0,0) size 800x600
  RenderMultiColumnFlowThread at (15,5) size 241x1548
    RenderText {#text} at (0,0) size 240x1548
      text run at (0,0) width 177: "Lorem ipsum dolor sit amet,"
      text run at (0,18) width 212: "consectetuer adipiscing elit. Nulla"
      text run at (0,36) width 179: "varius enim ac mi. Curabitur"
      text run at (0,54) width 230: "sollicitudin felis quis lectus. Quisque"
      text run at (0,72) width 224: "adipiscing rhoncus sem. Proin nulla"
      text run at (0,90) width 190: "purus, vulputate vel, varius ut,"
      text run at (0,108) width 217: "euismod et, nisi. Sed vitae felis vel"
      text run at (0,126) width 222: "orci sagittis aliquam. Cras convallis"
      text run at (0,144) width 239: "adipiscing sem. Nam nonummy enim."
      text run at (0,162) width 211: "Nullam bibendum lobortis neque."
      text run at (0,180) width 185: "Vestibulum velit orci, tempus"
      text run at (0,198) width 203: "euismod, pretium quis, interdum"
      text run at (0,216) width 211: "vitae, nulla. Phasellus eget ante et"
      text run at (0,234) width 201: "tortor condimentum vestibulum."
      text run at (0,252) width 236: "Suspendisse hendrerit quam nec felis."
      text run at (0,270) width 223: "Sed varius turpis vitae pede. Lorem"
      text run at (0,288) width 213: "ipsum dolor sit amet, consectetuer"
      text run at (0,306) width 230: "adipiscing elit. Proin bibendum justo"
      text run at (0,324) width 226: "ac enim. Class aptent taciti sociosqu"
      text run at (0,342) width 231: "ad litora torquent per conubia nostra,"
      text run at (0,360) width 206: "per inceptos hymenaeos. Sed leo"
      text run at (0,378) width 224: "nulla, rutrum eu, dictum ut, posuere"
      text run at (0,396) width 212: "vel, arcu. Nam libero. Morbi orci."
      text run at (0,414) width 240: "Maecenas pellentesque. Curabitur erat"
      text run at (0,432) width 214: "erat, ullamcorper at, gravida vitae,"
      text run at (0,450) width 199: "iaculis vitae, elit. Nullam quam."
      text run at (0,468) width 227: "Quisque orci lectus, ullamcorper eu,"
      text run at (0,486) width 216: "imperdiet sed, accumsan et, ligula."
      text run at (0,504) width 204: "Duis diam nisl, sagittis a, blandit"
      text run at (0,522) width 179: "volutpat, interdum sed, velit."
      text run at (0,540) width 209: "Vestibulum quam. Nulla a purus."
      text run at (0,558) width 240: "Phasellus semper semper lectus. Nulla"
      text run at (0,576) width 211: "porttitor, dolor dictum scelerisque"
      text run at (0,594) width 233: "luctus, velit ipsum lobortis mauris, ac"
      text run at (0,612) width 216: "pretium enim nunc vel risus. Proin"
      text run at (0,630) width 201: "gravida mi ut sem cursus mattis."
      text run at (0,648) width 184: "Fusce laoreet, nisi quis luctus"
      text run at (0,666) width 218: "volutpat, arcu pede tincidunt enim,"
      text run at (0,684) width 208: "nec malesuada urna nisl eu enim."
      text run at (0,702) width 202: "Vivamus varius augue ac purus."
      text run at (0,720) width 228: "Vestibulum vestibulum. Phasellus et"
      text run at (0,738) width 205: "est vitae ante accumsan rhoncus."
      text run at (0,756) width 209: "Morbi convallis, arcu at hendrerit"
      text run at (0,774) width 216: "gravida, sem diam dignissim risus,"
      text run at (0,792) width 237: "sed aliquet erat mi ut mi. Nunc cursus"
      text run at (0,810) width 240: "lacinia elit. Nunc nisi. Quisque at erat."
      text run at (0,828) width 229: "Vestibulum dictum quam vitae nibh."
      text run at (0,846) width 219: "Nunc vitae ante non odio interdum"
      text run at (0,864) width 177: "blandit. Curabitur leo quam,"
      text run at (0,882) width 164: "fermentum sed, feugiat in,"
      text run at (0,900) width 230: "ullamcorper id, nibh. Suspendisse ac"
      text run at (0,918) width 201: "turpis. In iaculis sollicitudin dui."
      text run at (0,936) width 192: "Aenean vitae lectus vitae nulla"
      text run at (0,954) width 194: "pellentesque sollicitudin. Nunc"
      text run at (0,972) width 223: "gravida pharetra lectus. Etiam lacus"
      text run at (0,990) width 197: "ligula, placerat ut, dictum vitae,"
      text run at (0,1008) width 200: "tempus vel, risus. Cras rhoncus."
      text run at (0,1026) width 226: "Praesent varius ultricies orci. Donec"
      text run at (0,1044) width 230: "mattis, neque ut ornare fringilla, ante"
      text run at (0,1062) width 231: "urna placerat eros, vel commodo nisi"
      text run at (0,1080) width 217: "tortor ut mauris. Morbi magna dui,"
      text run at (0,1098) width 177: "sagittis sit amet, tincidunt et,"
      text run at (0,1116) width 187: "elementum eget, quam. Fusce"
      text run at (0,1134) width 230: "molestie nisl vitae nisi. Vestibulum a"
      text run at (0,1152) width 234: "sapien. Phasellus ante lacus, vehicula"
      text run at (0,1170) width 205: "non, cursus a, tempor ut, magna."
      text run at (0,1188) width 219: "Suspendisse potenti. Fusce aliquet,"
      text run at (0,1206) width 224: "odio viverra vulputate dictum, enim"
      text run at (0,1224) width 240: "odio luctus purus, ut scelerisque quam"
      text run at (0,1242) width 200: "nulla non est. Donec eros lacus,"
      text run at (0,1260) width 210: "egestas vitae, lacinia quis, tempor"
      text run at (0,1278) width 234: "quis, pede. Morbi orci erat, iaculis id,"
      text run at (0,1296) width 226: "ornare ac, elementum at, sem. Nunc"
      text run at (0,1314) width 223: "ornare sodales nisi. Morbi interdum"
      text run at (0,1332) width 222: "commodo nisl. Fusce eget eros non"
      text run at (0,1350) width 227: "nisi ornare facilisis. Sed placerat, est"
      text run at (0,1368) width 202: "non posuere posuere, purus sem"
      text run at (0,1386) width 237: "dignissim libero, a viverra tellus dolor"
      text run at (0,1404) width 236: "vel lorem. Cras augue. Etiam ultricies"
      text run at (0,1422) width 209: "consequat odio. Mauris ac libero."
      text run at (0,1440) width 225: "Etiam posuere, libero vitae euismod"
      text run at (0,1458) width 219: "gravida, urna elit imperdiet magna,"
      text run at (0,1476) width 240: "vel cursus elit felis non mauris. Donec"
      text run at (0,1494) width 195: "orci erat, porta id, dignissim ut,"
      text run at (0,1512) width 208: "posuere dictum, leo. Suspendisse"
      text run at (0,1530) width 157: "scelerisque egestas nulla."
