layer at (0,0) size 1188x585
  RenderView at (0,0) size 800x585
layer at (0,0) size 800x585
  RenderBlock {HTML} at (0,0) size 800x585
    RenderBody {BODY} at (8,8) size 784x569
layer at (8,8) size 784x404
  RenderBlock {DIV} at (0,0) size 784x404 [border: (2px solid #000000)]
    RenderMultiColumnSet at (2,2) size 780x400
layer at (10,10) size 382x944 backgroundClip at (0,0) size 1188x585 clip at (0,0) size 1188x585
  RenderMultiColumnFlowThread at (2,2) size 382x944
    RenderText {#text} at (0,0) size 110x18
      text run at (0,0) width 110: "This is some text."
    RenderBR {BR} at (110,14) size 0x0
    RenderText {#text} at (0,18) size 110x18
      text run at (0,18) width 110: "This is some text."
    RenderBR {BR} at (110,32) size 0x0
    RenderText {#text} at (0,36) size 110x18
      text run at (0,36) width 110: "This is some text."
    RenderBR {BR} at (110,50) size 0x0
    RenderText {#text} at (0,54) size 110x18
      text run at (0,54) width 110: "This is some text."
    RenderBR {BR} at (110,68) size 0x0
    RenderText {#text} at (0,72) size 110x18
      text run at (0,72) width 110: "This is some text."
    RenderBR {BR} at (110,86) size 0x0
    RenderText {#text} at (0,90) size 110x18
      text run at (0,90) width 110: "This is some text."
    RenderBR {BR} at (110,104) size 0x0
    RenderText {#text} at (0,108) size 110x18
      text run at (0,108) width 110: "This is some text."
    RenderBR {BR} at (110,122) size 0x0
    RenderText {#text} at (0,126) size 110x18
      text run at (0,126) width 110: "This is some text."
    RenderBR {BR} at (110,140) size 0x0
    RenderText {#text} at (0,144) size 110x18
      text run at (0,144) width 110: "This is some text."
    RenderBR {BR} at (110,158) size 0x0
    RenderText {#text} at (0,162) size 110x18
      text run at (0,162) width 110: "This is some text."
    RenderBR {BR} at (110,176) size 0x0
    RenderImage {IMG} at (0,400) size 250x300 [bgcolor=#008000]
    RenderText {#text} at (250,400) size 110x18
      text run at (250,400) width 110: "This is some text."
    RenderBR {BR} at (360,414) size 0x0
    RenderText {#text} at (250,418) size 110x18
      text run at (250,418) width 110: "This is some text."
    RenderBR {BR} at (360,432) size 0x0
    RenderText {#text} at (250,436) size 110x18
      text run at (250,436) width 110: "This is some text."
    RenderBR {BR} at (360,450) size 0x0
    RenderText {#text} at (250,454) size 110x18
      text run at (250,454) width 110: "This is some text."
    RenderBR {BR} at (360,468) size 0x0
    RenderText {#text} at (250,472) size 110x18
      text run at (250,472) width 110: "This is some text."
    RenderBR {BR} at (360,486) size 0x0
    RenderText {#text} at (250,490) size 110x18
      text run at (250,490) width 110: "This is some text."
    RenderBR {BR} at (360,504) size 0x0
    RenderText {#text} at (250,508) size 110x18
      text run at (250,508) width 110: "This is some text."
    RenderBR {BR} at (360,522) size 0x0
    RenderText {#text} at (250,526) size 110x18
      text run at (250,526) width 110: "This is some text."
    RenderBR {BR} at (360,540) size 0x0
    RenderText {#text} at (250,544) size 110x18
      text run at (250,544) width 110: "This is some text."
    RenderBR {BR} at (360,558) size 0x0
    RenderText {#text} at (250,562) size 110x18
      text run at (250,562) width 110: "This is some text."
    RenderBR {BR} at (360,576) size 0x0
    RenderText {#text} at (250,580) size 110x18
      text run at (250,580) width 110: "This is some text."
    RenderBR {BR} at (360,594) size 0x0
    RenderText {#text} at (250,598) size 110x18
      text run at (250,598) width 110: "This is some text."
    RenderBR {BR} at (360,612) size 0x0
    RenderText {#text} at (250,616) size 110x18
      text run at (250,616) width 110: "This is some text."
    RenderBR {BR} at (360,630) size 0x0
    RenderText {#text} at (250,634) size 110x18
      text run at (250,634) width 110: "This is some text."
    RenderBR {BR} at (360,648) size 0x0
    RenderText {#text} at (250,652) size 110x18
      text run at (250,652) width 110: "This is some text."
    RenderBR {BR} at (360,666) size 0x0
    RenderText {#text} at (250,670) size 110x18
      text run at (250,670) width 110: "This is some text."
    RenderBR {BR} at (360,684) size 0x0
    RenderText {#text} at (250,688) size 110x18
      text run at (250,688) width 110: "This is some text."
    RenderBR {BR} at (360,702) size 0x0
    RenderText {#text} at (0,706) size 110x18
      text run at (0,706) width 110: "This is some text."
    RenderBR {BR} at (110,720) size 0x0
    RenderText {#text} at (0,724) size 110x18
      text run at (0,724) width 110: "This is some text."
    RenderBR {BR} at (110,738) size 0x0
    RenderText {#text} at (0,742) size 110x18
      text run at (0,742) width 110: "This is some text."
    RenderBR {BR} at (110,756) size 0x0
    RenderText {#text} at (0,760) size 110x18
      text run at (0,760) width 110: "This is some text."
    RenderBR {BR} at (110,774) size 0x0
    RenderText {#text} at (0,778) size 110x18
      text run at (0,778) width 110: "This is some text."
    RenderBR {BR} at (110,792) size 0x0
    RenderText {#text} at (0,800) size 110x18
      text run at (0,800) width 110: "This is some text."
    RenderBR {BR} at (110,814) size 0x0
    RenderText {#text} at (0,818) size 110x18
      text run at (0,818) width 110: "This is some text."
    RenderBR {BR} at (110,832) size 0x0
    RenderText {#text} at (0,836) size 110x18
      text run at (0,836) width 110: "This is some text."
    RenderBR {BR} at (110,850) size 0x0
    RenderText {#text} at (0,854) size 110x18
      text run at (0,854) width 110: "This is some text."
    RenderBR {BR} at (110,868) size 0x0
    RenderText {#text} at (0,872) size 110x18
      text run at (0,872) width 110: "This is some text."
    RenderBR {BR} at (110,886) size 0x0
    RenderText {#text} at (0,890) size 110x18
      text run at (0,890) width 110: "This is some text."
    RenderBR {BR} at (110,904) size 0x0
    RenderText {#text} at (0,908) size 110x18
      text run at (0,908) width 110: "This is some text."
    RenderBR {BR} at (110,922) size 0x0
    RenderText {#text} at (0,926) size 110x18
      text run at (0,926) width 110: "This is some text."
    RenderBR {BR} at (110,940) size 0x0
