layer at (0,0) size 1166x1680
  RenderView at (0,0) size 785x585
layer at (0,0) size 785x1680
  RenderBlock {HTML} at (0,0) size 785x1680
    RenderBody {BODY} at (8,8) size 769x1664
layer at (8,8) size 769x404
  RenderBlock {DIV} at (0,0) size 769x404 [border: (2px solid #000000)]
    RenderMultiColumnSet at (2,2) size 765x400
layer at (10,10) size 375x888
  RenderMultiColumnFlowThread at (2,2) size 375x888
    RenderBlock (anonymous) at (0,0) size 375x252
      RenderText {#text} at (0,0) size 110x18
        text run at (0,0) width 110: "This is some text."
      RenderBR {BR} at (110,14) size 0x0
      RenderText {#text} at (0,18) size 110x18
        text run at (0,18) width 110: "This is some text."
      RenderBR {BR} at (110,32) size 0x0
      RenderText {#text} at (0,36) size 110x18
        text run at (0,36) width 110: "This is some text."
      RenderBR {BR} at (110,50) size 0x0
      RenderText {#text} at (0,54) size 110x18
        text run at (0,54) width 110: "This is some text."
      RenderBR {BR} at (110,68) size 0x0
      RenderText {#text} at (0,72) size 110x18
        text run at (0,72) width 110: "This is some text."
      RenderBR {BR} at (110,86) size 0x0
      RenderText {#text} at (0,90) size 110x18
        text run at (0,90) width 110: "This is some text."
      RenderBR {BR} at (110,104) size 0x0
      RenderText {#text} at (0,108) size 110x18
        text run at (0,108) width 110: "This is some text."
      RenderBR {BR} at (110,122) size 0x0
      RenderText {#text} at (0,126) size 110x18
        text run at (0,126) width 110: "This is some text."
      RenderBR {BR} at (110,140) size 0x0
      RenderText {#text} at (0,144) size 110x18
        text run at (0,144) width 110: "This is some text."
      RenderBR {BR} at (110,158) size 0x0
      RenderText {#text} at (0,162) size 110x18
        text run at (0,162) width 110: "This is some text."
      RenderBR {BR} at (110,176) size 0x0
      RenderText {#text} at (0,180) size 110x18
        text run at (0,180) width 110: "This is some text."
      RenderBR {BR} at (110,194) size 0x0
      RenderText {#text} at (0,198) size 110x18
        text run at (0,198) width 110: "This is some text."
      RenderBR {BR} at (110,212) size 0x0
      RenderText {#text} at (0,216) size 110x18
        text run at (0,216) width 110: "This is some text."
      RenderBR {BR} at (110,230) size 0x0
      RenderText {#text} at (0,234) size 110x18
        text run at (0,234) width 110: "This is some text."
      RenderBR {BR} at (110,248) size 0x0
    RenderBlock {P} at (0,268) size 375x604
      RenderBlock (floating) {SPAN} at (0,132) size 78x147
        RenderText {#text} at (0,0) size 78x147
          text run at (0,0) width 78: "T"
      RenderText {#text} at (78,132) size 100x18
        text run at (78,132) width 100: "his is some text."
      RenderBR {BR} at (178,146) size 0x0
      RenderText {#text} at (78,150) size 110x18
        text run at (78,150) width 110: "This is some text."
      RenderBR {BR} at (188,164) size 0x0
      RenderText {#text} at (78,168) size 110x18
        text run at (78,168) width 110: "This is some text."
      RenderBR {BR} at (188,182) size 0x0
      RenderText {#text} at (78,186) size 110x18
        text run at (78,186) width 110: "This is some text."
      RenderBR {BR} at (188,200) size 0x0
      RenderText {#text} at (78,204) size 110x18
        text run at (78,204) width 110: "This is some text."
      RenderBR {BR} at (188,218) size 0x0
      RenderText {#text} at (78,222) size 110x18
        text run at (78,222) width 110: "This is some text."
      RenderBR {BR} at (188,236) size 0x0
      RenderText {#text} at (78,240) size 110x18
        text run at (78,240) width 110: "This is some text."
      RenderBR {BR} at (188,254) size 0x0
      RenderText {#text} at (78,258) size 110x18
        text run at (78,258) width 110: "This is some text."
      RenderBR {BR} at (188,272) size 0x0
      RenderText {#text} at (78,276) size 110x18
        text run at (78,276) width 110: "This is some text."
      RenderBR {BR} at (188,290) size 0x0
      RenderText {#text} at (0,294) size 110x18
        text run at (0,294) width 110: "This is some text."
      RenderBR {BR} at (110,308) size 0x0
      RenderText {#text} at (0,312) size 110x18
        text run at (0,312) width 110: "This is some text."
      RenderBR {BR} at (110,326) size 0x0
      RenderText {#text} at (0,330) size 110x18
        text run at (0,330) width 110: "This is some text."
      RenderBR {BR} at (110,344) size 0x0
      RenderText {#text} at (0,348) size 110x18
        text run at (0,348) width 110: "This is some text."
      RenderBR {BR} at (110,362) size 0x0
      RenderText {#text} at (0,366) size 110x18
        text run at (0,366) width 110: "This is some text."
      RenderBR {BR} at (110,380) size 0x0
      RenderText {#text} at (0,384) size 110x18
        text run at (0,384) width 110: "This is some text."
      RenderBR {BR} at (110,398) size 0x0
      RenderText {#text} at (0,402) size 110x18
        text run at (0,402) width 110: "This is some text."
      RenderBR {BR} at (110,416) size 0x0
      RenderText {#text} at (0,420) size 110x18
        text run at (0,420) width 110: "This is some text."
      RenderBR {BR} at (110,434) size 0x0
      RenderText {#text} at (0,438) size 110x18
        text run at (0,438) width 110: "This is some text."
      RenderBR {BR} at (110,452) size 0x0
      RenderText {#text} at (0,456) size 110x18
        text run at (0,456) width 110: "This is some text."
      RenderBR {BR} at (110,470) size 0x0
      RenderText {#text} at (0,474) size 110x18
        text run at (0,474) width 110: "This is some text."
      RenderBR {BR} at (110,488) size 0x0
      RenderText {#text} at (0,492) size 110x18
        text run at (0,492) width 110: "This is some text."
      RenderBR {BR} at (110,506) size 0x0
      RenderText {#text} at (0,510) size 110x18
        text run at (0,510) width 110: "This is some text."
      RenderBR {BR} at (110,524) size 0x0
      RenderText {#text} at (0,532) size 110x18
        text run at (0,532) width 110: "This is some text."
      RenderBR {BR} at (110,546) size 0x0
      RenderText {#text} at (0,550) size 110x18
        text run at (0,550) width 110: "This is some text."
      RenderBR {BR} at (110,564) size 0x0
      RenderText {#text} at (0,568) size 110x18
        text run at (0,568) width 110: "This is some text."
      RenderBR {BR} at (110,582) size 0x0
      RenderText {#text} at (0,586) size 110x18
        text run at (0,586) width 110: "This is some text."
      RenderBR {BR} at (110,600) size 0x0
layer at (8,428) size 769x404
  RenderBlock {DIV} at (0,420) size 769x404 [border: (2px solid #000000)]
    RenderMultiColumnSet at (2,2) size 765x400
layer at (10,430) size 375x888
  RenderMultiColumnFlowThread at (2,2) size 375x888
    RenderBlock (anonymous) at (0,0) size 375x252
      RenderText {#text} at (0,0) size 110x18
        text run at (0,0) width 110: "This is some text."
      RenderBR {BR} at (110,14) size 0x0
      RenderText {#text} at (0,18) size 110x18
        text run at (0,18) width 110: "This is some text."
      RenderBR {BR} at (110,32) size 0x0
      RenderText {#text} at (0,36) size 110x18
        text run at (0,36) width 110: "This is some text."
      RenderBR {BR} at (110,50) size 0x0
      RenderText {#text} at (0,54) size 110x18
        text run at (0,54) width 110: "This is some text."
      RenderBR {BR} at (110,68) size 0x0
      RenderText {#text} at (0,72) size 110x18
        text run at (0,72) width 110: "This is some text."
      RenderBR {BR} at (110,86) size 0x0
      RenderText {#text} at (0,90) size 110x18
        text run at (0,90) width 110: "This is some text."
      RenderBR {BR} at (110,104) size 0x0
      RenderText {#text} at (0,108) size 110x18
        text run at (0,108) width 110: "This is some text."
      RenderBR {BR} at (110,122) size 0x0
      RenderText {#text} at (0,126) size 110x18
        text run at (0,126) width 110: "This is some text."
      RenderBR {BR} at (110,140) size 0x0
      RenderText {#text} at (0,144) size 110x18
        text run at (0,144) width 110: "This is some text."
      RenderBR {BR} at (110,158) size 0x0
      RenderText {#text} at (0,162) size 110x18
        text run at (0,162) width 110: "This is some text."
      RenderBR {BR} at (110,176) size 0x0
      RenderText {#text} at (0,180) size 110x18
        text run at (0,180) width 110: "This is some text."
      RenderBR {BR} at (110,194) size 0x0
      RenderText {#text} at (0,198) size 110x18
        text run at (0,198) width 110: "This is some text."
      RenderBR {BR} at (110,212) size 0x0
      RenderText {#text} at (0,216) size 110x18
        text run at (0,216) width 110: "This is some text."
      RenderBR {BR} at (110,230) size 0x0
      RenderText {#text} at (0,234) size 110x18
        text run at (0,234) width 110: "This is some text."
      RenderBR {BR} at (110,248) size 0x0
    RenderBlock {P} at (0,268) size 375x604
      RenderImage {IMG} at (0,132) size 100x100 [bgcolor=#008000]
      RenderImage {IMG} at (274,132) size 101x200 [bgcolor=#008000]
      RenderText {#text} at (100,132) size 106x18
        text run at (100,132) width 106: "This is some text"
      RenderBR {BR} at (206,146) size 0x0
      RenderText {#text} at (100,150) size 110x18
        text run at (100,150) width 110: "This is some text."
      RenderBR {BR} at (210,164) size 0x0
      RenderText {#text} at (100,168) size 110x18
        text run at (100,168) width 110: "This is some text."
      RenderBR {BR} at (210,182) size 0x0
      RenderText {#text} at (100,186) size 110x18
        text run at (100,186) width 110: "This is some text."
      RenderBR {BR} at (210,200) size 0x0
      RenderText {#text} at (100,204) size 110x18
        text run at (100,204) width 110: "This is some text."
      RenderBR {BR} at (210,218) size 0x0
      RenderText {#text} at (100,222) size 110x18
        text run at (100,222) width 110: "This is some text."
      RenderBR {BR} at (210,236) size 0x0
      RenderText {#text} at (0,240) size 110x18
        text run at (0,240) width 110: "This is some text."
      RenderBR {BR} at (110,254) size 0x0
      RenderText {#text} at (0,258) size 110x18
        text run at (0,258) width 110: "This is some text."
      RenderBR {BR} at (110,272) size 0x0
      RenderText {#text} at (0,276) size 110x18
        text run at (0,276) width 110: "This is some text."
      RenderBR {BR} at (110,290) size 0x0
      RenderText {#text} at (0,294) size 110x18
        text run at (0,294) width 110: "This is some text."
      RenderBR {BR} at (110,308) size 0x0
      RenderText {#text} at (0,312) size 110x18
        text run at (0,312) width 110: "This is some text."
      RenderBR {BR} at (110,326) size 0x0
      RenderText {#text} at (0,330) size 110x18
        text run at (0,330) width 110: "This is some text."
      RenderBR {BR} at (110,344) size 0x0
      RenderText {#text} at (0,348) size 110x18
        text run at (0,348) width 110: "This is some text."
      RenderBR {BR} at (110,362) size 0x0
      RenderText {#text} at (0,366) size 110x18
        text run at (0,366) width 110: "This is some text."
      RenderBR {BR} at (110,380) size 0x0
      RenderText {#text} at (0,384) size 110x18
        text run at (0,384) width 110: "This is some text."
      RenderBR {BR} at (110,398) size 0x0
      RenderText {#text} at (0,402) size 110x18
        text run at (0,402) width 110: "This is some text."
      RenderBR {BR} at (110,416) size 0x0
      RenderText {#text} at (0,420) size 110x18
        text run at (0,420) width 110: "This is some text."
      RenderBR {BR} at (110,434) size 0x0
      RenderText {#text} at (0,438) size 110x18
        text run at (0,438) width 110: "This is some text."
      RenderBR {BR} at (110,452) size 0x0
      RenderText {#text} at (0,456) size 110x18
        text run at (0,456) width 110: "This is some text."
      RenderBR {BR} at (110,470) size 0x0
      RenderText {#text} at (0,474) size 110x18
        text run at (0,474) width 110: "This is some text."
      RenderBR {BR} at (110,488) size 0x0
      RenderText {#text} at (0,492) size 110x18
        text run at (0,492) width 110: "This is some text."
      RenderBR {BR} at (110,506) size 0x0
      RenderText {#text} at (0,510) size 110x18
        text run at (0,510) width 110: "This is some text."
      RenderBR {BR} at (110,524) size 0x0
      RenderText {#text} at (0,532) size 110x18
        text run at (0,532) width 110: "This is some text."
      RenderBR {BR} at (110,546) size 0x0
      RenderText {#text} at (0,550) size 110x18
        text run at (0,550) width 110: "This is some text."
      RenderBR {BR} at (110,564) size 0x0
      RenderText {#text} at (0,568) size 110x18
        text run at (0,568) width 110: "This is some text."
      RenderBR {BR} at (110,582) size 0x0
      RenderText {#text} at (0,586) size 110x18
        text run at (0,586) width 110: "This is some text."
      RenderBR {BR} at (110,600) size 0x0
layer at (8,848) size 769x404
  RenderBlock {DIV} at (0,840) size 769x404 [border: (2px solid #000000)]
    RenderMultiColumnSet at (2,2) size 765x400
layer at (10,850) size 375x436
  RenderMultiColumnFlowThread at (2,2) size 375x436
    RenderImage {IMG} at (0,0) size 300x390 [bgcolor=#008000]
    RenderText {#text} at (300,0) size 373x436
      text run at (300,0) width 73: "Longer text"
      text run at (300,18) width 72: "designed to"
      text run at (300,36) width 53: "test float"
      text run at (300,54) width 23: "and"
      text run at (300,72) width 60: "wrapping"
      text run at (300,90) width 59: "behavior."
      text run at (300,108) width 73: "Longer text"
      text run at (300,126) width 72: "designed to"
      text run at (300,144) width 53: "test float"
      text run at (300,162) width 23: "and"
      text run at (300,180) width 60: "wrapping"
      text run at (300,198) width 59: "behavior."
      text run at (300,216) width 73: "Longer text"
      text run at (300,234) width 72: "designed to"
      text run at (300,252) width 53: "test float"
      text run at (300,270) width 23: "and"
      text run at (300,288) width 60: "wrapping"
      text run at (300,306) width 59: "behavior."
      text run at (300,324) width 73: "Longer text"
      text run at (300,342) width 72: "designed to"
      text run at (300,360) width 53: "test float"
      text run at (300,378) width 23: "and"
      text run at (0,400) width 360: "wrapping behavior. Longer text designed to test float and"
      text run at (0,418) width 123: "wrapping behavior."
layer at (8,1268) size 769x404
  RenderBlock {DIV} at (0,1260) size 769x404 [border: (2px solid #000000)]
    RenderMultiColumnSet at (2,2) size 765x400
layer at (10,1270) size 375x652 backgroundClip at (0,0) size 1166x1680 clip at (0,0) size 1166x1680
  RenderMultiColumnFlowThread at (2,2) size 375x652
    RenderImage {IMG} at (0,0) size 375x380 [bgcolor=#0000FF]
    RenderInline {SPAN} at (0,0) size 370x252
      RenderImage {IMG} at (0,400) size 100x20 [bgcolor=#008000]
      RenderText {#text} at (100,400) size 211x28
        text run at (100,400) width 211: "Longer text designed "
      RenderImage {IMG} at (274,428) size 101x20 [bgcolor=#008000]
      RenderText {#text} at (311,400) size 370x252
        text run at (311,400) width 59: "to test"
        text run at (0,428) width 183: "float and wrapping"
        text run at (0,456) width 367: "behavior. Longer text designed to test"
        text run at (0,484) width 356: "float and wrapping behavior. Longer"
        text run at (0,512) width 286: "text designed to test float and"
        text run at (0,540) width 307: "wrapping behavior. Longer text"
        text run at (0,568) width 340: "designed to test float and wrapping"
        text run at (0,596) width 367: "behavior. Longer text designed to test"
        text run at (0,624) width 280: "float and wrapping behavior."
    RenderText {#text} at (0,0) size 0x0
