layer at (0,0) size 800x600
  RenderView at (0,0) size 800x600
layer at (0,0) size 800x600
  RenderBlock {HTML} at (0,0) size 800x600
    RenderBody {BODY} at (8,8) size 784x584
      RenderBlock {P} at (0,0) size 784x40
        RenderText {#text} at (0,0) size 770x39
          text run at (0,0) width 770: "This test is ensuring we don't grow the height of a block improperly when a float has no line association (e.g., when it's at the end"
          text run at (0,20) width 709: "of a block). The complete dashed border should be in the first column, with none of it appearing in the second column."
layer at (8,64) size 784x400
  RenderBlock {DIV} at (0,56) size 784x400
    RenderMultiColumnSet at (0,0) size 784x400
layer at (8,64) size 384x600 backgroundClip at (0,0) size 800x600 clip at (0,0) size 800x600
  RenderMultiColumnFlowThread at (0,0) size 384x600
    RenderBlock {DIV} at (0,0) size 384x260 [border: (10px dashed #800000)]
      RenderText {#text} at (10,10) size 104x19
        text run at (10,10) width 104: "This is some text."
      RenderBR {BR} at (114,25) size 0x0
      RenderText {#text} at (10,30) size 104x19
        text run at (10,30) width 104: "This is some text."
      RenderBR {BR} at (114,45) size 0x0
      RenderText {#text} at (10,50) size 104x19
        text run at (10,50) width 104: "This is some text."
      RenderBR {BR} at (114,65) size 0x0
      RenderText {#text} at (10,70) size 104x19
        text run at (10,70) width 104: "This is some text."
      RenderBR {BR} at (114,85) size 0x0
      RenderText {#text} at (10,90) size 104x19
        text run at (10,90) width 104: "This is some text."
      RenderBR {BR} at (114,105) size 0x0
      RenderText {#text} at (10,110) size 104x19
        text run at (10,110) width 104: "This is some text."
      RenderBR {BR} at (114,125) size 0x0
      RenderText {#text} at (10,130) size 104x19
        text run at (10,130) width 104: "This is some text."
      RenderBR {BR} at (114,145) size 0x0
      RenderText {#text} at (10,150) size 104x19
        text run at (10,150) width 104: "This is some text."
      RenderBR {BR} at (114,165) size 0x0
      RenderText {#text} at (10,170) size 104x19
        text run at (10,170) width 104: "This is some text."
      RenderBR {BR} at (114,185) size 0x0
      RenderText {#text} at (10,190) size 104x19
        text run at (10,190) width 104: "This is some text."
      RenderBR {BR} at (114,205) size 0x0
      RenderText {#text} at (10,210) size 104x19
        text run at (10,210) width 104: "This is some text."
      RenderBR {BR} at (114,225) size 0x0
      RenderText {#text} at (10,230) size 104x19
        text run at (10,230) width 104: "This is some text."
      RenderBR {BR} at (114,245) size 0x0
      RenderImage {IMG} at (274,400) size 100x200 [bgcolor=#CCCCCC]
      RenderText {#text} at (0,0) size 0x0
