layer at (0,0) size 800x600
  RenderView at (0,0) size 800x600
layer at (0,0) size 800x600
  RenderBlock {HTML} at (0,0) size 800x600
    RenderBody {BODY} at (8,8) size 784x584
      RenderBlock (anonymous) at (0,0) size 784x36
        RenderText {#text} at (0,0) size 769x36
          text run at (0,0) width 480: "The two purple rectangles below should both be at the top of their columns. "
          text run at (480,0) width 289: "If one is lower than the other, than the test has"
          text run at (0,18) width 39: "failed."
layer at (8,44) size 784x304
  RenderBlock {DIV} at (0,36) size 784x304 [border: (2px solid #000000)]
    RenderMultiColumnSet at (2,2) size 780x300
layer at (10,46) size 382x500
  RenderMultiColumnFlowThread at (2,2) size 382x500
    RenderBlock {DIV} at (0,0) size 382x200 [bgcolor=#800080]
    RenderBlock {DIV} at (0,300) size 382x200 [bgcolor=#800080]
