layer at (0,0) size 800x600
  RenderView at (0,0) size 800x600
layer at (0,0) size 800x600
  RenderBlock {HTML} at (0,0) size 800x600
    RenderBody {BODY} at (8,8) size 784x584
layer at (8,8) size 506x505
  RenderBlock {DIV} at (0,0) size 506x505 [border: (3px solid #000000)]
    RenderMultiColumnSet at (3,3) size 500x499
layer at (11,11) size 159x1454 backgroundClip at (0,0) size 800x600 clip at (0,0) size 800x600
  RenderMultiColumnFlowThread at (3,3) size 159x1454
layer at (11,11) size 159x1454 backgroundClip at (11,11) size 159x589 clip at (11,11) size 159x589
  RenderBlock {DIV} at (0,0) size 159x1454
    RenderText {#text} at (0,4) size 159x1445
      text run at (0,4) width 159: "Lorem ipsum dolor sit amet,"
      text run at (0,28) width 159: "consectetur adipiscing elit."
      text run at (0,52) width 159: "Nullam ornare, nunc eget"
      text run at (0,76) width 159: "condimentum tempor, augue"
      text run at (0,100) width 159: "ligula accumsan eros, sed"
      text run at (0,124) width 159: "consequat sapien orci id libero."
      text run at (0,148) width 159: "Curabitur tristique, augue in"
      text run at (0,172) width 159: "aliquet accumsan, nibh nisi"
      text run at (0,196) width 159: "lobortis odio, et suscipit est"
      text run at (0,220) width 159: "ligula eu nisi. Nunc aliquet"
      text run at (0,244) width 159: "lobortis porta. Donec venenatis"
      text run at (0,268) width 159: "consectetur eleifend. Etiam sed"
      text run at (0,292) width 159: "tempor quam. Pellentesque"
      text run at (0,316) width 159: "gravida gravida eros venenatis"
      text run at (0,340) width 159: "suscipit. Aenean diam enim,"
      text run at (0,364) width 159: "suscipit id pellentesque vel,"
      text run at (0,388) width 159: "hendrerit et metus. Suspendisse"
      text run at (0,412) width 159: "felis erat, hendrerit a congue in,"
      text run at (0,436) width 159: "euismod ac erat. Donec pulvinar"
      text run at (0,460) width 159: "venenatis tortor, a lobortis erat"
      text run at (0,503) width 159: "scelerisque et. Class aptent taciti"
      text run at (0,527) width 159: "sociosqu ad litora torquent per"
      text run at (0,551) width 159: "conubia nostra, per inceptos"
      text run at (0,575) width 159: "himenaeos. Aliquam in orci id"
      text run at (0,599) width 159: "felis mollis porta ac et orci."
      text run at (0,623) width 159: "Donec viverra, eros ac mattis"
      text run at (0,647) width 159: "dapibus, quam ante porta lectus,"
      text run at (0,671) width 159: "accumsan pellentesque nibh"
      text run at (0,695) width 159: "metus non felis. Vivamus sed"
      text run at (0,719) width 159: "eros quis magna scelerisque"
      text run at (0,743) width 117: "ultrices ac eget velit. "
      text run at (116,743) width 43: "Nunc et"
      text run at (0,767) width 159: "odio ut velit posuere viverra."
      text run at (0,791) width 159: "Integer eu mi quis velit dapibus"
      text run at (0,815) width 159: "tempus at ut purus. Quisque"
      text run at (0,839) width 159: "congue mollis mauris a hendrerit."
      text run at (0,863) width 159: "Nam viverra est at orci interdum"
      text run at (0,887) width 159: "a ullamcorper mi dictum. In id"
      text run at (0,911) width 159: "sapien augue. Suspendisse"
      text run at (0,935) width 159: "potenti. Vestibulum turpis"
      text run at (0,959) width 159: "purus, convallis ut sagittis quis,"
      text run at (0,1002) width 159: "semper vel mauris. Curabitur"
      text run at (0,1026) width 159: "vitae felis turpis. Fusce augue"
      text run at (0,1050) width 159: "nibh, consectetur non"
      text run at (0,1074) width 159: "vestibulum et, bibendum sit"
      text run at (0,1098) width 159: "amet lectus. Nulla at imperdiet"
      text run at (0,1122) width 159: "metus. Donec non est velit, non"
      text run at (0,1146) width 159: "fringilla ipsum. Fusce elementum"
      text run at (0,1170) width 159: "neque a nibh egestas sodales."
      text run at (0,1194) width 159: "Mauris ut lorem hendrerit metus"
      text run at (0,1218) width 159: "interdum malesuada. Nam"
      text run at (0,1242) width 159: "tempus sodales neque vitae"
      text run at (0,1266) width 159: "bibendum. Vestibulum ac est sit"
      text run at (0,1290) width 159: "amet dolor vehicula semper at"
      text run at (0,1314) width 159: "sed ante. Nunc at neque urna, in"
      text run at (0,1338) width 159: "volutpat orci. Praesent eu velit"
      text run at (0,1362) width 159: "neque, quis rutrum metus. Nunc"
      text run at (0,1386) width 159: "eu ipsum sit amet ligula mattis"
      text run at (0,1410) width 159: "porttitor sit amet id felis. Integer"
      text run at (0,1434) width 155: "volutpat aliquam odio et feugiat."
