layer at (0,0) size 1586x585
  RenderView at (0,0) size 800x585
layer at (0,0) size 800x585
  RenderBlock {HTML} at (0,0) size 800x585
    RenderBody {BODY} at (8,8) size 784x569
layer at (8,8) size 784x404
  RenderBlock {DIV} at (0,0) size 784x404 [border: (2px solid #000000)]
    RenderMultiColumnSet at (2,2) size 780x400
layer at (10,10) size 382x1300 backgroundClip at (0,0) size 1586x585 clip at (0,0) size 1586x585
  RenderMultiColumnFlowThread at (2,2) size 382x1300
    RenderBlock (anonymous) at (0,0) size 382x200
      RenderText {#text} at (0,0) size 104x19
        text run at (0,0) width 104: "This is some text."
      RenderBR {BR} at (104,15) size 0x0
      RenderText {#text} at (0,20) size 104x19
        text run at (0,20) width 104: "This is some text."
      RenderBR {BR} at (104,35) size 0x0
      RenderText {#text} at (0,40) size 104x19
        text run at (0,40) width 104: "This is some text."
      RenderBR {BR} at (104,55) size 0x0
      RenderText {#text} at (0,60) size 104x19
        text run at (0,60) width 104: "This is some text."
      RenderBR {BR} at (104,75) size 0x0
      RenderText {#text} at (0,80) size 104x19
        text run at (0,80) width 104: "This is some text."
      RenderBR {BR} at (104,95) size 0x0
      RenderText {#text} at (0,100) size 104x19
        text run at (0,100) width 104: "This is some text."
      RenderBR {BR} at (104,115) size 0x0
      RenderText {#text} at (0,120) size 104x19
        text run at (0,120) width 104: "This is some text."
      RenderBR {BR} at (104,135) size 0x0
      RenderText {#text} at (0,140) size 104x19
        text run at (0,140) width 104: "This is some text."
      RenderBR {BR} at (104,155) size 0x0
      RenderText {#text} at (0,160) size 104x19
        text run at (0,160) width 104: "This is some text."
      RenderBR {BR} at (104,175) size 0x0
      RenderText {#text} at (0,180) size 104x19
        text run at (0,180) width 104: "This is some text."
      RenderBR {BR} at (104,195) size 0x0
    RenderImage {IMG} at (0,400) size 250x300 [bgcolor=#008000]
    RenderBlock (anonymous) at (0,700) size 382x600
      RenderText {#text} at (0,0) size 104x19
        text run at (0,0) width 104: "This is some text."
      RenderBR {BR} at (104,15) size 0x0
      RenderText {#text} at (0,20) size 104x19
        text run at (0,20) width 104: "This is some text."
      RenderBR {BR} at (104,35) size 0x0
      RenderText {#text} at (0,40) size 104x19
        text run at (0,40) width 104: "This is some text."
      RenderBR {BR} at (104,55) size 0x0
      RenderText {#text} at (0,60) size 104x19
        text run at (0,60) width 104: "This is some text."
      RenderBR {BR} at (104,75) size 0x0
      RenderText {#text} at (0,80) size 104x19
        text run at (0,80) width 104: "This is some text."
      RenderBR {BR} at (104,95) size 0x0
      RenderText {#text} at (0,100) size 104x19
        text run at (0,100) width 104: "This is some text."
      RenderBR {BR} at (104,115) size 0x0
      RenderText {#text} at (0,120) size 104x19
        text run at (0,120) width 104: "This is some text."
      RenderBR {BR} at (104,135) size 0x0
      RenderText {#text} at (0,140) size 104x19
        text run at (0,140) width 104: "This is some text."
      RenderBR {BR} at (104,155) size 0x0
      RenderText {#text} at (0,160) size 104x19
        text run at (0,160) width 104: "This is some text."
      RenderBR {BR} at (104,175) size 0x0
      RenderText {#text} at (0,180) size 104x19
        text run at (0,180) width 104: "This is some text."
      RenderBR {BR} at (104,195) size 0x0
      RenderText {#text} at (0,200) size 104x19
        text run at (0,200) width 104: "This is some text."
      RenderBR {BR} at (104,215) size 0x0
      RenderText {#text} at (0,220) size 104x19
        text run at (0,220) width 104: "This is some text."
      RenderBR {BR} at (104,235) size 0x0
      RenderText {#text} at (0,240) size 104x19
        text run at (0,240) width 104: "This is some text."
      RenderBR {BR} at (104,255) size 0x0
      RenderText {#text} at (0,260) size 104x19
        text run at (0,260) width 104: "This is some text."
      RenderBR {BR} at (104,275) size 0x0
      RenderText {#text} at (0,280) size 104x19
        text run at (0,280) width 104: "This is some text."
      RenderBR {BR} at (104,295) size 0x0
      RenderText {#text} at (0,300) size 104x19
        text run at (0,300) width 104: "This is some text."
      RenderBR {BR} at (104,315) size 0x0
      RenderText {#text} at (0,320) size 104x19
        text run at (0,320) width 104: "This is some text."
      RenderBR {BR} at (104,335) size 0x0
      RenderText {#text} at (0,340) size 104x19
        text run at (0,340) width 104: "This is some text."
      RenderBR {BR} at (104,355) size 0x0
      RenderText {#text} at (0,360) size 104x19
        text run at (0,360) width 104: "This is some text."
      RenderBR {BR} at (104,375) size 0x0
      RenderText {#text} at (0,380) size 104x19
        text run at (0,380) width 104: "This is some text."
      RenderBR {BR} at (104,395) size 0x0
      RenderText {#text} at (0,400) size 104x19
        text run at (0,400) width 104: "This is some text."
      RenderBR {BR} at (104,415) size 0x0
      RenderText {#text} at (0,420) size 104x19
        text run at (0,420) width 104: "This is some text."
      RenderBR {BR} at (104,435) size 0x0
      RenderText {#text} at (0,440) size 104x19
        text run at (0,440) width 104: "This is some text."
      RenderBR {BR} at (104,455) size 0x0
      RenderText {#text} at (0,460) size 104x19
        text run at (0,460) width 104: "This is some text."
      RenderBR {BR} at (104,475) size 0x0
      RenderText {#text} at (0,480) size 104x19
        text run at (0,480) width 104: "This is some text."
      RenderBR {BR} at (104,495) size 0x0
      RenderText {#text} at (0,500) size 104x19
        text run at (0,500) width 104: "This is some text."
      RenderBR {BR} at (104,515) size 0x0
      RenderText {#text} at (0,520) size 104x19
        text run at (0,520) width 104: "This is some text."
      RenderBR {BR} at (104,535) size 0x0
      RenderText {#text} at (0,540) size 104x19
        text run at (0,540) width 104: "This is some text."
      RenderBR {BR} at (104,555) size 0x0
      RenderText {#text} at (0,560) size 104x19
        text run at (0,560) width 104: "This is some text."
      RenderBR {BR} at (104,575) size 0x0
      RenderText {#text} at (0,580) size 104x19
        text run at (0,580) width 104: "This is some text."
      RenderBR {BR} at (104,595) size 0x0
