layer at (0,0) size 800x600
  RenderView at (0,0) size 800x600
layer at (0,0) size 800x600
  RenderBlock {HTML} at (0,0) size 800x600
    RenderBody {BODY} at (8,8) size 784x584
layer at (8,8) size 784x304
  RenderBlock {DIV} at (0,0) size 784x304 [border: (2px solid #000000)]
    RenderMultiColumnSet at (2,2) size 780x300
layer at (10,10) size 382x500
  RenderMultiColumnFlowThread at (2,2) size 382x500
    RenderBlock {DIV} at (0,0) size 382x250
    RenderBlock {DIV} at (0,250) size 382x250
layer at (10,260) size 300x200
  RenderBlock (positioned) {DIV} at (0,0) size 300x200 [bgcolor=#D3D3D3]
    RenderText {#text} at (0,0) size 285x18
      text run at (0,0) width 285: "This text should paginate across the columns."
    RenderBR {BR} at (285,14) size 0x0
    RenderText {#text} at (0,18) size 285x18
      text run at (0,18) width 285: "This text should paginate across the columns."
    RenderBR {BR} at (285,32) size 0x0
    RenderText {#text} at (0,50) size 285x18
      text run at (0,50) width 285: "This text should paginate across the columns."
    RenderBR {BR} at (285,64) size 0x0
    RenderText {#text} at (0,68) size 285x18
      text run at (0,68) width 285: "This text should paginate across the columns."
    RenderBR {BR} at (285,82) size 0x0
    RenderText {#text} at (0,86) size 285x18
      text run at (0,86) width 285: "This text should paginate across the columns."
    RenderBR {BR} at (285,100) size 0x0
