layer at (0,0) size 4792x585
  RenderView at (0,0) size 800x585
layer at (0,0) size 800x316
  RenderBlock {HTML} at (0,0) size 800x316
    RenderBody {BODY} at (8,8) size 784x300
layer at (8,8) size 784x300
  RenderBlock {DIV} at (0,0) size 784x300
    RenderMultiColumnSet at (0,0) size 784x300
layer at (8,8) size 251x5316 backgroundClip at (0,0) size 4792x585 clip at (0,0) size 4792x585
  RenderMultiColumnFlowThread at (0,0) size 251x5316
    RenderBlock {P} at (0,16) size 251x564
      RenderText {#text} at (0,0) size 250x563
        text run at (0,0) width 242: "Lorem ipsum dolor sit amet, consectetur"
        text run at (0,20) width 229: "adipiscing elit. Donec posuere ligula et"
        text run at (0,40) width 244: "neque ullamcorper consectetur. Duis nec"
        text run at (0,60) width 248: "viverra magna. Nullam tellus diam, auctor"
        text run at (0,80) width 225: "et auctor at, fermentum quis mi. Nulla"
        text run at (0,100) width 239: "rhoncus porttitor ultrices. Nunc gravida,"
        text run at (0,120) width 221: "nisi nec consequat scelerisque, lectus"
        text run at (0,140) width 241: "eros sagittis erat, non ultrices ipsum nibh"
        text run at (0,160) width 216: "in quam. Donec dignissim, lacus sed"
        text run at (0,180) width 217: "cursus commodo, nibh enim sodales"
        text run at (0,200) width 226: "metus, lacinia dictum felis est tincidunt"
        text run at (0,220) width 218: "orci. Morbi pretium volutpat ante, ut"
        text run at (0,240) width 235: "ultricies nulla pharetra sed. Duis ac felis"
        text run at (0,260) width 230: "quis justo ullamcorper semper. Integer"
        text run at (0,284) width 224: "augue lacus, imperdiet eu euismod ut,"
        text run at (0,304) width 250: "vulputate vel purus. Donec bibendum felis"
        text run at (0,324) width 223: "id nisl auctor sit amet imperdiet quam"
        text run at (0,344) width 238: "mollis. Duis aliquam tellus odio, a varius"
        text run at (0,364) width 185: "lectus. Nunc a tortor augue, eu"
        text run at (0,384) width 241: "sollicitudin nibh. Phasellus ultricies, lacus"
        text run at (0,404) width 223: "eget tincidunt mattis, velit erat facilisis"
        text run at (0,424) width 234: "lacus, quis luctus arcu erat ut erat. Duis"
        text run at (0,444) width 250: "feugiat eros eu ligula ultricies non tincidunt"
        text run at (0,464) width 236: "tellus viverra. Donec ut eros augue, nec"
        text run at (0,484) width 209: "elementum elit. Pellentesque massa"
        text run at (0,504) width 206: "lectus, vulputate sed vehicula eget,"
        text run at (0,524) width 246: "volutpat eu augue. Cras fermentum turpis"
        text run at (0,544) width 238: "vitae erat vehicula et lacinia mi molestie."
    RenderBlock {P} at (0,600) size 251x460
      RenderText {#text} at (0,0) size 249x459
        text run at (0,0) width 232: "Curabitur ac porttitor leo. Class aptent"
        text run at (0,20) width 216: "taciti sociosqu ad litora torquent per"
        text run at (0,40) width 241: "conubia nostra, per inceptos himenaeos."
        text run at (0,60) width 249: "Quisque eget mauris id turpis ullamcorper"
        text run at (0,80) width 200: "blandit quis eget turpis. Nullam et"
        text run at (0,100) width 248: "molestie elit. Curabitur urna arcu, luctus a"
        text run at (0,120) width 202: "suscipit et, viverra vel orci. Morbi"
        text run at (0,140) width 206: "scelerisque erat quis massa blandit"
        text run at (0,160) width 246: "molestie. Fusce vitae velit a lacus suscipit"
        text run at (0,180) width 216: "tempus. In vitae nisl orci, vel ultrices"
        text run at (0,200) width 237: "diam. Duis pellentesque, massa sit amet"
        text run at (0,220) width 227: "eleifend sollicitudin, dolor orci semper"
        text run at (0,240) width 242: "urna, eget euismod tortor massa sit amet"
        text run at (0,260) width 235: "ante. Quisque sed varius lectus. Mauris"
        text run at (0,280) width 234: "facilisis blandit mattis. Ut id tortor ante,"
        text run at (0,300) width 242: "ac eleifend dui. Donec sit amet arcu quis"
        text run at (0,320) width 242: "neque aliquam euismod a tincidunt justo."
        text run at (0,340) width 205: "Integer sagittis, neque sed aliquam"
        text run at (0,360) width 227: "bibendum, est ante vulputate lectus, in"
        text run at (0,380) width 242: "elementum felis tellus et nibh. Aliquam id"
        text run at (0,400) width 247: "ultrices nisl. Sed sodales lacinia interdum."
        text run at (0,420) width 217: "Aenean pharetra tellus ante, aliquam"
        text run at (0,440) width 107: "consectetur ligula."
    RenderBlock {P} at (0,1076) size 251x564
      RenderText {#text} at (0,0) size 250x563
        text run at (0,0) width 242: "Lorem ipsum dolor sit amet, consectetur"
        text run at (0,20) width 229: "adipiscing elit. Donec posuere ligula et"
        text run at (0,40) width 244: "neque ullamcorper consectetur. Duis nec"
        text run at (0,60) width 248: "viverra magna. Nullam tellus diam, auctor"
        text run at (0,80) width 225: "et auctor at, fermentum quis mi. Nulla"
        text run at (0,100) width 239: "rhoncus porttitor ultrices. Nunc gravida,"
        text run at (0,124) width 221: "nisi nec consequat scelerisque, lectus"
        text run at (0,144) width 241: "eros sagittis erat, non ultrices ipsum nibh"
        text run at (0,164) width 216: "in quam. Donec dignissim, lacus sed"
        text run at (0,184) width 217: "cursus commodo, nibh enim sodales"
        text run at (0,204) width 226: "metus, lacinia dictum felis est tincidunt"
        text run at (0,224) width 218: "orci. Morbi pretium volutpat ante, ut"
        text run at (0,244) width 235: "ultricies nulla pharetra sed. Duis ac felis"
        text run at (0,264) width 230: "quis justo ullamcorper semper. Integer"
        text run at (0,284) width 224: "augue lacus, imperdiet eu euismod ut,"
        text run at (0,304) width 250: "vulputate vel purus. Donec bibendum felis"
        text run at (0,324) width 223: "id nisl auctor sit amet imperdiet quam"
        text run at (0,344) width 238: "mollis. Duis aliquam tellus odio, a varius"
        text run at (0,364) width 185: "lectus. Nunc a tortor augue, eu"
        text run at (0,384) width 241: "sollicitudin nibh. Phasellus ultricies, lacus"
        text run at (0,404) width 223: "eget tincidunt mattis, velit erat facilisis"
        text run at (0,424) width 234: "lacus, quis luctus arcu erat ut erat. Duis"
        text run at (0,444) width 250: "feugiat eros eu ligula ultricies non tincidunt"
        text run at (0,464) width 236: "tellus viverra. Donec ut eros augue, nec"
        text run at (0,484) width 209: "elementum elit. Pellentesque massa"
        text run at (0,504) width 206: "lectus, vulputate sed vehicula eget,"
        text run at (0,524) width 246: "volutpat eu augue. Cras fermentum turpis"
        text run at (0,544) width 238: "vitae erat vehicula et lacinia mi molestie."
    RenderBlock {P} at (0,1656) size 251x464
      RenderText {#text} at (0,0) size 249x463
        text run at (0,0) width 232: "Curabitur ac porttitor leo. Class aptent"
        text run at (0,20) width 216: "taciti sociosqu ad litora torquent per"
        text run at (0,40) width 241: "conubia nostra, per inceptos himenaeos."
        text run at (0,60) width 249: "Quisque eget mauris id turpis ullamcorper"
        text run at (0,80) width 200: "blandit quis eget turpis. Nullam et"
        text run at (0,100) width 248: "molestie elit. Curabitur urna arcu, luctus a"
        text run at (0,120) width 202: "suscipit et, viverra vel orci. Morbi"
        text run at (0,144) width 206: "scelerisque erat quis massa blandit"
        text run at (0,164) width 246: "molestie. Fusce vitae velit a lacus suscipit"
        text run at (0,184) width 216: "tempus. In vitae nisl orci, vel ultrices"
        text run at (0,204) width 237: "diam. Duis pellentesque, massa sit amet"
        text run at (0,224) width 227: "eleifend sollicitudin, dolor orci semper"
        text run at (0,244) width 242: "urna, eget euismod tortor massa sit amet"
        text run at (0,264) width 235: "ante. Quisque sed varius lectus. Mauris"
        text run at (0,284) width 234: "facilisis blandit mattis. Ut id tortor ante,"
        text run at (0,304) width 242: "ac eleifend dui. Donec sit amet arcu quis"
        text run at (0,324) width 242: "neque aliquam euismod a tincidunt justo."
        text run at (0,344) width 205: "Integer sagittis, neque sed aliquam"
        text run at (0,364) width 227: "bibendum, est ante vulputate lectus, in"
        text run at (0,384) width 242: "elementum felis tellus et nibh. Aliquam id"
        text run at (0,404) width 247: "ultrices nisl. Sed sodales lacinia interdum."
        text run at (0,424) width 217: "Aenean pharetra tellus ante, aliquam"
        text run at (0,444) width 107: "consectetur ligula."
    RenderBlock {P} at (0,2136) size 251x564
      RenderText {#text} at (0,0) size 250x563
        text run at (0,0) width 242: "Lorem ipsum dolor sit amet, consectetur"
        text run at (0,20) width 229: "adipiscing elit. Donec posuere ligula et"
        text run at (0,40) width 244: "neque ullamcorper consectetur. Duis nec"
        text run at (0,60) width 248: "viverra magna. Nullam tellus diam, auctor"
        text run at (0,80) width 225: "et auctor at, fermentum quis mi. Nulla"
        text run at (0,100) width 239: "rhoncus porttitor ultrices. Nunc gravida,"
        text run at (0,120) width 221: "nisi nec consequat scelerisque, lectus"
        text run at (0,140) width 241: "eros sagittis erat, non ultrices ipsum nibh"
        text run at (0,160) width 216: "in quam. Donec dignissim, lacus sed"
        text run at (0,180) width 217: "cursus commodo, nibh enim sodales"
        text run at (0,200) width 226: "metus, lacinia dictum felis est tincidunt"
        text run at (0,220) width 218: "orci. Morbi pretium volutpat ante, ut"
        text run at (0,240) width 235: "ultricies nulla pharetra sed. Duis ac felis"
        text run at (0,264) width 230: "quis justo ullamcorper semper. Integer"
        text run at (0,284) width 224: "augue lacus, imperdiet eu euismod ut,"
        text run at (0,304) width 250: "vulputate vel purus. Donec bibendum felis"
        text run at (0,324) width 223: "id nisl auctor sit amet imperdiet quam"
        text run at (0,344) width 238: "mollis. Duis aliquam tellus odio, a varius"
        text run at (0,364) width 185: "lectus. Nunc a tortor augue, eu"
        text run at (0,384) width 241: "sollicitudin nibh. Phasellus ultricies, lacus"
        text run at (0,404) width 223: "eget tincidunt mattis, velit erat facilisis"
        text run at (0,424) width 234: "lacus, quis luctus arcu erat ut erat. Duis"
        text run at (0,444) width 250: "feugiat eros eu ligula ultricies non tincidunt"
        text run at (0,464) width 236: "tellus viverra. Donec ut eros augue, nec"
        text run at (0,484) width 209: "elementum elit. Pellentesque massa"
        text run at (0,504) width 206: "lectus, vulputate sed vehicula eget,"
        text run at (0,524) width 246: "volutpat eu augue. Cras fermentum turpis"
        text run at (0,544) width 238: "vitae erat vehicula et lacinia mi molestie."
    RenderBlock {P} at (0,2716) size 251x464
      RenderText {#text} at (0,0) size 249x463
        text run at (0,0) width 232: "Curabitur ac porttitor leo. Class aptent"
        text run at (0,20) width 216: "taciti sociosqu ad litora torquent per"
        text run at (0,40) width 241: "conubia nostra, per inceptos himenaeos."
        text run at (0,60) width 249: "Quisque eget mauris id turpis ullamcorper"
        text run at (0,80) width 200: "blandit quis eget turpis. Nullam et"
        text run at (0,100) width 248: "molestie elit. Curabitur urna arcu, luctus a"
        text run at (0,120) width 202: "suscipit et, viverra vel orci. Morbi"
        text run at (0,140) width 206: "scelerisque erat quis massa blandit"
        text run at (0,160) width 246: "molestie. Fusce vitae velit a lacus suscipit"
        text run at (0,180) width 216: "tempus. In vitae nisl orci, vel ultrices"
        text run at (0,200) width 237: "diam. Duis pellentesque, massa sit amet"
        text run at (0,220) width 227: "eleifend sollicitudin, dolor orci semper"
        text run at (0,240) width 242: "urna, eget euismod tortor massa sit amet"
        text run at (0,260) width 235: "ante. Quisque sed varius lectus. Mauris"
        text run at (0,284) width 234: "facilisis blandit mattis. Ut id tortor ante,"
        text run at (0,304) width 242: "ac eleifend dui. Donec sit amet arcu quis"
        text run at (0,324) width 242: "neque aliquam euismod a tincidunt justo."
        text run at (0,344) width 205: "Integer sagittis, neque sed aliquam"
        text run at (0,364) width 227: "bibendum, est ante vulputate lectus, in"
        text run at (0,384) width 242: "elementum felis tellus et nibh. Aliquam id"
        text run at (0,404) width 247: "ultrices nisl. Sed sodales lacinia interdum."
        text run at (0,424) width 217: "Aenean pharetra tellus ante, aliquam"
        text run at (0,444) width 107: "consectetur ligula."
    RenderBlock {P} at (0,3196) size 251x564
      RenderText {#text} at (0,0) size 250x563
        text run at (0,0) width 242: "Lorem ipsum dolor sit amet, consectetur"
        text run at (0,20) width 229: "adipiscing elit. Donec posuere ligula et"
        text run at (0,40) width 244: "neque ullamcorper consectetur. Duis nec"
        text run at (0,60) width 248: "viverra magna. Nullam tellus diam, auctor"
        text run at (0,80) width 225: "et auctor at, fermentum quis mi. Nulla"
        text run at (0,104) width 239: "rhoncus porttitor ultrices. Nunc gravida,"
        text run at (0,124) width 221: "nisi nec consequat scelerisque, lectus"
        text run at (0,144) width 241: "eros sagittis erat, non ultrices ipsum nibh"
        text run at (0,164) width 216: "in quam. Donec dignissim, lacus sed"
        text run at (0,184) width 217: "cursus commodo, nibh enim sodales"
        text run at (0,204) width 226: "metus, lacinia dictum felis est tincidunt"
        text run at (0,224) width 218: "orci. Morbi pretium volutpat ante, ut"
        text run at (0,244) width 235: "ultricies nulla pharetra sed. Duis ac felis"
        text run at (0,264) width 230: "quis justo ullamcorper semper. Integer"
        text run at (0,284) width 224: "augue lacus, imperdiet eu euismod ut,"
        text run at (0,304) width 250: "vulputate vel purus. Donec bibendum felis"
        text run at (0,324) width 223: "id nisl auctor sit amet imperdiet quam"
        text run at (0,344) width 238: "mollis. Duis aliquam tellus odio, a varius"
        text run at (0,364) width 185: "lectus. Nunc a tortor augue, eu"
        text run at (0,384) width 241: "sollicitudin nibh. Phasellus ultricies, lacus"
        text run at (0,404) width 223: "eget tincidunt mattis, velit erat facilisis"
        text run at (0,424) width 234: "lacus, quis luctus arcu erat ut erat. Duis"
        text run at (0,444) width 250: "feugiat eros eu ligula ultricies non tincidunt"
        text run at (0,464) width 236: "tellus viverra. Donec ut eros augue, nec"
        text run at (0,484) width 209: "elementum elit. Pellentesque massa"
        text run at (0,504) width 206: "lectus, vulputate sed vehicula eget,"
        text run at (0,524) width 246: "volutpat eu augue. Cras fermentum turpis"
        text run at (0,544) width 238: "vitae erat vehicula et lacinia mi molestie."
    RenderBlock {P} at (0,3776) size 251x464
      RenderText {#text} at (0,0) size 249x463
        text run at (0,0) width 232: "Curabitur ac porttitor leo. Class aptent"
        text run at (0,20) width 216: "taciti sociosqu ad litora torquent per"
        text run at (0,40) width 241: "conubia nostra, per inceptos himenaeos."
        text run at (0,60) width 249: "Quisque eget mauris id turpis ullamcorper"
        text run at (0,80) width 200: "blandit quis eget turpis. Nullam et"
        text run at (0,100) width 248: "molestie elit. Curabitur urna arcu, luctus a"
        text run at (0,124) width 202: "suscipit et, viverra vel orci. Morbi"
        text run at (0,144) width 206: "scelerisque erat quis massa blandit"
        text run at (0,164) width 246: "molestie. Fusce vitae velit a lacus suscipit"
        text run at (0,184) width 216: "tempus. In vitae nisl orci, vel ultrices"
        text run at (0,204) width 237: "diam. Duis pellentesque, massa sit amet"
        text run at (0,224) width 227: "eleifend sollicitudin, dolor orci semper"
        text run at (0,244) width 242: "urna, eget euismod tortor massa sit amet"
        text run at (0,264) width 235: "ante. Quisque sed varius lectus. Mauris"
        text run at (0,284) width 234: "facilisis blandit mattis. Ut id tortor ante,"
        text run at (0,304) width 242: "ac eleifend dui. Donec sit amet arcu quis"
        text run at (0,324) width 242: "neque aliquam euismod a tincidunt justo."
        text run at (0,344) width 205: "Integer sagittis, neque sed aliquam"
        text run at (0,364) width 227: "bibendum, est ante vulputate lectus, in"
        text run at (0,384) width 242: "elementum felis tellus et nibh. Aliquam id"
        text run at (0,404) width 247: "ultrices nisl. Sed sodales lacinia interdum."
        text run at (0,424) width 217: "Aenean pharetra tellus ante, aliquam"
        text run at (0,444) width 107: "consectetur ligula."
    RenderBlock {P} at (0,4256) size 251x564
      RenderText {#text} at (0,0) size 250x563
        text run at (0,0) width 242: "Lorem ipsum dolor sit amet, consectetur"
        text run at (0,20) width 229: "adipiscing elit. Donec posuere ligula et"
        text run at (0,40) width 244: "neque ullamcorper consectetur. Duis nec"
        text run at (0,60) width 248: "viverra magna. Nullam tellus diam, auctor"
        text run at (0,80) width 225: "et auctor at, fermentum quis mi. Nulla"
        text run at (0,100) width 239: "rhoncus porttitor ultrices. Nunc gravida,"
        text run at (0,120) width 221: "nisi nec consequat scelerisque, lectus"
        text run at (0,140) width 241: "eros sagittis erat, non ultrices ipsum nibh"
        text run at (0,160) width 216: "in quam. Donec dignissim, lacus sed"
        text run at (0,180) width 217: "cursus commodo, nibh enim sodales"
        text run at (0,200) width 226: "metus, lacinia dictum felis est tincidunt"
        text run at (0,220) width 218: "orci. Morbi pretium volutpat ante, ut"
        text run at (0,244) width 235: "ultricies nulla pharetra sed. Duis ac felis"
        text run at (0,264) width 230: "quis justo ullamcorper semper. Integer"
        text run at (0,284) width 224: "augue lacus, imperdiet eu euismod ut,"
        text run at (0,304) width 250: "vulputate vel purus. Donec bibendum felis"
        text run at (0,324) width 223: "id nisl auctor sit amet imperdiet quam"
        text run at (0,344) width 238: "mollis. Duis aliquam tellus odio, a varius"
        text run at (0,364) width 185: "lectus. Nunc a tortor augue, eu"
        text run at (0,384) width 241: "sollicitudin nibh. Phasellus ultricies, lacus"
        text run at (0,404) width 223: "eget tincidunt mattis, velit erat facilisis"
        text run at (0,424) width 234: "lacus, quis luctus arcu erat ut erat. Duis"
        text run at (0,444) width 250: "feugiat eros eu ligula ultricies non tincidunt"
        text run at (0,464) width 236: "tellus viverra. Donec ut eros augue, nec"
        text run at (0,484) width 209: "elementum elit. Pellentesque massa"
        text run at (0,504) width 206: "lectus, vulputate sed vehicula eget,"
        text run at (0,524) width 246: "volutpat eu augue. Cras fermentum turpis"
        text run at (0,544) width 238: "vitae erat vehicula et lacinia mi molestie."
    RenderBlock {P} at (0,4836) size 251x464
      RenderText {#text} at (0,0) size 249x463
        text run at (0,0) width 232: "Curabitur ac porttitor leo. Class aptent"
        text run at (0,20) width 216: "taciti sociosqu ad litora torquent per"
        text run at (0,40) width 241: "conubia nostra, per inceptos himenaeos."
        text run at (0,60) width 249: "Quisque eget mauris id turpis ullamcorper"
        text run at (0,80) width 200: "blandit quis eget turpis. Nullam et"
        text run at (0,100) width 248: "molestie elit. Curabitur urna arcu, luctus a"
        text run at (0,120) width 202: "suscipit et, viverra vel orci. Morbi"
        text run at (0,140) width 206: "scelerisque erat quis massa blandit"
        text run at (0,160) width 246: "molestie. Fusce vitae velit a lacus suscipit"
        text run at (0,180) width 216: "tempus. In vitae nisl orci, vel ultrices"
        text run at (0,200) width 237: "diam. Duis pellentesque, massa sit amet"
        text run at (0,220) width 227: "eleifend sollicitudin, dolor orci semper"
        text run at (0,240) width 242: "urna, eget euismod tortor massa sit amet"
        text run at (0,264) width 235: "ante. Quisque sed varius lectus. Mauris"
        text run at (0,284) width 234: "facilisis blandit mattis. Ut id tortor ante,"
        text run at (0,304) width 242: "ac eleifend dui. Donec sit amet arcu quis"
        text run at (0,324) width 242: "neque aliquam euismod a tincidunt justo."
        text run at (0,344) width 205: "Integer sagittis, neque sed aliquam"
        text run at (0,364) width 227: "bibendum, est ante vulputate lectus, in"
        text run at (0,384) width 242: "elementum felis tellus et nibh. Aliquam id"
        text run at (0,404) width 247: "ultrices nisl. Sed sodales lacinia interdum."
        text run at (0,424) width 217: "Aenean pharetra tellus ante, aliquam"
        text run at (0,444) width 107: "consectetur ligula."
scrolled to 100,0
