layer at (0,0) size 1562x1010
  RenderView at (0,0) size 785x585
layer at (0,0) size 785x1010
  RenderBlock {HTML} at (0,0) size 785x1010
    RenderBody {BODY} at (8,8) size 769x994
      RenderBlock {HR} at (0,358) size 769x2 [border: (1px inset #000000)]
      RenderBlock {HR} at (0,676) size 769x2 [border: (1px inset #000000)]
layer at (8,8) size 769x350
  RenderBlock {DIV} at (0,0) size 769x350
    RenderMultiColumnSet at (0,0) size 769x350
layer at (8,8) size 377x1179 backgroundClip at (0,0) size 1562x1010 clip at (0,0) size 1562x1010
  RenderMultiColumnFlowThread at (0,0) size 377x1179
    RenderTable {TABLE} at (0,0) size 377x1179 [border: (1px outset #808080)]
      RenderTableSection {TBODY} at (1,1) size 375x1177
        RenderTableRow {TR} at (0,0) size 375x1177
          RenderTableCell {TD} at (0,44) size 141x1133 [border: (1px inset #808080)] [r=0 c=0 rs=1 cs=1]
            RenderText {#text} at (11,11) size 105x36
              text run at (11,11) width 105: "This cell has lots"
              text run at (11,29) width 44: "of text."
            RenderBR {BR} at (55,43) size 0x0
            RenderText {#text} at (11,47) size 105x36
              text run at (11,47) width 105: "This cell has lots"
              text run at (11,65) width 44: "of text."
            RenderBR {BR} at (55,79) size 0x0
            RenderText {#text} at (11,83) size 105x36
              text run at (11,83) width 105: "This cell has lots"
              text run at (11,101) width 44: "of text."
            RenderBR {BR} at (55,115) size 0x0
            RenderText {#text} at (11,119) size 105x36
              text run at (11,119) width 105: "This cell has lots"
              text run at (11,137) width 44: "of text."
            RenderBR {BR} at (55,151) size 0x0
            RenderText {#text} at (11,155) size 105x36
              text run at (11,155) width 105: "This cell has lots"
              text run at (11,173) width 44: "of text."
            RenderBR {BR} at (55,187) size 0x0
            RenderText {#text} at (11,191) size 105x36
              text run at (11,191) width 105: "This cell has lots"
              text run at (11,209) width 44: "of text."
            RenderBR {BR} at (55,223) size 0x0
            RenderText {#text} at (11,227) size 105x36
              text run at (11,227) width 105: "This cell has lots"
              text run at (11,245) width 44: "of text."
            RenderBR {BR} at (55,259) size 0x0
            RenderText {#text} at (11,263) size 105x36
              text run at (11,263) width 105: "This cell has lots"
              text run at (11,281) width 44: "of text."
            RenderBR {BR} at (55,295) size 0x0
            RenderText {#text} at (11,306) size 105x36
              text run at (11,306) width 105: "This cell has lots"
              text run at (11,324) width 44: "of text."
            RenderBR {BR} at (55,338) size 0x0
            RenderText {#text} at (11,342) size 105x36
              text run at (11,342) width 105: "This cell has lots"
              text run at (11,360) width 44: "of text."
            RenderBR {BR} at (55,374) size 0x0
            RenderText {#text} at (11,378) size 105x36
              text run at (11,378) width 105: "This cell has lots"
              text run at (11,396) width 44: "of text."
            RenderBR {BR} at (55,410) size 0x0
            RenderText {#text} at (11,414) size 105x36
              text run at (11,414) width 105: "This cell has lots"
              text run at (11,432) width 44: "of text."
            RenderBR {BR} at (55,446) size 0x0
            RenderText {#text} at (11,450) size 105x36
              text run at (11,450) width 105: "This cell has lots"
              text run at (11,468) width 44: "of text."
            RenderBR {BR} at (55,482) size 0x0
            RenderText {#text} at (11,486) size 105x36
              text run at (11,486) width 105: "This cell has lots"
              text run at (11,504) width 44: "of text."
            RenderBR {BR} at (55,518) size 0x0
            RenderText {#text} at (11,522) size 105x36
              text run at (11,522) width 105: "This cell has lots"
              text run at (11,540) width 44: "of text."
            RenderBR {BR} at (55,554) size 0x0
            RenderText {#text} at (11,558) size 105x36
              text run at (11,558) width 105: "This cell has lots"
              text run at (11,576) width 44: "of text."
            RenderBR {BR} at (55,590) size 0x0
            RenderText {#text} at (11,594) size 105x36
              text run at (11,594) width 105: "This cell has lots"
              text run at (11,612) width 44: "of text."
            RenderBR {BR} at (55,626) size 0x0
            RenderText {#text} at (11,630) size 105x44
              text run at (11,630) width 105: "This cell has lots"
              text run at (11,656) width 44: "of text."
            RenderBR {BR} at (55,670) size 0x0
            RenderText {#text} at (11,674) size 105x36
              text run at (11,674) width 105: "This cell has lots"
              text run at (11,692) width 44: "of text."
            RenderBR {BR} at (55,706) size 0x0
            RenderText {#text} at (11,710) size 105x36
              text run at (11,710) width 105: "This cell has lots"
              text run at (11,728) width 44: "of text."
            RenderBR {BR} at (55,742) size 0x0
            RenderText {#text} at (11,746) size 105x36
              text run at (11,746) width 105: "This cell has lots"
              text run at (11,764) width 44: "of text."
            RenderBR {BR} at (55,778) size 0x0
            RenderText {#text} at (11,782) size 105x36
              text run at (11,782) width 105: "This cell has lots"
              text run at (11,800) width 44: "of text."
            RenderBR {BR} at (55,814) size 0x0
            RenderText {#text} at (11,818) size 105x36
              text run at (11,818) width 105: "This cell has lots"
              text run at (11,836) width 44: "of text."
            RenderBR {BR} at (55,850) size 0x0
            RenderText {#text} at (11,854) size 105x36
              text run at (11,854) width 105: "This cell has lots"
              text run at (11,872) width 44: "of text."
            RenderBR {BR} at (55,886) size 0x0
            RenderText {#text} at (11,890) size 105x36
              text run at (11,890) width 105: "This cell has lots"
              text run at (11,908) width 44: "of text."
            RenderBR {BR} at (55,922) size 0x0
            RenderText {#text} at (11,926) size 105x36
              text run at (11,926) width 105: "This cell has lots"
              text run at (11,944) width 44: "of text."
            RenderBR {BR} at (55,958) size 0x0
            RenderText {#text} at (11,962) size 105x36
              text run at (11,962) width 105: "This cell has lots"
              text run at (11,980) width 44: "of text."
            RenderBR {BR} at (55,994) size 0x0
            RenderText {#text} at (11,1006) size 105x36
              text run at (11,1006) width 105: "This cell has lots"
              text run at (11,1024) width 44: "of text."
            RenderBR {BR} at (55,1038) size 0x0
            RenderText {#text} at (11,1042) size 105x36
              text run at (11,1042) width 105: "This cell has lots"
              text run at (11,1060) width 44: "of text."
            RenderBR {BR} at (55,1074) size 0x0
            RenderText {#text} at (11,1078) size 105x36
              text run at (11,1078) width 105: "This cell has lots"
              text run at (11,1096) width 44: "of text."
            RenderBR {BR} at (55,1110) size 0x0
          RenderTableCell {TD} at (140,0) size 235x170 [border: (1px inset #808080)] [r=0 c=1 rs=1 cs=1]
            RenderInline {SPAN} at (0,0) size 145x148
              RenderText {#text} at (11,11) size 145x148
                text run at (11,11) width 145: "Other"
                text run at (11,85) width 108: "cell."
layer at (8,376) size 769x300
  RenderBlock {DIV} at (0,368) size 769x300
    RenderMultiColumnSet at (0,0) size 769x300
layer at (8,376) size 377x1166 backgroundClip at (0,0) size 1562x1010 clip at (0,0) size 1562x1010
  RenderMultiColumnFlowThread at (0,0) size 377x1166
    RenderTable {TABLE} at (0,0) size 377x1166 [border: (1px outset #808080)]
      RenderTableSection {TBODY} at (1,1) size 375x1164
        RenderTableRow {TR} at (0,0) size 375x1127
          RenderTableCell {TD} at (0,0) size 141x1164 [border: (1px inset #808080)] [r=0 c=0 rs=1 cs=1]
            RenderText {#text} at (11,11) size 105x36
              text run at (11,11) width 105: "This cell has lots"
              text run at (11,29) width 44: "of text."
            RenderBR {BR} at (55,43) size 0x0
            RenderText {#text} at (11,47) size 105x36
              text run at (11,47) width 105: "This cell has lots"
              text run at (11,65) width 44: "of text."
            RenderBR {BR} at (55,79) size 0x0
            RenderText {#text} at (11,83) size 105x36
              text run at (11,83) width 105: "This cell has lots"
              text run at (11,101) width 44: "of text."
            RenderBR {BR} at (55,115) size 0x0
            RenderText {#text} at (11,119) size 105x36
              text run at (11,119) width 105: "This cell has lots"
              text run at (11,137) width 44: "of text."
            RenderBR {BR} at (55,151) size 0x0
            RenderText {#text} at (11,155) size 105x36
              text run at (11,155) width 105: "This cell has lots"
              text run at (11,173) width 44: "of text."
            RenderBR {BR} at (55,187) size 0x0
            RenderText {#text} at (11,191) size 105x36
              text run at (11,191) width 105: "This cell has lots"
              text run at (11,209) width 44: "of text."
            RenderBR {BR} at (55,223) size 0x0
            RenderText {#text} at (11,227) size 105x36
              text run at (11,227) width 105: "This cell has lots"
              text run at (11,245) width 44: "of text."
            RenderBR {BR} at (55,259) size 0x0
            RenderText {#text} at (11,263) size 105x36
              text run at (11,263) width 105: "This cell has lots"
              text run at (11,281) width 44: "of text."
            RenderBR {BR} at (55,295) size 0x0
            RenderText {#text} at (11,300) size 105x36
              text run at (11,300) width 105: "This cell has lots"
              text run at (11,318) width 44: "of text."
            RenderBR {BR} at (55,332) size 0x0
            RenderText {#text} at (11,336) size 105x36
              text run at (11,336) width 105: "This cell has lots"
              text run at (11,354) width 44: "of text."
            RenderBR {BR} at (55,368) size 0x0
            RenderText {#text} at (11,372) size 105x36
              text run at (11,372) width 105: "This cell has lots"
              text run at (11,390) width 44: "of text."
            RenderBR {BR} at (55,404) size 0x0
            RenderText {#text} at (11,408) size 105x36
              text run at (11,408) width 105: "This cell has lots"
              text run at (11,426) width 44: "of text."
            RenderBR {BR} at (55,440) size 0x0
            RenderText {#text} at (11,444) size 105x36
              text run at (11,444) width 105: "This cell has lots"
              text run at (11,462) width 44: "of text."
            RenderBR {BR} at (55,476) size 0x0
            RenderText {#text} at (11,480) size 105x36
              text run at (11,480) width 105: "This cell has lots"
              text run at (11,498) width 44: "of text."
            RenderBR {BR} at (55,512) size 0x0
            RenderText {#text} at (11,516) size 105x36
              text run at (11,516) width 105: "This cell has lots"
              text run at (11,534) width 44: "of text."
            RenderBR {BR} at (55,548) size 0x0
            RenderText {#text} at (11,552) size 105x36
              text run at (11,552) width 105: "This cell has lots"
              text run at (11,570) width 44: "of text."
            RenderBR {BR} at (55,584) size 0x0
            RenderText {#text} at (11,600) size 105x36
              text run at (11,600) width 105: "This cell has lots"
              text run at (11,618) width 44: "of text."
            RenderBR {BR} at (55,632) size 0x0
            RenderText {#text} at (11,636) size 105x36
              text run at (11,636) width 105: "This cell has lots"
              text run at (11,654) width 44: "of text."
            RenderBR {BR} at (55,668) size 0x0
            RenderText {#text} at (11,672) size 105x36
              text run at (11,672) width 105: "This cell has lots"
              text run at (11,690) width 44: "of text."
            RenderBR {BR} at (55,704) size 0x0
            RenderText {#text} at (11,708) size 105x36
              text run at (11,708) width 105: "This cell has lots"
              text run at (11,726) width 44: "of text."
            RenderBR {BR} at (55,740) size 0x0
            RenderText {#text} at (11,744) size 105x36
              text run at (11,744) width 105: "This cell has lots"
              text run at (11,762) width 44: "of text."
            RenderBR {BR} at (55,776) size 0x0
            RenderText {#text} at (11,780) size 105x36
              text run at (11,780) width 105: "This cell has lots"
              text run at (11,798) width 44: "of text."
            RenderBR {BR} at (55,812) size 0x0
            RenderText {#text} at (11,816) size 105x36
              text run at (11,816) width 105: "This cell has lots"
              text run at (11,834) width 44: "of text."
            RenderBR {BR} at (55,848) size 0x0
            RenderText {#text} at (11,852) size 105x36
              text run at (11,852) width 105: "This cell has lots"
              text run at (11,870) width 44: "of text."
            RenderBR {BR} at (55,884) size 0x0
            RenderText {#text} at (11,900) size 105x36
              text run at (11,900) width 105: "This cell has lots"
              text run at (11,918) width 44: "of text."
            RenderBR {BR} at (55,932) size 0x0
            RenderText {#text} at (11,936) size 105x36
              text run at (11,936) width 105: "This cell has lots"
              text run at (11,954) width 44: "of text."
            RenderBR {BR} at (55,968) size 0x0
            RenderText {#text} at (11,972) size 105x36
              text run at (11,972) width 105: "This cell has lots"
              text run at (11,990) width 44: "of text."
            RenderBR {BR} at (55,1004) size 0x0
            RenderText {#text} at (11,1008) size 105x36
              text run at (11,1008) width 105: "This cell has lots"
              text run at (11,1026) width 44: "of text."
            RenderBR {BR} at (55,1040) size 0x0
            RenderText {#text} at (11,1044) size 105x36
              text run at (11,1044) width 105: "This cell has lots"
              text run at (11,1062) width 44: "of text."
            RenderBR {BR} at (55,1076) size 0x0
            RenderText {#text} at (11,1080) size 105x36
              text run at (11,1080) width 105: "This cell has lots"
              text run at (11,1098) width 44: "of text."
            RenderBR {BR} at (55,1112) size 0x0
          RenderTableCell {TD} at (140,478) size 235x207 [border: (1px inset #808080)] [r=0 c=1 rs=1 cs=1]
            RenderInline {SPAN} at (0,0) size 145x184
              RenderText {#text} at (11,10) size 145x186
                text run at (11,11) width 145: "Other"
                text run at (11,122) width 108: "cell."
layer at (8,702) size 769x300
  RenderBlock {DIV} at (0,694) size 769x300
    RenderMultiColumnSet at (0,0) size 769x300
layer at (8,702) size 377x1129 backgroundClip at (0,0) size 1562x1010 clip at (0,0) size 1562x1010
  RenderMultiColumnFlowThread at (0,0) size 377x1129
    RenderTable {TABLE} at (0,0) size 377x1129 [border: (1px outset #808080)]
      RenderTableSection {TBODY} at (1,1) size 375x1127
        RenderTableRow {TR} at (0,0) size 375x1127
          RenderTableCell {TD} at (0,0) size 141x1127 [border: (1px inset #808080)] [r=0 c=0 rs=1 cs=1]
            RenderText {#text} at (11,11) size 105x36
              text run at (11,11) width 105: "This cell has lots"
              text run at (11,29) width 44: "of text."
            RenderBR {BR} at (55,43) size 0x0
            RenderText {#text} at (11,47) size 105x36
              text run at (11,47) width 105: "This cell has lots"
              text run at (11,65) width 44: "of text."
            RenderBR {BR} at (55,79) size 0x0
            RenderText {#text} at (11,83) size 105x36
              text run at (11,83) width 105: "This cell has lots"
              text run at (11,101) width 44: "of text."
            RenderBR {BR} at (55,115) size 0x0
            RenderText {#text} at (11,119) size 105x36
              text run at (11,119) width 105: "This cell has lots"
              text run at (11,137) width 44: "of text."
            RenderBR {BR} at (55,151) size 0x0
            RenderText {#text} at (11,155) size 105x36
              text run at (11,155) width 105: "This cell has lots"
              text run at (11,173) width 44: "of text."
            RenderBR {BR} at (55,187) size 0x0
            RenderText {#text} at (11,191) size 105x36
              text run at (11,191) width 105: "This cell has lots"
              text run at (11,209) width 44: "of text."
            RenderBR {BR} at (55,223) size 0x0
            RenderText {#text} at (11,227) size 105x36
              text run at (11,227) width 105: "This cell has lots"
              text run at (11,245) width 44: "of text."
            RenderBR {BR} at (55,259) size 0x0
            RenderText {#text} at (11,263) size 105x36
              text run at (11,263) width 105: "This cell has lots"
              text run at (11,281) width 44: "of text."
            RenderBR {BR} at (55,295) size 0x0
            RenderText {#text} at (11,300) size 105x36
              text run at (11,300) width 105: "This cell has lots"
              text run at (11,318) width 44: "of text."
            RenderBR {BR} at (55,332) size 0x0
            RenderText {#text} at (11,336) size 105x36
              text run at (11,336) width 105: "This cell has lots"
              text run at (11,354) width 44: "of text."
            RenderBR {BR} at (55,368) size 0x0
            RenderText {#text} at (11,372) size 105x36
              text run at (11,372) width 105: "This cell has lots"
              text run at (11,390) width 44: "of text."
            RenderBR {BR} at (55,404) size 0x0
            RenderText {#text} at (11,408) size 105x36
              text run at (11,408) width 105: "This cell has lots"
              text run at (11,426) width 44: "of text."
            RenderBR {BR} at (55,440) size 0x0
            RenderText {#text} at (11,444) size 105x36
              text run at (11,444) width 105: "This cell has lots"
              text run at (11,462) width 44: "of text."
            RenderBR {BR} at (55,476) size 0x0
            RenderText {#text} at (11,480) size 105x36
              text run at (11,480) width 105: "This cell has lots"
              text run at (11,498) width 44: "of text."
            RenderBR {BR} at (55,512) size 0x0
            RenderText {#text} at (11,516) size 105x36
              text run at (11,516) width 105: "This cell has lots"
              text run at (11,534) width 44: "of text."
            RenderBR {BR} at (55,548) size 0x0
            RenderText {#text} at (11,552) size 105x36
              text run at (11,552) width 105: "This cell has lots"
              text run at (11,570) width 44: "of text."
            RenderBR {BR} at (55,584) size 0x0
            RenderText {#text} at (11,600) size 105x36
              text run at (11,600) width 105: "This cell has lots"
              text run at (11,618) width 44: "of text."
            RenderBR {BR} at (55,632) size 0x0
            RenderText {#text} at (11,636) size 105x36
              text run at (11,636) width 105: "This cell has lots"
              text run at (11,654) width 44: "of text."
            RenderBR {BR} at (55,668) size 0x0
            RenderText {#text} at (11,672) size 105x36
              text run at (11,672) width 105: "This cell has lots"
              text run at (11,690) width 44: "of text."
            RenderBR {BR} at (55,704) size 0x0
            RenderText {#text} at (11,708) size 105x36
              text run at (11,708) width 105: "This cell has lots"
              text run at (11,726) width 44: "of text."
            RenderBR {BR} at (55,740) size 0x0
            RenderText {#text} at (11,744) size 105x36
              text run at (11,744) width 105: "This cell has lots"
              text run at (11,762) width 44: "of text."
            RenderBR {BR} at (55,776) size 0x0
            RenderText {#text} at (11,780) size 105x36
              text run at (11,780) width 105: "This cell has lots"
              text run at (11,798) width 44: "of text."
            RenderBR {BR} at (55,812) size 0x0
            RenderText {#text} at (11,816) size 105x36
              text run at (11,816) width 105: "This cell has lots"
              text run at (11,834) width 44: "of text."
            RenderBR {BR} at (55,848) size 0x0
            RenderText {#text} at (11,852) size 105x36
              text run at (11,852) width 105: "This cell has lots"
              text run at (11,870) width 44: "of text."
            RenderBR {BR} at (55,884) size 0x0
            RenderText {#text} at (11,900) size 105x36
              text run at (11,900) width 105: "This cell has lots"
              text run at (11,918) width 44: "of text."
            RenderBR {BR} at (55,932) size 0x0
            RenderText {#text} at (11,936) size 105x36
              text run at (11,936) width 105: "This cell has lots"
              text run at (11,954) width 44: "of text."
            RenderBR {BR} at (55,968) size 0x0
            RenderText {#text} at (11,972) size 105x36
              text run at (11,972) width 105: "This cell has lots"
              text run at (11,990) width 44: "of text."
            RenderBR {BR} at (55,1004) size 0x0
            RenderText {#text} at (11,1008) size 105x36
              text run at (11,1008) width 105: "This cell has lots"
              text run at (11,1026) width 44: "of text."
            RenderBR {BR} at (55,1040) size 0x0
            RenderText {#text} at (11,1044) size 105x36
              text run at (11,1044) width 105: "This cell has lots"
              text run at (11,1062) width 44: "of text."
            RenderBR {BR} at (55,1076) size 0x0
            RenderText {#text} at (11,1080) size 105x36
              text run at (11,1080) width 105: "This cell has lots"
              text run at (11,1098) width 44: "of text."
            RenderBR {BR} at (55,1112) size 0x0
          RenderTableCell {TD} at (140,957) size 235x170 [border: (1px inset #808080)] [r=0 c=1 rs=1 cs=1]
            RenderInline {SPAN} at (0,0) size 145x148
              RenderText {#text} at (11,11) size 145x148
                text run at (11,11) width 145: "Other"
                text run at (11,85) width 108: "cell."
