layer at (0,0) size 800x600
  RenderView at (0,0) size 800x600
layer at (0,0) size 800x600
  RenderBlock {HTML} at (0,0) size 800x600
    RenderBody {BODY} at (8,8) size 784x584
      RenderBlock {P} at (0,0) size 784x36
        RenderText {#text} at (0,0) size 104x17
          text run at (0,0) width 104: "This is a test for "
        RenderInline {I} at (0,0) size 772x35
          RenderInline {A} at (0,0) size 307x17 [color=#0000EE]
            RenderText {#text} at (104,0) size 307x17
              text run at (104,0) width 307: "https://bugs.webkit.org/show_bug.cgi?id=18809"
          RenderText {#text} at (410,0) size 772x35
            text run at (410,0) width 5: " "
            text run at (414,0) width 358: "Forms with block level generated content and absolutely"
            text run at (0,18) width 335: "positioned labels break inline layout (fixed on reflow)"
        RenderText {#text} at (334,18) size 5x17
          text run at (334,18) width 5: "."
      RenderBlock {DIV} at (0,52) size 784x36
        RenderBlock (anonymous) at (0,0) size 784x18
          RenderText {#text} at (0,0) size 97x17
            text run at (0,0) width 97: "This should be "
          RenderText {#text} at (97,0) size 79x17
            text run at (97,0) width 79: "a single line."
        RenderBlock (generated) at (0,18) size 784x18
          RenderText at (0,0) size 195x17
            text run at (0,0) width 195: "This should be the second line."
      RenderBlock {DIV} at (0,88) size 784x18
        RenderBlock {DIV} at (0,0) size 784x0
        RenderBlock (anonymous) at (0,0) size 784x18
          RenderText {#text} at (0,0) size 97x17
            text run at (0,0) width 97: "This should be "
          RenderText {#text} at (97,0) size 79x17
            text run at (97,0) width 79: "a single line."
      RenderBlock {DIV} at (0,106) size 784x18
        RenderBlock {DIV} at (0,0) size 784x0
        RenderBlock (anonymous) at (0,0) size 784x18
          RenderText {#text} at (97,0) size 79x17
            text run at (97,0) width 79: "a single line."
          RenderBlock (floating) {SPAN} at (0,0) size 97x18
            RenderText {#text} at (0,0) size 97x17
              text run at (0,0) width 97: "This should be "
