layer at (0,0) size 800x600
  RenderView at (0,0) size 800x600
layer at (0,0) size 800x600
  RenderBlock {HTML} at (0,0) size 800x600
    RenderBody {BODY} at (8,8) size 784x584
      RenderBlock {DIV} at (0,0) size 784x70
        RenderBlock {P} at (0,0) size 784x36
          RenderText {#text} at (0,0) size 52x17
            text run at (0,0) width 52: "Test for "
          RenderInline {A} at (0,0) size 129x17 [color=#0000EE]
            RenderText {#text} at (51,0) size 129x17
              text run at (51,0) width 129: "Bugzilla Bug 12423"
          RenderText {#text} at (179,0) size 754x35
            text run at (179,0) width 575: ": Mixing white-space:pre text with non white-space:pre text within a text-align:justify block"
            text run at (0,18) width 139: "causes text to overlap."
        RenderBlock {P} at (0,52) size 784x18
          RenderText {#text} at (0,0) size 347x17
            text run at (0,0) width 347: "Test passes if text wraps within all of the yellow boxes."
      RenderBlock {DIV} at (0,86) size 350x36 [bgcolor=#FFFF00]
        RenderText {#text} at (0,0) size 323x17
          text run at (0,0) width 323: "Typical for type are type=\"text/css\" for <style> and"
        RenderInline {SPAN} at (0,0) size 137x17
          RenderText {#text} at (0,18) size 137x17
            text run at (0,18) width 137: "type=\"text/javascript\""
        RenderText {#text} at (137,18) size 82x17
          text run at (137,18) width 82: " for <script>."
      RenderBlock {DIV} at (0,122) size 350x36 [bgcolor=#FFFF00]
        RenderText {#text} at (0,0) size 296x35
          text run at (0,0) width 296: "Typical for type are type=\"text/css\" for <style>"
          text run at (0,18) width 23: "and"
        RenderInline {SPAN} at (0,0) size 137x17
          RenderText {#text} at (23,18) size 137x17
            text run at (23,18) width 137: "type=\"text/javascript\""
        RenderText {#text} at (160,18) size 82x17
          text run at (160,18) width 82: " for <script>."
      RenderBlock {DIV} at (0,158) size 350x36 [bgcolor=#FFFF00]
        RenderText {#text} at (0,0) size 296x17
          text run at (0,0) width 296: "Typical for type are type=\"text/css\" for <style>"
        RenderInline {SPAN} at (0,0) size 23x17
          RenderText {#text} at (0,18) size 23x17
            text run at (0,18) width 23: "and"
        RenderInline {SPAN} at (0,0) size 137x17
          RenderText {#text} at (23,18) size 137x17
            text run at (23,18) width 137: "type=\"text/javascript\""
        RenderText {#text} at (160,18) size 82x17
          text run at (160,18) width 82: " for <script>."
      RenderBlock {DIV} at (0,194) size 350x36 [bgcolor=#FFFF00]
        RenderText {#text} at (0,0) size 245x35
          text run at (0,0) width 245: "Typical for type are type=\"text/css\" for"
          text run at (0,18) width 47: "<style>"
        RenderInline {SPAN} at (0,0) size 23x17
          RenderText {#text} at (47,18) size 23x17
            text run at (47,18) width 23: "and"
        RenderInline {SPAN} at (0,0) size 137x17
          RenderText {#text} at (70,18) size 137x17
            text run at (70,18) width 137: "type=\"text/javascript\""
        RenderText {#text} at (207,18) size 82x17
          text run at (207,18) width 82: " for <script>."
      RenderBlock {DIV} at (0,230) size 350x36 [bgcolor=#FFFF00]
        RenderText {#text} at (0,0) size 245x17
          text run at (0,0) width 245: "Typical for type are type=\"text/css\" for"
        RenderInline {SPAN} at (0,0) size 47x17
          RenderText {#text} at (0,18) size 47x17
            text run at (0,18) width 47: "<style>"
        RenderInline {SPAN} at (0,0) size 23x17
          RenderText {#text} at (47,18) size 23x17
            text run at (47,18) width 23: "and"
        RenderInline {SPAN} at (0,0) size 137x17
          RenderText {#text} at (70,18) size 137x17
            text run at (70,18) width 137: "type=\"text/javascript\""
        RenderText {#text} at (207,18) size 82x17
          text run at (207,18) width 82: " for <script>."
