layer at (0,0) size 800x600
  RenderView at (0,0) size 800x600
layer at (0,0) size 800x600
  RenderBlock {HTML} at (0,0) size 800x600
    RenderBody {BODY} at (8,8) size 784x584
      RenderBlock {P} at (0,0) size 784x36
        RenderText {#text} at (0,0) size 762x36
          text run at (0,0) width 730: "This tests for a bug where left justifying a paragraph amongst several that are centered would left justify all of them. "
          text run at (730,0) width 32: "Only"
          text run at (0,18) width 281: "the second paragraph should be left justified."
      RenderBlock {DIV} at (0,52) size 784x54
        RenderBlock (anonymous) at (0,0) size 784x18
          RenderText {#text} at (381,0) size 22x18
            text run at (381,0) width 22: "foo"
          RenderBR {BR} at (402,14) size 1x0
        RenderBlock {DIV} at (0,18) size 784x18
          RenderText {#text} at (0,0) size 20x18
            text run at (0,0) width 20: "bar"
        RenderBlock {DIV} at (0,36) size 784x18
          RenderText {#text} at (381,0) size 22x18
            text run at (381,0) width 22: "baz"
selection start: position 0 of child 0 {#text} of child 2 {DIV} of child 2 {DIV} of body
selection end:   position 3 of child 0 {#text} of child 2 {DIV} of child 2 {DIV} of body
