layer at (0,0) size 800x600
  RenderView at (0,0) size 800x600
layer at (0,0) size 800x600
  RenderBlock {HTML} at (0,0) size 800x600
    RenderBody {BODY} at (8,8) size 784x584
      RenderBlock {P} at (0,0) size 784x18
        RenderText {#text} at (0,0) size 781x18
          text run at (0,0) width 476: "This tests for a bug where centering two paragraphs would center the third. "
          text run at (476,0) width 305: "Only the selected paragraphs should be selected."
      RenderBlock {DIV} at (0,34) size 784x54
        RenderBlock {DIV} at (0,0) size 784x18
          RenderText {#text} at (381,0) size 22x18
            text run at (381,0) width 22: "foo"
        RenderBlock {DIV} at (0,18) size 784x36
          RenderBlock {DIV} at (0,0) size 784x18
            RenderText {#text} at (382,0) size 20x18
              text run at (382,0) width 20: "bar"
          RenderBlock (anonymous) at (0,18) size 784x18
            RenderText {#text} at (0,0) size 22x18
              text run at (0,0) width 22: "baz"
selection start: position 0 of child 0 {#text} of child 0 {DIV} of child 2 {DIV} of body
selection end:   position 3 of child 0 {#text} of child 0 {DIV} of child 1 {DIV} of child 2 {DIV} of body
