layer at (0,0) size 800x600
  RenderView at (0,0) size 800x600
layer at (0,0) size 800x600
  RenderBlock {HTML} at (0,0) size 800x600
    RenderBody {BODY} at (8,8) size 784x584
      RenderBlock {P} at (0,0) size 784x36
        RenderText {#text} at (0,0) size 771x36
          text run at (0,0) width 771: "This tests for a bug where deleting everything in a paragraph of colored text would prevent the user from changing the text"
          text run at (0,18) width 36: "color."
      RenderBlock {DIV} at (0,52) size 784x18
        RenderInline {SPAN} at (0,0) size 303x18
          RenderInline {FONT} at (0,0) size 148x18 [color=#FF0000]
            RenderText {#text} at (0,0) size 148x18
              text run at (0,0) width 148: "This text should be red."
          RenderInline {FONT} at (0,0) size 155x18 [color=#0000FF]
            RenderText {#text} at (148,0) size 155x18
              text run at (148,0) width 155: "This text should be blue."
caret: position 25 of child 0 {#text} of child 1 {FONT} of child 0 {SPAN} of child 2 {DIV} of body
