EDITING DELEGATE: shouldBeginEditingInDOMRange:range from 0 of BODY > HTML > #document to 6 of BODY > HTML > #document
EDITING DELEGATE: webViewDidBeginEditing:WebViewDidBeginEditingNotification
EDITING DELEGATE: webViewDidChangeSelection:WebViewDidChangeSelectionNotification
EDITING DELEGATE: webViewDidChangeSelection:WebViewDidChangeSelectionNotification
EDITING DELEGATE: webViewDidChangeSelection:WebViewDidChangeSelectionNotification
EDITING DELEGATE: webViewDidChangeSelection:WebViewDidChangeSelectionNotification
EDITING DELEGATE: webViewDidChangeSelection:WebViewDidChangeSelectionNotification
EDITING DELEGATE: webViewDidChangeSelection:WebViewDidChangeSelectionNotification
EDITING DELEGATE: shouldChangeSelectedDOMRange:range from 1 of DIV > DIV > DIV > BODY > HTML > #document to 2 of DIV > DIV > DIV > BODY > HTML > #document toDOMRange:range from 0 of #text > DIV > DIV > DIV > DIV > BODY > HTML > #document to 1 of #text > DIV > DIV > DIV > DIV > BODY > HTML > #document affinity:NSSelectionAffinityDownstream stillSelecting:FALSE
EDITING DELEGATE: webViewDidChangeSelection:WebViewDidChangeSelectionNotification
EDITING DELEGATE: webViewDidChange:WebViewDidChangeNotification
layer at (0,0) size 800x600
  RenderView at (0,0) size 800x600
layer at (0,0) size 800x600
  RenderBlock {HTML} at (0,0) size 800x600
    RenderBody {BODY} at (8,8) size 784x584
      RenderBlock {DIV} at (0,0) size 784x84 [border: (2px solid #0000FF)]
        RenderText {#text} at (14,14) size 718x56
          text run at (14,14) width 712: "Should see the \"bar\" and \"baz\" lines centered in their own red boxes. The"
          text run at (726,14) width 6: " "
          text run at (14,42) width 326: "\"foo\" line should not be centered."
      RenderBlock {DIV} at (0,108) size 784x140
        RenderBlock {DIV} at (0,0) size 784x140 [border: (2px solid #FF0000)]
          RenderBlock (anonymous) at (14,14) size 756x28
            RenderText {#text} at (0,0) size 32x28
              text run at (0,0) width 32: "foo"
          RenderBlock {DIV} at (14,42) size 756x84 [border: (2px solid #FF0000)]
            RenderBlock {DIV} at (14,14) size 728x28
              RenderText {#text} at (348,0) size 38x28
                text run at (348,0) width 32: "bar"
                text run at (379,0) width 7: " "
            RenderBlock {DIV} at (14,42) size 728x28
              RenderText {#text} at (347,0) size 34x28
                text run at (347,0) width 34: "baz"
selection start: position 0 of child 0 {#text} of child 0 {DIV} of child 1 {DIV} of child 1 {DIV} of child 3 {DIV} of body
selection end:   position 1 of child 0 {#text} of child 1 {DIV} of child 1 {DIV} of child 1 {DIV} of child 3 {DIV} of body
