EDITING DELEGATE: shouldBeginEditingInDOMRange:range from 0 of BODY > HTML > #document to 5 of BODY > HTML > #document
EDITING DELEGATE: webViewDidBeginEditing:WebViewDidBeginEditingNotification
EDITING DELEGATE: webViewDidChangeSelection:WebViewDidChangeSelectionNotification
EDITING DELEGATE: shouldChangeSelectedDOMRange:range from 25 of #text > B > DIV > BODY > HTML > #document to 25 of #text > B > DIV > BODY > HTML > #document toDOMRange:range from 0 of #text > B > DIV > BODY > HTML > #document to 25 of #text > B > DIV > BODY > HTML > #document affinity:NSSelectionAffinityDownstream stillSelecting:FALSE
EDITING DELEGATE: webViewDidChangeSelection:WebViewDidChangeSelectionNotification
EDITING DELEGATE: webViewDidChange:WebViewDidChangeNotification
layer at (0,0) size 800x600
  RenderView at (0,0) size 800x600
layer at (0,0) size 800x600
  RenderBlock {HTML} at (0,0) size 800x600
    RenderBody {BODY} at (8,8) size 784x584
      RenderBlock {P} at (0,0) size 784x18
        RenderText {#text} at (0,0) size 737x18
          text run at (0,0) width 737: "This tests to make sure that rich editing commands like Bold can be performed on text in a document in design mode."
      RenderBlock {DIV} at (0,34) size 784x18
        RenderInline {B} at (0,0) size 166x18
          RenderText {#text} at (0,0) size 166x18
            text run at (0,0) width 166: "This text should be bold."
selection start: position 0 of child 0 {#text} of child 0 {B} of child 2 {DIV} of body
selection end:   position 25 of child 0 {#text} of child 0 {B} of child 2 {DIV} of body
