EDITING DELEGATE: shouldBeginEditingInDOMRange:range from 0 of BODY > HTML > #document to 8 of BODY > HTML > #document
EDITING DELEGATE: webViewDidBeginEditing:WebViewDidBeginEditingNotification
EDITING DELEGATE: webViewDidChangeSelection:WebViewDidChangeSelectionNotification
EDITING DELEGATE: webViewDidChangeSelection:WebViewDidChangeSelectionNotification
EDITING DELEGATE: webViewDidChangeSelection:WebViewDidChangeSelectionNotification
EDITING DELEGATE: webViewDidChangeSelection:WebViewDidChangeSelectionNotification
EDITING DELEGATE: webViewDidChangeSelection:WebViewDidChangeSelectionNotification
EDITING DELEGATE: shouldChangeSelectedDOMRange:range from 1 of DIV > DIV > BODY > HTML > #document to 7 of #text > SPAN > DIV > DIV > DIV > BODY > HTML > #document toDOMRange:range from 0 of #text > SPAN > DIV > DIV > BODY > HTML > #document to 7 of #text > SPAN > DIV > DIV > DIV > BODY > HTML > #document affinity:NSSelectionAffinityDownstream stillSelecting:FALSE
EDITING DELEGATE: webViewDidChangeSelection:WebViewDidChangeSelectionNotification
EDITING DELEGATE: webViewDidChange:WebViewDidChangeNotification
EDITING DELEGATE: webViewDidChangeSelection:WebViewDidChangeSelectionNotification
EDITING DELEGATE: webViewDidChange:WebViewDidChangeNotification
EDITING DELEGATE: webViewDidChangeSelection:WebViewDidChangeSelectionNotification
EDITING DELEGATE: webViewDidChange:WebViewDidChangeNotification
EDITING DELEGATE: webViewDidChangeSelection:WebViewDidChangeSelectionNotification
EDITING DELEGATE: webViewDidChange:WebViewDidChangeNotification
EDITING DELEGATE: webViewDidChangeSelection:WebViewDidChangeSelectionNotification
EDITING DELEGATE: webViewDidChange:WebViewDidChangeNotification
EDITING DELEGATE: webViewDidChangeSelection:WebViewDidChangeSelectionNotification
EDITING DELEGATE: webViewDidChange:WebViewDidChangeNotification
layer at (0,0) size 800x600
  RenderView at (0,0) size 800x600
layer at (0,0) size 800x600
  RenderBlock {HTML} at (0,0) size 800x600
    RenderBody {BODY} at (8,8) size 784x584
      RenderBlock {DIV} at (0,0) size 784x84 [border: (2px solid #0000FF)]
        RenderText {#text} at (14,14) size 754x56
          text run at (14,14) width 748: "Size check should say: 30px. All text on the first line, and the first two words"
          text run at (762,14) width 6: " "
          text run at (14,42) width 433: "of the second line, should appear to be 30px."
      RenderBlock {DIV} at (0,108) size 784x28
        RenderText {#text} at (0,0) size 118x28
          text run at (0,0) width 118: "Size check: "
        RenderInline {SPAN} at (0,0) size 48x28
          RenderText {#text} at (118,0) size 48x28
            text run at (118,0) width 48: "30px"
      RenderBlock {DIV} at (0,152) size 784x156
        RenderBlock {DIV} at (0,0) size 784x156 [border: (2px solid #FF0000)]
          RenderBlock (anonymous) at (14,14) size 756x36
            RenderInline {SPAN} at (0,0) size 170x36
              RenderText {#text} at (0,0) size 170x36
                text run at (0,0) width 170: "There is a tide"
          RenderBlock {DIV} at (14,50) size 756x64 [border: (2px solid #FF0000)]
            RenderInline {SPAN} at (0,0) size 69x36
              RenderText {#text} at (14,14) size 69x36
                text run at (14,14) width 69: "In the"
            RenderText {#text} at (83,20) size 142x28
              text run at (83,20) width 142: " affairs of men"
          RenderBlock (anonymous) at (14,114) size 756x28
            RenderText {#text} at (0,0) size 241x28
              text run at (0,0) width 241: "Which taken at the flood"
selection start: position 0 of child 0 {#text} of child 0 {SPAN} of child 1 {DIV} of child 5 {DIV} of body
selection end:   position 7 of child 0 {#text} of child 0 {SPAN} of child 1 {DIV} of child 1 {DIV} of child 5 {DIV} of body
