EDITING DELEGATE: shouldBeginEditingInDOMRange:range from 0 of DIV > BODY > HTML > #document to 4 of DIV > BODY > HTML > #document
EDITING DELEGATE: webViewDidBeginEditing:WebViewDidBeginEditingNotification
EDITING DELEGATE: webViewDidChangeSelection:WebViewDidChangeSelectionNotification
EDITING DELEGATE: webViewDidChangeSelection:WebViewDidChangeSelectionNotification
EDITING DELEGATE: shouldDeleteDOMRange:range from 1 of #text > DIV > DIV > DIV > BODY > HTML > #document to 4 of #text > DIV > DIV > DIV > BODY > HTML > #document
EDITING DELEGATE: webViewDidChangeSelection:WebViewDidChangeSelectionNotification
EDITING DELEGATE: shouldChangeSelectedDOMRange:range from 0 of DIV > DIV > DIV > BODY > HTML > #document to 0 of DIV > DIV > DIV > BODY > HTML > #document toDOMRange:range from 0 of DIV > DIV > DIV > BODY > HTML > #document to 0 of DIV > DIV > DIV > BODY > HTML > #document affinity:NSSelectionAffinityDownstream stillSelecting:FALSE
EDITING DELEGATE: webViewDidChangeSelection:WebViewDidChangeSelectionNotification
EDITING DELEGATE: webViewDidChange:WebViewDidChangeNotification
EDITING DELEGATE: shouldInsertNode:#document-fragment replacingDOMRange:range from 0 of DIV > DIV > DIV > BODY > HTML > #document to 0 of DIV > DIV > DIV > BODY > HTML > #document givenAction:WebViewInsertActionPasted
EDITING DELEGATE: shouldChangeSelectedDOMRange:range from 3 of #text > DIV > DIV > DIV > BODY > HTML > #document to 3 of #text > DIV > DIV > DIV > BODY > HTML > #document toDOMRange:range from 3 of #text > DIV > DIV > DIV > BODY > HTML > #document to 3 of #text > DIV > DIV > DIV > BODY > HTML > #document affinity:NSSelectionAffinityDownstream stillSelecting:FALSE
EDITING DELEGATE: webViewDidChangeSelection:WebViewDidChangeSelectionNotification
EDITING DELEGATE: webViewDidChange:WebViewDidChangeNotification
layer at (0,0) size 800x600
  RenderView at (0,0) size 800x600
layer at (0,0) size 800x600
  RenderBlock {HTML} at (0,0) size 800x600
    RenderBody {BODY} at (8,8) size 784x584
      RenderBlock {DIV} at (0,0) size 784x268 [border: (2px solid #0000FF)]
        RenderBlock {DIV} at (14,14) size 756x112
          RenderText {#text} at (0,0) size 67x28
            text run at (0,0) width 67: "Tests: "
          RenderBR {BR} at (67,0) size 0x28
          RenderText {#text} at (0,28) size 750x56
            text run at (0,28) width 750: "Pasting styles we should not remove during the \"smoosh styles\" process. This"
            text run at (0,56) width 152: "tests the fix for "
          RenderInline {A} at (0,0) size 260x28 [color=#0000EE]
            RenderText {#text} at (152,56) size 260x28
              text run at (152,56) width 260: "<rdar://problem/3972665>"
          RenderText {#text} at (412,56) size 740x56
            text run at (412,56) width 328: " 8A360: HTML message partially"
            text run at (0,84) width 560: "truncated on left hand side, text-indent from Script Editor"
        RenderBlock {DIV} at (14,142) size 756x112
          RenderText {#text} at (0,0) size 189x28
            text run at (0,0) width 189: "Expected Results: "
          RenderBR {BR} at (189,0) size 0x28
          RenderText {#text} at (0,28) size 730x56
            text run at (0,28) width 730: "Should see this content in the red box below: foo. Note that there should be"
            text run at (0,56) width 174: "no visible indent. "
          RenderBR {BR} at (174,56) size 0x28
          RenderText {#text} at (0,84) size 183x28
            text run at (0,84) width 183: "This demonstrates "
          RenderInline {A} at (0,0) size 53x28 [color=#0000EE]
            RenderText {#text} at (183,84) size 53x28
              text run at (183,84) width 53: "a bug"
          RenderText {#text} at (236,84) size 254x28
            text run at (236,84) width 254: ", the caret is one pixel off."
      RenderBlock {DIV} at (0,292) size 784x32
        RenderBlock {DIV} at (0,0) size 784x32 [border: (2px solid #FF0000)]
          RenderBlock {DIV} at (42,2) size 740x28
            RenderText {#text} at (-40,0) size 32x28
              text run at (-40,0) width 32: "foo"
caret: position 3 of child 0 {#text} of child 1 {DIV} of child 1 {DIV} of child 3 {DIV} of body
