layer at (0,0) size 800x600
  RenderView at (0,0) size 800x600
layer at (0,0) size 800x600
  RenderBlock {HTML} at (0,0) size 800x600
    RenderBody {BODY} at (8,8) size 784x584
      RenderBlock {DIV} at (0,0) size 784x56 [border: (2px solid #FF0000)]
        RenderInline {B} at (0,0) size 78x28
          RenderText {#text} at (14,14) size 78x28
            text run at (14,14) width 78: "xxxxxx "
        RenderText {#text} at (92,14) size 78x28
          text run at (92,14) width 78: "xxxxxx "
        RenderInline {B} at (0,0) size 72x28
          RenderText {#text} at (170,14) size 72x28
            text run at (170,14) width 72: "xxxxxx"
        RenderInline {SPAN} at (0,0) size 0x28
selection start: position 0 of child 1 {#text} of child 1 {DIV} of body
selection end:   position 7 of child 1 {#text} of child 1 {DIV} of body
