layer at (0,0) size 800x600
  RenderView at (0,0) size 800x600
layer at (0,0) size 800x600
  RenderBlock {HTML} at (0,0) size 800x600
    RenderBody {BODY} at (8,8) size 784x584
      RenderBlock (anonymous) at (0,0) size 784x15
        RenderInline {FONT} at (0,0) size 715x15
          RenderText {#text} at (0,0) size 715x15
            text run at (0,0) width 332: "This text node only exists once in the original document! "
            text run at (332,0) width 307: "If it were a large collection of inlines, the page would "
            text run at (639,0) width 76: "hang forever."
          RenderInline {A} at (0,0) size 0x0
      RenderBlock (anonymous) at (0,31) size 784x43
        RenderBlock {H2} at (0,0) size 784x23
          RenderInline {A} at (0,0) size 169x24
            RenderText {#text} at (0,0) size 169x24
              text run at (0,0) width 169: "Table of Contents"
        RenderTable {TABLE} at (0,39) size 0x4
          RenderTableSection {TBODY} at (0,0) size 0x4
            RenderTableRow {TR} at (0,2) size 0x0
      RenderBlock (anonymous) at (0,74) size 784x0
        RenderInline {FONT} at (0,0) size 0x0
