layer at (0,0) size 800x600
  RenderView at (0,0) size 800x600
layer at (0,0) size 800x513
  RenderBlock {HTML} at (0,0) size 800x514
    RenderBody {BODY} at (8,10) size 784x496
      RenderBlock {P} at (0,0) size 784x20
        RenderText {#text} at (0,0) size 415x19
          text run at (0,0) width 415: "There should be a 1mm (width) by 1mm (height) fuchsia square:"
      RenderBlock {DIV} at (0,30) size 4x4 [bgcolor=#FF00FF]
      RenderBlock {P} at (0,43) size 784x21
        RenderText {#text} at (0,0) size 416x19
          text run at (0,0) width 416: "There should be a 10mm (width) by 1mm (height) fuchsia stripe:"
      RenderBlock (floating) {DIV} at (0,73) size 4x5 [bgcolor=#FF00FF]
      RenderBlock (floating) {DIV} at (3,73) size 5x5 [bgcolor=#FF00FF]
      RenderBlock (floating) {DIV} at (7,73) size 5x5 [bgcolor=#FF00FF]
      RenderBlock (floating) {DIV} at (11,73) size 5x5 [bgcolor=#FF00FF]
      RenderBlock (floating) {DIV} at (15,73) size 4x5 [bgcolor=#FF00FF]
      RenderBlock (floating) {DIV} at (18,73) size 5x5 [bgcolor=#FF00FF]
      RenderBlock (floating) {DIV} at (22,73) size 5x5 [bgcolor=#FF00FF]
      RenderBlock (floating) {DIV} at (26,73) size 5x5 [bgcolor=#FF00FF]
      RenderBlock (floating) {DIV} at (30,73) size 4x5 [bgcolor=#FF00FF]
      RenderBlock (floating) {DIV} at (33,73) size 5x5 [bgcolor=#FF00FF]
      RenderBlock {P} at (0,77) size 784x21
        RenderText {#text} at (0,0) size 416x19
          text run at (0,0) width 416: "There should be a 10mm (width) by 10mm (height) olive square:"
      RenderBlock {DIV} at (0,107) size 38x39 [bgcolor=#808000]
      RenderBlock {P} at (0,155) size 784x21
        RenderText {#text} at (0,0) size 550x19
          text run at (0,0) width 550: "There should be a 1cm (width) by 1cm (height) orange square. So, same width above:"
      RenderBlock {DIV} at (0,185) size 38x39 [bgcolor=#FFA500]
      RenderBlock {P} at (0,233) size 784x21
        RenderText {#text} at (0,0) size 426x19
          text run at (0,0) width 426: "There should be a 2.54cm (width) by 2.54cm (height) gray square:"
      RenderBlock {DIV} at (0,263) size 96x97 [bgcolor=#808080]
      RenderBlock {P} at (0,369) size 784x21
        RenderText {#text} at (0,0) size 537x19
          text run at (0,0) width 537: "There should be a 1in (width) by 1in (height) blue square. So, same width as above:"
      RenderBlock {DIV} at (0,399) size 96x97 [bgcolor=#0000FF]
