layer at (0,0) size 800x600
  RenderView at (0,0) size 800x600
layer at (0,0) size 800x600
  RenderBlock {HTML} at (0,0) size 800x600
    RenderBody {BODY} at (8,8) size 784x584
      RenderBlock {P} at (0,0) size 784x20
        RenderText {#text} at (0,0) size 171x19
          text run at (0,0) width 171: "Tests: the colspan attribute"
        RenderBR {BR} at (170,0) size 1x19
      RenderBlock {P} at (0,36) size 784x80
        RenderText {#text} at (0,0) size 75x19
          text run at (0,0) width 75: "Conditions:"
        RenderBR {BR} at (74,0) size 1x19
        RenderText {#text} at (0,20) size 763x59
          text run at (0,20) width 668: "The colSpan attribute specifies the number of columns spanned by the current cell. The default value of "
          text run at (667,20) width 96: "this attribute is"
          text run at (0,40) width 551: "one (\"1\"). The value zero (\"0\") means that the cell spans all columns from the current "
          text run at (550,40) width 208: "column to the last column of the"
          text run at (0,60) width 372: "column group (COLGROUP) in which the cell is defined."
      RenderBlock {P} at (0,132) size 784x60
        RenderText {#text} at (0,0) size 776x59
          text run at (0,0) width 776: "The first table tests the default value of one, and an input of 7, which is within the normal range of expect input. The first"
          text run at (0,20) width 722: "column in the first row should span only column \"one\" and the second cell should span all of the other columns. "
          text run at (721,20) width 26: "The"
          text run at (0,40) width 572: "second table tests the zero value. \"Just A\" should span \"A\" and \"Just B\" should span \"B.\""
      RenderBlock {HR} at (0,208) size 784x2 [border: (1px inset #000000)]
      RenderBlock (anonymous) at (0,218) size 784x20
        RenderBR {BR} at (0,0) size 0x19
      RenderTable {TABLE} at (0,238) size 276x76 [border: (1px outset #808080)]
        RenderBlock {CAPTION} at (0,0) size 276x20
          RenderText {#text} at (28,0) size 220x19
            text run at (28,0) width 220: "Testing Default and Regular Input"
        RenderTableSection {TBODY} at (1,21) size 274x54
          RenderTableRow {TR} at (0,2) size 274x24
            RenderTableCell {TD} at (2,2) size 34x24 [border: (1px inset #808080)] [r=0 c=0 rs=1 cs=1]
              RenderText {#text} at (2,2) size 30x19
                text run at (2,2) width 30: "First"
            RenderTableCell {TD} at (37,2) size 235x24 [border: (1px inset #808080)] [r=0 c=1 rs=1 cs=7]
              RenderText {#text} at (2,2) size 77x19
                text run at (2,2) width 77: "All the Rest"
          RenderTableRow {TR} at (0,28) size 274x24
            RenderTableCell {TD} at (2,28) size 34x24 [border: (1px inset #808080)] [r=1 c=0 rs=1 cs=1]
              RenderText {#text} at (2,2) size 24x19
                text run at (2,2) width 24: "one"
            RenderTableCell {TD} at (37,28) size 29x24 [border: (1px inset #808080)] [r=1 c=1 rs=1 cs=1]
              RenderText {#text} at (2,2) size 24x19
                text run at (2,2) width 24: "two"
            RenderTableCell {TD} at (67,28) size 37x24 [border: (1px inset #808080)] [r=1 c=2 rs=1 cs=1]
              RenderText {#text} at (2,2) size 32x19
                text run at (2,2) width 32: "three"
            RenderTableCell {TD} at (105,28) size 31x24 [border: (1px inset #808080)] [r=1 c=3 rs=1 cs=1]
              RenderText {#text} at (2,2) size 27x19
                text run at (2,2) width 27: "four"
            RenderTableCell {TD} at (137,28) size 30x24 [border: (1px inset #808080)] [r=1 c=4 rs=1 cs=1]
              RenderText {#text} at (2,2) size 25x19
                text run at (2,2) width 25: "five"
            RenderTableCell {TD} at (168,28) size 24x24 [border: (1px inset #808080)] [r=1 c=5 rs=1 cs=1]
              RenderText {#text} at (2,2) size 19x19
                text run at (2,2) width 19: "six"
            RenderTableCell {TD} at (193,28) size 41x24 [border: (1px inset #808080)] [r=1 c=6 rs=1 cs=1]
              RenderText {#text} at (2,2) size 37x19
                text run at (2,2) width 37: "seven"
            RenderTableCell {TD} at (235,28) size 37x24 [border: (1px inset #808080)] [r=1 c=7 rs=1 cs=1]
              RenderText {#text} at (2,2) size 32x19
                text run at (2,2) width 32: "eight"
      RenderBlock (anonymous) at (0,314) size 784x20
        RenderBR {BR} at (0,0) size 0x19
      RenderTable {TABLE} at (0,334) size 197x76 [border: (1px outset #808080)]
        RenderBlock {CAPTION} at (0,0) size 197x20
          RenderText {#text} at (14,0) size 168x19
            text run at (14,0) width 168: "Testing Zero Special Case"
        RenderTableSection {TBODY} at (1,21) size 195x54
          RenderTableRow {TR} at (0,2) size 195x24
            RenderTableCell {TD} at (2,2) size 45x24 [border: (1px inset #808080)] [r=0 c=0 rs=1 cs=1]
              RenderText {#text} at (2,2) size 41x19
                text run at (2,2) width 41: "Just A"
            RenderTableCell {TD} at (48,2) size 45x24 [border: (1px inset #808080)] [r=0 c=1 rs=1 cs=1]
              RenderText {#text} at (2,2) size 40x19
                text run at (2,2) width 40: "Just B"
          RenderTableRow {TR} at (0,28) size 195x24
            RenderTableCell {TD} at (2,28) size 45x24 [border: (1px inset #808080)] [r=1 c=0 rs=1 cs=1]
              RenderText {#text} at (2,2) size 12x19
                text run at (2,2) width 12: "A"
            RenderTableCell {TD} at (48,28) size 45x24 [border: (1px inset #808080)] [r=1 c=1 rs=1 cs=1]
              RenderText {#text} at (2,2) size 11x19
                text run at (2,2) width 11: "B"
            RenderTableCell {TD} at (94,28) size 15x24 [border: (1px inset #808080)] [r=1 c=2 rs=1 cs=1]
              RenderText {#text} at (2,2) size 11x19
                text run at (2,2) width 11: "C"
            RenderTableCell {TD} at (110,28) size 17x24 [border: (1px inset #808080)] [r=1 c=3 rs=1 cs=1]
              RenderText {#text} at (2,2) size 12x19
                text run at (2,2) width 12: "D"
            RenderTableCell {TD} at (128,28) size 15x24 [border: (1px inset #808080)] [r=1 c=4 rs=1 cs=1]
              RenderText {#text} at (2,2) size 10x19
                text run at (2,2) width 10: "E"
            RenderTableCell {TD} at (144,28) size 13x24 [border: (1px inset #808080)] [r=1 c=5 rs=1 cs=1]
              RenderText {#text} at (2,2) size 9x19
                text run at (2,2) width 9: "F"
            RenderTableCell {TD} at (158,28) size 17x24 [border: (1px inset #808080)] [r=1 c=6 rs=1 cs=1]
              RenderText {#text} at (2,2) size 12x19
                text run at (2,2) width 12: "G"
            RenderTableCell {TD} at (176,28) size 17x24 [border: (1px inset #808080)] [r=1 c=7 rs=1 cs=1]
              RenderText {#text} at (2,2) size 12x19
                text run at (2,2) width 12: "H"
