layer at (0,0) size 800x600
  RenderView at (0,0) size 800x600
layer at (0,0) size 800x600
  RenderBlock {HTML} at (0,0) size 800x600
    RenderBody {BODY} at (8,8) size 784x584
      RenderBlock {P} at (0,0) size 784x20
        RenderText {#text} at (0,0) size 271x19
          text run at (0,0) width 271: "Tests: the TABLE.createCaption() method"
        RenderBR {BR} at (270,0) size 1x19
      RenderBlock {P} at (0,36) size 784x60
        RenderText {#text} at (0,0) size 75x19
          text run at (0,0) width 75: "Conditions:"
        RenderBR {BR} at (74,0) size 1x19
        RenderText {#text} at (0,20) size 768x39
          text run at (0,20) width 695: "If no caption exists, the method should create an empty caption, add it to the table, and return a pointer to it. "
          text run at (694,20) width 74: "If a caption"
          text run at (0,40) width 326: "does exist, the method should return a pointer to it."
      RenderBlock {P} at (0,112) size 784x40
        RenderText {#text} at (0,0) size 333x19
          text run at (0,0) width 333: "If successful, the first table should have the caption "
        RenderInline {B} at (0,0) size 44x19
          RenderText {#text} at (332,0) size 44x19
            text run at (332,0) width 44: "Fruity"
        RenderText {#text} at (375,0) size 299x19
          text run at (375,0) width 299: ", and the second table should have the caption "
        RenderInline {B} at (0,0) size 75x19
          RenderText {#text} at (673,0) size 75x19
            text run at (673,0) width 75: "Vegetabley"
        RenderText {#text} at (747,0) size 752x39
          text run at (747,0) width 5: "."
          text run at (0,20) width 637: "Upon failure, the first table will have no caption, and the second table will have the caption Things."
      RenderBlock {HR} at (0,168) size 784x2 [border: (1px inset #000000)]
      RenderTable {TABLE} at (0,178) size 110x102 [border: (1px outset #808080)]
        RenderBlock {CAPTION} at (0,0) size 110x20
          RenderInline {B} at (0,0) size 45x19
            RenderText {#text} at (32,0) size 45x19
              text run at (32,0) width 45: "Fruity"
        RenderTableSection {TBODY} at (1,21) size 108x80
          RenderTableRow {TR} at (0,2) size 108x24
            RenderTableCell {TH} at (2,2) size 52x24 [border: (1px inset #808080)] [r=0 c=0 rs=1 cs=1]
              RenderText {#text} at (8,2) size 36x19
                text run at (8,2) width 36: "Fruit"
            RenderTableCell {TH} at (55,2) size 51x24 [border: (1px inset #808080)] [r=0 c=1 rs=1 cs=1]
              RenderText {#text} at (5,2) size 40x19
                text run at (5,2) width 40: "Color"
          RenderTableRow {TR} at (0,28) size 108x24
            RenderTableCell {TD} at (2,28) size 52x24 [border: (1px inset #808080)] [r=1 c=0 rs=1 cs=1]
              RenderText {#text} at (2,2) size 48x19
                text run at (2,2) width 48: "Banana"
            RenderTableCell {TD} at (55,28) size 51x24 [border: (1px inset #808080)] [r=1 c=1 rs=1 cs=1]
              RenderText {#text} at (2,2) size 46x19
                text run at (2,2) width 46: "Yellow"
          RenderTableRow {TR} at (0,54) size 108x24
            RenderTableCell {TD} at (2,54) size 52x24 [border: (1px inset #808080)] [r=2 c=0 rs=1 cs=1]
              RenderText {#text} at (2,2) size 40x19
                text run at (2,2) width 40: "Grape"
            RenderTableCell {TD} at (55,54) size 51x24 [border: (1px inset #808080)] [r=2 c=1 rs=1 cs=1]
              RenderText {#text} at (2,2) size 42x19
                text run at (2,2) width 42: "Purple"
      RenderBlock (anonymous) at (0,280) size 784x20
        RenderBR {BR} at (0,0) size 0x19
      RenderTable {TABLE} at (0,300) size 130x102 [border: (1px outset #808080)]
        RenderBlock {CAPTION} at (0,0) size 130x20
          RenderInline {B} at (0,0) size 75x19
            RenderText {#text} at (27,0) size 75x19
              text run at (27,0) width 75: "Vegetabley"
        RenderTableSection {TBODY} at (1,21) size 128x80
          RenderTableRow {TR} at (0,2) size 128x24
            RenderTableCell {TH} at (2,2) size 71x24 [border: (1px inset #808080)] [r=0 c=0 rs=1 cs=1]
              RenderText {#text} at (2,2) size 67x19
                text run at (2,2) width 67: "Vegetable"
            RenderTableCell {TH} at (74,2) size 52x24 [border: (1px inset #808080)] [r=0 c=1 rs=1 cs=1]
              RenderText {#text} at (5,2) size 41x19
                text run at (5,2) width 41: "Color"
          RenderTableRow {TR} at (0,28) size 128x24
            RenderTableCell {TD} at (2,28) size 71x24 [border: (1px inset #808080)] [r=1 c=0 rs=1 cs=1]
              RenderText {#text} at (2,2) size 41x19
                text run at (2,2) width 41: "Carrot"
            RenderTableCell {TD} at (74,28) size 52x24 [border: (1px inset #808080)] [r=1 c=1 rs=1 cs=1]
              RenderText {#text} at (2,2) size 48x19
                text run at (2,2) width 48: "Orange"
          RenderTableRow {TR} at (0,54) size 128x24
            RenderTableCell {TD} at (2,54) size 71x24 [border: (1px inset #808080)] [r=2 c=0 rs=1 cs=1]
              RenderText {#text} at (2,2) size 67x19
                text run at (2,2) width 67: "Cucumber"
            RenderTableCell {TD} at (74,54) size 52x24 [border: (1px inset #808080)] [r=2 c=1 rs=1 cs=1]
              RenderText {#text} at (2,2) size 40x19
                text run at (2,2) width 40: "Green"
