layer at (0,0) size 800x600
  RenderView at (0,0) size 800x600
layer at (0,0) size 800x600
  RenderBlock {HTML} at (0,0) size 800x600
    RenderBody {BODY} at (8,8) size 784x584
      RenderText {#text} at (0,0) size 780x53
        text run at (0,0) width 780: "The documents in the src attributes of the iframes below only contain comments. This test is for a bug where we would only"
        text run at (0,18) width 770: "construct RenderViews for such iframes. We need to propery construct an empty frame instead, so the RenderView should"
        text run at (0,36) width 498: "have a RenderBlock and RenderBody below it in the dump of the RenderTree."
      RenderBR {BR} at (497,36) size 1x17
      RenderIFrame {IFRAME} at (0,54) size 788x14 [border: (2px inset #000000)]
        layer at (0,0) size 784x10
          RenderView at (0,0) size 784x10
        layer at (0,0) size 784x10
          RenderBlock {HTML} at (0,0) size 784x10
            RenderBody {BODY} at (8,8) size 768x0
      RenderBR {BR} at (0,0) size 0x0
      RenderBR {BR} at (0,68) size 0x17
      RenderIFrame {IFRAME} at (0,86) size 788x14 [border: (2px inset #000000)]
        layer at (0,0) size 769x169
          RenderView at (0,0) size 769x10
        layer at (0,0) size 769x169
          RenderBlock {html} at (0,0) size 769x169
            RenderBody {body} at (8,16) size 753x137
              RenderBlock {parsererror} at (16,0) size 721x137 [bgcolor=#FFDDDD] [border: (2px solid #CC7777)]
                RenderBlock {h3} at (18,20) size 685x23
                  RenderText {#text} at (0,0) size 324x21
                    text run at (0,0) width 324: "This page contains the following errors:"
                RenderBlock {div} at (18,61) size 685x15
                  RenderText {#text} at (0,0) size 490x14
                    text run at (0,0) width 490: "error on line 1 at column 15: Extra content at the end of the document"
                    text run at (489,0) width 1: " "
                RenderBlock {h3} at (18,94) size 685x23
                  RenderText {#text} at (0,0) size 427x21
                    text run at (0,0) width 427: "Below is a rendering of the page up to the first error."
      RenderText {#text} at (0,0) size 0x0
