layer at (0,0) size 800x699
  RenderView at (0,0) size 800x600
layer at (0,0) size 800x699
  RenderBlock {HTML} at (0,0) size 800x699
    RenderBody {BODY} at (8,16) size 784x667
      RenderBlock {P} at (0,0) size 784x60
        RenderText {#text} at (0,0) size 766x59
          text run at (0,0) width 471: "Following table should have 6px solid blue border around cell 3, red 5px "
          text run at (470,0) width 296: "solid border around the rest of table and green"
          text run at (0,20) width 206: "4px solid border between cell 1 "
          text run at (205,20) width 488: "and cell 2. The red border should override the green border around the cells "
          text run at (692,20) width 74: "because it's"
          text run at (0,40) width 421: "thicker and the blue border should override the red border for the "
          text run at (420,40) width 83: "same reason."
      RenderTable {TABLE} at (0,76) size 168x34 [border: (3px solid #FF0000)]
        RenderTableSection {TBODY} at (2,3) size 163x28
          RenderTableRow {TR} at (0,0) size 162x28
            RenderTableCell {TD} at (0,0) size 54x28 [border: (2.50px solid #008000)] [r=0 c=0 rs=1 cs=1]
              RenderText {#text} at (3,3) size 48x20
                text run at (3,4) width 48: "Cell #1"
            RenderTableCell {TD} at (53,0) size 54x28 [border: (2.50px solid #008000)] [r=0 c=1 rs=1 cs=1]
              RenderText {#text} at (3,3) size 47x20
                text run at (3,4) width 47: "Cell #2"
            RenderTableCell {TD} at (106,0) size 56x28 [border: (3px solid #0000FF)] [r=0 c=2 rs=1 cs=1]
              RenderText {#text} at (4,4) size 47x19
                text run at (4,4) width 47: "Cell #3"
      RenderBlock {P} at (0,126) size 784x20
        RenderText {#text} at (0,0) size 28x19
          text run at (0,0) width 28: "See "
        RenderInline {A} at (0,0) size 229x19 [color=#0000EE]
          RenderText {#text} at (27,0) size 229x19
            text run at (27,0) width 73: "17.6.2 The "
            text run at (99,0) width 157: "collapsing border model"
        RenderText {#text} at (255,0) size 127x19
          text run at (255,0) width 127: " for following tests:"
      RenderTable {TABLE} at (0,162) size 158x282 [border: (2.50px solid #FFFF00)]
        RenderTableCol {COLGROUP} at (0,0) size 0x0
          RenderTableCol {COL} at (0,0) size 0x0 [border: (3px solid #000000)]
          RenderTableCol {COL} at (0,0) size 0x0
          RenderTableCol {COL} at (0,0) size 0x0
        RenderTableSection {TBODY} at (2,2) size 154x278
          RenderTableRow {TR} at (0,0) size 153x57
            RenderTableCell {TD} at (0,1) size 52x55 [border: (2.50px solid #FF0000)] [r=0 c=0 rs=1 cs=1]
              RenderText {#text} at (18,18) size 9x20
                text run at (18,18) width 9: "1"
            RenderTableCell {TD} at (52,0) size 50x57 [border: (2.50px solid #FF0000)] [r=0 c=1 rs=1 cs=1]
              RenderText {#text} at (17,18) size 9x20
                text run at (17,18) width 9: "2"
            RenderTableCell {TD} at (102,0) size 51x57 [border: (2.50px solid #FF0000)] [r=0 c=2 rs=1 cs=1]
              RenderText {#text} at (16,18) size 9x20
                text run at (16,18) width 9: "3"
          RenderTableRow {TR} at (0,57) size 153x57
            RenderTableCell {TD} at (0,59) size 52x53 [border: (0.50px solid #FF0000)] [r=1 c=0 rs=1 cs=1]
              RenderText {#text} at (18,16) size 9x20
                text run at (18,16) width 9: "4"
            RenderTableCell {TD} at (52,57) size 50x57 [border: (2.50px dashed #0000FF)] [r=1 c=1 rs=1 cs=1]
              RenderText {#text} at (18,18) size 9x20
                text run at (18,18) width 9: "5"
            RenderTableCell {TD} at (102,57) size 51x57 [border: (2.50px solid #008000)] [r=1 c=2 rs=1 cs=1]
              RenderText {#text} at (18,18) size 9x20
                text run at (18,18) width 9: "6"
          RenderTableRow {TR} at (0,114) size 153x55
            RenderTableCell {TD} at (0,115) size 52x53 [border: (0.50px solid #FF0000)] [r=2 c=0 rs=1 cs=1]
              RenderText {#text} at (18,16) size 9x20
                text run at (18,16) width 9: "7"
            RenderTableCell {TD} at (52,114) size 50x55 [border: (2.50px solid #FF0000)] [r=2 c=1 rs=1 cs=1]
              RenderText {#text} at (17,18) size 9x20
                text run at (17,18) width 9: "8"
            RenderTableCell {TD} at (102,114) size 51x55 [border: (2.50px solid #FF0000)] [r=2 c=2 rs=1 cs=1]
              RenderText {#text} at (16,18) size 9x20
                text run at (16,18) width 9: "9"
          RenderTableRow {TR} at (0,169) size 153x53
            RenderTableCell {TD} at (0,169) size 52x53 [border: (0.50px solid #FF0000)] [r=3 c=0 rs=1 cs=1]
              RenderText {#text} at (18,16) size 17x20
                text run at (18,16) width 17: "10"
            RenderTableCell {TD} at (52,169) size 50x53 [border: (0.50px solid #FF0000)] [r=3 c=1 rs=1 cs=1]
              RenderText {#text} at (17,16) size 16x20
                text run at (17,16) width 16: "11"
            RenderTableCell {TD} at (102,169) size 51x53 [border: (0.50px solid #FF0000)] [r=3 c=2 rs=1 cs=1]
              RenderText {#text} at (16,16) size 17x20
                text run at (16,16) width 17: "12"
          RenderTableRow {TR} at (0,222) size 153x55
            RenderTableCell {TD} at (0,222) size 52x55 [border: (0.50px solid #FF0000)] [r=4 c=0 rs=1 cs=1]
              RenderText {#text} at (18,16) size 17x20
                text run at (18,16) width 17: "13"
            RenderTableCell {TD} at (52,222) size 50x55 [border: (0.50px solid #FF0000)] [r=4 c=1 rs=1 cs=1]
              RenderText {#text} at (17,16) size 17x20
                text run at (17,16) width 17: "14"
            RenderTableCell {TD} at (102,222) size 51x55 [border: (0.50px solid #FF0000)] [r=4 c=2 rs=1 cs=1]
              RenderText {#text} at (16,16) size 17x20
                text run at (16,16) width 17: "15"
      RenderBlock {P} at (0,460) size 784x63
        RenderText {#text} at (0,0) size 366x19
          text run at (0,0) width 366: "This is an example rendering for the previous table from "
        RenderInline {A} at (0,0) size 712x39 [color=#0000EE]
          RenderText {#text} at (365,0) size 712x39
            text run at (365,0) width 347: "http://www.w3.org/TR/REC-CSS2/images/tbl-border-"
            text run at (0,20) width 71: "conflict.gif"
        RenderText {#text} at (70,20) size 6x19
          text run at (70,20) width 6: ":"
        RenderBR {BR} at (75,20) size 1x19
        RenderImage {IMG} at (0,40) size 221x23
        RenderText {#text} at (0,0) size 0x0
      RenderBlock {P} at (0,539) size 784x40
        RenderText {#text} at (0,0) size 768x39
          text run at (0,0) width 500: "Following table should have 2px solid black line between rows. There should "
          text run at (499,0) width 269: "be a total of two lines. There will be three"
          text run at (0,20) width 218: "lines if user agent doesn't support "
        RenderInline {CODE} at (0,0) size 111x14
          RenderText {#text} at (217,25) size 111x14
            text run at (217,25) width 111: "tr:first-child"
        RenderText {#text} at (327,20) size 5x19
          text run at (327,20) width 5: "."
      RenderTable {TABLE} at (0,595) size 150x72 [border: (1px none #808080)]
        RenderTableSection {TBODY} at (0,1) size 150x71
          RenderTableRow {TR} at (0,0) size 150x24 [border: (2px solid #000000) none]
            RenderTableCell {TD} at (0,0) size 50x24 [border: (1px none #000000)] [r=0 c=0 rs=1 cs=1]
              RenderText {#text} at (21,2) size 8x19
                text run at (21,2) width 8: "a"
            RenderTableCell {TD} at (50,0) size 50x24 [border: (1px none #000000)] [r=0 c=1 rs=1 cs=1]
              RenderText {#text} at (20,2) size 10x19
                text run at (20,2) width 10: "b"
            RenderTableCell {TD} at (100,0) size 50x24 [border: (1px none #000000)] [r=0 c=2 rs=1 cs=1]
              RenderText {#text} at (21,2) size 8x19
                text run at (21,2) width 8: "c"
          RenderTableRow {TR} at (0,24) size 150x24 [border: (2px solid #000000) none]
            RenderTableCell {TD} at (0,24) size 50x24 [border: (1px none #000000)] [r=1 c=0 rs=1 cs=1]
              RenderText {#text} at (21,2) size 8x19
                text run at (21,2) width 8: "3"
            RenderTableCell {TD} at (50,24) size 50x24 [border: (1px none #000000)] [r=1 c=1 rs=1 cs=1]
              RenderText {#text} at (21,2) size 8x19
                text run at (21,2) width 8: "4"
            RenderTableCell {TD} at (100,24) size 50x24 [border: (1px none #000000)] [r=1 c=2 rs=1 cs=1]
              RenderText {#text} at (21,2) size 8x19
                text run at (21,2) width 8: "5"
          RenderTableRow {TR} at (0,48) size 150x23 [border: (2px solid #000000) none]
            RenderTableCell {TD} at (0,48) size 50x23 [border: (1px none #000000)] [r=2 c=0 rs=1 cs=1]
              RenderText {#text} at (21,2) size 8x19
                text run at (21,2) width 8: "5"
            RenderTableCell {TD} at (50,48) size 50x23 [border: (1px none #000000)] [r=2 c=1 rs=1 cs=1]
              RenderText {#text} at (17,2) size 16x19
                text run at (17,2) width 16: "12"
            RenderTableCell {TD} at (100,48) size 50x23 [border: (1px none #000000)] [r=2 c=2 rs=1 cs=1]
              RenderText {#text} at (17,2) size 16x19
                text run at (17,2) width 16: "13"
