layer at (0,0) size 785x836
  RenderView at (0,0) size 785x600
layer at (0,0) size 785x836
  RenderBlock {HTML} at (0,0) size 785x836
    RenderBody {BODY} at (8,8) size 769x820
      RenderBlock (anonymous) at (0,0) size 769x18
        RenderText {#text} at (0,0) size 81x17
          text run at (0,0) width 81: "Text outside."
layer at (8,26) size 702x802 clip at (9,27) size 685x785 scrollHeight 1306
  RenderBlock {DIV} at (0,18) size 702x802 [border: (1px solid #000000)]
    RenderBlock {P} at (1,17) size 685x170
      RenderText {#text} at (0,8) size 674x153
        text run at (0,8) width 642: "Lorem ipsum dolor sit amet, consectetur adipisicing elit, sed do eiusmod tempor incididunt ut labore et"
        text run at (0,42) width 670: "dolore magna aliqua. Ut enim ad minim veniam, quis nostrud exercitation ullamco laboris nisi ut aliquip ex"
        text run at (0,76) width 674: "ea commodo consequat. Duis aute irure dolor in reprehenderit in voluptate velit esse cillum dolore eu fugiat"
        text run at (0,110) width 671: "nulla pariatur. Excepteur sint occaecat cupidatat non proident, sunt in culpa qui officia deserunt mollit anim"
        text run at (0,144) width 93: "id est laborum."
    RenderBlock {P} at (1,235) size 685x170
      RenderText {#text} at (0,8) size 674x153
        text run at (0,8) width 642: "Lorem ipsum dolor sit amet, consectetur adipisicing elit, sed do eiusmod tempor incididunt ut labore et"
        text run at (0,42) width 670: "dolore magna aliqua. Ut enim ad minim veniam, quis nostrud exercitation ullamco laboris nisi ut aliquip ex"
        text run at (0,76) width 674: "ea commodo consequat. Duis aute irure dolor in reprehenderit in voluptate velit esse cillum dolore eu fugiat"
        text run at (0,110) width 671: "nulla pariatur. Excepteur sint occaecat cupidatat non proident, sunt in culpa qui officia deserunt mollit anim"
        text run at (0,144) width 93: "id est laborum."
    RenderBlock {P} at (1,871) size 685x170
      RenderText {#text} at (0,8) size 674x153
        text run at (0,8) width 642: "Lorem ipsum dolor sit amet, consectetur adipisicing elit, sed do eiusmod tempor incididunt ut labore et"
        text run at (0,42) width 670: "dolore magna aliqua. Ut enim ad minim veniam, quis nostrud exercitation ullamco laboris nisi ut aliquip ex"
        text run at (0,76) width 674: "ea commodo consequat. Duis aute irure dolor in reprehenderit in voluptate velit esse cillum dolore eu fugiat"
        text run at (0,110) width 671: "nulla pariatur. Excepteur sint occaecat cupidatat non proident, sunt in culpa qui officia deserunt mollit anim"
        text run at (0,144) width 93: "id est laborum."
    RenderBlock {P} at (1,1089) size 685x170
      RenderText {#text} at (0,8) size 674x153
        text run at (0,8) width 642: "Lorem ipsum dolor sit amet, consectetur adipisicing elit, sed do eiusmod tempor incididunt ut labore et"
        text run at (0,42) width 670: "dolore magna aliqua. Ut enim ad minim veniam, quis nostrud exercitation ullamco laboris nisi ut aliquip ex"
        text run at (0,76) width 674: "ea commodo consequat. Duis aute irure dolor in reprehenderit in voluptate velit esse cillum dolore eu fugiat"
        text run at (0,110) width 671: "nulla pariatur. Excepteur sint occaecat cupidatat non proident, sunt in culpa qui officia deserunt mollit anim"
        text run at (0,144) width 93: "id est laborum."
layer at (19,479) size 602x402 backgroundClip at (19,479) size 602x333 clip at (20,480) size 585x332 scrollHeight 452
  RenderBlock {DIV} at (11,453) size 602x402 [border: (1px solid #000000)]
    RenderBlock {P} at (1,17) size 585x170
      RenderText {#text} at (0,8) size 584x153
        text run at (0,8) width 584: "Lorem ipsum dolor sit amet, consectetur adipisicing elit, sed do eiusmod tempor incididunt ut"
        text run at (0,42) width 574: "labore et dolore magna aliqua. Ut enim ad minim veniam, quis nostrud exercitation ullamco"
        text run at (0,76) width 559: "laboris nisi ut aliquip ex ea commodo consequat. Duis aute irure dolor in reprehenderit in"
        text run at (0,110) width 569: "voluptate velit esse cillum dolore eu fugiat nulla pariatur. Excepteur sint occaecat cupidatat"
        text run at (0,144) width 465: "non proident, sunt in culpa qui officia deserunt mollit anim id est laborum."
    RenderBlock {P} at (1,235) size 585x170
      RenderText {#text} at (0,8) size 584x153
        text run at (0,8) width 584: "Lorem ipsum dolor sit amet, consectetur adipisicing elit, sed do eiusmod tempor incididunt ut"
        text run at (0,42) width 574: "labore et dolore magna aliqua. Ut enim ad minim veniam, quis nostrud exercitation ullamco"
        text run at (0,76) width 559: "laboris nisi ut aliquip ex ea commodo consequat. Duis aute irure dolor in reprehenderit in"
        text run at (0,110) width 569: "voluptate velit esse cillum dolore eu fugiat nulla pariatur. Excepteur sint occaecat cupidatat"
        text run at (0,144) width 465: "non proident, sunt in culpa qui officia deserunt mollit anim id est laborum."
