layer at (0,0) size 800x600
  RenderView at (0,0) size 800x600
layer at (0,0) size 800x90
  RenderBlock {HTML} at (0,0) size 800x90
    RenderBody {BODY} at (8,8) size 784x74
      RenderTable {TABLE} at (0,0) size 66x74
        RenderTableSection {THEAD} at (0,0) size 66x26
          RenderTableRow {TR} at (0,2) size 66x22
            RenderTableCell {TH} at (2,2) size 14x22 [color=#FF0000] [r=0 c=0 rs=1 cs=1]
              RenderText {#text} at (1,1) size 12x19
                text run at (1,1) width 12: "H"
            RenderTableCell {TH} at (18,2) size 14x22 [color=#FF0000] [r=0 c=1 rs=1 cs=1]
              RenderText {#text} at (2,1) size 10x19
                text run at (2,1) width 10: "E"
            RenderTableCell {TH} at (34,2) size 14x22 [color=#FF0000] [r=0 c=2 rs=1 cs=1]
              RenderText {#text} at (1,1) size 12x19
                text run at (1,1) width 12: "A"
            RenderTableCell {TH} at (50,2) size 14x22 [color=#FF0000] [r=0 c=3 rs=1 cs=1]
              RenderText {#text} at (1,1) size 12x19
                text run at (1,1) width 12: "D"
        RenderTableSection {TFOOT} at (0,50) size 66x24
          RenderTableRow {TR} at (0,0) size 66x22
            RenderTableCell {TH} at (2,0) size 14x22 [color=#0000FF] [r=0 c=0 rs=1 cs=1]
              RenderText {#text} at (2,1) size 10x19
                text run at (2,1) width 10: "F"
            RenderTableCell {TH} at (18,0) size 14x22 [color=#0000FF] [r=0 c=1 rs=1 cs=1]
              RenderText {#text} at (1,1) size 12x19
                text run at (1,1) width 12: "O"
            RenderTableCell {TH} at (34,0) size 14x22 [color=#0000FF] [r=0 c=2 rs=1 cs=1]
              RenderText {#text} at (1,1) size 12x19
                text run at (1,1) width 12: "O"
            RenderTableCell {TH} at (50,0) size 14x22 [color=#0000FF] [r=0 c=3 rs=1 cs=1]
              RenderText {#text} at (2,1) size 10x19
                text run at (2,1) width 10: "T"
        RenderTableSection {TBODY} at (0,26) size 66x24
          RenderTableRow {TR} at (0,0) size 66x22
            RenderTableCell {TD} at (2,0) size 14x22 [color=#008000] [r=0 c=0 rs=1 cs=1]
              RenderText {#text} at (1,1) size 8x19
                text run at (1,1) width 8: "b"
            RenderTableCell {TD} at (18,0) size 14x22 [color=#008000] [r=0 c=1 rs=1 cs=1]
              RenderText {#text} at (1,1) size 8x19
                text run at (1,1) width 8: "o"
            RenderTableCell {TD} at (34,0) size 14x22 [color=#008000] [r=0 c=2 rs=1 cs=1]
              RenderText {#text} at (1,1) size 8x19
                text run at (1,1) width 8: "d"
            RenderTableCell {TD} at (50,0) size 14x22 [color=#008000] [r=0 c=3 rs=1 cs=1]
              RenderText {#text} at (1,1) size 7x19
                text run at (1,1) width 7: "y"
