layer at (0,0) size 800x600
  RenderView at (0,0) size 800x600
layer at (0,0) size 800x600
  RenderBlock {HTML} at (0,0) size 800x600
    RenderBody {BODY} at (8,8) size 784x584
      RenderTable {TABLE} at (0,0) size 784x120 [bgcolor=#808000]
        RenderTableSection {TBODY} at (0,0) size 784x120
          RenderTableRow {TR} at (0,0) size 784x120
            RenderTableCell {TD} at (0,0) size 66x120 [r=0 c=0 rs=1 cs=1]
              RenderText {#text} at (0,0) size 66x119
                text run at (0,0) width 50: "Dorothy"
                text run at (0,20) width 66: "Rothschild:"
                text run at (0,40) width 35: "Love,"
                text run at (0,60) width 54: "curiosity,"
                text run at (0,80) width 47: "freckles"
                text run at (0,100) width 22: "and"
            RenderTableCell {TD} at (66,0) size 718x20 [bgcolor=#008000] [r=0 c=1 rs=1 cs=1]
              RenderText {#text} at (0,0) size 187x19
                text run at (0,0) width 187: "Animal Friends Rescue Project"
