layer at (0,0) size 800x600
  RenderView at (0,0) size 800x600
layer at (0,0) size 800x124
  RenderBlock {HTML} at (0,0) size 800x124
    RenderBody {BODY} at (8,8) size 784x108
      RenderBlock (anonymous) at (0,0) size 784x20
        RenderText {#text} at (0,0) size 388x19
          text run at (0,0) width 388: "This test should have two centered tables and two centered divs."
      RenderTable {TABLE} at (306,20) size 172x24 [border: (1px outset #808080)]
        RenderTableSection {TBODY} at (1,1) size 170x22
          RenderTableRow {TR} at (0,0) size 170x22
            RenderTableCell {TD} at (0,0) size 170x22 [border: (1px inset #808080)] [r=0 c=0 rs=1 cs=1]
              RenderText {#text} at (1,1) size 168x19
                text run at (1,1) width 168: "This table is aligned \"center\""
      RenderTable {TABLE} at (294,44) size 196x24 [border: (1px outset #808080)]
        RenderTableSection {TBODY} at (1,1) size 193x22
          RenderTableRow {TR} at (0,0) size 193x22
            RenderTableCell {TD} at (0,0) size 193x22 [border: (1px inset #808080)] [r=0 c=0 rs=1 cs=1]
              RenderText {#text} at (1,1) size 191x19
                text run at (1,1) width 191: "This table is aligned \"CENTER\""
      RenderBlock {DIV} at (0,68) size 784x20
        RenderText {#text} at (313,0) size 158x19
          text run at (313,0) width 158: "This div is aligned \"center\""
      RenderBlock {DIV} at (0,88) size 784x20
        RenderText {#text} at (302,0) size 180x19
          text run at (302,0) width 180: "This div is aligned \"CENTER\""
