layer at (0,0) size 785x640
  RenderView at (0,0) size 785x600
layer at (0,0) size 785x640
  RenderBlock {HTML} at (0,0) size 785x640
    RenderBody {BODY} at (8,8) size 769x624
      RenderBlock (anonymous) at (0,0) size 769x40
        RenderText {#text} at (0,0) size 715x39
          text run at (0,0) width 260: "The two rows below should look identical. "
          text run at (260,0) width 455: "In both, the spanning cells in columns 2-3 should consume as much width as"
          text run at (0,20) width 238: "possible, while column 1 should be tiny."
      RenderTable {TABLE} at (0,40) size 58x584 [border: (2px outset #808080)]
        RenderTableSection {TBODY} at (2,2) size 54x580
          RenderTableRow {TR} at (0,2) size 24x580
            RenderTableCell {TD} at (2,2) size 24x12 [border: (1px inset #808080)] [r=0 c=0 rs=1 cs=1]
              RenderText {#text} at (2,2) size 19x8
                text run at (2,2) width 8: "1"
            RenderTableCell {TD} at (2,16) size 24x562 [border: (1px inset #808080)] [r=0 c=1 rs=1 cs=2]
              RenderText {#text} at (2,2) size 19x22
                text run at (2,2) width 22: "2-3"
          RenderTableRow {TR} at (0,28) size 24x580
            RenderTableCell {TD} at (28,2) size 24x12 [border: (1px inset #808080)] [r=1 c=0 rs=1 cs=1]
              RenderText {#text} at (2,2) size 19x8
                text run at (2,2) width 8: "1"
            RenderTableCell {TD} at (28,16) size 24x562 [border: (1px inset #808080)] [r=1 c=1 rs=1 cs=2]
              RenderText {#text} at (2,2) size 19x22
                text run at (2,2) width 22: "2-3"
