layer at (0,0) size 800x600
  RenderView at (0,0) size 800x600
layer at (0,0) size 800x600
  RenderBlock {HTML} at (0,0) size 800x600
    RenderBody {BODY} at (8,8) size 784x576
      RenderTable {TABLE} at (0,0) size 178x53 [border: (1px outset #808080)]
        RenderTableSection {TBODY} at (1,1) size 176x51
          RenderTableRow {TR} at (0,1) size 176x24
            RenderTableCell {TH} at (1,1) size 34x24 [border: (1px inset #808080)] [r=0 c=0 rs=1 cs=1]
              RenderText {#text} at (2,2) size 30x19
                text run at (2,2) width 30: "(1,1)"
            RenderTableCell {TH} at (36,1) size 34x24 [border: (1px inset #808080)] [r=0 c=1 rs=1 cs=1]
              RenderText {#text} at (2,2) size 30x19
                text run at (2,2) width 30: "(1,2)"
            RenderTableCell {TH} at (71,1) size 34x24 [border: (1px inset #808080)] [r=0 c=2 rs=1 cs=1]
              RenderText {#text} at (2,2) size 30x19
                text run at (2,2) width 30: "(1,3)"
            RenderTableCell {TH} at (106,1) size 34x24 [border: (1px inset #808080)] [r=0 c=3 rs=1 cs=1]
              RenderText {#text} at (2,2) size 30x19
                text run at (2,2) width 30: "(1,4)"
            RenderTableCell {TH} at (141,1) size 34x24 [border: (1px inset #808080)] [r=0 c=4 rs=1 cs=1]
              RenderText {#text} at (2,2) size 30x19
                text run at (2,2) width 30: "(1,5)"
          RenderTableRow {TR} at (0,26) size 176x24
            RenderTableCell {TD} at (1,26) size 34x24 [border: (1px inset #808080)] [r=1 c=0 rs=1 cs=1]
              RenderText {#text} at (2,2) size 30x19
                text run at (2,2) width 30: "(2,1)"
            RenderTableCell {TD} at (36,26) size 34x24 [border: (1px inset #808080)] [r=1 c=1 rs=1 cs=1]
              RenderText {#text} at (2,2) size 30x19
                text run at (2,2) width 30: "(2,2)"
            RenderTableCell {TD} at (71,26) size 34x24 [border: (1px inset #808080)] [r=1 c=2 rs=1 cs=1]
              RenderText {#text} at (2,2) size 30x19
                text run at (2,2) width 30: "(2,3)"
            RenderTableCell {TD} at (106,26) size 34x24 [border: (1px inset #808080)] [r=1 c=3 rs=1 cs=1]
              RenderText {#text} at (2,2) size 30x19
                text run at (2,2) width 30: "(2,4)"
            RenderTableCell {TD} at (141,26) size 34x24 [border: (1px inset #808080)] [r=1 c=4 rs=1 cs=1]
              RenderText {#text} at (2,2) size 30x19
                text run at (2,2) width 30: "(2,5)"
      RenderBlock {P} at (0,69) size 784x40
        RenderInline {B} at (0,0) size 47x19
          RenderText {#text} at (0,0) size 47x19
            text run at (0,0) width 47: "Row 0:"
        RenderText {#text} at (47,0) size 170x19
          text run at (47,0) width 170: " (1,1)\x{9}(1,2)\x{9}(1,3)\x{9}(1,4)\x{9}(1,5)"
        RenderBR {BR} at (217,15) size 0x0
        RenderInline {B} at (0,0) size 47x19
          RenderText {#text} at (0,20) size 47x19
            text run at (0,20) width 47: "Row 1:"
        RenderText {#text} at (47,20) size 170x19
          text run at (47,20) width 170: " (2,1)\x{9}(2,2)\x{9}(2,3)\x{9}(2,4)\x{9}(2,5)"
        RenderBR {BR} at (217,35) size 0x0
