layer at (0,0) size 800x600
  RenderView at (0,0) size 800x600
layer at (0,0) size 800x600
  RenderBlock {HTML} at (0,0) size 800x600
    RenderBody {BODY} at (8,8) size 784x584
      RenderBlock {P} at (0,0) size 784x40
        RenderText {#text} at (0,0) size 202x19
          text run at (0,0) width 202: "This tests for a regression against "
        RenderInline {I} at (0,0) size 761x39
          RenderInline {A} at (0,0) size 350x19 [color=#0000EE]
            RenderText {#text} at (202,0) size 350x19
              text run at (202,0) width 350: "http://bugzilla.opendarwin.org/show_bug.cgi?id=5868"
          RenderText {#text} at (552,0) size 761x39
            text run at (552,0) width 4: " "
            text run at (556,0) width 205: "Crash on HP.com with ToT and"
            text run at (0,20) width 315: "Safari 2.0.2 in khtml::RenderContainer::detach()"
        RenderText {#text} at (315,20) size 4x19
          text run at (315,20) width 4: "."
      RenderBlock {P} at (0,56) size 784x20
        RenderText {#text} at (0,0) size 696x19
          text run at (0,0) width 390: "There should be two 100x100 squares stacked vertically below. "
          text run at (390,0) width 306: "The green square should be above the blue square."
      RenderBlock {HR} at (0,92) size 784x2 [border: (1px inset #000000)]
      RenderTable {TABLE} at (0,102) size 104x204
        RenderTableSection {TBODY} at (0,0) size 104x204
          RenderTableRow (anonymous) at (0,2) size 104x200
            RenderTableCell (anonymous) at (2,2) size 100x200 [r=0 c=0 rs=1 cs=1]
              RenderBlock {TR} at (0,0) size 100x100 [bgcolor=#008000]
              RenderBlock {TR} at (0,100) size 100x100 [bgcolor=#0000FF]
