layer at (0,0) size 800x600
  RenderView at (0,0) size 800x600
layer at (0,0) size 800x600
  RenderBlock {HTML} at (0,0) size 800x600
    RenderBody {BODY} at (8,8) size 784x584
      RenderBlock {P} at (0,0) size 784x40
        RenderText {#text} at (0,0) size 197x19
          text run at (0,0) width 197: "This tests for regressions against "
        RenderInline {I} at (0,0) size 765x39
          RenderInline {A} at (0,0) size 350x19 [color=#0000EE]
            RenderText {#text} at (197,0) size 350x19
              text run at (197,0) width 350: "http://bugzilla.opendarwin.org/show_bug.cgi?id=8081"
          RenderText {#text} at (547,0) size 765x39
            text run at (547,0) width 4: " "
            text run at (551,0) width 214: "REGRESSION: Drop-down menu"
            text run at (0,20) width 92: "has gap at top"
        RenderText {#text} at (92,20) size 4x19
          text run at (92,20) width 4: "."
      RenderBlock {P} at (0,56) size 784x20
        RenderText {#text} at (0,0) size 513x19
          text run at (0,0) width 513: "You should see two identical green squares, 100x100 pixels each, next to each other."
      RenderTable {TABLE} at (0,92) size 107x156
        RenderTableSection {TBODY} at (0,0) size 107x156
          RenderTableRow {TR} at (0,2) size 107x50
            RenderTableCell {TD} at (2,26) size 103x2 [r=0 c=0 rs=1 cs=2]
          RenderTableRow {TR} at (0,54) size 107x100
            RenderTableCell {TD} at (2,54) size 100x2 [bgcolor=#008000] [r=1 c=0 rs=1 cs=1]
            RenderTableCell (anonymous) at (104,54) size 1x0 [r=1 c=1 rs=1 cs=1]
layer at (11,155) size 98x98
  RenderBlock (positioned) {DIV} at (11,155) size 98x98
layer at (112,154) size 102x102
  RenderBlock (positioned) {TD} at (112,154) size 102x102 [bgcolor=#008000]
