layer at (0,0) size 800x600
  RenderView at (0,0) size 800x600
layer at (0,0) size 800x600
  RenderBlock {HTML} at (0,0) size 800x600
    RenderBody {BODY} at (8,8) size 784x584
      RenderBlock {P} at (0,0) size 784x40
        RenderText {#text} at (0,0) size 164x19
          text run at (0,0) width 164: "This is a regression test for "
        RenderInline {I} at (0,0) size 735x39
          RenderInline {A} at (0,0) size 350x19 [color=#0000EE]
            RenderText {#text} at (164,0) size 350x19
              text run at (164,0) width 350: "http://bugzilla.opendarwin.org/show_bug.cgi?id=9879"
          RenderText {#text} at (514,0) size 735x39
            text run at (514,0) width 4: " "
            text run at (518,0) width 217: "REGRESSION: Repro crash when"
            text run at (0,20) width 270: "clicking to the side of an anonymous table"
        RenderText {#text} at (270,20) size 4x19
          text run at (270,20) width 4: "."
      RenderBlock {P} at (0,56) size 784x20
        RenderText {#text} at (0,0) size 587x19
          text run at (0,0) width 587: "If the browser does not crash as you click to the right of each of the lines below, it passes the test."
      RenderBlock {HR} at (0,92) size 784x2 [border: (1px inset #000000)]
      RenderBlock {DIV} at (0,102) size 784x80
        RenderTable at (0,0) size 166x80
          RenderTableSection (anonymous) at (0,20) size 166x40
            RenderTableRow {DIV} at (0,0) size 166x20
              RenderTableCell (anonymous) at (0,0) size 166x20 [r=0 c=0 rs=1 cs=1]
                RenderText {#text} at (0,0) size 166x19
                  text run at (0,0) width 166: "Click to the right of this text"
            RenderTableRow (anonymous) at (0,20) size 166x20
              RenderTableCell {DIV} at (0,20) size 166x20 [r=1 c=0 rs=1 cs=1]
                RenderText {#text} at (0,0) size 166x19
                  text run at (0,0) width 166: "Click to the right of this text"
          RenderBlock {DIV} at (0,0) size 166x20
            RenderText {#text} at (0,0) size 166x19
              text run at (0,0) width 166: "Click to the right of this text"
          RenderTableSection {DIV} at (0,60) size 166x20
            RenderTableRow (anonymous) at (0,0) size 166x20
              RenderTableCell (anonymous) at (0,0) size 166x20 [r=0 c=0 rs=1 cs=1]
                RenderText {#text} at (0,0) size 166x19
                  text run at (0,0) width 166: "Click to the right of this text"
caret: position 40 of child 0 {#text} of child 7 {DIV} of child 7 {DIV} of body
