layer at (0,0) size 800x600
  RenderView at (0,0) size 800x600
layer at (0,0) size 800x148
  RenderBlock {HTML} at (0,0) size 800x148
    RenderBody {BODY} at (8,8) size 784x132
      RenderTable {TABLE} at (0,0) size 253x66
        RenderBlock {CAPTION} at (0,0) size 253x40
          RenderText {#text} at (29,0) size 195x39
            text run at (29,0) width 195: "The next line should have yellow"
            text run at (88,20) width 77: "background."
        RenderTableCol {COLGROUP} at (0,0) size 0x0
          RenderTableCol {COL} at (0,0) size 0x0 [bgcolor=#FFFF00]
        RenderTableSection {TBODY} at (0,40) size 253x26
          RenderTableRow {TR} at (0,2) size 253x22
            RenderTableCell {TD} at (2,2) size 249x22 [r=0 c=0 rs=1 cs=1]
              RenderText {#text} at (1,1) size 247x19
                text run at (1,1) width 247: "This line should have yellow background."
      RenderTable {TABLE} at (0,66) size 253x66
        RenderBlock {CAPTION} at (0,0) size 253x40
          RenderText {#text} at (29,0) size 195x39
            text run at (29,0) width 195: "The next line should have yellow"
            text run at (88,20) width 77: "background."
        RenderTableCol {COLGROUP} at (0,0) size 0x0
          RenderTableCol {COL} at (0,0) size 0x0 [bgcolor=#FFFF00]
        RenderTableSection {TBODY} at (0,40) size 253x26
          RenderTableRow {TR} at (0,2) size 253x22
            RenderTableCell {TD} at (2,2) size 249x22 [r=0 c=0 rs=1 cs=1]
              RenderText {#text} at (1,1) size 247x19
                text run at (1,1) width 247: "This line should have yellow background."
