layer at (0,0) size 800x600
  RenderView at (0,0) size 800x600
layer at (0,0) size 800x600
  RenderBlock {HTML} at (0,0) size 800x600
    RenderBody {BODY} at (8,8) size 784x584 [bgcolor=#994444]
      RenderTable {TABLE} at (0,0) size 784x584 [border: (1px outset #808080)]
        RenderTableSection {TBODY} at (1,1) size 782x582
          RenderTableRow {TR} at (0,2) size 782x578
            RenderTableCell {TD} at (2,289) size 622x4 [border: (1px inset #808080)] [r=0 c=0 rs=1 cs=1]
            RenderTableCell {TD} at (626,279) size 154x24 [border: (1px dashed #552222)] [r=0 c=1 rs=1 cs=1]
              RenderTable {TABLE} at (2,2) size 150x0
              RenderBlock (anonymous) at (2,2) size 150x20
                RenderText {#text} at (0,0) size 24x19
                  text run at (0,0) width 24: "boo"
