layer at (0,0) size 785x8148
  RenderView at (0,0) size 785x600
layer at (0,0) size 785x8148
  RenderBlock {HTML} at (0,0) size 785x8148
    RenderBody {BODY} at (8,8) size 769x8092
      RenderTable {TABLE} at (0,0) size 261x130
        RenderBlock {CAPTION} at (0,0) size 261x20
          RenderInline {A} at (0,0) size 226x19
            RenderText {#text} at (15,0) size 226x19
              text run at (15,0) width 226: "Frame=\x{201C}void\x{201D} and Rules=\x{201C}none\x{201D}"
          RenderInline (generated) at (0,0) size 5x19
            RenderText at (241,0) size 5x19
              text run at (241,0) width 5: ":"
        RenderTableSection {THEAD} at (0,20) size 261x22
          RenderTableRow {TR} at (0,0) size 261x22
            RenderTableCell {TD} at (0,0) size 87x22 [r=0 c=0 rs=1 cs=1]
              RenderText {#text} at (1,1) size 85x19
                text run at (1,1) width 85: "Row 1, Cell 1"
            RenderTableCell {TD} at (87,0) size 87x22 [r=0 c=1 rs=1 cs=1]
              RenderText {#text} at (1,1) size 85x19
                text run at (1,1) width 85: "Row 1, Cell 2"
            RenderTableCell {TD} at (174,0) size 87x22 [r=0 c=2 rs=1 cs=1]
              RenderText {#text} at (1,1) size 85x19
                text run at (1,1) width 85: "Row 1, Cell 3"
        RenderTableSection {TBODY} at (0,42) size 261x66
          RenderTableRow {TR} at (0,0) size 261x22
            RenderTableCell {TD} at (0,11) size 87x22 [r=0 c=0 rs=2 cs=1]
              RenderText {#text} at (1,1) size 85x19
                text run at (1,1) width 85: "Row 2, Cell 1"
            RenderTableCell {TD} at (87,0) size 174x22 [r=0 c=1 rs=1 cs=2]
              RenderText {#text} at (1,1) size 85x19
                text run at (1,1) width 85: "Row 2, Cell 2"
          RenderTableRow {TR} at (0,22) size 261x22
            RenderTableCell {TD} at (87,22) size 87x22 [r=1 c=1 rs=1 cs=1]
              RenderText {#text} at (1,1) size 85x19
                text run at (1,1) width 85: "Row 3, Cell 2"
            RenderTableCell {TD} at (174,33) size 87x22 [r=1 c=2 rs=2 cs=1]
              RenderText {#text} at (1,1) size 85x19
                text run at (1,1) width 85: "Row 3, Cell 3"
          RenderTableRow {TR} at (0,44) size 261x22
            RenderTableCell {TD} at (0,44) size 174x22 [r=2 c=0 rs=1 cs=2]
              RenderText {#text} at (1,1) size 85x19
                text run at (1,1) width 85: "Row 4, Cell 1"
        RenderTableSection {TFOOT} at (0,108) size 261x22
          RenderTableRow {TR} at (0,0) size 261x22
            RenderTableCell {TD} at (0,0) size 87x22 [r=0 c=0 rs=1 cs=1]
              RenderText {#text} at (1,1) size 85x19
                text run at (1,1) width 85: "Row 5, Cell 1"
            RenderTableCell {TD} at (87,0) size 87x22 [r=0 c=1 rs=1 cs=1]
              RenderText {#text} at (1,1) size 85x19
                text run at (1,1) width 85: "Row 5, Cell 2"
            RenderTableCell {TD} at (174,0) size 87x22 [r=0 c=2 rs=1 cs=1]
              RenderText {#text} at (1,1) size 85x19
                text run at (1,1) width 85: "Row 5, Cell 3"
      RenderTable {TABLE} at (0,178) size 261x131
        RenderBlock {CAPTION} at (0,0) size 261x20
          RenderInline {A} at (0,0) size 236x19
            RenderText {#text} at (10,0) size 236x19
              text run at (10,0) width 236: "Frame=\x{201C}above\x{201D} and Rules=\x{201C}none\x{201D}"
          RenderInline (generated) at (0,0) size 5x19
            RenderText at (246,0) size 5x19
              text run at (246,0) width 5: ":"
        RenderTableSection {THEAD} at (0,20) size 261x23
          RenderTableRow {TR} at (0,0) size 261x23
            RenderTableCell {TD} at (0,0) size 87x23 [border: (1px none #000000)] [r=0 c=0 rs=1 cs=1]
              RenderText {#text} at (1,2) size 85x19
                text run at (1,2) width 85: "Row 1, Cell 1"
            RenderTableCell {TD} at (87,0) size 87x23 [border: (1px none #000000)] [r=0 c=1 rs=1 cs=1]
              RenderText {#text} at (1,2) size 85x19
                text run at (1,2) width 85: "Row 1, Cell 2"
            RenderTableCell {TD} at (174,0) size 87x23 [border: (1px none #000000)] [r=0 c=2 rs=1 cs=1]
              RenderText {#text} at (1,2) size 85x19
                text run at (1,2) width 85: "Row 1, Cell 3"
        RenderTableSection {TBODY} at (0,43) size 261x66
          RenderTableRow {TR} at (0,0) size 261x22
            RenderTableCell {TD} at (0,11) size 87x22 [r=0 c=0 rs=2 cs=1]
              RenderText {#text} at (1,1) size 85x19
                text run at (1,1) width 85: "Row 2, Cell 1"
            RenderTableCell {TD} at (87,0) size 174x22 [r=0 c=1 rs=1 cs=2]
              RenderText {#text} at (1,1) size 85x19
                text run at (1,1) width 85: "Row 2, Cell 2"
          RenderTableRow {TR} at (0,22) size 261x22
            RenderTableCell {TD} at (87,22) size 87x22 [r=1 c=1 rs=1 cs=1]
              RenderText {#text} at (1,1) size 85x19
                text run at (1,1) width 85: "Row 3, Cell 2"
            RenderTableCell {TD} at (174,33) size 87x22 [r=1 c=2 rs=2 cs=1]
              RenderText {#text} at (1,1) size 85x19
                text run at (1,1) width 85: "Row 3, Cell 3"
          RenderTableRow {TR} at (0,44) size 261x22
            RenderTableCell {TD} at (0,44) size 174x22 [r=2 c=0 rs=1 cs=2]
              RenderText {#text} at (1,1) size 85x19
                text run at (1,1) width 85: "Row 4, Cell 1"
        RenderTableSection {TFOOT} at (0,109) size 261x22
          RenderTableRow {TR} at (0,0) size 261x22
            RenderTableCell {TD} at (0,0) size 87x22 [r=0 c=0 rs=1 cs=1]
              RenderText {#text} at (1,1) size 85x19
                text run at (1,1) width 85: "Row 5, Cell 1"
            RenderTableCell {TD} at (87,0) size 87x22 [r=0 c=1 rs=1 cs=1]
              RenderText {#text} at (1,1) size 85x19
                text run at (1,1) width 85: "Row 5, Cell 2"
            RenderTableCell {TD} at (174,0) size 87x22 [r=0 c=2 rs=1 cs=1]
              RenderText {#text} at (1,1) size 85x19
                text run at (1,1) width 85: "Row 5, Cell 3"
      RenderTable {TABLE} at (0,357) size 261x131 [border: none (1px solid #808080) none]
        RenderBlock {CAPTION} at (0,0) size 261x20
          RenderInline {A} at (0,0) size 238x19
            RenderText {#text} at (9,0) size 238x19
              text run at (9,0) width 238: "Frame=\x{201C}below\x{201D} and Rules=\x{201C}none\x{201D}"
          RenderInline (generated) at (0,0) size 6x19
            RenderText at (246,0) size 6x19
              text run at (246,0) width 6: ":"
        RenderTableSection {THEAD} at (0,20) size 261x22
          RenderTableRow {TR} at (0,0) size 261x22
            RenderTableCell {TD} at (0,0) size 87x22 [r=0 c=0 rs=1 cs=1]
              RenderText {#text} at (1,1) size 85x19
                text run at (1,1) width 85: "Row 1, Cell 1"
            RenderTableCell {TD} at (87,0) size 87x22 [r=0 c=1 rs=1 cs=1]
              RenderText {#text} at (1,1) size 85x19
                text run at (1,1) width 85: "Row 1, Cell 2"
            RenderTableCell {TD} at (174,0) size 87x22 [r=0 c=2 rs=1 cs=1]
              RenderText {#text} at (1,1) size 85x19
                text run at (1,1) width 85: "Row 1, Cell 3"
        RenderTableSection {TBODY} at (0,42) size 261x66
          RenderTableRow {TR} at (0,0) size 261x22
            RenderTableCell {TD} at (0,11) size 87x22 [r=0 c=0 rs=2 cs=1]
              RenderText {#text} at (1,1) size 85x19
                text run at (1,1) width 85: "Row 2, Cell 1"
            RenderTableCell {TD} at (87,0) size 174x22 [r=0 c=1 rs=1 cs=2]
              RenderText {#text} at (1,1) size 85x19
                text run at (1,1) width 85: "Row 2, Cell 2"
          RenderTableRow {TR} at (0,22) size 261x22
            RenderTableCell {TD} at (87,22) size 87x22 [r=1 c=1 rs=1 cs=1]
              RenderText {#text} at (1,1) size 85x19
                text run at (1,1) width 85: "Row 3, Cell 2"
            RenderTableCell {TD} at (174,33) size 87x22 [r=1 c=2 rs=2 cs=1]
              RenderText {#text} at (1,1) size 85x19
                text run at (1,1) width 85: "Row 3, Cell 3"
          RenderTableRow {TR} at (0,44) size 261x22
            RenderTableCell {TD} at (0,44) size 174x22 [r=2 c=0 rs=1 cs=2]
              RenderText {#text} at (1,1) size 85x19
                text run at (1,1) width 85: "Row 4, Cell 1"
        RenderTableSection {TFOOT} at (0,108) size 261x22
          RenderTableRow {TR} at (0,0) size 261x22
            RenderTableCell {TD} at (0,0) size 87x22 [r=0 c=0 rs=1 cs=1]
              RenderText {#text} at (1,1) size 85x19
                text run at (1,1) width 85: "Row 5, Cell 1"
            RenderTableCell {TD} at (87,0) size 87x22 [r=0 c=1 rs=1 cs=1]
              RenderText {#text} at (1,1) size 85x19
                text run at (1,1) width 85: "Row 5, Cell 2"
            RenderTableCell {TD} at (174,0) size 87x22 [r=0 c=2 rs=1 cs=1]
              RenderText {#text} at (1,1) size 85x19
                text run at (1,1) width 85: "Row 5, Cell 3"
      RenderTable {TABLE} at (0,536) size 261x132 [border: none none (1px solid #808080) none]
        RenderBlock {CAPTION} at (0,0) size 261x20
          RenderInline {A} at (0,0) size 240x19
            RenderText {#text} at (8,0) size 240x19
              text run at (8,0) width 240: "Frame=\x{201C}hsides\x{201D} and Rules=\x{201C}none\x{201D}"
          RenderInline (generated) at (0,0) size 6x19
            RenderText at (247,0) size 6x19
              text run at (247,0) width 6: ":"
        RenderTableSection {THEAD} at (0,20) size 261x23
          RenderTableRow {TR} at (0,0) size 261x23
            RenderTableCell {TD} at (0,0) size 87x23 [border: (1px none #000000)] [r=0 c=0 rs=1 cs=1]
              RenderText {#text} at (1,2) size 85x19
                text run at (1,2) width 85: "Row 1, Cell 1"
            RenderTableCell {TD} at (87,0) size 87x23 [border: (1px none #000000)] [r=0 c=1 rs=1 cs=1]
              RenderText {#text} at (1,2) size 85x19
                text run at (1,2) width 85: "Row 1, Cell 2"
            RenderTableCell {TD} at (174,0) size 87x23 [border: (1px none #000000)] [r=0 c=2 rs=1 cs=1]
              RenderText {#text} at (1,2) size 85x19
                text run at (1,2) width 85: "Row 1, Cell 3"
        RenderTableSection {TBODY} at (0,43) size 261x66
          RenderTableRow {TR} at (0,0) size 261x22
            RenderTableCell {TD} at (0,11) size 87x22 [r=0 c=0 rs=2 cs=1]
              RenderText {#text} at (1,1) size 85x19
                text run at (1,1) width 85: "Row 2, Cell 1"
            RenderTableCell {TD} at (87,0) size 174x22 [r=0 c=1 rs=1 cs=2]
              RenderText {#text} at (1,1) size 85x19
                text run at (1,1) width 85: "Row 2, Cell 2"
          RenderTableRow {TR} at (0,22) size 261x22
            RenderTableCell {TD} at (87,22) size 87x22 [r=1 c=1 rs=1 cs=1]
              RenderText {#text} at (1,1) size 85x19
                text run at (1,1) width 85: "Row 3, Cell 2"
            RenderTableCell {TD} at (174,33) size 87x22 [r=1 c=2 rs=2 cs=1]
              RenderText {#text} at (1,1) size 85x19
                text run at (1,1) width 85: "Row 3, Cell 3"
          RenderTableRow {TR} at (0,44) size 261x22
            RenderTableCell {TD} at (0,44) size 174x22 [r=2 c=0 rs=1 cs=2]
              RenderText {#text} at (1,1) size 85x19
                text run at (1,1) width 85: "Row 4, Cell 1"
        RenderTableSection {TFOOT} at (0,109) size 261x22
          RenderTableRow {TR} at (0,0) size 261x22
            RenderTableCell {TD} at (0,0) size 87x22 [r=0 c=0 rs=1 cs=1]
              RenderText {#text} at (1,1) size 85x19
                text run at (1,1) width 85: "Row 5, Cell 1"
            RenderTableCell {TD} at (87,0) size 87x22 [r=0 c=1 rs=1 cs=1]
              RenderText {#text} at (1,1) size 85x19
                text run at (1,1) width 85: "Row 5, Cell 2"
            RenderTableCell {TD} at (174,0) size 87x22 [r=0 c=2 rs=1 cs=1]
              RenderText {#text} at (1,1) size 85x19
                text run at (1,1) width 85: "Row 5, Cell 3"
      RenderTable {TABLE} at (0,716) size 263x130 [border: none (1px solid #808080) none none]
        RenderBlock {CAPTION} at (0,0) size 263x20
          RenderInline {A} at (0,0) size 238x19
            RenderText {#text} at (10,0) size 238x19
              text run at (10,0) width 238: "Frame=\x{201C}vsides\x{201D} and Rules=\x{201C}none\x{201D}"
          RenderInline (generated) at (0,0) size 6x19
            RenderText at (247,0) size 6x19
              text run at (247,0) width 6: ":"
        RenderTableSection {THEAD} at (0,20) size 262x22
          RenderTableRow {TR} at (0,0) size 262x22
            RenderTableCell {TD} at (0,0) size 88x22 [border: none] [r=0 c=0 rs=1 cs=1]
              RenderText {#text} at (2,1) size 85x19
                text run at (2,1) width 85: "Row 1, Cell 1"
            RenderTableCell {TD} at (88,0) size 87x22 [r=0 c=1 rs=1 cs=1]
              RenderText {#text} at (1,1) size 85x19
                text run at (1,1) width 85: "Row 1, Cell 2"
            RenderTableCell {TD} at (175,0) size 87x22 [r=0 c=2 rs=1 cs=1]
              RenderText {#text} at (1,1) size 85x19
                text run at (1,1) width 85: "Row 1, Cell 3"
        RenderTableSection {TBODY} at (0,42) size 262x66
          RenderTableRow {TR} at (0,0) size 262x22
            RenderTableCell {TD} at (0,11) size 88x22 [border: none] [r=0 c=0 rs=2 cs=1]
              RenderText {#text} at (2,1) size 85x19
                text run at (2,1) width 85: "Row 2, Cell 1"
            RenderTableCell {TD} at (88,0) size 174x22 [r=0 c=1 rs=1 cs=2]
              RenderText {#text} at (1,1) size 85x19
                text run at (1,1) width 85: "Row 2, Cell 2"
          RenderTableRow {TR} at (0,22) size 262x22
            RenderTableCell {TD} at (88,22) size 87x22 [r=1 c=1 rs=1 cs=1]
              RenderText {#text} at (1,1) size 85x19
                text run at (1,1) width 85: "Row 3, Cell 2"
            RenderTableCell {TD} at (175,33) size 87x22 [r=1 c=2 rs=2 cs=1]
              RenderText {#text} at (1,1) size 85x19
                text run at (1,1) width 85: "Row 3, Cell 3"
          RenderTableRow {TR} at (0,44) size 262x22
            RenderTableCell {TD} at (0,44) size 175x22 [border: none] [r=2 c=0 rs=1 cs=2]
              RenderText {#text} at (2,1) size 85x19
                text run at (2,1) width 85: "Row 4, Cell 1"
        RenderTableSection {TFOOT} at (0,108) size 262x22
          RenderTableRow {TR} at (0,0) size 262x22
            RenderTableCell {TD} at (0,0) size 88x22 [border: none] [r=0 c=0 rs=1 cs=1]
              RenderText {#text} at (2,1) size 85x19
                text run at (2,1) width 85: "Row 5, Cell 1"
            RenderTableCell {TD} at (88,0) size 87x22 [r=0 c=1 rs=1 cs=1]
              RenderText {#text} at (1,1) size 85x19
                text run at (1,1) width 85: "Row 5, Cell 2"
            RenderTableCell {TD} at (175,0) size 87x22 [r=0 c=2 rs=1 cs=1]
              RenderText {#text} at (1,1) size 85x19
                text run at (1,1) width 85: "Row 5, Cell 3"
      RenderTable {TABLE} at (0,894) size 262x130
        RenderBlock {CAPTION} at (0,0) size 262x20
          RenderInline {A} at (0,0) size 219x19
            RenderText {#text} at (19,0) size 219x19
              text run at (19,0) width 219: "Frame=\x{201C}lhs\x{201D} and Rules=\x{201C}none\x{201D}"
          RenderInline (generated) at (0,0) size 6x19
            RenderText at (237,0) size 6x19
              text run at (237,0) width 6: ":"
        RenderTableSection {THEAD} at (0,20) size 262x22
          RenderTableRow {TR} at (0,0) size 262x22
            RenderTableCell {TD} at (0,0) size 88x22 [border: none] [r=0 c=0 rs=1 cs=1]
              RenderText {#text} at (2,1) size 85x19
                text run at (2,1) width 85: "Row 1, Cell 1"
            RenderTableCell {TD} at (88,0) size 87x22 [r=0 c=1 rs=1 cs=1]
              RenderText {#text} at (1,1) size 85x19
                text run at (1,1) width 85: "Row 1, Cell 2"
            RenderTableCell {TD} at (175,0) size 87x22 [r=0 c=2 rs=1 cs=1]
              RenderText {#text} at (1,1) size 85x19
                text run at (1,1) width 85: "Row 1, Cell 3"
        RenderTableSection {TBODY} at (0,42) size 262x66
          RenderTableRow {TR} at (0,0) size 262x22
            RenderTableCell {TD} at (0,11) size 88x22 [border: none] [r=0 c=0 rs=2 cs=1]
              RenderText {#text} at (2,1) size 85x19
                text run at (2,1) width 85: "Row 2, Cell 1"
            RenderTableCell {TD} at (88,0) size 174x22 [r=0 c=1 rs=1 cs=2]
              RenderText {#text} at (1,1) size 85x19
                text run at (1,1) width 85: "Row 2, Cell 2"
          RenderTableRow {TR} at (0,22) size 262x22
            RenderTableCell {TD} at (88,22) size 87x22 [r=1 c=1 rs=1 cs=1]
              RenderText {#text} at (1,1) size 85x19
                text run at (1,1) width 85: "Row 3, Cell 2"
            RenderTableCell {TD} at (175,33) size 87x22 [r=1 c=2 rs=2 cs=1]
              RenderText {#text} at (1,1) size 85x19
                text run at (1,1) width 85: "Row 3, Cell 3"
          RenderTableRow {TR} at (0,44) size 262x22
            RenderTableCell {TD} at (0,44) size 175x22 [border: none] [r=2 c=0 rs=1 cs=2]
              RenderText {#text} at (2,1) size 85x19
                text run at (2,1) width 85: "Row 4, Cell 1"
        RenderTableSection {TFOOT} at (0,108) size 262x22
          RenderTableRow {TR} at (0,0) size 262x22
            RenderTableCell {TD} at (0,0) size 88x22 [border: none] [r=0 c=0 rs=1 cs=1]
              RenderText {#text} at (2,1) size 85x19
                text run at (2,1) width 85: "Row 5, Cell 1"
            RenderTableCell {TD} at (88,0) size 87x22 [r=0 c=1 rs=1 cs=1]
              RenderText {#text} at (1,1) size 85x19
                text run at (1,1) width 85: "Row 5, Cell 2"
            RenderTableCell {TD} at (175,0) size 87x22 [r=0 c=2 rs=1 cs=1]
              RenderText {#text} at (1,1) size 85x19
                text run at (1,1) width 85: "Row 5, Cell 3"
      RenderTable {TABLE} at (0,1072) size 262x130 [border: none (1px solid #808080) none]
        RenderBlock {CAPTION} at (0,0) size 262x20
          RenderInline {A} at (0,0) size 219x19
            RenderText {#text} at (19,0) size 219x19
              text run at (19,0) width 219: "Frame=\x{201C}rhs\x{201D} and Rules=\x{201C}none\x{201D}"
          RenderInline (generated) at (0,0) size 5x19
            RenderText at (238,0) size 5x19
              text run at (238,0) width 5: ":"
        RenderTableSection {THEAD} at (0,20) size 261x22
          RenderTableRow {TR} at (0,0) size 261x22
            RenderTableCell {TD} at (0,0) size 87x22 [r=0 c=0 rs=1 cs=1]
              RenderText {#text} at (1,1) size 85x19
                text run at (1,1) width 85: "Row 1, Cell 1"
            RenderTableCell {TD} at (87,0) size 87x22 [r=0 c=1 rs=1 cs=1]
              RenderText {#text} at (1,1) size 85x19
                text run at (1,1) width 85: "Row 1, Cell 2"
            RenderTableCell {TD} at (174,0) size 87x22 [r=0 c=2 rs=1 cs=1]
              RenderText {#text} at (1,1) size 85x19
                text run at (1,1) width 85: "Row 1, Cell 3"
        RenderTableSection {TBODY} at (0,42) size 261x66
          RenderTableRow {TR} at (0,0) size 261x22
            RenderTableCell {TD} at (0,11) size 87x22 [r=0 c=0 rs=2 cs=1]
              RenderText {#text} at (1,1) size 85x19
                text run at (1,1) width 85: "Row 2, Cell 1"
            RenderTableCell {TD} at (87,0) size 174x22 [r=0 c=1 rs=1 cs=2]
              RenderText {#text} at (1,1) size 85x19
                text run at (1,1) width 85: "Row 2, Cell 2"
          RenderTableRow {TR} at (0,22) size 261x22
            RenderTableCell {TD} at (87,22) size 87x22 [r=1 c=1 rs=1 cs=1]
              RenderText {#text} at (1,1) size 85x19
                text run at (1,1) width 85: "Row 3, Cell 2"
            RenderTableCell {TD} at (174,33) size 87x22 [r=1 c=2 rs=2 cs=1]
              RenderText {#text} at (1,1) size 85x19
                text run at (1,1) width 85: "Row 3, Cell 3"
          RenderTableRow {TR} at (0,44) size 261x22
            RenderTableCell {TD} at (0,44) size 174x22 [r=2 c=0 rs=1 cs=2]
              RenderText {#text} at (1,1) size 85x19
                text run at (1,1) width 85: "Row 4, Cell 1"
        RenderTableSection {TFOOT} at (0,108) size 261x22
          RenderTableRow {TR} at (0,0) size 261x22
            RenderTableCell {TD} at (0,0) size 87x22 [r=0 c=0 rs=1 cs=1]
              RenderText {#text} at (1,1) size 85x19
                text run at (1,1) width 85: "Row 5, Cell 1"
            RenderTableCell {TD} at (87,0) size 87x22 [r=0 c=1 rs=1 cs=1]
              RenderText {#text} at (1,1) size 85x19
                text run at (1,1) width 85: "Row 5, Cell 2"
            RenderTableCell {TD} at (174,0) size 87x22 [r=0 c=2 rs=1 cs=1]
              RenderText {#text} at (1,1) size 85x19
                text run at (1,1) width 85: "Row 5, Cell 3"
      RenderTable {TABLE} at (0,1250) size 263x132 [border: none]
        RenderBlock {CAPTION} at (0,0) size 263x20
          RenderInline {A} at (0,0) size 222x19
            RenderText {#text} at (18,0) size 222x19
              text run at (18,0) width 222: "Frame=\x{201C}box\x{201D} and Rules=\x{201C}none\x{201D}"
          RenderInline (generated) at (0,0) size 5x19
            RenderText at (240,0) size 5x19
              text run at (240,0) width 5: ":"
        RenderTableSection {THEAD} at (0,20) size 262x23
          RenderTableRow {TR} at (0,0) size 262x23
            RenderTableCell {TD} at (0,0) size 88x23 [border: (1px none #000000)] [r=0 c=0 rs=1 cs=1]
              RenderText {#text} at (2,2) size 85x19
                text run at (2,2) width 85: "Row 1, Cell 1"
            RenderTableCell {TD} at (88,0) size 87x23 [border: (1px none #000000)] [r=0 c=1 rs=1 cs=1]
              RenderText {#text} at (1,2) size 85x19
                text run at (1,2) width 85: "Row 1, Cell 2"
            RenderTableCell {TD} at (175,0) size 87x23 [border: (1px none #000000)] [r=0 c=2 rs=1 cs=1]
              RenderText {#text} at (1,2) size 85x19
                text run at (1,2) width 85: "Row 1, Cell 3"
        RenderTableSection {TBODY} at (0,43) size 262x66
          RenderTableRow {TR} at (0,0) size 262x22
            RenderTableCell {TD} at (0,11) size 88x22 [border: none] [r=0 c=0 rs=2 cs=1]
              RenderText {#text} at (2,1) size 85x19
                text run at (2,1) width 85: "Row 2, Cell 1"
            RenderTableCell {TD} at (88,0) size 174x22 [r=0 c=1 rs=1 cs=2]
              RenderText {#text} at (1,1) size 85x19
                text run at (1,1) width 85: "Row 2, Cell 2"
          RenderTableRow {TR} at (0,22) size 262x22
            RenderTableCell {TD} at (88,22) size 87x22 [r=1 c=1 rs=1 cs=1]
              RenderText {#text} at (1,1) size 85x19
                text run at (1,1) width 85: "Row 3, Cell 2"
            RenderTableCell {TD} at (175,33) size 87x22 [r=1 c=2 rs=2 cs=1]
              RenderText {#text} at (1,1) size 85x19
                text run at (1,1) width 85: "Row 3, Cell 3"
          RenderTableRow {TR} at (0,44) size 262x22
            RenderTableCell {TD} at (0,44) size 175x22 [border: none] [r=2 c=0 rs=1 cs=2]
              RenderText {#text} at (2,1) size 85x19
                text run at (2,1) width 85: "Row 4, Cell 1"
        RenderTableSection {TFOOT} at (0,109) size 262x22
          RenderTableRow {TR} at (0,0) size 262x22
            RenderTableCell {TD} at (0,0) size 88x22 [border: none] [r=0 c=0 rs=1 cs=1]
              RenderText {#text} at (2,1) size 85x19
                text run at (2,1) width 85: "Row 5, Cell 1"
            RenderTableCell {TD} at (88,0) size 87x22 [r=0 c=1 rs=1 cs=1]
              RenderText {#text} at (1,1) size 85x19
                text run at (1,1) width 85: "Row 5, Cell 2"
            RenderTableCell {TD} at (175,0) size 87x22 [r=0 c=2 rs=1 cs=1]
              RenderText {#text} at (1,1) size 85x19
                text run at (1,1) width 85: "Row 5, Cell 3"
      RenderTable {TABLE} at (0,1430) size 263x132 [border: none]
        RenderBlock {CAPTION} at (0,0) size 263x20
          RenderInline {A} at (0,0) size 242x19
            RenderText {#text} at (8,0) size 242x19
              text run at (8,0) width 242: "Frame=\x{201C}border\x{201D} and Rules=\x{201C}none\x{201D}"
          RenderInline (generated) at (0,0) size 6x19
            RenderText at (249,0) size 6x19
              text run at (249,0) width 6: ":"
        RenderTableSection {THEAD} at (0,20) size 262x23
          RenderTableRow {TR} at (0,0) size 262x23
            RenderTableCell {TD} at (0,0) size 88x23 [border: (1px none #000000)] [r=0 c=0 rs=1 cs=1]
              RenderText {#text} at (2,2) size 85x19
                text run at (2,2) width 85: "Row 1, Cell 1"
            RenderTableCell {TD} at (88,0) size 87x23 [border: (1px none #000000)] [r=0 c=1 rs=1 cs=1]
              RenderText {#text} at (1,2) size 85x19
                text run at (1,2) width 85: "Row 1, Cell 2"
            RenderTableCell {TD} at (175,0) size 87x23 [border: (1px none #000000)] [r=0 c=2 rs=1 cs=1]
              RenderText {#text} at (1,2) size 85x19
                text run at (1,2) width 85: "Row 1, Cell 3"
        RenderTableSection {TBODY} at (0,43) size 262x66
          RenderTableRow {TR} at (0,0) size 262x22
            RenderTableCell {TD} at (0,11) size 88x22 [border: none] [r=0 c=0 rs=2 cs=1]
              RenderText {#text} at (2,1) size 85x19
                text run at (2,1) width 85: "Row 2, Cell 1"
            RenderTableCell {TD} at (88,0) size 174x22 [r=0 c=1 rs=1 cs=2]
              RenderText {#text} at (1,1) size 85x19
                text run at (1,1) width 85: "Row 2, Cell 2"
          RenderTableRow {TR} at (0,22) size 262x22
            RenderTableCell {TD} at (88,22) size 87x22 [r=1 c=1 rs=1 cs=1]
              RenderText {#text} at (1,1) size 85x19
                text run at (1,1) width 85: "Row 3, Cell 2"
            RenderTableCell {TD} at (175,33) size 87x22 [r=1 c=2 rs=2 cs=1]
              RenderText {#text} at (1,1) size 85x19
                text run at (1,1) width 85: "Row 3, Cell 3"
          RenderTableRow {TR} at (0,44) size 262x22
            RenderTableCell {TD} at (0,44) size 175x22 [border: none] [r=2 c=0 rs=1 cs=2]
              RenderText {#text} at (2,1) size 85x19
                text run at (2,1) width 85: "Row 4, Cell 1"
        RenderTableSection {TFOOT} at (0,109) size 262x22
          RenderTableRow {TR} at (0,0) size 262x22
            RenderTableCell {TD} at (0,0) size 88x22 [border: none] [r=0 c=0 rs=1 cs=1]
              RenderText {#text} at (2,1) size 85x19
                text run at (2,1) width 85: "Row 5, Cell 1"
            RenderTableCell {TD} at (88,0) size 87x22 [r=0 c=1 rs=1 cs=1]
              RenderText {#text} at (1,1) size 85x19
                text run at (1,1) width 85: "Row 5, Cell 2"
            RenderTableCell {TD} at (175,0) size 87x22 [r=0 c=2 rs=1 cs=1]
              RenderText {#text} at (1,1) size 85x19
                text run at (1,1) width 85: "Row 5, Cell 3"
      RenderTable {TABLE} at (0,1610) size 261x132
        RenderBlock {CAPTION} at (0,0) size 261x20
          RenderInline {A} at (0,0) size 238x19
            RenderText {#text} at (9,0) size 238x19
              text run at (9,0) width 238: "Frame=\x{201C}void\x{201D} and Rules=\x{201C}groups\x{201D}"
          RenderInline (generated) at (0,0) size 5x19
            RenderText at (247,0) size 5x19
              text run at (247,0) width 5: ":"
        RenderTableSection {THEAD} at (0,20) size 261x22 [border: (1px solid #808080) none (1px solid #808080) none]
          RenderTableRow {TR} at (0,0) size 261x22
            RenderTableCell {TD} at (0,0) size 87x22 [r=0 c=0 rs=1 cs=1]
              RenderText {#text} at (1,1) size 85x19
                text run at (1,1) width 85: "Row 1, Cell 1"
            RenderTableCell {TD} at (87,0) size 87x22 [r=0 c=1 rs=1 cs=1]
              RenderText {#text} at (1,1) size 85x19
                text run at (1,1) width 85: "Row 1, Cell 2"
            RenderTableCell {TD} at (174,0) size 87x22 [r=0 c=2 rs=1 cs=1]
              RenderText {#text} at (1,1) size 85x19
                text run at (1,1) width 85: "Row 1, Cell 3"
        RenderTableSection {TBODY} at (0,42) size 261x67 [border: (1px solid #808080) none (1px solid #808080) none]
          RenderTableRow {TR} at (0,0) size 261x23
            RenderTableCell {TD} at (0,11) size 87x23 [border: (1px none #000000)] [r=0 c=0 rs=2 cs=1]
              RenderText {#text} at (1,2) size 85x19
                text run at (1,2) width 85: "Row 2, Cell 1"
            RenderTableCell {TD} at (87,0) size 174x23 [border: (1px none #000000)] [r=0 c=1 rs=1 cs=2]
              RenderText {#text} at (1,2) size 85x19
                text run at (1,2) width 85: "Row 2, Cell 2"
          RenderTableRow {TR} at (0,23) size 261x22
            RenderTableCell {TD} at (87,23) size 87x22 [r=1 c=1 rs=1 cs=1]
              RenderText {#text} at (1,1) size 85x19
                text run at (1,1) width 85: "Row 3, Cell 2"
            RenderTableCell {TD} at (174,34) size 87x22 [r=1 c=2 rs=2 cs=1]
              RenderText {#text} at (1,1) size 85x19
                text run at (1,1) width 85: "Row 3, Cell 3"
          RenderTableRow {TR} at (0,45) size 261x22
            RenderTableCell {TD} at (0,45) size 174x22 [r=2 c=0 rs=1 cs=2]
              RenderText {#text} at (1,1) size 85x19
                text run at (1,1) width 85: "Row 4, Cell 1"
        RenderTableSection {TFOOT} at (0,109) size 261x23 [border: (1px solid #808080) none (1px solid #808080) none]
          RenderTableRow {TR} at (0,0) size 261x23
            RenderTableCell {TD} at (0,0) size 87x23 [border: (1px none #000000)] [r=0 c=0 rs=1 cs=1]
              RenderText {#text} at (1,2) size 85x19
                text run at (1,2) width 85: "Row 5, Cell 1"
            RenderTableCell {TD} at (87,0) size 87x23 [border: (1px none #000000)] [r=0 c=1 rs=1 cs=1]
              RenderText {#text} at (1,2) size 85x19
                text run at (1,2) width 85: "Row 5, Cell 2"
            RenderTableCell {TD} at (174,0) size 87x23 [border: (1px none #000000)] [r=0 c=2 rs=1 cs=1]
              RenderText {#text} at (1,2) size 85x19
                text run at (1,2) width 85: "Row 5, Cell 3"
      RenderTable {TABLE} at (0,1790) size 261x133
        RenderBlock {CAPTION} at (0,0) size 261x20
          RenderInline {A} at (0,0) size 248x19
            RenderText {#text} at (4,0) size 248x19
              text run at (4,0) width 248: "Frame=\x{201C}above\x{201D} and Rules=\x{201C}groups\x{201D}"
          RenderInline (generated) at (0,0) size 5x19
            RenderText at (252,0) size 5x19
              text run at (252,0) width 5: ":"
        RenderTableSection {THEAD} at (0,20) size 261x23 [border: (1px solid #808080) none (1px solid #808080) none]
          RenderTableRow {TR} at (0,0) size 261x23
            RenderTableCell {TD} at (0,0) size 87x23 [border: (1px none #000000)] [r=0 c=0 rs=1 cs=1]
              RenderText {#text} at (1,2) size 85x19
                text run at (1,2) width 85: "Row 1, Cell 1"
            RenderTableCell {TD} at (87,0) size 87x23 [border: (1px none #000000)] [r=0 c=1 rs=1 cs=1]
              RenderText {#text} at (1,2) size 85x19
                text run at (1,2) width 85: "Row 1, Cell 2"
            RenderTableCell {TD} at (174,0) size 87x23 [border: (1px none #000000)] [r=0 c=2 rs=1 cs=1]
              RenderText {#text} at (1,2) size 85x19
                text run at (1,2) width 85: "Row 1, Cell 3"
        RenderTableSection {TBODY} at (0,43) size 261x67 [border: (1px solid #808080) none (1px solid #808080) none]
          RenderTableRow {TR} at (0,0) size 261x23
            RenderTableCell {TD} at (0,11) size 87x23 [border: (1px none #000000)] [r=0 c=0 rs=2 cs=1]
              RenderText {#text} at (1,2) size 85x19
                text run at (1,2) width 85: "Row 2, Cell 1"
            RenderTableCell {TD} at (87,0) size 174x23 [border: (1px none #000000)] [r=0 c=1 rs=1 cs=2]
              RenderText {#text} at (1,2) size 85x19
                text run at (1,2) width 85: "Row 2, Cell 2"
          RenderTableRow {TR} at (0,23) size 261x22
            RenderTableCell {TD} at (87,23) size 87x22 [r=1 c=1 rs=1 cs=1]
              RenderText {#text} at (1,1) size 85x19
                text run at (1,1) width 85: "Row 3, Cell 2"
            RenderTableCell {TD} at (174,34) size 87x22 [r=1 c=2 rs=2 cs=1]
              RenderText {#text} at (1,1) size 85x19
                text run at (1,1) width 85: "Row 3, Cell 3"
          RenderTableRow {TR} at (0,45) size 261x22
            RenderTableCell {TD} at (0,45) size 174x22 [r=2 c=0 rs=1 cs=2]
              RenderText {#text} at (1,1) size 85x19
                text run at (1,1) width 85: "Row 4, Cell 1"
        RenderTableSection {TFOOT} at (0,110) size 261x23 [border: (1px solid #808080) none (1px solid #808080) none]
          RenderTableRow {TR} at (0,0) size 261x23
            RenderTableCell {TD} at (0,0) size 87x23 [border: (1px none #000000)] [r=0 c=0 rs=1 cs=1]
              RenderText {#text} at (1,2) size 85x19
                text run at (1,2) width 85: "Row 5, Cell 1"
            RenderTableCell {TD} at (87,0) size 87x23 [border: (1px none #000000)] [r=0 c=1 rs=1 cs=1]
              RenderText {#text} at (1,2) size 85x19
                text run at (1,2) width 85: "Row 5, Cell 2"
            RenderTableCell {TD} at (174,0) size 87x23 [border: (1px none #000000)] [r=0 c=2 rs=1 cs=1]
              RenderText {#text} at (1,2) size 85x19
                text run at (1,2) width 85: "Row 5, Cell 3"
      RenderTable {TABLE} at (0,1971) size 261x133 [border: none (1px solid #808080) none]
        RenderBlock {CAPTION} at (0,0) size 261x20
          RenderInline {A} at (0,0) size 250x19
            RenderText {#text} at (3,0) size 250x19
              text run at (3,0) width 250: "Frame=\x{201C}below\x{201D} and Rules=\x{201C}groups\x{201D}"
          RenderInline (generated) at (0,0) size 6x19
            RenderText at (252,0) size 6x19
              text run at (252,0) width 6: ":"
        RenderTableSection {THEAD} at (0,20) size 261x22 [border: (1px solid #808080) none (1px solid #808080) none]
          RenderTableRow {TR} at (0,0) size 261x22
            RenderTableCell {TD} at (0,0) size 87x22 [r=0 c=0 rs=1 cs=1]
              RenderText {#text} at (1,1) size 85x19
                text run at (1,1) width 85: "Row 1, Cell 1"
            RenderTableCell {TD} at (87,0) size 87x22 [r=0 c=1 rs=1 cs=1]
              RenderText {#text} at (1,1) size 85x19
                text run at (1,1) width 85: "Row 1, Cell 2"
            RenderTableCell {TD} at (174,0) size 87x22 [r=0 c=2 rs=1 cs=1]
              RenderText {#text} at (1,1) size 85x19
                text run at (1,1) width 85: "Row 1, Cell 3"
        RenderTableSection {TBODY} at (0,42) size 261x67 [border: (1px solid #808080) none (1px solid #808080) none]
          RenderTableRow {TR} at (0,0) size 261x23
            RenderTableCell {TD} at (0,11) size 87x23 [border: (1px none #000000)] [r=0 c=0 rs=2 cs=1]
              RenderText {#text} at (1,2) size 85x19
                text run at (1,2) width 85: "Row 2, Cell 1"
            RenderTableCell {TD} at (87,0) size 174x23 [border: (1px none #000000)] [r=0 c=1 rs=1 cs=2]
              RenderText {#text} at (1,2) size 85x19
                text run at (1,2) width 85: "Row 2, Cell 2"
          RenderTableRow {TR} at (0,23) size 261x22
            RenderTableCell {TD} at (87,23) size 87x22 [r=1 c=1 rs=1 cs=1]
              RenderText {#text} at (1,1) size 85x19
                text run at (1,1) width 85: "Row 3, Cell 2"
            RenderTableCell {TD} at (174,34) size 87x22 [r=1 c=2 rs=2 cs=1]
              RenderText {#text} at (1,1) size 85x19
                text run at (1,1) width 85: "Row 3, Cell 3"
          RenderTableRow {TR} at (0,45) size 261x22
            RenderTableCell {TD} at (0,45) size 174x22 [r=2 c=0 rs=1 cs=2]
              RenderText {#text} at (1,1) size 85x19
                text run at (1,1) width 85: "Row 4, Cell 1"
        RenderTableSection {TFOOT} at (0,109) size 261x23 [border: (1px solid #808080) none (1px solid #808080) none]
          RenderTableRow {TR} at (0,0) size 261x23
            RenderTableCell {TD} at (0,0) size 87x23 [border: (1px none #000000)] [r=0 c=0 rs=1 cs=1]
              RenderText {#text} at (1,2) size 85x19
                text run at (1,2) width 85: "Row 5, Cell 1"
            RenderTableCell {TD} at (87,0) size 87x23 [border: (1px none #000000)] [r=0 c=1 rs=1 cs=1]
              RenderText {#text} at (1,2) size 85x19
                text run at (1,2) width 85: "Row 5, Cell 2"
            RenderTableCell {TD} at (174,0) size 87x23 [border: (1px none #000000)] [r=0 c=2 rs=1 cs=1]
              RenderText {#text} at (1,2) size 85x19
                text run at (1,2) width 85: "Row 5, Cell 3"
      RenderTable {TABLE} at (0,2152) size 261x134 [border: none none (1px solid #808080) none]
        RenderBlock {CAPTION} at (0,0) size 261x20
          RenderInline {A} at (0,0) size 252x19
            RenderText {#text} at (2,0) size 252x19
              text run at (2,0) width 252: "Frame=\x{201C}hsides\x{201D} and Rules=\x{201C}groups\x{201D}"
          RenderInline (generated) at (0,0) size 6x19
            RenderText at (253,0) size 6x19
              text run at (253,0) width 6: ":"
        RenderTableSection {THEAD} at (0,20) size 261x23 [border: (1px solid #808080) none (1px solid #808080) none]
          RenderTableRow {TR} at (0,0) size 261x23
            RenderTableCell {TD} at (0,0) size 87x23 [border: (1px none #000000)] [r=0 c=0 rs=1 cs=1]
              RenderText {#text} at (1,2) size 85x19
                text run at (1,2) width 85: "Row 1, Cell 1"
            RenderTableCell {TD} at (87,0) size 87x23 [border: (1px none #000000)] [r=0 c=1 rs=1 cs=1]
              RenderText {#text} at (1,2) size 85x19
                text run at (1,2) width 85: "Row 1, Cell 2"
            RenderTableCell {TD} at (174,0) size 87x23 [border: (1px none #000000)] [r=0 c=2 rs=1 cs=1]
              RenderText {#text} at (1,2) size 85x19
                text run at (1,2) width 85: "Row 1, Cell 3"
        RenderTableSection {TBODY} at (0,43) size 261x67 [border: (1px solid #808080) none (1px solid #808080) none]
          RenderTableRow {TR} at (0,0) size 261x23
            RenderTableCell {TD} at (0,11) size 87x23 [border: (1px none #000000)] [r=0 c=0 rs=2 cs=1]
              RenderText {#text} at (1,2) size 85x19
                text run at (1,2) width 85: "Row 2, Cell 1"
            RenderTableCell {TD} at (87,0) size 174x23 [border: (1px none #000000)] [r=0 c=1 rs=1 cs=2]
              RenderText {#text} at (1,2) size 85x19
                text run at (1,2) width 85: "Row 2, Cell 2"
          RenderTableRow {TR} at (0,23) size 261x22
            RenderTableCell {TD} at (87,23) size 87x22 [r=1 c=1 rs=1 cs=1]
              RenderText {#text} at (1,1) size 85x19
                text run at (1,1) width 85: "Row 3, Cell 2"
            RenderTableCell {TD} at (174,34) size 87x22 [r=1 c=2 rs=2 cs=1]
              RenderText {#text} at (1,1) size 85x19
                text run at (1,1) width 85: "Row 3, Cell 3"
          RenderTableRow {TR} at (0,45) size 261x22
            RenderTableCell {TD} at (0,45) size 174x22 [r=2 c=0 rs=1 cs=2]
              RenderText {#text} at (1,1) size 85x19
                text run at (1,1) width 85: "Row 4, Cell 1"
        RenderTableSection {TFOOT} at (0,110) size 261x23 [border: (1px solid #808080) none (1px solid #808080) none]
          RenderTableRow {TR} at (0,0) size 261x23
            RenderTableCell {TD} at (0,0) size 87x23 [border: (1px none #000000)] [r=0 c=0 rs=1 cs=1]
              RenderText {#text} at (1,2) size 85x19
                text run at (1,2) width 85: "Row 5, Cell 1"
            RenderTableCell {TD} at (87,0) size 87x23 [border: (1px none #000000)] [r=0 c=1 rs=1 cs=1]
              RenderText {#text} at (1,2) size 85x19
                text run at (1,2) width 85: "Row 5, Cell 2"
            RenderTableCell {TD} at (174,0) size 87x23 [border: (1px none #000000)] [r=0 c=2 rs=1 cs=1]
              RenderText {#text} at (1,2) size 85x19
                text run at (1,2) width 85: "Row 5, Cell 3"
      RenderTable {TABLE} at (0,2334) size 263x132 [border: none (1px solid #808080) none none]
        RenderBlock {CAPTION} at (0,0) size 263x20
          RenderInline {A} at (0,0) size 250x19
            RenderText {#text} at (4,0) size 250x19
              text run at (4,0) width 250: "Frame=\x{201C}vsides\x{201D} and Rules=\x{201C}groups\x{201D}"
          RenderInline (generated) at (0,0) size 6x19
            RenderText at (253,0) size 6x19
              text run at (253,0) width 6: ":"
        RenderTableSection {THEAD} at (0,20) size 262x22 [border: (1px solid #808080) none (1px solid #808080) none]
          RenderTableRow {TR} at (0,0) size 262x22
            RenderTableCell {TD} at (0,0) size 88x22 [border: none] [r=0 c=0 rs=1 cs=1]
              RenderText {#text} at (2,1) size 85x19
                text run at (2,1) width 85: "Row 1, Cell 1"
            RenderTableCell {TD} at (88,0) size 87x22 [r=0 c=1 rs=1 cs=1]
              RenderText {#text} at (1,1) size 85x19
                text run at (1,1) width 85: "Row 1, Cell 2"
            RenderTableCell {TD} at (175,0) size 87x22 [r=0 c=2 rs=1 cs=1]
              RenderText {#text} at (1,1) size 85x19
                text run at (1,1) width 85: "Row 1, Cell 3"
        RenderTableSection {TBODY} at (0,42) size 262x67 [border: (1px solid #808080) none (1px solid #808080) none]
          RenderTableRow {TR} at (0,0) size 262x23
            RenderTableCell {TD} at (0,11) size 88x23 [border: (1px none #000000)] [r=0 c=0 rs=2 cs=1]
              RenderText {#text} at (2,2) size 85x19
                text run at (2,2) width 85: "Row 2, Cell 1"
            RenderTableCell {TD} at (88,0) size 174x23 [border: (1px none #000000)] [r=0 c=1 rs=1 cs=2]
              RenderText {#text} at (1,2) size 85x19
                text run at (1,2) width 85: "Row 2, Cell 2"
          RenderTableRow {TR} at (0,23) size 262x22
            RenderTableCell {TD} at (88,23) size 87x22 [r=1 c=1 rs=1 cs=1]
              RenderText {#text} at (1,1) size 85x19
                text run at (1,1) width 85: "Row 3, Cell 2"
            RenderTableCell {TD} at (175,34) size 87x22 [r=1 c=2 rs=2 cs=1]
              RenderText {#text} at (1,1) size 85x19
                text run at (1,1) width 85: "Row 3, Cell 3"
          RenderTableRow {TR} at (0,45) size 262x22
            RenderTableCell {TD} at (0,45) size 175x22 [border: none] [r=2 c=0 rs=1 cs=2]
              RenderText {#text} at (2,1) size 85x19
                text run at (2,1) width 85: "Row 4, Cell 1"
        RenderTableSection {TFOOT} at (0,109) size 262x23 [border: (1px solid #808080) none (1px solid #808080) none]
          RenderTableRow {TR} at (0,0) size 262x23
            RenderTableCell {TD} at (0,0) size 88x23 [border: (1px none #000000)] [r=0 c=0 rs=1 cs=1]
              RenderText {#text} at (2,2) size 85x19
                text run at (2,2) width 85: "Row 5, Cell 1"
            RenderTableCell {TD} at (88,0) size 87x23 [border: (1px none #000000)] [r=0 c=1 rs=1 cs=1]
              RenderText {#text} at (1,2) size 85x19
                text run at (1,2) width 85: "Row 5, Cell 2"
            RenderTableCell {TD} at (175,0) size 87x23 [border: (1px none #000000)] [r=0 c=2 rs=1 cs=1]
              RenderText {#text} at (1,2) size 85x19
                text run at (1,2) width 85: "Row 5, Cell 3"
      RenderTable {TABLE} at (0,2514) size 262x132
        RenderBlock {CAPTION} at (0,0) size 262x20
          RenderInline {A} at (0,0) size 231x19
            RenderText {#text} at (13,0) size 231x19
              text run at (13,0) width 231: "Frame=\x{201C}lhs\x{201D} and Rules=\x{201C}groups\x{201D}"
          RenderInline (generated) at (0,0) size 6x19
            RenderText at (243,0) size 6x19
              text run at (243,0) width 6: ":"
        RenderTableSection {THEAD} at (0,20) size 262x22 [border: (1px solid #808080) none (1px solid #808080) none]
          RenderTableRow {TR} at (0,0) size 262x22
            RenderTableCell {TD} at (0,0) size 88x22 [border: none] [r=0 c=0 rs=1 cs=1]
              RenderText {#text} at (2,1) size 85x19
                text run at (2,1) width 85: "Row 1, Cell 1"
            RenderTableCell {TD} at (88,0) size 87x22 [r=0 c=1 rs=1 cs=1]
              RenderText {#text} at (1,1) size 85x19
                text run at (1,1) width 85: "Row 1, Cell 2"
            RenderTableCell {TD} at (175,0) size 87x22 [r=0 c=2 rs=1 cs=1]
              RenderText {#text} at (1,1) size 85x19
                text run at (1,1) width 85: "Row 1, Cell 3"
        RenderTableSection {TBODY} at (0,42) size 262x67 [border: (1px solid #808080) none (1px solid #808080) none]
          RenderTableRow {TR} at (0,0) size 262x23
            RenderTableCell {TD} at (0,11) size 88x23 [border: (1px none #000000)] [r=0 c=0 rs=2 cs=1]
              RenderText {#text} at (2,2) size 85x19
                text run at (2,2) width 85: "Row 2, Cell 1"
            RenderTableCell {TD} at (88,0) size 174x23 [border: (1px none #000000)] [r=0 c=1 rs=1 cs=2]
              RenderText {#text} at (1,2) size 85x19
                text run at (1,2) width 85: "Row 2, Cell 2"
          RenderTableRow {TR} at (0,23) size 262x22
            RenderTableCell {TD} at (88,23) size 87x22 [r=1 c=1 rs=1 cs=1]
              RenderText {#text} at (1,1) size 85x19
                text run at (1,1) width 85: "Row 3, Cell 2"
            RenderTableCell {TD} at (175,34) size 87x22 [r=1 c=2 rs=2 cs=1]
              RenderText {#text} at (1,1) size 85x19
                text run at (1,1) width 85: "Row 3, Cell 3"
          RenderTableRow {TR} at (0,45) size 262x22
            RenderTableCell {TD} at (0,45) size 175x22 [border: none] [r=2 c=0 rs=1 cs=2]
              RenderText {#text} at (2,1) size 85x19
                text run at (2,1) width 85: "Row 4, Cell 1"
        RenderTableSection {TFOOT} at (0,109) size 262x23 [border: (1px solid #808080) none (1px solid #808080) none]
          RenderTableRow {TR} at (0,0) size 262x23
            RenderTableCell {TD} at (0,0) size 88x23 [border: (1px none #000000)] [r=0 c=0 rs=1 cs=1]
              RenderText {#text} at (2,2) size 85x19
                text run at (2,2) width 85: "Row 5, Cell 1"
            RenderTableCell {TD} at (88,0) size 87x23 [border: (1px none #000000)] [r=0 c=1 rs=1 cs=1]
              RenderText {#text} at (1,2) size 85x19
                text run at (1,2) width 85: "Row 5, Cell 2"
            RenderTableCell {TD} at (175,0) size 87x23 [border: (1px none #000000)] [r=0 c=2 rs=1 cs=1]
              RenderText {#text} at (1,2) size 85x19
                text run at (1,2) width 85: "Row 5, Cell 3"
      RenderTable {TABLE} at (0,2694) size 262x132 [border: none (1px solid #808080) none]
        RenderBlock {CAPTION} at (0,0) size 262x20
          RenderInline {A} at (0,0) size 231x19
            RenderText {#text} at (13,0) size 231x19
              text run at (13,0) width 231: "Frame=\x{201C}rhs\x{201D} and Rules=\x{201C}groups\x{201D}"
          RenderInline (generated) at (0,0) size 5x19
            RenderText at (244,0) size 5x19
              text run at (244,0) width 5: ":"
        RenderTableSection {THEAD} at (0,20) size 261x22 [border: (1px solid #808080) none (1px solid #808080) none]
          RenderTableRow {TR} at (0,0) size 261x22
            RenderTableCell {TD} at (0,0) size 87x22 [r=0 c=0 rs=1 cs=1]
              RenderText {#text} at (1,1) size 85x19
                text run at (1,1) width 85: "Row 1, Cell 1"
            RenderTableCell {TD} at (87,0) size 87x22 [r=0 c=1 rs=1 cs=1]
              RenderText {#text} at (1,1) size 85x19
                text run at (1,1) width 85: "Row 1, Cell 2"
            RenderTableCell {TD} at (174,0) size 87x22 [r=0 c=2 rs=1 cs=1]
              RenderText {#text} at (1,1) size 85x19
                text run at (1,1) width 85: "Row 1, Cell 3"
        RenderTableSection {TBODY} at (0,42) size 261x67 [border: (1px solid #808080) none (1px solid #808080) none]
          RenderTableRow {TR} at (0,0) size 261x23
            RenderTableCell {TD} at (0,11) size 87x23 [border: (1px none #000000)] [r=0 c=0 rs=2 cs=1]
              RenderText {#text} at (1,2) size 85x19
                text run at (1,2) width 85: "Row 2, Cell 1"
            RenderTableCell {TD} at (87,0) size 174x23 [border: (1px none #000000)] [r=0 c=1 rs=1 cs=2]
              RenderText {#text} at (1,2) size 85x19
                text run at (1,2) width 85: "Row 2, Cell 2"
          RenderTableRow {TR} at (0,23) size 261x22
            RenderTableCell {TD} at (87,23) size 87x22 [r=1 c=1 rs=1 cs=1]
              RenderText {#text} at (1,1) size 85x19
                text run at (1,1) width 85: "Row 3, Cell 2"
            RenderTableCell {TD} at (174,34) size 87x22 [r=1 c=2 rs=2 cs=1]
              RenderText {#text} at (1,1) size 85x19
                text run at (1,1) width 85: "Row 3, Cell 3"
          RenderTableRow {TR} at (0,45) size 261x22
            RenderTableCell {TD} at (0,45) size 174x22 [r=2 c=0 rs=1 cs=2]
              RenderText {#text} at (1,1) size 85x19
                text run at (1,1) width 85: "Row 4, Cell 1"
        RenderTableSection {TFOOT} at (0,109) size 261x23 [border: (1px solid #808080) none (1px solid #808080) none]
          RenderTableRow {TR} at (0,0) size 261x23
            RenderTableCell {TD} at (0,0) size 87x23 [border: (1px none #000000)] [r=0 c=0 rs=1 cs=1]
              RenderText {#text} at (1,2) size 85x19
                text run at (1,2) width 85: "Row 5, Cell 1"
            RenderTableCell {TD} at (87,0) size 87x23 [border: (1px none #000000)] [r=0 c=1 rs=1 cs=1]
              RenderText {#text} at (1,2) size 85x19
                text run at (1,2) width 85: "Row 5, Cell 2"
            RenderTableCell {TD} at (174,0) size 87x23 [border: (1px none #000000)] [r=0 c=2 rs=1 cs=1]
              RenderText {#text} at (1,2) size 85x19
                text run at (1,2) width 85: "Row 5, Cell 3"
      RenderTable {TABLE} at (0,2874) size 263x134 [border: none]
        RenderBlock {CAPTION} at (0,0) size 263x20
          RenderInline {A} at (0,0) size 234x19
            RenderText {#text} at (12,0) size 234x19
              text run at (12,0) width 234: "Frame=\x{201C}box\x{201D} and Rules=\x{201C}groups\x{201D}"
          RenderInline (generated) at (0,0) size 5x19
            RenderText at (246,0) size 5x19
              text run at (246,0) width 5: ":"
        RenderTableSection {THEAD} at (0,20) size 262x23 [border: (1px solid #808080) none (1px solid #808080) none]
          RenderTableRow {TR} at (0,0) size 262x23
            RenderTableCell {TD} at (0,0) size 88x23 [border: (1px none #000000)] [r=0 c=0 rs=1 cs=1]
              RenderText {#text} at (2,2) size 85x19
                text run at (2,2) width 85: "Row 1, Cell 1"
            RenderTableCell {TD} at (88,0) size 87x23 [border: (1px none #000000)] [r=0 c=1 rs=1 cs=1]
              RenderText {#text} at (1,2) size 85x19
                text run at (1,2) width 85: "Row 1, Cell 2"
            RenderTableCell {TD} at (175,0) size 87x23 [border: (1px none #000000)] [r=0 c=2 rs=1 cs=1]
              RenderText {#text} at (1,2) size 85x19
                text run at (1,2) width 85: "Row 1, Cell 3"
        RenderTableSection {TBODY} at (0,43) size 262x67 [border: (1px solid #808080) none (1px solid #808080) none]
          RenderTableRow {TR} at (0,0) size 262x23
            RenderTableCell {TD} at (0,11) size 88x23 [border: (1px none #000000)] [r=0 c=0 rs=2 cs=1]
              RenderText {#text} at (2,2) size 85x19
                text run at (2,2) width 85: "Row 2, Cell 1"
            RenderTableCell {TD} at (88,0) size 174x23 [border: (1px none #000000)] [r=0 c=1 rs=1 cs=2]
              RenderText {#text} at (1,2) size 85x19
                text run at (1,2) width 85: "Row 2, Cell 2"
          RenderTableRow {TR} at (0,23) size 262x22
            RenderTableCell {TD} at (88,23) size 87x22 [r=1 c=1 rs=1 cs=1]
              RenderText {#text} at (1,1) size 85x19
                text run at (1,1) width 85: "Row 3, Cell 2"
            RenderTableCell {TD} at (175,34) size 87x22 [r=1 c=2 rs=2 cs=1]
              RenderText {#text} at (1,1) size 85x19
                text run at (1,1) width 85: "Row 3, Cell 3"
          RenderTableRow {TR} at (0,45) size 262x22
            RenderTableCell {TD} at (0,45) size 175x22 [border: none] [r=2 c=0 rs=1 cs=2]
              RenderText {#text} at (2,1) size 85x19
                text run at (2,1) width 85: "Row 4, Cell 1"
        RenderTableSection {TFOOT} at (0,110) size 262x23 [border: (1px solid #808080) none (1px solid #808080) none]
          RenderTableRow {TR} at (0,0) size 262x23
            RenderTableCell {TD} at (0,0) size 88x23 [border: (1px none #000000)] [r=0 c=0 rs=1 cs=1]
              RenderText {#text} at (2,2) size 85x19
                text run at (2,2) width 85: "Row 5, Cell 1"
            RenderTableCell {TD} at (88,0) size 87x23 [border: (1px none #000000)] [r=0 c=1 rs=1 cs=1]
              RenderText {#text} at (1,2) size 85x19
                text run at (1,2) width 85: "Row 5, Cell 2"
            RenderTableCell {TD} at (175,0) size 87x23 [border: (1px none #000000)] [r=0 c=2 rs=1 cs=1]
              RenderText {#text} at (1,2) size 85x19
                text run at (1,2) width 85: "Row 5, Cell 3"
      RenderTable {TABLE} at (0,3056) size 263x134 [border: none]
        RenderBlock {CAPTION} at (0,0) size 263x20
          RenderInline {A} at (0,0) size 254x19
            RenderText {#text} at (2,0) size 254x19
              text run at (2,0) width 254: "Frame=\x{201C}border\x{201D} and Rules=\x{201C}groups\x{201D}"
          RenderInline (generated) at (0,0) size 6x19
            RenderText at (255,0) size 6x19
              text run at (255,0) width 6: ":"
        RenderTableSection {THEAD} at (0,20) size 262x23 [border: (1px solid #808080) none (1px solid #808080) none]
          RenderTableRow {TR} at (0,0) size 262x23
            RenderTableCell {TD} at (0,0) size 88x23 [border: (1px none #000000)] [r=0 c=0 rs=1 cs=1]
              RenderText {#text} at (2,2) size 85x19
                text run at (2,2) width 85: "Row 1, Cell 1"
            RenderTableCell {TD} at (88,0) size 87x23 [border: (1px none #000000)] [r=0 c=1 rs=1 cs=1]
              RenderText {#text} at (1,2) size 85x19
                text run at (1,2) width 85: "Row 1, Cell 2"
            RenderTableCell {TD} at (175,0) size 87x23 [border: (1px none #000000)] [r=0 c=2 rs=1 cs=1]
              RenderText {#text} at (1,2) size 85x19
                text run at (1,2) width 85: "Row 1, Cell 3"
        RenderTableSection {TBODY} at (0,43) size 262x67 [border: (1px solid #808080) none (1px solid #808080) none]
          RenderTableRow {TR} at (0,0) size 262x23
            RenderTableCell {TD} at (0,11) size 88x23 [border: (1px none #000000)] [r=0 c=0 rs=2 cs=1]
              RenderText {#text} at (2,2) size 85x19
                text run at (2,2) width 85: "Row 2, Cell 1"
            RenderTableCell {TD} at (88,0) size 174x23 [border: (1px none #000000)] [r=0 c=1 rs=1 cs=2]
              RenderText {#text} at (1,2) size 85x19
                text run at (1,2) width 85: "Row 2, Cell 2"
          RenderTableRow {TR} at (0,23) size 262x22
            RenderTableCell {TD} at (88,23) size 87x22 [r=1 c=1 rs=1 cs=1]
              RenderText {#text} at (1,1) size 85x19
                text run at (1,1) width 85: "Row 3, Cell 2"
            RenderTableCell {TD} at (175,34) size 87x22 [r=1 c=2 rs=2 cs=1]
              RenderText {#text} at (1,1) size 85x19
                text run at (1,1) width 85: "Row 3, Cell 3"
          RenderTableRow {TR} at (0,45) size 262x22
            RenderTableCell {TD} at (0,45) size 175x22 [border: none] [r=2 c=0 rs=1 cs=2]
              RenderText {#text} at (2,1) size 85x19
                text run at (2,1) width 85: "Row 4, Cell 1"
        RenderTableSection {TFOOT} at (0,110) size 262x23 [border: (1px solid #808080) none (1px solid #808080) none]
          RenderTableRow {TR} at (0,0) size 262x23
            RenderTableCell {TD} at (0,0) size 88x23 [border: (1px none #000000)] [r=0 c=0 rs=1 cs=1]
              RenderText {#text} at (2,2) size 85x19
                text run at (2,2) width 85: "Row 5, Cell 1"
            RenderTableCell {TD} at (88,0) size 87x23 [border: (1px none #000000)] [r=0 c=1 rs=1 cs=1]
              RenderText {#text} at (1,2) size 85x19
                text run at (1,2) width 85: "Row 5, Cell 2"
            RenderTableCell {TD} at (175,0) size 87x23 [border: (1px none #000000)] [r=0 c=2 rs=1 cs=1]
              RenderText {#text} at (1,2) size 85x19
                text run at (1,2) width 85: "Row 5, Cell 3"
      RenderTable {TABLE} at (0,3238) size 261x134
        RenderBlock {CAPTION} at (0,0) size 261x20
          RenderInline {A} at (0,0) size 224x19
            RenderText {#text} at (16,0) size 224x19
              text run at (16,0) width 224: "Frame=\x{201C}void\x{201D} and Rules=\x{201C}rows\x{201D}"
          RenderInline (generated) at (0,0) size 5x19
            RenderText at (240,0) size 5x19
              text run at (240,0) width 5: ":"
        RenderTableSection {THEAD} at (0,20) size 261x22
          RenderTableRow {TR} at (0,0) size 261x22
            RenderTableCell {TD} at (0,0) size 87x22 [r=0 c=0 rs=1 cs=1]
              RenderText {#text} at (1,1) size 85x19
                text run at (1,1) width 85: "Row 1, Cell 1"
            RenderTableCell {TD} at (87,0) size 87x22 [r=0 c=1 rs=1 cs=1]
              RenderText {#text} at (1,1) size 85x19
                text run at (1,1) width 85: "Row 1, Cell 2"
            RenderTableCell {TD} at (174,0) size 87x22 [r=0 c=2 rs=1 cs=1]
              RenderText {#text} at (1,1) size 85x19
                text run at (1,1) width 85: "Row 1, Cell 3"
        RenderTableSection {TBODY} at (0,42) size 261x69
          RenderTableRow {TR} at (0,0) size 261x23
            RenderTableCell {TD} at (0,11) size 87x24 [border: (1px solid #808080) none none none] [r=0 c=0 rs=2 cs=1]
              RenderText {#text} at (1,2) size 85x20
                text run at (1,3) width 85: "Row 2, Cell 1"
            RenderTableCell {TD} at (87,0) size 174x23 [border: (1px solid #808080) none none none] [r=0 c=1 rs=1 cs=2]
              RenderText {#text} at (1,2) size 85x19
                text run at (1,2) width 85: "Row 2, Cell 2"
          RenderTableRow {TR} at (0,23) size 261x23
            RenderTableCell {TD} at (87,23) size 87x23 [border: (1px solid #808080) none none none] [r=1 c=1 rs=1 cs=1]
              RenderText {#text} at (1,2) size 85x19
                text run at (1,2) width 85: "Row 3, Cell 2"
            RenderTableCell {TD} at (174,34) size 87x24 [border: (1px solid #808080) none none none] [r=1 c=2 rs=2 cs=1]
              RenderText {#text} at (1,2) size 85x20
                text run at (1,3) width 85: "Row 3, Cell 3"
          RenderTableRow {TR} at (0,46) size 261x23
            RenderTableCell {TD} at (0,46) size 174x23 [border: (1px solid #808080) none none none] [r=2 c=0 rs=1 cs=2]
              RenderText {#text} at (1,2) size 85x19
                text run at (1,2) width 85: "Row 4, Cell 1"
        RenderTableSection {TFOOT} at (0,111) size 261x23
          RenderTableRow {TR} at (0,0) size 261x23
            RenderTableCell {TD} at (0,0) size 87x23 [border: (1px solid #808080) none none none] [r=0 c=0 rs=1 cs=1]
              RenderText {#text} at (1,2) size 85x19
                text run at (1,2) width 85: "Row 5, Cell 1"
            RenderTableCell {TD} at (87,0) size 87x23 [border: (1px solid #808080) none none none] [r=0 c=1 rs=1 cs=1]
              RenderText {#text} at (1,2) size 85x19
                text run at (1,2) width 85: "Row 5, Cell 2"
            RenderTableCell {TD} at (174,0) size 87x23 [border: (1px solid #808080) none none none] [r=0 c=2 rs=1 cs=1]
              RenderText {#text} at (1,2) size 85x19
                text run at (1,2) width 85: "Row 5, Cell 3"
      RenderTable {TABLE} at (0,3420) size 261x135
        RenderBlock {CAPTION} at (0,0) size 261x20
          RenderInline {A} at (0,0) size 234x19
            RenderText {#text} at (11,0) size 234x19
              text run at (11,0) width 234: "Frame=\x{201C}above\x{201D} and Rules=\x{201C}rows\x{201D}"
          RenderInline (generated) at (0,0) size 5x19
            RenderText at (245,0) size 5x19
              text run at (245,0) width 5: ":"
        RenderTableSection {THEAD} at (0,20) size 261x23
          RenderTableRow {TR} at (0,0) size 261x23
            RenderTableCell {TD} at (0,0) size 87x23 [border: (1px solid #808080) none none none] [r=0 c=0 rs=1 cs=1]
              RenderText {#text} at (1,2) size 85x19
                text run at (1,2) width 85: "Row 1, Cell 1"
            RenderTableCell {TD} at (87,0) size 87x23 [border: (1px solid #808080) none none none] [r=0 c=1 rs=1 cs=1]
              RenderText {#text} at (1,2) size 85x19
                text run at (1,2) width 85: "Row 1, Cell 2"
            RenderTableCell {TD} at (174,0) size 87x23 [border: (1px solid #808080) none none none] [r=0 c=2 rs=1 cs=1]
              RenderText {#text} at (1,2) size 85x19
                text run at (1,2) width 85: "Row 1, Cell 3"
        RenderTableSection {TBODY} at (0,43) size 261x69
          RenderTableRow {TR} at (0,0) size 261x23
            RenderTableCell {TD} at (0,11) size 87x24 [border: (1px solid #808080) none none none] [r=0 c=0 rs=2 cs=1]
              RenderText {#text} at (1,2) size 85x20
                text run at (1,3) width 85: "Row 2, Cell 1"
            RenderTableCell {TD} at (87,0) size 174x23 [border: (1px solid #808080) none none none] [r=0 c=1 rs=1 cs=2]
              RenderText {#text} at (1,2) size 85x19
                text run at (1,2) width 85: "Row 2, Cell 2"
          RenderTableRow {TR} at (0,23) size 261x23
            RenderTableCell {TD} at (87,23) size 87x23 [border: (1px solid #808080) none none none] [r=1 c=1 rs=1 cs=1]
              RenderText {#text} at (1,2) size 85x19
                text run at (1,2) width 85: "Row 3, Cell 2"
            RenderTableCell {TD} at (174,34) size 87x24 [border: (1px solid #808080) none none none] [r=1 c=2 rs=2 cs=1]
              RenderText {#text} at (1,2) size 85x20
                text run at (1,3) width 85: "Row 3, Cell 3"
          RenderTableRow {TR} at (0,46) size 261x23
            RenderTableCell {TD} at (0,46) size 174x23 [border: (1px solid #808080) none none none] [r=2 c=0 rs=1 cs=2]
              RenderText {#text} at (1,2) size 85x19
                text run at (1,2) width 85: "Row 4, Cell 1"
        RenderTableSection {TFOOT} at (0,112) size 261x23
          RenderTableRow {TR} at (0,0) size 261x23
            RenderTableCell {TD} at (0,0) size 87x23 [border: (1px solid #808080) none none none] [r=0 c=0 rs=1 cs=1]
              RenderText {#text} at (1,2) size 85x19
                text run at (1,2) width 85: "Row 5, Cell 1"
            RenderTableCell {TD} at (87,0) size 87x23 [border: (1px solid #808080) none none none] [r=0 c=1 rs=1 cs=1]
              RenderText {#text} at (1,2) size 85x19
                text run at (1,2) width 85: "Row 5, Cell 2"
            RenderTableCell {TD} at (174,0) size 87x23 [border: (1px solid #808080) none none none] [r=0 c=2 rs=1 cs=1]
              RenderText {#text} at (1,2) size 85x19
                text run at (1,2) width 85: "Row 5, Cell 3"
      RenderTable {TABLE} at (0,3603) size 261x135 [border: none (1px solid #808080) none]
        RenderBlock {CAPTION} at (0,0) size 261x20
          RenderInline {A} at (0,0) size 236x19
            RenderText {#text} at (10,0) size 236x19
              text run at (10,0) width 236: "Frame=\x{201C}below\x{201D} and Rules=\x{201C}rows\x{201D}"
          RenderInline (generated) at (0,0) size 6x19
            RenderText at (245,0) size 6x19
              text run at (245,0) width 6: ":"
        RenderTableSection {THEAD} at (0,20) size 261x22
          RenderTableRow {TR} at (0,0) size 261x22
            RenderTableCell {TD} at (0,0) size 87x22 [r=0 c=0 rs=1 cs=1]
              RenderText {#text} at (1,1) size 85x19
                text run at (1,1) width 85: "Row 1, Cell 1"
            RenderTableCell {TD} at (87,0) size 87x22 [r=0 c=1 rs=1 cs=1]
              RenderText {#text} at (1,1) size 85x19
                text run at (1,1) width 85: "Row 1, Cell 2"
            RenderTableCell {TD} at (174,0) size 87x22 [r=0 c=2 rs=1 cs=1]
              RenderText {#text} at (1,1) size 85x19
                text run at (1,1) width 85: "Row 1, Cell 3"
        RenderTableSection {TBODY} at (0,42) size 261x69
          RenderTableRow {TR} at (0,0) size 261x23
            RenderTableCell {TD} at (0,11) size 87x24 [border: (1px solid #808080) none none none] [r=0 c=0 rs=2 cs=1]
              RenderText {#text} at (1,2) size 85x20
                text run at (1,3) width 85: "Row 2, Cell 1"
            RenderTableCell {TD} at (87,0) size 174x23 [border: (1px solid #808080) none none none] [r=0 c=1 rs=1 cs=2]
              RenderText {#text} at (1,2) size 85x19
                text run at (1,2) width 85: "Row 2, Cell 2"
          RenderTableRow {TR} at (0,23) size 261x23
            RenderTableCell {TD} at (87,23) size 87x23 [border: (1px solid #808080) none none none] [r=1 c=1 rs=1 cs=1]
              RenderText {#text} at (1,2) size 85x19
                text run at (1,2) width 85: "Row 3, Cell 2"
            RenderTableCell {TD} at (174,34) size 87x24 [border: (1px solid #808080) none none none] [r=1 c=2 rs=2 cs=1]
              RenderText {#text} at (1,2) size 85x20
                text run at (1,3) width 85: "Row 3, Cell 3"
          RenderTableRow {TR} at (0,46) size 261x23
            RenderTableCell {TD} at (0,46) size 174x23 [border: (1px solid #808080) none none none] [r=2 c=0 rs=1 cs=2]
              RenderText {#text} at (1,2) size 85x19
                text run at (1,2) width 85: "Row 4, Cell 1"
        RenderTableSection {TFOOT} at (0,111) size 261x23
          RenderTableRow {TR} at (0,0) size 261x23
            RenderTableCell {TD} at (0,0) size 87x23 [border: (1px solid #808080) none none none] [r=0 c=0 rs=1 cs=1]
              RenderText {#text} at (1,2) size 85x19
                text run at (1,2) width 85: "Row 5, Cell 1"
            RenderTableCell {TD} at (87,0) size 87x23 [border: (1px solid #808080) none none none] [r=0 c=1 rs=1 cs=1]
              RenderText {#text} at (1,2) size 85x19
                text run at (1,2) width 85: "Row 5, Cell 2"
            RenderTableCell {TD} at (174,0) size 87x23 [border: (1px solid #808080) none none none] [r=0 c=2 rs=1 cs=1]
              RenderText {#text} at (1,2) size 85x19
                text run at (1,2) width 85: "Row 5, Cell 3"
      RenderTable {TABLE} at (0,3786) size 261x136 [border: none none (1px solid #808080) none]
        RenderBlock {CAPTION} at (0,0) size 261x20
          RenderInline {A} at (0,0) size 238x19
            RenderText {#text} at (9,0) size 238x19
              text run at (9,0) width 238: "Frame=\x{201C}hsides\x{201D} and Rules=\x{201C}rows\x{201D}"
          RenderInline (generated) at (0,0) size 6x19
            RenderText at (246,0) size 6x19
              text run at (246,0) width 6: ":"
        RenderTableSection {THEAD} at (0,20) size 261x23
          RenderTableRow {TR} at (0,0) size 261x23
            RenderTableCell {TD} at (0,0) size 87x23 [border: (1px solid #808080) none none none] [r=0 c=0 rs=1 cs=1]
              RenderText {#text} at (1,2) size 85x19
                text run at (1,2) width 85: "Row 1, Cell 1"
            RenderTableCell {TD} at (87,0) size 87x23 [border: (1px solid #808080) none none none] [r=0 c=1 rs=1 cs=1]
              RenderText {#text} at (1,2) size 85x19
                text run at (1,2) width 85: "Row 1, Cell 2"
            RenderTableCell {TD} at (174,0) size 87x23 [border: (1px solid #808080) none none none] [r=0 c=2 rs=1 cs=1]
              RenderText {#text} at (1,2) size 85x19
                text run at (1,2) width 85: "Row 1, Cell 3"
        RenderTableSection {TBODY} at (0,43) size 261x69
          RenderTableRow {TR} at (0,0) size 261x23
            RenderTableCell {TD} at (0,11) size 87x24 [border: (1px solid #808080) none none none] [r=0 c=0 rs=2 cs=1]
              RenderText {#text} at (1,2) size 85x20
                text run at (1,3) width 85: "Row 2, Cell 1"
            RenderTableCell {TD} at (87,0) size 174x23 [border: (1px solid #808080) none none none] [r=0 c=1 rs=1 cs=2]
              RenderText {#text} at (1,2) size 85x19
                text run at (1,2) width 85: "Row 2, Cell 2"
          RenderTableRow {TR} at (0,23) size 261x23
            RenderTableCell {TD} at (87,23) size 87x23 [border: (1px solid #808080) none none none] [r=1 c=1 rs=1 cs=1]
              RenderText {#text} at (1,2) size 85x19
                text run at (1,2) width 85: "Row 3, Cell 2"
            RenderTableCell {TD} at (174,34) size 87x24 [border: (1px solid #808080) none none none] [r=1 c=2 rs=2 cs=1]
              RenderText {#text} at (1,2) size 85x20
                text run at (1,3) width 85: "Row 3, Cell 3"
          RenderTableRow {TR} at (0,46) size 261x23
            RenderTableCell {TD} at (0,46) size 174x23 [border: (1px solid #808080) none none none] [r=2 c=0 rs=1 cs=2]
              RenderText {#text} at (1,2) size 85x19
                text run at (1,2) width 85: "Row 4, Cell 1"
        RenderTableSection {TFOOT} at (0,112) size 261x23
          RenderTableRow {TR} at (0,0) size 261x23
            RenderTableCell {TD} at (0,0) size 87x23 [border: (1px solid #808080) none none none] [r=0 c=0 rs=1 cs=1]
              RenderText {#text} at (1,2) size 85x19
                text run at (1,2) width 85: "Row 5, Cell 1"
            RenderTableCell {TD} at (87,0) size 87x23 [border: (1px solid #808080) none none none] [r=0 c=1 rs=1 cs=1]
              RenderText {#text} at (1,2) size 85x19
                text run at (1,2) width 85: "Row 5, Cell 2"
            RenderTableCell {TD} at (174,0) size 87x23 [border: (1px solid #808080) none none none] [r=0 c=2 rs=1 cs=1]
              RenderText {#text} at (1,2) size 85x19
                text run at (1,2) width 85: "Row 5, Cell 3"
      RenderTable {TABLE} at (0,3970) size 263x134 [border: none (1px solid #808080) none none]
        RenderBlock {CAPTION} at (0,0) size 263x20
          RenderInline {A} at (0,0) size 236x19
            RenderText {#text} at (11,0) size 236x19
              text run at (11,0) width 236: "Frame=\x{201C}vsides\x{201D} and Rules=\x{201C}rows\x{201D}"
          RenderInline (generated) at (0,0) size 6x19
            RenderText at (246,0) size 6x19
              text run at (246,0) width 6: ":"
        RenderTableSection {THEAD} at (0,20) size 262x22
          RenderTableRow {TR} at (0,0) size 262x22
            RenderTableCell {TD} at (0,0) size 88x22 [border: none none none (1px none #808080)] [r=0 c=0 rs=1 cs=1]
              RenderText {#text} at (2,1) size 85x19
                text run at (2,1) width 85: "Row 1, Cell 1"
            RenderTableCell {TD} at (88,0) size 87x22 [r=0 c=1 rs=1 cs=1]
              RenderText {#text} at (1,1) size 85x19
                text run at (1,1) width 85: "Row 1, Cell 2"
            RenderTableCell {TD} at (175,0) size 87x22 [r=0 c=2 rs=1 cs=1]
              RenderText {#text} at (1,1) size 85x19
                text run at (1,1) width 85: "Row 1, Cell 3"
        RenderTableSection {TBODY} at (0,42) size 262x69
          RenderTableRow {TR} at (0,0) size 262x23
            RenderTableCell {TD} at (0,11) size 88x24 [border: (1px solid #808080) none none (1px none #808080)] [r=0 c=0 rs=2 cs=1]
              RenderText {#text} at (2,2) size 85x20
                text run at (2,3) width 85: "Row 2, Cell 1"
            RenderTableCell {TD} at (88,0) size 174x23 [border: (1px solid #808080) none none none] [r=0 c=1 rs=1 cs=2]
              RenderText {#text} at (1,2) size 85x19
                text run at (1,2) width 85: "Row 2, Cell 2"
          RenderTableRow {TR} at (0,23) size 262x23
            RenderTableCell {TD} at (88,23) size 87x23 [border: (1px solid #808080) none none none] [r=1 c=1 rs=1 cs=1]
              RenderText {#text} at (1,2) size 85x19
                text run at (1,2) width 85: "Row 3, Cell 2"
            RenderTableCell {TD} at (175,34) size 87x24 [border: (1px solid #808080) none none none] [r=1 c=2 rs=2 cs=1]
              RenderText {#text} at (1,2) size 85x20
                text run at (1,3) width 85: "Row 3, Cell 3"
          RenderTableRow {TR} at (0,46) size 262x23
            RenderTableCell {TD} at (0,46) size 175x23 [border: (1px solid #808080) none none (1px none #808080)] [r=2 c=0 rs=1 cs=2]
              RenderText {#text} at (2,2) size 85x19
                text run at (2,2) width 85: "Row 4, Cell 1"
        RenderTableSection {TFOOT} at (0,111) size 262x23
          RenderTableRow {TR} at (0,0) size 262x23
            RenderTableCell {TD} at (0,0) size 88x23 [border: (1px solid #808080) none none (1px none #808080)] [r=0 c=0 rs=1 cs=1]
              RenderText {#text} at (2,2) size 85x19
                text run at (2,2) width 85: "Row 5, Cell 1"
            RenderTableCell {TD} at (88,0) size 87x23 [border: (1px solid #808080) none none none] [r=0 c=1 rs=1 cs=1]
              RenderText {#text} at (1,2) size 85x19
                text run at (1,2) width 85: "Row 5, Cell 2"
            RenderTableCell {TD} at (175,0) size 87x23 [border: (1px solid #808080) none none none] [r=0 c=2 rs=1 cs=1]
              RenderText {#text} at (1,2) size 85x19
                text run at (1,2) width 85: "Row 5, Cell 3"
      RenderTable {TABLE} at (0,4152) size 262x134
        RenderBlock {CAPTION} at (0,0) size 262x20
          RenderInline {A} at (0,0) size 217x19
            RenderText {#text} at (20,0) size 217x19
              text run at (20,0) width 217: "Frame=\x{201C}lhs\x{201D} and Rules=\x{201C}rows\x{201D}"
          RenderInline (generated) at (0,0) size 6x19
            RenderText at (236,0) size 6x19
              text run at (236,0) width 6: ":"
        RenderTableSection {THEAD} at (0,20) size 262x22
          RenderTableRow {TR} at (0,0) size 262x22
            RenderTableCell {TD} at (0,0) size 88x22 [border: none none none (1px none #808080)] [r=0 c=0 rs=1 cs=1]
              RenderText {#text} at (2,1) size 85x19
                text run at (2,1) width 85: "Row 1, Cell 1"
            RenderTableCell {TD} at (88,0) size 87x22 [r=0 c=1 rs=1 cs=1]
              RenderText {#text} at (1,1) size 85x19
                text run at (1,1) width 85: "Row 1, Cell 2"
            RenderTableCell {TD} at (175,0) size 87x22 [r=0 c=2 rs=1 cs=1]
              RenderText {#text} at (1,1) size 85x19
                text run at (1,1) width 85: "Row 1, Cell 3"
        RenderTableSection {TBODY} at (0,42) size 262x69
          RenderTableRow {TR} at (0,0) size 262x23
            RenderTableCell {TD} at (0,11) size 88x24 [border: (1px solid #808080) none none (1px none #808080)] [r=0 c=0 rs=2 cs=1]
              RenderText {#text} at (2,2) size 85x20
                text run at (2,3) width 85: "Row 2, Cell 1"
            RenderTableCell {TD} at (88,0) size 174x23 [border: (1px solid #808080) none none none] [r=0 c=1 rs=1 cs=2]
              RenderText {#text} at (1,2) size 85x19
                text run at (1,2) width 85: "Row 2, Cell 2"
          RenderTableRow {TR} at (0,23) size 262x23
            RenderTableCell {TD} at (88,23) size 87x23 [border: (1px solid #808080) none none none] [r=1 c=1 rs=1 cs=1]
              RenderText {#text} at (1,2) size 85x19
                text run at (1,2) width 85: "Row 3, Cell 2"
            RenderTableCell {TD} at (175,34) size 87x24 [border: (1px solid #808080) none none none] [r=1 c=2 rs=2 cs=1]
              RenderText {#text} at (1,2) size 85x20
                text run at (1,3) width 85: "Row 3, Cell 3"
          RenderTableRow {TR} at (0,46) size 262x23
            RenderTableCell {TD} at (0,46) size 175x23 [border: (1px solid #808080) none none (1px none #808080)] [r=2 c=0 rs=1 cs=2]
              RenderText {#text} at (2,2) size 85x19
                text run at (2,2) width 85: "Row 4, Cell 1"
        RenderTableSection {TFOOT} at (0,111) size 262x23
          RenderTableRow {TR} at (0,0) size 262x23
            RenderTableCell {TD} at (0,0) size 88x23 [border: (1px solid #808080) none none (1px none #808080)] [r=0 c=0 rs=1 cs=1]
              RenderText {#text} at (2,2) size 85x19
                text run at (2,2) width 85: "Row 5, Cell 1"
            RenderTableCell {TD} at (88,0) size 87x23 [border: (1px solid #808080) none none none] [r=0 c=1 rs=1 cs=1]
              RenderText {#text} at (1,2) size 85x19
                text run at (1,2) width 85: "Row 5, Cell 2"
            RenderTableCell {TD} at (175,0) size 87x23 [border: (1px solid #808080) none none none] [r=0 c=2 rs=1 cs=1]
              RenderText {#text} at (1,2) size 85x19
                text run at (1,2) width 85: "Row 5, Cell 3"
      RenderTable {TABLE} at (0,4334) size 262x134 [border: none (1px solid #808080) none]
        RenderBlock {CAPTION} at (0,0) size 262x20
          RenderInline {A} at (0,0) size 217x19
            RenderText {#text} at (20,0) size 217x19
              text run at (20,0) width 217: "Frame=\x{201C}rhs\x{201D} and Rules=\x{201C}rows\x{201D}"
          RenderInline (generated) at (0,0) size 5x19
            RenderText at (237,0) size 5x19
              text run at (237,0) width 5: ":"
        RenderTableSection {THEAD} at (0,20) size 261x22
          RenderTableRow {TR} at (0,0) size 261x22
            RenderTableCell {TD} at (0,0) size 87x22 [r=0 c=0 rs=1 cs=1]
              RenderText {#text} at (1,1) size 85x19
                text run at (1,1) width 85: "Row 1, Cell 1"
            RenderTableCell {TD} at (87,0) size 87x22 [r=0 c=1 rs=1 cs=1]
              RenderText {#text} at (1,1) size 85x19
                text run at (1,1) width 85: "Row 1, Cell 2"
            RenderTableCell {TD} at (174,0) size 87x22 [r=0 c=2 rs=1 cs=1]
              RenderText {#text} at (1,1) size 85x19
                text run at (1,1) width 85: "Row 1, Cell 3"
        RenderTableSection {TBODY} at (0,42) size 261x69
          RenderTableRow {TR} at (0,0) size 261x23
            RenderTableCell {TD} at (0,11) size 87x24 [border: (1px solid #808080) none none none] [r=0 c=0 rs=2 cs=1]
              RenderText {#text} at (1,2) size 85x20
                text run at (1,3) width 85: "Row 2, Cell 1"
            RenderTableCell {TD} at (87,0) size 174x23 [border: (1px solid #808080) none none none] [r=0 c=1 rs=1 cs=2]
              RenderText {#text} at (1,2) size 85x19
                text run at (1,2) width 85: "Row 2, Cell 2"
          RenderTableRow {TR} at (0,23) size 261x23
            RenderTableCell {TD} at (87,23) size 87x23 [border: (1px solid #808080) none none none] [r=1 c=1 rs=1 cs=1]
              RenderText {#text} at (1,2) size 85x19
                text run at (1,2) width 85: "Row 3, Cell 2"
            RenderTableCell {TD} at (174,34) size 87x24 [border: (1px solid #808080) none none none] [r=1 c=2 rs=2 cs=1]
              RenderText {#text} at (1,2) size 85x20
                text run at (1,3) width 85: "Row 3, Cell 3"
          RenderTableRow {TR} at (0,46) size 261x23
            RenderTableCell {TD} at (0,46) size 174x23 [border: (1px solid #808080) none none none] [r=2 c=0 rs=1 cs=2]
              RenderText {#text} at (1,2) size 85x19
                text run at (1,2) width 85: "Row 4, Cell 1"
        RenderTableSection {TFOOT} at (0,111) size 261x23
          RenderTableRow {TR} at (0,0) size 261x23
            RenderTableCell {TD} at (0,0) size 87x23 [border: (1px solid #808080) none none none] [r=0 c=0 rs=1 cs=1]
              RenderText {#text} at (1,2) size 85x19
                text run at (1,2) width 85: "Row 5, Cell 1"
            RenderTableCell {TD} at (87,0) size 87x23 [border: (1px solid #808080) none none none] [r=0 c=1 rs=1 cs=1]
              RenderText {#text} at (1,2) size 85x19
                text run at (1,2) width 85: "Row 5, Cell 2"
            RenderTableCell {TD} at (174,0) size 87x23 [border: (1px solid #808080) none none none] [r=0 c=2 rs=1 cs=1]
              RenderText {#text} at (1,2) size 85x19
                text run at (1,2) width 85: "Row 5, Cell 3"
      RenderTable {TABLE} at (0,4516) size 263x136 [border: none]
        RenderBlock {CAPTION} at (0,0) size 263x20
          RenderInline {A} at (0,0) size 220x19
            RenderText {#text} at (19,0) size 220x19
              text run at (19,0) width 220: "Frame=\x{201C}box\x{201D} and Rules=\x{201C}rows\x{201D}"
          RenderInline (generated) at (0,0) size 5x19
            RenderText at (239,0) size 5x19
              text run at (239,0) width 5: ":"
        RenderTableSection {THEAD} at (0,20) size 262x23
          RenderTableRow {TR} at (0,0) size 262x23
            RenderTableCell {TD} at (0,0) size 88x23 [border: (1px solid #808080) none none (1px none #808080)] [r=0 c=0 rs=1 cs=1]
              RenderText {#text} at (2,2) size 85x19
                text run at (2,2) width 85: "Row 1, Cell 1"
            RenderTableCell {TD} at (88,0) size 87x23 [border: (1px solid #808080) none none none] [r=0 c=1 rs=1 cs=1]
              RenderText {#text} at (1,2) size 85x19
                text run at (1,2) width 85: "Row 1, Cell 2"
            RenderTableCell {TD} at (175,0) size 87x23 [border: (1px solid #808080) none none none] [r=0 c=2 rs=1 cs=1]
              RenderText {#text} at (1,2) size 85x19
                text run at (1,2) width 85: "Row 1, Cell 3"
        RenderTableSection {TBODY} at (0,43) size 262x69
          RenderTableRow {TR} at (0,0) size 262x23
            RenderTableCell {TD} at (0,11) size 88x24 [border: (1px solid #808080) none none (1px none #808080)] [r=0 c=0 rs=2 cs=1]
              RenderText {#text} at (2,2) size 85x20
                text run at (2,3) width 85: "Row 2, Cell 1"
            RenderTableCell {TD} at (88,0) size 174x23 [border: (1px solid #808080) none none none] [r=0 c=1 rs=1 cs=2]
              RenderText {#text} at (1,2) size 85x19
                text run at (1,2) width 85: "Row 2, Cell 2"
          RenderTableRow {TR} at (0,23) size 262x23
            RenderTableCell {TD} at (88,23) size 87x23 [border: (1px solid #808080) none none none] [r=1 c=1 rs=1 cs=1]
              RenderText {#text} at (1,2) size 85x19
                text run at (1,2) width 85: "Row 3, Cell 2"
            RenderTableCell {TD} at (175,34) size 87x24 [border: (1px solid #808080) none none none] [r=1 c=2 rs=2 cs=1]
              RenderText {#text} at (1,2) size 85x20
                text run at (1,3) width 85: "Row 3, Cell 3"
          RenderTableRow {TR} at (0,46) size 262x23
            RenderTableCell {TD} at (0,46) size 175x23 [border: (1px solid #808080) none none (1px none #808080)] [r=2 c=0 rs=1 cs=2]
              RenderText {#text} at (2,2) size 85x19
                text run at (2,2) width 85: "Row 4, Cell 1"
        RenderTableSection {TFOOT} at (0,112) size 262x23
          RenderTableRow {TR} at (0,0) size 262x23
            RenderTableCell {TD} at (0,0) size 88x23 [border: (1px solid #808080) none none (1px none #808080)] [r=0 c=0 rs=1 cs=1]
              RenderText {#text} at (2,2) size 85x19
                text run at (2,2) width 85: "Row 5, Cell 1"
            RenderTableCell {TD} at (88,0) size 87x23 [border: (1px solid #808080) none none none] [r=0 c=1 rs=1 cs=1]
              RenderText {#text} at (1,2) size 85x19
                text run at (1,2) width 85: "Row 5, Cell 2"
            RenderTableCell {TD} at (175,0) size 87x23 [border: (1px solid #808080) none none none] [r=0 c=2 rs=1 cs=1]
              RenderText {#text} at (1,2) size 85x19
                text run at (1,2) width 85: "Row 5, Cell 3"
      RenderTable {TABLE} at (0,4700) size 263x136 [border: none]
        RenderBlock {CAPTION} at (0,0) size 263x20
          RenderInline {A} at (0,0) size 240x19
            RenderText {#text} at (9,0) size 240x19
              text run at (9,0) width 240: "Frame=\x{201C}border\x{201D} and Rules=\x{201C}rows\x{201D}"
          RenderInline (generated) at (0,0) size 6x19
            RenderText at (248,0) size 6x19
              text run at (248,0) width 6: ":"
        RenderTableSection {THEAD} at (0,20) size 262x23
          RenderTableRow {TR} at (0,0) size 262x23
            RenderTableCell {TD} at (0,0) size 88x23 [border: (1px solid #808080) none none (1px none #808080)] [r=0 c=0 rs=1 cs=1]
              RenderText {#text} at (2,2) size 85x19
                text run at (2,2) width 85: "Row 1, Cell 1"
            RenderTableCell {TD} at (88,0) size 87x23 [border: (1px solid #808080) none none none] [r=0 c=1 rs=1 cs=1]
              RenderText {#text} at (1,2) size 85x19
                text run at (1,2) width 85: "Row 1, Cell 2"
            RenderTableCell {TD} at (175,0) size 87x23 [border: (1px solid #808080) none none none] [r=0 c=2 rs=1 cs=1]
              RenderText {#text} at (1,2) size 85x19
                text run at (1,2) width 85: "Row 1, Cell 3"
        RenderTableSection {TBODY} at (0,43) size 262x69
          RenderTableRow {TR} at (0,0) size 262x23
            RenderTableCell {TD} at (0,11) size 88x24 [border: (1px solid #808080) none none (1px none #808080)] [r=0 c=0 rs=2 cs=1]
              RenderText {#text} at (2,2) size 85x20
                text run at (2,3) width 85: "Row 2, Cell 1"
            RenderTableCell {TD} at (88,0) size 174x23 [border: (1px solid #808080) none none none] [r=0 c=1 rs=1 cs=2]
              RenderText {#text} at (1,2) size 85x19
                text run at (1,2) width 85: "Row 2, Cell 2"
          RenderTableRow {TR} at (0,23) size 262x23
            RenderTableCell {TD} at (88,23) size 87x23 [border: (1px solid #808080) none none none] [r=1 c=1 rs=1 cs=1]
              RenderText {#text} at (1,2) size 85x19
                text run at (1,2) width 85: "Row 3, Cell 2"
            RenderTableCell {TD} at (175,34) size 87x24 [border: (1px solid #808080) none none none] [r=1 c=2 rs=2 cs=1]
              RenderText {#text} at (1,2) size 85x20
                text run at (1,3) width 85: "Row 3, Cell 3"
          RenderTableRow {TR} at (0,46) size 262x23
            RenderTableCell {TD} at (0,46) size 175x23 [border: (1px solid #808080) none none (1px none #808080)] [r=2 c=0 rs=1 cs=2]
              RenderText {#text} at (2,2) size 85x19
                text run at (2,2) width 85: "Row 4, Cell 1"
        RenderTableSection {TFOOT} at (0,112) size 262x23
          RenderTableRow {TR} at (0,0) size 262x23
            RenderTableCell {TD} at (0,0) size 88x23 [border: (1px solid #808080) none none (1px none #808080)] [r=0 c=0 rs=1 cs=1]
              RenderText {#text} at (2,2) size 85x19
                text run at (2,2) width 85: "Row 5, Cell 1"
            RenderTableCell {TD} at (88,0) size 87x23 [border: (1px solid #808080) none none none] [r=0 c=1 rs=1 cs=1]
              RenderText {#text} at (1,2) size 85x19
                text run at (1,2) width 85: "Row 5, Cell 2"
            RenderTableCell {TD} at (175,0) size 87x23 [border: (1px solid #808080) none none none] [r=0 c=2 rs=1 cs=1]
              RenderText {#text} at (1,2) size 85x19
                text run at (1,2) width 85: "Row 5, Cell 3"
      RenderTable {TABLE} at (0,4884) size 263x130
        RenderBlock {CAPTION} at (0,0) size 263x20
          RenderInline {A} at (0,0) size 220x19
            RenderText {#text} at (19,0) size 220x19
              text run at (19,0) width 220: "Frame=\x{201C}void\x{201D} and Rules=\x{201C}cols\x{201D}"
          RenderInline (generated) at (0,0) size 6x19
            RenderText at (238,0) size 6x19
              text run at (238,0) width 6: ":"
        RenderTableSection {THEAD} at (0,20) size 263x22
          RenderTableRow {TR} at (0,0) size 263x22
            RenderTableCell {TD} at (0,0) size 87x22 [r=0 c=0 rs=1 cs=1]
              RenderText {#text} at (1,1) size 85x19
                text run at (1,1) width 85: "Row 1, Cell 1"
            RenderTableCell {TD} at (87,0) size 88x22 [border: none none none (1px solid #808080)] [r=0 c=1 rs=1 cs=1]
              RenderText {#text} at (2,1) size 85x19
                text run at (2,1) width 85: "Row 1, Cell 2"
            RenderTableCell {TD} at (175,0) size 88x22 [border: none none none (1px solid #808080)] [r=0 c=2 rs=1 cs=1]
              RenderText {#text} at (2,1) size 85x19
                text run at (2,1) width 85: "Row 1, Cell 3"
        RenderTableSection {TBODY} at (0,42) size 263x66
          RenderTableRow {TR} at (0,0) size 263x22
            RenderTableCell {TD} at (0,11) size 87x22 [r=0 c=0 rs=2 cs=1]
              RenderText {#text} at (1,1) size 85x19
                text run at (1,1) width 85: "Row 2, Cell 1"
            RenderTableCell {TD} at (87,0) size 176x22 [border: none none none (1px solid #808080)] [r=0 c=1 rs=1 cs=2]
              RenderText {#text} at (2,1) size 85x19
                text run at (2,1) width 85: "Row 2, Cell 2"
          RenderTableRow {TR} at (0,22) size 263x22
            RenderTableCell {TD} at (87,22) size 88x22 [border: none none none (1px solid #808080)] [r=1 c=1 rs=1 cs=1]
              RenderText {#text} at (2,1) size 85x19
                text run at (2,1) width 85: "Row 3, Cell 2"
            RenderTableCell {TD} at (175,33) size 88x22 [border: none none none (1px solid #808080)] [r=1 c=2 rs=2 cs=1]
              RenderText {#text} at (2,1) size 85x19
                text run at (2,1) width 85: "Row 3, Cell 3"
          RenderTableRow {TR} at (0,44) size 263x22
            RenderTableCell {TD} at (0,44) size 175x22 [r=2 c=0 rs=1 cs=2]
              RenderText {#text} at (1,1) size 85x19
                text run at (1,1) width 85: "Row 4, Cell 1"
        RenderTableSection {TFOOT} at (0,108) size 263x22
          RenderTableRow {TR} at (0,0) size 263x22
            RenderTableCell {TD} at (0,0) size 87x22 [r=0 c=0 rs=1 cs=1]
              RenderText {#text} at (1,1) size 85x19
                text run at (1,1) width 85: "Row 5, Cell 1"
            RenderTableCell {TD} at (87,0) size 88x22 [border: none none none (1px solid #808080)] [r=0 c=1 rs=1 cs=1]
              RenderText {#text} at (2,1) size 85x19
                text run at (2,1) width 85: "Row 5, Cell 2"
            RenderTableCell {TD} at (175,0) size 88x22 [border: none none none (1px solid #808080)] [r=0 c=2 rs=1 cs=1]
              RenderText {#text} at (2,1) size 85x19
                text run at (2,1) width 85: "Row 5, Cell 3"
      RenderTable {TABLE} at (0,5062) size 263x131
        RenderBlock {CAPTION} at (0,0) size 263x20
          RenderInline {A} at (0,0) size 230x19
            RenderText {#text} at (14,0) size 230x19
              text run at (14,0) width 230: "Frame=\x{201C}above\x{201D} and Rules=\x{201C}cols\x{201D}"
          RenderInline (generated) at (0,0) size 6x19
            RenderText at (243,0) size 6x19
              text run at (243,0) width 6: ":"
        RenderTableSection {THEAD} at (0,20) size 263x23
          RenderTableRow {TR} at (0,0) size 263x23
            RenderTableCell {TD} at (0,0) size 87x23 [border: (1px none #808080) none none none] [r=0 c=0 rs=1 cs=1]
              RenderText {#text} at (1,2) size 85x19
                text run at (1,2) width 85: "Row 1, Cell 1"
            RenderTableCell {TD} at (87,0) size 88x23 [border: (1px none #808080) none none (1px solid #808080)] [r=0 c=1 rs=1 cs=1]
              RenderText {#text} at (2,2) size 85x19
                text run at (2,2) width 85: "Row 1, Cell 2"
            RenderTableCell {TD} at (175,0) size 88x23 [border: (1px none #808080) none none (1px solid #808080)] [r=0 c=2 rs=1 cs=1]
              RenderText {#text} at (2,2) size 85x19
                text run at (2,2) width 85: "Row 1, Cell 3"
        RenderTableSection {TBODY} at (0,43) size 263x66
          RenderTableRow {TR} at (0,0) size 263x22
            RenderTableCell {TD} at (0,11) size 87x22 [r=0 c=0 rs=2 cs=1]
              RenderText {#text} at (1,1) size 85x19
                text run at (1,1) width 85: "Row 2, Cell 1"
            RenderTableCell {TD} at (87,0) size 176x22 [border: none none none (1px solid #808080)] [r=0 c=1 rs=1 cs=2]
              RenderText {#text} at (2,1) size 85x19
                text run at (2,1) width 85: "Row 2, Cell 2"
          RenderTableRow {TR} at (0,22) size 263x22
            RenderTableCell {TD} at (87,22) size 88x22 [border: none none none (1px solid #808080)] [r=1 c=1 rs=1 cs=1]
              RenderText {#text} at (2,1) size 85x19
                text run at (2,1) width 85: "Row 3, Cell 2"
            RenderTableCell {TD} at (175,33) size 88x22 [border: none none none (1px solid #808080)] [r=1 c=2 rs=2 cs=1]
              RenderText {#text} at (2,1) size 85x19
                text run at (2,1) width 85: "Row 3, Cell 3"
          RenderTableRow {TR} at (0,44) size 263x22
            RenderTableCell {TD} at (0,44) size 175x22 [r=2 c=0 rs=1 cs=2]
              RenderText {#text} at (1,1) size 85x19
                text run at (1,1) width 85: "Row 4, Cell 1"
        RenderTableSection {TFOOT} at (0,109) size 263x22
          RenderTableRow {TR} at (0,0) size 263x22
            RenderTableCell {TD} at (0,0) size 87x22 [r=0 c=0 rs=1 cs=1]
              RenderText {#text} at (1,1) size 85x19
                text run at (1,1) width 85: "Row 5, Cell 1"
            RenderTableCell {TD} at (87,0) size 88x22 [border: none none none (1px solid #808080)] [r=0 c=1 rs=1 cs=1]
              RenderText {#text} at (2,1) size 85x19
                text run at (2,1) width 85: "Row 5, Cell 2"
            RenderTableCell {TD} at (175,0) size 88x22 [border: none none none (1px solid #808080)] [r=0 c=2 rs=1 cs=1]
              RenderText {#text} at (2,1) size 85x19
                text run at (2,1) width 85: "Row 5, Cell 3"
      RenderTable {TABLE} at (0,5241) size 263x131 [border: none (1px solid #808080) none]
        RenderBlock {CAPTION} at (0,0) size 263x20
          RenderInline {A} at (0,0) size 230x19
            RenderText {#text} at (14,0) size 230x19
              text run at (14,0) width 230: "Frame=\x{201C}below\x{201D} and Rules=\x{201C}cols\x{201D}"
          RenderInline (generated) at (0,0) size 5x19
            RenderText at (244,0) size 5x19
              text run at (244,0) width 5: ":"
        RenderTableSection {THEAD} at (0,20) size 263x22
          RenderTableRow {TR} at (0,0) size 263x22
            RenderTableCell {TD} at (0,0) size 87x22 [r=0 c=0 rs=1 cs=1]
              RenderText {#text} at (1,1) size 85x19
                text run at (1,1) width 85: "Row 1, Cell 1"
            RenderTableCell {TD} at (87,0) size 88x22 [border: none none none (1px solid #808080)] [r=0 c=1 rs=1 cs=1]
              RenderText {#text} at (2,1) size 85x19
                text run at (2,1) width 85: "Row 1, Cell 2"
            RenderTableCell {TD} at (175,0) size 88x22 [border: none none none (1px solid #808080)] [r=0 c=2 rs=1 cs=1]
              RenderText {#text} at (2,1) size 85x19
                text run at (2,1) width 85: "Row 1, Cell 3"
        RenderTableSection {TBODY} at (0,42) size 263x66
          RenderTableRow {TR} at (0,0) size 263x22
            RenderTableCell {TD} at (0,11) size 87x22 [r=0 c=0 rs=2 cs=1]
              RenderText {#text} at (1,1) size 85x19
                text run at (1,1) width 85: "Row 2, Cell 1"
            RenderTableCell {TD} at (87,0) size 176x22 [border: none none none (1px solid #808080)] [r=0 c=1 rs=1 cs=2]
              RenderText {#text} at (2,1) size 85x19
                text run at (2,1) width 85: "Row 2, Cell 2"
          RenderTableRow {TR} at (0,22) size 263x22
            RenderTableCell {TD} at (87,22) size 88x22 [border: none none none (1px solid #808080)] [r=1 c=1 rs=1 cs=1]
              RenderText {#text} at (2,1) size 85x19
                text run at (2,1) width 85: "Row 3, Cell 2"
            RenderTableCell {TD} at (175,33) size 88x22 [border: none none none (1px solid #808080)] [r=1 c=2 rs=2 cs=1]
              RenderText {#text} at (2,1) size 85x19
                text run at (2,1) width 85: "Row 3, Cell 3"
          RenderTableRow {TR} at (0,44) size 263x22
            RenderTableCell {TD} at (0,44) size 175x22 [r=2 c=0 rs=1 cs=2]
              RenderText {#text} at (1,1) size 85x19
                text run at (1,1) width 85: "Row 4, Cell 1"
        RenderTableSection {TFOOT} at (0,108) size 263x22
          RenderTableRow {TR} at (0,0) size 263x22
            RenderTableCell {TD} at (0,0) size 87x22 [r=0 c=0 rs=1 cs=1]
              RenderText {#text} at (1,1) size 85x19
                text run at (1,1) width 85: "Row 5, Cell 1"
            RenderTableCell {TD} at (87,0) size 88x22 [border: none none none (1px solid #808080)] [r=0 c=1 rs=1 cs=1]
              RenderText {#text} at (2,1) size 85x19
                text run at (2,1) width 85: "Row 5, Cell 2"
            RenderTableCell {TD} at (175,0) size 88x22 [border: none none none (1px solid #808080)] [r=0 c=2 rs=1 cs=1]
              RenderText {#text} at (2,1) size 85x19
                text run at (2,1) width 85: "Row 5, Cell 3"
      RenderTable {TABLE} at (0,5420) size 263x132 [border: none none (1px solid #808080) none]
        RenderBlock {CAPTION} at (0,0) size 263x20
          RenderInline {A} at (0,0) size 232x19
            RenderText {#text} at (13,0) size 232x19
              text run at (13,0) width 232: "Frame=\x{201C}hsides\x{201D} and Rules=\x{201C}cols\x{201D}"
          RenderInline (generated) at (0,0) size 5x19
            RenderText at (245,0) size 5x19
              text run at (245,0) width 5: ":"
        RenderTableSection {THEAD} at (0,20) size 263x23
          RenderTableRow {TR} at (0,0) size 263x23
            RenderTableCell {TD} at (0,0) size 87x23 [border: (1px none #808080) none none none] [r=0 c=0 rs=1 cs=1]
              RenderText {#text} at (1,2) size 85x19
                text run at (1,2) width 85: "Row 1, Cell 1"
            RenderTableCell {TD} at (87,0) size 88x23 [border: (1px none #808080) none none (1px solid #808080)] [r=0 c=1 rs=1 cs=1]
              RenderText {#text} at (2,2) size 85x19
                text run at (2,2) width 85: "Row 1, Cell 2"
            RenderTableCell {TD} at (175,0) size 88x23 [border: (1px none #808080) none none (1px solid #808080)] [r=0 c=2 rs=1 cs=1]
              RenderText {#text} at (2,2) size 85x19
                text run at (2,2) width 85: "Row 1, Cell 3"
        RenderTableSection {TBODY} at (0,43) size 263x66
          RenderTableRow {TR} at (0,0) size 263x22
            RenderTableCell {TD} at (0,11) size 87x22 [r=0 c=0 rs=2 cs=1]
              RenderText {#text} at (1,1) size 85x19
                text run at (1,1) width 85: "Row 2, Cell 1"
            RenderTableCell {TD} at (87,0) size 176x22 [border: none none none (1px solid #808080)] [r=0 c=1 rs=1 cs=2]
              RenderText {#text} at (2,1) size 85x19
                text run at (2,1) width 85: "Row 2, Cell 2"
          RenderTableRow {TR} at (0,22) size 263x22
            RenderTableCell {TD} at (87,22) size 88x22 [border: none none none (1px solid #808080)] [r=1 c=1 rs=1 cs=1]
              RenderText {#text} at (2,1) size 85x19
                text run at (2,1) width 85: "Row 3, Cell 2"
            RenderTableCell {TD} at (175,33) size 88x22 [border: none none none (1px solid #808080)] [r=1 c=2 rs=2 cs=1]
              RenderText {#text} at (2,1) size 85x19
                text run at (2,1) width 85: "Row 3, Cell 3"
          RenderTableRow {TR} at (0,44) size 263x22
            RenderTableCell {TD} at (0,44) size 175x22 [r=2 c=0 rs=1 cs=2]
              RenderText {#text} at (1,1) size 85x19
                text run at (1,1) width 85: "Row 4, Cell 1"
        RenderTableSection {TFOOT} at (0,109) size 263x22
          RenderTableRow {TR} at (0,0) size 263x22
            RenderTableCell {TD} at (0,0) size 87x22 [r=0 c=0 rs=1 cs=1]
              RenderText {#text} at (1,1) size 85x19
                text run at (1,1) width 85: "Row 5, Cell 1"
            RenderTableCell {TD} at (87,0) size 88x22 [border: none none none (1px solid #808080)] [r=0 c=1 rs=1 cs=1]
              RenderText {#text} at (2,1) size 85x19
                text run at (2,1) width 85: "Row 5, Cell 2"
            RenderTableCell {TD} at (175,0) size 88x22 [border: none none none (1px solid #808080)] [r=0 c=2 rs=1 cs=1]
              RenderText {#text} at (2,1) size 85x19
                text run at (2,1) width 85: "Row 5, Cell 3"
      RenderTable {TABLE} at (0,5600) size 265x130 [border: none (1px solid #808080) none none]
        RenderBlock {CAPTION} at (0,0) size 265x20
          RenderInline {A} at (0,0) size 230x19
            RenderText {#text} at (15,0) size 230x19
              text run at (15,0) width 230: "Frame=\x{201C}vsides\x{201D} and Rules=\x{201C}cols\x{201D}"
          RenderInline (generated) at (0,0) size 5x19
            RenderText at (245,0) size 5x19
              text run at (245,0) width 5: ":"
        RenderTableSection {THEAD} at (0,20) size 264x22
          RenderTableRow {TR} at (0,0) size 264x22
            RenderTableCell {TD} at (0,0) size 88x22 [border: none none none (1px solid #808080)] [r=0 c=0 rs=1 cs=1]
              RenderText {#text} at (2,1) size 85x19
                text run at (2,1) width 85: "Row 1, Cell 1"
            RenderTableCell {TD} at (88,0) size 88x22 [border: none none none (1px solid #808080)] [r=0 c=1 rs=1 cs=1]
              RenderText {#text} at (2,1) size 85x19
                text run at (2,1) width 85: "Row 1, Cell 2"
            RenderTableCell {TD} at (176,0) size 88x22 [border: none none none (1px solid #808080)] [r=0 c=2 rs=1 cs=1]
              RenderText {#text} at (2,1) size 85x19
                text run at (2,1) width 85: "Row 1, Cell 3"
        RenderTableSection {TBODY} at (0,42) size 264x66
          RenderTableRow {TR} at (0,0) size 264x22
            RenderTableCell {TD} at (0,11) size 88x22 [border: none none none (1px solid #808080)] [r=0 c=0 rs=2 cs=1]
              RenderText {#text} at (2,1) size 85x19
                text run at (2,1) width 85: "Row 2, Cell 1"
            RenderTableCell {TD} at (88,0) size 176x22 [border: none none none (1px solid #808080)] [r=0 c=1 rs=1 cs=2]
              RenderText {#text} at (2,1) size 85x19
                text run at (2,1) width 85: "Row 2, Cell 2"
          RenderTableRow {TR} at (0,22) size 264x22
            RenderTableCell {TD} at (88,22) size 88x22 [border: none none none (1px solid #808080)] [r=1 c=1 rs=1 cs=1]
              RenderText {#text} at (2,1) size 85x19
                text run at (2,1) width 85: "Row 3, Cell 2"
            RenderTableCell {TD} at (176,33) size 88x22 [border: none none none (1px solid #808080)] [r=1 c=2 rs=2 cs=1]
              RenderText {#text} at (2,1) size 85x19
                text run at (2,1) width 85: "Row 3, Cell 3"
          RenderTableRow {TR} at (0,44) size 264x22
            RenderTableCell {TD} at (0,44) size 176x22 [border: none none none (1px solid #808080)] [r=2 c=0 rs=1 cs=2]
              RenderText {#text} at (2,1) size 85x19
                text run at (2,1) width 85: "Row 4, Cell 1"
        RenderTableSection {TFOOT} at (0,108) size 264x22
          RenderTableRow {TR} at (0,0) size 264x22
            RenderTableCell {TD} at (0,0) size 88x22 [border: none none none (1px solid #808080)] [r=0 c=0 rs=1 cs=1]
              RenderText {#text} at (2,1) size 85x19
                text run at (2,1) width 85: "Row 5, Cell 1"
            RenderTableCell {TD} at (88,0) size 88x22 [border: none none none (1px solid #808080)] [r=0 c=1 rs=1 cs=1]
              RenderText {#text} at (2,1) size 85x19
                text run at (2,1) width 85: "Row 5, Cell 2"
            RenderTableCell {TD} at (176,0) size 88x22 [border: none none none (1px solid #808080)] [r=0 c=2 rs=1 cs=1]
              RenderText {#text} at (2,1) size 85x19
                text run at (2,1) width 85: "Row 5, Cell 3"
      RenderTable {TABLE} at (0,5778) size 264x130
        RenderBlock {CAPTION} at (0,0) size 264x20
          RenderInline {A} at (0,0) size 211x19
            RenderText {#text} at (24,0) size 211x19
              text run at (24,0) width 211: "Frame=\x{201C}lhs\x{201D} and Rules=\x{201C}cols\x{201D}"
          RenderInline (generated) at (0,0) size 5x19
            RenderText at (235,0) size 5x19
              text run at (235,0) width 5: ":"
        RenderTableSection {THEAD} at (0,20) size 264x22
          RenderTableRow {TR} at (0,0) size 264x22
            RenderTableCell {TD} at (0,0) size 88x22 [border: none none none (1px solid #808080)] [r=0 c=0 rs=1 cs=1]
              RenderText {#text} at (2,1) size 85x19
                text run at (2,1) width 85: "Row 1, Cell 1"
            RenderTableCell {TD} at (88,0) size 88x22 [border: none none none (1px solid #808080)] [r=0 c=1 rs=1 cs=1]
              RenderText {#text} at (2,1) size 85x19
                text run at (2,1) width 85: "Row 1, Cell 2"
            RenderTableCell {TD} at (176,0) size 88x22 [border: none none none (1px solid #808080)] [r=0 c=2 rs=1 cs=1]
              RenderText {#text} at (2,1) size 85x19
                text run at (2,1) width 85: "Row 1, Cell 3"
        RenderTableSection {TBODY} at (0,42) size 264x66
          RenderTableRow {TR} at (0,0) size 264x22
            RenderTableCell {TD} at (0,11) size 88x22 [border: none none none (1px solid #808080)] [r=0 c=0 rs=2 cs=1]
              RenderText {#text} at (2,1) size 85x19
                text run at (2,1) width 85: "Row 2, Cell 1"
            RenderTableCell {TD} at (88,0) size 176x22 [border: none none none (1px solid #808080)] [r=0 c=1 rs=1 cs=2]
              RenderText {#text} at (2,1) size 85x19
                text run at (2,1) width 85: "Row 2, Cell 2"
          RenderTableRow {TR} at (0,22) size 264x22
            RenderTableCell {TD} at (88,22) size 88x22 [border: none none none (1px solid #808080)] [r=1 c=1 rs=1 cs=1]
              RenderText {#text} at (2,1) size 85x19
                text run at (2,1) width 85: "Row 3, Cell 2"
            RenderTableCell {TD} at (176,33) size 88x22 [border: none none none (1px solid #808080)] [r=1 c=2 rs=2 cs=1]
              RenderText {#text} at (2,1) size 85x19
                text run at (2,1) width 85: "Row 3, Cell 3"
          RenderTableRow {TR} at (0,44) size 264x22
            RenderTableCell {TD} at (0,44) size 176x22 [border: none none none (1px solid #808080)] [r=2 c=0 rs=1 cs=2]
              RenderText {#text} at (2,1) size 85x19
                text run at (2,1) width 85: "Row 4, Cell 1"
        RenderTableSection {TFOOT} at (0,108) size 264x22
          RenderTableRow {TR} at (0,0) size 264x22
            RenderTableCell {TD} at (0,0) size 88x22 [border: none none none (1px solid #808080)] [r=0 c=0 rs=1 cs=1]
              RenderText {#text} at (2,1) size 85x19
                text run at (2,1) width 85: "Row 5, Cell 1"
            RenderTableCell {TD} at (88,0) size 88x22 [border: none none none (1px solid #808080)] [r=0 c=1 rs=1 cs=1]
              RenderText {#text} at (2,1) size 85x19
                text run at (2,1) width 85: "Row 5, Cell 2"
            RenderTableCell {TD} at (176,0) size 88x22 [border: none none none (1px solid #808080)] [r=0 c=2 rs=1 cs=1]
              RenderText {#text} at (2,1) size 85x19
                text run at (2,1) width 85: "Row 5, Cell 3"
      RenderTable {TABLE} at (0,5956) size 264x130 [border: none (1px solid #808080) none]
        RenderBlock {CAPTION} at (0,0) size 264x20
          RenderInline {A} at (0,0) size 213x19
            RenderText {#text} at (23,0) size 213x19
              text run at (23,0) width 213: "Frame=\x{201C}rhs\x{201D} and Rules=\x{201C}cols\x{201D}"
          RenderInline (generated) at (0,0) size 6x19
            RenderText at (235,0) size 6x19
              text run at (235,0) width 6: ":"
        RenderTableSection {THEAD} at (0,20) size 263x22
          RenderTableRow {TR} at (0,0) size 263x22
            RenderTableCell {TD} at (0,0) size 87x22 [r=0 c=0 rs=1 cs=1]
              RenderText {#text} at (1,1) size 85x19
                text run at (1,1) width 85: "Row 1, Cell 1"
            RenderTableCell {TD} at (87,0) size 88x22 [border: none none none (1px solid #808080)] [r=0 c=1 rs=1 cs=1]
              RenderText {#text} at (2,1) size 85x19
                text run at (2,1) width 85: "Row 1, Cell 2"
            RenderTableCell {TD} at (175,0) size 88x22 [border: none none none (1px solid #808080)] [r=0 c=2 rs=1 cs=1]
              RenderText {#text} at (2,1) size 85x19
                text run at (2,1) width 85: "Row 1, Cell 3"
        RenderTableSection {TBODY} at (0,42) size 263x66
          RenderTableRow {TR} at (0,0) size 263x22
            RenderTableCell {TD} at (0,11) size 87x22 [r=0 c=0 rs=2 cs=1]
              RenderText {#text} at (1,1) size 85x19
                text run at (1,1) width 85: "Row 2, Cell 1"
            RenderTableCell {TD} at (87,0) size 176x22 [border: none none none (1px solid #808080)] [r=0 c=1 rs=1 cs=2]
              RenderText {#text} at (2,1) size 85x19
                text run at (2,1) width 85: "Row 2, Cell 2"
          RenderTableRow {TR} at (0,22) size 263x22
            RenderTableCell {TD} at (87,22) size 88x22 [border: none none none (1px solid #808080)] [r=1 c=1 rs=1 cs=1]
              RenderText {#text} at (2,1) size 85x19
                text run at (2,1) width 85: "Row 3, Cell 2"
            RenderTableCell {TD} at (175,33) size 88x22 [border: none none none (1px solid #808080)] [r=1 c=2 rs=2 cs=1]
              RenderText {#text} at (2,1) size 85x19
                text run at (2,1) width 85: "Row 3, Cell 3"
          RenderTableRow {TR} at (0,44) size 263x22
            RenderTableCell {TD} at (0,44) size 175x22 [r=2 c=0 rs=1 cs=2]
              RenderText {#text} at (1,1) size 85x19
                text run at (1,1) width 85: "Row 4, Cell 1"
        RenderTableSection {TFOOT} at (0,108) size 263x22
          RenderTableRow {TR} at (0,0) size 263x22
            RenderTableCell {TD} at (0,0) size 87x22 [r=0 c=0 rs=1 cs=1]
              RenderText {#text} at (1,1) size 85x19
                text run at (1,1) width 85: "Row 5, Cell 1"
            RenderTableCell {TD} at (87,0) size 88x22 [border: none none none (1px solid #808080)] [r=0 c=1 rs=1 cs=1]
              RenderText {#text} at (2,1) size 85x19
                text run at (2,1) width 85: "Row 5, Cell 2"
            RenderTableCell {TD} at (175,0) size 88x22 [border: none none none (1px solid #808080)] [r=0 c=2 rs=1 cs=1]
              RenderText {#text} at (2,1) size 85x19
                text run at (2,1) width 85: "Row 5, Cell 3"
      RenderTable {TABLE} at (0,6134) size 265x132 [border: none]
        RenderBlock {CAPTION} at (0,0) size 265x20
          RenderInline {A} at (0,0) size 216x19
            RenderText {#text} at (22,0) size 216x19
              text run at (22,0) width 216: "Frame=\x{201C}box\x{201D} and Rules=\x{201C}cols\x{201D}"
          RenderInline (generated) at (0,0) size 6x19
            RenderText at (237,0) size 6x19
              text run at (237,0) width 6: ":"
        RenderTableSection {THEAD} at (0,20) size 264x23
          RenderTableRow {TR} at (0,0) size 264x23
            RenderTableCell {TD} at (0,0) size 88x23 [border: (1px none #808080) none none (1px solid #808080)] [r=0 c=0 rs=1 cs=1]
              RenderText {#text} at (2,2) size 85x19
                text run at (2,2) width 85: "Row 1, Cell 1"
            RenderTableCell {TD} at (88,0) size 88x23 [border: (1px none #808080) none none (1px solid #808080)] [r=0 c=1 rs=1 cs=1]
              RenderText {#text} at (2,2) size 85x19
                text run at (2,2) width 85: "Row 1, Cell 2"
            RenderTableCell {TD} at (176,0) size 88x23 [border: (1px none #808080) none none (1px solid #808080)] [r=0 c=2 rs=1 cs=1]
              RenderText {#text} at (2,2) size 85x19
                text run at (2,2) width 85: "Row 1, Cell 3"
        RenderTableSection {TBODY} at (0,43) size 264x66
          RenderTableRow {TR} at (0,0) size 264x22
            RenderTableCell {TD} at (0,11) size 88x22 [border: none none none (1px solid #808080)] [r=0 c=0 rs=2 cs=1]
              RenderText {#text} at (2,1) size 85x19
                text run at (2,1) width 85: "Row 2, Cell 1"
            RenderTableCell {TD} at (88,0) size 176x22 [border: none none none (1px solid #808080)] [r=0 c=1 rs=1 cs=2]
              RenderText {#text} at (2,1) size 85x19
                text run at (2,1) width 85: "Row 2, Cell 2"
          RenderTableRow {TR} at (0,22) size 264x22
            RenderTableCell {TD} at (88,22) size 88x22 [border: none none none (1px solid #808080)] [r=1 c=1 rs=1 cs=1]
              RenderText {#text} at (2,1) size 85x19
                text run at (2,1) width 85: "Row 3, Cell 2"
            RenderTableCell {TD} at (176,33) size 88x22 [border: none none none (1px solid #808080)] [r=1 c=2 rs=2 cs=1]
              RenderText {#text} at (2,1) size 85x19
                text run at (2,1) width 85: "Row 3, Cell 3"
          RenderTableRow {TR} at (0,44) size 264x22
            RenderTableCell {TD} at (0,44) size 176x22 [border: none none none (1px solid #808080)] [r=2 c=0 rs=1 cs=2]
              RenderText {#text} at (2,1) size 85x19
                text run at (2,1) width 85: "Row 4, Cell 1"
        RenderTableSection {TFOOT} at (0,109) size 264x22
          RenderTableRow {TR} at (0,0) size 264x22
            RenderTableCell {TD} at (0,0) size 88x22 [border: none none none (1px solid #808080)] [r=0 c=0 rs=1 cs=1]
              RenderText {#text} at (2,1) size 85x19
                text run at (2,1) width 85: "Row 5, Cell 1"
            RenderTableCell {TD} at (88,0) size 88x22 [border: none none none (1px solid #808080)] [r=0 c=1 rs=1 cs=1]
              RenderText {#text} at (2,1) size 85x19
                text run at (2,1) width 85: "Row 5, Cell 2"
            RenderTableCell {TD} at (176,0) size 88x22 [border: none none none (1px solid #808080)] [r=0 c=2 rs=1 cs=1]
              RenderText {#text} at (2,1) size 85x19
                text run at (2,1) width 85: "Row 5, Cell 3"
      RenderTable {TABLE} at (0,6314) size 265x132 [border: none]
        RenderBlock {CAPTION} at (0,0) size 265x20
          RenderInline {A} at (0,0) size 234x19
            RenderText {#text} at (13,0) size 234x19
              text run at (13,0) width 234: "Frame=\x{201C}border\x{201D} and Rules=\x{201C}cols\x{201D}"
          RenderInline (generated) at (0,0) size 5x19
            RenderText at (247,0) size 5x19
              text run at (247,0) width 5: ":"
        RenderTableSection {THEAD} at (0,20) size 264x23
          RenderTableRow {TR} at (0,0) size 264x23
            RenderTableCell {TD} at (0,0) size 88x23 [border: (1px none #808080) none none (1px solid #808080)] [r=0 c=0 rs=1 cs=1]
              RenderText {#text} at (2,2) size 85x19
                text run at (2,2) width 85: "Row 1, Cell 1"
            RenderTableCell {TD} at (88,0) size 88x23 [border: (1px none #808080) none none (1px solid #808080)] [r=0 c=1 rs=1 cs=1]
              RenderText {#text} at (2,2) size 85x19
                text run at (2,2) width 85: "Row 1, Cell 2"
            RenderTableCell {TD} at (176,0) size 88x23 [border: (1px none #808080) none none (1px solid #808080)] [r=0 c=2 rs=1 cs=1]
              RenderText {#text} at (2,2) size 85x19
                text run at (2,2) width 85: "Row 1, Cell 3"
        RenderTableSection {TBODY} at (0,43) size 264x66
          RenderTableRow {TR} at (0,0) size 264x22
            RenderTableCell {TD} at (0,11) size 88x22 [border: none none none (1px solid #808080)] [r=0 c=0 rs=2 cs=1]
              RenderText {#text} at (2,1) size 85x19
                text run at (2,1) width 85: "Row 2, Cell 1"
            RenderTableCell {TD} at (88,0) size 176x22 [border: none none none (1px solid #808080)] [r=0 c=1 rs=1 cs=2]
              RenderText {#text} at (2,1) size 85x19
                text run at (2,1) width 85: "Row 2, Cell 2"
          RenderTableRow {TR} at (0,22) size 264x22
            RenderTableCell {TD} at (88,22) size 88x22 [border: none none none (1px solid #808080)] [r=1 c=1 rs=1 cs=1]
              RenderText {#text} at (2,1) size 85x19
                text run at (2,1) width 85: "Row 3, Cell 2"
            RenderTableCell {TD} at (176,33) size 88x22 [border: none none none (1px solid #808080)] [r=1 c=2 rs=2 cs=1]
              RenderText {#text} at (2,1) size 85x19
                text run at (2,1) width 85: "Row 3, Cell 3"
          RenderTableRow {TR} at (0,44) size 264x22
            RenderTableCell {TD} at (0,44) size 176x22 [border: none none none (1px solid #808080)] [r=2 c=0 rs=1 cs=2]
              RenderText {#text} at (2,1) size 85x19
                text run at (2,1) width 85: "Row 4, Cell 1"
        RenderTableSection {TFOOT} at (0,109) size 264x22
          RenderTableRow {TR} at (0,0) size 264x22
            RenderTableCell {TD} at (0,0) size 88x22 [border: none none none (1px solid #808080)] [r=0 c=0 rs=1 cs=1]
              RenderText {#text} at (2,1) size 85x19
                text run at (2,1) width 85: "Row 5, Cell 1"
            RenderTableCell {TD} at (88,0) size 88x22 [border: none none none (1px solid #808080)] [r=0 c=1 rs=1 cs=1]
              RenderText {#text} at (2,1) size 85x19
                text run at (2,1) width 85: "Row 5, Cell 2"
            RenderTableCell {TD} at (176,0) size 88x22 [border: none none none (1px solid #808080)] [r=0 c=2 rs=1 cs=1]
              RenderText {#text} at (2,1) size 85x19
                text run at (2,1) width 85: "Row 5, Cell 3"
      RenderTable {TABLE} at (0,6494) size 263x134
        RenderBlock {CAPTION} at (0,0) size 263x20
          RenderInline {A} at (0,0) size 212x19
            RenderText {#text} at (23,0) size 212x19
              text run at (23,0) width 212: "Frame=\x{201C}void\x{201D} and Rules=\x{201C}all\x{201D}"
          RenderInline (generated) at (0,0) size 6x19
            RenderText at (234,0) size 6x19
              text run at (234,0) width 6: ":"
        RenderTableSection {THEAD} at (0,20) size 263x22
          RenderTableRow {TR} at (0,0) size 263x22
            RenderTableCell {TD} at (0,0) size 87x22 [r=0 c=0 rs=1 cs=1]
              RenderText {#text} at (1,1) size 85x19
                text run at (1,1) width 85: "Row 1, Cell 1"
            RenderTableCell {TD} at (87,0) size 88x22 [border: none] [r=0 c=1 rs=1 cs=1]
              RenderText {#text} at (2,1) size 85x19
                text run at (2,1) width 85: "Row 1, Cell 2"
            RenderTableCell {TD} at (175,0) size 88x22 [border: none] [r=0 c=2 rs=1 cs=1]
              RenderText {#text} at (2,1) size 85x19
                text run at (2,1) width 85: "Row 1, Cell 3"
        RenderTableSection {TBODY} at (0,42) size 263x69
          RenderTableRow {TR} at (0,0) size 263x23
            RenderTableCell {TD} at (0,11) size 87x24 [border: (1px solid #808080)] [r=0 c=0 rs=2 cs=1]
              RenderText {#text} at (1,2) size 85x20
                text run at (1,3) width 85: "Row 2, Cell 1"
            RenderTableCell {TD} at (87,0) size 176x23 [border: (1px solid #808080)] [r=0 c=1 rs=1 cs=2]
              RenderText {#text} at (2,2) size 85x19
                text run at (2,2) width 85: "Row 2, Cell 2"
          RenderTableRow {TR} at (0,23) size 263x23
            RenderTableCell {TD} at (87,23) size 88x23 [border: (1px solid #808080)] [r=1 c=1 rs=1 cs=1]
              RenderText {#text} at (2,2) size 85x19
                text run at (2,2) width 85: "Row 3, Cell 2"
            RenderTableCell {TD} at (175,34) size 88x24 [border: (1px solid #808080)] [r=1 c=2 rs=2 cs=1]
              RenderText {#text} at (2,2) size 85x20
                text run at (2,3) width 85: "Row 3, Cell 3"
          RenderTableRow {TR} at (0,46) size 263x23
            RenderTableCell {TD} at (0,46) size 175x23 [border: (1px solid #808080)] [r=2 c=0 rs=1 cs=2]
              RenderText {#text} at (1,2) size 85x19
                text run at (1,2) width 85: "Row 4, Cell 1"
        RenderTableSection {TFOOT} at (0,111) size 263x23
          RenderTableRow {TR} at (0,0) size 263x23
            RenderTableCell {TD} at (0,0) size 87x23 [border: (1px solid #808080)] [r=0 c=0 rs=1 cs=1]
              RenderText {#text} at (1,2) size 85x19
                text run at (1,2) width 85: "Row 5, Cell 1"
            RenderTableCell {TD} at (87,0) size 88x23 [border: (1px solid #808080)] [r=0 c=1 rs=1 cs=1]
              RenderText {#text} at (2,2) size 85x19
                text run at (2,2) width 85: "Row 5, Cell 2"
            RenderTableCell {TD} at (175,0) size 88x23 [border: (1px solid #808080)] [r=0 c=2 rs=1 cs=1]
              RenderText {#text} at (2,2) size 85x19
                text run at (2,2) width 85: "Row 5, Cell 3"
      RenderTable {TABLE} at (0,6676) size 263x135
        RenderBlock {CAPTION} at (0,0) size 263x20
          RenderInline {A} at (0,0) size 222x19
            RenderText {#text} at (18,0) size 222x19
              text run at (18,0) width 222: "Frame=\x{201C}above\x{201D} and Rules=\x{201C}all\x{201D}"
          RenderInline (generated) at (0,0) size 6x19
            RenderText at (239,0) size 6x19
              text run at (239,0) width 6: ":"
        RenderTableSection {THEAD} at (0,20) size 263x23
          RenderTableRow {TR} at (0,0) size 263x23
            RenderTableCell {TD} at (0,0) size 87x23 [border: (1px solid #808080)] [r=0 c=0 rs=1 cs=1]
              RenderText {#text} at (1,2) size 85x19
                text run at (1,2) width 85: "Row 1, Cell 1"
            RenderTableCell {TD} at (87,0) size 88x23 [border: (1px solid #808080)] [r=0 c=1 rs=1 cs=1]
              RenderText {#text} at (2,2) size 85x19
                text run at (2,2) width 85: "Row 1, Cell 2"
            RenderTableCell {TD} at (175,0) size 88x23 [border: (1px solid #808080)] [r=0 c=2 rs=1 cs=1]
              RenderText {#text} at (2,2) size 85x19
                text run at (2,2) width 85: "Row 1, Cell 3"
        RenderTableSection {TBODY} at (0,43) size 263x69
          RenderTableRow {TR} at (0,0) size 263x23
            RenderTableCell {TD} at (0,11) size 87x24 [border: (1px solid #808080)] [r=0 c=0 rs=2 cs=1]
              RenderText {#text} at (1,2) size 85x20
                text run at (1,3) width 85: "Row 2, Cell 1"
            RenderTableCell {TD} at (87,0) size 176x23 [border: (1px solid #808080)] [r=0 c=1 rs=1 cs=2]
              RenderText {#text} at (2,2) size 85x19
                text run at (2,2) width 85: "Row 2, Cell 2"
          RenderTableRow {TR} at (0,23) size 263x23
            RenderTableCell {TD} at (87,23) size 88x23 [border: (1px solid #808080)] [r=1 c=1 rs=1 cs=1]
              RenderText {#text} at (2,2) size 85x19
                text run at (2,2) width 85: "Row 3, Cell 2"
            RenderTableCell {TD} at (175,34) size 88x24 [border: (1px solid #808080)] [r=1 c=2 rs=2 cs=1]
              RenderText {#text} at (2,2) size 85x20
                text run at (2,3) width 85: "Row 3, Cell 3"
          RenderTableRow {TR} at (0,46) size 263x23
            RenderTableCell {TD} at (0,46) size 175x23 [border: (1px solid #808080)] [r=2 c=0 rs=1 cs=2]
              RenderText {#text} at (1,2) size 85x19
                text run at (1,2) width 85: "Row 4, Cell 1"
        RenderTableSection {TFOOT} at (0,112) size 263x23
          RenderTableRow {TR} at (0,0) size 263x23
            RenderTableCell {TD} at (0,0) size 87x23 [border: (1px solid #808080)] [r=0 c=0 rs=1 cs=1]
              RenderText {#text} at (1,2) size 85x19
                text run at (1,2) width 85: "Row 5, Cell 1"
            RenderTableCell {TD} at (87,0) size 88x23 [border: (1px solid #808080)] [r=0 c=1 rs=1 cs=1]
              RenderText {#text} at (2,2) size 85x19
                text run at (2,2) width 85: "Row 5, Cell 2"
            RenderTableCell {TD} at (175,0) size 88x23 [border: (1px solid #808080)] [r=0 c=2 rs=1 cs=1]
              RenderText {#text} at (2,2) size 85x19
                text run at (2,2) width 85: "Row 5, Cell 3"
      RenderTable {TABLE} at (0,6859) size 263x135 [border: none (1px solid #808080) none]
        RenderBlock {CAPTION} at (0,0) size 263x20
          RenderInline {A} at (0,0) size 222x19
            RenderText {#text} at (18,0) size 222x19
              text run at (18,0) width 222: "Frame=\x{201C}below\x{201D} and Rules=\x{201C}all\x{201D}"
          RenderInline (generated) at (0,0) size 5x19
            RenderText at (240,0) size 5x19
              text run at (240,0) width 5: ":"
        RenderTableSection {THEAD} at (0,20) size 263x22
          RenderTableRow {TR} at (0,0) size 263x22
            RenderTableCell {TD} at (0,0) size 87x22 [r=0 c=0 rs=1 cs=1]
              RenderText {#text} at (1,1) size 85x19
                text run at (1,1) width 85: "Row 1, Cell 1"
            RenderTableCell {TD} at (87,0) size 88x22 [border: none] [r=0 c=1 rs=1 cs=1]
              RenderText {#text} at (2,1) size 85x19
                text run at (2,1) width 85: "Row 1, Cell 2"
            RenderTableCell {TD} at (175,0) size 88x22 [border: none] [r=0 c=2 rs=1 cs=1]
              RenderText {#text} at (2,1) size 85x19
                text run at (2,1) width 85: "Row 1, Cell 3"
        RenderTableSection {TBODY} at (0,42) size 263x69
          RenderTableRow {TR} at (0,0) size 263x23
            RenderTableCell {TD} at (0,11) size 87x24 [border: (1px solid #808080)] [r=0 c=0 rs=2 cs=1]
              RenderText {#text} at (1,2) size 85x20
                text run at (1,3) width 85: "Row 2, Cell 1"
            RenderTableCell {TD} at (87,0) size 176x23 [border: (1px solid #808080)] [r=0 c=1 rs=1 cs=2]
              RenderText {#text} at (2,2) size 85x19
                text run at (2,2) width 85: "Row 2, Cell 2"
          RenderTableRow {TR} at (0,23) size 263x23
            RenderTableCell {TD} at (87,23) size 88x23 [border: (1px solid #808080)] [r=1 c=1 rs=1 cs=1]
              RenderText {#text} at (2,2) size 85x19
                text run at (2,2) width 85: "Row 3, Cell 2"
            RenderTableCell {TD} at (175,34) size 88x24 [border: (1px solid #808080)] [r=1 c=2 rs=2 cs=1]
              RenderText {#text} at (2,2) size 85x20
                text run at (2,3) width 85: "Row 3, Cell 3"
          RenderTableRow {TR} at (0,46) size 263x23
            RenderTableCell {TD} at (0,46) size 175x23 [border: (1px solid #808080)] [r=2 c=0 rs=1 cs=2]
              RenderText {#text} at (1,2) size 85x19
                text run at (1,2) width 85: "Row 4, Cell 1"
        RenderTableSection {TFOOT} at (0,111) size 263x23
          RenderTableRow {TR} at (0,0) size 263x23
            RenderTableCell {TD} at (0,0) size 87x23 [border: (1px solid #808080)] [r=0 c=0 rs=1 cs=1]
              RenderText {#text} at (1,2) size 85x19
                text run at (1,2) width 85: "Row 5, Cell 1"
            RenderTableCell {TD} at (87,0) size 88x23 [border: (1px solid #808080)] [r=0 c=1 rs=1 cs=1]
              RenderText {#text} at (2,2) size 85x19
                text run at (2,2) width 85: "Row 5, Cell 2"
            RenderTableCell {TD} at (175,0) size 88x23 [border: (1px solid #808080)] [r=0 c=2 rs=1 cs=1]
              RenderText {#text} at (2,2) size 85x19
                text run at (2,2) width 85: "Row 5, Cell 3"
      RenderTable {TABLE} at (0,7042) size 263x136 [border: none none (1px solid #808080) none]
        RenderBlock {CAPTION} at (0,0) size 263x20
          RenderInline {A} at (0,0) size 224x19
            RenderText {#text} at (17,0) size 224x19
              text run at (17,0) width 224: "Frame=\x{201C}hsides\x{201D} and Rules=\x{201C}all\x{201D}"
          RenderInline (generated) at (0,0) size 5x19
            RenderText at (241,0) size 5x19
              text run at (241,0) width 5: ":"
        RenderTableSection {THEAD} at (0,20) size 263x23
          RenderTableRow {TR} at (0,0) size 263x23
            RenderTableCell {TD} at (0,0) size 87x23 [border: (1px solid #808080)] [r=0 c=0 rs=1 cs=1]
              RenderText {#text} at (1,2) size 85x19
                text run at (1,2) width 85: "Row 1, Cell 1"
            RenderTableCell {TD} at (87,0) size 88x23 [border: (1px solid #808080)] [r=0 c=1 rs=1 cs=1]
              RenderText {#text} at (2,2) size 85x19
                text run at (2,2) width 85: "Row 1, Cell 2"
            RenderTableCell {TD} at (175,0) size 88x23 [border: (1px solid #808080)] [r=0 c=2 rs=1 cs=1]
              RenderText {#text} at (2,2) size 85x19
                text run at (2,2) width 85: "Row 1, Cell 3"
        RenderTableSection {TBODY} at (0,43) size 263x69
          RenderTableRow {TR} at (0,0) size 263x23
            RenderTableCell {TD} at (0,11) size 87x24 [border: (1px solid #808080)] [r=0 c=0 rs=2 cs=1]
              RenderText {#text} at (1,2) size 85x20
                text run at (1,3) width 85: "Row 2, Cell 1"
            RenderTableCell {TD} at (87,0) size 176x23 [border: (1px solid #808080)] [r=0 c=1 rs=1 cs=2]
              RenderText {#text} at (2,2) size 85x19
                text run at (2,2) width 85: "Row 2, Cell 2"
          RenderTableRow {TR} at (0,23) size 263x23
            RenderTableCell {TD} at (87,23) size 88x23 [border: (1px solid #808080)] [r=1 c=1 rs=1 cs=1]
              RenderText {#text} at (2,2) size 85x19
                text run at (2,2) width 85: "Row 3, Cell 2"
            RenderTableCell {TD} at (175,34) size 88x24 [border: (1px solid #808080)] [r=1 c=2 rs=2 cs=1]
              RenderText {#text} at (2,2) size 85x20
                text run at (2,3) width 85: "Row 3, Cell 3"
          RenderTableRow {TR} at (0,46) size 263x23
            RenderTableCell {TD} at (0,46) size 175x23 [border: (1px solid #808080)] [r=2 c=0 rs=1 cs=2]
              RenderText {#text} at (1,2) size 85x19
                text run at (1,2) width 85: "Row 4, Cell 1"
        RenderTableSection {TFOOT} at (0,112) size 263x23
          RenderTableRow {TR} at (0,0) size 263x23
            RenderTableCell {TD} at (0,0) size 87x23 [border: (1px solid #808080)] [r=0 c=0 rs=1 cs=1]
              RenderText {#text} at (1,2) size 85x19
                text run at (1,2) width 85: "Row 5, Cell 1"
            RenderTableCell {TD} at (87,0) size 88x23 [border: (1px solid #808080)] [r=0 c=1 rs=1 cs=1]
              RenderText {#text} at (2,2) size 85x19
                text run at (2,2) width 85: "Row 5, Cell 2"
            RenderTableCell {TD} at (175,0) size 88x23 [border: (1px solid #808080)] [r=0 c=2 rs=1 cs=1]
              RenderText {#text} at (2,2) size 85x19
                text run at (2,2) width 85: "Row 5, Cell 3"
      RenderTable {TABLE} at (0,7226) size 265x134 [border: none (1px solid #808080) none none]
        RenderBlock {CAPTION} at (0,0) size 265x20
          RenderInline {A} at (0,0) size 222x19
            RenderText {#text} at (19,0) size 222x19
              text run at (19,0) width 222: "Frame=\x{201C}vsides\x{201D} and Rules=\x{201C}all\x{201D}"
          RenderInline (generated) at (0,0) size 5x19
            RenderText at (241,0) size 5x19
              text run at (241,0) width 5: ":"
        RenderTableSection {THEAD} at (0,20) size 264x22
          RenderTableRow {TR} at (0,0) size 264x22
            RenderTableCell {TD} at (0,0) size 88x22 [border: none] [r=0 c=0 rs=1 cs=1]
              RenderText {#text} at (2,1) size 85x19
                text run at (2,1) width 85: "Row 1, Cell 1"
            RenderTableCell {TD} at (88,0) size 88x22 [border: none] [r=0 c=1 rs=1 cs=1]
              RenderText {#text} at (2,1) size 85x19
                text run at (2,1) width 85: "Row 1, Cell 2"
            RenderTableCell {TD} at (176,0) size 88x22 [border: none] [r=0 c=2 rs=1 cs=1]
              RenderText {#text} at (2,1) size 85x19
                text run at (2,1) width 85: "Row 1, Cell 3"
        RenderTableSection {TBODY} at (0,42) size 264x69
          RenderTableRow {TR} at (0,0) size 264x23
            RenderTableCell {TD} at (0,11) size 88x24 [border: (1px solid #808080)] [r=0 c=0 rs=2 cs=1]
              RenderText {#text} at (2,2) size 85x20
                text run at (2,3) width 85: "Row 2, Cell 1"
            RenderTableCell {TD} at (88,0) size 176x23 [border: (1px solid #808080)] [r=0 c=1 rs=1 cs=2]
              RenderText {#text} at (2,2) size 85x19
                text run at (2,2) width 85: "Row 2, Cell 2"
          RenderTableRow {TR} at (0,23) size 264x23
            RenderTableCell {TD} at (88,23) size 88x23 [border: (1px solid #808080)] [r=1 c=1 rs=1 cs=1]
              RenderText {#text} at (2,2) size 85x19
                text run at (2,2) width 85: "Row 3, Cell 2"
            RenderTableCell {TD} at (176,34) size 88x24 [border: (1px solid #808080)] [r=1 c=2 rs=2 cs=1]
              RenderText {#text} at (2,2) size 85x20
                text run at (2,3) width 85: "Row 3, Cell 3"
          RenderTableRow {TR} at (0,46) size 264x23
            RenderTableCell {TD} at (0,46) size 176x23 [border: (1px solid #808080)] [r=2 c=0 rs=1 cs=2]
              RenderText {#text} at (2,2) size 85x19
                text run at (2,2) width 85: "Row 4, Cell 1"
        RenderTableSection {TFOOT} at (0,111) size 264x23
          RenderTableRow {TR} at (0,0) size 264x23
            RenderTableCell {TD} at (0,0) size 88x23 [border: (1px solid #808080)] [r=0 c=0 rs=1 cs=1]
              RenderText {#text} at (2,2) size 85x19
                text run at (2,2) width 85: "Row 5, Cell 1"
            RenderTableCell {TD} at (88,0) size 88x23 [border: (1px solid #808080)] [r=0 c=1 rs=1 cs=1]
              RenderText {#text} at (2,2) size 85x19
                text run at (2,2) width 85: "Row 5, Cell 2"
            RenderTableCell {TD} at (176,0) size 88x23 [border: (1px solid #808080)] [r=0 c=2 rs=1 cs=1]
              RenderText {#text} at (2,2) size 85x19
                text run at (2,2) width 85: "Row 5, Cell 3"
      RenderTable {TABLE} at (0,7408) size 264x134
        RenderBlock {CAPTION} at (0,0) size 264x20
          RenderInline {A} at (0,0) size 203x19
            RenderText {#text} at (28,0) size 203x19
              text run at (28,0) width 203: "Frame=\x{201C}lhs\x{201D} and Rules=\x{201C}all\x{201D}"
          RenderInline (generated) at (0,0) size 5x19
            RenderText at (231,0) size 5x19
              text run at (231,0) width 5: ":"
        RenderTableSection {THEAD} at (0,20) size 264x22
          RenderTableRow {TR} at (0,0) size 264x22
            RenderTableCell {TD} at (0,0) size 88x22 [border: none] [r=0 c=0 rs=1 cs=1]
              RenderText {#text} at (2,1) size 85x19
                text run at (2,1) width 85: "Row 1, Cell 1"
            RenderTableCell {TD} at (88,0) size 88x22 [border: none] [r=0 c=1 rs=1 cs=1]
              RenderText {#text} at (2,1) size 85x19
                text run at (2,1) width 85: "Row 1, Cell 2"
            RenderTableCell {TD} at (176,0) size 88x22 [border: none] [r=0 c=2 rs=1 cs=1]
              RenderText {#text} at (2,1) size 85x19
                text run at (2,1) width 85: "Row 1, Cell 3"
        RenderTableSection {TBODY} at (0,42) size 264x69
          RenderTableRow {TR} at (0,0) size 264x23
            RenderTableCell {TD} at (0,11) size 88x24 [border: (1px solid #808080)] [r=0 c=0 rs=2 cs=1]
              RenderText {#text} at (2,2) size 85x20
                text run at (2,3) width 85: "Row 2, Cell 1"
            RenderTableCell {TD} at (88,0) size 176x23 [border: (1px solid #808080)] [r=0 c=1 rs=1 cs=2]
              RenderText {#text} at (2,2) size 85x19
                text run at (2,2) width 85: "Row 2, Cell 2"
          RenderTableRow {TR} at (0,23) size 264x23
            RenderTableCell {TD} at (88,23) size 88x23 [border: (1px solid #808080)] [r=1 c=1 rs=1 cs=1]
              RenderText {#text} at (2,2) size 85x19
                text run at (2,2) width 85: "Row 3, Cell 2"
            RenderTableCell {TD} at (176,34) size 88x24 [border: (1px solid #808080)] [r=1 c=2 rs=2 cs=1]
              RenderText {#text} at (2,2) size 85x20
                text run at (2,3) width 85: "Row 3, Cell 3"
          RenderTableRow {TR} at (0,46) size 264x23
            RenderTableCell {TD} at (0,46) size 176x23 [border: (1px solid #808080)] [r=2 c=0 rs=1 cs=2]
              RenderText {#text} at (2,2) size 85x19
                text run at (2,2) width 85: "Row 4, Cell 1"
        RenderTableSection {TFOOT} at (0,111) size 264x23
          RenderTableRow {TR} at (0,0) size 264x23
            RenderTableCell {TD} at (0,0) size 88x23 [border: (1px solid #808080)] [r=0 c=0 rs=1 cs=1]
              RenderText {#text} at (2,2) size 85x19
                text run at (2,2) width 85: "Row 5, Cell 1"
            RenderTableCell {TD} at (88,0) size 88x23 [border: (1px solid #808080)] [r=0 c=1 rs=1 cs=1]
              RenderText {#text} at (2,2) size 85x19
                text run at (2,2) width 85: "Row 5, Cell 2"
            RenderTableCell {TD} at (176,0) size 88x23 [border: (1px solid #808080)] [r=0 c=2 rs=1 cs=1]
              RenderText {#text} at (2,2) size 85x19
                text run at (2,2) width 85: "Row 5, Cell 3"
      RenderTable {TABLE} at (0,7590) size 264x134 [border: none (1px solid #808080) none]
        RenderBlock {CAPTION} at (0,0) size 264x20
          RenderInline {A} at (0,0) size 205x19
            RenderText {#text} at (27,0) size 205x19
              text run at (27,0) width 205: "Frame=\x{201C}rhs\x{201D} and Rules=\x{201C}all\x{201D}"
          RenderInline (generated) at (0,0) size 6x19
            RenderText at (231,0) size 6x19
              text run at (231,0) width 6: ":"
        RenderTableSection {THEAD} at (0,20) size 263x22
          RenderTableRow {TR} at (0,0) size 263x22
            RenderTableCell {TD} at (0,0) size 87x22 [r=0 c=0 rs=1 cs=1]
              RenderText {#text} at (1,1) size 85x19
                text run at (1,1) width 85: "Row 1, Cell 1"
            RenderTableCell {TD} at (87,0) size 88x22 [border: none] [r=0 c=1 rs=1 cs=1]
              RenderText {#text} at (2,1) size 85x19
                text run at (2,1) width 85: "Row 1, Cell 2"
            RenderTableCell {TD} at (175,0) size 88x22 [border: none] [r=0 c=2 rs=1 cs=1]
              RenderText {#text} at (2,1) size 85x19
                text run at (2,1) width 85: "Row 1, Cell 3"
        RenderTableSection {TBODY} at (0,42) size 263x69
          RenderTableRow {TR} at (0,0) size 263x23
            RenderTableCell {TD} at (0,11) size 87x24 [border: (1px solid #808080)] [r=0 c=0 rs=2 cs=1]
              RenderText {#text} at (1,2) size 85x20
                text run at (1,3) width 85: "Row 2, Cell 1"
            RenderTableCell {TD} at (87,0) size 176x23 [border: (1px solid #808080)] [r=0 c=1 rs=1 cs=2]
              RenderText {#text} at (2,2) size 85x19
                text run at (2,2) width 85: "Row 2, Cell 2"
          RenderTableRow {TR} at (0,23) size 263x23
            RenderTableCell {TD} at (87,23) size 88x23 [border: (1px solid #808080)] [r=1 c=1 rs=1 cs=1]
              RenderText {#text} at (2,2) size 85x19
                text run at (2,2) width 85: "Row 3, Cell 2"
            RenderTableCell {TD} at (175,34) size 88x24 [border: (1px solid #808080)] [r=1 c=2 rs=2 cs=1]
              RenderText {#text} at (2,2) size 85x20
                text run at (2,3) width 85: "Row 3, Cell 3"
          RenderTableRow {TR} at (0,46) size 263x23
            RenderTableCell {TD} at (0,46) size 175x23 [border: (1px solid #808080)] [r=2 c=0 rs=1 cs=2]
              RenderText {#text} at (1,2) size 85x19
                text run at (1,2) width 85: "Row 4, Cell 1"
        RenderTableSection {TFOOT} at (0,111) size 263x23
          RenderTableRow {TR} at (0,0) size 263x23
            RenderTableCell {TD} at (0,0) size 87x23 [border: (1px solid #808080)] [r=0 c=0 rs=1 cs=1]
              RenderText {#text} at (1,2) size 85x19
                text run at (1,2) width 85: "Row 5, Cell 1"
            RenderTableCell {TD} at (87,0) size 88x23 [border: (1px solid #808080)] [r=0 c=1 rs=1 cs=1]
              RenderText {#text} at (2,2) size 85x19
                text run at (2,2) width 85: "Row 5, Cell 2"
            RenderTableCell {TD} at (175,0) size 88x23 [border: (1px solid #808080)] [r=0 c=2 rs=1 cs=1]
              RenderText {#text} at (2,2) size 85x19
                text run at (2,2) width 85: "Row 5, Cell 3"
      RenderTable {TABLE} at (0,7772) size 265x136 [border: none]
        RenderBlock {CAPTION} at (0,0) size 265x20
          RenderInline {A} at (0,0) size 208x19
            RenderText {#text} at (26,0) size 208x19
              text run at (26,0) width 208: "Frame=\x{201C}box\x{201D} and Rules=\x{201C}all\x{201D}"
          RenderInline (generated) at (0,0) size 6x19
            RenderText at (233,0) size 6x19
              text run at (233,0) width 6: ":"
        RenderTableSection {THEAD} at (0,20) size 264x23
          RenderTableRow {TR} at (0,0) size 264x23
            RenderTableCell {TD} at (0,0) size 88x23 [border: (1px solid #808080)] [r=0 c=0 rs=1 cs=1]
              RenderText {#text} at (2,2) size 85x19
                text run at (2,2) width 85: "Row 1, Cell 1"
            RenderTableCell {TD} at (88,0) size 88x23 [border: (1px solid #808080)] [r=0 c=1 rs=1 cs=1]
              RenderText {#text} at (2,2) size 85x19
                text run at (2,2) width 85: "Row 1, Cell 2"
            RenderTableCell {TD} at (176,0) size 88x23 [border: (1px solid #808080)] [r=0 c=2 rs=1 cs=1]
              RenderText {#text} at (2,2) size 85x19
                text run at (2,2) width 85: "Row 1, Cell 3"
        RenderTableSection {TBODY} at (0,43) size 264x69
          RenderTableRow {TR} at (0,0) size 264x23
            RenderTableCell {TD} at (0,11) size 88x24 [border: (1px solid #808080)] [r=0 c=0 rs=2 cs=1]
              RenderText {#text} at (2,2) size 85x20
                text run at (2,3) width 85: "Row 2, Cell 1"
            RenderTableCell {TD} at (88,0) size 176x23 [border: (1px solid #808080)] [r=0 c=1 rs=1 cs=2]
              RenderText {#text} at (2,2) size 85x19
                text run at (2,2) width 85: "Row 2, Cell 2"
          RenderTableRow {TR} at (0,23) size 264x23
            RenderTableCell {TD} at (88,23) size 88x23 [border: (1px solid #808080)] [r=1 c=1 rs=1 cs=1]
              RenderText {#text} at (2,2) size 85x19
                text run at (2,2) width 85: "Row 3, Cell 2"
            RenderTableCell {TD} at (176,34) size 88x24 [border: (1px solid #808080)] [r=1 c=2 rs=2 cs=1]
              RenderText {#text} at (2,2) size 85x20
                text run at (2,3) width 85: "Row 3, Cell 3"
          RenderTableRow {TR} at (0,46) size 264x23
            RenderTableCell {TD} at (0,46) size 176x23 [border: (1px solid #808080)] [r=2 c=0 rs=1 cs=2]
              RenderText {#text} at (2,2) size 85x19
                text run at (2,2) width 85: "Row 4, Cell 1"
        RenderTableSection {TFOOT} at (0,112) size 264x23
          RenderTableRow {TR} at (0,0) size 264x23
            RenderTableCell {TD} at (0,0) size 88x23 [border: (1px solid #808080)] [r=0 c=0 rs=1 cs=1]
              RenderText {#text} at (2,2) size 85x19
                text run at (2,2) width 85: "Row 5, Cell 1"
            RenderTableCell {TD} at (88,0) size 88x23 [border: (1px solid #808080)] [r=0 c=1 rs=1 cs=1]
              RenderText {#text} at (2,2) size 85x19
                text run at (2,2) width 85: "Row 5, Cell 2"
            RenderTableCell {TD} at (176,0) size 88x23 [border: (1px solid #808080)] [r=0 c=2 rs=1 cs=1]
              RenderText {#text} at (2,2) size 85x19
                text run at (2,2) width 85: "Row 5, Cell 3"
      RenderTable {TABLE} at (0,7956) size 265x136 [border: none]
        RenderBlock {CAPTION} at (0,0) size 265x20
          RenderInline {A} at (0,0) size 226x19
            RenderText {#text} at (17,0) size 226x19
              text run at (17,0) width 226: "Frame=\x{201C}border\x{201D} and Rules=\x{201C}all\x{201D}"
          RenderInline (generated) at (0,0) size 5x19
            RenderText at (243,0) size 5x19
              text run at (243,0) width 5: ":"
        RenderTableSection {THEAD} at (0,20) size 264x23
          RenderTableRow {TR} at (0,0) size 264x23
            RenderTableCell {TD} at (0,0) size 88x23 [border: (1px solid #808080)] [r=0 c=0 rs=1 cs=1]
              RenderText {#text} at (2,2) size 85x19
                text run at (2,2) width 85: "Row 1, Cell 1"
            RenderTableCell {TD} at (88,0) size 88x23 [border: (1px solid #808080)] [r=0 c=1 rs=1 cs=1]
              RenderText {#text} at (2,2) size 85x19
                text run at (2,2) width 85: "Row 1, Cell 2"
            RenderTableCell {TD} at (176,0) size 88x23 [border: (1px solid #808080)] [r=0 c=2 rs=1 cs=1]
              RenderText {#text} at (2,2) size 85x19
                text run at (2,2) width 85: "Row 1, Cell 3"
        RenderTableSection {TBODY} at (0,43) size 264x69
          RenderTableRow {TR} at (0,0) size 264x23
            RenderTableCell {TD} at (0,11) size 88x24 [border: (1px solid #808080)] [r=0 c=0 rs=2 cs=1]
              RenderText {#text} at (2,2) size 85x20
                text run at (2,3) width 85: "Row 2, Cell 1"
            RenderTableCell {TD} at (88,0) size 176x23 [border: (1px solid #808080)] [r=0 c=1 rs=1 cs=2]
              RenderText {#text} at (2,2) size 85x19
                text run at (2,2) width 85: "Row 2, Cell 2"
          RenderTableRow {TR} at (0,23) size 264x23
            RenderTableCell {TD} at (88,23) size 88x23 [border: (1px solid #808080)] [r=1 c=1 rs=1 cs=1]
              RenderText {#text} at (2,2) size 85x19
                text run at (2,2) width 85: "Row 3, Cell 2"
            RenderTableCell {TD} at (176,34) size 88x24 [border: (1px solid #808080)] [r=1 c=2 rs=2 cs=1]
              RenderText {#text} at (2,2) size 85x20
                text run at (2,3) width 85: "Row 3, Cell 3"
          RenderTableRow {TR} at (0,46) size 264x23
            RenderTableCell {TD} at (0,46) size 176x23 [border: (1px solid #808080)] [r=2 c=0 rs=1 cs=2]
              RenderText {#text} at (2,2) size 85x19
                text run at (2,2) width 85: "Row 4, Cell 1"
        RenderTableSection {TFOOT} at (0,112) size 264x23
          RenderTableRow {TR} at (0,0) size 264x23
            RenderTableCell {TD} at (0,0) size 88x23 [border: (1px solid #808080)] [r=0 c=0 rs=1 cs=1]
              RenderText {#text} at (2,2) size 85x19
                text run at (2,2) width 85: "Row 5, Cell 1"
            RenderTableCell {TD} at (88,0) size 88x23 [border: (1px solid #808080)] [r=0 c=1 rs=1 cs=1]
              RenderText {#text} at (2,2) size 85x19
                text run at (2,2) width 85: "Row 5, Cell 2"
            RenderTableCell {TD} at (176,0) size 88x23 [border: (1px solid #808080)] [r=0 c=2 rs=1 cs=1]
              RenderText {#text} at (2,2) size 85x19
                text run at (2,2) width 85: "Row 5, Cell 3"
layer at (393,24) size 392x150
  RenderBlock (positioned) {TABLE} at (392,24) size 393x150
    RenderTable at (0,0) size 360x162
      RenderBlock {CAPTION} at (0,0) size 360x20
        RenderText {#text} at (55,0) size 245x19
          text run at (55,0) width 245: "Local links to specific testcase tables"
        RenderInline (generated) at (0,0) size 6x19
          RenderText at (299,0) size 6x19
            text run at (299,0) width 6: ":"
      RenderTableCol {COLGROUP} at (0,0) size 0x0
      RenderTableCol {COLGROUP} at (0,0) size 0x0
      RenderTableSection {THEAD} at (0,20) size 360x42
        RenderTableRow {TR} at (0,2) size 360x18
          RenderTableCell {TH} at (2,20) size 74x2 [r=0 c=0 rs=2 cs=2]
          RenderTableCell {TH} at (78,2) size 280x18 [r=0 c=2 rs=1 cs=9]
            RenderText {#text} at (124,1) size 32x15
              text run at (124,1) width 32: "Frame"
        RenderTableRow {TR} at (0,22) size 360x18
          RenderTableCell {TH} at (78,22) size 26x18 [r=1 c=2 rs=1 cs=1]
            RenderText {#text} at (1,1) size 24x15
              text run at (1,1) width 24: "void"
          RenderTableCell {TH} at (106,22) size 35x18 [r=1 c=3 rs=1 cs=1]
            RenderText {#text} at (1,1) size 33x15
              text run at (1,1) width 33: "above"
          RenderTableCell {TH} at (143,22) size 34x18 [r=1 c=4 rs=1 cs=1]
            RenderText {#text} at (1,1) size 32x15
              text run at (1,1) width 32: "below"
          RenderTableCell {TH} at (179,22) size 37x18 [r=1 c=5 rs=1 cs=1]
            RenderText {#text} at (1,1) size 35x15
              text run at (1,1) width 35: "hsides"
          RenderTableCell {TH} at (218,22) size 37x18 [r=1 c=6 rs=1 cs=1]
            RenderText {#text} at (1,1) size 35x15
              text run at (1,1) width 35: "vsides"
          RenderTableCell {TH} at (257,22) size 18x18 [r=1 c=7 rs=1 cs=1]
            RenderText {#text} at (1,1) size 16x15
              text run at (1,1) width 16: "lhs"
          RenderTableCell {TH} at (277,22) size 19x18 [r=1 c=8 rs=1 cs=1]
            RenderText {#text} at (1,1) size 17x15
              text run at (1,1) width 17: "rhs"
          RenderTableCell {TH} at (298,22) size 21x18 [r=1 c=9 rs=1 cs=1]
            RenderText {#text} at (1,1) size 19x15
              text run at (1,1) width 19: "box"
          RenderTableCell {TH} at (321,22) size 37x18 [r=1 c=10 rs=1 cs=1]
            RenderText {#text} at (1,1) size 35x15
              text run at (1,1) width 35: "border"
      RenderTableSection {TBODY} at (0,62) size 360x100
        RenderTableRow {TR} at (0,0) size 360x18
          RenderTableCell {TH} at (2,40) size 32x18 [r=0 c=0 rs=5 cs=1]
            RenderText {#text} at (1,1) size 30x15
              text run at (1,1) width 30: "Rules"
          RenderTableCell {TH} at (36,0) size 40x18 [r=0 c=1 rs=1 cs=1]
            RenderText {#text} at (12,1) size 27x15
              text run at (12,1) width 27: "none"
          RenderTableCell {TD} at (78,0) size 26x18 [bgcolor=#CCCCCC] [r=0 c=2 rs=1 cs=1]
            RenderInline {A} at (0,0) size 16x15 [color=#0000EE]
              RenderText {#text} at (5,1) size 16x15
                text run at (5,1) width 16: "Go"
          RenderTableCell {TD} at (106,0) size 35x18 [bgcolor=#CCCCCC] [r=0 c=3 rs=1 cs=1]
            RenderInline {A} at (0,0) size 15x15 [color=#0000EE]
              RenderText {#text} at (10,1) size 15x15
                text run at (10,1) width 15: "Go"
          RenderTableCell {TD} at (143,0) size 34x18 [bgcolor=#CCCCCC] [r=0 c=4 rs=1 cs=1]
            RenderInline {A} at (0,0) size 16x15 [color=#0000EE]
              RenderText {#text} at (9,1) size 16x15
                text run at (9,1) width 16: "Go"
          RenderTableCell {TD} at (179,0) size 37x18 [bgcolor=#CCCCCC] [r=0 c=5 rs=1 cs=1]
            RenderInline {A} at (0,0) size 15x15 [color=#0000EE]
              RenderText {#text} at (11,1) size 15x15
                text run at (11,1) width 15: "Go"
          RenderTableCell {TD} at (218,0) size 37x18 [bgcolor=#CCCCCC] [r=0 c=6 rs=1 cs=1]
            RenderInline {A} at (0,0) size 15x15 [color=#0000EE]
              RenderText {#text} at (11,1) size 15x15
                text run at (11,1) width 15: "Go"
          RenderTableCell {TD} at (257,0) size 18x18 [bgcolor=#CCCCCC] [r=0 c=7 rs=1 cs=1]
            RenderInline {A} at (0,0) size 16x15 [color=#0000EE]
              RenderText {#text} at (1,1) size 16x15
                text run at (1,1) width 16: "Go"
          RenderTableCell {TD} at (277,0) size 19x18 [bgcolor=#CCCCCC] [r=0 c=8 rs=1 cs=1]
            RenderInline {A} at (0,0) size 15x15 [color=#0000EE]
              RenderText {#text} at (2,1) size 15x15
                text run at (2,1) width 15: "Go"
          RenderTableCell {TD} at (298,0) size 21x18 [bgcolor=#CCCCCC] [r=0 c=9 rs=1 cs=1]
            RenderInline {A} at (0,0) size 15x15 [color=#0000EE]
              RenderText {#text} at (3,1) size 15x15
                text run at (3,1) width 15: "Go"
          RenderTableCell {TD} at (321,0) size 37x18 [bgcolor=#CCCCCC] [r=0 c=10 rs=1 cs=1]
            RenderInline {A} at (0,0) size 15x15 [color=#0000EE]
              RenderText {#text} at (11,1) size 15x15
                text run at (11,1) width 15: "Go"
        RenderTableRow {TR} at (0,20) size 360x18
          RenderTableCell {TH} at (36,20) size 40x18 [r=1 c=1 rs=1 cs=1]
            RenderText {#text} at (1,1) size 38x15
              text run at (1,1) width 38: "groups"
          RenderTableCell {TD} at (78,20) size 26x18 [bgcolor=#CCCCCC] [r=1 c=2 rs=1 cs=1]
            RenderInline {A} at (0,0) size 16x15 [color=#0000EE]
              RenderText {#text} at (5,1) size 16x15
                text run at (5,1) width 16: "Go"
          RenderTableCell {TD} at (106,20) size 35x18 [bgcolor=#CCCCCC] [r=1 c=3 rs=1 cs=1]
            RenderInline {A} at (0,0) size 15x15 [color=#0000EE]
              RenderText {#text} at (10,1) size 15x15
                text run at (10,1) width 15: "Go"
          RenderTableCell {TD} at (143,20) size 34x18 [bgcolor=#CCCCCC] [r=1 c=4 rs=1 cs=1]
            RenderInline {A} at (0,0) size 16x15 [color=#0000EE]
              RenderText {#text} at (9,1) size 16x15
                text run at (9,1) width 16: "Go"
          RenderTableCell {TD} at (179,20) size 37x18 [bgcolor=#CCCCCC] [r=1 c=5 rs=1 cs=1]
            RenderInline {A} at (0,0) size 15x15 [color=#0000EE]
              RenderText {#text} at (11,1) size 15x15
                text run at (11,1) width 15: "Go"
          RenderTableCell {TD} at (218,20) size 37x18 [bgcolor=#CCCCCC] [r=1 c=6 rs=1 cs=1]
            RenderInline {A} at (0,0) size 15x15 [color=#0000EE]
              RenderText {#text} at (11,1) size 15x15
                text run at (11,1) width 15: "Go"
          RenderTableCell {TD} at (257,20) size 18x18 [bgcolor=#CCCCCC] [r=1 c=7 rs=1 cs=1]
            RenderInline {A} at (0,0) size 16x15 [color=#0000EE]
              RenderText {#text} at (1,1) size 16x15
                text run at (1,1) width 16: "Go"
          RenderTableCell {TD} at (277,20) size 19x18 [bgcolor=#CCCCCC] [r=1 c=8 rs=1 cs=1]
            RenderInline {A} at (0,0) size 15x15 [color=#0000EE]
              RenderText {#text} at (2,1) size 15x15
                text run at (2,1) width 15: "Go"
          RenderTableCell {TD} at (298,20) size 21x18 [bgcolor=#CCCCCC] [r=1 c=9 rs=1 cs=1]
            RenderInline {A} at (0,0) size 15x15 [color=#0000EE]
              RenderText {#text} at (3,1) size 15x15
                text run at (3,1) width 15: "Go"
          RenderTableCell {TD} at (321,20) size 37x18 [bgcolor=#CCCCCC] [r=1 c=10 rs=1 cs=1]
            RenderInline {A} at (0,0) size 15x15 [color=#0000EE]
              RenderText {#text} at (11,1) size 15x15
                text run at (11,1) width 15: "Go"
        RenderTableRow {TR} at (0,40) size 360x18
          RenderTableCell {TH} at (36,40) size 40x18 [r=2 c=1 rs=1 cs=1]
            RenderText {#text} at (13,1) size 26x15
              text run at (13,1) width 26: "rows"
          RenderTableCell {TD} at (78,40) size 26x18 [bgcolor=#CCCCCC] [r=2 c=2 rs=1 cs=1]
            RenderInline {A} at (0,0) size 16x15 [color=#0000EE]
              RenderText {#text} at (5,1) size 16x15
                text run at (5,1) width 16: "Go"
          RenderTableCell {TD} at (106,40) size 35x18 [bgcolor=#CCCCCC] [r=2 c=3 rs=1 cs=1]
            RenderInline {A} at (0,0) size 15x15 [color=#0000EE]
              RenderText {#text} at (10,1) size 15x15
                text run at (10,1) width 15: "Go"
          RenderTableCell {TD} at (143,40) size 34x18 [bgcolor=#CCCCCC] [r=2 c=4 rs=1 cs=1]
            RenderInline {A} at (0,0) size 16x15 [color=#0000EE]
              RenderText {#text} at (9,1) size 16x15
                text run at (9,1) width 16: "Go"
          RenderTableCell {TD} at (179,40) size 37x18 [bgcolor=#CCCCCC] [r=2 c=5 rs=1 cs=1]
            RenderInline {A} at (0,0) size 15x15 [color=#0000EE]
              RenderText {#text} at (11,1) size 15x15
                text run at (11,1) width 15: "Go"
          RenderTableCell {TD} at (218,40) size 37x18 [bgcolor=#CCCCCC] [r=2 c=6 rs=1 cs=1]
            RenderInline {A} at (0,0) size 15x15 [color=#0000EE]
              RenderText {#text} at (11,1) size 15x15
                text run at (11,1) width 15: "Go"
          RenderTableCell {TD} at (257,40) size 18x18 [bgcolor=#CCCCCC] [r=2 c=7 rs=1 cs=1]
            RenderInline {A} at (0,0) size 16x15 [color=#0000EE]
              RenderText {#text} at (1,1) size 16x15
                text run at (1,1) width 16: "Go"
          RenderTableCell {TD} at (277,40) size 19x18 [bgcolor=#CCCCCC] [r=2 c=8 rs=1 cs=1]
            RenderInline {A} at (0,0) size 15x15 [color=#0000EE]
              RenderText {#text} at (2,1) size 15x15
                text run at (2,1) width 15: "Go"
          RenderTableCell {TD} at (298,40) size 21x18 [bgcolor=#CCCCCC] [r=2 c=9 rs=1 cs=1]
            RenderInline {A} at (0,0) size 15x15 [color=#0000EE]
              RenderText {#text} at (3,1) size 15x15
                text run at (3,1) width 15: "Go"
          RenderTableCell {TD} at (321,40) size 37x18 [bgcolor=#CCCCCC] [r=2 c=10 rs=1 cs=1]
            RenderInline {A} at (0,0) size 15x15 [color=#0000EE]
              RenderText {#text} at (11,1) size 15x15
                text run at (11,1) width 15: "Go"
        RenderTableRow {TR} at (0,60) size 360x18
          RenderTableCell {TH} at (36,60) size 40x18 [r=3 c=1 rs=1 cs=1]
            RenderText {#text} at (17,1) size 22x15
              text run at (17,1) width 22: "cols"
          RenderTableCell {TD} at (78,60) size 26x18 [bgcolor=#CCCCCC] [r=3 c=2 rs=1 cs=1]
            RenderInline {A} at (0,0) size 16x15 [color=#0000EE]
              RenderText {#text} at (5,1) size 16x15
                text run at (5,1) width 16: "Go"
          RenderTableCell {TD} at (106,60) size 35x18 [bgcolor=#CCCCCC] [r=3 c=3 rs=1 cs=1]
            RenderInline {A} at (0,0) size 15x15 [color=#0000EE]
              RenderText {#text} at (10,1) size 15x15
                text run at (10,1) width 15: "Go"
          RenderTableCell {TD} at (143,60) size 34x18 [bgcolor=#CCCCCC] [r=3 c=4 rs=1 cs=1]
            RenderInline {A} at (0,0) size 16x15 [color=#0000EE]
              RenderText {#text} at (9,1) size 16x15
                text run at (9,1) width 16: "Go"
          RenderTableCell {TD} at (179,60) size 37x18 [bgcolor=#CCCCCC] [r=3 c=5 rs=1 cs=1]
            RenderInline {A} at (0,0) size 15x15 [color=#0000EE]
              RenderText {#text} at (11,1) size 15x15
                text run at (11,1) width 15: "Go"
          RenderTableCell {TD} at (218,60) size 37x18 [bgcolor=#CCCCCC] [r=3 c=6 rs=1 cs=1]
            RenderInline {A} at (0,0) size 15x15 [color=#0000EE]
              RenderText {#text} at (11,1) size 15x15
                text run at (11,1) width 15: "Go"
          RenderTableCell {TD} at (257,60) size 18x18 [bgcolor=#CCCCCC] [r=3 c=7 rs=1 cs=1]
            RenderInline {A} at (0,0) size 16x15 [color=#0000EE]
              RenderText {#text} at (1,1) size 16x15
                text run at (1,1) width 16: "Go"
          RenderTableCell {TD} at (277,60) size 19x18 [bgcolor=#CCCCCC] [r=3 c=8 rs=1 cs=1]
            RenderInline {A} at (0,0) size 15x15 [color=#0000EE]
              RenderText {#text} at (2,1) size 15x15
                text run at (2,1) width 15: "Go"
          RenderTableCell {TD} at (298,60) size 21x18 [bgcolor=#CCCCCC] [r=3 c=9 rs=1 cs=1]
            RenderInline {A} at (0,0) size 15x15 [color=#0000EE]
              RenderText {#text} at (3,1) size 15x15
                text run at (3,1) width 15: "Go"
          RenderTableCell {TD} at (321,60) size 37x18 [bgcolor=#CCCCCC] [r=3 c=10 rs=1 cs=1]
            RenderInline {A} at (0,0) size 15x15 [color=#0000EE]
              RenderText {#text} at (11,1) size 15x15
                text run at (11,1) width 15: "Go"
        RenderTableRow {TR} at (0,80) size 360x18
          RenderTableCell {TH} at (36,80) size 40x18 [r=4 c=1 rs=1 cs=1]
            RenderText {#text} at (27,1) size 12x15
              text run at (27,1) width 12: "all"
          RenderTableCell {TD} at (78,80) size 26x18 [bgcolor=#CCCCCC] [r=4 c=2 rs=1 cs=1]
            RenderInline {A} at (0,0) size 16x15 [color=#0000EE]
              RenderText {#text} at (5,1) size 16x15
                text run at (5,1) width 16: "Go"
          RenderTableCell {TD} at (106,80) size 35x18 [bgcolor=#CCCCCC] [r=4 c=3 rs=1 cs=1]
            RenderInline {A} at (0,0) size 15x15 [color=#0000EE]
              RenderText {#text} at (10,1) size 15x15
                text run at (10,1) width 15: "Go"
          RenderTableCell {TD} at (143,80) size 34x18 [bgcolor=#CCCCCC] [r=4 c=4 rs=1 cs=1]
            RenderInline {A} at (0,0) size 16x15 [color=#0000EE]
              RenderText {#text} at (9,1) size 16x15
                text run at (9,1) width 16: "Go"
          RenderTableCell {TD} at (179,80) size 37x18 [bgcolor=#CCCCCC] [r=4 c=5 rs=1 cs=1]
            RenderInline {A} at (0,0) size 15x15 [color=#0000EE]
              RenderText {#text} at (11,1) size 15x15
                text run at (11,1) width 15: "Go"
          RenderTableCell {TD} at (218,80) size 37x18 [bgcolor=#CCCCCC] [r=4 c=6 rs=1 cs=1]
            RenderInline {A} at (0,0) size 15x15 [color=#0000EE]
              RenderText {#text} at (11,1) size 15x15
                text run at (11,1) width 15: "Go"
          RenderTableCell {TD} at (257,80) size 18x18 [bgcolor=#CCCCCC] [r=4 c=7 rs=1 cs=1]
            RenderInline {A} at (0,0) size 16x15 [color=#0000EE]
              RenderText {#text} at (1,1) size 16x15
                text run at (1,1) width 16: "Go"
          RenderTableCell {TD} at (277,80) size 19x18 [bgcolor=#CCCCCC] [r=4 c=8 rs=1 cs=1]
            RenderInline {A} at (0,0) size 15x15 [color=#0000EE]
              RenderText {#text} at (2,1) size 15x15
                text run at (2,1) width 15: "Go"
          RenderTableCell {TD} at (298,80) size 21x18 [bgcolor=#CCCCCC] [r=4 c=9 rs=1 cs=1]
            RenderInline {A} at (0,0) size 15x15 [color=#0000EE]
              RenderText {#text} at (3,1) size 15x15
                text run at (3,1) width 15: "Go"
          RenderTableCell {TD} at (321,80) size 37x18 [bgcolor=#CCCCCC] [r=4 c=10 rs=1 cs=1]
            RenderInline {A} at (0,0) size 15x15 [color=#0000EE]
              RenderText {#text} at (11,1) size 15x15
                text run at (11,1) width 15: "Go"
