layer at (0,0) size 785x1529
  RenderView at (0,0) size 785x600
layer at (0,0) size 785x1529
  RenderBlock {HTML} at (0,0) size 785x1529
    RenderBody {BODY} at (8,8) size 769x1513
      RenderBlock {P} at (0,0) size 769x40
        RenderText {#text} at (0,0) size 51x19
          text run at (0,0) width 51: "Test for "
        RenderInline {I} at (0,0) size 714x39
          RenderInline {A} at (0,0) size 311x19 [color=#0000EE]
            RenderText {#text} at (51,0) size 311x19
              text run at (51,0) width 311: "https://bugs.webkit.org/show_bug.cgi?id=19519"
          RenderText {#text} at (362,0) size 714x39
            text run at (362,0) width 352: " DOM modification causes stack exhaustion (BUTTON"
            text run at (0,20) width 151: "OBJECT COLGROUP)"
        RenderText {#text} at (151,20) size 4x19
          text run at (151,20) width 4: "."
      RenderBlock {PRE} at (0,56) size 769x16
        RenderText {#text} at (0,0) size 248x16
          text run at (0,0) width 248: "Prepending block to table-cell:"
      RenderBlock {DIV} at (0,85) size 769x0
        RenderBlock {DIV} at (0,0) size 769x0
        RenderTable at (0,0) size 1x0
          RenderTableSection (anonymous) at (0,0) size 1x0
            RenderTableRow (anonymous) at (0,0) size 1x0
              RenderTableCell {DIV} at (0,0) size 0x0 [r=0 c=0 rs=1 cs=1]
      RenderBlock {DIV} at (0,85) size 769x0
        RenderBlock {DIV} at (0,0) size 769x0
        RenderTable at (0,0) size 1x0
          RenderTableSection (anonymous) at (0,0) size 1x0
            RenderTableRow (anonymous) at (0,0) size 1x0
              RenderTableCell {DIV} at (0,0) size 0x0 [r=0 c=0 rs=1 cs=1]
      RenderBlock {PRE} at (0,98) size 769x16
        RenderText {#text} at (0,0) size 256x16
          text run at (0,0) width 256: "Prepending inline to table-cell:"
      RenderBlock {DIV} at (0,127) size 769x0
        RenderBlock (anonymous) at (0,0) size 769x0
          RenderInline {DIV} at (0,0) size 0x0
        RenderTable at (0,0) size 1x0
          RenderTableSection (anonymous) at (0,0) size 1x0
            RenderTableRow (anonymous) at (0,0) size 1x0
              RenderTableCell {DIV} at (0,0) size 0x0 [r=0 c=0 rs=1 cs=1]
      RenderBlock {DIV} at (0,127) size 769x0
        RenderBlock (anonymous) at (0,0) size 769x0
          RenderInline {DIV} at (0,0) size 0x0
        RenderTable at (0,0) size 1x0
          RenderTableSection (anonymous) at (0,0) size 1x0
            RenderTableRow (anonymous) at (0,0) size 1x0
              RenderTableCell {DIV} at (0,0) size 0x0 [r=0 c=0 rs=1 cs=1]
      RenderBlock {PRE} at (0,140) size 769x16
        RenderText {#text} at (0,0) size 288x16
          text run at (0,0) width 288: "Prepending table-cell to table-cell:"
      RenderBlock {DIV} at (0,169) size 769x0
        RenderTable at (0,0) size 2x0
          RenderTableSection (anonymous) at (0,0) size 2x0
            RenderTableRow (anonymous) at (0,0) size 2x0
              RenderTableCell {DIV} at (0,0) size 0x0 [r=0 c=0 rs=1 cs=1]
              RenderTableCell {DIV} at (0,0) size 0x0 [r=0 c=1 rs=1 cs=1]
      RenderBlock {DIV} at (0,169) size 769x0
        RenderTable at (0,0) size 2x0
          RenderTableSection (anonymous) at (0,0) size 2x0
            RenderTableRow (anonymous) at (0,0) size 2x0
              RenderTableCell {DIV} at (0,0) size 0x0 [r=0 c=0 rs=1 cs=1]
              RenderTableCell {DIV} at (0,0) size 0x0 [r=0 c=1 rs=1 cs=1]
      RenderBlock {PRE} at (0,182) size 769x16
        RenderText {#text} at (0,0) size 280x16
          text run at (0,0) width 280: "Prepending table-row to table-cell:"
      RenderBlock {DIV} at (0,211) size 769x0
        RenderTable at (0,0) size 1x0
          RenderTableSection (anonymous) at (0,0) size 1x0
            RenderTableRow {DIV} at (0,0) size 1x0
            RenderTableRow (anonymous) at (0,0) size 1x0
              RenderTableCell {DIV} at (0,0) size 0x0 [r=1 c=0 rs=1 cs=1]
      RenderBlock {DIV} at (0,211) size 769x0
        RenderTable at (0,0) size 1x0
          RenderTableSection (anonymous) at (0,0) size 1x0
            RenderTableRow {DIV} at (0,0) size 1x0
            RenderTableRow (anonymous) at (0,0) size 1x0
              RenderTableCell {DIV} at (0,0) size 0x0 [r=1 c=0 rs=1 cs=1]
      RenderBlock {PRE} at (0,224) size 769x16
        RenderText {#text} at (0,0) size 328x16
          text run at (0,0) width 328: "Prepending table-row-group to table-cell:"
      RenderBlock {DIV} at (0,253) size 769x0
        RenderTable at (0,0) size 1x0
          RenderTableSection {DIV} at (0,0) size 1x0
          RenderTableSection (anonymous) at (0,0) size 1x0
            RenderTableRow (anonymous) at (0,0) size 1x0
              RenderTableCell {DIV} at (0,0) size 0x0 [r=0 c=0 rs=1 cs=1]
      RenderBlock {DIV} at (0,253) size 769x0
        RenderTable at (0,0) size 1x0
          RenderTableSection {DIV} at (0,0) size 1x0
          RenderTableSection (anonymous) at (0,0) size 1x0
            RenderTableRow (anonymous) at (0,0) size 1x0
              RenderTableCell {DIV} at (0,0) size 0x0 [r=0 c=0 rs=1 cs=1]
      RenderBlock {PRE} at (0,266) size 769x16
        RenderText {#text} at (0,0) size 352x16
          text run at (0,0) width 352: "Prepending table-column-group to table-cell:"
      RenderBlock {DIV} at (0,295) size 769x0
        RenderTable at (0,0) size 1x0
          RenderTableCol {DIV} at (0,0) size 0x0
          RenderTableSection (anonymous) at (0,0) size 1x0
            RenderTableRow (anonymous) at (0,0) size 1x0
              RenderTableCell {DIV} at (0,0) size 0x0 [r=0 c=0 rs=1 cs=1]
      RenderBlock {DIV} at (0,295) size 769x0
        RenderTable at (0,0) size 1x0
          RenderTableCol {DIV} at (0,0) size 0x0
          RenderTableSection (anonymous) at (0,0) size 1x0
            RenderTableRow (anonymous) at (0,0) size 1x0
              RenderTableCell {DIV} at (0,0) size 0x0 [r=0 c=0 rs=1 cs=1]
      RenderBlock {PRE} at (0,308) size 769x16
        RenderText {#text} at (0,0) size 312x16
          text run at (0,0) width 312: "Prepending table-caption to table-cell:"
      RenderBlock {DIV} at (0,337) size 769x0
        RenderTable at (0,0) size 1x0
          RenderBlock {DIV} at (0,0) size 1x0
          RenderTableSection (anonymous) at (0,0) size 1x0
            RenderTableRow (anonymous) at (0,0) size 1x0
              RenderTableCell {DIV} at (0,0) size 0x0 [r=0 c=0 rs=1 cs=1]
      RenderBlock {DIV} at (0,337) size 769x0
        RenderTable at (0,0) size 1x0
          RenderBlock {DIV} at (0,0) size 1x0
          RenderTableSection (anonymous) at (0,0) size 1x0
            RenderTableRow (anonymous) at (0,0) size 1x0
              RenderTableCell {DIV} at (0,0) size 0x0 [r=0 c=0 rs=1 cs=1]
      RenderBlock {PRE} at (0,350) size 769x16
        RenderText {#text} at (0,0) size 240x16
          text run at (0,0) width 240: "Prepending block to table-row:"
      RenderBlock {DIV} at (0,379) size 769x0
        RenderBlock {DIV} at (0,0) size 769x0
        RenderTable at (0,0) size 0x0
          RenderTableSection (anonymous) at (0,0) size 0x0
            RenderTableRow {DIV} at (0,0) size 0x0
      RenderBlock {DIV} at (0,379) size 769x0
        RenderBlock {DIV} at (0,0) size 769x0
        RenderTable at (0,0) size 0x0
          RenderTableSection (anonymous) at (0,0) size 0x0
            RenderTableRow {DIV} at (0,0) size 0x0
      RenderBlock {PRE} at (0,392) size 769x16
        RenderText {#text} at (0,0) size 248x16
          text run at (0,0) width 248: "Prepending inline to table-row:"
      RenderBlock {DIV} at (0,421) size 769x0
        RenderBlock (anonymous) at (0,0) size 769x0
          RenderInline {DIV} at (0,0) size 0x0
        RenderTable at (0,0) size 0x0
          RenderTableSection (anonymous) at (0,0) size 0x0
            RenderTableRow {DIV} at (0,0) size 0x0
      RenderBlock {DIV} at (0,421) size 769x0
        RenderBlock (anonymous) at (0,0) size 769x0
          RenderInline {DIV} at (0,0) size 0x0
        RenderTable at (0,0) size 0x0
          RenderTableSection (anonymous) at (0,0) size 0x0
            RenderTableRow {DIV} at (0,0) size 0x0
      RenderBlock {PRE} at (0,434) size 769x16
        RenderText {#text} at (0,0) size 280x16
          text run at (0,0) width 280: "Prepending table-cell to table-row:"
      RenderBlock {DIV} at (0,463) size 769x0
        RenderTable at (0,0) size 1x0
          RenderTableSection (anonymous) at (0,0) size 1x0
            RenderTableRow (anonymous) at (0,0) size 1x0
              RenderTableCell {DIV} at (0,0) size 0x0 [r=0 c=0 rs=1 cs=1]
            RenderTableRow {DIV} at (0,0) size 1x0
      RenderBlock {DIV} at (0,463) size 769x0
        RenderTable at (0,0) size 1x0
          RenderTableSection (anonymous) at (0,0) size 1x0
            RenderTableRow (anonymous) at (0,0) size 1x0
              RenderTableCell {DIV} at (0,0) size 0x0 [r=0 c=0 rs=1 cs=1]
            RenderTableRow {DIV} at (0,0) size 1x0
      RenderBlock {PRE} at (0,476) size 769x16
        RenderText {#text} at (0,0) size 272x16
          text run at (0,0) width 272: "Prepending table-row to table-row:"
      RenderBlock {DIV} at (0,505) size 769x0
        RenderTable at (0,0) size 0x0
          RenderTableSection (anonymous) at (0,0) size 0x0
            RenderTableRow {DIV} at (0,0) size 0x0
            RenderTableRow {DIV} at (0,0) size 0x0
      RenderBlock {DIV} at (0,505) size 769x0
        RenderTable at (0,0) size 0x0
          RenderTableSection (anonymous) at (0,0) size 0x0
            RenderTableRow {DIV} at (0,0) size 0x0
            RenderTableRow {DIV} at (0,0) size 0x0
      RenderBlock {PRE} at (0,518) size 769x16
        RenderText {#text} at (0,0) size 320x16
          text run at (0,0) width 320: "Prepending table-row-group to table-row:"
      RenderBlock {DIV} at (0,547) size 769x0
        RenderTable at (0,0) size 0x0
          RenderTableSection {DIV} at (0,0) size 0x0
          RenderTableSection (anonymous) at (0,0) size 0x0
            RenderTableRow {DIV} at (0,0) size 0x0
      RenderBlock {DIV} at (0,547) size 769x0
        RenderTable at (0,0) size 0x0
          RenderTableSection {DIV} at (0,0) size 0x0
          RenderTableSection (anonymous) at (0,0) size 0x0
            RenderTableRow {DIV} at (0,0) size 0x0
      RenderBlock {PRE} at (0,560) size 769x16
        RenderText {#text} at (0,0) size 344x16
          text run at (0,0) width 344: "Prepending table-column-group to table-row:"
      RenderBlock {DIV} at (0,589) size 769x0
        RenderTable at (0,0) size 0x0
          RenderTableCol {DIV} at (0,0) size 0x0
          RenderTableSection (anonymous) at (0,0) size 0x0
            RenderTableRow {DIV} at (0,0) size 0x0
      RenderBlock {DIV} at (0,589) size 769x0
        RenderTable at (0,0) size 0x0
          RenderTableCol {DIV} at (0,0) size 0x0
          RenderTableSection (anonymous) at (0,0) size 0x0
            RenderTableRow {DIV} at (0,0) size 0x0
      RenderBlock {PRE} at (0,602) size 769x16
        RenderText {#text} at (0,0) size 304x16
          text run at (0,0) width 304: "Prepending table-caption to table-row:"
      RenderBlock {DIV} at (0,631) size 769x0
        RenderTable at (0,0) size 0x0
          RenderBlock {DIV} at (0,0) size 0x0
          RenderTableSection (anonymous) at (0,0) size 0x0
            RenderTableRow {DIV} at (0,0) size 0x0
      RenderBlock {DIV} at (0,631) size 769x0
        RenderTable at (0,0) size 0x0
          RenderBlock {DIV} at (0,0) size 0x0
          RenderTableSection (anonymous) at (0,0) size 0x0
            RenderTableRow {DIV} at (0,0) size 0x0
      RenderBlock {PRE} at (0,644) size 769x16
        RenderText {#text} at (0,0) size 288x16
          text run at (0,0) width 288: "Prepending block to table-row-group:"
      RenderBlock {DIV} at (0,673) size 769x0
        RenderBlock {DIV} at (0,0) size 769x0
        RenderTable at (0,0) size 0x0
          RenderTableSection {DIV} at (0,0) size 0x0
      RenderBlock {DIV} at (0,673) size 769x0
        RenderBlock {DIV} at (0,0) size 769x0
        RenderTable at (0,0) size 0x0
          RenderTableSection {DIV} at (0,0) size 0x0
      RenderBlock {PRE} at (0,686) size 769x16
        RenderText {#text} at (0,0) size 296x16
          text run at (0,0) width 296: "Prepending inline to table-row-group:"
      RenderBlock {DIV} at (0,715) size 769x0
        RenderBlock (anonymous) at (0,0) size 769x0
          RenderInline {DIV} at (0,0) size 0x0
        RenderTable at (0,0) size 0x0
          RenderTableSection {DIV} at (0,0) size 0x0
      RenderBlock {DIV} at (0,715) size 769x0
        RenderBlock (anonymous) at (0,0) size 769x0
          RenderInline {DIV} at (0,0) size 0x0
        RenderTable at (0,0) size 0x0
          RenderTableSection {DIV} at (0,0) size 0x0
      RenderBlock {PRE} at (0,728) size 769x16
        RenderText {#text} at (0,0) size 328x16
          text run at (0,0) width 328: "Prepending table-cell to table-row-group:"
      RenderBlock {DIV} at (0,757) size 769x0
        RenderTable at (0,0) size 1x0
          RenderTableSection (anonymous) at (0,0) size 1x0
            RenderTableRow (anonymous) at (0,0) size 1x0
              RenderTableCell {DIV} at (0,0) size 0x0 [r=0 c=0 rs=1 cs=1]
          RenderTableSection {DIV} at (0,0) size 1x0
      RenderBlock {DIV} at (0,757) size 769x0
        RenderTable at (0,0) size 1x0
          RenderTableSection (anonymous) at (0,0) size 1x0
            RenderTableRow (anonymous) at (0,0) size 1x0
              RenderTableCell {DIV} at (0,0) size 0x0 [r=0 c=0 rs=1 cs=1]
          RenderTableSection {DIV} at (0,0) size 1x0
      RenderBlock {PRE} at (0,770) size 769x16
        RenderText {#text} at (0,0) size 320x16
          text run at (0,0) width 320: "Prepending table-row to table-row-group:"
      RenderBlock {DIV} at (0,799) size 769x0
        RenderTable at (0,0) size 0x0
          RenderTableSection (anonymous) at (0,0) size 0x0
            RenderTableRow {DIV} at (0,0) size 0x0
          RenderTableSection {DIV} at (0,0) size 0x0
      RenderBlock {DIV} at (0,799) size 769x0
        RenderTable at (0,0) size 0x0
          RenderTableSection (anonymous) at (0,0) size 0x0
            RenderTableRow {DIV} at (0,0) size 0x0
          RenderTableSection {DIV} at (0,0) size 0x0
      RenderBlock {PRE} at (0,812) size 769x16
        RenderText {#text} at (0,0) size 368x16
          text run at (0,0) width 368: "Prepending table-row-group to table-row-group:"
      RenderBlock {DIV} at (0,841) size 769x0
        RenderTable at (0,0) size 0x0
          RenderTableSection {DIV} at (0,0) size 0x0
          RenderTableSection {DIV} at (0,0) size 0x0
      RenderBlock {DIV} at (0,841) size 769x0
        RenderTable at (0,0) size 0x0
          RenderTableSection {DIV} at (0,0) size 0x0
          RenderTableSection {DIV} at (0,0) size 0x0
      RenderBlock {PRE} at (0,854) size 769x16
        RenderText {#text} at (0,0) size 392x16
          text run at (0,0) width 392: "Prepending table-column-group to table-row-group:"
      RenderBlock {DIV} at (0,883) size 769x0
        RenderTable at (0,0) size 0x0
          RenderTableCol {DIV} at (0,0) size 0x0
          RenderTableSection {DIV} at (0,0) size 0x0
      RenderBlock {DIV} at (0,883) size 769x0
        RenderTable at (0,0) size 0x0
          RenderTableCol {DIV} at (0,0) size 0x0
          RenderTableSection {DIV} at (0,0) size 0x0
      RenderBlock {PRE} at (0,896) size 769x16
        RenderText {#text} at (0,0) size 352x16
          text run at (0,0) width 352: "Prepending table-caption to table-row-group:"
      RenderBlock {DIV} at (0,925) size 769x0
        RenderTable at (0,0) size 0x0
          RenderBlock {DIV} at (0,0) size 0x0
          RenderTableSection {DIV} at (0,0) size 0x0
      RenderBlock {DIV} at (0,925) size 769x0
        RenderTable at (0,0) size 0x0
          RenderBlock {DIV} at (0,0) size 0x0
          RenderTableSection {DIV} at (0,0) size 0x0
      RenderBlock {PRE} at (0,938) size 769x16
        RenderText {#text} at (0,0) size 312x16
          text run at (0,0) width 312: "Prepending block to table-column-group:"
      RenderBlock {DIV} at (0,967) size 769x0
        RenderBlock {DIV} at (0,0) size 769x0
        RenderTable at (0,0) size 0x0
          RenderTableCol {DIV} at (0,0) size 0x0
      RenderBlock {DIV} at (0,967) size 769x0
        RenderBlock {DIV} at (0,0) size 769x0
        RenderTable at (0,0) size 0x0
          RenderTableCol {DIV} at (0,0) size 0x0
      RenderBlock {PRE} at (0,980) size 769x16
        RenderText {#text} at (0,0) size 320x16
          text run at (0,0) width 320: "Prepending inline to table-column-group:"
      RenderBlock {DIV} at (0,1009) size 769x0
        RenderBlock (anonymous) at (0,0) size 769x0
          RenderInline {DIV} at (0,0) size 0x0
        RenderTable at (0,0) size 0x0
          RenderTableCol {DIV} at (0,0) size 0x0
      RenderBlock {DIV} at (0,1009) size 769x0
        RenderBlock (anonymous) at (0,0) size 769x0
          RenderInline {DIV} at (0,0) size 0x0
        RenderTable at (0,0) size 0x0
          RenderTableCol {DIV} at (0,0) size 0x0
      RenderBlock {PRE} at (0,1022) size 769x16
        RenderText {#text} at (0,0) size 352x16
          text run at (0,0) width 352: "Prepending table-cell to table-column-group:"
      RenderBlock {DIV} at (0,1051) size 769x0
        RenderTable at (0,0) size 1x0
          RenderTableSection (anonymous) at (0,0) size 1x0
            RenderTableRow (anonymous) at (0,0) size 1x0
              RenderTableCell {DIV} at (0,0) size 0x0 [r=0 c=0 rs=1 cs=1]
          RenderTableCol {DIV} at (0,0) size 0x0
      RenderBlock {DIV} at (0,1051) size 769x0
        RenderTable at (0,0) size 1x0
          RenderTableSection (anonymous) at (0,0) size 1x0
            RenderTableRow (anonymous) at (0,0) size 1x0
              RenderTableCell {DIV} at (0,0) size 0x0 [r=0 c=0 rs=1 cs=1]
          RenderTableCol {DIV} at (0,0) size 0x0
      RenderBlock {PRE} at (0,1064) size 769x16
        RenderText {#text} at (0,0) size 344x16
          text run at (0,0) width 344: "Prepending table-row to table-column-group:"
      RenderBlock {DIV} at (0,1093) size 769x0
        RenderTable at (0,0) size 0x0
          RenderTableSection (anonymous) at (0,0) size 0x0
            RenderTableRow {DIV} at (0,0) size 0x0
          RenderTableCol {DIV} at (0,0) size 0x0
      RenderBlock {DIV} at (0,1093) size 769x0
        RenderTable at (0,0) size 0x0
          RenderTableSection (anonymous) at (0,0) size 0x0
            RenderTableRow {DIV} at (0,0) size 0x0
          RenderTableCol {DIV} at (0,0) size 0x0
      RenderBlock {PRE} at (0,1106) size 769x16
        RenderText {#text} at (0,0) size 392x16
          text run at (0,0) width 392: "Prepending table-row-group to table-column-group:"
      RenderBlock {DIV} at (0,1135) size 769x0
        RenderTable at (0,0) size 0x0
          RenderTableSection {DIV} at (0,0) size 0x0
          RenderTableCol {DIV} at (0,0) size 0x0
      RenderBlock {DIV} at (0,1135) size 769x0
        RenderTable at (0,0) size 0x0
          RenderTableSection {DIV} at (0,0) size 0x0
          RenderTableCol {DIV} at (0,0) size 0x0
      RenderBlock {PRE} at (0,1148) size 769x16
        RenderText {#text} at (0,0) size 416x16
          text run at (0,0) width 416: "Prepending table-column-group to table-column-group:"
      RenderBlock {DIV} at (0,1177) size 769x0
        RenderTable at (0,0) size 0x0
          RenderTableCol {DIV} at (0,0) size 0x0
          RenderTableCol {DIV} at (0,0) size 0x0
      RenderBlock {DIV} at (0,1177) size 769x0
        RenderTable at (0,0) size 0x0
          RenderTableCol {DIV} at (0,0) size 0x0
          RenderTableCol {DIV} at (0,0) size 0x0
      RenderBlock {PRE} at (0,1190) size 769x16
        RenderText {#text} at (0,0) size 376x16
          text run at (0,0) width 376: "Prepending table-caption to table-column-group:"
      RenderBlock {DIV} at (0,1219) size 769x0
        RenderTable at (0,0) size 0x0
          RenderBlock {DIV} at (0,0) size 0x0
          RenderTableCol {DIV} at (0,0) size 0x0
      RenderBlock {DIV} at (0,1219) size 769x0
        RenderTable at (0,0) size 0x0
          RenderBlock {DIV} at (0,0) size 0x0
          RenderTableCol {DIV} at (0,0) size 0x0
      RenderBlock {PRE} at (0,1232) size 769x16
        RenderText {#text} at (0,0) size 272x16
          text run at (0,0) width 272: "Prepending block to table-caption:"
      RenderBlock {DIV} at (0,1261) size 769x0
        RenderBlock {DIV} at (0,0) size 769x0
        RenderTable at (0,0) size 0x0
          RenderBlock {DIV} at (0,0) size 0x0
      RenderBlock {DIV} at (0,1261) size 769x0
        RenderBlock {DIV} at (0,0) size 769x0
        RenderTable at (0,0) size 0x0
          RenderBlock {DIV} at (0,0) size 0x0
      RenderBlock {PRE} at (0,1274) size 769x16
        RenderText {#text} at (0,0) size 280x16
          text run at (0,0) width 280: "Prepending inline to table-caption:"
      RenderBlock {DIV} at (0,1303) size 769x0
        RenderBlock (anonymous) at (0,0) size 769x0
          RenderInline {DIV} at (0,0) size 0x0
        RenderTable at (0,0) size 0x0
          RenderBlock {DIV} at (0,0) size 0x0
      RenderBlock {DIV} at (0,1303) size 769x0
        RenderBlock (anonymous) at (0,0) size 769x0
          RenderInline {DIV} at (0,0) size 0x0
        RenderTable at (0,0) size 0x0
          RenderBlock {DIV} at (0,0) size 0x0
      RenderBlock {PRE} at (0,1316) size 769x16
        RenderText {#text} at (0,0) size 312x16
          text run at (0,0) width 312: "Prepending table-cell to table-caption:"
      RenderBlock {DIV} at (0,1345) size 769x0
        RenderTable at (0,0) size 1x0
          RenderTableSection (anonymous) at (0,0) size 1x0
            RenderTableRow (anonymous) at (0,0) size 1x0
              RenderTableCell {DIV} at (0,0) size 0x0 [r=0 c=0 rs=1 cs=1]
          RenderBlock {DIV} at (0,0) size 1x0
      RenderBlock {DIV} at (0,1345) size 769x0
        RenderTable at (0,0) size 1x0
          RenderTableSection (anonymous) at (0,0) size 1x0
            RenderTableRow (anonymous) at (0,0) size 1x0
              RenderTableCell {DIV} at (0,0) size 0x0 [r=0 c=0 rs=1 cs=1]
          RenderBlock {DIV} at (0,0) size 1x0
      RenderBlock {PRE} at (0,1358) size 769x16
        RenderText {#text} at (0,0) size 304x16
          text run at (0,0) width 304: "Prepending table-row to table-caption:"
      RenderBlock {DIV} at (0,1387) size 769x0
        RenderTable at (0,0) size 0x0
          RenderTableSection (anonymous) at (0,0) size 0x0
            RenderTableRow {DIV} at (0,0) size 0x0
          RenderBlock {DIV} at (0,0) size 0x0
      RenderBlock {DIV} at (0,1387) size 769x0
        RenderTable at (0,0) size 0x0
          RenderTableSection (anonymous) at (0,0) size 0x0
            RenderTableRow {DIV} at (0,0) size 0x0
          RenderBlock {DIV} at (0,0) size 0x0
      RenderBlock {PRE} at (0,1400) size 769x16
        RenderText {#text} at (0,0) size 352x16
          text run at (0,0) width 352: "Prepending table-row-group to table-caption:"
      RenderBlock {DIV} at (0,1429) size 769x0
        RenderTable at (0,0) size 0x0
          RenderTableSection {DIV} at (0,0) size 0x0
          RenderBlock {DIV} at (0,0) size 0x0
      RenderBlock {DIV} at (0,1429) size 769x0
        RenderTable at (0,0) size 0x0
          RenderTableSection {DIV} at (0,0) size 0x0
          RenderBlock {DIV} at (0,0) size 0x0
      RenderBlock {PRE} at (0,1442) size 769x16
        RenderText {#text} at (0,0) size 376x16
          text run at (0,0) width 376: "Prepending table-column-group to table-caption:"
      RenderBlock {DIV} at (0,1471) size 769x0
        RenderTable at (0,0) size 0x0
          RenderTableCol {DIV} at (0,0) size 0x0
          RenderBlock {DIV} at (0,0) size 0x0
      RenderBlock {DIV} at (0,1471) size 769x0
        RenderTable at (0,0) size 0x0
          RenderTableCol {DIV} at (0,0) size 0x0
          RenderBlock {DIV} at (0,0) size 0x0
      RenderBlock {PRE} at (0,1484) size 769x16
        RenderText {#text} at (0,0) size 336x16
          text run at (0,0) width 336: "Prepending table-caption to table-caption:"
      RenderBlock {DIV} at (0,1513) size 769x0
        RenderTable at (0,0) size 0x0
          RenderBlock {DIV} at (0,0) size 0x0
          RenderBlock {DIV} at (0,0) size 0x0
      RenderBlock {DIV} at (0,1513) size 769x0
        RenderTable at (0,0) size 0x0
          RenderBlock {DIV} at (0,0) size 0x0
          RenderBlock {DIV} at (0,0) size 0x0
