layer at (0,0) size 800x600
  RenderView at (0,0) size 800x600
layer at (0,0) size 800x349
  RenderBlock {HTML} at (0,0) size 800x349
    RenderBody {BODY} at (16,16) size 768x317
      RenderTable at (0,0) size 693x317
        RenderTableSection (anonymous) at (0,0) size 693x317
          RenderTableRow {Q} at (0,0) size 693x317
            RenderTableCell (anonymous) at (0,0) size 693x317 [r=0 c=0 rs=1 cs=1]
              RenderInline (generated) at (0,0) size 13x36
                RenderQuote at (0,0) size 13x36
                  RenderText at (0,280) size 13x36
                    text run at (0,280) width 13: "\""
              RenderText {#text} at (13,280) size 30x36
                text run at (13,280) width 30: " A"
              RenderIFrame {IFRAME} at (43,0) size 608x308 [border: (4px inset #000000)]
                layer at (0,0) size 600x300
                  RenderView at (0,0) size 600x300
                layer at (0,0) size 600x300
                  RenderBlock {HTML} at (0,0) size 600x300
                    RenderBody {BODY} at (8,8) size 584x284
              RenderText {#text} at (651,280) size 29x36
                text run at (651,280) width 29: "B "
              RenderInline (generated) at (0,0) size 13x36
                RenderQuote at (0,0) size 13x36
                  RenderText at (680,280) size 13x36
                    text run at (680,280) width 13: "\""
