layer at (0,0) size 800x600
  RenderView at (0,0) size 800x600
layer at (0,0) size 800x600
  RenderBlock {HTML} at (0,0) size 800x600
    RenderBody {BODY} at (8,8) size 784x584
      RenderBlock {P} at (0,0) size 784x20
        RenderText {#text} at (0,0) size 289x19
          text run at (0,0) width 289: "Both rows should have the same width (725px)."
      RenderTable {TABLE} at (0,36) size 725x40
        RenderTableSection {TBODY} at (0,0) size 725x40
          RenderTableRow {TR} at (0,0) size 725x20
            RenderTableCell {TD} at (0,0) size 91x20 [bgcolor=#7CFC00] [r=0 c=0 rs=1 cs=1]
              RenderText {#text} at (0,0) size 8x19
                text run at (0,0) width 8: "1"
            RenderTableCell {TD} at (90,0) size 92x20 [bgcolor=#008000] [r=0 c=1 rs=1 cs=1]
              RenderText {#text} at (0,0) size 17x19
                text run at (0,0) width 17: "1+"
            RenderTableCell {TD} at (181,0) size 91x20 [bgcolor=#00FFFF] [r=0 c=2 rs=1 cs=1]
              RenderText {#text} at (0,0) size 8x19
                text run at (0,0) width 8: "2"
            RenderTableCell {TD} at (271,0) size 92x20 [bgcolor=#008B8B] [r=0 c=3 rs=1 cs=1]
              RenderText {#text} at (0,0) size 17x19
                text run at (0,0) width 17: "2+"
            RenderTableCell {TD} at (362,0) size 92x20 [bgcolor=#FFFF00] [r=0 c=4 rs=1 cs=1]
              RenderText {#text} at (0,0) size 8x19
                text run at (0,0) width 8: "3"
            RenderTableCell {TD} at (453,0) size 91x20 [bgcolor=#FFD700] [r=0 c=5 rs=1 cs=1]
              RenderText {#text} at (0,0) size 17x19
                text run at (0,0) width 17: "3+"
            RenderTableCell {TD} at (543,0) size 92x20 [bgcolor=#FFA500] [r=0 c=6 rs=1 cs=1]
              RenderText {#text} at (0,0) size 8x19
                text run at (0,0) width 8: "4"
            RenderTableCell {TD} at (634,0) size 91x20 [bgcolor=#FF8C00] [r=0 c=7 rs=1 cs=1]
              RenderText {#text} at (0,0) size 17x19
                text run at (0,0) width 17: "4+"
          RenderTableRow {TR} at (0,20) size 725x20
            RenderTableCell {TD} at (0,20) size 91x20 [r=1 c=0 rs=1 cs=1]
              RenderText {#text} at (0,0) size 4x19
                text run at (0,0) width 4: " "
      RenderTable {TABLE} at (0,76) size 725x20
        RenderTableSection {TBODY} at (0,0) size 725x20
          RenderTableRow {TR} at (0,0) size 725x20
            RenderTableCell {TD} at (0,0) size 182x20 [bgcolor=#7CFC00] [r=0 c=0 rs=1 cs=1]
              RenderText {#text} at (0,0) size 8x19
                text run at (0,0) width 8: "1"
            RenderTableCell {TD} at (181,0) size 182x20 [bgcolor=#00FFFF] [r=0 c=1 rs=1 cs=1]
              RenderText {#text} at (0,0) size 8x19
                text run at (0,0) width 8: "2"
            RenderTableCell {TD} at (362,0) size 182x20 [bgcolor=#FFFF00] [r=0 c=2 rs=1 cs=1]
              RenderText {#text} at (0,0) size 8x19
                text run at (0,0) width 8: "3"
            RenderTableCell {TD} at (543,0) size 182x20 [bgcolor=#FFA500] [r=0 c=3 rs=1 cs=1]
              RenderText {#text} at (0,0) size 8x19
                text run at (0,0) width 8: "4"
      RenderBlock (anonymous) at (0,96) size 784x26
        RenderButton {BUTTON} at (2,2) size 47x22 [bgcolor=#F0F0F0] [border: (2px outset #F0F0F0)]
          RenderBlock (anonymous) at (8,3) size 31x16
            RenderText {#text} at (0,0) size 31x16
              text run at (0,0) width 31: "show"
        RenderText {#text} at (51,3) size 4x19
          text run at (51,3) width 4: " "
        RenderButton {BUTTON} at (57,2) size 42x22 [bgcolor=#F0F0F0] [border: (2px outset #F0F0F0)]
          RenderBlock (anonymous) at (8,3) size 26x16
            RenderText {#text} at (0,0) size 26x16
              text run at (0,0) width 26: "hide"
        RenderText {#text} at (0,0) size 0x0
