layer at (0,0) size 800x600
  RenderView at (0,0) size 800x600
layer at (0,0) size 800x600
  RenderBlock {HTML} at (0,0) size 800x600
    RenderBody {BODY} at (8,8) size 784x584
      RenderTable {TABLE} at (0,0) size 178x52
        RenderTableSection {TBODY} at (0,0) size 178x52
          RenderTableRow {TR} at (0,2) size 178x2
            RenderTableCell {TD} at (2,2) size 6x2 [r=0 c=0 rs=1 cs=1]
          RenderTableRow {TR} at (0,6) size 178x0
            RenderTableCell {TD} at (2,6) size 6x2 [r=1 c=0 rs=2 cs=1]
          RenderTableRow {TR} at (0,8) size 178x0
            RenderTableCell {TD} at (10,28) size 166x2 [r=2 c=1 rs=2 cs=1]
          RenderTableRow {TR} at (0,10) size 178x40
            RenderTableCell {TD} at (2,10) size 174x40 [r=3 c=0 rs=1 cs=2]
              RenderTable {TABLE} at (1,1) size 172x38 [border: (2px outset #808080)]
                RenderTableSection {TBODY} at (2,2) size 168x34
                  RenderTableRow {TR} at (0,2) size 168x30
                    RenderTableCell {TD} at (2,15) size 4x4 [border: (1px inset #808080)] [r=0 c=0 rs=1 cs=1]
                    RenderTableCell {TD} at (8,2) size 158x30 [border: (1px inset #808080)] [r=0 c=1 rs=1 cs=1]
                      RenderTextControl {INPUT} at (4,4) size 150x22 [bgcolor=#FFFFFF] [border: (2px inset #000000)]
                      RenderText {#text} at (0,0) size 0x0
layer at (27,30) size 146x16
  RenderBlock {DIV} at (2,3) size 146x16
    RenderText {#text} at (0,0) size 29x16
      text run at (0,0) width 29: "hello"
