layer at (0,0) size 800x600
  RenderView at (0,0) size 800x600
layer at (0,0) size 800x516
  RenderBlock {HTML} at (0,0) size 800x516
    RenderBody {BODY} at (8,10) size 784x498
      RenderBlock {TABLE} at (10,0) size 764x100 [border: (1px solid #000000)]
        RenderTable at (1,1) size 116x98
          RenderTableSection {THEAD} at (0,0) size 116x26
            RenderTableRow {TR} at (0,2) size 116x22
              RenderTableCell {TD} at (2,2) size 55x22 [r=0 c=0 rs=1 cs=1]
                RenderText {#text} at (1,1) size 45x19
                  text run at (1,1) width 45: "Head 1"
              RenderTableCell {TD} at (59,2) size 55x22 [r=0 c=1 rs=1 cs=1]
                RenderText {#text} at (1,1) size 45x19
                  text run at (1,1) width 45: "Head 2"
          RenderTableSection {TFOOT} at (0,74) size 116x24
            RenderTableRow {TR} at (0,0) size 116x22
              RenderTableCell {TD} at (2,0) size 55x22 [r=0 c=0 rs=1 cs=1]
                RenderText {#text} at (1,1) size 53x19
                  text run at (1,1) width 53: "Footer 1"
              RenderTableCell {TD} at (59,0) size 55x22 [r=0 c=1 rs=1 cs=1]
                RenderText {#text} at (1,1) size 53x19
                  text run at (1,1) width 53: "Footer 2"
          RenderTableSection {TBODY} at (0,26) size 116x48
            RenderTableRow {TR} at (0,0) size 116x22
              RenderTableCell {TD} at (2,0) size 55x22 [r=0 c=0 rs=1 cs=1]
                RenderText {#text} at (1,1) size 36x19
                  text run at (1,1) width 36: "Cell 1"
              RenderTableCell {TD} at (59,0) size 55x22 [r=0 c=1 rs=1 cs=1]
                RenderText {#text} at (1,1) size 36x19
                  text run at (1,1) width 36: "Cell 2"
            RenderTableRow {TR} at (0,24) size 116x22
              RenderTableCell {TD} at (2,24) size 55x22 [r=1 c=0 rs=1 cs=1]
                RenderText {#text} at (1,1) size 36x19
                  text run at (1,1) width 36: "Cell 3"
              RenderTableCell {TD} at (59,24) size 55x22 [r=1 c=1 rs=1 cs=1]
                RenderText {#text} at (1,1) size 36x19
                  text run at (1,1) width 36: "Cell 4"
      RenderBlock {TABLE} at (10,110) size 764x56 [border: (1px solid #000000)]
        RenderTable at (1,1) size 218x54
          RenderTableSection (anonymous) at (0,0) size 218x30
            RenderTableRow (anonymous) at (0,2) size 218x26
              RenderTableCell {THEAD} at (2,2) size 98x26 [r=0 c=0 rs=1 cs=1]
                RenderTable at (0,0) size 98x26
                  RenderTableSection (anonymous) at (0,0) size 98x26
                    RenderTableRow (anonymous) at (0,2) size 98x22
                      RenderTableCell {TR} at (2,2) size 94x22 [r=0 c=0 rs=1 cs=1]
                        RenderInline {TD} at (0,0) size 47x21
                          RenderText {#text} at (1,2) size 45x19
                            text run at (1,2) width 45: "Head 1"
                        RenderInline {TD} at (0,0) size 47x21
                          RenderText {#text} at (48,2) size 45x19
                            text run at (48,2) width 45: "Head 2"
              RenderTableCell {TFOOT} at (102,2) size 114x26 [r=0 c=1 rs=1 cs=1]
                RenderTable at (0,0) size 114x26
                  RenderTableSection (anonymous) at (0,0) size 114x26
                    RenderTableRow (anonymous) at (0,2) size 114x22
                      RenderTableCell {TR} at (2,2) size 110x22 [r=0 c=0 rs=1 cs=1]
                        RenderInline {TD} at (0,0) size 55x21
                          RenderText {#text} at (1,2) size 53x19
                            text run at (1,2) width 53: "Footer 1"
                        RenderInline {TD} at (0,0) size 55x21
                          RenderText {#text} at (56,2) size 53x19
                            text run at (56,2) width 53: "Footer 2"
          RenderTableSection {TBODY} at (0,30) size 218x24
            RenderTableRow (anonymous) at (0,0) size 218x22
              RenderTableCell {TR} at (2,0) size 98x22 [r=0 c=0 rs=1 cs=1]
                RenderInline {TD} at (0,0) size 38x21
                  RenderText {#text} at (1,2) size 36x19
                    text run at (1,2) width 36: "Cell 1"
                RenderInline {TD} at (0,0) size 38x21
                  RenderText {#text} at (39,2) size 36x19
                    text run at (39,2) width 36: "Cell 2"
              RenderTableCell {TR} at (102,0) size 114x22 [r=0 c=1 rs=1 cs=1]
                RenderInline {TD} at (0,0) size 38x21
                  RenderText {#text} at (1,2) size 36x19
                    text run at (1,2) width 36: "Cell 3"
                RenderInline {TD} at (0,0) size 38x21
                  RenderText {#text} at (39,2) size 36x19
                    text run at (39,2) width 36: "Cell 4"
      RenderBlock {TABLE} at (10,176) size 764x110 [border: (1px solid #000000)]
        RenderBlock {THEAD} at (1,1) size 762x26
          RenderBlock {TR} at (0,0) size 762x26
            RenderTable at (0,0) size 100x26
              RenderTableSection (anonymous) at (0,0) size 100x26
                RenderTableRow (anonymous) at (0,2) size 100x22
                  RenderTableCell {TD} at (2,2) size 47x22 [r=0 c=0 rs=1 cs=1]
                    RenderText {#text} at (1,1) size 45x19
                      text run at (1,1) width 45: "Head 1"
                  RenderTableCell {TD} at (51,2) size 47x22 [r=0 c=1 rs=1 cs=1]
                    RenderText {#text} at (1,1) size 45x19
                      text run at (1,1) width 45: "Head 2"
        RenderBlock {TFOOT} at (1,27) size 762x26
          RenderBlock {TR} at (0,0) size 762x26
            RenderTable at (0,0) size 116x26
              RenderTableSection (anonymous) at (0,0) size 116x26
                RenderTableRow (anonymous) at (0,2) size 116x22
                  RenderTableCell {TD} at (2,2) size 55x22 [r=0 c=0 rs=1 cs=1]
                    RenderText {#text} at (1,1) size 53x19
                      text run at (1,1) width 53: "Footer 1"
                  RenderTableCell {TD} at (59,2) size 55x22 [r=0 c=1 rs=1 cs=1]
                    RenderText {#text} at (1,1) size 53x19
                      text run at (1,1) width 53: "Footer 2"
        RenderTable at (1,53) size 86x56
          RenderTableSection {TBODY} at (0,0) size 86x56
            RenderTableRow (anonymous) at (0,2) size 86x52
              RenderTableCell (anonymous) at (2,2) size 82x52 [r=0 c=0 rs=1 cs=1]
                RenderBlock {TR} at (0,0) size 82x26
                  RenderTable at (0,0) size 82x26
                    RenderTableSection (anonymous) at (0,0) size 82x26
                      RenderTableRow (anonymous) at (0,2) size 82x22
                        RenderTableCell {TD} at (2,2) size 38x22 [r=0 c=0 rs=1 cs=1]
                          RenderText {#text} at (1,1) size 36x19
                            text run at (1,1) width 36: "Cell 1"
                        RenderTableCell {TD} at (42,2) size 38x22 [r=0 c=1 rs=1 cs=1]
                          RenderText {#text} at (1,1) size 36x19
                            text run at (1,1) width 36: "Cell 2"
                RenderBlock {TR} at (0,26) size 82x26
                  RenderTable at (0,0) size 82x26
                    RenderTableSection (anonymous) at (0,0) size 82x26
                      RenderTableRow (anonymous) at (0,2) size 82x22
                        RenderTableCell {TD} at (2,2) size 38x22 [r=0 c=0 rs=1 cs=1]
                          RenderText {#text} at (1,1) size 36x19
                            text run at (1,1) width 36: "Cell 3"
                        RenderTableCell {TD} at (42,2) size 38x22 [r=0 c=1 rs=1 cs=1]
                          RenderText {#text} at (1,1) size 36x19
                            text run at (1,1) width 36: "Cell 4"
      RenderTable at (0,296) size 302x202
        RenderTableSection (anonymous) at (0,0) size 302x202
          RenderTableRow (anonymous) at (0,0) size 302x202
            RenderTableCell {P} at (0,0) size 302x202 [border: (1px solid #000000)] [r=0 c=0 rs=1 cs=1]
              RenderText {#text} at (1,1) size 295x199
                text run at (1,1) width 242: "Lorem ipsum dolor sit amet, consectetur"
                text run at (1,21) width 294: "adipisicing elit, sed do eiusmod tempor incididunt"
                text run at (1,41) width 267: "ut labore et dolore magna aliqua. Ut enim ad"
                text run at (1,61) width 285: "minim veniam, quis nostrud exercitation ullamco"
                text run at (1,81) width 291: "laboris nisi ut aliquip ex ea commodo consequat."
                text run at (1,101) width 294: "Duis aute irure dolor in reprehenderit in voluptate"
                text run at (1,121) width 274: "velit esse cillum dolore eu fugiat nulla pariatur."
                text run at (1,141) width 286: "Excepteur sint occaecat cupidatat non proident,"
                text run at (1,161) width 295: "sunt in culpa qui officia deserunt mollit anim id est"
                text run at (1,181) width 53: "laborum."
