layer at (0,0) size 785x610
  RenderView at (0,0) size 785x600
layer at (0,0) size 785x610
  RenderBlock {HTML} at (0,0) size 785x610
    RenderBody {BODY} at (8,10) size 769x592
      RenderTable {TABLE} at (10,0) size 118x100 [border: (1px solid #000000)]
        RenderTableSection {THEAD} at (1,1) size 116x26
          RenderTableRow {TR} at (0,2) size 116x22
            RenderTableCell {TD} at (2,2) size 55x22 [r=0 c=0 rs=1 cs=1]
              RenderText {#text} at (1,1) size 45x19
                text run at (1,1) width 45: "Head 1"
            RenderTableCell {TD} at (59,2) size 55x22 [r=0 c=1 rs=1 cs=1]
              RenderText {#text} at (1,1) size 45x19
                text run at (1,1) width 45: "Head 2"
        RenderTableSection {TFOOT} at (1,75) size 116x24
          RenderTableRow {TR} at (0,0) size 116x22
            RenderTableCell {TD} at (2,0) size 55x22 [r=0 c=0 rs=1 cs=1]
              RenderText {#text} at (1,1) size 53x19
                text run at (1,1) width 53: "Footer 1"
            RenderTableCell {TD} at (59,0) size 55x22 [r=0 c=1 rs=1 cs=1]
              RenderText {#text} at (1,1) size 53x19
                text run at (1,1) width 53: "Footer 2"
        RenderTableSection {TBODY} at (1,27) size 116x48
          RenderTableRow {TR} at (0,0) size 116x22
            RenderTableCell {TD} at (2,0) size 55x22 [r=0 c=0 rs=1 cs=1]
              RenderText {#text} at (1,1) size 36x19
                text run at (1,1) width 36: "Cell 1"
            RenderTableCell {TD} at (59,0) size 55x22 [r=0 c=1 rs=1 cs=1]
              RenderText {#text} at (1,1) size 36x19
                text run at (1,1) width 36: "Cell 2"
          RenderTableRow {TR} at (0,24) size 116x22
            RenderTableCell {TD} at (2,24) size 55x22 [r=1 c=0 rs=1 cs=1]
              RenderText {#text} at (1,1) size 36x19
                text run at (1,1) width 36: "Cell 3"
            RenderTableCell {TD} at (59,24) size 55x22 [r=1 c=1 rs=1 cs=1]
              RenderText {#text} at (1,1) size 36x19
                text run at (1,1) width 36: "Cell 4"
      RenderBlock {P} at (0,116) size 769x20
        RenderText {#text} at (0,0) size 210x19
          text run at (0,0) width 210: "Row groups have display:table-cell"
      RenderTable {TABLE} at (10,152) size 232x64 [border: (1px solid #000000)]
        RenderTableSection (anonymous) at (1,1) size 230x34
          RenderTableRow (anonymous) at (0,2) size 230x30
            RenderTableCell {THEAD} at (2,2) size 104x30 [r=0 c=0 rs=1 cs=1]
              RenderTable at (0,0) size 104x30
                RenderTableSection (anonymous) at (0,0) size 104x30
                  RenderTableRow (anonymous) at (0,2) size 104x26
                    RenderTableCell {TR} at (2,2) size 100x26 [r=0 c=0 rs=1 cs=1]
                      RenderTable at (0,0) size 100x26
                        RenderTableSection (anonymous) at (0,0) size 100x26
                          RenderTableRow (anonymous) at (0,2) size 100x22
                            RenderTableCell {TD} at (2,2) size 47x22 [r=0 c=0 rs=1 cs=1]
                              RenderText {#text} at (1,1) size 45x19
                                text run at (1,1) width 45: "Head 1"
                            RenderTableCell {TD} at (51,2) size 47x22 [r=0 c=1 rs=1 cs=1]
                              RenderText {#text} at (1,1) size 45x19
                                text run at (1,1) width 45: "Head 2"
            RenderTableCell {TFOOT} at (108,2) size 120x30 [r=0 c=1 rs=1 cs=1]
              RenderTable at (0,0) size 120x30
                RenderTableSection (anonymous) at (0,0) size 120x30
                  RenderTableRow (anonymous) at (0,2) size 120x26
                    RenderTableCell {TR} at (2,2) size 116x26 [r=0 c=0 rs=1 cs=1]
                      RenderTable at (0,0) size 116x26
                        RenderTableSection (anonymous) at (0,0) size 116x26
                          RenderTableRow (anonymous) at (0,2) size 116x22
                            RenderTableCell {TD} at (2,2) size 55x22 [r=0 c=0 rs=1 cs=1]
                              RenderText {#text} at (1,1) size 53x19
                                text run at (1,1) width 53: "Footer 1"
                            RenderTableCell {TD} at (59,2) size 55x22 [r=0 c=1 rs=1 cs=1]
                              RenderText {#text} at (1,1) size 53x19
                                text run at (1,1) width 53: "Footer 2"
        RenderTableSection {TBODY} at (1,35) size 230x28
          RenderTableRow (anonymous) at (0,0) size 230x26
            RenderTableCell {TR} at (2,0) size 104x26 [r=0 c=0 rs=1 cs=1]
              RenderTable at (0,0) size 82x26
                RenderTableSection (anonymous) at (0,0) size 82x26
                  RenderTableRow (anonymous) at (0,2) size 82x22
                    RenderTableCell {TD} at (2,2) size 38x22 [r=0 c=0 rs=1 cs=1]
                      RenderText {#text} at (1,1) size 36x19
                        text run at (1,1) width 36: "Cell 1"
                    RenderTableCell {TD} at (42,2) size 38x22 [r=0 c=1 rs=1 cs=1]
                      RenderText {#text} at (1,1) size 36x19
                        text run at (1,1) width 36: "Cell 2"
            RenderTableCell {TR} at (108,0) size 120x26 [r=0 c=1 rs=1 cs=1]
              RenderTable at (0,0) size 82x26
                RenderTableSection (anonymous) at (0,0) size 82x26
                  RenderTableRow (anonymous) at (0,2) size 82x22
                    RenderTableCell {TD} at (2,2) size 38x22 [r=0 c=0 rs=1 cs=1]
                      RenderText {#text} at (1,1) size 36x19
                        text run at (1,1) width 36: "Cell 3"
                    RenderTableCell {TD} at (42,2) size 38x22 [r=0 c=1 rs=1 cs=1]
                      RenderText {#text} at (1,1) size 36x19
                        text run at (1,1) width 36: "Cell 4"
      RenderBlock {P} at (0,232) size 769x20
        RenderText {#text} at (0,0) size 189x19
          text run at (0,0) width 189: "Row groups have display:block"
      RenderTable {TABLE} at (10,268) size 122x112 [border: (1px solid #000000)]
        RenderTableSection (anonymous) at (1,1) size 120x56
          RenderTableRow (anonymous) at (0,2) size 120x52
            RenderTableCell (anonymous) at (2,2) size 116x52 [r=0 c=0 rs=1 cs=1]
              RenderBlock {THEAD} at (0,0) size 116x26
                RenderBlock {TR} at (0,0) size 116x26
                  RenderTable at (0,0) size 100x26
                    RenderTableSection (anonymous) at (0,0) size 100x26
                      RenderTableRow (anonymous) at (0,2) size 100x22
                        RenderTableCell {TD} at (2,2) size 47x22 [r=0 c=0 rs=1 cs=1]
                          RenderText {#text} at (1,1) size 45x19
                            text run at (1,1) width 45: "Head 1"
                        RenderTableCell {TD} at (51,2) size 47x22 [r=0 c=1 rs=1 cs=1]
                          RenderText {#text} at (1,1) size 45x19
                            text run at (1,1) width 45: "Head 2"
              RenderBlock {TFOOT} at (0,26) size 116x26
                RenderBlock {TR} at (0,0) size 116x26
                  RenderTable at (0,0) size 116x26
                    RenderTableSection (anonymous) at (0,0) size 116x26
                      RenderTableRow (anonymous) at (0,2) size 116x22
                        RenderTableCell {TD} at (2,2) size 55x22 [r=0 c=0 rs=1 cs=1]
                          RenderText {#text} at (1,1) size 53x19
                            text run at (1,1) width 53: "Footer 1"
                        RenderTableCell {TD} at (59,2) size 55x22 [r=0 c=1 rs=1 cs=1]
                          RenderText {#text} at (1,1) size 53x19
                            text run at (1,1) width 53: "Footer 2"
        RenderTableSection {TBODY} at (1,57) size 120x54
          RenderTableRow (anonymous) at (0,0) size 120x52
            RenderTableCell (anonymous) at (2,0) size 116x52 [r=0 c=0 rs=1 cs=1]
              RenderBlock {TR} at (0,0) size 116x26
                RenderTable at (0,0) size 82x26
                  RenderTableSection (anonymous) at (0,0) size 82x26
                    RenderTableRow (anonymous) at (0,2) size 82x22
                      RenderTableCell {TD} at (2,2) size 38x22 [r=0 c=0 rs=1 cs=1]
                        RenderText {#text} at (1,1) size 36x19
                          text run at (1,1) width 36: "Cell 1"
                      RenderTableCell {TD} at (42,2) size 38x22 [r=0 c=1 rs=1 cs=1]
                        RenderText {#text} at (1,1) size 36x19
                          text run at (1,1) width 36: "Cell 2"
              RenderBlock {TR} at (0,26) size 116x26
                RenderTable at (0,0) size 82x26
                  RenderTableSection (anonymous) at (0,0) size 82x26
                    RenderTableRow (anonymous) at (0,2) size 82x22
                      RenderTableCell {TD} at (2,2) size 38x22 [r=0 c=0 rs=1 cs=1]
                        RenderText {#text} at (1,1) size 36x19
                          text run at (1,1) width 36: "Cell 3"
                      RenderTableCell {TD} at (42,2) size 38x22 [r=0 c=1 rs=1 cs=1]
                        RenderText {#text} at (1,1) size 36x19
                          text run at (1,1) width 36: "Cell 4"
      RenderTable at (0,390) size 302x202
        RenderTableSection (anonymous) at (0,0) size 302x202
          RenderTableRow (anonymous) at (0,0) size 302x202
            RenderTableCell {P} at (0,0) size 302x202 [border: (1px solid #000000)] [r=0 c=0 rs=1 cs=1]
              RenderText {#text} at (1,1) size 295x199
                text run at (1,1) width 242: "Lorem ipsum dolor sit amet, consectetur"
                text run at (1,21) width 294: "adipisicing elit, sed do eiusmod tempor incididunt"
                text run at (1,41) width 267: "ut labore et dolore magna aliqua. Ut enim ad"
                text run at (1,61) width 285: "minim veniam, quis nostrud exercitation ullamco"
                text run at (1,81) width 291: "laboris nisi ut aliquip ex ea commodo consequat."
                text run at (1,101) width 294: "Duis aute irure dolor in reprehenderit in voluptate"
                text run at (1,121) width 274: "velit esse cillum dolore eu fugiat nulla pariatur."
                text run at (1,141) width 286: "Excepteur sint occaecat cupidatat non proident,"
                text run at (1,161) width 295: "sunt in culpa qui officia deserunt mollit anim id est"
                text run at (1,181) width 53: "laborum."
