layer at (0,0) size 800x600
  RenderView at (0,0) size 800x600
layer at (0,0) size 800x600
  RenderBlock {HTML} at (0,0) size 800x600
    RenderBody {BODY} at (8,8) size 784x584
      RenderTable {TABLE} at (167,0) size 450x32 [border: (2px outset #808080)]
        RenderTableSection {TBODY} at (2,2) size 446x28
          RenderTableRow {TR} at (0,2) size 446x24
            RenderTableCell {TD} at (2,2) size 442x24 [border: (1px inset #808080)] [r=0 c=0 rs=1 cs=1]
              RenderText {#text} at (2,2) size 438x19
                text run at (2,2) width 438: "The hspace attribute should be ignored and this table should be centered."
