layer at (0,0) size 800x600
  RenderView at (0,0) size 800x600
layer at (0,0) size 800x456
  RenderBlock {HTML} at (0,0) size 800x456
    RenderBody {BODY} at (8,16) size 784x424
      RenderBlock {P} at (0,0) size 784x40
        RenderText {#text} at (0,0) size 164x19
          text run at (0,0) width 164: "This is a regression test for "
        RenderInline {I} at (0,0) size 732x39
          RenderInline {A} at (0,0) size 350x19 [color=#0000EE]
            RenderText {#text} at (164,0) size 350x19
              text run at (164,0) width 350: "http://bugzilla.opendarwin.org/show_bug.cgi?id=9122"
          RenderText {#text} at (514,0) size 732x39
            text run at (514,0) width 4: " "
            text run at (518,0) width 214: "REGRESSION: Incorrect vertical"
            text run at (0,20) width 314: "position for text fields in a \"display: table\" block"
        RenderText {#text} at (314,20) size 4x19
          text run at (314,20) width 4: "."
      RenderBlock {P} at (0,56) size 784x40
        RenderText {#text} at (0,0) size 761x39
          text run at (0,0) width 761: "Type something in the text field. Resize the window. The text field should not jump down. Delete what you typed and resize the"
          text run at (0,20) width 241: "window. The text field should not move."
      RenderBlock {FORM} at (0,112) size 784x312
        RenderTable {DL} at (0,0) size 179x26
          RenderTableSection (anonymous) at (0,0) size 179x26
            RenderTableRow {DIV} at (0,0) size 179x26
              RenderTableCell {DT} at (0,3) size 25x20 [r=0 c=0 rs=1 cs=1]
                RenderText {#text} at (0,0) size 25x19
                  text run at (0,0) width 25: "Foo"
              RenderTableCell {DD} at (25,0) size 154x26 [r=0 c=1 rs=1 cs=1]
                RenderTextControl {INPUT} at (2,2) size 150x22 [bgcolor=#FFFFFF] [border: (2px inset #000000)]
        RenderBlock {HR} at (0,42) size 784x2 [border: (1px inset #000000)]
        RenderBlock {P} at (0,60) size 784x40
          RenderText {#text} at (0,0) size 770x39
            text run at (0,0) width 770: "And here's more. There should not be a difference in distance between the labels, nor any difference in distance between the text"
            text run at (0,20) width 35: "fields."
        RenderTable {DL} at (0,116) size 223x196
          RenderTableSection (anonymous) at (0,0) size 223x196
            RenderTableRow {DIV} at (0,0) size 223x26
              RenderTableCell {DT} at (0,3) size 25x20 [r=0 c=0 rs=1 cs=1]
                RenderText {#text} at (0,0) size 25x19
                  text run at (0,0) width 25: "Foo"
              RenderTableCell {DD} at (25,0) size 198x26 [r=0 c=1 rs=1 cs=1]
                RenderTextControl {INPUT} at (2,2) size 150x22 [bgcolor=#FFFFFF] [border: (2px inset #000000)]
            RenderTableRow {DIV} at (0,26) size 223x26
              RenderTableCell {DT} at (0,29) size 25x20 [r=1 c=0 rs=1 cs=1]
                RenderText {#text} at (0,0) size 25x19
                  text run at (0,0) width 25: "Foo"
              RenderTableCell {DD} at (25,26) size 198x26 [r=1 c=1 rs=1 cs=1]
                RenderTextControl {INPUT} at (2,2) size 150x22 [bgcolor=#FFFFFF] [border: (2px inset #000000)]
            RenderTableRow {DIV} at (0,52) size 223x26
              RenderTableCell {DT} at (0,55) size 25x20 [r=2 c=0 rs=1 cs=1]
                RenderText {#text} at (0,0) size 25x19
                  text run at (0,0) width 25: "Foo"
              RenderTableCell {DD} at (25,52) size 198x26 [r=2 c=1 rs=1 cs=1]
                RenderTextControl {INPUT} at (2,2) size 150x22 [bgcolor=#FFFFFF] [border: (2px inset #000000)]
            RenderTableRow {DIV} at (0,78) size 223x26
              RenderTableCell {DT} at (0,81) size 25x20 [r=3 c=0 rs=1 cs=1]
                RenderText {#text} at (0,0) size 25x19
                  text run at (0,0) width 25: "Foo"
              RenderTableCell {DD} at (25,78) size 198x26 [r=3 c=1 rs=1 cs=1]
                RenderTextControl {INPUT} at (2,2) size 150x22 [bgcolor=#FFFFFF] [border: (2px inset #000000)]
            RenderTableRow {DIV} at (0,104) size 223x26
              RenderTableCell {DT} at (0,107) size 25x20 [r=4 c=0 rs=1 cs=1]
                RenderText {#text} at (0,0) size 25x19
                  text run at (0,0) width 25: "Foo"
              RenderTableCell {DD} at (25,104) size 198x26 [r=4 c=1 rs=1 cs=1]
                RenderTextControl {INPUT} at (2,2) size 150x22 [bgcolor=#FFFFFF] [border: (2px inset #000000)]
            RenderTableRow {DIV} at (0,130) size 223x26
              RenderTableCell {DT} at (0,133) size 25x20 [r=5 c=0 rs=1 cs=1]
                RenderText {#text} at (0,0) size 25x19
                  text run at (0,0) width 25: "Foo"
              RenderTableCell {DD} at (25,130) size 198x26 [r=5 c=1 rs=1 cs=1]
                RenderTextControl {INPUT} at (2,2) size 150x22 [bgcolor=#FFFFFF] [border: (2px inset #000000)]
            RenderTableRow {DIV} at (0,156) size 223x40
              RenderTableCell {DT} at (0,176) size 25x20 [r=6 c=0 rs=1 cs=1]
                RenderText {#text} at (0,0) size 25x19
                  text run at (0,0) width 25: "Foo"
              RenderTableCell {DD} at (25,156) size 198x40 [r=6 c=1 rs=1 cs=1]
                RenderBlock {DIV} at (0,0) size 198x40
                  RenderBR {BR} at (0,0) size 0x19
                  RenderText {#text} at (0,20) size 198x19
                    text run at (0,20) width 198: "Bar (should be aligned with Foo)"
layer at (37,133) size 146x16
  RenderBlock {DIV} at (2,3) size 146x16
layer at (37,249) size 146x16
  RenderBlock {DIV} at (2,3) size 146x16
layer at (37,275) size 146x16
  RenderBlock {DIV} at (2,3) size 146x16
layer at (37,301) size 146x16
  RenderBlock {DIV} at (2,3) size 146x16
    RenderText {#text} at (0,0) size 21x16
      text run at (0,0) width 21: "Bar"
layer at (37,327) size 146x16
  RenderBlock {DIV} at (2,3) size 146x16
    RenderText {#text} at (0,0) size 21x16
      text run at (0,0) width 21: "Bar"
layer at (37,353) size 146x16
  RenderBlock {DIV} at (2,3) size 146x16
layer at (37,379) size 146x16
  RenderBlock {DIV} at (2,3) size 146x16
