layer at (0,0) size 800x600
  RenderView at (0,0) size 800x600
layer at (0,0) size 800x511
  RenderBlock {HTML} at (0,0) size 800x511
    RenderBody {BODY} at (8,8) size 784x495
      RenderTable {TABLE} at (0,0) size 642x495 [border: (1px outset #808080)]
        RenderTableSection {TBODY} at (1,1) size 640x493
          RenderTableRow {TR} at (0,2) size 640x489
            RenderTableCell {TD} at (2,87) size 44x24 [border: (1px inset #808080)] [r=0 c=0 rs=1 cs=1]
              RenderText {#text} at (2,2) size 40x19
                text run at (2,2) width 40: "Lorem"
            RenderTableCell {TD} at (48,69) size 118x47 [border: (1px inset #808080)] [r=0 c=1 rs=1 cs=1]
              RenderText {#text} at (2,20) size 39x19
                text run at (2,20) width 39: "ipsum "
              RenderInline {SPAN} at (0,0) size 75x41
                RenderText {#text} at (41,3) size 75x41
                  text run at (41,3) width 75: "dolor"
              RenderText {#text} at (0,0) size 0x0
            RenderTableCell {TD} at (168,87) size 17x24 [border: (1px inset #808080)] [r=0 c=2 rs=1 cs=1]
              RenderBlock {DIV} at (2,2) size 13x20
                RenderText {#text} at (0,0) size 13x19
                  text run at (0,0) width 13: "sit"
            RenderTableCell {TD} at (187,87) size 54x104 [border: (1px inset #808080)] [r=0 c=3 rs=1 cs=1]
              RenderBlock {DIV} at (2,2) size 50x100 [bgcolor=#ADD8E6]
                RenderText {#text} at (0,0) size 29x19
                  text run at (0,0) width 29: "amet"
            RenderTableCell {TD} at (243,87) size 64x24 [border: (1px inset #808080)] [r=0 c=4 rs=1 cs=1]
              RenderText {#text} at (2,2) size 42x19
                text run at (2,2) width 42: "consec"
              RenderText {#text} at (0,0) size 0x0
            RenderTableCell {TD} at (309,61) size 77x87 [border: (1px inset #808080)] [r=0 c=5 rs=1 cs=1]
              RenderTable {TABLE} at (2,2) size 73x83 [border: (1px outset #808080)]
                RenderTableSection {TBODY} at (1,1) size 71x81
                  RenderTableRow {TR} at (0,10) size 71x61
                    RenderTableCell {TD} at (2,10) size 67x61 [border: (10px solid #0000FF) (1px inset #808080) (5px solid #0000FF) (1px inset #808080)] [r=0 c=0 rs=1 cs=1]
                      RenderText {#text} at (2,15) size 34x19
                        text run at (2,15) width 34: "tetuer"
                      RenderBR {BR} at (36,15) size 0x19
                      RenderText {#text} at (2,35) size 63x19
                        text run at (2,35) width 63: "adipiscing."
            RenderTableCell {TD} at (388,2) size 64x4 [border: (1px inset #808080)] [r=0 c=6 rs=1 cs=1]
            RenderTableCell {TD} at (454,2) size 54x104 [border: (1px inset #808080)] [r=0 c=7 rs=1 cs=1]
              RenderBlock {DIV} at (2,2) size 50x100 [bgcolor=#FFB6C1]
            RenderTableCell {TD} at (510,29) size 62x164 [border: (1px inset #808080)] [r=0 c=8 rs=1 cs=1]
              RenderTable {TABLE} at (2,2) size 58x120 [border: (1px outset #808080)]
                RenderTableSection {TBODY} at (1,1) size 56x118
                  RenderTableRow {TR} at (0,2) size 56x80
                    RenderTableCell {TD} at (2,27) size 52x55 [border: (10px solid #0000FF) (1px inset #808080) (5px solid #0000FF) (1px inset #808080)] [r=0 c=0 rs=1 cs=1]
                      RenderBlock {DIV} at (6,25) size 40x20 [bgcolor=#FFB6C1]
                        RenderText {#text} at (0,0) size 40x19
                          text run at (0,0) width 40: "Lorem"
                  RenderTableRow {TR} at (0,84) size 56x32
                    RenderTableCell {TD} at (2,84) size 52x32 [border: (1px inset #808080)] [r=1 c=0 rs=1 cs=1]
                      RenderText {#text} at (6,6) size 35x19
                        text run at (6,6) width 35: "ipsum"
              RenderBlock (anonymous) at (2,122) size 58x40
                RenderText {#text} at (0,0) size 49x19
                  text run at (0,0) width 49: "dolor sit"
                RenderBR {BR} at (49,0) size 0x19
                RenderText {#text} at (0,20) size 33x19
                  text run at (0,20) width 33: "amet."
            RenderTableCell {TD} at (574,42) size 64x64 [border: (1px inset #808080)] [r=0 c=9 rs=1 cs=1]
              RenderBlock (floating) {DIV} at (2,2) size 25x30 [bgcolor=#90EE90]
                RenderText {#text} at (0,0) size 17x19
                  text run at (0,0) width 17: "F1"
              RenderBlock (floating) {DIV} at (27,2) size 25x30 [bgcolor=#90EE90]
                RenderText {#text} at (0,0) size 17x19
                  text run at (0,0) width 17: "F2"
              RenderBlock (floating) {DIV} at (2,32) size 25x30 [bgcolor=#90EE90]
                RenderText {#text} at (0,0) size 17x19
                  text run at (0,0) width 17: "F3"
layer at (254,0) size 60x50
  RenderBlock (positioned) {DIV} at (254,0) size 60x50 [bgcolor=#FFFFE0]
    RenderText {#text} at (0,0) size 9x19
      text run at (0,0) width 9: "P"
layer at (399,13) size 60x50
  RenderBlock (positioned) {DIV} at (399,13) size 60x50 [bgcolor=#FFFFE0]
    RenderText {#text} at (0,0) size 9x19
      text run at (0,0) width 9: "P"
