layer at (0,0) size 800x600
  RenderView at (0,0) size 800x600
layer at (0,0) size 800x600
  RenderBlock {HTML} at (0,0) size 800x600
    RenderBody {BODY} at (8,8) size 784x584
      RenderBlock {H1} at (0,0) size 784x74
        RenderText {#text} at (0,0) size 703x74
          text run at (0,0) width 703: "Two gradients, one with zero radius that should not"
          text run at (0,37) width 83: "crash."
      RenderBlock {DIV} at (0,95) size 154x155 [border: (2px solid #000000)]
