layer at (0,0) size 800x600
  RenderView at (0,0) size 800x600
layer at (0,0) size 800x600
  RenderBlock {HTML} at (0,0) size 800x600
    RenderBody {BODY} at (8,8) size 784x584
      RenderBlock (anonymous) at (0,0) size 784x20
        RenderText {#text} at (0,0) size 218x19
          text run at (0,0) width 218: "The 2 tables should look the same"
      RenderTable {TABLE} at (0,20) size 121x56 [bgcolor=#FFA500] [border: (1px outset #808080)]
        RenderTableSection {TBODY} at (1,1) size 119x54
          RenderTableRow {TR} at (0,2) size 119x24
            RenderTableCell {TD} at (2,15) size 28x24 [border: (1px inset #808080)] [r=0 c=0 rs=2 cs=1]
              RenderText {#text} at (2,2) size 24x19
                text run at (2,2) width 24: "c12"
            RenderTableCell {TD} at (31,2) size 28x24 [border: (1px inset #808080)] [r=0 c=1 rs=1 cs=1]
              RenderText {#text} at (2,2) size 24x19
                text run at (2,2) width 24: "c13"
          RenderTableRow {TR} at (0,28) size 119x24
            RenderTableCell {TD} at (31,28) size 28x24 [border: (1px inset #808080)] [r=1 c=1 rs=1 cs=1]
              RenderText {#text} at (2,2) size 24x19
                text run at (2,2) width 24: "c12"
            RenderTableCell {TD} at (60,28) size 28x24 [border: (1px inset #808080)] [r=1 c=2 rs=1 cs=1]
              RenderText {#text} at (2,2) size 24x19
                text run at (2,2) width 24: "c22"
            RenderTableCell {TD} at (89,28) size 28x24 [border: (1px inset #808080)] [r=1 c=3 rs=1 cs=1]
              RenderText {#text} at (2,2) size 24x19
                text run at (2,2) width 24: "c23"
      RenderBlock (anonymous) at (0,76) size 784x20
        RenderBR {BR} at (0,0) size 0x19
      RenderTable {TABLE} at (0,96) size 121x56 [bgcolor=#FFA500] [border: (1px outset #808080)]
        RenderTableSection {TBODY} at (1,1) size 119x54
          RenderTableRow {TR} at (0,2) size 119x24
            RenderTableCell {TD} at (2,15) size 28x24 [border: (1px inset #808080)] [r=0 c=0 rs=2 cs=1]
              RenderText {#text} at (2,2) size 24x19
                text run at (2,2) width 24: "c12"
            RenderTableCell {TD} at (31,2) size 28x24 [border: (1px inset #808080)] [r=0 c=1 rs=1 cs=1]
              RenderText {#text} at (2,2) size 24x19
                text run at (2,2) width 24: "c13"
          RenderTableRow {TR} at (0,28) size 119x24
            RenderTableCell {TD} at (31,28) size 28x24 [border: (1px inset #808080)] [r=1 c=1 rs=1 cs=1]
              RenderText {#text} at (2,2) size 24x19
                text run at (2,2) width 24: "c12"
            RenderTableCell {TD} at (60,28) size 28x24 [border: (1px inset #808080)] [r=1 c=2 rs=1 cs=1]
              RenderText {#text} at (2,2) size 24x19
                text run at (2,2) width 24: "c22"
            RenderTableCell {TD} at (89,28) size 28x24 [border: (1px inset #808080)] [r=1 c=3 rs=1 cs=1]
              RenderText {#text} at (2,2) size 24x19
                text run at (2,2) width 24: "c23"
