layer at (0,0) size 800x600
  RenderView at (0,0) size 800x600
layer at (0,0) size 800x600
  RenderBlock {HTML} at (0,0) size 800x600
    RenderBody {BODY} at (8,8) size 784x584
      RenderBlock (anonymous) at (0,0) size 784x80
        RenderText {#text} at (0,0) size 758x39
          text run at (0,0) width 758: "It should never be the case that deleting a tbody causes a rebuild of the cell map since cells cannot span out of tbodies."
          text run at (0,20) width 147: "However, this is a bug."
        RenderBR {BR} at (146,20) size 1x19
        RenderBR {BR} at (0,40) size 0x19
        RenderText {#text} at (0,60) size 218x19
          text run at (0,60) width 218: "The 2 tables should look the same"
      RenderTable {TABLE} at (0,80) size 63x56 [bgcolor=#FFA500] [border: (1px outset #808080)]
        RenderTableSection {TBODY} at (1,1) size 61x54
          RenderTableRow {TR} at (0,2) size 61x24
            RenderTableCell {TD} at (2,2) size 28x24 [border: (1px inset #808080)] [r=0 c=0 rs=1 cs=1]
              RenderText {#text} at (2,2) size 24x19
                text run at (2,2) width 24: "c31"
            RenderTableCell {TD} at (31,2) size 28x24 [border: (1px inset #808080)] [r=0 c=1 rs=1 cs=1]
              RenderText {#text} at (2,2) size 24x19
                text run at (2,2) width 24: "c32"
          RenderTableRow {TR} at (0,28) size 61x24
            RenderTableCell {TD} at (2,28) size 28x24 [border: (1px inset #808080)] [r=1 c=0 rs=1 cs=1]
              RenderText {#text} at (2,2) size 24x19
                text run at (2,2) width 24: "c41"
            RenderTableCell {TD} at (31,28) size 28x24 [border: (1px inset #808080)] [r=1 c=1 rs=1 cs=1]
              RenderText {#text} at (2,2) size 24x19
                text run at (2,2) width 24: "c42"
      RenderBlock (anonymous) at (0,136) size 784x20
        RenderBR {BR} at (0,0) size 0x19
      RenderTable {TABLE} at (0,156) size 63x56 [bgcolor=#FFA500] [border: (1px outset #808080)]
        RenderTableSection {TBODY} at (1,1) size 61x54
          RenderTableRow {TR} at (0,2) size 61x24
            RenderTableCell {TD} at (2,2) size 28x24 [border: (1px inset #808080)] [r=0 c=0 rs=1 cs=1]
              RenderText {#text} at (2,2) size 24x19
                text run at (2,2) width 24: "c31"
            RenderTableCell {TD} at (31,2) size 28x24 [border: (1px inset #808080)] [r=0 c=1 rs=1 cs=1]
              RenderText {#text} at (2,2) size 24x19
                text run at (2,2) width 24: "c32"
          RenderTableRow {TR} at (0,28) size 61x24
            RenderTableCell {TD} at (2,28) size 28x24 [border: (1px inset #808080)] [r=1 c=0 rs=1 cs=1]
              RenderText {#text} at (2,2) size 24x19
                text run at (2,2) width 24: "c41"
            RenderTableCell {TD} at (31,28) size 28x24 [border: (1px inset #808080)] [r=1 c=1 rs=1 cs=1]
              RenderText {#text} at (2,2) size 24x19
                text run at (2,2) width 24: "c42"
      RenderBlock (anonymous) at (0,212) size 784x20
        RenderBR {BR} at (0,0) size 0x19
