layer at (0,0) size 800x600
  RenderView at (0,0) size 800x600
layer at (0,0) size 800x600
  RenderBlock {HTML} at (0,0) size 800x600
    RenderBody {BODY} at (8,8) size 784x584
      RenderBlock {FORM} at (0,0) size 784x25
        RenderMenuList {SELECT} at (2,2) size 87x20 [color=#007AFF] [bgcolor=#EBF5FF]
          RenderBlock (anonymous) at (5,3) size 77x14
            RenderText at (0,0) size 65x14
              text run at (0,0) width 65: "append cell"
        RenderText {#text} at (91,1) size 53x19
          text run at (91,1) width 53: "   tbody "
        RenderTextControl {INPUT} at (145,2) size 51x22 [bgcolor=#FFFFFF] [border: (1px solid #D9D9D9)]
        RenderText {#text} at (197,1) size 42x19
          text run at (197,1) width 42: "   row "
        RenderTextControl {INPUT} at (240,2) size 51x22 [bgcolor=#FFFFFF] [border: (1px solid #D9D9D9)]
        RenderText {#text} at (292,1) size 36x19
          text run at (292,1) width 36: "   col "
        RenderTextControl {INPUT} at (329,2) size 51x22 [bgcolor=#FFFFFF] [border: (1px solid #D9D9D9)]
        RenderText {#text} at (381,1) size 75x19
          text run at (381,1) width 75: "   row span "
        RenderTextControl {INPUT} at (457,2) size 51x22 [bgcolor=#FFFFFF] [border: (1px solid #D9D9D9)]
        RenderText {#text} at (509,1) size 70x19
          text run at (509,1) width 70: "   col span "
        RenderTextControl {INPUT} at (580,2) size 51x22 [bgcolor=#FFFFFF] [border: (1px solid #D9D9D9)]
        RenderText {#text} at (632,1) size 21x19
          text run at (632,1) width 21: "     "
        RenderButton {INPUT} at (654,2) size 48x20 [color=#007AFF] [bgcolor=#EEEEEE]
          RenderBlock (anonymous) at (11,3) size 25x14
            RenderText at (0,0) size 25x14
              text run at (0,0) width 25: "Do It"
        RenderText {#text} at (0,0) size 0x0
      RenderBlock (anonymous) at (0,41) size 784x20
        RenderBR {BR} at (0,0) size 0x19
      RenderTable {TABLE} at (0,61) size 63x56 [bgcolor=#FFA500] [border: (1px outset #808080)]
        RenderTableSection {TBODY} at (1,1) size 61x54
          RenderTableRow {TR} at (0,2) size 61x24
            RenderTableCell {TD} at (2,2) size 28x24 [border: (1px inset #808080)] [r=0 c=0 rs=1 cs=1]
              RenderText {#text} at (2,2) size 23x19
                text run at (2,2) width 23: "c11"
          RenderTableRow {TR} at (0,28) size 61x24
            RenderTableCell {TD} at (2,28) size 28x24 [border: (1px inset #808080)] [r=1 c=0 rs=1 cs=1]
              RenderText {#text} at (2,2) size 24x19
                text run at (2,2) width 24: "c21"
            RenderTableCell {TD} at (31,28) size 28x24 [border: (1px inset #808080)] [r=1 c=1 rs=1 cs=1]
              RenderText {#text} at (2,2) size 24x19
                text run at (2,2) width 24: "c22"
      RenderBlock (anonymous) at (0,117) size 784x20
        RenderBR {BR} at (0,0) size 0x19
layer at (160,13) size 36x14
  RenderBlock {DIV} at (6,3) size 38x15
    RenderText {#text} at (0,0) size 7x14
      text run at (0,0) width 7: "0"
layer at (255,13) size 36x14
  RenderBlock {DIV} at (6,3) size 38x15
    RenderText {#text} at (0,0) size 7x14
      text run at (0,0) width 7: "0"
layer at (344,13) size 36x14
  RenderBlock {DIV} at (6,3) size 38x15
    RenderText {#text} at (0,0) size 7x14
      text run at (0,0) width 7: "0"
layer at (472,13) size 36x14
  RenderBlock {DIV} at (6,3) size 38x15
    RenderText {#text} at (0,0) size 6x14
      text run at (0,0) width 6: "1"
layer at (595,13) size 36x14
  RenderBlock {DIV} at (6,3) size 38x15
    RenderText {#text} at (0,0) size 6x14
      text run at (0,0) width 6: "1"
