layer at (0,0) size 800x600
  RenderView at (0,0) size 800x600
layer at (0,0) size 800x600
  RenderBlock {HTML} at (0,0) size 800x600
    RenderBody {BODY} at (8,8) size 784x584
      RenderBlock (anonymous) at (0,0) size 784x18
        RenderText {#text} at (0,0) size 218x18
          text run at (0,0) width 218: "The 2 tables should look the same"
      RenderTable {TABLE} at (0,18) size 121x76 [bgcolor=#FFA500] [border: (1px outset #808080)]
        RenderTableSection {TBODY} at (1,1) size 119x74
          RenderTableRow {TR} at (0,2) size 119x22
            RenderTableCell {TD} at (2,2) size 28x22 [border: (1px inset #808080)] [r=0 c=0 rs=1 cs=1]
              RenderText {#text} at (2,2) size 23x18
                text run at (2,2) width 23: "c11"
            RenderTableCell {TD} at (31,14) size 57x22 [border: (1px inset #808080)] [r=0 c=1 rs=2 cs=2]
              RenderText {#text} at (2,2) size 20x18
                text run at (2,2) width 20: "X1"
            RenderTableCell {TD} at (89,2) size 28x22 [border: (1px inset #808080)] [r=0 c=3 rs=1 cs=1]
              RenderText {#text} at (2,2) size 24x18
                text run at (2,2) width 24: "c12"
          RenderTableRow {TR} at (0,26) size 119x22
            RenderTableCell {TD} at (2,26) size 57x22 [border: (1px inset #808080)] [r=1 c=0 rs=1 cs=2]
              RenderText {#text} at (2,2) size 24x18
                text run at (2,2) width 24: "c21"
            RenderTableCell {TD} at (89,26) size 28x22 [border: (1px inset #808080)] [r=1 c=3 rs=1 cs=1]
              RenderText {#text} at (2,2) size 24x18
                text run at (2,2) width 24: "c22"
          RenderTableRow {TR} at (0,50) size 119x22
            RenderTableCell {TD} at (2,50) size 28x22 [border: (1px inset #808080)] [r=2 c=0 rs=1 cs=1]
              RenderText {#text} at (2,2) size 24x18
                text run at (2,2) width 24: "c31"
            RenderTableCell {TD} at (31,50) size 28x22 [border: (1px inset #808080)] [r=2 c=1 rs=1 cs=1]
              RenderText {#text} at (2,2) size 24x18
                text run at (2,2) width 24: "c32"
            RenderTableCell {TD} at (60,50) size 28x22 [border: (1px inset #808080)] [r=2 c=2 rs=1 cs=1]
              RenderText {#text} at (2,2) size 24x18
                text run at (2,2) width 24: "c33"
            RenderTableCell {TD} at (89,50) size 28x22 [border: (1px inset #808080)] [r=2 c=3 rs=1 cs=1]
              RenderText {#text} at (2,2) size 24x18
                text run at (2,2) width 24: "c34"
      RenderBlock (anonymous) at (0,94) size 784x18
        RenderBR {BR} at (0,0) size 0x18
      RenderTable {TABLE} at (0,112) size 121x76 [bgcolor=#FFA500] [border: (1px outset #808080)]
        RenderTableSection {TBODY} at (1,1) size 119x74
          RenderTableRow {TR} at (0,2) size 119x22
            RenderTableCell {TD} at (2,2) size 28x22 [border: (1px inset #808080)] [r=0 c=0 rs=1 cs=1]
              RenderText {#text} at (2,2) size 23x18
                text run at (2,2) width 23: "c11"
            RenderTableCell {TD} at (31,14) size 57x22 [border: (1px inset #808080)] [r=0 c=1 rs=2 cs=2]
              RenderText {#text} at (2,2) size 20x18
                text run at (2,2) width 20: "X1"
            RenderTableCell {TD} at (89,2) size 28x22 [border: (1px inset #808080)] [r=0 c=3 rs=1 cs=1]
              RenderText {#text} at (2,2) size 24x18
                text run at (2,2) width 24: "c12"
          RenderTableRow {TR} at (0,26) size 119x22
            RenderTableCell {TD} at (2,26) size 57x22 [border: (1px inset #808080)] [r=1 c=0 rs=1 cs=2]
              RenderText {#text} at (2,2) size 24x18
                text run at (2,2) width 24: "c21"
            RenderTableCell {TD} at (89,26) size 28x22 [border: (1px inset #808080)] [r=1 c=3 rs=1 cs=1]
              RenderText {#text} at (2,2) size 24x18
                text run at (2,2) width 24: "c22"
          RenderTableRow {TR} at (0,50) size 119x22
            RenderTableCell {TD} at (2,50) size 28x22 [border: (1px inset #808080)] [r=2 c=0 rs=1 cs=1]
              RenderText {#text} at (2,2) size 24x18
                text run at (2,2) width 24: "c31"
            RenderTableCell {TD} at (31,50) size 28x22 [border: (1px inset #808080)] [r=2 c=1 rs=1 cs=1]
              RenderText {#text} at (2,2) size 24x18
                text run at (2,2) width 24: "c32"
            RenderTableCell {TD} at (60,50) size 28x22 [border: (1px inset #808080)] [r=2 c=2 rs=1 cs=1]
              RenderText {#text} at (2,2) size 24x18
                text run at (2,2) width 24: "c33"
            RenderTableCell {TD} at (89,50) size 28x22 [border: (1px inset #808080)] [r=2 c=3 rs=1 cs=1]
              RenderText {#text} at (2,2) size 24x18
                text run at (2,2) width 24: "c34"
      RenderBlock (anonymous) at (0,188) size 784x36
        RenderBR {BR} at (0,0) size 0x18
        RenderText {#text} at (0,18) size 218x18
          text run at (0,18) width 218: "The 2 tables should look the same"
      RenderTable {TABLE} at (0,224) size 121x76 [bgcolor=#FFA500] [border: (1px outset #808080)]
        RenderTableSection {TBODY} at (1,1) size 119x74
          RenderTableRow {TR} at (0,2) size 119x22
            RenderTableCell {TD} at (2,2) size 28x22 [border: (1px inset #808080)] [r=0 c=0 rs=1 cs=1]
              RenderText {#text} at (2,2) size 23x18
                text run at (2,2) width 23: "c11"
            RenderTableCell {TD} at (31,2) size 28x22 [border: (1px inset #808080)] [r=0 c=1 rs=1 cs=1]
              RenderText {#text} at (2,2) size 24x18
                text run at (2,2) width 24: "c12"
            RenderTableCell {TD} at (60,14) size 28x22 [border: (1px inset #808080)] [r=0 c=2 rs=2 cs=1]
              RenderText {#text} at (2,2) size 24x18
                text run at (2,2) width 24: "c13"
          RenderTableRow {TR} at (0,26) size 119x22
            RenderTableCell {TD} at (2,26) size 28x22 [border: (1px inset #808080)] [r=1 c=0 rs=1 cs=1]
              RenderText {#text} at (2,2) size 24x18
                text run at (2,2) width 24: "c21"
            RenderTableCell {TD} at (31,26) size 28x22 [border: (1px inset #808080)] [r=1 c=1 rs=1 cs=1]
              RenderText {#text} at (2,2) size 20x18
                text run at (2,2) width 20: "X2"
            RenderTableCell {TD} at (89,26) size 28x22 [border: (1px inset #808080)] [r=1 c=3 rs=1 cs=1]
              RenderText {#text} at (2,2) size 24x18
                text run at (2,2) width 24: "c22"
          RenderTableRow {TR} at (0,50) size 119x22
            RenderTableCell {TD} at (2,50) size 28x22 [border: (1px inset #808080)] [r=2 c=0 rs=1 cs=1]
              RenderText {#text} at (2,2) size 24x18
                text run at (2,2) width 24: "c31"
            RenderTableCell {TD} at (31,50) size 28x22 [border: (1px inset #808080)] [r=2 c=1 rs=1 cs=1]
              RenderText {#text} at (2,2) size 24x18
                text run at (2,2) width 24: "c32"
            RenderTableCell {TD} at (60,50) size 28x22 [border: (1px inset #808080)] [r=2 c=2 rs=1 cs=1]
              RenderText {#text} at (2,2) size 24x18
                text run at (2,2) width 24: "c33"
      RenderBlock (anonymous) at (0,300) size 784x18
        RenderBR {BR} at (0,0) size 0x18
      RenderTable {TABLE} at (0,318) size 121x76 [bgcolor=#FFA500] [border: (1px outset #808080)]
        RenderTableSection {TBODY} at (1,1) size 119x74
          RenderTableRow {TR} at (0,2) size 119x22
            RenderTableCell {TD} at (2,2) size 28x22 [border: (1px inset #808080)] [r=0 c=0 rs=1 cs=1]
              RenderText {#text} at (2,2) size 23x18
                text run at (2,2) width 23: "c11"
            RenderTableCell {TD} at (31,2) size 28x22 [border: (1px inset #808080)] [r=0 c=1 rs=1 cs=1]
              RenderText {#text} at (2,2) size 24x18
                text run at (2,2) width 24: "c12"
            RenderTableCell {TD} at (60,14) size 28x22 [border: (1px inset #808080)] [r=0 c=2 rs=2 cs=1]
              RenderText {#text} at (2,2) size 24x18
                text run at (2,2) width 24: "c13"
          RenderTableRow {TR} at (0,26) size 119x22
            RenderTableCell {TD} at (2,26) size 28x22 [border: (1px inset #808080)] [r=1 c=0 rs=1 cs=1]
              RenderText {#text} at (2,2) size 24x18
                text run at (2,2) width 24: "c21"
            RenderTableCell {TD} at (31,26) size 28x22 [border: (1px inset #808080)] [r=1 c=1 rs=1 cs=1]
              RenderText {#text} at (2,2) size 20x18
                text run at (2,2) width 20: "X1"
            RenderTableCell {TD} at (89,26) size 28x22 [border: (1px inset #808080)] [r=1 c=3 rs=1 cs=1]
              RenderText {#text} at (2,2) size 24x18
                text run at (2,2) width 24: "c22"
          RenderTableRow {TR} at (0,50) size 119x22
            RenderTableCell {TD} at (2,50) size 28x22 [border: (1px inset #808080)] [r=2 c=0 rs=1 cs=1]
              RenderText {#text} at (2,2) size 24x18
                text run at (2,2) width 24: "c31"
            RenderTableCell {TD} at (31,50) size 28x22 [border: (1px inset #808080)] [r=2 c=1 rs=1 cs=1]
              RenderText {#text} at (2,2) size 24x18
                text run at (2,2) width 24: "c32"
            RenderTableCell {TD} at (60,50) size 28x22 [border: (1px inset #808080)] [r=2 c=2 rs=1 cs=1]
              RenderText {#text} at (2,2) size 24x18
                text run at (2,2) width 24: "c33"
