layer at (0,0) size 800x600
  RenderView at (0,0) size 800x600
layer at (0,0) size 800x600
  RenderBlock {HTML} at (0,0) size 800x600
    RenderBody {BODY} at (8,8) size 784x584
      RenderBlock {FORM} at (0,0) size 784x19
        RenderMenuList {SELECT} at (0,1) size 93x18 [bgcolor=#FFFFFF]
          RenderBlock (anonymous) at (0,0) size 93x18
            RenderText at (8,2) size 61x13
              text run at (8,2) width 61: "append cell"
        RenderText {#text} at (93,0) size 53x18
          text run at (93,0) width 53: "   tbody "
        RenderTextControl {INPUT} at (145,0) size 44x19 [bgcolor=#FFFFFF] [border: (2px inset #808080)]
        RenderText {#text} at (188,0) size 42x18
          text run at (188,0) width 42: "   row "
        RenderTextControl {INPUT} at (229,0) size 44x19 [bgcolor=#FFFFFF] [border: (2px inset #808080)]
        RenderText {#text} at (272,0) size 36x18
          text run at (272,0) width 36: "   col "
        RenderTextControl {INPUT} at (307,0) size 44x19 [bgcolor=#FFFFFF] [border: (2px inset #808080)]
        RenderText {#text} at (350,0) size 75x18
          text run at (350,0) width 75: "   row span "
        RenderTextControl {INPUT} at (424,0) size 44x19 [bgcolor=#FFFFFF] [border: (2px inset #808080)]
        RenderText {#text} at (467,0) size 70x18
          text run at (467,0) width 70: "   col span "
        RenderTextControl {INPUT} at (536,0) size 44x19 [bgcolor=#FFFFFF] [border: (2px inset #808080)]
        RenderText {#text} at (579,0) size 21x18
          text run at (579,0) width 21: "     "
        RenderButton {INPUT} at (599,1) size 42x18 [color=#000000D8] [bgcolor=#C0C0C0] [border: none (2px outset #C0C0C0) none (2px outset #C0C0C0)]
          RenderBlock (anonymous) at (8,2) size 25x13
            RenderText at (0,0) size 25x13
              text run at (0,0) width 25: "Do It"
        RenderText {#text} at (0,0) size 0x0
      RenderBlock (anonymous) at (0,35) size 784x18
        RenderBR {BR} at (0,0) size 0x18
      RenderTable {TABLE} at (0,53) size 63x52 [bgcolor=#FFA500] [border: (1px outset #808080)]
        RenderTableSection {TBODY} at (1,1) size 61x50
          RenderTableRow {TR} at (0,2) size 61x22
            RenderTableCell {TD} at (2,2) size 28x22 [border: (1px inset #808080)] [r=0 c=0 rs=1 cs=1]
              RenderText {#text} at (2,2) size 23x18
                text run at (2,2) width 23: "c11"
          RenderTableRow {TR} at (0,26) size 61x22
            RenderTableCell {TD} at (2,26) size 28x22 [border: (1px inset #808080)] [r=1 c=0 rs=1 cs=1]
              RenderText {#text} at (2,2) size 24x18
                text run at (2,2) width 24: "c21"
            RenderTableCell {TD} at (31,26) size 28x22 [border: (1px inset #808080)] [r=1 c=1 rs=1 cs=1]
              RenderText {#text} at (2,2) size 24x18
                text run at (2,2) width 24: "c22"
      RenderBlock (anonymous) at (0,105) size 784x18
        RenderBR {BR} at (0,0) size 0x18
layer at (156,11) size 37x13
  RenderBlock {DIV} at (3,3) size 37x13
    RenderText {#text} at (0,0) size 7x13
      text run at (0,0) width 7: "0"
layer at (240,11) size 37x13
  RenderBlock {DIV} at (3,3) size 37x13
    RenderText {#text} at (0,0) size 7x13
      text run at (0,0) width 7: "0"
layer at (319,11) size 37x13
  RenderBlock {DIV} at (3,3) size 37x13
    RenderText {#text} at (0,0) size 7x13
      text run at (0,0) width 7: "0"
layer at (436,11) size 37x13
  RenderBlock {DIV} at (3,3) size 37x13
    RenderText {#text} at (0,0) size 6x13
      text run at (0,0) width 6: "1"
layer at (548,11) size 37x13
  RenderBlock {DIV} at (3,3) size 37x13
    RenderText {#text} at (0,0) size 6x13
      text run at (0,0) width 6: "1"
