layer at (0,0) size 800x600
  RenderView at (0,0) size 800x600
layer at (0,0) size 800x258
  RenderBlock {HTML} at (0,0) size 800x258
    RenderBody {BODY} at (8,10) size 784x228
      RenderBlock {DIV} at (5,0) size 379x36
        RenderText {#text} at (0,0) size 365x36
          text run at (0,0) width 365: "Text text text text text text text text text text text text text"
          text run at (0,18) width 108: "text text text text"
      RenderBlock {DIV} at (5,56) size 379x61 [border: (5px solid #000000) (15px solid #000000) (20px solid #000000) (10px solid #000000)]
        RenderText {#text} at (10,5) size 337x36
          text run at (10,5) width 337: "Text text text text text text text text text text text text"
          text run at (10,23) width 136: "text text text text text"
      RenderBlock {DIV} at (5,137) size 379x91 [border: (5px solid #000000) (15px solid #000000) (20px solid #000000) (10px solid #000000)]
        RenderText {#text} at (15,15) size 281x36
          text run at (15,15) width 281: "Text text text text text text text text text text"
          text run at (15,33) width 192: "text text text text text text text"
