EDITING DELEGATE: shouldBeginEditingInDOMRange:range from 0 of DIV > BODY > HTML > #document to 3 of DIV > BODY > HTML > #document
EDITING DELEGATE: webViewDidBeginEditing:WebViewDidBeginEditingNotification
EDITING DELEGATE: webViewDidChangeSelection:WebViewDidChangeSelectionNotification
EDITING DELEGATE: webViewDidChangeSelection:WebViewDidChangeSelectionNotification
EDITING DELEGATE: webViewDidChangeSelection:WebViewDidChangeSelectionNotification
EDITING DELEGATE: webViewDidChangeSelection:WebViewDidChangeSelectionNotification
EDITING DELEGATE: shouldInsertText:o replacingDOMRange:range from 10 of #text > DIV > DIV > BODY > HTML > #document to 10 of #text > DIV > DIV > BODY > HTML > #document givenAction:WebViewInsertActionTyped
EDITING DELEGATE: shouldChangeSelectedDOMRange:range from 10 of #text > DIV > DIV > BODY > HTML > #document to 10 of #text > DIV > DIV > BODY > HTML > #document toDOMRange:range from 11 of #text > DIV > DIV > BODY > HTML > #document to 11 of #text > DIV > DIV > BODY > HTML > #document affinity:NSSelectionAffinityDownstream stillSelecting:FALSE
EDITING DELEGATE: webViewDidChangeSelection:WebViewDidChangeSelectionNotification
EDITING DELEGATE: webViewDidChange:WebViewDidChangeNotification
layer at (0,0) size 800x600
  RenderView at (0,0) size 800x600
layer at (0,0) size 800x600
  RenderBlock {HTML} at (0,0) size 800x600
    RenderBody {BODY} at (8,8) size 784x584
      RenderBlock {DIV} at (0,0) size 784x166
        RenderBlock {DIV} at (0,0) size 784x60
          RenderText {#text} at (0,1) size 60x28
            text run at (0,1) width 60: "Tests:"
          RenderBR {BR} at (59,23) size 1x0
          RenderText {#text} at (0,31) size 253x28
            text run at (0,31) width 253: "Key binding for control-O"
        RenderBlock {DIV} at (0,76) size 784x90
          RenderText {#text} at (0,1) size 177x28
            text run at (0,1) width 177: "Expected results:"
          RenderBR {BR} at (176,23) size 1x0
          RenderText {#text} at (0,31) size 89x28
            text run at (0,31) width 89: "one five |"
          RenderBR {BR} at (88,53) size 1x0
          RenderText {#text} at (0,61) size 136x28
            text run at (0,61) width 136: "two three four"
      RenderBlock {DIV} at (0,190) size 784x30
        RenderBlock {DIV} at (0,0) size 784x30
          RenderText {#text} at (0,1) size 232x28
            text run at (0,1) width 232: "one five towo three four"
caret: position 11 of child 0 {#text} of child 1 {DIV} of child 3 {DIV} of body
