layer at (0,0) size 800x600
  RenderView at (0,0) size 800x600
layer at (0,0) size 800x108
  RenderBlock {HTML} at (0,0) size 800x108
    RenderBody {BODY} at (8,16) size 784x84
      RenderBlock {P} at (0,0) size 784x18
        RenderText {#text} at (0,0) size 392x18
          text run at (0,0) width 392: "Test passes if the paragraph below reads 'First,Second,Third'."
      RenderFlexibleBox {DIV} at (0,34) size 784x50
        RenderBlock {P} at (84,16) size 36x18
          RenderText {#text} at (0,0) size 36x18
            text run at (0,0) width 36: "Third"
        RenderBlock {P} at (33,16) size 52x18
          RenderText {#text} at (0,0) size 52x18
            text run at (0,0) width 52: "Second,"
        RenderBlock {P} at (0,16) size 34x18
          RenderText {#text} at (0,0) size 34x18
            text run at (0,0) width 34: "First,"
