layer at (0,0) size 800x600
  RenderView at (0,0) size 800x600
layer at (0,0) size 800x348
  RenderBlock {HTML} at (0,0) size 800x348
    RenderBody {BODY} at (8,16) size 784x324
      RenderBlock {P} at (0,0) size 784x108
        RenderText {#text} at (0,0) size 90x18
          text run at (0,0) width 90: "Test passes if:"
        RenderBR {BR} at (89,0) size 1x18
        RenderText {#text} at (0,18) size 543x18
          text run at (0,18) width 543: "1. the rectangle 1, 2, 3 show up in a row in a red rectangle and no gap between them."
        RenderBR {BR} at (542,18) size 1x18
        RenderText {#text} at (0,36) size 363x18
          text run at (0,36) width 363: "2. the rectangle 1, 2, 3 appear in middle of red rectangle."
        RenderBR {BR} at (362,36) size 1x18
        RenderText {#text} at (0,54) size 774x36
          text run at (0,54) width 774: "3. equal amounts of empty space between the left edge of the red rectangle and ractangle 1 and between the right edge of"
          text run at (0,72) width 213: "the red rectangle and rectangle 3."
        RenderBR {BR} at (212,72) size 1x18
        RenderText {#text} at (0,90) size 457x18
          text run at (0,90) width 457: "4. the height of the 1, 2, 3 is the same as the height of the red rectangle."
      RenderFlexibleBox {DIV} at (0,124) size 200x200 [bgcolor=#FF0000]
        RenderBlock {DIV} at (55,0) size 30x200 [bgcolor=#7FFF00]
          RenderText {#text} at (10,0) size 10x23
            text run at (10,0) width 10: "1"
        RenderBlock {DIV} at (85,0) size 30x200 [bgcolor=#00FFFF]
          RenderText {#text} at (10,0) size 10x23
            text run at (10,0) width 10: "2"
        RenderBlock {DIV} at (115,0) size 30x200 [bgcolor=#4169E1]
          RenderText {#text} at (10,0) size 10x23
            text run at (10,0) width 10: "3"
