layer at (0,0) size 800x600
  RenderView at (0,0) size 800x600
layer at (0,0) size 800x34
  RenderBlock {HTML} at (0,0) size 800x34
    RenderBody {BODY} at (8,8) size 784x18
      RenderFlexibleBox {DIV} at (0,0) size 784x18
        RenderFlexibleBox {DIV} at (0,0) size 85x18
          RenderFlexibleBox {DIV} at (-64,0) size 149x18
            RenderBlock (anonymous) at (0,0) size 149x18
              RenderText {#text} at (0,0) size 149x18
                text run at (0,0) width 149: "PASS if we don't assert"
