layer at (0,0) size 800x600
  RenderView at (0,0) size 800x600
layer at (0,0) size 800x600
  RenderBlock {HTML} at (0,0) size 800x600
    RenderBody {BODY} at (8,8) size 784x584
      RenderText {#text} at (0,0) size 497x17
        text run at (0,0) width 497: "This tests that contenteditable elements, with no children, get the right baseline."
      RenderBR {BR} at (497,0) size 0x17
      RenderBR {BR} at (0,18) size 0x17
      RenderBlock {DIV} at (0,36) size 154x22 [border: (1px solid #FF0000)]
        RenderBlock {DIV} at (1,1) size 152x20 [border: (1px solid #008000)]
      RenderText {#text} at (154,38) size 438x17
        text run at (154,38) width 438: "This text should line up with the bottom of the text in the editable div."
      RenderBR {BR} at (592,38) size 0x17
      RenderBR {BR} at (0,58) size 0x17
      RenderBlock {DIV} at (0,76) size 210x96 [border: (10px solid #FF0000)]
        RenderBlock (anonymous) at (10,10) size 190x18
          RenderText {#text} at (0,0) size 23x17
            text run at (0,0) width 23: "text"
        RenderBlock {DIV} at (10,28) size 190x58 [border: (20px solid #008000)]
      RenderText {#text} at (210,124) size 438x17
        text run at (210,124) width 438: "This text should line up with the bottom of the text in the editable div."
      RenderBR {BR} at (648,124) size 0x17
      RenderBR {BR} at (0,172) size 0x17
      RenderBlock {DIV} at (0,190) size 180x173 [border: (5px solid #FF0000)]
        RenderBlock {DIV} at (5,5) size 170x163 [border: (10px solid #008000)]
      RenderText {#text} at (180,308) size 438x17
        text run at (180,308) width 438: "This text should line up with the bottom of the text in the editable div."
