layer at (0,0) size 800x600
  RenderView at (0,0) size 800x600
layer at (0,0) size 800x600
  RenderBlock {HTML} at (0,0) size 800x600
    RenderBody {BODY} at (8,8) size 784x584
      RenderBlock {P} at (0,0) size 784x18
        RenderText {#text} at (0,0) size 54x18
          text run at (0,0) width 54: "Test for "
        RenderInline {I} at (0,0) size 535x18
          RenderInline {A} at (0,0) size 297x18 [color=#0000EE]
            RenderText {#text} at (53,0) size 297x18
              text run at (53,0) width 297: "http://bugs.webkit.org/show_bug.cgi?id=9276"
          RenderText {#text} at (349,0) size 239x18
            text run at (349,0) width 5: " "
            text run at (353,0) width 235: "Quirksmode: Image swap resize bug"
        RenderText {#text} at (587,0) size 5x18
          text run at (587,0) width 5: "."
      RenderBlock {P} at (0,34) size 784x18
        RenderText {#text} at (0,0) size 290x18
          text run at (0,0) width 290: "This should be a blue 100\x{D7}100 pixels square."
      RenderBlock (anonymous) at (0,68) size 784x100
        RenderImage {IMG} at (0,0) size 100x100
        RenderText {#text} at (0,0) size 0x0
