layer at (0,0) size 800x600
  RenderView at (0,0) size 800x600
layer at (0,0) size 800x600
  RenderBlock {HTML} at (0,0) size 800x600
    RenderBody {BODY} at (8,8) size 784x584
      RenderBlock {P} at (0,0) size 784x36
        RenderText {#text} at (0,0) size 260x18
          text run at (0,0) width 260: "This test checks for a regression against "
        RenderInline {I} at (0,0) size 756x36
          RenderInline {A} at (0,0) size 353x18 [color=#0000EE]
            RenderText {#text} at (259,0) size 353x18
              text run at (259,0) width 353: "http://bugzilla.opendarwin.org/show_bug.cgi?id=6276"
          RenderText {#text} at (611,0) size 756x36
            text run at (611,0) width 5: " "
            text run at (615,0) width 141: "Image thumbnails are"
            text run at (0,18) width 196: "misplaced on forum.2ostrov.ru"
        RenderText {#text} at (195,18) size 5x18
          text run at (195,18) width 5: "."
      RenderBlock {HR} at (0,52) size 784x2 [border: (1px inset #000000)]
      RenderBlock {P} at (0,70) size 784x18
        RenderText {#text} at (0,0) size 235x18
          text run at (0,0) width 235: "Box 1 and box 2 should be identical."
      RenderBlock (anonymous) at (0,104) size 784x18
        RenderText {#text} at (0,0) size 44x18
          text run at (0,0) width 44: "Box 1:"
      RenderBlock {DIV} at (0,122) size 67x80 [border: (1px solid #000000)]
        RenderBlock {DIV} at (6,6) size 40x20 [bgcolor=#0000FF]
        RenderText {#text} at (6,32) size 16x18
          text run at (6,32) width 16: "A "
        RenderBlock {DIV} at (21,26) size 36x20 [bgcolor=#FF0000]
        RenderText {#text} at (6,56) size 15x18
          text run at (6,56) width 15: "B "
        RenderBlock {DIV} at (20,50) size 21x20 [bgcolor=#008000]
        RenderText {#text} at (40,56) size 16x18
          text run at (40,56) width 16: " C"
      RenderBlock (anonymous) at (0,202) size 784x36
        RenderBR {BR} at (0,0) size 0x18
        RenderText {#text} at (0,18) size 44x18
          text run at (0,18) width 44: "Box 2:"
      RenderBlock {DIV} at (0,238) size 67x80 [border: (1px solid #000000)]
        RenderBlock {DIV} at (6,6) size 40x20 [bgcolor=#0000FF]
        RenderText {#text} at (6,32) size 16x18
          text run at (6,32) width 16: "A "
        RenderBlock {DIV} at (21,26) size 36x20 [bgcolor=#FF0000]
        RenderText {#text} at (6,56) size 15x18
          text run at (6,56) width 15: "B "
        RenderBlock {DIV} at (20,50) size 21x20 [bgcolor=#008000]
        RenderText {#text} at (40,56) size 16x18
          text run at (40,56) width 16: " C"
