layer at (0,0) size 800x600
  RenderView at (0,0) size 800x600
layer at (0,0) size 800x214
  RenderBlock {HTML} at (0,0) size 800x214
    RenderBody {BODY} at (8,16) size 784x190
      RenderBlock {P} at (0,0) size 784x36
        RenderText {#text} at (0,0) size 54x18
          text run at (0,0) width 54: "Test for "
        RenderInline {I} at (0,0) size 733x36
          RenderInline {A} at (0,0) size 156x18 [color=#0000EE]
            RenderText {#text} at (53,0) size 156x18
              text run at (53,0) width 156: "rdar://problem/5862634"
          RenderText {#text} at (208,0) size 733x36
            text run at (208,0) width 5: " "
            text run at (212,0) width 521: "REGRESSION (3.1.1): In iChat, inline image not resizable past current size after"
            text run at (0,18) width 145: "another IM is received"
        RenderText {#text} at (144,18) size 5x18
          text run at (144,18) width 5: "."
      RenderBlock {P} at (0,52) size 784x18
        RenderText {#text} at (0,0) size 319x18
          text run at (0,0) width 319: "The blue square below should be 100\x{D7}100 pixels."
      RenderBlock {DIV} at (0,86) size 200x104
        RenderBlock {DIV} at (0,0) size 100x104
          RenderImage {IMG} at (0,0) size 100x100
          RenderText {#text} at (0,0) size 0x0
        RenderText {#text} at (0,0) size 0x0
