layer at (0,0) size 800x600
  RenderView at (0,0) size 800x600
layer at (0,0) size 800x600
  RenderBlock {HTML} at (0,0) size 800x600
    RenderBody {BODY} at (8,8) size 784x584
      RenderBlock {P} at (0,0) size 784x18
        RenderText {#text} at (0,0) size 54x18
          text run at (0,0) width 54: "Test for "
        RenderInline {I} at (0,0) size 715x18
          RenderInline {A} at (0,0) size 312x18 [color=#0000EE]
            RenderText {#text} at (53,0) size 312x18
              text run at (53,0) width 312: "https://bugs.webkit.org/show_bug.cgi?id=23739"
          RenderText {#text} at (364,0) size 404x18
            text run at (364,0) width 5: " "
            text run at (368,0) width 400: "REGRESSION (r36513): iframe isn't sized properly upon load"
        RenderText {#text} at (767,0) size 5x18
          text run at (767,0) width 5: "."
      RenderTable {TABLE} at (0,34) size 304x400
        RenderTableSection {TBODY} at (0,0) size 304x400
          RenderTableRow {TR} at (0,2) size 304x396
            RenderTableCell {TD} at (2,2) size 300x396 [bgcolor=#FF0000] [r=0 c=0 rs=1 cs=1]
              RenderBlock {DIV} at (0,0) size 300x0
              RenderBlock (anonymous) at (0,0) size 300x396
                RenderIFrame {IFRAME} at (0,0) size 300x396 [bgcolor=#008000]
                  layer at (0,0) size 300x396
                    RenderView at (0,0) size 300x396
                  layer at (0,0) size 300x396
                    RenderBlock {HTML} at (0,0) size 300x396
                      RenderBody {BODY} at (8,8) size 284x380
                RenderText {#text} at (0,0) size 0x0
