layer at (0,0) size 800x600
  RenderView at (0,0) size 800x600
layer at (0,0) size 800x600
  RenderBlock {HTML} at (0,0) size 800x600
    RenderBody {BODY} at (8,8) size 784x584
      RenderBlock {DIV} at (0,0) size 10x43
        RenderText {#text} at (0,0) size 25x18
          text run at (0,0) width 25: "Foo"
        RenderImage {IMG} at (0,18) size 25x25
      RenderBlock {DIV} at (0,43) size 10x40
        RenderText {#text} at (0,0) size 25x18
          text run at (0,0) width 25: "Foo"
        RenderMenuList {SELECT} at (2,20) size 53x18 [color=#000000D8] [bgcolor=#FFFFFF]
          RenderBlock (anonymous) at (0,0) size 53x18
            RenderText at (8,2) size 22x13
              text run at (8,2) width 22: "One"
      RenderBlock {DIV} at (0,83) size 10x41
        RenderText {#text} at (0,0) size 25x18
          text run at (0,0) width 25: "Foo"
        RenderTextControl {INPUT} at (2,20) size 147x19 [bgcolor=#FFFFFF] [border: (2px inset #000000)]
      RenderBlock {DIV} at (0,124) size 10x43
        RenderImage {IMG} at (0,0) size 25x25
        RenderText {#text} at (0,25) size 25x18
          text run at (0,25) width 25: "Foo"
      RenderBlock {DIV} at (0,167) size 10x40
        RenderMenuList {SELECT} at (2,2) size 53x18 [color=#000000D8] [bgcolor=#FFFFFF]
          RenderBlock (anonymous) at (0,0) size 53x18
            RenderText at (8,2) size 22x13
              text run at (8,2) width 22: "One"
        RenderText {#text} at (0,22) size 25x18
          text run at (0,22) width 25: "Foo"
      RenderBlock {DIV} at (0,207) size 10x41
        RenderTextControl {INPUT} at (2,2) size 147x19 [bgcolor=#FFFFFF] [border: (2px inset #000000)]
        RenderText {#text} at (0,23) size 25x18
          text run at (0,23) width 25: "Foo"
layer at (13,114) size 141x13
  RenderBlock {DIV} at (3,3) size 141x13
layer at (13,220) size 141x13
  RenderBlock {DIV} at (3,3) size 141x13
