layer at (0,0) size 800x600
  RenderView at (0,0) size 800x600
layer at (0,0) size 800x600
  RenderBlock {HTML} at (0,0) size 800x600
    RenderBody {BODY} at (8,8) size 784x584
      RenderBlock {DIV} at (0,0) size 32x468 [border: (1px solid #FF0000)]
        RenderTextControl {INPUT} at (1,1) size 147x19 [bgcolor=#FFFFFF] [border: (2px inset #808080)]
        RenderTextControl {INPUT} at (1,19) size 147x20 [bgcolor=#FFFFFF] [border: (2px inset #808080)]
        RenderText {#text} at (0,0) size 0x0
        RenderImage {IMG} at (1,38) size 27x28 [border: (1px solid #000000)]
        RenderImage {IMG} at (1,65) size 27x28 [border: (1px solid #000000)]
        RenderText {#text} at (0,0) size 0x0
        RenderButton {INPUT} at (1,92) size 43x19 [color=#000000D8] [bgcolor=#C0C0C0] [border: none (2px outset #C0C0C0) none (2px outset #C0C0C0)]
          RenderBlock (anonymous) at (8,2) size 27x13
            RenderText at (0,0) size 27x13
              text run at (0,0) width 27: "input"
        RenderButton {INPUT} at (1,110) size 43x19 [color=#000000D8] [bgcolor=#C0C0C0] [border: none (2px outset #C0C0C0) none (2px outset #C0C0C0)]
          RenderBlock (anonymous) at (8,2) size 27x13
            RenderText at (0,0) size 27x13
              text run at (0,0) width 27: "input"
        RenderText {#text} at (0,0) size 0x0
        RenderButton {BUTTON} at (1,128) size 51x19 [color=#000000D8] [bgcolor=#C0C0C0] [border: none (2px outset #C0C0C0) none (2px outset #C0C0C0)]
          RenderBlock (anonymous) at (8,2) size 35x13
            RenderText {#text} at (0,0) size 35x13
              text run at (0,0) width 35: "button"
        RenderButton {BUTTON} at (1,146) size 51x19 [color=#000000D8] [bgcolor=#C0C0C0] [border: none (2px outset #C0C0C0) none (2px outset #C0C0C0)]
          RenderBlock (anonymous) at (8,2) size 35x13
            RenderText {#text} at (0,0) size 35x13
              text run at (0,0) width 35: "button"
        RenderText {#text} at (0,0) size 0x0
        RenderMenuList {SELECT} at (1,164) size 63x19 [bgcolor=#FFFFFF]
          RenderBlock (anonymous) at (0,0) size 63x18
            RenderText at (8,2) size 32x13
              text run at (8,2) width 32: "select"
        RenderMenuList {SELECT} at (1,182) size 63x19 [bgcolor=#FFFFFF]
          RenderBlock (anonymous) at (0,0) size 63x18
            RenderText at (8,2) size 32x13
              text run at (8,2) width 32: "select"
        RenderText {#text} at (0,0) size 0x0
        RenderListBox {SELECT} at (1,200) size 49x44 [bgcolor=#FFFFFF] [border: (1px inset #808080)]
        RenderListBox {SELECT} at (1,243) size 49x44 [bgcolor=#FFFFFF] [border: (1px inset #808080)]
        RenderText {#text} at (0,0) size 0x0
        RenderBlock {INPUT} at (3,289) size 12x13
        RenderBlock {INPUT} at (3,307) size 12x13
        RenderText {#text} at (0,0) size 0x0
        RenderBlock {INPUT} at (3,325) size 12x13
        RenderBlock {INPUT} at (3,343) size 12x13
        RenderText {#text} at (0,0) size 0x0
        RenderIFrame {IFRAME} at (1,358) size 27x28 [border: (1px solid #000000)]
          layer at (0,0) size 25x25
            RenderView at (0,0) size 25x25
          layer at (0,0) size 25x25
            RenderBlock {HTML} at (0,0) size 25x25
              RenderBody {BODY} at (8,8) size 9x9
        RenderIFrame {IFRAME} at (1,385) size 27x28 [border: (1px solid #000000)]
          layer at (0,0) size 25x25
            RenderView at (0,0) size 25x25
          layer at (0,0) size 25x25
            RenderBlock {HTML} at (0,0) size 25x25
              RenderBody {BODY} at (8,8) size 9x9
        RenderText {#text} at (0,0) size 0x0
        RenderEmbeddedObject {EMBED} at (1,412) size 27x28 [border: (1px solid #000000)]
        RenderEmbeddedObject {EMBED} at (1,439) size 27x28 [border: (1px solid #000000)]
        RenderText {#text} at (0,0) size 0x0
layer at (12,12) size 141x13
  RenderBlock {DIV} at (3,3) size 141x13
layer at (12,31) size 141x13
  RenderBlock {DIV} at (3,3) size 141x13
