layer at (0,0) size 800x600
  RenderView at (0,0) size 800x600
layer at (0,0) size 800x600
  RenderBlock {HTML} at (0,0) size 800x600
    RenderBody {BODY} at (8,8) size 784x584
      RenderBlock (anonymous) at (0,0) size 784x18
        RenderText {#text} at (0,0) size 228x18
          text run at (0,0) width 228: "These textfields should not overlap."
      RenderTable {TABLE} at (0,18) size 784x23
        RenderTableSection {TBODY} at (0,0) size 784x23
          RenderTableRow {TR} at (0,1) size 784x21
            RenderTableCell {TD} at (1,1) size 8x21 [r=0 c=0 rs=1 cs=1]
              RenderTextControl {INPUT} at (1,1) size 6x19 [bgcolor=#FFFFFF] [border: (2px inset #808080)]
            RenderTableCell {TD} at (10,1) size 8x21 [r=0 c=1 rs=1 cs=1]
              RenderTextControl {INPUT} at (1,1) size 6x19 [bgcolor=#FFFFFF] [border: (2px inset #808080)]
            RenderTableCell {TD} at (19,1) size 8x21 [r=0 c=2 rs=1 cs=1]
              RenderTextControl {INPUT} at (1,1) size 6x19 [bgcolor=#FFFFFF] [border: (2px inset #808080)]
            RenderTableCell {TD} at (28,1) size 755x21 [r=0 c=3 rs=1 cs=1]
              RenderText {#text} at (1,1) size 4x19
                text run at (1,1) width 4: " "
      RenderBlock (anonymous) at (0,41) size 784x36
        RenderBR {BR} at (0,0) size 0x18
        RenderBR {BR} at (0,18) size 0x18
      RenderTable {TABLE} at (0,77) size 784x23
        RenderTableSection {TBODY} at (0,0) size 784x23
          RenderTableRow {TR} at (0,1) size 784x21
            RenderTableCell {TD} at (1,1) size 8x21 [r=0 c=0 rs=1 cs=1]
              RenderTextControl {INPUT} at (1,1) size 6x19 [bgcolor=#FFFFFF] [border: (2px inset #808080)]
            RenderTableCell {TD} at (10,1) size 8x21 [r=0 c=1 rs=1 cs=1]
              RenderTextControl {INPUT} at (1,1) size 6x19 [bgcolor=#FFFFFF] [border: (2px inset #808080)]
            RenderTableCell {TD} at (19,1) size 8x21 [r=0 c=2 rs=1 cs=1]
              RenderTextControl {INPUT} at (1,1) size 6x19 [bgcolor=#FFFFFF] [border: (2px inset #808080)]
            RenderTableCell {TD} at (28,1) size 755x21 [r=0 c=3 rs=1 cs=1]
              RenderText {#text} at (1,1) size 4x19
                text run at (1,1) width 4: " "
