layer at (0,0) size 800x600
  RenderView at (0,0) size 800x600
layer at (0,0) size 800x600
  RenderBlock {HTML} at (0,0) size 800x600
    RenderBody {BODY} at (8,8) size 784x584
      RenderBlock (anonymous) at (0,0) size 784x18
        RenderText {#text} at (0,0) size 315x18
          text run at (0,0) width 315: "The following sets of buttons should not overlap."
      RenderTable {TABLE} at (0,18) size 784x22
        RenderTableSection {TBODY} at (0,0) size 784x22
          RenderTableRow {TR} at (0,1) size 784x20
            RenderTableCell {TD} at (1,1) size 66x20 [r=0 c=0 rs=1 cs=1]
              RenderButton {INPUT} at (1,1) size 64x18 [color=#000000D8] [bgcolor=#C0C0C0] [border: none (2px outset #C0C0C0) none (2px outset #C0C0C0)]
                RenderBlock (anonymous) at (8,2) size 48x13
                  RenderText at (0,0) size 48x13
                    text run at (0,0) width 48: "New Mail"
            RenderTableCell {TD} at (67,1) size 48x20 [r=0 c=1 rs=1 cs=1]
              RenderButton {INPUT} at (1,1) size 46x18 [color=#000000D8] [bgcolor=#C0C0C0] [border: none (2px outset #C0C0C0) none (2px outset #C0C0C0)]
                RenderBlock (anonymous) at (8,2) size 30x13
                  RenderText at (0,0) size 30x13
                    text run at (0,0) width 30: "Reply"
            RenderTableCell {TD} at (115,1) size 65x20 [r=0 c=2 rs=1 cs=1]
              RenderButton {INPUT} at (1,1) size 62x18 [color=#000000D8] [bgcolor=#C0C0C0] [border: none (2px outset #C0C0C0) none (2px outset #C0C0C0)]
                RenderBlock (anonymous) at (8,2) size 46x13
                  RenderText at (0,0) size 46x13
                    text run at (0,0) width 46: "Reply All"
            RenderTableCell {TD} at (180,1) size 603x20 [r=0 c=3 rs=1 cs=1]
              RenderText {#text} at (1,1) size 4x18
                text run at (1,1) width 4: " "
      RenderBlock (anonymous) at (0,40) size 784x36
        RenderBR {BR} at (0,0) size 0x18
        RenderBR {BR} at (0,18) size 0x18
      RenderTable {TABLE} at (0,76) size 784x22
        RenderTableSection {TBODY} at (0,0) size 784x22
          RenderTableRow {TR} at (0,1) size 784x20
            RenderTableCell {TD} at (1,1) size 66x20 [r=0 c=0 rs=1 cs=1]
              RenderButton {INPUT} at (1,1) size 64x18 [color=#000000D8] [bgcolor=#C0C0C0] [border: none (2px outset #C0C0C0) none (2px outset #C0C0C0)]
                RenderBlock (anonymous) at (8,2) size 48x13
                  RenderText at (0,0) size 48x13
                    text run at (0,0) width 48: "New Mail"
            RenderTableCell {TD} at (67,1) size 48x20 [r=0 c=1 rs=1 cs=1]
              RenderButton {INPUT} at (1,1) size 46x18 [color=#000000D8] [bgcolor=#C0C0C0] [border: none (2px outset #C0C0C0) none (2px outset #C0C0C0)]
                RenderBlock (anonymous) at (8,2) size 30x13
                  RenderText at (0,0) size 30x13
                    text run at (0,0) width 30: "Reply"
            RenderTableCell {TD} at (115,1) size 65x20 [r=0 c=2 rs=1 cs=1]
              RenderButton {INPUT} at (1,1) size 62x18 [color=#000000D8] [bgcolor=#C0C0C0] [border: none (2px outset #C0C0C0) none (2px outset #C0C0C0)]
                RenderBlock (anonymous) at (8,2) size 46x13
                  RenderText at (0,0) size 46x13
                    text run at (0,0) width 46: "Reply All"
            RenderTableCell {TD} at (180,1) size 603x20 [r=0 c=3 rs=1 cs=1]
              RenderText {#text} at (1,1) size 4x18
                text run at (1,1) width 4: " "
