layer at (0,0) size 800x600
  RenderView at (0,0) size 800x600
layer at (0,0) size 800x600
  RenderBlock {HTML} at (0,0) size 800x600
    RenderBody {BODY} at (8,8) size 784x584
      RenderBlock (anonymous) at (0,0) size 784x18
        RenderText {#text} at (0,0) size 315x18
          text run at (0,0) width 315: "The following sets of buttons should not overlap."
      RenderTable {TABLE} at (0,18) size 784x22
        RenderTableSection {TBODY} at (0,0) size 784x22
          RenderTableRow {TR} at (0,1) size 784x20
            RenderTableCell {TD} at (1,1) size 6x20 [r=0 c=0 rs=1 cs=1]
              RenderBlock {INPUT} at (3,4) size 4x12
            RenderTableCell {TD} at (8,1) size 6x20 [r=0 c=1 rs=1 cs=1]
              RenderBlock {INPUT} at (3,4) size 4x12
            RenderTableCell {TD} at (15,1) size 6x20 [r=0 c=2 rs=1 cs=1]
              RenderBlock {INPUT} at (3,4) size 4x12
            RenderTableCell {TD} at (22,1) size 761x20 [r=0 c=3 rs=1 cs=1]
              RenderText {#text} at (1,1) size 4x18
                text run at (1,1) width 4: " "
