layer at (0,0) size 800x600
  RenderView at (0,0) size 800x600
layer at (0,0) size 800x600
  RenderBlock {HTML} at (0,0) size 800x600
    RenderBody {BODY} at (8,8) size 784x584
      RenderBlock (anonymous) at (0,0) size 784x18
        RenderText {#text} at (0,0) size 256x18
          text run at (0,0) width 256: "The textareas below should not overlap."
      RenderTable {TABLE} at (0,18) size 784x40
        RenderTableSection {TBODY} at (0,0) size 784x40
          RenderTableRow {TR} at (0,1) size 784x38
            RenderTableCell {TD} at (1,1) size 8x38 [r=0 c=0 rs=1 cs=1]
            RenderTableCell {TD} at (10,1) size 8x38 [r=0 c=1 rs=1 cs=1]
            RenderTableCell {TD} at (19,1) size 8x38 [r=0 c=2 rs=1 cs=1]
            RenderTableCell {TD} at (28,10) size 755x20 [r=0 c=3 rs=1 cs=1]
              RenderText {#text} at (1,1) size 4x18
                text run at (1,1) width 4: " "
      RenderBlock (anonymous) at (0,58) size 784x36
        RenderBR {BR} at (0,0) size 0x18
        RenderBR {BR} at (0,18) size 0x18
      RenderTable {TABLE} at (0,94) size 784x40
        RenderTableSection {TBODY} at (0,0) size 784x40
          RenderTableRow {TR} at (0,1) size 784x38
            RenderTableCell {TD} at (1,1) size 8x38 [r=0 c=0 rs=1 cs=1]
            RenderTableCell {TD} at (10,1) size 8x38 [r=0 c=1 rs=1 cs=1]
            RenderTableCell {TD} at (19,1) size 8x38 [r=0 c=2 rs=1 cs=1]
            RenderTableCell {TD} at (28,10) size 755x20 [r=0 c=3 rs=1 cs=1]
              RenderText {#text} at (1,1) size 4x18
                text run at (1,1) width 4: " "
layer at (10,30) size 6x32 clip at (0,0) size 0x0 scrollWidth 9 scrollHeight 43
  RenderTextControl {TEXTAREA} at (1,3) size 6x32 [bgcolor=#FFFFFF] [border: (1px solid #000000)]
    RenderBlock {DIV} at (3,3) size 0x39
      RenderText {#text} at (0,0) size 7x39
        text run at (0,0) width 7: "o"
        text run at (0,13) width 7: "n"
        text run at (0,26) width 7: "e"
layer at (19,30) size 6x32 clip at (0,0) size 0x0 scrollWidth 11 scrollHeight 43
  RenderTextControl {TEXTAREA} at (1,3) size 6x32 [bgcolor=#FFFFFF] [border: (1px solid #000000)]
    RenderBlock {DIV} at (3,3) size 0x39
      RenderText {#text} at (0,0) size 9x39
        text run at (0,0) width 5: "t"
        text run at (0,13) width 9: "w"
        text run at (0,26) width 7: "o"
layer at (28,30) size 6x32 clip at (0,0) size 0x0 scrollWidth 9 scrollHeight 69
  RenderTextControl {TEXTAREA} at (1,3) size 6x32 [bgcolor=#FFFFFF] [border: (1px solid #000000)]
    RenderBlock {DIV} at (3,3) size 0x65
      RenderText {#text} at (0,0) size 7x65
        text run at (0,0) width 5: "t"
        text run at (0,13) width 7: "h"
        text run at (0,26) width 5: "r"
        text run at (0,39) width 7: "e"
        text run at (0,52) width 7: "e"
layer at (10,106) size 6x32 clip at (0,0) size 0x0 scrollWidth 11 scrollHeight 173
  RenderTextControl {TEXTAREA} at (1,3) size 6x32 [bgcolor=#FFFFFF] [border: (1px solid #000000)]
    RenderBlock {DIV} at (3,3) size 0x169
      RenderText {#text} at (0,0) size 9x169
        text run at (0,0) width 7: "o"
        text run at (0,13) width 7: "n"
        text run at (0,26) width 7: "e"
        text run at (0,39) width 0: " "
        text run at (0,52) width 5: "t"
        text run at (0,65) width 9: "w"
        text run at (0,78) width 7: "o"
        text run at (0,91) width 0: " "
        text run at (0,104) width 5: "t"
        text run at (0,117) width 7: "h"
        text run at (0,130) width 5: "r"
        text run at (0,143) width 7: "e"
        text run at (0,156) width 7: "e"
layer at (19,106) size 6x32 clip at (0,0) size 0x0 scrollWidth 11 scrollHeight 43
  RenderTextControl {TEXTAREA} at (1,3) size 6x32 [bgcolor=#FFFFFF] [border: (1px solid #000000)]
    RenderBlock {DIV} at (3,3) size 0x39
      RenderText {#text} at (0,0) size 9x39
        text run at (0,0) width 5: "t"
        text run at (0,13) width 9: "w"
        text run at (0,26) width 7: "o"
layer at (28,106) size 6x32 clip at (0,0) size 0x0 scrollWidth 9 scrollHeight 69
  RenderTextControl {TEXTAREA} at (1,3) size 6x32 [bgcolor=#FFFFFF] [border: (1px solid #000000)]
    RenderBlock {DIV} at (3,3) size 0x65
      RenderText {#text} at (0,0) size 7x65
        text run at (0,0) width 5: "t"
        text run at (0,13) width 7: "h"
        text run at (0,26) width 5: "r"
        text run at (0,39) width 7: "e"
        text run at (0,52) width 7: "e"
