layer at (0,0) size 800x600
  RenderView at (0,0) size 800x600
layer at (0,0) size 800x50
  RenderBlock {HTML} at (0,0) size 800x50
    RenderBody {BODY} at (8,16) size 784x18
      RenderBlock {P} at (0,0) size 784x18
        RenderText {#text} at (0,0) size 383x18
          text run at (0,0) width 383: "In pixel results, the blue box should be scrolled out of view."
layer at (8,50) size 324x228
  RenderBlock (positioned) zI: 1 {DIV} at (8,50) size 324x228
    RenderIFrame {IFRAME} at (10,10) size 304x204 [border: (2px inset #000000)]
      layer at (0,0) size 285x1018
        RenderView at (0,0) size 285x200
      layer at (0,0) size 285x1018
        RenderBlock {HTML} at (0,0) size 285x1018
          RenderBody {BODY} at (8,10) size 269x1000 [bgcolor=#C0C0C0]
            RenderBlock {DIV} at (10,0) size 110x110 [bgcolor=#0000FF]
    RenderText zI: 1 {#text} at (0,0) size 0x0
