layer at (0,0) size 800x600
  RenderView at (0,0) size 800x600
layer at (0,0) size 800x600
  RenderSVGRoot {svg} at (0,0) size 100x100
    RenderSVGRect {rect} at (0,0) size 100x90 [fill={[type=SOLID] [color=#008000]}] [x=0.00] [y=0.00] [width=100.00] [height=90.00]
    RenderSVGContainer {g} at (0,0) size 100x100
      RenderSVGForeignObject {foreignObject} at (0,0) size 100x100
        RenderBlock {html} at (0,0) size 100x100
layer at (0,0) size 100x100
  RenderBody {body} at (0,0) size 100x100 [color=#FFFFFF]
    RenderText {#text} at (0,0) size 37x18
      text run at (0,0) width 37: "PASS"
