CONSOLE MESSAGE: TypeError: target.attributeStyleMap.set is not a function. (In 'target.attributeStyleMap.set('transform', transform)', 'target.attributeStyleMap.set' is undefined)
layer at (0,0) size 800x600
  RenderView at (0,0) size 800x600
layer at (0,0) size 800x50
  RenderBlock {HTML} at (0,0) size 800x50
    RenderBody {BODY} at (8,16) size 784x18
      RenderBlock {P} at (0,0) size 784x18
        RenderText {#text} at (0,0) size 316x17
          text run at (0,0) width 316: "Test passes if there is a filled green rectangle with "
        RenderInline {STRONG} at (0,0) size 44x17
          RenderText {#text} at (316,0) size 44x17
            text run at (316,0) width 44: "no red"
        RenderText {#text} at (360,0) size 4x17
          text run at (360,0) width 4: "."
layer at (100,100) size 200x100
  RenderBlock (positioned) {DIV} at (100,100) size 200x100 [bgcolor=#FF0000]
layer at (100,100) size 200x100
  RenderBlock (positioned) zI: 1 {DIV} at (100,100) size 200x100 [bgcolor=#008000]
