layer at (0,0) size 785x767
  RenderView at (0,0) size 785x600
layer at (0,0) size 785x767
  RenderBlock {HTML} at (0,0) size 785x768
    RenderBody {BODY} at (8,8) size 769x752 [color=#008000] [bgcolor=#CCCCCC]
      RenderBlock {P} at (0,0) size 769x20
        RenderText {#text} at (0,0) size 337x19
          text run at (0,0) width 337: "The style declarations which apply to the text below are:"
      RenderBlock {PRE} at (0,36) size 769x112
        RenderText {#text} at (0,0) size 272x112
          text run at (0,0) width 160: "BODY {color: green;}"
          text run at (160,0) width 0: " "
          text run at (0,16) width 136: "H3 {color: blue;}"
          text run at (136,16) width 0: " "
          text run at (0,32) width 152: "EM {color: purple;}"
          text run at (152,32) width 0: " "
          text run at (0,48) width 208: ".one {font-style: italic;}"
          text run at (208,48) width 0: " "
          text run at (0,64) width 272: ".two {text-decoration: underline;}"
          text run at (272,64) width 0: " "
          text run at (0,80) width 152: "#two {color: navy;}"
          text run at (152,80) width 0: " "
          text run at (0,96) width 184: ".three {color: purple;}"
          text run at (184,96) width 0: " "
      RenderBlock {H3} at (0,181) size 769x25 [color=#0000FF]
        RenderText {#text} at (0,0) size 221x22
          text run at (0,0) width 221: "This sentence should show "
        RenderInline {STRONG} at (0,0) size 34x22
          RenderText {#text} at (221,0) size 34x22
            text run at (221,0) width 34: "blue"
        RenderText {#text} at (255,0) size 40x22
          text run at (255,0) width 40: " and "
        RenderInline {EM} at (0,0) size 52x22 [color=#800080]
          RenderText {#text} at (295,1) size 52x22
            text run at (295,1) width 52: "purple"
        RenderText {#text} at (347,0) size 5x22
          text run at (347,0) width 5: "."
      RenderBlock {H3} at (0,224) size 769x25 [color=#0000FF]
        RenderText {#text} at (0,0) size 198x22
          text run at (0,0) width 198: "This sentence should be "
        RenderInline {SPAN} at (0,0) size 35x22
          RenderText {#text} at (198,1) size 35x22
            text run at (198,1) width 35: "blue"
        RenderText {#text} at (233,0) size 100x22
          text run at (233,0) width 100: " throughout."
      RenderBlock {P} at (0,267) size 769x21
        RenderText {#text} at (0,0) size 215x19
          text run at (0,0) width 215: "This should be green except for the "
        RenderInline {EM} at (0,0) size 117x19 [color=#800080]
          RenderText {#text} at (215,0) size 117x19
            text run at (215,0) width 117: "emphasized words"
        RenderText {#text} at (332,0) size 151x19
          text run at (332,0) width 151: ", which should be purple."
      RenderBlock {H3} at (0,305) size 769x24 [color=#0000FF]
        RenderText {#text} at (0,0) size 288x22
          text run at (0,0) width 288: "This should be blue and underlined."
      RenderBlock {P} at (0,347) size 769x21
        RenderText {#text} at (0,0) size 273x19
          text run at (0,0) width 273: "This sentence should be underlined, including "
        RenderInline {TT} at (0,0) size 72x16
          RenderText {#text} at (273,3) size 72x16
            text run at (273,3) width 72: "this part"
        RenderText {#text} at (345,0) size 8x19
          text run at (345,0) width 8: ", "
        RenderInline {I} at (0,0) size 54x19
          RenderText {#text} at (353,0) size 54x19
            text run at (353,0) width 54: "this part"
        RenderText {#text} at (407,0) size 8x19
          text run at (407,0) width 8: ", "
        RenderInline {EM} at (0,0) size 54x19 [color=#800080]
          RenderText {#text} at (415,0) size 54x19
            text run at (415,0) width 54: "this part"
        RenderText {#text} at (469,0) size 34x19
          text run at (469,0) width 34: ", and "
        RenderInline {STRONG} at (0,0) size 55x19
          RenderText {#text} at (503,0) size 55x19
            text run at (503,0) width 55: "this part"
        RenderText {#text} at (558,0) size 4x19
          text run at (558,0) width 4: "."
      RenderBlock {P} at (0,383) size 769x21 [color=#000080]
        RenderText {#text} at (0,0) size 414x19
          text run at (0,0) width 414: "This sentence should also be underlined, as well as dark blue (navy), "
        RenderInline {TT} at (0,0) size 152x16
          RenderText {#text} at (414,3) size 152x16
            text run at (414,3) width 152: "including this part"
        RenderText {#text} at (566,0) size 4x19
          text run at (566,0) width 4: "."
      RenderBlock {P} at (0,419) size 769x21 [color=#800080]
        RenderText {#text} at (0,0) size 249x19
          text run at (0,0) width 249: "This sentence should be purple, including "
        RenderInline {STRONG} at (0,0) size 55x19
          RenderText {#text} at (249,0) size 55x19
            text run at (249,0) width 55: "this part"
        RenderText {#text} at (304,0) size 30x19
          text run at (304,0) width 30: " and "
        RenderInline {SPAN} at (0,0) size 164x19
          RenderText {#text} at (334,0) size 164x19
            text run at (334,0) width 164: "this part (which is spanned)"
        RenderText {#text} at (498,0) size 4x19
          text run at (498,0) width 4: "."
      RenderTable {TABLE} at (0,455) size 592x297 [border: (1px outset #808080)]
        RenderTableSection {TBODY} at (1,1) size 590x294
          RenderTableRow {TR} at (0,0) size 590x28
            RenderTableCell {TD} at (0,0) size 590x28 [bgcolor=#C0C0C0] [border: (1px inset #808080)] [r=0 c=0 rs=1 cs=2]
              RenderInline {STRONG} at (0,0) size 159x19
                RenderText {#text} at (4,4) size 159x19
                  text run at (4,4) width 159: "TABLE Testing Section"
          RenderTableRow {TR} at (0,28) size 590x266
            RenderTableCell {TD} at (0,146) size 12x29 [bgcolor=#C0C0C0] [border: (1px inset #808080)] [r=1 c=0 rs=1 cs=1]
              RenderText {#text} at (4,3) size 4x21
                text run at (4,4) width 4: " "
            RenderTableCell {TD} at (12,28) size 578x266 [border: (1px inset #808080)] [r=1 c=1 rs=1 cs=1]
              RenderBlock {H3} at (4,4) size 570x24 [color=#0000FF]
                RenderText {#text} at (0,0) size 221x22
                  text run at (0,0) width 221: "This sentence should show "
                RenderInline {STRONG} at (0,0) size 34x22
                  RenderText {#text} at (221,0) size 34x22
                    text run at (221,0) width 34: "blue"
                RenderText {#text} at (255,0) size 40x22
                  text run at (255,0) width 40: " and "
                RenderInline {EM} at (0,0) size 52x22 [color=#800080]
                  RenderText {#text} at (295,1) size 52x22
                    text run at (295,1) width 52: "purple"
                RenderText {#text} at (347,0) size 5x22
                  text run at (347,0) width 5: "."
              RenderBlock {H3} at (4,46) size 570x25 [color=#0000FF]
                RenderText {#text} at (0,0) size 198x22
                  text run at (0,0) width 198: "This sentence should be "
                RenderInline {SPAN} at (0,0) size 35x22
                  RenderText {#text} at (198,1) size 35x22
                    text run at (198,1) width 35: "blue"
                RenderText {#text} at (233,0) size 100x22
                  text run at (233,0) width 100: " throughout."
              RenderBlock {P} at (4,89) size 570x21
                RenderText {#text} at (0,0) size 215x19
                  text run at (0,0) width 215: "This should be green except for the "
                RenderInline {EM} at (0,0) size 117x19 [color=#800080]
                  RenderText {#text} at (215,0) size 117x19
                    text run at (215,0) width 117: "emphasized words"
                RenderText {#text} at (332,0) size 151x19
                  text run at (332,0) width 151: ", which should be purple."
              RenderBlock {H3} at (4,128) size 570x24 [color=#0000FF]
                RenderText {#text} at (0,0) size 288x22
                  text run at (0,0) width 288: "This should be blue and underlined."
              RenderBlock {P} at (4,169) size 570x21
                RenderText {#text} at (0,0) size 273x19
                  text run at (0,0) width 273: "This sentence should be underlined, including "
                RenderInline {TT} at (0,0) size 72x16
                  RenderText {#text} at (273,3) size 72x16
                    text run at (273,3) width 72: "this part"
                RenderText {#text} at (345,0) size 8x19
                  text run at (345,0) width 8: ", "
                RenderInline {I} at (0,0) size 54x19
                  RenderText {#text} at (353,0) size 54x19
                    text run at (353,0) width 54: "this part"
                RenderText {#text} at (407,0) size 8x19
                  text run at (407,0) width 8: ", "
                RenderInline {EM} at (0,0) size 54x19 [color=#800080]
                  RenderText {#text} at (415,0) size 54x19
                    text run at (415,0) width 54: "this part"
                RenderText {#text} at (469,0) size 34x19
                  text run at (469,0) width 34: ", and "
                RenderInline {STRONG} at (0,0) size 55x19
                  RenderText {#text} at (503,0) size 55x19
                    text run at (503,0) width 55: "this part"
                RenderText {#text} at (558,0) size 4x19
                  text run at (558,0) width 4: "."
              RenderBlock {P} at (4,205) size 570x21 [color=#000080]
                RenderText {#text} at (0,0) size 414x19
                  text run at (0,0) width 414: "This sentence should also be underlined, as well as dark blue (navy), "
                RenderInline {TT} at (0,0) size 152x16
                  RenderText {#text} at (414,3) size 152x16
                    text run at (414,3) width 152: "including this part"
                RenderText {#text} at (566,0) size 4x19
                  text run at (566,0) width 4: "."
              RenderBlock {P} at (4,241) size 570x21 [color=#800080]
                RenderText {#text} at (0,0) size 249x19
                  text run at (0,0) width 249: "This sentence should be purple, including "
                RenderInline {STRONG} at (0,0) size 55x19
                  RenderText {#text} at (249,0) size 55x19
                    text run at (249,0) width 55: "this part"
                RenderText {#text} at (304,0) size 30x19
                  text run at (304,0) width 30: " and "
                RenderInline {SPAN} at (0,0) size 164x19
                  RenderText {#text} at (334,0) size 164x19
                    text run at (334,0) width 164: "this part (which is spanned)"
                RenderText {#text} at (498,0) size 4x19
                  text run at (498,0) width 4: "."
layer at (8,169) size 769x2 clip at (0,0) size 0x0
  RenderBlock {HR} at (0,161) size 769x2 [border: (1px inset #008000)]
