layer at (0,0) size 800x600
  RenderView at (0,0) size 800x600
layer at (0,0) size 800x600
  RenderBlock {HTML} at (0,0) size 800x600
    RenderBody {BODY} at (8,8) size 784x584
      RenderText {#text} at (0,0) size 90x574
        text run at (0,0) width 571: "In this test, you should see three blocks that are aligned to the bottom within a black box."
        text run at (18,0) width 543: "They should be stacked horizontally with the green box in between two olive boxes. "
        text run at (18,542) width 25: "The"
        text run at (36,0) width 326: "olive boxes and the green box should be 100x100. "
        text run at (36,325) width 222: "The black box's left side should be"
        text run at (54,0) width 574: "aligned with the last line in this paragraph and its top side should begin right after the end"
        text run at (72,0) width 104: "of this sentence."
      RenderText {#text} at (0,0) size 0x0
layer at (80,112) size 340x240
  RenderBlock (positioned) {SPAN} at (80,111) size 340x241 [border: (20px solid #000000)]
layer at (200,232) size 100x100
  RenderBlock (positioned) {DIV} at (120,120) size 100x100 [bgcolor=#008000]
layer at (100,232) size 100x100
  RenderBlock (positioned) {DIV} at (20,120) size 100x100 [bgcolor=#808000]
layer at (300,232) size 100x100
  RenderBlock (positioned) {DIV} at (220,120) size 100x100 [bgcolor=#808000]
