layer at (0,0) size 800x600
  RenderView at (0,0) size 800x600
layer at (0,0) size 800x90
  RenderBlock {HTML} at (0,0) size 800x90
    RenderBody {BODY} at (8,16) size 784x66
      RenderBlock {P} at (0,0) size 784x18
        RenderText {#text} at (0,0) size 193x18
          text run at (0,0) width 193: "There should be no red below."
      RenderBlock {DIV} at (0,34) size 784x32 [bgcolor=#FF0000] [border: (16px solid #FF0000) none (16px solid #00FF00) none]
        RenderBlock {DIV} at (0,0) size 784x16 [border: (16px solid #00FF00) none]
