layer at (0,0) size 800x600
  RenderView at (0,0) size 800x600
layer at (0,0) size 800x216
  RenderBlock {HTML} at (0,0) size 800x216
    RenderBody {BODY} at (8,16) size 784x192
      RenderBlock {P} at (0,0) size 784x20
        RenderText {#text} at (0,0) size 422x19
          text run at (0,0) width 422: "The following three rectangles should be identical, with no red present."
      RenderTable {TABLE} at (0,36) size 316x156
        RenderTableSection {TBODY} at (0,0) size 316x156
          RenderTableRow {TR} at (0,16) size 316x54
            RenderTableCell {TD} at (16,16) size 134x54 [bgcolor=#FF0000] [border: (3px solid #000000)] [r=0 c=0 rs=1 cs=1]
              RenderBlock {DIV} at (3,3) size 128x48 [bgcolor=#FFFF00]
                RenderBlock {DIV} at (0,0) size 128x16 [border: (16px solid #00FF00) none]
                RenderBlock {DIV} at (0,32) size 128x16 [border: (16px solid #008000) none]
            RenderTableCell {TD} at (166,16) size 134x54 [bgcolor=#FF0000] [border: (3px solid #000000)] [r=0 c=1 rs=1 cs=1]
              RenderBlock {DIV} at (3,3) size 128x16 [bgcolor=#00FF00]
              RenderBlock {DIV} at (3,19) size 128x16 [bgcolor=#FFFF00]
              RenderBlock {DIV} at (3,35) size 128x16 [bgcolor=#008000]
          RenderTableRow {TR} at (0,86) size 316x54
            RenderTableCell {TD} at (16,86) size 134x54 [bgcolor=#FF0000] [border: (3px solid #000000)] [r=1 c=0 rs=1 cs=1]
              RenderBlock {DIV} at (3,3) size 128x16 [bgcolor=#00FF00]
              RenderBlock {DIV} at (3,19) size 128x16 [bgcolor=#FFFF00]
              RenderBlock {DIV} at (3,35) size 128x16 [bgcolor=#008000]
            RenderTableCell {TD} at (166,113) size 134x0 [r=1 c=1 rs=1 cs=1]
