layer at (0,0) size 800x600
  RenderView at (0,0) size 800x600
layer at (0,0) size 800x120
  RenderBlock {HTML} at (0,0) size 800x120
    RenderBody {BODY} at (8,16) size 784x96
      RenderBlock {P} at (0,0) size 784x20
        RenderText {#text} at (0,0) size 262x19
          text run at (0,0) width 262: "The two boxes below should look identical."
      RenderTable {TABLE} at (0,36) size 214x60
        RenderTableSection {TBODY} at (0,0) size 214x60
          RenderTableRow {TR} at (0,2) size 214x56
            RenderTableCell {TD} at (2,2) size 104x56 [r=0 c=0 rs=1 cs=1]
              RenderBlock {DIV} at (1,1) size 102x54 [bgcolor=#00FFFF] [border: (3px solid #000000)]
                RenderBlock {DIV} at (3,3) size 96x16 [bgcolor=#FF00FF]
                RenderBlock {DIV} at (3,35) size 96x16 [bgcolor=#FF0000]
                  RenderBlock (floating) {DIV} at (0,0) size 48x16 [bgcolor=#FFA500]
                  RenderBlock {DIV} at (0,0) size 96x16 [bgcolor=#FFFF00]
            RenderTableCell {TD} at (108,2) size 104x56 [r=0 c=1 rs=1 cs=1]
              RenderBlock {DIV} at (1,1) size 102x54 [border: (3px solid #000000)]
                RenderBlock {DIV} at (3,3) size 96x16 [border: (16px solid #FF00FF) none]
                RenderBlock {DIV} at (3,19) size 96x16 [border: (16px solid #00FFFF) none]
                RenderBlock {DIV} at (3,35) size 96x16 [border: none (48px solid #FFFF00) none (48px solid #FFA500)]
