layer at (0,0) size 800x600
  RenderView at (0,0) size 800x600
layer at (0,0) size 800x600
  RenderBlock {HTML} at (0,0) size 800x600
    RenderBody {BODY} at (8,8) size 784x584 [color=#FFFFFF]
      RenderBlock {DIV} at (0,0) size 784x37 [bgcolor=#008000] [border: none (1px solid #000000) none]
        RenderBlock {P} at (0,0) size 784x20
          RenderText {#text} at (0,0) size 378x19
            text run at (0,0) width 378: "This div should be 2em tall with a 1em gap underneath the text."
      RenderBlock {DIV} at (0,37) size 784x20 [bgcolor=#008000]
        RenderText {#text} at (0,0) size 379x19
          text run at (0,0) width 379: "I should also be green and flush with the other green div above."
