layer at (0,0) size 800x600
  RenderView at (0,0) size 800x600
layer at (0,0) size 800x336
  RenderBlock {HTML} at (0,0) size 800x336
    RenderBody {BODY} at (8,16) size 784x312
      RenderBlock {P} at (0,0) size 784x18
        RenderText {#text} at (0,0) size 409x18
          text run at (0,0) width 409: "There six boxes below should look the same with no red present."
      RenderTable {TABLE} at (0,34) size 416x278
        RenderTableSection {TBODY} at (0,0) size 416x278
          RenderTableRow {TR} at (0,2) size 416x136
            RenderTableCell {TD} at (2,2) size 136x136 [r=0 c=0 rs=1 cs=1]
              RenderBlock {DIV} at (1,1) size 134x134 [bgcolor=#FF0000] [border: (3px solid #000000)]
                RenderBlock {DIV} at (3,3) size 128x128 [bgcolor=#00FF00]
                  RenderBlock (floating) {DIV} at (0,0) size 64x64 [bgcolor=#00FFFF]
                  RenderBlock {DIV} at (0,64) size 128x64 [bgcolor=#FF0000] [border: none (64px solid #FFFF00) none]
            RenderTableCell {TD} at (140,2) size 136x136 [r=0 c=1 rs=1 cs=1]
              RenderBlock {DIV} at (1,1) size 134x134 [bgcolor=#FF0000] [border: (3px solid #000000)]
                RenderBlock {DIV} at (3,3) size 128x128 [bgcolor=#00FF00]
                  RenderBlock (floating) {DIV} at (0,0) size 64x64 [bgcolor=#00FFFF]
                  RenderBlock {DIV} at (0,64) size 128x64 [bgcolor=#FF0000] [border: none (64px solid #FFFF00) none]
            RenderTableCell {TD} at (278,2) size 136x136 [r=0 c=2 rs=1 cs=1]
              RenderBlock {DIV} at (1,1) size 134x134 [bgcolor=#FF0000] [border: (3px solid #000000)]
                RenderBlock {DIV} at (3,3) size 128x128 [bgcolor=#00FF00]
                  RenderBlock (floating) {DIV} at (0,0) size 64x64 [bgcolor=#00FFFF]
                  RenderBlock {DIV} at (0,64) size 128x64 [bgcolor=#FF0000] [border: none (64px solid #FFFF00) none]
          RenderTableRow {TR} at (0,140) size 416x136
            RenderTableCell {TD} at (2,140) size 136x136 [r=1 c=0 rs=1 cs=1]
              RenderBlock {DIV} at (1,1) size 134x134 [bgcolor=#FF0000] [border: (3px solid #000000)]
                RenderBlock {DIV} at (3,3) size 128x128 [bgcolor=#00FF00]
                  RenderBlock (floating) {DIV} at (0,0) size 64x64 [bgcolor=#00FFFF]
                  RenderBlock {DIV} at (0,64) size 128x64 [bgcolor=#FF0000] [border: none (64px solid #FFFF00) none]
                    RenderBlock {DIV} at (16,0) size 96x0
            RenderTableCell {TD} at (140,140) size 136x136 [r=1 c=1 rs=1 cs=1]
              RenderBlock {DIV} at (1,1) size 134x134 [bgcolor=#FF0000] [border: (3px solid #000000)]
                RenderBlock {DIV} at (3,3) size 128x128 [bgcolor=#00FF00]
                  RenderBlock (floating) {DIV} at (0,0) size 64x64 [bgcolor=#00FFFF]
                  RenderBlock {DIV} at (0,64) size 128x64 [bgcolor=#FF0000] [border: none (64px solid #FFFF00) none]
                    RenderBlock {DIV} at (16,0) size 96x0
            RenderTableCell {TD} at (278,140) size 136x136 [r=1 c=2 rs=1 cs=1]
              RenderBlock {DIV} at (1,1) size 134x134 [bgcolor=#FF0000] [border: (3px solid #000000)]
                RenderBlock {DIV} at (3,3) size 128x128 [bgcolor=#00FF00]
                  RenderBlock (floating) {DIV} at (0,0) size 64x64 [bgcolor=#00FFFF]
                  RenderBlock {DIV} at (0,64) size 128x64 [bgcolor=#FF0000] [border: none (64px solid #FFFF00) none]
                    RenderBlock {DIV} at (16,0) size 96x0
