layer at (0,0) size 800x600
  RenderView at (0,0) size 800x600
layer at (0,0) size 800x600
  RenderBlock {HTML} at (0,0) size 800x600
    RenderBody {BODY} at (8,8) size 784x584
      RenderBlock {DIV} at (0,0) size 385x509
        RenderImage {IMG} at (0,0) size 395x275
        RenderBlock {H2} at (0,315) size 385x27
          RenderText {#text} at (0,0) size 315x26
            text run at (0,0) width 315: "This text should be on line one."
        RenderBlock (anonymous) at (0,361) size 385x41
          RenderText {#text} at (0,0) size 382x39
            text run at (0,0) width 250: "This text should be on the following lines. "
            text run at (250,0) width 132: "These lines should not"
            text run at (0,20) width 49: "overlap."
        RenderBlock {H2} at (0,441) size 385x28
          RenderText {#text} at (0,0) size 211x26
            text run at (0,0) width 211: "Here's what's weird."
        RenderBlock (anonymous) at (0,488) size 385x21
          RenderText {#text} at (0,0) size 131x19
            text run at (0,0) width 131: "The problem persists!"
