layer at (0,0) size 800x600
  RenderView at (0,0) size 800x600
layer at (0,0) size 800x600
  RenderBlock {HTML} at (0,0) size 800x600
    RenderBody {BODY} at (8,8) size 784x584
      RenderBlock {DIV} at (0,0) size 385x347
        RenderBlock {P} at (0,0) size 385x40 [border: (2px solid #0000FF)]
          RenderText {#text} at (2,2) size 365x36
            text run at (2,2) width 365: "There should be only 2em between this paragraph and the"
            text run at (2,20) width 85: "image below."
        RenderImage {IMG} at (0,72) size 395x275
