layer at (0,0) size 800x600
  RenderView at (0,0) size 800x600
layer at (0,0) size 800x556
  RenderBlock {HTML} at (0,0) size 800x556
    RenderBody {BODY} at (8,16) size 784x520
      RenderBlock {P} at (0,0) size 784x36
        RenderText {#text} at (0,0) size 769x36
          text run at (0,0) width 769: "Test ensures that nested transformed elements produce the same result as a single compound transform.You should not see"
          text run at (0,18) width 188: "any red in the two tests below"
layer at (78,72) size 402x222
  RenderBlock (relative positioned) {DIV} at (20,56) size 402x222 [border: (1px solid #000000)]
    RenderBlock {P} at (1,17) size 400x18
      RenderText {#text} at (0,0) size 86x18
        text run at (0,0) width 86: "Translate first"
layer at (79,123) size 80x80
  RenderBlock (positioned) {DIV} at (1,51) size 80x80
layer at (79,123) size 80x80
  RenderBlock (positioned) {DIV} at (0,0) size 80x80
layer at (79,123) size 80x80
  RenderBlock (positioned) {DIV} at (0,0) size 80x80
layer at (79,123) size 80x80
  RenderBlock (positioned) {DIV} at (0,0) size 80x80 [bgcolor=#FF0000]
    RenderText {#text} at (0,0) size 64x18
      text run at (0,0) width 64: "Individual"
layer at (79,123) size 80x80
  RenderBlock (positioned) {DIV} at (1,51) size 80x80 [bgcolor=#008000]
layer at (78,314) size 402x222
  RenderBlock (relative positioned) {DIV} at (20,298) size 402x222 [border: (1px solid #000000)]
    RenderBlock {P} at (1,17) size 400x18
      RenderText {#text} at (0,0) size 106x18
        text run at (0,0) width 106: "Translate second"
layer at (79,365) size 80x80
  RenderBlock (positioned) {DIV} at (1,51) size 80x80
layer at (79,365) size 80x80
  RenderBlock (positioned) {DIV} at (0,0) size 80x80
layer at (79,365) size 80x80
  RenderBlock (positioned) {DIV} at (0,0) size 80x80
layer at (79,365) size 80x80
  RenderBlock (positioned) {DIV} at (0,0) size 80x80 [bgcolor=#FF0000]
    RenderText {#text} at (0,0) size 64x18
      text run at (0,0) width 64: "Individual"
layer at (79,365) size 80x80
  RenderBlock (positioned) {DIV} at (1,51) size 80x80 [bgcolor=#008000]
