layer at (0,0) size 800x600
  RenderView at (0,0) size 800x600
layer at (0,0) size 800x46
  RenderBlock {html} at (0,0) size 800x46
    RenderBody {body} at (8,8) size 784x30
      RenderTable {table} at (0,0) size 580x30 [border: (3px solid #FF0000)]
        RenderTableSection (anonymous) at (3,3) size 574x24
          RenderTableRow {tr} at (0,2) size 574x20
            RenderTableCell {td} at (2,2) size 570x20 [r=0 c=0 rs=1 cs=1]
              RenderText {#text} at (1,1) size 568x17
                text run at (1,1) width 369: "This tests the 'style' attribute of TABLE. This table should "
                text run at (369,1) width 200: "have a solid medium red border"
