layer at (0,0) size 800x600
  RenderView at (0,0) size 800x600
layer at (0,0) size 800x206
  RenderBlock {html} at (0,0) size 800x206
    RenderBody {body} at (8,16) size 784x182
      RenderBlock {p} at (0,0) size 784x18
        RenderText {#text} at (0,0) size 397x17
          text run at (0,0) width 397: "The numbers in the TBODY should align at the decimal points"
      RenderTable {table} at (0,34) size 376x148 [border: (1px outset #808080)]
        RenderTableSection {thead} at (1,1) size 374x50
          RenderTableRow {tr} at (0,2) size 374x22
            RenderTableCell {td} at (2,2) size 117x22 [border: (1px inset #808080)] [r=0 c=0 rs=1 cs=1]
              RenderText {#text} at (2,2) size 56x17
                text run at (2,2) width 56: "THEAD"
            RenderTableCell {td} at (120,2) size 125x22 [border: (1px inset #808080)] [r=0 c=1 rs=1 cs=1]
              RenderText {#text} at (2,2) size 56x17
                text run at (2,2) width 56: "THEAD"
            RenderTableCell {td} at (246,2) size 126x22 [border: (1px inset #808080)] [r=0 c=2 rs=1 cs=1]
              RenderText {#text} at (2,2) size 56x17
                text run at (2,2) width 56: "THEAD"
          RenderTableRow {tr} at (0,26) size 374x22
            RenderTableCell {td} at (2,26) size 117x22 [border: (1px inset #808080)] [r=1 c=0 rs=1 cs=1]
              RenderText {#text} at (2,2) size 56x17
                text run at (2,2) width 56: "THEAD"
            RenderTableCell {td} at (120,26) size 125x22 [border: (1px inset #808080)] [r=1 c=1 rs=1 cs=1]
              RenderText {#text} at (2,2) size 56x17
                text run at (2,2) width 56: "THEAD"
            RenderTableCell {td} at (246,26) size 126x22 [border: (1px inset #808080)] [r=1 c=2 rs=1 cs=1]
              RenderText {#text} at (2,2) size 56x17
                text run at (2,2) width 56: "THEAD"
        RenderTableSection {tfoot} at (1,99) size 374x48
          RenderTableRow {tr} at (0,0) size 374x22
            RenderTableCell {td} at (2,0) size 117x22 [border: (1px inset #808080)] [r=0 c=0 rs=1 cs=1]
              RenderText {#text} at (2,2) size 53x17
                text run at (2,2) width 53: "TFOOT"
            RenderTableCell {td} at (120,0) size 125x22 [border: (1px inset #808080)] [r=0 c=1 rs=1 cs=1]
              RenderText {#text} at (2,2) size 53x17
                text run at (2,2) width 53: "TFOOT"
            RenderTableCell {td} at (246,0) size 126x22 [border: (1px inset #808080)] [r=0 c=2 rs=1 cs=1]
              RenderText {#text} at (2,2) size 53x17
                text run at (2,2) width 53: "TFOOT"
          RenderTableRow {tr} at (0,24) size 374x22
            RenderTableCell {td} at (2,24) size 117x22 [border: (1px inset #808080)] [r=1 c=0 rs=1 cs=1]
              RenderText {#text} at (2,2) size 53x17
                text run at (2,2) width 53: "TFOOT"
            RenderTableCell {td} at (120,24) size 125x22 [border: (1px inset #808080)] [r=1 c=1 rs=1 cs=1]
              RenderText {#text} at (2,2) size 53x17
                text run at (2,2) width 53: "TFOOT"
            RenderTableCell {td} at (246,24) size 126x22 [border: (1px inset #808080)] [r=1 c=2 rs=1 cs=1]
              RenderText {#text} at (2,2) size 53x17
                text run at (2,2) width 53: "TFOOT"
        RenderTableSection {tbody} at (1,51) size 374x48
          RenderTableRow {tr} at (0,0) size 374x22
            RenderTableCell {td} at (2,0) size 117x22 [border: (1px inset #808080)] [r=0 c=0 rs=1 cs=1]
              RenderText {#text} at (2,2) size 97x17
                text run at (2,2) width 97: "TBODY 55.00"
            RenderTableCell {td} at (120,0) size 125x22 [border: (1px inset #808080)] [r=0 c=1 rs=1 cs=1]
              RenderText {#text} at (2,2) size 121x17
                text run at (2,2) width 121: "TBODY 55555.00"
            RenderTableCell {td} at (246,0) size 126x22 [border: (1px inset #808080)] [r=0 c=2 rs=1 cs=1]
              RenderText {#text} at (2,2) size 105x17
                text run at (2,2) width 105: "TBODY 555.00"
          RenderTableRow {tr} at (0,24) size 374x22
            RenderTableCell {td} at (2,24) size 117x22 [border: (1px inset #808080)] [r=1 c=0 rs=1 cs=1]
              RenderText {#text} at (2,2) size 113x17
                text run at (2,2) width 113: "TBODY 1234.56"
            RenderTableCell {td} at (120,24) size 125x22 [border: (1px inset #808080)] [r=1 c=1 rs=1 cs=1]
              RenderText {#text} at (2,2) size 105x17
                text run at (2,2) width 105: "TBODY 123.45"
            RenderTableCell {td} at (246,24) size 126x22 [border: (1px inset #808080)] [r=1 c=2 rs=1 cs=1]
              RenderText {#text} at (2,2) size 121x17
                text run at (2,2) width 121: "TBODY 12345.67"
