layer at (0,0) size 800x600
  RenderView at (0,0) size 800x600
layer at (0,0) size 800x280
  RenderBlock {HTML} at (0,0) size 800x280
    RenderBody {BODY} at (8,16) size 784x256
      RenderBlock {P} at (0,0) size 784x72
        RenderText {#text} at (0,0) size 782x72
          text run at (0,0) width 782: "This is a test to check if the loading of a stylesheet is properly cancelled (count of pending style sheets is decremented) when"
          text run at (0,18) width 552: "its link tag is changed through the DOM after the link tag is appended to the document. "
          text run at (552,18) width 227: "When the div with style is moved, it"
          text run at (0,36) width 777: "appears on the screen if the style was loaded properly, and doesn't appear when there are out-standing stylesheets according"
          text run at (0,54) width 119: "to the DocLoader. "
          text run at (119,54) width 27: "See "
        RenderInline {A} at (0,0) size 32x18 [color=#0000EE]
          RenderText {#text} at (146,54) size 32x18
            text run at (146,54) width 32: "6999"
      RenderBlock {P} at (0,88) size 784x18
        RenderInline {SPAN} at (0,0) size 32x18 [color=#FF0000]
          RenderText {#text} at (0,0) size 32x18
            text run at (0,0) width 32: "Fails"
        RenderText {#text} at (32,0) size 52x18
          text run at (32,0) width 52: " if there "
        RenderInline {SPAN} at (0,0) size 31x18 [color=#FF0000]
          RenderText {#text} at (84,0) size 31x18
            text run at (84,0) width 31: "is no"
        RenderText {#text} at (115,0) size 151x18
          text run at (115,0) width 151: " pink box on the screen."
      RenderBlock {P} at (0,122) size 784x18
        RenderInline {SPAN} at (0,0) size 43x18 [color=#008000]
          RenderText {#text} at (0,0) size 43x18
            text run at (0,0) width 43: "Passes"
        RenderText {#text} at (43,0) size 52x18
          text run at (43,0) width 52: " if there "
        RenderInline {SPAN} at (0,0) size 10x18 [color=#008000]
          RenderText {#text} at (95,0) size 10x18
            text run at (95,0) width 10: "is"
        RenderText {#text} at (105,0) size 162x18
          text run at (105,0) width 162: " a pink box on the screen."
      RenderBlock {DIV} at (0,156) size 100x100 [bgcolor=#FFCCFF]
