layer at (0,0) size 800x600
  RenderView at (0,0) size 800x600
layer at (0,0) size 800x600
  RenderBlock {HTML} at (0,0) size 800x600
    RenderBody {BODY} at (8,8) size 784x584
      RenderText {#text} at (0,0) size 0x0
layer at (8,8) size 118x375
  RenderInline {SPAN} at (0,0) size 118x375 [bgcolor=#808080]
    RenderText {#text} at (23,75) size 26x300
      text run at (23,75) width 300: "This content should be masked"
    RenderBR {BR} at (0,374) size 26x1
    RenderText {#text} at (95,0) size 26x161
      text run at (95,0) width 161: "with a soft glow."
