layer at (0,0) size 785x648
  RenderView at (0,0) size 785x600
layer at (0,0) size 785x648
  RenderBlock {HTML} at (0,0) size 785x648
    RenderBody {BODY} at (8,16) size 769x624
      RenderBlock {P} at (0,0) size 769x38
        RenderText {#text} at (0,1) size 768x36
          text run at (0,1) width 768: "Test that when we have images sprinkled within a span, borders, paddings and margins are still"
          text run at (0,20) width 168: "calculated correctly ."
      RenderBlock {DIV} at (0,54) size 212x285 [border: (1px solid #000000)]
        RenderBlock {P} at (6,22) size 200x161
          RenderText {#text} at (0,7) size 189x49
            text run at (0,7) width 189: "aaa bbb ccc ddd eee fff"
            text run at (0,39) width 106 RTL: "\x{5DC}\x{5DE}\x{5D4} \x{5E2}\x{5E9}\x{5D9}\x{5EA}\x{5D9} \x{5D6}\x{5D0}\x{5EA}"
            text run at (105,39) width 6: " "
            text run at (110,39) width 22: "gg"
          RenderInline {SPAN} at (0,0) size 156x51 [border: (1px solid #0000FF) (10px solid #FFA500) (1px solid #0000FF) (10px solid #008000)]
            RenderText {#text} at (0,72) size 50x17
              text run at (0,72) width 50: "dgnjk "
            RenderImage {IMG} at (49,64) size 23x22 [border: (1px solid #0000FF)]
            RenderText {#text} at (71,72) size 50x17
              text run at (71,72) width 50: "njkng "
          RenderText {#text} at (165,72) size 192x81
            text run at (165,72) width 27 RTL: "\x{5D6}\x{5D0}\x{5EA}"
            text run at (0,104) width 113 RTL: "\x{2013} \x{5D0}\x{5D9}\x{5E0}\x{5D9} \x{5D9}\x{5D5}\x{5D3}\x{5E2} \x{5D1}\x{5E2}\x{5E6}\x{5DE}"
            text run at (112,104) width 61: " qqq rrr"
            text run at (0,136) width 118: "sss ttt uuu vvv"
        RenderBlock {P} at (6,199) size 200x64
          RenderInline {SPAN} at (0,0) size 152x51 [border: (1px solid #0000FF) (10px solid #FFA500) (1px solid #0000FF) (10px solid #008000)]
            RenderText {#text} at (45,7) size 107x17
              text run at (45,7) width 107: "Some fill text"
            RenderImage {IMG} at (0,33) size 20x20
      RenderBlock {DIV} at (0,339) size 212x285 [border: (1px solid #000000)]
        RenderBlock {P} at (6,22) size 200x161
          RenderText {#text} at (11,7) size 189x49
            text run at (11,7) width 189: "aaa bbb ccc ddd eee fff"
            text run at (23,39) width 22: "gg"
            text run at (44,39) width 111 RTL: "\x{5DC}\x{5DE}\x{5D4} \x{5E2}\x{5E9}\x{5D9}\x{5EA}\x{5D9} \x{5D6}\x{5D0}\x{5EA} "
          RenderInline {SPAN} at (0,0) size 156x51 [border: (1px solid #0000FF) (10px solid #FFA500) (1px solid #0000FF) (10px solid #008000)]
            RenderText {#text} at (84,72) size 50x17
              text run at (84,72) width 50: "dgnjk "
            RenderImage {IMG} at (133,64) size 23x22 [border: (1px solid #0000FF)]
            RenderText {#text} at (79,72) size 121x17
              text run at (79,72) width 6 RTL: " "
              text run at (155,72) width 45: "njkng"
          RenderText {#text} at (8,72) size 192x81
            text run at (8,72) width 27 RTL: "\x{5D6}\x{5D0}\x{5EA}"
            text run at (27,104) width 56: "qqq rrr"
            text run at (82,104) width 118 RTL: "\x{2013} \x{5D0}\x{5D9}\x{5E0}\x{5D9} \x{5D9}\x{5D5}\x{5D3}\x{5E2} \x{5D1}\x{5E2}\x{5E6}\x{5DE} "
            text run at (82,136) width 118: "sss ttt uuu vvv"
        RenderBlock {P} at (6,199) size 200x64
          RenderInline {SPAN} at (0,0) size 152x51 [border: (1px solid #0000FF) (10px solid #FFA500) (1px solid #0000FF) (10px solid #008000)]
            RenderText {#text} at (48,7) size 107x17
              text run at (48,7) width 107: "Some fill text"
            RenderImage {IMG} at (180,33) size 20x20
