layer at (0,0) size 800x600
  RenderView at (0,0) size 800x600
layer at (0,0) size 800x228
  RenderBlock {HTML} at (0,0) size 800x228
    RenderBody {BODY} at (8,8) size 784x212
      RenderBlock (anonymous) at (0,0) size 784x18
        RenderInline {DIV} at (0,2) size 528x16 [color=#FFFFFF] [bgcolor=#FF0000]
          RenderText {#text} at (0,2) size 528x16
            text run at (0,2) width 528: "Ahem_font_required_for_this_test."
        RenderText {#text} at (0,0) size 0x0
      RenderBlock {P} at (0,34) size 784x18
        RenderText {#text} at (0,0) size 592x17
          text run at (0,0) width 592: "There should be a pretty green and lime pattern and the word \"PASS\" in lime on white below."
      RenderBlock {DIV} at (0,68) size 304x144 [color=#00FF00] [bgcolor=#008000]
        RenderText {#text} at (0,1) size 304x32
          text run at (0,1) width 0: " "
          text run at (0,17) width 304: "1234567890123456789"
        RenderInline {SPAN} at (0,17) size 304x48
          RenderText {#text} at (0,33) size 32x16
            text run at (0,33) width 32: "x "
          RenderInline {SPAN} at (32,33) size 112x16
            RenderText {#text} at (32,33) size 32x16
              text run at (32,33) width 32: "x "
            RenderInline {SPAN} at (64,33) size 0x16
            RenderText {#text} at (64,33) size 16x16
              text run at (64,33) width 16: "x"
            RenderInline {SPAN} at (80,33) size 16x16
              RenderText {#text} at (80,33) size 16x16
                text run at (80,33) width 16: " "
            RenderText {#text} at (96,33) size 48x16
              text run at (96,33) width 48: "x x"
          RenderText {#text} at (144,33) size 48x16
            text run at (144,33) width 48: " x "
          RenderInline {SPAN} at (192,33) size 64x16
            RenderText {#text} at (192,33) size 64x16
              text run at (192,33) width 64: "x x "
          RenderText {#text} at (256,33) size 32x16
            text run at (256,33) width 32: "x "
          RenderInline {SPAN} at (288,33) size 16x16
            RenderText {#text} at (288,33) size 16x16
              text run at (288,33) width 16: "x"
          RenderText {#text} at (0,49) size 64x16
            text run at (0,49) width 64: "1234"
        RenderText {#text} at (64,49) size 448x16
          text run at (64,49) width 448: "567890123456789 xxxx xxxx xx"
        RenderInline {SPAN} at (512,49) size 112x16
          RenderText {#text} at (512,49) size 16x16
            text run at (512,49) width 16: "x"
          RenderInline {SPAN} at (528,49) size 96x16
            RenderText {#text} at (528,49) size 96x16
              text run at (528,49) width 96: "x xxxx"
          RenderText {#text} at (0,0) size 0x0
        RenderText {#text} at (0,65) size 16x16
          text run at (0,65) width 16: "x"
        RenderInline {SPAN} at (16,65) size 112x16
          RenderText {#text} at (16,65) size 16x16
            text run at (16,65) width 16: " "
          RenderInline {SPAN} at (32,65) size 16x16
            RenderText {#text} at (32,65) size 16x16
              text run at (32,65) width 16: " "
          RenderText {#text} at (48,65) size 16x16
            text run at (48,65) width 16: " "
          RenderInline {SPAN} at (64,65) size 16x16
            RenderText {#text} at (64,65) size 16x16
              text run at (64,65) width 16: " "
          RenderText {#text} at (80,65) size 16x16
            text run at (80,65) width 16: " "
          RenderInline {SPAN} at (96,65) size 16x16
            RenderText {#text} at (96,65) size 16x16
              text run at (96,65) width 16: " "
          RenderText {#text} at (112,65) size 16x16
            text run at (112,65) width 16: " "
          RenderInline {SPAN} at (128,65) size 0x16
            RenderText {#text} at (0,0) size 0x0
          RenderText {#text} at (0,0) size 0x0
        RenderText {#text} at (128,65) size 32x16
          text run at (128,65) width 32: "  "
        RenderInline {SPAN} at (160,65) size 16x16
          RenderText {#text} at (160,65) size 16x16
            text run at (160,65) width 16: " "
        RenderInline {SPAN} at (176,65) size 16x16
          RenderText {#text} at (176,65) size 16x16
            text run at (176,65) width 16: " "
        RenderText {#text} at (192,65) size 48x16
          text run at (192,65) width 48: "   "
        RenderInline {SPAN} at (240,65) size 0x16
          RenderText {#text} at (0,0) size 0x0
        RenderInline {SPAN} at (240,65) size 0x16
          RenderText {#text} at (0,0) size 0x0
        RenderText {#text} at (0,81) size 384x16
          text run at (0,81) width 384: "  x x  x x  x x    x    "
          text run at (384,81) width 0: " "
        RenderInline {SPAN} at (0,97) size 624x16
          RenderText {#text} at (0,97) size 624x16
            text run at (0,97) width 624: "x x x x x x x x x x xxxx xxxx xxxx xxxx"
        RenderText {#text} at (0,97) size 624x32
          text run at (624,97) width 0: " "
          text run at (0,113) width 624: "x                 x x    x  x    x    x"
        RenderInline {SPAN} at (0,113) size 640x32
          RenderText {#text} at (0,129) size 304x16
            text run at (0,129) width 304: "xxxxxxxxxxxxxxxxxxx"
          RenderInline {SPAN} at (304,129) size 336x16
            RenderText {#text} at (304,129) size 336x16
              text run at (304,129) width 336: " x    x  x xxxx xxxx "
        RenderText {#text} at (640,129) size 0x16
          text run at (640,129) width 0: " "
