layer at (0,0) size 800x600
  RenderView at (0,0) size 800x600
layer at (0,0) size 800x600
  RenderBlock {HTML} at (0,0) size 800x600
    RenderBody {BODY} at (8,8) size 784x584
layer at (100,8) size 700x190
  RenderBlock (positioned) {DIV} at (100,8) size 700x190 [border: (2px solid #FF0000)]
    RenderText {#text} at (14,14) size 665x161
      text run at (14,14) width 43: "This"
      text run at (56,14) width 7: " "
      text run at (62,14) width 32: "div"
      text run at (93,14) width 7: " "
      text run at (99,14) width 17: "is"
      text run at (115,14) width 7: " "
      text run at (121,14) width 99: "absolutely"
      text run at (219,14) width 7: " "
      text run at (225,14) width 101: "positioned"
      text run at (325,14) width 7: " "
      text run at (331,14) width 20: "to"
      text run at (350,14) width 7: " "
      text run at (356,14) width 30: "the"
      text run at (385,14) width 7: " "
      text run at (391,14) width 39: "left."
      text run at (429,14) width 7: " "
      text run at (435,14) width 32: "All"
      text run at (466,14) width 7: " "
      text run at (472,14) width 30: "the"
      text run at (501,14) width 7: " "
      text run at (507,14) width 64: "spaces"
      text run at (570,14) width 7: " "
      text run at (576,14) width 20: "in"
      text run at (595,14) width 7: " "
      text run at (601,14) width 35: "this"
      text run at (635,14) width 7: " "
      text run at (641,14) width 32: "div"
      text run at (672,14) width 7: " "
      text run at (14,41) width 30: "are"
      text run at (43,41) width 7: " "
      text run at (49,41) width 82: "replaced"
      text run at (130,41) width 7: " "
      text run at (136,41) width 44: "with"
      text run at (179,41) width 7: " "
      text run at (185,41) width 129: "non-breaking"
      text run at (313,41) width 7: " "
      text run at (319,41) width 69: "spaces,"
      text run at (387,41) width 7: " "
      text run at (393,41) width 36: "and"
      text run at (428,41) width 7: " "
      text run at (434,41) width 30: "the"
      text run at (463,41) width 7: " "
      text run at (469,41) width 108: "nbsp-mode"
      text run at (576,41) width 7: " "
      text run at (582,41) width 29: "for"
      text run at (610,41) width 7: " "
      text run at (616,41) width 36: "this"
      text run at (651,41) width 7: " "
      text run at (14,68) width 31: "div"
      text run at (44,68) width 7: " "
      text run at (50,68) width 17: "is"
      text run at (66,68) width 7: " "
      text run at (72,68) width 69: "'space',"
      text run at (140,68) width 7: " "
      text run at (146,68) width 22: "so"
      text run at (167,68) width 7: " "
      text run at (173,68) width 53: "when"
      text run at (225,68) width 7: " "
      text run at (231,68) width 107: "calculating"
      text run at (337,68) width 7: " "
      text run at (343,68) width 37: "line"
      text run at (379,68) width 7: " "
      text run at (385,68) width 69: "breaks,"
      text run at (453,68) width 7: " "
      text run at (459,68) width 31: "the"
      text run at (489,68) width 7: " "
      text run at (495,68) width 129: "non-breaking"
      text run at (623,68) width 7: " "
      text run at (14,95) width 63: "spaces"
      text run at (76,95) width 7: " "
      text run at (82,95) width 65: "should"
      text run at (146,95) width 7: " "
      text run at (152,95) width 24: "be"
      text run at (175,95) width 7: " "
      text run at (181,95) width 66: "treated"
      text run at (246,95) width 7: " "
      text run at (252,95) width 21: "as"
      text run at (272,95) width 7: " "
      text run at (278,95) width 69: "normal"
      text run at (346,95) width 7: " "
      text run at (352,95) width 70: "spaces."
      text run at (421,95) width 7: " "
      text run at (427,95) width 17: "If"
      text run at (443,95) width 7: " "
      text run at (449,95) width 35: "this"
      text run at (483,95) width 7: " "
      text run at (489,95) width 40: "isn't"
      text run at (528,95) width 7: " "
      text run at (534,95) width 31: "the"
      text run at (564,95) width 7: " "
      text run at (570,95) width 48: "case,"
      text run at (617,95) width 7: " "
      text run at (623,95) width 42: "then"
      text run at (664,95) width 7: " "
      text run at (14,122) width 24: "all"
      text run at (37,122) width 7: " "
      text run at (43,122) width 31: "the"
      text run at (73,122) width 7: " "
      text run at (79,122) width 37: "text"
      text run at (115,122) width 7: " "
      text run at (121,122) width 29: "for"
      text run at (149,122) width 7: " "
      text run at (155,122) width 35: "this"
      text run at (189,122) width 7: " "
      text run at (195,122) width 97: "paragraph"
      text run at (291,122) width 7: " "
      text run at (297,122) width 39: "will"
      text run at (335,122) width 7: " "
      text run at (341,122) width 23: "be"
      text run at (363,122) width 7: " "
      text run at (369,122) width 85: "rendered"
      text run at (453,122) width 7: " "
      text run at (459,122) width 20: "in"
      text run at (478,122) width 7: " "
      text run at (484,122) width 37: "two"
      text run at (520,122) width 7: " "
      text run at (526,122) width 52: "lines,"
      text run at (577,122) width 7: " "
      text run at (583,122) width 36: "and"
      text run at (618,122) width 7: " "
      text run at (624,122) width 12: "a"
      text run at (635,122) width 7: " "
      text run at (14,149) width 98: "horizontal"
      text run at (111,149) width 7: " "
      text run at (117,149) width 54: "scroll"
      text run at (170,149) width 7: " "
      text run at (176,149) width 32: "bar"
      text run at (207,149) width 7: " "
      text run at (213,149) width 38: "will"
      text run at (250,149) width 7: " "
      text run at (256,149) width 65: "appear"
      text run at (320,149) width 7: " "
      text run at (326,149) width 54: "along"
      text run at (379,149) width 7: " "
      text run at (385,149) width 31: "the"
      text run at (415,149) width 7: " "
      text run at (421,149) width 75: "bottom."
