layer at (0,0) size 800x600
  RenderView at (0,0) size 800x600
layer at (0,0) size 800x600
  RenderBlock {HTML} at (0,0) size 800x600
    RenderBody {BODY} at (8,8) size 784x584
      RenderFieldSet {FIELDSET} at (2,0) size 780x362 [border: (2px groove #C0C0C0)]
        RenderBlock {DIV} at (14,7) size 752x343
          RenderInline {DIV} at (0,0) size 121x17
            RenderInline {DIV} at (0,0) size 121x17
              RenderText {#text} at (0,0) size 0x0
              RenderInline {A} at (0,0) size 50x17 [color=#0000EE]
                RenderImage {IMG} at (0,0) size 50x34
              RenderText {#text} at (50,20) size 4x17
                text run at (50,20) width 4: " "
              RenderBlock {INPUT} at (56,22) size 12x12
              RenderInline {LABEL} at (0,0) size 47x17
                RenderText {#text} at (70,20) size 47x17
                  text run at (70,20) width 47: "Classic"
              RenderText {#text} at (116,20) size 5x17
                text run at (116,20) width 5: " "
          RenderText {#text} at (0,0) size 0x0
          RenderInline {DIV} at (0,0) size 116x17
            RenderInline {DIV} at (0,0) size 116x17
              RenderText {#text} at (0,0) size 0x0
              RenderInline {A} at (0,0) size 51x17 [color=#0000EE]
                RenderImage {IMG} at (120,0) size 51x34
              RenderText {#text} at (170,20) size 5x17
                text run at (170,20) width 5: " "
              RenderBlock {INPUT} at (176,22) size 13x12
              RenderInline {LABEL} at (0,0) size 42x17
                RenderText {#text} at (190,20) size 42x17
                  text run at (190,20) width 42: "Africa"
              RenderText {#text} at (231,20) size 5x17
                text run at (231,20) width 5: " "
          RenderText {#text} at (0,0) size 0x0
          RenderInline {DIV} at (0,0) size 201x17
            RenderInline {DIV} at (0,0) size 201x17
              RenderText {#text} at (0,0) size 0x0
              RenderInline {A} at (0,0) size 51x17 [color=#0000EE]
                RenderImage {IMG} at (235,0) size 51x34
              RenderText {#text} at (285,20) size 5x17
                text run at (285,20) width 5: " "
              RenderBlock {INPUT} at (291,22) size 13x12
              RenderInline {LABEL} at (0,0) size 127x17
                RenderText {#text} at (305,20) size 127x17
                  text run at (305,20) width 127: "Alexander's Empire"
              RenderText {#text} at (431,20) size 5x17
                text run at (431,20) width 5: " "
          RenderText {#text} at (0,0) size 0x0
          RenderInline {DIV} at (0,0) size 175x17
            RenderInline {DIV} at (0,0) size 175x17
              RenderText {#text} at (0,0) size 0x0
              RenderInline {A} at (0,0) size 51x17 [color=#0000EE]
                RenderImage {IMG} at (435,0) size 51x34
              RenderText {#text} at (485,20) size 5x17
                text run at (485,20) width 5: " "
              RenderBlock {INPUT} at (491,22) size 13x12
              RenderInline {LABEL} at (0,0) size 101x17
                RenderText {#text} at (505,20) size 101x17
                  text run at (505,20) width 101: "Ancient Greece"
              RenderText {#text} at (605,20) size 5x17
                text run at (605,20) width 5: " "
          RenderText {#text} at (0,0) size 0x0
          RenderInline {DIV} at (0,0) size 118x17
            RenderInline {DIV} at (0,0) size 118x17
              RenderText {#text} at (0,0) size 0x0
              RenderInline {A} at (0,0) size 51x17 [color=#0000EE]
                RenderImage {IMG} at (609,0) size 51x34
              RenderText {#text} at (659,20) size 5x17
                text run at (659,20) width 5: " "
              RenderBlock {INPUT} at (665,22) size 13x12
              RenderInline {LABEL} at (0,0) size 48x17
                RenderText {#text} at (679,20) size 48x17
                  text run at (679,20) width 48: "Classic"
              RenderText {#text} at (0,0) size 0x0
          RenderText {#text} at (0,0) size 0x0
          RenderInline {DIV} at (0,0) size 115x17
            RenderInline {DIV} at (0,0) size 115x17
              RenderText {#text} at (0,0) size 0x0
              RenderInline {A} at (0,0) size 50x17 [color=#0000EE]
                RenderImage {IMG} at (0,38) size 50x34
              RenderText {#text} at (50,58) size 4x17
                text run at (50,58) width 4: " "
              RenderBlock {INPUT} at (56,60) size 12x12
              RenderInline {LABEL} at (0,0) size 41x17
                RenderText {#text} at (70,58) size 41x17
                  text run at (70,58) width 41: "Africa"
              RenderText {#text} at (110,58) size 5x17
                text run at (110,58) width 5: " "
          RenderText {#text} at (0,0) size 0x0
          RenderInline {DIV} at (0,0) size 202x17
            RenderInline {DIV} at (0,0) size 202x17
              RenderText {#text} at (0,0) size 0x0
              RenderInline {A} at (0,0) size 51x17 [color=#0000EE]
                RenderImage {IMG} at (114,38) size 51x34
              RenderText {#text} at (164,58) size 5x17
                text run at (164,58) width 5: " "
              RenderBlock {INPUT} at (170,60) size 13x12
              RenderInline {LABEL} at (0,0) size 128x17
                RenderText {#text} at (184,58) size 128x17
                  text run at (184,58) width 128: "Alexander's Empire"
              RenderText {#text} at (311,58) size 5x17
                text run at (311,58) width 5: " "
          RenderText {#text} at (0,0) size 0x0
          RenderInline {DIV} at (0,0) size 175x17
            RenderInline {DIV} at (0,0) size 175x17
              RenderText {#text} at (0,0) size 0x0
              RenderInline {A} at (0,0) size 51x17 [color=#0000EE]
                RenderImage {IMG} at (315,38) size 51x34
              RenderText {#text} at (365,58) size 5x17
                text run at (365,58) width 5: " "
              RenderBlock {INPUT} at (371,60) size 13x12
              RenderInline {LABEL} at (0,0) size 101x17
                RenderText {#text} at (385,58) size 101x17
                  text run at (385,58) width 101: "Ancient Greece"
              RenderText {#text} at (485,58) size 5x17
                text run at (485,58) width 5: " "
          RenderText {#text} at (0,0) size 0x0
          RenderInline {DIV} at (0,0) size 121x17
            RenderInline {DIV} at (0,0) size 121x17
              RenderText {#text} at (0,0) size 0x0
              RenderInline {A} at (0,0) size 51x17 [color=#0000EE]
                RenderImage {IMG} at (489,38) size 51x34
              RenderText {#text} at (539,58) size 5x17
                text run at (539,58) width 5: " "
              RenderBlock {INPUT} at (545,60) size 13x12
              RenderInline {LABEL} at (0,0) size 47x17
                RenderText {#text} at (559,58) size 47x17
                  text run at (559,58) width 47: "Classic"
              RenderText {#text} at (605,58) size 5x17
                text run at (605,58) width 5: " "
          RenderText {#text} at (0,0) size 0x0
          RenderInline {DIV} at (0,0) size 112x17
            RenderInline {DIV} at (0,0) size 112x17
              RenderText {#text} at (0,0) size 0x0
              RenderInline {A} at (0,0) size 51x17 [color=#0000EE]
                RenderImage {IMG} at (609,38) size 51x34
              RenderText {#text} at (659,58) size 5x17
                text run at (659,58) width 5: " "
              RenderBlock {INPUT} at (665,60) size 13x12
              RenderInline {LABEL} at (0,0) size 42x17
                RenderText {#text} at (679,58) size 42x17
                  text run at (679,58) width 42: "Africa"
              RenderText {#text} at (0,0) size 0x0
          RenderText {#text} at (0,0) size 0x0
          RenderInline {DIV} at (0,0) size 201x17
            RenderInline {DIV} at (0,0) size 201x17
              RenderText {#text} at (0,0) size 0x0
              RenderInline {A} at (0,0) size 50x17 [color=#0000EE]
                RenderImage {IMG} at (0,76) size 50x34
              RenderText {#text} at (50,96) size 4x17
                text run at (50,96) width 4: " "
              RenderBlock {INPUT} at (56,98) size 12x12
              RenderInline {LABEL} at (0,0) size 127x17
                RenderText {#text} at (70,96) size 127x17
                  text run at (70,96) width 127: "Alexander's Empire"
              RenderText {#text} at (196,96) size 5x17
                text run at (196,96) width 5: " "
          RenderText {#text} at (0,0) size 0x0
          RenderInline {DIV} at (0,0) size 175x17
            RenderInline {DIV} at (0,0) size 175x17
              RenderText {#text} at (0,0) size 0x0
              RenderInline {A} at (0,0) size 51x17 [color=#0000EE]
                RenderImage {IMG} at (200,76) size 51x34
              RenderText {#text} at (250,96) size 5x17
                text run at (250,96) width 5: " "
              RenderBlock {INPUT} at (256,98) size 13x12
              RenderInline {LABEL} at (0,0) size 101x17
                RenderText {#text} at (270,96) size 101x17
                  text run at (270,96) width 101: "Ancient Greece"
              RenderText {#text} at (370,96) size 5x17
                text run at (370,96) width 5: " "
          RenderText {#text} at (0,0) size 0x0
          RenderInline {DIV} at (0,0) size 121x17
            RenderInline {DIV} at (0,0) size 121x17
              RenderText {#text} at (0,0) size 0x0
              RenderInline {A} at (0,0) size 51x17 [color=#0000EE]
                RenderImage {IMG} at (374,76) size 51x34
              RenderText {#text} at (424,96) size 5x17
                text run at (424,96) width 5: " "
              RenderBlock {INPUT} at (430,98) size 13x12
              RenderInline {LABEL} at (0,0) size 47x17
                RenderText {#text} at (444,96) size 47x17
                  text run at (444,96) width 47: "Classic"
              RenderText {#text} at (490,96) size 5x17
                text run at (490,96) width 5: " "
          RenderText {#text} at (0,0) size 0x0
          RenderInline {DIV} at (0,0) size 112x17
            RenderInline {DIV} at (0,0) size 112x17
              RenderText {#text} at (0,0) size 0x0
              RenderInline {A} at (0,0) size 51x17 [color=#0000EE]
                RenderImage {IMG} at (494,76) size 51x34
              RenderText {#text} at (544,96) size 5x17
                text run at (544,96) width 5: " "
              RenderBlock {INPUT} at (550,98) size 13x12
              RenderInline {LABEL} at (0,0) size 42x17
                RenderText {#text} at (564,96) size 42x17
                  text run at (564,96) width 42: "Africa"
              RenderText {#text} at (0,0) size 0x0
          RenderText {#text} at (0,0) size 0x0
          RenderInline {DIV} at (0,0) size 201x17
            RenderInline {DIV} at (0,0) size 201x17
              RenderText {#text} at (0,0) size 0x0
              RenderInline {A} at (0,0) size 50x17 [color=#0000EE]
                RenderImage {IMG} at (0,114) size 50x34
              RenderText {#text} at (50,134) size 4x17
                text run at (50,134) width 4: " "
              RenderBlock {INPUT} at (56,136) size 12x12
              RenderInline {LABEL} at (0,0) size 127x17
                RenderText {#text} at (70,134) size 127x17
                  text run at (70,134) width 127: "Alexander's Empire"
              RenderText {#text} at (196,134) size 5x17
                text run at (196,134) width 5: " "
          RenderText {#text} at (0,0) size 0x0
          RenderInline {DIV} at (0,0) size 175x17
            RenderInline {DIV} at (0,0) size 175x17
              RenderText {#text} at (0,0) size 0x0
              RenderInline {A} at (0,0) size 51x17 [color=#0000EE]
                RenderImage {IMG} at (200,114) size 51x34
              RenderText {#text} at (250,134) size 5x17
                text run at (250,134) width 5: " "
              RenderBlock {INPUT} at (256,136) size 13x12
              RenderInline {LABEL} at (0,0) size 101x17
                RenderText {#text} at (270,134) size 101x17
                  text run at (270,134) width 101: "Ancient Greece"
              RenderText {#text} at (370,134) size 5x17
                text run at (370,134) width 5: " "
          RenderText {#text} at (0,0) size 0x0
          RenderInline {DIV} at (0,0) size 121x17
            RenderInline {DIV} at (0,0) size 121x17
              RenderText {#text} at (0,0) size 0x0
              RenderInline {A} at (0,0) size 51x17 [color=#0000EE]
                RenderImage {IMG} at (374,114) size 51x34
              RenderText {#text} at (424,134) size 5x17
                text run at (424,134) width 5: " "
              RenderBlock {INPUT} at (430,136) size 13x12
              RenderInline {LABEL} at (0,0) size 47x17
                RenderText {#text} at (444,134) size 47x17
                  text run at (444,134) width 47: "Classic"
              RenderText {#text} at (490,134) size 5x17
                text run at (490,134) width 5: " "
          RenderText {#text} at (0,0) size 0x0
          RenderInline {DIV} at (0,0) size 112x17
            RenderInline {DIV} at (0,0) size 112x17
              RenderText {#text} at (0,0) size 0x0
              RenderInline {A} at (0,0) size 51x17 [color=#0000EE]
                RenderImage {IMG} at (494,114) size 51x34
              RenderText {#text} at (544,134) size 5x17
                text run at (544,134) width 5: " "
              RenderBlock {INPUT} at (550,136) size 13x12
              RenderInline {LABEL} at (0,0) size 42x17
                RenderText {#text} at (564,134) size 42x17
                  text run at (564,134) width 42: "Africa"
              RenderText {#text} at (0,0) size 0x0
          RenderText {#text} at (0,0) size 0x0
          RenderInline {DIV} at (0,0) size 201x17
            RenderInline {DIV} at (0,0) size 201x17
              RenderText {#text} at (0,0) size 0x0
              RenderInline {A} at (0,0) size 50x17 [color=#0000EE]
                RenderImage {IMG} at (0,152) size 50x34
              RenderText {#text} at (50,172) size 4x17
                text run at (50,172) width 4: " "
              RenderBlock {INPUT} at (56,174) size 12x12
              RenderInline {LABEL} at (0,0) size 127x17
                RenderText {#text} at (70,172) size 127x17
                  text run at (70,172) width 127: "Alexander's Empire"
              RenderText {#text} at (196,172) size 5x17
                text run at (196,172) width 5: " "
          RenderText {#text} at (0,0) size 0x0
          RenderInline {DIV} at (0,0) size 175x17
            RenderInline {DIV} at (0,0) size 175x17
              RenderText {#text} at (0,0) size 0x0
              RenderInline {A} at (0,0) size 51x17 [color=#0000EE]
                RenderImage {IMG} at (200,152) size 51x34
              RenderText {#text} at (250,172) size 5x17
                text run at (250,172) width 5: " "
              RenderBlock {INPUT} at (256,174) size 13x12
              RenderInline {LABEL} at (0,0) size 101x17
                RenderText {#text} at (270,172) size 101x17
                  text run at (270,172) width 101: "Ancient Greece"
              RenderText {#text} at (370,172) size 5x17
                text run at (370,172) width 5: " "
          RenderText {#text} at (0,0) size 0x0
          RenderInline {DIV} at (0,0) size 121x17
            RenderInline {DIV} at (0,0) size 121x17
              RenderText {#text} at (0,0) size 0x0
              RenderInline {A} at (0,0) size 51x17 [color=#0000EE]
                RenderImage {IMG} at (374,152) size 51x34
              RenderText {#text} at (424,172) size 5x17
                text run at (424,172) width 5: " "
              RenderBlock {INPUT} at (430,174) size 13x12
              RenderInline {LABEL} at (0,0) size 47x17
                RenderText {#text} at (444,172) size 47x17
                  text run at (444,172) width 47: "Classic"
              RenderText {#text} at (490,172) size 5x17
                text run at (490,172) width 5: " "
          RenderText {#text} at (0,0) size 0x0
          RenderInline {DIV} at (0,0) size 112x17
            RenderInline {DIV} at (0,0) size 112x17
              RenderText {#text} at (0,0) size 0x0
              RenderInline {A} at (0,0) size 51x17 [color=#0000EE]
                RenderImage {IMG} at (494,152) size 51x34
              RenderText {#text} at (544,172) size 5x17
                text run at (544,172) width 5: " "
              RenderBlock {INPUT} at (550,174) size 13x12
              RenderInline {LABEL} at (0,0) size 42x17
                RenderText {#text} at (564,172) size 42x17
                  text run at (564,172) width 42: "Africa"
              RenderText {#text} at (0,0) size 0x0
          RenderText {#text} at (0,0) size 0x0
          RenderInline {DIV} at (0,0) size 201x17
            RenderInline {DIV} at (0,0) size 201x17
              RenderText {#text} at (0,0) size 0x0
              RenderInline {A} at (0,0) size 50x17 [color=#0000EE]
                RenderImage {IMG} at (0,190) size 50x34
              RenderText {#text} at (50,210) size 4x17
                text run at (50,210) width 4: " "
              RenderBlock {INPUT} at (56,212) size 12x12
              RenderInline {LABEL} at (0,0) size 127x17
                RenderText {#text} at (70,210) size 127x17
                  text run at (70,210) width 127: "Alexander's Empire"
              RenderText {#text} at (196,210) size 5x17
                text run at (196,210) width 5: " "
          RenderText {#text} at (0,0) size 0x0
          RenderInline {DIV} at (0,0) size 175x17
            RenderInline {DIV} at (0,0) size 175x17
              RenderText {#text} at (0,0) size 0x0
              RenderInline {A} at (0,0) size 51x17 [color=#0000EE]
                RenderImage {IMG} at (200,190) size 51x34
              RenderText {#text} at (250,210) size 5x17
                text run at (250,210) width 5: " "
              RenderBlock {INPUT} at (256,212) size 13x12
              RenderInline {LABEL} at (0,0) size 101x17
                RenderText {#text} at (270,210) size 101x17
                  text run at (270,210) width 101: "Ancient Greece"
              RenderText {#text} at (370,210) size 5x17
                text run at (370,210) width 5: " "
          RenderText {#text} at (0,0) size 0x0
          RenderInline {DIV} at (0,0) size 121x17
            RenderInline {DIV} at (0,0) size 121x17
              RenderText {#text} at (0,0) size 0x0
              RenderInline {A} at (0,0) size 51x17 [color=#0000EE]
                RenderImage {IMG} at (374,190) size 51x34
              RenderText {#text} at (424,210) size 5x17
                text run at (424,210) width 5: " "
              RenderBlock {INPUT} at (430,212) size 13x12
              RenderInline {LABEL} at (0,0) size 47x17
                RenderText {#text} at (444,210) size 47x17
                  text run at (444,210) width 47: "Classic"
              RenderText {#text} at (490,210) size 5x17
                text run at (490,210) width 5: " "
          RenderText {#text} at (0,0) size 0x0
          RenderInline {DIV} at (0,0) size 112x17
            RenderInline {DIV} at (0,0) size 112x17
              RenderText {#text} at (0,0) size 0x0
              RenderInline {A} at (0,0) size 51x17 [color=#0000EE]
                RenderImage {IMG} at (494,190) size 51x34
              RenderText {#text} at (544,210) size 5x17
                text run at (544,210) width 5: " "
              RenderBlock {INPUT} at (550,212) size 13x12
              RenderInline {LABEL} at (0,0) size 42x17
                RenderText {#text} at (564,210) size 42x17
                  text run at (564,210) width 42: "Africa"
              RenderText {#text} at (0,0) size 0x0
          RenderText {#text} at (0,0) size 0x0
          RenderInline {DIV} at (0,0) size 201x17
            RenderInline {DIV} at (0,0) size 201x17
              RenderText {#text} at (0,0) size 0x0
              RenderInline {A} at (0,0) size 50x17 [color=#0000EE]
                RenderImage {IMG} at (0,228) size 50x34
              RenderText {#text} at (50,248) size 4x17
                text run at (50,248) width 4: " "
              RenderBlock {INPUT} at (56,250) size 12x12
              RenderInline {LABEL} at (0,0) size 127x17
                RenderText {#text} at (70,248) size 127x17
                  text run at (70,248) width 127: "Alexander's Empire"
              RenderText {#text} at (196,248) size 5x17
                text run at (196,248) width 5: " "
          RenderText {#text} at (0,0) size 0x0
          RenderInline {DIV} at (0,0) size 175x17
            RenderInline {DIV} at (0,0) size 175x17
              RenderText {#text} at (0,0) size 0x0
              RenderInline {A} at (0,0) size 51x17 [color=#0000EE]
                RenderImage {IMG} at (200,228) size 51x34
              RenderText {#text} at (250,248) size 5x17
                text run at (250,248) width 5: " "
              RenderBlock {INPUT} at (256,250) size 13x12
              RenderInline {LABEL} at (0,0) size 101x17
                RenderText {#text} at (270,248) size 101x17
                  text run at (270,248) width 101: "Ancient Greece"
              RenderText {#text} at (370,248) size 5x17
                text run at (370,248) width 5: " "
          RenderText {#text} at (0,0) size 0x0
          RenderInline {DIV} at (0,0) size 121x17
            RenderInline {DIV} at (0,0) size 121x17
              RenderText {#text} at (0,0) size 0x0
              RenderInline {A} at (0,0) size 51x17 [color=#0000EE]
                RenderImage {IMG} at (374,228) size 51x34
              RenderText {#text} at (424,248) size 5x17
                text run at (424,248) width 5: " "
              RenderBlock {INPUT} at (430,250) size 13x12
              RenderInline {LABEL} at (0,0) size 47x17
                RenderText {#text} at (444,248) size 47x17
                  text run at (444,248) width 47: "Classic"
              RenderText {#text} at (490,248) size 5x17
                text run at (490,248) width 5: " "
          RenderText {#text} at (0,0) size 0x0
          RenderInline {DIV} at (0,0) size 112x17
            RenderInline {DIV} at (0,0) size 112x17
              RenderText {#text} at (0,0) size 0x0
              RenderInline {A} at (0,0) size 51x17 [color=#0000EE]
                RenderImage {IMG} at (494,228) size 51x34
              RenderText {#text} at (544,248) size 5x17
                text run at (544,248) width 5: " "
              RenderBlock {INPUT} at (550,250) size 13x12
              RenderInline {LABEL} at (0,0) size 42x17
                RenderText {#text} at (564,248) size 42x17
                  text run at (564,248) width 42: "Africa"
              RenderText {#text} at (0,0) size 0x0
          RenderText {#text} at (0,0) size 0x0
          RenderInline {DIV} at (0,0) size 201x17
            RenderInline {DIV} at (0,0) size 201x17
              RenderText {#text} at (0,0) size 0x0
              RenderInline {A} at (0,0) size 50x17 [color=#0000EE]
                RenderImage {IMG} at (0,266) size 50x34
              RenderText {#text} at (50,286) size 4x17
                text run at (50,286) width 4: " "
              RenderBlock {INPUT} at (56,288) size 12x12
              RenderInline {LABEL} at (0,0) size 127x17
                RenderText {#text} at (70,286) size 127x17
                  text run at (70,286) width 127: "Alexander's Empire"
              RenderText {#text} at (196,286) size 5x17
                text run at (196,286) width 5: " "
          RenderText {#text} at (0,0) size 0x0
          RenderInline {DIV} at (0,0) size 175x17
            RenderInline {DIV} at (0,0) size 175x17
              RenderText {#text} at (0,0) size 0x0
              RenderInline {A} at (0,0) size 51x17 [color=#0000EE]
                RenderImage {IMG} at (200,266) size 51x34
              RenderText {#text} at (250,286) size 5x17
                text run at (250,286) width 5: " "
              RenderBlock {INPUT} at (256,288) size 13x12
              RenderInline {LABEL} at (0,0) size 101x17
                RenderText {#text} at (270,286) size 101x17
                  text run at (270,286) width 101: "Ancient Greece"
              RenderText {#text} at (370,286) size 5x17
                text run at (370,286) width 5: " "
          RenderText {#text} at (0,0) size 0x0
          RenderInline {DIV} at (0,0) size 121x17
            RenderInline {DIV} at (0,0) size 121x17
              RenderText {#text} at (0,0) size 0x0
              RenderInline {A} at (0,0) size 51x17 [color=#0000EE]
                RenderImage {IMG} at (374,266) size 51x34
              RenderText {#text} at (424,286) size 5x17
                text run at (424,286) width 5: " "
              RenderBlock {INPUT} at (430,288) size 13x12
              RenderInline {LABEL} at (0,0) size 47x17
                RenderText {#text} at (444,286) size 47x17
                  text run at (444,286) width 47: "Classic"
              RenderText {#text} at (490,286) size 5x17
                text run at (490,286) width 5: " "
          RenderText {#text} at (0,0) size 0x0
          RenderInline {DIV} at (0,0) size 112x17
            RenderInline {DIV} at (0,0) size 112x17
              RenderText {#text} at (0,0) size 0x0
              RenderInline {A} at (0,0) size 51x17 [color=#0000EE]
                RenderImage {IMG} at (494,266) size 51x34
              RenderText {#text} at (544,286) size 5x17
                text run at (544,286) width 5: " "
              RenderBlock {INPUT} at (550,288) size 13x12
              RenderInline {LABEL} at (0,0) size 42x17
                RenderText {#text} at (564,286) size 42x17
                  text run at (564,286) width 42: "Africa"
              RenderText {#text} at (0,0) size 0x0
          RenderText {#text} at (0,0) size 0x0
          RenderInline {DIV} at (0,0) size 201x17
            RenderInline {DIV} at (0,0) size 201x17
              RenderText {#text} at (0,0) size 0x0
              RenderInline {A} at (0,0) size 50x17 [color=#0000EE]
                RenderImage {IMG} at (0,304) size 50x34
              RenderText {#text} at (50,324) size 4x17
                text run at (50,324) width 4: " "
              RenderBlock {INPUT} at (56,326) size 12x12
              RenderInline {LABEL} at (0,0) size 127x17
                RenderText {#text} at (70,324) size 127x17
                  text run at (70,324) width 127: "Alexander's Empire"
              RenderText {#text} at (196,324) size 5x17
                text run at (196,324) width 5: " "
          RenderText {#text} at (0,0) size 0x0
          RenderInline {DIV} at (0,0) size 171x17
            RenderInline {DIV} at (0,0) size 171x17
              RenderText {#text} at (0,0) size 0x0
              RenderInline {A} at (0,0) size 51x17 [color=#0000EE]
                RenderImage {IMG} at (200,304) size 51x34
              RenderText {#text} at (250,324) size 5x17
                text run at (250,324) width 5: " "
              RenderBlock {INPUT} at (256,326) size 13x12
              RenderInline {LABEL} at (0,0) size 101x17
                RenderText {#text} at (270,324) size 101x17
                  text run at (270,324) width 101: "Ancient Greece"
              RenderText {#text} at (0,0) size 0x0
          RenderText {#text} at (0,0) size 0x0
