layer at (0,0) size 785x646
  RenderView at (0,0) size 785x600
layer at (0,0) size 785x646
  RenderBlock {HTML} at (0,0) size 785x646
    RenderBody {BODY} at (8,8) size 769x625
      RenderBlock {P} at (0,0) size 769x36
        RenderText {#text} at (0,0) size 54x17
          text run at (0,0) width 54: "Test for "
        RenderInline {I} at (0,0) size 746x35
          RenderInline {A} at (0,0) size 353x17 [color=#0000EE]
            RenderText {#text} at (53,0) size 353x17
              text run at (53,0) width 353: "http://bugzilla.opendarwin.org/show_bug.cgi?id=7216"
          RenderText {#text} at (405,0) size 746x35
            text run at (405,0) width 5: " "
            text run at (409,0) width 337: "white-space: pre-wrap collapses leading whitespace"
            text run at (0,18) width 127: "following a newline"
        RenderText {#text} at (126,18) size 5x17
          text run at (126,18) width 5: "."
      RenderBlock {P} at (0,70) size 769x18
        RenderText {#text} at (0,0) size 36x17
          text run at (0,0) width 36: "Here "
        RenderInline {CODE} at (0,0) size 24x15
          RenderText {#text} at (35,3) size 24x15
            text run at (35,3) width 24: "bar"
        RenderText {#text} at (58,0) size 145x17
          text run at (58,0) width 145: " should be right under "
        RenderInline {CODE} at (0,0) size 25x15
          RenderText {#text} at (202,3) size 25x15
            text run at (202,3) width 25: "foo"
        RenderText {#text} at (226,0) size 5x17
          text run at (226,0) width 5: ":"
      RenderBlock {PRE} at (0,104) size 49x30 [bgcolor=#C0C0C0]
        RenderText {#text} at (0,0) size 49x30
          text run at (0,0) width 24: "foo"
          text run at (23,0) width 26: "      "
          text run at (0,15) width 24: "bar"
      RenderBlock {P} at (0,150) size 769x18
        RenderText {#text} at (0,0) size 36x17
          text run at (0,0) width 36: "Here "
        RenderInline {CODE} at (0,0) size 24x15
          RenderText {#text} at (35,3) size 24x15
            text run at (35,3) width 24: "bar"
        RenderText {#text} at (58,0) size 331x17
          text run at (58,0) width 331: " should be on the right hand side of the second line:"
      RenderBlock {PRE} at (0,184) size 49x30 [bgcolor=#C0C0C0]
        RenderText {#text} at (0,0) size 24x15
          text run at (0,0) width 24: "foo"
        RenderBR {BR} at (23,0) size 1x15
        RenderText {#text} at (0,15) size 47x15
          text run at (0,15) width 47: "   bar"
      RenderBlock {PRE} at (0,227) size 49x30 [bgcolor=#C0C0C0]
        RenderText {#text} at (0,0) size 49x15
          text run at (0,0) width 24: "foo"
          text run at (23,0) width 26: "    "
        RenderBR {BR} at (0,0) size 0x0
        RenderText {#text} at (0,15) size 47x15
          text run at (0,15) width 47: "   bar"
      RenderBlock {PRE} at (0,270) size 49x30 [bgcolor=#C0C0C0]
        RenderText {#text} at (0,0) size 47x30
          text run at (0,0) width 24: "foo"
          text run at (23,0) width 1: " "
          text run at (0,15) width 47: "   bar"
      RenderBlock {PRE} at (0,313) size 49x30 [bgcolor=#C0C0C0]
        RenderText {#text} at (0,0) size 47x30
          text run at (0,0) width 32: "foo "
          text run at (31,0) width 1: " "
          text run at (0,15) width 47: "   bar"
      RenderBlock {PRE} at (0,356) size 49x30 [bgcolor=#C0C0C0]
        RenderText {#text} at (0,0) size 47x30
          text run at (0,0) width 40: "foo  "
          text run at (39,0) width 1: " "
          text run at (0,15) width 47: "   bar"
      RenderBlock {PRE} at (0,399) size 49x30 [bgcolor=#C0C0C0]
        RenderText {#text} at (0,0) size 47x30
          text run at (0,0) width 47: "foo   "
          text run at (46,0) width 1: " "
          text run at (0,15) width 47: "   bar"
      RenderBlock {PRE} at (0,442) size 49x30 [bgcolor=#C0C0C0]
        RenderText {#text} at (0,0) size 63x30
          text run at (0,0) width 47: "foo   "
          text run at (46,0) width 17: "  "
          text run at (0,15) width 47: "   bar"
      RenderBlock {P} at (0,488) size 769x18
        RenderText {#text} at (0,0) size 36x17
          text run at (0,0) width 36: "Here "
        RenderInline {CODE} at (0,0) size 24x15
          RenderText {#text} at (35,3) size 24x15
            text run at (35,3) width 24: "bar"
        RenderText {#text} at (58,0) size 317x17
          text run at (58,0) width 317: " should be on the right hand side of the third line:"
      RenderBlock {PRE} at (0,522) size 49x45 [bgcolor=#C0C0C0]
        RenderText {#text} at (0,0) size 24x15
          text run at (0,0) width 24: "foo"
        RenderBR {BR} at (23,0) size 1x15
        RenderText {#text} at (0,15) size 47x30
          text run at (0,15) width 0: " "
          text run at (0,30) width 47: "   bar"
      RenderBlock {PRE} at (0,580) size 49x45 [bgcolor=#C0C0C0]
        RenderText {#text} at (0,0) size 47x45
          text run at (0,0) width 24: "foo"
          text run at (23,0) width 9: " "
          text run at (0,15) width 24: "baz"
          text run at (23,15) width 1: " "
          text run at (0,30) width 47: "   bar"
layer at (8,60) size 769x2 clip at (0,0) size 0x0
  RenderBlock {HR} at (0,52) size 769x2 [border: (1px inset #000000)]
