layer at (0,0) size 800x600
  RenderView at (0,0) size 800x600
layer at (0,0) size 800x52
  RenderBlock {HTML} at (0,0) size 800x52
    RenderBody {BODY} at (8,8) size 784x36
      RenderBlock {DIV} at (0,0) size 200x36 [bgcolor=#FFFF00]
        RenderText {#text} at (0,0) size 152x17
          text run at (0,0) width 62: "Overflow"
          text run at (81,0) width 47: " should"
          text run at (147,0) width 5: " "
        RenderInline {SPAN} at (0,0) size 22x17
          RenderText {#text} at (151,0) size 22x17
            text run at (151,0) width 22: "not"
        RenderText {#text} at (0,18) size 154x17
          text run at (0,18) width 31: "even"
          text run at (50,18) width 20: " be"
          text run at (89,18) width 65: " tolerated."
