layer at (0,0) size 800x600
  RenderView at (0,0) size 800x600
layer at (0,0) size 800x600
  RenderBlock {HTML} at (0,0) size 800x600
    RenderBody {BODY} at (8,8) size 784x584
      RenderBlock {DIV} at (0,0) size 784x30
        RenderInline {SPAN} at (0,0) size 109x10
          RenderText {#text} at (0,13) size 109x10
            text run at (0,13) width 109: "Tiny monospace text."
        RenderText {#text} at (108,0) size 6x30
          text run at (108,0) width 6: " "
        RenderInline {SPAN} at (0,0) size 224x30
          RenderText {#text} at (113,0) size 224x30
            text run at (113,0) width 224: "This text should not be jagged."
        RenderText {#text} at (0,0) size 0x0
