layer at (0,0) size 800x600
  RenderView at (0,0) size 800x600
layer at (0,0) size 800x600
  RenderBlock {HTML} at (0,0) size 800x600
    RenderBody {BODY} at (8,8) size 784x584
      RenderText {#text} at (165,0) size 4x17
        text run at (165,0) width 4: " "
      RenderText {#text} at (334,0) size 4x17
        text run at (334,0) width 4: " "
      RenderText {#text} at (503,0) size 4x17
        text run at (503,0) width 4: " "
      RenderText {#text} at (0,0) size 0x0
      RenderText {#text} at (165,140) size 4x17
        text run at (165,140) width 4: " "
      RenderText {#text} at (334,140) size 4x17
        text run at (334,140) width 4: " "
      RenderText {#text} at (503,140) size 4x17
        text run at (503,140) width 4: " "
      RenderText {#text} at (0,0) size 0x0
      RenderText {#text} at (165,280) size 4x17
        text run at (165,280) width 4: " "
      RenderText {#text} at (334,280) size 4x17
        text run at (334,280) width 4: " "
      RenderText {#text} at (503,280) size 4x17
        text run at (503,280) width 4: " "
      RenderText {#text} at (0,0) size 0x0
      RenderText {#text} at (165,420) size 4x17
        text run at (165,420) width 4: " "
      RenderText {#text} at (334,420) size 4x17
        text run at (334,420) width 4: " "
      RenderText {#text} at (0,0) size 0x0
layer at (28,28) size 125x100 clip at (29,29) size 110x85 scrollHeight 1728
  RenderBlock {DIV} at (20,20) size 125x100 [color=#DCDCDC] [bgcolor=#718D93] [border: (1px solid #D3D3D3)]
    RenderText {#text} at (11,12) size 90x672
      text run at (11,12) width 71: "Lorem ipsum"
      text run at (11,26) width 76: "dolor sit amet,"
      text run at (11,40) width 70: "consectetuer"
      text run at (11,54) width 78: "adipiscing elit."
      text run at (11,68) width 79: "Morbi et nisi ut"
      text run at (11,82) width 72: "est venenatis"
      text run at (11,96) width 86: "viverra. Aenean"
      text run at (11,110) width 54: "pede orci,"
      text run at (11,124) width 66: "blandit quis,"
      text run at (11,138) width 75: "faucibus quis,"
      text run at (11,152) width 78: "egestas ut, mi."
      text run at (11,166) width 72: "Pellentesque"
      text run at (11,180) width 64: "enim purus,"
      text run at (11,194) width 53: "venenatis"
      text run at (11,208) width 55: "dignissim,"
      text run at (11,222) width 59: "tincidunt a,"
      text run at (11,236) width 65: "ullamcorper"
      text run at (11,250) width 57: "eget, nibh."
      text run at (11,264) width 78: "Nullam ut sem"
      text run at (11,278) width 79: "adipiscing orci"
      text run at (11,292) width 46: "vehicula"
      text run at (11,306) width 83: "interdum. Proin"
      text run at (11,320) width 40: "a enim."
      text run at (11,334) width 54: "Phasellus"
      text run at (11,348) width 61: "sollicitudin,"
      text run at (11,362) width 67: "magna vitae"
      text run at (11,376) width 59: "vestibulum"
      text run at (11,390) width 75: "facilisis, tellus"
      text run at (11,404) width 65: "nunc iaculis"
      text run at (11,418) width 89: "arcu, in molestie"
      text run at (11,432) width 48: "sem velit"
      text run at (11,446) width 75: "tempus est. In"
      text run at (11,460) width 82: "eleifend velit at"
      text run at (11,474) width 82: "sem adipiscing"
      text run at (11,488) width 78: "sodales. Nunc"
      text run at (11,502) width 65: "sapien felis,"
      text run at (11,516) width 60: "aliquam et,"
      text run at (11,530) width 43: "volutpat"
      text run at (11,544) width 47: "rhoncus,"
      text run at (11,558) width 90: "condimentum ut,"
      text run at (11,572) width 72: "tortor. Integer"
      text run at (11,586) width 68: "est. Quisque"
      text run at (11,600) width 40: "viverra."
      text run at (11,614) width 72: "Praesent sed"
      text run at (11,628) width 87: "arcu. Maecenas"
      text run at (11,642) width 74: "id lorem a leo"
      text run at (11,656) width 40: "lobortis"
      text run at (11,670) width 77: "condimentum."
    RenderBR {BR} at (87,670) size 1x13
    RenderBR {BR} at (11,684) size 0x13
    RenderText {#text} at (11,698) size 90x588
      text run at (11,698) width 83: "Cras commodo"
      text run at (11,712) width 76: "rutrum augue."
      text run at (11,726) width 88: "Vivamus iaculis."
      text run at (11,740) width 61: "Nullam est."
      text run at (11,754) width 57: "Maecenas"
      text run at (11,768) width 85: "consequat. Sed"
      text run at (11,782) width 83: "id dui. Vivamus"
      text run at (11,796) width 71: "a nisl. Donec"
      text run at (11,810) width 84: "pretium sapien."
      text run at (11,824) width 88: "Proin et ligula et"
      text run at (11,838) width 77: "ligula placerat"
      text run at (11,852) width 47: "pulvinar."
      text run at (11,866) width 69: "Aliquam erat"
      text run at (11,880) width 78: "volutpat. Proin"
      text run at (11,894) width 32: "id est."
      text run at (11,908) width 71: "Suspendisse"
      text run at (11,922) width 80: "cursus, magna"
      text run at (11,936) width 62: "at hendrerit"
      text run at (11,950) width 60: "consequat,"
      text run at (11,964) width 56: "mauris est"
      text run at (11,978) width 51: "imperdiet"
      text run at (11,992) width 90: "neque, a ultrices"
      text run at (11,1006) width 76: "arcu urna non"
      text run at (11,1020) width 79: "nunc. Quisque"
      text run at (11,1034) width 64: "tellus. Nulla"
      text run at (11,1048) width 59: "nulla justo,"
      text run at (11,1062) width 72: "vehicula nec,"
      text run at (11,1076) width 71: "pellentesque"
      text run at (11,1090) width 71: "eu, iaculis et,"
      text run at (11,1104) width 85: "ligula. Praesent"
      text run at (11,1118) width 78: "mattis ante vel"
      text run at (11,1132) width 26: "sem."
      text run at (11,1146) width 71: "Suspendisse"
      text run at (11,1160) width 75: "porta rhoncus"
      text run at (11,1174) width 85: "urna. Phasellus"
      text run at (11,1188) width 77: "felis. Praesent"
      text run at (11,1202) width 88: "viverra convallis"
      text run at (11,1216) width 34: "libero."
      text run at (11,1230) width 81: "Maecenas non"
      text run at (11,1244) width 77: "augue. Donec"
      text run at (11,1258) width 84: "hendrerit lectus"
      text run at (11,1272) width 43: "id enim."
    RenderBR {BR} at (53,1272) size 1x13
    RenderBR {BR} at (11,1286) size 0x13
    RenderText {#text} at (11,1300) size 90x420
      text run at (11,1300) width 85: "Nulla ligula dui,"
      text run at (11,1314) width 63: "euismod et,"
      text run at (11,1328) width 72: "sodales quis,"
      text run at (11,1342) width 87: "sollicitudin quis,"
      text run at (11,1356) width 32: "elit. In"
      text run at (11,1370) width 75: "adipiscing est"
      text run at (11,1384) width 89: "sed enim. Fusce"
      text run at (11,1398) width 78: "at massa vitae"
      text run at (11,1412) width 77: "metus semper"
      text run at (11,1426) width 52: "hendrerit."
      text run at (11,1440) width 67: "Integer vitae"
      text run at (11,1454) width 87: "urna. Nulla eget"
      text run at (11,1468) width 67: "ligula. Etiam"
      text run at (11,1482) width 34: "libero."
      text run at (11,1496) width 79: "Maecenas nisi"
      text run at (11,1510) width 78: "nibh, convallis"
      text run at (11,1524) width 82: "a, feugiat vitae,"
      text run at (11,1538) width 79: "pulvinar et, mi."
      text run at (11,1552) width 78: "Curabitur arcu"
      text run at (11,1566) width 90: "pede, adipiscing"
      text run at (11,1580) width 69: "sed, egestas"
      text run at (11,1594) width 80: "nec, commodo"
      text run at (11,1608) width 67: "in, elit. Nulla"
      text run at (11,1622) width 69: "facilisi. Proin"
      text run at (11,1636) width 77: "varius pede et"
      text run at (11,1650) width 56: "dui lacinia"
      text run at (11,1664) width 81: "dapibus. Morbi"
      text run at (11,1678) width 61: "nec augue."
      text run at (11,1692) width 83: "Proin imperdiet"
      text run at (11,1706) width 81: "lacus eu tellus."
layer at (197,28) size 125x100 clip at (198,29) size 110x98 scrollHeight 1728
  RenderBlock {DIV} at (189,20) size 125x100 [color=#DCDCDC] [bgcolor=#718D93] [border: (1px solid #D3D3D3)]
    RenderText {#text} at (11,12) size 90x672
      text run at (11,12) width 71: "Lorem ipsum"
      text run at (11,26) width 76: "dolor sit amet,"
      text run at (11,40) width 70: "consectetuer"
      text run at (11,54) width 78: "adipiscing elit."
      text run at (11,68) width 79: "Morbi et nisi ut"
      text run at (11,82) width 72: "est venenatis"
      text run at (11,96) width 86: "viverra. Aenean"
      text run at (11,110) width 54: "pede orci,"
      text run at (11,124) width 66: "blandit quis,"
      text run at (11,138) width 75: "faucibus quis,"
      text run at (11,152) width 78: "egestas ut, mi."
      text run at (11,166) width 72: "Pellentesque"
      text run at (11,180) width 64: "enim purus,"
      text run at (11,194) width 53: "venenatis"
      text run at (11,208) width 55: "dignissim,"
      text run at (11,222) width 59: "tincidunt a,"
      text run at (11,236) width 65: "ullamcorper"
      text run at (11,250) width 57: "eget, nibh."
      text run at (11,264) width 78: "Nullam ut sem"
      text run at (11,278) width 79: "adipiscing orci"
      text run at (11,292) width 46: "vehicula"
      text run at (11,306) width 83: "interdum. Proin"
      text run at (11,320) width 40: "a enim."
      text run at (11,334) width 54: "Phasellus"
      text run at (11,348) width 61: "sollicitudin,"
      text run at (11,362) width 67: "magna vitae"
      text run at (11,376) width 59: "vestibulum"
      text run at (11,390) width 75: "facilisis, tellus"
      text run at (11,404) width 65: "nunc iaculis"
      text run at (11,418) width 89: "arcu, in molestie"
      text run at (11,432) width 48: "sem velit"
      text run at (11,446) width 75: "tempus est. In"
      text run at (11,460) width 82: "eleifend velit at"
      text run at (11,474) width 82: "sem adipiscing"
      text run at (11,488) width 78: "sodales. Nunc"
      text run at (11,502) width 65: "sapien felis,"
      text run at (11,516) width 60: "aliquam et,"
      text run at (11,530) width 43: "volutpat"
      text run at (11,544) width 47: "rhoncus,"
      text run at (11,558) width 90: "condimentum ut,"
      text run at (11,572) width 72: "tortor. Integer"
      text run at (11,586) width 68: "est. Quisque"
      text run at (11,600) width 40: "viverra."
      text run at (11,614) width 72: "Praesent sed"
      text run at (11,628) width 87: "arcu. Maecenas"
      text run at (11,642) width 74: "id lorem a leo"
      text run at (11,656) width 40: "lobortis"
      text run at (11,670) width 77: "condimentum."
    RenderBR {BR} at (87,670) size 1x13
    RenderBR {BR} at (11,684) size 0x13
    RenderText {#text} at (11,698) size 90x588
      text run at (11,698) width 83: "Cras commodo"
      text run at (11,712) width 76: "rutrum augue."
      text run at (11,726) width 88: "Vivamus iaculis."
      text run at (11,740) width 61: "Nullam est."
      text run at (11,754) width 57: "Maecenas"
      text run at (11,768) width 85: "consequat. Sed"
      text run at (11,782) width 83: "id dui. Vivamus"
      text run at (11,796) width 71: "a nisl. Donec"
      text run at (11,810) width 84: "pretium sapien."
      text run at (11,824) width 88: "Proin et ligula et"
      text run at (11,838) width 77: "ligula placerat"
      text run at (11,852) width 47: "pulvinar."
      text run at (11,866) width 69: "Aliquam erat"
      text run at (11,880) width 78: "volutpat. Proin"
      text run at (11,894) width 32: "id est."
      text run at (11,908) width 71: "Suspendisse"
      text run at (11,922) width 80: "cursus, magna"
      text run at (11,936) width 62: "at hendrerit"
      text run at (11,950) width 60: "consequat,"
      text run at (11,964) width 56: "mauris est"
      text run at (11,978) width 51: "imperdiet"
      text run at (11,992) width 90: "neque, a ultrices"
      text run at (11,1006) width 76: "arcu urna non"
      text run at (11,1020) width 79: "nunc. Quisque"
      text run at (11,1034) width 64: "tellus. Nulla"
      text run at (11,1048) width 59: "nulla justo,"
      text run at (11,1062) width 72: "vehicula nec,"
      text run at (11,1076) width 71: "pellentesque"
      text run at (11,1090) width 71: "eu, iaculis et,"
      text run at (11,1104) width 85: "ligula. Praesent"
      text run at (11,1118) width 78: "mattis ante vel"
      text run at (11,1132) width 26: "sem."
      text run at (11,1146) width 71: "Suspendisse"
      text run at (11,1160) width 75: "porta rhoncus"
      text run at (11,1174) width 85: "urna. Phasellus"
      text run at (11,1188) width 77: "felis. Praesent"
      text run at (11,1202) width 88: "viverra convallis"
      text run at (11,1216) width 34: "libero."
      text run at (11,1230) width 81: "Maecenas non"
      text run at (11,1244) width 77: "augue. Donec"
      text run at (11,1258) width 84: "hendrerit lectus"
      text run at (11,1272) width 43: "id enim."
    RenderBR {BR} at (53,1272) size 1x13
    RenderBR {BR} at (11,1286) size 0x13
    RenderText {#text} at (11,1300) size 90x420
      text run at (11,1300) width 85: "Nulla ligula dui,"
      text run at (11,1314) width 63: "euismod et,"
      text run at (11,1328) width 72: "sodales quis,"
      text run at (11,1342) width 87: "sollicitudin quis,"
      text run at (11,1356) width 32: "elit. In"
      text run at (11,1370) width 75: "adipiscing est"
      text run at (11,1384) width 89: "sed enim. Fusce"
      text run at (11,1398) width 78: "at massa vitae"
      text run at (11,1412) width 77: "metus semper"
      text run at (11,1426) width 52: "hendrerit."
      text run at (11,1440) width 67: "Integer vitae"
      text run at (11,1454) width 87: "urna. Nulla eget"
      text run at (11,1468) width 67: "ligula. Etiam"
      text run at (11,1482) width 34: "libero."
      text run at (11,1496) width 79: "Maecenas nisi"
      text run at (11,1510) width 78: "nibh, convallis"
      text run at (11,1524) width 82: "a, feugiat vitae,"
      text run at (11,1538) width 79: "pulvinar et, mi."
      text run at (11,1552) width 78: "Curabitur arcu"
      text run at (11,1566) width 90: "pede, adipiscing"
      text run at (11,1580) width 69: "sed, egestas"
      text run at (11,1594) width 80: "nec, commodo"
      text run at (11,1608) width 67: "in, elit. Nulla"
      text run at (11,1622) width 69: "facilisi. Proin"
      text run at (11,1636) width 77: "varius pede et"
      text run at (11,1650) width 56: "dui lacinia"
      text run at (11,1664) width 81: "dapibus. Morbi"
      text run at (11,1678) width 61: "nec augue."
      text run at (11,1692) width 83: "Proin imperdiet"
      text run at (11,1706) width 81: "lacus eu tellus."
layer at (366,28) size 125x100 clip at (367,29) size 110x85 scrollWidth 420 scrollHeight 370
  RenderBlock {DIV} at (358,20) size 125x100 [color=#DCDCDC] [bgcolor=#718D93] [border: (1px solid #D3D3D3)]
    RenderBlock {DIV} at (1,1) size 420x370
      RenderText {#text} at (10,11) size 396x126
        text run at (10,11) width 386: "Lorem ipsum dolor sit amet, consectetuer adipiscing elit. Morbi et nisi ut"
        text run at (10,25) width 365: "est venenatis viverra. Aenean pede orci, blandit quis, faucibus quis,"
        text run at (10,39) width 396: "egestas ut, mi. Pellentesque enim purus, venenatis dignissim, tincidunt a,"
        text run at (10,53) width 391: "ullamcorper eget, nibh. Nullam ut sem adipiscing orci vehicula interdum."
        text run at (10,67) width 371: "Proin a enim. Phasellus sollicitudin, magna vitae vestibulum facilisis,"
        text run at (10,81) width 390: "tellus nunc iaculis arcu, in molestie sem velit tempus est. In eleifend velit"
        text run at (10,95) width 353: "at sem adipiscing sodales. Nunc sapien felis, aliquam et, volutpat"
        text run at (10,109) width 381: "rhoncus, condimentum ut, tortor. Integer est. Quisque viverra. Praesent"
        text run at (10,123) width 310: "sed arcu. Maecenas id lorem a leo lobortis condimentum."
      RenderBR {BR} at (319,123) size 1x13
      RenderBR {BR} at (10,137) size 0x13
      RenderText {#text} at (10,151) size 395x112
        text run at (10,151) width 377: "Cras commodo rutrum augue. Vivamus iaculis. Nullam est. Maecenas"
        text run at (10,165) width 377: "consequat. Sed id dui. Vivamus a nisl. Donec pretium sapien. Proin et"
        text run at (10,179) width 361: "ligula et ligula placerat pulvinar. Aliquam erat volutpat. Proin id est."
        text run at (10,193) width 395: "Suspendisse cursus, magna at hendrerit consequat, mauris est imperdiet"
        text run at (10,207) width 380: "neque, a ultrices arcu urna non nunc. Quisque tellus. Nulla nulla justo,"
        text run at (10,221) width 389: "vehicula nec, pellentesque eu, iaculis et, ligula. Praesent mattis ante vel"
        text run at (10,235) width 386: "sem. Suspendisse porta rhoncus urna. Phasellus felis. Praesent viverra"
        text run at (10,249) width 382: "convallis libero. Maecenas non augue. Donec hendrerit lectus id enim."
      RenderBR {BR} at (391,249) size 1x13
      RenderBR {BR} at (10,263) size 0x13
      RenderText {#text} at (10,277) size 394x84
        text run at (10,277) width 351: "Nulla ligula dui, euismod et, sodales quis, sollicitudin quis, elit. In"
        text run at (10,291) width 383: "adipiscing est sed enim. Fusce at massa vitae metus semper hendrerit."
        text run at (10,305) width 376: "Integer vitae urna. Nulla eget ligula. Etiam libero. Maecenas nisi nibh,"
        text run at (10,319) width 389: "convallis a, feugiat vitae, pulvinar et, mi. Curabitur arcu pede, adipiscing"
        text run at (10,333) width 394: "sed, egestas nec, commodo in, elit. Nulla facilisi. Proin varius pede et dui"
        text run at (10,347) width 354: "lacinia dapibus. Morbi nec augue. Proin imperdiet lacus eu tellus."
layer at (535,28) size 125x100 clip at (536,29) size 110x85 scrollHeight 1728
  RenderBlock {DIV} at (527,20) size 125x100 [color=#DCDCDC] [bgcolor=#718D93] [border: (1px solid #D3D3D3)]
    RenderText {#text} at (11,12) size 90x672
      text run at (11,12) width 71: "Lorem ipsum"
      text run at (11,26) width 76: "dolor sit amet,"
      text run at (11,40) width 70: "consectetuer"
      text run at (11,54) width 78: "adipiscing elit."
      text run at (11,68) width 79: "Morbi et nisi ut"
      text run at (11,82) width 72: "est venenatis"
      text run at (11,96) width 86: "viverra. Aenean"
      text run at (11,110) width 54: "pede orci,"
      text run at (11,124) width 66: "blandit quis,"
      text run at (11,138) width 75: "faucibus quis,"
      text run at (11,152) width 78: "egestas ut, mi."
      text run at (11,166) width 72: "Pellentesque"
      text run at (11,180) width 64: "enim purus,"
      text run at (11,194) width 53: "venenatis"
      text run at (11,208) width 55: "dignissim,"
      text run at (11,222) width 59: "tincidunt a,"
      text run at (11,236) width 65: "ullamcorper"
      text run at (11,250) width 57: "eget, nibh."
      text run at (11,264) width 78: "Nullam ut sem"
      text run at (11,278) width 79: "adipiscing orci"
      text run at (11,292) width 46: "vehicula"
      text run at (11,306) width 83: "interdum. Proin"
      text run at (11,320) width 40: "a enim."
      text run at (11,334) width 54: "Phasellus"
      text run at (11,348) width 61: "sollicitudin,"
      text run at (11,362) width 67: "magna vitae"
      text run at (11,376) width 59: "vestibulum"
      text run at (11,390) width 75: "facilisis, tellus"
      text run at (11,404) width 65: "nunc iaculis"
      text run at (11,418) width 89: "arcu, in molestie"
      text run at (11,432) width 48: "sem velit"
      text run at (11,446) width 75: "tempus est. In"
      text run at (11,460) width 82: "eleifend velit at"
      text run at (11,474) width 82: "sem adipiscing"
      text run at (11,488) width 78: "sodales. Nunc"
      text run at (11,502) width 65: "sapien felis,"
      text run at (11,516) width 60: "aliquam et,"
      text run at (11,530) width 43: "volutpat"
      text run at (11,544) width 47: "rhoncus,"
      text run at (11,558) width 90: "condimentum ut,"
      text run at (11,572) width 72: "tortor. Integer"
      text run at (11,586) width 68: "est. Quisque"
      text run at (11,600) width 40: "viverra."
      text run at (11,614) width 72: "Praesent sed"
      text run at (11,628) width 87: "arcu. Maecenas"
      text run at (11,642) width 74: "id lorem a leo"
      text run at (11,656) width 40: "lobortis"
      text run at (11,670) width 77: "condimentum."
    RenderBR {BR} at (87,670) size 1x13
    RenderBR {BR} at (11,684) size 0x13
    RenderText {#text} at (11,698) size 90x588
      text run at (11,698) width 83: "Cras commodo"
      text run at (11,712) width 76: "rutrum augue."
      text run at (11,726) width 88: "Vivamus iaculis."
      text run at (11,740) width 61: "Nullam est."
      text run at (11,754) width 57: "Maecenas"
      text run at (11,768) width 85: "consequat. Sed"
      text run at (11,782) width 83: "id dui. Vivamus"
      text run at (11,796) width 71: "a nisl. Donec"
      text run at (11,810) width 84: "pretium sapien."
      text run at (11,824) width 88: "Proin et ligula et"
      text run at (11,838) width 77: "ligula placerat"
      text run at (11,852) width 47: "pulvinar."
      text run at (11,866) width 69: "Aliquam erat"
      text run at (11,880) width 78: "volutpat. Proin"
      text run at (11,894) width 32: "id est."
      text run at (11,908) width 71: "Suspendisse"
      text run at (11,922) width 80: "cursus, magna"
      text run at (11,936) width 62: "at hendrerit"
      text run at (11,950) width 60: "consequat,"
      text run at (11,964) width 56: "mauris est"
      text run at (11,978) width 51: "imperdiet"
      text run at (11,992) width 90: "neque, a ultrices"
      text run at (11,1006) width 76: "arcu urna non"
      text run at (11,1020) width 79: "nunc. Quisque"
      text run at (11,1034) width 64: "tellus. Nulla"
      text run at (11,1048) width 59: "nulla justo,"
      text run at (11,1062) width 72: "vehicula nec,"
      text run at (11,1076) width 71: "pellentesque"
      text run at (11,1090) width 71: "eu, iaculis et,"
      text run at (11,1104) width 85: "ligula. Praesent"
      text run at (11,1118) width 78: "mattis ante vel"
      text run at (11,1132) width 26: "sem."
      text run at (11,1146) width 71: "Suspendisse"
      text run at (11,1160) width 75: "porta rhoncus"
      text run at (11,1174) width 85: "urna. Phasellus"
      text run at (11,1188) width 77: "felis. Praesent"
      text run at (11,1202) width 88: "viverra convallis"
      text run at (11,1216) width 34: "libero."
      text run at (11,1230) width 81: "Maecenas non"
      text run at (11,1244) width 77: "augue. Donec"
      text run at (11,1258) width 84: "hendrerit lectus"
      text run at (11,1272) width 43: "id enim."
    RenderBR {BR} at (53,1272) size 1x13
    RenderBR {BR} at (11,1286) size 0x13
    RenderText {#text} at (11,1300) size 90x420
      text run at (11,1300) width 85: "Nulla ligula dui,"
      text run at (11,1314) width 63: "euismod et,"
      text run at (11,1328) width 72: "sodales quis,"
      text run at (11,1342) width 87: "sollicitudin quis,"
      text run at (11,1356) width 32: "elit. In"
      text run at (11,1370) width 75: "adipiscing est"
      text run at (11,1384) width 89: "sed enim. Fusce"
      text run at (11,1398) width 78: "at massa vitae"
      text run at (11,1412) width 77: "metus semper"
      text run at (11,1426) width 52: "hendrerit."
      text run at (11,1440) width 67: "Integer vitae"
      text run at (11,1454) width 87: "urna. Nulla eget"
      text run at (11,1468) width 67: "ligula. Etiam"
      text run at (11,1482) width 34: "libero."
      text run at (11,1496) width 79: "Maecenas nisi"
      text run at (11,1510) width 78: "nibh, convallis"
      text run at (11,1524) width 82: "a, feugiat vitae,"
      text run at (11,1538) width 79: "pulvinar et, mi."
      text run at (11,1552) width 78: "Curabitur arcu"
      text run at (11,1566) width 90: "pede, adipiscing"
      text run at (11,1580) width 69: "sed, egestas"
      text run at (11,1594) width 80: "nec, commodo"
      text run at (11,1608) width 67: "in, elit. Nulla"
      text run at (11,1622) width 69: "facilisi. Proin"
      text run at (11,1636) width 77: "varius pede et"
      text run at (11,1650) width 56: "dui lacinia"
      text run at (11,1664) width 81: "dapibus. Morbi"
      text run at (11,1678) width 61: "nec augue."
      text run at (11,1692) width 83: "Proin imperdiet"
      text run at (11,1706) width 81: "lacus eu tellus."
layer at (28,168) size 125x100 clip at (29,169) size 110x98 scrollHeight 1728
  RenderBlock {DIV} at (20,160) size 125x100 [color=#DCDCDC] [bgcolor=#718D93] [border: (1px solid #D3D3D3)]
    RenderText {#text} at (11,12) size 90x672
      text run at (11,12) width 71: "Lorem ipsum"
      text run at (11,26) width 76: "dolor sit amet,"
      text run at (11,40) width 70: "consectetuer"
      text run at (11,54) width 78: "adipiscing elit."
      text run at (11,68) width 79: "Morbi et nisi ut"
      text run at (11,82) width 72: "est venenatis"
      text run at (11,96) width 86: "viverra. Aenean"
      text run at (11,110) width 54: "pede orci,"
      text run at (11,124) width 66: "blandit quis,"
      text run at (11,138) width 75: "faucibus quis,"
      text run at (11,152) width 78: "egestas ut, mi."
      text run at (11,166) width 72: "Pellentesque"
      text run at (11,180) width 64: "enim purus,"
      text run at (11,194) width 53: "venenatis"
      text run at (11,208) width 55: "dignissim,"
      text run at (11,222) width 59: "tincidunt a,"
      text run at (11,236) width 65: "ullamcorper"
      text run at (11,250) width 57: "eget, nibh."
      text run at (11,264) width 78: "Nullam ut sem"
      text run at (11,278) width 79: "adipiscing orci"
      text run at (11,292) width 46: "vehicula"
      text run at (11,306) width 83: "interdum. Proin"
      text run at (11,320) width 40: "a enim."
      text run at (11,334) width 54: "Phasellus"
      text run at (11,348) width 61: "sollicitudin,"
      text run at (11,362) width 67: "magna vitae"
      text run at (11,376) width 59: "vestibulum"
      text run at (11,390) width 75: "facilisis, tellus"
      text run at (11,404) width 65: "nunc iaculis"
      text run at (11,418) width 89: "arcu, in molestie"
      text run at (11,432) width 48: "sem velit"
      text run at (11,446) width 75: "tempus est. In"
      text run at (11,460) width 82: "eleifend velit at"
      text run at (11,474) width 82: "sem adipiscing"
      text run at (11,488) width 78: "sodales. Nunc"
      text run at (11,502) width 65: "sapien felis,"
      text run at (11,516) width 60: "aliquam et,"
      text run at (11,530) width 43: "volutpat"
      text run at (11,544) width 47: "rhoncus,"
      text run at (11,558) width 90: "condimentum ut,"
      text run at (11,572) width 72: "tortor. Integer"
      text run at (11,586) width 68: "est. Quisque"
      text run at (11,600) width 40: "viverra."
      text run at (11,614) width 72: "Praesent sed"
      text run at (11,628) width 87: "arcu. Maecenas"
      text run at (11,642) width 74: "id lorem a leo"
      text run at (11,656) width 40: "lobortis"
      text run at (11,670) width 77: "condimentum."
    RenderBR {BR} at (87,670) size 1x13
    RenderBR {BR} at (11,684) size 0x13
    RenderText {#text} at (11,698) size 90x588
      text run at (11,698) width 83: "Cras commodo"
      text run at (11,712) width 76: "rutrum augue."
      text run at (11,726) width 88: "Vivamus iaculis."
      text run at (11,740) width 61: "Nullam est."
      text run at (11,754) width 57: "Maecenas"
      text run at (11,768) width 85: "consequat. Sed"
      text run at (11,782) width 83: "id dui. Vivamus"
      text run at (11,796) width 71: "a nisl. Donec"
      text run at (11,810) width 84: "pretium sapien."
      text run at (11,824) width 88: "Proin et ligula et"
      text run at (11,838) width 77: "ligula placerat"
      text run at (11,852) width 47: "pulvinar."
      text run at (11,866) width 69: "Aliquam erat"
      text run at (11,880) width 78: "volutpat. Proin"
      text run at (11,894) width 32: "id est."
      text run at (11,908) width 71: "Suspendisse"
      text run at (11,922) width 80: "cursus, magna"
      text run at (11,936) width 62: "at hendrerit"
      text run at (11,950) width 60: "consequat,"
      text run at (11,964) width 56: "mauris est"
      text run at (11,978) width 51: "imperdiet"
      text run at (11,992) width 90: "neque, a ultrices"
      text run at (11,1006) width 76: "arcu urna non"
      text run at (11,1020) width 79: "nunc. Quisque"
      text run at (11,1034) width 64: "tellus. Nulla"
      text run at (11,1048) width 59: "nulla justo,"
      text run at (11,1062) width 72: "vehicula nec,"
      text run at (11,1076) width 71: "pellentesque"
      text run at (11,1090) width 71: "eu, iaculis et,"
      text run at (11,1104) width 85: "ligula. Praesent"
      text run at (11,1118) width 78: "mattis ante vel"
      text run at (11,1132) width 26: "sem."
      text run at (11,1146) width 71: "Suspendisse"
      text run at (11,1160) width 75: "porta rhoncus"
      text run at (11,1174) width 85: "urna. Phasellus"
      text run at (11,1188) width 77: "felis. Praesent"
      text run at (11,1202) width 88: "viverra convallis"
      text run at (11,1216) width 34: "libero."
      text run at (11,1230) width 81: "Maecenas non"
      text run at (11,1244) width 77: "augue. Donec"
      text run at (11,1258) width 84: "hendrerit lectus"
      text run at (11,1272) width 43: "id enim."
    RenderBR {BR} at (53,1272) size 1x13
    RenderBR {BR} at (11,1286) size 0x13
    RenderText {#text} at (11,1300) size 90x420
      text run at (11,1300) width 85: "Nulla ligula dui,"
      text run at (11,1314) width 63: "euismod et,"
      text run at (11,1328) width 72: "sodales quis,"
      text run at (11,1342) width 87: "sollicitudin quis,"
      text run at (11,1356) width 32: "elit. In"
      text run at (11,1370) width 75: "adipiscing est"
      text run at (11,1384) width 89: "sed enim. Fusce"
      text run at (11,1398) width 78: "at massa vitae"
      text run at (11,1412) width 77: "metus semper"
      text run at (11,1426) width 52: "hendrerit."
      text run at (11,1440) width 67: "Integer vitae"
      text run at (11,1454) width 87: "urna. Nulla eget"
      text run at (11,1468) width 67: "ligula. Etiam"
      text run at (11,1482) width 34: "libero."
      text run at (11,1496) width 79: "Maecenas nisi"
      text run at (11,1510) width 78: "nibh, convallis"
      text run at (11,1524) width 82: "a, feugiat vitae,"
      text run at (11,1538) width 79: "pulvinar et, mi."
      text run at (11,1552) width 78: "Curabitur arcu"
      text run at (11,1566) width 90: "pede, adipiscing"
      text run at (11,1580) width 69: "sed, egestas"
      text run at (11,1594) width 80: "nec, commodo"
      text run at (11,1608) width 67: "in, elit. Nulla"
      text run at (11,1622) width 69: "facilisi. Proin"
      text run at (11,1636) width 77: "varius pede et"
      text run at (11,1650) width 56: "dui lacinia"
      text run at (11,1664) width 81: "dapibus. Morbi"
      text run at (11,1678) width 61: "nec augue."
      text run at (11,1692) width 83: "Proin imperdiet"
      text run at (11,1706) width 81: "lacus eu tellus."
layer at (197,168) size 125x100 clip at (198,169) size 110x85 scrollWidth 420 scrollHeight 370
  RenderBlock {DIV} at (189,160) size 125x100 [color=#DCDCDC] [bgcolor=#718D93] [border: (1px solid #D3D3D3)]
    RenderBlock {DIV} at (1,1) size 420x370
      RenderText {#text} at (10,11) size 396x126
        text run at (10,11) width 386: "Lorem ipsum dolor sit amet, consectetuer adipiscing elit. Morbi et nisi ut"
        text run at (10,25) width 365: "est venenatis viverra. Aenean pede orci, blandit quis, faucibus quis,"
        text run at (10,39) width 396: "egestas ut, mi. Pellentesque enim purus, venenatis dignissim, tincidunt a,"
        text run at (10,53) width 391: "ullamcorper eget, nibh. Nullam ut sem adipiscing orci vehicula interdum."
        text run at (10,67) width 371: "Proin a enim. Phasellus sollicitudin, magna vitae vestibulum facilisis,"
        text run at (10,81) width 390: "tellus nunc iaculis arcu, in molestie sem velit tempus est. In eleifend velit"
        text run at (10,95) width 353: "at sem adipiscing sodales. Nunc sapien felis, aliquam et, volutpat"
        text run at (10,109) width 381: "rhoncus, condimentum ut, tortor. Integer est. Quisque viverra. Praesent"
        text run at (10,123) width 310: "sed arcu. Maecenas id lorem a leo lobortis condimentum."
      RenderBR {BR} at (319,123) size 1x13
      RenderBR {BR} at (10,137) size 0x13
      RenderText {#text} at (10,151) size 395x112
        text run at (10,151) width 377: "Cras commodo rutrum augue. Vivamus iaculis. Nullam est. Maecenas"
        text run at (10,165) width 377: "consequat. Sed id dui. Vivamus a nisl. Donec pretium sapien. Proin et"
        text run at (10,179) width 361: "ligula et ligula placerat pulvinar. Aliquam erat volutpat. Proin id est."
        text run at (10,193) width 395: "Suspendisse cursus, magna at hendrerit consequat, mauris est imperdiet"
        text run at (10,207) width 380: "neque, a ultrices arcu urna non nunc. Quisque tellus. Nulla nulla justo,"
        text run at (10,221) width 389: "vehicula nec, pellentesque eu, iaculis et, ligula. Praesent mattis ante vel"
        text run at (10,235) width 386: "sem. Suspendisse porta rhoncus urna. Phasellus felis. Praesent viverra"
        text run at (10,249) width 382: "convallis libero. Maecenas non augue. Donec hendrerit lectus id enim."
      RenderBR {BR} at (391,249) size 1x13
      RenderBR {BR} at (10,263) size 0x13
      RenderText {#text} at (10,277) size 394x84
        text run at (10,277) width 351: "Nulla ligula dui, euismod et, sodales quis, sollicitudin quis, elit. In"
        text run at (10,291) width 383: "adipiscing est sed enim. Fusce at massa vitae metus semper hendrerit."
        text run at (10,305) width 376: "Integer vitae urna. Nulla eget ligula. Etiam libero. Maecenas nisi nibh,"
        text run at (10,319) width 389: "convallis a, feugiat vitae, pulvinar et, mi. Curabitur arcu pede, adipiscing"
        text run at (10,333) width 394: "sed, egestas nec, commodo in, elit. Nulla facilisi. Proin varius pede et dui"
        text run at (10,347) width 354: "lacinia dapibus. Morbi nec augue. Proin imperdiet lacus eu tellus."
layer at (366,168) size 125x100 clip at (367,169) size 110x98 scrollHeight 1728
  RenderBlock {DIV} at (358,160) size 125x100 [color=#DCDCDC] [bgcolor=#718D93] [border: (1px solid #D3D3D3)]
    RenderText {#text} at (11,12) size 90x672
      text run at (11,12) width 71: "Lorem ipsum"
      text run at (11,26) width 76: "dolor sit amet,"
      text run at (11,40) width 70: "consectetuer"
      text run at (11,54) width 78: "adipiscing elit."
      text run at (11,68) width 79: "Morbi et nisi ut"
      text run at (11,82) width 72: "est venenatis"
      text run at (11,96) width 86: "viverra. Aenean"
      text run at (11,110) width 54: "pede orci,"
      text run at (11,124) width 66: "blandit quis,"
      text run at (11,138) width 75: "faucibus quis,"
      text run at (11,152) width 78: "egestas ut, mi."
      text run at (11,166) width 72: "Pellentesque"
      text run at (11,180) width 64: "enim purus,"
      text run at (11,194) width 53: "venenatis"
      text run at (11,208) width 55: "dignissim,"
      text run at (11,222) width 59: "tincidunt a,"
      text run at (11,236) width 65: "ullamcorper"
      text run at (11,250) width 57: "eget, nibh."
      text run at (11,264) width 78: "Nullam ut sem"
      text run at (11,278) width 79: "adipiscing orci"
      text run at (11,292) width 46: "vehicula"
      text run at (11,306) width 83: "interdum. Proin"
      text run at (11,320) width 40: "a enim."
      text run at (11,334) width 54: "Phasellus"
      text run at (11,348) width 61: "sollicitudin,"
      text run at (11,362) width 67: "magna vitae"
      text run at (11,376) width 59: "vestibulum"
      text run at (11,390) width 75: "facilisis, tellus"
      text run at (11,404) width 65: "nunc iaculis"
      text run at (11,418) width 89: "arcu, in molestie"
      text run at (11,432) width 48: "sem velit"
      text run at (11,446) width 75: "tempus est. In"
      text run at (11,460) width 82: "eleifend velit at"
      text run at (11,474) width 82: "sem adipiscing"
      text run at (11,488) width 78: "sodales. Nunc"
      text run at (11,502) width 65: "sapien felis,"
      text run at (11,516) width 60: "aliquam et,"
      text run at (11,530) width 43: "volutpat"
      text run at (11,544) width 47: "rhoncus,"
      text run at (11,558) width 90: "condimentum ut,"
      text run at (11,572) width 72: "tortor. Integer"
      text run at (11,586) width 68: "est. Quisque"
      text run at (11,600) width 40: "viverra."
      text run at (11,614) width 72: "Praesent sed"
      text run at (11,628) width 87: "arcu. Maecenas"
      text run at (11,642) width 74: "id lorem a leo"
      text run at (11,656) width 40: "lobortis"
      text run at (11,670) width 77: "condimentum."
    RenderBR {BR} at (87,670) size 1x13
    RenderBR {BR} at (11,684) size 0x13
    RenderText {#text} at (11,698) size 90x588
      text run at (11,698) width 83: "Cras commodo"
      text run at (11,712) width 76: "rutrum augue."
      text run at (11,726) width 88: "Vivamus iaculis."
      text run at (11,740) width 61: "Nullam est."
      text run at (11,754) width 57: "Maecenas"
      text run at (11,768) width 85: "consequat. Sed"
      text run at (11,782) width 83: "id dui. Vivamus"
      text run at (11,796) width 71: "a nisl. Donec"
      text run at (11,810) width 84: "pretium sapien."
      text run at (11,824) width 88: "Proin et ligula et"
      text run at (11,838) width 77: "ligula placerat"
      text run at (11,852) width 47: "pulvinar."
      text run at (11,866) width 69: "Aliquam erat"
      text run at (11,880) width 78: "volutpat. Proin"
      text run at (11,894) width 32: "id est."
      text run at (11,908) width 71: "Suspendisse"
      text run at (11,922) width 80: "cursus, magna"
      text run at (11,936) width 62: "at hendrerit"
      text run at (11,950) width 60: "consequat,"
      text run at (11,964) width 56: "mauris est"
      text run at (11,978) width 51: "imperdiet"
      text run at (11,992) width 90: "neque, a ultrices"
      text run at (11,1006) width 76: "arcu urna non"
      text run at (11,1020) width 79: "nunc. Quisque"
      text run at (11,1034) width 64: "tellus. Nulla"
      text run at (11,1048) width 59: "nulla justo,"
      text run at (11,1062) width 72: "vehicula nec,"
      text run at (11,1076) width 71: "pellentesque"
      text run at (11,1090) width 71: "eu, iaculis et,"
      text run at (11,1104) width 85: "ligula. Praesent"
      text run at (11,1118) width 78: "mattis ante vel"
      text run at (11,1132) width 26: "sem."
      text run at (11,1146) width 71: "Suspendisse"
      text run at (11,1160) width 75: "porta rhoncus"
      text run at (11,1174) width 85: "urna. Phasellus"
      text run at (11,1188) width 77: "felis. Praesent"
      text run at (11,1202) width 88: "viverra convallis"
      text run at (11,1216) width 34: "libero."
      text run at (11,1230) width 81: "Maecenas non"
      text run at (11,1244) width 77: "augue. Donec"
      text run at (11,1258) width 84: "hendrerit lectus"
      text run at (11,1272) width 43: "id enim."
    RenderBR {BR} at (53,1272) size 1x13
    RenderBR {BR} at (11,1286) size 0x13
    RenderText {#text} at (11,1300) size 90x420
      text run at (11,1300) width 85: "Nulla ligula dui,"
      text run at (11,1314) width 63: "euismod et,"
      text run at (11,1328) width 72: "sodales quis,"
      text run at (11,1342) width 87: "sollicitudin quis,"
      text run at (11,1356) width 32: "elit. In"
      text run at (11,1370) width 75: "adipiscing est"
      text run at (11,1384) width 89: "sed enim. Fusce"
      text run at (11,1398) width 78: "at massa vitae"
      text run at (11,1412) width 77: "metus semper"
      text run at (11,1426) width 52: "hendrerit."
      text run at (11,1440) width 67: "Integer vitae"
      text run at (11,1454) width 87: "urna. Nulla eget"
      text run at (11,1468) width 67: "ligula. Etiam"
      text run at (11,1482) width 34: "libero."
      text run at (11,1496) width 79: "Maecenas nisi"
      text run at (11,1510) width 78: "nibh, convallis"
      text run at (11,1524) width 82: "a, feugiat vitae,"
      text run at (11,1538) width 79: "pulvinar et, mi."
      text run at (11,1552) width 78: "Curabitur arcu"
      text run at (11,1566) width 90: "pede, adipiscing"
      text run at (11,1580) width 69: "sed, egestas"
      text run at (11,1594) width 80: "nec, commodo"
      text run at (11,1608) width 67: "in, elit. Nulla"
      text run at (11,1622) width 69: "facilisi. Proin"
      text run at (11,1636) width 77: "varius pede et"
      text run at (11,1650) width 56: "dui lacinia"
      text run at (11,1664) width 81: "dapibus. Morbi"
      text run at (11,1678) width 61: "nec augue."
      text run at (11,1692) width 83: "Proin imperdiet"
      text run at (11,1706) width 81: "lacus eu tellus."
layer at (535,168) size 125x100 clip at (536,169) size 123x85 scrollWidth 420 scrollHeight 146
  RenderBlock {DIV} at (527,160) size 125x100 [color=#DCDCDC] [bgcolor=#718D93] [border: (1px solid #D3D3D3)]
    RenderBlock {DIV} at (1,1) size 420x146
      RenderText {#text} at (10,11) size 396x126
        text run at (10,11) width 386: "Lorem ipsum dolor sit amet, consectetuer adipiscing elit. Morbi et nisi ut"
        text run at (10,25) width 365: "est venenatis viverra. Aenean pede orci, blandit quis, faucibus quis,"
        text run at (10,39) width 396: "egestas ut, mi. Pellentesque enim purus, venenatis dignissim, tincidunt a,"
        text run at (10,53) width 391: "ullamcorper eget, nibh. Nullam ut sem adipiscing orci vehicula interdum."
        text run at (10,67) width 371: "Proin a enim. Phasellus sollicitudin, magna vitae vestibulum facilisis,"
        text run at (10,81) width 390: "tellus nunc iaculis arcu, in molestie sem velit tempus est. In eleifend velit"
        text run at (10,95) width 353: "at sem adipiscing sodales. Nunc sapien felis, aliquam et, volutpat"
        text run at (10,109) width 381: "rhoncus, condimentum ut, tortor. Integer est. Quisque viverra. Praesent"
        text run at (10,123) width 310: "sed arcu. Maecenas id lorem a leo lobortis condimentum."
layer at (28,308) size 125x100 clip at (29,309) size 110x98 scrollHeight 1728
  RenderBlock {DIV} at (20,300) size 125x100 [color=#DCDCDC] [bgcolor=#718D93] [border: (1px solid #D3D3D3)]
    RenderText {#text} at (11,12) size 90x672
      text run at (11,12) width 71: "Lorem ipsum"
      text run at (11,26) width 76: "dolor sit amet,"
      text run at (11,40) width 70: "consectetuer"
      text run at (11,54) width 78: "adipiscing elit."
      text run at (11,68) width 79: "Morbi et nisi ut"
      text run at (11,82) width 72: "est venenatis"
      text run at (11,96) width 86: "viverra. Aenean"
      text run at (11,110) width 54: "pede orci,"
      text run at (11,124) width 66: "blandit quis,"
      text run at (11,138) width 75: "faucibus quis,"
      text run at (11,152) width 78: "egestas ut, mi."
      text run at (11,166) width 72: "Pellentesque"
      text run at (11,180) width 64: "enim purus,"
      text run at (11,194) width 53: "venenatis"
      text run at (11,208) width 55: "dignissim,"
      text run at (11,222) width 59: "tincidunt a,"
      text run at (11,236) width 65: "ullamcorper"
      text run at (11,250) width 57: "eget, nibh."
      text run at (11,264) width 78: "Nullam ut sem"
      text run at (11,278) width 79: "adipiscing orci"
      text run at (11,292) width 46: "vehicula"
      text run at (11,306) width 83: "interdum. Proin"
      text run at (11,320) width 40: "a enim."
      text run at (11,334) width 54: "Phasellus"
      text run at (11,348) width 61: "sollicitudin,"
      text run at (11,362) width 67: "magna vitae"
      text run at (11,376) width 59: "vestibulum"
      text run at (11,390) width 75: "facilisis, tellus"
      text run at (11,404) width 65: "nunc iaculis"
      text run at (11,418) width 89: "arcu, in molestie"
      text run at (11,432) width 48: "sem velit"
      text run at (11,446) width 75: "tempus est. In"
      text run at (11,460) width 82: "eleifend velit at"
      text run at (11,474) width 82: "sem adipiscing"
      text run at (11,488) width 78: "sodales. Nunc"
      text run at (11,502) width 65: "sapien felis,"
      text run at (11,516) width 60: "aliquam et,"
      text run at (11,530) width 43: "volutpat"
      text run at (11,544) width 47: "rhoncus,"
      text run at (11,558) width 90: "condimentum ut,"
      text run at (11,572) width 72: "tortor. Integer"
      text run at (11,586) width 68: "est. Quisque"
      text run at (11,600) width 40: "viverra."
      text run at (11,614) width 72: "Praesent sed"
      text run at (11,628) width 87: "arcu. Maecenas"
      text run at (11,642) width 74: "id lorem a leo"
      text run at (11,656) width 40: "lobortis"
      text run at (11,670) width 77: "condimentum."
    RenderBR {BR} at (87,670) size 1x13
    RenderBR {BR} at (11,684) size 0x13
    RenderText {#text} at (11,698) size 90x588
      text run at (11,698) width 83: "Cras commodo"
      text run at (11,712) width 76: "rutrum augue."
      text run at (11,726) width 88: "Vivamus iaculis."
      text run at (11,740) width 61: "Nullam est."
      text run at (11,754) width 57: "Maecenas"
      text run at (11,768) width 85: "consequat. Sed"
      text run at (11,782) width 83: "id dui. Vivamus"
      text run at (11,796) width 71: "a nisl. Donec"
      text run at (11,810) width 84: "pretium sapien."
      text run at (11,824) width 88: "Proin et ligula et"
      text run at (11,838) width 77: "ligula placerat"
      text run at (11,852) width 47: "pulvinar."
      text run at (11,866) width 69: "Aliquam erat"
      text run at (11,880) width 78: "volutpat. Proin"
      text run at (11,894) width 32: "id est."
      text run at (11,908) width 71: "Suspendisse"
      text run at (11,922) width 80: "cursus, magna"
      text run at (11,936) width 62: "at hendrerit"
      text run at (11,950) width 60: "consequat,"
      text run at (11,964) width 56: "mauris est"
      text run at (11,978) width 51: "imperdiet"
      text run at (11,992) width 90: "neque, a ultrices"
      text run at (11,1006) width 76: "arcu urna non"
      text run at (11,1020) width 79: "nunc. Quisque"
      text run at (11,1034) width 64: "tellus. Nulla"
      text run at (11,1048) width 59: "nulla justo,"
      text run at (11,1062) width 72: "vehicula nec,"
      text run at (11,1076) width 71: "pellentesque"
      text run at (11,1090) width 71: "eu, iaculis et,"
      text run at (11,1104) width 85: "ligula. Praesent"
      text run at (11,1118) width 78: "mattis ante vel"
      text run at (11,1132) width 26: "sem."
      text run at (11,1146) width 71: "Suspendisse"
      text run at (11,1160) width 75: "porta rhoncus"
      text run at (11,1174) width 85: "urna. Phasellus"
      text run at (11,1188) width 77: "felis. Praesent"
      text run at (11,1202) width 88: "viverra convallis"
      text run at (11,1216) width 34: "libero."
      text run at (11,1230) width 81: "Maecenas non"
      text run at (11,1244) width 77: "augue. Donec"
      text run at (11,1258) width 84: "hendrerit lectus"
      text run at (11,1272) width 43: "id enim."
    RenderBR {BR} at (53,1272) size 1x13
    RenderBR {BR} at (11,1286) size 0x13
    RenderText {#text} at (11,1300) size 90x420
      text run at (11,1300) width 85: "Nulla ligula dui,"
      text run at (11,1314) width 63: "euismod et,"
      text run at (11,1328) width 72: "sodales quis,"
      text run at (11,1342) width 87: "sollicitudin quis,"
      text run at (11,1356) width 32: "elit. In"
      text run at (11,1370) width 75: "adipiscing est"
      text run at (11,1384) width 89: "sed enim. Fusce"
      text run at (11,1398) width 78: "at massa vitae"
      text run at (11,1412) width 77: "metus semper"
      text run at (11,1426) width 52: "hendrerit."
      text run at (11,1440) width 67: "Integer vitae"
      text run at (11,1454) width 87: "urna. Nulla eget"
      text run at (11,1468) width 67: "ligula. Etiam"
      text run at (11,1482) width 34: "libero."
      text run at (11,1496) width 79: "Maecenas nisi"
      text run at (11,1510) width 78: "nibh, convallis"
      text run at (11,1524) width 82: "a, feugiat vitae,"
      text run at (11,1538) width 79: "pulvinar et, mi."
      text run at (11,1552) width 78: "Curabitur arcu"
      text run at (11,1566) width 90: "pede, adipiscing"
      text run at (11,1580) width 69: "sed, egestas"
      text run at (11,1594) width 80: "nec, commodo"
      text run at (11,1608) width 67: "in, elit. Nulla"
      text run at (11,1622) width 69: "facilisi. Proin"
      text run at (11,1636) width 77: "varius pede et"
      text run at (11,1650) width 56: "dui lacinia"
      text run at (11,1664) width 81: "dapibus. Morbi"
      text run at (11,1678) width 61: "nec augue."
      text run at (11,1692) width 83: "Proin imperdiet"
      text run at (11,1706) width 81: "lacus eu tellus."
layer at (197,308) size 125x100 clip at (198,309) size 123x85 scrollWidth 420 scrollHeight 146
  RenderBlock {DIV} at (189,300) size 125x100 [color=#DCDCDC] [bgcolor=#718D93] [border: (1px solid #D3D3D3)]
    RenderBlock {DIV} at (1,1) size 420x146
      RenderText {#text} at (10,11) size 396x126
        text run at (10,11) width 386: "Lorem ipsum dolor sit amet, consectetuer adipiscing elit. Morbi et nisi ut"
        text run at (10,25) width 365: "est venenatis viverra. Aenean pede orci, blandit quis, faucibus quis,"
        text run at (10,39) width 396: "egestas ut, mi. Pellentesque enim purus, venenatis dignissim, tincidunt a,"
        text run at (10,53) width 391: "ullamcorper eget, nibh. Nullam ut sem adipiscing orci vehicula interdum."
        text run at (10,67) width 371: "Proin a enim. Phasellus sollicitudin, magna vitae vestibulum facilisis,"
        text run at (10,81) width 390: "tellus nunc iaculis arcu, in molestie sem velit tempus est. In eleifend velit"
        text run at (10,95) width 353: "at sem adipiscing sodales. Nunc sapien felis, aliquam et, volutpat"
        text run at (10,109) width 381: "rhoncus, condimentum ut, tortor. Integer est. Quisque viverra. Praesent"
        text run at (10,123) width 310: "sed arcu. Maecenas id lorem a leo lobortis condimentum."
layer at (366,308) size 125x100 clip at (367,309) size 110x85 scrollWidth 420 scrollHeight 370
  RenderBlock {DIV} at (358,300) size 125x100 [color=#DCDCDC] [bgcolor=#718D93] [border: (1px solid #D3D3D3)]
    RenderBlock {DIV} at (1,1) size 420x370
      RenderText {#text} at (10,11) size 396x126
        text run at (10,11) width 386: "Lorem ipsum dolor sit amet, consectetuer adipiscing elit. Morbi et nisi ut"
        text run at (10,25) width 365: "est venenatis viverra. Aenean pede orci, blandit quis, faucibus quis,"
        text run at (10,39) width 396: "egestas ut, mi. Pellentesque enim purus, venenatis dignissim, tincidunt a,"
        text run at (10,53) width 391: "ullamcorper eget, nibh. Nullam ut sem adipiscing orci vehicula interdum."
        text run at (10,67) width 371: "Proin a enim. Phasellus sollicitudin, magna vitae vestibulum facilisis,"
        text run at (10,81) width 390: "tellus nunc iaculis arcu, in molestie sem velit tempus est. In eleifend velit"
        text run at (10,95) width 353: "at sem adipiscing sodales. Nunc sapien felis, aliquam et, volutpat"
        text run at (10,109) width 381: "rhoncus, condimentum ut, tortor. Integer est. Quisque viverra. Praesent"
        text run at (10,123) width 310: "sed arcu. Maecenas id lorem a leo lobortis condimentum."
      RenderBR {BR} at (319,123) size 1x13
      RenderBR {BR} at (10,137) size 0x13
      RenderText {#text} at (10,151) size 395x112
        text run at (10,151) width 377: "Cras commodo rutrum augue. Vivamus iaculis. Nullam est. Maecenas"
        text run at (10,165) width 377: "consequat. Sed id dui. Vivamus a nisl. Donec pretium sapien. Proin et"
        text run at (10,179) width 361: "ligula et ligula placerat pulvinar. Aliquam erat volutpat. Proin id est."
        text run at (10,193) width 395: "Suspendisse cursus, magna at hendrerit consequat, mauris est imperdiet"
        text run at (10,207) width 380: "neque, a ultrices arcu urna non nunc. Quisque tellus. Nulla nulla justo,"
        text run at (10,221) width 389: "vehicula nec, pellentesque eu, iaculis et, ligula. Praesent mattis ante vel"
        text run at (10,235) width 386: "sem. Suspendisse porta rhoncus urna. Phasellus felis. Praesent viverra"
        text run at (10,249) width 382: "convallis libero. Maecenas non augue. Donec hendrerit lectus id enim."
      RenderBR {BR} at (391,249) size 1x13
      RenderBR {BR} at (10,263) size 0x13
      RenderText {#text} at (10,277) size 394x84
        text run at (10,277) width 351: "Nulla ligula dui, euismod et, sodales quis, sollicitudin quis, elit. In"
        text run at (10,291) width 383: "adipiscing est sed enim. Fusce at massa vitae metus semper hendrerit."
        text run at (10,305) width 376: "Integer vitae urna. Nulla eget ligula. Etiam libero. Maecenas nisi nibh,"
        text run at (10,319) width 389: "convallis a, feugiat vitae, pulvinar et, mi. Curabitur arcu pede, adipiscing"
        text run at (10,333) width 394: "sed, egestas nec, commodo in, elit. Nulla facilisi. Proin varius pede et dui"
        text run at (10,347) width 354: "lacinia dapibus. Morbi nec augue. Proin imperdiet lacus eu tellus."
layer at (535,308) size 125x100 clip at (536,309) size 110x85 scrollWidth 420 scrollHeight 370
  RenderBlock {DIV} at (527,300) size 125x100 [color=#DCDCDC] [bgcolor=#718D93] [border: (1px solid #D3D3D3)]
    RenderBlock {DIV} at (1,1) size 420x370
      RenderText {#text} at (10,11) size 396x126
        text run at (10,11) width 386: "Lorem ipsum dolor sit amet, consectetuer adipiscing elit. Morbi et nisi ut"
        text run at (10,25) width 365: "est venenatis viverra. Aenean pede orci, blandit quis, faucibus quis,"
        text run at (10,39) width 396: "egestas ut, mi. Pellentesque enim purus, venenatis dignissim, tincidunt a,"
        text run at (10,53) width 391: "ullamcorper eget, nibh. Nullam ut sem adipiscing orci vehicula interdum."
        text run at (10,67) width 371: "Proin a enim. Phasellus sollicitudin, magna vitae vestibulum facilisis,"
        text run at (10,81) width 390: "tellus nunc iaculis arcu, in molestie sem velit tempus est. In eleifend velit"
        text run at (10,95) width 353: "at sem adipiscing sodales. Nunc sapien felis, aliquam et, volutpat"
        text run at (10,109) width 381: "rhoncus, condimentum ut, tortor. Integer est. Quisque viverra. Praesent"
        text run at (10,123) width 310: "sed arcu. Maecenas id lorem a leo lobortis condimentum."
      RenderBR {BR} at (319,123) size 1x13
      RenderBR {BR} at (10,137) size 0x13
      RenderText {#text} at (10,151) size 395x112
        text run at (10,151) width 377: "Cras commodo rutrum augue. Vivamus iaculis. Nullam est. Maecenas"
        text run at (10,165) width 377: "consequat. Sed id dui. Vivamus a nisl. Donec pretium sapien. Proin et"
        text run at (10,179) width 361: "ligula et ligula placerat pulvinar. Aliquam erat volutpat. Proin id est."
        text run at (10,193) width 395: "Suspendisse cursus, magna at hendrerit consequat, mauris est imperdiet"
        text run at (10,207) width 380: "neque, a ultrices arcu urna non nunc. Quisque tellus. Nulla nulla justo,"
        text run at (10,221) width 389: "vehicula nec, pellentesque eu, iaculis et, ligula. Praesent mattis ante vel"
        text run at (10,235) width 386: "sem. Suspendisse porta rhoncus urna. Phasellus felis. Praesent viverra"
        text run at (10,249) width 382: "convallis libero. Maecenas non augue. Donec hendrerit lectus id enim."
      RenderBR {BR} at (391,249) size 1x13
      RenderBR {BR} at (10,263) size 0x13
      RenderText {#text} at (10,277) size 394x84
        text run at (10,277) width 351: "Nulla ligula dui, euismod et, sodales quis, sollicitudin quis, elit. In"
        text run at (10,291) width 383: "adipiscing est sed enim. Fusce at massa vitae metus semper hendrerit."
        text run at (10,305) width 376: "Integer vitae urna. Nulla eget ligula. Etiam libero. Maecenas nisi nibh,"
        text run at (10,319) width 389: "convallis a, feugiat vitae, pulvinar et, mi. Curabitur arcu pede, adipiscing"
        text run at (10,333) width 394: "sed, egestas nec, commodo in, elit. Nulla facilisi. Proin varius pede et dui"
        text run at (10,347) width 354: "lacinia dapibus. Morbi nec augue. Proin imperdiet lacus eu tellus."
layer at (28,448) size 125x100 clip at (29,449) size 110x85 scrollWidth 420 scrollHeight 370
  RenderBlock {DIV} at (20,440) size 125x100 [color=#DCDCDC] [bgcolor=#718D93] [border: (1px solid #D3D3D3)]
    RenderBlock {DIV} at (1,1) size 420x370
      RenderText {#text} at (10,11) size 396x126
        text run at (10,11) width 386: "Lorem ipsum dolor sit amet, consectetuer adipiscing elit. Morbi et nisi ut"
        text run at (10,25) width 365: "est venenatis viverra. Aenean pede orci, blandit quis, faucibus quis,"
        text run at (10,39) width 396: "egestas ut, mi. Pellentesque enim purus, venenatis dignissim, tincidunt a,"
        text run at (10,53) width 391: "ullamcorper eget, nibh. Nullam ut sem adipiscing orci vehicula interdum."
        text run at (10,67) width 371: "Proin a enim. Phasellus sollicitudin, magna vitae vestibulum facilisis,"
        text run at (10,81) width 390: "tellus nunc iaculis arcu, in molestie sem velit tempus est. In eleifend velit"
        text run at (10,95) width 353: "at sem adipiscing sodales. Nunc sapien felis, aliquam et, volutpat"
        text run at (10,109) width 381: "rhoncus, condimentum ut, tortor. Integer est. Quisque viverra. Praesent"
        text run at (10,123) width 310: "sed arcu. Maecenas id lorem a leo lobortis condimentum."
      RenderBR {BR} at (319,123) size 1x13
      RenderBR {BR} at (10,137) size 0x13
      RenderText {#text} at (10,151) size 395x112
        text run at (10,151) width 377: "Cras commodo rutrum augue. Vivamus iaculis. Nullam est. Maecenas"
        text run at (10,165) width 377: "consequat. Sed id dui. Vivamus a nisl. Donec pretium sapien. Proin et"
        text run at (10,179) width 361: "ligula et ligula placerat pulvinar. Aliquam erat volutpat. Proin id est."
        text run at (10,193) width 395: "Suspendisse cursus, magna at hendrerit consequat, mauris est imperdiet"
        text run at (10,207) width 380: "neque, a ultrices arcu urna non nunc. Quisque tellus. Nulla nulla justo,"
        text run at (10,221) width 389: "vehicula nec, pellentesque eu, iaculis et, ligula. Praesent mattis ante vel"
        text run at (10,235) width 386: "sem. Suspendisse porta rhoncus urna. Phasellus felis. Praesent viverra"
        text run at (10,249) width 382: "convallis libero. Maecenas non augue. Donec hendrerit lectus id enim."
      RenderBR {BR} at (391,249) size 1x13
      RenderBR {BR} at (10,263) size 0x13
      RenderText {#text} at (10,277) size 394x84
        text run at (10,277) width 351: "Nulla ligula dui, euismod et, sodales quis, sollicitudin quis, elit. In"
        text run at (10,291) width 383: "adipiscing est sed enim. Fusce at massa vitae metus semper hendrerit."
        text run at (10,305) width 376: "Integer vitae urna. Nulla eget ligula. Etiam libero. Maecenas nisi nibh,"
        text run at (10,319) width 389: "convallis a, feugiat vitae, pulvinar et, mi. Curabitur arcu pede, adipiscing"
        text run at (10,333) width 394: "sed, egestas nec, commodo in, elit. Nulla facilisi. Proin varius pede et dui"
        text run at (10,347) width 354: "lacinia dapibus. Morbi nec augue. Proin imperdiet lacus eu tellus."
layer at (197,448) size 125x100 clip at (198,449) size 110x85 scrollWidth 420 scrollHeight 370
  RenderBlock {DIV} at (189,440) size 125x100 [color=#DCDCDC] [bgcolor=#718D93] [border: (1px solid #D3D3D3)]
    RenderBlock {DIV} at (1,1) size 420x370
      RenderText {#text} at (10,11) size 396x126
        text run at (10,11) width 386: "Lorem ipsum dolor sit amet, consectetuer adipiscing elit. Morbi et nisi ut"
        text run at (10,25) width 365: "est venenatis viverra. Aenean pede orci, blandit quis, faucibus quis,"
        text run at (10,39) width 396: "egestas ut, mi. Pellentesque enim purus, venenatis dignissim, tincidunt a,"
        text run at (10,53) width 391: "ullamcorper eget, nibh. Nullam ut sem adipiscing orci vehicula interdum."
        text run at (10,67) width 371: "Proin a enim. Phasellus sollicitudin, magna vitae vestibulum facilisis,"
        text run at (10,81) width 390: "tellus nunc iaculis arcu, in molestie sem velit tempus est. In eleifend velit"
        text run at (10,95) width 353: "at sem adipiscing sodales. Nunc sapien felis, aliquam et, volutpat"
        text run at (10,109) width 381: "rhoncus, condimentum ut, tortor. Integer est. Quisque viverra. Praesent"
        text run at (10,123) width 310: "sed arcu. Maecenas id lorem a leo lobortis condimentum."
      RenderBR {BR} at (319,123) size 1x13
      RenderBR {BR} at (10,137) size 0x13
      RenderText {#text} at (10,151) size 395x112
        text run at (10,151) width 377: "Cras commodo rutrum augue. Vivamus iaculis. Nullam est. Maecenas"
        text run at (10,165) width 377: "consequat. Sed id dui. Vivamus a nisl. Donec pretium sapien. Proin et"
        text run at (10,179) width 361: "ligula et ligula placerat pulvinar. Aliquam erat volutpat. Proin id est."
        text run at (10,193) width 395: "Suspendisse cursus, magna at hendrerit consequat, mauris est imperdiet"
        text run at (10,207) width 380: "neque, a ultrices arcu urna non nunc. Quisque tellus. Nulla nulla justo,"
        text run at (10,221) width 389: "vehicula nec, pellentesque eu, iaculis et, ligula. Praesent mattis ante vel"
        text run at (10,235) width 386: "sem. Suspendisse porta rhoncus urna. Phasellus felis. Praesent viverra"
        text run at (10,249) width 382: "convallis libero. Maecenas non augue. Donec hendrerit lectus id enim."
      RenderBR {BR} at (391,249) size 1x13
      RenderBR {BR} at (10,263) size 0x13
      RenderText {#text} at (10,277) size 394x84
        text run at (10,277) width 351: "Nulla ligula dui, euismod et, sodales quis, sollicitudin quis, elit. In"
        text run at (10,291) width 383: "adipiscing est sed enim. Fusce at massa vitae metus semper hendrerit."
        text run at (10,305) width 376: "Integer vitae urna. Nulla eget ligula. Etiam libero. Maecenas nisi nibh,"
        text run at (10,319) width 389: "convallis a, feugiat vitae, pulvinar et, mi. Curabitur arcu pede, adipiscing"
        text run at (10,333) width 394: "sed, egestas nec, commodo in, elit. Nulla facilisi. Proin varius pede et dui"
        text run at (10,347) width 354: "lacinia dapibus. Morbi nec augue. Proin imperdiet lacus eu tellus."
layer at (366,448) size 125x100 clip at (367,449) size 110x85 scrollWidth 420 scrollHeight 370
  RenderBlock {DIV} at (358,440) size 125x100 [color=#DCDCDC] [bgcolor=#718D93] [border: (1px solid #D3D3D3)]
    RenderBlock {DIV} at (1,1) size 420x370
      RenderText {#text} at (10,11) size 396x126
        text run at (10,11) width 386: "Lorem ipsum dolor sit amet, consectetuer adipiscing elit. Morbi et nisi ut"
        text run at (10,25) width 365: "est venenatis viverra. Aenean pede orci, blandit quis, faucibus quis,"
        text run at (10,39) width 396: "egestas ut, mi. Pellentesque enim purus, venenatis dignissim, tincidunt a,"
        text run at (10,53) width 391: "ullamcorper eget, nibh. Nullam ut sem adipiscing orci vehicula interdum."
        text run at (10,67) width 371: "Proin a enim. Phasellus sollicitudin, magna vitae vestibulum facilisis,"
        text run at (10,81) width 390: "tellus nunc iaculis arcu, in molestie sem velit tempus est. In eleifend velit"
        text run at (10,95) width 353: "at sem adipiscing sodales. Nunc sapien felis, aliquam et, volutpat"
        text run at (10,109) width 381: "rhoncus, condimentum ut, tortor. Integer est. Quisque viverra. Praesent"
        text run at (10,123) width 310: "sed arcu. Maecenas id lorem a leo lobortis condimentum."
      RenderBR {BR} at (319,123) size 1x13
      RenderBR {BR} at (10,137) size 0x13
      RenderText {#text} at (10,151) size 395x112
        text run at (10,151) width 377: "Cras commodo rutrum augue. Vivamus iaculis. Nullam est. Maecenas"
        text run at (10,165) width 377: "consequat. Sed id dui. Vivamus a nisl. Donec pretium sapien. Proin et"
        text run at (10,179) width 361: "ligula et ligula placerat pulvinar. Aliquam erat volutpat. Proin id est."
        text run at (10,193) width 395: "Suspendisse cursus, magna at hendrerit consequat, mauris est imperdiet"
        text run at (10,207) width 380: "neque, a ultrices arcu urna non nunc. Quisque tellus. Nulla nulla justo,"
        text run at (10,221) width 389: "vehicula nec, pellentesque eu, iaculis et, ligula. Praesent mattis ante vel"
        text run at (10,235) width 386: "sem. Suspendisse porta rhoncus urna. Phasellus felis. Praesent viverra"
        text run at (10,249) width 382: "convallis libero. Maecenas non augue. Donec hendrerit lectus id enim."
      RenderBR {BR} at (391,249) size 1x13
      RenderBR {BR} at (10,263) size 0x13
      RenderText {#text} at (10,277) size 394x84
        text run at (10,277) width 351: "Nulla ligula dui, euismod et, sodales quis, sollicitudin quis, elit. In"
        text run at (10,291) width 383: "adipiscing est sed enim. Fusce at massa vitae metus semper hendrerit."
        text run at (10,305) width 376: "Integer vitae urna. Nulla eget ligula. Etiam libero. Maecenas nisi nibh,"
        text run at (10,319) width 389: "convallis a, feugiat vitae, pulvinar et, mi. Curabitur arcu pede, adipiscing"
        text run at (10,333) width 394: "sed, egestas nec, commodo in, elit. Nulla facilisi. Proin varius pede et dui"
        text run at (10,347) width 354: "lacinia dapibus. Morbi nec augue. Proin imperdiet lacus eu tellus."
