layer at (0,0) size 800x600
  RenderView at (0,0) size 800x600
layer at (0,0) size 800x117
  RenderBlock {HTML} at (0,0) size 800x117
    RenderBody {BODY} at (8,8) size 784x101
      RenderBlock (anonymous) at (0,0) size 784x40
        RenderText {#text} at (0,0) size 720x39
          text run at (0,0) width 720: "This test makes sure punctuation laid out with the system font does not use vertical glyphs. The test passes if the"
          text run at (0,20) width 527: "semicolon below looks like a regular horizontal semicolon (;) and is not sideways."
      RenderBlock {DIV} at (0,40) size 784x61
        RenderText {#text} at (0,0) size 14x61
          text run at (0,0) width 14: ";"
