layer at (0,0) size 800x600
  RenderView at (0,0) size 800x600
layer at (0,0) size 800x259
  RenderBlock {HTML} at (0,0) size 800x259
    RenderBody {BODY} at (8,16) size 784x227
      RenderBlock {P} at (0,0) size 784x19
        RenderText {#text} at (0,1) size 521x18
          text run at (0,1) width 506: "The following two blocks should be identical, including overflow. (Force bidi: "
          text run at (505,1) width 11 RTL: "\x{5D0}"
          text run at (515,1) width 6: ")"
      RenderBlock {DIV} at (0,35) size 784x192
        RenderBlock {P} at (16,0) size 294x88 [bgcolor=#FFFFCC] [border: (3px solid #000000)]
          RenderInline {SPAN} at (11,16) size 118x38 [color=#000080] [border: (3px solid #000080) none (3px solid #000080)]
            RenderText {#text} at (30,26) size 99x18
              text run at (30,26) width 99: "AAABBBCCC"
          RenderText {#text} at (128,26) size 92x18
            text run at (128,26) width 92: "DDDEEEFFF"
          RenderInline {SPAN} at (219,16) size 105x38 [color=#000080] [border: (3px solid #000080) none]
            RenderText {#text} at (219,26) size 86x18
              text run at (219,26) width 86: "GGGHHHIII"
          RenderText {#text} at (11,59) size 195x18
            text run at (11,59) width 195: "JJJKKKLLLMMMNNNOOO"
        RenderBlock {P} at (16,104) size 294x88 [bgcolor=#FFFFCC] [border: (3px solid #000000)]
          RenderInline {SPAN} at (11,16) size 313x38 [color=#000080] [border: (3px solid #000080)]
            RenderText {#text} at (30,26) size 275x18
              text run at (30,26) width 99: "AAABBBCCC"
              text run at (219,26) width 86 RTL: "\x{202E}IIIHHHGGG"
          RenderText {#text} at (11,26) size 209x51
            text run at (128,26) width 92 RTL: "FFFEEEDDD"
            text run at (11,59) width 83 RTL: "LLLKKKJJJ"
            text run at (93,59) width 113: "\x{202C}MMMNNNOOO"
