layer at (0,0) size 800x600
  RenderView at (0,0) size 800x600
layer at (0,0) size 800x600
  RenderBlock {HTML} at (0,0) size 800x600
    RenderBody {BODY} at (8,8) size 784x584
      RenderBlock (floating) {DIV} at (0,0) size 259x22 [border: (2px solid #008000)]
        RenderText {#text} at (2,2) size 255x17
          text run at (2,2) width 41: "Words"
          text run at (37,2) width 47: " should"
          text run at (78,2) width 35: " have"
          text run at (107,2) width 12: " a"
          text run at (113,2) width 58: " negative"
          text run at (165,2) width 53: " spacing"
          text run at (212,2) width 18: " of"
          text run at (224,2) width 33: " 5px."
