layer at (0,0) size 800x600
  RenderView at (0,0) size 800x600
layer at (0,0) size 800x600
  RenderBlock {HTML} at (0,0) size 800x600
    RenderBody {BODY} at (8,8) size 784x576
      RenderBlock {DIV} at (0,0) size 396x201 [border: (2px solid #FF0000)]
        RenderBlock {P} at (2,18) size 392x38
          RenderText {#text} at (0,1) size 361x36
            text run at (0,1) width 361: "I\x{2019}m told this is the longest word in the English"
            text run at (0,20) width 322: "language: anti\x{AD}dis\x{AD}est\x{AD}ab\x{AD}lish\x{AD}ment\x{AD}arian\x{AD}ism."
        RenderBlock {P} at (2,72) size 392x38
          RenderText {#text} at (0,1) size 361x36
            text run at (0,1) width 361: "I\x{2019}m told this is the longest word in the English"
            text run at (0,20) width 322: "language: anti\x{AD}dis\x{AD}est\x{AD}ab\x{AD}lish\x{AD}ment\x{AD}arian\x{AD}ism."
        RenderBlock {P} at (2,126) size 392x57
          RenderText {#text} at (0,1) size 361x36
            text run at (0,1) width 361: "I\x{2019}m told this is the longest word in the English"
            text run at (0,20) width 180: "language: anti\x{AD}dis\x{AD}est\x{AD}ab\x{AD}"
          RenderBR {BR} at (180,20) size 0x17
          RenderText {#text} at (0,39) size 142x17
            text run at (0,39) width 142: "lish\x{AD}ment\x{AD}arian\x{AD}ism."
      RenderBlock {P} at (0,217) size 784x0
      RenderBlock (floating) {DIV} at (0,217) size 692x144 [border: (2px solid #FF0000)]
        RenderBlock {P} at (2,18) size 688x19
          RenderText {#text} at (0,1) size 688x17
            text run at (0,1) width 688: "I\x{2019}m told this is the longest word in the English language: anti\x{AD}dis\x{AD}est\x{AD}ab\x{AD}lish\x{AD}ment\x{AD}arian\x{AD}ism."
        RenderBlock {P} at (2,53) size 688x19
          RenderText {#text} at (0,1) size 688x17
            text run at (0,1) width 688: "I\x{2019}m told this is the longest word in the English language: anti\x{AD}dis\x{AD}est\x{AD}ab\x{AD}lish\x{AD}ment\x{AD}arian\x{AD}ism."
        RenderBlock {P} at (2,88) size 688x38
          RenderText {#text} at (0,1) size 546x17
            text run at (0,1) width 546: "I\x{2019}m told this is the longest word in the English language: anti\x{AD}dis\x{AD}est\x{AD}ab\x{AD}"
          RenderBR {BR} at (545,1) size 1x17
          RenderText {#text} at (0,20) size 142x17
            text run at (0,20) width 142: "lish\x{AD}ment\x{AD}arian\x{AD}ism."
