layer at (0,0) size 800x600
  RenderView at (0,0) size 800x600
layer at (0,0) size 800x40
  RenderBlock {HTML} at (0,0) size 800x40
    RenderBody {BODY} at (8,8) size 784x24
      RenderFileUploadControl {INPUT} at (2,2) size 266x20 "no file selected"
        RenderButton {INPUT} at (0,0) size 86x20 [color=#007AFF] [bgcolor=#E9E9EA] [border: (1px solid #FFFFFF)]
          RenderBlock (anonymous) at (12,3) size 62x14
            RenderText at (0,0) size 62x14
              text run at (0,0) width 62: "Choose File"
      RenderText {#text} at (0,0) size 0x0
      RenderText {#text} at (0,0) size 0x0
