layer at (0,0) size 2460x585
  RenderView at (0,0) size 800x585
    RenderMultiColumnSet at (0,0) size 800x585
layer at (0,0) size 385x3116 backgroundClip at (0,0) size 2460x585 clip at (0,0) size 2460x585
  RenderMultiColumnFlowThread at (0,0) size 385x3116
layer at (0,0) size 385x3116 backgroundClip at (0,0) size 2460x585 clip at (0,0) size 2460x585
  RenderBlock {HTML} at (0,0) size 385x3116 [border: (1px solid #008000)]
    RenderBody {BODY} at (4,4) size 377x3108 [border: (1px solid #000000)]
      RenderBlock {P} at (1,25) size 375x351
        RenderText {#text} at (0,0) size 373x350
          text run at (0,0) width 291: "1 Lorem ipsum dolor sit amet,"
          text run at (0,27) width 332: "consectetur adipisicing elit, sed do"
          text run at (0,54) width 373: "eiusmod tempor incididunt ut labore et"
          text run at (0,81) width 315: "dolore magna aliqua. Ut enim ad"
          text run at (0,108) width 270: "minim veniam, quis nostrud"
          text run at (0,135) width 334: "exercitation ullamco laboris nisi ut"
          text run at (0,162) width 333: "aliquip ex ea commodo consequat."
          text run at (0,189) width 358: "Duis aute irure dolor in reprehenderit"
          text run at (0,216) width 372: "in voluptate velit esse cillum dolore eu"
          text run at (0,243) width 340: "fugiat nulla pariatur. Excepteur sint"
          text run at (0,270) width 357: "occaecat cupidatat non proident, sunt"
          text run at (0,297) width 333: "in culpa qui officia deserunt mollit"
          text run at (0,324) width 198: "anim id est laborum."
      RenderBlock {P} at (1,400) size 375x370
        RenderText {#text} at (0,0) size 373x369
          text run at (0,0) width 291: "2 Lorem ipsum dolor sit amet,"
          text run at (0,27) width 332: "consectetur adipisicing elit, sed do"
          text run at (0,54) width 373: "eiusmod tempor incididunt ut labore et"
          text run at (0,81) width 315: "dolore magna aliqua. Ut enim ad"
          text run at (0,108) width 270: "minim veniam, quis nostrud"
          text run at (0,135) width 334: "exercitation ullamco laboris nisi ut"
          text run at (0,181) width 333: "aliquip ex ea commodo consequat."
          text run at (0,208) width 358: "Duis aute irure dolor in reprehenderit"
          text run at (0,235) width 372: "in voluptate velit esse cillum dolore eu"
          text run at (0,262) width 340: "fugiat nulla pariatur. Excepteur sint"
          text run at (0,289) width 357: "occaecat cupidatat non proident, sunt"
          text run at (0,316) width 333: "in culpa qui officia deserunt mollit"
          text run at (0,343) width 198: "anim id est laborum."
      RenderBlock {P} at (1,794) size 375x351
        RenderText {#text} at (0,0) size 373x350
          text run at (0,0) width 291: "3 Lorem ipsum dolor sit amet,"
          text run at (0,27) width 332: "consectetur adipisicing elit, sed do"
          text run at (0,54) width 373: "eiusmod tempor incididunt ut labore et"
          text run at (0,81) width 315: "dolore magna aliqua. Ut enim ad"
          text run at (0,108) width 270: "minim veniam, quis nostrud"
          text run at (0,135) width 334: "exercitation ullamco laboris nisi ut"
          text run at (0,162) width 333: "aliquip ex ea commodo consequat."
          text run at (0,189) width 358: "Duis aute irure dolor in reprehenderit"
          text run at (0,216) width 372: "in voluptate velit esse cillum dolore eu"
          text run at (0,243) width 340: "fugiat nulla pariatur. Excepteur sint"
          text run at (0,270) width 357: "occaecat cupidatat non proident, sunt"
          text run at (0,297) width 333: "in culpa qui officia deserunt mollit"
          text run at (0,324) width 198: "anim id est laborum."
      RenderBlock {P} at (1,1166) size 375x351
        RenderText {#text} at (0,0) size 373x350
          text run at (0,0) width 291: "4 Lorem ipsum dolor sit amet,"
          text run at (0,27) width 332: "consectetur adipisicing elit, sed do"
          text run at (0,54) width 373: "eiusmod tempor incididunt ut labore et"
          text run at (0,81) width 315: "dolore magna aliqua. Ut enim ad"
          text run at (0,108) width 270: "minim veniam, quis nostrud"
          text run at (0,135) width 334: "exercitation ullamco laboris nisi ut"
          text run at (0,162) width 333: "aliquip ex ea commodo consequat."
          text run at (0,189) width 358: "Duis aute irure dolor in reprehenderit"
          text run at (0,216) width 372: "in voluptate velit esse cillum dolore eu"
          text run at (0,243) width 340: "fugiat nulla pariatur. Excepteur sint"
          text run at (0,270) width 357: "occaecat cupidatat non proident, sunt"
          text run at (0,297) width 333: "in culpa qui officia deserunt mollit"
          text run at (0,324) width 198: "anim id est laborum."
      RenderBlock {P} at (1,1541) size 375x372
        RenderText {#text} at (0,0) size 373x371
          text run at (0,0) width 291: "5 Lorem ipsum dolor sit amet,"
          text run at (0,27) width 332: "consectetur adipisicing elit, sed do"
          text run at (0,54) width 373: "eiusmod tempor incididunt ut labore et"
          text run at (0,81) width 315: "dolore magna aliqua. Ut enim ad"
          text run at (0,108) width 270: "minim veniam, quis nostrud"
          text run at (0,135) width 334: "exercitation ullamco laboris nisi ut"
          text run at (0,162) width 333: "aliquip ex ea commodo consequat."
          text run at (0,210) width 358: "Duis aute irure dolor in reprehenderit"
          text run at (0,237) width 372: "in voluptate velit esse cillum dolore eu"
          text run at (0,264) width 340: "fugiat nulla pariatur. Excepteur sint"
          text run at (0,291) width 357: "occaecat cupidatat non proident, sunt"
          text run at (0,318) width 333: "in culpa qui officia deserunt mollit"
          text run at (0,345) width 198: "anim id est laborum."
      RenderBlock {P} at (1,1937) size 375x351
        RenderText {#text} at (0,0) size 373x350
          text run at (0,0) width 291: "6 Lorem ipsum dolor sit amet,"
          text run at (0,27) width 332: "consectetur adipisicing elit, sed do"
          text run at (0,54) width 373: "eiusmod tempor incididunt ut labore et"
          text run at (0,81) width 315: "dolore magna aliqua. Ut enim ad"
          text run at (0,108) width 270: "minim veniam, quis nostrud"
          text run at (0,135) width 334: "exercitation ullamco laboris nisi ut"
          text run at (0,162) width 333: "aliquip ex ea commodo consequat."
          text run at (0,189) width 358: "Duis aute irure dolor in reprehenderit"
          text run at (0,216) width 372: "in voluptate velit esse cillum dolore eu"
          text run at (0,243) width 340: "fugiat nulla pariatur. Excepteur sint"
          text run at (0,270) width 357: "occaecat cupidatat non proident, sunt"
          text run at (0,297) width 333: "in culpa qui officia deserunt mollit"
          text run at (0,324) width 198: "anim id est laborum."
      RenderBlock {P} at (1,2336) size 375x351
        RenderText {#text} at (0,0) size 373x350
          text run at (0,0) width 291: "7 Lorem ipsum dolor sit amet,"
          text run at (0,27) width 332: "consectetur adipisicing elit, sed do"
          text run at (0,54) width 373: "eiusmod tempor incididunt ut labore et"
          text run at (0,81) width 315: "dolore magna aliqua. Ut enim ad"
          text run at (0,108) width 270: "minim veniam, quis nostrud"
          text run at (0,135) width 334: "exercitation ullamco laboris nisi ut"
          text run at (0,162) width 333: "aliquip ex ea commodo consequat."
          text run at (0,189) width 358: "Duis aute irure dolor in reprehenderit"
          text run at (0,216) width 372: "in voluptate velit esse cillum dolore eu"
          text run at (0,243) width 340: "fugiat nulla pariatur. Excepteur sint"
          text run at (0,270) width 357: "occaecat cupidatat non proident, sunt"
          text run at (0,297) width 333: "in culpa qui officia deserunt mollit"
          text run at (0,324) width 198: "anim id est laborum."
      RenderBlock {P} at (1,2711) size 375x372
        RenderText {#text} at (0,0) size 373x371
          text run at (0,0) width 291: "8 Lorem ipsum dolor sit amet,"
          text run at (0,27) width 332: "consectetur adipisicing elit, sed do"
          text run at (0,54) width 373: "eiusmod tempor incididunt ut labore et"
          text run at (0,81) width 315: "dolore magna aliqua. Ut enim ad"
          text run at (0,108) width 270: "minim veniam, quis nostrud"
          text run at (0,135) width 334: "exercitation ullamco laboris nisi ut"
          text run at (0,162) width 333: "aliquip ex ea commodo consequat."
          text run at (0,210) width 358: "Duis aute irure dolor in reprehenderit"
          text run at (0,237) width 372: "in voluptate velit esse cillum dolore eu"
          text run at (0,264) width 340: "fugiat nulla pariatur. Excepteur sint"
          text run at (0,291) width 357: "occaecat cupidatat non proident, sunt"
          text run at (0,318) width 333: "in culpa qui officia deserunt mollit"
          text run at (0,345) width 198: "anim id est laborum."
layer at (1250,80) size 56x56
  RenderBlock (positioned) {DIV} at (1250,80) size 56x56 [border: (3px solid #0000FF)]
caret: position 353 of child 0 {#text} of child 11 {P} of body
scrolled to 800,0
