layer at (0,0) size 2460x585
  RenderView at (0,0) size 800x585
    RenderMultiColumnSet at (0,0) size 800x585
layer at (-1208,0) size 2008x585 backgroundClip at (0,0) size 2460x585 clip at (0,0) size 2460x585
  RenderMultiColumnFlowThread at (0,0) size 2008x585
layer at (-1208,0) size 2008x585 backgroundClip at (0,0) size 2460x585 clip at (0,0) size 2460x585
  RenderBlock {HTML} at (0,0) size 2008x585 [border: (1px solid #008000)]
    RenderBody {BODY} at (4,4) size 2000x577 [border: (1px solid #000000)]
      RenderBlock {P} at (25,1) size 216x575
        RenderText {#text} at (0,0) size 215x573
          text run at (0,0) width 568: "1 Lorem ipsum dolor sit amet, consectetur adipisicing elit,"
          text run at (27,0) width 514: "sed do eiusmod tempor incididunt ut labore et dolore"
          text run at (54,0) width 529: "magna aliqua. Ut enim ad minim veniam, quis nostrud"
          text run at (81,0) width 573: "exercitation ullamco laboris nisi ut aliquip ex ea commodo"
          text run at (108,0) width 496: "consequat. Duis aute irure dolor in reprehenderit in"
          text run at (135,0) width 559: "voluptate velit esse cillum dolore eu fugiat nulla pariatur."
          text run at (162,0) width 533: "Excepteur sint occaecat cupidatat non proident, sunt in"
          text run at (189,0) width 519: "culpa qui officia deserunt mollit anim id est laborum."
      RenderBlock {P} at (265,1) size 224x575
        RenderText {#text} at (0,0) size 223x573
          text run at (0,0) width 568: "2 Lorem ipsum dolor sit amet, consectetur adipisicing elit,"
          text run at (27,0) width 514: "sed do eiusmod tempor incididunt ut labore et dolore"
          text run at (54,0) width 529: "magna aliqua. Ut enim ad minim veniam, quis nostrud"
          text run at (81,0) width 573: "exercitation ullamco laboris nisi ut aliquip ex ea commodo"
          text run at (116,0) width 496: "consequat. Duis aute irure dolor in reprehenderit in"
          text run at (143,0) width 559: "voluptate velit esse cillum dolore eu fugiat nulla pariatur."
          text run at (170,0) width 533: "Excepteur sint occaecat cupidatat non proident, sunt in"
          text run at (197,0) width 519: "culpa qui officia deserunt mollit anim id est laborum."
      RenderBlock {P} at (513,1) size 216x575
        RenderText {#text} at (0,0) size 215x573
          text run at (0,0) width 568: "3 Lorem ipsum dolor sit amet, consectetur adipisicing elit,"
          text run at (27,0) width 514: "sed do eiusmod tempor incididunt ut labore et dolore"
          text run at (54,0) width 529: "magna aliqua. Ut enim ad minim veniam, quis nostrud"
          text run at (81,0) width 573: "exercitation ullamco laboris nisi ut aliquip ex ea commodo"
          text run at (108,0) width 496: "consequat. Duis aute irure dolor in reprehenderit in"
          text run at (135,0) width 559: "voluptate velit esse cillum dolore eu fugiat nulla pariatur."
          text run at (162,0) width 533: "Excepteur sint occaecat cupidatat non proident, sunt in"
          text run at (189,0) width 519: "culpa qui officia deserunt mollit anim id est laborum."
      RenderBlock {P} at (766,1) size 216x575
        RenderText {#text} at (0,0) size 215x573
          text run at (0,0) width 568: "4 Lorem ipsum dolor sit amet, consectetur adipisicing elit,"
          text run at (27,0) width 514: "sed do eiusmod tempor incididunt ut labore et dolore"
          text run at (54,0) width 529: "magna aliqua. Ut enim ad minim veniam, quis nostrud"
          text run at (81,0) width 573: "exercitation ullamco laboris nisi ut aliquip ex ea commodo"
          text run at (108,0) width 496: "consequat. Duis aute irure dolor in reprehenderit in"
          text run at (135,0) width 559: "voluptate velit esse cillum dolore eu fugiat nulla pariatur."
          text run at (162,0) width 533: "Excepteur sint occaecat cupidatat non proident, sunt in"
          text run at (189,0) width 519: "culpa qui officia deserunt mollit anim id est laborum."
      RenderBlock {P} at (1006,1) size 226x575
        RenderText {#text} at (0,0) size 225x573
          text run at (0,0) width 568: "5 Lorem ipsum dolor sit amet, consectetur adipisicing elit,"
          text run at (27,0) width 514: "sed do eiusmod tempor incididunt ut labore et dolore"
          text run at (54,0) width 529: "magna aliqua. Ut enim ad minim veniam, quis nostrud"
          text run at (81,0) width 573: "exercitation ullamco laboris nisi ut aliquip ex ea commodo"
          text run at (108,0) width 496: "consequat. Duis aute irure dolor in reprehenderit in"
          text run at (145,0) width 559: "voluptate velit esse cillum dolore eu fugiat nulla pariatur."
          text run at (172,0) width 533: "Excepteur sint occaecat cupidatat non proident, sunt in"
          text run at (199,0) width 519: "culpa qui officia deserunt mollit anim id est laborum."
      RenderBlock {P} at (1256,1) size 216x575
        RenderText {#text} at (0,0) size 215x573
          text run at (0,0) width 568: "6 Lorem ipsum dolor sit amet, consectetur adipisicing elit,"
          text run at (27,0) width 514: "sed do eiusmod tempor incididunt ut labore et dolore"
          text run at (54,0) width 529: "magna aliqua. Ut enim ad minim veniam, quis nostrud"
          text run at (81,0) width 573: "exercitation ullamco laboris nisi ut aliquip ex ea commodo"
          text run at (108,0) width 496: "consequat. Duis aute irure dolor in reprehenderit in"
          text run at (135,0) width 559: "voluptate velit esse cillum dolore eu fugiat nulla pariatur."
          text run at (162,0) width 533: "Excepteur sint occaecat cupidatat non proident, sunt in"
          text run at (189,0) width 519: "culpa qui officia deserunt mollit anim id est laborum."
      RenderBlock {P} at (1496,1) size 229x575
        RenderText {#text} at (0,0) size 228x573
          text run at (0,0) width 568: "7 Lorem ipsum dolor sit amet, consectetur adipisicing elit,"
          text run at (40,0) width 514: "sed do eiusmod tempor incididunt ut labore et dolore"
          text run at (67,0) width 529: "magna aliqua. Ut enim ad minim veniam, quis nostrud"
          text run at (94,0) width 573: "exercitation ullamco laboris nisi ut aliquip ex ea commodo"
          text run at (121,0) width 496: "consequat. Duis aute irure dolor in reprehenderit in"
          text run at (148,0) width 559: "voluptate velit esse cillum dolore eu fugiat nulla pariatur."
          text run at (175,0) width 533: "Excepteur sint occaecat cupidatat non proident, sunt in"
          text run at (202,0) width 519: "culpa qui officia deserunt mollit anim id est laborum."
      RenderBlock {P} at (1749,1) size 226x575
        RenderText {#text} at (0,0) size 225x573
          text run at (0,0) width 568: "8 Lorem ipsum dolor sit amet, consectetur adipisicing elit,"
          text run at (27,0) width 514: "sed do eiusmod tempor incididunt ut labore et dolore"
          text run at (54,0) width 529: "magna aliqua. Ut enim ad minim veniam, quis nostrud"
          text run at (81,0) width 573: "exercitation ullamco laboris nisi ut aliquip ex ea commodo"
          text run at (108,0) width 496: "consequat. Duis aute irure dolor in reprehenderit in"
          text run at (135,0) width 559: "voluptate velit esse cillum dolore eu fugiat nulla pariatur."
          text run at (172,0) width 533: "Excepteur sint occaecat cupidatat non proident, sunt in"
          text run at (199,0) width 519: "culpa qui officia deserunt mollit anim id est laborum."
caret: position 175 of child 0 {#text} of child 11 {P} of body
scrolled to -800,0
