layer at (0,0) size 800x1306
  RenderView at (0,0) size 800x600
layer at (0,0) size 800x1306
  RenderBlock {HTML} at (0,0) size 800x1306
    RenderBody {BODY} at (8,8) size 784x1290 [bgcolor=#CCCCCC]
      RenderBlock {P} at (0,0) size 784x20
        RenderText {#text} at (0,0) size 363x19
          text run at (0,0) width 363: "The style declarations which apply to the text below are:"
      RenderBlock {PRE} at (0,36) size 784x126
        RenderText {#text} at (0,0) size 305x126
          text run at (0,0) width 211: "DIV.a {font-family: serif;}"
          text run at (210,0) width 1: " "
          text run at (0,14) width 242: "DIV.b {font-family: monospace;}"
          text run at (241,14) width 1: " "
          text run at (0,28) width 203: ".one {font-family: serif;}"
          text run at (202,28) width 1: " "
          text run at (0,42) width 242: ".two {font-family: sans-serif;}"
          text run at (241,42) width 1: " "
          text run at (0,56) width 235: ".three {font-family: cursive;}"
          text run at (234,56) width 1: " "
          text run at (0,70) width 227: ".four {font-family: fantasy;}"
          text run at (226,70) width 1: " "
          text run at (0,84) width 242: ".five {font-family: monospace;}"
          text run at (241,84) width 1: " "
          text run at (0,98) width 305: ".six {font-family: sans-serif,cursive;}"
          text run at (304,98) width 1: " "
          text run at (0,112) width 297: ".seven {font-family: monospace,serif;}"
          text run at (296,112) width 1: " "
      RenderBlock {DIV} at (0,193) size 784x200
        RenderBlock {P} at (0,0) size 784x20
          RenderText {#text} at (0,0) size 655x19
            text run at (0,0) width 655: "This sentence is normal for the first division, which is the next five sentences; it should be a serif font."
        RenderBlock {P} at (0,36) size 784x20
          RenderText {#text} at (0,0) size 248x19
            text run at (0,0) width 248: "This sentence should be in a serif font."
        RenderBlock {P} at (0,72) size 784x20
          RenderText {#text} at (0,0) size 314x20
            text run at (0,0) width 314: "This sentence should be in a sans-serif font."
        RenderBlock {P} at (0,108) size 784x20
          RenderText {#text} at (0,0) size 265x19
            text run at (0,0) width 265: "This sentence should be in a cursive font."
        RenderBlock {P} at (0,144) size 784x26
          RenderText {#text} at (0,0) size 296x26
            text run at (0,0) width 296: "This sentence should be in a fantasy font."
        RenderBlock {P} at (0,186) size 784x14
          RenderText {#text} at (0,0) size 344x14
            text run at (0,0) width 344: "This sentence should be in a monospace font."
      RenderBlock {P} at (0,424) size 784x20
        RenderText {#text} at (0,0) size 400x20
          text run at (0,0) width 400: "This sentence should be in a sans-serif font, not cursive."
      RenderBlock {P} at (0,460) size 784x17
        RenderText {#text} at (0,0) size 529x17
          text run at (0,0) width 529: "This sentence should be in a monospace font, not serif."
      RenderBlock {DIV} at (0,508) size 784x208
        RenderBlock {P} at (0,0) size 784x28
          RenderText {#text} at (0,0) size 749x28
            text run at (0,0) width 749: "This sentence is normal for the first division, which is the next five sentences; it should be a"
            text run at (0,14) width 118: "monospace font."
        RenderBlock {P} at (0,44) size 784x20
          RenderText {#text} at (0,0) size 248x19
            text run at (0,0) width 248: "This sentence should be in a serif font."
        RenderBlock {P} at (0,80) size 784x20
          RenderText {#text} at (0,0) size 314x20
            text run at (0,0) width 314: "This sentence should be in a sans-serif font."
        RenderBlock {P} at (0,116) size 784x20
          RenderText {#text} at (0,0) size 265x19
            text run at (0,0) width 265: "This sentence should be in a cursive font."
        RenderBlock {P} at (0,152) size 784x26
          RenderText {#text} at (0,0) size 296x26
            text run at (0,0) width 296: "This sentence should be in a fantasy font."
        RenderBlock {P} at (0,194) size 784x14
          RenderText {#text} at (0,0) size 344x14
            text run at (0,0) width 344: "This sentence should be in a monospace font."
      RenderTable {TABLE} at (0,729) size 784x561 [border: (1px outset #808080)]
        RenderTableSection {TBODY} at (1,1) size 782x559
          RenderTableRow {TR} at (0,0) size 782x28
            RenderTableCell {TD} at (0,0) size 782x28 [bgcolor=#C0C0C0] [border: (1px inset #808080)] [r=0 c=0 rs=1 cs=2]
              RenderInline {STRONG} at (4,4) size 161x19
                RenderText {#text} at (4,4) size 161x19
                  text run at (4,4) width 161: "TABLE Testing Section"
          RenderTableRow {TR} at (0,28) size 782x531
            RenderTableCell {TD} at (0,279) size 12x29 [bgcolor=#C0C0C0] [border: (1px inset #808080)] [r=1 c=0 rs=1 cs=1]
              RenderText {#text} at (4,255) size 4x20
                text run at (4,4) width 4: " "
            RenderTableCell {TD} at (12,28) size 770x531 [border: (1px inset #808080)] [r=1 c=1 rs=1 cs=1]
              RenderBlock {DIV} at (4,4) size 762x200
                RenderBlock {P} at (0,0) size 762x20
                  RenderText {#text} at (0,0) size 655x19
                    text run at (0,0) width 655: "This sentence is normal for the first division, which is the next five sentences; it should be a serif font."
                RenderBlock {P} at (0,36) size 762x20
                  RenderText {#text} at (0,0) size 248x19
                    text run at (0,0) width 248: "This sentence should be in a serif font."
                RenderBlock {P} at (0,72) size 762x20
                  RenderText {#text} at (0,0) size 314x20
                    text run at (0,0) width 314: "This sentence should be in a sans-serif font."
                RenderBlock {P} at (0,108) size 762x20
                  RenderText {#text} at (0,0) size 265x19
                    text run at (0,0) width 265: "This sentence should be in a cursive font."
                RenderBlock {P} at (0,144) size 762x26
                  RenderText {#text} at (0,0) size 296x26
                    text run at (0,0) width 296: "This sentence should be in a fantasy font."
                RenderBlock {P} at (0,186) size 762x14
                  RenderText {#text} at (0,0) size 344x14
                    text run at (0,0) width 344: "This sentence should be in a monospace font."
              RenderBlock {P} at (4,235) size 762x20
                RenderText {#text} at (0,0) size 400x20
                  text run at (0,0) width 400: "This sentence should be in a sans-serif font, not cursive."
              RenderBlock {P} at (4,271) size 762x17
                RenderText {#text} at (0,0) size 529x17
                  text run at (0,0) width 529: "This sentence should be in a monospace font, not serif."
              RenderBlock {DIV} at (4,319) size 762x208
                RenderBlock {P} at (0,0) size 762x28
                  RenderText {#text} at (0,0) size 749x28
                    text run at (0,0) width 749: "This sentence is normal for the first division, which is the next five sentences; it should be a"
                    text run at (0,14) width 118: "monospace font."
                RenderBlock {P} at (0,44) size 762x20
                  RenderText {#text} at (0,0) size 248x19
                    text run at (0,0) width 248: "This sentence should be in a serif font."
                RenderBlock {P} at (0,80) size 762x20
                  RenderText {#text} at (0,0) size 314x20
                    text run at (0,0) width 314: "This sentence should be in a sans-serif font."
                RenderBlock {P} at (0,116) size 762x20
                  RenderText {#text} at (0,0) size 265x19
                    text run at (0,0) width 265: "This sentence should be in a cursive font."
                RenderBlock {P} at (0,152) size 762x26
                  RenderText {#text} at (0,0) size 296x26
                    text run at (0,0) width 296: "This sentence should be in a fantasy font."
                RenderBlock {P} at (0,194) size 762x14
                  RenderText {#text} at (0,0) size 344x14
                    text run at (0,0) width 344: "This sentence should be in a monospace font."
layer at (8,183) size 784x2 clip at (0,0) size 0x0
  RenderBlock {HR} at (0,175) size 784x2 [color=#808080] [border: (1px inset #808080)]
layer at (8,414) size 784x2 clip at (0,0) size 0x0
  RenderBlock {HR} at (0,406) size 784x2 [color=#808080] [border: (1px inset #808080)]
layer at (8,501) size 784x2 clip at (0,0) size 0x0
  RenderBlock {HR} at (0,493) size 784x2 [color=#808080] [border: (1px inset #808080)]
layer at (25,983) size 762x2 clip at (0,0) size 0x0
  RenderBlock {HR} at (4,217) size 762x2 [color=#808080] [border: (1px inset #808080)]
layer at (25,1070) size 762x2 clip at (0,0) size 0x0
  RenderBlock {HR} at (4,304) size 762x2 [color=#808080] [border: (1px inset #808080)]
