layer at (0,0) size 800x600
  RenderView at (0,0) size 800x600
layer at (0,0) size 800x600
  RenderBlock {HTML} at (0,0) size 800x600
    RenderBody {BODY} at (8,8) size 784x584 [bgcolor=#CCCCCC]
      RenderBlock {P} at (0,0) size 784x20
        RenderText {#text} at (0,0) size 363x19
          text run at (0,0) width 363: "The style declarations which apply to the text below are:"
      RenderBlock {PRE} at (0,36) size 784x56
        RenderText {#text} at (0,0) size 242x56
          text run at (0,0) width 203: ".one {font-style: italic;}"
          text run at (202,0) width 1: " "
          text run at (0,14) width 211: ".two {font-style: oblique;}"
          text run at (210,14) width 1: " "
          text run at (0,28) width 242: ".three, I {font-style: normal;}"
          text run at (241,28) width 1: " "
          text run at (0,42) width 0: " "
      RenderBlock {HR} at (0,105) size 784x2 [border: (1px inset #000000)]
      RenderBlock {P} at (0,123) size 784x20
        RenderText {#text} at (0,0) size 510x19
          text run at (0,0) width 510: "This paragraph should be in italics, but the last word of the sentence should be "
        RenderInline {SPAN} at (0,0) size 46x19
          RenderText {#text} at (509,0) size 46x19
            text run at (509,0) width 46: "normal"
        RenderText {#text} at (554,0) size 5x19
          text run at (554,0) width 5: "."
      RenderBlock {P} at (0,159) size 784x20
        RenderText {#text} at (0,0) size 222x19
          text run at (0,0) width 222: "This paragraph should be oblique."
      RenderBlock {P} at (0,195) size 784x20
        RenderInline {I} at (0,0) size 216x19
          RenderText {#text} at (0,0) size 216x19
            text run at (0,0) width 216: "This paragraph should be normal."
        RenderText {#text} at (0,0) size 0x0
      RenderTable {TABLE} at (0,231) size 581x130 [border: (1px outset #808080)]
        RenderTableSection {TBODY} at (1,1) size 579x128
          RenderTableRow {TR} at (0,0) size 579x28
            RenderTableCell {TD} at (0,0) size 579x28 [bgcolor=#C0C0C0] [border: (1px inset #808080)] [r=0 c=0 rs=1 cs=2]
              RenderInline {STRONG} at (0,0) size 161x19
                RenderText {#text} at (4,4) size 161x19
                  text run at (4,4) width 161: "TABLE Testing Section"
          RenderTableRow {TR} at (0,28) size 579x100
            RenderTableCell {TD} at (0,64) size 12x28 [bgcolor=#C0C0C0] [border: (1px inset #808080)] [r=1 c=0 rs=1 cs=1]
              RenderText {#text} at (4,4) size 4x19
                text run at (4,4) width 4: " "
            RenderTableCell {TD} at (12,28) size 567x100 [border: (1px inset #808080)] [r=1 c=1 rs=1 cs=1]
              RenderBlock {P} at (4,4) size 559x20
                RenderText {#text} at (0,0) size 510x19
                  text run at (0,0) width 510: "This paragraph should be in italics, but the last word of the sentence should be "
                RenderInline {SPAN} at (0,0) size 46x19
                  RenderText {#text} at (509,0) size 46x19
                    text run at (509,0) width 46: "normal"
                RenderText {#text} at (554,0) size 5x19
                  text run at (554,0) width 5: "."
              RenderBlock {P} at (4,40) size 559x20
                RenderText {#text} at (0,0) size 222x19
                  text run at (0,0) width 222: "This paragraph should be oblique."
              RenderBlock {P} at (4,76) size 559x20
                RenderInline {I} at (0,0) size 216x19
                  RenderText {#text} at (0,0) size 216x19
                    text run at (0,0) width 216: "This paragraph should be normal."
                RenderText {#text} at (0,0) size 0x0
