layer at (0,0) size 800x2817
  RenderView at (0,0) size 800x600
layer at (0,0) size 800x2817
  RenderBlock {HTML} at (0,0) size 800x2817
    RenderBody {BODY} at (8,8) size 784x2801 [bgcolor=#CCCCCC]
      RenderBlock {P} at (0,0) size 784x20
        RenderText {#text} at (0,0) size 363x19
          text run at (0,0) width 363: "The style declarations which apply to the text below are:"
      RenderBlock {PRE} at (0,36) size 784x280
        RenderText {#text} at (0,0) size 219x280
          text run at (0,0) width 196: ".one {font-size: medium;}"
          text run at (195,0) width 1: " "
          text run at (0,14) width 196: ".two {font-size: larger;}"
          text run at (195,14) width 1: " "
          text run at (0,28) width 219: ".three {font-size: smaller;}"
          text run at (218,28) width 1: " "
          text run at (0,42) width 219: ".four {font-size: xx-small;}"
          text run at (218,42) width 1: " "
          text run at (0,56) width 211: ".five {font-size: x-small;}"
          text run at (210,56) width 1: " "
          text run at (0,70) width 188: ".six {font-size: small;}"
          text run at (187,70) width 1: " "
          text run at (0,84) width 203: ".seven {font-size: large;}"
          text run at (202,84) width 1: " "
          text run at (0,98) width 219: ".eight {font-size: x-large;}"
          text run at (218,98) width 1: " "
          text run at (0,112) width 219: ".nine {font-size: xx-large;}"
          text run at (218,112) width 1: " "
          text run at (0,126) width 172: ".a {font-size: 0.5in;}"
          text run at (171,126) width 1: " "
          text run at (0,140) width 157: ".b {font-size: 1cm;}"
          text run at (156,140) width 1: " "
          text run at (0,154) width 164: ".c {font-size: 10mm;}"
          text run at (163,154) width 1: " "
          text run at (0,168) width 164: ".d {font-size: 18pt;}"
          text run at (163,168) width 1: " "
          text run at (0,182) width 172: ".e {font-size: 1.5pc;}"
          text run at (171,182) width 1: " "
          text run at (0,196) width 157: ".f {font-size: 2em;}"
          text run at (156,196) width 1: " "
          text run at (0,210) width 157: ".g {font-size: 3ex;}"
          text run at (156,210) width 1: " "
          text run at (0,224) width 164: ".h {font-size: 25px;}"
          text run at (163,224) width 1: " "
          text run at (0,238) width 164: ".i {font-size: 200%;}"
          text run at (163,238) width 1: " "
          text run at (0,252) width 180: ".j {font-size: -0.5in;}"
          text run at (179,252) width 1: " "
          text run at (0,266) width 0: " "
      RenderBlock {P} at (0,347) size 784x20
        RenderText {#text} at (0,0) size 707x19
          text run at (0,0) width 707: "This paragraph element is unstyled, so the size of the font in this element is the default size for this user agent."
      RenderBlock {P} at (0,383) size 784x20
        RenderText {#text} at (0,0) size 190x19
          text run at (0,0) width 190: "This sentence has been set to "
        RenderInline {CODE} at (0,0) size 48x14
          RenderText {#text} at (189,5) size 48x14
            text run at (189,5) width 48: "medium"
        RenderText {#text} at (236,0) size 368x19
          text run at (236,0) width 368: ", which may or may not be the same size as unstyled text."
      RenderBlock {P} at (0,422) size 784x25
        RenderText {#text} at (0,0) size 380x23
          text run at (0,0) width 380: "This sentence should be larger than unstyled text."
      RenderBlock {P} at (0,465) size 784x17
        RenderText {#text} at (0,0) size 272x15
          text run at (0,0) width 272: "This sentence should be smaller than unstyled text."
      RenderBlock {P} at (0,494) size 784x21
        RenderText {#text} at (0,6) size 286x11
          text run at (0,6) width 286: "This sentence should be very small, but the last word in the sentence should be "
        RenderInline {SPAN} at (0,0) size 54x19
          RenderText {#text} at (285,0) size 54x19
            text run at (285,0) width 54: "medium"
        RenderText {#text} at (338,6) size 3x11
          text run at (338,6) width 3: "."
      RenderBlock {P} at (0,524) size 784x21
        RenderText {#text} at (0,6) size 324x12
          text run at (0,6) width 324: "This sentence should be rather small, but the last word in the sentence should be "
        RenderInline {SPAN} at (0,0) size 53x19
          RenderText {#text} at (323,0) size 53x19
            text run at (323,0) width 53: "medium"
        RenderText {#text} at (375,6) size 4x12
          text run at (375,6) width 4: "."
      RenderBlock {P} at (0,557) size 784x21
        RenderText {#text} at (0,3) size 387x15
          text run at (0,3) width 387: "This sentence should be small, but the last word in the sentence should be "
        RenderInline {SPAN} at (0,0) size 54x19
          RenderText {#text} at (386,0) size 54x19
            text run at (386,0) width 54: "medium"
        RenderText {#text} at (439,3) size 4x15
          text run at (439,3) width 4: "."
      RenderBlock {P} at (0,595) size 784x23
        RenderText {#text} at (0,0) size 533x21
          text run at (0,0) width 533: "This sentence should be large, but the last word in the sentence should be "
        RenderInline {SPAN} at (0,0) size 53x19
          RenderText {#text} at (532,2) size 53x19
            text run at (532,2) width 53: "medium"
        RenderText {#text} at (584,0) size 5x21
          text run at (584,0) width 5: "."
      RenderBlock {P} at (0,641) size 784x61
        RenderText {#text} at (0,1) size 766x28
          text run at (0,1) width 766: "This sentence should be rather large, but the last word in the sentence should be"
        RenderInline {SPAN} at (0,0) size 53x19
          RenderText {#text} at (0,38) size 53x19
            text run at (0,38) width 53: "medium"
        RenderText {#text} at (52,31) size 7x28
          text run at (52,31) width 7: "."
      RenderBlock {P} at (0,733) size 784x77
        RenderText {#text} at (0,1) size 753x74
          text run at (0,1) width 753: "This sentence should be very large, but the last word in the"
          text run at (0,39) width 250: "sentence should be "
        RenderInline {SPAN} at (0,0) size 54x19
          RenderText {#text} at (249,53) size 54x19
            text run at (249,53) width 54: "medium"
        RenderText {#text} at (302,39) size 9x36
          text run at (302,39) width 9: "."
      RenderBlock {P} at (0,857) size 784x58
        RenderText {#text} at (0,1) size 784x54
          text run at (0,1) width 784: "This sentence should be half an inch tall."
      RenderBlock {P} at (0,962) size 784x46
        RenderText {#text} at (0,1) size 663x43
          text run at (0,1) width 663: "This sentence should be one centimeter tall."
      RenderBlock {P} at (0,1045) size 784x46
        RenderText {#text} at (0,1) size 667x43
          text run at (0,1) width 667: "This sentence should be ten millimeters tall."
      RenderBlock {P} at (0,1128) size 784x31
        RenderText {#text} at (0,1) size 425x28
          text run at (0,1) width 425: "This sentence should be eighteen points tall."
      RenderBlock {P} at (0,1182) size 784x31
        RenderText {#text} at (0,1) size 494x28
          text run at (0,1) width 494: "This sentence should be one and one half picas tall."
      RenderBlock {P} at (0,1244) size 784x39
        RenderText {#text} at (0,1) size 467x36
          text run at (0,1) width 467: "This sentence should be two em tall."
      RenderBlock {P} at (0,1314) size 784x27
        RenderText {#text} at (0,0) size 318x25
          text run at (0,0) width 318: "This sentence should be three ex tall."
      RenderBlock {P} at (0,1365) size 784x32
        RenderText {#text} at (0,1) size 472x29
          text run at (0,1) width 472: "This sentence should be twenty-five pixels tall."
      RenderBlock {P} at (0,1428) size 784x39
        RenderText {#text} at (0,1) size 549x36
          text run at (0,1) width 549: "This sentence should be twice normal size."
      RenderBlock {P} at (0,1498) size 784x21
        RenderText {#text} at (0,0) size 686x19
          text run at (0,0) width 686: "This sentence should be normal size, since no negative values are allowed and therefore should be ignored."
      RenderTable {TABLE} at (0,1534) size 784x1267 [border: (1px outset #808080)]
        RenderTableSection {TBODY} at (1,1) size 782x1265
          RenderTableRow {TR} at (0,0) size 782x28
            RenderTableCell {TD} at (0,0) size 782x28 [bgcolor=#C0C0C0] [border: (1px inset #808080)] [r=0 c=0 rs=1 cs=2]
              RenderInline {STRONG} at (0,0) size 161x19
                RenderText {#text} at (4,4) size 161x19
                  text run at (4,4) width 161: "TABLE Testing Section"
          RenderTableRow {TR} at (0,28) size 782x1237
            RenderTableCell {TD} at (0,632) size 12x29 [bgcolor=#C0C0C0] [border: (1px inset #808080)] [r=1 c=0 rs=1 cs=1]
              RenderText {#text} at (4,3) size 4x21
                text run at (4,4) width 4: " "
            RenderTableCell {TD} at (12,28) size 770x1237 [border: (1px inset #808080)] [r=1 c=1 rs=1 cs=1]
              RenderBlock {P} at (4,4) size 762x20
                RenderText {#text} at (0,0) size 707x19
                  text run at (0,0) width 707: "This paragraph element is unstyled, so the size of the font in this element is the default size for this user agent."
              RenderBlock {P} at (4,40) size 762x20
                RenderText {#text} at (0,0) size 190x19
                  text run at (0,0) width 190: "This sentence has been set to "
                RenderInline {CODE} at (0,0) size 48x14
                  RenderText {#text} at (189,5) size 48x14
                    text run at (189,5) width 48: "medium"
                RenderText {#text} at (236,0) size 368x19
                  text run at (236,0) width 368: ", which may or may not be the same size as unstyled text."
              RenderBlock {P} at (4,79) size 762x25
                RenderText {#text} at (0,0) size 380x23
                  text run at (0,0) width 380: "This sentence should be larger than unstyled text."
              RenderBlock {P} at (4,122) size 762x17
                RenderText {#text} at (0,0) size 272x15
                  text run at (0,0) width 272: "This sentence should be smaller than unstyled text."
              RenderBlock {P} at (4,151) size 762x21
                RenderText {#text} at (0,6) size 286x11
                  text run at (0,6) width 286: "This sentence should be very small, but the last word in the sentence should be "
                RenderInline {SPAN} at (0,0) size 54x19
                  RenderText {#text} at (285,0) size 54x19
                    text run at (285,0) width 54: "medium"
                RenderText {#text} at (338,6) size 3x11
                  text run at (338,6) width 3: "."
              RenderBlock {P} at (4,181) size 762x21
                RenderText {#text} at (0,6) size 324x12
                  text run at (0,6) width 324: "This sentence should be rather small, but the last word in the sentence should be "
                RenderInline {SPAN} at (0,0) size 53x19
                  RenderText {#text} at (323,0) size 53x19
                    text run at (323,0) width 53: "medium"
                RenderText {#text} at (375,6) size 4x12
                  text run at (375,6) width 4: "."
              RenderBlock {P} at (4,214) size 762x21
                RenderText {#text} at (0,3) size 387x15
                  text run at (0,3) width 387: "This sentence should be small, but the last word in the sentence should be "
                RenderInline {SPAN} at (0,0) size 54x19
                  RenderText {#text} at (386,0) size 54x19
                    text run at (386,0) width 54: "medium"
                RenderText {#text} at (439,3) size 4x15
                  text run at (439,3) width 4: "."
              RenderBlock {P} at (4,252) size 762x23
                RenderText {#text} at (0,0) size 533x21
                  text run at (0,0) width 533: "This sentence should be large, but the last word in the sentence should be "
                RenderInline {SPAN} at (0,0) size 53x19
                  RenderText {#text} at (532,2) size 53x19
                    text run at (532,2) width 53: "medium"
                RenderText {#text} at (584,0) size 5x21
                  text run at (584,0) width 5: "."
              RenderBlock {P} at (4,298) size 762x61
                RenderText {#text} at (0,1) size 737x58
                  text run at (0,1) width 737: "This sentence should be rather large, but the last word in the sentence should"
                  text run at (0,31) width 29: "be "
                RenderInline {SPAN} at (0,0) size 54x19
                  RenderText {#text} at (28,38) size 54x19
                    text run at (28,38) width 54: "medium"
                RenderText {#text} at (81,31) size 7x28
                  text run at (81,31) width 7: "."
              RenderBlock {P} at (4,390) size 762x77
                RenderText {#text} at (0,1) size 753x74
                  text run at (0,1) width 753: "This sentence should be very large, but the last word in the"
                  text run at (0,39) width 250: "sentence should be "
                RenderInline {SPAN} at (0,0) size 54x19
                  RenderText {#text} at (249,53) size 54x19
                    text run at (249,53) width 54: "medium"
                RenderText {#text} at (302,39) size 9x36
                  text run at (302,39) width 9: "."
              RenderBlock {P} at (4,514) size 762x115
                RenderText {#text} at (0,1) size 699x111
                  text run at (0,1) width 699: "This sentence should be half an inch"
                  text run at (0,58) width 74: "tall."
              RenderBlock {P} at (4,676) size 762x46
                RenderText {#text} at (0,1) size 663x43
                  text run at (0,1) width 663: "This sentence should be one centimeter tall."
              RenderBlock {P} at (4,759) size 762x46
                RenderText {#text} at (0,1) size 667x43
                  text run at (0,1) width 667: "This sentence should be ten millimeters tall."
              RenderBlock {P} at (4,842) size 762x31
                RenderText {#text} at (0,1) size 425x28
                  text run at (0,1) width 425: "This sentence should be eighteen points tall."
              RenderBlock {P} at (4,896) size 762x31
                RenderText {#text} at (0,1) size 494x28
                  text run at (0,1) width 494: "This sentence should be one and one half picas tall."
              RenderBlock {P} at (4,958) size 762x39
                RenderText {#text} at (0,1) size 467x36
                  text run at (0,1) width 467: "This sentence should be two em tall."
              RenderBlock {P} at (4,1028) size 762x27
                RenderText {#text} at (0,0) size 318x25
                  text run at (0,0) width 318: "This sentence should be three ex tall."
              RenderBlock {P} at (4,1079) size 762x32
                RenderText {#text} at (0,1) size 472x29
                  text run at (0,1) width 472: "This sentence should be twenty-five pixels tall."
              RenderBlock {P} at (4,1142) size 762x39
                RenderText {#text} at (0,1) size 549x36
                  text run at (0,1) width 549: "This sentence should be twice normal size."
              RenderBlock {P} at (4,1212) size 762x21
                RenderText {#text} at (0,0) size 686x19
                  text run at (0,0) width 686: "This sentence should be normal size, since no negative values are allowed and therefore should be ignored."
layer at (8,337) size 784x2 clip at (0,0) size 0x0
  RenderBlock {HR} at (0,329) size 784x2 [border: (1px inset #000000)]
