layer at (0,0) size 800x600
  RenderView at (0,0) size 800x600
layer at (0,0) size 800x548
  RenderBlock {HTML} at (0,0) size 800x548
    RenderBody {BODY} at (8,16) size 784x470
      RenderBlock {P} at (0,0) size 784x36
        RenderText {#text} at (0,0) size 153x17
          text run at (0,0) width 153: "Mask version of test for "
        RenderInline {I} at (0,0) size 751x35
          RenderInline {A} at (0,0) size 293x17 [color=#0000EE]
            RenderText {#text} at (153,0) size 293x17
              text run at (153,0) width 293: "http://bugs.webkit.org/show_bug.cgi?id=5399"
          RenderText {#text} at (446,0) size 751x35
            text run at (446,0) width 4: " "
            text run at (450,0) width 301: "no-repeat on negatively positioned fill images is"
            text run at (0,18) width 49: "ignored"
        RenderText {#text} at (49,18) size 4x17
          text run at (49,18) width 4: "."
      RenderBlock {P} at (0,52) size 784x18
        RenderText {#text} at (0,0) size 412x17
          text run at (0,0) width 412: "Element with mask image starting at (-13, -13) with no-repeat set:"
      RenderBlock {P} at (0,132) size 784x18
        RenderText {#text} at (0,0) size 404x17
          text run at (0,0) width 404: "Element with mask image starting at (-13, -13) with repeat-y set:"
      RenderBlock {P} at (0,212) size 784x18
        RenderText {#text} at (0,0) size 404x17
          text run at (0,0) width 404: "Element with mask image starting at (-13, -13) with repeat-x set:"
      RenderBlock {P} at (0,292) size 784x18
        RenderText {#text} at (0,0) size 402x17
          text run at (0,0) width 402: "Element with mask image starting at (13, 13) with no-repeat set:"
      RenderBlock {P} at (0,372) size 784x18
        RenderText {#text} at (0,0) size 394x17
          text run at (0,0) width 394: "Element with mask image starting at (13, 13) with repeat-y set:"
      RenderBlock {P} at (0,452) size 784x18
        RenderText {#text} at (0,0) size 394x17
          text run at (0,0) width 394: "Element with mask image starting at (13, 13) with repeat-x set:"
layer at (14,108) size 34x34
  RenderBlock (floating) {DIV} at (6,92) size 34x34 [bgcolor=#000000] [border: (1px dotted #008000)]
layer at (60,108) size 29x29
  RenderBlock (floating) {DIV} at (52,92) size 29x29 [bgcolor=#000000] [border: (1px dotted #008000)]
layer at (101,108) size 24x24
  RenderBlock (floating) {DIV} at (93,92) size 24x24 [bgcolor=#000000] [border: (1px dotted #008000)]
layer at (14,188) size 34x34
  RenderBlock (floating) {DIV} at (6,172) size 34x34 [bgcolor=#000000] [border: (1px dotted #008000)]
layer at (60,188) size 29x29
  RenderBlock (floating) {DIV} at (52,172) size 29x29 [bgcolor=#000000] [border: (1px dotted #008000)]
layer at (101,188) size 24x24
  RenderBlock (floating) {DIV} at (93,172) size 24x24 [bgcolor=#000000] [border: (1px dotted #008000)]
layer at (14,268) size 34x34
  RenderBlock (floating) {DIV} at (6,252) size 34x34 [bgcolor=#000000] [border: (1px dotted #008000)]
layer at (60,268) size 29x29
  RenderBlock (floating) {DIV} at (52,252) size 29x29 [bgcolor=#000000] [border: (1px dotted #008000)]
layer at (101,268) size 24x24
  RenderBlock (floating) {DIV} at (93,252) size 24x24 [bgcolor=#000000] [border: (1px dotted #008000)]
layer at (14,348) size 34x34
  RenderBlock (floating) {DIV} at (6,332) size 34x34 [bgcolor=#000000] [border: (1px dotted #008000)]
layer at (60,348) size 29x29
  RenderBlock (floating) {DIV} at (52,332) size 29x29 [bgcolor=#000000] [border: (1px dotted #008000)]
layer at (101,348) size 24x24
  RenderBlock (floating) {DIV} at (93,332) size 24x24 [bgcolor=#000000] [border: (1px dotted #008000)]
layer at (14,428) size 34x34
  RenderBlock (floating) {DIV} at (6,412) size 34x34 [bgcolor=#000000] [border: (1px dotted #008000)]
layer at (60,428) size 29x29
  RenderBlock (floating) {DIV} at (52,412) size 29x29 [bgcolor=#000000] [border: (1px dotted #008000)]
layer at (101,428) size 24x24
  RenderBlock (floating) {DIV} at (93,412) size 24x24 [bgcolor=#000000] [border: (1px dotted #008000)]
layer at (14,508) size 34x34
  RenderBlock (floating) {DIV} at (6,492) size 34x34 [bgcolor=#000000] [border: (1px dotted #008000)]
layer at (60,508) size 29x29
  RenderBlock (floating) {DIV} at (52,492) size 29x29 [bgcolor=#000000] [border: (1px dotted #008000)]
layer at (101,508) size 24x24
  RenderBlock (floating) {DIV} at (93,492) size 24x24 [bgcolor=#000000] [border: (1px dotted #008000)]
