layer at (0,0) size 800x600
  RenderView at (0,0) size 800x600
layer at (0,0) size 800x144
  RenderBlock {HTML} at (0,0) size 800x144
    RenderBody {BODY} at (8,8) size 784x116
      RenderBlock (anonymous) at (0,0) size 784x20
        RenderInline {DIV} at (0,0) size 528x16 [color=#FFFFFF] [bgcolor=#FF0000]
          RenderText {#text} at (16,2) size 528x16
            text run at (16,2) width 528: "Ahem_font_required_for_this_test."
        RenderText {#text} at (0,0) size 0x0
      RenderBlock {P} at (0,36) size 784x20
        RenderText {#text} at (0,0) size 275x19
          text run at (0,0) width 275: "There should be a green block below, no red."
      RenderBlock {DIV} at (20,76) size 80x40 [color=#008000] [bgcolor=#FF0000]
        RenderText {#text} at (0,0) size 80x40
          text run at (0,0) width 80: "xxxx"
          text run at (0,20) width 80: "xxxx"
