layer at (0,0) size 800x600
  RenderView at (0,0) size 800x600
layer at (0,0) size 800x176
  RenderBlock {HTML} at (0,0) size 800x176
    RenderBody {BODY} at (8,8) size 784x56
      RenderBlock (anonymous) at (0,0) size 784x20
        RenderInline {DIV} at (0,0) size 528x16 [color=#FFFFFF] [bgcolor=#FF0000]
          RenderText {#text} at (0,2) size 528x16
            text run at (0,2) width 528: "Ahem_font_required_for_this_test."
        RenderText {#text} at (0,0) size 0x0
      RenderBlock {P} at (0,36) size 784x20
        RenderText {#text} at (0,0) size 271x19
          text run at (0,0) width 271: "The following two blocks should be identical."
      RenderBlock (floating) {DIV} at (16,88) size 112x16 [color=#00FF00] [bgcolor=#008000]
        RenderText {#text} at (0,0) size 16x16
          text run at (0,0) width 16: "["
        RenderInline {SPAN} at (0,0) size 16x16
          RenderText {#text} at (16,0) size 16x16
            text run at (16,0) width 16: " "
        RenderInline {SPAN} at (0,0) size 16x16
          RenderText {#text} at (32,0) size 16x16
            text run at (32,0) width 16: " "
        RenderInline {SPAN} at (0,0) size 16x16
          RenderText {#text} at (48,0) size 16x16
            text run at (48,0) width 16: " "
        RenderInline {SPAN} at (0,0) size 16x16
          RenderText {#text} at (64,0) size 16x16
            text run at (64,0) width 16: " "
        RenderInline {SPAN} at (0,0) size 16x16
          RenderText {#text} at (80,0) size 16x16
            text run at (80,0) width 16: " "
        RenderText {#text} at (96,0) size 16x16
          text run at (96,0) width 16: "]"
      RenderBlock (floating) {DIV} at (16,136) size 112x16 [color=#00FF00] [bgcolor=#008000]
        RenderText {#text} at (0,0) size 112x16
          text run at (0,0) width 112: "[     ]"
