layer at (0,0) size 800x600
  RenderView at (0,0) size 800x600
layer at (0,0) size 800x600
  RenderBlock {HTML} at (0,0) size 800x600
    RenderBody {BODY} at (8,8) size 784x584
      RenderTable {TABLE} at (0,0) size 450x66
        RenderTableSection {TBODY} at (0,0) size 450x66
          RenderTableRow {TR} at (0,2) size 450x62
            RenderTableCell {TD} at (2,2) size 446x62 [bgcolor=#CCCC44] [r=0 c=0 rs=1 cs=1]
              RenderText {#text} at (1,1) size 429x39
                text run at (1,1) width 429: "This stuff should all be within the table boundaries, and not off the edge."
                text run at (1,21) width 309: "No way should it be off the edge of the damn table."
              RenderInline {SPAN} at (0,0) size 193x19
                RenderImage {IMG} at (1,56) size 50x0
                RenderText {#text} at (51,41) size 143x19
                  text run at (51,41) width 143: "oh, no I fell off the edge"
              RenderText {#text} at (0,0) size 0x0
