layer at (0,0) size 800x600
  RenderView at (0,0) size 800x600
layer at (0,0) size 800x600
  RenderBlock {HTML} at (0,0) size 800x600
    RenderBody {BODY} at (8,8) size 784x566
      RenderBlock {PRE} at (0,0) size 784x60
        RenderText {#text} at (0,0) size 239x60
          text run at (0,0) width 239: "This is a test."
          text run at (238,0) width 1: " "
          text run at (0,30) width 224: "Big font size?"
          text run at (223,30) width 1: " "
