layer at (0,0) size 800x600
  RenderView at (0,0) size 800x600
layer at (0,0) size 800x600
  RenderBlock {HTML} at (0,0) size 800x600
    RenderBody {BODY} at (8,8) size 784x584
      RenderTable {TABLE} at (0,0) size 784x230
        RenderTableSection {TBODY} at (0,0) size 784x230
          RenderTableRow {TR} at (0,2) size 784x226
            RenderTableCell {TD} at (2,2) size 81x226 [r=0 c=0 rs=1 cs=1]
              RenderBlock (floating) {DIV} at (1,1) size 79x224 [border: (2px solid #FF0000)]
                RenderText {#text} at (2,2) size 75x219
                  text run at (2,2) width 51: "Here-is-"
                  text run at (2,22) width 68: "some-info-"
                  text run at (2,42) width 59: "from-the-"
                  text run at (2,62) width 73: "complaints-"
                  text run at (2,82) width 75: "department-"
                  text run at (2,102) width 68: "some-info-"
                  text run at (2,122) width 59: "from-the-"
                  text run at (2,142) width 73: "complaints-"
                  text run at (2,162) width 75: "department-"
                  text run at (2,182) width 68: "some-info-"
                  text run at (2,202) width 54: "from-the"
            RenderTableCell {TD} at (85,114) size 697x2 [r=0 c=1 rs=1 cs=1]
      RenderTable {TABLE} at (0,230) size 784x230
        RenderTableSection {TBODY} at (0,0) size 784x230
          RenderTableRow {TR} at (0,2) size 784x226
            RenderTableCell {TD} at (2,2) size 76x226 [r=0 c=0 rs=1 cs=1]
              RenderBlock (floating) {DIV} at (1,1) size 74x224 [border: (2px solid #FF0000)]
                RenderText {#text} at (2,2) size 70x219
                  text run at (2,2) width 45: "Here is"
                  text run at (2,22) width 62: "some info"
                  text run at (2,42) width 53: "from the"
                  text run at (2,62) width 68: "complaints"
                  text run at (2,82) width 70: "department"
                  text run at (2,102) width 63: "some-info"
                  text run at (2,122) width 53: "from the"
                  text run at (2,142) width 68: "complaints"
                  text run at (2,162) width 70: "department"
                  text run at (2,182) width 62: "some info"
                  text run at (2,202) width 53: "from the"
            RenderTableCell {TD} at (80,114) size 702x2 [r=0 c=1 rs=1 cs=1]
      RenderTable {TABLE} at (0,460) size 784x72 [border: (2px outset #808080)]
        RenderTableSection {TBODY} at (2,2) size 780x68
          RenderTableRow {TR} at (0,2) size 780x64
            RenderTableCell {TD} at (2,2) size 572x64 [border: (1px inset #808080)] [r=0 c=0 rs=1 cs=1]
              RenderText {#text} at (2,2) size 131x19
                text run at (2,2) width 131: "This is a test to see if"
              RenderInline {SPAN} at (0,0) size 568x59
                RenderText {#text} at (133,2) size 568x59
                  text run at (133,2) width 102: "this is computed"
                  text run at (235,2) width 0: " "
                  text run at (2,22) width 568: "correctly.  In particular, we have a really long line here that could throw off the min-width."
                  text run at (570,22) width 0: " "
                  text run at (2,42) width 30: "Is it?"
              RenderText {#text} at (0,0) size 0x0
            RenderTableCell {TD} at (576,32) size 202x4 [border: (1px inset #808080)] [r=0 c=1 rs=1 cs=1]
