layer at (0,0) size 800x600
  RenderView at (0,0) size 800x600
layer at (0,0) size 800x600
  RenderBlock {HTML} at (0,0) size 800x600
    RenderBody {BODY} at (8,8) size 784x584
layer at (100,8) size 700x196
  RenderBlock (positioned) {DIV} at (100,8) size 700x196 [border: (2px solid #FF0000)]
    RenderText {#text} at (14,14) size 658x167
      text run at (14,14) width 41: "This"
      text run at (55,14) width 6: " "
      text run at (61,14) width 30: "div"
      text run at (91,14) width 6: " "
      text run at (97,14) width 15: "is"
      text run at (112,14) width 6: " "
      text run at (118,14) width 98: "absolutely"
      text run at (216,14) width 6: " "
      text run at (222,14) width 99: "positioned"
      text run at (321,14) width 6: " "
      text run at (327,14) width 19: "to"
      text run at (346,14) width 6: " "
      text run at (352,14) width 30: "the"
      text run at (382,14) width 6: " "
      text run at (388,14) width 38: "left."
      text run at (426,14) width 6: " "
      text run at (432,14) width 29: "All"
      text run at (461,14) width 6: " "
      text run at (467,14) width 30: "the"
      text run at (497,14) width 6: " "
      text run at (503,14) width 63: "spaces"
      text run at (566,14) width 6: " "
      text run at (572,14) width 18: "in"
      text run at (590,14) width 6: " "
      text run at (596,14) width 34: "this"
      text run at (630,14) width 6: " "
      text run at (636,14) width 30: "div"
      text run at (666,14) width 6: " "
      text run at (14,42) width 30: "are"
      text run at (44,42) width 6: " "
      text run at (50,42) width 82: "replaced"
      text run at (132,42) width 6: " "
      text run at (138,42) width 42: "with"
      text run at (180,42) width 6: " "
      text run at (186,42) width 127: "non-breaking"
      text run at (313,42) width 6: " "
      text run at (319,42) width 69: "spaces,"
      text run at (388,42) width 6: " "
      text run at (394,42) width 35: "and"
      text run at (429,42) width 6: " "
      text run at (435,42) width 30: "the"
      text run at (465,42) width 6: " "
      text run at (471,42) width 106: "nbsp-mode"
      text run at (577,42) width 6: " "
      text run at (583,42) width 28: "for"
      text run at (611,42) width 6: " "
      text run at (617,42) width 34: "this"
      text run at (651,42) width 6: " "
      text run at (14,70) width 30: "div"
      text run at (44,70) width 6: " "
      text run at (50,70) width 15: "is"
      text run at (65,70) width 6: " "
      text run at (71,70) width 68: "'space',"
      text run at (139,70) width 6: " "
      text run at (145,70) width 21: "so"
      text run at (166,70) width 6: " "
      text run at (172,70) width 52: "when"
      text run at (224,70) width 6: " "
      text run at (230,70) width 104: "calculating"
      text run at (334,70) width 6: " "
      text run at (340,70) width 35: "line"
      text run at (375,70) width 6: " "
      text run at (381,70) width 69: "breaks,"
      text run at (450,70) width 6: " "
      text run at (456,70) width 30: "the"
      text run at (486,70) width 6: " "
      text run at (492,70) width 127: "non-breaking"
      text run at (619,70) width 6: " "
      text run at (14,98) width 63: "spaces"
      text run at (77,98) width 6: " "
      text run at (83,98) width 63: "should"
      text run at (146,98) width 6: " "
      text run at (152,98) width 23: "be"
      text run at (175,98) width 6: " "
      text run at (181,98) width 67: "treated"
      text run at (248,98) width 6: " "
      text run at (254,98) width 20: "as"
      text run at (274,98) width 6: " "
      text run at (280,98) width 67: "normal"
      text run at (347,98) width 6: " "
      text run at (353,98) width 69: "spaces."
      text run at (422,98) width 6: " "
      text run at (428,98) width 16: "If"
      text run at (444,98) width 6: " "
      text run at (450,98) width 34: "this"
      text run at (484,98) width 6: " "
      text run at (490,98) width 38: "isn't"
      text run at (528,98) width 6: " "
      text run at (534,98) width 30: "the"
      text run at (564,98) width 6: " "
      text run at (570,98) width 48: "case,"
      text run at (618,98) width 6: " "
      text run at (624,98) width 42: "then"
      text run at (666,98) width 6: " "
      text run at (14,126) width 23: "all"
      text run at (37,126) width 6: " "
      text run at (43,126) width 30: "the"
      text run at (73,126) width 6: " "
      text run at (79,126) width 37: "text"
      text run at (116,126) width 6: " "
      text run at (122,126) width 28: "for"
      text run at (150,126) width 6: " "
      text run at (156,126) width 34: "this"
      text run at (190,126) width 6: " "
      text run at (196,126) width 96: "paragraph"
      text run at (292,126) width 6: " "
      text run at (298,126) width 35: "will"
      text run at (333,126) width 6: " "
      text run at (339,126) width 23: "be"
      text run at (362,126) width 6: " "
      text run at (368,126) width 85: "rendered"
      text run at (453,126) width 6: " "
      text run at (459,126) width 18: "in"
      text run at (477,126) width 6: " "
      text run at (483,126) width 36: "two"
      text run at (519,126) width 6: " "
      text run at (525,126) width 50: "lines,"
      text run at (575,126) width 6: " "
      text run at (581,126) width 35: "and"
      text run at (616,126) width 6: " "
      text run at (622,126) width 11: "a"
      text run at (633,126) width 6: " "
      text run at (14,154) width 96: "horizontal"
      text run at (110,154) width 6: " "
      text run at (116,154) width 52: "scroll"
      text run at (168,154) width 6: " "
      text run at (174,154) width 31: "bar"
      text run at (205,154) width 6: " "
      text run at (211,154) width 35: "will"
      text run at (246,154) width 6: " "
      text run at (252,154) width 65: "appear"
      text run at (317,154) width 6: " "
      text run at (323,154) width 52: "along"
      text run at (375,154) width 6: " "
      text run at (381,154) width 30: "the"
      text run at (411,154) width 6: " "
      text run at (417,154) width 74: "bottom."
