layer at (0,0) size 800x600
  RenderView at (0,0) size 800x600
layer at (0,0) size 800x600
  RenderBlock {HTML} at (0,0) size 800x600
    RenderBody {BODY} at (8,8) size 784x584
      RenderBlock {P} at (0,0) size 784x40
        RenderText {#text} at (0,0) size 51x19
          text run at (0,0) width 51: "Test for "
        RenderInline {I} at (0,0) size 759x39
          RenderInline {A} at (0,0) size 305x19 [color=#0000EE]
            RenderText {#text} at (51,0) size 305x19
              text run at (51,0) width 305: "http://bugs.webkit.org/show_bug.cgi?id=13072"
          RenderText {#text} at (356,0) size 759x39
            text run at (356,0) width 4: " "
            text run at (360,0) width 399: "REGRESSION (r15617): white-space: pre-wrap breaks off the"
            text run at (0,20) width 189: "last character of a wide word"
        RenderText {#text} at (189,20) size 4x19
          text run at (189,20) width 4: "."
      RenderBlock {P} at (0,56) size 784x20
        RenderText {#text} at (0,0) size 210x19
          text run at (0,0) width 210: "The following line should not wrap."
      RenderBlock {DIV} at (0,92) size 150x20 [bgcolor=#D3D3D3]
        RenderText {#text} at (0,0) size 175x19
          text run at (0,0) width 175: "abcdefghijklmnopqrstuvwxyz"
