layer at (0,0) size 800x600
  RenderView at (0,0) size 800x600
layer at (0,0) size 800x600
  RenderBlock {HTML} at (0,0) size 800x600
    RenderBody {BODY} at (8,8) size 784x584
      RenderTable {TABLE} at (0,0) size 784x66
        RenderTableSection {TBODY} at (0,0) size 784x66
          RenderTableRow {TR} at (0,2) size 784x62
            RenderTableCell {TD} at (2,2) size 780x62 [r=0 c=0 rs=1 cs=1]
              RenderBlock {DIV} at (1,1) size 778x60
                RenderText {#text} at (0,0) size 771x59
                  text run at (0,0) width 748: "Three cheers    for OldVet and the letter he wrote to Senator Dodd (see above Comment).  We all need to be proactive and"
                  text run at (748,0) width 4: " "
                  text run at (0,20) width 767: "contact our senators and representatives to let them know our strong feelings on this subject.  I would lose what little faith I have"
                  text run at (767,20) width 4: " "
                  text run at (0,40) width 362: "left in our government if they engineered a tax payer bailout. "
                  text run at (362,40) width 0: " "
