layer at (0,0) size 800x600
  RenderView at (0,0) size 800x600
layer at (0,0) size 800x455
  RenderBlock {HTML} at (0,0) size 800x455
    RenderBody {BODY} at (8,16) size 784x431 [color=#0000FF]
      RenderBlock {P} at (0,0) size 784x238
        RenderInline (generated) at (0,0) size 88x166 [color=#00FFFF]
          RenderText at (0,0) size 88x166
            text run at (0,0) width 88: "T"
        RenderText {#text} at (87,87) size 59x55
          text run at (87,87) width 59: "he "
        RenderInline {STRONG} at (0,0) size 205x55
          RenderText {#text} at (145,87) size 205x55
            text run at (145,87) width 205: "first letter"
        RenderText {#text} at (349,87) size 780x97
          text run at (349,87) width 431: " of this paragraph, and"
          text run at (0,166) width 61: "only that "
          text run at (60,166) width 98: "one, should be "
        RenderInline {STRONG} at (0,0) size 88x18
          RenderText {#text} at (157,166) size 88x18
            text run at (157,166) width 88: "600% bigger"
        RenderText {#text} at (244,166) size 527x18
          text run at (244,166) width 138: " than the normal text "
          text run at (381,166) width 390: "(300% bigger than the rest of first line of this paragraph) and"
        RenderInline {STRONG} at (0,0) size 34x18
          RenderText {#text} at (0,184) size 34x18
            text run at (0,184) width 34: "aqua"
        RenderText {#text} at (33,184) size 113x18
          text run at (33,184) width 113: ", while the entire "
        RenderInline {STRONG} at (0,0) size 57x18
          RenderText {#text} at (145,184) size 57x18
            text run at (145,184) width 57: "first line"
        RenderText {#text} at (201,184) size 71x18
          text run at (201,184) width 5: " "
          text run at (205,184) width 67: "should be "
        RenderInline {STRONG} at (0,0) size 89x18
          RenderText {#text} at (271,184) size 89x18
            text run at (271,184) width 89: "300% bigger"
        RenderText {#text} at (359,184) size 113x18
          text run at (359,184) width 113: " than normal and "
        RenderInline {STRONG} at (0,0) size 25x18
          RenderText {#text} at (471,184) size 25x18
            text run at (471,184) width 25: "teal"
        RenderText {#text} at (495,184) size 778x54
          text run at (495,184) width 281: ". If this precise combination does not occur,"
          text run at (0,202) width 421: "then the user agent has failed this test. Remember that in order to "
          text run at (420,202) width 358: "ensure a complete test, the paragraph must be displayed"
          text run at (0,220) width 57: "on more "
          text run at (56,220) width 149: "than one line. (TEST1)"
      RenderBlock {P} at (0,254) size 784x73
        RenderInline (generated) at (0,0) size 33x37 [color=#00FFFF]
          RenderText at (0,0) size 33x37
            text run at (0,0) width 33: "\"T"
        RenderText {#text} at (32,15) size 99x18
          text run at (32,15) width 99: "est\": The first "
        RenderInline {STRONG} at (0,0) size 111x18
          RenderText {#text} at (130,15) size 111x18
            text run at (130,15) width 111: "two characters"
        RenderText {#text} at (240,15) size 452x18
          text run at (240,15) width 121: " in this paragraph "
          text run at (360,15) width 332: "(a double-quote mark and a capital 'T') should be "
        RenderInline {STRONG} at (0,0) size 89x18
          RenderText {#text} at (691,15) size 89x18
            text run at (691,15) width 45: "200% "
            text run at (735,15) width 45: "bigger"
        RenderText {#text} at (0,37) size 223x18
          text run at (0,37) width 223: "than the rest of the paragraph, and "
        RenderInline {STRONG} at (0,0) size 34x18
          RenderText {#text} at (222,37) size 34x18
            text run at (222,37) width 34: "aqua"
        RenderText {#text} at (255,37) size 151x18
          text run at (255,37) width 151: ". In addition, the entire "
        RenderInline {STRONG} at (0,0) size 58x18
          RenderText {#text} at (405,37) size 58x18
            text run at (405,37) width 33: "first "
            text run at (437,37) width 26: "line"
        RenderText {#text} at (462,37) size 98x18
          text run at (462,37) width 98: " should be in a "
        RenderInline {STRONG} at (0,0) size 163x18
          RenderText {#text} at (559,37) size 163x18
            text run at (559,37) width 138: "small-caps font and "
            text run at (696,37) width 26: "teal"
        RenderText {#text} at (721,37) size 738x36
          text run at (721,37) width 5: "."
          text run at (0,55) width 323: "Remember that in order to ensure a complete test, "
          text run at (322,55) width 416: "the paragraph must be displayed on more than one line. (TEST2)"
      RenderBlock {P} at (0,343) size 784x54
        RenderInline (generated) at (0,0) size 10x18 [color=#00FFFF]
          RenderText at (0,0) size 10x18
            text run at (0,0) width 10: "T"
        RenderText {#text} at (9,0) size 20x18
          text run at (9,0) width 20: "he "
        RenderInline {STRONG} at (0,0) size 69x18
          RenderText {#text} at (28,0) size 69x18
            text run at (28,0) width 69: "first letter"
        RenderText {#text} at (96,0) size 306x18
          text run at (96,0) width 209: " of this paragraph, and only that "
          text run at (304,0) width 98: "one, should be "
        RenderInline {STRONG} at (0,0) size 35x18
          RenderText {#text} at (401,0) size 35x18
            text run at (401,0) width 35: "aqua"
        RenderText {#text} at (435,0) size 112x18
          text run at (435,0) width 112: ", while the entire "
        RenderInline {STRONG} at (0,0) size 58x18
          RenderText {#text} at (546,0) size 58x18
            text run at (546,0) width 58: "first line"
        RenderText {#text} at (603,0) size 71x18
          text run at (603,0) width 71: " should be "
        RenderInline {STRONG} at (0,0) size 26x18
          RenderText {#text} at (673,0) size 26x18
            text run at (673,0) width 26: "teal"
        RenderText {#text} at (698,0) size 770x54
          text run at (698,0) width 23: ". If "
          text run at (720,0) width 24: "this"
          text run at (0,18) width 384: "precise combination does not occur, then the user agent has "
          text run at (383,18) width 387: "failed this test. Remember that in order to ensure a complete"
          text run at (0,36) width 31: "test, "
          text run at (30,36) width 416: "the paragraph must be displayed on more than one line. (TEST3)"
      RenderBlock {DIV} at (0,413) size 784x18
        RenderText {#text} at (0,0) size 168x18
          text run at (0,0) width 168: "You should see the words "
        RenderInline {STRONG} at (0,0) size 68x18
          RenderText {#text} at (167,0) size 68x18
            text run at (167,0) width 68: "\"TEST1\""
        RenderText {#text} at (234,0) size 9x18
          text run at (234,0) width 9: ", "
        RenderInline {STRONG} at (0,0) size 68x18
          RenderText {#text} at (242,0) size 68x18
            text run at (242,0) width 68: "\"TEST2\""
        RenderText {#text} at (309,0) size 36x18
          text run at (309,0) width 36: ", and "
        RenderInline {STRONG} at (0,0) size 67x18
          RenderText {#text} at (344,0) size 67x18
            text run at (344,0) width 67: "\"TEST3\""
        RenderText {#text} at (410,0) size 241x18
          text run at (410,0) width 89: " at the end of "
          text run at (498,0) width 153: "three paragraphs above."
