layer at (0,0) size 800x600
  RenderView at (0,0) size 800x600
layer at (0,0) size 800x425
  RenderBlock {HTML} at (0,0) size 800x425
    RenderBody {BODY} at (8,16) size 784x393 [color=#0000FF]
      RenderBlock {P} at (0,0) size 784x108
        RenderText {#text} at (0,0) size 29x18
          text run at (0,0) width 29: "The "
        RenderInline {STRONG} at (0,0) size 58x18
          RenderText {#text} at (28,0) size 58x18
            text run at (28,0) width 58: "first line"
        RenderText {#text} at (85,0) size 306x18
          text run at (85,0) width 209: " of this paragraph, and only that "
          text run at (293,0) width 98: "one, should be "
        RenderInline {STRONG} at (0,0) size 39x18
          RenderText {#text} at (390,0) size 39x18
            text run at (390,0) width 39: "green"
        RenderText {#text} at (428,0) size 779x108
          text run at (428,0) width 184: ". If this precise combination "
          text run at (611,0) width 152: "does not occur, then the"
          text run at (0,18) width 267: "user agent has failed this test. Remember "
          text run at (266,18) width 395: "that in order to ensure a complete test, the paragraph must be "
          text run at (660,18) width 119: "displayed on more"
          text run at (0,36) width 324: "than one line. Dummy text. Dummy text. Dummy "
          text run at (323,36) width 440: "text. Dummy text. Dummy text. Dummy text. Dummy text. Dummy"
          text run at (0,54) width 32: "text. "
          text run at (31,54) width 500: "Dummy text. Dummy text. Dummy text. Dummy text. Dummy text. Dummy "
          text run at (530,54) width 206: "text. Dummy text. Dummy text."
          text run at (0,72) width 266: "Dummy text. Dummy text. Dummy text. "
          text run at (265,72) width 495: "Dummy text. Dummy text. Dummy text. Dummy text. Dummy text. Dummy"
          text run at (0,90) width 294: "text. Dummy text. Dummy text. Dummy text."
      RenderBlock {P} at (0,124) size 784x145
        RenderText {#text} at (0,0) size 58x37
          text run at (0,0) width 58: "The "
        RenderInline {STRONG} at (0,0) size 114x37
          RenderText {#text} at (57,0) size 114x37
            text run at (57,0) width 114: "first line"
        RenderText {#text} at (170,0) size 773x55
          text run at (170,0) width 417: " of this paragraph, and only that "
          text run at (586,0) width 187: "one, should be"
          text run at (0,37) width 12: "a "
        RenderInline {STRONG} at (0,0) size 42x18
          RenderText {#text} at (11,37) size 42x18
            text run at (11,37) width 42: "larger"
        RenderText {#text} at (52,37) size 130x18
          text run at (52,37) width 130: " font size as well as "
        RenderInline {STRONG} at (0,0) size 39x18
          RenderText {#text} at (181,37) size 39x18
            text run at (181,37) width 39: "green"
        RenderText {#text} at (219,37) size 766x108
          text run at (219,37) width 285: ". If this precise combination does not occur, "
          text run at (503,37) width 244: "then the user agent has failed this test."
          text run at (0,55) width 173: "Remember that in order to "
          text run at (172,55) width 419: "ensure a complete test, the paragraph must be displayed on more "
          text run at (590,55) width 176: "than one line. Dummy text."
          text run at (0,73) width 266: "Dummy text. Dummy text. Dummy text. "
          text run at (265,73) width 495: "Dummy text. Dummy text. Dummy text. Dummy text. Dummy text. Dummy"
          text run at (0,91) width 475: "text. Dummy text. Dummy text. Dummy text. Dummy text. Dummy text. "
          text run at (474,91) width 262: "Dummy text. Dummy text. Dummy text."
          text run at (0,109) width 234: "Dummy text. Dummy text. Dummy "
          text run at (233,109) width 475: "text. Dummy text. Dummy text. Dummy text. Dummy text. Dummy text. "
          text run at (707,109) width 53: "Dummy"
          text run at (0,127) width 117: "text. Dummy text."
      RenderBlock {P} at (0,285) size 784x108
        RenderText {#text} at (0,0) size 29x18
          text run at (0,0) width 29: "The "
        RenderInline {STRONG} at (0,0) size 66x18
          RenderText {#text} at (28,0) size 66x18
            text run at (28,0) width 66: "first line"
        RenderText {#text} at (93,0) size 401x18
          text run at (93,0) width 221: " of this paragraph, and only that "
          text run at (313,0) width 181: "one, should be displayed in "
        RenderInline {STRONG} at (0,0) size 76x18
          RenderText {#text} at (493,0) size 76x18
            text run at (493,0) width 76: "small-caps"
        RenderText {#text} at (568,0) size 115x18
          text run at (568,0) width 62: " style as "
          text run at (629,0) width 54: "well as "
        RenderInline {STRONG} at (0,0) size 41x18
          RenderText {#text} at (682,0) size 41x18
            text run at (682,0) width 41: "green"
        RenderText {#text} at (722,0) size 781x108
          text run at (722,0) width 59: ". Thus, if"
          text run at (0,18) width 136: "the first line is not in "
          text run at (136,18) width 351: "small-caps style, or if the entire paragraph turns out in "
          text run at (486,18) width 291: "small-caps, then the user agent has failed this"
          text run at (0,36) width 119: "test. Dummy text. "
          text run at (118,36) width 500: "Dummy text. Dummy text. Dummy text. Dummy text. Dummy text. Dummy "
          text run at (617,36) width 117: "text. Dummy text."
          text run at (0,54) width 354: "Dummy text. Dummy text. Dummy text. Dummy text. "
          text run at (353,54) width 407: "Dummy text. Dummy text. Dummy text. Dummy text. Dummy"
          text run at (0,72) width 89: "text. Dummy "
          text run at (88,72) width 475: "text. Dummy text. Dummy text. Dummy text. Dummy text. Dummy text. "
          text run at (562,72) width 174: "Dummy text. Dummy text."
          text run at (0,90) width 262: "Dummy text. Dummy text. Dummy text."
