layer at (0,0) size 800x600
  RenderView at (0,0) size 800x600
layer at (0,0) size 800x152
  RenderBlock {HTML} at (0,0) size 800x152
    RenderBody {BODY} at (8,16) size 784x120 [color=#008000]
      RenderBlock {P} at (0,0) size 784x18
        RenderText {#text} at (0,0) size 197x18
          text run at (0,0) width 197: "This sentence should be green."
      RenderBlock {P} at (0,34) size 784x18 [color=#FFFFFF] [bgcolor=#008000]
        RenderText {#text} at (0,0) size 92x18
          text run at (0,0) width 92: "This sentence "
        RenderInline {SPAN} at (0,0) size 63x18
          RenderText {#text} at (91,0) size 63x18
            text run at (91,0) width 63: "should be"
        RenderText {#text} at (153,0) size 104x18
          text run at (153,0) width 104: " white on green."
      RenderBlock {P} at (0,68) size 784x18 [color=#FFFFFF]
        RenderInline {EM} at (0,0) size 34x18 [color=#008000]
          RenderText {#text} at (0,0) size 34x18
            text run at (0,0) width 34: "PASS"
        RenderText {#text} at (33,0) size 5x18
          text run at (33,0) width 5: " "
        RenderInline {STRONG} at (0,0) size 38x18
          RenderText {#text} at (37,0) size 38x18
            text run at (37,0) width 38: "FAIL"
        RenderText {#text} at (0,0) size 0x0
      RenderBlock {P} at (0,102) size 784x18
        RenderText {#text} at (0,0) size 41x18
          text run at (0,0) width 41: "PASS "
        RenderInline {DFN} at (0,0) size 33x18 [color=#FFFFFF]
          RenderText {#text} at (40,0) size 33x18
            text run at (40,0) width 33: "FAIL"
        RenderText {#text} at (0,0) size 0x0
