layer at (0,0) size 800x600
  RenderView at (0,0) size 800x600
layer at (0,0) size 800x336
  RenderBlock {HTML} at (0,0) size 800x336
    RenderBody {BODY} at (8,16) size 784x304 [color=#0000FF]
      RenderBlock {P} at (0,0) size 784x18
        RenderText {#text} at (0,0) size 763x18
          text run at (0,0) width 371: "There should be a solid line to the right of the text below, "
          text run at (370,0) width 393: "having three segments each of a different colour as indicated."
      RenderBlock {UL} at (0,34) size 588x270
        RenderListItem {LI} at (40,0) size 548x72 [border: none (3px solid #FFA500) none]
          RenderBlock (anonymous) at (0,0) size 545x18
            RenderListMarker at (-17,0) size 7x18: bullet
            RenderText {#text} at (0,0) size 107x18
              text run at (0,0) width 107: "Orange orange..."
          RenderBlock {UL} at (0,18) size 409x54
            RenderListItem {LI} at (40,0) size 369x18
              RenderListMarker at (-17,0) size 7x18: white bullet
              RenderText {#text} at (0,0) size 116x18
                text run at (0,0) width 116: "...orange orange..."
            RenderListItem {LI} at (40,18) size 369x18
              RenderListMarker at (-17,0) size 7x18: white bullet
              RenderText {#text} at (0,0) size 116x18
                text run at (0,0) width 116: "...orange orange..."
            RenderListItem {LI} at (40,36) size 369x18
              RenderListMarker at (-17,0) size 7x18: white bullet
              RenderText {#text} at (0,0) size 108x18
                text run at (0,0) width 108: "...orange orange."
        RenderListItem {LI} at (40,72) size 548x18 [border: none (3px solid #00FF00) none]
          RenderListMarker at (-17,0) size 7x18: bullet
          RenderText {#text} at (0,0) size 38x18
            text run at (0,0) width 38: "Lime."
        RenderListItem {LI} at (40,90) size 548x180 [border: none (3px solid #FFFF00) none]
          RenderListMarker at (-17,0) size 7x18: bullet
          RenderText {#text} at (0,0) size 521x180
            text run at (0,0) width 335: "Yellow yellow yellow yellow yellow yellow yellow "
            text run at (334,0) width 187: "yellow yellow yellow yellow"
            text run at (0,18) width 238: "yellow yellow yellow yellow yellow "
            text run at (237,18) width 283: "yellow yellow yellow yellow yellow yellow"
            text run at (0,36) width 143: "yellow yellow yellow "
            text run at (142,36) width 378: "yellow yellow yellow yellow yellow yellow yellow yellow"
            text run at (0,54) width 48: "yellow "
            text run at (47,54) width 429: "yellow yellow yellow yellow yellow yellow yellow yellow yellow "
            text run at (475,54) width 45: "yellow"
            text run at (0,72) width 381: "yellow yellow yellow yellow yellow yellow yellow yellow "
            text run at (380,72) width 140: "yellow yellow yellow"
            text run at (0,90) width 286: "yellow yellow yellow yellow yellow yellow "
            text run at (285,90) width 235: "yellow yellow yellow yellow yellow"
            text run at (0,108) width 191: "yellow yellow yellow yellow "
            text run at (190,108) width 330: "yellow yellow yellow yellow yellow yellow yellow"
            text run at (0,126) width 96: "yellow yellow "
            text run at (95,126) width 425: "yellow yellow yellow yellow yellow yellow yellow yellow yellow"
            text run at (0,144) width 428: "yellow yellow yellow yellow yellow yellow yellow yellow yellow "
            text run at (427,144) width 93: "yellow yellow"
            text run at (0,162) width 285: "yellow yellow yellow yellow yellow yellow."
