layer at (0,0) size 800x600
  RenderView at (0,0) size 800x600
layer at (0,0) size 800x388
  RenderBlock {HTML} at (0,0) size 800x388
    RenderBody {BODY} at (8,16) size 784x356
      RenderBlock {P} at (0,0) size 784x18 [color=#0000FF]
        RenderText {#text} at (0,0) size 230x18
          text run at (0,0) width 230: "The borders should be as described."
      RenderBlock {P} at (0,34) size 784x24 [color=#0000FF] [border: (3px solid #FFA500)]
        RenderText {#text} at (3,3) size 114x18
          text run at (3,3) width 114: "Orange and solid."
      RenderBlock {P} at (0,74) size 784x28 [color=#0000FF] [border: (5px outset #FFA500)]
        RenderText {#text} at (5,5) size 121x18
          text run at (5,5) width 121: "Orange and outset."
      RenderBlock {P} at (0,118) size 784x28 [color=#0000FF] [border: (5px inset #FFA500)]
        RenderText {#text} at (5,5) size 113x18
          text run at (5,5) width 113: "Orange and inset."
      RenderBlock {P} at (0,162) size 784x38 [color=#0000FF] [border: (10px ridge #FFA500)]
        RenderText {#text} at (10,10) size 124x18
          text run at (10,10) width 124: "Orange and ridged."
      RenderBlock {P} at (0,216) size 784x38 [color=#0000FF] [border: (10px double #FFA500)]
        RenderText {#text} at (10,10) size 126x18
          text run at (10,10) width 126: "Orange and double."
      RenderBlock {P} at (0,270) size 784x18 [color=#0000FF]
        RenderText {#text} at (0,0) size 69x18
          text run at (0,0) width 69: "No border."
      RenderBlock {P} at (0,304) size 784x18 [color=#0000FF]
        RenderText {#text} at (0,0) size 69x18
          text run at (0,0) width 69: "No border."
      RenderBlock {P} at (0,338) size 784x18 [color=#0000FF]
        RenderText {#text} at (0,0) size 69x18
          text run at (0,0) width 69: "No border."
