layer at (0,0) size 800x600
  RenderView at (0,0) size 800x600
layer at (0,0) size 800x80
  RenderBlock {HTML} at (0,0) size 800x80
    RenderBody {BODY} at (8,8) size 784x64 [color=#0000FF]
      RenderTable {TABLE} at (0,0) size 718x64
        RenderTableSection {TBODY} at (0,0) size 718x64
          RenderTableRow {TR} at (0,2) size 718x24
            RenderTableCell {TD} at (2,2) size 714x24 [border: (2px solid #0000FF)] [r=0 c=0 rs=1 cs=2]
              RenderText {#text} at (3,3) size 331x18
                text run at (3,3) width 331: "There should be a blue border around this sentence."
          RenderTableRow {TR} at (0,28) size 718x34
            RenderTableCell {TD} at (2,33) size 337x24 [border: (2px solid #0000FF)] [r=1 c=0 rs=1 cs=1]
              RenderText {#text} at (3,3) size 331x18
                text run at (3,3) width 331: "There should be a blue border around this sentence."
            RenderTableCell {TD} at (340,28) size 376x34 [border: (2px solid #0000FF)] [r=1 c=1 rs=1 cs=1]
              RenderTable {TABLE} at (3,3) size 370x28
                RenderTableSection {TBODY} at (0,0) size 370x28
                  RenderTableRow {TR} at (0,2) size 370x24
                    RenderTableCell {TD} at (2,2) size 366x24 [border: (2px solid #0000FF)] [r=0 c=0 rs=1 cs=1]
                      RenderText {#text} at (3,3) size 108x18
                        text run at (3,3) width 108: "There should be "
                      RenderInline {STRONG} at (0,0) size 114x18
                        RenderInline {EM} at (0,0) size 24x18
                          RenderText {#text} at (110,3) size 24x18
                            text run at (110,3) width 24: "two"
                        RenderText {#text} at (133,3) size 91x18
                          text run at (133,3) width 91: " blue borders"
                      RenderText {#text} at (223,3) size 140x18
                        text run at (223,3) width 140: " around this sentence."
