layer at (0,0) size 800x600
  RenderView at (0,0) size 800x600
layer at (0,0) size 800x332
  RenderBlock {HTML} at (0,0) size 800x332
    RenderBody {BODY} at (8,16) size 784x300 [color=#0000FF]
      RenderBlock {P} at (0,0) size 784x42
        RenderText {#text} at (0,3) size 505x18
          text run at (0,3) width 505: "There should be a solid blue line directly under every occurrence of the word \""
        RenderInline {SPAN} at (0,0) size 62x20 [border: none (2px solid #0000FF) none]
          RenderText {#text} at (504,3) size 62x18
            text run at (504,3) width 62: "HERE \x{21E9}"
        RenderText {#text} at (565,3) size 783x39
          text run at (565,3) width 218: "\". (So there should be 8 blue lines"
          text run at (0,24) width 87: "on this page.)"
      RenderTable {TABLE} at (0,58) size 140x94
        RenderTableSection {TBODY} at (0,0) size 140x94
          RenderTableRow {TR} at (0,2) size 140x28
            RenderTableCell {TD} at (2,2) size 136x28 [border: none (2px solid #0000FF) none] [r=0 c=0 rs=1 cs=2]
              RenderText {#text} at (36,4) size 63x18
                text run at (36,4) width 63: "HERE \x{21E9}"
          RenderTableRow {TR} at (0,32) size 140x60
            RenderTableCell {TD} at (2,48) size 64x28 [border: none (2px solid #0000FF) none] [r=1 c=0 rs=1 cs=1]
              RenderText {#text} at (1,4) size 62x18
                text run at (1,4) width 62: "HERE \x{21E9}"
            RenderTableCell {TD} at (67,32) size 71x60 [border: none (2px solid #0000FF) none] [r=1 c=1 rs=1 cs=1]
              RenderTable {TABLE} at (1,1) size 68x32
                RenderTableSection {TBODY} at (0,0) size 68x32
                  RenderTableRow {TR} at (0,2) size 68x28
                    RenderTableCell {TD} at (2,2) size 64x28 [border: none (2px solid #0000FF) none] [r=0 c=0 rs=1 cs=1]
                      RenderText {#text} at (1,4) size 62x18
                        text run at (1,4) width 62: "HERE \x{21E9}"
              RenderBlock (anonymous) at (1,33) size 68x24
                RenderText {#text} at (3,3) size 62x18
                  text run at (3,3) width 62: "HERE \x{21E9}"
      RenderBlock {UL} at (0,168) size 784x132
        RenderListItem {LI} at (40,0) size 744x80 [border: none (2px solid #0000FF) none]
          RenderBlock {UL} at (0,0) size 744x54
            RenderListItem {LI} at (40,0) size 704x18
              RenderListMarker at (-17,0) size 7x18: white bullet
              RenderListMarker at (-57,0) size 7x18: bullet
              RenderText {#text} at (0,0) size 77x18
                text run at (0,0) width 77: "dummy text"
            RenderListItem {LI} at (40,18) size 704x18
              RenderListMarker at (-17,0) size 7x18: white bullet
              RenderText {#text} at (0,0) size 77x18
                text run at (0,0) width 77: "dummy text"
            RenderListItem {LI} at (40,36) size 704x18
              RenderListMarker at (-17,0) size 7x18: white bullet
              RenderText {#text} at (0,0) size 77x18
                text run at (0,0) width 77: "dummy text"
          RenderBlock (anonymous) at (0,54) size 744x24
            RenderText {#text} at (0,3) size 62x18
              text run at (0,3) width 62: "HERE \x{21E9}"
        RenderListItem {LI} at (40,80) size 744x26 [border: none (2px solid #0000FF) none]
          RenderListMarker at (-17,3) size 7x18: bullet
          RenderText {#text} at (0,3) size 62x18
            text run at (0,3) width 62: "HERE \x{21E9}"
        RenderListItem {LI} at (40,106) size 744x26 [border: none (2px solid #0000FF) none]
          RenderListMarker at (-17,3) size 7x18: bullet
          RenderText {#text} at (0,3) size 62x18
            text run at (0,3) width 62: "HERE \x{21E9}"
