layer at (0,0) size 800x600
  RenderView at (0,0) size 800x600
layer at (0,0) size 800x282
  RenderBlock {HTML} at (0,0) size 800x282
    RenderBody {BODY} at (8,16) size 784x250 [color=#0000FF]
      RenderBlock {P} at (0,0) size 784x18
        RenderText {#text} at (0,0) size 754x18
          text run at (0,0) width 362: "There should be a solid line to the left of the text below, "
          text run at (361,0) width 393: "having three segments each of a different colour as indicated."
      RenderBlock {UL} at (0,34) size 784x216
        RenderListItem {LI} at (40,0) size 744x72 [border: none (3px solid #FFA500)]
          RenderBlock (anonymous) at (3,0) size 741x18
            RenderListMarker at (-20,0) size 7x18: bullet
            RenderText {#text} at (0,0) size 107x18
              text run at (0,0) width 107: "Orange orange..."
          RenderBlock {UL} at (3,18) size 741x54
            RenderListItem {LI} at (40,0) size 701x18
              RenderListMarker at (-17,0) size 7x18: white bullet
              RenderText {#text} at (0,0) size 116x18
                text run at (0,0) width 116: "...orange orange..."
            RenderListItem {LI} at (40,18) size 701x18
              RenderListMarker at (-17,0) size 7x18: white bullet
              RenderText {#text} at (0,0) size 116x18
                text run at (0,0) width 116: "...orange orange..."
            RenderListItem {LI} at (40,36) size 701x18
              RenderListMarker at (-17,0) size 7x18: white bullet
              RenderText {#text} at (0,0) size 108x18
                text run at (0,0) width 108: "...orange orange."
        RenderListItem {LI} at (40,72) size 744x18 [border: none (3px solid #00FF00)]
          RenderListMarker at (-17,0) size 7x18: bullet
          RenderText {#text} at (3,0) size 38x18
            text run at (3,0) width 38: "Lime."
        RenderListItem {LI} at (40,90) size 744x126 [border: none (3px solid #FFFF00)]
          RenderListMarker at (-17,0) size 7x18: bullet
          RenderText {#text} at (3,0) size 713x126
            text run at (3,0) width 335: "Yellow yellow yellow yellow yellow yellow yellow "
            text run at (337,0) width 378: "yellow yellow yellow yellow yellow yellow yellow yellow"
            text run at (3,18) width 48: "yellow "
            text run at (50,18) width 429: "yellow yellow yellow yellow yellow yellow yellow yellow yellow "
            text run at (478,18) width 235: "yellow yellow yellow yellow yellow"
            text run at (3,36) width 191: "yellow yellow yellow yellow "
            text run at (193,36) width 429: "yellow yellow yellow yellow yellow yellow yellow yellow yellow "
            text run at (621,36) width 92: "yellow yellow"
            text run at (3,54) width 333: "yellow yellow yellow yellow yellow yellow yellow "
            text run at (335,54) width 378: "yellow yellow yellow yellow yellow yellow yellow yellow"
            text run at (3,72) width 48: "yellow "
            text run at (50,72) width 429: "yellow yellow yellow yellow yellow yellow yellow yellow yellow "
            text run at (478,72) width 235: "yellow yellow yellow yellow yellow"
            text run at (3,90) width 191: "yellow yellow yellow yellow "
            text run at (193,90) width 429: "yellow yellow yellow yellow yellow yellow yellow yellow yellow "
            text run at (621,90) width 92: "yellow yellow"
            text run at (3,108) width 333: "yellow yellow yellow yellow yellow yellow yellow "
            text run at (335,108) width 381: "yellow yellow yellow yellow yellow yellow yellow yellow."
