layer at (0,0) size 800x600
  RenderView at (0,0) size 800x600
layer at (0,0) size 800x420
  RenderBlock {HTML} at (0,0) size 800x420 [color=#FFFFFF] [bgcolor=#0000FF]
    RenderBody {BODY} at (15,15) size 490x390 [bgcolor=#FFFFFF] [border: (5px solid #000000)]
      RenderBlock {DL} at (5,5) size 480x10
        RenderBlock (floating) {DT} at (5,5) size 80x310 [bgcolor=#CC0000] [border: (5px solid #000000)]
          RenderText {#text} at (15,14) size 32x12
            text run at (15,14) width 32: "toggle"
        RenderBlock (floating) {DD} at (95,5) size 380x310 [border: (10px solid #000000)]
          RenderBlock {UL} at (20,20) size 340x0
            RenderBlock (floating) {LI} at (0,0) size 80x120 [color=#000000] [bgcolor=#FFCC00] [border: (5px solid #000000)]
              RenderText {#text} at (15,14) size 40x12
                text run at (15,14) width 40: "the way"
            RenderBlock (floating) {LI} at (90,0) size 160x110 [bgcolor=#000000]
              RenderBlock {P} at (10,10) size 140x10
                RenderText {#text} at (0,-1) size 75x12
                  text run at (0,-1) width 75: "the world ends"
              RenderBlock (anonymous) at (10,20) size 140x0
                RenderInline {FORM} at (0,0) size 0x0
                  RenderText {#text} at (0,0) size 0x0
              RenderBlock (anonymous) at (10,20) size 140x38
                RenderBlock {P} at (0,0) size 140x19
                  RenderText {#text} at (0,3) size 29x12
                    text run at (0,3) width 29: "bang "
                  RenderBlock {INPUT} at (30,3) size 13x12 [color=#000000]
                  RenderText {#text} at (0,0) size 0x0
                RenderBlock {P} at (0,19) size 140x19
                  RenderText {#text} at (0,3) size 47x12
                    text run at (0,3) width 47: "whimper "
                  RenderBlock {INPUT} at (48,3) size 13x12 [color=#000000]
                  RenderText {#text} at (0,0) size 0x0
              RenderBlock (anonymous) at (10,58) size 140x0
                RenderInline {FORM} at (0,0) size 0x0
                RenderText {#text} at (0,0) size 0x0
            RenderBlock (floating) {LI} at (259,0) size 81x120 [color=#000000] [bgcolor=#FFCC00] [border: (5px solid #000000)]
              RenderText {#text} at (15,14) size 50x12
                text run at (15,14) width 50: "i grow old"
            RenderBlock (floating) {LI} at (0,130) size 120x120 [bgcolor=#000000]
              RenderText {#text} at (10,9) size 31x12
                text run at (10,9) width 31: "pluot?"
          RenderBlock (floating) {BLOCKQUOTE} at (160,150) size 70x140 [color=#000000] [bgcolor=#FFCC00] [border: (10px solid #000000) (15px solid #000000) (20px solid #000000) (5px solid #000000)]
            RenderBlock {ADDRESS} at (5,20) size 50x20
              RenderText {#text} at (0,-1) size 34x22
                text run at (0,-1) width 17: "bar"
                text run at (0,9) width 34: "maids,"
          RenderBlock (floating) {H1} at (240,150) size 120x120 [bgcolor=#000000]
            RenderText {#text} at (10,9) size 67x22
              text run at (10,9) width 57: "sing to me,"
              text run at (10,19) width 67: "erbarme dich"
      RenderBlock {P} at (5,320) size 480x65 [color=#000000]
        RenderText {#text} at (0,0) size 469x38
          text run at (0,0) width 469: "This is a nonsensical document, but syntactically valid HTML 4.0. All 100%-conformant CSS1"
          text run at (0,13) width 393: "agents should be able to render the document elements above this paragraph"
          text run at (0,26) width 206: "indistinguishably (to the pixel) from this "
        RenderInline {A} at (0,0) size 104x12 [color=#999999]
          RenderText {#text} at (205,26) size 104x12
            text run at (205,26) width 104: "reference rendering,"
        RenderText {#text} at (308,26) size 463x38
          text run at (308,26) width 5: " "
          text run at (312,26) width 150: "(except font rasterization and"
          text run at (0,39) width 463: "form widgets). All discrepancies should be traceable to CSS1 implementation shortcomings."
          text run at (0,52) width 36: "Please "
        RenderInline {A} at (0,0) size 87x12 [color=#CC0000]
          RenderText {#text} at (35,52) size 87x12
            text run at (35,52) width 87: "report any errors"
        RenderText {#text} at (121,52) size 283x12
          text run at (121,52) width 283: " you find between the CSS and the reference rendering."
