layer at (0,0) size 785x794
  RenderView at (0,0) size 785x600
layer at (0,0) size 785x794
  RenderBlock {HTML} at (0,0) size 785x794
    RenderBody {BODY} at (8,32) size 769x730
      RenderBlock {P} at (32,0) size 705x122 [color=#000080]
        RenderText {#text} at (0,7) size 679x115
          text run at (0,7) width 679: "\x{21E9} The following blue box should be exactly half the"
          text run at (0,48) width 81: "width "
          text run at (80,48) width 559: "of the viewport, on the left of the 50% ruler"
          text run at (0,85) width 74: "mark."
      RenderBlock (floating) {DIV} at (0,154) size 385x342 [color=#FFFFFF] [bgcolor=#0000FF]
        RenderText {#text} at (0,0) size 385x342
          text run at (0,0) width 385: "ignore this float text ignore this float text ignore this"
          text run at (0,18) width 42: "float "
          text run at (41,18) width 344: "text ignore this float text ignore this float text"
          text run at (0,36) width 80: "ignore this "
          text run at (79,36) width 306: "float text ignore this float text ignore this"
          text run at (0,54) width 126: "float text ignore "
          text run at (125,54) width 260: "this float text ignore this float text"
          text run at (0,72) width 156: "ignore this float text "
          text run at (155,72) width 230: "ignore this float text ignore this"
          text run at (0,90) width 199: "float text ignore this float "
          text run at (198,90) width 187: "text ignore this float text"
          text run at (0,108) width 236: "ignore this float text ignore this "
          text run at (235,108) width 150: "float text ignore this"
          text run at (0,126) width 283: "float text ignore this float text ignore "
          text run at (282,126) width 103: "this float text"
          text run at (0,144) width 312: "ignore this float text ignore this float text "
          text run at (311,144) width 74: "ignore this"
          text run at (0,162) width 356: "float text ignore this float text ignore this float "
          text run at (355,162) width 30: "text"
          text run at (0,180) width 385: "ignore this float text ignore this float text ignore this"
          text run at (0,198) width 385: "float text ignore this float text ignore this float text"
          text run at (0,216) width 49: "ignore "
          text run at (48,216) width 337: "this float text ignore this float text ignore this"
          text run at (0,234) width 77: "float text "
          text run at (76,234) width 309: "ignore this float text ignore this float text"
          text run at (0,252) width 121: "ignore this float "
          text run at (120,252) width 265: "text ignore this float text ignore this"
          text run at (0,270) width 158: "float text ignore this "
          text run at (157,270) width 228: "float text ignore this float text"
          text run at (0,288) width 205: "ignore this float text ignore "
          text run at (204,288) width 181: "this float text ignore this"
          text run at (0,306) width 234: "float text ignore this float text "
          text run at (233,306) width 152: "ignore this float text"
          text run at (0,324) width 257: "ignore this float text ignore this float"
      RenderBlock {DIV} at (0,154) size 769x468 [color=#C0C0C0]
        RenderText {#text} at (384,0) size 769x468
          text run at (384,0) width 385: "this is some dummy text this is some dummy text this is"
          text run at (384,18) width 98: "some dummy "
          text run at (481,18) width 288: "text this is some dummy text this is some"
          text run at (384,36) width 169: "dummy text this is some "
          text run at (552,36) width 217: "dummy text this is some dummy"
          text run at (384,54) width 240: "text this is some dummy text this is "
          text run at (623,54) width 146: "some dummy text this"
          text run at (384,72) width 307: "is some dummy text this is some dummy text "
          text run at (690,72) width 79: "this is some"
          text run at (384,90) width 385: "dummy text this is some dummy text this is some dummy"
          text run at (384,108) width 385: "text this is some dummy text this is some dummy text this"
          text run at (384,126) width 56: "is some "
          text run at (439,126) width 330: "dummy text this is some dummy text this is some"
          text run at (384,144) width 130: "dummy text this is "
          text run at (513,144) width 256: "some dummy text this is some dummy"
          text run at (384,162) width 196: "text this is some dummy text "
          text run at (579,162) width 190: "this is some dummy text this"
          text run at (384,180) width 278: "is some dummy text this is some dummy "
          text run at (661,180) width 108: "text this is some"
          text run at (384,198) width 337: "dummy text this is some dummy text this is some "
          text run at (720,198) width 49: "dummy"
          text run at (384,216) width 385: "text this is some dummy text this is some dummy text this"
          text run at (384,234) width 17: "is "
          text run at (400,234) width 369: "some dummy text this is some dummy text this is some"
          text run at (384,252) width 85: "dummy text "
          text run at (468,252) width 301: "this is some dummy text this is some dummy"
          text run at (384,270) width 167: "text this is some dummy "
          text run at (550,270) width 219: "text this is some dummy text this"
          text run at (384,288) width 224: "is some dummy text this is some "
          text run at (607,288) width 162: "dummy text this is some"
          text run at (384,306) width 297: "dummy text this is some dummy text this is "
          text run at (680,306) width 89: "some dummy"
          text run at (384,324) width 362: "text this is some dummy text this is some dummy text "
          text run at (745,324) width 24: "this"
          text run at (0,342) width 442: "is some dummy text this is some dummy text this is some dummy "
          text run at (441,342) width 328: "text this is some dummy text this is some dummy"
          text run at (0,360) width 112: "text this is some "
          text run at (111,360) width 459: "dummy text this is some dummy text this is some dummy text this is "
          text run at (569,360) width 200: "some dummy text this is some"
          text run at (0,378) width 244: "dummy text this is some dummy text "
          text run at (243,378) width 460: "this is some dummy text this is some dummy text this is some dummy "
          text run at (702,378) width 67: "text this is"
          text run at (0,396) width 365: "some dummy text this is some dummy text this is some "
          text run at (364,396) width 405: "dummy text this is some dummy text this is some dummy text"
          text run at (0,414) width 47: "this is "
          text run at (46,414) width 471: "some dummy text this is some dummy text this is some dummy text "
          text run at (516,414) width 253: "this is some dummy text this is some"
          text run at (0,432) width 216: "dummy text this is some dummy "
          text run at (215,432) width 435: "text this is some dummy text this is some dummy text this is some "
          text run at (649,432) width 120: "dummy text this is"
          text run at (0,450) width 321: "some dummy text this is some dummy text this is "
          text run at (320,450) width 276: "some dummy text this is some dummy text"
      RenderBlock {P} at (32,654) size 705x76 [color=#000080]
        RenderText {#text} at (20,0) size 685x76
          text run at (20,0) width 685: "The above gray text should flow around the blue box."
          text run at (673,39) width 32: "\x{21E7}"
