layer at (0,0) size 800x600
  RenderView at (0,0) size 800x600
layer at (0,0) size 800x477
  RenderBlock {HTML} at (0,0) size 800x477
    RenderBody {BODY} at (8,16) size 784x445
      RenderBlock {P} at (0,0) size 784x54 [color=#000080]
        RenderText {#text} at (0,0) size 775x54
          text run at (0,0) width 416: "The big coloured boxes should be level with the top of the small "
          text run at (415,0) width 337: "coloured boxes of the same color (unless there is not"
          text run at (0,18) width 89: "enough room "
          text run at (88,18) width 409: "for the big box to fit on the small box's line after the small box, "
          text run at (496,18) width 279: "in which case the big box should be as high"
          text run at (0,36) width 141: "as possible below the "
          text run at (140,36) width 73: "small box)."
      RenderBlock {DIV} at (16,70) size 752x375 [color=#C0C0C0] [border: (5px solid #800080)]
        RenderText {#text} at (171,22) size 324x19
          text run at (171,22) width 324: "dummy text dummy text dummy text dummy text "
        RenderInline {SPAN} at (494,19) size 19x25 [color=#FFFFFF] [bgcolor=#008080] [border: (3px solid #00FFFF)]
          RenderText {#text} at (497,22) size 13x19
            text run at (497,22) width 13: "A"
        RenderText {#text} at (512,22) size 5x19
          text run at (512,22) width 5: " "
        RenderBlock (floating) {P} at (21,21) size 150x59 [color=#FFFFFF] [bgcolor=#008080] [border: (3px solid #00FFFF)]
          RenderText {#text} at (19,20) size 47x19
            text run at (19,20) width 47: "AAAA"
        RenderText {#text} at (0,0) size 0x0
        RenderInline {SPAN} at (516,19) size 17x25 [color=#FFFFFF] [bgcolor=#800080] [border: (3px solid #FF00FF)]
          RenderText {#text} at (519,22) size 11x19
            text run at (519,22) width 11: "B"
        RenderText {#text} at (0,0) size 0x0
        RenderBlock (floating) {P} at (581,21) size 150x59 [color=#FFFFFF] [bgcolor=#800080] [border: (3px solid #FF00FF)]
          RenderText {#text} at (19,20) size 43x19
            text run at (19,20) width 43: "BBBB"
        RenderText {#text} at (21,43) size 696x310
          text run at (171,43) width 401: "dummy text dummy text dummy text dummy text dummy text"
          text run at (171,63) width 81: "dummy text "
          text run at (251,63) width 321: "dummy text dummy text dummy text dummy text"
          text run at (21,84) width 162: "dummy text dummy text "
          text run at (182,84) width 487: "dummy text dummy text dummy text dummy text dummy text dummy text "
          text run at (668,84) width 49: "dummy"
          text run at (21,105) width 433: "text dummy text dummy text dummy text dummy text dummy text "
          text run at (453,105) width 240: "dummy text dummy text dummy text"
          text run at (21,126) width 243: "dummy text dummy text dummy text "
          text run at (263,126) width 454: "dummy text dummy text dummy text dummy text dummy text dummy"
          text run at (21,147) width 28: "text "
          text run at (48,147) width 487: "dummy text dummy text dummy text dummy text dummy text dummy text "
          text run at (534,147) width 159: "dummy text dummy text"
          text run at (21,167) width 324: "dummy text dummy text dummy text dummy text "
          text run at (344,167) width 373: "dummy text dummy text dummy text dummy text dummy"
          text run at (21,188) width 109: "text dummy text "
          text run at (129,188) width 487: "dummy text dummy text dummy text dummy text dummy text dummy text "
          text run at (615,188) width 78: "dummy text"
          text run at (21,209) width 405: "dummy text dummy text dummy text dummy text dummy text "
          text run at (425,209) width 292: "dummy text dummy text dummy text dummy"
          text run at (21,230) width 190: "text dummy text dummy text "
          text run at (210,230) width 483: "dummy text dummy text dummy text dummy text dummy text dummy text"
          text run at (21,251) width 486: "dummy text dummy text dummy text dummy text dummy text dummy text "
          text run at (506,251) width 211: "dummy text dummy text dummy"
          text run at (21,271) width 271: "text dummy text dummy text dummy text "
          text run at (291,271) width 402: "dummy text dummy text dummy text dummy text dummy text"
          text run at (21,292) width 81: "dummy text "
          text run at (101,292) width 487: "dummy text dummy text dummy text dummy text dummy text dummy text "
          text run at (587,292) width 130: "dummy text dummy"
          text run at (21,313) width 352: "text dummy text dummy text dummy text dummy text "
          text run at (372,313) width 321: "dummy text dummy text dummy text dummy text"
          text run at (21,334) width 162: "dummy text dummy text "
          text run at (182,334) width 483: "dummy text dummy text dummy text dummy text dummy text dummy text"
