layer at (0,0) size 800x600
  RenderView at (0,0) size 800x600
layer at (0,0) size 800x193
  RenderBlock {HTML} at (0,0) size 800x193
    RenderBody {BODY} at (8,16) size 784x161
      RenderBlock {P} at (0,0) size 784x18 [color=#000080]
        RenderText {#text} at (0,0) size 264x18
          text run at (0,0) width 264: "The word \"fail\" should not appear below."
      RenderBlock {DIV} at (16,34) size 240x127 [color=#FFFFFF] [bgcolor=#FFFFFF]
        RenderBlock (floating) {P} at (0,0) size 43x19 [color=#000080]
          RenderText {#text} at (0,0) size 43x19
            text run at (0,0) width 43: "TEST:"
        RenderBlock (floating) {P} at (0,18) size 240x19 [color=#00FFFF] [bgcolor=#008080]
          RenderText {#text} at (101,0) size 38x19
            text run at (101,0) width 38: "PASS"
        RenderText {#text} at (42,0) size 224x127
          text run at (42,0) width 174: "fail fail fail fail fail fail fail"
          text run at (0,36) width 76: "fail fail fail "
          text run at (75,36) width 149: "fail fail fail fail fail fail"
          text run at (0,54) width 102: "fail fail fail fail "
          text run at (101,54) width 123: "fail fail fail fail fail"
          text run at (0,72) width 127: "fail fail fail fail fail "
          text run at (126,72) width 98: "fail fail fail fail"
          text run at (0,90) width 152: "fail fail fail fail fail fail "
          text run at (151,90) width 73: "fail fail fail"
          text run at (0,108) width 174: "fail fail fail fail fail fail fail"
