layer at (0,0) size 800x600
  RenderView at (0,0) size 800x600
layer at (0,0) size 800x269
  RenderBlock {HTML} at (0,0) size 800x269
    RenderBody {BODY} at (8,16) size 784x237
      RenderBlock {P} at (0,0) size 784x18 [color=#000080]
        RenderText {#text} at (0,0) size 386x18
          text run at (0,0) width 386: "The word \"fail\" should not appear below, just a green block."
      RenderBlock {DIV} at (16,34) size 240x203 [color=#FFFFFF] [bgcolor=#FFFFFF]
        RenderImage {IMG} at (0,0) size 1x1
        RenderImage {IMG} at (0,1) size 240x112
        RenderInline {SPAN} at (0,0) size 188x217
          RenderText {#text} at (0,113) size 188x90
            text run at (0,113) width 188: "FAIL"
        RenderText {#text} at (0,0) size 0x0
