layer at (0,0) size 800x600
  RenderView at (0,0) size 800x600
layer at (0,0) size 800x242
  RenderBlock {HTML} at (0,0) size 800x242
    RenderBody {BODY} at (8,16) size 784x128
      RenderBlock {P} at (0,0) size 784x42 [color=#000080]
        RenderText {#text} at (0,3) size 408x18
          text run at (0,3) width 252: "In the following test, the purple square "
          text run at (251,3) width 157: "should be on the left (\x{21E6}"
        RenderImage {IMG} at (407,2) size 20x20
        RenderText {#text} at (426,3) size 221x18
          text run at (426,3) width 221: "), and the teal square on the right ("
        RenderImage {IMG} at (646,2) size 20x20
        RenderText {#text} at (665,3) size 760x39
          text run at (665,3) width 95: "\x{21E8}) of the blue"
          text run at (0,24) width 63: "rectangle."
      RenderBlock {DIV} at (0,58) size 784x70
        RenderBlock {DIV} at (16,0) size 752x70 [color=#0000FF] [bgcolor=#000080]
          RenderImage {IMG} at (8,8) size 160x160
          RenderImage {IMG} at (584,8) size 160x160
          RenderText {#text} at (168,8) size 400x54
            text run at (168,8) width 400: "Blue rectangle. Blue rectangle. Blue rectangle. Blue rectangle."
            text run at (168,26) width 202: "Blue rectangle. Blue rectangle. "
            text run at (369,26) width 199: "Blue rectangle. Blue rectangle."
            text run at (168,44) width 400: "Blue rectangle. Blue rectangle. Blue rectangle. Blue rectangle."
