layer at (0,0) size 800x600
  RenderView at (0,0) size 800x600
layer at (0,0) size 800x290
  RenderBlock {HTML} at (0,0) size 800x290
    RenderBody {BODY} at (8,16) size 784x258
      RenderBlock {P} at (0,0) size 784x258 [color=#000080]
        RenderImage {IMG} at (734,0) size 50x50
        RenderText {#text} at (0,3) size 342x18
          text run at (0,3) width 342: "This text should flow around the box on the right. \x{21E8} "
        RenderInline {SPAN} at (0,0) size 777x255 [color=#C0C0C0]
          RenderText {#text} at (341,3) size 777x255
            text run at (341,3) width 373: "dummy text dummy text dummy text dummy text dummy"
            text run at (0,24) width 81: "text dummy "
            text run at (80,24) width 487: "text dummy text dummy text dummy text dummy text dummy text dummy "
            text run at (566,24) width 158: "text dummy text dummy"
            text run at (0,42) width 324: "text dummy text dummy text dummy text dummy "
            text run at (323,42) width 401: "text dummy text dummy text dummy text dummy text dummy"
            text run at (0,60) width 81: "text dummy "
            text run at (80,60) width 487: "text dummy text dummy text dummy text dummy text dummy text dummy "
            text run at (566,60) width 186: "text dummy text dummy text"
            text run at (0,78) width 296: "dummy text dummy text dummy text dummy "
            text run at (295,78) width 482: "text dummy text dummy text dummy text dummy text dummy text dummy"
            text run at (0,96) width 486: "text dummy text dummy text dummy text dummy text dummy text dummy "
            text run at (485,96) width 267: "text dummy text dummy text dummy text"
            text run at (0,114) width 215: "dummy text dummy text dummy "
            text run at (214,114) width 486: "text dummy text dummy text dummy text dummy text dummy text dummy "
            text run at (699,114) width 78: "text dummy"
            text run at (0,132) width 405: "text dummy text dummy text dummy text dummy text dummy "
            text run at (404,132) width 348: "text dummy text dummy text dummy text dummy text"
            text run at (0,150) width 134: "dummy text dummy "
            text run at (133,150) width 487: "text dummy text dummy text dummy text dummy text dummy text dummy "
            text run at (619,150) width 158: "text dummy text dummy"
            text run at (0,168) width 324: "text dummy text dummy text dummy text dummy "
            text run at (323,168) width 429: "text dummy text dummy text dummy text dummy text dummy text"
            text run at (0,186) width 53: "dummy "
            text run at (52,186) width 487: "text dummy text dummy text dummy text dummy text dummy text dummy "
            text run at (538,186) width 239: "text dummy text dummy text dummy"
            text run at (0,204) width 243: "text dummy text dummy text dummy "
            text run at (242,204) width 486: "text dummy text dummy text dummy text dummy text dummy text dummy "
            text run at (727,204) width 25: "text"
            text run at (0,222) width 458: "dummy text dummy text dummy text dummy text dummy text dummy "
            text run at (457,222) width 320: "text dummy text dummy text dummy text dummy"
            text run at (0,240) width 162: "text dummy text dummy "
            text run at (161,240) width 430: "text dummy text dummy text dummy text dummy text dummy text"
        RenderText {#text} at (0,0) size 0x0
