layer at (0,0) size 800x600
  RenderView at (0,0) size 800x600
layer at (0,0) size 800x298
  RenderBlock {HTML} at (0,0) size 800x298
    RenderBody {BODY} at (8,16) size 784x274
      RenderBlock {P} at (0,0) size 784x18
        RenderText {#text} at (0,0) size 317x18
          text run at (0,0) width 317: "There should be a green block with no red below."
      RenderBlock {DIV} at (15,34) size 90x240 [color=#008000] [bgcolor=#FF0000]
        RenderBlock {DIV} at (0,0) size 90x33
          RenderImage {IMG} at (0,0) size 30x30
          RenderInline {SPAN} at (30,0) size 15x15
            RenderText {#text} at (30,0) size 15x15
              text run at (30,0) width 15: "X"
          RenderText {#text} at (45,17) size 15x16
            text run at (45,17) width 15: "X"
        RenderBlock {DIV} at (0,32) size 90x37
          RenderImage {IMG} at (0,0) size 30x30
          RenderInline {SPAN} at (30,5) size 45x31
            RenderInline {SPAN} at (30,5) size 15x16
              RenderText {#text} at (30,5) size 15x16
                text run at (30,5) width 15: "X"
            RenderText {#text} at (45,5) size 30x31
              text run at (45,5) width 30: "X"
        RenderBlock {DIV} at (0,68) size 90x31
          RenderImage {IMG} at (0,0) size 30x30
          RenderText {#text} at (30,8) size 15x16
            text run at (30,8) width 15: "X"
        RenderBlock {DIV} at (0,98) size 90x37
          RenderImage {IMG} at (0,0) size 30x30
          RenderInline {SPAN} at (30,5) size 45x31
            RenderInline {SPAN} at (30,20) size 15x16
              RenderText {#text} at (30,20) size 15x16
                text run at (30,20) width 15: "X"
            RenderText {#text} at (45,5) size 30x31
              text run at (45,5) width 30: "X"
        RenderBlock {DIV} at (0,134) size 90x37
          RenderImage {IMG} at (0,0) size 30x30
          RenderInline {SPAN} at (30,5) size 45x31
            RenderInline {SPAN} at (30,20) size 15x16
              RenderText {#text} at (30,20) size 15x16
                text run at (30,20) width 15: "X"
            RenderText {#text} at (45,5) size 30x31
              text run at (45,5) width 30: "X"
        RenderBlock {DIV} at (0,170) size 90x37
          RenderImage {IMG} at (0,0) size 30x30
          RenderInline {SPAN} at (30,5) size 45x31
            RenderInline {SPAN} at (30,17) size 15x16
              RenderText {#text} at (30,17) size 15x16
                text run at (30,17) width 15: "X"
            RenderText {#text} at (45,5) size 30x31
              text run at (45,5) width 30: "X"
        RenderBlock {DIV} at (0,206) size 90x34
          RenderImage {IMG} at (0,0) size 30x30
          RenderInline {SPAN} at (30,7) size 15x16
            RenderText {#text} at (30,7) size 15x16
              text run at (30,7) width 15: "X"
          RenderText {#text} at (45,17) size 15x16
            text run at (45,17) width 15: "X"
