layer at (0,0) size 800x600
  RenderView at (0,0) size 800x600
layer at (0,0) size 800x96
  RenderBlock {HTML} at (0,0) size 800x96
    RenderBody {BODY} at (8,16) size 784x72
      RenderBlock {P} at (0,0) size 784x18
        RenderText {#text} at (0,0) size 237x18
          text run at (0,0) width 237: "The following two lines should look "
        RenderInline {EM} at (0,0) size 93x18
          RenderText {#text} at (236,0) size 93x18
            text run at (236,0) width 93: "approximately"
        RenderText {#text} at (328,0) size 66x18
          text run at (328,0) width 66: " the same:"
      RenderBlock {DIV} at (0,34) size 784x19
        RenderInline {SPAN} at (0,0) size 10x18
          RenderInline (generated) at (0,0) size 10x18
            RenderCounter at (0,1) size 10x18
              text run at (0,1) width 10: "\x{25E6}"
        RenderText {#text} at (9,1) size 5x18
          text run at (9,1) width 5: " "
        RenderInline {SPAN} at (0,0) size 10x18
          RenderInline (generated) at (0,0) size 10x18
            RenderCounter at (13,1) size 10x18
              text run at (13,1) width 10: "\x{25E6}"
        RenderText {#text} at (22,1) size 5x18
          text run at (22,1) width 5: " "
        RenderInline {SPAN} at (0,0) size 10x18
          RenderInline (generated) at (0,0) size 10x18
            RenderCounter at (26,1) size 10x18
              text run at (26,1) width 10: "\x{25E6}"
        RenderText {#text} at (35,1) size 5x18
          text run at (35,1) width 5: " "
        RenderInline {SPAN} at (0,0) size 10x18
          RenderInline (generated) at (0,0) size 10x18
            RenderCounter at (39,1) size 10x18
              text run at (39,1) width 10: "\x{25E6}"
        RenderText {#text} at (49,1) size 4x18
          text run at (49,1) width 4: " "
        RenderInline {SPAN} at (0,0) size 10x18
          RenderInline (generated) at (0,0) size 10x18
            RenderCounter at (53,1) size 10x18
              text run at (53,1) width 10: "\x{25E6}"
        RenderText {#text} at (62,1) size 5x18
          text run at (62,1) width 5: " "
        RenderInline {SPAN} at (0,0) size 10x18
          RenderInline (generated) at (0,0) size 10x18
            RenderCounter at (66,1) size 10x18
              text run at (66,1) width 10: "\x{25E6}"
        RenderText {#text} at (75,1) size 5x18
          text run at (75,1) width 5: " "
        RenderInline {SPAN} at (0,0) size 10x18
          RenderInline (generated) at (0,0) size 10x18
            RenderCounter at (79,1) size 10x18
              text run at (79,1) width 10: "\x{25E6}"
        RenderText {#text} at (88,1) size 5x18
          text run at (88,1) width 5: " "
        RenderInline {SPAN} at (0,0) size 10x18
          RenderInline (generated) at (0,0) size 10x18
            RenderCounter at (92,1) size 10x18
              text run at (92,1) width 10: "\x{25E6}"
        RenderText {#text} at (102,1) size 4x18
          text run at (102,1) width 4: " "
        RenderInline {SPAN} at (0,0) size 10x18
          RenderInline (generated) at (0,0) size 10x18
            RenderCounter at (106,1) size 10x18
              text run at (106,1) width 10: "\x{25E6}"
        RenderText {#text} at (115,1) size 5x18
          text run at (115,1) width 5: " "
        RenderInline {SPAN} at (0,0) size 10x18
          RenderInline (generated) at (0,0) size 10x18
            RenderCounter at (119,1) size 10x18
              text run at (119,1) width 10: "\x{25E6}"
        RenderText {#text} at (128,1) size 5x18
          text run at (128,1) width 5: " "
        RenderInline {SPAN} at (0,0) size 10x18
          RenderInline (generated) at (0,0) size 10x18
            RenderCounter at (132,1) size 10x18
              text run at (132,1) width 10: "\x{25E6}"
        RenderText {#text} at (141,1) size 5x18
          text run at (141,1) width 5: " "
        RenderInline {SPAN} at (0,0) size 10x18
          RenderInline (generated) at (0,0) size 10x18
            RenderCounter at (145,1) size 10x18
              text run at (145,1) width 10: "\x{25E6}"
        RenderText {#text} at (0,0) size 0x0
      RenderBlock {DIV} at (0,53) size 784x19
        RenderText {#text} at (0,1) size 155x18
          text run at (0,1) width 14: "\x{25E6} "
          text run at (13,1) width 14: "\x{25E6} "
          text run at (26,1) width 14: "\x{25E6} "
          text run at (39,1) width 14: "\x{25E6} "
          text run at (53,1) width 14: "\x{25E6} "
          text run at (66,1) width 14: "\x{25E6} "
          text run at (79,1) width 14: "\x{25E6} "
          text run at (92,1) width 14: "\x{25E6} "
          text run at (106,1) width 14: "\x{25E6} "
          text run at (119,1) width 14: "\x{25E6} "
          text run at (132,1) width 14: "\x{25E6} "
          text run at (145,1) width 10: "\x{25E6}"
