layer at (0,0) size 1100x585
  RenderView at (0,0) size 800x585
layer at (0,0) size 800x94
  RenderBlock {HTML} at (0,0) size 800x94
    RenderBody {BODY} at (8,16) size 784x70
      RenderBlock {P} at (0,0) size 784x18
        RenderText {#text} at (0,0) size 298x18
          text run at (0,0) width 298: "The following two lines should look the same:"
      RenderBlock {DIV} at (0,34) size 784x18
        RenderInline {SPAN} at (0,0) size 21x18
          RenderInline (generated) at (0,0) size 21x18
            RenderCounter at (0,0) size 21x18
              text run at (0,0) width 21: "\x{10D0}.\x{10D0}"
        RenderText {#text} at (20,0) size 5x18
          text run at (20,0) width 5: " "
        RenderInline {SPAN} at (0,0) size 22x18
          RenderInline (generated) at (0,0) size 22x18
            RenderCounter at (24,0) size 22x18
              text run at (24,0) width 22: "\x{10D0}.\x{10D1}"
        RenderText {#text} at (45,0) size 5x18
          text run at (45,0) width 5: " "
        RenderInline {SPAN} at (0,0) size 22x18
          RenderInline (generated) at (0,0) size 22x18
            RenderCounter at (49,0) size 22x18
              text run at (49,0) width 22: "\x{10D0}.\x{10D2}"
        RenderText {#text} at (70,0) size 5x18
          text run at (70,0) width 5: " "
        RenderInline {SPAN} at (0,0) size 27x18
          RenderInline (generated) at (0,0) size 27x18
            RenderCounter at (74,0) size 27x18
              text run at (74,0) width 27: "\x{10D0}.\x{10D3}"
        RenderText {#text} at (100,0) size 5x18
          text run at (100,0) width 5: " "
        RenderInline {SPAN} at (0,0) size 22x18
          RenderInline (generated) at (0,0) size 22x18
            RenderCounter at (104,0) size 22x18
              text run at (104,0) width 22: "\x{10D0}.\x{10D4}"
        RenderText {#text} at (125,0) size 5x18
          text run at (125,0) width 5: " "
        RenderInline {SPAN} at (0,0) size 22x18
          RenderInline (generated) at (0,0) size 22x18
            RenderCounter at (129,0) size 22x18
              text run at (129,0) width 22: "\x{10D0}.\x{10D5}"
        RenderText {#text} at (150,0) size 5x18
          text run at (150,0) width 5: " "
        RenderInline {SPAN} at (0,0) size 23x18
          RenderInline (generated) at (0,0) size 23x18
            RenderCounter at (154,0) size 23x18
              text run at (154,0) width 23: "\x{10D0}.\x{10D6}"
        RenderText {#text} at (176,0) size 5x18
          text run at (176,0) width 5: " "
        RenderInline {SPAN} at (0,0) size 23x18
          RenderInline (generated) at (0,0) size 23x18
            RenderCounter at (180,0) size 23x18
              text run at (180,0) width 23: "\x{10D0}.\x{10F1}"
        RenderText {#text} at (202,0) size 5x18
          text run at (202,0) width 5: " "
        RenderInline {SPAN} at (0,0) size 26x18
          RenderInline (generated) at (0,0) size 26x18
            RenderCounter at (206,0) size 26x18
              text run at (206,0) width 26: "\x{10D0}.\x{10D7}"
        RenderText {#text} at (231,0) size 5x18
          text run at (231,0) width 5: " "
        RenderInline {SPAN} at (0,0) size 22x18
          RenderInline (generated) at (0,0) size 22x18
            RenderCounter at (235,0) size 22x18
              text run at (235,0) width 22: "\x{10D0}.\x{10D8}"
        RenderText {#text} at (256,0) size 5x18
          text run at (256,0) width 5: " "
        RenderInline {SPAN} at (0,0) size 30x18
          RenderInline (generated) at (0,0) size 30x18
            RenderCounter at (260,0) size 30x18
              text run at (260,0) width 30: "\x{10D0}.\x{10D8}\x{10D0}"
        RenderText {#text} at (289,0) size 5x18
          text run at (289,0) width 5: " "
        RenderInline {SPAN} at (0,0) size 31x18
          RenderInline (generated) at (0,0) size 31x18
            RenderCounter at (293,0) size 31x18
              text run at (293,0) width 31: "\x{10D0}.\x{10D8}\x{10D1}"
        RenderText {#text} at (323,0) size 5x18
          text run at (323,0) width 5: " "
        RenderInline {SPAN} at (0,0) size 22x18
          RenderInline (generated) at (0,0) size 22x18
            RenderCounter at (327,0) size 22x18
              text run at (327,0) width 22: "\x{10D0}.\x{10D9}"
        RenderText {#text} at (348,0) size 5x18
          text run at (348,0) width 5: " "
        RenderInline {SPAN} at (0,0) size 29x18
          RenderInline (generated) at (0,0) size 29x18
            RenderCounter at (352,0) size 29x18
              text run at (352,0) width 29: "\x{10D0}.\x{10DA}"
        RenderText {#text} at (380,0) size 5x18
          text run at (380,0) width 5: " "
        RenderInline {SPAN} at (0,0) size 22x18
          RenderInline (generated) at (0,0) size 22x18
            RenderCounter at (384,0) size 22x18
              text run at (384,0) width 22: "\x{10D0}.\x{10DB}"
        RenderText {#text} at (405,0) size 5x18
          text run at (405,0) width 5: " "
        RenderInline {SPAN} at (0,0) size 23x18
          RenderInline (generated) at (0,0) size 23x18
            RenderCounter at (409,0) size 23x18
              text run at (409,0) width 23: "\x{10D0}.\x{10DC}"
        RenderText {#text} at (431,0) size 5x18
          text run at (431,0) width 5: " "
        RenderInline {SPAN} at (0,0) size 22x18
          RenderInline (generated) at (0,0) size 22x18
            RenderCounter at (435,0) size 22x18
              text run at (435,0) width 22: "\x{10D0}.\x{10F2}"
        RenderText {#text} at (456,0) size 5x18
          text run at (456,0) width 5: " "
        RenderInline {SPAN} at (0,0) size 25x18
          RenderInline (generated) at (0,0) size 25x18
            RenderCounter at (460,0) size 25x18
              text run at (460,0) width 25: "\x{10D0}.\x{10DD}"
        RenderText {#text} at (484,0) size 5x18
          text run at (484,0) width 5: " "
        RenderInline {SPAN} at (0,0) size 22x18
          RenderInline (generated) at (0,0) size 22x18
            RenderCounter at (488,0) size 22x18
              text run at (488,0) width 22: "\x{10D0}.\x{10DE}"
        RenderText {#text} at (509,0) size 5x18
          text run at (509,0) width 5: " "
        RenderInline {SPAN} at (0,0) size 22x18
          RenderInline (generated) at (0,0) size 22x18
            RenderCounter at (513,0) size 22x18
              text run at (513,0) width 22: "\x{10D0}.\x{10DF}"
        RenderText {#text} at (534,0) size 5x18
          text run at (534,0) width 5: " "
        RenderInline {SPAN} at (0,0) size 25x18
          RenderInline (generated) at (0,0) size 25x18
            RenderCounter at (538,0) size 25x18
              text run at (538,0) width 25: "\x{10D0}.\x{10E0}"
        RenderText {#text} at (562,0) size 5x18
          text run at (562,0) width 5: " "
        RenderInline {SPAN} at (0,0) size 22x18
          RenderInline (generated) at (0,0) size 22x18
            RenderCounter at (566,0) size 22x18
              text run at (566,0) width 22: "\x{10D0}.\x{10E1}"
        RenderText {#text} at (587,0) size 5x18
          text run at (587,0) width 5: " "
        RenderInline {SPAN} at (0,0) size 24x18
          RenderInline (generated) at (0,0) size 24x18
            RenderCounter at (591,0) size 24x18
              text run at (591,0) width 24: "\x{10D0}.\x{10E2}"
        RenderText {#text} at (614,0) size 5x18
          text run at (614,0) width 5: " "
        RenderInline {SPAN} at (0,0) size 22x18
          RenderInline (generated) at (0,0) size 22x18
            RenderCounter at (618,0) size 22x18
              text run at (618,0) width 22: "\x{10D0}.\x{10F3}"
        RenderText {#text} at (639,0) size 5x18
          text run at (639,0) width 5: " "
        RenderInline {SPAN} at (0,0) size 26x18
          RenderInline (generated) at (0,0) size 26x18
            RenderCounter at (643,0) size 26x18
              text run at (643,0) width 26: "\x{10D0}.\x{10E4}"
        RenderText {#text} at (668,0) size 5x18
          text run at (668,0) width 5: " "
        RenderInline {SPAN} at (0,0) size 22x18
          RenderInline (generated) at (0,0) size 22x18
            RenderCounter at (672,0) size 22x18
              text run at (672,0) width 22: "\x{10D0}.\x{10E5}"
        RenderText {#text} at (693,0) size 5x18
          text run at (693,0) width 5: " "
        RenderInline {SPAN} at (0,0) size 25x18
          RenderInline (generated) at (0,0) size 25x18
            RenderCounter at (697,0) size 25x18
              text run at (697,0) width 25: "\x{10D0}.\x{10E6}"
        RenderText {#text} at (721,0) size 5x18
          text run at (721,0) width 5: " "
        RenderInline {SPAN} at (0,0) size 22x18
          RenderInline (generated) at (0,0) size 22x18
            RenderCounter at (725,0) size 22x18
              text run at (725,0) width 22: "\x{10D0}.\x{10E7}"
        RenderText {#text} at (746,0) size 5x18
          text run at (746,0) width 5: " "
        RenderInline {SPAN} at (0,0) size 23x18
          RenderInline (generated) at (0,0) size 23x18
            RenderCounter at (750,0) size 23x18
              text run at (750,0) width 23: "\x{10D0}.\x{10E8}"
        RenderText {#text} at (772,0) size 5x18
          text run at (772,0) width 5: " "
        RenderInline {SPAN} at (0,0) size 22x18
          RenderInline (generated) at (0,0) size 22x18
            RenderCounter at (776,0) size 22x18
              text run at (776,0) width 22: "\x{10D0}.\x{10E9}"
        RenderText {#text} at (797,0) size 5x18
          text run at (797,0) width 5: " "
        RenderInline {SPAN} at (0,0) size 23x18
          RenderInline (generated) at (0,0) size 23x18
            RenderCounter at (801,0) size 23x18
              text run at (801,0) width 23: "\x{10D0}.\x{10EA}"
        RenderText {#text} at (823,0) size 5x18
          text run at (823,0) width 5: " "
        RenderInline {SPAN} at (0,0) size 22x18
          RenderInline (generated) at (0,0) size 22x18
            RenderCounter at (827,0) size 22x18
              text run at (827,0) width 22: "\x{10D0}.\x{10EB}"
        RenderText {#text} at (848,0) size 5x18
          text run at (848,0) width 5: " "
        RenderInline {SPAN} at (0,0) size 23x18
          RenderInline (generated) at (0,0) size 23x18
            RenderCounter at (852,0) size 23x18
              text run at (852,0) width 23: "\x{10D0}.\x{10EC}"
        RenderText {#text} at (874,0) size 5x18
          text run at (874,0) width 5: " "
        RenderInline {SPAN} at (0,0) size 23x18
          RenderInline (generated) at (0,0) size 23x18
            RenderCounter at (878,0) size 23x18
              text run at (878,0) width 23: "\x{10D0}.\x{10ED}"
        RenderText {#text} at (900,0) size 5x18
          text run at (900,0) width 5: " "
        RenderInline {SPAN} at (0,0) size 22x18
          RenderInline (generated) at (0,0) size 22x18
            RenderCounter at (904,0) size 22x18
              text run at (904,0) width 22: "\x{10D0}.\x{10EE}"
        RenderText {#text} at (925,0) size 5x18
          text run at (925,0) width 5: " "
        RenderInline {SPAN} at (0,0) size 22x18
          RenderInline (generated) at (0,0) size 22x18
            RenderCounter at (929,0) size 22x18
              text run at (929,0) width 22: "\x{10D0}.\x{10F4}"
        RenderText {#text} at (950,0) size 5x18
          text run at (950,0) width 5: " "
        RenderInline {SPAN} at (0,0) size 22x18
          RenderInline (generated) at (0,0) size 22x18
            RenderCounter at (954,0) size 22x18
              text run at (954,0) width 22: "\x{10D0}.\x{10EF}"
        RenderText {#text} at (975,0) size 5x18
          text run at (975,0) width 5: " "
        RenderInline {SPAN} at (0,0) size 21x18
          RenderInline (generated) at (0,0) size 21x18
            RenderCounter at (979,0) size 21x18
              text run at (979,0) width 21: "\x{10D0}.\x{10F0}"
        RenderText {#text} at (999,0) size 5x18
          text run at (999,0) width 5: " "
        RenderInline {SPAN} at (0,0) size 23x18
          RenderInline (generated) at (0,0) size 23x18
            RenderCounter at (1003,0) size 23x18
              text run at (1003,0) width 23: "\x{10D0}.\x{10F5}"
        RenderText {#text} at (1025,0) size 5x18
          text run at (1025,0) width 5: " "
        RenderInline {SPAN} at (0,0) size 63x18
          RenderInline (generated) at (0,0) size 63x18
            RenderCounter at (1029,0) size 63x18
              text run at (1029,0) width 63: "\x{10D0}.\x{10F5}\x{10F0}\x{10E8}\x{10DF}\x{10D7}"
        RenderText {#text} at (0,0) size 0x0
      RenderBlock {DIV} at (0,52) size 784x18
        RenderText {#text} at (0,0) size 1092x18
          text run at (0,0) width 25: "\x{10D0}.\x{10D0} "
          text run at (24,0) width 26: "\x{10D0}.\x{10D1} "
          text run at (49,0) width 26: "\x{10D0}.\x{10D2} "
          text run at (74,0) width 31: "\x{10D0}.\x{10D3} "
          text run at (104,0) width 26: "\x{10D0}.\x{10D4} "
          text run at (129,0) width 26: "\x{10D0}.\x{10D5} "
          text run at (154,0) width 27: "\x{10D0}.\x{10D6} "
          text run at (180,0) width 27: "\x{10D0}.\x{10F1} "
          text run at (206,0) width 30: "\x{10D0}.\x{10D7} "
          text run at (235,0) width 26: "\x{10D0}.\x{10D8} "
          text run at (260,0) width 34: "\x{10D0}.\x{10D8}\x{10D0} "
          text run at (293,0) width 35: "\x{10D0}.\x{10D8}\x{10D1} "
          text run at (327,0) width 26: "\x{10D0}.\x{10D9} "
          text run at (352,0) width 33: "\x{10D0}.\x{10DA} "
          text run at (384,0) width 26: "\x{10D0}.\x{10DB} "
          text run at (409,0) width 27: "\x{10D0}.\x{10DC} "
          text run at (435,0) width 26: "\x{10D0}.\x{10F2} "
          text run at (460,0) width 29: "\x{10D0}.\x{10DD} "
          text run at (488,0) width 26: "\x{10D0}.\x{10DE} "
          text run at (513,0) width 26: "\x{10D0}.\x{10DF} "
          text run at (538,0) width 29: "\x{10D0}.\x{10E0} "
          text run at (566,0) width 26: "\x{10D0}.\x{10E1} "
          text run at (591,0) width 28: "\x{10D0}.\x{10E2} "
          text run at (618,0) width 26: "\x{10D0}.\x{10F3} "
          text run at (643,0) width 30: "\x{10D0}.\x{10E4} "
          text run at (672,0) width 26: "\x{10D0}.\x{10E5} "
          text run at (697,0) width 29: "\x{10D0}.\x{10E6} "
          text run at (725,0) width 26: "\x{10D0}.\x{10E7} "
          text run at (750,0) width 27: "\x{10D0}.\x{10E8} "
          text run at (776,0) width 26: "\x{10D0}.\x{10E9} "
          text run at (801,0) width 27: "\x{10D0}.\x{10EA} "
          text run at (827,0) width 26: "\x{10D0}.\x{10EB} "
          text run at (852,0) width 27: "\x{10D0}.\x{10EC} "
          text run at (878,0) width 27: "\x{10D0}.\x{10ED} "
          text run at (904,0) width 26: "\x{10D0}.\x{10EE} "
          text run at (929,0) width 26: "\x{10D0}.\x{10F4} "
          text run at (954,0) width 26: "\x{10D0}.\x{10EF} "
          text run at (979,0) width 25: "\x{10D0}.\x{10F0} "
          text run at (1003,0) width 27: "\x{10D0}.\x{10F5} "
          text run at (1029,0) width 63: "\x{10D0}.\x{10F5}\x{10F0}\x{10E8}\x{10DF}\x{10D7}"
