layer at (0,0) size 800x600
  RenderView at (0,0) size 800x600
layer at (0,0) size 800x94
  RenderBlock {HTML} at (0,0) size 800x94
    RenderBody {BODY} at (8,16) size 784x70
      RenderBlock {P} at (0,0) size 784x18
        RenderText {#text} at (0,0) size 298x18
          text run at (0,0) width 298: "The following two lines should look the same:"
      RenderBlock {DIV} at (0,34) size 784x18
        RenderInline {SPAN} at (0,0) size 10x18
          RenderInline (generated) at (0,0) size 10x18
            RenderCounter at (0,0) size 10x18
              text run at (0,0) width 10: "\x{3B1}"
        RenderText {#text} at (9,0) size 5x18
          text run at (9,0) width 5: " "
        RenderInline {SPAN} at (0,0) size 10x18
          RenderInline (generated) at (0,0) size 10x18
            RenderCounter at (13,0) size 10x18
              text run at (13,0) width 10: "\x{3B2}"
        RenderText {#text} at (22,0) size 5x18
          text run at (22,0) width 5: " "
        RenderInline {SPAN} at (0,0) size 9x18
          RenderInline (generated) at (0,0) size 9x18
            RenderCounter at (26,0) size 9x18
              text run at (26,0) width 9: "\x{3B3}"
        RenderText {#text} at (34,0) size 5x18
          text run at (34,0) width 5: " "
        RenderInline {SPAN} at (0,0) size 10x18
          RenderInline (generated) at (0,0) size 10x18
            RenderCounter at (38,0) size 10x18
              text run at (38,0) width 10: "\x{3B4}"
        RenderText {#text} at (47,0) size 5x18
          text run at (47,0) width 5: " "
        RenderInline {SPAN} at (0,0) size 8x18
          RenderInline (generated) at (0,0) size 8x18
            RenderCounter at (51,0) size 8x18
              text run at (51,0) width 8: "\x{3B5}"
        RenderText {#text} at (58,0) size 5x18
          text run at (58,0) width 5: " "
        RenderInline {SPAN} at (0,0) size 9x18
          RenderInline (generated) at (0,0) size 9x18
            RenderCounter at (62,0) size 9x18
              text run at (62,0) width 9: "\x{3B6}"
        RenderText {#text} at (70,0) size 5x18
          text run at (70,0) width 5: " "
        RenderInline {SPAN} at (0,0) size 10x18
          RenderInline (generated) at (0,0) size 10x18
            RenderCounter at (74,0) size 10x18
              text run at (74,0) width 10: "\x{3B7}"
        RenderText {#text} at (83,0) size 5x18
          text run at (83,0) width 5: " "
        RenderInline {SPAN} at (0,0) size 10x18
          RenderInline (generated) at (0,0) size 10x18
            RenderCounter at (87,0) size 10x18
              text run at (87,0) width 10: "\x{3B8}"
        RenderText {#text} at (96,0) size 5x18
          text run at (96,0) width 5: " "
        RenderInline {SPAN} at (0,0) size 5x18
          RenderInline (generated) at (0,0) size 5x18
            RenderCounter at (100,0) size 5x18
              text run at (100,0) width 5: "\x{3B9}"
        RenderText {#text} at (104,0) size 5x18
          text run at (104,0) width 5: " "
        RenderInline {SPAN} at (0,0) size 10x18
          RenderInline (generated) at (0,0) size 10x18
            RenderCounter at (108,0) size 10x18
              text run at (108,0) width 10: "\x{3BA}"
        RenderText {#text} at (117,0) size 5x18
          text run at (117,0) width 5: " "
        RenderInline {SPAN} at (0,0) size 9x18
          RenderInline (generated) at (0,0) size 9x18
            RenderCounter at (121,0) size 9x18
              text run at (121,0) width 9: "\x{3BB}"
        RenderText {#text} at (129,0) size 5x18
          text run at (129,0) width 5: " "
        RenderInline {SPAN} at (0,0) size 10x18
          RenderInline (generated) at (0,0) size 10x18
            RenderCounter at (133,0) size 10x18
              text run at (133,0) width 10: "\x{3BC}"
        RenderText {#text} at (0,0) size 0x0
      RenderBlock {DIV} at (0,52) size 784x18
        RenderText {#text} at (0,0) size 143x18
          text run at (0,0) width 14: "\x{3B1} "
          text run at (13,0) width 14: "\x{3B2} "
          text run at (26,0) width 13: "\x{3B3} "
          text run at (38,0) width 14: "\x{3B4} "
          text run at (51,0) width 12: "\x{3B5} "
          text run at (62,0) width 13: "\x{3B6} "
          text run at (74,0) width 14: "\x{3B7} "
          text run at (87,0) width 14: "\x{3B8} "
          text run at (100,0) width 9: "\x{3B9} "
          text run at (108,0) width 14: "\x{3BA} "
          text run at (121,0) width 13: "\x{3BB} "
          text run at (133,0) width 10: "\x{3BC}"
