layer at (0,0) size 800x600
  RenderView at (0,0) size 800x600
layer at (0,0) size 800x96
  RenderBlock {HTML} at (0,0) size 800x96
    RenderBody {BODY} at (8,16) size 784x72
      RenderBlock {P} at (0,0) size 784x18
        RenderText {#text} at (0,0) size 237x18
          text run at (0,0) width 237: "The following two lines should look "
        RenderInline {EM} at (0,0) size 93x18
          RenderText {#text} at (236,0) size 93x18
            text run at (236,0) width 93: "approximately"
        RenderText {#text} at (328,0) size 66x18
          text run at (328,0) width 66: " the same:"
      RenderBlock {DIV} at (0,34) size 784x19
        RenderInline {SPAN} at (0,0) size 23x18
          RenderInline (generated) at (0,0) size 23x18
            RenderCounter at (0,1) size 23x18
              text run at (0,1) width 23: "\x{25E6}.\x{25E6}"
        RenderText {#text} at (22,1) size 5x18
          text run at (22,1) width 5: " "
        RenderInline {SPAN} at (0,0) size 23x18
          RenderInline (generated) at (0,0) size 23x18
            RenderCounter at (26,1) size 23x18
              text run at (26,1) width 23: "\x{25E6}.\x{25E6}"
        RenderText {#text} at (49,1) size 4x18
          text run at (49,1) width 4: " "
        RenderInline {SPAN} at (0,0) size 23x18
          RenderInline (generated) at (0,0) size 23x18
            RenderCounter at (53,1) size 23x18
              text run at (53,1) width 23: "\x{25E6}.\x{25E6}"
        RenderText {#text} at (75,1) size 5x18
          text run at (75,1) width 5: " "
        RenderInline {SPAN} at (0,0) size 23x18
          RenderInline (generated) at (0,0) size 23x18
            RenderCounter at (79,1) size 23x18
              text run at (79,1) width 23: "\x{25E6}.\x{25E6}"
        RenderText {#text} at (102,1) size 4x18
          text run at (102,1) width 4: " "
        RenderInline {SPAN} at (0,0) size 23x18
          RenderInline (generated) at (0,0) size 23x18
            RenderCounter at (106,1) size 23x18
              text run at (106,1) width 23: "\x{25E6}.\x{25E6}"
        RenderText {#text} at (128,1) size 5x18
          text run at (128,1) width 5: " "
        RenderInline {SPAN} at (0,0) size 23x18
          RenderInline (generated) at (0,0) size 23x18
            RenderCounter at (132,1) size 23x18
              text run at (132,1) width 23: "\x{25E6}.\x{25E6}"
        RenderText {#text} at (155,1) size 4x18
          text run at (155,1) width 4: " "
        RenderInline {SPAN} at (0,0) size 23x18
          RenderInline (generated) at (0,0) size 23x18
            RenderCounter at (159,1) size 23x18
              text run at (159,1) width 23: "\x{25E6}.\x{25E6}"
        RenderText {#text} at (181,1) size 5x18
          text run at (181,1) width 5: " "
        RenderInline {SPAN} at (0,0) size 23x18
          RenderInline (generated) at (0,0) size 23x18
            RenderCounter at (185,1) size 23x18
              text run at (185,1) width 23: "\x{25E6}.\x{25E6}"
        RenderText {#text} at (208,1) size 4x18
          text run at (208,1) width 4: " "
        RenderInline {SPAN} at (0,0) size 23x18
          RenderInline (generated) at (0,0) size 23x18
            RenderCounter at (212,1) size 23x18
              text run at (212,1) width 23: "\x{25E6}.\x{25E6}"
        RenderText {#text} at (234,1) size 5x18
          text run at (234,1) width 5: " "
        RenderInline {SPAN} at (0,0) size 23x18
          RenderInline (generated) at (0,0) size 23x18
            RenderCounter at (238,1) size 23x18
              text run at (238,1) width 23: "\x{25E6}.\x{25E6}"
        RenderText {#text} at (261,1) size 4x18
          text run at (261,1) width 4: " "
        RenderInline {SPAN} at (0,0) size 23x18
          RenderInline (generated) at (0,0) size 23x18
            RenderCounter at (265,1) size 23x18
              text run at (265,1) width 23: "\x{25E6}.\x{25E6}"
        RenderText {#text} at (287,1) size 5x18
          text run at (287,1) width 5: " "
        RenderInline {SPAN} at (0,0) size 23x18
          RenderInline (generated) at (0,0) size 23x18
            RenderCounter at (291,1) size 23x18
              text run at (291,1) width 23: "\x{25E6}.\x{25E6}"
        RenderText {#text} at (0,0) size 0x0
      RenderBlock {DIV} at (0,53) size 784x19
        RenderText {#text} at (0,1) size 314x18
          text run at (0,1) width 27: "\x{25E6}.\x{25E6} "
          text run at (26,1) width 27: "\x{25E6}.\x{25E6} "
          text run at (53,1) width 27: "\x{25E6}.\x{25E6} "
          text run at (79,1) width 27: "\x{25E6}.\x{25E6} "
          text run at (106,1) width 27: "\x{25E6}.\x{25E6} "
          text run at (132,1) width 27: "\x{25E6}.\x{25E6} "
          text run at (159,1) width 27: "\x{25E6}.\x{25E6} "
          text run at (185,1) width 27: "\x{25E6}.\x{25E6} "
          text run at (212,1) width 27: "\x{25E6}.\x{25E6} "
          text run at (238,1) width 27: "\x{25E6}.\x{25E6} "
          text run at (265,1) width 27: "\x{25E6}.\x{25E6} "
          text run at (291,1) width 23: "\x{25E6}.\x{25E6}"
