layer at (0,0) size 800x600
  RenderView at (0,0) size 800x600
layer at (0,0) size 800x96
  RenderBlock {HTML} at (0,0) size 800x96
    RenderBody {BODY} at (8,16) size 784x72
      RenderBlock {P} at (0,0) size 784x18
        RenderText {#text} at (0,0) size 370x18
          text run at (0,0) width 370: "The following two boxes should be identical, to the pixel."
      RenderBlock {OL} at (80,34) size 160x18 [color=#FFFFFF] [bgcolor=#000080]
        RenderListItem {LI} at (0,0) size 160x18
          RenderListMarker at (-20,0) size 16x18: "1"
          RenderInline {SPAN} at (0,0) size 12x18 [color=#000080]
            RenderText {#text} at (0,0) size 12x18
              text run at (0,0) width 12: "1."
          RenderText {#text} at (12,0) size 31x18
            text run at (12,0) width 31: " Test"
      RenderBlock {OL} at (80,53) size 160x19 [color=#000080] [bgcolor=#000080]
        RenderListItem {LI} at (0,0) size 160x18
          RenderListMarker at (0,0) size 16x18: "1"
          RenderInline {SPAN} at (0,0) size 27x18 [color=#FFFFFF]
            RenderText {#text} at (16,0) size 27x18
              text run at (16,0) width 27: "Test"
