layer at (0,0) size 800x600
  RenderView at (0,0) size 800x600
layer at (0,0) size 800x94
  RenderBlock {HTML} at (0,0) size 800x94
    RenderBody {BODY} at (8,16) size 784x70
      RenderBlock {P} at (0,0) size 784x18
        RenderText {#text} at (0,0) size 298x18
          text run at (0,0) width 298: "The following two lines should look the same:"
      RenderBlock {DIV} at (0,34) size 784x18
        RenderInline {SPAN} at (0,0) size 9x18
          RenderInline (generated) at (0,0) size 9x18
            RenderCounter at (0,0) size 9x18
              text run at (0,0) width 9: "\x{10D0}"
        RenderText {#text} at (8,0) size 5x18
          text run at (8,0) width 5: " "
        RenderInline {SPAN} at (0,0) size 10x18
          RenderInline (generated) at (0,0) size 10x18
            RenderCounter at (12,0) size 10x18
              text run at (12,0) width 10: "\x{10D1}"
        RenderText {#text} at (21,0) size 5x18
          text run at (21,0) width 5: " "
        RenderInline {SPAN} at (0,0) size 9x18
          RenderInline (generated) at (0,0) size 9x18
            RenderCounter at (25,0) size 9x18
              text run at (25,0) width 9: "\x{10D2}"
        RenderText {#text} at (33,0) size 5x18
          text run at (33,0) width 5: " "
        RenderInline {SPAN} at (0,0) size 15x18
          RenderInline (generated) at (0,0) size 15x18
            RenderCounter at (37,0) size 15x18
              text run at (37,0) width 15: "\x{10D3}"
        RenderText {#text} at (51,0) size 5x18
          text run at (51,0) width 5: " "
        RenderInline {SPAN} at (0,0) size 9x18
          RenderInline (generated) at (0,0) size 9x18
            RenderCounter at (55,0) size 9x18
              text run at (55,0) width 9: "\x{10D4}"
        RenderText {#text} at (63,0) size 5x18
          text run at (63,0) width 5: " "
        RenderInline {SPAN} at (0,0) size 10x18
          RenderInline (generated) at (0,0) size 10x18
            RenderCounter at (67,0) size 10x18
              text run at (67,0) width 10: "\x{10D5}"
        RenderText {#text} at (76,0) size 5x18
          text run at (76,0) width 5: " "
        RenderInline {SPAN} at (0,0) size 11x18
          RenderInline (generated) at (0,0) size 11x18
            RenderCounter at (80,0) size 11x18
              text run at (80,0) width 11: "\x{10D6}"
        RenderText {#text} at (90,0) size 5x18
          text run at (90,0) width 5: " "
        RenderInline {SPAN} at (0,0) size 10x18
          RenderInline (generated) at (0,0) size 10x18
            RenderCounter at (94,0) size 10x18
              text run at (94,0) width 10: "\x{10F1}"
        RenderText {#text} at (103,0) size 5x18
          text run at (103,0) width 5: " "
        RenderInline {SPAN} at (0,0) size 15x18
          RenderInline (generated) at (0,0) size 15x18
            RenderCounter at (107,0) size 15x18
              text run at (107,0) width 15: "\x{10D7}"
        RenderText {#text} at (121,0) size 5x18
          text run at (121,0) width 5: " "
        RenderInline {SPAN} at (0,0) size 9x18
          RenderInline (generated) at (0,0) size 9x18
            RenderCounter at (125,0) size 9x18
              text run at (125,0) width 9: "\x{10D8}"
        RenderText {#text} at (133,0) size 5x18
          text run at (133,0) width 5: " "
        RenderInline {SPAN} at (0,0) size 18x18
          RenderInline (generated) at (0,0) size 18x18
            RenderCounter at (137,0) size 18x18
              text run at (137,0) width 18: "\x{10D8}\x{10D0}"
        RenderText {#text} at (154,0) size 5x18
          text run at (154,0) width 5: " "
        RenderInline {SPAN} at (0,0) size 19x18
          RenderInline (generated) at (0,0) size 19x18
            RenderCounter at (158,0) size 19x18
              text run at (158,0) width 19: "\x{10D8}\x{10D1}"
        RenderText {#text} at (176,0) size 5x18
          text run at (176,0) width 5: " "
        RenderInline {SPAN} at (0,0) size 9x18
          RenderInline (generated) at (0,0) size 9x18
            RenderCounter at (180,0) size 9x18
              text run at (180,0) width 9: "\x{10D9}"
        RenderText {#text} at (188,0) size 5x18
          text run at (188,0) width 5: " "
        RenderInline {SPAN} at (0,0) size 17x18
          RenderInline (generated) at (0,0) size 17x18
            RenderCounter at (192,0) size 17x18
              text run at (192,0) width 17: "\x{10DA}"
        RenderText {#text} at (208,0) size 5x18
          text run at (208,0) width 5: " "
        RenderInline {SPAN} at (0,0) size 10x18
          RenderInline (generated) at (0,0) size 10x18
            RenderCounter at (212,0) size 10x18
              text run at (212,0) width 10: "\x{10DB}"
        RenderText {#text} at (221,0) size 5x18
          text run at (221,0) width 5: " "
        RenderInline {SPAN} at (0,0) size 10x18
          RenderInline (generated) at (0,0) size 10x18
            RenderCounter at (225,0) size 10x18
              text run at (225,0) width 10: "\x{10DC}"
        RenderText {#text} at (234,0) size 5x18
          text run at (234,0) width 5: " "
        RenderInline {SPAN} at (0,0) size 10x18
          RenderInline (generated) at (0,0) size 10x18
            RenderCounter at (238,0) size 10x18
              text run at (238,0) width 10: "\x{10F2}"
        RenderText {#text} at (247,0) size 5x18
          text run at (247,0) width 5: " "
        RenderInline {SPAN} at (0,0) size 13x18
          RenderInline (generated) at (0,0) size 13x18
            RenderCounter at (251,0) size 13x18
              text run at (251,0) width 13: "\x{10DD}"
        RenderText {#text} at (263,0) size 5x18
          text run at (263,0) width 5: " "
        RenderInline {SPAN} at (0,0) size 9x18
          RenderInline (generated) at (0,0) size 9x18
            RenderCounter at (267,0) size 9x18
              text run at (267,0) width 9: "\x{10DE}"
        RenderText {#text} at (275,0) size 5x18
          text run at (275,0) width 5: " "
        RenderInline {SPAN} at (0,0) size 10x18
          RenderInline (generated) at (0,0) size 10x18
            RenderCounter at (279,0) size 10x18
              text run at (279,0) width 10: "\x{10DF}"
        RenderText {#text} at (288,0) size 5x18
          text run at (288,0) width 5: " "
        RenderInline {SPAN} at (0,0) size 13x18
          RenderInline (generated) at (0,0) size 13x18
            RenderCounter at (292,0) size 13x18
              text run at (292,0) width 13: "\x{10E0}"
        RenderText {#text} at (304,0) size 5x18
          text run at (304,0) width 5: " "
        RenderInline {SPAN} at (0,0) size 10x18
          RenderInline (generated) at (0,0) size 10x18
            RenderCounter at (308,0) size 10x18
              text run at (308,0) width 10: "\x{10E1}"
        RenderText {#text} at (317,0) size 5x18
          text run at (317,0) width 5: " "
        RenderInline {SPAN} at (0,0) size 11x18
          RenderInline (generated) at (0,0) size 11x18
            RenderCounter at (321,0) size 11x18
              text run at (321,0) width 11: "\x{10E2}"
        RenderText {#text} at (331,0) size 5x18
          text run at (331,0) width 5: " "
        RenderInline {SPAN} at (0,0) size 10x18
          RenderInline (generated) at (0,0) size 10x18
            RenderCounter at (335,0) size 10x18
              text run at (335,0) width 10: "\x{10F3}"
        RenderText {#text} at (344,0) size 5x18
          text run at (344,0) width 5: " "
        RenderInline {SPAN} at (0,0) size 14x18
          RenderInline (generated) at (0,0) size 14x18
            RenderCounter at (348,0) size 14x18
              text run at (348,0) width 14: "\x{10E4}"
        RenderText {#text} at (361,0) size 5x18
          text run at (361,0) width 5: " "
        RenderInline {SPAN} at (0,0) size 9x18
          RenderInline (generated) at (0,0) size 9x18
            RenderCounter at (365,0) size 9x18
              text run at (365,0) width 9: "\x{10E5}"
        RenderText {#text} at (373,0) size 5x18
          text run at (373,0) width 5: " "
        RenderInline {SPAN} at (0,0) size 13x18
          RenderInline (generated) at (0,0) size 13x18
            RenderCounter at (377,0) size 13x18
              text run at (377,0) width 13: "\x{10E6}"
        RenderText {#text} at (389,0) size 5x18
          text run at (389,0) width 5: " "
        RenderInline {SPAN} at (0,0) size 10x18
          RenderInline (generated) at (0,0) size 10x18
            RenderCounter at (393,0) size 10x18
              text run at (393,0) width 10: "\x{10E7}"
        RenderText {#text} at (402,0) size 5x18
          text run at (402,0) width 5: " "
        RenderInline {SPAN} at (0,0) size 10x18
          RenderInline (generated) at (0,0) size 10x18
            RenderCounter at (406,0) size 10x18
              text run at (406,0) width 10: "\x{10E8}"
        RenderText {#text} at (415,0) size 5x18
          text run at (415,0) width 5: " "
        RenderInline {SPAN} at (0,0) size 10x18
          RenderInline (generated) at (0,0) size 10x18
            RenderCounter at (419,0) size 10x18
              text run at (419,0) width 10: "\x{10E9}"
        RenderText {#text} at (428,0) size 5x18
          text run at (428,0) width 5: " "
        RenderInline {SPAN} at (0,0) size 11x18
          RenderInline (generated) at (0,0) size 11x18
            RenderCounter at (432,0) size 11x18
              text run at (432,0) width 11: "\x{10EA}"
        RenderText {#text} at (442,0) size 5x18
          text run at (442,0) width 5: " "
        RenderInline {SPAN} at (0,0) size 10x18
          RenderInline (generated) at (0,0) size 10x18
            RenderCounter at (446,0) size 10x18
              text run at (446,0) width 10: "\x{10EB}"
        RenderText {#text} at (455,0) size 5x18
          text run at (455,0) width 5: " "
        RenderInline {SPAN} at (0,0) size 10x18
          RenderInline (generated) at (0,0) size 10x18
            RenderCounter at (459,0) size 10x18
              text run at (459,0) width 10: "\x{10EC}"
        RenderText {#text} at (468,0) size 5x18
          text run at (468,0) width 5: " "
        RenderInline {SPAN} at (0,0) size 11x18
          RenderInline (generated) at (0,0) size 11x18
            RenderCounter at (472,0) size 11x18
              text run at (472,0) width 11: "\x{10ED}"
        RenderText {#text} at (482,0) size 5x18
          text run at (482,0) width 5: " "
        RenderInline {SPAN} at (0,0) size 10x18
          RenderInline (generated) at (0,0) size 10x18
            RenderCounter at (486,0) size 10x18
              text run at (486,0) width 10: "\x{10EE}"
        RenderText {#text} at (495,0) size 5x18
          text run at (495,0) width 5: " "
        RenderInline {SPAN} at (0,0) size 10x18
          RenderInline (generated) at (0,0) size 10x18
            RenderCounter at (499,0) size 10x18
              text run at (499,0) width 10: "\x{10F4}"
        RenderText {#text} at (508,0) size 5x18
          text run at (508,0) width 5: " "
        RenderInline {SPAN} at (0,0) size 9x18
          RenderInline (generated) at (0,0) size 9x18
            RenderCounter at (512,0) size 9x18
              text run at (512,0) width 9: "\x{10EF}"
        RenderText {#text} at (520,0) size 5x18
          text run at (520,0) width 5: " "
        RenderInline {SPAN} at (0,0) size 9x18
          RenderInline (generated) at (0,0) size 9x18
            RenderCounter at (524,0) size 9x18
              text run at (524,0) width 9: "\x{10F0}"
        RenderText {#text} at (532,0) size 5x18
          text run at (532,0) width 5: " "
        RenderInline {SPAN} at (0,0) size 11x18
          RenderInline (generated) at (0,0) size 11x18
            RenderCounter at (536,0) size 11x18
              text run at (536,0) width 11: "\x{10F5}"
        RenderText {#text} at (546,0) size 5x18
          text run at (546,0) width 5: " "
        RenderInline {SPAN} at (0,0) size 51x18
          RenderInline (generated) at (0,0) size 51x18
            RenderCounter at (550,0) size 51x18
              text run at (550,0) width 51: "\x{10F5}\x{10F0}\x{10E8}\x{10DF}\x{10D7}"
        RenderText {#text} at (0,0) size 0x0
      RenderBlock {DIV} at (0,52) size 784x18
        RenderText {#text} at (0,0) size 601x18
          text run at (0,0) width 13: "\x{10D0} "
          text run at (12,0) width 14: "\x{10D1} "
          text run at (25,0) width 13: "\x{10D2} "
          text run at (37,0) width 19: "\x{10D3} "
          text run at (55,0) width 13: "\x{10D4} "
          text run at (67,0) width 14: "\x{10D5} "
          text run at (80,0) width 15: "\x{10D6} "
          text run at (94,0) width 14: "\x{10F1} "
          text run at (107,0) width 19: "\x{10D7} "
          text run at (125,0) width 13: "\x{10D8} "
          text run at (137,0) width 22: "\x{10D8}\x{10D0} "
          text run at (158,0) width 23: "\x{10D8}\x{10D1} "
          text run at (180,0) width 13: "\x{10D9} "
          text run at (192,0) width 21: "\x{10DA} "
          text run at (212,0) width 14: "\x{10DB} "
          text run at (225,0) width 14: "\x{10DC} "
          text run at (238,0) width 14: "\x{10F2} "
          text run at (251,0) width 17: "\x{10DD} "
          text run at (267,0) width 13: "\x{10DE} "
          text run at (279,0) width 14: "\x{10DF} "
          text run at (292,0) width 17: "\x{10E0} "
          text run at (308,0) width 14: "\x{10E1} "
          text run at (321,0) width 15: "\x{10E2} "
          text run at (335,0) width 14: "\x{10F3} "
          text run at (348,0) width 18: "\x{10E4} "
          text run at (365,0) width 13: "\x{10E5} "
          text run at (377,0) width 17: "\x{10E6} "
          text run at (393,0) width 14: "\x{10E7} "
          text run at (406,0) width 14: "\x{10E8} "
          text run at (419,0) width 14: "\x{10E9} "
          text run at (432,0) width 15: "\x{10EA} "
          text run at (446,0) width 14: "\x{10EB} "
          text run at (459,0) width 14: "\x{10EC} "
          text run at (472,0) width 15: "\x{10ED} "
          text run at (486,0) width 14: "\x{10EE} "
          text run at (499,0) width 14: "\x{10F4} "
          text run at (512,0) width 13: "\x{10EF} "
          text run at (524,0) width 13: "\x{10F0} "
          text run at (536,0) width 15: "\x{10F5} "
          text run at (550,0) width 51: "\x{10F5}\x{10F0}\x{10E8}\x{10DF}\x{10D7}"
