layer at (0,0) size 800x600
  RenderView at (0,0) size 800x600
layer at (0,0) size 800x94
  RenderBlock {HTML} at (0,0) size 800x94
    RenderBody {BODY} at (8,16) size 784x70
      RenderBlock {P} at (0,0) size 784x18
        RenderText {#text} at (0,0) size 298x18
          text run at (0,0) width 298: "The following two lines should look the same:"
      RenderBlock {DIV} at (0,34) size 784x18
        RenderInline {SPAN} at (0,0) size 13x18
          RenderInline (generated) at (0,0) size 13x18
            RenderCounter at (0,0) size 13x18
              text run at (0,0) width 13: "i.i"
        RenderText {#text} at (12,0) size 5x18
          text run at (12,0) width 5: " "
        RenderInline {SPAN} at (0,0) size 19x18
          RenderInline (generated) at (0,0) size 19x18
            RenderCounter at (16,0) size 19x18
              text run at (16,0) width 19: "i.ii"
        RenderText {#text} at (34,0) size 5x18
          text run at (34,0) width 5: " "
        RenderInline {SPAN} at (0,0) size 23x18
          RenderInline (generated) at (0,0) size 23x18
            RenderCounter at (38,0) size 23x18
              text run at (38,0) width 23: "i.iii"
        RenderText {#text} at (60,0) size 5x18
          text run at (60,0) width 5: " "
        RenderInline {SPAN} at (0,0) size 21x18
          RenderInline (generated) at (0,0) size 21x18
            RenderCounter at (64,0) size 21x18
              text run at (64,0) width 21: "i.iv"
        RenderText {#text} at (84,0) size 5x18
          text run at (84,0) width 5: " "
        RenderInline {SPAN} at (0,0) size 18x18
          RenderInline (generated) at (0,0) size 18x18
            RenderCounter at (88,0) size 18x18
              text run at (88,0) width 18: "i.v"
        RenderText {#text} at (105,0) size 5x18
          text run at (105,0) width 5: " "
        RenderInline {SPAN} at (0,0) size 22x18
          RenderInline (generated) at (0,0) size 22x18
            RenderCounter at (109,0) size 22x18
              text run at (109,0) width 22: "i.vi"
        RenderText {#text} at (130,0) size 5x18
          text run at (130,0) width 5: " "
        RenderInline {SPAN} at (0,0) size 26x18
          RenderInline (generated) at (0,0) size 26x18
            RenderCounter at (134,0) size 26x18
              text run at (134,0) width 26: "i.vii"
        RenderText {#text} at (159,0) size 5x18
          text run at (159,0) width 5: " "
        RenderInline {SPAN} at (0,0) size 31x18
          RenderInline (generated) at (0,0) size 31x18
            RenderCounter at (163,0) size 31x18
              text run at (163,0) width 31: "i.viii"
        RenderText {#text} at (193,0) size 5x18
          text run at (193,0) width 5: " "
        RenderInline {SPAN} at (0,0) size 22x18
          RenderInline (generated) at (0,0) size 22x18
            RenderCounter at (197,0) size 22x18
              text run at (197,0) width 22: "i.ix"
        RenderText {#text} at (218,0) size 5x18
          text run at (218,0) width 5: " "
        RenderInline {SPAN} at (0,0) size 17x18
          RenderInline (generated) at (0,0) size 17x18
            RenderCounter at (222,0) size 17x18
              text run at (222,0) width 17: "i.x"
        RenderText {#text} at (238,0) size 5x18
          text run at (238,0) width 5: " "
        RenderInline {SPAN} at (0,0) size 22x18
          RenderInline (generated) at (0,0) size 22x18
            RenderCounter at (242,0) size 22x18
              text run at (242,0) width 22: "i.xi"
        RenderText {#text} at (263,0) size 5x18
          text run at (263,0) width 5: " "
        RenderInline {SPAN} at (0,0) size 26x18
          RenderInline (generated) at (0,0) size 26x18
            RenderCounter at (267,0) size 26x18
              text run at (267,0) width 26: "i.xii"
        RenderText {#text} at (292,0) size 5x18
          text run at (292,0) width 5: " "
        RenderInline {SPAN} at (0,0) size 35x18
          RenderInline (generated) at (0,0) size 35x18
            RenderCounter at (296,0) size 35x18
              text run at (296,0) width 35: "i.xlix"
        RenderText {#text} at (330,0) size 5x18
          text run at (330,0) width 5: " "
        RenderInline {SPAN} at (0,0) size 14x18
          RenderInline (generated) at (0,0) size 14x18
            RenderCounter at (334,0) size 14x18
              text run at (334,0) width 14: "i.l"
        RenderText {#text} at (347,0) size 5x18
          text run at (347,0) width 5: " "
        RenderInline {SPAN} at (0,0) size 71x18
          RenderInline (generated) at (0,0) size 71x18
            RenderCounter at (351,0) size 71x18
              text run at (351,0) width 71: "i.ccclxxxix"
        RenderText {#text} at (421,0) size 5x18
          text run at (421,0) width 5: " "
        RenderInline {SPAN} at (0,0) size 46x18
          RenderInline (generated) at (0,0) size 46x18
            RenderCounter at (425,0) size 46x18
              text run at (425,0) width 46: "i.cccxc"
        RenderText {#text} at (470,0) size 5x18
          text run at (470,0) width 5: " "
        RenderInline {SPAN} at (0,0) size 103x18
          RenderInline (generated) at (0,0) size 103x18
            RenderCounter at (474,0) size 103x18
              text run at (474,0) width 103: "i.mmmcdlxxxix"
        RenderText {#text} at (576,0) size 5x18
          text run at (576,0) width 5: " "
        RenderInline {SPAN} at (0,0) size 77x18
          RenderInline (generated) at (0,0) size 77x18
            RenderCounter at (580,0) size 77x18
              text run at (580,0) width 77: "i.mmmcdxc"
        RenderText {#text} at (656,0) size 5x18
          text run at (656,0) width 5: " "
        RenderInline {SPAN} at (0,0) size 81x18
          RenderInline (generated) at (0,0) size 81x18
            RenderCounter at (660,0) size 81x18
              text run at (660,0) width 81: "i.mmmcdxci"
        RenderText {#text} at (0,0) size 0x0
      RenderBlock {DIV} at (0,52) size 784x18
        RenderText {#text} at (0,0) size 741x18
          text run at (0,0) width 17: "i.i "
          text run at (16,0) width 23: "i.ii "
          text run at (38,0) width 27: "i.iii "
          text run at (64,0) width 25: "i.iv "
          text run at (88,0) width 22: "i.v "
          text run at (109,0) width 26: "i.vi "
          text run at (134,0) width 30: "i.vii "
          text run at (163,0) width 35: "i.viii "
          text run at (197,0) width 26: "i.ix "
          text run at (222,0) width 21: "i.x "
          text run at (242,0) width 26: "i.xi "
          text run at (267,0) width 30: "i.xii "
          text run at (296,0) width 39: "i.xlix "
          text run at (334,0) width 18: "i.l "
          text run at (351,0) width 75: "i.ccclxxxix "
          text run at (425,0) width 50: "i.cccxc "
          text run at (474,0) width 107: "i.mmmcdlxxxix "
          text run at (580,0) width 81: "i.mmmcdxc "
          text run at (660,0) width 81: "i.mmmcdxci"
