layer at (0,0) size 800x600
  RenderView at (0,0) size 800x600
layer at (0,0) size 800x287
  RenderBlock {HTML} at (0,0) size 800x287
    RenderBody {BODY} at (8,8) size 784x271
      RenderBlock {DIV} at (0,0) size 784x119
        RenderBlock {P} at (0,0) size 784x18 [color=#000080]
          RenderText {#text} at (0,0) size 248x18
            text run at (0,0) width 248: "This sentence should be in a serif font."
        RenderBlock {P} at (0,18) size 784x18 [color=#000080]
          RenderText {#text} at (0,0) size 248x18
            text run at (0,0) width 248: "This sentence should be in a serif font."
        RenderBlock {P} at (0,36) size 784x18 [color=#000080]
          RenderText {#text} at (0,0) size 314x18
            text run at (0,0) width 314: "This sentence should be in a sans-serif font."
        RenderBlock {P} at (0,54) size 784x25 [color=#000080]
          RenderText {#text} at (0,0) size 266x25
            text run at (0,0) width 266: "This sentence should be in a cursive font."
        RenderBlock {P} at (0,79) size 784x25 [color=#000080]
          RenderText {#text} at (0,0) size 296x25
            text run at (0,0) width 296: "This sentence should be in a fantasy font."
        RenderBlock {P} at (0,104) size 784x15 [color=#000080]
          RenderText {#text} at (0,0) size 344x15
            text run at (0,0) width 344: "This sentence should be in a monospace font."
      RenderBlock {P} at (0,119) size 784x18 [color=#000080]
        RenderText {#text} at (0,0) size 314x18
          text run at (0,0) width 314: "This sentence should be in a sans-serif font."
      RenderBlock {P} at (0,137) size 784x18 [color=#000080]
        RenderText {#text} at (0,0) size 423x18
          text run at (0,0) width 423: "This sentence should be in a monospace font."
      RenderBlock {DIV} at (0,155) size 784x116
        RenderBlock {P} at (0,0) size 784x15 [color=#000080]
          RenderText {#text} at (0,0) size 344x15
            text run at (0,0) width 344: "This sentence should be in a monospace font."
        RenderBlock {P} at (0,15) size 784x18 [color=#000080]
          RenderText {#text} at (0,0) size 248x18
            text run at (0,0) width 248: "This sentence should be in a serif font."
        RenderBlock {P} at (0,33) size 784x18 [color=#000080]
          RenderText {#text} at (0,0) size 314x18
            text run at (0,0) width 314: "This sentence should be in a sans-serif font."
        RenderBlock {P} at (0,51) size 784x25 [color=#000080]
          RenderText {#text} at (0,0) size 266x25
            text run at (0,0) width 266: "This sentence should be in a cursive font."
        RenderBlock {P} at (0,76) size 784x25 [color=#000080]
          RenderText {#text} at (0,0) size 296x25
            text run at (0,0) width 296: "This sentence should be in a fantasy font."
        RenderBlock {P} at (0,101) size 784x15 [color=#000080]
          RenderText {#text} at (0,0) size 344x15
            text run at (0,0) width 344: "This sentence should be in a monospace font."
