layer at (0,0) size 800x600
  RenderView at (0,0) size 800x600
layer at (0,0) size 800x414
  RenderBlock {HTML} at (0,0) size 800x414
    RenderBody {BODY} at (8,18) size 784x378
      RenderBlock {P} at (0,0) size 784x378
        RenderInline {SPAN} at (0,0) size 774x345 [color=#FFFFFF] [bgcolor=#000080]
          RenderText {#text} at (0,16) size 774x75
            text run at (0,16) width 454: "This text should be 18px sans-serif, in small-caps, italicized, "
            text run at (453,16) width 321: "and very light. There should be a 36px gap"
            text run at (0,70) width 165: "betwen each line. The "
            text run at (164,70) width 432: "text should have a blue background, the gap should not. "
          RenderInline {SPAN} at (0,0) size 772x291 [color=#0000FF]
            RenderText {#text} at (595,70) size 772x291
              text run at (595,70) width 168: "dummy text dummy text"
              text run at (0,124) width 311: "dummy text dummy text dummy text dummy "
              text run at (310,124) width 462: "text dummy text dummy text dummy text dummy text dummy text"
              text run at (0,178) width 52: "dummy "
              text run at (51,178) width 519: "text dummy text dummy text dummy text dummy text dummy text dummy "
              text run at (569,178) width 203: "text dummy text dummy text"
              text run at (0,232) width 311: "dummy text dummy text dummy text dummy "
              text run at (310,232) width 462: "text dummy text dummy text dummy text dummy text dummy text"
              text run at (0,286) width 52: "dummy "
              text run at (51,286) width 519: "text dummy text dummy text dummy text dummy text dummy text dummy "
              text run at (569,286) width 203: "text dummy text dummy text"
              text run at (0,340) width 311: "dummy text dummy text dummy text dummy "
              text run at (310,340) width 462: "text dummy text dummy text dummy text dummy text dummy text"
          RenderText {#text} at (0,0) size 0x0
        RenderText {#text} at (0,0) size 0x0
