layer at (0,0) size 800x600
  RenderView at (0,0) size 800x600
layer at (0,0) size 800x440
  RenderBlock {HTML} at (0,0) size 800x440
    RenderBody {BODY} at (8,16) size 784x408
      RenderBlock {P} at (0,0) size 784x18 [color=#000080]
        RenderText {#text} at (0,0) size 207x18
          text run at (0,0) width 207: "This sentence should be normal."
      RenderBlock {P} at (0,34) size 784x18 [color=#000080]
        RenderText {#text} at (0,0) size 303x18
          text run at (0,0) width 303: "This sentence should be bolder than normal."
      RenderBlock {P} at (0,68) size 784x18 [color=#000080]
        RenderText {#text} at (0,0) size 200x18
          text run at (0,0) width 200: "This sentence should be bold."
      RenderBlock {H4} at (0,107) size 784x19 [color=#000080]
        RenderText {#text} at (0,0) size 206x18
          text run at (0,0) width 206: "Whatever this line looks like..."
      RenderBlock {H4} at (0,146) size 784x19 [color=#000080]
        RenderText {#text} at (0,0) size 295x18
          text run at (0,0) width 295: "...this line should look bolder (or the same)."
      RenderBlock {P} at (0,185) size 784x19 [color=#000080]
        RenderInline {B} at (0,0) size 207x18
          RenderText {#text} at (0,0) size 207x18
            text run at (0,0) width 207: "This sentence should be normal."
        RenderText {#text} at (0,0) size 0x0
      RenderBlock {P} at (0,219) size 784x19 [color=#000080]
        RenderText {#text} at (0,0) size 224x18
          text run at (0,0) width 224: "This sentence should be very light."
      RenderBlock {P} at (0,253) size 784x19 [color=#000080]
        RenderText {#text} at (0,0) size 343x18
          text run at (0,0) width 343: "This sentence should be slightly bolder (or the same)."
      RenderBlock {P} at (0,287) size 784x19 [color=#000080]
        RenderText {#text} at (0,0) size 382x18
          text run at (0,0) width 382: "This sentence should be slightly bolder again (or the same)."
      RenderBlock {P} at (0,321) size 784x19 [color=#000080]
        RenderText {#text} at (0,0) size 425x18
          text run at (0,0) width 425: "This sentence should be slightly bolder still (but not the same)."
      RenderBlock {P} at (0,355) size 784x19 [color=#000080]
        RenderText {#text} at (0,0) size 516x18
          text run at (0,0) width 516: "This sentence should be the most bold (and maybe the same as the last one)."
      RenderBlock {P} at (0,389) size 784x19 [color=#000080]
        RenderText {#text} at (0,0) size 204x18
          text run at (0,0) width 204: "This sentence should be bold. "
        RenderInline {SPAN} at (0,0) size 208x18
          RenderText {#text} at (203,0) size 208x18
            text run at (203,0) width 208: "This sentence should be normal."
        RenderText {#text} at (0,0) size 0x0
