layer at (0,0) size 800x600
  RenderView at (0,0) size 800x600
layer at (0,0) size 800x84
  RenderBlock {HTML} at (0,0) size 800x84
    RenderBody {BODY} at (8,16) size 784x52
      RenderBlock {P} at (0,0) size 784x18 [color=#000080]
        RenderText {#text} at (0,0) size 270x18
          text run at (0,0) width 270: "This Paragraph should be in Small Caps."
      RenderBlock {P} at (0,34) size 784x18 [color=#000080]
        RenderText {#text} at (0,0) size 264x18
          text run at (0,0) width 264: "This Sentence should be in Small Caps. "
        RenderInline {SPAN} at (0,0) size 213x18
          RenderText {#text} at (263,0) size 213x18
            text run at (263,0) width 213: "This Sentence should be Normal."
        RenderText {#text} at (0,0) size 0x0
