layer at (0,0) size 800x600
  RenderView at (0,0) size 800x600
layer at (0,0) size 800x115
  RenderBlock {HTML} at (0,0) size 800x116
    RenderBody {BODY} at (8,9) size 784x97 [color=#000080]
      RenderBlock {P} at (0,0) size 784x96
        RenderText {#text} at (0,6) size 430x12
          text run at (0,6) width 430: "This test should be about 10px, sans-serif, and light. There should be about 15px between each line. "
        RenderInline {SPAN} at (0,6) size 782x84 [color=#C0C0C0]
          RenderText {#text} at (0,6) size 782x84
            text run at (429,6) width 297: "dummy text dummy text dummy text dummy text dummy text dummy "
            text run at (725,6) width 50: "text dummy"
            text run at (0,30) width 262: "text dummy text dummy text dummy text dummy text dummy "
            text run at (261,30) width 315: "text dummy text dummy text dummy text dummy text dummy text dummy "
            text run at (575,30) width 207: "text dummy text dummy text dummy text dummy"
            text run at (0,54) width 105: "text dummy text dummy "
            text run at (104,54) width 315: "text dummy text dummy text dummy text dummy text dummy text dummy "
            text run at (418,54) width 314: "text dummy text dummy text dummy text dummy text dummy text dummy "
            text run at (731,54) width 51: "text dummy"
            text run at (0,78) width 262: "text dummy text dummy text dummy text dummy text dummy "
            text run at (261,78) width 278: "text dummy text dummy text dummy text dummy text dummy text"
        RenderText {#text} at (0,0) size 0x0
