layer at (0,0) size 800x600
  RenderView at (0,0) size 800x600
layer at (0,0) size 800x238
  RenderBlock {HTML} at (0,0) size 800x238
    RenderBody {BODY} at (8,16) size 784x214
      RenderBlock {P} at (0,0) size 784x18
        RenderText {#text} at (0,0) size 322x18
          text run at (0,0) width 322: "There should be no red borders on the table below"
      RenderTable {TABLE} at (0,34) size 162x180 [border: (2px none #808080)]
        RenderTableSection {TBODY} at (2,2) size 157x175
          RenderTableRow {TR} at (0,0) size 157x58
            RenderTableCell {TD} at (0,16) size 54x26 [border: (3px double #00FF00)] [r=0 c=0 rs=1 cs=1]
              RenderText {#text} at (4,20) size 44x19
                text run at (4,4) width 44: "double"
            RenderTableCell {TD} at (53,15) size 52x28 [border: (3px double #00FF00) (5px double #FF0000) (3px double #00FF00)] [r=0 c=1 rs=1 cs=1]
              RenderText {#text} at (4,19) size 44x18
                text run at (4,4) width 44: "double"
            RenderTableCell {TD} at (104,16) size 53x26 [border: (3px double #00FF00)] [r=0 c=2 rs=1 cs=1]
              RenderText {#text} at (4,20) size 44x19
                text run at (4,4) width 44: "double"
          RenderTableRow {TR} at (0,58) size 157x60
            RenderTableCell {TD} at (0,75) size 54x26 [border: (3px double #00FF00) (5px double #FF0000) (2px double #00FF00)] [r=1 c=0 rs=1 cs=1]
              RenderText {#text} at (4,21) size 44x19
                text run at (4,4) width 44: "double"
            RenderTableCell {TD} at (53,73) size 52x30 [border: (5px ridge #00FF00)] [r=1 c=1 rs=1 cs=1]
              RenderText {#text} at (6,21) size 33x18
                text run at (6,6) width 33: "ridge"
            RenderTableCell {TD} at (104,75) size 53x26 [border: (3px double #00FF00) (5px double #FF0000)] [r=1 c=2 rs=1 cs=1]
              RenderText {#text} at (6,21) size 44x19
                text run at (6,4) width 44: "double"
          RenderTableRow {TR} at (0,118) size 157x57
            RenderTableCell {TD} at (0,134) size 54x25 [border: (3px double #00FF00)] [r=2 c=0 rs=1 cs=1]
              RenderText {#text} at (4,20) size 44x18
                text run at (4,4) width 44: "double"
            RenderTableCell {TD} at (53,133) size 52x27 [border: (5px double #FF0000) (2px double #00FF00)] [r=2 c=1 rs=1 cs=1]
              RenderText {#text} at (4,21) size 44x18
                text run at (4,6) width 44: "double"
            RenderTableCell {TD} at (104,134) size 53x25 [border: (3px double #00FF00)] [r=2 c=2 rs=1 cs=1]
              RenderText {#text} at (4,20) size 44x18
                text run at (4,4) width 44: "double"
