layer at (0,0) size 800x600
  RenderView at (0,0) size 800x600
layer at (0,0) size 800x228
  RenderBlock {HTML} at (0,0) size 800x228
    RenderBody {BODY} at (8,16) size 784x204
      RenderBlock {P} at (0,0) size 784x18
        RenderText {#text} at (0,0) size 322x18
          text run at (0,0) width 322: "There should be no red borders on the table below"
      RenderTable {TABLE} at (0,34) size 119x170
        RenderTableSection {TBODY} at (0,0) size 119x170
          RenderTableRow {TR} at (0,0) size 119x55
            RenderTableCell {TD} at (0,17) size 39x21 [r=0 c=0 rs=1 cs=1]
              RenderText {#text} at (1,0) size 32x20
                text run at (1,1) width 32: "none"
            RenderTableCell {TD} at (38,15) size 43x25 [border: none] [r=0 c=1 rs=1 cs=1]
              RenderText {#text} at (1,1) size 32x18
                text run at (1,1) width 32: "none"
            RenderTableCell {TD} at (80,17) size 39x21 [r=0 c=2 rs=1 cs=1]
              RenderText {#text} at (1,0) size 32x20
                text run at (1,1) width 32: "none"
          RenderTableRow {TR} at (0,55) size 119x60
            RenderTableCell {TD} at (0,75) size 39x20 [border: none] [r=1 c=0 rs=1 cs=1]
              RenderText {#text} at (1,1) size 32x18
                text run at (1,1) width 32: "none"
            RenderTableCell {TD} at (38,70) size 43x30 [border: (5px inset #00FF00)] [r=1 c=1 rs=1 cs=1]
              RenderText {#text} at (6,6) size 31x18
                text run at (6,6) width 31: "inset"
            RenderTableCell {TD} at (80,75) size 39x20 [border: none] [r=1 c=2 rs=1 cs=1]
              RenderText {#text} at (6,1) size 32x18
                text run at (6,1) width 32: "none"
          RenderTableRow {TR} at (0,115) size 119x55
            RenderTableCell {TD} at (0,132) size 39x21 [r=2 c=0 rs=1 cs=1]
              RenderText {#text} at (1,0) size 32x20
                text run at (1,1) width 32: "none"
            RenderTableCell {TD} at (38,130) size 43x25 [border: (5px none #FF0000)] [r=2 c=1 rs=1 cs=1]
              RenderText {#text} at (1,6) size 32x18
                text run at (1,6) width 32: "none"
            RenderTableCell {TD} at (80,132) size 39x21 [r=2 c=2 rs=1 cs=1]
              RenderText {#text} at (1,0) size 32x20
                text run at (1,1) width 32: "none"
