layer at (0,0) size 800x600
  RenderView at (0,0) size 800x600
layer at (0,0) size 800x208
  RenderBlock {HTML} at (0,0) size 800x208
    RenderBody {BODY} at (8,16) size 784x184
      RenderBlock {P} at (0,0) size 784x18
        RenderText {#text} at (0,0) size 322x18
          text run at (0,0) width 322: "There should be no red borders on the table below"
      RenderTable {TABLE} at (0,34) size 137x150
        RenderTableSection {TBODY} at (0,0) size 137x150
          RenderTableRow {TR} at (0,0) size 137x50
            RenderTableCell {TD} at (0,15) size 46x20 [r=0 c=0 rs=1 cs=1]
              RenderText {#text} at (1,1) size 44x18
                text run at (1,1) width 44: "hidden"
            RenderTableCell {TD} at (45,15) size 47x20 [r=0 c=1 rs=1 cs=1]
              RenderText {#text} at (1,1) size 44x18
                text run at (1,1) width 44: "hidden"
            RenderTableCell {TD} at (91,15) size 46x20 [r=0 c=2 rs=1 cs=1]
              RenderText {#text} at (1,1) size 44x18
                text run at (1,1) width 44: "hidden"
          RenderTableRow {TR} at (0,50) size 137x50
            RenderTableCell {TD} at (0,65) size 46x20 [r=1 c=0 rs=1 cs=1]
              RenderText {#text} at (1,1) size 44x18
                text run at (1,1) width 44: "hidden"
            RenderTableCell {TD} at (45,65) size 47x20 [r=1 c=1 rs=1 cs=1]
              RenderText {#text} at (1,1) size 33x18
                text run at (1,1) width 33: "ridge"
            RenderTableCell {TD} at (91,65) size 46x20 [r=1 c=2 rs=1 cs=1]
              RenderText {#text} at (1,1) size 44x18
                text run at (1,1) width 44: "hidden"
          RenderTableRow {TR} at (0,100) size 137x50
            RenderTableCell {TD} at (0,115) size 46x20 [r=2 c=0 rs=1 cs=1]
              RenderText {#text} at (1,1) size 44x18
                text run at (1,1) width 44: "hidden"
            RenderTableCell {TD} at (45,115) size 47x20 [r=2 c=1 rs=1 cs=1]
              RenderText {#text} at (1,1) size 44x18
                text run at (1,1) width 44: "hidden"
            RenderTableCell {TD} at (91,115) size 46x20 [r=2 c=2 rs=1 cs=1]
              RenderText {#text} at (1,1) size 44x18
                text run at (1,1) width 44: "hidden"
