layer at (0,0) size 800x600
  RenderView at (0,0) size 800x600
layer at (0,0) size 800x238
  RenderBlock {HTML} at (0,0) size 800x238
    RenderBody {BODY} at (8,16) size 784x214
      RenderBlock {P} at (0,0) size 784x18
        RenderText {#text} at (0,0) size 322x18
          text run at (0,0) width 322: "There should be no red borders on the table below"
      RenderTable {TABLE} at (0,34) size 161x180 [border: (2px none #808080)]
        RenderTableSection {TBODY} at (2,2) size 156x175
          RenderTableRow {TR} at (0,0) size 156x58
            RenderTableCell {TD} at (0,16) size 50x26 [border: (3px dotted #00FF00)] [r=0 c=0 rs=1 cs=1]
              RenderText {#text} at (4,20) size 40x19
                text run at (4,4) width 40: "dotted"
            RenderTableCell {TD} at (50,15) size 57x28 [border: (3px dotted #00FF00) (5px dotted #FF0000) (3px dotted #00FF00)] [r=0 c=1 rs=1 cs=1]
              RenderText {#text} at (4,19) size 40x18
                text run at (4,4) width 40: "dotted"
            RenderTableCell {TD} at (106,16) size 50x26 [border: (3px dotted #00FF00)] [r=0 c=2 rs=1 cs=1]
              RenderText {#text} at (4,20) size 40x19
                text run at (4,4) width 40: "dotted"
          RenderTableRow {TR} at (0,58) size 156x60
            RenderTableCell {TD} at (0,75) size 50x26 [border: (3px dotted #00FF00) (5px dotted #FF0000) (2px dotted #00FF00)] [r=1 c=0 rs=1 cs=1]
              RenderText {#text} at (4,21) size 40x19
                text run at (4,4) width 40: "dotted"
            RenderTableCell {TD} at (50,73) size 57x30 [border: (5px groove #00FF00)] [r=1 c=1 rs=1 cs=1]
              RenderText {#text} at (6,21) size 45x18
                text run at (6,6) width 45: "groove"
            RenderTableCell {TD} at (106,75) size 50x26 [border: (3px dotted #00FF00) (5px dotted #FF0000)] [r=1 c=2 rs=1 cs=1]
              RenderText {#text} at (6,21) size 40x19
                text run at (6,4) width 40: "dotted"
          RenderTableRow {TR} at (0,118) size 156x57
            RenderTableCell {TD} at (0,134) size 50x25 [border: (3px dotted #00FF00)] [r=2 c=0 rs=1 cs=1]
              RenderText {#text} at (4,20) size 40x18
                text run at (4,4) width 40: "dotted"
            RenderTableCell {TD} at (50,133) size 57x27 [border: (5px dotted #FF0000) (2px dotted #00FF00)] [r=2 c=1 rs=1 cs=1]
              RenderText {#text} at (4,21) size 40x18
                text run at (4,6) width 40: "dotted"
            RenderTableCell {TD} at (106,134) size 50x25 [border: (3px dotted #00FF00)] [r=2 c=2 rs=1 cs=1]
              RenderText {#text} at (4,20) size 40x18
                text run at (4,4) width 40: "dotted"
