CONSOLE MESSAGE: SyntaxError: Invalid character '\u2a2f'
CONSOLE MESSAGE: SyntaxError: Invalid character '\u2a2f'
CONSOLE MESSAGE: ReferenceError: Can't find variable: test
layer at (0,0) size 800x600
  RenderView at (0,0) size 800x600
layer at (0,0) size 800x34
  RenderBlock {HTML} at (0,0) size 800x34
    RenderBody {BODY} at (8,8) size 784x18
      RenderBlock {DIV} at (0,0) size 784x18
        RenderBlock {DIV} at (0,0) size 100x18
          RenderText {#text} at (0,0) size 4x18
            text run at (0,0) width 4: " "
      RenderBlock {DIV} at (0,18) size 784x0
