layer at (0,0) size 785x873
  RenderView at (0,0) size 785x600
layer at (0,0) size 785x873
  RenderBlock {HTML} at (0,0) size 785x873
    RenderBody {BODY} at (8,8) size 769x857 [bgcolor=#CCCCCC]
      RenderBlock {P} at (0,0) size 769x20
        RenderText {#text} at (0,0) size 355x19
          text run at (0,0) width 355: "The style declarations which apply to the text below are:"
      RenderBlock {PRE} at (0,36) size 769x80
        RenderText {#text} at (0,0) size 568x80
          text run at (0,0) width 176: ".one {display: block;}"
          text run at (176,0) width 0: " "
          text run at (0,16) width 184: ".two {display: inline;}"
          text run at (184,16) width 0: " "
          text run at (0,32) width 568: ".three {display: list-item; list-style-type: square; margin-left: 3em;}"
          text run at (568,32) width 0: " "
          text run at (0,48) width 272: ".four {display: none; color: red;}"
          text run at (272,48) width 0: " "
          text run at (0,64) width 152: "I {display: block;}"
          text run at (152,64) width 0: " "
      RenderBlock {P} at (0,147) size 769x20
        RenderText {#text} at (0,0) size 293x19
          text run at (0,0) width 293: "This sentence should be a block-level element."
      RenderBlock (anonymous) at (0,183) size 769x60
        RenderInline {P} at (0,0) size 448x19
          RenderText {#text} at (0,0) size 448x19
            text run at (0,0) width 448: "This sentence should be part of an inline element, as are the next three. "
        RenderInline {P} at (0,0) size 766x59
          RenderText {#text} at (448,0) size 766x59
            text run at (448,0) width 274: "This sentence and the next two are part of a"
            text run at (0,20) width 144: "second inline element. "
            text run at (144,20) width 622: "They should therefore appear, along with the sentence above, to be all one paragraph which is four"
            text run at (0,40) width 100: "sentences long. "
            text run at (100,40) width 250: "If this is not the case, then the keyword "
          RenderInline {CODE} at (0,0) size 48x16
            RenderText {#text} at (350,43) size 48x16
              text run at (350,43) width 48: "inline"
          RenderText {#text} at (398,40) size 109x19
            text run at (398,40) width 109: " is being ignored."
        RenderText {#text} at (0,0) size 0x0
      RenderListItem {P} at (48,259) size 721x60
        RenderListMarker at (-18,0) size 7x19: black square
        RenderText {#text} at (0,0) size 715x39
          text run at (0,0) width 715: "This sentence should be treated as a list-item, and therefore be rendered however this user agent displays list items"
          text run at (0,20) width 18: "(if "
        RenderInline {CODE} at (0,0) size 120x16
          RenderText {#text} at (18,23) size 120x16
            text run at (18,23) width 120: "list-style-type"
        RenderText {#text} at (138,20) size 720x39
          text run at (138,20) width 359: " is supported, there will be a square for the item marker). "
          text run at (497,20) width 223: "A 3em left margin has been applied"
          text run at (0,40) width 375: "in order to ensure that there is space for the list-item marker."
      RenderBlock {P} at (0,335) size 769x20
        RenderText {#text} at (0,0) size 456x19
          text run at (0,0) width 456: "The next paragraph should be invisible (if it's visible, you'll see red text)."
      RenderBlock {P} at (0,371) size 769x20
        RenderText {#text} at (0,0) size 247x19
          text run at (0,0) width 247: "There should be no text after the colon:"
        RenderText {#text} at (0,0) size 0x0
      RenderBlock {P} at (0,407) size 769x60
        RenderBlock (anonymous) at (0,0) size 769x20
          RenderText {#text} at (0,0) size 112x19
            text run at (0,0) width 112: "The italicized text"
        RenderBlock {I} at (0,20) size 769x20
          RenderText {#text} at (0,0) size 110x19
            text run at (0,0) width 110: "in this paragraph"
        RenderBlock (anonymous) at (0,40) size 769x20
          RenderText {#text} at (0,0) size 203x19
            text run at (0,0) width 203: "should be a block-level element."
      RenderTable {TABLE} at (0,483) size 769x374 [border: (1px outset #808080)]
        RenderTableSection {TBODY} at (1,1) size 767x372
          RenderTableRow {TR} at (0,0) size 767x28
            RenderTableCell {TD} at (0,0) size 767x28 [bgcolor=#C0C0C0] [border: (1px inset #808080)] [r=0 c=0 rs=1 cs=2]
              RenderInline {STRONG} at (0,0) size 160x19
                RenderText {#text} at (4,4) size 160x19
                  text run at (4,4) width 160: "TABLE Testing Section"
          RenderTableRow {TR} at (0,28) size 767x344
            RenderTableCell {TD} at (0,186) size 12x28 [bgcolor=#C0C0C0] [border: (1px inset #808080)] [r=1 c=0 rs=1 cs=1]
              RenderText {#text} at (4,4) size 4x19
                text run at (4,4) width 4: " "
            RenderTableCell {TD} at (12,28) size 755x344 [border: (1px inset #808080)] [r=1 c=1 rs=1 cs=1]
              RenderBlock {P} at (4,4) size 747x20
                RenderText {#text} at (0,0) size 293x19
                  text run at (0,0) width 293: "This sentence should be a block-level element."
              RenderBlock (anonymous) at (4,40) size 747x60
                RenderInline {P} at (0,0) size 448x19
                  RenderText {#text} at (0,0) size 448x19
                    text run at (0,0) width 448: "This sentence should be part of an inline element, as are the next three. "
                RenderInline {P} at (0,0) size 736x59
                  RenderText {#text} at (448,0) size 736x59
                    text run at (448,0) width 274: "This sentence and the next two are part of a"
                    text run at (0,20) width 144: "second inline element. "
                    text run at (144,20) width 592: "They should therefore appear, along with the sentence above, to be all one paragraph which is"
                    text run at (0,40) width 130: "four sentences long. "
                    text run at (130,40) width 250: "If this is not the case, then the keyword "
                  RenderInline {CODE} at (0,0) size 48x16
                    RenderText {#text} at (380,43) size 48x16
                      text run at (380,43) width 48: "inline"
                  RenderText {#text} at (428,40) size 109x19
                    text run at (428,40) width 109: " is being ignored."
                RenderText {#text} at (0,0) size 0x0
              RenderListItem {P} at (52,116) size 699x60
                RenderListMarker at (-18,0) size 7x19: black square
                RenderText {#text} at (0,0) size 678x39
                  text run at (0,0) width 678: "This sentence should be treated as a list-item, and therefore be rendered however this user agent displays list"
                  text run at (0,20) width 55: "items (if "
                RenderInline {CODE} at (0,0) size 120x16
                  RenderText {#text} at (55,23) size 120x16
                    text run at (55,23) width 120: "list-style-type"
                RenderText {#text} at (175,20) size 673x39
                  text run at (175,20) width 359: " is supported, there will be a square for the item marker). "
                  text run at (534,20) width 139: "A 3em left margin has"
                  text run at (0,40) width 459: "been applied in order to ensure that there is space for the list-item marker."
              RenderBlock {P} at (4,192) size 747x20
                RenderText {#text} at (0,0) size 456x19
                  text run at (0,0) width 456: "The next paragraph should be invisible (if it's visible, you'll see red text)."
              RenderBlock {P} at (4,228) size 747x20
                RenderText {#text} at (0,0) size 247x19
                  text run at (0,0) width 247: "There should be no text after the colon:"
                RenderText {#text} at (0,0) size 0x0
              RenderBlock {P} at (4,264) size 747x60
                RenderBlock (anonymous) at (0,0) size 747x20
                  RenderText {#text} at (0,0) size 112x19
                    text run at (0,0) width 112: "The italicized text"
                RenderBlock {I} at (0,20) size 747x20
                  RenderText {#text} at (0,0) size 110x19
                    text run at (0,0) width 110: "in this paragraph"
                RenderBlock (anonymous) at (0,40) size 747x20
                  RenderText {#text} at (0,0) size 203x19
                    text run at (0,0) width 203: "should be a block-level element."
layer at (8,137) size 769x2 clip at (0,0) size 0x0
  RenderBlock {HR} at (0,129) size 769x2 [border: (1px inset #000000)]
