layer at (0,0) size 800x600
  RenderView at (0,0) size 800x600
layer at (0,0) size 800x600
  RenderBlock {HTML} at (0,0) size 800x600
    RenderBody {BODY} at (8,8) size 784x584 [bgcolor=#CCCCCC]
      RenderBlock {P} at (0,0) size 784x20
        RenderText {#text} at (0,0) size 337x19
          text run at (0,0) width 337: "The style declarations which apply to the text below are:"
      RenderBlock {PRE} at (0,36) size 784x48
        RenderText {#text} at (0,0) size 288x48
          text run at (0,0) width 288: ".one {list-style-position: outside;}"
          text run at (288,0) width 0: " "
          text run at (0,16) width 280: ".two {list-style-position: inside;}"
          text run at (280,16) width 0: " "
          text run at (0,32) width 0: " "
      RenderBlock {HR} at (0,97) size 784x2 [border: (1px inset #000000)]
      RenderBlock {UL} at (0,115) size 784x40
        RenderListItem {LI} at (40,0) size 744x40
          RenderListMarker at (-18,0) size 7x19: bullet
          RenderText {#text} at (0,0) size 718x39
            text run at (0,0) width 718: "The text in this item should behave as expected; that is, it should line up with itself on the left margin, leaving blank space"
            text run at (0,20) width 109: "beneath the bullet."
      RenderBlock {UL} at (0,171) size 784x40
        RenderListItem {LI} at (40,0) size 744x40
          RenderListMarker at (-1,0) size 7x19: bullet
          RenderText {#text} at (15,0) size 726x39
            text run at (15,0) width 711: "The text in this item should not behave as expected; that is, it should line up with the bullet on the left margin, leaving no"
            text run at (0,20) width 185: "blank space beneath the bullet."
      RenderTable {TABLE} at (0,227) size 784x150 [border: (1px outset #808080)]
        RenderTableSection {TBODY} at (1,1) size 782x148
          RenderTableRow {TR} at (0,0) size 782x28
            RenderTableCell {TD} at (0,0) size 782x28 [bgcolor=#C0C0C0] [border: (1px inset #808080)] [r=0 c=0 rs=1 cs=2]
              RenderInline {STRONG} at (0,0) size 159x19
                RenderText {#text} at (4,4) size 159x19
                  text run at (4,4) width 159: "TABLE Testing Section"
          RenderTableRow {TR} at (0,28) size 782x120
            RenderTableCell {TD} at (0,74) size 12x28 [bgcolor=#C0C0C0] [border: (1px inset #808080)] [r=1 c=0 rs=1 cs=1]
              RenderText {#text} at (4,4) size 4x19
                text run at (4,4) width 4: " "
            RenderTableCell {TD} at (12,28) size 770x120 [border: (1px inset #808080)] [r=1 c=1 rs=1 cs=1]
              RenderBlock {UL} at (4,4) size 762x40
                RenderListItem {LI} at (40,0) size 722x40
                  RenderListMarker at (-18,0) size 7x19: bullet
                  RenderText {#text} at (0,0) size 718x39
                    text run at (0,0) width 718: "The text in this item should behave as expected; that is, it should line up with itself on the left margin, leaving blank space"
                    text run at (0,20) width 109: "beneath the bullet."
              RenderBlock {UL} at (4,60) size 762x40
                RenderListItem {LI} at (40,0) size 722x40
                  RenderListMarker at (-1,0) size 7x19: bullet
                  RenderText {#text} at (15,0) size 707x39
                    text run at (15,0) width 692: "The text in this item should not behave as expected; that is, it should line up with the bullet on the left margin, leaving"
                    text run at (0,20) width 204: "no blank space beneath the bullet."
