layer at (0,0) size 785x1649
  RenderView at (0,0) size 785x600
layer at (0,0) size 785x1649
  RenderBlock {HTML} at (0,0) size 785x1649
    RenderBody {BODY} at (8,8) size 769x1633 [bgcolor=#CCCCCC]
      RenderBlock {P} at (0,0) size 769x20
        RenderText {#text} at (0,0) size 355x19
          text run at (0,0) width 355: "The style declarations which apply to the text below are:"
      RenderBlock {PRE} at (0,36) size 769x160
        RenderText {#text} at (0,0) size 304x160
          text run at (0,0) width 232: ".one {list-style-type: disc;}"
          text run at (232,0) width 0: " "
          text run at (0,16) width 248: ".two {list-style-type: circle;}"
          text run at (248,16) width 0: " "
          text run at (0,32) width 264: ".three {list-style-type: square;}"
          text run at (264,32) width 0: " "
          text run at (0,48) width 296: ".four {list-style-type: lower-roman;}"
          text run at (296,48) width 0: " "
          text run at (0,64) width 296: ".five {list-style-type: upper-roman;}"
          text run at (296,64) width 0: " "
          text run at (0,80) width 288: ".six {list-style-type: lower-alpha;}"
          text run at (288,80) width 0: " "
          text run at (0,96) width 304: ".seven {list-style-type: upper-alpha;}"
          text run at (304,96) width 0: " "
          text run at (0,112) width 272: ".eight {list-style-type: decimal;}"
          text run at (272,112) width 0: " "
          text run at (0,128) width 240: ".nine {list-style-type: none;}"
          text run at (240,128) width 0: " "
          text run at (0,144) width 0: " "
      RenderBlock {UL} at (0,227) size 769x60
        RenderListItem {LI} at (40,0) size 729x20
          RenderListMarker at (-18,0) size 7x19: bullet
          RenderText {#text} at (0,0) size 62x19
            text run at (0,0) width 62: "This list..."
        RenderListItem {LI} at (40,20) size 729x20
          RenderListMarker at (-18,0) size 7x19: bullet
          RenderText {#text} at (0,0) size 113x19
            text run at (0,0) width 113: "...should feature..."
        RenderListItem {LI} at (40,40) size 729x20
          RenderListMarker at (-18,0) size 7x19: bullet
          RenderText {#text} at (0,0) size 133x19
            text run at (0,0) width 133: "...discs for each item."
      RenderBlock {UL} at (0,303) size 769x60
        RenderListItem {LI} at (40,0) size 729x20
          RenderListMarker at (-18,0) size 7x19: white bullet
          RenderText {#text} at (0,0) size 62x19
            text run at (0,0) width 62: "This list..."
        RenderListItem {LI} at (40,20) size 729x20
          RenderListMarker at (-18,0) size 7x19: white bullet
          RenderText {#text} at (0,0) size 113x19
            text run at (0,0) width 113: "...should feature..."
        RenderListItem {LI} at (40,40) size 729x20
          RenderListMarker at (-18,0) size 7x19: white bullet
          RenderText {#text} at (0,0) size 142x19
            text run at (0,0) width 142: "...circles for each item."
      RenderBlock {UL} at (0,379) size 769x60
        RenderListItem {LI} at (40,0) size 729x20
          RenderListMarker at (-18,0) size 7x19: black square
          RenderText {#text} at (0,0) size 62x19
            text run at (0,0) width 62: "This list..."
        RenderListItem {LI} at (40,20) size 729x20
          RenderListMarker at (-18,0) size 7x19: black square
          RenderText {#text} at (0,0) size 113x19
            text run at (0,0) width 113: "...should feature..."
        RenderListItem {LI} at (40,40) size 729x20
          RenderListMarker at (-18,0) size 7x19: black square
          RenderText {#text} at (0,0) size 149x19
            text run at (0,0) width 149: "...squares for each item."
      RenderBlock {OL} at (0,455) size 769x60
        RenderListItem {LI} at (40,0) size 729x20
          RenderListMarker at (-17,0) size 12x19: "i"
          RenderText {#text} at (0,0) size 62x19
            text run at (0,0) width 62: "This list..."
        RenderListItem {LI} at (40,20) size 729x20
          RenderListMarker at (-21,0) size 16x19: "ii"
          RenderText {#text} at (0,0) size 113x19
            text run at (0,0) width 113: "...should feature..."
        RenderListItem {LI} at (40,40) size 729x20
          RenderListMarker at (-25,0) size 20x19: "iii"
          RenderText {#text} at (0,0) size 276x19
            text run at (0,0) width 276: "...lowercase Roman numerals for each item."
      RenderBlock {OL} at (0,531) size 769x60
        RenderListItem {LI} at (40,0) size 729x20
          RenderListMarker at (-18,0) size 13x19: "I"
          RenderText {#text} at (0,0) size 62x19
            text run at (0,0) width 62: "This list..."
        RenderListItem {LI} at (40,20) size 729x20
          RenderListMarker at (-23,0) size 18x19: "II"
          RenderText {#text} at (0,0) size 113x19
            text run at (0,0) width 113: "...should feature..."
        RenderListItem {LI} at (40,40) size 729x20
          RenderListMarker at (-28,0) size 23x19: "III"
          RenderText {#text} at (0,0) size 276x19
            text run at (0,0) width 276: "...uppercase Roman numerals for each item."
      RenderBlock {OL} at (0,607) size 769x60
        RenderListItem {LI} at (40,0) size 729x20
          RenderListMarker at (-20,0) size 15x19: "a"
          RenderText {#text} at (0,0) size 62x19
            text run at (0,0) width 62: "This list..."
        RenderListItem {LI} at (40,20) size 729x20
          RenderListMarker at (-21,0) size 16x19: "b"
          RenderText {#text} at (0,0) size 113x19
            text run at (0,0) width 113: "...should feature..."
        RenderListItem {LI} at (40,40) size 729x20
          RenderListMarker at (-20,0) size 15x19: "c"
          RenderText {#text} at (0,0) size 206x19
            text run at (0,0) width 206: "...lowercase letters for each item."
      RenderBlock {OL} at (0,683) size 769x60
        RenderListItem {LI} at (40,0) size 729x20
          RenderListMarker at (-25,0) size 20x19: "A"
          RenderText {#text} at (0,0) size 62x19
            text run at (0,0) width 62: "This list..."
        RenderListItem {LI} at (40,20) size 729x20
          RenderListMarker at (-24,0) size 19x19: "B"
          RenderText {#text} at (0,0) size 113x19
            text run at (0,0) width 113: "...should feature..."
        RenderListItem {LI} at (40,40) size 729x20
          RenderListMarker at (-24,0) size 19x19: "C"
          RenderText {#text} at (0,0) size 206x19
            text run at (0,0) width 206: "...uppercase letters for each item."
      RenderBlock {OL} at (0,759) size 769x60
        RenderListItem {LI} at (40,0) size 729x20
          RenderListMarker at (-25,0) size 20x19: "A"
          RenderText {#text} at (0,0) size 155x19
            text run at (0,0) width 155: "This list should feature..."
        RenderListItem {LI} at (40,20) size 729x20
          RenderListMarker at (-24,0) size 19x19: "B"
          RenderText {#text} at (0,0) size 147x19
            text run at (0,0) width 147: "...letters for each item..."
        RenderListItem {LI} at (40,40) size 729x20
          RenderListMarker at (-21,0) size 16x19: "3"
          RenderText {#text} at (0,0) size 110x19
            text run at (0,0) width 110: "...except this one."
      RenderBlock {UL} at (0,835) size 769x60
        RenderListItem {LI} at (40,0) size 729x20
          RenderText {#text} at (0,0) size 62x19
            text run at (0,0) width 62: "This list..."
        RenderListItem {LI} at (40,20) size 729x20
          RenderText {#text} at (0,0) size 113x19
            text run at (0,0) width 113: "...should feature..."
        RenderListItem {LI} at (40,40) size 729x20
          RenderText {#text} at (0,0) size 150x19
            text run at (0,0) width 150: "...nothing for each item."
      RenderTable {TABLE} at (0,911) size 338x722 [border: (1px outset #808080)]
        RenderTableSection {TBODY} at (1,1) size 336x720
          RenderTableRow {TR} at (0,0) size 336x28
            RenderTableCell {TD} at (0,0) size 336x28 [bgcolor=#C0C0C0] [border: (1px inset #808080)] [r=0 c=0 rs=1 cs=2]
              RenderInline {STRONG} at (0,0) size 160x19
                RenderText {#text} at (4,4) size 160x19
                  text run at (4,4) width 160: "TABLE Testing Section"
          RenderTableRow {TR} at (0,28) size 336x692
            RenderTableCell {TD} at (0,360) size 12x28 [bgcolor=#C0C0C0] [border: (1px inset #808080)] [r=1 c=0 rs=1 cs=1]
              RenderText {#text} at (4,4) size 4x19
                text run at (4,4) width 4: " "
            RenderTableCell {TD} at (12,28) size 324x692 [border: (1px inset #808080)] [r=1 c=1 rs=1 cs=1]
              RenderBlock {UL} at (4,4) size 316x60
                RenderListItem {LI} at (40,0) size 276x20
                  RenderListMarker at (-18,0) size 7x19: bullet
                  RenderText {#text} at (0,0) size 62x19
                    text run at (0,0) width 62: "This list..."
                RenderListItem {LI} at (40,20) size 276x20
                  RenderListMarker at (-18,0) size 7x19: bullet
                  RenderText {#text} at (0,0) size 113x19
                    text run at (0,0) width 113: "...should feature..."
                RenderListItem {LI} at (40,40) size 276x20
                  RenderListMarker at (-18,0) size 7x19: bullet
                  RenderText {#text} at (0,0) size 133x19
                    text run at (0,0) width 133: "...discs for each item."
              RenderBlock {UL} at (4,80) size 316x60
                RenderListItem {LI} at (40,0) size 276x20
                  RenderListMarker at (-18,0) size 7x19: white bullet
                  RenderText {#text} at (0,0) size 62x19
                    text run at (0,0) width 62: "This list..."
                RenderListItem {LI} at (40,20) size 276x20
                  RenderListMarker at (-18,0) size 7x19: white bullet
                  RenderText {#text} at (0,0) size 113x19
                    text run at (0,0) width 113: "...should feature..."
                RenderListItem {LI} at (40,40) size 276x20
                  RenderListMarker at (-18,0) size 7x19: white bullet
                  RenderText {#text} at (0,0) size 142x19
                    text run at (0,0) width 142: "...circles for each item."
              RenderBlock {UL} at (4,156) size 316x60
                RenderListItem {LI} at (40,0) size 276x20
                  RenderListMarker at (-18,0) size 7x19: black square
                  RenderText {#text} at (0,0) size 62x19
                    text run at (0,0) width 62: "This list..."
                RenderListItem {LI} at (40,20) size 276x20
                  RenderListMarker at (-18,0) size 7x19: black square
                  RenderText {#text} at (0,0) size 113x19
                    text run at (0,0) width 113: "...should feature..."
                RenderListItem {LI} at (40,40) size 276x20
                  RenderListMarker at (-18,0) size 7x19: black square
                  RenderText {#text} at (0,0) size 149x19
                    text run at (0,0) width 149: "...squares for each item."
              RenderBlock {OL} at (4,232) size 316x60
                RenderListItem {LI} at (40,0) size 276x20
                  RenderListMarker at (-17,0) size 12x19: "i"
                  RenderText {#text} at (0,0) size 62x19
                    text run at (0,0) width 62: "This list..."
                RenderListItem {LI} at (40,20) size 276x20
                  RenderListMarker at (-21,0) size 16x19: "ii"
                  RenderText {#text} at (0,0) size 113x19
                    text run at (0,0) width 113: "...should feature..."
                RenderListItem {LI} at (40,40) size 276x20
                  RenderListMarker at (-25,0) size 20x19: "iii"
                  RenderText {#text} at (0,0) size 276x19
                    text run at (0,0) width 276: "...lowercase Roman numerals for each item."
              RenderBlock {OL} at (4,308) size 316x60
                RenderListItem {LI} at (40,0) size 276x20
                  RenderListMarker at (-18,0) size 13x19: "I"
                  RenderText {#text} at (0,0) size 62x19
                    text run at (0,0) width 62: "This list..."
                RenderListItem {LI} at (40,20) size 276x20
                  RenderListMarker at (-23,0) size 18x19: "II"
                  RenderText {#text} at (0,0) size 113x19
                    text run at (0,0) width 113: "...should feature..."
                RenderListItem {LI} at (40,40) size 276x20
                  RenderListMarker at (-28,0) size 23x19: "III"
                  RenderText {#text} at (0,0) size 276x19
                    text run at (0,0) width 276: "...uppercase Roman numerals for each item."
              RenderBlock {OL} at (4,384) size 316x60
                RenderListItem {LI} at (40,0) size 276x20
                  RenderListMarker at (-20,0) size 15x19: "a"
                  RenderText {#text} at (0,0) size 62x19
                    text run at (0,0) width 62: "This list..."
                RenderListItem {LI} at (40,20) size 276x20
                  RenderListMarker at (-21,0) size 16x19: "b"
                  RenderText {#text} at (0,0) size 113x19
                    text run at (0,0) width 113: "...should feature..."
                RenderListItem {LI} at (40,40) size 276x20
                  RenderListMarker at (-20,0) size 15x19: "c"
                  RenderText {#text} at (0,0) size 206x19
                    text run at (0,0) width 206: "...lowercase letters for each item."
              RenderBlock {OL} at (4,460) size 316x60
                RenderListItem {LI} at (40,0) size 276x20
                  RenderListMarker at (-25,0) size 20x19: "A"
                  RenderText {#text} at (0,0) size 62x19
                    text run at (0,0) width 62: "This list..."
                RenderListItem {LI} at (40,20) size 276x20
                  RenderListMarker at (-24,0) size 19x19: "B"
                  RenderText {#text} at (0,0) size 113x19
                    text run at (0,0) width 113: "...should feature..."
                RenderListItem {LI} at (40,40) size 276x20
                  RenderListMarker at (-24,0) size 19x19: "C"
                  RenderText {#text} at (0,0) size 206x19
                    text run at (0,0) width 206: "...uppercase letters for each item."
              RenderBlock {OL} at (4,536) size 316x60
                RenderListItem {LI} at (40,0) size 276x20
                  RenderListMarker at (-25,0) size 20x19: "A"
                  RenderText {#text} at (0,0) size 155x19
                    text run at (0,0) width 155: "This list should feature..."
                RenderListItem {LI} at (40,20) size 276x20
                  RenderListMarker at (-24,0) size 19x19: "B"
                  RenderText {#text} at (0,0) size 147x19
                    text run at (0,0) width 147: "...letters for each item..."
                RenderListItem {LI} at (40,40) size 276x20
                  RenderListMarker at (-21,0) size 16x19: "3"
                  RenderText {#text} at (0,0) size 110x19
                    text run at (0,0) width 110: "...except this one."
              RenderBlock {UL} at (4,612) size 316x60
                RenderListItem {LI} at (40,0) size 276x20
                  RenderText {#text} at (0,0) size 62x19
                    text run at (0,0) width 62: "This list..."
                RenderListItem {LI} at (40,20) size 276x20
                  RenderText {#text} at (0,0) size 113x19
                    text run at (0,0) width 113: "...should feature..."
                RenderListItem {LI} at (40,40) size 276x20
                  RenderText {#text} at (0,0) size 150x19
                    text run at (0,0) width 150: "...nothing for each item."
layer at (8,217) size 769x2 clip at (0,0) size 0x0
  RenderBlock {HR} at (0,209) size 769x2 [border: (1px inset #000000)]
