layer at (0,0) size 921x585
  RenderView at (0,0) size 800x585
layer at (0,0) size 800x585
  RenderBlock {HTML} at (0,0) size 800x585
    RenderBody {BODY} at (8,8) size 784x569 [bgcolor=#CCCCCC]
      RenderBlock {P} at (0,0) size 784x20
        RenderText {#text} at (0,0) size 355x19
          text run at (0,0) width 355: "The style declarations which apply to the text below are:"
      RenderBlock {PRE} at (0,36) size 784x64
        RenderText {#text} at (0,0) size 232x64
          text run at (0,0) width 192: ".one {white-space: pre;}"
          text run at (192,0) width 0: " "
          text run at (0,16) width 216: ".two {white-space: nowrap;}"
          text run at (216,16) width 0: " "
          text run at (0,32) width 232: ".three {white-space: normal;}"
          text run at (232,32) width 0: " "
          text run at (0,48) width 0: " "
      RenderBlock {P} at (0,131) size 784x100
        RenderText {#text} at (0,0) size 568x99
          text run at (0,0) width 0: " "
          text run at (0,20) width 568: "This sentence should     show extra space  where there    would ordinarily         not be any."
          text run at (568,20) width 0: " "
          text run at (0,40) width 296: "     There should also be preservation of returns"
          text run at (296,40) width 0: " "
          text run at (0,60) width 97: "as this sentence"
          text run at (97,60) width 0: " "
          text run at (0,80) width 184: "     very clearly demonstrates."
          text run at (184,80) width 0: " "
      RenderBlock {P} at (0,247) size 784x20
        RenderText {#text} at (0,0) size 891x19
          text run at (0,0) width 891: "This sentence should not word-wrap, no matter how long the sentence is, as it has been set to nowrap and that should have the obvious effect."
      RenderBlock {P} at (0,283) size 784x40
        RenderText {#text} at (0,0) size 296x39
          text run at (0,0) width 0: " "
          text run at (0,20) width 296: "This sentence      should     show extra   space, "
        RenderInline {SPAN} at (0,0) size 156x19
          RenderText {#text} at (296,20) size 156x19
            text run at (296,20) width 84: "except in the "
            text run at (380,20) width 72: "second half"
        RenderText {#text} at (452,20) size 4x19
          text run at (452,20) width 4: "."
          text run at (456,20) width 0: " "
      RenderTable {TABLE} at (0,339) size 913x230 [border: (1px outset #808080)]
        RenderTableSection {TBODY} at (1,1) size 911x228
          RenderTableRow {TR} at (0,0) size 911x28
            RenderTableCell {TD} at (0,0) size 911x28 [bgcolor=#C0C0C0] [border: (1px inset #808080)] [r=0 c=0 rs=1 cs=2]
              RenderInline {STRONG} at (0,0) size 160x19
                RenderText {#text} at (4,4) size 160x19
                  text run at (4,4) width 160: "TABLE Testing Section"
          RenderTableRow {TR} at (0,28) size 911x200
            RenderTableCell {TD} at (0,114) size 12x28 [bgcolor=#C0C0C0] [border: (1px inset #808080)] [r=1 c=0 rs=1 cs=1]
              RenderText {#text} at (4,4) size 4x19
                text run at (4,4) width 4: " "
            RenderTableCell {TD} at (12,28) size 899x200 [border: (1px inset #808080)] [r=1 c=1 rs=1 cs=1]
              RenderBlock {P} at (4,4) size 891x100
                RenderText {#text} at (0,0) size 568x99
                  text run at (0,0) width 0: " "
                  text run at (0,20) width 568: "This sentence should     show extra space  where there    would ordinarily         not be any."
                  text run at (568,20) width 0: " "
                  text run at (0,40) width 296: "     There should also be preservation of returns"
                  text run at (296,40) width 0: " "
                  text run at (0,60) width 97: "as this sentence"
                  text run at (97,60) width 0: " "
                  text run at (0,80) width 184: "     very clearly demonstrates."
                  text run at (184,80) width 0: " "
              RenderBlock {P} at (4,120) size 891x20
                RenderText {#text} at (0,0) size 891x19
                  text run at (0,0) width 891: "This sentence should not word-wrap, no matter how long the sentence is, as it has been set to nowrap and that should have the obvious effect."
              RenderBlock {P} at (4,156) size 891x40
                RenderText {#text} at (0,0) size 296x39
                  text run at (0,0) width 0: " "
                  text run at (0,20) width 296: "This sentence      should     show extra   space, "
                RenderInline {SPAN} at (0,0) size 156x19
                  RenderText {#text} at (296,20) size 156x19
                    text run at (296,20) width 84: "except in the "
                    text run at (380,20) width 72: "second half"
                RenderText {#text} at (452,20) size 4x19
                  text run at (452,20) width 4: "."
                  text run at (456,20) width 0: " "
layer at (8,121) size 784x2 clip at (0,0) size 0x0
  RenderBlock {HR} at (0,113) size 784x2 [border: (1px inset #000000)]
