layer at (0,0) size 800x600
  RenderView at (0,0) size 800x600
layer at (0,0) size 800x52
  RenderBlock {HTML} at (0,0) size 800x52
    RenderBody {BODY} at (8,16) size 784x20
      RenderBlock {P} at (0,0) size 784x20
        RenderText {#text} at (0,0) size 443x19
          text run at (0,0) width 443: "Test passes if there is a black line on the left of green box and no red."
layer at (8,52) size 110x110
  RenderBlock (positioned) {DIV} at (8,52) size 110x110 [bgcolor=#FF0000]
layer at (8,52) size 110x110
  RenderBlock (positioned) {DIV} at (8,52) size 110x110 [bgcolor=#008000] [border: (5px solid #00000000) (5px solid #000000) (5px solid #00000000)]
