layer at (0,0) size 800x600
  RenderView at (0,0) size 800x600
layer at (0,0) size 800x140
  RenderBlock {HTML} at (0,0) size 800x140
    RenderBody {BODY} at (8,16) size 784x108
      RenderBlock {P} at (0,0) size 784x32
        RenderInline {NOBR} at (0,0) size 169x19
          RenderInline {B} at (0,0) size 26x19
            RenderText {#text} at (0,3) size 26x19
              text run at (0,3) width 26: "\x{179C}\x{17C9}\x{17C2}\x{1794}"
          RenderText {#text} at (25,3) size 5x19
            text run at (25,3) width 5: " "
          RenderInline {A} at (0,0) size 41x19 [color=#0000EE]
            RenderText {#text} at (29,3) size 41x19
              text run at (29,3) width 41: "\x{179A}\x{17BC}\x{1794}\x{1797}\x{17B6}\x{1796}"
          RenderText {#text} at (69,3) size 5x19
            text run at (69,3) width 5: " "
          RenderInline {A} at (0,0) size 27x19 [color=#0000EE]
            RenderText {#text} at (73,3) size 27x19
              text run at (73,3) width 27: "\x{1780}\x{17D2}\x{179A}\x{17BB}\x{1798}"
          RenderText {#text} at (99,3) size 5x19
            text run at (99,3) width 5: " "
          RenderInline {A} at (0,0) size 66x19 [color=#0000EE]
            RenderText {#text} at (103,3) size 66x19
              text run at (103,3) width 66: "\x{1790}\x{178F}\x{17AF}\x{1780}\x{179F}\x{17B6}\x{179A}"
        RenderText {#text} at (0,0) size 0x0
      RenderBlock {P} at (0,48) size 784x60
        RenderText {#text} at (0,0) size 542x19
          text run at (0,0) width 542: "Some Harfbuzz shapers will output cluster logs which suggest that some glyphs had "
        RenderInline {I} at (0,0) size 17x19
          RenderText {#text} at (541,0) size 17x19
            text run at (541,0) width 17: "no"
        RenderText {#text} at (557,0) size 780x39
          text run at (557,0) width 223: " contributing code points. This test"
          text run at (0,20) width 178: "contains such text and uses "
        RenderInline {TT} at (0,0) size 87x14
          RenderText {#text} at (177,25) size 87x14
            text run at (177,25) width 87: "eventSender"
        RenderText {#text} at (263,20) size 446x19
          text run at (263,20) width 446: " to select the text. You should see some of the above text selected and"
        RenderInline {TT} at (0,0) size 79x14
          RenderText {#text} at (0,45) size 79x14
            text run at (0,45) width 79: "test_shell"
        RenderText {#text} at (78,40) size 262x19
          text run at (78,40) width 262: " shouldn't trigger any assertions or crash."
caret: position 0 of child 0 {#text} of child 0 {B} of child 1 {NOBR} of child 1 {P} of body
