layer at (0,0) size 800x600
  RenderView at (0,0) size 800x600
layer at (0,0) size 800x97
  RenderBlock {html} at (0,0) size 800x97
    RenderBody {body} at (8,16) size 784x73
      RenderBlock {p} at (0,0) size 784x18
        RenderText {#text} at (0,0) size 386x18
          text run at (0,0) width 386: "There should be no red below, except for antialiasing issues."
layer at (8,50) size 784x39
  RenderBlock (relative positioned) {div} at (0,34) size 784x39
layer at (8,50) size 784x39
  RenderBlock (relative positioned) zI: 1 {div} at (0,0) size 784x39 [color=#FF0000]
    RenderBlock {div} at (1,1) size 782x37
      RenderInline {span} at (0,0) size 39x37
        RenderText {#text} at (0,0) size 39x37
          text run at (0,0) width 39: "a b"
      RenderInline {span} at (0,0) size 39x37
        RenderText {#text} at (38,0) size 39x37
          text run at (38,0) width 39: "c d"
      RenderText {#text} at (0,0) size 0x0
layer at (8,50) size 78x39
  RenderBlock (positioned) zI: 2 {div} at (0,0) size 79x39 [color=#008000]
    RenderText zI: 2 {#text} at (1,1) size 77x37
      text run at (1,1) width 77: "a bc d"
