layer at (0,0) size 800x600
  RenderView at (0,0) size 800x600
layer at (0,0) size 800x107
  RenderBlock {html} at (0,0) size 800x107
    RenderBody {body} at (8,16) size 784x83
      RenderBlock {p} at (0,0) size 784x18
        RenderText {#text} at (0,0) size 386x18
          text run at (0,0) width 386: "There should be no red below, except for antialiasing issues."
layer at (8,50) size 784x49
  RenderBlock (relative positioned) {div} at (0,34) size 784x49
layer at (8,50) size 784x49
  RenderBlock (relative positioned) zI: 1 {div} at (0,0) size 784x49 [color=#FF0000]
    RenderTable {table} at (1,1) size 53x47 [border: (1px outset #808080)]
      RenderTableSection {tbody} at (1,1) size 51x45
        RenderTableRow {tr} at (0,2) size 51x41
          RenderTableCell {td} at (2,2) size 47x41 [border: (1px inset #808080)] [r=0 c=0 rs=1 cs=1]
            RenderText {#text} at (2,2) size 43x37
              text run at (2,2) width 43: "TD"
layer at (8,50) size 55x49
  RenderBlock (positioned) zI: 2 {div} at (0,0) size 55x49 [color=#008000]
    RenderTable {table} at (1,1) size 53x47 [border: (1px outset #808080)]
      RenderTableSection {tbody} at (1,1) size 51x45
        RenderTableRow {tr} at (0,2) size 51x41
          RenderTableCell {td} at (2,2) size 47x41 [border: (1px inset #808080)] [r=0 c=0 rs=1 cs=1]
            RenderText {#text} at (2,2) size 43x37
              text run at (2,2) width 43: "TD"
