layer at (0,0) size 800x600
  RenderView at (0,0) size 800x600
layer at (0,0) size 800x141
  RenderBlock {html} at (0,0) size 800x141
    RenderBody {body} at (8,13) size 784x120
      RenderBlock {p} at (0,0) size 784x15
        RenderText {#text} at (0,0) size 476x15
          text run at (0,0) width 476: "There should be no red below, except for antialiasing issues."
layer at (8,41) size 784x92
  RenderBlock (relative positioned) {div} at (0,28) size 784x92
layer at (8,41) size 784x92
  RenderBlock (relative positioned) zI: 1 {div} at (0,0) size 784x92 [color=#FF0000]
    RenderTable {table} at (1,1) size 562x30
      RenderTableSection (anonymous) at (0,0) size 562x30
        RenderTableRow {tr} at (0,0) size 562x30
          RenderTableCell {td} at (0,0) size 188x30 [r=0 c=0 rs=1 cs=1]
            RenderText {#text} at (0,0) size 188x30
              text run at (0,0) width 188: "Row 1, Col 1"
          RenderTableCell {td} at (187,0) size 188x30 [r=0 c=1 rs=1 cs=1]
            RenderText {#text} at (0,0) size 188x30
              text run at (0,0) width 188: "Row 1, Col 2"
          RenderTableCell {td} at (374,0) size 188x30 [r=0 c=2 rs=1 cs=1]
            RenderText {#text} at (0,0) size 188x30
              text run at (0,0) width 188: "Row 1, Col 3"
    RenderTable {table} at (1,31) size 609x30
      RenderTableSection (anonymous) at (0,0) size 609x30
        RenderTableRow {tr} at (0,0) size 609x30
          RenderTableCell {td} at (0,0) size 203x30 [r=0 c=0 rs=1 cs=1]
            RenderText {#text} at (0,0) size 203x30
              text run at (0,0) width 203: "Row 22, Col 1"
          RenderTableCell {td} at (202,0) size 204x30 [r=0 c=1 rs=1 cs=1]
            RenderText {#text} at (0,0) size 203x30
              text run at (0,0) width 203: "Row 22, Col 2"
          RenderTableCell {td} at (405,0) size 204x30 [r=0 c=2 rs=1 cs=1]
            RenderText {#text} at (0,0) size 203x30
              text run at (0,0) width 203: "Row 22, Col 3"
    RenderTable {table} at (1,61) size 656x30
      RenderTableSection (anonymous) at (0,0) size 656x30
        RenderTableRow {tr} at (0,0) size 656x30
          RenderTableCell {td} at (0,0) size 219x30 [r=0 c=0 rs=1 cs=1]
            RenderText {#text} at (0,0) size 219x30
              text run at (0,0) width 219: "Row 333, Col 1"
          RenderTableCell {td} at (218,0) size 219x30 [r=0 c=1 rs=1 cs=1]
            RenderText {#text} at (0,0) size 219x30
              text run at (0,0) width 219: "Row 333, Col 2"
          RenderTableCell {td} at (436,0) size 220x30 [r=0 c=2 rs=1 cs=1]
            RenderText {#text} at (0,0) size 219x30
              text run at (0,0) width 219: "Row 333, Col 3"
layer at (8,41) size 657x92
  RenderBlock (positioned) zI: 2 {div} at (0,0) size 658x92 [color=#008000]
    RenderTable at (1,1) size 562x30
      RenderTableSection (anonymous) at (0,0) size 562x30
        RenderTableRow (anonymous) at (0,0) size 562x30
          RenderTableCell {span} at (0,0) size 188x30 [r=0 c=0 rs=1 cs=1]
            RenderText {#text} at (0,0) size 188x30
              text run at (0,0) width 188: "Row 1, Col 1"
          RenderTableCell {span} at (187,0) size 188x30 [r=0 c=1 rs=1 cs=1]
            RenderText {#text} at (0,0) size 188x30
              text run at (0,0) width 188: "Row 1, Col 2"
          RenderTableCell {span} at (374,0) size 188x30 [r=0 c=2 rs=1 cs=1]
            RenderText {#text} at (0,0) size 188x30
              text run at (0,0) width 188: "Row 1, Col 3"
    RenderBlock (anonymous) at (1,31) size 656x30
      RenderText {#text} at (0,0) size 609x30
        text run at (0,0) width 609: "Row 22, Col 1Row 22, Col 2Row 22, Col 3"
    RenderTable at (1,61) size 656x30
      RenderTableSection (anonymous) at (0,0) size 656x30
        RenderTableRow (anonymous) at (0,0) size 656x30
          RenderTableCell {span} at (0,0) size 219x30 [r=0 c=0 rs=1 cs=1]
            RenderText {#text} at (0,0) size 219x30
              text run at (0,0) width 219: "Row 333, Col 1"
          RenderTableCell {span} at (218,0) size 219x30 [r=0 c=1 rs=1 cs=1]
            RenderText {#text} at (0,0) size 219x30
              text run at (0,0) width 219: "Row 333, Col 2"
          RenderTableCell {span} at (436,0) size 220x30 [r=0 c=2 rs=1 cs=1]
            RenderText {#text} at (0,0) size 219x30
              text run at (0,0) width 219: "Row 333, Col 3"
