layer at (0,0) size 800x600
  RenderView at (0,0) size 800x600
layer at (0,0) size 800x307
  RenderBlock {html} at (0,0) size 800x307
    RenderBody {body} at (8,16) size 784x283
      RenderBlock {p} at (0,0) size 784x18
        RenderText {#text} at (0,0) size 386x18
          text run at (0,0) width 386: "There should be no red below, except for antialiasing issues."
layer at (8,50) size 784x249
  RenderBlock (relative positioned) {div} at (0,34) size 784x249
layer at (8,50) size 784x249
  RenderBlock (relative positioned) zI: 1 {div} at (0,0) size 784x249 [color=#FF0000]
    RenderBlock {div} at (1,1) size 782x247 [border: (1px solid #000000)]
      RenderBlock {div} at (1,33) size 780x0
      RenderBlock {div} at (1,33) size 780x39
        RenderTable at (0,0) size 154x39
          RenderTableSection (anonymous) at (0,0) size 154x39
            RenderTableRow (anonymous) at (0,0) size 154x39
              RenderTableCell {span} at (0,0) size 154x39 [border: (1px solid #008000)] [r=0 c=0 rs=1 cs=1]
                RenderInline {b} at (0,0) size 152x37
                  RenderText {#text} at (1,1) size 152x37
                    text run at (1,1) width 152: "Hello Kitty"
      RenderBlock {div} at (1,104) size 780x39
        RenderTable at (0,0) size 154x39
          RenderTableSection (anonymous) at (0,0) size 154x39
            RenderTableRow (anonymous) at (0,0) size 154x39
              RenderTableCell {span} at (0,0) size 154x39 [border: (1px solid #008000)] [r=0 c=0 rs=1 cs=1]
                RenderInline {b} at (0,0) size 152x37
                  RenderText {#text} at (1,1) size 152x37
                    text run at (1,1) width 152: "Hello Kitty"
      RenderBlock {div} at (1,175) size 780x39
        RenderTable at (0,0) size 154x39
          RenderTableSection (anonymous) at (0,0) size 154x39
            RenderTableRow (anonymous) at (0,0) size 154x39
              RenderTableCell {span} at (0,0) size 154x39 [border: (1px solid #008000)] [r=0 c=0 rs=1 cs=1]
                RenderInline {b} at (0,0) size 152x37
                  RenderText {#text} at (1,1) size 152x37
                    text run at (1,1) width 152: "Hello Kitty"
layer at (8,50) size 158x249
  RenderBlock (positioned) zI: 2 {div} at (0,0) size 158x249 [color=#008000]
    RenderBlock {div} at (1,1) size 156x247 [border: (1px solid #000000)]
      RenderBlock {div} at (1,33) size 154x0
      RenderBlock {div} at (1,33) size 154x39
        RenderTable at (0,0) size 154x39
          RenderTableSection (anonymous) at (0,0) size 154x39
            RenderTableRow (anonymous) at (0,0) size 154x39
              RenderTableCell {span} at (0,0) size 154x39 [border: (1px solid #008000)] [r=0 c=0 rs=1 cs=1]
                RenderInline {b} at (0,0) size 152x37
                  RenderText {#text} at (1,1) size 152x37
                    text run at (1,1) width 152: "Hello Kitty"
      RenderBlock {div} at (1,104) size 154x39
        RenderTable at (0,0) size 154x39
          RenderTableSection (anonymous) at (0,0) size 154x39
            RenderTableRow (anonymous) at (0,0) size 154x39
              RenderTableCell {span} at (0,0) size 154x39 [border: (1px solid #008000)] [r=0 c=0 rs=1 cs=1]
                RenderInline {b} at (0,0) size 152x37
                  RenderText {#text} at (1,1) size 152x37
                    text run at (1,1) width 152: "Hello Kitty"
      RenderBlock {div} at (1,175) size 154x39
        RenderTable at (0,0) size 154x39
          RenderTableSection (anonymous) at (0,0) size 154x39
            RenderTableRow (anonymous) at (0,0) size 154x39
              RenderTableCell {span} at (0,0) size 154x39 [border: (1px solid #008000)] [r=0 c=0 rs=1 cs=1]
                RenderInline {b} at (0,0) size 152x37
                  RenderText {#text} at (1,1) size 152x37
                    text run at (1,1) width 152: "Hello Kitty"
