layer at (0,0) size 800x600
  RenderView at (0,0) size 800x600
layer at (0,0) size 800x90
  RenderBlock {html} at (0,0) size 800x90
    RenderBody {body} at (8,16) size 784x66
      RenderBlock {p} at (0,0) size 784x18
        RenderText {#text} at (0,0) size 386x18
          text run at (0,0) width 386: "There should be no red below, except for antialiasing issues."
layer at (8,50) size 784x32
  RenderBlock (relative positioned) {div} at (0,34) size 784x32
layer at (8,50) size 784x32
  RenderBlock (relative positioned) zI: 1 {div} at (0,0) size 784x32 [color=#FF0000]
    RenderBlock {div} at (1,1) size 782x30
      RenderText {#text} at (0,0) size 110x30
        text run at (0,0) width 110: "a  b cd"
layer at (8,50) size 262x32
  RenderBlock (positioned) zI: 2 {div} at (0,0) size 262x32 [color=#008000]
    RenderBlock {div} at (1,1) size 260x30
      RenderInline {span} at (0,0) size 110x30
        RenderText {#text} at (0,0) size 32x30
          text run at (0,0) width 32: "a "
        RenderText {#text} at (31,0) size 16x30
          text run at (31,0) width 16: " "
        RenderTable at (46,0) size 17x30
          RenderTableSection (anonymous) at (0,0) size 16x30
            RenderTableRow (anonymous) at (0,0) size 16x30
              RenderTableCell {span} at (0,0) size 16x30 [r=0 c=0 rs=1 cs=1]
                RenderText {#text} at (0,0) size 16x30
                  text run at (0,0) width 16: "b"
        RenderTable at (62,0) size 48x30
          RenderTableSection (anonymous) at (0,0) size 47x30
            RenderTableRow (anonymous) at (0,0) size 47x30
              RenderTableCell (anonymous) at (0,0) size 47x30 [r=0 c=0 rs=1 cs=1]
                RenderText at (0,0) size 47x30
                  text run at (0,0) width 47: " cd"
