layer at (0,0) size 800x600
  RenderView at (0,0) size 800x600
layer at (0,0) size 800x434
  RenderBlock {HTML} at (0,0) size 800x434
    RenderBody {BODY} at (8,16) size 784x410
      RenderBlock {P} at (0,0) size 784x20
        RenderText {#text} at (0,0) size 469x19
          text run at (0,0) width 469: "Test overflow clipping of composited elements in various configurations."
      RenderBlock (anonymous) at (0,36) size 784x374
        RenderText {#text} at (182,167) size 4x19
          text run at (182,167) width 4: " "
        RenderText {#text} at (368,167) size 4x19
          text run at (368,167) width 4: " "
        RenderBR {BR} at (554,167) size 0x19
        RenderText {#text} at (182,354) size 4x19
          text run at (182,354) width 4: " "
        RenderText {#text} at (368,354) size 4x19
          text run at (368,354) width 4: " "
        RenderText {#text} at (0,0) size 0x0
layer at (28,72) size 142x142 clip at (29,73) size 140x140 scrollHeight 171
  RenderBlock {DIV} at (20,20) size 142x142 [border: (1px solid #000000)]
    RenderBlock {DIV} at (11,11) size 122x122 [border: (1px solid #0000FF)]
layer at (214,72) size 142x142 clip at (215,73) size 140x140
  RenderBlock {DIV} at (206,20) size 142x142 [border: (1px solid #000000)]
layer at (28,259) size 142x142 clip at (29,260) size 140x140 scrollHeight 171
  RenderBlock {DIV} at (20,207) size 142x142 [border: (1px solid #000000)]
    RenderBlock {DIV} at (11,11) size 122x122 [border: (1px solid #0000FF)]
layer at (214,259) size 142x142 clip at (215,260) size 140x140
  RenderBlock {DIV} at (206,207) size 142x142 [border: (1px solid #000000)]
layer at (50,94) size 100x150 backgroundClip at (29,73) size 140x140 clip at (29,73) size 140x140
  RenderBlock {DIV} at (11,11) size 100x150 [bgcolor=#808080]
layer at (225,83) size 122x122
  RenderBlock (positioned) {DIV} at (225,83) size 122x122 [border: (1px solid #0000FF)]
layer at (236,94) size 100x150
  RenderBlock {DIV} at (11,11) size 100x150 [bgcolor=#808080]
layer at (400,72) size 142x142 clip at (401,73) size 140x140 scrollHeight 171
  RenderBlock (relative positioned) {DIV} at (392,20) size 142x142 [border: (1px solid #000000)]
layer at (411,83) size 122x122
  RenderBlock (positioned) {DIV} at (11,11) size 122x122 [border: (1px solid #0000FF)]
layer at (422,94) size 100x150 backgroundClip at (401,73) size 140x140 clip at (401,73) size 140x140
  RenderBlock {DIV} at (11,11) size 100x150 [bgcolor=#808080]
layer at (50,281) size 100x150 backgroundClip at (29,260) size 140x140 clip at (29,260) size 140x140
  RenderBlock {DIV} at (11,11) size 100x150 [bgcolor=#808080]
layer at (225,270) size 122x122
  RenderBlock (positioned) {DIV} at (225,270) size 122x122 [border: (1px solid #0000FF)]
layer at (236,281) size 100x150
  RenderBlock {DIV} at (11,11) size 100x150 [bgcolor=#808080]
layer at (400,259) size 142x142 clip at (401,260) size 140x140 scrollHeight 171
  RenderBlock (relative positioned) {DIV} at (392,207) size 142x142 [border: (1px solid #000000)]
layer at (411,270) size 122x122
  RenderBlock (positioned) {DIV} at (11,11) size 122x122 [border: (1px solid #0000FF)]
layer at (422,281) size 100x150 backgroundClip at (401,260) size 140x140 clip at (401,260) size 140x140
  RenderBlock {DIV} at (11,11) size 100x150 [bgcolor=#808080]
