layer at (0,0) size 800x838
  RenderView at (0,0) size 800x600
layer at (0,0) size 800x838
  RenderBlock {HTML} at (0,0) size 800x838
    RenderBody {BODY} at (8,8) size 784x822
      RenderBlock (anonymous) at (0,0) size 784x20
        RenderText {#text} at (0,0) size 83x19
          text run at (0,0) width 83: "Text outside."
layer at (8,28) size 702x802 clip at (9,29) size 685x785 scrollHeight 1286
  RenderBlock {DIV} at (0,20) size 702x802 [border: (1px solid #000000)]
    RenderBlock {P} at (1,17) size 685x165
      RenderText {#text} at (0,7) size 668x151
        text run at (0,7) width 659: "Lorem ipsum dolor sit amet, consectetur adipisicing elit, sed do eiusmod tempor incididunt ut labore et"
        text run at (0,40) width 668: "dolore magna aliqua. Ut enim ad minim veniam, quis nostrud exercitation ullamco laboris nisi ut aliquip"
        text run at (0,73) width 668: "ex ea commodo consequat. Duis aute irure dolor in reprehenderit in voluptate velit esse cillum dolore eu"
        text run at (0,106) width 652: "fugiat nulla pariatur. Excepteur sint occaecat cupidatat non proident, sunt in culpa qui officia deserunt"
        text run at (0,139) width 174: "mollit anim id est laborum."
    RenderBlock {P} at (1,230) size 685x165
      RenderText {#text} at (0,7) size 668x151
        text run at (0,7) width 659: "Lorem ipsum dolor sit amet, consectetur adipisicing elit, sed do eiusmod tempor incididunt ut labore et"
        text run at (0,40) width 668: "dolore magna aliqua. Ut enim ad minim veniam, quis nostrud exercitation ullamco laboris nisi ut aliquip"
        text run at (0,73) width 668: "ex ea commodo consequat. Duis aute irure dolor in reprehenderit in voluptate velit esse cillum dolore eu"
        text run at (0,106) width 652: "fugiat nulla pariatur. Excepteur sint occaecat cupidatat non proident, sunt in culpa qui officia deserunt"
        text run at (0,139) width 174: "mollit anim id est laborum."
    RenderBlock {P} at (1,861) size 685x165
      RenderText {#text} at (0,7) size 668x151
        text run at (0,7) width 659: "Lorem ipsum dolor sit amet, consectetur adipisicing elit, sed do eiusmod tempor incididunt ut labore et"
        text run at (0,40) width 668: "dolore magna aliqua. Ut enim ad minim veniam, quis nostrud exercitation ullamco laboris nisi ut aliquip"
        text run at (0,73) width 668: "ex ea commodo consequat. Duis aute irure dolor in reprehenderit in voluptate velit esse cillum dolore eu"
        text run at (0,106) width 652: "fugiat nulla pariatur. Excepteur sint occaecat cupidatat non proident, sunt in culpa qui officia deserunt"
        text run at (0,139) width 174: "mollit anim id est laborum."
    RenderBlock {P} at (1,1074) size 685x165
      RenderText {#text} at (0,7) size 668x151
        text run at (0,7) width 659: "Lorem ipsum dolor sit amet, consectetur adipisicing elit, sed do eiusmod tempor incididunt ut labore et"
        text run at (0,40) width 668: "dolore magna aliqua. Ut enim ad minim veniam, quis nostrud exercitation ullamco laboris nisi ut aliquip"
        text run at (0,73) width 668: "ex ea commodo consequat. Duis aute irure dolor in reprehenderit in voluptate velit esse cillum dolore eu"
        text run at (0,106) width 652: "fugiat nulla pariatur. Excepteur sint occaecat cupidatat non proident, sunt in culpa qui officia deserunt"
        text run at (0,139) width 174: "mollit anim id est laborum."
layer at (19,471) size 602x402 backgroundClip at (19,471) size 602x343 clip at (20,472) size 585x342 scrollHeight 508
  RenderBlock {DIV} at (11,443) size 602x402 [border: (1px solid #000000)]
    RenderBlock {P} at (1,17) size 585x198
      RenderText {#text} at (0,7) size 583x184
        text run at (0,7) width 583: "Lorem ipsum dolor sit amet, consectetur adipisicing elit, sed do eiusmod tempor incididunt"
        text run at (0,40) width 549: "ut labore et dolore magna aliqua. Ut enim ad minim veniam, quis nostrud exercitation"
        text run at (0,73) width 522: "ullamco laboris nisi ut aliquip ex ea commodo consequat. Duis aute irure dolor in"
        text run at (0,106) width 568: "reprehenderit in voluptate velit esse cillum dolore eu fugiat nulla pariatur. Excepteur sint"
        text run at (0,139) width 538: "occaecat cupidatat non proident, sunt in culpa qui officia deserunt mollit anim id est"
        text run at (0,172) width 58: "laborum."
    RenderBlock {P} at (1,263) size 585x198
      RenderText {#text} at (0,7) size 583x184
        text run at (0,7) width 583: "Lorem ipsum dolor sit amet, consectetur adipisicing elit, sed do eiusmod tempor incididunt"
        text run at (0,40) width 549: "ut labore et dolore magna aliqua. Ut enim ad minim veniam, quis nostrud exercitation"
        text run at (0,73) width 522: "ullamco laboris nisi ut aliquip ex ea commodo consequat. Duis aute irure dolor in"
        text run at (0,106) width 568: "reprehenderit in voluptate velit esse cillum dolore eu fugiat nulla pariatur. Excepteur sint"
        text run at (0,139) width 538: "occaecat cupidatat non proident, sunt in culpa qui officia deserunt mollit anim id est"
        text run at (0,172) width 58: "laborum."
