layer at (0,0) size 800x600
  RenderView at (0,0) size 800x600
layer at (0,0) size 800x591
  RenderBlock {HTML} at (0,0) size 800x591
    RenderBody {BODY} at (8,16) size 784x567
      RenderBlock {P} at (0,0) size 784x20
        RenderText {#text} at (0,0) size 247x19
          text run at (0,0) width 247: "All of the boxes should look the same."
      RenderBlock (anonymous) at (0,36) size 784x531
        RenderText {#text} at (172,157) size 4x19
          text run at (172,157) width 4: " "
        RenderText {#text} at (348,157) size 4x19
          text run at (348,157) width 4: " "
        RenderText {#text} at (524,157) size 4x19
          text run at (524,157) width 4: " "
        RenderBR {BR} at (700,157) size 0x19
        RenderText {#text} at (172,334) size 4x19
          text run at (172,334) width 4: " "
        RenderText {#text} at (348,334) size 4x19
          text run at (348,334) width 4: " "
        RenderText {#text} at (524,334) size 4x19
          text run at (524,334) width 4: " "
        RenderBR {BR} at (700,334) size 0x19
        RenderText {#text} at (172,511) size 4x19
          text run at (172,511) width 4: " "
        RenderText {#text} at (348,511) size 4x19
          text run at (348,511) width 4: " "
        RenderText {#text} at (524,511) size 4x19
          text run at (524,511) width 4: " "
        RenderText {#text} at (0,0) size 0x0
layer at (18,62) size 152x152 clip at (19,63) size 135x135 scrollY 50 scrollWidth 210 scrollHeight 510
  RenderBlock {DIV} at (10,10) size 152x152 [border: (1px solid #000000)]
layer at (194,62) size 152x152 clip at (195,63) size 135x135 scrollY 50 scrollWidth 210 scrollHeight 510
  RenderBlock {DIV} at (186,10) size 152x152 [border: (1px solid #000000)]
layer at (19,13) size 210x510 backgroundClip at (19,63) size 135x135 clip at (19,63) size 135x135
  RenderBlock {DIV} at (1,1) size 210x510 [bgcolor=#808080]
    RenderBlock {P} at (5,29) size 200x60
      RenderText {#text} at (0,1) size 192x58
        text run at (0,1) width 192: "This is the inner div"
        text run at (0,31) width 111: "that scrolls."
layer at (195,13) size 210x510 backgroundClip at (195,63) size 135x135 clip at (195,63) size 135x135
  RenderBlock (relative positioned) {DIV} at (1,1) size 210x510 [bgcolor=#808080]
    RenderBlock {P} at (5,29) size 200x60
      RenderText {#text} at (0,1) size 192x58
        text run at (0,1) width 192: "This is the inner div"
        text run at (0,31) width 111: "that scrolls."
layer at (370,62) size 152x152 clip at (371,63) size 135x135 scrollY 50 scrollWidth 210 scrollHeight 510
  RenderBlock (relative positioned) {DIV} at (362,10) size 152x152 [border: (1px solid #000000)]
layer at (371,13) size 210x510 backgroundClip at (371,63) size 135x135 clip at (371,63) size 135x135
  RenderBlock {DIV} at (1,1) size 210x510 [bgcolor=#808080]
    RenderBlock {P} at (5,29) size 200x60
      RenderText {#text} at (0,1) size 192x58
        text run at (0,1) width 192: "This is the inner div"
        text run at (0,31) width 111: "that scrolls."
layer at (546,62) size 152x152 clip at (547,63) size 135x135 scrollY 50 scrollWidth 210 scrollHeight 510
  RenderBlock (relative positioned) {DIV} at (538,10) size 152x152 [border: (1px solid #000000)]
layer at (547,13) size 210x510 backgroundClip at (547,63) size 135x135 clip at (547,63) size 135x135
  RenderBlock (relative positioned) {DIV} at (1,1) size 210x510 [bgcolor=#808080]
    RenderBlock {P} at (5,29) size 200x60
      RenderText {#text} at (0,1) size 192x58
        text run at (0,1) width 192: "This is the inner div"
        text run at (0,31) width 111: "that scrolls."
layer at (18,239) size 152x152 clip at (19,240) size 135x135 scrollY 50 scrollWidth 210 scrollHeight 510
  RenderBlock {DIV} at (10,187) size 152x152 [border: (1px solid #000000)]
    RenderBlock {DIV} at (1,1) size 210x510 [bgcolor=#808080]
      RenderBlock {P} at (5,29) size 200x60
        RenderText {#text} at (0,1) size 192x58
          text run at (0,1) width 192: "This is the inner div"
          text run at (0,31) width 111: "that scrolls."
layer at (194,239) size 152x152 clip at (195,240) size 135x135 scrollY 50 scrollWidth 210 scrollHeight 510
  RenderBlock {DIV} at (186,187) size 152x152 [border: (1px solid #000000)]
layer at (195,190) size 210x510 backgroundClip at (195,240) size 135x135 clip at (195,240) size 135x135
  RenderBlock (relative positioned) {DIV} at (1,1) size 210x510 [bgcolor=#808080]
    RenderBlock {P} at (5,29) size 200x60
      RenderText {#text} at (0,1) size 192x58
        text run at (0,1) width 192: "This is the inner div"
        text run at (0,31) width 111: "that scrolls."
layer at (370,239) size 152x152 clip at (371,240) size 135x135 scrollY 50 scrollWidth 210 scrollHeight 510
  RenderBlock {DIV} at (362,187) size 152x152 [border: (1px solid #000000)]
layer at (371,190) size 210x510 backgroundClip at (371,240) size 135x135 clip at (371,240) size 135x135
  RenderBlock {DIV} at (1,1) size 210x510 [bgcolor=#808080]
    RenderBlock {P} at (5,29) size 200x60
      RenderText {#text} at (0,1) size 192x58
        text run at (0,1) width 192: "This is the inner div"
        text run at (0,31) width 111: "that scrolls."
layer at (546,239) size 152x152 clip at (547,240) size 135x135 scrollY 50 scrollWidth 210 scrollHeight 510
  RenderBlock {DIV} at (538,187) size 152x152 [border: (1px solid #000000)]
layer at (547,190) size 210x510 backgroundClip at (547,240) size 135x135 clip at (547,240) size 135x135
  RenderBlock (relative positioned) {DIV} at (1,1) size 210x510 [bgcolor=#808080]
    RenderBlock {P} at (5,29) size 200x60
      RenderText {#text} at (0,1) size 192x58
        text run at (0,1) width 192: "This is the inner div"
        text run at (0,31) width 111: "that scrolls."
layer at (18,416) size 152x152 clip at (19,417) size 135x135 scrollY 50 scrollWidth 210 scrollHeight 510
  RenderBlock (relative positioned) {DIV} at (10,364) size 152x152 [border: (1px solid #000000)]
    RenderBlock {DIV} at (1,1) size 210x510 [bgcolor=#808080]
      RenderBlock {P} at (5,29) size 200x60
        RenderText {#text} at (0,1) size 192x58
          text run at (0,1) width 192: "This is the inner div"
          text run at (0,31) width 111: "that scrolls."
layer at (194,416) size 152x152 clip at (195,417) size 135x135 scrollY 50 scrollWidth 210 scrollHeight 510
  RenderBlock (relative positioned) {DIV} at (186,364) size 152x152 [border: (1px solid #000000)]
layer at (195,367) size 210x510 backgroundClip at (195,417) size 135x135 clip at (195,417) size 135x135
  RenderBlock (relative positioned) {DIV} at (1,1) size 210x510 [bgcolor=#808080]
    RenderBlock {P} at (5,29) size 200x60
      RenderText {#text} at (0,1) size 192x58
        text run at (0,1) width 192: "This is the inner div"
        text run at (0,31) width 111: "that scrolls."
layer at (370,416) size 152x152 clip at (371,417) size 135x135 scrollY 50 scrollWidth 210 scrollHeight 510
  RenderBlock (relative positioned) {DIV} at (362,364) size 152x152 [border: (1px solid #000000)]
layer at (371,367) size 210x510 backgroundClip at (371,417) size 135x135 clip at (371,417) size 135x135
  RenderBlock {DIV} at (1,1) size 210x510 [bgcolor=#808080]
    RenderBlock {P} at (5,29) size 200x60
      RenderText {#text} at (0,1) size 192x58
        text run at (0,1) width 192: "This is the inner div"
        text run at (0,31) width 111: "that scrolls."
layer at (546,416) size 152x152 clip at (547,417) size 135x135 scrollY 50 scrollWidth 210 scrollHeight 510
  RenderBlock (relative positioned) {DIV} at (538,364) size 152x152 [border: (1px solid #000000)]
layer at (547,367) size 210x510 backgroundClip at (547,417) size 135x135 clip at (547,417) size 135x135
  RenderBlock (relative positioned) {DIV} at (1,1) size 210x510 [bgcolor=#808080]
    RenderBlock {P} at (5,29) size 200x60
      RenderText {#text} at (0,1) size 192x58
        text run at (0,1) width 192: "This is the inner div"
        text run at (0,31) width 111: "that scrolls."
