layer at (0,0) size 800x600
  RenderView at (0,0) size 800x600
layer at (0,0) size 800x218
  RenderBlock {HTML} at (0,0) size 800x218
    RenderBody {BODY} at (8,8) size 784x202
layer at (8,8) size 103x202 clip at (9,9) size 86x185 scrollHeight 1680
  RenderBlock {DIV} at (0,0) size 103x202 [border: (1px solid #000000)]
    RenderText {#text} at (1,1) size 86x1679
      text run at (1,1) width 86: "Lorem ipsum"
      text run at (1,21) width 53: "dolor sit"
      text run at (1,41) width 36: "amet,"
      text run at (1,61) width 73: "consectetur"
      text run at (1,81) width 71: "adipisicing"
      text run at (1,101) width 70: "elit, sed do"
      text run at (1,121) width 55: "eiusmod"
      text run at (1,141) width 46: "tempor"
      text run at (1,161) width 82: "incididunt ut"
      text run at (1,181) width 56: "labore et"
      text run at (1,201) width 41: "dolore"
      text run at (1,221) width 43: "magna"
      text run at (1,241) width 64: "aliqua. Ut"
      text run at (1,261) width 52: "enim ad"
      text run at (1,281) width 42: "minim"
      text run at (1,301) width 82: "veniam, quis"
      text run at (1,321) width 48: "nostrud"
      text run at (1,341) width 76: "exercitation"
      text run at (1,361) width 52: "ullamco"
      text run at (1,381) width 71: "laboris nisi"
      text run at (1,401) width 80: "ut aliquip ex"
      text run at (1,421) width 83: "ea commodo"
      text run at (1,441) width 68: "consequat."
      text run at (1,461) width 61: "Duis aute"
      text run at (1,481) width 85: "irure dolor in"
      text run at (1,501) width 86: "reprehenderit"
      text run at (1,521) width 76: "in voluptate"
      text run at (1,541) width 60: "velit esse"
      text run at (1,561) width 86: "cillum dolore"
      text run at (1,581) width 57: "eu fugiat"
      text run at (1,601) width 32: "nulla"
      text run at (1,621) width 53: "pariatur."
      text run at (1,641) width 65: "Excepteur"
      text run at (1,661) width 83: "sint occaecat"
      text run at (1,681) width 59: "cupidatat"
      text run at (1,701) width 86: "non proident,"
      text run at (1,721) width 82: "sunt in culpa"
      text run at (1,741) width 66: "qui officia"
      text run at (1,761) width 55: "deserunt"
      text run at (1,781) width 75: "mollit anim"
      text run at (1,801) width 35: "id est"
      text run at (1,821) width 58: "laborum."
      text run at (1,841) width 86: "Lorem ipsum"
      text run at (1,861) width 53: "dolor sit"
      text run at (1,881) width 36: "amet,"
      text run at (1,901) width 73: "consectetur"
      text run at (1,921) width 71: "adipisicing"
      text run at (1,941) width 70: "elit, sed do"
      text run at (1,961) width 55: "eiusmod"
      text run at (1,981) width 46: "tempor"
      text run at (1,1001) width 82: "incididunt ut"
      text run at (1,1021) width 56: "labore et"
      text run at (1,1041) width 41: "dolore"
      text run at (1,1061) width 43: "magna"
      text run at (1,1081) width 64: "aliqua. Ut"
      text run at (1,1101) width 52: "enim ad"
      text run at (1,1121) width 42: "minim"
      text run at (1,1141) width 82: "veniam, quis"
      text run at (1,1161) width 48: "nostrud"
      text run at (1,1181) width 76: "exercitation"
      text run at (1,1201) width 52: "ullamco"
      text run at (1,1221) width 71: "laboris nisi"
      text run at (1,1241) width 80: "ut aliquip ex"
      text run at (1,1261) width 83: "ea commodo"
      text run at (1,1281) width 68: "consequat."
      text run at (1,1301) width 61: "Duis aute"
      text run at (1,1321) width 85: "irure dolor in"
      text run at (1,1341) width 86: "reprehenderit"
      text run at (1,1361) width 76: "in voluptate"
      text run at (1,1381) width 60: "velit esse"
      text run at (1,1401) width 86: "cillum dolore"
      text run at (1,1421) width 57: "eu fugiat"
      text run at (1,1441) width 32: "nulla"
      text run at (1,1461) width 53: "pariatur."
      text run at (1,1481) width 65: "Excepteur"
      text run at (1,1501) width 83: "sint occaecat"
      text run at (1,1521) width 59: "cupidatat"
      text run at (1,1541) width 86: "non proident,"
      text run at (1,1561) width 82: "sunt in culpa"
      text run at (1,1581) width 66: "qui officia"
      text run at (1,1601) width 55: "deserunt"
      text run at (1,1621) width 75: "mollit anim"
      text run at (1,1641) width 35: "id est"
      text run at (1,1661) width 58: "laborum."
