layer at (0,0) size 800x600
  RenderView at (0,0) size 800x600
layer at (0,0) size 800x272
  RenderBlock {HTML} at (0,0) size 800x272
    RenderBody {BODY} at (8,16) size 784x246
      RenderBlock {P} at (0,0) size 784x20
        RenderText {#text} at (0,0) size 484x19
          text run at (0,0) width 484: "You should see scrollbars on the gray square, and a resizer control below it."
layer at (18,52) size 100x100 clip at (18,52) size 85x85 scrollWidth 500 scrollHeight 500
  RenderBlock (relative positioned) {DIV} at (10,36) size 100x100
layer at (18,52) size 500x500 backgroundClip at (18,52) size 85x85 clip at (18,52) size 85x85
  RenderBlock {DIV} at (0,0) size 500x500 [bgcolor=#808080]
layer at (18,162) size 100x100
  RenderBlock {DIV} at (10,146) size 100x100
