layer at (0,0) size 800x600
  RenderView at (0,0) size 800x600
layer at (0,0) size 800x600
  RenderBlock {HTML} at (0,0) size 800x600
    RenderBody {BODY} at (8,8) size 784x576
      RenderBlock {UL} at (0,0) size 784x40
        RenderListItem {LI} at (40,0) size 744x40
          RenderListMarker at (-1,0) size 7x19: bullet
          RenderText {#text} at (15,0) size 245x19
            text run at (15,0) width 245: "This list item should have an inside bullet."
          RenderBR {BR} at (260,0) size 0x19
          RenderText {#text} at (0,20) size 228x19
            text run at (0,20) width 228: "This line should begin under the bullet."
