layer at (0,0) size 800x600
  RenderView at (0,0) size 800x600
layer at (0,0) size 800x600
  RenderBlock {HTML} at (0,0) size 800x600
    RenderBody {BODY} at (8,8) size 784x560
      RenderBlock (anonymous) at (0,0) size 784x76
        RenderText {#text} at (0,0) size 743x76
          text run at (0,0) width 665: "These two lines should both be Verdana. "
          text run at (665,0) width 78: "They"
          text run at (0,38) width 313: "should be identical."
      RenderBlock {P} at (0,108) size 784x76
        RenderText {#text} at (0,0) size 743x76
          text run at (0,0) width 665: "These two lines should both be Verdana. "
          text run at (665,0) width 78: "They"
          text run at (0,38) width 313: "should be identical."
