layer at (0,0) size 800x600
  RenderView at (0,0) size 800x600
layer at (0,0) size 800x284
  RenderBlock {HTML} at (0,0) size 800x284
    RenderBody {BODY} at (8,21) size 784x247
      RenderBlock {H1} at (0,0) size 784x37
        RenderText {#text} at (0,0) size 421x36
          text run at (0,0) width 421: "Shorthand border properties 2"
      RenderBlock {P} at (0,58) size 784x21
        RenderText {#text} at (0,0) size 485x19
          text run at (0,0) width 386: "This test was written to test a point I mentioned to Tantek \x{C7}elik "
          text run at (386,0) width 99: "on 2000-07-13."
      RenderBlock {P} at (0,94) size 784x27 [color=#008000] [border: (3px solid #008000)]
        RenderText {#text} at (3,3) size 262x19
          text run at (3,3) width 262: "This paragraph should have a green border."
      RenderBlock {P} at (0,136) size 784x27 [color=#008000] [border: (3px solid #008000)]
        RenderText {#text} at (3,3) size 262x19
          text run at (3,3) width 262: "This paragraph should have a green border."
      RenderBlock {P} at (0,178) size 784x27 [color=#008000] [border: (3px solid #008000)]
        RenderText {#text} at (3,3) size 262x19
          text run at (3,3) width 262: "This paragraph should have a green border."
      RenderBlock {P} at (0,220) size 784x27 [color=#008000] [border: (3px solid #008000)]
        RenderText {#text} at (3,3) size 262x19
          text run at (3,3) width 262: "This paragraph should have a green border."
