layer at (0,0) size 800x600
  RenderView at (0,0) size 800x600
layer at (0,0) size 800x600
  RenderBlock {HTML} at (0,0) size 800x600
    RenderBody {BODY} at (8,8) size 784x584
      RenderBlock {DIV} at (0,0) size 784x47 [border: (10px solid #808000)]
        RenderText {#text} at (10,10) size 560x26
          text run at (10,10) width 560: "You should see 24px text inside a 10px solid olive border."
