layer at (0,0) size 800x600
  RenderView at (0,0) size 800x600
layer at (0,0) size 800x600
  RenderBlock {HTML} at (0,0) size 800x600
    RenderBody {BODY} at (8,8) size 784x584
      RenderBlock {P} at (0,0) size 784x20
        RenderText {#text} at (0,0) size 725x19
          text run at (0,0) width 725: "The word \"PASSED\" should be shown below with a cirlce before and a square after. This is a test for WebKit bug "
        RenderInline {A} at (0,0) size 38x19 [color=#0000EE]
          RenderText {#text} at (725,0) size 38x19
            text run at (725,0) width 38: "11197"
        RenderText {#text} at (763,0) size 4x19
          text run at (763,0) width 4: "."
      RenderBlock (anonymous) at (0,36) size 784x16
        RenderInline {CODE} at (0,0) size 59x15
          RenderInline (generated) at (0,0) size 5x15
            RenderCounter at (0,0) size 5x15
              text run at (0,0) width 5: "\x{25E6}"
          RenderText {#text} at (5,0) size 46x15
            text run at (5,0) width 46: "PASSED"
          RenderInline (generated) at (0,0) size 8x15
            RenderCounter at (51,0) size 8x15
              text run at (51,0) width 8: "\x{25A0}"
        RenderText {#text} at (0,0) size 0x0
