layer at (0,0) size 800x600
  RenderView at (0,0) size 800x600
layer at (0,0) size 800x600
  RenderBlock {HTML} at (0,0) size 800x600
    RenderBody {BODY} at (8,8) size 784x576
      RenderBlock {P} at (0,0) size 784x20
        RenderText {#text} at (0,0) size 52x19
          text run at (0,0) width 52: "Test for "
        RenderInline {I} at (0,0) size 618x19
          RenderInline {A} at (0,0) size 300x19 [color=#0000EE]
            RenderText {#text} at (52,0) size 300x19
              text run at (52,0) width 300: "http://bugs.webkit.org/show_bug.cgi?id=11930"
          RenderText {#text} at (352,0) size 318x19
            text run at (352,0) width 4: " "
            text run at (356,0) width 314: "Specifying border-radius makes the outline shrink"
        RenderText {#text} at (670,0) size 4x19
          text run at (670,0) width 4: "."
      RenderBlock {P} at (0,36) size 784x20
        RenderText {#text} at (0,0) size 273x19
          text run at (0,0) width 273: "These two squares should be the same size:"
      RenderBlock (anonymous) at (0,72) size 784x20
        RenderBlock {DIV} at (0,5) size 10x10
        RenderText {#text} at (10,0) size 4x19
          text run at (10,0) width 4: " "
        RenderBlock {DIV} at (14,5) size 10x10
        RenderText {#text} at (0,0) size 0x0
      RenderBlock {P} at (0,108) size 784x0
