layer at (0,0) size 800x600
  RenderView at (0,0) size 800x600
layer at (0,0) size 800x600
  RenderBlock {HTML} at (0,0) size 800x600
    RenderBody {BODY} at (8,8) size 784x584
      RenderBlock (anonymous) at (0,0) size 784x20
        RenderText {#text} at (0,0) size 337x19
          text run at (0,0) width 337: "This tests that a child style can override the :visited style."
        RenderInline {A} at (0,0) size 0x19 [color=#FF0000]
          RenderText {#text} at (0,0) size 0x0
      RenderBlock (anonymous) at (0,20) size 784x20 [color=#FF0000]
        RenderBlock {DIV} at (0,0) size 784x20 [color=#008000]
          RenderText {#text} at (0,0) size 252x19
            text run at (0,0) width 252: "This text should be green (and underlined)"
      RenderBlock (anonymous) at (0,40) size 784x0
        RenderInline {A} at (0,0) size 0x0 [color=#FF0000]
        RenderText {#text} at (0,0) size 0x0
      RenderBlock {DIV} at (0,40) size 784x20 [color=#008000]
        RenderText {#text} at (0,0) size 150x19
          text run at (0,0) width 150: "This text should be green"
