layer at (0,0) size 1576x585
  RenderView at (0,0) size 800x585
layer at (0,0) size 800x585
  RenderBlock {HTML} at (0,0) size 800x585
    RenderBody {BODY} at (8,8) size 784x569
layer at (8,8) size 784x18
  RenderBlock {DIV} at (0,0) size 784x18
    RenderInline {SPAN} at (0,0) size 219x17 [bgcolor=#FF0000]
      RenderText {#text} at (0,0) size 219x17
        text run at (0,0) width 219: "This text should be nice and sharp."
    RenderText {#text} at (0,0) size 0x0
