layer at (0,0) size 800x600
  RenderView at (0,0) size 800x600
layer at (0,0) size 800x88
  RenderBlock {HTML} at (0,0) size 800x88
    RenderBody {BODY} at (8,16) size 784x56
      RenderBlock {P} at (0,0) size 784x20
        RenderText {#text} at (0,0) size 135x19
          text run at (0,0) width 135: "this should not be red"
      RenderBlock {P} at (0,36) size 784x20
        RenderText {#text} at (0,0) size 142x19
          text run at (0,0) width 142: "this should not be blue"
