layer at (0,0) size 800x600
  RenderView at (0,0) size 800x600
layer at (0,0) size 800x600
  RenderBlock {HTML} at (0,0) size 800x600
    RenderBody {BODY} at (8,8) size 784x576
      RenderBlock (anonymous) at (0,0) size 784x0
        RenderInline {SPAN} at (0,0) size 0x0
          RenderInline {SPAN} at (0,0) size 0x0
        RenderText {#text} at (0,0) size 0x0
      RenderBlock {H4} at (0,0) size 784x18
        RenderText {#text} at (0,0) size 81x17
          text run at (0,0) width 81: "Instructions"
      RenderBlock {P} at (0,39) size 784x19
        RenderText {#text} at (0,0) size 176x17
          text run at (0,0) width 176: "Click the following buttons."
      RenderBlock {OL} at (0,73) size 784x169
        RenderListItem {LI} at (40,0) size 744x18
          RenderListMarker at (-20,0) size 16x17: "1"
          RenderText {#text} at (0,0) size 193x17
            text run at (0,0) width 193: "Start with the outmost left one."
        RenderListItem {LI} at (40,18) size 744x18
          RenderListMarker at (-20,0) size 16x17: "2"
          RenderText {#text} at (0,0) size 135x17
            text run at (0,0) width 135: "Click the middle one."
        RenderListItem {LI} at (40,36) size 744x18
          RenderListMarker at (-20,0) size 16x17: "3"
          RenderText {#text} at (0,0) size 265x17
            text run at (0,0) width 265: "(The ouline will not be updated correctly.)"
        RenderListItem {LI} at (40,54) size 744x18
          RenderListMarker at (-20,0) size 16x17: "4"
          RenderText {#text} at (0,0) size 138x17
            text run at (0,0) width 138: "Click the right button."
        RenderListItem {LI} at (40,72) size 744x18
          RenderListMarker at (-20,0) size 16x17: "5"
          RenderText {#text} at (0,0) size 465x17
            text run at (0,0) width 465: "This will crash Safari 1.3 (v176 and v170, no other configurations tested)."
        RenderListItem {LI} at (40,90) size 744x18
          RenderListMarker at (-20,0) size 16x17: "6"
          RenderText {#text} at (0,0) size 294x17
            text run at (0,0) width 294: "The combination 2. 1. 3. will also crash Safari."
        RenderListItem {LI} at (40,108) size 744x18
          RenderListMarker at (-20,0) size 16x17: "7"
          RenderText {#text} at (0,0) size 447x17
            text run at (0,0) width 447: "1. 3. will not crash Safari. (But the outline should vanish. Shouldn't it?)"
        RenderListItem {LI} at (40,126) size 744x18
          RenderListMarker at (-20,0) size 16x17: "8"
          RenderText {#text} at (0,0) size 200x17
            text run at (0,0) width 200: "2. 3. will not crash Safari either."
        RenderBlock (anonymous) at (40,144) size 744x24
          RenderButton {INPUT} at (0,0) size 143x24 [color=#000000CC] [bgcolor=#C0C0C0] [border: (2px outset #C0C0C0)]
            RenderBlock (anonymous) at (8,4) size 127x15
              RenderText at (0,0) size 127x15
                text run at (0,0) width 127: "1. Set outline property"
          RenderText {#text} at (142,2) size 5x17
            text run at (142,2) width 5: " "
          RenderButton {INPUT} at (146,0) size 146x24 [color=#000000CC] [bgcolor=#C0C0C0] [border: (2px outset #C0C0C0)]
            RenderBlock (anonymous) at (8,4) size 130x15
              RenderText at (0,0) size 130x15
                text run at (0,0) width 130: "2. Set display property"
          RenderText {#text} at (291,2) size 5x17
            text run at (291,2) width 5: " "
          RenderButton {INPUT} at (295,0) size 160x24 [color=#000000CC] [bgcolor=#C0C0C0] [border: (2px outset #C0C0C0)]
            RenderBlock (anonymous) at (8,4) size 143x15
              RenderText at (0,0) size 143x15
                text run at (0,0) width 143: "3. Replace span-element"
          RenderText {#text} at (0,0) size 0x0
