layer at (0,0) size 800x600
  RenderView at (0,0) size 800x600
layer at (0,0) size 800x600
  RenderBlock {HTML} at (0,0) size 800x600
    RenderBody {BODY} at (8,8) size 784x576
      RenderBlock {DIV} at (0,0) size 784x178
        RenderTable {TABLE} at (0,0) size 784x178
          RenderTableSection {TBODY} at (0,0) size 784x178
            RenderTableRow {TR} at (0,2) size 784x42 [color=#008000]
              RenderTableCell {TD} at (2,2) size 383x42 [r=0 c=0 rs=1 cs=1]
                RenderText {#text} at (1,1) size 346x39
                  text run at (1,1) width 346: "This is the first cell in the first row of this table, and"
                  text run at (1,21) width 175: "should be green, and bold"
              RenderTableCell {TD} at (386,2) size 397x42 [r=0 c=1 rs=1 cs=1]
                RenderText {#text} at (1,1) size 365x39
                  text run at (1,1) width 365: "This is the second cell in the first row of this table, and"
                  text run at (1,21) width 171: "should be green and bold"
            RenderTableRow {TR} at (0,46) size 784x42 [color=#800080]
              RenderTableCell {TD} at (2,46) size 383x42 [r=1 c=0 rs=1 cs=1]
                RenderText {#text} at (1,1) size 365x39
                  text run at (1,1) width 365: "This is the first cell in the second row of this table, and"
                  text run at (1,21) width 178: "should be purple and bold"
              RenderTableCell {TD} at (386,46) size 397x42 [r=1 c=1 rs=1 cs=1]
                RenderText {#text} at (1,1) size 384x39
                  text run at (1,1) width 384: "This is the second cell in the second row of this table, and"
                  text run at (1,21) width 178: "should be purple and bold"
            RenderTableRow {TR} at (0,90) size 784x42 [color=#008000]
              RenderTableCell {TD} at (2,90) size 383x42 [r=2 c=0 rs=1 cs=1]
                RenderText {#text} at (1,1) size 374x39
                  text run at (1,1) width 374: "This is the first cell in the third row of this table, and should"
                  text run at (1,21) width 54: "be green"
              RenderTableCell {TD} at (386,90) size 397x42 [r=2 c=1 rs=1 cs=1]
                RenderText {#text} at (1,1) size 348x39
                  text run at (1,1) width 348: "This is the second cell in the third row of this table, and"
                  text run at (1,21) width 100: "should be green"
            RenderTableRow {TR} at (0,134) size 784x42 [color=#800080]
              RenderTableCell {TD} at (2,134) size 383x42 [r=3 c=0 rs=1 cs=1]
                RenderText {#text} at (1,1) size 337x39
                  text run at (1,1) width 337: "This is the first cell in the fourth row of this table, and"
                  text run at (1,21) width 105: "should be purple"
              RenderTableCell {TD} at (386,134) size 397x42 [r=3 c=1 rs=1 cs=1]
                RenderText {#text} at (1,1) size 357x39
                  text run at (1,1) width 357: "This is the second cell in the fourth row of this table, and"
                  text run at (1,21) width 105: "should be purple"
      RenderBlock {DIV} at (0,194) size 784x128
        RenderBlock {P} at (0,0) size 784x20 [color=#000080]
          RenderText {#text} at (0,0) size 386x19
            text run at (0,0) width 386: "This should be navy, as this is the first paragraph in this page."
        RenderBlock {P} at (0,36) size 784x20 [color=#FF0000]
          RenderText {#text} at (0,0) size 396x19
            text run at (0,0) width 396: "This should be red, as this is the second paragraph in this page."
        RenderBlock {P} at (0,72) size 784x20 [color=#000080]
          RenderText {#text} at (0,0) size 391x19
            text run at (0,0) width 391: "This should be navy, as this is the third paragraph in this page."
        RenderBlock {P} at (0,108) size 784x20 [color=#FF0000]
          RenderText {#text} at (0,0) size 390x19
            text run at (0,0) width 390: "This should be red, as this is the fourth paragraph in this page."
      RenderBlock {DIV} at (0,338) size 784x20
        RenderBlock {P} at (0,0) size 784x20 [color=#000080]
          RenderInline {SPAN} at (0,0) size 245x19
            RenderInline {I} at (0,0) size 245x19
              RenderText {#text} at (0,0) size 245x19
                text run at (0,0) width 245: "This whole paragraph should be italic."
          RenderText {#text} at (245,0) size 4x19
            text run at (245,0) width 4: " "
          RenderInline {SPAN} at (0,0) size 246x19
            RenderText {#text} at (249,0) size 246x19
              text run at (249,0) width 246: "But only this sentence should be bold."
