layer at (0,0) size 800x600
  RenderView at (0,0) size 800x600
layer at (0,0) size 800x600
  RenderBlock {HTML} at (0,0) size 800x600
    RenderBody {BODY} at (8,8) size 784x584
      RenderBlock {DIV} at (0,0) size 784x20 [color=#008000] [bgcolor=#FFFF00]
        RenderText {#text} at (0,0) size 108x19
          text run at (0,0) width 108: "Green on Yellow"
      RenderBlock {DIV} at (0,20) size 784x20 [color=#0000FF] [bgcolor=#C0C0C0]
        RenderText {#text} at (0,0) size 91x19
          text run at (0,0) width 91: "Blue on Silver"
      RenderBlock {DIV} at (0,40) size 784x20 [color=#008000]
        RenderText {#text} at (0,0) size 39x19
          text run at (0,0) width 39: "Green"
      RenderBlock {DIV} at (0,60) size 784x20 [color=#0000FF]
        RenderText {#text} at (0,0) size 30x19
          text run at (0,0) width 30: "Blue"
      RenderBlock {DIV} at (0,80) size 784x20 [color=#008000]
        RenderText {#text} at (0,0) size 39x19
          text run at (0,0) width 39: "Green"
      RenderBlock {DIV} at (0,100) size 784x20 [color=#0000FF]
        RenderText {#text} at (0,0) size 30x19
          text run at (0,0) width 30: "Blue"
