layer at (0,0) size 800x600
  RenderView at (0,0) size 800x600
layer at (0,0) size 800x92
  RenderBlock {HTML} at (0,0) size 800x92
    RenderBody {BODY} at (8,16) size 784x68
      RenderBlock {P} at (0,0) size 784x20
        RenderText {#text} at (0,0) size 224x19
          text run at (0,0) width 224: "There should be no RED on the page"
      RenderBlock {DIV} at (0,36) size 784x32
