layer at (0,0) size 800x600
  RenderView at (0,0) size 800x600
layer at (0,0) size 800x600
  RenderBlock {HTML} at (0,0) size 800x600
    RenderBody {BODY} at (8,8) size 784x576
      RenderBlock {P} at (0,0) size 784x20
        RenderText {#text} at (0,0) size 47x19
          text run at (0,0) width 47: "test for "
        RenderInline {A} at (0,0) size 60x19 [color=#0000EE]
          RenderText {#text} at (47,0) size 60x19
            text run at (47,0) width 60: "bug 7157"
        RenderText {#text} at (107,0) size 658x19
          text run at (107,0) width 658: ": An asterisk in a CSS property name breaks CSS handling (Many layout problems at letras.terra.com.br)"
      RenderBlock {P} at (0,36) size 784x20 [color=#008000]
        RenderText {#text} at (0,0) size 166x19
          text run at (0,0) width 166: "Should be green on white."
      RenderBlock {P} at (0,72) size 784x20 [color=#008000]
        RenderText {#text} at (0,0) size 166x19
          text run at (0,0) width 166: "Should be green on white."
      RenderBlock {P} at (0,108) size 784x20 [color=#008000]
        RenderText {#text} at (0,0) size 166x19
          text run at (0,0) width 166: "Should be green on white."
