layer at (0,0) size 800x600
  RenderView at (0,0) size 800x600
layer at (0,0) size 800x600
  RenderBlock {HTML} at (0,0) size 800x600
    RenderBody {BODY} at (8,8) size 784x584
      RenderBlock {P} at (0,0) size 784x20
        RenderText {#text} at (0,0) size 52x19
          text run at (0,0) width 52: "Test for "
        RenderInline {I} at (0,0) size 683x19
          RenderInline {A} at (0,0) size 348x19 [color=#0000EE]
            RenderText {#text} at (52,0) size 348x19
              text run at (52,0) width 348: "http://bugzilla.opendarwin.org/show_bug.cgi?id=4227"
          RenderText {#text} at (400,0) size 335x19
            text run at (400,0) width 4: " "
            text run at (404,0) width 331: "The ex unit doesn't work for font-variant: small-caps"
        RenderText {#text} at (735,0) size 4x19
          text run at (735,0) width 4: "."
      RenderBlock {P} at (0,36) size 784x20
        RenderText {#text} at (0,0) size 244x19
          text run at (0,0) width 244: "There should be a green square below:"
      RenderBlock {DIV} at (0,72) size 140x140 [bgcolor=#008000]
