layer at (0,0) size 800x600
  RenderView at (0,0) size 800x600
layer at (0,0) size 800x600
  RenderBlock {HTML} at (0,0) size 800x600
    RenderBody {BODY} at (8,8) size 784x584
      RenderBlock {P} at (0,0) size 784x20
        RenderText {#text} at (0,0) size 52x19
          text run at (0,0) width 52: "Test for "
        RenderInline {A} at (0,0) size 303x19 [color=#0000EE]
          RenderText {#text} at (52,0) size 303x19
            text run at (52,0) width 303: "http://bugs.webkit.org/show_bug.cgi?id=13169 "
        RenderText {#text} at (355,0) size 298x19
          text run at (355,0) width 298: "css-formatted first letter won't hide dynamically"
      RenderBlock {P} at (0,36) size 784x20
        RenderText {#text} at (0,0) size 416x19
          text run at (0,0) width 416: "The next line of text should become invisible, including first letter."
      RenderBlock {DIV} at (0,72) size 784x20
        RenderInline (generated) at (0,0) size 11x19 [color=#0000FF]
          RenderText at (0,0) size 11x19
            text run at (0,0) width 11: "C"
        RenderText {#text} at (11,0) size 70x19
          text run at (11,0) width 70: "lick to hide"
