layer at (0,0) size 800x600
  RenderView at (0,0) size 800x600
layer at (0,0) size 800x600
  RenderBlock {HTML} at (0,0) size 800x600
    RenderBody {BODY} at (8,8) size 784x576
      RenderBlock {P} at (0,0) size 784x40
        RenderText {#text} at (0,0) size 52x19
          text run at (0,0) width 52: "Test for "
        RenderInline {I} at (0,0) size 667x39
          RenderInline {A} at (0,0) size 301x19 [color=#0000EE]
            RenderText {#text} at (52,0) size 301x19
              text run at (52,0) width 301: "http://bugs.webkit.org/show_bug.cgi?id=14545"
          RenderText {#text} at (353,0) size 667x39
            text run at (353,0) width 4: " "
            text run at (357,0) width 310: "REGRESSION (r21854-r21869): Repro crash in"
            text run at (0,20) width 319: "RenderBlock::updateFirstLetter @ nola.com/rose/"
        RenderText {#text} at (319,20) size 4x19
          text run at (319,20) width 4: "."
      RenderBlock {P} at (0,56) size 784x20
        RenderText {#text} at (0,0) size 249x19
          text run at (0,0) width 249: "The following lines should be identical:"
      RenderBlock {DIV} at (0,92) size 784x20
        RenderInline (generated) at (0,0) size 9x19 [color=#008000]
          RenderText at (0,0) size 9x19
            text run at (0,0) width 9: "L"
        RenderText {#text} at (9,0) size 75x19
          text run at (9,0) width 75: "orem Ipsum"
      RenderBlock {P} at (0,128) size 784x20
        RenderInline {SPAN} at (0,0) size 9x19 [color=#008000]
          RenderText {#text} at (0,0) size 9x19
            text run at (0,0) width 9: "L"
        RenderText {#text} at (9,0) size 75x19
          text run at (9,0) width 75: "orem Ipsum"
