layer at (0,0) size 800x600
  RenderView at (0,0) size 800x600
layer at (0,0) size 800x84
  RenderBlock {HTML} at (0,0) size 800x84
    RenderBody {BODY} at (8,16) size 784x52
      RenderBlock {P} at (0,0) size 784x18
        RenderInline {A} at (0,0) size 29x17 [color=#0000FF]
          RenderInline (generated) at (0,0) size 10x17
            RenderText at (0,0) size 10x17
              text run at (0,0) width 10: "F"
          RenderText {#text} at (9,0) size 20x17
            text run at (9,0) width 20: "irst"
        RenderText {#text} at (28,0) size 191x17
          text run at (28,0) width 191: " letter should be bold and blue"
      RenderBlock {P} at (0,34) size 784x18
        RenderInline (generated) at (0,0) size 13x17
          RenderText at (0,0) size 13x17
            text run at (0,0) width 13: "H"
        RenderText {#text} at (12,0) size 617x17
          text run at (12,0) width 617: "ere the first letter should be bold and black, but with Safari build 416.13 it is blue. See bug #6170."
