layer at (0,0) size 800x600
  RenderView at (0,0) size 800x600
layer at (0,0) size 800x600
  RenderBlock {HTML} at (0,0) size 800x600
    RenderBody {BODY} at (8,8) size 784x576
      RenderBlock {P} at (0,0) size 784x40
        RenderText {#text} at (0,0) size 52x19
          text run at (0,0) width 52: "Test for "
        RenderInline {I} at (0,0) size 775x39
          RenderInline {A} at (0,0) size 301x19 [color=#0000EE]
            RenderText {#text} at (52,0) size 301x19
              text run at (52,0) width 301: "http://bugs.webkit.org/show_bug.cgi?id=17834"
          RenderText {#text} at (353,0) size 775x39
            text run at (353,0) width 4: " "
            text run at (357,0) width 418: "REGRESSION: floated first-letter does not work when included in"
            text run at (0,20) width 31: "table"
        RenderText {#text} at (31,20) size 4x19
          text run at (31,20) width 4: "."
      RenderBlock {P} at (0,56) size 784x20
        RenderText {#text} at (0,0) size 273x19
          text run at (0,0) width 273: "The following three lines should look like \x{201C}"
        RenderInline {SPAN} at (0,0) size 11x19 [color=#008000]
          RenderText {#text} at (273,0) size 11x19
            text run at (273,0) width 11: "A"
        RenderText {#text} at (284,0) size 27x19
          text run at (284,0) width 27: "-Z\x{201D}."
      RenderTable {TABLE} at (0,92) size 32x26
        RenderTableSection {TBODY} at (0,0) size 32x26
          RenderTableRow {TR} at (0,2) size 32x22
            RenderTableCell {TD} at (2,2) size 28x22 [r=0 c=0 rs=1 cs=1]
              RenderBlock {DIV} at (1,1) size 26x20
                RenderBlock {P} at (0,0) size 26x20
                  RenderBlock (floating) at (0,0) size 11x20 [color=#008000]
                    RenderText at (0,0) size 11x19
                      text run at (0,0) width 11: "A"
                  RenderText {#text} at (11,0) size 15x19
                    text run at (11,0) width 15: "-Z"
      RenderTable {TABLE} at (0,118) size 32x26
        RenderTableSection {TBODY} at (0,0) size 32x26
          RenderTableRow {TR} at (0,2) size 32x22
            RenderTableCell {TD} at (2,2) size 28x22 [r=0 c=0 rs=1 cs=1]
              RenderBlock {P} at (1,1) size 26x20
                RenderBlock (floating) at (0,0) size 11x20 [color=#008000]
                  RenderText at (0,0) size 11x19
                    text run at (0,0) width 11: "A"
                RenderText {#text} at (11,0) size 15x19
                  text run at (11,0) width 15: "-Z"
      RenderBlock {P} at (0,160) size 784x20
        RenderBlock (floating) at (0,0) size 11x20 [color=#008000]
          RenderText at (0,0) size 11x19
            text run at (0,0) width 11: "A"
        RenderText {#text} at (11,0) size 15x19
          text run at (11,0) width 15: "-Z"
