layer at (0,0) size 800x600
  RenderView at (0,0) size 800x600
layer at (0,0) size 800x600
  RenderBlock {HTML} at (0,0) size 800x600
    RenderBody {BODY} at (8,8) size 784x576
      RenderBlock {P} at (0,0) size 784x40
        RenderText {#text} at (0,0) size 52x19
          text run at (0,0) width 52: "Test for "
        RenderInline {I} at (0,0) size 725x39
          RenderInline {A} at (0,0) size 348x19 [color=#0000EE]
            RenderText {#text} at (52,0) size 348x19
              text run at (52,0) width 348: "http://bugzilla.opendarwin.org/show_bug.cgi?id=3560"
          RenderText {#text} at (400,0) size 725x39
            text run at (400,0) width 325: " page with use of first-letter crashes reproducibly in"
            text run at (0,20) width 189: "RenderObject::renderArena()"
        RenderText {#text} at (189,20) size 4x19
          text run at (189,20) width 4: "."
      RenderBlock {P} at (0,56) size 784x20
        RenderText {#text} at (0,0) size 230x19
          text run at (0,0) width 230: "The next three lines should all read \x{201C}"
        RenderInline {SPAN} at (0,0) size 9x19 [color=#0000FF]
          RenderText {#text} at (230,0) size 9x19
            text run at (230,0) width 9: "P"
        RenderText {#text} at (239,0) size 207x19
          text run at (239,0) width 207: "ASS\x{201D}, with nothing before the P."
      RenderBlock {P} at (0,110) size 784x20
        RenderInline (generated) at (0,0) size 9x19 [color=#0000FF]
          RenderText at (0,0) size 9x19
            text run at (0,0) width 9: "P"
        RenderText {#text} at (9,0) size 30x19
          text run at (9,0) width 30: "ASS"
      RenderBlock {P} at (0,146) size 784x20
        RenderInline (generated) at (0,0) size 9x19 [color=#0000FF]
          RenderText at (0,0) size 9x19
            text run at (0,0) width 9: "P"
        RenderText {#text} at (9,0) size 30x19
          text run at (9,0) width 30: "ASS"
      RenderBlock {P} at (0,182) size 784x20
        RenderInline (generated) at (0,0) size 9x19 [color=#0000FF]
          RenderText at (0,0) size 9x19
            text run at (0,0) width 9: "P"
        RenderText {#text} at (9,0) size 30x19
          text run at (9,0) width 30: "ASS"
layer at (8,100) size 784x2 clip at (0,0) size 0x0
  RenderBlock {HR} at (0,92) size 784x2 [border: (1px inset #000000)]
