layer at (0,0) size 800x600
  RenderView at (0,0) size 800x600
layer at (0,0) size 800x600
  RenderBlock {HTML} at (0,0) size 800x600 [color=#FF0000]
    RenderBody {BODY} at (8,8) size 784x544
      RenderBlock {P} at (0,0) size 784x73
        RenderInline (generated) at (0,0) size 35x53 [color=#008000] [bgcolor=#FFC0CB]
          RenderText at (0,1) size 35x53
            text run at (0,1) width 35: "A"
        RenderText {#text} at (34,1) size 191x53
          text run at (34,1) width 191: "BCDEFG"
        RenderBR {BR} at (224,1) size 1x53
        RenderInline {SPAN} at (0,0) size 225x17 [color=#000000]
          RenderText {#text} at (0,55) size 225x17
            text run at (0,55) width 225: "Hover over \"A\". It must stay green."
        RenderText {#text} at (0,0) size 0x0
