layer at (0,0) size 800x600
  RenderView at (0,0) size 800x600
layer at (0,0) size 800x600
  RenderBlock {HTML} at (0,0) size 800x600
    RenderBody {BODY} at (8,8) size 784x584
      RenderBlock {P} at (0,0) size 784x20
        RenderText {#text} at (0,0) size 52x19
          text run at (0,0) width 52: "Test for "
        RenderInline {A} at (0,0) size 295x19 [color=#0000EE]
          RenderText {#text} at (52,0) size 295x19
            text run at (52,0) width 295: "http://bugs.webkit.org/show_bug.cgi?id=4104 "
        RenderText {#text} at (347,0) size 248x19
          text run at (347,0) width 248: "first-letter not updating style with hover"
      RenderBlock {P} at (0,36) size 784x20
        RenderText {#text} at (0,0) size 391x19
          text run at (0,0) width 391: "The next line of text should turn green when we hover over it."
      RenderBlock {DIV} at (0,72) size 784x40 [color=#008000]
        RenderInline (generated) at (0,0) size 9x19 [color=#0000FF]
          RenderText at (0,0) size 9x19
            text run at (0,0) width 9: "T"
        RenderText {#text} at (9,0) size 774x39
          text run at (9,0) width 765: "he first letter of this paragraph should be larger than the rest. If you hover over this paragraph, all of the text (including the"
          text run at (0,20) width 501: "first letter) should turn green. If the first letter remains black, then there is a bug!"
