layer at (0,0) size 800x600
  RenderView at (0,0) size 800x600
layer at (0,0) size 800x600
  RenderBlock {HTML} at (0,0) size 800x600
    RenderBody {BODY} at (8,8) size 784x584
      RenderBlock {H3} at (0,0) size 784x23
        RenderText {#text} at (0,0) size 589x22
          text run at (0,0) width 589: "Test case for First-line text-decoration style inherited from Parent Block"
      RenderBlock {P} at (0,41) size 784x21
        RenderText {#text} at (0,0) size 450x19
          text run at (0,0) width 450: "The First line text and its text-decoration must be of the same color."
      RenderBlock {DIV} at (0,77) size 784x105 [color=#FF0000]
        RenderBlock {P} at (0,0) size 784x68 [color=#008000]
          RenderText {#text} at (0,10) size 632x27
            text run at (0,10) width 632: "Underline Underline Underline Underline"
          RenderBR {BR} at (632,10) size 0x27
          RenderText {#text} at (0,48) size 272x19
            text run at (0,48) width 272: "Underline Underline Underline Underline"
          RenderBR {BR} at (272,48) size 0x19
        RenderBlock (anonymous) at (0,84) size 784x20
          RenderText {#text} at (0,0) size 244x19
            text run at (0,0) width 244: "Underline Underline Underline Underline"
      RenderBlock (anonymous) at (0,181) size 784x21
        RenderBR {BR} at (0,0) size 0x19
      RenderBlock {DIV} at (0,217) size 784x105 [color=#FF0000]
        RenderBlock {P} at (0,0) size 784x68 [color=#008000]
          RenderText {#text} at (0,10) size 552x27
            text run at (0,10) width 552: "Overline Overline Overline Overline"
          RenderBR {BR} at (552,10) size 0x27
          RenderText {#text} at (0,48) size 244x19
            text run at (0,48) width 244: "Overline Overline Overline Overline"
          RenderBR {BR} at (244,48) size 0x19
        RenderBlock (anonymous) at (0,84) size 784x20
          RenderText {#text} at (0,0) size 216x19
            text run at (0,0) width 216: "Overline Overline Overline Overline"
      RenderBlock (anonymous) at (0,321) size 784x21
        RenderBR {BR} at (0,0) size 0x19
      RenderBlock {DIV} at (0,357) size 784x105 [color=#FF0000]
        RenderBlock {P} at (0,0) size 784x68 [color=#008000]
          RenderText {#text} at (0,10) size 713x27
            text run at (0,10) width 713: "Line-Through Line-Through Line-Through Line"
          RenderBR {BR} at (713,10) size 0x27
          RenderText {#text} at (0,48) size 376x19
            text run at (0,48) width 376: "Line-Through Line-Through Line-Through Line-Through"
          RenderBR {BR} at (376,48) size 0x19
        RenderBlock (anonymous) at (0,84) size 784x20
          RenderText {#text} at (0,0) size 340x19
            text run at (0,0) width 340: "Line-Through Line-Through Line-Through Line-Through"
      RenderBlock (anonymous) at (0,461) size 784x21
        RenderBR {BR} at (0,0) size 0x19
