layer at (0,0) size 800x600
  RenderView at (0,0) size 800x600
layer at (0,0) size 800x600
  RenderBlock {HTML} at (0,0) size 800x600
    RenderBody {BODY} at (8,8) size 784x584
      RenderBlock {DIV} at (0,0) size 160x160
        RenderText {#text} at (0,0) size 119x164
          text run at (0,0) width 164: "Assuming the port-specific "
          text run at (20,0) width 153: "theme draws focus rings, "
          text run at (40,0) width 158: "this test draws focus rings "
          text run at (60,0) width 149: "around editable multiline "
          text run at (80,0) width 131: "text in vertical writing "
          text run at (100,0) width 38: "mode."
caret: position 1 of child 0 {#text} of child 1 {DIV} of body
