layer at (0,0) size 800x600
  RenderView at (0,0) size 800x600
layer at (0,0) size 800x600
  RenderBlock {HTML} at (0,0) size 800x600
    RenderBody {BODY} at (8,8) size 784x584
      RenderBlock {P} at (0,0) size 784x18
        RenderText {#text} at (0,0) size 263x17
          text run at (0,0) width 263: "You should see the numbers 1 to 9 below."
      RenderBlock {DIV} at (0,34) size 784x50
        RenderText {#text} at (0,0) size 24x50
          text run at (0,0) width 24: "A"
      RenderBlock {DIV} at (0,84) size 784x50
        RenderText {#text} at (0,0) size 26x50
          text run at (0,0) width 26: "A"
      RenderBlock {DIV} at (0,134) size 784x50
        RenderText {#text} at (0,0) size 27x50
          text run at (0,0) width 27: "A"
      RenderBlock {DIV} at (0,184) size 784x50
        RenderText {#text} at (0,0) size 28x50
          text run at (0,0) width 28: "A"
      RenderBlock {DIV} at (0,234) size 784x50
        RenderText {#text} at (0,0) size 29x50
          text run at (0,0) width 29: "A"
      RenderBlock {DIV} at (0,284) size 784x50
        RenderText {#text} at (0,0) size 30x50
          text run at (0,0) width 30: "A"
      RenderBlock {DIV} at (0,334) size 784x50
        RenderText {#text} at (0,0) size 31x50
          text run at (0,0) width 31: "A"
      RenderBlock {DIV} at (0,384) size 784x50
        RenderText {#text} at (0,0) size 32x50
          text run at (0,0) width 32: "A"
      RenderBlock {DIV} at (0,434) size 784x50
        RenderText {#text} at (0,0) size 33x50
          text run at (0,0) width 33: "A"
