layer at (0,0) size 800x600
  RenderView at (0,0) size 800x600
layer at (0,0) size 800x600
  RenderBlock {HTML} at (0,0) size 800x600
    RenderBody {BODY} at (8,8) size 784x576
      RenderBlock {P} at (0,0) size 784x40
        RenderText {#text} at (0,0) size 51x19
          text run at (0,0) width 51: "Test for "
        RenderInline {I} at (0,0) size 758x39
          RenderInline {A} at (0,0) size 311x19 [color=#0000EE]
            RenderText {#text} at (51,0) size 311x19
              text run at (51,0) width 311: "https://bugs.webkit.org/show_bug.cgi?id=34147"
          RenderText {#text} at (362,0) size 758x39
            text run at (362,0) width 396: " If @font-face does not provide an explicit italic/bold variant,"
            text run at (0,20) width 94: "regular is used"
        RenderText {#text} at (94,20) size 4x19
          text run at (94,20) width 4: "."
      RenderBlock {P} at (0,56) size 784x20
        RenderText {#text} at (0,0) size 84x19
          text run at (0,0) width 84: "Ahem regular:"
      RenderBlock {P} at (0,92) size 784x16
        RenderText {#text} at (0,0) size 192x16
          text run at (0,0) width 192: "Ahem regular"
      RenderBlock {P} at (0,124) size 784x20
        RenderText {#text} at (0,0) size 126x19
          text run at (0,0) width 126: "Ahem synthetic bold:"
      RenderBlock (anonymous) at (0,160) size 784x0
        RenderInline {STRONG} at (0,0) size 0x0
      RenderBlock (anonymous) at (0,160) size 784x16
        RenderBlock {P} at (0,0) size 784x16
          RenderText {#text} at (0,0) size 323x16
            text run at (0,0) width 323: "Ahem synthetic bold"
      RenderBlock (anonymous) at (0,192) size 784x0
        RenderInline {STRONG} at (0,0) size 0x0
        RenderText {#text} at (0,0) size 0x0
      RenderBlock {P} at (0,192) size 784x20
        RenderText {#text} at (0,0) size 126x19
          text run at (0,0) width 126: "Ahem synthetic italic:"
      RenderBlock (anonymous) at (0,228) size 784x0
        RenderInline {I} at (0,0) size 0x0
      RenderBlock (anonymous) at (0,228) size 784x18
        RenderBlock {P} at (0,0) size 784x18
          RenderText {#text} at (0,0) size 336x18
            text run at (0,0) width 336: "Ahem synthetic italic"
      RenderBlock (anonymous) at (0,262) size 784x0
        RenderInline {I} at (0,0) size 0x0
        RenderText {#text} at (0,0) size 0x0
      RenderBlock {P} at (0,262) size 784x20
        RenderText {#text} at (0,0) size 157x19
          text run at (0,0) width 157: "Ahem synthetic bold italic:"
      RenderBlock (anonymous) at (0,298) size 784x0
        RenderInline {STRONG} at (0,0) size 0x0
          RenderInline {I} at (0,0) size 0x0
      RenderBlock (anonymous) at (0,298) size 784x18
        RenderBlock {P} at (0,0) size 784x18
          RenderText {#text} at (0,0) size 442x18
            text run at (0,0) width 442: "Ahem synthetic bold italic"
      RenderBlock (anonymous) at (0,332) size 784x0
        RenderInline {STRONG} at (0,0) size 0x0
          RenderInline {I} at (0,0) size 0x0
        RenderText {#text} at (0,0) size 0x0
        RenderText {#text} at (0,0) size 0x0
