layer at (0,0) size 800x600
  RenderView at (0,0) size 800x600
layer at (0,0) size 800x600
  RenderBlock {HTML} at (0,0) size 800x600
    RenderBody {BODY} at (8,8) size 784x584
      RenderBlock {P} at (0,0) size 784x40
        RenderText {#text} at (0,0) size 778x39
          text run at (0,0) width 480: "This tests that when @font-face rules with unicode-range are specified for a "
          text run at (480,0) width 298: "font that exists on the system, the system font is"
          text run at (0,20) width 141: "used for all characters "
          text run at (141,20) width 154: "not explictly overridden."
      RenderBlock {P} at (0,56) size 784x20
        RenderText {#text} at (0,0) size 510x19
          text run at (0,0) width 443: "In the next line, the digits should be in Times, but the letters should be "
          text run at (443,0) width 67: "in Courier."
      RenderBlock (anonymous) at (0,92) size 784x28
        RenderInline {SPAN} at (0,0) size 279x27
          RenderText {#text} at (0,0) size 279x27
            text run at (0,0) width 279: "ABCDEFGHIJ 1234567890"
        RenderText {#text} at (0,0) size 0x0
