layer at (0,0) size 800x600
  RenderView at (0,0) size 800x600
layer at (0,0) size 800x600
  RenderBlock {HTML} at (0,0) size 800x600
    RenderBody {BODY} at (8,8) size 784x576
      RenderBlock {P} at (0,0) size 784x20
        RenderText {#text} at (0,0) size 52x19
          text run at (0,0) width 52: "Test for "
        RenderInline {I} at (0,0) size 716x19
          RenderInline {A} at (0,0) size 348x19 [color=#0000EE]
            RenderText {#text} at (52,0) size 348x19
              text run at (52,0) width 348: "http://bugzilla.opendarwin.org/show_bug.cgi?id=9341"
          RenderText {#text} at (400,0) size 368x19
            text run at (400,0) width 4: " "
            text run at (404,0) width 364: "REGRESSION: Repro crash caused by style=\"font:bold\""
        RenderText {#text} at (768,0) size 4x19
          text run at (768,0) width 4: "."
      RenderBlock {P} at (0,36) size 784x20
        RenderText {#text} at (0,0) size 125x19
          text run at (0,0) width 125: "PASS (didn\x{2019}t crash)"
