layer at (0,0) size 800x600
  RenderView at (0,0) size 800x600
layer at (0,0) size 800x461
  RenderBlock {HTML} at (0,0) size 800x461
    RenderBody {BODY} at (8,16) size 784x429
      RenderBlock {P} at (0,0) size 784x20
        RenderText {#text} at (0,0) size 456x19
          text run at (0,0) width 456: "Fails indicate that the font property specification is invalid in strict mode."
      RenderBlock {P} at (0,52) size 784x37
        RenderText {#text} at (0,0) size 220x36
          text run at (0,0) width 220: "24pt italic = 24pt"
      RenderBlock {P} at (0,121) size 784x20
        RenderText {#text} at (0,0) size 143x19
          text run at (0,0) width 143: "24pt italic Arial = 24pt"
      RenderBlock {P} at (0,157) size 784x20
        RenderText {#text} at (0,0) size 185x19
          text run at (0,0) width 185: "24pt italic 'Arial' = 24pt Arial"
      RenderBlock {P} at (0,193) size 784x20
        RenderText {#text} at (0,0) size 105x19
          text run at (0,0) width 105: "italic 24pt = fails"
      RenderBlock {P} at (0,229) size 784x20
        RenderText {#text} at (0,0) size 214x19
          text run at (0,0) width 214: "italic 24pt Arial = 24pt Arial Italic"
      RenderBlock {P} at (0,265) size 784x20
        RenderText {#text} at (0,0) size 220x19
          text run at (0,0) width 220: "italic 24pt 'Arial' = 24pt Arial Italic"
      RenderBlock {P} at (0,301) size 784x20
        RenderText {#text} at (0,0) size 141x19
          text run at (0,0) width 141: "Arial 24pt italic = fails"
      RenderBlock {P} at (0,337) size 784x20
        RenderText {#text} at (0,0) size 147x19
          text run at (0,0) width 147: "'Arial' 24pt italic = fails"
      RenderBlock {P} at (0,373) size 784x20
        RenderText {#text} at (0,0) size 141x19
          text run at (0,0) width 141: "Arial italic 24pt = fails"
      RenderBlock {P} at (0,409) size 784x20
        RenderText {#text} at (0,0) size 147x19
          text run at (0,0) width 147: "'Arial' italic 24pt = fails"
