layer at (0,0) size 800x600
  RenderView at (0,0) size 800x600
layer at (0,0) size 800x600
  RenderBlock {HTML} at (0,0) size 800x600
    RenderBody {BODY} at (8,8) size 784x584
      RenderBlock {P} at (0,0) size 784x18
        RenderText {#text} at (0,0) size 175x17
          text run at (0,0) width 175: "Each font name in that font:"
      RenderBlock {DIV} at (4,34) size 776x27 [border: (1px solid #ADD8E6)]
        RenderInline {B} at (0,0) size 109x18
          RenderText {#text} at (1,3) size 109x18
            text run at (1,3) width 109: "Helvetica bold"
        RenderText {#text} at (109,3) size 77x18
          text run at (109,3) width 77: " Helvetica "
        RenderInline {I} at (0,0) size 382x18
          RenderText {#text} at (185,5) size 200x18
            text run at (185,5) width 200: "Courier syn. italic "
          RenderInline {B} at (0,0) size 183x25
            RenderText {#text} at (384,1) size 183x25
              text run at (384,1) width 183: "Papyrus syn. bold syn. italic"
        RenderText {#text} at (0,0) size 0x0
      RenderBlock {DIV} at (4,65) size 776x52 [border: (1px solid #ADD8E6)]
        RenderInline {SPAN} at (0,0) size 70x18
          RenderText {#text} at (1,5) size 70x18
            text run at (1,5) width 70: "Courier"
        RenderText {#text} at (71,5) size 10x18
          text run at (71,5) width 10: " "
        RenderInline {SPAN} at (0,0) size 71x18
          RenderText {#text} at (80,5) size 71x18
            text run at (80,5) width 71: "Courier"
        RenderText {#text} at (150,5) size 11x18
          text run at (150,5) width 11: " "
        RenderInline {SPAN} at (0,0) size 71x18
          RenderText {#text} at (160,5) size 71x18
            text run at (160,5) width 71: "Courier"
        RenderText {#text} at (230,5) size 10x18
          text run at (230,5) width 10: " "
        RenderInline {SPAN} at (0,0) size 71x18
          RenderText {#text} at (239,5) size 71x18
            text run at (239,5) width 71: "Courier"
        RenderText {#text} at (309,5) size 11x18
          text run at (309,5) width 11: " "
        RenderInline {SPAN} at (0,0) size 71x18
          RenderText {#text} at (319,5) size 71x18
            text run at (319,5) width 71: "Courier"
        RenderText {#text} at (389,5) size 11x18
          text run at (389,5) width 11: " "
        RenderInline {SPAN} at (0,0) size 111x18
          RenderText {#text} at (399,3) size 111x18
            text run at (399,3) width 111: "Helvetica Bold"
        RenderText {#text} at (509,5) size 11x18
          text run at (509,5) width 11: " "
        RenderInline {SPAN} at (0,0) size 111x18
          RenderText {#text} at (519,3) size 111x18
            text run at (519,3) width 111: "Helvetica Bold"
        RenderText {#text} at (629,5) size 11x18
          text run at (629,5) width 11: " "
        RenderInline {SPAN} at (0,0) size 119x25
          RenderText {#text} at (639,1) size 119x25
            text run at (639,1) width 119: "Papyrus syn. bold"
        RenderText {#text} at (0,0) size 0x0
        RenderInline {SPAN} at (0,0) size 119x25
          RenderText {#text} at (1,26) size 119x25
            text run at (1,26) width 119: "Papyrus syn. bold"
        RenderText {#text} at (0,0) size 0x0
      RenderBlock {DIV} at (4,121) size 776x41 [border: (1px solid #ADD8E6)]
        RenderInline {SPAN} at (0,0) size 70x18
          RenderText {#text} at (1,3) size 70x18
            text run at (1,3) width 70: "Courier"
        RenderText {#text} at (71,3) size 10x18
          text run at (71,3) width 10: " "
        RenderInline {SPAN} at (0,0) size 71x18
          RenderText {#text} at (80,3) size 71x18
            text run at (80,3) width 71: "Courier"
        RenderText {#text} at (150,3) size 11x18
          text run at (150,3) width 11: " "
        RenderInline {SPAN} at (0,0) size 71x18
          RenderText {#text} at (160,3) size 71x18
            text run at (160,3) width 71: "Courier"
        RenderText {#text} at (230,3) size 10x18
          text run at (230,3) width 10: " "
        RenderInline {SPAN} at (0,0) size 71x18
          RenderText {#text} at (239,3) size 71x18
            text run at (239,3) width 71: "Courier"
        RenderText {#text} at (309,3) size 11x18
          text run at (309,3) width 11: " "
        RenderInline {SPAN} at (0,0) size 71x18
          RenderText {#text} at (319,3) size 71x18
            text run at (319,3) width 71: "Courier"
        RenderText {#text} at (389,3) size 11x18
          text run at (389,3) width 11: " "
        RenderInline {SPAN} at (0,0) size 111x18
          RenderText {#text} at (399,1) size 111x18
            text run at (399,1) width 111: "Helvetica Bold"
        RenderText {#text} at (509,3) size 11x18
          text run at (509,3) width 11: " "
        RenderInline {SPAN} at (0,0) size 111x18
          RenderText {#text} at (519,1) size 111x18
            text run at (519,1) width 111: "Helvetica Bold"
        RenderText {#text} at (629,3) size 11x18
          text run at (629,3) width 11: " "
        RenderInline {SPAN} at (0,0) size 111x18
          RenderText {#text} at (639,1) size 111x18
            text run at (639,1) width 111: "Helvetica Bold"
        RenderText {#text} at (0,0) size 0x0
        RenderInline {SPAN} at (0,0) size 111x18
          RenderText {#text} at (1,21) size 111x18
            text run at (1,21) width 111: "Helvetica Bold"
        RenderText {#text} at (0,0) size 0x0
      RenderBlock {DIV} at (4,166) size 776x41 [border: (1px solid #ADD8E6)]
        RenderInline {SPAN} at (0,0) size 70x18
          RenderText {#text} at (1,3) size 70x18
            text run at (1,3) width 70: "Courier"
        RenderText {#text} at (71,3) size 10x18
          text run at (71,3) width 10: " "
        RenderInline {SPAN} at (0,0) size 71x18
          RenderText {#text} at (80,3) size 71x18
            text run at (80,3) width 71: "Courier"
        RenderText {#text} at (150,3) size 11x18
          text run at (150,3) width 11: " "
        RenderInline {SPAN} at (0,0) size 71x18
          RenderText {#text} at (160,3) size 71x18
            text run at (160,3) width 71: "Courier"
        RenderText {#text} at (230,3) size 10x18
          text run at (230,3) width 10: " "
        RenderInline {SPAN} at (0,0) size 71x18
          RenderText {#text} at (239,3) size 71x18
            text run at (239,3) width 71: "Courier"
        RenderText {#text} at (309,3) size 11x18
          text run at (309,3) width 11: " "
        RenderInline {SPAN} at (0,0) size 71x18
          RenderText {#text} at (319,3) size 71x18
            text run at (319,3) width 71: "Courier"
        RenderText {#text} at (389,3) size 11x18
          text run at (389,3) width 11: " "
        RenderInline {SPAN} at (0,0) size 111x18
          RenderText {#text} at (399,1) size 111x18
            text run at (399,1) width 111: "Helvetica Bold"
        RenderText {#text} at (509,3) size 11x18
          text run at (509,3) width 11: " "
        RenderInline {SPAN} at (0,0) size 111x18
          RenderText {#text} at (519,1) size 111x18
            text run at (519,1) width 111: "Helvetica Bold"
        RenderText {#text} at (629,3) size 11x18
          text run at (629,3) width 11: " "
        RenderInline {SPAN} at (0,0) size 111x18
          RenderText {#text} at (639,1) size 111x18
            text run at (639,1) width 111: "Helvetica Bold"
        RenderText {#text} at (0,0) size 0x0
        RenderInline {SPAN} at (0,0) size 111x18
          RenderText {#text} at (1,21) size 111x18
            text run at (1,21) width 111: "Helvetica Bold"
        RenderText {#text} at (0,0) size 0x0
      RenderBlock {P} at (0,223) size 784x18
        RenderText {#text} at (0,0) size 223x17
          text run at (0,0) width 223: "Times followed by Ahem (normal):"
      RenderBlock {DIV} at (4,257) size 776x20 [border: (1px solid #ADD8E6)]
        RenderText {#text} at (1,1) size 42x17
          text run at (1,1) width 42: "Times "
        RenderInline {I} at (0,0) size 64x16
          RenderText {#text} at (43,2) size 64x16
            text run at (43,2) width 64: "AHEM"
        RenderText {#text} at (0,0) size 0x0
      RenderBlock {P} at (0,293) size 784x18
        RenderText {#text} at (0,0) size 101x17
          text run at (0,0) width 101: "Ahem (normal):"
      RenderBlock {DIV} at (4,327) size 776x18 [border: (1px solid #ADD8E6)]
        RenderText {#text} at (1,1) size 80x16
          text run at (1,1) width 80: "AHEM "
        RenderInline {I} at (0,0) size 64x16
          RenderText {#text} at (81,1) size 64x16
            text run at (81,1) width 64: "AHEM"
        RenderText {#text} at (0,0) size 0x0
      RenderBlock {P} at (0,361) size 784x18
        RenderText {#text} at (0,0) size 326x17
          text run at (0,0) width 326: "Ahem (normal) followed by Ahem (synthetic bold):"
      RenderBlock {DIV} at (4,395) size 776x18 [border: (1px solid #ADD8E6)]
        RenderText {#text} at (1,1) size 80x16
          text run at (1,1) width 80: "AHEM "
        RenderInline {B} at (0,0) size 68x16
          RenderText {#text} at (81,1) size 68x16
            text run at (81,1) width 68: "AHEM"
        RenderText {#text} at (0,0) size 0x0
      RenderBlock {P} at (0,429) size 784x18
        RenderText {#text} at (0,0) size 334x17
          text run at (0,0) width 334: "Ahem (normal) followed by Ahem (synthetic italics):"
      RenderBlock {DIV} at (4,463) size 776x18 [border: (1px solid #ADD8E6)]
        RenderText {#text} at (1,1) size 80x16
          text run at (1,1) width 80: "AHEM "
        RenderInline {I} at (0,0) size 64x16
          RenderText {#text} at (81,1) size 64x16
            text run at (81,1) width 64: "AHEM"
        RenderText {#text} at (0,0) size 0x0
