layer at (0,0) size 800x600
  RenderView at (0,0) size 800x600
layer at (0,0) size 800x600
  RenderBlock {HTML} at (0,0) size 800x600
    RenderBody {BODY} at (8,8) size 784x584
      RenderBlock {P} at (0,0) size 784x40
        RenderText {#text} at (0,0) size 51x19
          text run at (0,0) width 51: "Test for "
        RenderInline {I} at (0,0) size 758x39
          RenderInline {A} at (0,0) size 311x19 [color=#0000EE]
            RenderText {#text} at (51,0) size 311x19
              text run at (51,0) width 311: "https://bugs.webkit.org/show_bug.cgi?id=34147"
          RenderText {#text} at (362,0) size 758x39
            text run at (362,0) width 396: " If @font-face does not provide an explicit italic/bold variant,"
            text run at (0,20) width 94: "regular is used"
        RenderText {#text} at (94,20) size 4x19
          text run at (94,20) width 4: "."
      RenderBlock {P} at (0,56) size 784x40
        RenderText {#text} at (0,0) size 310x19
          text run at (0,0) width 310: "Checks if WebKit font matching algorithm matches "
        RenderInline {A} at (0,0) size 162x19 [color=#0000EE]
          RenderText {#text} at (310,0) size 162x19
            text run at (310,0) width 162: "the latest CSS3 Fonts WD"
        RenderText {#text} at (472,0) size 766x39
          text run at (472,0) width 294: ". If the test passes, all 14 glyphs below should be"
          text run at (0,20) width 86: "black squares:"
      RenderBlock (anonymous) at (0,112) size 784x20
        RenderInline {SPAN} at (0,0) size 16x16
          RenderText {#text} at (0,2) size 16x16
            text run at (0,2) width 16: "A"
        RenderText {#text} at (16,0) size 4x19
          text run at (16,0) width 4: " "
        RenderInline {SPAN} at (0,0) size 16x16
          RenderText {#text} at (20,2) size 16x16
            text run at (20,2) width 16: "A"
        RenderText {#text} at (36,0) size 4x19
          text run at (36,0) width 4: " "
        RenderInline {SPAN} at (0,0) size 16x16
          RenderText {#text} at (40,2) size 16x16
            text run at (40,2) width 16: "A"
        RenderText {#text} at (56,0) size 4x19
          text run at (56,0) width 4: " "
        RenderInline {SPAN} at (0,0) size 16x16
          RenderText {#text} at (60,2) size 16x16
            text run at (60,2) width 16: "A"
        RenderText {#text} at (76,0) size 4x19
          text run at (76,0) width 4: " "
        RenderInline {SPAN} at (0,0) size 16x16
          RenderText {#text} at (80,2) size 16x16
            text run at (80,2) width 16: "A"
        RenderText {#text} at (96,0) size 4x19
          text run at (96,0) width 4: " "
        RenderInline {SPAN} at (0,0) size 16x16
          RenderText {#text} at (100,2) size 16x16
            text run at (100,2) width 16: "A"
        RenderText {#text} at (116,0) size 4x19
          text run at (116,0) width 4: " "
        RenderText {#text} at (0,0) size 0x0
        RenderInline {SPAN} at (0,0) size 16x16
          RenderText {#text} at (120,2) size 16x16
            text run at (120,2) width 16: "A"
        RenderText {#text} at (136,0) size 4x19
          text run at (136,0) width 4: " "
        RenderInline {SPAN} at (0,0) size 16x16
          RenderText {#text} at (140,2) size 16x16
            text run at (140,2) width 16: "A"
        RenderText {#text} at (156,0) size 4x19
          text run at (156,0) width 4: " "
        RenderText {#text} at (0,0) size 0x0
        RenderInline {SPAN} at (0,0) size 16x16
          RenderText {#text} at (160,2) size 16x16
            text run at (160,2) width 16: "A"
        RenderText {#text} at (176,0) size 4x19
          text run at (176,0) width 4: " "
        RenderInline {SPAN} at (0,0) size 18x16
          RenderText {#text} at (180,2) size 18x16
            text run at (180,2) width 18: "A"
        RenderText {#text} at (198,0) size 4x19
          text run at (198,0) width 4: " "
        RenderText {#text} at (0,0) size 0x0
        RenderInline {SPAN} at (0,0) size 16x16
          RenderText {#text} at (202,2) size 16x16
            text run at (202,2) width 16: "A"
        RenderText {#text} at (218,0) size 4x19
          text run at (218,0) width 4: " "
        RenderInline {SPAN} at (0,0) size 16x16
          RenderText {#text} at (222,2) size 16x16
            text run at (222,2) width 16: "A"
        RenderText {#text} at (238,0) size 4x19
          text run at (238,0) width 4: " "
        RenderText {#text} at (0,0) size 0x0
        RenderInline {SPAN} at (0,0) size 16x16
          RenderText {#text} at (242,2) size 16x16
            text run at (242,2) width 16: "A"
        RenderText {#text} at (258,0) size 4x19
          text run at (258,0) width 4: " "
        RenderInline {SPAN} at (0,0) size 16x16
          RenderText {#text} at (262,2) size 16x16
            text run at (262,2) width 16: "A"
        RenderText {#text} at (0,0) size 0x0
        RenderText {#text} at (0,0) size 0x0
