layer at (0,0) size 800x600
  RenderView at (0,0) size 800x600
layer at (0,0) size 800x600
  RenderBlock {HTML} at (0,0) size 800x600
    RenderBody {BODY} at (8,8) size 784x576
      RenderBlock {DIV} at (0,0) size 784x20
        RenderInline {SPAN} at (0,0) size 225x19 [color=#FF0000]
          RenderText {#text} at (0,0) size 225x19
            text run at (0,0) width 225: "This should turn red when hovered."
        RenderText {#text} at (0,0) size 0x0
      RenderBlock {P} at (0,46) size 784x40
        RenderText {#text} at (0,0) size 52x19
          text run at (0,0) width 52: "Test for "
        RenderInline {I} at (0,0) size 778x39
          RenderInline {A} at (0,0) size 348x19 [color=#0000EE]
            RenderText {#text} at (52,0) size 348x19
              text run at (52,0) width 348: "http://bugzilla.opendarwin.org/show_bug.cgi?id=7327"
          RenderText {#text} at (400,0) size 778x39
            text run at (400,0) width 378: " REGRESSION (r12869): :hover subselector does not work"
            text run at (0,20) width 94: "in quirks mode"
        RenderText {#text} at (94,20) size 98x19
          text run at (94,20) width 98: ". This tests that "
        RenderInline {CODE} at (0,0) size 96x16
          RenderText {#text} at (192,23) size 96x16
            text run at (192,23) width 96: "span#t:hover"
        RenderText {#text} at (288,20) size 170x19
          text run at (288,20) width 170: " matches the hovered span."
layer at (8,36) size 784x2 clip at (0,0) size 0x0
  RenderBlock {HR} at (0,28) size 784x2 [border: (1px inset #000000)]
