layer at (0,0) size 800x600
  RenderView at (0,0) size 800x600
layer at (0,0) size 800x600
  RenderBlock {HTML} at (0,0) size 800x600
    RenderBody {BODY} at (8,8) size 784x584
      RenderTextControl {INPUT} at (0,0) size 462x80 [bgcolor=#FFFFFF] [border: (2px inset #808080)]
        RenderFlexibleBox {DIV} at (3,3) size 456x45
          RenderBlock {DIV} at (0,22) size 0x0
          RenderBlock {DIV} at (0,0) size 416x45
      RenderBR {BR} at (462,26) size 0x17
      RenderTextControl {INPUT} at (0,80) size 462x80 [bgcolor=#FFFFFF] [border: (2px inset #808080)]
      RenderBR {BR} at (462,106) size 0x17
      RenderTextControl {INPUT} at (0,160) size 240x25 [bgcolor=#FFFFFF] [border: (2px inset #808080)]
        RenderFlexibleBox {DIV} at (6,1) size 228x23
          RenderBlock {DIV} at (0,0) size 228x22
layer at (11,11) size 416x45
  RenderBlock {DIV} at (0,0) size 416x45
    RenderText {#text} at (0,0) size 361x45
      text run at (0,0) width 361: "value jgq not clipped"
layer at (11,91) size 456x45
  RenderBlock {DIV} at (3,3) size 456x45
    RenderText {#text} at (0,0) size 361x45
      text run at (0,0) width 361: "value jgq not clipped"
layer at (14,170) size 228x22
  RenderBlock {DIV} at (0,0) size 228x22
    RenderText {#text} at (0,0) size 119x22
      text run at (0,0) width 119: "Sample Input"
layer at (427,14) size 40x40
  RenderBlock {DIV} at (416,2) size 40x41 [bgcolor=#000000]
