layer at (0,0) size 800x600
  RenderView at (0,0) size 800x600
layer at (0,0) size 800x600
  RenderBlock {HTML} at (0,0) size 800x600
    RenderBody {BODY} at (8,8) size 784x576
      RenderBlock {P} at (0,0) size 784x20
        RenderInline {A} at (0,0) size 58x19 [color=#0000EE]
          RenderText {#text} at (0,0) size 58x19
            text run at (0,0) width 58: "bug 7118"
        RenderText {#text} at (58,0) size 340x19
          text run at (58,0) width 340: ": Wrong property values do not get invalidated correctly."
      RenderBlock (anonymous) at (0,36) size 784x0
        RenderInline {DIV} at (0,0) size 0x0
          RenderText {#text} at (0,0) size 0x0
        RenderText {#text} at (0,0) size 0x0
layer at (8,44) size 200x200 clip at (8,44) size 185x200
  RenderBlock (floating) {DIV} at (0,0) size 200x200 [color=#FFFFFF] [bgcolor=#006400]
    RenderText {#text} at (0,0) size 183x128
      text run at (0,0) width 163: "this text should be left-"
      text run at (0,16) width 161: "aligned, all lower-case,"
      text run at (0,32) width 171: "normal font, white, 14px,"
      text run at (0,48) width 183: "bold, normally spaced and"
      text run at (0,64) width 171: "wrapped, in a darkgreen"
      text run at (0,80) width 103: "200x200px div "
      text run at (103,80) width 67: "in the top"
      text run at (0,96) width 129: "left corner with no"
      text run at (0,112) width 140: "borders or outlines."
