layer at (0,0) size 785x2960
  RenderView at (0,0) size 785x600
layer at (0,0) size 785x2960
  RenderBlock {HTML} at (0,0) size 785x2960
    RenderBody {BODY} at (8,16) size 769x2896 [bgcolor=#FFFFFF]
      RenderBlock {P} at (0,0) size 769x19
        RenderText {#text} at (0,0) size 165x18
          text run at (0,0) width 165: "This page is part of the "
        RenderInline {A} at (0,0) size 73x18 [color=#0000EE]
          RenderText {#text} at (165,0) size 73x18
            text run at (165,0) width 73: "CSS3.info"
        RenderText {#text} at (238,0) size 4x18
          text run at (238,0) width 4: " "
        RenderInline {A} at (0,0) size 131x18 [color=#0000EE]
          RenderText {#text} at (242,0) size 131x18
            text run at (242,0) width 131: "CSS selectors test"
        RenderText {#text} at (373,0) size 133x18
          text run at (373,0) width 133: ". See more info on "
        RenderInline {A} at (0,0) size 111x18 [color=#0000EE]
          RenderText {#text} at (506,0) size 111x18
            text run at (506,0) width 111: "CSS3 selectors"
        RenderText {#text} at (617,0) size 4x18
          text run at (617,0) width 4: "."
      RenderBlock {DIV} at (0,35) size 769x0 [bgcolor=#009900]
      RenderBlock {OL} at (0,35) size 769x2861
        RenderListItem {LI} at (40,0) size 616x216 [bgcolor=#AAAAAA]
          RenderBlock {DIV} at (16,16) size 584x24 [bgcolor=#990000]
            RenderBlock {DIV} at (0,0) size 584x24 [bgcolor=#009900]
          RenderBlock {PRE} at (16,53) size 584x77 [bgcolor=#FFFFFF]
            RenderListMarker at (-38,3) size 17x19: "1"
            RenderText {#text} at (6,6) size 281x65
              text run at (6,6) width 145: "div:last-of-type {"
              text run at (150,6) width 1: " "
              text run at (6,22) width 9: "}"
              text run at (14,22) width 1: " "
              text run at (6,38) width 1: " "
              text run at (6,54) width 281: "<div>Does this element match?</div>"
          RenderBlock {P} at (16,146) size 584x38
            RenderText {#text} at (0,0) size 551x37
              text run at (0,0) width 551: "The CSS selector should match the marked div element, because it is the only"
              text run at (0,19) width 137: "element of this type"
        RenderListItem {LI} at (40,264) size 616x232 [bgcolor=#AAAAAA]
          RenderBlock {DIV} at (16,16) size 584x24 [bgcolor=#990000]
            RenderBlock {DIV} at (0,0) size 584x0
            RenderBlock {DIV} at (0,0) size 584x24 [bgcolor=#009900]
          RenderBlock {PRE} at (16,53) size 584x93 [bgcolor=#FFFFFF]
            RenderListMarker at (-38,3) size 17x19: "2"
            RenderText {#text} at (6,6) size 281x81
              text run at (6,6) width 145: "div:last-of-type {"
              text run at (150,6) width 1: " "
              text run at (6,22) width 9: "}"
              text run at (14,22) width 1: " "
              text run at (6,38) width 1: " "
              text run at (6,54) width 89: "<div></div>"
              text run at (94,54) width 1: " "
              text run at (6,70) width 281: "<div>Does this element match?</div>"
          RenderBlock {P} at (16,162) size 584x38
            RenderText {#text} at (0,0) size 546x37
              text run at (0,0) width 546: "The CSS selector should match the marked div element, because it is the last"
              text run at (0,19) width 137: "element of this type"
        RenderListItem {LI} at (40,544) size 616x232 [bgcolor=#AAAAAA]
          RenderBlock {DIV} at (16,16) size 584x24 [bgcolor=#990000]
            RenderBlock {DIV} at (0,0) size 584x24 [bgcolor=#009900]
            RenderBlock {BLOCKQUOTE} at (0,24) size 584x0 [bgcolor=#009900]
          RenderBlock {PRE} at (16,53) size 584x93 [bgcolor=#FFFFFF]
            RenderListMarker at (-38,3) size 17x19: "3"
            RenderText {#text} at (6,6) size 281x81
              text run at (6,6) width 145: "div:last-of-type {"
              text run at (150,6) width 1: " "
              text run at (6,22) width 9: "}"
              text run at (14,22) width 1: " "
              text run at (6,38) width 1: " "
              text run at (6,54) width 281: "<div>Does this element match?</div>"
              text run at (286,54) width 1: " "
              text run at (6,70) width 201: "<blockquote></blockquote>"
          RenderBlock {P} at (16,162) size 584x38
            RenderText {#text} at (0,0) size 546x37
              text run at (0,0) width 546: "The CSS selector should match the marked div element, because it is the last"
              text run at (0,19) width 137: "element of this type"
        RenderListItem {LI} at (40,824) size 616x264 [bgcolor=#AAAAAA]
          RenderBlock {DIV} at (16,16) size 584x24 [bgcolor=#990000]
            RenderBlock {BLOCKQUOTE} at (0,0) size 584x24 [bgcolor=#009900]
              RenderBlock {DIV} at (0,0) size 584x24
            RenderBlock {DIV} at (0,24) size 584x0 [bgcolor=#009900]
          RenderBlock {PRE} at (16,53) size 584x125 [bgcolor=#FFFFFF]
            RenderListMarker at (-38,3) size 17x19: "4"
            RenderText {#text} at (6,6) size 305x113
              text run at (6,6) width 145: "div:last-of-type {"
              text run at (150,6) width 1: " "
              text run at (6,22) width 9: "}"
              text run at (14,22) width 1: " "
              text run at (6,38) width 1: " "
              text run at (6,54) width 97: "<blockquote>"
              text run at (102,54) width 1: " "
              text run at (6,70) width 305: "   <div>Does this element match?</div>"
              text run at (310,70) width 1: " "
              text run at (6,86) width 105: "</blockquote>"
              text run at (110,86) width 1: " "
              text run at (6,102) width 89: "<div></div>"
          RenderBlock {P} at (16,194) size 584x38
            RenderText {#text} at (0,0) size 546x37
              text run at (0,0) width 546: "The CSS selector should match the marked div element, because it is the last"
              text run at (0,19) width 230: "element of this type in this scope"
        RenderListItem {LI} at (40,1136) size 616x248 [bgcolor=#AAAAAA]
          RenderBlock {DIV} at (16,16) size 584x24 [bgcolor=#990000]
            RenderBlock {DIV} at (0,0) size 584x24 [bgcolor=#009900]
              RenderBlock {DIV} at (0,0) size 584x24
          RenderBlock {PRE} at (16,53) size 584x109 [bgcolor=#FFFFFF]
            RenderListMarker at (-38,3) size 17x19: "5"
            RenderText {#text} at (6,6) size 305x97
              text run at (6,6) width 145: "div:last-of-type {"
              text run at (150,6) width 1: " "
              text run at (6,22) width 9: "}"
              text run at (14,22) width 1: " "
              text run at (6,38) width 1: " "
              text run at (6,54) width 41: "<div>"
              text run at (46,54) width 1: " "
              text run at (6,70) width 305: "   <div>Does this element match?</div>"
              text run at (310,70) width 1: " "
              text run at (6,86) width 49: "</div>"
          RenderBlock {P} at (16,178) size 584x38
            RenderText {#text} at (0,0) size 546x37
              text run at (0,0) width 546: "The CSS selector should match the marked div element, because it is the last"
              text run at (0,19) width 280: "element of this type in the current scope"
        RenderListItem {LI} at (40,1432) size 616x264 [bgcolor=#AAAAAA]
          RenderBlock {DIV} at (16,16) size 584x24 [bgcolor=#990000]
            RenderBlock {DIV} at (0,0) size 584x24 [bgcolor=#009900]
            RenderBlock {BLOCKQUOTE} at (0,24) size 584x0 [bgcolor=#009900]
              RenderBlock {DIV} at (0,0) size 584x0
          RenderBlock {PRE} at (16,53) size 584x125 [bgcolor=#FFFFFF]
            RenderListMarker at (-38,3) size 17x19: "6"
            RenderText {#text} at (6,6) size 281x113
              text run at (6,6) width 145: "div:last-of-type {"
              text run at (150,6) width 1: " "
              text run at (6,22) width 9: "}"
              text run at (14,22) width 1: " "
              text run at (6,38) width 1: " "
              text run at (6,54) width 281: "<div>Does this element match?</div>"
              text run at (286,54) width 1: " "
              text run at (6,70) width 97: "<blockquote>"
              text run at (102,70) width 1: " "
              text run at (6,86) width 113: "   <div></div>"
              text run at (118,86) width 1: " "
              text run at (6,102) width 105: "</blockquote>"
          RenderBlock {P} at (16,194) size 584x38
            RenderText {#text} at (0,0) size 546x37
              text run at (0,0) width 546: "The CSS selector should match the marked div element, because it is the last"
              text run at (0,19) width 280: "element of this type in the current scope"
        RenderListItem {LI} at (40,1744) size 616x232 [bgcolor=#AAAAAA]
          RenderBlock {DIV} at (16,16) size 584x24 [bgcolor=#009900]
            RenderBlock {DIV} at (0,0) size 584x24
            RenderBlock {DIV} at (0,24) size 584x0 [bgcolor=#990000]
          RenderBlock {PRE} at (16,53) size 584x93 [bgcolor=#FFFFFF]
            RenderListMarker at (-38,3) size 17x19: "7"
            RenderText {#text} at (6,6) size 281x81
              text run at (6,6) width 145: "div:last-of-type {"
              text run at (150,6) width 1: " "
              text run at (6,22) width 9: "}"
              text run at (14,22) width 1: " "
              text run at (6,38) width 1: " "
              text run at (6,54) width 281: "<div>Does this element match?</div>"
              text run at (286,54) width 1: " "
              text run at (6,70) width 89: "<div></div>"
          RenderBlock {P} at (16,162) size 584x38
            RenderText {#text} at (0,0) size 572x37
              text run at (0,0) width 572: "The CSS selector should not match the marked div element, because it is the first"
              text run at (0,19) width 137: "element of this type"
        RenderListItem {LI} at (40,2024) size 616x232 [bgcolor=#AAAAAA]
          RenderBlock {DIV} at (16,16) size 584x24 [bgcolor=#009900]
            RenderBlock {DIV} at (0,0) size 584x24
            RenderBlock {DIV} at (0,24) size 584x0 [bgcolor=#990000]
          RenderBlock {PRE} at (16,53) size 584x93 [bgcolor=#FFFFFF]
            RenderListMarker at (-38,3) size 17x19: "8"
            RenderText {#text} at (6,6) size 281x81
              text run at (6,6) width 145: "div:last-of-type {"
              text run at (150,6) width 1: " "
              text run at (6,22) width 9: "}"
              text run at (14,22) width 1: " "
              text run at (6,38) width 1: " "
              text run at (6,54) width 281: "<div>Does this element match?</div>"
              text run at (286,54) width 1: " "
              text run at (6,70) width 89: "<DIV></DIV>"
          RenderBlock {P} at (16,162) size 584x38
            RenderText {#text} at (0,0) size 572x37
              text run at (0,0) width 572: "The CSS selector should not match the marked div element, because it is the first"
              text run at (0,19) width 137: "element of this type"
        RenderListItem {LI} at (40,2304) size 616x264 [bgcolor=#AAAAAA]
          RenderBlock {DIV} at (16,16) size 584x24 [bgcolor=#990000]
            RenderBlock {DIV} at (0,0) size 584x0
            RenderBlock {DIV} at (0,0) size 584x24 [bgcolor=#009900]
          RenderBlock {PRE} at (16,53) size 584x125 [bgcolor=#FFFFFF]
            RenderListMarker at (-38,3) size 17x19: "9"
            RenderText {#text} at (6,6) size 481x113
              text run at (6,6) width 145: "div:last-of-type {"
              text run at (150,6) width 1: " "
              text run at (6,22) width 9: "}"
              text run at (14,22) width 1: " "
              text run at (6,38) width 1: " "
              text run at (6,54) width 225: "<div id='insertAfter'></div>"
              text run at (230,54) width 1: " "
              text run at (6,70) width 1: " "
              text run at (6,86) width 385: "var ib = document.getElementById('insertAfter');"
              text run at (390,86) width 1: " "
              text run at (6,102) width 481: "ib.parentElement.appendChild(document.createElement(\"div\"));"
          RenderBlock {P} at (16,194) size 584x38
            RenderText {#text} at (0,0) size 567x37
              text run at (0,0) width 567: "The CSS selector should match the div element that is inserted by the Javascript"
              text run at (0,19) width 39: "code."
        RenderListItem {LI} at (40,2616) size 616x245 [bgcolor=#AAAAAA]
          RenderBlock {DIV} at (16,16) size 584x24 [bgcolor=#009900]
            RenderBlock {DIV} at (0,0) size 584x24
            RenderBlock {DIV} at (0,24) size 584x0 [bgcolor=#990000]
          RenderBlock {PRE} at (16,53) size 584x125 [bgcolor=#FFFFFF]
            RenderListMarker at (-47,3) size 26x19: "10"
            RenderText {#text} at (6,6) size 481x113
              text run at (6,6) width 145: "div:last-of-type {"
              text run at (150,6) width 1: " "
              text run at (6,22) width 9: "}"
              text run at (14,22) width 1: " "
              text run at (6,38) width 1: " "
              text run at (6,54) width 225: "<div id='insertAfter'></div>"
              text run at (230,54) width 1: " "
              text run at (6,70) width 1: " "
              text run at (6,86) width 385: "var ib = document.getElementById('insertAfter');"
              text run at (390,86) width 1: " "
              text run at (6,102) width 481: "ib.parentElement.appendChild(document.createElement(\"div\"));"
          RenderBlock {P} at (16,194) size 584x19
            RenderText {#text} at (0,0) size 528x18
              text run at (0,0) width 528: "The original div element should not be a match for the :last-of-type selector."
