layer at (0,0) size 800x600
  RenderView at (0,0) size 800x600
layer at (0,0) size 800x600
  RenderBlock (relative positioned) {HTML} at (0,0) size 800x600
    RenderBody {BODY} at (8,8) size 784x584
      RenderBlock (anonymous) at (0,0) size 784x20
        RenderText {#text} at (0,0) size 615x19
          text run at (0,0) width 615: "To reproduce this bug outside of DumpRenderTree, click the link below. If broken, we will crash."
        RenderBR {BR} at (615,0) size 0x19
layer at (8,28) size 58x96
  RenderTable {TABLE} at (0,20) size 58x96
    RenderTableSection {TBODY} at (0,0) size 58x96
      RenderTableRow {TR} at (0,2) size 58x22
        RenderTableCell {TD} at (2,2) size 54x22 [r=0 c=0 rs=1 cs=1]
          RenderInline {A} at (0,0) size 24x19 [color=#0000EE]
            RenderText {#text} at (1,1) size 24x19
              text run at (1,1) width 24: "link"
      RenderTableRow {TR} at (0,26) size 58x68
        RenderTableCell {TD} at (2,26) size 54x68 [r=1 c=0 rs=1 cs=1]
layer at (11,55) size 52x66
  RenderTable {TABLE} at (1,1) size 52x66
    RenderTableSection {TBODY} at (0,0) size 52x66
      RenderTableRow {TR} at (0,2) size 52x62
        RenderTableCell {TD} at (2,2) size 48x62 [r=0 c=0 rs=1 cs=1]
          RenderText {#text} at (1,1) size 46x19
            text run at (1,1) width 46: "content"
          RenderBR {BR} at (47,1) size 0x19
          RenderText {#text} at (1,21) size 46x19
            text run at (1,21) width 46: "content"
          RenderBR {BR} at (47,21) size 0x19
          RenderText {#text} at (1,41) size 46x19
            text run at (1,41) width 46: "content"
          RenderBR {BR} at (47,41) size 0x19
caret: position 5 of child 0 {#text} of body
