layer at (0,0) size 800x600
  RenderView at (0,0) size 800x600
layer at (0,0) size 800x600
  RenderBlock {HTML} at (0,0) size 800x600
    RenderBody {BODY} at (8,8) size 784x584
      RenderBlock {DIV} at (0,0) size 784x20
        RenderText {#text} at (0,0) size 51x19
          text run at (0,0) width 51: "Test for "
        RenderInline {A} at (0,0) size 110x19 [color=#0000EE]
          RenderText {#text} at (51,0) size 110x19
            text run at (51,0) width 110: "Bugzilla Bug 9934"
        RenderText {#text} at (161,0) size 425x19
          text run at (161,0) width 425: " Selecting text in text field with {line-height:100%} causes it to bounce."
      RenderBlock {DIV} at (0,20) size 784x22
        RenderTextControl {INPUT} at (0,0) size 153x22 [bgcolor=#FFFFFF] [border: (2px inset #000000)]
      RenderBlock {DIV} at (0,42) size 784x20
        RenderText {#text} at (0,0) size 755x19
          text run at (0,0) width 542: "Select the text in the text field using horizontal mouse movements, then drag up and down. "
          text run at (542,0) width 213: "The text should not move vertically."
layer at (11,31) size 147x16
  RenderBlock {DIV} at (3,3) size 147x16
    RenderText {#text} at (0,0) size 77x16
      text run at (0,0) width 77: "Lorem Ipsum"
