layer at (0,0) size 800x600
  RenderView at (0,0) size 800x600
layer at (0,0) size 800x600
  RenderBlock {HTML} at (0,0) size 800x600
    RenderBody {BODY} at (8,8) size 784x584
      RenderBlock (anonymous) at (0,0) size 784x20
        RenderText {#text} at (0,0) size 416x19
          text run at (0,0) width 212: "There should be only green below. "
          text run at (212,0) width 204: "If you see RED the test has failed."
      RenderBlock {DIV} at (0,20) size 784x16 [bgcolor=#008000]
      RenderBlock {DIV} at (0,36) size 784x16 [bgcolor=#008000]
      RenderBlock {DIV} at (0,52) size 784x16 [bgcolor=#008000]
      RenderBlock {DIV} at (0,68) size 784x16 [bgcolor=#008000]
      RenderBlock {DIV} at (0,84) size 784x16 [bgcolor=#008000]
      RenderBlock {DIV} at (0,100) size 784x16 [bgcolor=#008000]
      RenderBlock {DIV} at (0,116) size 784x16 [bgcolor=#008000]
      RenderBlock {DIV} at (0,132) size 784x16 [bgcolor=#008000]
      RenderBlock {DIV} at (0,148) size 784x16 [bgcolor=#008000]
      RenderBlock {DIV} at (0,164) size 784x16 [bgcolor=#008000]
      RenderBlock {DIV} at (0,180) size 784x16 [bgcolor=#008000]
      RenderBlock {DIV} at (0,196) size 784x16 [bgcolor=#008000]
      RenderBlock {DIV} at (0,212) size 784x16 [bgcolor=#008000]
      RenderBlock {DIV} at (0,228) size 784x16 [bgcolor=#008000]
      RenderBlock {DIV} at (0,244) size 784x16 [bgcolor=#008000]
      RenderBlock {DIV} at (0,260) size 784x16 [bgcolor=#008000]
      RenderBlock {DIV} at (0,276) size 784x16 [bgcolor=#008000]
      RenderBlock {DIV} at (0,292) size 784x16 [bgcolor=#008000]
      RenderBlock {DIV} at (0,308) size 784x16 [bgcolor=#008000]
      RenderBlock {DIV} at (0,324) size 784x16 [bgcolor=#008000]
      RenderBlock {DIV} at (0,340) size 784x16 [bgcolor=#008000]
