layer at (0,0) size 800x600
  RenderView at (0,0) size 800x600
layer at (0,0) size 800x184
  RenderBlock {HTML} at (0,0) size 800x184
    RenderBody {BODY} at (8,16) size 784x160
      RenderBlock {P} at (0,0) size 784x20
        RenderText {#text} at (0,0) size 760x19
          text run at (0,0) width 760: "The following two phrases should appear identical. The second line of text should overlap both the first line and the red border."
      RenderBlock {DIV} at (0,36) size 424x52 [border: (2px solid #FF0000)]
        RenderBlock {DIV} at (12,12) size 400x38
          RenderText {#text} at (0,-18) size 398x74
            text run at (0,-18) width 398: "Lorem ipsum dolor"
            text run at (0,1) width 167: "sit amet"
      RenderBlock (anonymous) at (0,88) size 784x20
        RenderBR {BR} at (0,0) size 0x19
      RenderBlock {DIV} at (0,108) size 424x52 [border: (2px solid #FF0000)]
        RenderBlock {DIV} at (12,12) size 400x38
          RenderText {#text} at (0,-18) size 398x74
            text run at (0,-18) width 398: "Lorem ipsum dolor"
            text run at (0,1) width 167: "sit amet"
