layer at (0,0) size 800x600
  RenderView at (0,0) size 800x600
layer at (0,0) size 800x474
  RenderBlock {HTML} at (0,0) size 800x474
    RenderBody {BODY} at (8,8) size 784x458
      RenderBlock {DIV} at (0,0) size 784x20
        RenderText {#text} at (0,0) size 114x19
          text run at (0,0) width 114: "Before empty span"
      RenderBlock (anonymous) at (0,20) size 784x100
        RenderInline {SPAN} at (0,0) size 0x19
        RenderText {#text} at (0,40) size 11x19
          text run at (0,40) width 11: "X"
      RenderBlock {DIV} at (0,120) size 784x20
        RenderText {#text} at (0,0) size 104x19
          text run at (0,0) width 104: "After empty span"
      RenderBlock {DIV} at (0,140) size 784x20
        RenderText {#text} at (0,0) size 114x19
          text run at (0,0) width 114: "Before empty span"
      RenderBlock (anonymous) at (0,160) size 784x118
        RenderInline {SPAN} at (0,0) size 0x114
        RenderText {#text} at (0,77) size 11x19
          text run at (0,77) width 11: "X"
      RenderBlock {DIV} at (0,278) size 784x20
        RenderText {#text} at (0,0) size 104x19
          text run at (0,0) width 104: "After empty span"
      RenderBlock {DIV} at (0,298) size 784x20
        RenderText {#text} at (0,0) size 114x19
          text run at (0,0) width 114: "Before empty span"
      RenderBlock (anonymous) at (0,318) size 784x120
        RenderInline {SPAN} at (0,0) size 0x19
        RenderText {#text} at (0,100) size 11x19
          text run at (0,100) width 11: "X"
      RenderBlock {DIV} at (0,438) size 784x20
        RenderText {#text} at (0,0) size 104x19
          text run at (0,0) width 104: "After empty span"
