layer at (0,0) size 800x600
  RenderView at (0,0) size 800x600
layer at (0,0) size 800x600
  RenderBlock {HTML} at (0,0) size 800x600
    RenderBody {BODY} at (8,8) size 784x582
      RenderBlock {P} at (0,0) size 784x20
        RenderText {#text} at (0,0) size 323x19
          text run at (0,0) width 323: "Test :nth-child() when dynamically adding siblings."
      RenderBlock {P} at (0,36) size 784x20
        RenderInline {A} at (0,0) size 305x19 [color=#0000EE]
          RenderText {#text} at (0,0) size 305x19
            text run at (0,0) width 305: "https://bugs.webkit.org/show_bug.cgi?id=26362"
      RenderBlock {DIV} at (10,72) size 764x232 [border: (1px solid #000000)]
        RenderBlock {P} at (11,6) size 747x20 [color=#FF0000]
          RenderText {#text} at (0,0) size 59x19
            text run at (0,0) width 12: "P "
            text run at (12,0) width 47: "red text"
        RenderBlock {DIV} at (6,26) size 752x20
          RenderText {#text} at (0,0) size 28x19
            text run at (0,0) width 28: "DIV"
        RenderBlock {P} at (11,46) size 747x20
          RenderText {#text} at (0,0) size 8x19
            text run at (0,0) width 8: "P"
        RenderBlock {DIV} at (6,66) size 752x20 [color=#FF0000] [bgcolor=#9999FF]
          RenderText {#text} at (0,0) size 130x19
            text run at (0,0) width 32: "DIV "
            text run at (32,0) width 51: "red text "
            text run at (83,0) width 47: "blue bg"
        RenderBlock {P} at (11,86) size 747x20
          RenderText {#text} at (0,0) size 8x19
            text run at (0,0) width 8: "P"
        RenderBlock {DIV} at (6,106) size 752x20
          RenderText {#text} at (0,0) size 28x19
            text run at (0,0) width 28: "DIV"
        RenderBlock {P} at (11,126) size 747x20 [color=#FF0000]
          RenderText {#text} at (0,0) size 59x19
            text run at (0,0) width 12: "P "
            text run at (12,0) width 47: "red text"
        RenderBlock {DIV} at (6,146) size 752x20
          RenderText {#text} at (0,0) size 28x19
            text run at (0,0) width 28: "DIV"
        RenderBlock {P} at (11,166) size 747x20
          RenderText {#text} at (0,0) size 8x19
            text run at (0,0) width 8: "P"
        RenderBlock {DIV} at (6,186) size 752x20 [color=#FF0000]
          RenderText {#text} at (0,0) size 79x19
            text run at (0,0) width 32: "DIV "
            text run at (32,0) width 47: "red text"
        RenderBlock {P} at (11,206) size 747x20
          RenderText {#text} at (0,0) size 8x19
            text run at (0,0) width 8: "P"
      RenderBlock {DIV} at (10,314) size 764x252 [border: (1px solid #000000)]
        RenderText {#text} at (6,6) size 260x19
          text run at (6,6) width 260: "child 0: PASS: found color rgb(255, 0, 0)"
        RenderBR {BR} at (266,6) size 0x19
        RenderText {#text} at (6,26) size 244x19
          text run at (6,26) width 244: "child 1: PASS: found color rgb(0, 0, 0)"
        RenderBR {BR} at (250,26) size 0x19
        RenderText {#text} at (6,46) size 244x19
          text run at (6,46) width 244: "child 2: PASS: found color rgb(0, 0, 0)"
        RenderBR {BR} at (250,46) size 0x19
        RenderText {#text} at (6,66) size 260x19
          text run at (6,66) width 260: "child 3: PASS: found color rgb(255, 0, 0)"
        RenderBR {BR} at (266,66) size 0x19
        RenderText {#text} at (6,86) size 244x19
          text run at (6,86) width 244: "child 4: PASS: found color rgb(0, 0, 0)"
        RenderBR {BR} at (250,86) size 0x19
        RenderText {#text} at (6,106) size 244x19
          text run at (6,106) width 244: "child 5: PASS: found color rgb(0, 0, 0)"
        RenderBR {BR} at (250,106) size 0x19
        RenderText {#text} at (6,126) size 260x19
          text run at (6,126) width 260: "child 6: PASS: found color rgb(255, 0, 0)"
        RenderBR {BR} at (266,126) size 0x19
        RenderText {#text} at (6,146) size 244x19
          text run at (6,146) width 244: "child 7: PASS: found color rgb(0, 0, 0)"
        RenderBR {BR} at (250,146) size 0x19
        RenderText {#text} at (6,166) size 244x19
          text run at (6,166) width 244: "child 8: PASS: found color rgb(0, 0, 0)"
        RenderBR {BR} at (250,166) size 0x19
        RenderText {#text} at (6,186) size 260x19
          text run at (6,186) width 260: "child 9: PASS: found color rgb(255, 0, 0)"
        RenderBR {BR} at (266,186) size 0x19
        RenderText {#text} at (6,206) size 252x19
          text run at (6,206) width 252: "child 10: PASS: found color rgb(0, 0, 0)"
        RenderBR {BR} at (258,206) size 0x19
        RenderText {#text} at (6,226) size 281x19
          text run at (6,226) width 281: "div 1: PASS: found color rgb(153, 153, 255)"
        RenderBR {BR} at (287,226) size 0x19
