layer at (0,0) size 800x600
  RenderView at (0,0) size 800x600
layer at (0,0) size 800x600
  RenderBlock {HTML} at (0,0) size 800x600
    RenderBody {BODY} at (8,20) size 784x560
      RenderBlock {DIV} at (20,0) size 744x56 [bgcolor=#ADD8E6]
        RenderBlock {P} at (0,0) size 744x20
          RenderText {#text} at (0,0) size 296x19
            text run at (0,0) width 296: "There should be one outline around the whole div"
        RenderBlock {P} at (-20,36) size 764x20
          RenderText {#text} at (0,0) size 152x19
            text run at (0,0) width 152: "Not around each element"
      RenderBlock {DIV} at (20,76) size 744x56 [bgcolor=#ADD8E6]
        RenderBlock {P} at (0,0) size 744x20
          RenderText {#text} at (0,0) size 296x19
            text run at (0,0) width 296: "There should be one outline around the whole div"
        RenderBlock {P} at (-20,36) size 764x20
          RenderText {#text} at (0,0) size 152x19
            text run at (0,0) width 152: "Not around each element"
