layer at (0,0) size 800x600
  RenderView at (0,0) size 800x600
layer at (0,0) size 800x600
  RenderBlock {HTML} at (0,0) size 800x600
    RenderBody {BODY} at (8,8) size 784x576
      RenderBlock {P} at (0,0) size 784x0
        RenderInline {SPAN} at (0,0) size 0x0
        RenderText {#text} at (0,0) size 0x0
        RenderText {#text} at (0,0) size 0x0
      RenderBlock {P} at (0,0) size 784x140
        RenderInline {SPAN} at (0,0) size 0x19
          RenderBR {BR} at (0,0) size 0x19
        RenderText {#text} at (0,0) size 0x0
        RenderBR {BR} at (0,20) size 0x19
        RenderBR {BR} at (0,40) size 0x19
        RenderBR {BR} at (0,60) size 0x19
        RenderBR {BR} at (0,80) size 0x19
        RenderBR {BR} at (0,100) size 0x19
        RenderBR {BR} at (0,120) size 0x19
      RenderBlock {P} at (0,156) size 784x160
        RenderInline {SPAN} at (0,0) size 7x39
          RenderBR {BR} at (0,0) size 0x19
          RenderText {#text} at (0,20) size 7x19
            text run at (0,20) width 7: "x"
        RenderText {#text} at (7,20) size 4x19
          text run at (7,20) width 4: " "
        RenderBR {BR} at (11,20) size 0x19
        RenderBR {BR} at (0,40) size 0x19
        RenderBR {BR} at (0,60) size 0x19
        RenderBR {BR} at (0,80) size 0x19
        RenderBR {BR} at (0,100) size 0x19
        RenderBR {BR} at (0,120) size 0x19
        RenderBR {BR} at (0,140) size 0x19
      RenderBlock {P} at (0,332) size 784x40
        RenderInline {SPAN} at (0,0) size 7x39
          RenderText {#text} at (0,0) size 7x19
            text run at (0,0) width 7: "x"
          RenderBR {BR} at (7,0) size 0x19
          RenderBR {BR} at (0,20) size 0x19
        RenderText {#text} at (0,0) size 0x0
