layer at (0,0) size 800x600
  RenderView at (0,0) size 800x600
layer at (0,0) size 800x600
  RenderBlock {HTML} at (0,0) size 800x600
    RenderBody {BODY} at (8,8) size 784x584
      RenderBlock {DIV} at (0,0) size 784x22 [border: (1px solid #FF0000)]
      RenderBlock {DIV} at (0,22) size 784x22 [border: (1px solid #FF0000)]
layer at (9,9) size 782x20
  RenderBlock (relative positioned) {DIV} at (1,1) size 782x20
    RenderText {#text} at (0,0) size 576x19
      text run at (0,0) width 576: "This text with top percent relative and containing block auto should appear inside the red border"
layer at (9,31) size 782x20
  RenderBlock (relative positioned) {DIV} at (1,1) size 782x20
    RenderText {#text} at (0,0) size 599x19
      text run at (0,0) width 599: "This text with bottom percent relative and containing block auto should appear inside the red border"
