layer at (0,0) size 800x600
  RenderView at (0,0) size 800x600
layer at (0,0) size 800x600
  RenderBlock {HTML} at (0,0) size 800x600
    RenderBody {BODY} at (23,23) size 754x530
      RenderBlock {P} at (0,0) size 753x171
        RenderText {#text} at (0,1) size 708x169
          text run at (0,1) width 708: "This test ensures that we preserve the"
          text run at (0,58) width 704: "user-specified zoom level of the page"
          text run at (0,115) width 187: "on reload."
