layer at (0,0) size 800x600
  RenderView at (0,0) size 800x600
layer at (0,0) size 800x600
  RenderBlock {HTML} at (0,0) size 800x600
    RenderBody {BODY} at (8,8) size 784x576
      RenderBlock {P} at (0,0) size 86x46 [border: (3px solid #0000FF)]
        RenderInline (generated) at (0,0) size 108x19
          RenderText at (3,3) size 108x19
            text run at (3,3) width 108: "AAAAAAAAA"
        RenderText {#text} at (111,3) size 131x39
          text run at (111,3) width 23: "AA"
          text run at (3,23) width 22: "BB"
      RenderBlock {P} at (0,62) size 86x26 [border: (3px solid #0000FF)]
        RenderInline (generated) at (0,0) size 108x19
          RenderText at (3,3) size 108x19
            text run at (3,3) width 108: "AAAAAAAAA"
        RenderText {#text} at (111,3) size 60x19
          text run at (111,3) width 60: "AAAAA"
      RenderBlock {P} at (0,104) size 86x46 [border: (3px solid #0000FF)]
        RenderInline (generated) at (0,0) size 47x39
          RenderText at (3,3) size 47x39
            text run at (3,3) width 47: "AAAA"
            text run at (3,23) width 44: "BBBB"
        RenderText {#text} at (47,23) size 55x19
          text run at (47,23) width 55: "BBBBB"
      RenderBlock {P} at (0,166) size 86x46 [border: (3px solid #0000FF)]
        RenderInline (generated) at (0,0) size 108x19
          RenderText at (3,3) size 108x19
            text run at (3,3) width 108: "AAAAAAAAA"
        RenderText {#text} at (111,3) size 131x39
          text run at (111,3) width 23: "AA"
          text run at (3,23) width 20: "ZZ"
        RenderInline (generated) at (0,0) size 90x19
          RenderText at (23,23) size 90x19
            text run at (23,23) width 90: "ZZZZZZZZZ"
      RenderBlock {P} at (0,228) size 86x26 [border: (3px solid #0000FF)]
        RenderInline (generated) at (0,0) size 108x19
          RenderText at (3,3) size 108x19
            text run at (3,3) width 108: "AAAAAAAAA"
        RenderText {#text} at (111,3) size 70x19
          text run at (111,3) width 70: "MMMMM"
        RenderInline (generated) at (0,0) size 90x19
          RenderText at (181,3) size 90x19
            text run at (181,3) width 90: "ZZZZZZZZZ"
      RenderBlock {P} at (0,270) size 86x46 [border: (3px solid #0000FF)]
        RenderText {#text} at (3,3) size 60x19
          text run at (3,3) width 60: "YYYYY"
        RenderInline (generated) at (0,0) size 107x39
          RenderText at (63,3) size 107x39
            text run at (63,3) width 47: "YYYY"
            text run at (3,23) width 40: "ZZZZ"
      RenderBlock {P} at (0,332) size 86x46 [border: (3px solid #0000FF)]
        RenderText {#text} at (3,3) size 23x39
          text run at (3,3) width 23: "YY"
          text run at (3,23) width 20: "ZZ"
        RenderInline (generated) at (0,0) size 90x19
          RenderText at (23,23) size 90x19
            text run at (23,23) width 90: "ZZZZZZZZZ"
      RenderBlock {P} at (0,394) size 86x26 [border: (3px solid #0000FF)]
        RenderText {#text} at (3,3) size 50x19
          text run at (3,3) width 50: "ZZZZZ"
        RenderInline (generated) at (0,0) size 90x19
          RenderText at (53,3) size 90x19
            text run at (53,3) width 90: "ZZZZZZZZZ"
