layer at (0,0) size 800x600
  RenderView at (0,0) size 800x600
layer at (0,0) size 800x272
  RenderBlock {HTML} at (0,0) size 800x272
    RenderBody {BODY} at (8,16) size 784x248
      RenderBlock {P} at (0,0) size 784x40
        RenderText {#text} at (0,0) size 766x39
          text run at (0,0) width 766: "Test passes if each of the orange boxes is sandwiched between two blue boxes and all blue and orange boxes are below the big"
          text run at (0,20) width 70: "yellow box."
layer at (8,72) size 192x192
  RenderBlock (relative positioned) {DIV} at (0,56) size 192x192 [bgcolor=#FFFF00]
    RenderBlock (anonymous) at (0,0) size 192x20
    RenderBlock (anonymous) at (0,40) size 192x20
    RenderBlock (anonymous) at (0,80) size 192x20
    RenderBlock (anonymous) at (0,120) size 192x20
      RenderText {#text} at (0,0) size 0x0
layer at (8,264) size 61x19
  RenderInline (relative positioned) {DIV} at (0,0) size 61x19 [bgcolor=#0000FF]
    RenderText {#text} at (0,0) size 61x19
      text run at (0,0) width 61: "Filler Text"
layer at (8,284) size 192x20
  RenderBlock (anonymous) at (0,20) size 192x20
    RenderBlock {DIV} at (0,0) size 192x20 [bgcolor=#FFA500]
      RenderText {#text} at (0,0) size 61x19
        text run at (0,0) width 61: "Filler Text"
layer at (8,304) size 61x19
  RenderInline (relative positioned) {DIV} at (0,0) size 61x19 [bgcolor=#0000FF]
layer at (8,496) size 61x19
  RenderInline (relative positioned) {DIV} at (0,0) size 61x19
    RenderText {#text} at (0,0) size 61x19
      text run at (0,0) width 61: "Filler Text"
layer at (8,516) size 192x20
  RenderBlock (anonymous) at (0,60) size 192x20
    RenderBlock {DIV} at (0,0) size 192x20 [bgcolor=#FFA500]
      RenderText {#text} at (0,0) size 61x19
        text run at (0,0) width 61: "Filler Text"
layer at (8,344) size 61x19
  RenderInline (relative positioned) {DIV} at (0,0) size 61x19 [bgcolor=#0000FF]
    RenderText {#text} at (0,0) size 0x0
layer at (8,536) size 61x19
  RenderInline (relative positioned) {DIV} at (0,0) size 61x19
    RenderText {#text} at (0,0) size 61x19
      text run at (0,0) width 61: "Filler Text"
layer at (8,364) size 192x20
  RenderBlock (anonymous) at (0,100) size 192x20
    RenderBlock {DIV} at (0,0) size 192x20 [bgcolor=#FFA500]
      RenderText {#text} at (0,0) size 61x19
        text run at (0,0) width 61: "Filler Text"
layer at (8,384) size 61x19
  RenderInline (relative positioned) {DIV} at (0,0) size 61x19 [bgcolor=#0000FF]
    RenderText {#text} at (0,0) size 61x19
      text run at (0,0) width 61: "Filler Text"
