layer at (0,0) size 800x600
  RenderView at (0,0) size 800x600
layer at (0,0) size 800x100
  RenderBlock {HTML} at (0,0) size 800x100
    RenderBody {BODY} at (8,16) size 784x76
      RenderBlock {P} at (0,0) size 784x20
        RenderText {#text} at (0,0) size 543x19
          text run at (0,0) width 543: "Test passes if the orange box sits atop the blue box and both are in the top left of the view."
      RenderBlock (anonymous) at (0,36) size 784x0
        RenderInline {SPAN} at (0,0) size 0x0 [bgcolor=#0000FF]
          RenderText {#text} at (0,0) size 0x0
          RenderInline {I} at (0,0) size 0x0
            RenderText {#text} at (0,0) size 0x0
      RenderBlock (anonymous) at (0,36) size 784x20
        RenderBlock {DIV} at (0,0) size 192x20 [bgcolor=#FFA500]
          RenderText {#text} at (0,0) size 68x19
            text run at (0,0) width 68: "Filler Text"
      RenderBlock (anonymous) at (0,56) size 784x20
        RenderInline {SPAN} at (0,0) size 68x19 [bgcolor=#0000FF]
          RenderInline {I} at (0,0) size 68x19
            RenderText {#text} at (0,0) size 68x19
              text run at (0,0) width 68: "Filler Text"
          RenderText {#text} at (0,0) size 0x0
        RenderText {#text} at (0,0) size 0x0
