layer at (0,0) size 800x600
  RenderView at (0,0) size 800x600
layer at (0,0) size 800x600
  RenderBlock {HTML} at (0,0) size 800x600
    RenderBody {BODY} at (8,8) size 784x584
      RenderBlock {P} at (0,18) size 784x18
        RenderText {#text} at (0,0) size 52x17
          text run at (0,0) width 52: "Test for "
        RenderInline {I} at (0,0) size 552x17
          RenderInline {A} at (0,0) size 299x17 [color=#0000EE]
            RenderText {#text} at (52,0) size 299x17
              text run at (52,0) width 299: "https://bugs.webkit.org/show_bug.cgi?id=9221"
          RenderText {#text} at (351,0) size 253x17
            text run at (351,0) width 4: " "
            text run at (355,0) width 249: "resize property doesn't work on iframes"
        RenderText {#text} at (604,0) size 4x17
          text run at (604,0) width 4: "."
      RenderBlock (anonymous) at (0,62) size 784x230
        RenderText {#text} at (0,0) size 0x0
layer at (8,8) size 784x2 clip at (0,0) size 0x0
  RenderBlock {HR} at (0,0) size 784x2 [color=#808080] [border: (1px inset #808080)]
layer at (8,60) size 784x2 clip at (0,0) size 0x0
  RenderBlock {HR} at (0,52) size 784x2 [color=#808080] [border: (1px inset #808080)]
layer at (58,120) size 163x130
  RenderIFrame {IFRAME} at (50,50) size 163x130 [border: (2px solid #0000FF)]
    layer at (0,0) size 159x126
      RenderView at (0,0) size 159x126
    layer at (0,0) size 159x126
      RenderBlock {HTML} at (0,0) size 159x126
        RenderBody {BODY} at (8,8) size 143x110
