layer at (0,0) size 800x600
  RenderView at (0,0) size 800x600
layer at (0,0) size 800x600
  RenderBlock {HTML} at (0,0) size 800x600
    RenderBody {BODY} at (8,8) size 784x542
      RenderBlock {P} at (0,18) size 784x20
        RenderText {#text} at (0,0) size 52x19
          text run at (0,0) width 52: "Test for "
        RenderInline {I} at (0,0) size 645x19
          RenderInline {A} at (0,0) size 306x19 [color=#0000EE]
            RenderText {#text} at (52,0) size 306x19
              text run at (52,0) width 306: "https://bugs.webkit.org/show_bug.cgi?id=22118"
          RenderText {#text} at (358,0) size 339x19
            text run at (358,0) width 4: " "
            text run at (362,0) width 335: "Resize corner does not track in transformed elements"
        RenderText {#text} at (697,0) size 4x19
          text run at (697,0) width 4: "."
layer at (8,8) size 784x2 clip at (0,0) size 0x0
  RenderBlock {HR} at (0,0) size 784x2 [border: (1px inset #000000)]
layer at (8,62) size 784x2 clip at (0,0) size 0x0
  RenderBlock {HR} at (0,54) size 784x2 [border: (1px inset #000000)]
layer at (58,114) size 163x129 clip at (60,116) size 159x125
  RenderBlock {DIV} at (50,106) size 163x129 [border: (2px solid #0000FF)]
