layer at (0,0) size 800x600
  RenderView at (0,0) size 800x600
layer at (696,0) size 104x104
  RenderBlock {HTML} at (696,0) size 104x104 [border: (2px solid #000000)]
    RenderBody {BODY} at (10,10) size 84x20
      RenderText {#text} at (26,0) size 58x19
        text run at (26,0) width 4 RTL: "."
        text run at (30,0) width 54: "This is rtl"
