layer at (0,0) size 800x600
  RenderView at (0,0) size 800x600
layer at (0,0) size 800x600
  RenderBlock {HTML} at (0,0) size 800x600
    RenderBody {BODY} at (8,8) size 784x576
      RenderBlock {H1} at (0,0) size 784x37
        RenderText {#text} at (0,0) size 251x36
          text run at (0,0) width 251: "setAttribute() Test"
      RenderBlock {P} at (0,58) size 784x21 [color=#008000]
        RenderText {#text} at (0,0) size 468x19
          text run at (0,0) width 468: "This element's Class attribute is set using setAttribute(). It should be green."
      RenderBlock {P} at (0,94) size 784x21 [color=#008000]
        RenderText {#text} at (0,0) size 451x19
          text run at (0,0) width 451: "This element's ID attribute is set using setAttribute(). It should be green."
      RenderBlock {P} at (0,130) size 784x21 [color=#008000]
        RenderText {#text} at (0,0) size 462x19
          text run at (0,0) width 462: "This element's Title attribute is set using setAttribute(). It should be green."
      RenderBlock {P} at (0,166) size 784x21 [color=#008000]
        RenderText {#text} at (0,0) size 391x19
          text run at (0,0) width 391: "This element's Title attribute is hard-coded. It should be green."
      RenderBlock {P} at (0,202) size 784x21 [color=#008000]
        RenderText {#text} at (0,0) size 467x19
          text run at (0,0) width 467: "This element's Lang attribute is set using setAttribute(). It should be green."
