layer at (0,0) size 800x600
  RenderView at (0,0) size 800x600
layer at (0,0) size 800x64
  RenderBlock {HTML} at (0,0) size 800x64
    RenderBody {BODY} at (8,8) size 784x48
      RenderBlock {DIV} at (0,0) size 784x20
        RenderText {#text} at (0,0) size 463x19
          text run at (0,0) width 463: "The text below should be centered since text-align does inherit in strict mode."
      RenderBlock {DIV} at (0,20) size 784x28
        RenderTable {TABLE} at (0,0) size 108x28 [border: (1px solid #000000)]
          RenderTableSection {TBODY} at (1,1) size 106x26
            RenderTableRow {TR} at (0,2) size 106x22
              RenderTableCell {TD} at (2,2) size 102x22 [r=0 c=0 rs=1 cs=1]
                RenderText {#text} at (35,1) size 32x19
                  text run at (35,1) width 32: "hello."
