layer at (0,0) size 785x912
  RenderView at (0,0) size 785x600
layer at (0,0) size 785x912
  RenderBlock {HTML} at (0,0) size 785x913
    RenderBody {BODY} at (8,8) size 769x885
      RenderBlock {P} at (0,0) size 769x20
        RenderText {#text} at (0,0) size 541x19
          text run at (0,0) width 541: "This test checks that text with text-overflow:ellipsis follows 'text-align: right' correctly."
      RenderBlock {P} at (0,36) size 769x20
        RenderText {#text} at (0,0) size 502x19
          text run at (0,0) width 502: "The text in all boxes should be right aligned, sticking to the right side of the box"
      RenderBlock {H3} at (0,74) size 769x24
        RenderText {#text} at (0,0) size 84x22
          text run at (0,0) width 84: "Single line"
      RenderBlock {H3} at (0,158) size 769x24
        RenderText {#text} at (0,0) size 79x22
          text run at (0,0) width 79: "Multi line"
      RenderBlock {H3} at (0,302) size 769x24
        RenderText {#text} at (0,0) size 232x22
          text run at (0,0) width 232: "Containing replaced content"
      RenderBlock {H3} at (0,395) size 769x24
        RenderText {#text} at (0,0) size 396x22
          text run at (0,0) width 396: "Containing replaced content blocking the ellipsis"
      RenderBlock {H3} at (0,489) size 769x24
        RenderText {#text} at (0,0) size 197x22
          text run at (0,0) width 197: "Right-To-Left single line"
      RenderBlock {H3} at (0,573) size 769x24
        RenderText {#text} at (0,0) size 196x22
          text run at (0,0) width 196: "Right-To-Left Multi line"
      RenderBlock {H3} at (0,717) size 769x24
        RenderText {#text} at (0,0) size 343x22
          text run at (0,0) width 343: "Right-To-Left containing replaced content"
      RenderBlock {H3} at (0,810) size 769x24
        RenderText {#text} at (0,0) size 507x22
          text run at (0,0) width 507: "Right-To-Left containing replaced content blocking the ellipsis"
layer at (8,124) size 310x22 clip at (9,125) size 308x20 scrollWidth 718
  RenderBlock {DIV} at (0,116) size 310x23 [border: (1px solid #000000)]
    RenderText {#text} at (1,1) size 718x19
      text run at (1,1) width 718: "Lorem ipsum dolor sit amet, consectetur adipiscing elit. Vivamus vitae eros non libero faucibus sagittis sed ut eros."
layer at (8,208) size 310x82 clip at (9,209) size 308x80 scrollWidth 718
  RenderBlock {DIV} at (0,200) size 310x83 [border: (1px solid #000000)]
    RenderText {#text} at (1,1) size 718x19
      text run at (1,1) width 718: "Lorem ipsum dolor sit amet, consectetur adipiscing elit. Vivamus vitae eros non libero faucibus sagittis sed ut eros."
    RenderBR {BR} at (719,1) size 0x19
    RenderText {#text} at (1,21) size 708x19
      text run at (1,21) width 708: "orem ipsum dolor sit amet, consectetur adipiscing elit. Vivamus vitae eros non libero faucibus sagittis sed ut eros."
    RenderBR {BR} at (709,21) size 0x19
    RenderText {#text} at (1,41) size 700x19
      text run at (1,41) width 700: "rem ipsum dolor sit amet, consectetur adipiscing elit. Vivamus vitae eros non libero faucibus sagittis sed ut eros."
    RenderBR {BR} at (701,41) size 0x19
    RenderText {#text} at (1,61) size 695x19
      text run at (1,61) width 695: "em ipsum dolor sit amet, consectetur adipiscing elit. Vivamus vitae eros non libero faucibus sagittis sed ut eros."
    RenderBR {BR} at (696,61) size 0x19
layer at (8,352) size 310x32 clip at (9,353) size 308x30 scrollWidth 747
  RenderBlock {DIV} at (0,343) size 310x33 [border: (1px solid #000000)]
    RenderText {#text} at (1,11) size 181x19
      text run at (1,11) width 181: "Lorem ipsum dolor sit amet, "
    RenderImage {IMG} at (182,1) size 25x25
    RenderText {#text} at (207,11) size 541x19
      text run at (207,11) width 541: " consectetur adipiscing elit. Vivamus vitae eros non libero faucibus sagittis sed ut eros."
layer at (8,446) size 310x32 clip at (9,447) size 308x30 scrollWidth 743
  RenderBlock {DIV} at (0,437) size 310x33 [border: (1px solid #000000)]
    RenderText {#text} at (1,11) size 271x19
      text run at (1,11) width 271: "Lorem ipsum dolor sit amet, consectetur ad"
    RenderImage {IMG} at (272,1) size 25x25
    RenderText {#text} at (297,11) size 447x19
      text run at (297,11) width 447: "ipiscing elit. Vivamus vitae eros non libero faucibus sagittis sed ut eros."
layer at (8,539) size 310x22 clip at (9,540) size 308x20 scrollX 410 scrollWidth 718
  RenderBlock {DIV} at (0,531) size 310x23 [border: (1px solid #000000)]
    RenderText {#text} at (-409,1) size 718x19
      text run at (-409,1) width 718 RTL: "Lorem ipsum dolor sit amet, consectetur adipiscing elit. Vivamus vitae eros non libero faucibus sagittis sed ut eros."
layer at (8,623) size 310x82 clip at (9,624) size 308x80 scrollX 410 scrollWidth 718
  RenderBlock {DIV} at (0,615) size 310x83 [border: (1px solid #000000)]
    RenderText {#text} at (-409,1) size 718x19
      text run at (-409,1) width 718 RTL: "Lorem ipsum dolor sit amet, consectetur adipiscing elit. Vivamus vitae eros non libero faucibus sagittis sed ut eros."
    RenderBR {BR} at (-409,1) size 0x19
    RenderText {#text} at (-399,21) size 708x19
      text run at (-399,21) width 708 RTL: "orem ipsum dolor sit amet, consectetur adipiscing elit. Vivamus vitae eros non libero faucibus sagittis sed ut eros."
    RenderBR {BR} at (-399,21) size 0x19
    RenderText {#text} at (-391,41) size 700x19
      text run at (-391,41) width 700 RTL: "rem ipsum dolor sit amet, consectetur adipiscing elit. Vivamus vitae eros non libero faucibus sagittis sed ut eros."
    RenderBR {BR} at (-391,41) size 0x19
    RenderText {#text} at (-386,61) size 695x19
      text run at (-386,61) width 695 RTL: "em ipsum dolor sit amet, consectetur adipiscing elit. Vivamus vitae eros non libero faucibus sagittis sed ut eros."
    RenderBR {BR} at (-386,61) size 0x19
layer at (8,767) size 310x32 clip at (9,768) size 308x30 scrollX 439 scrollWidth 747
  RenderBlock {DIV} at (0,758) size 310x33 [border: (1px solid #000000)]
    RenderText {#text} at (128,11) size 181x19
      text run at (128,11) width 181 RTL: "Lorem ipsum dolor sit amet, "
    RenderImage {IMG} at (103,1) size 25x25
    RenderText {#text} at (-438,11) size 541x19
      text run at (-438,11) width 541 RTL: " consectetur adipiscing elit. Vivamus vitae eros non libero faucibus sagittis sed ut eros."
layer at (8,860) size 310x32 clip at (9,861) size 308x30 scrollX 435 scrollWidth 743
  RenderBlock {DIV} at (0,852) size 310x33 [border: (1px solid #000000)]
    RenderText {#text} at (38,11) size 271x19
      text run at (38,11) width 271 RTL: "Lorem ipsum dolor sit amet, consectetur ad"
    RenderImage {IMG} at (13,1) size 25x25
    RenderText {#text} at (-434,11) size 447x19
      text run at (-434,11) width 447 RTL: "ipiscing elit. Vivamus vitae eros non libero faucibus sagittis sed ut eros."
