layer at (0,0) size 800x600
  RenderView at (0,0) size 800x600
layer at (0,0) size 800x137
  RenderBlock {HTML} at (0,0) size 800x137
    RenderBody {BODY} at (8,16) size 784x113
      RenderBlock {P} at (0,0) size 784x18
        RenderText {#text} at (0,0) size 301x17
          text run at (0,0) width 301: "This test checks that text input fields handle the "
        RenderInline {CODE} at (0,0) size 168x15
          RenderText {#text} at (301,3) size 168x15
            text run at (301,3) width 168: "-webkit-border-radius"
        RenderText {#text} at (468,0) size 294x17
          text run at (468,0) width 294: " CSS property correctly, or degrade gracefully."
      RenderBlock {P} at (0,34) size 784x18
        RenderText {#text} at (0,0) size 616x17
          text run at (0,0) width 616: "If the test passes, you will see a text entry field containing \"default text\" inside the grey div below."
      RenderBlock {DIV} at (0,68) size 163x45 [bgcolor=#888888]
        RenderTextControl {INPUT} at (11,9) size 133x21 [bgcolor=#00FF00] [border: (2px inset #808080)]
          RenderFlexibleBox {DIV} at (3,3) size 127x15
            RenderBlock {DIV} at (0,7) size 0x0
            RenderBlock {DIV} at (0,0) size 114x15
        RenderText {#text} at (0,0) size 0x0
layer at (22,96) size 114x15
  RenderBlock {DIV} at (0,0) size 114x15
    RenderText {#text} at (0,0) size 65x15
      text run at (0,0) width 65: "default text"
layer at (136,97) size 13x13
  RenderBlock {DIV} at (114,1) size 13x13 [bgcolor=#000000]
