layer at (0,0) size 800x600
  RenderView at (0,0) size 800x600
layer at (0,0) size 800x600
  RenderBlock {HTML} at (0,0) size 800x600
    RenderBody {BODY} at (8,8) size 784x572
      RenderBlock {P} at (0,0) size 784x60
        RenderText {#text} at (0,0) size 781x59
          text run at (0,0) width 781: "This file tests capitalisation with all sorts of odd things. There is some RTL text, some text with an inlined-div placed inside a word,"
          text run at (0,20) width 780: "an image between words as well as a div between words. Each word below should be capitalised, and there should be no capitals"
          text run at (0,40) width 135: "n the middle of words."
      RenderBlock {DIV} at (20,80) size 744x120 [border: (5px solid #FF0000)]
        RenderBlock {DIV} at (25,25) size 694x20
          RenderText {#text} at (665,0) size 29x19
            text run at (665,0) width 29 RTL: "Capi"
          RenderInline {SPAN} at (0,0) size 14x19
            RenderText {#text} at (651,0) size 14x19
              text run at (651,0) width 14 RTL: "tal"
          RenderText {#text} at (635,0) size 16x19
            text run at (635,0) width 16 RTL: "ise"
        RenderBlock {DIV} at (25,45) size 694x50
          RenderBlock (anonymous) at (0,0) size 694x30
            RenderText {#text} at (0,10) size 30x19
              text run at (0,10) width 30: "A W"
            RenderInline {DIV} at (0,0) size 13x19
              RenderText {#text} at (30,10) size 13x19
                text run at (30,10) width 13: "or"
            RenderText {#text} at (43,10) size 41x19
              text run at (43,10) width 41: "d With"
            RenderImage {IMG} at (84,0) size 25x25
            RenderText {#text} at (109,10) size 59x19
              text run at (109,10) width 59: "An Image"
          RenderBlock {DIV} at (0,30) size 694x0
          RenderBlock (anonymous) at (0,30) size 694x20
            RenderText {#text} at (0,0) size 33x19
              text run at (0,0) width 33: "In Be"
            RenderInline {SPAN} at (0,0) size 15x19
              RenderText {#text} at (33,0) size 15x19
                text run at (33,0) width 15: "tw"
            RenderText {#text} at (48,0) size 21x19
              text run at (48,0) width 21: "een"
