layer at (0,0) size 800x600
  RenderView at (0,0) size 800x600
layer at (0,0) size 800x600
  RenderBlock {HTML} at (0,0) size 800x600
    RenderBody {BODY} at (8,8) size 784x576
      RenderBlock {DIV} at (0,0) size 784x20
        RenderInline {SPAN} at (0,0) size 249x19
          RenderText {#text} at (0,0) size 249x19
            text run at (0,0) width 249: "This should not turn red when hovered."
        RenderText {#text} at (0,0) size 0x0
      RenderBlock {P} at (0,46) size 784x40
        RenderText {#text} at (0,0) size 52x19
          text run at (0,0) width 52: "Test for "
        RenderInline {I} at (0,0) size 546x19
          RenderInline {A} at (0,0) size 348x19 [color=#0000EE]
            RenderText {#text} at (52,0) size 348x19
              text run at (52,0) width 348: "http://bugzilla.opendarwin.org/show_bug.cgi?id=7218"
          RenderText {#text} at (400,0) size 198x19
            text run at (400,0) width 198: " Text underlined on mouse over"
        RenderText {#text} at (598,0) size 98x19
          text run at (598,0) width 98: ". This tests that "
        RenderInline {CODE} at (0,0) size 56x16
          RenderText {#text} at (696,3) size 56x16
            text run at (696,3) width 56: "*:hover"
        RenderText {#text} at (0,20) size 256x19
          text run at (0,20) width 256: "does not match anything in quirks mode."
layer at (8,36) size 784x2 clip at (0,0) size 0x0
  RenderBlock {HR} at (0,28) size 784x2 [border: (1px inset #000000)]
caret: position 1 of child 0 {#text} of child 1 {SPAN} of child 1 {DIV} of body
