layer at (0,0) size 785x2982
  RenderView at (0,0) size 785x600
layer at (0,0) size 785x2982
  RenderBlock {HTML} at (0,0) size 785x2982
    RenderBody {BODY} at (8,8) size 769x2954
      RenderBlock {H3} at (0,0) size 769x23
        RenderText {#text} at (0,0) size 84x22
          text run at (0,0) width 84: "Single line"
      RenderBlock {H3} at (0,371) size 769x24
        RenderText {#text} at (0,0) size 79x22
          text run at (0,0) width 79: "Multi line"
      RenderBlock {H3} at (0,743) size 769x24
        RenderText {#text} at (0,0) size 232x22
          text run at (0,0) width 232: "Containing replaced content"
      RenderBlock {H3} at (0,1115) size 769x24
        RenderText {#text} at (0,0) size 396x22
          text run at (0,0) width 396: "Containing replaced content blocking the ellipsis"
      RenderBlock {H3} at (0,1486) size 769x24
        RenderText {#text} at (0,0) size 197x22
          text run at (0,0) width 197: "Right-To-Left single line"
      RenderBlock {H3} at (0,1858) size 769x24
        RenderText {#text} at (0,0) size 196x22
          text run at (0,0) width 196: "Right-To-Left Multi line"
      RenderBlock {H3} at (0,2230) size 769x24
        RenderText {#text} at (0,0) size 343x22
          text run at (0,0) width 343: "Right-To-Left containing replaced content"
      RenderBlock {H3} at (0,2602) size 769x24
        RenderText {#text} at (0,0) size 507x22
          text run at (0,0) width 507: "Right-To-Left containing replaced content blocking the ellipsis"
layer at (8,50) size 22x310 clip at (9,51) size 20x308 scrollHeight 718
  RenderBlock {DIV} at (0,41) size 22x311 [border: (1px solid #000000)]
    RenderText {#text} at (1,1) size 19x718
      text run at (1,1) width 718: "Lorem ipsum dolor sit amet, consectetur adipiscing elit. Vivamus vitae eros non libero faucibus sagittis sed ut eros."
layer at (8,421) size 82x310 clip at (9,422) size 80x308 scrollHeight 718
  RenderBlock {DIV} at (0,413) size 82x311 [border: (1px solid #000000)]
    RenderText {#text} at (1,1) size 19x718
      text run at (1,1) width 718: "Lorem ipsum dolor sit amet, consectetur adipiscing elit. Vivamus vitae eros non libero faucibus sagittis sed ut eros."
    RenderBR {BR} at (1,719) size 19x0
    RenderText {#text} at (21,1) size 19x708
      text run at (21,1) width 708: "orem ipsum dolor sit amet, consectetur adipiscing elit. Vivamus vitae eros non libero faucibus sagittis sed ut eros."
    RenderBR {BR} at (21,709) size 19x0
    RenderText {#text} at (41,1) size 19x700
      text run at (41,1) width 700: "rem ipsum dolor sit amet, consectetur adipiscing elit. Vivamus vitae eros non libero faucibus sagittis sed ut eros."
    RenderBR {BR} at (41,701) size 19x0
    RenderText {#text} at (61,1) size 19x695
      text run at (61,1) width 695: "em ipsum dolor sit amet, consectetur adipiscing elit. Vivamus vitae eros non libero faucibus sagittis sed ut eros."
    RenderBR {BR} at (61,696) size 19x0
layer at (8,793) size 32x310 clip at (9,794) size 30x308 scrollHeight 747
  RenderBlock {DIV} at (0,785) size 32x311 [border: (1px solid #000000)]
    RenderText {#text} at (11,1) size 19x181
      text run at (11,1) width 181: "Lorem ipsum dolor sit amet, "
    RenderImage {IMG} at (1,182) size 25x25
    RenderText {#text} at (11,207) size 19x541
      text run at (11,207) width 541: " consectetur adipiscing elit. Vivamus vitae eros non libero faucibus sagittis sed ut eros."
layer at (8,1165) size 32x310 clip at (9,1166) size 30x308 scrollHeight 743
  RenderBlock {DIV} at (0,1156) size 32x311 [border: (1px solid #000000)]
    RenderText {#text} at (11,1) size 19x271
      text run at (11,1) width 271: "Lorem ipsum dolor sit amet, consectetur ad"
    RenderImage {IMG} at (1,272) size 25x25
    RenderText {#text} at (11,297) size 19x447
      text run at (11,297) width 447: "ipiscing elit. Vivamus vitae eros non libero faucibus sagittis sed ut eros."
layer at (8,1537) size 22x310 clip at (9,1538) size 20x308 scrollY 410 scrollHeight 718
  RenderBlock {DIV} at (0,1528) size 22x311 [border: (1px solid #000000)]
    RenderText {#text} at (1,-409) size 19x718
      text run at (1,-409) width 718 RTL: "Lorem ipsum dolor sit amet, consectetur adipiscing elit. Vivamus vitae eros non libero faucibus sagittis sed ut eros."
layer at (8,1908) size 82x310 clip at (9,1909) size 80x308 scrollY 410 scrollHeight 718
  RenderBlock {DIV} at (0,1900) size 82x311 [border: (1px solid #000000)]
    RenderText {#text} at (1,-409) size 19x718
      text run at (1,-409) width 718 RTL: "Lorem ipsum dolor sit amet, consectetur adipiscing elit. Vivamus vitae eros non libero faucibus sagittis sed ut eros."
    RenderBR {BR} at (1,-409) size 19x0
    RenderText {#text} at (21,-399) size 19x708
      text run at (21,-399) width 708 RTL: "orem ipsum dolor sit amet, consectetur adipiscing elit. Vivamus vitae eros non libero faucibus sagittis sed ut eros."
    RenderBR {BR} at (21,-399) size 19x0
    RenderText {#text} at (41,-391) size 19x700
      text run at (41,-391) width 700 RTL: "rem ipsum dolor sit amet, consectetur adipiscing elit. Vivamus vitae eros non libero faucibus sagittis sed ut eros."
    RenderBR {BR} at (41,-391) size 19x0
    RenderText {#text} at (61,-386) size 19x695
      text run at (61,-386) width 695 RTL: "em ipsum dolor sit amet, consectetur adipiscing elit. Vivamus vitae eros non libero faucibus sagittis sed ut eros."
    RenderBR {BR} at (61,-386) size 19x0
layer at (8,2280) size 32x310 clip at (9,2281) size 30x308 scrollY 439 scrollHeight 747
  RenderBlock {DIV} at (0,2272) size 32x311 [border: (1px solid #000000)]
    RenderText {#text} at (11,128) size 19x181
      text run at (11,128) width 181 RTL: "Lorem ipsum dolor sit amet, "
    RenderImage {IMG} at (1,103) size 25x25
    RenderText {#text} at (11,-438) size 19x541
      text run at (11,-438) width 541 RTL: " consectetur adipiscing elit. Vivamus vitae eros non libero faucibus sagittis sed ut eros."
layer at (8,2652) size 32x310 clip at (9,2653) size 30x308 scrollY 435 scrollHeight 743
  RenderBlock {DIV} at (0,2643) size 32x311 [border: (1px solid #000000)]
    RenderText {#text} at (11,38) size 19x271
      text run at (11,38) width 271 RTL: "Lorem ipsum dolor sit amet, consectetur ad"
    RenderImage {IMG} at (1,13) size 25x25
    RenderText {#text} at (11,-434) size 19x447
      text run at (11,-434) width 447 RTL: "ipiscing elit. Vivamus vitae eros non libero faucibus sagittis sed ut eros."
