layer at (0,0) size 2046x2595
  RenderView at (0,0) size 785x585
layer at (0,0) size 785x2595
  RenderBlock {HTML} at (0,0) size 785x2596
    RenderBody {BODY} at (8,8) size 769x2580
      RenderBlock {H2} at (0,0) size 769x27
        RenderText {#text} at (0,0) size 138x26
          text run at (0,0) width 138: "word-spacing"
      RenderBlock (floating) {PRE} at (0,59) size 1280x184
        RenderBlock {H3} at (0,15) size 1280x18
          RenderText {#text} at (0,0) size 204x17
            text run at (0,0) width 18: "In"
            text run at (38,0) width 18: " a"
            text run at (76,0) width 72: " floated"
            text run at (168,0) width 36: " pre"
        RenderBlock (anonymous) at (0,47) size 1280x136
          RenderText {#text} at (0,0) size 260x33
            text run at (0,0) width 0: " "
            text run at (0,17) width 32: "Word"
            text run at (52,17) width 120: "   spacing"
            text run at (192,17) width 40: " test"
            text run at (252,17) width 8: " "
          RenderInline {EM} at (0,0) size 24x17
            RenderText {#text} at (260,16) size 24x17
              text run at (260,16) width 24: "for"
          RenderText {#text} at (304,17) size 8x16
            text run at (304,17) width 8: " "
          RenderInline {STRONG} at (0,0) size 64x16
            RenderText {#text} at (312,17) size 64x16
              text run at (312,17) width 64: "elements"
          RenderText {#text} at (396,17) size 8x16
            text run at (396,17) width 8: " "
          RenderInline {TT} at (0,0) size 48x16
            RenderText {#text} at (404,17) size 48x16
              text run at (404,17) width 48: "within"
          RenderText {#text} at (472,17) size 604x33
            text run at (472,17) width 72: " elements"
            text run at (564,17) width 40: " too."
            text run at (604,17) width 0: " "
            text run at (0,34) width 32: "Word"
            text run at (52,34) width 120: "   spacing"
            text run at (192,34) width 40: " test"
            text run at (252,34) width 8: " "
          RenderInline {EM} at (0,0) size 24x17
            RenderText {#text} at (260,33) size 24x17
              text run at (260,33) width 24: "for"
          RenderText {#text} at (304,34) size 8x16
            text run at (304,34) width 8: " "
          RenderInline {STRONG} at (0,0) size 64x16
            RenderText {#text} at (312,34) size 64x16
              text run at (312,34) width 64: "elements"
          RenderText {#text} at (396,34) size 8x16
            text run at (396,34) width 8: " "
          RenderInline {TT} at (0,0) size 48x16
            RenderText {#text} at (404,34) size 48x16
              text run at (404,34) width 48: "within"
          RenderText {#text} at (472,34) size 100x16
            text run at (472,34) width 72: " elements"
            text run at (564,34) width 8: " "
          RenderText {#text} at (592,34) size 1072x33
            text run at (592,34) width 40: " too."
            text run at (652,34) width 48: " (with"
            text run at (720,34) width 64: " comment"
            text run at (804,34) width 64: " between"
            text run at (888,34) width 72: " elements"
            text run at (980,34) width 32: " and"
            text run at (1032,34) width 40: " too)"
            text run at (1072,34) width 0: " "
            text run at (0,51) width 32: "Word"
            text run at (52,51) width 120: "   spacing"
            text run at (192,51) width 40: " test"
            text run at (252,51) width 8: " "
          RenderInline {EM} at (0,0) size 24x17
            RenderText {#text} at (260,50) size 24x17
              text run at (260,50) width 24: "for"
          RenderText {#text} at (304,51) size 8x16
            text run at (304,51) width 8: " "
          RenderInline {STRONG} at (0,0) size 64x16
            RenderText {#text} at (312,51) size 64x16
              text run at (312,51) width 64: "elements"
          RenderText {#text} at (396,51) size 8x16
            text run at (396,51) width 8: " "
          RenderInline {TT} at (0,0) size 48x16
            RenderText {#text} at (404,51) size 48x16
              text run at (404,51) width 48: "within"
          RenderText {#text} at (472,51) size 72x16
            text run at (472,51) width 72: " elements"
          RenderText {#text} at (564,51) size 1280x33
            text run at (564,51) width 40: " too."
            text run at (624,51) width 48: " (with"
            text run at (692,51) width 64: " comment"
            text run at (776,51) width 32: " (no"
            text run at (828,51) width 88: " preceeding"
            text run at (936,51) width 56: " space)"
            text run at (1012,51) width 64: " between"
            text run at (1096,51) width 72: " elements"
            text run at (1188,51) width 32: " and"
            text run at (1240,51) width 40: " too)"
            text run at (1280,51) width 0: " "
            text run at (0,68) width 32: "Word"
            text run at (52,68) width 120: "   spacing"
            text run at (192,68) width 40: " test"
            text run at (252,68) width 8: " "
          RenderInline {EM} at (0,0) size 24x17
            RenderText {#text} at (260,67) size 24x17
              text run at (260,67) width 24: "for"
          RenderText {#text} at (304,68) size 8x16
            text run at (304,68) width 8: " "
          RenderInline {STRONG} at (0,0) size 64x16
            RenderText {#text} at (312,68) size 64x16
              text run at (312,68) width 64: "elements"
          RenderText {#text} at (396,68) size 8x16
            text run at (396,68) width 8: " "
          RenderInline {TT} at (0,0) size 48x16
            RenderText {#text} at (404,68) size 48x16
              text run at (404,68) width 48: "within"
          RenderText {#text} at (472,68) size 100x16
            text run at (472,68) width 72: " elements"
            text run at (564,68) width 8: " "
          RenderText {#text} at (572,68) size 692x16
            text run at (572,68) width 32: "too."
            text run at (624,68) width 48: " (with"
            text run at (692,68) width 64: " comment"
            text run at (776,68) width 32: " (no"
            text run at (828,68) width 72: " trailing"
            text run at (920,68) width 56: " space)"
            text run at (996,68) width 64: " between"
            text run at (1080,68) width 72: " elements"
            text run at (1172,68) width 32: " and"
            text run at (1224,68) width 40: " too)"
            text run at (1264,68) width 0: " "
          RenderInline {SPAN} at (0,0) size 376x16
            RenderText {#text} at (0,85) size 260x16
              text run at (0,85) width 32: "Word"
              text run at (52,85) width 120: "   spacing"
              text run at (192,85) width 40: " test"
              text run at (252,85) width 8: " "
            RenderInline {EM} at (0,0) size 24x17
              RenderText {#text} at (260,84) size 24x17
                text run at (260,84) width 24: "for"
            RenderText {#text} at (304,85) size 8x16
              text run at (304,85) width 8: " "
            RenderInline {STRONG} at (0,0) size 64x16
              RenderText {#text} at (312,85) size 64x16
                text run at (312,85) width 64: "elements"
          RenderText {#text} at (396,85) size 8x16
            text run at (396,85) width 8: " "
          RenderInline {TT} at (0,0) size 48x16
            RenderText {#text} at (404,85) size 48x16
              text run at (404,85) width 48: "within"
          RenderText {#text} at (472,85) size 1096x33
            text run at (472,85) width 72: " elements"
            text run at (564,85) width 40: " too."
            text run at (624,85) width 48: " (with"
            text run at (692,85) width 80: " monospace"
            text run at (792,85) width 40: " font"
            text run at (852,85) width 40: " from"
            text run at (912,85) width 40: " Word"
            text run at (972,85) width 24: " to"
            text run at (1016,85) width 80: " elements)"
            text run at (1096,85) width 0: " "
            text run at (0,102) width 32: "Word"
            text run at (52,102) width 120: "   spacing"
            text run at (192,102) width 40: " test"
            text run at (252,102) width 8: " "
          RenderInline {SPAN} at (0,0) size 192x16
            RenderInline {EM} at (0,0) size 24x17
              RenderText {#text} at (260,101) size 24x17
                text run at (260,101) width 24: "for"
            RenderText {#text} at (304,102) size 8x16
              text run at (304,102) width 8: " "
            RenderInline {STRONG} at (0,0) size 64x16
              RenderText {#text} at (312,102) size 64x16
                text run at (312,102) width 64: "elements"
            RenderText {#text} at (396,102) size 8x16
              text run at (396,102) width 8: " "
            RenderInline {TT} at (0,0) size 48x16
              RenderText {#text} at (404,102) size 48x16
                text run at (404,102) width 48: "within"
          RenderText {#text} at (472,102) size 1072x33
            text run at (472,102) width 72: " elements"
            text run at (564,102) width 40: " too."
            text run at (624,102) width 48: " (with"
            text run at (692,102) width 80: " monospace"
            text run at (792,102) width 40: " font"
            text run at (852,102) width 40: " from"
            text run at (912,102) width 32: " for"
            text run at (964,102) width 24: " to"
            text run at (1008,102) width 64: " within)"
            text run at (1072,102) width 0: " "
            text run at (0,119) width 32: "Word"
            text run at (52,119) width 120: "   spacing"
            text run at (192,119) width 40: " test"
            text run at (252,119) width 8: " "
          RenderInline {EM} at (0,0) size 24x17
            RenderText {#text} at (260,118) size 24x17
              text run at (260,118) width 24: "for"
          RenderText {#text} at (304,119) size 8x16
            text run at (304,119) width 8: " "
          RenderInline {STRONG} at (0,0) size 64x16
            RenderText {#text} at (312,119) size 64x16
              text run at (312,119) width 64: "elements"
          RenderText {#text} at (396,119) size 8x16
            text run at (396,119) width 8: " "
          RenderInline {SPAN} at (0,0) size 192x16
            RenderInline {TT} at (0,0) size 48x16
              RenderText {#text} at (404,119) size 48x16
                text run at (404,119) width 48: "within"
            RenderText {#text} at (472,119) size 124x16
              text run at (472,119) width 72: " elements"
              text run at (564,119) width 32: " too"
          RenderText {#text} at (596,119) size 492x16
            text run at (596,119) width 8: "."
            text run at (624,119) width 48: " (with"
            text run at (692,119) width 80: " monospace"
            text run at (792,119) width 40: " font"
            text run at (852,119) width 40: " from"
            text run at (912,119) width 72: " elements"
            text run at (1004,119) width 24: " to"
            text run at (1048,119) width 40: " too)"
            text run at (1088,119) width 0: " "
      RenderBlock (anonymous) at (0,46) size 769x209
        RenderBR {BR} at (1280,0) size 0x19
      RenderBlock {PRE} at (0,270) size 769x168
        RenderBlock {H3} at (0,0) size 769x17
          RenderText {#text} at (0,0) size 240x17
            text run at (0,0) width 18: "In"
            text run at (38,0) width 27: " an"
            text run at (85,0) width 99: " un-floated"
            text run at (204,0) width 36: " pre"
        RenderBlock (anonymous) at (0,32) size 769x136
          RenderText {#text} at (0,0) size 260x33
            text run at (0,0) width 0: " "
            text run at (0,17) width 32: "Word"
            text run at (52,17) width 120: "   spacing"
            text run at (192,17) width 40: " test"
            text run at (252,17) width 8: " "
          RenderInline {EM} at (0,0) size 24x17
            RenderText {#text} at (260,16) size 24x17
              text run at (260,16) width 24: "for"
          RenderText {#text} at (304,17) size 8x16
            text run at (304,17) width 8: " "
          RenderInline {STRONG} at (0,0) size 64x16
            RenderText {#text} at (312,17) size 64x16
              text run at (312,17) width 64: "elements"
          RenderText {#text} at (396,17) size 8x16
            text run at (396,17) width 8: " "
          RenderInline {TT} at (0,0) size 48x16
            RenderText {#text} at (404,17) size 48x16
              text run at (404,17) width 48: "within"
          RenderText {#text} at (472,17) size 604x33
            text run at (472,17) width 72: " elements"
            text run at (564,17) width 40: " too."
            text run at (604,17) width 0: " "
            text run at (0,34) width 32: "Word"
            text run at (52,34) width 120: "   spacing"
            text run at (192,34) width 40: " test"
            text run at (252,34) width 8: " "
          RenderInline {EM} at (0,0) size 24x17
            RenderText {#text} at (260,33) size 24x17
              text run at (260,33) width 24: "for"
          RenderText {#text} at (304,34) size 8x16
            text run at (304,34) width 8: " "
          RenderInline {STRONG} at (0,0) size 64x16
            RenderText {#text} at (312,34) size 64x16
              text run at (312,34) width 64: "elements"
          RenderText {#text} at (396,34) size 8x16
            text run at (396,34) width 8: " "
          RenderInline {TT} at (0,0) size 48x16
            RenderText {#text} at (404,34) size 48x16
              text run at (404,34) width 48: "within"
          RenderText {#text} at (472,34) size 100x16
            text run at (472,34) width 72: " elements"
            text run at (564,34) width 8: " "
          RenderText {#text} at (592,34) size 1072x33
            text run at (592,34) width 40: " too."
            text run at (652,34) width 48: " (with"
            text run at (720,34) width 64: " comment"
            text run at (804,34) width 64: " between"
            text run at (888,34) width 72: " elements"
            text run at (980,34) width 32: " and"
            text run at (1032,34) width 40: " too)"
            text run at (1072,34) width 0: " "
            text run at (0,51) width 32: "Word"
            text run at (52,51) width 120: "   spacing"
            text run at (192,51) width 40: " test"
            text run at (252,51) width 8: " "
          RenderInline {EM} at (0,0) size 24x17
            RenderText {#text} at (260,50) size 24x17
              text run at (260,50) width 24: "for"
          RenderText {#text} at (304,51) size 8x16
            text run at (304,51) width 8: " "
          RenderInline {STRONG} at (0,0) size 64x16
            RenderText {#text} at (312,51) size 64x16
              text run at (312,51) width 64: "elements"
          RenderText {#text} at (396,51) size 8x16
            text run at (396,51) width 8: " "
          RenderInline {TT} at (0,0) size 48x16
            RenderText {#text} at (404,51) size 48x16
              text run at (404,51) width 48: "within"
          RenderText {#text} at (472,51) size 72x16
            text run at (472,51) width 72: " elements"
          RenderText {#text} at (564,51) size 1280x33
            text run at (564,51) width 40: " too."
            text run at (624,51) width 48: " (with"
            text run at (692,51) width 64: " comment"
            text run at (776,51) width 32: " (no"
            text run at (828,51) width 88: " preceeding"
            text run at (936,51) width 56: " space)"
            text run at (1012,51) width 64: " between"
            text run at (1096,51) width 72: " elements"
            text run at (1188,51) width 32: " and"
            text run at (1240,51) width 40: " too)"
            text run at (1280,51) width 0: " "
            text run at (0,68) width 32: "Word"
            text run at (52,68) width 120: "   spacing"
            text run at (192,68) width 40: " test"
            text run at (252,68) width 8: " "
          RenderInline {EM} at (0,0) size 24x17
            RenderText {#text} at (260,67) size 24x17
              text run at (260,67) width 24: "for"
          RenderText {#text} at (304,68) size 8x16
            text run at (304,68) width 8: " "
          RenderInline {STRONG} at (0,0) size 64x16
            RenderText {#text} at (312,68) size 64x16
              text run at (312,68) width 64: "elements"
          RenderText {#text} at (396,68) size 8x16
            text run at (396,68) width 8: " "
          RenderInline {TT} at (0,0) size 48x16
            RenderText {#text} at (404,68) size 48x16
              text run at (404,68) width 48: "within"
          RenderText {#text} at (472,68) size 100x16
            text run at (472,68) width 72: " elements"
            text run at (564,68) width 8: " "
          RenderText {#text} at (572,68) size 692x16
            text run at (572,68) width 32: "too."
            text run at (624,68) width 48: " (with"
            text run at (692,68) width 64: " comment"
            text run at (776,68) width 32: " (no"
            text run at (828,68) width 72: " trailing"
            text run at (920,68) width 56: " space)"
            text run at (996,68) width 64: " between"
            text run at (1080,68) width 72: " elements"
            text run at (1172,68) width 32: " and"
            text run at (1224,68) width 40: " too)"
            text run at (1264,68) width 0: " "
          RenderInline {SPAN} at (0,0) size 376x16
            RenderText {#text} at (0,85) size 260x16
              text run at (0,85) width 32: "Word"
              text run at (52,85) width 120: "   spacing"
              text run at (192,85) width 40: " test"
              text run at (252,85) width 8: " "
            RenderInline {EM} at (0,0) size 24x17
              RenderText {#text} at (260,84) size 24x17
                text run at (260,84) width 24: "for"
            RenderText {#text} at (304,85) size 8x16
              text run at (304,85) width 8: " "
            RenderInline {STRONG} at (0,0) size 64x16
              RenderText {#text} at (312,85) size 64x16
                text run at (312,85) width 64: "elements"
          RenderText {#text} at (396,85) size 8x16
            text run at (396,85) width 8: " "
          RenderInline {TT} at (0,0) size 48x16
            RenderText {#text} at (404,85) size 48x16
              text run at (404,85) width 48: "within"
          RenderText {#text} at (472,85) size 1096x33
            text run at (472,85) width 72: " elements"
            text run at (564,85) width 40: " too."
            text run at (624,85) width 48: " (with"
            text run at (692,85) width 80: " monospace"
            text run at (792,85) width 40: " font"
            text run at (852,85) width 40: " from"
            text run at (912,85) width 40: " Word"
            text run at (972,85) width 24: " to"
            text run at (1016,85) width 80: " elements)"
            text run at (1096,85) width 0: " "
            text run at (0,102) width 32: "Word"
            text run at (52,102) width 120: "   spacing"
            text run at (192,102) width 40: " test"
            text run at (252,102) width 8: " "
          RenderInline {SPAN} at (0,0) size 192x16
            RenderInline {EM} at (0,0) size 24x17
              RenderText {#text} at (260,101) size 24x17
                text run at (260,101) width 24: "for"
            RenderText {#text} at (304,102) size 8x16
              text run at (304,102) width 8: " "
            RenderInline {STRONG} at (0,0) size 64x16
              RenderText {#text} at (312,102) size 64x16
                text run at (312,102) width 64: "elements"
            RenderText {#text} at (396,102) size 8x16
              text run at (396,102) width 8: " "
            RenderInline {TT} at (0,0) size 48x16
              RenderText {#text} at (404,102) size 48x16
                text run at (404,102) width 48: "within"
          RenderText {#text} at (472,102) size 1072x33
            text run at (472,102) width 72: " elements"
            text run at (564,102) width 40: " too."
            text run at (624,102) width 48: " (with"
            text run at (692,102) width 80: " monospace"
            text run at (792,102) width 40: " font"
            text run at (852,102) width 40: " from"
            text run at (912,102) width 32: " for"
            text run at (964,102) width 24: " to"
            text run at (1008,102) width 64: " within)"
            text run at (1072,102) width 0: " "
            text run at (0,119) width 32: "Word"
            text run at (52,119) width 120: "   spacing"
            text run at (192,119) width 40: " test"
            text run at (252,119) width 8: " "
          RenderInline {EM} at (0,0) size 24x17
            RenderText {#text} at (260,118) size 24x17
              text run at (260,118) width 24: "for"
          RenderText {#text} at (304,119) size 8x16
            text run at (304,119) width 8: " "
          RenderInline {STRONG} at (0,0) size 64x16
            RenderText {#text} at (312,119) size 64x16
              text run at (312,119) width 64: "elements"
          RenderText {#text} at (396,119) size 8x16
            text run at (396,119) width 8: " "
          RenderInline {SPAN} at (0,0) size 192x16
            RenderInline {TT} at (0,0) size 48x16
              RenderText {#text} at (404,119) size 48x16
                text run at (404,119) width 48: "within"
            RenderText {#text} at (472,119) size 124x16
              text run at (472,119) width 72: " elements"
              text run at (564,119) width 32: " too"
          RenderText {#text} at (596,119) size 492x16
            text run at (596,119) width 8: "."
            text run at (624,119) width 48: " (with"
            text run at (692,119) width 80: " monospace"
            text run at (792,119) width 40: " font"
            text run at (852,119) width 40: " from"
            text run at (912,119) width 72: " elements"
            text run at (1004,119) width 24: " to"
            text run at (1048,119) width 40: " too)"
            text run at (1088,119) width 0: " "
      RenderBlock (anonymous) at (0,450) size 769x0
        RenderInline {SPAN} at (0,0) size 0x0
          RenderText {#text} at (0,0) size 0x0
      RenderBlock (anonymous) at (0,456) size 769x24
        RenderBlock {H3} at (0,0) size 769x23
          RenderText {#text} at (0,0) size 117x22
            text run at (0,0) width 18: "In"
            text run at (38,0) width 15: " a"
            text run at (73,0) width 44: " span"
      RenderBlock (anonymous) at (0,497) size 769x301
        RenderInline {SPAN} at (0,0) size 752x259
          RenderText {#text} at (0,0) size 176x19
            text run at (0,0) width 35: "Word"
            text run at (55,0) width 4: " "
            text run at (59,0) width 48: "spacing"
            text run at (127,0) width 25: " test"
            text run at (172,0) width 4: " "
          RenderInline {EM} at (0,0) size 18x19
            RenderText {#text} at (176,0) size 18x19
              text run at (176,0) width 18: "for"
          RenderText {#text} at (214,0) size 4x19
            text run at (214,0) width 4: " "
          RenderInline {STRONG} at (0,0) size 58x19
            RenderText {#text} at (218,0) size 58x19
              text run at (218,0) width 58: "elements"
          RenderText {#text} at (296,0) size 4x19
            text run at (296,0) width 4: " "
          RenderInline {TT} at (0,0) size 48x16
            RenderText {#text} at (300,3) size 48x16
              text run at (300,3) width 48: "within"
          RenderText {#text} at (368,0) size 107x19
            text run at (368,0) width 59: " elements"
            text run at (447,0) width 28: " too."
          RenderBR {BR} at (475,0) size 0x19
          RenderText {#text} at (0,20) size 176x19
            text run at (0,20) width 35: "Word"
            text run at (55,20) width 4: " "
            text run at (59,20) width 48: "spacing"
            text run at (127,20) width 25: " test"
            text run at (172,20) width 4: " "
          RenderInline {EM} at (0,0) size 18x19
            RenderText {#text} at (176,20) size 18x19
              text run at (176,20) width 18: "for"
          RenderText {#text} at (214,20) size 4x19
            text run at (214,20) width 4: " "
          RenderInline {STRONG} at (0,0) size 58x19
            RenderText {#text} at (218,20) size 58x19
              text run at (218,20) width 58: "elements"
          RenderText {#text} at (296,20) size 4x19
            text run at (296,20) width 4: " "
          RenderInline {TT} at (0,0) size 48x16
            RenderText {#text} at (300,23) size 48x16
              text run at (300,23) width 48: "within"
          RenderText {#text} at (368,20) size 83x19
            text run at (368,20) width 59: " elements"
            text run at (447,20) width 4: " "
          RenderText {#text} at (451,20) size 691x39
            text run at (451,20) width 24: "too."
            text run at (495,20) width 37: " (with"
            text run at (552,20) width 62: " comment"
            text run at (634,20) width 57: " between"
            text run at (0,40) width 55: "elements"
            text run at (75,40) width 27: " and"
            text run at (122,40) width 29: " too)"
          RenderBR {BR} at (151,40) size 0x19
          RenderText {#text} at (0,60) size 176x19
            text run at (0,60) width 35: "Word"
            text run at (55,60) width 4: " "
            text run at (59,60) width 48: "spacing"
            text run at (127,60) width 25: " test"
            text run at (172,60) width 4: " "
          RenderInline {EM} at (0,0) size 18x19
            RenderText {#text} at (176,60) size 18x19
              text run at (176,60) width 18: "for"
          RenderText {#text} at (214,60) size 4x19
            text run at (214,60) width 4: " "
          RenderInline {STRONG} at (0,0) size 58x19
            RenderText {#text} at (218,60) size 58x19
              text run at (218,60) width 58: "elements"
          RenderText {#text} at (296,60) size 4x19
            text run at (296,60) width 4: " "
          RenderInline {TT} at (0,0) size 48x16
            RenderText {#text} at (300,63) size 48x16
              text run at (300,63) width 48: "within"
          RenderText {#text} at (368,60) size 59x19
            text run at (368,60) width 59: " elements"
          RenderText {#text} at (447,60) size 752x39
            text run at (447,60) width 28: " too."
            text run at (495,60) width 37: " (with"
            text run at (552,60) width 62: " comment"
            text run at (634,60) width 25: " (no"
            text run at (679,60) width 73: " preceeding"
            text run at (0,80) width 40: "space)"
            text run at (60,80) width 57: " between"
            text run at (137,80) width 59: " elements"
            text run at (216,80) width 27: " and"
            text run at (263,80) width 29: " too)"
          RenderBR {BR} at (292,80) size 0x19
          RenderText {#text} at (0,100) size 176x19
            text run at (0,100) width 35: "Word"
            text run at (55,100) width 4: " "
            text run at (59,100) width 48: "spacing"
            text run at (127,100) width 25: " test"
            text run at (172,100) width 4: " "
          RenderInline {EM} at (0,0) size 18x19
            RenderText {#text} at (176,100) size 18x19
              text run at (176,100) width 18: "for"
          RenderText {#text} at (214,100) size 4x19
            text run at (214,100) width 4: " "
          RenderInline {STRONG} at (0,0) size 58x19
            RenderText {#text} at (218,100) size 58x19
              text run at (218,100) width 58: "elements"
          RenderText {#text} at (296,100) size 4x19
            text run at (296,100) width 4: " "
          RenderInline {TT} at (0,0) size 48x16
            RenderText {#text} at (300,103) size 48x16
              text run at (300,103) width 48: "within"
          RenderText {#text} at (368,100) size 83x19
            text run at (368,100) width 59: " elements"
            text run at (447,100) width 4: " "
          RenderText {#text} at (451,100) size 727x39
            text run at (451,100) width 24: "too."
            text run at (495,100) width 37: " (with"
            text run at (552,100) width 62: " comment"
            text run at (634,100) width 25: " (no"
            text run at (679,100) width 48: " trailing"
            text run at (0,120) width 40: "space)"
            text run at (60,120) width 57: " between"
            text run at (137,120) width 59: " elements"
            text run at (216,120) width 27: " and"
            text run at (263,120) width 29: " too)"
          RenderBR {BR} at (292,120) size 0x19
          RenderInline {SPAN} at (0,0) size 320x16
            RenderText {#text} at (0,143) size 204x16
              text run at (0,143) width 32: "Word"
              text run at (52,143) width 8: " "
              text run at (60,143) width 56: "spacing"
              text run at (136,143) width 40: " test"
              text run at (196,143) width 8: " "
            RenderInline {EM} at (0,0) size 24x17
              RenderText {#text} at (204,142) size 24x17
                text run at (204,142) width 24: "for"
            RenderText {#text} at (248,143) size 8x16
              text run at (248,143) width 8: " "
            RenderInline {STRONG} at (0,0) size 64x16
              RenderText {#text} at (256,143) size 64x16
                text run at (256,143) width 64: "elements"
          RenderText {#text} at (340,140) size 4x19
            text run at (340,140) width 4: " "
          RenderInline {TT} at (0,0) size 48x16
            RenderText {#text} at (344,143) size 48x16
              text run at (344,143) width 48: "within"
          RenderText {#text} at (412,140) size 720x39
            text run at (412,140) width 59: " elements"
            text run at (491,140) width 28: " too."
            text run at (539,140) width 37: " (with"
            text run at (596,140) width 75: " monospace"
            text run at (691,140) width 29: " font"
            text run at (0,160) width 30: "from"
            text run at (50,160) width 39: " Word"
            text run at (109,160) width 16: " to"
            text run at (145,160) width 64: " elements)"
          RenderBR {BR} at (209,160) size 0x19
          RenderText {#text} at (0,180) size 176x19
            text run at (0,180) width 35: "Word"
            text run at (55,180) width 4: " "
            text run at (59,180) width 48: "spacing"
            text run at (127,180) width 25: " test"
            text run at (172,180) width 4: " "
          RenderInline {SPAN} at (0,0) size 192x16
            RenderInline {EM} at (0,0) size 24x17
              RenderText {#text} at (176,182) size 24x17
                text run at (176,182) width 24: "for"
            RenderText {#text} at (220,183) size 8x16
              text run at (220,183) width 8: " "
            RenderInline {STRONG} at (0,0) size 64x16
              RenderText {#text} at (228,183) size 64x16
                text run at (228,183) width 64: "elements"
            RenderText {#text} at (312,183) size 8x16
              text run at (312,183) width 8: " "
            RenderInline {TT} at (0,0) size 48x16
              RenderText {#text} at (320,183) size 48x16
                text run at (320,183) width 48: "within"
          RenderText {#text} at (388,180) size 750x39
            text run at (388,180) width 59: " elements"
            text run at (467,180) width 28: " too."
            text run at (515,180) width 37: " (with"
            text run at (572,180) width 75: " monospace"
            text run at (667,180) width 29: " font"
            text run at (716,180) width 34: " from"
            text run at (0,200) width 18: "for"
            text run at (38,200) width 16: " to"
            text run at (74,200) width 49: " within)"
          RenderBR {BR} at (123,200) size 0x19
          RenderText {#text} at (0,220) size 176x19
            text run at (0,220) width 35: "Word"
            text run at (55,220) width 4: " "
            text run at (59,220) width 48: "spacing"
            text run at (127,220) width 25: " test"
            text run at (172,220) width 4: " "
          RenderInline {EM} at (0,0) size 18x19
            RenderText {#text} at (176,220) size 18x19
              text run at (176,220) width 18: "for"
          RenderText {#text} at (214,220) size 4x19
            text run at (214,220) width 4: " "
          RenderInline {STRONG} at (0,0) size 58x19
            RenderText {#text} at (218,220) size 58x19
              text run at (218,220) width 58: "elements"
          RenderText {#text} at (296,220) size 4x19
            text run at (296,220) width 4: " "
          RenderInline {SPAN} at (0,0) size 192x16
            RenderInline {TT} at (0,0) size 48x16
              RenderText {#text} at (300,223) size 48x16
                text run at (300,223) width 48: "within"
            RenderText {#text} at (368,223) size 124x16
              text run at (368,223) width 72: " elements"
              text run at (460,223) width 32: " too"
          RenderText {#text} at (492,220) size 751x39
            text run at (492,220) width 4: "."
            text run at (516,220) width 37: " (with"
            text run at (573,220) width 75: " monospace"
            text run at (668,220) width 29: " font"
            text run at (717,220) width 34: " from"
            text run at (0,240) width 55: "elements"
            text run at (75,240) width 16: " to"
            text run at (111,240) width 29: " too)"
            text run at (160,240) width 4: " "
        RenderText {#text} at (0,0) size 0x0
        RenderBR {BR} at (164,240) size 0x19
        RenderBR {BR} at (0,260) size 0x19
        RenderBR {BR} at (0,280) size 0x19
      RenderBlock {H2} at (0,817) size 769x28
        RenderText {#text} at (0,0) size 140x26
          text run at (0,0) width 140: "letter-spacing"
      RenderBlock (floating) {PRE} at (0,877) size 1521x183
        RenderBlock {H3} at (0,15) size 1521x18
          RenderText {#text} at (0,0) size 224x17
            text run at (0,0) width 224: "In a floated pre"
        RenderBlock (anonymous) at (0,47) size 1521x136
          RenderText {#text} at (0,0) size 286x33
            text run at (0,0) width 0: " "
            text run at (0,17) width 286: "Letter   spacing test "
          RenderInline {EM} at (0,0) size 39x17
            RenderText {#text} at (286,16) size 39x17
              text run at (286,16) width 39: "for"
          RenderText {#text} at (325,17) size 13x16
            text run at (325,17) width 13: " "
          RenderInline {STRONG} at (0,0) size 104x16
            RenderText {#text} at (338,17) size 104x16
              text run at (338,17) width 104: "elements"
          RenderText {#text} at (442,17) size 13x16
            text run at (442,17) width 13: " "
          RenderInline {TT} at (0,0) size 78x16
            RenderText {#text} at (455,17) size 78x16
              text run at (455,17) width 78: "within"
          RenderText {#text} at (533,17) size 715x33
            text run at (533,17) width 182: " elements too."
            text run at (715,17) width 0: " "
            text run at (0,34) width 286: "Letter   spacing test "
          RenderInline {EM} at (0,0) size 39x17
            RenderText {#text} at (286,33) size 39x17
              text run at (286,33) width 39: "for"
          RenderText {#text} at (325,34) size 13x16
            text run at (325,34) width 13: " "
          RenderInline {STRONG} at (0,0) size 104x16
            RenderText {#text} at (338,34) size 104x16
              text run at (338,34) width 104: "elements"
          RenderText {#text} at (442,34) size 13x16
            text run at (442,34) width 13: " "
          RenderInline {TT} at (0,0) size 78x16
            RenderText {#text} at (455,34) size 78x16
              text run at (455,34) width 78: "within"
          RenderText {#text} at (533,34) size 130x16
            text run at (533,34) width 130: " elements "
          RenderText {#text} at (663,34) size 1248x33
            text run at (663,34) width 585: " too. (with comment between elements and too)"
            text run at (1248,34) width 0: " "
            text run at (0,51) width 286: "Letter   spacing test "
          RenderInline {EM} at (0,0) size 39x17
            RenderText {#text} at (286,50) size 39x17
              text run at (286,50) width 39: "for"
          RenderText {#text} at (325,51) size 13x16
            text run at (325,51) width 13: " "
          RenderInline {STRONG} at (0,0) size 104x16
            RenderText {#text} at (338,51) size 104x16
              text run at (338,51) width 104: "elements"
          RenderText {#text} at (442,51) size 13x16
            text run at (442,51) width 13: " "
          RenderInline {TT} at (0,0) size 78x16
            RenderText {#text} at (455,51) size 78x16
              text run at (455,51) width 78: "within"
          RenderText {#text} at (533,51) size 117x16
            text run at (533,51) width 117: " elements"
          RenderText {#text} at (650,51) size 1521x33
            text run at (650,51) width 871: " too. (with comment (no preceeding space) between elements and too)"
            text run at (1521,51) width 0: " "
            text run at (0,68) width 286: "Letter   spacing test "
          RenderInline {EM} at (0,0) size 39x17
            RenderText {#text} at (286,67) size 39x17
              text run at (286,67) width 39: "for"
          RenderText {#text} at (325,68) size 13x16
            text run at (325,68) width 13: " "
          RenderInline {STRONG} at (0,0) size 104x16
            RenderText {#text} at (338,68) size 104x16
              text run at (338,68) width 104: "elements"
          RenderText {#text} at (442,68) size 13x16
            text run at (442,68) width 13: " "
          RenderInline {TT} at (0,0) size 78x16
            RenderText {#text} at (455,68) size 78x16
              text run at (455,68) width 78: "within"
          RenderText {#text} at (533,68) size 130x16
            text run at (533,68) width 130: " elements "
          RenderText {#text} at (663,68) size 832x16
            text run at (663,68) width 832: "too. (with comment (no trailing space) between elements and too)"
            text run at (1495,68) width 0: " "
          RenderInline {SPAN} at (0,0) size 442x16
            RenderText {#text} at (0,85) size 286x16
              text run at (0,85) width 286: "Letter   spacing test "
            RenderInline {EM} at (0,0) size 39x17
              RenderText {#text} at (286,84) size 39x17
                text run at (286,84) width 39: "for"
            RenderText {#text} at (325,85) size 13x16
              text run at (325,85) width 13: " "
            RenderInline {STRONG} at (0,0) size 104x16
              RenderText {#text} at (338,85) size 104x16
                text run at (338,85) width 104: "elements"
          RenderText {#text} at (442,85) size 13x16
            text run at (442,85) width 13: " "
          RenderInline {TT} at (0,0) size 78x16
            RenderText {#text} at (455,85) size 78x16
              text run at (455,85) width 78: "within"
          RenderText {#text} at (533,85) size 1313x33
            text run at (533,85) width 780: " elements too. (with monospace font from Letter to elements)"
            text run at (1313,85) width 0: " "
            text run at (0,102) width 286: "Letter   spacing test "
          RenderInline {SPAN} at (0,0) size 247x16
            RenderInline {EM} at (0,0) size 39x17
              RenderText {#text} at (286,101) size 39x17
                text run at (286,101) width 39: "for"
            RenderText {#text} at (325,102) size 13x16
              text run at (325,102) width 13: " "
            RenderInline {STRONG} at (0,0) size 104x16
              RenderText {#text} at (338,102) size 104x16
                text run at (338,102) width 104: "elements"
            RenderText {#text} at (442,102) size 13x16
              text run at (442,102) width 13: " "
            RenderInline {TT} at (0,0) size 78x16
              RenderText {#text} at (455,102) size 78x16
                text run at (455,102) width 78: "within"
          RenderText {#text} at (533,102) size 1248x33
            text run at (533,102) width 715: " elements too. (with monospace font from for to within)"
            text run at (1248,102) width 0: " "
            text run at (0,119) width 286: "Letter   spacing test "
          RenderInline {EM} at (0,0) size 39x17
            RenderText {#text} at (286,118) size 39x17
              text run at (286,118) width 39: "for"
          RenderText {#text} at (325,119) size 13x16
            text run at (325,119) width 13: " "
          RenderInline {STRONG} at (0,0) size 104x16
            RenderText {#text} at (338,119) size 104x16
              text run at (338,119) width 104: "elements"
          RenderText {#text} at (442,119) size 13x16
            text run at (442,119) width 13: " "
          RenderInline {SPAN} at (0,0) size 247x16
            RenderInline {TT} at (0,0) size 78x16
              RenderText {#text} at (455,119) size 78x16
                text run at (455,119) width 78: "within"
            RenderText {#text} at (533,119) size 169x16
              text run at (533,119) width 169: " elements too"
          RenderText {#text} at (702,119) size 572x16
            text run at (702,119) width 572: ". (with monospace font from elements to too)"
            text run at (1274,119) width 0: " "
      RenderBlock (anonymous) at (0,864) size 769x209
        RenderBR {BR} at (1521,0) size 0x19
      RenderBlock {PRE} at (0,1087) size 769x168
        RenderBlock {H3} at (0,0) size 769x17
          RenderText {#text} at (0,0) size 280x17
            text run at (0,0) width 280: "In an un-floated pre"
        RenderBlock (anonymous) at (0,32) size 769x136
          RenderText {#text} at (0,0) size 286x33
            text run at (0,0) width 0: " "
            text run at (0,17) width 286: "Letter   spacing test "
          RenderInline {EM} at (0,0) size 39x17
            RenderText {#text} at (286,16) size 39x17
              text run at (286,16) width 39: "for"
          RenderText {#text} at (325,17) size 13x16
            text run at (325,17) width 13: " "
          RenderInline {STRONG} at (0,0) size 104x16
            RenderText {#text} at (338,17) size 104x16
              text run at (338,17) width 104: "elements"
          RenderText {#text} at (442,17) size 13x16
            text run at (442,17) width 13: " "
          RenderInline {TT} at (0,0) size 78x16
            RenderText {#text} at (455,17) size 78x16
              text run at (455,17) width 78: "within"
          RenderText {#text} at (533,17) size 715x33
            text run at (533,17) width 182: " elements too."
            text run at (715,17) width 0: " "
            text run at (0,34) width 286: "Letter   spacing test "
          RenderInline {EM} at (0,0) size 39x17
            RenderText {#text} at (286,33) size 39x17
              text run at (286,33) width 39: "for"
          RenderText {#text} at (325,34) size 13x16
            text run at (325,34) width 13: " "
          RenderInline {STRONG} at (0,0) size 104x16
            RenderText {#text} at (338,34) size 104x16
              text run at (338,34) width 104: "elements"
          RenderText {#text} at (442,34) size 13x16
            text run at (442,34) width 13: " "
          RenderInline {TT} at (0,0) size 78x16
            RenderText {#text} at (455,34) size 78x16
              text run at (455,34) width 78: "within"
          RenderText {#text} at (533,34) size 130x16
            text run at (533,34) width 130: " elements "
          RenderText {#text} at (663,34) size 1248x33
            text run at (663,34) width 585: " too. (with comment between elements and too)"
            text run at (1248,34) width 0: " "
            text run at (0,51) width 286: "Letter   spacing test "
          RenderInline {EM} at (0,0) size 39x17
            RenderText {#text} at (286,50) size 39x17
              text run at (286,50) width 39: "for"
          RenderText {#text} at (325,51) size 13x16
            text run at (325,51) width 13: " "
          RenderInline {STRONG} at (0,0) size 104x16
            RenderText {#text} at (338,51) size 104x16
              text run at (338,51) width 104: "elements"
          RenderText {#text} at (442,51) size 13x16
            text run at (442,51) width 13: " "
          RenderInline {TT} at (0,0) size 78x16
            RenderText {#text} at (455,51) size 78x16
              text run at (455,51) width 78: "within"
          RenderText {#text} at (533,51) size 117x16
            text run at (533,51) width 117: " elements"
          RenderText {#text} at (650,51) size 1521x33
            text run at (650,51) width 871: " too. (with comment (no preceeding space) between elements and too)"
            text run at (1521,51) width 0: " "
            text run at (0,68) width 286: "Letter   spacing test "
          RenderInline {EM} at (0,0) size 39x17
            RenderText {#text} at (286,67) size 39x17
              text run at (286,67) width 39: "for"
          RenderText {#text} at (325,68) size 13x16
            text run at (325,68) width 13: " "
          RenderInline {STRONG} at (0,0) size 104x16
            RenderText {#text} at (338,68) size 104x16
              text run at (338,68) width 104: "elements"
          RenderText {#text} at (442,68) size 13x16
            text run at (442,68) width 13: " "
          RenderInline {TT} at (0,0) size 78x16
            RenderText {#text} at (455,68) size 78x16
              text run at (455,68) width 78: "within"
          RenderText {#text} at (533,68) size 130x16
            text run at (533,68) width 130: " elements "
          RenderText {#text} at (663,68) size 832x16
            text run at (663,68) width 832: "too. (with comment (no trailing space) between elements and too)"
            text run at (1495,68) width 0: " "
          RenderInline {SPAN} at (0,0) size 442x16
            RenderText {#text} at (0,85) size 286x16
              text run at (0,85) width 286: "Letter   spacing test "
            RenderInline {EM} at (0,0) size 39x17
              RenderText {#text} at (286,84) size 39x17
                text run at (286,84) width 39: "for"
            RenderText {#text} at (325,85) size 13x16
              text run at (325,85) width 13: " "
            RenderInline {STRONG} at (0,0) size 104x16
              RenderText {#text} at (338,85) size 104x16
                text run at (338,85) width 104: "elements"
          RenderText {#text} at (442,85) size 13x16
            text run at (442,85) width 13: " "
          RenderInline {TT} at (0,0) size 78x16
            RenderText {#text} at (455,85) size 78x16
              text run at (455,85) width 78: "within"
          RenderText {#text} at (533,85) size 1313x33
            text run at (533,85) width 780: " elements too. (with monospace font from Letter to elements)"
            text run at (1313,85) width 0: " "
            text run at (0,102) width 286: "Letter   spacing test "
          RenderInline {SPAN} at (0,0) size 247x16
            RenderInline {EM} at (0,0) size 39x17
              RenderText {#text} at (286,101) size 39x17
                text run at (286,101) width 39: "for"
            RenderText {#text} at (325,102) size 13x16
              text run at (325,102) width 13: " "
            RenderInline {STRONG} at (0,0) size 104x16
              RenderText {#text} at (338,102) size 104x16
                text run at (338,102) width 104: "elements"
            RenderText {#text} at (442,102) size 13x16
              text run at (442,102) width 13: " "
            RenderInline {TT} at (0,0) size 78x16
              RenderText {#text} at (455,102) size 78x16
                text run at (455,102) width 78: "within"
          RenderText {#text} at (533,102) size 1248x33
            text run at (533,102) width 715: " elements too. (with monospace font from for to within)"
            text run at (1248,102) width 0: " "
            text run at (0,119) width 286: "Letter   spacing test "
          RenderInline {EM} at (0,0) size 39x17
            RenderText {#text} at (286,118) size 39x17
              text run at (286,118) width 39: "for"
          RenderText {#text} at (325,119) size 13x16
            text run at (325,119) width 13: " "
          RenderInline {STRONG} at (0,0) size 104x16
            RenderText {#text} at (338,119) size 104x16
              text run at (338,119) width 104: "elements"
          RenderText {#text} at (442,119) size 13x16
            text run at (442,119) width 13: " "
          RenderInline {SPAN} at (0,0) size 247x16
            RenderInline {TT} at (0,0) size 78x16
              RenderText {#text} at (455,119) size 78x16
                text run at (455,119) width 78: "within"
            RenderText {#text} at (533,119) size 169x16
              text run at (533,119) width 169: " elements too"
          RenderText {#text} at (702,119) size 572x16
            text run at (702,119) width 572: ". (with monospace font from elements to too)"
            text run at (1274,119) width 0: " "
      RenderBlock (anonymous) at (0,1267) size 769x21
        RenderBR {BR} at (0,0) size 0x19
        RenderInline {SPAN} at (0,0) size 0x19
          RenderText {#text} at (0,0) size 0x0
      RenderBlock (anonymous) at (0,1306) size 769x24
        RenderBlock {H3} at (0,0) size 769x23
          RenderText {#text} at (0,0) size 122x22
            text run at (0,0) width 122: "In a span"
      RenderBlock (anonymous) at (0,1348) size 769x301
        RenderInline {SPAN} at (0,0) size 727x259
          RenderText {#text} at (0,0) size 218x19
            text run at (0,0) width 76: "Letter "
            text run at (76,0) width 142: "spacing test "
          RenderInline {EM} at (0,0) size 33x19
            RenderText {#text} at (218,0) size 33x19
              text run at (218,0) width 33: "for"
          RenderText {#text} at (251,0) size 9x19
            text run at (251,0) width 9: " "
          RenderInline {STRONG} at (0,0) size 98x19
            RenderText {#text} at (260,0) size 98x19
              text run at (260,0) width 98: "elements"
          RenderText {#text} at (358,0) size 9x19
            text run at (358,0) width 9: " "
          RenderInline {TT} at (0,0) size 78x16
            RenderText {#text} at (367,3) size 78x16
              text run at (367,3) width 78: "within"
          RenderText {#text} at (445,0) size 157x19
            text run at (445,0) width 157: " elements too."
          RenderBR {BR} at (602,0) size 0x19
          RenderText {#text} at (0,20) size 218x19
            text run at (0,20) width 76: "Letter "
            text run at (76,20) width 142: "spacing test "
          RenderInline {EM} at (0,0) size 33x19
            RenderText {#text} at (218,20) size 33x19
              text run at (218,20) width 33: "for"
          RenderText {#text} at (251,20) size 9x19
            text run at (251,20) width 9: " "
          RenderInline {STRONG} at (0,0) size 98x19
            RenderText {#text} at (260,20) size 98x19
              text run at (260,20) width 98: "elements"
          RenderText {#text} at (358,20) size 9x19
            text run at (358,20) width 9: " "
          RenderInline {TT} at (0,0) size 78x16
            RenderText {#text} at (367,23) size 78x16
              text run at (367,23) width 78: "within"
          RenderText {#text} at (445,20) size 113x19
            text run at (445,20) width 113: " elements "
          RenderText {#text} at (558,20) size 669x39
            text run at (558,20) width 111: "too. (with"
            text run at (0,40) width 395: "comment between elements and too)"
          RenderBR {BR} at (395,40) size 0x19
          RenderText {#text} at (0,60) size 218x19
            text run at (0,60) width 76: "Letter "
            text run at (76,60) width 142: "spacing test "
          RenderInline {EM} at (0,0) size 33x19
            RenderText {#text} at (218,60) size 33x19
              text run at (218,60) width 33: "for"
          RenderText {#text} at (251,60) size 9x19
            text run at (251,60) width 9: " "
          RenderInline {STRONG} at (0,0) size 98x19
            RenderText {#text} at (260,60) size 98x19
              text run at (260,60) width 98: "elements"
          RenderText {#text} at (358,60) size 9x19
            text run at (358,60) width 9: " "
          RenderInline {TT} at (0,0) size 78x16
            RenderText {#text} at (367,63) size 78x16
              text run at (367,63) width 78: "within"
          RenderText {#text} at (445,60) size 104x19
            text run at (445,60) width 104: " elements"
          RenderText {#text} at (549,60) size 669x39
            text run at (549,60) width 120: " too. (with"
            text run at (0,80) width 647: "comment (no preceeding space) between elements and too)"
          RenderBR {BR} at (647,80) size 0x19
          RenderText {#text} at (0,100) size 218x19
            text run at (0,100) width 76: "Letter "
            text run at (76,100) width 142: "spacing test "
          RenderInline {EM} at (0,0) size 33x19
            RenderText {#text} at (218,100) size 33x19
              text run at (218,100) width 33: "for"
          RenderText {#text} at (251,100) size 9x19
            text run at (251,100) width 9: " "
          RenderInline {STRONG} at (0,0) size 98x19
            RenderText {#text} at (260,100) size 98x19
              text run at (260,100) width 98: "elements"
          RenderText {#text} at (358,100) size 9x19
            text run at (358,100) width 9: " "
          RenderInline {TT} at (0,0) size 78x16
            RenderText {#text} at (367,103) size 78x16
              text run at (367,103) width 78: "within"
          RenderText {#text} at (445,100) size 113x19
            text run at (445,100) width 113: " elements "
          RenderText {#text} at (558,100) size 669x39
            text run at (558,100) width 111: "too. (with"
            text run at (0,120) width 612: "comment (no trailing space) between elements and too)"
          RenderBR {BR} at (612,120) size 0x19
          RenderInline {SPAN} at (0,0) size 416x16
            RenderText {#text} at (0,143) size 260x16
              text run at (0,143) width 91: "Letter "
              text run at (91,143) width 169: "spacing test "
            RenderInline {EM} at (0,0) size 39x17
              RenderText {#text} at (260,142) size 39x17
                text run at (260,142) width 39: "for"
            RenderText {#text} at (299,143) size 13x16
              text run at (299,143) width 13: " "
            RenderInline {STRONG} at (0,0) size 104x16
              RenderText {#text} at (312,143) size 104x16
                text run at (312,143) width 104: "elements"
          RenderText {#text} at (416,140) size 9x19
            text run at (416,140) width 9: " "
          RenderInline {TT} at (0,0) size 78x16
            RenderText {#text} at (425,143) size 78x16
              text run at (425,143) width 78: "within"
          RenderText {#text} at (503,140) size 727x39
            text run at (503,140) width 224: " elements too. (with"
            text run at (0,160) width 450: "monospace font from Letter to elements)"
          RenderBR {BR} at (450,160) size 0x19
          RenderText {#text} at (0,180) size 218x19
            text run at (0,180) width 76: "Letter "
            text run at (76,180) width 142: "spacing test "
          RenderInline {SPAN} at (0,0) size 247x16
            RenderInline {EM} at (0,0) size 39x17
              RenderText {#text} at (218,182) size 39x17
                text run at (218,182) width 39: "for"
            RenderText {#text} at (257,183) size 13x16
              text run at (257,183) width 13: " "
            RenderInline {STRONG} at (0,0) size 104x16
              RenderText {#text} at (270,183) size 104x16
                text run at (270,183) width 104: "elements"
            RenderText {#text} at (374,183) size 13x16
              text run at (374,183) width 13: " "
            RenderInline {TT} at (0,0) size 78x16
              RenderText {#text} at (387,183) size 78x16
                text run at (387,183) width 78: "within"
          RenderText {#text} at (465,180) size 689x39
            text run at (465,180) width 224: " elements too. (with"
            text run at (0,200) width 391: "monospace font from for to within)"
          RenderBR {BR} at (391,200) size 0x19
          RenderText {#text} at (0,220) size 218x19
            text run at (0,220) width 76: "Letter "
            text run at (76,220) width 142: "spacing test "
          RenderInline {EM} at (0,0) size 33x19
            RenderText {#text} at (218,220) size 33x19
              text run at (218,220) width 33: "for"
          RenderText {#text} at (251,220) size 9x19
            text run at (251,220) width 9: " "
          RenderInline {STRONG} at (0,0) size 98x19
            RenderText {#text} at (260,220) size 98x19
              text run at (260,220) width 98: "elements"
          RenderText {#text} at (358,220) size 9x19
            text run at (358,220) width 9: " "
          RenderInline {SPAN} at (0,0) size 247x16
            RenderInline {TT} at (0,0) size 78x16
              RenderText {#text} at (367,223) size 78x16
                text run at (367,223) width 78: "within"
            RenderText {#text} at (445,223) size 169x16
              text run at (445,223) width 169: " elements too"
          RenderText {#text} at (614,220) size 690x39
            text run at (614,220) width 76: ". (with"
            text run at (0,240) width 427: "monospace font from elements to too) "
        RenderText {#text} at (0,0) size 0x0
        RenderBR {BR} at (427,240) size 0x19
        RenderBR {BR} at (0,260) size 0x19
        RenderBR {BR} at (0,280) size 0x19
      RenderBlock {H2} at (0,1668) size 769x28
        RenderText {#text} at (0,0) size 131x26
          text run at (0,0) width 131: "both-spacing"
      RenderBlock (floating) {PRE} at (0,1728) size 2038x183
        RenderBlock {H3} at (0,15) size 2038x18
          RenderText {#text} at (0,0) size 284x17
            text run at (0,0) width 28: "In"
            text run at (48,0) width 28: " a"
            text run at (96,0) width 112: " floated"
            text run at (228,0) width 56: " pre"
        RenderBlock (anonymous) at (0,47) size 2038x136
          RenderText {#text} at (0,0) size 543x33
            text run at (0,0) width 0: " "
            text run at (0,17) width 52: "Word"
            text run at (72,17) width 52: " and"
            text run at (144,17) width 91: " letter"
            text run at (255,17) width 170: "   spacing"
            text run at (445,17) width 65: " test"
            text run at (530,17) width 13: " "
          RenderInline {EM} at (0,0) size 39x17
            RenderText {#text} at (543,16) size 39x17
              text run at (543,16) width 39: "for"
          RenderText {#text} at (602,17) size 13x16
            text run at (602,17) width 13: " "
          RenderInline {STRONG} at (0,0) size 104x16
            RenderText {#text} at (615,17) size 104x16
              text run at (615,17) width 104: "elements"
          RenderText {#text} at (739,17) size 13x16
            text run at (739,17) width 13: " "
          RenderInline {TT} at (0,0) size 78x16
            RenderText {#text} at (752,17) size 78x16
              text run at (752,17) width 78: "within"
          RenderText {#text} at (850,17) size 1052x33
            text run at (850,17) width 117: " elements"
            text run at (987,17) width 65: " too."
            text run at (1052,17) width 0: " "
            text run at (0,34) width 52: "Word"
            text run at (72,34) width 52: " and"
            text run at (144,34) width 91: " letter"
            text run at (255,34) width 170: "   spacing"
            text run at (445,34) width 65: " test"
            text run at (530,34) width 13: " "
          RenderInline {EM} at (0,0) size 39x17
            RenderText {#text} at (543,33) size 39x17
              text run at (543,33) width 39: "for"
          RenderText {#text} at (602,34) size 13x16
            text run at (602,34) width 13: " "
          RenderInline {STRONG} at (0,0) size 104x16
            RenderText {#text} at (615,34) size 104x16
              text run at (615,34) width 104: "elements"
          RenderText {#text} at (739,34) size 13x16
            text run at (739,34) width 13: " "
          RenderInline {TT} at (0,0) size 78x16
            RenderText {#text} at (752,34) size 78x16
              text run at (752,34) width 78: "within"
          RenderText {#text} at (850,34) size 150x16
            text run at (850,34) width 117: " elements"
            text run at (987,34) width 13: " "
          RenderText {#text} at (1020,34) size 1725x33
            text run at (1020,34) width 65: " too."
            text run at (1105,34) width 78: " (with"
            text run at (1203,34) width 104: " comment"
            text run at (1327,34) width 104: " between"
            text run at (1451,34) width 117: " elements"
            text run at (1588,34) width 52: " and"
            text run at (1660,34) width 65: " too)"
            text run at (1725,34) width 0: " "
            text run at (0,51) width 52: "Word"
            text run at (72,51) width 52: " and"
            text run at (144,51) width 91: " letter"
            text run at (255,51) width 170: "   spacing"
            text run at (445,51) width 65: " test"
            text run at (530,51) width 13: " "
          RenderInline {EM} at (0,0) size 39x17
            RenderText {#text} at (543,50) size 39x17
              text run at (543,50) width 39: "for"
          RenderText {#text} at (602,51) size 13x16
            text run at (602,51) width 13: " "
          RenderInline {STRONG} at (0,0) size 104x16
            RenderText {#text} at (615,51) size 104x16
              text run at (615,51) width 104: "elements"
          RenderText {#text} at (739,51) size 13x16
            text run at (739,51) width 13: " "
          RenderInline {TT} at (0,0) size 78x16
            RenderText {#text} at (752,51) size 78x16
              text run at (752,51) width 78: "within"
          RenderText {#text} at (850,51) size 117x16
            text run at (850,51) width 117: " elements"
          RenderText {#text} at (987,51) size 2038x33
            text run at (987,51) width 65: " too."
            text run at (1072,51) width 78: " (with"
            text run at (1170,51) width 104: " comment"
            text run at (1294,51) width 52: " (no"
            text run at (1366,51) width 143: " preceeding"
            text run at (1529,51) width 91: " space)"
            text run at (1640,51) width 104: " between"
            text run at (1764,51) width 117: " elements"
            text run at (1901,51) width 52: " and"
            text run at (1973,51) width 65: " too)"
            text run at (2038,51) width 0: " "
            text run at (0,68) width 52: "Word"
            text run at (72,68) width 52: " and"
            text run at (144,68) width 91: " letter"
            text run at (255,68) width 170: "   spacing"
            text run at (445,68) width 65: " test"
            text run at (530,68) width 13: " "
          RenderInline {EM} at (0,0) size 39x17
            RenderText {#text} at (543,67) size 39x17
              text run at (543,67) width 39: "for"
          RenderText {#text} at (602,68) size 13x16
            text run at (602,68) width 13: " "
          RenderInline {STRONG} at (0,0) size 104x16
            RenderText {#text} at (615,68) size 104x16
              text run at (615,68) width 104: "elements"
          RenderText {#text} at (739,68) size 13x16
            text run at (739,68) width 13: " "
          RenderInline {TT} at (0,0) size 78x16
            RenderText {#text} at (752,68) size 78x16
              text run at (752,68) width 78: "within"
          RenderText {#text} at (850,68) size 150x16
            text run at (850,68) width 117: " elements"
            text run at (987,68) width 13: " "
          RenderText {#text} at (1000,68) size 1012x16
            text run at (1000,68) width 52: "too."
            text run at (1072,68) width 78: " (with"
            text run at (1170,68) width 104: " comment"
            text run at (1294,68) width 52: " (no"
            text run at (1366,68) width 117: " trailing"
            text run at (1503,68) width 91: " space)"
            text run at (1614,68) width 104: " between"
            text run at (1738,68) width 117: " elements"
            text run at (1875,68) width 52: " and"
            text run at (1947,68) width 65: " too)"
            text run at (2012,68) width 0: " "
          RenderInline {SPAN} at (0,0) size 719x16
            RenderText {#text} at (0,85) size 543x16
              text run at (0,85) width 52: "Word"
              text run at (72,85) width 52: " and"
              text run at (144,85) width 91: " letter"
              text run at (255,85) width 170: "   spacing"
              text run at (445,85) width 65: " test"
              text run at (530,85) width 13: " "
            RenderInline {EM} at (0,0) size 39x17
              RenderText {#text} at (543,84) size 39x17
                text run at (543,84) width 39: "for"
            RenderText {#text} at (602,85) size 13x16
              text run at (602,85) width 13: " "
            RenderInline {STRONG} at (0,0) size 104x16
              RenderText {#text} at (615,85) size 104x16
                text run at (615,85) width 104: "elements"
          RenderText {#text} at (739,85) size 13x16
            text run at (739,85) width 13: " "
          RenderInline {TT} at (0,0) size 78x16
            RenderText {#text} at (752,85) size 78x16
              text run at (752,85) width 78: "within"
          RenderText {#text} at (850,85) size 1764x33
            text run at (850,85) width 117: " elements"
            text run at (987,85) width 65: " too."
            text run at (1072,85) width 78: " (with"
            text run at (1170,85) width 130: " monospace"
            text run at (1320,85) width 65: " font"
            text run at (1405,85) width 65: " from"
            text run at (1490,85) width 65: " Word"
            text run at (1575,85) width 39: " to"
            text run at (1634,85) width 130: " elements)"
            text run at (1764,85) width 0: " "
            text run at (0,102) width 52: "Word"
            text run at (72,102) width 52: " and"
            text run at (144,102) width 91: " letter"
            text run at (255,102) width 170: "   spacing"
            text run at (445,102) width 65: " test"
            text run at (530,102) width 13: " "
          RenderInline {SPAN} at (0,0) size 287x16
            RenderInline {EM} at (0,0) size 39x17
              RenderText {#text} at (543,101) size 39x17
                text run at (543,101) width 39: "for"
            RenderText {#text} at (602,102) size 13x16
              text run at (602,102) width 13: " "
            RenderInline {STRONG} at (0,0) size 104x16
              RenderText {#text} at (615,102) size 104x16
                text run at (615,102) width 104: "elements"
            RenderText {#text} at (739,102) size 13x16
              text run at (739,102) width 13: " "
            RenderInline {TT} at (0,0) size 78x16
              RenderText {#text} at (752,102) size 78x16
                text run at (752,102) width 78: "within"
          RenderText {#text} at (850,102) size 1725x33
            text run at (850,102) width 117: " elements"
            text run at (987,102) width 65: " too."
            text run at (1072,102) width 78: " (with"
            text run at (1170,102) width 130: " monospace"
            text run at (1320,102) width 65: " font"
            text run at (1405,102) width 65: " from"
            text run at (1490,102) width 52: " for"
            text run at (1562,102) width 39: " to"
            text run at (1621,102) width 104: " within)"
            text run at (1725,102) width 0: " "
            text run at (0,119) width 52: "Word"
            text run at (72,119) width 52: " and"
            text run at (144,119) width 91: " letter"
            text run at (255,119) width 170: "   spacing"
            text run at (445,119) width 65: " test"
            text run at (530,119) width 13: " "
          RenderInline {EM} at (0,0) size 39x17
            RenderText {#text} at (543,118) size 39x17
              text run at (543,118) width 39: "for"
          RenderText {#text} at (602,119) size 13x16
            text run at (602,119) width 13: " "
          RenderInline {STRONG} at (0,0) size 104x16
            RenderText {#text} at (615,119) size 104x16
              text run at (615,119) width 104: "elements"
          RenderText {#text} at (739,119) size 13x16
            text run at (739,119) width 13: " "
          RenderInline {SPAN} at (0,0) size 287x16
            RenderInline {TT} at (0,0) size 78x16
              RenderText {#text} at (752,119) size 78x16
                text run at (752,119) width 78: "within"
            RenderText {#text} at (850,119) size 189x16
              text run at (850,119) width 117: " elements"
              text run at (987,119) width 52: " too"
          RenderText {#text} at (1039,119) size 712x16
            text run at (1039,119) width 13: "."
            text run at (1072,119) width 78: " (with"
            text run at (1170,119) width 130: " monospace"
            text run at (1320,119) width 65: " font"
            text run at (1405,119) width 65: " from"
            text run at (1490,119) width 117: " elements"
            text run at (1627,119) width 39: " to"
            text run at (1686,119) width 65: " too)"
            text run at (1751,119) width 0: " "
      RenderBlock (anonymous) at (0,1715) size 769x209
        RenderBR {BR} at (2038,0) size 0x19
      RenderBlock {PRE} at (0,1938) size 769x168
        RenderBlock {H3} at (0,0) size 769x17
          RenderText {#text} at (0,0) size 340x17
            text run at (0,0) width 28: "In"
            text run at (48,0) width 42: " an"
            text run at (110,0) width 154: " un-floated"
            text run at (284,0) width 56: " pre"
        RenderBlock (anonymous) at (0,32) size 769x136
          RenderText {#text} at (0,0) size 543x33
            text run at (0,0) width 0: " "
            text run at (0,17) width 52: "Word"
            text run at (72,17) width 52: " and"
            text run at (144,17) width 91: " letter"
            text run at (255,17) width 170: "   spacing"
            text run at (445,17) width 65: " test"
            text run at (530,17) width 13: " "
          RenderInline {EM} at (0,0) size 39x17
            RenderText {#text} at (543,16) size 39x17
              text run at (543,16) width 39: "for"
          RenderText {#text} at (602,17) size 13x16
            text run at (602,17) width 13: " "
          RenderInline {STRONG} at (0,0) size 104x16
            RenderText {#text} at (615,17) size 104x16
              text run at (615,17) width 104: "elements"
          RenderText {#text} at (739,17) size 13x16
            text run at (739,17) width 13: " "
          RenderInline {TT} at (0,0) size 78x16
            RenderText {#text} at (752,17) size 78x16
              text run at (752,17) width 78: "within"
          RenderText {#text} at (850,17) size 1052x33
            text run at (850,17) width 117: " elements"
            text run at (987,17) width 65: " too."
            text run at (1052,17) width 0: " "
            text run at (0,34) width 52: "Word"
            text run at (72,34) width 52: " and"
            text run at (144,34) width 91: " letter"
            text run at (255,34) width 170: "   spacing"
            text run at (445,34) width 65: " test"
            text run at (530,34) width 13: " "
          RenderInline {EM} at (0,0) size 39x17
            RenderText {#text} at (543,33) size 39x17
              text run at (543,33) width 39: "for"
          RenderText {#text} at (602,34) size 13x16
            text run at (602,34) width 13: " "
          RenderInline {STRONG} at (0,0) size 104x16
            RenderText {#text} at (615,34) size 104x16
              text run at (615,34) width 104: "elements"
          RenderText {#text} at (739,34) size 13x16
            text run at (739,34) width 13: " "
          RenderInline {TT} at (0,0) size 78x16
            RenderText {#text} at (752,34) size 78x16
              text run at (752,34) width 78: "within"
          RenderText {#text} at (850,34) size 150x16
            text run at (850,34) width 117: " elements"
            text run at (987,34) width 13: " "
          RenderText {#text} at (1020,34) size 1725x33
            text run at (1020,34) width 65: " too."
            text run at (1105,34) width 78: " (with"
            text run at (1203,34) width 104: " comment"
            text run at (1327,34) width 104: " between"
            text run at (1451,34) width 117: " elements"
            text run at (1588,34) width 52: " and"
            text run at (1660,34) width 65: " too)"
            text run at (1725,34) width 0: " "
            text run at (0,51) width 52: "Word"
            text run at (72,51) width 52: " and"
            text run at (144,51) width 91: " letter"
            text run at (255,51) width 170: "   spacing"
            text run at (445,51) width 65: " test"
            text run at (530,51) width 13: " "
          RenderInline {EM} at (0,0) size 39x17
            RenderText {#text} at (543,50) size 39x17
              text run at (543,50) width 39: "for"
          RenderText {#text} at (602,51) size 13x16
            text run at (602,51) width 13: " "
          RenderInline {STRONG} at (0,0) size 104x16
            RenderText {#text} at (615,51) size 104x16
              text run at (615,51) width 104: "elements"
          RenderText {#text} at (739,51) size 13x16
            text run at (739,51) width 13: " "
          RenderInline {TT} at (0,0) size 78x16
            RenderText {#text} at (752,51) size 78x16
              text run at (752,51) width 78: "within"
          RenderText {#text} at (850,51) size 117x16
            text run at (850,51) width 117: " elements"
          RenderText {#text} at (987,51) size 2038x33
            text run at (987,51) width 65: " too."
            text run at (1072,51) width 78: " (with"
            text run at (1170,51) width 104: " comment"
            text run at (1294,51) width 52: " (no"
            text run at (1366,51) width 143: " preceeding"
            text run at (1529,51) width 91: " space)"
            text run at (1640,51) width 104: " between"
            text run at (1764,51) width 117: " elements"
            text run at (1901,51) width 52: " and"
            text run at (1973,51) width 65: " too)"
            text run at (2038,51) width 0: " "
            text run at (0,68) width 52: "Word"
            text run at (72,68) width 52: " and"
            text run at (144,68) width 91: " letter"
            text run at (255,68) width 170: "   spacing"
            text run at (445,68) width 65: " test"
            text run at (530,68) width 13: " "
          RenderInline {EM} at (0,0) size 39x17
            RenderText {#text} at (543,67) size 39x17
              text run at (543,67) width 39: "for"
          RenderText {#text} at (602,68) size 13x16
            text run at (602,68) width 13: " "
          RenderInline {STRONG} at (0,0) size 104x16
            RenderText {#text} at (615,68) size 104x16
              text run at (615,68) width 104: "elements"
          RenderText {#text} at (739,68) size 13x16
            text run at (739,68) width 13: " "
          RenderInline {TT} at (0,0) size 78x16
            RenderText {#text} at (752,68) size 78x16
              text run at (752,68) width 78: "within"
          RenderText {#text} at (850,68) size 150x16
            text run at (850,68) width 117: " elements"
            text run at (987,68) width 13: " "
          RenderText {#text} at (1000,68) size 1012x16
            text run at (1000,68) width 52: "too."
            text run at (1072,68) width 78: " (with"
            text run at (1170,68) width 104: " comment"
            text run at (1294,68) width 52: " (no"
            text run at (1366,68) width 117: " trailing"
            text run at (1503,68) width 91: " space)"
            text run at (1614,68) width 104: " between"
            text run at (1738,68) width 117: " elements"
            text run at (1875,68) width 52: " and"
            text run at (1947,68) width 65: " too)"
            text run at (2012,68) width 0: " "
          RenderInline {SPAN} at (0,0) size 719x16
            RenderText {#text} at (0,85) size 543x16
              text run at (0,85) width 52: "Word"
              text run at (72,85) width 52: " and"
              text run at (144,85) width 91: " letter"
              text run at (255,85) width 170: "   spacing"
              text run at (445,85) width 65: " test"
              text run at (530,85) width 13: " "
            RenderInline {EM} at (0,0) size 39x17
              RenderText {#text} at (543,84) size 39x17
                text run at (543,84) width 39: "for"
            RenderText {#text} at (602,85) size 13x16
              text run at (602,85) width 13: " "
            RenderInline {STRONG} at (0,0) size 104x16
              RenderText {#text} at (615,85) size 104x16
                text run at (615,85) width 104: "elements"
          RenderText {#text} at (739,85) size 13x16
            text run at (739,85) width 13: " "
          RenderInline {TT} at (0,0) size 78x16
            RenderText {#text} at (752,85) size 78x16
              text run at (752,85) width 78: "within"
          RenderText {#text} at (850,85) size 1764x33
            text run at (850,85) width 117: " elements"
            text run at (987,85) width 65: " too."
            text run at (1072,85) width 78: " (with"
            text run at (1170,85) width 130: " monospace"
            text run at (1320,85) width 65: " font"
            text run at (1405,85) width 65: " from"
            text run at (1490,85) width 65: " Word"
            text run at (1575,85) width 39: " to"
            text run at (1634,85) width 130: " elements)"
            text run at (1764,85) width 0: " "
            text run at (0,102) width 52: "Word"
            text run at (72,102) width 52: " and"
            text run at (144,102) width 91: " letter"
            text run at (255,102) width 170: "   spacing"
            text run at (445,102) width 65: " test"
            text run at (530,102) width 13: " "
          RenderInline {SPAN} at (0,0) size 287x16
            RenderInline {EM} at (0,0) size 39x17
              RenderText {#text} at (543,101) size 39x17
                text run at (543,101) width 39: "for"
            RenderText {#text} at (602,102) size 13x16
              text run at (602,102) width 13: " "
            RenderInline {STRONG} at (0,0) size 104x16
              RenderText {#text} at (615,102) size 104x16
                text run at (615,102) width 104: "elements"
            RenderText {#text} at (739,102) size 13x16
              text run at (739,102) width 13: " "
            RenderInline {TT} at (0,0) size 78x16
              RenderText {#text} at (752,102) size 78x16
                text run at (752,102) width 78: "within"
          RenderText {#text} at (850,102) size 1725x33
            text run at (850,102) width 117: " elements"
            text run at (987,102) width 65: " too."
            text run at (1072,102) width 78: " (with"
            text run at (1170,102) width 130: " monospace"
            text run at (1320,102) width 65: " font"
            text run at (1405,102) width 65: " from"
            text run at (1490,102) width 52: " for"
            text run at (1562,102) width 39: " to"
            text run at (1621,102) width 104: " within)"
            text run at (1725,102) width 0: " "
            text run at (0,119) width 52: "Word"
            text run at (72,119) width 52: " and"
            text run at (144,119) width 91: " letter"
            text run at (255,119) width 170: "   spacing"
            text run at (445,119) width 65: " test"
            text run at (530,119) width 13: " "
          RenderInline {EM} at (0,0) size 39x17
            RenderText {#text} at (543,118) size 39x17
              text run at (543,118) width 39: "for"
          RenderText {#text} at (602,119) size 13x16
            text run at (602,119) width 13: " "
          RenderInline {STRONG} at (0,0) size 104x16
            RenderText {#text} at (615,119) size 104x16
              text run at (615,119) width 104: "elements"
          RenderText {#text} at (739,119) size 13x16
            text run at (739,119) width 13: " "
          RenderInline {SPAN} at (0,0) size 287x16
            RenderInline {TT} at (0,0) size 78x16
              RenderText {#text} at (752,119) size 78x16
                text run at (752,119) width 78: "within"
            RenderText {#text} at (850,119) size 189x16
              text run at (850,119) width 117: " elements"
              text run at (987,119) width 52: " too"
          RenderText {#text} at (1039,119) size 712x16
            text run at (1039,119) width 13: "."
            text run at (1072,119) width 78: " (with"
            text run at (1170,119) width 130: " monospace"
            text run at (1320,119) width 65: " font"
            text run at (1405,119) width 65: " from"
            text run at (1490,119) width 117: " elements"
            text run at (1627,119) width 39: " to"
            text run at (1686,119) width 65: " too)"
            text run at (1751,119) width 0: " "
      RenderBlock (anonymous) at (0,2118) size 769x21
        RenderBR {BR} at (0,0) size 0x19
        RenderInline {SPAN} at (0,0) size 0x19
          RenderText {#text} at (0,0) size 0x0
      RenderBlock (anonymous) at (0,2157) size 769x24
        RenderBlock {H3} at (0,0) size 769x23
          RenderText {#text} at (0,0) size 162x22
            text run at (0,0) width 28: "In"
            text run at (48,0) width 25: " a"
            text run at (93,0) width 69: " span"
      RenderBlock (anonymous) at (0,2199) size 769x381
        RenderInline {SPAN} at (0,0) size 760x379
          RenderText {#text} at (0,0) size 423x19
            text run at (0,0) width 55: "Word"
            text run at (75,0) width 47: " and"
            text run at (142,0) width 70: " letter"
            text run at (232,0) width 9: " "
            text run at (241,0) width 83: "spacing"
            text run at (344,0) width 50: " test"
            text run at (414,0) width 9: " "
          RenderInline {EM} at (0,0) size 33x19
            RenderText {#text} at (423,0) size 33x19
              text run at (423,0) width 33: "for"
          RenderText {#text} at (476,0) size 9x19
            text run at (476,0) width 9: " "
          RenderInline {STRONG} at (0,0) size 98x19
            RenderText {#text} at (485,0) size 98x19
              text run at (485,0) width 98: "elements"
          RenderText {#text} at (603,0) size 9x19
            text run at (603,0) width 9: " "
          RenderInline {TT} at (0,0) size 78x16
            RenderText {#text} at (612,3) size 78x16
              text run at (612,3) width 78: "within"
          RenderText {#text} at (0,20) size 168x19
            text run at (0,20) width 95: "elements"
            text run at (115,20) width 53: " too."
          RenderBR {BR} at (168,20) size 0x19
          RenderText {#text} at (0,40) size 423x19
            text run at (0,40) width 55: "Word"
            text run at (75,40) width 47: " and"
            text run at (142,40) width 70: " letter"
            text run at (232,40) width 9: " "
            text run at (241,40) width 83: "spacing"
            text run at (344,40) width 50: " test"
            text run at (414,40) width 9: " "
          RenderInline {EM} at (0,0) size 33x19
            RenderText {#text} at (423,40) size 33x19
              text run at (423,40) width 33: "for"
          RenderText {#text} at (476,40) size 9x19
            text run at (476,40) width 9: " "
          RenderInline {STRONG} at (0,0) size 98x19
            RenderText {#text} at (485,40) size 98x19
              text run at (485,40) width 98: "elements"
          RenderText {#text} at (603,40) size 9x19
            text run at (603,40) width 9: " "
          RenderInline {TT} at (0,0) size 78x16
            RenderText {#text} at (612,43) size 78x16
              text run at (612,43) width 78: "within"
          RenderText {#text} at (0,60) size 124x19
            text run at (0,60) width 95: "elements"
            text run at (115,60) width 9: " "
          RenderText {#text} at (124,60) size 635x19
            text run at (124,60) width 44: "too."
            text run at (188,60) width 67: " (with"
            text run at (275,60) width 102: " comment"
            text run at (397,60) width 97: " between"
            text run at (514,60) width 104: " elements"
            text run at (638,60) width 47: " and"
            text run at (705,60) width 54: " too)"
          RenderBR {BR} at (759,60) size 0x19
          RenderText {#text} at (0,80) size 423x19
            text run at (0,80) width 55: "Word"
            text run at (75,80) width 47: " and"
            text run at (142,80) width 70: " letter"
            text run at (232,80) width 9: " "
            text run at (241,80) width 83: "spacing"
            text run at (344,80) width 50: " test"
            text run at (414,80) width 9: " "
          RenderInline {EM} at (0,0) size 33x19
            RenderText {#text} at (423,80) size 33x19
              text run at (423,80) width 33: "for"
          RenderText {#text} at (476,80) size 9x19
            text run at (476,80) width 9: " "
          RenderInline {STRONG} at (0,0) size 98x19
            RenderText {#text} at (485,80) size 98x19
              text run at (485,80) width 98: "elements"
          RenderText {#text} at (603,80) size 9x19
            text run at (603,80) width 9: " "
          RenderInline {TT} at (0,0) size 78x16
            RenderText {#text} at (612,83) size 78x16
              text run at (612,83) width 78: "within"
          RenderText {#text} at (0,100) size 95x19
            text run at (0,100) width 95: "elements"
          RenderText {#text} at (115,100) size 689x39
            text run at (115,100) width 53: " too."
            text run at (188,100) width 67: " (with"
            text run at (275,100) width 102: " comment"
            text run at (397,100) width 45: " (no"
            text run at (462,100) width 128: " preceeding"
            text run at (610,100) width 79: " space)"
            text run at (0,120) width 88: "between"
            text run at (108,120) width 104: " elements"
            text run at (232,120) width 47: " and"
            text run at (299,120) width 54: " too)"
          RenderBR {BR} at (353,120) size 0x19
          RenderText {#text} at (0,140) size 423x19
            text run at (0,140) width 55: "Word"
            text run at (75,140) width 47: " and"
            text run at (142,140) width 70: " letter"
            text run at (232,140) width 9: " "
            text run at (241,140) width 83: "spacing"
            text run at (344,140) width 50: " test"
            text run at (414,140) width 9: " "
          RenderInline {EM} at (0,0) size 33x19
            RenderText {#text} at (423,140) size 33x19
              text run at (423,140) width 33: "for"
          RenderText {#text} at (476,140) size 9x19
            text run at (476,140) width 9: " "
          RenderInline {STRONG} at (0,0) size 98x19
            RenderText {#text} at (485,140) size 98x19
              text run at (485,140) width 98: "elements"
          RenderText {#text} at (603,140) size 9x19
            text run at (603,140) width 9: " "
          RenderInline {TT} at (0,0) size 78x16
            RenderText {#text} at (612,143) size 78x16
              text run at (612,143) width 78: "within"
          RenderText {#text} at (0,160) size 124x19
            text run at (0,160) width 95: "elements"
            text run at (115,160) width 9: " "
          RenderText {#text} at (124,160) size 654x39
            text run at (124,160) width 44: "too."
            text run at (188,160) width 67: " (with"
            text run at (275,160) width 102: " comment"
            text run at (397,160) width 45: " (no"
            text run at (462,160) width 93: " trailing"
            text run at (575,160) width 79: " space)"
            text run at (0,180) width 88: "between"
            text run at (108,180) width 104: " elements"
            text run at (232,180) width 47: " and"
            text run at (299,180) width 54: " too)"
          RenderBR {BR} at (353,180) size 0x19
          RenderInline {SPAN} at (0,0) size 653x16
            RenderText {#text} at (0,203) size 477x16
              text run at (0,203) width 52: "Word"
              text run at (72,203) width 52: " and"
              text run at (144,203) width 91: " letter"
              text run at (255,203) width 13: " "
              text run at (268,203) width 91: "spacing"
              text run at (379,203) width 65: " test"
              text run at (464,203) width 13: " "
            RenderInline {EM} at (0,0) size 39x17
              RenderText {#text} at (477,202) size 39x17
                text run at (477,202) width 39: "for"
            RenderText {#text} at (536,203) size 13x16
              text run at (536,203) width 13: " "
            RenderInline {STRONG} at (0,0) size 104x16
              RenderText {#text} at (549,203) size 104x16
                text run at (549,203) width 104: "elements"
          RenderText {#text} at (673,200) size 9x19
            text run at (673,200) width 9: " "
          RenderInline {TT} at (0,0) size 78x16
            RenderText {#text} at (682,203) size 78x16
              text run at (682,203) width 78: "within"
          RenderText {#text} at (0,220) size 688x39
            text run at (0,220) width 95: "elements"
            text run at (115,220) width 53: " too."
            text run at (188,220) width 67: " (with"
            text run at (275,220) width 125: " monospace"
            text run at (420,220) width 54: " font"
            text run at (494,220) width 59: " from"
            text run at (573,220) width 64: " Word"
            text run at (657,220) width 31: " to"
            text run at (0,240) width 105: "elements)"
          RenderBR {BR} at (105,240) size 0x19
          RenderText {#text} at (0,260) size 423x19
            text run at (0,260) width 55: "Word"
            text run at (75,260) width 47: " and"
            text run at (142,260) width 70: " letter"
            text run at (232,260) width 9: " "
            text run at (241,260) width 83: "spacing"
            text run at (344,260) width 50: " test"
            text run at (414,260) width 9: " "
          RenderInline {SPAN} at (0,0) size 287x16
            RenderInline {EM} at (0,0) size 39x17
              RenderText {#text} at (423,262) size 39x17
                text run at (423,262) width 39: "for"
            RenderText {#text} at (482,263) size 13x16
              text run at (482,263) width 13: " "
            RenderInline {STRONG} at (0,0) size 104x16
              RenderText {#text} at (495,263) size 104x16
                text run at (495,263) width 104: "elements"
            RenderText {#text} at (619,263) size 13x16
              text run at (619,263) width 13: " "
            RenderInline {TT} at (0,0) size 78x16
              RenderText {#text} at (632,263) size 78x16
                text run at (632,263) width 78: "within"
          RenderText {#text} at (0,280) size 666x39
            text run at (0,280) width 95: "elements"
            text run at (115,280) width 53: " too."
            text run at (188,280) width 67: " (with"
            text run at (275,280) width 125: " monospace"
            text run at (420,280) width 54: " font"
            text run at (494,280) width 59: " from"
            text run at (573,280) width 42: " for"
            text run at (635,280) width 31: " to"
            text run at (0,300) width 80: "within)"
          RenderBR {BR} at (80,300) size 0x19
          RenderText {#text} at (0,320) size 423x19
            text run at (0,320) width 55: "Word"
            text run at (75,320) width 47: " and"
            text run at (142,320) width 70: " letter"
            text run at (232,320) width 9: " "
            text run at (241,320) width 83: "spacing"
            text run at (344,320) width 50: " test"
            text run at (414,320) width 9: " "
          RenderInline {EM} at (0,0) size 33x19
            RenderText {#text} at (423,320) size 33x19
              text run at (423,320) width 33: "for"
          RenderText {#text} at (476,320) size 9x19
            text run at (476,320) width 9: " "
          RenderInline {STRONG} at (0,0) size 98x19
            RenderText {#text} at (485,320) size 98x19
              text run at (485,320) width 98: "elements"
          RenderText {#text} at (603,320) size 9x19
            text run at (603,320) width 9: " "
          RenderInline {SPAN} at (0,0) size 690x36
            RenderInline {TT} at (0,0) size 78x16
              RenderText {#text} at (612,323) size 78x16
                text run at (612,323) width 78: "within"
            RenderText {#text} at (0,343) size 176x16
              text run at (0,343) width 104: "elements"
              text run at (124,343) width 52: " too"
          RenderText {#text} at (176,340) size 745x39
            text run at (176,340) width 9: "."
            text run at (205,340) width 67: " (with"
            text run at (292,340) width 125: " monospace"
            text run at (437,340) width 54: " font"
            text run at (511,340) width 59: " from"
            text run at (590,340) width 104: " elements"
            text run at (714,340) width 31: " to"
            text run at (0,360) width 45: "too)"
        RenderText {#text} at (0,0) size 0x0
