layer at (0,0) size 800x600
  RenderView at (0,0) size 800x600
layer at (0,0) size 800x170
  RenderBlock {HTML} at (0,0) size 800x170
    RenderBody {BODY} at (8,8) size 784x154
      RenderBlock {DIV} at (0,0) size 784x134
        RenderText {#text} at (0,0) size 73x19
          text run at (0,0) width 73: "text before "
        RenderAttachment {ATTACHMENT} at (72,15) size 161x119 [color=#007AFF]
        RenderText {#text} at (232,0) size 63x19
          text run at (232,0) width 63: " text after"
      RenderBlock {DIV} at (0,134) size 784x20
        RenderText {#text} at (0,0) size 181x19
          text run at (0,0) width 181: "Start offset 12 End offset 12"
caret: position 12 of child 0 {#text} of child 1 {DIV} of body
