layer at (0,0) size 800x600
  RenderView at (0,0) size 800x600
layer at (50,50) size 700x154
  RenderBlock {html} at (50,50) size 700x154 [border: (1px solid #000000)]
    RenderBody {body} at (51,51) size 598x52 [color=#000080] [border: (1px solid #000080)]
      RenderBlock {p} at (1,17) size 596x18
        RenderText {#text} at (0,0) size 345x17
          text run at (0,0) width 345: "There should be a yellow square in the top-left corner, "
        RenderInline {em} at (0,0) size 53x17
          RenderText {#text} at (344,0) size 53x17
            text run at (344,0) width 53: "between"
        RenderText {#text} at (396,0) size 79x17
          text run at (396,0) width 79: " the borders."
