layer at (0,0) size 800x600
  RenderView at (0,0) size 800x600
layer at (0,0) size 800x344
  RenderBlock {HTML} at (0,0) size 800x344
    RenderBody {BODY} at (8,16) size 784x312
      RenderBlock {P} at (0,0) size 784x25
        RenderTextControl {INPUT} at (633,2) size 149x21 [bgcolor=#FFFFFF] [border: (2px inset #000000)]
          RenderFlexibleBox {DIV} at (2,0) size 145x21
            RenderBlock {DIV} at (17,2) size 128x16
        RenderText {#text} at (0,0) size 0x0
      RenderBlock {P} at (0,41) size 784x25
        RenderTextControl {INPUT} at (633,2) size 149x21 [bgcolor=#FFFFFF] [border: (2px inset #000000)]
          RenderFlexibleBox {DIV} at (2,0) size 145x21
            RenderBlock {DIV} at (17,2) size 128x16
        RenderText {#text} at (0,0) size 0x0
      RenderBlock {P} at (0,82) size 784x25
        RenderTextControl {INPUT} at (2,2) size 149x21 [bgcolor=#FFFFFF] [border: (2px inset #000000)]
          RenderFlexibleBox {DIV} at (2,0) size 145x21
            RenderBlock {DIV} at (17,2) size 128x16
        RenderText {#text} at (0,0) size 0x0
      RenderBlock {P} at (0,123) size 784x25
        RenderTextControl {INPUT} at (2,2) size 149x21 [bgcolor=#FFFFFF] [border: (2px inset #000000)]
          RenderFlexibleBox {DIV} at (2,0) size 145x21
            RenderBlock {DIV} at (17,2) size 128x16
        RenderText {#text} at (0,0) size 0x0
        RenderText {#text} at (0,0) size 0x0
      RenderBlock {P} at (0,164) size 784x25
        RenderTextControl {INPUT} at (2,2) size 149x21 [bgcolor=#FFFFFF] [border: (2px inset #000000)]
          RenderFlexibleBox {DIV} at (2,0) size 145x21
            RenderBlock {DIV} at (0,2) size 128x16
        RenderText {#text} at (0,0) size 0x0
      RenderBlock {P} at (0,205) size 784x25
        RenderTextControl {INPUT} at (2,2) size 149x21 [bgcolor=#FFFFFF] [border: (2px inset #000000)]
          RenderFlexibleBox {DIV} at (2,0) size 145x21
            RenderBlock {DIV} at (0,2) size 128x16
        RenderText {#text} at (0,0) size 0x0
        RenderText {#text} at (0,0) size 0x0
      RenderBlock {P} at (0,246) size 784x25
        RenderTextControl {INPUT} at (2,2) size 149x21 [bgcolor=#FFFFFF] [border: (2px inset #000000)]
          RenderFlexibleBox {DIV} at (2,0) size 145x21
            RenderBlock {DIV} at (17,2) size 128x16
        RenderText {#text} at (0,0) size 0x0
      RenderBlock {P} at (0,287) size 784x25
        RenderTextControl {INPUT} at (2,2) size 149x21 [bgcolor=#FFFFFF] [border: (2px inset #000000)]
          RenderFlexibleBox {DIV} at (2,0) size 145x21
            RenderBlock {DIV} at (17,2) size 128x16
        RenderText {#text} at (0,0) size 0x0
        RenderText {#text} at (0,0) size 0x0
layer at (660,21) size 128x15
  RenderBlock {DIV} at (0,0) size 128x15
    RenderText {#text} at (121,0) size 7x15
      text run at (121,0) width 7: "1"
layer at (660,62) size 128x15
  RenderBlock {DIV} at (0,0) size 128x15
    RenderText {#text} at (121,0) size 7x15
      text run at (121,0) width 7: "2"
layer at (29,103) size 128x15
  RenderBlock {DIV} at (0,0) size 128x15
    RenderText {#text} at (121,0) size 7x15
      text run at (121,0) width 7: "3"
layer at (29,144) size 128x15
  RenderBlock {DIV} at (0,0) size 128x15
    RenderText {#text} at (100,0) size 28x15
      text run at (100,0) width 28: "1234"
layer at (12,185) size 128x15
  RenderBlock {DIV} at (0,0) size 128x15
    RenderText {#text} at (0,0) size 7x15
      text run at (0,0) width 7: "5"
layer at (12,226) size 128x15
  RenderBlock {DIV} at (0,0) size 128x15
    RenderText {#text} at (0,0) size 7x15
      text run at (0,0) width 7: "6"
layer at (29,267) size 128x15
  RenderBlock {DIV} at (0,0) size 128x15
    RenderText {#text} at (121,0) size 7x15
      text run at (121,0) width 7: "7"
layer at (29,308) size 128x15
  RenderBlock {DIV} at (0,0) size 128x15
    RenderText {#text} at (121,0) size 7x15
      text run at (121,0) width 7: "8"
layer at (643,19) size 17x20
  RenderBlock (relative positioned) {DIV} at (0,0) size 17x20
layer at (643,60) size 17x20
  RenderBlock (relative positioned) {DIV} at (0,0) size 17x20
layer at (12,101) size 17x20
  RenderBlock (relative positioned) {DIV} at (0,0) size 17x20
layer at (12,142) size 17x20
  RenderBlock (relative positioned) {DIV} at (0,0) size 17x20
layer at (140,183) size 17x20
  RenderBlock (relative positioned) {DIV} at (128,0) size 17x20
layer at (140,224) size 17x20
  RenderBlock (relative positioned) {DIV} at (128,0) size 17x20
layer at (12,265) size 17x20
  RenderBlock (relative positioned) {DIV} at (0,0) size 17x20
layer at (12,306) size 17x20
  RenderBlock (relative positioned) {DIV} at (0,0) size 17x20
caret: position 4 of child 0 {#text} of child 0 {DIV} of child 0 {DIV} of child 0 {DIV} of {#document-fragment} of child 0 {INPUT} of child 6 {P} of body
