layer at (0,0) size 800x600
  RenderView at (0,0) size 800x600
layer at (0,0) size 800x66
  RenderBlock {HTML} at (0,0) size 800x66
    RenderBody {BODY} at (8,8) size 784x50
      RenderBR {BR} at (153,2) size 0x18
      RenderTextControl {INPUT} at (2,27) size 149x21 [bgcolor=#FFFFFF] [border: (2px inset #000000)]
        RenderFlexibleBox {DIV} at (2,0) size 145x21
          RenderBlock {DIV} at (0,2) size 128x16
      RenderText {#text} at (0,0) size 0x0
layer at (12,38) size 128x15
  RenderBlock {DIV} at (0,0) size 128x15
    RenderText {#text} at (0,0) size 14x15
      text run at (0,0) width 14: "10"
layer at (10,10) size 149x21
  RenderTextControl {INPUT} at (2,2) size 149x21 [bgcolor=#FFFFFF] [border: (2px inset #000000)]
    RenderFlexibleBox {DIV} at (2,0) size 145x21
      RenderBlock {DIV} at (0,2) size 128x16
layer at (12,13) size 128x15
  RenderBlock {DIV} at (0,0) size 128x15
    RenderText {#text} at (0,0) size 14x15
      text run at (0,0) width 14: "10"
layer at (140,11) size 17x20
  RenderBlock (relative positioned) {DIV} at (128,0) size 17x20
layer at (140,36) size 17x20
  RenderBlock (relative positioned) {DIV} at (128,0) size 17x20
