layer at (0,0) size 800x600
  RenderView at (0,0) size 800x600
layer at (0,0) size 800x262
  RenderBlock {html} at (0,0) size 800x262
    RenderBlock {parsererror} at (16,16) size 768x194 [bgcolor=#FFDDDD] [border: (2px solid #CC7777)]
      RenderBlock {h3} at (18,20) size 732x24
        RenderText {#text} at (0,0) size 323x22
          text run at (0,0) width 323: "This page contains the following errors:"
      RenderBlock {div} at (18,62) size 732x14
        RenderText {#text} at (0,0) size 505x13
          text run at (0,0) width 505: "error on line 1 at column 76: Extra content at the end of the document"
      RenderBlock {h3} at (18,94) size 732x24
        RenderText {#text} at (0,0) size 425x22
          text run at (0,0) width 425: "Below is a rendering of the page up to the first error."
      RenderBlock {p} at (18,135) size 732x41
        RenderText {#text} at (0,0) size 721x39
          text run at (0,0) width 721: "This document was created as the result of an XSL transformation. The line and column numbers given are from"
          text run at (0,20) width 145: "the transformed result."
    RenderBody {body} at (8,225) size 784x21
      RenderBlock {p} at (0,0) size 784x20
        RenderText {#text} at (0,0) size 230x19
          text run at (0,0) width 230: "You should see error text above this"
