Initial

layer at (0,0) size 800x424
  RenderBlock {HTML} at (0,0) size 800x424
    RenderBody {BODY} at (8,10) size 784x394
      RenderBlock {H2} at (0,317) size 784x29
        RenderText {#text} at (0,0) size 63x28
          text run at (0,0) width 63: "Initial"
      RenderBlock {PRE} at (0,365) size 784x0
      RenderBlock {H2} at (0,365) size 784x29
        RenderText {#text} at (0,0) size 120x28
          text run at (0,0) width 120: "After step 1"
      RenderBlock {PRE} at (0,413) size 784x0
layer at (18,10) size 764x144
  RenderBlock (relative positioned) {DIV} at (10,0) size 764x144
    RenderImage {IMG} at (20,20) size 100x100
After step 1

layer at (0,0) size 800x424
  RenderBlock {HTML} at (0,0) size 800x424
    RenderBody {BODY} at (8,10) size 784x394
      RenderBlock {H2} at (0,317) size 784x29
        RenderText {#text} at (0,0) size 63x28
          text run at (0,0) width 63: "Initial"
      RenderBlock {PRE} at (0,365) size 784x0
      RenderBlock {H2} at (0,365) size 784x29
        RenderText {#text} at (0,0) size 120x28
          text run at (0,0) width 120: "After step 1"
      RenderBlock {PRE} at (0,413) size 784x0
layer at (18,10) size 764x144
  RenderBlock (relative positioned) {DIV} at (10,0) size 764x144
layer at (38,30) size 100x100
  RenderImage {IMG} at (20,20) size 100x100
layer at (38,184) size 100x100
  RenderImage {IMG} at (20,20) size 100x100

