layer at (0,0) size 800x600
  RenderView at (0,0) size 800x600
layer at (0,0) size 800x76
  RenderBlock {HTML} at (0,0) size 800x76
    RenderBody {BODY} at (8,16) size 784x52
      RenderBlock {P} at (0,0) size 784x18
        RenderText {#text} at (0,0) size 297x18
          text run at (0,0) width 297: "Test passes if there is the word \"PASS\" below."
      RenderBlock {DIV} at (0,34) size 784x18 [color=#00000000]
        RenderText {#text} at (0,0) size 41x18
          text run at (0,0) width 41: "PASS "
