layer at (0,0) size 800x973
  RenderView at (0,0) size 800x600
layer at (0,0) size 800x973
  RenderBlock {HTML} at (0,0) size 800x974
    RenderBody {BODY} at (8,8) size 784x958
      RenderBlock (anonymous) at (0,0) size 784x40
        RenderText {#text} at (0,0) size 747x39
          text run at (0,0) width 747: "All of the boxes below should be 20x20 and look identical, except for the rightmost box in the Inline Blocks section,"
          text run at (0,20) width 501: "which should look the same but be raised above the other three in that section."
      RenderBlock {H1} at (0,61) size 784x39
        RenderText {#text} at (0,1) size 204x36
          text run at (0,1) width 204: "Normal Blocks"
      RenderBlock {DIV} at (5,120) size 20x21 [color=#FFFFFF] [bgcolor=#FFA500] [border: (2px solid #000000)]
      RenderBlock {DIV} at (5,150) size 20x21 [color=#FFFFFF] [bgcolor=#FFA500] [border: (2px solid #000000)]
      RenderBlock {DIV} at (5,180) size 20x21 [color=#FFFFFF] [bgcolor=#FFA500] [border: (2px solid #000000)]
      RenderBlock {DIV} at (5,210) size 20x21 [color=#FFFFFF] [bgcolor=#FFA500] [border: (2px solid #000000)]
        RenderBR {BR} at (6,6) size 0x19
        RenderBR {BR} at (6,26) size 0x19
        RenderBR {BR} at (6,46) size 0x19
      RenderBlock {H1} at (0,252) size 784x39
        RenderText {#text} at (0,1) size 179x36
          text run at (0,1) width 179: "Inline Blocks"
      RenderBlock (anonymous) at (0,311) size 784x72
        RenderBlock {DIV} at (5,41) size 20x20 [color=#FFFFFF] [bgcolor=#FFA500] [border: (2px solid #000000)]
        RenderBlock {DIV} at (35,41) size 20x20 [color=#FFFFFF] [bgcolor=#FFA500] [border: (2px solid #000000)]
        RenderBlock {DIV} at (65,41) size 20x20 [color=#FFFFFF] [bgcolor=#FFA500] [border: (2px solid #000000)]
        RenderBlock {DIV} at (95,10) size 20x20 [color=#FFFFFF] [bgcolor=#FFA500] [border: (2px solid #000000)]
          RenderBR {BR} at (6,6) size 0x19
          RenderBR {BR} at (6,26) size 0x19
          RenderBR {BR} at (6,46) size 0x19
        RenderText {#text} at (0,0) size 0x0
      RenderBlock {H1} at (0,404) size 784x39
        RenderText {#text} at (0,1) size 241x36
          text run at (0,1) width 241: "Positioned Blocks"
      RenderBlock (anonymous) at (0,463) size 784x21
        RenderBR {BR} at (0,0) size 0x19
      RenderBlock {H1} at (0,505) size 784x39
        RenderText {#text} at (0,1) size 209x36
          text run at (0,1) width 209: "Floating blocks"
      RenderBlock (floating) {DIV} at (5,574) size 20x21 [color=#FFFFFF] [bgcolor=#FFA500] [border: (2px solid #000000)]
      RenderBlock (floating) {DIV} at (35,574) size 20x21 [color=#FFFFFF] [bgcolor=#FFA500] [border: (2px solid #000000)]
      RenderBlock (floating) {DIV} at (65,574) size 20x21 [color=#FFFFFF] [bgcolor=#FFA500] [border: (2px solid #000000)]
      RenderBlock (floating) {DIV} at (95,574) size 20x21 [color=#FFFFFF] [bgcolor=#FFA500] [border: (2px solid #000000)]
        RenderBR {BR} at (6,6) size 0x19
        RenderBR {BR} at (6,26) size 0x19
        RenderBR {BR} at (6,46) size 0x19
      RenderBlock (anonymous) at (0,564) size 784x41
        RenderBR {BR} at (120,0) size 0x19
      RenderBlock {H1} at (0,625) size 784x39
        RenderText {#text} at (0,1) size 211x36
          text run at (0,1) width 211: "Normal Images"
      RenderBlock (anonymous) at (0,685) size 784x41
        RenderImage {IMG} at (5,10) size 20x20 [color=#FFFFFF] [bgcolor=#FFA500] [border: (2px solid #000000)]
        RenderImage {IMG} at (35,10) size 20x20 [color=#FFFFFF] [bgcolor=#FFA500] [border: (2px solid #000000)]
        RenderImage {IMG} at (65,10) size 20x20 [color=#FFFFFF] [bgcolor=#FFA500] [border: (2px solid #000000)]
        RenderImage {IMG} at (95,10) size 20x20 [color=#FFFFFF] [bgcolor=#FFA500] [border: (2px solid #000000)]
        RenderText {#text} at (0,0) size 0x0
      RenderBlock {H1} at (0,746) size 784x39
        RenderText {#text} at (0,1) size 248x36
          text run at (0,1) width 248: "Positioned Images"
      RenderBlock (anonymous) at (0,806) size 784x21
        RenderBR {BR} at (0,0) size 0x19
      RenderBlock {H1} at (0,847) size 784x39
        RenderText {#text} at (0,1) size 220x36
          text run at (0,1) width 220: "Floating Images"
      RenderImage {IMG} at (5,917) size 20x21 [color=#FFFFFF] [bgcolor=#FFA500] [border: (2px solid #000000)]
      RenderImage {IMG} at (35,917) size 20x21 [color=#FFFFFF] [bgcolor=#FFA500] [border: (2px solid #000000)]
      RenderImage {IMG} at (65,917) size 20x21 [color=#FFFFFF] [bgcolor=#FFA500] [border: (2px solid #000000)]
      RenderImage {IMG} at (95,917) size 20x21 [color=#FFFFFF] [bgcolor=#FFA500] [border: (2px solid #000000)]
      RenderBlock (anonymous) at (0,907) size 784x41
        RenderBR {BR} at (120,0) size 0x19
      RenderBlock {HR} at (0,955) size 784x3 [border: (1px inset #000000)]
layer at (13,482) size 20x20
  RenderBlock (positioned) {DIV} at (13,481) size 20x21 [color=#FFFFFF] [bgcolor=#FFA500] [border: (2px solid #000000)]
layer at (43,482) size 20x20
  RenderBlock (positioned) {DIV} at (43,481) size 20x21 [color=#FFFFFF] [bgcolor=#FFA500] [border: (2px solid #000000)]
layer at (73,482) size 20x20
  RenderBlock (positioned) {DIV} at (73,481) size 20x21 [color=#FFFFFF] [bgcolor=#FFA500] [border: (2px solid #000000)]
layer at (103,482) size 20x20
  RenderBlock (positioned) {DIV} at (103,481) size 20x21 [color=#FFFFFF] [bgcolor=#FFA500] [border: (2px solid #000000)]
    RenderBR {BR} at (6,6) size 0x19
    RenderBR {BR} at (6,26) size 0x19
    RenderBR {BR} at (6,46) size 0x19
layer at (13,824) size 20x20
  RenderImage {IMG} at (13,824) size 20x21 [color=#FFFFFF] [bgcolor=#FFA500] [border: (2px solid #000000)]
layer at (43,824) size 20x20
  RenderImage {IMG} at (43,824) size 20x21 [color=#FFFFFF] [bgcolor=#FFA500] [border: (2px solid #000000)]
layer at (73,824) size 20x20
  RenderImage {IMG} at (73,824) size 20x21 [color=#FFFFFF] [bgcolor=#FFA500] [border: (2px solid #000000)]
layer at (103,824) size 20x20
  RenderImage {IMG} at (103,824) size 20x21 [color=#FFFFFF] [bgcolor=#FFA500] [border: (2px solid #000000)]
