layer at (0,0) size 800x585
  RenderView at (0,0) size 800x585
    RenderMultiColumnSet at (0,0) size 800x585
layer at (-642,0) size 1442x585 backgroundClip at (0,0) size 800x585 clip at (0,0) size 800x585
  RenderMultiColumnFlowThread at (0,0) size 1442x585
layer at (-642,0) size 1442x585 backgroundClip at (0,0) size 800x585 clip at (0,0) size 800x585
  RenderBlock {HTML} at (0,0) size 1442x585
    RenderBody {BODY} at (8,8) size 1418x569
      RenderBlock {DIV} at (0,0) size 50x50 [bgcolor=#0000FF]
      RenderBlock {P} at (66,0) size 100x569
        RenderText {#text} at (0,0) size 99x567
          text run at (0,0) width 567: "1 Lorem ipsum dolor sit amet, consectetur adipisicing elit, sed do eiusmod tempor incididunt ut"
          text run at (20,0) width 541: "labore et dolore magna aliqua. Ut enim ad minim veniam, quis nostrud exercitation ullamco"
          text run at (40,0) width 530: "laboris nisi ut aliquip ex ea commodo consequat. Duis aute irure dolor in reprehenderit in"
          text run at (60,0) width 565: "voluptate velit esse cillum dolore eu fugiat nulla pariatur. Excepteur sint occaecat cupidatat non"
          text run at (80,0) width 410: "proident, sunt in culpa qui officia deserunt mollit anim id est laborum."
      RenderBlock {DIV} at (172,0) size 50x50 [bgcolor=#0000FF]
      RenderBlock {P} at (238,0) size 100x569
        RenderText {#text} at (0,0) size 99x567
          text run at (0,0) width 567: "2 Lorem ipsum dolor sit amet, consectetur adipisicing elit, sed do eiusmod tempor incididunt ut"
          text run at (20,0) width 541: "labore et dolore magna aliqua. Ut enim ad minim veniam, quis nostrud exercitation ullamco"
          text run at (40,0) width 530: "laboris nisi ut aliquip ex ea commodo consequat. Duis aute irure dolor in reprehenderit in"
          text run at (60,0) width 565: "voluptate velit esse cillum dolore eu fugiat nulla pariatur. Excepteur sint occaecat cupidatat non"
          text run at (80,0) width 410: "proident, sunt in culpa qui officia deserunt mollit anim id est laborum."
      RenderBlock {DIV} at (352,0) size 50x50 [bgcolor=#0000FF]
      RenderBlock {P} at (418,0) size 100x569
        RenderText {#text} at (0,0) size 99x567
          text run at (0,0) width 567: "3 Lorem ipsum dolor sit amet, consectetur adipisicing elit, sed do eiusmod tempor incididunt ut"
          text run at (20,0) width 541: "labore et dolore magna aliqua. Ut enim ad minim veniam, quis nostrud exercitation ullamco"
          text run at (40,0) width 530: "laboris nisi ut aliquip ex ea commodo consequat. Duis aute irure dolor in reprehenderit in"
          text run at (60,0) width 565: "voluptate velit esse cillum dolore eu fugiat nulla pariatur. Excepteur sint occaecat cupidatat non"
          text run at (80,0) width 410: "proident, sunt in culpa qui officia deserunt mollit anim id est laborum."
      RenderBlock {DIV} at (532,0) size 50x50 [bgcolor=#0000FF]
      RenderBlock {P} at (598,0) size 100x569
        RenderText {#text} at (0,0) size 99x567
          text run at (0,0) width 567: "4 Lorem ipsum dolor sit amet, consectetur adipisicing elit, sed do eiusmod tempor incididunt ut"
          text run at (20,0) width 541: "labore et dolore magna aliqua. Ut enim ad minim veniam, quis nostrud exercitation ullamco"
          text run at (40,0) width 530: "laboris nisi ut aliquip ex ea commodo consequat. Duis aute irure dolor in reprehenderit in"
          text run at (60,0) width 565: "voluptate velit esse cillum dolore eu fugiat nulla pariatur. Excepteur sint occaecat cupidatat non"
          text run at (80,0) width 410: "proident, sunt in culpa qui officia deserunt mollit anim id est laborum."
      RenderBlock {DIV} at (712,0) size 50x50 [bgcolor=#0000FF]
      RenderBlock {P} at (778,0) size 100x569
        RenderText {#text} at (0,0) size 99x567
          text run at (0,0) width 567: "5 Lorem ipsum dolor sit amet, consectetur adipisicing elit, sed do eiusmod tempor incididunt ut"
          text run at (20,0) width 541: "labore et dolore magna aliqua. Ut enim ad minim veniam, quis nostrud exercitation ullamco"
          text run at (40,0) width 530: "laboris nisi ut aliquip ex ea commodo consequat. Duis aute irure dolor in reprehenderit in"
          text run at (60,0) width 565: "voluptate velit esse cillum dolore eu fugiat nulla pariatur. Excepteur sint occaecat cupidatat non"
          text run at (80,0) width 410: "proident, sunt in culpa qui officia deserunt mollit anim id est laborum."
      RenderBlock {DIV} at (892,0) size 50x50 [bgcolor=#0000FF]
      RenderBlock {P} at (958,0) size 100x569
        RenderText {#text} at (0,0) size 99x567
          text run at (0,0) width 567: "6 Lorem ipsum dolor sit amet, consectetur adipisicing elit, sed do eiusmod tempor incididunt ut"
          text run at (20,0) width 541: "labore et dolore magna aliqua. Ut enim ad minim veniam, quis nostrud exercitation ullamco"
          text run at (40,0) width 530: "laboris nisi ut aliquip ex ea commodo consequat. Duis aute irure dolor in reprehenderit in"
          text run at (60,0) width 565: "voluptate velit esse cillum dolore eu fugiat nulla pariatur. Excepteur sint occaecat cupidatat non"
          text run at (80,0) width 410: "proident, sunt in culpa qui officia deserunt mollit anim id est laborum."
      RenderBlock {DIV} at (1072,0) size 50x50 [bgcolor=#0000FF]
      RenderBlock {P} at (1138,0) size 100x569
        RenderText {#text} at (0,0) size 99x567
          text run at (0,0) width 567: "7 Lorem ipsum dolor sit amet, consectetur adipisicing elit, sed do eiusmod tempor incididunt ut"
          text run at (20,0) width 541: "labore et dolore magna aliqua. Ut enim ad minim veniam, quis nostrud exercitation ullamco"
          text run at (40,0) width 530: "laboris nisi ut aliquip ex ea commodo consequat. Duis aute irure dolor in reprehenderit in"
          text run at (60,0) width 565: "voluptate velit esse cillum dolore eu fugiat nulla pariatur. Excepteur sint occaecat cupidatat non"
          text run at (80,0) width 410: "proident, sunt in culpa qui officia deserunt mollit anim id est laborum."
      RenderBlock {DIV} at (1252,0) size 50x50 [bgcolor=#0000FF]
      RenderBlock {P} at (1318,0) size 100x569
        RenderText {#text} at (0,0) size 99x567
          text run at (0,0) width 567: "8 Lorem ipsum dolor sit amet, consectetur adipisicing elit, sed do eiusmod tempor incididunt ut"
          text run at (20,0) width 541: "labore et dolore magna aliqua. Ut enim ad minim veniam, quis nostrud exercitation ullamco"
          text run at (40,0) width 530: "laboris nisi ut aliquip ex ea commodo consequat. Duis aute irure dolor in reprehenderit in"
          text run at (60,0) width 565: "voluptate velit esse cillum dolore eu fugiat nulla pariatur. Excepteur sint occaecat cupidatat non"
          text run at (80,0) width 410: "proident, sunt in culpa qui officia deserunt mollit anim id est laborum."
