layer at (0,0) size 1380x585
  RenderView at (0,0) size 800x585
    RenderMultiColumnSet at (0,0) size 800x585
layer at (0,0) size 180x3726 backgroundClip at (0,0) size 1380x585 clip at (0,0) size 1380x585
  RenderMultiColumnFlowThread at (0,0) size 180x3726
layer at (0,0) size 180x3726 backgroundClip at (0,0) size 1380x585 clip at (0,0) size 1380x585
  RenderBlock {HTML} at (0,0) size 180x3726
    RenderBody {BODY} at (8,8) size 164x3702
      RenderBlock {DIV} at (0,0) size 50x50 [bgcolor=#0000FF]
      RenderBlock {P} at (0,66) size 164x380
        RenderText {#text} at (0,0) size 163x379
          text run at (0,0) width 144: "1 Lorem ipsum dolor sit"
          text run at (0,20) width 106: "amet, consectetur"
          text run at (0,40) width 132: "adipisicing elit, sed do"
          text run at (0,60) width 158: "eiusmod tempor incididunt"
          text run at (0,80) width 154: "ut labore et dolore magna"
          text run at (0,100) width 148: "aliqua. Ut enim ad minim"
          text run at (0,120) width 123: "veniam, quis nostrud"
          text run at (0,140) width 163: "exercitation ullamco laboris"
          text run at (0,160) width 113: "nisi ut aliquip ex ea"
          text run at (0,180) width 161: "commodo consequat. Duis"
          text run at (0,200) width 106: "aute irure dolor in"
          text run at (0,220) width 153: "reprehenderit in voluptate"
          text run at (0,240) width 153: "velit esse cillum dolore eu"
          text run at (0,260) width 117: "fugiat nulla pariatur."
          text run at (0,280) width 143: "Excepteur sint occaecat"
          text run at (0,300) width 139: "cupidatat non proident,"
          text run at (0,320) width 136: "sunt in culpa qui officia"
          text run at (0,340) width 155: "deserunt mollit anim id est"
          text run at (0,360) width 53: "laborum."
      RenderBlock {DIV} at (0,462) size 50x50 [bgcolor=#0000FF]
      RenderBlock {P} at (0,528) size 164x389
        RenderText {#text} at (0,0) size 163x388
          text run at (0,0) width 144: "2 Lorem ipsum dolor sit"
          text run at (0,20) width 106: "amet, consectetur"
          text run at (0,49) width 132: "adipisicing elit, sed do"
          text run at (0,69) width 158: "eiusmod tempor incididunt"
          text run at (0,89) width 154: "ut labore et dolore magna"
          text run at (0,109) width 148: "aliqua. Ut enim ad minim"
          text run at (0,129) width 123: "veniam, quis nostrud"
          text run at (0,149) width 163: "exercitation ullamco laboris"
          text run at (0,169) width 113: "nisi ut aliquip ex ea"
          text run at (0,189) width 161: "commodo consequat. Duis"
          text run at (0,209) width 106: "aute irure dolor in"
          text run at (0,229) width 153: "reprehenderit in voluptate"
          text run at (0,249) width 153: "velit esse cillum dolore eu"
          text run at (0,269) width 117: "fugiat nulla pariatur."
          text run at (0,289) width 143: "Excepteur sint occaecat"
          text run at (0,309) width 139: "cupidatat non proident,"
          text run at (0,329) width 136: "sunt in culpa qui officia"
          text run at (0,349) width 155: "deserunt mollit anim id est"
          text run at (0,369) width 53: "laborum."
      RenderBlock {DIV} at (0,933) size 50x50 [bgcolor=#0000FF]
      RenderBlock {P} at (0,999) size 164x383
        RenderText {#text} at (0,0) size 163x382
          text run at (0,0) width 144: "3 Lorem ipsum dolor sit"
          text run at (0,20) width 106: "amet, consectetur"
          text run at (0,40) width 132: "adipisicing elit, sed do"
          text run at (0,60) width 158: "eiusmod tempor incididunt"
          text run at (0,80) width 154: "ut labore et dolore magna"
          text run at (0,100) width 148: "aliqua. Ut enim ad minim"
          text run at (0,120) width 123: "veniam, quis nostrud"
          text run at (0,140) width 163: "exercitation ullamco laboris"
          text run at (0,163) width 113: "nisi ut aliquip ex ea"
          text run at (0,183) width 161: "commodo consequat. Duis"
          text run at (0,203) width 106: "aute irure dolor in"
          text run at (0,223) width 153: "reprehenderit in voluptate"
          text run at (0,243) width 153: "velit esse cillum dolore eu"
          text run at (0,263) width 117: "fugiat nulla pariatur."
          text run at (0,283) width 143: "Excepteur sint occaecat"
          text run at (0,303) width 139: "cupidatat non proident,"
          text run at (0,323) width 136: "sunt in culpa qui officia"
          text run at (0,343) width 155: "deserunt mollit anim id est"
          text run at (0,363) width 53: "laborum."
      RenderBlock {DIV} at (0,1398) size 50x50 [bgcolor=#0000FF]
      RenderBlock {P} at (0,1464) size 164x383
        RenderText {#text} at (0,0) size 163x382
          text run at (0,0) width 144: "4 Lorem ipsum dolor sit"
          text run at (0,20) width 106: "amet, consectetur"
          text run at (0,40) width 132: "adipisicing elit, sed do"
          text run at (0,60) width 158: "eiusmod tempor incididunt"
          text run at (0,80) width 154: "ut labore et dolore magna"
          text run at (0,100) width 148: "aliqua. Ut enim ad minim"
          text run at (0,120) width 123: "veniam, quis nostrud"
          text run at (0,140) width 163: "exercitation ullamco laboris"
          text run at (0,160) width 113: "nisi ut aliquip ex ea"
          text run at (0,180) width 161: "commodo consequat. Duis"
          text run at (0,200) width 106: "aute irure dolor in"
          text run at (0,220) width 153: "reprehenderit in voluptate"
          text run at (0,240) width 153: "velit esse cillum dolore eu"
          text run at (0,260) width 117: "fugiat nulla pariatur."
          text run at (0,283) width 143: "Excepteur sint occaecat"
          text run at (0,303) width 139: "cupidatat non proident,"
          text run at (0,323) width 136: "sunt in culpa qui officia"
          text run at (0,343) width 155: "deserunt mollit anim id est"
          text run at (0,363) width 53: "laborum."
      RenderBlock {DIV} at (0,1863) size 50x50 [bgcolor=#0000FF]
      RenderBlock {P} at (0,1929) size 164x380
        RenderText {#text} at (0,0) size 163x379
          text run at (0,0) width 144: "5 Lorem ipsum dolor sit"
          text run at (0,20) width 106: "amet, consectetur"
          text run at (0,40) width 132: "adipisicing elit, sed do"
          text run at (0,60) width 158: "eiusmod tempor incididunt"
          text run at (0,80) width 154: "ut labore et dolore magna"
          text run at (0,100) width 148: "aliqua. Ut enim ad minim"
          text run at (0,120) width 123: "veniam, quis nostrud"
          text run at (0,140) width 163: "exercitation ullamco laboris"
          text run at (0,160) width 113: "nisi ut aliquip ex ea"
          text run at (0,180) width 161: "commodo consequat. Duis"
          text run at (0,200) width 106: "aute irure dolor in"
          text run at (0,220) width 153: "reprehenderit in voluptate"
          text run at (0,240) width 153: "velit esse cillum dolore eu"
          text run at (0,260) width 117: "fugiat nulla pariatur."
          text run at (0,280) width 143: "Excepteur sint occaecat"
          text run at (0,300) width 139: "cupidatat non proident,"
          text run at (0,320) width 136: "sunt in culpa qui officia"
          text run at (0,340) width 155: "deserunt mollit anim id est"
          text run at (0,360) width 53: "laborum."
      RenderBlock {DIV} at (0,2325) size 50x50 [bgcolor=#0000FF]
      RenderBlock {P} at (0,2391) size 164x380
        RenderText {#text} at (0,0) size 163x379
          text run at (0,0) width 144: "6 Lorem ipsum dolor sit"
          text run at (0,20) width 106: "amet, consectetur"
          text run at (0,40) width 132: "adipisicing elit, sed do"
          text run at (0,60) width 158: "eiusmod tempor incididunt"
          text run at (0,80) width 154: "ut labore et dolore magna"
          text run at (0,100) width 148: "aliqua. Ut enim ad minim"
          text run at (0,120) width 123: "veniam, quis nostrud"
          text run at (0,140) width 163: "exercitation ullamco laboris"
          text run at (0,160) width 113: "nisi ut aliquip ex ea"
          text run at (0,180) width 161: "commodo consequat. Duis"
          text run at (0,200) width 106: "aute irure dolor in"
          text run at (0,220) width 153: "reprehenderit in voluptate"
          text run at (0,240) width 153: "velit esse cillum dolore eu"
          text run at (0,260) width 117: "fugiat nulla pariatur."
          text run at (0,280) width 143: "Excepteur sint occaecat"
          text run at (0,300) width 139: "cupidatat non proident,"
          text run at (0,320) width 136: "sunt in culpa qui officia"
          text run at (0,340) width 155: "deserunt mollit anim id est"
          text run at (0,360) width 53: "laborum."
      RenderBlock {DIV} at (0,2787) size 50x50 [bgcolor=#0000FF]
      RenderBlock {P} at (0,2853) size 164x384
        RenderText {#text} at (0,0) size 163x383
          text run at (0,0) width 144: "7 Lorem ipsum dolor sit"
          text run at (0,20) width 106: "amet, consectetur"
          text run at (0,40) width 132: "adipisicing elit, sed do"
          text run at (0,64) width 158: "eiusmod tempor incididunt"
          text run at (0,84) width 154: "ut labore et dolore magna"
          text run at (0,104) width 148: "aliqua. Ut enim ad minim"
          text run at (0,124) width 123: "veniam, quis nostrud"
          text run at (0,144) width 163: "exercitation ullamco laboris"
          text run at (0,164) width 113: "nisi ut aliquip ex ea"
          text run at (0,184) width 161: "commodo consequat. Duis"
          text run at (0,204) width 106: "aute irure dolor in"
          text run at (0,224) width 153: "reprehenderit in voluptate"
          text run at (0,244) width 153: "velit esse cillum dolore eu"
          text run at (0,264) width 117: "fugiat nulla pariatur."
          text run at (0,284) width 143: "Excepteur sint occaecat"
          text run at (0,304) width 139: "cupidatat non proident,"
          text run at (0,324) width 136: "sunt in culpa qui officia"
          text run at (0,344) width 155: "deserunt mollit anim id est"
          text run at (0,364) width 53: "laborum."
      RenderBlock {DIV} at (0,3253) size 50x50 [bgcolor=#0000FF]
      RenderBlock {P} at (0,3319) size 164x383
        RenderText {#text} at (0,0) size 163x382
          text run at (0,0) width 144: "8 Lorem ipsum dolor sit"
          text run at (0,20) width 106: "amet, consectetur"
          text run at (0,40) width 132: "adipisicing elit, sed do"
          text run at (0,60) width 158: "eiusmod tempor incididunt"
          text run at (0,80) width 154: "ut labore et dolore magna"
          text run at (0,100) width 148: "aliqua. Ut enim ad minim"
          text run at (0,120) width 123: "veniam, quis nostrud"
          text run at (0,140) width 163: "exercitation ullamco laboris"
          text run at (0,160) width 113: "nisi ut aliquip ex ea"
          text run at (0,183) width 161: "commodo consequat. Duis"
          text run at (0,203) width 106: "aute irure dolor in"
          text run at (0,223) width 153: "reprehenderit in voluptate"
          text run at (0,243) width 153: "velit esse cillum dolore eu"
          text run at (0,263) width 117: "fugiat nulla pariatur."
          text run at (0,283) width 143: "Excepteur sint occaecat"
          text run at (0,303) width 139: "cupidatat non proident,"
          text run at (0,323) width 136: "sunt in culpa qui officia"
          text run at (0,343) width 155: "deserunt mollit anim id est"
          text run at (0,363) width 53: "laborum."
