layer at (0,0) size 800x600
  RenderView at (0,0) size 800x600
layer at (50,50) size 700x154
  RenderBlock {html} at (50,50) size 700x154 [border: (1px solid #000000)]
    RenderBody {body} at (51,51) size 598x52 [color=#000080] [border: (1px solid #000080)]
      RenderBlock {p} at (1,17) size 596x18
        RenderText {#text} at (0,0) size 351x18
          text run at (0,0) width 351: "There should be a yellow square in the top-left corner, "
        RenderInline {em} at (0,0) size 54x18
          RenderText {#text} at (350,0) size 54x18
            text run at (350,0) width 54: "between"
        RenderText {#text} at (403,0) size 80x18
          text run at (403,0) width 80: " the borders."
