layer at (0,0) size 785x2358
  RenderView at (0,0) size 785x600
layer at (0,0) size 785x2358
  RenderBlock {HTML} at (0,0) size 785x2359
    RenderBody {BODY} at (8,8) size 769x2335 [bgcolor=#FFDEAD]
      RenderBlock {H1} at (0,0) size 769x74
        RenderInline {FONT} at (0,0) size 470x74 [color=#FF0000]
          RenderText {#text} at (0,0) size 294x37
            text run at (0,0) width 294: "Acceptance Test Case"
          RenderBR {BR} at (293,0) size 1x37
          RenderText {#text} at (0,37) size 470x37
            text run at (0,37) width 470: "Web Browser: Web View (HTML)"
      RenderBlock {P} at (0,95) size 769x29
        RenderInline {FONT} at (0,0) size 353x28 [color=#FF0000]
          RenderInline {B} at (0,0) size 353x28
            RenderText {#text} at (0,0) size 353x28
              text run at (0,0) width 353: "Table: <TH> & <TD> ROWSPAN"
        RenderText {#text} at (0,0) size 0x0
      RenderBlock {HR} at (0,139) size 769x3 [border: (1px inset #000000)]
      RenderBlock (anonymous) at (0,149) size 769x55
        RenderText {#text} at (0,0) size 277x18
          text run at (0,0) width 277: "This acceptance test case tests the optional "
        RenderInline {B} at (0,0) size 43x18
          RenderText {#text} at (276,0) size 43x18
            text run at (276,0) width 43: "<TH>"
        RenderText {#text} at (318,0) size 21x18
          text run at (318,0) width 21: " & "
        RenderInline {B} at (0,0) size 42x18
          RenderText {#text} at (338,0) size 42x18
            text run at (338,0) width 42: "<TD>"
        RenderText {#text} at (379,0) size 28x18
          text run at (379,0) width 28: " tag "
        RenderInline {B} at (0,0) size 82x18
          RenderText {#text} at (406,0) size 82x18
            text run at (406,0) width 82: "ROWSPAN"
        RenderText {#text} at (487,0) size 739x36
          text run at (487,0) width 109: " attribute which, "
          text run at (595,0) width 144: "when placed in a table"
          text run at (0,18) width 563: "header or data tag, specifies how many rows the table header or data cell will span. The "
        RenderInline {B} at (0,0) size 82x18
          RenderText {#text} at (562,18) size 82x18
            text run at (562,18) width 82: "ROWSPAN"
        RenderText {#text} at (643,18) size 754x36
          text run at (643,18) width 111: " attribute is set to"
          text run at (0,36) width 494: "an integer value equal the number of rows the table header or data cell spans."
      RenderBlock {P} at (0,219) size 769x19
        RenderInline {B} at (0,0) size 120x18
          RenderText {#text} at (0,0) size 120x18
            text run at (0,0) width 120: "Test Instructions:"
        RenderText {#text} at (0,0) size 0x0
      RenderBlock {OL} at (0,253) size 769x245
        RenderListItem {LI} at (40,0) size 729x18
          RenderListMarker at (-20,0) size 16x18: "1"
          RenderText {#text} at (0,0) size 510x18
            text run at (0,0) width 510: "Verify that the sample text displays as stated in each of the following test cases:"
        RenderBlock {P} at (40,34) size 729x104
          RenderTable {TABLE} at (0,0) size 531x104 [bgcolor=#F08080]
            RenderTableSection {TBODY} at (0,0) size 531x104
              RenderTableRow {TR} at (0,2) size 531x32
                RenderTableCell {TD} at (2,2) size 96x32 [r=0 c=0 rs=1 cs=1]
                  RenderInline {A} at (0,0) size 82x18 [color=#0000EE]
                    RenderText {#text} at (7,7) size 82x18
                      text run at (7,7) width 82: "Test Case #1"
                RenderTableCell {TD} at (99,2) size 430x32 [r=0 c=1 rs=1 cs=1]
                  RenderInline {FONT} at (0,0) size 316x18 [color=#0000FF]
                    RenderInline {B} at (0,0) size 316x18
                      RenderText {#text} at (7,7) size 316x18
                        text run at (7,7) width 316: "table with header cells spanning multiple rows"
              RenderTableRow {TR} at (0,36) size 531x32
                RenderTableCell {TD} at (2,36) size 96x32 [r=1 c=0 rs=1 cs=1]
                  RenderInline {A} at (0,0) size 82x18 [color=#0000EE]
                    RenderText {#text} at (7,7) size 82x18
                      text run at (7,7) width 82: "Test Case #2"
                RenderTableCell {TD} at (99,36) size 430x32 [r=1 c=1 rs=1 cs=1]
                  RenderInline {FONT} at (0,0) size 300x18 [color=#0000FF]
                    RenderInline {B} at (0,0) size 300x18
                      RenderText {#text} at (7,7) size 300x18
                        text run at (7,7) width 300: "table with data cells spanning multiple rows"
              RenderTableRow {TR} at (0,70) size 531x32
                RenderTableCell {TD} at (2,70) size 96x32 [r=2 c=0 rs=1 cs=1]
                  RenderInline {A} at (0,0) size 82x18 [color=#0000EE]
                    RenderText {#text} at (7,7) size 82x18
                      text run at (7,7) width 82: "Test Case #3"
                RenderTableCell {TD} at (99,70) size 430x32 [r=2 c=1 rs=1 cs=1]
                  RenderInline {FONT} at (0,0) size 416x18 [color=#0000FF]
                    RenderInline {B} at (0,0) size 416x18
                      RenderText {#text} at (7,7) size 416x18
                        text run at (7,7) width 416: "table with nested header & data cells spanning multiple rows"
        RenderBlock {P} at (40,154) size 729x0
        RenderListItem {LI} at (40,154) size 729x18
          RenderListMarker at (-20,0) size 16x18: "2"
          RenderText {#text} at (0,0) size 288x18
            text run at (0,0) width 288: "Verify that the table is maintained when you "
          RenderInline {B} at (0,0) size 134x18
            RenderText {#text} at (287,0) size 134x18
              text run at (287,0) width 134: "minimize/maximize"
          RenderText {#text} at (420,0) size 73x18
            text run at (420,0) width 73: " the screen."
        RenderListItem {LI} at (40,172) size 729x18
          RenderListMarker at (-20,0) size 16x18: "3"
          RenderText {#text} at (0,0) size 288x18
            text run at (0,0) width 288: "Verify that the table is maintained when you "
          RenderInline {B} at (0,0) size 126x18
            RenderText {#text} at (287,0) size 126x18
              text run at (287,0) width 126: "re-size left & right"
          RenderText {#text} at (412,0) size 73x18
            text run at (412,0) width 73: " the screen."
        RenderListItem {LI} at (40,190) size 729x18
          RenderListMarker at (-20,0) size 16x18: "4"
          RenderText {#text} at (0,0) size 288x18
            text run at (0,0) width 288: "Verify that the table is maintained when you "
          RenderInline {B} at (0,0) size 141x18
            RenderText {#text} at (287,0) size 141x18
              text run at (287,0) width 141: "re-size top & bottom"
          RenderText {#text} at (427,0) size 73x18
            text run at (427,0) width 73: " the screen."
        RenderListItem {LI} at (40,208) size 729x18
          RenderListMarker at (-20,0) size 16x18: "5"
          RenderText {#text} at (0,0) size 416x18
            text run at (0,0) width 416: "Verify re-draw takes place correctly after maximizing the screen."
        RenderListItem {LI} at (40,226) size 729x18
          RenderListMarker at (-20,0) size 16x18: "6"
          RenderText {#text} at (0,0) size 132x18
            text run at (0,0) width 132: "Verify reload works."
      RenderBlock {HR} at (0,513) size 769x3 [border: (1px inset #000000)]
      RenderBlock {P} at (0,531) size 769x62
        RenderTable {TABLE} at (0,0) size 654x61 [bgcolor=#F08080] [border: (1px outset #808080)]
          RenderTableSection {TBODY} at (1,1) size 652x59
            RenderTableRow {TR} at (0,2) size 652x55
              RenderTableCell {TH} at (2,2) size 648x55 [border: (1px inset #808080)] [r=0 c=0 rs=1 cs=1]
                RenderInline {A} at (0,0) size 0x18
                RenderText {#text} at (11,11) size 95x18
                  text run at (11,11) width 95: "Test Case #1: "
                RenderInline {FONT} at (0,0) size 316x18 [color=#0000FF]
                  RenderText {#text} at (105,11) size 316x18
                    text run at (105,11) width 316: "table with header cells spanning multiple rows"
                RenderText {#text} at (420,11) size 5x18
                  text run at (420,11) width 5: " "
                RenderInline {FONT} at (0,0) size 587x31
                  RenderInline {I} at (0,0) size 587x31
                    RenderText {#text} at (424,13) size 587x31
                      text run at (424,13) width 174: "(using <TH ROWSPAN=integer"
                      text run at (11,29) width 61: "value> tag)"
                RenderText {#text} at (0,0) size 0x0
      RenderBlock {P} at (0,608) size 769x137
        RenderBlock (anonymous) at (0,0) size 769x18
          RenderBR {BR} at (0,0) size 0x18
        RenderTable {TABLE} at (0,18) size 693x118 [bgcolor=#FFD700] [border: (1px outset #808080)]
          RenderTableSection {TBODY} at (1,1) size 691x116
            RenderTableRow {TR} at (0,2) size 691x112
              RenderTableCell {TD} at (2,2) size 687x112 [border: (1px inset #808080)] [r=0 c=0 rs=1 cs=1]
                RenderInline {FONT} at (0,0) size 664x90 [color=#FF0000]
                  RenderInline {B} at (0,0) size 664x90
                    RenderText {#text} at (11,11) size 361x18
                      text run at (11,11) width 361: "In the following sample table you should see that the "
                    RenderInline {FONT} at (0,0) size 82x18 [color=#0000FF]
                      RenderText {#text} at (371,11) size 82x18
                        text run at (371,11) width 82: "ROWSPAN"
                    RenderText {#text} at (452,11) size 631x36
                      text run at (452,11) width 5: " "
                      text run at (456,11) width 186: "attribute applies an integer"
                      text run at (11,29) width 262: "value equal to the number of rows the "
                    RenderInline {FONT} at (0,0) size 70x18 [color=#0000FF]
                      RenderText {#text} at (272,29) size 70x18
                        text run at (272,29) width 70: "HEADER"
                    RenderText {#text} at (341,29) size 664x72
                      text run at (341,29) width 138: " cell is to span. This "
                      text run at (478,29) width 197: "tells the browser to make the"
                      text run at (11,47) width 645: "table header cell occupy the same vertical space as the integer number of cells specified in rows"
                      text run at (11,65) width 610: "above or below it. The browser flows the contents of the spanning cell to occupy the entire"
                      text run at (11,83) width 103: "spanned space."
      RenderBlock {P} at (0,760) size 769x37
        RenderBR {BR} at (0,0) size 0x18
        RenderBR {BR} at (0,18) size 0x18
      RenderBlock {UL} at (0,812) size 769x263
        RenderTable {TABLE} at (40,0) size 474x262 [border: (1px outset #808080)]
          RenderBlock {CAPTION} at (0,0) size 474x18
            RenderText {#text} at (96,0) size 40x18
              text run at (96,0) width 40: "Table "
            RenderInline {B} at (0,0) size 89x18
              RenderText {#text} at (135,0) size 89x18
                text run at (135,0) width 89: "Header Cells"
            RenderText {#text} at (223,0) size 155x18
              text run at (223,0) width 155: " spanning multiple rows"
          RenderTableSection {TBODY} at (1,19) size 472x242
            RenderTableRow {TR} at (0,2) size 472x22
              RenderTableCell {TH} at (2,5) size 99x40 [bgcolor=#FFE4C4] [border: (1px inset #808080)] [r=0 c=0 rs=2 cs=1]
                RenderText {#text} at (18,2) size 63x18
                  text run at (18,2) width 63: "Header 1"
                RenderBR {BR} at (80,2) size 1x18
                RenderText {#text} at (6,20) size 87x18
                  text run at (6,20) width 87: "span=2 rows"
              RenderTableCell {TD} at (102,2) size 40x22 [bgcolor=#EE82EE] [border: (1px inset #808080)] [r=0 c=1 rs=1 cs=1]
                RenderText {#text} at (2,2) size 32x18
                  text run at (2,2) width 32: "col 1"
              RenderTableCell {TD} at (143,2) size 40x22 [bgcolor=#EE82EE] [border: (1px inset #808080)] [r=0 c=2 rs=1 cs=1]
                RenderText {#text} at (2,2) size 32x18
                  text run at (2,2) width 32: "col 2"
              RenderTableCell {TD} at (184,2) size 40x22 [bgcolor=#EE82EE] [border: (1px inset #808080)] [r=0 c=3 rs=1 cs=1]
                RenderText {#text} at (2,2) size 32x18
                  text run at (2,2) width 32: "col 3"
              RenderTableCell {TD} at (225,2) size 40x22 [bgcolor=#EE82EE] [border: (1px inset #808080)] [r=0 c=4 rs=1 cs=1]
                RenderText {#text} at (2,2) size 32x18
                  text run at (2,2) width 32: "col 4"
              RenderTableCell {TD} at (266,2) size 40x22 [bgcolor=#EE82EE] [border: (1px inset #808080)] [r=0 c=5 rs=1 cs=1]
                RenderText {#text} at (2,2) size 32x18
                  text run at (2,2) width 32: "col 5"
              RenderTableCell {TD} at (307,2) size 40x22 [bgcolor=#EE82EE] [border: (1px inset #808080)] [r=0 c=6 rs=1 cs=1]
                RenderText {#text} at (2,2) size 32x18
                  text run at (2,2) width 32: "col 6"
              RenderTableCell {TD} at (348,2) size 40x22 [bgcolor=#EE82EE] [border: (1px inset #808080)] [r=0 c=7 rs=1 cs=1]
                RenderText {#text} at (2,2) size 32x18
                  text run at (2,2) width 32: "col 7"
              RenderTableCell {TD} at (389,2) size 40x22 [bgcolor=#EE82EE] [border: (1px inset #808080)] [r=0 c=8 rs=1 cs=1]
                RenderText {#text} at (2,2) size 32x18
                  text run at (2,2) width 32: "col 8"
              RenderTableCell {TD} at (430,2) size 40x22 [bgcolor=#EE82EE] [border: (1px inset #808080)] [r=0 c=9 rs=1 cs=1]
                RenderText {#text} at (2,2) size 32x18
                  text run at (2,2) width 32: "col 9"
            RenderTableRow {TR} at (0,26) size 472x22
              RenderTableCell {TD} at (102,26) size 40x22 [bgcolor=#EE82EE] [border: (1px inset #808080)] [r=1 c=1 rs=1 cs=1]
                RenderText {#text} at (2,2) size 32x18
                  text run at (2,2) width 32: "col 1"
              RenderTableCell {TD} at (143,26) size 40x22 [bgcolor=#EE82EE] [border: (1px inset #808080)] [r=1 c=2 rs=1 cs=1]
                RenderText {#text} at (2,2) size 32x18
                  text run at (2,2) width 32: "col 2"
              RenderTableCell {TD} at (184,26) size 40x22 [bgcolor=#EE82EE] [border: (1px inset #808080)] [r=1 c=3 rs=1 cs=1]
                RenderText {#text} at (2,2) size 32x18
                  text run at (2,2) width 32: "col 3"
              RenderTableCell {TD} at (225,26) size 40x22 [bgcolor=#EE82EE] [border: (1px inset #808080)] [r=1 c=4 rs=1 cs=1]
                RenderText {#text} at (2,2) size 32x18
                  text run at (2,2) width 32: "col 4"
              RenderTableCell {TD} at (266,26) size 40x22 [bgcolor=#EE82EE] [border: (1px inset #808080)] [r=1 c=5 rs=1 cs=1]
                RenderText {#text} at (2,2) size 32x18
                  text run at (2,2) width 32: "col 5"
              RenderTableCell {TD} at (307,26) size 40x22 [bgcolor=#EE82EE] [border: (1px inset #808080)] [r=1 c=6 rs=1 cs=1]
                RenderText {#text} at (2,2) size 32x18
                  text run at (2,2) width 32: "col 6"
              RenderTableCell {TD} at (348,26) size 40x22 [bgcolor=#EE82EE] [border: (1px inset #808080)] [r=1 c=7 rs=1 cs=1]
                RenderText {#text} at (2,2) size 32x18
                  text run at (2,2) width 32: "col 7"
              RenderTableCell {TD} at (389,26) size 40x22 [bgcolor=#EE82EE] [border: (1px inset #808080)] [r=1 c=8 rs=1 cs=1]
                RenderText {#text} at (2,2) size 32x18
                  text run at (2,2) width 32: "col 8"
              RenderTableCell {TD} at (430,26) size 40x22 [bgcolor=#EE82EE] [border: (1px inset #808080)] [r=1 c=9 rs=1 cs=1]
                RenderText {#text} at (2,2) size 32x18
                  text run at (2,2) width 32: "col 9"
            RenderTableRow {TR} at (0,50) size 472x22
              RenderTableCell {TH} at (2,89) size 99x40 [bgcolor=#FFE4C4] [border: (1px inset #808080)] [r=2 c=0 rs=5 cs=1]
                RenderText {#text} at (18,2) size 63x18
                  text run at (18,2) width 63: "Header 2"
                RenderBR {BR} at (80,2) size 1x18
                RenderText {#text} at (6,20) size 87x18
                  text run at (6,20) width 87: "span=5 rows"
              RenderTableCell {TD} at (102,50) size 40x22 [bgcolor=#90EE90] [border: (1px inset #808080)] [r=2 c=1 rs=1 cs=1]
                RenderText {#text} at (2,2) size 32x18
                  text run at (2,2) width 32: "col 1"
              RenderTableCell {TD} at (143,50) size 40x22 [bgcolor=#90EE90] [border: (1px inset #808080)] [r=2 c=2 rs=1 cs=1]
                RenderText {#text} at (2,2) size 32x18
                  text run at (2,2) width 32: "col 2"
              RenderTableCell {TD} at (184,50) size 40x22 [bgcolor=#90EE90] [border: (1px inset #808080)] [r=2 c=3 rs=1 cs=1]
                RenderText {#text} at (2,2) size 32x18
                  text run at (2,2) width 32: "col 3"
              RenderTableCell {TD} at (225,50) size 40x22 [bgcolor=#90EE90] [border: (1px inset #808080)] [r=2 c=4 rs=1 cs=1]
                RenderText {#text} at (2,2) size 32x18
                  text run at (2,2) width 32: "col 4"
              RenderTableCell {TD} at (266,50) size 40x22 [bgcolor=#90EE90] [border: (1px inset #808080)] [r=2 c=5 rs=1 cs=1]
                RenderText {#text} at (2,2) size 32x18
                  text run at (2,2) width 32: "col 5"
              RenderTableCell {TD} at (307,50) size 40x22 [bgcolor=#90EE90] [border: (1px inset #808080)] [r=2 c=6 rs=1 cs=1]
                RenderText {#text} at (2,2) size 32x18
                  text run at (2,2) width 32: "col 6"
              RenderTableCell {TD} at (348,50) size 40x22 [bgcolor=#90EE90] [border: (1px inset #808080)] [r=2 c=7 rs=1 cs=1]
                RenderText {#text} at (2,2) size 32x18
                  text run at (2,2) width 32: "col 7"
              RenderTableCell {TD} at (389,50) size 40x22 [bgcolor=#90EE90] [border: (1px inset #808080)] [r=2 c=8 rs=1 cs=1]
                RenderText {#text} at (2,2) size 32x18
                  text run at (2,2) width 32: "col 8"
              RenderTableCell {TD} at (430,50) size 40x22 [bgcolor=#90EE90] [border: (1px inset #808080)] [r=2 c=9 rs=1 cs=1]
                RenderText {#text} at (2,2) size 32x18
                  text run at (2,2) width 32: "col 9"
            RenderTableRow {TR} at (0,74) size 472x22
              RenderTableCell {TD} at (102,74) size 40x22 [bgcolor=#90EE90] [border: (1px inset #808080)] [r=3 c=1 rs=1 cs=1]
                RenderText {#text} at (2,2) size 32x18
                  text run at (2,2) width 32: "col 1"
              RenderTableCell {TD} at (143,74) size 40x22 [bgcolor=#90EE90] [border: (1px inset #808080)] [r=3 c=2 rs=1 cs=1]
                RenderText {#text} at (2,2) size 32x18
                  text run at (2,2) width 32: "col 2"
              RenderTableCell {TD} at (184,74) size 40x22 [bgcolor=#90EE90] [border: (1px inset #808080)] [r=3 c=3 rs=1 cs=1]
                RenderText {#text} at (2,2) size 32x18
                  text run at (2,2) width 32: "col 3"
              RenderTableCell {TD} at (225,74) size 40x22 [bgcolor=#90EE90] [border: (1px inset #808080)] [r=3 c=4 rs=1 cs=1]
                RenderText {#text} at (2,2) size 32x18
                  text run at (2,2) width 32: "col 4"
              RenderTableCell {TD} at (266,74) size 40x22 [bgcolor=#90EE90] [border: (1px inset #808080)] [r=3 c=5 rs=1 cs=1]
                RenderText {#text} at (2,2) size 32x18
                  text run at (2,2) width 32: "col 5"
              RenderTableCell {TD} at (307,74) size 40x22 [bgcolor=#90EE90] [border: (1px inset #808080)] [r=3 c=6 rs=1 cs=1]
                RenderText {#text} at (2,2) size 32x18
                  text run at (2,2) width 32: "col 6"
              RenderTableCell {TD} at (348,74) size 40x22 [bgcolor=#90EE90] [border: (1px inset #808080)] [r=3 c=7 rs=1 cs=1]
                RenderText {#text} at (2,2) size 32x18
                  text run at (2,2) width 32: "col 7"
              RenderTableCell {TD} at (389,74) size 40x22 [bgcolor=#90EE90] [border: (1px inset #808080)] [r=3 c=8 rs=1 cs=1]
                RenderText {#text} at (2,2) size 32x18
                  text run at (2,2) width 32: "col 8"
              RenderTableCell {TD} at (430,74) size 40x22 [bgcolor=#90EE90] [border: (1px inset #808080)] [r=3 c=9 rs=1 cs=1]
                RenderText {#text} at (2,2) size 32x18
                  text run at (2,2) width 32: "col 9"
            RenderTableRow {TR} at (0,98) size 472x22 [bgcolor=#FFE4C4]
              RenderTableCell {TD} at (102,98) size 40x22 [bgcolor=#90EE90] [border: (1px inset #808080)] [r=4 c=1 rs=1 cs=1]
                RenderText {#text} at (2,2) size 32x18
                  text run at (2,2) width 32: "col 1"
              RenderTableCell {TD} at (143,98) size 40x22 [bgcolor=#90EE90] [border: (1px inset #808080)] [r=4 c=2 rs=1 cs=1]
                RenderText {#text} at (2,2) size 32x18
                  text run at (2,2) width 32: "col 2"
              RenderTableCell {TD} at (184,98) size 40x22 [bgcolor=#90EE90] [border: (1px inset #808080)] [r=4 c=3 rs=1 cs=1]
                RenderText {#text} at (2,2) size 32x18
                  text run at (2,2) width 32: "col 3"
              RenderTableCell {TD} at (225,98) size 40x22 [bgcolor=#90EE90] [border: (1px inset #808080)] [r=4 c=4 rs=1 cs=1]
                RenderText {#text} at (2,2) size 32x18
                  text run at (2,2) width 32: "col 4"
              RenderTableCell {TD} at (266,98) size 40x22 [bgcolor=#90EE90] [border: (1px inset #808080)] [r=4 c=5 rs=1 cs=1]
                RenderText {#text} at (2,2) size 32x18
                  text run at (2,2) width 32: "col 5"
              RenderTableCell {TD} at (307,98) size 40x22 [bgcolor=#90EE90] [border: (1px inset #808080)] [r=4 c=6 rs=1 cs=1]
                RenderText {#text} at (2,2) size 32x18
                  text run at (2,2) width 32: "col 6"
              RenderTableCell {TD} at (348,98) size 40x22 [bgcolor=#90EE90] [border: (1px inset #808080)] [r=4 c=7 rs=1 cs=1]
                RenderText {#text} at (2,2) size 32x18
                  text run at (2,2) width 32: "col 7"
              RenderTableCell {TD} at (389,98) size 40x22 [bgcolor=#90EE90] [border: (1px inset #808080)] [r=4 c=8 rs=1 cs=1]
                RenderText {#text} at (2,2) size 32x18
                  text run at (2,2) width 32: "col 8"
              RenderTableCell {TD} at (430,98) size 40x22 [bgcolor=#90EE90] [border: (1px inset #808080)] [r=4 c=9 rs=1 cs=1]
                RenderText {#text} at (2,2) size 32x18
                  text run at (2,2) width 32: "col 9"
            RenderTableRow {TR} at (0,122) size 472x22
              RenderTableCell {TD} at (102,122) size 40x22 [bgcolor=#90EE90] [border: (1px inset #808080)] [r=5 c=1 rs=1 cs=1]
                RenderText {#text} at (2,2) size 32x18
                  text run at (2,2) width 32: "col 1"
              RenderTableCell {TD} at (143,122) size 40x22 [bgcolor=#90EE90] [border: (1px inset #808080)] [r=5 c=2 rs=1 cs=1]
                RenderText {#text} at (2,2) size 32x18
                  text run at (2,2) width 32: "col 2"
              RenderTableCell {TD} at (184,122) size 40x22 [bgcolor=#90EE90] [border: (1px inset #808080)] [r=5 c=3 rs=1 cs=1]
                RenderText {#text} at (2,2) size 32x18
                  text run at (2,2) width 32: "col 3"
              RenderTableCell {TD} at (225,122) size 40x22 [bgcolor=#90EE90] [border: (1px inset #808080)] [r=5 c=4 rs=1 cs=1]
                RenderText {#text} at (2,2) size 32x18
                  text run at (2,2) width 32: "col 4"
              RenderTableCell {TD} at (266,122) size 40x22 [bgcolor=#90EE90] [border: (1px inset #808080)] [r=5 c=5 rs=1 cs=1]
                RenderText {#text} at (2,2) size 32x18
                  text run at (2,2) width 32: "col 5"
              RenderTableCell {TD} at (307,122) size 40x22 [bgcolor=#90EE90] [border: (1px inset #808080)] [r=5 c=6 rs=1 cs=1]
                RenderText {#text} at (2,2) size 32x18
                  text run at (2,2) width 32: "col 6"
              RenderTableCell {TD} at (348,122) size 40x22 [bgcolor=#90EE90] [border: (1px inset #808080)] [r=5 c=7 rs=1 cs=1]
                RenderText {#text} at (2,2) size 32x18
                  text run at (2,2) width 32: "col 7"
              RenderTableCell {TD} at (389,122) size 40x22 [bgcolor=#90EE90] [border: (1px inset #808080)] [r=5 c=8 rs=1 cs=1]
                RenderText {#text} at (2,2) size 32x18
                  text run at (2,2) width 32: "col 8"
              RenderTableCell {TD} at (430,122) size 40x22 [bgcolor=#90EE90] [border: (1px inset #808080)] [r=5 c=9 rs=1 cs=1]
                RenderText {#text} at (2,2) size 32x18
                  text run at (2,2) width 32: "col 9"
            RenderTableRow {TR} at (0,146) size 472x22
              RenderTableCell {TD} at (102,146) size 40x22 [bgcolor=#90EE90] [border: (1px inset #808080)] [r=6 c=1 rs=1 cs=1]
                RenderText {#text} at (2,2) size 32x18
                  text run at (2,2) width 32: "col 1"
              RenderTableCell {TD} at (143,146) size 40x22 [bgcolor=#90EE90] [border: (1px inset #808080)] [r=6 c=2 rs=1 cs=1]
                RenderText {#text} at (2,2) size 32x18
                  text run at (2,2) width 32: "col 2"
              RenderTableCell {TD} at (184,146) size 40x22 [bgcolor=#90EE90] [border: (1px inset #808080)] [r=6 c=3 rs=1 cs=1]
                RenderText {#text} at (2,2) size 32x18
                  text run at (2,2) width 32: "col 3"
              RenderTableCell {TD} at (225,146) size 40x22 [bgcolor=#90EE90] [border: (1px inset #808080)] [r=6 c=4 rs=1 cs=1]
                RenderText {#text} at (2,2) size 32x18
                  text run at (2,2) width 32: "col 4"
              RenderTableCell {TD} at (266,146) size 40x22 [bgcolor=#90EE90] [border: (1px inset #808080)] [r=6 c=5 rs=1 cs=1]
                RenderText {#text} at (2,2) size 32x18
                  text run at (2,2) width 32: "col 5"
              RenderTableCell {TD} at (307,146) size 40x22 [bgcolor=#90EE90] [border: (1px inset #808080)] [r=6 c=6 rs=1 cs=1]
                RenderText {#text} at (2,2) size 32x18
                  text run at (2,2) width 32: "col 6"
              RenderTableCell {TD} at (348,146) size 40x22 [bgcolor=#90EE90] [border: (1px inset #808080)] [r=6 c=7 rs=1 cs=1]
                RenderText {#text} at (2,2) size 32x18
                  text run at (2,2) width 32: "col 7"
              RenderTableCell {TD} at (389,146) size 40x22 [bgcolor=#90EE90] [border: (1px inset #808080)] [r=6 c=8 rs=1 cs=1]
                RenderText {#text} at (2,2) size 32x18
                  text run at (2,2) width 32: "col 8"
              RenderTableCell {TD} at (430,146) size 40x22 [bgcolor=#90EE90] [border: (1px inset #808080)] [r=6 c=9 rs=1 cs=1]
                RenderText {#text} at (2,2) size 32x18
                  text run at (2,2) width 32: "col 9"
            RenderTableRow {TR} at (0,170) size 472x22
              RenderTableCell {TH} at (2,185) size 99x40 [bgcolor=#FFE4C4] [border: (1px inset #808080)] [r=7 c=0 rs=3 cs=1]
                RenderText {#text} at (18,2) size 63x18
                  text run at (18,2) width 63: "Header 3"
                RenderBR {BR} at (80,2) size 1x18
                RenderText {#text} at (6,20) size 87x18
                  text run at (6,20) width 87: "span=3 rows"
              RenderTableCell {TD} at (102,170) size 40x22 [bgcolor=#ADD8E6] [border: (1px inset #808080)] [r=7 c=1 rs=1 cs=1]
                RenderText {#text} at (2,2) size 32x18
                  text run at (2,2) width 32: "col 1"
              RenderTableCell {TD} at (143,170) size 40x22 [bgcolor=#ADD8E6] [border: (1px inset #808080)] [r=7 c=2 rs=1 cs=1]
                RenderText {#text} at (2,2) size 32x18
                  text run at (2,2) width 32: "col 2"
              RenderTableCell {TD} at (184,170) size 40x22 [bgcolor=#ADD8E6] [border: (1px inset #808080)] [r=7 c=3 rs=1 cs=1]
                RenderText {#text} at (2,2) size 32x18
                  text run at (2,2) width 32: "col 3"
              RenderTableCell {TD} at (225,170) size 40x22 [bgcolor=#ADD8E6] [border: (1px inset #808080)] [r=7 c=4 rs=1 cs=1]
                RenderText {#text} at (2,2) size 32x18
                  text run at (2,2) width 32: "col 4"
              RenderTableCell {TD} at (266,170) size 40x22 [bgcolor=#ADD8E6] [border: (1px inset #808080)] [r=7 c=5 rs=1 cs=1]
                RenderText {#text} at (2,2) size 32x18
                  text run at (2,2) width 32: "col 5"
              RenderTableCell {TD} at (307,170) size 40x22 [bgcolor=#ADD8E6] [border: (1px inset #808080)] [r=7 c=6 rs=1 cs=1]
                RenderText {#text} at (2,2) size 32x18
                  text run at (2,2) width 32: "col 6"
              RenderTableCell {TD} at (348,170) size 40x22 [bgcolor=#ADD8E6] [border: (1px inset #808080)] [r=7 c=7 rs=1 cs=1]
                RenderText {#text} at (2,2) size 32x18
                  text run at (2,2) width 32: "col 7"
              RenderTableCell {TD} at (389,170) size 40x22 [bgcolor=#ADD8E6] [border: (1px inset #808080)] [r=7 c=8 rs=1 cs=1]
                RenderText {#text} at (2,2) size 32x18
                  text run at (2,2) width 32: "col 8"
              RenderTableCell {TD} at (430,170) size 40x22 [bgcolor=#ADD8E6] [border: (1px inset #808080)] [r=7 c=9 rs=1 cs=1]
                RenderText {#text} at (2,2) size 32x18
                  text run at (2,2) width 32: "col 9"
            RenderTableRow {TR} at (0,194) size 472x22
              RenderTableCell {TD} at (102,194) size 40x22 [bgcolor=#ADD8E6] [border: (1px inset #808080)] [r=8 c=1 rs=1 cs=1]
                RenderText {#text} at (2,2) size 32x18
                  text run at (2,2) width 32: "col 1"
              RenderTableCell {TD} at (143,194) size 40x22 [bgcolor=#ADD8E6] [border: (1px inset #808080)] [r=8 c=2 rs=1 cs=1]
                RenderText {#text} at (2,2) size 32x18
                  text run at (2,2) width 32: "col 2"
              RenderTableCell {TD} at (184,194) size 40x22 [bgcolor=#ADD8E6] [border: (1px inset #808080)] [r=8 c=3 rs=1 cs=1]
                RenderText {#text} at (2,2) size 32x18
                  text run at (2,2) width 32: "col 3"
              RenderTableCell {TD} at (225,194) size 40x22 [bgcolor=#ADD8E6] [border: (1px inset #808080)] [r=8 c=4 rs=1 cs=1]
                RenderText {#text} at (2,2) size 32x18
                  text run at (2,2) width 32: "col 4"
              RenderTableCell {TD} at (266,194) size 40x22 [bgcolor=#ADD8E6] [border: (1px inset #808080)] [r=8 c=5 rs=1 cs=1]
                RenderText {#text} at (2,2) size 32x18
                  text run at (2,2) width 32: "col 5"
              RenderTableCell {TD} at (307,194) size 40x22 [bgcolor=#ADD8E6] [border: (1px inset #808080)] [r=8 c=6 rs=1 cs=1]
                RenderText {#text} at (2,2) size 32x18
                  text run at (2,2) width 32: "col 6"
              RenderTableCell {TD} at (348,194) size 40x22 [bgcolor=#ADD8E6] [border: (1px inset #808080)] [r=8 c=7 rs=1 cs=1]
                RenderText {#text} at (2,2) size 32x18
                  text run at (2,2) width 32: "col 7"
              RenderTableCell {TD} at (389,194) size 40x22 [bgcolor=#ADD8E6] [border: (1px inset #808080)] [r=8 c=8 rs=1 cs=1]
                RenderText {#text} at (2,2) size 32x18
                  text run at (2,2) width 32: "col 8"
              RenderTableCell {TD} at (430,194) size 40x22 [bgcolor=#ADD8E6] [border: (1px inset #808080)] [r=8 c=9 rs=1 cs=1]
                RenderText {#text} at (2,2) size 32x18
                  text run at (2,2) width 32: "col 9"
            RenderTableRow {TR} at (0,218) size 472x22
              RenderTableCell {TD} at (102,218) size 40x22 [bgcolor=#ADD8E6] [border: (1px inset #808080)] [r=9 c=1 rs=1 cs=1]
                RenderText {#text} at (2,2) size 32x18
                  text run at (2,2) width 32: "col 1"
              RenderTableCell {TD} at (143,218) size 40x22 [bgcolor=#ADD8E6] [border: (1px inset #808080)] [r=9 c=2 rs=1 cs=1]
                RenderText {#text} at (2,2) size 32x18
                  text run at (2,2) width 32: "col 2"
              RenderTableCell {TD} at (184,218) size 40x22 [bgcolor=#ADD8E6] [border: (1px inset #808080)] [r=9 c=3 rs=1 cs=1]
                RenderText {#text} at (2,2) size 32x18
                  text run at (2,2) width 32: "col 3"
              RenderTableCell {TD} at (225,218) size 40x22 [bgcolor=#ADD8E6] [border: (1px inset #808080)] [r=9 c=4 rs=1 cs=1]
                RenderText {#text} at (2,2) size 32x18
                  text run at (2,2) width 32: "col 4"
              RenderTableCell {TD} at (266,218) size 40x22 [bgcolor=#ADD8E6] [border: (1px inset #808080)] [r=9 c=5 rs=1 cs=1]
                RenderText {#text} at (2,2) size 32x18
                  text run at (2,2) width 32: "col 5"
              RenderTableCell {TD} at (307,218) size 40x22 [bgcolor=#ADD8E6] [border: (1px inset #808080)] [r=9 c=6 rs=1 cs=1]
                RenderText {#text} at (2,2) size 32x18
                  text run at (2,2) width 32: "col 6"
              RenderTableCell {TD} at (348,218) size 40x22 [bgcolor=#ADD8E6] [border: (1px inset #808080)] [r=9 c=7 rs=1 cs=1]
                RenderText {#text} at (2,2) size 32x18
                  text run at (2,2) width 32: "col 7"
              RenderTableCell {TD} at (389,218) size 40x22 [bgcolor=#ADD8E6] [border: (1px inset #808080)] [r=9 c=8 rs=1 cs=1]
                RenderText {#text} at (2,2) size 32x18
                  text run at (2,2) width 32: "col 8"
              RenderTableCell {TD} at (430,218) size 40x22 [bgcolor=#ADD8E6] [border: (1px inset #808080)] [r=9 c=9 rs=1 cs=1]
                RenderText {#text} at (2,2) size 32x18
                  text run at (2,2) width 32: "col 9"
      RenderBlock {P} at (0,1090) size 769x0
      RenderBlock {HR} at (0,1090) size 769x3 [border: (1px inset #000000)]
      RenderBlock {P} at (0,1108) size 769x62
        RenderTable {TABLE} at (0,0) size 654x61 [bgcolor=#F08080] [border: (1px outset #808080)]
          RenderTableSection {TBODY} at (1,1) size 652x59
            RenderTableRow {TR} at (0,2) size 652x55
              RenderTableCell {TH} at (2,2) size 648x55 [border: (1px inset #808080)] [r=0 c=0 rs=1 cs=1]
                RenderInline {A} at (0,0) size 0x18
                RenderText {#text} at (11,11) size 95x18
                  text run at (11,11) width 95: "Test Case #2: "
                RenderInline {FONT} at (0,0) size 300x18 [color=#0000FF]
                  RenderText {#text} at (105,11) size 300x18
                    text run at (105,11) width 300: "table with data cells spanning multiple rows"
                RenderText {#text} at (404,11) size 5x18
                  text run at (404,11) width 5: " "
                RenderInline {FONT} at (0,0) size 609x31
                  RenderInline {I} at (0,0) size 609x31
                    RenderText {#text} at (408,13) size 609x31
                      text run at (408,13) width 212: "(using <TD ROWSPAN=integer value>"
                      text run at (11,29) width 21: "tag)"
                RenderText {#text} at (0,0) size 0x0
      RenderBlock {P} at (0,1185) size 769x137
        RenderBlock (anonymous) at (0,0) size 769x18
          RenderBR {BR} at (0,0) size 0x18
        RenderTable {TABLE} at (0,18) size 693x118 [bgcolor=#FFD700] [border: (1px outset #808080)]
          RenderTableSection {TBODY} at (1,1) size 691x116
            RenderTableRow {TR} at (0,2) size 691x112
              RenderTableCell {TD} at (2,2) size 687x112 [border: (1px inset #808080)] [r=0 c=0 rs=1 cs=1]
                RenderInline {FONT} at (0,0) size 639x90 [color=#FF0000]
                  RenderInline {B} at (0,0) size 639x90
                    RenderText {#text} at (11,11) size 361x18
                      text run at (11,11) width 361: "In the following sample table you should see that the "
                    RenderInline {FONT} at (0,0) size 82x18 [color=#0000FF]
                      RenderText {#text} at (371,11) size 82x18
                        text run at (371,11) width 82: "ROWSPAN"
                    RenderText {#text} at (452,11) size 631x36
                      text run at (452,11) width 5: " "
                      text run at (456,11) width 186: "attribute applies an integer"
                      text run at (11,29) width 262: "value equal to the number of rows the "
                    RenderInline {FONT} at (0,0) size 44x18 [color=#0000FF]
                      RenderText {#text} at (272,29) size 44x18
                        text run at (272,29) width 44: "DATA"
                    RenderText {#text} at (315,29) size 639x72
                      text run at (315,29) width 138: " cell is to span. This "
                      text run at (452,29) width 198: "tells the browser to make the"
                      text run at (11,47) width 629: "table data cell occupy the same vertical space as the integer number of cells specified in rows"
                      text run at (11,65) width 610: "above or below it. The browser flows the contents of the spanning cell to occupy the entire"
                      text run at (11,83) width 103: "spanned space."
      RenderBlock {P} at (0,1337) size 769x37
        RenderBR {BR} at (0,0) size 0x18
        RenderBR {BR} at (0,18) size 0x18
      RenderBlock {UL} at (0,1389) size 769x263
        RenderTable {TABLE} at (40,0) size 474x262 [border: (1px outset #808080)]
          RenderBlock {CAPTION} at (0,0) size 474x18
            RenderText {#text} at (104,0) size 41x18
              text run at (104,0) width 41: "Table "
            RenderInline {B} at (0,0) size 71x18
              RenderText {#text} at (144,0) size 71x18
                text run at (144,0) width 71: "Data Cells"
            RenderText {#text} at (214,0) size 156x18
              text run at (214,0) width 156: " spanning multiple rows"
          RenderTableSection {TBODY} at (1,19) size 472x242
            RenderTableRow {TR} at (0,2) size 472x22
              RenderTableCell {TH} at (2,2) size 41x22 [bgcolor=#EE82EE] [border: (1px inset #808080)] [r=0 c=0 rs=1 cs=1]
                RenderText {#text} at (2,2) size 37x18
                  text run at (2,2) width 37: "Head"
              RenderTableCell {TD} at (44,5) size 87x40 [bgcolor=#FFFACD] [border: (1px inset #808080)] [r=0 c=1 rs=2 cs=1]
                RenderText {#text} at (2,2) size 43x18
                  text run at (2,2) width 43: "Data 1"
                RenderBR {BR} at (44,2) size 1x18
                RenderText {#text} at (2,20) size 82x18
                  text run at (2,20) width 82: "span=2 rows"
              RenderTableCell {TD} at (132,2) size 37x22 [bgcolor=#EE82EE] [border: (1px inset #808080)] [r=0 c=2 rs=1 cs=1]
                RenderText {#text} at (2,2) size 32x18
                  text run at (2,2) width 32: "col 1"
              RenderTableCell {TD} at (170,2) size 36x22 [bgcolor=#EE82EE] [border: (1px inset #808080)] [r=0 c=3 rs=1 cs=1]
                RenderText {#text} at (2,2) size 32x18
                  text run at (2,2) width 32: "col 2"
              RenderTableCell {TD} at (207,2) size 37x22 [bgcolor=#EE82EE] [border: (1px inset #808080)] [r=0 c=4 rs=1 cs=1]
                RenderText {#text} at (2,2) size 32x18
                  text run at (2,2) width 32: "col 3"
              RenderTableCell {TD} at (245,2) size 37x22 [bgcolor=#EE82EE] [border: (1px inset #808080)] [r=0 c=5 rs=1 cs=1]
                RenderText {#text} at (2,2) size 32x18
                  text run at (2,2) width 32: "col 4"
              RenderTableCell {TD} at (283,2) size 37x22 [bgcolor=#EE82EE] [border: (1px inset #808080)] [r=0 c=6 rs=1 cs=1]
                RenderText {#text} at (2,2) size 32x18
                  text run at (2,2) width 32: "col 5"
              RenderTableCell {TD} at (321,2) size 36x22 [bgcolor=#EE82EE] [border: (1px inset #808080)] [r=0 c=7 rs=1 cs=1]
                RenderText {#text} at (2,2) size 32x18
                  text run at (2,2) width 32: "col 6"
              RenderTableCell {TD} at (358,2) size 37x22 [bgcolor=#EE82EE] [border: (1px inset #808080)] [r=0 c=8 rs=1 cs=1]
                RenderText {#text} at (2,2) size 32x18
                  text run at (2,2) width 32: "col 7"
              RenderTableCell {TD} at (396,2) size 37x22 [bgcolor=#EE82EE] [border: (1px inset #808080)] [r=0 c=9 rs=1 cs=1]
                RenderText {#text} at (2,2) size 32x18
                  text run at (2,2) width 32: "col 8"
              RenderTableCell {TD} at (434,2) size 36x22 [bgcolor=#EE82EE] [border: (1px inset #808080)] [r=0 c=10 rs=1 cs=1]
                RenderText {#text} at (2,2) size 32x18
                  text run at (2,2) width 32: "col 9"
            RenderTableRow {TR} at (0,26) size 472x22
              RenderTableCell {TH} at (2,26) size 41x22 [bgcolor=#EE82EE] [border: (1px inset #808080)] [r=1 c=0 rs=1 cs=1]
                RenderText {#text} at (2,2) size 37x18
                  text run at (2,2) width 37: "Head"
              RenderTableCell {TD} at (132,26) size 37x22 [bgcolor=#EE82EE] [border: (1px inset #808080)] [r=1 c=2 rs=1 cs=1]
                RenderText {#text} at (2,2) size 32x18
                  text run at (2,2) width 32: "col 1"
              RenderTableCell {TD} at (170,26) size 36x22 [bgcolor=#EE82EE] [border: (1px inset #808080)] [r=1 c=3 rs=1 cs=1]
                RenderText {#text} at (2,2) size 32x18
                  text run at (2,2) width 32: "col 2"
              RenderTableCell {TD} at (207,26) size 37x22 [bgcolor=#EE82EE] [border: (1px inset #808080)] [r=1 c=4 rs=1 cs=1]
                RenderText {#text} at (2,2) size 32x18
                  text run at (2,2) width 32: "col 3"
              RenderTableCell {TD} at (245,26) size 37x22 [bgcolor=#EE82EE] [border: (1px inset #808080)] [r=1 c=5 rs=1 cs=1]
                RenderText {#text} at (2,2) size 32x18
                  text run at (2,2) width 32: "col 4"
              RenderTableCell {TD} at (283,26) size 37x22 [bgcolor=#EE82EE] [border: (1px inset #808080)] [r=1 c=6 rs=1 cs=1]
                RenderText {#text} at (2,2) size 32x18
                  text run at (2,2) width 32: "col 5"
              RenderTableCell {TD} at (321,26) size 36x22 [bgcolor=#EE82EE] [border: (1px inset #808080)] [r=1 c=7 rs=1 cs=1]
                RenderText {#text} at (2,2) size 32x18
                  text run at (2,2) width 32: "col 6"
              RenderTableCell {TD} at (358,26) size 37x22 [bgcolor=#EE82EE] [border: (1px inset #808080)] [r=1 c=8 rs=1 cs=1]
                RenderText {#text} at (2,2) size 32x18
                  text run at (2,2) width 32: "col 7"
              RenderTableCell {TD} at (396,26) size 37x22 [bgcolor=#EE82EE] [border: (1px inset #808080)] [r=1 c=9 rs=1 cs=1]
                RenderText {#text} at (2,2) size 32x18
                  text run at (2,2) width 32: "col 8"
              RenderTableCell {TD} at (434,26) size 36x22 [bgcolor=#EE82EE] [border: (1px inset #808080)] [r=1 c=10 rs=1 cs=1]
                RenderText {#text} at (2,2) size 32x18
                  text run at (2,2) width 32: "col 9"
            RenderTableRow {TR} at (0,50) size 472x22
              RenderTableCell {TH} at (2,50) size 41x22 [bgcolor=#90EE90] [border: (1px inset #808080)] [r=2 c=0 rs=1 cs=1]
                RenderText {#text} at (2,2) size 37x18
                  text run at (2,2) width 37: "Head"
              RenderTableCell {TD} at (44,89) size 87x40 [bgcolor=#FFFACD] [border: (1px inset #808080)] [r=2 c=1 rs=5 cs=1]
                RenderText {#text} at (2,2) size 43x18
                  text run at (2,2) width 43: "Data 2"
                RenderBR {BR} at (44,2) size 1x18
                RenderText {#text} at (2,20) size 82x18
                  text run at (2,20) width 82: "span=5 rows"
              RenderTableCell {TD} at (132,50) size 37x22 [bgcolor=#90EE90] [border: (1px inset #808080)] [r=2 c=2 rs=1 cs=1]
                RenderText {#text} at (2,2) size 32x18
                  text run at (2,2) width 32: "col 1"
              RenderTableCell {TD} at (170,50) size 36x22 [bgcolor=#90EE90] [border: (1px inset #808080)] [r=2 c=3 rs=1 cs=1]
                RenderText {#text} at (2,2) size 32x18
                  text run at (2,2) width 32: "col 2"
              RenderTableCell {TD} at (207,50) size 37x22 [bgcolor=#90EE90] [border: (1px inset #808080)] [r=2 c=4 rs=1 cs=1]
                RenderText {#text} at (2,2) size 32x18
                  text run at (2,2) width 32: "col 3"
              RenderTableCell {TD} at (245,50) size 37x22 [bgcolor=#90EE90] [border: (1px inset #808080)] [r=2 c=5 rs=1 cs=1]
                RenderText {#text} at (2,2) size 32x18
                  text run at (2,2) width 32: "col 4"
              RenderTableCell {TD} at (283,50) size 37x22 [bgcolor=#90EE90] [border: (1px inset #808080)] [r=2 c=6 rs=1 cs=1]
                RenderText {#text} at (2,2) size 32x18
                  text run at (2,2) width 32: "col 5"
              RenderTableCell {TD} at (321,50) size 36x22 [bgcolor=#90EE90] [border: (1px inset #808080)] [r=2 c=7 rs=1 cs=1]
                RenderText {#text} at (2,2) size 32x18
                  text run at (2,2) width 32: "col 6"
              RenderTableCell {TD} at (358,50) size 37x22 [bgcolor=#90EE90] [border: (1px inset #808080)] [r=2 c=8 rs=1 cs=1]
                RenderText {#text} at (2,2) size 32x18
                  text run at (2,2) width 32: "col 7"
              RenderTableCell {TD} at (396,50) size 37x22 [bgcolor=#90EE90] [border: (1px inset #808080)] [r=2 c=9 rs=1 cs=1]
                RenderText {#text} at (2,2) size 32x18
                  text run at (2,2) width 32: "col 8"
              RenderTableCell {TD} at (434,50) size 36x22 [bgcolor=#90EE90] [border: (1px inset #808080)] [r=2 c=10 rs=1 cs=1]
                RenderText {#text} at (2,2) size 32x18
                  text run at (2,2) width 32: "col 9"
            RenderTableRow {TR} at (0,74) size 472x22
              RenderTableCell {TH} at (2,74) size 41x22 [bgcolor=#90EE90] [border: (1px inset #808080)] [r=3 c=0 rs=1 cs=1]
                RenderText {#text} at (2,2) size 37x18
                  text run at (2,2) width 37: "Head"
              RenderTableCell {TD} at (132,74) size 37x22 [bgcolor=#90EE90] [border: (1px inset #808080)] [r=3 c=2 rs=1 cs=1]
                RenderText {#text} at (2,2) size 32x18
                  text run at (2,2) width 32: "col 1"
              RenderTableCell {TD} at (170,74) size 36x22 [bgcolor=#90EE90] [border: (1px inset #808080)] [r=3 c=3 rs=1 cs=1]
                RenderText {#text} at (2,2) size 32x18
                  text run at (2,2) width 32: "col 2"
              RenderTableCell {TD} at (207,74) size 37x22 [bgcolor=#90EE90] [border: (1px inset #808080)] [r=3 c=4 rs=1 cs=1]
                RenderText {#text} at (2,2) size 32x18
                  text run at (2,2) width 32: "col 3"
              RenderTableCell {TD} at (245,74) size 37x22 [bgcolor=#90EE90] [border: (1px inset #808080)] [r=3 c=5 rs=1 cs=1]
                RenderText {#text} at (2,2) size 32x18
                  text run at (2,2) width 32: "col 4"
              RenderTableCell {TD} at (283,74) size 37x22 [bgcolor=#90EE90] [border: (1px inset #808080)] [r=3 c=6 rs=1 cs=1]
                RenderText {#text} at (2,2) size 32x18
                  text run at (2,2) width 32: "col 5"
              RenderTableCell {TD} at (321,74) size 36x22 [bgcolor=#90EE90] [border: (1px inset #808080)] [r=3 c=7 rs=1 cs=1]
                RenderText {#text} at (2,2) size 32x18
                  text run at (2,2) width 32: "col 6"
              RenderTableCell {TD} at (358,74) size 37x22 [bgcolor=#90EE90] [border: (1px inset #808080)] [r=3 c=8 rs=1 cs=1]
                RenderText {#text} at (2,2) size 32x18
                  text run at (2,2) width 32: "col 7"
              RenderTableCell {TD} at (396,74) size 37x22 [bgcolor=#90EE90] [border: (1px inset #808080)] [r=3 c=9 rs=1 cs=1]
                RenderText {#text} at (2,2) size 32x18
                  text run at (2,2) width 32: "col 8"
              RenderTableCell {TD} at (434,74) size 36x22 [bgcolor=#90EE90] [border: (1px inset #808080)] [r=3 c=10 rs=1 cs=1]
                RenderText {#text} at (2,2) size 32x18
                  text run at (2,2) width 32: "col 9"
            RenderTableRow {TR} at (0,98) size 472x22
              RenderTableCell {TH} at (2,98) size 41x22 [bgcolor=#90EE90] [border: (1px inset #808080)] [r=4 c=0 rs=1 cs=1]
                RenderText {#text} at (2,2) size 37x18
                  text run at (2,2) width 37: "Head"
              RenderTableCell {TD} at (132,98) size 37x22 [bgcolor=#90EE90] [border: (1px inset #808080)] [r=4 c=2 rs=1 cs=1]
                RenderText {#text} at (2,2) size 32x18
                  text run at (2,2) width 32: "col 1"
              RenderTableCell {TD} at (170,98) size 36x22 [bgcolor=#90EE90] [border: (1px inset #808080)] [r=4 c=3 rs=1 cs=1]
                RenderText {#text} at (2,2) size 32x18
                  text run at (2,2) width 32: "col 2"
              RenderTableCell {TD} at (207,98) size 37x22 [bgcolor=#90EE90] [border: (1px inset #808080)] [r=4 c=4 rs=1 cs=1]
                RenderText {#text} at (2,2) size 32x18
                  text run at (2,2) width 32: "col 3"
              RenderTableCell {TD} at (245,98) size 37x22 [bgcolor=#90EE90] [border: (1px inset #808080)] [r=4 c=5 rs=1 cs=1]
                RenderText {#text} at (2,2) size 32x18
                  text run at (2,2) width 32: "col 4"
              RenderTableCell {TD} at (283,98) size 37x22 [bgcolor=#90EE90] [border: (1px inset #808080)] [r=4 c=6 rs=1 cs=1]
                RenderText {#text} at (2,2) size 32x18
                  text run at (2,2) width 32: "col 5"
              RenderTableCell {TD} at (321,98) size 36x22 [bgcolor=#90EE90] [border: (1px inset #808080)] [r=4 c=7 rs=1 cs=1]
                RenderText {#text} at (2,2) size 32x18
                  text run at (2,2) width 32: "col 6"
              RenderTableCell {TD} at (358,98) size 37x22 [bgcolor=#90EE90] [border: (1px inset #808080)] [r=4 c=8 rs=1 cs=1]
                RenderText {#text} at (2,2) size 32x18
                  text run at (2,2) width 32: "col 7"
              RenderTableCell {TD} at (396,98) size 37x22 [bgcolor=#90EE90] [border: (1px inset #808080)] [r=4 c=9 rs=1 cs=1]
                RenderText {#text} at (2,2) size 32x18
                  text run at (2,2) width 32: "col 8"
              RenderTableCell {TD} at (434,98) size 36x22 [bgcolor=#90EE90] [border: (1px inset #808080)] [r=4 c=10 rs=1 cs=1]
                RenderText {#text} at (2,2) size 32x18
                  text run at (2,2) width 32: "col 9"
            RenderTableRow {TR} at (0,122) size 472x22
              RenderTableCell {TH} at (2,122) size 41x22 [bgcolor=#90EE90] [border: (1px inset #808080)] [r=5 c=0 rs=1 cs=1]
                RenderText {#text} at (2,2) size 37x18
                  text run at (2,2) width 37: "Head"
              RenderTableCell {TD} at (132,122) size 37x22 [bgcolor=#90EE90] [border: (1px inset #808080)] [r=5 c=2 rs=1 cs=1]
                RenderText {#text} at (2,2) size 32x18
                  text run at (2,2) width 32: "col 1"
              RenderTableCell {TD} at (170,122) size 36x22 [bgcolor=#90EE90] [border: (1px inset #808080)] [r=5 c=3 rs=1 cs=1]
                RenderText {#text} at (2,2) size 32x18
                  text run at (2,2) width 32: "col 2"
              RenderTableCell {TD} at (207,122) size 37x22 [bgcolor=#90EE90] [border: (1px inset #808080)] [r=5 c=4 rs=1 cs=1]
                RenderText {#text} at (2,2) size 32x18
                  text run at (2,2) width 32: "col 3"
              RenderTableCell {TD} at (245,122) size 37x22 [bgcolor=#90EE90] [border: (1px inset #808080)] [r=5 c=5 rs=1 cs=1]
                RenderText {#text} at (2,2) size 32x18
                  text run at (2,2) width 32: "col 4"
              RenderTableCell {TD} at (283,122) size 37x22 [bgcolor=#90EE90] [border: (1px inset #808080)] [r=5 c=6 rs=1 cs=1]
                RenderText {#text} at (2,2) size 32x18
                  text run at (2,2) width 32: "col 5"
              RenderTableCell {TD} at (321,122) size 36x22 [bgcolor=#90EE90] [border: (1px inset #808080)] [r=5 c=7 rs=1 cs=1]
                RenderText {#text} at (2,2) size 32x18
                  text run at (2,2) width 32: "col 6"
              RenderTableCell {TD} at (358,122) size 37x22 [bgcolor=#90EE90] [border: (1px inset #808080)] [r=5 c=8 rs=1 cs=1]
                RenderText {#text} at (2,2) size 32x18
                  text run at (2,2) width 32: "col 7"
              RenderTableCell {TD} at (396,122) size 37x22 [bgcolor=#90EE90] [border: (1px inset #808080)] [r=5 c=9 rs=1 cs=1]
                RenderText {#text} at (2,2) size 32x18
                  text run at (2,2) width 32: "col 8"
              RenderTableCell {TD} at (434,122) size 36x22 [bgcolor=#90EE90] [border: (1px inset #808080)] [r=5 c=10 rs=1 cs=1]
                RenderText {#text} at (2,2) size 32x18
                  text run at (2,2) width 32: "col 9"
            RenderTableRow {TR} at (0,146) size 472x22
              RenderTableCell {TH} at (2,146) size 41x22 [bgcolor=#90EE90] [border: (1px inset #808080)] [r=6 c=0 rs=1 cs=1]
                RenderText {#text} at (2,2) size 37x18
                  text run at (2,2) width 37: "Head"
              RenderTableCell {TD} at (132,146) size 37x22 [bgcolor=#90EE90] [border: (1px inset #808080)] [r=6 c=2 rs=1 cs=1]
                RenderText {#text} at (2,2) size 32x18
                  text run at (2,2) width 32: "col 1"
              RenderTableCell {TD} at (170,146) size 36x22 [bgcolor=#90EE90] [border: (1px inset #808080)] [r=6 c=3 rs=1 cs=1]
                RenderText {#text} at (2,2) size 32x18
                  text run at (2,2) width 32: "col 2"
              RenderTableCell {TD} at (207,146) size 37x22 [bgcolor=#90EE90] [border: (1px inset #808080)] [r=6 c=4 rs=1 cs=1]
                RenderText {#text} at (2,2) size 32x18
                  text run at (2,2) width 32: "col 3"
              RenderTableCell {TD} at (245,146) size 37x22 [bgcolor=#90EE90] [border: (1px inset #808080)] [r=6 c=5 rs=1 cs=1]
                RenderText {#text} at (2,2) size 32x18
                  text run at (2,2) width 32: "col 4"
              RenderTableCell {TD} at (283,146) size 37x22 [bgcolor=#90EE90] [border: (1px inset #808080)] [r=6 c=6 rs=1 cs=1]
                RenderText {#text} at (2,2) size 32x18
                  text run at (2,2) width 32: "col 5"
              RenderTableCell {TD} at (321,146) size 36x22 [bgcolor=#90EE90] [border: (1px inset #808080)] [r=6 c=7 rs=1 cs=1]
                RenderText {#text} at (2,2) size 32x18
                  text run at (2,2) width 32: "col 6"
              RenderTableCell {TD} at (358,146) size 37x22 [bgcolor=#90EE90] [border: (1px inset #808080)] [r=6 c=8 rs=1 cs=1]
                RenderText {#text} at (2,2) size 32x18
                  text run at (2,2) width 32: "col 7"
              RenderTableCell {TD} at (396,146) size 37x22 [bgcolor=#90EE90] [border: (1px inset #808080)] [r=6 c=9 rs=1 cs=1]
                RenderText {#text} at (2,2) size 32x18
                  text run at (2,2) width 32: "col 8"
              RenderTableCell {TD} at (434,146) size 36x22 [bgcolor=#90EE90] [border: (1px inset #808080)] [r=6 c=10 rs=1 cs=1]
                RenderText {#text} at (2,2) size 32x18
                  text run at (2,2) width 32: "col 9"
            RenderTableRow {TR} at (0,170) size 472x22
              RenderTableCell {TH} at (2,170) size 41x22 [bgcolor=#ADD8E6] [border: (1px inset #808080)] [r=7 c=0 rs=1 cs=1]
                RenderText {#text} at (2,2) size 37x18
                  text run at (2,2) width 37: "Head"
              RenderTableCell {TD} at (44,185) size 87x40 [bgcolor=#FFFACD] [border: (1px inset #808080)] [r=7 c=1 rs=3 cs=1]
                RenderText {#text} at (2,2) size 43x18
                  text run at (2,2) width 43: "Data 3"
                RenderBR {BR} at (44,2) size 1x18
                RenderText {#text} at (2,20) size 82x18
                  text run at (2,20) width 82: "span=3 rows"
              RenderTableCell {TD} at (132,170) size 37x22 [bgcolor=#ADD8E6] [border: (1px inset #808080)] [r=7 c=2 rs=1 cs=1]
                RenderText {#text} at (2,2) size 32x18
                  text run at (2,2) width 32: "col 1"
              RenderTableCell {TD} at (170,170) size 36x22 [bgcolor=#ADD8E6] [border: (1px inset #808080)] [r=7 c=3 rs=1 cs=1]
                RenderText {#text} at (2,2) size 32x18
                  text run at (2,2) width 32: "col 2"
              RenderTableCell {TD} at (207,170) size 37x22 [bgcolor=#ADD8E6] [border: (1px inset #808080)] [r=7 c=4 rs=1 cs=1]
                RenderText {#text} at (2,2) size 32x18
                  text run at (2,2) width 32: "col 3"
              RenderTableCell {TD} at (245,170) size 37x22 [bgcolor=#ADD8E6] [border: (1px inset #808080)] [r=7 c=5 rs=1 cs=1]
                RenderText {#text} at (2,2) size 32x18
                  text run at (2,2) width 32: "col 4"
              RenderTableCell {TD} at (283,170) size 37x22 [bgcolor=#ADD8E6] [border: (1px inset #808080)] [r=7 c=6 rs=1 cs=1]
                RenderText {#text} at (2,2) size 32x18
                  text run at (2,2) width 32: "col 5"
              RenderTableCell {TD} at (321,170) size 36x22 [bgcolor=#ADD8E6] [border: (1px inset #808080)] [r=7 c=7 rs=1 cs=1]
                RenderText {#text} at (2,2) size 32x18
                  text run at (2,2) width 32: "col 6"
              RenderTableCell {TD} at (358,170) size 37x22 [bgcolor=#ADD8E6] [border: (1px inset #808080)] [r=7 c=8 rs=1 cs=1]
                RenderText {#text} at (2,2) size 32x18
                  text run at (2,2) width 32: "col 7"
              RenderTableCell {TD} at (396,170) size 37x22 [bgcolor=#ADD8E6] [border: (1px inset #808080)] [r=7 c=9 rs=1 cs=1]
                RenderText {#text} at (2,2) size 32x18
                  text run at (2,2) width 32: "col 8"
              RenderTableCell {TD} at (434,170) size 36x22 [bgcolor=#ADD8E6] [border: (1px inset #808080)] [r=7 c=10 rs=1 cs=1]
                RenderText {#text} at (2,2) size 32x18
                  text run at (2,2) width 32: "col 9"
            RenderTableRow {TR} at (0,194) size 472x22
              RenderTableCell {TH} at (2,194) size 41x22 [bgcolor=#ADD8E6] [border: (1px inset #808080)] [r=8 c=0 rs=1 cs=1]
                RenderText {#text} at (2,2) size 37x18
                  text run at (2,2) width 37: "Head"
              RenderTableCell {TD} at (132,194) size 37x22 [bgcolor=#ADD8E6] [border: (1px inset #808080)] [r=8 c=2 rs=1 cs=1]
                RenderText {#text} at (2,2) size 32x18
                  text run at (2,2) width 32: "col 1"
              RenderTableCell {TD} at (170,194) size 36x22 [bgcolor=#ADD8E6] [border: (1px inset #808080)] [r=8 c=3 rs=1 cs=1]
                RenderText {#text} at (2,2) size 32x18
                  text run at (2,2) width 32: "col 2"
              RenderTableCell {TD} at (207,194) size 37x22 [bgcolor=#ADD8E6] [border: (1px inset #808080)] [r=8 c=4 rs=1 cs=1]
                RenderText {#text} at (2,2) size 32x18
                  text run at (2,2) width 32: "col 3"
              RenderTableCell {TD} at (245,194) size 37x22 [bgcolor=#ADD8E6] [border: (1px inset #808080)] [r=8 c=5 rs=1 cs=1]
                RenderText {#text} at (2,2) size 32x18
                  text run at (2,2) width 32: "col 4"
              RenderTableCell {TD} at (283,194) size 37x22 [bgcolor=#ADD8E6] [border: (1px inset #808080)] [r=8 c=6 rs=1 cs=1]
                RenderText {#text} at (2,2) size 32x18
                  text run at (2,2) width 32: "col 5"
              RenderTableCell {TD} at (321,194) size 36x22 [bgcolor=#ADD8E6] [border: (1px inset #808080)] [r=8 c=7 rs=1 cs=1]
                RenderText {#text} at (2,2) size 32x18
                  text run at (2,2) width 32: "col 6"
              RenderTableCell {TD} at (358,194) size 37x22 [bgcolor=#ADD8E6] [border: (1px inset #808080)] [r=8 c=8 rs=1 cs=1]
                RenderText {#text} at (2,2) size 32x18
                  text run at (2,2) width 32: "col 7"
              RenderTableCell {TD} at (396,194) size 37x22 [bgcolor=#ADD8E6] [border: (1px inset #808080)] [r=8 c=9 rs=1 cs=1]
                RenderText {#text} at (2,2) size 32x18
                  text run at (2,2) width 32: "col 8"
              RenderTableCell {TD} at (434,194) size 36x22 [bgcolor=#ADD8E6] [border: (1px inset #808080)] [r=8 c=10 rs=1 cs=1]
                RenderText {#text} at (2,2) size 32x18
                  text run at (2,2) width 32: "col 9"
            RenderTableRow {TR} at (0,218) size 472x22
              RenderTableCell {TH} at (2,218) size 41x22 [bgcolor=#ADD8E6] [border: (1px inset #808080)] [r=9 c=0 rs=1 cs=1]
                RenderText {#text} at (2,2) size 37x18
                  text run at (2,2) width 37: "Head"
              RenderTableCell {TD} at (132,218) size 37x22 [bgcolor=#ADD8E6] [border: (1px inset #808080)] [r=9 c=2 rs=1 cs=1]
                RenderText {#text} at (2,2) size 32x18
                  text run at (2,2) width 32: "col 1"
              RenderTableCell {TD} at (170,218) size 36x22 [bgcolor=#ADD8E6] [border: (1px inset #808080)] [r=9 c=3 rs=1 cs=1]
                RenderText {#text} at (2,2) size 32x18
                  text run at (2,2) width 32: "col 2"
              RenderTableCell {TD} at (207,218) size 37x22 [bgcolor=#ADD8E6] [border: (1px inset #808080)] [r=9 c=4 rs=1 cs=1]
                RenderText {#text} at (2,2) size 32x18
                  text run at (2,2) width 32: "col 3"
              RenderTableCell {TD} at (245,218) size 37x22 [bgcolor=#ADD8E6] [border: (1px inset #808080)] [r=9 c=5 rs=1 cs=1]
                RenderText {#text} at (2,2) size 32x18
                  text run at (2,2) width 32: "col 4"
              RenderTableCell {TD} at (283,218) size 37x22 [bgcolor=#ADD8E6] [border: (1px inset #808080)] [r=9 c=6 rs=1 cs=1]
                RenderText {#text} at (2,2) size 32x18
                  text run at (2,2) width 32: "col 5"
              RenderTableCell {TD} at (321,218) size 36x22 [bgcolor=#ADD8E6] [border: (1px inset #808080)] [r=9 c=7 rs=1 cs=1]
                RenderText {#text} at (2,2) size 32x18
                  text run at (2,2) width 32: "col 6"
              RenderTableCell {TD} at (358,218) size 37x22 [bgcolor=#ADD8E6] [border: (1px inset #808080)] [r=9 c=8 rs=1 cs=1]
                RenderText {#text} at (2,2) size 32x18
                  text run at (2,2) width 32: "col 7"
              RenderTableCell {TD} at (396,218) size 37x22 [bgcolor=#ADD8E6] [border: (1px inset #808080)] [r=9 c=9 rs=1 cs=1]
                RenderText {#text} at (2,2) size 32x18
                  text run at (2,2) width 32: "col 8"
              RenderTableCell {TD} at (434,218) size 36x22 [bgcolor=#ADD8E6] [border: (1px inset #808080)] [r=9 c=10 rs=1 cs=1]
                RenderText {#text} at (2,2) size 32x18
                  text run at (2,2) width 32: "col 9"
      RenderBlock {P} at (0,1667) size 769x0
      RenderBlock {HR} at (0,1667) size 769x3 [border: (1px inset #000000)]
      RenderBlock {P} at (0,1685) size 769x62
        RenderTable {TABLE} at (0,0) size 654x61 [bgcolor=#F08080] [border: (1px outset #808080)]
          RenderTableSection {TBODY} at (1,1) size 652x59
            RenderTableRow {TR} at (0,2) size 652x55
              RenderTableCell {TH} at (2,2) size 648x55 [border: (1px inset #808080)] [r=0 c=0 rs=1 cs=1]
                RenderInline {A} at (0,0) size 0x18
                RenderText {#text} at (11,11) size 95x18
                  text run at (11,11) width 95: "Test Case #3: "
                RenderInline {FONT} at (0,0) size 416x18 [color=#0000FF]
                  RenderText {#text} at (105,11) size 416x18
                    text run at (105,11) width 416: "table with nested header & data cells spanning multiple rows"
                RenderText {#text} at (520,11) size 5x18
                  text run at (520,11) width 5: " "
                RenderInline {FONT} at (0,0) size 576x31
                  RenderInline {I} at (0,0) size 576x31
                    RenderText {#text} at (524,13) size 576x31
                      text run at (524,13) width 63: "(using <TH"
                      text run at (11,29) width 349: "ROWSPAN=integer value> <TD ROWSPAN=integer value> tag)"
                RenderText {#text} at (0,0) size 0x0
      RenderBlock {P} at (0,1762) size 769x37
        RenderBR {BR} at (0,0) size 0x18
        RenderBR {BR} at (0,18) size 0x18
      RenderBlock {UL} at (0,1814) size 769x443
        RenderTable {TABLE} at (40,0) size 474x442 [border: (1px outset #808080)]
          RenderBlock {CAPTION} at (0,0) size 474x18
            RenderText {#text} at (26,0) size 89x18
              text run at (26,0) width 89: "Nested Table "
            RenderInline {B} at (0,0) size 89x18
              RenderText {#text} at (114,0) size 89x18
                text run at (114,0) width 89: "Header Cells"
            RenderText {#text} at (202,0) size 21x18
              text run at (202,0) width 21: " & "
            RenderInline {B} at (0,0) size 72x18
              RenderText {#text} at (222,0) size 72x18
                text run at (222,0) width 72: "Data Cells"
            RenderText {#text} at (293,0) size 155x18
              text run at (293,0) width 155: " spanning multiple rows"
          RenderTableSection {TBODY} at (1,19) size 472x422
            RenderTableRow {TR} at (0,2) size 472x40
              RenderTableCell {TH} at (2,119) size 82x58 [bgcolor=#FFE4C4] [border: (1px inset #808080)] [r=0 c=0 rs=7 cs=1]
                RenderText {#text} at (9,2) size 63x18
                  text run at (9,2) width 63: "Header 1"
                RenderBR {BR} at (71,2) size 1x18
                RenderText {#text} at (16,20) size 50x36
                  text run at (16,20) width 50: "span=7"
                  text run at (24,38) width 33: "rows"
              RenderTableCell {TD} at (85,14) size 78x58 [bgcolor=#FFFACD] [border: (1px inset #808080)] [r=0 c=1 rs=2 cs=1]
                RenderText {#text} at (2,2) size 43x18
                  text run at (2,2) width 43: "Data 1"
                RenderBR {BR} at (44,2) size 1x18
                RenderText {#text} at (2,20) size 47x36
                  text run at (2,20) width 47: "span=2"
                  text run at (2,38) width 32: "rows"
              RenderTableCell {TD} at (164,2) size 33x40 [bgcolor=#EE82EE] [border: (1px inset #808080)] [r=0 c=2 rs=1 cs=1]
                RenderText {#text} at (2,2) size 20x36
                  text run at (2,2) width 20: "col"
                  text run at (2,20) width 8: "1"
              RenderTableCell {TD} at (198,2) size 33x40 [bgcolor=#EE82EE] [border: (1px inset #808080)] [r=0 c=3 rs=1 cs=1]
                RenderText {#text} at (2,2) size 20x36
                  text run at (2,2) width 20: "col"
                  text run at (2,20) width 8: "2"
              RenderTableCell {TD} at (232,2) size 33x40 [bgcolor=#EE82EE] [border: (1px inset #808080)] [r=0 c=4 rs=1 cs=1]
                RenderText {#text} at (2,2) size 20x36
                  text run at (2,2) width 20: "col"
                  text run at (2,20) width 8: "3"
              RenderTableCell {TD} at (266,2) size 34x40 [bgcolor=#EE82EE] [border: (1px inset #808080)] [r=0 c=5 rs=1 cs=1]
                RenderText {#text} at (2,2) size 20x36
                  text run at (2,2) width 20: "col"
                  text run at (2,20) width 8: "4"
              RenderTableCell {TD} at (301,2) size 33x40 [bgcolor=#EE82EE] [border: (1px inset #808080)] [r=0 c=6 rs=1 cs=1]
                RenderText {#text} at (2,2) size 20x36
                  text run at (2,2) width 20: "col"
                  text run at (2,20) width 8: "5"
              RenderTableCell {TD} at (335,2) size 33x40 [bgcolor=#EE82EE] [border: (1px inset #808080)] [r=0 c=7 rs=1 cs=1]
                RenderText {#text} at (2,2) size 20x36
                  text run at (2,2) width 20: "col"
                  text run at (2,20) width 8: "6"
              RenderTableCell {TD} at (369,2) size 33x40 [bgcolor=#EE82EE] [border: (1px inset #808080)] [r=0 c=8 rs=1 cs=1]
                RenderText {#text} at (2,2) size 20x36
                  text run at (2,2) width 20: "col"
                  text run at (2,20) width 8: "7"
              RenderTableCell {TD} at (403,2) size 33x40 [bgcolor=#EE82EE] [border: (1px inset #808080)] [r=0 c=9 rs=1 cs=1]
                RenderText {#text} at (2,2) size 20x36
                  text run at (2,2) width 20: "col"
                  text run at (2,20) width 8: "8"
              RenderTableCell {TD} at (437,2) size 33x40 [bgcolor=#EE82EE] [border: (1px inset #808080)] [r=0 c=10 rs=1 cs=1]
                RenderText {#text} at (2,2) size 20x36
                  text run at (2,2) width 20: "col"
                  text run at (2,20) width 8: "9"
            RenderTableRow {TR} at (0,44) size 472x40
              RenderTableCell {TD} at (164,44) size 33x40 [bgcolor=#EE82EE] [border: (1px inset #808080)] [r=1 c=2 rs=1 cs=1]
                RenderText {#text} at (2,2) size 20x36
                  text run at (2,2) width 20: "col"
                  text run at (2,20) width 8: "1"
              RenderTableCell {TD} at (198,44) size 33x40 [bgcolor=#EE82EE] [border: (1px inset #808080)] [r=1 c=3 rs=1 cs=1]
                RenderText {#text} at (2,2) size 20x36
                  text run at (2,2) width 20: "col"
                  text run at (2,20) width 8: "2"
              RenderTableCell {TD} at (232,44) size 33x40 [bgcolor=#EE82EE] [border: (1px inset #808080)] [r=1 c=4 rs=1 cs=1]
                RenderText {#text} at (2,2) size 20x36
                  text run at (2,2) width 20: "col"
                  text run at (2,20) width 8: "3"
              RenderTableCell {TD} at (266,44) size 34x40 [bgcolor=#EE82EE] [border: (1px inset #808080)] [r=1 c=5 rs=1 cs=1]
                RenderText {#text} at (2,2) size 20x36
                  text run at (2,2) width 20: "col"
                  text run at (2,20) width 8: "4"
              RenderTableCell {TD} at (301,44) size 33x40 [bgcolor=#EE82EE] [border: (1px inset #808080)] [r=1 c=6 rs=1 cs=1]
                RenderText {#text} at (2,2) size 20x36
                  text run at (2,2) width 20: "col"
                  text run at (2,20) width 8: "5"
              RenderTableCell {TD} at (335,44) size 33x40 [bgcolor=#EE82EE] [border: (1px inset #808080)] [r=1 c=7 rs=1 cs=1]
                RenderText {#text} at (2,2) size 20x36
                  text run at (2,2) width 20: "col"
                  text run at (2,20) width 8: "6"
              RenderTableCell {TD} at (369,44) size 33x40 [bgcolor=#EE82EE] [border: (1px inset #808080)] [r=1 c=8 rs=1 cs=1]
                RenderText {#text} at (2,2) size 20x36
                  text run at (2,2) width 20: "col"
                  text run at (2,20) width 8: "7"
              RenderTableCell {TD} at (403,44) size 33x40 [bgcolor=#EE82EE] [border: (1px inset #808080)] [r=1 c=9 rs=1 cs=1]
                RenderText {#text} at (2,2) size 20x36
                  text run at (2,2) width 20: "col"
                  text run at (2,20) width 8: "8"
              RenderTableCell {TD} at (437,44) size 33x40 [bgcolor=#EE82EE] [border: (1px inset #808080)] [r=1 c=10 rs=1 cs=1]
                RenderText {#text} at (2,2) size 20x36
                  text run at (2,2) width 20: "col"
                  text run at (2,20) width 8: "9"
            RenderTableRow {TR} at (0,86) size 472x40
              RenderTableCell {TD} at (85,161) size 78x58 [bgcolor=#FFFACD] [border: (1px inset #808080)] [r=2 c=1 rs=5 cs=1]
                RenderText {#text} at (2,2) size 43x18
                  text run at (2,2) width 43: "Data 2"
                RenderBR {BR} at (44,2) size 1x18
                RenderText {#text} at (2,20) size 47x36
                  text run at (2,20) width 47: "span=5"
                  text run at (2,38) width 32: "rows"
              RenderTableCell {TD} at (164,86) size 33x40 [bgcolor=#90EE90] [border: (1px inset #808080)] [r=2 c=2 rs=1 cs=1]
                RenderText {#text} at (2,2) size 20x36
                  text run at (2,2) width 20: "col"
                  text run at (2,20) width 8: "1"
              RenderTableCell {TD} at (198,86) size 33x40 [bgcolor=#90EE90] [border: (1px inset #808080)] [r=2 c=3 rs=1 cs=1]
                RenderText {#text} at (2,2) size 20x36
                  text run at (2,2) width 20: "col"
                  text run at (2,20) width 8: "2"
              RenderTableCell {TD} at (232,86) size 33x40 [bgcolor=#90EE90] [border: (1px inset #808080)] [r=2 c=4 rs=1 cs=1]
                RenderText {#text} at (2,2) size 20x36
                  text run at (2,2) width 20: "col"
                  text run at (2,20) width 8: "3"
              RenderTableCell {TD} at (266,86) size 34x40 [bgcolor=#90EE90] [border: (1px inset #808080)] [r=2 c=5 rs=1 cs=1]
                RenderText {#text} at (2,2) size 20x36
                  text run at (2,2) width 20: "col"
                  text run at (2,20) width 8: "4"
              RenderTableCell {TD} at (301,86) size 33x40 [bgcolor=#90EE90] [border: (1px inset #808080)] [r=2 c=6 rs=1 cs=1]
                RenderText {#text} at (2,2) size 20x36
                  text run at (2,2) width 20: "col"
                  text run at (2,20) width 8: "5"
              RenderTableCell {TD} at (335,86) size 33x40 [bgcolor=#90EE90] [border: (1px inset #808080)] [r=2 c=7 rs=1 cs=1]
                RenderText {#text} at (2,2) size 20x36
                  text run at (2,2) width 20: "col"
                  text run at (2,20) width 8: "6"
              RenderTableCell {TD} at (369,86) size 33x40 [bgcolor=#90EE90] [border: (1px inset #808080)] [r=2 c=8 rs=1 cs=1]
                RenderText {#text} at (2,2) size 20x36
                  text run at (2,2) width 20: "col"
                  text run at (2,20) width 8: "7"
              RenderTableCell {TD} at (403,86) size 33x40 [bgcolor=#90EE90] [border: (1px inset #808080)] [r=2 c=9 rs=1 cs=1]
                RenderText {#text} at (2,2) size 20x36
                  text run at (2,2) width 20: "col"
                  text run at (2,20) width 8: "8"
              RenderTableCell {TD} at (437,86) size 33x40 [bgcolor=#90EE90] [border: (1px inset #808080)] [r=2 c=10 rs=1 cs=1]
                RenderText {#text} at (2,2) size 20x36
                  text run at (2,2) width 20: "col"
                  text run at (2,20) width 8: "9"
            RenderTableRow {TR} at (0,128) size 472x40
              RenderTableCell {TD} at (164,128) size 33x40 [bgcolor=#90EE90] [border: (1px inset #808080)] [r=3 c=2 rs=1 cs=1]
                RenderText {#text} at (2,2) size 20x36
                  text run at (2,2) width 20: "col"
                  text run at (2,20) width 8: "1"
              RenderTableCell {TD} at (198,128) size 33x40 [bgcolor=#90EE90] [border: (1px inset #808080)] [r=3 c=3 rs=1 cs=1]
                RenderText {#text} at (2,2) size 20x36
                  text run at (2,2) width 20: "col"
                  text run at (2,20) width 8: "2"
              RenderTableCell {TD} at (232,128) size 33x40 [bgcolor=#90EE90] [border: (1px inset #808080)] [r=3 c=4 rs=1 cs=1]
                RenderText {#text} at (2,2) size 20x36
                  text run at (2,2) width 20: "col"
                  text run at (2,20) width 8: "3"
              RenderTableCell {TD} at (266,128) size 34x40 [bgcolor=#90EE90] [border: (1px inset #808080)] [r=3 c=5 rs=1 cs=1]
                RenderText {#text} at (2,2) size 20x36
                  text run at (2,2) width 20: "col"
                  text run at (2,20) width 8: "4"
              RenderTableCell {TD} at (301,128) size 33x40 [bgcolor=#90EE90] [border: (1px inset #808080)] [r=3 c=6 rs=1 cs=1]
                RenderText {#text} at (2,2) size 20x36
                  text run at (2,2) width 20: "col"
                  text run at (2,20) width 8: "5"
              RenderTableCell {TD} at (335,128) size 33x40 [bgcolor=#90EE90] [border: (1px inset #808080)] [r=3 c=7 rs=1 cs=1]
                RenderText {#text} at (2,2) size 20x36
                  text run at (2,2) width 20: "col"
                  text run at (2,20) width 8: "6"
              RenderTableCell {TD} at (369,128) size 33x40 [bgcolor=#90EE90] [border: (1px inset #808080)] [r=3 c=8 rs=1 cs=1]
                RenderText {#text} at (2,2) size 20x36
                  text run at (2,2) width 20: "col"
                  text run at (2,20) width 8: "7"
              RenderTableCell {TD} at (403,128) size 33x40 [bgcolor=#90EE90] [border: (1px inset #808080)] [r=3 c=9 rs=1 cs=1]
                RenderText {#text} at (2,2) size 20x36
                  text run at (2,2) width 20: "col"
                  text run at (2,20) width 8: "8"
              RenderTableCell {TD} at (437,128) size 33x40 [bgcolor=#90EE90] [border: (1px inset #808080)] [r=3 c=10 rs=1 cs=1]
                RenderText {#text} at (2,2) size 20x36
                  text run at (2,2) width 20: "col"
                  text run at (2,20) width 8: "9"
            RenderTableRow {TR} at (0,170) size 472x40
              RenderTableCell {TD} at (164,170) size 33x40 [bgcolor=#90EE90] [border: (1px inset #808080)] [r=4 c=2 rs=1 cs=1]
                RenderText {#text} at (2,2) size 20x36
                  text run at (2,2) width 20: "col"
                  text run at (2,20) width 8: "1"
              RenderTableCell {TD} at (198,170) size 33x40 [bgcolor=#90EE90] [border: (1px inset #808080)] [r=4 c=3 rs=1 cs=1]
                RenderText {#text} at (2,2) size 20x36
                  text run at (2,2) width 20: "col"
                  text run at (2,20) width 8: "2"
              RenderTableCell {TD} at (232,170) size 33x40 [bgcolor=#90EE90] [border: (1px inset #808080)] [r=4 c=4 rs=1 cs=1]
                RenderText {#text} at (2,2) size 20x36
                  text run at (2,2) width 20: "col"
                  text run at (2,20) width 8: "3"
              RenderTableCell {TD} at (266,170) size 34x40 [bgcolor=#90EE90] [border: (1px inset #808080)] [r=4 c=5 rs=1 cs=1]
                RenderText {#text} at (2,2) size 20x36
                  text run at (2,2) width 20: "col"
                  text run at (2,20) width 8: "4"
              RenderTableCell {TD} at (301,170) size 33x40 [bgcolor=#90EE90] [border: (1px inset #808080)] [r=4 c=6 rs=1 cs=1]
                RenderText {#text} at (2,2) size 20x36
                  text run at (2,2) width 20: "col"
                  text run at (2,20) width 8: "5"
              RenderTableCell {TD} at (335,170) size 33x40 [bgcolor=#90EE90] [border: (1px inset #808080)] [r=4 c=7 rs=1 cs=1]
                RenderText {#text} at (2,2) size 20x36
                  text run at (2,2) width 20: "col"
                  text run at (2,20) width 8: "6"
              RenderTableCell {TD} at (369,170) size 33x40 [bgcolor=#90EE90] [border: (1px inset #808080)] [r=4 c=8 rs=1 cs=1]
                RenderText {#text} at (2,2) size 20x36
                  text run at (2,2) width 20: "col"
                  text run at (2,20) width 8: "7"
              RenderTableCell {TD} at (403,170) size 33x40 [bgcolor=#90EE90] [border: (1px inset #808080)] [r=4 c=9 rs=1 cs=1]
                RenderText {#text} at (2,2) size 20x36
                  text run at (2,2) width 20: "col"
                  text run at (2,20) width 8: "8"
              RenderTableCell {TD} at (437,170) size 33x40 [bgcolor=#90EE90] [border: (1px inset #808080)] [r=4 c=10 rs=1 cs=1]
                RenderText {#text} at (2,2) size 20x36
                  text run at (2,2) width 20: "col"
                  text run at (2,20) width 8: "9"
            RenderTableRow {TR} at (0,212) size 472x40
              RenderTableCell {TD} at (164,212) size 33x40 [bgcolor=#90EE90] [border: (1px inset #808080)] [r=5 c=2 rs=1 cs=1]
                RenderText {#text} at (2,2) size 20x36
                  text run at (2,2) width 20: "col"
                  text run at (2,20) width 8: "1"
              RenderTableCell {TD} at (198,212) size 33x40 [bgcolor=#90EE90] [border: (1px inset #808080)] [r=5 c=3 rs=1 cs=1]
                RenderText {#text} at (2,2) size 20x36
                  text run at (2,2) width 20: "col"
                  text run at (2,20) width 8: "2"
              RenderTableCell {TD} at (232,212) size 33x40 [bgcolor=#90EE90] [border: (1px inset #808080)] [r=5 c=4 rs=1 cs=1]
                RenderText {#text} at (2,2) size 20x36
                  text run at (2,2) width 20: "col"
                  text run at (2,20) width 8: "3"
              RenderTableCell {TD} at (266,212) size 34x40 [bgcolor=#90EE90] [border: (1px inset #808080)] [r=5 c=5 rs=1 cs=1]
                RenderText {#text} at (2,2) size 20x36
                  text run at (2,2) width 20: "col"
                  text run at (2,20) width 8: "4"
              RenderTableCell {TD} at (301,212) size 33x40 [bgcolor=#90EE90] [border: (1px inset #808080)] [r=5 c=6 rs=1 cs=1]
                RenderText {#text} at (2,2) size 20x36
                  text run at (2,2) width 20: "col"
                  text run at (2,20) width 8: "5"
              RenderTableCell {TD} at (335,212) size 33x40 [bgcolor=#90EE90] [border: (1px inset #808080)] [r=5 c=7 rs=1 cs=1]
                RenderText {#text} at (2,2) size 20x36
                  text run at (2,2) width 20: "col"
                  text run at (2,20) width 8: "6"
              RenderTableCell {TD} at (369,212) size 33x40 [bgcolor=#90EE90] [border: (1px inset #808080)] [r=5 c=8 rs=1 cs=1]
                RenderText {#text} at (2,2) size 20x36
                  text run at (2,2) width 20: "col"
                  text run at (2,20) width 8: "7"
              RenderTableCell {TD} at (403,212) size 33x40 [bgcolor=#90EE90] [border: (1px inset #808080)] [r=5 c=9 rs=1 cs=1]
                RenderText {#text} at (2,2) size 20x36
                  text run at (2,2) width 20: "col"
                  text run at (2,20) width 8: "8"
              RenderTableCell {TD} at (437,212) size 33x40 [bgcolor=#90EE90] [border: (1px inset #808080)] [r=5 c=10 rs=1 cs=1]
                RenderText {#text} at (2,2) size 20x36
                  text run at (2,2) width 20: "col"
                  text run at (2,20) width 8: "9"
            RenderTableRow {TR} at (0,254) size 472x40
              RenderTableCell {TD} at (164,254) size 33x40 [bgcolor=#90EE90] [border: (1px inset #808080)] [r=6 c=2 rs=1 cs=1]
                RenderText {#text} at (2,2) size 20x36
                  text run at (2,2) width 20: "col"
                  text run at (2,20) width 8: "1"
              RenderTableCell {TD} at (198,254) size 33x40 [bgcolor=#90EE90] [border: (1px inset #808080)] [r=6 c=3 rs=1 cs=1]
                RenderText {#text} at (2,2) size 20x36
                  text run at (2,2) width 20: "col"
                  text run at (2,20) width 8: "2"
              RenderTableCell {TD} at (232,254) size 33x40 [bgcolor=#90EE90] [border: (1px inset #808080)] [r=6 c=4 rs=1 cs=1]
                RenderText {#text} at (2,2) size 20x36
                  text run at (2,2) width 20: "col"
                  text run at (2,20) width 8: "3"
              RenderTableCell {TD} at (266,254) size 34x40 [bgcolor=#90EE90] [border: (1px inset #808080)] [r=6 c=5 rs=1 cs=1]
                RenderText {#text} at (2,2) size 20x36
                  text run at (2,2) width 20: "col"
                  text run at (2,20) width 8: "4"
              RenderTableCell {TD} at (301,254) size 33x40 [bgcolor=#90EE90] [border: (1px inset #808080)] [r=6 c=6 rs=1 cs=1]
                RenderText {#text} at (2,2) size 20x36
                  text run at (2,2) width 20: "col"
                  text run at (2,20) width 8: "5"
              RenderTableCell {TD} at (335,254) size 33x40 [bgcolor=#90EE90] [border: (1px inset #808080)] [r=6 c=7 rs=1 cs=1]
                RenderText {#text} at (2,2) size 20x36
                  text run at (2,2) width 20: "col"
                  text run at (2,20) width 8: "6"
              RenderTableCell {TD} at (369,254) size 33x40 [bgcolor=#90EE90] [border: (1px inset #808080)] [r=6 c=8 rs=1 cs=1]
                RenderText {#text} at (2,2) size 20x36
                  text run at (2,2) width 20: "col"
                  text run at (2,20) width 8: "7"
              RenderTableCell {TD} at (403,254) size 33x40 [bgcolor=#90EE90] [border: (1px inset #808080)] [r=6 c=9 rs=1 cs=1]
                RenderText {#text} at (2,2) size 20x36
                  text run at (2,2) width 20: "col"
                  text run at (2,20) width 8: "8"
              RenderTableCell {TD} at (437,254) size 33x40 [bgcolor=#90EE90] [border: (1px inset #808080)] [r=6 c=10 rs=1 cs=1]
                RenderText {#text} at (2,2) size 20x36
                  text run at (2,2) width 20: "col"
                  text run at (2,20) width 8: "9"
            RenderTableRow {TR} at (0,296) size 472x40
              RenderTableCell {TH} at (2,329) size 82x58 [bgcolor=#FFE4C4] [border: (1px inset #808080)] [r=7 c=0 rs=3 cs=1]
                RenderText {#text} at (9,2) size 63x18
                  text run at (9,2) width 63: "Header 2"
                RenderBR {BR} at (71,2) size 1x18
                RenderText {#text} at (16,20) size 50x36
                  text run at (16,20) width 50: "span=3"
                  text run at (24,38) width 33: "rows"
              RenderTableCell {TD} at (85,329) size 78x58 [bgcolor=#FFFACD] [border: (1px inset #808080)] [r=7 c=1 rs=3 cs=1]
                RenderText {#text} at (2,2) size 43x18
                  text run at (2,2) width 43: "Data 3"
                RenderBR {BR} at (44,2) size 1x18
                RenderText {#text} at (2,20) size 47x36
                  text run at (2,20) width 47: "span=3"
                  text run at (2,38) width 32: "rows"
              RenderTableCell {TD} at (164,296) size 33x40 [bgcolor=#ADD8E6] [border: (1px inset #808080)] [r=7 c=2 rs=1 cs=1]
                RenderText {#text} at (2,2) size 20x36
                  text run at (2,2) width 20: "col"
                  text run at (2,20) width 8: "1"
              RenderTableCell {TD} at (198,296) size 33x40 [bgcolor=#ADD8E6] [border: (1px inset #808080)] [r=7 c=3 rs=1 cs=1]
                RenderText {#text} at (2,2) size 20x36
                  text run at (2,2) width 20: "col"
                  text run at (2,20) width 8: "2"
              RenderTableCell {TD} at (232,296) size 33x40 [bgcolor=#ADD8E6] [border: (1px inset #808080)] [r=7 c=4 rs=1 cs=1]
                RenderText {#text} at (2,2) size 20x36
                  text run at (2,2) width 20: "col"
                  text run at (2,20) width 8: "3"
              RenderTableCell {TD} at (266,296) size 34x40 [bgcolor=#ADD8E6] [border: (1px inset #808080)] [r=7 c=5 rs=1 cs=1]
                RenderText {#text} at (2,2) size 20x36
                  text run at (2,2) width 20: "col"
                  text run at (2,20) width 8: "4"
              RenderTableCell {TD} at (301,296) size 33x40 [bgcolor=#ADD8E6] [border: (1px inset #808080)] [r=7 c=6 rs=1 cs=1]
                RenderText {#text} at (2,2) size 20x36
                  text run at (2,2) width 20: "col"
                  text run at (2,20) width 8: "5"
              RenderTableCell {TD} at (335,296) size 33x40 [bgcolor=#ADD8E6] [border: (1px inset #808080)] [r=7 c=7 rs=1 cs=1]
                RenderText {#text} at (2,2) size 20x36
                  text run at (2,2) width 20: "col"
                  text run at (2,20) width 8: "6"
              RenderTableCell {TD} at (369,296) size 33x40 [bgcolor=#ADD8E6] [border: (1px inset #808080)] [r=7 c=8 rs=1 cs=1]
                RenderText {#text} at (2,2) size 20x36
                  text run at (2,2) width 20: "col"
                  text run at (2,20) width 8: "7"
              RenderTableCell {TD} at (403,296) size 33x40 [bgcolor=#ADD8E6] [border: (1px inset #808080)] [r=7 c=9 rs=1 cs=1]
                RenderText {#text} at (2,2) size 20x36
                  text run at (2,2) width 20: "col"
                  text run at (2,20) width 8: "8"
              RenderTableCell {TD} at (437,296) size 33x40 [bgcolor=#ADD8E6] [border: (1px inset #808080)] [r=7 c=10 rs=1 cs=1]
                RenderText {#text} at (2,2) size 20x36
                  text run at (2,2) width 20: "col"
                  text run at (2,20) width 8: "9"
            RenderTableRow {TR} at (0,338) size 472x40
              RenderTableCell {TD} at (164,338) size 33x40 [bgcolor=#ADD8E6] [border: (1px inset #808080)] [r=8 c=2 rs=1 cs=1]
                RenderText {#text} at (2,2) size 20x36
                  text run at (2,2) width 20: "col"
                  text run at (2,20) width 8: "1"
              RenderTableCell {TD} at (198,338) size 33x40 [bgcolor=#ADD8E6] [border: (1px inset #808080)] [r=8 c=3 rs=1 cs=1]
                RenderText {#text} at (2,2) size 20x36
                  text run at (2,2) width 20: "col"
                  text run at (2,20) width 8: "2"
              RenderTableCell {TD} at (232,338) size 33x40 [bgcolor=#ADD8E6] [border: (1px inset #808080)] [r=8 c=4 rs=1 cs=1]
                RenderText {#text} at (2,2) size 20x36
                  text run at (2,2) width 20: "col"
                  text run at (2,20) width 8: "3"
              RenderTableCell {TD} at (266,338) size 34x40 [bgcolor=#ADD8E6] [border: (1px inset #808080)] [r=8 c=5 rs=1 cs=1]
                RenderText {#text} at (2,2) size 20x36
                  text run at (2,2) width 20: "col"
                  text run at (2,20) width 8: "4"
              RenderTableCell {TD} at (301,338) size 33x40 [bgcolor=#ADD8E6] [border: (1px inset #808080)] [r=8 c=6 rs=1 cs=1]
                RenderText {#text} at (2,2) size 20x36
                  text run at (2,2) width 20: "col"
                  text run at (2,20) width 8: "5"
              RenderTableCell {TD} at (335,338) size 33x40 [bgcolor=#ADD8E6] [border: (1px inset #808080)] [r=8 c=7 rs=1 cs=1]
                RenderText {#text} at (2,2) size 20x36
                  text run at (2,2) width 20: "col"
                  text run at (2,20) width 8: "6"
              RenderTableCell {TD} at (369,338) size 33x40 [bgcolor=#ADD8E6] [border: (1px inset #808080)] [r=8 c=8 rs=1 cs=1]
                RenderText {#text} at (2,2) size 20x36
                  text run at (2,2) width 20: "col"
                  text run at (2,20) width 8: "7"
              RenderTableCell {TD} at (403,338) size 33x40 [bgcolor=#ADD8E6] [border: (1px inset #808080)] [r=8 c=9 rs=1 cs=1]
                RenderText {#text} at (2,2) size 20x36
                  text run at (2,2) width 20: "col"
                  text run at (2,20) width 8: "8"
              RenderTableCell {TD} at (437,338) size 33x40 [bgcolor=#ADD8E6] [border: (1px inset #808080)] [r=8 c=10 rs=1 cs=1]
                RenderText {#text} at (2,2) size 20x36
                  text run at (2,2) width 20: "col"
                  text run at (2,20) width 8: "9"
            RenderTableRow {TR} at (0,380) size 472x40
              RenderTableCell {TD} at (164,380) size 33x40 [bgcolor=#ADD8E6] [border: (1px inset #808080)] [r=9 c=2 rs=1 cs=1]
                RenderText {#text} at (2,2) size 20x36
                  text run at (2,2) width 20: "col"
                  text run at (2,20) width 8: "1"
              RenderTableCell {TD} at (198,380) size 33x40 [bgcolor=#ADD8E6] [border: (1px inset #808080)] [r=9 c=3 rs=1 cs=1]
                RenderText {#text} at (2,2) size 20x36
                  text run at (2,2) width 20: "col"
                  text run at (2,20) width 8: "2"
              RenderTableCell {TD} at (232,380) size 33x40 [bgcolor=#ADD8E6] [border: (1px inset #808080)] [r=9 c=4 rs=1 cs=1]
                RenderText {#text} at (2,2) size 20x36
                  text run at (2,2) width 20: "col"
                  text run at (2,20) width 8: "3"
              RenderTableCell {TD} at (266,380) size 34x40 [bgcolor=#ADD8E6] [border: (1px inset #808080)] [r=9 c=5 rs=1 cs=1]
                RenderText {#text} at (2,2) size 20x36
                  text run at (2,2) width 20: "col"
                  text run at (2,20) width 8: "4"
              RenderTableCell {TD} at (301,380) size 33x40 [bgcolor=#ADD8E6] [border: (1px inset #808080)] [r=9 c=6 rs=1 cs=1]
                RenderText {#text} at (2,2) size 20x36
                  text run at (2,2) width 20: "col"
                  text run at (2,20) width 8: "5"
              RenderTableCell {TD} at (335,380) size 33x40 [bgcolor=#ADD8E6] [border: (1px inset #808080)] [r=9 c=7 rs=1 cs=1]
                RenderText {#text} at (2,2) size 20x36
                  text run at (2,2) width 20: "col"
                  text run at (2,20) width 8: "6"
              RenderTableCell {TD} at (369,380) size 33x40 [bgcolor=#ADD8E6] [border: (1px inset #808080)] [r=9 c=8 rs=1 cs=1]
                RenderText {#text} at (2,2) size 20x36
                  text run at (2,2) width 20: "col"
                  text run at (2,20) width 8: "7"
              RenderTableCell {TD} at (403,380) size 33x40 [bgcolor=#ADD8E6] [border: (1px inset #808080)] [r=9 c=9 rs=1 cs=1]
                RenderText {#text} at (2,2) size 20x36
                  text run at (2,2) width 20: "col"
                  text run at (2,20) width 8: "8"
              RenderTableCell {TD} at (437,380) size 33x40 [bgcolor=#ADD8E6] [border: (1px inset #808080)] [r=9 c=10 rs=1 cs=1]
                RenderText {#text} at (2,2) size 20x36
                  text run at (2,2) width 20: "col"
                  text run at (2,20) width 8: "9"
      RenderBlock {P} at (0,2272) size 769x0
      RenderBlock {HR} at (0,2272) size 769x3 [border: (1px inset #000000)]
      RenderBlock (anonymous) at (0,2282) size 769x19
        RenderImage {IMG} at (0,1) size 13x13
        RenderText {#text} at (13,0) size 131x18
          text run at (13,0) width 131: " Created 9/19/96 by "
        RenderInline {A} at (0,0) size 84x18 [color=#0000EE]
          RenderText {#text} at (143,0) size 84x18
            text run at (143,0) width 84: "Ronald Greti"
        RenderBR {BR} at (226,0) size 1x18
      RenderBlock {P} at (0,2316) size 769x19
        RenderBR {BR} at (0,0) size 0x18
