layer at (0,0) size 800x600
  RenderView at (0,0) size 800x600
layer at (0,0) size 800x504
  RenderBlock {HTML} at (0,0) size 800x504
    RenderBody {BODY} at (8,8) size 784x488
      RenderTable {TABLE} at (0,0) size 668.77x488
        RenderTableSection {TBODY} at (0,0) size 668.77x488
          RenderTableRow {TR} at (0,2) size 668.77x20
            RenderTableCell {TH} at (2,2) size 92.69x20 [bgcolor=#DDDD99] [r=0 c=0 rs=1 cs=1]
              RenderText {#text} at (9,1) size 75x18
                text run at (9,1) width 75: "viewBox?"
            RenderTableCell {TH} at (96.69,2) size 162.08x20 [bgcolor=#DDDD99] [r=0 c=1 rs=1 cs=1]
              RenderText {#text} at (1,1) size 161x18
                text run at (1,1) width 161: "preserve\x{AD}Aspect\x{AD}Ratio"
            RenderTableCell {TH} at (260.77,2) size 202x20 [bgcolor=#DDDD99] [r=0 c=2 rs=1 cs=1]
              RenderText {#text} at (77,1) size 48x18
                text run at (77,1) width 48: "<img>"
            RenderTableCell {TH} at (464.77,2) size 202x20 [bgcolor=#DDDD99] [r=0 c=3 rs=1 cs=1]
              RenderText {#text} at (68,1) size 66x18
                text run at (68,1) width 66: "<object>"
          RenderTableRow {TR} at (0,24) size 668.77x56
            RenderTableCell {TH} at (2,129) size 92.69x20 [bgcolor=#DDDD99] [r=1 c=0 rs=4 cs=1]
              RenderText {#text} at (1,1) size 91x18
                text run at (1,1) width 91: "No viewBox"
            RenderTableCell {TH} at (96.69,51) size 162.08x2 [bgcolor=#DDDD99] [r=1 c=1 rs=1 cs=1]
            RenderTableCell {TD} at (260.77,24) size 202x56 [r=1 c=2 rs=1 cs=1]
              RenderImage {IMG} at (1,1) size 200x50 [border: (2px dashed #800000)]
              RenderText {#text} at (0,0) size 0x0
            RenderTableCell {TD} at (464.77,24) size 202x56 [r=1 c=3 rs=1 cs=1]
              RenderEmbeddedObject {OBJECT} at (1,1) size 200x50 [border: (1px dashed #008000)]
                layer at (0,0) size 192x42
                  RenderView at (0,0) size 192x42
                layer at (0,0) size 192x42
                  RenderSVGRoot {svg} at (0,0) size 192x42
                layer at (0,0) size 192x42
                  RenderSVGViewportContainer at (0,0) size 192x42
                layer at (0,0) size 220x220 backgroundClip at (0,0) size 192x42 clip at (0,0) size 192x42
                  RenderSVGEllipse {circle} at (0,0) size 220x220 [stroke={[type=SOLID] [color=#000000]}] [fill={[type=SOLID] [color=#D9BB7A] [fill rule=EVEN-ODD]}] [cx=110.00] [cy=110.00] [r=110.00]
              RenderText {#text} at (0,0) size 0x0
          RenderTableRow {TR} at (0,82) size 668.77x56
            RenderTableCell {TH} at (96.69,100) size 162.08x20 [bgcolor=#DDDD99] [r=2 c=1 rs=1 cs=1]
              RenderText {#text} at (61,1) size 40x18
                text run at (61,1) width 40: "none"
            RenderTableCell {TD} at (260.77,82) size 202x56 [r=2 c=2 rs=1 cs=1]
              RenderImage {IMG} at (1,1) size 200x50 [border: (2px dashed #800000)]
              RenderText {#text} at (0,0) size 0x0
            RenderTableCell {TD} at (464.77,82) size 202x56 [r=2 c=3 rs=1 cs=1]
              RenderEmbeddedObject {OBJECT} at (1,1) size 200x50 [border: (1px dashed #008000)]
                layer at (0,0) size 192x42
                  RenderView at (0,0) size 192x42
                layer at (0,0) size 192x42
                  RenderSVGRoot {svg} at (0,0) size 192x42
                layer at (0,0) size 192x42
                  RenderSVGViewportContainer at (0,0) size 192x42
              RenderText {#text} at (0,0) size 0x0
          RenderTableRow {TR} at (0,140) size 668.77x56
            RenderTableCell {TH} at (96.69,158) size 162.08x20 [bgcolor=#DDDD99] [r=3 c=1 rs=1 cs=1]
              RenderText {#text} at (62,1) size 38x18
                text run at (62,1) width 38: "meet"
            RenderTableCell {TD} at (260.77,140) size 202x56 [r=3 c=2 rs=1 cs=1]
              RenderImage {IMG} at (1,1) size 200x50 [border: (2px dashed #800000)]
              RenderText {#text} at (0,0) size 0x0
            RenderTableCell {TD} at (464.77,140) size 202x56 [r=3 c=3 rs=1 cs=1]
              RenderEmbeddedObject {OBJECT} at (1,1) size 200x50 [border: (1px dashed #008000)]
                layer at (0,0) size 192x42
                  RenderView at (0,0) size 192x42
                layer at (0,0) size 192x42
                  RenderSVGRoot {svg} at (0,0) size 192x42
                layer at (0,0) size 192x42
                  RenderSVGViewportContainer at (0,0) size 192x42
              RenderText {#text} at (0,0) size 0x0
          RenderTableRow {TR} at (0,198) size 668.77x56
            RenderTableCell {TH} at (96.69,216) size 162.08x20 [bgcolor=#DDDD99] [r=4 c=1 rs=1 cs=1]
              RenderText {#text} at (63,1) size 36x18
                text run at (63,1) width 36: "slice"
            RenderTableCell {TD} at (260.77,198) size 202x56 [r=4 c=2 rs=1 cs=1]
              RenderImage {IMG} at (1,1) size 200x50 [border: (2px dashed #800000)]
              RenderText {#text} at (0,0) size 0x0
            RenderTableCell {TD} at (464.77,198) size 202x56 [r=4 c=3 rs=1 cs=1]
              RenderEmbeddedObject {OBJECT} at (1,1) size 200x50 [border: (1px dashed #008000)]
                layer at (0,0) size 192x42
                  RenderView at (0,0) size 192x42
                layer at (0,0) size 192x42
                  RenderSVGRoot {svg} at (0,0) size 192x42
                layer at (0,0) size 192x42
                  RenderSVGViewportContainer at (0,0) size 192x42
              RenderText {#text} at (0,0) size 0x0
          RenderTableRow {TR} at (0,256) size 668.77x56
            RenderTableCell {TH} at (2,361) size 92.69x20 [bgcolor=#DDDD99] [r=5 c=0 rs=4 cs=1]
              RenderText {#text} at (13,1) size 66x18
                text run at (13,1) width 66: "viewBox"
            RenderTableCell {TH} at (96.69,283) size 162.08x2 [bgcolor=#DDDD99] [r=5 c=1 rs=1 cs=1]
            RenderTableCell {TD} at (260.77,256) size 202x56 [r=5 c=2 rs=1 cs=1]
              RenderImage {IMG} at (1,1) size 200x50 [border: (2px dashed #800000)]
              RenderText {#text} at (0,0) size 0x0
            RenderTableCell {TD} at (464.77,256) size 202x56 [r=5 c=3 rs=1 cs=1]
              RenderEmbeddedObject {OBJECT} at (1,1) size 200x50 [border: (1px dashed #008000)]
                layer at (0,0) size 192x42
                  RenderView at (0,0) size 192x42
                layer at (0,0) size 192x42
                  RenderSVGRoot {svg} at (0,0) size 192x42
                layer at (0,0) size 192x42
                  RenderSVGViewportContainer at (0,0) size 192x42
              RenderText {#text} at (0,0) size 0x0
          RenderTableRow {TR} at (0,314) size 668.77x56
            RenderTableCell {TH} at (96.69,332) size 162.08x20 [bgcolor=#DDDD99] [r=6 c=1 rs=1 cs=1]
              RenderText {#text} at (61,1) size 40x18
                text run at (61,1) width 40: "none"
            RenderTableCell {TD} at (260.77,314) size 202x56 [r=6 c=2 rs=1 cs=1]
              RenderImage {IMG} at (1,1) size 200x50 [border: (2px dashed #800000)]
              RenderText {#text} at (0,0) size 0x0
            RenderTableCell {TD} at (464.77,314) size 202x56 [r=6 c=3 rs=1 cs=1]
              RenderEmbeddedObject {OBJECT} at (1,1) size 200x50 [border: (1px dashed #008000)]
                layer at (0,0) size 192x42
                  RenderView at (0,0) size 192x42
                layer at (0,0) size 192x42
                  RenderSVGRoot {svg} at (0,0) size 192x42
                layer at (0,0) size 192x42
                  RenderSVGViewportContainer at (0,0) size 192x42
              RenderText {#text} at (0,0) size 0x0
          RenderTableRow {TR} at (0,372) size 668.77x56
            RenderTableCell {TH} at (96.69,390) size 162.08x20 [bgcolor=#DDDD99] [r=7 c=1 rs=1 cs=1]
              RenderText {#text} at (62,1) size 38x18
                text run at (62,1) width 38: "meet"
            RenderTableCell {TD} at (260.77,372) size 202x56 [r=7 c=2 rs=1 cs=1]
              RenderImage {IMG} at (1,1) size 200x50 [border: (2px dashed #800000)]
              RenderText {#text} at (0,0) size 0x0
            RenderTableCell {TD} at (464.77,372) size 202x56 [r=7 c=3 rs=1 cs=1]
              RenderEmbeddedObject {OBJECT} at (1,1) size 200x50 [border: (1px dashed #008000)]
                layer at (0,0) size 192x42
                  RenderView at (0,0) size 192x42
                layer at (0,0) size 192x42
                  RenderSVGRoot {svg} at (0,0) size 192x42
                layer at (0,0) size 192x42
                  RenderSVGViewportContainer at (0,0) size 192x42
              RenderText {#text} at (0,0) size 0x0
          RenderTableRow {TR} at (0,430) size 668.77x56
            RenderTableCell {TH} at (96.69,448) size 162.08x20 [bgcolor=#DDDD99] [r=8 c=1 rs=1 cs=1]
              RenderText {#text} at (63,1) size 36x18
                text run at (63,1) width 36: "slice"
            RenderTableCell {TD} at (260.77,430) size 202x56 [r=8 c=2 rs=1 cs=1]
              RenderImage {IMG} at (1,1) size 200x50 [border: (2px dashed #800000)]
              RenderText {#text} at (0,0) size 0x0
            RenderTableCell {TD} at (464.77,430) size 202x56 [r=8 c=3 rs=1 cs=1]
              RenderEmbeddedObject {OBJECT} at (1,1) size 200x50 [border: (1px dashed #008000)]
                layer at (0,0) size 192x42
                  RenderView at (0,0) size 192x42
                layer at (0,0) size 192x42
                  RenderSVGRoot {svg} at (0,0) size 192x42
                layer at (0,0) size 192x42
                  RenderSVGViewportContainer at (0,0) size 192x42
              RenderText {#text} at (0,0) size 0x0
