layer at (0,0) size 800x600
  RenderView at (0,0) size 800x600
layer at (0,0) size 800x600
  RenderBlock {HTML} at (0,0) size 800x600
    RenderBody {BODY} at (8,8) size 784x576
      RenderBlock {CENTER} at (0,0) size 784x152
        RenderTable {TABLE} at (339,0) size 106x82 [border: none]
          RenderTableSection {THEAD} at (0,0) size 105x21
            RenderTableRow {TR} at (0,0) size 105x21
              RenderTableCell {TD} at (0,0) size 36x21 [border: (1px none #808080) none none (1px solid #808080)] [r=0 c=0 rs=1 cs=1]
                RenderText {#text} at (2,2) size 29x17
                  text run at (2,2) width 29: "EST"
              RenderTableCell {TD} at (36,0) size 30x21 [border: (1px none #808080) none none (1px solid #808080)] [r=0 c=1 rs=1 cs=1]
                RenderText {#text} at (2,2) size 27x17
                  text run at (2,2) width 27: "1am"
              RenderTableCell {TD} at (66,0) size 39x21 [border: (1px none #808080) none none (1px solid #808080)] [r=0 c=2 rs=1 cs=1]
                RenderText {#text} at (2,2) size 28x17
                  text run at (2,2) width 28: "8pm"
          RenderTableSection {TBODY} at (0,21) size 105x40
            RenderTableRow {TR} at (0,0) size 105x20
              RenderTableCell {TD} at (0,0) size 36x20 [border: none none none (1px solid #808080)] [r=0 c=0 rs=1 cs=1]
                RenderText {#text} at (2,1) size 30x17
                  text run at (2,1) width 30: "CST"
              RenderTableCell {TD} at (36,0) size 30x20 [border: none none none (1px solid #808080)] [r=0 c=1 rs=1 cs=1]
                RenderText {#text} at (2,1) size 27x17
                  text run at (2,1) width 27: "2am"
              RenderTableCell {TD} at (66,0) size 39x20 [border: none none none (1px solid #808080)] [r=0 c=2 rs=1 cs=1]
                RenderText {#text} at (2,1) size 28x17
                  text run at (2,1) width 28: "9pm"
            RenderTableRow {TR} at (0,20) size 105x20
              RenderTableCell {TD} at (0,20) size 36x20 [border: none none none (1px solid #808080)] [r=1 c=0 rs=1 cs=1]
                RenderText {#text} at (2,1) size 33x17
                  text run at (2,1) width 33: "MST"
              RenderTableCell {TD} at (36,20) size 30x20 [border: none none none (1px solid #808080)] [r=1 c=1 rs=1 cs=1]
                RenderText {#text} at (2,1) size 27x17
                  text run at (2,1) width 27: "3am"
              RenderTableCell {TD} at (66,20) size 39x20 [border: none none none (1px solid #808080)] [r=1 c=2 rs=1 cs=1]
                RenderText {#text} at (2,1) size 36x17
                  text run at (2,1) width 36: "10pm"
          RenderTableSection {TFOOT} at (0,61) size 105x20
            RenderTableRow {TR} at (0,0) size 105x20
              RenderTableCell {TD} at (0,0) size 36x20 [border: none none none (1px solid #808080)] [r=0 c=0 rs=1 cs=1]
                RenderText {#text} at (2,1) size 28x17
                  text run at (2,1) width 28: "PST"
              RenderTableCell {TD} at (36,0) size 30x20 [border: none none none (1px solid #808080)] [r=0 c=1 rs=1 cs=1]
                RenderText {#text} at (2,1) size 27x17
                  text run at (2,1) width 27: "4am"
              RenderTableCell {TD} at (66,0) size 39x20 [border: none none none (1px solid #808080)] [r=0 c=2 rs=1 cs=1]
                RenderText {#text} at (2,1) size 36x17
                  text run at (2,1) width 36: "11pm"
        RenderBlock {P} at (0,98) size 784x54
          RenderButton {BUTTON} at (249,0) size 87x27 [color=#000000CC] [bgcolor=#C0C0C0] [border: (2px outset #C0C0C0)]
            RenderBlock (anonymous) at (8,4) size 71x18
              RenderText {#text} at (0,0) size 71x17
                text run at (0,0) width 24: "No "
                text run at (24,0) width 47: "borders"
          RenderButton {BUTTON} at (336,0) size 112x27 [color=#000000CC] [bgcolor=#C0C0C0] [border: (2px outset #C0C0C0)]
            RenderBlock (anonymous) at (8,4) size 96x18
              RenderText {#text} at (0,0) size 96x17
                text run at (0,0) width 55: "Exterior "
                text run at (55,0) width 41: "border"
          RenderButton {BUTTON} at (448,0) size 87x27 [color=#000000CC] [bgcolor=#C0C0C0] [border: (2px outset #C0C0C0)]
            RenderBlock (anonymous) at (8,4) size 71x18
              RenderText {#text} at (0,0) size 71x17
                text run at (0,0) width 24: "All "
                text run at (24,0) width 47: "borders"
          RenderBR {BR} at (535,4) size 0x17
          RenderButton {BUTTON} at (210,27) size 119x27 [color=#000000CC] [bgcolor=#C0C0C0] [border: (2px outset #C0C0C0)]
            RenderBlock (anonymous) at (8,4) size 102x18
              RenderText {#text} at (0,0) size 102x17
                text run at (0,0) width 55: "Column "
                text run at (55,0) width 47: "borders"
          RenderButton {BUTTON} at (328,27) size 115x27 [color=#000000CC] [bgcolor=#C0C0C0] [border: (2px outset #C0C0C0)]
            RenderBlock (anonymous) at (8,4) size 98x18
              RenderText {#text} at (0,0) size 98x17
                text run at (0,0) width 51: "Groups "
                text run at (51,0) width 47: "borders"
          RenderButton {BUTTON} at (442,27) size 132x27 [color=#000000CC] [bgcolor=#C0C0C0] [border: (2px outset #C0C0C0)]
            RenderBlock (anonymous) at (8,4) size 115x18
              RenderText {#text} at (0,0) size 115x17
                text run at (0,0) width 39: "Table "
                text run at (38,0) width 77: "row borders"
          RenderText {#text} at (0,0) size 0x0
