layer at (0,0) size 792x1120
  RenderView at (0,0) size 785x585
layer at (0,0) size 785x1120
  RenderBlock {HTML} at (0,0) size 785x1121
    RenderBody {BODY} at (8,8) size 769x1100 [bgcolor=#EEEEEE]
      RenderBlock (anonymous) at (0,0) size 769x20
        RenderInline {SPAN} at (0,0) size 191x15
          RenderText {#text} at (0,0) size 0x0
          RenderInline {SPAN} at (0,0) size 191x15
            RenderText {#text} at (0,0) size 0x0
            RenderTable {TABLE} at (0,0) size 191x20
              RenderTableSection {TBODY} at (0,0) size 191x20
                RenderTableRow {TR} at (0,0) size 191x20
                  RenderTableCell {TD} at (0,0) size 115x20 [r=0 c=0 rs=1 cs=1]
                    RenderText {#text} at (1,1) size 113x17
                      text run at (1,1) width 113: "Record Locator:"
                  RenderTableCell {TD} at (115,0) size 76x20 [r=0 c=1 rs=1 cs=1]
                    RenderInline {B} at (0,0) size 74x17
                      RenderText {#text} at (1,1) size 74x17
                        text run at (1,1) width 74: "WHGNSO"
                    RenderText {#text} at (0,0) size 0x0
            RenderText {#text} at (0,0) size 0x0
          RenderText {#text} at (0,0) size 0x0
      RenderBlock (anonymous) at (0,26) size 769x3
        RenderBlock {HR} at (0,0) size 769x2 [border: (1px inset #000000)]
      RenderBlock (anonymous) at (0,35) size 769x45
        RenderInline {SPAN} at (0,0) size 114x41
          RenderInline {SPAN} at (0,0) size 114x41
            RenderText {#text} at (0,0) size 0x0
            RenderInline {SPAN} at (0,0) size 114x17
              RenderText {#text} at (0,0) size 0x0
              RenderImage {IMG} at (0,0) size 57x21
              RenderText {#text} at (57,1) size 57x17
                text run at (57,1) width 4: " "
                text run at (61,1) width 53: "Names"
              RenderBR {BR} at (114,1) size 0x17
            RenderText {#text} at (0,0) size 0x0
            RenderInline {SPAN} at (0,0) size 104x15
              RenderText {#text} at (0,0) size 0x0
              RenderText {#text} at (0,0) size 0x0
            RenderText {#text} at (0,0) size 0x0
          RenderText {#text} at (0,0) size 0x0
      RenderBlock (anonymous) at (0,85) size 769x3
        RenderBlock {HR} at (0,0) size 769x2 [border: (1px inset #000000)]
      RenderBlock (anonymous) at (0,94) size 769x67
        RenderInline {SPAN} at (0,0) size 590x64
          RenderInline {SPAN} at (0,0) size 590x64
            RenderText {#text} at (0,0) size 0x0
            RenderImage {IMG} at (0,0) size 66x20
            RenderText {#text} at (66,2) size 4x15
              text run at (66,2) width 4: " "
            RenderInline {SPAN} at (0,0) size 83x17
              RenderText {#text} at (70,0) size 83x17
                text run at (70,0) width 83: "Addresses"
              RenderBR {BR} at (153,0) size 0x17
            RenderText {#text} at (0,0) size 0x0
            RenderText {#text} at (0,0) size 0x0
          RenderText {#text} at (0,0) size 0x0
      RenderBlock (anonymous) at (0,167) size 769x3
        RenderBlock {HR} at (0,0) size 769x2 [border: (1px inset #000000)]
      RenderBlock (anonymous) at (0,175) size 769x42
        RenderInline {SPAN} at (0,0) size 130x41
          RenderInline {SPAN} at (0,0) size 130x41
            RenderText {#text} at (0,0) size 0x0
            RenderInline {SPAN} at (0,0) size 130x17
              RenderText {#text} at (0,0) size 0x0
              RenderImage {IMG} at (0,0) size 63x21
              RenderText {#text} at (63,1) size 67x17
                text run at (63,1) width 4: " "
                text run at (67,1) width 63: "Phones "
              RenderBR {BR} at (130,1) size 0x17
            RenderText {#text} at (0,0) size 0x0
      RenderBlock (anonymous) at (0,276) size 769x0
        RenderInline {SPAN} at (0,0) size 0x0
          RenderInline {SPAN} at (0,0) size 0x0
            RenderText {#text} at (0,0) size 0x0
          RenderText {#text} at (0,0) size 0x0
      RenderBlock (anonymous) at (0,283) size 769x3
        RenderBlock {HR} at (0,0) size 769x2 [border: (1px inset #000000)]
      RenderBlock (anonymous) at (0,292) size 769x22
        RenderInline {SPAN} at (0,0) size 132x15
          RenderInline {SPAN} at (0,0) size 132x15
            RenderText {#text} at (0,0) size 0x0
            RenderInline {SPAN} at (0,0) size 132x17
              RenderText {#text} at (0,0) size 0x0
              RenderImage {IMG} at (0,0) size 66x21
              RenderText {#text} at (66,1) size 66x17
                text run at (66,1) width 4: " "
                text run at (70,1) width 62: "Itinerary"
            RenderText {#text} at (0,0) size 0x0
            RenderInline {SPAN} at (0,0) size 0x0
              RenderText {#text} at (0,0) size 0x0
              RenderInline {SPAN} at (0,0) size 0x0
                RenderText {#text} at (0,0) size 0x0
      RenderBlock (anonymous) at (0,313) size 769x61
        RenderTable {TABLE} at (0,0) size 584x60
          RenderTableSection {TBODY} at (0,0) size 584x60
            RenderTableRow {TR} at (0,2) size 584x56
              RenderTableCell {TD} at (2,29) size 2x2 [r=0 c=0 rs=1 cs=1]
              RenderTableCell {TD} at (6,2) size 2x2 [r=0 c=1 rs=1 cs=1]
              RenderTableCell {TD} at (10,18) size 152x24 [r=0 c=2 rs=1 cs=1]
                RenderImage {IMG} at (1,1) size 150x21
                RenderText {#text} at (0,0) size 0x0
              RenderTableCell {TD} at (164,2) size 418x56 [r=0 c=3 rs=1 cs=1]
                RenderText {#text} at (1,1) size 146x17
                  text run at (1,1) width 146: "TUR - Tour Package"
                RenderBR {BR} at (146,1) size 1x17
                RenderText {#text} at (1,19) size 227x17
                  text run at (1,19) width 227: "Date: Sunday, January 12, 2003"
                RenderBR {BR} at (227,19) size 1x17
                RenderText {#text} at (1,37) size 416x17
                  text run at (1,37) width 416: "Comments: -** TICKETLESS CONF CODE IS WHGNSO**"
      RenderBlock (anonymous) at (0,373) size 769x0
        RenderInline {SPAN} at (0,0) size 0x0
          RenderInline {SPAN} at (0,0) size 0x0
            RenderInline {SPAN} at (0,0) size 0x0
              RenderInline {SPAN} at (0,0) size 0x0
              RenderText {#text} at (0,0) size 0x0
      RenderBlock (anonymous) at (0,379) size 769x3
        RenderBlock {HR} at (0,0) size 769x2 [border: (1px inset #000000)]
      RenderBlock (anonymous) at (0,388) size 769x0
        RenderInline {SPAN} at (0,0) size 0x0
          RenderInline {SPAN} at (0,0) size 0x0
            RenderInline {SPAN} at (0,0) size 0x0
              RenderInline {SPAN} at (0,0) size 0x0
                RenderText {#text} at (0,0) size 0x0
      RenderBlock (anonymous) at (0,388) size 769x197
        RenderTable {TABLE} at (0,0) size 714x196
          RenderTableSection {TBODY} at (0,0) size 714x196
            RenderTableRow {TR} at (0,2) size 714x192
              RenderTableCell {TD} at (2,97) size 2x2 [r=0 c=0 rs=1 cs=1]
              RenderTableCell {TD} at (6,2) size 2x2 [r=0 c=1 rs=1 cs=1]
              RenderTableCell {TD} at (10,86) size 94x24 [r=0 c=2 rs=1 cs=1]
                RenderImage {IMG} at (1,1) size 92x21
                RenderText {#text} at (0,0) size 0x0
              RenderTableCell {TD} at (106,2) size 606x192 [r=0 c=3 rs=1 cs=1]
                RenderBlock (anonymous) at (1,1) size 604x126
                  RenderText {#text} at (0,0) size 24x17
                    text run at (0,0) width 24: "Air "
                  RenderBR {BR} at (0,0) size 0x0
                  RenderText {#text} at (0,18) size 484x17
                    text run at (0,18) width 51: "United "
                    text run at (51,18) width 83: "Flight 1187 "
                    text run at (133,18) width 124: "Booking Code:M "
                    text run at (256,18) width 228: "Date: Sunday, January 12, 2003"
                  RenderBR {BR} at (483,18) size 1x17
                  RenderText {#text} at (0,36) size 388x17
                    text run at (0,36) width 388: "From: San Francisco Intl Arpt, San Francisco CA - U.S."
                  RenderBR {BR} at (387,36) size 1x17
                  RenderText {#text} at (0,54) size 403x17
                    text run at (0,54) width 26: "To: "
                    text run at (25,54) width 378: "Burbank Glendale Pasadena Arpt, Burbank CA - U.S."
                  RenderBR {BR} at (402,54) size 1x17
                  RenderText {#text} at (0,72) size 244x17
                    text run at (0,72) width 127: "Departs: 6:05 PM "
                    text run at (127,72) width 117: "Arrives: 7:10 PM"
                  RenderBR {BR} at (244,72) size 0x17
                  RenderText {#text} at (0,90) size 49x17
                    text run at (0,90) width 49: "Status:"
                  RenderInline {SPACE} at (0,0) size 127x35
                    RenderText {#text} at (49,90) size 74x17
                      text run at (49,90) width 74: " confirmed"
                    RenderInline {SPACE} at (0,0) size 127x35
                      RenderText {#text} at (123,90) size 4x17
                        text run at (123,90) width 4: " "
                      RenderBR {BR} at (0,0) size 0x0
                      RenderText {#text} at (0,108) size 45x17
                        text run at (0,108) width 45: "Seats:"
                      RenderBR {BR} at (45,108) size 0x17
                RenderBlock (anonymous) at (1,127) size 604x46
                  RenderTable {TABLE} at (0,0) size 604x46 [border: (1px outset #808080)]
                    RenderTableSection {TBODY} at (1,1) size 602x44
                      RenderTableRow {TR} at (0,0) size 602x22 [bgcolor=#E0E0E0]
                        RenderTableCell {TD} at (0,0) size 98x22 [border: (1px inset #808080)] [r=0 c=0 rs=1 cs=1]
                          RenderText {#text} at (2,2) size 43x17
                            text run at (2,2) width 43: "Name"
                        RenderTableCell {TD} at (98,0) size 37x22 [border: (1px inset #808080)] [r=0 c=1 rs=1 cs=1]
                          RenderText {#text} at (2,2) size 33x17
                            text run at (2,2) width 33: "Seat"
                        RenderTableCell {TD} at (135,0) size 78x22 [border: (1px inset #808080)] [r=0 c=2 rs=1 cs=1]
                          RenderText {#text} at (2,2) size 45x17
                            text run at (2,2) width 45: "Status"
                        RenderTableCell {TD} at (213,0) size 316x22 [border: (1px inset #808080)] [r=0 c=3 rs=1 cs=1]
                          RenderText {#text} at (2,2) size 36x17
                            text run at (2,2) width 36: "Type"
                        RenderTableCell {TD} at (529,0) size 73x22 [border: (1px inset #808080)] [r=0 c=4 rs=1 cs=1]
                          RenderText {#text} at (2,2) size 69x17
                            text run at (2,2) width 69: "Comment"
                      RenderTableRow {TR} at (0,22) size 602x22
                        RenderTableCell {TD} at (0,22) size 98x22 [border: (1px inset #808080)] [r=1 c=0 rs=1 cs=1]
                          RenderText {#text} at (2,2) size 94x17
                            text run at (2,2) width 94: "HAO,SCOTT"
                        RenderTableCell {TD} at (98,22) size 37x22 [border: (1px inset #808080)] [r=1 c=1 rs=1 cs=1]
                          RenderText {#text} at (2,2) size 29x17
                            text run at (2,2) width 29: "08A"
                        RenderTableCell {TD} at (135,22) size 78x22 [border: (1px inset #808080)] [r=1 c=2 rs=1 cs=1]
                          RenderText {#text} at (2,2) size 74x17
                            text run at (2,2) width 74: "confirmed "
                        RenderTableCell {TD} at (213,22) size 316x22 [border: (1px inset #808080)] [r=1 c=3 rs=1 cs=1]
                          RenderText {#text} at (2,2) size 312x17
                            text run at (2,2) width 312: "Non-Smoking, Window Seat, Preferred Seat"
                        RenderTableCell {TD} at (529,22) size 73x22 [border: (1px inset #808080)] [r=1 c=4 rs=1 cs=1]
                          RenderText {#text} at (2,2) size 4x17
                            text run at (2,2) width 4: " "
                RenderBlock (anonymous) at (1,173) size 604x18
                  RenderInline {SPACE} at (0,0) size 0x17
                    RenderInline {SPACE} at (0,0) size 0x17
                      RenderBR {BR} at (0,0) size 0x17
      RenderBlock (anonymous) at (0,584) size 769x0
        RenderInline {SPAN} at (0,0) size 0x0
          RenderInline {SPAN} at (0,0) size 0x0
            RenderInline {SPAN} at (0,0) size 0x0
              RenderInline {SPAN} at (0,0) size 0x0
              RenderText {#text} at (0,0) size 0x0
      RenderBlock (anonymous) at (0,591) size 769x3
        RenderBlock {HR} at (0,0) size 769x2 [border: (1px inset #000000)]
      RenderBlock (anonymous) at (0,599) size 769x0
        RenderInline {SPAN} at (0,0) size 0x0
          RenderInline {SPAN} at (0,0) size 0x0
            RenderInline {SPAN} at (0,0) size 0x0
              RenderInline {SPAN} at (0,0) size 0x0
                RenderText {#text} at (0,0) size 0x0
      RenderBlock (anonymous) at (0,599) size 769x197
        RenderTable {TABLE} at (0,0) size 603x196
          RenderTableSection {TBODY} at (0,0) size 603x196
            RenderTableRow {TR} at (0,2) size 603x192
              RenderTableCell {TD} at (2,97) size 2x2 [r=0 c=0 rs=1 cs=1]
              RenderTableCell {TD} at (6,2) size 2x2 [r=0 c=1 rs=1 cs=1]
              RenderTableCell {TD} at (10,86) size 94x24 [r=0 c=2 rs=1 cs=1]
                RenderImage {IMG} at (1,1) size 92x21
                RenderText {#text} at (0,0) size 0x0
              RenderTableCell {TD} at (106,2) size 495x192 [r=0 c=3 rs=1 cs=1]
                RenderBlock (anonymous) at (1,1) size 493x126
                  RenderText {#text} at (0,0) size 24x17
                    text run at (0,0) width 24: "Air "
                  RenderBR {BR} at (0,0) size 0x0
                  RenderText {#text} at (0,18) size 465x17
                    text run at (0,18) width 51: "United "
                    text run at (51,18) width 75: "Flight 480 "
                    text run at (126,18) width 122: "Booking Code:Q "
                    text run at (248,18) width 217: "Date: Friday, January 24, 2003"
                  RenderBR {BR} at (464,18) size 1x17
                  RenderText {#text} at (0,36) size 423x17
                    text run at (0,36) width 423: "From: Burbank Glendale Pasadena Arpt, Burbank CA - U.S."
                  RenderBR {BR} at (422,36) size 1x17
                  RenderText {#text} at (0,54) size 368x17
                    text run at (0,54) width 26: "To: "
                    text run at (25,54) width 343: "San Francisco Intl Arpt, San Francisco CA - U.S."
                  RenderBR {BR} at (367,54) size 1x17
                  RenderText {#text} at (0,72) size 244x17
                    text run at (0,72) width 127: "Departs: 1:40 PM "
                    text run at (127,72) width 117: "Arrives: 2:50 PM"
                  RenderBR {BR} at (244,72) size 0x17
                  RenderText {#text} at (0,90) size 49x17
                    text run at (0,90) width 49: "Status:"
                  RenderInline {SPACE} at (0,0) size 127x35
                    RenderText {#text} at (49,90) size 74x17
                      text run at (49,90) width 74: " confirmed"
                    RenderInline {SPACE} at (0,0) size 127x35
                      RenderText {#text} at (123,90) size 4x17
                        text run at (123,90) width 4: " "
                      RenderBR {BR} at (0,0) size 0x0
                      RenderText {#text} at (0,108) size 45x17
                        text run at (0,108) width 45: "Seats:"
                      RenderBR {BR} at (45,108) size 0x17
                RenderBlock (anonymous) at (1,127) size 493x46
                  RenderTable {TABLE} at (0,0) size 493x46 [border: (1px outset #808080)]
                    RenderTableSection {TBODY} at (1,1) size 491x44
                      RenderTableRow {TR} at (0,0) size 491x22 [bgcolor=#E0E0E0]
                        RenderTableCell {TD} at (0,0) size 98x22 [border: (1px inset #808080)] [r=0 c=0 rs=1 cs=1]
                          RenderText {#text} at (2,2) size 43x17
                            text run at (2,2) width 43: "Name"
                        RenderTableCell {TD} at (98,0) size 37x22 [border: (1px inset #808080)] [r=0 c=1 rs=1 cs=1]
                          RenderText {#text} at (2,2) size 33x17
                            text run at (2,2) width 33: "Seat"
                        RenderTableCell {TD} at (135,0) size 78x22 [border: (1px inset #808080)] [r=0 c=2 rs=1 cs=1]
                          RenderText {#text} at (2,2) size 45x17
                            text run at (2,2) width 45: "Status"
                        RenderTableCell {TD} at (213,0) size 205x22 [border: (1px inset #808080)] [r=0 c=3 rs=1 cs=1]
                          RenderText {#text} at (2,2) size 36x17
                            text run at (2,2) width 36: "Type"
                        RenderTableCell {TD} at (418,0) size 73x22 [border: (1px inset #808080)] [r=0 c=4 rs=1 cs=1]
                          RenderText {#text} at (2,2) size 69x17
                            text run at (2,2) width 69: "Comment"
                      RenderTableRow {TR} at (0,22) size 491x22
                        RenderTableCell {TD} at (0,22) size 98x22 [border: (1px inset #808080)] [r=1 c=0 rs=1 cs=1]
                          RenderText {#text} at (2,2) size 94x17
                            text run at (2,2) width 94: "HAO,SCOTT"
                        RenderTableCell {TD} at (98,22) size 37x22 [border: (1px inset #808080)] [r=1 c=1 rs=1 cs=1]
                          RenderText {#text} at (2,2) size 28x17
                            text run at (2,2) width 28: "13F"
                        RenderTableCell {TD} at (135,22) size 78x22 [border: (1px inset #808080)] [r=1 c=2 rs=1 cs=1]
                          RenderText {#text} at (2,2) size 74x17
                            text run at (2,2) width 74: "confirmed "
                        RenderTableCell {TD} at (213,22) size 205x22 [border: (1px inset #808080)] [r=1 c=3 rs=1 cs=1]
                          RenderText {#text} at (2,2) size 201x17
                            text run at (2,2) width 201: "Non-Smoking, Window Seat"
                        RenderTableCell {TD} at (418,22) size 73x22 [border: (1px inset #808080)] [r=1 c=4 rs=1 cs=1]
                          RenderText {#text} at (2,2) size 4x17
                            text run at (2,2) width 4: " "
                RenderBlock (anonymous) at (1,173) size 493x18
                  RenderInline {SPACE} at (0,0) size 0x17
                    RenderInline {SPACE} at (0,0) size 0x17
                      RenderBR {BR} at (0,0) size 0x17
      RenderBlock (anonymous) at (0,795) size 769x0
        RenderInline {SPAN} at (0,0) size 0x0
          RenderInline {SPAN} at (0,0) size 0x0
            RenderInline {SPAN} at (0,0) size 0x0
              RenderInline {SPAN} at (0,0) size 0x0
              RenderText {#text} at (0,0) size 0x0
      RenderBlock (anonymous) at (0,802) size 769x3
        RenderBlock {HR} at (0,0) size 769x2 [border: (1px inset #000000)]
      RenderBlock (anonymous) at (0,811) size 769x0
        RenderInline {SPAN} at (0,0) size 0x0
          RenderInline {SPAN} at (0,0) size 0x0
            RenderInline {SPAN} at (0,0) size 0x0
              RenderInline {SPAN} at (0,0) size 0x0
                RenderText {#text} at (0,0) size 0x0
      RenderBlock (anonymous) at (0,811) size 769x115
        RenderTable {TABLE} at (0,0) size 617x114
          RenderTableSection {TBODY} at (0,0) size 617x114
            RenderTableRow {TR} at (0,2) size 617x110
              RenderTableCell {TD} at (2,56) size 2x2 [r=0 c=0 rs=1 cs=1]
              RenderTableCell {TD} at (6,2) size 2x2 [r=0 c=1 rs=1 cs=1]
              RenderTableCell {TD} at (10,45) size 94x24 [r=0 c=2 rs=1 cs=1]
                RenderImage {IMG} at (1,1) size 92x21
                RenderText {#text} at (0,0) size 0x0
              RenderTableCell {TD} at (106,2) size 509x110 [r=0 c=3 rs=1 cs=1]
                RenderText {#text} at (1,1) size 24x17
                  text run at (1,1) width 24: "Air "
                RenderBR {BR} at (0,0) size 0x0
                RenderText {#text} at (1,19) size 506x17
                  text run at (1,19) width 90: "UNKNOWN "
                  text run at (91,19) width 75: "Flight 123 "
                  text run at (166,19) width 121: "Booking Code:Y "
                  text run at (286,19) width 221: "Date: Tuesday, March 25, 2003"
                RenderBR {BR} at (506,19) size 1x17
                RenderText {#text} at (1,37) size 388x17
                  text run at (1,37) width 388: "From: San Francisco Intl Arpt, San Francisco CA - U.S."
                RenderBR {BR} at (388,37) size 1x17
                RenderText {#text} at (1,55) size 368x17
                  text run at (1,55) width 26: "To: "
                  text run at (26,55) width 343: "San Francisco Intl Arpt, San Francisco CA - U.S."
                RenderBR {BR} at (368,55) size 1x17
                RenderText {#text} at (1,73) size 170x17
                  text run at (1,73) width 90: "Departs: n/a "
                  text run at (91,73) width 80: "Arrives: n/a"
                RenderBR {BR} at (171,73) size 0x17
                RenderText {#text} at (1,91) size 49x17
                  text run at (1,91) width 49: "Status:"
                RenderInline {SPACE} at (0,0) size 195x17
                  RenderText {#text} at (50,91) size 191x17
                    text run at (50,91) width 191: " requested, await response"
                  RenderInline {SPACE} at (0,0) size 4x17
                    RenderText {#text} at (241,91) size 4x17
                      text run at (241,91) width 4: " "
                    RenderBR {BR} at (245,91) size 0x17
      RenderBlock (anonymous) at (0,925) size 769x0
        RenderInline {SPAN} at (0,0) size 0x0
          RenderInline {SPAN} at (0,0) size 0x0
            RenderInline {SPAN} at (0,0) size 0x0
              RenderInline {SPAN} at (0,0) size 0x0
              RenderText {#text} at (0,0) size 0x0
      RenderBlock (anonymous) at (0,931) size 769x3
        RenderBlock {HR} at (0,0) size 769x2 [border: (1px inset #000000)]
      RenderBlock (anonymous) at (0,940) size 769x51
        RenderInline {SPAN} at (0,0) size 196x47
          RenderInline {SPAN} at (0,0) size 0x0
            RenderInline {SPAN} at (0,0) size 0x0
            RenderText {#text} at (0,0) size 0x0
          RenderText {#text} at (0,0) size 0x0
          RenderInline {SPAN} at (0,0) size 97x17
            RenderText {#text} at (0,0) size 0x0
            RenderImage {IMG} at (0,0) size 20x20
            RenderText {#text} at (20,1) size 77x17
              text run at (20,1) width 4: " "
              text run at (24,1) width 73: "Remarks:"
            RenderBR {BR} at (97,1) size 0x17
          RenderText {#text} at (0,0) size 0x0
          RenderBR {BR} at (0,20) size 0x15
          RenderInline {SPAN} at (0,0) size 196x15
            RenderText {#text} at (0,35) size 196x15
              text run at (0,35) width 126: "SERVICE FEE MCO "
              text run at (125,35) width 71: "8103220490"
            RenderBR {BR} at (195,35) size 1x15
          RenderText {#text} at (0,0) size 0x0
      RenderBlock (anonymous) at (0,997) size 769x3
        RenderBlock {HR} at (0,0) size 769x2 [border: (1px inset #000000)]
      RenderBlock (anonymous) at (0,1005) size 769x22
        RenderInline {SPAN} at (0,0) size 186x15
          RenderInline {SPAN} at (0,0) size 186x17
            RenderText {#text} at (0,0) size 0x0
            RenderImage {IMG} at (0,0) size 66x21
            RenderText {#text} at (66,1) size 4x17
              text run at (66,1) width 4: " "
            RenderInline {B} at (0,0) size 112x17
              RenderText {#text} at (70,1) size 112x17
                text run at (70,1) width 112: "Web Bookings"
            RenderText {#text} at (181,1) size 5x17
              text run at (181,1) width 5: " "
            RenderInline {SPAN} at (0,0) size 1x17
              RenderBR {BR} at (185,1) size 1x17
              RenderInline {SPAN} at (0,0) size 0x0
            RenderText {#text} at (0,0) size 0x0
          RenderText {#text} at (0,0) size 0x0
      RenderBlock (anonymous) at (0,1033) size 769x3
        RenderBlock {HR} at (0,0) size 769x2 [border: (1px inset #000000)]
      RenderBlock (anonymous) at (0,1042) size 769x21
        RenderInline {SPAN} at (0,0) size 277x15
          RenderInline {SPAN} at (0,0) size 277x15
            RenderText {#text} at (0,0) size 0x0
            RenderInline {SPAN} at (0,0) size 277x17
              RenderText {#text} at (0,0) size 0x0
              RenderImage {IMG} at (0,0) size 20x20
              RenderText {#text} at (20,1) size 257x17
                text run at (20,1) width 4: " "
                text run at (24,1) width 253: "Remarks and Service Information"
              RenderBR {BR} at (277,1) size 0x17
            RenderText {#text} at (0,0) size 0x0
            RenderText {#text} at (0,0) size 0x0
      RenderBlock (anonymous) at (0,1068) size 769x32
        RenderBlock {HR} at (0,0) size 769x2 [border: (1px inset #000000)]
        RenderBlock {P} at (0,15) size 769x16
          RenderText {#text} at (0,0) size 204x15
            text run at (0,0) width 204: "This itinerary is subject to change. "
          RenderInline {A} at (0,0) size 163x15 [color=#0000EE]
            RenderText {#text} at (204,0) size 163x15
              text run at (204,0) width 163: "Click here for latest updates"
          RenderText {#text} at (0,0) size 0x0
      RenderBlock (anonymous) at (0,1112) size 769x0
        RenderInline {SPAN} at (0,0) size 0x0
          RenderInline {SPAN} at (0,0) size 0x0
          RenderText {#text} at (0,0) size 0x0
layer at (23,43) size 104x15
  RenderInline (relative positioned) {SPAN} at (0,0) size 104x15
    RenderText {#text} at (0,0) size 0x0
    RenderInline {SPAN} at (0,0) size 104x15
      RenderText {#text} at (0,0) size 0x0
      RenderImage {IMG} at (0,21) size 20x20
      RenderText {#text} at (20,29) size 4x15
        text run at (20,29) width 4: " "
      RenderInline {SPAN} at (0,0) size 80x15
        RenderText {#text} at (24,29) size 80x15
          text run at (24,29) width 80: "HAO, SCOTT"
        RenderBR {BR} at (104,29) size 0x15
        RenderText {#text} at (0,0) size 0x0
      RenderText {#text} at (0,0) size 0x0
    RenderText {#text} at (0,0) size 0x0
layer at (23,103) size 590x38
  RenderInline (relative positioned) {SPAN} at (0,0) size 590x38
    RenderText {#text} at (0,0) size 0x0
    RenderImage {IMG} at (0,20) size 20x20
    RenderText {#text} at (20,28) size 570x15
      text run at (20,28) width 4: " "
      text run at (24,28) width 56: "Address: "
      text run at (80,28) width 510: "ST. JUDE MEDICAL, 21700 OXNARD ST SUITE 800, WOODLAND HILLS CA Z/91367 "
    RenderBR {BR} at (589,28) size 1x15
    RenderImage {IMG} at (0,43) size 20x20
    RenderText {#text} at (20,51) size 405x15
      text run at (20,51) width 4: " "
      text run at (24,51) width 48: "Deliver: "
      text run at (72,51) width 104: "DEBI STANGEL, "
      text run at (175,51) width 115: "119 GLEN COURT, "
      text run at (289,51) width 136: "DANVILLE CA Z/94526"
layer at (23,184) size 20x15
  RenderInline (relative positioned) {SPAN} at (0,0) size 20x15
    RenderText {#text} at (0,0) size 0x0
    RenderImage {IMG} at (0,21) size 20x20
    RenderText {#text} at (0,0) size 0x0
layer at (23,225) size 769x60
  RenderBlock (anonymous) at (0,216) size 769x61
layer at (43,210) size 526x60
  RenderTable {TABLE} at (0,0) size 526x60 [border: (1px outset #808080)]
    RenderTableSection {TBODY} at (1,1) size 524x58
      RenderTableRow {TR} at (0,2) size 524x22 [bgcolor=#E0E0E0]
        RenderTableCell {TD} at (2,2) size 95x22 [border: (1px inset #808080)] [r=0 c=0 rs=1 cs=1]
          RenderText {#text} at (2,2) size 36x17
            text run at (2,2) width 36: "Type"
        RenderTableCell {TD} at (98,2) size 46x22 [border: (1px inset #808080)] [r=0 c=1 rs=1 cs=1]
          RenderText {#text} at (2,2) size 28x17
            text run at (2,2) width 28: "City"
        RenderTableCell {TD} at (145,2) size 377x22 [border: (1px inset #808080)] [r=0 c=2 rs=1 cs=1]
          RenderText {#text} at (2,2) size 47x17
            text run at (2,2) width 47: "Phone"
      RenderTableRow {TR} at (0,26) size 524x0
      RenderTableRow {TR} at (0,28) size 524x22
        RenderTableCell {TD} at (2,28) size 95x22 [border: (1px inset #808080)] [r=2 c=0 rs=1 cs=1]
          RenderText {#text} at (2,2) size 91x17
            text run at (2,2) width 91: "Travel Agent"
        RenderTableCell {TD} at (98,28) size 46x22 [border: (1px inset #808080)] [r=2 c=1 rs=1 cs=1]
          RenderText {#text} at (2,2) size 41x17
            text run at (2,2) width 41: "(LAX)"
        RenderTableCell {TD} at (145,28) size 377x22 [border: (1px inset #808080)] [r=2 c=2 rs=1 cs=1]
          RenderText {#text} at (2,2) size 373x17
            text run at (2,2) width 373: "RQ0/818 990-4053-PLAZA TRAVEL - 05838276-RC"
      RenderTableRow {TR} at (0,52) size 524x0
      RenderTableRow {TR} at (0,54) size 524x0
      RenderTableRow {TR} at (0,56) size 524x0
