layer at (0,0) size 800x600
  RenderView at (0,0) size 800x600
layer at (0,0) size 800x380
  RenderBlock {HTML} at (0,0) size 800x380
    RenderBody {BODY} at (8,16) size 784x332
      RenderBlock (floating) {DIV} at (0,0) size 471x364
        RenderBlock {P} at (0,16) size 471x60
          RenderText {#text} at (0,0) size 390x19
            text run at (0,0) width 390: "This test case illustrates incorrect positioning of list items within a "
          RenderInline {CODE} at (0,0) size 430x36
            RenderText {#text} at (390,3) size 430x36
              text run at (390,3) width 40: "text-"
              text run at (0,23) width 96: "align: right"
          RenderText {#text} at (96,20) size 68x19
            text run at (96,20) width 68: " div after a "
          RenderInline {CODE} at (0,0) size 88x16
            RenderText {#text} at (164,23) size 88x16
              text run at (164,23) width 88: "float: left"
          RenderText {#text} at (252,20) size 30x19
            text run at (252,20) width 30: " div. "
          RenderInline {A} at (0,0) size 412x39 [color=#0000EE]
            RenderText {#text} at (282,20) size 412x39
              text run at (282,20) width 130: "Screenshot of correct"
              text run at (0,40) width 52: "behavior"
          RenderText {#text} at (52,40) size 8x19
            text run at (52,40) width 8: "; "
          RenderInline {A} at (0,0) size 119x19 [color=#0000EE]
            RenderText {#text} at (60,40) size 119x19
              text run at (60,40) width 119: "screenshot of Safari"
          RenderText {#text} at (179,40) size 4x19
            text run at (179,40) width 4: "."
        RenderBlock {P} at (0,92) size 471x40
          RenderText {#text} at (0,0) size 432x19
            text run at (0,0) width 432: "This bug only occurs on pages with a standards-compliant DOCTYPE. "
          RenderInline {A} at (0,0) size 464x39 [color=#0000EE]
            RenderText {#text} at (432,0) size 464x39
              text run at (432,0) width 32: "View"
              text run at (0,20) width 211: "this test case without a DOCTYPE"
          RenderText {#text} at (211,20) size 4x19
            text run at (211,20) width 4: "."
        RenderBlock {OL} at (0,148) size 471x200
          RenderListItem {LI} at (40,0) size 431x40
            RenderListMarker at (-21,0) size 16x19: "1"
            RenderText {#text} at (0,0) size 384x39
              text run at (0,0) width 154: "New larger PowerBook. "
              text run at (154,0) width 230: "Still 1 GHz, but with a 17-inch screen."
              text run at (0,20) width 44: "$3299."
          RenderListItem {LI} at (40,40) size 431x20
            RenderListMarker at (-21,0) size 16x19: "2"
            RenderText {#text} at (0,0) size 343x19
              text run at (0,0) width 299: "New smaller PowerBook, with a 12-inch screen. "
              text run at (299,0) width 44: "$1799."
          RenderListItem {LI} at (40,60) size 431x60
            RenderListMarker at (-21,0) size 16x19: "3"
            RenderText {#text} at (0,0) size 91x19
              text run at (0,0) width 91: "New browser: "
            RenderInline {A} at (0,0) size 35x19 [color=#0000EE]
              RenderText {#text} at (91,0) size 35x19
                text run at (91,0) width 35: "Safari"
            RenderText {#text} at (126,0) size 65x19
              text run at (126,0) width 8: ". "
              text run at (134,0) width 57: "Engine is "
            RenderInline {A} at (0,0) size 74x19 [color=#0000EE]
              RenderText {#text} at (191,0) size 74x19
                text run at (191,0) width 74: "open source"
            RenderText {#text} at (265,0) size 20x19
              text run at (265,0) width 20: " (a "
            RenderInline {A} at (0,0) size 99x19 [color=#0000EE]
              RenderText {#text} at (285,0) size 99x19
                text run at (285,0) width 99: "modified version"
            RenderText {#text} at (384,0) size 16x19
              text run at (384,0) width 16: " of"
            RenderInline {A} at (0,0) size 55x19 [color=#0000EE]
              RenderText {#text} at (0,20) size 55x19
                text run at (0,20) width 55: "KHTML"
            RenderText {#text} at (55,20) size 416x39
              text run at (55,20) width 361: "), rest of the application is free but not open source (just like"
              text run at (0,40) width 56: "the OS). "
              text run at (56,40) width 117: "Only runs on 10.2. "
              text run at (173,40) width 144: "Currently in public beta."
          RenderListItem {LI} at (40,120) size 431x20
            RenderListMarker at (-21,0) size 16x19: "4"
            RenderText {#text} at (0,0) size 413x19
              text run at (0,0) width 230: "New presentation software: Keynote. "
              text run at (230,0) width 183: "The software Steve Jobs uses."
          RenderListItem {LI} at (40,140) size 431x40
            RenderListMarker at (-21,0) size 16x19: "5"
            RenderText {#text} at (0,0) size 103x19
              text run at (0,0) width 103: "New versions of "
            RenderInline {A} at (0,0) size 42x19 [color=#0000EE]
              RenderText {#text} at (103,0) size 42x19
                text run at (103,0) width 42: "iMovie"
            RenderText {#text} at (145,0) size 8x19
              text run at (145,0) width 8: ", "
            RenderInline {A} at (0,0) size 39x19 [color=#0000EE]
              RenderText {#text} at (153,0) size 39x19
                text run at (153,0) width 39: "iPhoto"
            RenderText {#text} at (192,0) size 8x19
              text run at (192,0) width 8: ", "
            RenderInline {A} at (0,0) size 39x19 [color=#0000EE]
              RenderText {#text} at (200,0) size 39x19
                text run at (200,0) width 39: "iTunes"
            RenderText {#text} at (239,0) size 161x19
              text run at (239,0) width 8: ". "
              text run at (247,0) width 153: "Bundled into a box called"
            RenderInline {A} at (0,0) size 26x19 [color=#0000EE]
              RenderText {#text} at (0,20) size 26x19
                text run at (0,20) width 26: "iLife"
            RenderText {#text} at (26,20) size 57x19
              text run at (26,20) width 57: ", for $49."
          RenderListItem {LI} at (40,180) size 431x20
            RenderListMarker at (-21,0) size 16x19: "6"
            RenderInline {A} at (0,0) size 107x19 [color=#0000EE]
              RenderText {#text} at (0,0) size 107x19
                text run at (0,0) width 107: "Final Cut Express"
            RenderText {#text} at (107,0) size 159x19
              text run at (107,0) width 123: " for creating DVDs. "
              text run at (230,0) width 36: "$299."
      RenderBlock {DIV} at (0,0) size 784x332
        RenderBlock {UL} at (0,0) size 784x160
          RenderListItem {LI} at (40,0) size 744x20
            RenderListMarker at (412,0) size 8x19: bullet
            RenderInline {A} at (0,0) size 38x19 [color=#0000EE]
              RenderText {#text} at (706,0) size 38x19
                text run at (706,0) width 38: "About"
          RenderListItem {LI} at (40,20) size 744x20
            RenderListMarker at (412,0) size 8x19: bullet
            RenderInline {A} at (0,0) size 53x19 [color=#0000EE]
              RenderText {#text} at (691,0) size 53x19
                text run at (691,0) width 53: "Site map"
          RenderListItem {LI} at (40,40) size 744x20
            RenderListMarker at (412,0) size 8x19: bullet
            RenderInline {A} at (0,0) size 53x19 [color=#0000EE]
              RenderText {#text} at (691,0) size 53x19
                text run at (691,0) width 53: "Archives"
          RenderListItem {LI} at (40,60) size 744x20
            RenderListMarker at (412,0) size 8x19: bullet
            RenderInline {A} at (0,0) size 50x19 [color=#0000EE]
              RenderText {#text} at (694,0) size 50x19
                text run at (694,0) width 50: "Projects"
          RenderListItem {LI} at (40,80) size 744x20
            RenderListMarker at (412,0) size 8x19: bullet
            RenderInline {A} at (0,0) size 42x19 [color=#0000EE]
              RenderText {#text} at (702,0) size 42x19
                text run at (702,0) width 42: "Photos"
          RenderListItem {LI} at (40,100) size 744x20
            RenderListMarker at (412,0) size 8x19: bullet
            RenderInline {A} at (0,0) size 53x19 [color=#0000EE]
              RenderText {#text} at (691,0) size 53x19
                text run at (691,0) width 53: "Statistics"
          RenderListItem {LI} at (40,120) size 744x20
            RenderListMarker at (412,0) size 8x19: bullet
            RenderInline {A} at (0,0) size 136x19 [color=#0000EE]
              RenderText {#text} at (608,0) size 136x19
                text run at (608,0) width 136: "Accessibility statement"
          RenderListItem {LI} at (40,140) size 744x20
            RenderListMarker at (412,0) size 8x19: bullet
            RenderInline {A} at (0,0) size 28x19 [color=#0000EE]
              RenderText {#text} at (635,0) size 28x19
                text run at (635,0) width 28: "RSS"
            RenderText {#text} at (663,0) size 9x19
              text run at (663,0) width 9: " ("
            RenderInline {A} at (0,0) size 67x19 [color=#0000EE]
              RenderText {#text} at (672,0) size 67x19
                text run at (672,0) width 67: "more feeds"
            RenderText {#text} at (739,0) size 5x19
              text run at (739,0) width 5: ")"
        RenderBlock {UL} at (0,176) size 784x20
          RenderListItem {LI} at (40,0) size 744x20
            RenderListMarker at (412,0) size 8x19: bullet
            RenderInline {A} at (0,0) size 85x19 [color=#0000EE]
              RenderText {#text} at (659,0) size 85x19
                text run at (659,0) width 85: "What is RSS?"
        RenderBlock {UL} at (0,212) size 784x120
          RenderListItem {LI} at (40,0) size 744x20
            RenderListMarker at (412,0) size 8x19: bullet
            RenderInline {A} at (0,0) size 88x19 [color=#0000EE]
              RenderText {#text} at (656,0) size 88x19
                text run at (656,0) width 88: "RSS Validator"
          RenderListItem {LI} at (40,20) size 744x20
            RenderListMarker at (412,0) size 8x19: bullet
            RenderInline {A} at (0,0) size 135x19 [color=#0000EE]
              RenderText {#text} at (609,0) size 135x19
                text run at (609,0) width 135: "Dive Into Accessibility"
          RenderListItem {LI} at (40,40) size 744x20
            RenderListMarker at (412,0) size 8x19: bullet
            RenderInline {A} at (0,0) size 96x19 [color=#0000EE]
              RenderText {#text} at (648,0) size 96x19
                text run at (648,0) width 96: "Dive Into OS X"
          RenderListItem {LI} at (40,60) size 744x20
            RenderListMarker at (412,0) size 8x19: bullet
            RenderInline {A} at (0,0) size 92x19 [color=#0000EE]
              RenderText {#text} at (652,0) size 92x19
                text run at (652,0) width 92: "Dive Into J2EE"
          RenderListItem {LI} at (40,80) size 744x20
            RenderListMarker at (412,0) size 8x19: bullet
            RenderInline {A} at (0,0) size 102x19 [color=#0000EE]
              RenderText {#text} at (642,0) size 102x19
                text run at (642,0) width 102: "Dive Into Python"
          RenderListItem {LI} at (40,100) size 744x20
            RenderListMarker at (412,0) size 8x19: bullet
            RenderInline {A} at (0,0) size 43x19 [color=#0000EE]
              RenderText {#text} at (701,0) size 43x19
                text run at (701,0) width 43: "r\x{E9}sum\x{E9}"
