layer at (0,0) size 800x600
  RenderView at (0,0) size 800x600
layer at (0,0) size 800x600
  RenderBlock {HTML} at (0,0) size 800x600
    RenderBody {BODY} at (8,8) size 776x584
      RenderBlock {UL} at (0,0) size 54x584
        RenderListItem {LI} at (0,40) size 18x544
          RenderListMarker at (0,-17) size 18x7: bullet
        RenderListItem {LI} at (18,40) size 18x544
          RenderListMarker at (0,-17) size 18x7: bullet
        RenderListItem {LI} at (36,40) size 18x544
          RenderListMarker at (0,-17) size 18x7: bullet
          RenderText {#text} at (0,0) size 18x323
            text run at (0,0) width 323: "There should be two bullets with no text above me."
