layer at (0,0) size 785x1808
  RenderView at (0,0) size 785x600
layer at (0,0) size 785x1808
  RenderBlock {HTML} at (0,0) size 785x1808
    RenderBody {BODY} at (8,8) size 769x1784
      RenderBlock {UL} at (0,0) size 186x134 [border: (1px solid #0000FF)]
        RenderListItem {LI} at (41,1) size 144x38 [border: (5px solid #FFA500)]
          RenderListMarker at (-17,10) size 7x18: bullet
          RenderText {#text} at (10,10) size 59x18
            text run at (10,10) width 59: "First item"
        RenderListItem {LI} at (41,39) size 144x56 [border: (5px solid #FFA500)]
          RenderListMarker at (-17,10) size 7x18: bullet
          RenderText {#text} at (10,10) size 106x36
            text run at (10,10) width 106: "Second and very"
            text run at (10,28) width 91: "very long item"
        RenderListItem {LI} at (41,95) size 144x38 [border: (5px solid #FFA500)]
          RenderListMarker at (-17,10) size 7x18: bullet
          RenderText {#text} at (10,10) size 66x18
            text run at (10,10) width 66: "Third item"
      RenderBlock {UL} at (0,150) size 186x134 [border: (1px solid #FF0000)]
        RenderListItem {LI} at (1,1) size 144x38 [border: (5px solid #FFA500)]
          RenderListMarker at (153,10) size 8x18: bullet
          RenderText {#text} at (74,10) size 60x18
            text run at (74,10) width 60: "First item"
        RenderListItem {LI} at (1,39) size 144x56 [border: (5px solid #FFA500)]
          RenderListMarker at (153,10) size 8x18: bullet
          RenderText {#text} at (27,10) size 107x36
            text run at (27,10) width 107: "Second and very"
            text run at (42,28) width 92: "very long item"
        RenderListItem {LI} at (1,95) size 144x38 [border: (5px solid #FFA500)]
          RenderListMarker at (153,10) size 8x18: bullet
          RenderText {#text} at (67,10) size 67x18
            text run at (67,10) width 67: "Third item"
      RenderBlock {UL} at (0,300) size 186x134 [border: (1px solid #0000FF)]
        RenderListItem {LI} at (41,1) size 144x38 [border: (5px solid #FFA500)]
          RenderListMarker at (9,10) size 7x18: bullet
          RenderText {#text} at (24,10) size 59x18
            text run at (24,10) width 59: "First item"
        RenderListItem {LI} at (41,39) size 144x56 [border: (5px solid #FFA500)]
          RenderListMarker at (9,10) size 7x18: bullet
          RenderText {#text} at (24,10) size 120x36
            text run at (24,10) width 106: "Second and very"
            text run at (10,28) width 91: "very long item"
        RenderListItem {LI} at (41,95) size 144x38 [border: (5px solid #FFA500)]
          RenderListMarker at (9,10) size 7x18: bullet
          RenderText {#text} at (24,10) size 66x18
            text run at (24,10) width 66: "Third item"
      RenderBlock {UL} at (0,450) size 186x134 [border: (1px solid #FF0000)]
        RenderListItem {LI} at (1,1) size 144x38 [border: (5px solid #FFA500)]
          RenderListMarker at (127,10) size 8x18: bullet
          RenderText {#text} at (60,10) size 60x18
            text run at (60,10) width 60: "First item"
        RenderListItem {LI} at (1,39) size 144x56 [border: (5px solid #FFA500)]
          RenderListMarker at (127,10) size 8x18: bullet
          RenderText {#text} at (13,10) size 121x36
            text run at (13,10) width 107: "Second and very"
            text run at (42,28) width 92: "very long item"
        RenderListItem {LI} at (1,95) size 144x38 [border: (5px solid #FFA500)]
          RenderListMarker at (127,10) size 8x18: bullet
          RenderText {#text} at (53,10) size 67x18
            text run at (53,10) width 67: "Third item"
      RenderBlock {UL} at (0,600) size 186x134 [border: (1px solid #0000FF)]
        RenderListItem {LI} at (41,1) size 144x38 [border: (5px solid #FFA500)]
          RenderListMarker at (-17,14) size 10x10
          RenderText {#text} at (10,10) size 59x18
            text run at (10,10) width 59: "First item"
        RenderListItem {LI} at (41,39) size 144x56 [border: (5px solid #FFA500)]
          RenderListMarker at (-17,14) size 10x10
          RenderText {#text} at (10,10) size 106x36
            text run at (10,10) width 106: "Second and very"
            text run at (10,28) width 91: "very long item"
        RenderListItem {LI} at (41,95) size 144x38 [border: (5px solid #FFA500)]
          RenderListMarker at (-17,14) size 10x10
          RenderText {#text} at (10,10) size 66x18
            text run at (10,10) width 66: "Third item"
      RenderBlock {UL} at (0,750) size 186x134 [border: (1px solid #FF0000)]
        RenderListItem {LI} at (1,1) size 144x38 [border: (5px solid #FFA500)]
          RenderListMarker at (150,14) size 11x10
          RenderText {#text} at (74,10) size 60x18
            text run at (74,10) width 60: "First item"
        RenderListItem {LI} at (1,39) size 144x56 [border: (5px solid #FFA500)]
          RenderListMarker at (150,14) size 11x10
          RenderText {#text} at (27,10) size 107x36
            text run at (27,10) width 107: "Second and very"
            text run at (42,28) width 92: "very long item"
        RenderListItem {LI} at (1,95) size 144x38 [border: (5px solid #FFA500)]
          RenderListMarker at (150,14) size 11x10
          RenderText {#text} at (67,10) size 67x18
            text run at (67,10) width 67: "Third item"
      RenderBlock {UL} at (0,900) size 186x134 [border: (1px solid #0000FF)]
        RenderListItem {LI} at (41,1) size 144x38 [border: (5px solid #FFA500)]
          RenderListMarker at (10,14) size 10x10
          RenderText {#text} at (27,10) size 59x18
            text run at (27,10) width 59: "First item"
        RenderListItem {LI} at (41,39) size 144x56 [border: (5px solid #FFA500)]
          RenderListMarker at (10,14) size 10x10
          RenderText {#text} at (27,10) size 123x36
            text run at (27,10) width 106: "Second and very"
            text run at (10,28) width 91: "very long item"
        RenderListItem {LI} at (41,95) size 144x38 [border: (5px solid #FFA500)]
          RenderListMarker at (10,14) size 10x10
          RenderText {#text} at (27,10) size 66x18
            text run at (27,10) width 66: "Third item"
      RenderBlock {UL} at (0,1050) size 186x134 [border: (1px solid #FF0000)]
        RenderListItem {LI} at (1,1) size 144x38 [border: (5px solid #FFA500)]
          RenderListMarker at (123,14) size 11x10
          RenderText {#text} at (57,10) size 60x18
            text run at (57,10) width 60: "First item"
        RenderListItem {LI} at (1,39) size 144x56 [border: (5px solid #FFA500)]
          RenderListMarker at (123,14) size 11x10
          RenderText {#text} at (10,10) size 124x36
            text run at (10,10) width 107: "Second and very"
            text run at (42,28) width 92: "very long item"
        RenderListItem {LI} at (1,95) size 144x38 [border: (5px solid #FFA500)]
          RenderListMarker at (123,14) size 11x10
          RenderText {#text} at (50,10) size 67x18
            text run at (50,10) width 67: "Third item"
      RenderBlock {OL} at (0,1200) size 186x134 [border: (1px solid #0000FF)]
        RenderListItem {LI} at (41,1) size 144x38 [border: (5px solid #FFA500)]
          RenderListMarker at (-20,10) size 16x18: "1"
          RenderText {#text} at (10,10) size 59x18
            text run at (10,10) width 59: "First item"
        RenderListItem {LI} at (41,39) size 144x56 [border: (5px solid #FFA500)]
          RenderListMarker at (-20,10) size 16x18: "2"
          RenderText {#text} at (10,10) size 106x36
            text run at (10,10) width 106: "Second and very"
            text run at (10,28) width 91: "very long item"
        RenderListItem {LI} at (41,95) size 144x38 [border: (5px solid #FFA500)]
          RenderListMarker at (-20,10) size 16x18: "3"
          RenderText {#text} at (10,10) size 66x18
            text run at (10,10) width 66: "Third item"
      RenderBlock {OL} at (0,1350) size 186x134 [border: (1px solid #FF0000)]
        RenderListItem {LI} at (1,1) size 144x38 [border: (5px solid #FFA500)]
          RenderListMarker at (147,10) size 17x18: "1"
          RenderText {#text} at (74,10) size 60x18
            text run at (74,10) width 60: "First item"
        RenderListItem {LI} at (1,39) size 144x56 [border: (5px solid #FFA500)]
          RenderListMarker at (147,10) size 17x18: "2"
          RenderText {#text} at (27,10) size 107x36
            text run at (27,10) width 107: "Second and very"
            text run at (42,28) width 92: "very long item"
        RenderListItem {LI} at (1,95) size 144x38 [border: (5px solid #FFA500)]
          RenderListMarker at (147,10) size 17x18: "3"
          RenderText {#text} at (67,10) size 67x18
            text run at (67,10) width 67: "Third item"
      RenderBlock {OL} at (0,1500) size 186x134 [border: (1px solid #0000FF)]
        RenderListItem {LI} at (41,1) size 144x38 [border: (5px solid #FFA500)]
          RenderListMarker at (10,10) size 16x18: "1"
          RenderText {#text} at (26,10) size 59x18
            text run at (26,10) width 59: "First item"
        RenderListItem {LI} at (41,39) size 144x56 [border: (5px solid #FFA500)]
          RenderListMarker at (10,10) size 16x18: "2"
          RenderText {#text} at (26,10) size 122x36
            text run at (26,10) width 106: "Second and very"
            text run at (10,28) width 91: "very long item"
        RenderListItem {LI} at (41,95) size 144x38 [border: (5px solid #FFA500)]
          RenderListMarker at (10,10) size 16x18: "3"
          RenderText {#text} at (26,10) size 66x18
            text run at (26,10) width 66: "Third item"
      RenderBlock {OL} at (0,1650) size 186x134 [border: (1px solid #FF0000)]
        RenderListItem {LI} at (1,1) size 144x38 [border: (5px solid #FFA500)]
          RenderListMarker at (117,10) size 17x18: "1"
          RenderText {#text} at (58,10) size 60x18
            text run at (58,10) width 60: "First item"
        RenderListItem {LI} at (1,39) size 144x56 [border: (5px solid #FFA500)]
          RenderListMarker at (117,10) size 17x18: "2"
          RenderText {#text} at (11,10) size 123x36
            text run at (11,10) width 107: "Second and very"
            text run at (42,28) width 92: "very long item"
        RenderListItem {LI} at (1,95) size 144x38 [border: (5px solid #FFA500)]
          RenderListMarker at (117,10) size 17x18: "3"
          RenderText {#text} at (51,10) size 67x18
            text run at (51,10) width 67: "Third item"
