layer at (0,0) size 1808x585
  RenderView at (0,0) size 800x585
layer at (0,0) size 1808x585
  RenderBlock {HTML} at (0,0) size 1808x585
    RenderBody {BODY} at (8,8) size 1784x569
      RenderBlock {UL} at (0,0) size 134x186 [border: (1px solid #0000FF)]
        RenderListItem {LI} at (1,41) size 38x144 [border: (5px solid #FFA500)]
          RenderListMarker at (10,-17) size 18x7: bullet
          RenderText {#text} at (10,10) size 18x59
            text run at (10,10) width 59: "First item"
        RenderListItem {LI} at (39,41) size 56x144 [border: (5px solid #FFA500)]
          RenderListMarker at (10,-17) size 18x7: bullet
          RenderText {#text} at (10,10) size 36x106
            text run at (10,10) width 106: "Second and very"
            text run at (28,10) width 91: "very long item"
        RenderListItem {LI} at (95,41) size 38x144 [border: (5px solid #FFA500)]
          RenderListMarker at (10,-17) size 18x7: bullet
          RenderText {#text} at (10,10) size 18x66
            text run at (10,10) width 66: "Third item"
      RenderBlock {UL} at (150,0) size 134x186 [border: (1px solid #FF0000)]
        RenderListItem {LI} at (1,1) size 38x144 [border: (5px solid #FFA500)]
          RenderListMarker at (10,153) size 18x8: bullet
          RenderText {#text} at (10,74) size 18x60
            text run at (10,74) width 59: "First item"
        RenderListItem {LI} at (39,1) size 56x144 [border: (5px solid #FFA500)]
          RenderListMarker at (10,153) size 18x8: bullet
          RenderText {#text} at (10,27) size 36x107
            text run at (10,27) width 106: "Second and very"
            text run at (28,42) width 91: "very long item"
        RenderListItem {LI} at (95,1) size 38x144 [border: (5px solid #FFA500)]
          RenderListMarker at (10,153) size 18x8: bullet
          RenderText {#text} at (10,67) size 18x67
            text run at (10,67) width 66: "Third item"
      RenderBlock {UL} at (300,0) size 134x186 [border: (1px solid #0000FF)]
        RenderListItem {LI} at (1,41) size 38x144 [border: (5px solid #FFA500)]
          RenderListMarker at (10,9) size 18x7: bullet
          RenderText {#text} at (10,24) size 18x59
            text run at (10,24) width 59: "First item"
        RenderListItem {LI} at (39,41) size 56x144 [border: (5px solid #FFA500)]
          RenderListMarker at (10,9) size 18x7: bullet
          RenderText {#text} at (10,24) size 36x120
            text run at (10,24) width 106: "Second and very"
            text run at (28,10) width 91: "very long item"
        RenderListItem {LI} at (95,41) size 38x144 [border: (5px solid #FFA500)]
          RenderListMarker at (10,9) size 18x7: bullet
          RenderText {#text} at (10,24) size 18x66
            text run at (10,24) width 66: "Third item"
      RenderBlock {UL} at (450,0) size 134x186 [border: (1px solid #FF0000)]
        RenderListItem {LI} at (1,1) size 38x144 [border: (5px solid #FFA500)]
          RenderListMarker at (10,127) size 18x8: bullet
          RenderText {#text} at (10,60) size 18x60
            text run at (10,60) width 59: "First item"
        RenderListItem {LI} at (39,1) size 56x144 [border: (5px solid #FFA500)]
          RenderListMarker at (10,127) size 18x8: bullet
          RenderText {#text} at (10,13) size 36x121
            text run at (10,13) width 106: "Second and very"
            text run at (28,42) width 91: "very long item"
        RenderListItem {LI} at (95,1) size 38x144 [border: (5px solid #FFA500)]
          RenderListMarker at (10,127) size 18x8: bullet
          RenderText {#text} at (10,53) size 18x67
            text run at (10,53) width 66: "Third item"
      RenderBlock {UL} at (600,0) size 134x186 [border: (1px solid #0000FF)]
        RenderListItem {LI} at (1,41) size 38x144 [border: (5px solid #FFA500)]
          RenderListMarker at (14,-17) size 10x10
          RenderText {#text} at (10,10) size 18x59
            text run at (10,10) width 59: "First item"
        RenderListItem {LI} at (39,41) size 56x144 [border: (5px solid #FFA500)]
          RenderListMarker at (14,-17) size 10x10
          RenderText {#text} at (10,10) size 36x106
            text run at (10,10) width 106: "Second and very"
            text run at (28,10) width 91: "very long item"
        RenderListItem {LI} at (95,41) size 38x144 [border: (5px solid #FFA500)]
          RenderListMarker at (14,-17) size 10x10
          RenderText {#text} at (10,10) size 18x66
            text run at (10,10) width 66: "Third item"
      RenderBlock {UL} at (750,0) size 134x186 [border: (1px solid #FF0000)]
        RenderListItem {LI} at (1,1) size 38x144 [border: (5px solid #FFA500)]
          RenderListMarker at (14,150) size 10x11
          RenderText {#text} at (10,74) size 18x60
            text run at (10,74) width 59: "First item"
        RenderListItem {LI} at (39,1) size 56x144 [border: (5px solid #FFA500)]
          RenderListMarker at (14,150) size 10x11
          RenderText {#text} at (10,27) size 36x107
            text run at (10,27) width 106: "Second and very"
            text run at (28,42) width 91: "very long item"
        RenderListItem {LI} at (95,1) size 38x144 [border: (5px solid #FFA500)]
          RenderListMarker at (14,150) size 10x11
          RenderText {#text} at (10,67) size 18x67
            text run at (10,67) width 66: "Third item"
      RenderBlock {UL} at (900,0) size 134x186 [border: (1px solid #0000FF)]
        RenderListItem {LI} at (1,41) size 38x144 [border: (5px solid #FFA500)]
          RenderListMarker at (14,10) size 10x10
          RenderText {#text} at (10,27) size 18x59
            text run at (10,27) width 59: "First item"
        RenderListItem {LI} at (39,41) size 56x144 [border: (5px solid #FFA500)]
          RenderListMarker at (14,10) size 10x10
          RenderText {#text} at (10,27) size 36x123
            text run at (10,27) width 106: "Second and very"
            text run at (28,10) width 91: "very long item"
        RenderListItem {LI} at (95,41) size 38x144 [border: (5px solid #FFA500)]
          RenderListMarker at (14,10) size 10x10
          RenderText {#text} at (10,27) size 18x66
            text run at (10,27) width 66: "Third item"
      RenderBlock {UL} at (1050,0) size 134x186 [border: (1px solid #FF0000)]
        RenderListItem {LI} at (1,1) size 38x144 [border: (5px solid #FFA500)]
          RenderListMarker at (14,123) size 10x11
          RenderText {#text} at (10,57) size 18x60
            text run at (10,57) width 59: "First item"
        RenderListItem {LI} at (39,1) size 56x144 [border: (5px solid #FFA500)]
          RenderListMarker at (14,123) size 10x11
          RenderText {#text} at (10,10) size 36x124
            text run at (10,10) width 106: "Second and very"
            text run at (28,42) width 91: "very long item"
        RenderListItem {LI} at (95,1) size 38x144 [border: (5px solid #FFA500)]
          RenderListMarker at (14,123) size 10x11
          RenderText {#text} at (10,50) size 18x67
            text run at (10,50) width 66: "Third item"
      RenderBlock {OL} at (1200,0) size 134x186 [border: (1px solid #0000FF)]
        RenderListItem {LI} at (1,41) size 38x144 [border: (5px solid #FFA500)]
          RenderListMarker at (10,-20) size 18x16: "1"
          RenderText {#text} at (10,10) size 18x59
            text run at (10,10) width 59: "First item"
        RenderListItem {LI} at (39,41) size 56x144 [border: (5px solid #FFA500)]
          RenderListMarker at (10,-20) size 18x16: "2"
          RenderText {#text} at (10,10) size 36x106
            text run at (10,10) width 106: "Second and very"
            text run at (28,10) width 91: "very long item"
        RenderListItem {LI} at (95,41) size 38x144 [border: (5px solid #FFA500)]
          RenderListMarker at (10,-20) size 18x16: "3"
          RenderText {#text} at (10,10) size 18x66
            text run at (10,10) width 66: "Third item"
      RenderBlock {OL} at (1350,0) size 134x186 [border: (1px solid #FF0000)]
        RenderListItem {LI} at (1,1) size 38x144 [border: (5px solid #FFA500)]
          RenderListMarker at (10,147) size 18x17: "1"
          RenderText {#text} at (10,74) size 18x60
            text run at (10,74) width 59: "First item"
        RenderListItem {LI} at (39,1) size 56x144 [border: (5px solid #FFA500)]
          RenderListMarker at (10,147) size 18x17: "2"
          RenderText {#text} at (10,27) size 36x107
            text run at (10,27) width 106: "Second and very"
            text run at (28,42) width 91: "very long item"
        RenderListItem {LI} at (95,1) size 38x144 [border: (5px solid #FFA500)]
          RenderListMarker at (10,147) size 18x17: "3"
          RenderText {#text} at (10,67) size 18x67
            text run at (10,67) width 66: "Third item"
      RenderBlock {OL} at (1500,0) size 134x186 [border: (1px solid #0000FF)]
        RenderListItem {LI} at (1,41) size 38x144 [border: (5px solid #FFA500)]
          RenderListMarker at (10,10) size 18x16: "1"
          RenderText {#text} at (10,26) size 18x59
            text run at (10,26) width 59: "First item"
        RenderListItem {LI} at (39,41) size 56x144 [border: (5px solid #FFA500)]
          RenderListMarker at (10,10) size 18x16: "2"
          RenderText {#text} at (10,26) size 36x122
            text run at (10,26) width 106: "Second and very"
            text run at (28,10) width 91: "very long item"
        RenderListItem {LI} at (95,41) size 38x144 [border: (5px solid #FFA500)]
          RenderListMarker at (10,10) size 18x16: "3"
          RenderText {#text} at (10,26) size 18x66
            text run at (10,26) width 66: "Third item"
      RenderBlock {OL} at (1650,0) size 134x186 [border: (1px solid #FF0000)]
        RenderListItem {LI} at (1,1) size 38x144 [border: (5px solid #FFA500)]
          RenderListMarker at (10,117) size 18x17: "1"
          RenderText {#text} at (10,58) size 18x60
            text run at (10,58) width 59: "First item"
        RenderListItem {LI} at (39,1) size 56x144 [border: (5px solid #FFA500)]
          RenderListMarker at (10,117) size 18x17: "2"
          RenderText {#text} at (10,11) size 36x123
            text run at (10,11) width 106: "Second and very"
            text run at (28,42) width 91: "very long item"
        RenderListItem {LI} at (95,1) size 38x144 [border: (5px solid #FFA500)]
          RenderListMarker at (10,117) size 18x17: "3"
          RenderText {#text} at (10,51) size 18x67
            text run at (10,51) width 66: "Third item"
