layer at (0,0) size 800x600
  RenderView at (0,0) size 800x600
layer at (0,0) size 800x600
  RenderBlock {HTML} at (0,0) size 800x600
    RenderBody {BODY} at (8,8) size 784x576
      RenderBlock (anonymous) at (0,0) size 784x18
        RenderText {#text} at (0,0) size 688x18
          text run at (0,0) width 688: "This test demonstrates that list items are not affected by the quirk that shrinks line boxes with no text children."
      RenderBlock {UL} at (0,34) size 784x60
        RenderListItem {LI} at (40,0) size 744x30
          RenderListMarker at (-17,10) size 10x10
          RenderInline {SPAN} at (0,0) size 27x18
            RenderText {#text} at (0,6) size 27x18
              text run at (0,6) width 27: "One"
          RenderText {#text} at (0,0) size 0x0
        RenderListItem {LI} at (40,30) size 744x30
          RenderListMarker at (-17,10) size 10x10
          RenderInline {SPAN} at (0,0) size 30x18
            RenderText {#text} at (0,6) size 30x18
              text run at (0,6) width 30: "Two"
          RenderText {#text} at (0,0) size 0x0
      RenderBlock {UL} at (0,110) size 784x60
        RenderListItem {LI} at (40,0) size 744x30
          RenderInline {SPAN} at (0,0) size 37x18
            RenderText {#text} at (0,6) size 37x18
              text run at (0,6) width 37: "Three"
          RenderText {#text} at (0,0) size 0x0
        RenderListItem {LI} at (40,30) size 744x30
          RenderInline {SPAN} at (0,0) size 30x18
            RenderText {#text} at (0,6) size 30x18
              text run at (0,6) width 30: "Four"
          RenderText {#text} at (0,0) size 0x0
