layer at (0,0) size 800x600
  RenderView at (0,0) size 800x600
layer at (0,0) size 800x600
  RenderBlock {HTML} at (0,0) size 800x600
    RenderBody {BODY} at (8,8) size 784x584
      RenderBlock {P} at (0,0) size 784x18
        RenderText {#text} at (0,0) size 53x18
          text run at (0,0) width 53: "Test for "
        RenderInline {I} at (0,0) size 648x18
          RenderInline {A} at (0,0) size 348x18 [color=#0000EE]
            RenderText {#text} at (53,0) size 348x18
              text run at (53,0) width 348: "http://bugzilla.opendarwin.org/show_bug.cgi?id=8408"
          RenderText {#text} at (401,0) size 300x18
            text run at (401,0) width 4: " "
            text run at (405,0) width 296: "Paint the highlight behind selected list markers"
        RenderText {#text} at (701,0) size 4x18
          text run at (701,0) width 4: "."
      RenderBlock {P} at (0,34) size 784x18
        RenderText {#text} at (0,0) size 366x18
          text run at (0,0) width 366: "This tests the rendering of list markers inside the selection."
      RenderBlock (anonymous) at (0,68) size 784x0
        RenderInline {A} at (0,0) size 0x0
        RenderText {#text} at (0,0) size 0x0
      RenderBlock {HR} at (0,68) size 784x2 [border: (1px inset #000000)]
      RenderBlock {UL} at (0,86) size 784x18
        RenderListItem {LI} at (40,0) size 744x18
          RenderListMarker at (-17,0) size 7x18: bullet
          RenderText {#text} at (0,0) size 157x18
            text run at (0,0) width 157: "Item with outside marker"
      RenderBlock {UL} at (0,120) size 784x18
        RenderListItem {LI} at (40,0) size 744x18
          RenderListMarker at (-1,0) size 7x18: bullet
          RenderText {#text} at (14,0) size 149x18
            text run at (14,0) width 149: "Item with inside marker"
      RenderBlock {UL} at (0,154) size 784x18
        RenderListItem {LI} at (40,0) size 744x18
          RenderListMarker at (-17,4) size 10x10
          RenderText {#text} at (0,0) size 199x18
            text run at (0,0) width 199: "Item with outside image marker"
      RenderBlock {UL} at (0,188) size 784x18
        RenderListItem {LI} at (40,0) size 744x18
          RenderListMarker at (0,4) size 10x10
          RenderText {#text} at (17,0) size 191x18
            text run at (17,0) width 191: "Item with inside image marker"
      RenderBlock {OL} at (0,222) size 784x36
        RenderListItem {LI} at (40,0) size 744x18
          RenderListMarker at (-20,0) size 16x18: "1"
          RenderText {#text} at (0,0) size 157x18
            text run at (0,0) width 157: "Item with outside ordinal"
        RenderListItem {LI} at (40,18) size 744x18
          RenderListMarker at (-20,0) size 16x18: "2"
          RenderText {#text} at (0,0) size 101x18
            text run at (0,0) width 101: "and another one"
      RenderBlock {OL} at (0,274) size 784x36
        RenderListItem {LI} at (40,0) size 744x18
          RenderListMarker at (0,0) size 16x18: "1"
          RenderText {#text} at (16,0) size 149x18
            text run at (16,0) width 149: "Item with inside ordinal"
        RenderListItem {LI} at (40,18) size 744x18
          RenderListMarker at (0,0) size 16x18: "2"
          RenderText {#text} at (16,0) size 101x18
            text run at (16,0) width 101: "and another one"
      RenderBlock {HR} at (0,326) size 784x2 [border: (1px inset #000000)]
      RenderBlock (anonymous) at (0,336) size 784x0
        RenderInline {A} at (0,0) size 0x0
        RenderText {#text} at (0,0) size 0x0
selection start: position 0 of child 7 {HR} of body
selection end:   position 1 of child 21 {HR} of body
