layer at (0,0) size 800x600
  RenderView at (0,0) size 800x600
layer at (0,0) size 800x600
  RenderBlock {HTML} at (0,0) size 800x600
    RenderBody {BODY} at (8,8) size 784x576
      RenderBlock {DIV} at (0,0) size 784x36
        RenderBlock {OL} at (0,0) size 784x36
          RenderListItem {LI} at (40,0) size 744x18
            RenderListMarker at (-20,0) size 16x18: "2"
            RenderText {#text} at (0,0) size 21x18
              text run at (0,0) width 21: "foo"
          RenderListItem {LI} at (40,18) size 744x18
            RenderListMarker at (-20,0) size 16x18: "3"
            RenderText {#text} at (0,0) size 20x18
              text run at (0,0) width 20: "bar"
